---2015-12-05 01:40:17
MemTotal:        2895588 kB
MemFree:          110692 kB
Buffers:           15420 kB
Cached:          1661060 kB
SwapCached:            0 kB
Active:           854668 kB
Inactive:        1421468 kB
Active(anon):     538732 kB
Inactive(anon):    66592 kB
Active(file):     315936 kB
Inactive(file):  1354876 kB
Unevictable:        2748 kB
Mlocked:               0 kB
HighTotal:       2306432 kB
HighFree:          37920 kB
LowTotal:         589156 kB
LowFree:           72772 kB
SwapTotal:       1048572 kB
SwapFree:        1048572 kB
Dirty:                 0 kB
Writeback:             0 kB
AnonPages:        602456 kB
Mapped:           375804 kB
Shmem:              2920 kB
Slab:              55216 kB
SReclaimable:      19820 kB
SUnreclaim:        35396 kB
KernelStack:       12928 kB
PageTables:        38212 kB
NFS_Unstable:          0 kB
Bounce:                0 kB
WritebackTmp:          0 kB
CommitLimit:     2496364 kB
Committed_AS:   84917008 kB
VmallocTotal:     385024 kB
VmallocUsed:      153100 kB
VmallocChunk:      60484 kB
Time pass: 3 sec

---2015-12-05 01:40:17
MemTotal:        2895588 kB
MemFree:          110428 kB
Buffers:           15420 kB
Cached:          1661060 kB
SwapCached:            0 kB
Active:           854764 kB
Inactive:        1421464 kB
Active(anon):     538828 kB
Inactive(anon):    66588 kB
Active(file):     315936 kB
Inactive(file):  1354876 kB
Unevictable:        2748 kB
Mlocked:               0 kB
HighTotal:       2306432 kB
HighFree:          37920 kB
LowTotal:         589156 kB
LowFree:           72508 kB
SwapTotal:       1048572 kB
SwapFree:        1048572 kB
Dirty:                 0 kB
Writeback:             0 kB
AnonPages:        602592 kB
Mapped:           375864 kB
Shmem:              2920 kB
Slab:              55216 kB
SReclaimable:      19820 kB
SUnreclaim:        35396 kB
KernelStack:       12928 kB
PageTables:        38232 kB
NFS_Unstable:          0 kB
Bounce:                0 kB
WritebackTmp:          0 kB
CommitLimit:     2496364 kB
Committed_AS:   84917068 kB
VmallocTotal:     385024 kB
VmallocUsed:      153100 kB
VmallocChunk:      60484 kB
Time pass: 6 sec

---2015-12-05 01:40:17
MemTotal:        2895588 kB
MemFree:          109892 kB
Buffers:           15420 kB
Cached:          1661060 kB
SwapCached:            0 kB
Active:           854832 kB
Inactive:        1421460 kB
Active(anon):     538896 kB
Inactive(anon):    66584 kB
Active(file):     315936 kB
Inactive(file):  1354876 kB
Unevictable:        2748 kB
Mlocked:               0 kB
HighTotal:       2306432 kB
HighFree:          37920 kB
LowTotal:         589156 kB
LowFree:           71972 kB
SwapTotal:       1048572 kB
SwapFree:        1048572 kB
Dirty:                 0 kB
Writeback:             0 kB
AnonPages:        602696 kB
Mapped:           375812 kB
Shmem:              2920 kB
Slab:              55304 kB
SReclaimable:      19820 kB
SUnreclaim:        35484 kB
KernelStack:       12928 kB
PageTables:        38212 kB
NFS_Unstable:          0 kB
Bounce:                0 kB
WritebackTmp:          0 kB
CommitLimit:     2496364 kB
Committed_AS:   84917048 kB
VmallocTotal:     385024 kB
VmallocUsed:      153100 kB
VmallocChunk:      60484 kB
Time pass: 10 sec

---2015-12-05 01:40:17
MemTotal:        2895588 kB
MemFree:          109632 kB
Buffers:           15420 kB
Cached:          1661060 kB
SwapCached:            0 kB
Active:           854948 kB
Inactive:        1421460 kB
Active(anon):     539012 kB
Inactive(anon):    66584 kB
Active(file):     315936 kB
Inactive(file):  1354876 kB
Unevictable:        2748 kB
Mlocked:               0 kB
HighTotal:       2306432 kB
HighFree:          37920 kB
LowTotal:         589156 kB
LowFree:           71712 kB
SwapTotal:       1048572 kB
SwapFree:        1048572 kB
Dirty:                 0 kB
Writeback:             0 kB
AnonPages:        602880 kB
Mapped:           375864 kB
Shmem:              2920 kB
Slab:              55212 kB
SReclaimable:      19820 kB
SUnreclaim:        35392 kB
KernelStack:       12928 kB
PageTables:        38232 kB
NFS_Unstable:          0 kB
Bounce:                0 kB
WritebackTmp:          0 kB
CommitLimit:     2496364 kB
Committed_AS:   84917252 kB
VmallocTotal:     385024 kB
VmallocUsed:      153100 kB
VmallocChunk:      60484 kB
Time pass: 14 sec

---2015-12-05 01:40:17
MemTotal:        2895588 kB
MemFree:          102880 kB
Buffers:           15420 kB
Cached:          1664196 kB
SwapCached:            0 kB
Active:           859216 kB
Inactive:        1424364 kB
Active(anon):     543280 kB
Inactive(anon):    66584 kB
Active(file):     315936 kB
Inactive(file):  1357780 kB
Unevictable:        2748 kB
Mlocked:               0 kB
HighTotal:       2306432 kB
HighFree:          37920 kB
LowTotal:         589156 kB
LowFree:           64960 kB
SwapTotal:       1048572 kB
SwapFree:        1048572 kB
Dirty:                 0 kB
Writeback:             0 kB
AnonPages:        607180 kB
Mapped:           376104 kB
Shmem:              2920 kB
Slab:              55272 kB
SReclaimable:      19820 kB
SUnreclaim:        35452 kB
KernelStack:       12928 kB
PageTables:        38804 kB
NFS_Unstable:          0 kB
Bounce:                0 kB
WritebackTmp:          0 kB
CommitLimit:     2496364 kB
Committed_AS:   88846228 kB
VmallocTotal:     385024 kB
VmallocUsed:      154120 kB
VmallocChunk:      60484 kB
Time pass: 17 sec

---2015-12-05 01:40:17
MemTotal:        2895588 kB
MemFree:           78708 kB
Buffers:           11080 kB
Cached:          1476892 kB
SwapCached:            0 kB
Active:           663324 kB
Inactive:        1460972 kB
Active(anon):     314384 kB
Inactive(anon):   327416 kB
Active(file):     348940 kB
Inactive(file):  1133556 kB
Unevictable:        2748 kB
Mlocked:               0 kB
HighTotal:       2306432 kB
HighFree:          45484 kB
LowTotal:         589156 kB
LowFree:           33224 kB
SwapTotal:       1048572 kB
SwapFree:        1048572 kB
Dirty:              1288 kB
Writeback:             4 kB
AnonPages:        638888 kB
Mapped:           397832 kB
Shmem:              2792 kB
Slab:              55412 kB
SReclaimable:      19928 kB
SUnreclaim:        35484 kB
KernelStack:       13624 kB
PageTables:        39344 kB
NFS_Unstable:          0 kB
Bounce:                0 kB
WritebackTmp:          0 kB
CommitLimit:     2496364 kB
Committed_AS:   86251980 kB
VmallocTotal:     385024 kB
VmallocUsed:      154864 kB
VmallocChunk:      60484 kB
Time pass: 20 sec

---2015-12-05 01:40:17
MemTotal:        2895588 kB
MemFree:          100296 kB
Buffers:           11044 kB
Cached:          1438160 kB
SwapCached:            0 kB
Active:           652456 kB
Inactive:        1414512 kB
Active(anon):     302020 kB
Inactive(anon):   321284 kB
Active(file):     350436 kB
Inactive(file):  1093228 kB
Unevictable:        2748 kB
Mlocked:               0 kB
HighTotal:       2306432 kB
HighFree:          62116 kB
LowTotal:         589156 kB
LowFree:           38180 kB
SwapTotal:       1048572 kB
SwapFree:        1048572 kB
Dirty:                 0 kB
Writeback:             0 kB
AnonPages:        620808 kB
Mapped:           397728 kB
Shmem:              2792 kB
Slab:              55416 kB
SReclaimable:      19928 kB
SUnreclaim:        35488 kB
KernelStack:       13616 kB
PageTables:        39160 kB
NFS_Unstable:          0 kB
Bounce:                0 kB
WritebackTmp:          0 kB
CommitLimit:     2496364 kB
Committed_AS:   86248660 kB
VmallocTotal:     385024 kB
VmallocUsed:      155032 kB
VmallocChunk:      60484 kB
Time pass: 24 sec

---2015-12-05 01:40:17
MemTotal:        2895588 kB
MemFree:          101632 kB
Buffers:           11060 kB
Cached:          1438160 kB
SwapCached:            0 kB
Active:           651292 kB
Inactive:        1414240 kB
Active(anon):     300856 kB
Inactive(anon):   321004 kB
Active(file):     350436 kB
Inactive(file):  1093236 kB
Unevictable:        2748 kB
Mlocked:               0 kB
HighTotal:       2306432 kB
HighFree:          62704 kB
LowTotal:         589156 kB
LowFree:           38928 kB
SwapTotal:       1048572 kB
SwapFree:        1048572 kB
Dirty:                 0 kB
Writeback:             0 kB
AnonPages:        619640 kB
Mapped:           397728 kB
Shmem:              2792 kB
Slab:              55344 kB
SReclaimable:      19928 kB
SUnreclaim:        35416 kB
KernelStack:       13632 kB
PageTables:        39164 kB
NFS_Unstable:          0 kB
Bounce:                0 kB
WritebackTmp:          0 kB
CommitLimit:     2496364 kB
Committed_AS:   86248756 kB
VmallocTotal:     385024 kB
VmallocUsed:      155032 kB
VmallocChunk:      60484 kB
Time pass: 27 sec

---2015-12-05 01:40:17
MemTotal:        2895588 kB
MemFree:          101460 kB
Buffers:           11060 kB
Cached:          1438160 kB
SwapCached:            0 kB
Active:           651296 kB
Inactive:        1414248 kB
Active(anon):     300860 kB
Inactive(anon):   321004 kB
Active(file):     350436 kB
Inactive(file):  1093244 kB
Unevictable:        2748 kB
Mlocked:               0 kB
HighTotal:       2306432 kB
HighFree:          62456 kB
LowTotal:         589156 kB
LowFree:           39004 kB
SwapTotal:       1048572 kB
SwapFree:        1048572 kB
Dirty:                 0 kB
Writeback:             0 kB
AnonPages:        619284 kB
Mapped:           397796 kB
Shmem:              2792 kB
Slab:              55352 kB
SReclaimable:      19928 kB
SUnreclaim:        35424 kB
KernelStack:       13632 kB
PageTables:        39164 kB
NFS_Unstable:          0 kB
Bounce:                0 kB
WritebackTmp:          0 kB
CommitLimit:     2496364 kB
Committed_AS:   86248868 kB
VmallocTotal:     385024 kB
VmallocUsed:      155032 kB
VmallocChunk:      60484 kB
Time pass: 31 sec

---2015-12-05 01:40:17
MemTotal:        2895588 kB
MemFree:           96516 kB
Buffers:           11068 kB
Cached:          1439624 kB
SwapCached:            0 kB
Active:           656348 kB
Inactive:        1415620 kB
Active(anon):     305908 kB
Inactive(anon):   321000 kB
Active(file):     350440 kB
Inactive(file):  1094620 kB
Unevictable:        2748 kB
Mlocked:               0 kB
HighTotal:       2306432 kB
HighFree:          57620 kB
LowTotal:         589156 kB
LowFree:           38896 kB
SwapTotal:       1048572 kB
SwapFree:        1048572 kB
Dirty:                36 kB
Writeback:             0 kB
AnonPages:        624700 kB
Mapped:           397920 kB
Shmem:              2792 kB
Slab:              55372 kB
SReclaimable:      19928 kB
SUnreclaim:        35444 kB
KernelStack:       13632 kB
PageTables:        39164 kB
NFS_Unstable:          0 kB
Bounce:                0 kB
WritebackTmp:          0 kB
CommitLimit:     2496364 kB
Committed_AS:   86249752 kB
VmallocTotal:     385024 kB
VmallocUsed:      155116 kB
VmallocChunk:      60484 kB
Time pass: 35 sec

---2015-12-05 01:40:17
MemTotal:        2895588 kB
MemFree:           73412 kB
Buffers:           11036 kB
Cached:          1408296 kB
SwapCached:            0 kB
Active:           673808 kB
Inactive:        1390196 kB
Active(anon):     322548 kB
Inactive(anon):   327612 kB
Active(file):     351260 kB
Inactive(file):  1062584 kB
Unevictable:        2748 kB
Mlocked:               0 kB
HighTotal:       2306432 kB
HighFree:          41280 kB
LowTotal:         589156 kB
LowFree:           32132 kB
SwapTotal:       1048572 kB
SwapFree:        1048572 kB
Dirty:                 0 kB
Writeback:             0 kB
AnonPages:        647416 kB
Mapped:           398184 kB
Shmem:              2788 kB
Slab:              55380 kB
SReclaimable:      19940 kB
SUnreclaim:        35440 kB
KernelStack:       13728 kB
PageTables:        39120 kB
NFS_Unstable:          0 kB
Bounce:                0 kB
WritebackTmp:          0 kB
CommitLimit:     2496364 kB
Committed_AS:   86273480 kB
VmallocTotal:     385024 kB
VmallocUsed:      155780 kB
VmallocChunk:      60484 kB
Time pass: 38 sec

---2015-12-05 01:40:17
MemTotal:        2895588 kB
MemFree:           78388 kB
Buffers:           11036 kB
Cached:          1401228 kB
SwapCached:            0 kB
Active:           672632 kB
Inactive:        1384772 kB
Active(anon):     320596 kB
Inactive(anon):   330084 kB
Active(file):     352036 kB
Inactive(file):  1054688 kB
Unevictable:        2748 kB
Mlocked:               0 kB
HighTotal:       2306432 kB
HighFree:          45600 kB
LowTotal:         589156 kB
LowFree:           32788 kB
SwapTotal:       1048572 kB
SwapFree:        1048572 kB
Dirty:                44 kB
Writeback:             0 kB
AnonPages:        648344 kB
Mapped:           398300 kB
Shmem:              2792 kB
Slab:              55392 kB
SReclaimable:      19944 kB
SUnreclaim:        35448 kB
KernelStack:       13848 kB
PageTables:        39368 kB
NFS_Unstable:          0 kB
Bounce:                0 kB
WritebackTmp:          0 kB
CommitLimit:     2496364 kB
Committed_AS:   86276304 kB
VmallocTotal:     385024 kB
VmallocUsed:      155688 kB
VmallocChunk:      60484 kB
Time pass: 42 sec

---2015-12-05 01:40:17
MemTotal:        2895588 kB
MemFree:           72576 kB
Buffers:           11044 kB
Cached:          1394592 kB
SwapCached:            0 kB
Active:           682884 kB
Inactive:        1380952 kB
Active(anon):     330760 kB
Inactive(anon):   332872 kB
Active(file):     352124 kB
Inactive(file):  1048080 kB
Unevictable:        2748 kB
Mlocked:               0 kB
HighTotal:       2306432 kB
HighFree:          41332 kB
LowTotal:         589156 kB
LowFree:           31244 kB
SwapTotal:       1048572 kB
SwapFree:        1048572 kB
Dirty:               180 kB
Writeback:             0 kB
AnonPages:        661380 kB
Mapped:           399300 kB
Shmem:              2792 kB
Slab:              55440 kB
SReclaimable:      19964 kB
SUnreclaim:        35476 kB
KernelStack:       13864 kB
PageTables:        39332 kB
NFS_Unstable:          0 kB
Bounce:                0 kB
WritebackTmp:          0 kB
CommitLimit:     2496364 kB
Committed_AS:   86274288 kB
VmallocTotal:     385024 kB
VmallocUsed:      155792 kB
VmallocChunk:      60484 kB
Time pass: 45 sec

---2015-12-05 01:40:17
MemTotal:        2895588 kB
MemFree:           80204 kB
Buffers:           11108 kB
Cached:          1351452 kB
SwapCached:            0 kB
Active:           669744 kB
Inactive:        1341148 kB
Active(anon):     315104 kB
Inactive(anon):   338812 kB
Active(file):     354640 kB
Inactive(file):  1002336 kB
Unevictable:        2748 kB
Mlocked:               0 kB
HighTotal:       2306432 kB
HighFree:          48392 kB
LowTotal:         589156 kB
LowFree:           31812 kB
SwapTotal:       1048572 kB
SwapFree:        1048572 kB
Dirty:                12 kB
Writeback:             0 kB
AnonPages:        651276 kB
Mapped:           400188 kB
Shmem:              2792 kB
Slab:              55468 kB
SReclaimable:      19984 kB
SUnreclaim:        35484 kB
KernelStack:       13848 kB
PageTables:        39336 kB
NFS_Unstable:          0 kB
Bounce:                0 kB
WritebackTmp:          0 kB
CommitLimit:     2496364 kB
Committed_AS:   86267820 kB
VmallocTotal:     385024 kB
VmallocUsed:      155828 kB
VmallocChunk:      60484 kB
Time pass: 49 sec

---2015-12-05 01:40:17
MemTotal:        2895588 kB
MemFree:           80888 kB
Buffers:           11116 kB
Cached:          1351976 kB
SwapCached:            0 kB
Active:           669436 kB
Inactive:        1341704 kB
Active(anon):     314788 kB
Inactive(anon):   338812 kB
Active(file):     354648 kB
Inactive(file):  1002892 kB
Unevictable:        2748 kB
Mlocked:               0 kB
HighTotal:       2306432 kB
HighFree:          48836 kB
LowTotal:         589156 kB
LowFree:           32052 kB
SwapTotal:       1048572 kB
SwapFree:        1048572 kB
Dirty:               116 kB
Writeback:             0 kB
AnonPages:        651124 kB
Mapped:           400580 kB
Shmem:              2792 kB
Slab:              55464 kB
SReclaimable:      19984 kB
SUnreclaim:        35480 kB
KernelStack:       13848 kB
PageTables:        39336 kB
NFS_Unstable:          0 kB
Bounce:                0 kB
WritebackTmp:          0 kB
CommitLimit:     2496364 kB
Committed_AS:   86268132 kB
VmallocTotal:     385024 kB
VmallocUsed:      155828 kB
VmallocChunk:      60484 kB
Time pass: 52 sec

---2015-12-05 01:40:17
MemTotal:        2895588 kB
MemFree:           80296 kB
Buffers:           11116 kB
Cached:          1341224 kB
SwapCached:            0 kB
Active:           672888 kB
Inactive:        1330292 kB
Active(anon):     317576 kB
Inactive(anon):   338812 kB
Active(file):     355312 kB
Inactive(file):   991480 kB
Unevictable:        2748 kB
Mlocked:               0 kB
HighTotal:       2306432 kB
HighFree:          48724 kB
LowTotal:         589156 kB
LowFree:           31572 kB
SwapTotal:       1048572 kB
SwapFree:        1048572 kB
Dirty:               416 kB
Writeback:             0 kB
AnonPages:        653772 kB
Mapped:           400704 kB
Shmem:              2792 kB
Slab:              55484 kB
SReclaimable:      20008 kB
SUnreclaim:        35476 kB
KernelStack:       13848 kB
PageTables:        39320 kB
NFS_Unstable:          0 kB
Bounce:                0 kB
WritebackTmp:          0 kB
CommitLimit:     2496364 kB
Committed_AS:   86268264 kB
VmallocTotal:     385024 kB
VmallocUsed:      155844 kB
VmallocChunk:      60484 kB
Time pass: 56 sec

---2015-12-05 01:40:17
MemTotal:        2895588 kB
MemFree:           82644 kB
Buffers:           11124 kB
Cached:          1341228 kB
SwapCached:            0 kB
Active:           674168 kB
Inactive:        1326388 kB
Active(anon):     318852 kB
Inactive(anon):   334892 kB
Active(file):     355316 kB
Inactive(file):   991496 kB
Unevictable:        2748 kB
Mlocked:               0 kB
HighTotal:       2306432 kB
HighFree:          50780 kB
LowTotal:         589156 kB
LowFree:           31864 kB
SwapTotal:       1048572 kB
SwapFree:        1048572 kB
Dirty:                 0 kB
Writeback:             0 kB
AnonPages:        651256 kB
Mapped:           400712 kB
Shmem:              2792 kB
Slab:              55484 kB
SReclaimable:      20008 kB
SUnreclaim:        35476 kB
KernelStack:       13848 kB
PageTables:        39356 kB
NFS_Unstable:          0 kB
Bounce:                0 kB
WritebackTmp:          0 kB
CommitLimit:     2496364 kB
Committed_AS:   86267032 kB
VmallocTotal:     385024 kB
VmallocUsed:      155844 kB
VmallocChunk:      60484 kB
Time pass: 59 sec

---2015-12-05 01:40:17
MemTotal:        2895588 kB
MemFree:           76168 kB
Buffers:           11112 kB
Cached:          1308076 kB
SwapCached:            0 kB
Active:           682036 kB
Inactive:        1293016 kB
Active(anon):     325064 kB
Inactive(anon):   337036 kB
Active(file):     356972 kB
Inactive(file):   955980 kB
Unevictable:        2748 kB
Mlocked:               0 kB
HighTotal:       2306432 kB
HighFree:          43212 kB
LowTotal:         589156 kB
LowFree:           32956 kB
SwapTotal:       1048572 kB
SwapFree:        1048572 kB
Dirty:                 0 kB
Writeback:             0 kB
AnonPages:        659068 kB
Mapped:           400972 kB
Shmem:              2792 kB
Slab:              55536 kB
SReclaimable:      20056 kB
SUnreclaim:        35480 kB
KernelStack:       13848 kB
PageTables:        39376 kB
NFS_Unstable:          0 kB
Bounce:                0 kB
WritebackTmp:          0 kB
CommitLimit:     2496364 kB
Committed_AS:   86276848 kB
VmallocTotal:     385024 kB
VmallocUsed:      156084 kB
VmallocChunk:      60484 kB
Time pass: 63 sec

---2015-12-05 01:40:17
MemTotal:        2895588 kB
MemFree:           71016 kB
Buffers:           11112 kB
Cached:          1308916 kB
SwapCached:            0 kB
Active:           685104 kB
Inactive:        1293600 kB
Active(anon):     327376 kB
Inactive(anon):   337024 kB
Active(file):     357728 kB
Inactive(file):   956576 kB
Unevictable:        2748 kB
Mlocked:               0 kB
HighTotal:       2306432 kB
HighFree:          38396 kB
LowTotal:         589156 kB
LowFree:           32620 kB
SwapTotal:       1048572 kB
SwapFree:        1048572 kB
Dirty:                 0 kB
Writeback:             0 kB
AnonPages:        661840 kB
Mapped:           402360 kB
Shmem:              2792 kB
Slab:              55248 kB
SReclaimable:      19864 kB
SUnreclaim:        35384 kB
KernelStack:       13856 kB
PageTables:        39348 kB
NFS_Unstable:          0 kB
Bounce:                0 kB
WritebackTmp:          0 kB
CommitLimit:     2496364 kB
Committed_AS:   86275068 kB
VmallocTotal:     385024 kB
VmallocUsed:      156072 kB
VmallocChunk:      60484 kB
Time pass: 66 sec

---2015-12-05 01:40:17
MemTotal:        2895588 kB
MemFree:           71996 kB
Buffers:           11180 kB
Cached:          1293248 kB
SwapCached:            0 kB
Active:           698160 kB
Inactive:        1280944 kB
Active(anon):     340032 kB
Inactive(anon):   340448 kB
Active(file):     358128 kB
Inactive(file):   940496 kB
Unevictable:        2748 kB
Mlocked:               0 kB
HighTotal:       2306432 kB
HighFree:          41336 kB
LowTotal:         589156 kB
LowFree:           30660 kB
SwapTotal:       1048572 kB
SwapFree:        1048572 kB
Dirty:               408 kB
Writeback:             0 kB
AnonPages:        678456 kB
Mapped:           405808 kB
Shmem:              2792 kB
Slab:              55272 kB
SReclaimable:      19864 kB
SUnreclaim:        35408 kB
KernelStack:       14000 kB
PageTables:        39420 kB
NFS_Unstable:          0 kB
Bounce:                0 kB
WritebackTmp:          0 kB
CommitLimit:     2496364 kB
Committed_AS:   86299332 kB
VmallocTotal:     385024 kB
VmallocUsed:      158284 kB
VmallocChunk:      60484 kB
Time pass: 70 sec

---2015-12-05 01:40:17
MemTotal:        2895588 kB
MemFree:           70620 kB
Buffers:           11196 kB
Cached:          1292108 kB
SwapCached:            0 kB
Active:           701956 kB
Inactive:        1280276 kB
Active(anon):     343604 kB
Inactive(anon):   341072 kB
Active(file):     358352 kB
Inactive(file):   939204 kB
Unevictable:        2748 kB
Mlocked:               0 kB
HighTotal:       2306432 kB
HighFree:          39916 kB
LowTotal:         589156 kB
LowFree:           30704 kB
SwapTotal:       1048572 kB
SwapFree:        1048572 kB
Dirty:                64 kB
Writeback:             0 kB
AnonPages:        681916 kB
Mapped:           405912 kB
Shmem:              2984 kB
Slab:              55452 kB
SReclaimable:      19868 kB
SUnreclaim:        35584 kB
KernelStack:       14072 kB
PageTables:        39536 kB
NFS_Unstable:          0 kB
Bounce:                0 kB
WritebackTmp:          0 kB
CommitLimit:     2496364 kB
Committed_AS:   86303560 kB
VmallocTotal:     385024 kB
VmallocUsed:      158284 kB
VmallocChunk:      60484 kB
Time pass: 74 sec

---2015-12-05 01:40:17
MemTotal:        2895588 kB
MemFree:           75472 kB
Buffers:           11112 kB
Cached:          1254372 kB
SwapCached:            0 kB
Active:           704132 kB
Inactive:        1241008 kB
Active(anon):     342768 kB
Inactive(anon):   342680 kB
Active(file):     361364 kB
Inactive(file):   898328 kB
Unevictable:        2748 kB
Mlocked:               0 kB
HighTotal:       2306432 kB
HighFree:          41408 kB
LowTotal:         589156 kB
LowFree:           34064 kB
SwapTotal:       1048572 kB
SwapFree:        1048572 kB
Dirty:                 0 kB
Writeback:             0 kB
AnonPages:        682620 kB
Mapped:           405972 kB
Shmem:              3044 kB
Slab:              55480 kB
SReclaimable:      19868 kB
SUnreclaim:        35612 kB
KernelStack:       14088 kB
PageTables:        39668 kB
NFS_Unstable:          0 kB
Bounce:                0 kB
WritebackTmp:          0 kB
CommitLimit:     2496364 kB
Committed_AS:   86303784 kB
VmallocTotal:     385024 kB
VmallocUsed:      158284 kB
VmallocChunk:      60484 kB
Time pass: 77 sec

---2015-12-05 01:40:17
MemTotal:        2895588 kB
MemFree:           73744 kB
Buffers:           11136 kB
Cached:          1254484 kB
SwapCached:            0 kB
Active:           704740 kB
Inactive:        1241148 kB
Active(anon):     343376 kB
Inactive(anon):   342812 kB
Active(file):     361364 kB
Inactive(file):   898336 kB
Unevictable:        2748 kB
Mlocked:               0 kB
HighTotal:       2306432 kB
HighFree:          39920 kB
LowTotal:         589156 kB
LowFree:           33824 kB
SwapTotal:       1048572 kB
SwapFree:        1048572 kB
Dirty:                36 kB
Writeback:             0 kB
AnonPages:        683152 kB
Mapped:           406124 kB
Shmem:              3164 kB
Slab:              55516 kB
SReclaimable:      19868 kB
SUnreclaim:        35648 kB
KernelStack:       14048 kB
PageTables:        39664 kB
NFS_Unstable:          0 kB
Bounce:                0 kB
WritebackTmp:          0 kB
CommitLimit:     2496364 kB
Committed_AS:   86303768 kB
VmallocTotal:     385024 kB
VmallocUsed:      158284 kB
VmallocChunk:      60484 kB
Time pass: 81 sec

---2015-12-05 01:40:17
MemTotal:        2895588 kB
MemFree:           73936 kB
Buffers:           11136 kB
Cached:          1254540 kB
SwapCached:            0 kB
Active:           704116 kB
Inactive:        1241212 kB
Active(anon):     342752 kB
Inactive(anon):   342860 kB
Active(file):     361364 kB
Inactive(file):   898352 kB
Unevictable:        2748 kB
Mlocked:               0 kB
HighTotal:       2306432 kB
HighFree:          40084 kB
LowTotal:         589156 kB
LowFree:           33852 kB
SwapTotal:       1048572 kB
SwapFree:        1048572 kB
Dirty:                48 kB
Writeback:             0 kB
AnonPages:        682592 kB
Mapped:           406224 kB
Shmem:              3212 kB
Slab:              55600 kB
SReclaimable:      19868 kB
SUnreclaim:        35732 kB
KernelStack:       14040 kB
PageTables:        39684 kB
NFS_Unstable:          0 kB
Bounce:                0 kB
WritebackTmp:          0 kB
CommitLimit:     2496364 kB
Committed_AS:   86304080 kB
VmallocTotal:     385024 kB
VmallocUsed:      158284 kB
VmallocChunk:      60484 kB
Time pass: 84 sec

---2015-12-05 01:40:17
MemTotal:        2895588 kB
MemFree:           72844 kB
Buffers:           11152 kB
Cached:          1254540 kB
SwapCached:            0 kB
Active:           705080 kB
Inactive:        1241220 kB
Active(anon):     343716 kB
Inactive(anon):   342852 kB
Active(file):     361364 kB
Inactive(file):   898368 kB
Unevictable:        2748 kB
Mlocked:               0 kB
HighTotal:       2306432 kB
HighFree:          39072 kB
LowTotal:         589156 kB
LowFree:           33772 kB
SwapTotal:       1048572 kB
SwapFree:        1048572 kB
Dirty:                48 kB
Writeback:             0 kB
AnonPages:        683432 kB
Mapped:           406224 kB
Shmem:              3212 kB
Slab:              55588 kB
SReclaimable:      19868 kB
SUnreclaim:        35720 kB
KernelStack:       14040 kB
PageTables:        39688 kB
NFS_Unstable:          0 kB
Bounce:                0 kB
WritebackTmp:          0 kB
CommitLimit:     2496364 kB
Committed_AS:   86304196 kB
VmallocTotal:     385024 kB
VmallocUsed:      158284 kB
VmallocChunk:      60484 kB
Time pass: 88 sec

---2015-12-05 01:40:17
MemTotal:        2895588 kB
MemFree:           72396 kB
Buffers:           11160 kB
Cached:          1254540 kB
SwapCached:            0 kB
Active:           706396 kB
Inactive:        1241156 kB
Active(anon):     345032 kB
Inactive(anon):   342780 kB
Active(file):     361364 kB
Inactive(file):   898376 kB
Unevictable:        2748 kB
Mlocked:               0 kB
HighTotal:       2306432 kB
HighFree:          39268 kB
LowTotal:         589156 kB
LowFree:           33128 kB
SwapTotal:       1048572 kB
SwapFree:        1048572 kB
Dirty:                28 kB
Writeback:             0 kB
AnonPages:        684916 kB
Mapped:           406276 kB
Shmem:              3212 kB
Slab:              55612 kB
SReclaimable:      19868 kB
SUnreclaim:        35744 kB
KernelStack:       14024 kB
PageTables:        39712 kB
NFS_Unstable:          0 kB
Bounce:                0 kB
WritebackTmp:          0 kB
CommitLimit:     2496364 kB
Committed_AS:   86308380 kB
VmallocTotal:     385024 kB
VmallocUsed:      158284 kB
VmallocChunk:      60484 kB
Time pass: 91 sec

---2015-12-05 01:40:17
MemTotal:        2895588 kB
MemFree:           72456 kB
Buffers:           11176 kB
Cached:          1254540 kB
SwapCached:            0 kB
Active:           706768 kB
Inactive:        1241164 kB
Active(anon):     345404 kB
Inactive(anon):   342780 kB
Active(file):     361364 kB
Inactive(file):   898384 kB
Unevictable:        2748 kB
Mlocked:               0 kB
HighTotal:       2306432 kB
HighFree:          38204 kB
LowTotal:         589156 kB
LowFree:           34252 kB
SwapTotal:       1048572 kB
SwapFree:        1048572 kB
Dirty:                44 kB
Writeback:             0 kB
AnonPages:        685028 kB
Mapped:           406224 kB
Shmem:              3212 kB
Slab:              55600 kB
SReclaimable:      19868 kB
SUnreclaim:        35732 kB
KernelStack:       14040 kB
PageTables:        39696 kB
NFS_Unstable:          0 kB
Bounce:                0 kB
WritebackTmp:          0 kB
CommitLimit:     2496364 kB
Committed_AS:   86308604 kB
VmallocTotal:     385024 kB
VmallocUsed:      158284 kB
VmallocChunk:      60484 kB
Time pass: 95 sec

---2015-12-05 01:40:17
MemTotal:        2895588 kB
MemFree:           72064 kB
Buffers:           11184 kB
Cached:          1254572 kB
SwapCached:            0 kB
Active:           706684 kB
Inactive:        1241168 kB
Active(anon):     345320 kB
Inactive(anon):   342776 kB
Active(file):     361364 kB
Inactive(file):   898392 kB
Unevictable:        2748 kB
Mlocked:               0 kB
HighTotal:       2306432 kB
HighFree:          38256 kB
LowTotal:         589156 kB
LowFree:           33808 kB
SwapTotal:       1048572 kB
SwapFree:        1048572 kB
Dirty:                28 kB
Writeback:             0 kB
AnonPages:        684884 kB
Mapped:           406268 kB
Shmem:              3252 kB
Slab:              55608 kB
SReclaimable:      19868 kB
SUnreclaim:        35740 kB
KernelStack:       14032 kB
PageTables:        39696 kB
NFS_Unstable:          0 kB
Bounce:                0 kB
WritebackTmp:          0 kB
CommitLimit:     2496364 kB
Committed_AS:   86308700 kB
VmallocTotal:     385024 kB
VmallocUsed:      158284 kB
VmallocChunk:      60484 kB
Time pass: 98 sec

---2015-12-05 01:40:17
MemTotal:        2895588 kB
MemFree:           72916 kB
Buffers:           11200 kB
Cached:          1254644 kB
SwapCached:            0 kB
Active:           706492 kB
Inactive:        1241280 kB
Active(anon):     345128 kB
Inactive(anon):   342864 kB
Active(file):     361364 kB
Inactive(file):   898416 kB
Unevictable:        2748 kB
Mlocked:               0 kB
HighTotal:       2306432 kB
HighFree:          38804 kB
LowTotal:         589156 kB
LowFree:           34112 kB
SwapTotal:       1048572 kB
SwapFree:        1048572 kB
Dirty:                40 kB
Writeback:             0 kB
AnonPages:        684816 kB
Mapped:           406332 kB
Shmem:              3316 kB
Slab:              55624 kB
SReclaimable:      19868 kB
SUnreclaim:        35756 kB
KernelStack:       14032 kB
PageTables:        39696 kB
NFS_Unstable:          0 kB
Bounce:                0 kB
WritebackTmp:          0 kB
CommitLimit:     2496364 kB
Committed_AS:   86308812 kB
VmallocTotal:     385024 kB
VmallocUsed:      158284 kB
VmallocChunk:      60484 kB
Time pass: 102 sec

---2015-12-05 01:40:17
MemTotal:        2895588 kB
MemFree:           87340 kB
Buffers:           11148 kB
Cached:          1249988 kB
SwapCached:            0 kB
Active:           693436 kB
Inactive:        1239100 kB
Active(anon):     331624 kB
Inactive(anon):   345348 kB
Active(file):     361812 kB
Inactive(file):   893752 kB
Unevictable:        2748 kB
Mlocked:               0 kB
HighTotal:       2306432 kB
HighFree:          52824 kB
LowTotal:         589156 kB
LowFree:           34516 kB
SwapTotal:       1048572 kB
SwapFree:        1048572 kB
Dirty:                 0 kB
Writeback:             0 kB
AnonPages:        674156 kB
Mapped:           405848 kB
Shmem:              2824 kB
Slab:              55660 kB
SReclaimable:      19868 kB
SUnreclaim:        35792 kB
KernelStack:       13864 kB
PageTables:        39456 kB
NFS_Unstable:          0 kB
Bounce:                0 kB
WritebackTmp:          0 kB
CommitLimit:     2496364 kB
Committed_AS:   86297920 kB
VmallocTotal:     385024 kB
VmallocUsed:      156100 kB
VmallocChunk:      60484 kB
Time pass: 105 sec

---2015-12-05 01:40:17
MemTotal:        2895588 kB
MemFree:          341340 kB
Buffers:           11924 kB
Cached:          1240932 kB
SwapCached:            0 kB
Active:           646264 kB
Inactive:        1220120 kB
Active(anon):     274068 kB
Inactive(anon):   344708 kB
Active(file):     372196 kB
Inactive(file):   875412 kB
Unevictable:        2748 kB
Mlocked:               0 kB
HighTotal:       2306432 kB
HighFree:         260360 kB
LowTotal:         589156 kB
LowFree:           80980 kB
SwapTotal:       1048572 kB
SwapFree:        1048572 kB
Dirty:               900 kB
Writeback:             0 kB
AnonPages:        616160 kB
Mapped:           385540 kB
Shmem:              2500 kB
Slab:              55592 kB
SReclaimable:      19844 kB
SUnreclaim:        35748 kB
KernelStack:       12744 kB
PageTables:        38064 kB
NFS_Unstable:          0 kB
Bounce:                0 kB
WritebackTmp:          0 kB
CommitLimit:     2496364 kB
Committed_AS:   84973608 kB
VmallocTotal:     385024 kB
VmallocUsed:      153976 kB
VmallocChunk:      60484 kB
Time pass: 109 sec

---2015-12-05 01:40:17
MemTotal:        2895588 kB
MemFree:          263416 kB
Buffers:           12000 kB
Cached:          1242216 kB
SwapCached:            0 kB
Active:           648944 kB
Inactive:        1220796 kB
Active(anon):     276492 kB
Inactive(anon):   344448 kB
Active(file):     372452 kB
Inactive(file):   876348 kB
Unevictable:        2748 kB
Mlocked:               0 kB
HighTotal:       2306432 kB
HighFree:         181472 kB
LowTotal:         589156 kB
LowFree:           81944 kB
SwapTotal:       1048572 kB
SwapFree:        1048572 kB
Dirty:               912 kB
Writeback:             0 kB
AnonPages:        618264 kB
Mapped:           387392 kB
Shmem:              2668 kB
Slab:              55596 kB
SReclaimable:      19860 kB
SUnreclaim:        35736 kB
KernelStack:       13080 kB
PageTables:        38488 kB
NFS_Unstable:          0 kB
Bounce:                0 kB
WritebackTmp:          0 kB
CommitLimit:     2496364 kB
Committed_AS:   84990380 kB
VmallocTotal:     385024 kB
VmallocUsed:      154188 kB
VmallocChunk:      60484 kB
Time pass: 113 sec

---2015-12-05 01:40:17
MemTotal:        2895588 kB
MemFree:          186992 kB
Buffers:           12008 kB
Cached:          1244028 kB
SwapCached:            0 kB
Active:           666188 kB
Inactive:        1221024 kB
Active(anon):     292180 kB
Inactive(anon):   344412 kB
Active(file):     374008 kB
Inactive(file):   876612 kB
Unevictable:        2748 kB
Mlocked:               0 kB
HighTotal:       2306432 kB
HighFree:         105052 kB
LowTotal:         589156 kB
LowFree:           81940 kB
SwapTotal:       1048572 kB
SwapFree:        1048572 kB
Dirty:              1464 kB
Writeback:             0 kB
AnonPages:        633884 kB
Mapped:           391324 kB
Shmem:              2668 kB
Slab:              55592 kB
SReclaimable:      19860 kB
SUnreclaim:        35732 kB
KernelStack:       13168 kB
PageTables:        38664 kB
NFS_Unstable:          0 kB
Bounce:                0 kB
WritebackTmp:          0 kB
CommitLimit:     2496364 kB
Committed_AS:   85008092 kB
VmallocTotal:     385024 kB
VmallocUsed:      154980 kB
VmallocChunk:      60484 kB
Time pass: 117 sec

---2015-12-05 01:40:17
MemTotal:        2895588 kB
MemFree:          175316 kB
Buffers:           12016 kB
Cached:          1244320 kB
SwapCached:            0 kB
Active:           669508 kB
Inactive:        1220852 kB
Active(anon):     295024 kB
Inactive(anon):   344404 kB
Active(file):     374484 kB
Inactive(file):   876448 kB
Unevictable:        2748 kB
Mlocked:               0 kB
HighTotal:       2306432 kB
HighFree:          93168 kB
LowTotal:         589156 kB
LowFree:           82148 kB
SwapTotal:       1048572 kB
SwapFree:        1048572 kB
Dirty:               308 kB
Writeback:             0 kB
AnonPages:        636320 kB
Mapped:           391380 kB
Shmem:              2668 kB
Slab:              55592 kB
SReclaimable:      19860 kB
SUnreclaim:        35732 kB
KernelStack:       13176 kB
PageTables:        38488 kB
NFS_Unstable:          0 kB
Bounce:                0 kB
WritebackTmp:          0 kB
CommitLimit:     2496364 kB
Committed_AS:   85008364 kB
VmallocTotal:     385024 kB
VmallocUsed:      154996 kB
VmallocChunk:      60484 kB
Time pass: 121 sec

---2015-12-05 01:40:17
MemTotal:        2895588 kB
MemFree:          174736 kB
Buffers:           12016 kB
Cached:          1244328 kB
SwapCached:            0 kB
Active:           669968 kB
Inactive:        1220564 kB
Active(anon):     295396 kB
Inactive(anon):   344208 kB
Active(file):     374572 kB
Inactive(file):   876356 kB
Unevictable:        2748 kB
Mlocked:               0 kB
HighTotal:       2306432 kB
HighFree:          92548 kB
LowTotal:         589156 kB
LowFree:           82188 kB
SwapTotal:       1048572 kB
SwapFree:        1048572 kB
Dirty:               380 kB
Writeback:             0 kB
AnonPages:        636892 kB
Mapped:           391432 kB
Shmem:              2668 kB
Slab:              55628 kB
SReclaimable:      19896 kB
SUnreclaim:        35732 kB
KernelStack:       13168 kB
PageTables:        38476 kB
NFS_Unstable:          0 kB
Bounce:                0 kB
WritebackTmp:          0 kB
CommitLimit:     2496364 kB
Committed_AS:   85009140 kB
VmallocTotal:     385024 kB
VmallocUsed:      154996 kB
VmallocChunk:      60484 kB
Time pass: 124 sec

---2015-12-05 01:40:17
MemTotal:        2895588 kB
MemFree:          132228 kB
Buffers:           12024 kB
Cached:          1244344 kB
SwapCached:            0 kB
Active:           677108 kB
Inactive:        1220556 kB
Active(anon):     302516 kB
Inactive(anon):   344200 kB
Active(file):     374592 kB
Inactive(file):   876356 kB
Unevictable:        2748 kB
Mlocked:               0 kB
HighTotal:       2306432 kB
HighFree:          50120 kB
LowTotal:         589156 kB
LowFree:           82108 kB
SwapTotal:       1048572 kB
SwapFree:        1048572 kB
Dirty:               556 kB
Writeback:             0 kB
AnonPages:        644216 kB
Mapped:           391480 kB
Shmem:              2668 kB
Slab:              55632 kB
SReclaimable:      19896 kB
SUnreclaim:        35736 kB
KernelStack:       13168 kB
PageTables:        38500 kB
NFS_Unstable:          0 kB
Bounce:                0 kB
WritebackTmp:          0 kB
CommitLimit:     2496364 kB
Committed_AS:   85018248 kB
VmallocTotal:     385024 kB
VmallocUsed:      154952 kB
VmallocChunk:      60484 kB
Time pass: 128 sec

---2015-12-05 01:40:17
MemTotal:        2895588 kB
MemFree:          133744 kB
Buffers:           12032 kB
Cached:          1244336 kB
SwapCached:            0 kB
Active:           674024 kB
Inactive:        1220436 kB
Active(anon):     299432 kB
Inactive(anon):   344076 kB
Active(file):     374592 kB
Inactive(file):   876360 kB
Unevictable:        2748 kB
Mlocked:               0 kB
HighTotal:       2306432 kB
HighFree:          51716 kB
LowTotal:         589156 kB
LowFree:           82028 kB
SwapTotal:       1048572 kB
SwapFree:        1048572 kB
Dirty:                 0 kB
Writeback:             0 kB
AnonPages:        641136 kB
Mapped:           391480 kB
Shmem:              2668 kB
Slab:              55712 kB
SReclaimable:      19896 kB
SUnreclaim:        35816 kB
KernelStack:       13168 kB
PageTables:        38476 kB
NFS_Unstable:          0 kB
Bounce:                0 kB
WritebackTmp:          0 kB
CommitLimit:     2496364 kB
Committed_AS:   85011796 kB
VmallocTotal:     385024 kB
VmallocUsed:      154952 kB
VmallocChunk:      60484 kB
Time pass: 131 sec

---2015-12-05 01:40:17
MemTotal:        2895588 kB
MemFree:          133520 kB
Buffers:           12032 kB
Cached:          1244344 kB
SwapCached:            0 kB
Active:           673560 kB
Inactive:        1220444 kB
Active(anon):     298968 kB
Inactive(anon):   344076 kB
Active(file):     374592 kB
Inactive(file):   876368 kB
Unevictable:        2748 kB
Mlocked:               0 kB
HighTotal:       2306432 kB
HighFree:          51360 kB
LowTotal:         589156 kB
LowFree:           82160 kB
SwapTotal:       1048572 kB
SwapFree:        1048572 kB
Dirty:                48 kB
Writeback:             0 kB
AnonPages:        640624 kB
Mapped:           391532 kB
Shmem:              2668 kB
Slab:              55712 kB
SReclaimable:      19896 kB
SUnreclaim:        35816 kB
KernelStack:       13168 kB
PageTables:        38492 kB
NFS_Unstable:          0 kB
Bounce:                0 kB
WritebackTmp:          0 kB
CommitLimit:     2496364 kB
Committed_AS:   85011956 kB
VmallocTotal:     385024 kB
VmallocUsed:      154952 kB
VmallocChunk:      60484 kB
Time pass: 135 sec

---2015-12-05 01:40:17
MemTotal:        2895588 kB
MemFree:          125376 kB
Buffers:           12056 kB
Cached:          1244500 kB
SwapCached:            0 kB
Active:           680804 kB
Inactive:        1220628 kB
Active(anon):     306224 kB
Inactive(anon):   344216 kB
Active(file):     374580 kB
Inactive(file):   876412 kB
Unevictable:        2748 kB
Mlocked:               0 kB
HighTotal:       2306432 kB
HighFree:          43496 kB
LowTotal:         589156 kB
LowFree:           81880 kB
SwapTotal:       1048572 kB
SwapFree:        1048572 kB
Dirty:                88 kB
Writeback:             0 kB
AnonPages:        647992 kB
Mapped:           394084 kB
Shmem:              2816 kB
Slab:              55712 kB
SReclaimable:      19896 kB
SUnreclaim:        35816 kB
KernelStack:       13344 kB
PageTables:        38568 kB
NFS_Unstable:          0 kB
Bounce:                0 kB
WritebackTmp:          0 kB
CommitLimit:     2496364 kB
Committed_AS:   85025024 kB
VmallocTotal:     385024 kB
VmallocUsed:      157436 kB
VmallocChunk:      60484 kB
Time pass: 139 sec

---2015-12-05 01:40:17
MemTotal:        2895588 kB
MemFree:          121016 kB
Buffers:           12088 kB
Cached:          1244584 kB
SwapCached:            0 kB
Active:           685032 kB
Inactive:        1220688 kB
Active(anon):     310452 kB
Inactive(anon):   344244 kB
Active(file):     374580 kB
Inactive(file):   876444 kB
Unevictable:        2748 kB
Mlocked:               0 kB
HighTotal:       2306432 kB
HighFree:          44708 kB
LowTotal:         589156 kB
LowFree:           76308 kB
SwapTotal:       1048572 kB
SwapFree:        1048572 kB
Dirty:                 8 kB
Writeback:             0 kB
AnonPages:        651756 kB
Mapped:           394856 kB
Shmem:              2900 kB
Slab:              55728 kB
SReclaimable:      19912 kB
SUnreclaim:        35816 kB
KernelStack:       13384 kB
PageTables:        38668 kB
NFS_Unstable:          0 kB
Bounce:                0 kB
WritebackTmp:          0 kB
CommitLimit:     2496364 kB
Committed_AS:   85029332 kB
VmallocTotal:     385024 kB
VmallocUsed:      157436 kB
VmallocChunk:      60484 kB
Time pass: 142 sec

---2015-12-05 01:40:17
MemTotal:        2895588 kB
MemFree:          119704 kB
Buffers:           12096 kB
Cached:          1244676 kB
SwapCached:            0 kB
Active:           685228 kB
Inactive:        1220784 kB
Active(anon):     310648 kB
Inactive(anon):   344340 kB
Active(file):     374580 kB
Inactive(file):   876444 kB
Unevictable:        2748 kB
Mlocked:               0 kB
HighTotal:       2306432 kB
HighFree:          43444 kB
LowTotal:         589156 kB
LowFree:           76260 kB
SwapTotal:       1048572 kB
SwapFree:        1048572 kB
Dirty:                56 kB
Writeback:             0 kB
AnonPages:        652176 kB
Mapped:           395000 kB
Shmem:              2992 kB
Slab:              55640 kB
SReclaimable:      19896 kB
SUnreclaim:        35744 kB
KernelStack:       13384 kB
PageTables:        38688 kB
NFS_Unstable:          0 kB
Bounce:                0 kB
WritebackTmp:          0 kB
CommitLimit:     2496364 kB
Committed_AS:   85029416 kB
VmallocTotal:     385024 kB
VmallocUsed:      157436 kB
VmallocChunk:      60484 kB
Time pass: 146 sec

---2015-12-05 01:40:17
MemTotal:        2895588 kB
MemFree:          119712 kB
Buffers:           12096 kB
Cached:          1244704 kB
SwapCached:            0 kB
Active:           685640 kB
Inactive:        1220808 kB
Active(anon):     311060 kB
Inactive(anon):   344352 kB
Active(file):     374580 kB
Inactive(file):   876456 kB
Unevictable:        2748 kB
Mlocked:               0 kB
HighTotal:       2306432 kB
HighFree:          43516 kB
LowTotal:         589156 kB
LowFree:           76196 kB
SwapTotal:       1048572 kB
SwapFree:        1048572 kB
Dirty:                64 kB
Writeback:             0 kB
AnonPages:        652736 kB
Mapped:           395024 kB
Shmem:              3016 kB
Slab:              55640 kB
SReclaimable:      19896 kB
SUnreclaim:        35744 kB
KernelStack:       13384 kB
PageTables:        38688 kB
NFS_Unstable:          0 kB
Bounce:                0 kB
WritebackTmp:          0 kB
CommitLimit:     2496364 kB
Committed_AS:   85029536 kB
VmallocTotal:     385024 kB
VmallocUsed:      157436 kB
VmallocChunk:      60484 kB
Time pass: 149 sec

---2015-12-05 01:40:17
MemTotal:        2895588 kB
MemFree:          119572 kB
Buffers:           12104 kB
Cached:          1244880 kB
SwapCached:            0 kB
Active:           686144 kB
Inactive:        1220992 kB
Active(anon):     311560 kB
Inactive(anon):   344532 kB
Active(file):     374584 kB
Inactive(file):   876460 kB
Unevictable:        2748 kB
Mlocked:               0 kB
HighTotal:       2306432 kB
HighFree:          43392 kB
LowTotal:         589156 kB
LowFree:           76180 kB
SwapTotal:       1048572 kB
SwapFree:        1048572 kB
Dirty:                16 kB
Writeback:             0 kB
AnonPages:        653060 kB
Mapped:           395304 kB
Shmem:              3192 kB
Slab:              55632 kB
SReclaimable:      19896 kB
SUnreclaim:        35736 kB
KernelStack:       13384 kB
PageTables:        38688 kB
NFS_Unstable:          0 kB
Bounce:                0 kB
WritebackTmp:          0 kB
CommitLimit:     2496364 kB
Committed_AS:   85029756 kB
VmallocTotal:     385024 kB
VmallocUsed:      157436 kB
VmallocChunk:      60484 kB
Time pass: 153 sec

---2015-12-05 01:40:17
MemTotal:        2895588 kB
MemFree:          103192 kB
Buffers:           12144 kB
Cached:          1244632 kB
SwapCached:            0 kB
Active:           693124 kB
Inactive:        1220628 kB
Active(anon):     318392 kB
Inactive(anon):   344280 kB
Active(file):     374732 kB
Inactive(file):   876348 kB
Unevictable:        2748 kB
Mlocked:               0 kB
HighTotal:       2306432 kB
HighFree:          38092 kB
LowTotal:         589156 kB
LowFree:           65100 kB
SwapTotal:       1048572 kB
SwapFree:        1048572 kB
Dirty:                48 kB
Writeback:             0 kB
AnonPages:        660056 kB
Mapped:           395092 kB
Shmem:              2940 kB
Slab:              55632 kB
SReclaimable:      19896 kB
SUnreclaim:        35736 kB
KernelStack:       13384 kB
PageTables:        38668 kB
NFS_Unstable:          0 kB
Bounce:                0 kB
WritebackTmp:          0 kB
CommitLimit:     2496364 kB
Committed_AS:   85038104 kB
VmallocTotal:     385024 kB
VmallocUsed:      157464 kB
VmallocChunk:      60484 kB
Time pass: 157 sec

---2015-12-05 01:40:17
MemTotal:        2895588 kB
MemFree:          101508 kB
Buffers:           12192 kB
Cached:          1244712 kB
SwapCached:            0 kB
Active:           694900 kB
Inactive:        1220740 kB
Active(anon):     320168 kB
Inactive(anon):   344352 kB
Active(file):     374732 kB
Inactive(file):   876388 kB
Unevictable:        2748 kB
Mlocked:               0 kB
HighTotal:       2306432 kB
HighFree:          38412 kB
LowTotal:         589156 kB
LowFree:           63096 kB
SwapTotal:       1048572 kB
SwapFree:        1048572 kB
Dirty:                48 kB
Writeback:             0 kB
AnonPages:        661772 kB
Mapped:           395180 kB
Shmem:              3020 kB
Slab:              55632 kB
SReclaimable:      19896 kB
SUnreclaim:        35736 kB
KernelStack:       13392 kB
PageTables:        38692 kB
NFS_Unstable:          0 kB
Bounce:                0 kB
WritebackTmp:          0 kB
CommitLimit:     2496364 kB
Committed_AS:   85046376 kB
VmallocTotal:     385024 kB
VmallocUsed:      157464 kB
VmallocChunk:      60484 kB
Time pass: 160 sec

---2015-12-05 01:40:17
MemTotal:        2895588 kB
MemFree:          100040 kB
Buffers:           12192 kB
Cached:          1244816 kB
SwapCached:            0 kB
Active:           695664 kB
Inactive:        1220840 kB
Active(anon):     320932 kB
Inactive(anon):   344436 kB
Active(file):     374732 kB
Inactive(file):   876404 kB
Unevictable:        2748 kB
Mlocked:               0 kB
HighTotal:       2306432 kB
HighFree:          38216 kB
LowTotal:         589156 kB
LowFree:           61824 kB
SwapTotal:       1048572 kB
SwapFree:        1048572 kB
Dirty:                 0 kB
Writeback:             0 kB
AnonPages:        662440 kB
Mapped:           395284 kB
Shmem:              3124 kB
Slab:              55648 kB
SReclaimable:      19896 kB
SUnreclaim:        35752 kB
KernelStack:       13392 kB
PageTables:        38692 kB
NFS_Unstable:          0 kB
Bounce:                0 kB
WritebackTmp:          0 kB
CommitLimit:     2496364 kB
Committed_AS:   85046652 kB
VmallocTotal:     385024 kB
VmallocUsed:      157464 kB
VmallocChunk:      60484 kB
Time pass: 164 sec

---2015-12-05 01:40:17
MemTotal:        2895588 kB
MemFree:           99864 kB
Buffers:           12216 kB
Cached:          1244836 kB
SwapCached:            0 kB
Active:           696292 kB
Inactive:        1220884 kB
Active(anon):     321560 kB
Inactive(anon):   344456 kB
Active(file):     374732 kB
Inactive(file):   876428 kB
Unevictable:        2748 kB
Mlocked:               0 kB
HighTotal:       2306432 kB
HighFree:          38340 kB
LowTotal:         589156 kB
LowFree:           61524 kB
SwapTotal:       1048572 kB
SwapFree:        1048572 kB
Dirty:                40 kB
Writeback:             0 kB
AnonPages:        663000 kB
Mapped:           395356 kB
Shmem:              3144 kB
Slab:              55648 kB
SReclaimable:      19896 kB
SUnreclaim:        35752 kB
KernelStack:       13392 kB
PageTables:        38712 kB
NFS_Unstable:          0 kB
Bounce:                0 kB
WritebackTmp:          0 kB
CommitLimit:     2496364 kB
Committed_AS:   85046744 kB
VmallocTotal:     385024 kB
VmallocUsed:      157464 kB
VmallocChunk:      60484 kB
Time pass: 168 sec

---2015-12-05 01:40:17
MemTotal:        2895588 kB
MemFree:           99180 kB
Buffers:           12216 kB
Cached:          1244836 kB
SwapCached:            0 kB
Active:           696764 kB
Inactive:        1220872 kB
Active(anon):     322032 kB
Inactive(anon):   344444 kB
Active(file):     374732 kB
Inactive(file):   876428 kB
Unevictable:        2748 kB
Mlocked:               0 kB
HighTotal:       2306432 kB
HighFree:          38216 kB
LowTotal:         589156 kB
LowFree:           60964 kB
SwapTotal:       1048572 kB
SwapFree:        1048572 kB
Dirty:                 0 kB
Writeback:             0 kB
AnonPages:        663456 kB
Mapped:           395408 kB
Shmem:              3144 kB
Slab:              55648 kB
SReclaimable:      19896 kB
SUnreclaim:        35752 kB
KernelStack:       13376 kB
PageTables:        38732 kB
NFS_Unstable:          0 kB
Bounce:                0 kB
WritebackTmp:          0 kB
CommitLimit:     2496364 kB
Committed_AS:   85046776 kB
VmallocTotal:     385024 kB
VmallocUsed:      157464 kB
VmallocChunk:      60484 kB
Time pass: 171 sec

---2015-12-05 01:40:17
MemTotal:        2895588 kB
MemFree:           97528 kB
Buffers:           12240 kB
Cached:          1244868 kB
SwapCached:            0 kB
Active:           698288 kB
Inactive:        1220908 kB
Active(anon):     323556 kB
Inactive(anon):   344456 kB
Active(file):     374732 kB
Inactive(file):   876452 kB
Unevictable:        2748 kB
Mlocked:               0 kB
HighTotal:       2306432 kB
HighFree:          38216 kB
LowTotal:         589156 kB
LowFree:           59312 kB
SwapTotal:       1048572 kB
SwapFree:        1048572 kB
Dirty:                32 kB
Writeback:             0 kB
AnonPages:        664816 kB
Mapped:           395440 kB
Shmem:              3176 kB
Slab:              55648 kB
SReclaimable:      19896 kB
SUnreclaim:        35752 kB
KernelStack:       13376 kB
PageTables:        38736 kB
NFS_Unstable:          0 kB
Bounce:                0 kB
WritebackTmp:          0 kB
CommitLimit:     2496364 kB
Committed_AS:   85051152 kB
VmallocTotal:     385024 kB
VmallocUsed:      157464 kB
VmallocChunk:      60484 kB
Time pass: 175 sec

---2015-12-05 01:40:17
MemTotal:        2895588 kB
MemFree:           97232 kB
Buffers:           12256 kB
Cached:          1244852 kB
SwapCached:            0 kB
Active:           698424 kB
Inactive:        1220908 kB
Active(anon):     323692 kB
Inactive(anon):   344456 kB
Active(file):     374732 kB
Inactive(file):   876452 kB
Unevictable:        2748 kB
Mlocked:               0 kB
HighTotal:       2306432 kB
HighFree:          38216 kB
LowTotal:         589156 kB
LowFree:           59016 kB
SwapTotal:       1048572 kB
SwapFree:        1048572 kB
Dirty:                 0 kB
Writeback:             0 kB
AnonPages:        664552 kB
Mapped:           395440 kB
Shmem:              3176 kB
Slab:              55652 kB
SReclaimable:      19896 kB
SUnreclaim:        35756 kB
KernelStack:       13392 kB
PageTables:        38740 kB
NFS_Unstable:          0 kB
Bounce:                0 kB
WritebackTmp:          0 kB
CommitLimit:     2496364 kB
Committed_AS:   85051264 kB
VmallocTotal:     385024 kB
VmallocUsed:      157464 kB
VmallocChunk:      60484 kB
Time pass: 179 sec

---2015-12-05 01:40:17
MemTotal:        2895588 kB
MemFree:           96336 kB
Buffers:           12256 kB
Cached:          1244868 kB
SwapCached:            0 kB
Active:           698568 kB
Inactive:        1220924 kB
Active(anon):     323836 kB
Inactive(anon):   344456 kB
Active(file):     374732 kB
Inactive(file):   876468 kB
Unevictable:        2748 kB
Mlocked:               0 kB
HighTotal:       2306432 kB
HighFree:          38092 kB
LowTotal:         589156 kB
LowFree:           58244 kB
SwapTotal:       1048572 kB
SwapFree:        1048572 kB
Dirty:                36 kB
Writeback:             0 kB
AnonPages:        665200 kB
Mapped:           395388 kB
Shmem:              3176 kB
Slab:              55632 kB
SReclaimable:      19896 kB
SUnreclaim:        35736 kB
KernelStack:       13384 kB
PageTables:        38716 kB
NFS_Unstable:          0 kB
Bounce:                0 kB
WritebackTmp:          0 kB
CommitLimit:     2496364 kB
Committed_AS:   85051344 kB
VmallocTotal:     385024 kB
VmallocUsed:      157464 kB
VmallocChunk:      60484 kB
Time pass: 182 sec

---2015-12-05 01:40:17
MemTotal:        2895588 kB
MemFree:           96868 kB
Buffers:           12264 kB
Cached:          1245420 kB
SwapCached:            0 kB
Active:           697752 kB
Inactive:        1221452 kB
Active(anon):     323020 kB
Inactive(anon):   344940 kB
Active(file):     374732 kB
Inactive(file):   876512 kB
Unevictable:        2748 kB
Mlocked:               0 kB
HighTotal:       2306432 kB
HighFree:          39456 kB
LowTotal:         589156 kB
LowFree:           57412 kB
SwapTotal:       1048572 kB
SwapFree:        1048572 kB
Dirty:                28 kB
Writeback:             0 kB
AnonPages:        664336 kB
Mapped:           395864 kB
Shmem:              3692 kB
Slab:              55660 kB
SReclaimable:      19896 kB
SUnreclaim:        35764 kB
KernelStack:       13352 kB
PageTables:        38676 kB
NFS_Unstable:          0 kB
Bounce:                0 kB
WritebackTmp:          0 kB
CommitLimit:     2496364 kB
Committed_AS:   85052100 kB
VmallocTotal:     385024 kB
VmallocUsed:      157464 kB
VmallocChunk:      60484 kB
Time pass: 186 sec

---2015-12-05 01:40:17
MemTotal:        2895588 kB
MemFree:           95032 kB
Buffers:           12280 kB
Cached:          1245548 kB
SwapCached:            0 kB
Active:           698956 kB
Inactive:        1221548 kB
Active(anon):     324224 kB
Inactive(anon):   345020 kB
Active(file):     374732 kB
Inactive(file):   876528 kB
Unevictable:        2748 kB
Mlocked:               0 kB
HighTotal:       2306432 kB
HighFree:          38164 kB
LowTotal:         589156 kB
LowFree:           56868 kB
SwapTotal:       1048572 kB
SwapFree:        1048572 kB
Dirty:                36 kB
Writeback:             0 kB
AnonPages:        665660 kB
Mapped:           396032 kB
Shmem:              3812 kB
Slab:              55660 kB
SReclaimable:      19896 kB
SUnreclaim:        35764 kB
KernelStack:       13352 kB
PageTables:        38716 kB
NFS_Unstable:          0 kB
Bounce:                0 kB
WritebackTmp:          0 kB
CommitLimit:     2496364 kB
Committed_AS:   85052188 kB
VmallocTotal:     385024 kB
VmallocUsed:      157464 kB
VmallocChunk:      60484 kB
Time pass: 189 sec

---2015-12-05 01:40:17
MemTotal:        2895588 kB
MemFree:           94772 kB
Buffers:           12288 kB
Cached:          1245596 kB
SwapCached:            0 kB
Active:           699296 kB
Inactive:        1221552 kB
Active(anon):     324564 kB
Inactive(anon):   345016 kB
Active(file):     374732 kB
Inactive(file):   876536 kB
Unevictable:        2748 kB
Mlocked:               0 kB
HighTotal:       2306432 kB
HighFree:          38216 kB
LowTotal:         589156 kB
LowFree:           56556 kB
SwapTotal:       1048572 kB
SwapFree:        1048572 kB
Dirty:                36 kB
Writeback:             0 kB
AnonPages:        665888 kB
Mapped:           396040 kB
Shmem:              3812 kB
Slab:              55660 kB
SReclaimable:      19896 kB
SUnreclaim:        35764 kB
KernelStack:       13344 kB
PageTables:        38720 kB
NFS_Unstable:          0 kB
Bounce:                0 kB
WritebackTmp:          0 kB
CommitLimit:     2496364 kB
Committed_AS:   85052308 kB
VmallocTotal:     385024 kB
VmallocUsed:      157464 kB
VmallocChunk:      60484 kB
Time pass: 193 sec

---2015-12-05 01:40:17
MemTotal:        2895588 kB
MemFree:           95168 kB
Buffers:           12304 kB
Cached:          1245596 kB
SwapCached:            0 kB
Active:           699704 kB
Inactive:        1221624 kB
Active(anon):     324972 kB
Inactive(anon):   345016 kB
Active(file):     374732 kB
Inactive(file):   876608 kB
Unevictable:        2748 kB
Mlocked:               0 kB
HighTotal:       2306432 kB
HighFree:          38960 kB
LowTotal:         589156 kB
LowFree:           56208 kB
SwapTotal:       1048572 kB
SwapFree:        1048572 kB
Dirty:                 0 kB
Writeback:             0 kB
AnonPages:        666220 kB
Mapped:           395988 kB
Shmem:              3812 kB
Slab:              55624 kB
SReclaimable:      19896 kB
SUnreclaim:        35728 kB
KernelStack:       13344 kB
PageTables:        38700 kB
NFS_Unstable:          0 kB
Bounce:                0 kB
WritebackTmp:          0 kB
CommitLimit:     2496364 kB
Committed_AS:   85052532 kB
VmallocTotal:     385024 kB
VmallocUsed:      157464 kB
VmallocChunk:      60484 kB
Time pass: 196 sec

---2015-12-05 01:40:17
MemTotal:        2895588 kB
MemFree:           94196 kB
Buffers:           12320 kB
Cached:          1245596 kB
SwapCached:            0 kB
Active:           699936 kB
Inactive:        1221632 kB
Active(anon):     325204 kB
Inactive(anon):   345016 kB
Active(file):     374732 kB
Inactive(file):   876616 kB
Unevictable:        2748 kB
Mlocked:               0 kB
HighTotal:       2306432 kB
HighFree:          38588 kB
LowTotal:         589156 kB
LowFree:           55608 kB
SwapTotal:       1048572 kB
SwapFree:        1048572 kB
Dirty:                32 kB
Writeback:             0 kB
AnonPages:        666356 kB
Mapped:           396060 kB
Shmem:              3812 kB
Slab:              55620 kB
SReclaimable:      19896 kB
SUnreclaim:        35724 kB
KernelStack:       13344 kB
PageTables:        38720 kB
NFS_Unstable:          0 kB
Bounce:                0 kB
WritebackTmp:          0 kB
CommitLimit:     2496364 kB
Committed_AS:   85052588 kB
VmallocTotal:     385024 kB
VmallocUsed:      157464 kB
VmallocChunk:      60484 kB
Time pass: 200 sec

---2015-12-05 01:40:17
MemTotal:        2895588 kB
MemFree:           94036 kB
Buffers:           12320 kB
Cached:          1245596 kB
SwapCached:            0 kB
Active:           700620 kB
Inactive:        1221516 kB
Active(anon):     325888 kB
Inactive(anon):   344892 kB
Active(file):     374732 kB
Inactive(file):   876624 kB
Unevictable:        2748 kB
Mlocked:               0 kB
HighTotal:       2306432 kB
HighFree:          38836 kB
LowTotal:         589156 kB
LowFree:           55200 kB
SwapTotal:       1048572 kB
SwapFree:        1048572 kB
Dirty:                36 kB
Writeback:             0 kB
AnonPages:        666920 kB
Mapped:           396112 kB
Shmem:              3812 kB
Slab:              55620 kB
SReclaimable:      19896 kB
SUnreclaim:        35724 kB
KernelStack:       13320 kB
PageTables:        38740 kB
NFS_Unstable:          0 kB
Bounce:                0 kB
WritebackTmp:          0 kB
CommitLimit:     2496364 kB
Committed_AS:   85052700 kB
VmallocTotal:     385024 kB
VmallocUsed:      157464 kB
VmallocChunk:      60484 kB
Time pass: 204 sec

---2015-12-05 01:40:17
MemTotal:        2895588 kB
MemFree:           93152 kB
Buffers:           12344 kB
Cached:          1245628 kB
SwapCached:            0 kB
Active:           700232 kB
Inactive:        1221564 kB
Active(anon):     325500 kB
Inactive(anon):   344892 kB
Active(file):     374732 kB
Inactive(file):   876672 kB
Unevictable:        2748 kB
Mlocked:               0 kB
HighTotal:       2306432 kB
HighFree:          38216 kB
LowTotal:         589156 kB
LowFree:           54936 kB
SwapTotal:       1048572 kB
SwapFree:        1048572 kB
Dirty:                32 kB
Writeback:             0 kB
AnonPages:        666848 kB
Mapped:           396012 kB
Shmem:              3812 kB
Slab:              55620 kB
SReclaimable:      19896 kB
SUnreclaim:        35724 kB
KernelStack:       13320 kB
PageTables:        38700 kB
NFS_Unstable:          0 kB
Bounce:                0 kB
WritebackTmp:          0 kB
CommitLimit:     2496364 kB
Committed_AS:   85052908 kB
VmallocTotal:     385024 kB
VmallocUsed:      157464 kB
VmallocChunk:      60484 kB
Time pass: 207 sec

---2015-12-05 01:40:17
MemTotal:        2895588 kB
MemFree:           92348 kB
Buffers:           12344 kB
Cached:          1245628 kB
SwapCached:            0 kB
Active:           700172 kB
Inactive:        1221568 kB
Active(anon):     325440 kB
Inactive(anon):   344888 kB
Active(file):     374732 kB
Inactive(file):   876680 kB
Unevictable:        2748 kB
Mlocked:               0 kB
HighTotal:       2306432 kB
HighFree:          38328 kB
LowTotal:         589156 kB
LowFree:           54020 kB
SwapTotal:       1048572 kB
SwapFree:        1048572 kB
Dirty:                32 kB
Writeback:             0 kB
AnonPages:        666928 kB
Mapped:           396064 kB
Shmem:              3812 kB
Slab:              55620 kB
SReclaimable:      19896 kB
SUnreclaim:        35724 kB
KernelStack:       13336 kB
PageTables:        38720 kB
NFS_Unstable:          0 kB
Bounce:                0 kB
WritebackTmp:          0 kB
CommitLimit:     2496364 kB
Committed_AS:   85052988 kB
VmallocTotal:     385024 kB
VmallocUsed:      157464 kB
VmallocChunk:      60484 kB
Time pass: 211 sec

---2015-12-05 01:40:17
MemTotal:        2895588 kB
MemFree:           87068 kB
Buffers:           12384 kB
Cached:          1246696 kB
SwapCached:            0 kB
Active:           703936 kB
Inactive:        1222656 kB
Active(anon):     329196 kB
Inactive(anon):   344884 kB
Active(file):     374740 kB
Inactive(file):   877772 kB
Unevictable:        2748 kB
Mlocked:               0 kB
HighTotal:       2306432 kB
HighFree:          38216 kB
LowTotal:         589156 kB
LowFree:           48852 kB
SwapTotal:       1048572 kB
SwapFree:        1048572 kB
Dirty:                64 kB
Writeback:             0 kB
AnonPages:        670616 kB
Mapped:           396240 kB
Shmem:              3812 kB
Slab:              55616 kB
SReclaimable:      19896 kB
SUnreclaim:        35720 kB
KernelStack:       13424 kB
PageTables:        39168 kB
NFS_Unstable:          0 kB
Bounce:                0 kB
WritebackTmp:          0 kB
CommitLimit:     2496364 kB
Committed_AS:   86298188 kB
VmallocTotal:     385024 kB
VmallocUsed:      158484 kB
VmallocChunk:      60484 kB
Time pass: 214 sec

---2015-12-05 01:40:17
MemTotal:        2895588 kB
MemFree:           87744 kB
Buffers:           12384 kB
Cached:          1246728 kB
SwapCached:            0 kB
Active:           703728 kB
Inactive:        1222692 kB
Active(anon):     328988 kB
Inactive(anon):   344880 kB
Active(file):     374740 kB
Inactive(file):   877812 kB
Unevictable:        2748 kB
Mlocked:               0 kB
HighTotal:       2306432 kB
HighFree:          38216 kB
LowTotal:         589156 kB
LowFree:           49528 kB
SwapTotal:       1048572 kB
SwapFree:        1048572 kB
Dirty:                 0 kB
Writeback:             0 kB
AnonPages:        670188 kB
Mapped:           396308 kB
Shmem:              3812 kB
Slab:              55616 kB
SReclaimable:      19896 kB
SUnreclaim:        35720 kB
KernelStack:       13440 kB
PageTables:        39196 kB
NFS_Unstable:          0 kB
Bounce:                0 kB
WritebackTmp:          0 kB
CommitLimit:     2496364 kB
Committed_AS:   86297924 kB
VmallocTotal:     385024 kB
VmallocUsed:      158484 kB
VmallocChunk:      60484 kB
Time pass: 218 sec

---2015-12-05 01:40:17
MemTotal:        2895588 kB
MemFree:           87780 kB
Buffers:           12400 kB
Cached:          1246728 kB
SwapCached:            0 kB
Active:           703972 kB
Inactive:        1222708 kB
Active(anon):     329232 kB
Inactive(anon):   344880 kB
Active(file):     374740 kB
Inactive(file):   877828 kB
Unevictable:        2748 kB
Mlocked:               0 kB
HighTotal:       2306432 kB
HighFree:          38412 kB
LowTotal:         589156 kB
LowFree:           49368 kB
SwapTotal:       1048572 kB
SwapFree:        1048572 kB
Dirty:                40 kB
Writeback:             0 kB
AnonPages:        670204 kB
Mapped:           396352 kB
Shmem:              3812 kB
Slab:              55616 kB
SReclaimable:      19896 kB
SUnreclaim:        35720 kB
KernelStack:       13408 kB
PageTables:        39208 kB
NFS_Unstable:          0 kB
Bounce:                0 kB
WritebackTmp:          0 kB
CommitLimit:     2496364 kB
Committed_AS:   86297992 kB
VmallocTotal:     385024 kB
VmallocUsed:      158484 kB
VmallocChunk:      60484 kB
Time pass: 221 sec

---2015-12-05 01:40:17
MemTotal:        2895588 kB
MemFree:           87524 kB
Buffers:           12408 kB
Cached:          1246728 kB
SwapCached:            0 kB
Active:           704268 kB
Inactive:        1222688 kB
Active(anon):     329528 kB
Inactive(anon):   344852 kB
Active(file):     374740 kB
Inactive(file):   877836 kB
Unevictable:        2748 kB
Mlocked:               0 kB
HighTotal:       2306432 kB
HighFree:          38164 kB
LowTotal:         589156 kB
LowFree:           49360 kB
SwapTotal:       1048572 kB
SwapFree:        1048572 kB
Dirty:                28 kB
Writeback:             0 kB
AnonPages:        670492 kB
Mapped:           396352 kB
Shmem:              3812 kB
Slab:              55616 kB
SReclaimable:      19896 kB
SUnreclaim:        35720 kB
KernelStack:       13392 kB
PageTables:        39212 kB
NFS_Unstable:          0 kB
Bounce:                0 kB
WritebackTmp:          0 kB
CommitLimit:     2496364 kB
Committed_AS:   86298280 kB
VmallocTotal:     385024 kB
VmallocUsed:      158484 kB
VmallocChunk:      60484 kB
Time pass: 225 sec

---2015-12-05 01:40:17
MemTotal:        2895588 kB
MemFree:           87396 kB
Buffers:           12432 kB
Cached:          1246720 kB
SwapCached:            0 kB
Active:           704444 kB
Inactive:        1222684 kB
Active(anon):     329704 kB
Inactive(anon):   344832 kB
Active(file):     374740 kB
Inactive(file):   877852 kB
Unevictable:        2748 kB
Mlocked:               0 kB
HighTotal:       2306432 kB
HighFree:          38092 kB
LowTotal:         589156 kB
LowFree:           49304 kB
SwapTotal:       1048572 kB
SwapFree:        1048572 kB
Dirty:                44 kB
Writeback:             0 kB
AnonPages:        670848 kB
Mapped:           396352 kB
Shmem:              3812 kB
Slab:              55616 kB
SReclaimable:      19896 kB
SUnreclaim:        35720 kB
KernelStack:       13392 kB
PageTables:        39212 kB
NFS_Unstable:          0 kB
Bounce:                0 kB
WritebackTmp:          0 kB
CommitLimit:     2496364 kB
Committed_AS:   86298420 kB
VmallocTotal:     385024 kB
VmallocUsed:      158484 kB
VmallocChunk:      60484 kB
Time pass: 228 sec

---2015-12-05 01:40:17
MemTotal:        2895588 kB
MemFree:           87840 kB
Buffers:           12432 kB
Cached:          1246728 kB
SwapCached:            0 kB
Active:           704900 kB
Inactive:        1222692 kB
Active(anon):     330160 kB
Inactive(anon):   344832 kB
Active(file):     374740 kB
Inactive(file):   877860 kB
Unevictable:        2748 kB
Mlocked:               0 kB
HighTotal:       2306432 kB
HighFree:          39084 kB
LowTotal:         589156 kB
LowFree:           48756 kB
SwapTotal:       1048572 kB
SwapFree:        1048572 kB
Dirty:                 0 kB
Writeback:             0 kB
AnonPages:        671160 kB
Mapped:           396408 kB
Shmem:              3812 kB
Slab:              55664 kB
SReclaimable:      19896 kB
SUnreclaim:        35768 kB
KernelStack:       13400 kB
PageTables:        39232 kB
NFS_Unstable:          0 kB
Bounce:                0 kB
WritebackTmp:          0 kB
CommitLimit:     2496364 kB
Committed_AS:   86298948 kB
VmallocTotal:     385024 kB
VmallocUsed:      158484 kB
VmallocChunk:      60484 kB
Time pass: 232 sec

---2015-12-05 01:40:17
MemTotal:        2895588 kB
MemFree:           86704 kB
Buffers:           12456 kB
Cached:          1246728 kB
SwapCached:            0 kB
Active:           705576 kB
Inactive:        1222716 kB
Active(anon):     330836 kB
Inactive(anon):   344832 kB
Active(file):     374740 kB
Inactive(file):   877884 kB
Unevictable:        2748 kB
Mlocked:               0 kB
HighTotal:       2306432 kB
HighFree:          39156 kB
LowTotal:         589156 kB
LowFree:           47548 kB
SwapTotal:       1048572 kB
SwapFree:        1048572 kB
Dirty:                60 kB
Writeback:             0 kB
AnonPages:        671924 kB
Mapped:           396460 kB
Shmem:              3812 kB
Slab:              55660 kB
SReclaimable:      19896 kB
SUnreclaim:        35764 kB
KernelStack:       13400 kB
PageTables:        39252 kB
NFS_Unstable:          0 kB
Bounce:                0 kB
WritebackTmp:          0 kB
CommitLimit:     2496364 kB
Committed_AS:   86299164 kB
VmallocTotal:     385024 kB
VmallocUsed:      158484 kB
VmallocChunk:      60484 kB
Time pass: 235 sec

---2015-12-05 01:40:17
MemTotal:        2895588 kB
MemFree:           86980 kB
Buffers:           12456 kB
Cached:          1246728 kB
SwapCached:            0 kB
Active:           705204 kB
Inactive:        1222708 kB
Active(anon):     330464 kB
Inactive(anon):   344824 kB
Active(file):     374740 kB
Inactive(file):   877884 kB
Unevictable:        2748 kB
Mlocked:               0 kB
HighTotal:       2306432 kB
HighFree:          38588 kB
LowTotal:         589156 kB
LowFree:           48392 kB
SwapTotal:       1048572 kB
SwapFree:        1048572 kB
Dirty:                60 kB
Writeback:             0 kB
AnonPages:        671504 kB
Mapped:           396304 kB
Shmem:              3812 kB
Slab:              55676 kB
SReclaimable:      19896 kB
SUnreclaim:        35780 kB
KernelStack:       13400 kB
PageTables:        39192 kB
NFS_Unstable:          0 kB
Bounce:                0 kB
WritebackTmp:          0 kB
CommitLimit:     2496364 kB
Committed_AS:   86299284 kB
VmallocTotal:     385024 kB
VmallocUsed:      158484 kB
VmallocChunk:      60484 kB
Time pass: 239 sec

---2015-12-05 01:40:17
MemTotal:        2895588 kB
MemFree:           85684 kB
Buffers:           12480 kB
Cached:          1246712 kB
SwapCached:            0 kB
Active:           706152 kB
Inactive:        1222716 kB
Active(anon):     331412 kB
Inactive(anon):   344824 kB
Active(file):     374740 kB
Inactive(file):   877892 kB
Unevictable:        2748 kB
Mlocked:               0 kB
HighTotal:       2306432 kB
HighFree:          38824 kB
LowTotal:         589156 kB
LowFree:           46860 kB
SwapTotal:       1048572 kB
SwapFree:        1048572 kB
Dirty:                32 kB
Writeback:             0 kB
AnonPages:        672400 kB
Mapped:           396356 kB
Shmem:              3812 kB
Slab:              55676 kB
SReclaimable:      19896 kB
SUnreclaim:        35780 kB
KernelStack:       13392 kB
PageTables:        39212 kB
NFS_Unstable:          0 kB
Bounce:                0 kB
WritebackTmp:          0 kB
CommitLimit:     2496364 kB
Committed_AS:   86299524 kB
VmallocTotal:     385024 kB
VmallocUsed:      158484 kB
VmallocChunk:      60484 kB
Time pass: 243 sec

---2015-12-05 01:40:17
MemTotal:        2895588 kB
MemFree:           85016 kB
Buffers:           12480 kB
Cached:          1246728 kB
SwapCached:            0 kB
Active:           706684 kB
Inactive:        1222732 kB
Active(anon):     331944 kB
Inactive(anon):   344824 kB
Active(file):     374740 kB
Inactive(file):   877908 kB
Unevictable:        2748 kB
Mlocked:               0 kB
HighTotal:       2306432 kB
HighFree:          38784 kB
LowTotal:         589156 kB
LowFree:           46232 kB
SwapTotal:       1048572 kB
SwapFree:        1048572 kB
Dirty:                 4 kB
Writeback:             0 kB
AnonPages:        673848 kB
Mapped:           396408 kB
Shmem:              3812 kB
Slab:              55656 kB
SReclaimable:      19896 kB
SUnreclaim:        35760 kB
KernelStack:       13392 kB
PageTables:        39232 kB
NFS_Unstable:          0 kB
Bounce:                0 kB
WritebackTmp:          0 kB
CommitLimit:     2496364 kB
Committed_AS:   86299652 kB
VmallocTotal:     385024 kB
VmallocUsed:      158484 kB
VmallocChunk:      60484 kB
Time pass: 246 sec

---2015-12-05 01:40:17
MemTotal:        2895588 kB
MemFree:           84912 kB
Buffers:           12496 kB
Cached:          1246728 kB
SwapCached:            0 kB
Active:           706684 kB
Inactive:        1222748 kB
Active(anon):     331944 kB
Inactive(anon):   344824 kB
Active(file):     374740 kB
Inactive(file):   877924 kB
Unevictable:        2748 kB
Mlocked:               0 kB
HighTotal:       2306432 kB
HighFree:          37844 kB
LowTotal:         589156 kB
LowFree:           47068 kB
SwapTotal:       1048572 kB
SwapFree:        1048572 kB
Dirty:                44 kB
Writeback:             0 kB
AnonPages:        673000 kB
Mapped:           396312 kB
Shmem:              3812 kB
Slab:              55648 kB
SReclaimable:      19888 kB
SUnreclaim:        35760 kB
KernelStack:       13392 kB
PageTables:        39176 kB
NFS_Unstable:          0 kB
Bounce:                0 kB
WritebackTmp:          0 kB
CommitLimit:     2496364 kB
Committed_AS:   86299748 kB
VmallocTotal:     385024 kB
VmallocUsed:      158484 kB
VmallocChunk:      60484 kB
Time pass: 250 sec

---2015-12-05 01:40:17
MemTotal:        2895588 kB
MemFree:           84500 kB
Buffers:           12504 kB
Cached:          1246728 kB
SwapCached:            0 kB
Active:           706440 kB
Inactive:        1222756 kB
Active(anon):     331700 kB
Inactive(anon):   344824 kB
Active(file):     374740 kB
Inactive(file):   877932 kB
Unevictable:        2748 kB
Mlocked:               0 kB
HighTotal:       2306432 kB
HighFree:          38412 kB
LowTotal:         589156 kB
LowFree:           46088 kB
SwapTotal:       1048572 kB
SwapFree:        1048572 kB
Dirty:                28 kB
Writeback:             0 kB
AnonPages:        672824 kB
Mapped:           396356 kB
Shmem:              3812 kB
Slab:              55644 kB
SReclaimable:      19888 kB
SUnreclaim:        35756 kB
KernelStack:       13392 kB
PageTables:        39216 kB
NFS_Unstable:          0 kB
Bounce:                0 kB
WritebackTmp:          0 kB
CommitLimit:     2496364 kB
Committed_AS:   86299936 kB
VmallocTotal:     385024 kB
VmallocUsed:      158484 kB
VmallocChunk:      60484 kB
Time pass: 254 sec

---2015-12-05 01:40:17
MemTotal:        2895588 kB
MemFree:           84664 kB
Buffers:           12520 kB
Cached:          1246728 kB
SwapCached:            0 kB
Active:           707140 kB
Inactive:        1222772 kB
Active(anon):     332400 kB
Inactive(anon):   344824 kB
Active(file):     374740 kB
Inactive(file):   877948 kB
Unevictable:        2748 kB
Mlocked:               0 kB
HighTotal:       2306432 kB
HighFree:          39032 kB
LowTotal:         589156 kB
LowFree:           45632 kB
SwapTotal:       1048572 kB
SwapFree:        1048572 kB
Dirty:                 0 kB
Writeback:             0 kB
AnonPages:        673500 kB
Mapped:           396408 kB
Shmem:              3812 kB
Slab:              55644 kB
SReclaimable:      19888 kB
SUnreclaim:        35756 kB
KernelStack:       13392 kB
PageTables:        39236 kB
NFS_Unstable:          0 kB
Bounce:                0 kB
WritebackTmp:          0 kB
CommitLimit:     2496364 kB
Committed_AS:   86300084 kB
VmallocTotal:     385024 kB
VmallocUsed:      158484 kB
VmallocChunk:      60484 kB
Time pass: 257 sec

---2015-12-05 01:40:17
MemTotal:        2895588 kB
MemFree:           84136 kB
Buffers:           12528 kB
Cached:          1246720 kB
SwapCached:            0 kB
Active:           707128 kB
Inactive:        1222772 kB
Active(anon):     332388 kB
Inactive(anon):   344824 kB
Active(file):     374740 kB
Inactive(file):   877948 kB
Unevictable:        2748 kB
Mlocked:               0 kB
HighTotal:       2306432 kB
HighFree:          37988 kB
LowTotal:         589156 kB
LowFree:           46148 kB
SwapTotal:       1048572 kB
SwapFree:        1048572 kB
Dirty:                 0 kB
Writeback:             0 kB
AnonPages:        673476 kB
Mapped:           396356 kB
Shmem:              3812 kB
Slab:              55652 kB
SReclaimable:      19888 kB
SUnreclaim:        35764 kB
KernelStack:       13392 kB
PageTables:        39216 kB
NFS_Unstable:          0 kB
Bounce:                0 kB
WritebackTmp:          0 kB
CommitLimit:     2496364 kB
Committed_AS:   86300172 kB
VmallocTotal:     385024 kB
VmallocUsed:      158484 kB
VmallocChunk:      60484 kB
Time pass: 261 sec

---2015-12-05 01:40:17
MemTotal:        2895588 kB
MemFree:           83152 kB
Buffers:           12544 kB
Cached:          1246728 kB
SwapCached:            0 kB
Active:           707428 kB
Inactive:        1222796 kB
Active(anon):     332688 kB
Inactive(anon):   344824 kB
Active(file):     374740 kB
Inactive(file):   877972 kB
Unevictable:        2748 kB
Mlocked:               0 kB
HighTotal:       2306432 kB
HighFree:          38112 kB
LowTotal:         589156 kB
LowFree:           45040 kB
SwapTotal:       1048572 kB
SwapFree:        1048572 kB
Dirty:                36 kB
Writeback:             0 kB
AnonPages:        673804 kB
Mapped:           396408 kB
Shmem:              3812 kB
Slab:              55652 kB
SReclaimable:      19888 kB
SUnreclaim:        35764 kB
KernelStack:       13392 kB
PageTables:        39236 kB
NFS_Unstable:          0 kB
Bounce:                0 kB
WritebackTmp:          0 kB
CommitLimit:     2496364 kB
Committed_AS:   86300216 kB
VmallocTotal:     385024 kB
VmallocUsed:      158484 kB
VmallocChunk:      60484 kB
Time pass: 264 sec

---2015-12-05 01:40:17
MemTotal:        2895588 kB
MemFree:           83804 kB
Buffers:           12544 kB
Cached:          1246728 kB
SwapCached:            0 kB
Active:           707368 kB
Inactive:        1222796 kB
Active(anon):     332628 kB
Inactive(anon):   344824 kB
Active(file):     374740 kB
Inactive(file):   877972 kB
Unevictable:        2748 kB
Mlocked:               0 kB
HighTotal:       2306432 kB
HighFree:          38112 kB
LowTotal:         589156 kB
LowFree:           45692 kB
SwapTotal:       1048572 kB
SwapFree:        1048572 kB
Dirty:                 0 kB
Writeback:             0 kB
AnonPages:        674060 kB
Mapped:           396408 kB
Shmem:              3812 kB
Slab:              55652 kB
SReclaimable:      19888 kB
SUnreclaim:        35764 kB
KernelStack:       13392 kB
PageTables:        39236 kB
NFS_Unstable:          0 kB
Bounce:                0 kB
WritebackTmp:          0 kB
CommitLimit:     2496364 kB
Committed_AS:   86300548 kB
VmallocTotal:     385024 kB
VmallocUsed:      158484 kB
VmallocChunk:      60484 kB
Time pass: 268 sec

---2015-12-05 01:40:17
MemTotal:        2895588 kB
MemFree:           84400 kB
Buffers:           12568 kB
Cached:          1246864 kB
SwapCached:            0 kB
Active:           707104 kB
Inactive:        1222920 kB
Active(anon):     332364 kB
Inactive(anon):   344788 kB
Active(file):     374740 kB
Inactive(file):   878132 kB
Unevictable:        2748 kB
Mlocked:               0 kB
HighTotal:       2306432 kB
HighFree:          39104 kB
LowTotal:         589156 kB
LowFree:           45296 kB
SwapTotal:       1048572 kB
SwapFree:        1048572 kB
Dirty:                36 kB
Writeback:             0 kB
AnonPages:        673632 kB
Mapped:           396416 kB
Shmem:              3812 kB
Slab:              55648 kB
SReclaimable:      19888 kB
SUnreclaim:        35760 kB
KernelStack:       13384 kB
PageTables:        39236 kB
NFS_Unstable:          0 kB
Bounce:                0 kB
WritebackTmp:          0 kB
CommitLimit:     2496364 kB
Committed_AS:   86294716 kB
VmallocTotal:     385024 kB
VmallocUsed:      158484 kB
VmallocChunk:      60484 kB
Time pass: 271 sec

---2015-12-05 01:40:17
MemTotal:        2895588 kB
MemFree:           87244 kB
Buffers:           12584 kB
Cached:          1246848 kB
SwapCached:            0 kB
Active:           703360 kB
Inactive:        1222920 kB
Active(anon):     328620 kB
Inactive(anon):   344788 kB
Active(file):     374740 kB
Inactive(file):   878132 kB
Unevictable:        2748 kB
Mlocked:               0 kB
HighTotal:       2306432 kB
HighFree:          39548 kB
LowTotal:         589156 kB
LowFree:           47696 kB
SwapTotal:       1048572 kB
SwapFree:        1048572 kB
Dirty:                 0 kB
Writeback:             0 kB
AnonPages:        669696 kB
Mapped:           396416 kB
Shmem:              3812 kB
Slab:              55648 kB
SReclaimable:      19888 kB
SUnreclaim:        35760 kB
KernelStack:       13384 kB
PageTables:        39236 kB
NFS_Unstable:          0 kB
Bounce:                0 kB
WritebackTmp:          0 kB
CommitLimit:     2496364 kB
Committed_AS:   86294972 kB
VmallocTotal:     385024 kB
VmallocUsed:      158484 kB
VmallocChunk:      60484 kB
Time pass: 275 sec

---2015-12-05 01:40:17
MemTotal:        2895588 kB
MemFree:           86656 kB
Buffers:           12584 kB
Cached:          1246864 kB
SwapCached:            0 kB
Active:           703472 kB
Inactive:        1222936 kB
Active(anon):     328732 kB
Inactive(anon):   344788 kB
Active(file):     374740 kB
Inactive(file):   878148 kB
Unevictable:        2748 kB
Mlocked:               0 kB
HighTotal:       2306432 kB
HighFree:          39196 kB
LowTotal:         589156 kB
LowFree:           47460 kB
SwapTotal:       1048572 kB
SwapFree:        1048572 kB
Dirty:                36 kB
Writeback:             0 kB
AnonPages:        669968 kB
Mapped:           396416 kB
Shmem:              3812 kB
Slab:              55648 kB
SReclaimable:      19888 kB
SUnreclaim:        35760 kB
KernelStack:       13384 kB
PageTables:        39236 kB
NFS_Unstable:          0 kB
Bounce:                0 kB
WritebackTmp:          0 kB
CommitLimit:     2496364 kB
Committed_AS:   86295044 kB
VmallocTotal:     385024 kB
VmallocUsed:      158484 kB
VmallocChunk:      60484 kB
Time pass: 278 sec

---2015-12-05 01:40:17
MemTotal:        2895588 kB
MemFree:           86164 kB
Buffers:           12592 kB
Cached:          1246864 kB
SwapCached:            0 kB
Active:           703772 kB
Inactive:        1222944 kB
Active(anon):     329032 kB
Inactive(anon):   344788 kB
Active(file):     374740 kB
Inactive(file):   878156 kB
Unevictable:        2748 kB
Mlocked:               0 kB
HighTotal:       2306432 kB
HighFree:          38432 kB
LowTotal:         589156 kB
LowFree:           47732 kB
SwapTotal:       1048572 kB
SwapFree:        1048572 kB
Dirty:                28 kB
Writeback:             0 kB
AnonPages:        670540 kB
Mapped:           396416 kB
Shmem:              3812 kB
Slab:              55640 kB
SReclaimable:      19888 kB
SUnreclaim:        35752 kB
KernelStack:       13376 kB
PageTables:        39236 kB
NFS_Unstable:          0 kB
Bounce:                0 kB
WritebackTmp:          0 kB
CommitLimit:     2496364 kB
Committed_AS:   86295076 kB
VmallocTotal:     385024 kB
VmallocUsed:      158484 kB
VmallocChunk:      60484 kB
Time pass: 282 sec

---2015-12-05 01:40:17
MemTotal:        2895588 kB
MemFree:           86968 kB
Buffers:           12608 kB
Cached:          1246864 kB
SwapCached:            0 kB
Active:           704140 kB
Inactive:        1222960 kB
Active(anon):     329400 kB
Inactive(anon):   344788 kB
Active(file):     374740 kB
Inactive(file):   878172 kB
Unevictable:        2748 kB
Mlocked:               0 kB
HighTotal:       2306432 kB
HighFree:          38164 kB
LowTotal:         589156 kB
LowFree:           48804 kB
SwapTotal:       1048572 kB
SwapFree:        1048572 kB
Dirty:                36 kB
Writeback:             0 kB
AnonPages:        670452 kB
Mapped:           396364 kB
Shmem:              3812 kB
Slab:              55640 kB
SReclaimable:      19888 kB
SUnreclaim:        35752 kB
KernelStack:       13376 kB
PageTables:        39216 kB
NFS_Unstable:          0 kB
Bounce:                0 kB
WritebackTmp:          0 kB
CommitLimit:     2496364 kB
Committed_AS:   86295356 kB
VmallocTotal:     385024 kB
VmallocUsed:      158484 kB
VmallocChunk:      60484 kB
Time pass: 286 sec

---2015-12-05 01:40:17
MemTotal:        2895588 kB
MemFree:           86472 kB
Buffers:           12616 kB
Cached:          1246864 kB
SwapCached:            0 kB
Active:           704308 kB
Inactive:        1222960 kB
Active(anon):     329568 kB
Inactive(anon):   344788 kB
Active(file):     374740 kB
Inactive(file):   878172 kB
Unevictable:        2748 kB
Mlocked:               0 kB
HighTotal:       2306432 kB
HighFree:          38164 kB
LowTotal:         589156 kB
LowFree:           48308 kB
SwapTotal:       1048572 kB
SwapFree:        1048572 kB
Dirty:                28 kB
Writeback:             0 kB
AnonPages:        670396 kB
Mapped:           396416 kB
Shmem:              3812 kB
Slab:              55640 kB
SReclaimable:      19888 kB
SUnreclaim:        35752 kB
KernelStack:       13368 kB
PageTables:        39236 kB
NFS_Unstable:          0 kB
Bounce:                0 kB
WritebackTmp:          0 kB
CommitLimit:     2496364 kB
Committed_AS:   86295476 kB
VmallocTotal:     385024 kB
VmallocUsed:      158484 kB
VmallocChunk:      60484 kB
Time pass: 289 sec

---2015-12-05 01:40:17
MemTotal:        2895588 kB
MemFree:           86736 kB
Buffers:           12632 kB
Cached:          1246864 kB
SwapCached:            0 kB
Active:           704276 kB
Inactive:        1222980 kB
Active(anon):     329536 kB
Inactive(anon):   344784 kB
Active(file):     374740 kB
Inactive(file):   878196 kB
Unevictable:        2748 kB
Mlocked:               0 kB
HighTotal:       2306432 kB
HighFree:          39032 kB
LowTotal:         589156 kB
LowFree:           47704 kB
SwapTotal:       1048572 kB
SwapFree:        1048572 kB
Dirty:                36 kB
Writeback:             0 kB
AnonPages:        670424 kB
Mapped:           396468 kB
Shmem:              3812 kB
Slab:              55640 kB
SReclaimable:      19888 kB
SUnreclaim:        35752 kB
KernelStack:       13368 kB
PageTables:        39264 kB
NFS_Unstable:          0 kB
Bounce:                0 kB
WritebackTmp:          0 kB
CommitLimit:     2496364 kB
Committed_AS:   86299708 kB
VmallocTotal:     385024 kB
VmallocUsed:      158484 kB
VmallocChunk:      60484 kB
Time pass: 293 sec

---2015-12-05 01:40:17
MemTotal:        2895588 kB
MemFree:           86464 kB
Buffers:           12648 kB
Cached:          1246864 kB
SwapCached:            0 kB
Active:           704216 kB
Inactive:        1222996 kB
Active(anon):     329476 kB
Inactive(anon):   344784 kB
Active(file):     374740 kB
Inactive(file):   878212 kB
Unevictable:        2748 kB
Mlocked:               0 kB
HighTotal:       2306432 kB
HighFree:          38288 kB
LowTotal:         589156 kB
LowFree:           48176 kB
SwapTotal:       1048572 kB
SwapFree:        1048572 kB
Dirty:                32 kB
Writeback:             0 kB
AnonPages:        670604 kB
Mapped:           396416 kB
Shmem:              3812 kB
Slab:              55640 kB
SReclaimable:      19888 kB
SUnreclaim:        35752 kB
KernelStack:       13368 kB
PageTables:        39244 kB
NFS_Unstable:          0 kB
Bounce:                0 kB
WritebackTmp:          0 kB
CommitLimit:     2496364 kB
Committed_AS:   86299884 kB
VmallocTotal:     385024 kB
VmallocUsed:      158484 kB
VmallocChunk:      60484 kB
Time pass: 296 sec

---2015-12-05 01:40:17
MemTotal:        2895588 kB
MemFree:           86008 kB
Buffers:           12648 kB
Cached:          1246864 kB
SwapCached:            0 kB
Active:           704584 kB
Inactive:        1222984 kB
Active(anon):     329844 kB
Inactive(anon):   344772 kB
Active(file):     374740 kB
Inactive(file):   878212 kB
Unevictable:        2748 kB
Mlocked:               0 kB
HighTotal:       2306432 kB
HighFree:          38112 kB
LowTotal:         589156 kB
LowFree:           47896 kB
SwapTotal:       1048572 kB
SwapFree:        1048572 kB
Dirty:                32 kB
Writeback:             0 kB
AnonPages:        671068 kB
Mapped:           396364 kB
Shmem:              3812 kB
Slab:              55640 kB
SReclaimable:      19888 kB
SUnreclaim:        35752 kB
KernelStack:       13368 kB
PageTables:        39224 kB
NFS_Unstable:          0 kB
Bounce:                0 kB
WritebackTmp:          0 kB
CommitLimit:     2496364 kB
Committed_AS:   86299932 kB
VmallocTotal:     385024 kB
VmallocUsed:      158484 kB
VmallocChunk:      60484 kB
Time pass: 300 sec

---2015-12-05 01:40:17
MemTotal:        2895588 kB
MemFree:           85180 kB
Buffers:           12672 kB
Cached:          1246864 kB
SwapCached:            0 kB
Active:           705012 kB
Inactive:        1223000 kB
Active(anon):     330272 kB
Inactive(anon):   344772 kB
Active(file):     374740 kB
Inactive(file):   878228 kB
Unevictable:        2748 kB
Mlocked:               0 kB
HighTotal:       2306432 kB
HighFree:          38112 kB
LowTotal:         589156 kB
LowFree:           47068 kB
SwapTotal:       1048572 kB
SwapFree:        1048572 kB
Dirty:                32 kB
Writeback:             0 kB
AnonPages:        671416 kB
Mapped:           396416 kB
Shmem:              3812 kB
Slab:              55640 kB
SReclaimable:      19888 kB
SUnreclaim:        35752 kB
KernelStack:       13368 kB
PageTables:        39244 kB
NFS_Unstable:          0 kB
Bounce:                0 kB
WritebackTmp:          0 kB
CommitLimit:     2496364 kB
Committed_AS:   86300196 kB
VmallocTotal:     385024 kB
VmallocUsed:      158484 kB
VmallocChunk:      60484 kB
Time pass: 303 sec

---2015-12-05 01:40:17
MemTotal:        2895588 kB
MemFree:           85044 kB
Buffers:           12672 kB
Cached:          1246864 kB
SwapCached:            0 kB
Active:           705284 kB
Inactive:        1223008 kB
Active(anon):     330544 kB
Inactive(anon):   344772 kB
Active(file):     374740 kB
Inactive(file):   878236 kB
Unevictable:        2748 kB
Mlocked:               0 kB
HighTotal:       2306432 kB
HighFree:          38360 kB
LowTotal:         589156 kB
LowFree:           46684 kB
SwapTotal:       1048572 kB
SwapFree:        1048572 kB
Dirty:                 0 kB
Writeback:             0 kB
AnonPages:        671792 kB
Mapped:           396364 kB
Shmem:              3812 kB
Slab:              55640 kB
SReclaimable:      19888 kB
SUnreclaim:        35752 kB
KernelStack:       13384 kB
PageTables:        39224 kB
NFS_Unstable:          0 kB
Bounce:                0 kB
WritebackTmp:          0 kB
CommitLimit:     2496364 kB
Committed_AS:   86300372 kB
VmallocTotal:     385024 kB
VmallocUsed:      158484 kB
VmallocChunk:      60484 kB
Time pass: 307 sec

---2015-12-05 01:40:17
MemTotal:        2895588 kB
MemFree:           84884 kB
Buffers:           12696 kB
Cached:          1246848 kB
SwapCached:            0 kB
Active:           705116 kB
Inactive:        1223016 kB
Active(anon):     330376 kB
Inactive(anon):   344772 kB
Active(file):     374740 kB
Inactive(file):   878244 kB
Unevictable:        2748 kB
Mlocked:               0 kB
HighTotal:       2306432 kB
HighFree:          38256 kB
LowTotal:         589156 kB
LowFree:           46628 kB
SwapTotal:       1048572 kB
SwapFree:        1048572 kB
Dirty:                28 kB
Writeback:             0 kB
AnonPages:        671324 kB
Mapped:           396364 kB
Shmem:              3812 kB
Slab:              55640 kB
SReclaimable:      19888 kB
SUnreclaim:        35752 kB
KernelStack:       13368 kB
PageTables:        39224 kB
NFS_Unstable:          0 kB
Bounce:                0 kB
WritebackTmp:          0 kB
CommitLimit:     2496364 kB
Committed_AS:   86300412 kB
VmallocTotal:     385024 kB
VmallocUsed:      158484 kB
VmallocChunk:      60484 kB
Time pass: 310 sec

---2015-12-05 01:40:17
MemTotal:        2895588 kB
MemFree:           84548 kB
Buffers:           12696 kB
Cached:          1246864 kB
SwapCached:            0 kB
Active:           705032 kB
Inactive:        1223032 kB
Active(anon):     330292 kB
Inactive(anon):   344772 kB
Active(file):     374740 kB
Inactive(file):   878260 kB
Unevictable:        2748 kB
Mlocked:               0 kB
HighTotal:       2306432 kB
HighFree:          38236 kB
LowTotal:         589156 kB
LowFree:           46312 kB
SwapTotal:       1048572 kB
SwapFree:        1048572 kB
Dirty:                 0 kB
Writeback:             0 kB
AnonPages:        671728 kB
Mapped:           396416 kB
Shmem:              3812 kB
Slab:              55640 kB
SReclaimable:      19888 kB
SUnreclaim:        35752 kB
KernelStack:       13384 kB
PageTables:        39244 kB
NFS_Unstable:          0 kB
Bounce:                0 kB
WritebackTmp:          0 kB
CommitLimit:     2496364 kB
Committed_AS:   86300668 kB
VmallocTotal:     385024 kB
VmallocUsed:      158484 kB
VmallocChunk:      60484 kB
Time pass: 314 sec

---2015-12-05 01:40:17
MemTotal:        2895588 kB
MemFree:           84948 kB
Buffers:           12704 kB
Cached:          1246864 kB
SwapCached:            0 kB
Active:           705332 kB
Inactive:        1223032 kB
Active(anon):     330592 kB
Inactive(anon):   344772 kB
Active(file):     374740 kB
Inactive(file):   878260 kB
Unevictable:        2748 kB
Mlocked:               0 kB
HighTotal:       2306432 kB
HighFree:          38236 kB
LowTotal:         589156 kB
LowFree:           46712 kB
SwapTotal:       1048572 kB
SwapFree:        1048572 kB
Dirty:                28 kB
Writeback:             0 kB
AnonPages:        671640 kB
Mapped:           396364 kB
Shmem:              3812 kB
Slab:              55644 kB
SReclaimable:      19888 kB
SUnreclaim:        35756 kB
KernelStack:       13368 kB
PageTables:        39224 kB
NFS_Unstable:          0 kB
Bounce:                0 kB
WritebackTmp:          0 kB
CommitLimit:     2496364 kB
Committed_AS:   86300788 kB
VmallocTotal:     385024 kB
VmallocUsed:      158484 kB
VmallocChunk:      60484 kB
Time pass: 317 sec

---2015-12-05 01:40:17
MemTotal:        2895588 kB
MemFree:           84660 kB
Buffers:           12720 kB
Cached:          1246864 kB
SwapCached:            0 kB
Active:           705400 kB
Inactive:        1223056 kB
Active(anon):     330660 kB
Inactive(anon):   344772 kB
Active(file):     374740 kB
Inactive(file):   878284 kB
Unevictable:        2748 kB
Mlocked:               0 kB
HighTotal:       2306432 kB
HighFree:          38288 kB
LowTotal:         589156 kB
LowFree:           46372 kB
SwapTotal:       1048572 kB
SwapFree:        1048572 kB
Dirty:                32 kB
Writeback:             0 kB
AnonPages:        671844 kB
Mapped:           396416 kB
