---2015-12-05 14:07:44
MemTotal:        2905316 kB
MemFree:           78748 kB
Buffers:           26456 kB
Cached:          1390704 kB
SwapCached:            0 kB
Active:          1308884 kB
Inactive:        1023648 kB
Active(anon):     801344 kB
Inactive(anon):   154696 kB
Active(file):     507540 kB
Inactive(file):   868952 kB
Unevictable:        7800 kB
Mlocked:               0 kB
SwapTotal:        720184 kB
SwapFree:         720184 kB
Dirty:               820 kB
Writeback:             0 kB
AnonPages:        923748 kB
Mapped:           530656 kB
Shmem:             32840 kB
Slab:             118624 kB
SReclaimable:      35716 kB
SUnreclaim:        82908 kB
KernelStack:       33392 kB
PageTables:        57520 kB
NFS_Unstable:          0 kB
Bounce:                0 kB
WritebackTmp:          0 kB
CommitLimit:     2172840 kB
Committed_AS:   95588908 kB
VmallocTotal:   251658176 kB
VmallocUsed:      137688 kB
VmallocChunk:   251450412 kB
Time pass: 3 sec

---2015-12-05 14:07:44
MemTotal:        2905316 kB
MemFree:           93656 kB
Buffers:           26456 kB
Cached:          1381004 kB
SwapCached:            0 kB
Active:          1310388 kB
Inactive:        1009320 kB
Active(anon):     796532 kB
Inactive(anon):   156380 kB
Active(file):     513856 kB
Inactive(file):   852940 kB
Unevictable:        7800 kB
Mlocked:               0 kB
SwapTotal:        720184 kB
SwapFree:         720184 kB
Dirty:                 0 kB
Writeback:           108 kB
AnonPages:        919964 kB
Mapped:           538008 kB
Shmem:             32864 kB
Slab:             119300 kB
SReclaimable:      36164 kB
SUnreclaim:        83136 kB
KernelStack:       32720 kB
PageTables:        56064 kB
NFS_Unstable:          0 kB
Bounce:                0 kB
WritebackTmp:          0 kB
CommitLimit:     2172840 kB
Committed_AS:   92578188 kB
VmallocTotal:   251658176 kB
VmallocUsed:      135648 kB
VmallocChunk:   251447340 kB
Time pass: 7 sec

---2015-12-05 14:07:44
MemTotal:        2905316 kB
MemFree:          125124 kB
Buffers:           26464 kB
Cached:          1381088 kB
SwapCached:            0 kB
Active:          1278652 kB
Inactive:        1009356 kB
Active(anon):     764752 kB
Inactive(anon):   156372 kB
Active(file):     513900 kB
Inactive(file):   852984 kB
Unevictable:        7800 kB
Mlocked:               0 kB
SwapTotal:        720184 kB
SwapFree:         720184 kB
Dirty:               172 kB
Writeback:             0 kB
AnonPages:        888324 kB
Mapped:           530340 kB
Shmem:             32856 kB
Slab:             119184 kB
SReclaimable:      36260 kB
SUnreclaim:        82924 kB
KernelStack:       32224 kB
PageTables:        56180 kB
NFS_Unstable:          0 kB
Bounce:                0 kB
WritebackTmp:          0 kB
CommitLimit:     2172840 kB
Committed_AS:   92570012 kB
VmallocTotal:   251658176 kB
VmallocUsed:      135648 kB
VmallocChunk:   251444268 kB
Time pass: 11 sec

---2015-12-05 14:07:44
MemTotal:        2905316 kB
MemFree:          140284 kB
Buffers:           26464 kB
Cached:          1382348 kB
SwapCached:            0 kB
Active:          1265712 kB
Inactive:        1010520 kB
Active(anon):     751796 kB
Inactive(anon):   156240 kB
Active(file):     513916 kB
Inactive(file):   854280 kB
Unevictable:        7800 kB
Mlocked:               0 kB
SwapTotal:        720184 kB
SwapFree:         720184 kB
Dirty:               156 kB
Writeback:             0 kB
AnonPages:        875404 kB
Mapped:           501760 kB
Shmem:             32728 kB
Slab:             119116 kB
SReclaimable:      36260 kB
SUnreclaim:        82856 kB
KernelStack:       31200 kB
PageTables:        55336 kB
NFS_Unstable:          0 kB
Bounce:                0 kB
WritebackTmp:          0 kB
CommitLimit:     2172840 kB
Committed_AS:   91308824 kB
VmallocTotal:   251658176 kB
VmallocUsed:      134492 kB
VmallocChunk:   251444268 kB
Time pass: 15 sec

---2015-12-05 14:07:44
MemTotal:        2905316 kB
MemFree:           63400 kB
Buffers:           26864 kB
Cached:          1400080 kB
SwapCached:            0 kB
Active:          1295352 kB
Inactive:        1029296 kB
Active(anon):     778488 kB
Inactive(anon):   160340 kB
Active(file):     516864 kB
Inactive(file):   868956 kB
Unevictable:        7800 kB
Mlocked:               0 kB
SwapTotal:        720184 kB
SwapFree:         720184 kB
Dirty:               296 kB
Writeback:             0 kB
AnonPages:        906408 kB
Mapped:           543408 kB
Shmem:             32744 kB
Slab:             118928 kB
SReclaimable:      36036 kB
SUnreclaim:        82892 kB
KernelStack:       32448 kB
PageTables:        57212 kB
NFS_Unstable:          0 kB
Bounce:                0 kB
WritebackTmp:          0 kB
CommitLimit:     2172840 kB
Committed_AS:   94071908 kB
VmallocTotal:   251658176 kB
VmallocUsed:      138572 kB
VmallocChunk:   251437100 kB
Time pass: 19 sec

---2015-12-05 14:07:44
MemTotal:        2905316 kB
MemFree:           65184 kB
Buffers:           27656 kB
Cached:          1260968 kB
SwapCached:            0 kB
Active:          1327772 kB
Inactive:         889472 kB
Active(anon):     794732 kB
Inactive(anon):   174552 kB
Active(file):     533040 kB
Inactive(file):   714920 kB
Unevictable:        7800 kB
Mlocked:               0 kB
SwapTotal:        720184 kB
SwapFree:         720184 kB
Dirty:                80 kB
Writeback:             0 kB
AnonPages:        936704 kB
Mapped:           603136 kB
Shmem:             32992 kB
Slab:             119440 kB
SReclaimable:      36132 kB
SUnreclaim:        83308 kB
KernelStack:       33680 kB
PageTables:        56516 kB
NFS_Unstable:          0 kB
Bounce:                0 kB
WritebackTmp:          0 kB
CommitLimit:     2172840 kB
Committed_AS:   91629904 kB
VmallocTotal:   251658176 kB
VmallocUsed:      137240 kB
VmallocChunk:   251437100 kB
Time pass: 23 sec

---2015-12-05 14:07:44
MemTotal:        2905316 kB
MemFree:           77464 kB
Buffers:           27632 kB
Cached:          1249192 kB
SwapCached:            0 kB
Active:          1298964 kB
Inactive:         880408 kB
Active(anon):     765464 kB
Inactive(anon):   177880 kB
Active(file):     533500 kB
Inactive(file):   702528 kB
Unevictable:        7800 kB
Mlocked:               0 kB
SwapTotal:        720184 kB
SwapFree:         720184 kB
Dirty:               284 kB
Writeback:             0 kB
AnonPages:        910492 kB
Mapped:           619716 kB
Shmem:             32992 kB
Slab:             118932 kB
SReclaimable:      36020 kB
SUnreclaim:        82912 kB
KernelStack:       33408 kB
PageTables:        56124 kB
NFS_Unstable:          0 kB
Bounce:                0 kB
WritebackTmp:          0 kB
CommitLimit:     2172840 kB
Committed_AS:   90895920 kB
VmallocTotal:   251658176 kB
VmallocUsed:      136464 kB
VmallocChunk:   251437100 kB
Time pass: 26 sec

---2015-12-05 14:07:44
MemTotal:        2905316 kB
MemFree:           74572 kB
Buffers:           27656 kB
Cached:          1250664 kB
SwapCached:            0 kB
Active:          1301004 kB
Inactive:         881880 kB
Active(anon):     767504 kB
Inactive(anon):   177880 kB
Active(file):     533500 kB
Inactive(file):   704000 kB
Unevictable:        7800 kB
Mlocked:               0 kB
SwapTotal:        720184 kB
SwapFree:         720184 kB
Dirty:               176 kB
Writeback:             0 kB
AnonPages:        912284 kB
Mapped:           619980 kB
Shmem:             32992 kB
Slab:             119116 kB
SReclaimable:      36148 kB
SUnreclaim:        82968 kB
KernelStack:       33440 kB
PageTables:        56136 kB
NFS_Unstable:          0 kB
Bounce:                0 kB
WritebackTmp:          0 kB
CommitLimit:     2172840 kB
Committed_AS:   90924020 kB
VmallocTotal:   251658176 kB
VmallocUsed:      136464 kB
VmallocChunk:   251437100 kB
Time pass: 30 sec

---2015-12-05 14:07:44
MemTotal:        2905316 kB
MemFree:           70612 kB
Buffers:           27664 kB
Cached:          1252652 kB
SwapCached:            0 kB
Active:          1302044 kB
Inactive:         883816 kB
Active(anon):     768536 kB
Inactive(anon):   177940 kB
Active(file):     533508 kB
Inactive(file):   705876 kB
Unevictable:        7800 kB
Mlocked:               0 kB
SwapTotal:        720184 kB
SwapFree:         720184 kB
Dirty:                20 kB
Writeback:             0 kB
AnonPages:        913572 kB
Mapped:           620692 kB
Shmem:             33052 kB
Slab:             119068 kB
SReclaimable:      36148 kB
SUnreclaim:        82920 kB
KernelStack:       33424 kB
PageTables:        56192 kB
NFS_Unstable:          0 kB
Bounce:                0 kB
WritebackTmp:          0 kB
CommitLimit:     2172840 kB
Committed_AS:   90925020 kB
VmallocTotal:   251658176 kB
VmallocUsed:      136464 kB
VmallocChunk:   251437100 kB
Time pass: 34 sec

---2015-12-05 14:07:44
MemTotal:        2905316 kB
MemFree:           65276 kB
Buffers:           27696 kB
Cached:          1255076 kB
SwapCached:            0 kB
Active:          1305008 kB
Inactive:         886316 kB
Active(anon):     771468 kB
Inactive(anon):   177940 kB
Active(file):     533540 kB
Inactive(file):   708376 kB
Unevictable:        7800 kB
Mlocked:               0 kB
SwapTotal:        720184 kB
SwapFree:         720184 kB
Dirty:               116 kB
Writeback:             0 kB
AnonPages:        916380 kB
Mapped:           621284 kB
Shmem:             33052 kB
Slab:             119116 kB
SReclaimable:      36180 kB
SUnreclaim:        82936 kB
KernelStack:       33664 kB
PageTables:        56208 kB
NFS_Unstable:          0 kB
Bounce:                0 kB
WritebackTmp:          0 kB
CommitLimit:     2172840 kB
Committed_AS:   90926808 kB
VmallocTotal:   251658176 kB
VmallocUsed:      136464 kB
VmallocChunk:   251437100 kB
Time pass: 37 sec

---2015-12-05 14:07:44
MemTotal:        2905316 kB
MemFree:           63144 kB
Buffers:           29240 kB
Cached:          1255088 kB
SwapCached:            0 kB
Active:          1305060 kB
Inactive:         887800 kB
Active(anon):     771520 kB
Inactive(anon):   177940 kB
Active(file):     533540 kB
Inactive(file):   709860 kB
Unevictable:        7800 kB
Mlocked:               0 kB
SwapTotal:        720184 kB
SwapFree:         720184 kB
Dirty:                84 kB
Writeback:             0 kB
AnonPages:        916460 kB
Mapped:           621284 kB
Shmem:             33052 kB
Slab:             119136 kB
SReclaimable:      36196 kB
SUnreclaim:        82940 kB
KernelStack:       33664 kB
PageTables:        56208 kB
NFS_Unstable:          0 kB
Bounce:                0 kB
WritebackTmp:          0 kB
CommitLimit:     2172840 kB
Committed_AS:   90926840 kB
VmallocTotal:   251658176 kB
VmallocUsed:      136464 kB
VmallocChunk:   251437100 kB
Time pass: 41 sec

---2015-12-05 14:07:44
MemTotal:        2905316 kB
MemFree:           71416 kB
Buffers:           26320 kB
Cached:          1204412 kB
SwapCached:            0 kB
Active:          1310736 kB
Inactive:         845100 kB
Active(anon):     774912 kB
Inactive(anon):   190956 kB
Active(file):     535824 kB
Inactive(file):   654144 kB
Unevictable:        7800 kB
Mlocked:               0 kB
SwapTotal:        720184 kB
SwapFree:         720184 kB
Dirty:               304 kB
Writeback:             0 kB
AnonPages:        933028 kB
Mapped:           632632 kB
Shmem:             32836 kB
Slab:             116200 kB
SReclaimable:      33220 kB
SUnreclaim:        82980 kB
KernelStack:       33744 kB
PageTables:        56568 kB
NFS_Unstable:          0 kB
Bounce:                0 kB
WritebackTmp:          0 kB
CommitLimit:     2172840 kB
Committed_AS:   90953464 kB
VmallocTotal:   251658176 kB
VmallocUsed:      136720 kB
VmallocChunk:   251437100 kB
Time pass: 45 sec

---2015-12-05 14:07:44
MemTotal:        2905316 kB
MemFree:           74196 kB
Buffers:           26312 kB
Cached:          1190100 kB
SwapCached:            0 kB
Active:          1311116 kB
Inactive:         833412 kB
Active(anon):     774928 kB
Inactive(anon):   193708 kB
Active(file):     536188 kB
Inactive(file):   639704 kB
Unevictable:        7800 kB
Mlocked:               0 kB
SwapTotal:        720184 kB
SwapFree:         720184 kB
Dirty:                52 kB
Writeback:             0 kB
AnonPages:        935876 kB
Mapped:           638104 kB
Shmem:             32700 kB
Slab:             119036 kB
SReclaimable:      35988 kB
SUnreclaim:        83048 kB
KernelStack:       33712 kB
PageTables:        56584 kB
NFS_Unstable:          0 kB
Bounce:                0 kB
WritebackTmp:          0 kB
CommitLimit:     2172840 kB
Committed_AS:   90965144 kB
VmallocTotal:   251658176 kB
VmallocUsed:      136768 kB
VmallocChunk:   251437100 kB
Time pass: 49 sec

---2015-12-05 14:07:44
MemTotal:        2905316 kB
MemFree:           71552 kB
Buffers:           26288 kB
Cached:          1163648 kB
SwapCached:            0 kB
Active:          1326720 kB
Inactive:         806460 kB
Active(anon):     786440 kB
Inactive(anon):   197280 kB
Active(file):     540280 kB
Inactive(file):   609180 kB
Unevictable:        7800 kB
Mlocked:               0 kB
SwapTotal:        720184 kB
SwapFree:         720184 kB
Dirty:                32 kB
Writeback:           880 kB
AnonPages:        950992 kB
Mapped:           661676 kB
Shmem:             32704 kB
Slab:             117708 kB
SReclaimable:      34476 kB
SUnreclaim:        83232 kB
KernelStack:       33904 kB
PageTables:        56564 kB
NFS_Unstable:          0 kB
Bounce:                0 kB
WritebackTmp:          0 kB
CommitLimit:     2172840 kB
Committed_AS:   90983052 kB
VmallocTotal:   251658176 kB
VmallocUsed:      136884 kB
VmallocChunk:   251437100 kB
Time pass: 52 sec

---2015-12-05 14:07:44
MemTotal:        2905316 kB
MemFree:           79880 kB
Buffers:           24428 kB
Cached:          1137004 kB
SwapCached:            0 kB
Active:          1321536 kB
Inactive:         770508 kB
Active(anon):     773780 kB
Inactive(anon):   197408 kB
Active(file):     547756 kB
Inactive(file):   573100 kB
Unevictable:        7800 kB
Mlocked:               0 kB
SwapTotal:        720184 kB
SwapFree:         720184 kB
Dirty:               940 kB
Writeback:             0 kB
AnonPages:        938488 kB
Mapped:           695104 kB
Shmem:             32704 kB
Slab:             119204 kB
SReclaimable:      36044 kB
SUnreclaim:        83160 kB
KernelStack:       33952 kB
PageTables:        56688 kB
NFS_Unstable:          0 kB
Bounce:                0 kB
WritebackTmp:          0 kB
CommitLimit:     2172840 kB
Committed_AS:   90971936 kB
VmallocTotal:   251658176 kB
VmallocUsed:      137196 kB
VmallocChunk:   251437100 kB
Time pass: 56 sec

---2015-12-05 14:07:44
MemTotal:        2905316 kB
MemFree:           78484 kB
Buffers:           24436 kB
Cached:          1137212 kB
SwapCached:            0 kB
Active:          1322632 kB
Inactive:         770780 kB
Active(anon):     774872 kB
Inactive(anon):   197408 kB
Active(file):     547760 kB
Inactive(file):   573372 kB
Unevictable:        7800 kB
Mlocked:               0 kB
SwapTotal:        720184 kB
SwapFree:         720184 kB
Dirty:                96 kB
Writeback:             0 kB
AnonPages:        939604 kB
Mapped:           695140 kB
Shmem:             32704 kB
Slab:             119368 kB
SReclaimable:      36124 kB
SUnreclaim:        83244 kB
KernelStack:       33936 kB
PageTables:        56696 kB
NFS_Unstable:          0 kB
Bounce:                0 kB
WritebackTmp:          0 kB
CommitLimit:     2172840 kB
Committed_AS:   90972068 kB
VmallocTotal:   251658176 kB
VmallocUsed:      137196 kB
VmallocChunk:   251437100 kB
Time pass: 60 sec

---2015-12-05 14:07:44
MemTotal:        2905316 kB
MemFree:           71420 kB
Buffers:           25080 kB
Cached:          1124808 kB
SwapCached:            0 kB
Active:          1325664 kB
Inactive:         758892 kB
Active(anon):     777780 kB
Inactive(anon):   197468 kB
Active(file):     547884 kB
Inactive(file):   561424 kB
Unevictable:        7800 kB
Mlocked:               0 kB
SwapTotal:        720184 kB
SwapFree:         720184 kB
Dirty:               184 kB
Writeback:             0 kB
AnonPages:        942564 kB
Mapped:           705004 kB
Shmem:             32764 kB
Slab:             119244 kB
SReclaimable:      35948 kB
SUnreclaim:        83296 kB
KernelStack:       33904 kB
PageTables:        56780 kB
NFS_Unstable:          0 kB
Bounce:                0 kB
WritebackTmp:          0 kB
CommitLimit:     2172840 kB
Committed_AS:   90998612 kB
VmallocTotal:   251658176 kB
VmallocUsed:      137316 kB
VmallocChunk:   251437100 kB
Time pass: 64 sec

---2015-12-05 14:07:44
MemTotal:        2905316 kB
MemFree:           70784 kB
Buffers:           25088 kB
Cached:          1124808 kB
SwapCached:            0 kB
Active:          1325580 kB
Inactive:         758896 kB
Active(anon):     777684 kB
Inactive(anon):   197468 kB
Active(file):     547896 kB
Inactive(file):   561428 kB
Unevictable:        7800 kB
Mlocked:               0 kB
SwapTotal:        720184 kB
SwapFree:         720184 kB
Dirty:               192 kB
Writeback:           220 kB
AnonPages:        942516 kB
Mapped:           705084 kB
Shmem:             32764 kB
Slab:             119236 kB
SReclaimable:      35948 kB
SUnreclaim:        83288 kB
KernelStack:       33824 kB
PageTables:        56800 kB
NFS_Unstable:          0 kB
Bounce:                0 kB
WritebackTmp:          0 kB
CommitLimit:     2172840 kB
Committed_AS:   90998592 kB
VmallocTotal:   251658176 kB
VmallocUsed:      137316 kB
VmallocChunk:   251437100 kB
Time pass: 67 sec

---2015-12-05 14:07:44
MemTotal:        2905316 kB
MemFree:           64460 kB
Buffers:           25216 kB
Cached:          1102972 kB
SwapCached:            0 kB
Active:          1327480 kB
Inactive:         737408 kB
Active(anon):     784296 kB
Inactive(anon):   197904 kB
Active(file):     543184 kB
Inactive(file):   539504 kB
Unevictable:       12764 kB
Mlocked:               0 kB
SwapTotal:        720184 kB
SwapFree:         720156 kB
Dirty:               624 kB
Writeback:             0 kB
AnonPages:        949428 kB
Mapped:           717240 kB
Shmem:             32736 kB
Slab:             119452 kB
SReclaimable:      36060 kB
SUnreclaim:        83392 kB
KernelStack:       33904 kB
PageTables:        56732 kB
NFS_Unstable:          0 kB
Bounce:                0 kB
WritebackTmp:          0 kB
CommitLimit:     2172840 kB
Committed_AS:   91007828 kB
VmallocTotal:   251658176 kB
VmallocUsed:      137500 kB
VmallocChunk:   251437100 kB
Time pass: 71 sec

---2015-12-05 14:07:44
MemTotal:        2905316 kB
MemFree:           62408 kB
Buffers:           25156 kB
Cached:          1098988 kB
SwapCached:            0 kB
Active:          1329752 kB
Inactive:         737848 kB
Active(anon):     791296 kB
Inactive(anon):   197876 kB
Active(file):     538456 kB
Inactive(file):   539972 kB
Unevictable:       12764 kB
Mlocked:               0 kB
SwapTotal:        720184 kB
SwapFree:         720156 kB
Dirty:               228 kB
Writeback:             0 kB
AnonPages:        956384 kB
Mapped:           721944 kB
Shmem:             32736 kB
Slab:             119612 kB
SReclaimable:      36060 kB
SUnreclaim:        83552 kB
KernelStack:       33888 kB
PageTables:        56688 kB
NFS_Unstable:          0 kB
Bounce:                0 kB
WritebackTmp:          0 kB
CommitLimit:     2172840 kB
Committed_AS:   91012880 kB
VmallocTotal:   251658176 kB
VmallocUsed:      137500 kB
VmallocChunk:   251437100 kB
Time pass: 75 sec

---2015-12-05 14:07:44
MemTotal:        2905316 kB
MemFree:           64704 kB
Buffers:           25076 kB
Cached:          1081992 kB
SwapCached:            0 kB
Active:          1334656 kB
Inactive:         731980 kB
Active(anon):     804052 kB
Inactive(anon):   201156 kB
Active(file):     530604 kB
Inactive(file):   530824 kB
Unevictable:       12768 kB
Mlocked:               0 kB
SwapTotal:        720184 kB
SwapFree:         720156 kB
Dirty:                 0 kB
Writeback:             0 kB
AnonPages:        972252 kB
Mapped:           717628 kB
Shmem:             32872 kB
Slab:             119736 kB
SReclaimable:      35932 kB
SUnreclaim:        83804 kB
KernelStack:       34272 kB
PageTables:        56960 kB
NFS_Unstable:          0 kB
Bounce:                0 kB
WritebackTmp:          0 kB
CommitLimit:     2172840 kB
Committed_AS:   91059560 kB
VmallocTotal:   251658176 kB
VmallocUsed:      139948 kB
VmallocChunk:   251437100 kB
Time pass: 78 sec

---2015-12-05 14:07:44
MemTotal:        2905316 kB
MemFree:           66632 kB
Buffers:           24948 kB
Cached:          1047020 kB
SwapCached:            0 kB
Active:          1318552 kB
Inactive:         714724 kB
Active(anon):     805548 kB
Inactive(anon):   201632 kB
Active(file):     513004 kB
Inactive(file):   513092 kB
Unevictable:       12768 kB
Mlocked:               0 kB
SwapTotal:        720184 kB
SwapFree:         720156 kB
Dirty:               160 kB
Writeback:             0 kB
AnonPages:        974240 kB
Mapped:           716236 kB
Shmem:             33016 kB
Slab:             119284 kB
SReclaimable:      35612 kB
SUnreclaim:        83672 kB
KernelStack:       34176 kB
PageTables:        57116 kB
NFS_Unstable:          0 kB
Bounce:                0 kB
WritebackTmp:          0 kB
CommitLimit:     2172840 kB
Committed_AS:   91061492 kB
VmallocTotal:   251658176 kB
VmallocUsed:      139948 kB
VmallocChunk:   251437100 kB
Time pass: 82 sec

---2015-12-05 14:07:44
MemTotal:        2905316 kB
MemFree:           65476 kB
Buffers:           24956 kB
Cached:          1047148 kB
SwapCached:            0 kB
Active:          1319652 kB
Inactive:         714904 kB
Active(anon):     806624 kB
Inactive(anon):   201692 kB
Active(file):     513028 kB
Inactive(file):   513212 kB
Unevictable:       12768 kB
Mlocked:               0 kB
SwapTotal:        720184 kB
SwapFree:         720156 kB
Dirty:               116 kB
Writeback:             0 kB
AnonPages:        975248 kB
Mapped:           716264 kB
Shmem:             33068 kB
Slab:             119520 kB
SReclaimable:      35820 kB
SUnreclaim:        83700 kB
KernelStack:       34224 kB
PageTables:        57112 kB
NFS_Unstable:          0 kB
Bounce:                0 kB
WritebackTmp:          0 kB
CommitLimit:     2172840 kB
Committed_AS:   91061628 kB
VmallocTotal:   251658176 kB
VmallocUsed:      139948 kB
VmallocChunk:   251437100 kB
Time pass: 86 sec

---2015-12-05 14:07:44
MemTotal:        2905316 kB
MemFree:           64780 kB
Buffers:           24972 kB
Cached:          1047436 kB
SwapCached:            0 kB
Active:          1320648 kB
Inactive:         715196 kB
Active(anon):     807580 kB
Inactive(anon):   201916 kB
Active(file):     513068 kB
Inactive(file):   513280 kB
Unevictable:       12768 kB
Mlocked:               0 kB
SwapTotal:        720184 kB
SwapFree:         720156 kB
Dirty:                68 kB
Writeback:             0 kB
AnonPages:        976056 kB
Mapped:           716500 kB
Shmem:             33292 kB
Slab:             119648 kB
SReclaimable:      35836 kB
SUnreclaim:        83812 kB
KernelStack:       34192 kB
PageTables:        57116 kB
NFS_Unstable:          0 kB
Bounce:                0 kB
WritebackTmp:          0 kB
CommitLimit:     2172840 kB
Committed_AS:   91062304 kB
VmallocTotal:   251658176 kB
VmallocUsed:      139948 kB
VmallocChunk:   251437100 kB
Time pass: 90 sec

---2015-12-05 14:07:44
MemTotal:        2905316 kB
MemFree:           70268 kB
Buffers:           24948 kB
Cached:          1039888 kB
SwapCached:            0 kB
Active:          1318440 kB
Inactive:         711852 kB
Active(anon):     809100 kB
Inactive(anon):   202476 kB
Active(file):     509340 kB
Inactive(file):   509376 kB
Unevictable:       12768 kB
Mlocked:               0 kB
SwapTotal:        720184 kB
SwapFree:         720156 kB
Dirty:                68 kB
Writeback:             0 kB
AnonPages:        978148 kB
Mapped:           716256 kB
Shmem:             33352 kB
Slab:             119516 kB
SReclaimable:      35836 kB
SUnreclaim:        83680 kB
KernelStack:       34208 kB
PageTables:        57160 kB
NFS_Unstable:          0 kB
Bounce:                0 kB
WritebackTmp:          0 kB
CommitLimit:     2172840 kB
Committed_AS:   91088992 kB
VmallocTotal:   251658176 kB
VmallocUsed:      139948 kB
VmallocChunk:   251437100 kB
Time pass: 94 sec

---2015-12-05 14:07:44
MemTotal:        2905316 kB
MemFree:           69876 kB
Buffers:           24956 kB
Cached:          1039912 kB
SwapCached:            0 kB
Active:          1318788 kB
Inactive:         711860 kB
Active(anon):     809428 kB
Inactive(anon):   202476 kB
Active(file):     509360 kB
Inactive(file):   509384 kB
Unevictable:       12768 kB
Mlocked:               0 kB
SwapTotal:        720184 kB
SwapFree:         720156 kB
Dirty:               104 kB
Writeback:             0 kB
AnonPages:        978636 kB
Mapped:           716260 kB
Shmem:             33352 kB
Slab:             119656 kB
SReclaimable:      35836 kB
SUnreclaim:        83820 kB
KernelStack:       34192 kB
PageTables:        57172 kB
NFS_Unstable:          0 kB
Bounce:                0 kB
WritebackTmp:          0 kB
CommitLimit:     2172840 kB
Committed_AS:   91088996 kB
VmallocTotal:   251658176 kB
VmallocUsed:      139948 kB
VmallocChunk:   251437100 kB
Time pass: 97 sec

---2015-12-05 14:07:44
MemTotal:        2905316 kB
MemFree:           88560 kB
Buffers:           24964 kB
Cached:          1033688 kB
SwapCached:            0 kB
Active:          1303900 kB
Inactive:         710276 kB
Active(anon):     797780 kB
Inactive(anon):   203308 kB
Active(file):     506120 kB
Inactive(file):   506968 kB
Unevictable:       12768 kB
Mlocked:               0 kB
SwapTotal:        720184 kB
SwapFree:         720156 kB
Dirty:               416 kB
Writeback:             0 kB
AnonPages:        968372 kB
Mapped:           713660 kB
Shmem:             32796 kB
Slab:             119808 kB
SReclaimable:      35852 kB
SUnreclaim:        83956 kB
KernelStack:       33824 kB
PageTables:        56868 kB
NFS_Unstable:          0 kB
Bounce:                0 kB
WritebackTmp:          0 kB
CommitLimit:     2172840 kB
Committed_AS:   91060824 kB
VmallocTotal:   251658176 kB
VmallocUsed:      139924 kB
VmallocChunk:   251437100 kB
Time pass: 101 sec

---2015-12-05 14:07:44
MemTotal:        2905316 kB
MemFree:          337544 kB
Buffers:           25016 kB
Cached:          1036784 kB
SwapCached:            0 kB
Active:          1230080 kB
Inactive:         713200 kB
Active(anon):     723744 kB
Inactive(anon):   205468 kB
Active(file):     506336 kB
Inactive(file):   507732 kB
Unevictable:       12768 kB
Mlocked:               0 kB
SwapTotal:        720184 kB
SwapFree:         720156 kB
Dirty:                12 kB
Writeback:             0 kB
AnonPages:        894452 kB
Mapped:           546872 kB
Shmem:             34960 kB
Slab:             119628 kB
SReclaimable:      35884 kB
SUnreclaim:        83744 kB
KernelStack:       32496 kB
PageTables:        55108 kB
NFS_Unstable:          0 kB
Bounce:                0 kB
WritebackTmp:          0 kB
CommitLimit:     2172840 kB
Committed_AS:   89712000 kB
VmallocTotal:   251658176 kB
VmallocUsed:      137280 kB
VmallocChunk:   251439148 kB
Time pass: 104 sec

---2015-12-05 14:07:44
MemTotal:        2905316 kB
MemFree:          236604 kB
Buffers:           26296 kB
Cached:          1039156 kB
SwapCached:            0 kB
Active:          1256500 kB
Inactive:         714720 kB
Active(anon):     748048 kB
Inactive(anon):   205600 kB
Active(file):     508452 kB
Inactive(file):   509120 kB
Unevictable:       12768 kB
Mlocked:               0 kB
SwapTotal:        720184 kB
SwapFree:         720156 kB
Dirty:               824 kB
Writeback:             0 kB
AnonPages:        918604 kB
Mapped:           616692 kB
Shmem:             35100 kB
Slab:             119552 kB
SReclaimable:      35948 kB
SUnreclaim:        83604 kB
KernelStack:       33616 kB
PageTables:        55648 kB
NFS_Unstable:          0 kB
Bounce:                0 kB
WritebackTmp:          0 kB
CommitLimit:     2172840 kB
Committed_AS:   89769828 kB
VmallocTotal:   251658176 kB
VmallocUsed:      138028 kB
VmallocChunk:   251439148 kB
Time pass: 108 sec

---2015-12-05 14:07:44
MemTotal:        2905316 kB
MemFree:          153808 kB
Buffers:           26304 kB
Cached:          1040540 kB
SwapCached:            0 kB
Active:          1283224 kB
Inactive:         714412 kB
Active(anon):     773040 kB
Inactive(anon):   205600 kB
Active(file):     510184 kB
Inactive(file):   508812 kB
Unevictable:       12768 kB
Mlocked:               0 kB
SwapTotal:        720184 kB
SwapFree:         720156 kB
Dirty:              2484 kB
Writeback:             0 kB
AnonPages:        943792 kB
Mapped:           648752 kB
Shmem:             35100 kB
Slab:             119576 kB
SReclaimable:      35980 kB
SUnreclaim:        83596 kB
KernelStack:       33584 kB
PageTables:        55840 kB
NFS_Unstable:          0 kB
Bounce:                0 kB
WritebackTmp:          0 kB
CommitLimit:     2172840 kB
Committed_AS:   89780768 kB
VmallocTotal:   251658176 kB
VmallocUsed:      146716 kB
VmallocChunk:   251439148 kB
Time pass: 112 sec

---2015-12-05 14:07:44
MemTotal:        2905316 kB
MemFree:          149576 kB
Buffers:           26312 kB
Cached:          1040576 kB
SwapCached:            0 kB
Active:          1275584 kB
Inactive:         714376 kB
Active(anon):     765340 kB
Inactive(anon):   205600 kB
Active(file):     510244 kB
Inactive(file):   508776 kB
Unevictable:       12768 kB
Mlocked:               0 kB
SwapTotal:        720184 kB
SwapFree:         720156 kB
Dirty:               868 kB
Writeback:             0 kB
AnonPages:        935704 kB
Mapped:           667600 kB
Shmem:             35100 kB
Slab:             119612 kB
SReclaimable:      35980 kB
SUnreclaim:        83632 kB
KernelStack:       33584 kB
PageTables:        55880 kB
NFS_Unstable:          0 kB
Bounce:                0 kB
WritebackTmp:          0 kB
CommitLimit:     2172840 kB
Committed_AS:   89780792 kB
VmallocTotal:   251658176 kB
VmallocUsed:      136112 kB
VmallocChunk:   251439148 kB
Time pass: 116 sec

---2015-12-05 14:07:44
MemTotal:        2905316 kB
MemFree:          129444 kB
Buffers:           26312 kB
Cached:          1040736 kB
SwapCached:            0 kB
Active:          1277780 kB
Inactive:         714336 kB
Active(anon):     767340 kB
Inactive(anon):   205600 kB
Active(file):     510440 kB
Inactive(file):   508736 kB
Unevictable:       12768 kB
Mlocked:               0 kB
SwapTotal:        720184 kB
SwapFree:         720156 kB
Dirty:               168 kB
Writeback:             0 kB
AnonPages:        937828 kB
Mapped:           677992 kB
Shmem:             35100 kB
Slab:             119616 kB
SReclaimable:      35980 kB
SUnreclaim:        83636 kB
KernelStack:       33568 kB
PageTables:        55912 kB
NFS_Unstable:          0 kB
Bounce:                0 kB
WritebackTmp:          0 kB
CommitLimit:     2172840 kB
Committed_AS:   89781956 kB
VmallocTotal:   251658176 kB
VmallocUsed:      136236 kB
VmallocChunk:   251439148 kB
Time pass: 119 sec

---2015-12-05 14:07:44
MemTotal:        2905316 kB
MemFree:          104872 kB
Buffers:           26320 kB
Cached:          1040924 kB
SwapCached:            0 kB
Active:          1284168 kB
Inactive:         714504 kB
Active(anon):     773692 kB
Inactive(anon):   205196 kB
Active(file):     510476 kB
Inactive(file):   509308 kB
Unevictable:       12768 kB
Mlocked:               0 kB
SwapTotal:        720184 kB
SwapFree:         720156 kB
Dirty:               620 kB
Writeback:             0 kB
AnonPages:        944316 kB
Mapped:           689728 kB
Shmem:             34692 kB
Slab:             116176 kB
SReclaimable:      35996 kB
SUnreclaim:        80180 kB
KernelStack:       33552 kB
PageTables:        55604 kB
NFS_Unstable:          0 kB
Bounce:                0 kB
WritebackTmp:          0 kB
CommitLimit:     2172840 kB
Committed_AS:   89602996 kB
VmallocTotal:   251658176 kB
VmallocUsed:      136408 kB
VmallocChunk:   251439148 kB
Time pass: 123 sec

---2015-12-05 14:07:44
MemTotal:        2905316 kB
MemFree:          105532 kB
Buffers:           26328 kB
Cached:          1040948 kB
SwapCached:            0 kB
Active:          1281980 kB
Inactive:         714516 kB
Active(anon):     771492 kB
Inactive(anon):   205192 kB
Active(file):     510488 kB
Inactive(file):   509324 kB
Unevictable:       12768 kB
Mlocked:               0 kB
SwapTotal:        720184 kB
SwapFree:         720156 kB
Dirty:               600 kB
Writeback:             0 kB
AnonPages:        941996 kB
Mapped:           690788 kB
Shmem:             34696 kB
Slab:             116196 kB
SReclaimable:      35996 kB
SUnreclaim:        80200 kB
KernelStack:       33552 kB
PageTables:        55552 kB
NFS_Unstable:          0 kB
Bounce:                0 kB
WritebackTmp:          0 kB
CommitLimit:     2172840 kB
Committed_AS:   89603316 kB
VmallocTotal:   251658176 kB
VmallocUsed:      136420 kB
VmallocChunk:   251439148 kB
Time pass: 127 sec

---2015-12-05 14:07:44
MemTotal:        2905316 kB
MemFree:           98552 kB
Buffers:           26340 kB
Cached:          1044756 kB
SwapCached:            0 kB
Active:          1285968 kB
Inactive:         718272 kB
Active(anon):     775472 kB
Inactive(anon):   205192 kB
Active(file):     510496 kB
Inactive(file):   513080 kB
Unevictable:       12768 kB
Mlocked:               0 kB
SwapTotal:        720184 kB
SwapFree:         720156 kB
Dirty:                64 kB
Writeback:             0 kB
AnonPages:        945964 kB
Mapped:           691652 kB
Shmem:             34696 kB
Slab:             116120 kB
SReclaimable:      36012 kB
SUnreclaim:        80108 kB
KernelStack:       33552 kB
PageTables:        55560 kB
NFS_Unstable:          0 kB
Bounce:                0 kB
WritebackTmp:          0 kB
CommitLimit:     2172840 kB
Committed_AS:   89607752 kB
VmallocTotal:   251658176 kB
VmallocUsed:      136420 kB
VmallocChunk:   251439148 kB
Time pass: 131 sec

---2015-12-05 14:07:44
MemTotal:        2905316 kB
MemFree:           93416 kB
Buffers:           26356 kB
Cached:          1045220 kB
SwapCached:            0 kB
Active:          1289080 kB
Inactive:         718752 kB
Active(anon):     778544 kB
Inactive(anon):   205192 kB
Active(file):     510536 kB
Inactive(file):   513560 kB
Unevictable:       12768 kB
Mlocked:               0 kB
SwapTotal:        720184 kB
SwapFree:         720156 kB
Dirty:               124 kB
Writeback:             0 kB
AnonPages:        948848 kB
Mapped:           692608 kB
Shmem:             34696 kB
Slab:             116120 kB
SReclaimable:      36012 kB
SUnreclaim:        80108 kB
KernelStack:       33600 kB
PageTables:        55564 kB
NFS_Unstable:          0 kB
Bounce:                0 kB
WritebackTmp:          0 kB
CommitLimit:     2172840 kB
Committed_AS:   89610456 kB
VmallocTotal:   251658176 kB
VmallocUsed:      136420 kB
VmallocChunk:   251439148 kB
Time pass: 135 sec

---2015-12-05 14:07:44
MemTotal:        2905316 kB
MemFree:           78892 kB
Buffers:           26396 kB
Cached:          1045524 kB
SwapCached:            0 kB
Active:          1302332 kB
Inactive:         718032 kB
Active(anon):     790720 kB
Inactive(anon):   205332 kB
Active(file):     511612 kB
Inactive(file):   512700 kB
Unevictable:       12768 kB
Mlocked:               0 kB
SwapTotal:        720184 kB
SwapFree:         720156 kB
Dirty:                 4 kB
Writeback:             0 kB
AnonPages:        961228 kB
Mapped:           696000 kB
Shmem:             34840 kB
Slab:             116152 kB
SReclaimable:      36012 kB
SUnreclaim:        80140 kB
KernelStack:       34016 kB
PageTables:        55812 kB
NFS_Unstable:          0 kB
Bounce:                0 kB
WritebackTmp:          0 kB
CommitLimit:     2172840 kB
Committed_AS:   89650580 kB
VmallocTotal:   251658176 kB
VmallocUsed:      138868 kB
VmallocChunk:   251439148 kB
Time pass: 138 sec

---2015-12-05 14:07:44
MemTotal:        2905316 kB
MemFree:           77196 kB
Buffers:           26396 kB
Cached:          1045680 kB
SwapCached:            0 kB
Active:          1303312 kB
Inactive:         718180 kB
Active(anon):     791692 kB
Inactive(anon):   205480 kB
Active(file):     511620 kB
Inactive(file):   512700 kB
Unevictable:       12768 kB
Mlocked:               0 kB
SwapTotal:        720184 kB
SwapFree:         720156 kB
Dirty:                24 kB
Writeback:             0 kB
AnonPages:        962140 kB
Mapped:           696316 kB
Shmem:             34988 kB
Slab:             116152 kB
SReclaimable:      36012 kB
SUnreclaim:        80140 kB
KernelStack:       33968 kB
PageTables:        55868 kB
NFS_Unstable:          0 kB
Bounce:                0 kB
WritebackTmp:          0 kB
CommitLimit:     2172840 kB
Committed_AS:   89651268 kB
VmallocTotal:   251658176 kB
VmallocUsed:      138868 kB
VmallocChunk:   251439148 kB
Time pass: 142 sec

---2015-12-05 14:07:44
MemTotal:        2905316 kB
MemFree:           76048 kB
Buffers:           26404 kB
Cached:          1045716 kB
SwapCached:            0 kB
Active:          1303980 kB
Inactive:         718216 kB
Active(anon):     792352 kB
Inactive(anon):   205508 kB
Active(file):     511628 kB
Inactive(file):   512708 kB
Unevictable:       12768 kB
Mlocked:               0 kB
SwapTotal:        720184 kB
SwapFree:         720156 kB
Dirty:                64 kB
Writeback:             0 kB
AnonPages:        962952 kB
Mapped:           696348 kB
Shmem:             35016 kB
Slab:             116152 kB
SReclaimable:      36012 kB
SUnreclaim:        80140 kB
KernelStack:       33984 kB
PageTables:        55868 kB
NFS_Unstable:          0 kB
Bounce:                0 kB
WritebackTmp:          0 kB
CommitLimit:     2172840 kB
Committed_AS:   89651520 kB
VmallocTotal:   251658176 kB
VmallocUsed:      138868 kB
VmallocChunk:   251439148 kB
Time pass: 146 sec

---2015-12-05 14:07:44
MemTotal:        2905316 kB
MemFree:           75136 kB
Buffers:           26412 kB
Cached:          1045832 kB
SwapCached:            0 kB
Active:          1304888 kB
Inactive:         718332 kB
Active(anon):     793252 kB
Inactive(anon):   205616 kB
Active(file):     511636 kB
Inactive(file):   512716 kB
Unevictable:       12768 kB
Mlocked:               0 kB
SwapTotal:        720184 kB
SwapFree:         720156 kB
Dirty:                36 kB
Writeback:             0 kB
AnonPages:        963684 kB
Mapped:           696528 kB
Shmem:             35124 kB
Slab:             116152 kB
SReclaimable:      36012 kB
SUnreclaim:        80140 kB
KernelStack:       33952 kB
PageTables:        55892 kB
NFS_Unstable:          0 kB
Bounce:                0 kB
WritebackTmp:          0 kB
CommitLimit:     2172840 kB
Committed_AS:   89651796 kB
VmallocTotal:   251658176 kB
VmallocUsed:      138868 kB
VmallocChunk:   251439148 kB
Time pass: 150 sec

---2015-12-05 14:07:44
MemTotal:        2905316 kB
MemFree:           67956 kB
Buffers:           26444 kB
Cached:          1045540 kB
SwapCached:            0 kB
Active:          1313848 kB
Inactive:         717868 kB
Active(anon):     802004 kB
Inactive(anon):   205252 kB
Active(file):     511844 kB
Inactive(file):   512616 kB
Unevictable:       12768 kB
Mlocked:               0 kB
SwapTotal:        720184 kB
SwapFree:         720156 kB
Dirty:                 0 kB
Writeback:             0 kB
AnonPages:        972652 kB
Mapped:           697688 kB
Shmem:             34756 kB
Slab:             116148 kB
SReclaimable:      36012 kB
SUnreclaim:        80136 kB
KernelStack:       33776 kB
PageTables:        55808 kB
NFS_Unstable:          0 kB
Bounce:                0 kB
WritebackTmp:          0 kB
CommitLimit:     2172840 kB
Committed_AS:   89698364 kB
VmallocTotal:   251658176 kB
VmallocUsed:      138868 kB
VmallocChunk:   251439148 kB
Time pass: 154 sec

---2015-12-05 14:07:44
MemTotal:        2905316 kB
MemFree:           69564 kB
Buffers:           26444 kB
Cached:          1045628 kB
SwapCached:            0 kB
Active:          1312628 kB
Inactive:         717900 kB
Active(anon):     800728 kB
Inactive(anon):   205252 kB
Active(file):     511900 kB
Inactive(file):   512648 kB
Unevictable:       12768 kB
Mlocked:               0 kB
SwapTotal:        720184 kB
SwapFree:         720156 kB
Dirty:               128 kB
Writeback:             0 kB
AnonPages:        971532 kB
Mapped:           697552 kB
Shmem:             34756 kB
Slab:             116052 kB
SReclaimable:      36044 kB
SUnreclaim:        80008 kB
KernelStack:       33728 kB
PageTables:        55788 kB
NFS_Unstable:          0 kB
Bounce:                0 kB
WritebackTmp:          0 kB
CommitLimit:     2172840 kB
Committed_AS:   89670204 kB
VmallocTotal:   251658176 kB
VmallocUsed:      138868 kB
VmallocChunk:   251439148 kB
Time pass: 157 sec

---2015-12-05 14:07:44
MemTotal:        2905316 kB
MemFree:           66164 kB
Buffers:           26416 kB
Cached:          1042276 kB
SwapCached:            0 kB
Active:          1316168 kB
Inactive:         715928 kB
Active(anon):     805740 kB
Inactive(anon):   205472 kB
Active(file):     510428 kB
Inactive(file):   510456 kB
Unevictable:       12768 kB
Mlocked:               0 kB
SwapTotal:        720184 kB
SwapFree:         720156 kB
Dirty:               132 kB
Writeback:             0 kB
AnonPages:        976572 kB
Mapped:           697528 kB
Shmem:             34980 kB
Slab:             116080 kB
SReclaimable:      36060 kB
SUnreclaim:        80020 kB
KernelStack:       33984 kB
PageTables:        55980 kB
NFS_Unstable:          0 kB
Bounce:                0 kB
WritebackTmp:          0 kB
CommitLimit:     2172840 kB
Committed_AS:   89698548 kB
VmallocTotal:   251658176 kB
VmallocUsed:      138868 kB
VmallocChunk:   251439148 kB
Time pass: 161 sec

---2015-12-05 14:07:44
MemTotal:        2905316 kB
MemFree:           66144 kB
Buffers:           26416 kB
Cached:          1042044 kB
SwapCached:            0 kB
Active:          1316824 kB
Inactive:         715872 kB
Active(anon):     806512 kB
Inactive(anon):   205496 kB
Active(file):     510312 kB
Inactive(file):   510376 kB
Unevictable:       12768 kB
Mlocked:               0 kB
SwapTotal:        720184 kB
SwapFree:         720156 kB
Dirty:                12 kB
Writeback:             0 kB
AnonPages:        977056 kB
Mapped:           697492 kB
Shmem:             35004 kB
Slab:             116132 kB
SReclaimable:      36076 kB
SUnreclaim:        80056 kB
KernelStack:       33984 kB
PageTables:        56004 kB
NFS_Unstable:          0 kB
Bounce:                0 kB
WritebackTmp:          0 kB
CommitLimit:     2172840 kB
Committed_AS:   89698404 kB
VmallocTotal:   251658176 kB
VmallocUsed:      138868 kB
VmallocChunk:   251439148 kB
Time pass: 165 sec

---2015-12-05 14:07:44
MemTotal:        2905316 kB
MemFree:           64740 kB
Buffers:           26424 kB
Cached:          1042156 kB
SwapCached:            0 kB
Active:          1317944 kB
Inactive:         715964 kB
Active(anon):     807604 kB
Inactive(anon):   205548 kB
Active(file):     510340 kB
Inactive(file):   510416 kB
Unevictable:       12768 kB
Mlocked:               0 kB
SwapTotal:        720184 kB
SwapFree:         720156 kB
Dirty:                36 kB
Writeback:             0 kB
AnonPages:        978252 kB
Mapped:           697492 kB
Shmem:             35056 kB
Slab:             116128 kB
SReclaimable:      36076 kB
SUnreclaim:        80052 kB
KernelStack:       33968 kB
PageTables:        55980 kB
NFS_Unstable:          0 kB
Bounce:                0 kB
WritebackTmp:          0 kB
CommitLimit:     2172840 kB
Committed_AS:   89698504 kB
VmallocTotal:   251658176 kB
VmallocUsed:      138868 kB
VmallocChunk:   251439148 kB
Time pass: 169 sec

---2015-12-05 14:07:44
MemTotal:        2905316 kB
MemFree:           65100 kB
Buffers:           26432 kB
Cached:          1042160 kB
SwapCached:            0 kB
Active:          1317656 kB
Inactive:         715968 kB
Active(anon):     807308 kB
Inactive(anon):   205560 kB
Active(file):     510348 kB
Inactive(file):   510408 kB
Unevictable:       12768 kB
Mlocked:               0 kB
SwapTotal:        720184 kB
SwapFree:         720156 kB
Dirty:                44 kB
Writeback:             0 kB
AnonPages:        977772 kB
Mapped:           697512 kB
Shmem:             35068 kB
Slab:             116128 kB
SReclaimable:      36076 kB
SUnreclaim:        80052 kB
KernelStack:       33936 kB
PageTables:        55976 kB
NFS_Unstable:          0 kB
Bounce:                0 kB
WritebackTmp:          0 kB
CommitLimit:     2172840 kB
Committed_AS:   89698492 kB
VmallocTotal:   251658176 kB
VmallocUsed:      138868 kB
VmallocChunk:   251439148 kB
Time pass: 173 sec

---2015-12-05 14:07:44
MemTotal:        2905316 kB
MemFree:           75160 kB
Buffers:           26432 kB
Cached:          1041884 kB
SwapCached:            0 kB
Active:          1308560 kB
Inactive:         715676 kB
Active(anon):     798192 kB
Inactive(anon):   205252 kB
Active(file):     510368 kB
Inactive(file):   510424 kB
Unevictable:       12768 kB
Mlocked:               0 kB
SwapTotal:        720184 kB
SwapFree:         720156 kB
Dirty:                20 kB
Writeback:             0 kB
AnonPages:        968876 kB
Mapped:           697116 kB
Shmem:             34756 kB
Slab:             116128 kB
SReclaimable:      36076 kB
SUnreclaim:        80052 kB
KernelStack:       33600 kB
PageTables:        55788 kB
NFS_Unstable:          0 kB
Bounce:                0 kB
WritebackTmp:          0 kB
CommitLimit:     2172840 kB
Committed_AS:   89669988 kB
VmallocTotal:   251658176 kB
VmallocUsed:      138836 kB
VmallocChunk:   251439148 kB
Time pass: 176 sec

---2015-12-05 14:07:44
MemTotal:        2905316 kB
MemFree:           75696 kB
Buffers:           26440 kB
Cached:          1041892 kB
SwapCached:            0 kB
Active:          1308936 kB
Inactive:         715684 kB
Active(anon):     798564 kB
Inactive(anon):   205252 kB
Active(file):     510372 kB
Inactive(file):   510432 kB
Unevictable:       12768 kB
Mlocked:               0 kB
SwapTotal:        720184 kB
SwapFree:         720156 kB
Dirty:                44 kB
Writeback:             0 kB
AnonPages:        968976 kB
Mapped:           697184 kB
Shmem:             34756 kB
Slab:             116128 kB
SReclaimable:      36076 kB
SUnreclaim:        80052 kB
KernelStack:       33600 kB
PageTables:        55772 kB
NFS_Unstable:          0 kB
Bounce:                0 kB
WritebackTmp:          0 kB
CommitLimit:     2172840 kB
Committed_AS:   89669880 kB
VmallocTotal:   251658176 kB
VmallocUsed:      138836 kB
VmallocChunk:   251439148 kB
Time pass: 180 sec

---2015-12-05 14:07:44
MemTotal:        2905316 kB
MemFree:           75344 kB
Buffers:           26448 kB
Cached:          1041960 kB
SwapCached:            0 kB
Active:          1309424 kB
Inactive:         715752 kB
Active(anon):     799040 kB
Inactive(anon):   205312 kB
Active(file):     510384 kB
Inactive(file):   510440 kB
Unevictable:       12768 kB
Mlocked:               0 kB
SwapTotal:        720184 kB
SwapFree:         720156 kB
Dirty:                 8 kB
Writeback:             0 kB
AnonPages:        969624 kB
Mapped:           697248 kB
Shmem:             34816 kB
Slab:             116128 kB
SReclaimable:      36076 kB
SUnreclaim:        80052 kB
KernelStack:       33616 kB
PageTables:        55836 kB
NFS_Unstable:          0 kB
Bounce:                0 kB
WritebackTmp:          0 kB
CommitLimit:     2172840 kB
Committed_AS:   89696540 kB
VmallocTotal:   251658176 kB
VmallocUsed:      138836 kB
VmallocChunk:   251439148 kB
Time pass: 184 sec

---2015-12-05 14:07:44
MemTotal:        2905316 kB
MemFree:           67960 kB
Buffers:           26340 kB
Cached:          1038448 kB
SwapCached:            0 kB
Active:          1319184 kB
Inactive:         713996 kB
Active(anon):     810668 kB
Inactive(anon):   205408 kB
Active(file):     508516 kB
Inactive(file):   508588 kB
Unevictable:       12768 kB
Mlocked:               0 kB
SwapTotal:        720184 kB
SwapFree:         720156 kB
Dirty:                64 kB
Writeback:             0 kB
AnonPages:        980968 kB
Mapped:           697616 kB
Shmem:             34912 kB
Slab:             116128 kB
SReclaimable:      36076 kB
SUnreclaim:        80052 kB
KernelStack:       33856 kB
PageTables:        55920 kB
NFS_Unstable:          0 kB
Bounce:                0 kB
WritebackTmp:          0 kB
CommitLimit:     2172840 kB
Committed_AS:   89726284 kB
VmallocTotal:   251658176 kB
VmallocUsed:      138868 kB
VmallocChunk:   251439148 kB
Time pass: 188 sec

---2015-12-05 14:07:44
MemTotal:        2905316 kB
MemFree:           65812 kB
Buffers:           26372 kB
Cached:          1038628 kB
SwapCached:            0 kB
Active:          1319812 kB
Inactive:         714188 kB
Active(anon):     811276 kB
Inactive(anon):   205496 kB
Active(file):     508536 kB
Inactive(file):   508692 kB
Unevictable:       12768 kB
Mlocked:               0 kB
SwapTotal:        720184 kB
SwapFree:         720156 kB
Dirty:               156 kB
Writeback:             0 kB
AnonPages:        981988 kB
Mapped:           697632 kB
Shmem:             35004 kB
Slab:             116016 kB
SReclaimable:      35964 kB
SUnreclaim:        80052 kB
KernelStack:       33984 kB
PageTables:        55988 kB
NFS_Unstable:          0 kB
Bounce:                0 kB
WritebackTmp:          0 kB
CommitLimit:     2172840 kB
Committed_AS:   89726224 kB
VmallocTotal:   251658176 kB
VmallocUsed:      138868 kB
VmallocChunk:   251439148 kB
Time pass: 191 sec

---2015-12-05 14:07:44
MemTotal:        2905316 kB
MemFree:           65472 kB
Buffers:           26372 kB
Cached:          1038168 kB
SwapCached:            0 kB
Active:          1320744 kB
Inactive:         713948 kB
Active(anon):     812460 kB
Inactive(anon):   205496 kB
Active(file):     508284 kB
Inactive(file):   508452 kB
Unevictable:       12768 kB
Mlocked:               0 kB
SwapTotal:        720184 kB
SwapFree:         720156 kB
Dirty:                 4 kB
Writeback:             0 kB
AnonPages:        982868 kB
Mapped:           697688 kB
Shmem:             35036 kB
Slab:             116016 kB
SReclaimable:      35964 kB
SUnreclaim:        80052 kB
KernelStack:       33968 kB
PageTables:        55984 kB
NFS_Unstable:          0 kB
Bounce:                0 kB
WritebackTmp:          0 kB
CommitLimit:     2172840 kB
Committed_AS:   89726196 kB
VmallocTotal:   251658176 kB
VmallocUsed:      138868 kB
VmallocChunk:   251439148 kB
Time pass: 195 sec

---2015-12-05 14:07:44
MemTotal:        2905316 kB
MemFree:           64912 kB
Buffers:           26380 kB
Cached:          1038208 kB
SwapCached:            0 kB
Active:          1321380 kB
Inactive:         714024 kB
Active(anon):     813092 kB
Inactive(anon):   205528 kB
Active(file):     508288 kB
Inactive(file):   508496 kB
Unevictable:       12768 kB
Mlocked:               0 kB
SwapTotal:        720184 kB
SwapFree:         720156 kB
Dirty:                52 kB
Writeback:             0 kB
AnonPages:        983460 kB
Mapped:           697864 kB
Shmem:             35036 kB
Slab:             115956 kB
SReclaimable:      35932 kB
SUnreclaim:        80024 kB
KernelStack:       33952 kB
PageTables:        56008 kB
NFS_Unstable:          0 kB
Bounce:                0 kB
WritebackTmp:          0 kB
CommitLimit:     2172840 kB
Committed_AS:   89726196 kB
VmallocTotal:   251658176 kB
VmallocUsed:      138868 kB
VmallocChunk:   251439148 kB
Time pass: 199 sec

---2015-12-05 14:07:44
MemTotal:        2905316 kB
MemFree:           64728 kB
Buffers:           26396 kB
Cached:          1038220 kB
SwapCached:            0 kB
Active:          1321520 kB
Inactive:         714040 kB
Active(anon):     813220 kB
Inactive(anon):   205528 kB
Active(file):     508300 kB
Inactive(file):   508512 kB
Unevictable:       12768 kB
Mlocked:               0 kB
SwapTotal:        720184 kB
SwapFree:         720156 kB
Dirty:               100 kB
Writeback:             0 kB
AnonPages:        983676 kB
Mapped:           697884 kB
Shmem:             35036 kB
Slab:             115956 kB
SReclaimable:      35932 kB
SUnreclaim:        80024 kB
KernelStack:       33920 kB
PageTables:        56008 kB
NFS_Unstable:          0 kB
Bounce:                0 kB
WritebackTmp:          0 kB
CommitLimit:     2172840 kB
Committed_AS:   89726208 kB
VmallocTotal:   251658176 kB
VmallocUsed:      138868 kB
VmallocChunk:   251439148 kB
Time pass: 203 sec

---2015-12-05 14:07:44
MemTotal:        2905316 kB
MemFree:           64172 kB
Buffers:           26396 kB
Cached:          1038224 kB
SwapCached:            0 kB
Active:          1321516 kB
Inactive:         714040 kB
Active(anon):     813212 kB
Inactive(anon):   205528 kB
Active(file):     508304 kB
Inactive(file):   508512 kB
Unevictable:       12768 kB
Mlocked:               0 kB
SwapTotal:        720184 kB
SwapFree:         720156 kB
Dirty:                 8 kB
Writeback:             0 kB
AnonPages:        983708 kB
Mapped:           697892 kB
Shmem:             35036 kB
Slab:             115964 kB
SReclaimable:      35932 kB
SUnreclaim:        80032 kB
KernelStack:       33936 kB
PageTables:        56008 kB
NFS_Unstable:          0 kB
Bounce:                0 kB
WritebackTmp:          0 kB
CommitLimit:     2172840 kB
Committed_AS:   89726156 kB
VmallocTotal:   251658176 kB
VmallocUsed:      138868 kB
VmallocChunk:   251439148 kB
Time pass: 206 sec

---2015-12-05 14:07:44
MemTotal:        2905316 kB
MemFree:           63188 kB
Buffers:           26404 kB
Cached:          1038264 kB
SwapCached:            0 kB
Active:          1322948 kB
Inactive:         714080 kB
Active(anon):     814636 kB
Inactive(anon):   205528 kB
Active(file):     508312 kB
Inactive(file):   508552 kB
Unevictable:       12768 kB
Mlocked:               0 kB
SwapTotal:        720184 kB
SwapFree:         720156 kB
Dirty:                84 kB
Writeback:             0 kB
AnonPages:        984996 kB
Mapped:           697908 kB
Shmem:             35036 kB
Slab:             115968 kB
SReclaimable:      35932 kB
SUnreclaim:        80036 kB
KernelStack:       33936 kB
PageTables:        56008 kB
NFS_Unstable:          0 kB
Bounce:                0 kB
WritebackTmp:          0 kB
CommitLimit:     2172840 kB
Committed_AS:   89726144 kB
VmallocTotal:   251658176 kB
VmallocUsed:      138868 kB
VmallocChunk:   251439148 kB
Time pass: 210 sec

---2015-12-05 14:07:44
MemTotal:        2905316 kB
MemFree:           62936 kB
Buffers:           26404 kB
Cached:          1032728 kB
SwapCached:            0 kB
Active:          1323208 kB
Inactive:         710948 kB
Active(anon):     817572 kB
Inactive(anon):   205316 kB
Active(file):     505636 kB
Inactive(file):   505632 kB
Unevictable:       12768 kB
Mlocked:               0 kB
SwapTotal:        720184 kB
SwapFree:         720156 kB
Dirty:                24 kB
Writeback:             0 kB
AnonPages:        987744 kB
Mapped:           697740 kB
Shmem:             35096 kB
Slab:             119576 kB
SReclaimable:      39184 kB
SUnreclaim:        80392 kB
KernelStack:       33952 kB
PageTables:        56128 kB
NFS_Unstable:          0 kB
Bounce:                0 kB
WritebackTmp:          0 kB
CommitLimit:     2172840 kB
Committed_AS:   89764348 kB
VmallocTotal:   251658176 kB
VmallocUsed:      139888 kB
VmallocChunk:   251439148 kB
Time pass: 214 sec

---2015-12-05 14:07:44
MemTotal:        2905316 kB
MemFree:           67680 kB
Buffers:           26408 kB
Cached:          1029440 kB
SwapCached:            0 kB
Active:          1321396 kB
Inactive:         709084 kB
Active(anon):     817584 kB
Inactive(anon):   205020 kB
Active(file):     503812 kB
Inactive(file):   504064 kB
Unevictable:       12768 kB
Mlocked:               0 kB
SwapTotal:        720184 kB
SwapFree:         720156 kB
Dirty:                52 kB
Writeback:             0 kB
AnonPages:        987648 kB
Mapped:           694560 kB
Shmem:             35096 kB
Slab:             119816 kB
SReclaimable:      39400 kB
SUnreclaim:        80416 kB
KernelStack:       33952 kB
PageTables:        56136 kB
NFS_Unstable:          0 kB
Bounce:                0 kB
WritebackTmp:          0 kB
CommitLimit:     2172840 kB
Committed_AS:   89758716 kB
VmallocTotal:   251658176 kB
VmallocUsed:      138868 kB
VmallocChunk:   251439148 kB
Time pass: 218 sec

---2015-12-05 14:07:44
MemTotal:        2905316 kB
MemFree:           68424 kB
Buffers:           26408 kB
Cached:          1029720 kB
SwapCached:            0 kB
Active:          1320528 kB
Inactive:         709444 kB
Active(anon):     816704 kB
Inactive(anon):   205020 kB
Active(file):     503824 kB
Inactive(file):   504424 kB
Unevictable:       12768 kB
Mlocked:               0 kB
SwapTotal:        720184 kB
SwapFree:         720156 kB
Dirty:                 4 kB
Writeback:             0 kB
AnonPages:        986516 kB
Mapped:           694636 kB
Shmem:             35096 kB
Slab:             120108 kB
SReclaimable:      39688 kB
SUnreclaim:        80420 kB
KernelStack:       33888 kB
PageTables:        56060 kB
NFS_Unstable:          0 kB
Bounce:                0 kB
WritebackTmp:          0 kB
CommitLimit:     2172840 kB
Committed_AS:   89752792 kB
VmallocTotal:   251658176 kB
VmallocUsed:      138868 kB
VmallocChunk:   251439148 kB
Time pass: 221 sec

---2015-12-05 14:07:44
MemTotal:        2905316 kB
MemFree:           64176 kB
Buffers:           26472 kB
Cached:          1029872 kB
SwapCached:            0 kB
Active:          1324108 kB
Inactive:         709600 kB
Active(anon):     820212 kB
Inactive(anon):   205060 kB
Active(file):     503896 kB
Inactive(file):   504540 kB
Unevictable:       12768 kB
Mlocked:               0 kB
SwapTotal:        720184 kB
SwapFree:         720156 kB
Dirty:               232 kB
Writeback:             0 kB
AnonPages:        990240 kB
Mapped:           694684 kB
Shmem:             35140 kB
Slab:             120072 kB
SReclaimable:      39628 kB
SUnreclaim:        80444 kB
KernelStack:       33952 kB
PageTables:        56124 kB
NFS_Unstable:          0 kB
Bounce:                0 kB
WritebackTmp:          0 kB
CommitLimit:     2172840 kB
Committed_AS:   89761616 kB
VmallocTotal:   251658176 kB
VmallocUsed:      138868 kB
VmallocChunk:   251439148 kB
Time pass: 225 sec

---2015-12-05 14:07:44
MemTotal:        2905316 kB
MemFree:           64264 kB
Buffers:           26472 kB
Cached:          1030116 kB
SwapCached:            0 kB
Active:          1324172 kB
Inactive:         709836 kB
Active(anon):     820268 kB
Inactive(anon):   205264 kB
Active(file):     503904 kB
Inactive(file):   504572 kB
Unevictable:       12768 kB
Mlocked:               0 kB
SwapTotal:        720184 kB
SwapFree:         720156 kB
Dirty:                 4 kB
Writeback:             0 kB
AnonPages:        990360 kB
Mapped:           694948 kB
Shmem:             35344 kB
Slab:             120080 kB
SReclaimable:      39636 kB
SUnreclaim:        80444 kB
KernelStack:       33936 kB
PageTables:        56148 kB
NFS_Unstable:          0 kB
Bounce:                0 kB
WritebackTmp:          0 kB
CommitLimit:     2172840 kB
Committed_AS:   89761616 kB
VmallocTotal:   251658176 kB
VmallocUsed:      138868 kB
VmallocChunk:   251439148 kB
Time pass: 229 sec

---2015-12-05 14:07:44
MemTotal:        2905316 kB
MemFree:           63700 kB
Buffers:           26488 kB
Cached:          1030236 kB
SwapCached:            0 kB
Active:          1324848 kB
Inactive:         709964 kB
Active(anon):     820936 kB
Inactive(anon):   205368 kB
Active(file):     503912 kB
Inactive(file):   504596 kB
Unevictable:       12768 kB
Mlocked:               0 kB
SwapTotal:        720184 kB
SwapFree:         720156 kB
Dirty:               112 kB
Writeback:             0 kB
AnonPages:        990800 kB
Mapped:           695004 kB
Shmem:             35448 kB
Slab:             120088 kB
SReclaimable:      39644 kB
SUnreclaim:        80444 kB
KernelStack:       33904 kB
PageTables:        56120 kB
NFS_Unstable:          0 kB
Bounce:                0 kB
WritebackTmp:          0 kB
CommitLimit:     2172840 kB
Committed_AS:   89761496 kB
VmallocTotal:   251658176 kB
VmallocUsed:      138868 kB
VmallocChunk:   251439148 kB
Time pass: 233 sec

---2015-12-05 14:07:44
MemTotal:        2905316 kB
MemFree:           70480 kB
Buffers:           26460 kB
Cached:          1023488 kB
SwapCached:            0 kB
Active:          1321860 kB
Inactive:         706636 kB
Active(anon):     821284 kB
Inactive(anon):   205480 kB
Active(file):     500576 kB
Inactive(file):   501156 kB
Unevictable:       12768 kB
Mlocked:               0 kB
SwapTotal:        720184 kB
SwapFree:         720156 kB
Dirty:                 4 kB
Writeback:             0 kB
AnonPages:        991408 kB
Mapped:           693020 kB
Shmem:             35448 kB
Slab:             119976 kB
SReclaimable:      39532 kB
SUnreclaim:        80444 kB
KernelStack:       33872 kB
PageTables:        56124 kB
NFS_Unstable:          0 kB
Bounce:                0 kB
WritebackTmp:          0 kB
CommitLimit:     2172840 kB
Committed_AS:   89761616 kB
VmallocTotal:   251658176 kB
VmallocUsed:      138868 kB
VmallocChunk:   251439148 kB
Time pass: 237 sec

---2015-12-05 14:07:44
MemTotal:        2905316 kB
MemFree:           70572 kB
Buffers:           26460 kB
Cached:          1023548 kB
SwapCached:            0 kB
Active:          1322148 kB
Inactive:         706688 kB
Active(anon):     821564 kB
Inactive(anon):   205528 kB
Active(file):     500584 kB
Inactive(file):   501160 kB
Unevictable:       12768 kB
Mlocked:               0 kB
SwapTotal:        720184 kB
SwapFree:         720156 kB
Dirty:                16 kB
Writeback:             0 kB
AnonPages:        991768 kB
Mapped:           693108 kB
Shmem:             35496 kB
Slab:             119972 kB
SReclaimable:      39532 kB
SUnreclaim:        80440 kB
KernelStack:       33872 kB
PageTables:        56124 kB
NFS_Unstable:          0 kB
Bounce:                0 kB
WritebackTmp:          0 kB
CommitLimit:     2172840 kB
Committed_AS:   89761620 kB
VmallocTotal:   251658176 kB
VmallocUsed:      138868 kB
VmallocChunk:   251439148 kB
Time pass: 240 sec

---2015-12-05 14:07:44
MemTotal:        2905316 kB
MemFree:           69388 kB
Buffers:           26468 kB
Cached:          1023616 kB
SwapCached:            0 kB
Active:          1322628 kB
Inactive:         706756 kB
Active(anon):     822036 kB
Inactive(anon):   205592 kB
Active(file):     500592 kB
Inactive(file):   501164 kB
Unevictable:       12768 kB
Mlocked:               0 kB
SwapTotal:        720184 kB
SwapFree:         720156 kB
Dirty:                 4 kB
Writeback:             0 kB
AnonPages:        992240 kB
Mapped:           693180 kB
Shmem:             35560 kB
Slab:             119972 kB
SReclaimable:      39532 kB
SUnreclaim:        80440 kB
KernelStack:       33840 kB
PageTables:        56176 kB
NFS_Unstable:          0 kB
Bounce:                0 kB
WritebackTmp:          0 kB
CommitLimit:     2172840 kB
Committed_AS:   89788216 kB
VmallocTotal:   251658176 kB
VmallocUsed:      138868 kB
VmallocChunk:   251439148 kB
Time pass: 244 sec

---2015-12-05 14:07:44
MemTotal:        2905316 kB
MemFree:           69112 kB
Buffers:           26476 kB
Cached:          1023624 kB
SwapCached:            0 kB
Active:          1322828 kB
Inactive:         706768 kB
Active(anon):     822232 kB
Inactive(anon):   205592 kB
Active(file):     500596 kB
Inactive(file):   501176 kB
Unevictable:       12768 kB
Mlocked:               0 kB
SwapTotal:        720184 kB
SwapFree:         720156 kB
Dirty:                44 kB
Writeback:             0 kB
AnonPages:        992384 kB
Mapped:           693204 kB
Shmem:             35560 kB
Slab:             119984 kB
SReclaimable:      39532 kB
SUnreclaim:        80452 kB
KernelStack:       33840 kB
PageTables:        56172 kB
NFS_Unstable:          0 kB
Bounce:                0 kB
WritebackTmp:          0 kB
CommitLimit:     2172840 kB
Committed_AS:   89788120 kB
VmallocTotal:   251658176 kB
VmallocUsed:      138868 kB
VmallocChunk:   251439148 kB
Time pass: 248 sec

---2015-12-05 14:07:44
MemTotal:        2905316 kB
MemFree:           69248 kB
Buffers:           26476 kB
Cached:          1023624 kB
SwapCached:            0 kB
Active:          1323012 kB
Inactive:         706768 kB
Active(anon):     822416 kB
Inactive(anon):   205592 kB
Active(file):     500596 kB
Inactive(file):   501176 kB
Unevictable:       12768 kB
Mlocked:               0 kB
SwapTotal:        720184 kB
SwapFree:         720156 kB
Dirty:                 4 kB
Writeback:             0 kB
AnonPages:        992544 kB
Mapped:           693204 kB
Shmem:             35560 kB
Slab:             119888 kB
SReclaimable:      39436 kB
SUnreclaim:        80452 kB
KernelStack:       33808 kB
PageTables:        56208 kB
NFS_Unstable:          0 kB
Bounce:                0 kB
WritebackTmp:          0 kB
CommitLimit:     2172840 kB
Committed_AS:   89788144 kB
VmallocTotal:   251658176 kB
VmallocUsed:      138868 kB
VmallocChunk:   251439148 kB
Time pass: 252 sec

---2015-12-05 14:07:44
MemTotal:        2905316 kB
MemFree:           71384 kB
Buffers:           26508 kB
Cached:          1015352 kB
SwapCached:            0 kB
Active:          1324196 kB
Inactive:         703736 kB
Active(anon):     827280 kB
Inactive(anon):   206652 kB
Active(file):     496916 kB
Inactive(file):   497084 kB
Unevictable:       12768 kB
Mlocked:               0 kB
SwapTotal:        720184 kB
SwapFree:         720156 kB
Dirty:               184 kB
Writeback:             0 kB
AnonPages:        999068 kB
Mapped:           692720 kB
Shmem:             35092 kB
Slab:             119792 kB
SReclaimable:      39432 kB
SUnreclaim:        80360 kB
KernelStack:       33840 kB
PageTables:        56144 kB
NFS_Unstable:          0 kB
Bounce:                0 kB
WritebackTmp:          0 kB
CommitLimit:     2172840 kB
Committed_AS:   89796908 kB
VmallocTotal:   251658176 kB
VmallocUsed:      138868 kB
VmallocChunk:   251439148 kB
Time pass: 256 sec

---2015-12-05 14:07:44
MemTotal:        2905316 kB
MemFree:           76680 kB
Buffers:           26524 kB
Cached:          1015512 kB
SwapCached:            0 kB
Active:          1319792 kB
Inactive:         703888 kB
Active(anon):     822852 kB
Inactive(anon):   206656 kB
Active(file):     496940 kB
Inactive(file):   497232 kB
Unevictable:       12768 kB
Mlocked:               0 kB
SwapTotal:        720184 kB
SwapFree:         720156 kB
Dirty:                 8 kB
Writeback:             0 kB
AnonPages:        994296 kB
Mapped:           692764 kB
Shmem:             35096 kB
Slab:             119760 kB
SReclaimable:      39432 kB
SUnreclaim:        80328 kB
KernelStack:       33872 kB
PageTables:        56144 kB
NFS_Unstable:          0 kB
Bounce:                0 kB
WritebackTmp:          0 kB
CommitLimit:     2172840 kB
Committed_AS:   89797004 kB
VmallocTotal:   251658176 kB
VmallocUsed:      138868 kB
VmallocChunk:   251439148 kB
Time pass: 259 sec

---2015-12-05 14:07:44
MemTotal:        2905316 kB
MemFree:           81820 kB
Buffers:           26532 kB
Cached:          1015532 kB
SwapCached:            0 kB
Active:          1314860 kB
Inactive:         703912 kB
Active(anon):     817916 kB
Inactive(anon):   206668 kB
Active(file):     496944 kB
Inactive(file):   497244 kB
Unevictable:       12768 kB
Mlocked:               0 kB
SwapTotal:        720184 kB
SwapFree:         720156 kB
Dirty:                76 kB
Writeback:             0 kB
AnonPages:        989428 kB
Mapped:           692780 kB
Shmem:             35108 kB
Slab:             119700 kB
SReclaimable:      39432 kB
SUnreclaim:        80268 kB
KernelStack:       33872 kB
PageTables:        56144 kB
NFS_Unstable:          0 kB
Bounce:                0 kB
WritebackTmp:          0 kB
CommitLimit:     2172840 kB
Committed_AS:   89797080 kB
VmallocTotal:   251658176 kB
VmallocUsed:      138868 kB
VmallocChunk:   251439148 kB
Time pass: 263 sec

---2015-12-05 14:07:44
MemTotal:        2905316 kB
MemFree:           81864 kB
Buffers:           26532 kB
Cached:          1015540 kB
SwapCached:            0 kB
Active:          1314888 kB
Inactive:         703912 kB
Active(anon):     817936 kB
Inactive(anon):   206672 kB
Active(file):     496952 kB
Inactive(file):   497240 kB
Unevictable:       12768 kB
Mlocked:               0 kB
SwapTotal:        720184 kB
SwapFree:         720156 kB
Dirty:                72 kB
Writeback:             0 kB
AnonPages:        989524 kB
Mapped:           692804 kB
Shmem:             35112 kB
Slab:             119624 kB
SReclaimable:      39432 kB
SUnreclaim:        80192 kB
KernelStack:       33872 kB
PageTables:        56152 kB
NFS_Unstable:          0 kB
Bounce:                0 kB
WritebackTmp:          0 kB
CommitLimit:     2172840 kB
Committed_AS:   89797068 kB
VmallocTotal:   251658176 kB
VmallocUsed:      138868 kB
VmallocChunk:   251439148 kB
Time pass: 267 sec

---2015-12-05 14:07:44
MemTotal:        2905316 kB
MemFree:           80924 kB
Buffers:           26564 kB
Cached:          1015580 kB
SwapCached:            0 kB
Active:          1316348 kB
Inactive:         703972 kB
Active(anon):     819384 kB
Inactive(anon):   206672 kB
Active(file):     496964 kB
Inactive(file):   497300 kB
Unevictable:       12768 kB
Mlocked:               0 kB
SwapTotal:        720184 kB
SwapFree:         720156 kB
Dirty:               108 kB
Writeback:             0 kB
AnonPages:        990984 kB
Mapped:           692812 kB
Shmem:             35112 kB
Slab:             119632 kB
SReclaimable:      39432 kB
SUnreclaim:        80200 kB
KernelStack:       33872 kB
PageTables:        56152 kB
NFS_Unstable:          0 kB
Bounce:                0 kB
WritebackTmp:          0 kB
CommitLimit:     2172840 kB
Committed_AS:   89797104 kB
VmallocTotal:   251658176 kB
VmallocUsed:      138868 kB
VmallocChunk:   251439148 kB
Time pass: 271 sec

---2015-12-05 14:07:44
MemTotal:        2905316 kB
MemFree:           79848 kB
Buffers:           26572 kB
Cached:          1015648 kB
SwapCached:            0 kB
Active:          1317104 kB
Inactive:         704036 kB
Active(anon):     820136 kB
Inactive(anon):   206732 kB
Active(file):     496968 kB
Inactive(file):   497304 kB
Unevictable:       12768 kB
Mlocked:               0 kB
SwapTotal:        720184 kB
SwapFree:         720156 kB
Dirty:                64 kB
Writeback:             0 kB
AnonPages:        991860 kB
Mapped:           692896 kB
Shmem:             35172 kB
Slab:             119596 kB
SReclaimable:      39432 kB
SUnreclaim:        80164 kB
KernelStack:       33872 kB
PageTables:        56204 kB
NFS_Unstable:          0 kB
Bounce:                0 kB
WritebackTmp:          0 kB
CommitLimit:     2172840 kB
Committed_AS:   89823716 kB
VmallocTotal:   251658176 kB
VmallocUsed:      138868 kB
VmallocChunk:   251439148 kB
Time pass: 274 sec

---2015-12-05 14:07:44
MemTotal:        2905316 kB
MemFree:           79288 kB
Buffers:           26572 kB
Cached:          1015652 kB
SwapCached:            0 kB
Active:          1317456 kB
Inactive:         704040 kB
Active(anon):     820480 kB
Inactive(anon):   206732 kB
Active(file):     496976 kB
Inactive(file):   497308 kB
Unevictable:       12768 kB
Mlocked:               0 kB
SwapTotal:        720184 kB
SwapFree:         720156 kB
Dirty:                68 kB
Writeback:             0 kB
AnonPages:        992084 kB
Mapped:           692900 kB
Shmem:             35172 kB
Slab:             119596 kB
SReclaimable:      39432 kB
SUnreclaim:        80164 kB
KernelStack:       33872 kB
PageTables:        56204 kB
NFS_Unstable:          0 kB
Bounce:                0 kB
WritebackTmp:          0 kB
CommitLimit:     2172840 kB
Committed_AS:   89823692 kB
VmallocTotal:   251658176 kB
VmallocUsed:      138868 kB
VmallocChunk:   251439148 kB
Time pass: 278 sec

---2015-12-05 14:07:44
MemTotal:        2905316 kB
MemFree:           78020 kB
Buffers:           26596 kB
Cached:          1015692 kB
SwapCached:            0 kB
Active:          1318468 kB
Inactive:         704096 kB
Active(anon):     821484 kB
Inactive(anon):   206740 kB
Active(file):     496984 kB
Inactive(file):   497356 kB
Unevictable:       12768 kB
Mlocked:               0 kB
SwapTotal:        720184 kB
SwapFree:         720156 kB
Dirty:               112 kB
Writeback:             0 kB
AnonPages:        993188 kB
Mapped:           692916 kB
Shmem:             35180 kB
Slab:             119596 kB
SReclaimable:      39432 kB
SUnreclaim:        80164 kB
KernelStack:       33840 kB
PageTables:        56208 kB
NFS_Unstable:          0 kB
Bounce:                0 kB
WritebackTmp:          0 kB
CommitLimit:     2172840 kB
Committed_AS:   89823704 kB
VmallocTotal:   251658176 kB
VmallocUsed:      138868 kB
VmallocChunk:   251439148 kB
Time pass: 282 sec

---2015-12-05 14:07:44
MemTotal:        2905316 kB
MemFree:           76460 kB
Buffers:           26596 kB
Cached:          1015736 kB
SwapCached:            0 kB
Active:          1319996 kB
Inactive:         704128 kB
Active(anon):     823000 kB
Inactive(anon):   206744 kB
Active(file):     496996 kB
Inactive(file):   497384 kB
Unevictable:       12768 kB
Mlocked:               0 kB
SwapTotal:        720184 kB
SwapFree:         720156 kB
Dirty:                12 kB
Writeback:             0 kB
AnonPages:        994336 kB
Mapped:           692924 kB
Shmem:             35184 kB
Slab:             119596 kB
SReclaimable:      39432 kB
SUnreclaim:        80164 kB
KernelStack:       33872 kB
PageTables:        56200 kB
NFS_Unstable:          0 kB
Bounce:                0 kB
WritebackTmp:          0 kB
CommitLimit:     2172840 kB
Committed_AS:   89823728 kB
VmallocTotal:   251658176 kB
VmallocUsed:      138868 kB
VmallocChunk:   251439148 kB
Time pass: 286 sec

---2015-12-05 14:07:44
MemTotal:        2905316 kB
MemFree:           74944 kB
Buffers:           26604 kB
Cached:          1015800 kB
SwapCached:            0 kB
Active:          1321280 kB
Inactive:         704188 kB
Active(anon):     824272 kB
Inactive(anon):   206768 kB
Active(file):     497008 kB
Inactive(file):   497420 kB
Unevictable:       12768 kB
Mlocked:               0 kB
SwapTotal:        720184 kB
SwapFree:         720156 kB
Dirty:                12 kB
Writeback:             0 kB
AnonPages:        995824 kB
Mapped:           692960 kB
Shmem:             35208 kB
Slab:             119540 kB
SReclaimable:      39432 kB
SUnreclaim:        80108 kB
KernelStack:       33856 kB
PageTables:        56204 kB
NFS_Unstable:          0 kB
Bounce:                0 kB
WritebackTmp:          0 kB
CommitLimit:     2172840 kB
Committed_AS:   89823728 kB
VmallocTotal:   251658176 kB
VmallocUsed:      138868 kB
VmallocChunk:   251439148 kB
Time pass: 289 sec

---2015-12-05 14:07:44
MemTotal:        2905316 kB
MemFree:           74608 kB
Buffers:           26628 kB
Cached:          1015856 kB
SwapCached:            0 kB
Active:          1321548 kB
Inactive:         704236 kB
Active(anon):     824540 kB
Inactive(anon):   206768 kB
Active(file):     497008 kB
Inactive(file):   497468 kB
Unevictable:       12768 kB
Mlocked:               0 kB
SwapTotal:        720184 kB
SwapFree:         720156 kB
Dirty:               112 kB
Writeback:             0 kB
AnonPages:        996324 kB
Mapped:           692968 kB
Shmem:             35208 kB
Slab:             119544 kB
SReclaimable:      39432 kB
SUnreclaim:        80112 kB
KernelStack:       33856 kB
PageTables:        56204 kB
NFS_Unstable:          0 kB
Bounce:                0 kB
WritebackTmp:          0 kB
CommitLimit:     2172840 kB
Committed_AS:   89823716 kB
VmallocTotal:   251658176 kB
VmallocUsed:      138868 kB
VmallocChunk:   251439148 kB
Time pass: 293 sec

---2015-12-05 14:07:44
MemTotal:        2905316 kB
MemFree:           73812 kB
Buffers:           26628 kB
Cached:          1015900 kB
SwapCached:            0 kB
Active:          1322612 kB
Inactive:         704268 kB
Active(anon):     825592 kB
Inactive(anon):   206772 kB
Active(file):     497020 kB
Inactive(file):   497496 kB
Unevictable:       12768 kB
Mlocked:               0 kB
SwapTotal:        720184 kB
SwapFree:         720156 kB
Dirty:               124 kB
Writeback:             0 kB
AnonPages:        997156 kB
Mapped:           692980 kB
Shmem:             35212 kB
Slab:             119544 kB
SReclaimable:      39432 kB
SUnreclaim:        80112 kB
KernelStack:       33904 kB
PageTables:        56208 kB
NFS_Unstable:          0 kB
Bounce:                0 kB
WritebackTmp:          0 kB
CommitLimit:     2172840 kB
Committed_AS:   89824484 kB
VmallocTotal:   251658176 kB
VmallocUsed:      138868 kB
VmallocChunk:   251439148 kB
Time pass: 297 sec

---2015-12-05 14:07:44
MemTotal:        2905316 kB
MemFree:           72432 kB
Buffers:           26636 kB
Cached:          1015920 kB
SwapCached:            0 kB
Active:          1323196 kB
Inactive:         704316 kB
Active(anon):     826164 kB
Inactive(anon):   206776 kB
Active(file):     497032 kB
Inactive(file):   497540 kB
Unevictable:       12768 kB
Mlocked:               0 kB
SwapTotal:        720184 kB
SwapFree:         720156 kB
Dirty:                24 kB
Writeback:             0 kB
AnonPages:        997660 kB
Mapped:           693056 kB
Shmem:             35216 kB
Slab:             119536 kB
SReclaimable:      39432 kB
SUnreclaim:        80104 kB
KernelStack:       33872 kB
PageTables:        56204 kB
NFS_Unstable:          0 kB
Bounce:                0 kB
WritebackTmp:          0 kB
CommitLimit:     2172840 kB
Committed_AS:   89825252 kB
VmallocTotal:   251658176 kB
VmallocUsed:      138868 kB
VmallocChunk:   251439148 kB
Time pass: 301 sec

---2015-12-05 14:07:44
MemTotal:        2905316 kB
MemFree:           72216 kB
Buffers:           26644 kB
Cached:          1015992 kB
SwapCached:            0 kB
Active:          1323856 kB
Inactive:         704384 kB
Active(anon):     826812 kB
Inactive(anon):   206836 kB
Active(file):     497044 kB
Inactive(file):   497548 kB
Unevictable:       12768 kB
Mlocked:               0 kB
SwapTotal:        720184 kB
SwapFree:         720156 kB
Dirty:                40 kB
Writeback:             0 kB
AnonPages:        998160 kB
Mapped:           693124 kB
Shmem:             35276 kB
Slab:             119532 kB
SReclaimable:      39432 kB
SUnreclaim:        80100 kB
KernelStack:       33856 kB
PageTables:        56260 kB
NFS_Unstable:          0 kB
Bounce:                0 kB
WritebackTmp:          0 kB
CommitLimit:     2172840 kB
Committed_AS:   89851876 kB
VmallocTotal:   251658176 kB
VmallocUsed:      138868 kB
VmallocChunk:   251439148 kB
Time pass: 304 sec

---2015-12-05 14:07:44
MemTotal:        2905316 kB
MemFree:           71884 kB
Buffers:           26668 kB
Cached:          1016032 kB
SwapCached:            0 kB
Active:          1324744 kB
Inactive:         704432 kB
Active(anon):     827688 kB
Inactive(anon):   206832 kB
Active(file):     497056 kB
Inactive(file):   497600 kB
Unevictable:       12768 kB
Mlocked:               0 kB
SwapTotal:        720184 kB
SwapFree:         720156 kB
Dirty:               140 kB
Writeback:             0 kB
AnonPages:        999044 kB
Mapped:           693132 kB
Shmem:             35276 kB
Slab:             119536 kB
SReclaimable:      39432 kB
SUnreclaim:        80104 kB
KernelStack:       33856 kB
PageTables:        56260 kB
NFS_Unstable:          0 kB
Bounce:                0 kB
WritebackTmp:          0 kB
CommitLimit:     2172840 kB
Committed_AS:   89852644 kB
VmallocTotal:   251658176 kB
VmallocUsed:      138868 kB
VmallocChunk:   251439148 kB
Time pass: 308 sec

---2015-12-05 14:07:44
MemTotal:        2905316 kB
MemFree:           71492 kB
Buffers:           26676 kB
Cached:          1016028 kB
SwapCached:            0 kB
Active:          1324896 kB
Inactive:         704436 kB
Active(anon):     827840 kB
Inactive(anon):   206836 kB
Active(file):     497056 kB
Inactive(file):   497600 kB
Unevictable:       12768 kB
Mlocked:               0 kB
SwapTotal:        720184 kB
SwapFree:         720156 kB
Dirty:                 4 kB
Writeback:             0 kB
AnonPages:        999336 kB
Mapped:           693136 kB
Shmem:             35280 kB
Slab:             119540 kB
SReclaimable:      39432 kB
SUnreclaim:        80108 kB
KernelStack:       33856 kB
PageTables:        56260 kB
NFS_Unstable:          0 kB
Bounce:                0 kB
WritebackTmp:          0 kB
CommitLimit:     2172840 kB
Committed_AS:   89852656 kB
VmallocTotal:   251658176 kB
VmallocUsed:      138868 kB
VmallocChunk:   251439148 kB
Time pass: 312 sec

---2015-12-05 14:07:44
MemTotal:        2905316 kB
MemFree:           70516 kB
Buffers:           26676 kB
Cached:          1016080 kB
SwapCached:            0 kB
Active:          1326068 kB
Inactive:         704476 kB
Active(anon):     829000 kB
Inactive(anon):   206840 kB
Active(file):     497068 kB
Inactive(file):   497636 kB
Unevictable:       12768 kB
Mlocked:               0 kB
SwapTotal:        720184 kB
SwapFree:         720156 kB
Dirty:                84 kB
Writeback:             0 kB
AnonPages:       1000528 kB
Mapped:           693152 kB
Shmem:             35284 kB
Slab:             119516 kB
SReclaimable:      39432 kB
SUnreclaim:        80084 kB
KernelStack:       33808 kB
PageTables:        56260 kB
NFS_Unstable:          0 kB
Bounce:                0 kB
WritebackTmp:          0 kB
CommitLimit:     2172840 kB
Committed_AS:   89852644 kB
VmallocTotal:   251658176 kB
VmallocUsed:      138868 kB
VmallocChunk:   251439148 kB
Time pass: 316 sec

---2015-12-05 14:07:44
MemTotal:        2905316 kB
MemFree:           68932 kB
Buffers:           26692 kB
Cached:          1016164 kB
SwapCached:            0 kB
Active:          1326776 kB
Inactive:         704556 kB
Active(anon):     829688 kB
Inactive(anon):   206868 kB
Active(file):     497088 kB
Inactive(file):   497688 kB
Unevictable:       12768 kB
Mlocked:               0 kB
SwapTotal:        720184 kB
SwapFree:         720156 kB
Dirty:                20 kB
Writeback:             0 kB
AnonPages:       1001164 kB
Mapped:           693188 kB
Shmem:             35312 kB
Slab:             119512 kB
SReclaimable:      39432 kB
SUnreclaim:        80080 kB
KernelStack:       33760 kB
PageTables:        56260 kB
NFS_Unstable:          0 kB
Bounce:                0 kB
WritebackTmp:          0 kB
CommitLimit:     2172840 kB
Committed_AS:   89852492 kB
VmallocTotal:   251658176 kB
VmallocUsed:      138868 kB
VmallocChunk:   251439148 kB
Time pass: 320 sec

---2015-12-05 14:07:44
MemTotal:        2905316 kB
MemFree:           68936 kB
Buffers:           26700 kB
Cached:          1016164 kB
SwapCached:            0 kB
Active:          1326964 kB
Inactive:         704560 kB
Active(anon):     829872 kB
Inactive(anon):   206868 kB
Active(file):     497092 kB
Inactive(file):   497692 kB
Unevictable:       12768 kB
Mlocked:               0 kB
SwapTotal:        720184 kB
SwapFree:         720156 kB
Dirty:                72 kB
Writeback:             0 kB
AnonPages:       1001360 kB
Mapped:           693196 kB
Shmem:             35312 kB
Slab:             119504 kB
SReclaimable:      39432 kB
SUnreclaim:        80072 kB
KernelStack:       33744 kB
PageTables:        56256 kB
NFS_Unstable:          0 kB
Bounce:                0 kB
WritebackTmp:          0 kB
CommitLimit:     2172840 kB
Committed_AS:   89852460 kB
VmallocTotal:   251658176 kB
VmallocUsed:      138868 kB
VmallocChunk:   251439148 kB
Time pass: 323 sec

---2015-12-05 14:07:44
MemTotal:        2905316 kB
MemFree:           67756 kB
Buffers:           26708 kB
Cached:          1016200 kB
SwapCached:            0 kB
Active:          1328004 kB
Inactive:         704588 kB
Active(anon):     830896 kB
Inactive(anon):   206868 kB
Active(file):     497108 kB
Inactive(file):   497720 kB
Unevictable:       12768 kB
Mlocked:               0 kB
SwapTotal:        720184 kB
SwapFree:         720156 kB
Dirty:               104 kB
Writeback:             0 kB
AnonPages:       1002508 kB
Mapped:           693200 kB
Shmem:             35312 kB
Slab:             119556 kB
SReclaimable:      39432 kB
SUnreclaim:        80124 kB
KernelStack:       33744 kB
PageTables:        56256 kB
NFS_Unstable:          0 kB
Bounce:                0 kB
WritebackTmp:          0 kB
CommitLimit:     2172840 kB
Committed_AS:   89852448 kB
VmallocTotal:   251658176 kB
VmallocUsed:      138868 kB
VmallocChunk:   251439148 kB
Time pass: 327 sec

---2015-12-05 14:07:44
MemTotal:        2905316 kB
MemFree:           67364 kB
Buffers:           26748 kB
Cached:          1016260 kB
SwapCached:            0 kB
Active:          1328896 kB
Inactive:         704652 kB
Active(anon):     831752 kB
Inactive(anon):   206868 kB
Active(file):     497144 kB
Inactive(file):   497784 kB
Unevictable:       12768 kB
Mlocked:               0 kB
SwapTotal:        720184 kB
SwapFree:         720156 kB
Dirty:               128 kB
Writeback:             0 kB
AnonPages:       1003392 kB
Mapped:           693228 kB
Shmem:             35312 kB
Slab:             119552 kB
SReclaimable:      39432 kB
SUnreclaim:        80120 kB
KernelStack:       33712 kB
PageTables:        56256 kB
NFS_Unstable:          0 kB
Bounce:                0 kB
WritebackTmp:          0 kB
CommitLimit:     2172840 kB
Committed_AS:   89852304 kB
VmallocTotal:   251658176 kB
VmallocUsed:      138868 kB
VmallocChunk:   251439148 kB
Time pass: 331 sec

---2015-12-05 14:07:44
MemTotal:        2905316 kB
MemFree:           66400 kB
Buffers:           26756 kB
Cached:          1016328 kB
SwapCached:            0 kB
Active:          1328936 kB
Inactive:         704716 kB
Active(anon):     831784 kB
Inactive(anon):   206928 kB
Active(file):     497152 kB
Inactive(file):   497788 kB
Unevictable:       12768 kB
Mlocked:               0 kB
SwapTotal:        720184 kB
SwapFree:         720156 kB
Dirty:                72 kB
Writeback:             0 kB
AnonPages:       1003472 kB
Mapped:           693356 kB
Shmem:             35372 kB
Slab:             119552 kB
SReclaimable:      39432 kB
SUnreclaim:        80120 kB
KernelStack:       33744 kB
PageTables:        56332 kB
NFS_Unstable:          0 kB
Bounce:                0 kB
WritebackTmp:          0 kB
CommitLimit:     2172840 kB
Committed_AS:   89879084 kB
VmallocTotal:   251658176 kB
VmallocUsed:      138868 kB
VmallocChunk:   251439148 kB
Time pass: 335 sec

---2015-12-05 14:07:44
MemTotal:        2905316 kB
MemFree:           66304 kB
Buffers:           26764 kB
Cached:          1016340 kB
SwapCached:            0 kB
Active:          1329256 kB
Inactive:         704740 kB
Active(anon):     832104 kB
Inactive(anon):   206932 kB
Active(file):     497152 kB
Inactive(file):   497808 kB
Unevictable:       12768 kB
Mlocked:               0 kB
SwapTotal:        720184 kB
SwapFree:         720156 kB
Dirty:                84 kB
Writeback:             0 kB
AnonPages:       1003680 kB
Mapped:           693364 kB
Shmem:             35376 kB
Slab:             119548 kB
SReclaimable:      39432 kB
SUnreclaim:        80116 kB
KernelStack:       33760 kB
PageTables:        56328 kB
NFS_Unstable:          0 kB
Bounce:                0 kB
WritebackTmp:          0 kB
CommitLimit:     2172840 kB
Committed_AS:   89879048 kB
VmallocTotal:   251658176 kB
VmallocUsed:      138868 kB
VmallocChunk:   251439148 kB
Time pass: 338 sec

---2015-12-05 14:07:44
MemTotal:        2905316 kB
MemFree:           65280 kB
Buffers:           26780 kB
Cached:          1016372 kB
SwapCached:            0 kB
Active:          1329820 kB
Inactive:         704784 kB
Active(anon):     832664 kB
Inactive(anon):   206932 kB
Active(file):     497156 kB
Inactive(file):   497852 kB
Unevictable:       12768 kB
Mlocked:               0 kB
SwapTotal:        720184 kB
SwapFree:         720156 kB
Dirty:               108 kB
Writeback:             0 kB
AnonPages:       1004248 kB
Mapped:           693372 kB
Shmem:             35376 kB
Slab:             119548 kB
SReclaimable:      39432 kB
SUnreclaim:        80116 kB
KernelStack:       33760 kB
PageTables:        56332 kB
NFS_Unstable:          0 kB
Bounce:                0 kB
WritebackTmp:          0 kB
CommitLimit:     2172840 kB
Committed_AS:   89879048 kB
VmallocTotal:   251658176 kB
VmallocUsed:      138868 kB
VmallocChunk:   251439148 kB
Time pass: 342 sec

---2015-12-05 14:07:44
MemTotal:        2905316 kB
MemFree:           65208 kB
Buffers:           26788 kB
Cached:          1016368 kB
SwapCached:            0 kB
Active:          1330296 kB
Inactive:         704784 kB
Active(anon):     833136 kB
Inactive(anon):   206932 kB
Active(file):     497160 kB
Inactive(file):   497852 kB
Unevictable:       12768 kB
Mlocked:               0 kB
SwapTotal:        720184 kB
SwapFree:         720156 kB
Dirty:                56 kB
Writeback:             0 kB
AnonPages:       1004532 kB
Mapped:           693376 kB
Shmem:             35376 kB
Slab:             119548 kB
SReclaimable:      39432 kB
SUnreclaim:        80116 kB
KernelStack:       33728 kB
PageTables:        56336 kB
NFS_Unstable:          0 kB
Bounce:                0 kB
WritebackTmp:          0 kB
CommitLimit:     2172840 kB
Committed_AS:   89879048 kB
VmallocTotal:   251658176 kB
VmallocUsed:      138868 kB
VmallocChunk:   251439148 kB
Time pass: 346 sec

---2015-12-05 14:07:44
MemTotal:        2905316 kB
MemFree:           64824 kB
Buffers:           26788 kB
Cached:          1016376 kB
SwapCached:            0 kB
Active:          1330184 kB
Inactive:         704792 kB
Active(anon):     833024 kB
Inactive(anon):   206936 kB
Active(file):     497160 kB
Inactive(file):   497856 kB
Unevictable:       12768 kB
Mlocked:               0 kB
SwapTotal:        720184 kB
SwapFree:         720156 kB
Dirty:                 4 kB
Writeback:             0 kB
AnonPages:       1004600 kB
Mapped:           693380 kB
Shmem:             35380 kB
Slab:             119556 kB
SReclaimable:      39432 kB
SUnreclaim:        80124 kB
KernelStack:       33760 kB
PageTables:        56336 kB
NFS_Unstable:          0 kB
Bounce:                0 kB
WritebackTmp:          0 kB
CommitLimit:     2172840 kB
Committed_AS:   89879072 kB
VmallocTotal:   251658176 kB
VmallocUsed:      138868 kB
VmallocChunk:   251439148 kB
Time pass: 350 sec

---2015-12-05 14:07:44
MemTotal:        2905316 kB
MemFree:           64416 kB
Buffers:           26812 kB
Cached:          1016412 kB
SwapCached:            0 kB
Active:          1331008 kB
Inactive:         704844 kB
Active(anon):     833840 kB
Inactive(anon):   206936 kB
Active(file):     497168 kB
Inactive(file):   497908 kB
Unevictable:       12768 kB
Mlocked:               0 kB
SwapTotal:        720184 kB
SwapFree:         720156 kB
Dirty:               104 kB
Writeback:             0 kB
AnonPages:       1005316 kB
Mapped:           693380 kB
Shmem:             35380 kB
Slab:             119564 kB
SReclaimable:      39432 kB
SUnreclaim:        80132 kB
KernelStack:       33760 kB
PageTables:        56332 kB
NFS_Unstable:          0 kB
Bounce:                0 kB
WritebackTmp:          0 kB
CommitLimit:     2172840 kB
Committed_AS:   89879040 kB
VmallocTotal:   251658176 kB
VmallocUsed:      138868 kB
VmallocChunk:   251439148 kB
Time pass: 353 sec

---2015-12-05 14:07:44
MemTotal:        2905316 kB
MemFree:           63836 kB
Buffers:           26812 kB
Cached:          1016448 kB
SwapCached:            0 kB
Active:          1331708 kB
Inactive:         704872 kB
Active(anon):     834532 kB
Inactive(anon):   206964 kB
Active(file):     497176 kB
Inactive(file):   497908 kB
Unevictable:       12768 kB
Mlocked:               0 kB
SwapTotal:        720184 kB
SwapFree:         720156 kB
Dirty:                 4 kB
Writeback:             0 kB
AnonPages:       1005912 kB
Mapped:           693352 kB
Shmem:             35408 kB
Slab:             119564 kB
SReclaimable:      39432 kB
SUnreclaim:        80132 kB
KernelStack:       33760 kB
PageTables:        56312 kB
NFS_Unstable:          0 kB
Bounce:                0 kB
WritebackTmp:          0 kB
CommitLimit:     2172840 kB
Committed_AS:   89879084 kB
VmallocTotal:   251658176 kB
VmallocUsed:      138868 kB
VmallocChunk:   251439148 kB
Time pass: 357 sec

---2015-12-05 14:07:44
MemTotal:        2905316 kB
MemFree:           63764 kB
Buffers:           26820 kB
Cached:          1016456 kB
SwapCached:            0 kB
Active:          1331672 kB
Inactive:         704884 kB
Active(anon):     834496 kB
Inactive(anon):   206968 kB
Active(file):     497176 kB
Inactive(file):   497916 kB
Unevictable:       12768 kB
Mlocked:               0 kB
SwapTotal:        720184 kB
SwapFree:         720156 kB
Dirty:                 8 kB
Writeback:             0 kB
AnonPages:       1006140 kB
Mapped:           693432 kB
Shmem:             35412 kB
Slab:             119564 kB
SReclaimable:      39432 kB
SUnreclaim:        80132 kB
KernelStack:       33760 kB
PageTables:        56312 kB
NFS_Unstable:          0 kB
Bounce:                0 kB
WritebackTmp:          0 kB
CommitLimit:     2172840 kB
Committed_AS:   89879084 kB
VmallocTotal:   251658176 kB
VmallocUsed:      138868 kB
VmallocChunk:   251439148 kB
Time pass: 361 sec

---2015-12-05 14:07:44
MemTotal:        2905316 kB
MemFree:           70516 kB
Buffers:           26836 kB
Cached:          1009492 kB
SwapCached:            0 kB
Active:          1328068 kB
Inactive:         702564 kB
Active(anon):     834048 kB
Inactive(anon):   208596 kB
Active(file):     494020 kB
Inactive(file):   493968 kB
Unevictable:       12768 kB
Mlocked:               0 kB
SwapTotal:        720184 kB
SwapFree:         720156 kB
Dirty:                48 kB
Writeback:             0 kB
AnonPages:       1007448 kB
Mapped:           693552 kB
Shmem:             35460 kB
Slab:             119564 kB
SReclaimable:      39432 kB
SUnreclaim:        80132 kB
KernelStack:       33792 kB
PageTables:        56344 kB
NFS_Unstable:          0 kB
Bounce:                0 kB
WritebackTmp:          0 kB
CommitLimit:     2172840 kB
Committed_AS:   89905680 kB
VmallocTotal:   251658176 kB
VmallocUsed:      138868 kB
VmallocChunk:   251439148 kB
Time pass: 365 sec

---2015-12-05 14:07:44
MemTotal:        2905316 kB
MemFree:           69124 kB
Buffers:           26844 kB
Cached:          1009412 kB
SwapCached:            0 kB
Active:          1328860 kB
Inactive:         702660 kB
Active(anon):     834884 kB
Inactive(anon):   208620 kB
Active(file):     493976 kB
Inactive(file):   494040 kB
Unevictable:       12768 kB
Mlocked:               0 kB
SwapTotal:        720184 kB
SwapFree:         720156 kB
Dirty:                32 kB
Writeback:             0 kB
AnonPages:       1007972 kB
Mapped:           693580 kB
Shmem:             35472 kB
Slab:             119548 kB
SReclaimable:      39416 kB
SUnreclaim:        80132 kB
KernelStack:       33760 kB
PageTables:        56352 kB
NFS_Unstable:          0 kB
Bounce:                0 kB
WritebackTmp:          0 kB
CommitLimit:     2172840 kB
Committed_AS:   89905696 kB
VmallocTotal:   251658176 kB
VmallocUsed:      138868 kB
VmallocChunk:   251439148 kB
Time pass: 368 sec

---2015-12-05 14:07:44
MemTotal:        2905316 kB
MemFree:           69084 kB
Buffers:           26852 kB
Cached:          1009416 kB
SwapCached:            0 kB
Active:          1328932 kB
Inactive:         702672 kB
Active(anon):     834956 kB
Inactive(anon):   208620 kB
Active(file):     493976 kB
Inactive(file):   494052 kB
Unevictable:       12768 kB
Mlocked:               0 kB
SwapTotal:        720184 kB
SwapFree:         720156 kB
Dirty:                76 kB
Writeback:             0 kB
AnonPages:       1008052 kB
Mapped:           693648 kB
Shmem:             35472 kB
Slab:             119548 kB
SReclaimable:      39416 kB
SUnreclaim:        80132 kB
KernelStack:       33760 kB
PageTables:        56376 kB
NFS_Unstable:          0 kB
Bounce:                0 kB
WritebackTmp:          0 kB
CommitLimit:     2172840 kB
Committed_AS:   89905708 kB
VmallocTotal:   251658176 kB
VmallocUsed:      138868 kB
VmallocChunk:   251439148 kB
Time pass: 372 sec

---2015-12-05 14:07:44
MemTotal:        2905316 kB
MemFree:           69048 kB
Buffers:           26860 kB
Cached:          1009420 kB
SwapCached:            0 kB
Active:          1328900 kB
Inactive:         702680 kB
Active(anon):     834920 kB
Inactive(anon):   208620 kB
Active(file):     493980 kB
Inactive(file):   494060 kB
Unevictable:       12768 kB
Mlocked:               0 kB
SwapTotal:        720184 kB
SwapFree:         720156 kB
Dirty:                20 kB
Writeback:            20 kB
AnonPages:       1008164 kB
Mapped:           693660 kB
Shmem:             35472 kB
Slab:             119540 kB
SReclaimable:      39416 kB
SUnreclaim:        80124 kB
KernelStack:       33760 kB
PageTables:        56376 kB
NFS_Unstable:          0 kB
Bounce:                0 kB
WritebackTmp:          0 kB
CommitLimit:     2172840 kB
Committed_AS:   89905672 kB
VmallocTotal:   251658176 kB
VmallocUsed:      138868 kB
VmallocChunk:   251439148 kB
Time pass: 376 sec

---2015-12-05 14:07:44
MemTotal:        2905316 kB
MemFree:           68416 kB
Buffers:           26876 kB
Cached:          1009560 kB
SwapCached:            0 kB
Active:          1329980 kB
Inactive:         702804 kB
Active(anon):     835988 kB
Inactive(anon):   208620 kB
Active(file):     493992 kB
Inactive(file):   494184 kB
Unevictable:       12768 kB
Mlocked:               0 kB
SwapTotal:        720184 kB
SwapFree:         720156 kB
Dirty:               120 kB
Writeback:             0 kB
AnonPages:       1009008 kB
Mapped:           693700 kB
Shmem:             35472 kB
Slab:             119540 kB
SReclaimable:      39416 kB
SUnreclaim:        80124 kB
KernelStack:       33792 kB
PageTables:        56376 kB
NFS_Unstable:          0 kB
Bounce:                0 kB
WritebackTmp:          0 kB
CommitLimit:     2172840 kB
Committed_AS:   89905980 kB
VmallocTotal:   251658176 kB
VmallocUsed:      138868 kB
VmallocChunk:   251439148 kB
Time pass: 380 sec

---2015-12-05 14:07:44
MemTotal:        2905316 kB
MemFree:           68092 kB
Buffers:           26884 kB
Cached:          1009656 kB
SwapCached:            0 kB
Active:          1329988 kB
Inactive:         702912 kB
Active(anon):     835980 kB
Inactive(anon):   208624 kB
Active(file):     494008 kB
Inactive(file):   494288 kB
Unevictable:       12768 kB
Mlocked:               0 kB
SwapTotal:        720184 kB
SwapFree:         720156 kB
Dirty:                96 kB
Writeback:             0 kB
AnonPages:       1009220 kB
Mapped:           693700 kB
Shmem:             35476 kB
Slab:             119536 kB
SReclaimable:      39416 kB
SUnreclaim:        80120 kB
KernelStack:       33792 kB
PageTables:        56352 kB
NFS_Unstable:          0 kB
Bounce:                0 kB
WritebackTmp:          0 kB
CommitLimit:     2172840 kB
Committed_AS:   89905996 kB
VmallocTotal:   251658176 kB
VmallocUsed:      138868 kB
VmallocChunk:   251439148 kB
Time pass: 383 sec

---2015-12-05 14:07:44
MemTotal:        2905316 kB
MemFree:           67596 kB
Buffers:           26884 kB
Cached:          1009664 kB
SwapCached:            0 kB
Active:          1330928 kB
Inactive:         702916 kB
Active(anon):     836916 kB
Inactive(anon):   208632 kB
Active(file):     494012 kB
Inactive(file):   494284 kB
Unevictable:       12768 kB
Mlocked:               0 kB
SwapTotal:        720184 kB
SwapFree:         720156 kB
Dirty:                 4 kB
Writeback:             0 kB
AnonPages:       1010080 kB
Mapped:           693772 kB
Shmem:             35484 kB
Slab:             119536 kB
SReclaimable:      39416 kB
SUnreclaim:        80120 kB
KernelStack:       33760 kB
PageTables:        56376 kB
NFS_Unstable:          0 kB
Bounce:                0 kB
WritebackTmp:          0 kB
CommitLimit:     2172840 kB
Committed_AS:   89906020 kB
VmallocTotal:   251658176 kB
VmallocUsed:      138868 kB
VmallocChunk:   251439148 kB
Time pass: 387 sec

---2015-12-05 14:07:44
MemTotal:        2905316 kB
MemFree:           66924 kB
Buffers:           26908 kB
Cached:          1009700 kB
SwapCached:            0 kB
Active:          1331904 kB
Inactive:         702960 kB
