---2015-10-23 20:34:50
MemTotal:        2899420 kB
MemFree:          345176 kB
Buffers:           42620 kB
Cached:           739292 kB
SwapCached:          780 kB
Active:          1212808 kB
Inactive:         578992 kB
Active(anon):     799768 kB
Inactive(anon):   224800 kB
Active(file):     413040 kB
Inactive(file):   354192 kB
Unevictable:       13556 kB
Mlocked:               0 kB
SwapTotal:        721780 kB
SwapFree:         678708 kB
Dirty:                 0 kB
Writeback:             0 kB
AnonPages:       1023016 kB
Mapped:           428264 kB
Shmem:              1124 kB
Slab:              99920 kB
SReclaimable:      32288 kB
SUnreclaim:        67632 kB
KernelStack:       35744 kB
PageTables:        45820 kB
NFS_Unstable:          0 kB
Bounce:                0 kB
WritebackTmp:          0 kB
CommitLimit:     2171488 kB
Committed_AS:   108072288 kB
VmallocTotal:   251658176 kB
VmallocUsed:      129064 kB
VmallocChunk:   251452972 kB
Time pass: 3 sec

---2015-10-23 20:34:50
MemTotal:        2899420 kB
MemFree:          344944 kB
Buffers:           42620 kB
Cached:           739292 kB
SwapCached:          780 kB
Active:          1213436 kB
Inactive:         578992 kB
Active(anon):     800396 kB
Inactive(anon):   224800 kB
Active(file):     413040 kB
Inactive(file):   354192 kB
Unevictable:       13556 kB
Mlocked:               0 kB
SwapTotal:        721780 kB
SwapFree:         678708 kB
Dirty:                32 kB
Writeback:             0 kB
AnonPages:       1023748 kB
Mapped:           428264 kB
Shmem:              1124 kB
Slab:              99920 kB
SReclaimable:      32288 kB
SUnreclaim:        67632 kB
KernelStack:       35776 kB
PageTables:        45852 kB
NFS_Unstable:          0 kB
Bounce:                0 kB
WritebackTmp:          0 kB
CommitLimit:     2171488 kB
Committed_AS:   108072312 kB
VmallocTotal:   251658176 kB
VmallocUsed:      129064 kB
VmallocChunk:   251452972 kB
Time pass: 7 sec

---2015-10-23 20:34:50
MemTotal:        2899420 kB
MemFree:          344412 kB
Buffers:           42628 kB
Cached:           739284 kB
SwapCached:          780 kB
Active:          1213640 kB
Inactive:         578992 kB
Active(anon):     800600 kB
Inactive(anon):   224800 kB
Active(file):     413040 kB
Inactive(file):   354192 kB
Unevictable:       13556 kB
Mlocked:               0 kB
SwapTotal:        721780 kB
SwapFree:         678708 kB
Dirty:                32 kB
Writeback:             0 kB
AnonPages:       1023696 kB
Mapped:           428264 kB
Shmem:              1124 kB
Slab:              99920 kB
SReclaimable:      32288 kB
SUnreclaim:        67632 kB
KernelStack:       35744 kB
PageTables:        45812 kB
NFS_Unstable:          0 kB
Bounce:                0 kB
WritebackTmp:          0 kB
CommitLimit:     2171488 kB
Committed_AS:   108072312 kB
VmallocTotal:   251658176 kB
VmallocUsed:      129064 kB
VmallocChunk:   251452972 kB
Time pass: 11 sec

---2015-10-23 20:34:50
MemTotal:        2899420 kB
MemFree:          344288 kB
Buffers:           42628 kB
Cached:           739292 kB
SwapCached:          780 kB
Active:          1213784 kB
Inactive:         579000 kB
Active(anon):     800744 kB
Inactive(anon):   224800 kB
Active(file):     413040 kB
Inactive(file):   354200 kB
Unevictable:       13556 kB
Mlocked:               0 kB
SwapTotal:        721780 kB
SwapFree:         678708 kB
Dirty:                12 kB
Writeback:             0 kB
AnonPages:       1023904 kB
Mapped:           428280 kB
Shmem:              1124 kB
Slab:              99900 kB
SReclaimable:      32288 kB
SUnreclaim:        67612 kB
KernelStack:       35744 kB
PageTables:        45816 kB
NFS_Unstable:          0 kB
Bounce:                0 kB
WritebackTmp:          0 kB
CommitLimit:     2171488 kB
Committed_AS:   108072304 kB
VmallocTotal:   251658176 kB
VmallocUsed:      129064 kB
VmallocChunk:   251452972 kB
Time pass: 14 sec

---2015-10-23 20:34:50
MemTotal:        2899420 kB
MemFree:          343824 kB
Buffers:           42628 kB
Cached:           739292 kB
SwapCached:          780 kB
Active:          1213676 kB
Inactive:         579000 kB
Active(anon):     800636 kB
Inactive(anon):   224800 kB
Active(file):     413040 kB
Inactive(file):   354200 kB
Unevictable:       13556 kB
Mlocked:               0 kB
SwapTotal:        721780 kB
SwapFree:         678708 kB
Dirty:                 0 kB
Writeback:             0 kB
AnonPages:       1023852 kB
Mapped:           428140 kB
Shmem:              1124 kB
Slab:              99900 kB
SReclaimable:      32288 kB
SUnreclaim:        67612 kB
KernelStack:       35728 kB
PageTables:        45844 kB
NFS_Unstable:          0 kB
Bounce:                0 kB
WritebackTmp:          0 kB
CommitLimit:     2171488 kB
Committed_AS:   108072296 kB
VmallocTotal:   251658176 kB
VmallocUsed:      129064 kB
VmallocChunk:   251452972 kB
Time pass: 18 sec

---2015-10-23 20:34:50
MemTotal:        2899420 kB
MemFree:          343908 kB
Buffers:           42628 kB
Cached:           739292 kB
SwapCached:          780 kB
Active:          1213852 kB
Inactive:         579000 kB
Active(anon):     800812 kB
Inactive(anon):   224800 kB
Active(file):     413040 kB
Inactive(file):   354200 kB
Unevictable:       13556 kB
Mlocked:               0 kB
SwapTotal:        721780 kB
SwapFree:         678708 kB
Dirty:                 0 kB
Writeback:             0 kB
AnonPages:       1024084 kB
Mapped:           428276 kB
Shmem:              1124 kB
Slab:              99900 kB
SReclaimable:      32288 kB
SUnreclaim:        67612 kB
KernelStack:       35744 kB
PageTables:        45812 kB
NFS_Unstable:          0 kB
Bounce:                0 kB
WritebackTmp:          0 kB
CommitLimit:     2171488 kB
Committed_AS:   108072320 kB
VmallocTotal:   251658176 kB
VmallocUsed:      129064 kB
VmallocChunk:   251452972 kB
Time pass: 22 sec

---2015-10-23 20:34:50
MemTotal:        2899420 kB
MemFree:          343776 kB
Buffers:           42628 kB
Cached:           739292 kB
SwapCached:          780 kB
Active:          1214208 kB
Inactive:         579000 kB
Active(anon):     801168 kB
Inactive(anon):   224800 kB
Active(file):     413040 kB
Inactive(file):   354200 kB
Unevictable:       13556 kB
Mlocked:               0 kB
SwapTotal:        721780 kB
SwapFree:         678708 kB
Dirty:                 0 kB
Writeback:             0 kB
AnonPages:       1024248 kB
Mapped:           428272 kB
Shmem:              1124 kB
Slab:              99876 kB
SReclaimable:      32288 kB
SUnreclaim:        67588 kB
KernelStack:       35744 kB
PageTables:        45812 kB
NFS_Unstable:          0 kB
Bounce:                0 kB
WritebackTmp:          0 kB
CommitLimit:     2171488 kB
Committed_AS:   108072320 kB
VmallocTotal:   251658176 kB
VmallocUsed:      129064 kB
VmallocChunk:   251452972 kB
Time pass: 26 sec

---2015-10-23 20:34:50
MemTotal:        2899420 kB
MemFree:          343632 kB
Buffers:           42628 kB
Cached:           739292 kB
SwapCached:          780 kB
Active:          1214184 kB
Inactive:         579000 kB
Active(anon):     801144 kB
Inactive(anon):   224800 kB
Active(file):     413040 kB
Inactive(file):   354200 kB
Unevictable:       13556 kB
Mlocked:               0 kB
SwapTotal:        721780 kB
SwapFree:         678708 kB
Dirty:                 0 kB
Writeback:             0 kB
AnonPages:       1024368 kB
Mapped:           428276 kB
Shmem:              1124 kB
Slab:              99872 kB
SReclaimable:      32288 kB
SUnreclaim:        67584 kB
KernelStack:       35760 kB
PageTables:        45816 kB
NFS_Unstable:          0 kB
Bounce:                0 kB
WritebackTmp:          0 kB
CommitLimit:     2171488 kB
Committed_AS:   108072304 kB
VmallocTotal:   251658176 kB
VmallocUsed:      129064 kB
VmallocChunk:   251452972 kB
Time pass: 29 sec

---2015-10-23 20:34:50
MemTotal:        2899420 kB
MemFree:          343680 kB
Buffers:           42628 kB
Cached:           739292 kB
SwapCached:          780 kB
Active:          1214312 kB
Inactive:         579000 kB
Active(anon):     801272 kB
Inactive(anon):   224800 kB
Active(file):     413040 kB
Inactive(file):   354200 kB
Unevictable:       13556 kB
Mlocked:               0 kB
SwapTotal:        721780 kB
SwapFree:         678708 kB
Dirty:                 8 kB
Writeback:             4 kB
AnonPages:       1024532 kB
Mapped:           428056 kB
Shmem:              1124 kB
Slab:              99872 kB
SReclaimable:      32288 kB
SUnreclaim:        67584 kB
KernelStack:       35744 kB
PageTables:        45812 kB
NFS_Unstable:          0 kB
Bounce:                0 kB
WritebackTmp:          0 kB
CommitLimit:     2171488 kB
Committed_AS:   108072288 kB
VmallocTotal:   251658176 kB
VmallocUsed:      129064 kB
VmallocChunk:   251452972 kB
Time pass: 33 sec

---2015-10-23 20:34:50
MemTotal:        2899420 kB
MemFree:          343372 kB
Buffers:           42628 kB
Cached:           739292 kB
SwapCached:          780 kB
Active:          1214444 kB
Inactive:         579000 kB
Active(anon):     801404 kB
Inactive(anon):   224800 kB
Active(file):     413040 kB
Inactive(file):   354200 kB
Unevictable:       13556 kB
Mlocked:               0 kB
SwapTotal:        721780 kB
SwapFree:         678708 kB
Dirty:                 8 kB
Writeback:             0 kB
AnonPages:       1024704 kB
Mapped:           428056 kB
Shmem:              1124 kB
Slab:              99872 kB
SReclaimable:      32288 kB
SUnreclaim:        67584 kB
KernelStack:       35744 kB
PageTables:        45812 kB
NFS_Unstable:          0 kB
Bounce:                0 kB
WritebackTmp:          0 kB
CommitLimit:     2171488 kB
Committed_AS:   108072272 kB
VmallocTotal:   251658176 kB
VmallocUsed:      129064 kB
VmallocChunk:   251452972 kB
Time pass: 37 sec

---2015-10-23 20:34:50
MemTotal:        2899420 kB
MemFree:          343312 kB
Buffers:           42644 kB
Cached:           739292 kB
SwapCached:          780 kB
Active:          1214664 kB
Inactive:         579008 kB
Active(anon):     801624 kB
Inactive(anon):   224800 kB
Active(file):     413040 kB
Inactive(file):   354208 kB
Unevictable:       13556 kB
Mlocked:               0 kB
SwapTotal:        721780 kB
SwapFree:         678708 kB
Dirty:                36 kB
Writeback:             0 kB
AnonPages:       1024880 kB
Mapped:           428276 kB
Shmem:              1124 kB
Slab:              99872 kB
SReclaimable:      32288 kB
SUnreclaim:        67584 kB
KernelStack:       35744 kB
PageTables:        45816 kB
NFS_Unstable:          0 kB
Bounce:                0 kB
WritebackTmp:          0 kB
CommitLimit:     2171488 kB
Committed_AS:   108072312 kB
VmallocTotal:   251658176 kB
VmallocUsed:      129064 kB
VmallocChunk:   251452972 kB
Time pass: 41 sec

---2015-10-23 20:34:50
MemTotal:        2899420 kB
MemFree:          342764 kB
Buffers:           42644 kB
Cached:           739292 kB
SwapCached:          780 kB
Active:          1214908 kB
Inactive:         579016 kB
Active(anon):     801868 kB
Inactive(anon):   224800 kB
Active(file):     413040 kB
Inactive(file):   354216 kB
Unevictable:       13556 kB
Mlocked:               0 kB
SwapTotal:        721780 kB
SwapFree:         678708 kB
Dirty:                 0 kB
Writeback:            36 kB
AnonPages:       1025040 kB
Mapped:           428144 kB
Shmem:              1124 kB
Slab:              99872 kB
SReclaimable:      32288 kB
SUnreclaim:        67584 kB
KernelStack:       35728 kB
PageTables:        45844 kB
NFS_Unstable:          0 kB
Bounce:                0 kB
WritebackTmp:          0 kB
CommitLimit:     2171488 kB
Committed_AS:   108072288 kB
VmallocTotal:   251658176 kB
VmallocUsed:      129064 kB
VmallocChunk:   251452972 kB
Time pass: 44 sec

---2015-10-23 20:34:50
MemTotal:        2899420 kB
MemFree:          342644 kB
Buffers:           42644 kB
Cached:           739292 kB
SwapCached:          780 kB
Active:          1215012 kB
Inactive:         579016 kB
Active(anon):     801972 kB
Inactive(anon):   224800 kB
Active(file):     413040 kB
Inactive(file):   354216 kB
Unevictable:       13556 kB
Mlocked:               0 kB
SwapTotal:        721780 kB
SwapFree:         678708 kB
Dirty:                 0 kB
Writeback:             0 kB
AnonPages:       1025240 kB
Mapped:           428280 kB
Shmem:              1124 kB
Slab:              99872 kB
SReclaimable:      32288 kB
SUnreclaim:        67584 kB
KernelStack:       35728 kB
PageTables:        45816 kB
NFS_Unstable:          0 kB
Bounce:                0 kB
WritebackTmp:          0 kB
CommitLimit:     2171488 kB
Committed_AS:   108072312 kB
VmallocTotal:   251658176 kB
VmallocUsed:      129064 kB
VmallocChunk:   251452972 kB
Time pass: 48 sec

---2015-10-23 20:34:50
MemTotal:        2899420 kB
MemFree:          342620 kB
Buffers:           42644 kB
Cached:           739292 kB
SwapCached:          780 kB
Active:          1215228 kB
Inactive:         579016 kB
Active(anon):     802188 kB
Inactive(anon):   224800 kB
Active(file):     413040 kB
Inactive(file):   354216 kB
Unevictable:       13556 kB
Mlocked:               0 kB
SwapTotal:        721780 kB
SwapFree:         678708 kB
Dirty:                 0 kB
Writeback:             0 kB
AnonPages:       1025464 kB
Mapped:           428276 kB
Shmem:              1124 kB
Slab:              99864 kB
SReclaimable:      32288 kB
SUnreclaim:        67576 kB
KernelStack:       35712 kB
PageTables:        45808 kB
NFS_Unstable:          0 kB
Bounce:                0 kB
WritebackTmp:          0 kB
CommitLimit:     2171488 kB
Committed_AS:   108072312 kB
VmallocTotal:   251658176 kB
VmallocUsed:      129064 kB
VmallocChunk:   251452972 kB
Time pass: 52 sec

---2015-10-23 20:34:50
MemTotal:        2899420 kB
MemFree:          342412 kB
Buffers:           42644 kB
Cached:           739292 kB
SwapCached:          780 kB
Active:          1215512 kB
Inactive:         579016 kB
Active(anon):     802472 kB
Inactive(anon):   224800 kB
Active(file):     413040 kB
Inactive(file):   354216 kB
Unevictable:       13556 kB
Mlocked:               0 kB
SwapTotal:        721780 kB
SwapFree:         678708 kB
Dirty:                 0 kB
Writeback:             0 kB
AnonPages:       1025624 kB
Mapped:           428276 kB
Shmem:              1124 kB
Slab:              99864 kB
SReclaimable:      32288 kB
SUnreclaim:        67576 kB
KernelStack:       35712 kB
PageTables:        45808 kB
NFS_Unstable:          0 kB
Bounce:                0 kB
WritebackTmp:          0 kB
CommitLimit:     2171488 kB
Committed_AS:   108072256 kB
VmallocTotal:   251658176 kB
VmallocUsed:      129064 kB
VmallocChunk:   251452972 kB
Time pass: 56 sec

---2015-10-23 20:34:50
MemTotal:        2899420 kB
MemFree:          342464 kB
Buffers:           42644 kB
Cached:           739292 kB
SwapCached:          780 kB
Active:          1215800 kB
Inactive:         579016 kB
Active(anon):     802760 kB
Inactive(anon):   224800 kB
Active(file):     413040 kB
Inactive(file):   354216 kB
Unevictable:       13556 kB
Mlocked:               0 kB
SwapTotal:        721780 kB
SwapFree:         678708 kB
Dirty:                 0 kB
Writeback:             0 kB
AnonPages:       1025844 kB
Mapped:           428276 kB
Shmem:              1124 kB
Slab:              99864 kB
SReclaimable:      32288 kB
SUnreclaim:        67576 kB
KernelStack:       35712 kB
PageTables:        45808 kB
NFS_Unstable:          0 kB
Bounce:                0 kB
WritebackTmp:          0 kB
CommitLimit:     2171488 kB
Committed_AS:   108072216 kB
VmallocTotal:   251658176 kB
VmallocUsed:      129064 kB
VmallocChunk:   251452972 kB
Time pass: 60 sec

---2015-10-23 20:34:50
MemTotal:        2899420 kB
MemFree:          341548 kB
Buffers:           42644 kB
Cached:           739292 kB
SwapCached:          780 kB
Active:          1215964 kB
Inactive:         579016 kB
Active(anon):     802924 kB
Inactive(anon):   224800 kB
Active(file):     413040 kB
Inactive(file):   354216 kB
Unevictable:       13556 kB
Mlocked:               0 kB
SwapTotal:        721780 kB
SwapFree:         678708 kB
Dirty:                 0 kB
Writeback:             0 kB
AnonPages:       1025952 kB
Mapped:           428356 kB
Shmem:              1124 kB
Slab:              99864 kB
SReclaimable:      32288 kB
SUnreclaim:        67576 kB
KernelStack:       35712 kB
PageTables:        45844 kB
NFS_Unstable:          0 kB
Bounce:                0 kB
WritebackTmp:          0 kB
CommitLimit:     2171488 kB
Committed_AS:   108072280 kB
VmallocTotal:   251658176 kB
VmallocUsed:      129064 kB
VmallocChunk:   251452972 kB
Time pass: 64 sec

---2015-10-23 20:34:50
MemTotal:        2899420 kB
MemFree:          341728 kB
Buffers:           42652 kB
Cached:           739292 kB
SwapCached:          780 kB
Active:          1216668 kB
Inactive:         579024 kB
Active(anon):     803628 kB
Inactive(anon):   224800 kB
Active(file):     413040 kB
Inactive(file):   354224 kB
Unevictable:       13556 kB
Mlocked:               0 kB
SwapTotal:        721780 kB
SwapFree:         678708 kB
Dirty:                72 kB
Writeback:             0 kB
AnonPages:       1026948 kB
Mapped:           428056 kB
Shmem:              1124 kB
Slab:              99864 kB
SReclaimable:      32288 kB
SUnreclaim:        67576 kB
KernelStack:       35712 kB
PageTables:        45812 kB
NFS_Unstable:          0 kB
Bounce:                0 kB
WritebackTmp:          0 kB
CommitLimit:     2171488 kB
Committed_AS:   108072328 kB
VmallocTotal:   251658176 kB
VmallocUsed:      129064 kB
VmallocChunk:   251452972 kB
Time pass: 67 sec

---2015-10-23 20:34:50
MemTotal:        2899420 kB
MemFree:          341008 kB
Buffers:           42660 kB
Cached:           739292 kB
SwapCached:          780 kB
Active:          1216800 kB
Inactive:         579024 kB
Active(anon):     803760 kB
Inactive(anon):   224800 kB
Active(file):     413040 kB
Inactive(file):   354224 kB
Unevictable:       13556 kB
Mlocked:               0 kB
SwapTotal:        721780 kB
SwapFree:         678708 kB
Dirty:                28 kB
Writeback:             0 kB
AnonPages:       1027016 kB
Mapped:           428276 kB
Shmem:              1124 kB
Slab:              99860 kB
SReclaimable:      32288 kB
SUnreclaim:        67572 kB
KernelStack:       35712 kB
PageTables:        45808 kB
NFS_Unstable:          0 kB
Bounce:                0 kB
WritebackTmp:          0 kB
CommitLimit:     2171488 kB
Committed_AS:   108072260 kB
VmallocTotal:   251658176 kB
VmallocUsed:      129064 kB
VmallocChunk:   251452972 kB
Time pass: 71 sec

---2015-10-23 20:34:50
MemTotal:        2899420 kB
MemFree:          341164 kB
Buffers:           42660 kB
Cached:           739292 kB
SwapCached:          780 kB
Active:          1217052 kB
Inactive:         579032 kB
Active(anon):     804012 kB
Inactive(anon):   224800 kB
Active(file):     413040 kB
Inactive(file):   354232 kB
Unevictable:       13556 kB
Mlocked:               0 kB
SwapTotal:        721780 kB
SwapFree:         678708 kB
Dirty:                28 kB
Writeback:             0 kB
AnonPages:       1027356 kB
Mapped:           428320 kB
Shmem:              1124 kB
Slab:              99860 kB
SReclaimable:      32288 kB
SUnreclaim:        67572 kB
KernelStack:       35712 kB
PageTables:        45828 kB
NFS_Unstable:          0 kB
Bounce:                0 kB
WritebackTmp:          0 kB
CommitLimit:     2171488 kB
Committed_AS:   108072288 kB
VmallocTotal:   251658176 kB
VmallocUsed:      129064 kB
VmallocChunk:   251452972 kB
Time pass: 75 sec

---2015-10-23 20:34:50
MemTotal:        2899420 kB
MemFree:          340684 kB
Buffers:           42660 kB
Cached:           739292 kB
SwapCached:          780 kB
Active:          1217252 kB
Inactive:         579032 kB
Active(anon):     804212 kB
Inactive(anon):   224800 kB
Active(file):     413040 kB
Inactive(file):   354232 kB
Unevictable:       13556 kB
Mlocked:               0 kB
SwapTotal:        721780 kB
SwapFree:         678708 kB
Dirty:                 0 kB
Writeback:             0 kB
AnonPages:       1027288 kB
Mapped:           428280 kB
Shmem:              1124 kB
Slab:              99860 kB
SReclaimable:      32288 kB
SUnreclaim:        67572 kB
KernelStack:       35712 kB
PageTables:        45808 kB
NFS_Unstable:          0 kB
Bounce:                0 kB
WritebackTmp:          0 kB
CommitLimit:     2171488 kB
Committed_AS:   108072272 kB
VmallocTotal:   251658176 kB
VmallocUsed:      129064 kB
VmallocChunk:   251452972 kB
Time pass: 79 sec

---2015-10-23 20:34:50
MemTotal:        2899420 kB
MemFree:          340516 kB
Buffers:           42660 kB
Cached:           739292 kB
SwapCached:          780 kB
Active:          1217248 kB
Inactive:         579032 kB
Active(anon):     804208 kB
Inactive(anon):   224800 kB
Active(file):     413040 kB
Inactive(file):   354232 kB
Unevictable:       13556 kB
Mlocked:               0 kB
SwapTotal:        721780 kB
SwapFree:         678708 kB
Dirty:                 0 kB
Writeback:             0 kB
AnonPages:       1027444 kB
Mapped:           428276 kB
Shmem:              1124 kB
Slab:              99860 kB
SReclaimable:      32288 kB
SUnreclaim:        67572 kB
KernelStack:       35712 kB
PageTables:        45812 kB
NFS_Unstable:          0 kB
Bounce:                0 kB
WritebackTmp:          0 kB
CommitLimit:     2171488 kB
Committed_AS:   108072288 kB
VmallocTotal:   251658176 kB
VmallocUsed:      129064 kB
VmallocChunk:   251452972 kB
Time pass: 82 sec

---2015-10-23 20:34:50
MemTotal:        2899420 kB
MemFree:          340432 kB
Buffers:           42660 kB
Cached:           739292 kB
SwapCached:          780 kB
Active:          1217464 kB
Inactive:         579032 kB
Active(anon):     804424 kB
Inactive(anon):   224800 kB
Active(file):     413040 kB
Inactive(file):   354232 kB
Unevictable:       13556 kB
Mlocked:               0 kB
SwapTotal:        721780 kB
SwapFree:         678708 kB
Dirty:                 0 kB
Writeback:             0 kB
AnonPages:       1027664 kB
Mapped:           428276 kB
Shmem:              1124 kB
Slab:              99860 kB
SReclaimable:      32288 kB
SUnreclaim:        67572 kB
KernelStack:       35712 kB
PageTables:        45808 kB
NFS_Unstable:          0 kB
Bounce:                0 kB
WritebackTmp:          0 kB
CommitLimit:     2171488 kB
Committed_AS:   108072280 kB
VmallocTotal:   251658176 kB
VmallocUsed:      129064 kB
VmallocChunk:   251452972 kB
Time pass: 86 sec

---2015-10-23 20:34:50
MemTotal:        2899420 kB
MemFree:          340884 kB
Buffers:           42660 kB
Cached:           739292 kB
SwapCached:          780 kB
Active:          1217888 kB
Inactive:         579032 kB
Active(anon):     804848 kB
Inactive(anon):   224800 kB
Active(file):     413040 kB
Inactive(file):   354232 kB
Unevictable:       13556 kB
Mlocked:               0 kB
SwapTotal:        721780 kB
SwapFree:         678708 kB
Dirty:                 0 kB
Writeback:             0 kB
AnonPages:       1027908 kB
Mapped:           428248 kB
Shmem:              1124 kB
Slab:              99860 kB
SReclaimable:      32288 kB
SUnreclaim:        67572 kB
KernelStack:       35584 kB
PageTables:        45700 kB
NFS_Unstable:          0 kB
Bounce:                0 kB
WritebackTmp:          0 kB
CommitLimit:     2171488 kB
Committed_AS:   108072420 kB
VmallocTotal:   251658176 kB
VmallocUsed:      129064 kB
VmallocChunk:   251452972 kB
Time pass: 90 sec

---2015-10-23 20:34:50
MemTotal:        2899420 kB
MemFree:          360936 kB
Buffers:           42676 kB
Cached:           739732 kB
SwapCached:          780 kB
Active:          1259260 kB
Inactive:         579460 kB
Active(anon):     846212 kB
Inactive(anon):   225220 kB
Active(file):     413048 kB
Inactive(file):   354240 kB
Unevictable:       13556 kB
Mlocked:               0 kB
SwapTotal:        721780 kB
SwapFree:         678708 kB
Dirty:              1388 kB
Writeback:             0 kB
AnonPages:       1069488 kB
Mapped:           446908 kB
Shmem:              1564 kB
Slab:              99912 kB
SReclaimable:      32288 kB
SUnreclaim:        67624 kB
KernelStack:       36736 kB
PageTables:        46760 kB
NFS_Unstable:          0 kB
Bounce:                0 kB
WritebackTmp:          0 kB
CommitLimit:     2171488 kB
Committed_AS:   109397640 kB
VmallocTotal:   251658176 kB
VmallocUsed:      129664 kB
VmallocChunk:   251452972 kB
Time pass: 94 sec

---2015-10-23 20:34:50
MemTotal:        2899420 kB
MemFree:          328728 kB
Buffers:           42692 kB
Cached:           739312 kB
SwapCached:          780 kB
Active:          1254468 kB
Inactive:         579020 kB
Active(anon):     841396 kB
Inactive(anon):   225216 kB
Active(file):     413072 kB
Inactive(file):   353804 kB
Unevictable:       13556 kB
Mlocked:               0 kB
SwapTotal:        721780 kB
SwapFree:         678708 kB
Dirty:               388 kB
Writeback:             0 kB
AnonPages:       1064584 kB
Mapped:           487208 kB
Shmem:              1568 kB
Slab:              99920 kB
SReclaimable:      32288 kB
SUnreclaim:        67632 kB
KernelStack:       36928 kB
PageTables:        47044 kB
NFS_Unstable:          0 kB
Bounce:                0 kB
WritebackTmp:          0 kB
CommitLimit:     2171488 kB
Committed_AS:   109416408 kB
VmallocTotal:   251658176 kB
VmallocUsed:      129988 kB
VmallocChunk:   251452972 kB
Time pass: 98 sec

---2015-10-23 20:34:50
MemTotal:        2899420 kB
MemFree:          258132 kB
Buffers:           42700 kB
Cached:           739164 kB
SwapCached:          780 kB
Active:          1258880 kB
Inactive:         578852 kB
Active(anon):     845776 kB
Inactive(anon):   224908 kB
Active(file):     413104 kB
Inactive(file):   353944 kB
Unevictable:       13556 kB
Mlocked:               0 kB
SwapTotal:        721780 kB
SwapFree:         678708 kB
Dirty:              3496 kB
Writeback:             0 kB
AnonPages:       1068840 kB
Mapped:           543316 kB
Shmem:              1260 kB
Slab:              99928 kB
SReclaimable:      32288 kB
SUnreclaim:        67640 kB
KernelStack:       36976 kB
PageTables:        47176 kB
NFS_Unstable:          0 kB
Bounce:                0 kB
WritebackTmp:          0 kB
CommitLimit:     2171488 kB
Committed_AS:   109412440 kB
VmallocTotal:   251658176 kB
VmallocUsed:      130468 kB
VmallocChunk:   251452972 kB
Time pass: 102 sec

---2015-10-23 20:34:50
MemTotal:        2899420 kB
MemFree:          258188 kB
Buffers:           42704 kB
Cached:           739160 kB
SwapCached:          780 kB
Active:          1259120 kB
Inactive:         578852 kB
Active(anon):     846016 kB
Inactive(anon):   224908 kB
Active(file):     413104 kB
Inactive(file):   353944 kB
Unevictable:       13556 kB
Mlocked:               0 kB
SwapTotal:        721780 kB
SwapFree:         678708 kB
Dirty:                 0 kB
Writeback:             0 kB
AnonPages:       1069032 kB
Mapped:           543324 kB
Shmem:              1260 kB
Slab:             100080 kB
SReclaimable:      32288 kB
SUnreclaim:        67792 kB
KernelStack:       36976 kB
PageTables:        47176 kB
NFS_Unstable:          0 kB
Bounce:                0 kB
WritebackTmp:          0 kB
CommitLimit:     2171488 kB
Committed_AS:   109412448 kB
VmallocTotal:   251658176 kB
VmallocUsed:      130468 kB
VmallocChunk:   251452972 kB
Time pass: 105 sec

---2015-10-23 20:34:50
MemTotal:        2899420 kB
MemFree:          257956 kB
Buffers:           42704 kB
Cached:           739164 kB
SwapCached:          780 kB
Active:          1259124 kB
Inactive:         578852 kB
Active(anon):     846016 kB
Inactive(anon):   224908 kB
Active(file):     413108 kB
Inactive(file):   353944 kB
Unevictable:       13556 kB
Mlocked:               0 kB
SwapTotal:        721780 kB
SwapFree:         678708 kB
Dirty:                 0 kB
Writeback:             0 kB
AnonPages:       1069128 kB
Mapped:           543128 kB
Shmem:              1260 kB
Slab:             100080 kB
SReclaimable:      32288 kB
SUnreclaim:        67792 kB
KernelStack:       36976 kB
PageTables:        47180 kB
NFS_Unstable:          0 kB
Bounce:                0 kB
WritebackTmp:          0 kB
CommitLimit:     2171488 kB
Committed_AS:   109412440 kB
VmallocTotal:   251658176 kB
VmallocUsed:      130468 kB
VmallocChunk:   251452972 kB
Time pass: 109 sec

---2015-10-23 20:34:50
MemTotal:        2899420 kB
MemFree:          258200 kB
Buffers:           42704 kB
Cached:           739164 kB
SwapCached:          780 kB
Active:          1259284 kB
Inactive:         578852 kB
Active(anon):     846176 kB
Inactive(anon):   224908 kB
Active(file):     413108 kB
Inactive(file):   353944 kB
Unevictable:       13556 kB
Mlocked:               0 kB
SwapTotal:        721780 kB
SwapFree:         678708 kB
Dirty:                 0 kB
Writeback:             0 kB
AnonPages:       1069264 kB
Mapped:           543308 kB
Shmem:              1260 kB
Slab:             100080 kB
SReclaimable:      32288 kB
SUnreclaim:        67792 kB
KernelStack:       36976 kB
PageTables:        47140 kB
NFS_Unstable:          0 kB
Bounce:                0 kB
WritebackTmp:          0 kB
CommitLimit:     2171488 kB
Committed_AS:   109412432 kB
VmallocTotal:   251658176 kB
VmallocUsed:      130468 kB
VmallocChunk:   251452972 kB
Time pass: 113 sec

---2015-10-23 20:34:50
MemTotal:        2899420 kB
MemFree:          235584 kB
Buffers:           42704 kB
Cached:           739372 kB
SwapCached:          780 kB
Active:          1261828 kB
Inactive:         579104 kB
Active(anon):     848752 kB
Inactive(anon):   224908 kB
Active(file):     413076 kB
Inactive(file):   354196 kB
Unevictable:       13556 kB
Mlocked:               0 kB
SwapTotal:        721780 kB
SwapFree:         678708 kB
Dirty:               700 kB
Writeback:             0 kB
AnonPages:       1071824 kB
Mapped:           558616 kB
Shmem:              1260 kB
Slab:             100076 kB
SReclaimable:      32288 kB
SUnreclaim:        67788 kB
KernelStack:       36976 kB
PageTables:        47216 kB
NFS_Unstable:          0 kB
Bounce:                0 kB
WritebackTmp:          0 kB
CommitLimit:     2171488 kB
Committed_AS:   109412560 kB
VmallocTotal:   251658176 kB
VmallocUsed:      130620 kB
VmallocChunk:   251452972 kB
Time pass: 117 sec

---2015-10-23 20:34:50
MemTotal:        2899420 kB
MemFree:          235324 kB
Buffers:           42712 kB
Cached:           739372 kB
SwapCached:          780 kB
Active:          1261776 kB
Inactive:         579108 kB
Active(anon):     848700 kB
Inactive(anon):   224908 kB
Active(file):     413076 kB
Inactive(file):   354200 kB
Unevictable:       13556 kB
Mlocked:               0 kB
SwapTotal:        721780 kB
SwapFree:         678708 kB
Dirty:                36 kB
Writeback:             0 kB
AnonPages:       1071824 kB
Mapped:           558492 kB
Shmem:              1260 kB
Slab:             100076 kB
SReclaimable:      32288 kB
SUnreclaim:        67788 kB
KernelStack:       36976 kB
PageTables:        47244 kB
NFS_Unstable:          0 kB
Bounce:                0 kB
WritebackTmp:          0 kB
CommitLimit:     2171488 kB
Committed_AS:   109412536 kB
VmallocTotal:   251658176 kB
VmallocUsed:      130620 kB
VmallocChunk:   251452972 kB
Time pass: 120 sec

---2015-10-23 20:34:50
MemTotal:        2899420 kB
MemFree:          235168 kB
Buffers:           42720 kB
Cached:           739380 kB
SwapCached:          780 kB
Active:          1262192 kB
Inactive:         579040 kB
Active(anon):     849052 kB
Inactive(anon):   224908 kB
Active(file):     413140 kB
Inactive(file):   354132 kB
Unevictable:       13556 kB
Mlocked:               0 kB
SwapTotal:        721780 kB
SwapFree:         678708 kB
Dirty:                16 kB
Writeback:             0 kB
AnonPages:       1072128 kB
Mapped:           558632 kB
Shmem:              1260 kB
Slab:             100076 kB
SReclaimable:      32288 kB
SUnreclaim:        67788 kB
KernelStack:       37008 kB
PageTables:        47220 kB
NFS_Unstable:          0 kB
Bounce:                0 kB
WritebackTmp:          0 kB
CommitLimit:     2171488 kB
Committed_AS:   109412528 kB
VmallocTotal:   251658176 kB
VmallocUsed:      130620 kB
VmallocChunk:   251452972 kB
Time pass: 124 sec

---2015-10-23 20:34:50
MemTotal:        2899420 kB
MemFree:          206360 kB
Buffers:           42720 kB
Cached:           739396 kB
SwapCached:          780 kB
Active:          1267572 kB
Inactive:         579040 kB
Active(anon):     854404 kB
Inactive(anon):   224908 kB
Active(file):     413168 kB
Inactive(file):   354132 kB
Unevictable:       13556 kB
Mlocked:               0 kB
SwapTotal:        721780 kB
SwapFree:         678708 kB
Dirty:               580 kB
Writeback:             0 kB
AnonPages:       1077508 kB
Mapped:           574764 kB
Shmem:              1260 kB
Slab:             100096 kB
SReclaimable:      32288 kB
SUnreclaim:        67808 kB
KernelStack:       37008 kB
PageTables:        47264 kB
NFS_Unstable:          0 kB
Bounce:                0 kB
WritebackTmp:          0 kB
CommitLimit:     2171488 kB
Committed_AS:   109412804 kB
VmallocTotal:   251658176 kB
VmallocUsed:      130792 kB
VmallocChunk:   251452972 kB
Time pass: 128 sec

---2015-10-23 20:34:50
MemTotal:        2899420 kB
MemFree:          206024 kB
Buffers:           42728 kB
Cached:           739396 kB
SwapCached:          780 kB
Active:          1267880 kB
Inactive:         579044 kB
Active(anon):     854716 kB
Inactive(anon):   224908 kB
Active(file):     413164 kB
Inactive(file):   354136 kB
Unevictable:       13556 kB
Mlocked:               0 kB
SwapTotal:        721780 kB
SwapFree:         678708 kB
Dirty:                60 kB
Writeback:             0 kB
AnonPages:       1077952 kB
Mapped:           574956 kB
Shmem:              1260 kB
Slab:             100096 kB
SReclaimable:      32288 kB
SUnreclaim:        67808 kB
KernelStack:       37024 kB
PageTables:        47296 kB
NFS_Unstable:          0 kB
Bounce:                0 kB
WritebackTmp:          0 kB
CommitLimit:     2171488 kB
Committed_AS:   109412896 kB
VmallocTotal:   251658176 kB
VmallocUsed:      130792 kB
VmallocChunk:   251452972 kB
Time pass: 132 sec

---2015-10-23 20:34:50
MemTotal:        2899420 kB
MemFree:          203188 kB
Buffers:           42728 kB
Cached:           739396 kB
SwapCached:          780 kB
Active:          1268424 kB
Inactive:         579044 kB
Active(anon):     855260 kB
Inactive(anon):   224908 kB
Active(file):     413164 kB
Inactive(file):   354136 kB
Unevictable:       13556 kB
Mlocked:               0 kB
SwapTotal:        721780 kB
SwapFree:         678708 kB
Dirty:                60 kB
Writeback:             0 kB
AnonPages:       1078460 kB
Mapped:           575196 kB
Shmem:              1260 kB
Slab:             100096 kB
SReclaimable:      32288 kB
SUnreclaim:        67808 kB
KernelStack:       37008 kB
PageTables:        47296 kB
NFS_Unstable:          0 kB
Bounce:                0 kB
WritebackTmp:          0 kB
CommitLimit:     2171488 kB
Committed_AS:   109412880 kB
VmallocTotal:   251658176 kB
VmallocUsed:      130792 kB
VmallocChunk:   251452972 kB
Time pass: 136 sec

---2015-10-23 20:34:50
MemTotal:        2899420 kB
MemFree:          190672 kB
Buffers:           42744 kB
Cached:           739648 kB
SwapCached:          780 kB
Active:          1281008 kB
Inactive:         579312 kB
Active(anon):     867840 kB
Inactive(anon):   225056 kB
Active(file):     413168 kB
Inactive(file):   354256 kB
Unevictable:       13556 kB
Mlocked:               0 kB
SwapTotal:        721780 kB
SwapFree:         678708 kB
Dirty:                64 kB
Writeback:             0 kB
AnonPages:       1090920 kB
Mapped:           579196 kB
Shmem:              1412 kB
Slab:             100076 kB
SReclaimable:      32288 kB
SUnreclaim:        67788 kB
KernelStack:       37408 kB
PageTables:        47460 kB
NFS_Unstable:          0 kB
Bounce:                0 kB
WritebackTmp:          0 kB
CommitLimit:     2171488 kB
Committed_AS:   109448708 kB
VmallocTotal:   251658176 kB
VmallocUsed:      133224 kB
VmallocChunk:   251452972 kB
Time pass: 140 sec

---2015-10-23 20:34:50
MemTotal:        2899420 kB
MemFree:          188684 kB
Buffers:           42760 kB
Cached:           739664 kB
SwapCached:          780 kB
Active:          1281940 kB
Inactive:         579344 kB
Active(anon):     868772 kB
Inactive(anon):   225072 kB
Active(file):     413168 kB
Inactive(file):   354272 kB
Unevictable:       13556 kB
Mlocked:               0 kB
SwapTotal:        721780 kB
SwapFree:         678708 kB
Dirty:                 0 kB
Writeback:             0 kB
AnonPages:       1091704 kB
Mapped:           579328 kB
Shmem:              1428 kB
Slab:             100128 kB
SReclaimable:      32288 kB
SUnreclaim:        67840 kB
KernelStack:       37392 kB
PageTables:        47532 kB
NFS_Unstable:          0 kB
Bounce:                0 kB
WritebackTmp:          0 kB
CommitLimit:     2171488 kB
Committed_AS:   109448688 kB
VmallocTotal:   251658176 kB
VmallocUsed:      133224 kB
VmallocChunk:   251452972 kB
Time pass: 144 sec

---2015-10-23 20:34:50
MemTotal:        2899420 kB
MemFree:          187784 kB
Buffers:           42768 kB
Cached:           739708 kB
SwapCached:          780 kB
Active:          1282580 kB
Inactive:         579396 kB
Active(anon):     869412 kB
Inactive(anon):   225116 kB
Active(file):     413168 kB
Inactive(file):   354280 kB
Unevictable:       13556 kB
Mlocked:               0 kB
SwapTotal:        721780 kB
SwapFree:         678708 kB
Dirty:                32 kB
Writeback:             0 kB
AnonPages:       1092372 kB
Mapped:           579384 kB
Shmem:              1472 kB
Slab:             100088 kB
SReclaimable:      32288 kB
SUnreclaim:        67800 kB
KernelStack:       37392 kB
PageTables:        47528 kB
NFS_Unstable:          0 kB
Bounce:                0 kB
WritebackTmp:          0 kB
CommitLimit:     2171488 kB
Committed_AS:   109448680 kB
VmallocTotal:   251658176 kB
VmallocUsed:      133224 kB
VmallocChunk:   251452972 kB
Time pass: 148 sec

---2015-10-23 20:34:50
MemTotal:        2899420 kB
MemFree:          186672 kB
Buffers:           42768 kB
Cached:           739724 kB
SwapCached:          780 kB
Active:          1283524 kB
Inactive:         579412 kB
Active(anon):     870356 kB
Inactive(anon):   225132 kB
Active(file):     413168 kB
Inactive(file):   354280 kB
Unevictable:       13556 kB
Mlocked:               0 kB
SwapTotal:        721780 kB
SwapFree:         678708 kB
Dirty:                 0 kB
Writeback:             0 kB
AnonPages:       1093488 kB
Mapped:           579408 kB
Shmem:              1488 kB
Slab:             100088 kB
SReclaimable:      32288 kB
SUnreclaim:        67800 kB
KernelStack:       37392 kB
PageTables:        47540 kB
NFS_Unstable:          0 kB
Bounce:                0 kB
WritebackTmp:          0 kB
CommitLimit:     2171488 kB
Committed_AS:   109452760 kB
VmallocTotal:   251658176 kB
VmallocUsed:      133224 kB
VmallocChunk:   251452972 kB
Time pass: 151 sec

---2015-10-23 20:34:50
MemTotal:        2899420 kB
MemFree:          186008 kB
Buffers:           42768 kB
Cached:           739748 kB
SwapCached:          780 kB
Active:          1284192 kB
Inactive:         579436 kB
Active(anon):     871024 kB
Inactive(anon):   225156 kB
Active(file):     413168 kB
Inactive(file):   354280 kB
Unevictable:       13556 kB
Mlocked:               0 kB
SwapTotal:        721780 kB
SwapFree:         678708 kB
Dirty:                 0 kB
Writeback:             0 kB
AnonPages:       1094152 kB
Mapped:           579216 kB
Shmem:              1512 kB
Slab:             100088 kB
SReclaimable:      32288 kB
SUnreclaim:        67800 kB
KernelStack:       37344 kB
PageTables:        47528 kB
NFS_Unstable:          0 kB
Bounce:                0 kB
WritebackTmp:          0 kB
CommitLimit:     2171488 kB
Committed_AS:   109452816 kB
VmallocTotal:   251658176 kB
VmallocUsed:      133224 kB
VmallocChunk:   251452972 kB
Time pass: 155 sec

---2015-10-23 20:34:50
MemTotal:        2899420 kB
MemFree:          177840 kB
Buffers:           42784 kB
Cached:           739748 kB
SwapCached:          780 kB
Active:          1293064 kB
Inactive:         579452 kB
Active(anon):     879896 kB
Inactive(anon):   225156 kB
Active(file):     413168 kB
Inactive(file):   354296 kB
Unevictable:       13556 kB
Mlocked:               0 kB
SwapTotal:        721780 kB
SwapFree:         678708 kB
Dirty:                40 kB
Writeback:             0 kB
AnonPages:       1103380 kB
Mapped:           579988 kB
Shmem:              1512 kB
Slab:             100396 kB
SReclaimable:      32288 kB
SUnreclaim:        68108 kB
KernelStack:       37392 kB
PageTables:        47932 kB
NFS_Unstable:          0 kB
Bounce:                0 kB
WritebackTmp:          0 kB
CommitLimit:     2171488 kB
Committed_AS:   112965212 kB
VmallocTotal:   251658176 kB
VmallocUsed:      133224 kB
VmallocChunk:   251452972 kB
Time pass: 159 sec

---2015-10-23 20:34:50
MemTotal:        2899420 kB
MemFree:          334352 kB
Buffers:           42816 kB
Cached:           739364 kB
SwapCached:          780 kB
Active:          1222480 kB
Inactive:         579068 kB
Active(anon):     809276 kB
Inactive(anon):   224772 kB
Active(file):     413204 kB
Inactive(file):   354296 kB
Unevictable:       13556 kB
Mlocked:               0 kB
SwapTotal:        721780 kB
SwapFree:         678708 kB
Dirty:                 0 kB
Writeback:             0 kB
AnonPages:       1032260 kB
Mapped:           425616 kB
Shmem:              1124 kB
Slab:             100228 kB
SReclaimable:      32288 kB
SUnreclaim:        67940 kB
KernelStack:       36080 kB
PageTables:        46456 kB
NFS_Unstable:          0 kB
Bounce:                0 kB
WritebackTmp:          0 kB
CommitLimit:     2171488 kB
Committed_AS:   109314764 kB
VmallocTotal:   251658176 kB
VmallocUsed:      132488 kB
VmallocChunk:   251404332 kB
Time pass: 163 sec

---2015-10-23 20:34:50
MemTotal:        2899420 kB
MemFree:          318800 kB
Buffers:           42824 kB
Cached:           739376 kB
SwapCached:          780 kB
Active:          1237420 kB
Inactive:         579088 kB
Active(anon):     824216 kB
Inactive(anon):   224772 kB
Active(file):     413204 kB
Inactive(file):   354316 kB
Unevictable:       13556 kB
Mlocked:               0 kB
SwapTotal:        721780 kB
SwapFree:         678708 kB
Dirty:                92 kB
Writeback:             0 kB
AnonPages:       1047320 kB
Mapped:           427044 kB
Shmem:              1124 kB
Slab:             100192 kB
SReclaimable:      32288 kB
SUnreclaim:        67904 kB
KernelStack:       36352 kB
PageTables:        47540 kB
NFS_Unstable:          0 kB
Bounce:                0 kB
WritebackTmp:          0 kB
CommitLimit:     2171488 kB
Committed_AS:   119773772 kB
VmallocTotal:   251658176 kB
VmallocUsed:      135548 kB
VmallocChunk:   251404332 kB
Time pass: 166 sec

---2015-10-23 20:34:50
MemTotal:        2899420 kB
MemFree:          335860 kB
Buffers:           42832 kB
Cached:           739376 kB
SwapCached:          780 kB
Active:          1221496 kB
Inactive:         579096 kB
Active(anon):     808292 kB
Inactive(anon):   224772 kB
Active(file):     413204 kB
Inactive(file):   354324 kB
Unevictable:       13556 kB
Mlocked:               0 kB
SwapTotal:        721780 kB
SwapFree:         678708 kB
Dirty:                32 kB
Writeback:             0 kB
AnonPages:       1031344 kB
Mapped:           425852 kB
Shmem:              1124 kB
Slab:             100228 kB
SReclaimable:      32288 kB
SUnreclaim:        67940 kB
KernelStack:       35936 kB
PageTables:        46320 kB
NFS_Unstable:          0 kB
Bounce:                0 kB
WritebackTmp:          0 kB
CommitLimit:     2171488 kB
Committed_AS:   109314772 kB
VmallocTotal:   251658176 kB
VmallocUsed:      132488 kB
VmallocChunk:   251404332 kB
Time pass: 170 sec

---2015-10-23 20:34:50
MemTotal:        2899420 kB
MemFree:          335692 kB
Buffers:           42832 kB
Cached:           739376 kB
SwapCached:          780 kB
Active:          1221720 kB
Inactive:         579096 kB
Active(anon):     808516 kB
Inactive(anon):   224772 kB
Active(file):     413204 kB
Inactive(file):   354324 kB
Unevictable:       13556 kB
Mlocked:               0 kB
SwapTotal:        721780 kB
SwapFree:         678708 kB
Dirty:                32 kB
Writeback:             0 kB
AnonPages:       1031588 kB
Mapped:           425940 kB
Shmem:              1124 kB
Slab:             100192 kB
SReclaimable:      32288 kB
SUnreclaim:        67904 kB
KernelStack:       35936 kB
PageTables:        46344 kB
NFS_Unstable:          0 kB
Bounce:                0 kB
WritebackTmp:          0 kB
CommitLimit:     2171488 kB
Committed_AS:   109314756 kB
VmallocTotal:   251658176 kB
VmallocUsed:      132488 kB
VmallocChunk:   251404332 kB
Time pass: 174 sec

---2015-10-23 20:34:50
MemTotal:        2899420 kB
MemFree:          336412 kB
Buffers:           42832 kB
Cached:           739376 kB
SwapCached:          780 kB
Active:          1221752 kB
Inactive:         579096 kB
Active(anon):     808548 kB
Inactive(anon):   224772 kB
Active(file):     413204 kB
Inactive(file):   354324 kB
Unevictable:       13556 kB
Mlocked:               0 kB
SwapTotal:        721780 kB
SwapFree:         678708 kB
Dirty:                 0 kB
Writeback:             0 kB
AnonPages:       1031668 kB
Mapped:           425952 kB
Shmem:              1124 kB
Slab:             100192 kB
SReclaimable:      32288 kB
SUnreclaim:        67904 kB
KernelStack:       35936 kB
PageTables:        46344 kB
NFS_Unstable:          0 kB
Bounce:                0 kB
WritebackTmp:          0 kB
CommitLimit:     2171488 kB
Committed_AS:   109314700 kB
VmallocTotal:   251658176 kB
VmallocUsed:      130072 kB
VmallocChunk:   251404332 kB
Time pass: 178 sec

---2015-10-23 20:34:50
MemTotal:        2899420 kB
MemFree:          335304 kB
Buffers:           42832 kB
Cached:           739376 kB
SwapCached:          780 kB
Active:          1221916 kB
Inactive:         579096 kB
Active(anon):     808712 kB
Inactive(anon):   224772 kB
Active(file):     413204 kB
Inactive(file):   354324 kB
Unevictable:       13556 kB
Mlocked:               0 kB
SwapTotal:        721780 kB
SwapFree:         678708 kB
Dirty:                 0 kB
Writeback:             0 kB
AnonPages:       1031752 kB
Mapped:           425820 kB
Shmem:              1124 kB
Slab:             100192 kB
SReclaimable:      32288 kB
SUnreclaim:        67904 kB
KernelStack:       35952 kB
PageTables:        46372 kB
NFS_Unstable:          0 kB
Bounce:                0 kB
WritebackTmp:          0 kB
CommitLimit:     2171488 kB
Committed_AS:   109314668 kB
VmallocTotal:   251658176 kB
VmallocUsed:      130072 kB
VmallocChunk:   251404332 kB
Time pass: 181 sec

---2015-10-23 20:34:50
MemTotal:        2899420 kB
MemFree:          334592 kB
Buffers:           42856 kB
Cached:           739512 kB
SwapCached:          780 kB
Active:          1252764 kB
Inactive:         579220 kB
Active(anon):     839540 kB
Inactive(anon):   224888 kB
Active(file):     413224 kB
Inactive(file):   354332 kB
Unevictable:       13556 kB
Mlocked:               0 kB
SwapTotal:        721780 kB
SwapFree:         678708 kB
Dirty:              1384 kB
Writeback:             0 kB
AnonPages:       1062884 kB
Mapped:           470484 kB
Shmem:              1256 kB
Slab:             100148 kB
SReclaimable:      32288 kB
SUnreclaim:        67860 kB
KernelStack:       36992 kB
PageTables:        47440 kB
NFS_Unstable:          0 kB
Bounce:                0 kB
WritebackTmp:          0 kB
CommitLimit:     2171488 kB
Committed_AS:   110639188 kB
VmallocTotal:   251658176 kB
VmallocUsed:      130920 kB
VmallocChunk:   251404332 kB
Time pass: 185 sec

---2015-10-23 20:34:50
MemTotal:        2899420 kB
MemFree:          337572 kB
Buffers:           42856 kB
Cached:           739508 kB
SwapCached:          780 kB
Active:          1249120 kB
Inactive:         579216 kB
Active(anon):     835896 kB
Inactive(anon):   224888 kB
Active(file):     413224 kB
Inactive(file):   354328 kB
Unevictable:       13556 kB
Mlocked:               0 kB
SwapTotal:        721780 kB
SwapFree:         678708 kB
Dirty:                40 kB
Writeback:             0 kB
AnonPages:       1058940 kB
Mapped:           471148 kB
Shmem:              1256 kB
Slab:             100180 kB
SReclaimable:      32320 kB
SUnreclaim:        67860 kB
KernelStack:       36992 kB
PageTables:        47436 kB
NFS_Unstable:          0 kB
Bounce:                0 kB
WritebackTmp:          0 kB
CommitLimit:     2171488 kB
Committed_AS:   110634468 kB
VmallocTotal:   251658176 kB
VmallocUsed:      130920 kB
VmallocChunk:   251404332 kB
Time pass: 189 sec

---2015-10-23 20:34:50
MemTotal:        2899420 kB
MemFree:          277884 kB
Buffers:           42860 kB
Cached:           739692 kB
SwapCached:          780 kB
Active:          1269272 kB
Inactive:         579576 kB
Active(anon):     856220 kB
Inactive(anon):   224892 kB
Active(file):     413052 kB
Inactive(file):   354684 kB
Unevictable:       13556 kB
Mlocked:               0 kB
SwapTotal:        721780 kB
SwapFree:         678708 kB
Dirty:              1352 kB
Writeback:             0 kB
AnonPages:       1079696 kB
Mapped:           504480 kB
Shmem:              1260 kB
Slab:             100176 kB
SReclaimable:      32320 kB
SUnreclaim:        67856 kB
KernelStack:       37136 kB
PageTables:        47516 kB
NFS_Unstable:          0 kB
Bounce:                0 kB
WritebackTmp:          0 kB
CommitLimit:     2171488 kB
Committed_AS:   110637308 kB
VmallocTotal:   251658176 kB
VmallocUsed:      131212 kB
VmallocChunk:   251404332 kB
Time pass: 192 sec

---2015-10-23 20:34:50
MemTotal:        2899420 kB
MemFree:          268268 kB
Buffers:           42864 kB
Cached:           739688 kB
SwapCached:          780 kB
Active:          1262628 kB
Inactive:         579328 kB
Active(anon):     849328 kB
Inactive(anon):   224892 kB
Active(file):     413300 kB
Inactive(file):   354436 kB
Unevictable:       13556 kB
Mlocked:               0 kB
SwapTotal:        721780 kB
SwapFree:         678708 kB
Dirty:              1628 kB
Writeback:             0 kB
AnonPages:       1072388 kB
Mapped:           519516 kB
Shmem:              1260 kB
Slab:             100236 kB
SReclaimable:      32336 kB
SUnreclaim:        67900 kB
KernelStack:       37136 kB
PageTables:        47576 kB
NFS_Unstable:          0 kB
Bounce:                0 kB
WritebackTmp:          0 kB
CommitLimit:     2171488 kB
Committed_AS:   110637420 kB
VmallocTotal:   251658176 kB
VmallocUsed:      131352 kB
VmallocChunk:   251404332 kB
Time pass: 196 sec

---2015-10-23 20:34:50
MemTotal:        2899420 kB
MemFree:          242524 kB
Buffers:           42864 kB
Cached:           739696 kB
SwapCached:          780 kB
Active:          1266124 kB
Inactive:         579300 kB
Active(anon):     852820 kB
Inactive(anon):   224892 kB
Active(file):     413304 kB
Inactive(file):   354408 kB
Unevictable:       13556 kB
Mlocked:               0 kB
SwapTotal:        721780 kB
SwapFree:         678708 kB
Dirty:               420 kB
Writeback:             0 kB
AnonPages:       1075900 kB
Mapped:           537340 kB
Shmem:              1260 kB
Slab:             100192 kB
SReclaimable:      32336 kB
SUnreclaim:        67856 kB
KernelStack:       37152 kB
PageTables:        47556 kB
NFS_Unstable:          0 kB
Bounce:                0 kB
WritebackTmp:          0 kB
CommitLimit:     2171488 kB
Committed_AS:   110645636 kB
VmallocTotal:   251658176 kB
VmallocUsed:      131512 kB
VmallocChunk:   251404332 kB
Time pass: 200 sec

---2015-10-23 20:34:50
MemTotal:        2899420 kB
MemFree:          241796 kB
Buffers:           42872 kB
Cached:           739688 kB
SwapCached:          780 kB
Active:          1266356 kB
Inactive:         579328 kB
Active(anon):     853080 kB
Inactive(anon):   224892 kB
Active(file):     413276 kB
Inactive(file):   354436 kB
Unevictable:       13556 kB
Mlocked:               0 kB
SwapTotal:        721780 kB
SwapFree:         678708 kB
Dirty:                16 kB
Writeback:             0 kB
AnonPages:       1076304 kB
Mapped:           537556 kB
Shmem:              1260 kB
Slab:             100192 kB
SReclaimable:      32336 kB
SUnreclaim:        67856 kB
KernelStack:       37136 kB
PageTables:        47612 kB
NFS_Unstable:          0 kB
Bounce:                0 kB
WritebackTmp:          0 kB
CommitLimit:     2171488 kB
Committed_AS:   110645676 kB
VmallocTotal:   251658176 kB
VmallocUsed:      131512 kB
VmallocChunk:   251404332 kB
Time pass: 204 sec

---2015-10-23 20:34:50
MemTotal:        2899420 kB
MemFree:          214920 kB
Buffers:           42900 kB
Cached:           739792 kB
SwapCached:          780 kB
Active:          1271180 kB
Inactive:         579440 kB
Active(anon):     857860 kB
Inactive(anon):   224892 kB
Active(file):     413320 kB
Inactive(file):   354548 kB
Unevictable:       13556 kB
Mlocked:               0 kB
SwapTotal:        721780 kB
SwapFree:         678708 kB
Dirty:               584 kB
Writeback:             0 kB
AnonPages:       1081220 kB
Mapped:           551692 kB
Shmem:              1260 kB
Slab:             100192 kB
SReclaimable:      32336 kB
SUnreclaim:        67856 kB
KernelStack:       37136 kB
PageTables:        47676 kB
NFS_Unstable:          0 kB
Bounce:                0 kB
WritebackTmp:          0 kB
CommitLimit:     2171488 kB
Committed_AS:   110646080 kB
VmallocTotal:   251658176 kB
VmallocUsed:      131660 kB
VmallocChunk:   251404332 kB
Time pass: 207 sec

---2015-10-23 20:34:50
MemTotal:        2899420 kB
MemFree:          203528 kB
Buffers:           42904 kB
Cached:           739980 kB
SwapCached:          780 kB
Active:          1280328 kB
Inactive:         579628 kB
Active(anon):     867000 kB
Inactive(anon):   225052 kB
Active(file):     413328 kB
Inactive(file):   354576 kB
Unevictable:       13556 kB
Mlocked:               0 kB
SwapTotal:        721780 kB
SwapFree:         678708 kB
Dirty:                 8 kB
Writeback:             0 kB
AnonPages:       1090472 kB
Mapped:           555152 kB
Shmem:              1424 kB
Slab:             100128 kB
SReclaimable:      32336 kB
SUnreclaim:        67792 kB
KernelStack:       37520 kB
PageTables:        47860 kB
NFS_Unstable:          0 kB
Bounce:                0 kB
WritebackTmp:          0 kB
CommitLimit:     2171488 kB
Committed_AS:   110681832 kB
VmallocTotal:   251658176 kB
VmallocUsed:      134092 kB
VmallocChunk:   251404332 kB
Time pass: 211 sec

---2015-10-23 20:34:50
MemTotal:        2899420 kB
MemFree:          200316 kB
Buffers:           42928 kB
Cached:           740024 kB
SwapCached:          780 kB
Active:          1283856 kB
Inactive:         579688 kB
Active(anon):     870520 kB
Inactive(anon):   225080 kB
Active(file):     413336 kB
Inactive(file):   354608 kB
Unevictable:       13556 kB
Mlocked:               0 kB
SwapTotal:        721780 kB
SwapFree:         678708 kB
Dirty:                88 kB
Writeback:             0 kB
AnonPages:       1093564 kB
Mapped:           555220 kB
Shmem:              1452 kB
Slab:             100144 kB
SReclaimable:      32352 kB
SUnreclaim:        67792 kB
KernelStack:       37552 kB
PageTables:        47872 kB
NFS_Unstable:          0 kB
Bounce:                0 kB
WritebackTmp:          0 kB
CommitLimit:     2171488 kB
Committed_AS:   110686036 kB
VmallocTotal:   251658176 kB
VmallocUsed:      134092 kB
VmallocChunk:   251404332 kB
Time pass: 216 sec

---2015-10-23 20:34:50
MemTotal:        2899420 kB
MemFree:          197872 kB
Buffers:           42928 kB
Cached:           740044 kB
SwapCached:          780 kB
Active:          1285092 kB
Inactive:         579708 kB
Active(anon):     871756 kB
Inactive(anon):   225100 kB
Active(file):     413336 kB
Inactive(file):   354608 kB
Unevictable:       13556 kB
Mlocked:               0 kB
SwapTotal:        721780 kB
SwapFree:         678708 kB
Dirty:                 0 kB
Writeback:             0 kB
AnonPages:       1094988 kB
Mapped:           555628 kB
Shmem:              1472 kB
Slab:             100144 kB
SReclaimable:      32352 kB
SUnreclaim:        67792 kB
KernelStack:       37536 kB
PageTables:        47888 kB
NFS_Unstable:          0 kB
Bounce:                0 kB
WritebackTmp:          0 kB
CommitLimit:     2171488 kB
Committed_AS:   110686036 kB
VmallocTotal:   251658176 kB
VmallocUsed:      134092 kB
VmallocChunk:   251404332 kB
Time pass: 221 sec

---2015-10-23 20:34:50
MemTotal:        2899420 kB
MemFree:          197000 kB
Buffers:           42936 kB
Cached:           740068 kB
SwapCached:          780 kB
Active:          1286104 kB
Inactive:         579736 kB
Active(anon):     872764 kB
Inactive(anon):   225124 kB
Active(file):     413340 kB
Inactive(file):   354612 kB
Unevictable:       13556 kB
Mlocked:               0 kB
SwapTotal:        721780 kB
SwapFree:         678708 kB
Dirty:                36 kB
Writeback:             0 kB
AnonPages:       1095760 kB
Mapped:           555716 kB
Shmem:              1496 kB
Slab:             100144 kB
SReclaimable:      32352 kB
SUnreclaim:        67792 kB
KernelStack:       37536 kB
PageTables:        47924 kB
NFS_Unstable:          0 kB
Bounce:                0 kB
WritebackTmp:          0 kB
CommitLimit:     2171488 kB
Committed_AS:   110686012 kB
VmallocTotal:   251658176 kB
VmallocUsed:      134092 kB
VmallocChunk:   251404332 kB
Time pass: 225 sec

---2015-10-23 20:34:50
MemTotal:        2899420 kB
MemFree:          196244 kB
Buffers:           42952 kB
Cached:           740068 kB
SwapCached:          780 kB
Active:          1287176 kB
Inactive:         579752 kB
Active(anon):     873836 kB
Inactive(anon):   225124 kB
Active(file):     413340 kB
Inactive(file):   354628 kB
Unevictable:       13556 kB
Mlocked:               0 kB
SwapTotal:        721780 kB
SwapFree:         678708 kB
Dirty:                 0 kB
Writeback:             0 kB
AnonPages:       1097004 kB
Mapped:           555748 kB
Shmem:              1496 kB
Slab:             100144 kB
SReclaimable:      32352 kB
SUnreclaim:        67792 kB
KernelStack:       37536 kB
PageTables:        47932 kB
NFS_Unstable:          0 kB
Bounce:                0 kB
WritebackTmp:          0 kB
CommitLimit:     2171488 kB
Committed_AS:   110686028 kB
VmallocTotal:   251658176 kB
VmallocUsed:      134092 kB
VmallocChunk:   251404332 kB
Time pass: 228 sec

---2015-10-23 20:34:50
MemTotal:        2899420 kB
MemFree:          194996 kB
Buffers:           42960 kB
Cached:           740184 kB
SwapCached:          780 kB
Active:          1288152 kB
Inactive:         579876 kB
Active(anon):     874812 kB
Inactive(anon):   225240 kB
Active(file):     413340 kB
Inactive(file):   354636 kB
Unevictable:       13556 kB
Mlocked:               0 kB
SwapTotal:        721780 kB
SwapFree:         678708 kB
Dirty:                28 kB
Writeback:             0 kB
AnonPages:       1097804 kB
Mapped:           555884 kB
Shmem:              1612 kB
Slab:             100144 kB
SReclaimable:      32352 kB
SUnreclaim:        67792 kB
KernelStack:       37536 kB
PageTables:        47928 kB
NFS_Unstable:          0 kB
Bounce:                0 kB
WritebackTmp:          0 kB
CommitLimit:     2171488 kB
Committed_AS:   110686036 kB
VmallocTotal:   251658176 kB
VmallocUsed:      134092 kB
VmallocChunk:   251404332 kB
Time pass: 232 sec

---2015-10-23 20:34:50
MemTotal:        2899420 kB
MemFree:          194276 kB
Buffers:           42960 kB
Cached:           740184 kB
SwapCached:          780 kB
Active:          1288532 kB
Inactive:         579876 kB
Active(anon):     875192 kB
Inactive(anon):   225240 kB
Active(file):     413340 kB
Inactive(file):   354636 kB
Unevictable:       13556 kB
Mlocked:               0 kB
SwapTotal:        721780 kB
SwapFree:         678708 kB
Dirty:                 0 kB
Writeback:            28 kB
AnonPages:       1098212 kB
Mapped:           555892 kB
Shmem:              1612 kB
Slab:             100148 kB
SReclaimable:      32352 kB
SUnreclaim:        67796 kB
KernelStack:       37536 kB
PageTables:        47932 kB
NFS_Unstable:          0 kB
Bounce:                0 kB
WritebackTmp:          0 kB
CommitLimit:     2171488 kB
Committed_AS:   110686044 kB
VmallocTotal:   251658176 kB
VmallocUsed:      134092 kB
VmallocChunk:   251404332 kB
Time pass: 236 sec

---2015-10-23 20:34:50
MemTotal:        2899420 kB
MemFree:          194156 kB
Buffers:           42960 kB
Cached:           740184 kB
SwapCached:          780 kB
Active:          1289340 kB
Inactive:         579876 kB
Active(anon):     876000 kB
Inactive(anon):   225240 kB
Active(file):     413340 kB
Inactive(file):   354636 kB
Unevictable:       13556 kB
Mlocked:               0 kB
SwapTotal:        721780 kB
SwapFree:         678708 kB
Dirty:                 0 kB
Writeback:             0 kB
AnonPages:       1098992 kB
Mapped:           555900 kB
Shmem:              1612 kB
Slab:             100148 kB
SReclaimable:      32352 kB
SUnreclaim:        67796 kB
KernelStack:       37536 kB
PageTables:        47932 kB
NFS_Unstable:          0 kB
Bounce:                0 kB
WritebackTmp:          0 kB
CommitLimit:     2171488 kB
Committed_AS:   110686036 kB
VmallocTotal:   251658176 kB
VmallocUsed:      134092 kB
VmallocChunk:   251404332 kB
Time pass: 240 sec

---2015-10-23 20:34:50
MemTotal:        2899420 kB
MemFree:          193648 kB
Buffers:           42960 kB
Cached:           740184 kB
SwapCached:          780 kB
Active:          1289912 kB
Inactive:         579876 kB
Active(anon):     876572 kB
Inactive(anon):   225240 kB
Active(file):     413340 kB
Inactive(file):   354636 kB
Unevictable:       13556 kB
Mlocked:               0 kB
SwapTotal:        721780 kB
SwapFree:         678708 kB
Dirty:                 0 kB
Writeback:             0 kB
AnonPages:       1099572 kB
Mapped:           555900 kB
Shmem:              1612 kB
Slab:             100144 kB
SReclaimable:      32352 kB
SUnreclaim:        67792 kB
KernelStack:       37536 kB
PageTables:        47928 kB
NFS_Unstable:          0 kB
Bounce:                0 kB
WritebackTmp:          0 kB
CommitLimit:     2171488 kB
Committed_AS:   110686036 kB
VmallocTotal:   251658176 kB
VmallocUsed:      134092 kB
VmallocChunk:   251404332 kB
Time pass: 243 sec

---2015-10-23 20:34:50
MemTotal:        2899420 kB
MemFree:          192176 kB
Buffers:           42976 kB
Cached:           740184 kB
SwapCached:          780 kB
Active:          1291128 kB
Inactive:         579892 kB
Active(anon):     877788 kB
Inactive(anon):   225240 kB
Active(file):     413340 kB
Inactive(file):   354652 kB
Unevictable:       13556 kB
Mlocked:               0 kB
SwapTotal:        721780 kB
SwapFree:         678708 kB
Dirty:                76 kB
Writeback:             0 kB
AnonPages:       1100936 kB
Mapped:           555916 kB
Shmem:              1612 kB
Slab:             100144 kB
SReclaimable:      32352 kB
SUnreclaim:        67792 kB
KernelStack:       37504 kB
PageTables:        47924 kB
NFS_Unstable:          0 kB
Bounce:                0 kB
WritebackTmp:          0 kB
CommitLimit:     2171488 kB
Committed_AS:   110690076 kB
VmallocTotal:   251658176 kB
VmallocUsed:      134092 kB
VmallocChunk:   251404332 kB
Time pass: 247 sec

---2015-10-23 20:34:50
MemTotal:        2899420 kB
MemFree:          192096 kB
Buffers:           42984 kB
Cached:           740188 kB
SwapCached:          780 kB
Active:          1291660 kB
Inactive:         579896 kB
Active(anon):     878320 kB
Inactive(anon):   225244 kB
Active(file):     413340 kB
Inactive(file):   354652 kB
Unevictable:       13556 kB
Mlocked:               0 kB
SwapTotal:        721780 kB
SwapFree:         678708 kB
Dirty:                40 kB
Writeback:             0 kB
AnonPages:       1101408 kB
Mapped:           555928 kB
Shmem:              1616 kB
Slab:             100156 kB
SReclaimable:      32352 kB
SUnreclaim:        67804 kB
KernelStack:       37504 kB
PageTables:        47936 kB
NFS_Unstable:          0 kB
Bounce:                0 kB
WritebackTmp:          0 kB
CommitLimit:     2171488 kB
Committed_AS:   110690076 kB
VmallocTotal:   251658176 kB
VmallocUsed:      134092 kB
VmallocChunk:   251404332 kB
Time pass: 251 sec

---2015-10-23 20:34:50
MemTotal:        2899420 kB
MemFree:          191144 kB
Buffers:           42984 kB
Cached:           740188 kB
SwapCached:          780 kB
Active:          1292484 kB
Inactive:         579904 kB
Active(anon):     879144 kB
Inactive(anon):   225244 kB
Active(file):     413340 kB
Inactive(file):   354660 kB
Unevictable:       13556 kB
Mlocked:               0 kB
SwapTotal:        721780 kB
SwapFree:         678708 kB
Dirty:                40 kB
Writeback:             0 kB
AnonPages:       1102140 kB
Mapped:           555948 kB
Shmem:              1616 kB
Slab:             100156 kB
SReclaimable:      32352 kB
SUnreclaim:        67804 kB
KernelStack:       37504 kB
PageTables:        47932 kB
NFS_Unstable:          0 kB
Bounce:                0 kB
WritebackTmp:          0 kB
CommitLimit:     2171488 kB
Committed_AS:   110690060 kB
VmallocTotal:   251658176 kB
VmallocUsed:      134092 kB
VmallocChunk:   251404332 kB
Time pass: 255 sec

---2015-10-23 20:34:50
MemTotal:        2899420 kB
MemFree:          190192 kB
Buffers:           42984 kB
Cached:           740188 kB
SwapCached:          780 kB
Active:          1292952 kB
Inactive:         579904 kB
Active(anon):     879612 kB
Inactive(anon):   225244 kB
Active(file):     413340 kB
Inactive(file):   354660 kB
Unevictable:       13556 kB
Mlocked:               0 kB
SwapTotal:        721780 kB
SwapFree:         678708 kB
Dirty:                 0 kB
Writeback:             0 kB
AnonPages:       1102756 kB
Mapped:           555948 kB
Shmem:              1616 kB
Slab:             100156 kB
SReclaimable:      32352 kB
SUnreclaim:        67804 kB
KernelStack:       37504 kB
PageTables:        47940 kB
NFS_Unstable:          0 kB
Bounce:                0 kB
WritebackTmp:          0 kB
CommitLimit:     2171488 kB
Committed_AS:   110690076 kB
VmallocTotal:   251658176 kB
VmallocUsed:      134092 kB
VmallocChunk:   251404332 kB
Time pass: 259 sec

---2015-10-23 20:34:50
MemTotal:        2899420 kB
MemFree:          189672 kB
Buffers:           43000 kB
Cached:           740188 kB
SwapCached:          780 kB
Active:          1293960 kB
Inactive:         579920 kB
Active(anon):     880620 kB
Inactive(anon):   225244 kB
Active(file):     413340 kB
Inactive(file):   354676 kB
Unevictable:       13556 kB
Mlocked:               0 kB
SwapTotal:        721780 kB
SwapFree:         678708 kB
Dirty:                36 kB
Writeback:             0 kB
AnonPages:       1103576 kB
Mapped:           555956 kB
Shmem:              1616 kB
Slab:             100176 kB
SReclaimable:      32352 kB
SUnreclaim:        67824 kB
KernelStack:       37504 kB
PageTables:        47932 kB
NFS_Unstable:          0 kB
Bounce:                0 kB
WritebackTmp:          0 kB
CommitLimit:     2171488 kB
Committed_AS:   110690076 kB
VmallocTotal:   251658176 kB
VmallocUsed:      134092 kB
VmallocChunk:   251404332 kB
Time pass: 262 sec

---2015-10-23 20:34:50
MemTotal:        2899420 kB
MemFree:          188432 kB
Buffers:           43000 kB
Cached:           740188 kB
SwapCached:          780 kB
Active:          1294396 kB
Inactive:         579920 kB
Active(anon):     881056 kB
Inactive(anon):   225244 kB
Active(file):     413340 kB
Inactive(file):   354676 kB
Unevictable:       13556 kB
Mlocked:               0 kB
SwapTotal:        721780 kB
SwapFree:         678708 kB
Dirty:                36 kB
Writeback:             0 kB
AnonPages:       1104232 kB
Mapped:           555964 kB
Shmem:              1616 kB
Slab:             100156 kB
SReclaimable:      32352 kB
SUnreclaim:        67804 kB
KernelStack:       37504 kB
PageTables:        47948 kB
NFS_Unstable:          0 kB
Bounce:                0 kB
WritebackTmp:          0 kB
CommitLimit:     2171488 kB
Committed_AS:   110690068 kB
VmallocTotal:   251658176 kB
VmallocUsed:      134092 kB
VmallocChunk:   251404332 kB
Time pass: 266 sec

---2015-10-23 20:34:50
MemTotal:        2899420 kB
MemFree:          188328 kB
Buffers:           43008 kB
Cached:           740188 kB
SwapCached:          780 kB
Active:          1294876 kB
Inactive:         579928 kB
Active(anon):     881536 kB
Inactive(anon):   225244 kB
Active(file):     413340 kB
Inactive(file):   354684 kB
Unevictable:       13556 kB
Mlocked:               0 kB
SwapTotal:        721780 kB
SwapFree:         678708 kB
Dirty:                28 kB
Writeback:             0 kB
AnonPages:       1104656 kB
Mapped:           556056 kB
Shmem:              1616 kB
Slab:             100156 kB
SReclaimable:      32352 kB
SUnreclaim:        67804 kB
KernelStack:       37504 kB
PageTables:        47972 kB
NFS_Unstable:          0 kB
Bounce:                0 kB
WritebackTmp:          0 kB
CommitLimit:     2171488 kB
Committed_AS:   110690060 kB
VmallocTotal:   251658176 kB
VmallocUsed:      134092 kB
VmallocChunk:   251404332 kB
Time pass: 270 sec

---2015-10-23 20:34:50
MemTotal:        2899420 kB
MemFree:          187572 kB
Buffers:           43008 kB
Cached:           740188 kB
SwapCached:          780 kB
Active:          1295224 kB
Inactive:         579928 kB
Active(anon):     881884 kB
Inactive(anon):   225244 kB
Active(file):     413340 kB
Inactive(file):   354684 kB
Unevictable:       13556 kB
Mlocked:               0 kB
SwapTotal:        721780 kB
SwapFree:         678708 kB
Dirty:                 0 kB
Writeback:             0 kB
AnonPages:       1104976 kB
Mapped:           555972 kB
Shmem:              1616 kB
Slab:             100156 kB
SReclaimable:      32352 kB
SUnreclaim:        67804 kB
KernelStack:       37520 kB
PageTables:        47936 kB
NFS_Unstable:          0 kB
Bounce:                0 kB
WritebackTmp:          0 kB
CommitLimit:     2171488 kB
Committed_AS:   110690076 kB
VmallocTotal:   251658176 kB
VmallocUsed:      134092 kB
VmallocChunk:   251404332 kB
Time pass: 274 sec

---2015-10-23 20:34:50
MemTotal:        2899420 kB
MemFree:          187892 kB
Buffers:           43008 kB
Cached:           740192 kB
SwapCached:          780 kB
Active:          1295028 kB
Inactive:         579932 kB
Active(anon):     881688 kB
Inactive(anon):   225248 kB
Active(file):     413340 kB
Inactive(file):   354684 kB
Unevictable:       13556 kB
Mlocked:               0 kB
SwapTotal:        721780 kB
SwapFree:         678708 kB
Dirty:                 0 kB
Writeback:             0 kB
AnonPages:       1104792 kB
Mapped:           555988 kB
Shmem:              1620 kB
Slab:             100156 kB
SReclaimable:      32352 kB
SUnreclaim:        67804 kB
KernelStack:       37520 kB
PageTables:        47932 kB
NFS_Unstable:          0 kB
Bounce:                0 kB
WritebackTmp:          0 kB
CommitLimit:     2171488 kB
Committed_AS:   110690060 kB
VmallocTotal:   251658176 kB
VmallocUsed:      134092 kB
VmallocChunk:   251404332 kB
Time pass: 278 sec

---2015-10-23 20:34:50
MemTotal:        2899420 kB
MemFree:          187832 kB
Buffers:           43024 kB
Cached:           740196 kB
SwapCached:          780 kB
Active:          1295428 kB
Inactive:         579944 kB
Active(anon):     882080 kB
Inactive(anon):   225248 kB
Active(file):     413348 kB
Inactive(file):   354696 kB
Unevictable:       13556 kB
Mlocked:               0 kB
SwapTotal:        721780 kB
SwapFree:         678708 kB
Dirty:                36 kB
Writeback:             0 kB
AnonPages:       1105200 kB
Mapped:           556012 kB
Shmem:              1620 kB
Slab:             100156 kB
SReclaimable:      32352 kB
SUnreclaim:        67804 kB
KernelStack:       37552 kB
PageTables:        47964 kB
NFS_Unstable:          0 kB
Bounce:                0 kB
WritebackTmp:          0 kB
CommitLimit:     2171488 kB
Committed_AS:   110690092 kB
VmallocTotal:   251658176 kB
VmallocUsed:      134092 kB
VmallocChunk:   251404332 kB
Time pass: 282 sec

---2015-10-23 20:34:50
MemTotal:        2899420 kB
MemFree:          187320 kB
Buffers:           43024 kB
Cached:           740192 kB
SwapCached:          780 kB
Active:          1295504 kB
Inactive:         579948 kB
Active(anon):     882164 kB
Inactive(anon):   225248 kB
Active(file):     413340 kB
Inactive(file):   354700 kB
Unevictable:       13556 kB
Mlocked:               0 kB
SwapTotal:        721780 kB
SwapFree:         678708 kB
Dirty:                36 kB
Writeback:             0 kB
AnonPages:       1105176 kB
Mapped:           556004 kB
Shmem:              1620 kB
Slab:             100156 kB
SReclaimable:      32352 kB
SUnreclaim:        67804 kB
KernelStack:       37504 kB
PageTables:        47936 kB
NFS_Unstable:          0 kB
Bounce:                0 kB
WritebackTmp:          0 kB
CommitLimit:     2171488 kB
Committed_AS:   110694156 kB
VmallocTotal:   251658176 kB
VmallocUsed:      134092 kB
VmallocChunk:   251404332 kB
Time pass: 286 sec

---2015-10-23 20:34:50
MemTotal:        2899420 kB
MemFree:          187008 kB
Buffers:           43032 kB
Cached:           740192 kB
SwapCached:          780 kB
Active:          1295796 kB
Inactive:         579956 kB
Active(anon):     882456 kB
Inactive(anon):   225248 kB
Active(file):     413340 kB
Inactive(file):   354708 kB
Unevictable:       13556 kB
Mlocked:               0 kB
SwapTotal:        721780 kB
SwapFree:         678708 kB
Dirty:                28 kB
Writeback:             0 kB
AnonPages:       1105864 kB
Mapped:           556028 kB
Shmem:              1620 kB
Slab:             100156 kB
SReclaimable:      32352 kB
SUnreclaim:        67804 kB
KernelStack:       37504 kB
PageTables:        47940 kB
NFS_Unstable:          0 kB
Bounce:                0 kB
WritebackTmp:          0 kB
CommitLimit:     2171488 kB
Committed_AS:   110694172 kB
VmallocTotal:   251658176 kB
VmallocUsed:      134092 kB
VmallocChunk:   251404332 kB
Time pass: 290 sec

---2015-10-23 20:34:50
MemTotal:        2899420 kB
MemFree:          187000 kB
Buffers:           43032 kB
Cached:           740192 kB
SwapCached:          780 kB
Active:          1295924 kB
Inactive:         579956 kB
Active(anon):     882584 kB
Inactive(anon):   225248 kB
Active(file):     413340 kB
Inactive(file):   354708 kB
Unevictable:       13556 kB
Mlocked:               0 kB
SwapTotal:        721780 kB
SwapFree:         678708 kB
Dirty:                 0 kB
Writeback:             0 kB
AnonPages:       1105620 kB
Mapped:           556032 kB
Shmem:              1620 kB
Slab:             100156 kB
SReclaimable:      32352 kB
SUnreclaim:        67804 kB
KernelStack:       37504 kB
PageTables:        47944 kB
NFS_Unstable:          0 kB
Bounce:                0 kB
WritebackTmp:          0 kB
CommitLimit:     2171488 kB
Committed_AS:   110694172 kB
VmallocTotal:   251658176 kB
VmallocUsed:      134092 kB
VmallocChunk:   251404332 kB
Time pass: 294 sec

---2015-10-23 20:34:50
MemTotal:        2899420 kB
MemFree:          186176 kB
Buffers:           43044 kB
Cached:           740212 kB
SwapCached:          780 kB
Active:          1296076 kB
Inactive:         579988 kB
Active(anon):     882736 kB
Inactive(anon):   225280 kB
Active(file):     413340 kB
Inactive(file):   354708 kB
Unevictable:       13556 kB
Mlocked:               0 kB
SwapTotal:        721780 kB
SwapFree:         678708 kB
Dirty:                 4 kB
Writeback:             0 kB
AnonPages:       1105996 kB
Mapped:           556076 kB
Shmem:              1652 kB
Slab:             100152 kB
SReclaimable:      32352 kB
SUnreclaim:        67800 kB
KernelStack:       37536 kB
PageTables:        47936 kB
NFS_Unstable:          0 kB
Bounce:                0 kB
WritebackTmp:          0 kB
CommitLimit:     2171488 kB
Committed_AS:   110694172 kB
VmallocTotal:   251658176 kB
VmallocUsed:      134092 kB
VmallocChunk:   251404332 kB
Time pass: 298 sec

---2015-10-23 20:34:50
MemTotal:        2899420 kB
MemFree:          186340 kB
Buffers:           43044 kB
Cached:           740224 kB
SwapCached:          780 kB
Active:          1296528 kB
Inactive:         579996 kB
Active(anon):     883184 kB
Inactive(anon):   225280 kB
Active(file):     413344 kB
Inactive(file):   354716 kB
Unevictable:       13556 kB
Mlocked:               0 kB
SwapTotal:        721780 kB
SwapFree:         678708 kB
Dirty:                44 kB
Writeback:             0 kB
AnonPages:       1106280 kB
Mapped:           556084 kB
Shmem:              1652 kB
Slab:             100152 kB
SReclaimable:      32352 kB
SUnreclaim:        67800 kB
KernelStack:       37504 kB
PageTables:        47940 kB
NFS_Unstable:          0 kB
Bounce:                0 kB
WritebackTmp:          0 kB
CommitLimit:     2171488 kB
Committed_AS:   110694156 kB
VmallocTotal:   251658176 kB
VmallocUsed:      134092 kB
VmallocChunk:   251404332 kB
Time pass: 302 sec

---2015-10-23 20:34:50
MemTotal:        2899420 kB
MemFree:          185676 kB
Buffers:           43060 kB
Cached:           740224 kB
SwapCached:          780 kB
Active:          1296748 kB
Inactive:         580012 kB
Active(anon):     883404 kB
Inactive(anon):   225280 kB
Active(file):     413344 kB
Inactive(file):   354732 kB
Unevictable:       13556 kB
Mlocked:               0 kB
SwapTotal:        721780 kB
SwapFree:         678708 kB
Dirty:                60 kB
Writeback:             0 kB
AnonPages:       1106360 kB
Mapped:           556092 kB
Shmem:              1652 kB
Slab:             100152 kB
SReclaimable:      32352 kB
SUnreclaim:        67800 kB
KernelStack:       37536 kB
PageTables:        47940 kB
NFS_Unstable:          0 kB
Bounce:                0 kB
WritebackTmp:          0 kB
CommitLimit:     2171488 kB
Committed_AS:   110694180 kB
VmallocTotal:   251658176 kB
VmallocUsed:      134092 kB
VmallocChunk:   251404332 kB
Time pass: 305 sec

---2015-10-23 20:34:50
MemTotal:        2899420 kB
MemFree:          185372 kB
Buffers:           43068 kB
Cached:           740260 kB
SwapCached:          780 kB
Active:          1297388 kB
Inactive:         580056 kB
Active(anon):     884044 kB
Inactive(anon):   225316 kB
Active(file):     413344 kB
Inactive(file):   354740 kB
Unevictable:       13556 kB
Mlocked:               0 kB
SwapTotal:        721780 kB
SwapFree:         678708 kB
Dirty:                28 kB
Writeback:             0 kB
AnonPages:       1107076 kB
Mapped:           556224 kB
Shmem:              1688 kB
Slab:             100152 kB
SReclaimable:      32352 kB
SUnreclaim:        67800 kB
KernelStack:       37520 kB
PageTables:        47972 kB
NFS_Unstable:          0 kB
Bounce:                0 kB
WritebackTmp:          0 kB
CommitLimit:     2171488 kB
Committed_AS:   110694156 kB
VmallocTotal:   251658176 kB
VmallocUsed:      134092 kB
VmallocChunk:   251404332 kB
Time pass: 309 sec

---2015-10-23 20:34:50
MemTotal:        2899420 kB
MemFree:          162468 kB
Buffers:           43068 kB
Cached:           740260 kB
SwapCached:          780 kB
Active:          1320720 kB
Inactive:         580056 kB
Active(anon):     907376 kB
Inactive(anon):   225316 kB
Active(file):     413344 kB
Inactive(file):   354740 kB
Unevictable:       13556 kB
Mlocked:               0 kB
SwapTotal:        721780 kB
SwapFree:         678708 kB
Dirty:                76 kB
Writeback:             0 kB
AnonPages:       1130552 kB
Mapped:           562900 kB
Shmem:              1688 kB
Slab:             100152 kB
SReclaimable:      32352 kB
SUnreclaim:        67800 kB
KernelStack:       37808 kB
PageTables:        48564 kB
NFS_Unstable:          0 kB
Bounce:                0 kB
WritebackTmp:          0 kB
CommitLimit:     2171488 kB
Committed_AS:   111942888 kB
VmallocTotal:   251658176 kB
VmallocUsed:      135112 kB
VmallocChunk:   251404332 kB
Time pass: 313 sec

---2015-10-23 20:34:50
MemTotal:        2899420 kB
MemFree:          173668 kB
Buffers:           43068 kB
Cached:           740276 kB
SwapCached:          780 kB
Active:          1309264 kB
Inactive:         580072 kB
Active(anon):     895920 kB
Inactive(anon):   225332 kB
Active(file):     413344 kB
Inactive(file):   354740 kB
Unevictable:       13556 kB
Mlocked:               0 kB
SwapTotal:        721780 kB
SwapFree:         678708 kB
Dirty:                48 kB
Writeback:             0 kB
AnonPages:       1119036 kB
Mapped:           562924 kB
Shmem:              1704 kB
Slab:             100160 kB
SReclaimable:      32352 kB
SUnreclaim:        67808 kB
KernelStack:       37808 kB
PageTables:        48568 kB
NFS_Unstable:          0 kB
Bounce:                0 kB
WritebackTmp:          0 kB
CommitLimit:     2171488 kB
Committed_AS:   111938836 kB
VmallocTotal:   251658176 kB
VmallocUsed:      135112 kB
VmallocChunk:   251404332 kB
Time pass: 317 sec

---2015-10-23 20:34:50
MemTotal:        2899420 kB
MemFree:          173764 kB
Buffers:           43076 kB
Cached:           740276 kB
SwapCached:          780 kB
Active:          1308624 kB
Inactive:         580080 kB
Active(anon):     895280 kB
Inactive(anon):   225332 kB
Active(file):     413344 kB
Inactive(file):   354748 kB
Unevictable:       13556 kB
Mlocked:               0 kB
SwapTotal:        721780 kB
SwapFree:         678708 kB
Dirty:                28 kB
Writeback:             0 kB
AnonPages:       1118452 kB
Mapped:           562960 kB
Shmem:              1704 kB
Slab:             100156 kB
SReclaimable:      32352 kB
SUnreclaim:        67804 kB
KernelStack:       37776 kB
PageTables:        48556 kB
NFS_Unstable:          0 kB
Bounce:                0 kB
WritebackTmp:          0 kB
CommitLimit:     2171488 kB
Committed_AS:   111938796 kB
VmallocTotal:   251658176 kB
VmallocUsed:      135112 kB
VmallocChunk:   251404332 kB
Time pass: 320 sec

---2015-10-23 20:34:50
MemTotal:        2899420 kB
MemFree:          173752 kB
Buffers:           43080 kB
Cached:           740276 kB
SwapCached:          780 kB
Active:          1308944 kB
Inactive:         580084 kB
Active(anon):     895600 kB
Inactive(anon):   225332 kB
Active(file):     413344 kB
Inactive(file):   354752 kB
Unevictable:       13556 kB
Mlocked:               0 kB
SwapTotal:        721780 kB
SwapFree:         678708 kB
Dirty:                 0 kB
Writeback:             0 kB
AnonPages:       1118724 kB
Mapped:           562968 kB
Shmem:              1704 kB
Slab:             100156 kB
SReclaimable:      32352 kB
SUnreclaim:        67804 kB
KernelStack:       37776 kB
PageTables:        48560 kB
NFS_Unstable:          0 kB
Bounce:                0 kB
WritebackTmp:          0 kB
CommitLimit:     2171488 kB
Committed_AS:   111938828 kB
VmallocTotal:   251658176 kB
VmallocUsed:      135112 kB
VmallocChunk:   251404332 kB
Time pass: 324 sec

---2015-10-23 20:34:50
MemTotal:        2899420 kB
MemFree:          173060 kB
Buffers:           43080 kB
Cached:           740276 kB
SwapCached:          780 kB
Active:          1309252 kB
Inactive:         580084 kB
Active(anon):     895908 kB
Inactive(anon):   225332 kB
Active(file):     413344 kB
Inactive(file):   354752 kB
Unevictable:       13556 kB
Mlocked:               0 kB
SwapTotal:        721780 kB
SwapFree:         678708 kB
Dirty:                 4 kB
Writeback:             0 kB
AnonPages:       1119000 kB
Mapped:           562904 kB
Shmem:              1704 kB
Slab:             100160 kB
SReclaimable:      32352 kB
SUnreclaim:        67808 kB
KernelStack:       37776 kB
PageTables:        48520 kB
NFS_Unstable:          0 kB
Bounce:                0 kB
WritebackTmp:          0 kB
CommitLimit:     2171488 kB
Committed_AS:   111938804 kB
VmallocTotal:   251658176 kB
VmallocUsed:      135112 kB
VmallocChunk:   251404332 kB
Time pass: 328 sec

---2015-10-23 20:34:50
MemTotal:        2899420 kB
MemFree:          173004 kB
Buffers:           43088 kB
Cached:           740292 kB
SwapCached:          780 kB
Active:          1309132 kB
Inactive:         580108 kB
Active(anon):     895788 kB
Inactive(anon):   225348 kB
Active(file):     413344 kB
Inactive(file):   354760 kB
Unevictable:       13556 kB
Mlocked:               0 kB
SwapTotal:        721780 kB
SwapFree:         678708 kB
Dirty:                 4 kB
Writeback:             0 kB
AnonPages:       1118916 kB
Mapped:           562996 kB
Shmem:              1720 kB
Slab:             100156 kB
SReclaimable:      32352 kB
SUnreclaim:        67804 kB
KernelStack:       37776 kB
PageTables:        48548 kB
NFS_Unstable:          0 kB
Bounce:                0 kB
WritebackTmp:          0 kB
CommitLimit:     2171488 kB
Committed_AS:   111938820 kB
VmallocTotal:   251658176 kB
VmallocUsed:      135112 kB
VmallocChunk:   251404332 kB
Time pass: 332 sec

---2015-10-23 20:34:50
MemTotal:        2899420 kB
MemFree:          172284 kB
Buffers:           43104 kB
Cached:           740292 kB
SwapCached:          780 kB
Active:          1310288 kB
Inactive:         580124 kB
Active(anon):     896944 kB
Inactive(anon):   225348 kB
Active(file):     413344 kB
Inactive(file):   354776 kB
Unevictable:       13556 kB
Mlocked:               0 kB
SwapTotal:        721780 kB
SwapFree:         678708 kB
Dirty:                40 kB
Writeback:             0 kB
AnonPages:       1119968 kB
Mapped:           562780 kB
Shmem:              1720 kB
Slab:             100172 kB
SReclaimable:      32352 kB
SUnreclaim:        67820 kB
KernelStack:       37776 kB
PageTables:        48564 kB
NFS_Unstable:          0 kB
Bounce:                0 kB
WritebackTmp:          0 kB
CommitLimit:     2171488 kB
Committed_AS:   111942908 kB
VmallocTotal:   251658176 kB
VmallocUsed:      135112 kB
VmallocChunk:   251404332 kB
Time pass: 336 sec

---2015-10-23 20:34:50
MemTotal:        2899420 kB
MemFree:          171676 kB
Buffers:           43112 kB
Cached:           740292 kB
SwapCached:          780 kB
Active:          1310288 kB
Inactive:         580132 kB
Active(anon):     896944 kB
Inactive(anon):   225348 kB
Active(file):     413344 kB
Inactive(file):   354784 kB
Unevictable:       13556 kB
Mlocked:               0 kB
SwapTotal:        721780 kB
SwapFree:         678708 kB
Dirty:                28 kB
Writeback:             0 kB
AnonPages:       1120136 kB
Mapped:           563004 kB
Shmem:              1720 kB
Slab:             100156 kB
SReclaimable:      32352 kB
SUnreclaim:        67804 kB
KernelStack:       37776 kB
PageTables:        48556 kB
NFS_Unstable:          0 kB
Bounce:                0 kB
WritebackTmp:          0 kB
CommitLimit:     2171488 kB
Committed_AS:   111942900 kB
VmallocTotal:   251658176 kB
VmallocUsed:      135112 kB
VmallocChunk:   251404332 kB
Time pass: 339 sec

---2015-10-23 20:34:50
MemTotal:        2899420 kB
MemFree:          177028 kB
Buffers:           43140 kB
Cached:           740296 kB
SwapCached:          780 kB
Active:          1306496 kB
Inactive:         580152 kB
Active(anon):     893148 kB
Inactive(anon):   225348 kB
Active(file):     413348 kB
Inactive(file):   354804 kB
Unevictable:       13556 kB
Mlocked:               0 kB
SwapTotal:        721780 kB
SwapFree:         678708 kB
Dirty:                76 kB
Writeback:             0 kB
AnonPages:       1116412 kB
Mapped:           562972 kB
Shmem:              1720 kB
Slab:             100156 kB
SReclaimable:      32352 kB
SUnreclaim:        67804 kB
KernelStack:       37568 kB
PageTables:        47900 kB
NFS_Unstable:          0 kB
Bounce:                0 kB
WritebackTmp:          0 kB
CommitLimit:     2171488 kB
Committed_AS:   110160512 kB
VmallocTotal:   251658176 kB
VmallocUsed:      134092 kB
VmallocChunk:   251404332 kB
Time pass: 343 sec

---2015-10-23 20:34:50
MemTotal:        2899420 kB
MemFree:          175652 kB
Buffers:           43140 kB
Cached:           740296 kB
SwapCached:          780 kB
Active:          1307588 kB
Inactive:         580160 kB
Active(anon):     894240 kB
Inactive(anon):   225348 kB
Active(file):     413348 kB
Inactive(file):   354812 kB
Unevictable:       13556 kB
Mlocked:               0 kB
SwapTotal:        721780 kB
SwapFree:         678708 kB
Dirty:                 4 kB
Writeback:             0 kB
AnonPages:       1117224 kB
Mapped:           562892 kB
Shmem:              1720 kB
Slab:             100188 kB
SReclaimable:      32352 kB
SUnreclaim:        67836 kB
KernelStack:       37584 kB
PageTables:        48144 kB
NFS_Unstable:          0 kB
Bounce:                0 kB
WritebackTmp:          0 kB
CommitLimit:     2171488 kB
Committed_AS:   110177840 kB
VmallocTotal:   251658176 kB
VmallocUsed:      134092 kB
VmallocChunk:   251404332 kB
Time pass: 347 sec

---2015-10-23 20:34:50
MemTotal:        2899420 kB
MemFree:          176260 kB
Buffers:           43180 kB
Cached:           740296 kB
SwapCached:          780 kB
Active:          1307572 kB
Inactive:         580200 kB
Active(anon):     894224 kB
Inactive(anon):   225348 kB
Active(file):     413348 kB
Inactive(file):   354852 kB
Unevictable:       13556 kB
Mlocked:               0 kB
SwapTotal:        721780 kB
SwapFree:         678708 kB
Dirty:                96 kB
Writeback:             0 kB
AnonPages:       1117320 kB
Mapped:           562940 kB
Shmem:              1720 kB
Slab:             100196 kB
SReclaimable:      32352 kB
SUnreclaim:        67844 kB
KernelStack:       37520 kB
PageTables:        48064 kB
NFS_Unstable:          0 kB
Bounce:                0 kB
WritebackTmp:          0 kB
CommitLimit:     2171488 kB
Committed_AS:   110160408 kB
VmallocTotal:   251658176 kB
VmallocUsed:      134092 kB
VmallocChunk:   251404332 kB
Time pass: 351 sec

---2015-10-23 20:34:50
MemTotal:        2899420 kB
MemFree:          175328 kB
Buffers:           43180 kB
Cached:           740296 kB
SwapCached:          780 kB
Active:          1307748 kB
Inactive:         580200 kB
Active(anon):     894400 kB
Inactive(anon):   225348 kB
Active(file):     413348 kB
Inactive(file):   354852 kB
Unevictable:       13556 kB
Mlocked:               0 kB
SwapTotal:        721780 kB
SwapFree:         678708 kB
Dirty:                 0 kB
Writeback:             0 kB
AnonPages:       1117476 kB
Mapped:           562940 kB
Shmem:              1720 kB
Slab:             100192 kB
SReclaimable:      32352 kB
SUnreclaim:        67840 kB
KernelStack:       37536 kB
PageTables:        48064 kB
NFS_Unstable:          0 kB
Bounce:                0 kB
WritebackTmp:          0 kB
CommitLimit:     2171488 kB
Committed_AS:   110160488 kB
VmallocTotal:   251658176 kB
VmallocUsed:      134092 kB
VmallocChunk:   251404332 kB
Time pass: 354 sec

---2015-10-23 20:34:50
MemTotal:        2899420 kB
MemFree:          175168 kB
Buffers:           43188 kB
Cached:           740296 kB
SwapCached:          780 kB
Active:          1307860 kB
Inactive:         580208 kB
Active(anon):     894512 kB
Inactive(anon):   225348 kB
Active(file):     413348 kB
Inactive(file):   354860 kB
Unevictable:       13556 kB
Mlocked:               0 kB
SwapTotal:        721780 kB
SwapFree:         678708 kB
Dirty:                40 kB
Writeback:             0 kB
AnonPages:       1117608 kB
Mapped:           562952 kB
Shmem:              1720 kB
Slab:             100192 kB
SReclaimable:      32352 kB
SUnreclaim:        67840 kB
KernelStack:       37536 kB
PageTables:        48064 kB
NFS_Unstable:          0 kB
Bounce:                0 kB
WritebackTmp:          0 kB
CommitLimit:     2171488 kB
Committed_AS:   110160456 kB
VmallocTotal:   251658176 kB
VmallocUsed:      134092 kB
VmallocChunk:   251404332 kB
Time pass: 358 sec

---2015-10-23 20:34:50
MemTotal:        2899420 kB
MemFree:          174836 kB
Buffers:           43188 kB
Cached:           740296 kB
SwapCached:          780 kB
Active:          1308388 kB
Inactive:         580208 kB
Active(anon):     895040 kB
Inactive(anon):   225348 kB
Active(file):     413348 kB
Inactive(file):   354860 kB
Unevictable:       13556 kB
Mlocked:               0 kB
SwapTotal:        721780 kB
SwapFree:         678708 kB
Dirty:                 0 kB
Writeback:             0 kB
AnonPages:       1118116 kB
Mapped:           562976 kB
Shmem:              1720 kB
Slab:             100192 kB
SReclaimable:      32352 kB
SUnreclaim:        67840 kB
KernelStack:       37536 kB
PageTables:        48064 kB
NFS_Unstable:          0 kB
Bounce:                0 kB
WritebackTmp:          0 kB
CommitLimit:     2171488 kB
Committed_AS:   110160480 kB
VmallocTotal:   251658176 kB
VmallocUsed:      134092 kB
VmallocChunk:   251404332 kB
Time pass: 362 sec

---2015-10-23 20:34:50
MemTotal:        2899420 kB
MemFree:          173832 kB
Buffers:           43188 kB
Cached:           740296 kB
SwapCached:          780 kB
Active:          1309160 kB
Inactive:         580208 kB
Active(anon):     895812 kB
Inactive(anon):   225348 kB
Active(file):     413348 kB
Inactive(file):   354860 kB
Unevictable:       13556 kB
Mlocked:               0 kB
SwapTotal:        721780 kB
SwapFree:         678708 kB
Dirty:                 0 kB
Writeback:             0 kB
AnonPages:       1118820 kB
Mapped:           562972 kB
Shmem:              1720 kB
Slab:             100232 kB
SReclaimable:      32352 kB
SUnreclaim:        67880 kB
KernelStack:       37520 kB
PageTables:        48064 kB
NFS_Unstable:          0 kB
Bounce:                0 kB
WritebackTmp:          0 kB
CommitLimit:     2171488 kB
Committed_AS:   110160432 kB
VmallocTotal:   251658176 kB
VmallocUsed:      134092 kB
VmallocChunk:   251404332 kB
Time pass: 366 sec

---2015-10-23 20:34:50
MemTotal:        2899420 kB
MemFree:          173792 kB
Buffers:           43204 kB
Cached:           740372 kB
SwapCached:          780 kB
Active:          1309112 kB
Inactive:         580300 kB
Active(anon):     895764 kB
Inactive(anon):   225440 kB
Active(file):     413348 kB
Inactive(file):   354860 kB
Unevictable:       13556 kB
Mlocked:               0 kB
SwapTotal:        721780 kB
SwapFree:         678708 kB
Dirty:                 0 kB
Writeback:             0 kB
AnonPages:       1119152 kB
Mapped:           563072 kB
Shmem:              1812 kB
Slab:             100192 kB
SReclaimable:      32352 kB
SUnreclaim:        67840 kB
KernelStack:       37520 kB
PageTables:        48068 kB
NFS_Unstable:          0 kB
Bounce:                0 kB
WritebackTmp:          0 kB
CommitLimit:     2171488 kB
Committed_AS:   110160456 kB
VmallocTotal:   251658176 kB
VmallocUsed:      134092 kB
VmallocChunk:   251404332 kB
Time pass: 370 sec

---2015-10-23 20:34:50
MemTotal:        2899420 kB
MemFree:          172532 kB
Buffers:           43204 kB
Cached:           740388 kB
SwapCached:          780 kB
Active:          1310140 kB
Inactive:         580316 kB
Active(anon):     896792 kB
Inactive(anon):   225440 kB
Active(file):     413348 kB
Inactive(file):   354876 kB
Unevictable:       13556 kB
Mlocked:               0 kB
SwapTotal:        721780 kB
SwapFree:         678708 kB
Dirty:                76 kB
Writeback:             0 kB
AnonPages:       1119944 kB
Mapped:           563084 kB
Shmem:              1812 kB
Slab:             100192 kB
SReclaimable:      32352 kB
SUnreclaim:        67840 kB
KernelStack:       37520 kB
PageTables:        48064 kB
NFS_Unstable:          0 kB
Bounce:                0 kB
WritebackTmp:          0 kB
CommitLimit:     2171488 kB
Committed_AS:   110160488 kB
VmallocTotal:   251658176 kB
VmallocUsed:      134092 kB
VmallocChunk:   251404332 kB
Time pass: 373 sec

---2015-10-23 20:34:50
MemTotal:        2899420 kB
MemFree:          173216 kB
Buffers:           43212 kB
Cached:           740388 kB
SwapCached:          780 kB
Active:          1309764 kB
Inactive:         580324 kB
Active(anon):     896416 kB
Inactive(anon):   225440 kB
Active(file):     413348 kB
Inactive(file):   354884 kB
Unevictable:       13556 kB
Mlocked:               0 kB
SwapTotal:        721780 kB
SwapFree:         678708 kB
Dirty:                80 kB
Writeback:             0 kB
AnonPages:       1119648 kB
Mapped:           563092 kB
Shmem:              1812 kB
Slab:             100208 kB
SReclaimable:      32352 kB
SUnreclaim:        67856 kB
KernelStack:       37520 kB
PageTables:        48060 kB
NFS_Unstable:          0 kB
Bounce:                0 kB
WritebackTmp:          0 kB
CommitLimit:     2171488 kB
Committed_AS:   110160440 kB
VmallocTotal:   251658176 kB
VmallocUsed:      134092 kB
VmallocChunk:   251404332 kB
Time pass: 378 sec

---2015-10-23 20:34:50
MemTotal:        2899420 kB
MemFree:          172696 kB
Buffers:           43212 kB
Cached:           740388 kB
SwapCached:          780 kB
Active:          1309888 kB
Inactive:         580324 kB
Active(anon):     896540 kB
Inactive(anon):   225440 kB
Active(file):     413348 kB
Inactive(file):   354884 kB
Unevictable:       13556 kB
Mlocked:               0 kB
SwapTotal:        721780 kB
SwapFree:         678708 kB
Dirty:                 0 kB
Writeback:             0 kB
AnonPages:       1119768 kB
Mapped:           563100 kB
Shmem:              1812 kB
Slab:             100192 kB
SReclaimable:      32352 kB
SUnreclaim:        67840 kB
KernelStack:       37520 kB
PageTables:        48068 kB
NFS_Unstable:          0 kB
Bounce:                0 kB
WritebackTmp:          0 kB
CommitLimit:     2171488 kB
Committed_AS:   110160432 kB
VmallocTotal:   251658176 kB
VmallocUsed:      134092 kB
VmallocChunk:   251404332 kB
Time pass: 381 sec

---2015-10-23 20:34:50
MemTotal:        2899420 kB
MemFree:          172912 kB
Buffers:           43216 kB
Cached:           740384 kB
SwapCached:          780 kB
Active:          1309816 kB
Inactive:         580324 kB
Active(anon):     896468 kB
Inactive(anon):   225440 kB
Active(file):     413348 kB
Inactive(file):   354884 kB
Unevictable:       13556 kB
Mlocked:               0 kB
SwapTotal:        721780 kB
SwapFree:         678708 kB
Dirty:                 0 kB
Writeback:             0 kB
AnonPages:       1119428 kB
Mapped:           563136 kB
Shmem:              1812 kB
Slab:             100160 kB
SReclaimable:      32352 kB
SUnreclaim:        67808 kB
KernelStack:       37520 kB
PageTables:        47944 kB
NFS_Unstable:          0 kB
Bounce:                0 kB
WritebackTmp:          0 kB
CommitLimit:     2171488 kB
Committed_AS:   110160444 kB
VmallocTotal:   251658176 kB
VmallocUsed:      134092 kB
VmallocChunk:   251404332 kB
Time pass: 386 sec

---2015-10-23 20:34:50
MemTotal:        2899420 kB
MemFree:          171192 kB
Buffers:           43228 kB
Cached:           740376 kB
SwapCached:          780 kB
Active:          1310220 kB
Inactive:         580328 kB
Active(anon):     896872 kB
Inactive(anon):   225440 kB
Active(file):     413348 kB
Inactive(file):   354888 kB
Unevictable:       13556 kB
Mlocked:               0 kB
SwapTotal:        721780 kB
SwapFree:         678708 kB
Dirty:                 0 kB
Writeback:             0 kB
AnonPages:       1119776 kB
Mapped:           563144 kB
Shmem:              1812 kB
Slab:             100160 kB
SReclaimable:      32352 kB
SUnreclaim:        67808 kB
KernelStack:       37536 kB
PageTables:        47944 kB
NFS_Unstable:          0 kB
Bounce:                0 kB
WritebackTmp:          0 kB
CommitLimit:     2171488 kB
Committed_AS:   110160448 kB
VmallocTotal:   251658176 kB
VmallocUsed:      134104 kB
VmallocChunk:   251404332 kB
Time pass: 389 sec

---2015-10-23 20:34:50
MemTotal:        2899420 kB
MemFree:          170804 kB
Buffers:           43228 kB
Cached:           740388 kB
SwapCached:          780 kB
Active:          1310384 kB
Inactive:         580336 kB
Active(anon):     897032 kB
Inactive(anon):   225440 kB
Active(file):     413352 kB
Inactive(file):   354896 kB
Unevictable:       13556 kB
Mlocked:               0 kB
SwapTotal:        721780 kB
SwapFree:         678708 kB
Dirty:                36 kB
Writeback:             0 kB
AnonPages:       1120252 kB
Mapped:           563152 kB
Shmem:              1812 kB
Slab:             100216 kB
SReclaimable:      32352 kB
SUnreclaim:        67864 kB
KernelStack:       37520 kB
PageTables:        47948 kB
NFS_Unstable:          0 kB
Bounce:                0 kB
WritebackTmp:          0 kB
CommitLimit:     2171488 kB
Committed_AS:   110160448 kB
VmallocTotal:   251658176 kB
VmallocUsed:      134104 kB
VmallocChunk:   251404332 kB
Time pass: 394 sec

---2015-10-23 20:34:50
MemTotal:        2899420 kB
MemFree:          170472 kB
Buffers:           43232 kB
