---2015-11-18 16:52:34
MemTotal:        1420824 kB
MemFree:          149708 kB
Buffers:           13468 kB
Cached:           669112 kB
SwapCached:            0 kB
Active:           596972 kB
Inactive:         506344 kB
Active(anon):     420788 kB
Inactive(anon):      728 kB
Active(file):     176184 kB
Inactive(file):   505616 kB
Unevictable:           0 kB
Mlocked:               0 kB
HighTotal:       1001472 kB
HighFree:           5820 kB
LowTotal:         419352 kB
LowFree:          143888 kB
SwapTotal:        786428 kB
SwapFree:         786428 kB
Dirty:                16 kB
Writeback:             0 kB
AnonPages:        420708 kB
Mapped:           186400 kB
Shmem:               808 kB
Slab:              41872 kB
SReclaimable:      14632 kB
SUnreclaim:        27240 kB
KernelStack:        9688 kB
PageTables:        15884 kB
NFS_Unstable:          0 kB
Bounce:                0 kB
WritebackTmp:          0 kB
CommitLimit:     1496840 kB
Committed_AS:   23684888 kB
VmallocTotal:     458752 kB
VmallocUsed:       89008 kB
VmallocChunk:     211996 kB
Time pass: 3 sec

---2015-11-18 16:52:34
MemTotal:        1420824 kB
MemFree:          149544 kB
Buffers:           13484 kB
Cached:           669264 kB
SwapCached:            0 kB
Active:           597156 kB
Inactive:         506484 kB
Active(anon):     420952 kB
Inactive(anon):      728 kB
Active(file):     176204 kB
Inactive(file):   505756 kB
Unevictable:           0 kB
Mlocked:               0 kB
HighTotal:       1001472 kB
HighFree:           5656 kB
LowTotal:         419352 kB
LowFree:          143888 kB
SwapTotal:        786428 kB
SwapFree:         786428 kB
Dirty:               236 kB
Writeback:             0 kB
AnonPages:        420872 kB
Mapped:           186420 kB
Shmem:               808 kB
Slab:              41756 kB
SReclaimable:      14632 kB
SUnreclaim:        27124 kB
KernelStack:        9704 kB
PageTables:        15884 kB
NFS_Unstable:          0 kB
Bounce:                0 kB
WritebackTmp:          0 kB
CommitLimit:     1496840 kB
Committed_AS:   23684956 kB
VmallocTotal:     458752 kB
VmallocUsed:       89008 kB
VmallocChunk:     211996 kB
Time pass: 6 sec

---2015-11-18 16:52:34
MemTotal:        1420824 kB
MemFree:          125292 kB
Buffers:           13492 kB
Cached:           693864 kB
SwapCached:            0 kB
Active:           597112 kB
Inactive:         530728 kB
Active(anon):     420812 kB
Inactive(anon):      728 kB
Active(file):     176300 kB
Inactive(file):   530000 kB
Unevictable:           0 kB
Mlocked:               0 kB
HighTotal:       1001472 kB
HighFree:           5120 kB
LowTotal:         419352 kB
LowFree:          120172 kB
SwapTotal:        786428 kB
SwapFree:         786428 kB
Dirty:                76 kB
Writeback:             0 kB
AnonPages:        420892 kB
Mapped:           197276 kB
Shmem:               808 kB
Slab:              41724 kB
SReclaimable:      14636 kB
SUnreclaim:        27088 kB
KernelStack:        9680 kB
PageTables:        15736 kB
NFS_Unstable:          0 kB
Bounce:                0 kB
WritebackTmp:          0 kB
CommitLimit:     1496840 kB
Committed_AS:   23305264 kB
VmallocTotal:     458752 kB
VmallocUsed:       88084 kB
VmallocChunk:     211996 kB
Time pass: 10 sec

---2015-11-18 16:52:34
MemTotal:        1420824 kB
MemFree:           77308 kB
Buffers:           13640 kB
Cached:           706536 kB
SwapCached:            0 kB
Active:           617640 kB
Inactive:         542876 kB
Active(anon):     440356 kB
Inactive(anon):      928 kB
Active(file):     177284 kB
Inactive(file):   541948 kB
Unevictable:           0 kB
Mlocked:               0 kB
HighTotal:       1001472 kB
HighFree:           5092 kB
LowTotal:         419352 kB
LowFree:           72216 kB
SwapTotal:        786428 kB
SwapFree:         786428 kB
Dirty:              1052 kB
Writeback:            24 kB
AnonPages:        440296 kB
Mapped:           210236 kB
Shmem:               972 kB
Slab:              42420 kB
SReclaimable:      14820 kB
SUnreclaim:        27600 kB
KernelStack:       10064 kB
PageTables:        16064 kB
NFS_Unstable:          0 kB
Bounce:                0 kB
WritebackTmp:          0 kB
CommitLimit:     1496840 kB
Committed_AS:   23327048 kB
VmallocTotal:     458752 kB
VmallocUsed:       88252 kB
VmallocChunk:     211996 kB
Time pass: 13 sec

---2015-11-18 16:52:34
MemTotal:        1420824 kB
MemFree:           59404 kB
Buffers:           13640 kB
Cached:           706736 kB
SwapCached:            0 kB
Active:           621316 kB
Inactive:         542916 kB
Active(anon):     443956 kB
Inactive(anon):      860 kB
Active(file):     177360 kB
Inactive(file):   542056 kB
Unevictable:           0 kB
Mlocked:               0 kB
HighTotal:       1001472 kB
HighFree:           5108 kB
LowTotal:         419352 kB
LowFree:           54296 kB
SwapTotal:        786428 kB
SwapFree:         786428 kB
Dirty:              1124 kB
Writeback:             0 kB
AnonPages:        443884 kB
Mapped:           211420 kB
Shmem:               940 kB
Slab:              42296 kB
SReclaimable:      14820 kB
SUnreclaim:        27476 kB
KernelStack:       10064 kB
PageTables:        16084 kB
NFS_Unstable:          0 kB
Bounce:                0 kB
WritebackTmp:          0 kB
CommitLimit:     1496840 kB
Committed_AS:   23330804 kB
VmallocTotal:     458752 kB
VmallocUsed:       88268 kB
VmallocChunk:     211996 kB
Time pass: 16 sec

---2015-11-18 16:52:34
MemTotal:        1420824 kB
MemFree:           52408 kB
Buffers:           13656 kB
Cached:           706724 kB
SwapCached:            0 kB
Active:           620460 kB
Inactive:         542952 kB
Active(anon):     443084 kB
Inactive(anon):      860 kB
Active(file):     177376 kB
Inactive(file):   542092 kB
Unevictable:           0 kB
Mlocked:               0 kB
HighTotal:       1001472 kB
HighFree:           5368 kB
LowTotal:         419352 kB
LowFree:           47040 kB
SwapTotal:        786428 kB
SwapFree:         786428 kB
Dirty:               200 kB
Writeback:             0 kB
AnonPages:        443004 kB
Mapped:           212408 kB
Shmem:               940 kB
Slab:              42064 kB
SReclaimable:      14820 kB
SUnreclaim:        27244 kB
KernelStack:       10064 kB
PageTables:        16104 kB
NFS_Unstable:          0 kB
Bounce:                0 kB
WritebackTmp:          0 kB
CommitLimit:     1496840 kB
Committed_AS:   23329804 kB
VmallocTotal:     458752 kB
VmallocUsed:       88284 kB
VmallocChunk:     211996 kB
Time pass: 20 sec

---2015-11-18 16:52:34
MemTotal:        1420824 kB
MemFree:           42776 kB
Buffers:           13656 kB
Cached:           706760 kB
SwapCached:            0 kB
Active:           627868 kB
Inactive:         542552 kB
Active(anon):     450064 kB
Inactive(anon):      860 kB
Active(file):     177804 kB
Inactive(file):   541692 kB
Unevictable:           0 kB
Mlocked:               0 kB
HighTotal:       1001472 kB
HighFree:           6068 kB
LowTotal:         419352 kB
LowFree:           36708 kB
SwapTotal:        786428 kB
SwapFree:         786428 kB
Dirty:                24 kB
Writeback:             0 kB
AnonPages:        450008 kB
Mapped:           213800 kB
Shmem:               940 kB
Slab:              42176 kB
SReclaimable:      14824 kB
SUnreclaim:        27352 kB
KernelStack:       10120 kB
PageTables:        16144 kB
NFS_Unstable:          0 kB
Bounce:                0 kB
WritebackTmp:          0 kB
CommitLimit:     1496840 kB
Committed_AS:   23332948 kB
VmallocTotal:     458752 kB
VmallocUsed:       88284 kB
VmallocChunk:     211996 kB
Time pass: 23 sec

---2015-11-18 16:52:34
MemTotal:        1420824 kB
MemFree:           42292 kB
Buffers:           13664 kB
Cached:           706760 kB
SwapCached:            0 kB
Active:           628116 kB
Inactive:         542560 kB
Active(anon):     450304 kB
Inactive(anon):      860 kB
Active(file):     177812 kB
Inactive(file):   541700 kB
Unevictable:           0 kB
Mlocked:               0 kB
HighTotal:       1001472 kB
HighFree:           5316 kB
LowTotal:         419352 kB
LowFree:           36976 kB
SwapTotal:        786428 kB
SwapFree:         786428 kB
Dirty:                28 kB
Writeback:             0 kB
AnonPages:        450252 kB
Mapped:           213964 kB
Shmem:               940 kB
Slab:              42120 kB
SReclaimable:      14824 kB
SUnreclaim:        27296 kB
KernelStack:       10112 kB
PageTables:        16148 kB
NFS_Unstable:          0 kB
Bounce:                0 kB
WritebackTmp:          0 kB
CommitLimit:     1496840 kB
Committed_AS:   23333012 kB
VmallocTotal:     458752 kB
VmallocUsed:       88316 kB
VmallocChunk:     211996 kB
Time pass: 27 sec

---2015-11-18 16:52:34
MemTotal:        1420824 kB
MemFree:           40876 kB
Buffers:           13140 kB
Cached:           705108 kB
SwapCached:            0 kB
Active:           622980 kB
Inactive:         547880 kB
Active(anon):     445008 kB
Inactive(anon):     8928 kB
Active(file):     177972 kB
Inactive(file):   538952 kB
Unevictable:         272 kB
Mlocked:               0 kB
HighTotal:       1001472 kB
HighFree:           6568 kB
LowTotal:         419352 kB
LowFree:           34308 kB
SwapTotal:        786428 kB
SwapFree:         786428 kB
Dirty:               124 kB
Writeback:             0 kB
AnonPages:        453132 kB
Mapped:           216804 kB
Shmem:               944 kB
Slab:              42164 kB
SReclaimable:      14832 kB
SUnreclaim:        27332 kB
KernelStack:       10120 kB
PageTables:        16152 kB
NFS_Unstable:          0 kB
Bounce:                0 kB
WritebackTmp:          0 kB
CommitLimit:     1496840 kB
Committed_AS:   23340976 kB
VmallocTotal:     458752 kB
VmallocUsed:       88336 kB
VmallocChunk:     211996 kB
Time pass: 30 sec

---2015-11-18 16:52:34
MemTotal:        1420824 kB
MemFree:           38876 kB
Buffers:           11500 kB
Cached:           691356 kB
SwapCached:            0 kB
Active:           597852 kB
Inactive:         565136 kB
Active(anon):     419640 kB
Inactive(anon):    41660 kB
Active(file):     178212 kB
Inactive(file):   523476 kB
Unevictable:         292 kB
Mlocked:               0 kB
HighTotal:       1001472 kB
HighFree:           5116 kB
LowTotal:         419352 kB
LowFree:           33760 kB
SwapTotal:        786428 kB
SwapFree:         786428 kB
Dirty:               480 kB
Writeback:             0 kB
AnonPages:        460452 kB
Mapped:           218648 kB
Shmem:               944 kB
Slab:              42408 kB
SReclaimable:      14872 kB
SUnreclaim:        27536 kB
KernelStack:       10152 kB
PageTables:        16188 kB
NFS_Unstable:          0 kB
Bounce:                0 kB
WritebackTmp:          0 kB
CommitLimit:     1496840 kB
Committed_AS:   23348328 kB
VmallocTotal:     458752 kB
VmallocUsed:       88376 kB
VmallocChunk:     211996 kB
Time pass: 36 sec

---2015-11-18 16:52:34
MemTotal:        1420824 kB
MemFree:           44376 kB
Buffers:            9316 kB
Cached:           680936 kB
SwapCached:            0 kB
Active:           571564 kB
Inactive:         580408 kB
Active(anon):     393288 kB
Inactive(anon):    69684 kB
Active(file):     178276 kB
Inactive(file):   510724 kB
Unevictable:         292 kB
Mlocked:               0 kB
HighTotal:       1001472 kB
HighFree:           8492 kB
LowTotal:         419352 kB
LowFree:           35884 kB
SwapTotal:        786428 kB
SwapFree:         786428 kB
Dirty:               628 kB
Writeback:             0 kB
AnonPages:        462028 kB
Mapped:           219996 kB
Shmem:               944 kB
Slab:              42436 kB
SReclaimable:      14884 kB
SUnreclaim:        27552 kB
KernelStack:       10144 kB
PageTables:        16220 kB
NFS_Unstable:          0 kB
Bounce:                0 kB
WritebackTmp:          0 kB
CommitLimit:     1496840 kB
Committed_AS:   23349688 kB
VmallocTotal:     458752 kB
VmallocUsed:       88292 kB
VmallocChunk:     211996 kB
Time pass: 41 sec

---2015-11-18 16:52:34
MemTotal:        1420824 kB
MemFree:           42768 kB
Buffers:            8024 kB
Cached:           675472 kB
SwapCached:            0 kB
Active:           556428 kB
Inactive:         590540 kB
Active(anon):     378128 kB
Inactive(anon):    86580 kB
Active(file):     178300 kB
Inactive(file):   503960 kB
Unevictable:         292 kB
Mlocked:               0 kB
HighTotal:       1001472 kB
HighFree:           7840 kB
LowTotal:         419352 kB
LowFree:           34928 kB
SwapTotal:        786428 kB
SwapFree:         786428 kB
Dirty:               308 kB
Writeback:             0 kB
AnonPages:        463792 kB
Mapped:           222448 kB
Shmem:               944 kB
Slab:              42564 kB
SReclaimable:      14900 kB
SUnreclaim:        27664 kB
KernelStack:       10136 kB
PageTables:        16240 kB
NFS_Unstable:          0 kB
Bounce:                0 kB
WritebackTmp:          0 kB
CommitLimit:     1496840 kB
Committed_AS:   23351392 kB
VmallocTotal:     458752 kB
VmallocUsed:       88336 kB
VmallocChunk:     211996 kB
Time pass: 44 sec

---2015-11-18 16:52:34
MemTotal:        1420824 kB
MemFree:           42056 kB
Buffers:            8032 kB
Cached:           675472 kB
SwapCached:            0 kB
Active:           556492 kB
Inactive:         590544 kB
Active(anon):     378192 kB
Inactive(anon):    86576 kB
Active(file):     178300 kB
Inactive(file):   503968 kB
Unevictable:         292 kB
Mlocked:               0 kB
HighTotal:       1001472 kB
HighFree:           7368 kB
LowTotal:         419352 kB
LowFree:           34688 kB
SwapTotal:        786428 kB
SwapFree:         786428 kB
Dirty:                28 kB
Writeback:             0 kB
AnonPages:        463848 kB
Mapped:           222720 kB
Shmem:               944 kB
Slab:              42552 kB
SReclaimable:      14884 kB
SUnreclaim:        27668 kB
KernelStack:       10136 kB
PageTables:        16240 kB
NFS_Unstable:          0 kB
Bounce:                0 kB
WritebackTmp:          0 kB
CommitLimit:     1496840 kB
Committed_AS:   23351400 kB
VmallocTotal:     458752 kB
VmallocUsed:       88336 kB
VmallocChunk:     211996 kB
Time pass: 49 sec

---2015-11-18 16:52:34
MemTotal:        1420824 kB
MemFree:           43348 kB
Buffers:            6748 kB
Cached:           662888 kB
SwapCached:            0 kB
Active:           526300 kB
Inactive:         612044 kB
Active(anon):     345392 kB
Inactive(anon):   124552 kB
Active(file):     180908 kB
Inactive(file):   487492 kB
Unevictable:         292 kB
Mlocked:               0 kB
HighTotal:       1001472 kB
HighFree:           5060 kB
LowTotal:         419352 kB
LowFree:           38288 kB
SwapTotal:        786428 kB
SwapFree:         786428 kB
Dirty:                44 kB
Writeback:             0 kB
AnonPages:        469020 kB
Mapped:           224880 kB
Shmem:               944 kB
Slab:              42560 kB
SReclaimable:      14924 kB
SUnreclaim:        27636 kB
KernelStack:       10136 kB
PageTables:        16260 kB
NFS_Unstable:          0 kB
Bounce:                0 kB
WritebackTmp:          0 kB
CommitLimit:     1496840 kB
Committed_AS:   23356192 kB
VmallocTotal:     458752 kB
VmallocUsed:       88316 kB
VmallocChunk:     211996 kB
Time pass: 54 sec

---2015-11-18 16:52:34
MemTotal:        1420824 kB
MemFree:           40948 kB
Buffers:            6844 kB
Cached:           655740 kB
SwapCached:            0 kB
Active:           502148 kB
Inactive:         638720 kB
Active(anon):     315040 kB
Inactive(anon):   164480 kB
Active(file):     187108 kB
Inactive(file):   474240 kB
Unevictable:         292 kB
Mlocked:               0 kB
HighTotal:       1001472 kB
HighFree:           5748 kB
LowTotal:         419352 kB
LowFree:           35200 kB
SwapTotal:        786428 kB
SwapFree:         786428 kB
Dirty:                88 kB
Writeback:             0 kB
AnonPages:        478536 kB
Mapped:           227364 kB
Shmem:               944 kB
Slab:              42704 kB
SReclaimable:      14940 kB
SUnreclaim:        27764 kB
KernelStack:       10208 kB
PageTables:        16312 kB
NFS_Unstable:          0 kB
Bounce:                0 kB
WritebackTmp:          0 kB
CommitLimit:     1496840 kB
Committed_AS:   23372496 kB
VmallocTotal:     458752 kB
VmallocUsed:       88380 kB
VmallocChunk:     211996 kB
Time pass: 57 sec

---2015-11-18 16:52:34
MemTotal:        1420824 kB
MemFree:           37984 kB
Buffers:            6876 kB
Cached:           635420 kB
SwapCached:            0 kB
Active:           451236 kB
Inactive:         675240 kB
Active(anon):     254564 kB
Inactive(anon):   231004 kB
Active(file):     196672 kB
Inactive(file):   444236 kB
Unevictable:         292 kB
Mlocked:               0 kB
HighTotal:       1001472 kB
HighFree:           6620 kB
LowTotal:         419352 kB
LowFree:           31364 kB
SwapTotal:        786428 kB
SwapFree:         786428 kB
Dirty:               104 kB
Writeback:             0 kB
AnonPages:        484468 kB
Mapped:           226780 kB
Shmem:              1104 kB
Slab:              43108 kB
SReclaimable:      14984 kB
SUnreclaim:        28124 kB
KernelStack:       10344 kB
PageTables:        16432 kB
NFS_Unstable:          0 kB
Bounce:                0 kB
WritebackTmp:          0 kB
CommitLimit:     1496840 kB
Committed_AS:   23388672 kB
VmallocTotal:     458752 kB
VmallocUsed:       90848 kB
VmallocChunk:     211996 kB
Time pass: 62 sec

---2015-11-18 16:52:34
MemTotal:        1420824 kB
MemFree:           38080 kB
Buffers:            6836 kB
Cached:           599632 kB
SwapCached:            0 kB
Active:           446948 kB
Inactive:         646120 kB
Active(anon):     244840 kB
Inactive(anon):   243336 kB
Active(file):     202108 kB
Inactive(file):   402784 kB
Unevictable:         292 kB
Mlocked:               0 kB
HighTotal:       1001472 kB
HighFree:           6192 kB
LowTotal:         419352 kB
LowFree:           31888 kB
SwapTotal:        786428 kB
SwapFree:         786428 kB
Dirty:                32 kB
Writeback:             0 kB
AnonPages:        487052 kB
Mapped:           226984 kB
Shmem:              1284 kB
Slab:              43132 kB
SReclaimable:      14996 kB
SUnreclaim:        28136 kB
KernelStack:       10344 kB
PageTables:        16588 kB
NFS_Unstable:          0 kB
Bounce:                0 kB
WritebackTmp:          0 kB
CommitLimit:     1496840 kB
Committed_AS:   23390252 kB
VmallocTotal:     458752 kB
VmallocUsed:       90848 kB
VmallocChunk:     211996 kB
Time pass: 67 sec

---2015-11-18 16:52:34
MemTotal:        1420824 kB
MemFree:           39536 kB
Buffers:            6868 kB
Cached:           593704 kB
SwapCached:            0 kB
Active:           449552 kB
Inactive:         641384 kB
Active(anon):     246044 kB
Inactive(anon):   245896 kB
Active(file):     203508 kB
Inactive(file):   395488 kB
Unevictable:         292 kB
Mlocked:               0 kB
HighTotal:       1001472 kB
HighFree:           6236 kB
LowTotal:         419352 kB
LowFree:           33300 kB
SwapTotal:        786428 kB
SwapFree:         786428 kB
Dirty:                44 kB
Writeback:             0 kB
AnonPages:        490724 kB
Mapped:           227028 kB
Shmem:              1284 kB
Slab:              43252 kB
SReclaimable:      15004 kB
SUnreclaim:        28248 kB
KernelStack:       10360 kB
PageTables:        16604 kB
NFS_Unstable:          0 kB
Bounce:                0 kB
WritebackTmp:          0 kB
CommitLimit:     1496840 kB
Committed_AS:   23393420 kB
VmallocTotal:     458752 kB
VmallocUsed:       90848 kB
VmallocChunk:     211996 kB
Time pass: 71 sec

---2015-11-18 16:52:34
MemTotal:        1420824 kB
MemFree:           41712 kB
Buffers:            6884 kB
Cached:           592184 kB
SwapCached:            0 kB
Active:           448228 kB
Inactive:         640512 kB
Active(anon):     244712 kB
Inactive(anon):   246588 kB
Active(file):     203516 kB
Inactive(file):   393924 kB
Unevictable:         292 kB
Mlocked:               0 kB
HighTotal:       1001472 kB
HighFree:           8004 kB
LowTotal:         419352 kB
LowFree:           33708 kB
SwapTotal:        786428 kB
SwapFree:         786428 kB
Dirty:                44 kB
Writeback:             0 kB
AnonPages:        489868 kB
Mapped:           227124 kB
Shmem:              1336 kB
Slab:              43300 kB
SReclaimable:      15016 kB
SUnreclaim:        28284 kB
KernelStack:       10296 kB
PageTables:        16588 kB
NFS_Unstable:          0 kB
Bounce:                0 kB
WritebackTmp:          0 kB
CommitLimit:     1496840 kB
Committed_AS:   23391976 kB
VmallocTotal:     458752 kB
VmallocUsed:       90848 kB
VmallocChunk:     211996 kB
Time pass: 75 sec

---2015-11-18 16:52:34
MemTotal:        1420824 kB
MemFree:           42584 kB
Buffers:            6900 kB
Cached:           592184 kB
SwapCached:            0 kB
Active:           447748 kB
Inactive:         639876 kB
Active(anon):     244232 kB
Inactive(anon):   245936 kB
Active(file):     203516 kB
Inactive(file):   393940 kB
Unevictable:         292 kB
Mlocked:               0 kB
HighTotal:       1001472 kB
HighFree:           7676 kB
LowTotal:         419352 kB
LowFree:           34908 kB
SwapTotal:        786428 kB
SwapFree:         786428 kB
Dirty:                40 kB
Writeback:             0 kB
AnonPages:        488800 kB
Mapped:           227084 kB
Shmem:              1336 kB
Slab:              43400 kB
SReclaimable:      15016 kB
SUnreclaim:        28384 kB
KernelStack:       10296 kB
PageTables:        16596 kB
NFS_Unstable:          0 kB
Bounce:                0 kB
WritebackTmp:          0 kB
CommitLimit:     1496840 kB
Committed_AS:   23394164 kB
VmallocTotal:     458752 kB
VmallocUsed:       90816 kB
VmallocChunk:     211996 kB
Time pass: 78 sec

---2015-11-18 16:52:34
MemTotal:        1420824 kB
MemFree:           42592 kB
Buffers:            6900 kB
Cached:           592192 kB
SwapCached:            0 kB
Active:           447632 kB
Inactive:         639876 kB
Active(anon):     244116 kB
Inactive(anon):   245936 kB
Active(file):     203516 kB
Inactive(file):   393940 kB
Unevictable:         292 kB
Mlocked:               0 kB
HighTotal:       1001472 kB
HighFree:           7800 kB
LowTotal:         419352 kB
LowFree:           34792 kB
SwapTotal:        786428 kB
SwapFree:         786428 kB
Dirty:                40 kB
Writeback:             0 kB
AnonPages:        488800 kB
Mapped:           227144 kB
Shmem:              1344 kB
Slab:              43332 kB
SReclaimable:      15016 kB
SUnreclaim:        28316 kB
KernelStack:       10304 kB
PageTables:        16596 kB
NFS_Unstable:          0 kB
Bounce:                0 kB
WritebackTmp:          0 kB
CommitLimit:     1496840 kB
Committed_AS:   23394048 kB
VmallocTotal:     458752 kB
VmallocUsed:       90848 kB
VmallocChunk:     211996 kB
Time pass: 82 sec

---2015-11-18 16:52:34
MemTotal:        1420824 kB
MemFree:           42788 kB
Buffers:            6924 kB
Cached:           592196 kB
SwapCached:            0 kB
Active:           447680 kB
Inactive:         639912 kB
Active(anon):     244164 kB
Inactive(anon):   245964 kB
Active(file):     203516 kB
Inactive(file):   393948 kB
Unevictable:         292 kB
Mlocked:               0 kB
HighTotal:       1001472 kB
HighFree:           7860 kB
LowTotal:         419352 kB
LowFree:           34928 kB
SwapTotal:        786428 kB
SwapFree:         786428 kB
Dirty:                28 kB
Writeback:             0 kB
AnonPages:        488968 kB
Mapped:           227020 kB
Shmem:              1364 kB
Slab:              43352 kB
SReclaimable:      15016 kB
SUnreclaim:        28336 kB
KernelStack:       10296 kB
PageTables:        16592 kB
NFS_Unstable:          0 kB
Bounce:                0 kB
WritebackTmp:          0 kB
CommitLimit:     1496840 kB
Committed_AS:   23393988 kB
VmallocTotal:     458752 kB
VmallocUsed:       90848 kB
VmallocChunk:     211996 kB
Time pass: 85 sec

---2015-11-18 16:52:34
MemTotal:        1420824 kB
MemFree:           37716 kB
Buffers:            6924 kB
Cached:           592212 kB
SwapCached:            0 kB
Active:           448696 kB
Inactive:         639928 kB
Active(anon):     245180 kB
Inactive(anon):   245964 kB
Active(file):     203516 kB
Inactive(file):   393964 kB
Unevictable:         292 kB
Mlocked:               0 kB
HighTotal:       1001472 kB
HighFree:           6744 kB
LowTotal:         419352 kB
LowFree:           30972 kB
SwapTotal:        786428 kB
SwapFree:         786428 kB
Dirty:                 0 kB
Writeback:             0 kB
AnonPages:        489964 kB
Mapped:           227132 kB
Shmem:              1364 kB
Slab:              43596 kB
SReclaimable:      15016 kB
SUnreclaim:        28580 kB
KernelStack:       10288 kB
PageTables:        16476 kB
NFS_Unstable:          0 kB
Bounce:                0 kB
WritebackTmp:          0 kB
CommitLimit:     1496840 kB
Committed_AS:   23395152 kB
VmallocTotal:     458752 kB
VmallocUsed:       90848 kB
VmallocChunk:     211996 kB
Time pass: 89 sec

---2015-11-18 16:52:34
MemTotal:        1420824 kB
MemFree:           56012 kB
Buffers:            6932 kB
Cached:           581340 kB
SwapCached:            0 kB
Active:           440372 kB
Inactive:         630492 kB
Active(anon):     236000 kB
Inactive(anon):   247828 kB
Active(file):     204372 kB
Inactive(file):   382664 kB
Unevictable:         292 kB
Mlocked:               0 kB
HighTotal:       1001472 kB
HighFree:          17640 kB
LowTotal:         419352 kB
LowFree:           38372 kB
SwapTotal:        786428 kB
SwapFree:         786428 kB
Dirty:                32 kB
Writeback:             0 kB
AnonPages:        482980 kB
Mapped:           226856 kB
Shmem:               944 kB
Slab:              43604 kB
SReclaimable:      15020 kB
SUnreclaim:        28584 kB
KernelStack:       10088 kB
PageTables:        16296 kB
NFS_Unstable:          0 kB
Bounce:                0 kB
WritebackTmp:          0 kB
CommitLimit:     1496840 kB
Committed_AS:   23369584 kB
VmallocTotal:     458752 kB
VmallocUsed:       88400 kB
VmallocChunk:     211996 kB
Time pass: 92 sec

---2015-11-18 16:52:34
MemTotal:        1420824 kB
MemFree:          194896 kB
Buffers:            6956 kB
Cached:           581228 kB
SwapCached:            0 kB
Active:           372204 kB
Inactive:         630160 kB
Active(anon):     167812 kB
Inactive(anon):   247468 kB
Active(file):     204392 kB
Inactive(file):   382692 kB
Unevictable:         292 kB
Mlocked:               0 kB
HighTotal:       1001472 kB
HighFree:          74192 kB
LowTotal:         419352 kB
LowFree:          120704 kB
SwapTotal:        786428 kB
SwapFree:         786428 kB
Dirty:                12 kB
Writeback:             0 kB
AnonPages:        414460 kB
Mapped:           176948 kB
Shmem:               808 kB
Slab:              43112 kB
SReclaimable:      14996 kB
SUnreclaim:        28116 kB
KernelStack:        9304 kB
PageTables:        15144 kB
NFS_Unstable:          0 kB
Bounce:                0 kB
WritebackTmp:          0 kB
CommitLimit:     1496840 kB
Committed_AS:   22377784 kB
VmallocTotal:     458752 kB
VmallocUsed:       85948 kB
VmallocChunk:     211996 kB
Time pass: 96 sec

---2015-11-18 16:52:34
MemTotal:        1420824 kB
MemFree:          194916 kB
Buffers:            6964 kB
Cached:           581220 kB
SwapCached:            0 kB
Active:           372136 kB
Inactive:         630152 kB
Active(anon):     167744 kB
Inactive(anon):   247460 kB
Active(file):     204392 kB
Inactive(file):   382692 kB
Unevictable:         292 kB
Mlocked:               0 kB
HighTotal:       1001472 kB
HighFree:          74212 kB
LowTotal:         419352 kB
LowFree:          120704 kB
SwapTotal:        786428 kB
SwapFree:         786428 kB
Dirty:                40 kB
Writeback:             0 kB
AnonPages:        414384 kB
Mapped:           176952 kB
Shmem:               808 kB
Slab:              43112 kB
SReclaimable:      14996 kB
SUnreclaim:        28116 kB
KernelStack:        9304 kB
PageTables:        15144 kB
NFS_Unstable:          0 kB
Bounce:                0 kB
WritebackTmp:          0 kB
CommitLimit:     1496840 kB
Committed_AS:   22386976 kB
VmallocTotal:     458752 kB
VmallocUsed:       85948 kB
VmallocChunk:     211996 kB
Time pass: 99 sec

---2015-11-18 16:52:34
MemTotal:        1420824 kB
MemFree:          194928 kB
Buffers:            6964 kB
Cached:           581228 kB
SwapCached:            0 kB
Active:           372116 kB
Inactive:         630160 kB
Active(anon):     167724 kB
Inactive(anon):   247460 kB
Active(file):     204392 kB
Inactive(file):   382700 kB
Unevictable:         292 kB
Mlocked:               0 kB
HighTotal:       1001472 kB
HighFree:          74224 kB
LowTotal:         419352 kB
LowFree:          120704 kB
SwapTotal:        786428 kB
SwapFree:         786428 kB
Dirty:                48 kB
Writeback:             0 kB
AnonPages:        414380 kB
Mapped:           176952 kB
Shmem:               808 kB
Slab:              43104 kB
SReclaimable:      14996 kB
SUnreclaim:        28108 kB
KernelStack:        9304 kB
PageTables:        15144 kB
NFS_Unstable:          0 kB
Bounce:                0 kB
WritebackTmp:          0 kB
CommitLimit:     1496840 kB
Committed_AS:   22386976 kB
VmallocTotal:     458752 kB
VmallocUsed:       85948 kB
VmallocChunk:     211996 kB
Time pass: 102 sec

---2015-11-18 16:52:34
MemTotal:        1420824 kB
MemFree:          186692 kB
Buffers:            6964 kB
Cached:           581328 kB
SwapCached:            0 kB
Active:           379308 kB
Inactive:         630228 kB
Active(anon):     174916 kB
Inactive(anon):   247460 kB
Active(file):     204392 kB
Inactive(file):   382768 kB
Unevictable:         292 kB
Mlocked:               0 kB
HighTotal:       1001472 kB
HighFree:          67004 kB
LowTotal:         419352 kB
LowFree:          119688 kB
SwapTotal:        786428 kB
SwapFree:         786428 kB
Dirty:                48 kB
Writeback:             0 kB
AnonPages:        421716 kB
Mapped:           184248 kB
Shmem:               808 kB
Slab:              43264 kB
SReclaimable:      14996 kB
SUnreclaim:        28268 kB
KernelStack:        9384 kB
PageTables:        15540 kB
NFS_Unstable:          0 kB
Bounce:                0 kB
WritebackTmp:          0 kB
CommitLimit:     1496840 kB
Committed_AS:   23397276 kB
VmallocTotal:     458752 kB
VmallocUsed:       88084 kB
VmallocChunk:     211996 kB
Time pass: 106 sec

---2015-11-18 16:52:34
MemTotal:        1420824 kB
MemFree:          157956 kB
Buffers:            7536 kB
Cached:           581736 kB
SwapCached:            0 kB
Active:           393416 kB
Inactive:         630732 kB
Active(anon):     188516 kB
Inactive(anon):   247592 kB
Active(file):     204900 kB
Inactive(file):   383140 kB
Unevictable:         292 kB
Mlocked:               0 kB
HighTotal:       1001472 kB
HighFree:          38688 kB
LowTotal:         419352 kB
LowFree:          119268 kB
SwapTotal:        786428 kB
SwapFree:         786428 kB
Dirty:               976 kB
Writeback:             0 kB
AnonPages:        435260 kB
Mapped:           201296 kB
Shmem:               940 kB
Slab:              43216 kB
SReclaimable:      14988 kB
SUnreclaim:        28228 kB
KernelStack:        9776 kB
PageTables:        15720 kB
NFS_Unstable:          0 kB
Bounce:                0 kB
WritebackTmp:          0 kB
CommitLimit:     1496840 kB
Committed_AS:   22882408 kB
VmallocTotal:     458752 kB
VmallocUsed:       87232 kB
VmallocChunk:     211996 kB
Time pass: 109 sec

---2015-11-18 16:52:34
MemTotal:        1420824 kB
MemFree:          130636 kB
Buffers:            7552 kB
Cached:           582288 kB
SwapCached:            0 kB
Active:           406628 kB
Inactive:         631236 kB
Active(anon):     201664 kB
Inactive(anon):   247596 kB
Active(file):     204964 kB
Inactive(file):   383640 kB
Unevictable:         292 kB
Mlocked:               0 kB
HighTotal:       1001472 kB
HighFree:          11616 kB
LowTotal:         419352 kB
LowFree:          119020 kB
SwapTotal:        786428 kB
SwapFree:         786428 kB
Dirty:               624 kB
Writeback:             0 kB
AnonPages:        448312 kB
Mapped:           208376 kB
Shmem:               944 kB
Slab:              43168 kB
SReclaimable:      14988 kB
SUnreclaim:        28180 kB
KernelStack:        9848 kB
PageTables:        15792 kB
NFS_Unstable:          0 kB
Bounce:                0 kB
WritebackTmp:          0 kB
CommitLimit:     1496840 kB
Committed_AS:   22894980 kB
VmallocTotal:     458752 kB
VmallocUsed:       87292 kB
VmallocChunk:     211996 kB
Time pass: 113 sec

---2015-11-18 16:52:34
MemTotal:        1420824 kB
MemFree:          118016 kB
Buffers:            7640 kB
Cached:           582432 kB
SwapCached:            0 kB
Active:           409384 kB
Inactive:         631180 kB
Active(anon):     204132 kB
Inactive(anon):   247596 kB
Active(file):     205252 kB
Inactive(file):   383584 kB
Unevictable:         292 kB
Mlocked:               0 kB
HighTotal:       1001472 kB
HighFree:           5280 kB
LowTotal:         419352 kB
LowFree:          112736 kB
SwapTotal:        786428 kB
SwapFree:         786428 kB
Dirty:               188 kB
Writeback:             0 kB
AnonPages:        450848 kB
Mapped:           209436 kB
Shmem:               944 kB
Slab:              42972 kB
SReclaimable:      14988 kB
SUnreclaim:        27984 kB
KernelStack:        9848 kB
PageTables:        15832 kB
NFS_Unstable:          0 kB
Bounce:                0 kB
WritebackTmp:          0 kB
CommitLimit:     1496840 kB
Committed_AS:   22897296 kB
VmallocTotal:     458752 kB
VmallocUsed:       87256 kB
VmallocChunk:     211996 kB
Time pass: 116 sec

---2015-11-18 16:52:34
MemTotal:        1420824 kB
MemFree:           99448 kB
Buffers:            7648 kB
Cached:           583236 kB
SwapCached:            0 kB
Active:           415956 kB
Inactive:         630496 kB
Active(anon):     209208 kB
Inactive(anon):   247596 kB
Active(file):     206748 kB
Inactive(file):   382900 kB
Unevictable:         292 kB
Mlocked:               0 kB
HighTotal:       1001472 kB
HighFree:           5064 kB
LowTotal:         419352 kB
LowFree:           94384 kB
SwapTotal:        786428 kB
SwapFree:         786428 kB
Dirty:              1152 kB
Writeback:             0 kB
AnonPages:        455976 kB
Mapped:           213120 kB
Shmem:               944 kB
Slab:              43100 kB
SReclaimable:      14996 kB
SUnreclaim:        28104 kB
KernelStack:        9848 kB
PageTables:        15860 kB
NFS_Unstable:          0 kB
Bounce:                0 kB
WritebackTmp:          0 kB
CommitLimit:     1496840 kB
Committed_AS:   22902388 kB
VmallocTotal:     458752 kB
VmallocUsed:       87288 kB
VmallocChunk:     211996 kB
Time pass: 119 sec

---2015-11-18 16:52:34
MemTotal:        1420824 kB
MemFree:           94184 kB
Buffers:            7660 kB
Cached:           583244 kB
SwapCached:            0 kB
Active:           415112 kB
Inactive:         630500 kB
Active(anon):     208348 kB
Inactive(anon):   247596 kB
Active(file):     206764 kB
Inactive(file):   382904 kB
Unevictable:         292 kB
Mlocked:               0 kB
HighTotal:       1001472 kB
HighFree:           5520 kB
LowTotal:         419352 kB
LowFree:           88664 kB
SwapTotal:        786428 kB
SwapFree:         786428 kB
Dirty:               240 kB
Writeback:             0 kB
AnonPages:        455000 kB
Mapped:           213760 kB
Shmem:               944 kB
Slab:              43068 kB
SReclaimable:      14996 kB
SUnreclaim:        28072 kB
KernelStack:        9848 kB
PageTables:        15884 kB
NFS_Unstable:          0 kB
Bounce:                0 kB
WritebackTmp:          0 kB
CommitLimit:     1496840 kB
Committed_AS:   22901412 kB
VmallocTotal:     458752 kB
VmallocUsed:       87260 kB
VmallocChunk:     211996 kB
Time pass: 123 sec

---2015-11-18 16:52:34
MemTotal:        1420824 kB
MemFree:           81868 kB
Buffers:            7660 kB
Cached:           583264 kB
SwapCached:            0 kB
Active:           420232 kB
Inactive:         630520 kB
Active(anon):     213468 kB
Inactive(anon):   247596 kB
Active(file):     206764 kB
Inactive(file):   382924 kB
Unevictable:         292 kB
Mlocked:               0 kB
HighTotal:       1001472 kB
HighFree:           5092 kB
LowTotal:         419352 kB
LowFree:           76776 kB
SwapTotal:        786428 kB
SwapFree:         786428 kB
Dirty:               528 kB
Writeback:             0 kB
AnonPages:        460196 kB
Mapped:           214152 kB
Shmem:               944 kB
Slab:              43164 kB
SReclaimable:      14996 kB
SUnreclaim:        28168 kB
KernelStack:        9848 kB
PageTables:        15904 kB
NFS_Unstable:          0 kB
Bounce:                0 kB
WritebackTmp:          0 kB
CommitLimit:     1496840 kB
Committed_AS:   22906320 kB
VmallocTotal:     458752 kB
VmallocUsed:       87304 kB
VmallocChunk:     211996 kB
Time pass: 126 sec

---2015-11-18 16:52:34
MemTotal:        1420824 kB
MemFree:           82500 kB
Buffers:            7660 kB
Cached:           583264 kB
SwapCached:            0 kB
Active:           420576 kB
Inactive:         630520 kB
Active(anon):     213812 kB
Inactive(anon):   247596 kB
Active(file):     206764 kB
Inactive(file):   382924 kB
Unevictable:         292 kB
Mlocked:               0 kB
HighTotal:       1001472 kB
HighFree:           6152 kB
LowTotal:         419352 kB
LowFree:           76348 kB
SwapTotal:        786428 kB
SwapFree:         786428 kB
Dirty:               516 kB
Writeback:             0 kB
AnonPages:        460464 kB
Mapped:           214228 kB
Shmem:               944 kB
Slab:              43044 kB
SReclaimable:      14996 kB
SUnreclaim:        28048 kB
KernelStack:        9848 kB
PageTables:        15900 kB
NFS_Unstable:          0 kB
Bounce:                0 kB
WritebackTmp:          0 kB
CommitLimit:     1496840 kB
Committed_AS:   22906500 kB
VmallocTotal:     458752 kB
VmallocUsed:       87272 kB
VmallocChunk:     211996 kB
Time pass: 130 sec

---2015-11-18 16:52:34
MemTotal:        1420824 kB
MemFree:           82348 kB
Buffers:            7668 kB
Cached:           583264 kB
SwapCached:            0 kB
Active:           420592 kB
Inactive:         630528 kB
Active(anon):     213828 kB
Inactive(anon):   247596 kB
Active(file):     206764 kB
Inactive(file):   382932 kB
Unevictable:         292 kB
Mlocked:               0 kB
HighTotal:       1001472 kB
HighFree:           6016 kB
LowTotal:         419352 kB
LowFree:           76332 kB
SwapTotal:        786428 kB
SwapFree:         786428 kB
Dirty:                84 kB
Writeback:             0 kB
AnonPages:        460472 kB
Mapped:           214232 kB
Shmem:               944 kB
Slab:              43072 kB
SReclaimable:      14996 kB
SUnreclaim:        28076 kB
KernelStack:        9848 kB
PageTables:        15900 kB
NFS_Unstable:          0 kB
Bounce:                0 kB
WritebackTmp:          0 kB
CommitLimit:     1496840 kB
Committed_AS:   22906500 kB
VmallocTotal:     458752 kB
VmallocUsed:       87272 kB
VmallocChunk:     211996 kB
Time pass: 133 sec

---2015-11-18 16:52:34
MemTotal:        1420824 kB
MemFree:           82708 kB
Buffers:            7668 kB
Cached:           583264 kB
SwapCached:            0 kB
Active:           420548 kB
Inactive:         630524 kB
Active(anon):     213780 kB
Inactive(anon):   247596 kB
Active(file):     206768 kB
Inactive(file):   382928 kB
Unevictable:         292 kB
Mlocked:               0 kB
HighTotal:       1001472 kB
HighFree:           5956 kB
LowTotal:         419352 kB
LowFree:           76752 kB
SwapTotal:        786428 kB
SwapFree:         786428 kB
Dirty:                12 kB
Writeback:             0 kB
AnonPages:        460436 kB
Mapped:           214008 kB
Shmem:               944 kB
Slab:              43084 kB
SReclaimable:      14996 kB
SUnreclaim:        28088 kB
KernelStack:        9848 kB
PageTables:        15900 kB
NFS_Unstable:          0 kB
Bounce:                0 kB
WritebackTmp:          0 kB
CommitLimit:     1496840 kB
Committed_AS:   22906492 kB
VmallocTotal:     458752 kB
VmallocUsed:       87304 kB
VmallocChunk:     211996 kB
Time pass: 136 sec

---2015-11-18 16:52:34
MemTotal:        1420824 kB
MemFree:           70604 kB
Buffers:            7692 kB
Cached:           583612 kB
SwapCached:            0 kB
Active:           431468 kB
Inactive:         629940 kB
Active(anon):     223756 kB
Inactive(anon):   247680 kB
Active(file):     207712 kB
Inactive(file):   382260 kB
Unevictable:         292 kB
Mlocked:               0 kB
HighTotal:       1001472 kB
HighFree:           4988 kB
LowTotal:         419352 kB
LowFree:           65616 kB
SwapTotal:        786428 kB
SwapFree:         786428 kB
Dirty:                72 kB
Writeback:             0 kB
AnonPages:        470496 kB
Mapped:           216404 kB
Shmem:              1032 kB
Slab:              43372 kB
SReclaimable:      14996 kB
SUnreclaim:        28376 kB
KernelStack:       10056 kB
PageTables:        16016 kB
NFS_Unstable:          0 kB
Bounce:                0 kB
WritebackTmp:          0 kB
CommitLimit:     1496840 kB
Committed_AS:   22934516 kB
VmallocTotal:     458752 kB
VmallocUsed:       89804 kB
VmallocChunk:     211996 kB
Time pass: 140 sec

---2015-11-18 16:52:34
MemTotal:        1420824 kB
MemFree:           62384 kB
Buffers:            7724 kB
Cached:           583784 kB
SwapCached:            0 kB
Active:           436600 kB
Inactive:         630112 kB
Active(anon):     228848 kB
Inactive(anon):   247852 kB
Active(file):     207752 kB
Inactive(file):   382260 kB
Unevictable:         292 kB
Mlocked:               0 kB
HighTotal:       1001472 kB
HighFree:           5116 kB
LowTotal:         419352 kB
LowFree:           57268 kB
SwapTotal:        786428 kB
SwapFree:         786428 kB
Dirty:                44 kB
Writeback:             0 kB
AnonPages:        475600 kB
Mapped:           215256 kB
Shmem:              1204 kB
Slab:              43112 kB
SReclaimable:      14996 kB
SUnreclaim:        28116 kB
KernelStack:       10064 kB
PageTables:        16140 kB
NFS_Unstable:          0 kB
Bounce:                0 kB
WritebackTmp:          0 kB
CommitLimit:     1496840 kB
Committed_AS:   22940152 kB
VmallocTotal:     458752 kB
VmallocUsed:       89772 kB
VmallocChunk:     211996 kB
Time pass: 144 sec

---2015-11-18 16:52:34
MemTotal:        1420824 kB
MemFree:           59068 kB
Buffers:            7740 kB
Cached:           583924 kB
SwapCached:            0 kB
Active:           439404 kB
Inactive:         630268 kB
Active(anon):     231652 kB
Inactive(anon):   247992 kB
Active(file):     207752 kB
Inactive(file):   382276 kB
Unevictable:         292 kB
Mlocked:               0 kB
HighTotal:       1001472 kB
HighFree:           5116 kB
LowTotal:         419352 kB
LowFree:           53952 kB
SwapTotal:        786428 kB
SwapFree:         786428 kB
Dirty:                 0 kB
Writeback:             0 kB
AnonPages:        478416 kB
Mapped:           215396 kB
Shmem:              1344 kB
Slab:              43344 kB
SReclaimable:      14996 kB
SUnreclaim:        28348 kB
KernelStack:       10040 kB
PageTables:        16132 kB
NFS_Unstable:          0 kB
Bounce:                0 kB
WritebackTmp:          0 kB
CommitLimit:     1496840 kB
Committed_AS:   22942644 kB
VmallocTotal:     458752 kB
VmallocUsed:       89772 kB
VmallocChunk:     211996 kB
Time pass: 149 sec

---2015-11-18 16:52:34
MemTotal:        1420824 kB
MemFree:           58068 kB
Buffers:            7764 kB
Cached:           583960 kB
SwapCached:            0 kB
Active:           440648 kB
Inactive:         630328 kB
Active(anon):     232896 kB
Inactive(anon):   248028 kB
Active(file):     207752 kB
Inactive(file):   382300 kB
Unevictable:         292 kB
Mlocked:               0 kB
HighTotal:       1001472 kB
HighFree:           5116 kB
LowTotal:         419352 kB
LowFree:           52952 kB
SwapTotal:        786428 kB
SwapFree:         786428 kB
Dirty:                36 kB
Writeback:             0 kB
AnonPages:        479584 kB
Mapped:           215396 kB
Shmem:              1380 kB
Slab:              43212 kB
SReclaimable:      14996 kB
SUnreclaim:        28216 kB
KernelStack:       10024 kB
PageTables:        16128 kB
NFS_Unstable:          0 kB
Bounce:                0 kB
WritebackTmp:          0 kB
CommitLimit:     1496840 kB
Committed_AS:   22942852 kB
VmallocTotal:     458752 kB
VmallocUsed:       89772 kB
VmallocChunk:     211996 kB
Time pass: 155 sec

---2015-11-18 16:52:34
MemTotal:        1420824 kB
MemFree:           55620 kB
Buffers:            7804 kB
Cached:           583976 kB
SwapCached:            0 kB
Active:           442704 kB
Inactive:         630368 kB
Active(anon):     234952 kB
Inactive(anon):   248044 kB
Active(file):     207752 kB
Inactive(file):   382324 kB
Unevictable:         292 kB
Mlocked:               0 kB
HighTotal:       1001472 kB
HighFree:           5116 kB
LowTotal:         419352 kB
LowFree:           50504 kB
SwapTotal:        786428 kB
SwapFree:         786428 kB
Dirty:                44 kB
Writeback:             0 kB
AnonPages:        481660 kB
Mapped:           215452 kB
Shmem:              1396 kB
Slab:              43444 kB
SReclaimable:      14996 kB
SUnreclaim:        28448 kB
KernelStack:       10040 kB
PageTables:        16148 kB
NFS_Unstable:          0 kB
Bounce:                0 kB
WritebackTmp:          0 kB
CommitLimit:     1496840 kB
Committed_AS:   22945224 kB
VmallocTotal:     458752 kB
VmallocUsed:       89772 kB
VmallocChunk:     211996 kB
Time pass: 160 sec

---2015-11-18 16:52:34
MemTotal:        1420824 kB
MemFree:           57032 kB
Buffers:            7804 kB
Cached:           583976 kB
SwapCached:            0 kB
Active:           440176 kB
Inactive:         630376 kB
Active(anon):     232424 kB
Inactive(anon):   248036 kB
Active(file):     207752 kB
Inactive(file):   382340 kB
Unevictable:         292 kB
Mlocked:               0 kB
HighTotal:       1001472 kB
HighFree:           5116 kB
LowTotal:         419352 kB
LowFree:           51916 kB
SwapTotal:        786428 kB
SwapFree:         786428 kB
Dirty:                 0 kB
Writeback:             0 kB
AnonPages:        478988 kB
Mapped:           215496 kB
Shmem:              1396 kB
Slab:              43436 kB
SReclaimable:      14996 kB
SUnreclaim:        28440 kB
KernelStack:       10040 kB
PageTables:        16156 kB
NFS_Unstable:          0 kB
Bounce:                0 kB
WritebackTmp:          0 kB
CommitLimit:     1496840 kB
Committed_AS:   22944036 kB
VmallocTotal:     458752 kB
VmallocUsed:       89804 kB
VmallocChunk:     211996 kB
Time pass: 163 sec

---2015-11-18 16:52:34
MemTotal:        1420824 kB
MemFree:           57100 kB
Buffers:            7828 kB
Cached:           583980 kB
SwapCached:            0 kB
Active:           440520 kB
Inactive:         630404 kB
Active(anon):     232768 kB
Inactive(anon):   248040 kB
Active(file):     207752 kB
Inactive(file):   382364 kB
Unevictable:         292 kB
Mlocked:               0 kB
HighTotal:       1001472 kB
HighFree:           5112 kB
LowTotal:         419352 kB
LowFree:           51988 kB
SwapTotal:        786428 kB
SwapFree:         786428 kB
Dirty:                36 kB
Writeback:             0 kB
AnonPages:        479448 kB
Mapped:           215520 kB
Shmem:              1400 kB
Slab:              43404 kB
SReclaimable:      14996 kB
SUnreclaim:        28408 kB
KernelStack:       10024 kB
PageTables:        16140 kB
NFS_Unstable:          0 kB
Bounce:                0 kB
WritebackTmp:          0 kB
CommitLimit:     1496840 kB
Committed_AS:   22944168 kB
VmallocTotal:     458752 kB
VmallocUsed:       89804 kB
VmallocChunk:     211996 kB
Time pass: 167 sec

---2015-11-18 16:52:34
MemTotal:        1420824 kB
MemFree:           57264 kB
Buffers:            7828 kB
Cached:           583984 kB
SwapCached:            0 kB
Active:           440964 kB
Inactive:         630408 kB
Active(anon):     233212 kB
Inactive(anon):   248044 kB
Active(file):     207752 kB
Inactive(file):   382364 kB
Unevictable:         292 kB
Mlocked:               0 kB
HighTotal:       1001472 kB
HighFree:           5124 kB
LowTotal:         419352 kB
LowFree:           52140 kB
SwapTotal:        786428 kB
SwapFree:         786428 kB
Dirty:                40 kB
Writeback:             0 kB
AnonPages:        480164 kB
Mapped:           215376 kB
Shmem:              1404 kB
Slab:              43216 kB
SReclaimable:      14996 kB
SUnreclaim:        28220 kB
KernelStack:       10032 kB
PageTables:        16140 kB
NFS_Unstable:          0 kB
Bounce:                0 kB
WritebackTmp:          0 kB
CommitLimit:     1496840 kB
Committed_AS:   22945384 kB
VmallocTotal:     458752 kB
VmallocUsed:       89804 kB
VmallocChunk:     211996 kB
Time pass: 170 sec

---2015-11-18 16:52:34
MemTotal:        1420824 kB
MemFree:           56676 kB
Buffers:            7844 kB
Cached:           583988 kB
SwapCached:            0 kB
Active:           441412 kB
Inactive:         630428 kB
Active(anon):     233660 kB
Inactive(anon):   248048 kB
Active(file):     207752 kB
Inactive(file):   382380 kB
Unevictable:         292 kB
Mlocked:               0 kB
HighTotal:       1001472 kB
HighFree:           5120 kB
LowTotal:         419352 kB
LowFree:           51556 kB
SwapTotal:        786428 kB
SwapFree:         786428 kB
Dirty:                40 kB
Writeback:             0 kB
AnonPages:        480308 kB
Mapped:           215528 kB
Shmem:              1408 kB
Slab:              43392 kB
SReclaimable:      14996 kB
SUnreclaim:        28396 kB
KernelStack:       10008 kB
PageTables:        16148 kB
NFS_Unstable:          0 kB
Bounce:                0 kB
WritebackTmp:          0 kB
CommitLimit:     1496840 kB
Committed_AS:   22945580 kB
VmallocTotal:     458752 kB
VmallocUsed:       89804 kB
VmallocChunk:     211996 kB
Time pass: 174 sec

---2015-11-18 16:52:34
MemTotal:        1420824 kB
MemFree:           57204 kB
Buffers:            7852 kB
Cached:           584528 kB
SwapCached:            0 kB
Active:           440312 kB
Inactive:         630976 kB
Active(anon):     232560 kB
Inactive(anon):   248588 kB
Active(file):     207752 kB
Inactive(file):   382388 kB
Unevictable:         292 kB
Mlocked:               0 kB
HighTotal:       1001472 kB
HighFree:           5120 kB
LowTotal:         419352 kB
LowFree:           52084 kB
SwapTotal:        786428 kB
SwapFree:         786428 kB
Dirty:                28 kB
Writeback:             0 kB
AnonPages:        479240 kB
Mapped:           216020 kB
Shmem:              1948 kB
Slab:              43236 kB
SReclaimable:      14996 kB
SUnreclaim:        28240 kB
KernelStack:       10008 kB
PageTables:        16144 kB
NFS_Unstable:          0 kB
Bounce:                0 kB
WritebackTmp:          0 kB
CommitLimit:     1496840 kB
Committed_AS:   22943624 kB
VmallocTotal:     458752 kB
VmallocUsed:       89772 kB
VmallocChunk:     211996 kB
Time pass: 178 sec

---2015-11-18 16:52:34
MemTotal:        1420824 kB
MemFree:           56784 kB
Buffers:            7852 kB
Cached:           584528 kB
SwapCached:            0 kB
Active:           440372 kB
Inactive:         630976 kB
Active(anon):     232620 kB
Inactive(anon):   248588 kB
Active(file):     207752 kB
Inactive(file):   382388 kB
Unevictable:         292 kB
Mlocked:               0 kB
HighTotal:       1001472 kB
HighFree:           5120 kB
LowTotal:         419352 kB
LowFree:           51664 kB
SwapTotal:        786428 kB
SwapFree:         786428 kB
Dirty:                28 kB
Writeback:             0 kB
AnonPages:        479316 kB
Mapped:           215980 kB
Shmem:              1948 kB
Slab:              43284 kB
SReclaimable:      14996 kB
SUnreclaim:        28288 kB
KernelStack:       10000 kB
PageTables:        16124 kB
NFS_Unstable:          0 kB
Bounce:                0 kB
WritebackTmp:          0 kB
CommitLimit:     1496840 kB
Committed_AS:   22944968 kB
VmallocTotal:     458752 kB
VmallocUsed:       89772 kB
VmallocChunk:     211996 kB
Time pass: 182 sec

---2015-11-18 16:52:34
MemTotal:        1420824 kB
MemFree:           54384 kB
Buffers:            7868 kB
Cached:           584528 kB
SwapCached:            0 kB
Active:           442636 kB
Inactive:         630992 kB
Active(anon):     234884 kB
Inactive(anon):   248588 kB
Active(file):     207752 kB
Inactive(file):   382404 kB
Unevictable:         292 kB
Mlocked:               0 kB
HighTotal:       1001472 kB
HighFree:           5120 kB
LowTotal:         419352 kB
LowFree:           49264 kB
SwapTotal:        786428 kB
SwapFree:         786428 kB
Dirty:                40 kB
Writeback:             0 kB
AnonPages:        481600 kB
Mapped:           215920 kB
Shmem:              1948 kB
Slab:              43364 kB
SReclaimable:      14996 kB
SUnreclaim:        28368 kB
KernelStack:       10008 kB
PageTables:        16144 kB
NFS_Unstable:          0 kB
Bounce:                0 kB
WritebackTmp:          0 kB
CommitLimit:     1496840 kB
Committed_AS:   22945444 kB
VmallocTotal:     458752 kB
VmallocUsed:       89804 kB
VmallocChunk:     211996 kB
Time pass: 185 sec

---2015-11-18 16:52:34
MemTotal:        1420824 kB
MemFree:           54448 kB
Buffers:            7884 kB
Cached:           584528 kB
SwapCached:            0 kB
Active:           443896 kB
Inactive:         631008 kB
Active(anon):     236144 kB
Inactive(anon):   248588 kB
Active(file):     207752 kB
Inactive(file):   382420 kB
Unevictable:         292 kB
Mlocked:               0 kB
HighTotal:       1001472 kB
HighFree:           5076 kB
LowTotal:         419352 kB
LowFree:           49372 kB
SwapTotal:        786428 kB
SwapFree:         786428 kB
Dirty:                 0 kB
Writeback:             0 kB
AnonPages:        482688 kB
Mapped:           216032 kB
Shmem:              1948 kB
Slab:              43388 kB
SReclaimable:      14996 kB
SUnreclaim:        28392 kB
KernelStack:       10000 kB
PageTables:        16140 kB
NFS_Unstable:          0 kB
Bounce:                0 kB
WritebackTmp:          0 kB
CommitLimit:     1496840 kB
Committed_AS:   22945932 kB
VmallocTotal:     458752 kB
VmallocUsed:       89772 kB
VmallocChunk:     211996 kB
Time pass: 189 sec

---2015-11-18 16:52:34
MemTotal:        1420824 kB
MemFree:           54776 kB
Buffers:            7892 kB
Cached:           584528 kB
SwapCached:            0 kB
Active:           442376 kB
Inactive:         631016 kB
Active(anon):     234624 kB
Inactive(anon):   248588 kB
Active(file):     207752 kB
Inactive(file):   382428 kB
Unevictable:         292 kB
Mlocked:               0 kB
HighTotal:       1001472 kB
HighFree:           5076 kB
LowTotal:         419352 kB
LowFree:           49700 kB
SwapTotal:        786428 kB
SwapFree:         786428 kB
Dirty:                 0 kB
Writeback:             0 kB
AnonPages:        481364 kB
Mapped:           216008 kB
Shmem:              1948 kB
Slab:              43316 kB
SReclaimable:      14996 kB
SUnreclaim:        28320 kB
KernelStack:       10000 kB
PageTables:        16132 kB
NFS_Unstable:          0 kB
Bounce:                0 kB
WritebackTmp:          0 kB
CommitLimit:     1496840 kB
Committed_AS:   22945676 kB
VmallocTotal:     458752 kB
VmallocUsed:       89772 kB
VmallocChunk:     211996 kB
Time pass: 193 sec

---2015-11-18 16:52:34
MemTotal:        1420824 kB
MemFree:           54744 kB
Buffers:            7908 kB
Cached:           584528 kB
SwapCached:            0 kB
Active:           442496 kB
Inactive:         631032 kB
Active(anon):     234744 kB
Inactive(anon):   248588 kB
Active(file):     207752 kB
Inactive(file):   382444 kB
Unevictable:         292 kB
Mlocked:               0 kB
HighTotal:       1001472 kB
HighFree:           6192 kB
LowTotal:         419352 kB
LowFree:           48552 kB
SwapTotal:        786428 kB
SwapFree:         786428 kB
Dirty:                40 kB
Writeback:             0 kB
AnonPages:        481352 kB
Mapped:           215960 kB
Shmem:              1948 kB
Slab:              43468 kB
SReclaimable:      14996 kB
SUnreclaim:        28472 kB
KernelStack:       10000 kB
PageTables:        16144 kB
NFS_Unstable:          0 kB
Bounce:                0 kB
WritebackTmp:          0 kB
CommitLimit:     1496840 kB
Committed_AS:   22945688 kB
VmallocTotal:     458752 kB
VmallocUsed:       89804 kB
VmallocChunk:     211996 kB
Time pass: 196 sec

---2015-11-18 16:52:34
MemTotal:        1420824 kB
MemFree:           54572 kB
Buffers:            7908 kB
Cached:           584528 kB
SwapCached:            0 kB
Active:           442628 kB
Inactive:         631032 kB
Active(anon):     234876 kB
Inactive(anon):   248588 kB
Active(file):     207752 kB
Inactive(file):   382444 kB
Unevictable:         292 kB
Mlocked:               0 kB
HighTotal:       1001472 kB
HighFree:           5144 kB
LowTotal:         419352 kB
LowFree:           49428 kB
SwapTotal:        786428 kB
SwapFree:         786428 kB
Dirty:                40 kB
Writeback:             0 kB
AnonPages:        481448 kB
Mapped:           216060 kB
Shmem:              1948 kB
Slab:              43464 kB
SReclaimable:      14996 kB
SUnreclaim:        28468 kB
KernelStack:       10000 kB
PageTables:        16148 kB
NFS_Unstable:          0 kB
Bounce:                0 kB
WritebackTmp:          0 kB
CommitLimit:     1496840 kB
Committed_AS:   22945732 kB
VmallocTotal:     458752 kB
VmallocUsed:       89772 kB
VmallocChunk:     211996 kB
Time pass: 199 sec

---2015-11-18 16:52:34
MemTotal:        1420824 kB
MemFree:           53484 kB
Buffers:            7932 kB
Cached:           584552 kB
SwapCached:            0 kB
Active:           442820 kB
Inactive:         631080 kB
Active(anon):     235068 kB
Inactive(anon):   248612 kB
Active(file):     207752 kB
Inactive(file):   382468 kB
Unevictable:         292 kB
Mlocked:               0 kB
HighTotal:       1001472 kB
HighFree:           5144 kB
LowTotal:         419352 kB
LowFree:           48340 kB
SwapTotal:        786428 kB
SwapFree:         786428 kB
Dirty:                40 kB
Writeback:             0 kB
AnonPages:        481760 kB
Mapped:           216132 kB
Shmem:              1972 kB
Slab:              43664 kB
SReclaimable:      14996 kB
SUnreclaim:        28668 kB
KernelStack:       10008 kB
PageTables:        16164 kB
NFS_Unstable:          0 kB
Bounce:                0 kB
WritebackTmp:          0 kB
CommitLimit:     1496840 kB
Committed_AS:   22945872 kB
VmallocTotal:     458752 kB
VmallocUsed:       89804 kB
VmallocChunk:     211996 kB
Time pass: 203 sec

---2015-11-18 16:52:34
MemTotal:        1420824 kB
MemFree:           54004 kB
Buffers:            7932 kB
Cached:           584552 kB
SwapCached:            0 kB
Active:           443012 kB
Inactive:         631080 kB
Active(anon):     235260 kB
Inactive(anon):   248612 kB
Active(file):     207752 kB
Inactive(file):   382468 kB
Unevictable:         292 kB
Mlocked:               0 kB
HighTotal:       1001472 kB
HighFree:           5060 kB
LowTotal:         419352 kB
LowFree:           48944 kB
SwapTotal:        786428 kB
SwapFree:         786428 kB
Dirty:                 0 kB
Writeback:             0 kB
AnonPages:        481980 kB
Mapped:           216104 kB
Shmem:              1972 kB
Slab:              43320 kB
SReclaimable:      14996 kB
SUnreclaim:        28324 kB
KernelStack:       10008 kB
PageTables:        16148 kB
NFS_Unstable:          0 kB
Bounce:                0 kB
WritebackTmp:          0 kB
CommitLimit:     1496840 kB
Committed_AS:   22946036 kB
VmallocTotal:     458752 kB
VmallocUsed:       89772 kB
VmallocChunk:     211996 kB
Time pass: 206 sec

---2015-11-18 16:52:34
MemTotal:        1420824 kB
MemFree:           53964 kB
Buffers:            7956 kB
Cached:           584536 kB
SwapCached:            0 kB
Active:           442900 kB
Inactive:         631080 kB
Active(anon):     235148 kB
Inactive(anon):   248612 kB
Active(file):     207752 kB
Inactive(file):   382468 kB
Unevictable:         292 kB
Mlocked:               0 kB
HighTotal:       1001472 kB
HighFree:           5060 kB
LowTotal:         419352 kB
LowFree:           48904 kB
SwapTotal:        786428 kB
SwapFree:         786428 kB
Dirty:                28 kB
Writeback:             0 kB
AnonPages:        481828 kB
Mapped:           216004 kB
Shmem:              1972 kB
Slab:              43432 kB
SReclaimable:      14996 kB
SUnreclaim:        28436 kB
KernelStack:       10000 kB
PageTables:        16140 kB
NFS_Unstable:          0 kB
Bounce:                0 kB
WritebackTmp:          0 kB
CommitLimit:     1496840 kB
Committed_AS:   22946768 kB
VmallocTotal:     458752 kB
VmallocUsed:       89804 kB
VmallocChunk:     211996 kB
Time pass: 210 sec

---2015-11-18 16:52:34
MemTotal:        1420824 kB
MemFree:           53784 kB
Buffers:            7956 kB
Cached:           584732 kB
SwapCached:            0 kB
Active:           443212 kB
Inactive:         631272 kB
Active(anon):     235460 kB
Inactive(anon):   248780 kB
Active(file):     207752 kB
Inactive(file):   382492 kB
Unevictable:         292 kB
Mlocked:               0 kB
HighTotal:       1001472 kB
HighFree:           5060 kB
LowTotal:         419352 kB
LowFree:           48724 kB
SwapTotal:        786428 kB
SwapFree:         786428 kB
Dirty:                 0 kB
Writeback:             0 kB
AnonPages:        482152 kB
Mapped:           216332 kB
Shmem:              2152 kB
Slab:              43348 kB
SReclaimable:      14996 kB
SUnreclaim:        28352 kB
KernelStack:       10016 kB
PageTables:        16144 kB
NFS_Unstable:          0 kB
Bounce:                0 kB
WritebackTmp:          0 kB
CommitLimit:     1496840 kB
Committed_AS:   22946852 kB
VmallocTotal:     458752 kB
VmallocUsed:       89804 kB
VmallocChunk:     211996 kB
Time pass: 214 sec

---2015-11-18 16:52:34
MemTotal:        1420824 kB
MemFree:           53608 kB
Buffers:            7972 kB
Cached:           584732 kB
SwapCached:            0 kB
Active:           443840 kB
Inactive:         631300 kB
Active(anon):     236088 kB
Inactive(anon):   248792 kB
Active(file):     207752 kB
Inactive(file):   382508 kB
Unevictable:         292 kB
Mlocked:               0 kB
HighTotal:       1001472 kB
HighFree:           5196 kB
LowTotal:         419352 kB
LowFree:           48412 kB
SwapTotal:        786428 kB
SwapFree:         786428 kB
Dirty:                44 kB
Writeback:             0 kB
AnonPages:        482776 kB
Mapped:           216264 kB
Shmem:              2152 kB
Slab:              43312 kB
SReclaimable:      14996 kB
SUnreclaim:        28316 kB
KernelStack:       10000 kB
PageTables:        16148 kB
NFS_Unstable:          0 kB
Bounce:                0 kB
WritebackTmp:          0 kB
CommitLimit:     1496840 kB
Committed_AS:   22946348 kB
VmallocTotal:     458752 kB
VmallocUsed:       89772 kB
VmallocChunk:     211996 kB
Time pass: 218 sec

---2015-11-18 16:52:34
MemTotal:        1420824 kB
MemFree:           54104 kB
Buffers:            7980 kB
Cached:           584732 kB
SwapCached:            0 kB
Active:           443832 kB
Inactive:         631308 kB
Active(anon):     236080 kB
Inactive(anon):   248792 kB
Active(file):     207752 kB
Inactive(file):   382516 kB
Unevictable:         292 kB
Mlocked:               0 kB
HighTotal:       1001472 kB
HighFree:           5260 kB
LowTotal:         419352 kB
LowFree:           48844 kB
SwapTotal:        786428 kB
SwapFree:         786428 kB
Dirty:                28 kB
Writeback:             0 kB
AnonPages:        482708 kB
Mapped:           216284 kB
Shmem:              2152 kB
Slab:              43420 kB
SReclaimable:      14996 kB
SUnreclaim:        28424 kB
KernelStack:       10000 kB
PageTables:        16148 kB
NFS_Unstable:          0 kB
Bounce:                0 kB
WritebackTmp:          0 kB
CommitLimit:     1496840 kB
Committed_AS:   22946420 kB
VmallocTotal:     458752 kB
VmallocUsed:       89772 kB
VmallocChunk:     211996 kB
Time pass: 221 sec

---2015-11-18 16:52:34
MemTotal:        1420824 kB
MemFree:           52804 kB
Buffers:            7996 kB
Cached:           584732 kB
SwapCached:            0 kB
Active:           444308 kB
Inactive:         631324 kB
Active(anon):     236556 kB
Inactive(anon):   248792 kB
Active(file):     207752 kB
Inactive(file):   382532 kB
Unevictable:         292 kB
Mlocked:               0 kB
HighTotal:       1001472 kB
HighFree:           5140 kB
LowTotal:         419352 kB
LowFree:           47664 kB
SwapTotal:        786428 kB
SwapFree:         786428 kB
Dirty:                40 kB
Writeback:             0 kB
AnonPages:        483252 kB
Mapped:           216284 kB
Shmem:              2152 kB
Slab:              43292 kB
SReclaimable:      14996 kB
SUnreclaim:        28296 kB
KernelStack:       10000 kB
PageTables:        16148 kB
NFS_Unstable:          0 kB
Bounce:                0 kB
WritebackTmp:          0 kB
CommitLimit:     1496840 kB
Committed_AS:   22946276 kB
VmallocTotal:     458752 kB
VmallocUsed:       89772 kB
VmallocChunk:     211996 kB
Time pass: 225 sec

---2015-11-18 16:52:34
MemTotal:        1420824 kB
MemFree:           53048 kB
Buffers:            8004 kB
Cached:           584732 kB
SwapCached:            0 kB
Active:           443584 kB
Inactive:         631332 kB
Active(anon):     235832 kB
Inactive(anon):   248792 kB
Active(file):     207752 kB
Inactive(file):   382540 kB
Unevictable:         292 kB
Mlocked:               0 kB
HighTotal:       1001472 kB
HighFree:           5140 kB
LowTotal:         419352 kB
LowFree:           47908 kB
SwapTotal:        786428 kB
SwapFree:         786428 kB
Dirty:                48 kB
Writeback:             0 kB
AnonPages:        482476 kB
Mapped:           216284 kB
Shmem:              2152 kB
Slab:              43432 kB
SReclaimable:      14996 kB
SUnreclaim:        28436 kB
KernelStack:       10008 kB
PageTables:        16140 kB
NFS_Unstable:          0 kB
Bounce:                0 kB
WritebackTmp:          0 kB
CommitLimit:     1496840 kB
Committed_AS:   22946264 kB
VmallocTotal:     458752 kB
VmallocUsed:       89772 kB
VmallocChunk:     211996 kB
Time pass: 228 sec

---2015-11-18 16:52:34
MemTotal:        1420824 kB
MemFree:           54044 kB
Buffers:            8012 kB
Cached:           584724 kB
SwapCached:            0 kB
Active:           442900 kB
Inactive:         631332 kB
Active(anon):     235148 kB
Inactive(anon):   248792 kB
Active(file):     207752 kB
Inactive(file):   382540 kB
Unevictable:         292 kB
Mlocked:               0 kB
HighTotal:       1001472 kB
HighFree:           5888 kB
LowTotal:         419352 kB
LowFree:           48156 kB
SwapTotal:        786428 kB
SwapFree:         786428 kB
Dirty:                 0 kB
Writeback:             0 kB
AnonPages:        481916 kB
Mapped:           216284 kB
Shmem:              2152 kB
Slab:              43308 kB
SReclaimable:      14996 kB
SUnreclaim:        28312 kB
KernelStack:       10008 kB
PageTables:        16152 kB
NFS_Unstable:          0 kB
Bounce:                0 kB
WritebackTmp:          0 kB
CommitLimit:     1496840 kB
Committed_AS:   22945448 kB
VmallocTotal:     458752 kB
VmallocUsed:       89772 kB
VmallocChunk:     211996 kB
Time pass: 232 sec

---2015-11-18 16:52:34
MemTotal:        1420824 kB
MemFree:           53160 kB
Buffers:            8028 kB
Cached:           584732 kB
SwapCached:            0 kB
Active:           443228 kB
Inactive:         631356 kB
Active(anon):     235476 kB
Inactive(anon):   248792 kB
Active(file):     207752 kB
Inactive(file):   382564 kB
Unevictable:         292 kB
Mlocked:               0 kB
HighTotal:       1001472 kB
HighFree:           5620 kB
LowTotal:         419352 kB
LowFree:           47540 kB
SwapTotal:        786428 kB
SwapFree:         786428 kB
Dirty:                60 kB
Writeback:             0 kB
AnonPages:        481988 kB
Mapped:           216284 kB
Shmem:              2152 kB
Slab:              43420 kB
SReclaimable:      14996 kB
SUnreclaim:        28424 kB
KernelStack:       10008 kB
PageTables:        16148 kB
NFS_Unstable:          0 kB
Bounce:                0 kB
WritebackTmp:          0 kB
CommitLimit:     1496840 kB
Committed_AS:   22945816 kB
VmallocTotal:     458752 kB
VmallocUsed:       89772 kB
VmallocChunk:     211996 kB
Time pass: 235 sec

---2015-11-18 16:52:34
MemTotal:        1420824 kB
MemFree:           53504 kB
Buffers:            8028 kB
Cached:           584752 kB
SwapCached:            0 kB
Active:           443400 kB
Inactive:         631376 kB
Active(anon):     235648 kB
Inactive(anon):   248812 kB
Active(file):     207752 kB
Inactive(file):   382564 kB
Unevictable:         292 kB
Mlocked:               0 kB
HighTotal:       1001472 kB
HighFree:           5132 kB
LowTotal:         419352 kB
LowFree:           48372 kB
SwapTotal:        786428 kB
SwapFree:         786428 kB
Dirty:                 0 kB
Writeback:             0 kB
AnonPages:        482240 kB
Mapped:           216304 kB
Shmem:              2172 kB
Slab:              43448 kB
SReclaimable:      14996 kB
SUnreclaim:        28452 kB
KernelStack:       10008 kB
PageTables:        16144 kB
NFS_Unstable:          0 kB
Bounce:                0 kB
WritebackTmp:          0 kB
CommitLimit:     1496840 kB
Committed_AS:   22945912 kB
VmallocTotal:     458752 kB
VmallocUsed:       89772 kB
VmallocChunk:     211996 kB
Time pass: 239 sec

---2015-11-18 16:52:34
MemTotal:        1420824 kB
MemFree:           52504 kB
Buffers:            8052 kB
Cached:           584736 kB
SwapCached:            0 kB
Active:           444172 kB
Inactive:         631384 kB
Active(anon):     236420 kB
Inactive(anon):   248812 kB
Active(file):     207752 kB
Inactive(file):   382572 kB
Unevictable:         292 kB
Mlocked:               0 kB
HighTotal:       1001472 kB
HighFree:           5100 kB
LowTotal:         419352 kB
LowFree:           47404 kB
SwapTotal:        786428 kB
SwapFree:         786428 kB
Dirty:                28 kB
Writeback:             0 kB
AnonPages:        483216 kB
Mapped:           216352 kB
Shmem:              2172 kB
Slab:              43336 kB
SReclaimable:      14996 kB
SUnreclaim:        28340 kB
KernelStack:       10008 kB
PageTables:        16144 kB
NFS_Unstable:          0 kB
Bounce:                0 kB
WritebackTmp:          0 kB
CommitLimit:     1496840 kB
Committed_AS:   22947060 kB
VmallocTotal:     458752 kB
VmallocUsed:       89804 kB
VmallocChunk:     211996 kB
Time pass: 242 sec

---2015-11-18 16:52:34
MemTotal:        1420824 kB
MemFree:           52736 kB
Buffers:            8052 kB
Cached:           584752 kB
SwapCached:            0 kB
Active:           444284 kB
Inactive:         631400 kB
Active(anon):     236532 kB
Inactive(anon):   248812 kB
Active(file):     207752 kB
Inactive(file):   382588 kB
Unevictable:         292 kB
Mlocked:               0 kB
HighTotal:       1001472 kB
HighFree:           5100 kB
LowTotal:         419352 kB
LowFree:           47636 kB
SwapTotal:        786428 kB
SwapFree:         786428 kB
Dirty:                 4 kB
Writeback:             0 kB
AnonPages:        483256 kB
Mapped:           216312 kB
Shmem:              2172 kB
Slab:              43348 kB
SReclaimable:      14996 kB
SUnreclaim:        28352 kB
KernelStack:       10000 kB
PageTables:        16136 kB
NFS_Unstable:          0 kB
Bounce:                0 kB
WritebackTmp:          0 kB
CommitLimit:     1496840 kB
Committed_AS:   22946916 kB
VmallocTotal:     458752 kB
VmallocUsed:       89804 kB
VmallocChunk:     211996 kB
Time pass: 247 sec

---2015-11-18 16:52:34
MemTotal:        1420824 kB
MemFree:           53140 kB
Buffers:            8076 kB
Cached:           584736 kB
SwapCached:            0 kB
Active:           443640 kB
Inactive:         631408 kB
Active(anon):     235888 kB
Inactive(anon):   248812 kB
Active(file):     207752 kB
Inactive(file):   382596 kB
Unevictable:         292 kB
Mlocked:               0 kB
HighTotal:       1001472 kB
HighFree:           5100 kB
LowTotal:         419352 kB
LowFree:           48040 kB
SwapTotal:        786428 kB
SwapFree:         786428 kB
Dirty:                40 kB
Writeback:             0 kB
AnonPages:        482392 kB
Mapped:           216352 kB
Shmem:              2172 kB
Slab:              43588 kB
SReclaimable:      14996 kB
SUnreclaim:        28592 kB
KernelStack:       10008 kB
PageTables:        16148 kB
NFS_Unstable:          0 kB
Bounce:                0 kB
WritebackTmp:          0 kB
CommitLimit:     1496840 kB
Committed_AS:   22945824 kB
VmallocTotal:     458752 kB
VmallocUsed:       89804 kB
VmallocChunk:     211996 kB
Time pass: 250 sec

---2015-11-18 16:52:34
MemTotal:        1420824 kB
MemFree:           52360 kB
Buffers:            8076 kB
Cached:           584752 kB
SwapCached:            0 kB
Active:           444304 kB
Inactive:         631424 kB
Active(anon):     236552 kB
Inactive(anon):   248812 kB
Active(file):     207752 kB
Inactive(file):   382612 kB
Unevictable:         292 kB
Mlocked:               0 kB
HighTotal:       1001472 kB
HighFree:           5100 kB
LowTotal:         419352 kB
LowFree:           47260 kB
SwapTotal:        786428 kB
SwapFree:         786428 kB
Dirty:                36 kB
Writeback:             0 kB
AnonPages:        483404 kB
Mapped:           216352 kB
Shmem:              2172 kB
Slab:              43496 kB
SReclaimable:      14996 kB
SUnreclaim:        28500 kB
KernelStack:       10024 kB
PageTables:        16144 kB
NFS_Unstable:          0 kB
Bounce:                0 kB
WritebackTmp:          0 kB
CommitLimit:     1496840 kB
Committed_AS:   22947000 kB
VmallocTotal:     458752 kB
VmallocUsed:       89804 kB
VmallocChunk:     211996 kB
Time pass: 254 sec

---2015-11-18 16:52:34
MemTotal:        1420824 kB
MemFree:           53124 kB
Buffers:            8084 kB
Cached:           584752 kB
SwapCached:            0 kB
Active:           444092 kB
Inactive:         631412 kB
Active(anon):     236320 kB
Inactive(anon):   248812 kB
Active(file):     207772 kB
Inactive(file):   382600 kB
Unevictable:         292 kB
Mlocked:               0 kB
HighTotal:       1001472 kB
HighFree:           5100 kB
LowTotal:         419352 kB
LowFree:           48024 kB
SwapTotal:        786428 kB
SwapFree:         786428 kB
Dirty:                28 kB
Writeback:             0 kB
AnonPages:        483000 kB
Mapped:           216304 kB
Shmem:              2172 kB
Slab:              43356 kB
SReclaimable:      14996 kB
SUnreclaim:        28360 kB
KernelStack:       10016 kB
PageTables:        16220 kB
NFS_Unstable:          0 kB
Bounce:                0 kB
WritebackTmp:          0 kB
CommitLimit:     1496840 kB
Committed_AS:   22946092 kB
VmallocTotal:     458752 kB
VmallocUsed:       89772 kB
VmallocChunk:     211996 kB
Time pass: 257 sec

---2015-11-18 16:52:34
MemTotal:        1420824 kB
MemFree:           52516 kB
Buffers:            8100 kB
Cached:           584752 kB
SwapCached:            0 kB
Active:           444548 kB
Inactive:         631428 kB
Active(anon):     236776 kB
Inactive(anon):   248812 kB
Active(file):     207772 kB
Inactive(file):   382616 kB
Unevictable:         292 kB
Mlocked:               0 kB
HighTotal:       1001472 kB
HighFree:           5100 kB
LowTotal:         419352 kB
LowFree:           47416 kB
SwapTotal:        786428 kB
SwapFree:         786428 kB
Dirty:                 0 kB
Writeback:             0 kB
AnonPages:        483412 kB
Mapped:           216304 kB
Shmem:              2172 kB
Slab:              43324 kB
SReclaimable:      14996 kB
SUnreclaim:        28328 kB
KernelStack:       10016 kB
PageTables:        16148 kB
NFS_Unstable:          0 kB
Bounce:                0 kB
WritebackTmp:          0 kB
CommitLimit:     1496840 kB
Committed_AS:   22946064 kB
VmallocTotal:     458752 kB
VmallocUsed:       89772 kB
VmallocChunk:     211996 kB
Time pass: 261 sec

---2015-11-18 16:52:34
MemTotal:        1420824 kB
MemFree:           52820 kB
Buffers:            8116 kB
Cached:           584752 kB
SwapCached:            0 kB
Active:           444544 kB
Inactive:         631444 kB
Active(anon):     236772 kB
Inactive(anon):   248812 kB
Active(file):     207772 kB
Inactive(file):   382632 kB
Unevictable:         292 kB
Mlocked:               0 kB
HighTotal:       1001472 kB
HighFree:           5108 kB
LowTotal:         419352 kB
LowFree:           47712 kB
SwapTotal:        786428 kB
SwapFree:         786428 kB
Dirty:                36 kB
Writeback:             0 kB
AnonPages:        483384 kB
Mapped:           216264 kB
Shmem:              2172 kB
Slab:              43408 kB
SReclaimable:      14996 kB
SUnreclaim:        28412 kB
KernelStack:       10000 kB
PageTables:        16132 kB
NFS_Unstable:          0 kB
Bounce:                0 kB
WritebackTmp:          0 kB
CommitLimit:     1496840 kB
Committed_AS:   22945832 kB
VmallocTotal:     458752 kB
VmallocUsed:       89772 kB
VmallocChunk:     211996 kB
Time pass: 265 sec

---2015-11-18 16:52:34
MemTotal:        1420824 kB
MemFree:           53060 kB
Buffers:            8124 kB
Cached:           584744 kB
SwapCached:            0 kB
Active:           443848 kB
Inactive:         631444 kB
Active(anon):     236076 kB
Inactive(anon):   248812 kB
Active(file):     207772 kB
Inactive(file):   382632 kB
Unevictable:         292 kB
Mlocked:               0 kB
HighTotal:       1001472 kB
HighFree:           5124 kB
LowTotal:         419352 kB
LowFree:           47936 kB
SwapTotal:        786428 kB
SwapFree:         786428 kB
Dirty:                 0 kB
Writeback:             0 kB
AnonPages:        482796 kB
Mapped:           216304 kB
Shmem:              2172 kB
Slab:              43340 kB
SReclaimable:      14996 kB
SUnreclaim:        28344 kB
KernelStack:       10016 kB
PageTables:        16144 kB
NFS_Unstable:          0 kB
Bounce:                0 kB
WritebackTmp:          0 kB
CommitLimit:     1496840 kB
Committed_AS:   22946276 kB
VmallocTotal:     458752 kB
VmallocUsed:       89772 kB
VmallocChunk:     211996 kB
Time pass: 269 sec

---2015-11-18 16:52:34
MemTotal:        1420824 kB
MemFree:           52840 kB
Buffers:            8140 kB
Cached:           584752 kB
SwapCached:            0 kB
Active:           444220 kB
Inactive:         631468 kB
Active(anon):     236448 kB
Inactive(anon):   248812 kB
Active(file):     207772 kB
Inactive(file):   382656 kB
Unevictable:         292 kB
Mlocked:               0 kB
HighTotal:       1001472 kB
HighFree:           6096 kB
LowTotal:         419352 kB
LowFree:           46744 kB
SwapTotal:        786428 kB
SwapFree:         786428 kB
Dirty:                44 kB
Writeback:             0 kB
AnonPages:        483072 kB
Mapped:           216352 kB
Shmem:              2172 kB
Slab:              43508 kB
SReclaimable:      14996 kB
SUnreclaim:        28512 kB
KernelStack:       10016 kB
PageTables:        16148 kB
NFS_Unstable:          0 kB
Bounce:                0 kB
WritebackTmp:          0 kB
CommitLimit:     1496840 kB
Committed_AS:   22946424 kB
VmallocTotal:     458752 kB
VmallocUsed:       89804 kB
VmallocChunk:     211996 kB
Time pass: 272 sec

---2015-11-18 16:52:34
MemTotal:        1420824 kB
MemFree:           53096 kB
Buffers:            8148 kB
Cached:           584752 kB
SwapCached:            0 kB
Active:           444004 kB
Inactive:         631468 kB
Active(anon):     236232 kB
Inactive(anon):   248812 kB
Active(file):     207772 kB
Inactive(file):   382656 kB
Unevictable:         292 kB
Mlocked:               0 kB
HighTotal:       1001472 kB
HighFree:           5112 kB
LowTotal:         419352 kB
LowFree:           47984 kB
SwapTotal:        786428 kB
SwapFree:         786428 kB
Dirty:                28 kB
Writeback:             0 kB
AnonPages:        482824 kB
Mapped:           216352 kB
Shmem:              2172 kB
Slab:              43412 kB
SReclaimable:      14996 kB
SUnreclaim:        28416 kB
KernelStack:       10016 kB
PageTables:        16144 kB
NFS_Unstable:          0 kB
Bounce:                0 kB
WritebackTmp:          0 kB
CommitLimit:     1496840 kB
Committed_AS:   22946240 kB
VmallocTotal:     458752 kB
VmallocUsed:       89804 kB
VmallocChunk:     211996 kB
Time pass: 276 sec

---2015-11-18 16:52:34
MemTotal:        1420824 kB
MemFree:           52944 kB
Buffers:            8164 kB
Cached:           584752 kB
SwapCached:            0 kB
Active:           444088 kB
Inactive:         631492 kB
Active(anon):     236316 kB
Inactive(anon):   248812 kB
Active(file):     207772 kB
Inactive(file):   382680 kB
Unevictable:         292 kB
Mlocked:               0 kB
HighTotal:       1001472 kB
HighFree:           5112 kB
LowTotal:         419352 kB
LowFree:           47832 kB
SwapTotal:        786428 kB
SwapFree:         786428 kB
Dirty:                44 kB
Writeback:             0 kB
AnonPages:        483012 kB
Mapped:           216304 kB
Shmem:              2172 kB
Slab:              43348 kB
SReclaimable:      14996 kB
SUnreclaim:        28352 kB
KernelStack:       10016 kB
PageTables:        16144 kB
NFS_Unstable:          0 kB
Bounce:                0 kB
WritebackTmp:          0 kB
CommitLimit:     1496840 kB
Committed_AS:   22946316 kB
VmallocTotal:     458752 kB
VmallocUsed:       89772 kB
VmallocChunk:     211996 kB
Time pass: 279 sec

---2015-11-18 16:52:34
MemTotal:        1420824 kB
MemFree:           52632 kB
Buffers:            8164 kB
Cached:           584752 kB
SwapCached:            0 kB
Active:           444252 kB
Inactive:         631492 kB
Active(anon):     236480 kB
Inactive(anon):   248812 kB
Active(file):     207772 kB
Inactive(file):   382680 kB
Unevictable:         292 kB
Mlocked:               0 kB
HighTotal:       1001472 kB
HighFree:           5104 kB
LowTotal:         419352 kB
LowFree:           47528 kB
SwapTotal:        786428 kB
SwapFree:         786428 kB
Dirty:                 0 kB
Writeback:             0 kB
AnonPages:        483128 kB
Mapped:           216352 kB
Shmem:              2172 kB
Slab:              43396 kB
SReclaimable:      14996 kB
SUnreclaim:        28400 kB
KernelStack:       10016 kB
PageTables:        16148 kB
NFS_Unstable:          0 kB
Bounce:                0 kB
WritebackTmp:          0 kB
CommitLimit:     1496840 kB
Committed_AS:   22946436 kB
VmallocTotal:     458752 kB
VmallocUsed:       89804 kB
VmallocChunk:     211996 kB
Time pass: 283 sec

---2015-11-18 16:52:34
MemTotal:        1420824 kB
MemFree:           52408 kB
Buffers:            8188 kB
Cached:           584736 kB
SwapCached:            0 kB
Active:           444360 kB
Inactive:         631500 kB
Active(anon):     236588 kB
Inactive(anon):   248812 kB
Active(file):     207772 kB
Inactive(file):   382688 kB
Unevictable:         292 kB
Mlocked:               0 kB
HighTotal:       1001472 kB
HighFree:           5096 kB
LowTotal:         419352 kB
LowFree:           47312 kB
SwapTotal:        786428 kB
SwapFree:         786428 kB
Dirty:                28 kB
Writeback:             0 kB
AnonPages:        483284 kB
Mapped:           216352 kB
Shmem:              2172 kB
Slab:              43592 kB
SReclaimable:      14996 kB
SUnreclaim:        28596 kB
KernelStack:       10024 kB
PageTables:        16148 kB
NFS_Unstable:          0 kB
Bounce:                0 kB
WritebackTmp:          0 kB
CommitLimit:     1496840 kB
Committed_AS:   22946328 kB
VmallocTotal:     458752 kB
VmallocUsed:       89804 kB
VmallocChunk:     211996 kB
Time pass: 286 sec

---2015-11-18 16:52:34
MemTotal:        1420824 kB
MemFree:           52216 kB
Buffers:            8188 kB
Cached:           584752 kB
SwapCached:            0 kB
Active:           444568 kB
Inactive:         631516 kB
Active(anon):     236796 kB
Inactive(anon):   248812 kB
Active(file):     207772 kB
Inactive(file):   382704 kB
Unevictable:         292 kB
Mlocked:               0 kB
HighTotal:       1001472 kB
HighFree:           5096 kB
LowTotal:         419352 kB
LowFree:           47120 kB
SwapTotal:        786428 kB
SwapFree:         786428 kB
Dirty:                 0 kB
Writeback:             0 kB
AnonPages:        483452 kB
Mapped:           216304 kB
Shmem:              2172 kB
Slab:              43396 kB
SReclaimable:      14996 kB
SUnreclaim:        28400 kB
KernelStack:       10024 kB
PageTables:        16140 kB
NFS_Unstable:          0 kB
Bounce:                0 kB
WritebackTmp:          0 kB
CommitLimit:     1496840 kB
Committed_AS:   22947580 kB
VmallocTotal:     458752 kB
VmallocUsed:       89772 kB
VmallocChunk:     211996 kB
Time pass: 290 sec

---2015-11-18 16:52:34
MemTotal:        1420824 kB
MemFree:           52244 kB
Buffers:            8196 kB
Cached:           584752 kB
SwapCached:            0 kB
Active:           444548 kB
Inactive:         631524 kB
Active(anon):     236776 kB
Inactive(anon):   248812 kB
Active(file):     207772 kB
Inactive(file):   382712 kB
Unevictable:         292 kB
Mlocked:               0 kB
HighTotal:       1001472 kB
HighFree:           5088 kB
LowTotal:         419352 kB
LowFree:           47156 kB
SwapTotal:        786428 kB
SwapFree:         786428 kB
Dirty:                28 kB
Writeback:             0 kB
AnonPages:        483528 kB
Mapped:           216304 kB
Shmem:              2172 kB
Slab:              43308 kB
SReclaimable:      14996 kB
SUnreclaim:        28312 kB
KernelStack:       10016 kB
PageTables:        16144 kB
NFS_Unstable:          0 kB
Bounce:                0 kB
WritebackTmp:          0 kB
CommitLimit:     1496840 kB
Committed_AS:   22947500 kB
VmallocTotal:     458752 kB
VmallocUsed:       89772 kB
VmallocChunk:     211996 kB
Time pass: 294 sec

---2015-11-18 16:52:34
MemTotal:        1420824 kB
MemFree:           51452 kB
Buffers:            8212 kB
Cached:           584752 kB
SwapCached:            0 kB
Active:           445036 kB
Inactive:         631540 kB
Active(anon):     237264 kB
Inactive(anon):   248812 kB
Active(file):     207772 kB
Inactive(file):   382728 kB
Unevictable:         292 kB
Mlocked:               0 kB
HighTotal:       1001472 kB
HighFree:           5088 kB
LowTotal:         419352 kB
LowFree:           46364 kB
SwapTotal:        786428 kB
SwapFree:         786428 kB
Dirty:                 0 kB
Writeback:             0 kB
AnonPages:        483904 kB
Mapped:           216352 kB
Shmem:              2172 kB
Slab:              43368 kB
SReclaimable:      14996 kB
SUnreclaim:        28372 kB
KernelStack:       10016 kB
PageTables:        16168 kB
NFS_Unstable:          0 kB
Bounce:                0 kB
WritebackTmp:          0 kB
CommitLimit:     1496840 kB
Committed_AS:   22946376 kB
VmallocTotal:     458752 kB
VmallocUsed:       89804 kB
VmallocChunk:     211996 kB
Time pass: 298 sec

---2015-11-18 16:52:34
MemTotal:        1420824 kB
MemFree:           51860 kB
Buffers:            8220 kB
Cached:           584752 kB
SwapCached:            0 kB
Active:           444896 kB
Inactive:         631548 kB
Active(anon):     237124 kB
Inactive(anon):   248812 kB
Active(file):     207772 kB
Inactive(file):   382736 kB
Unevictable:         292 kB
Mlocked:               0 kB
HighTotal:       1001472 kB
HighFree:           5088 kB
LowTotal:         419352 kB
LowFree:           46772 kB
SwapTotal:        786428 kB
SwapFree:         786428 kB
Dirty:                28 kB
Writeback:             0 kB
AnonPages:        483912 kB
Mapped:           216304 kB
Shmem:              2172 kB
Slab:              43328 kB
SReclaimable:      14996 kB
SUnreclaim:        28332 kB
KernelStack:       10008 kB
PageTables:        16148 kB
NFS_Unstable:          0 kB
Bounce:                0 kB
WritebackTmp:          0 kB
CommitLimit:     1496840 kB
Committed_AS:   22946224 kB
VmallocTotal:     458752 kB
VmallocUsed:       89772 kB
VmallocChunk:     211996 kB
Time pass: 301 sec

---2015-11-18 16:52:34
MemTotal:        1420824 kB
MemFree:           51776 kB
Buffers:            8236 kB
Cached:           584752 kB
SwapCached:            0 kB
Active:           445004 kB
Inactive:         631564 kB
Active(anon):     237232 kB
Inactive(anon):   248812 kB
Active(file):     207772 kB
Inactive(file):   382752 kB
Unevictable:         292 kB
Mlocked:               0 kB
HighTotal:       1001472 kB
HighFree:           5088 kB
LowTotal:         419352 kB
LowFree:           46688 kB
SwapTotal:        786428 kB
SwapFree:         786428 kB
Dirty:                 0 kB
Writeback:             0 kB
AnonPages:        483928 kB
Mapped:           216304 kB
Shmem:              2172 kB
Slab:              43420 kB
SReclaimable:      14996 kB
SUnreclaim:        28424 kB
KernelStack:       10008 kB
PageTables:        16144 kB
NFS_Unstable:          0 kB
Bounce:                0 kB
WritebackTmp:          0 kB
CommitLimit:     1496840 kB
Committed_AS:   22946224 kB
VmallocTotal:     458752 kB
VmallocUsed:       89772 kB
VmallocChunk:     211996 kB
Time pass: 305 sec

---2015-11-18 16:52:34
MemTotal:        1420824 kB
MemFree:           52360 kB
Buffers:            8252 kB
Cached:           584752 kB
SwapCached:            0 kB
Active:           444384 kB
Inactive:         631580 kB
Active(anon):     236612 kB
Inactive(anon):   248812 kB
Active(file):     207772 kB
Inactive(file):   382768 kB
Unevictable:         292 kB
Mlocked:               0 kB
HighTotal:       1001472 kB
HighFree:           5360 kB
LowTotal:         419352 kB
LowFree:           47000 kB
SwapTotal:        786428 kB
SwapFree:         786428 kB
Dirty:                44 kB
Writeback:             0 kB
AnonPages:        483348 kB
Mapped:           216304 kB
Shmem:              2172 kB
Slab:              43220 kB
SReclaimable:      14996 kB
SUnreclaim:        28224 kB
KernelStack:       10008 kB
PageTables:        16148 kB
NFS_Unstable:          0 kB
Bounce:                0 kB
WritebackTmp:          0 kB
CommitLimit:     1496840 kB
Committed_AS:   22946284 kB
VmallocTotal:     458752 kB
VmallocUsed:       89772 kB
VmallocChunk:     211996 kB
Time pass: 308 sec

---2015-11-18 16:52:34
MemTotal:        1420824 kB
MemFree:           52104 kB
Buffers:            8260 kB
Cached:           584752 kB
SwapCached:            0 kB
Active:           444380 kB
Inactive:         631580 kB
Active(anon):     236608 kB
Inactive(anon):   248812 kB
Active(file):     207772 kB
Inactive(file):   382768 kB
Unevictable:         292 kB
Mlocked:               0 kB
HighTotal:       1001472 kB
HighFree:           5180 kB
LowTotal:         419352 kB
LowFree:           46924 kB
SwapTotal:        786428 kB
SwapFree:         786428 kB
Dirty:                32 kB
Writeback:             0 kB
AnonPages:        483264 kB
Mapped:           216304 kB
Shmem:              2172 kB
Slab:              43280 kB
SReclaimable:      14996 kB
SUnreclaim:        28284 kB
KernelStack:       10008 kB
PageTables:        16148 kB
NFS_Unstable:          0 kB
Bounce:                0 kB
WritebackTmp:          0 kB
CommitLimit:     1496840 kB
Committed_AS:   22946344 kB
VmallocTotal:     458752 kB
VmallocUsed:       89772 kB
VmallocChunk:     211996 kB
Time pass: 312 sec

---2015-11-18 16:52:34
MemTotal:        1420824 kB
MemFree:           52060 kB
Buffers:            8276 kB
Cached:           584752 kB
SwapCached:            0 kB
Active:           444756 kB
Inactive:         631604 kB
Active(anon):     236984 kB
Inactive(anon):   248812 kB
Active(file):     207772 kB
Inactive(file):   382792 kB
Unevictable:         292 kB
Mlocked:               0 kB
HighTotal:       1001472 kB
HighFree:           5212 kB
LowTotal:         419352 kB
LowFree:           46848 kB
SwapTotal:        786428 kB
SwapFree:         786428 kB
Dirty:                76 kB
Writeback:             0 kB
AnonPages:        483636 kB
Mapped:           216304 kB
Shmem:              2172 kB
Slab:              43484 kB
SReclaimable:      14996 kB
SUnreclaim:        28488 kB
KernelStack:       10016 kB
PageTables:        16152 kB
NFS_Unstable:          0 kB
Bounce:                0 kB
WritebackTmp:          0 kB
CommitLimit:     1496840 kB
Committed_AS:   22946424 kB
VmallocTotal:     458752 kB
VmallocUsed:       89772 kB
VmallocChunk:     211996 kB
Time pass: 315 sec

---2015-11-18 16:52:34
MemTotal:        1420824 kB
MemFree:           51368 kB
Buffers:            8276 kB
Cached:           584752 kB
SwapCached:            0 kB
Active:           444772 kB
Inactive:         631600 kB
Active(anon):     237000 kB
Inactive(anon):   248808 kB
Active(file):     207772 kB
Inactive(file):   382792 kB
Unevictable:         292 kB
Mlocked:               0 kB
HighTotal:       1001472 kB
HighFree:           5088 kB
LowTotal:         419352 kB
LowFree:           46280 kB
SwapTotal:        786428 kB
SwapFree:         786428 kB
Dirty:                 0 kB
Writeback:             0 kB
AnonPages:        483712 kB
Mapped:           216352 kB
Shmem:              2172 kB
Slab:              43484 kB
SReclaimable:      14996 kB
SUnreclaim:        28488 kB
KernelStack:       10016 kB
PageTables:        16148 kB
NFS_Unstable:          0 kB
Bounce:                0 kB
WritebackTmp:          0 kB
CommitLimit:     1496840 kB
Committed_AS:   22946416 kB
VmallocTotal:     458752 kB
VmallocUsed:       89804 kB
VmallocChunk:     211996 kB
Time pass: 319 sec

---2015-11-18 16:52:34
MemTotal:        1420824 kB
MemFree:           51112 kB
Buffers:            8300 kB
Cached:           584736 kB
SwapCached:            0 kB
Active:           444984 kB
Inactive:         631608 kB
Active(anon):     237212 kB
Inactive(anon):   248808 kB
Active(file):     207772 kB
Inactive(file):   382800 kB
Unevictable:         292 kB
Mlocked:               0 kB
HighTotal:       1001472 kB
HighFree:           5104 kB
LowTotal:         419352 kB
LowFree:           46008 kB
SwapTotal:        786428 kB
SwapFree:         786428 kB
Dirty:                40 kB
Writeback:             0 kB
AnonPages:        483848 kB
Mapped:           216352 kB
Shmem:              2172 kB
Slab:              43620 kB
SReclaimable:      14996 kB
SUnreclaim:        28624 kB
KernelStack:       10016 kB
PageTables:        16148 kB
NFS_Unstable:          0 kB
Bounce:                0 kB
WritebackTmp:          0 kB
CommitLimit:     1496840 kB
Committed_AS:   22946408 kB
VmallocTotal:     458752 kB
VmallocUsed:       89804 kB
VmallocChunk:     211996 kB
Time pass: 322 sec

---2015-11-18 16:52:34
MemTotal:        1420824 kB
MemFree:           51672 kB
Buffers:            8300 kB
Cached:           584752 kB
SwapCached:            0 kB
Active:           445720 kB
Inactive:         631624 kB
Active(anon):     237948 kB
Inactive(anon):   248808 kB
Active(file):     207772 kB
Inactive(file):   382816 kB
Unevictable:         292 kB
Mlocked:               0 kB
HighTotal:       1001472 kB
HighFree:           5072 kB
LowTotal:         419352 kB
LowFree:           46600 kB
SwapTotal:        786428 kB
SwapFree:         786428 kB
Dirty:                 0 kB
Writeback:             0 kB
AnonPages:        484672 kB
Mapped:           216308 kB
Shmem:              2172 kB
Slab:              43436 kB
SReclaimable:      14996 kB
SUnreclaim:        28440 kB
KernelStack:       10032 kB
PageTables:        16152 kB
NFS_Unstable:          0 kB
Bounce:                0 kB
WritebackTmp:          0 kB
CommitLimit:     1496840 kB
Committed_AS:   22947636 kB
VmallocTotal:     458752 kB
VmallocUsed:       89772 kB
VmallocChunk:     211996 kB
Time pass: 326 sec

---2015-11-18 16:52:34
MemTotal:        1420824 kB
MemFree:           50464 kB
Buffers:            8324 kB
Cached:           584736 kB
SwapCached:            0 kB
Active:           445972 kB
Inactive:         631632 kB
Active(anon):     238200 kB
Inactive(anon):   248808 kB
Active(file):     207772 kB
Inactive(file):   382824 kB
Unevictable:         292 kB
Mlocked:               0 kB
HighTotal:       1001472 kB
HighFree:           5044 kB
LowTotal:         419352 kB
LowFree:           45420 kB
SwapTotal:        786428 kB
SwapFree:         786428 kB
Dirty:                28 kB
Writeback:             0 kB
AnonPages:        485020 kB
Mapped:           216356 kB
Shmem:              2172 kB
Slab:              43556 kB
SReclaimable:      14996 kB
SUnreclaim:        28560 kB
KernelStack:       10032 kB
PageTables:        16144 kB
NFS_Unstable:          0 kB
Bounce:                0 kB
WritebackTmp:          0 kB
CommitLimit:     1496840 kB
Committed_AS:   22947560 kB
VmallocTotal:     458752 kB
VmallocUsed:       89804 kB
VmallocChunk:     211996 kB
Time pass: 330 sec

---2015-11-18 16:52:34
MemTotal:        1420824 kB
MemFree:           50224 kB
Buffers:            8324 kB
Cached:           584752 kB
SwapCached:            0 kB
Active:           445892 kB
Inactive:         631648 kB
Active(anon):     238120 kB
Inactive(anon):   248808 kB
Active(file):     207772 kB
Inactive(file):   382840 kB
Unevictable:         292 kB
Mlocked:               0 kB
HighTotal:       1001472 kB
HighFree:           5072 kB
LowTotal:         419352 kB
LowFree:           45152 kB
SwapTotal:        786428 kB
SwapFree:         786428 kB
Dirty:                 0 kB
Writeback:             0 kB
AnonPages:        484956 kB
Mapped:           216356 kB
