---2015-11-24 11:46:30
MemTotal:        1860984 kB
MemFree:          266440 kB
Buffers:           11364 kB
Cached:           842624 kB
SwapCached:        33108 kB
Active:           480044 kB
Inactive:         778056 kB
Active(anon):     288864 kB
Inactive(anon):   117848 kB
Active(file):     191180 kB
Inactive(file):   660208 kB
Unevictable:           0 kB
Mlocked:               0 kB
HighTotal:       1436668 kB
HighFree:          50932 kB
LowTotal:         424316 kB
LowFree:          215508 kB
SwapTotal:        716796 kB
SwapFree:         477324 kB
Dirty:                 0 kB
Writeback:             0 kB
AnonPages:        401872 kB
Mapped:           205996 kB
Shmem:              2632 kB
Slab:              44492 kB
SReclaimable:      14524 kB
SUnreclaim:        29968 kB
KernelStack:       10872 kB
PageTables:        23672 kB
NFS_Unstable:          0 kB
Bounce:                0 kB
WritebackTmp:          0 kB
CommitLimit:     1647288 kB
Committed_AS:   55341600 kB
VmallocTotal:     458752 kB
VmallocUsed:      111904 kB
VmallocChunk:     187396 kB
Time pass: 3 sec

---2015-11-24 11:46:30
MemTotal:        1860984 kB
MemFree:          266476 kB
Buffers:           11364 kB
Cached:           842636 kB
SwapCached:        33108 kB
Active:           480008 kB
Inactive:         778072 kB
Active(anon):     288828 kB
Inactive(anon):   117864 kB
Active(file):     191180 kB
Inactive(file):   660208 kB
Unevictable:           0 kB
Mlocked:               0 kB
HighTotal:       1436668 kB
HighFree:          50932 kB
LowTotal:         424316 kB
LowFree:          215544 kB
SwapTotal:        716796 kB
SwapFree:         477328 kB
Dirty:                 0 kB
Writeback:             0 kB
AnonPages:        401848 kB
Mapped:           205996 kB
Shmem:              2632 kB
Slab:              44496 kB
SReclaimable:      14524 kB
SUnreclaim:        29972 kB
KernelStack:       10864 kB
PageTables:        23668 kB
NFS_Unstable:          0 kB
Bounce:                0 kB
WritebackTmp:          0 kB
CommitLimit:     1647288 kB
Committed_AS:   55341600 kB
VmallocTotal:     458752 kB
VmallocUsed:      111904 kB
VmallocChunk:     187396 kB
Time pass: 7 sec

---2015-11-24 11:46:30
MemTotal:        1860984 kB
MemFree:          268908 kB
Buffers:           11364 kB
Cached:           842636 kB
SwapCached:        33112 kB
Active:           477124 kB
Inactive:         776888 kB
Active(anon):     285932 kB
Inactive(anon):   116692 kB
Active(file):     191192 kB
Inactive(file):   660196 kB
Unevictable:           0 kB
Mlocked:               0 kB
HighTotal:       1436668 kB
HighFree:          52916 kB
LowTotal:         424316 kB
LowFree:          215992 kB
SwapTotal:        716796 kB
SwapFree:         473216 kB
Dirty:                 0 kB
Writeback:             0 kB
AnonPages:        397776 kB
Mapped:           205956 kB
Shmem:              2632 kB
Slab:              44512 kB
SReclaimable:      14540 kB
SUnreclaim:        29972 kB
KernelStack:       10880 kB
PageTables:        23680 kB
NFS_Unstable:          0 kB
Bounce:                0 kB
WritebackTmp:          0 kB
CommitLimit:     1647288 kB
Committed_AS:   55341608 kB
VmallocTotal:     458752 kB
VmallocUsed:      111904 kB
VmallocChunk:     187396 kB
Time pass: 10 sec

---2015-11-24 11:46:30
MemTotal:        1860984 kB
MemFree:          268932 kB
Buffers:           11364 kB
Cached:           842636 kB
SwapCached:        33112 kB
Active:           477088 kB
Inactive:         776892 kB
Active(anon):     285896 kB
Inactive(anon):   116696 kB
Active(file):     191192 kB
Inactive(file):   660196 kB
Unevictable:           0 kB
Mlocked:               0 kB
HighTotal:       1436668 kB
HighFree:          52916 kB
LowTotal:         424316 kB
LowFree:          216016 kB
SwapTotal:        716796 kB
SwapFree:         473220 kB
Dirty:                 0 kB
Writeback:             0 kB
AnonPages:        397748 kB
Mapped:           205996 kB
Shmem:              2632 kB
Slab:              44512 kB
SReclaimable:      14540 kB
SUnreclaim:        29972 kB
KernelStack:       10872 kB
PageTables:        23668 kB
NFS_Unstable:          0 kB
Bounce:                0 kB
WritebackTmp:          0 kB
CommitLimit:     1647288 kB
Committed_AS:   55341600 kB
VmallocTotal:     458752 kB
VmallocUsed:      111904 kB
VmallocChunk:     187396 kB
Time pass: 14 sec

---2015-11-24 11:46:30
MemTotal:        1860984 kB
MemFree:          271180 kB
Buffers:           11364 kB
Cached:           842636 kB
SwapCached:        33120 kB
Active:           474168 kB
Inactive:         775668 kB
Active(anon):     282976 kB
Inactive(anon):   115472 kB
Active(file):     191192 kB
Inactive(file):   660196 kB
Unevictable:           0 kB
Mlocked:               0 kB
HighTotal:       1436668 kB
HighFree:          54528 kB
LowTotal:         424316 kB
LowFree:          216652 kB
SwapTotal:        716796 kB
SwapFree:         469068 kB
Dirty:                 0 kB
Writeback:             0 kB
AnonPages:        393604 kB
Mapped:           205996 kB
Shmem:              2632 kB
Slab:              44496 kB
SReclaimable:      14524 kB
SUnreclaim:        29972 kB
KernelStack:       10872 kB
PageTables:        23668 kB
NFS_Unstable:          0 kB
Bounce:                0 kB
WritebackTmp:          0 kB
CommitLimit:     1647288 kB
Committed_AS:   55341600 kB
VmallocTotal:     458752 kB
VmallocUsed:      111904 kB
VmallocChunk:     187396 kB
Time pass: 17 sec

---2015-11-24 11:46:30
MemTotal:        1860984 kB
MemFree:          273588 kB
Buffers:           11364 kB
Cached:           842636 kB
SwapCached:        33120 kB
Active:           471192 kB
Inactive:         774556 kB
Active(anon):     280000 kB
Inactive(anon):   114360 kB
Active(file):     191192 kB
Inactive(file):   660196 kB
Unevictable:           0 kB
Mlocked:               0 kB
HighTotal:       1436668 kB
HighFree:          56388 kB
LowTotal:         424316 kB
LowFree:          217200 kB
SwapTotal:        716796 kB
SwapFree:         464944 kB
Dirty:                 0 kB
Writeback:             0 kB
AnonPages:        389512 kB
Mapped:           205956 kB
Shmem:              2632 kB
Slab:              44560 kB
SReclaimable:      14580 kB
SUnreclaim:        29980 kB
KernelStack:       10872 kB
PageTables:        23680 kB
NFS_Unstable:          0 kB
Bounce:                0 kB
WritebackTmp:          0 kB
CommitLimit:     1647288 kB
Committed_AS:   55341600 kB
VmallocTotal:     458752 kB
VmallocUsed:      111904 kB
VmallocChunk:     187396 kB
Time pass: 21 sec

---2015-11-24 11:46:30
MemTotal:        1860984 kB
MemFree:          212424 kB
Buffers:           11396 kB
Cached:           842772 kB
SwapCached:        36460 kB
Active:           492584 kB
Inactive:         779688 kB
Active(anon):     300896 kB
Inactive(anon):   119952 kB
Active(file):     191688 kB
Inactive(file):   659736 kB
Unevictable:           0 kB
Mlocked:               0 kB
HighTotal:       1436668 kB
HighFree:          13564 kB
LowTotal:         424316 kB
LowFree:          198860 kB
SwapTotal:        716796 kB
SwapFree:         467072 kB
Dirty:               848 kB
Writeback:             0 kB
AnonPages:        415424 kB
Mapped:           227280 kB
Shmem:              2764 kB
Slab:              44620 kB
SReclaimable:      14548 kB
SUnreclaim:        30072 kB
KernelStack:       11336 kB
PageTables:        24340 kB
NFS_Unstable:          0 kB
Bounce:                0 kB
WritebackTmp:          0 kB
CommitLimit:     1647288 kB
Committed_AS:   56200520 kB
VmallocTotal:     458752 kB
VmallocUsed:      113084 kB
VmallocChunk:     187396 kB
Time pass: 25 sec

---2015-11-24 11:46:30
MemTotal:        1860984 kB
MemFree:          158420 kB
Buffers:           11404 kB
Cached:           842840 kB
SwapCached:        37056 kB
Active:           493772 kB
Inactive:         780448 kB
Active(anon):     301500 kB
Inactive(anon):   121220 kB
Active(file):     192272 kB
Inactive(file):   659228 kB
Unevictable:           0 kB
Mlocked:               0 kB
HighTotal:       1436668 kB
HighFree:           3932 kB
LowTotal:         424316 kB
LowFree:          154488 kB
SwapTotal:        716796 kB
SwapFree:         463348 kB
Dirty:               268 kB
Writeback:             0 kB
AnonPages:        417540 kB
Mapped:           232564 kB
Shmem:              2764 kB
Slab:              44644 kB
SReclaimable:      14548 kB
SUnreclaim:        30096 kB
KernelStack:       11384 kB
PageTables:        24468 kB
NFS_Unstable:          0 kB
Bounce:                0 kB
WritebackTmp:          0 kB
CommitLimit:     1647288 kB
Committed_AS:   56205116 kB
VmallocTotal:     458752 kB
VmallocUsed:      113368 kB
VmallocChunk:     187396 kB
Time pass: 29 sec

---2015-11-24 11:46:30
MemTotal:        1860984 kB
MemFree:          125648 kB
Buffers:           11404 kB
Cached:           842844 kB
SwapCached:        37056 kB
Active:           493072 kB
Inactive:         780444 kB
Active(anon):     300796 kB
Inactive(anon):   121216 kB
Active(file):     192276 kB
Inactive(file):   659228 kB
Unevictable:           0 kB
Mlocked:               0 kB
HighTotal:       1436668 kB
HighFree:           5380 kB
LowTotal:         424316 kB
LowFree:          120268 kB
SwapTotal:        716796 kB
SwapFree:         463348 kB
Dirty:               280 kB
Writeback:             0 kB
AnonPages:        416648 kB
Mapped:           234744 kB
Shmem:              2764 kB
Slab:              44596 kB
SReclaimable:      14548 kB
SUnreclaim:        30048 kB
KernelStack:       11344 kB
PageTables:        24532 kB
NFS_Unstable:          0 kB
Bounce:                0 kB
WritebackTmp:          0 kB
CommitLimit:     1647288 kB
Committed_AS:   56204236 kB
VmallocTotal:     458752 kB
VmallocUsed:      113532 kB
VmallocChunk:     187396 kB
Time pass: 32 sec

---2015-11-24 11:46:30
MemTotal:        1860984 kB
MemFree:           73496 kB
Buffers:           11412 kB
Cached:           843908 kB
SwapCached:        39332 kB
Active:           501464 kB
Inactive:         787476 kB
Active(anon):     309028 kB
Inactive(anon):   127336 kB
Active(file):     192436 kB
Inactive(file):   660140 kB
Unevictable:           0 kB
Mlocked:               0 kB
HighTotal:       1436668 kB
HighFree:           3412 kB
LowTotal:         424316 kB
LowFree:           70084 kB
SwapTotal:        716796 kB
SwapFree:         463988 kB
Dirty:                 8 kB
Writeback:             0 kB
AnonPages:        430648 kB
Mapped:           238272 kB
Shmem:              2764 kB
Slab:              44632 kB
SReclaimable:      14580 kB
SUnreclaim:        30052 kB
KernelStack:       11384 kB
PageTables:        24728 kB
NFS_Unstable:          0 kB
Bounce:                0 kB
WritebackTmp:          0 kB
CommitLimit:     1647288 kB
Committed_AS:   56210672 kB
VmallocTotal:     458752 kB
VmallocUsed:      113636 kB
VmallocChunk:     187396 kB
Time pass: 36 sec

---2015-11-24 11:46:30
MemTotal:        1860984 kB
MemFree:           67164 kB
Buffers:           11420 kB
Cached:           843908 kB
SwapCached:        39360 kB
Active:           502016 kB
Inactive:         787528 kB
Active(anon):     309592 kB
Inactive(anon):   127368 kB
Active(file):     192424 kB
Inactive(file):   660160 kB
Unevictable:           0 kB
Mlocked:               0 kB
HighTotal:       1436668 kB
HighFree:           2464 kB
LowTotal:         424316 kB
LowFree:           64700 kB
SwapTotal:        716796 kB
SwapFree:         464012 kB
Dirty:                48 kB
Writeback:             0 kB
AnonPages:        431460 kB
Mapped:           238464 kB
Shmem:              2764 kB
Slab:              44780 kB
SReclaimable:      14572 kB
SUnreclaim:        30208 kB
KernelStack:       11464 kB
PageTables:        24744 kB
NFS_Unstable:          0 kB
Bounce:                0 kB
WritebackTmp:          0 kB
CommitLimit:     1647288 kB
Committed_AS:   56210616 kB
VmallocTotal:     458752 kB
VmallocUsed:      113636 kB
VmallocChunk:     187396 kB
Time pass: 39 sec

---2015-11-24 11:46:30
MemTotal:        1860984 kB
MemFree:           92128 kB
Buffers:           11420 kB
Cached:           844400 kB
SwapCached:        39336 kB
Active:           503480 kB
Inactive:         787476 kB
Active(anon):     310964 kB
Inactive(anon):   126884 kB
Active(file):     192516 kB
Inactive(file):   660592 kB
Unevictable:           0 kB
Mlocked:               0 kB
HighTotal:       1436668 kB
HighFree:           3640 kB
LowTotal:         424316 kB
LowFree:           88488 kB
SwapTotal:        716796 kB
SwapFree:         459920 kB
Dirty:                88 kB
Writeback:             0 kB
AnonPages:        432260 kB
Mapped:           239328 kB
Shmem:              2764 kB
Slab:              44748 kB
SReclaimable:      14596 kB
SUnreclaim:        30152 kB
KernelStack:       11520 kB
PageTables:        24696 kB
NFS_Unstable:          0 kB
Bounce:                0 kB
WritebackTmp:          0 kB
CommitLimit:     1647288 kB
Committed_AS:   56215592 kB
VmallocTotal:     458752 kB
VmallocUsed:      113568 kB
VmallocChunk:     187396 kB
Time pass: 43 sec

---2015-11-24 11:46:30
MemTotal:        1860984 kB
MemFree:           30948 kB
Buffers:           11444 kB
Cached:           846616 kB
SwapCached:        39488 kB
Active:           521920 kB
Inactive:         789360 kB
Active(anon):     329112 kB
Inactive(anon):   126876 kB
Active(file):     192808 kB
Inactive(file):   662484 kB
Unevictable:           0 kB
Mlocked:               0 kB
HighTotal:       1436668 kB
HighFree:           2552 kB
LowTotal:         424316 kB
LowFree:           28396 kB
SwapTotal:        716796 kB
SwapFree:         460008 kB
Dirty:                16 kB
Writeback:             0 kB
AnonPages:        450336 kB
Mapped:           243856 kB
Shmem:              2764 kB
Slab:              45120 kB
SReclaimable:      14720 kB
SUnreclaim:        30400 kB
KernelStack:       11448 kB
PageTables:        24772 kB
NFS_Unstable:          0 kB
Bounce:                0 kB
WritebackTmp:          0 kB
CommitLimit:     1647288 kB
Committed_AS:   56234220 kB
VmallocTotal:     458752 kB
VmallocUsed:      113780 kB
VmallocChunk:     187396 kB
Time pass: 47 sec

---2015-11-24 11:46:30
MemTotal:        1860984 kB
MemFree:           36292 kB
Buffers:           11216 kB
Cached:           840184 kB
SwapCached:        39488 kB
Active:           512412 kB
Inactive:         783980 kB
Active(anon):     315340 kB
Inactive(anon):   133276 kB
Active(file):     197072 kB
Inactive(file):   650704 kB
Unevictable:         860 kB
Mlocked:               0 kB
HighTotal:       1436668 kB
HighFree:           3000 kB
LowTotal:         424316 kB
LowFree:           33292 kB
SwapTotal:        716796 kB
SwapFree:         460008 kB
Dirty:               108 kB
Writeback:             0 kB
AnonPages:        442852 kB
Mapped:           249460 kB
Shmem:              2764 kB
Slab:              45052 kB
SReclaimable:      14704 kB
SUnreclaim:        30348 kB
KernelStack:       11424 kB
PageTables:        24816 kB
NFS_Unstable:          0 kB
Bounce:                0 kB
WritebackTmp:          0 kB
CommitLimit:     1647288 kB
Committed_AS:   56227576 kB
VmallocTotal:     458752 kB
VmallocUsed:      113820 kB
VmallocChunk:     187396 kB
Time pass: 51 sec

---2015-11-24 11:46:30
MemTotal:        1860984 kB
MemFree:           38856 kB
Buffers:           11216 kB
Cached:           840184 kB
SwapCached:        39396 kB
Active:           508284 kB
Inactive:         783984 kB
Active(anon):     311212 kB
Inactive(anon):   133276 kB
Active(file):     197072 kB
Inactive(file):   650708 kB
Unevictable:         860 kB
Mlocked:               0 kB
HighTotal:       1436668 kB
HighFree:           4116 kB
LowTotal:         424316 kB
LowFree:           34740 kB
SwapTotal:        716796 kB
SwapFree:         455980 kB
Dirty:                92 kB
Writeback:             0 kB
AnonPages:        438760 kB
Mapped:           249444 kB
Shmem:              2764 kB
Slab:              45088 kB
SReclaimable:      14744 kB
SUnreclaim:        30344 kB
KernelStack:       11424 kB
PageTables:        24816 kB
NFS_Unstable:          0 kB
Bounce:                0 kB
WritebackTmp:          0 kB
CommitLimit:     1647288 kB
Committed_AS:   56227576 kB
VmallocTotal:     458752 kB
VmallocUsed:      113820 kB
VmallocChunk:     187396 kB
Time pass: 54 sec

---2015-11-24 11:46:30
MemTotal:        1860984 kB
MemFree:           38856 kB
Buffers:           11224 kB
Cached:           840176 kB
SwapCached:        39396 kB
Active:           508356 kB
Inactive:         783984 kB
Active(anon):     311284 kB
Inactive(anon):   133276 kB
Active(file):     197072 kB
Inactive(file):   650708 kB
Unevictable:         860 kB
Mlocked:               0 kB
HighTotal:       1436668 kB
HighFree:           4116 kB
LowTotal:         424316 kB
LowFree:           34740 kB
SwapTotal:        716796 kB
SwapFree:         455980 kB
Dirty:                 0 kB
Writeback:             0 kB
AnonPages:        438788 kB
Mapped:           249444 kB
Shmem:              2764 kB
Slab:              45088 kB
SReclaimable:      14744 kB
SUnreclaim:        30344 kB
KernelStack:       11424 kB
PageTables:        24812 kB
NFS_Unstable:          0 kB
Bounce:                0 kB
WritebackTmp:          0 kB
CommitLimit:     1647288 kB
Committed_AS:   56227576 kB
VmallocTotal:     458752 kB
VmallocUsed:      113820 kB
VmallocChunk:     187396 kB
Time pass: 58 sec

---2015-11-24 11:46:30
MemTotal:        1860984 kB
MemFree:           41624 kB
Buffers:           11224 kB
Cached:           840184 kB
SwapCached:        39396 kB
Active:           505896 kB
Inactive:         782376 kB
Active(anon):     308824 kB
Inactive(anon):   131660 kB
Active(file):     197072 kB
Inactive(file):   650716 kB
Unevictable:         860 kB
Mlocked:               0 kB
HighTotal:       1436668 kB
HighFree:           4860 kB
LowTotal:         424316 kB
LowFree:           36764 kB
SwapTotal:        716796 kB
SwapFree:         451876 kB
Dirty:                 0 kB
Writeback:             0 kB
AnonPages:        434704 kB
Mapped:           249404 kB
Shmem:              2764 kB
Slab:              45048 kB
SReclaimable:      14704 kB
SUnreclaim:        30344 kB
KernelStack:       11408 kB
PageTables:        24800 kB
NFS_Unstable:          0 kB
Bounce:                0 kB
WritebackTmp:          0 kB
CommitLimit:     1647288 kB
Committed_AS:   56227576 kB
VmallocTotal:     458752 kB
VmallocUsed:      113820 kB
VmallocChunk:     187396 kB
Time pass: 62 sec

---2015-11-24 11:46:30
MemTotal:        1860984 kB
MemFree:           41624 kB
Buffers:           11224 kB
Cached:           840184 kB
SwapCached:        39396 kB
Active:           505932 kB
Inactive:         782376 kB
Active(anon):     308860 kB
Inactive(anon):   131660 kB
Active(file):     197072 kB
Inactive(file):   650716 kB
Unevictable:         860 kB
Mlocked:               0 kB
HighTotal:       1436668 kB
HighFree:           4860 kB
LowTotal:         424316 kB
LowFree:           36764 kB
SwapTotal:        716796 kB
SwapFree:         451876 kB
Dirty:                 0 kB
Writeback:             0 kB
AnonPages:        434748 kB
Mapped:           249444 kB
Shmem:              2764 kB
Slab:              45048 kB
SReclaimable:      14704 kB
SUnreclaim:        30344 kB
KernelStack:       11424 kB
PageTables:        24816 kB
NFS_Unstable:          0 kB
Bounce:                0 kB
WritebackTmp:          0 kB
CommitLimit:     1647288 kB
Committed_AS:   56227576 kB
VmallocTotal:     458752 kB
VmallocUsed:      113820 kB
VmallocChunk:     187396 kB
Time pass: 66 sec

---2015-11-24 11:46:30
MemTotal:        1860984 kB
MemFree:           44520 kB
Buffers:           11224 kB
Cached:           840184 kB
SwapCached:        39396 kB
Active:           503188 kB
Inactive:         780980 kB
Active(anon):     306116 kB
Inactive(anon):   130264 kB
Active(file):     197072 kB
Inactive(file):   650716 kB
Unevictable:         860 kB
Mlocked:               0 kB
HighTotal:       1436668 kB
HighFree:           5852 kB
LowTotal:         424316 kB
LowFree:           38668 kB
SwapTotal:        716796 kB
SwapFree:         447756 kB
Dirty:                 0 kB
Writeback:             0 kB
AnonPages:        430652 kB
Mapped:           249444 kB
Shmem:              2764 kB
Slab:              45112 kB
SReclaimable:      14768 kB
SUnreclaim:        30344 kB
KernelStack:       11424 kB
PageTables:        24816 kB
NFS_Unstable:          0 kB
Bounce:                0 kB
WritebackTmp:          0 kB
CommitLimit:     1647288 kB
Committed_AS:   56227576 kB
VmallocTotal:     458752 kB
VmallocUsed:      113820 kB
VmallocChunk:     187396 kB
Time pass: 69 sec

---2015-11-24 11:46:30
MemTotal:        1860984 kB
MemFree:           44536 kB
Buffers:           11224 kB
Cached:           840184 kB
SwapCached:        39396 kB
Active:           503244 kB
Inactive:         780980 kB
Active(anon):     306172 kB
Inactive(anon):   130264 kB
Active(file):     197072 kB
Inactive(file):   650716 kB
Unevictable:         860 kB
Mlocked:               0 kB
HighTotal:       1436668 kB
HighFree:           5852 kB
LowTotal:         424316 kB
LowFree:           38684 kB
SwapTotal:        716796 kB
SwapFree:         447756 kB
Dirty:                 0 kB
Writeback:             0 kB
AnonPages:        430676 kB
Mapped:           249444 kB
Shmem:              2764 kB
Slab:              45112 kB
SReclaimable:      14768 kB
SUnreclaim:        30344 kB
KernelStack:       11424 kB
PageTables:        24816 kB
NFS_Unstable:          0 kB
Bounce:                0 kB
WritebackTmp:          0 kB
CommitLimit:     1647288 kB
Committed_AS:   56227576 kB
VmallocTotal:     458752 kB
VmallocUsed:      113820 kB
VmallocChunk:     187396 kB
Time pass: 73 sec

---2015-11-24 11:46:30
MemTotal:        1860984 kB
MemFree:           41932 kB
Buffers:           11224 kB
Cached:           840180 kB
SwapCached:        40932 kB
Active:           503592 kB
Inactive:         783192 kB
Active(anon):     306520 kB
Inactive(anon):   132476 kB
Active(file):     197072 kB
Inactive(file):   650716 kB
Unevictable:         860 kB
Mlocked:               0 kB
HighTotal:       1436668 kB
HighFree:           3248 kB
LowTotal:         424316 kB
LowFree:           38684 kB
SwapTotal:        716796 kB
SwapFree:         448772 kB
Dirty:                 0 kB
Writeback:             0 kB
AnonPages:        433272 kB
Mapped:           249440 kB
Shmem:              2760 kB
Slab:              45112 kB
SReclaimable:      14768 kB
SUnreclaim:        30344 kB
KernelStack:       11424 kB
PageTables:        24812 kB
NFS_Unstable:          0 kB
Bounce:                0 kB
WritebackTmp:          0 kB
CommitLimit:     1647288 kB
Committed_AS:   56225528 kB
VmallocTotal:     458752 kB
VmallocUsed:      113820 kB
VmallocChunk:     187396 kB
Time pass: 76 sec

---2015-11-24 11:46:30
MemTotal:        1860984 kB
MemFree:           41916 kB
Buffers:           11224 kB
Cached:           840180 kB
SwapCached:        40932 kB
Active:           503652 kB
Inactive:         783208 kB
Active(anon):     306580 kB
Inactive(anon):   132492 kB
Active(file):     197072 kB
Inactive(file):   650716 kB
Unevictable:         860 kB
Mlocked:               0 kB
HighTotal:       1436668 kB
HighFree:           3248 kB
LowTotal:         424316 kB
LowFree:           38668 kB
SwapTotal:        716796 kB
SwapFree:         448792 kB
Dirty:                 0 kB
Writeback:             0 kB
AnonPages:        433304 kB
Mapped:           249440 kB
Shmem:              2760 kB
Slab:              45112 kB
SReclaimable:      14768 kB
SUnreclaim:        30344 kB
KernelStack:       11424 kB
PageTables:        24812 kB
NFS_Unstable:          0 kB
Bounce:                0 kB
WritebackTmp:          0 kB
CommitLimit:     1647288 kB
Committed_AS:   56225528 kB
VmallocTotal:     458752 kB
VmallocUsed:      113820 kB
VmallocChunk:     187396 kB
Time pass: 80 sec

---2015-11-24 11:46:30
MemTotal:        1860984 kB
MemFree:           44832 kB
Buffers:           11224 kB
Cached:           840152 kB
SwapCached:        41424 kB
Active:           502636 kB
Inactive:         780208 kB
Active(anon):     305564 kB
Inactive(anon):   129492 kB
Active(file):     197072 kB
Inactive(file):   650716 kB
Unevictable:         860 kB
Mlocked:               0 kB
HighTotal:       1436668 kB
HighFree:           4488 kB
LowTotal:         424316 kB
LowFree:           40344 kB
SwapTotal:        716796 kB
SwapFree:         444700 kB
Dirty:                 0 kB
Writeback:             0 kB
AnonPages:        429332 kB
Mapped:           249440 kB
Shmem:              2760 kB
Slab:              45056 kB
SReclaimable:      14712 kB
SUnreclaim:        30344 kB
KernelStack:       11424 kB
PageTables:        24812 kB
NFS_Unstable:          0 kB
Bounce:                0 kB
WritebackTmp:          0 kB
CommitLimit:     1647288 kB
Committed_AS:   56225460 kB
VmallocTotal:     458752 kB
VmallocUsed:      113820 kB
VmallocChunk:     187396 kB
Time pass: 84 sec

---2015-11-24 11:46:30
MemTotal:        1860984 kB
MemFree:           44848 kB
Buffers:           11224 kB
Cached:           840180 kB
SwapCached:        41424 kB
Active:           502660 kB
Inactive:         780296 kB
Active(anon):     305588 kB
Inactive(anon):   129580 kB
Active(file):     197072 kB
Inactive(file):   650716 kB
Unevictable:         860 kB
Mlocked:               0 kB
HighTotal:       1436668 kB
HighFree:           4488 kB
LowTotal:         424316 kB
LowFree:           40360 kB
SwapTotal:        716796 kB
SwapFree:         444760 kB
Dirty:                 0 kB
Writeback:             0 kB
AnonPages:        429444 kB
Mapped:           249440 kB
Shmem:              2760 kB
Slab:              45056 kB
SReclaimable:      14712 kB
SUnreclaim:        30344 kB
KernelStack:       11416 kB
PageTables:        24808 kB
NFS_Unstable:          0 kB
Bounce:                0 kB
WritebackTmp:          0 kB
CommitLimit:     1647288 kB
Committed_AS:   56225460 kB
VmallocTotal:     458752 kB
VmallocUsed:      113820 kB
VmallocChunk:     187396 kB
Time pass: 88 sec

---2015-11-24 11:46:30
MemTotal:        1860984 kB
MemFree:           44724 kB
Buffers:           11224 kB
Cached:           840180 kB
SwapCached:        41424 kB
Active:           502704 kB
Inactive:         780308 kB
Active(anon):     305632 kB
Inactive(anon):   129592 kB
Active(file):     197072 kB
Inactive(file):   650716 kB
Unevictable:         860 kB
Mlocked:               0 kB
HighTotal:       1436668 kB
HighFree:           4364 kB
LowTotal:         424316 kB
LowFree:           40360 kB
SwapTotal:        716796 kB
SwapFree:         444772 kB
Dirty:                 0 kB
Writeback:             0 kB
AnonPages:        429448 kB
Mapped:           249400 kB
Shmem:              2760 kB
Slab:              45056 kB
SReclaimable:      14712 kB
SUnreclaim:        30344 kB
KernelStack:       11400 kB
PageTables:        24792 kB
NFS_Unstable:          0 kB
Bounce:                0 kB
WritebackTmp:          0 kB
CommitLimit:     1647288 kB
Committed_AS:   56225460 kB
VmallocTotal:     458752 kB
VmallocUsed:      113820 kB
VmallocChunk:     187396 kB
Time pass: 91 sec

---2015-11-24 11:46:30
MemTotal:        1860984 kB
MemFree:           47188 kB
Buffers:           11224 kB
Cached:           840180 kB
SwapCached:        41096 kB
Active:           499884 kB
Inactive:         778956 kB
Active(anon):     302812 kB
Inactive(anon):   128240 kB
Active(file):     197072 kB
Inactive(file):   650716 kB
Unevictable:         860 kB
Mlocked:               0 kB
HighTotal:       1436668 kB
HighFree:           5976 kB
LowTotal:         424316 kB
LowFree:           41212 kB
SwapTotal:        716796 kB
SwapFree:         440956 kB
Dirty:                 0 kB
Writeback:             0 kB
AnonPages:        425660 kB
Mapped:           249440 kB
Shmem:              2760 kB
Slab:              45056 kB
SReclaimable:      14712 kB
SUnreclaim:        30344 kB
KernelStack:       11416 kB
PageTables:        24812 kB
NFS_Unstable:          0 kB
Bounce:                0 kB
WritebackTmp:          0 kB
CommitLimit:     1647288 kB
Committed_AS:   56225460 kB
VmallocTotal:     458752 kB
VmallocUsed:      113820 kB
VmallocChunk:     187396 kB
Time pass: 95 sec

---2015-11-24 11:46:30
MemTotal:        1860984 kB
MemFree:           47204 kB
Buffers:           11224 kB
Cached:           840180 kB
SwapCached:        41096 kB
Active:           499920 kB
Inactive:         778956 kB
Active(anon):     302848 kB
Inactive(anon):   128240 kB
Active(file):     197072 kB
Inactive(file):   650716 kB
Unevictable:         860 kB
Mlocked:               0 kB
HighTotal:       1436668 kB
HighFree:           5976 kB
LowTotal:         424316 kB
LowFree:           41228 kB
SwapTotal:        716796 kB
SwapFree:         440956 kB
Dirty:                 0 kB
Writeback:             0 kB
AnonPages:        425668 kB
Mapped:           249440 kB
Shmem:              2760 kB
Slab:              45056 kB
SReclaimable:      14712 kB
SUnreclaim:        30344 kB
KernelStack:       11416 kB
PageTables:        24808 kB
NFS_Unstable:          0 kB
Bounce:                0 kB
WritebackTmp:          0 kB
CommitLimit:     1647288 kB
Committed_AS:   56225460 kB
VmallocTotal:     458752 kB
VmallocUsed:      113820 kB
VmallocChunk:     187396 kB
Time pass: 99 sec

---2015-11-24 11:46:30
MemTotal:        1860984 kB
MemFree:           49552 kB
Buffers:           11224 kB
Cached:           840180 kB
SwapCached:        41092 kB
Active:           496932 kB
Inactive:         777768 kB
Active(anon):     299860 kB
Inactive(anon):   127052 kB
Active(file):     197072 kB
Inactive(file):   650716 kB
Unevictable:         860 kB
Mlocked:               0 kB
HighTotal:       1436668 kB
HighFree:           7712 kB
LowTotal:         424316 kB
LowFree:           41840 kB
SwapTotal:        716796 kB
SwapFree:         436808 kB
Dirty:                 0 kB
Writeback:             0 kB
AnonPages:        421528 kB
Mapped:           249440 kB
Shmem:              2760 kB
Slab:              45056 kB
SReclaimable:      14712 kB
SUnreclaim:        30344 kB
KernelStack:       11408 kB
PageTables:        24808 kB
NFS_Unstable:          0 kB
Bounce:                0 kB
WritebackTmp:          0 kB
CommitLimit:     1647288 kB
Committed_AS:   56225436 kB
VmallocTotal:     458752 kB
VmallocUsed:      113820 kB
VmallocChunk:     187396 kB
Time pass: 103 sec

---2015-11-24 11:46:30
MemTotal:        1860984 kB
MemFree:           42204 kB
Buffers:           11224 kB
Cached:           841336 kB
SwapCached:        42008 kB
Active:           500656 kB
Inactive:         780284 kB
Active(anon):     303396 kB
Inactive(anon):   128592 kB
Active(file):     197260 kB
Inactive(file):   651692 kB
Unevictable:         860 kB
Mlocked:               0 kB
HighTotal:       1436668 kB
HighFree:           2512 kB
LowTotal:         424316 kB
LowFree:           39692 kB
SwapTotal:        716796 kB
SwapFree:         437756 kB
Dirty:               280 kB
Writeback:             0 kB
AnonPages:        426808 kB
Mapped:           249584 kB
Shmem:              2760 kB
Slab:              45468 kB
SReclaimable:      15088 kB
SUnreclaim:        30380 kB
KernelStack:       11392 kB
PageTables:        24792 kB
NFS_Unstable:          0 kB
Bounce:                0 kB
WritebackTmp:          0 kB
CommitLimit:     1647288 kB
Committed_AS:   56227820 kB
VmallocTotal:     458752 kB
VmallocUsed:      113840 kB
VmallocChunk:     187396 kB
Time pass: 106 sec

---2015-11-24 11:46:30
MemTotal:        1860984 kB
MemFree:           39156 kB
Buffers:           11240 kB
Cached:           842012 kB
SwapCached:        42208 kB
Active:           500236 kB
Inactive:         779344 kB
Active(anon):     302180 kB
Inactive(anon):   127748 kB
Active(file):     198056 kB
Inactive(file):   651596 kB
Unevictable:         860 kB
Mlocked:               0 kB
HighTotal:       1436668 kB
HighFree:           2576 kB
LowTotal:         424316 kB
LowFree:           36580 kB
SwapTotal:        716796 kB
SwapFree:         434184 kB
Dirty:                28 kB
Writeback:             0 kB
AnonPages:        424624 kB
Mapped:           249568 kB
Shmem:              2760 kB
Slab:              46312 kB
SReclaimable:      15704 kB
SUnreclaim:        30608 kB
KernelStack:       11472 kB
PageTables:        24808 kB
NFS_Unstable:          0 kB
Bounce:                0 kB
WritebackTmp:          0 kB
CommitLimit:     1647288 kB
Committed_AS:   56226024 kB
VmallocTotal:     458752 kB
VmallocUsed:      113820 kB
VmallocChunk:     187396 kB
Time pass: 110 sec

---2015-11-24 11:46:30
MemTotal:        1860984 kB
MemFree:          274324 kB
Buffers:           11248 kB
Cached:           841924 kB
SwapCached:        42324 kB
Active:           478676 kB
Inactive:         753160 kB
Active(anon):     255512 kB
Inactive(anon):   126636 kB
Active(file):     223164 kB
Inactive(file):   626524 kB
Unevictable:         860 kB
Mlocked:               0 kB
HighTotal:       1436668 kB
HighFree:          65584 kB
LowTotal:         424316 kB
LowFree:          208740 kB
SwapTotal:        716796 kB
SwapFree:         430180 kB
Dirty:                72 kB
Writeback:             0 kB
AnonPages:        376816 kB
Mapped:           207424 kB
Shmem:              2628 kB
Slab:              47072 kB
SReclaimable:      16592 kB
SUnreclaim:        30480 kB
KernelStack:       10928 kB
PageTables:        23756 kB
NFS_Unstable:          0 kB
Bounce:                0 kB
WritebackTmp:          0 kB
CommitLimit:     1647288 kB
Committed_AS:   55345320 kB
VmallocTotal:     458752 kB
VmallocUsed:      112012 kB
VmallocChunk:     187396 kB
Time pass: 113 sec

---2015-11-24 11:46:30
MemTotal:        1860984 kB
MemFree:          269952 kB
Buffers:           11256 kB
Cached:           842168 kB
SwapCached:        42340 kB
Active:           478912 kB
Inactive:         752168 kB
Active(anon):     255736 kB
Inactive(anon):   125424 kB
Active(file):     223176 kB
Inactive(file):   626744 kB
Unevictable:         860 kB
Mlocked:               0 kB
HighTotal:       1436668 kB
HighFree:          63508 kB
LowTotal:         424316 kB
LowFree:          206444 kB
SwapTotal:        716796 kB
SwapFree:         429220 kB
Dirty:               260 kB
Writeback:             0 kB
AnonPages:        376240 kB
Mapped:           206728 kB
Shmem:              2628 kB
Slab:              48404 kB
SReclaimable:      17768 kB
SUnreclaim:        30636 kB
KernelStack:       11024 kB
PageTables:        23784 kB
NFS_Unstable:          0 kB
Bounce:                0 kB
WritebackTmp:          0 kB
CommitLimit:     1647288 kB
Committed_AS:   55345200 kB
VmallocTotal:     458752 kB
VmallocUsed:      112012 kB
VmallocChunk:     187396 kB
Time pass: 117 sec

---2015-11-24 11:46:30
MemTotal:        1860984 kB
MemFree:          272096 kB
Buffers:           11272 kB
Cached:           842280 kB
SwapCached:        42336 kB
Active:           479136 kB
Inactive:         748988 kB
Active(anon):     255932 kB
Inactive(anon):   122124 kB
Active(file):     223204 kB
Inactive(file):   626864 kB
Unevictable:         860 kB
Mlocked:               0 kB
HighTotal:       1436668 kB
HighFree:          65640 kB
LowTotal:         424316 kB
LowFree:          206456 kB
SwapTotal:        716796 kB
SwapFree:         426132 kB
Dirty:                88 kB
Writeback:             0 kB
AnonPages:        372856 kB
Mapped:           206736 kB
Shmem:              2628 kB
Slab:              49628 kB
SReclaimable:      18872 kB
SUnreclaim:        30756 kB
KernelStack:       10944 kB
PageTables:        23776 kB
NFS_Unstable:          0 kB
Bounce:                0 kB
WritebackTmp:          0 kB
CommitLimit:     1647288 kB
Committed_AS:   55345260 kB
VmallocTotal:     458752 kB
VmallocUsed:      111992 kB
VmallocChunk:     187396 kB
Time pass: 121 sec

---2015-11-24 11:46:30
MemTotal:        1860984 kB
MemFree:          276048 kB
Buffers:           11292 kB
Cached:           842408 kB
SwapCached:        42348 kB
Active:           479020 kB
Inactive:         744412 kB
Active(anon):     255784 kB
Inactive(anon):   117432 kB
Active(file):     223236 kB
Inactive(file):   626980 kB
Unevictable:         860 kB
Mlocked:               0 kB
HighTotal:       1436668 kB
HighFree:          68428 kB
LowTotal:         424316 kB
LowFree:          207620 kB
SwapTotal:        716796 kB
SwapFree:         421996 kB
Dirty:                 0 kB
Writeback:             0 kB
AnonPages:        367928 kB
Mapped:           206672 kB
Shmem:              2628 kB
Slab:              49792 kB
SReclaimable:      19052 kB
SUnreclaim:        30740 kB
KernelStack:       10920 kB
PageTables:        23732 kB
NFS_Unstable:          0 kB
Bounce:                0 kB
WritebackTmp:          0 kB
CommitLimit:     1647288 kB
Committed_AS:   55343900 kB
VmallocTotal:     458752 kB
VmallocUsed:      111992 kB
VmallocChunk:     187396 kB
Time pass: 124 sec

---2015-11-24 11:46:30
MemTotal:        1860984 kB
MemFree:          276088 kB
Buffers:           11292 kB
Cached:           842444 kB
SwapCached:        42348 kB
Active:           479056 kB
Inactive:         744424 kB
Active(anon):     255820 kB
Inactive(anon):   117444 kB
Active(file):     223236 kB
Inactive(file):   626980 kB
Unevictable:         860 kB
Mlocked:               0 kB
HighTotal:       1436668 kB
HighFree:          68320 kB
LowTotal:         424316 kB
LowFree:          207768 kB
SwapTotal:        716796 kB
SwapFree:         422008 kB
Dirty:                 0 kB
Writeback:             0 kB
AnonPages:        367928 kB
Mapped:           206668 kB
Shmem:              2628 kB
Slab:              49780 kB
SReclaimable:      19044 kB
SUnreclaim:        30736 kB
KernelStack:       10920 kB
PageTables:        23716 kB
NFS_Unstable:          0 kB
Bounce:                0 kB
WritebackTmp:          0 kB
CommitLimit:     1647288 kB
Committed_AS:   55343900 kB
VmallocTotal:     458752 kB
VmallocUsed:      111992 kB
VmallocChunk:     187396 kB
Time pass: 128 sec

---2015-11-24 11:46:30
MemTotal:        1860984 kB
MemFree:          278636 kB
Buffers:           11300 kB
Cached:           842444 kB
SwapCached:        42348 kB
Active:           477788 kB
Inactive:         741556 kB
Active(anon):     254552 kB
Inactive(anon):   114532 kB
Active(file):     223236 kB
Inactive(file):   627024 kB
Unevictable:         860 kB
Mlocked:               0 kB
HighTotal:       1436668 kB
HighFree:          69900 kB
LowTotal:         424316 kB
LowFree:          208736 kB
SwapTotal:        716796 kB
SwapFree:         417864 kB
Dirty:                20 kB
Writeback:             0 kB
AnonPages:        363796 kB
Mapped:           206676 kB
Shmem:              2628 kB
Slab:              49716 kB
SReclaimable:      18984 kB
SUnreclaim:        30732 kB
KernelStack:       10904 kB
PageTables:        23732 kB
NFS_Unstable:          0 kB
Bounce:                0 kB
WritebackTmp:          0 kB
CommitLimit:     1647288 kB
Committed_AS:   55343900 kB
VmallocTotal:     458752 kB
VmallocUsed:      111992 kB
VmallocChunk:     187396 kB
Time pass: 132 sec

---2015-11-24 11:46:30
MemTotal:        1860984 kB
MemFree:          278628 kB
Buffers:           11300 kB
Cached:           842444 kB
SwapCached:        42352 kB
Active:           477792 kB
Inactive:         741572 kB
Active(anon):     254556 kB
Inactive(anon):   114548 kB
Active(file):     223236 kB
Inactive(file):   627024 kB
Unevictable:         860 kB
Mlocked:               0 kB
HighTotal:       1436668 kB
HighFree:          69900 kB
LowTotal:         424316 kB
LowFree:          208728 kB
SwapTotal:        716796 kB
SwapFree:         417872 kB
Dirty:                 0 kB
Writeback:             0 kB
AnonPages:        363820 kB
Mapped:           206676 kB
Shmem:              2628 kB
Slab:              49716 kB
SReclaimable:      18984 kB
SUnreclaim:        30732 kB
KernelStack:       10912 kB
PageTables:        23732 kB
NFS_Unstable:          0 kB
Bounce:                0 kB
WritebackTmp:          0 kB
CommitLimit:     1647288 kB
Committed_AS:   55343900 kB
VmallocTotal:     458752 kB
VmallocUsed:      111992 kB
VmallocChunk:     187396 kB
Time pass: 135 sec

---2015-11-24 11:46:30
MemTotal:        1860984 kB
MemFree:          280992 kB
Buffers:           11300 kB
Cached:           842472 kB
SwapCached:        41876 kB
Active:           476084 kB
Inactive:         739180 kB
Active(anon):     252848 kB
Inactive(anon):   112156 kB
Active(file):     223236 kB
Inactive(file):   627024 kB
Unevictable:         860 kB
Mlocked:               0 kB
HighTotal:       1436668 kB
HighFree:          70520 kB
LowTotal:         424316 kB
LowFree:          210472 kB
SwapTotal:        716796 kB
SwapFree:         414208 kB
Dirty:                 0 kB
Writeback:             0 kB
AnonPages:        359768 kB
Mapped:           206676 kB
Shmem:              2628 kB
Slab:              49716 kB
SReclaimable:      18984 kB
SUnreclaim:        30732 kB
KernelStack:       10912 kB
PageTables:        23732 kB
NFS_Unstable:          0 kB
Bounce:                0 kB
WritebackTmp:          0 kB
CommitLimit:     1647288 kB
Committed_AS:   55343892 kB
VmallocTotal:     458752 kB
VmallocUsed:      111992 kB
VmallocChunk:     187396 kB
Time pass: 139 sec

---2015-11-24 11:46:30
MemTotal:        1860984 kB
MemFree:          280976 kB
Buffers:           11300 kB
Cached:           842444 kB
SwapCached:        41876 kB
Active:           476072 kB
Inactive:         739172 kB
Active(anon):     252836 kB
Inactive(anon):   112148 kB
Active(file):     223236 kB
Inactive(file):   627024 kB
Unevictable:         860 kB
Mlocked:               0 kB
HighTotal:       1436668 kB
HighFree:          70520 kB
LowTotal:         424316 kB
LowFree:          210456 kB
SwapTotal:        716796 kB
SwapFree:         414208 kB
Dirty:                 0 kB
Writeback:             0 kB
AnonPages:        359740 kB
Mapped:           206676 kB
Shmem:              2628 kB
Slab:              49716 kB
SReclaimable:      18984 kB
SUnreclaim:        30732 kB
KernelStack:       10912 kB
PageTables:        23732 kB
NFS_Unstable:          0 kB
Bounce:                0 kB
WritebackTmp:          0 kB
CommitLimit:     1647288 kB
Committed_AS:   55343892 kB
VmallocTotal:     458752 kB
VmallocUsed:      111992 kB
VmallocChunk:     187396 kB
Time pass: 143 sec

---2015-11-24 11:46:30
MemTotal:        1860984 kB
MemFree:          283084 kB
Buffers:           11300 kB
Cached:           842444 kB
SwapCached:        41860 kB
Active:           474124 kB
Inactive:         737004 kB
Active(anon):     250888 kB
Inactive(anon):   109980 kB
Active(file):     223236 kB
Inactive(file):   627024 kB
Unevictable:         860 kB
Mlocked:               0 kB
HighTotal:       1436668 kB
HighFree:          71016 kB
LowTotal:         424316 kB
LowFree:          212068 kB
SwapTotal:        716796 kB
SwapFree:         410128 kB
Dirty:                 0 kB
Writeback:             0 kB
AnonPages:        355644 kB
Mapped:           206676 kB
Shmem:              2628 kB
Slab:              49716 kB
SReclaimable:      18984 kB
SUnreclaim:        30732 kB
KernelStack:       10912 kB
PageTables:        23732 kB
NFS_Unstable:          0 kB
Bounce:                0 kB
WritebackTmp:          0 kB
CommitLimit:     1647288 kB
Committed_AS:   55343892 kB
VmallocTotal:     458752 kB
VmallocUsed:      111992 kB
VmallocChunk:     187396 kB
Time pass: 146 sec

---2015-11-24 11:46:30
MemTotal:        1860984 kB
MemFree:          285936 kB
Buffers:           11300 kB
Cached:           842444 kB
SwapCached:        41860 kB
Active:           471952 kB
Inactive:         735056 kB
Active(anon):     248716 kB
Inactive(anon):   108032 kB
Active(file):     223236 kB
Inactive(file):   627024 kB
Unevictable:         860 kB
Mlocked:               0 kB
HighTotal:       1436668 kB
HighFree:          72752 kB
LowTotal:         424316 kB
LowFree:          213184 kB
SwapTotal:        716796 kB
SwapFree:         405984 kB
Dirty:                 0 kB
Writeback:             0 kB
AnonPages:        351516 kB
Mapped:           206676 kB
Shmem:              2628 kB
Slab:              49716 kB
SReclaimable:      18984 kB
SUnreclaim:        30732 kB
KernelStack:       10912 kB
PageTables:        23732 kB
NFS_Unstable:          0 kB
Bounce:                0 kB
WritebackTmp:          0 kB
CommitLimit:     1647288 kB
Committed_AS:   55343892 kB
VmallocTotal:     458752 kB
VmallocUsed:      111992 kB
VmallocChunk:     187396 kB
Time pass: 150 sec

---2015-11-24 11:46:30
MemTotal:        1860984 kB
MemFree:          270004 kB
Buffers:           11300 kB
Cached:           842384 kB
SwapCached:        42416 kB
Active:           477976 kB
Inactive:         735456 kB
Active(anon):     254740 kB
Inactive(anon):   108432 kB
Active(file):     223236 kB
Inactive(file):   627024 kB
Unevictable:         860 kB
Mlocked:               0 kB
HighTotal:       1436668 kB
HighFree:          63948 kB
LowTotal:         424316 kB
LowFree:          206056 kB
SwapTotal:        716796 kB
SwapFree:         405988 kB
Dirty:                 0 kB
Writeback:             0 kB
AnonPages:        357904 kB
Mapped:           207000 kB
Shmem:              2628 kB
Slab:              49768 kB
SReclaimable:      18984 kB
SUnreclaim:        30784 kB
KernelStack:       11024 kB
PageTables:        24160 kB
NFS_Unstable:          0 kB
Bounce:                0 kB
WritebackTmp:          0 kB
CommitLimit:     1647288 kB
Committed_AS:   57127348 kB
VmallocTotal:     458752 kB
VmallocUsed:      114032 kB
VmallocChunk:     187396 kB
Time pass: 153 sec

---2015-11-24 11:46:30
MemTotal:        1860984 kB
MemFree:          207480 kB
Buffers:           11348 kB
Cached:           842624 kB
SwapCached:        42744 kB
Active:           497020 kB
Inactive:         736892 kB
Active(anon):     273764 kB
Inactive(anon):   109736 kB
Active(file):     223256 kB
Inactive(file):   627156 kB
Unevictable:         860 kB
Mlocked:               0 kB
HighTotal:       1436668 kB
HighFree:          26252 kB
LowTotal:         424316 kB
LowFree:          181228 kB
SwapTotal:        716796 kB
SwapFree:         406864 kB
Dirty:              1000 kB
Writeback:             0 kB
AnonPages:        377892 kB
Mapped:           229496 kB
Shmem:              2760 kB
Slab:              49692 kB
SReclaimable:      19012 kB
SUnreclaim:        30680 kB
KernelStack:       11352 kB
PageTables:        24456 kB
NFS_Unstable:          0 kB
Bounce:                0 kB
WritebackTmp:          0 kB
CommitLimit:     1647288 kB
Committed_AS:   56210728 kB
VmallocTotal:     458752 kB
VmallocUsed:      113220 kB
VmallocChunk:     187396 kB
Time pass: 157 sec

---2015-11-24 11:46:30
MemTotal:        1860984 kB
MemFree:          122584 kB
Buffers:           11356 kB
Cached:           843552 kB
SwapCached:        42516 kB
Active:           507236 kB
Inactive:         736344 kB
Active(anon):     282732 kB
Inactive(anon):   109620 kB
Active(file):     224504 kB
Inactive(file):   626724 kB
Unevictable:         860 kB
Mlocked:               0 kB
HighTotal:       1436668 kB
HighFree:           5852 kB
LowTotal:         424316 kB
LowFree:          116732 kB
SwapTotal:        716796 kB
SwapFree:         403024 kB
Dirty:                88 kB
Writeback:             0 kB
AnonPages:        386520 kB
Mapped:           236724 kB
Shmem:              2760 kB
Slab:              49868 kB
SReclaimable:      19052 kB
SUnreclaim:        30816 kB
KernelStack:       11488 kB
PageTables:        24672 kB
NFS_Unstable:          0 kB
Bounce:                0 kB
WritebackTmp:          0 kB
CommitLimit:     1647288 kB
Committed_AS:   56219160 kB
VmallocTotal:     458752 kB
VmallocUsed:      113500 kB
VmallocChunk:     187396 kB
Time pass: 161 sec

---2015-11-24 11:46:30
MemTotal:        1860984 kB
MemFree:           72408 kB
Buffers:           11356 kB
Cached:           845468 kB
SwapCached:        42516 kB
Active:           513332 kB
Inactive:         737016 kB
Active(anon):     287520 kB
Inactive(anon):   109620 kB
Active(file):     225812 kB
Inactive(file):   627396 kB
Unevictable:         860 kB
Mlocked:               0 kB
HighTotal:       1436668 kB
HighFree:           2536 kB
LowTotal:         424316 kB
LowFree:           69872 kB
SwapTotal:        716796 kB
SwapFree:         403036 kB
Dirty:              2084 kB
Writeback:             0 kB
AnonPages:        391076 kB
Mapped:           243728 kB
Shmem:              2760 kB
Slab:              49924 kB
SReclaimable:      19120 kB
SUnreclaim:        30804 kB
KernelStack:       11440 kB
PageTables:        24776 kB
NFS_Unstable:          0 kB
Bounce:                0 kB
WritebackTmp:          0 kB
CommitLimit:     1647288 kB
Committed_AS:   56223484 kB
VmallocTotal:     458752 kB
VmallocUsed:      113712 kB
VmallocChunk:     187396 kB
Time pass: 164 sec

---2015-11-24 11:46:30
MemTotal:        1860984 kB
MemFree:           61876 kB
Buffers:           11364 kB
Cached:           845468 kB
SwapCached:        42516 kB
Active:           511704 kB
Inactive:         737028 kB
Active(anon):     285892 kB
Inactive(anon):   109624 kB
Active(file):     225812 kB
Inactive(file):   627404 kB
Unevictable:         860 kB
Mlocked:               0 kB
HighTotal:       1436668 kB
HighFree:           3636 kB
LowTotal:         424316 kB
LowFree:           58240 kB
SwapTotal:        716796 kB
SwapFree:         403044 kB
Dirty:                 0 kB
Writeback:             0 kB
AnonPages:        389432 kB
Mapped:           244816 kB
Shmem:              2760 kB
Slab:              49916 kB
SReclaimable:      19100 kB
SUnreclaim:        30816 kB
KernelStack:       11408 kB
PageTables:        24808 kB
NFS_Unstable:          0 kB
Bounce:                0 kB
WritebackTmp:          0 kB
CommitLimit:     1647288 kB
Committed_AS:   56221792 kB
VmallocTotal:     458752 kB
VmallocUsed:      113784 kB
VmallocChunk:     187396 kB
Time pass: 168 sec

---2015-11-24 11:46:30
MemTotal:        1860984 kB
MemFree:           62032 kB
Buffers:           11372 kB
Cached:           845460 kB
SwapCached:        42472 kB
Active:           511636 kB
Inactive:         737056 kB
Active(anon):     285824 kB
Inactive(anon):   109652 kB
Active(file):     225812 kB
Inactive(file):   627404 kB
Unevictable:         860 kB
Mlocked:               0 kB
HighTotal:       1436668 kB
HighFree:           3760 kB
LowTotal:         424316 kB
LowFree:           58272 kB
SwapTotal:        716796 kB
SwapFree:         403312 kB
Dirty:                40 kB
Writeback:             0 kB
AnonPages:        389408 kB
Mapped:           244804 kB
Shmem:              2760 kB
Slab:              49912 kB
SReclaimable:      19100 kB
SUnreclaim:        30812 kB
KernelStack:       11392 kB
PageTables:        24788 kB
NFS_Unstable:          0 kB
Bounce:                0 kB
WritebackTmp:          0 kB
CommitLimit:     1647288 kB
Committed_AS:   56220312 kB
VmallocTotal:     458752 kB
VmallocUsed:      112764 kB
VmallocChunk:     187396 kB
Time pass: 171 sec

---2015-11-24 11:46:30
MemTotal:        1860984 kB
MemFree:           62016 kB
Buffers:           11372 kB
Cached:           845468 kB
SwapCached:        42472 kB
Active:           511640 kB
Inactive:         737068 kB
Active(anon):     285828 kB
Inactive(anon):   109656 kB
Active(file):     225812 kB
Inactive(file):   627412 kB
Unevictable:         860 kB
Mlocked:               0 kB
HighTotal:       1436668 kB
HighFree:           3760 kB
LowTotal:         424316 kB
LowFree:           58256 kB
SwapTotal:        716796 kB
SwapFree:         403316 kB
Dirty:                32 kB
Writeback:             0 kB
AnonPages:        389400 kB
Mapped:           244804 kB
Shmem:              2760 kB
Slab:              49912 kB
SReclaimable:      19100 kB
SUnreclaim:        30812 kB
KernelStack:       11392 kB
PageTables:        24788 kB
NFS_Unstable:          0 kB
Bounce:                0 kB
WritebackTmp:          0 kB
CommitLimit:     1647288 kB
Committed_AS:   56220312 kB
VmallocTotal:     458752 kB
VmallocUsed:      112764 kB
VmallocChunk:     187396 kB
Time pass: 175 sec

---2015-11-24 11:46:30
MemTotal:        1860984 kB
MemFree:           64868 kB
Buffers:           11372 kB
Cached:           845468 kB
SwapCached:        42420 kB
Active:           508116 kB
Inactive:         736492 kB
Active(anon):     282304 kB
Inactive(anon):   109080 kB
Active(file):     225812 kB
Inactive(file):   627412 kB
Unevictable:         860 kB
Mlocked:               0 kB
HighTotal:       1436668 kB
HighFree:           5372 kB
LowTotal:         424316 kB
LowFree:           59496 kB
SwapTotal:        716796 kB
SwapFree:         399256 kB
Dirty:                 0 kB
Writeback:             0 kB
AnonPages:        385300 kB
Mapped:           244804 kB
Shmem:              2760 kB
Slab:              49912 kB
SReclaimable:      19100 kB
SUnreclaim:        30812 kB
KernelStack:       11392 kB
PageTables:        24788 kB
NFS_Unstable:          0 kB
Bounce:                0 kB
WritebackTmp:          0 kB
CommitLimit:     1647288 kB
Committed_AS:   56220312 kB
VmallocTotal:     458752 kB
VmallocUsed:      112764 kB
VmallocChunk:     187396 kB
Time pass: 179 sec

---2015-11-24 11:46:30
MemTotal:        1860984 kB
MemFree:           64884 kB
Buffers:           11372 kB
Cached:           845468 kB
SwapCached:        42420 kB
Active:           508120 kB
Inactive:         736492 kB
Active(anon):     282308 kB
Inactive(anon):   109080 kB
Active(file):     225812 kB
Inactive(file):   627412 kB
Unevictable:         860 kB
Mlocked:               0 kB
HighTotal:       1436668 kB
HighFree:           5372 kB
LowTotal:         424316 kB
LowFree:           59512 kB
SwapTotal:        716796 kB
SwapFree:         399256 kB
Dirty:                 0 kB
Writeback:             0 kB
AnonPages:        385332 kB
Mapped:           244812 kB
Shmem:              2760 kB
Slab:              49912 kB
SReclaimable:      19100 kB
SUnreclaim:        30812 kB
KernelStack:       11392 kB
PageTables:        24788 kB
NFS_Unstable:          0 kB
Bounce:                0 kB
WritebackTmp:          0 kB
CommitLimit:     1647288 kB
Committed_AS:   56220312 kB
VmallocTotal:     458752 kB
VmallocUsed:      112764 kB
VmallocChunk:     187396 kB
Time pass: 182 sec

---2015-11-24 11:46:30
MemTotal:        1860984 kB
MemFree:           67728 kB
Buffers:           11372 kB
Cached:           845448 kB
SwapCached:        41736 kB
Active:           505328 kB
Inactive:         735224 kB
Active(anon):     279516 kB
Inactive(anon):   107812 kB
Active(file):     225812 kB
Inactive(file):   627412 kB
Unevictable:         860 kB
Mlocked:               0 kB
HighTotal:       1436668 kB
HighFree:           5744 kB
LowTotal:         424316 kB
LowFree:           61984 kB
SwapTotal:        716796 kB
SwapFree:         395788 kB
Dirty:                 4 kB
Writeback:             0 kB
AnonPages:        381664 kB
Mapped:           244852 kB
Shmem:              2760 kB
Slab:              49912 kB
SReclaimable:      19100 kB
SUnreclaim:        30812 kB
KernelStack:       11400 kB
PageTables:        24788 kB
NFS_Unstable:          0 kB
Bounce:                0 kB
WritebackTmp:          0 kB
CommitLimit:     1647288 kB
Committed_AS:   56220340 kB
VmallocTotal:     458752 kB
VmallocUsed:      112764 kB
VmallocChunk:     187396 kB
Time pass: 186 sec

---2015-11-24 11:46:30
MemTotal:        1860984 kB
MemFree:           67728 kB
Buffers:           11372 kB
Cached:           845468 kB
SwapCached:        41732 kB
Active:           505396 kB
Inactive:         735220 kB
Active(anon):     279584 kB
Inactive(anon):   107808 kB
Active(file):     225812 kB
Inactive(file):   627412 kB
Unevictable:         860 kB
Mlocked:               0 kB
HighTotal:       1436668 kB
HighFree:           5744 kB
LowTotal:         424316 kB
LowFree:           61984 kB
SwapTotal:        716796 kB
SwapFree:         395812 kB
Dirty:                 4 kB
Writeback:             0 kB
AnonPages:        381744 kB
Mapped:           245248 kB
Shmem:              2760 kB
Slab:              49912 kB
SReclaimable:      19100 kB
SUnreclaim:        30812 kB
KernelStack:       11400 kB
PageTables:        24788 kB
NFS_Unstable:          0 kB
Bounce:                0 kB
WritebackTmp:          0 kB
CommitLimit:     1647288 kB
Committed_AS:   56220412 kB
VmallocTotal:     458752 kB
VmallocUsed:      112764 kB
VmallocChunk:     187396 kB
Time pass: 189 sec

---2015-11-24 11:46:30
MemTotal:        1860984 kB
MemFree:           67728 kB
Buffers:           11380 kB
Cached:           845468 kB
SwapCached:        41736 kB
Active:           505412 kB
Inactive:         735260 kB
Active(anon):     279600 kB
Inactive(anon):   107840 kB
Active(file):     225812 kB
Inactive(file):   627420 kB
Unevictable:         860 kB
Mlocked:               0 kB
HighTotal:       1436668 kB
HighFree:           5744 kB
LowTotal:         424316 kB
LowFree:           61984 kB
SwapTotal:        716796 kB
SwapFree:         395848 kB
Dirty:                 4 kB
Writeback:             0 kB
AnonPages:        381792 kB
Mapped:           245264 kB
Shmem:              2760 kB
Slab:              49912 kB
SReclaimable:      19100 kB
SUnreclaim:        30812 kB
KernelStack:       11400 kB
PageTables:        24788 kB
NFS_Unstable:          0 kB
Bounce:                0 kB
WritebackTmp:          0 kB
CommitLimit:     1647288 kB
Committed_AS:   56220448 kB
VmallocTotal:     458752 kB
VmallocUsed:      112764 kB
VmallocChunk:     187396 kB
Time pass: 193 sec

---2015-11-24 11:46:30
MemTotal:        1860984 kB
MemFree:           70332 kB
Buffers:           11380 kB
Cached:           845468 kB
SwapCached:        41696 kB
Active:           501828 kB
Inactive:         734772 kB
Active(anon):     276016 kB
Inactive(anon):   107352 kB
Active(file):     225812 kB
Inactive(file):   627420 kB
Unevictable:         860 kB
Mlocked:               0 kB
HighTotal:       1436668 kB
HighFree:           5992 kB
LowTotal:         424316 kB
LowFree:           64340 kB
SwapTotal:        716796 kB
SwapFree:         391744 kB
Dirty:                 0 kB
Writeback:             0 kB
AnonPages:        377712 kB
Mapped:           245264 kB
Shmem:              2760 kB
Slab:              49912 kB
SReclaimable:      19100 kB
SUnreclaim:        30812 kB
KernelStack:       11400 kB
PageTables:        24792 kB
NFS_Unstable:          0 kB
Bounce:                0 kB
WritebackTmp:          0 kB
CommitLimit:     1647288 kB
Committed_AS:   56220448 kB
VmallocTotal:     458752 kB
VmallocUsed:      112764 kB
VmallocChunk:     187396 kB
Time pass: 197 sec

---2015-11-24 11:46:30
MemTotal:        1860984 kB
MemFree:           70332 kB
Buffers:           11380 kB
Cached:           845468 kB
SwapCached:        41696 kB
Active:           501820 kB
Inactive:         734756 kB
Active(anon):     276008 kB
Inactive(anon):   107336 kB
Active(file):     225812 kB
Inactive(file):   627420 kB
Unevictable:         860 kB
Mlocked:               0 kB
HighTotal:       1436668 kB
HighFree:           5992 kB
LowTotal:         424316 kB
LowFree:           64340 kB
SwapTotal:        716796 kB
SwapFree:         391752 kB
Dirty:                 0 kB
Writeback:             0 kB
AnonPages:        377740 kB
Mapped:           245264 kB
Shmem:              2760 kB
Slab:              49912 kB
SReclaimable:      19100 kB
SUnreclaim:        30812 kB
KernelStack:       11400 kB
PageTables:        24788 kB
NFS_Unstable:          0 kB
Bounce:                0 kB
WritebackTmp:          0 kB
CommitLimit:     1647288 kB
Committed_AS:   56220448 kB
VmallocTotal:     458752 kB
VmallocUsed:      112764 kB
VmallocChunk:     187396 kB
Time pass: 200 sec

---2015-11-24 11:46:30
MemTotal:        1860984 kB
MemFree:           67476 kB
Buffers:           11396 kB
Cached:           845772 kB
SwapCached:        41696 kB
Active:           498972 kB
Inactive:         735212 kB
Active(anon):     273136 kB
Inactive(anon):   107512 kB
Active(file):     225836 kB
Inactive(file):   627700 kB
Unevictable:         860 kB
Mlocked:               0 kB
HighTotal:       1436668 kB
HighFree:           6160 kB
LowTotal:         424316 kB
LowFree:           61316 kB
SwapTotal:        716796 kB
SwapFree:         387664 kB
Dirty:               368 kB
Writeback:             0 kB
AnonPages:        375040 kB
Mapped:           246440 kB
Shmem:              2760 kB
Slab:              49864 kB
SReclaimable:      19092 kB
SUnreclaim:        30772 kB
KernelStack:       11384 kB
PageTables:        24804 kB
NFS_Unstable:          0 kB
Bounce:                0 kB
WritebackTmp:          0 kB
CommitLimit:     1647288 kB
Committed_AS:   56221852 kB
VmallocTotal:     458752 kB
VmallocUsed:      112764 kB
VmallocChunk:     187396 kB
Time pass: 204 sec

---2015-11-24 11:46:30
MemTotal:        1860984 kB
MemFree:           67244 kB
Buffers:           11396 kB
Cached:           845772 kB
SwapCached:        41696 kB
Active:           499004 kB
Inactive:         735248 kB
Active(anon):     273168 kB
Inactive(anon):   107532 kB
Active(file):     225836 kB
Inactive(file):   627716 kB
Unevictable:         860 kB
Mlocked:               0 kB
HighTotal:       1436668 kB
HighFree:           6036 kB
LowTotal:         424316 kB
LowFree:           61208 kB
SwapTotal:        716796 kB
SwapFree:         387700 kB
Dirty:                 0 kB
Writeback:             0 kB
AnonPages:        375088 kB
Mapped:           246468 kB
Shmem:              2760 kB
Slab:              49864 kB
SReclaimable:      19092 kB
SUnreclaim:        30772 kB
KernelStack:       11400 kB
PageTables:        24804 kB
NFS_Unstable:          0 kB
Bounce:                0 kB
WritebackTmp:          0 kB
CommitLimit:     1647288 kB
Committed_AS:   56221852 kB
VmallocTotal:     458752 kB
VmallocUsed:      112764 kB
VmallocChunk:     187396 kB
Time pass: 208 sec

---2015-11-24 11:46:30
MemTotal:        1860984 kB
MemFree:           52848 kB
Buffers:           11404 kB
Cached:           846792 kB
SwapCached:        41716 kB
Active:           500340 kB
Inactive:         736912 kB
Active(anon):     273936 kB
Inactive(anon):   108736 kB
Active(file):     226404 kB
Inactive(file):   628176 kB
Unevictable:         860 kB
Mlocked:               0 kB
HighTotal:       1436668 kB
HighFree:           3268 kB
LowTotal:         424316 kB
LowFree:           49580 kB
SwapTotal:        716796 kB
SwapFree:         383768 kB
Dirty:                 8 kB
Writeback:             0 kB
AnonPages:        377036 kB
Mapped:           248252 kB
Shmem:              2760 kB
Slab:              50076 kB
SReclaimable:      19256 kB
SUnreclaim:        30820 kB
KernelStack:       11424 kB
PageTables:        24816 kB
NFS_Unstable:          0 kB
Bounce:                0 kB
WritebackTmp:          0 kB
CommitLimit:     1647288 kB
Committed_AS:   56226700 kB
VmallocTotal:     458752 kB
VmallocUsed:      112848 kB
VmallocChunk:     187396 kB
Time pass: 211 sec

---2015-11-24 11:46:30
MemTotal:        1860984 kB
MemFree:           53200 kB
Buffers:           11412 kB
Cached:           846792 kB
SwapCached:        41716 kB
Active:           500204 kB
Inactive:         736920 kB
Active(anon):     273800 kB
Inactive(anon):   108740 kB
Active(file):     226404 kB
Inactive(file):   628180 kB
Unevictable:         860 kB
Mlocked:               0 kB
HighTotal:       1436668 kB
HighFree:           3256 kB
LowTotal:         424316 kB
LowFree:           49944 kB
SwapTotal:        716796 kB
SwapFree:         383772 kB
Dirty:                60 kB
Writeback:             0 kB
AnonPages:        376892 kB
Mapped:           248332 kB
Shmem:              2760 kB
Slab:              50108 kB
SReclaimable:      19260 kB
SUnreclaim:        30848 kB
KernelStack:       11400 kB
PageTables:        24832 kB
NFS_Unstable:          0 kB
Bounce:                0 kB
WritebackTmp:          0 kB
CommitLimit:     1647288 kB
Committed_AS:   56226968 kB
VmallocTotal:     458752 kB
VmallocUsed:      112848 kB
VmallocChunk:     187396 kB
Time pass: 215 sec

---2015-11-24 11:46:30
MemTotal:        1860984 kB
MemFree:           54540 kB
Buffers:           11412 kB
Cached:           846804 kB
SwapCached:        41704 kB
Active:           496812 kB
Inactive:         736192 kB
Active(anon):     270408 kB
Inactive(anon):   108008 kB
Active(file):     226404 kB
Inactive(file):   628184 kB
Unevictable:         860 kB
Mlocked:               0 kB
HighTotal:       1436668 kB
HighFree:           5116 kB
LowTotal:         424316 kB
LowFree:           49424 kB
SwapTotal:        716796 kB
SwapFree:         379700 kB
Dirty:                 0 kB
Writeback:             0 kB
AnonPages:        372908 kB
Mapped:           248332 kB
Shmem:              2760 kB
Slab:              50316 kB
SReclaimable:      19484 kB
SUnreclaim:        30832 kB
KernelStack:       11384 kB
PageTables:        24828 kB
NFS_Unstable:          0 kB
Bounce:                0 kB
WritebackTmp:          0 kB
CommitLimit:     1647288 kB
Committed_AS:   56226960 kB
VmallocTotal:     458752 kB
VmallocUsed:      112848 kB
VmallocChunk:     187396 kB
Time pass: 218 sec

---2015-11-24 11:46:30
MemTotal:        1860984 kB
MemFree:           43028 kB
Buffers:           11412 kB
Cached:           849568 kB
SwapCached:        41904 kB
Active:           503432 kB
Inactive:         739140 kB
Active(anon):     277024 kB
Inactive(anon):   108088 kB
Active(file):     226408 kB
Inactive(file):   631052 kB
Unevictable:         860 kB
Mlocked:               0 kB
HighTotal:       1436668 kB
HighFree:           2544 kB
LowTotal:         424316 kB
LowFree:           40484 kB
SwapTotal:        716796 kB
SwapFree:         379756 kB
Dirty:                 4 kB
Writeback:             0 kB
AnonPages:        379616 kB
Mapped:           248404 kB
Shmem:              2760 kB
Slab:              50104 kB
SReclaimable:      19264 kB
SUnreclaim:        30840 kB
KernelStack:       11576 kB
PageTables:        24848 kB
NFS_Unstable:          0 kB
Bounce:                0 kB
WritebackTmp:          0 kB
CommitLimit:     1647288 kB
Committed_AS:   56253768 kB
VmallocTotal:     458752 kB
VmallocUsed:      114616 kB
VmallocChunk:     187396 kB
Time pass: 222 sec

---2015-11-24 11:46:30
MemTotal:        1860984 kB
MemFree:           32076 kB
Buffers:           11116 kB
Cached:           842456 kB
SwapCached:        41928 kB
Active:           510884 kB
Inactive:         729908 kB
Active(anon):     280264 kB
Inactive(anon):   110844 kB
Active(file):     230620 kB
Inactive(file):   619064 kB
Unevictable:         860 kB
Mlocked:               0 kB
HighTotal:       1436668 kB
HighFree:           2548 kB
LowTotal:         424316 kB
LowFree:           29528 kB
SwapTotal:        716796 kB
SwapFree:         379800 kB
Dirty:                40 kB
Writeback:             0 kB
AnonPages:        385284 kB
Mapped:           249000 kB
Shmem:              3028 kB
Slab:              50404 kB
SReclaimable:      19304 kB
SUnreclaim:        31100 kB
KernelStack:       11664 kB
PageTables:        25004 kB
NFS_Unstable:          0 kB
Bounce:                0 kB
WritebackTmp:          0 kB
CommitLimit:     1647288 kB
Committed_AS:   56260172 kB
VmallocTotal:     458752 kB
VmallocUsed:      117248 kB
VmallocChunk:     174524 kB
Time pass: 226 sec

---2015-11-24 11:46:30
MemTotal:        1860984 kB
MemFree:           30664 kB
Buffers:           11048 kB
Cached:           832360 kB
SwapCached:        41880 kB
Active:           512712 kB
Inactive:         719676 kB
Active(anon):     280708 kB
Inactive(anon):   112176 kB
Active(file):     232004 kB
Inactive(file):   607500 kB
Unevictable:         860 kB
Mlocked:               0 kB
HighTotal:       1436668 kB
HighFree:           4956 kB
LowTotal:         424316 kB
LowFree:           25708 kB
SwapTotal:        716796 kB
SwapFree:         375884 kB
Dirty:                52 kB
Writeback:             0 kB
AnonPages:        387368 kB
Mapped:           249000 kB
Shmem:              3028 kB
Slab:              50624 kB
SReclaimable:      19420 kB
SUnreclaim:        31204 kB
KernelStack:       11664 kB
PageTables:        25064 kB
NFS_Unstable:          0 kB
Bounce:                0 kB
WritebackTmp:          0 kB
CommitLimit:     1647288 kB
Committed_AS:   56265200 kB
VmallocTotal:     458752 kB
VmallocUsed:      118048 kB
VmallocChunk:     181464 kB
Time pass: 230 sec

---2015-11-24 11:46:30
MemTotal:        1860984 kB
MemFree:           30192 kB
Buffers:           11064 kB
Cached:           832336 kB
SwapCached:        41884 kB
Active:           513836 kB
Inactive:         719680 kB
Active(anon):     281832 kB
Inactive(anon):   112172 kB
Active(file):     232004 kB
Inactive(file):   607508 kB
Unevictable:         860 kB
Mlocked:               0 kB
HighTotal:       1436668 kB
HighFree:           3868 kB
LowTotal:         424316 kB
LowFree:           26324 kB
SwapTotal:        716796 kB
SwapFree:         375884 kB
Dirty:                44 kB
Writeback:             0 kB
AnonPages:        388288 kB
Mapped:           249000 kB
Shmem:              3028 kB
Slab:              50640 kB
SReclaimable:      19396 kB
SUnreclaim:        31244 kB
KernelStack:       11640 kB
PageTables:        25072 kB
NFS_Unstable:          0 kB
Bounce:                0 kB
WritebackTmp:          0 kB
CommitLimit:     1647288 kB
Committed_AS:   56265848 kB
VmallocTotal:     458752 kB
VmallocUsed:      118048 kB
VmallocChunk:     181464 kB
Time pass: 234 sec

---2015-11-24 11:46:30
MemTotal:        1860984 kB
MemFree:           33004 kB
Buffers:           11088 kB
Cached:           832388 kB
SwapCached:        41896 kB
Active:           510348 kB
Inactive:         719352 kB
Active(anon):     278344 kB
Inactive(anon):   111820 kB
Active(file):     232004 kB
Inactive(file):   607532 kB
Unevictable:         860 kB
Mlocked:               0 kB
HighTotal:       1436668 kB
HighFree:           6740 kB
LowTotal:         424316 kB
LowFree:           26264 kB
SwapTotal:        716796 kB
SwapFree:         371776 kB
Dirty:                 0 kB
Writeback:             0 kB
AnonPages:        384488 kB
Mapped:           249056 kB
Shmem:              3080 kB
Slab:              50668 kB
SReclaimable:      19384 kB
SUnreclaim:        31284 kB
KernelStack:       11624 kB
PageTables:        25072 kB
NFS_Unstable:          0 kB
Bounce:                0 kB
WritebackTmp:          0 kB
CommitLimit:     1647288 kB
Committed_AS:   56266004 kB
VmallocTotal:     458752 kB
VmallocUsed:      118048 kB
VmallocChunk:     181464 kB
Time pass: 238 sec

---2015-11-24 11:46:30
MemTotal:        1860984 kB
MemFree:           33324 kB
Buffers:           11088 kB
Cached:           832388 kB
SwapCached:        41896 kB
Active:           510484 kB
Inactive:         719352 kB
Active(anon):     278480 kB
Inactive(anon):   111820 kB
Active(file):     232004 kB
Inactive(file):   607532 kB
Unevictable:         860 kB
Mlocked:               0 kB
HighTotal:       1436668 kB
HighFree:           6860 kB
LowTotal:         424316 kB
LowFree:           26464 kB
SwapTotal:        716796 kB
SwapFree:         371780 kB
Dirty:                 0 kB
Writeback:             0 kB
AnonPages:        384560 kB
Mapped:           249060 kB
Shmem:              3080 kB
Slab:              50692 kB
SReclaimable:      19340 kB
SUnreclaim:        31352 kB
KernelStack:       11680 kB
PageTables:        25072 kB
NFS_Unstable:          0 kB
Bounce:                0 kB
WritebackTmp:          0 kB
CommitLimit:     1647288 kB
Committed_AS:   56266116 kB
VmallocTotal:     458752 kB
VmallocUsed:      118048 kB
VmallocChunk:     181464 kB
Time pass: 241 sec

---2015-11-24 11:46:30
MemTotal:        1860984 kB
MemFree:           34648 kB
Buffers:           11120 kB
Cached:           832372 kB
SwapCached:        41896 kB
Active:           508264 kB
Inactive:         718536 kB
Active(anon):     276260 kB
Inactive(anon):   110988 kB
Active(file):     232004 kB
Inactive(file):   607548 kB
Unevictable:         860 kB
Mlocked:               0 kB
HighTotal:       1436668 kB
HighFree:           8348 kB
LowTotal:         424316 kB
LowFree:           26300 kB
SwapTotal:        716796 kB
SwapFree:         367636 kB
Dirty:                32 kB
Writeback:             0 kB
AnonPages:        381688 kB
Mapped:           249060 kB
Shmem:              3080 kB
Slab:              50708 kB
SReclaimable:      19340 kB
SUnreclaim:        31368 kB
KernelStack:       11664 kB
PageTables:        25072 kB
NFS_Unstable:          0 kB
Bounce:                0 kB
WritebackTmp:          0 kB
CommitLimit:     1647288 kB
Committed_AS:   56267288 kB
VmallocTotal:     458752 kB
VmallocUsed:      118048 kB
VmallocChunk:     181464 kB
Time pass: 245 sec

---2015-11-24 11:46:30
MemTotal:        1860984 kB
MemFree:           35340 kB
Buffers:           11120 kB
Cached:           832388 kB
SwapCached:        42080 kB
Active:           507840 kB
Inactive:         718780 kB
Active(anon):     275836 kB
Inactive(anon):   111216 kB
Active(file):     232004 kB
Inactive(file):   607564 kB
Unevictable:         860 kB
Mlocked:               0 kB
HighTotal:       1436668 kB
HighFree:           9104 kB
LowTotal:         424316 kB
LowFree:           26236 kB
SwapTotal:        716796 kB
SwapFree:         367692 kB
Dirty:                 0 kB
Writeback:             0 kB
AnonPages:        381364 kB
Mapped:           249064 kB
Shmem:              3080 kB
Slab:              50676 kB
SReclaimable:      19316 kB
SUnreclaim:        31360 kB
KernelStack:       11656 kB
PageTables:        25072 kB
NFS_Unstable:          0 kB
Bounce:                0 kB
WritebackTmp:          0 kB
CommitLimit:     1647288 kB
Committed_AS:   56267424 kB
VmallocTotal:     458752 kB
VmallocUsed:      118048 kB
VmallocChunk:     181464 kB
Time pass: 248 sec

---2015-11-24 11:46:30
MemTotal:        1860984 kB
MemFree:           35664 kB
Buffers:           11136 kB
Cached:           832408 kB
SwapCached:        42080 kB
Active:           507208 kB
Inactive:         718840 kB
Active(anon):     275204 kB
Inactive(anon):   111260 kB
Active(file):     232004 kB
Inactive(file):   607580 kB
Unevictable:         860 kB
Mlocked:               0 kB
HighTotal:       1436668 kB
HighFree:           9224 kB
LowTotal:         424316 kB
LowFree:           26440 kB
SwapTotal:        716796 kB
SwapFree:         367712 kB
Dirty:                44 kB
Writeback:             0 kB
AnonPages:        380716 kB
Mapped:           249128 kB
Shmem:              3100 kB
Slab:              50612 kB
SReclaimable:      19336 kB
SUnreclaim:        31276 kB
KernelStack:       11656 kB
PageTables:        25072 kB
NFS_Unstable:          0 kB
Bounce:                0 kB
WritebackTmp:          0 kB
CommitLimit:     1647288 kB
Committed_AS:   56265808 kB
VmallocTotal:     458752 kB
VmallocUsed:      118048 kB
VmallocChunk:     181464 kB
Time pass: 252 sec

---2015-11-24 11:46:30
MemTotal:        1860984 kB
MemFree:           37956 kB
Buffers:           11144 kB
Cached:           832408 kB
SwapCached:        41800 kB
Active:           504696 kB
Inactive:         717388 kB
Active(anon):     272692 kB
Inactive(anon):   109808 kB
Active(file):     232004 kB
Inactive(file):   607580 kB
Unevictable:         860 kB
Mlocked:               0 kB
HighTotal:       1436668 kB
HighFree:          11424 kB
LowTotal:         424316 kB
LowFree:           26532 kB
SwapTotal:        716796 kB
SwapFree:         363840 kB
Dirty:                28 kB
Writeback:             0 kB
AnonPages:        377012 kB
Mapped:           249128 kB
Shmem:              3100 kB
Slab:              50604 kB
SReclaimable:      19320 kB
SUnreclaim:        31284 kB
KernelStack:       11656 kB
PageTables:        25076 kB
NFS_Unstable:          0 kB
Bounce:                0 kB
WritebackTmp:          0 kB
CommitLimit:     1647288 kB
Committed_AS:   56265904 kB
VmallocTotal:     458752 kB
VmallocUsed:      118048 kB
VmallocChunk:     181464 kB
Time pass: 256 sec

---2015-11-24 11:46:30
MemTotal:        1860984 kB
MemFree:           38096 kB
Buffers:           11160 kB
Cached:           832408 kB
SwapCached:        41800 kB
Active:           504656 kB
Inactive:         717404 kB
Active(anon):     272652 kB
Inactive(anon):   109800 kB
Active(file):     232004 kB
Inactive(file):   607604 kB
Unevictable:         860 kB
Mlocked:               0 kB
HighTotal:       1436668 kB
HighFree:          11660 kB
LowTotal:         424316 kB
LowFree:           26436 kB
SwapTotal:        716796 kB
SwapFree:         363860 kB
Dirty:                40 kB
Writeback:             0 kB
AnonPages:        377092 kB
Mapped:           249132 kB
Shmem:              3100 kB
Slab:              50652 kB
SReclaimable:      19320 kB
SUnreclaim:        31332 kB
KernelStack:       11656 kB
PageTables:        25076 kB
NFS_Unstable:          0 kB
Bounce:                0 kB
WritebackTmp:          0 kB
CommitLimit:     1647288 kB
Committed_AS:   56265784 kB
VmallocTotal:     458752 kB
VmallocUsed:      118048 kB
VmallocChunk:     181464 kB
Time pass: 259 sec

---2015-11-24 11:46:30
MemTotal:        1860984 kB
MemFree:           40708 kB
Buffers:           11168 kB
Cached:           832404 kB
SwapCached:        41184 kB
Active:           502544 kB
Inactive:         715788 kB
Active(anon):     270540 kB
Inactive(anon):   108184 kB
Active(file):     232004 kB
Inactive(file):   607604 kB
Unevictable:         860 kB
Mlocked:               0 kB
HighTotal:       1436668 kB
HighFree:          11692 kB
LowTotal:         424316 kB
LowFree:           29016 kB
SwapTotal:        716796 kB
SwapFree:         360344 kB
Dirty:                 0 kB
Writeback:             0 kB
AnonPages:        373820 kB
Mapped:           249136 kB
Shmem:              3104 kB
Slab:              50680 kB
SReclaimable:      19320 kB
SUnreclaim:        31360 kB
KernelStack:       11656 kB
PageTables:        25076 kB
NFS_Unstable:          0 kB
Bounce:                0 kB
WritebackTmp:          0 kB
CommitLimit:     1647288 kB
Committed_AS:   56266100 kB
VmallocTotal:     458752 kB
VmallocUsed:      118048 kB
VmallocChunk:     181464 kB
Time pass: 263 sec

---2015-11-24 11:46:30
MemTotal:        1860984 kB
MemFree:           40152 kB
Buffers:           11184 kB
Cached:           832412 kB
SwapCached:        41192 kB
Active:           502484 kB
Inactive:         715812 kB
Active(anon):     270480 kB
Inactive(anon):   108184 kB
Active(file):     232004 kB
Inactive(file):   607628 kB
Unevictable:         860 kB
Mlocked:               0 kB
HighTotal:       1436668 kB
HighFree:          11112 kB
LowTotal:         424316 kB
LowFree:           29040 kB
SwapTotal:        716796 kB
SwapFree:         360348 kB
Dirty:                40 kB
Writeback:             0 kB
AnonPages:        373776 kB
Mapped:           249136 kB
Shmem:              3104 kB
Slab:              50692 kB
SReclaimable:      19304 kB
SUnreclaim:        31388 kB
KernelStack:       11640 kB
PageTables:        25080 kB
NFS_Unstable:          0 kB
Bounce:                0 kB
WritebackTmp:          0 kB
CommitLimit:     1647288 kB
Committed_AS:   56266004 kB
VmallocTotal:     458752 kB
VmallocUsed:      118048 kB
VmallocChunk:     181464 kB
Time pass: 266 sec

---2015-11-24 11:46:30
MemTotal:        1860984 kB
MemFree:           42536 kB
Buffers:           11184 kB
Cached:           832412 kB
SwapCached:        40356 kB
Active:           499932 kB
Inactive:         714152 kB
Active(anon):     267928 kB
Inactive(anon):   106524 kB
Active(file):     232004 kB
Inactive(file):   607628 kB
Unevictable:         860 kB
Mlocked:               0 kB
HighTotal:       1436668 kB
HighFree:          11072 kB
LowTotal:         424316 kB
LowFree:           31464 kB
SwapTotal:        716796 kB
SwapFree:         357024 kB
Dirty:                 0 kB
Writeback:             0 kB
AnonPages:        369808 kB
Mapped:           249132 kB
Shmem:              3104 kB
Slab:              50656 kB
SReclaimable:      19304 kB
SUnreclaim:        31352 kB
KernelStack:       11656 kB
PageTables:        25076 kB
NFS_Unstable:          0 kB
Bounce:                0 kB
WritebackTmp:          0 kB
CommitLimit:     1647288 kB
Committed_AS:   56265916 kB
VmallocTotal:     458752 kB
VmallocUsed:      118048 kB
VmallocChunk:     181464 kB
Time pass: 270 sec

---2015-11-24 11:46:30
MemTotal:        1860984 kB
MemFree:           41876 kB
Buffers:           11208 kB
Cached:           832412 kB
SwapCached:        40356 kB
Active:           500112 kB
Inactive:         714172 kB
Active(anon):     268108 kB
Inactive(anon):   106520 kB
Active(file):     232004 kB
Inactive(file):   607652 kB
Unevictable:         860 kB
Mlocked:               0 kB
HighTotal:       1436668 kB
HighFree:          10700 kB
LowTotal:         424316 kB
LowFree:           31176 kB
SwapTotal:        716796 kB
SwapFree:         357032 kB
Dirty:                36 kB
Writeback:             0 kB
AnonPages:        369812 kB
Mapped:           249132 kB
Shmem:              3104 kB
Slab:              50708 kB
SReclaimable:      19304 kB
SUnreclaim:        31404 kB
KernelStack:       11680 kB
PageTables:        25076 kB
NFS_Unstable:          0 kB
Bounce:                0 kB
WritebackTmp:          0 kB
CommitLimit:     1647288 kB
Committed_AS:   56266048 kB
VmallocTotal:     458752 kB
VmallocUsed:      118048 kB
VmallocChunk:     181464 kB
Time pass: 274 sec

---2015-11-24 11:46:30
MemTotal:        1860984 kB
MemFree:           43252 kB
Buffers:           11216 kB
Cached:           832412 kB
SwapCached:        40356 kB
Active:           500552 kB
Inactive:         714196 kB
Active(anon):     268548 kB
Inactive(anon):   106536 kB
Active(file):     232004 kB
Inactive(file):   607660 kB
Unevictable:         860 kB
Mlocked:               0 kB
HighTotal:       1436668 kB
HighFree:          11512 kB
LowTotal:         424316 kB
LowFree:           31740 kB
SwapTotal:        716796 kB
SwapFree:         357048 kB
Dirty:                 0 kB
Writeback:             0 kB
AnonPages:        370272 kB
Mapped:           249132 kB
Shmem:              3104 kB
Slab:              50664 kB
SReclaimable:      19308 kB
SUnreclaim:        31356 kB
KernelStack:       11656 kB
PageTables:        25076 kB
NFS_Unstable:          0 kB
Bounce:                0 kB
WritebackTmp:          0 kB
CommitLimit:     1647288 kB
Committed_AS:   56266192 kB
VmallocTotal:     458752 kB
VmallocUsed:      118048 kB
VmallocChunk:     181464 kB
Time pass: 277 sec

---2015-11-24 11:46:30
MemTotal:        1860984 kB
MemFree:           44372 kB
Buffers:           11240 kB
Cached:           832492 kB
SwapCached:        40356 kB
Active:           497584 kB
Inactive:         713316 kB
Active(anon):     265580 kB
Inactive(anon):   105640 kB
Active(file):     232004 kB
Inactive(file):   607676 kB
Unevictable:         860 kB
Mlocked:               0 kB
HighTotal:       1436668 kB
HighFree:          12400 kB
LowTotal:         424316 kB
LowFree:           31972 kB
SwapTotal:        716796 kB
SwapFree:         352980 kB
Dirty:                60 kB
Writeback:             0 kB
AnonPages:        366368 kB
Mapped:           249212 kB
Shmem:              3184 kB
Slab:              50720 kB
SReclaimable:      19316 kB
SUnreclaim:        31404 kB
KernelStack:       11664 kB
PageTables:        25076 kB
NFS_Unstable:          0 kB
Bounce:                0 kB
WritebackTmp:          0 kB
CommitLimit:     1647288 kB
Committed_AS:   56266228 kB
VmallocTotal:     458752 kB
VmallocUsed:      118048 kB
VmallocChunk:     181464 kB
Time pass: 281 sec

---2015-11-24 11:46:30
MemTotal:        1860984 kB
MemFree:           99376 kB
Buffers:           11240 kB
Cached:           832508 kB
SwapCached:        39996 kB
Active:           500932 kB
Inactive:         662892 kB
Active(anon):     257396 kB
Inactive(anon):    66740 kB
Active(file):     243536 kB
Inactive(file):   596152 kB
Unevictable:         860 kB
Mlocked:               0 kB
HighTotal:       1436668 kB
HighFree:          59324 kB
LowTotal:         424316 kB
LowFree:           40052 kB
SwapTotal:        716796 kB
SwapFree:         391812 kB
Dirty:                 0 kB
Writeback:             0 kB
AnonPages:        319224 kB
Mapped:           227804 kB
Shmem:              3200 kB
Slab:              50008 kB
SReclaimable:      19020 kB
SUnreclaim:        30988 kB
KernelStack:       10336 kB
PageTables:        21368 kB
NFS_Unstable:          0 kB
Bounce:                0 kB
WritebackTmp:          0 kB
CommitLimit:     1647288 kB
Committed_AS:   46753360 kB
VmallocTotal:     458752 kB
VmallocUsed:      105808 kB
VmallocChunk:     181464 kB
Time pass: 285 sec

---2015-11-24 11:46:30
MemTotal:        1860984 kB
MemFree:          100440 kB
Buffers:           11248 kB
Cached:           832508 kB
SwapCached:        39996 kB
Active:           500076 kB
Inactive:         662896 kB
Active(anon):     256540 kB
Inactive(anon):    66736 kB
Active(file):     243536 kB
Inactive(file):   596160 kB
Unevictable:         860 kB
Mlocked:               0 kB
HighTotal:       1436668 kB
HighFree:          60352 kB
LowTotal:         424316 kB
LowFree:           40088 kB
SwapTotal:        716796 kB
SwapFree:         391816 kB
Dirty:                28 kB
Writeback:             0 kB
AnonPages:        318308 kB
Mapped:           227804 kB
Shmem:              3200 kB
Slab:              50004 kB
SReclaimable:      19020 kB
SUnreclaim:        30984 kB
KernelStack:       10320 kB
PageTables:        21364 kB
NFS_Unstable:          0 kB
Bounce:                0 kB
WritebackTmp:          0 kB
CommitLimit:     1647288 kB
Committed_AS:   46752148 kB
VmallocTotal:     458752 kB
VmallocUsed:      105808 kB
VmallocChunk:     181464 kB
Time pass: 288 sec

---2015-11-24 11:46:30
MemTotal:        1860984 kB
MemFree:          101620 kB
Buffers:           11264 kB
Cached:           832508 kB
SwapCached:        39996 kB
Active:           500072 kB
Inactive:         662920 kB
Active(anon):     256536 kB
Inactive(anon):    66744 kB
Active(file):     243536 kB
Inactive(file):   596176 kB
Unevictable:         860 kB
Mlocked:               0 kB
HighTotal:       1436668 kB
HighFree:          60740 kB
LowTotal:         424316 kB
LowFree:           40880 kB
SwapTotal:        716796 kB
SwapFree:         391824 kB
Dirty:                 0 kB
Writeback:             0 kB
AnonPages:        318372 kB
Mapped:           227804 kB
Shmem:              3200 kB
Slab:              49904 kB
SReclaimable:      19016 kB
SUnreclaim:        30888 kB
KernelStack:       10272 kB
PageTables:        21364 kB
NFS_Unstable:          0 kB
Bounce:                0 kB
WritebackTmp:          0 kB
CommitLimit:     1647288 kB
Committed_AS:   46752164 kB
VmallocTotal:     458752 kB
VmallocUsed:      105848 kB
VmallocChunk:     181464 kB
Time pass: 292 sec

---2015-11-24 11:46:30
MemTotal:        1860984 kB
MemFree:          100296 kB
Buffers:           11272 kB
Cached:           832508 kB
SwapCached:        39996 kB
Active:           500044 kB
Inactive:         662928 kB
Active(anon):     256508 kB
Inactive(anon):    66752 kB
Active(file):     243536 kB
Inactive(file):   596176 kB
Unevictable:         860 kB
Mlocked:               0 kB
HighTotal:       1436668 kB
HighFree:          59788 kB
LowTotal:         424316 kB
LowFree:           40508 kB
SwapTotal:        716796 kB
SwapFree:         391832 kB
Dirty:                28 kB
Writeback:             0 kB
AnonPages:        318316 kB
Mapped:           227804 kB
Shmem:              3200 kB
Slab:              49904 kB
SReclaimable:      19016 kB
SUnreclaim:        30888 kB
KernelStack:       10320 kB
PageTables:        21360 kB
NFS_Unstable:          0 kB
Bounce:                0 kB
WritebackTmp:          0 kB
CommitLimit:     1647288 kB
Committed_AS:   46752112 kB
VmallocTotal:     458752 kB
VmallocUsed:      105808 kB
VmallocChunk:     181464 kB
Time pass: 296 sec

---2015-11-24 11:46:30
MemTotal:        1860984 kB
MemFree:          100244 kB
Buffers:           11288 kB
Cached:           832508 kB
SwapCached:        39996 kB
Active:           500204 kB
Inactive:         662960 kB
Active(anon):     256668 kB
Inactive(anon):    66760 kB
Active(file):     243536 kB
Inactive(file):   596200 kB
Unevictable:         860 kB
Mlocked:               0 kB
HighTotal:       1436668 kB
HighFree:          59768 kB
LowTotal:         424316 kB
LowFree:           40476 kB
SwapTotal:        716796 kB
SwapFree:         391840 kB
Dirty:                 0 kB
Writeback:             0 kB
AnonPages:        318436 kB
Mapped:           227804 kB
Shmem:              3200 kB
Slab:              49936 kB
SReclaimable:      19016 kB
SUnreclaim:        30920 kB
KernelStack:       10320 kB
PageTables:        21372 kB
NFS_Unstable:          0 kB
Bounce:                0 kB
WritebackTmp:          0 kB
CommitLimit:     1647288 kB
Committed_AS:   46752168 kB
VmallocTotal:     458752 kB
VmallocUsed:      105808 kB
VmallocChunk:     181464 kB
Time pass: 299 sec

---2015-11-24 11:46:30
MemTotal:        1860984 kB
MemFree:          100120 kB
Buffers:           11296 kB
Cached:           832500 kB
SwapCached:        39996 kB
Active:           500156 kB
Inactive:         662960 kB
Active(anon):     256620 kB
Inactive(anon):    66760 kB
Active(file):     243536 kB
Inactive(file):   596200 kB
Unevictable:         860 kB
Mlocked:               0 kB
HighTotal:       1436668 kB
HighFree:          59768 kB
LowTotal:         424316 kB
LowFree:           40352 kB
SwapTotal:        716796 kB
SwapFree:         391840 kB
Dirty:                 0 kB
Writeback:             0 kB
AnonPages:        318448 kB
Mapped:           227804 kB
Shmem:              3200 kB
Slab:              49936 kB
SReclaimable:      19016 kB
SUnreclaim:        30920 kB
KernelStack:       10320 kB
PageTables:        21368 kB
NFS_Unstable:          0 kB
Bounce:                0 kB
WritebackTmp:          0 kB
CommitLimit:     1647288 kB
Committed_AS:   46752164 kB
VmallocTotal:     458752 kB
VmallocUsed:      105808 kB
VmallocChunk:     181464 kB
Time pass: 303 sec

---2015-11-24 11:46:30
MemTotal:        1860984 kB
MemFree:          100684 kB
Buffers:           11312 kB
Cached:           832508 kB
SwapCached:        39996 kB
Active:           500248 kB
Inactive:         663008 kB
Active(anon):     256712 kB
Inactive(anon):    66784 kB
Active(file):     243536 kB
Inactive(file):   596224 kB
Unevictable:         860 kB
Mlocked:               0 kB
HighTotal:       1436668 kB
HighFree:          60000 kB
LowTotal:         424316 kB
LowFree:           40684 kB
SwapTotal:        716796 kB
SwapFree:         391864 kB
Dirty:                40 kB
Writeback:             0 kB
AnonPages:        318612 kB
Mapped:           227804 kB
Shmem:              3200 kB
Slab:              49936 kB
SReclaimable:      19016 kB
SUnreclaim:        30920 kB
KernelStack:       10368 kB
PageTables:        21368 kB
NFS_Unstable:          0 kB
Bounce:                0 kB
WritebackTmp:          0 kB
CommitLimit:     1647288 kB
Committed_AS:   46752200 kB
VmallocTotal:     458752 kB
VmallocUsed:      105808 kB
VmallocChunk:     181464 kB
Time pass: 306 sec

---2015-11-24 11:46:30
MemTotal:        1860984 kB
MemFree:          100660 kB
Buffers:           11312 kB
Cached:           832508 kB
SwapCached:        39996 kB
Active:           500372 kB
Inactive:         663000 kB
Active(anon):     256836 kB
Inactive(anon):    66776 kB
Active(file):     243536 kB
Inactive(file):   596224 kB
Unevictable:         860 kB
Mlocked:               0 kB
HighTotal:       1436668 kB
HighFree:          60028 kB
LowTotal:         424316 kB
LowFree:           40632 kB
SwapTotal:        716796 kB
SwapFree:         391876 kB
Dirty:                 0 kB
Writeback:             0 kB
AnonPages:        318684 kB
Mapped:           227804 kB
Shmem:              3200 kB
Slab:              49904 kB
SReclaimable:      19016 kB
SUnreclaim:        30888 kB
KernelStack:       10312 kB
PageTables:        21368 kB
NFS_Unstable:          0 kB
Bounce:                0 kB
WritebackTmp:          0 kB
CommitLimit:     1647288 kB
Committed_AS:   46752292 kB
VmallocTotal:     458752 kB
VmallocUsed:      105808 kB
VmallocChunk:     181464 kB
Time pass: 310 sec

---2015-11-24 11:46:30
MemTotal:        1860984 kB
MemFree:           99908 kB
Buffers:           11336 kB
Cached:           832508 kB
SwapCached:        39996 kB
Active:           500472 kB
Inactive:         663032 kB
Active(anon):     256936 kB
Inactive(anon):    66792 kB
Active(file):     243536 kB
Inactive(file):   596240 kB
Unevictable:         860 kB
Mlocked:               0 kB
HighTotal:       1436668 kB
HighFree:          59408 kB
LowTotal:         424316 kB
LowFree:           40500 kB
SwapTotal:        716796 kB
SwapFree:         391884 kB
Dirty:                44 kB
Writeback:             0 kB
AnonPages:        318708 kB
Mapped:           227804 kB
Shmem:              3200 kB
Slab:              49892 kB
SReclaimable:      19012 kB
SUnreclaim:        30880 kB
KernelStack:       10320 kB
PageTables:        21368 kB
NFS_Unstable:          0 kB
Bounce:                0 kB
WritebackTmp:          0 kB
CommitLimit:     1647288 kB
Committed_AS:   46752332 kB
VmallocTotal:     458752 kB
VmallocUsed:      105808 kB
VmallocChunk:     181464 kB
Time pass: 313 sec

---2015-11-24 11:46:30
MemTotal:        1860984 kB
MemFree:          100396 kB
Buffers:           11336 kB
Cached:           832508 kB
SwapCached:        39996 kB
Active:           500456 kB
Inactive:         663056 kB
Active(anon):     256920 kB
Inactive(anon):    66808 kB
Active(file):     243536 kB
Inactive(file):   596248 kB
Unevictable:         860 kB
Mlocked:               0 kB
HighTotal:       1436668 kB
HighFree:          59904 kB
LowTotal:         424316 kB
LowFree:           40492 kB
SwapTotal:        716796 kB
SwapFree:         391896 kB
Dirty:                 0 kB
Writeback:             0 kB
AnonPages:        318832 kB
Mapped:           227804 kB
Shmem:              3200 kB
Slab:              49892 kB
SReclaimable:      19012 kB
SUnreclaim:        30880 kB
KernelStack:       10328 kB
PageTables:        21368 kB
NFS_Unstable:          0 kB
Bounce:                0 kB
WritebackTmp:          0 kB
CommitLimit:     1647288 kB
Committed_AS:   46752264 kB
VmallocTotal:     458752 kB
VmallocUsed:      105808 kB
VmallocChunk:     181464 kB
Time pass: 317 sec

---2015-11-24 11:46:30
MemTotal:        1860984 kB
MemFree:           99976 kB
Buffers:           11360 kB
Cached:           832492 kB
SwapCached:        39996 kB
Active:           500608 kB
Inactive:         663064 kB
Active(anon):     257072 kB
Inactive(anon):    66808 kB
Active(file):     243536 kB
Inactive(file):   596256 kB
Unevictable:         860 kB
Mlocked:               0 kB
HighTotal:       1436668 kB
HighFree:          59532 kB
LowTotal:         424316 kB
LowFree:           40444 kB
SwapTotal:        716796 kB
SwapFree:         391900 kB
Dirty:                28 kB
Writeback:             0 kB
AnonPages:        318796 kB
Mapped:           227804 kB
Shmem:              3200 kB
Slab:              49860 kB
SReclaimable:      19012 kB
SUnreclaim:        30848 kB
KernelStack:       10320 kB
PageTables:        21368 kB
NFS_Unstable:          0 kB
Bounce:                0 kB
WritebackTmp:          0 kB
CommitLimit:     1647288 kB
Committed_AS:   46752248 kB
VmallocTotal:     458752 kB
VmallocUsed:      105808 kB
VmallocChunk:     181464 kB
Time pass: 321 sec

---2015-11-24 11:46:30
MemTotal:        1860984 kB
MemFree:          100884 kB
Buffers:           11360 kB
Cached:           832508 kB
SwapCached:        39996 kB
Active:           499784 kB
Inactive:         663088 kB
Active(anon):     256248 kB
Inactive(anon):    66816 kB
Active(file):     243536 kB
Inactive(file):   596272 kB
Unevictable:         860 kB
Mlocked:               0 kB
HighTotal:       1436668 kB
HighFree:          60468 kB
LowTotal:         424316 kB
LowFree:           40416 kB
SwapTotal:        716796 kB
SwapFree:         391904 kB
Dirty:                 0 kB
Writeback:             0 kB
AnonPages:        318076 kB
Mapped:           227804 kB
Shmem:              3200 kB
Slab:              49860 kB
SReclaimable:      19012 kB
SUnreclaim:        30848 kB
KernelStack:       10320 kB
PageTables:        21368 kB
NFS_Unstable:          0 kB
Bounce:                0 kB
WritebackTmp:          0 kB
CommitLimit:     1647288 kB
Committed_AS:   46752296 kB
VmallocTotal:     458752 kB
VmallocUsed:      105808 kB
VmallocChunk:     181464 kB
Time pass: 324 sec

---2015-11-24 11:46:30
MemTotal:        1860984 kB
MemFree:           99688 kB
Buffers:           11368 kB
Cached:           832508 kB
SwapCached:        39992 kB
Active:           500680 kB
Inactive:         663116 kB
Active(anon):     257144 kB
Inactive(anon):    66844 kB
Active(file):     243536 kB
Inactive(file):   596272 kB
Unevictable:         860 kB
Mlocked:               0 kB
HighTotal:       1436668 kB
HighFree:          59320 kB
LowTotal:         424316 kB
LowFree:           40368 kB
SwapTotal:        716796 kB
SwapFree:         391948 kB
Dirty:                28 kB
Writeback:             0 kB
AnonPages:        319048 kB
Mapped:           227804 kB
