---2015-10-23 20:34:50
MemTotal:        1745540 kB
MemFree:          292536 kB
Buffers:           11344 kB
Cached:           375520 kB
SwapCached:        35748 kB
Active:           437912 kB
Inactive:         451732 kB
Active(anon):     263604 kB
Inactive(anon):   243076 kB
Active(file):     174308 kB
Inactive(file):   208656 kB
Unevictable:        3816 kB
Mlocked:               0 kB
HighTotal:       1217536 kB
HighFree:         217956 kB
LowTotal:         528004 kB
LowFree:           74580 kB
SwapTotal:       1310716 kB
SwapFree:         637900 kB
Dirty:                 0 kB
Writeback:             0 kB
AnonPages:        480084 kB
Mapped:           131104 kB
Shmem:                84 kB
Slab:              62484 kB
SReclaimable:      15876 kB
SUnreclaim:        46608 kB
KernelStack:       14104 kB
PageTables:        45384 kB
NFS_Unstable:          0 kB
Bounce:                0 kB
WritebackTmp:          0 kB
CommitLimit:     2183484 kB
Committed_AS:   107419468 kB
VmallocTotal:     311296 kB
VmallocUsed:       19464 kB
VmallocChunk:     151564 kB
Time pass: 3 sec

---2015-10-23 20:34:50
MemTotal:        1745540 kB
MemFree:          292364 kB
Buffers:           11344 kB
Cached:           375520 kB
SwapCached:        35748 kB
Active:           437932 kB
Inactive:         451732 kB
Active(anon):     263624 kB
Inactive(anon):   243076 kB
Active(file):     174308 kB
Inactive(file):   208656 kB
Unevictable:        3816 kB
Mlocked:               0 kB
HighTotal:       1217536 kB
HighFree:         217784 kB
LowTotal:         528004 kB
LowFree:           74580 kB
SwapTotal:       1310716 kB
SwapFree:         637900 kB
Dirty:                 0 kB
Writeback:             0 kB
AnonPages:        480216 kB
Mapped:           131104 kB
Shmem:                84 kB
Slab:              62484 kB
SReclaimable:      15876 kB
SUnreclaim:        46608 kB
KernelStack:       14104 kB
PageTables:        45384 kB
NFS_Unstable:          0 kB
Bounce:                0 kB
WritebackTmp:          0 kB
CommitLimit:     2183484 kB
Committed_AS:   107419548 kB
VmallocTotal:     311296 kB
VmallocUsed:       19464 kB
VmallocChunk:     151564 kB
Time pass: 7 sec

---2015-10-23 20:34:50
MemTotal:        1745540 kB
MemFree:          292328 kB
Buffers:           11344 kB
Cached:           375520 kB
SwapCached:        35748 kB
Active:           438088 kB
Inactive:         451732 kB
Active(anon):     263780 kB
Inactive(anon):   243076 kB
Active(file):     174308 kB
Inactive(file):   208656 kB
Unevictable:        3816 kB
Mlocked:               0 kB
HighTotal:       1217536 kB
HighFree:         217748 kB
LowTotal:         528004 kB
LowFree:           74580 kB
SwapTotal:       1310716 kB
SwapFree:         637900 kB
Dirty:                 0 kB
Writeback:             0 kB
AnonPages:        480360 kB
Mapped:           131104 kB
Shmem:                84 kB
Slab:              62484 kB
SReclaimable:      15876 kB
SUnreclaim:        46608 kB
KernelStack:       14104 kB
PageTables:        45384 kB
NFS_Unstable:          0 kB
Bounce:                0 kB
WritebackTmp:          0 kB
CommitLimit:     2183484 kB
Committed_AS:   107419748 kB
VmallocTotal:     311296 kB
VmallocUsed:       19464 kB
VmallocChunk:     151564 kB
Time pass: 10 sec

---2015-10-23 20:34:50
MemTotal:        1745540 kB
MemFree:          292028 kB
Buffers:           11344 kB
Cached:           375520 kB
SwapCached:        35748 kB
Active:           438272 kB
Inactive:         451732 kB
Active(anon):     263964 kB
Inactive(anon):   243076 kB
Active(file):     174308 kB
Inactive(file):   208656 kB
Unevictable:        3816 kB
Mlocked:               0 kB
HighTotal:       1217536 kB
HighFree:         217448 kB
LowTotal:         528004 kB
LowFree:           74580 kB
SwapTotal:       1310716 kB
SwapFree:         637900 kB
Dirty:                 0 kB
Writeback:             0 kB
AnonPages:        480504 kB
Mapped:           131104 kB
Shmem:                84 kB
Slab:              62484 kB
SReclaimable:      15876 kB
SUnreclaim:        46608 kB
KernelStack:       14104 kB
PageTables:        45384 kB
NFS_Unstable:          0 kB
Bounce:                0 kB
WritebackTmp:          0 kB
CommitLimit:     2183484 kB
Committed_AS:   107419828 kB
VmallocTotal:     311296 kB
VmallocUsed:       19464 kB
VmallocChunk:     151564 kB
Time pass: 14 sec

---2015-10-23 20:34:50
MemTotal:        1745540 kB
MemFree:          291796 kB
Buffers:           11344 kB
Cached:           375520 kB
SwapCached:        35748 kB
Active:           438452 kB
Inactive:         451732 kB
Active(anon):     264144 kB
Inactive(anon):   243076 kB
Active(file):     174308 kB
Inactive(file):   208656 kB
Unevictable:        3816 kB
Mlocked:               0 kB
HighTotal:       1217536 kB
HighFree:         217216 kB
LowTotal:         528004 kB
LowFree:           74580 kB
SwapTotal:       1310716 kB
SwapFree:         637900 kB
Dirty:                 0 kB
Writeback:             0 kB
AnonPages:        480604 kB
Mapped:           131104 kB
Shmem:                84 kB
Slab:              62484 kB
SReclaimable:      15876 kB
SUnreclaim:        46608 kB
KernelStack:       14104 kB
PageTables:        45384 kB
NFS_Unstable:          0 kB
Bounce:                0 kB
WritebackTmp:          0 kB
CommitLimit:     2183484 kB
Committed_AS:   107420036 kB
VmallocTotal:     311296 kB
VmallocUsed:       19464 kB
VmallocChunk:     151564 kB
Time pass: 18 sec

---2015-10-23 20:34:50
MemTotal:        1745540 kB
MemFree:          291764 kB
Buffers:           11344 kB
Cached:           375520 kB
SwapCached:        35748 kB
Active:           438596 kB
Inactive:         451732 kB
Active(anon):     264288 kB
Inactive(anon):   243076 kB
Active(file):     174308 kB
Inactive(file):   208656 kB
Unevictable:        3816 kB
Mlocked:               0 kB
HighTotal:       1217536 kB
HighFree:         217184 kB
LowTotal:         528004 kB
LowFree:           74580 kB
SwapTotal:       1310716 kB
SwapFree:         637900 kB
Dirty:                 0 kB
Writeback:             0 kB
AnonPages:        480672 kB
Mapped:           131104 kB
Shmem:                84 kB
Slab:              62484 kB
SReclaimable:      15876 kB
SUnreclaim:        46608 kB
KernelStack:       14104 kB
PageTables:        45384 kB
NFS_Unstable:          0 kB
Bounce:                0 kB
WritebackTmp:          0 kB
CommitLimit:     2183484 kB
Committed_AS:   107420116 kB
VmallocTotal:     311296 kB
VmallocUsed:       19464 kB
VmallocChunk:     151564 kB
Time pass: 21 sec

---2015-10-23 20:34:50
MemTotal:        1745540 kB
MemFree:          291680 kB
Buffers:           11344 kB
Cached:           375520 kB
SwapCached:        35748 kB
Active:           438656 kB
Inactive:         451732 kB
Active(anon):     264348 kB
Inactive(anon):   243076 kB
Active(file):     174308 kB
Inactive(file):   208656 kB
Unevictable:        3816 kB
Mlocked:               0 kB
HighTotal:       1217536 kB
HighFree:         217100 kB
LowTotal:         528004 kB
LowFree:           74580 kB
SwapTotal:       1310716 kB
SwapFree:         637900 kB
Dirty:                 0 kB
Writeback:             0 kB
AnonPages:        480892 kB
Mapped:           131104 kB
Shmem:                84 kB
Slab:              62484 kB
SReclaimable:      15876 kB
SUnreclaim:        46608 kB
KernelStack:       14104 kB
PageTables:        45384 kB
NFS_Unstable:          0 kB
Bounce:                0 kB
WritebackTmp:          0 kB
CommitLimit:     2183484 kB
Committed_AS:   107420188 kB
VmallocTotal:     311296 kB
VmallocUsed:       19464 kB
VmallocChunk:     151564 kB
Time pass: 25 sec

---2015-10-23 20:34:50
MemTotal:        1745540 kB
MemFree:          291336 kB
Buffers:           11344 kB
Cached:           375520 kB
SwapCached:        35748 kB
Active:           438860 kB
Inactive:         451732 kB
Active(anon):     264552 kB
Inactive(anon):   243076 kB
Active(file):     174308 kB
Inactive(file):   208656 kB
Unevictable:        3816 kB
Mlocked:               0 kB
HighTotal:       1217536 kB
HighFree:         216880 kB
LowTotal:         528004 kB
LowFree:           74456 kB
SwapTotal:       1310716 kB
SwapFree:         637900 kB
Dirty:                 0 kB
Writeback:             0 kB
AnonPages:        481068 kB
Mapped:           131104 kB
Shmem:                84 kB
Slab:              62484 kB
SReclaimable:      15876 kB
SUnreclaim:        46608 kB
KernelStack:       14104 kB
PageTables:        45384 kB
NFS_Unstable:          0 kB
Bounce:                0 kB
WritebackTmp:          0 kB
CommitLimit:     2183484 kB
Committed_AS:   107420396 kB
VmallocTotal:     311296 kB
VmallocUsed:       19464 kB
VmallocChunk:     151564 kB
Time pass: 29 sec

---2015-10-23 20:34:50
MemTotal:        1745540 kB
MemFree:          290984 kB
Buffers:           11344 kB
Cached:           375520 kB
SwapCached:        35748 kB
Active:           439076 kB
Inactive:         451732 kB
Active(anon):     264768 kB
Inactive(anon):   243076 kB
Active(file):     174308 kB
Inactive(file):   208656 kB
Unevictable:        3816 kB
Mlocked:               0 kB
HighTotal:       1217536 kB
HighFree:         216528 kB
LowTotal:         528004 kB
LowFree:           74456 kB
SwapTotal:       1310716 kB
SwapFree:         637900 kB
Dirty:                 0 kB
Writeback:             0 kB
AnonPages:        481172 kB
Mapped:           131228 kB
Shmem:                84 kB
Slab:              62484 kB
SReclaimable:      15876 kB
SUnreclaim:        46608 kB
KernelStack:       14104 kB
PageTables:        45384 kB
NFS_Unstable:          0 kB
Bounce:                0 kB
WritebackTmp:          0 kB
CommitLimit:     2183484 kB
Committed_AS:   107420476 kB
VmallocTotal:     311296 kB
VmallocUsed:       19464 kB
VmallocChunk:     151564 kB
Time pass: 32 sec

---2015-10-23 20:34:50
MemTotal:        1745540 kB
MemFree:          290968 kB
Buffers:           11344 kB
Cached:           375520 kB
SwapCached:        35748 kB
Active:           439096 kB
Inactive:         451732 kB
Active(anon):     264788 kB
Inactive(anon):   243076 kB
Active(file):     174308 kB
Inactive(file):   208656 kB
Unevictable:        3816 kB
Mlocked:               0 kB
HighTotal:       1217536 kB
HighFree:         216636 kB
LowTotal:         528004 kB
LowFree:           74332 kB
SwapTotal:       1310716 kB
SwapFree:         637900 kB
Dirty:                 0 kB
Writeback:             0 kB
AnonPages:        481300 kB
Mapped:           131104 kB
Shmem:                84 kB
Slab:              62484 kB
SReclaimable:      15876 kB
SUnreclaim:        46608 kB
KernelStack:       14104 kB
PageTables:        45384 kB
NFS_Unstable:          0 kB
Bounce:                0 kB
WritebackTmp:          0 kB
CommitLimit:     2183484 kB
Committed_AS:   107420548 kB
VmallocTotal:     311296 kB
VmallocUsed:       19464 kB
VmallocChunk:     151564 kB
Time pass: 36 sec

---2015-10-23 20:34:50
MemTotal:        1745540 kB
MemFree:          290988 kB
Buffers:           11344 kB
Cached:           375520 kB
SwapCached:        35748 kB
Active:           439264 kB
Inactive:         451716 kB
Active(anon):     264956 kB
Inactive(anon):   243060 kB
Active(file):     174308 kB
Inactive(file):   208656 kB
Unevictable:        3816 kB
Mlocked:               0 kB
HighTotal:       1217536 kB
HighFree:         216532 kB
LowTotal:         528004 kB
LowFree:           74456 kB
SwapTotal:       1310716 kB
SwapFree:         637900 kB
Dirty:                 0 kB
Writeback:             0 kB
AnonPages:        481420 kB
Mapped:           131104 kB
Shmem:                84 kB
Slab:              62484 kB
SReclaimable:      15876 kB
SUnreclaim:        46608 kB
KernelStack:       14104 kB
PageTables:        45384 kB
NFS_Unstable:          0 kB
Bounce:                0 kB
WritebackTmp:          0 kB
CommitLimit:     2183484 kB
Committed_AS:   107420748 kB
VmallocTotal:     311296 kB
VmallocUsed:       19464 kB
VmallocChunk:     151564 kB
Time pass: 40 sec

---2015-10-23 20:34:50
MemTotal:        1745540 kB
MemFree:          290788 kB
Buffers:           11344 kB
Cached:           375520 kB
SwapCached:        35748 kB
Active:           439396 kB
Inactive:         451716 kB
Active(anon):     265088 kB
Inactive(anon):   243060 kB
Active(file):     174308 kB
Inactive(file):   208656 kB
Unevictable:        3816 kB
Mlocked:               0 kB
HighTotal:       1217536 kB
HighFree:         216456 kB
LowTotal:         528004 kB
LowFree:           74332 kB
SwapTotal:       1310716 kB
SwapFree:         637900 kB
Dirty:                 0 kB
Writeback:             0 kB
AnonPages:        481576 kB
Mapped:           131228 kB
Shmem:                84 kB
Slab:              62484 kB
SReclaimable:      15876 kB
SUnreclaim:        46608 kB
KernelStack:       14104 kB
PageTables:        45384 kB
NFS_Unstable:          0 kB
Bounce:                0 kB
WritebackTmp:          0 kB
CommitLimit:     2183484 kB
Committed_AS:   107420828 kB
VmallocTotal:     311296 kB
VmallocUsed:       19464 kB
VmallocChunk:     151564 kB
Time pass: 43 sec

---2015-10-23 20:34:50
MemTotal:        1745540 kB
MemFree:          290784 kB
Buffers:           11344 kB
Cached:           375520 kB
SwapCached:        35748 kB
Active:           439488 kB
Inactive:         451716 kB
Active(anon):     265180 kB
Inactive(anon):   243060 kB
Active(file):     174308 kB
Inactive(file):   208656 kB
Unevictable:        3816 kB
Mlocked:               0 kB
HighTotal:       1217536 kB
HighFree:         216328 kB
LowTotal:         528004 kB
LowFree:           74456 kB
SwapTotal:       1310716 kB
SwapFree:         637900 kB
Dirty:                 0 kB
Writeback:             0 kB
AnonPages:        481680 kB
Mapped:           131104 kB
Shmem:                84 kB
Slab:              62484 kB
SReclaimable:      15876 kB
SUnreclaim:        46608 kB
KernelStack:       14104 kB
PageTables:        45384 kB
NFS_Unstable:          0 kB
Bounce:                0 kB
WritebackTmp:          0 kB
CommitLimit:     2183484 kB
Committed_AS:   107420908 kB
VmallocTotal:     311296 kB
VmallocUsed:       19464 kB
VmallocChunk:     151564 kB
Time pass: 47 sec

---2015-10-23 20:34:50
MemTotal:        1745540 kB
MemFree:          290576 kB
Buffers:           11344 kB
Cached:           375520 kB
SwapCached:        35748 kB
Active:           439632 kB
Inactive:         451716 kB
Active(anon):     265324 kB
Inactive(anon):   243060 kB
Active(file):     174308 kB
Inactive(file):   208656 kB
Unevictable:        3816 kB
Mlocked:               0 kB
HighTotal:       1217536 kB
HighFree:         216244 kB
LowTotal:         528004 kB
LowFree:           74332 kB
SwapTotal:       1310716 kB
SwapFree:         637900 kB
Dirty:                 0 kB
Writeback:             0 kB
AnonPages:        481808 kB
Mapped:           131104 kB
Shmem:                84 kB
Slab:              62484 kB
SReclaimable:      15876 kB
SUnreclaim:        46608 kB
KernelStack:       14104 kB
PageTables:        45384 kB
NFS_Unstable:          0 kB
Bounce:                0 kB
WritebackTmp:          0 kB
CommitLimit:     2183484 kB
Committed_AS:   107420996 kB
VmallocTotal:     311296 kB
VmallocUsed:       19464 kB
VmallocChunk:     151564 kB
Time pass: 51 sec

---2015-10-23 20:34:50
MemTotal:        1745540 kB
MemFree:          290220 kB
Buffers:           11344 kB
Cached:           375520 kB
SwapCached:        35748 kB
Active:           439724 kB
Inactive:         451716 kB
Active(anon):     265416 kB
Inactive(anon):   243060 kB
Active(file):     174308 kB
Inactive(file):   208656 kB
Unevictable:        3816 kB
Mlocked:               0 kB
HighTotal:       1217536 kB
HighFree:         215888 kB
LowTotal:         528004 kB
LowFree:           74332 kB
SwapTotal:       1310716 kB
SwapFree:         637900 kB
Dirty:                 0 kB
Writeback:             0 kB
AnonPages:        481896 kB
Mapped:           131228 kB
Shmem:                84 kB
Slab:              62484 kB
SReclaimable:      15876 kB
SUnreclaim:        46608 kB
KernelStack:       14104 kB
PageTables:        45384 kB
NFS_Unstable:          0 kB
Bounce:                0 kB
WritebackTmp:          0 kB
CommitLimit:     2183484 kB
Committed_AS:   107421196 kB
VmallocTotal:     311296 kB
VmallocUsed:       19464 kB
VmallocChunk:     151564 kB
Time pass: 54 sec

---2015-10-23 20:34:50
MemTotal:        1745540 kB
MemFree:          290320 kB
Buffers:           11344 kB
Cached:           375520 kB
SwapCached:        35748 kB
Active:           440012 kB
Inactive:         451716 kB
Active(anon):     265704 kB
Inactive(anon):   243060 kB
Active(file):     174308 kB
Inactive(file):   208656 kB
Unevictable:        3816 kB
Mlocked:               0 kB
HighTotal:       1217536 kB
HighFree:         215864 kB
LowTotal:         528004 kB
LowFree:           74456 kB
SwapTotal:       1310716 kB
SwapFree:         637904 kB
Dirty:                 0 kB
Writeback:             0 kB
AnonPages:        481984 kB
Mapped:           131228 kB
Shmem:                84 kB
Slab:              62484 kB
SReclaimable:      15876 kB
SUnreclaim:        46608 kB
KernelStack:       14104 kB
PageTables:        45384 kB
NFS_Unstable:          0 kB
Bounce:                0 kB
WritebackTmp:          0 kB
CommitLimit:     2183484 kB
Committed_AS:   107421352 kB
VmallocTotal:     311296 kB
VmallocUsed:       19464 kB
VmallocChunk:     151564 kB
Time pass: 58 sec

---2015-10-23 20:34:50
MemTotal:        1745540 kB
MemFree:          290296 kB
Buffers:           11344 kB
Cached:           375520 kB
SwapCached:        35748 kB
Active:           440008 kB
Inactive:         451720 kB
Active(anon):     265700 kB
Inactive(anon):   243064 kB
Active(file):     174308 kB
Inactive(file):   208656 kB
Unevictable:        3816 kB
Mlocked:               0 kB
HighTotal:       1217536 kB
HighFree:         215840 kB
LowTotal:         528004 kB
LowFree:           74456 kB
SwapTotal:       1310716 kB
SwapFree:         637904 kB
Dirty:                 0 kB
Writeback:             0 kB
AnonPages:        482188 kB
Mapped:           131104 kB
Shmem:                84 kB
Slab:              62484 kB
SReclaimable:      15876 kB
SUnreclaim:        46608 kB
KernelStack:       14104 kB
PageTables:        45384 kB
NFS_Unstable:          0 kB
Bounce:                0 kB
WritebackTmp:          0 kB
CommitLimit:     2183484 kB
Committed_AS:   107421476 kB
VmallocTotal:     311296 kB
VmallocUsed:       19464 kB
VmallocChunk:     151564 kB
Time pass: 62 sec

---2015-10-23 20:34:50
MemTotal:        1745540 kB
MemFree:          290016 kB
Buffers:           11344 kB
Cached:           375520 kB
SwapCached:        35748 kB
Active:           440076 kB
Inactive:         451720 kB
Active(anon):     265768 kB
Inactive(anon):   243064 kB
Active(file):     174308 kB
Inactive(file):   208656 kB
Unevictable:        3816 kB
Mlocked:               0 kB
HighTotal:       1217536 kB
HighFree:         215684 kB
LowTotal:         528004 kB
LowFree:           74332 kB
SwapTotal:       1310716 kB
SwapFree:         637904 kB
Dirty:                 0 kB
Writeback:             0 kB
AnonPages:        482276 kB
Mapped:           131104 kB
Shmem:                84 kB
Slab:              62484 kB
SReclaimable:      15876 kB
SUnreclaim:        46608 kB
KernelStack:       14104 kB
PageTables:        45384 kB
NFS_Unstable:          0 kB
Bounce:                0 kB
WritebackTmp:          0 kB
CommitLimit:     2183484 kB
Committed_AS:   107421548 kB
VmallocTotal:     311296 kB
VmallocUsed:       19464 kB
VmallocChunk:     151564 kB
Time pass: 65 sec

---2015-10-23 20:34:50
MemTotal:        1745540 kB
MemFree:          289772 kB
Buffers:           11344 kB
Cached:           375520 kB
SwapCached:        35748 kB
Active:           440232 kB
Inactive:         451720 kB
Active(anon):     265924 kB
Inactive(anon):   243064 kB
Active(file):     174308 kB
Inactive(file):   208656 kB
Unevictable:        3816 kB
Mlocked:               0 kB
HighTotal:       1217536 kB
HighFree:         215440 kB
LowTotal:         528004 kB
LowFree:           74332 kB
SwapTotal:       1310716 kB
SwapFree:         637912 kB
Dirty:                 0 kB
Writeback:             0 kB
AnonPages:        482424 kB
Mapped:           131104 kB
Shmem:                84 kB
Slab:              62484 kB
SReclaimable:      15876 kB
SUnreclaim:        46608 kB
KernelStack:       14104 kB
PageTables:        45384 kB
NFS_Unstable:          0 kB
Bounce:                0 kB
WritebackTmp:          0 kB
CommitLimit:     2183484 kB
Committed_AS:   107421756 kB
VmallocTotal:     311296 kB
VmallocUsed:       19464 kB
VmallocChunk:     151564 kB
Time pass: 69 sec

---2015-10-23 20:34:50
MemTotal:        1745540 kB
MemFree:          289824 kB
Buffers:           11344 kB
Cached:           375520 kB
SwapCached:        35748 kB
Active:           440400 kB
Inactive:         451728 kB
Active(anon):     266092 kB
Inactive(anon):   243072 kB
Active(file):     174308 kB
Inactive(file):   208656 kB
Unevictable:        3816 kB
Mlocked:               0 kB
HighTotal:       1217536 kB
HighFree:         215500 kB
LowTotal:         528004 kB
LowFree:           74324 kB
SwapTotal:       1310716 kB
SwapFree:         637912 kB
Dirty:                 0 kB
Writeback:             0 kB
AnonPages:        482540 kB
Mapped:           131104 kB
Shmem:                84 kB
Slab:              62484 kB
SReclaimable:      15876 kB
SUnreclaim:        46608 kB
KernelStack:       14112 kB
PageTables:        45388 kB
NFS_Unstable:          0 kB
Bounce:                0 kB
WritebackTmp:          0 kB
CommitLimit:     2183484 kB
Committed_AS:   107421836 kB
VmallocTotal:     311296 kB
VmallocUsed:       19464 kB
VmallocChunk:     151564 kB
Time pass: 73 sec

---2015-10-23 20:34:50
MemTotal:        1745540 kB
MemFree:          289652 kB
Buffers:           11344 kB
Cached:           375520 kB
SwapCached:        35748 kB
Active:           440328 kB
Inactive:         451728 kB
Active(anon):     266020 kB
Inactive(anon):   243072 kB
Active(file):     174308 kB
Inactive(file):   208656 kB
Unevictable:        3816 kB
Mlocked:               0 kB
HighTotal:       1217536 kB
HighFree:         215320 kB
LowTotal:         528004 kB
LowFree:           74332 kB
SwapTotal:       1310716 kB
SwapFree:         637912 kB
Dirty:                 0 kB
Writeback:             0 kB
AnonPages:        482604 kB
Mapped:           131228 kB
Shmem:                84 kB
Slab:              62484 kB
SReclaimable:      15876 kB
SUnreclaim:        46608 kB
KernelStack:       14104 kB
PageTables:        45384 kB
NFS_Unstable:          0 kB
Bounce:                0 kB
WritebackTmp:          0 kB
CommitLimit:     2183484 kB
Committed_AS:   107421868 kB
VmallocTotal:     311296 kB
VmallocUsed:       19464 kB
VmallocChunk:     151564 kB
Time pass: 76 sec

---2015-10-23 20:34:50
MemTotal:        1745540 kB
MemFree:          289476 kB
Buffers:           11344 kB
Cached:           375520 kB
SwapCached:        35748 kB
Active:           440524 kB
Inactive:         451728 kB
Active(anon):     266216 kB
Inactive(anon):   243072 kB
Active(file):     174308 kB
Inactive(file):   208656 kB
Unevictable:        3816 kB
Mlocked:               0 kB
HighTotal:       1217536 kB
HighFree:         215168 kB
LowTotal:         528004 kB
LowFree:           74308 kB
SwapTotal:       1310716 kB
SwapFree:         637912 kB
Dirty:                 0 kB
Writeback:             0 kB
AnonPages:        482796 kB
Mapped:           131104 kB
Shmem:                84 kB
Slab:              62484 kB
SReclaimable:      15876 kB
SUnreclaim:        46608 kB
KernelStack:       14112 kB
PageTables:        45384 kB
NFS_Unstable:          0 kB
Bounce:                0 kB
WritebackTmp:          0 kB
CommitLimit:     2183484 kB
Committed_AS:   107422068 kB
VmallocTotal:     311296 kB
VmallocUsed:       19464 kB
VmallocChunk:     151564 kB
Time pass: 80 sec

---2015-10-23 20:34:50
MemTotal:        1745540 kB
MemFree:          289600 kB
Buffers:           11344 kB
Cached:           375520 kB
SwapCached:        35748 kB
Active:           440728 kB
Inactive:         451728 kB
Active(anon):     266420 kB
Inactive(anon):   243072 kB
Active(file):     174308 kB
Inactive(file):   208656 kB
Unevictable:        3816 kB
Mlocked:               0 kB
HighTotal:       1217536 kB
HighFree:         215144 kB
LowTotal:         528004 kB
LowFree:           74456 kB
SwapTotal:       1310716 kB
SwapFree:         637912 kB
Dirty:                 0 kB
Writeback:             0 kB
AnonPages:        482916 kB
Mapped:           131104 kB
Shmem:                84 kB
Slab:              62484 kB
SReclaimable:      15876 kB
SUnreclaim:        46608 kB
KernelStack:       14104 kB
PageTables:        45384 kB
NFS_Unstable:          0 kB
Bounce:                0 kB
WritebackTmp:          0 kB
CommitLimit:     2183484 kB
Committed_AS:   107422156 kB
VmallocTotal:     311296 kB
VmallocUsed:       19464 kB
VmallocChunk:     151564 kB
Time pass: 84 sec

---2015-10-23 20:34:50
MemTotal:        1745540 kB
MemFree:          289076 kB
Buffers:           11344 kB
Cached:           375520 kB
SwapCached:        35748 kB
Active:           441024 kB
Inactive:         451728 kB
Active(anon):     266716 kB
Inactive(anon):   243072 kB
Active(file):     174308 kB
Inactive(file):   208656 kB
Unevictable:        3816 kB
Mlocked:               0 kB
HighTotal:       1217536 kB
HighFree:         214744 kB
LowTotal:         528004 kB
LowFree:           74332 kB
SwapTotal:       1310716 kB
SwapFree:         637912 kB
Dirty:                 0 kB
Writeback:             0 kB
AnonPages:        483272 kB
Mapped:           131228 kB
Shmem:                84 kB
Slab:              62480 kB
SReclaimable:      15876 kB
SUnreclaim:        46604 kB
KernelStack:       14104 kB
PageTables:        45384 kB
NFS_Unstable:          0 kB
Bounce:                0 kB
WritebackTmp:          0 kB
CommitLimit:     2183484 kB
Committed_AS:   107424576 kB
VmallocTotal:     311296 kB
VmallocUsed:       19464 kB
VmallocChunk:     151564 kB
Time pass: 87 sec

---2015-10-23 20:34:50
MemTotal:        1745540 kB
MemFree:          258132 kB
Buffers:           11416 kB
Cached:           387336 kB
SwapCached:        35748 kB
Active:           459844 kB
Inactive:         463384 kB
Active(anon):     285288 kB
Inactive(anon):   243088 kB
Active(file):     174556 kB
Inactive(file):   220296 kB
Unevictable:        3816 kB
Mlocked:               0 kB
HighTotal:       1217536 kB
HighFree:         184732 kB
LowTotal:         528004 kB
LowFree:           73400 kB
SwapTotal:       1310716 kB
SwapFree:         637928 kB
Dirty:                 0 kB
Writeback:             0 kB
AnonPages:        501784 kB
Mapped:           135020 kB
Shmem:                84 kB
Slab:              62480 kB
SReclaimable:      15876 kB
SUnreclaim:        46604 kB
KernelStack:       14256 kB
PageTables:        46440 kB
NFS_Unstable:          0 kB
Bounce:                0 kB
WritebackTmp:          0 kB
CommitLimit:     2183484 kB
Committed_AS:   110421592 kB
VmallocTotal:     311296 kB
VmallocUsed:       20484 kB
VmallocChunk:     151564 kB
Time pass: 91 sec

---2015-10-23 20:34:50
MemTotal:        1745540 kB
MemFree:          155368 kB
Buffers:           12736 kB
Cached:           409684 kB
SwapCached:        35852 kB
Active:           498668 kB
Inactive:         481172 kB
Active(anon):     317520 kB
Inactive(anon):   243932 kB
Active(file):     181148 kB
Inactive(file):   237240 kB
Unevictable:        3816 kB
Mlocked:               0 kB
HighTotal:       1217536 kB
HighFree:          85888 kB
LowTotal:         528004 kB
LowFree:           69480 kB
SwapTotal:       1310716 kB
SwapFree:         638884 kB
Dirty:              1084 kB
Writeback:             0 kB
AnonPages:        534620 kB
Mapped:           199208 kB
Shmem:               216 kB
Slab:              62412 kB
SReclaimable:      15876 kB
SUnreclaim:        46536 kB
KernelStack:       14792 kB
PageTables:        48004 kB
NFS_Unstable:          0 kB
Bounce:                0 kB
WritebackTmp:          0 kB
CommitLimit:     2183484 kB
Committed_AS:   113524540 kB
VmallocTotal:     311296 kB
VmallocUsed:       21020 kB
VmallocChunk:     151564 kB
Time pass: 95 sec

---2015-10-23 20:34:50
MemTotal:        1745540 kB
MemFree:          120472 kB
Buffers:           12760 kB
Cached:           411444 kB
SwapCached:        35856 kB
Active:           514620 kB
Inactive:         476476 kB
Active(anon):     333472 kB
Inactive(anon):   237484 kB
Active(file):     181148 kB
Inactive(file):   238992 kB
Unevictable:        3816 kB
Mlocked:               0 kB
HighTotal:       1217536 kB
HighFree:          54704 kB
LowTotal:         528004 kB
LowFree:           65768 kB
SwapTotal:       1310716 kB
SwapFree:         639540 kB
Dirty:               772 kB
Writeback:             0 kB
AnonPages:        544244 kB
Mapped:           218212 kB
Shmem:               220 kB
Slab:              62340 kB
SReclaimable:      15876 kB
SUnreclaim:        46464 kB
KernelStack:       14984 kB
PageTables:        48176 kB
NFS_Unstable:          0 kB
Bounce:                0 kB
WritebackTmp:          0 kB
CommitLimit:     2183484 kB
Committed_AS:   113532172 kB
VmallocTotal:     311296 kB
VmallocUsed:       21044 kB
VmallocChunk:     151564 kB
Time pass: 99 sec

---2015-10-23 20:34:50
MemTotal:        1745540 kB
MemFree:           98372 kB
Buffers:           12760 kB
Cached:           413048 kB
SwapCached:        35856 kB
Active:           510392 kB
Inactive:         476676 kB
Active(anon):     329132 kB
Inactive(anon):   236164 kB
Active(file):     181260 kB
Inactive(file):   240512 kB
Unevictable:        3816 kB
Mlocked:               0 kB
HighTotal:       1217536 kB
HighFree:          59140 kB
LowTotal:         528004 kB
LowFree:           39232 kB
SwapTotal:       1310716 kB
SwapFree:         639540 kB
Dirty:              3524 kB
Writeback:             0 kB
AnonPages:        538480 kB
Mapped:           244452 kB
Shmem:               220 kB
Slab:              62324 kB
SReclaimable:      15860 kB
SUnreclaim:        46464 kB
KernelStack:       14888 kB
PageTables:        48264 kB
NFS_Unstable:          0 kB
Bounce:                0 kB
WritebackTmp:          0 kB
CommitLimit:     2183484 kB
Committed_AS:   113535380 kB
VmallocTotal:     311296 kB
VmallocUsed:       21072 kB
VmallocChunk:     151564 kB
Time pass: 102 sec

---2015-10-23 20:34:50
MemTotal:        1745540 kB
MemFree:           98672 kB
Buffers:           12768 kB
Cached:           412888 kB
SwapCached:        35856 kB
Active:           510504 kB
Inactive:         476464 kB
Active(anon):     329244 kB
Inactive(anon):   236104 kB
Active(file):     181260 kB
Inactive(file):   240360 kB
Unevictable:        3816 kB
Mlocked:               0 kB
HighTotal:       1217536 kB
HighFree:          59244 kB
LowTotal:         528004 kB
LowFree:           39428 kB
SwapTotal:       1310716 kB
SwapFree:         639540 kB
Dirty:               100 kB
Writeback:             0 kB
AnonPages:        538448 kB
Mapped:           244400 kB
Shmem:               220 kB
Slab:              62372 kB
SReclaimable:      15856 kB
SUnreclaim:        46516 kB
KernelStack:       14872 kB
PageTables:        48248 kB
NFS_Unstable:          0 kB
Bounce:                0 kB
WritebackTmp:          0 kB
CommitLimit:     2183484 kB
Committed_AS:   113535460 kB
VmallocTotal:     311296 kB
VmallocUsed:       21072 kB
VmallocChunk:     151564 kB
Time pass: 106 sec

---2015-10-23 20:34:50
MemTotal:        1745540 kB
MemFree:           98988 kB
Buffers:           12768 kB
Cached:           412584 kB
SwapCached:        35856 kB
Active:           510556 kB
Inactive:         476144 kB
Active(anon):     329280 kB
Inactive(anon):   236104 kB
Active(file):     181276 kB
Inactive(file):   240040 kB
Unevictable:        3816 kB
Mlocked:               0 kB
HighTotal:       1217536 kB
HighFree:          59196 kB
LowTotal:         528004 kB
LowFree:           39792 kB
SwapTotal:       1310716 kB
SwapFree:         639540 kB
Dirty:                 0 kB
Writeback:             0 kB
AnonPages:        538692 kB
Mapped:           244320 kB
Shmem:               220 kB
Slab:              62372 kB
SReclaimable:      15856 kB
SUnreclaim:        46516 kB
KernelStack:       14888 kB
PageTables:        48264 kB
NFS_Unstable:          0 kB
Bounce:                0 kB
WritebackTmp:          0 kB
CommitLimit:     2183484 kB
Committed_AS:   113535644 kB
VmallocTotal:     311296 kB
VmallocUsed:       21072 kB
VmallocChunk:     151564 kB
Time pass: 110 sec

---2015-10-23 20:34:50
MemTotal:        1745540 kB
MemFree:           92100 kB
Buffers:           12768 kB
Cached:           412404 kB
SwapCached:        35864 kB
Active:           516532 kB
Inactive:         476036 kB
Active(anon):     335328 kB
Inactive(anon):   236108 kB
Active(file):     181204 kB
Inactive(file):   239928 kB
Unevictable:        3816 kB
Mlocked:               0 kB
HighTotal:       1217536 kB
HighFree:          52420 kB
LowTotal:         528004 kB
LowFree:           39680 kB
SwapTotal:       1310716 kB
SwapFree:         639540 kB
Dirty:               252 kB
Writeback:             0 kB
AnonPages:        544968 kB
Mapped:           245256 kB
Shmem:               220 kB
Slab:              62372 kB
SReclaimable:      15856 kB
SUnreclaim:        46516 kB
KernelStack:       14888 kB
PageTables:        48268 kB
NFS_Unstable:          0 kB
Bounce:                0 kB
WritebackTmp:          0 kB
CommitLimit:     2183484 kB
Committed_AS:   113539940 kB
VmallocTotal:     311296 kB
VmallocUsed:       21208 kB
VmallocChunk:     151564 kB
Time pass: 114 sec

---2015-10-23 20:34:50
MemTotal:        1745540 kB
MemFree:           98860 kB
Buffers:           12768 kB
Cached:           401968 kB
SwapCached:        35868 kB
Active:           481008 kB
Inactive:         499036 kB
Active(anon):     299676 kB
Inactive(anon):   269668 kB
Active(file):     181332 kB
Inactive(file):   229368 kB
Unevictable:        3816 kB
Mlocked:               0 kB
HighTotal:       1217536 kB
HighFree:          57852 kB
LowTotal:         528004 kB
LowFree:           41008 kB
SwapTotal:       1310716 kB
SwapFree:         639132 kB
Dirty:               708 kB
Writeback:             0 kB
AnonPages:        542528 kB
Mapped:           258184 kB
Shmem:               220 kB
Slab:              62328 kB
SReclaimable:      15836 kB
SUnreclaim:        46492 kB
KernelStack:       14888 kB
PageTables:        48328 kB
NFS_Unstable:          0 kB
Bounce:                0 kB
WritebackTmp:          0 kB
CommitLimit:     2183484 kB
Committed_AS:   113550260 kB
VmallocTotal:     311296 kB
VmallocUsed:       21144 kB
VmallocChunk:     151564 kB
Time pass: 117 sec

---2015-10-23 20:34:50
MemTotal:        1745540 kB
MemFree:           98868 kB
Buffers:           12776 kB
Cached:           401968 kB
SwapCached:        35868 kB
Active:           481184 kB
Inactive:         499036 kB
Active(anon):     299852 kB
Inactive(anon):   269668 kB
Active(file):     181332 kB
Inactive(file):   229368 kB
Unevictable:        3816 kB
Mlocked:               0 kB
HighTotal:       1217536 kB
HighFree:          57680 kB
LowTotal:         528004 kB
LowFree:           41188 kB
SwapTotal:       1310716 kB
SwapFree:         639132 kB
Dirty:                20 kB
Writeback:             0 kB
AnonPages:        542804 kB
Mapped:           258308 kB
Shmem:               220 kB
Slab:              62296 kB
SReclaimable:      15836 kB
SUnreclaim:        46460 kB
KernelStack:       14888 kB
PageTables:        48328 kB
NFS_Unstable:          0 kB
Bounce:                0 kB
WritebackTmp:          0 kB
CommitLimit:     2183484 kB
Committed_AS:   113550468 kB
VmallocTotal:     311296 kB
VmallocUsed:       21144 kB
VmallocChunk:     151564 kB
Time pass: 121 sec

---2015-10-23 20:34:50
MemTotal:        1745540 kB
MemFree:           78432 kB
Buffers:           12792 kB
Cached:           397456 kB
SwapCached:        35868 kB
Active:           475044 kB
Inactive:         513644 kB
Active(anon):     293324 kB
Inactive(anon):   288980 kB
Active(file):     181720 kB
Inactive(file):   224664 kB
Unevictable:        3816 kB
Mlocked:               0 kB
HighTotal:       1217536 kB
HighFree:          45328 kB
LowTotal:         528004 kB
LowFree:           33104 kB
SwapTotal:       1310716 kB
SwapFree:         638644 kB
Dirty:               468 kB
Writeback:             0 kB
AnonPages:        555520 kB
Mapped:           261260 kB
Shmem:               220 kB
Slab:              62296 kB
SReclaimable:      15836 kB
SUnreclaim:        46460 kB
KernelStack:       14936 kB
PageTables:        48344 kB
NFS_Unstable:          0 kB
Bounce:                0 kB
WritebackTmp:          0 kB
CommitLimit:     2183484 kB
Committed_AS:   113558964 kB
VmallocTotal:     311296 kB
VmallocUsed:       21340 kB
VmallocChunk:     151564 kB
Time pass: 125 sec

---2015-10-23 20:34:50
MemTotal:        1745540 kB
MemFree:           86652 kB
Buffers:           12800 kB
Cached:           388968 kB
SwapCached:        35856 kB
Active:           447812 kB
Inactive:         525536 kB
Active(anon):     266520 kB
Inactive(anon):   309096 kB
Active(file):     181292 kB
Inactive(file):   216440 kB
Unevictable:        3816 kB
Mlocked:               0 kB
HighTotal:       1217536 kB
HighFree:          52696 kB
LowTotal:         528004 kB
LowFree:           33956 kB
SwapTotal:       1310716 kB
SwapFree:         638564 kB
Dirty:                52 kB
Writeback:             0 kB
AnonPages:        548864 kB
Mapped:           270072 kB
Shmem:               220 kB
Slab:              62288 kB
SReclaimable:      15836 kB
SUnreclaim:        46452 kB
KernelStack:       14904 kB
PageTables:        48388 kB
NFS_Unstable:          0 kB
Bounce:                0 kB
WritebackTmp:          0 kB
CommitLimit:     2183484 kB
Committed_AS:   113559276 kB
VmallocTotal:     311296 kB
VmallocUsed:       21244 kB
VmallocChunk:     151564 kB
Time pass: 128 sec

---2015-10-23 20:34:50
MemTotal:        1745540 kB
MemFree:           86800 kB
Buffers:           12800 kB
Cached:           388976 kB
SwapCached:        35856 kB
Active:           447956 kB
Inactive:         525532 kB
Active(anon):     266660 kB
Inactive(anon):   309088 kB
Active(file):     181296 kB
Inactive(file):   216444 kB
Unevictable:        3816 kB
Mlocked:               0 kB
HighTotal:       1217536 kB
HighFree:          52712 kB
LowTotal:         528004 kB
LowFree:           34088 kB
SwapTotal:       1310716 kB
SwapFree:         638564 kB
Dirty:                20 kB
Writeback:             0 kB
AnonPages:        549004 kB
Mapped:           270060 kB
Shmem:               220 kB
Slab:              62352 kB
SReclaimable:      15836 kB
SUnreclaim:        46516 kB
KernelStack:       14904 kB
PageTables:        48388 kB
NFS_Unstable:          0 kB
Bounce:                0 kB
WritebackTmp:          0 kB
CommitLimit:     2183484 kB
Committed_AS:   113559348 kB
VmallocTotal:     311296 kB
VmallocUsed:       21244 kB
VmallocChunk:     151564 kB
Time pass: 132 sec

---2015-10-23 20:34:50
MemTotal:        1745540 kB
MemFree:           84972 kB
Buffers:           12808 kB
Cached:           388976 kB
SwapCached:        35856 kB
Active:           448420 kB
Inactive:         525532 kB
Active(anon):     267124 kB
Inactive(anon):   309088 kB
Active(file):     181296 kB
Inactive(file):   216444 kB
Unevictable:        3816 kB
Mlocked:               0 kB
HighTotal:       1217536 kB
HighFree:          51256 kB
LowTotal:         528004 kB
LowFree:           33716 kB
SwapTotal:       1310716 kB
SwapFree:         638564 kB
Dirty:                20 kB
Writeback:             0 kB
AnonPages:        549496 kB
Mapped:           270512 kB
Shmem:               220 kB
Slab:              62352 kB
SReclaimable:      15836 kB
SUnreclaim:        46516 kB
KernelStack:       14904 kB
PageTables:        48392 kB
NFS_Unstable:          0 kB
Bounce:                0 kB
WritebackTmp:          0 kB
CommitLimit:     2183484 kB
Committed_AS:   113559436 kB
VmallocTotal:     311296 kB
VmallocUsed:       21312 kB
VmallocChunk:     151564 kB
Time pass: 135 sec

---2015-10-23 20:34:50
MemTotal:        1745540 kB
MemFree:           80908 kB
Buffers:           12796 kB
Cached:           374192 kB
SwapCached:        34848 kB
Active:           456424 kB
Inactive:         511796 kB
Active(anon):     274452 kB
Inactive(anon):   310976 kB
Active(file):     181972 kB
Inactive(file):   200820 kB
Unevictable:        3816 kB
Mlocked:               0 kB
HighTotal:       1217536 kB
HighFree:          46364 kB
LowTotal:         528004 kB
LowFree:           34544 kB
SwapTotal:       1310716 kB
SwapFree:         639360 kB
Dirty:                64 kB
Writeback:             0 kB
AnonPages:        558516 kB
Mapped:           273176 kB
Shmem:               380 kB
Slab:              62256 kB
SReclaimable:      15836 kB
SUnreclaim:        46420 kB
KernelStack:       15136 kB
PageTables:        48592 kB
NFS_Unstable:          0 kB
Bounce:                0 kB
WritebackTmp:          0 kB
CommitLimit:     2183484 kB
Committed_AS:   113593536 kB
VmallocTotal:     311296 kB
VmallocUsed:       21380 kB
VmallocChunk:     151564 kB
Time pass: 139 sec

---2015-10-23 20:34:50
MemTotal:        1745540 kB
MemFree:           82260 kB
Buffers:           12804 kB
Cached:           365436 kB
SwapCached:        34840 kB
Active:           455076 kB
Inactive:         502260 kB
Active(anon):     273380 kB
Inactive(anon):   310200 kB
Active(file):     181696 kB
Inactive(file):   192060 kB
Unevictable:        3816 kB
Mlocked:               0 kB
HighTotal:       1217536 kB
HighFree:          47260 kB
LowTotal:         528004 kB
LowFree:           35000 kB
SwapTotal:       1310716 kB
SwapFree:         638236 kB
Dirty:                40 kB
Writeback:             0 kB
AnonPages:        556744 kB
Mapped:           273276 kB
Shmem:               468 kB
Slab:              62256 kB
SReclaimable:      15836 kB
SUnreclaim:        46420 kB
KernelStack:       15152 kB
PageTables:        48628 kB
NFS_Unstable:          0 kB
Bounce:                0 kB
WritebackTmp:          0 kB
CommitLimit:     2183484 kB
Committed_AS:   113593760 kB
VmallocTotal:     311296 kB
VmallocUsed:       21380 kB
VmallocChunk:     151564 kB
Time pass: 143 sec

---2015-10-23 20:34:50
MemTotal:        1745540 kB
MemFree:           78832 kB
Buffers:           12804 kB
Cached:           365836 kB
SwapCached:        34840 kB
Active:           455776 kB
Inactive:         502812 kB
Active(anon):     274036 kB
Inactive(anon):   310200 kB
Active(file):     181740 kB
Inactive(file):   192612 kB
Unevictable:        3816 kB
Mlocked:               0 kB
HighTotal:       1217536 kB
HighFree:          45604 kB
LowTotal:         528004 kB
LowFree:           33228 kB
SwapTotal:       1310716 kB
SwapFree:         638236 kB
Dirty:                40 kB
Writeback:             0 kB
AnonPages:        557188 kB
Mapped:           273280 kB
Shmem:               472 kB
Slab:              62256 kB
SReclaimable:      15836 kB
SUnreclaim:        46420 kB
KernelStack:       15152 kB
PageTables:        48628 kB
NFS_Unstable:          0 kB
Bounce:                0 kB
WritebackTmp:          0 kB
CommitLimit:     2183484 kB
Committed_AS:   113594860 kB
VmallocTotal:     311296 kB
VmallocUsed:       21380 kB
VmallocChunk:     151564 kB
Time pass: 147 sec

---2015-10-23 20:34:50
MemTotal:        1745540 kB
MemFree:           68828 kB
Buffers:           12812 kB
Cached:           369132 kB
SwapCached:        34840 kB
Active:           461880 kB
Inactive:         506052 kB
Active(anon):     280248 kB
Inactive(anon):   310220 kB
Active(file):     181632 kB
Inactive(file):   195832 kB
Unevictable:        3816 kB
Mlocked:               0 kB
HighTotal:       1217536 kB
HighFree:          35844 kB
LowTotal:         528004 kB
LowFree:           32984 kB
SwapTotal:       1310716 kB
SwapFree:         638236 kB
Dirty:                12 kB
Writeback:             0 kB
AnonPages:        563672 kB
Mapped:           273872 kB
Shmem:               488 kB
Slab:              62264 kB
SReclaimable:      15836 kB
SUnreclaim:        46428 kB
KernelStack:       15200 kB
PageTables:        48648 kB
NFS_Unstable:          0 kB
Bounce:                0 kB
WritebackTmp:          0 kB
CommitLimit:     2183484 kB
Committed_AS:   113608392 kB
VmallocTotal:     311296 kB
VmallocUsed:       21380 kB
VmallocChunk:     151564 kB
Time pass: 151 sec

---2015-10-23 20:34:50
MemTotal:        1745540 kB
MemFree:          266156 kB
Buffers:           12916 kB
Cached:           354100 kB
SwapCached:        34780 kB
Active:           408324 kB
Inactive:         511220 kB
Active(anon):     229416 kB
Inactive(anon):   327040 kB
Active(file):     178908 kB
Inactive(file):   184180 kB
Unevictable:        3816 kB
Mlocked:               0 kB
HighTotal:       1217536 kB
HighFree:         166772 kB
LowTotal:         528004 kB
LowFree:           99384 kB
SwapTotal:       1310716 kB
SwapFree:         636400 kB
Dirty:               184 kB
Writeback:             0 kB
AnonPages:        529592 kB
Mapped:           146012 kB
Shmem:                92 kB
Slab:              62196 kB
SReclaimable:      15856 kB
SUnreclaim:        46340 kB
KernelStack:       14808 kB
PageTables:        49944 kB
NFS_Unstable:          0 kB
Bounce:                0 kB
WritebackTmp:          0 kB
CommitLimit:     2183484 kB
Committed_AS:   120875084 kB
VmallocTotal:     311296 kB
VmallocUsed:       20552 kB
VmallocChunk:     151564 kB
Time pass: 154 sec

---2015-10-23 20:34:50
MemTotal:        1745540 kB
MemFree:          278212 kB
Buffers:           12924 kB
Cached:           354280 kB
SwapCached:        34784 kB
Active:           399456 kB
Inactive:         508424 kB
Active(anon):     220528 kB
Inactive(anon):   324048 kB
Active(file):     178928 kB
Inactive(file):   184376 kB
Unevictable:        3816 kB
Mlocked:               0 kB
HighTotal:       1217536 kB
HighFree:         177204 kB
LowTotal:         528004 kB
LowFree:          101008 kB
SwapTotal:       1310716 kB
SwapFree:         636532 kB
Dirty:                60 kB
Writeback:             0 kB
AnonPages:        517768 kB
Mapped:           140932 kB
Shmem:                84 kB
Slab:              62196 kB
SReclaimable:      15856 kB
SUnreclaim:        46340 kB
KernelStack:       14896 kB
PageTables:        49760 kB
NFS_Unstable:          0 kB
Bounce:                0 kB
WritebackTmp:          0 kB
CommitLimit:     2183484 kB
Committed_AS:   119432416 kB
VmallocTotal:     311296 kB
VmallocUsed:       20484 kB
VmallocChunk:     151564 kB
Time pass: 158 sec

---2015-10-23 20:34:50
MemTotal:        1745540 kB
MemFree:          275328 kB
Buffers:           12932 kB
Cached:           354280 kB
SwapCached:        34784 kB
Active:           402504 kB
Inactive:         508408 kB
Active(anon):     223576 kB
Inactive(anon):   324024 kB
Active(file):     178928 kB
Inactive(file):   184384 kB
Unevictable:        3816 kB
Mlocked:               0 kB
HighTotal:       1217536 kB
HighFree:         174640 kB
LowTotal:         528004 kB
LowFree:          100688 kB
SwapTotal:       1310716 kB
SwapFree:         636536 kB
Dirty:                48 kB
Writeback:             0 kB
AnonPages:        520972 kB
Mapped:           144504 kB
Shmem:                84 kB
Slab:              62192 kB
SReclaimable:      15856 kB
SUnreclaim:        46336 kB
KernelStack:       14800 kB
PageTables:        49852 kB
NFS_Unstable:          0 kB
Bounce:                0 kB
WritebackTmp:          0 kB
CommitLimit:     2183484 kB
Committed_AS:   119479332 kB
VmallocTotal:     311296 kB
VmallocUsed:       20552 kB
VmallocChunk:     151564 kB
Time pass: 162 sec

---2015-10-23 20:34:50
MemTotal:        1745540 kB
MemFree:          281728 kB
Buffers:           12932 kB
Cached:           354824 kB
SwapCached:        34784 kB
Active:           395796 kB
Inactive:         508968 kB
Active(anon):     216860 kB
Inactive(anon):   324048 kB
Active(file):     178936 kB
Inactive(file):   184920 kB
Unevictable:        3816 kB
Mlocked:               0 kB
HighTotal:       1217536 kB
HighFree:         180576 kB
LowTotal:         528004 kB
LowFree:          101152 kB
SwapTotal:       1310716 kB
SwapFree:         636584 kB
Dirty:                48 kB
Writeback:             0 kB
AnonPages:        514136 kB
Mapped:           140932 kB
Shmem:                84 kB
Slab:              62192 kB
SReclaimable:      15856 kB
SUnreclaim:        46336 kB
KernelStack:       14720 kB
PageTables:        49680 kB
NFS_Unstable:          0 kB
Bounce:                0 kB
WritebackTmp:          0 kB
CommitLimit:     2183484 kB
Committed_AS:   119427688 kB
VmallocTotal:     311296 kB
VmallocUsed:       20484 kB
VmallocChunk:     151564 kB
Time pass: 166 sec

---2015-10-23 20:34:50
MemTotal:        1745540 kB
MemFree:          281756 kB
Buffers:           12932 kB
Cached:           354868 kB
SwapCached:        34784 kB
Active:           395868 kB
Inactive:         509008 kB
Active(anon):     216932 kB
Inactive(anon):   324044 kB
Active(file):     178936 kB
Inactive(file):   184964 kB
Unevictable:        3816 kB
Mlocked:               0 kB
HighTotal:       1217536 kB
HighFree:         180620 kB
LowTotal:         528004 kB
LowFree:          101136 kB
SwapTotal:       1310716 kB
SwapFree:         636584 kB
Dirty:                 0 kB
Writeback:             0 kB
AnonPages:        514372 kB
Mapped:           140940 kB
Shmem:                84 kB
Slab:              62192 kB
SReclaimable:      15856 kB
SUnreclaim:        46336 kB
KernelStack:       14720 kB
PageTables:        49696 kB
NFS_Unstable:          0 kB
Bounce:                0 kB
WritebackTmp:          0 kB
CommitLimit:     2183484 kB
Committed_AS:   119427888 kB
VmallocTotal:     311296 kB
VmallocUsed:       20484 kB
VmallocChunk:     151564 kB
Time pass: 170 sec

---2015-10-23 20:34:50
MemTotal:        1745540 kB
MemFree:          281492 kB
Buffers:           12932 kB
Cached:           354868 kB
SwapCached:        34784 kB
Active:           396012 kB
Inactive:         509008 kB
Active(anon):     217076 kB
Inactive(anon):   324044 kB
Active(file):     178936 kB
Inactive(file):   184964 kB
Unevictable:        3816 kB
Mlocked:               0 kB
HighTotal:       1217536 kB
HighFree:         180356 kB
LowTotal:         528004 kB
LowFree:          101136 kB
SwapTotal:       1310716 kB
SwapFree:         636592 kB
Dirty:                 0 kB
Writeback:             0 kB
AnonPages:        514420 kB
Mapped:           140940 kB
Shmem:                84 kB
Slab:              62192 kB
SReclaimable:      15856 kB
SUnreclaim:        46336 kB
KernelStack:       14720 kB
PageTables:        49696 kB
NFS_Unstable:          0 kB
Bounce:                0 kB
WritebackTmp:          0 kB
CommitLimit:     2183484 kB
Committed_AS:   119427960 kB
VmallocTotal:     311296 kB
VmallocUsed:       20484 kB
VmallocChunk:     151564 kB
Time pass: 173 sec

---2015-10-23 20:34:50
MemTotal:        1745540 kB
MemFree:          281616 kB
Buffers:           12932 kB
Cached:           354868 kB
SwapCached:        34784 kB
Active:           396084 kB
Inactive:         509016 kB
Active(anon):     217148 kB
Inactive(anon):   324052 kB
Active(file):     178936 kB
Inactive(file):   184964 kB
Unevictable:        3816 kB
Mlocked:               0 kB
HighTotal:       1217536 kB
HighFree:         180356 kB
LowTotal:         528004 kB
LowFree:          101260 kB
SwapTotal:       1310716 kB
SwapFree:         636592 kB
Dirty:                 0 kB
Writeback:             0 kB
AnonPages:        514592 kB
Mapped:           140940 kB
Shmem:                84 kB
Slab:              62192 kB
SReclaimable:      15856 kB
SUnreclaim:        46336 kB
KernelStack:       14720 kB
PageTables:        49696 kB
NFS_Unstable:          0 kB
Bounce:                0 kB
WritebackTmp:          0 kB
CommitLimit:     2183484 kB
Committed_AS:   119428040 kB
VmallocTotal:     311296 kB
VmallocUsed:       20484 kB
VmallocChunk:     151564 kB
Time pass: 177 sec

---2015-10-23 20:34:50
MemTotal:        1745540 kB
MemFree:          281368 kB
Buffers:           12932 kB
Cached:           354868 kB
SwapCached:        34784 kB
Active:           396212 kB
Inactive:         509012 kB
Active(anon):     217276 kB
Inactive(anon):   324048 kB
Active(file):     178936 kB
Inactive(file):   184964 kB
Unevictable:        3816 kB
Mlocked:               0 kB
HighTotal:       1217536 kB
HighFree:         180108 kB
LowTotal:         528004 kB
LowFree:          101260 kB
SwapTotal:       1310716 kB
SwapFree:         636592 kB
Dirty:                 0 kB
Writeback:             0 kB
AnonPages:        514736 kB
Mapped:           140940 kB
Shmem:                84 kB
Slab:              62192 kB
SReclaimable:      15856 kB
SUnreclaim:        46336 kB
KernelStack:       14720 kB
PageTables:        49696 kB
NFS_Unstable:          0 kB
Bounce:                0 kB
WritebackTmp:          0 kB
CommitLimit:     2183484 kB
Committed_AS:   119428240 kB
VmallocTotal:     311296 kB
VmallocUsed:       20484 kB
VmallocChunk:     151564 kB
Time pass: 181 sec

---2015-10-23 20:34:50
MemTotal:        1745540 kB
MemFree:          281268 kB
Buffers:           13060 kB
Cached:           354872 kB
SwapCached:        34784 kB
Active:           396544 kB
Inactive:         509124 kB
Active(anon):     217608 kB
Inactive(anon):   324048 kB
Active(file):     178936 kB
Inactive(file):   185076 kB
Unevictable:        3816 kB
Mlocked:               0 kB
HighTotal:       1217536 kB
HighFree:         180008 kB
LowTotal:         528004 kB
LowFree:          101260 kB
SwapTotal:       1310716 kB
SwapFree:         636600 kB
Dirty:                 4 kB
Writeback:             0 kB
AnonPages:        514888 kB
Mapped:           141064 kB
Shmem:                84 kB
Slab:              62192 kB
SReclaimable:      15856 kB
SUnreclaim:        46336 kB
KernelStack:       14720 kB
PageTables:        49696 kB
NFS_Unstable:          0 kB
Bounce:                0 kB
WritebackTmp:          0 kB
CommitLimit:     2183484 kB
Committed_AS:   119428328 kB
VmallocTotal:     311296 kB
VmallocUsed:       20484 kB
VmallocChunk:     151564 kB
Time pass: 184 sec

---2015-10-23 20:34:50
MemTotal:        1745540 kB
MemFree:          280924 kB
Buffers:           13068 kB
Cached:           354864 kB
SwapCached:        34784 kB
Active:           396824 kB
Inactive:         509144 kB
Active(anon):     217884 kB
Inactive(anon):   324052 kB
Active(file):     178940 kB
Inactive(file):   185092 kB
Unevictable:        3816 kB
Mlocked:               0 kB
HighTotal:       1217536 kB
HighFree:         179664 kB
LowTotal:         528004 kB
LowFree:          101260 kB
SwapTotal:       1310716 kB
SwapFree:         636600 kB
Dirty:                 4 kB
Writeback:             0 kB
AnonPages:        515368 kB
Mapped:           141188 kB
Shmem:                84 kB
Slab:              62192 kB
SReclaimable:      15856 kB
SUnreclaim:        46336 kB
KernelStack:       14720 kB
PageTables:        49696 kB
NFS_Unstable:          0 kB
Bounce:                0 kB
WritebackTmp:          0 kB
CommitLimit:     2183484 kB
Committed_AS:   119429372 kB
VmallocTotal:     311296 kB
VmallocUsed:       20484 kB
VmallocChunk:     151564 kB
Time pass: 188 sec

---2015-10-23 20:34:50
MemTotal:        1745540 kB
MemFree:          181744 kB
Buffers:           13116 kB
Cached:           355236 kB
SwapCached:        34788 kB
Active:           428760 kB
Inactive:         507868 kB
Active(anon):     248128 kB
Inactive(anon):   324220 kB
Active(file):     180632 kB
Inactive(file):   183648 kB
Unevictable:        3816 kB
Mlocked:               0 kB
HighTotal:       1217536 kB
HighFree:          98420 kB
LowTotal:         528004 kB
LowFree:           83324 kB
SwapTotal:       1310716 kB
SwapFree:         636716 kB
Dirty:              1056 kB
Writeback:             0 kB
AnonPages:        545688 kB
Mapped:           199060 kB
Shmem:               216 kB
Slab:              62264 kB
SReclaimable:      15856 kB
SUnreclaim:        46408 kB
KernelStack:       15168 kB
PageTables:        50736 kB
NFS_Unstable:          0 kB
Bounce:                0 kB
WritebackTmp:          0 kB
CommitLimit:     2183484 kB
Committed_AS:   121021892 kB
VmallocTotal:     311296 kB
VmallocUsed:       20992 kB
VmallocChunk:     151564 kB
Time pass: 192 sec

---2015-10-23 20:34:50
MemTotal:        1745540 kB
MemFree:          142476 kB
Buffers:           13124 kB
Cached:           355532 kB
SwapCached:        34784 kB
Active:           442352 kB
Inactive:         508056 kB
Active(anon):     261772 kB
Inactive(anon):   323932 kB
Active(file):     180580 kB
Inactive(file):   184124 kB
Unevictable:        3816 kB
Mlocked:               0 kB
HighTotal:       1217536 kB
HighFree:          57320 kB
LowTotal:         528004 kB
LowFree:           85156 kB
SwapTotal:       1310716 kB
SwapFree:         636856 kB
Dirty:              1496 kB
Writeback:             0 kB
AnonPages:        558964 kB
Mapped:           221100 kB
Shmem:               220 kB
Slab:              62332 kB
SReclaimable:      15856 kB
SUnreclaim:        46476 kB
KernelStack:       15264 kB
PageTables:        50852 kB
NFS_Unstable:          0 kB
Bounce:                0 kB
WritebackTmp:          0 kB
CommitLimit:     2183484 kB
Committed_AS:   121034224 kB
VmallocTotal:     311296 kB
VmallocUsed:       21016 kB
VmallocChunk:     151564 kB
Time pass: 196 sec

---2015-10-23 20:34:50
MemTotal:        1745540 kB
MemFree:          130212 kB
Buffers:           13124 kB
Cached:           355600 kB
SwapCached:        34784 kB
Active:           441196 kB
Inactive:         507976 kB
Active(anon):     260556 kB
Inactive(anon):   323928 kB
Active(file):     180640 kB
Inactive(file):   184048 kB
Unevictable:        3816 kB
Mlocked:               0 kB
HighTotal:       1217536 kB
HighFree:          45444 kB
LowTotal:         528004 kB
LowFree:           84768 kB
SwapTotal:       1310716 kB
SwapFree:         636860 kB
Dirty:               544 kB
Writeback:             0 kB
AnonPages:        557768 kB
Mapped:           233992 kB
Shmem:               220 kB
Slab:              62352 kB
SReclaimable:      15840 kB
SUnreclaim:        46512 kB
KernelStack:       15328 kB
PageTables:        50924 kB
NFS_Unstable:          0 kB
Bounce:                0 kB
WritebackTmp:          0 kB
CommitLimit:     2183484 kB
Committed_AS:   121037496 kB
VmallocTotal:     311296 kB
VmallocUsed:       21148 kB
VmallocChunk:     151564 kB
Time pass: 199 sec

---2015-10-23 20:34:50
MemTotal:        1745540 kB
MemFree:          130876 kB
Buffers:           13132 kB
Cached:           355600 kB
SwapCached:        34784 kB
Active:           441564 kB
Inactive:         507980 kB
Active(anon):     260924 kB
Inactive(anon):   323932 kB
Active(file):     180640 kB
Inactive(file):   184048 kB
Unevictable:        3816 kB
Mlocked:               0 kB
HighTotal:       1217536 kB
HighFree:          45636 kB
LowTotal:         528004 kB
LowFree:           85240 kB
SwapTotal:       1310716 kB
SwapFree:         636860 kB
Dirty:                36 kB
Writeback:             0 kB
AnonPages:        557900 kB
Mapped:           233932 kB
Shmem:               220 kB
Slab:              62340 kB
SReclaimable:      15824 kB
SUnreclaim:        46516 kB
KernelStack:       15264 kB
PageTables:        50924 kB
NFS_Unstable:          0 kB
Bounce:                0 kB
WritebackTmp:          0 kB
CommitLimit:     2183484 kB
Committed_AS:   121037584 kB
VmallocTotal:     311296 kB
VmallocUsed:       21012 kB
VmallocChunk:     151564 kB
Time pass: 203 sec

---2015-10-23 20:34:50
MemTotal:        1745540 kB
MemFree:          105632 kB
Buffers:           13132 kB
Cached:           355884 kB
SwapCached:        34784 kB
Active:           445604 kB
Inactive:         508284 kB
Active(anon):     264988 kB
Inactive(anon):   323920 kB
Active(file):     180616 kB
Inactive(file):   184364 kB
Unevictable:        3816 kB
Mlocked:               0 kB
HighTotal:       1217536 kB
HighFree:          38572 kB
LowTotal:         528004 kB
LowFree:           67060 kB
SwapTotal:       1310716 kB
SwapFree:         636868 kB
Dirty:               384 kB
Writeback:             0 kB
AnonPages:        562212 kB
Mapped:           252216 kB
Shmem:               220 kB
Slab:              62340 kB
SReclaimable:      15824 kB
SUnreclaim:        46516 kB
KernelStack:       15264 kB
PageTables:        50996 kB
NFS_Unstable:          0 kB
Bounce:                0 kB
WritebackTmp:          0 kB
CommitLimit:     2183484 kB
Committed_AS:   121051120 kB
VmallocTotal:     311296 kB
VmallocUsed:       21084 kB
VmallocChunk:     151564 kB
Time pass: 207 sec

---2015-10-23 20:34:50
MemTotal:        1745540 kB
MemFree:          105260 kB
Buffers:           13140 kB
Cached:           355884 kB
SwapCached:        34784 kB
Active:           445900 kB
Inactive:         508288 kB
Active(anon):     265284 kB
Inactive(anon):   323920 kB
Active(file):     180616 kB
Inactive(file):   184368 kB
Unevictable:        3816 kB
Mlocked:               0 kB
HighTotal:       1217536 kB
HighFree:          38208 kB
LowTotal:         528004 kB
LowFree:           67052 kB
SwapTotal:       1310716 kB
SwapFree:         636868 kB
Dirty:                64 kB
Writeback:             0 kB
AnonPages:        562420 kB
Mapped:           252216 kB
Shmem:               220 kB
Slab:              62340 kB
SReclaimable:      15824 kB
SUnreclaim:        46516 kB
KernelStack:       15272 kB
PageTables:        50996 kB
NFS_Unstable:          0 kB
Bounce:                0 kB
WritebackTmp:          0 kB
CommitLimit:     2183484 kB
Committed_AS:   121051336 kB
VmallocTotal:     311296 kB
VmallocUsed:       21084 kB
VmallocChunk:     151564 kB
Time pass: 210 sec

---2015-10-23 20:34:50
MemTotal:        1745540 kB
MemFree:           81488 kB
Buffers:           13140 kB
Cached:           355892 kB
SwapCached:        34784 kB
Active:           450892 kB
Inactive:         508292 kB
Active(anon):     270268 kB
Inactive(anon):   323920 kB
Active(file):     180624 kB
Inactive(file):   184372 kB
Unevictable:        3816 kB
Mlocked:               0 kB
HighTotal:       1217536 kB
HighFree:          33380 kB
LowTotal:         528004 kB
LowFree:           48108 kB
SwapTotal:       1310716 kB
SwapFree:         636868 kB
Dirty:               584 kB
Writeback:             0 kB
AnonPages:        567416 kB
Mapped:           266732 kB
Shmem:               220 kB
Slab:              62308 kB
SReclaimable:      15824 kB
SUnreclaim:        46484 kB
KernelStack:       15256 kB
PageTables:        51032 kB
NFS_Unstable:          0 kB
Bounce:                0 kB
WritebackTmp:          0 kB
CommitLimit:     2183484 kB
Committed_AS:   121059960 kB
VmallocTotal:     311296 kB
VmallocUsed:       21168 kB
VmallocChunk:     151564 kB
Time pass: 214 sec

---2015-10-23 20:34:50
MemTotal:        1745540 kB
MemFree:           67092 kB
Buffers:           13164 kB
Cached:           356084 kB
SwapCached:        34824 kB
Active:           464328 kB
Inactive:         508524 kB
Active(anon):     283696 kB
Inactive(anon):   324140 kB
Active(file):     180632 kB
Inactive(file):   184384 kB
Unevictable:        3816 kB
Mlocked:               0 kB
HighTotal:       1217536 kB
HighFree:          20760 kB
LowTotal:         528004 kB
LowFree:           46332 kB
SwapTotal:       1310716 kB
SwapFree:         636868 kB
Dirty:                88 kB
Writeback:             0 kB
AnonPages:        580860 kB
Mapped:           270004 kB
Shmem:               408 kB
Slab:              62256 kB
SReclaimable:      15824 kB
SUnreclaim:        46432 kB
KernelStack:       15560 kB
PageTables:        51244 kB
NFS_Unstable:          0 kB
Bounce:                0 kB
WritebackTmp:          0 kB
CommitLimit:     2183484 kB
Committed_AS:   121099248 kB
VmallocTotal:     311296 kB
VmallocUsed:       21304 kB
VmallocChunk:     151564 kB
Time pass: 218 sec

---2015-10-23 20:34:50
MemTotal:        1745540 kB
MemFree:           56036 kB
Buffers:           13140 kB
Cached:           354004 kB
SwapCached:        34840 kB
Active:           483896 kB
Inactive:         505520 kB
Active(anon):     304204 kB
Inactive(anon):   322352 kB
Active(file):     179692 kB
Inactive(file):   183168 kB
Unevictable:        3816 kB
Mlocked:               0 kB
HighTotal:       1217536 kB
HighFree:          29640 kB
LowTotal:         528004 kB
LowFree:           26396 kB
SwapTotal:       1310716 kB
SwapFree:         636584 kB
Dirty:               132 kB
Writeback:             0 kB
AnonPages:        599692 kB
Mapped:           275204 kB
Shmem:               464 kB
Slab:              62484 kB
SReclaimable:      15840 kB
SUnreclaim:        46644 kB
KernelStack:       15928 kB
PageTables:        51896 kB
NFS_Unstable:          0 kB
Bounce:                0 kB
WritebackTmp:          0 kB
CommitLimit:     2183484 kB
Committed_AS:   122641336 kB
VmallocTotal:     311296 kB
VmallocUsed:       21236 kB
VmallocChunk:     151564 kB
Time pass: 223 sec

---2015-10-23 20:34:50
MemTotal:        1745540 kB
MemFree:           60228 kB
Buffers:           13136 kB
Cached:           353112 kB
SwapCached:        34840 kB
Active:           481016 kB
Inactive:         504604 kB
Active(anon):     301448 kB
Inactive(anon):   322252 kB
Active(file):     179568 kB
Inactive(file):   182352 kB
Unevictable:        3816 kB
Mlocked:               0 kB
HighTotal:       1217536 kB
HighFree:          32672 kB
LowTotal:         528004 kB
LowFree:           27556 kB
SwapTotal:       1310716 kB
SwapFree:         636608 kB
Dirty:                52 kB
Writeback:             0 kB
AnonPages:        596780 kB
Mapped:           275524 kB
Shmem:               476 kB
Slab:              62464 kB
SReclaimable:      15840 kB
SUnreclaim:        46624 kB
KernelStack:       15864 kB
PageTables:        51928 kB
NFS_Unstable:          0 kB
Bounce:                0 kB
WritebackTmp:          0 kB
CommitLimit:     2183484 kB
Committed_AS:   122641304 kB
VmallocTotal:     311296 kB
VmallocUsed:       21236 kB
VmallocChunk:     151564 kB
Time pass: 228 sec

---2015-10-23 20:34:50
MemTotal:        1745540 kB
MemFree:           59780 kB
Buffers:           13092 kB
Cached:           352560 kB
SwapCached:        34840 kB
Active:           481392 kB
Inactive:         504448 kB
Active(anon):     302256 kB
Inactive(anon):   322276 kB
Active(file):     179136 kB
Inactive(file):   182172 kB
Unevictable:        3816 kB
Mlocked:               0 kB
HighTotal:       1217536 kB
HighFree:          31324 kB
LowTotal:         528004 kB
LowFree:           28456 kB
SwapTotal:       1310716 kB
SwapFree:         636608 kB
Dirty:                 0 kB
Writeback:             0 kB
AnonPages:        597560 kB
Mapped:           275672 kB
Shmem:               500 kB
Slab:              62448 kB
SReclaimable:      15840 kB
SUnreclaim:        46608 kB
KernelStack:       15864 kB
PageTables:        51932 kB
NFS_Unstable:          0 kB
Bounce:                0 kB
WritebackTmp:          0 kB
CommitLimit:     2183484 kB
Committed_AS:   122641488 kB
VmallocTotal:     311296 kB
VmallocUsed:       21236 kB
VmallocChunk:     151564 kB
Time pass: 231 sec

---2015-10-23 20:34:50
MemTotal:        1745540 kB
MemFree:           55652 kB
Buffers:           13108 kB
Cached:           352516 kB
SwapCached:        34840 kB
Active:           484120 kB
Inactive:         504396 kB
Active(anon):     304984 kB
Inactive(anon):   322224 kB
Active(file):     179136 kB
Inactive(file):   182172 kB
Unevictable:        3816 kB
Mlocked:               0 kB
HighTotal:       1217536 kB
HighFree:          27920 kB
LowTotal:         528004 kB
LowFree:           27732 kB
SwapTotal:       1310716 kB
SwapFree:         636628 kB
Dirty:                 0 kB
Writeback:             0 kB
AnonPages:        599884 kB
Mapped:           275732 kB
Shmem:               500 kB
Slab:              62324 kB
SReclaimable:      15840 kB
SUnreclaim:        46484 kB
KernelStack:       15864 kB
PageTables:        51928 kB
NFS_Unstable:          0 kB
Bounce:                0 kB
WritebackTmp:          0 kB
CommitLimit:     2183484 kB
Committed_AS:   122645784 kB
VmallocTotal:     311296 kB
VmallocUsed:       21304 kB
VmallocChunk:     151564 kB
Time pass: 235 sec

---2015-10-23 20:34:50
MemTotal:        1745540 kB
MemFree:           68388 kB
Buffers:           13084 kB
Cached:           352348 kB
SwapCached:        34848 kB
Active:           474868 kB
Inactive:         502352 kB
Active(anon):     293948 kB
Inactive(anon):   322252 kB
Active(file):     180920 kB
Inactive(file):   180100 kB
Unevictable:        3816 kB
Mlocked:               0 kB
HighTotal:       1217536 kB
HighFree:          31124 kB
LowTotal:         528004 kB
LowFree:           37264 kB
SwapTotal:       1310716 kB
SwapFree:         636628 kB
Dirty:                48 kB
Writeback:             0 kB
AnonPages:        589172 kB
Mapped:           269480 kB
Shmem:               596 kB
Slab:              62316 kB
SReclaimable:      15840 kB
SUnreclaim:        46476 kB
KernelStack:       15536 kB
PageTables:        51336 kB
NFS_Unstable:          0 kB
Bounce:                0 kB
WritebackTmp:          0 kB
CommitLimit:     2183484 kB
Committed_AS:   121106548 kB
VmallocTotal:     311296 kB
VmallocUsed:       21304 kB
VmallocChunk:     151564 kB
Time pass: 239 sec

---2015-10-23 20:34:50
MemTotal:        1745540 kB
MemFree:           59320 kB
Buffers:           12848 kB
Cached:           352196 kB
SwapCached:        34848 kB
Active:           483592 kB
Inactive:         501960 kB
Active(anon):     302676 kB
Inactive(anon):   322244 kB
Active(file):     180916 kB
Inactive(file):   179716 kB
Unevictable:        3816 kB
Mlocked:               0 kB
HighTotal:       1217536 kB
HighFree:          20656 kB
LowTotal:         528004 kB
LowFree:           38664 kB
SwapTotal:       1310716 kB
SwapFree:         636640 kB
Dirty:                68 kB
Writeback:             0 kB
AnonPages:        597788 kB
Mapped:           276000 kB
Shmem:               596 kB
Slab:              62460 kB
SReclaimable:      15840 kB
SUnreclaim:        46620 kB
KernelStack:       15864 kB
PageTables:        51948 kB
NFS_Unstable:          0 kB
Bounce:                0 kB
WritebackTmp:          0 kB
CommitLimit:     2183484 kB
Committed_AS:   122644488 kB
VmallocTotal:     311296 kB
VmallocUsed:       22256 kB
VmallocChunk:     151564 kB
Time pass: 243 sec

---2015-10-23 20:34:50
MemTotal:        1745540 kB
MemFree:           59824 kB
Buffers:           12592 kB
Cached:           352196 kB
SwapCached:        34848 kB
Active:           483748 kB
Inactive:         501980 kB
Active(anon):     303096 kB
Inactive(anon):   322256 kB
Active(file):     180652 kB
Inactive(file):   179724 kB
Unevictable:        3816 kB
Mlocked:               0 kB
HighTotal:       1217536 kB
HighFree:          20400 kB
LowTotal:         528004 kB
LowFree:           39424 kB
SwapTotal:       1310716 kB
SwapFree:         636652 kB
Dirty:                48 kB
Writeback:             0 kB
AnonPages:        598228 kB
Mapped:           276000 kB
Shmem:               596 kB
Slab:              62440 kB
SReclaimable:      15840 kB
SUnreclaim:        46600 kB
KernelStack:       15872 kB
PageTables:        51948 kB
NFS_Unstable:          0 kB
Bounce:                0 kB
WritebackTmp:          0 kB
CommitLimit:     2183484 kB
Committed_AS:   122645584 kB
VmallocTotal:     311296 kB
VmallocUsed:       22256 kB
VmallocChunk:     151564 kB
Time pass: 246 sec

---2015-10-23 20:34:50
MemTotal:        1745540 kB
MemFree:           59596 kB
Buffers:           11964 kB
Cached:           351684 kB
SwapCached:        34848 kB
Active:           483732 kB
Inactive:         501788 kB
Active(anon):     304028 kB
Inactive(anon):   322256 kB
Active(file):     179704 kB
Inactive(file):   179532 kB
Unevictable:        3816 kB
Mlocked:               0 kB
HighTotal:       1217536 kB
HighFree:          19160 kB
LowTotal:         528004 kB
LowFree:           40436 kB
SwapTotal:       1310716 kB
SwapFree:         636668 kB
Dirty:                48 kB
Writeback:             0 kB
AnonPages:        599088 kB
Mapped:           276012 kB
Shmem:               596 kB
Slab:              62468 kB
SReclaimable:      15840 kB
SUnreclaim:        46628 kB
KernelStack:       15872 kB
PageTables:        51948 kB
NFS_Unstable:          0 kB
Bounce:                0 kB
WritebackTmp:          0 kB
CommitLimit:     2183484 kB
Committed_AS:   122645920 kB
VmallocTotal:     311296 kB
VmallocUsed:       22256 kB
VmallocChunk:     151564 kB
Time pass: 250 sec

---2015-10-23 20:34:50
MemTotal:        1745540 kB
MemFree:           45712 kB
Buffers:           12012 kB
Cached:           346808 kB
SwapCached:        34416 kB
Active:           492872 kB
Inactive:         507232 kB
Active(anon):     315316 kB
Inactive(anon):   330380 kB
Active(file):     177556 kB
Inactive(file):   176852 kB
Unevictable:        3816 kB
Mlocked:               0 kB
HighTotal:       1217536 kB
HighFree:          19976 kB
LowTotal:         528004 kB
LowFree:           25736 kB
SwapTotal:       1310716 kB
SwapFree:         640680 kB
Dirty:                92 kB
Writeback:             0 kB
AnonPages:        618812 kB
Mapped:           276004 kB
Shmem:               596 kB
Slab:              62312 kB
SReclaimable:      15856 kB
SUnreclaim:        46456 kB
KernelStack:       15856 kB
PageTables:        51980 kB
NFS_Unstable:          0 kB
Bounce:                0 kB
WritebackTmp:          0 kB
CommitLimit:     2183484 kB
Committed_AS:   122674960 kB
VmallocTotal:     311296 kB
VmallocUsed:       22256 kB
VmallocChunk:     151564 kB
Time pass: 254 sec

---2015-10-23 20:34:50
MemTotal:        1745540 kB
MemFree:           69168 kB
Buffers:           11748 kB
Cached:           345980 kB
SwapCached:        34360 kB
Active:           477636 kB
Inactive:         501364 kB
Active(anon):     300564 kB
Inactive(anon):   325124 kB
Active(file):     177072 kB
Inactive(file):   176240 kB
Unevictable:        3816 kB
Mlocked:               0 kB
HighTotal:       1217536 kB
HighFree:          37692 kB
LowTotal:         528004 kB
LowFree:           31476 kB
SwapTotal:       1310716 kB
SwapFree:         641504 kB
Dirty:                 4 kB
Writeback:             0 kB
AnonPages:        598716 kB
Mapped:           269368 kB
Shmem:               600 kB
Slab:              62368 kB
SReclaimable:      15856 kB
SUnreclaim:        46512 kB
KernelStack:       15520 kB
PageTables:        51360 kB
NFS_Unstable:          0 kB
Bounce:                0 kB
WritebackTmp:          0 kB
CommitLimit:     2183484 kB
Committed_AS:   121137372 kB
VmallocTotal:     311296 kB
VmallocUsed:       21236 kB
VmallocChunk:     151564 kB
Time pass: 257 sec

---2015-10-23 20:34:50
MemTotal:        1745540 kB
MemFree:           51772 kB
Buffers:           12612 kB
Cached:           346144 kB
SwapCached:        34360 kB
Active:           492744 kB
Inactive:         502384 kB
Active(anon):     315672 kB
Inactive(anon):   325116 kB
Active(file):     177072 kB
Inactive(file):   177268 kB
Unevictable:        3816 kB
Mlocked:               0 kB
HighTotal:       1217536 kB
HighFree:          22100 kB
LowTotal:         528004 kB
LowFree:           29672 kB
SwapTotal:       1310716 kB
SwapFree:         641508 kB
Dirty:               120 kB
Writeback:             0 kB
AnonPages:        613976 kB
Mapped:           276004 kB
Shmem:               600 kB
Slab:              62516 kB
SReclaimable:      15856 kB
SUnreclaim:        46660 kB
KernelStack:       15848 kB
PageTables:        51976 kB
NFS_Unstable:          0 kB
Bounce:                0 kB
WritebackTmp:          0 kB
CommitLimit:     2183484 kB
Committed_AS:   122676020 kB
VmallocTotal:     311296 kB
VmallocUsed:       21236 kB
VmallocChunk:     151564 kB
Time pass: 261 sec

---2015-10-23 20:34:50
MemTotal:        1745540 kB
MemFree:           51364 kB
Buffers:           12612 kB
Cached:           346144 kB
SwapCached:        34360 kB
Active:           493392 kB
Inactive:         501292 kB
Active(anon):     316320 kB
Inactive(anon):   324024 kB
Active(file):     177072 kB
Inactive(file):   177268 kB
Unevictable:        3816 kB
Mlocked:               0 kB
HighTotal:       1217536 kB
HighFree:          21620 kB
LowTotal:         528004 kB
LowFree:           29744 kB
SwapTotal:       1310716 kB
SwapFree:         641520 kB
Dirty:               120 kB
Writeback:             0 kB
AnonPages:        613504 kB
Mapped:           276136 kB
Shmem:               600 kB
Slab:              62328 kB
SReclaimable:      15856 kB
SUnreclaim:        46472 kB
KernelStack:       15792 kB
PageTables:        51976 kB
NFS_Unstable:          0 kB
Bounce:                0 kB
WritebackTmp:          0 kB
CommitLimit:     2183484 kB
Committed_AS:   122676128 kB
VmallocTotal:     311296 kB
VmallocUsed:       21304 kB
VmallocChunk:     151564 kB
Time pass: 265 sec

---2015-10-23 20:34:50
MemTotal:        1745540 kB
MemFree:           51356 kB
Buffers:           12596 kB
Cached:           345932 kB
SwapCached:        34360 kB
Active:           492876 kB
Inactive:         502320 kB
Active(anon):     315824 kB
Inactive(anon):   325260 kB
Active(file):     177052 kB
Inactive(file):   177060 kB
Unevictable:        3816 kB
Mlocked:               0 kB
HighTotal:       1217536 kB
HighFree:          21240 kB
LowTotal:         528004 kB
LowFree:           30116 kB
SwapTotal:       1310716 kB
SwapFree:         641524 kB
Dirty:                44 kB
Writeback:             0 kB
AnonPages:        614220 kB
Mapped:           275964 kB
Shmem:               600 kB
Slab:              62336 kB
SReclaimable:      15856 kB
SUnreclaim:        46480 kB
KernelStack:       15840 kB
PageTables:        51976 kB
NFS_Unstable:          0 kB
Bounce:                0 kB
WritebackTmp:          0 kB
CommitLimit:     2183484 kB
Committed_AS:   122677280 kB
VmallocTotal:     311296 kB
VmallocUsed:       21236 kB
VmallocChunk:     151564 kB
Time pass: 269 sec

---2015-10-23 20:34:50
MemTotal:        1745540 kB
MemFree:           50732 kB
Buffers:           12628 kB
Cached:           345804 kB
SwapCached:        34360 kB
Active:           492016 kB
Inactive:         503776 kB
Active(anon):     315012 kB
Inactive(anon):   326764 kB
Active(file):     177004 kB
Inactive(file):   177012 kB
Unevictable:        3816 kB
Mlocked:               0 kB
HighTotal:       1217536 kB
HighFree:          20576 kB
LowTotal:         528004 kB
LowFree:           30156 kB
SwapTotal:       1310716 kB
SwapFree:         641528 kB
Dirty:                 0 kB
Writeback:             0 kB
AnonPages:        614936 kB
Mapped:           276152 kB
Shmem:               600 kB
Slab:              62340 kB
SReclaimable:      15856 kB
SUnreclaim:        46484 kB
KernelStack:       15880 kB
PageTables:        51976 kB
NFS_Unstable:          0 kB
Bounce:                0 kB
WritebackTmp:          0 kB
CommitLimit:     2183484 kB
Committed_AS:   122677528 kB
VmallocTotal:     311296 kB
VmallocUsed:       21304 kB
VmallocChunk:     151564 kB
Time pass: 273 sec

---2015-10-23 20:34:50
MemTotal:        1745540 kB
MemFree:           61116 kB
Buffers:           12636 kB
Cached:           345804 kB
SwapCached:        34364 kB
Active:           482380 kB
Inactive:         503752 kB
Active(anon):     305376 kB
Inactive(anon):   326740 kB
Active(file):     177004 kB
Inactive(file):   177012 kB
Unevictable:        3816 kB
Mlocked:               0 kB
HighTotal:       1217536 kB
HighFree:          30128 kB
LowTotal:         528004 kB
LowFree:           30988 kB
SwapTotal:       1310716 kB
SwapFree:         641536 kB
Dirty:                40 kB
Writeback:             0 kB
AnonPages:        605216 kB
Mapped:           269384 kB
Shmem:               600 kB
Slab:              62464 kB
SReclaimable:      15856 kB
SUnreclaim:        46608 kB
KernelStack:       15512 kB
PageTables:        51364 kB
NFS_Unstable:          0 kB
Bounce:                0 kB
WritebackTmp:          0 kB
CommitLimit:     2183484 kB
Committed_AS:   121141048 kB
VmallocTotal:     311296 kB
VmallocUsed:       21236 kB
VmallocChunk:     151564 kB
Time pass: 276 sec

---2015-10-23 20:34:50
MemTotal:        1745540 kB
MemFree:           47532 kB
Buffers:           12636 kB
Cached:           345156 kB
SwapCached:        34364 kB
Active:           494184 kB
Inactive:         504280 kB
Active(anon):     317348 kB
Inactive(anon):   327740 kB
Active(file):     176836 kB
Inactive(file):   176540 kB
Unevictable:        3816 kB
Mlocked:               0 kB
HighTotal:       1217536 kB
HighFree:          18536 kB
LowTotal:         528004 kB
LowFree:           28996 kB
SwapTotal:       1310716 kB
SwapFree:         641516 kB
Dirty:                84 kB
Writeback:             0 kB
AnonPages:        618108 kB
Mapped:           276160 kB
Shmem:               600 kB
Slab:              62508 kB
SReclaimable:      15856 kB
SUnreclaim:        46652 kB
KernelStack:       15848 kB
PageTables:        51980 kB
NFS_Unstable:          0 kB
Bounce:                0 kB
WritebackTmp:          0 kB
CommitLimit:     2183484 kB
Committed_AS:   122677548 kB
VmallocTotal:     311296 kB
VmallocUsed:       21236 kB
VmallocChunk:     151564 kB
Time pass: 280 sec

---2015-10-23 20:34:50
MemTotal:        1745540 kB
MemFree:           53556 kB
Buffers:           12600 kB
Cached:           342844 kB
SwapCached:        34364 kB
Active:           489860 kB
Inactive:         502652 kB
Active(anon):     313132 kB
Inactive(anon):   328356 kB
Active(file):     176728 kB
Inactive(file):   174296 kB
Unevictable:        3816 kB
Mlocked:               0 kB
HighTotal:       1217536 kB
HighFree:          23480 kB
LowTotal:         528004 kB
LowFree:           30076 kB
SwapTotal:       1310716 kB
SwapFree:         641176 kB
Dirty:                36 kB
Writeback:             0 kB
AnonPages:        614628 kB
Mapped:           276168 kB
Shmem:               604 kB
Slab:              62488 kB
SReclaimable:      15852 kB
SUnreclaim:        46636 kB
KernelStack:       15856 kB
PageTables:        51976 kB
NFS_Unstable:          0 kB
Bounce:                0 kB
WritebackTmp:          0 kB
CommitLimit:     2183484 kB
Committed_AS:   122678664 kB
VmallocTotal:     311296 kB
VmallocUsed:       21236 kB
VmallocChunk:     151564 kB
Time pass: 284 sec

---2015-10-23 20:34:50
MemTotal:        1745540 kB
MemFree:           55348 kB
Buffers:           12608 kB
Cached:           342344 kB
SwapCached:        34364 kB
Active:           490160 kB
Inactive:         502504 kB
Active(anon):     313728 kB
Inactive(anon):   328360 kB
Active(file):     176432 kB
Inactive(file):   174144 kB
Unevictable:        3816 kB
Mlocked:               0 kB
HighTotal:       1217536 kB
HighFree:          23540 kB
LowTotal:         528004 kB
LowFree:           31808 kB
SwapTotal:       1310716 kB
SwapFree:         641180 kB
Dirty:                28 kB
Writeback:             0 kB
AnonPages:        615128 kB
Mapped:           276180 kB
Shmem:               604 kB
Slab:              62432 kB
SReclaimable:      15852 kB
SUnreclaim:        46580 kB
KernelStack:       15848 kB
PageTables:        51976 kB
NFS_Unstable:          0 kB
Bounce:                0 kB
WritebackTmp:          0 kB
CommitLimit:     2183484 kB
Committed_AS:   122679888 kB
VmallocTotal:     311296 kB
VmallocUsed:       21236 kB
VmallocChunk:     151564 kB
Time pass: 289 sec

---2015-10-23 20:34:50
MemTotal:        1745540 kB
MemFree:           46796 kB
Buffers:           12080 kB
Cached:           347920 kB
SwapCached:        34384 kB
Active:           494436 kB
Inactive:         506080 kB
Active(anon):     318044 kB
Inactive(anon):   326892 kB
Active(file):     176392 kB
Inactive(file):   179188 kB
Unevictable:        3816 kB
Mlocked:               0 kB
HighTotal:       1217536 kB
HighFree:          21176 kB
LowTotal:         528004 kB
LowFree:           25620 kB
SwapTotal:       1310716 kB
SwapFree:         642708 kB
Dirty:                92 kB
Writeback:             0 kB
AnonPages:        618036 kB
Mapped:           276784 kB
Shmem:               604 kB
Slab:              62328 kB
SReclaimable:      15872 kB
SUnreclaim:        46456 kB
KernelStack:       15936 kB
PageTables:        52012 kB
NFS_Unstable:          0 kB
Bounce:                0 kB
WritebackTmp:          0 kB
CommitLimit:     2183484 kB
Committed_AS:   122681920 kB
VmallocTotal:     311296 kB
VmallocUsed:       21304 kB
VmallocChunk:     151564 kB
Time pass: 293 sec

---2015-10-23 20:34:50
MemTotal:        1745540 kB
MemFree:           60512 kB
Buffers:           12008 kB
Cached:           347772 kB
SwapCached:        34384 kB
Active:           482912 kB
Inactive:         505836 kB
Active(anon):     306516 kB
Inactive(anon):   326872 kB
Active(file):     176396 kB
Inactive(file):   178964 kB
Unevictable:        3816 kB
Mlocked:               0 kB
HighTotal:       1217536 kB
HighFree:          31508 kB
LowTotal:         528004 kB
LowFree:           29004 kB
SwapTotal:       1310716 kB
SwapFree:         642716 kB
Dirty:                40 kB
Writeback:             0 kB
AnonPages:        606432 kB
Mapped:           270320 kB
Shmem:               604 kB
Slab:              62344 kB
SReclaimable:      15872 kB
SUnreclaim:        46472 kB
KernelStack:       15576 kB
PageTables:        51412 kB
NFS_Unstable:          0 kB
Bounce:                0 kB
WritebackTmp:          0 kB
CommitLimit:     2183484 kB
Committed_AS:   121146616 kB
VmallocTotal:     311296 kB
VmallocUsed:       21236 kB
VmallocChunk:     151564 kB
Time pass: 297 sec

---2015-10-23 20:34:50
MemTotal:        1745540 kB
MemFree:           51168 kB
Buffers:           12004 kB
Cached:           344004 kB
SwapCached:        34364 kB
Active:           492256 kB
Inactive:         504920 kB
Active(anon):     316928 kB
Inactive(anon):   328692 kB
Active(file):     175328 kB
Inactive(file):   176228 kB
Unevictable:        3816 kB
Mlocked:               0 kB
HighTotal:       1217536 kB
HighFree:          22136 kB
LowTotal:         528004 kB
LowFree:           29032 kB
SwapTotal:       1310716 kB
SwapFree:         642356 kB
Dirty:                72 kB
Writeback:             0 kB
AnonPages:        618772 kB
Mapped:           276796 kB
Shmem:               636 kB
Slab:              62556 kB
SReclaimable:      15872 kB
SUnreclaim:        46684 kB
KernelStack:       15912 kB
PageTables:        52012 kB
NFS_Unstable:          0 kB
Bounce:                0 kB
WritebackTmp:          0 kB
CommitLimit:     2183484 kB
Committed_AS:   122683368 kB
VmallocTotal:     311296 kB
VmallocUsed:       21236 kB
VmallocChunk:     151564 kB
Time pass: 300 sec

---2015-10-23 20:34:50
MemTotal:        1745540 kB
MemFree:           53332 kB
Buffers:           11704 kB
Cached:           342684 kB
SwapCached:        34348 kB
Active:           493004 kB
Inactive:         502972 kB
Active(anon):     317676 kB
Inactive(anon):   328348 kB
Active(file):     175328 kB
Inactive(file):   174624 kB
Unevictable:        3816 kB
Mlocked:               0 kB
HighTotal:       1217536 kB
HighFree:          22432 kB
LowTotal:         528004 kB
LowFree:           30900 kB
SwapTotal:       1310716 kB
SwapFree:         642288 kB
Dirty:                48 kB
Writeback:             0 kB
AnonPages:        619248 kB
Mapped:           276856 kB
Shmem:               636 kB
Slab:              62480 kB
SReclaimable:      15872 kB
SUnreclaim:        46608 kB
KernelStack:       15912 kB
PageTables:        52012 kB
NFS_Unstable:          0 kB
Bounce:                0 kB
WritebackTmp:          0 kB
CommitLimit:     2183484 kB
Committed_AS:   122683480 kB
VmallocTotal:     311296 kB
VmallocUsed:       21304 kB
VmallocChunk:     151564 kB
Time pass: 304 sec

---2015-10-23 20:34:50
MemTotal:        1745540 kB
MemFree:           52500 kB
Buffers:           11440 kB
Cached:           342700 kB
SwapCached:        34348 kB
Active:           493852 kB
Inactive:         502704 kB
Active(anon):     318524 kB
Inactive(anon):   328344 kB
Active(file):     175328 kB
Inactive(file):   174360 kB
Unevictable:        3816 kB
Mlocked:               0 kB
HighTotal:       1217536 kB
HighFree:          21784 kB
LowTotal:         528004 kB
LowFree:           30716 kB
SwapTotal:       1310716 kB
SwapFree:         642292 kB
Dirty:                48 kB
Writeback:             0 kB
AnonPages:        619904 kB
Mapped:           276684 kB
Shmem:               636 kB
Slab:              62528 kB
SReclaimable:      15872 kB
SUnreclaim:        46656 kB
KernelStack:       15904 kB
PageTables:        52016 kB
NFS_Unstable:          0 kB
Bounce:                0 kB
WritebackTmp:          0 kB
CommitLimit:     2183484 kB
Committed_AS:   122683584 kB
VmallocTotal:     311296 kB
VmallocUsed:       21236 kB
VmallocChunk:     151564 kB
Time pass: 309 sec

---2015-10-23 20:34:50
MemTotal:        1745540 kB
MemFree:           51628 kB
Buffers:           11472 kB
Cached:           342700 kB
SwapCached:        34348 kB
Active:           494068 kB
Inactive:         502720 kB
Active(anon):     318728 kB
Inactive(anon):   328340 kB
Active(file):     175340 kB
Inactive(file):   174380 kB
Unevictable:        3816 kB
Mlocked:               0 kB
HighTotal:       1217536 kB
HighFree:          20928 kB
LowTotal:         528004 kB
LowFree:           30700 kB
SwapTotal:       1310716 kB
SwapFree:         642292 kB
Dirty:                76 kB
Writeback:             0 kB
AnonPages:        620164 kB
Mapped:           276868 kB
Shmem:               636 kB
Slab:              62516 kB
SReclaimable:      15872 kB
SUnreclaim:        46644 kB
KernelStack:       15904 kB
PageTables:        52012 kB
NFS_Unstable:          0 kB
Bounce:                0 kB
WritebackTmp:          0 kB
CommitLimit:     2183484 kB
Committed_AS:   122684248 kB
VmallocTotal:     311296 kB
VmallocUsed:       21304 kB
VmallocChunk:     151564 kB
Time pass: 312 sec

---2015-10-23 20:34:50
MemTotal:        1745540 kB
MemFree:           62636 kB
Buffers:           11528 kB
Cached:           342680 kB
SwapCached:        34348 kB
Active:           484000 kB
Inactive:         502744 kB
Active(anon):     308648 kB
Inactive(anon):   328376 kB
Active(file):     175352 kB
Inactive(file):   174368 kB
Unevictable:        3816 kB
Mlocked:               0 kB
HighTotal:       1217536 kB
HighFree:          30996 kB
LowTotal:         528004 kB
LowFree:           31640 kB
SwapTotal:       1310716 kB
SwapFree:         642292 kB
Dirty:                 4 kB
Writeback:             0 kB
AnonPages:        610012 kB
Mapped:           270252 kB
Shmem:               672 kB
Slab:              62512 kB
SReclaimable:      15872 kB
SUnreclaim:        46640 kB
KernelStack:       15584 kB
PageTables:        51396 kB
NFS_Unstable:          0 kB
Bounce:                0 kB
WritebackTmp:          0 kB
CommitLimit:     2183484 kB
Committed_AS:   121147612 kB
VmallocTotal:     311296 kB
VmallocUsed:       21236 kB
VmallocChunk:     151564 kB
Time pass: 316 sec

---2015-10-23 20:34:50
MemTotal:        1745540 kB
MemFree:           45496 kB
Buffers:           11528 kB
Cached:           342792 kB
SwapCached:        34364 kB
Active:           499744 kB
Inactive:         502800 kB
Active(anon):     324340 kB
Inactive(anon):   328372 kB
Active(file):     175404 kB
Inactive(file):   174428 kB
Unevictable:        3816 kB
Mlocked:               0 kB
HighTotal:       1217536 kB
HighFree:          18612 kB
LowTotal:         528004 kB
LowFree:           26884 kB
SwapTotal:       1310716 kB
SwapFree:         642300 kB
Dirty:                20 kB
Writeback:             0 kB
AnonPages:        625688 kB
Mapped:           276836 kB
Shmem:               672 kB
Slab:              62680 kB
SReclaimable:      15872 kB
SUnreclaim:        46808 kB
KernelStack:       15952 kB
PageTables:        52016 kB
NFS_Unstable:          0 kB
Bounce:                0 kB
WritebackTmp:          0 kB
CommitLimit:     2183484 kB
Committed_AS:   122684400 kB
VmallocTotal:     311296 kB
VmallocUsed:       22256 kB
VmallocChunk:     151564 kB
Time pass: 320 sec

---2015-10-23 20:34:50
MemTotal:        1745540 kB
MemFree:           45964 kB
Buffers:           11536 kB
Cached:           342808 kB
SwapCached:        34364 kB
Active:           499552 kB
Inactive:         502828 kB
Active(anon):     324148 kB
Inactive(anon):   328392 kB
Active(file):     175404 kB
Inactive(file):   174436 kB
Unevictable:        3816 kB
Mlocked:               0 kB
HighTotal:       1217536 kB
HighFree:          19156 kB
LowTotal:         528004 kB
LowFree:           26808 kB
SwapTotal:       1310716 kB
SwapFree:         642304 kB
Dirty:                76 kB
Writeback:             0 kB
AnonPages:        625496 kB
Mapped:           276852 kB
Shmem:               688 kB
Slab:              62644 kB
SReclaimable:      15872 kB
SUnreclaim:        46772 kB
KernelStack:       15912 kB
PageTables:        52020 kB
NFS_Unstable:          0 kB
Bounce:                0 kB
WritebackTmp:          0 kB
CommitLimit:     2183484 kB
Committed_AS:   122684516 kB
VmallocTotal:     311296 kB
VmallocUsed:       22256 kB
VmallocChunk:     151564 kB
Time pass: 323 sec

---2015-10-23 20:34:50
MemTotal:        1745540 kB
MemFree:           46168 kB
Buffers:           11536 kB
Cached:           342808 kB
SwapCached:        34364 kB
Active:           499876 kB
Inactive:         502828 kB
Active(anon):     324472 kB
Inactive(anon):   328392 kB
Active(file):     175404 kB
Inactive(file):   174436 kB
Unevictable:        3816 kB
Mlocked:               0 kB
HighTotal:       1217536 kB
HighFree:          19244 kB
LowTotal:         528004 kB
LowFree:           26924 kB
SwapTotal:       1310716 kB
SwapFree:         642304 kB
Dirty:              1300 kB
Writeback:             0 kB
AnonPages:        625772 kB
Mapped:           276864 kB
Shmem:               688 kB
Slab:              62576 kB
SReclaimable:      15872 kB
SUnreclaim:        46704 kB
KernelStack:       15904 kB
PageTables:        52016 kB
NFS_Unstable:          0 kB
Bounce:                0 kB
WritebackTmp:          0 kB
CommitLimit:     2183484 kB
Committed_AS:   122684640 kB
VmallocTotal:     311296 kB
VmallocUsed:       22256 kB
VmallocChunk:     151564 kB
Time pass: 327 sec

---2015-10-23 20:34:50
MemTotal:        1745540 kB
MemFree:           45696 kB
Buffers:           11544 kB
Cached:           342812 kB
SwapCached:        34368 kB
Active:           500148 kB
Inactive:         502840 kB
Active(anon):     324744 kB
Inactive(anon):   328388 kB
Active(file):     175404 kB
Inactive(file):   174452 kB
Unevictable:        3816 kB
Mlocked:               0 kB
HighTotal:       1217536 kB
HighFree:          18652 kB
LowTotal:         528004 kB
LowFree:           27044 kB
SwapTotal:       1310716 kB
SwapFree:         642308 kB
Dirty:                32 kB
Writeback:             0 kB
AnonPages:        626028 kB
Mapped:           276864 kB
Shmem:               688 kB
Slab:              62544 kB
SReclaimable:      15872 kB
SUnreclaim:        46672 kB
KernelStack:       15864 kB
PageTables:        52012 kB
NFS_Unstable:          0 kB
Bounce:                0 kB
WritebackTmp:          0 kB
CommitLimit:     2183484 kB
Committed_AS:   122684840 kB
VmallocTotal:     311296 kB
VmallocUsed:       22256 kB
VmallocChunk:     151564 kB
Time pass: 331 sec

---2015-10-23 20:34:50
MemTotal:        1745540 kB
MemFree:           71528 kB
Buffers:           11552 kB
Cached:           342932 kB
SwapCached:        34368 kB
Active:           474712 kB
Inactive:         502880 kB
Active(anon):     299308 kB
Inactive(anon):   328344 kB
Active(file):     175404 kB
Inactive(file):   174536 kB
Unevictable:        3816 kB
Mlocked:               0 kB
HighTotal:       1217536 kB
HighFree:          42500 kB
LowTotal:         528004 kB
LowFree:           29028 kB
SwapTotal:       1310716 kB
SwapFree:         642308 kB
Dirty:                 8 kB
Writeback:             0 kB
AnonPages:        600380 kB
Mapped:           270148 kB
Shmem:               688 kB
Slab:              62604 kB
SReclaimable:      15872 kB
SUnreclaim:        46732 kB
KernelStack:       15592 kB
PageTables:        51412 kB
NFS_Unstable:          0 kB
Bounce:                0 kB
WritebackTmp:          0 kB
CommitLimit:     2183484 kB
Committed_AS:   121119508 kB
VmallocTotal:     311296 kB
VmallocUsed:       21236 kB
VmallocChunk:     151564 kB
Time pass: 334 sec

---2015-10-23 20:34:50
MemTotal:        1745540 kB
MemFree:           56776 kB
Buffers:           11552 kB
Cached:           342924 kB
SwapCached:        34368 kB
Active:           488760 kB
Inactive:         502892 kB
Active(anon):     313356 kB
Inactive(anon):   328340 kB
Active(file):     175404 kB
Inactive(file):   174552 kB
Unevictable:        3816 kB
Mlocked:               0 kB
HighTotal:       1217536 kB
HighFree:          28436 kB
LowTotal:         528004 kB
LowFree:           28340 kB
SwapTotal:       1310716 kB
SwapFree:         642312 kB
Dirty:                32 kB
Writeback:             0 kB
AnonPages:        614468 kB
Mapped:           276756 kB
Shmem:               704 kB
Slab:              62636 kB
SReclaimable:      15872 kB
SUnreclaim:        46764 kB
KernelStack:       15976 kB
PageTables:        51996 kB
NFS_Unstable:          0 kB
Bounce:                0 kB
WritebackTmp:          0 kB
CommitLimit:     2183484 kB
Committed_AS:   122656944 kB
VmallocTotal:     311296 kB
VmallocUsed:       22256 kB
VmallocChunk:     151564 kB
Time pass: 338 sec

---2015-10-23 20:34:50
MemTotal:        1745540 kB
MemFree:           56024 kB
Buffers:           11560 kB
Cached:           342916 kB
SwapCached:        34368 kB
Active:           489176 kB
Inactive:         502820 kB
Active(anon):     313772 kB
Inactive(anon):   328268 kB
Active(file):     175404 kB
Inactive(file):   174552 kB
Unevictable:        3816 kB
Mlocked:               0 kB
HighTotal:       1217536 kB
HighFree:          27676 kB
LowTotal:         528004 kB
LowFree:           28348 kB
SwapTotal:       1310716 kB
SwapFree:         642312 kB
Dirty:                40 kB
Writeback:             0 kB
AnonPages:        615072 kB
Mapped:           276852 kB
Shmem:               704 kB
Slab:              62572 kB
SReclaimable:      15872 kB
SUnreclaim:        46700 kB
KernelStack:       15928 kB
PageTables:        52012 kB
NFS_Unstable:          0 kB
Bounce:                0 kB
WritebackTmp:          0 kB
CommitLimit:     2183484 kB
Committed_AS:   122660288 kB
VmallocTotal:     311296 kB
VmallocUsed:       22256 kB
VmallocChunk:     151564 kB
Time pass: 341 sec

---2015-10-23 20:34:50
MemTotal:        1745540 kB
MemFree:           63016 kB
Buffers:           11560 kB
Cached:           342924 kB
SwapCached:        34368 kB
Active:           482976 kB
Inactive:         502824 kB
Active(anon):     307572 kB
Inactive(anon):   328264 kB
Active(file):     175404 kB
Inactive(file):   174560 kB
Unevictable:        3816 kB
Mlocked:               0 kB
HighTotal:       1217536 kB
HighFree:          32980 kB
LowTotal:         528004 kB
LowFree:           30036 kB
SwapTotal:       1310716 kB
SwapFree:         642312 kB
Dirty:                52 kB
Writeback:             0 kB
AnonPages:        608828 kB
Mapped:           276812 kB
Shmem:               704 kB
Slab:              62636 kB
SReclaimable:      15872 kB
SUnreclaim:        46764 kB
KernelStack:       15904 kB
PageTables:        52000 kB
NFS_Unstable:          0 kB
Bounce:                0 kB
WritebackTmp:          0 kB
CommitLimit:     2183484 kB
Committed_AS:   122660320 kB
VmallocTotal:     311296 kB
VmallocUsed:       22256 kB
VmallocChunk:     151564 kB
Time pass: 345 sec

---2015-10-23 20:34:50
MemTotal:        1745540 kB
MemFree:           62720 kB
Buffers:           11576 kB
Cached:           342924 kB
SwapCached:        34368 kB
Active:           483144 kB
Inactive:         502840 kB
Active(anon):     307740 kB
Inactive(anon):   328264 kB
Active(file):     175404 kB
Inactive(file):   174576 kB
Unevictable:        3816 kB
Mlocked:               0 kB
HighTotal:       1217536 kB
HighFree:          32568 kB
LowTotal:         528004 kB
LowFree:           30152 kB
SwapTotal:       1310716 kB
SwapFree:         642316 kB
Dirty:                28 kB
Writeback:             0 kB
AnonPages:        608952 kB
Mapped:           276864 kB
