---2015-12-16 17:19:16
MemTotal:        1386568 kB
MemFree:           40264 kB
Buffers:           11820 kB
Cached:           621128 kB
SwapCached:         4184 kB
Active:           556368 kB
Inactive:         570280 kB
Active(anon):     247080 kB
Inactive(anon):   250136 kB
Active(file):     309288 kB
Inactive(file):   320144 kB
Unevictable:        3132 kB
Mlocked:               0 kB
HighTotal:        849920 kB
HighFree:          10708 kB
LowTotal:         536648 kB
LowFree:           29556 kB
SwapTotal:        786428 kB
SwapFree:         735488 kB
Dirty:                 0 kB
Writeback:             0 kB
AnonPages:        495296 kB
Mapped:           316800 kB
Shmem:               384 kB
Slab:              52500 kB
SReclaimable:      17228 kB
SUnreclaim:        35272 kB
KernelStack:       13160 kB
PageTables:        43772 kB
NFS_Unstable:          0 kB
Bounce:                0 kB
WritebackTmp:          0 kB
CommitLimit:     1479712 kB
Committed_AS:   100711536 kB
VmallocTotal:     319488 kB
VmallocUsed:       19016 kB
VmallocChunk:     185356 kB
Time pass: 4 sec

---2015-12-16 17:19:16
MemTotal:        1386568 kB
MemFree:           40060 kB
Buffers:           11820 kB
Cached:           621156 kB
SwapCached:         4184 kB
Active:           556420 kB
Inactive:         570300 kB
Active(anon):     247124 kB
Inactive(anon):   250136 kB
Active(file):     309296 kB
Inactive(file):   320164 kB
Unevictable:        3132 kB
Mlocked:               0 kB
HighTotal:        849920 kB
HighFree:          10400 kB
LowTotal:         536648 kB
LowFree:           29660 kB
SwapTotal:        786428 kB
SwapFree:         735488 kB
Dirty:                 0 kB
Writeback:             0 kB
AnonPages:        495344 kB
Mapped:           316820 kB
Shmem:               384 kB
Slab:              52396 kB
SReclaimable:      17228 kB
SUnreclaim:        35168 kB
KernelStack:       13160 kB
PageTables:        43772 kB
NFS_Unstable:          0 kB
Bounce:                0 kB
WritebackTmp:          0 kB
CommitLimit:     1479712 kB
Committed_AS:   100711768 kB
VmallocTotal:     319488 kB
VmallocUsed:       19084 kB
VmallocChunk:     185356 kB
Time pass: 7 sec

---2015-12-16 17:19:16
MemTotal:        1386568 kB
MemFree:           39020 kB
Buffers:           11828 kB
Cached:           621148 kB
SwapCached:         4184 kB
Active:           556636 kB
Inactive:         570228 kB
Active(anon):     247340 kB
Inactive(anon):   250064 kB
Active(file):     309296 kB
Inactive(file):   320164 kB
Unevictable:        3132 kB
Mlocked:               0 kB
HighTotal:        849920 kB
HighFree:           9716 kB
LowTotal:         536648 kB
LowFree:           29304 kB
SwapTotal:        786428 kB
SwapFree:         735488 kB
Dirty:                 0 kB
Writeback:             0 kB
AnonPages:        495416 kB
Mapped:           316920 kB
Shmem:               384 kB
Slab:              52232 kB
SReclaimable:      17228 kB
SUnreclaim:        35004 kB
KernelStack:       13160 kB
PageTables:        43776 kB
NFS_Unstable:          0 kB
Bounce:                0 kB
WritebackTmp:          0 kB
CommitLimit:     1479712 kB
Committed_AS:   100711872 kB
VmallocTotal:     319488 kB
VmallocUsed:       19220 kB
VmallocChunk:     185356 kB
Time pass: 11 sec

---2015-12-16 17:19:16
MemTotal:        1386568 kB
MemFree:           40492 kB
Buffers:           11828 kB
Cached:           621156 kB
SwapCached:         4184 kB
Active:           556732 kB
Inactive:         570188 kB
Active(anon):     247436 kB
Inactive(anon):   250016 kB
Active(file):     309296 kB
Inactive(file):   320172 kB
Unevictable:        3132 kB
Mlocked:               0 kB
HighTotal:        849920 kB
HighFree:          10396 kB
LowTotal:         536648 kB
LowFree:           30096 kB
SwapTotal:        786428 kB
SwapFree:         735488 kB
Dirty:                 4 kB
Writeback:             0 kB
AnonPages:        495492 kB
Mapped:           316824 kB
Shmem:               384 kB
Slab:              52100 kB
SReclaimable:      17228 kB
SUnreclaim:        34872 kB
KernelStack:       13160 kB
PageTables:        43776 kB
NFS_Unstable:          0 kB
Bounce:                0 kB
WritebackTmp:          0 kB
CommitLimit:     1479712 kB
Committed_AS:   100712096 kB
VmallocTotal:     319488 kB
VmallocUsed:       19016 kB
VmallocChunk:     185356 kB
Time pass: 15 sec

---2015-12-16 17:19:16
MemTotal:        1386568 kB
MemFree:           27476 kB
Buffers:           11800 kB
Cached:           610872 kB
SwapCached:         4292 kB
Active:           562380 kB
Inactive:         569024 kB
Active(anon):     255596 kB
Inactive(anon):   256968 kB
Active(file):     306784 kB
Inactive(file):   312056 kB
Unevictable:        3132 kB
Mlocked:               0 kB
HighTotal:        849920 kB
HighFree:           9840 kB
LowTotal:         536648 kB
LowFree:           17636 kB
SwapTotal:        786428 kB
SwapFree:         734688 kB
Dirty:               900 kB
Writeback:             0 kB
AnonPages:        510744 kB
Mapped:           339232 kB
Shmem:               384 kB
Slab:              52936 kB
SReclaimable:      17276 kB
SUnreclaim:        35660 kB
KernelStack:       13640 kB
PageTables:        44416 kB
NFS_Unstable:          0 kB
Bounce:                0 kB
WritebackTmp:          0 kB
CommitLimit:     1479712 kB
Committed_AS:   102015168 kB
VmallocTotal:     319488 kB
VmallocUsed:       19400 kB
VmallocChunk:     185356 kB
Time pass: 19 sec

---2015-12-16 17:19:16
MemTotal:        1386568 kB
MemFree:           38184 kB
Buffers:           11884 kB
Cached:           592344 kB
SwapCached:         4268 kB
Active:           557380 kB
Inactive:         552916 kB
Active(anon):     257500 kB
Inactive(anon):   252432 kB
Active(file):     299880 kB
Inactive(file):   300484 kB
Unevictable:        3132 kB
Mlocked:               0 kB
HighTotal:        849920 kB
HighFree:          16644 kB
LowTotal:         536648 kB
LowFree:           21540 kB
SwapTotal:        786428 kB
SwapFree:         732556 kB
Dirty:               136 kB
Writeback:             0 kB
AnonPages:        507884 kB
Mapped:           350420 kB
Shmem:               516 kB
Slab:              53484 kB
SReclaimable:      17328 kB
SUnreclaim:        36156 kB
KernelStack:       13776 kB
PageTables:        44532 kB
NFS_Unstable:          0 kB
Bounce:                0 kB
WritebackTmp:          0 kB
CommitLimit:     1479712 kB
Committed_AS:   102016600 kB
VmallocTotal:     319488 kB
VmallocUsed:       19352 kB
VmallocChunk:     185356 kB
Time pass: 23 sec

---2015-12-16 17:19:16
MemTotal:        1386568 kB
MemFree:           70076 kB
Buffers:           11904 kB
Cached:           592960 kB
SwapCached:         4276 kB
Active:           523408 kB
Inactive:         545584 kB
Active(anon):     222400 kB
Inactive(anon):   245376 kB
Active(file):     301008 kB
Inactive(file):   300208 kB
Unevictable:        3132 kB
Mlocked:               0 kB
HighTotal:        849920 kB
HighFree:          26364 kB
LowTotal:         536648 kB
LowFree:           43712 kB
SwapTotal:        786428 kB
SwapFree:         732556 kB
Dirty:               348 kB
Writeback:             0 kB
AnonPages:        465692 kB
Mapped:           341936 kB
Shmem:               516 kB
Slab:              53124 kB
SReclaimable:      17328 kB
SUnreclaim:        35796 kB
KernelStack:       12304 kB
PageTables:        37212 kB
NFS_Unstable:          0 kB
Bounce:                0 kB
WritebackTmp:          0 kB
CommitLimit:     1479712 kB
Committed_AS:   83371996 kB
VmallocTotal:     319488 kB
VmallocUsed:       17324 kB
VmallocChunk:     185356 kB
Time pass: 27 sec

---2015-12-16 17:19:16
MemTotal:        1386568 kB
MemFree:           67568 kB
Buffers:           11936 kB
Cached:           592964 kB
SwapCached:         4276 kB
Active:           523840 kB
Inactive:         545528 kB
Active(anon):     222752 kB
Inactive(anon):   245368 kB
Active(file):     301088 kB
Inactive(file):   300160 kB
Unevictable:        3132 kB
Mlocked:               0 kB
HighTotal:        849920 kB
HighFree:          22808 kB
LowTotal:         536648 kB
LowFree:           44760 kB
SwapTotal:        786428 kB
SwapFree:         732560 kB
Dirty:               168 kB
Writeback:             0 kB
AnonPages:        465996 kB
Mapped:           344924 kB
Shmem:               516 kB
Slab:              52896 kB
SReclaimable:      17328 kB
SUnreclaim:        35568 kB
KernelStack:       12256 kB
PageTables:        37220 kB
NFS_Unstable:          0 kB
Bounce:                0 kB
WritebackTmp:          0 kB
CommitLimit:     1479712 kB
Committed_AS:   83372164 kB
VmallocTotal:     319488 kB
VmallocUsed:       17268 kB
VmallocChunk:     185356 kB
Time pass: 30 sec

---2015-12-16 17:19:16
MemTotal:        1386568 kB
MemFree:           67696 kB
Buffers:           11944 kB
Cached:           592964 kB
SwapCached:         4276 kB
Active:           523912 kB
Inactive:         545552 kB
Active(anon):     222824 kB
Inactive(anon):   245380 kB
Active(file):     301088 kB
Inactive(file):   300172 kB
Unevictable:        3132 kB
Mlocked:               0 kB
HighTotal:        849920 kB
HighFree:          22728 kB
LowTotal:         536648 kB
LowFree:           44968 kB
SwapTotal:        786428 kB
SwapFree:         732568 kB
Dirty:                24 kB
Writeback:             0 kB
AnonPages:        466080 kB
Mapped:           344828 kB
Shmem:               516 kB
Slab:              52672 kB
SReclaimable:      17328 kB
SUnreclaim:        35344 kB
KernelStack:       12256 kB
PageTables:        37220 kB
NFS_Unstable:          0 kB
Bounce:                0 kB
WritebackTmp:          0 kB
CommitLimit:     1479712 kB
Committed_AS:   83372244 kB
VmallocTotal:     319488 kB
VmallocUsed:       17268 kB
VmallocChunk:     185356 kB
Time pass: 34 sec

---2015-12-16 17:19:16
MemTotal:        1386568 kB
MemFree:           35444 kB
Buffers:           11948 kB
Cached:           604168 kB
SwapCached:         5096 kB
Active:           533112 kB
Inactive:         557216 kB
Active(anon):     231916 kB
Inactive(anon):   245944 kB
Active(file):     301196 kB
Inactive(file):   311272 kB
Unevictable:        3132 kB
Mlocked:               0 kB
HighTotal:        849920 kB
HighFree:           9032 kB
LowTotal:         536648 kB
LowFree:           26412 kB
SwapTotal:        786428 kB
SwapFree:         732736 kB
Dirty:                84 kB
Writeback:             0 kB
AnonPages:        475860 kB
Mapped:           352880 kB
Shmem:               516 kB
Slab:              53148 kB
SReclaimable:      17328 kB
SUnreclaim:        35820 kB
KernelStack:       12336 kB
PageTables:        37308 kB
NFS_Unstable:          0 kB
Bounce:                0 kB
WritebackTmp:          0 kB
CommitLimit:     1479712 kB
Committed_AS:   83384580 kB
VmallocTotal:     319488 kB
VmallocUsed:       17516 kB
VmallocChunk:     185356 kB
Time pass: 38 sec

---2015-12-16 17:19:16
MemTotal:        1386568 kB
MemFree:           29248 kB
Buffers:           11948 kB
Cached:           604520 kB
SwapCached:         5100 kB
Active:           538116 kB
Inactive:         557552 kB
Active(anon):     236920 kB
Inactive(anon):   245944 kB
Active(file):     301196 kB
Inactive(file):   311608 kB
Unevictable:        3132 kB
Mlocked:               0 kB
HighTotal:        849920 kB
HighFree:           8784 kB
LowTotal:         536648 kB
LowFree:           20464 kB
SwapTotal:        786428 kB
SwapFree:         732756 kB
Dirty:                72 kB
Writeback:             0 kB
AnonPages:        480800 kB
Mapped:           353672 kB
Shmem:               516 kB
Slab:              53052 kB
SReclaimable:      17328 kB
SUnreclaim:        35724 kB
KernelStack:       12288 kB
PageTables:        37312 kB
NFS_Unstable:          0 kB
Bounce:                0 kB
WritebackTmp:          0 kB
CommitLimit:     1479712 kB
Committed_AS:   83392200 kB
VmallocTotal:     319488 kB
VmallocUsed:       17584 kB
VmallocChunk:     185356 kB
Time pass: 42 sec

---2015-12-16 17:19:16
MemTotal:        1386568 kB
MemFree:           38764 kB
Buffers:           11916 kB
Cached:           592356 kB
SwapCached:         5148 kB
Active:           546700 kB
Inactive:         542804 kB
Active(anon):     246296 kB
Inactive(anon):   242532 kB
Active(file):     300404 kB
Inactive(file):   300272 kB
Unevictable:        3132 kB
Mlocked:               0 kB
HighTotal:        849920 kB
HighFree:          15808 kB
LowTotal:         536648 kB
LowFree:           22956 kB
SwapTotal:        786428 kB
SwapFree:         731012 kB
Dirty:               120 kB
Writeback:             0 kB
AnonPages:        486636 kB
Mapped:           350464 kB
Shmem:               520 kB
Slab:              52568 kB
SReclaimable:      17328 kB
SUnreclaim:        35240 kB
KernelStack:       12320 kB
PageTables:        37304 kB
NFS_Unstable:          0 kB
Bounce:                0 kB
WritebackTmp:          0 kB
CommitLimit:     1479712 kB
Committed_AS:   83398736 kB
VmallocTotal:     319488 kB
VmallocUsed:       17612 kB
VmallocChunk:     185356 kB
Time pass: 45 sec

---2015-12-16 17:19:16
MemTotal:        1386568 kB
MemFree:           30808 kB
Buffers:           11776 kB
Cached:           585640 kB
SwapCached:         5152 kB
Active:           543364 kB
Inactive:         543368 kB
Active(anon):     246528 kB
Inactive(anon):   246424 kB
Active(file):     296836 kB
Inactive(file):   296944 kB
Unevictable:        3132 kB
Mlocked:               0 kB
HighTotal:        849920 kB
HighFree:           9480 kB
LowTotal:         536648 kB
LowFree:           21328 kB
SwapTotal:        786428 kB
SwapFree:         730048 kB
Dirty:               504 kB
Writeback:             0 kB
AnonPages:        490780 kB
Mapped:           359000 kB
Shmem:               520 kB
Slab:              53268 kB
SReclaimable:      17372 kB
SUnreclaim:        35896 kB
KernelStack:       12424 kB
PageTables:        37356 kB
NFS_Unstable:          0 kB
Bounce:                0 kB
WritebackTmp:          0 kB
CommitLimit:     1479712 kB
Committed_AS:   83405080 kB
VmallocTotal:     319488 kB
VmallocUsed:       17492 kB
VmallocChunk:     185356 kB
Time pass: 50 sec

---2015-12-16 17:19:16
MemTotal:        1386568 kB
MemFree:           32492 kB
Buffers:           11440 kB
Cached:           577136 kB
SwapCached:         5420 kB
Active:           538000 kB
Inactive:         543196 kB
Active(anon):     246900 kB
Inactive(anon):   249368 kB
Active(file):     291100 kB
Inactive(file):   293828 kB
Unevictable:        3132 kB
Mlocked:               0 kB
HighTotal:        849920 kB
HighFree:          11736 kB
LowTotal:         536648 kB
LowFree:           20756 kB
SwapTotal:        786428 kB
SwapFree:         726656 kB
Dirty:                 4 kB
Writeback:             0 kB
AnonPages:        493924 kB
Mapped:           361160 kB
Shmem:               520 kB
Slab:              52824 kB
SReclaimable:      17360 kB
SUnreclaim:        35464 kB
KernelStack:       12312 kB
PageTables:        37400 kB
NFS_Unstable:          0 kB
Bounce:                0 kB
WritebackTmp:          0 kB
CommitLimit:     1479712 kB
Committed_AS:   83421436 kB
VmallocTotal:     319488 kB
VmallocUsed:       17504 kB
VmallocChunk:     185356 kB
Time pass: 54 sec

---2015-12-16 17:19:16
MemTotal:        1386568 kB
MemFree:           32048 kB
Buffers:           11436 kB
Cached:           570040 kB
SwapCached:         5540 kB
Active:           531996 kB
Inactive:         537676 kB
Active(anon):     243692 kB
Inactive(anon):   248120 kB
Active(file):     288304 kB
Inactive(file):   289556 kB
Unevictable:        3132 kB
Mlocked:               0 kB
HighTotal:        849920 kB
HighFree:          12764 kB
LowTotal:         536648 kB
LowFree:           19284 kB
SwapTotal:        786428 kB
SwapFree:         725676 kB
Dirty:               324 kB
Writeback:             0 kB
AnonPages:        489360 kB
Mapped:           368784 kB
Shmem:               520 kB
Slab:              53020 kB
SReclaimable:      17376 kB
SUnreclaim:        35644 kB
KernelStack:       12392 kB
PageTables:        37412 kB
NFS_Unstable:          0 kB
Bounce:                0 kB
WritebackTmp:          0 kB
CommitLimit:     1479712 kB
Committed_AS:   83421960 kB
VmallocTotal:     319488 kB
VmallocUsed:       17584 kB
VmallocChunk:     185356 kB
Time pass: 58 sec

---2015-12-16 17:19:16
MemTotal:        1386568 kB
MemFree:           38824 kB
Buffers:           11428 kB
Cached:           569404 kB
SwapCached:         5552 kB
Active:           532300 kB
Inactive:         536820 kB
Active(anon):     243976 kB
Inactive(anon):   247964 kB
Active(file):     288324 kB
Inactive(file):   288856 kB
Unevictable:        3132 kB
Mlocked:               0 kB
HighTotal:        849920 kB
HighFree:          13992 kB
LowTotal:         536648 kB
LowFree:           24832 kB
SwapTotal:        786428 kB
SwapFree:         725652 kB
Dirty:                52 kB
Writeback:             0 kB
AnonPages:        489416 kB
Mapped:           368848 kB
Shmem:               520 kB
Slab:              53200 kB
SReclaimable:      17400 kB
SUnreclaim:        35800 kB
KernelStack:       12320 kB
PageTables:        37424 kB
NFS_Unstable:          0 kB
Bounce:                0 kB
WritebackTmp:          0 kB
CommitLimit:     1479712 kB
Committed_AS:   83422040 kB
VmallocTotal:     319488 kB
VmallocUsed:       17516 kB
VmallocChunk:     185356 kB
Time pass: 62 sec

---2015-12-16 17:19:16
MemTotal:        1386568 kB
MemFree:           38488 kB
Buffers:           11428 kB
Cached:           569412 kB
SwapCached:         5552 kB
Active:           532480 kB
Inactive:         536828 kB
Active(anon):     244156 kB
Inactive(anon):   247964 kB
Active(file):     288324 kB
Inactive(file):   288864 kB
Unevictable:        3132 kB
Mlocked:               0 kB
HighTotal:        849920 kB
HighFree:          13624 kB
LowTotal:         536648 kB
LowFree:           24864 kB
SwapTotal:        786428 kB
SwapFree:         725652 kB
Dirty:                48 kB
Writeback:             0 kB
AnonPages:        489576 kB
Mapped:           368732 kB
Shmem:               520 kB
Slab:              53136 kB
SReclaimable:      17400 kB
SUnreclaim:        35736 kB
KernelStack:       12320 kB
PageTables:        37424 kB
NFS_Unstable:          0 kB
Bounce:                0 kB
WritebackTmp:          0 kB
CommitLimit:     1479712 kB
Committed_AS:   83422280 kB
VmallocTotal:     319488 kB
VmallocUsed:       17516 kB
VmallocChunk:     185356 kB
Time pass: 66 sec

---2015-12-16 17:19:16
MemTotal:        1386568 kB
MemFree:           31740 kB
Buffers:           11428 kB
Cached:           563064 kB
SwapCached:         5648 kB
Active:           532964 kB
Inactive:         533888 kB
Active(anon):     247588 kB
Inactive(anon):   248424 kB
Active(file):     285376 kB
Inactive(file):   285464 kB
Unevictable:        3132 kB
Mlocked:               0 kB
HighTotal:        849920 kB
HighFree:          12052 kB
LowTotal:         536648 kB
LowFree:           19688 kB
SwapTotal:        786428 kB
SwapFree:         724536 kB
Dirty:               508 kB
Writeback:             0 kB
AnonPages:        493308 kB
Mapped:           372700 kB
Shmem:               520 kB
Slab:              52968 kB
SReclaimable:      17432 kB
SUnreclaim:        35536 kB
KernelStack:       12360 kB
PageTables:        37444 kB
NFS_Unstable:          0 kB
Bounce:                0 kB
WritebackTmp:          0 kB
CommitLimit:     1479712 kB
Committed_AS:   83422712 kB
VmallocTotal:     319488 kB
VmallocUsed:       17540 kB
VmallocChunk:     185356 kB
Time pass: 69 sec

---2015-12-16 17:19:16
MemTotal:        1386568 kB
MemFree:           67380 kB
Buffers:           11440 kB
Cached:           565848 kB
SwapCached:         5652 kB
Active:           503872 kB
Inactive:         532924 kB
Active(anon):     214784 kB
Inactive(anon):   248376 kB
Active(file):     289088 kB
Inactive(file):   284548 kB
Unevictable:        3132 kB
Mlocked:               0 kB
HighTotal:        849920 kB
HighFree:          28288 kB
LowTotal:         536648 kB
LowFree:           39092 kB
SwapTotal:        786428 kB
SwapFree:         724544 kB
Dirty:                64 kB
Writeback:             0 kB
AnonPages:        460484 kB
Mapped:           350676 kB
Shmem:               520 kB
Slab:              53004 kB
SReclaimable:      17424 kB
SUnreclaim:        35580 kB
KernelStack:       11568 kB
PageTables:        33620 kB
NFS_Unstable:          0 kB
Bounce:                0 kB
WritebackTmp:          0 kB
CommitLimit:     1479712 kB
Committed_AS:   74711596 kB
VmallocTotal:     319488 kB
VmallocUsed:       17372 kB
VmallocChunk:     185356 kB
Time pass: 73 sec

---2015-12-16 17:19:16
MemTotal:        1386568 kB
MemFree:           32936 kB
Buffers:           11472 kB
Cached:           570768 kB
SwapCached:         5924 kB
Active:           516088 kB
Inactive:         538076 kB
Active(anon):     227144 kB
Inactive(anon):   248736 kB
Active(file):     288944 kB
Inactive(file):   289340 kB
Unevictable:        3132 kB
Mlocked:               0 kB
HighTotal:        849920 kB
HighFree:          10132 kB
LowTotal:         536648 kB
LowFree:           22804 kB
SwapTotal:        786428 kB
SwapFree:         724672 kB
Dirty:               104 kB
Writeback:             0 kB
AnonPages:        473388 kB
Mapped:           352064 kB
Shmem:               600 kB
Slab:              53256 kB
SReclaimable:      17440 kB
SUnreclaim:        35816 kB
KernelStack:       11696 kB
PageTables:        33684 kB
NFS_Unstable:          0 kB
Bounce:                0 kB
WritebackTmp:          0 kB
CommitLimit:     1479712 kB
Committed_AS:   74730232 kB
VmallocTotal:     319488 kB
VmallocUsed:       19916 kB
VmallocChunk:     185356 kB
Time pass: 80 sec

---2015-12-16 17:19:16
MemTotal:        1386568 kB
MemFree:           33172 kB
Buffers:           11444 kB
Cached:           553840 kB
SwapCached:         6152 kB
Active:           518048 kB
Inactive:         526600 kB
Active(anon):     235640 kB
Inactive(anon):   247408 kB
Active(file):     282408 kB
Inactive(file):   279192 kB
Unevictable:        3132 kB
Mlocked:               0 kB
HighTotal:        849920 kB
HighFree:          10064 kB
LowTotal:         536648 kB
LowFree:           23108 kB
SwapTotal:        786428 kB
SwapFree:         722096 kB
Dirty:                52 kB
Writeback:             0 kB
AnonPages:        479896 kB
Mapped:           350412 kB
Shmem:               748 kB
Slab:              53504 kB
SReclaimable:      17452 kB
SUnreclaim:        36052 kB
KernelStack:       11768 kB
PageTables:        33804 kB
NFS_Unstable:          0 kB
Bounce:                0 kB
WritebackTmp:          0 kB
CommitLimit:     1479712 kB
Committed_AS:   74738760 kB
VmallocTotal:     319488 kB
VmallocUsed:       19916 kB
VmallocChunk:     185356 kB
Time pass: 86 sec

---2015-12-16 17:19:16
MemTotal:        1386568 kB
MemFree:           29548 kB
Buffers:           11460 kB
Cached:           554076 kB
SwapCached:         6152 kB
Active:           520312 kB
Inactive:         526732 kB
Active(anon):     238040 kB
Inactive(anon):   247400 kB
Active(file):     282272 kB
Inactive(file):   279332 kB
Unevictable:        3132 kB
Mlocked:               0 kB
HighTotal:        849920 kB
HighFree:           8808 kB
LowTotal:         536648 kB
LowFree:           20740 kB
SwapTotal:        786428 kB
SwapFree:         722104 kB
Dirty:                40 kB
Writeback:             0 kB
AnonPages:        482288 kB
Mapped:           350420 kB
Shmem:               800 kB
Slab:              53164 kB
SReclaimable:      17452 kB
SUnreclaim:        35712 kB
KernelStack:       11712 kB
PageTables:        33808 kB
NFS_Unstable:          0 kB
Bounce:                0 kB
WritebackTmp:          0 kB
CommitLimit:     1479712 kB
Committed_AS:   74738836 kB
VmallocTotal:     319488 kB
VmallocUsed:       19848 kB
VmallocChunk:     185356 kB
Time pass: 91 sec

---2015-12-16 17:19:16
MemTotal:        1386568 kB
MemFree:           33152 kB
Buffers:           11468 kB
Cached:           553092 kB
SwapCached:         6188 kB
Active:           517280 kB
Inactive:         525712 kB
Active(anon):     235428 kB
Inactive(anon):   246984 kB
Active(file):     281852 kB
Inactive(file):   278728 kB
Unevictable:        3132 kB
Mlocked:               0 kB
HighTotal:        849920 kB
HighFree:          11840 kB
LowTotal:         536648 kB
LowFree:           21312 kB
SwapTotal:        786428 kB
SwapFree:         721988 kB
Dirty:                 0 kB
Writeback:             0 kB
AnonPages:        479216 kB
Mapped:           350108 kB
Shmem:               848 kB
Slab:              53244 kB
SReclaimable:      17452 kB
SUnreclaim:        35792 kB
KernelStack:       11752 kB
PageTables:        33812 kB
NFS_Unstable:          0 kB
Bounce:                0 kB
WritebackTmp:          0 kB
CommitLimit:     1479712 kB
Committed_AS:   74734288 kB
VmallocTotal:     319488 kB
VmallocUsed:       19848 kB
VmallocChunk:     185356 kB
Time pass: 95 sec

---2015-12-16 17:19:16
MemTotal:        1386568 kB
MemFree:           35788 kB
Buffers:           11468 kB
Cached:           553092 kB
SwapCached:         6192 kB
Active:           514880 kB
Inactive:         525716 kB
Active(anon):     233028 kB
Inactive(anon):   246988 kB
Active(file):     281852 kB
Inactive(file):   278728 kB
Unevictable:        3132 kB
Mlocked:               0 kB
HighTotal:        849920 kB
HighFree:          13660 kB
LowTotal:         536648 kB
LowFree:           22128 kB
SwapTotal:        786428 kB
SwapFree:         722036 kB
Dirty:                 0 kB
Writeback:             0 kB
AnonPages:        476772 kB
Mapped:           350164 kB
Shmem:               848 kB
Slab:              53096 kB
SReclaimable:      17452 kB
SUnreclaim:        35644 kB
KernelStack:       11728 kB
PageTables:        33840 kB
NFS_Unstable:          0 kB
Bounce:                0 kB
WritebackTmp:          0 kB
CommitLimit:     1479712 kB
Committed_AS:   74742536 kB
VmallocTotal:     319488 kB
VmallocUsed:       19848 kB
VmallocChunk:     185356 kB
Time pass: 99 sec

---2015-12-16 17:19:16
MemTotal:        1386568 kB
MemFree:           15932 kB
Buffers:           11436 kB
Cached:           546512 kB
SwapCached:         6392 kB
Active:           512064 kB
Inactive:         521336 kB
Active(anon):     234316 kB
Inactive(anon):   245280 kB
Active(file):     277748 kB
Inactive(file):   276056 kB
Unevictable:        3132 kB
Mlocked:               0 kB
HighTotal:        849920 kB
HighFree:           2608 kB
LowTotal:         536648 kB
LowFree:           13324 kB
SwapTotal:        786428 kB
SwapFree:         720880 kB
Dirty:                36 kB
Writeback:             0 kB
AnonPages:        476224 kB
Mapped:           350020 kB
Shmem:               852 kB
Slab:              53120 kB
SReclaimable:      17452 kB
SUnreclaim:        35668 kB
KernelStack:       11680 kB
PageTables:        33832 kB
NFS_Unstable:          0 kB
Bounce:                0 kB
WritebackTmp:          0 kB
CommitLimit:     1479712 kB
Committed_AS:   74742528 kB
VmallocTotal:     319488 kB
VmallocUsed:       19916 kB
VmallocChunk:     185356 kB
Time pass: 103 sec

---2015-12-16 17:19:16
MemTotal:        1386568 kB
MemFree:           83752 kB
Buffers:           11076 kB
Cached:           532308 kB
SwapCached:         7216 kB
Active:           468036 kB
Inactive:         504116 kB
Active(anon):     197216 kB
Inactive(anon):   235580 kB
Active(file):     270820 kB
Inactive(file):   268536 kB
Unevictable:        3132 kB
Mlocked:               0 kB
HighTotal:        849920 kB
HighFree:          49796 kB
LowTotal:         536648 kB
LowFree:           33956 kB
SwapTotal:        786428 kB
SwapFree:         716760 kB
Dirty:                36 kB
Writeback:             0 kB
AnonPages:        428460 kB
Mapped:           313332 kB
Shmem:               896 kB
Slab:              52508 kB
SReclaimable:      17444 kB
SUnreclaim:        35064 kB
KernelStack:       10320 kB
PageTables:        28696 kB
NFS_Unstable:          0 kB
Bounce:                0 kB
WritebackTmp:          0 kB
CommitLimit:     1479712 kB
Committed_AS:   62304936 kB
VmallocTotal:     319488 kB
VmallocUsed:       18828 kB
VmallocChunk:     187404 kB
Time pass: 107 sec

---2015-12-16 17:19:16
MemTotal:        1386568 kB
MemFree:           83852 kB
Buffers:           11076 kB
Cached:           532336 kB
SwapCached:         7216 kB
Active:           468236 kB
Inactive:         504144 kB
Active(anon):     197416 kB
Inactive(anon):   235608 kB
Active(file):     270820 kB
Inactive(file):   268536 kB
Unevictable:        3132 kB
Mlocked:               0 kB
HighTotal:        849920 kB
HighFree:          50380 kB
LowTotal:         536648 kB
LowFree:           33472 kB
SwapTotal:        786428 kB
SwapFree:         716760 kB
Dirty:                36 kB
Writeback:             0 kB
AnonPages:        428560 kB
Mapped:           313360 kB
Shmem:               924 kB
Slab:              52884 kB
SReclaimable:      17444 kB
SUnreclaim:        35440 kB
KernelStack:       10320 kB
PageTables:        28700 kB
NFS_Unstable:          0 kB
Bounce:                0 kB
WritebackTmp:          0 kB
CommitLimit:     1479712 kB
Committed_AS:   62304952 kB
VmallocTotal:     319488 kB
VmallocUsed:       18828 kB
VmallocChunk:     187404 kB
Time pass: 112 sec

---2015-12-16 17:19:16
MemTotal:        1386568 kB
MemFree:           85224 kB
Buffers:           11084 kB
Cached:           532380 kB
SwapCached:         7216 kB
Active:           466452 kB
Inactive:         504192 kB
Active(anon):     195632 kB
Inactive(anon):   235608 kB
Active(file):     270820 kB
Inactive(file):   268584 kB
Unevictable:        3132 kB
Mlocked:               0 kB
HighTotal:        849920 kB
HighFree:          51464 kB
LowTotal:         536648 kB
LowFree:           33760 kB
SwapTotal:        786428 kB
SwapFree:         716760 kB
Dirty:                28 kB
Writeback:             0 kB
AnonPages:        426868 kB
Mapped:           313376 kB
Shmem:               928 kB
Slab:              52776 kB
SReclaimable:      17444 kB
SUnreclaim:        35332 kB
KernelStack:       10320 kB
PageTables:        28696 kB
NFS_Unstable:          0 kB
Bounce:                0 kB
WritebackTmp:          0 kB
CommitLimit:     1479712 kB
Committed_AS:   62305168 kB
VmallocTotal:     319488 kB
VmallocUsed:       18828 kB
VmallocChunk:     187404 kB
Time pass: 116 sec

---2015-12-16 17:19:16
MemTotal:        1386568 kB
MemFree:           82544 kB
Buffers:           11096 kB
Cached:           533492 kB
SwapCached:         7216 kB
Active:           467840 kB
Inactive:         505216 kB
Active(anon):     196936 kB
Inactive(anon):   235632 kB
Active(file):     270904 kB
Inactive(file):   269584 kB
Unevictable:        3132 kB
Mlocked:               0 kB
HighTotal:        849920 kB
HighFree:          49344 kB
LowTotal:         536648 kB
LowFree:           33200 kB
SwapTotal:        786428 kB
SwapFree:         716764 kB
Dirty:                 0 kB
Writeback:             0 kB
AnonPages:        428256 kB
Mapped:           313764 kB
Shmem:               968 kB
Slab:              52776 kB
SReclaimable:      17444 kB
SUnreclaim:        35332 kB
KernelStack:       10400 kB
PageTables:        29140 kB
NFS_Unstable:          0 kB
Bounce:                0 kB
WritebackTmp:          0 kB
CommitLimit:     1479712 kB
Committed_AS:   63547520 kB
VmallocTotal:     319488 kB
VmallocUsed:       18896 kB
VmallocChunk:     187404 kB
Time pass: 120 sec

---2015-12-16 17:19:16
MemTotal:        1386568 kB
MemFree:           87728 kB
Buffers:           11104 kB
Cached:           537920 kB
SwapCached:         7220 kB
Active:           461524 kB
Inactive:         508192 kB
Active(anon):     189188 kB
Inactive(anon):   235148 kB
Active(file):     272336 kB
Inactive(file):   273044 kB
Unevictable:        3132 kB
Mlocked:               0 kB
HighTotal:        849920 kB
HighFree:          48256 kB
LowTotal:         536648 kB
LowFree:           39472 kB
SwapTotal:        786428 kB
SwapFree:         716768 kB
Dirty:                12 kB
Writeback:             0 kB
AnonPages:        420432 kB
Mapped:           316264 kB
Shmem:               512 kB
Slab:              53312 kB
SReclaimable:      17444 kB
SUnreclaim:        35868 kB
KernelStack:       10128 kB
PageTables:        29228 kB
NFS_Unstable:          0 kB
Bounce:                0 kB
WritebackTmp:          0 kB
CommitLimit:     1479712 kB
Committed_AS:   66222532 kB
VmallocTotal:     319488 kB
VmallocUsed:       18748 kB
VmallocChunk:     187404 kB
Time pass: 124 sec

---2015-12-16 17:19:16
MemTotal:        1386568 kB
MemFree:           72792 kB
Buffers:           11144 kB
Cached:           540392 kB
SwapCached:         7288 kB
Active:           468916 kB
Inactive:         510568 kB
Active(anon):     196356 kB
Inactive(anon):   235300 kB
Active(file):     272560 kB
Inactive(file):   275268 kB
Unevictable:        3132 kB
Mlocked:               0 kB
HighTotal:        849920 kB
HighFree:          37392 kB
LowTotal:         536648 kB
LowFree:           35400 kB
SwapTotal:        786428 kB
SwapFree:         716880 kB
Dirty:               136 kB
Writeback:             0 kB
AnonPages:        427692 kB
Mapped:           319956 kB
Shmem:               512 kB
Slab:              53240 kB
SReclaimable:      17444 kB
SUnreclaim:        35796 kB
KernelStack:       10280 kB
PageTables:        30984 kB
NFS_Unstable:          0 kB
Bounce:                0 kB
WritebackTmp:          0 kB
CommitLimit:     1479712 kB
Committed_AS:   68642780 kB
VmallocTotal:     319488 kB
VmallocUsed:       18736 kB
VmallocChunk:     187404 kB
Time pass: 128 sec

---2015-12-16 17:19:16
MemTotal:        1386568 kB
MemFree:           70176 kB
Buffers:           11160 kB
Cached:           542556 kB
SwapCached:         7368 kB
Active:           470276 kB
Inactive:         512384 kB
Active(anon):     197192 kB
Inactive(anon):   235492 kB
Active(file):     273084 kB
Inactive(file):   276892 kB
Unevictable:        3132 kB
Mlocked:               0 kB
HighTotal:        849920 kB
HighFree:          34012 kB
LowTotal:         536648 kB
LowFree:           36164 kB
SwapTotal:        786428 kB
SwapFree:         716996 kB
Dirty:               704 kB
Writeback:             0 kB
AnonPages:        428764 kB
Mapped:           320952 kB
Shmem:               512 kB
Slab:              53112 kB
SReclaimable:      17444 kB
SUnreclaim:        35668 kB
KernelStack:       10264 kB
PageTables:        30392 kB
NFS_Unstable:          0 kB
Bounce:                0 kB
WritebackTmp:          0 kB
CommitLimit:     1479712 kB
Committed_AS:   67269120 kB
VmallocTotal:     319488 kB
VmallocUsed:       18736 kB
VmallocChunk:     187404 kB
Time pass: 131 sec

---2015-12-16 17:19:16
MemTotal:        1386568 kB
MemFree:          172236 kB
Buffers:           11208 kB
Cached:           556156 kB
SwapCached:         7376 kB
Active:           414780 kB
Inactive:         523368 kB
Active(anon):     138936 kB
Inactive(anon):   235356 kB
Active(file):     275844 kB
Inactive(file):   288012 kB
Unevictable:        3132 kB
Mlocked:               0 kB
HighTotal:        849920 kB
HighFree:         103476 kB
LowTotal:         536648 kB
LowFree:           68760 kB
SwapTotal:        786428 kB
SwapFree:         717004 kB
Dirty:               288 kB
Writeback:             0 kB
AnonPages:        370308 kB
Mapped:           246052 kB
Shmem:               376 kB
Slab:              52952 kB
SReclaimable:      17432 kB
SUnreclaim:        35520 kB
KernelStack:        9848 kB
PageTables:        29708 kB
NFS_Unstable:          0 kB
Bounce:                0 kB
WritebackTmp:          0 kB
CommitLimit:     1479712 kB
Committed_AS:   67136296 kB
VmallocTotal:     319488 kB
VmallocUsed:       18444 kB
VmallocChunk:     187404 kB
Time pass: 135 sec

---2015-12-16 17:19:16
MemTotal:        1386568 kB
MemFree:          173284 kB
Buffers:           11216 kB
Cached:           556364 kB
SwapCached:         7376 kB
Active:           413680 kB
Inactive:         523568 kB
Active(anon):     137836 kB
Inactive(anon):   235332 kB
Active(file):     275844 kB
Inactive(file):   288236 kB
Unevictable:        3132 kB
Mlocked:               0 kB
HighTotal:        849920 kB
HighFree:         104424 kB
LowTotal:         536648 kB
LowFree:           68860 kB
SwapTotal:        786428 kB
SwapFree:         717004 kB
Dirty:                 0 kB
Writeback:             0 kB
AnonPages:        369200 kB
Mapped:           246112 kB
Shmem:               376 kB
Slab:              52952 kB
SReclaimable:      17432 kB
SUnreclaim:        35520 kB
KernelStack:        9864 kB
PageTables:        29704 kB
NFS_Unstable:          0 kB
Bounce:                0 kB
WritebackTmp:          0 kB
CommitLimit:     1479712 kB
Committed_AS:   67136328 kB
VmallocTotal:     319488 kB
VmallocUsed:       15968 kB
VmallocChunk:     187404 kB
Time pass: 138 sec

---2015-12-16 17:19:16
MemTotal:        1386568 kB
MemFree:          173256 kB
Buffers:           11224 kB
Cached:           556436 kB
SwapCached:         7376 kB
Active:           413752 kB
Inactive:         523620 kB
Active(anon):     137908 kB
Inactive(anon):   235328 kB
Active(file):     275844 kB
Inactive(file):   288292 kB
Unevictable:        3132 kB
Mlocked:               0 kB
HighTotal:        849920 kB
HighFree:         104364 kB
LowTotal:         536648 kB
LowFree:           68892 kB
SwapTotal:        786428 kB
SwapFree:         717004 kB
Dirty:                52 kB
Writeback:             0 kB
AnonPages:        369284 kB
Mapped:           246076 kB
Shmem:               376 kB
Slab:              52920 kB
SReclaimable:      17432 kB
SUnreclaim:        35488 kB
KernelStack:        9864 kB
PageTables:        29728 kB
NFS_Unstable:          0 kB
Bounce:                0 kB
WritebackTmp:          0 kB
CommitLimit:     1479712 kB
Committed_AS:   67136408 kB
VmallocTotal:     319488 kB
VmallocUsed:       15968 kB
VmallocChunk:     187404 kB
Time pass: 142 sec

---2015-12-16 17:19:16
MemTotal:        1386568 kB
MemFree:          167556 kB
Buffers:           11224 kB
Cached:           556448 kB
SwapCached:         7376 kB
Active:           417328 kB
Inactive:         523548 kB
Active(anon):     141384 kB
Inactive(anon):   235328 kB
Active(file):     275944 kB
Inactive(file):   288220 kB
Unevictable:        3132 kB
Mlocked:               0 kB
HighTotal:        849920 kB
HighFree:         100044 kB
LowTotal:         536648 kB
LowFree:           67512 kB
SwapTotal:        786428 kB
SwapFree:         717004 kB
Dirty:                44 kB
Writeback:             0 kB
AnonPages:        373052 kB
Mapped:           256964 kB
Shmem:               376 kB
Slab:              53020 kB
SReclaimable:      17432 kB
SUnreclaim:        35588 kB
KernelStack:        9960 kB
PageTables:        30236 kB
NFS_Unstable:          0 kB
Bounce:                0 kB
WritebackTmp:          0 kB
CommitLimit:     1479712 kB
Committed_AS:   68421576 kB
VmallocTotal:     319488 kB
VmallocUsed:       16172 kB
VmallocChunk:     187404 kB
Time pass: 146 sec

---2015-12-16 17:19:16
MemTotal:        1386568 kB
MemFree:           91164 kB
Buffers:           11308 kB
Cached:           594824 kB
SwapCached:         7384 kB
Active:           447796 kB
Inactive:         553588 kB
Active(anon):     163624 kB
Inactive(anon):   235412 kB
Active(file):     284172 kB
Inactive(file):   318176 kB
Unevictable:        3132 kB
Mlocked:               0 kB
HighTotal:        849920 kB
HighFree:          29736 kB
LowTotal:         536648 kB
LowFree:           61428 kB
SwapTotal:        786428 kB
SwapFree:         717020 kB
Dirty:               948 kB
Writeback:             0 kB
AnonPages:        394960 kB
Mapped:           283508 kB
Shmem:               504 kB
Slab:              53348 kB
SReclaimable:      17432 kB
SUnreclaim:        35916 kB
KernelStack:       10576 kB
PageTables:        30644 kB
NFS_Unstable:          0 kB
Bounce:                0 kB
WritebackTmp:          0 kB
CommitLimit:     1479712 kB
Committed_AS:   68436192 kB
VmallocTotal:     319488 kB
VmallocUsed:       16304 kB
VmallocChunk:     187404 kB
Time pass: 151 sec

---2015-12-16 17:19:16
MemTotal:        1386568 kB
MemFree:           49152 kB
Buffers:           11308 kB
Cached:           621412 kB
SwapCached:         7384 kB
Active:           480896 kB
Inactive:         547952 kB
Active(anon):     164572 kB
Inactive(anon):   235372 kB
Active(file):     316324 kB
Inactive(file):   312580 kB
Unevictable:        3132 kB
Mlocked:               0 kB
HighTotal:        849920 kB
HighFree:           9652 kB
LowTotal:         536648 kB
LowFree:           39500 kB
SwapTotal:        786428 kB
SwapFree:         717028 kB
Dirty:               224 kB
Writeback:             0 kB
AnonPages:        395768 kB
Mapped:           298032 kB
Shmem:               504 kB
Slab:              53512 kB
SReclaimable:      17436 kB
SUnreclaim:        36076 kB
KernelStack:       10576 kB
PageTables:        30696 kB
NFS_Unstable:          0 kB
Bounce:                0 kB
WritebackTmp:          0 kB
CommitLimit:     1479712 kB
Committed_AS:   68444112 kB
VmallocTotal:     319488 kB
VmallocUsed:       16360 kB
VmallocChunk:     187404 kB
Time pass: 154 sec

---2015-12-16 17:19:16
MemTotal:        1386568 kB
MemFree:           29024 kB
Buffers:           11416 kB
Cached:           627848 kB
SwapCached:         7528 kB
Active:           498244 kB
Inactive:         551784 kB
Active(anon):     182176 kB
Inactive(anon):   232216 kB
Active(file):     316068 kB
Inactive(file):   319568 kB
Unevictable:        3132 kB
Mlocked:               0 kB
HighTotal:        849920 kB
HighFree:           8944 kB
LowTotal:         536648 kB
LowFree:           20080 kB
SwapTotal:        786428 kB
SwapFree:         715864 kB
Dirty:              1132 kB
Writeback:             0 kB
AnonPages:        410336 kB
Mapped:           296716 kB
Shmem:               508 kB
Slab:              53132 kB
SReclaimable:      17444 kB
SUnreclaim:        35688 kB
KernelStack:       10608 kB
PageTables:        30748 kB
NFS_Unstable:          0 kB
Bounce:                0 kB
WritebackTmp:          0 kB
CommitLimit:     1479712 kB
Committed_AS:   68459932 kB
VmallocTotal:     319488 kB
VmallocUsed:       16428 kB
VmallocChunk:     187404 kB
Time pass: 158 sec

---2015-12-16 17:19:16
MemTotal:        1386568 kB
MemFree:           36468 kB
Buffers:            9432 kB
Cached:           613744 kB
SwapCached:         7540 kB
Active:           509012 kB
Inactive:         526536 kB
Active(anon):     190392 kB
Inactive(anon):   225516 kB
Active(file):     318620 kB
Inactive(file):   301020 kB
Unevictable:        3132 kB
Mlocked:               0 kB
HighTotal:        849920 kB
HighFree:          16180 kB
LowTotal:         536648 kB
LowFree:           20288 kB
SwapTotal:        786428 kB
SwapFree:         712340 kB
Dirty:              6844 kB
Writeback:             0 kB
AnonPages:        411844 kB
Mapped:           305208 kB
Shmem:               508 kB
Slab:              53540 kB
SReclaimable:      17544 kB
SUnreclaim:        35996 kB
KernelStack:       10600 kB
PageTables:        30768 kB
NFS_Unstable:          0 kB
Bounce:                0 kB
WritebackTmp:          0 kB
CommitLimit:     1479712 kB
Committed_AS:   68489016 kB
VmallocTotal:     319488 kB
VmallocUsed:       16428 kB
VmallocChunk:     187404 kB
Time pass: 162 sec

---2015-12-16 17:19:16
MemTotal:        1386568 kB
MemFree:           32108 kB
Buffers:            8864 kB
Cached:           611432 kB
SwapCached:         7552 kB
Active:           509472 kB
Inactive:         521776 kB
Active(anon):     191196 kB
Inactive(anon):   223396 kB
Active(file):     318276 kB
Inactive(file):   298380 kB
Unevictable:        3132 kB
Mlocked:               0 kB
HighTotal:        849920 kB
HighFree:          13400 kB
LowTotal:         536648 kB
LowFree:           18708 kB
SwapTotal:        786428 kB
SwapFree:         711704 kB
Dirty:                 0 kB
Writeback:             0 kB
AnonPages:        410520 kB
Mapped:           314624 kB
Shmem:               508 kB
Slab:              53368 kB
SReclaimable:      17512 kB
SUnreclaim:        35856 kB
KernelStack:       10520 kB
PageTables:        30844 kB
NFS_Unstable:          0 kB
Bounce:                0 kB
WritebackTmp:          0 kB
CommitLimit:     1479712 kB
Committed_AS:   68489248 kB
VmallocTotal:     319488 kB
VmallocUsed:       16316 kB
VmallocChunk:     187404 kB
Time pass: 165 sec

---2015-12-16 17:19:16
MemTotal:        1386568 kB
MemFree:           29444 kB
Buffers:            7736 kB
Cached:           603756 kB
SwapCached:         7584 kB
Active:           509408 kB
Inactive:         516276 kB
Active(anon):     198176 kB
Inactive(anon):   219636 kB
Active(file):     311232 kB
Inactive(file):   296640 kB
Unevictable:        3132 kB
Mlocked:               0 kB
HighTotal:        849920 kB
HighFree:          11644 kB
LowTotal:         536648 kB
LowFree:           17800 kB
SwapTotal:        786428 kB
SwapFree:         710208 kB
Dirty:               604 kB
Writeback:             0 kB
AnonPages:        413348 kB
Mapped:           320452 kB
Shmem:               508 kB
Slab:              53236 kB
SReclaimable:      17512 kB
SUnreclaim:        35724 kB
KernelStack:       10552 kB
PageTables:        30864 kB
NFS_Unstable:          0 kB
Bounce:                0 kB
WritebackTmp:          0 kB
CommitLimit:     1479712 kB
Committed_AS:   68490120 kB
VmallocTotal:     319488 kB
VmallocUsed:       16476 kB
VmallocChunk:     187404 kB
Time pass: 169 sec

---2015-12-16 17:19:16
MemTotal:        1386568 kB
MemFree:           32784 kB
Buffers:            7512 kB
Cached:           602464 kB
SwapCached:         7596 kB
Active:           508328 kB
Inactive:         515988 kB
Active(anon):     199192 kB
Inactive(anon):   218788 kB
Active(file):     309136 kB
Inactive(file):   297200 kB
Unevictable:        3132 kB
Mlocked:               0 kB
HighTotal:        849920 kB
HighFree:          12652 kB
LowTotal:         536648 kB
LowFree:           20132 kB
SwapTotal:        786428 kB
SwapFree:         709676 kB
Dirty:               704 kB
Writeback:             0 kB
AnonPages:        413760 kB
Mapped:           320940 kB
Shmem:               508 kB
Slab:              53608 kB
SReclaimable:      17520 kB
SUnreclaim:        36088 kB
KernelStack:       10504 kB
PageTables:        30848 kB
NFS_Unstable:          0 kB
Bounce:                0 kB
WritebackTmp:          0 kB
CommitLimit:     1479712 kB
Committed_AS:   68489680 kB
VmallocTotal:     319488 kB
VmallocUsed:       16272 kB
VmallocChunk:     187404 kB
Time pass: 173 sec

---2015-12-16 17:19:16
MemTotal:        1386568 kB
MemFree:           32836 kB
Buffers:            7520 kB
Cached:           602480 kB
SwapCached:         7596 kB
Active:           508224 kB
Inactive:         516000 kB
Active(anon):     199084 kB
Inactive(anon):   218788 kB
Active(file):     309140 kB
Inactive(file):   297212 kB
Unevictable:        3132 kB
Mlocked:               0 kB
HighTotal:        849920 kB
HighFree:          12672 kB
LowTotal:         536648 kB
LowFree:           20164 kB
SwapTotal:        786428 kB
SwapFree:         709676 kB
Dirty:                72 kB
Writeback:             0 kB
AnonPages:        413668 kB
Mapped:           320944 kB
Shmem:               508 kB
Slab:              53588 kB
SReclaimable:      17504 kB
SUnreclaim:        36084 kB
KernelStack:       10520 kB
PageTables:        30868 kB
NFS_Unstable:          0 kB
Bounce:                0 kB
WritebackTmp:          0 kB
CommitLimit:     1479712 kB
Committed_AS:   68489920 kB
VmallocTotal:     319488 kB
VmallocUsed:       16272 kB
VmallocChunk:     187404 kB
Time pass: 177 sec

---2015-12-16 17:19:16
MemTotal:        1386568 kB
MemFree:           30868 kB
Buffers:            7520 kB
Cached:           602484 kB
SwapCached:         7596 kB
Active:           509664 kB
Inactive:         516000 kB
Active(anon):     200520 kB
Inactive(anon):   218780 kB
Active(file):     309144 kB
Inactive(file):   297220 kB
Unevictable:        3132 kB
Mlocked:               0 kB
HighTotal:        849920 kB
HighFree:          11120 kB
LowTotal:         536648 kB
LowFree:           19748 kB
SwapTotal:        786428 kB
SwapFree:         709676 kB
Dirty:                 0 kB
Writeback:             0 kB
AnonPages:        415028 kB
Mapped:           323112 kB
Shmem:               508 kB
Slab:              53504 kB
SReclaimable:      17488 kB
SUnreclaim:        36016 kB
KernelStack:       10608 kB
PageTables:        30868 kB
NFS_Unstable:          0 kB
Bounce:                0 kB
WritebackTmp:          0 kB
CommitLimit:     1479712 kB
Committed_AS:   68490032 kB
VmallocTotal:     319488 kB
VmallocUsed:       16340 kB
VmallocChunk:     187404 kB
Time pass: 181 sec

---2015-12-16 17:19:16
MemTotal:        1386568 kB
MemFree:           31332 kB
Buffers:            7420 kB
Cached:           593772 kB
SwapCached:         7640 kB
Active:           506428 kB
Inactive:         516136 kB
Active(anon):     203008 kB
Inactive(anon):   222220 kB
Active(file):     303420 kB
Inactive(file):   293916 kB
Unevictable:        3132 kB
Mlocked:               0 kB
HighTotal:        849920 kB
HighFree:          11652 kB
LowTotal:         536648 kB
LowFree:           19680 kB
SwapTotal:        786428 kB
SwapFree:         708112 kB
Dirty:                52 kB
Writeback:             0 kB
AnonPages:        420780 kB
Mapped:           324612 kB
Shmem:               724 kB
Slab:              53460 kB
SReclaimable:      17512 kB
SUnreclaim:        35948 kB
KernelStack:       10816 kB
PageTables:        30988 kB
NFS_Unstable:          0 kB
Bounce:                0 kB
WritebackTmp:          0 kB
CommitLimit:     1479712 kB
Committed_AS:   68500560 kB
VmallocTotal:     319488 kB
VmallocUsed:       16476 kB
VmallocChunk:     187404 kB
Time pass: 186 sec

---2015-12-16 17:19:16
MemTotal:        1386568 kB
MemFree:           31300 kB
Buffers:            7428 kB
Cached:           593900 kB
SwapCached:         7640 kB
Active:           506668 kB
Inactive:         516264 kB
Active(anon):     203244 kB
Inactive(anon):   222344 kB
Active(file):     303424 kB
Inactive(file):   293920 kB
Unevictable:        3132 kB
Mlocked:               0 kB
HighTotal:        849920 kB
HighFree:          11604 kB
LowTotal:         536648 kB
LowFree:           19696 kB
SwapTotal:        786428 kB
SwapFree:         708112 kB
Dirty:                40 kB
Writeback:             0 kB
AnonPages:        420964 kB
Mapped:           324896 kB
Shmem:               852 kB
Slab:              53276 kB
SReclaimable:      17512 kB
SUnreclaim:        35764 kB
KernelStack:       10792 kB
PageTables:        31048 kB
NFS_Unstable:          0 kB
Bounce:                0 kB
WritebackTmp:          0 kB
CommitLimit:     1479712 kB
Committed_AS:   68500648 kB
VmallocTotal:     319488 kB
VmallocUsed:       16476 kB
VmallocChunk:     187404 kB
Time pass: 190 sec

---2015-12-16 17:19:16
MemTotal:        1386568 kB
MemFree:           30976 kB
Buffers:            7428 kB
Cached:           593908 kB
SwapCached:         7640 kB
Active:           507236 kB
Inactive:         516208 kB
Active(anon):     203792 kB
Inactive(anon):   222304 kB
Active(file):     303444 kB
Inactive(file):   293904 kB
Unevictable:        3132 kB
Mlocked:               0 kB
HighTotal:        849920 kB
HighFree:          11048 kB
LowTotal:         536648 kB
LowFree:           19928 kB
SwapTotal:        786428 kB
SwapFree:         708216 kB
Dirty:                44 kB
Writeback:             0 kB
AnonPages:        421524 kB
Mapped:           324904 kB
Shmem:               856 kB
Slab:              53128 kB
SReclaimable:      17516 kB
SUnreclaim:        35612 kB
KernelStack:       10784 kB
PageTables:        31048 kB
NFS_Unstable:          0 kB
Bounce:                0 kB
WritebackTmp:          0 kB
CommitLimit:     1479712 kB
Committed_AS:   68500664 kB
VmallocTotal:     319488 kB
VmallocUsed:       16476 kB
VmallocChunk:     187404 kB
Time pass: 194 sec

---2015-12-16 17:19:16
MemTotal:        1386568 kB
MemFree:           29396 kB
Buffers:            7312 kB
Cached:           587424 kB
SwapCached:         7652 kB
Active:           506300 kB
Inactive:         517368 kB
Active(anon):     209348 kB
Inactive(anon):   223556 kB
Active(file):     296952 kB
Inactive(file):   293812 kB
Unevictable:        3132 kB
Mlocked:               0 kB
HighTotal:        849920 kB
HighFree:           9104 kB
LowTotal:         536648 kB
LowFree:           20292 kB
SwapTotal:        786428 kB
SwapFree:         706508 kB
Dirty:                52 kB
Writeback:             0 kB
AnonPages:        428376 kB
Mapped:           324156 kB
Shmem:               840 kB
Slab:              53452 kB
SReclaimable:      17516 kB
SUnreclaim:        35936 kB
KernelStack:       10848 kB
PageTables:        31084 kB
NFS_Unstable:          0 kB
Bounce:                0 kB
WritebackTmp:          0 kB
CommitLimit:     1479712 kB
Committed_AS:   68517376 kB
VmallocTotal:     319488 kB
VmallocUsed:       16476 kB
VmallocChunk:     187404 kB
Time pass: 198 sec

---2015-12-16 17:19:16
MemTotal:        1386568 kB
MemFree:           33392 kB
Buffers:            7360 kB
Cached:           581396 kB
SwapCached:         7660 kB
Active:           504288 kB
Inactive:         516412 kB
Active(anon):     211568 kB
Inactive(anon):   224380 kB
Active(file):     292720 kB
Inactive(file):   292032 kB
Unevictable:        3132 kB
Mlocked:               0 kB
HighTotal:        849920 kB
HighFree:          10360 kB
LowTotal:         536648 kB
LowFree:           23032 kB
SwapTotal:        786428 kB
SwapFree:         703944 kB
Dirty:                48 kB
Writeback:             0 kB
AnonPages:        431396 kB
Mapped:           324140 kB
Shmem:               872 kB
Slab:              53628 kB
SReclaimable:      17536 kB
SUnreclaim:        36092 kB
KernelStack:       10848 kB
PageTables:        31080 kB
NFS_Unstable:          0 kB
Bounce:                0 kB
WritebackTmp:          0 kB
CommitLimit:     1479712 kB
Committed_AS:   68525720 kB
VmallocTotal:     319488 kB
VmallocUsed:       16476 kB
VmallocChunk:     187404 kB
Time pass: 203 sec

---2015-12-16 17:19:16
MemTotal:        1386568 kB
MemFree:           33056 kB
Buffers:            7376 kB
Cached:           581396 kB
SwapCached:         7660 kB
Active:           505936 kB
Inactive:         516432 kB
Active(anon):     213216 kB
Inactive(anon):   224384 kB
Active(file):     292720 kB
Inactive(file):   292048 kB
Unevictable:        3132 kB
Mlocked:               0 kB
HighTotal:        849920 kB
HighFree:           9944 kB
LowTotal:         536648 kB
LowFree:           23112 kB
SwapTotal:        786428 kB
SwapFree:         703948 kB
Dirty:                 0 kB
Writeback:             0 kB
AnonPages:        433036 kB
Mapped:           321508 kB
Shmem:               872 kB
Slab:              53496 kB
SReclaimable:      17536 kB
SUnreclaim:        35960 kB
KernelStack:       10800 kB
PageTables:        31100 kB
NFS_Unstable:          0 kB
Bounce:                0 kB
WritebackTmp:          0 kB
CommitLimit:     1479712 kB
Committed_AS:   68525944 kB
VmallocTotal:     319488 kB
VmallocUsed:       16476 kB
VmallocChunk:     187404 kB
Time pass: 208 sec

---2015-12-16 17:19:16
MemTotal:        1386568 kB
MemFree:           32956 kB
Buffers:            7392 kB
Cached:           581444 kB
SwapCached:         7660 kB
Active:           507164 kB
Inactive:         516468 kB
Active(anon):     214444 kB
Inactive(anon):   224404 kB
Active(file):     292720 kB
Inactive(file):   292064 kB
Unevictable:        3132 kB
Mlocked:               0 kB
HighTotal:        849920 kB
HighFree:          10292 kB
LowTotal:         536648 kB
LowFree:           22664 kB
SwapTotal:        786428 kB
SwapFree:         703948 kB
Dirty:                32 kB
Writeback:             0 kB
AnonPages:        434160 kB
Mapped:           321512 kB
Shmem:               920 kB
Slab:              53524 kB
SReclaimable:      17536 kB
SUnreclaim:        35988 kB
KernelStack:       10800 kB
PageTables:        31104 kB
NFS_Unstable:          0 kB
Bounce:                0 kB
WritebackTmp:          0 kB
CommitLimit:     1479712 kB
Committed_AS:   68530168 kB
VmallocTotal:     319488 kB
VmallocUsed:       16408 kB
VmallocChunk:     187404 kB
Time pass: 212 sec

---2015-12-16 17:19:16
MemTotal:        1386568 kB
MemFree:           31700 kB
Buffers:            7408 kB
Cached:           581448 kB
SwapCached:         7656 kB
Active:           507152 kB
Inactive:         516340 kB
Active(anon):     214432 kB
Inactive(anon):   224260 kB
Active(file):     292720 kB
Inactive(file):   292080 kB
Unevictable:        3132 kB
Mlocked:               0 kB
HighTotal:        849920 kB
HighFree:           9764 kB
LowTotal:         536648 kB
LowFree:           21936 kB
SwapTotal:        786428 kB
SwapFree:         703960 kB
Dirty:                 0 kB
Writeback:             0 kB
AnonPages:        434048 kB
Mapped:           321564 kB
Shmem:               924 kB
Slab:              53600 kB
SReclaimable:      17536 kB
SUnreclaim:        36064 kB
KernelStack:       10848 kB
PageTables:        31104 kB
NFS_Unstable:          0 kB
Bounce:                0 kB
WritebackTmp:          0 kB
CommitLimit:     1479712 kB
Committed_AS:   68527896 kB
VmallocTotal:     319488 kB
VmallocUsed:       16476 kB
VmallocChunk:     187404 kB
Time pass: 216 sec

---2015-12-16 17:19:16
MemTotal:        1386568 kB
MemFree:           33104 kB
Buffers:            7432 kB
Cached:           581436 kB
SwapCached:         7656 kB
Active:           506228 kB
Inactive:         516352 kB
Active(anon):     213508 kB
Inactive(anon):   224264 kB
Active(file):     292720 kB
Inactive(file):   292088 kB
Unevictable:        3132 kB
Mlocked:               0 kB
HighTotal:        849920 kB
HighFree:           9964 kB
LowTotal:         536648 kB
LowFree:           23140 kB
SwapTotal:        786428 kB
SwapFree:         704012 kB
Dirty:                28 kB
Writeback:             0 kB
AnonPages:        433160 kB
Mapped:           321568 kB
Shmem:               928 kB
Slab:              53804 kB
SReclaimable:      17536 kB
SUnreclaim:        36268 kB
KernelStack:       10808 kB
PageTables:        31108 kB
NFS_Unstable:          0 kB
Bounce:                0 kB
WritebackTmp:          0 kB
CommitLimit:     1479712 kB
Committed_AS:   68528024 kB
VmallocTotal:     319488 kB
VmallocUsed:       16476 kB
VmallocChunk:     187404 kB
Time pass: 220 sec

---2015-12-16 17:19:16
MemTotal:        1386568 kB
MemFree:           33488 kB
Buffers:            7432 kB
Cached:           581480 kB
SwapCached:         7656 kB
Active:           506392 kB
Inactive:         516388 kB
Active(anon):     213672 kB
Inactive(anon):   224284 kB
Active(file):     292720 kB
Inactive(file):   292104 kB
Unevictable:        3132 kB
Mlocked:               0 kB
HighTotal:        849920 kB
HighFree:          10048 kB
LowTotal:         536648 kB
LowFree:           23440 kB
SwapTotal:        786428 kB
SwapFree:         704076 kB
Dirty:                 0 kB
Writeback:             0 kB
AnonPages:        433296 kB
Mapped:           321600 kB
Shmem:               956 kB
Slab:              53548 kB
SReclaimable:      17536 kB
SUnreclaim:        36012 kB
KernelStack:       10824 kB
PageTables:        31108 kB
NFS_Unstable:          0 kB
Bounce:                0 kB
WritebackTmp:          0 kB
CommitLimit:     1479712 kB
Committed_AS:   68528112 kB
VmallocTotal:     319488 kB
VmallocUsed:       16476 kB
VmallocChunk:     187404 kB
Time pass: 224 sec

---2015-12-16 17:19:16
MemTotal:        1386568 kB
MemFree:           32336 kB
Buffers:            7456 kB
Cached:           581476 kB
SwapCached:         7656 kB
Active:           506160 kB
Inactive:         516400 kB
Active(anon):     213440 kB
Inactive(anon):   224284 kB
Active(file):     292720 kB
Inactive(file):   292116 kB
Unevictable:        3132 kB
Mlocked:               0 kB
HighTotal:        849920 kB
HighFree:           9292 kB
LowTotal:         536648 kB
LowFree:           23044 kB
SwapTotal:        786428 kB
SwapFree:         704076 kB
Dirty:                36 kB
Writeback:             0 kB
AnonPages:        432988 kB
Mapped:           321608 kB
Shmem:               960 kB
Slab:              53804 kB
SReclaimable:      17536 kB
SUnreclaim:        36268 kB
KernelStack:       10856 kB
PageTables:        31108 kB
NFS_Unstable:          0 kB
Bounce:                0 kB
WritebackTmp:          0 kB
CommitLimit:     1479712 kB
Committed_AS:   68528352 kB
VmallocTotal:     319488 kB
VmallocUsed:       16476 kB
VmallocChunk:     187404 kB
Time pass: 229 sec

---2015-12-16 17:19:16
MemTotal:        1386568 kB
MemFree:           32276 kB
Buffers:            7472 kB
Cached:           581440 kB
SwapCached:         7700 kB
Active:           506248 kB
Inactive:         516428 kB
Active(anon):     213528 kB
Inactive(anon):   224284 kB
Active(file):     292720 kB
Inactive(file):   292144 kB
Unevictable:        3132 kB
Mlocked:               0 kB
HighTotal:        849920 kB
HighFree:           9004 kB
LowTotal:         536648 kB
LowFree:           23272 kB
SwapTotal:        786428 kB
SwapFree:         704084 kB
Dirty:                36 kB
Writeback:             0 kB
AnonPages:        433108 kB
Mapped:           321552 kB
Shmem:               960 kB
Slab:              53452 kB
SReclaimable:      17536 kB
SUnreclaim:        35916 kB
KernelStack:       10824 kB
PageTables:        31088 kB
NFS_Unstable:          0 kB
Bounce:                0 kB
WritebackTmp:          0 kB
CommitLimit:     1479712 kB
Committed_AS:   68528416 kB
VmallocTotal:     319488 kB
VmallocUsed:       16476 kB
VmallocChunk:     187404 kB
Time pass: 233 sec

---2015-12-16 17:19:16
MemTotal:        1386568 kB
MemFree:           32476 kB
Buffers:            7472 kB
Cached:           581484 kB
SwapCached:         7696 kB
Active:           506644 kB
Inactive:         516460 kB
Active(anon):     213924 kB
Inactive(anon):   224316 kB
Active(file):     292720 kB
Inactive(file):   292144 kB
Unevictable:        3132 kB
Mlocked:               0 kB
HighTotal:        849920 kB
HighFree:           9352 kB
LowTotal:         536648 kB
LowFree:           23124 kB
SwapTotal:        786428 kB
SwapFree:         704088 kB
Dirty:                40 kB
Writeback:             0 kB
AnonPages:        433540 kB
Mapped:           321552 kB
Shmem:               960 kB
Slab:              53552 kB
SReclaimable:      17536 kB
SUnreclaim:        36016 kB
KernelStack:       10824 kB
PageTables:        31088 kB
NFS_Unstable:          0 kB
Bounce:                0 kB
WritebackTmp:          0 kB
CommitLimit:     1479712 kB
Committed_AS:   68528616 kB
VmallocTotal:     319488 kB
VmallocUsed:       16476 kB
VmallocChunk:     187404 kB
Time pass: 237 sec

---2015-12-16 17:19:16
MemTotal:        1386568 kB
MemFree:           32728 kB
Buffers:            7496 kB
Cached:           581472 kB
SwapCached:         7696 kB
Active:           507068 kB
Inactive:         516472 kB
Active(anon):     214348 kB
Inactive(anon):   224320 kB
Active(file):     292720 kB
Inactive(file):   292152 kB
Unevictable:        3132 kB
Mlocked:               0 kB
HighTotal:        849920 kB
HighFree:           8776 kB
LowTotal:         536648 kB
LowFree:           23952 kB
SwapTotal:        786428 kB
SwapFree:         704088 kB
Dirty:                32 kB
Writeback:             0 kB
AnonPages:        433992 kB
Mapped:           321612 kB
Shmem:               964 kB
Slab:              53616 kB
SReclaimable:      17536 kB
SUnreclaim:        36080 kB
KernelStack:       10848 kB
PageTables:        31108 kB
NFS_Unstable:          0 kB
Bounce:                0 kB
WritebackTmp:          0 kB
CommitLimit:     1479712 kB
Committed_AS:   68528728 kB
VmallocTotal:     319488 kB
VmallocUsed:       16476 kB
VmallocChunk:     187404 kB
Time pass: 241 sec

---2015-12-16 17:19:16
MemTotal:        1386568 kB
MemFree:           33496 kB
Buffers:            7496 kB
Cached:           581488 kB
SwapCached:         7692 kB
Active:           506156 kB
Inactive:         516448 kB
Active(anon):     213436 kB
Inactive(anon):   224280 kB
Active(file):     292720 kB
Inactive(file):   292168 kB
Unevictable:        3132 kB
Mlocked:               0 kB
HighTotal:        849920 kB
HighFree:           9584 kB
LowTotal:         536648 kB
LowFree:           23912 kB
SwapTotal:        786428 kB
SwapFree:         704096 kB
Dirty:                 0 kB
Writeback:             0 kB
AnonPages:        432976 kB
Mapped:           321500 kB
Shmem:               964 kB
Slab:              53648 kB
SReclaimable:      17536 kB
SUnreclaim:        36112 kB
KernelStack:       10840 kB
PageTables:        31096 kB
NFS_Unstable:          0 kB
Bounce:                0 kB
WritebackTmp:          0 kB
CommitLimit:     1479712 kB
Committed_AS:   68528700 kB
VmallocTotal:     319488 kB
VmallocUsed:       16476 kB
VmallocChunk:     187404 kB
Time pass: 245 sec

---2015-12-16 17:19:16
MemTotal:        1386568 kB
MemFree:           32136 kB
Buffers:            7520 kB
Cached:           581472 kB
SwapCached:         7692 kB
Active:           507288 kB
Inactive:         516456 kB
Active(anon):     214568 kB
Inactive(anon):   224280 kB
Active(file):     292720 kB
Inactive(file):   292176 kB
Unevictable:        3132 kB
Mlocked:               0 kB
HighTotal:        849920 kB
HighFree:           8776 kB
LowTotal:         536648 kB
LowFree:           23360 kB
SwapTotal:        786428 kB
SwapFree:         704096 kB
Dirty:                32 kB
Writeback:             0 kB
AnonPages:        434216 kB
Mapped:           321636 kB
Shmem:               964 kB
Slab:              53648 kB
SReclaimable:      17536 kB
SUnreclaim:        36112 kB
KernelStack:       10840 kB
PageTables:        31108 kB
NFS_Unstable:          0 kB
Bounce:                0 kB
WritebackTmp:          0 kB
CommitLimit:     1479712 kB
Committed_AS:   68529012 kB
VmallocTotal:     319488 kB
VmallocUsed:       16476 kB
VmallocChunk:     187404 kB
Time pass: 249 sec

---2015-12-16 17:19:16
MemTotal:        1386568 kB
MemFree:           32244 kB
Buffers:            7536 kB
Cached:           581472 kB
SwapCached:         7692 kB
Active:           507512 kB
Inactive:         516364 kB
Active(anon):     214792 kB
Inactive(anon):   224172 kB
Active(file):     292720 kB
Inactive(file):   292192 kB
Unevictable:        3132 kB
Mlocked:               0 kB
HighTotal:        849920 kB
HighFree:           9108 kB
LowTotal:         536648 kB
LowFree:           23136 kB
SwapTotal:        786428 kB
SwapFree:         704100 kB
Dirty:                 0 kB
Writeback:             0 kB
AnonPages:        434304 kB
Mapped:           321636 kB
Shmem:               964 kB
Slab:              53872 kB
SReclaimable:      17536 kB
SUnreclaim:        36336 kB
KernelStack:       10848 kB
PageTables:        31108 kB
NFS_Unstable:          0 kB
Bounce:                0 kB
WritebackTmp:          0 kB
CommitLimit:     1479712 kB
Committed_AS:   68529120 kB
VmallocTotal:     319488 kB
VmallocUsed:       16476 kB
VmallocChunk:     187404 kB
Time pass: 252 sec

---2015-12-16 17:19:16
MemTotal:        1386568 kB
MemFree:           32404 kB
Buffers:            7536 kB
Cached:           581492 kB
SwapCached:         7688 kB
Active:           507572 kB
Inactive:         516380 kB
Active(anon):     214852 kB
Inactive(anon):   224172 kB
Active(file):     292720 kB
Inactive(file):   292208 kB
Unevictable:        3132 kB
Mlocked:               0 kB
HighTotal:        849920 kB
HighFree:           9116 kB
LowTotal:         536648 kB
LowFree:           23288 kB
SwapTotal:        786428 kB
SwapFree:         704300 kB
Dirty:                32 kB
Writeback:             0 kB
AnonPages:        434400 kB
Mapped:           321636 kB
Shmem:               964 kB
Slab:              53648 kB
SReclaimable:      17536 kB
SUnreclaim:        36112 kB
KernelStack:       10848 kB
PageTables:        31108 kB
NFS_Unstable:          0 kB
Bounce:                0 kB
WritebackTmp:          0 kB
CommitLimit:     1479712 kB
Committed_AS:   68520900 kB
VmallocTotal:     319488 kB
VmallocUsed:       16476 kB
VmallocChunk:     187404 kB
Time pass: 256 sec

---2015-12-16 17:19:16
MemTotal:        1386568 kB
MemFree:           31628 kB
Buffers:            7560 kB
Cached:           581496 kB
SwapCached:         7688 kB
Active:           508448 kB
Inactive:         516400 kB
Active(anon):     215720 kB
Inactive(anon):   224168 kB
Active(file):     292728 kB
Inactive(file):   292232 kB
Unevictable:        3132 kB
Mlocked:               0 kB
HighTotal:        849920 kB
HighFree:           8704 kB
LowTotal:         536648 kB
LowFree:           22924 kB
SwapTotal:        786428 kB
SwapFree:         704300 kB
Dirty:                36 kB
Writeback:             0 kB
AnonPages:        435180 kB
Mapped:           321632 kB
Shmem:               964 kB
Slab:              53616 kB
SReclaimable:      17536 kB
SUnreclaim:        36080 kB
KernelStack:       10824 kB
PageTables:        31128 kB
NFS_Unstable:          0 kB
Bounce:                0 kB
WritebackTmp:          0 kB
CommitLimit:     1479712 kB
Committed_AS:   68520980 kB
VmallocTotal:     319488 kB
VmallocUsed:       16476 kB
VmallocChunk:     187404 kB
Time pass: 261 sec

---2015-12-16 17:19:16
MemTotal:        1386568 kB
MemFree:           31032 kB
Buffers:            7560 kB
Cached:           581488 kB
SwapCached:         7688 kB
Active:           508764 kB
Inactive:         516400 kB
Active(anon):     216044 kB
Inactive(anon):   224168 kB
Active(file):     292720 kB
Inactive(file):   292232 kB
Unevictable:        3132 kB
Mlocked:               0 kB
HighTotal:        849920 kB
HighFree:           9248 kB
LowTotal:         536648 kB
LowFree:           21784 kB
SwapTotal:        786428 kB
SwapFree:         704300 kB
Dirty:                 0 kB
Writeback:             0 kB
AnonPages:        435500 kB
Mapped:           321632 kB
Shmem:               964 kB
Slab:              53684 kB
SReclaimable:      17536 kB
SUnreclaim:        36148 kB
KernelStack:       10832 kB
PageTables:        31092 kB
NFS_Unstable:          0 kB
Bounce:                0 kB
WritebackTmp:          0 kB
CommitLimit:     1479712 kB
Committed_AS:   68521052 kB
VmallocTotal:     319488 kB
VmallocUsed:       16476 kB
VmallocChunk:     187404 kB
Time pass: 265 sec

---2015-12-16 17:19:16
MemTotal:        1386568 kB
MemFree:           31260 kB
Buffers:            7592 kB
Cached:           581472 kB
SwapCached:         7688 kB
Active:           508764 kB
Inactive:         516412 kB
Active(anon):     216044 kB
Inactive(anon):   224164 kB
Active(file):     292720 kB
Inactive(file):   292248 kB
Unevictable:        3132 kB
Mlocked:               0 kB
HighTotal:        849920 kB
HighFree:           8748 kB
LowTotal:         536648 kB
LowFree:           22512 kB
SwapTotal:        786428 kB
SwapFree:         704300 kB
Dirty:                56 kB
Writeback:             0 kB
AnonPages:        435820 kB
Mapped:           321636 kB
Shmem:               964 kB
Slab:              53652 kB
SReclaimable:      17536 kB
SUnreclaim:        36116 kB
KernelStack:       10856 kB
PageTables:        31116 kB
NFS_Unstable:          0 kB
Bounce:                0 kB
WritebackTmp:          0 kB
CommitLimit:     1479712 kB
Committed_AS:   68521672 kB
VmallocTotal:     319488 kB
VmallocUsed:       16476 kB
VmallocChunk:     187404 kB
Time pass: 269 sec

---2015-12-16 17:19:16
MemTotal:        1386568 kB
MemFree:           28964 kB
Buffers:            7608 kB
Cached:           581480 kB
SwapCached:         7688 kB
Active:           509456 kB
Inactive:         516436 kB
Active(anon):     216736 kB
Inactive(anon):   224172 kB
Active(file):     292720 kB
Inactive(file):   292264 kB
Unevictable:        3132 kB
Mlocked:               0 kB
HighTotal:        849920 kB
HighFree:           8768 kB
LowTotal:         536648 kB
LowFree:           20196 kB
SwapTotal:        786428 kB
SwapFree:         704304 kB
Dirty:                 0 kB
Writeback:             0 kB
AnonPages:        436408 kB
Mapped:           321644 kB
Shmem:               972 kB
Slab:              53652 kB
SReclaimable:      17536 kB
SUnreclaim:        36116 kB
KernelStack:       10848 kB
PageTables:        31092 kB
NFS_Unstable:          0 kB
Bounce:                0 kB
WritebackTmp:          0 kB
CommitLimit:     1479712 kB
Committed_AS:   68521796 kB
VmallocTotal:     319488 kB
VmallocUsed:       16476 kB
VmallocChunk:     187404 kB
Time pass: 272 sec

---2015-12-16 17:19:16
MemTotal:        1386568 kB
MemFree:           29780 kB
Buffers:            7608 kB
Cached:           581500 kB
SwapCached:         7688 kB
Active:           509528 kB
Inactive:         516440 kB
Active(anon):     216808 kB
Inactive(anon):   224160 kB
Active(file):     292720 kB
Inactive(file):   292280 kB
Unevictable:        3132 kB
Mlocked:               0 kB
HighTotal:        849920 kB
HighFree:           9032 kB
LowTotal:         536648 kB
LowFree:           20748 kB
SwapTotal:        786428 kB
SwapFree:         704316 kB
Dirty:                36 kB
Writeback:             0 kB
AnonPages:        436304 kB
Mapped:           321648 kB
Shmem:               976 kB
Slab:              53428 kB
SReclaimable:      17536 kB
SUnreclaim:        35892 kB
KernelStack:       10840 kB
PageTables:        31092 kB
NFS_Unstable:          0 kB
Bounce:                0 kB
WritebackTmp:          0 kB
CommitLimit:     1479712 kB
Committed_AS:   68522020 kB
VmallocTotal:     319488 kB
VmallocUsed:       16476 kB
VmallocChunk:     187404 kB
Time pass: 276 sec

---2015-12-16 17:19:16
MemTotal:        1386568 kB
MemFree:           32592 kB
Buffers:            7632 kB
Cached:           578968 kB
SwapCached:         7696 kB
Active:           505964 kB
Inactive:         516772 kB
Active(anon):     214648 kB
Inactive(anon):   225492 kB
Active(file):     291316 kB
Inactive(file):   291280 kB
Unevictable:        3132 kB
Mlocked:               0 kB
HighTotal:        849920 kB
HighFree:          10396 kB
LowTotal:         536648 kB
LowFree:           22196 kB
SwapTotal:        786428 kB
SwapFree:         703064 kB
Dirty:                28 kB
Writeback:             0 kB
AnonPages:        435108 kB
Mapped:           321656 kB
Shmem:               984 kB
Slab:              53652 kB
SReclaimable:      17536 kB
SUnreclaim:        36116 kB
KernelStack:       10856 kB
PageTables:        31096 kB
NFS_Unstable:          0 kB
Bounce:                0 kB
WritebackTmp:          0 kB
CommitLimit:     1479712 kB
Committed_AS:   68521892 kB
VmallocTotal:     319488 kB
VmallocUsed:       16476 kB
VmallocChunk:     187404 kB
Time pass: 281 sec

---2015-12-16 17:19:16
MemTotal:        1386568 kB
MemFree:           33652 kB
Buffers:            7632 kB
Cached:           578952 kB
SwapCached:         7696 kB
Active:           505904 kB
Inactive:         516632 kB
Active(anon):     214812 kB
Inactive(anon):   225300 kB
Active(file):     291092 kB
Inactive(file):   291332 kB
Unevictable:        3132 kB
Mlocked:               0 kB
HighTotal:        849920 kB
HighFree:          10792 kB
LowTotal:         536648 kB
LowFree:           22860 kB
SwapTotal:        786428 kB
SwapFree:         703064 kB
Dirty:                 0 kB
Writeback:             0 kB
AnonPages:        435232 kB
Mapped:           321636 kB
Shmem:              1028 kB
Slab:              53572 kB
SReclaimable:      17536 kB
SUnreclaim:        36036 kB
KernelStack:       10816 kB
PageTables:        31096 kB
NFS_Unstable:          0 kB
Bounce:                0 kB
WritebackTmp:          0 kB
CommitLimit:     1479712 kB
Committed_AS:   68522220 kB
VmallocTotal:     319488 kB
VmallocUsed:       16476 kB
VmallocChunk:     187404 kB
Time pass: 284 sec

---2015-12-16 17:19:16
MemTotal:        1386568 kB
MemFree:           32692 kB
Buffers:            7656 kB
Cached:           579084 kB
SwapCached:         7696 kB
Active:           505416 kB
Inactive:         516784 kB
Active(anon):     214324 kB
Inactive(anon):   225296 kB
Active(file):     291092 kB
Inactive(file):   291488 kB
Unevictable:        3132 kB
Mlocked:               0 kB
HighTotal:        849920 kB
HighFree:           9836 kB
LowTotal:         536648 kB
LowFree:           22856 kB
SwapTotal:        786428 kB
SwapFree:         703064 kB
Dirty:                28 kB
Writeback:             0 kB
AnonPages:        435112 kB
Mapped:           321656 kB
Shmem:              1028 kB
Slab:              53720 kB
SReclaimable:      17536 kB
SUnreclaim:        36184 kB
KernelStack:       10808 kB
PageTables:        31100 kB
NFS_Unstable:          0 kB
Bounce:                0 kB
WritebackTmp:          0 kB
CommitLimit:     1479712 kB
Committed_AS:   68519684 kB
VmallocTotal:     319488 kB
VmallocUsed:       16476 kB
VmallocChunk:     187404 kB
Time pass: 289 sec

---2015-12-16 17:19:16
MemTotal:        1386568 kB
MemFree:           35644 kB
Buffers:            7656 kB
Cached:           579100 kB
SwapCached:         7696 kB
Active:           503724 kB
Inactive:         516792 kB
Active(anon):     212632 kB
Inactive(anon):   225288 kB
Active(file):     291092 kB
Inactive(file):   291504 kB
Unevictable:        3132 kB
Mlocked:               0 kB
HighTotal:        849920 kB
HighFree:          12008 kB
LowTotal:         536648 kB
LowFree:           23636 kB
SwapTotal:        786428 kB
SwapFree:         703064 kB
Dirty:                 0 kB
Writeback:             0 kB
AnonPages:        433200 kB
Mapped:           321656 kB
Shmem:              1028 kB
Slab:              53592 kB
SReclaimable:      17536 kB
SUnreclaim:        36056 kB
KernelStack:       10816 kB
PageTables:        31100 kB
NFS_Unstable:          0 kB
Bounce:                0 kB
WritebackTmp:          0 kB
CommitLimit:     1479712 kB
Committed_AS:   68519780 kB
VmallocTotal:     319488 kB
VmallocUsed:       16476 kB
VmallocChunk:     187404 kB
Time pass: 293 sec

---2015-12-16 17:19:16
MemTotal:        1386568 kB
MemFree:           34756 kB
Buffers:            7680 kB
Cached:           579092 kB
SwapCached:         7696 kB
Active:           503568 kB
Inactive:         516808 kB
Active(anon):     212476 kB
Inactive(anon):   225288 kB
Active(file):     291092 kB
Inactive(file):   291520 kB
Unevictable:        3132 kB
Mlocked:               0 kB
HighTotal:        849920 kB
HighFree:          11320 kB
LowTotal:         536648 kB
LowFree:           23436 kB
SwapTotal:        786428 kB
SwapFree:         703064 kB
Dirty:                36 kB
Writeback:             0 kB
AnonPages:        432980 kB
Mapped:           321656 kB
Shmem:              1028 kB
Slab:              53688 kB
SReclaimable:      17536 kB
SUnreclaim:        36152 kB
KernelStack:       10848 kB
PageTables:        31100 kB
NFS_Unstable:          0 kB
Bounce:                0 kB
WritebackTmp:          0 kB
CommitLimit:     1479712 kB
Committed_AS:   68519936 kB
VmallocTotal:     319488 kB
VmallocUsed:       16476 kB
VmallocChunk:     187404 kB
Time pass: 296 sec

---2015-12-16 17:19:16
MemTotal:        1386568 kB
MemFree:           34604 kB
Buffers:            7696 kB
Cached:           579084 kB
SwapCached:         7696 kB
Active:           503792 kB
Inactive:         516808 kB
Active(anon):     212700 kB
Inactive(anon):   225280 kB
Active(file):     291092 kB
Inactive(file):   291528 kB
Unevictable:        3132 kB
Mlocked:               0 kB
HighTotal:        849920 kB
HighFree:          11008 kB
LowTotal:         536648 kB
LowFree:           23596 kB
SwapTotal:        786428 kB
SwapFree:         703068 kB
Dirty:                 0 kB
Writeback:             0 kB
AnonPages:        433156 kB
Mapped:           321656 kB
Shmem:              1028 kB
Slab:              53560 kB
SReclaimable:      17536 kB
SUnreclaim:        36024 kB
KernelStack:       10808 kB
PageTables:        31100 kB
NFS_Unstable:          0 kB
Bounce:                0 kB
WritebackTmp:          0 kB
CommitLimit:     1479712 kB
Committed_AS:   68520124 kB
VmallocTotal:     319488 kB
VmallocUsed:       16476 kB
VmallocChunk:     187404 kB
Time pass: 300 sec

---2015-12-16 17:19:16
MemTotal:        1386568 kB
MemFree:           33996 kB
Buffers:            7696 kB
Cached:           579296 kB
SwapCached:         7696 kB
Active:           504012 kB
Inactive:         517020 kB
Active(anon):     212920 kB
Inactive(anon):   225280 kB
Active(file):     291092 kB
Inactive(file):   291740 kB
Unevictable:        3132 kB
Mlocked:               0 kB
HighTotal:        849920 kB
HighFree:           9800 kB
LowTotal:         536648 kB
LowFree:           24196 kB
SwapTotal:        786428 kB
SwapFree:         703068 kB
Dirty:                36 kB
Writeback:             0 kB
AnonPages:        433420 kB
Mapped:           321688 kB
Shmem:              1028 kB
Slab:              53652 kB
SReclaimable:      17536 kB
SUnreclaim:        36116 kB
KernelStack:       10848 kB
PageTables:        31100 kB
NFS_Unstable:          0 kB
Bounce:                0 kB
WritebackTmp:          0 kB
CommitLimit:     1479712 kB
Committed_AS:   68520204 kB
VmallocTotal:     319488 kB
VmallocUsed:       16476 kB
VmallocChunk:     187404 kB
Time pass: 304 sec

---2015-12-16 17:19:16
MemTotal:        1386568 kB
MemFree:           33756 kB
Buffers:            7720 kB
Cached:           579280 kB
SwapCached:         7692 kB
Active:           505096 kB
Inactive:         517016 kB
Active(anon):     214004 kB
Inactive(anon):   225268 kB
Active(file):     291092 kB
Inactive(file):   291748 kB
Unevictable:        3132 kB
Mlocked:               0 kB
HighTotal:        849920 kB
HighFree:           8956 kB
LowTotal:         536648 kB
LowFree:           24800 kB
SwapTotal:        786428 kB
SwapFree:         703076 kB
Dirty:                28 kB
Writeback:             0 kB
AnonPages:        434560 kB
Mapped:           321688 kB
Shmem:              1028 kB
Slab:              53556 kB
SReclaimable:      17536 kB
SUnreclaim:        36020 kB
KernelStack:       10816 kB
PageTables:        31100 kB
NFS_Unstable:          0 kB
Bounce:                0 kB
WritebackTmp:          0 kB
CommitLimit:     1479712 kB
Committed_AS:   68520308 kB
VmallocTotal:     319488 kB
VmallocUsed:       16476 kB
VmallocChunk:     187404 kB
Time pass: 308 sec

---2015-12-16 17:19:16
MemTotal:        1386568 kB
MemFree:           34516 kB
Buffers:            7720 kB
Cached:           579332 kB
SwapCached:         7692 kB
Active:           504132 kB
Inactive:         517072 kB
Active(anon):     213040 kB
Inactive(anon):   225308 kB
Active(file):     291092 kB
Inactive(file):   291764 kB
Unevictable:        3132 kB
Mlocked:               0 kB
HighTotal:        849920 kB
HighFree:           9428 kB
LowTotal:         536648 kB
LowFree:           25088 kB
SwapTotal:        786428 kB
SwapFree:         703076 kB
Dirty:                 0 kB
Writeback:             0 kB
AnonPages:        433688 kB
Mapped:           321724 kB
Shmem:              1064 kB
Slab:              53492 kB
SReclaimable:      17536 kB
SUnreclaim:        35956 kB
KernelStack:       10848 kB
PageTables:        31100 kB
NFS_Unstable:          0 kB
Bounce:                0 kB
WritebackTmp:          0 kB
CommitLimit:     1479712 kB
Committed_AS:   68520416 kB
VmallocTotal:     319488 kB
VmallocUsed:       16476 kB
VmallocChunk:     187404 kB
Time pass: 312 sec

---2015-12-16 17:19:16
MemTotal:        1386568 kB
MemFree:           34364 kB
Buffers:            7744 kB
Cached:           579368 kB
SwapCached:         7692 kB
Active:           503888 kB
Inactive:         517124 kB
Active(anon):     212796 kB
Inactive(anon):   225352 kB
Active(file):     291092 kB
Inactive(file):   291772 kB
Unevictable:        3132 kB
Mlocked:               0 kB
HighTotal:        849920 kB
HighFree:           9304 kB
LowTotal:         536648 kB
LowFree:           25060 kB
SwapTotal:        786428 kB
SwapFree:         703076 kB
Dirty:                28 kB
Writeback:             0 kB
AnonPages:        433340 kB
Mapped:           321776 kB
Shmem:              1116 kB
Slab:              53588 kB
SReclaimable:      17536 kB
SUnreclaim:        36052 kB
KernelStack:       10816 kB
PageTables:        31100 kB
NFS_Unstable:          0 kB
Bounce:                0 kB
WritebackTmp:          0 kB
CommitLimit:     1479712 kB
Committed_AS:   68520644 kB
VmallocTotal:     319488 kB
VmallocUsed:       16476 kB
VmallocChunk:     187404 kB
Time pass: 317 sec

---2015-12-16 17:19:16
MemTotal:        1386568 kB
MemFree:           34372 kB
Buffers:            7760 kB
Cached:           579416 kB
SwapCached:         7692 kB
Active:           504404 kB
Inactive:         517192 kB
Active(anon):     213316 kB
Inactive(anon):   225388 kB
Active(file):     291088 kB
Inactive(file):   291804 kB
Unevictable:        3132 kB
Mlocked:               0 kB
HighTotal:        849920 kB
HighFree:           9400 kB
LowTotal:         536648 kB
LowFree:           24972 kB
SwapTotal:        786428 kB
SwapFree:         703076 kB
Dirty:                36 kB
Writeback:             0 kB
AnonPages:        433956 kB
Mapped:           321756 kB
Shmem:              1152 kB
Slab:              53584 kB
SReclaimable:      17536 kB
SUnreclaim:        36048 kB
KernelStack:       10816 kB
PageTables:        31080 kB
NFS_Unstable:          0 kB
Bounce:                0 kB
WritebackTmp:          0 kB
CommitLimit:     1479712 kB
Committed_AS:   68520844 kB
VmallocTotal:     319488 kB
VmallocUsed:       16476 kB
VmallocChunk:     187404 kB
Time pass: 321 sec

---2015-12-16 17:19:16
MemTotal:        1386568 kB
MemFree:           33908 kB
Buffers:            7760 kB
Cached:           579420 kB
SwapCached:         7692 kB
Active:           504384 kB
Inactive:         517192 kB
Active(anon):     213292 kB
Inactive(anon):   225388 kB
Active(file):     291092 kB
Inactive(file):   291804 kB
Unevictable:        3132 kB
Mlocked:               0 kB
HighTotal:        849920 kB
HighFree:           9224 kB
LowTotal:         536648 kB
LowFree:           24684 kB
SwapTotal:        786428 kB
SwapFree:         703076 kB
Dirty:                36 kB
Writeback:             0 kB
AnonPages:        434032 kB
Mapped:           321812 kB
Shmem:              1152 kB
Slab:              53648 kB
SReclaimable:      17536 kB
SUnreclaim:        36112 kB
KernelStack:       10816 kB
PageTables:        31100 kB
NFS_Unstable:          0 kB
Bounce:                0 kB
WritebackTmp:          0 kB
CommitLimit:     1479712 kB
Committed_AS:   68520824 kB
VmallocTotal:     319488 kB
VmallocUsed:       16476 kB
VmallocChunk:     187404 kB
Time pass: 325 sec

---2015-12-16 17:19:16
MemTotal:        1386568 kB
MemFree:           33812 kB
Buffers:            7784 kB
Cached:           579408 kB
SwapCached:         7692 kB
Active:           504888 kB
Inactive:         517204 kB
Active(anon):     213796 kB
Inactive(anon):   225388 kB
Active(file):     291092 kB
Inactive(file):   291816 kB
Unevictable:        3132 kB
Mlocked:               0 kB
HighTotal:        849920 kB
HighFree:           8980 kB
LowTotal:         536648 kB
LowFree:           24832 kB
SwapTotal:        786428 kB
SwapFree:         703076 kB
Dirty:                40 kB
Writeback:             4 kB
AnonPages:        434300 kB
Mapped:           321812 kB
Shmem:              1152 kB
Slab:              53616 kB
SReclaimable:      17536 kB
SUnreclaim:        36080 kB
KernelStack:       10792 kB
PageTables:        31104 kB
NFS_Unstable:          0 kB
Bounce:                0 kB
WritebackTmp:          0 kB
CommitLimit:     1479712 kB
Committed_AS:   68521148 kB
VmallocTotal:     319488 kB
VmallocUsed:       16476 kB
VmallocChunk:     187404 kB
Time pass: 329 sec

---2015-12-16 17:19:16
MemTotal:        1386568 kB
MemFree:           33432 kB
Buffers:            7784 kB
Cached:           579436 kB
SwapCached:         7692 kB
Active:           505004 kB
Inactive:         517232 kB
Active(anon):     213912 kB
Inactive(anon):   225404 kB
Active(file):     291092 kB
Inactive(file):   291828 kB
Unevictable:        3132 kB
Mlocked:               0 kB
HighTotal:        849920 kB
HighFree:           8932 kB
LowTotal:         536648 kB
LowFree:           24500 kB
SwapTotal:        786428 kB
SwapFree:         703076 kB
Dirty:                 0 kB
Writeback:             0 kB
AnonPages:        434468 kB
Mapped:           321828 kB
Shmem:              1168 kB
Slab:              53772 kB
SReclaimable:      17536 kB
SUnreclaim:        36236 kB
KernelStack:       10848 kB
PageTables:        31100 kB
NFS_Unstable:          0 kB
Bounce:                0 kB
WritebackTmp:          0 kB
CommitLimit:     1479712 kB
Committed_AS:   68521160 kB
VmallocTotal:     319488 kB
VmallocUsed:       16476 kB
VmallocChunk:     187404 kB
Time pass: 333 sec

---2015-12-16 17:19:16
MemTotal:        1386568 kB
MemFree:           34124 kB
Buffers:            7808 kB
Cached:           579420 kB
SwapCached:         7692 kB
Active:           504908 kB
Inactive:         517224 kB
Active(anon):     213816 kB
Inactive(anon):   225388 kB
Active(file):     291092 kB
Inactive(file):   291836 kB
Unevictable:        3132 kB
Mlocked:               0 kB
HighTotal:        849920 kB
HighFree:           9336 kB
LowTotal:         536648 kB
LowFree:           24788 kB
SwapTotal:        786428 kB
SwapFree:         703076 kB
Dirty:                28 kB
Writeback:             0 kB
AnonPages:        434404 kB
Mapped:           321828 kB
Shmem:              1168 kB
Slab:              53548 kB
SReclaimable:      17536 kB
SUnreclaim:        36012 kB
KernelStack:       10816 kB
PageTables:        31100 kB
NFS_Unstable:          0 kB
Bounce:                0 kB
WritebackTmp:          0 kB
CommitLimit:     1479712 kB
Committed_AS:   68521452 kB
VmallocTotal:     319488 kB
VmallocUsed:       16476 kB
VmallocChunk:     187404 kB
Time pass: 336 sec

---2015-12-16 17:19:16
MemTotal:        1386568 kB
MemFree:           33408 kB
Buffers:            7824 kB
Cached:           579420 kB
SwapCached:         7692 kB
Active:           505168 kB
Inactive:         517240 kB
Active(anon):     214076 kB
Inactive(anon):   225388 kB
Active(file):     291092 kB
Inactive(file):   291852 kB
Unevictable:        3132 kB
Mlocked:               0 kB
HighTotal:        849920 kB
HighFree:           8832 kB
LowTotal:         536648 kB
LowFree:           24576 kB
SwapTotal:        786428 kB
SwapFree:         703076 kB
Dirty:                 0 kB
Writeback:             0 kB
AnonPages:        434784 kB
Mapped:           321828 kB
Shmem:              1168 kB
Slab:              53520 kB
SReclaimable:      17536 kB
SUnreclaim:        35984 kB
KernelStack:       10808 kB
PageTables:        31100 kB
NFS_Unstable:          0 kB
Bounce:                0 kB
WritebackTmp:          0 kB
CommitLimit:     1479712 kB
Committed_AS:   68521540 kB
VmallocTotal:     319488 kB
VmallocUsed:       16476 kB
VmallocChunk:     187404 kB
Time pass: 341 sec

---2015-12-16 17:19:16
MemTotal:        1386568 kB
MemFree:           33052 kB
Buffers:            7824 kB
Cached:           579436 kB
SwapCached:         7692 kB
Active:           505380 kB
Inactive:         517256 kB
Active(anon):     214288 kB
Inactive(anon):   225388 kB
Active(file):     291092 kB
Inactive(file):   291868 kB
Unevictable:        3132 kB
Mlocked:               0 kB
HighTotal:        849920 kB
HighFree:           9400 kB
LowTotal:         536648 kB
LowFree:           23652 kB
SwapTotal:        786428 kB
SwapFree:         703076 kB
Dirty:                36 kB
Writeback:             0 kB
AnonPages:        434768 kB
Mapped:           321828 kB
Shmem:              1168 kB
Slab:              53708 kB
SReclaimable:      17536 kB
SUnreclaim:        36172 kB
KernelStack:       10840 kB
PageTables:        31100 kB
NFS_Unstable:          0 kB
Bounce:                0 kB
WritebackTmp:          0 kB
CommitLimit:     1479712 kB
Committed_AS:   68521628 kB
VmallocTotal:     319488 kB
VmallocUsed:       16476 kB
VmallocChunk:     187404 kB
Time pass: 344 sec

---2015-12-16 17:19:16
MemTotal:        1386568 kB
MemFree:           32604 kB
Buffers:            7848 kB
Cached:           579424 kB
SwapCached:         7692 kB
Active:           506152 kB
Inactive:         517264 kB
Active(anon):     215056 kB
Inactive(anon):   225388 kB
Active(file):     291096 kB
Inactive(file):   291876 kB
Unevictable:        3132 kB
Mlocked:               0 kB
HighTotal:        849920 kB
HighFree:           9688 kB
LowTotal:         536648 kB
LowFree:           22916 kB
SwapTotal:        786428 kB
SwapFree:         703080 kB
Dirty:                40 kB
Writeback:             0 kB
AnonPages:        435592 kB
Mapped:           321828 kB
Shmem:              1168 kB
Slab:              53524 kB
SReclaimable:      17536 kB
SUnreclaim:        35988 kB
KernelStack:       10832 kB
PageTables:        31100 kB
NFS_Unstable:          0 kB
Bounce:                0 kB
WritebackTmp:          0 kB
CommitLimit:     1479712 kB
Committed_AS:   68521764 kB
VmallocTotal:     319488 kB
VmallocUsed:       16476 kB
VmallocChunk:     187404 kB
Time pass: 349 sec

---2015-12-16 17:19:16
MemTotal:        1386568 kB
MemFree:           31808 kB
Buffers:            7872 kB
Cached:           579572 kB
SwapCached:         7688 kB
Active:           506684 kB
Inactive:         517392 kB
Active(anon):     215588 kB
Inactive(anon):   225392 kB
Active(file):     291096 kB
Inactive(file):   292000 kB
Unevictable:        3132 kB
Mlocked:               0 kB
HighTotal:        849920 kB
HighFree:           8740 kB
LowTotal:         536648 kB
LowFree:           23068 kB
SwapTotal:        786428 kB
SwapFree:         703084 kB
Dirty:                36 kB
Writeback:             0 kB
AnonPages:        436072 kB
Mapped:           321828 kB
Shmem:              1168 kB
Slab:              53620 kB
SReclaimable:      17536 kB
SUnreclaim:        36084 kB
KernelStack:       10808 kB
PageTables:        31100 kB
NFS_Unstable:          0 kB
Bounce:                0 kB
WritebackTmp:          0 kB
CommitLimit:     1479712 kB
Committed_AS:   68523844 kB
VmallocTotal:     319488 kB
VmallocUsed:       16476 kB
VmallocChunk:     187404 kB
Time pass: 356 sec

---2015-12-16 17:19:16
MemTotal:        1386568 kB
MemFree:           32440 kB
Buffers:            7872 kB
Cached:           579568 kB
SwapCached:         7688 kB
Active:           506024 kB
Inactive:         517412 kB
Active(anon):     214928 kB
Inactive(anon):   225368 kB
Active(file):     291096 kB
Inactive(file):   292044 kB
Unevictable:        3132 kB
Mlocked:               0 kB
HighTotal:        849920 kB
HighFree:           8836 kB
LowTotal:         536648 kB
LowFree:           23604 kB
SwapTotal:        786428 kB
SwapFree:         703084 kB
Dirty:                 0 kB
Writeback:             0 kB
AnonPages:        435300 kB
Mapped:           321860 kB
Shmem:              1168 kB
Slab:              53588 kB
SReclaimable:      17536 kB
SUnreclaim:        36052 kB
KernelStack:       10800 kB
PageTables:        31104 kB
NFS_Unstable:          0 kB
Bounce:                0 kB
WritebackTmp:          0 kB
CommitLimit:     1479712 kB
Committed_AS:   68523916 kB
VmallocTotal:     319488 kB
VmallocUsed:       16476 kB
VmallocChunk:     187404 kB
Time pass: 360 sec

---2015-12-16 17:19:16
MemTotal:        1386568 kB
MemFree:           34472 kB
Buffers:            7896 kB
Cached:           579580 kB
SwapCached:         7688 kB
Active:           504416 kB
Inactive:         517448 kB
Active(anon):     213320 kB
Inactive(anon):   225396 kB
Active(file):     291096 kB
Inactive(file):   292052 kB
Unevictable:        3132 kB
Mlocked:               0 kB
HighTotal:        849920 kB
HighFree:          10628 kB
LowTotal:         536648 kB
LowFree:           23844 kB
SwapTotal:        786428 kB
SwapFree:         703084 kB
Dirty:                28 kB
Writeback:             0 kB
AnonPages:        433820 kB
Mapped:           321888 kB
Shmem:              1196 kB
Slab:              53684 kB
SReclaimable:      17536 kB
SUnreclaim:        36148 kB
KernelStack:       10816 kB
PageTables:        31108 kB
NFS_Unstable:          0 kB
Bounce:                0 kB
WritebackTmp:          0 kB
CommitLimit:     1479712 kB
Committed_AS:   68524012 kB
VmallocTotal:     319488 kB
VmallocUsed:       16476 kB
VmallocChunk:     187404 kB
Time pass: 364 sec

---2015-12-16 17:19:16
MemTotal:        1386568 kB
MemFree:           34500 kB
Buffers:            7912 kB
Cached:           579580 kB
SwapCached:         7688 kB
Active:           503852 kB
Inactive:         517464 kB
Active(anon):     212756 kB
Inactive(anon):   225396 kB
Active(file):     291096 kB
Inactive(file):   292068 kB
Unevictable:        3132 kB
Mlocked:               0 kB
HighTotal:        849920 kB
HighFree:          10664 kB
LowTotal:         536648 kB
LowFree:           23836 kB
SwapTotal:        786428 kB
SwapFree:         703084 kB
Dirty:                 0 kB
Writeback:             0 kB
AnonPages:        433160 kB
Mapped:           321892 kB
