---2015-12-03 09:19:26
MemTotal:        1420824 kB
MemFree:          134364 kB
Buffers:           13776 kB
Cached:           673416 kB
SwapCached:            0 kB
Active:           609212 kB
Inactive:         514080 kB
Active(anon):     436152 kB
Inactive(anon):      732 kB
Active(file):     173060 kB
Inactive(file):   513348 kB
Unevictable:           0 kB
Mlocked:               0 kB
HighTotal:       1001472 kB
HighFree:           5092 kB
LowTotal:         419352 kB
LowFree:          129272 kB
SwapTotal:        786428 kB
SwapFree:         786428 kB
Dirty:                 0 kB
Writeback:             0 kB
AnonPages:        436072 kB
Mapped:           190332 kB
Shmem:               812 kB
Slab:              41824 kB
SReclaimable:      14576 kB
SUnreclaim:        27248 kB
KernelStack:        9800 kB
PageTables:        16684 kB
NFS_Unstable:          0 kB
Bounce:                0 kB
WritebackTmp:          0 kB
CommitLimit:     1496840 kB
Committed_AS:   23697428 kB
VmallocTotal:     458752 kB
VmallocUsed:       89008 kB
VmallocChunk:     216092 kB
Time pass: 3 sec

---2015-12-03 09:19:26
MemTotal:        1420824 kB
MemFree:          134484 kB
Buffers:           13776 kB
Cached:           673416 kB
SwapCached:            0 kB
Active:           609208 kB
Inactive:         514080 kB
Active(anon):     436148 kB
Inactive(anon):      732 kB
Active(file):     173060 kB
Inactive(file):   513348 kB
Unevictable:           0 kB
Mlocked:               0 kB
HighTotal:       1001472 kB
HighFree:           5092 kB
LowTotal:         419352 kB
LowFree:          129392 kB
SwapTotal:        786428 kB
SwapFree:         786428 kB
Dirty:                 0 kB
Writeback:             0 kB
AnonPages:        436112 kB
Mapped:           190332 kB
Shmem:               812 kB
Slab:              41712 kB
SReclaimable:      14576 kB
SUnreclaim:        27136 kB
KernelStack:        9792 kB
PageTables:        16680 kB
NFS_Unstable:          0 kB
Bounce:                0 kB
WritebackTmp:          0 kB
CommitLimit:     1496840 kB
Committed_AS:   23697428 kB
VmallocTotal:     458752 kB
VmallocUsed:       89008 kB
VmallocChunk:     216092 kB
Time pass: 6 sec

---2015-12-03 09:19:26
MemTotal:        1420824 kB
MemFree:          134452 kB
Buffers:           13776 kB
Cached:           673416 kB
SwapCached:            0 kB
Active:           609216 kB
Inactive:         514080 kB
Active(anon):     436156 kB
Inactive(anon):      732 kB
Active(file):     173060 kB
Inactive(file):   513348 kB
Unevictable:           0 kB
Mlocked:               0 kB
HighTotal:       1001472 kB
HighFree:           5092 kB
LowTotal:         419352 kB
LowFree:          129360 kB
SwapTotal:        786428 kB
SwapFree:         786428 kB
Dirty:                 0 kB
Writeback:             0 kB
AnonPages:        436072 kB
Mapped:           190332 kB
Shmem:               812 kB
Slab:              41756 kB
SReclaimable:      14576 kB
SUnreclaim:        27180 kB
KernelStack:        9784 kB
PageTables:        16680 kB
NFS_Unstable:          0 kB
Bounce:                0 kB
WritebackTmp:          0 kB
CommitLimit:     1496840 kB
Committed_AS:   23697404 kB
VmallocTotal:     458752 kB
VmallocUsed:       89008 kB
VmallocChunk:     216092 kB
Time pass: 10 sec

---2015-12-03 09:19:26
MemTotal:        1420824 kB
MemFree:          133256 kB
Buffers:           13776 kB
Cached:           673416 kB
SwapCached:            0 kB
Active:           610540 kB
Inactive:         514004 kB
Active(anon):     437404 kB
Inactive(anon):      732 kB
Active(file):     173136 kB
Inactive(file):   513272 kB
Unevictable:           0 kB
Mlocked:               0 kB
HighTotal:       1001472 kB
HighFree:           5092 kB
LowTotal:         419352 kB
LowFree:          128164 kB
SwapTotal:        786428 kB
SwapFree:         786428 kB
Dirty:                20 kB
Writeback:             0 kB
AnonPages:        437344 kB
Mapped:           190332 kB
Shmem:               812 kB
Slab:              41756 kB
SReclaimable:      14576 kB
SUnreclaim:        27180 kB
KernelStack:        9792 kB
PageTables:        16676 kB
NFS_Unstable:          0 kB
Bounce:                0 kB
WritebackTmp:          0 kB
CommitLimit:     1496840 kB
Committed_AS:   23697380 kB
VmallocTotal:     458752 kB
VmallocUsed:       89008 kB
VmallocChunk:     216092 kB
Time pass: 13 sec

---2015-12-03 09:19:26
MemTotal:        1420824 kB
MemFree:          133336 kB
Buffers:           13776 kB
Cached:           673416 kB
SwapCached:            0 kB
Active:           610528 kB
Inactive:         514004 kB
Active(anon):     437392 kB
Inactive(anon):      732 kB
Active(file):     173136 kB
Inactive(file):   513272 kB
Unevictable:           0 kB
Mlocked:               0 kB
HighTotal:       1001472 kB
HighFree:           5092 kB
LowTotal:         419352 kB
LowFree:          128244 kB
SwapTotal:        786428 kB
SwapFree:         786428 kB
Dirty:                20 kB
Writeback:             0 kB
AnonPages:        437352 kB
Mapped:           190332 kB
Shmem:               812 kB
Slab:              41696 kB
SReclaimable:      14576 kB
SUnreclaim:        27120 kB
KernelStack:        9776 kB
PageTables:        16676 kB
NFS_Unstable:          0 kB
Bounce:                0 kB
WritebackTmp:          0 kB
CommitLimit:     1496840 kB
Committed_AS:   23697380 kB
VmallocTotal:     458752 kB
VmallocUsed:       89008 kB
VmallocChunk:     216092 kB
Time pass: 17 sec

---2015-12-03 09:19:26
MemTotal:        1420824 kB
MemFree:           88336 kB
Buffers:           13792 kB
Cached:           703824 kB
SwapCached:            0 kB
Active:           619156 kB
Inactive:         544180 kB
Active(anon):     445884 kB
Inactive(anon):      732 kB
Active(file):     173272 kB
Inactive(file):   543448 kB
Unevictable:           0 kB
Mlocked:               0 kB
HighTotal:       1001472 kB
HighFree:           5140 kB
LowTotal:         419352 kB
LowFree:           83196 kB
SwapTotal:        786428 kB
SwapFree:         786428 kB
Dirty:               800 kB
Writeback:             0 kB
AnonPages:        445868 kB
Mapped:           203036 kB
Shmem:               812 kB
Slab:              42056 kB
SReclaimable:      14652 kB
SUnreclaim:        27404 kB
KernelStack:        9944 kB
PageTables:        16892 kB
NFS_Unstable:          0 kB
Bounce:                0 kB
WritebackTmp:          0 kB
CommitLimit:     1496840 kB
Committed_AS:   24176196 kB
VmallocTotal:     458752 kB
VmallocUsed:       90292 kB
VmallocChunk:     216092 kB
Time pass: 20 sec

---2015-12-03 09:19:26
MemTotal:        1420824 kB
MemFree:           52568 kB
Buffers:           13952 kB
Cached:           711140 kB
SwapCached:            0 kB
Active:           637232 kB
Inactive:         550696 kB
Active(anon):     462888 kB
Inactive(anon):      860 kB
Active(file):     174344 kB
Inactive(file):   549836 kB
Unevictable:           0 kB
Mlocked:               0 kB
HighTotal:       1001472 kB
HighFree:           5112 kB
LowTotal:         419352 kB
LowFree:           47456 kB
SwapTotal:        786428 kB
SwapFree:         786428 kB
Dirty:               608 kB
Writeback:             0 kB
AnonPages:        462848 kB
Mapped:           214332 kB
Shmem:               940 kB
Slab:              42408 kB
SReclaimable:      14848 kB
SUnreclaim:        27560 kB
KernelStack:       10344 kB
PageTables:        17292 kB
NFS_Unstable:          0 kB
Bounce:                0 kB
WritebackTmp:          0 kB
CommitLimit:     1496840 kB
Committed_AS:   24191912 kB
VmallocTotal:     458752 kB
VmallocUsed:       90292 kB
VmallocChunk:     216092 kB
Time pass: 23 sec

---2015-12-03 09:19:26
MemTotal:        1420824 kB
MemFree:           54112 kB
Buffers:           12696 kB
Cached:           705636 kB
SwapCached:            0 kB
Active:           609256 kB
Inactive:         562556 kB
Active(anon):     434804 kB
Inactive(anon):    19912 kB
Active(file):     174452 kB
Inactive(file):   542644 kB
Unevictable:         292 kB
Mlocked:               0 kB
HighTotal:       1001472 kB
HighFree:           6436 kB
LowTotal:         419352 kB
LowFree:           47676 kB
SwapTotal:        786428 kB
SwapFree:         786428 kB
Dirty:               676 kB
Writeback:             0 kB
AnonPages:        453780 kB
Mapped:           210364 kB
Shmem:               940 kB
Slab:              42208 kB
SReclaimable:      14848 kB
SUnreclaim:        27360 kB
KernelStack:       10128 kB
PageTables:        16784 kB
NFS_Unstable:          0 kB
Bounce:                0 kB
WritebackTmp:          0 kB
CommitLimit:     1496840 kB
Committed_AS:   23327080 kB
VmallocTotal:     458752 kB
VmallocUsed:       88280 kB
VmallocChunk:     216092 kB
Time pass: 27 sec

---2015-12-03 09:19:26
MemTotal:        1420824 kB
MemFree:           47488 kB
Buffers:           12712 kB
Cached:           705680 kB
SwapCached:            0 kB
Active:           610120 kB
Inactive:         562608 kB
Active(anon):     435668 kB
Inactive(anon):    19900 kB
Active(file):     174452 kB
Inactive(file):   542708 kB
Unevictable:         292 kB
Mlocked:               0 kB
HighTotal:       1001472 kB
HighFree:           5528 kB
LowTotal:         419352 kB
LowFree:           41960 kB
SwapTotal:        786428 kB
SwapFree:         786428 kB
Dirty:               168 kB
Writeback:             0 kB
AnonPages:        454652 kB
Mapped:           211212 kB
Shmem:               940 kB
Slab:              41988 kB
SReclaimable:      14848 kB
SUnreclaim:        27140 kB
KernelStack:       10128 kB
PageTables:        16800 kB
NFS_Unstable:          0 kB
Bounce:                0 kB
WritebackTmp:          0 kB
CommitLimit:     1496840 kB
Committed_AS:   23327940 kB
VmallocTotal:     458752 kB
VmallocUsed:       88316 kB
VmallocChunk:     216092 kB
Time pass: 30 sec

---2015-12-03 09:19:26
MemTotal:        1420824 kB
MemFree:           47668 kB
Buffers:           12712 kB
Cached:           705680 kB
SwapCached:            0 kB
Active:           610192 kB
Inactive:         562608 kB
Active(anon):     435740 kB
Inactive(anon):    19900 kB
Active(file):     174452 kB
Inactive(file):   542708 kB
Unevictable:         292 kB
Mlocked:               0 kB
HighTotal:       1001472 kB
HighFree:           5544 kB
LowTotal:         419352 kB
LowFree:           42124 kB
SwapTotal:        786428 kB
SwapFree:         786428 kB
Dirty:                 4 kB
Writeback:             0 kB
AnonPages:        454688 kB
Mapped:           211348 kB
Shmem:               940 kB
Slab:              42068 kB
SReclaimable:      14840 kB
SUnreclaim:        27228 kB
KernelStack:       10128 kB
PageTables:        16796 kB
NFS_Unstable:          0 kB
Bounce:                0 kB
WritebackTmp:          0 kB
CommitLimit:     1496840 kB
Committed_AS:   23327948 kB
VmallocTotal:     458752 kB
VmallocUsed:       88284 kB
VmallocChunk:     216092 kB
Time pass: 34 sec

---2015-12-03 09:19:26
MemTotal:        1420824 kB
MemFree:           39584 kB
Buffers:           12720 kB
Cached:           705680 kB
SwapCached:            0 kB
Active:           614840 kB
Inactive:         562472 kB
Active(anon):     440252 kB
Inactive(anon):    19900 kB
Active(file):     174588 kB
Inactive(file):   542572 kB
Unevictable:         292 kB
Mlocked:               0 kB
HighTotal:       1001472 kB
HighFree:           5076 kB
LowTotal:         419352 kB
LowFree:           34508 kB
SwapTotal:        786428 kB
SwapFree:         786428 kB
Dirty:                48 kB
Writeback:             0 kB
AnonPages:        459172 kB
Mapped:           212752 kB
Shmem:               940 kB
Slab:              42152 kB
SReclaimable:      14840 kB
SUnreclaim:        27312 kB
KernelStack:       10128 kB
PageTables:        16800 kB
NFS_Unstable:          0 kB
Bounce:                0 kB
WritebackTmp:          0 kB
CommitLimit:     1496840 kB
Committed_AS:   23330944 kB
VmallocTotal:     458752 kB
VmallocUsed:       88348 kB
VmallocChunk:     216092 kB
Time pass: 37 sec

---2015-12-03 09:19:26
MemTotal:        1420824 kB
MemFree:           44792 kB
Buffers:           11296 kB
Cached:           699460 kB
SwapCached:            0 kB
Active:           594144 kB
Inactive:         577580 kB
Active(anon):     419260 kB
Inactive(anon):    42940 kB
Active(file):     174884 kB
Inactive(file):   534640 kB
Unevictable:         292 kB
Mlocked:               0 kB
HighTotal:       1001472 kB
HighFree:           6984 kB
LowTotal:         419352 kB
LowFree:           37808 kB
SwapTotal:        786428 kB
SwapFree:         786428 kB
Dirty:                16 kB
Writeback:             0 kB
AnonPages:        461248 kB
Mapped:           212840 kB
Shmem:               940 kB
Slab:              42112 kB
SReclaimable:      14832 kB
SUnreclaim:        27280 kB
KernelStack:       10168 kB
PageTables:        16816 kB
NFS_Unstable:          0 kB
Bounce:                0 kB
WritebackTmp:          0 kB
CommitLimit:     1496840 kB
Committed_AS:   23331052 kB
VmallocTotal:     458752 kB
VmallocUsed:       88284 kB
VmallocChunk:     216092 kB
Time pass: 41 sec

---2015-12-03 09:19:26
MemTotal:        1420824 kB
MemFree:           44560 kB
Buffers:           11304 kB
Cached:           699464 kB
SwapCached:            0 kB
Active:           593868 kB
Inactive:         577580 kB
Active(anon):     418976 kB
Inactive(anon):    42940 kB
Active(file):     174892 kB
Inactive(file):   534640 kB
Unevictable:         292 kB
Mlocked:               0 kB
HighTotal:       1001472 kB
HighFree:           5096 kB
LowTotal:         419352 kB
LowFree:           39464 kB
SwapTotal:        786428 kB
SwapFree:         786428 kB
Dirty:                72 kB
Writeback:             0 kB
AnonPages:        460972 kB
Mapped:           211424 kB
Shmem:               944 kB
Slab:              42068 kB
SReclaimable:      14832 kB
SUnreclaim:        27236 kB
KernelStack:       10152 kB
PageTables:        16808 kB
NFS_Unstable:          0 kB
Bounce:                0 kB
WritebackTmp:          0 kB
CommitLimit:     1496840 kB
Committed_AS:   23325904 kB
VmallocTotal:     458752 kB
VmallocUsed:       88316 kB
VmallocChunk:     216092 kB
Time pass: 44 sec

---2015-12-03 09:19:26
MemTotal:        1420824 kB
MemFree:           40736 kB
Buffers:            8500 kB
Cached:           690112 kB
SwapCached:            0 kB
Active:           564132 kB
Inactive:         607808 kB
Active(anon):     388976 kB
Inactive(anon):    85564 kB
Active(file):     175156 kB
Inactive(file):   522244 kB
Unevictable:         292 kB
Mlocked:               0 kB
HighTotal:       1001472 kB
HighFree:           6204 kB
LowTotal:         419352 kB
LowFree:           34532 kB
SwapTotal:        786428 kB
SwapFree:         786428 kB
Dirty:               144 kB
Writeback:             0 kB
AnonPages:        473892 kB
Mapped:           216000 kB
Shmem:               948 kB
Slab:              42548 kB
SReclaimable:      14872 kB
SUnreclaim:        27676 kB
KernelStack:       10248 kB
PageTables:        16860 kB
NFS_Unstable:          0 kB
Bounce:                0 kB
WritebackTmp:          0 kB
CommitLimit:     1496840 kB
Committed_AS:   23343956 kB
VmallocTotal:     458752 kB
VmallocUsed:       88348 kB
VmallocChunk:     216092 kB
Time pass: 48 sec

---2015-12-03 09:19:26
MemTotal:        1420824 kB
MemFree:           40500 kB
Buffers:            6964 kB
Cached:           676252 kB
SwapCached:            0 kB
Active:           527636 kB
Inactive:         629096 kB
Active(anon):     352340 kB
Inactive(anon):   122412 kB
Active(file):     175296 kB
Inactive(file):   506684 kB
Unevictable:         292 kB
Mlocked:               0 kB
HighTotal:       1001472 kB
HighFree:           6188 kB
LowTotal:         419352 kB
LowFree:           34312 kB
SwapTotal:        786428 kB
SwapFree:         786428 kB
Dirty:               860 kB
Writeback:             0 kB
AnonPages:        473812 kB
Mapped:           219136 kB
Shmem:               944 kB
Slab:              42376 kB
SReclaimable:      14856 kB
SUnreclaim:        27520 kB
KernelStack:       10200 kB
PageTables:        16888 kB
NFS_Unstable:          0 kB
Bounce:                0 kB
WritebackTmp:          0 kB
CommitLimit:     1496840 kB
Committed_AS:   23343940 kB
VmallocTotal:     458752 kB
VmallocUsed:       88292 kB
VmallocChunk:     216092 kB
Time pass: 51 sec

---2015-12-03 09:19:26
MemTotal:        1420824 kB
MemFree:           39420 kB
Buffers:            6972 kB
Cached:           676508 kB
SwapCached:            0 kB
Active:           527784 kB
Inactive:         629332 kB
Active(anon):     352488 kB
Inactive(anon):   122392 kB
Active(file):     175296 kB
Inactive(file):   506940 kB
Unevictable:         292 kB
Mlocked:               0 kB
HighTotal:       1001472 kB
HighFree:           5464 kB
LowTotal:         419352 kB
LowFree:           33956 kB
SwapTotal:        786428 kB
SwapFree:         786428 kB
Dirty:                56 kB
Writeback:             0 kB
AnonPages:        473816 kB
Mapped:           219500 kB
Shmem:               944 kB
Slab:              42360 kB
SReclaimable:      14844 kB
SUnreclaim:        27516 kB
KernelStack:       10176 kB
PageTables:        16888 kB
NFS_Unstable:          0 kB
Bounce:                0 kB
WritebackTmp:          0 kB
CommitLimit:     1496840 kB
Committed_AS:   23343848 kB
VmallocTotal:     458752 kB
VmallocUsed:       88356 kB
VmallocChunk:     216092 kB
Time pass: 55 sec

---2015-12-03 09:19:26
MemTotal:        1420824 kB
MemFree:           43408 kB
Buffers:            7080 kB
Cached:           667420 kB
SwapCached:            0 kB
Active:           507360 kB
Inactive:         641716 kB
Active(anon):     331160 kB
Inactive(anon):   144648 kB
Active(file):     176200 kB
Inactive(file):   497068 kB
Unevictable:         292 kB
Mlocked:               0 kB
HighTotal:       1001472 kB
HighFree:           7576 kB
LowTotal:         419352 kB
LowFree:           35832 kB
SwapTotal:        786428 kB
SwapFree:         786428 kB
Dirty:               120 kB
Writeback:             0 kB
AnonPages:        474864 kB
Mapped:           221064 kB
Shmem:               944 kB
Slab:              42324 kB
SReclaimable:      14852 kB
SUnreclaim:        27472 kB
KernelStack:       10176 kB
PageTables:        16904 kB
NFS_Unstable:          0 kB
Bounce:                0 kB
WritebackTmp:          0 kB
CommitLimit:     1496840 kB
Committed_AS:   23344840 kB
VmallocTotal:     458752 kB
VmallocUsed:       88304 kB
VmallocChunk:     216092 kB
Time pass: 58 sec

---2015-12-03 09:19:26
MemTotal:        1420824 kB
MemFree:           43440 kB
Buffers:            7080 kB
Cached:           667496 kB
SwapCached:            0 kB
Active:           507404 kB
Inactive:         641792 kB
Active(anon):     331224 kB
Inactive(anon):   144632 kB
Active(file):     176180 kB
Inactive(file):   497160 kB
Unevictable:         292 kB
Mlocked:               0 kB
HighTotal:       1001472 kB
HighFree:           7592 kB
LowTotal:         419352 kB
LowFree:           35848 kB
SwapTotal:        786428 kB
SwapFree:         786428 kB
Dirty:               104 kB
Writeback:             0 kB
AnonPages:        474912 kB
Mapped:           221088 kB
Shmem:               944 kB
Slab:              42312 kB
SReclaimable:      14852 kB
SUnreclaim:        27460 kB
KernelStack:       10176 kB
PageTables:        16904 kB
NFS_Unstable:          0 kB
Bounce:                0 kB
WritebackTmp:          0 kB
CommitLimit:     1496840 kB
Committed_AS:   23344840 kB
VmallocTotal:     458752 kB
VmallocUsed:       88304 kB
VmallocChunk:     216092 kB
Time pass: 62 sec

---2015-12-03 09:19:26
MemTotal:        1420824 kB
MemFree:           43344 kB
Buffers:            7104 kB
Cached:           655380 kB
SwapCached:            0 kB
Active:           476780 kB
Inactive:         665120 kB
Active(anon):     293096 kB
Inactive(anon):   187640 kB
Active(file):     183684 kB
Inactive(file):   477480 kB
Unevictable:         292 kB
Mlocked:               0 kB
HighTotal:       1001472 kB
HighFree:           6884 kB
LowTotal:         419352 kB
LowFree:           36460 kB
SwapTotal:        786428 kB
SwapFree:         786428 kB
Dirty:               520 kB
Writeback:             0 kB
AnonPages:        479756 kB
Mapped:           221488 kB
Shmem:               944 kB
Slab:              42328 kB
SReclaimable:      14880 kB
SUnreclaim:        27448 kB
KernelStack:       10176 kB
PageTables:        16916 kB
NFS_Unstable:          0 kB
Bounce:                0 kB
WritebackTmp:          0 kB
CommitLimit:     1496840 kB
Committed_AS:   23349360 kB
VmallocTotal:     458752 kB
VmallocUsed:       88348 kB
VmallocChunk:     216092 kB
Time pass: 65 sec

---2015-12-03 09:19:26
MemTotal:        1420824 kB
MemFree:           39468 kB
Buffers:            7072 kB
Cached:           653552 kB
SwapCached:            0 kB
Active:           464784 kB
Inactive:         680412 kB
Active(anon):     279504 kB
Inactive(anon):   206444 kB
Active(file):     185280 kB
Inactive(file):   473968 kB
Unevictable:         292 kB
Mlocked:               0 kB
HighTotal:       1001472 kB
HighFree:           5612 kB
LowTotal:         419352 kB
LowFree:           33856 kB
SwapTotal:        786428 kB
SwapFree:         786428 kB
Dirty:                 4 kB
Writeback:             0 kB
AnonPages:        484876 kB
Mapped:           223688 kB
Shmem:               944 kB
Slab:              42600 kB
SReclaimable:      14904 kB
SUnreclaim:        27696 kB
KernelStack:       10216 kB
PageTables:        16940 kB
NFS_Unstable:          0 kB
Bounce:                0 kB
WritebackTmp:          0 kB
CommitLimit:     1496840 kB
Committed_AS:   23360580 kB
VmallocTotal:     458752 kB
VmallocUsed:       88380 kB
VmallocChunk:     216092 kB
Time pass: 68 sec

---2015-12-03 09:19:26
MemTotal:        1420824 kB
MemFree:           39936 kB
Buffers:            7088 kB
Cached:           651308 kB
SwapCached:            0 kB
Active:           461484 kB
Inactive:         685528 kB
Active(anon):     275748 kB
Inactive(anon):   214104 kB
Active(file):     185736 kB
Inactive(file):   471424 kB
Unevictable:         292 kB
Mlocked:               0 kB
HighTotal:       1001472 kB
HighFree:           5060 kB
LowTotal:         419352 kB
LowFree:           34876 kB
SwapTotal:        786428 kB
SwapFree:         786428 kB
Dirty:               340 kB
Writeback:             0 kB
AnonPages:        488968 kB
Mapped:           224440 kB
Shmem:               944 kB
Slab:              42508 kB
SReclaimable:      14928 kB
SUnreclaim:        27580 kB
KernelStack:       10248 kB
PageTables:        16972 kB
NFS_Unstable:          0 kB
Bounce:                0 kB
WritebackTmp:          0 kB
CommitLimit:     1496840 kB
Committed_AS:   23364508 kB
VmallocTotal:     458752 kB
VmallocUsed:       88348 kB
VmallocChunk:     216092 kB
Time pass: 73 sec

---2015-12-03 09:19:26
MemTotal:        1420824 kB
MemFree:           38000 kB
Buffers:            7104 kB
Cached:           629544 kB
SwapCached:            0 kB
Active:           442556 kB
Inactive:         688704 kB
Active(anon):     248376 kB
Inactive(anon):   247608 kB
Active(file):     194180 kB
Inactive(file):   441096 kB
Unevictable:         292 kB
Mlocked:               0 kB
HighTotal:       1001472 kB
HighFree:           5848 kB
LowTotal:         419352 kB
LowFree:           32152 kB
SwapTotal:        786428 kB
SwapFree:         786428 kB
Dirty:               168 kB
Writeback:             0 kB
AnonPages:        495064 kB
Mapped:           223884 kB
Shmem:              1080 kB
Slab:              42716 kB
SReclaimable:      14976 kB
SUnreclaim:        27740 kB
KernelStack:       10368 kB
PageTables:        17100 kB
NFS_Unstable:          0 kB
Bounce:                0 kB
WritebackTmp:          0 kB
CommitLimit:     1496840 kB
Committed_AS:   23382740 kB
VmallocTotal:     458752 kB
VmallocUsed:       90816 kB
VmallocChunk:     216092 kB
Time pass: 78 sec

---2015-12-03 09:19:26
MemTotal:        1420824 kB
MemFree:           37332 kB
Buffers:            6964 kB
Cached:           589636 kB
SwapCached:            0 kB
Active:           450232 kB
Inactive:         644352 kB
Active(anon):     249592 kB
Inactive(anon):   250036 kB
Active(file):     200640 kB
Inactive(file):   394316 kB
Unevictable:         292 kB
Mlocked:               0 kB
HighTotal:       1001472 kB
HighFree:           6248 kB
LowTotal:         419352 kB
LowFree:           31084 kB
SwapTotal:        786428 kB
SwapFree:         786428 kB
Dirty:                44 kB
Writeback:             0 kB
AnonPages:        498432 kB
Mapped:           224076 kB
Shmem:              1176 kB
Slab:              43068 kB
SReclaimable:      15000 kB
SUnreclaim:        28068 kB
KernelStack:       10360 kB
PageTables:        17192 kB
NFS_Unstable:          0 kB
Bounce:                0 kB
WritebackTmp:          0 kB
CommitLimit:     1496840 kB
Committed_AS:   23384060 kB
VmallocTotal:     458752 kB
VmallocUsed:       90816 kB
VmallocChunk:     216092 kB
Time pass: 83 sec

---2015-12-03 09:19:26
MemTotal:        1420824 kB
MemFree:           38364 kB
Buffers:            6924 kB
Cached:           584964 kB
SwapCached:            0 kB
Active:           450744 kB
Inactive:         641184 kB
Active(anon):     250060 kB
Inactive(anon):   251576 kB
Active(file):     200684 kB
Inactive(file):   389608 kB
Unevictable:         292 kB
Mlocked:               0 kB
HighTotal:       1001472 kB
HighFree:           6976 kB
LowTotal:         419352 kB
LowFree:           31388 kB
SwapTotal:        786428 kB
SwapFree:         786428 kB
Dirty:                44 kB
Writeback:             0 kB
AnonPages:        500336 kB
Mapped:           224168 kB
Shmem:              1216 kB
Slab:              43300 kB
SReclaimable:      15020 kB
SUnreclaim:        28280 kB
KernelStack:       10336 kB
PageTables:        17160 kB
NFS_Unstable:          0 kB
Bounce:                0 kB
WritebackTmp:          0 kB
CommitLimit:     1496840 kB
Committed_AS:   23385292 kB
VmallocTotal:     458752 kB
VmallocUsed:       90848 kB
VmallocChunk:     216092 kB
Time pass: 87 sec

---2015-12-03 09:19:26
MemTotal:        1420824 kB
MemFree:           39116 kB
Buffers:            6940 kB
Cached:           584948 kB
SwapCached:            0 kB
Active:           451936 kB
Inactive:         641264 kB
Active(anon):     251244 kB
Inactive(anon):   251664 kB
Active(file):     200692 kB
Inactive(file):   389600 kB
Unevictable:         292 kB
Mlocked:               0 kB
HighTotal:       1001472 kB
HighFree:           6924 kB
LowTotal:         419352 kB
LowFree:           32192 kB
SwapTotal:        786428 kB
SwapFree:         786428 kB
Dirty:                 0 kB
Writeback:             0 kB
AnonPages:        501572 kB
Mapped:           224212 kB
Shmem:              1304 kB
Slab:              43152 kB
SReclaimable:      15020 kB
SUnreclaim:        28132 kB
KernelStack:       10320 kB
PageTables:        17140 kB
NFS_Unstable:          0 kB
Bounce:                0 kB
WritebackTmp:          0 kB
CommitLimit:     1496840 kB
Committed_AS:   23385856 kB
VmallocTotal:     458752 kB
VmallocUsed:       90816 kB
VmallocChunk:     216092 kB
Time pass: 90 sec

---2015-12-03 09:19:26
MemTotal:        1420824 kB
MemFree:           37020 kB
Buffers:            6940 kB
Cached:           580536 kB
SwapCached:            0 kB
Active:           453132 kB
Inactive:         637236 kB
Active(anon):     252440 kB
Inactive(anon):   252048 kB
Active(file):     200692 kB
Inactive(file):   385188 kB
Unevictable:         292 kB
Mlocked:               0 kB
HighTotal:       1001472 kB
HighFree:           6176 kB
LowTotal:         419352 kB
LowFree:           30844 kB
SwapTotal:        786428 kB
SwapFree:         786428 kB
Dirty:                 0 kB
Writeback:             0 kB
AnonPages:        503420 kB
Mapped:           224112 kB
Shmem:              1304 kB
Slab:              43276 kB
SReclaimable:      15020 kB
SUnreclaim:        28256 kB
KernelStack:       10328 kB
PageTables:        17272 kB
NFS_Unstable:          0 kB
Bounce:                0 kB
WritebackTmp:          0 kB
CommitLimit:     1496840 kB
Committed_AS:   23387816 kB
VmallocTotal:     458752 kB
VmallocUsed:       90848 kB
VmallocChunk:     216092 kB
Time pass: 94 sec

---2015-12-03 09:19:26
MemTotal:        1420824 kB
MemFree:           43544 kB
Buffers:            6956 kB
Cached:           577560 kB
SwapCached:            0 kB
Active:           448956 kB
Inactive:         634756 kB
Active(anon):     248264 kB
Inactive(anon):   252528 kB
Active(file):     200692 kB
Inactive(file):   382228 kB
Unevictable:         292 kB
Mlocked:               0 kB
HighTotal:       1001472 kB
HighFree:          10024 kB
LowTotal:         419352 kB
LowFree:           33520 kB
SwapTotal:        786428 kB
SwapFree:         786428 kB
Dirty:                40 kB
Writeback:             0 kB
AnonPages:        499632 kB
Mapped:           224264 kB
Shmem:              1304 kB
Slab:              43060 kB
SReclaimable:      15020 kB
SUnreclaim:        28040 kB
KernelStack:       10328 kB
PageTables:        17276 kB
NFS_Unstable:          0 kB
Bounce:                0 kB
WritebackTmp:          0 kB
CommitLimit:     1496840 kB
Committed_AS:   23387804 kB
VmallocTotal:     458752 kB
VmallocUsed:       90848 kB
VmallocChunk:     216092 kB
Time pass: 98 sec

---2015-12-03 09:19:26
MemTotal:        1420824 kB
MemFree:           41308 kB
Buffers:            6964 kB
Cached:           577576 kB
SwapCached:            0 kB
Active:           448672 kB
Inactive:         634780 kB
Active(anon):     247980 kB
Inactive(anon):   252544 kB
Active(file):     200692 kB
Inactive(file):   382236 kB
Unevictable:         292 kB
Mlocked:               0 kB
HighTotal:       1001472 kB
HighFree:           9488 kB
LowTotal:         419352 kB
LowFree:           31820 kB
SwapTotal:        786428 kB
SwapFree:         786428 kB
Dirty:                 0 kB
Writeback:             0 kB
AnonPages:        499412 kB
Mapped:           224196 kB
Shmem:              1320 kB
Slab:              43128 kB
SReclaimable:      15012 kB
SUnreclaim:        28116 kB
KernelStack:       10312 kB
PageTables:        17152 kB
NFS_Unstable:          0 kB
Bounce:                0 kB
WritebackTmp:          0 kB
CommitLimit:     1496840 kB
Committed_AS:   23388076 kB
VmallocTotal:     458752 kB
VmallocUsed:       90816 kB
VmallocChunk:     216092 kB
Time pass: 102 sec

---2015-12-03 09:19:26
MemTotal:        1420824 kB
MemFree:          122244 kB
Buffers:            6948 kB
Cached:           574172 kB
SwapCached:            0 kB
Active:           372272 kB
Inactive:         632236 kB
Active(anon):     171444 kB
Inactive(anon):   253180 kB
Active(file):     200828 kB
Inactive(file):   379056 kB
Unevictable:         292 kB
Mlocked:               0 kB
HighTotal:       1001472 kB
HighFree:          48732 kB
LowTotal:         419352 kB
LowFree:           73512 kB
SwapTotal:        786428 kB
SwapFree:         786428 kB
Dirty:              1304 kB
Writeback:             0 kB
AnonPages:        423784 kB
Mapped:           178348 kB
Shmem:               944 kB
Slab:              43068 kB
SReclaimable:      15004 kB
SUnreclaim:        28064 kB
KernelStack:        9504 kB
PageTables:        15824 kB
NFS_Unstable:          0 kB
Bounce:                0 kB
WritebackTmp:          0 kB
CommitLimit:     1496840 kB
Committed_AS:   22393916 kB
VmallocTotal:     458752 kB
VmallocUsed:       87380 kB
VmallocChunk:     216092 kB
Time pass: 105 sec

---2015-12-03 09:19:26
MemTotal:        1420824 kB
MemFree:          188404 kB
Buffers:            6956 kB
Cached:           574140 kB
SwapCached:            0 kB
Active:           372112 kB
Inactive:         632148 kB
Active(anon):     171248 kB
Inactive(anon):   253016 kB
Active(file):     200864 kB
Inactive(file):   379132 kB
Unevictable:         292 kB
Mlocked:               0 kB
HighTotal:       1001472 kB
HighFree:          80736 kB
LowTotal:         419352 kB
LowFree:          107668 kB
SwapTotal:        786428 kB
SwapFree:         786428 kB
Dirty:                 4 kB
Writeback:             0 kB
AnonPages:        423444 kB
Mapped:           178284 kB
Shmem:               808 kB
Slab:              42944 kB
SReclaimable:      14988 kB
SUnreclaim:        27956 kB
KernelStack:        9360 kB
PageTables:        15824 kB
NFS_Unstable:          0 kB
Bounce:                0 kB
WritebackTmp:          0 kB
CommitLimit:     1496840 kB
Committed_AS:   22390948 kB
VmallocTotal:     458752 kB
VmallocUsed:       85948 kB
VmallocChunk:     216092 kB
Time pass: 109 sec

---2015-12-03 09:19:26
MemTotal:        1420824 kB
MemFree:          188408 kB
Buffers:            6964 kB
Cached:           574140 kB
SwapCached:            0 kB
Active:           372132 kB
Inactive:         632148 kB
Active(anon):     171268 kB
Inactive(anon):   253016 kB
Active(file):     200864 kB
Inactive(file):   379132 kB
Unevictable:         292 kB
Mlocked:               0 kB
HighTotal:       1001472 kB
HighFree:          80772 kB
LowTotal:         419352 kB
LowFree:          107636 kB
SwapTotal:        786428 kB
SwapFree:         786428 kB
Dirty:                44 kB
Writeback:             0 kB
AnonPages:        423524 kB
Mapped:           178288 kB
Shmem:               808 kB
Slab:              42948 kB
SReclaimable:      14980 kB
SUnreclaim:        27968 kB
KernelStack:        9360 kB
PageTables:        15824 kB
NFS_Unstable:          0 kB
Bounce:                0 kB
WritebackTmp:          0 kB
CommitLimit:     1496840 kB
Committed_AS:   22390948 kB
VmallocTotal:     458752 kB
VmallocUsed:       85948 kB
VmallocChunk:     216092 kB
Time pass: 112 sec

---2015-12-03 09:19:26
MemTotal:        1420824 kB
MemFree:          176688 kB
Buffers:            7192 kB
Cached:           574304 kB
SwapCached:            0 kB
Active:           380320 kB
Inactive:         632320 kB
Active(anon):     179340 kB
Inactive(anon):   253016 kB
Active(file):     200980 kB
Inactive(file):   379304 kB
Unevictable:         292 kB
Mlocked:               0 kB
HighTotal:       1001472 kB
HighFree:          69756 kB
LowTotal:         419352 kB
LowFree:          106932 kB
SwapTotal:        786428 kB
SwapFree:         786428 kB
Dirty:               676 kB
Writeback:             0 kB
AnonPages:        431412 kB
Mapped:           191448 kB
Shmem:               812 kB
Slab:              43008 kB
SReclaimable:      14980 kB
SUnreclaim:        28028 kB
KernelStack:        9384 kB
PageTables:        16108 kB
NFS_Unstable:          0 kB
Bounce:                0 kB
WritebackTmp:          0 kB
CommitLimit:     1496840 kB
Committed_AS:   22867252 kB
VmallocTotal:     458752 kB
VmallocUsed:       87232 kB
VmallocChunk:     216092 kB
Time pass: 115 sec

---2015-12-03 09:19:26
MemTotal:        1420824 kB
MemFree:          149544 kB
Buffers:            7284 kB
Cached:           574544 kB
SwapCached:            0 kB
Active:           395988 kB
Inactive:         632360 kB
Active(anon):     194608 kB
Inactive(anon):   253148 kB
Active(file):     201380 kB
Inactive(file):   379212 kB
Unevictable:         292 kB
Mlocked:               0 kB
HighTotal:       1001472 kB
HighFree:          42848 kB
LowTotal:         419352 kB
LowFree:          106696 kB
SwapTotal:        786428 kB
SwapFree:         786428 kB
Dirty:               888 kB
Writeback:             0 kB
AnonPages:        446828 kB
Mapped:           203372 kB
Shmem:               944 kB
Slab:              43132 kB
SReclaimable:      14980 kB
SUnreclaim:        28152 kB
KernelStack:        9848 kB
PageTables:        16400 kB
NFS_Unstable:          0 kB
Bounce:                0 kB
WritebackTmp:          0 kB
CommitLimit:     1496840 kB
Committed_AS:   22889372 kB
VmallocTotal:     458752 kB
VmallocUsed:       87232 kB
VmallocChunk:     216092 kB
Time pass: 119 sec

---2015-12-03 09:19:26
MemTotal:        1420824 kB
MemFree:          123176 kB
Buffers:            7308 kB
Cached:           574900 kB
SwapCached:            0 kB
Active:           408936 kB
Inactive:         632704 kB
Active(anon):     207508 kB
Inactive(anon):   253152 kB
Active(file):     201428 kB
Inactive(file):   379552 kB
Unevictable:         292 kB
Mlocked:               0 kB
HighTotal:       1001472 kB
HighFree:          16664 kB
LowTotal:         419352 kB
LowFree:          106512 kB
SwapTotal:        786428 kB
SwapFree:         786428 kB
Dirty:               196 kB
Writeback:            12 kB
AnonPages:        459728 kB
Mapped:           206676 kB
Shmem:               944 kB
Slab:              43072 kB
SReclaimable:      14988 kB
SUnreclaim:        28084 kB
KernelStack:        9904 kB
PageTables:        16488 kB
NFS_Unstable:          0 kB
Bounce:                0 kB
WritebackTmp:          0 kB
CommitLimit:     1496840 kB
Committed_AS:   22901924 kB
VmallocTotal:     458752 kB
VmallocUsed:       87228 kB
VmallocChunk:     216092 kB
Time pass: 122 sec

---2015-12-03 09:19:26
MemTotal:        1420824 kB
MemFree:          113120 kB
Buffers:            7308 kB
Cached:           574920 kB
SwapCached:            0 kB
Active:           410108 kB
Inactive:         632700 kB
Active(anon):     208664 kB
Inactive(anon):   253152 kB
Active(file):     201444 kB
Inactive(file):   379548 kB
Unevictable:         292 kB
Mlocked:               0 kB
HighTotal:       1001472 kB
HighFree:           7320 kB
LowTotal:         419352 kB
LowFree:          105800 kB
SwapTotal:        786428 kB
SwapFree:         786428 kB
Dirty:               216 kB
Writeback:             0 kB
AnonPages:        460840 kB
Mapped:           207808 kB
Shmem:               944 kB
Slab:              43060 kB
SReclaimable:      14980 kB
SUnreclaim:        28080 kB
KernelStack:        9904 kB
PageTables:        16508 kB
NFS_Unstable:          0 kB
Bounce:                0 kB
WritebackTmp:          0 kB
CommitLimit:     1496840 kB
Committed_AS:   22902996 kB
VmallocTotal:     458752 kB
VmallocUsed:       87304 kB
VmallocChunk:     216092 kB
Time pass: 126 sec

---2015-12-03 09:19:26
MemTotal:        1420824 kB
MemFree:           90996 kB
Buffers:            7424 kB
Cached:           576928 kB
SwapCached:            0 kB
Active:           417276 kB
Inactive:         630944 kB
Active(anon):     212000 kB
Inactive(anon):   253152 kB
Active(file):     205276 kB
Inactive(file):   377792 kB
Unevictable:         292 kB
Mlocked:               0 kB
HighTotal:       1001472 kB
HighFree:           5296 kB
LowTotal:         419352 kB
LowFree:           85700 kB
SwapTotal:        786428 kB
SwapFree:         786428 kB
Dirty:              2200 kB
Writeback:             0 kB
AnonPages:        464244 kB
Mapped:           211896 kB
Shmem:               944 kB
Slab:              43164 kB
SReclaimable:      14988 kB
SUnreclaim:        28176 kB
KernelStack:        9904 kB
PageTables:        16548 kB
NFS_Unstable:          0 kB
Bounce:                0 kB
WritebackTmp:          0 kB
CommitLimit:     1496840 kB
Committed_AS:   22906192 kB
VmallocTotal:     458752 kB
VmallocUsed:       87268 kB
VmallocChunk:     216092 kB
Time pass: 129 sec

---2015-12-03 09:19:26
MemTotal:        1420824 kB
MemFree:           86812 kB
Buffers:            7428 kB
Cached:           576936 kB
SwapCached:            0 kB
Active:           417600 kB
Inactive:         630992 kB
Active(anon):     212312 kB
Inactive(anon):   253152 kB
Active(file):     205288 kB
Inactive(file):   377840 kB
Unevictable:         292 kB
Mlocked:               0 kB
HighTotal:       1001472 kB
HighFree:           5552 kB
LowTotal:         419352 kB
LowFree:           81260 kB
SwapTotal:        786428 kB
SwapFree:         786428 kB
Dirty:                 0 kB
Writeback:             0 kB
AnonPages:        464520 kB
Mapped:           212396 kB
Shmem:               944 kB
Slab:              43028 kB
SReclaimable:      14988 kB
SUnreclaim:        28040 kB
KernelStack:        9888 kB
PageTables:        16544 kB
NFS_Unstable:          0 kB
Bounce:                0 kB
WritebackTmp:          0 kB
CommitLimit:     1496840 kB
Committed_AS:   22906528 kB
VmallocTotal:     458752 kB
VmallocUsed:       87260 kB
VmallocChunk:     216092 kB
Time pass: 132 sec

---2015-12-03 09:19:26
MemTotal:        1420824 kB
MemFree:           73424 kB
Buffers:            7436 kB
Cached:           576984 kB
SwapCached:            0 kB
Active:           422944 kB
Inactive:         631032 kB
Active(anon):     217640 kB
Inactive(anon):   253152 kB
Active(file):     205304 kB
Inactive(file):   377880 kB
Unevictable:         292 kB
Mlocked:               0 kB
HighTotal:       1001472 kB
HighFree:           5056 kB
LowTotal:         419352 kB
LowFree:           68368 kB
SwapTotal:        786428 kB
SwapFree:         786428 kB
Dirty:               572 kB
Writeback:             0 kB
AnonPages:        469772 kB
Mapped:           214084 kB
Shmem:               944 kB
Slab:              42996 kB
SReclaimable:      14988 kB
SUnreclaim:        28008 kB
KernelStack:        9904 kB
PageTables:        16584 kB
NFS_Unstable:          0 kB
Bounce:                0 kB
WritebackTmp:          0 kB
CommitLimit:     1496840 kB
Committed_AS:   22911440 kB
VmallocTotal:     458752 kB
VmallocUsed:       87304 kB
VmallocChunk:     216092 kB
Time pass: 136 sec

---2015-12-03 09:19:26
MemTotal:        1420824 kB
MemFree:           74244 kB
Buffers:            7444 kB
Cached:           576976 kB
SwapCached:            0 kB
Active:           422936 kB
Inactive:         631032 kB
Active(anon):     217632 kB
Inactive(anon):   253152 kB
Active(file):     205304 kB
Inactive(file):   377880 kB
Unevictable:         292 kB
Mlocked:               0 kB
HighTotal:       1001472 kB
HighFree:           5500 kB
LowTotal:         419352 kB
LowFree:           68744 kB
SwapTotal:        786428 kB
SwapFree:         786428 kB
Dirty:                80 kB
Writeback:             0 kB
AnonPages:        469856 kB
Mapped:           214108 kB
Shmem:               944 kB
Slab:              42992 kB
SReclaimable:      14988 kB
SUnreclaim:        28004 kB
KernelStack:        9904 kB
PageTables:        16580 kB
NFS_Unstable:          0 kB
Bounce:                0 kB
WritebackTmp:          0 kB
CommitLimit:     1496840 kB
Committed_AS:   22911432 kB
VmallocTotal:     458752 kB
VmallocUsed:       87272 kB
VmallocChunk:     216092 kB
Time pass: 139 sec

---2015-12-03 09:19:26
MemTotal:        1420824 kB
MemFree:           74080 kB
Buffers:            7444 kB
Cached:           576984 kB
SwapCached:            0 kB
Active:           422944 kB
Inactive:         631040 kB
Active(anon):     217640 kB
Inactive(anon):   253152 kB
Active(file):     205304 kB
Inactive(file):   377888 kB
Unevictable:         292 kB
Mlocked:               0 kB
HighTotal:       1001472 kB
HighFree:           5384 kB
LowTotal:         419352 kB
LowFree:           68696 kB
SwapTotal:        786428 kB
SwapFree:         786428 kB
Dirty:                72 kB
Writeback:             0 kB
AnonPages:        469860 kB
Mapped:           214124 kB
Shmem:               944 kB
Slab:              43056 kB
SReclaimable:      14988 kB
SUnreclaim:        28068 kB
KernelStack:        9904 kB
PageTables:        16580 kB
NFS_Unstable:          0 kB
Bounce:                0 kB
WritebackTmp:          0 kB
CommitLimit:     1496840 kB
Committed_AS:   22911432 kB
VmallocTotal:     458752 kB
VmallocUsed:       87272 kB
VmallocChunk:     216092 kB
Time pass: 143 sec

---2015-12-03 09:19:26
MemTotal:        1420824 kB
MemFree:           64284 kB
Buffers:            7444 kB
Cached:           577404 kB
SwapCached:            0 kB
Active:           432404 kB
Inactive:         630468 kB
Active(anon):     226112 kB
Inactive(anon):   253304 kB
Active(file):     206292 kB
Inactive(file):   377164 kB
Unevictable:         292 kB
Mlocked:               0 kB
HighTotal:       1001472 kB
HighFree:           5076 kB
LowTotal:         419352 kB
LowFree:           59208 kB
SwapTotal:        786428 kB
SwapFree:         786428 kB
Dirty:                12 kB
Writeback:             0 kB
AnonPages:        478240 kB
Mapped:           216548 kB
Shmem:              1100 kB
Slab:              43228 kB
SReclaimable:      14992 kB
SUnreclaim:        28236 kB
KernelStack:       10104 kB
PageTables:        16720 kB
NFS_Unstable:          0 kB
Bounce:                0 kB
WritebackTmp:          0 kB
CommitLimit:     1496840 kB
Committed_AS:   22937828 kB
VmallocTotal:     458752 kB
VmallocUsed:       89804 kB
VmallocChunk:     216092 kB
Time pass: 147 sec

---2015-12-03 09:19:26
MemTotal:        1420824 kB
MemFree:           57496 kB
Buffers:            7476 kB
Cached:           577512 kB
SwapCached:            0 kB
Active:           436360 kB
Inactive:         630600 kB
Active(anon):     230068 kB
Inactive(anon):   253412 kB
Active(file):     206292 kB
Inactive(file):   377188 kB
Unevictable:         292 kB
Mlocked:               0 kB
HighTotal:       1001472 kB
HighFree:           5036 kB
LowTotal:         419352 kB
LowFree:           52460 kB
SwapTotal:        786428 kB
SwapFree:         786428 kB
Dirty:                48 kB
Writeback:             0 kB
AnonPages:        482352 kB
Mapped:           216044 kB
Shmem:              1208 kB
Slab:              43456 kB
SReclaimable:      15004 kB
SUnreclaim:        28452 kB
KernelStack:       10112 kB
PageTables:        16808 kB
NFS_Unstable:          0 kB
Bounce:                0 kB
WritebackTmp:          0 kB
CommitLimit:     1496840 kB
Committed_AS:   22941956 kB
VmallocTotal:     458752 kB
VmallocUsed:       89804 kB
VmallocChunk:     216092 kB
Time pass: 151 sec

---2015-12-03 09:19:26
MemTotal:        1420824 kB
MemFree:           54116 kB
Buffers:            7508 kB
Cached:           577504 kB
SwapCached:            0 kB
Active:           440572 kB
Inactive:         630624 kB
Active(anon):     234280 kB
Inactive(anon):   253412 kB
Active(file):     206292 kB
Inactive(file):   377212 kB
Unevictable:         292 kB
Mlocked:               0 kB
HighTotal:       1001472 kB
HighFree:           5048 kB
LowTotal:         419352 kB
LowFree:           49068 kB
SwapTotal:        786428 kB
SwapFree:         786428 kB
Dirty:                52 kB
Writeback:             0 kB
AnonPages:        486756 kB
Mapped:           215028 kB
Shmem:              1216 kB
Slab:              43472 kB
SReclaimable:      15012 kB
SUnreclaim:        28460 kB
KernelStack:       10128 kB
PageTables:        16820 kB
NFS_Unstable:          0 kB
Bounce:                0 kB
WritebackTmp:          0 kB
CommitLimit:     1496840 kB
Committed_AS:   22945688 kB
VmallocTotal:     458752 kB
VmallocUsed:       89804 kB
VmallocChunk:     216092 kB
Time pass: 155 sec

---2015-12-03 09:19:26
MemTotal:        1420824 kB
MemFree:           51568 kB
Buffers:            7524 kB
Cached:           577512 kB
SwapCached:            0 kB
Active:           443616 kB
Inactive:         630656 kB
Active(anon):     237324 kB
Inactive(anon):   253420 kB
Active(file):     206292 kB
Inactive(file):   377236 kB
Unevictable:         292 kB
Mlocked:               0 kB
HighTotal:       1001472 kB
HighFree:           5104 kB
LowTotal:         419352 kB
LowFree:           46464 kB
SwapTotal:        786428 kB
SwapFree:         786428 kB
Dirty:                32 kB
Writeback:             0 kB
AnonPages:        489704 kB
Mapped:           215168 kB
Shmem:              1216 kB
Slab:              43468 kB
SReclaimable:      15012 kB
SUnreclaim:        28456 kB
KernelStack:       10136 kB
PageTables:        16828 kB
NFS_Unstable:          0 kB
Bounce:                0 kB
WritebackTmp:          0 kB
CommitLimit:     1496840 kB
Committed_AS:   22948012 kB
VmallocTotal:     458752 kB
VmallocUsed:       89804 kB
VmallocChunk:     216092 kB
Time pass: 159 sec

---2015-12-03 09:19:26
MemTotal:        1420824 kB
MemFree:           50924 kB
Buffers:            7540 kB
Cached:           577520 kB
SwapCached:            0 kB
Active:           443544 kB
Inactive:         630680 kB
Active(anon):     237252 kB
Inactive(anon):   253420 kB
Active(file):     206292 kB
Inactive(file):   377260 kB
Unevictable:         292 kB
Mlocked:               0 kB
HighTotal:       1001472 kB
HighFree:           5128 kB
LowTotal:         419352 kB
LowFree:           45796 kB
SwapTotal:        786428 kB
SwapFree:         786428 kB
Dirty:                44 kB
Writeback:             0 kB
AnonPages:        489388 kB
Mapped:           215172 kB
Shmem:              1216 kB
Slab:              43516 kB
SReclaimable:      15024 kB
SUnreclaim:        28492 kB
KernelStack:       10112 kB
PageTables:        16832 kB
NFS_Unstable:          0 kB
Bounce:                0 kB
WritebackTmp:          0 kB
CommitLimit:     1496840 kB
Committed_AS:   22946984 kB
VmallocTotal:     458752 kB
VmallocUsed:       89804 kB
VmallocChunk:     216092 kB
Time pass: 163 sec

---2015-12-03 09:19:26
MemTotal:        1420824 kB
MemFree:           51756 kB
Buffers:            7548 kB
Cached:           577516 kB
SwapCached:            0 kB
Active:           443072 kB
Inactive:         630672 kB
Active(anon):     236780 kB
Inactive(anon):   253412 kB
Active(file):     206292 kB
Inactive(file):   377260 kB
Unevictable:         292 kB
Mlocked:               0 kB
HighTotal:       1001472 kB
HighFree:           5504 kB
LowTotal:         419352 kB
LowFree:           46252 kB
SwapTotal:        786428 kB
SwapFree:         786428 kB
Dirty:                 0 kB
Writeback:             0 kB
AnonPages:        489192 kB
Mapped:           215088 kB
Shmem:              1220 kB
Slab:              43284 kB
SReclaimable:      15016 kB
SUnreclaim:        28268 kB
KernelStack:       10096 kB
PageTables:        16816 kB
NFS_Unstable:          0 kB
Bounce:                0 kB
WritebackTmp:          0 kB
CommitLimit:     1496840 kB
Committed_AS:   22948448 kB
VmallocTotal:     458752 kB
VmallocUsed:       89772 kB
VmallocChunk:     216092 kB
Time pass: 167 sec

---2015-12-03 09:19:26
MemTotal:        1420824 kB
MemFree:           51360 kB
Buffers:            7564 kB
Cached:           577552 kB
SwapCached:            0 kB
Active:           443452 kB
Inactive:         630724 kB
Active(anon):     237160 kB
Inactive(anon):   253440 kB
Active(file):     206292 kB
Inactive(file):   377284 kB
Unevictable:         292 kB
Mlocked:               0 kB
HighTotal:       1001472 kB
HighFree:           5028 kB
LowTotal:         419352 kB
LowFree:           46332 kB
SwapTotal:        786428 kB
SwapFree:         786428 kB
Dirty:                52 kB
Writeback:             0 kB
AnonPages:        489416 kB
Mapped:           215156 kB
Shmem:              1248 kB
Slab:              43272 kB
SReclaimable:      15016 kB
SUnreclaim:        28256 kB
KernelStack:       10104 kB
PageTables:        16828 kB
NFS_Unstable:          0 kB
Bounce:                0 kB
WritebackTmp:          0 kB
CommitLimit:     1496840 kB
Committed_AS:   22948124 kB
VmallocTotal:     458752 kB
VmallocUsed:       89772 kB
VmallocChunk:     216092 kB
Time pass: 171 sec

---2015-12-03 09:19:26
MemTotal:        1420824 kB
MemFree:           52140 kB
Buffers:            7572 kB
Cached:           577552 kB
SwapCached:            0 kB
Active:           443040 kB
Inactive:         630732 kB
Active(anon):     236748 kB
Inactive(anon):   253448 kB
Active(file):     206292 kB
Inactive(file):   377284 kB
Unevictable:         292 kB
Mlocked:               0 kB
HighTotal:       1001472 kB
HighFree:           5032 kB
LowTotal:         419352 kB
LowFree:           47108 kB
SwapTotal:        786428 kB
SwapFree:         786428 kB
Dirty:                 0 kB
Writeback:             0 kB
AnonPages:        489032 kB
Mapped:           215164 kB
Shmem:              1256 kB
Slab:              43340 kB
SReclaimable:      15016 kB
SUnreclaim:        28324 kB
KernelStack:       10104 kB
PageTables:        16832 kB
NFS_Unstable:          0 kB
Bounce:                0 kB
WritebackTmp:          0 kB
CommitLimit:     1496840 kB
Committed_AS:   22947548 kB
VmallocTotal:     458752 kB
VmallocUsed:       89772 kB
VmallocChunk:     216092 kB
Time pass: 175 sec

---2015-12-03 09:19:26
MemTotal:        1420824 kB
MemFree:           51272 kB
Buffers:            7588 kB
Cached:           577560 kB
SwapCached:            0 kB
Active:           443388 kB
Inactive:         630756 kB
Active(anon):     237096 kB
Inactive(anon):   253448 kB
Active(file):     206292 kB
Inactive(file):   377308 kB
Unevictable:         292 kB
Mlocked:               0 kB
HighTotal:       1001472 kB
HighFree:           5032 kB
LowTotal:         419352 kB
LowFree:           46240 kB
SwapTotal:        786428 kB
SwapFree:         786428 kB
Dirty:                40 kB
Writeback:             0 kB
AnonPages:        489240 kB
Mapped:           215184 kB
Shmem:              1256 kB
Slab:              43440 kB
SReclaimable:      15016 kB
SUnreclaim:        28424 kB
KernelStack:       10096 kB
PageTables:        16836 kB
NFS_Unstable:          0 kB
Bounce:                0 kB
WritebackTmp:          0 kB
CommitLimit:     1496840 kB
Committed_AS:   22947584 kB
VmallocTotal:     458752 kB
VmallocUsed:       89772 kB
VmallocChunk:     216092 kB
Time pass: 178 sec

---2015-12-03 09:19:26
MemTotal:        1420824 kB
MemFree:           51768 kB
Buffers:            7588 kB
Cached:           577772 kB
SwapCached:            0 kB
Active:           442868 kB
Inactive:         630940 kB
Active(anon):     236576 kB
Inactive(anon):   253632 kB
Active(file):     206292 kB
Inactive(file):   377308 kB
Unevictable:         292 kB
Mlocked:               0 kB
HighTotal:       1001472 kB
HighFree:           5032 kB
LowTotal:         419352 kB
LowFree:           46736 kB
SwapTotal:        786428 kB
SwapFree:         786428 kB
Dirty:                 4 kB
Writeback:             0 kB
AnonPages:        488816 kB
Mapped:           215400 kB
Shmem:              1468 kB
Slab:              43452 kB
SReclaimable:      15020 kB
SUnreclaim:        28432 kB
KernelStack:       10088 kB
PageTables:        16832 kB
NFS_Unstable:          0 kB
Bounce:                0 kB
WritebackTmp:          0 kB
CommitLimit:     1496840 kB
Committed_AS:   22947112 kB
VmallocTotal:     458752 kB
VmallocUsed:       89772 kB
VmallocChunk:     216092 kB
Time pass: 182 sec

---2015-12-03 09:19:26
MemTotal:        1420824 kB
MemFree:           51784 kB
Buffers:            7596 kB
Cached:           577780 kB
SwapCached:            0 kB
Active:           443312 kB
Inactive:         630984 kB
Active(anon):     237020 kB
Inactive(anon):   253668 kB
Active(file):     206292 kB
Inactive(file):   377316 kB
Unevictable:         292 kB
Mlocked:               0 kB
HighTotal:       1001472 kB
HighFree:           5032 kB
LowTotal:         419352 kB
LowFree:           46752 kB
SwapTotal:        786428 kB
SwapFree:         786428 kB
Dirty:                 0 kB
Writeback:             0 kB
AnonPages:        489216 kB
Mapped:           215372 kB
Shmem:              1476 kB
Slab:              43332 kB
SReclaimable:      15012 kB
SUnreclaim:        28320 kB
KernelStack:       10072 kB
PageTables:        16820 kB
NFS_Unstable:          0 kB
Bounce:                0 kB
WritebackTmp:          0 kB
CommitLimit:     1496840 kB
Committed_AS:   22948636 kB
VmallocTotal:     458752 kB
VmallocUsed:       89772 kB
VmallocChunk:     216092 kB
Time pass: 187 sec

---2015-12-03 09:19:26
MemTotal:        1420824 kB
MemFree:           49740 kB
Buffers:            7620 kB
Cached:           577820 kB
SwapCached:            0 kB
Active:           444592 kB
Inactive:         631040 kB
Active(anon):     238300 kB
Inactive(anon):   253708 kB
Active(file):     206292 kB
Inactive(file):   377332 kB
Unevictable:         292 kB
Mlocked:               0 kB
HighTotal:       1001472 kB
HighFree:           5032 kB
LowTotal:         419352 kB
LowFree:           44708 kB
SwapTotal:        786428 kB
SwapFree:         786428 kB
Dirty:                28 kB
Writeback:             0 kB
AnonPages:        490528 kB
Mapped:           215500 kB
Shmem:              1516 kB
Slab:              43380 kB
SReclaimable:      15020 kB
SUnreclaim:        28360 kB
KernelStack:       10080 kB
PageTables:        16836 kB
NFS_Unstable:          0 kB
Bounce:                0 kB
WritebackTmp:          0 kB
CommitLimit:     1496840 kB
Committed_AS:   22950204 kB
VmallocTotal:     458752 kB
VmallocUsed:       89804 kB
VmallocChunk:     216092 kB
Time pass: 193 sec

---2015-12-03 09:19:26
MemTotal:        1420824 kB
MemFree:           49088 kB
Buffers:            7636 kB
Cached:           577924 kB
SwapCached:            0 kB
Active:           444820 kB
Inactive:         631168 kB
Active(anon):     238528 kB
Inactive(anon):   253812 kB
Active(file):     206292 kB
Inactive(file):   377356 kB
Unevictable:         292 kB
Mlocked:               0 kB
HighTotal:       1001472 kB
HighFree:           5032 kB
LowTotal:         419352 kB
LowFree:           44056 kB
SwapTotal:        786428 kB
SwapFree:         786428 kB
Dirty:                 0 kB
Writeback:             0 kB
AnonPages:        490900 kB
Mapped:           215604 kB
Shmem:              1620 kB
Slab:              43452 kB
SReclaimable:      15020 kB
SUnreclaim:        28432 kB
KernelStack:       10080 kB
PageTables:        16832 kB
NFS_Unstable:          0 kB
Bounce:                0 kB
WritebackTmp:          0 kB
CommitLimit:     1496840 kB
Committed_AS:   22949960 kB
VmallocTotal:     458752 kB
VmallocUsed:       89804 kB
VmallocChunk:     216092 kB
Time pass: 198 sec

---2015-12-03 09:19:26
MemTotal:        1420824 kB
MemFree:           49316 kB
Buffers:            7652 kB
Cached:           578096 kB
SwapCached:            0 kB
Active:           444776 kB
Inactive:         631360 kB
Active(anon):     238484 kB
Inactive(anon):   253988 kB
Active(file):     206292 kB
Inactive(file):   377372 kB
Unevictable:         292 kB
Mlocked:               0 kB
HighTotal:       1001472 kB
HighFree:           5052 kB
LowTotal:         419352 kB
LowFree:           44264 kB
SwapTotal:        786428 kB
SwapFree:         786428 kB
Dirty:                40 kB
Writeback:             0 kB
AnonPages:        490608 kB
Mapped:           215780 kB
Shmem:              1792 kB
Slab:              43416 kB
SReclaimable:      15024 kB
SUnreclaim:        28392 kB
KernelStack:       10080 kB
PageTables:        16832 kB
NFS_Unstable:          0 kB
Bounce:                0 kB
WritebackTmp:          0 kB
CommitLimit:     1496840 kB
Committed_AS:   22948776 kB
VmallocTotal:     458752 kB
VmallocUsed:       89804 kB
VmallocChunk:     216092 kB
Time pass: 202 sec

---2015-12-03 09:19:26
MemTotal:        1420824 kB
MemFree:           50020 kB
Buffers:            7676 kB
Cached:           578144 kB
SwapCached:            0 kB
Active:           444440 kB
Inactive:         631428 kB
Active(anon):     238148 kB
Inactive(anon):   254032 kB
Active(file):     206292 kB
Inactive(file):   377396 kB
Unevictable:         292 kB
Mlocked:               0 kB
HighTotal:       1001472 kB
HighFree:           5052 kB
LowTotal:         419352 kB
LowFree:           44968 kB
SwapTotal:        786428 kB
SwapFree:         786428 kB
Dirty:                44 kB
Writeback:             0 kB
AnonPages:        490492 kB
Mapped:           215784 kB
Shmem:              1840 kB
Slab:              43420 kB
SReclaimable:      15016 kB
SUnreclaim:        28404 kB
KernelStack:       10080 kB
PageTables:        16836 kB
NFS_Unstable:          0 kB
Bounce:                0 kB
WritebackTmp:          0 kB
CommitLimit:     1496840 kB
Committed_AS:   22949876 kB
VmallocTotal:     458752 kB
VmallocUsed:       89772 kB
VmallocChunk:     216092 kB
Time pass: 206 sec

---2015-12-03 09:19:26
MemTotal:        1420824 kB
MemFree:           49620 kB
Buffers:            7684 kB
Cached:           578332 kB
SwapCached:            0 kB
Active:           444116 kB
Inactive:         631624 kB
Active(anon):     237824 kB
Inactive(anon):   254228 kB
Active(file):     206292 kB
Inactive(file):   377396 kB
Unevictable:         292 kB
Mlocked:               0 kB
HighTotal:       1001472 kB
HighFree:           5052 kB
LowTotal:         419352 kB
LowFree:           44568 kB
SwapTotal:        786428 kB
SwapFree:         786428 kB
Dirty:                 0 kB
Writeback:             0 kB
AnonPages:        490144 kB
Mapped:           215940 kB
Shmem:              2036 kB
Slab:              43424 kB
SReclaimable:      15016 kB
SUnreclaim:        28408 kB
KernelStack:       10080 kB
PageTables:        16820 kB
NFS_Unstable:          0 kB
Bounce:                0 kB
WritebackTmp:          0 kB
CommitLimit:     1496840 kB
Committed_AS:   22949336 kB
VmallocTotal:     458752 kB
VmallocUsed:       89772 kB
VmallocChunk:     216092 kB
Time pass: 211 sec

---2015-12-03 09:19:26
MemTotal:        1420824 kB
MemFree:           48956 kB
Buffers:            7700 kB
Cached:           578340 kB
SwapCached:            0 kB
Active:           444904 kB
Inactive:         631648 kB
Active(anon):     238612 kB
Inactive(anon):   254228 kB
Active(file):     206292 kB
Inactive(file):   377420 kB
Unevictable:         292 kB
Mlocked:               0 kB
HighTotal:       1001472 kB
HighFree:           5052 kB
LowTotal:         419352 kB
LowFree:           43904 kB
SwapTotal:        786428 kB
SwapFree:         786428 kB
Dirty:                40 kB
Writeback:             0 kB
AnonPages:        490840 kB
Mapped:           215988 kB
Shmem:              2036 kB
Slab:              43448 kB
SReclaimable:      15024 kB
SUnreclaim:        28424 kB
KernelStack:       10072 kB
PageTables:        16840 kB
NFS_Unstable:          0 kB
Bounce:                0 kB
WritebackTmp:          0 kB
CommitLimit:     1496840 kB
Committed_AS:   22949940 kB
VmallocTotal:     458752 kB
VmallocUsed:       89772 kB
VmallocChunk:     216092 kB
Time pass: 214 sec

---2015-12-03 09:19:26
MemTotal:        1420824 kB
MemFree:           49568 kB
Buffers:            7700 kB
Cached:           578340 kB
SwapCached:            0 kB
Active:           444188 kB
Inactive:         631648 kB
Active(anon):     237896 kB
Inactive(anon):   254228 kB
Active(file):     206292 kB
Inactive(file):   377420 kB
Unevictable:         292 kB
Mlocked:               0 kB
HighTotal:       1001472 kB
HighFree:           5052 kB
LowTotal:         419352 kB
LowFree:           44516 kB
SwapTotal:        786428 kB
SwapFree:         786428 kB
Dirty:                 0 kB
Writeback:             0 kB
AnonPages:        490128 kB
Mapped:           215988 kB
Shmem:              2036 kB
Slab:              43384 kB
SReclaimable:      15016 kB
SUnreclaim:        28368 kB
KernelStack:       10080 kB
PageTables:        16832 kB
NFS_Unstable:          0 kB
Bounce:                0 kB
WritebackTmp:          0 kB
CommitLimit:     1496840 kB
Committed_AS:   22949484 kB
VmallocTotal:     458752 kB
VmallocUsed:       89772 kB
VmallocChunk:     216092 kB
Time pass: 218 sec

---2015-12-03 09:19:26
MemTotal:        1420824 kB
MemFree:           49224 kB
Buffers:            7724 kB
Cached:           578340 kB
SwapCached:            0 kB
Active:           444624 kB
Inactive:         631672 kB
Active(anon):     238332 kB
Inactive(anon):   254228 kB
Active(file):     206292 kB
Inactive(file):   377444 kB
Unevictable:         292 kB
Mlocked:               0 kB
HighTotal:       1001472 kB
HighFree:           5052 kB
LowTotal:         419352 kB
LowFree:           44172 kB
SwapTotal:        786428 kB
SwapFree:         786428 kB
Dirty:                40 kB
Writeback:             0 kB
AnonPages:        490584 kB
Mapped:           215988 kB
Shmem:              2036 kB
Slab:              43552 kB
SReclaimable:      15016 kB
SUnreclaim:        28536 kB
KernelStack:       10080 kB
PageTables:        16836 kB
NFS_Unstable:          0 kB
Bounce:                0 kB
WritebackTmp:          0 kB
CommitLimit:     1496840 kB
Committed_AS:   22949396 kB
VmallocTotal:     458752 kB
VmallocUsed:       89772 kB
VmallocChunk:     216092 kB
Time pass: 222 sec

---2015-12-03 09:19:26
MemTotal:        1420824 kB
MemFree:           47744 kB
Buffers:            7748 kB
Cached:           578340 kB
SwapCached:            0 kB
Active:           445920 kB
Inactive:         631696 kB
Active(anon):     239628 kB
Inactive(anon):   254228 kB
Active(file):     206292 kB
Inactive(file):   377468 kB
Unevictable:         292 kB
Mlocked:               0 kB
HighTotal:       1001472 kB
HighFree:           5052 kB
LowTotal:         419352 kB
LowFree:           42692 kB
SwapTotal:        786428 kB
SwapFree:         786428 kB
Dirty:                36 kB
Writeback:             0 kB
AnonPages:        492040 kB
Mapped:           215996 kB
Shmem:              2036 kB
Slab:              43400 kB
SReclaimable:      15016 kB
SUnreclaim:        28384 kB
KernelStack:       10064 kB
PageTables:        16820 kB
NFS_Unstable:          0 kB
Bounce:                0 kB
WritebackTmp:          0 kB
CommitLimit:     1496840 kB
Committed_AS:   22950520 kB
VmallocTotal:     458752 kB
VmallocUsed:       89804 kB
VmallocChunk:     216092 kB
Time pass: 226 sec

---2015-12-03 09:19:26
MemTotal:        1420824 kB
MemFree:           47664 kB
Buffers:            7748 kB
Cached:           578340 kB
SwapCached:            0 kB
Active:           446680 kB
Inactive:         631696 kB
Active(anon):     240388 kB
Inactive(anon):   254228 kB
Active(file):     206292 kB
Inactive(file):   377468 kB
Unevictable:         292 kB
Mlocked:               0 kB
HighTotal:       1001472 kB
HighFree:           5052 kB
LowTotal:         419352 kB
LowFree:           42612 kB
SwapTotal:        786428 kB
SwapFree:         786428 kB
Dirty:                 0 kB
Writeback:             0 kB
AnonPages:        492732 kB
Mapped:           215992 kB
Shmem:              2036 kB
Slab:              43332 kB
SReclaimable:      15016 kB
SUnreclaim:        28316 kB
KernelStack:       10080 kB
PageTables:        16840 kB
NFS_Unstable:          0 kB
Bounce:                0 kB
WritebackTmp:          0 kB
CommitLimit:     1496840 kB
Committed_AS:   22950988 kB
VmallocTotal:     458752 kB
VmallocUsed:       89772 kB
VmallocChunk:     216092 kB
Time pass: 230 sec

---2015-12-03 09:19:26
MemTotal:        1420824 kB
MemFree:           47280 kB
Buffers:            7772 kB
Cached:           578340 kB
SwapCached:            0 kB
Active:           446480 kB
Inactive:         631720 kB
Active(anon):     240188 kB
Inactive(anon):   254228 kB
Active(file):     206292 kB
Inactive(file):   377492 kB
Unevictable:         292 kB
Mlocked:               0 kB
HighTotal:       1001472 kB
HighFree:           5052 kB
LowTotal:         419352 kB
LowFree:           42228 kB
SwapTotal:        786428 kB
SwapFree:         786428 kB
Dirty:                44 kB
Writeback:             0 kB
AnonPages:        492440 kB
Mapped:           215992 kB
Shmem:              2036 kB
Slab:              43404 kB
SReclaimable:      15016 kB
SUnreclaim:        28388 kB
KernelStack:       10080 kB
PageTables:        16840 kB
NFS_Unstable:          0 kB
Bounce:                0 kB
WritebackTmp:          0 kB
CommitLimit:     1496840 kB
Committed_AS:   22950120 kB
VmallocTotal:     458752 kB
VmallocUsed:       89772 kB
VmallocChunk:     216092 kB
Time pass: 234 sec

---2015-12-03 09:19:26
MemTotal:        1420824 kB
MemFree:           47412 kB
Buffers:            7796 kB
Cached:           578340 kB
SwapCached:            0 kB
Active:           446392 kB
Inactive:         631744 kB
Active(anon):     240100 kB
Inactive(anon):   254228 kB
Active(file):     206292 kB
Inactive(file):   377516 kB
Unevictable:         292 kB
Mlocked:               0 kB
HighTotal:       1001472 kB
HighFree:           5052 kB
LowTotal:         419352 kB
LowFree:           42360 kB
SwapTotal:        786428 kB
SwapFree:         786428 kB
Dirty:                52 kB
Writeback:             0 kB
AnonPages:        492432 kB
Mapped:           216000 kB
Shmem:              2036 kB
Slab:              43420 kB
SReclaimable:      15016 kB
SUnreclaim:        28404 kB
KernelStack:       10088 kB
PageTables:        16848 kB
NFS_Unstable:          0 kB
Bounce:                0 kB
WritebackTmp:          0 kB
CommitLimit:     1496840 kB
Committed_AS:   22950844 kB
VmallocTotal:     458752 kB
VmallocUsed:       89772 kB
VmallocChunk:     216092 kB
Time pass: 238 sec

---2015-12-03 09:19:26
MemTotal:        1420824 kB
MemFree:           47736 kB
Buffers:            7796 kB
Cached:           578340 kB
SwapCached:            0 kB
Active:           446176 kB
Inactive:         631744 kB
Active(anon):     239884 kB
Inactive(anon):   254228 kB
Active(file):     206292 kB
Inactive(file):   377516 kB
Unevictable:         292 kB
Mlocked:               0 kB
HighTotal:       1001472 kB
HighFree:           5052 kB
LowTotal:         419352 kB
LowFree:           42684 kB
SwapTotal:        786428 kB
SwapFree:         786428 kB
Dirty:                 0 kB
Writeback:             0 kB
AnonPages:        492072 kB
Mapped:           216000 kB
Shmem:              2036 kB
Slab:              43436 kB
SReclaimable:      15028 kB
SUnreclaim:        28408 kB
KernelStack:       10096 kB
PageTables:        16844 kB
NFS_Unstable:          0 kB
Bounce:                0 kB
WritebackTmp:          0 kB
CommitLimit:     1496840 kB
Committed_AS:   22950116 kB
VmallocTotal:     458752 kB
VmallocUsed:       89772 kB
VmallocChunk:     216092 kB
Time pass: 241 sec

---2015-12-03 09:19:26
MemTotal:        1420824 kB
MemFree:           48072 kB
Buffers:            7804 kB
Cached:           578340 kB
SwapCached:            0 kB
Active:           445472 kB
Inactive:         631752 kB
Active(anon):     239180 kB
Inactive(anon):   254228 kB
Active(file):     206292 kB
Inactive(file):   377524 kB
Unevictable:         292 kB
Mlocked:               0 kB
HighTotal:       1001472 kB
HighFree:           5052 kB
LowTotal:         419352 kB
LowFree:           43020 kB
SwapTotal:        786428 kB
SwapFree:         786428 kB
Dirty:                28 kB
Writeback:             0 kB
AnonPages:        491440 kB
Mapped:           216000 kB
Shmem:              2036 kB
Slab:              43444 kB
SReclaimable:      15024 kB
SUnreclaim:        28420 kB
KernelStack:       10088 kB
PageTables:        16844 kB
NFS_Unstable:          0 kB
Bounce:                0 kB
WritebackTmp:          0 kB
CommitLimit:     1496840 kB
Committed_AS:   22949316 kB
VmallocTotal:     458752 kB
VmallocUsed:       89772 kB
VmallocChunk:     216092 kB
Time pass: 245 sec

---2015-12-03 09:19:26
MemTotal:        1420824 kB
MemFree:           47760 kB
Buffers:            7804 kB
Cached:           578340 kB
SwapCached:            0 kB
Active:           445436 kB
Inactive:         631748 kB
Active(anon):     239144 kB
Inactive(anon):   254224 kB
Active(file):     206292 kB
Inactive(file):   377524 kB
Unevictable:         292 kB
Mlocked:               0 kB
HighTotal:       1001472 kB
HighFree:           5120 kB
LowTotal:         419352 kB
LowFree:           42640 kB
SwapTotal:        786428 kB
SwapFree:         786428 kB
Dirty:                28 kB
Writeback:             0 kB
AnonPages:        491420 kB
Mapped:           216048 kB
Shmem:              2036 kB
Slab:              43396 kB
SReclaimable:      15024 kB
SUnreclaim:        28372 kB
KernelStack:       10080 kB
PageTables:        16840 kB
NFS_Unstable:          0 kB
Bounce:                0 kB
WritebackTmp:          0 kB
CommitLimit:     1496840 kB
Committed_AS:   22949304 kB
VmallocTotal:     458752 kB
VmallocUsed:       89804 kB
VmallocChunk:     216092 kB
Time pass: 248 sec

---2015-12-03 09:19:26
MemTotal:        1420824 kB
MemFree:           48304 kB
Buffers:            7820 kB
Cached:           578340 kB
SwapCached:            0 kB
Active:           445220 kB
Inactive:         631740 kB
Active(anon):     238928 kB
Inactive(anon):   254200 kB
Active(file):     206292 kB
Inactive(file):   377540 kB
Unevictable:         292 kB
Mlocked:               0 kB
HighTotal:       1001472 kB
HighFree:           5436 kB
LowTotal:         419352 kB
LowFree:           42868 kB
SwapTotal:        786428 kB
SwapFree:         786428 kB
Dirty:                36 kB
Writeback:             0 kB
AnonPages:        491080 kB
Mapped:           215976 kB
Shmem:              2036 kB
Slab:              43464 kB
SReclaimable:      15016 kB
SUnreclaim:        28448 kB
KernelStack:       10080 kB
PageTables:        16840 kB
NFS_Unstable:          0 kB
Bounce:                0 kB
WritebackTmp:          0 kB
CommitLimit:     1496840 kB
Committed_AS:   22949512 kB
VmallocTotal:     458752 kB
VmallocUsed:       89772 kB
VmallocChunk:     216092 kB
Time pass: 252 sec

---2015-12-03 09:19:26
MemTotal:        1420824 kB
MemFree:           47940 kB
Buffers:            7828 kB
Cached:           578340 kB
SwapCached:            0 kB
Active:           445592 kB
Inactive:         631748 kB
Active(anon):     239300 kB
Inactive(anon):   254200 kB
Active(file):     206292 kB
Inactive(file):   377548 kB
Unevictable:         292 kB
Mlocked:               0 kB
HighTotal:       1001472 kB
HighFree:           5184 kB
LowTotal:         419352 kB
LowFree:           42756 kB
SwapTotal:        786428 kB
SwapFree:         786428 kB
Dirty:                32 kB
Writeback:             0 kB
AnonPages:        491500 kB
Mapped:           215976 kB
Shmem:              2036 kB
Slab:              43448 kB
SReclaimable:      15016 kB
SUnreclaim:        28432 kB
KernelStack:       10080 kB
PageTables:        16840 kB
NFS_Unstable:          0 kB
Bounce:                0 kB
WritebackTmp:          0 kB
CommitLimit:     1496840 kB
Committed_AS:   22949776 kB
VmallocTotal:     458752 kB
VmallocUsed:       89772 kB
VmallocChunk:     216092 kB
Time pass: 255 sec

---2015-12-03 09:19:26
MemTotal:        1420824 kB
MemFree:           48736 kB
Buffers:            7836 kB
Cached:           578332 kB
SwapCached:            0 kB
Active:           444656 kB
Inactive:         631748 kB
Active(anon):     238364 kB
Inactive(anon):   254200 kB
Active(file):     206292 kB
Inactive(file):   377548 kB
Unevictable:         292 kB
Mlocked:               0 kB
HighTotal:       1001472 kB
HighFree:           5076 kB
LowTotal:         419352 kB
LowFree:           43660 kB
SwapTotal:        786428 kB
SwapFree:         786428 kB
Dirty:                32 kB
Writeback:             0 kB
AnonPages:        490584 kB
Mapped:           215976 kB
Shmem:              2036 kB
Slab:              43516 kB
SReclaimable:      15016 kB
SUnreclaim:        28500 kB
KernelStack:       10080 kB
PageTables:        16836 kB
NFS_Unstable:          0 kB
Bounce:                0 kB
WritebackTmp:          0 kB
CommitLimit:     1496840 kB
Committed_AS:   22948896 kB
VmallocTotal:     458752 kB
VmallocUsed:       89772 kB
VmallocChunk:     216092 kB
Time pass: 259 sec

---2015-12-03 09:19:26
MemTotal:        1420824 kB
MemFree:           48360 kB
Buffers:            7836 kB
Cached:           578340 kB
SwapCached:            0 kB
Active:           445080 kB
Inactive:         631756 kB
Active(anon):     238788 kB
Inactive(anon):   254200 kB
Active(file):     206292 kB
Inactive(file):   377556 kB
Unevictable:         292 kB
Mlocked:               0 kB
HighTotal:       1001472 kB
HighFree:           5076 kB
LowTotal:         419352 kB
LowFree:           43284 kB
SwapTotal:        786428 kB
SwapFree:         786428 kB
Dirty:                 4 kB
Writeback:             0 kB
AnonPages:        490932 kB
Mapped:           215976 kB
Shmem:              2036 kB
Slab:              43404 kB
SReclaimable:      15016 kB
SUnreclaim:        28388 kB
KernelStack:       10080 kB
PageTables:        16836 kB
NFS_Unstable:          0 kB
Bounce:                0 kB
WritebackTmp:          0 kB
CommitLimit:     1496840 kB
Committed_AS:   22949268 kB
VmallocTotal:     458752 kB
VmallocUsed:       89772 kB
VmallocChunk:     216092 kB
Time pass: 262 sec

---2015-12-03 09:19:26
MemTotal:        1420824 kB
MemFree:           46096 kB
Buffers:            7836 kB
Cached:           578340 kB
SwapCached:            0 kB
Active:           447452 kB
Inactive:         631756 kB
Active(anon):     241160 kB
Inactive(anon):   254200 kB
Active(file):     206292 kB
Inactive(file):   377556 kB
Unevictable:         292 kB
Mlocked:               0 kB
HighTotal:       1001472 kB
HighFree:           5076 kB
LowTotal:         419352 kB
LowFree:           41020 kB
SwapTotal:        786428 kB
SwapFree:         786428 kB
Dirty:                 0 kB
Writeback:             0 kB
AnonPages:        493476 kB
Mapped:           216024 kB
Shmem:              2036 kB
Slab:              43504 kB
SReclaimable:      15016 kB
SUnreclaim:        28488 kB
KernelStack:       10080 kB
PageTables:        16836 kB
NFS_Unstable:          0 kB
Bounce:                0 kB
WritebackTmp:          0 kB
CommitLimit:     1496840 kB
Committed_AS:   22951392 kB
VmallocTotal:     458752 kB
VmallocUsed:       89804 kB
VmallocChunk:     216092 kB
Time pass: 265 sec

---2015-12-03 09:19:26
MemTotal:        1420824 kB
MemFree:           47144 kB
Buffers:            7836 kB
Cached:           578340 kB
SwapCached:            0 kB
Active:           446448 kB
Inactive:         631756 kB
Active(anon):     240156 kB
Inactive(anon):   254200 kB
Active(file):     206292 kB
Inactive(file):   377556 kB
Unevictable:         292 kB
Mlocked:               0 kB
HighTotal:       1001472 kB
HighFree:           5076 kB
LowTotal:         419352 kB
LowFree:           42068 kB
SwapTotal:        786428 kB
SwapFree:         786428 kB
Dirty:                 0 kB
Writeback:             0 kB
AnonPages:        492296 kB
Mapped:           215976 kB
Shmem:              2036 kB
Slab:              43420 kB
SReclaimable:      15016 kB
SUnreclaim:        28404 kB
KernelStack:       10104 kB
PageTables:        16840 kB
NFS_Unstable:          0 kB
Bounce:                0 kB
WritebackTmp:          0 kB
CommitLimit:     1496840 kB
Committed_AS:   22950256 kB
VmallocTotal:     458752 kB
VmallocUsed:       89772 kB
VmallocChunk:     216092 kB
Time pass: 269 sec

---2015-12-03 09:19:26
MemTotal:        1420824 kB
MemFree:           47924 kB
Buffers:            7852 kB
Cached:           578332 kB
SwapCached:            0 kB
Active:           445672 kB
Inactive:         631764 kB
Active(anon):     239380 kB
Inactive(anon):   254200 kB
Active(file):     206292 kB
Inactive(file):   377564 kB
Unevictable:         292 kB
Mlocked:               0 kB
HighTotal:       1001472 kB
HighFree:           5096 kB
LowTotal:         419352 kB
LowFree:           42828 kB
SwapTotal:        786428 kB
SwapFree:         786428 kB
Dirty:                28 kB
Writeback:             0 kB
AnonPages:        491532 kB
Mapped:           215876 kB
Shmem:              2036 kB
Slab:              43424 kB
SReclaimable:      15016 kB
SUnreclaim:        28408 kB
KernelStack:       10096 kB
PageTables:        16832 kB
NFS_Unstable:          0 kB
Bounce:                0 kB
WritebackTmp:          0 kB
CommitLimit:     1496840 kB
Committed_AS:   22949380 kB
VmallocTotal:     458752 kB
VmallocUsed:       89804 kB
VmallocChunk:     216092 kB
Time pass: 273 sec

---2015-12-03 09:19:26
MemTotal:        1420824 kB
MemFree:           47988 kB
Buffers:            7852 kB
Cached:           578340 kB
SwapCached:            0 kB
Active:           445752 kB
Inactive:         631772 kB
Active(anon):     239460 kB
Inactive(anon):   254200 kB
Active(file):     206292 kB
Inactive(file):   377572 kB
Unevictable:         292 kB
Mlocked:               0 kB
HighTotal:       1001472 kB
HighFree:           5108 kB
LowTotal:         419352 kB
LowFree:           42880 kB
SwapTotal:        786428 kB
SwapFree:         786428 kB
Dirty:                40 kB
Writeback:             0 kB
AnonPages:        491648 kB
Mapped:           215976 kB
Shmem:              2036 kB
Slab:              43388 kB
SReclaimable:      15016 kB
SUnreclaim:        28372 kB
KernelStack:       10080 kB
PageTables:        16836 kB
NFS_Unstable:          0 kB
Bounce:                0 kB
WritebackTmp:          0 kB
CommitLimit:     1496840 kB
Committed_AS:   22949668 kB
VmallocTotal:     458752 kB
VmallocUsed:       89772 kB
VmallocChunk:     216092 kB
Time pass: 276 sec

---2015-12-03 09:19:26
MemTotal:        1420824 kB
MemFree:           47180 kB
Buffers:            7860 kB
Cached:           578340 kB
SwapCached:            0 kB
Active:           446180 kB
Inactive:         631780 kB
Active(anon):     239888 kB
Inactive(anon):   254200 kB
Active(file):     206292 kB
Inactive(file):   377580 kB
Unevictable:         292 kB
Mlocked:               0 kB
HighTotal:       1001472 kB
HighFree:           5108 kB
LowTotal:         419352 kB
LowFree:           42072 kB
SwapTotal:        786428 kB
SwapFree:         786428 kB
Dirty:                28 kB
Writeback:             0 kB
AnonPages:        492068 kB
Mapped:           216024 kB
Shmem:              2036 kB
Slab:              43516 kB
SReclaimable:      15016 kB
SUnreclaim:        28500 kB
KernelStack:       10080 kB
PageTables:        16836 kB
NFS_Unstable:          0 kB
Bounce:                0 kB
WritebackTmp:          0 kB
CommitLimit:     1496840 kB
Committed_AS:   22949660 kB
VmallocTotal:     458752 kB
VmallocUsed:       89804 kB
VmallocChunk:     216092 kB
Time pass: 280 sec

---2015-12-03 09:19:26
MemTotal:        1420824 kB
MemFree:           47228 kB
Buffers:            7860 kB
Cached:           578340 kB
SwapCached:            0 kB
Active:           446168 kB
Inactive:         631780 kB
Active(anon):     239876 kB
Inactive(anon):   254200 kB
Active(file):     206292 kB
Inactive(file):   377580 kB
Unevictable:         292 kB
Mlocked:               0 kB
HighTotal:       1001472 kB
HighFree:           5108 kB
LowTotal:         419352 kB
LowFree:           42120 kB
SwapTotal:        786428 kB
SwapFree:         786428 kB
Dirty:                 0 kB
Writeback:             0 kB
AnonPages:        492228 kB
Mapped:           215968 kB
Shmem:              2036 kB
Slab:              43504 kB
SReclaimable:      15016 kB
SUnreclaim:        28488 kB
KernelStack:       10080 kB
PageTables:        16812 kB
NFS_Unstable:          0 kB
Bounce:                0 kB
WritebackTmp:          0 kB
CommitLimit:     1496840 kB
Committed_AS:   22949656 kB
VmallocTotal:     458752 kB
VmallocUsed:       89772 kB
VmallocChunk:     216092 kB
Time pass: 283 sec

---2015-12-03 09:19:26
MemTotal:        1420824 kB
MemFree:           44820 kB
Buffers:            7876 kB
Cached:           578340 kB
SwapCached:            0 kB
Active:           448304 kB
Inactive:         631784 kB
Active(anon):     242012 kB
Inactive(anon):   254200 kB
Active(file):     206292 kB
Inactive(file):   377584 kB
Unevictable:         292 kB
Mlocked:               0 kB
HighTotal:       1001472 kB
HighFree:           5108 kB
LowTotal:         419352 kB
LowFree:           39712 kB
SwapTotal:        786428 kB
SwapFree:         786428 kB
Dirty:                40 kB
Writeback:             0 kB
AnonPages:        494292 kB
Mapped:           215868 kB
Shmem:              2036 kB
Slab:              43456 kB
SReclaimable:      15016 kB
SUnreclaim:        28440 kB
KernelStack:       10088 kB
PageTables:        16840 kB
NFS_Unstable:          0 kB
Bounce:                0 kB
WritebackTmp:          0 kB
CommitLimit:     1496840 kB
Committed_AS:   22952180 kB
VmallocTotal:     458752 kB
VmallocUsed:       89804 kB
VmallocChunk:     216092 kB
Time pass: 288 sec

---2015-12-03 09:19:26
MemTotal:        1420824 kB
MemFree:           45808 kB
Buffers:            7892 kB
Cached:           578340 kB
SwapCached:            0 kB
Active:           446832 kB
Inactive:         631812 kB
Active(anon):     240540 kB
Inactive(anon):   254200 kB
Active(file):     206292 kB
Inactive(file):   377612 kB
Unevictable:         292 kB
Mlocked:               0 kB
HighTotal:       1001472 kB
HighFree:           5108 kB
LowTotal:         419352 kB
LowFree:           40700 kB
SwapTotal:        786428 kB
SwapFree:         786428 kB
Dirty:                44 kB
Writeback:             0 kB
AnonPages:        492704 kB
Mapped:           215968 kB
Shmem:              2036 kB
Slab:              43512 kB
SReclaimable:      15016 kB
SUnreclaim:        28496 kB
KernelStack:       10080 kB
PageTables:        16836 kB
NFS_Unstable:          0 kB
Bounce:                0 kB
WritebackTmp:          0 kB
CommitLimit:     1496840 kB
Committed_AS:   22949564 kB
VmallocTotal:     458752 kB
VmallocUsed:       89772 kB
VmallocChunk:     216092 kB
Time pass: 291 sec

---2015-12-03 09:19:26
MemTotal:        1420824 kB
MemFree:           48724 kB
Buffers:            7900 kB
Cached:           578340 kB
SwapCached:            0 kB
Active:           445236 kB
Inactive:         631804 kB
Active(anon):     238944 kB
Inactive(anon):   254192 kB
Active(file):     206292 kB
Inactive(file):   377612 kB
Unevictable:         292 kB
Mlocked:               0 kB
HighTotal:       1001472 kB
HighFree:           5132 kB
LowTotal:         419352 kB
LowFree:           43592 kB
SwapTotal:        786428 kB
SwapFree:         786428 kB
Dirty:                28 kB
Writeback:             0 kB
AnonPages:        491120 kB
Mapped:           215968 kB
Shmem:              2036 kB
Slab:              43416 kB
SReclaimable:      15016 kB
SUnreclaim:        28400 kB
KernelStack:       10080 kB
PageTables:        16836 kB
NFS_Unstable:          0 kB
Bounce:                0 kB
WritebackTmp:          0 kB
CommitLimit:     1496840 kB
Committed_AS:   22948776 kB
VmallocTotal:     458752 kB
VmallocUsed:       89772 kB
VmallocChunk:     216092 kB
Time pass: 295 sec

---2015-12-03 09:19:26
MemTotal:        1420824 kB
MemFree:           47084 kB
Buffers:            7916 kB
Cached:           578340 kB
SwapCached:            0 kB
Active:           446412 kB
Inactive:         631828 kB
Active(anon):     240120 kB
Inactive(anon):   254192 kB
Active(file):     206292 kB
Inactive(file):   377636 kB
Unevictable:         292 kB
Mlocked:               0 kB
HighTotal:       1001472 kB
HighFree:           5132 kB
LowTotal:         419352 kB
LowFree:           41952 kB
SwapTotal:        786428 kB
SwapFree:         786428 kB
Dirty:                40 kB
Writeback:             0 kB
AnonPages:        492332 kB
Mapped:           215968 kB
Shmem:              2036 kB
Slab:              43488 kB
SReclaimable:      15016 kB
SUnreclaim:        28472 kB
KernelStack:       10072 kB
PageTables:        16832 kB
NFS_Unstable:          0 kB
Bounce:                0 kB
WritebackTmp:          0 kB
CommitLimit:     1496840 kB
Committed_AS:   22949892 kB
VmallocTotal:     458752 kB
VmallocUsed:       89772 kB
VmallocChunk:     216092 kB
Time pass: 298 sec

---2015-12-03 09:19:26
MemTotal:        1420824 kB
MemFree:           46412 kB
Buffers:            7940 kB
Cached:           578316 kB
SwapCached:            0 kB
Active:           446528 kB
Inactive:         631828 kB
Active(anon):     240236 kB
Inactive(anon):   254192 kB
Active(file):     206292 kB
Inactive(file):   377636 kB
Unevictable:         292 kB
Mlocked:               0 kB
HighTotal:       1001472 kB
HighFree:           5064 kB
LowTotal:         419352 kB
LowFree:           41348 kB
SwapTotal:        786428 kB
SwapFree:         786428 kB
Dirty:                 0 kB
Writeback:             0 kB
AnonPages:        492612 kB
Mapped:           216016 kB
Shmem:              2036 kB
Slab:              43528 kB
SReclaimable:      15016 kB
SUnreclaim:        28512 kB
KernelStack:       10080 kB
PageTables:        16836 kB
NFS_Unstable:          0 kB
Bounce:                0 kB
WritebackTmp:          0 kB
CommitLimit:     1496840 kB
Committed_AS:   22949968 kB
VmallocTotal:     458752 kB
VmallocUsed:       89804 kB
VmallocChunk:     216092 kB
Time pass: 302 sec

---2015-12-03 09:19:26
MemTotal:        1420824 kB
MemFree:           45664 kB
Buffers:            7940 kB
Cached:           578340 kB
SwapCached:            0 kB
Active:           448028 kB
Inactive:         631852 kB
Active(anon):     241736 kB
Inactive(anon):   254192 kB
Active(file):     206292 kB
Inactive(file):   377660 kB
Unevictable:         292 kB
Mlocked:               0 kB
HighTotal:       1001472 kB
HighFree:           5064 kB
LowTotal:         419352 kB
LowFree:           40600 kB
SwapTotal:        786428 kB
SwapFree:         786428 kB
Dirty:                36 kB
Writeback:             0 kB
AnonPages:        494052 kB
Mapped:           215976 kB
Shmem:              2036 kB
Slab:              43480 kB
SReclaimable:      15016 kB
SUnreclaim:        28464 kB
KernelStack:       10064 kB
PageTables:        16824 kB
NFS_Unstable:          0 kB
Bounce:                0 kB
WritebackTmp:          0 kB
CommitLimit:     1496840 kB
Committed_AS:   22951348 kB
VmallocTotal:     458752 kB
VmallocUsed:       89804 kB
VmallocChunk:     216092 kB
Time pass: 305 sec

---2015-12-03 09:19:26
MemTotal:        1420824 kB
MemFree:           45120 kB
Buffers:            7964 kB
Cached:           578324 kB
SwapCached:            0 kB
Active:           448268 kB
Inactive:         631860 kB
Active(anon):     241976 kB
Inactive(anon):   254192 kB
Active(file):     206292 kB
Inactive(file):   377668 kB
Unevictable:         292 kB
Mlocked:               0 kB
HighTotal:       1001472 kB
HighFree:           5064 kB
LowTotal:         419352 kB
LowFree:           40056 kB
SwapTotal:        786428 kB
SwapFree:         786428 kB
Dirty:                28 kB
Writeback:             0 kB
AnonPages:        494248 kB
Mapped:           216016 kB
Shmem:              2036 kB
Slab:              43500 kB
SReclaimable:      15016 kB
SUnreclaim:        28484 kB
KernelStack:       10096 kB
PageTables:        16840 kB
NFS_Unstable:          0 kB
Bounce:                0 kB
WritebackTmp:          0 kB
CommitLimit:     1496840 kB
Committed_AS:   22951592 kB
VmallocTotal:     458752 kB
VmallocUsed:       89804 kB
VmallocChunk:     216092 kB
Time pass: 309 sec

---2015-12-03 09:19:26
MemTotal:        1420824 kB
MemFree:           45060 kB
Buffers:            7964 kB
Cached:           578340 kB
SwapCached:            0 kB
Active:           448264 kB
Inactive:         631876 kB
Active(anon):     241972 kB
Inactive(anon):   254192 kB
Active(file):     206292 kB
Inactive(file):   377684 kB
Unevictable:         292 kB
Mlocked:               0 kB
HighTotal:       1001472 kB
HighFree:           5064 kB
LowTotal:         419352 kB
LowFree:           39996 kB
SwapTotal:        786428 kB
SwapFree:         786428 kB
Dirty:                 0 kB
Writeback:             0 kB
AnonPages:        494300 kB
Mapped:           215868 kB
Shmem:              2036 kB
Slab:              43448 kB
SReclaimable:      15016 kB
SUnreclaim:        28432 kB
KernelStack:       10088 kB
PageTables:        16840 kB
NFS_Unstable:          0 kB
Bounce:                0 kB
WritebackTmp:          0 kB
CommitLimit:     1496840 kB
Committed_AS:   22951556 kB
VmallocTotal:     458752 kB
VmallocUsed:       89804 kB
VmallocChunk:     216092 kB
Time pass: 312 sec

---2015-12-03 09:19:26
MemTotal:        1420824 kB
MemFree:           43624 kB
Buffers:            7972 kB
Cached:           578340 kB
SwapCached:            0 kB
Active:           449880 kB
Inactive:         631876 kB
Active(anon):     243588 kB
Inactive(anon):   254192 kB
Active(file):     206292 kB
Inactive(file):   377684 kB
Unevictable:         292 kB
Mlocked:               0 kB
HighTotal:       1001472 kB
HighFree:           5064 kB
LowTotal:         419352 kB
LowFree:           38560 kB
SwapTotal:        786428 kB
SwapFree:         786428 kB
Dirty:                28 kB
Writeback:             0 kB
AnonPages:        495808 kB
Mapped:           215968 kB
Shmem:              2036 kB
Slab:              43488 kB
SReclaimable:      15016 kB
SUnreclaim:        28472 kB
KernelStack:       10080 kB
PageTables:        16840 kB
NFS_Unstable:          0 kB
Bounce:                0 kB
WritebackTmp:          0 kB
CommitLimit:     1496840 kB
Committed_AS:   22952760 kB
VmallocTotal:     458752 kB
VmallocUsed:       89772 kB
VmallocChunk:     216092 kB
Time pass: 316 sec

---2015-12-03 09:19:26
MemTotal:        1420824 kB
MemFree:           45316 kB
Buffers:            7988 kB
Cached:           578540 kB
SwapCached:            0 kB
Active:           447628 kB
Inactive:         632100 kB
Active(anon):     241336 kB
Inactive(anon):   254392 kB
Active(file):     206292 kB
Inactive(file):   377708 kB
Unevictable:         292 kB
Mlocked:               0 kB
HighTotal:       1001472 kB
HighFree:           5064 kB
LowTotal:         419352 kB
LowFree:           40252 kB
SwapTotal:        786428 kB
SwapFree:         786428 kB
Dirty:                 0 kB
Writeback:             0 kB
AnonPages:        493548 kB
Mapped:           216168 kB
Shmem:              2236 kB
Slab:              43436 kB
SReclaimable:      15016 kB
SUnreclaim:        28420 kB
KernelStack:       10080 kB
PageTables:        16836 kB
NFS_Unstable:          0 kB
Bounce:                0 kB
WritebackTmp:          0 kB
CommitLimit:     1496840 kB
Committed_AS:   22950148 kB
VmallocTotal:     458752 kB
VmallocUsed:       89772 kB
VmallocChunk:     216092 kB
Time pass: 320 sec

---2015-12-03 09:19:26
MemTotal:        1420824 kB
MemFree:           46012 kB
Buffers:            8012 kB
Cached:           578540 kB
SwapCached:            0 kB
Active:           446716 kB
Inactive:         632124 kB
Active(anon):     240424 kB
Inactive(anon):   254392 kB
Active(file):     206292 kB
Inactive(file):   377732 kB
Unevictable:         292 kB
Mlocked:               0 kB
HighTotal:       1001472 kB
HighFree:           5064 kB
LowTotal:         419352 kB
LowFree:           40948 kB
SwapTotal:        786428 kB
SwapFree:         786428 kB
Dirty:                40 kB
Writeback:             0 kB
AnonPages:        492636 kB
Mapped:           216168 kB
Shmem:              2236 kB
Slab:              43540 kB
SReclaimable:      15016 kB
SUnreclaim:        28524 kB
KernelStack:       10080 kB
PageTables:        16836 kB
NFS_Unstable:          0 kB
Bounce:                0 kB
WritebackTmp:          0 kB
CommitLimit:     1496840 kB
Committed_AS:   22950208 kB
VmallocTotal:     458752 kB
VmallocUsed:       89772 kB
VmallocChunk:     216092 kB
Time pass: 324 sec

---2015-12-03 09:19:26
MemTotal:        1420824 kB
MemFree:           46260 kB
Buffers:            8012 kB
Cached:           578544 kB
SwapCached:            0 kB
Active:           446816 kB
Inactive:         632108 kB
Active(anon):     240504 kB
Inactive(anon):   254392 kB
Active(file):     206312 kB
Inactive(file):   377716 kB
Unevictable:         292 kB
Mlocked:               0 kB
HighTotal:       1001472 kB
HighFree:           5652 kB
LowTotal:         419352 kB
LowFree:           40608 kB
SwapTotal:        786428 kB
SwapFree:         786428 kB
Dirty:                40 kB
Writeback:             0 kB
AnonPages:        492700 kB
Mapped:           216172 kB
Shmem:              2236 kB
Slab:              43528 kB
SReclaimable:      15024 kB
SUnreclaim:        28504 kB
KernelStack:       10088 kB
PageTables:        16840 kB
NFS_Unstable:          0 kB
Bounce:                0 kB
WritebackTmp:          0 kB
CommitLimit:     1496840 kB
Committed_AS:   22950184 kB
VmallocTotal:     458752 kB
VmallocUsed:       89772 kB
VmallocChunk:     216092 kB
Time pass: 327 sec

---2015-12-03 09:19:26
MemTotal:        1420824 kB
MemFree:           45008 kB
Buffers:            8036 kB
Cached:           578544 kB
SwapCached:            0 kB
Active:           448008 kB
Inactive:         632116 kB
Active(anon):     241696 kB
Inactive(anon):   254392 kB
Active(file):     206312 kB
Inactive(file):   377724 kB
Unevictable:         292 kB
Mlocked:               0 kB
HighTotal:       1001472 kB
HighFree:           5228 kB
LowTotal:         419352 kB
LowFree:           39780 kB
SwapTotal:        786428 kB
SwapFree:         786428 kB
Dirty:                52 kB
Writeback:             0 kB
AnonPages:        493644 kB
Mapped:           216172 kB
Shmem:              2236 kB
Slab:              43412 kB
SReclaimable:      15024 kB
SUnreclaim:        28388 kB
KernelStack:       10088 kB
PageTables:        16840 kB
NFS_Unstable:          0 kB
Bounce:                0 kB
WritebackTmp:          0 kB
CommitLimit:     1496840 kB
Committed_AS:   22951344 kB
VmallocTotal:     458752 kB
VmallocUsed:       89772 kB
VmallocChunk:     216092 kB
Time pass: 331 sec

---2015-12-03 09:19:26
MemTotal:        1420824 kB
MemFree:           46212 kB
Buffers:            8036 kB
Cached:           578544 kB
SwapCached:            0 kB
Active:           447112 kB
Inactive:         632132 kB
Active(anon):     240800 kB
Inactive(anon):   254392 kB
Active(file):     206312 kB
Inactive(file):   377740 kB
Unevictable:         292 kB
Mlocked:               0 kB
HighTotal:       1001472 kB
HighFree:           5024 kB
LowTotal:         419352 kB
LowFree:           41188 kB
SwapTotal:        786428 kB
SwapFree:         786428 kB
Dirty:                 0 kB
Writeback:             0 kB
AnonPages:        493028 kB
Mapped:           216172 kB
