---2015-11-19 19:35:53
MemTotal:        1860984 kB
MemFree:          235492 kB
Buffers:           10612 kB
Cached:           795948 kB
SwapCached:         9172 kB
Active:           634676 kB
Inactive:         675088 kB
Active(anon):     456104 kB
Inactive(anon):    48500 kB
Active(file):     178572 kB
Inactive(file):   626588 kB
Unevictable:           0 kB
Mlocked:               0 kB
HighTotal:       1436668 kB
HighFree:          20020 kB
LowTotal:         424316 kB
LowFree:          215472 kB
SwapTotal:        716796 kB
SwapFree:         619780 kB
Dirty:                28 kB
Writeback:             0 kB
AnonPages:        501488 kB
Mapped:           204016 kB
Shmem:              1420 kB
Slab:              44332 kB
SReclaimable:      14112 kB
SUnreclaim:        30220 kB
KernelStack:       10976 kB
PageTables:        24352 kB
NFS_Unstable:          0 kB
Bounce:                0 kB
WritebackTmp:          0 kB
CommitLimit:     1647288 kB
Committed_AS:   56178748 kB
VmallocTotal:     458752 kB
VmallocUsed:      113080 kB
VmallocChunk:     187396 kB
Time pass: 3 sec

---2015-11-19 19:35:53
MemTotal:        1860984 kB
MemFree:          235616 kB
Buffers:           10612 kB
Cached:           795948 kB
SwapCached:         9168 kB
Active:           634688 kB
Inactive:         675088 kB
Active(anon):     456116 kB
Inactive(anon):    48500 kB
Active(file):     178572 kB
Inactive(file):   626588 kB
Unevictable:           0 kB
Mlocked:               0 kB
HighTotal:       1436668 kB
HighFree:          20020 kB
LowTotal:         424316 kB
LowFree:          215596 kB
SwapTotal:        716796 kB
SwapFree:         619784 kB
Dirty:                 0 kB
Writeback:             0 kB
AnonPages:        501500 kB
Mapped:           204016 kB
Shmem:              1420 kB
Slab:              44332 kB
SReclaimable:      14112 kB
SUnreclaim:        30220 kB
KernelStack:       10976 kB
PageTables:        24352 kB
NFS_Unstable:          0 kB
Bounce:                0 kB
WritebackTmp:          0 kB
CommitLimit:     1647288 kB
Committed_AS:   56178748 kB
VmallocTotal:     458752 kB
VmallocUsed:      113080 kB
VmallocChunk:     187396 kB
Time pass: 7 sec

---2015-11-19 19:35:53
MemTotal:        1860984 kB
MemFree:          238468 kB
Buffers:           10612 kB
Cached:           795948 kB
SwapCached:         9168 kB
Active:           629716 kB
Inactive:         675924 kB
Active(anon):     451132 kB
Inactive(anon):    49348 kB
Active(file):     178584 kB
Inactive(file):   626576 kB
Unevictable:           0 kB
Mlocked:               0 kB
HighTotal:       1436668 kB
HighFree:          22624 kB
LowTotal:         424316 kB
LowFree:          215844 kB
SwapTotal:        716796 kB
SwapFree:         615636 kB
Dirty:                 0 kB
Writeback:             0 kB
AnonPages:        497364 kB
Mapped:           204016 kB
Shmem:              1420 kB
Slab:              44332 kB
SReclaimable:      14112 kB
SUnreclaim:        30220 kB
KernelStack:       10976 kB
PageTables:        24352 kB
NFS_Unstable:          0 kB
Bounce:                0 kB
WritebackTmp:          0 kB
CommitLimit:     1647288 kB
Committed_AS:   56178748 kB
VmallocTotal:     458752 kB
VmallocUsed:      113080 kB
VmallocChunk:     187396 kB
Time pass: 10 sec

---2015-11-19 19:35:53
MemTotal:        1860984 kB
MemFree:          238440 kB
Buffers:           10612 kB
Cached:           795944 kB
SwapCached:         9172 kB
Active:           629772 kB
Inactive:         675920 kB
Active(anon):     451188 kB
Inactive(anon):    49344 kB
Active(file):     178584 kB
Inactive(file):   626576 kB
Unevictable:           0 kB
Mlocked:               0 kB
HighTotal:       1436668 kB
HighFree:          22624 kB
LowTotal:         424316 kB
LowFree:          215816 kB
SwapTotal:        716796 kB
SwapFree:         615636 kB
Dirty:                 0 kB
Writeback:             0 kB
AnonPages:        497380 kB
Mapped:           204016 kB
Shmem:              1420 kB
Slab:              44332 kB
SReclaimable:      14112 kB
SUnreclaim:        30220 kB
KernelStack:       10968 kB
PageTables:        24352 kB
NFS_Unstable:          0 kB
Bounce:                0 kB
WritebackTmp:          0 kB
CommitLimit:     1647288 kB
Committed_AS:   56178748 kB
VmallocTotal:     458752 kB
VmallocUsed:      113080 kB
VmallocChunk:     187396 kB
Time pass: 14 sec

---2015-11-19 19:35:53
MemTotal:        1860984 kB
MemFree:          241528 kB
Buffers:           10612 kB
Cached:           795948 kB
SwapCached:         9172 kB
Active:           624780 kB
Inactive:         676732 kB
Active(anon):     446196 kB
Inactive(anon):    50156 kB
Active(file):     178584 kB
Inactive(file):   626576 kB
Unevictable:           0 kB
Mlocked:               0 kB
HighTotal:       1436668 kB
HighFree:          25352 kB
LowTotal:         424316 kB
LowFree:          216176 kB
SwapTotal:        716796 kB
SwapFree:         611436 kB
Dirty:                 0 kB
Writeback:             0 kB
AnonPages:        493184 kB
Mapped:           203976 kB
Shmem:              1420 kB
Slab:              44372 kB
SReclaimable:      14152 kB
SUnreclaim:        30220 kB
KernelStack:       10960 kB
PageTables:        24336 kB
NFS_Unstable:          0 kB
Bounce:                0 kB
WritebackTmp:          0 kB
CommitLimit:     1647288 kB
Committed_AS:   56178748 kB
VmallocTotal:     458752 kB
VmallocUsed:      113080 kB
VmallocChunk:     187396 kB
Time pass: 17 sec

---2015-11-19 19:35:53
MemTotal:        1860984 kB
MemFree:          244776 kB
Buffers:           10612 kB
Cached:           795952 kB
SwapCached:         9172 kB
Active:           619868 kB
Inactive:         677648 kB
Active(anon):     441284 kB
Inactive(anon):    51072 kB
Active(file):     178584 kB
Inactive(file):   626576 kB
Unevictable:           0 kB
Mlocked:               0 kB
HighTotal:       1436668 kB
HighFree:          28452 kB
LowTotal:         424316 kB
LowFree:          216324 kB
SwapTotal:        716796 kB
SwapFree:         607292 kB
Dirty:                 0 kB
Writeback:             4 kB
AnonPages:        489268 kB
Mapped:           204016 kB
Shmem:              1420 kB
Slab:              44428 kB
SReclaimable:      14208 kB
SUnreclaim:        30220 kB
KernelStack:       10976 kB
PageTables:        24352 kB
NFS_Unstable:          0 kB
Bounce:                0 kB
WritebackTmp:          0 kB
CommitLimit:     1647288 kB
Committed_AS:   56180056 kB
VmallocTotal:     458752 kB
VmallocUsed:      113080 kB
VmallocChunk:     187396 kB
Time pass: 21 sec

---2015-11-19 19:35:53
MemTotal:        1860984 kB
MemFree:          223256 kB
Buffers:           10764 kB
Cached:           825296 kB
SwapCached:        10672 kB
Active:           626184 kB
Inactive:         708612 kB
Active(anon):     447464 kB
Inactive(anon):    52712 kB
Active(file):     178720 kB
Inactive(file):   655900 kB
Unevictable:           0 kB
Mlocked:               0 kB
HighTotal:       1436668 kB
HighFree:           2508 kB
LowTotal:         424316 kB
LowFree:          220748 kB
SwapTotal:        716796 kB
SwapFree:         607516 kB
Dirty:               760 kB
Writeback:             0 kB
AnonPages:        496648 kB
Mapped:           218020 kB
Shmem:              1420 kB
Slab:              44404 kB
SReclaimable:      14128 kB
SUnreclaim:        30276 kB
KernelStack:       11152 kB
PageTables:        24688 kB
NFS_Unstable:          0 kB
Bounce:                0 kB
WritebackTmp:          0 kB
CommitLimit:     1647288 kB
Committed_AS:   57013804 kB
VmallocTotal:     458752 kB
VmallocUsed:      114100 kB
VmallocChunk:     187396 kB
Time pass: 24 sec

---2015-11-19 19:35:53
MemTotal:        1860984 kB
MemFree:          120072 kB
Buffers:           10848 kB
Cached:           832048 kB
SwapCached:        14416 kB
Active:           645080 kB
Inactive:         720456 kB
Active(anon):     465652 kB
Inactive(anon):    58524 kB
Active(file):     179428 kB
Inactive(file):   661932 kB
Unevictable:           0 kB
Mlocked:               0 kB
HighTotal:       1436668 kB
HighFree:           2528 kB
LowTotal:         424316 kB
LowFree:          117544 kB
SwapTotal:        716796 kB
SwapFree:         609388 kB
Dirty:              1112 kB
Writeback:             0 kB
AnonPages:        520192 kB
Mapped:           227628 kB
Shmem:              1552 kB
Slab:              44700 kB
SReclaimable:      14300 kB
SUnreclaim:        30400 kB
KernelStack:       11536 kB
PageTables:        25116 kB
NFS_Unstable:          0 kB
Bounce:                0 kB
WritebackTmp:          0 kB
CommitLimit:     1647288 kB
Committed_AS:   57036892 kB
VmallocTotal:     458752 kB
VmallocUsed:      114356 kB
VmallocChunk:     187396 kB
Time pass: 28 sec

---2015-11-19 19:35:53
MemTotal:        1860984 kB
MemFree:           71976 kB
Buffers:           10856 kB
Cached:           833432 kB
SwapCached:        14616 kB
Active:           645744 kB
Inactive:         722168 kB
Active(anon):     466268 kB
Inactive(anon):    58888 kB
Active(file):     179476 kB
Inactive(file):   663280 kB
Unevictable:           0 kB
Mlocked:               0 kB
HighTotal:       1436668 kB
HighFree:           2836 kB
LowTotal:         424316 kB
LowFree:           69140 kB
SwapTotal:        716796 kB
SwapFree:         609532 kB
Dirty:               944 kB
Writeback:             0 kB
AnonPages:        521208 kB
Mapped:           231756 kB
Shmem:              1552 kB
Slab:              44756 kB
SReclaimable:      14328 kB
SUnreclaim:        30428 kB
KernelStack:       11432 kB
PageTables:        25220 kB
NFS_Unstable:          0 kB
Bounce:                0 kB
WritebackTmp:          0 kB
CommitLimit:     1647288 kB
Committed_AS:   57037536 kB
VmallocTotal:     458752 kB
VmallocUsed:      114588 kB
VmallocChunk:     187396 kB
Time pass: 32 sec

---2015-11-19 19:35:53
MemTotal:        1860984 kB
MemFree:           48644 kB
Buffers:           10864 kB
Cached:           833808 kB
SwapCached:        14648 kB
Active:           650056 kB
Inactive:         722464 kB
Active(anon):     470580 kB
Inactive(anon):    58892 kB
Active(file):     179476 kB
Inactive(file):   663572 kB
Unevictable:           0 kB
Mlocked:               0 kB
HighTotal:       1436668 kB
HighFree:           2476 kB
LowTotal:         424316 kB
LowFree:           46168 kB
SwapTotal:        716796 kB
SwapFree:         609540 kB
Dirty:               104 kB
Writeback:             0 kB
AnonPages:        525540 kB
Mapped:           232892 kB
Shmem:              1552 kB
Slab:              44820 kB
SReclaimable:      14332 kB
SUnreclaim:        30488 kB
KernelStack:       11432 kB
PageTables:        25260 kB
NFS_Unstable:          0 kB
Bounce:                0 kB
WritebackTmp:          0 kB
CommitLimit:     1647288 kB
Committed_AS:   57041416 kB
VmallocTotal:     458752 kB
VmallocUsed:      114588 kB
VmallocChunk:     187396 kB
Time pass: 35 sec

---2015-11-19 19:35:53
MemTotal:        1860984 kB
MemFree:           29892 kB
Buffers:           10484 kB
Cached:           827172 kB
SwapCached:        14676 kB
Active:           633500 kB
Inactive:         734136 kB
Active(anon):     449488 kB
Inactive(anon):    83048 kB
Active(file):     184012 kB
Inactive(file):   651088 kB
Unevictable:         876 kB
Mlocked:               0 kB
HighTotal:       1436668 kB
HighFree:           5328 kB
LowTotal:         424316 kB
LowFree:           24564 kB
SwapTotal:        716796 kB
SwapFree:         605448 kB
Dirty:                 0 kB
Writeback:             0 kB
AnonPages:        528524 kB
Mapped:           235088 kB
Shmem:              1552 kB
Slab:              44836 kB
SReclaimable:      14428 kB
SUnreclaim:        30408 kB
KernelStack:       11488 kB
PageTables:        25420 kB
NFS_Unstable:          0 kB
Bounce:                0 kB
WritebackTmp:          0 kB
CommitLimit:     1647288 kB
Committed_AS:   57043764 kB
VmallocTotal:     458752 kB
VmallocUsed:      114692 kB
VmallocChunk:     187396 kB
Time pass: 39 sec

---2015-11-19 19:35:53
MemTotal:        1860984 kB
MemFree:           41696 kB
Buffers:           10344 kB
Cached:           825288 kB
SwapCached:        14668 kB
Active:           623468 kB
Inactive:         738616 kB
Active(anon):     437424 kB
Inactive(anon):    91536 kB
Active(file):     186044 kB
Inactive(file):   647080 kB
Unevictable:         876 kB
Mlocked:               0 kB
HighTotal:       1436668 kB
HighFree:           7968 kB
LowTotal:         424316 kB
LowFree:           33728 kB
SwapTotal:        716796 kB
SwapFree:         601852 kB
Dirty:                68 kB
Writeback:             0 kB
AnonPages:        524916 kB
Mapped:           235140 kB
Shmem:              1552 kB
Slab:              45136 kB
SReclaimable:      14740 kB
SUnreclaim:        30396 kB
KernelStack:       11480 kB
PageTables:        25420 kB
NFS_Unstable:          0 kB
Bounce:                0 kB
WritebackTmp:          0 kB
CommitLimit:     1647288 kB
Committed_AS:   57045820 kB
VmallocTotal:     458752 kB
VmallocUsed:      114692 kB
VmallocChunk:     187396 kB
Time pass: 42 sec

---2015-11-19 19:35:53
MemTotal:        1860984 kB
MemFree:           29576 kB
Buffers:           10232 kB
Cached:           820744 kB
SwapCached:        14680 kB
Active:           621256 kB
Inactive:         748620 kB
Active(anon):     431612 kB
Inactive(anon):   109752 kB
Active(file):     189644 kB
Inactive(file):   638868 kB
Unevictable:         876 kB
Mlocked:               0 kB
HighTotal:       1436668 kB
HighFree:           4748 kB
LowTotal:         424316 kB
LowFree:           24828 kB
SwapTotal:        716796 kB
SwapFree:         601396 kB
Dirty:               564 kB
Writeback:             0 kB
AnonPages:        537548 kB
Mapped:           241416 kB
Shmem:              1556 kB
Slab:              45024 kB
SReclaimable:      14496 kB
SUnreclaim:        30528 kB
KernelStack:       11568 kB
PageTables:        25412 kB
NFS_Unstable:          0 kB
Bounce:                0 kB
WritebackTmp:          0 kB
CommitLimit:     1647288 kB
Committed_AS:   57059232 kB
VmallocTotal:     458752 kB
VmallocUsed:      114732 kB
VmallocChunk:     187396 kB
Time pass: 46 sec

---2015-11-19 19:35:53
MemTotal:        1860984 kB
MemFree:           40248 kB
Buffers:            8384 kB
Cached:           779960 kB
SwapCached:        14680 kB
Active:           575612 kB
Inactive:         749032 kB
Active(anon):     377404 kB
Inactive(anon):   161328 kB
Active(file):     198208 kB
Inactive(file):   587704 kB
Unevictable:         876 kB
Mlocked:               0 kB
HighTotal:       1436668 kB
HighFree:          14972 kB
LowTotal:         424316 kB
LowFree:           25276 kB
SwapTotal:        716796 kB
SwapFree:         597300 kB
Dirty:                16 kB
Writeback:             0 kB
AnonPages:        534880 kB
Mapped:           268100 kB
Shmem:              1556 kB
Slab:              45260 kB
SReclaimable:      14604 kB
SUnreclaim:        30656 kB
KernelStack:       11512 kB
PageTables:        25516 kB
NFS_Unstable:          0 kB
Bounce:                0 kB
WritebackTmp:          0 kB
CommitLimit:     1647288 kB
Committed_AS:   57060040 kB
VmallocTotal:     458752 kB
VmallocUsed:      114892 kB
VmallocChunk:     187396 kB
Time pass: 50 sec

---2015-11-19 19:35:53
MemTotal:        1860984 kB
MemFree:           42164 kB
Buffers:            8392 kB
Cached:           779960 kB
SwapCached:        14680 kB
Active:           575728 kB
Inactive:         748964 kB
Active(anon):     377520 kB
Inactive(anon):   161252 kB
Active(file):     198208 kB
Inactive(file):   587712 kB
Unevictable:         876 kB
Mlocked:               0 kB
HighTotal:       1436668 kB
HighFree:          15748 kB
LowTotal:         424316 kB
LowFree:           26416 kB
SwapTotal:        716796 kB
SwapFree:         597300 kB
Dirty:                72 kB
Writeback:             0 kB
AnonPages:        534788 kB
Mapped:           268100 kB
Shmem:              1556 kB
Slab:              45152 kB
SReclaimable:      14476 kB
SUnreclaim:        30676 kB
KernelStack:       11512 kB
PageTables:        25516 kB
NFS_Unstable:          0 kB
Bounce:                0 kB
WritebackTmp:          0 kB
CommitLimit:     1647288 kB
Committed_AS:   57060080 kB
VmallocTotal:     458752 kB
VmallocUsed:      114892 kB
VmallocChunk:     187396 kB
Time pass: 54 sec

---2015-11-19 19:35:53
MemTotal:        1860984 kB
MemFree:           38144 kB
Buffers:            7896 kB
Cached:           772420 kB
SwapCached:        14680 kB
Active:           576380 kB
Inactive:         737712 kB
Active(anon):     373744 kB
Inactive(anon):   162464 kB
Active(file):     202636 kB
Inactive(file):   575248 kB
Unevictable:         876 kB
Mlocked:               0 kB
HighTotal:       1436668 kB
HighFree:          12548 kB
LowTotal:         424316 kB
LowFree:           25596 kB
SwapTotal:        716796 kB
SwapFree:         593200 kB
Dirty:               140 kB
Writeback:             0 kB
AnonPages:        532180 kB
Mapped:           278168 kB
Shmem:              1556 kB
Slab:              45156 kB
SReclaimable:      14516 kB
SUnreclaim:        30640 kB
KernelStack:       11480 kB
PageTables:        25532 kB
NFS_Unstable:          0 kB
Bounce:                0 kB
WritebackTmp:          0 kB
CommitLimit:     1647288 kB
Committed_AS:   57061480 kB
VmallocTotal:     458752 kB
VmallocUsed:      114932 kB
VmallocChunk:     187396 kB
Time pass: 57 sec

---2015-11-19 19:35:53
MemTotal:        1860984 kB
MemFree:           45848 kB
Buffers:            7348 kB
Cached:           762816 kB
SwapCached:        14680 kB
Active:           580676 kB
Inactive:         727708 kB
Active(anon):     375268 kB
Inactive(anon):   165740 kB
Active(file):     205408 kB
Inactive(file):   561968 kB
Unevictable:         876 kB
Mlocked:               0 kB
HighTotal:       1436668 kB
HighFree:          10900 kB
LowTotal:         424316 kB
LowFree:           34948 kB
SwapTotal:        716796 kB
SwapFree:         593292 kB
Dirty:                 0 kB
Writeback:             0 kB
AnonPages:        536980 kB
Mapped:           278016 kB
Shmem:              1556 kB
Slab:              45224 kB
SReclaimable:      14524 kB
SUnreclaim:        30700 kB
KernelStack:       11576 kB
PageTables:        25476 kB
NFS_Unstable:          0 kB
Bounce:                0 kB
WritebackTmp:          0 kB
CommitLimit:     1647288 kB
Committed_AS:   57065616 kB
VmallocTotal:     458752 kB
VmallocUsed:      115016 kB
VmallocChunk:     187396 kB
Time pass: 61 sec

---2015-11-19 19:35:53
MemTotal:        1860984 kB
MemFree:           30080 kB
Buffers:            7356 kB
Cached:           764980 kB
SwapCached:        14672 kB
Active:           582172 kB
Inactive:         726984 kB
Active(anon):     376612 kB
Inactive(anon):   162756 kB
Active(file):     205560 kB
Inactive(file):   564228 kB
Unevictable:         876 kB
Mlocked:               0 kB
HighTotal:       1436668 kB
HighFree:           3612 kB
LowTotal:         424316 kB
LowFree:           26468 kB
SwapTotal:        716796 kB
SwapFree:         589112 kB
Dirty:                44 kB
Writeback:             0 kB
AnonPages:        535556 kB
Mapped:           280108 kB
Shmem:              1556 kB
Slab:              45320 kB
SReclaimable:      14536 kB
SUnreclaim:        30784 kB
KernelStack:       11584 kB
PageTables:        25568 kB
NFS_Unstable:          0 kB
Bounce:                0 kB
WritebackTmp:          0 kB
CommitLimit:     1647288 kB
Committed_AS:   57074704 kB
VmallocTotal:     458752 kB
VmallocUsed:      115016 kB
VmallocChunk:     187396 kB
Time pass: 64 sec

---2015-11-19 19:35:53
MemTotal:        1860984 kB
MemFree:           30664 kB
Buffers:            7052 kB
Cached:           760324 kB
SwapCached:        14676 kB
Active:           586308 kB
Inactive:         722168 kB
Active(anon):     380280 kB
Inactive(anon):   163256 kB
Active(file):     206028 kB
Inactive(file):   558912 kB
Unevictable:         876 kB
Mlocked:               0 kB
HighTotal:       1436668 kB
HighFree:           4012 kB
LowTotal:         424316 kB
LowFree:           26652 kB
SwapTotal:        716796 kB
SwapFree:         585016 kB
Dirty:               344 kB
Writeback:             4 kB
AnonPages:        539512 kB
Mapped:           281472 kB
Shmem:              1556 kB
Slab:              45460 kB
SReclaimable:      14588 kB
SUnreclaim:        30872 kB
KernelStack:       11624 kB
PageTables:        25584 kB
NFS_Unstable:          0 kB
Bounce:                0 kB
WritebackTmp:          0 kB
CommitLimit:     1647288 kB
Committed_AS:   57082976 kB
VmallocTotal:     458752 kB
VmallocUsed:      115016 kB
VmallocChunk:     187396 kB
Time pass: 68 sec

---2015-11-19 19:35:53
MemTotal:        1860984 kB
MemFree:           35272 kB
Buffers:            6012 kB
Cached:           733548 kB
SwapCached:        14812 kB
Active:           591472 kB
Inactive:         695596 kB
Active(anon):     385356 kB
Inactive(anon):   164708 kB
Active(file):     206116 kB
Inactive(file):   530888 kB
Unevictable:         876 kB
Mlocked:               0 kB
HighTotal:       1436668 kB
HighFree:           9808 kB
LowTotal:         424316 kB
LowFree:           25464 kB
SwapTotal:        716796 kB
SwapFree:         585068 kB
Dirty:                 4 kB
Writeback:             0 kB
AnonPages:        545964 kB
Mapped:           280964 kB
Shmem:              1680 kB
Slab:              45632 kB
SReclaimable:      14588 kB
SUnreclaim:        31044 kB
KernelStack:       11776 kB
PageTables:        25748 kB
NFS_Unstable:          0 kB
Bounce:                0 kB
WritebackTmp:          0 kB
CommitLimit:     1647288 kB
Committed_AS:   57103076 kB
VmallocTotal:     458752 kB
VmallocUsed:      119416 kB
VmallocChunk:     187396 kB
Time pass: 72 sec

---2015-11-19 19:35:53
MemTotal:        1860984 kB
MemFree:           33484 kB
Buffers:            5684 kB
Cached:           703436 kB
SwapCached:        14816 kB
Active:           591844 kB
Inactive:         664528 kB
Active(anon):     385500 kB
Inactive(anon):   164364 kB
Active(file):     206344 kB
Inactive(file):   500164 kB
Unevictable:         876 kB
Mlocked:               0 kB
HighTotal:       1436668 kB
HighFree:           8424 kB
LowTotal:         424316 kB
LowFree:           25060 kB
SwapTotal:        716796 kB
SwapFree:         580884 kB
Dirty:                36 kB
Writeback:             0 kB
AnonPages:        545720 kB
Mapped:           281060 kB
Shmem:              1736 kB
Slab:              45776 kB
SReclaimable:      14628 kB
SUnreclaim:        31148 kB
KernelStack:       11792 kB
PageTables:        25944 kB
NFS_Unstable:          0 kB
Bounce:                0 kB
WritebackTmp:          0 kB
CommitLimit:     1647288 kB
Committed_AS:   57105964 kB
VmallocTotal:     458752 kB
VmallocUsed:      123256 kB
VmallocChunk:     187396 kB
Time pass: 76 sec

---2015-11-19 19:35:53
MemTotal:        1860984 kB
MemFree:           33204 kB
Buffers:            5684 kB
Cached:           703524 kB
SwapCached:        14812 kB
Active:           592024 kB
Inactive:         664624 kB
Active(anon):     385680 kB
Inactive(anon):   164460 kB
Active(file):     206344 kB
Inactive(file):   500164 kB
Unevictable:         876 kB
Mlocked:               0 kB
HighTotal:       1436668 kB
HighFree:           8052 kB
LowTotal:         424316 kB
LowFree:           25152 kB
SwapTotal:        716796 kB
SwapFree:         580896 kB
Dirty:                36 kB
Writeback:             0 kB
AnonPages:        545892 kB
Mapped:           281148 kB
Shmem:              1824 kB
Slab:              45756 kB
SReclaimable:      14636 kB
SUnreclaim:        31120 kB
KernelStack:       11760 kB
PageTables:        25940 kB
NFS_Unstable:          0 kB
Bounce:                0 kB
WritebackTmp:          0 kB
CommitLimit:     1647288 kB
Committed_AS:   57105792 kB
VmallocTotal:     458752 kB
VmallocUsed:      123256 kB
VmallocChunk:     187396 kB
Time pass: 80 sec

---2015-11-19 19:35:53
MemTotal:        1860984 kB
MemFree:           32692 kB
Buffers:            5692 kB
Cached:           703524 kB
SwapCached:        14820 kB
Active:           592184 kB
Inactive:         664632 kB
Active(anon):     385840 kB
Inactive(anon):   164468 kB
Active(file):     206344 kB
Inactive(file):   500164 kB
Unevictable:         876 kB
Mlocked:               0 kB
HighTotal:       1436668 kB
HighFree:           7628 kB
LowTotal:         424316 kB
LowFree:           25064 kB
SwapTotal:        716796 kB
SwapFree:         580896 kB
Dirty:                28 kB
Writeback:             0 kB
AnonPages:        546108 kB
Mapped:           281148 kB
Shmem:              1824 kB
Slab:              45860 kB
SReclaimable:      14636 kB
SUnreclaim:        31224 kB
KernelStack:       11760 kB
PageTables:        25944 kB
NFS_Unstable:          0 kB
Bounce:                0 kB
WritebackTmp:          0 kB
CommitLimit:     1647288 kB
Committed_AS:   57105760 kB
VmallocTotal:     458752 kB
VmallocUsed:      123256 kB
VmallocChunk:     187396 kB
Time pass: 83 sec

---2015-11-19 19:35:53
MemTotal:        1860984 kB
MemFree:          100872 kB
Buffers:            5708 kB
Cached:           706084 kB
SwapCached:        14848 kB
Active:           584832 kB
Inactive:         665212 kB
Active(anon):     378484 kB
Inactive(anon):   162284 kB
Active(file):     206348 kB
Inactive(file):   502928 kB
Unevictable:         876 kB
Mlocked:               0 kB
HighTotal:       1436668 kB
HighFree:          46524 kB
LowTotal:         424316 kB
LowFree:           54348 kB
SwapTotal:        716796 kB
SwapFree:         576912 kB
Dirty:                40 kB
Writeback:             0 kB
AnonPages:        536888 kB
Mapped:           280564 kB
Shmem:              1556 kB
Slab:              46024 kB
SReclaimable:      14660 kB
SUnreclaim:        31364 kB
KernelStack:       11616 kB
PageTables:        25596 kB
NFS_Unstable:          0 kB
Bounce:                0 kB
WritebackTmp:          0 kB
CommitLimit:     1647288 kB
Committed_AS:   57079980 kB
VmallocTotal:     458752 kB
VmallocUsed:      115612 kB
VmallocChunk:     187396 kB
Time pass: 87 sec

---2015-11-19 19:35:53
MemTotal:        1860984 kB
MemFree:          325444 kB
Buffers:            5748 kB
Cached:           706020 kB
SwapCached:        14864 kB
Active:           524768 kB
Inactive:         663676 kB
Active(anon):     316680 kB
Inactive(anon):   162292 kB
Active(file):     208088 kB
Inactive(file):   501384 kB
Unevictable:         876 kB
Mlocked:               0 kB
HighTotal:       1436668 kB
HighFree:         138092 kB
LowTotal:         424316 kB
LowFree:          187352 kB
SwapTotal:        716796 kB
SwapFree:         577348 kB
Dirty:                56 kB
Writeback:             0 kB
AnonPages:        475000 kB
Mapped:           203464 kB
Shmem:              1420 kB
Slab:              45600 kB
SReclaimable:      14616 kB
SUnreclaim:        30984 kB
KernelStack:       10888 kB
PageTables:        24180 kB
NFS_Unstable:          0 kB
Bounce:                0 kB
WritebackTmp:          0 kB
CommitLimit:     1647288 kB
Committed_AS:   55389524 kB
VmallocTotal:     458752 kB
VmallocUsed:      112744 kB
VmallocChunk:     187396 kB
Time pass: 91 sec

---2015-11-19 19:35:53
MemTotal:        1860984 kB
MemFree:          329912 kB
Buffers:            5748 kB
Cached:           706020 kB
SwapCached:        14668 kB
Active:           525232 kB
Inactive:         658324 kB
Active(anon):     317144 kB
Inactive(anon):   156940 kB
Active(file):     208088 kB
Inactive(file):   501384 kB
Unevictable:         876 kB
Mlocked:               0 kB
HighTotal:       1436668 kB
HighFree:         142056 kB
LowTotal:         424316 kB
LowFree:          187856 kB
SwapTotal:        716796 kB
SwapFree:         573352 kB
Dirty:                 0 kB
Writeback:             0 kB
AnonPages:        470292 kB
Mapped:           203464 kB
Shmem:              1420 kB
Slab:              45576 kB
SReclaimable:      14608 kB
SUnreclaim:        30968 kB
KernelStack:       10880 kB
PageTables:        24180 kB
NFS_Unstable:          0 kB
Bounce:                0 kB
WritebackTmp:          0 kB
CommitLimit:     1647288 kB
Committed_AS:   55389524 kB
VmallocTotal:     458752 kB
VmallocUsed:      112744 kB
VmallocChunk:     187396 kB
Time pass: 94 sec

---2015-11-19 19:35:53
MemTotal:        1860984 kB
MemFree:          329912 kB
Buffers:            5756 kB
Cached:           706020 kB
SwapCached:        14668 kB
Active:           525240 kB
Inactive:         658332 kB
Active(anon):     317152 kB
Inactive(anon):   156940 kB
Active(file):     208088 kB
Inactive(file):   501392 kB
Unevictable:         876 kB
Mlocked:               0 kB
HighTotal:       1436668 kB
HighFree:         142056 kB
LowTotal:         424316 kB
LowFree:          187856 kB
SwapTotal:        716796 kB
SwapFree:         573352 kB
Dirty:                24 kB
Writeback:             0 kB
AnonPages:        470304 kB
Mapped:           203464 kB
Shmem:              1420 kB
Slab:              45560 kB
SReclaimable:      14600 kB
SUnreclaim:        30960 kB
KernelStack:       10888 kB
PageTables:        24180 kB
NFS_Unstable:          0 kB
Bounce:                0 kB
WritebackTmp:          0 kB
CommitLimit:     1647288 kB
Committed_AS:   55389524 kB
VmallocTotal:     458752 kB
VmallocUsed:      112744 kB
VmallocChunk:     187396 kB
Time pass: 98 sec

---2015-11-19 19:35:53
MemTotal:        1860984 kB
MemFree:          329920 kB
Buffers:            5756 kB
Cached:           706020 kB
SwapCached:        14660 kB
Active:           525256 kB
Inactive:         658340 kB
Active(anon):     317168 kB
Inactive(anon):   156948 kB
Active(file):     208088 kB
Inactive(file):   501392 kB
Unevictable:         876 kB
Mlocked:               0 kB
HighTotal:       1436668 kB
HighFree:         142056 kB
LowTotal:         424316 kB
LowFree:          187864 kB
SwapTotal:        716796 kB
SwapFree:         573368 kB
Dirty:                 0 kB
Writeback:             0 kB
AnonPages:        470336 kB
Mapped:           203464 kB
Shmem:              1420 kB
Slab:              45556 kB
SReclaimable:      14600 kB
SUnreclaim:        30956 kB
KernelStack:       10880 kB
PageTables:        24180 kB
NFS_Unstable:          0 kB
Bounce:                0 kB
WritebackTmp:          0 kB
CommitLimit:     1647288 kB
Committed_AS:   55389516 kB
VmallocTotal:     458752 kB
VmallocUsed:      112744 kB
VmallocChunk:     187396 kB
Time pass: 105 sec

---2015-11-19 19:35:53
MemTotal:        1860984 kB
MemFree:          333028 kB
Buffers:            5756 kB
Cached:           706020 kB
SwapCached:        14140 kB
Active:           531160 kB
Inactive:         648312 kB
Active(anon):     323072 kB
Inactive(anon):   146920 kB
Active(file):     208088 kB
Inactive(file):   501392 kB
Unevictable:         876 kB
Mlocked:               0 kB
HighTotal:       1436668 kB
HighFree:         145032 kB
LowTotal:         424316 kB
LowFree:          187996 kB
SwapTotal:        716796 kB
SwapFree:         569772 kB
Dirty:                 0 kB
Writeback:             0 kB
AnonPages:        466764 kB
Mapped:           203464 kB
Shmem:              1420 kB
Slab:              45548 kB
SReclaimable:      14592 kB
SUnreclaim:        30956 kB
KernelStack:       10880 kB
PageTables:        24180 kB
NFS_Unstable:          0 kB
Bounce:                0 kB
WritebackTmp:          0 kB
CommitLimit:     1647288 kB
Committed_AS:   55389500 kB
VmallocTotal:     458752 kB
VmallocUsed:      112744 kB
VmallocChunk:     187396 kB
Time pass: 109 sec

---2015-11-19 19:35:53
MemTotal:        1860984 kB
MemFree:          333028 kB
Buffers:            5756 kB
Cached:           706020 kB
SwapCached:        14144 kB
Active:           531172 kB
Inactive:         648316 kB
Active(anon):     323084 kB
Inactive(anon):   146924 kB
Active(file):     208088 kB
Inactive(file):   501392 kB
Unevictable:         876 kB
Mlocked:               0 kB
HighTotal:       1436668 kB
HighFree:         145032 kB
LowTotal:         424316 kB
LowFree:          187996 kB
SwapTotal:        716796 kB
SwapFree:         569772 kB
Dirty:                 0 kB
Writeback:             0 kB
AnonPages:        466784 kB
Mapped:           203464 kB
Shmem:              1420 kB
Slab:              45548 kB
SReclaimable:      14592 kB
SUnreclaim:        30956 kB
KernelStack:       10880 kB
PageTables:        24180 kB
NFS_Unstable:          0 kB
Bounce:                0 kB
WritebackTmp:          0 kB
CommitLimit:     1647288 kB
Committed_AS:   55389500 kB
VmallocTotal:     458752 kB
VmallocUsed:      112744 kB
VmallocChunk:     187396 kB
Time pass: 113 sec

---2015-11-19 19:35:53
MemTotal:        1860984 kB
MemFree:          335472 kB
Buffers:            5756 kB
Cached:           706020 kB
SwapCached:        14140 kB
Active:           530056 kB
Inactive:         645348 kB
Active(anon):     321968 kB
Inactive(anon):   143956 kB
Active(file):     208088 kB
Inactive(file):   501392 kB
Unevictable:         876 kB
Mlocked:               0 kB
HighTotal:       1436668 kB
HighFree:         147636 kB
LowTotal:         424316 kB
LowFree:          187836 kB
SwapTotal:        716796 kB
SwapFree:         565628 kB
Dirty:                 0 kB
Writeback:             0 kB
AnonPages:        462656 kB
Mapped:           203464 kB
Shmem:              1420 kB
Slab:              45548 kB
SReclaimable:      14592 kB
SUnreclaim:        30956 kB
KernelStack:       10880 kB
PageTables:        24180 kB
NFS_Unstable:          0 kB
Bounce:                0 kB
WritebackTmp:          0 kB
CommitLimit:     1647288 kB
Committed_AS:   55389500 kB
VmallocTotal:     458752 kB
VmallocUsed:      112744 kB
VmallocChunk:     187396 kB
Time pass: 116 sec

---2015-11-19 19:35:53
MemTotal:        1860984 kB
MemFree:          315108 kB
Buffers:            5968 kB
Cached:           706280 kB
SwapCached:        14760 kB
Active:           541684 kB
Inactive:         645992 kB
Active(anon):     333328 kB
Inactive(anon):   144488 kB
Active(file):     208356 kB
Inactive(file):   501504 kB
Unevictable:         876 kB
Mlocked:               0 kB
HighTotal:       1436668 kB
HighFree:         127332 kB
LowTotal:         424316 kB
LowFree:          187776 kB
SwapTotal:        716796 kB
SwapFree:         565636 kB
Dirty:               700 kB
Writeback:             0 kB
AnonPages:        474252 kB
Mapped:           219828 kB
Shmem:              1420 kB
Slab:              45600 kB
SReclaimable:      14584 kB
SUnreclaim:        31016 kB
KernelStack:       11056 kB
PageTables:        24748 kB
NFS_Unstable:          0 kB
Bounce:                0 kB
WritebackTmp:          0 kB
CommitLimit:     1647288 kB
Committed_AS:   56235096 kB
VmallocTotal:     458752 kB
VmallocUsed:      113868 kB
VmallocChunk:     187396 kB
Time pass: 120 sec

---2015-11-19 19:35:53
MemTotal:        1860984 kB
MemFree:          245552 kB
Buffers:            6008 kB
Cached:           707140 kB
SwapCached:        14940 kB
Active:           561060 kB
Inactive:         645892 kB
Active(anon):     351236 kB
Inactive(anon):   145000 kB
Active(file):     209824 kB
Inactive(file):   500892 kB
Unevictable:         876 kB
Mlocked:               0 kB
HighTotal:       1436668 kB
HighFree:          87856 kB
LowTotal:         424316 kB
LowFree:          157696 kB
SwapTotal:        716796 kB
SwapFree:         565748 kB
Dirty:              1604 kB
Writeback:             0 kB
AnonPages:        492228 kB
Mapped:           228872 kB
Shmem:              1556 kB
Slab:              45672 kB
SReclaimable:      14644 kB
SUnreclaim:        31028 kB
KernelStack:       11512 kB
PageTables:        25008 kB
NFS_Unstable:          0 kB
Bounce:                0 kB
WritebackTmp:          0 kB
CommitLimit:     1647288 kB
Committed_AS:   56255240 kB
VmallocTotal:     458752 kB
VmallocUsed:      113980 kB
VmallocChunk:     187396 kB
Time pass: 123 sec

---2015-11-19 19:35:53
MemTotal:        1860984 kB
MemFree:          195728 kB
Buffers:            6016 kB
Cached:           707540 kB
SwapCached:        14940 kB
Active:           569488 kB
Inactive:         645980 kB
Active(anon):     359340 kB
Inactive(anon):   145004 kB
Active(file):     210148 kB
Inactive(file):   500976 kB
Unevictable:         876 kB
Mlocked:               0 kB
HighTotal:       1436668 kB
HighFree:          51656 kB
LowTotal:         424316 kB
LowFree:          144072 kB
SwapTotal:        716796 kB
SwapFree:         565752 kB
Dirty:              1244 kB
Writeback:             0 kB
AnonPages:        500300 kB
Mapped:           233268 kB
Shmem:              1556 kB
Slab:              45668 kB
SReclaimable:      14620 kB
SUnreclaim:        31048 kB
KernelStack:       11456 kB
PageTables:        25088 kB
NFS_Unstable:          0 kB
Bounce:                0 kB
WritebackTmp:          0 kB
CommitLimit:     1647288 kB
Committed_AS:   56263132 kB
VmallocTotal:     458752 kB
VmallocUsed:      114196 kB
VmallocChunk:     187396 kB
Time pass: 127 sec

---2015-11-19 19:35:53
MemTotal:        1860984 kB
MemFree:          155504 kB
Buffers:            6016 kB
Cached:           709252 kB
SwapCached:        14888 kB
Active:           571556 kB
Inactive:         642812 kB
Active(anon):     358044 kB
Inactive(anon):   143488 kB
Active(file):     213512 kB
Inactive(file):   499324 kB
Unevictable:         876 kB
Mlocked:               0 kB
HighTotal:       1436668 kB
HighFree:          46744 kB
LowTotal:         424316 kB
LowFree:          108760 kB
SwapTotal:        716796 kB
SwapFree:         561624 kB
Dirty:                 0 kB
Writeback:             0 kB
AnonPages:        497524 kB
Mapped:           238544 kB
Shmem:              1556 kB
Slab:              45660 kB
SReclaimable:      14624 kB
SUnreclaim:        31036 kB
KernelStack:       11416 kB
PageTables:        25180 kB
NFS_Unstable:          0 kB
Bounce:                0 kB
WritebackTmp:          0 kB
CommitLimit:     1647288 kB
Committed_AS:   56264328 kB
VmallocTotal:     458752 kB
VmallocUsed:      114388 kB
VmallocChunk:     187396 kB
Time pass: 130 sec

---2015-11-19 19:35:53
MemTotal:        1860984 kB
MemFree:          139752 kB
Buffers:            6024 kB
Cached:           709592 kB
SwapCached:        14888 kB
Active:           573664 kB
Inactive:         642576 kB
Active(anon):     359564 kB
Inactive(anon):   143492 kB
Active(file):     214100 kB
Inactive(file):   499084 kB
Unevictable:         876 kB
Mlocked:               0 kB
HighTotal:       1436668 kB
HighFree:          43704 kB
LowTotal:         424316 kB
LowFree:           96048 kB
SwapTotal:        716796 kB
SwapFree:         561624 kB
Dirty:               408 kB
Writeback:             0 kB
AnonPages:        499040 kB
Mapped:           240688 kB
Shmem:              1556 kB
Slab:              45728 kB
SReclaimable:      14624 kB
SUnreclaim:        31104 kB
KernelStack:       11416 kB
PageTables:        25208 kB
NFS_Unstable:          0 kB
Bounce:                0 kB
WritebackTmp:          0 kB
CommitLimit:     1647288 kB
Committed_AS:   56265744 kB
VmallocTotal:     458752 kB
VmallocUsed:      114428 kB
VmallocChunk:     187396 kB
Time pass: 134 sec

---2015-11-19 19:35:53
MemTotal:        1860984 kB
MemFree:          153932 kB
Buffers:            6032 kB
Cached:           709572 kB
SwapCached:        14900 kB
Active:           580948 kB
Inactive:         642232 kB
Active(anon):     366848 kB
Inactive(anon):   143148 kB
Active(file):     214100 kB
Inactive(file):   499084 kB
Unevictable:         876 kB
Mlocked:               0 kB
HighTotal:       1436668 kB
HighFree:          40032 kB
LowTotal:         424316 kB
LowFree:          113900 kB
SwapTotal:        716796 kB
SwapFree:         557560 kB
Dirty:               424 kB
Writeback:             0 kB
AnonPages:        506260 kB
Mapped:           238964 kB
Shmem:              1556 kB
Slab:              45784 kB
SReclaimable:      14680 kB
SUnreclaim:        31104 kB
KernelStack:       11416 kB
PageTables:        25096 kB
NFS_Unstable:          0 kB
Bounce:                0 kB
WritebackTmp:          0 kB
CommitLimit:     1647288 kB
Committed_AS:   56276464 kB
VmallocTotal:     458752 kB
VmallocUsed:      114424 kB
VmallocChunk:     187396 kB
Time pass: 137 sec

---2015-11-19 19:35:53
MemTotal:        1860984 kB
MemFree:          126480 kB
Buffers:            6032 kB
Cached:           709604 kB
SwapCached:        14912 kB
Active:           575416 kB
Inactive:         642312 kB
Active(anon):     361308 kB
Inactive(anon):   143216 kB
Active(file):     214108 kB
Inactive(file):   499096 kB
Unevictable:         876 kB
Mlocked:               0 kB
HighTotal:       1436668 kB
HighFree:          39748 kB
LowTotal:         424316 kB
LowFree:           86732 kB
SwapTotal:        716796 kB
SwapFree:         557572 kB
Dirty:               560 kB
Writeback:             0 kB
AnonPages:        500540 kB
Mapped:           242468 kB
Shmem:              1556 kB
Slab:              45608 kB
SReclaimable:      14632 kB
SUnreclaim:        30976 kB
KernelStack:       11416 kB
PageTables:        25244 kB
NFS_Unstable:          0 kB
Bounce:                0 kB
WritebackTmp:          0 kB
CommitLimit:     1647288 kB
Committed_AS:   56270572 kB
VmallocTotal:     458752 kB
VmallocUsed:      114512 kB
VmallocChunk:     187396 kB
Time pass: 141 sec

---2015-11-19 19:35:53
MemTotal:        1860984 kB
MemFree:          126416 kB
Buffers:            6040 kB
Cached:           709604 kB
SwapCached:        14912 kB
Active:           575432 kB
Inactive:         642312 kB
Active(anon):     361324 kB
Inactive(anon):   143216 kB
Active(file):     214108 kB
Inactive(file):   499096 kB
Unevictable:         876 kB
Mlocked:               0 kB
HighTotal:       1436668 kB
HighFree:          39748 kB
LowTotal:         424316 kB
LowFree:           86668 kB
SwapTotal:        716796 kB
SwapFree:         557572 kB
Dirty:                48 kB
Writeback:             0 kB
AnonPages:        500544 kB
Mapped:           242468 kB
Shmem:              1556 kB
Slab:              45676 kB
SReclaimable:      14632 kB
SUnreclaim:        31044 kB
KernelStack:       11416 kB
PageTables:        25244 kB
NFS_Unstable:          0 kB
Bounce:                0 kB
WritebackTmp:          0 kB
CommitLimit:     1647288 kB
Committed_AS:   56270572 kB
VmallocTotal:     458752 kB
VmallocUsed:      114512 kB
VmallocChunk:     187396 kB
Time pass: 144 sec

---2015-11-19 19:35:53
MemTotal:        1860984 kB
MemFree:          125348 kB
Buffers:            6040 kB
Cached:           709600 kB
SwapCached:        14916 kB
Active:           575680 kB
Inactive:         642332 kB
Active(anon):     361572 kB
Inactive(anon):   143228 kB
Active(file):     214108 kB
Inactive(file):   499104 kB
Unevictable:         876 kB
Mlocked:               0 kB
HighTotal:       1436668 kB
HighFree:          39120 kB
LowTotal:         424316 kB
LowFree:           86228 kB
SwapTotal:        716796 kB
SwapFree:         557588 kB
Dirty:                 8 kB
Writeback:             0 kB
AnonPages:        500980 kB
Mapped:           242212 kB
Shmem:              1556 kB
Slab:              45676 kB
SReclaimable:      14632 kB
SUnreclaim:        31044 kB
KernelStack:       11416 kB
PageTables:        25244 kB
NFS_Unstable:          0 kB
Bounce:                0 kB
WritebackTmp:          0 kB
CommitLimit:     1647288 kB
Committed_AS:   56270924 kB
VmallocTotal:     458752 kB
VmallocUsed:      114512 kB
VmallocChunk:     187396 kB
Time pass: 148 sec

---2015-11-19 19:35:53
MemTotal:        1860984 kB
MemFree:          107968 kB
Buffers:            6056 kB
Cached:           709728 kB
SwapCached:        14916 kB
Active:           581472 kB
Inactive:         641960 kB
Active(anon):     367236 kB
Inactive(anon):   142964 kB
Active(file):     214236 kB
Inactive(file):   498996 kB
Unevictable:         876 kB
Mlocked:               0 kB
HighTotal:       1436668 kB
HighFree:          38064 kB
LowTotal:         424316 kB
LowFree:           69904 kB
SwapTotal:        716796 kB
SwapFree:         553452 kB
Dirty:                48 kB
Writeback:             0 kB
AnonPages:        506432 kB
Mapped:           244668 kB
Shmem:              1676 kB
Slab:              45752 kB
SReclaimable:      14616 kB
SUnreclaim:        31136 kB
KernelStack:       11752 kB
PageTables:        25416 kB
NFS_Unstable:          0 kB
Bounce:                0 kB
WritebackTmp:          0 kB
CommitLimit:     1647288 kB
Committed_AS:   56301124 kB
VmallocTotal:     458752 kB
VmallocUsed:      118316 kB
VmallocChunk:     187396 kB
Time pass: 151 sec

---2015-11-19 19:35:53
MemTotal:        1860984 kB
MemFree:           95732 kB
Buffers:            6088 kB
Cached:           709780 kB
SwapCached:        14916 kB
Active:           588200 kB
Inactive:         642048 kB
Active(anon):     373960 kB
Inactive(anon):   143020 kB
Active(file):     214240 kB
Inactive(file):   499028 kB
Unevictable:         876 kB
Mlocked:               0 kB
HighTotal:       1436668 kB
HighFree:          31612 kB
LowTotal:         424316 kB
LowFree:           64120 kB
SwapTotal:        716796 kB
SwapFree:         553460 kB
Dirty:                48 kB
Writeback:             0 kB
AnonPages:        512896 kB
Mapped:           243284 kB
Shmem:              1724 kB
Slab:              45808 kB
SReclaimable:      14664 kB
SUnreclaim:        31144 kB
KernelStack:       11704 kB
PageTables:        25464 kB
NFS_Unstable:          0 kB
Bounce:                0 kB
WritebackTmp:          0 kB
CommitLimit:     1647288 kB
Committed_AS:   56307396 kB
VmallocTotal:     458752 kB
VmallocUsed:      119116 kB
VmallocChunk:     187396 kB
Time pass: 155 sec

---2015-11-19 19:35:53
MemTotal:        1860984 kB
MemFree:           95572 kB
Buffers:            6104 kB
Cached:           709852 kB
SwapCached:        14916 kB
Active:           586992 kB
Inactive:         641732 kB
Active(anon):     372752 kB
Inactive(anon):   142688 kB
Active(file):     214240 kB
Inactive(file):   499044 kB
Unevictable:         876 kB
Mlocked:               0 kB
HighTotal:       1436668 kB
HighFree:          31392 kB
LowTotal:         424316 kB
LowFree:           64180 kB
SwapTotal:        716796 kB
SwapFree:         549272 kB
Dirty:                 0 kB
Writeback:             0 kB
AnonPages:        511304 kB
Mapped:           243380 kB
Shmem:              1796 kB
Slab:              45924 kB
SReclaimable:      14700 kB
SUnreclaim:        31224 kB
KernelStack:       11760 kB
PageTables:        25484 kB
NFS_Unstable:          0 kB
Bounce:                0 kB
WritebackTmp:          0 kB
CommitLimit:     1647288 kB
Committed_AS:   56309652 kB
VmallocTotal:     458752 kB
VmallocUsed:      119116 kB
VmallocChunk:     187396 kB
Time pass: 159 sec

---2015-11-19 19:35:53
MemTotal:        1860984 kB
MemFree:           94384 kB
Buffers:            6128 kB
Cached:           709888 kB
SwapCached:        14916 kB
Active:           587516 kB
Inactive:         641808 kB
Active(anon):     373276 kB
Inactive(anon):   142748 kB
Active(file):     214240 kB
Inactive(file):   499060 kB
Unevictable:         876 kB
Mlocked:               0 kB
HighTotal:       1436668 kB
HighFree:          30040 kB
LowTotal:         424316 kB
LowFree:           64344 kB
SwapTotal:        716796 kB
SwapFree:         549272 kB
Dirty:                 0 kB
Writeback:             0 kB
AnonPages:        511916 kB
Mapped:           243424 kB
Shmem:              1840 kB
Slab:              45932 kB
SReclaimable:      14688 kB
SUnreclaim:        31244 kB
KernelStack:       11712 kB
PageTables:        25488 kB
NFS_Unstable:          0 kB
Bounce:                0 kB
WritebackTmp:          0 kB
CommitLimit:     1647288 kB
Committed_AS:   56310068 kB
VmallocTotal:     458752 kB
VmallocUsed:      119116 kB
VmallocChunk:     187396 kB
Time pass: 166 sec

---2015-11-19 19:35:53
MemTotal:        1860984 kB
MemFree:           94512 kB
Buffers:            6144 kB
Cached:           709896 kB
SwapCached:        14908 kB
Active:           587708 kB
Inactive:         641860 kB
Active(anon):     373468 kB
Inactive(anon):   142768 kB
Active(file):     214240 kB
Inactive(file):   499092 kB
Unevictable:         876 kB
Mlocked:               0 kB
HighTotal:       1436668 kB
HighFree:          30180 kB
LowTotal:         424316 kB
LowFree:           64332 kB
SwapTotal:        716796 kB
SwapFree:         549292 kB
Dirty:                36 kB
Writeback:             0 kB
AnonPages:        511996 kB
Mapped:           243424 kB
Shmem:              1840 kB
Slab:              45940 kB
SReclaimable:      14688 kB
SUnreclaim:        31252 kB
KernelStack:       11768 kB
PageTables:        25488 kB
NFS_Unstable:          0 kB
Bounce:                0 kB
WritebackTmp:          0 kB
CommitLimit:     1647288 kB
Committed_AS:   56310144 kB
VmallocTotal:     458752 kB
VmallocUsed:      119116 kB
VmallocChunk:     187396 kB
Time pass: 169 sec

---2015-11-19 19:35:53
MemTotal:        1860984 kB
MemFree:           96860 kB
Buffers:            6144 kB
Cached:           709896 kB
SwapCached:        14912 kB
Active:           583984 kB
Inactive:         641472 kB
Active(anon):     369744 kB
Inactive(anon):   142388 kB
Active(file):     214240 kB
Inactive(file):   499084 kB
Unevictable:         876 kB
Mlocked:               0 kB
HighTotal:       1436668 kB
HighFree:          32012 kB
LowTotal:         424316 kB
LowFree:           64848 kB
SwapTotal:        716796 kB
SwapFree:         545164 kB
Dirty:                 4 kB
Writeback:             0 kB
AnonPages:        507928 kB
Mapped:           243424 kB
Shmem:              1840 kB
Slab:              45924 kB
SReclaimable:      14688 kB
SUnreclaim:        31236 kB
KernelStack:       11744 kB
PageTables:        25488 kB
NFS_Unstable:          0 kB
Bounce:                0 kB
WritebackTmp:          0 kB
CommitLimit:     1647288 kB
Committed_AS:   56310064 kB
VmallocTotal:     458752 kB
VmallocUsed:      119116 kB
VmallocChunk:     187396 kB
Time pass: 173 sec

---2015-11-19 19:35:53
MemTotal:        1860984 kB
MemFree:           96556 kB
Buffers:            6168 kB
Cached:           709880 kB
SwapCached:        14916 kB
Active:           583912 kB
Inactive:         641488 kB
Active(anon):     369672 kB
Inactive(anon):   142396 kB
Active(file):     214240 kB
Inactive(file):   499092 kB
Unevictable:         876 kB
Mlocked:               0 kB
HighTotal:       1436668 kB
HighFree:          31764 kB
LowTotal:         424316 kB
LowFree:           64792 kB
SwapTotal:        716796 kB
SwapFree:         545172 kB
Dirty:                32 kB
Writeback:             0 kB
AnonPages:        507784 kB
Mapped:           243424 kB
Shmem:              1840 kB
Slab:              45968 kB
SReclaimable:      14688 kB
SUnreclaim:        31280 kB
KernelStack:       11712 kB
PageTables:        25488 kB
NFS_Unstable:          0 kB
Bounce:                0 kB
WritebackTmp:          0 kB
CommitLimit:     1647288 kB
Committed_AS:   56310012 kB
VmallocTotal:     458752 kB
VmallocUsed:      119116 kB
VmallocChunk:     187396 kB
Time pass: 176 sec

---2015-11-19 19:35:53
MemTotal:        1860984 kB
MemFree:           97488 kB
Buffers:            6168 kB
Cached:           709896 kB
SwapCached:        14936 kB
Active:           582320 kB
Inactive:         640924 kB
Active(anon):     368080 kB
Inactive(anon):   141816 kB
Active(file):     214240 kB
Inactive(file):   499108 kB
Unevictable:         876 kB
Mlocked:               0 kB
HighTotal:       1436668 kB
HighFree:          31860 kB
LowTotal:         424316 kB
LowFree:           65628 kB
SwapTotal:        716796 kB
SwapFree:         542712 kB
Dirty:                 0 kB
Writeback:             0 kB
AnonPages:        505808 kB
Mapped:           243444 kB
Shmem:              1840 kB
Slab:              45888 kB
SReclaimable:      14708 kB
SUnreclaim:        31180 kB
KernelStack:       11664 kB
PageTables:        25492 kB
NFS_Unstable:          0 kB
Bounce:                0 kB
WritebackTmp:          0 kB
CommitLimit:     1647288 kB
Committed_AS:   56310252 kB
VmallocTotal:     458752 kB
VmallocUsed:      119116 kB
VmallocChunk:     187396 kB
Time pass: 180 sec

---2015-11-19 19:35:53
MemTotal:        1860984 kB
MemFree:           97588 kB
Buffers:            6176 kB
Cached:           709988 kB
SwapCached:        14932 kB
Active:           580552 kB
Inactive:         641232 kB
Active(anon):     366312 kB
Inactive(anon):   142088 kB
Active(file):     214240 kB
Inactive(file):   499144 kB
Unevictable:         876 kB
Mlocked:               0 kB
HighTotal:       1436668 kB
HighFree:          32016 kB
LowTotal:         424316 kB
LowFree:           65572 kB
SwapTotal:        716796 kB
SwapFree:         541088 kB
Dirty:                28 kB
Writeback:             0 kB
AnonPages:        504208 kB
Mapped:           243456 kB
Shmem:              1840 kB
Slab:              46036 kB
SReclaimable:      14756 kB
SUnreclaim:        31280 kB
KernelStack:       11680 kB
PageTables:        25488 kB
NFS_Unstable:          0 kB
Bounce:                0 kB
WritebackTmp:          0 kB
CommitLimit:     1647288 kB
Committed_AS:   56310060 kB
VmallocTotal:     458752 kB
VmallocUsed:      119140 kB
VmallocChunk:     187396 kB
Time pass: 183 sec

---2015-11-19 19:35:53
MemTotal:        1860984 kB
MemFree:           99448 kB
Buffers:            6192 kB
Cached:           710024 kB
SwapCached:        14928 kB
Active:           577892 kB
Inactive:         640848 kB
Active(anon):     363652 kB
Inactive(anon):   141624 kB
Active(file):     214240 kB
Inactive(file):   499224 kB
Unevictable:         876 kB
Mlocked:               0 kB
HighTotal:       1436668 kB
HighFree:          33528 kB
LowTotal:         424316 kB
LowFree:           65920 kB
SwapTotal:        716796 kB
SwapFree:         537892 kB
Dirty:                40 kB
Writeback:             0 kB
AnonPages:        501140 kB
Mapped:           243492 kB
Shmem:              1876 kB
Slab:              46028 kB
SReclaimable:      14820 kB
SUnreclaim:        31208 kB
KernelStack:       11640 kB
PageTables:        25488 kB
NFS_Unstable:          0 kB
Bounce:                0 kB
WritebackTmp:          0 kB
CommitLimit:     1647288 kB
Committed_AS:   56310080 kB
VmallocTotal:     458752 kB
VmallocUsed:      119140 kB
VmallocChunk:     187396 kB
Time pass: 187 sec

---2015-11-19 19:35:53
MemTotal:        1860984 kB
MemFree:          100164 kB
Buffers:            6200 kB
Cached:           710048 kB
SwapCached:        14924 kB
Active:           577964 kB
Inactive:         641152 kB
Active(anon):     363724 kB
Inactive(anon):   141920 kB
Active(file):     214240 kB
Inactive(file):   499232 kB
Unevictable:         876 kB
Mlocked:               0 kB
HighTotal:       1436668 kB
HighFree:          33368 kB
LowTotal:         424316 kB
LowFree:           66796 kB
SwapTotal:        716796 kB
SwapFree:         537020 kB
Dirty:                28 kB
Writeback:             0 kB
AnonPages:        501396 kB
Mapped:           243476 kB
Shmem:              1900 kB
Slab:              46072 kB
SReclaimable:      14804 kB
SUnreclaim:        31268 kB
KernelStack:       11640 kB
PageTables:        25476 kB
NFS_Unstable:          0 kB
Bounce:                0 kB
WritebackTmp:          0 kB
CommitLimit:     1647288 kB
Committed_AS:   56311292 kB
VmallocTotal:     458752 kB
VmallocUsed:      119140 kB
VmallocChunk:     187396 kB
Time pass: 190 sec

---2015-11-19 19:35:53
MemTotal:        1860984 kB
MemFree:          101804 kB
Buffers:            6216 kB
Cached:           710072 kB
SwapCached:        14928 kB
Active:           574416 kB
Inactive:         640952 kB
Active(anon):     360176 kB
Inactive(anon):   141704 kB
Active(file):     214240 kB
Inactive(file):   499248 kB
Unevictable:         876 kB
Mlocked:               0 kB
HighTotal:       1436668 kB
HighFree:          34432 kB
LowTotal:         424316 kB
LowFree:           67372 kB
SwapTotal:        716796 kB
SwapFree:         532872 kB
Dirty:                 0 kB
Writeback:             0 kB
AnonPages:        497552 kB
Mapped:           243540 kB
Shmem:              1924 kB
Slab:              46024 kB
SReclaimable:      14784 kB
SUnreclaim:        31240 kB
KernelStack:       11648 kB
PageTables:        25492 kB
NFS_Unstable:          0 kB
Bounce:                0 kB
WritebackTmp:          0 kB
CommitLimit:     1647288 kB
Committed_AS:   56311304 kB
VmallocTotal:     458752 kB
VmallocUsed:      119140 kB
VmallocChunk:     187396 kB
Time pass: 195 sec

---2015-11-19 19:35:53
MemTotal:        1860984 kB
MemFree:          100500 kB
Buffers:            6224 kB
Cached:           710076 kB
SwapCached:        14928 kB
Active:           574432 kB
Inactive:         640948 kB
Active(anon):     360192 kB
Inactive(anon):   141700 kB
Active(file):     214240 kB
Inactive(file):   499248 kB
Unevictable:         876 kB
Mlocked:               0 kB
HighTotal:       1436668 kB
HighFree:          33564 kB
LowTotal:         424316 kB
LowFree:           66936 kB
SwapTotal:        716796 kB
SwapFree:         532872 kB
Dirty:                28 kB
Writeback:             0 kB
AnonPages:        497588 kB
Mapped:           243580 kB
Shmem:              1928 kB
Slab:              46072 kB
SReclaimable:      14784 kB
SUnreclaim:        31288 kB
KernelStack:       11680 kB
PageTables:        25492 kB
NFS_Unstable:          0 kB
Bounce:                0 kB
WritebackTmp:          0 kB
CommitLimit:     1647288 kB
Committed_AS:   56311380 kB
VmallocTotal:     458752 kB
VmallocUsed:      119140 kB
VmallocChunk:     187396 kB
Time pass: 199 sec

---2015-11-19 19:35:53
MemTotal:        1860984 kB
MemFree:          103808 kB
Buffers:            6240 kB
Cached:           710072 kB
SwapCached:        14932 kB
Active:           570668 kB
Inactive:         640724 kB
Active(anon):     356428 kB
Inactive(anon):   141452 kB
Active(file):     214240 kB
Inactive(file):   499272 kB
Unevictable:         876 kB
Mlocked:               0 kB
HighTotal:       1436668 kB
HighFree:          36788 kB
LowTotal:         424316 kB
LowFree:           67020 kB
SwapTotal:        716796 kB
SwapFree:         528660 kB
Dirty:                36 kB
Writeback:             0 kB
AnonPages:        493640 kB
Mapped:           243580 kB
Shmem:              1928 kB
Slab:              46132 kB
SReclaimable:      14816 kB
SUnreclaim:        31316 kB
KernelStack:       11680 kB
PageTables:        25492 kB
NFS_Unstable:          0 kB
Bounce:                0 kB
WritebackTmp:          0 kB
CommitLimit:     1647288 kB
Committed_AS:   56311480 kB
VmallocTotal:     458752 kB
VmallocUsed:      119140 kB
VmallocChunk:     187396 kB
Time pass: 202 sec

---2015-11-19 19:35:53
MemTotal:        1860984 kB
MemFree:          104316 kB
Buffers:            6248 kB
Cached:           710068 kB
SwapCached:        14932 kB
Active:           570668 kB
Inactive:         640732 kB
Active(anon):     356428 kB
Inactive(anon):   141460 kB
Active(file):     214240 kB
Inactive(file):   499272 kB
Unevictable:         876 kB
Mlocked:               0 kB
HighTotal:       1436668 kB
HighFree:          37284 kB
LowTotal:         424316 kB
LowFree:           67032 kB
SwapTotal:        716796 kB
SwapFree:         528660 kB
Dirty:                 0 kB
Writeback:             0 kB
AnonPages:        493528 kB
Mapped:           243580 kB
Shmem:              1928 kB
Slab:              45992 kB
SReclaimable:      14816 kB
SUnreclaim:        31176 kB
KernelStack:       11688 kB
PageTables:        25492 kB
NFS_Unstable:          0 kB
Bounce:                0 kB
WritebackTmp:          0 kB
CommitLimit:     1647288 kB
Committed_AS:   56311484 kB
VmallocTotal:     458752 kB
VmallocUsed:      119140 kB
VmallocChunk:     187396 kB
Time pass: 206 sec

---2015-11-19 19:35:53
MemTotal:        1860984 kB
MemFree:          108448 kB
Buffers:            6264 kB
Cached:           710068 kB
SwapCached:        14932 kB
Active:           566860 kB
Inactive:         640504 kB
Active(anon):     352612 kB
Inactive(anon):   141216 kB
Active(file):     214248 kB
Inactive(file):   499288 kB
Unevictable:         876 kB
Mlocked:               0 kB
HighTotal:       1436668 kB
HighFree:          40672 kB
LowTotal:         424316 kB
LowFree:           67776 kB
SwapTotal:        716796 kB
SwapFree:         524452 kB
Dirty:                28 kB
Writeback:             0 kB
AnonPages:        489564 kB
Mapped:           243580 kB
Shmem:              1928 kB
Slab:              46060 kB
SReclaimable:      14808 kB
SUnreclaim:        31252 kB
KernelStack:       11696 kB
PageTables:        25496 kB
NFS_Unstable:          0 kB
Bounce:                0 kB
WritebackTmp:          0 kB
CommitLimit:     1647288 kB
Committed_AS:   56311572 kB
VmallocTotal:     458752 kB
VmallocUsed:      119140 kB
VmallocChunk:     187396 kB
Time pass: 209 sec

---2015-11-19 19:35:53
MemTotal:        1860984 kB
MemFree:          106816 kB
Buffers:            6272 kB
Cached:           710104 kB
SwapCached:        14940 kB
Active:           568812 kB
Inactive:         640568 kB
Active(anon):     354564 kB
Inactive(anon):   141244 kB
Active(file):     214248 kB
Inactive(file):   499324 kB
Unevictable:         876 kB
Mlocked:               0 kB
HighTotal:       1436668 kB
HighFree:          38696 kB
LowTotal:         424316 kB
LowFree:           68120 kB
SwapTotal:        716796 kB
SwapFree:         524476 kB
Dirty:                 0 kB
Writeback:             0 kB
AnonPages:        491464 kB
Mapped:           243788 kB
Shmem:              1928 kB
Slab:              46112 kB
SReclaimable:      14808 kB
SUnreclaim:        31304 kB
KernelStack:       11824 kB
PageTables:        25780 kB
NFS_Unstable:          0 kB
Bounce:                0 kB
WritebackTmp:          0 kB
CommitLimit:     1647288 kB
Committed_AS:   57100336 kB
VmallocTotal:     458752 kB
VmallocUsed:      120160 kB
VmallocChunk:     187396 kB
Time pass: 213 sec

---2015-11-19 19:35:53
MemTotal:        1860984 kB
MemFree:          107924 kB
Buffers:            6296 kB
Cached:           710088 kB
SwapCached:        14948 kB
Active:           564968 kB
Inactive:         640344 kB
Active(anon):     350720 kB
Inactive(anon):   141020 kB
Active(file):     214248 kB
Inactive(file):   499324 kB
Unevictable:         876 kB
Mlocked:               0 kB
HighTotal:       1436668 kB
HighFree:          40184 kB
LowTotal:         424316 kB
LowFree:           67740 kB
SwapTotal:        716796 kB
SwapFree:         520300 kB
Dirty:                36 kB
Writeback:             0 kB
AnonPages:        487412 kB
Mapped:           243788 kB
Shmem:              1928 kB
Slab:              46252 kB
SReclaimable:      14804 kB
SUnreclaim:        31448 kB
KernelStack:       11752 kB
PageTables:        25788 kB
NFS_Unstable:          0 kB
Bounce:                0 kB
WritebackTmp:          0 kB
CommitLimit:     1647288 kB
Committed_AS:   57100324 kB
VmallocTotal:     458752 kB
VmallocUsed:      120160 kB
VmallocChunk:     187396 kB
Time pass: 216 sec

---2015-11-19 19:35:53
MemTotal:        1860984 kB
MemFree:          109128 kB
Buffers:            6296 kB
Cached:           710104 kB
SwapCached:        14952 kB
Active:           564928 kB
Inactive:         640380 kB
Active(anon):     350680 kB
Inactive(anon):   141032 kB
Active(file):     214248 kB
Inactive(file):   499348 kB
Unevictable:         876 kB
Mlocked:               0 kB
HighTotal:       1436668 kB
HighFree:          40880 kB
LowTotal:         424316 kB
LowFree:           68248 kB
SwapTotal:        716796 kB
SwapFree:         520308 kB
Dirty:                 0 kB
Writeback:             0 kB
AnonPages:        487456 kB
Mapped:           243788 kB
Shmem:              1928 kB
Slab:              46128 kB
SReclaimable:      14764 kB
SUnreclaim:        31364 kB
KernelStack:       11760 kB
PageTables:        25784 kB
NFS_Unstable:          0 kB
Bounce:                0 kB
WritebackTmp:          0 kB
CommitLimit:     1647288 kB
Committed_AS:   57100240 kB
VmallocTotal:     458752 kB
VmallocUsed:      120160 kB
VmallocChunk:     187396 kB
Time pass: 220 sec

---2015-11-19 19:35:53
MemTotal:        1860984 kB
MemFree:          109468 kB
Buffers:            6304 kB
Cached:           710104 kB
SwapCached:        14952 kB
Active:           564932 kB
Inactive:         640396 kB
Active(anon):     350684 kB
Inactive(anon):   141040 kB
Active(file):     214248 kB
Inactive(file):   499356 kB
Unevictable:         876 kB
Mlocked:               0 kB
HighTotal:       1436668 kB
HighFree:          40984 kB
LowTotal:         424316 kB
LowFree:           68484 kB
SwapTotal:        716796 kB
SwapFree:         520316 kB
Dirty:                28 kB
Writeback:             0 kB
AnonPages:        487412 kB
Mapped:           243788 kB
Shmem:              1928 kB
Slab:              46084 kB
SReclaimable:      14776 kB
SUnreclaim:        31308 kB
KernelStack:       11712 kB
PageTables:        25784 kB
NFS_Unstable:          0 kB
Bounce:                0 kB
WritebackTmp:          0 kB
CommitLimit:     1647288 kB
Committed_AS:   57100272 kB
VmallocTotal:     458752 kB
VmallocUsed:      120160 kB
VmallocChunk:     187396 kB
Time pass: 223 sec

---2015-11-19 19:35:53
MemTotal:        1860984 kB
MemFree:          109468 kB
Buffers:            6320 kB
Cached:           710104 kB
SwapCached:        14952 kB
Active:           564980 kB
Inactive:         640412 kB
Active(anon):     350732 kB
Inactive(anon):   141040 kB
Active(file):     214248 kB
Inactive(file):   499372 kB
Unevictable:         876 kB
Mlocked:               0 kB
HighTotal:       1436668 kB
HighFree:          41112 kB
LowTotal:         424316 kB
LowFree:           68356 kB
SwapTotal:        716796 kB
SwapFree:         520320 kB
Dirty:                 0 kB
Writeback:             0 kB
AnonPages:        487208 kB
Mapped:           243788 kB
Shmem:              1928 kB
Slab:              46100 kB
SReclaimable:      14768 kB
SUnreclaim:        31332 kB
KernelStack:       11712 kB
PageTables:        25784 kB
NFS_Unstable:          0 kB
Bounce:                0 kB
WritebackTmp:          0 kB
CommitLimit:     1647288 kB
Committed_AS:   57100176 kB
VmallocTotal:     458752 kB
VmallocUsed:      120160 kB
VmallocChunk:     187396 kB
Time pass: 227 sec

---2015-11-19 19:35:53
MemTotal:        1860984 kB
MemFree:          109560 kB
Buffers:            6328 kB
Cached:           710100 kB
SwapCached:        14956 kB
Active:           563784 kB
Inactive:         640300 kB
Active(anon):     349536 kB
Inactive(anon):   140928 kB
Active(file):     214248 kB
Inactive(file):   499372 kB
Unevictable:         876 kB
Mlocked:               0 kB
HighTotal:       1436668 kB
HighFree:          40944 kB
LowTotal:         424316 kB
LowFree:           68616 kB
SwapTotal:        716796 kB
SwapFree:         519140 kB
Dirty:                28 kB
Writeback:             0 kB
AnonPages:        486360 kB
Mapped:           243788 kB
Shmem:              1928 kB
Slab:              45988 kB
SReclaimable:      14760 kB
SUnreclaim:        31228 kB
KernelStack:       11712 kB
PageTables:        25784 kB
NFS_Unstable:          0 kB
Bounce:                0 kB
WritebackTmp:          0 kB
CommitLimit:     1647288 kB
Committed_AS:   57100168 kB
VmallocTotal:     458752 kB
VmallocUsed:      120160 kB
VmallocChunk:     187396 kB
Time pass: 230 sec

---2015-11-19 19:35:53
MemTotal:        1860984 kB
MemFree:          111344 kB
Buffers:            6344 kB
Cached:           710104 kB
SwapCached:        14952 kB
Active:           561204 kB
Inactive:         640212 kB
Active(anon):     346956 kB
Inactive(anon):   140816 kB
Active(file):     214248 kB
Inactive(file):   499396 kB
Unevictable:         876 kB
Mlocked:               0 kB
HighTotal:       1436668 kB
HighFree:          41940 kB
LowTotal:         424316 kB
LowFree:           69404 kB
SwapTotal:        716796 kB
SwapFree:         516140 kB
Dirty:                36 kB
Writeback:             0 kB
AnonPages:        483456 kB
Mapped:           243792 kB
Shmem:              1928 kB
Slab:              45984 kB
SReclaimable:      14756 kB
SUnreclaim:        31228 kB
KernelStack:       11704 kB
PageTables:        25784 kB
NFS_Unstable:          0 kB
Bounce:                0 kB
WritebackTmp:          0 kB
CommitLimit:     1647288 kB
Committed_AS:   57100284 kB
VmallocTotal:     458752 kB
VmallocUsed:      120160 kB
VmallocChunk:     187396 kB
Time pass: 234 sec

---2015-11-19 19:35:53
MemTotal:        1860984 kB
MemFree:          112252 kB
Buffers:            6360 kB
Cached:           710104 kB
SwapCached:        14952 kB
Active:           557180 kB
Inactive:         639996 kB
Active(anon):     342932 kB
Inactive(anon):   140584 kB
Active(file):     214248 kB
Inactive(file):   499412 kB
Unevictable:         876 kB
Mlocked:               0 kB
HighTotal:       1436668 kB
HighFree:          43184 kB
LowTotal:         424316 kB
LowFree:           69068 kB
SwapTotal:        716796 kB
SwapFree:         511996 kB
Dirty:                40 kB
Writeback:             0 kB
AnonPages:        479312 kB
Mapped:           243792 kB
Shmem:              1928 kB
Slab:              46092 kB
SReclaimable:      14832 kB
SUnreclaim:        31260 kB
KernelStack:       11744 kB
PageTables:        25784 kB
NFS_Unstable:          0 kB
Bounce:                0 kB
WritebackTmp:          0 kB
CommitLimit:     1647288 kB
Committed_AS:   57100196 kB
VmallocTotal:     458752 kB
VmallocUsed:      120160 kB
VmallocChunk:     187396 kB
Time pass: 237 sec

---2015-11-19 19:35:53
MemTotal:        1860984 kB
MemFree:          113156 kB
Buffers:            6360 kB
Cached:           710104 kB
SwapCached:        14952 kB
Active:           557388 kB
Inactive:         639992 kB
Active(anon):     343140 kB
Inactive(anon):   140580 kB
Active(file):     214248 kB
Inactive(file):   499412 kB
Unevictable:         876 kB
Mlocked:               0 kB
HighTotal:       1436668 kB
HighFree:          43660 kB
LowTotal:         424316 kB
LowFree:           69496 kB
SwapTotal:        716796 kB
SwapFree:         511996 kB
Dirty:                40 kB
Writeback:             0 kB
AnonPages:        479400 kB
Mapped:           243792 kB
Shmem:              1928 kB
Slab:              46104 kB
SReclaimable:      14832 kB
SUnreclaim:        31272 kB
KernelStack:       11800 kB
PageTables:        25792 kB
NFS_Unstable:          0 kB
Bounce:                0 kB
WritebackTmp:          0 kB
CommitLimit:     1647288 kB
Committed_AS:   57100328 kB
VmallocTotal:     458752 kB
VmallocUsed:      120160 kB
VmallocChunk:     187396 kB
Time pass: 241 sec

---2015-11-19 19:35:53
MemTotal:        1860984 kB
MemFree:          115312 kB
Buffers:            6384 kB
Cached:           710104 kB
SwapCached:        14952 kB
Active:           554296 kB
Inactive:         639404 kB
Active(anon):     340048 kB
Inactive(anon):   139968 kB
Active(file):     214248 kB
Inactive(file):   499436 kB
Unevictable:         876 kB
Mlocked:               0 kB
HighTotal:       1436668 kB
HighFree:          45284 kB
LowTotal:         424316 kB
LowFree:           70028 kB
SwapTotal:        716796 kB
SwapFree:         507848 kB
Dirty:                36 kB
Writeback:             0 kB
AnonPages:        475684 kB
Mapped:           243792 kB
Shmem:              1928 kB
Slab:              46188 kB
SReclaimable:      14908 kB
SUnreclaim:        31280 kB
KernelStack:       11792 kB
PageTables:        25788 kB
NFS_Unstable:          0 kB
Bounce:                0 kB
WritebackTmp:          0 kB
CommitLimit:     1647288 kB
Committed_AS:   57100512 kB
VmallocTotal:     458752 kB
VmallocUsed:      120160 kB
VmallocChunk:     187396 kB
Time pass: 244 sec

---2015-11-19 19:35:53
MemTotal:        1860984 kB
MemFree:          114948 kB
Buffers:            6384 kB
Cached:           710100 kB
SwapCached:        14956 kB
Active:           555432 kB
Inactive:         639404 kB
Active(anon):     341184 kB
Inactive(anon):   139968 kB
Active(file):     214248 kB
Inactive(file):   499436 kB
Unevictable:         876 kB
Mlocked:               0 kB
HighTotal:       1436668 kB
HighFree:          44912 kB
LowTotal:         424316 kB
LowFree:           70036 kB
SwapTotal:        716796 kB
SwapFree:         507848 kB
Dirty:                 0 kB
Writeback:             0 kB
AnonPages:        476776 kB
Mapped:           243792 kB
Shmem:              1928 kB
Slab:              46140 kB
SReclaimable:      14884 kB
SUnreclaim:        31256 kB
KernelStack:       11752 kB
PageTables:        25788 kB
NFS_Unstable:          0 kB
Bounce:                0 kB
WritebackTmp:          0 kB
CommitLimit:     1647288 kB
Committed_AS:   57101748 kB
VmallocTotal:     458752 kB
VmallocUsed:      120160 kB
VmallocChunk:     187396 kB
Time pass: 248 sec

---2015-11-19 19:35:53
MemTotal:        1860984 kB
MemFree:          118588 kB
Buffers:            6408 kB
Cached:           710128 kB
SwapCached:        14956 kB
Active:           552236 kB
Inactive:         637732 kB
Active(anon):     337988 kB
Inactive(anon):   138272 kB
Active(file):     214248 kB
Inactive(file):   499460 kB
Unevictable:         876 kB
Mlocked:               0 kB
HighTotal:       1436668 kB
HighFree:          47480 kB
LowTotal:         424316 kB
LowFree:           71108 kB
SwapTotal:        716796 kB
SwapFree:         503672 kB
Dirty:                36 kB
Writeback:             0 kB
AnonPages:        471976 kB
Mapped:           243816 kB
Shmem:              1952 kB
Slab:              46056 kB
SReclaimable:      14804 kB
SUnreclaim:        31252 kB
KernelStack:       11752 kB
PageTables:        25788 kB
NFS_Unstable:          0 kB
Bounce:                0 kB
WritebackTmp:          0 kB
CommitLimit:     1647288 kB
Committed_AS:   57100312 kB
VmallocTotal:     458752 kB
VmallocUsed:      120160 kB
VmallocChunk:     187396 kB
Time pass: 255 sec

---2015-11-19 19:35:53
MemTotal:        1860984 kB
MemFree:          117456 kB
Buffers:            6416 kB
Cached:           710128 kB
SwapCached:        14956 kB
Active:           552424 kB
Inactive:         637736 kB
Active(anon):     338176 kB
Inactive(anon):   138272 kB
Active(file):     214248 kB
Inactive(file):   499464 kB
Unevictable:         876 kB
Mlocked:               0 kB
HighTotal:       1436668 kB
HighFree:          46496 kB
LowTotal:         424316 kB
LowFree:           70960 kB
SwapTotal:        716796 kB
SwapFree:         503672 kB
Dirty:                32 kB
Writeback:             0 kB
AnonPages:        472088 kB
Mapped:           243816 kB
Shmem:              1952 kB
Slab:              46040 kB
SReclaimable:      14796 kB
SUnreclaim:        31244 kB
KernelStack:       11744 kB
PageTables:        25788 kB
NFS_Unstable:          0 kB
Bounce:                0 kB
WritebackTmp:          0 kB
CommitLimit:     1647288 kB
Committed_AS:   57100352 kB
VmallocTotal:     458752 kB
VmallocUsed:      120160 kB
VmallocChunk:     187396 kB
Time pass: 259 sec

---2015-11-19 19:35:53
MemTotal:        1860984 kB
MemFree:          119968 kB
Buffers:            6432 kB
Cached:           710128 kB
SwapCached:        14744 kB
Active:           550924 kB
Inactive:         635532 kB
Active(anon):     336676 kB
Inactive(anon):   136048 kB
Active(file):     214248 kB
Inactive(file):   499484 kB
Unevictable:         876 kB
Mlocked:               0 kB
HighTotal:       1436668 kB
HighFree:          47916 kB
LowTotal:         424316 kB
LowFree:           72052 kB
SwapTotal:        716796 kB
SwapFree:         499772 kB
Dirty:                40 kB
Writeback:             0 kB
AnonPages:        468340 kB
Mapped:           243792 kB
Shmem:              1952 kB
Slab:              45996 kB
SReclaimable:      14724 kB
SUnreclaim:        31272 kB
KernelStack:       11760 kB
PageTables:        25788 kB
NFS_Unstable:          0 kB
Bounce:                0 kB
WritebackTmp:          0 kB
CommitLimit:     1647288 kB
Committed_AS:   57100392 kB
VmallocTotal:     458752 kB
VmallocUsed:      120160 kB
VmallocChunk:     187396 kB
Time pass: 262 sec

---2015-11-19 19:35:53
MemTotal:        1860984 kB
MemFree:          119904 kB
Buffers:            6440 kB
Cached:           710120 kB
SwapCached:        14744 kB
Active:           551036 kB
Inactive:         635536 kB
Active(anon):     336788 kB
Inactive(anon):   136052 kB
Active(file):     214248 kB
Inactive(file):   499484 kB
Unevictable:         876 kB
Mlocked:               0 kB
HighTotal:       1436668 kB
HighFree:          47916 kB
LowTotal:         424316 kB
LowFree:           71988 kB
SwapTotal:        716796 kB
SwapFree:         499776 kB
Dirty:                 0 kB
Writeback:             0 kB
AnonPages:        468504 kB
Mapped:           243792 kB
Shmem:              1952 kB
Slab:              46032 kB
SReclaimable:      14720 kB
SUnreclaim:        31312 kB
KernelStack:       11760 kB
PageTables:        25788 kB
NFS_Unstable:          0 kB
Bounce:                0 kB
WritebackTmp:          0 kB
CommitLimit:     1647288 kB
Committed_AS:   57100360 kB
VmallocTotal:     458752 kB
VmallocUsed:      120160 kB
VmallocChunk:     187396 kB
Time pass: 266 sec

---2015-11-19 19:35:53
MemTotal:        1860984 kB
MemFree:          119376 kB
Buffers:            6456 kB
Cached:           710128 kB
SwapCached:        14744 kB
Active:           551616 kB
Inactive:         635568 kB
Active(anon):     337368 kB
Inactive(anon):   136060 kB
Active(file):     214248 kB
Inactive(file):   499508 kB
Unevictable:         876 kB
Mlocked:               0 kB
HighTotal:       1436668 kB
HighFree:          47420 kB
LowTotal:         424316 kB
LowFree:           71956 kB
SwapTotal:        716796 kB
SwapFree:         499784 kB
Dirty:                36 kB
Writeback:             0 kB
AnonPages:        468908 kB
Mapped:           243792 kB
Shmem:              1952 kB
Slab:              46096 kB
SReclaimable:      14720 kB
SUnreclaim:        31376 kB
KernelStack:       11792 kB
PageTables:        25792 kB
NFS_Unstable:          0 kB
Bounce:                0 kB
WritebackTmp:          0 kB
CommitLimit:     1647288 kB
Committed_AS:   57100420 kB
VmallocTotal:     458752 kB
VmallocUsed:      120160 kB
VmallocChunk:     187396 kB
Time pass: 269 sec

---2015-11-19 19:35:53
MemTotal:        1860984 kB
MemFree:          121572 kB
Buffers:            6456 kB
Cached:           710136 kB
SwapCached:        14728 kB
Active:           549700 kB
Inactive:         633540 kB
Active(anon):     335452 kB
Inactive(anon):   134032 kB
Active(file):     214248 kB
Inactive(file):   499508 kB
Unevictable:         876 kB
Mlocked:               0 kB
HighTotal:       1436668 kB
HighFree:          49296 kB
LowTotal:         424316 kB
LowFree:           72276 kB
SwapTotal:        716796 kB
SwapFree:         495632 kB
Dirty:                 0 kB
Writeback:             0 kB
AnonPages:        465132 kB
Mapped:           243796 kB
Shmem:              1952 kB
Slab:              46124 kB
SReclaimable:      14744 kB
SUnreclaim:        31380 kB
KernelStack:       11752 kB
PageTables:        25804 kB
NFS_Unstable:          0 kB
Bounce:                0 kB
WritebackTmp:          0 kB
CommitLimit:     1647288 kB
Committed_AS:   57100488 kB
VmallocTotal:     458752 kB
VmallocUsed:      120160 kB
VmallocChunk:     187396 kB
Time pass: 273 sec

---2015-11-19 19:35:53
MemTotal:        1860984 kB
MemFree:          126004 kB
Buffers:            6480 kB
Cached:           710112 kB
SwapCached:        15352 kB
Active:           546408 kB
Inactive:         632004 kB
Active(anon):     332160 kB
Inactive(anon):   132488 kB
Active(file):     214248 kB
Inactive(file):   499516 kB
Unevictable:         876 kB
Mlocked:               0 kB
HighTotal:       1436668 kB
HighFree:          53760 kB
LowTotal:         424316 kB
LowFree:           72244 kB
SwapTotal:        716796 kB
SwapFree:         495712 kB
Dirty:                28 kB
Writeback:             0 kB
AnonPages:        460304 kB
Mapped:           243792 kB
Shmem:              1952 kB
Slab:              46092 kB
SReclaimable:      14712 kB
SUnreclaim:        31380 kB
KernelStack:       11752 kB
PageTables:        25788 kB
NFS_Unstable:          0 kB
Bounce:                0 kB
WritebackTmp:          0 kB
CommitLimit:     1647288 kB
Committed_AS:   57100344 kB
VmallocTotal:     458752 kB
VmallocUsed:      120160 kB
VmallocChunk:     187396 kB
Time pass: 276 sec

---2015-11-19 19:35:53
MemTotal:        1860984 kB
MemFree:          126960 kB
Buffers:            6480 kB
Cached:           710124 kB
SwapCached:        15900 kB
Active:           544716 kB
Inactive:         631056 kB
Active(anon):     330468 kB
Inactive(anon):   131524 kB
Active(file):     214248 kB
Inactive(file):   499532 kB
Unevictable:         876 kB
Mlocked:               0 kB
HighTotal:       1436668 kB
HighFree:          54212 kB
LowTotal:         424316 kB
LowFree:           72748 kB
SwapTotal:        716796 kB
SwapFree:         492468 kB
Dirty:                 0 kB
Writeback:             0 kB
AnonPages:        457724 kB
Mapped:           243788 kB
Shmem:              1948 kB
Slab:              46144 kB
SReclaimable:      14716 kB
SUnreclaim:        31428 kB
KernelStack:       11752 kB
PageTables:        25784 kB
NFS_Unstable:          0 kB
Bounce:                0 kB
WritebackTmp:          0 kB
CommitLimit:     1647288 kB
Committed_AS:   57098296 kB
VmallocTotal:     458752 kB
VmallocUsed:      120160 kB
VmallocChunk:     187396 kB
Time pass: 280 sec

---2015-11-19 19:35:53
MemTotal:        1860984 kB
MemFree:          127468 kB
Buffers:            6488 kB
Cached:           710124 kB
SwapCached:        16208 kB
Active:           544488 kB
Inactive:         631308 kB
Active(anon):     330240 kB
Inactive(anon):   131768 kB
Active(file):     214248 kB
Inactive(file):   499540 kB
Unevictable:         876 kB
Mlocked:               0 kB
HighTotal:       1436668 kB
HighFree:          54788 kB
LowTotal:         424316 kB
LowFree:           72680 kB
SwapTotal:        716796 kB
SwapFree:         492472 kB
Dirty:                28 kB
Writeback:             0 kB
AnonPages:        457660 kB
Mapped:           243788 kB
Shmem:              1948 kB
Slab:              46196 kB
SReclaimable:      14716 kB
SUnreclaim:        31480 kB
KernelStack:       11752 kB
PageTables:        25788 kB
NFS_Unstable:          0 kB
Bounce:                0 kB
WritebackTmp:          0 kB
CommitLimit:     1647288 kB
Committed_AS:   57098256 kB
VmallocTotal:     458752 kB
VmallocUsed:      120160 kB
VmallocChunk:     187396 kB
Time pass: 283 sec

---2015-11-19 19:35:53
MemTotal:        1860984 kB
MemFree:          129428 kB
Buffers:            6504 kB
Cached:           710124 kB
SwapCached:        16208 kB
Active:           542072 kB
Inactive:         629700 kB
Active(anon):     327824 kB
Inactive(anon):   130144 kB
Active(file):     214248 kB
Inactive(file):   499556 kB
Unevictable:         876 kB
Mlocked:               0 kB
HighTotal:       1436668 kB
HighFree:          56464 kB
LowTotal:         424316 kB
LowFree:           72964 kB
SwapTotal:        716796 kB
SwapFree:         488360 kB
Dirty:                36 kB
Writeback:             0 kB
AnonPages:        453616 kB
Mapped:           243788 kB
Shmem:              1948 kB
Slab:              46256 kB
SReclaimable:      14820 kB
SUnreclaim:        31436 kB
KernelStack:       11752 kB
PageTables:        25788 kB
NFS_Unstable:          0 kB
Bounce:                0 kB
WritebackTmp:          0 kB
CommitLimit:     1647288 kB
Committed_AS:   57098228 kB
VmallocTotal:     458752 kB
VmallocUsed:      120160 kB
VmallocChunk:     187396 kB
Time pass: 287 sec

---2015-11-19 19:35:53
MemTotal:        1860984 kB
MemFree:          131084 kB
Buffers:            6512 kB
Cached:           710140 kB
SwapCached:        16196 kB
Active:           540608 kB
Inactive:         628748 kB
Active(anon):     326360 kB
Inactive(anon):   129192 kB
Active(file):     214248 kB
Inactive(file):   499556 kB
Unevictable:         876 kB
Mlocked:               0 kB
HighTotal:       1436668 kB
HighFree:          57404 kB
LowTotal:         424316 kB
LowFree:           73680 kB
SwapTotal:        716796 kB
SwapFree:         485680 kB
Dirty:                28 kB
Writeback:             0 kB
AnonPages:        451268 kB
Mapped:           243796 kB
Shmem:              1956 kB
Slab:              46256 kB
SReclaimable:      14820 kB
SUnreclaim:        31436 kB
KernelStack:       11704 kB
PageTables:        25788 kB
NFS_Unstable:          0 kB
Bounce:                0 kB
WritebackTmp:          0 kB
CommitLimit:     1647288 kB
Committed_AS:   57098296 kB
VmallocTotal:     458752 kB
VmallocUsed:      120160 kB
VmallocChunk:     187396 kB
Time pass: 290 sec

---2015-11-19 19:35:53
MemTotal:        1860984 kB
MemFree:          132100 kB
Buffers:            6528 kB
Cached:           710132 kB
SwapCached:        16192 kB
Active:           539676 kB
Inactive:         628324 kB
Active(anon):     325428 kB
Inactive(anon):   128744 kB
Active(file):     214248 kB
Inactive(file):   499580 kB
Unevictable:         876 kB
Mlocked:               0 kB
HighTotal:       1436668 kB
HighFree:          58232 kB
LowTotal:         424316 kB
LowFree:           73868 kB
SwapTotal:        716796 kB
SwapFree:         484248 kB
Dirty:                36 kB
Writeback:             0 kB
AnonPages:        449812 kB
Mapped:           243796 kB
Shmem:              1956 kB
Slab:              46256 kB
SReclaimable:      14820 kB
SUnreclaim:        31436 kB
KernelStack:       11752 kB
PageTables:        25788 kB
NFS_Unstable:          0 kB
Bounce:                0 kB
WritebackTmp:          0 kB
CommitLimit:     1647288 kB
Committed_AS:   57098400 kB
VmallocTotal:     458752 kB
VmallocUsed:      120160 kB
VmallocChunk:     187396 kB
Time pass: 294 sec

---2015-11-19 19:35:53
MemTotal:        1860984 kB
MemFree:          134776 kB
Buffers:            6536 kB
Cached:           710128 kB
SwapCached:        16188 kB
Active:           536756 kB
Inactive:         627380 kB
Active(anon):     322508 kB
Inactive(anon):   127800 kB
Active(file):     214248 kB
Inactive(file):   499580 kB
Unevictable:         876 kB
Mlocked:               0 kB
HighTotal:       1436668 kB
HighFree:          59416 kB
LowTotal:         424316 kB
LowFree:           75360 kB
SwapTotal:        716796 kB
SwapFree:         480136 kB
Dirty:                 0 kB
Writeback:             0 kB
AnonPages:        445840 kB
Mapped:           243796 kB
Shmem:              1956 kB
Slab:              46280 kB
SReclaimable:      14876 kB
SUnreclaim:        31404 kB
KernelStack:       11760 kB
PageTables:        25800 kB
NFS_Unstable:          0 kB
Bounce:                0 kB
WritebackTmp:          0 kB
CommitLimit:     1647288 kB
Committed_AS:   57098372 kB
VmallocTotal:     458752 kB
VmallocUsed:      120160 kB
VmallocChunk:     187396 kB
Time pass: 297 sec

---2015-11-19 19:35:53
MemTotal:        1860984 kB
MemFree:          135096 kB
Buffers:            6552 kB
Cached:           710124 kB
SwapCached:        16188 kB
Active:           536848 kB
Inactive:         627336 kB
Active(anon):     322608 kB
Inactive(anon):   127732 kB
Active(file):     214240 kB
Inactive(file):   499604 kB
Unevictable:         876 kB
Mlocked:               0 kB
HighTotal:       1436668 kB
HighFree:          59356 kB
LowTotal:         424316 kB
LowFree:           75740 kB
SwapTotal:        716796 kB
SwapFree:         480136 kB
Dirty:                32 kB
Writeback:             0 kB
AnonPages:        445888 kB
Mapped:           243796 kB
Shmem:              1956 kB
Slab:              46248 kB
SReclaimable:      14812 kB
SUnreclaim:        31436 kB
KernelStack:       11808 kB
PageTables:        25784 kB
NFS_Unstable:          0 kB
Bounce:                0 kB
WritebackTmp:          0 kB
CommitLimit:     1647288 kB
Committed_AS:   57098408 kB
VmallocTotal:     458752 kB
VmallocUsed:      120160 kB
VmallocChunk:     187396 kB
Time pass: 301 sec

---2015-11-19 19:35:53
MemTotal:        1860984 kB
MemFree:          137184 kB
Buffers:            6552 kB
Cached:           710136 kB
SwapCached:        16184 kB
Active:           533988 kB
Inactive:         626096 kB
Active(anon):     319740 kB
Inactive(anon):   126492 kB
Active(file):     214248 kB
Inactive(file):   499604 kB
Unevictable:         876 kB
Mlocked:               0 kB
HighTotal:       1436668 kB
HighFree:          61236 kB
LowTotal:         424316 kB
LowFree:           75948 kB
SwapTotal:        716796 kB
SwapFree:         475984 kB
Dirty:                 0 kB
Writeback:             0 kB
AnonPages:        442028 kB
Mapped:           243796 kB
Shmem:              1956 kB
Slab:              46296 kB
SReclaimable:      14892 kB
SUnreclaim:        31404 kB
KernelStack:       11728 kB
PageTables:        25792 kB
NFS_Unstable:          0 kB
Bounce:                0 kB
WritebackTmp:          0 kB
CommitLimit:     1647288 kB
Committed_AS:   57098452 kB
VmallocTotal:     458752 kB
VmallocUsed:      120160 kB
VmallocChunk:     187396 kB
Time pass: 304 sec

---2015-11-19 19:35:53
MemTotal:        1860984 kB
MemFree:          137652 kB
Buffers:            6560 kB
Cached:           710132 kB
SwapCached:        16184 kB
Active:           534088 kB
Inactive:         626048 kB
Active(anon):     319840 kB
Inactive(anon):   126444 kB
Active(file):     214248 kB
Inactive(file):   499604 kB
Unevictable:         876 kB
Mlocked:               0 kB
HighTotal:       1436668 kB
HighFree:          61260 kB
LowTotal:         424316 kB
LowFree:           76392 kB
SwapTotal:        716796 kB
SwapFree:         475988 kB
Dirty:                28 kB
Writeback:             0 kB
AnonPages:        442016 kB
Mapped:           243804 kB
Shmem:              1956 kB
Slab:              46240 kB
SReclaimable:      14860 kB
SUnreclaim:        31380 kB
KernelStack:       11760 kB
PageTables:        25800 kB
NFS_Unstable:          0 kB
Bounce:                0 kB
WritebackTmp:          0 kB
CommitLimit:     1647288 kB
Committed_AS:   57099532 kB
VmallocTotal:     458752 kB
VmallocUsed:      120160 kB
VmallocChunk:     187396 kB
Time pass: 308 sec

---2015-11-19 19:35:53
MemTotal:        1860984 kB
MemFree:          140744 kB
Buffers:            6600 kB
Cached:           710132 kB
SwapCached:        15808 kB
Active:           531748 kB
Inactive:         625260 kB
Active(anon):     317500 kB
Inactive(anon):   125608 kB
Active(file):     214248 kB
Inactive(file):   499652 kB
Unevictable:         876 kB
Mlocked:               0 kB
HighTotal:       1436668 kB
HighFree:          63580 kB
LowTotal:         424316 kB
LowFree:           77164 kB
SwapTotal:        716796 kB
SwapFree:         472700 kB
Dirty:                60 kB
Writeback:             0 kB
AnonPages:        439452 kB
Mapped:           243792 kB
Shmem:              1956 kB
Slab:              46356 kB
SReclaimable:      14928 kB
SUnreclaim:        31428 kB
KernelStack:       11784 kB
PageTables:        25784 kB
NFS_Unstable:          0 kB
Bounce:                0 kB
WritebackTmp:          0 kB
CommitLimit:     1647288 kB
Committed_AS:   57098604 kB
VmallocTotal:     458752 kB
VmallocUsed:      120160 kB
VmallocChunk:     187396 kB
Time pass: 315 sec

---2015-11-19 19:35:53
MemTotal:        1860984 kB
MemFree:          140224 kB
Buffers:            6616 kB
Cached:           710152 kB
SwapCached:        15808 kB
Active:           531792 kB
Inactive:         625296 kB
Active(anon):     317544 kB
Inactive(anon):   125628 kB
Active(file):     214248 kB
Inactive(file):   499668 kB
Unevictable:         876 kB
Mlocked:               0 kB
HighTotal:       1436668 kB
HighFree:          62912 kB
LowTotal:         424316 kB
LowFree:           77312 kB
SwapTotal:        716796 kB
SwapFree:         472700 kB
Dirty:                 0 kB
Writeback:             0 kB
AnonPages:        439524 kB
Mapped:           243812 kB
Shmem:              1976 kB
Slab:              46312 kB
SReclaimable:      14932 kB
SUnreclaim:        31380 kB
KernelStack:       11760 kB
PageTables:        25784 kB
NFS_Unstable:          0 kB
Bounce:                0 kB
WritebackTmp:          0 kB
CommitLimit:     1647288 kB
Committed_AS:   57098672 kB
VmallocTotal:     458752 kB
VmallocUsed:      120160 kB
VmallocChunk:     187396 kB
Time pass: 319 sec

---2015-11-19 19:35:53
MemTotal:        1860984 kB
MemFree:          139756 kB
Buffers:            6624 kB
Cached:           710152 kB
SwapCached:        15808 kB
Active:           531796 kB
Inactive:         625296 kB
Active(anon):     317548 kB
Inactive(anon):   125628 kB
Active(file):     214248 kB
Inactive(file):   499668 kB
Unevictable:         876 kB
Mlocked:               0 kB
HighTotal:       1436668 kB
HighFree:          62664 kB
LowTotal:         424316 kB
LowFree:           77092 kB
SwapTotal:        716796 kB
SwapFree:         472700 kB
Dirty:                28 kB
Writeback:             0 kB
AnonPages:        439516 kB
Mapped:           243812 kB
Shmem:              1976 kB
Slab:              46376 kB
SReclaimable:      14932 kB
SUnreclaim:        31444 kB
KernelStack:       11760 kB
PageTables:        25788 kB
NFS_Unstable:          0 kB
Bounce:                0 kB
WritebackTmp:          0 kB
CommitLimit:     1647288 kB
Committed_AS:   57098520 kB
VmallocTotal:     458752 kB
VmallocUsed:      120160 kB
VmallocChunk:     187396 kB
Time pass: 322 sec

---2015-11-19 19:35:53
MemTotal:        1860984 kB
MemFree:          142720 kB
Buffers:            6640 kB
Cached:           710152 kB
SwapCached:        15704 kB
Active:           528864 kB
Inactive:         624172 kB
Active(anon):     314616 kB
Inactive(anon):   124472 kB
Active(file):     214248 kB
Inactive(file):   499700 kB
Unevictable:         876 kB
Mlocked:               0 kB
HighTotal:       1436668 kB
HighFree:          64716 kB
LowTotal:         424316 kB
LowFree:           78004 kB
SwapTotal:        716796 kB
SwapFree:         468636 kB
Dirty:                36 kB
Writeback:             0 kB
AnonPages:        435396 kB
Mapped:           243812 kB
Shmem:              1976 kB
Slab:              46264 kB
SReclaimable:      14828 kB
SUnreclaim:        31436 kB
KernelStack:       11760 kB
PageTables:        25788 kB
NFS_Unstable:          0 kB
Bounce:                0 kB
WritebackTmp:          0 kB
CommitLimit:     1647288 kB
Committed_AS:   57098512 kB
VmallocTotal:     458752 kB
VmallocUsed:      120160 kB
VmallocChunk:     187396 kB
Time pass: 326 sec

---2015-11-19 19:35:53
MemTotal:        1860984 kB
MemFree:          141728 kB
Buffers:            6648 kB
Cached:           710144 kB
SwapCached:        15704 kB
Active:           528936 kB
Inactive:         624160 kB
Active(anon):     314688 kB
Inactive(anon):   124468 kB
Active(file):     214248 kB
Inactive(file):   499692 kB
Unevictable:         876 kB
Mlocked:               0 kB
HighTotal:       1436668 kB
HighFree:          63972 kB
LowTotal:         424316 kB
LowFree:           77756 kB
SwapTotal:        716796 kB
SwapFree:         468636 kB
Dirty:                 0 kB
Writeback:             0 kB
AnonPages:        435476 kB
Mapped:           243812 kB
Shmem:              1976 kB
Slab:              46272 kB
SReclaimable:      14828 kB
SUnreclaim:        31444 kB
KernelStack:       11760 kB
PageTables:        25788 kB
NFS_Unstable:          0 kB
Bounce:                0 kB
WritebackTmp:          0 kB
CommitLimit:     1647288 kB
Committed_AS:   57098512 kB
VmallocTotal:     458752 kB
VmallocUsed:      120160 kB
VmallocChunk:     187396 kB
Time pass: 329 sec

---2015-11-19 19:35:53
MemTotal:        1860984 kB
MemFree:          141596 kB
Buffers:            6664 kB
Cached:           710152 kB
SwapCached:        15704 kB
Active:           529100 kB
Inactive:         624176 kB
Active(anon):     314852 kB
Inactive(anon):   124468 kB
Active(file):     214248 kB
Inactive(file):   499708 kB
Unevictable:         876 kB
Mlocked:               0 kB
HighTotal:       1436668 kB
HighFree:          63972 kB
LowTotal:         424316 kB
LowFree:           77624 kB
SwapTotal:        716796 kB
SwapFree:         468636 kB
Dirty:                36 kB
Writeback:             0 kB
AnonPages:        435504 kB
Mapped:           243812 kB
Shmem:              1976 kB
Slab:              46328 kB
SReclaimable:      14828 kB
SUnreclaim:        31500 kB
KernelStack:       11768 kB
PageTables:        25788 kB
NFS_Unstable:          0 kB
Bounce:                0 kB
WritebackTmp:          0 kB
CommitLimit:     1647288 kB
Committed_AS:   57098368 kB
VmallocTotal:     458752 kB
VmallocUsed:      120160 kB
VmallocChunk:     187396 kB
Time pass: 333 sec

---2015-11-19 19:35:53
MemTotal:        1860984 kB
MemFree:          142564 kB
Buffers:            6664 kB
Cached:           710152 kB
SwapCached:        15704 kB
Active:           526372 kB
Inactive:         622924 kB
Active(anon):     312124 kB
Inactive(anon):   123208 kB
Active(file):     214248 kB
Inactive(file):   499716 kB
Unevictable:         876 kB
Mlocked:               0 kB
HighTotal:       1436668 kB
HighFree:          64716 kB
LowTotal:         424316 kB
LowFree:           77848 kB
SwapTotal:        716796 kB
SwapFree:         464540 kB
Dirty:                 0 kB
Writeback:             0 kB
AnonPages:        431776 kB
Mapped:           243812 kB
