---2015-12-05 14:07:44
MemTotal:        2873608 kB
MemFree:          116508 kB
Buffers:           22284 kB
Cached:          1301292 kB
SwapCached:            0 kB
Active:          1277976 kB
Inactive:         961384 kB
Active(anon):     730072 kB
Inactive(anon):   195608 kB
Active(file):     547904 kB
Inactive(file):   765776 kB
Unevictable:        8104 kB
Mlocked:               0 kB
SwapTotal:        715328 kB
SwapFree:         715328 kB
Dirty:              6448 kB
Writeback:             0 kB
AnonPages:        923928 kB
Mapped:           450072 kB
Shmem:              1792 kB
Slab:              97028 kB
SReclaimable:      31544 kB
SUnreclaim:        65484 kB
KernelStack:       35952 kB
PageTables:        47668 kB
NFS_Unstable:          0 kB
Bounce:                0 kB
WritebackTmp:          0 kB
CommitLimit:     2152132 kB
Committed_AS:   120749680 kB
VmallocTotal:   251658176 kB
VmallocUsed:      132956 kB
VmallocChunk:   251414060 kB
Time pass: 3 sec

---2015-12-05 14:07:44
MemTotal:        2873608 kB
MemFree:          123636 kB
Buffers:           22496 kB
Cached:          1303440 kB
SwapCached:            0 kB
Active:          1287140 kB
Inactive:         945968 kB
Active(anon):     721480 kB
Inactive(anon):   195588 kB
Active(file):     565660 kB
Inactive(file):   750380 kB
Unevictable:        8104 kB
Mlocked:               0 kB
SwapTotal:        715328 kB
SwapFree:         715328 kB
Dirty:               184 kB
Writeback:             0 kB
AnonPages:        915552 kB
Mapped:           458516 kB
Shmem:              1792 kB
Slab:              96548 kB
SReclaimable:      31352 kB
SUnreclaim:        65196 kB
KernelStack:       36048 kB
PageTables:        48632 kB
NFS_Unstable:          0 kB
Bounce:                0 kB
WritebackTmp:          0 kB
CommitLimit:     2152132 kB
Committed_AS:   120268492 kB
VmallocTotal:   251658176 kB
VmallocUsed:      134996 kB
VmallocChunk:   251414060 kB
Time pass: 7 sec

---2015-12-05 14:07:44
MemTotal:        2873608 kB
MemFree:          102556 kB
Buffers:           24084 kB
Cached:          1303708 kB
SwapCached:            0 kB
Active:          1309220 kB
Inactive:         944828 kB
Active(anon):     740576 kB
Inactive(anon):   195516 kB
Active(file):     568644 kB
Inactive(file):   749312 kB
Unevictable:        8104 kB
Mlocked:               0 kB
SwapTotal:        715328 kB
SwapFree:         715328 kB
Dirty:               116 kB
Writeback:             0 kB
AnonPages:        934636 kB
Mapped:           457164 kB
Shmem:              1732 kB
Slab:              96284 kB
SReclaimable:      31340 kB
SUnreclaim:        64944 kB
KernelStack:       36208 kB
PageTables:        47544 kB
NFS_Unstable:          0 kB
Bounce:                0 kB
WritebackTmp:          0 kB
CommitLimit:     2152132 kB
Committed_AS:   117369720 kB
VmallocTotal:   251658176 kB
VmallocUsed:      134996 kB
VmallocChunk:   251415084 kB
Time pass: 11 sec

---2015-12-05 14:07:44
MemTotal:        2873608 kB
MemFree:           81168 kB
Buffers:           24144 kB
Cached:          1303684 kB
SwapCached:            0 kB
Active:          1329556 kB
Inactive:         942360 kB
Active(anon):     758328 kB
Inactive(anon):   195568 kB
Active(file):     571228 kB
Inactive(file):   746792 kB
Unevictable:        8104 kB
Mlocked:               0 kB
SwapTotal:        715328 kB
SwapFree:         715328 kB
Dirty:               980 kB
Writeback:            12 kB
AnonPages:        952236 kB
Mapped:           492828 kB
Shmem:              1704 kB
Slab:              96356 kB
SReclaimable:      31324 kB
SUnreclaim:        65032 kB
KernelStack:       36912 kB
PageTables:        48156 kB
NFS_Unstable:          0 kB
Bounce:                0 kB
WritebackTmp:          0 kB
CommitLimit:     2152132 kB
Committed_AS:   118021860 kB
VmallocTotal:   251658176 kB
VmallocUsed:      134112 kB
VmallocChunk:   251428908 kB
Time pass: 15 sec

---2015-12-05 14:07:44
MemTotal:        2873608 kB
MemFree:           75296 kB
Buffers:           24208 kB
Cached:          1305580 kB
SwapCached:            0 kB
Active:          1363196 kB
Inactive:         912680 kB
Active(anon):     760628 kB
Inactive(anon):   195636 kB
Active(file):     602568 kB
Inactive(file):   717044 kB
Unevictable:        8104 kB
Mlocked:               0 kB
SwapTotal:        715328 kB
SwapFree:         715328 kB
Dirty:              6588 kB
Writeback:             0 kB
AnonPages:        954396 kB
Mapped:           480752 kB
Shmem:              1860 kB
Slab:              97016 kB
SReclaimable:      31316 kB
SUnreclaim:        65700 kB
KernelStack:       37920 kB
PageTables:        49500 kB
NFS_Unstable:          0 kB
Bounce:                0 kB
WritebackTmp:          0 kB
CommitLimit:     2152132 kB
Committed_AS:   123280840 kB
VmallocTotal:   251658176 kB
VmallocUsed:      136152 kB
VmallocChunk:   251428908 kB
Time pass: 19 sec

---2015-12-05 14:07:44
MemTotal:        2873608 kB
MemFree:           63004 kB
Buffers:           24284 kB
Cached:          1240684 kB
SwapCached:            0 kB
Active:          1401720 kB
Inactive:         820216 kB
Active(anon):     777260 kB
Inactive(anon):   194784 kB
Active(file):     624460 kB
Inactive(file):   625432 kB
Unevictable:       13432 kB
Mlocked:               0 kB
SwapTotal:        715328 kB
SwapFree:         714716 kB
Dirty:              2116 kB
Writeback:             0 kB
AnonPages:        971172 kB
Mapped:           466688 kB
Shmem:              1188 kB
Slab:              97520 kB
SReclaimable:      31564 kB
SUnreclaim:        65956 kB
KernelStack:       37376 kB
PageTables:        48832 kB
NFS_Unstable:          0 kB
Bounce:                0 kB
WritebackTmp:          0 kB
CommitLimit:     2152132 kB
Committed_AS:   120330836 kB
VmallocTotal:   251658176 kB
VmallocUsed:      134508 kB
VmallocChunk:   251471404 kB
Time pass: 22 sec

---2015-12-05 14:07:44
MemTotal:        2873608 kB
MemFree:           75624 kB
Buffers:           23464 kB
Cached:          1151252 kB
SwapCached:            0 kB
Active:          1357340 kB
Inactive:         777460 kB
Active(anon):     776816 kB
Inactive(anon):   198316 kB
Active(file):     580524 kB
Inactive(file):   579144 kB
Unevictable:       13568 kB
Mlocked:               0 kB
SwapTotal:        715328 kB
SwapFree:         714184 kB
Dirty:              3156 kB
Writeback:             0 kB
AnonPages:        973948 kB
Mapped:           538988 kB
Shmem:              1356 kB
Slab:              97248 kB
SReclaimable:      31408 kB
SUnreclaim:        65840 kB
KernelStack:       38288 kB
PageTables:        49392 kB
NFS_Unstable:          0 kB
Bounce:                0 kB
WritebackTmp:          0 kB
CommitLimit:     2152132 kB
Committed_AS:   118784168 kB
VmallocTotal:   251658176 kB
VmallocUsed:      135388 kB
VmallocChunk:   251471404 kB
Time pass: 26 sec

---2015-12-05 14:07:44
MemTotal:        2873608 kB
MemFree:           84432 kB
Buffers:           25196 kB
Cached:          1175440 kB
SwapCached:            0 kB
Active:          1325724 kB
Inactive:         800700 kB
Active(anon):     742636 kB
Inactive(anon):   198176 kB
Active(file):     583088 kB
Inactive(file):   602524 kB
Unevictable:       13568 kB
Mlocked:               0 kB
SwapTotal:        715328 kB
SwapFree:         714184 kB
Dirty:               388 kB
Writeback:             0 kB
AnonPages:        939572 kB
Mapped:           541800 kB
Shmem:              1232 kB
Slab:              96916 kB
SReclaimable:      31264 kB
SUnreclaim:        65652 kB
KernelStack:       38000 kB
PageTables:        49112 kB
NFS_Unstable:          0 kB
Bounce:                0 kB
WritebackTmp:          0 kB
CommitLimit:     2152132 kB
Committed_AS:   118719604 kB
VmallocTotal:   251658176 kB
VmallocUsed:      136408 kB
VmallocChunk:   251471404 kB
Time pass: 30 sec

---2015-12-05 14:07:44
MemTotal:        2873608 kB
MemFree:           74764 kB
Buffers:           25200 kB
Cached:          1176112 kB
SwapCached:            0 kB
Active:          1345188 kB
Inactive:         793764 kB
Active(anon):     754148 kB
Inactive(anon):   198048 kB
Active(file):     591040 kB
Inactive(file):   595716 kB
Unevictable:       13568 kB
Mlocked:               0 kB
SwapTotal:        715328 kB
SwapFree:         714176 kB
Dirty:               180 kB
Writeback:             0 kB
AnonPages:        951172 kB
Mapped:           526124 kB
Shmem:              1116 kB
Slab:              97452 kB
SReclaimable:      31356 kB
SUnreclaim:        66096 kB
KernelStack:       38256 kB
PageTables:        49564 kB
NFS_Unstable:          0 kB
Bounce:                0 kB
WritebackTmp:          0 kB
CommitLimit:     2152132 kB
Committed_AS:   120334380 kB
VmallocTotal:   251658176 kB
VmallocUsed:      136272 kB
VmallocChunk:   251471404 kB
Time pass: 34 sec

---2015-12-05 14:07:44
MemTotal:        2873608 kB
MemFree:           75992 kB
Buffers:           17516 kB
Cached:          1121620 kB
SwapCached:            0 kB
Active:          1379336 kB
Inactive:         764996 kB
Active(anon):     814348 kB
Inactive(anon):   205868 kB
Active(file):     564988 kB
Inactive(file):   559128 kB
Unevictable:       13568 kB
Mlocked:               0 kB
SwapTotal:        715328 kB
SwapFree:         713964 kB
Dirty:               332 kB
Writeback:             4 kB
AnonPages:       1018960 kB
Mapped:           538804 kB
Shmem:              1116 kB
Slab:              98608 kB
SReclaimable:      31360 kB
SUnreclaim:        67248 kB
KernelStack:       39888 kB
PageTables:        51240 kB
NFS_Unstable:          0 kB
Bounce:                0 kB
WritebackTmp:          0 kB
CommitLimit:     2152132 kB
Committed_AS:   125021596 kB
VmallocTotal:   251658176 kB
VmallocUsed:      137260 kB
VmallocChunk:   251472428 kB
Time pass: 38 sec

---2015-12-05 14:07:44
MemTotal:        2873608 kB
MemFree:           97192 kB
Buffers:           18536 kB
Cached:          1116280 kB
SwapCached:            0 kB
Active:          1359072 kB
Inactive:         766008 kB
Active(anon):     797780 kB
Inactive(anon):   207324 kB
Active(file):     561292 kB
Inactive(file):   558684 kB
Unevictable:       13568 kB
Mlocked:               0 kB
SwapTotal:        715328 kB
SwapFree:         713640 kB
Dirty:                44 kB
Writeback:             0 kB
AnonPages:       1004180 kB
Mapped:           546136 kB
Shmem:              1272 kB
Slab:              98276 kB
SReclaimable:      31256 kB
SUnreclaim:        67020 kB
KernelStack:       39248 kB
PageTables:        51092 kB
NFS_Unstable:          0 kB
Bounce:                0 kB
WritebackTmp:          0 kB
CommitLimit:     2152132 kB
Committed_AS:   123251756 kB
VmallocTotal:   251658176 kB
VmallocUsed:      136240 kB
VmallocChunk:   251472428 kB
Time pass: 41 sec

---2015-12-05 14:07:44
MemTotal:        2873608 kB
MemFree:           69948 kB
Buffers:           17644 kB
Cached:          1030632 kB
SwapCached:            0 kB
Active:          1345476 kB
Inactive:         724548 kB
Active(anon):     829388 kB
Inactive(anon):   208232 kB
Active(file):     516088 kB
Inactive(file):   516316 kB
Unevictable:       13568 kB
Mlocked:               0 kB
SwapTotal:        715328 kB
SwapFree:         710632 kB
Dirty:               784 kB
Writeback:             0 kB
AnonPages:       1035668 kB
Mapped:           560760 kB
Shmem:              2220 kB
Slab:              98988 kB
SReclaimable:      31668 kB
SUnreclaim:        67320 kB
KernelStack:       39504 kB
PageTables:        51508 kB
NFS_Unstable:          0 kB
Bounce:                0 kB
WritebackTmp:          0 kB
CommitLimit:     2152132 kB
Committed_AS:   123272400 kB
VmallocTotal:   251658176 kB
VmallocUsed:      136484 kB
VmallocChunk:   251472428 kB
Time pass: 45 sec

---2015-12-05 14:07:44
MemTotal:        2873608 kB
MemFree:           73816 kB
Buffers:           17660 kB
Cached:          1030784 kB
SwapCached:            0 kB
Active:          1343056 kB
Inactive:         724664 kB
Active(anon):     826952 kB
Inactive(anon):   207116 kB
Active(file):     516104 kB
Inactive(file):   517548 kB
Unevictable:       13568 kB
Mlocked:               0 kB
SwapTotal:        715328 kB
SwapFree:         710632 kB
Dirty:               300 kB
Writeback:             0 kB
AnonPages:       1033220 kB
Mapped:           560180 kB
Shmem:              1120 kB
Slab:              98968 kB
SReclaimable:      31800 kB
SUnreclaim:        67168 kB
KernelStack:       39184 kB
PageTables:        50908 kB
NFS_Unstable:          0 kB
Bounce:                0 kB
WritebackTmp:          0 kB
CommitLimit:     2152132 kB
Committed_AS:   121489844 kB
VmallocTotal:   251658176 kB
VmallocUsed:      135464 kB
VmallocChunk:   251472428 kB
Time pass: 49 sec

---2015-12-05 14:07:44
MemTotal:        2873608 kB
MemFree:           82824 kB
Buffers:           15676 kB
Cached:           994348 kB
SwapCached:            0 kB
Active:          1333072 kB
Inactive:         710900 kB
Active(anon):     835600 kB
Inactive(anon):   213228 kB
Active(file):     497472 kB
Inactive(file):   497672 kB
Unevictable:       13568 kB
Mlocked:               0 kB
SwapTotal:        715328 kB
SwapFree:         710224 kB
Dirty:              1204 kB
Writeback:             8 kB
AnonPages:       1047660 kB
Mapped:           592180 kB
Shmem:              1124 kB
Slab:              98536 kB
SReclaimable:      31256 kB
SUnreclaim:        67280 kB
KernelStack:       39744 kB
PageTables:        50956 kB
NFS_Unstable:          0 kB
Bounce:                0 kB
WritebackTmp:          0 kB
CommitLimit:     2152132 kB
Committed_AS:   121505232 kB
VmallocTotal:   251658176 kB
VmallocUsed:      135616 kB
VmallocChunk:   251472428 kB
Time pass: 52 sec

---2015-12-05 14:07:44
MemTotal:        2873608 kB
MemFree:           80860 kB
Buffers:           15652 kB
Cached:           980932 kB
SwapCached:            0 kB
Active:          1325740 kB
Inactive:         703764 kB
Active(anon):     834616 kB
Inactive(anon):   212996 kB
Active(file):     491124 kB
Inactive(file):   490768 kB
Unevictable:       13568 kB
Mlocked:               0 kB
SwapTotal:        715328 kB
SwapFree:         710064 kB
Dirty:              1160 kB
Writeback:             0 kB
AnonPages:       1046448 kB
Mapped:           611576 kB
Shmem:              1124 kB
Slab:              98740 kB
SReclaimable:      31492 kB
SUnreclaim:        67248 kB
KernelStack:       39616 kB
PageTables:        51012 kB
NFS_Unstable:          0 kB
Bounce:                0 kB
WritebackTmp:          0 kB
CommitLimit:     2152132 kB
Committed_AS:   121513340 kB
VmallocTotal:   251658176 kB
VmallocUsed:      135780 kB
VmallocChunk:   251472428 kB
Time pass: 56 sec

---2015-12-05 14:07:44
MemTotal:        2873608 kB
MemFree:           76960 kB
Buffers:           15668 kB
Cached:           982692 kB
SwapCached:            0 kB
Active:          1327640 kB
Inactive:         705460 kB
Active(anon):     836488 kB
Inactive(anon):   212996 kB
Active(file):     491152 kB
Inactive(file):   492464 kB
Unevictable:       13568 kB
Mlocked:               0 kB
SwapTotal:        715328 kB
SwapFree:         710068 kB
Dirty:               128 kB
Writeback:             0 kB
AnonPages:       1048460 kB
Mapped:           612384 kB
Shmem:              1124 kB
Slab:              98800 kB
SReclaimable:      31492 kB
SUnreclaim:        67308 kB
KernelStack:       39568 kB
PageTables:        51024 kB
NFS_Unstable:          0 kB
Bounce:                0 kB
WritebackTmp:          0 kB
CommitLimit:     2152132 kB
Committed_AS:   121513228 kB
VmallocTotal:   251658176 kB
VmallocUsed:      135780 kB
VmallocChunk:   251472428 kB
Time pass: 60 sec

---2015-12-05 14:07:44
MemTotal:        2873608 kB
MemFree:           68820 kB
Buffers:           15656 kB
Cached:           975592 kB
SwapCached:            0 kB
Active:          1326192 kB
Inactive:         701248 kB
Active(anon):     837960 kB
Inactive(anon):   212940 kB
Active(file):     488232 kB
Inactive(file):   488308 kB
Unevictable:       13568 kB
Mlocked:               0 kB
SwapTotal:        715328 kB
SwapFree:         710056 kB
Dirty:               204 kB
Writeback:             0 kB
AnonPages:       1049852 kB
Mapped:           621568 kB
Shmem:              1124 kB
Slab:              98736 kB
SReclaimable:      31476 kB
SUnreclaim:        67260 kB
KernelStack:       39536 kB
PageTables:        51028 kB
NFS_Unstable:          0 kB
Bounce:                0 kB
WritebackTmp:          0 kB
CommitLimit:     2152132 kB
Committed_AS:   121513228 kB
VmallocTotal:   251658176 kB
VmallocUsed:      135892 kB
VmallocChunk:   251472428 kB
Time pass: 64 sec

---2015-12-05 14:07:44
MemTotal:        2873608 kB
MemFree:           68872 kB
Buffers:           15676 kB
Cached:           975912 kB
SwapCached:            0 kB
Active:          1326428 kB
Inactive:         701540 kB
Active(anon):     838196 kB
Inactive(anon):   212940 kB
Active(file):     488232 kB
Inactive(file):   488600 kB
Unevictable:       13568 kB
Mlocked:               0 kB
SwapTotal:        715328 kB
SwapFree:         710056 kB
Dirty:               212 kB
Writeback:             0 kB
AnonPages:       1050208 kB
Mapped:           621712 kB
Shmem:              1124 kB
Slab:              98684 kB
SReclaimable:      31428 kB
SUnreclaim:        67256 kB
KernelStack:       39520 kB
PageTables:        51084 kB
NFS_Unstable:          0 kB
Bounce:                0 kB
WritebackTmp:          0 kB
CommitLimit:     2152132 kB
Committed_AS:   121513204 kB
VmallocTotal:   251658176 kB
VmallocUsed:      135892 kB
VmallocChunk:   251472428 kB
Time pass: 67 sec

---2015-12-05 14:07:44
MemTotal:        2873608 kB
MemFree:           68552 kB
Buffers:           15032 kB
Cached:           927504 kB
SwapCached:            0 kB
Active:          1312176 kB
Inactive:         672988 kB
Active(anon):     845376 kB
Inactive(anon):   211944 kB
Active(file):     466800 kB
Inactive(file):   461044 kB
Unevictable:       13568 kB
Mlocked:               0 kB
SwapTotal:        715328 kB
SwapFree:         708692 kB
Dirty:               488 kB
Writeback:             0 kB
AnonPages:       1056496 kB
Mapped:           634532 kB
Shmem:              1128 kB
Slab:              99004 kB
SReclaimable:      31460 kB
SUnreclaim:        67544 kB
KernelStack:       39520 kB
PageTables:        51192 kB
NFS_Unstable:          0 kB
Bounce:                0 kB
WritebackTmp:          0 kB
CommitLimit:     2152132 kB
Committed_AS:   121513804 kB
VmallocTotal:   251658176 kB
VmallocUsed:      136044 kB
VmallocChunk:   251472428 kB
Time pass: 71 sec

---2015-12-05 14:07:44
MemTotal:        2873608 kB
MemFree:           69112 kB
Buffers:           15040 kB
Cached:           927568 kB
SwapCached:            0 kB
Active:          1312920 kB
Inactive:         672908 kB
Active(anon):     845980 kB
Inactive(anon):   211932 kB
Active(file):     466940 kB
Inactive(file):   460976 kB
Unevictable:       13568 kB
Mlocked:               0 kB
SwapTotal:        715328 kB
SwapFree:         708692 kB
Dirty:                40 kB
Writeback:             0 kB
AnonPages:       1056692 kB
Mapped:           635624 kB
Shmem:              1124 kB
Slab:              98840 kB
SReclaimable:      31428 kB
SUnreclaim:        67412 kB
KernelStack:       39504 kB
PageTables:        51116 kB
NFS_Unstable:          0 kB
Bounce:                0 kB
WritebackTmp:          0 kB
CommitLimit:     2152132 kB
Committed_AS:   121513908 kB
VmallocTotal:   251658176 kB
VmallocUsed:      136056 kB
VmallocChunk:   251472428 kB
Time pass: 75 sec

---2015-12-05 14:07:44
MemTotal:        2873608 kB
MemFree:           64104 kB
Buffers:           14964 kB
Cached:           918584 kB
SwapCached:            0 kB
Active:          1320932 kB
Inactive:         673080 kB
Active(anon):     861144 kB
Inactive(anon):   214012 kB
Active(file):     459788 kB
Inactive(file):   459068 kB
Unevictable:       13568 kB
Mlocked:               0 kB
SwapTotal:        715328 kB
SwapFree:         708072 kB
Dirty:                 0 kB
Writeback:             0 kB
AnonPages:       1074144 kB
Mapped:           635792 kB
Shmem:              1124 kB
Slab:              98984 kB
SReclaimable:      31556 kB
SUnreclaim:        67428 kB
KernelStack:       39696 kB
PageTables:        51160 kB
NFS_Unstable:          0 kB
Bounce:                0 kB
WritebackTmp:          0 kB
CommitLimit:     2152132 kB
Committed_AS:   121526364 kB
VmallocTotal:   251658176 kB
VmallocUsed:      136056 kB
VmallocChunk:   251472428 kB
Time pass: 79 sec

---2015-12-05 14:07:44
MemTotal:        2873608 kB
MemFree:           78508 kB
Buffers:           14988 kB
Cached:           910932 kB
SwapCached:            0 kB
Active:          1312688 kB
Inactive:         670308 kB
Active(anon):     856212 kB
Inactive(anon):   215628 kB
Active(file):     456476 kB
Inactive(file):   454680 kB
Unevictable:       13568 kB
Mlocked:               0 kB
SwapTotal:        715328 kB
SwapFree:         707764 kB
Dirty:               104 kB
Writeback:             0 kB
AnonPages:       1070920 kB
Mapped:           633572 kB
Shmem:              1124 kB
Slab:              98868 kB
SReclaimable:      31360 kB
SUnreclaim:        67508 kB
KernelStack:       39456 kB
PageTables:        50512 kB
NFS_Unstable:          0 kB
Bounce:                0 kB
WritebackTmp:          0 kB
CommitLimit:     2152132 kB
Committed_AS:   119747304 kB
VmallocTotal:   251658176 kB
VmallocUsed:      135036 kB
VmallocChunk:   251472428 kB
Time pass: 82 sec

---2015-12-05 14:07:44
MemTotal:        2873608 kB
MemFree:           71460 kB
Buffers:           14988 kB
Cached:           913568 kB
SwapCached:            4 kB
Active:          1316456 kB
Inactive:         672992 kB
Active(anon):     859956 kB
Inactive(anon):   215800 kB
Active(file):     456500 kB
Inactive(file):   457192 kB
Unevictable:       13568 kB
Mlocked:               0 kB
SwapTotal:        715328 kB
SwapFree:         707764 kB
Dirty:                68 kB
Writeback:             0 kB
AnonPages:       1074608 kB
Mapped:           634480 kB
Shmem:              1296 kB
Slab:              98844 kB
SReclaimable:      31536 kB
SUnreclaim:        67308 kB
KernelStack:       39504 kB
PageTables:        50656 kB
NFS_Unstable:          0 kB
Bounce:                0 kB
WritebackTmp:          0 kB
CommitLimit:     2152132 kB
Committed_AS:   119782944 kB
VmallocTotal:   251658176 kB
VmallocUsed:      137468 kB
VmallocChunk:   251472428 kB
Time pass: 86 sec

---2015-12-05 14:07:44
MemTotal:        2873608 kB
MemFree:           68452 kB
Buffers:           14996 kB
Cached:           913740 kB
SwapCached:            4 kB
Active:          1317348 kB
Inactive:         673160 kB
Active(anon):     860848 kB
Inactive(anon):   215960 kB
Active(file):     456500 kB
Inactive(file):   457200 kB
Unevictable:       13568 kB
Mlocked:               0 kB
SwapTotal:        715328 kB
SwapFree:         707764 kB
Dirty:                40 kB
Writeback:             0 kB
AnonPages:       1075316 kB
Mapped:           634708 kB
Shmem:              1456 kB
Slab:              98888 kB
SReclaimable:      31536 kB
SUnreclaim:        67352 kB
KernelStack:       39488 kB
PageTables:        50840 kB
NFS_Unstable:          0 kB
Bounce:                0 kB
WritebackTmp:          0 kB
CommitLimit:     2152132 kB
Committed_AS:   119782956 kB
VmallocTotal:   251658176 kB
VmallocUsed:      137468 kB
VmallocChunk:   251472428 kB
Time pass: 90 sec

---2015-12-05 14:07:44
MemTotal:        2873608 kB
MemFree:           67132 kB
Buffers:           15020 kB
Cached:           913716 kB
SwapCached:            4 kB
Active:          1319068 kB
Inactive:         673172 kB
Active(anon):     862568 kB
Inactive(anon):   215960 kB
Active(file):     456500 kB
Inactive(file):   457212 kB
Unevictable:       13568 kB
Mlocked:               0 kB
SwapTotal:        715328 kB
SwapFree:         707764 kB
Dirty:                 0 kB
Writeback:             0 kB
AnonPages:       1077008 kB
Mapped:           634724 kB
Shmem:              1456 kB
Slab:              98884 kB
SReclaimable:      31552 kB
SUnreclaim:        67332 kB
KernelStack:       39488 kB
PageTables:        50848 kB
NFS_Unstable:          0 kB
Bounce:                0 kB
WritebackTmp:          0 kB
CommitLimit:     2152132 kB
Committed_AS:   119782972 kB
VmallocTotal:   251658176 kB
VmallocUsed:      137468 kB
VmallocChunk:   251472428 kB
Time pass: 94 sec

---2015-12-05 14:07:44
MemTotal:        2873608 kB
MemFree:           79808 kB
Buffers:           14956 kB
Cached:           910260 kB
SwapCached:            4 kB
Active:          1316212 kB
Inactive:         664352 kB
Active(anon):     854432 kB
Inactive(anon):   216200 kB
Active(file):     461780 kB
Inactive(file):   448152 kB
Unevictable:       13568 kB
Mlocked:               0 kB
SwapTotal:        715328 kB
SwapFree:         707576 kB
Dirty:                76 kB
Writeback:            20 kB
AnonPages:       1069272 kB
Mapped:           634496 kB
Shmem:              1252 kB
Slab:              98972 kB
SReclaimable:      31552 kB
SUnreclaim:        67420 kB
KernelStack:       39520 kB
PageTables:        50560 kB
NFS_Unstable:          0 kB
Bounce:                0 kB
WritebackTmp:          0 kB
CommitLimit:     2152132 kB
Committed_AS:   119755288 kB
VmallocTotal:   251658176 kB
VmallocUsed:      137468 kB
VmallocChunk:   251472428 kB
Time pass: 97 sec

---2015-12-05 14:07:44
MemTotal:        2873608 kB
MemFree:          312564 kB
Buffers:           13200 kB
Cached:           901212 kB
SwapCached:            4 kB
Active:          1209580 kB
Inactive:         651464 kB
Active(anon):     746628 kB
Inactive(anon):   214804 kB
Active(file):     462952 kB
Inactive(file):   436660 kB
Unevictable:       13568 kB
Mlocked:               0 kB
SwapTotal:        715328 kB
SwapFree:         706984 kB
Dirty:               480 kB
Writeback:             0 kB
AnonPages:        960388 kB
Mapped:           465084 kB
Shmem:               996 kB
Slab:              98596 kB
SReclaimable:      31556 kB
SUnreclaim:        67040 kB
KernelStack:       37680 kB
PageTables:        47656 kB
NFS_Unstable:          0 kB
Bounce:                0 kB
WritebackTmp:          0 kB
CommitLimit:     2152132 kB
Committed_AS:   114778476 kB
VmallocTotal:   251658176 kB
VmallocUsed:      133448 kB
VmallocChunk:   251473452 kB
Time pass: 101 sec

---2015-12-05 14:07:44
MemTotal:        2873608 kB
MemFree:          311664 kB
Buffers:           13208 kB
Cached:           901432 kB
SwapCached:            4 kB
Active:          1210316 kB
Inactive:         651672 kB
Active(anon):     747292 kB
Inactive(anon):   214636 kB
Active(file):     463024 kB
Inactive(file):   437036 kB
Unevictable:       13568 kB
Mlocked:               0 kB
SwapTotal:        715328 kB
SwapFree:         706984 kB
Dirty:                 0 kB
Writeback:             0 kB
AnonPages:        960992 kB
Mapped:           465080 kB
Shmem:               988 kB
Slab:              98456 kB
SReclaimable:      31572 kB
SUnreclaim:        66884 kB
KernelStack:       37136 kB
PageTables:        47520 kB
NFS_Unstable:          0 kB
Bounce:                0 kB
WritebackTmp:          0 kB
CommitLimit:     2152132 kB
Committed_AS:   114778652 kB
VmallocTotal:   251658176 kB
VmallocUsed:      133448 kB
VmallocChunk:   251473452 kB
Time pass: 104 sec

---2015-12-05 14:07:44
MemTotal:        2873608 kB
MemFree:          309040 kB
Buffers:           13240 kB
Cached:           903220 kB
SwapCached:            4 kB
Active:          1248492 kB
Inactive:         648004 kB
Active(anon):     779956 kB
Inactive(anon):   214768 kB
Active(file):     468536 kB
Inactive(file):   433236 kB
Unevictable:       13568 kB
Mlocked:               0 kB
SwapTotal:        715328 kB
SwapFree:         706984 kB
Dirty:              1304 kB
Writeback:             0 kB
AnonPages:        993728 kB
Mapped:           481616 kB
Shmem:              1120 kB
Slab:              98432 kB
SReclaimable:      31584 kB
SUnreclaim:        66848 kB
KernelStack:       38320 kB
PageTables:        48584 kB
NFS_Unstable:          0 kB
Bounce:                0 kB
WritebackTmp:          0 kB
CommitLimit:     2152132 kB
Committed_AS:   116098236 kB
VmallocTotal:   251658176 kB
VmallocUsed:      134156 kB
VmallocChunk:   251473452 kB
Time pass: 108 sec

---2015-12-05 14:07:44
MemTotal:        2873608 kB
MemFree:          208124 kB
Buffers:           13272 kB
Cached:           904536 kB
SwapCached:            4 kB
Active:          1267372 kB
Inactive:         647056 kB
Active(anon):     796388 kB
Inactive(anon):   214772 kB
Active(file):     470984 kB
Inactive(file):   432284 kB
Unevictable:       13568 kB
Mlocked:               0 kB
SwapTotal:        715328 kB
SwapFree:         706984 kB
Dirty:               828 kB
Writeback:             0 kB
AnonPages:       1010244 kB
Mapped:           559284 kB
Shmem:              1124 kB
Slab:              98404 kB
SReclaimable:      31632 kB
SUnreclaim:        66772 kB
KernelStack:       38304 kB
PageTables:        48816 kB
NFS_Unstable:          0 kB
Bounce:                0 kB
WritebackTmp:          0 kB
CommitLimit:     2152132 kB
Committed_AS:   116114692 kB
VmallocTotal:   251658176 kB
VmallocUsed:      134804 kB
VmallocChunk:   251473452 kB
Time pass: 112 sec

---2015-12-05 14:07:44
MemTotal:        2873608 kB
MemFree:          191404 kB
Buffers:           13280 kB
Cached:           905640 kB
SwapCached:           20 kB
Active:          1262996 kB
Inactive:         647676 kB
Active(anon):     791660 kB
Inactive(anon):   214788 kB
Active(file):     471336 kB
Inactive(file):   432888 kB
Unevictable:       13568 kB
Mlocked:               0 kB
SwapTotal:        715328 kB
SwapFree:         706984 kB
Dirty:               784 kB
Writeback:             0 kB
AnonPages:       1005328 kB
Mapped:           578748 kB
Shmem:              1124 kB
Slab:              98444 kB
SReclaimable:      31632 kB
SUnreclaim:        66812 kB
KernelStack:       38528 kB
PageTables:        49412 kB
NFS_Unstable:          0 kB
Bounce:                0 kB
WritebackTmp:          0 kB
CommitLimit:     2152132 kB
Committed_AS:   117897236 kB
VmallocTotal:   251658176 kB
VmallocUsed:      133576 kB
VmallocChunk:   251473452 kB
Time pass: 116 sec

---2015-12-05 14:07:44
MemTotal:        2873608 kB
MemFree:          173756 kB
Buffers:           13280 kB
Cached:           905712 kB
SwapCached:           20 kB
Active:          1265436 kB
Inactive:         647716 kB
Active(anon):     793920 kB
Inactive(anon):   214788 kB
Active(file):     471516 kB
Inactive(file):   432928 kB
Unevictable:       13568 kB
Mlocked:               0 kB
SwapTotal:        715328 kB
SwapFree:         706984 kB
Dirty:               204 kB
Writeback:             0 kB
AnonPages:       1007512 kB
Mapped:           588620 kB
Shmem:              1124 kB
Slab:              98380 kB
SReclaimable:      31632 kB
SUnreclaim:        66748 kB
KernelStack:       38528 kB
PageTables:        49456 kB
NFS_Unstable:          0 kB
Bounce:                0 kB
WritebackTmp:          0 kB
CommitLimit:     2152132 kB
Committed_AS:   117897348 kB
VmallocTotal:   251658176 kB
VmallocUsed:      133684 kB
VmallocChunk:   251473452 kB
Time pass: 120 sec

---2015-12-05 14:07:44
MemTotal:        2873608 kB
MemFree:          172056 kB
Buffers:           13288 kB
Cached:           905712 kB
SwapCached:           20 kB
Active:          1267540 kB
Inactive:         647704 kB
Active(anon):     796000 kB
Inactive(anon):   214788 kB
Active(file):     471540 kB
Inactive(file):   432916 kB
Unevictable:       13568 kB
Mlocked:               0 kB
SwapTotal:        715328 kB
SwapFree:         706984 kB
Dirty:                 0 kB
Writeback:             0 kB
AnonPages:       1009632 kB
Mapped:           588632 kB
Shmem:              1124 kB
Slab:              98344 kB
SReclaimable:      31632 kB
SUnreclaim:        66712 kB
KernelStack:       38528 kB
PageTables:        49460 kB
NFS_Unstable:          0 kB
Bounce:                0 kB
WritebackTmp:          0 kB
CommitLimit:     2152132 kB
Committed_AS:   117897524 kB
VmallocTotal:   251658176 kB
VmallocUsed:      133684 kB
VmallocChunk:   251473452 kB
Time pass: 123 sec

---2015-12-05 14:07:44
MemTotal:        2873608 kB
MemFree:          136880 kB
Buffers:           14840 kB
Cached:           905764 kB
SwapCached:           44 kB
Active:          1277232 kB
Inactive:         649136 kB
Active(anon):     805644 kB
Inactive(anon):   214784 kB
Active(file):     471588 kB
Inactive(file):   434352 kB
Unevictable:       13568 kB
Mlocked:               0 kB
SwapTotal:        715328 kB
SwapFree:         706984 kB
Dirty:                76 kB
Writeback:             0 kB
AnonPages:       1019132 kB
Mapped:           607556 kB
Shmem:              1120 kB
Slab:              98444 kB
SReclaimable:      31632 kB
SUnreclaim:        66812 kB
KernelStack:       38784 kB
PageTables:        49912 kB
NFS_Unstable:          0 kB
Bounce:                0 kB
WritebackTmp:          0 kB
CommitLimit:     2152132 kB
Committed_AS:   119687120 kB
VmallocTotal:   251658176 kB
VmallocUsed:      134864 kB
VmallocChunk:   251473452 kB
Time pass: 127 sec

---2015-12-05 14:07:44
MemTotal:        2873608 kB
MemFree:          133460 kB
Buffers:           14864 kB
Cached:           905800 kB
SwapCached:           48 kB
Active:          1280096 kB
Inactive:         649056 kB
Active(anon):     808372 kB
Inactive(anon):   214812 kB
Active(file):     471724 kB
Inactive(file):   434244 kB
Unevictable:       13568 kB
Mlocked:               0 kB
SwapTotal:        715328 kB
SwapFree:         706984 kB
Dirty:               224 kB
Writeback:             0 kB
AnonPages:       1022008 kB
Mapped:           609460 kB
Shmem:              1124 kB
Slab:              98428 kB
SReclaimable:      31632 kB
SUnreclaim:        66796 kB
KernelStack:       38880 kB
PageTables:        50080 kB
NFS_Unstable:          0 kB
Bounce:                0 kB
WritebackTmp:          0 kB
CommitLimit:     2152132 kB
Committed_AS:   119685144 kB
VmallocTotal:   251658176 kB
VmallocUsed:      134864 kB
VmallocChunk:   251473452 kB
Time pass: 131 sec

---2015-12-05 14:07:44
MemTotal:        2873608 kB
MemFree:          134344 kB
Buffers:           14864 kB
Cached:           905800 kB
SwapCached:           48 kB
Active:          1279340 kB
Inactive:         649056 kB
Active(anon):     807612 kB
Inactive(anon):   214812 kB
Active(file):     471728 kB
Inactive(file):   434244 kB
Unevictable:       13568 kB
Mlocked:               0 kB
SwapTotal:        715328 kB
SwapFree:         706984 kB
Dirty:                 0 kB
Writeback:             0 kB
AnonPages:       1021124 kB
Mapped:           609728 kB
Shmem:              1124 kB
Slab:              98404 kB
SReclaimable:      31632 kB
SUnreclaim:        66772 kB
KernelStack:       38880 kB
PageTables:        50108 kB
NFS_Unstable:          0 kB
Bounce:                0 kB
WritebackTmp:          0 kB
CommitLimit:     2152132 kB
Committed_AS:   119685192 kB
VmallocTotal:   251658176 kB
VmallocUsed:      134864 kB
VmallocChunk:   251473452 kB
Time pass: 135 sec

---2015-12-05 14:07:44
MemTotal:        2873608 kB
MemFree:          114092 kB
Buffers:           14904 kB
Cached:           905932 kB
SwapCached:           48 kB
Active:          1292996 kB
Inactive:         648216 kB
Active(anon):     820264 kB
Inactive(anon):   214924 kB
Active(file):     472732 kB
Inactive(file):   433292 kB
Unevictable:       13568 kB
Mlocked:               0 kB
SwapTotal:        715328 kB
SwapFree:         706984 kB
Dirty:                80 kB
Writeback:            16 kB
AnonPages:       1034164 kB
Mapped:           612892 kB
Shmem:              1244 kB
Slab:              98540 kB
SReclaimable:      31648 kB
SUnreclaim:        66892 kB
KernelStack:       39312 kB
PageTables:        50300 kB
NFS_Unstable:          0 kB
Bounce:                0 kB
WritebackTmp:          0 kB
CommitLimit:     2152132 kB
Committed_AS:   119725248 kB
VmallocTotal:   251658176 kB
VmallocUsed:      137296 kB
VmallocChunk:   251473452 kB
Time pass: 138 sec

---2015-12-05 14:07:44
MemTotal:        2873608 kB
MemFree:          116592 kB
Buffers:           14912 kB
Cached:           906044 kB
SwapCached:           72 kB
Active:          1295228 kB
Inactive:         648332 kB
Active(anon):     822484 kB
Inactive(anon):   215040 kB
Active(file):     472744 kB
Inactive(file):   433292 kB
Unevictable:       13568 kB
Mlocked:               0 kB
SwapTotal:        715328 kB
SwapFree:         706984 kB
Dirty:                60 kB
Writeback:             0 kB
AnonPages:       1036176 kB
Mapped:           613332 kB
Shmem:              1352 kB
Slab:              98592 kB
SReclaimable:      31680 kB
SUnreclaim:        66912 kB
KernelStack:       39280 kB
PageTables:        50384 kB
NFS_Unstable:          0 kB
Bounce:                0 kB
WritebackTmp:          0 kB
CommitLimit:     2152132 kB
Committed_AS:   119725196 kB
VmallocTotal:   251658176 kB
VmallocUsed:      137296 kB
VmallocChunk:   251473452 kB
Time pass: 142 sec

---2015-12-05 14:07:44
MemTotal:        2873608 kB
MemFree:          114128 kB
Buffers:           14912 kB
Cached:           906068 kB
SwapCached:           72 kB
Active:          1296572 kB
Inactive:         648360 kB
Active(anon):     823824 kB
Inactive(anon):   215068 kB
Active(file):     472748 kB
Inactive(file):   433292 kB
Unevictable:       13568 kB
Mlocked:               0 kB
SwapTotal:        715328 kB
SwapFree:         706984 kB
Dirty:                 0 kB
Writeback:             0 kB
AnonPages:       1037496 kB
Mapped:           613424 kB
Shmem:              1372 kB
Slab:              98636 kB
SReclaimable:      31680 kB
SUnreclaim:        66956 kB
KernelStack:       39312 kB
PageTables:        50464 kB
NFS_Unstable:          0 kB
Bounce:                0 kB
WritebackTmp:          0 kB
CommitLimit:     2152132 kB
Committed_AS:   119725240 kB
VmallocTotal:   251658176 kB
VmallocUsed:      137296 kB
VmallocChunk:   251473452 kB
Time pass: 146 sec

---2015-12-05 14:07:44
MemTotal:        2873608 kB
MemFree:          114116 kB
Buffers:           14920 kB
Cached:           906256 kB
SwapCached:           72 kB
Active:          1296308 kB
Inactive:         648556 kB
Active(anon):     823560 kB
Inactive(anon):   215256 kB
Active(file):     472748 kB
Inactive(file):   433300 kB
Unevictable:       13568 kB
Mlocked:               0 kB
SwapTotal:        715328 kB
SwapFree:         706984 kB
Dirty:                48 kB
Writeback:             0 kB
AnonPages:       1037320 kB
Mapped:           613564 kB
Shmem:              1560 kB
Slab:              98644 kB
SReclaimable:      31680 kB
SUnreclaim:        66964 kB
KernelStack:       39280 kB
PageTables:        50412 kB
NFS_Unstable:          0 kB
Bounce:                0 kB
WritebackTmp:          0 kB
CommitLimit:     2152132 kB
Committed_AS:   119725224 kB
VmallocTotal:   251658176 kB
VmallocUsed:      137296 kB
VmallocChunk:   251473452 kB
Time pass: 150 sec

---2015-12-05 14:07:44
MemTotal:        2873608 kB
MemFree:          114024 kB
Buffers:           14928 kB
Cached:           906260 kB
SwapCached:           72 kB
Active:          1296472 kB
Inactive:         648564 kB
Active(anon):     823720 kB
Inactive(anon):   215256 kB
Active(file):     472752 kB
Inactive(file):   433308 kB
Unevictable:       13568 kB
Mlocked:               0 kB
SwapTotal:        715328 kB
SwapFree:         706984 kB
Dirty:                12 kB
Writeback:             0 kB
AnonPages:       1037360 kB
Mapped:           613636 kB
Shmem:              1560 kB
Slab:              98660 kB
SReclaimable:      31680 kB
SUnreclaim:        66980 kB
KernelStack:       39280 kB
PageTables:        50388 kB
NFS_Unstable:          0 kB
Bounce:                0 kB
WritebackTmp:          0 kB
CommitLimit:     2152132 kB
Committed_AS:   119725248 kB
VmallocTotal:   251658176 kB
VmallocUsed:      137296 kB
VmallocChunk:   251473452 kB
Time pass: 154 sec

---2015-12-05 14:07:44
MemTotal:        2873608 kB
MemFree:          106776 kB
Buffers:           14976 kB
Cached:           905840 kB
SwapCached:           72 kB
Active:          1305036 kB
Inactive:         647984 kB
Active(anon):     832092 kB
Inactive(anon):   214820 kB
Active(file):     472944 kB
Inactive(file):   433164 kB
Unevictable:       13568 kB
Mlocked:               0 kB
SwapTotal:        715328 kB
SwapFree:         706984 kB
Dirty:                 0 kB
Writeback:            24 kB
AnonPages:       1045668 kB
Mapped:           614644 kB
Shmem:              1140 kB
Slab:              98788 kB
SReclaimable:      31680 kB
SUnreclaim:        67108 kB
KernelStack:       39216 kB
PageTables:        50244 kB
NFS_Unstable:          0 kB
Bounce:                0 kB
WritebackTmp:          0 kB
CommitLimit:     2152132 kB
Committed_AS:   119733504 kB
VmallocTotal:   251658176 kB
VmallocUsed:      137296 kB
VmallocChunk:   251473452 kB
Time pass: 157 sec

---2015-12-05 14:07:44
MemTotal:        2873608 kB
MemFree:          130948 kB
Buffers:           15008 kB
Cached:           905944 kB
SwapCached:           72 kB
Active:          1285116 kB
Inactive:         647780 kB
Active(anon):     811820 kB
Inactive(anon):   214940 kB
Active(file):     473296 kB
Inactive(file):   432840 kB
Unevictable:       13568 kB
Mlocked:               0 kB
SwapTotal:        715328 kB
SwapFree:         706984 kB
Dirty:                88 kB
Writeback:             0 kB
AnonPages:       1025448 kB
Mapped:           605732 kB
Shmem:              1244 kB
Slab:              98680 kB
SReclaimable:      31680 kB
SUnreclaim:        67000 kB
KernelStack:       38720 kB
PageTables:        49712 kB
NFS_Unstable:          0 kB
Bounce:                0 kB
WritebackTmp:          0 kB
CommitLimit:     2152132 kB
Committed_AS:   118482040 kB
VmallocTotal:   251658176 kB
VmallocUsed:      136116 kB
VmallocChunk:   251473452 kB
Time pass: 161 sec

---2015-12-05 14:07:44
MemTotal:        2873608 kB
MemFree:          128188 kB
Buffers:           15024 kB
Cached:           906032 kB
SwapCached:           72 kB
Active:          1286740 kB
Inactive:         647788 kB
Active(anon):     813348 kB
Inactive(anon):   215020 kB
Active(file):     473392 kB
Inactive(file):   432768 kB
Unevictable:       13568 kB
Mlocked:               0 kB
SwapTotal:        715328 kB
SwapFree:         706984 kB
Dirty:               128 kB
Writeback:             0 kB
AnonPages:       1027108 kB
Mapped:           605908 kB
Shmem:              1328 kB
Slab:              98560 kB
SReclaimable:      31696 kB
SUnreclaim:        66864 kB
KernelStack:       38560 kB
PageTables:        49652 kB
NFS_Unstable:          0 kB
Bounce:                0 kB
WritebackTmp:          0 kB
CommitLimit:     2152132 kB
Committed_AS:   118486192 kB
VmallocTotal:   251658176 kB
VmallocUsed:      136116 kB
VmallocChunk:   251473452 kB
Time pass: 165 sec

---2015-12-05 14:07:44
MemTotal:        2873608 kB
MemFree:          127172 kB
Buffers:           15032 kB
Cached:           906132 kB
SwapCached:           72 kB
Active:          1287640 kB
Inactive:         647896 kB
Active(anon):     814248 kB
Inactive(anon):   215112 kB
Active(file):     473392 kB
Inactive(file):   432784 kB
Unevictable:       13568 kB
Mlocked:               0 kB
SwapTotal:        715328 kB
SwapFree:         706984 kB
Dirty:                56 kB
Writeback:             0 kB
AnonPages:       1027788 kB
Mapped:           606020 kB
Shmem:              1420 kB
Slab:              98440 kB
SReclaimable:      31584 kB
SUnreclaim:        66856 kB
KernelStack:       38528 kB
PageTables:        49652 kB
NFS_Unstable:          0 kB
Bounce:                0 kB
WritebackTmp:          0 kB
CommitLimit:     2152132 kB
Committed_AS:   118486096 kB
VmallocTotal:   251658176 kB
VmallocUsed:      136116 kB
VmallocChunk:   251473452 kB
Time pass: 169 sec

---2015-12-05 14:07:44
MemTotal:        2873608 kB
MemFree:          128332 kB
Buffers:           15032 kB
Cached:           906152 kB
SwapCached:           72 kB
Active:          1287212 kB
Inactive:         647916 kB
Active(anon):     813820 kB
Inactive(anon):   215132 kB
Active(file):     473392 kB
Inactive(file):   432784 kB
Unevictable:       13568 kB
Mlocked:               0 kB
SwapTotal:        715328 kB
SwapFree:         706984 kB
Dirty:                 0 kB
Writeback:             0 kB
AnonPages:       1027544 kB
Mapped:           606048 kB
Shmem:              1440 kB
Slab:              98440 kB
SReclaimable:      31584 kB
SUnreclaim:        66856 kB
KernelStack:       38512 kB
PageTables:        49652 kB
NFS_Unstable:          0 kB
Bounce:                0 kB
WritebackTmp:          0 kB
CommitLimit:     2152132 kB
Committed_AS:   118486048 kB
VmallocTotal:   251658176 kB
VmallocUsed:      136116 kB
VmallocChunk:   251473452 kB
Time pass: 173 sec

---2015-12-05 14:07:44
MemTotal:        2873608 kB
MemFree:          138020 kB
Buffers:           15048 kB
Cached:           905936 kB
SwapCached:           72 kB
Active:          1278152 kB
Inactive:         647784 kB
Active(anon):     804756 kB
Inactive(anon):   214984 kB
Active(file):     473396 kB
Inactive(file):   432800 kB
Unevictable:       13568 kB
Mlocked:               0 kB
SwapTotal:        715328 kB
SwapFree:         706984 kB
Dirty:                16 kB
Writeback:             0 kB
AnonPages:       1018636 kB
Mapped:           605620 kB
Shmem:              1220 kB
Slab:              98440 kB
SReclaimable:      31584 kB
SUnreclaim:        66856 kB
KernelStack:       38480 kB
PageTables:        49660 kB
NFS_Unstable:          0 kB
Bounce:                0 kB
WritebackTmp:          0 kB
CommitLimit:     2152132 kB
Committed_AS:   118458712 kB
VmallocTotal:   251658176 kB
VmallocUsed:      136116 kB
VmallocChunk:   251473452 kB
Time pass: 176 sec

---2015-12-05 14:07:44
MemTotal:        2873608 kB
MemFree:          138144 kB
Buffers:           15048 kB
Cached:           905840 kB
SwapCached:           72 kB
Active:          1278376 kB
Inactive:         647620 kB
Active(anon):     804980 kB
Inactive(anon):   214820 kB
Active(file):     473396 kB
Inactive(file):   432800 kB
Unevictable:       13568 kB
Mlocked:               0 kB
SwapTotal:        715328 kB
SwapFree:         706984 kB
Dirty:                 0 kB
Writeback:             0 kB
AnonPages:       1018568 kB
Mapped:           605760 kB
Shmem:              1124 kB
Slab:              98408 kB
SReclaimable:      31584 kB
SUnreclaim:        66824 kB
KernelStack:       38160 kB
PageTables:        49496 kB
NFS_Unstable:          0 kB
Bounce:                0 kB
WritebackTmp:          0 kB
CommitLimit:     2152132 kB
Committed_AS:   118458580 kB
VmallocTotal:   251658176 kB
VmallocUsed:      136100 kB
VmallocChunk:   251473452 kB
Time pass: 180 sec

---2015-12-05 14:07:44
MemTotal:        2873608 kB
MemFree:          138120 kB
Buffers:           15056 kB
Cached:           905840 kB
SwapCached:           72 kB
Active:          1278408 kB
Inactive:         647628 kB
Active(anon):     805012 kB
Inactive(anon):   214820 kB
Active(file):     473396 kB
Inactive(file):   432808 kB
Unevictable:       13568 kB
Mlocked:               0 kB
SwapTotal:        715328 kB
SwapFree:         706984 kB
Dirty:                12 kB
Writeback:             0 kB
AnonPages:       1018664 kB
Mapped:           605760 kB
Shmem:              1124 kB
Slab:              98408 kB
SReclaimable:      31584 kB
SUnreclaim:        66824 kB
KernelStack:       38160 kB
PageTables:        49496 kB
NFS_Unstable:          0 kB
Bounce:                0 kB
WritebackTmp:          0 kB
CommitLimit:     2152132 kB
Committed_AS:   118458556 kB
VmallocTotal:   251658176 kB
VmallocUsed:      136100 kB
VmallocChunk:   251473452 kB
Time pass: 184 sec

---2015-12-05 14:07:44
MemTotal:        2873608 kB
MemFree:          138512 kB
Buffers:           15056 kB
Cached:           905840 kB
SwapCached:           72 kB
Active:          1278368 kB
Inactive:         647628 kB
Active(anon):     804972 kB
Inactive(anon):   214820 kB
Active(file):     473396 kB
Inactive(file):   432808 kB
Unevictable:       13568 kB
Mlocked:               0 kB
SwapTotal:        715328 kB
SwapFree:         706984 kB
Dirty:                12 kB
Writeback:             0 kB
AnonPages:       1018724 kB
Mapped:           605636 kB
Shmem:              1124 kB
Slab:              98408 kB
SReclaimable:      31584 kB
SUnreclaim:        66824 kB
KernelStack:       38160 kB
PageTables:        49532 kB
NFS_Unstable:          0 kB
Bounce:                0 kB
WritebackTmp:          0 kB
CommitLimit:     2152132 kB
Committed_AS:   118458624 kB
VmallocTotal:   251658176 kB
VmallocUsed:      136100 kB
VmallocChunk:   251473452 kB
Time pass: 188 sec

---2015-12-05 14:07:44
MemTotal:        2873608 kB
MemFree:          126324 kB
Buffers:           15104 kB
Cached:           905992 kB
SwapCached:           72 kB
Active:          1290316 kB
Inactive:         647820 kB
Active(anon):     816916 kB
Inactive(anon):   214980 kB
Active(file):     473400 kB
Inactive(file):   432840 kB
Unevictable:       13568 kB
Mlocked:               0 kB
SwapTotal:        715328 kB
SwapFree:         706984 kB
Dirty:                60 kB
Writeback:             0 kB
AnonPages:       1030732 kB
Mapped:           606116 kB
Shmem:              1288 kB
Slab:              98360 kB
SReclaimable:      31552 kB
SUnreclaim:        66808 kB
KernelStack:       38544 kB
PageTables:        49660 kB
NFS_Unstable:          0 kB
Bounce:                0 kB
WritebackTmp:          0 kB
CommitLimit:     2152132 kB
Committed_AS:   118498504 kB
VmallocTotal:   251658176 kB
VmallocUsed:      136116 kB
VmallocChunk:   251473452 kB
Time pass: 192 sec

---2015-12-05 14:07:44
MemTotal:        2873608 kB
MemFree:          124652 kB
Buffers:           15104 kB
Cached:           906032 kB
SwapCached:           72 kB
Active:          1291152 kB
Inactive:         647860 kB
Active(anon):     817752 kB
Inactive(anon):   215004 kB
Active(file):     473400 kB
Inactive(file):   432856 kB
Unevictable:       13568 kB
Mlocked:               0 kB
SwapTotal:        715328 kB
SwapFree:         706984 kB
Dirty:                 0 kB
Writeback:             0 kB
AnonPages:       1031708 kB
Mapped:           606068 kB
Shmem:              1312 kB
Slab:              98364 kB
SReclaimable:      31552 kB
SUnreclaim:        66812 kB
KernelStack:       38544 kB
PageTables:        49656 kB
NFS_Unstable:          0 kB
Bounce:                0 kB
WritebackTmp:          0 kB
CommitLimit:     2152132 kB
Committed_AS:   118498520 kB
VmallocTotal:   251658176 kB
VmallocUsed:      136116 kB
VmallocChunk:   251473452 kB
Time pass: 195 sec

---2015-12-05 14:07:44
MemTotal:        2873608 kB
MemFree:          125560 kB
Buffers:           15112 kB
Cached:           906064 kB
SwapCached:           72 kB
Active:          1290152 kB
Inactive:         647900 kB
Active(anon):     816752 kB
Inactive(anon):   215036 kB
Active(file):     473400 kB
Inactive(file):   432864 kB
Unevictable:       13568 kB
Mlocked:               0 kB
SwapTotal:        715328 kB
SwapFree:         706984 kB
Dirty:                44 kB
Writeback:             0 kB
AnonPages:       1030632 kB
Mapped:           606220 kB
Shmem:              1344 kB
Slab:              98516 kB
SReclaimable:      31552 kB
SUnreclaim:        66964 kB
KernelStack:       38544 kB
PageTables:        49608 kB
NFS_Unstable:          0 kB
Bounce:                0 kB
WritebackTmp:          0 kB
CommitLimit:     2152132 kB
Committed_AS:   118498488 kB
VmallocTotal:   251658176 kB
VmallocUsed:      136116 kB
VmallocChunk:   251473452 kB
Time pass: 199 sec

---2015-12-05 14:07:44
MemTotal:        2873608 kB
MemFree:          125696 kB
Buffers:           15112 kB
Cached:           906064 kB
SwapCached:           72 kB
Active:          1289964 kB
Inactive:         647900 kB
Active(anon):     816564 kB
Inactive(anon):   215036 kB
Active(file):     473400 kB
Inactive(file):   432864 kB
Unevictable:       13568 kB
Mlocked:               0 kB
SwapTotal:        715328 kB
SwapFree:         706984 kB
Dirty:                44 kB
Writeback:             0 kB
AnonPages:       1030300 kB
Mapped:           606196 kB
Shmem:              1344 kB
Slab:              98368 kB
SReclaimable:      31552 kB
SUnreclaim:        66816 kB
KernelStack:       38528 kB
PageTables:        49628 kB
NFS_Unstable:          0 kB
Bounce:                0 kB
WritebackTmp:          0 kB
CommitLimit:     2152132 kB
Committed_AS:   118498512 kB
VmallocTotal:   251658176 kB
VmallocUsed:      136116 kB
VmallocChunk:   251473452 kB
Time pass: 203 sec

---2015-12-05 14:07:44
MemTotal:        2873608 kB
MemFree:          125524 kB
Buffers:           15120 kB
Cached:           906064 kB
SwapCached:           72 kB
Active:          1289996 kB
Inactive:         647908 kB
Active(anon):     816596 kB
Inactive(anon):   215036 kB
Active(file):     473400 kB
Inactive(file):   432872 kB
Unevictable:       13568 kB
Mlocked:               0 kB
SwapTotal:        715328 kB
SwapFree:         706984 kB
Dirty:                 4 kB
Writeback:             0 kB
AnonPages:       1030488 kB
Mapped:           606376 kB
Shmem:              1344 kB
Slab:              98368 kB
SReclaimable:      31552 kB
SUnreclaim:        66816 kB
KernelStack:       38528 kB
PageTables:        49692 kB
NFS_Unstable:          0 kB
Bounce:                0 kB
WritebackTmp:          0 kB
CommitLimit:     2152132 kB
Committed_AS:   118498488 kB
VmallocTotal:   251658176 kB
VmallocUsed:      136116 kB
VmallocChunk:   251473452 kB
Time pass: 207 sec

---2015-12-05 14:07:44
MemTotal:        2873608 kB
MemFree:          125716 kB
Buffers:           15120 kB
Cached:           906064 kB
SwapCached:           72 kB
Active:          1290020 kB
Inactive:         647908 kB
Active(anon):     816620 kB
Inactive(anon):   215036 kB
Active(file):     473400 kB
Inactive(file):   432872 kB
Unevictable:       13568 kB
Mlocked:               0 kB
SwapTotal:        715328 kB
SwapFree:         706984 kB
Dirty:                 0 kB
Writeback:             0 kB
AnonPages:       1030288 kB
Mapped:           606268 kB
Shmem:              1344 kB
Slab:              98368 kB
SReclaimable:      31552 kB
SUnreclaim:        66816 kB
KernelStack:       38528 kB
PageTables:        49628 kB
NFS_Unstable:          0 kB
Bounce:                0 kB
WritebackTmp:          0 kB
CommitLimit:     2152132 kB
Committed_AS:   118498496 kB
VmallocTotal:   251658176 kB
VmallocUsed:      136116 kB
VmallocChunk:   251473452 kB
Time pass: 210 sec

---2015-12-05 14:07:44
MemTotal:        2873608 kB
MemFree:          125192 kB
Buffers:           15120 kB
Cached:           906064 kB
SwapCached:           72 kB
Active:          1290136 kB
Inactive:         647908 kB
Active(anon):     816736 kB
Inactive(anon):   215036 kB
Active(file):     473400 kB
Inactive(file):   432872 kB
Unevictable:       13568 kB
Mlocked:               0 kB
SwapTotal:        715328 kB
SwapFree:         706984 kB
Dirty:                 0 kB
Writeback:             0 kB
AnonPages:       1030312 kB
Mapped:           606408 kB
Shmem:              1344 kB
Slab:              98372 kB
SReclaimable:      31552 kB
SUnreclaim:        66820 kB
KernelStack:       38496 kB
PageTables:        49660 kB
NFS_Unstable:          0 kB
Bounce:                0 kB
WritebackTmp:          0 kB
CommitLimit:     2152132 kB
Committed_AS:   118498488 kB
VmallocTotal:   251658176 kB
VmallocUsed:      136116 kB
VmallocChunk:   251473452 kB
Time pass: 214 sec

---2015-12-05 14:07:44
MemTotal:        2873608 kB
MemFree:          124644 kB
Buffers:           15120 kB
Cached:           906064 kB
SwapCached:           72 kB
Active:          1290628 kB
Inactive:         647904 kB
Active(anon):     817224 kB
Inactive(anon):   215036 kB
Active(file):     473404 kB
Inactive(file):   432868 kB
Unevictable:       13568 kB
Mlocked:               0 kB
SwapTotal:        715328 kB
SwapFree:         706984 kB
Dirty:                 0 kB
Writeback:             0 kB
AnonPages:       1030928 kB
Mapped:           606480 kB
Shmem:              1344 kB
Slab:              98368 kB
SReclaimable:      31552 kB
SUnreclaim:        66816 kB
KernelStack:       38528 kB
PageTables:        49656 kB
NFS_Unstable:          0 kB
Bounce:                0 kB
WritebackTmp:          0 kB
CommitLimit:     2152132 kB
Committed_AS:   118498600 kB
VmallocTotal:   251658176 kB
VmallocUsed:      136116 kB
VmallocChunk:   251473452 kB
Time pass: 218 sec

---2015-12-05 14:07:44
MemTotal:        2873608 kB
MemFree:          125268 kB
Buffers:           15152 kB
Cached:           906056 kB
SwapCached:           72 kB
Active:          1289996 kB
Inactive:         647936 kB
Active(anon):     816600 kB
Inactive(anon):   215036 kB
Active(file):     473396 kB
Inactive(file):   432900 kB
Unevictable:       13568 kB
Mlocked:               0 kB
SwapTotal:        715328 kB
SwapFree:         706984 kB
Dirty:               132 kB
Writeback:             0 kB
AnonPages:       1030272 kB
Mapped:           606404 kB
Shmem:              1344 kB
Slab:              98392 kB
SReclaimable:      31552 kB
SUnreclaim:        66840 kB
KernelStack:       38528 kB
PageTables:        49628 kB
NFS_Unstable:          0 kB
Bounce:                0 kB
WritebackTmp:          0 kB
CommitLimit:     2152132 kB
Committed_AS:   118498632 kB
VmallocTotal:   251658176 kB
VmallocUsed:      136116 kB
VmallocChunk:   251473452 kB
Time pass: 222 sec

---2015-12-05 14:07:44
MemTotal:        2873608 kB
MemFree:          125764 kB
Buffers:           15200 kB
Cached:           905820 kB
SwapCached:           72 kB
Active:          1290384 kB
Inactive:         647748 kB
Active(anon):     816988 kB
Inactive(anon):   214820 kB
Active(file):     473396 kB
Inactive(file):   432928 kB
Unevictable:       13568 kB
Mlocked:               0 kB
SwapTotal:        715328 kB
SwapFree:         706984 kB
Dirty:                76 kB
Writeback:             0 kB
AnonPages:       1030628 kB
Mapped:           606044 kB
Shmem:              1124 kB
Slab:              98392 kB
SReclaimable:      31552 kB
SUnreclaim:        66840 kB
KernelStack:       38480 kB
PageTables:        49540 kB
NFS_Unstable:          0 kB
Bounce:                0 kB
WritebackTmp:          0 kB
CommitLimit:     2152132 kB
Committed_AS:   118506892 kB
VmallocTotal:   251658176 kB
VmallocUsed:      136116 kB
VmallocChunk:   251473452 kB
Time pass: 225 sec

---2015-12-05 14:07:44
MemTotal:        2873608 kB
MemFree:          131944 kB
Buffers:           15208 kB
Cached:           906104 kB
SwapCached:           72 kB
Active:          1283576 kB
Inactive:         648020 kB
Active(anon):     810176 kB
Inactive(anon):   215064 kB
Active(file):     473400 kB
Inactive(file):   432956 kB
Unevictable:       13568 kB
Mlocked:               0 kB
SwapTotal:        715328 kB
SwapFree:         706984 kB
Dirty:               112 kB
Writeback:             0 kB
AnonPages:       1023704 kB
Mapped:           606496 kB
Shmem:              1388 kB
Slab:              98412 kB
SReclaimable:      31552 kB
SUnreclaim:        66860 kB
KernelStack:       38560 kB
PageTables:        49720 kB
NFS_Unstable:          0 kB
Bounce:                0 kB
WritebackTmp:          0 kB
CommitLimit:     2152132 kB
Committed_AS:   118506976 kB
VmallocTotal:   251658176 kB
VmallocUsed:      136116 kB
VmallocChunk:   251473452 kB
Time pass: 229 sec

---2015-12-05 14:07:44
MemTotal:        2873608 kB
MemFree:          130700 kB
Buffers:           15216 kB
Cached:           906136 kB
SwapCached:           72 kB
Active:          1283916 kB
Inactive:         648056 kB
Active(anon):     810516 kB
Inactive(anon):   215096 kB
Active(file):     473400 kB
Inactive(file):   432960 kB
Unevictable:       13568 kB
Mlocked:               0 kB
SwapTotal:        715328 kB
SwapFree:         706984 kB
Dirty:                48 kB
Writeback:             0 kB
AnonPages:       1024240 kB
Mapped:           606496 kB
Shmem:              1420 kB
Slab:              98416 kB
SReclaimable:      31552 kB
SUnreclaim:        66864 kB
KernelStack:       38560 kB
PageTables:        49740 kB
NFS_Unstable:          0 kB
Bounce:                0 kB
WritebackTmp:          0 kB
CommitLimit:     2152132 kB
Committed_AS:   118506944 kB
VmallocTotal:   251658176 kB
VmallocUsed:      136116 kB
VmallocChunk:   251473452 kB
Time pass: 233 sec

---2015-12-05 14:07:44
MemTotal:        2873608 kB
MemFree:          130560 kB
Buffers:           15216 kB
Cached:           906144 kB
SwapCached:           72 kB
Active:          1284280 kB
Inactive:         648064 kB
Active(anon):     810876 kB
Inactive(anon):   215100 kB
Active(file):     473404 kB
Inactive(file):   432964 kB
Unevictable:       13568 kB
Mlocked:               0 kB
SwapTotal:        715328 kB
SwapFree:         706984 kB
Dirty:                 0 kB
Writeback:             0 kB
AnonPages:       1024312 kB
Mapped:           606636 kB
Shmem:              1424 kB
Slab:              98400 kB
SReclaimable:      31552 kB
SUnreclaim:        66848 kB
KernelStack:       38560 kB
PageTables:        49760 kB
NFS_Unstable:          0 kB
Bounce:                0 kB
WritebackTmp:          0 kB
CommitLimit:     2152132 kB
Committed_AS:   118506952 kB
VmallocTotal:   251658176 kB
VmallocUsed:      136116 kB
VmallocChunk:   251473452 kB
Time pass: 237 sec

---2015-12-05 14:07:44
MemTotal:        2873608 kB
MemFree:          130864 kB
Buffers:           15224 kB
Cached:           906304 kB
SwapCached:           72 kB
Active:          1284024 kB
Inactive:         648232 kB
Active(anon):     810620 kB
Inactive(anon):   215260 kB
Active(file):     473404 kB
Inactive(file):   432972 kB
Unevictable:       13568 kB
Mlocked:               0 kB
SwapTotal:        715328 kB
SwapFree:         706984 kB
Dirty:                16 kB
Writeback:             0 kB
AnonPages:       1024200 kB
Mapped:           606720 kB
Shmem:              1584 kB
Slab:              98384 kB
SReclaimable:      31552 kB
SUnreclaim:        66832 kB
KernelStack:       38544 kB
PageTables:        49724 kB
NFS_Unstable:          0 kB
Bounce:                0 kB
WritebackTmp:          0 kB
CommitLimit:     2152132 kB
Committed_AS:   118506944 kB
VmallocTotal:   251658176 kB
VmallocUsed:      136116 kB
VmallocChunk:   251473452 kB
Time pass: 241 sec

---2015-12-05 14:07:44
MemTotal:        2873608 kB
MemFree:          134020 kB
Buffers:           15256 kB
Cached:           906004 kB
SwapCached:           72 kB
Active:          1281692 kB
Inactive:         647956 kB
Active(anon):     808284 kB
Inactive(anon):   214952 kB
Active(file):     473408 kB
Inactive(file):   433004 kB
Unevictable:       13568 kB
Mlocked:               0 kB
SwapTotal:        715328 kB
SwapFree:         706984 kB
Dirty:                56 kB
Writeback:             0 kB
AnonPages:       1022300 kB
Mapped:           606420 kB
Shmem:              1280 kB
Slab:              98384 kB
SReclaimable:      31552 kB
SUnreclaim:        66832 kB
KernelStack:       38544 kB
PageTables:        49652 kB
NFS_Unstable:          0 kB
Bounce:                0 kB
WritebackTmp:          0 kB
CommitLimit:     2152132 kB
Committed_AS:   118506944 kB
VmallocTotal:   251658176 kB
VmallocUsed:      136116 kB
VmallocChunk:   251473452 kB
Time pass: 244 sec

---2015-12-05 14:07:44
MemTotal:        2873608 kB
MemFree:          133492 kB
Buffers:           15272 kB
Cached:           906012 kB
SwapCached:           72 kB
Active:          1282236 kB
Inactive:         647980 kB
Active(anon):     808828 kB
Inactive(anon):   214960 kB
Active(file):     473408 kB
Inactive(file):   433020 kB
Unevictable:       13568 kB
Mlocked:               0 kB
SwapTotal:        715328 kB
SwapFree:         706984 kB
Dirty:                 0 kB
Writeback:             0 kB
AnonPages:       1022388 kB
Mapped:           606440 kB
Shmem:              1288 kB
Slab:              98384 kB
SReclaimable:      31552 kB
SUnreclaim:        66832 kB
KernelStack:       38560 kB
PageTables:        49656 kB
NFS_Unstable:          0 kB
Bounce:                0 kB
WritebackTmp:          0 kB
CommitLimit:     2152132 kB
Committed_AS:   118507000 kB
VmallocTotal:   251658176 kB
VmallocUsed:      136116 kB
VmallocChunk:   251473452 kB
Time pass: 248 sec

---2015-12-05 14:07:44
MemTotal:        2873608 kB
MemFree:          133844 kB
Buffers:           15280 kB
Cached:           906032 kB
SwapCached:           72 kB
Active:          1281532 kB
Inactive:         648004 kB
Active(anon):     808124 kB
Inactive(anon):   214984 kB
Active(file):     473408 kB
Inactive(file):   433020 kB
Unevictable:       13568 kB
Mlocked:               0 kB
SwapTotal:        715328 kB
SwapFree:         706984 kB
Dirty:                32 kB
Writeback:             0 kB
AnonPages:       1021768 kB
Mapped:           606464 kB
Shmem:              1312 kB
Slab:              98384 kB
SReclaimable:      31552 kB
SUnreclaim:        66832 kB
KernelStack:       38560 kB
PageTables:        49652 kB
NFS_Unstable:          0 kB
Bounce:                0 kB
WritebackTmp:          0 kB
CommitLimit:     2152132 kB
Committed_AS:   118507008 kB
VmallocTotal:   251658176 kB
VmallocUsed:      136116 kB
VmallocChunk:   251473452 kB
Time pass: 252 sec

---2015-12-05 14:07:44
MemTotal:        2873608 kB
MemFree:          133296 kB
Buffers:           15280 kB
Cached:           906044 kB
SwapCached:           72 kB
Active:          1282660 kB
Inactive:         648020 kB
Active(anon):     809252 kB
Inactive(anon):   214992 kB
Active(file):     473408 kB
Inactive(file):   433028 kB
Unevictable:       13568 kB
Mlocked:               0 kB
SwapTotal:        715328 kB
SwapFree:         706984 kB
Dirty:                32 kB
Writeback:             0 kB
AnonPages:       1022808 kB
Mapped:           606476 kB
Shmem:              1320 kB
Slab:              98424 kB
SReclaimable:      31552 kB
SUnreclaim:        66872 kB
KernelStack:       38560 kB
PageTables:        49652 kB
NFS_Unstable:          0 kB
Bounce:                0 kB
WritebackTmp:          0 kB
CommitLimit:     2152132 kB
Committed_AS:   118507024 kB
VmallocTotal:   251658176 kB
VmallocUsed:      136116 kB
VmallocChunk:   251473452 kB
Time pass: 256 sec

---2015-12-05 14:07:44
MemTotal:        2873608 kB
MemFree:          131412 kB
Buffers:           15296 kB
Cached:           906056 kB
SwapCached:           72 kB
Active:          1284028 kB
Inactive:         648048 kB
Active(anon):     810620 kB
Inactive(anon):   214992 kB
Active(file):     473408 kB
Inactive(file):   433056 kB
Unevictable:       13568 kB
Mlocked:               0 kB
SwapTotal:        715328 kB
SwapFree:         706984 kB
Dirty:                44 kB
Writeback:             0 kB
AnonPages:       1024384 kB
Mapped:           606492 kB
Shmem:              1320 kB
Slab:              98352 kB
SReclaimable:      31520 kB
SUnreclaim:        66832 kB
KernelStack:       38560 kB
PageTables:        49652 kB
NFS_Unstable:          0 kB
Bounce:                0 kB
WritebackTmp:          0 kB
CommitLimit:     2152132 kB
Committed_AS:   118507008 kB
VmallocTotal:   251658176 kB
VmallocUsed:      136116 kB
VmallocChunk:   251473452 kB
Time pass: 259 sec

---2015-12-05 14:07:44
MemTotal:        2873608 kB
MemFree:          131560 kB
Buffers:           15304 kB
Cached:           906048 kB
SwapCached:           72 kB
Active:          1283232 kB
Inactive:         648048 kB
Active(anon):     809824 kB
Inactive(anon):   214992 kB
Active(file):     473408 kB
Inactive(file):   433056 kB
Unevictable:       13568 kB
Mlocked:               0 kB
SwapTotal:        715328 kB
SwapFree:         706984 kB
Dirty:                28 kB
Writeback:             0 kB
AnonPages:       1023460 kB
Mapped:           606588 kB
Shmem:              1320 kB
Slab:              98352 kB
SReclaimable:      31520 kB
SUnreclaim:        66832 kB
KernelStack:       38528 kB
PageTables:        49684 kB
NFS_Unstable:          0 kB
Bounce:                0 kB
WritebackTmp:          0 kB
CommitLimit:     2152132 kB
Committed_AS:   118507016 kB
VmallocTotal:   251658176 kB
VmallocUsed:      136116 kB
VmallocChunk:   251473452 kB
Time pass: 263 sec

---2015-12-05 14:07:44
MemTotal:        2873608 kB
MemFree:          131376 kB
Buffers:           15304 kB
Cached:           906056 kB
SwapCached:           72 kB
Active:          1283820 kB
Inactive:         648048 kB
Active(anon):     810412 kB
Inactive(anon):   214984 kB
Active(file):     473408 kB
Inactive(file):   433064 kB
Unevictable:       13568 kB
Mlocked:               0 kB
SwapTotal:        715328 kB
SwapFree:         706984 kB
Dirty:                28 kB
Writeback:             0 kB
AnonPages:       1024088 kB
Mapped:           606520 kB
Shmem:              1320 kB
Slab:              98352 kB
SReclaimable:      31520 kB
SUnreclaim:        66832 kB
KernelStack:       38528 kB
PageTables:        49656 kB
NFS_Unstable:          0 kB
Bounce:                0 kB
WritebackTmp:          0 kB
CommitLimit:     2152132 kB
Committed_AS:   118507016 kB
VmallocTotal:   251658176 kB
VmallocUsed:      136116 kB
VmallocChunk:   251473452 kB
Time pass: 267 sec

---2015-12-05 14:07:44
MemTotal:        2873608 kB
MemFree:          130636 kB
Buffers:           15320 kB
Cached:           906056 kB
SwapCached:           72 kB
Active:          1284336 kB
Inactive:         648064 kB
Active(anon):     810928 kB
Inactive(anon):   214984 kB
Active(file):     473408 kB
Inactive(file):   433080 kB
Unevictable:       13568 kB
Mlocked:               0 kB
SwapTotal:        715328 kB
SwapFree:         706984 kB
Dirty:                44 kB
Writeback:             0 kB
AnonPages:       1024464 kB
Mapped:           606524 kB
Shmem:              1320 kB
Slab:              98352 kB
SReclaimable:      31520 kB
SUnreclaim:        66832 kB
KernelStack:       38528 kB
PageTables:        49664 kB
NFS_Unstable:          0 kB
Bounce:                0 kB
WritebackTmp:          0 kB
CommitLimit:     2152132 kB
Committed_AS:   118507040 kB
VmallocTotal:   251658176 kB
VmallocUsed:      136116 kB
VmallocChunk:   251473452 kB
Time pass: 271 sec

---2015-12-05 14:07:44
MemTotal:        2873608 kB
MemFree:          130344 kB
Buffers:           15320 kB
Cached:           906056 kB
SwapCached:           72 kB
Active:          1284684 kB
Inactive:         648064 kB
Active(anon):     811276 kB
Inactive(anon):   214984 kB
Active(file):     473408 kB
Inactive(file):   433080 kB
Unevictable:       13568 kB
Mlocked:               0 kB
SwapTotal:        715328 kB
SwapFree:         706984 kB
Dirty:                48 kB
Writeback:             0 kB
AnonPages:       1024804 kB
Mapped:           606540 kB
Shmem:              1320 kB
Slab:              98352 kB
SReclaimable:      31520 kB
SUnreclaim:        66832 kB
KernelStack:       38528 kB
PageTables:        49652 kB
NFS_Unstable:          0 kB
Bounce:                0 kB
WritebackTmp:          0 kB
CommitLimit:     2152132 kB
Committed_AS:   118507024 kB
VmallocTotal:   251658176 kB
VmallocUsed:      136116 kB
VmallocChunk:   251473452 kB
Time pass: 275 sec

---2015-12-05 14:07:44
MemTotal:        2873608 kB
MemFree:          130568 kB
Buffers:           15352 kB
Cached:           906080 kB
SwapCached:           72 kB
Active:          1284980 kB
Inactive:         648120 kB
Active(anon):     811572 kB
Inactive(anon):   215008 kB
Active(file):     473408 kB
Inactive(file):   433112 kB
Unevictable:       13568 kB
Mlocked:               0 kB
SwapTotal:        715328 kB
SwapFree:         706984 kB
Dirty:                88 kB
Writeback:             0 kB
AnonPages:       1025220 kB
Mapped:           606584 kB
Shmem:              1344 kB
Slab:              98352 kB
SReclaimable:      31520 kB
SUnreclaim:        66832 kB
KernelStack:       38560 kB
PageTables:        49660 kB
NFS_Unstable:          0 kB
Bounce:                0 kB
WritebackTmp:          0 kB
CommitLimit:     2152132 kB
Committed_AS:   118507056 kB
VmallocTotal:   251658176 kB
VmallocUsed:      136116 kB
VmallocChunk:   251473452 kB
Time pass: 279 sec

---2015-12-05 14:07:44
MemTotal:        2873608 kB
MemFree:          129424 kB
Buffers:           15384 kB
Cached:           906080 kB
SwapCached:           72 kB
Active:          1285380 kB
Inactive:         648152 kB
Active(anon):     811972 kB
Inactive(anon):   215008 kB
Active(file):     473408 kB
Inactive(file):   433144 kB
Unevictable:       13568 kB
Mlocked:               0 kB
SwapTotal:        715328 kB
SwapFree:         706984 kB
Dirty:                68 kB
Writeback:             0 kB
AnonPages:       1025712 kB
Mapped:           606592 kB
Shmem:              1344 kB
Slab:              98352 kB
SReclaimable:      31520 kB
SUnreclaim:        66832 kB
KernelStack:       38544 kB
PageTables:        49664 kB
NFS_Unstable:          0 kB
Bounce:                0 kB
WritebackTmp:          0 kB
CommitLimit:     2152132 kB
Committed_AS:   118507052 kB
VmallocTotal:   251658176 kB
VmallocUsed:      136116 kB
VmallocChunk:   251473452 kB
Time pass: 282 sec

---2015-12-05 14:07:44
MemTotal:        2873608 kB
MemFree:          128608 kB
Buffers:           15392 kB
Cached:           906104 kB
SwapCached:           72 kB
Active:          1286660 kB
Inactive:         648184 kB
Active(anon):     813252 kB
Inactive(anon):   215012 kB
Active(file):     473408 kB
Inactive(file):   433172 kB
Unevictable:       13568 kB
Mlocked:               0 kB
SwapTotal:        715328 kB
SwapFree:         706984 kB
Dirty:                 0 kB
Writeback:             0 kB
AnonPages:       1026924 kB
Mapped:           606604 kB
Shmem:              1348 kB
Slab:              98352 kB
SReclaimable:      31520 kB
SUnreclaim:        66832 kB
KernelStack:       38544 kB
PageTables:        49660 kB
NFS_Unstable:          0 kB
Bounce:                0 kB
WritebackTmp:          0 kB
CommitLimit:     2152132 kB
Committed_AS:   118507200 kB
VmallocTotal:   251658176 kB
VmallocUsed:      136116 kB
VmallocChunk:   251473452 kB
Time pass: 286 sec

---2015-12-05 14:07:44
MemTotal:        2873608 kB
MemFree:          127864 kB
Buffers:           15400 kB
Cached:           906108 kB
SwapCached:           72 kB
Active:          1286640 kB
Inactive:         648196 kB
Active(anon):     813232 kB
Inactive(anon):   215016 kB
Active(file):     473408 kB
Inactive(file):   433180 kB
Unevictable:       13568 kB
Mlocked:               0 kB
SwapTotal:        715328 kB
SwapFree:         706984 kB
Dirty:                40 kB
Writeback:             0 kB
AnonPages:       1026728 kB
Mapped:           606700 kB
Shmem:              1352 kB
Slab:              98396 kB
SReclaimable:      31520 kB
SUnreclaim:        66876 kB
KernelStack:       38528 kB
PageTables:        49692 kB
NFS_Unstable:          0 kB
Bounce:                0 kB
WritebackTmp:          0 kB
CommitLimit:     2152132 kB
Committed_AS:   118507088 kB
VmallocTotal:   251658176 kB
VmallocUsed:      136116 kB
VmallocChunk:   251473452 kB
Time pass: 290 sec

---2015-12-05 14:07:44
MemTotal:        2873608 kB
MemFree:          128932 kB
Buffers:           15416 kB
Cached:           906108 kB
SwapCached:           72 kB
Active:          1285988 kB
Inactive:         648212 kB
Active(anon):     812580 kB
Inactive(anon):   215016 kB
Active(file):     473408 kB
Inactive(file):   433196 kB
Unevictable:       13568 kB
Mlocked:               0 kB
SwapTotal:        715328 kB
SwapFree:         706984 kB
Dirty:                44 kB
Writeback:             0 kB
AnonPages:       1026356 kB
Mapped:           606668 kB
Shmem:              1352 kB
Slab:              98352 kB
SReclaimable:      31520 kB
SUnreclaim:        66832 kB
KernelStack:       38496 kB
PageTables:        49692 kB
NFS_Unstable:          0 kB
Bounce:                0 kB
WritebackTmp:          0 kB
CommitLimit:     2152132 kB
Committed_AS:   118507080 kB
VmallocTotal:   251658176 kB
VmallocUsed:      136116 kB
VmallocChunk:   251473452 kB
Time pass: 294 sec

---2015-12-05 14:07:44
MemTotal:        2873608 kB
MemFree:          127984 kB
Buffers:           15416 kB
Cached:           906108 kB
SwapCached:           72 kB
Active:          1286352 kB
Inactive:         648212 kB
Active(anon):     812944 kB
Inactive(anon):   215016 kB
Active(file):     473408 kB
Inactive(file):   433196 kB
Unevictable:       13568 kB
Mlocked:               0 kB
SwapTotal:        715328 kB
SwapFree:         706984 kB
Dirty:                44 kB
Writeback:             0 kB
AnonPages:       1026628 kB
Mapped:           606632 kB
Shmem:              1352 kB
Slab:              98352 kB
SReclaimable:      31520 kB
SUnreclaim:        66832 kB
KernelStack:       38496 kB
PageTables:        49660 kB
NFS_Unstable:          0 kB
Bounce:                0 kB
WritebackTmp:          0 kB
CommitLimit:     2152132 kB
Committed_AS:   118507112 kB
VmallocTotal:   251658176 kB
VmallocUsed:      136116 kB
VmallocChunk:   251473452 kB
Time pass: 298 sec

---2015-12-05 14:07:44
MemTotal:        2873608 kB
MemFree:          127648 kB
Buffers:           15424 kB
Cached:           906112 kB
SwapCached:           72 kB
Active:          1286692 kB
Inactive:         648224 kB
Active(anon):     813284 kB
Inactive(anon):   215020 kB
Active(file):     473408 kB
Inactive(file):   433204 kB
Unevictable:       13568 kB
Mlocked:               0 kB
SwapTotal:        715328 kB
SwapFree:         706984 kB
Dirty:                32 kB
Writeback:             0 kB
AnonPages:       1026764 kB
Mapped:           606724 kB
Shmem:              1356 kB
Slab:              98352 kB
SReclaimable:      31520 kB
SUnreclaim:        66832 kB
KernelStack:       38528 kB
PageTables:        49692 kB
NFS_Unstable:          0 kB
Bounce:                0 kB
WritebackTmp:          0 kB
CommitLimit:     2152132 kB
Committed_AS:   118507096 kB
VmallocTotal:   251658176 kB
VmallocUsed:      136116 kB
VmallocChunk:   251473452 kB
Time pass: 302 sec

---2015-12-05 14:07:44
MemTotal:        2873608 kB
MemFree:          128024 kB
Buffers:           15440 kB
Cached:           906100 kB
SwapCached:           72 kB
Active:          1286828 kB
Inactive:         648228 kB
Active(anon):     813420 kB
Inactive(anon):   215024 kB
Active(file):     473408 kB
Inactive(file):   433204 kB
Unevictable:       13568 kB
Mlocked:               0 kB
SwapTotal:        715328 kB
SwapFree:         706984 kB
Dirty:                 0 kB
Writeback:             0 kB
AnonPages:       1026916 kB
Mapped:           606564 kB
Shmem:              1360 kB
Slab:              98372 kB
SReclaimable:      31520 kB
SUnreclaim:        66852 kB
KernelStack:       38528 kB
PageTables:        49632 kB
NFS_Unstable:          0 kB
Bounce:                0 kB
WritebackTmp:          0 kB
CommitLimit:     2152132 kB
Committed_AS:   118507112 kB
VmallocTotal:   251658176 kB
VmallocUsed:      136116 kB
VmallocChunk:   251473452 kB
Time pass: 306 sec

---2015-12-05 14:07:44
MemTotal:        2873608 kB
MemFree:          127784 kB
Buffers:           15440 kB
Cached:           906144 kB
SwapCached:           72 kB
Active:          1287212 kB
Inactive:         648272 kB
Active(anon):     813804 kB
Inactive(anon):   215052 kB
Active(file):     473408 kB
Inactive(file):   433220 kB
Unevictable:       13568 kB
Mlocked:               0 kB
SwapTotal:        715328 kB
SwapFree:         706984 kB
Dirty:                44 kB
Writeback:             0 kB
AnonPages:       1027512 kB
Mapped:           606688 kB
Shmem:              1388 kB
Slab:              98372 kB
SReclaimable:      31520 kB
SUnreclaim:        66852 kB
KernelStack:       38528 kB
PageTables:        49664 kB
NFS_Unstable:          0 kB
Bounce:                0 kB
WritebackTmp:          0 kB
CommitLimit:     2152132 kB
Committed_AS:   118507080 kB
VmallocTotal:   251658176 kB
VmallocUsed:      136116 kB
VmallocChunk:   251473452 kB
Time pass: 309 sec

---2015-12-05 14:07:44
MemTotal:        2873608 kB
MemFree:          127080 kB
Buffers:           15448 kB
Cached:           906144 kB
SwapCached:           72 kB
Active:          1287276 kB
Inactive:         648280 kB
Active(anon):     813868 kB
Inactive(anon):   215052 kB
Active(file):     473408 kB
Inactive(file):   433228 kB
Unevictable:       13568 kB
Mlocked:               0 kB
SwapTotal:        715328 kB
SwapFree:         706984 kB
Dirty:                32 kB
Writeback:             0 kB
AnonPages:       1027596 kB
Mapped:           606692 kB
Shmem:              1388 kB
Slab:              98372 kB
SReclaimable:      31520 kB
SUnreclaim:        66852 kB
KernelStack:       38528 kB
PageTables:        49660 kB
NFS_Unstable:          0 kB
Bounce:                0 kB
WritebackTmp:          0 kB
CommitLimit:     2152132 kB
Committed_AS:   118507112 kB
VmallocTotal:   251658176 kB
VmallocUsed:      136116 kB
VmallocChunk:   251473452 kB
Time pass: 313 sec

---2015-12-05 14:07:44
MemTotal:        2873608 kB
MemFree:          127020 kB
Buffers:           15448 kB
Cached:           906144 kB
SwapCached:           72 kB
Active:          1286944 kB
Inactive:         648280 kB
Active(anon):     813536 kB
Inactive(anon):   215052 kB
Active(file):     473408 kB
Inactive(file):   433228 kB
Unevictable:       13568 kB
Mlocked:               0 kB
SwapTotal:        715328 kB
SwapFree:         706984 kB
Dirty:                 0 kB
Writeback:             0 kB
AnonPages:       1027268 kB
Mapped:           606696 kB
Shmem:              1388 kB
Slab:              98376 kB
SReclaimable:      31520 kB
SUnreclaim:        66856 kB
KernelStack:       38528 kB
PageTables:        49664 kB
NFS_Unstable:          0 kB
Bounce:                0 kB
WritebackTmp:          0 kB
CommitLimit:     2152132 kB
Committed_AS:   118507112 kB
VmallocTotal:   251658176 kB
VmallocUsed:      136116 kB
VmallocChunk:   251473452 kB
Time pass: 317 sec

---2015-12-05 14:07:44
MemTotal:        2873608 kB
MemFree:          127036 kB
Buffers:           15464 kB
Cached:           906144 kB
SwapCached:           72 kB
Active:          1287772 kB
Inactive:         648296 kB
Active(anon):     814364 kB
Inactive(anon):   215052 kB
Active(file):     473408 kB
Inactive(file):   433244 kB
Unevictable:       13568 kB
Mlocked:               0 kB
SwapTotal:        715328 kB
SwapFree:         706984 kB
Dirty:                44 kB
Writeback:             0 kB
AnonPages:       1027860 kB
Mapped:           606704 kB
Shmem:              1388 kB
Slab:              98380 kB
SReclaimable:      31520 kB
SUnreclaim:        66860 kB
KernelStack:       38496 kB
PageTables:        49664 kB
NFS_Unstable:          0 kB
Bounce:                0 kB
WritebackTmp:          0 kB
CommitLimit:     2152132 kB
Committed_AS:   118507064 kB
VmallocTotal:   251658176 kB
VmallocUsed:      136116 kB
VmallocChunk:   251473452 kB
Time pass: 321 sec

---2015-12-05 14:07:44
MemTotal:        2873608 kB
MemFree:          126952 kB
Buffers:           15472 kB
Cached:           906148 kB
SwapCached:           72 kB
Active:          1287824 kB
Inactive:         648308 kB
Active(anon):     814416 kB
Inactive(anon):   215056 kB
Active(file):     473408 kB
Inactive(file):   433252 kB
Unevictable:       13568 kB
Mlocked:               0 kB
SwapTotal:        715328 kB
SwapFree:         706984 kB
Dirty:                32 kB
Writeback:             0 kB
AnonPages:       1027920 kB
Mapped:           606716 kB
Shmem:              1392 kB
Slab:              98372 kB
SReclaimable:      31520 kB
SUnreclaim:        66852 kB
KernelStack:       38528 kB
PageTables:        49664 kB
NFS_Unstable:          0 kB
Bounce:                0 kB
WritebackTmp:          0 kB
CommitLimit:     2152132 kB
Committed_AS:   118507040 kB
VmallocTotal:   251658176 kB
VmallocUsed:      136116 kB
VmallocChunk:   251473452 kB
Time pass: 325 sec

---2015-12-05 14:07:44
MemTotal:        2873608 kB
MemFree:          127168 kB
Buffers:           15472 kB
Cached:           906148 kB
SwapCached:           72 kB
Active:          1287252 kB
Inactive:         648308 kB
Active(anon):     813844 kB
Inactive(anon):   215056 kB
Active(file):     473408 kB
Inactive(file):   433252 kB
Unevictable:       13568 kB
Mlocked:               0 kB
SwapTotal:        715328 kB
SwapFree:         706984 kB
Dirty:                32 kB
Writeback:             0 kB
AnonPages:       1027476 kB
Mapped:           606724 kB
Shmem:              1392 kB
Slab:              98352 kB
SReclaimable:      31520 kB
SUnreclaim:        66832 kB
KernelStack:       38512 kB
PageTables:        49660 kB
NFS_Unstable:          0 kB
Bounce:                0 kB
WritebackTmp:          0 kB
CommitLimit:     2152132 kB
Committed_AS:   118507064 kB
VmallocTotal:   251658176 kB
VmallocUsed:      136116 kB
VmallocChunk:   251473452 kB
Time pass: 329 sec

---2015-12-05 14:07:44
MemTotal:        2873608 kB
MemFree:          126488 kB
Buffers:           15488 kB
Cached:           906148 kB
SwapCached:           72 kB
Active:          1287792 kB
Inactive:         648324 kB
Active(anon):     814384 kB
Inactive(anon):   215056 kB
Active(file):     473408 kB
Inactive(file):   433268 kB
Unevictable:       13568 kB
Mlocked:               0 kB
SwapTotal:        715328 kB
SwapFree:         706984 kB
Dirty:                44 kB
Writeback:             0 kB
AnonPages:       1027904 kB
Mapped:           606728 kB
Shmem:              1392 kB
Slab:              98364 kB
SReclaimable:      31520 kB
SUnreclaim:        66844 kB
KernelStack:       38512 kB
PageTables:        49660 kB
NFS_Unstable:          0 kB
Bounce:                0 kB
WritebackTmp:          0 kB
CommitLimit:     2152132 kB
Committed_AS:   118507056 kB
VmallocTotal:   251658176 kB
VmallocUsed:      136116 kB
VmallocChunk:   251473452 kB
Time pass: 333 sec

---2015-12-05 14:07:44
MemTotal:        2873608 kB
MemFree:          125516 kB
Buffers:           15496 kB
Cached:           906268 kB
SwapCached:           72 kB
Active:          1289248 kB
Inactive:         648448 kB
Active(anon):     815836 kB
Inactive(anon):   215060 kB
Active(file):     473412 kB
Inactive(file):   433388 kB
Unevictable:       13568 kB
Mlocked:               0 kB
SwapTotal:        715328 kB
SwapFree:         706984 kB
Dirty:                16 kB
Writeback:             0 kB
AnonPages:       1029496 kB
Mapped:           606948 kB
Shmem:              1396 kB
Slab:              98364 kB
SReclaimable:      31520 kB
SUnreclaim:        66844 kB
KernelStack:       38480 kB
PageTables:        49692 kB
NFS_Unstable:          0 kB
Bounce:                0 kB
WritebackTmp:          0 kB
CommitLimit:     2152132 kB
Committed_AS:   118506976 kB
VmallocTotal:   251658176 kB
VmallocUsed:      136116 kB
VmallocChunk:   251473452 kB
Time pass: 337 sec

---2015-12-05 14:07:44
MemTotal:        2873608 kB
MemFree:          124816 kB
Buffers:           15512 kB
Cached:           906268 kB
SwapCached:           72 kB
Active:          1289336 kB
Inactive:         648464 kB
Active(anon):     815924 kB
Inactive(anon):   215060 kB
Active(file):     473412 kB
Inactive(file):   433404 kB
Unevictable:       13568 kB
Mlocked:               0 kB
SwapTotal:        715328 kB
SwapFree:         706984 kB
Dirty:                 0 kB
Writeback:             4 kB
AnonPages:       1029452 kB
Mapped:           606912 kB
Shmem:              1396 kB
Slab:              98348 kB
SReclaimable:      31520 kB
SUnreclaim:        66828 kB
KernelStack:       38480 kB
PageTables:        49696 kB
NFS_Unstable:          0 kB
Bounce:                0 kB
WritebackTmp:          0 kB
CommitLimit:     2152132 kB
Committed_AS:   118507056 kB
VmallocTotal:   251658176 kB
VmallocUsed:      136116 kB
VmallocChunk:   251473452 kB
Time pass: 340 sec

---2015-12-05 14:07:44
MemTotal:        2873608 kB
MemFree:          124080 kB
Buffers:           15528 kB
Cached:           906296 kB
SwapCached:           72 kB
Active:          1290364 kB
Inactive:         648508 kB
Active(anon):     816952 kB
Inactive(anon):   215088 kB
Active(file):     473412 kB
Inactive(file):   433420 kB
Unevictable:       13568 kB
Mlocked:               0 kB
SwapTotal:        715328 kB
SwapFree:         706984 kB
Dirty:               104 kB
Writeback:             0 kB
AnonPages:       1030624 kB
Mapped:           606904 kB
Shmem:              1424 kB
Slab:              98372 kB
SReclaimable:      31520 kB
SUnreclaim:        66852 kB
KernelStack:       38496 kB
PageTables:        49664 kB
NFS_Unstable:          0 kB
Bounce:                0 kB
WritebackTmp:          0 kB
CommitLimit:     2152132 kB
Committed_AS:   118507112 kB
VmallocTotal:   251658176 kB
VmallocUsed:      136116 kB
VmallocChunk:   251473452 kB
Time pass: 344 sec

---2015-12-05 14:07:44
MemTotal:        2873608 kB
MemFree:          122700 kB
Buffers:           15536 kB
Cached:           906384 kB
SwapCached:           72 kB
Active:          1291848 kB
Inactive:         648596 kB
Active(anon):     818436 kB
Inactive(anon):   215084 kB
Active(file):     473412 kB
Inactive(file):   433512 kB
Unevictable:       13568 kB
Mlocked:               0 kB
SwapTotal:        715328 kB
SwapFree:         706984 kB
Dirty:                40 kB
Writeback:             0 kB
AnonPages:       1032020 kB
Mapped:           606936 kB
Shmem:              1428 kB
Slab:              98380 kB
SReclaimable:      31520 kB
SUnreclaim:        66860 kB
KernelStack:       38496 kB
PageTables:        49668 kB
NFS_Unstable:          0 kB
Bounce:                0 kB
WritebackTmp:          0 kB
CommitLimit:     2152132 kB
Committed_AS:   118507032 kB
VmallocTotal:   251658176 kB
VmallocUsed:      136116 kB
VmallocChunk:   251473452 kB
Time pass: 348 sec

---2015-12-05 14:07:44
MemTotal:        2873608 kB
MemFree:          122356 kB
Buffers:           15536 kB
Cached:           906384 kB
SwapCached:           72 kB
Active:          1292024 kB
Inactive:         648596 kB
Active(anon):     818612 kB
Inactive(anon):   215084 kB
Active(file):     473412 kB
Inactive(file):   433512 kB
Unevictable:       13568 kB
Mlocked:               0 kB
SwapTotal:        715328 kB
SwapFree:         706984 kB
Dirty:                40 kB
Writeback:             0 kB
AnonPages:       1032252 kB
Mapped:           606944 kB
Shmem:              1428 kB
Slab:              98376 kB
SReclaimable:      31520 kB
SUnreclaim:        66856 kB
KernelStack:       38496 kB
PageTables:        49664 kB
NFS_Unstable:          0 kB
Bounce:                0 kB
WritebackTmp:          0 kB
CommitLimit:     2152132 kB
Committed_AS:   118507088 kB
VmallocTotal:   251658176 kB
VmallocUsed:      136116 kB
VmallocChunk:   251473452 kB
Time pass: 352 sec

---2015-12-05 14:07:44
MemTotal:        2873608 kB
MemFree:          121776 kB
Buffers:           15552 kB
Cached:           906384 kB
SwapCached:           72 kB
Active:          1292344 kB
Inactive:         648612 kB
Active(anon):     818932 kB
Inactive(anon):   215084 kB
Active(file):     473412 kB
Inactive(file):   433528 kB
Unevictable:       13568 kB
Mlocked:               0 kB
SwapTotal:        715328 kB
SwapFree:         706984 kB
Dirty:                40 kB
Writeback:             0 kB
AnonPages:       1032572 kB
Mapped:           607032 kB
Shmem:              1428 kB
Slab:              98368 kB
SReclaimable:      31520 kB
SUnreclaim:        66848 kB
KernelStack:       38496 kB
PageTables:        49692 kB
NFS_Unstable:          0 kB
Bounce:                0 kB
WritebackTmp:          0 kB
CommitLimit:     2152132 kB
Committed_AS:   118507080 kB
VmallocTotal:   251658176 kB
VmallocUsed:      136116 kB
VmallocChunk:   251473452 kB
Time pass: 356 sec

---2015-12-05 14:07:44
MemTotal:        2873608 kB
MemFree:          121724 kB
Buffers:           15560 kB
Cached:           906380 kB
SwapCached:           72 kB
Active:          1292540 kB
Inactive:         648612 kB
Active(anon):     819128 kB
Inactive(anon):   215084 kB
Active(file):     473412 kB
Inactive(file):   433528 kB
Unevictable:       13568 kB
Mlocked:               0 kB
SwapTotal:        715328 kB
SwapFree:         706984 kB
Dirty:                 0 kB
Writeback:             0 kB
AnonPages:       1032628 kB
Mapped:           607040 kB
Shmem:              1428 kB
Slab:              98380 kB
SReclaimable:      31520 kB
SUnreclaim:        66860 kB
KernelStack:       38496 kB
PageTables:        49692 kB
NFS_Unstable:          0 kB
Bounce:                0 kB
WritebackTmp:          0 kB
CommitLimit:     2152132 kB
Committed_AS:   118507072 kB
VmallocTotal:   251658176 kB
VmallocUsed:      136116 kB
VmallocChunk:   251473452 kB
Time pass: 360 sec

---2015-12-05 14:07:44
MemTotal:        2873608 kB
MemFree:          121560 kB
Buffers:           15560 kB
Cached:           906384 kB
SwapCached:           72 kB
Active:          1292628 kB
Inactive:         648620 kB
Active(anon):     819216 kB
Inactive(anon):   215084 kB
Active(file):     473412 kB
Inactive(file):   433536 kB
Unevictable:       13568 kB
Mlocked:               0 kB
SwapTotal:        715328 kB
SwapFree:         706984 kB
Dirty:                32 kB
Writeback:             0 kB
AnonPages:       1032712 kB
Mapped:           607044 kB
Shmem:              1428 kB
Slab:              98368 kB
SReclaimable:      31520 kB
SUnreclaim:        66848 kB
KernelStack:       38496 kB
PageTables:        49692 kB
NFS_Unstable:          0 kB
Bounce:                0 kB
WritebackTmp:          0 kB
CommitLimit:     2152132 kB
Committed_AS:   118507072 kB
VmallocTotal:   251658176 kB
VmallocUsed:      136116 kB
VmallocChunk:   251473452 kB
Time pass: 363 sec

---2015-12-05 14:07:44
MemTotal:        2873608 kB
MemFree:          120980 kB
Buffers:           15576 kB
Cached:           906384 kB
SwapCached:           72 kB
Active:          1292824 kB
Inactive:         648636 kB
Active(anon):     819412 kB
Inactive(anon):   215084 kB
Active(file):     473412 kB
Inactive(file):   433552 kB
Unevictable:       13568 kB
Mlocked:               0 kB
SwapTotal:        715328 kB
SwapFree:         706984 kB
Dirty:                52 kB
Writeback:             0 kB
AnonPages:       1033064 kB
Mapped:           607052 kB
Shmem:              1428 kB
Slab:              98492 kB
SReclaimable:      31520 kB
SUnreclaim:        66972 kB
KernelStack:       38496 kB
PageTables:        49692 kB
NFS_Unstable:          0 kB
Bounce:                0 kB
WritebackTmp:          0 kB
CommitLimit:     2152132 kB
Committed_AS:   118507072 kB
VmallocTotal:   251658176 kB
VmallocUsed:      136116 kB
VmallocChunk:   251473452 kB
Time pass: 367 sec

---2015-12-05 14:07:44
MemTotal:        2873608 kB
MemFree:          121380 kB
Buffers:           15584 kB
Cached:           906384 kB
SwapCached:           72 kB
Active:          1292940 kB
Inactive:         648644 kB
Active(anon):     819528 kB
Inactive(anon):   215088 kB
Active(file):     473412 kB
Inactive(file):   433556 kB
Unevictable:       13568 kB
Mlocked:               0 kB
SwapTotal:        715328 kB
SwapFree:         706984 kB
Dirty:                32 kB
Writeback:             0 kB
AnonPages:       1033160 kB
Mapped:           606980 kB
Shmem:              1432 kB
Slab:              98364 kB
SReclaimable:      31520 kB
SUnreclaim:        66844 kB
KernelStack:       38464 kB
PageTables:        49660 kB
NFS_Unstable:          0 kB
Bounce:                0 kB
WritebackTmp:          0 kB
CommitLimit:     2152132 kB
Committed_AS:   118507072 kB
VmallocTotal:   251658176 kB
VmallocUsed:      136116 kB
VmallocChunk:   251473452 kB
Time pass: 371 sec

---2015-12-05 14:07:44
MemTotal:        2873608 kB
MemFree:          121160 kB
Buffers:           15584 kB
Cached:           906388 kB
SwapCached:           72 kB
Active:          1293064 kB
Inactive:         648648 kB
Active(anon):     819652 kB
Inactive(anon):   215088 kB
Active(file):     473412 kB
Inactive(file):   433560 kB
Unevictable:       13568 kB
Mlocked:               0 kB
SwapTotal:        715328 kB
SwapFree:         706984 kB
Dirty:                32 kB
Writeback:             0 kB
AnonPages:       1033360 kB
Mapped:           607072 kB
Shmem:              1432 kB
Slab:              98360 kB
SReclaimable:      31520 kB
SUnreclaim:        66840 kB
KernelStack:       38496 kB
PageTables:        49688 kB
NFS_Unstable:          0 kB
Bounce:                0 kB
WritebackTmp:          0 kB
CommitLimit:     2152132 kB
Committed_AS:   118507104 kB
VmallocTotal:   251658176 kB
VmallocUsed:      136116 kB
VmallocChunk:   251473452 kB
Time pass: 375 sec

---2015-12-05 14:07:44
MemTotal:        2873608 kB
MemFree:          120788 kB
Buffers:           15600 kB
Cached:           906388 kB
SwapCached:           72 kB
Active:          1293436 kB
Inactive:         648664 kB
Active(anon):     820024 kB
Inactive(anon):   215088 kB
Active(file):     473412 kB
Inactive(file):   433576 kB
Unevictable:       13568 kB
Mlocked:               0 kB
SwapTotal:        715328 kB
SwapFree:         706984 kB
Dirty:                44 kB
Writeback:             0 kB
AnonPages:       1033784 kB
Mapped:           607104 kB
Shmem:              1432 kB
Slab:              98356 kB
SReclaimable:      31520 kB
SUnreclaim:        66836 kB
KernelStack:       38496 kB
PageTables:        49696 kB
NFS_Unstable:          0 kB
Bounce:                0 kB
WritebackTmp:          0 kB
CommitLimit:     2152132 kB
Committed_AS:   118507072 kB
VmallocTotal:   251658176 kB
VmallocUsed:      136116 kB
VmallocChunk:   251473452 kB
Time pass: 379 sec

---2015-12-05 14:07:44
MemTotal:        2873608 kB
MemFree:          119908 kB
Buffers:           15600 kB
Cached:           906388 kB
SwapCached:           72 kB
Active:          1293700 kB
Inactive:         648664 kB
Active(anon):     820288 kB
Inactive(anon):   215088 kB
Active(file):     473412 kB
Inactive(file):   433576 kB
Unevictable:       13568 kB
Mlocked:               0 kB
SwapTotal:        715328 kB
SwapFree:         706984 kB
Dirty:                44 kB
Writeback:             0 kB
AnonPages:       1033956 kB
Mapped:           607112 kB
Shmem:              1432 kB
Slab:              98364 kB
SReclaimable:      31520 kB
SUnreclaim:        66844 kB
KernelStack:       38496 kB
PageTables:        49696 kB
NFS_Unstable:          0 kB
Bounce:                0 kB
WritebackTmp:          0 kB
CommitLimit:     2152132 kB
Committed_AS:   118507096 kB
VmallocTotal:   251658176 kB
VmallocUsed:      136116 kB
VmallocChunk:   251473452 kB
Time pass: 383 sec

---2015-12-05 14:07:44
MemTotal:        2873608 kB
MemFree:          119596 kB
Buffers:           15608 kB
Cached:           906388 kB
SwapCached:           72 kB
Active:          1294488 kB
Inactive:         648672 kB
Active(anon):     821076 kB
Inactive(anon):   215088 kB
Active(file):     473412 kB
Inactive(file):   433584 kB
Unevictable:       13568 kB
Mlocked:               0 kB
SwapTotal:        715328 kB
SwapFree:         706984 kB
Dirty:                28 kB
Writeback:             0 kB
AnonPages:       1034704 kB
Mapped:           607120 kB
Shmem:              1432 kB
Slab:              98400 kB
SReclaimable:      31520 kB
SUnreclaim:        66880 kB
KernelStack:       38496 kB
PageTables:        49692 kB
NFS_Unstable:          0 kB
Bounce:                0 kB
WritebackTmp:          0 kB
CommitLimit:     2152132 kB
Committed_AS:   118507080 kB
VmallocTotal:   251658176 kB
VmallocUsed:      136116 kB
VmallocChunk:   251473452 kB
Time pass: 387 sec

---2015-12-05 14:07:44
MemTotal:        2873608 kB
MemFree:          119372 kB
Buffers:           15608 kB
Cached:           906388 kB
SwapCached:           72 kB
Active:          1294616 kB
Inactive:         648672 kB
Active(anon):     821204 kB
Inactive(anon):   215088 kB
Active(file):     473412 kB
Inactive(file):   433584 kB
Unevictable:       13568 kB
Mlocked:               0 kB
SwapTotal:        715328 kB
SwapFree:         706984 kB
Dirty:                 0 kB
Writeback:             0 kB
AnonPages:       1034780 kB
Mapped:           607212 kB
Shmem:              1432 kB
Slab:              98404 kB
SReclaimable:      31520 kB
SUnreclaim:        66884 kB
KernelStack:       38496 kB
PageTables:        49724 kB
NFS_Unstable:          0 kB
Bounce:                0 kB
WritebackTmp:          0 kB
CommitLimit:     2152132 kB
Committed_AS:   118507080 kB
VmallocTotal:   251658176 kB
VmallocUsed:      136116 kB
VmallocChunk:   251473452 kB
Time pass: 390 sec

---2015-12-05 14:07:44
MemTotal:        2873608 kB
MemFree:          119688 kB
Buffers:           15624 kB
