---2015-10-26 00:17:40
MemTotal:        2899420 kB
MemFree:          291652 kB
Buffers:           70300 kB
Cached:           636332 kB
SwapCached:         1548 kB
Active:          1311272 kB
Inactive:         508628 kB
Active(anon):     888976 kB
Inactive(anon):   238980 kB
Active(file):     422296 kB
Inactive(file):   269648 kB
Unevictable:       13556 kB
Mlocked:               0 kB
SwapTotal:        721780 kB
SwapFree:         624228 kB
Dirty:                32 kB
Writeback:             0 kB
AnonPages:       1125708 kB
Mapped:           331540 kB
Shmem:              1132 kB
Slab:             102796 kB
SReclaimable:      33504 kB
SUnreclaim:        69292 kB
KernelStack:       37552 kB
PageTables:        46492 kB
NFS_Unstable:          0 kB
Bounce:                0 kB
WritebackTmp:          0 kB
CommitLimit:     2171488 kB
Committed_AS:   107939748 kB
VmallocTotal:   251658176 kB
VmallocUsed:      126960 kB
VmallocChunk:   251443756 kB
Time pass: 3 sec

---2015-10-26 00:17:40
MemTotal:        2899420 kB
MemFree:          291548 kB
Buffers:           70308 kB
Cached:           636332 kB
SwapCached:         1548 kB
Active:          1310972 kB
Inactive:         508628 kB
Active(anon):     888676 kB
Inactive(anon):   238980 kB
Active(file):     422296 kB
Inactive(file):   269648 kB
Unevictable:       13556 kB
Mlocked:               0 kB
SwapTotal:        721780 kB
SwapFree:         624228 kB
Dirty:                12 kB
Writeback:             0 kB
AnonPages:       1125476 kB
Mapped:           331532 kB
Shmem:              1132 kB
Slab:             102796 kB
SReclaimable:      33504 kB
SUnreclaim:        69292 kB
KernelStack:       37552 kB
PageTables:        46492 kB
NFS_Unstable:          0 kB
Bounce:                0 kB
WritebackTmp:          0 kB
CommitLimit:     2171488 kB
Committed_AS:   107939796 kB
VmallocTotal:   251658176 kB
VmallocUsed:      126960 kB
VmallocChunk:   251443756 kB
Time pass: 7 sec

---2015-10-26 00:17:40
MemTotal:        2899420 kB
MemFree:          291260 kB
Buffers:           70308 kB
Cached:           636332 kB
SwapCached:         1548 kB
Active:          1311064 kB
Inactive:         508636 kB
Active(anon):     888768 kB
Inactive(anon):   238980 kB
Active(file):     422296 kB
Inactive(file):   269656 kB
Unevictable:       13556 kB
Mlocked:               0 kB
SwapTotal:        721780 kB
SwapFree:         624228 kB
Dirty:                12 kB
Writeback:             0 kB
AnonPages:       1125292 kB
Mapped:           331312 kB
Shmem:              1132 kB
Slab:             102796 kB
SReclaimable:      33504 kB
SUnreclaim:        69292 kB
KernelStack:       37552 kB
PageTables:        46488 kB
NFS_Unstable:          0 kB
Bounce:                0 kB
WritebackTmp:          0 kB
CommitLimit:     2171488 kB
Committed_AS:   107939772 kB
VmallocTotal:   251658176 kB
VmallocUsed:      126960 kB
VmallocChunk:   251443756 kB
Time pass: 11 sec

---2015-10-26 00:17:40
MemTotal:        2899420 kB
MemFree:          291088 kB
Buffers:           70308 kB
Cached:           636332 kB
SwapCached:         1548 kB
Active:          1311072 kB
Inactive:         508636 kB
Active(anon):     888776 kB
Inactive(anon):   238980 kB
Active(file):     422296 kB
Inactive(file):   269656 kB
Unevictable:       13556 kB
Mlocked:               0 kB
SwapTotal:        721780 kB
SwapFree:         624228 kB
Dirty:                 0 kB
Writeback:             0 kB
AnonPages:       1125516 kB
Mapped:           331328 kB
Shmem:              1132 kB
Slab:             102796 kB
SReclaimable:      33504 kB
SUnreclaim:        69292 kB
KernelStack:       37552 kB
PageTables:        46512 kB
NFS_Unstable:          0 kB
Bounce:                0 kB
WritebackTmp:          0 kB
CommitLimit:     2171488 kB
Committed_AS:   107939764 kB
VmallocTotal:   251658176 kB
VmallocUsed:      126960 kB
VmallocChunk:   251443756 kB
Time pass: 14 sec

---2015-10-26 00:17:40
MemTotal:        2899420 kB
MemFree:          291308 kB
Buffers:           70308 kB
Cached:           636332 kB
SwapCached:         1548 kB
Active:          1311100 kB
Inactive:         508636 kB
Active(anon):     888804 kB
Inactive(anon):   238980 kB
Active(file):     422296 kB
Inactive(file):   269656 kB
Unevictable:       13556 kB
Mlocked:               0 kB
SwapTotal:        721780 kB
SwapFree:         624228 kB
Dirty:                 0 kB
Writeback:             0 kB
AnonPages:       1125680 kB
Mapped:           331308 kB
Shmem:              1132 kB
Slab:             102796 kB
SReclaimable:      33504 kB
SUnreclaim:        69292 kB
KernelStack:       37504 kB
PageTables:        46492 kB
NFS_Unstable:          0 kB
Bounce:                0 kB
WritebackTmp:          0 kB
CommitLimit:     2171488 kB
Committed_AS:   107939780 kB
VmallocTotal:   251658176 kB
VmallocUsed:      126960 kB
VmallocChunk:   251443756 kB
Time pass: 18 sec

---2015-10-26 00:17:40
MemTotal:        2899420 kB
MemFree:          291244 kB
Buffers:           70308 kB
Cached:           636332 kB
SwapCached:         1548 kB
Active:          1311364 kB
Inactive:         508636 kB
Active(anon):     889068 kB
Inactive(anon):   238980 kB
Active(file):     422296 kB
Inactive(file):   269656 kB
Unevictable:       13556 kB
Mlocked:               0 kB
SwapTotal:        721780 kB
SwapFree:         624228 kB
Dirty:                 0 kB
Writeback:             0 kB
AnonPages:       1125676 kB
Mapped:           331528 kB
Shmem:              1132 kB
Slab:             102796 kB
SReclaimable:      33504 kB
SUnreclaim:        69292 kB
KernelStack:       37504 kB
PageTables:        46488 kB
NFS_Unstable:          0 kB
Bounce:                0 kB
WritebackTmp:          0 kB
CommitLimit:     2171488 kB
Committed_AS:   107939764 kB
VmallocTotal:   251658176 kB
VmallocUsed:      126960 kB
VmallocChunk:   251443756 kB
Time pass: 22 sec

---2015-10-26 00:17:40
MemTotal:        2899420 kB
MemFree:          290920 kB
Buffers:           70308 kB
Cached:           636332 kB
SwapCached:         1548 kB
Active:          1311316 kB
Inactive:         508636 kB
Active(anon):     889020 kB
Inactive(anon):   238980 kB
Active(file):     422296 kB
Inactive(file):   269656 kB
Unevictable:       13556 kB
Mlocked:               0 kB
SwapTotal:        721780 kB
SwapFree:         624228 kB
Dirty:                 0 kB
Writeback:             0 kB
AnonPages:       1125752 kB
Mapped:           331528 kB
Shmem:              1132 kB
Slab:             102796 kB
SReclaimable:      33504 kB
SUnreclaim:        69292 kB
KernelStack:       37504 kB
PageTables:        46488 kB
NFS_Unstable:          0 kB
Bounce:                0 kB
WritebackTmp:          0 kB
CommitLimit:     2171488 kB
Committed_AS:   107939748 kB
VmallocTotal:   251658176 kB
VmallocUsed:      126960 kB
VmallocChunk:   251443756 kB
Time pass: 26 sec

---2015-10-26 00:17:40
MemTotal:        2899420 kB
MemFree:          291332 kB
Buffers:           70308 kB
Cached:           636332 kB
SwapCached:         1548 kB
Active:          1311536 kB
Inactive:         508636 kB
Active(anon):     889240 kB
Inactive(anon):   238980 kB
Active(file):     422296 kB
Inactive(file):   269656 kB
Unevictable:       13556 kB
Mlocked:               0 kB
SwapTotal:        721780 kB
SwapFree:         624228 kB
Dirty:                 0 kB
Writeback:             0 kB
AnonPages:       1125840 kB
Mapped:           331308 kB
Shmem:              1132 kB
Slab:             102796 kB
SReclaimable:      33504 kB
SUnreclaim:        69292 kB
KernelStack:       37504 kB
PageTables:        46492 kB
NFS_Unstable:          0 kB
Bounce:                0 kB
WritebackTmp:          0 kB
CommitLimit:     2171488 kB
Committed_AS:   107939796 kB
VmallocTotal:   251658176 kB
VmallocUsed:      126960 kB
VmallocChunk:   251443756 kB
Time pass: 29 sec

---2015-10-26 00:17:40
MemTotal:        2899420 kB
MemFree:          290876 kB
Buffers:           70308 kB
Cached:           636332 kB
SwapCached:         1548 kB
Active:          1311632 kB
Inactive:         508636 kB
Active(anon):     889336 kB
Inactive(anon):   238980 kB
Active(file):     422296 kB
Inactive(file):   269656 kB
Unevictable:       13556 kB
Mlocked:               0 kB
SwapTotal:        721780 kB
SwapFree:         624228 kB
Dirty:                 0 kB
Writeback:             0 kB
AnonPages:       1125892 kB
Mapped:           331532 kB
Shmem:              1132 kB
Slab:             102796 kB
SReclaimable:      33504 kB
SUnreclaim:        69292 kB
KernelStack:       37504 kB
PageTables:        46492 kB
NFS_Unstable:          0 kB
Bounce:                0 kB
WritebackTmp:          0 kB
CommitLimit:     2171488 kB
Committed_AS:   107939788 kB
VmallocTotal:   251658176 kB
VmallocUsed:      126960 kB
VmallocChunk:   251443756 kB
Time pass: 33 sec

---2015-10-26 00:17:40
MemTotal:        2899420 kB
MemFree:          290656 kB
Buffers:           70308 kB
Cached:           636332 kB
SwapCached:         1548 kB
Active:          1311472 kB
Inactive:         508636 kB
Active(anon):     889176 kB
Inactive(anon):   238980 kB
Active(file):     422296 kB
Inactive(file):   269656 kB
Unevictable:       13556 kB
Mlocked:               0 kB
SwapTotal:        721780 kB
SwapFree:         624228 kB
Dirty:                 0 kB
Writeback:             0 kB
AnonPages:       1125920 kB
Mapped:           331448 kB
Shmem:              1132 kB
Slab:             102796 kB
SReclaimable:      33504 kB
SUnreclaim:        69292 kB
KernelStack:       37520 kB
PageTables:        46460 kB
NFS_Unstable:          0 kB
Bounce:                0 kB
WritebackTmp:          0 kB
CommitLimit:     2171488 kB
Committed_AS:   107939780 kB
VmallocTotal:   251658176 kB
VmallocUsed:      126960 kB
VmallocChunk:   251443756 kB
Time pass: 37 sec

---2015-10-26 00:17:40
MemTotal:        2899420 kB
MemFree:          290968 kB
Buffers:           70308 kB
Cached:           636332 kB
SwapCached:         1548 kB
Active:          1311660 kB
Inactive:         508636 kB
Active(anon):     889364 kB
Inactive(anon):   238980 kB
Active(file):     422296 kB
Inactive(file):   269656 kB
Unevictable:       13556 kB
Mlocked:               0 kB
SwapTotal:        721780 kB
SwapFree:         624228 kB
Dirty:                 0 kB
Writeback:             0 kB
AnonPages:       1126184 kB
Mapped:           331532 kB
Shmem:              1132 kB
Slab:             102796 kB
SReclaimable:      33504 kB
SUnreclaim:        69292 kB
KernelStack:       37504 kB
PageTables:        46460 kB
NFS_Unstable:          0 kB
Bounce:                0 kB
WritebackTmp:          0 kB
CommitLimit:     2171488 kB
Committed_AS:   107939764 kB
VmallocTotal:   251658176 kB
VmallocUsed:      126960 kB
VmallocChunk:   251443756 kB
Time pass: 41 sec

---2015-10-26 00:17:40
MemTotal:        2899420 kB
MemFree:          290636 kB
Buffers:           70308 kB
Cached:           636332 kB
SwapCached:         1548 kB
Active:          1311760 kB
Inactive:         508636 kB
Active(anon):     889464 kB
Inactive(anon):   238980 kB
Active(file):     422296 kB
Inactive(file):   269656 kB
Unevictable:       13556 kB
Mlocked:               0 kB
SwapTotal:        721780 kB
SwapFree:         624228 kB
Dirty:                 0 kB
Writeback:             0 kB
AnonPages:       1126188 kB
Mapped:           331528 kB
Shmem:              1132 kB
Slab:             102796 kB
SReclaimable:      33504 kB
SUnreclaim:        69292 kB
KernelStack:       37504 kB
PageTables:        46488 kB
NFS_Unstable:          0 kB
Bounce:                0 kB
WritebackTmp:          0 kB
CommitLimit:     2171488 kB
Committed_AS:   107939748 kB
VmallocTotal:   251658176 kB
VmallocUsed:      126960 kB
VmallocChunk:   251443756 kB
Time pass: 45 sec

---2015-10-26 00:17:40
MemTotal:        2899420 kB
MemFree:          290384 kB
Buffers:           70308 kB
Cached:           636332 kB
SwapCached:         1548 kB
Active:          1311972 kB
Inactive:         508636 kB
Active(anon):     889676 kB
Inactive(anon):   238980 kB
Active(file):     422296 kB
Inactive(file):   269656 kB
Unevictable:       13556 kB
Mlocked:               0 kB
SwapTotal:        721780 kB
SwapFree:         624228 kB
Dirty:                 0 kB
Writeback:             0 kB
AnonPages:       1126236 kB
Mapped:           331528 kB
Shmem:              1132 kB
Slab:             102796 kB
SReclaimable:      33504 kB
SUnreclaim:        69292 kB
KernelStack:       37504 kB
PageTables:        46492 kB
NFS_Unstable:          0 kB
Bounce:                0 kB
WritebackTmp:          0 kB
CommitLimit:     2171488 kB
Committed_AS:   107939796 kB
VmallocTotal:   251658176 kB
VmallocUsed:      126960 kB
VmallocChunk:   251443756 kB
Time pass: 48 sec

---2015-10-26 00:17:40
MemTotal:        2899420 kB
MemFree:          290236 kB
Buffers:           70308 kB
Cached:           636332 kB
SwapCached:         1548 kB
Active:          1311844 kB
Inactive:         508636 kB
Active(anon):     889548 kB
Inactive(anon):   238980 kB
Active(file):     422296 kB
Inactive(file):   269656 kB
Unevictable:       13556 kB
Mlocked:               0 kB
SwapTotal:        721780 kB
SwapFree:         624228 kB
Dirty:                 0 kB
Writeback:             0 kB
AnonPages:       1126216 kB
Mapped:           331308 kB
Shmem:              1132 kB
Slab:             102796 kB
SReclaimable:      33504 kB
SUnreclaim:        69292 kB
KernelStack:       37504 kB
PageTables:        46488 kB
NFS_Unstable:          0 kB
Bounce:                0 kB
WritebackTmp:          0 kB
CommitLimit:     2171488 kB
Committed_AS:   107939772 kB
VmallocTotal:   251658176 kB
VmallocUsed:      126960 kB
VmallocChunk:   251443756 kB
Time pass: 52 sec

---2015-10-26 00:17:40
MemTotal:        2899420 kB
MemFree:          290140 kB
Buffers:           70308 kB
Cached:           636332 kB
SwapCached:         1548 kB
Active:          1312004 kB
Inactive:         508636 kB
Active(anon):     889708 kB
Inactive(anon):   238980 kB
Active(file):     422296 kB
Inactive(file):   269656 kB
Unevictable:       13556 kB
Mlocked:               0 kB
SwapTotal:        721780 kB
SwapFree:         624228 kB
Dirty:                 0 kB
Writeback:             0 kB
AnonPages:       1126384 kB
Mapped:           331308 kB
Shmem:              1132 kB
Slab:             102796 kB
SReclaimable:      33504 kB
SUnreclaim:        69292 kB
KernelStack:       37504 kB
PageTables:        46488 kB
NFS_Unstable:          0 kB
Bounce:                0 kB
WritebackTmp:          0 kB
CommitLimit:     2171488 kB
Committed_AS:   107939756 kB
VmallocTotal:   251658176 kB
VmallocUsed:      126960 kB
VmallocChunk:   251443756 kB
Time pass: 56 sec

---2015-10-26 00:17:40
MemTotal:        2899420 kB
MemFree:          290116 kB
Buffers:           70308 kB
Cached:           636332 kB
SwapCached:         1548 kB
Active:          1312752 kB
Inactive:         508636 kB
Active(anon):     890456 kB
Inactive(anon):   238980 kB
Active(file):     422296 kB
Inactive(file):   269656 kB
Unevictable:       13556 kB
Mlocked:               0 kB
SwapTotal:        721780 kB
SwapFree:         624228 kB
Dirty:                32 kB
Writeback:             0 kB
AnonPages:       1127300 kB
Mapped:           331528 kB
Shmem:              1132 kB
Slab:             102796 kB
SReclaimable:      33504 kB
SUnreclaim:        69292 kB
KernelStack:       37520 kB
PageTables:        46492 kB
NFS_Unstable:          0 kB
Bounce:                0 kB
WritebackTmp:          0 kB
CommitLimit:     2171488 kB
Committed_AS:   107939844 kB
VmallocTotal:   251658176 kB
VmallocUsed:      126960 kB
VmallocChunk:   251443756 kB
Time pass: 60 sec

---2015-10-26 00:17:40
MemTotal:        2899420 kB
MemFree:          289572 kB
Buffers:           70308 kB
Cached:           636332 kB
SwapCached:         1548 kB
Active:          1312972 kB
Inactive:         508636 kB
Active(anon):     890676 kB
Inactive(anon):   238980 kB
Active(file):     422296 kB
Inactive(file):   269656 kB
Unevictable:       13556 kB
Mlocked:               0 kB
SwapTotal:        721780 kB
SwapFree:         624228 kB
Dirty:                32 kB
Writeback:             0 kB
AnonPages:       1127292 kB
Mapped:           331396 kB
Shmem:              1132 kB
Slab:             102796 kB
SReclaimable:      33504 kB
SUnreclaim:        69292 kB
KernelStack:       37504 kB
PageTables:        46520 kB
NFS_Unstable:          0 kB
Bounce:                0 kB
WritebackTmp:          0 kB
CommitLimit:     2171488 kB
Committed_AS:   107939820 kB
VmallocTotal:   251658176 kB
VmallocUsed:      126960 kB
VmallocChunk:   251443756 kB
Time pass: 63 sec

---2015-10-26 00:17:40
MemTotal:        2899420 kB
MemFree:          289396 kB
Buffers:           70312 kB
Cached:           636332 kB
SwapCached:         1548 kB
Active:          1313008 kB
Inactive:         508640 kB
Active(anon):     890712 kB
Inactive(anon):   238980 kB
Active(file):     422296 kB
Inactive(file):   269660 kB
Unevictable:       13556 kB
Mlocked:               0 kB
SwapTotal:        721780 kB
SwapFree:         624228 kB
Dirty:                12 kB
Writeback:             0 kB
AnonPages:       1127404 kB
Mapped:           331540 kB
Shmem:              1132 kB
Slab:             102796 kB
SReclaimable:      33504 kB
SUnreclaim:        69292 kB
KernelStack:       37504 kB
PageTables:        46492 kB
NFS_Unstable:          0 kB
Bounce:                0 kB
WritebackTmp:          0 kB
CommitLimit:     2171488 kB
Committed_AS:   107939812 kB
VmallocTotal:   251658176 kB
VmallocUsed:      126960 kB
VmallocChunk:   251443756 kB
Time pass: 67 sec

---2015-10-26 00:17:40
MemTotal:        2899420 kB
MemFree:          289712 kB
Buffers:           70312 kB
Cached:           636332 kB
SwapCached:         1548 kB
Active:          1312832 kB
Inactive:         508640 kB
Active(anon):     890536 kB
Inactive(anon):   238980 kB
Active(file):     422296 kB
Inactive(file):   269660 kB
Unevictable:       13556 kB
Mlocked:               0 kB
SwapTotal:        721780 kB
SwapFree:         624228 kB
Dirty:                 0 kB
Writeback:             0 kB
AnonPages:       1127128 kB
Mapped:           331452 kB
Shmem:              1132 kB
Slab:             102796 kB
SReclaimable:      33504 kB
SUnreclaim:        69292 kB
KernelStack:       37504 kB
PageTables:        46436 kB
NFS_Unstable:          0 kB
Bounce:                0 kB
WritebackTmp:          0 kB
CommitLimit:     2171488 kB
Committed_AS:   107939804 kB
VmallocTotal:   251658176 kB
VmallocUsed:      126960 kB
VmallocChunk:   251443756 kB
Time pass: 71 sec

---2015-10-26 00:17:40
MemTotal:        2899420 kB
MemFree:          289432 kB
Buffers:           70312 kB
Cached:           636332 kB
SwapCached:         1548 kB
Active:          1312888 kB
Inactive:         508640 kB
Active(anon):     890592 kB
Inactive(anon):   238980 kB
Active(file):     422296 kB
Inactive(file):   269660 kB
Unevictable:       13556 kB
Mlocked:               0 kB
SwapTotal:        721780 kB
SwapFree:         624228 kB
Dirty:                 0 kB
Writeback:             0 kB
AnonPages:       1127304 kB
Mapped:           331312 kB
Shmem:              1132 kB
Slab:             102796 kB
SReclaimable:      33504 kB
SUnreclaim:        69292 kB
KernelStack:       37504 kB
PageTables:        46492 kB
NFS_Unstable:          0 kB
Bounce:                0 kB
WritebackTmp:          0 kB
CommitLimit:     2171488 kB
Committed_AS:   107939796 kB
VmallocTotal:   251658176 kB
VmallocUsed:      126960 kB
VmallocChunk:   251443756 kB
Time pass: 75 sec

---2015-10-26 00:17:40
MemTotal:        2899420 kB
MemFree:          289620 kB
Buffers:           70312 kB
Cached:           636332 kB
SwapCached:         1548 kB
Active:          1313152 kB
Inactive:         508640 kB
Active(anon):     890856 kB
Inactive(anon):   238980 kB
Active(file):     422296 kB
Inactive(file):   269660 kB
Unevictable:       13556 kB
Mlocked:               0 kB
SwapTotal:        721780 kB
SwapFree:         624228 kB
Dirty:                 0 kB
Writeback:             0 kB
AnonPages:       1127636 kB
Mapped:           331532 kB
Shmem:              1132 kB
Slab:             102796 kB
SReclaimable:      33504 kB
SUnreclaim:        69292 kB
KernelStack:       37504 kB
PageTables:        46496 kB
NFS_Unstable:          0 kB
Bounce:                0 kB
WritebackTmp:          0 kB
CommitLimit:     2171488 kB
Committed_AS:   107939788 kB
VmallocTotal:   251658176 kB
VmallocUsed:      126960 kB
VmallocChunk:   251443756 kB
Time pass: 78 sec

---2015-10-26 00:17:40
MemTotal:        2899420 kB
MemFree:          289772 kB
Buffers:           70312 kB
Cached:           636332 kB
SwapCached:         1548 kB
Active:          1313124 kB
Inactive:         508640 kB
Active(anon):     890828 kB
Inactive(anon):   238980 kB
Active(file):     422296 kB
Inactive(file):   269660 kB
Unevictable:       13556 kB
Mlocked:               0 kB
SwapTotal:        721780 kB
SwapFree:         624228 kB
Dirty:                 0 kB
Writeback:             0 kB
AnonPages:       1127492 kB
Mapped:           331312 kB
Shmem:              1132 kB
Slab:             102796 kB
SReclaimable:      33504 kB
SUnreclaim:        69292 kB
KernelStack:       37504 kB
PageTables:        46492 kB
NFS_Unstable:          0 kB
Bounce:                0 kB
WritebackTmp:          0 kB
CommitLimit:     2171488 kB
Committed_AS:   107939772 kB
VmallocTotal:   251658176 kB
VmallocUsed:      126960 kB
VmallocChunk:   251443756 kB
Time pass: 82 sec

---2015-10-26 00:17:40
MemTotal:        2899420 kB
MemFree:          288996 kB
Buffers:           70312 kB
Cached:           636332 kB
SwapCached:         1548 kB
Active:          1313268 kB
Inactive:         508640 kB
Active(anon):     890972 kB
Inactive(anon):   238980 kB
Active(file):     422296 kB
Inactive(file):   269660 kB
Unevictable:       13556 kB
Mlocked:               0 kB
SwapTotal:        721780 kB
SwapFree:         624228 kB
Dirty:                 0 kB
Writeback:             0 kB
AnonPages:       1127684 kB
Mapped:           331452 kB
Shmem:              1132 kB
Slab:             102796 kB
SReclaimable:      33504 kB
SUnreclaim:        69292 kB
KernelStack:       37488 kB
PageTables:        46440 kB
NFS_Unstable:          0 kB
Bounce:                0 kB
WritebackTmp:          0 kB
CommitLimit:     2171488 kB
Committed_AS:   107939964 kB
VmallocTotal:   251658176 kB
VmallocUsed:      126960 kB
VmallocChunk:   251443756 kB
Time pass: 86 sec

---2015-10-26 00:17:40
MemTotal:        2899420 kB
MemFree:          317620 kB
Buffers:           70320 kB
Cached:           636564 kB
SwapCached:         1548 kB
Active:          1348544 kB
Inactive:         508808 kB
Active(anon):     926248 kB
Inactive(anon):   239132 kB
Active(file):     422296 kB
Inactive(file):   269676 kB
Unevictable:       13556 kB
Mlocked:               0 kB
SwapTotal:        721780 kB
SwapFree:         624228 kB
Dirty:              1384 kB
Writeback:             0 kB
AnonPages:       1163472 kB
Mapped:           335696 kB
Shmem:              1356 kB
Slab:             102792 kB
SReclaimable:      33504 kB
SUnreclaim:        69288 kB
KernelStack:       38384 kB
PageTables:        47416 kB
NFS_Unstable:          0 kB
Bounce:                0 kB
WritebackTmp:          0 kB
CommitLimit:     2171488 kB
Committed_AS:   109261516 kB
VmallocTotal:   251658176 kB
VmallocUsed:      127520 kB
VmallocChunk:   251443756 kB
Time pass: 90 sec

---2015-10-26 00:17:40
MemTotal:        2899420 kB
MemFree:          275160 kB
Buffers:           70328 kB
Cached:           636116 kB
SwapCached:         1548 kB
Active:          1341580 kB
Inactive:         508432 kB
Active(anon):     919276 kB
Inactive(anon):   239112 kB
Active(file):     422304 kB
Inactive(file):   269320 kB
Unevictable:       13556 kB
Mlocked:               0 kB
SwapTotal:        721780 kB
SwapFree:         624228 kB
Dirty:               124 kB
Writeback:            68 kB
AnonPages:       1155832 kB
Mapped:           385328 kB
Shmem:              1264 kB
Slab:             102832 kB
SReclaimable:      33504 kB
SUnreclaim:        69328 kB
KernelStack:       38560 kB
PageTables:        47668 kB
NFS_Unstable:          0 kB
Bounce:                0 kB
WritebackTmp:          0 kB
CommitLimit:     2171488 kB
Committed_AS:   109271264 kB
VmallocTotal:   251658176 kB
VmallocUsed:      127948 kB
VmallocChunk:   251443756 kB
Time pass: 94 sec

---2015-10-26 00:17:40
MemTotal:        2899420 kB
MemFree:          200732 kB
Buffers:           70336 kB
Cached:           635880 kB
SwapCached:         1548 kB
Active:          1353916 kB
Inactive:         508332 kB
Active(anon):     931740 kB
Inactive(anon):   239116 kB
Active(file):     422176 kB
Inactive(file):   269216 kB
Unevictable:       13556 kB
Mlocked:               0 kB
SwapTotal:        721780 kB
SwapFree:         624228 kB
Dirty:              2408 kB
Writeback:             0 kB
AnonPages:       1168528 kB
Mapped:           443980 kB
Shmem:              1268 kB
Slab:             102808 kB
SReclaimable:      33500 kB
SUnreclaim:        69308 kB
KernelStack:       38688 kB
PageTables:        47820 kB
NFS_Unstable:          0 kB
Bounce:                0 kB
WritebackTmp:          0 kB
CommitLimit:     2171488 kB
Committed_AS:   109280300 kB
VmallocTotal:   251658176 kB
VmallocUsed:      128472 kB
VmallocChunk:   251443756 kB
Time pass: 97 sec

---2015-10-26 00:17:40
MemTotal:        2899420 kB
MemFree:          201020 kB
Buffers:           70340 kB
Cached:           635884 kB
SwapCached:         1548 kB
Active:          1353964 kB
Inactive:         508292 kB
Active(anon):     931740 kB
Inactive(anon):   239116 kB
Active(file):     422224 kB
Inactive(file):   269176 kB
Unevictable:       13556 kB
Mlocked:               0 kB
SwapTotal:        721780 kB
SwapFree:         624228 kB
Dirty:               320 kB
Writeback:             0 kB
AnonPages:       1168484 kB
Mapped:           443996 kB
Shmem:              1268 kB
Slab:             102816 kB
SReclaimable:      33500 kB
SUnreclaim:        69316 kB
KernelStack:       38688 kB
PageTables:        47832 kB
NFS_Unstable:          0 kB
Bounce:                0 kB
WritebackTmp:          0 kB
CommitLimit:     2171488 kB
Committed_AS:   109280316 kB
VmallocTotal:   251658176 kB
VmallocUsed:      128472 kB
VmallocChunk:   251443756 kB
Time pass: 101 sec

---2015-10-26 00:17:40
MemTotal:        2899420 kB
MemFree:          200288 kB
Buffers:           70340 kB
Cached:           635884 kB
SwapCached:         1548 kB
Active:          1354236 kB
Inactive:         508292 kB
Active(anon):     932012 kB
Inactive(anon):   239116 kB
Active(file):     422224 kB
Inactive(file):   269176 kB
Unevictable:       13556 kB
Mlocked:               0 kB
SwapTotal:        721780 kB
SwapFree:         624228 kB
Dirty:                 0 kB
Writeback:             0 kB
AnonPages:       1168868 kB
Mapped:           444216 kB
Shmem:              1268 kB
Slab:             102816 kB
SReclaimable:      33500 kB
SUnreclaim:        69316 kB
KernelStack:       38688 kB
PageTables:        47836 kB
NFS_Unstable:          0 kB
Bounce:                0 kB
WritebackTmp:          0 kB
CommitLimit:     2171488 kB
Committed_AS:   109280300 kB
VmallocTotal:   251658176 kB
VmallocUsed:      128472 kB
VmallocChunk:   251443756 kB
Time pass: 105 sec

---2015-10-26 00:17:40
MemTotal:        2899420 kB
MemFree:          200024 kB
Buffers:           70344 kB
Cached:           635880 kB
SwapCached:         1548 kB
Active:          1354532 kB
Inactive:         508292 kB
Active(anon):     932308 kB
Inactive(anon):   239116 kB
Active(file):     422224 kB
Inactive(file):   269176 kB
Unevictable:       13556 kB
Mlocked:               0 kB
SwapTotal:        721780 kB
SwapFree:         624228 kB
Dirty:                 0 kB
Writeback:             0 kB
AnonPages:       1168896 kB
Mapped:           444216 kB
Shmem:              1268 kB
Slab:             102816 kB
SReclaimable:      33500 kB
SUnreclaim:        69316 kB
KernelStack:       38688 kB
PageTables:        47832 kB
NFS_Unstable:          0 kB
Bounce:                0 kB
WritebackTmp:          0 kB
CommitLimit:     2171488 kB
Committed_AS:   109280316 kB
VmallocTotal:   251658176 kB
VmallocUsed:      128472 kB
VmallocChunk:   251443756 kB
Time pass: 109 sec

---2015-10-26 00:17:40
MemTotal:        2899420 kB
MemFree:          185368 kB
Buffers:           70356 kB
Cached:           636276 kB
SwapCached:         1548 kB
Active:          1356812 kB
Inactive:         508560 kB
Active(anon):     934560 kB
Inactive(anon):   239116 kB
Active(file):     422252 kB
Inactive(file):   269444 kB
Unevictable:       13556 kB
Mlocked:               0 kB
SwapTotal:        721780 kB
SwapFree:         624228 kB
Dirty:               492 kB
Writeback:             0 kB
AnonPages:       1171164 kB
Mapped:           450832 kB
Shmem:              1268 kB
Slab:             102832 kB
SReclaimable:      33516 kB
SUnreclaim:        69316 kB
KernelStack:       38720 kB
PageTables:        47852 kB
NFS_Unstable:          0 kB
Bounce:                0 kB
WritebackTmp:          0 kB
CommitLimit:     2171488 kB
Committed_AS:   109280428 kB
VmallocTotal:   251658176 kB
VmallocUsed:      128604 kB
VmallocChunk:   251443756 kB
Time pass: 112 sec

---2015-10-26 00:17:40
MemTotal:        2899420 kB
MemFree:          185384 kB
Buffers:           70360 kB
Cached:           636288 kB
SwapCached:         1548 kB
Active:          1356916 kB
Inactive:         508588 kB
Active(anon):     934636 kB
Inactive(anon):   239116 kB
Active(file):     422280 kB
Inactive(file):   269472 kB
Unevictable:       13556 kB
Mlocked:               0 kB
SwapTotal:        721780 kB
SwapFree:         624228 kB
Dirty:                 0 kB
Writeback:             0 kB
AnonPages:       1171348 kB
Mapped:           450816 kB
Shmem:              1268 kB
Slab:             102832 kB
SReclaimable:      33516 kB
SUnreclaim:        69316 kB
KernelStack:       38704 kB
PageTables:        47856 kB
NFS_Unstable:          0 kB
Bounce:                0 kB
WritebackTmp:          0 kB
CommitLimit:     2171488 kB
Committed_AS:   109280412 kB
VmallocTotal:   251658176 kB
VmallocUsed:      128604 kB
VmallocChunk:   251443756 kB
Time pass: 116 sec

---2015-10-26 00:17:40
MemTotal:        2899420 kB
MemFree:          185208 kB
Buffers:           70360 kB
Cached:           636256 kB
SwapCached:         1548 kB
Active:          1357132 kB
Inactive:         508596 kB
Active(anon):     934876 kB
Inactive(anon):   239116 kB
Active(file):     422256 kB
Inactive(file):   269480 kB
Unevictable:       13556 kB
Mlocked:               0 kB
SwapTotal:        721780 kB
SwapFree:         624228 kB
Dirty:               124 kB
Writeback:             0 kB
AnonPages:       1171580 kB
Mapped:           450876 kB
Shmem:              1268 kB
Slab:             102832 kB
SReclaimable:      33516 kB
SUnreclaim:        69316 kB
KernelStack:       38736 kB
PageTables:        47864 kB
NFS_Unstable:          0 kB
Bounce:                0 kB
WritebackTmp:          0 kB
CommitLimit:     2171488 kB
Committed_AS:   109280412 kB
VmallocTotal:   251658176 kB
VmallocUsed:      128604 kB
VmallocChunk:   251443756 kB
Time pass: 120 sec

---2015-10-26 00:17:40
MemTotal:        2899420 kB
MemFree:          158088 kB
Buffers:           70360 kB
Cached:           636276 kB
SwapCached:         1548 kB
Active:          1359084 kB
Inactive:         508644 kB
Active(anon):     936800 kB
Inactive(anon):   239116 kB
Active(file):     422284 kB
Inactive(file):   269528 kB
Unevictable:       13556 kB
Mlocked:               0 kB
SwapTotal:        721780 kB
SwapFree:         624228 kB
Dirty:               516 kB
Writeback:             0 kB
AnonPages:       1173360 kB
Mapped:           467488 kB
Shmem:              1268 kB
Slab:             102820 kB
SReclaimable:      33516 kB
SUnreclaim:        69304 kB
KernelStack:       38672 kB
PageTables:        47912 kB
NFS_Unstable:          0 kB
Bounce:                0 kB
WritebackTmp:          0 kB
CommitLimit:     2171488 kB
Committed_AS:   109280652 kB
VmallocTotal:   251658176 kB
VmallocUsed:      128788 kB
VmallocChunk:   251443756 kB
Time pass: 124 sec

---2015-10-26 00:17:40
MemTotal:        2899420 kB
MemFree:          158092 kB
Buffers:           70368 kB
Cached:           636276 kB
SwapCached:         1548 kB
Active:          1359196 kB
Inactive:         508652 kB
Active(anon):     936912 kB
Inactive(anon):   239116 kB
Active(file):     422284 kB
Inactive(file):   269536 kB
Unevictable:       13556 kB
Mlocked:               0 kB
SwapTotal:        721780 kB
SwapFree:         624228 kB
Dirty:                 8 kB
Writeback:             0 kB
AnonPages:       1173680 kB
Mapped:           467796 kB
Shmem:              1268 kB
Slab:             102836 kB
SReclaimable:      33532 kB
SUnreclaim:        69304 kB
KernelStack:       38672 kB
PageTables:        47880 kB
NFS_Unstable:          0 kB
Bounce:                0 kB
WritebackTmp:          0 kB
CommitLimit:     2171488 kB
Committed_AS:   109280708 kB
VmallocTotal:   251658176 kB
VmallocUsed:      128788 kB
VmallocChunk:   251443756 kB
Time pass: 128 sec

---2015-10-26 00:17:40
MemTotal:        2899420 kB
MemFree:          157524 kB
Buffers:           70372 kB
Cached:           636276 kB
SwapCached:         1548 kB
Active:          1359332 kB
Inactive:         508648 kB
Active(anon):     937048 kB
Inactive(anon):   239116 kB
Active(file):     422284 kB
Inactive(file):   269532 kB
Unevictable:       13556 kB
Mlocked:               0 kB
SwapTotal:        721780 kB
SwapFree:         624228 kB
Dirty:                60 kB
Writeback:             0 kB
AnonPages:       1173604 kB
Mapped:           467876 kB
Shmem:              1268 kB
Slab:             102836 kB
SReclaimable:      33532 kB
SUnreclaim:        69304 kB
KernelStack:       38672 kB
PageTables:        47908 kB
NFS_Unstable:          0 kB
Bounce:                0 kB
WritebackTmp:          0 kB
CommitLimit:     2171488 kB
Committed_AS:   109280700 kB
VmallocTotal:   251658176 kB
VmallocUsed:      128788 kB
VmallocChunk:   251443756 kB
Time pass: 131 sec

---2015-10-26 00:17:40
MemTotal:        2899420 kB
MemFree:          157676 kB
Buffers:           70372 kB
Cached:           636276 kB
SwapCached:         1548 kB
Active:          1359360 kB
Inactive:         508652 kB
Active(anon):     937072 kB
Inactive(anon):   239116 kB
Active(file):     422288 kB
Inactive(file):   269536 kB
Unevictable:       13556 kB
Mlocked:               0 kB
SwapTotal:        721780 kB
SwapFree:         624228 kB
Dirty:                72 kB
Writeback:             0 kB
AnonPages:       1173652 kB
Mapped:           467876 kB
Shmem:              1268 kB
Slab:             102836 kB
SReclaimable:      33532 kB
SUnreclaim:        69304 kB
KernelStack:       38672 kB
PageTables:        47912 kB
NFS_Unstable:          0 kB
Bounce:                0 kB
WritebackTmp:          0 kB
CommitLimit:     2171488 kB
Committed_AS:   109280764 kB
VmallocTotal:   251658176 kB
VmallocUsed:      128788 kB
VmallocChunk:   251443756 kB
Time pass: 135 sec

---2015-10-26 00:17:40
MemTotal:        2899420 kB
MemFree:          157316 kB
Buffers:           70380 kB
Cached:           636276 kB
SwapCached:         1548 kB
Active:          1359536 kB
Inactive:         508652 kB
Active(anon):     937244 kB
Inactive(anon):   239116 kB
Active(file):     422292 kB
Inactive(file):   269536 kB
Unevictable:       13556 kB
Mlocked:               0 kB
SwapTotal:        721780 kB
SwapFree:         624228 kB
Dirty:                24 kB
Writeback:             0 kB
AnonPages:       1173820 kB
Mapped:           467876 kB
Shmem:              1268 kB
Slab:             102836 kB
SReclaimable:      33532 kB
SUnreclaim:        69304 kB
KernelStack:       38672 kB
PageTables:        47908 kB
NFS_Unstable:          0 kB
Bounce:                0 kB
WritebackTmp:          0 kB
CommitLimit:     2171488 kB
Committed_AS:   109280748 kB
VmallocTotal:   251658176 kB
VmallocUsed:      128788 kB
VmallocChunk:   251443756 kB
Time pass: 139 sec

---2015-10-26 00:17:40
MemTotal:        2899420 kB
MemFree:          157936 kB
Buffers:           70380 kB
Cached:           636276 kB
SwapCached:         1548 kB
Active:          1359468 kB
Inactive:         508656 kB
Active(anon):     937176 kB
Inactive(anon):   239116 kB
Active(file):     422292 kB
Inactive(file):   269540 kB
Unevictable:       13556 kB
Mlocked:               0 kB
SwapTotal:        721780 kB
SwapFree:         624228 kB
Dirty:                 0 kB
Writeback:             0 kB
AnonPages:       1173932 kB
Mapped:           467876 kB
Shmem:              1268 kB
Slab:             102836 kB
SReclaimable:      33532 kB
SUnreclaim:        69304 kB
KernelStack:       38672 kB
PageTables:        47912 kB
NFS_Unstable:          0 kB
Bounce:                0 kB
WritebackTmp:          0 kB
CommitLimit:     2171488 kB
Committed_AS:   109280732 kB
VmallocTotal:   251658176 kB
VmallocUsed:      128788 kB
VmallocChunk:   251443756 kB
Time pass: 143 sec

---2015-10-26 00:17:40
MemTotal:        2899420 kB
MemFree:          158220 kB
Buffers:           70380 kB
Cached:           636276 kB
SwapCached:         1548 kB
Active:          1359572 kB
Inactive:         508656 kB
Active(anon):     937280 kB
Inactive(anon):   239116 kB
Active(file):     422292 kB
Inactive(file):   269540 kB
Unevictable:       13556 kB
Mlocked:               0 kB
SwapTotal:        721780 kB
SwapFree:         624228 kB
Dirty:                 0 kB
Writeback:             0 kB
AnonPages:       1173992 kB
Mapped:           467872 kB
Shmem:              1268 kB
Slab:             102836 kB
SReclaimable:      33532 kB
SUnreclaim:        69304 kB
KernelStack:       38672 kB
PageTables:        47908 kB
NFS_Unstable:          0 kB
Bounce:                0 kB
WritebackTmp:          0 kB
CommitLimit:     2171488 kB
Committed_AS:   109280756 kB
VmallocTotal:   251658176 kB
VmallocUsed:      128788 kB
VmallocChunk:   251443756 kB
Time pass: 147 sec

---2015-10-26 00:17:40
MemTotal:        2899420 kB
MemFree:          151788 kB
Buffers:           70380 kB
Cached:           636276 kB
SwapCached:         1548 kB
Active:          1365240 kB
Inactive:         508656 kB
Active(anon):     942948 kB
Inactive(anon):   239116 kB
Active(file):     422292 kB
Inactive(file):   269540 kB
Unevictable:       13556 kB
Mlocked:               0 kB
SwapTotal:        721780 kB
SwapFree:         624228 kB
Dirty:                 0 kB
Writeback:             0 kB
AnonPages:       1179860 kB
Mapped:           468976 kB
Shmem:              1268 kB
Slab:             102836 kB
SReclaimable:      33532 kB
SUnreclaim:        69304 kB
KernelStack:       38752 kB
PageTables:        48240 kB
NFS_Unstable:          0 kB
Bounce:                0 kB
WritebackTmp:          0 kB
CommitLimit:     2171488 kB
Committed_AS:   112767212 kB
VmallocTotal:   251658176 kB
VmallocUsed:      129808 kB
VmallocChunk:   251443756 kB
Time pass: 150 sec

---2015-10-26 00:17:40
MemTotal:        2899420 kB
MemFree:          267896 kB
Buffers:           70396 kB
Cached:           636360 kB
SwapCached:         1548 kB
Active:          1331536 kB
Inactive:         508720 kB
Active(anon):     909212 kB
Inactive(anon):   238976 kB
Active(file):     422324 kB
Inactive(file):   269744 kB
Unevictable:       13556 kB
Mlocked:               0 kB
SwapTotal:        721780 kB
SwapFree:         624228 kB
Dirty:              1036 kB
Writeback:             0 kB
AnonPages:       1146176 kB
Mapped:           326196 kB
Shmem:              1132 kB
Slab:             102772 kB
SReclaimable:      33532 kB
SUnreclaim:        69240 kB
KernelStack:       37904 kB
PageTables:        47048 kB
NFS_Unstable:          0 kB
Bounce:                0 kB
WritebackTmp:          0 kB
CommitLimit:     2171488 kB
Committed_AS:   116155328 kB
VmallocTotal:   251658176 kB
VmallocUsed:      128004 kB
VmallocChunk:   251443756 kB
Time pass: 154 sec

---2015-10-26 00:17:40
MemTotal:        2899420 kB
MemFree:          282732 kB
Buffers:           70400 kB
Cached:           636456 kB
SwapCached:         1548 kB
Active:          1316468 kB
Inactive:         508808 kB
Active(anon):     894132 kB
Inactive(anon):   238976 kB
Active(file):     422336 kB
Inactive(file):   269832 kB
Unevictable:       13556 kB
Mlocked:               0 kB
SwapTotal:        721780 kB
SwapFree:         624228 kB
Dirty:                96 kB
Writeback:             0 kB
AnonPages:       1130688 kB
Mapped:           326768 kB
Shmem:              1132 kB
Slab:             102828 kB
SReclaimable:      33548 kB
SUnreclaim:        69280 kB
KernelStack:       37808 kB
PageTables:        46976 kB
NFS_Unstable:          0 kB
Bounce:                0 kB
WritebackTmp:          0 kB
CommitLimit:     2171488 kB
Committed_AS:   109190512 kB
VmallocTotal:   251658176 kB
VmallocUsed:      128004 kB
VmallocChunk:   251443756 kB
Time pass: 158 sec

---2015-10-26 00:17:40
MemTotal:        2899420 kB
MemFree:          283784 kB
Buffers:           70408 kB
Cached:           636456 kB
SwapCached:         1548 kB
Active:          1315068 kB
Inactive:         508816 kB
Active(anon):     892732 kB
Inactive(anon):   238976 kB
Active(file):     422336 kB
Inactive(file):   269840 kB
Unevictable:       13556 kB
Mlocked:               0 kB
SwapTotal:        721780 kB
SwapFree:         624228 kB
Dirty:                68 kB
Writeback:             0 kB
AnonPages:       1129668 kB
Mapped:           326768 kB
Shmem:              1132 kB
Slab:             102804 kB
SReclaimable:      33548 kB
SUnreclaim:        69256 kB
KernelStack:       38000 kB
PageTables:        46824 kB
NFS_Unstable:          0 kB
Bounce:                0 kB
WritebackTmp:          0 kB
CommitLimit:     2171488 kB
Committed_AS:   109186772 kB
VmallocTotal:   251658176 kB
VmallocUsed:      128004 kB
VmallocChunk:   251443756 kB
Time pass: 161 sec

---2015-10-26 00:17:40
MemTotal:        2899420 kB
MemFree:          285496 kB
Buffers:           70408 kB
Cached:           636456 kB
SwapCached:         1548 kB
Active:          1313496 kB
Inactive:         508816 kB
Active(anon):     891160 kB
Inactive(anon):   238976 kB
Active(file):     422336 kB
Inactive(file):   269840 kB
Unevictable:       13556 kB
Mlocked:               0 kB
SwapTotal:        721780 kB
SwapFree:         624228 kB
Dirty:                68 kB
Writeback:             0 kB
AnonPages:       1127728 kB
Mapped:           326440 kB
Shmem:              1132 kB
Slab:             102824 kB
SReclaimable:      33532 kB
SUnreclaim:        69292 kB
KernelStack:       37728 kB
PageTables:        46944 kB
NFS_Unstable:          0 kB
Bounce:                0 kB
WritebackTmp:          0 kB
CommitLimit:     2171488 kB
Committed_AS:   109182828 kB
VmallocTotal:   251658176 kB
VmallocUsed:      128004 kB
VmallocChunk:   251443756 kB
Time pass: 165 sec

---2015-10-26 00:17:40
MemTotal:        2899420 kB
MemFree:          285072 kB
Buffers:           70416 kB
Cached:           636456 kB
SwapCached:         1548 kB
Active:          1313552 kB
Inactive:         508816 kB
Active(anon):     891216 kB
Inactive(anon):   238976 kB
Active(file):     422336 kB
Inactive(file):   269840 kB
Unevictable:       13556 kB
Mlocked:               0 kB
SwapTotal:        721780 kB
SwapFree:         624228 kB
Dirty:                12 kB
Writeback:             0 kB
AnonPages:       1127832 kB
Mapped:           326500 kB
Shmem:              1132 kB
Slab:             102820 kB
SReclaimable:      33532 kB
SUnreclaim:        69288 kB
KernelStack:       37728 kB
PageTables:        46976 kB
NFS_Unstable:          0 kB
Bounce:                0 kB
WritebackTmp:          0 kB
CommitLimit:     2171488 kB
Committed_AS:   109182864 kB
VmallocTotal:   251658176 kB
VmallocUsed:      128004 kB
VmallocChunk:   251443756 kB
Time pass: 169 sec

---2015-10-26 00:17:40
MemTotal:        2899420 kB
MemFree:          284620 kB
Buffers:           70416 kB
Cached:           636456 kB
SwapCached:         1548 kB
Active:          1313660 kB
Inactive:         508824 kB
Active(anon):     891324 kB
Inactive(anon):   238976 kB
Active(file):     422336 kB
Inactive(file):   269848 kB
Unevictable:       13556 kB
Mlocked:               0 kB
SwapTotal:        721780 kB
SwapFree:         624228 kB
Dirty:                 0 kB
Writeback:             0 kB
AnonPages:       1127956 kB
Mapped:           326444 kB
Shmem:              1132 kB
Slab:             102820 kB
SReclaimable:      33532 kB
SUnreclaim:        69288 kB
KernelStack:       37728 kB
PageTables:        46972 kB
NFS_Unstable:          0 kB
Bounce:                0 kB
WritebackTmp:          0 kB
CommitLimit:     2171488 kB
Committed_AS:   109195440 kB
VmallocTotal:   251658176 kB
VmallocUsed:      128004 kB
VmallocChunk:   251443756 kB
Time pass: 173 sec

---2015-10-26 00:17:40
MemTotal:        2899420 kB
MemFree:          282416 kB
Buffers:           70436 kB
Cached:           636588 kB
SwapCached:         1548 kB
Active:          1348796 kB
Inactive:         508948 kB
Active(anon):     926436 kB
Inactive(anon):   239104 kB
Active(file):     422360 kB
Inactive(file):   269844 kB
Unevictable:       13556 kB
Mlocked:               0 kB
SwapTotal:        721780 kB
SwapFree:         624228 kB
Dirty:              1332 kB
Writeback:             0 kB
AnonPages:       1163428 kB
Mapped:           371144 kB
Shmem:              1264 kB
Slab:             102780 kB
SReclaimable:      33532 kB
SUnreclaim:        69248 kB
KernelStack:       38736 kB
PageTables:        48076 kB
NFS_Unstable:          0 kB
Bounce:                0 kB
WritebackTmp:          0 kB
CommitLimit:     2171488 kB
Committed_AS:   110504480 kB
VmallocTotal:   251658176 kB
VmallocUsed:      128872 kB
VmallocChunk:   251443756 kB
Time pass: 176 sec

---2015-10-26 00:17:40
MemTotal:        2899420 kB
MemFree:          291692 kB
Buffers:           70436 kB
Cached:           636504 kB
SwapCached:         1548 kB
Active:          1338836 kB
Inactive:         508812 kB
Active(anon):     916480 kB
Inactive(anon):   239104 kB
Active(file):     422356 kB
Inactive(file):   269708 kB
Unevictable:       13556 kB
Mlocked:               0 kB
SwapTotal:        721780 kB
SwapFree:         624228 kB
Dirty:                56 kB
Writeback:             0 kB
AnonPages:       1153164 kB
Mapped:           371804 kB
Shmem:              1264 kB
Slab:             102716 kB
SReclaimable:      33532 kB
SUnreclaim:        69184 kB
KernelStack:       38784 kB
PageTables:        48096 kB
NFS_Unstable:          0 kB
Bounce:                0 kB
WritebackTmp:          0 kB
CommitLimit:     2171488 kB
Committed_AS:   110496384 kB
VmallocTotal:   251658176 kB
VmallocUsed:      128872 kB
VmallocChunk:   251443756 kB
Time pass: 180 sec

---2015-10-26 00:17:40
MemTotal:        2899420 kB
MemFree:          283640 kB
Buffers:           70440 kB
Cached:           636544 kB
SwapCached:         1548 kB
Active:          1348744 kB
Inactive:         508888 kB
Active(anon):     926368 kB
Inactive(anon):   239108 kB
Active(file):     422376 kB
Inactive(file):   269780 kB
Unevictable:       13556 kB
Mlocked:               0 kB
SwapTotal:        721780 kB
SwapFree:         624228 kB
Dirty:                68 kB
Writeback:             0 kB
AnonPages:       1163436 kB
Mapped:           371664 kB
Shmem:              1268 kB
Slab:             102716 kB
SReclaimable:      33532 kB
SUnreclaim:        69184 kB
KernelStack:       38912 kB
PageTables:        48144 kB
NFS_Unstable:          0 kB
Bounce:                0 kB
WritebackTmp:          0 kB
CommitLimit:     2171488 kB
Committed_AS:   110499320 kB
VmallocTotal:   251658176 kB
VmallocUsed:      128864 kB
VmallocChunk:   251443756 kB
Time pass: 184 sec

---2015-10-26 00:17:40
MemTotal:        2899420 kB
MemFree:          224372 kB
Buffers:           70440 kB
Cached:           636688 kB
SwapCached:         1548 kB
Active:          1351212 kB
Inactive:         508980 kB
Active(anon):     928812 kB
Inactive(anon):   239108 kB
Active(file):     422400 kB
Inactive(file):   269872 kB
Unevictable:       13556 kB
Mlocked:               0 kB
SwapTotal:        721780 kB
SwapFree:         624228 kB
Dirty:              1332 kB
Writeback:             0 kB
AnonPages:       1165480 kB
Mapped:           424200 kB
Shmem:              1268 kB
Slab:             102720 kB
SReclaimable:      33532 kB
SUnreclaim:        69188 kB
KernelStack:       38864 kB
PageTables:        48240 kB
NFS_Unstable:          0 kB
Bounce:                0 kB
WritebackTmp:          0 kB
CommitLimit:     2171488 kB
Committed_AS:   110507544 kB
VmallocTotal:   251658176 kB
VmallocUsed:      129344 kB
VmallocChunk:   251443756 kB
Time pass: 187 sec

---2015-10-26 00:17:40
MemTotal:        2899420 kB
MemFree:          209440 kB
Buffers:           70448 kB
Cached:           636688 kB
SwapCached:         1548 kB
Active:          1353716 kB
Inactive:         509128 kB
Active(anon):     931348 kB
Inactive(anon):   239108 kB
Active(file):     422368 kB
Inactive(file):   270020 kB
Unevictable:       13556 kB
Mlocked:               0 kB
SwapTotal:        721780 kB
SwapFree:         624228 kB
Dirty:               380 kB
Writeback:             0 kB
AnonPages:       1168272 kB
Mapped:           431528 kB
Shmem:              1268 kB
Slab:             102748 kB
SReclaimable:      33532 kB
SUnreclaim:        69216 kB
KernelStack:       38864 kB
PageTables:        48268 kB
NFS_Unstable:          0 kB
Bounce:                0 kB
WritebackTmp:          0 kB
CommitLimit:     2171488 kB
Committed_AS:   110507696 kB
VmallocTotal:   251658176 kB
VmallocUsed:      129408 kB
VmallocChunk:   251443756 kB
Time pass: 191 sec

---2015-10-26 00:17:40
MemTotal:        2899420 kB
MemFree:          209036 kB
Buffers:           70456 kB
Cached:           636688 kB
SwapCached:         1548 kB
Active:          1353720 kB
Inactive:         509168 kB
Active(anon):     931352 kB
Inactive(anon):   239108 kB
Active(file):     422368 kB
Inactive(file):   270060 kB
Unevictable:       13556 kB
Mlocked:               0 kB
SwapTotal:        721780 kB
SwapFree:         624228 kB
Dirty:               116 kB
Writeback:             0 kB
AnonPages:       1168216 kB
Mapped:           431520 kB
Shmem:              1268 kB
Slab:             102748 kB
SReclaimable:      33532 kB
SUnreclaim:        69216 kB
KernelStack:       38880 kB
PageTables:        48240 kB
NFS_Unstable:          0 kB
Bounce:                0 kB
WritebackTmp:          0 kB
CommitLimit:     2171488 kB
Committed_AS:   110507712 kB
VmallocTotal:   251658176 kB
VmallocUsed:      129408 kB
VmallocChunk:   251443756 kB
Time pass: 195 sec

---2015-10-26 00:17:40
MemTotal:        2899420 kB
MemFree:          182176 kB
Buffers:           70456 kB
Cached:           636832 kB
SwapCached:         1548 kB
Active:          1358804 kB
Inactive:         509188 kB
Active(anon):     936420 kB
Inactive(anon):   239108 kB
Active(file):     422384 kB
Inactive(file):   270080 kB
Unevictable:       13556 kB
Mlocked:               0 kB
SwapTotal:        721780 kB
SwapFree:         624228 kB
Dirty:               596 kB
Writeback:             0 kB
AnonPages:       1172992 kB
Mapped:           445840 kB
Shmem:              1268 kB
Slab:             102748 kB
SReclaimable:      33532 kB
SUnreclaim:        69216 kB
KernelStack:       38880 kB
PageTables:        48312 kB
NFS_Unstable:          0 kB
Bounce:                0 kB
WritebackTmp:          0 kB
CommitLimit:     2171488 kB
Committed_AS:   110516200 kB
VmallocTotal:   251658176 kB
VmallocUsed:      129556 kB
VmallocChunk:   251443756 kB
Time pass: 199 sec

---2015-10-26 00:17:40
MemTotal:        2899420 kB
MemFree:          169304 kB
Buffers:           70468 kB
Cached:           636984 kB
SwapCached:         1548 kB
Active:          1370368 kB
Inactive:         509332 kB
Active(anon):     947968 kB
Inactive(anon):   239252 kB
Active(file):     422400 kB
Inactive(file):   270080 kB
Unevictable:       13556 kB
Mlocked:               0 kB
SwapTotal:        721780 kB
SwapFree:         624228 kB
Dirty:                88 kB
Writeback:             0 kB
AnonPages:       1184704 kB
Mapped:           449112 kB
Shmem:              1416 kB
Slab:             102748 kB
SReclaimable:      33532 kB
SUnreclaim:        69216 kB
KernelStack:       39280 kB
PageTables:        48476 kB
NFS_Unstable:          0 kB
Bounce:                0 kB
WritebackTmp:          0 kB
CommitLimit:     2171488 kB
Committed_AS:   110547920 kB
VmallocTotal:   251658176 kB
VmallocUsed:      131988 kB
VmallocChunk:   251419832 kB
Time pass: 203 sec

---2015-10-26 00:17:40
MemTotal:        2899420 kB
MemFree:          168208 kB
Buffers:           70476 kB
Cached:           637032 kB
SwapCached:         1548 kB
Active:          1372136 kB
Inactive:         509380 kB
Active(anon):     949728 kB
Inactive(anon):   239296 kB
Active(file):     422408 kB
Inactive(file):   270084 kB
Unevictable:       13556 kB
Mlocked:               0 kB
SwapTotal:        721780 kB
SwapFree:         624228 kB
Dirty:                 0 kB
Writeback:             0 kB
AnonPages:       1186492 kB
Mapped:           449332 kB
Shmem:              1460 kB
Slab:             102748 kB
SReclaimable:      33532 kB
SUnreclaim:        69216 kB
KernelStack:       39280 kB
PageTables:        48560 kB
NFS_Unstable:          0 kB
Bounce:                0 kB
WritebackTmp:          0 kB
CommitLimit:     2171488 kB
Committed_AS:   110547936 kB
VmallocTotal:   251658176 kB
VmallocUsed:      131988 kB
VmallocChunk:   251419832 kB
Time pass: 207 sec

---2015-10-26 00:17:40
MemTotal:        2899420 kB
MemFree:          166712 kB
Buffers:           70484 kB
Cached:           637040 kB
SwapCached:         1548 kB
Active:          1373072 kB
Inactive:         509396 kB
Active(anon):     950664 kB
Inactive(anon):   239304 kB
Active(file):     422408 kB
Inactive(file):   270092 kB
Unevictable:       13556 kB
Mlocked:               0 kB
SwapTotal:        721780 kB
SwapFree:         624228 kB
Dirty:                40 kB
Writeback:             0 kB
AnonPages:       1187204 kB
Mapped:           449512 kB
Shmem:              1468 kB
Slab:             102748 kB
SReclaimable:      33532 kB
SUnreclaim:        69216 kB
KernelStack:       39232 kB
PageTables:        48556 kB
NFS_Unstable:          0 kB
Bounce:                0 kB
WritebackTmp:          0 kB
CommitLimit:     2171488 kB
Committed_AS:   110547944 kB
VmallocTotal:   251658176 kB
VmallocUsed:      131988 kB
VmallocChunk:   251419832 kB
Time pass: 210 sec

---2015-10-26 00:17:40
MemTotal:        2899420 kB
MemFree:          165668 kB
Buffers:           70492 kB
Cached:           637080 kB
SwapCached:         1548 kB
Active:          1374548 kB
Inactive:         509432 kB
Active(anon):     952128 kB
Inactive(anon):   239340 kB
Active(file):     422420 kB
Inactive(file):   270092 kB
Unevictable:       13556 kB
Mlocked:               0 kB
SwapTotal:        721780 kB
SwapFree:         624228 kB
Dirty:                56 kB
Writeback:             0 kB
AnonPages:       1188640 kB
Mapped:           449988 kB
Shmem:              1504 kB
Slab:             102804 kB
SReclaimable:      33548 kB
SUnreclaim:        69256 kB
KernelStack:       39232 kB
PageTables:        48560 kB
NFS_Unstable:          0 kB
Bounce:                0 kB
WritebackTmp:          0 kB
CommitLimit:     2171488 kB
Committed_AS:   110547960 kB
VmallocTotal:   251658176 kB
VmallocUsed:      131988 kB
VmallocChunk:   251419832 kB
Time pass: 214 sec

---2015-10-26 00:17:40
MemTotal:        2899420 kB
MemFree:          164448 kB
Buffers:           70500 kB
Cached:           637080 kB
SwapCached:         1548 kB
Active:          1375260 kB
Inactive:         509436 kB
Active(anon):     952840 kB
Inactive(anon):   239340 kB
Active(file):     422420 kB
Inactive(file):   270096 kB
Unevictable:       13556 kB
Mlocked:               0 kB
SwapTotal:        721780 kB
SwapFree:         624228 kB
Dirty:                44 kB
Writeback:             0 kB
AnonPages:       1189404 kB
Mapped:           450012 kB
Shmem:              1504 kB
Slab:             102912 kB
SReclaimable:      33548 kB
SUnreclaim:        69364 kB
KernelStack:       39232 kB
PageTables:        48560 kB
NFS_Unstable:          0 kB
Bounce:                0 kB
WritebackTmp:          0 kB
CommitLimit:     2171488 kB
Committed_AS:   110547960 kB
VmallocTotal:   251658176 kB
VmallocUsed:      131988 kB
VmallocChunk:   251419832 kB
Time pass: 218 sec

---2015-10-26 00:17:40
MemTotal:        2899420 kB
MemFree:          164180 kB
Buffers:           70500 kB
Cached:           637084 kB
SwapCached:         1548 kB
Active:          1375608 kB
Inactive:         509444 kB
Active(anon):     953188 kB
Inactive(anon):   239344 kB
Active(file):     422420 kB
Inactive(file):   270100 kB
Unevictable:       13556 kB
Mlocked:               0 kB
SwapTotal:        721780 kB
SwapFree:         624228 kB
Dirty:                 0 kB
Writeback:             0 kB
AnonPages:       1189836 kB
Mapped:           450016 kB
Shmem:              1508 kB
Slab:             102764 kB
SReclaimable:      33548 kB
SUnreclaim:        69216 kB
KernelStack:       39232 kB
PageTables:        48560 kB
NFS_Unstable:          0 kB
Bounce:                0 kB
WritebackTmp:          0 kB
CommitLimit:     2171488 kB
Committed_AS:   110547960 kB
VmallocTotal:   251658176 kB
VmallocUsed:      131988 kB
VmallocChunk:   251419832 kB
Time pass: 222 sec

---2015-10-26 00:17:40
MemTotal:        2899420 kB
MemFree:          162904 kB
Buffers:           70504 kB
Cached:           637080 kB
SwapCached:         1548 kB
Active:          1376596 kB
Inactive:         509444 kB
Active(anon):     954176 kB
Inactive(anon):   239344 kB
Active(file):     422420 kB
Inactive(file):   270100 kB
Unevictable:       13556 kB
Mlocked:               0 kB
SwapTotal:        721780 kB
SwapFree:         624228 kB
Dirty:                 0 kB
Writeback:             0 kB
AnonPages:       1190680 kB
Mapped:           450040 kB
Shmem:              1508 kB
Slab:             102764 kB
SReclaimable:      33548 kB
SUnreclaim:        69216 kB
KernelStack:       39232 kB
PageTables:        48560 kB
NFS_Unstable:          0 kB
Bounce:                0 kB
WritebackTmp:          0 kB
CommitLimit:     2171488 kB
Committed_AS:   110547960 kB
VmallocTotal:   251658176 kB
VmallocUsed:      131988 kB
VmallocChunk:   251419832 kB
Time pass: 225 sec

---2015-10-26 00:17:40
MemTotal:        2899420 kB
MemFree:          162572 kB
Buffers:           70504 kB
Cached:           637120 kB
SwapCached:         1548 kB
Active:          1376844 kB
Inactive:         509484 kB
Active(anon):     954424 kB
Inactive(anon):   239380 kB
Active(file):     422420 kB
Inactive(file):   270104 kB
Unevictable:       13556 kB
Mlocked:               0 kB
SwapTotal:        721780 kB
SwapFree:         624228 kB
Dirty:                12 kB
Writeback:             0 kB
AnonPages:       1191140 kB
Mapped:           450084 kB
Shmem:              1544 kB
Slab:             102764 kB
SReclaimable:      33548 kB
SUnreclaim:        69216 kB
KernelStack:       39232 kB
PageTables:        48568 kB
NFS_Unstable:          0 kB
Bounce:                0 kB
WritebackTmp:          0 kB
CommitLimit:     2171488 kB
Committed_AS:   110552024 kB
VmallocTotal:   251658176 kB
VmallocUsed:      131988 kB
VmallocChunk:   251419832 kB
Time pass: 229 sec

---2015-10-26 00:17:40
MemTotal:        2899420 kB
MemFree:          161404 kB
Buffers:           70520 kB
Cached:           637120 kB
SwapCached:         1548 kB
Active:          1377928 kB
Inactive:         509500 kB
Active(anon):     955508 kB
Inactive(anon):   239380 kB
Active(file):     422420 kB
Inactive(file):   270120 kB
Unevictable:       13556 kB
Mlocked:               0 kB
SwapTotal:        721780 kB
SwapFree:         624228 kB
Dirty:                32 kB
Writeback:             0 kB
AnonPages:       1192284 kB
Mapped:           450092 kB
Shmem:              1544 kB
Slab:             102764 kB
SReclaimable:      33548 kB
SUnreclaim:        69216 kB
KernelStack:       39264 kB
PageTables:        48576 kB
NFS_Unstable:          0 kB
Bounce:                0 kB
WritebackTmp:          0 kB
CommitLimit:     2171488 kB
Committed_AS:   110552056 kB
VmallocTotal:   251658176 kB
VmallocUsed:      131988 kB
VmallocChunk:   251419832 kB
Time pass: 233 sec

---2015-10-26 00:17:40
MemTotal:        2899420 kB
MemFree:          161228 kB
Buffers:           70520 kB
Cached:           637120 kB
SwapCached:         1548 kB
Active:          1378272 kB
Inactive:         509500 kB
Active(anon):     955852 kB
Inactive(anon):   239380 kB
Active(file):     422420 kB
Inactive(file):   270120 kB
Unevictable:       13556 kB
Mlocked:               0 kB
SwapTotal:        721780 kB
SwapFree:         624228 kB
Dirty:                32 kB
Writeback:             0 kB
AnonPages:       1192480 kB
Mapped:           450100 kB
Shmem:              1544 kB
Slab:             102764 kB
SReclaimable:      33548 kB
SUnreclaim:        69216 kB
KernelStack:       39200 kB
PageTables:        48560 kB
NFS_Unstable:          0 kB
Bounce:                0 kB
WritebackTmp:          0 kB
CommitLimit:     2171488 kB
Committed_AS:   110552024 kB
VmallocTotal:   251658176 kB
VmallocUsed:      131988 kB
VmallocChunk:   251419832 kB
Time pass: 237 sec

---2015-10-26 00:17:40
MemTotal:        2899420 kB
MemFree:          159908 kB
Buffers:           70528 kB
Cached:           637124 kB
SwapCached:         1548 kB
Active:          1379656 kB
Inactive:         509512 kB
Active(anon):     957236 kB
Inactive(anon):   239384 kB
Active(file):     422420 kB
Inactive(file):   270128 kB
Unevictable:       13556 kB
Mlocked:               0 kB
SwapTotal:        721780 kB
SwapFree:         624228 kB
Dirty:                68 kB
Writeback:             0 kB
AnonPages:       1193740 kB
Mapped:           450112 kB
Shmem:              1548 kB
Slab:             102764 kB
SReclaimable:      33548 kB
SUnreclaim:        69216 kB
KernelStack:       39200 kB
PageTables:        48568 kB
NFS_Unstable:          0 kB
Bounce:                0 kB
WritebackTmp:          0 kB
CommitLimit:     2171488 kB
Committed_AS:   110556136 kB
VmallocTotal:   251658176 kB
VmallocUsed:      131988 kB
VmallocChunk:   251419832 kB
Time pass: 240 sec

---2015-10-26 00:17:40
MemTotal:        2899420 kB
MemFree:          158792 kB
Buffers:           70536 kB
Cached:           637124 kB
SwapCached:         1548 kB
Active:          1380492 kB
Inactive:         509516 kB
Active(anon):     958072 kB
Inactive(anon):   239384 kB
Active(file):     422420 kB
Inactive(file):   270132 kB
Unevictable:       13556 kB
Mlocked:               0 kB
SwapTotal:        721780 kB
SwapFree:         624228 kB
Dirty:                 0 kB
Writeback:             0 kB
AnonPages:       1194880 kB
Mapped:           450120 kB
Shmem:              1548 kB
Slab:             102804 kB
SReclaimable:      33548 kB
SUnreclaim:        69256 kB
KernelStack:       39200 kB
PageTables:        48564 kB
NFS_Unstable:          0 kB
Bounce:                0 kB
WritebackTmp:          0 kB
CommitLimit:     2171488 kB
Committed_AS:   110556080 kB
VmallocTotal:   251658176 kB
VmallocUsed:      131988 kB
VmallocChunk:   251419832 kB
Time pass: 244 sec

---2015-10-26 00:17:40
MemTotal:        2899420 kB
MemFree:          157992 kB
Buffers:           70536 kB
Cached:           637200 kB
SwapCached:         1548 kB
Active:          1380956 kB
Inactive:         509596 kB
Active(anon):     958536 kB
Inactive(anon):   239460 kB
Active(file):     422420 kB
Inactive(file):   270136 kB
Unevictable:       13556 kB
Mlocked:               0 kB
SwapTotal:        721780 kB
SwapFree:         624228 kB
Dirty:                12 kB
Writeback:             0 kB
AnonPages:       1195144 kB
Mapped:           450184 kB
Shmem:              1624 kB
Slab:             102768 kB
SReclaimable:      33548 kB
SUnreclaim:        69220 kB
KernelStack:       39232 kB
PageTables:        48564 kB
NFS_Unstable:          0 kB
Bounce:                0 kB
WritebackTmp:          0 kB
CommitLimit:     2171488 kB
Committed_AS:   110556080 kB
VmallocTotal:   251658176 kB
VmallocUsed:      131988 kB
VmallocChunk:   251419832 kB
Time pass: 248 sec

---2015-10-26 00:17:40
MemTotal:        2899420 kB
MemFree:          157696 kB
Buffers:           70536 kB
Cached:           637204 kB
SwapCached:         1548 kB
Active:          1380888 kB
Inactive:         509600 kB
Active(anon):     958468 kB
Inactive(anon):   239464 kB
Active(file):     422420 kB
Inactive(file):   270136 kB
Unevictable:       13556 kB
Mlocked:               0 kB
SwapTotal:        721780 kB
SwapFree:         624228 kB
Dirty:                 0 kB
Writeback:             0 kB
AnonPages:       1195428 kB
Mapped:           450168 kB
Shmem:              1628 kB
Slab:             102764 kB
SReclaimable:      33548 kB
SUnreclaim:        69216 kB
KernelStack:       39200 kB
PageTables:        48572 kB
NFS_Unstable:          0 kB
Bounce:                0 kB
WritebackTmp:          0 kB
CommitLimit:     2171488 kB
Committed_AS:   110556088 kB
VmallocTotal:   251658176 kB
VmallocUsed:      131988 kB
VmallocChunk:   251419832 kB
Time pass: 252 sec

---2015-10-26 00:17:40
MemTotal:        2899420 kB
MemFree:          157232 kB
Buffers:           70548 kB
Cached:           637204 kB
SwapCached:         1548 kB
Active:          1381956 kB
Inactive:         509608 kB
Active(anon):     959532 kB
Inactive(anon):   239464 kB
Active(file):     422424 kB
Inactive(file):   270144 kB
Unevictable:       13556 kB
Mlocked:               0 kB
SwapTotal:        721780 kB
SwapFree:         624228 kB
Dirty:                32 kB
Writeback:             0 kB
AnonPages:       1196096 kB
Mapped:           450264 kB
Shmem:              1628 kB
Slab:             102812 kB
SReclaimable:      33548 kB
SUnreclaim:        69264 kB
KernelStack:       39200 kB
PageTables:        48604 kB
NFS_Unstable:          0 kB
Bounce:                0 kB
WritebackTmp:          0 kB
CommitLimit:     2171488 kB
Committed_AS:   110556088 kB
VmallocTotal:   251658176 kB
VmallocUsed:      131988 kB
VmallocChunk:   251419832 kB
Time pass: 256 sec

---2015-10-26 00:17:40
MemTotal:        2899420 kB
MemFree:          156324 kB
Buffers:           70552 kB
Cached:           637204 kB
SwapCached:         1548 kB
Active:          1382432 kB
Inactive:         509612 kB
Active(anon):     960008 kB
Inactive(anon):   239464 kB
Active(file):     422424 kB
Inactive(file):   270148 kB
Unevictable:       13556 kB
Mlocked:               0 kB
SwapTotal:        721780 kB
SwapFree:         624228 kB
Dirty:                28 kB
Writeback:             0 kB
AnonPages:       1196680 kB
Mapped:           450108 kB
Shmem:              1628 kB
Slab:             102812 kB
SReclaimable:      33548 kB
SUnreclaim:        69264 kB
KernelStack:       39200 kB
PageTables:        48600 kB
NFS_Unstable:          0 kB
Bounce:                0 kB
WritebackTmp:          0 kB
CommitLimit:     2171488 kB
Committed_AS:   110556080 kB
VmallocTotal:   251658176 kB
VmallocUsed:      131988 kB
VmallocChunk:   251419832 kB
Time pass: 259 sec

---2015-10-26 00:17:40
MemTotal:        2899420 kB
MemFree:          156264 kB
Buffers:           70552 kB
Cached:           637236 kB
SwapCached:         1548 kB
Active:          1382180 kB
Inactive:         509644 kB
Active(anon):     959756 kB
Inactive(anon):   239496 kB
Active(file):     422424 kB
Inactive(file):   270148 kB
Unevictable:       13556 kB
Mlocked:               0 kB
SwapTotal:        721780 kB
SwapFree:         624228 kB
Dirty:                 0 kB
Writeback:             0 kB
AnonPages:       1196416 kB
Mapped:           450280 kB
Shmem:              1660 kB
Slab:             102768 kB
SReclaimable:      33548 kB
SUnreclaim:        69220 kB
KernelStack:       39200 kB
PageTables:        48572 kB
NFS_Unstable:          0 kB
Bounce:                0 kB
WritebackTmp:          0 kB
CommitLimit:     2171488 kB
Committed_AS:   110556112 kB
VmallocTotal:   251658176 kB
VmallocUsed:      131988 kB
VmallocChunk:   251419832 kB
Time pass: 263 sec

---2015-10-26 00:17:40
MemTotal:        2899420 kB
MemFree:          156096 kB
Buffers:           70552 kB
Cached:           637236 kB
SwapCached:         1548 kB
Active:          1382324 kB
Inactive:         509644 kB
Active(anon):     959900 kB
Inactive(anon):   239496 kB
Active(file):     422424 kB
Inactive(file):   270148 kB
Unevictable:       13556 kB
Mlocked:               0 kB
SwapTotal:        721780 kB
SwapFree:         624228 kB
Dirty:                 0 kB
Writeback:             0 kB
AnonPages:       1196628 kB
Mapped:           450288 kB
Shmem:              1660 kB
Slab:             102764 kB
SReclaimable:      33548 kB
SUnreclaim:        69216 kB
KernelStack:       39200 kB
PageTables:        48572 kB
NFS_Unstable:          0 kB
Bounce:                0 kB
WritebackTmp:          0 kB
CommitLimit:     2171488 kB
Committed_AS:   110556072 kB
VmallocTotal:   251658176 kB
VmallocUsed:      131988 kB
VmallocChunk:   251419832 kB
Time pass: 267 sec

---2015-10-26 00:17:40
MemTotal:        2899420 kB
MemFree:          155892 kB
Buffers:           70564 kB
Cached:           637236 kB
SwapCached:         1548 kB
Active:          1382528 kB
Inactive:         509652 kB
Active(anon):     960100 kB
Inactive(anon):   239496 kB
Active(file):     422428 kB
Inactive(file):   270156 kB
Unevictable:       13556 kB
Mlocked:               0 kB
SwapTotal:        721780 kB
SwapFree:         624228 kB
Dirty:                32 kB
Writeback:             0 kB
AnonPages:       1196760 kB
Mapped:           450076 kB
Shmem:              1660 kB
Slab:             102768 kB
SReclaimable:      33548 kB
SUnreclaim:        69220 kB
KernelStack:       39200 kB
PageTables:        48568 kB
NFS_Unstable:          0 kB
Bounce:                0 kB
WritebackTmp:          0 kB
CommitLimit:     2171488 kB
Committed_AS:   110556088 kB
VmallocTotal:   251658176 kB
VmallocUsed:      131988 kB
VmallocChunk:   251419832 kB
Time pass: 270 sec

---2015-10-26 00:17:40
MemTotal:        2899420 kB
MemFree:          155552 kB
Buffers:           70568 kB
Cached:           637236 kB
SwapCached:         1548 kB
Active:          1382724 kB
Inactive:         509656 kB
Active(anon):     960296 kB
Inactive(anon):   239496 kB
Active(file):     422428 kB
Inactive(file):   270160 kB
Unevictable:       13556 kB
Mlocked:               0 kB
SwapTotal:        721780 kB
SwapFree:         624228 kB
Dirty:                28 kB
Writeback:             0 kB
AnonPages:       1196840 kB
Mapped:           450216 kB
Shmem:              1660 kB
Slab:             102764 kB
SReclaimable:      33548 kB
SUnreclaim:        69216 kB
KernelStack:       39200 kB
PageTables:        48540 kB
NFS_Unstable:          0 kB
Bounce:                0 kB
WritebackTmp:          0 kB
CommitLimit:     2171488 kB
Committed_AS:   110556088 kB
VmallocTotal:   251658176 kB
VmallocUsed:      131988 kB
VmallocChunk:   251419832 kB
Time pass: 274 sec

---2015-10-26 00:17:40
MemTotal:        2899420 kB
MemFree:          155672 kB
Buffers:           70568 kB
Cached:           637236 kB
SwapCached:         1548 kB
Active:          1382952 kB
Inactive:         509652 kB
Active(anon):     960520 kB
Inactive(anon):   239496 kB
Active(file):     422432 kB
Inactive(file):   270156 kB
Unevictable:       13556 kB
Mlocked:               0 kB
SwapTotal:        721780 kB
SwapFree:         624228 kB
Dirty:                28 kB
Writeback:             0 kB
AnonPages:       1197068 kB
Mapped:           450300 kB
Shmem:              1660 kB
Slab:             102764 kB
SReclaimable:      33548 kB
SUnreclaim:        69216 kB
KernelStack:       39200 kB
PageTables:        48572 kB
NFS_Unstable:          0 kB
Bounce:                0 kB
WritebackTmp:          0 kB
CommitLimit:     2171488 kB
Committed_AS:   110556104 kB
VmallocTotal:   251658176 kB
VmallocUsed:      131988 kB
VmallocChunk:   251419832 kB
Time pass: 278 sec

---2015-10-26 00:17:40
MemTotal:        2899420 kB
MemFree:          155852 kB
Buffers:           70568 kB
Cached:           637236 kB
SwapCached:         1548 kB
Active:          1383020 kB
Inactive:         509652 kB
Active(anon):     960588 kB
Inactive(anon):   239496 kB
Active(file):     422432 kB
Inactive(file):   270156 kB
Unevictable:       13556 kB
Mlocked:               0 kB
SwapTotal:        721780 kB
SwapFree:         624228 kB
Dirty:                 0 kB
Writeback:             0 kB
AnonPages:       1197348 kB
Mapped:           450344 kB
Shmem:              1660 kB
Slab:             102764 kB
SReclaimable:      33548 kB
SUnreclaim:        69216 kB
KernelStack:       39200 kB
PageTables:        48596 kB
NFS_Unstable:          0 kB
Bounce:                0 kB
WritebackTmp:          0 kB
CommitLimit:     2171488 kB
Committed_AS:   110556088 kB
VmallocTotal:   251658176 kB
VmallocUsed:      131988 kB
VmallocChunk:   251419832 kB
Time pass: 282 sec

---2015-10-26 00:17:40
MemTotal:        2899420 kB
MemFree:          155428 kB
Buffers:           70568 kB
Cached:           637236 kB
SwapCached:         1548 kB
Active:          1383320 kB
Inactive:         509652 kB
Active(anon):     960888 kB
Inactive(anon):   239496 kB
Active(file):     422432 kB
Inactive(file):   270156 kB
Unevictable:       13556 kB
Mlocked:               0 kB
SwapTotal:        721780 kB
SwapFree:         624228 kB
Dirty:                 0 kB
Writeback:             0 kB
AnonPages:       1197516 kB
Mapped:           450272 kB
Shmem:              1660 kB
Slab:             102764 kB
SReclaimable:      33548 kB
SUnreclaim:        69216 kB
KernelStack:       39200 kB
PageTables:        48568 kB
NFS_Unstable:          0 kB
Bounce:                0 kB
WritebackTmp:          0 kB
CommitLimit:     2171488 kB
Committed_AS:   110556080 kB
VmallocTotal:   251658176 kB
VmallocUsed:      131988 kB
VmallocChunk:   251419832 kB
Time pass: 285 sec

---2015-10-26 00:17:40
MemTotal:        2899420 kB
MemFree:          154184 kB
Buffers:           70584 kB
Cached:           637236 kB
SwapCached:         1548 kB
Active:          1383828 kB
Inactive:         509668 kB
Active(anon):     961396 kB
Inactive(anon):   239496 kB
Active(file):     422432 kB
Inactive(file):   270172 kB
Unevictable:       13556 kB
Mlocked:               0 kB
SwapTotal:        721780 kB
SwapFree:         624228 kB
Dirty:                40 kB
Writeback:             0 kB
AnonPages:       1197928 kB
Mapped:           450320 kB
Shmem:              1660 kB
Slab:             102912 kB
SReclaimable:      33548 kB
SUnreclaim:        69364 kB
KernelStack:       39200 kB
PageTables:        48572 kB
NFS_Unstable:          0 kB
Bounce:                0 kB
WritebackTmp:          0 kB
CommitLimit:     2171488 kB
Committed_AS:   110556080 kB
VmallocTotal:   251658176 kB
VmallocUsed:      131988 kB
VmallocChunk:   251419832 kB
Time pass: 289 sec

---2015-10-26 00:17:40
MemTotal:        2899420 kB
MemFree:          154652 kB
Buffers:           70592 kB
Cached:           637232 kB
SwapCached:         1548 kB
Active:          1383960 kB
Inactive:         509668 kB
Active(anon):     961528 kB
Inactive(anon):   239496 kB
Active(file):     422432 kB
Inactive(file):   270172 kB
Unevictable:       13556 kB
Mlocked:               0 kB
SwapTotal:        721780 kB
SwapFree:         624228 kB
Dirty:                 0 kB
Writeback:             0 kB
AnonPages:       1198196 kB
Mapped:           450412 kB
Shmem:              1660 kB
Slab:             102912 kB
SReclaimable:      33548 kB
SUnreclaim:        69364 kB
KernelStack:       39200 kB
PageTables:        48600 kB
NFS_Unstable:          0 kB
Bounce:                0 kB
WritebackTmp:          0 kB
CommitLimit:     2171488 kB
Committed_AS:   110556080 kB
VmallocTotal:   251658176 kB
VmallocUsed:      131988 kB
VmallocChunk:   251419832 kB
Time pass: 293 sec

---2015-10-26 00:17:40
MemTotal:        2899420 kB
MemFree:          154216 kB
Buffers:           70596 kB
Cached:           637236 kB
SwapCached:         1548 kB
Active:          1384592 kB
Inactive:         509676 kB
Active(anon):     962156 kB
Inactive(anon):   239496 kB
Active(file):     422436 kB
Inactive(file):   270180 kB
Unevictable:       13556 kB
Mlocked:               0 kB
SwapTotal:        721780 kB
SwapFree:         624228 kB
Dirty:                56 kB
Writeback:             0 kB
AnonPages:       1198964 kB
Mapped:           450464 kB
Shmem:              1660 kB
Slab:             102920 kB
SReclaimable:      33548 kB
SUnreclaim:        69372 kB
KernelStack:       39232 kB
PageTables:        48600 kB
NFS_Unstable:          0 kB
Bounce:                0 kB
WritebackTmp:          0 kB
CommitLimit:     2171488 kB
Committed_AS:   110556160 kB
VmallocTotal:   251658176 kB
VmallocUsed:      131988 kB
VmallocChunk:   251419832 kB
Time pass: 297 sec

---2015-10-26 00:17:40
MemTotal:        2899420 kB
MemFree:          153532 kB
Buffers:           70604 kB
Cached:           637276 kB
SwapCached:         1548 kB
Active:          1384976 kB
Inactive:         509684 kB
Active(anon):     962540 kB
Inactive(anon):   239496 kB
Active(file):     422436 kB
Inactive(file):   270188 kB
Unevictable:       13556 kB
Mlocked:               0 kB
SwapTotal:        721780 kB
SwapFree:         624228 kB
Dirty:                28 kB
Writeback:             0 kB
AnonPages:       1199052 kB
Mapped:           450492 kB
Shmem:              1700 kB
Slab:             102960 kB
SReclaimable:      33548 kB
SUnreclaim:        69412 kB
KernelStack:       39232 kB
PageTables:        48604 kB
NFS_Unstable:          0 kB
Bounce:                0 kB
WritebackTmp:          0 kB
CommitLimit:     2171488 kB
Committed_AS:   110556156 kB
VmallocTotal:   251658176 kB
VmallocUsed:      131988 kB
VmallocChunk:   251419832 kB
Time pass: 301 sec

---2015-10-26 00:17:40
MemTotal:        2899420 kB
MemFree:          152472 kB
Buffers:           70616 kB
Cached:           637276 kB
SwapCached:         1548 kB
Active:          1385288 kB
Inactive:         509728 kB
Active(anon):     962852 kB
Inactive(anon):   239536 kB
Active(file):     422436 kB
Inactive(file):   270192 kB
Unevictable:       13556 kB
Mlocked:               0 kB
SwapTotal:        721780 kB
SwapFree:         624228 kB
Dirty:               116 kB
Writeback:             0 kB
AnonPages:       1199464 kB
Mapped:           450596 kB
Shmem:              1700 kB
Slab:             102960 kB
SReclaimable:      33548 kB
SUnreclaim:        69412 kB
KernelStack:       39232 kB
PageTables:        48640 kB
NFS_Unstable:          0 kB
Bounce:                0 kB
WritebackTmp:          0 kB
CommitLimit:     2171488 kB
Committed_AS:   110556072 kB
VmallocTotal:   251658176 kB
VmallocUsed:      131988 kB
VmallocChunk:   251419832 kB
Time pass: 304 sec

---2015-10-26 00:17:40
MemTotal:        2899420 kB
MemFree:          152944 kB
Buffers:           70616 kB
Cached:           637276 kB
SwapCached:         1548 kB
Active:          1385624 kB
Inactive:         509732 kB
Active(anon):     963184 kB
Inactive(anon):   239536 kB
Active(file):     422440 kB
Inactive(file):   270196 kB
Unevictable:       13556 kB
Mlocked:               0 kB
SwapTotal:        721780 kB
SwapFree:         624228 kB
Dirty:                40 kB
Writeback:             0 kB
AnonPages:       1199760 kB
Mapped:           450472 kB
Shmem:              1700 kB
Slab:             102844 kB
SReclaimable:      33548 kB
SUnreclaim:        69296 kB
KernelStack:       39216 kB
PageTables:        48580 kB
NFS_Unstable:          0 kB
Bounce:                0 kB
WritebackTmp:          0 kB
CommitLimit:     2171488 kB
Committed_AS:   110556172 kB
VmallocTotal:   251658176 kB
VmallocUsed:      131988 kB
VmallocChunk:   251419832 kB
Time pass: 308 sec

---2015-10-26 00:17:40
MemTotal:        2899420 kB
MemFree:          152132 kB
Buffers:           70624 kB
Cached:           637276 kB
SwapCached:         1548 kB
Active:          1386732 kB
Inactive:         509740 kB
Active(anon):     964292 kB
Inactive(anon):   239536 kB
Active(file):     422440 kB
Inactive(file):   270204 kB
Unevictable:       13556 kB
Mlocked:               0 kB
SwapTotal:        721780 kB
SwapFree:         624228 kB
Dirty:                32 kB
Writeback:             0 kB
AnonPages:       1201076 kB
Mapped:           450432 kB
Shmem:              1700 kB
Slab:             102780 kB
SReclaimable:      33548 kB
SUnreclaim:        69232 kB
KernelStack:       39216 kB
PageTables:        48572 kB
NFS_Unstable:          0 kB
Bounce:                0 kB
WritebackTmp:          0 kB
CommitLimit:     2171488 kB
Committed_AS:   110573592 kB
VmallocTotal:   251658176 kB
VmallocUsed:      131988 kB
VmallocChunk:   251419832 kB
Time pass: 312 sec

---2015-10-26 00:17:40
MemTotal:        2899420 kB
MemFree:          152272 kB
Buffers:           70640 kB
Cached:           637276 kB
SwapCached:         1548 kB
Active:          1386248 kB
Inactive:         509756 kB
Active(anon):     963808 kB
Inactive(anon):   239536 kB
Active(file):     422440 kB
Inactive(file):   270220 kB
Unevictable:       13556 kB
Mlocked:               0 kB
SwapTotal:        721780 kB
SwapFree:         624228 kB
Dirty:                 0 kB
Writeback:             0 kB
AnonPages:       1200272 kB
Mapped:           450440 kB
Shmem:              1700 kB
Slab:             102788 kB
SReclaimable:      33548 kB
SUnreclaim:        69240 kB
KernelStack:       39216 kB
PageTables:        48572 kB
NFS_Unstable:          0 kB
Bounce:                0 kB
WritebackTmp:          0 kB
CommitLimit:     2171488 kB
Committed_AS:   110556160 kB
VmallocTotal:   251658176 kB
VmallocUsed:      131988 kB
VmallocChunk:   251419832 kB
Time pass: 316 sec

---2015-10-26 00:17:40
MemTotal:        2899420 kB
MemFree:          151856 kB
Buffers:           70648 kB
Cached:           637268 kB
SwapCached:         1548 kB
Active:          1386512 kB
Inactive:         509756 kB
Active(anon):     964072 kB
Inactive(anon):   239536 kB
Active(file):     422440 kB
Inactive(file):   270220 kB
Unevictable:       13556 kB
Mlocked:               0 kB
SwapTotal:        721780 kB
SwapFree:         624228 kB
Dirty:                48 kB
Writeback:             0 kB
AnonPages:       1200564 kB
Mapped:           450552 kB
Shmem:              1700 kB
Slab:             102776 kB
SReclaimable:      33548 kB
SUnreclaim:        69228 kB
KernelStack:       39248 kB
PageTables:        48600 kB
NFS_Unstable:          0 kB
Bounce:                0 kB
WritebackTmp:          0 kB
CommitLimit:     2171488 kB
Committed_AS:   110556184 kB
VmallocTotal:   251658176 kB
VmallocUsed:      131988 kB
VmallocChunk:   251419832 kB
Time pass: 319 sec

---2015-10-26 00:17:40
MemTotal:        2899420 kB
MemFree:          151380 kB
Buffers:           70648 kB
Cached:           637276 kB
SwapCached:         1548 kB
Active:          1386496 kB
Inactive:         509764 kB
Active(anon):     964056 kB
Inactive(anon):   239536 kB
Active(file):     422440 kB
Inactive(file):   270228 kB
Unevictable:       13556 kB
Mlocked:               0 kB
SwapTotal:        721780 kB
SwapFree:         624228 kB
Dirty:                44 kB
Writeback:             0 kB
AnonPages:       1200752 kB
Mapped:           450476 kB
Shmem:              1700 kB
Slab:             102832 kB
SReclaimable:      33548 kB
SUnreclaim:        69284 kB
KernelStack:       39232 kB
PageTables:        48572 kB
NFS_Unstable:          0 kB
Bounce:                0 kB
WritebackTmp:          0 kB
CommitLimit:     2171488 kB
Committed_AS:   110556208 kB
VmallocTotal:   251658176 kB
VmallocUsed:      131988 kB
VmallocChunk:   251419832 kB
Time pass: 323 sec

---2015-10-26 00:17:40
MemTotal:        2899420 kB
MemFree:          151428 kB
Buffers:           70656 kB
Cached:           637308 kB
SwapCached:         1548 kB
Active:          1387336 kB
Inactive:         509804 kB
Active(anon):     964896 kB
Inactive(anon):   239568 kB
Active(file):     422440 kB
Inactive(file):   270236 kB
Unevictable:       13556 kB
Mlocked:               0 kB
SwapTotal:        721780 kB
SwapFree:         624228 kB
Dirty:                 4 kB
Writeback:             0 kB
AnonPages:       1201408 kB
Mapped:           450516 kB
Shmem:              1732 kB
Slab:             102772 kB
SReclaimable:      33548 kB
SUnreclaim:        69224 kB
KernelStack:       39264 kB
PageTables:        48608 kB
NFS_Unstable:          0 kB
Bounce:                0 kB
WritebackTmp:          0 kB
CommitLimit:     2171488 kB
Committed_AS:   110556192 kB
VmallocTotal:   251658176 kB
VmallocUsed:      131988 kB
VmallocChunk:   251419832 kB
Time pass: 327 sec

---2015-10-26 00:17:40
MemTotal:        2899420 kB
MemFree:          151148 kB
Buffers:           70660 kB
Cached:           637376 kB
SwapCached:         1548 kB
Active:          1387248 kB
Inactive:         509876 kB
Active(anon):     964808 kB
Inactive(anon):   239636 kB
Active(file):     422440 kB
Inactive(file):   270240 kB
Unevictable:       13556 kB
Mlocked:               0 kB
SwapTotal:        721780 kB
SwapFree:         624228 kB
Dirty:                36 kB
Writeback:             0 kB
AnonPages:       1201504 kB
Mapped:           450592 kB
Shmem:              1800 kB
Slab:             102776 kB
SReclaimable:      33548 kB
SUnreclaim:        69228 kB
KernelStack:       39232 kB
PageTables:        48572 kB
NFS_Unstable:          0 kB
Bounce:                0 kB
WritebackTmp:          0 kB
CommitLimit:     2171488 kB
Committed_AS:   110556224 kB
VmallocTotal:   251658176 kB
VmallocUsed:      131988 kB
VmallocChunk:   251419832 kB
Time pass: 331 sec

---2015-10-26 00:17:40
MemTotal:        2899420 kB
MemFree:          150860 kB
Buffers:           70660 kB
Cached:           637376 kB
SwapCached:         1548 kB
Active:          1387504 kB
Inactive:         509876 kB
Active(anon):     965064 kB
Inactive(anon):   239636 kB
Active(file):     422440 kB
Inactive(file):   270240 kB
Unevictable:       13556 kB
Mlocked:               0 kB
SwapTotal:        721780 kB
SwapFree:         624228 kB
Dirty:                36 kB
Writeback:             0 kB
AnonPages:       1201660 kB
Mapped:           450684 kB
Shmem:              1800 kB
Slab:             102776 kB
SReclaimable:      33548 kB
SUnreclaim:        69228 kB
KernelStack:       39232 kB
PageTables:        48600 kB
NFS_Unstable:          0 kB
Bounce:                0 kB
WritebackTmp:          0 kB
CommitLimit:     2171488 kB
Committed_AS:   110556200 kB
VmallocTotal:   251658176 kB
VmallocUsed:      131988 kB
VmallocChunk:   251419832 kB
Time pass: 334 sec

---2015-10-26 00:17:40
MemTotal:        2899420 kB
MemFree:          150612 kB
Buffers:           70664 kB
Cached:           637376 kB
SwapCached:         1548 kB
Active:          1387652 kB
Inactive:         509880 kB
Active(anon):     965212 kB
Inactive(anon):   239636 kB
Active(file):     422440 kB
Inactive(file):   270244 kB
Unevictable:       13556 kB
Mlocked:               0 kB
SwapTotal:        721780 kB
SwapFree:         624228 kB
Dirty:                 0 kB
Writeback:             0 kB
AnonPages:       1201852 kB
Mapped:           450688 kB
Shmem:              1800 kB
Slab:             102776 kB
SReclaimable:      33548 kB
SUnreclaim:        69228 kB
KernelStack:       39248 kB
PageTables:        48608 kB
NFS_Unstable:          0 kB
Bounce:                0 kB
WritebackTmp:          0 kB
CommitLimit:     2171488 kB
Committed_AS:   110556204 kB
VmallocTotal:   251658176 kB
VmallocUsed:      131988 kB
VmallocChunk:   251419832 kB
Time pass: 338 sec

---2015-10-26 00:17:40
MemTotal:        2899420 kB
MemFree:          150740 kB
Buffers:           70676 kB
Cached:           637376 kB
SwapCached:         1548 kB
Active:          1387596 kB
Inactive:         509888 kB
Active(anon):     965152 kB
Inactive(anon):   239636 kB
Active(file):     422444 kB
Inactive(file):   270252 kB
Unevictable:       13556 kB
Mlocked:               0 kB
SwapTotal:        721780 kB
SwapFree:         624228 kB
Dirty:                40 kB
Writeback:             0 kB
AnonPages:       1201984 kB
Mapped:           450608 kB
Shmem:              1800 kB
Slab:             102768 kB
SReclaimable:      33548 kB
SUnreclaim:        69220 kB
KernelStack:       39248 kB
PageTables:        48572 kB
NFS_Unstable:          0 kB
Bounce:                0 kB
WritebackTmp:          0 kB
CommitLimit:     2171488 kB
Committed_AS:   110556192 kB
VmallocTotal:   251658176 kB
VmallocUsed:      131988 kB
VmallocChunk:   251419832 kB
Time pass: 342 sec

---2015-10-26 00:17:40
MemTotal:        2899420 kB
MemFree:          150580 kB
Buffers:           70680 kB
Cached:           637376 kB
SwapCached:         1548 kB
Active:          1387876 kB
Inactive:         509892 kB
Active(anon):     965432 kB
Inactive(anon):   239636 kB
Active(file):     422444 kB
Inactive(file):   270256 kB
Unevictable:       13556 kB
Mlocked:               0 kB
SwapTotal:        721780 kB
SwapFree:         624228 kB
Dirty:                 0 kB
Writeback:             0 kB
AnonPages:       1202096 kB
Mapped:           450624 kB
Shmem:              1800 kB
Slab:             102740 kB
SReclaimable:      33548 kB
SUnreclaim:        69192 kB
KernelStack:       39248 kB
PageTables:        48576 kB
NFS_Unstable:          0 kB
Bounce:                0 kB
WritebackTmp:          0 kB
CommitLimit:     2171488 kB
Committed_AS:   110560312 kB
VmallocTotal:   251658176 kB
VmallocUsed:      131988 kB
VmallocChunk:   251419832 kB
Time pass: 346 sec

---2015-10-26 00:17:40
MemTotal:        2899420 kB
MemFree:          150804 kB
Buffers:           70680 kB
Cached:           637376 kB
SwapCached:         1548 kB
Active:          1388016 kB
Inactive:         509888 kB
Active(anon):     965568 kB
Inactive(anon):   239636 kB
Active(file):     422448 kB
Inactive(file):   270252 kB
Unevictable:       13556 kB
Mlocked:               0 kB
SwapTotal:        721780 kB
SwapFree:         624228 kB
Dirty:                32 kB
Writeback:             0 kB
AnonPages:       1202112 kB
Mapped:           450640 kB
Shmem:              1800 kB
Slab:             102740 kB
SReclaimable:      33548 kB
SUnreclaim:        69192 kB
KernelStack:       39248 kB
PageTables:        48576 kB
NFS_Unstable:          0 kB
Bounce:                0 kB
WritebackTmp:          0 kB
CommitLimit:     2171488 kB
Committed_AS:   110560296 kB
VmallocTotal:   251658176 kB
VmallocUsed:      131988 kB
VmallocChunk:   251419832 kB
Time pass: 349 sec

---2015-10-26 00:17:40
MemTotal:        2899420 kB
MemFree:          150020 kB
Buffers:           70680 kB
Cached:           637376 kB
SwapCached:         1548 kB
Active:          1388304 kB
Inactive:         509888 kB
Active(anon):     965856 kB
Inactive(anon):   239636 kB
Active(file):     422448 kB
Inactive(file):   270252 kB
Unevictable:       13556 kB
Mlocked:               0 kB
SwapTotal:        721780 kB
SwapFree:         624228 kB
Dirty:                 0 kB
Writeback:             0 kB
AnonPages:       1202336 kB
Mapped:           450724 kB
Shmem:              1800 kB
Slab:             102740 kB
SReclaimable:      33548 kB
SUnreclaim:        69192 kB
KernelStack:       39248 kB
PageTables:        48608 kB
NFS_Unstable:          0 kB
Bounce:                0 kB
WritebackTmp:          0 kB
CommitLimit:     2171488 kB
Committed_AS:   110560288 kB
VmallocTotal:   251658176 kB
VmallocUsed:      131988 kB
VmallocChunk:   251419832 kB
Time pass: 353 sec

---2015-10-26 00:17:40
MemTotal:        2899420 kB
MemFree:          149656 kB
Buffers:           70680 kB
Cached:           637376 kB
SwapCached:         1548 kB
Active:          1388256 kB
Inactive:         509888 kB
Active(anon):     965808 kB
Inactive(anon):   239636 kB
Active(file):     422448 kB
Inactive(file):   270252 kB
Unevictable:       13556 kB
Mlocked:               0 kB
SwapTotal:        721780 kB
SwapFree:         624228 kB
Dirty:                 0 kB
Writeback:             0 kB
AnonPages:       1202516 kB
Mapped:           450560 kB
Shmem:              1800 kB
Slab:             102744 kB
SReclaimable:      33548 kB
SUnreclaim:        69196 kB
KernelStack:       39232 kB
PageTables:        48548 kB
NFS_Unstable:          0 kB
Bounce:                0 kB
WritebackTmp:          0 kB
CommitLimit:     2171488 kB
Committed_AS:   110560296 kB
VmallocTotal:   251658176 kB
VmallocUsed:      131988 kB
VmallocChunk:   251419832 kB
Time pass: 357 sec

---2015-10-26 00:17:40
MemTotal:        2899420 kB
MemFree:          149644 kB
Buffers:           70696 kB
Cached:           637376 kB
SwapCached:         1548 kB
Active:          1389060 kB
Inactive:         509900 kB
Active(anon):     966612 kB
Inactive(anon):   239636 kB
Active(file):     422448 kB
Inactive(file):   270264 kB
Unevictable:       13556 kB
Mlocked:               0 kB
SwapTotal:        721780 kB
SwapFree:         624228 kB
Dirty:                44 kB
Writeback:             0 kB
AnonPages:       1203108 kB
Mapped:           450656 kB
Shmem:              1800 kB
Slab:             102740 kB
SReclaimable:      33548 kB
SUnreclaim:        69192 kB
KernelStack:       39232 kB
PageTables:        48580 kB
NFS_Unstable:          0 kB
Bounce:                0 kB
WritebackTmp:          0 kB
CommitLimit:     2171488 kB
Committed_AS:   110560264 kB
VmallocTotal:   251658176 kB
VmallocUsed:      131988 kB
VmallocChunk:   251419832 kB
Time pass: 361 sec

---2015-10-26 00:17:40
MemTotal:        2899420 kB
MemFree:          148908 kB
Buffers:           70696 kB
Cached:           637376 kB
SwapCached:         1548 kB
Active:          1389188 kB
Inactive:         509904 kB
Active(anon):     966740 kB
Inactive(anon):   239636 kB
Active(file):     422448 kB
Inactive(file):   270268 kB
Unevictable:       13556 kB
Mlocked:               0 kB
SwapTotal:        721780 kB
SwapFree:         624228 kB
Dirty:                44 kB
Writeback:             0 kB
AnonPages:       1203248 kB
Mapped:           450660 kB
Shmem:              1800 kB
Slab:             102756 kB
SReclaimable:      33548 kB
SUnreclaim:        69208 kB
KernelStack:       39232 kB
PageTables:        48576 kB
NFS_Unstable:          0 kB
Bounce:                0 kB
WritebackTmp:          0 kB
CommitLimit:     2171488 kB
Committed_AS:   110560264 kB
VmallocTotal:   251658176 kB
VmallocUsed:      131988 kB
VmallocChunk:   251419832 kB
Time pass: 364 sec

---2015-10-26 00:17:40
MemTotal:        2899420 kB
MemFree:          148492 kB
Buffers:           70704 kB
Cached:           637376 kB
SwapCached:         1548 kB
Active:          1389560 kB
Inactive:         509912 kB
Active(anon):     967112 kB
Inactive(anon):   239636 kB
Active(file):     422448 kB
Inactive(file):   270276 kB
Unevictable:       13556 kB
Mlocked:               0 kB
SwapTotal:        721780 kB
SwapFree:         624228 kB
Dirty:                84 kB
Writeback:             0 kB
AnonPages:       1203724 kB
Mapped:           450664 kB
Shmem:              1800 kB
Slab:             102740 kB
SReclaimable:      33548 kB
SUnreclaim:        69192 kB
KernelStack:       39248 kB
PageTables:        48584 kB
NFS_Unstable:          0 kB
Bounce:                0 kB
WritebackTmp:          0 kB
CommitLimit:     2171488 kB
Committed_AS:   110560264 kB
VmallocTotal:   251658176 kB
VmallocUsed:      131988 kB
VmallocChunk:   251419832 kB
Time pass: 368 sec

---2015-10-26 00:17:40
MemTotal:        2899420 kB
MemFree:          148128 kB
Buffers:           70704 kB
Cached:           637376 kB
SwapCached:         1548 kB
Active:          1389776 kB
Inactive:         509912 kB
Active(anon):     967328 kB
Inactive(anon):   239636 kB
Active(file):     422448 kB
Inactive(file):   270276 kB
Unevictable:       13556 kB
Mlocked:               0 kB
SwapTotal:        721780 kB
SwapFree:         624228 kB
Dirty:                 0 kB
Writeback:             0 kB
AnonPages:       1204020 kB
Mapped:           450800 kB
Shmem:              1800 kB
Slab:             102892 kB
SReclaimable:      33548 kB
SUnreclaim:        69344 kB
KernelStack:       39232 kB
PageTables:        48644 kB
NFS_Unstable:          0 kB
Bounce:                0 kB
WritebackTmp:          0 kB
CommitLimit:     2171488 kB
Committed_AS:   110560280 kB
VmallocTotal:   251658176 kB
VmallocUsed:      131988 kB
VmallocChunk:   251419832 kB
Time pass: 372 sec

---2015-10-26 00:17:40
MemTotal:        2899420 kB
MemFree:          148836 kB
Buffers:           70708 kB
Cached:           637372 kB
SwapCached:         1548 kB
Active:          1389476 kB
Inactive:         509912 kB
Active(anon):     967028 kB
Inactive(anon):   239636 kB
Active(file):     422448 kB
Inactive(file):   270276 kB
Unevictable:       13556 kB
Mlocked:               0 kB
SwapTotal:        721780 kB
SwapFree:         624228 kB
Dirty:                 0 kB
Writeback:             0 kB
AnonPages:       1203892 kB
Mapped:           450684 kB
Shmem:              1800 kB
Slab:             102892 kB
SReclaimable:      33548 kB
SUnreclaim:        69344 kB
KernelStack:       39232 kB
PageTables:        48576 kB
NFS_Unstable:          0 kB
Bounce:                0 kB
WritebackTmp:          0 kB
CommitLimit:     2171488 kB
Committed_AS:   110560272 kB
VmallocTotal:   251658176 kB
VmallocUsed:      131988 kB
VmallocChunk:   251419832 kB
Time pass: 376 sec

---2015-10-26 00:17:40
MemTotal:        2899420 kB
MemFree:          148808 kB
Buffers:           70720 kB
Cached:           637376 kB
SwapCached:         1548 kB
Active:          1389740 kB
Inactive:         509928 kB
Active(anon):     967292 kB
Inactive(anon):   239636 kB
Active(file):     422448 kB
Inactive(file):   270292 kB
Unevictable:       13556 kB
Mlocked:               0 kB
SwapTotal:        721780 kB
SwapFree:         624228 kB
Dirty:                40 kB
Writeback:             0 kB
AnonPages:       1204312 kB
Mapped:           450712 kB
Shmem:              1800 kB
Slab:             102740 kB
SReclaimable:      33548 kB
SUnreclaim:        69192 kB
KernelStack:       39216 kB
PageTables:        48580 kB
NFS_Unstable:          0 kB
Bounce:                0 kB
WritebackTmp:          0 kB
CommitLimit:     2171488 kB
Committed_AS:   110560224 kB
VmallocTotal:   251658176 kB
VmallocUsed:      131988 kB
VmallocChunk:   251419832 kB
Time pass: 379 sec

---2015-10-26 00:17:40
MemTotal:        2899420 kB
MemFree:          148196 kB
Buffers:           70720 kB
Cached:           637376 kB
SwapCached:         1548 kB
Active:          1389932 kB
Inactive:         509928 kB
Active(anon):     967484 kB
Inactive(anon):   239636 kB
Active(file):     422448 kB
Inactive(file):   270292 kB
Unevictable:       13556 kB
Mlocked:               0 kB
SwapTotal:        721780 kB
SwapFree:         624228 kB
Dirty:                32 kB
Writeback:             0 kB
AnonPages:       1204176 kB
Mapped:           450720 kB
Shmem:              1800 kB
Slab:             102744 kB
SReclaimable:      33548 kB
SUnreclaim:        69196 kB
KernelStack:       39216 kB
PageTables:        48576 kB
NFS_Unstable:          0 kB
Bounce:                0 kB
WritebackTmp:          0 kB
CommitLimit:     2171488 kB
Committed_AS:   110560224 kB
VmallocTotal:   251658176 kB
VmallocUsed:      131988 kB
VmallocChunk:   251419832 kB
Time pass: 383 sec

---2015-10-26 00:17:40
MemTotal:        2899420 kB
MemFree:          147948 kB
Buffers:           70720 kB
Cached:           637376 kB
SwapCached:         1548 kB
Active:          1390104 kB
Inactive:         509928 kB
Active(anon):     967656 kB
Inactive(anon):   239636 kB
Active(file):     422448 kB
Inactive(file):   270292 kB
Unevictable:       13556 kB
Mlocked:               0 kB
SwapTotal:        721780 kB
SwapFree:         624228 kB
Dirty:                 8 kB
Writeback:             0 kB
AnonPages:       1204156 kB
Mapped:           450712 kB
Shmem:              1800 kB
Slab:             102776 kB
SReclaimable:      33548 kB
SUnreclaim:        69228 kB
KernelStack:       39216 kB
PageTables:        48576 kB
NFS_Unstable:          0 kB
Bounce:                0 kB
WritebackTmp:          0 kB
CommitLimit:     2171488 kB
Committed_AS:   110560224 kB
VmallocTotal:   251658176 kB
VmallocUsed:      131988 kB
VmallocChunk:   251419832 kB
Time pass: 387 sec

---2015-10-26 00:17:40
MemTotal:        2899420 kB
MemFree:          148196 kB
Buffers:           70720 kB
