---2015-10-26 00:17:40
MemTotal:        1745540 kB
MemFree:           51620 kB
Buffers:           16304 kB
Cached:           417388 kB
SwapCached:        28960 kB
Active:           540264 kB
Inactive:         575056 kB
Active(anon):     340552 kB
Inactive(anon):   344980 kB
Active(file):     199712 kB
Inactive(file):   230076 kB
Unevictable:        3816 kB
Mlocked:               0 kB
HighTotal:       1217536 kB
HighFree:          20412 kB
LowTotal:         528004 kB
LowFree:           31208 kB
SwapTotal:       1310716 kB
SwapFree:         630996 kB
Dirty:                32 kB
Writeback:             0 kB
AnonPages:        657744 kB
Mapped:           168940 kB
Shmem:                84 kB
Slab:              63368 kB
SReclaimable:      16136 kB
SUnreclaim:        47232 kB
KernelStack:       15936 kB
PageTables:        53504 kB
NFS_Unstable:          0 kB
Bounce:                0 kB
WritebackTmp:          0 kB
CommitLimit:     2183484 kB
Committed_AS:   126942244 kB
VmallocTotal:     311296 kB
VmallocUsed:       19536 kB
VmallocChunk:     151564 kB
Time pass: 3 sec

---2015-10-26 00:17:40
MemTotal:        1745540 kB
MemFree:           51448 kB
Buffers:           16304 kB
Cached:           417388 kB
SwapCached:        28960 kB
Active:           540424 kB
Inactive:         575052 kB
Active(anon):     340712 kB
Inactive(anon):   344972 kB
Active(file):     199712 kB
Inactive(file):   230080 kB
Unevictable:        3816 kB
Mlocked:               0 kB
HighTotal:       1217536 kB
HighFree:          20364 kB
LowTotal:         528004 kB
LowFree:           31084 kB
SwapTotal:       1310716 kB
SwapFree:         630996 kB
Dirty:                32 kB
Writeback:             0 kB
AnonPages:        657860 kB
Mapped:           168940 kB
Shmem:                84 kB
Slab:              63368 kB
SReclaimable:      16136 kB
SUnreclaim:        47232 kB
KernelStack:       15944 kB
PageTables:        53504 kB
NFS_Unstable:          0 kB
Bounce:                0 kB
WritebackTmp:          0 kB
CommitLimit:     2183484 kB
Committed_AS:   126942324 kB
VmallocTotal:     311296 kB
VmallocUsed:       19536 kB
VmallocChunk:     151564 kB
Time pass: 7 sec

---2015-10-26 00:17:40
MemTotal:        1745540 kB
MemFree:           51336 kB
Buffers:           16308 kB
Cached:           417388 kB
SwapCached:        28960 kB
Active:           540508 kB
Inactive:         575052 kB
Active(anon):     340796 kB
Inactive(anon):   344972 kB
Active(file):     199712 kB
Inactive(file):   230080 kB
Unevictable:        3816 kB
Mlocked:               0 kB
HighTotal:       1217536 kB
HighFree:          20136 kB
LowTotal:         528004 kB
LowFree:           31200 kB
SwapTotal:       1310716 kB
SwapFree:         630996 kB
Dirty:                 0 kB
Writeback:             0 kB
AnonPages:        657956 kB
Mapped:           168940 kB
Shmem:                84 kB
Slab:              63436 kB
SReclaimable:      16136 kB
SUnreclaim:        47300 kB
KernelStack:       15944 kB
PageTables:        53508 kB
NFS_Unstable:          0 kB
Bounce:                0 kB
WritebackTmp:          0 kB
CommitLimit:     2183484 kB
Committed_AS:   126942396 kB
VmallocTotal:     311296 kB
VmallocUsed:       19536 kB
VmallocChunk:     151564 kB
Time pass: 10 sec

---2015-10-26 00:17:40
MemTotal:        1745540 kB
MemFree:           63912 kB
Buffers:           16332 kB
Cached:           417392 kB
SwapCached:        28960 kB
Active:           528696 kB
Inactive:         575036 kB
Active(anon):     328976 kB
Inactive(anon):   344960 kB
Active(file):     199720 kB
Inactive(file):   230076 kB
Unevictable:        3816 kB
Mlocked:               0 kB
HighTotal:       1217536 kB
HighFree:          31992 kB
LowTotal:         528004 kB
LowFree:           31920 kB
SwapTotal:       1310716 kB
SwapFree:         631000 kB
Dirty:                64 kB
Writeback:             0 kB
AnonPages:        646152 kB
Mapped:           167992 kB
Shmem:                84 kB
Slab:              63380 kB
SReclaimable:      16136 kB
SUnreclaim:        47244 kB
KernelStack:       15872 kB
PageTables:        52908 kB
NFS_Unstable:          0 kB
Bounce:                0 kB
WritebackTmp:          0 kB
CommitLimit:     2183484 kB
Committed_AS:   125443920 kB
VmallocTotal:     311296 kB
VmallocUsed:       19536 kB
VmallocChunk:     151564 kB
Time pass: 14 sec

---2015-10-26 00:17:40
MemTotal:        1745540 kB
MemFree:           58080 kB
Buffers:           16332 kB
Cached:           421680 kB
SwapCached:        28852 kB
Active:           528940 kB
Inactive:         580560 kB
Active(anon):     329220 kB
Inactive(anon):   346176 kB
Active(file):     199720 kB
Inactive(file):   234384 kB
Unevictable:        3816 kB
Mlocked:               0 kB
HighTotal:       1217536 kB
HighFree:          26264 kB
LowTotal:         528004 kB
LowFree:           31816 kB
SwapTotal:       1310716 kB
SwapFree:         632732 kB
Dirty:                64 kB
Writeback:             0 kB
AnonPages:        647664 kB
Mapped:           168048 kB
Shmem:                84 kB
Slab:              63372 kB
SReclaimable:      16136 kB
SUnreclaim:        47236 kB
KernelStack:       15840 kB
PageTables:        52908 kB
NFS_Unstable:          0 kB
Bounce:                0 kB
WritebackTmp:          0 kB
CommitLimit:     2183484 kB
Committed_AS:   125444008 kB
VmallocTotal:     311296 kB
VmallocUsed:       19536 kB
VmallocChunk:     151564 kB
Time pass: 18 sec

---2015-10-26 00:17:40
MemTotal:        1745540 kB
MemFree:           58156 kB
Buffers:           16340 kB
Cached:           421680 kB
SwapCached:        28852 kB
Active:           529068 kB
Inactive:         580584 kB
Active(anon):     329348 kB
Inactive(anon):   346192 kB
Active(file):     199720 kB
Inactive(file):   234392 kB
Unevictable:        3816 kB
Mlocked:               0 kB
HighTotal:       1217536 kB
HighFree:          26216 kB
LowTotal:         528004 kB
LowFree:           31940 kB
SwapTotal:       1310716 kB
SwapFree:         632732 kB
Dirty:                36 kB
Writeback:             0 kB
AnonPages:        647740 kB
Mapped:           168172 kB
Shmem:                84 kB
Slab:              63368 kB
SReclaimable:      16136 kB
SUnreclaim:        47232 kB
KernelStack:       15840 kB
PageTables:        52908 kB
NFS_Unstable:          0 kB
Bounce:                0 kB
WritebackTmp:          0 kB
CommitLimit:     2183484 kB
Committed_AS:   125444164 kB
VmallocTotal:     311296 kB
VmallocUsed:       19536 kB
VmallocChunk:     151564 kB
Time pass: 21 sec

---2015-10-26 00:17:40
MemTotal:        1745540 kB
MemFree:           60948 kB
Buffers:           16340 kB
Cached:           421680 kB
SwapCached:        28840 kB
Active:           530432 kB
Inactive:         575944 kB
Active(anon):     330712 kB
Inactive(anon):   341544 kB
Active(file):     199720 kB
Inactive(file):   234400 kB
Unevictable:        3816 kB
Mlocked:               0 kB
HighTotal:       1217536 kB
HighFree:          28868 kB
LowTotal:         528004 kB
LowFree:           32080 kB
SwapTotal:       1310716 kB
SwapFree:         636276 kB
Dirty:                 0 kB
Writeback:             0 kB
AnonPages:        644544 kB
Mapped:           168052 kB
Shmem:                84 kB
Slab:              63368 kB
SReclaimable:      16136 kB
SUnreclaim:        47232 kB
KernelStack:       15840 kB
PageTables:        52908 kB
NFS_Unstable:          0 kB
Bounce:                0 kB
WritebackTmp:          0 kB
CommitLimit:     2183484 kB
Committed_AS:   125444288 kB
VmallocTotal:     311296 kB
VmallocUsed:       19536 kB
VmallocChunk:     151564 kB
Time pass: 25 sec

---2015-10-26 00:17:40
MemTotal:        1745540 kB
MemFree:           61396 kB
Buffers:           16340 kB
Cached:           421680 kB
SwapCached:        28840 kB
Active:           530600 kB
Inactive:         575944 kB
Active(anon):     330880 kB
Inactive(anon):   341544 kB
Active(file):     199720 kB
Inactive(file):   234400 kB
Unevictable:        3816 kB
Mlocked:               0 kB
HighTotal:       1217536 kB
HighFree:          29192 kB
LowTotal:         528004 kB
LowFree:           32204 kB
SwapTotal:       1310716 kB
SwapFree:         636280 kB
Dirty:                 0 kB
Writeback:             0 kB
AnonPages:        644740 kB
Mapped:           168176 kB
Shmem:                84 kB
Slab:              63364 kB
SReclaimable:      16136 kB
SUnreclaim:        47228 kB
KernelStack:       15840 kB
PageTables:        52908 kB
NFS_Unstable:          0 kB
Bounce:                0 kB
WritebackTmp:          0 kB
CommitLimit:     2183484 kB
Committed_AS:   125444368 kB
VmallocTotal:     311296 kB
VmallocUsed:       19536 kB
VmallocChunk:     151564 kB
Time pass: 29 sec

---2015-10-26 00:17:40
MemTotal:        1745540 kB
MemFree:           61172 kB
Buffers:           16340 kB
Cached:           421680 kB
SwapCached:        28840 kB
Active:           530728 kB
Inactive:         575944 kB
Active(anon):     331008 kB
Inactive(anon):   341544 kB
Active(file):     199720 kB
Inactive(file):   234400 kB
Unevictable:        3816 kB
Mlocked:               0 kB
HighTotal:       1217536 kB
HighFree:          29084 kB
LowTotal:         528004 kB
LowFree:           32088 kB
SwapTotal:       1310716 kB
SwapFree:         636280 kB
Dirty:                 0 kB
Writeback:             0 kB
AnonPages:        644872 kB
Mapped:           168052 kB
Shmem:                84 kB
Slab:              63360 kB
SReclaimable:      16136 kB
SUnreclaim:        47224 kB
KernelStack:       15840 kB
PageTables:        52908 kB
NFS_Unstable:          0 kB
Bounce:                0 kB
WritebackTmp:          0 kB
CommitLimit:     2183484 kB
Committed_AS:   125444568 kB
VmallocTotal:     311296 kB
VmallocUsed:       19536 kB
VmallocChunk:     151564 kB
Time pass: 32 sec

---2015-10-26 00:17:40
MemTotal:        1745540 kB
MemFree:           61192 kB
Buffers:           16340 kB
Cached:           421680 kB
SwapCached:        28840 kB
Active:           530896 kB
Inactive:         575944 kB
Active(anon):     331176 kB
Inactive(anon):   341544 kB
Active(file):     199720 kB
Inactive(file):   234400 kB
Unevictable:        3816 kB
Mlocked:               0 kB
HighTotal:       1217536 kB
HighFree:          28988 kB
LowTotal:         528004 kB
LowFree:           32204 kB
SwapTotal:       1310716 kB
SwapFree:         636280 kB
Dirty:                 0 kB
Writeback:             0 kB
AnonPages:        644984 kB
Mapped:           168052 kB
Shmem:                84 kB
Slab:              63360 kB
SReclaimable:      16136 kB
SUnreclaim:        47224 kB
KernelStack:       15840 kB
PageTables:        52908 kB
NFS_Unstable:          0 kB
Bounce:                0 kB
WritebackTmp:          0 kB
CommitLimit:     2183484 kB
Committed_AS:   125444640 kB
VmallocTotal:     311296 kB
VmallocUsed:       19536 kB
VmallocChunk:     151564 kB
Time pass: 36 sec

---2015-10-26 00:17:40
MemTotal:        1745540 kB
MemFree:           60816 kB
Buffers:           16340 kB
Cached:           421680 kB
SwapCached:        28840 kB
Active:           530948 kB
Inactive:         575944 kB
Active(anon):     331228 kB
Inactive(anon):   341544 kB
Active(file):     199720 kB
Inactive(file):   234400 kB
Unevictable:        3816 kB
Mlocked:               0 kB
HighTotal:       1217536 kB
HighFree:          28736 kB
LowTotal:         528004 kB
LowFree:           32080 kB
SwapTotal:       1310716 kB
SwapFree:         636280 kB
Dirty:                 0 kB
Writeback:             0 kB
AnonPages:        645128 kB
Mapped:           168052 kB
Shmem:                84 kB
Slab:              63384 kB
SReclaimable:      16136 kB
SUnreclaim:        47248 kB
KernelStack:       15840 kB
PageTables:        52908 kB
NFS_Unstable:          0 kB
Bounce:                0 kB
WritebackTmp:          0 kB
CommitLimit:     2183484 kB
Committed_AS:   125444720 kB
VmallocTotal:     311296 kB
VmallocUsed:       19536 kB
VmallocChunk:     151564 kB
Time pass: 40 sec

---2015-10-26 00:17:40
MemTotal:        1745540 kB
MemFree:           60600 kB
Buffers:           16340 kB
Cached:           421680 kB
SwapCached:        28840 kB
Active:           531176 kB
Inactive:         575944 kB
Active(anon):     331456 kB
Inactive(anon):   341544 kB
Active(file):     199720 kB
Inactive(file):   234400 kB
Unevictable:        3816 kB
Mlocked:               0 kB
HighTotal:       1217536 kB
HighFree:          28520 kB
LowTotal:         528004 kB
LowFree:           32080 kB
SwapTotal:       1310716 kB
SwapFree:         636280 kB
Dirty:                 0 kB
Writeback:             0 kB
AnonPages:        645268 kB
Mapped:           168052 kB
Shmem:                84 kB
Slab:              63384 kB
SReclaimable:      16136 kB
SUnreclaim:        47248 kB
KernelStack:       15840 kB
PageTables:        52908 kB
NFS_Unstable:          0 kB
Bounce:                0 kB
WritebackTmp:          0 kB
CommitLimit:     2183484 kB
Committed_AS:   125444936 kB
VmallocTotal:     311296 kB
VmallocUsed:       19536 kB
VmallocChunk:     151564 kB
Time pass: 43 sec

---2015-10-26 00:17:40
MemTotal:        1745540 kB
MemFree:           60656 kB
Buffers:           16340 kB
Cached:           421680 kB
SwapCached:        28840 kB
Active:           531240 kB
Inactive:         575944 kB
Active(anon):     331520 kB
Inactive(anon):   341544 kB
Active(file):     199720 kB
Inactive(file):   234400 kB
Unevictable:        3816 kB
Mlocked:               0 kB
HighTotal:       1217536 kB
HighFree:          28440 kB
LowTotal:         528004 kB
LowFree:           32216 kB
SwapTotal:       1310716 kB
SwapFree:         636280 kB
Dirty:                 0 kB
Writeback:             0 kB
AnonPages:        645360 kB
Mapped:           168052 kB
Shmem:                84 kB
Slab:              63444 kB
SReclaimable:      16136 kB
SUnreclaim:        47308 kB
KernelStack:       15840 kB
PageTables:        52908 kB
NFS_Unstable:          0 kB
Bounce:                0 kB
WritebackTmp:          0 kB
CommitLimit:     2183484 kB
Committed_AS:   125445000 kB
VmallocTotal:     311296 kB
VmallocUsed:       19536 kB
VmallocChunk:     151564 kB
Time pass: 47 sec

---2015-10-26 00:17:40
MemTotal:        1745540 kB
MemFree:           60492 kB
Buffers:           16340 kB
Cached:           421680 kB
SwapCached:        28840 kB
Active:           531404 kB
Inactive:         575944 kB
Active(anon):     331684 kB
Inactive(anon):   341544 kB
Active(file):     199720 kB
Inactive(file):   234400 kB
Unevictable:        3816 kB
Mlocked:               0 kB
HighTotal:       1217536 kB
HighFree:          28288 kB
LowTotal:         528004 kB
LowFree:           32204 kB
SwapTotal:       1310716 kB
SwapFree:         636280 kB
Dirty:                 0 kB
Writeback:             0 kB
AnonPages:        645524 kB
Mapped:           168052 kB
Shmem:                84 kB
Slab:              63384 kB
SReclaimable:      16136 kB
SUnreclaim:        47248 kB
KernelStack:       15840 kB
PageTables:        52908 kB
NFS_Unstable:          0 kB
Bounce:                0 kB
WritebackTmp:          0 kB
CommitLimit:     2183484 kB
Committed_AS:   125445080 kB
VmallocTotal:     311296 kB
VmallocUsed:       19536 kB
VmallocChunk:     151564 kB
Time pass: 51 sec

---2015-10-26 00:17:40
MemTotal:        1745540 kB
MemFree:           60596 kB
Buffers:           16340 kB
Cached:           421680 kB
SwapCached:        28840 kB
Active:           531632 kB
Inactive:         575944 kB
Active(anon):     331912 kB
Inactive(anon):   341544 kB
Active(file):     199720 kB
Inactive(file):   234400 kB
Unevictable:        3816 kB
Mlocked:               0 kB
HighTotal:       1217536 kB
HighFree:          28392 kB
LowTotal:         528004 kB
LowFree:           32204 kB
SwapTotal:       1310716 kB
SwapFree:         636280 kB
Dirty:                 0 kB
Writeback:             0 kB
AnonPages:        645676 kB
Mapped:           168052 kB
Shmem:                84 kB
Slab:              63372 kB
SReclaimable:      16136 kB
SUnreclaim:        47236 kB
KernelStack:       15840 kB
PageTables:        52908 kB
NFS_Unstable:          0 kB
Bounce:                0 kB
WritebackTmp:          0 kB
CommitLimit:     2183484 kB
Committed_AS:   125445288 kB
VmallocTotal:     311296 kB
VmallocUsed:       19536 kB
VmallocChunk:     151564 kB
Time pass: 55 sec

---2015-10-26 00:17:40
MemTotal:        1745540 kB
MemFree:           60216 kB
Buffers:           16340 kB
Cached:           421680 kB
SwapCached:        28840 kB
Active:           531708 kB
Inactive:         575940 kB
Active(anon):     331988 kB
Inactive(anon):   341540 kB
Active(file):     199720 kB
Inactive(file):   234400 kB
Unevictable:        3816 kB
Mlocked:               0 kB
HighTotal:       1217536 kB
HighFree:          28136 kB
LowTotal:         528004 kB
LowFree:           32080 kB
SwapTotal:       1310716 kB
SwapFree:         636280 kB
Dirty:                 0 kB
Writeback:             0 kB
AnonPages:        645748 kB
Mapped:           168052 kB
Shmem:                84 kB
Slab:              63372 kB
SReclaimable:      16136 kB
SUnreclaim:        47236 kB
KernelStack:       15840 kB
PageTables:        52908 kB
NFS_Unstable:          0 kB
Bounce:                0 kB
WritebackTmp:          0 kB
CommitLimit:     2183484 kB
Committed_AS:   125445360 kB
VmallocTotal:     311296 kB
VmallocUsed:       19536 kB
VmallocChunk:     151564 kB
Time pass: 58 sec

---2015-10-26 00:17:40
MemTotal:        1745540 kB
MemFree:           59944 kB
Buffers:           16340 kB
Cached:           421680 kB
SwapCached:        28840 kB
Active:           531976 kB
Inactive:         575940 kB
Active(anon):     332256 kB
Inactive(anon):   341540 kB
Active(file):     199720 kB
Inactive(file):   234400 kB
Unevictable:        3816 kB
Mlocked:               0 kB
HighTotal:       1217536 kB
HighFree:          27864 kB
LowTotal:         528004 kB
LowFree:           32080 kB
SwapTotal:       1310716 kB
SwapFree:         636280 kB
Dirty:                 0 kB
Writeback:             0 kB
AnonPages:        646088 kB
Mapped:           168052 kB
Shmem:                84 kB
Slab:              63372 kB
SReclaimable:      16136 kB
SUnreclaim:        47236 kB
KernelStack:       15840 kB
PageTables:        52908 kB
NFS_Unstable:          0 kB
Bounce:                0 kB
WritebackTmp:          0 kB
CommitLimit:     2183484 kB
Committed_AS:   125445560 kB
VmallocTotal:     311296 kB
VmallocUsed:       19536 kB
VmallocChunk:     151564 kB
Time pass: 62 sec

---2015-10-26 00:17:40
MemTotal:        1745540 kB
MemFree:           60028 kB
Buffers:           16340 kB
Cached:           421680 kB
SwapCached:        28840 kB
Active:           532108 kB
Inactive:         575940 kB
Active(anon):     332388 kB
Inactive(anon):   341540 kB
Active(file):     199720 kB
Inactive(file):   234400 kB
Unevictable:        3816 kB
Mlocked:               0 kB
HighTotal:       1217536 kB
HighFree:          27824 kB
LowTotal:         528004 kB
LowFree:           32204 kB
SwapTotal:       1310716 kB
SwapFree:         636280 kB
Dirty:                 0 kB
Writeback:             0 kB
AnonPages:        646192 kB
Mapped:           168052 kB
Shmem:                84 kB
Slab:              63376 kB
SReclaimable:      16136 kB
SUnreclaim:        47240 kB
KernelStack:       15840 kB
PageTables:        52908 kB
NFS_Unstable:          0 kB
Bounce:                0 kB
WritebackTmp:          0 kB
CommitLimit:     2183484 kB
Committed_AS:   125445640 kB
VmallocTotal:     311296 kB
VmallocUsed:       19536 kB
VmallocChunk:     151564 kB
Time pass: 65 sec

---2015-10-26 00:17:40
MemTotal:        1745540 kB
MemFree:           59788 kB
Buffers:           16340 kB
Cached:           421680 kB
SwapCached:        28840 kB
Active:           532188 kB
Inactive:         575940 kB
Active(anon):     332468 kB
Inactive(anon):   341540 kB
Active(file):     199720 kB
Inactive(file):   234400 kB
Unevictable:        3816 kB
Mlocked:               0 kB
HighTotal:       1217536 kB
HighFree:          27708 kB
LowTotal:         528004 kB
LowFree:           32080 kB
SwapTotal:       1310716 kB
SwapFree:         636280 kB
Dirty:                 0 kB
Writeback:             0 kB
AnonPages:        646300 kB
Mapped:           168052 kB
Shmem:                84 kB
Slab:              63444 kB
SReclaimable:      16136 kB
SUnreclaim:        47308 kB
KernelStack:       15840 kB
PageTables:        52908 kB
NFS_Unstable:          0 kB
Bounce:                0 kB
WritebackTmp:          0 kB
CommitLimit:     2183484 kB
Committed_AS:   125445720 kB
VmallocTotal:     311296 kB
VmallocUsed:       19536 kB
VmallocChunk:     151564 kB
Time pass: 69 sec

---2015-10-26 00:17:40
MemTotal:        1745540 kB
MemFree:           59692 kB
Buffers:           16340 kB
Cached:           421680 kB
SwapCached:        28840 kB
Active:           532392 kB
Inactive:         575940 kB
Active(anon):     332672 kB
Inactive(anon):   341540 kB
Active(file):     199720 kB
Inactive(file):   234400 kB
Unevictable:        3816 kB
Mlocked:               0 kB
HighTotal:       1217536 kB
HighFree:          27612 kB
LowTotal:         528004 kB
LowFree:           32080 kB
SwapTotal:       1310716 kB
SwapFree:         636280 kB
Dirty:                 0 kB
Writeback:             0 kB
AnonPages:        646484 kB
Mapped:           168052 kB
Shmem:                84 kB
Slab:              63388 kB
SReclaimable:      16136 kB
SUnreclaim:        47252 kB
KernelStack:       15840 kB
PageTables:        52908 kB
NFS_Unstable:          0 kB
Bounce:                0 kB
WritebackTmp:          0 kB
CommitLimit:     2183484 kB
Committed_AS:   125445928 kB
VmallocTotal:     311296 kB
VmallocUsed:       19536 kB
VmallocChunk:     151564 kB
Time pass: 73 sec

---2015-10-26 00:17:40
MemTotal:        1745540 kB
MemFree:           59540 kB
Buffers:           16340 kB
Cached:           421680 kB
SwapCached:        28840 kB
Active:           532548 kB
Inactive:         575940 kB
Active(anon):     332828 kB
Inactive(anon):   341540 kB
Active(file):     199720 kB
Inactive(file):   234400 kB
Unevictable:        3816 kB
Mlocked:               0 kB
HighTotal:       1217536 kB
HighFree:          27336 kB
LowTotal:         528004 kB
LowFree:           32204 kB
SwapTotal:       1310716 kB
SwapFree:         636280 kB
Dirty:                 0 kB
Writeback:             0 kB
AnonPages:        646672 kB
Mapped:           168052 kB
Shmem:                84 kB
Slab:              63376 kB
SReclaimable:      16136 kB
SUnreclaim:        47240 kB
KernelStack:       15840 kB
PageTables:        52908 kB
NFS_Unstable:          0 kB
Bounce:                0 kB
WritebackTmp:          0 kB
CommitLimit:     2183484 kB
Committed_AS:   125446008 kB
VmallocTotal:     311296 kB
VmallocUsed:       19536 kB
VmallocChunk:     151564 kB
Time pass: 76 sec

---2015-10-26 00:17:40
MemTotal:        1745540 kB
MemFree:           59372 kB
Buffers:           16340 kB
Cached:           421680 kB
SwapCached:        28840 kB
Active:           532764 kB
Inactive:         575940 kB
Active(anon):     333044 kB
Inactive(anon):   341540 kB
Active(file):     199720 kB
Inactive(file):   234400 kB
Unevictable:        3816 kB
Mlocked:               0 kB
HighTotal:       1217536 kB
HighFree:          27168 kB
LowTotal:         528004 kB
LowFree:           32204 kB
SwapTotal:       1310716 kB
SwapFree:         636280 kB
Dirty:                 0 kB
Writeback:             0 kB
AnonPages:        646788 kB
Mapped:           168176 kB
Shmem:                84 kB
Slab:              63372 kB
SReclaimable:      16136 kB
SUnreclaim:        47236 kB
KernelStack:       15840 kB
PageTables:        52908 kB
NFS_Unstable:          0 kB
Bounce:                0 kB
WritebackTmp:          0 kB
CommitLimit:     2183484 kB
Committed_AS:   125446096 kB
VmallocTotal:     311296 kB
VmallocUsed:       19536 kB
VmallocChunk:     151564 kB
Time pass: 80 sec

---2015-10-26 00:17:40
MemTotal:        1745540 kB
MemFree:           52548 kB
Buffers:           16340 kB
Cached:           425664 kB
SwapCached:        28840 kB
Active:           535400 kB
Inactive:         579776 kB
Active(anon):     335680 kB
Inactive(anon):   341540 kB
Active(file):     199720 kB
Inactive(file):   238236 kB
Unevictable:        3816 kB
Mlocked:               0 kB
HighTotal:       1217536 kB
HighFree:          20772 kB
LowTotal:         528004 kB
LowFree:           31776 kB
SwapTotal:       1310716 kB
SwapFree:         636280 kB
Dirty:                 0 kB
Writeback:             0 kB
AnonPages:        649552 kB
Mapped:           171668 kB
Shmem:                84 kB
Slab:              63372 kB
SReclaimable:      16136 kB
SUnreclaim:        47236 kB
KernelStack:       15840 kB
PageTables:        53208 kB
NFS_Unstable:          0 kB
Bounce:                0 kB
WritebackTmp:          0 kB
CommitLimit:     2183484 kB
Committed_AS:   126876872 kB
VmallocTotal:     311296 kB
VmallocUsed:       19536 kB
VmallocChunk:     151564 kB
Time pass: 84 sec

---2015-10-26 00:17:40
MemTotal:        1745540 kB
MemFree:           58168 kB
Buffers:           15532 kB
Cached:           415228 kB
SwapCached:        28864 kB
Active:           543112 kB
Inactive:         568724 kB
Active(anon):     342212 kB
Inactive(anon):   342832 kB
Active(file):     200900 kB
Inactive(file):   225892 kB
Unevictable:        3816 kB
Mlocked:               0 kB
HighTotal:       1217536 kB
HighFree:          27872 kB
LowTotal:         528004 kB
LowFree:           30296 kB
SwapTotal:       1310716 kB
SwapFree:         635676 kB
Dirty:                 0 kB
Writeback:             0 kB
AnonPages:        657336 kB
Mapped:           170528 kB
Shmem:                84 kB
Slab:              63376 kB
SReclaimable:      16132 kB
SUnreclaim:        47244 kB
KernelStack:       15920 kB
PageTables:        53516 kB
NFS_Unstable:          0 kB
Bounce:                0 kB
WritebackTmp:          0 kB
CommitLimit:     2183484 kB
Committed_AS:   126954192 kB
VmallocTotal:     311296 kB
VmallocUsed:       19536 kB
VmallocChunk:     151564 kB
Time pass: 87 sec

---2015-10-26 00:17:40
MemTotal:        1745540 kB
MemFree:           56596 kB
Buffers:            8020 kB
Cached:           366768 kB
SwapCached:        29048 kB
Active:           544980 kB
Inactive:         545192 kB
Active(anon):     357580 kB
Inactive(anon):   361724 kB
Active(file):     187400 kB
Inactive(file):   183468 kB
Unevictable:        3816 kB
Mlocked:               0 kB
HighTotal:       1217536 kB
HighFree:          25580 kB
LowTotal:         528004 kB
LowFree:           31016 kB
SwapTotal:       1310716 kB
SwapFree:         632812 kB
Dirty:              1128 kB
Writeback:             0 kB
AnonPages:        691440 kB
Mapped:           220668 kB
Shmem:               216 kB
Slab:              63340 kB
SReclaimable:      16112 kB
SUnreclaim:        47228 kB
KernelStack:       16432 kB
PageTables:        54480 kB
NFS_Unstable:          0 kB
Bounce:                0 kB
WritebackTmp:          0 kB
CommitLimit:     2183484 kB
Committed_AS:   128549836 kB
VmallocTotal:     311296 kB
VmallocUsed:       20000 kB
VmallocChunk:     151564 kB
Time pass: 91 sec

---2015-10-26 00:17:40
MemTotal:        1745540 kB
MemFree:           49488 kB
Buffers:            8036 kB
Cached:           368844 kB
SwapCached:        29068 kB
Active:           548852 kB
Inactive:         540488 kB
Active(anon):     361348 kB
Inactive(anon):   355172 kB
Active(file):     187504 kB
Inactive(file):   185316 kB
Unevictable:        3816 kB
Mlocked:               0 kB
HighTotal:       1217536 kB
HighFree:          18888 kB
LowTotal:         528004 kB
LowFree:           30600 kB
SwapTotal:       1310716 kB
SwapFree:         632876 kB
Dirty:               228 kB
Writeback:             0 kB
AnonPages:        688636 kB
Mapped:           231596 kB
Shmem:               220 kB
Slab:              63328 kB
SReclaimable:      16112 kB
SUnreclaim:        47216 kB
KernelStack:       16568 kB
PageTables:        54584 kB
NFS_Unstable:          0 kB
Bounce:                0 kB
WritebackTmp:          0 kB
CommitLimit:     2183484 kB
Committed_AS:   128547616 kB
VmallocTotal:     311296 kB
VmallocUsed:       19940 kB
VmallocChunk:     151564 kB
Time pass: 95 sec

---2015-10-26 00:17:40
MemTotal:        1745540 kB
MemFree:           52012 kB
Buffers:            7948 kB
Cached:           325124 kB
SwapCached:        29244 kB
Active:           519792 kB
Inactive:         523940 kB
Active(anon):     353192 kB
Inactive(anon):   361504 kB
Active(file):     166600 kB
Inactive(file):   162436 kB
Unevictable:        3816 kB
Mlocked:               0 kB
HighTotal:       1217536 kB
HighFree:          23208 kB
LowTotal:         528004 kB
LowFree:           28804 kB
SwapTotal:       1310716 kB
SwapFree:         629400 kB
Dirty:              2372 kB
Writeback:             0 kB
AnonPages:        686424 kB
Mapped:           273148 kB
Shmem:               220 kB
Slab:              63332 kB
SReclaimable:      16096 kB
SUnreclaim:        47236 kB
KernelStack:       16480 kB
PageTables:        54716 kB
NFS_Unstable:          0 kB
Bounce:                0 kB
WritebackTmp:          0 kB
CommitLimit:     2183484 kB
Committed_AS:   128567176 kB
VmallocTotal:     311296 kB
VmallocUsed:       20092 kB
VmallocChunk:     151564 kB
Time pass: 99 sec

---2015-10-26 00:17:40
MemTotal:        1745540 kB
MemFree:           52284 kB
Buffers:            7956 kB
Cached:           325124 kB
SwapCached:        29244 kB
Active:           520004 kB
Inactive:         523924 kB
Active(anon):     353396 kB
Inactive(anon):   361488 kB
Active(file):     166608 kB
Inactive(file):   162436 kB
Unevictable:        3816 kB
Mlocked:               0 kB
HighTotal:       1217536 kB
HighFree:          23584 kB
LowTotal:         528004 kB
LowFree:           28700 kB
SwapTotal:       1310716 kB
SwapFree:         629400 kB
Dirty:               104 kB
Writeback:             0 kB
AnonPages:        686592 kB
Mapped:           273280 kB
Shmem:               220 kB
Slab:              63464 kB
SReclaimable:      16096 kB
SUnreclaim:        47368 kB
KernelStack:       16488 kB
PageTables:        54728 kB
NFS_Unstable:          0 kB
Bounce:                0 kB
WritebackTmp:          0 kB
CommitLimit:     2183484 kB
Committed_AS:   128567376 kB
VmallocTotal:     311296 kB
VmallocUsed:       20092 kB
VmallocChunk:     151564 kB
Time pass: 103 sec

---2015-10-26 00:17:40
MemTotal:        1745540 kB
MemFree:           52104 kB
Buffers:            7960 kB
Cached:           325120 kB
SwapCached:        29244 kB
Active:           520208 kB
Inactive:         523908 kB
Active(anon):     353600 kB
Inactive(anon):   361472 kB
Active(file):     166608 kB
Inactive(file):   162436 kB
Unevictable:        3816 kB
Mlocked:               0 kB
HighTotal:       1217536 kB
HighFree:          23364 kB
LowTotal:         528004 kB
LowFree:           28740 kB
SwapTotal:       1310716 kB
SwapFree:         629400 kB
Dirty:                 0 kB
Writeback:             0 kB
AnonPages:        686704 kB
Mapped:           273152 kB
Shmem:               220 kB
Slab:              63404 kB
SReclaimable:      16096 kB
SUnreclaim:        47308 kB
KernelStack:       16480 kB
PageTables:        54716 kB
NFS_Unstable:          0 kB
Bounce:                0 kB
WritebackTmp:          0 kB
CommitLimit:     2183484 kB
Committed_AS:   128567448 kB
VmallocTotal:     311296 kB
VmallocUsed:       20092 kB
VmallocChunk:     151564 kB
Time pass: 106 sec

---2015-10-26 00:17:40
MemTotal:        1745540 kB
MemFree:           48816 kB
Buffers:            7960 kB
Cached:           325156 kB
SwapCached:        29244 kB
Active:           521204 kB
Inactive:         523872 kB
Active(anon):     354580 kB
Inactive(anon):   361436 kB
Active(file):     166624 kB
Inactive(file):   162436 kB
Unevictable:        3816 kB
Mlocked:               0 kB
HighTotal:       1217536 kB
HighFree:          19748 kB
LowTotal:         528004 kB
LowFree:           29068 kB
SwapTotal:       1310716 kB
SwapFree:         629400 kB
Dirty:                36 kB
Writeback:             0 kB
AnonPages:        687780 kB
Mapped:           273936 kB
Shmem:               220 kB
Slab:              63400 kB
SReclaimable:      16096 kB
SUnreclaim:        47304 kB
KernelStack:       16480 kB
PageTables:        54716 kB
NFS_Unstable:          0 kB
Bounce:                0 kB
WritebackTmp:          0 kB
CommitLimit:     2183484 kB
Committed_AS:   128567536 kB
VmallocTotal:     311296 kB
VmallocUsed:       20228 kB
VmallocChunk:     151564 kB
Time pass: 110 sec

---2015-10-26 00:17:40
MemTotal:        1745540 kB
MemFree:           51580 kB
Buffers:            7976 kB
Cached:           315832 kB
SwapCached:        29272 kB
Active:           522224 kB
Inactive:         513724 kB
Active(anon):     356460 kB
Inactive(anon):   359716 kB
Active(file):     165764 kB
Inactive(file):   154008 kB
Unevictable:        3816 kB
Mlocked:               0 kB
HighTotal:       1217536 kB
HighFree:          21976 kB
LowTotal:         528004 kB
LowFree:           29604 kB
SwapTotal:       1310716 kB
SwapFree:         629056 kB
Dirty:               640 kB
Writeback:             0 kB
AnonPages:        687840 kB
Mapped:           280524 kB
Shmem:               220 kB
Slab:              63384 kB
SReclaimable:      16112 kB
SUnreclaim:        47272 kB
KernelStack:       16480 kB
PageTables:        54736 kB
NFS_Unstable:          0 kB
Bounce:                0 kB
WritebackTmp:          0 kB
CommitLimit:     2183484 kB
Committed_AS:   128567816 kB
VmallocTotal:     311296 kB
VmallocUsed:       20108 kB
VmallocChunk:     151564 kB
Time pass: 113 sec

---2015-10-26 00:17:40
MemTotal:        1745540 kB
MemFree:           51776 kB
Buffers:            7984 kB
Cached:           315832 kB
SwapCached:        29272 kB
Active:           522364 kB
Inactive:         513716 kB
Active(anon):     356592 kB
Inactive(anon):   359708 kB
Active(file):     165772 kB
Inactive(file):   154008 kB
Unevictable:        3816 kB
Mlocked:               0 kB
HighTotal:       1217536 kB
HighFree:          22100 kB
LowTotal:         528004 kB
LowFree:           29676 kB
SwapTotal:       1310716 kB
SwapFree:         629056 kB
Dirty:                 0 kB
Writeback:             0 kB
AnonPages:        687972 kB
Mapped:           280648 kB
Shmem:               220 kB
Slab:              63368 kB
SReclaimable:      16112 kB
SUnreclaim:        47256 kB
KernelStack:       16472 kB
PageTables:        54736 kB
NFS_Unstable:          0 kB
Bounce:                0 kB
WritebackTmp:          0 kB
CommitLimit:     2183484 kB
Committed_AS:   128567880 kB
VmallocTotal:     311296 kB
VmallocUsed:       20108 kB
VmallocChunk:     151564 kB
Time pass: 117 sec

---2015-10-26 00:17:40
MemTotal:        1745540 kB
MemFree:           45016 kB
Buffers:            7984 kB
Cached:           313312 kB
SwapCached:        29252 kB
Active:           524932 kB
Inactive:         512148 kB
Active(anon):     358980 kB
Inactive(anon):   360996 kB
Active(file):     165952 kB
Inactive(file):   151152 kB
Unevictable:        3816 kB
Mlocked:               0 kB
HighTotal:       1217536 kB
HighFree:          20104 kB
LowTotal:         528004 kB
LowFree:           24912 kB
SwapTotal:       1310716 kB
SwapFree:         628988 kB
Dirty:               452 kB
Writeback:             0 kB
AnonPages:        691944 kB
Mapped:           284176 kB
Shmem:               220 kB
Slab:              63368 kB
SReclaimable:      16112 kB
SUnreclaim:        47256 kB
KernelStack:       16552 kB
PageTables:        54724 kB
NFS_Unstable:          0 kB
Bounce:                0 kB
WritebackTmp:          0 kB
CommitLimit:     2183484 kB
Committed_AS:   128567960 kB
VmallocTotal:     311296 kB
VmallocUsed:       20244 kB
VmallocChunk:     151564 kB
Time pass: 121 sec

---2015-10-26 00:17:40
MemTotal:        1745540 kB
MemFree:           53848 kB
Buffers:            7680 kB
Cached:           300516 kB
SwapCached:        29308 kB
Active:           514288 kB
Inactive:         503508 kB
Active(anon):     353836 kB
Inactive(anon):   359804 kB
Active(file):     160452 kB
Inactive(file):   143704 kB
Unevictable:        3816 kB
Mlocked:               0 kB
HighTotal:       1217536 kB
HighFree:          25852 kB
LowTotal:         528004 kB
LowFree:           27996 kB
SwapTotal:       1310716 kB
SwapFree:         622476 kB
Dirty:                96 kB
Writeback:             0 kB
AnonPages:        685056 kB
Mapped:           296860 kB
Shmem:               220 kB
Slab:              63364 kB
SReclaimable:      16112 kB
SUnreclaim:        47252 kB
KernelStack:       16472 kB
PageTables:        54804 kB
NFS_Unstable:          0 kB
Bounce:                0 kB
WritebackTmp:          0 kB
CommitLimit:     2183484 kB
Committed_AS:   128576572 kB
VmallocTotal:     311296 kB
VmallocUsed:       20208 kB
VmallocChunk:     151564 kB
Time pass: 124 sec

---2015-10-26 00:17:40
MemTotal:        1745540 kB
MemFree:           53484 kB
Buffers:            7688 kB
Cached:           300516 kB
SwapCached:        29308 kB
Active:           514276 kB
Inactive:         503496 kB
Active(anon):     353812 kB
Inactive(anon):   359800 kB
Active(file):     160464 kB
Inactive(file):   143696 kB
Unevictable:        3816 kB
Mlocked:               0 kB
HighTotal:       1217536 kB
HighFree:          25704 kB
LowTotal:         528004 kB
LowFree:           27780 kB
SwapTotal:       1310716 kB
SwapFree:         622476 kB
Dirty:                28 kB
Writeback:             0 kB
AnonPages:        685296 kB
Mapped:           296948 kB
Shmem:               220 kB
Slab:              63360 kB
SReclaimable:      16112 kB
SUnreclaim:        47248 kB
KernelStack:       16472 kB
PageTables:        54804 kB
NFS_Unstable:          0 kB
Bounce:                0 kB
WritebackTmp:          0 kB
CommitLimit:     2183484 kB
Committed_AS:   128576744 kB
VmallocTotal:     311296 kB
VmallocUsed:       20208 kB
VmallocChunk:     151564 kB
Time pass: 128 sec

---2015-10-26 00:17:40
MemTotal:        1745540 kB
MemFree:           53240 kB
Buffers:            7688 kB
Cached:           300516 kB
SwapCached:        29308 kB
Active:           514488 kB
Inactive:         503500 kB
Active(anon):     354024 kB
Inactive(anon):   359796 kB
Active(file):     160464 kB
Inactive(file):   143704 kB
Unevictable:        3816 kB
Mlocked:               0 kB
HighTotal:       1217536 kB
HighFree:          25456 kB
LowTotal:         528004 kB
LowFree:           27784 kB
SwapTotal:       1310716 kB
SwapFree:         622480 kB
Dirty:                 0 kB
Writeback:             0 kB
AnonPages:        685480 kB
Mapped:           296948 kB
Shmem:               220 kB
Slab:              63396 kB
SReclaimable:      16112 kB
SUnreclaim:        47284 kB
KernelStack:       16480 kB
PageTables:        54804 kB
NFS_Unstable:          0 kB
Bounce:                0 kB
WritebackTmp:          0 kB
CommitLimit:     2183484 kB
Committed_AS:   128576872 kB
VmallocTotal:     311296 kB
VmallocUsed:       20208 kB
VmallocChunk:     151564 kB
Time pass: 132 sec

---2015-10-26 00:17:40
MemTotal:        1745540 kB
MemFree:           53476 kB
Buffers:            7688 kB
Cached:           300516 kB
SwapCached:        29308 kB
Active:           514716 kB
Inactive:         503496 kB
Active(anon):     354252 kB
Inactive(anon):   359792 kB
Active(file):     160464 kB
Inactive(file):   143704 kB
Unevictable:        3816 kB
Mlocked:               0 kB
HighTotal:       1217536 kB
HighFree:          25448 kB
LowTotal:         528004 kB
LowFree:           28028 kB
SwapTotal:       1310716 kB
SwapFree:         622480 kB
Dirty:                 0 kB
Writeback:             0 kB
AnonPages:        685656 kB
Mapped:           296996 kB
Shmem:               220 kB
Slab:              63364 kB
SReclaimable:      16112 kB
SUnreclaim:        47252 kB
KernelStack:       16480 kB
PageTables:        54804 kB
NFS_Unstable:          0 kB
Bounce:                0 kB
WritebackTmp:          0 kB
CommitLimit:     2183484 kB
Committed_AS:   128577064 kB
VmallocTotal:     311296 kB
VmallocUsed:       20208 kB
VmallocChunk:     151564 kB
Time pass: 135 sec

---2015-10-26 00:17:40
MemTotal:        1745540 kB
MemFree:           53352 kB
Buffers:            7688 kB
Cached:           300516 kB
SwapCached:        29308 kB
Active:           514808 kB
Inactive:         503496 kB
Active(anon):     354344 kB
Inactive(anon):   359792 kB
Active(file):     160464 kB
Inactive(file):   143704 kB
Unevictable:        3816 kB
Mlocked:               0 kB
HighTotal:       1217536 kB
HighFree:          25332 kB
LowTotal:         528004 kB
LowFree:           28020 kB
SwapTotal:       1310716 kB
SwapFree:         622480 kB
Dirty:                 0 kB
Writeback:             0 kB
AnonPages:        685784 kB
Mapped:           296996 kB
Shmem:               220 kB
Slab:              63360 kB
SReclaimable:      16112 kB
SUnreclaim:        47248 kB
KernelStack:       16480 kB
PageTables:        54804 kB
NFS_Unstable:          0 kB
Bounce:                0 kB
WritebackTmp:          0 kB
CommitLimit:     2183484 kB
Committed_AS:   128577152 kB
VmallocTotal:     311296 kB
VmallocUsed:       20208 kB
VmallocChunk:     151564 kB
Time pass: 139 sec

---2015-10-26 00:17:40
MemTotal:        1745540 kB
MemFree:           53124 kB
Buffers:            7688 kB
Cached:           300516 kB
SwapCached:        29308 kB
Active:           514936 kB
Inactive:         503496 kB
Active(anon):     354472 kB
Inactive(anon):   359792 kB
Active(file):     160464 kB
Inactive(file):   143704 kB
Unevictable:        3816 kB
Mlocked:               0 kB
HighTotal:       1217536 kB
HighFree:          25088 kB
LowTotal:         528004 kB
LowFree:           28036 kB
SwapTotal:       1310716 kB
SwapFree:         622480 kB
Dirty:                 0 kB
Writeback:             0 kB
AnonPages:        685920 kB
Mapped:           297068 kB
Shmem:               220 kB
Slab:              63364 kB
SReclaimable:      16112 kB
SUnreclaim:        47252 kB
KernelStack:       16464 kB
PageTables:        54784 kB
NFS_Unstable:          0 kB
Bounce:                0 kB
WritebackTmp:          0 kB
CommitLimit:     2183484 kB
Committed_AS:   128577344 kB
VmallocTotal:     311296 kB
VmallocUsed:       20208 kB
VmallocChunk:     151564 kB
Time pass: 143 sec

---2015-10-26 00:17:40
MemTotal:        1745540 kB
MemFree:           37184 kB
Buffers:            7728 kB
Cached:           296768 kB
SwapCached:        29348 kB
Active:           520984 kB
Inactive:         496692 kB
Active(anon):     358588 kB
Inactive(anon):   358692 kB
Active(file):     162396 kB
Inactive(file):   138000 kB
Unevictable:        3816 kB
Mlocked:               0 kB
HighTotal:       1217536 kB
HighFree:          12956 kB
LowTotal:         528004 kB
LowFree:           24228 kB
SwapTotal:       1310716 kB
SwapFree:         617136 kB
Dirty:                 4 kB
Writeback:             0 kB
AnonPages:        688448 kB
Mapped:           299044 kB
Shmem:               220 kB
Slab:              63364 kB
SReclaimable:      16112 kB
SUnreclaim:        47252 kB
KernelStack:       16672 kB
PageTables:        54980 kB
NFS_Unstable:          0 kB
Bounce:                0 kB
WritebackTmp:          0 kB
CommitLimit:     2183484 kB
Committed_AS:   128587572 kB
VmallocTotal:     311296 kB
VmallocUsed:       20344 kB
VmallocChunk:     151564 kB
Time pass: 146 sec

---2015-10-26 00:17:40
MemTotal:        1745540 kB
MemFree:          248572 kB
Buffers:            7772 kB
Cached:           285232 kB
SwapCached:        29364 kB
Active:           463132 kB
Inactive:         481800 kB
Active(anon):     306432 kB
Inactive(anon):   349396 kB
Active(file):     156700 kB
Inactive(file):   132404 kB
Unevictable:        3816 kB
Mlocked:               0 kB
HighTotal:       1217536 kB
HighFree:         165956 kB
LowTotal:         528004 kB
LowFree:           82616 kB
SwapTotal:       1310716 kB
SwapFree:         606416 kB
Dirty:               132 kB
Writeback:             0 kB
AnonPages:        627564 kB
Mapped:           163888 kB
Shmem:                84 kB
Slab:              63364 kB
SReclaimable:      16128 kB
SUnreclaim:        47236 kB
KernelStack:       16032 kB
PageTables:        54004 kB
NFS_Unstable:          0 kB
Bounce:                0 kB
WritebackTmp:          0 kB
CommitLimit:     2183484 kB
Committed_AS:   128456168 kB
VmallocTotal:     311296 kB
VmallocUsed:       19464 kB
VmallocChunk:     151564 kB
Time pass: 150 sec

---2015-10-26 00:17:40
MemTotal:        1745540 kB
MemFree:          247024 kB
Buffers:            7772 kB
Cached:           285232 kB
SwapCached:        29364 kB
Active:           466032 kB
Inactive:         480592 kB
Active(anon):     309324 kB
Inactive(anon):   348196 kB
Active(file):     156708 kB
Inactive(file):   132396 kB
Unevictable:        3816 kB
Mlocked:               0 kB
HighTotal:       1217536 kB
HighFree:         164152 kB
LowTotal:         528004 kB
LowFree:           82872 kB
SwapTotal:       1310716 kB
SwapFree:         606416 kB
Dirty:                56 kB
Writeback:             0 kB
AnonPages:        629120 kB
Mapped:           166276 kB
Shmem:                84 kB
Slab:              63300 kB
SReclaimable:      16128 kB
SUnreclaim:        47172 kB
KernelStack:       16136 kB
PageTables:        54080 kB
NFS_Unstable:          0 kB
Bounce:                0 kB
WritebackTmp:          0 kB
CommitLimit:     2183484 kB
Committed_AS:   128460028 kB
VmallocTotal:     311296 kB
VmallocUsed:       19532 kB
VmallocChunk:     151564 kB
Time pass: 154 sec

---2015-10-26 00:17:40
MemTotal:        1745540 kB
MemFree:          253268 kB
Buffers:            7780 kB
Cached:           285232 kB
SwapCached:        29364 kB
Active:           460016 kB
Inactive:         480588 kB
Active(anon):     303296 kB
Inactive(anon):   348196 kB
Active(file):     156720 kB
Inactive(file):   132392 kB
Unevictable:        3816 kB
Mlocked:               0 kB
HighTotal:       1217536 kB
HighFree:         170100 kB
LowTotal:         528004 kB
LowFree:           83168 kB
SwapTotal:       1310716 kB
SwapFree:         606416 kB
Dirty:                36 kB
Writeback:             0 kB
AnonPages:        623068 kB
Mapped:           163948 kB
Shmem:                84 kB
Slab:              63300 kB
SReclaimable:      16128 kB
SUnreclaim:        47172 kB
KernelStack:       16024 kB
PageTables:        53948 kB
NFS_Unstable:          0 kB
Bounce:                0 kB
WritebackTmp:          0 kB
CommitLimit:     2183484 kB
Committed_AS:   128451632 kB
VmallocTotal:     311296 kB
VmallocUsed:       19464 kB
VmallocChunk:     151564 kB
Time pass: 157 sec

---2015-10-26 00:17:40
MemTotal:        1745540 kB
MemFree:          253228 kB
Buffers:            7788 kB
Cached:           285232 kB
SwapCached:        29364 kB
Active:           459740 kB
Inactive:         480584 kB
Active(anon):     303020 kB
Inactive(anon):   348192 kB
Active(file):     156720 kB
Inactive(file):   132392 kB
Unevictable:        3816 kB
Mlocked:               0 kB
HighTotal:       1217536 kB
HighFree:         170028 kB
LowTotal:         528004 kB
LowFree:           83200 kB
SwapTotal:       1310716 kB
SwapFree:         606416 kB
Dirty:                 0 kB
Writeback:             0 kB
AnonPages:        622916 kB
Mapped:           163668 kB
Shmem:                84 kB
Slab:              63364 kB
SReclaimable:      16128 kB
SUnreclaim:        47236 kB
KernelStack:       16008 kB
PageTables:        53960 kB
NFS_Unstable:          0 kB
Bounce:                0 kB
WritebackTmp:          0 kB
CommitLimit:     2183484 kB
Committed_AS:   128450812 kB
VmallocTotal:     311296 kB
VmallocUsed:       19464 kB
VmallocChunk:     151564 kB
Time pass: 161 sec

---2015-10-26 00:17:40
MemTotal:        1745540 kB
MemFree:          253356 kB
Buffers:            7788 kB
Cached:           285232 kB
SwapCached:        29364 kB
Active:           459900 kB
Inactive:         480592 kB
Active(anon):     303180 kB
Inactive(anon):   348192 kB
Active(file):     156720 kB
Inactive(file):   132400 kB
Unevictable:        3816 kB
Mlocked:               0 kB
HighTotal:       1217536 kB
HighFree:         170188 kB
LowTotal:         528004 kB
LowFree:           83168 kB
SwapTotal:       1310716 kB
SwapFree:         606416 kB
Dirty:                12 kB
Writeback:             0 kB
AnonPages:        622948 kB
Mapped:           163668 kB
Shmem:                84 kB
Slab:              63364 kB
SReclaimable:      16128 kB
SUnreclaim:        47236 kB
KernelStack:       16024 kB
PageTables:        54000 kB
NFS_Unstable:          0 kB
Bounce:                0 kB
WritebackTmp:          0 kB
CommitLimit:     2183484 kB
Committed_AS:   128451012 kB
VmallocTotal:     311296 kB
VmallocUsed:       19464 kB
VmallocChunk:     151564 kB
Time pass: 165 sec

---2015-10-26 00:17:40
MemTotal:        1745540 kB
MemFree:          253272 kB
Buffers:            7788 kB
Cached:           285232 kB
SwapCached:        29364 kB
Active:           460040 kB
Inactive:         480592 kB
Active(anon):     303320 kB
Inactive(anon):   348192 kB
Active(file):     156720 kB
Inactive(file):   132400 kB
Unevictable:        3816 kB
Mlocked:               0 kB
HighTotal:       1217536 kB
HighFree:         170072 kB
LowTotal:         528004 kB
LowFree:           83200 kB
SwapTotal:       1310716 kB
SwapFree:         606416 kB
Dirty:                 0 kB
Writeback:             0 kB
AnonPages:        623180 kB
Mapped:           163668 kB
Shmem:                84 kB
Slab:              63308 kB
SReclaimable:      16128 kB
SUnreclaim:        47180 kB
KernelStack:       16008 kB
PageTables:        53960 kB
NFS_Unstable:          0 kB
Bounce:                0 kB
WritebackTmp:          0 kB
CommitLimit:     2183484 kB
Committed_AS:   128451092 kB
VmallocTotal:     311296 kB
VmallocUsed:       19464 kB
VmallocChunk:     151564 kB
Time pass: 168 sec

---2015-10-26 00:17:40
MemTotal:        1745540 kB
MemFree:          253220 kB
Buffers:            7788 kB
Cached:           285232 kB
SwapCached:        29364 kB
Active:           460212 kB
Inactive:         480592 kB
Active(anon):     303492 kB
Inactive(anon):   348192 kB
Active(file):     156720 kB
Inactive(file):   132400 kB
Unevictable:        3816 kB
Mlocked:               0 kB
HighTotal:       1217536 kB
HighFree:         170020 kB
LowTotal:         528004 kB
LowFree:           83200 kB
SwapTotal:       1310716 kB
SwapFree:         606416 kB
Dirty:                 0 kB
Writeback:             0 kB
AnonPages:        623324 kB
Mapped:           163672 kB
Shmem:                84 kB
Slab:              63308 kB
SReclaimable:      16128 kB
SUnreclaim:        47180 kB
KernelStack:       16008 kB
PageTables:        53960 kB
NFS_Unstable:          0 kB
Bounce:                0 kB
WritebackTmp:          0 kB
CommitLimit:     2183484 kB
Committed_AS:   128451180 kB
VmallocTotal:     311296 kB
VmallocUsed:       19464 kB
VmallocChunk:     151564 kB
Time pass: 172 sec

---2015-10-26 00:17:40
MemTotal:        1745540 kB
MemFree:          185736 kB
Buffers:            7864 kB
Cached:           285376 kB
SwapCached:        29436 kB
Active:           504440 kB
Inactive:         471556 kB
Active(anon):     338324 kB
Inactive(anon):   348468 kB
Active(file):     166116 kB
Inactive(file):   123088 kB
Unevictable:        3816 kB
Mlocked:               0 kB
HighTotal:       1217536 kB
HighFree:         106628 kB
LowTotal:         528004 kB
LowFree:           79108 kB
SwapTotal:       1310716 kB
SwapFree:         606592 kB
Dirty:              1036 kB
Writeback:             0 kB
AnonPages:        658324 kB
Mapped:           214140 kB
Shmem:               216 kB
Slab:              63304 kB
SReclaimable:      16128 kB
SUnreclaim:        47176 kB
KernelStack:       16528 kB
PageTables:        54996 kB
NFS_Unstable:          0 kB
Bounce:                0 kB
WritebackTmp:          0 kB
CommitLimit:     2183484 kB
Committed_AS:   130053660 kB
VmallocTotal:     311296 kB
VmallocUsed:       20876 kB
VmallocChunk:     151564 kB
Time pass: 176 sec

---2015-10-26 00:17:40
MemTotal:        1745540 kB
MemFree:          174632 kB
Buffers:            7872 kB
Cached:           285356 kB
SwapCached:        29440 kB
Active:           507412 kB
Inactive:         471252 kB
Active(anon):     341136 kB
Inactive(anon):   348332 kB
Active(file):     166276 kB
Inactive(file):   122920 kB
Unevictable:        3816 kB
Mlocked:               0 kB
HighTotal:       1217536 kB
HighFree:          94604 kB
LowTotal:         528004 kB
LowFree:           80028 kB
SwapTotal:       1310716 kB
SwapFree:         606636 kB
Dirty:               116 kB
Writeback:             0 kB
AnonPages:        660988 kB
Mapped:           223816 kB
Shmem:               220 kB
Slab:              63188 kB
SReclaimable:      16120 kB
SUnreclaim:        47068 kB
KernelStack:       16560 kB
PageTables:        55060 kB
NFS_Unstable:          0 kB
Bounce:                0 kB
WritebackTmp:          0 kB
CommitLimit:     2183484 kB
Committed_AS:   130049972 kB
VmallocTotal:     311296 kB
VmallocUsed:       20992 kB
VmallocChunk:     151564 kB
Time pass: 180 sec

---2015-10-26 00:17:40
MemTotal:        1745540 kB
MemFree:          128832 kB
Buffers:            7880 kB
Cached:           285552 kB
SwapCached:        29444 kB
Active:           514292 kB
Inactive:         471360 kB
Active(anon):     347928 kB
Inactive(anon):   348328 kB
Active(file):     166364 kB
Inactive(file):   123032 kB
Unevictable:        3816 kB
Mlocked:               0 kB
HighTotal:       1217536 kB
HighFree:          48480 kB
LowTotal:         528004 kB
LowFree:           80352 kB
SwapTotal:       1310716 kB
SwapFree:         606636 kB
Dirty:              1416 kB
Writeback:             0 kB
AnonPages:        667744 kB
Mapped:           258700 kB
Shmem:               220 kB
Slab:              63200 kB
SReclaimable:      16120 kB
SUnreclaim:        47080 kB
KernelStack:       16560 kB
PageTables:        55212 kB
NFS_Unstable:          0 kB
Bounce:                0 kB
WritebackTmp:          0 kB
CommitLimit:     2183484 kB
Committed_AS:   130073884 kB
VmallocTotal:     311296 kB
VmallocUsed:       21052 kB
VmallocChunk:     151564 kB
Time pass: 183 sec

---2015-10-26 00:17:40
MemTotal:        1745540 kB
MemFree:          128748 kB
Buffers:            7880 kB
Cached:           285560 kB
SwapCached:        29444 kB
Active:           514512 kB
Inactive:         471364 kB
Active(anon):     348148 kB
Inactive(anon):   348324 kB
Active(file):     166364 kB
Inactive(file):   123040 kB
Unevictable:        3816 kB
Mlocked:               0 kB
HighTotal:       1217536 kB
HighFree:          48524 kB
LowTotal:         528004 kB
LowFree:           80224 kB
SwapTotal:       1310716 kB
SwapFree:         606636 kB
Dirty:               112 kB
Writeback:             0 kB
AnonPages:        667900 kB
Mapped:           258824 kB
Shmem:               220 kB
Slab:              63328 kB
SReclaimable:      16120 kB
SUnreclaim:        47208 kB
KernelStack:       16560 kB
PageTables:        55212 kB
NFS_Unstable:          0 kB
Bounce:                0 kB
WritebackTmp:          0 kB
CommitLimit:     2183484 kB
Committed_AS:   130073972 kB
VmallocTotal:     311296 kB
VmallocUsed:       21052 kB
VmallocChunk:     151564 kB
Time pass: 187 sec

---2015-10-26 00:17:40
MemTotal:        1745540 kB
MemFree:          115328 kB
Buffers:            7888 kB
Cached:           285908 kB
SwapCached:        29444 kB
Active:           516780 kB
Inactive:         471632 kB
Active(anon):     350412 kB
Inactive(anon):   348324 kB
Active(file):     166368 kB
Inactive(file):   123308 kB
Unevictable:        3816 kB
Mlocked:               0 kB
HighTotal:       1217536 kB
HighFree:          34904 kB
LowTotal:         528004 kB
LowFree:           80424 kB
SwapTotal:       1310716 kB
SwapFree:         606636 kB
Dirty:               428 kB
Writeback:             0 kB
AnonPages:        670200 kB
Mapped:           267416 kB
Shmem:               220 kB
Slab:              63232 kB
SReclaimable:      16120 kB
SUnreclaim:        47112 kB
KernelStack:       16560 kB
PageTables:        55208 kB
NFS_Unstable:          0 kB
Bounce:                0 kB
WritebackTmp:          0 kB
CommitLimit:     2183484 kB
Committed_AS:   130074116 kB
VmallocTotal:     311296 kB
VmallocUsed:       21068 kB
VmallocChunk:     151564 kB
Time pass: 191 sec

---2015-10-26 00:17:40
MemTotal:        1745540 kB
MemFree:          114492 kB
Buffers:            7888 kB
Cached:           285892 kB
SwapCached:        29444 kB
Active:           517148 kB
Inactive:         471668 kB
Active(anon):     350760 kB
Inactive(anon):   348312 kB
Active(file):     166388 kB
Inactive(file):   123356 kB
Unevictable:        3816 kB
Mlocked:               0 kB
HighTotal:       1217536 kB
HighFree:          34076 kB
LowTotal:         528004 kB
LowFree:           80416 kB
SwapTotal:       1310716 kB
SwapFree:         606640 kB
Dirty:                44 kB
Writeback:             0 kB
AnonPages:        670544 kB
Mapped:           268132 kB
Shmem:               220 kB
Slab:              63216 kB
SReclaimable:      16104 kB
SUnreclaim:        47112 kB
KernelStack:       16552 kB
PageTables:        55236 kB
NFS_Unstable:          0 kB
Bounce:                0 kB
WritebackTmp:          0 kB
CommitLimit:     2183484 kB
Committed_AS:   130074356 kB
VmallocTotal:     311296 kB
VmallocUsed:       21068 kB
VmallocChunk:     151564 kB
Time pass: 194 sec

---2015-10-26 00:17:40
MemTotal:        1745540 kB
MemFree:           88312 kB
Buffers:            7896 kB
Cached:           285896 kB
SwapCached:        29444 kB
Active:           524072 kB
Inactive:         471668 kB
Active(anon):     357684 kB
Inactive(anon):   348300 kB
Active(file):     166388 kB
Inactive(file):   123368 kB
Unevictable:        3816 kB
Mlocked:               0 kB
HighTotal:       1217536 kB
HighFree:          23972 kB
LowTotal:         528004 kB
LowFree:           64340 kB
SwapTotal:       1310716 kB
SwapFree:         606640 kB
Dirty:               568 kB
Writeback:             0 kB
AnonPages:        677428 kB
Mapped:           282728 kB
Shmem:               220 kB
Slab:              63152 kB
SReclaimable:      16104 kB
SUnreclaim:        47048 kB
KernelStack:       16560 kB
PageTables:        55284 kB
NFS_Unstable:          0 kB
Bounce:                0 kB
WritebackTmp:          0 kB
CommitLimit:     2183484 kB
Committed_AS:   130083028 kB
VmallocTotal:     311296 kB
VmallocUsed:       21152 kB
VmallocChunk:     151564 kB
Time pass: 198 sec

---2015-10-26 00:17:40
MemTotal:        1745540 kB
MemFree:           44632 kB
Buffers:            7844 kB
Cached:           283084 kB
SwapCached:        29476 kB
Active:           520444 kB
Inactive:         483068 kB
Active(anon):     354648 kB
Inactive(anon):   362048 kB
Active(file):     165796 kB
Inactive(file):   121020 kB
Unevictable:        3816 kB
Mlocked:               0 kB
HighTotal:       1217536 kB
HighFree:          20224 kB
LowTotal:         528004 kB
LowFree:           24408 kB
SwapTotal:       1310716 kB
SwapFree:         605912 kB
Dirty:                76 kB
Writeback:             0 kB
AnonPages:        688248 kB
Mapped:           285204 kB
Shmem:               220 kB
Slab:              63252 kB
SReclaimable:      16104 kB
SUnreclaim:        47148 kB
KernelStack:       16632 kB
PageTables:        55300 kB
NFS_Unstable:          0 kB
Bounce:                0 kB
WritebackTmp:          0 kB
CommitLimit:     2183484 kB
Committed_AS:   130123288 kB
VmallocTotal:     311296 kB
VmallocUsed:       21288 kB
VmallocChunk:     151564 kB
Time pass: 202 sec

---2015-10-26 00:17:40
MemTotal:        1745540 kB
MemFree:           43772 kB
Buffers:            7728 kB
Cached:           279280 kB
SwapCached:        29464 kB
Active:           523676 kB
Inactive:         481764 kB
Active(anon):     359228 kB
Inactive(anon):   363516 kB
Active(file):     164448 kB
Inactive(file):   118248 kB
Unevictable:        3816 kB
Mlocked:               0 kB
HighTotal:       1217536 kB
HighFree:          19716 kB
LowTotal:         528004 kB
LowFree:           24056 kB
SwapTotal:       1310716 kB
SwapFree:         603760 kB
Dirty:                76 kB
Writeback:             0 kB
AnonPages:        694304 kB
Mapped:           287736 kB
Shmem:               424 kB
Slab:              63240 kB
SReclaimable:      16120 kB
SUnreclaim:        47120 kB
KernelStack:       16880 kB
PageTables:        55932 kB
NFS_Unstable:          0 kB
Bounce:                0 kB
WritebackTmp:          0 kB
CommitLimit:     2183484 kB
Committed_AS:   131640208 kB
VmallocTotal:     311296 kB
VmallocUsed:       21288 kB
VmallocChunk:     151564 kB
Time pass: 205 sec

---2015-10-26 00:17:40
MemTotal:        1745540 kB
MemFree:           52196 kB
Buffers:            8756 kB
Cached:           263644 kB
SwapCached:        29396 kB
Active:           524996 kB
Inactive:         472792 kB
Active(anon):     366380 kB
Inactive(anon):   363264 kB
Active(file):     158616 kB
Inactive(file):   109528 kB
Unevictable:        3816 kB
Mlocked:               0 kB
HighTotal:       1217536 kB
HighFree:          20108 kB
LowTotal:         528004 kB
LowFree:           32088 kB
SwapTotal:       1310716 kB
SwapFree:         595324 kB
Dirty:               120 kB
Writeback:             0 kB
AnonPages:        700920 kB
Mapped:           289900 kB
Shmem:               436 kB
Slab:              63468 kB
SReclaimable:      16128 kB
SUnreclaim:        47340 kB
KernelStack:       17112 kB
PageTables:        56152 kB
NFS_Unstable:          0 kB
Bounce:                0 kB
WritebackTmp:          0 kB
CommitLimit:     2183484 kB
Committed_AS:   131666652 kB
VmallocTotal:     311296 kB
VmallocUsed:       21220 kB
VmallocChunk:     151564 kB
Time pass: 209 sec

---2015-10-26 00:17:40
MemTotal:        1745540 kB
MemFree:           49664 kB
Buffers:            8756 kB
Cached:           263968 kB
SwapCached:        29400 kB
Active:           526580 kB
Inactive:         473088 kB
Active(anon):     367928 kB
Inactive(anon):   363276 kB
Active(file):     158652 kB
Inactive(file):   109812 kB
Unevictable:        3816 kB
Mlocked:               0 kB
HighTotal:       1217536 kB
HighFree:          18712 kB
LowTotal:         528004 kB
LowFree:           30952 kB
SwapTotal:       1310716 kB
SwapFree:         595324 kB
Dirty:                 4 kB
Writeback:             0 kB
AnonPages:        702520 kB
Mapped:           290220 kB
Shmem:               444 kB
Slab:              63660 kB
SReclaimable:      16128 kB
SUnreclaim:        47532 kB
KernelStack:       17120 kB
PageTables:        56152 kB
NFS_Unstable:          0 kB
Bounce:                0 kB
WritebackTmp:          0 kB
CommitLimit:     2183484 kB
Committed_AS:   131667852 kB
VmallocTotal:     311296 kB
VmallocUsed:       21220 kB
VmallocChunk:     151564 kB
Time pass: 213 sec

---2015-10-26 00:17:40
MemTotal:        1745540 kB
MemFree:           47516 kB
Buffers:            8764 kB
Cached:           264000 kB
SwapCached:        29404 kB
Active:           528240 kB
Inactive:         473132 kB
Active(anon):     369588 kB
Inactive(anon):   363312 kB
Active(file):     158652 kB
Inactive(file):   109820 kB
Unevictable:        3816 kB
Mlocked:               0 kB
HighTotal:       1217536 kB
HighFree:          18624 kB
LowTotal:         528004 kB
LowFree:           28892 kB
SwapTotal:       1310716 kB
SwapFree:         595324 kB
Dirty:                28 kB
Writeback:             0 kB
AnonPages:        704132 kB
Mapped:           290380 kB
Shmem:               480 kB
Slab:              63644 kB
SReclaimable:      16128 kB
SUnreclaim:        47516 kB
KernelStack:       17112 kB
PageTables:        56152 kB
NFS_Unstable:          0 kB
Bounce:                0 kB
WritebackTmp:          0 kB
CommitLimit:     2183484 kB
Committed_AS:   131671028 kB
VmallocTotal:     311296 kB
VmallocUsed:       21220 kB
VmallocChunk:     151564 kB
Time pass: 216 sec

---2015-10-26 00:17:40
MemTotal:        1745540 kB
MemFree:           46092 kB
Buffers:            8780 kB
Cached:           264008 kB
SwapCached:        29404 kB
Active:           529072 kB
Inactive:         473156 kB
Active(anon):     370420 kB
Inactive(anon):   363320 kB
Active(file):     158652 kB
Inactive(file):   109836 kB
Unevictable:        3816 kB
Mlocked:               0 kB
HighTotal:       1217536 kB
HighFree:          18628 kB
LowTotal:         528004 kB
LowFree:           27464 kB
SwapTotal:       1310716 kB
SwapFree:         595324 kB
Dirty:                64 kB
Writeback:             0 kB
AnonPages:        705012 kB
Mapped:           290444 kB
Shmem:               484 kB
Slab:              63552 kB
SReclaimable:      16128 kB
SUnreclaim:        47424 kB
KernelStack:       17152 kB
PageTables:        56160 kB
NFS_Unstable:          0 kB
Bounce:                0 kB
WritebackTmp:          0 kB
CommitLimit:     2183484 kB
Committed_AS:   131671100 kB
VmallocTotal:     311296 kB
VmallocUsed:       21288 kB
VmallocChunk:     151564 kB
Time pass: 220 sec

---2015-10-26 00:17:40
MemTotal:        1745540 kB
MemFree:           56412 kB
Buffers:            8788 kB
Cached:           264008 kB
SwapCached:        29404 kB
Active:           530288 kB
Inactive:         462340 kB
Active(anon):     360828 kB
Inactive(anon):   363304 kB
Active(file):     169460 kB
Inactive(file):    99036 kB
Unevictable:        3816 kB
Mlocked:               0 kB
HighTotal:       1217536 kB
HighFree:          27344 kB
LowTotal:         528004 kB
LowFree:           29068 kB
SwapTotal:       1310716 kB
SwapFree:         595324 kB
Dirty:                40 kB
Writeback:             0 kB
AnonPages:        695584 kB
Mapped:           283936 kB
Shmem:               484 kB
Slab:              63612 kB
SReclaimable:      16128 kB
SUnreclaim:        47484 kB
KernelStack:       16824 kB
PageTables:        55548 kB
NFS_Unstable:          0 kB
Bounce:                0 kB
WritebackTmp:          0 kB
CommitLimit:     2183484 kB
Committed_AS:   130134440 kB
VmallocTotal:     311296 kB
VmallocUsed:       21288 kB
VmallocChunk:     151564 kB
Time pass: 224 sec

---2015-10-26 00:17:40
MemTotal:        1745540 kB
MemFree:           46432 kB
Buffers:            8788 kB
Cached:           262940 kB
SwapCached:        29364 kB
Active:           534116 kB
Inactive:         468328 kB
Active(anon):     367784 kB
Inactive(anon):   367268 kB
Active(file):     166332 kB
Inactive(file):   101060 kB
Unevictable:        3816 kB
Mlocked:               0 kB
HighTotal:       1217536 kB
HighFree:          20820 kB
LowTotal:         528004 kB
LowFree:           25612 kB
SwapTotal:       1310716 kB
SwapFree:         593284 kB
Dirty:                40 kB
Writeback:             0 kB
AnonPages:        706344 kB
Mapped:           290584 kB
Shmem:               520 kB
Slab:              63672 kB
SReclaimable:      16128 kB
SUnreclaim:        47544 kB
KernelStack:       17224 kB
PageTables:        56152 kB
NFS_Unstable:          0 kB
Bounce:                0 kB
WritebackTmp:          0 kB
CommitLimit:     2183484 kB
Committed_AS:   131670860 kB
VmallocTotal:     311296 kB
VmallocUsed:       22240 kB
VmallocChunk:     151564 kB
Time pass: 228 sec

---2015-10-26 00:17:40
MemTotal:        1745540 kB
MemFree:           48548 kB
Buffers:            8796 kB
Cached:           262940 kB
SwapCached:        29364 kB
Active:           531320 kB
Inactive:         468124 kB
Active(anon):     364804 kB
Inactive(anon):   367240 kB
Active(file):     166516 kB
Inactive(file):   100884 kB
Unevictable:        3816 kB
Mlocked:               0 kB
HighTotal:       1217536 kB
HighFree:          23248 kB
LowTotal:         528004 kB
LowFree:           25300 kB
SwapTotal:       1310716 kB
SwapFree:         593284 kB
Dirty:                92 kB
Writeback:             0 kB
AnonPages:        703396 kB
Mapped:           290636 kB
Shmem:               520 kB
Slab:              63852 kB
SReclaimable:      16128 kB
SUnreclaim:        47724 kB
KernelStack:       17168 kB
PageTables:        56176 kB
NFS_Unstable:          0 kB
Bounce:                0 kB
WritebackTmp:          0 kB
CommitLimit:     2183484 kB
Committed_AS:   131670940 kB
VmallocTotal:     311296 kB
VmallocUsed:       22240 kB
VmallocChunk:     151564 kB
Time pass: 231 sec

---2015-10-26 00:17:40
MemTotal:        1745540 kB
MemFree:           48168 kB
Buffers:            8796 kB
Cached:           262940 kB
SwapCached:        29364 kB
Active:           532184 kB
Inactive:         468112 kB
Active(anon):     365668 kB
Inactive(anon):   367228 kB
Active(file):     166516 kB
Inactive(file):   100884 kB
Unevictable:        3816 kB
Mlocked:               0 kB
HighTotal:       1217536 kB
HighFree:          22452 kB
LowTotal:         528004 kB
LowFree:           25716 kB
SwapTotal:       1310716 kB
SwapFree:         593284 kB
Dirty:                52 kB
Writeback:             0 kB
AnonPages:        704156 kB
Mapped:           290652 kB
Shmem:               520 kB
Slab:              63800 kB
SReclaimable:      16128 kB
SUnreclaim:        47672 kB
KernelStack:       17152 kB
PageTables:        56176 kB
NFS_Unstable:          0 kB
Bounce:                0 kB
WritebackTmp:          0 kB
CommitLimit:     2183484 kB
Committed_AS:   131672044 kB
VmallocTotal:     311296 kB
VmallocUsed:       22240 kB
VmallocChunk:     151564 kB
Time pass: 235 sec

---2015-10-26 00:17:40
MemTotal:        1745540 kB
MemFree:          219416 kB
Buffers:            9144 kB
Cached:           302728 kB
SwapCached:        22496 kB
Active:           513400 kB
Inactive:         350008 kB
Active(anon):     349456 kB
Inactive(anon):   206928 kB
Active(file):     163944 kB
Inactive(file):   143080 kB
Unevictable:        3816 kB
Mlocked:               0 kB
HighTotal:       1217536 kB
HighFree:         127556 kB
LowTotal:         528004 kB
LowFree:           91860 kB
SwapTotal:       1310716 kB
SwapFree:         762204 kB
Dirty:                68 kB
Writeback:             0 kB
AnonPages:        534464 kB
Mapped:           256372 kB
Shmem:              1072 kB
Slab:              63076 kB
SReclaimable:      16112 kB
SUnreclaim:        46964 kB
KernelStack:       12896 kB
PageTables:        37596 kB
NFS_Unstable:          0 kB
Bounce:                0 kB
WritebackTmp:          0 kB
CommitLimit:     2183484 kB
Committed_AS:   84889108 kB
VmallocTotal:     311296 kB
VmallocUsed:       18228 kB
VmallocChunk:     151564 kB
Time pass: 239 sec

---2015-10-26 00:17:40
MemTotal:        1745540 kB
MemFree:           66504 kB
Buffers:            5824 kB
Cached:           370024 kB
SwapCached:        22908 kB
Active:           495964 kB
Inactive:         512476 kB
Active(anon):     322512 kB
Inactive(anon):   316420 kB
Active(file):     173452 kB
Inactive(file):   196056 kB
Unevictable:        3816 kB
Mlocked:               0 kB
HighTotal:       1217536 kB
HighFree:          34676 kB
LowTotal:         528004 kB
LowFree:           31828 kB
SwapTotal:       1310716 kB
SwapFree:         757072 kB
Dirty:               164 kB
Writeback:             0 kB
AnonPages:        615048 kB
Mapped:           271104 kB
Shmem:              2260 kB
Slab:              63092 kB
SReclaimable:      16112 kB
SUnreclaim:        46980 kB
KernelStack:       14160 kB
PageTables:        45092 kB
NFS_Unstable:          0 kB
Bounce:                0 kB
WritebackTmp:          0 kB
CommitLimit:     2183484 kB
Committed_AS:   106153604 kB
VmallocTotal:     311296 kB
VmallocUsed:       17140 kB
VmallocChunk:     151564 kB
Time pass: 242 sec

---2015-10-26 00:17:40
MemTotal:        1745540 kB
MemFree:           54752 kB
Buffers:            5900 kB
Cached:           375972 kB
SwapCached:        23240 kB
Active:           502680 kB
Inactive:         517772 kB
Active(anon):     328232 kB
Inactive(anon):   316428 kB
Active(file):     174448 kB
Inactive(file):   201344 kB
Unevictable:        3816 kB
Mlocked:               0 kB
HighTotal:       1217536 kB
HighFree:          26032 kB
LowTotal:         528004 kB
LowFree:           28720 kB
SwapTotal:       1310716 kB
SwapFree:         758476 kB
Dirty:               204 kB
Writeback:             0 kB
AnonPages:        620676 kB
Mapped:           278704 kB
Shmem:              2264 kB
Slab:              63052 kB
SReclaimable:      16108 kB
SUnreclaim:        46944 kB
KernelStack:       14376 kB
PageTables:        45924 kB
NFS_Unstable:          0 kB
Bounce:                0 kB
WritebackTmp:          0 kB
CommitLimit:     2183484 kB
Committed_AS:   107694648 kB
VmallocTotal:     311296 kB
VmallocUsed:       17208 kB
VmallocChunk:     151564 kB
Time pass: 246 sec

---2015-10-26 00:17:40
MemTotal:        1745540 kB
MemFree:           60424 kB
Buffers:            5908 kB
Cached:           376048 kB
SwapCached:        23240 kB
Active:           499612 kB
Inactive:         515100 kB
Active(anon):     325160 kB
Inactive(anon):   313752 kB
Active(file):     174452 kB
Inactive(file):   201348 kB
Unevictable:        3816 kB
Mlocked:               0 kB
HighTotal:       1217536 kB
HighFree:          29984 kB
LowTotal:         528004 kB
LowFree:           30440 kB
SwapTotal:       1310716 kB
SwapFree:         758484 kB
Dirty:                88 kB
Writeback:             0 kB
AnonPages:        614876 kB
Mapped:           278852 kB
Shmem:              2340 kB
Slab:              62888 kB
SReclaimable:      16108 kB
SUnreclaim:        46780 kB
KernelStack:       14384 kB
PageTables:        46096 kB
NFS_Unstable:          0 kB
Bounce:                0 kB
WritebackTmp:          0 kB
CommitLimit:     2183484 kB
Committed_AS:   107699392 kB
VmallocTotal:     311296 kB
VmallocUsed:       17072 kB
VmallocChunk:     151564 kB
Time pass: 249 sec

---2015-10-26 00:17:40
MemTotal:        1745540 kB
MemFree:           58200 kB
Buffers:            5908 kB
Cached:           376052 kB
SwapCached:        23240 kB
Active:           501168 kB
Inactive:         514968 kB
Active(anon):     326716 kB
Inactive(anon):   313620 kB
Active(file):     174452 kB
Inactive(file):   201348 kB
Unevictable:        3816 kB
Mlocked:               0 kB
HighTotal:       1217536 kB
HighFree:          28336 kB
LowTotal:         528004 kB
LowFree:           29864 kB
SwapTotal:       1310716 kB
SwapFree:         758500 kB
Dirty:                 0 kB
Writeback:             0 kB
AnonPages:        616456 kB
Mapped:           278928 kB
Shmem:              2344 kB
Slab:              62856 kB
SReclaimable:      16108 kB
SUnreclaim:        46748 kB
KernelStack:       14480 kB
PageTables:        46096 kB
NFS_Unstable:          0 kB
Bounce:                0 kB
WritebackTmp:          0 kB
CommitLimit:     2183484 kB
Committed_AS:   107700616 kB
VmallocTotal:     311296 kB
VmallocUsed:       17208 kB
VmallocChunk:     151564 kB
Time pass: 253 sec

---2015-10-26 00:17:40
MemTotal:        1745540 kB
MemFree:           58352 kB
Buffers:            5940 kB
Cached:           376036 kB
SwapCached:        23240 kB
Active:           501892 kB
Inactive:         514980 kB
Active(anon):     327440 kB
Inactive(anon):   313616 kB
Active(file):     174452 kB
Inactive(file):   201364 kB
Unevictable:        3816 kB
Mlocked:               0 kB
HighTotal:       1217536 kB
HighFree:          27976 kB
LowTotal:         528004 kB
LowFree:           30376 kB
SwapTotal:       1310716 kB
SwapFree:         758504 kB
Dirty:                16 kB
Writeback:             0 kB
AnonPages:        617168 kB
Mapped:           278748 kB
Shmem:              2344 kB
Slab:              62988 kB
SReclaimable:      16108 kB
SUnreclaim:        46880 kB
KernelStack:       14432 kB
PageTables:        46096 kB
NFS_Unstable:          0 kB
Bounce:                0 kB
WritebackTmp:          0 kB
CommitLimit:     2183484 kB
Committed_AS:   107701696 kB
VmallocTotal:     311296 kB
VmallocUsed:       17140 kB
VmallocChunk:     151564 kB
Time pass: 256 sec

---2015-10-26 00:17:40
MemTotal:        1745540 kB
MemFree:           67892 kB
Buffers:            5940 kB
Cached:           376052 kB
SwapCached:        23240 kB
Active:           493340 kB
Inactive:         513136 kB
Active(anon):     317116 kB
Inactive(anon):   313528 kB
Active(file):     176224 kB
Inactive(file):   199608 kB
Unevictable:        3816 kB
Mlocked:               0 kB
HighTotal:       1217536 kB
HighFree:          37072 kB
LowTotal:         528004 kB
LowFree:           30820 kB
SwapTotal:       1310716 kB
SwapFree:         758504 kB
Dirty:                52 kB
Writeback:             0 kB
AnonPages:        606764 kB
Mapped:           272372 kB
Shmem:              2344 kB
Slab:              62956 kB
SReclaimable:      16108 kB
SUnreclaim:        46848 kB
KernelStack:       14096 kB
PageTables:        45488 kB
NFS_Unstable:          0 kB
Bounce:                0 kB
WritebackTmp:          0 kB
CommitLimit:     2183484 kB
Committed_AS:   106165196 kB
VmallocTotal:     311296 kB
VmallocUsed:       17208 kB
VmallocChunk:     151564 kB
Time pass: 260 sec

---2015-10-26 00:17:40
MemTotal:        1745540 kB
MemFree:           59320 kB
Buffers:            5948 kB
Cached:           376084 kB
SwapCached:        23240 kB
Active:           501984 kB
Inactive:         513172 kB
Active(anon):     325760 kB
Inactive(anon):   313556 kB
Active(file):     176224 kB
Inactive(file):   199616 kB
Unevictable:        3816 kB
Mlocked:               0 kB
HighTotal:       1217536 kB
HighFree:          29008 kB
LowTotal:         528004 kB
LowFree:           30312 kB
SwapTotal:       1310716 kB
SwapFree:         758516 kB
Dirty:                40 kB
Writeback:             0 kB
AnonPages:        615268 kB
Mapped:           278136 kB
Shmem:              2376 kB
Slab:              62952 kB
SReclaimable:      16108 kB
SUnreclaim:        46844 kB
KernelStack:       14256 kB
PageTables:        46032 kB
NFS_Unstable:          0 kB
Bounce:                0 kB
WritebackTmp:          0 kB
CommitLimit:     2183484 kB
Committed_AS:   107700256 kB
VmallocTotal:     311296 kB
VmallocUsed:       17208 kB
VmallocChunk:     151564 kB
Time pass: 263 sec

---2015-10-26 00:17:40
MemTotal:        1745540 kB
MemFree:           54428 kB
Buffers:            5948 kB
Cached:           376272 kB
SwapCached:        23240 kB
Active:           506460 kB
Inactive:         513300 kB
Active(anon):     330232 kB
Inactive(anon):   313500 kB
Active(file):     176228 kB
Inactive(file):   199800 kB
Unevictable:        3816 kB
Mlocked:               0 kB
HighTotal:       1217536 kB
HighFree:          24128 kB
LowTotal:         528004 kB
LowFree:           30300 kB
SwapTotal:       1310716 kB
SwapFree:         758516 kB
Dirty:                36 kB
Writeback:             0 kB
AnonPages:        619716 kB
Mapped:           278932 kB
Shmem:              2376 kB
Slab:              63012 kB
SReclaimable:      16108 kB
SUnreclaim:        46904 kB
KernelStack:       14440 kB
PageTables:        46104 kB
NFS_Unstable:          0 kB
Bounce:                0 kB
WritebackTmp:          0 kB
CommitLimit:     2183484 kB
Committed_AS:   107705008 kB
VmallocTotal:     311296 kB
VmallocUsed:       17140 kB
VmallocChunk:     151564 kB
Time pass: 267 sec

---2015-10-26 00:17:40
MemTotal:        1745540 kB
MemFree:           58052 kB
Buffers:            5956 kB
Cached:           376272 kB
SwapCached:        23240 kB
Active:           502648 kB
Inactive:         513260 kB
Active(anon):     326420 kB
Inactive(anon):   313452 kB
Active(file):     176228 kB
Inactive(file):   199808 kB
Unevictable:        3816 kB
Mlocked:               0 kB
HighTotal:       1217536 kB
HighFree:          27524 kB
LowTotal:         528004 kB
LowFree:           30528 kB
SwapTotal:       1310716 kB
SwapFree:         758516 kB
Dirty:                52 kB
Writeback:             0 kB
AnonPages:        615864 kB
Mapped:           278944 kB
Shmem:              2376 kB
Slab:              63112 kB
SReclaimable:      16108 kB
SUnreclaim:        47004 kB
KernelStack:       14440 kB
PageTables:        46104 kB
NFS_Unstable:          0 kB
Bounce:                0 kB
WritebackTmp:          0 kB
CommitLimit:     2183484 kB
Committed_AS:   107705088 kB
VmallocTotal:     311296 kB
VmallocUsed:       17140 kB
VmallocChunk:     151564 kB
Time pass: 271 sec

---2015-10-26 00:17:40
MemTotal:        1745540 kB
MemFree:           59056 kB
Buffers:            5972 kB
Cached:           376276 kB
SwapCached:        23240 kB
Active:           502224 kB
Inactive:         513272 kB
Active(anon):     325992 kB
Inactive(anon):   313448 kB
Active(file):     176232 kB
Inactive(file):   199824 kB
Unevictable:        3816 kB
Mlocked:               0 kB
HighTotal:       1217536 kB
HighFree:          28044 kB
LowTotal:         528004 kB
LowFree:           31012 kB
SwapTotal:       1310716 kB
SwapFree:         758516 kB
Dirty:                84 kB
Writeback:             0 kB
AnonPages:        615408 kB
Mapped:           278820 kB
Shmem:              2376 kB
Slab:              63116 kB
SReclaimable:      16108 kB
SUnreclaim:        47008 kB
KernelStack:       14440 kB
PageTables:        46104 kB
NFS_Unstable:          0 kB
Bounce:                0 kB
WritebackTmp:          0 kB
CommitLimit:     2183484 kB
Committed_AS:   107705260 kB
VmallocTotal:     311296 kB
VmallocUsed:       17140 kB
VmallocChunk:     151564 kB
Time pass: 274 sec

---2015-10-26 00:17:40
MemTotal:        1745540 kB
MemFree:           58508 kB
Buffers:            5988 kB
Cached:           376268 kB
SwapCached:        23240 kB
Active:           502524 kB
Inactive:         513272 kB
Active(anon):     326292 kB
Inactive(anon):   313448 kB
Active(file):     176232 kB
Inactive(file):   199824 kB
Unevictable:        3816 kB
Mlocked:               0 kB
HighTotal:       1217536 kB
HighFree:          27668 kB
LowTotal:         528004 kB
LowFree:           30840 kB
SwapTotal:       1310716 kB
SwapFree:         758516 kB
Dirty:                 4 kB
Writeback:             0 kB
AnonPages:        615748 kB
Mapped:           279004 kB
Shmem:              2376 kB
Slab:              63116 kB
SReclaimable:      16108 kB
SUnreclaim:        47008 kB
KernelStack:       14440 kB
PageTables:        46108 kB
NFS_Unstable:          0 kB
Bounce:                0 kB
WritebackTmp:          0 kB
CommitLimit:     2183484 kB
Committed_AS:   107706344 kB
VmallocTotal:     311296 kB
VmallocUsed:       17208 kB
VmallocChunk:     151564 kB
Time pass: 278 sec

---2015-10-26 00:17:40
MemTotal:        1745540 kB
MemFree:           70308 kB
Buffers:            5988 kB
Cached:           376276 kB
SwapCached:        23252 kB
Active:           491224 kB
Inactive:         513200 kB
Active(anon):     314992 kB
Inactive(anon):   313360 kB
Active(file):     176232 kB
Inactive(file):   199840 kB
Unevictable:        3816 kB
Mlocked:               0 kB
HighTotal:       1217536 kB
HighFree:          38708 kB
LowTotal:         528004 kB
LowFree:           31600 kB
SwapTotal:       1310716 kB
SwapFree:         758516 kB
Dirty:                36 kB
Writeback:             0 kB
AnonPages:        604604 kB
Mapped:           272448 kB
Shmem:              2376 kB
Slab:              63152 kB
SReclaimable:      16108 kB
SUnreclaim:        47044 kB
KernelStack:       14096 kB
PageTables:        45492 kB
NFS_Unstable:          0 kB
Bounce:                0 kB
WritebackTmp:          0 kB
CommitLimit:     2183484 kB
Committed_AS:   106168556 kB
VmallocTotal:     311296 kB
VmallocUsed:       17208 kB
VmallocChunk:     151564 kB
Time pass: 282 sec

---2015-10-26 00:17:40
MemTotal:        1745540 kB
MemFree:           55880 kB
Buffers:            6008 kB
Cached:           376264 kB
SwapCached:        23260 kB
Active:           505408 kB
Inactive:         513216 kB
Active(anon):     329176 kB
Inactive(anon):   313368 kB
Active(file):     176232 kB
Inactive(file):   199848 kB
Unevictable:        3816 kB
Mlocked:               0 kB
HighTotal:       1217536 kB
HighFree:          24872 kB
LowTotal:         528004 kB
LowFree:           31008 kB
SwapTotal:       1310716 kB
SwapFree:         758532 kB
Dirty:                48 kB
Writeback:             0 kB
AnonPages:        618548 kB
Mapped:           278808 kB
Shmem:              2376 kB
Slab:              63184 kB
SReclaimable:      16108 kB
SUnreclaim:        47076 kB
KernelStack:       14424 kB
PageTables:        46096 kB
NFS_Unstable:          0 kB
Bounce:                0 kB
WritebackTmp:          0 kB
CommitLimit:     2183484 kB
Committed_AS:   107705456 kB
VmallocTotal:     311296 kB
VmallocUsed:       17140 kB
VmallocChunk:     151564 kB
Time pass: 285 sec

---2015-10-26 00:17:40
MemTotal:        1745540 kB
MemFree:           55888 kB
Buffers:            6008 kB
Cached:           376312 kB
SwapCached:        23260 kB
Active:           505676 kB
Inactive:         513252 kB
Active(anon):     329440 kB
Inactive(anon):   313360 kB
Active(file):     176236 kB
Inactive(file):   199892 kB
Unevictable:        3816 kB
Mlocked:               0 kB
HighTotal:       1217536 kB
HighFree:          24308 kB
LowTotal:         528004 kB
LowFree:           31580 kB
SwapTotal:       1310716 kB
SwapFree:         758532 kB
Dirty:                 0 kB
Writeback:             0 kB
AnonPages:        618744 kB
Mapped:           278808 kB
Shmem:              2376 kB
Slab:              63120 kB
SReclaimable:      16108 kB
SUnreclaim:        47012 kB
KernelStack:       14440 kB
PageTables:        46096 kB
NFS_Unstable:          0 kB
Bounce:                0 kB
WritebackTmp:          0 kB
CommitLimit:     2183484 kB
Committed_AS:   107705496 kB
VmallocTotal:     311296 kB
VmallocUsed:       17140 kB
VmallocChunk:     151564 kB
Time pass: 289 sec

---2015-10-26 00:17:40
MemTotal:        1745540 kB
MemFree:           55420 kB
Buffers:            6032 kB
Cached:           376312 kB
SwapCached:        23264 kB
Active:           506036 kB
Inactive:         513264 kB
Active(anon):     329800 kB
Inactive(anon):   313348 kB
Active(file):     176236 kB
Inactive(file):   199916 kB
Unevictable:        3816 kB
Mlocked:               0 kB
HighTotal:       1217536 kB
HighFree:          23504 kB
LowTotal:         528004 kB
LowFree:           31916 kB
SwapTotal:       1310716 kB
SwapFree:         758536 kB
Dirty:                80 kB
Writeback:            24 kB
AnonPages:        619084 kB
Mapped:           279004 kB
Shmem:              2376 kB
Slab:              62960 kB
SReclaimable:      16108 kB
SUnreclaim:        46852 kB
KernelStack:       14464 kB
PageTables:        46096 kB
NFS_Unstable:          0 kB
Bounce:                0 kB
WritebackTmp:          0 kB
CommitLimit:     2183484 kB
Committed_AS:   107705712 kB
VmallocTotal:     311296 kB
VmallocUsed:       17208 kB
VmallocChunk:     151564 kB
Time pass: 293 sec

---2015-10-26 00:17:40
MemTotal:        1745540 kB
MemFree:           55076 kB
Buffers:            6060 kB
Cached:           376312 kB
SwapCached:        23264 kB
Active:           506384 kB
Inactive:         513292 kB
Active(anon):     330148 kB
Inactive(anon):   313348 kB
Active(file):     176236 kB
Inactive(file):   199944 kB
Unevictable:        3816 kB
Mlocked:               0 kB
HighTotal:       1217536 kB
HighFree:          23316 kB
LowTotal:         528004 kB
LowFree:           31760 kB
SwapTotal:       1310716 kB
SwapFree:         758536 kB
Dirty:                 4 kB
Writeback:            20 kB
AnonPages:        619608 kB
Mapped:           279004 kB
Shmem:              2376 kB
Slab:              62988 kB
SReclaimable:      16108 kB
SUnreclaim:        46880 kB
KernelStack:       14432 kB
PageTables:        46096 kB
NFS_Unstable:          0 kB
Bounce:                0 kB
WritebackTmp:          0 kB
CommitLimit:     2183484 kB
Committed_AS:   107706312 kB
VmallocTotal:     311296 kB
VmallocUsed:       17208 kB
VmallocChunk:     151564 kB
Time pass: 296 sec

---2015-10-26 00:17:40
MemTotal:        1745540 kB
MemFree:           64552 kB
Buffers:            6068 kB
Cached:           376304 kB
SwapCached:        23264 kB
Active:           496556 kB
Inactive:         513292 kB
Active(anon):     320320 kB
Inactive(anon):   313348 kB
Active(file):     176236 kB
Inactive(file):   199944 kB
Unevictable:        3816 kB
Mlocked:               0 kB
HighTotal:       1217536 kB
HighFree:          31900 kB
LowTotal:         528004 kB
LowFree:           32652 kB
SwapTotal:       1310716 kB
SwapFree:         758536 kB
Dirty:                 4 kB
Writeback:             0 kB
AnonPages:        609624 kB
Mapped:           272448 kB
Shmem:              2376 kB
Slab:              63088 kB
SReclaimable:      16108 kB
SUnreclaim:        46980 kB
KernelStack:       14112 kB
PageTables:        45492 kB
NFS_Unstable:          0 kB
Bounce:                0 kB
WritebackTmp:          0 kB
CommitLimit:     2183484 kB
Committed_AS:   106169736 kB
VmallocTotal:     311296 kB
VmallocUsed:       17208 kB
VmallocChunk:     151564 kB
Time pass: 300 sec

---2015-10-26 00:17:40
MemTotal:        1745540 kB
MemFree:           50268 kB
Buffers:            6068 kB
Cached:           376352 kB
SwapCached:        23260 kB
Active:           510700 kB
Inactive:         513344 kB
Active(anon):     334460 kB
Inactive(anon):   313396 kB
Active(file):     176240 kB
Inactive(file):   199948 kB
Unevictable:        3816 kB
Mlocked:               0 kB
HighTotal:       1217536 kB
HighFree:          18692 kB
LowTotal:         528004 kB
LowFree:           31576 kB
SwapTotal:       1310716 kB
SwapFree:         758548 kB
Dirty:                64 kB
Writeback:             0 kB
AnonPages:        624008 kB
Mapped:           278828 kB
Shmem:              2416 kB
Slab:              63152 kB
SReclaimable:      16108 kB
SUnreclaim:        47044 kB
KernelStack:       14472 kB
PageTables:        46080 kB
NFS_Unstable:          0 kB
Bounce:                0 kB
WritebackTmp:          0 kB
CommitLimit:     2183484 kB
Committed_AS:   107707392 kB
VmallocTotal:     311296 kB
VmallocUsed:       18228 kB
VmallocChunk:     151564 kB
Time pass: 304 sec

---2015-10-26 00:17:40
MemTotal:        1745540 kB
MemFree:           49868 kB
Buffers:            6076 kB
Cached:           376352 kB
SwapCached:        23260 kB
Active:           510672 kB
Inactive:         513356 kB
Active(anon):     334436 kB
Inactive(anon):   313396 kB
Active(file):     176236 kB
Inactive(file):   199960 kB
Unevictable:        3816 kB
Mlocked:               0 kB
HighTotal:       1217536 kB
HighFree:          18536 kB
LowTotal:         528004 kB
LowFree:           31332 kB
SwapTotal:       1310716 kB
SwapFree:         758548 kB
Dirty:                28 kB
Writeback:             0 kB
AnonPages:        623740 kB
Mapped:           278848 kB
Shmem:              2416 kB
Slab:              63120 kB
SReclaimable:      16108 kB
SUnreclaim:        47012 kB
KernelStack:       14440 kB
PageTables:        46104 kB
NFS_Unstable:          0 kB
Bounce:                0 kB
WritebackTmp:          0 kB
CommitLimit:     2183484 kB
Committed_AS:   107707592 kB
VmallocTotal:     311296 kB
VmallocUsed:       18160 kB
VmallocChunk:     151564 kB
Time pass: 307 sec

---2015-10-26 00:17:40
MemTotal:        1745540 kB
MemFree:           49500 kB
Buffers:            6092 kB
Cached:           376352 kB
SwapCached:        23260 kB
Active:           511052 kB
Inactive:         513372 kB
Active(anon):     334816 kB
Inactive(anon):   313396 kB
Active(file):     176236 kB
Inactive(file):   199976 kB
Unevictable:        3816 kB
Mlocked:               0 kB
HighTotal:       1217536 kB
HighFree:          18604 kB
LowTotal:         528004 kB
LowFree:           30896 kB
SwapTotal:       1310716 kB
SwapFree:         758548 kB
Dirty:                 0 kB
Writeback:             0 kB
AnonPages:        624196 kB
Mapped:           278984 kB
Shmem:              2416 kB
Slab:              63120 kB
SReclaimable:      16108 kB
SUnreclaim:        47012 kB
KernelStack:       14440 kB
PageTables:        46108 kB
NFS_Unstable:          0 kB
Bounce:                0 kB
WritebackTmp:          0 kB
CommitLimit:     2183484 kB
Committed_AS:   107708688 kB
VmallocTotal:     311296 kB
VmallocUsed:       18160 kB
VmallocChunk:     151564 kB
Time pass: 311 sec

---2015-10-26 00:17:40
MemTotal:        1745540 kB
MemFree:           49372 kB
Buffers:            6108 kB
Cached:           376336 kB
SwapCached:        23260 kB
Active:           511852 kB
Inactive:         513372 kB
Active(anon):     335616 kB
Inactive(anon):   313396 kB
Active(file):     176236 kB
Inactive(file):   199976 kB
Unevictable:        3816 kB
Mlocked:               0 kB
HighTotal:       1217536 kB
HighFree:          18544 kB
LowTotal:         528004 kB
LowFree:           30828 kB
SwapTotal:       1310716 kB
SwapFree:         758552 kB
Dirty:                 0 kB
Writeback:             0 kB
AnonPages:        624968 kB
Mapped:           278860 kB
Shmem:              2416 kB
Slab:              63088 kB
SReclaimable:      16108 kB
SUnreclaim:        46980 kB
KernelStack:       14440 kB
PageTables:        46108 kB
NFS_Unstable:          0 kB
Bounce:                0 kB
WritebackTmp:          0 kB
CommitLimit:     2183484 kB
Committed_AS:   107708872 kB
VmallocTotal:     311296 kB
VmallocUsed:       18160 kB
VmallocChunk:     151564 kB
Time pass: 315 sec

---2015-10-26 00:17:40
MemTotal:        1745540 kB
MemFree:           59604 kB
Buffers:            7644 kB
Cached:           376352 kB
SwapCached:        23260 kB
Active:           501436 kB
Inactive:         514924 kB
Active(anon):     325200 kB
Inactive(anon):   313396 kB
Active(file):     176236 kB
Inactive(file):   201528 kB
Unevictable:        3816 kB
Mlocked:               0 kB
HighTotal:       1217536 kB
HighFree:          29492 kB
LowTotal:         528004 kB
LowFree:           30112 kB
SwapTotal:       1310716 kB
SwapFree:         758560 kB
Dirty:                40 kB
Writeback:             0 kB
AnonPages:        614412 kB
Mapped:           272428 kB
Shmem:              2416 kB
Slab:              63120 kB
SReclaimable:      16108 kB
SUnreclaim:        47012 kB
KernelStack:       14112 kB
PageTables:        45500 kB
NFS_Unstable:          0 kB
Bounce:                0 kB
WritebackTmp:          0 kB
CommitLimit:     2183484 kB
Committed_AS:   106172452 kB
VmallocTotal:     311296 kB
VmallocUsed:       17140 kB
VmallocChunk:     151564 kB
Time pass: 318 sec

---2015-10-26 00:17:40
MemTotal:        1745540 kB
MemFree:           45536 kB
Buffers:            7652 kB
Cached:           376352 kB
SwapCached:        23260 kB
Active:           514216 kB
Inactive:         514924 kB
Active(anon):     337980 kB
Inactive(anon):   313388 kB
Active(file):     176236 kB
Inactive(file):   201536 kB
Unevictable:        3816 kB
Mlocked:               0 kB
HighTotal:       1217536 kB
HighFree:          18532 kB
LowTotal:         528004 kB
LowFree:           27004 kB
SwapTotal:       1310716 kB
SwapFree:         758560 kB
Dirty:                72 kB
Writeback:             0 kB
AnonPages:        627448 kB
Mapped:           278616 kB
Shmem:              2416 kB
Slab:              63088 kB
SReclaimable:      16108 kB
SUnreclaim:        46980 kB
KernelStack:       14448 kB
PageTables:        46088 kB
NFS_Unstable:          0 kB
Bounce:                0 kB
WritebackTmp:          0 kB
CommitLimit:     2183484 kB
Committed_AS:   107707104 kB
VmallocTotal:     311296 kB
VmallocUsed:       18228 kB
VmallocChunk:     151564 kB
Time pass: 322 sec

---2015-10-26 00:17:40
MemTotal:        1745540 kB
MemFree:           62964 kB
Buffers:            7620 kB
Cached:           372520 kB
SwapCached:        23340 kB
Active:           492048 kB
Inactive:         519180 kB
Active(anon):     318324 kB
Inactive(anon):   319020 kB
Active(file):     173724 kB
Inactive(file):   200160 kB
Unevictable:        3816 kB
Mlocked:               0 kB
HighTotal:       1217536 kB
HighFree:          37060 kB
LowTotal:         528004 kB
LowFree:           25904 kB
SwapTotal:       1310716 kB
SwapFree:         756844 kB
Dirty:               120 kB
Writeback:             0 kB
AnonPages:        613220 kB
Mapped:           278960 kB
Shmem:              2440 kB
Slab:              63028 kB
SReclaimable:      16108 kB
SUnreclaim:        46920 kB
KernelStack:       14472 kB
PageTables:        46092 kB
NFS_Unstable:          0 kB
Bounce:                0 kB
WritebackTmp:          0 kB
CommitLimit:     2183484 kB
Committed_AS:   107682120 kB
VmallocTotal:     311296 kB
VmallocUsed:       18228 kB
VmallocChunk:     151564 kB
Time pass: 325 sec

---2015-10-26 00:17:40
MemTotal:        1745540 kB
MemFree:           70052 kB
Buffers:            7620 kB
Cached:           372596 kB
SwapCached:        23340 kB
Active:           485496 kB
Inactive:         518684 kB
Active(anon):     311772 kB
Inactive(anon):   318524 kB
Active(file):     173724 kB
Inactive(file):   200160 kB
Unevictable:        3816 kB
Mlocked:               0 kB
HighTotal:       1217536 kB
HighFree:          42788 kB
LowTotal:         528004 kB
LowFree:           27264 kB
SwapTotal:       1310716 kB
SwapFree:         756844 kB
Dirty:                 0 kB
Writeback:             0 kB
AnonPages:        606140 kB
Mapped:           279004 kB
Shmem:              2516 kB
Slab:              63124 kB
SReclaimable:      16108 kB
SUnreclaim:        47016 kB
KernelStack:       14432 kB
PageTables:        46092 kB
NFS_Unstable:          0 kB
Bounce:                0 kB
WritebackTmp:          0 kB
CommitLimit:     2183484 kB
Committed_AS:   107682176 kB
VmallocTotal:     311296 kB
VmallocUsed:       18160 kB
VmallocChunk:     151564 kB
Time pass: 329 sec

---2015-10-26 00:17:40
MemTotal:        1745540 kB
MemFree:           70876 kB
Buffers:            7636 kB
Cached:           372596 kB
SwapCached:        23340 kB
Active:           484480 kB
Inactive:         518720 kB
Active(anon):     310756 kB
Inactive(anon):   318544 kB
Active(file):     173724 kB
Inactive(file):   200176 kB
Unevictable:        3816 kB
Mlocked:               0 kB
HighTotal:       1217536 kB
HighFree:          43548 kB
LowTotal:         528004 kB
LowFree:           27328 kB
SwapTotal:       1310716 kB
SwapFree:         756852 kB
Dirty:                52 kB
Writeback:             4 kB
AnonPages:        605232 kB
Mapped:           279064 kB
Shmem:              2516 kB
Slab:              63028 kB
SReclaimable:      16108 kB
SUnreclaim:        46920 kB
KernelStack:       14416 kB
PageTables:        46092 kB
NFS_Unstable:          0 kB
Bounce:                0 kB
WritebackTmp:          0 kB
CommitLimit:     2183484 kB
Committed_AS:   107682256 kB
VmallocTotal:     311296 kB
VmallocUsed:       18228 kB
VmallocChunk:     151564 kB
Time pass: 333 sec

---2015-10-26 00:17:40
MemTotal:        1745540 kB
MemFree:           82252 kB
Buffers:            7636 kB
Cached:           372596 kB
SwapCached:        23340 kB
Active:           474360 kB
Inactive:         518716 kB
Active(anon):     300636 kB
Inactive(anon):   318540 kB
Active(file):     173724 kB
Inactive(file):   200176 kB
Unevictable:        3816 kB
Mlocked:               0 kB
HighTotal:       1217536 kB
HighFree:          51536 kB
LowTotal:         528004 kB
LowFree:           30716 kB
SwapTotal:       1310716 kB
SwapFree:         756852 kB
Dirty:                 0 kB
Writeback:             0 kB
AnonPages:        594912 kB
Mapped:           272308 kB
Shmem:              2516 kB
Slab:              63028 kB
SReclaimable:      16108 kB
SUnreclaim:        46920 kB
KernelStack:       14416 kB
PageTables:        45500 kB
NFS_Unstable:          0 kB
Bounce:                0 kB
WritebackTmp:          0 kB
CommitLimit:     2183484 kB
Committed_AS:   106145052 kB
VmallocTotal:     311296 kB
VmallocUsed:       17208 kB
VmallocChunk:     151564 kB
Time pass: 336 sec

---2015-10-26 00:17:40
MemTotal:        1745540 kB
MemFree:           79712 kB
Buffers:            7636 kB
Cached:           372596 kB
SwapCached:        23340 kB
Active:           477488 kB
Inactive:         518692 kB
Active(anon):     303760 kB
Inactive(anon):   318520 kB
Active(file):     173728 kB
Inactive(file):   200172 kB
Unevictable:        3816 kB
Mlocked:               0 kB
HighTotal:       1217536 kB
HighFree:          48928 kB
LowTotal:         528004 kB
LowFree:           30784 kB
SwapTotal:       1310716 kB
SwapFree:         756852 kB
Dirty:                 4 kB
Writeback:             0 kB
AnonPages:        598228 kB
Mapped:           275132 kB
