---2015-12-04 23:55:29
MemTotal:        2582696 kB
MemFree:          109052 kB
Buffers:           18104 kB
Cached:          1272568 kB
SwapCached:            0 kB
Active:          1054708 kB
Inactive:         980124 kB
Active(anon):     599336 kB
Inactive(anon):   185776 kB
Active(file):     455372 kB
Inactive(file):   794348 kB
Unevictable:        2968 kB
Mlocked:               0 kB
SwapTotal:        524284 kB
SwapFree:         524284 kB
Dirty:               316 kB
Writeback:             0 kB
AnonPages:        747052 kB
Mapped:           414104 kB
Shmem:             37984 kB
Slab:             100556 kB
SReclaimable:      31276 kB
SUnreclaim:        69280 kB
KernelStack:       37152 kB
PageTables:        39056 kB
NFS_Unstable:          0 kB
Bounce:                0 kB
WritebackTmp:          0 kB
CommitLimit:     1815632 kB
Committed_AS:   110659520 kB
VmallocTotal:   251658176 kB
VmallocUsed:      117188 kB
VmallocChunk:   251444132 kB
Time pass: 3 sec

---2015-12-04 23:55:29
MemTotal:        2582696 kB
MemFree:          107692 kB
Buffers:           18104 kB
Cached:          1272632 kB
SwapCached:            0 kB
Active:          1054900 kB
Inactive:         980184 kB
Active(anon):     599524 kB
Inactive(anon):   185776 kB
Active(file):     455376 kB
Inactive(file):   794408 kB
Unevictable:        2968 kB
Mlocked:               0 kB
SwapTotal:        524284 kB
SwapFree:         524284 kB
Dirty:               316 kB
Writeback:             0 kB
AnonPages:        747400 kB
Mapped:           414120 kB
Shmem:             37984 kB
Slab:             100480 kB
SReclaimable:      31276 kB
SUnreclaim:        69204 kB
KernelStack:       37152 kB
PageTables:        39060 kB
NFS_Unstable:          0 kB
Bounce:                0 kB
WritebackTmp:          0 kB
CommitLimit:     1815632 kB
Committed_AS:   110659480 kB
VmallocTotal:   251658176 kB
VmallocUsed:      117188 kB
VmallocChunk:   251444132 kB
Time pass: 7 sec

---2015-12-04 23:55:29
MemTotal:        2582696 kB
MemFree:          110720 kB
Buffers:           18104 kB
Cached:          1268048 kB
SwapCached:            0 kB
Active:          1055024 kB
Inactive:         977288 kB
Active(anon):     601336 kB
Inactive(anon):   185776 kB
Active(file):     453688 kB
Inactive(file):   791512 kB
Unevictable:        2968 kB
Mlocked:               0 kB
SwapTotal:        524284 kB
SwapFree:         524284 kB
Dirty:               316 kB
Writeback:             0 kB
AnonPages:        749020 kB
Mapped:           414140 kB
Shmem:             37984 kB
Slab:             100416 kB
SReclaimable:      31296 kB
SUnreclaim:        69120 kB
KernelStack:       36976 kB
PageTables:        39056 kB
NFS_Unstable:          0 kB
Bounce:                0 kB
WritebackTmp:          0 kB
CommitLimit:     1815632 kB
Committed_AS:   110659320 kB
VmallocTotal:   251658176 kB
VmallocUsed:      117188 kB
VmallocChunk:   251444132 kB
Time pass: 11 sec

---2015-12-04 23:55:29
MemTotal:        2582696 kB
MemFree:          109748 kB
Buffers:           18104 kB
Cached:          1268052 kB
SwapCached:            0 kB
Active:          1055456 kB
Inactive:         977292 kB
Active(anon):     601768 kB
Inactive(anon):   185776 kB
Active(file):     453688 kB
Inactive(file):   791516 kB
Unevictable:        2968 kB
Mlocked:               0 kB
SwapTotal:        524284 kB
SwapFree:         524284 kB
Dirty:               324 kB
Writeback:             0 kB
AnonPages:        749532 kB
Mapped:           414160 kB
Shmem:             37984 kB
Slab:             100424 kB
SReclaimable:      31296 kB
SUnreclaim:        69128 kB
KernelStack:       36960 kB
PageTables:        39060 kB
NFS_Unstable:          0 kB
Bounce:                0 kB
WritebackTmp:          0 kB
CommitLimit:     1815632 kB
Committed_AS:   110659216 kB
VmallocTotal:   251658176 kB
VmallocUsed:      117188 kB
VmallocChunk:   251444132 kB
Time pass: 14 sec

---2015-12-04 23:55:29
MemTotal:        2582696 kB
MemFree:          108924 kB
Buffers:           18112 kB
Cached:          1268052 kB
SwapCached:            0 kB
Active:          1055724 kB
Inactive:         977292 kB
Active(anon):     602036 kB
Inactive(anon):   185776 kB
Active(file):     453688 kB
Inactive(file):   791516 kB
Unevictable:        2968 kB
Mlocked:               0 kB
SwapTotal:        524284 kB
SwapFree:         524284 kB
Dirty:               340 kB
Writeback:             0 kB
AnonPages:        749852 kB
Mapped:           414244 kB
Shmem:             37984 kB
Slab:             100488 kB
SReclaimable:      31296 kB
SUnreclaim:        69192 kB
KernelStack:       36960 kB
PageTables:        39088 kB
NFS_Unstable:          0 kB
Bounce:                0 kB
WritebackTmp:          0 kB
CommitLimit:     1815632 kB
Committed_AS:   110659184 kB
VmallocTotal:   251658176 kB
VmallocUsed:      117188 kB
VmallocChunk:   251444132 kB
Time pass: 18 sec

---2015-12-04 23:55:29
MemTotal:        2582696 kB
MemFree:          124868 kB
Buffers:           16060 kB
Cached:          1094816 kB
SwapCached:            0 kB
Active:          1138148 kB
Inactive:         762976 kB
Active(anon):     645412 kB
Inactive(anon):   185648 kB
Active(file):     492736 kB
Inactive(file):   577328 kB
Unevictable:        2968 kB
Mlocked:               0 kB
SwapTotal:        524284 kB
SwapFree:         524284 kB
Dirty:               944 kB
Writeback:             0 kB
AnonPages:        793188 kB
Mapped:           443620 kB
Shmem:             37856 kB
Slab:             100968 kB
SReclaimable:      31420 kB
SUnreclaim:        69548 kB
KernelStack:       38048 kB
PageTables:        39988 kB
NFS_Unstable:          0 kB
Bounce:                0 kB
WritebackTmp:          0 kB
CommitLimit:     1815632 kB
Committed_AS:   111972456 kB
VmallocTotal:   251658176 kB
VmallocUsed:      118660 kB
VmallocChunk:   251444132 kB
Time pass: 22 sec

---2015-12-04 23:55:29
MemTotal:        2582696 kB
MemFree:          117492 kB
Buffers:           16060 kB
Cached:          1087000 kB
SwapCached:            0 kB
Active:          1129244 kB
Inactive:         754968 kB
Active(anon):     636464 kB
Inactive(anon):   185648 kB
Active(file):     492780 kB
Inactive(file):   569320 kB
Unevictable:        2968 kB
Mlocked:               0 kB
SwapTotal:        524284 kB
SwapFree:         524284 kB
Dirty:               320 kB
Writeback:             0 kB
AnonPages:        784420 kB
Mapped:           456716 kB
Shmem:             37856 kB
Slab:             100780 kB
SReclaimable:      31360 kB
SUnreclaim:        69420 kB
KernelStack:       38112 kB
PageTables:        40116 kB
NFS_Unstable:          0 kB
Bounce:                0 kB
WritebackTmp:          0 kB
CommitLimit:     1815632 kB
Committed_AS:   111980664 kB
VmallocTotal:   251658176 kB
VmallocUsed:      119228 kB
VmallocChunk:   251444132 kB
Time pass: 26 sec

---2015-12-04 23:55:29
MemTotal:        2582696 kB
MemFree:          120684 kB
Buffers:           16060 kB
Cached:          1089364 kB
SwapCached:            0 kB
Active:          1123796 kB
Inactive:         757176 kB
Active(anon):     630888 kB
Inactive(anon):   185648 kB
Active(file):     492908 kB
Inactive(file):   571528 kB
Unevictable:        2968 kB
Mlocked:               0 kB
SwapTotal:        524284 kB
SwapFree:         524284 kB
Dirty:               344 kB
Writeback:             0 kB
AnonPages:        778840 kB
Mapped:           456956 kB
Shmem:             37856 kB
Slab:             101468 kB
SReclaimable:      31648 kB
SUnreclaim:        69820 kB
KernelStack:       38128 kB
PageTables:        40120 kB
NFS_Unstable:          0 kB
Bounce:                0 kB
WritebackTmp:          0 kB
CommitLimit:     1815632 kB
Committed_AS:   111983024 kB
VmallocTotal:   251658176 kB
VmallocUsed:      119228 kB
VmallocChunk:   251444132 kB
Time pass: 29 sec

---2015-12-04 23:55:29
MemTotal:        2582696 kB
MemFree:          112776 kB
Buffers:           16000 kB
Cached:          1091104 kB
SwapCached:            0 kB
Active:          1130184 kB
Inactive:         758788 kB
Active(anon):     637064 kB
Inactive(anon):   185628 kB
Active(file):     493120 kB
Inactive(file):   573160 kB
Unevictable:        2968 kB
Mlocked:               0 kB
SwapTotal:        524284 kB
SwapFree:         524284 kB
Dirty:               896 kB
Writeback:             0 kB
AnonPages:        784936 kB
Mapped:           458724 kB
Shmem:             37856 kB
Slab:             101568 kB
SReclaimable:      31736 kB
SUnreclaim:        69832 kB
KernelStack:       38928 kB
PageTables:        40564 kB
NFS_Unstable:          0 kB
Bounce:                0 kB
WritebackTmp:          0 kB
CommitLimit:     1815632 kB
Committed_AS:   113762228 kB
VmallocTotal:   251658176 kB
VmallocUsed:      120248 kB
VmallocChunk:   251444132 kB
Time pass: 33 sec

---2015-12-04 23:55:29
MemTotal:        2582696 kB
MemFree:          122080 kB
Buffers:           14156 kB
Cached:           992388 kB
SwapCached:            0 kB
Active:          1130572 kB
Inactive:         666708 kB
Active(anon):     646720 kB
Inactive(anon):   185628 kB
Active(file):     483852 kB
Inactive(file):   481080 kB
Unevictable:        3560 kB
Mlocked:               0 kB
SwapTotal:        524284 kB
SwapFree:         524284 kB
Dirty:               420 kB
Writeback:             0 kB
AnonPages:        794816 kB
Mapped:           460280 kB
Shmem:             37856 kB
Slab:             102968 kB
SReclaimable:      32708 kB
SUnreclaim:        70260 kB
KernelStack:       38592 kB
PageTables:        40592 kB
NFS_Unstable:          0 kB
Bounce:                0 kB
WritebackTmp:          0 kB
CommitLimit:     1815632 kB
Committed_AS:   113763084 kB
VmallocTotal:   251658176 kB
VmallocUsed:      120296 kB
VmallocChunk:   251444132 kB
Time pass: 37 sec

---2015-12-04 23:55:29
MemTotal:        2582696 kB
MemFree:          105864 kB
Buffers:           15128 kB
Cached:           995268 kB
SwapCached:            0 kB
Active:          1137104 kB
Inactive:         670620 kB
Active(anon):     653272 kB
Inactive(anon):   185624 kB
Active(file):     483832 kB
Inactive(file):   484996 kB
Unevictable:        3700 kB
Mlocked:               0 kB
SwapTotal:        524284 kB
SwapFree:         524284 kB
Dirty:               484 kB
Writeback:             0 kB
AnonPages:        800920 kB
Mapped:           460728 kB
Shmem:             37856 kB
Slab:             103132 kB
SReclaimable:      33072 kB
SUnreclaim:        70060 kB
KernelStack:       38832 kB
PageTables:        40920 kB
NFS_Unstable:          0 kB
Bounce:                0 kB
WritebackTmp:          0 kB
CommitLimit:     1815632 kB
Committed_AS:   113763340 kB
VmallocTotal:   251658176 kB
VmallocUsed:      120344 kB
VmallocChunk:   251444132 kB
Time pass: 40 sec

---2015-12-04 23:55:29
MemTotal:        2582696 kB
MemFree:          111616 kB
Buffers:           15652 kB
Cached:           988204 kB
SwapCached:            0 kB
Active:          1141412 kB
Inactive:         664924 kB
Active(anon):     658608 kB
Inactive(anon):   185452 kB
Active(file):     482804 kB
Inactive(file):   479472 kB
Unevictable:        3888 kB
Mlocked:               0 kB
SwapTotal:        524284 kB
SwapFree:         524116 kB
Dirty:               544 kB
Writeback:             0 kB
AnonPages:        806320 kB
Mapped:           460896 kB
Shmem:             37692 kB
Slab:             102988 kB
SReclaimable:      32996 kB
SUnreclaim:        69992 kB
KernelStack:       38768 kB
PageTables:        40804 kB
NFS_Unstable:          0 kB
Bounce:                0 kB
WritebackTmp:          0 kB
CommitLimit:     1815632 kB
Committed_AS:   113765460 kB
VmallocTotal:   251658176 kB
VmallocUsed:      120308 kB
VmallocChunk:   251444132 kB
Time pass: 44 sec

---2015-12-04 23:55:29
MemTotal:        2582696 kB
MemFree:          120236 kB
Buffers:           13116 kB
Cached:           913860 kB
SwapCached:            0 kB
Active:          1135628 kB
Inactive:         627660 kB
Active(anon):     692564 kB
Inactive(anon):   184540 kB
Active(file):     443064 kB
Inactive(file):   443120 kB
Unevictable:        3896 kB
Mlocked:               0 kB
SwapTotal:        524284 kB
SwapFree:         522816 kB
Dirty:              1860 kB
Writeback:             0 kB
AnonPages:        840596 kB
Mapped:           466648 kB
Shmem:             36844 kB
Slab:             102976 kB
SReclaimable:      32968 kB
SUnreclaim:        70008 kB
KernelStack:       38848 kB
PageTables:        40924 kB
NFS_Unstable:          0 kB
Bounce:                0 kB
WritebackTmp:          0 kB
CommitLimit:     1815632 kB
Committed_AS:   113796460 kB
VmallocTotal:   251658176 kB
VmallocUsed:      120688 kB
VmallocChunk:   251444132 kB
Time pass: 48 sec

---2015-12-04 23:55:29
MemTotal:        2582696 kB
MemFree:          107288 kB
Buffers:           13116 kB
Cached:           903248 kB
SwapCached:            0 kB
Active:          1154448 kB
Inactive:         622116 kB
Active(anon):     716868 kB
Inactive(anon):   184360 kB
Active(file):     437580 kB
Inactive(file):   437756 kB
Unevictable:        3896 kB
Mlocked:               0 kB
SwapTotal:        524284 kB
SwapFree:         522576 kB
Dirty:               708 kB
Writeback:            56 kB
AnonPages:        865024 kB
Mapped:           465212 kB
Shmem:             36764 kB
Slab:             102680 kB
SReclaimable:      32708 kB
SUnreclaim:        69972 kB
KernelStack:       38800 kB
PageTables:        41044 kB
NFS_Unstable:          0 kB
Bounce:                0 kB
WritebackTmp:          0 kB
CommitLimit:     1815632 kB
Committed_AS:   113800636 kB
VmallocTotal:   251658176 kB
VmallocUsed:      120688 kB
VmallocChunk:   251444132 kB
Time pass: 52 sec

---2015-12-04 23:55:29
MemTotal:        2582696 kB
MemFree:          113776 kB
Buffers:           13116 kB
Cached:           901228 kB
SwapCached:            0 kB
Active:          1156312 kB
Inactive:         614932 kB
Active(anon):     714356 kB
Inactive(anon):   183448 kB
Active(file):     441956 kB
Inactive(file):   431484 kB
Unevictable:        3896 kB
Mlocked:               0 kB
SwapTotal:        524284 kB
SwapFree:         521940 kB
Dirty:               712 kB
Writeback:             0 kB
AnonPages:        861112 kB
Mapped:           464428 kB
Shmem:             36784 kB
Slab:             102660 kB
SReclaimable:      32836 kB
SUnreclaim:        69824 kB
KernelStack:       38816 kB
PageTables:        41048 kB
NFS_Unstable:          0 kB
Bounce:                0 kB
WritebackTmp:          0 kB
CommitLimit:     1815632 kB
Committed_AS:   113800620 kB
VmallocTotal:   251658176 kB
VmallocUsed:      120688 kB
VmallocChunk:   251444132 kB
Time pass: 55 sec

---2015-12-04 23:55:29
MemTotal:        2582696 kB
MemFree:          112528 kB
Buffers:           13116 kB
Cached:           892296 kB
SwapCached:            0 kB
Active:          1146216 kB
Inactive:         612008 kB
Active(anon):     711368 kB
Inactive(anon):   182108 kB
Active(file):     434848 kB
Inactive(file):   429900 kB
Unevictable:        3896 kB
Mlocked:               0 kB
SwapTotal:        524284 kB
SwapFree:         520816 kB
Dirty:               872 kB
Writeback:             0 kB
AnonPages:        856688 kB
Mapped:           461524 kB
Shmem:             36768 kB
Slab:             102800 kB
SReclaimable:      32692 kB
SUnreclaim:        70108 kB
KernelStack:       38352 kB
PageTables:        40456 kB
NFS_Unstable:          0 kB
Bounce:                0 kB
WritebackTmp:          0 kB
CommitLimit:     1815632 kB
Committed_AS:   112019208 kB
VmallocTotal:   251658176 kB
VmallocUsed:      119776 kB
VmallocChunk:   251444132 kB
Time pass: 59 sec

---2015-12-04 23:55:29
MemTotal:        2582696 kB
MemFree:          109520 kB
Buffers:           13116 kB
Cached:           897628 kB
SwapCached:            0 kB
Active:          1149668 kB
Inactive:         610556 kB
Active(anon):     708476 kB
Inactive(anon):   181916 kB
Active(file):     441192 kB
Inactive(file):   428640 kB
Unevictable:        3896 kB
Mlocked:               0 kB
SwapTotal:        524284 kB
SwapFree:         520816 kB
Dirty:               692 kB
Writeback:             0 kB
AnonPages:        853828 kB
Mapped:           461048 kB
Shmem:             36504 kB
Slab:             102784 kB
SReclaimable:      32692 kB
SUnreclaim:        70092 kB
KernelStack:       38336 kB
PageTables:        40476 kB
NFS_Unstable:          0 kB
Bounce:                0 kB
WritebackTmp:          0 kB
CommitLimit:     1815632 kB
Committed_AS:   112019304 kB
VmallocTotal:   251658176 kB
VmallocUsed:      119776 kB
VmallocChunk:   251444132 kB
Time pass: 62 sec

---2015-12-04 23:55:29
MemTotal:        2582696 kB
MemFree:          105228 kB
Buffers:           11256 kB
Cached:           874940 kB
SwapCached:            0 kB
Active:          1135680 kB
Inactive:         602368 kB
Active(anon):     713404 kB
Inactive(anon):   178496 kB
Active(file):     422276 kB
Inactive(file):   423872 kB
Unevictable:        3920 kB
Mlocked:               0 kB
SwapTotal:        524284 kB
SwapFree:         518320 kB
Dirty:              1536 kB
Writeback:             0 kB
AnonPages:        856092 kB
Mapped:           467568 kB
Shmem:             36072 kB
Slab:             102604 kB
SReclaimable:      32564 kB
SUnreclaim:        70040 kB
KernelStack:       38368 kB
PageTables:        40508 kB
NFS_Unstable:          0 kB
Bounce:                0 kB
WritebackTmp:          0 kB
CommitLimit:     1815632 kB
Committed_AS:   112020000 kB
VmallocTotal:   251658176 kB
VmallocUsed:      119928 kB
VmallocChunk:   251444132 kB
Time pass: 66 sec

---2015-12-04 23:55:29
MemTotal:        2582696 kB
MemFree:          106344 kB
Buffers:           11164 kB
Cached:           874396 kB
SwapCached:            0 kB
Active:          1143364 kB
Inactive:         596900 kB
Active(anon):     716408 kB
Inactive(anon):   179284 kB
Active(file):     426956 kB
Inactive(file):   417616 kB
Unevictable:        3920 kB
Mlocked:               0 kB
SwapTotal:        524284 kB
SwapFree:         517712 kB
Dirty:              1644 kB
Writeback:             0 kB
AnonPages:        859564 kB
Mapped:           472148 kB
Shmem:             36784 kB
Slab:             102820 kB
SReclaimable:      32668 kB
SUnreclaim:        70152 kB
KernelStack:       38496 kB
PageTables:        40500 kB
NFS_Unstable:          0 kB
Bounce:                0 kB
WritebackTmp:          0 kB
CommitLimit:     1815632 kB
Committed_AS:   112028336 kB
VmallocTotal:   251658176 kB
VmallocUsed:      119928 kB
VmallocChunk:   251444132 kB
Time pass: 69 sec

---2015-12-04 23:55:29
MemTotal:        2582696 kB
MemFree:          111124 kB
Buffers:            9616 kB
Cached:           869460 kB
SwapCached:           16 kB
Active:          1137296 kB
Inactive:         590676 kB
Active(anon):     709032 kB
Inactive(anon):   179968 kB
Active(file):     428264 kB
Inactive(file):   410708 kB
Unevictable:        3920 kB
Mlocked:               0 kB
SwapTotal:        524284 kB
SwapFree:         516864 kB
Dirty:              1164 kB
Writeback:             0 kB
AnonPages:        852460 kB
Mapped:           473024 kB
Shmem:             36260 kB
Slab:             103232 kB
SReclaimable:      32728 kB
SUnreclaim:        70504 kB
KernelStack:       38768 kB
PageTables:        40672 kB
NFS_Unstable:          0 kB
Bounce:                0 kB
WritebackTmp:          0 kB
CommitLimit:     1815632 kB
Committed_AS:   112068260 kB
VmallocTotal:   251658176 kB
VmallocUsed:      122460 kB
VmallocChunk:   251444132 kB
Time pass: 74 sec

---2015-12-04 23:55:29
MemTotal:        2582696 kB
MemFree:          111736 kB
Buffers:            7716 kB
Cached:           845092 kB
SwapCached:           16 kB
Active:          1127088 kB
Inactive:         573860 kB
Active(anon):     711432 kB
Inactive(anon):   178984 kB
Active(file):     415656 kB
Inactive(file):   394876 kB
Unevictable:        3920 kB
Mlocked:               0 kB
SwapTotal:        524284 kB
SwapFree:         514316 kB
Dirty:               900 kB
Writeback:             0 kB
AnonPages:        852300 kB
Mapped:           473812 kB
Shmem:             38356 kB
Slab:             102912 kB
SReclaimable:      32640 kB
SUnreclaim:        70272 kB
KernelStack:       38768 kB
PageTables:        40812 kB
NFS_Unstable:          0 kB
Bounce:                0 kB
WritebackTmp:          0 kB
CommitLimit:     1815632 kB
Committed_AS:   112072436 kB
VmallocTotal:   251658176 kB
VmallocUsed:      122460 kB
VmallocChunk:   251444132 kB
Time pass: 78 sec

---2015-12-04 23:55:29
MemTotal:        2582696 kB
MemFree:          108076 kB
Buffers:            7724 kB
Cached:           841432 kB
SwapCached:           16 kB
Active:          1132460 kB
Inactive:         572788 kB
Active(anon):     718164 kB
Inactive(anon):   180792 kB
Active(file):     414296 kB
Inactive(file):   391996 kB
Unevictable:        3920 kB
Mlocked:               0 kB
SwapTotal:        524284 kB
SwapFree:         513696 kB
Dirty:              1024 kB
Writeback:             0 kB
AnonPages:        860108 kB
Mapped:           474584 kB
Shmem:             38944 kB
Slab:             103192 kB
SReclaimable:      32704 kB
SUnreclaim:        70488 kB
KernelStack:       38816 kB
PageTables:        40844 kB
NFS_Unstable:          0 kB
Bounce:                0 kB
WritebackTmp:          0 kB
CommitLimit:     1815632 kB
Committed_AS:   112080784 kB
VmallocTotal:   251658176 kB
VmallocUsed:      122460 kB
VmallocChunk:   251444132 kB
Time pass: 82 sec

---2015-12-04 23:55:29
MemTotal:        2582696 kB
MemFree:          123760 kB
Buffers:            7724 kB
Cached:           828592 kB
SwapCached:           16 kB
Active:          1127656 kB
Inactive:         562212 kB
Active(anon):     716164 kB
Inactive(anon):   178264 kB
Active(file):     411492 kB
Inactive(file):   383948 kB
Unevictable:        3920 kB
Mlocked:               0 kB
SwapTotal:        524284 kB
SwapFree:         513016 kB
Dirty:              1248 kB
Writeback:             0 kB
AnonPages:        857348 kB
Mapped:           472568 kB
Shmem:             36956 kB
Slab:             103704 kB
SReclaimable:      33076 kB
SUnreclaim:        70628 kB
KernelStack:       38864 kB
PageTables:        40852 kB
NFS_Unstable:          0 kB
Bounce:                0 kB
WritebackTmp:          0 kB
CommitLimit:     1815632 kB
Committed_AS:   112078808 kB
VmallocTotal:   251658176 kB
VmallocUsed:      122460 kB
VmallocChunk:   251444132 kB
Time pass: 85 sec

---2015-12-04 23:55:29
MemTotal:        2582696 kB
MemFree:          122348 kB
Buffers:            7724 kB
Cached:           828148 kB
SwapCached:           16 kB
Active:          1129004 kB
Inactive:         561764 kB
Active(anon):     717508 kB
Inactive(anon):   177820 kB
Active(file):     411496 kB
Inactive(file):   383944 kB
Unevictable:        3920 kB
Mlocked:               0 kB
SwapTotal:        524284 kB
SwapFree:         513016 kB
Dirty:               992 kB
Writeback:             0 kB
AnonPages:        858844 kB
Mapped:           472124 kB
Shmem:             36512 kB
Slab:             103460 kB
SReclaimable:      32996 kB
SUnreclaim:        70464 kB
KernelStack:       38864 kB
PageTables:        40884 kB
NFS_Unstable:          0 kB
Bounce:                0 kB
WritebackTmp:          0 kB
CommitLimit:     1815632 kB
Committed_AS:   112078816 kB
VmallocTotal:   251658176 kB
VmallocUsed:      122460 kB
VmallocChunk:   251444132 kB
Time pass: 89 sec

---2015-12-04 23:55:29
MemTotal:        2582696 kB
MemFree:          121360 kB
Buffers:            7724 kB
Cached:           828696 kB
SwapCached:           16 kB
Active:          1129372 kB
Inactive:         562228 kB
Active(anon):     717860 kB
Inactive(anon):   177752 kB
Active(file):     411512 kB
Inactive(file):   384476 kB
Unevictable:        3920 kB
Mlocked:               0 kB
SwapTotal:        524284 kB
SwapFree:         513016 kB
Dirty:              1452 kB
Writeback:             0 kB
AnonPages:        859144 kB
Mapped:           472128 kB
Shmem:             36512 kB
Slab:             103452 kB
SReclaimable:      32996 kB
SUnreclaim:        70456 kB
KernelStack:       38832 kB
PageTables:        40848 kB
NFS_Unstable:          0 kB
Bounce:                0 kB
WritebackTmp:          0 kB
CommitLimit:     1815632 kB
Committed_AS:   112078744 kB
VmallocTotal:   251658176 kB
VmallocUsed:      122460 kB
VmallocChunk:   251444132 kB
Time pass: 93 sec

---2015-12-04 23:55:29
MemTotal:        2582696 kB
MemFree:          123552 kB
Buffers:            7724 kB
Cached:           831348 kB
SwapCached:           16 kB
Active:          1121304 kB
Inactive:         558072 kB
Active(anon):     703336 kB
Inactive(anon):   177500 kB
Active(file):     417968 kB
Inactive(file):   380572 kB
Unevictable:        3920 kB
Mlocked:               0 kB
SwapTotal:        524284 kB
SwapFree:         513024 kB
Dirty:               332 kB
Writeback:             0 kB
AnonPages:        844672 kB
Mapped:           462624 kB
Shmem:             36332 kB
Slab:             103360 kB
SReclaimable:      32996 kB
SUnreclaim:        70364 kB
KernelStack:       38560 kB
PageTables:        40060 kB
NFS_Unstable:          0 kB
Bounce:                0 kB
WritebackTmp:          0 kB
CommitLimit:     1815632 kB
Committed_AS:   110822752 kB
VmallocTotal:   251658176 kB
VmallocUsed:      121292 kB
VmallocChunk:   251444132 kB
Time pass: 97 sec

---2015-12-04 23:55:29
MemTotal:        2582696 kB
MemFree:          383928 kB
Buffers:            7724 kB
Cached:           831968 kB
SwapCached:           16 kB
Active:          1055000 kB
Inactive:         556748 kB
Active(anon):     634760 kB
Inactive(anon):   177480 kB
Active(file):     420240 kB
Inactive(file):   379268 kB
Unevictable:        3920 kB
Mlocked:               0 kB
SwapTotal:        524284 kB
SwapFree:         513024 kB
Dirty:               784 kB
Writeback:             0 kB
AnonPages:        776004 kB
Mapped:           397040 kB
Shmem:             36244 kB
Slab:             103100 kB
SReclaimable:      32952 kB
SUnreclaim:        70148 kB
KernelStack:       36992 kB
PageTables:        38744 kB
NFS_Unstable:          0 kB
Bounce:                0 kB
WritebackTmp:          0 kB
CommitLimit:     1815632 kB
Committed_AS:   109446284 kB
VmallocTotal:   251658176 kB
VmallocUsed:      118656 kB
VmallocChunk:   251444132 kB
Time pass: 101 sec

---2015-12-04 23:55:29
MemTotal:        2582696 kB
MemFree:          393036 kB
Buffers:            7724 kB
Cached:           831968 kB
SwapCached:           16 kB
Active:          1046104 kB
Inactive:         556760 kB
Active(anon):     625856 kB
Inactive(anon):   177480 kB
Active(file):     420248 kB
Inactive(file):   379280 kB
Unevictable:        3920 kB
Mlocked:               0 kB
SwapTotal:        524284 kB
SwapFree:         513024 kB
Dirty:               528 kB
Writeback:             0 kB
AnonPages:        766880 kB
Mapped:           397080 kB
Shmem:             36244 kB
Slab:             103080 kB
SReclaimable:      32952 kB
SUnreclaim:        70128 kB
KernelStack:       37008 kB
PageTables:        38744 kB
NFS_Unstable:          0 kB
Bounce:                0 kB
WritebackTmp:          0 kB
CommitLimit:     1815632 kB
Committed_AS:   109446384 kB
VmallocTotal:   251658176 kB
VmallocUsed:      118656 kB
VmallocChunk:   251444132 kB
Time pass: 104 sec

---2015-12-04 23:55:29
MemTotal:        2582696 kB
MemFree:          228464 kB
Buffers:            7724 kB
Cached:           832376 kB
SwapCached:           28 kB
Active:          1081572 kB
Inactive:         551808 kB
Active(anon):     655956 kB
Inactive(anon):   177360 kB
Active(file):     425616 kB
Inactive(file):   374448 kB
Unevictable:        3920 kB
Mlocked:               0 kB
SwapTotal:        524284 kB
SwapFree:         513024 kB
Dirty:               924 kB
Writeback:             0 kB
AnonPages:        797364 kB
Mapped:           424428 kB
Shmem:             36116 kB
Slab:             103200 kB
SReclaimable:      32972 kB
SUnreclaim:        70228 kB
KernelStack:       38016 kB
PageTables:        39644 kB
NFS_Unstable:          0 kB
Bounce:                0 kB
WritebackTmp:          0 kB
CommitLimit:     1815632 kB
Committed_AS:   110751624 kB
VmallocTotal:   251658176 kB
VmallocUsed:      120048 kB
VmallocChunk:   251444132 kB
Time pass: 108 sec

---2015-12-04 23:55:29
MemTotal:        2582696 kB
MemFree:          156112 kB
Buffers:            7724 kB
Cached:           833640 kB
SwapCached:           28 kB
Active:          1100544 kB
Inactive:         551600 kB
Active(anon):     673456 kB
Inactive(anon):   177364 kB
Active(file):     427088 kB
Inactive(file):   374236 kB
Unevictable:        3920 kB
Mlocked:               0 kB
SwapTotal:        524284 kB
SwapFree:         513024 kB
Dirty:               548 kB
Writeback:             0 kB
AnonPages:        814792 kB
Mapped:           459020 kB
Shmem:             36120 kB
Slab:             103140 kB
SReclaimable:      32972 kB
SUnreclaim:        70168 kB
KernelStack:       38240 kB
PageTables:        39780 kB
NFS_Unstable:          0 kB
Bounce:                0 kB
WritebackTmp:          0 kB
CommitLimit:     1815632 kB
Committed_AS:   110771064 kB
VmallocTotal:   251658176 kB
VmallocUsed:      118084 kB
VmallocChunk:   251444132 kB
Time pass: 112 sec

---2015-12-04 23:55:29
MemTotal:        2582696 kB
MemFree:          148464 kB
Buffers:            7724 kB
Cached:           834696 kB
SwapCached:           28 kB
Active:          1092376 kB
Inactive:         551124 kB
Active(anon):     663780 kB
Inactive(anon):   177356 kB
Active(file):     428596 kB
Inactive(file):   373768 kB
Unevictable:        3920 kB
Mlocked:               0 kB
SwapTotal:        524284 kB
SwapFree:         513016 kB
Dirty:              1804 kB
Writeback:             0 kB
AnonPages:        805040 kB
Mapped:           496424 kB
Shmem:             36120 kB
Slab:             103176 kB
SReclaimable:      32988 kB
SUnreclaim:        70188 kB
KernelStack:       38272 kB
PageTables:        39924 kB
NFS_Unstable:          0 kB
Bounce:                0 kB
WritebackTmp:          0 kB
CommitLimit:     1815632 kB
Committed_AS:   110779640 kB
VmallocTotal:   251658176 kB
VmallocUsed:      118504 kB
VmallocChunk:   251444132 kB
Time pass: 115 sec

---2015-12-04 23:55:29
MemTotal:        2582696 kB
MemFree:          130680 kB
Buffers:            9260 kB
Cached:           834756 kB
SwapCached:           28 kB
Active:          1094848 kB
Inactive:         552684 kB
Active(anon):     666056 kB
Inactive(anon):   177356 kB
Active(file):     428792 kB
Inactive(file):   375328 kB
Unevictable:        3920 kB
Mlocked:               0 kB
SwapTotal:        524284 kB
SwapFree:         513016 kB
Dirty:               776 kB
Writeback:             0 kB
AnonPages:        807516 kB
Mapped:           497132 kB
Shmem:             36120 kB
Slab:             103280 kB
SReclaimable:      32988 kB
SUnreclaim:        70292 kB
KernelStack:       38272 kB
PageTables:        39928 kB
NFS_Unstable:          0 kB
Bounce:                0 kB
WritebackTmp:          0 kB
CommitLimit:     1815632 kB
Committed_AS:   110779776 kB
VmallocTotal:   251658176 kB
VmallocUsed:      118600 kB
VmallocChunk:   251444132 kB
Time pass: 119 sec

---2015-12-04 23:55:29
MemTotal:        2582696 kB
MemFree:          129752 kB
Buffers:            9260 kB
Cached:           834916 kB
SwapCached:           28 kB
Active:          1095084 kB
Inactive:         552564 kB
Active(anon):     666156 kB
Inactive(anon):   177356 kB
Active(file):     428928 kB
Inactive(file):   375208 kB
Unevictable:        3920 kB
Mlocked:               0 kB
SwapTotal:        524284 kB
SwapFree:         513016 kB
Dirty:               516 kB
Writeback:             0 kB
AnonPages:        807364 kB
Mapped:           497412 kB
Shmem:             36120 kB
Slab:             103268 kB
SReclaimable:      32988 kB
SUnreclaim:        70280 kB
KernelStack:       38272 kB
PageTables:        39952 kB
NFS_Unstable:          0 kB
Bounce:                0 kB
WritebackTmp:          0 kB
CommitLimit:     1815632 kB
Committed_AS:   110779768 kB
VmallocTotal:   251658176 kB
VmallocUsed:      118600 kB
VmallocChunk:   251444132 kB
Time pass: 123 sec

---2015-12-04 23:55:29
MemTotal:        2582696 kB
MemFree:          128928 kB
Buffers:            9260 kB
Cached:           832708 kB
SwapCached:           28 kB
Active:          1095524 kB
Inactive:         551628 kB
Active(anon):     668064 kB
Inactive(anon):   177160 kB
Active(file):     427460 kB
Inactive(file):   374468 kB
Unevictable:        3920 kB
Mlocked:               0 kB
SwapTotal:        524284 kB
SwapFree:         512896 kB
Dirty:               740 kB
Writeback:             0 kB
AnonPages:        809096 kB
Mapped:           500356 kB
Shmem:             36120 kB
Slab:             102768 kB
SReclaimable:      32516 kB
SUnreclaim:        70252 kB
KernelStack:       38272 kB
PageTables:        39948 kB
NFS_Unstable:          0 kB
Bounce:                0 kB
WritebackTmp:          0 kB
CommitLimit:     1815632 kB
Committed_AS:   110788408 kB
VmallocTotal:   251658176 kB
VmallocUsed:      118752 kB
VmallocChunk:   251444132 kB
Time pass: 126 sec

---2015-12-04 23:55:29
MemTotal:        2582696 kB
MemFree:          135640 kB
Buffers:            9260 kB
Cached:           832708 kB
SwapCached:           28 kB
Active:          1088900 kB
Inactive:         551628 kB
Active(anon):     661440 kB
Inactive(anon):   177160 kB
Active(file):     427460 kB
Inactive(file):   374468 kB
Unevictable:        3920 kB
Mlocked:               0 kB
SwapTotal:        524284 kB
SwapFree:         512896 kB
Dirty:               740 kB
Writeback:             0 kB
AnonPages:        802560 kB
Mapped:           500356 kB
Shmem:             36120 kB
Slab:             102904 kB
SReclaimable:      32756 kB
SUnreclaim:        70148 kB
KernelStack:       38272 kB
PageTables:        39952 kB
NFS_Unstable:          0 kB
Bounce:                0 kB
WritebackTmp:          0 kB
CommitLimit:     1815632 kB
Committed_AS:   110788512 kB
VmallocTotal:   251658176 kB
VmallocUsed:      118752 kB
VmallocChunk:   251444132 kB
Time pass: 130 sec

---2015-12-04 23:55:29
MemTotal:        2582696 kB
MemFree:          134672 kB
Buffers:            9260 kB
Cached:           832708 kB
SwapCached:           28 kB
Active:          1088952 kB
Inactive:         551620 kB
Active(anon):     661484 kB
Inactive(anon):   177160 kB
Active(file):     427468 kB
Inactive(file):   374460 kB
Unevictable:        3920 kB
Mlocked:               0 kB
SwapTotal:        524284 kB
SwapFree:         512896 kB
Dirty:               664 kB
Writeback:             0 kB
AnonPages:        802676 kB
Mapped:           500376 kB
Shmem:             36120 kB
Slab:             102896 kB
SReclaimable:      32756 kB
SUnreclaim:        70140 kB
KernelStack:       38272 kB
PageTables:        39932 kB
NFS_Unstable:          0 kB
Bounce:                0 kB
WritebackTmp:          0 kB
CommitLimit:     1815632 kB
Committed_AS:   110788520 kB
VmallocTotal:   251658176 kB
VmallocUsed:      118752 kB
VmallocChunk:   251444132 kB
Time pass: 134 sec

---2015-12-04 23:55:29
MemTotal:        2582696 kB
MemFree:          112576 kB
Buffers:            9260 kB
Cached:           832880 kB
SwapCached:           28 kB
Active:          1106988 kB
Inactive:         550804 kB
Active(anon):     678536 kB
Inactive(anon):   177320 kB
Active(file):     428452 kB
Inactive(file):   373484 kB
Unevictable:        3920 kB
Mlocked:               0 kB
SwapTotal:        524284 kB
SwapFree:         512896 kB
Dirty:               684 kB
Writeback:             0 kB
AnonPages:        819716 kB
Mapped:           503264 kB
Shmem:             36284 kB
Slab:             103132 kB
SReclaimable:      32812 kB
SUnreclaim:        70320 kB
KernelStack:       38672 kB
PageTables:        40176 kB
NFS_Unstable:          0 kB
Bounce:                0 kB
WritebackTmp:          0 kB
CommitLimit:     1815632 kB
Committed_AS:   110828400 kB
VmallocTotal:   251658176 kB
VmallocUsed:      121284 kB
VmallocChunk:   251444132 kB
Time pass: 138 sec

---2015-12-04 23:55:29
MemTotal:        2582696 kB
MemFree:          107628 kB
Buffers:            8848 kB
Cached:           820068 kB
SwapCached:           44 kB
Active:          1118416 kB
Inactive:         554700 kB
Active(anon):     707496 kB
Inactive(anon):   177072 kB
Active(file):     410920 kB
Inactive(file):   377628 kB
Unevictable:        3920 kB
Mlocked:               0 kB
SwapTotal:        524284 kB
SwapFree:         510064 kB
Dirty:               832 kB
Writeback:             0 kB
AnonPages:        848156 kB
Mapped:           512424 kB
Shmem:             36464 kB
Slab:             103856 kB
SReclaimable:      32772 kB
SUnreclaim:        71084 kB
KernelStack:       40112 kB
PageTables:        41848 kB
NFS_Unstable:          0 kB
Bounce:                0 kB
WritebackTmp:          0 kB
CommitLimit:     1815632 kB
Committed_AS:   115658316 kB
VmallocTotal:   251658176 kB
VmallocUsed:      124376 kB
VmallocChunk:   251444132 kB
Time pass: 142 sec

---2015-12-04 23:55:29
MemTotal:        2582696 kB
MemFree:          143756 kB
Buffers:            8848 kB
Cached:           795700 kB
SwapCached:           56 kB
Active:          1100120 kB
Inactive:         540612 kB
Active(anon):     696632 kB
Inactive(anon):   144128 kB
Active(file):     403488 kB
Inactive(file):   396484 kB
Unevictable:        3920 kB
Mlocked:               0 kB
SwapTotal:        524284 kB
SwapFree:         507448 kB
Dirty:               864 kB
Writeback:             0 kB
AnonPages:        840288 kB
Mapped:           487160 kB
Shmem:               804 kB
Slab:             104112 kB
SReclaimable:      32672 kB
SUnreclaim:        71440 kB
KernelStack:       40096 kB
PageTables:        41232 kB
NFS_Unstable:          0 kB
Bounce:                0 kB
WritebackTmp:          0 kB
CommitLimit:     1815632 kB
Committed_AS:   115076904 kB
VmallocTotal:   251658176 kB
VmallocUsed:      125532 kB
VmallocChunk:   251445156 kB
Time pass: 146 sec

---2015-12-04 23:55:29
MemTotal:        2582696 kB
MemFree:          120596 kB
Buffers:            8848 kB
Cached:           814600 kB
SwapCached:           56 kB
Active:          1115556 kB
Inactive:         550136 kB
Active(anon):     697880 kB
Inactive(anon):   149068 kB
Active(file):     417676 kB
Inactive(file):   401068 kB
Unevictable:        3920 kB
Mlocked:               0 kB
SwapTotal:        524284 kB
SwapFree:         507044 kB
Dirty:               920 kB
Writeback:             0 kB
AnonPages:        846076 kB
Mapped:           491204 kB
Shmem:               908 kB
Slab:             104704 kB
SReclaimable:      33136 kB
SUnreclaim:        71568 kB
KernelStack:       40368 kB
PageTables:        41740 kB
NFS_Unstable:          0 kB
Bounce:                0 kB
WritebackTmp:          0 kB
CommitLimit:     1815632 kB
Committed_AS:   115661984 kB
VmallocTotal:   251658176 kB
VmallocUsed:      124512 kB
VmallocChunk:   251445156 kB
Time pass: 150 sec

---2015-12-04 23:55:29
MemTotal:        2582696 kB
MemFree:          128380 kB
Buffers:            8848 kB
Cached:           815524 kB
SwapCached:           56 kB
Active:          1106824 kB
Inactive:         551184 kB
Active(anon):     689272 kB
Inactive(anon):   149104 kB
Active(file):     417552 kB
Inactive(file):   402080 kB
Unevictable:        3920 kB
Mlocked:               0 kB
SwapTotal:        524284 kB
SwapFree:         507044 kB
Dirty:              1536 kB
Writeback:             0 kB
AnonPages:        837748 kB
Mapped:           491388 kB
Shmem:               820 kB
Slab:             104500 kB
SReclaimable:      33008 kB
SUnreclaim:        71492 kB
KernelStack:       40272 kB
PageTables:        41676 kB
NFS_Unstable:          0 kB
Bounce:                0 kB
WritebackTmp:          0 kB
CommitLimit:     1815632 kB
Committed_AS:   115621384 kB
VmallocTotal:   251658176 kB
VmallocUsed:      124512 kB
VmallocChunk:   251445156 kB
Time pass: 154 sec

---2015-12-04 23:55:29
MemTotal:        2582696 kB
MemFree:          134924 kB
Buffers:            8848 kB
Cached:           816128 kB
SwapCached:           56 kB
Active:          1104500 kB
Inactive:         547824 kB
Active(anon):     682984 kB
Inactive(anon):   149116 kB
Active(file):     421516 kB
Inactive(file):   398708 kB
Unevictable:        3920 kB
Mlocked:               0 kB
SwapTotal:        524284 kB
SwapFree:         507044 kB
Dirty:              1000 kB
Writeback:             0 kB
AnonPages:        831324 kB
Mapped:           485028 kB
Shmem:               832 kB
Slab:             105116 kB
SReclaimable:      33008 kB
SUnreclaim:        72108 kB
KernelStack:       39440 kB
PageTables:        41160 kB
NFS_Unstable:          0 kB
Bounce:                0 kB
WritebackTmp:          0 kB
CommitLimit:     1815632 kB
Committed_AS:   114365824 kB
VmallocTotal:   251658176 kB
VmallocUsed:      123492 kB
VmallocChunk:   251445156 kB
Time pass: 157 sec

---2015-12-04 23:55:29
MemTotal:        2582696 kB
MemFree:          110364 kB
Buffers:            8848 kB
Cached:           814748 kB
SwapCached:           56 kB
Active:          1137560 kB
Inactive:         539968 kB
Active(anon):     703220 kB
Inactive(anon):   155488 kB
Active(file):     434340 kB
Inactive(file):   384480 kB
Unevictable:        3920 kB
Mlocked:               0 kB
SwapTotal:        524284 kB
SwapFree:         506220 kB
Dirty:              1104 kB
Writeback:             0 kB
AnonPages:        857828 kB
Mapped:           495160 kB
Shmem:               856 kB
Slab:             104852 kB
SReclaimable:      32820 kB
SUnreclaim:        72032 kB
KernelStack:       40640 kB
PageTables:        41964 kB
NFS_Unstable:          0 kB
Bounce:                0 kB
WritebackTmp:          0 kB
CommitLimit:     1815632 kB
Committed_AS:   115627100 kB
VmallocTotal:   251658176 kB
VmallocUsed:      124512 kB
VmallocChunk:   251445156 kB
Time pass: 162 sec

---2015-12-04 23:55:29
MemTotal:        2582696 kB
MemFree:          110228 kB
Buffers:            8848 kB
Cached:           814748 kB
SwapCached:           56 kB
Active:          1136988 kB
Inactive:         539968 kB
Active(anon):     702648 kB
Inactive(anon):   155488 kB
Active(file):     434340 kB
Inactive(file):   384480 kB
Unevictable:        3920 kB
Mlocked:               0 kB
SwapTotal:        524284 kB
SwapFree:         506220 kB
Dirty:              1104 kB
Writeback:             0 kB
AnonPages:        857284 kB
Mapped:           495164 kB
Shmem:               856 kB
Slab:             105180 kB
SReclaimable:      32952 kB
SUnreclaim:        72228 kB
KernelStack:       40576 kB
PageTables:        41984 kB
NFS_Unstable:          0 kB
Bounce:                0 kB
WritebackTmp:          0 kB
CommitLimit:     1815632 kB
Committed_AS:   115631212 kB
VmallocTotal:   251658176 kB
VmallocUsed:      124512 kB
VmallocChunk:   251445156 kB
Time pass: 166 sec

---2015-12-04 23:55:29
MemTotal:        2582696 kB
MemFree:          115428 kB
Buffers:            8848 kB
Cached:           814800 kB
SwapCached:           56 kB
Active:          1131408 kB
Inactive:         539992 kB
Active(anon):     697044 kB
Inactive(anon):   155496 kB
Active(file):     434364 kB
Inactive(file):   384496 kB
Unevictable:        3920 kB
Mlocked:               0 kB
SwapTotal:        524284 kB
SwapFree:         506220 kB
Dirty:              1140 kB
Writeback:             0 kB
AnonPages:        851640 kB
Mapped:           495220 kB
Shmem:               868 kB
Slab:             105200 kB
SReclaimable:      32960 kB
SUnreclaim:        72240 kB
KernelStack:       40624 kB
PageTables:        41880 kB
NFS_Unstable:          0 kB
Bounce:                0 kB
WritebackTmp:          0 kB
CommitLimit:     1815632 kB
Committed_AS:   115631196 kB
VmallocTotal:   251658176 kB
VmallocUsed:      124512 kB
VmallocChunk:   251445156 kB
Time pass: 169 sec

---2015-12-04 23:55:29
MemTotal:        2582696 kB
MemFree:          115300 kB
Buffers:            8848 kB
Cached:           814800 kB
SwapCached:           56 kB
Active:          1131932 kB
Inactive:         539980 kB
Active(anon):     697556 kB
Inactive(anon):   155496 kB
Active(file):     434376 kB
Inactive(file):   384484 kB
Unevictable:        3920 kB
Mlocked:               0 kB
SwapTotal:        524284 kB
SwapFree:         506220 kB
Dirty:              1128 kB
Writeback:             0 kB
AnonPages:        852216 kB
Mapped:           495220 kB
Shmem:               868 kB
Slab:             105120 kB
SReclaimable:      32968 kB
SUnreclaim:        72152 kB
KernelStack:       40704 kB
PageTables:        41880 kB
NFS_Unstable:          0 kB
Bounce:                0 kB
WritebackTmp:          0 kB
CommitLimit:     1815632 kB
Committed_AS:   115631220 kB
VmallocTotal:   251658176 kB
VmallocUsed:      124512 kB
VmallocChunk:   251445156 kB
Time pass: 173 sec

---2015-12-04 23:55:29
MemTotal:        2582696 kB
MemFree:          123380 kB
Buffers:            8848 kB
Cached:           814832 kB
SwapCached:           56 kB
Active:          1126900 kB
Inactive:         537692 kB
Active(anon):     690204 kB
Inactive(anon):   155528 kB
Active(file):     436696 kB
Inactive(file):   382164 kB
Unevictable:        3920 kB
Mlocked:               0 kB
SwapTotal:        524284 kB
SwapFree:         506220 kB
Dirty:              1124 kB
Writeback:             0 kB
AnonPages:        845004 kB
Mapped:           488504 kB
Shmem:               900 kB
Slab:             105052 kB
SReclaimable:      32964 kB
SUnreclaim:        72088 kB
KernelStack:       39872 kB
PageTables:        41384 kB
NFS_Unstable:          0 kB
Bounce:                0 kB
WritebackTmp:          0 kB
CommitLimit:     1815632 kB
Committed_AS:   114379268 kB
VmallocTotal:   251658176 kB
VmallocUsed:      123492 kB
VmallocChunk:   251445156 kB
Time pass: 177 sec

---2015-12-04 23:55:29
MemTotal:        2582696 kB
MemFree:          111384 kB
Buffers:            8848 kB
Cached:           812848 kB
SwapCached:           56 kB
Active:          1135748 kB
Inactive:         540380 kB
Active(anon):     700916 kB
Inactive(anon):   158416 kB
Active(file):     434832 kB
Inactive(file):   381964 kB
Unevictable:        3920 kB
Mlocked:               0 kB
SwapTotal:        524284 kB
SwapFree:         505956 kB
Dirty:              1152 kB
Writeback:             0 kB
AnonPages:        858324 kB
Mapped:           495372 kB
Shmem:               980 kB
Slab:             104900 kB
SReclaimable:      32852 kB
SUnreclaim:        72048 kB
KernelStack:       40720 kB
PageTables:        41844 kB
NFS_Unstable:          0 kB
Bounce:                0 kB
WritebackTmp:          0 kB
CommitLimit:     1815632 kB
Committed_AS:   115639468 kB
VmallocTotal:   251658176 kB
VmallocUsed:      124512 kB
VmallocChunk:   251445156 kB
Time pass: 181 sec

---2015-12-04 23:55:29
MemTotal:        2582696 kB
MemFree:          109628 kB
Buffers:            8848 kB
Cached:           812952 kB
SwapCached:           56 kB
Active:          1136460 kB
Inactive:         540476 kB
Active(anon):     701620 kB
Inactive(anon):   158520 kB
Active(file):     434840 kB
Inactive(file):   381956 kB
Unevictable:        3920 kB
Mlocked:               0 kB
SwapTotal:        524284 kB
SwapFree:         505956 kB
Dirty:              1124 kB
Writeback:             0 kB
AnonPages:        859156 kB
Mapped:           495560 kB
Shmem:              1084 kB
Slab:             105196 kB
SReclaimable:      32868 kB
SUnreclaim:        72328 kB
KernelStack:       40608 kB
PageTables:        41880 kB
NFS_Unstable:          0 kB
Bounce:                0 kB
WritebackTmp:          0 kB
CommitLimit:     1815632 kB
Committed_AS:   115639484 kB
VmallocTotal:   251658176 kB
VmallocUsed:      124512 kB
VmallocChunk:   251445156 kB
Time pass: 184 sec

---2015-12-04 23:55:29
MemTotal:        2582696 kB
MemFree:          108832 kB
Buffers:            8848 kB
Cached:           812496 kB
SwapCached:           56 kB
Active:          1136688 kB
Inactive:         541436 kB
Active(anon):     702220 kB
Inactive(anon):   159564 kB
Active(file):     434468 kB
Inactive(file):   381872 kB
Unevictable:        3920 kB
Mlocked:               0 kB
SwapTotal:        524284 kB
SwapFree:         505900 kB
Dirty:              1128 kB
Writeback:             0 kB
AnonPages:        860692 kB
Mapped:           495560 kB
Shmem:              1084 kB
Slab:             105112 kB
SReclaimable:      32864 kB
SUnreclaim:        72248 kB
KernelStack:       40608 kB
PageTables:        41884 kB
NFS_Unstable:          0 kB
Bounce:                0 kB
WritebackTmp:          0 kB
CommitLimit:     1815632 kB
Committed_AS:   115639460 kB
VmallocTotal:   251658176 kB
VmallocUsed:      124512 kB
VmallocChunk:   251445156 kB
Time pass: 188 sec

---2015-12-04 23:55:29
MemTotal:        2582696 kB
MemFree:          109060 kB
Buffers:            8848 kB
Cached:           812496 kB
SwapCached:           56 kB
Active:          1136660 kB
Inactive:         541436 kB
Active(anon):     702192 kB
Inactive(anon):   159564 kB
Active(file):     434468 kB
Inactive(file):   381872 kB
Unevictable:        3920 kB
Mlocked:               0 kB
SwapTotal:        524284 kB
SwapFree:         505900 kB
Dirty:              1128 kB
Writeback:             0 kB
AnonPages:        860656 kB
Mapped:           495560 kB
Shmem:              1084 kB
Slab:             105248 kB
SReclaimable:      32864 kB
SUnreclaim:        72384 kB
KernelStack:       40608 kB
PageTables:        41880 kB
NFS_Unstable:          0 kB
Bounce:                0 kB
WritebackTmp:          0 kB
CommitLimit:     1815632 kB
Committed_AS:   115639484 kB
VmallocTotal:   251658176 kB
VmallocUsed:      124512 kB
VmallocChunk:   251445156 kB
Time pass: 191 sec

---2015-12-04 23:55:29
MemTotal:        2582696 kB
MemFree:          118096 kB
Buffers:            8848 kB
Cached:           812540 kB
SwapCached:           56 kB
Active:          1129748 kB
Inactive:         541356 kB
Active(anon):     695160 kB
Inactive(anon):   159576 kB
Active(file):     434588 kB
Inactive(file):   381780 kB
Unevictable:        3920 kB
Mlocked:               0 kB
SwapTotal:        524284 kB
SwapFree:         505900 kB
Dirty:              1128 kB
Writeback:             0 kB
AnonPages:        853584 kB
Mapped:           488736 kB
Shmem:              1100 kB
Slab:             105044 kB
SReclaimable:      32880 kB
SUnreclaim:        72164 kB
KernelStack:       39968 kB
PageTables:        41416 kB
NFS_Unstable:          0 kB
Bounce:                0 kB
WritebackTmp:          0 kB
CommitLimit:     1815632 kB
Committed_AS:   114391668 kB
VmallocTotal:   251658176 kB
VmallocUsed:      123492 kB
VmallocChunk:   251445156 kB
Time pass: 195 sec

---2015-12-04 23:55:29
MemTotal:        2582696 kB
MemFree:          107580 kB
Buffers:            8848 kB
Cached:           812272 kB
SwapCached:           56 kB
Active:          1137716 kB
Inactive:         544728 kB
Active(anon):     704240 kB
Inactive(anon):   162112 kB
Active(file):     433476 kB
Inactive(file):   382616 kB
Unevictable:        3920 kB
Mlocked:               0 kB
SwapTotal:        524284 kB
SwapFree:         505712 kB
Dirty:              1160 kB
Writeback:             0 kB
AnonPages:        865020 kB
Mapped:           495576 kB
Shmem:              1108 kB
Slab:             105160 kB
SReclaimable:      32880 kB
SUnreclaim:        72280 kB
KernelStack:       40736 kB
PageTables:        41932 kB
NFS_Unstable:          0 kB
Bounce:                0 kB
WritebackTmp:          0 kB
CommitLimit:     1815632 kB
Committed_AS:   115662692 kB
VmallocTotal:   251658176 kB
VmallocUsed:      124552 kB
VmallocChunk:   251445156 kB
Time pass: 199 sec

---2015-12-04 23:55:29
MemTotal:        2582696 kB
MemFree:          117856 kB
Buffers:            8856 kB
Cached:           808452 kB
SwapCached:           60 kB
Active:          1125640 kB
Inactive:         546048 kB
Active(anon):     693244 kB
Inactive(anon):   166164 kB
Active(file):     432396 kB
Inactive(file):   379884 kB
Unevictable:        3920 kB
Mlocked:               0 kB
SwapTotal:        524284 kB
SwapFree:         505060 kB
Dirty:              1148 kB
Writeback:             0 kB
AnonPages:        858324 kB
Mapped:           495216 kB
Shmem:              1108 kB
Slab:             105040 kB
SReclaimable:      32832 kB
SUnreclaim:        72208 kB
KernelStack:       40736 kB
PageTables:        42028 kB
NFS_Unstable:          0 kB
Bounce:                0 kB
WritebackTmp:          0 kB
CommitLimit:     1815632 kB
Committed_AS:   115650172 kB
VmallocTotal:   251658176 kB
VmallocUsed:      124512 kB
VmallocChunk:   251445156 kB
Time pass: 203 sec

---2015-12-04 23:55:29
MemTotal:        2582696 kB
MemFree:          118268 kB
Buffers:            8856 kB
Cached:           808452 kB
SwapCached:           60 kB
Active:          1125444 kB
Inactive:         546040 kB
Active(anon):     693048 kB
Inactive(anon):   166156 kB
Active(file):     432396 kB
Inactive(file):   379884 kB
Unevictable:        3920 kB
Mlocked:               0 kB
SwapTotal:        524284 kB
SwapFree:         505060 kB
Dirty:              1128 kB
Writeback:             0 kB
AnonPages:        858048 kB
Mapped:           495216 kB
Shmem:              1108 kB
Slab:             105160 kB
SReclaimable:      32832 kB
SUnreclaim:        72328 kB
KernelStack:       40688 kB
PageTables:        42032 kB
NFS_Unstable:          0 kB
Bounce:                0 kB
WritebackTmp:          0 kB
CommitLimit:     1815632 kB
Committed_AS:   115650076 kB
VmallocTotal:   251658176 kB
VmallocUsed:      124512 kB
VmallocChunk:   251445156 kB
Time pass: 208 sec

---2015-12-04 23:55:29
MemTotal:        2582696 kB
MemFree:          116508 kB
Buffers:            8856 kB
Cached:           808968 kB
SwapCached:           60 kB
Active:          1126364 kB
Inactive:         546508 kB
Active(anon):     693924 kB
Inactive(anon):   166152 kB
Active(file):     432440 kB
Inactive(file):   380356 kB
Unevictable:        3920 kB
Mlocked:               0 kB
SwapTotal:        524284 kB
SwapFree:         505060 kB
Dirty:              1196 kB
Writeback:             0 kB
AnonPages:        858956 kB
Mapped:           495176 kB
Shmem:              1108 kB
Slab:             105176 kB
SReclaimable:      32848 kB
SUnreclaim:        72328 kB
KernelStack:       40608 kB
PageTables:        41948 kB
NFS_Unstable:          0 kB
Bounce:                0 kB
WritebackTmp:          0 kB
CommitLimit:     1815632 kB
Committed_AS:   115650084 kB
VmallocTotal:   251658176 kB
VmallocUsed:      124512 kB
VmallocChunk:   251445156 kB
Time pass: 211 sec

---2015-12-04 23:55:29
MemTotal:        2582696 kB
MemFree:          126436 kB
Buffers:            8856 kB
Cached:           808968 kB
SwapCached:           60 kB
Active:          1118888 kB
Inactive:         546500 kB
Active(anon):     686440 kB
Inactive(anon):   166152 kB
Active(file):     432448 kB
Inactive(file):   380348 kB
Unevictable:        3920 kB
Mlocked:               0 kB
SwapTotal:        524284 kB
SwapFree:         505060 kB
Dirty:              1196 kB
Writeback:             0 kB
AnonPages:        851240 kB
Mapped:           488452 kB
Shmem:              1108 kB
Slab:             105164 kB
SReclaimable:      32848 kB
SUnreclaim:        72316 kB
KernelStack:       39888 kB
PageTables:        41504 kB
NFS_Unstable:          0 kB
Bounce:                0 kB
WritebackTmp:          0 kB
CommitLimit:     1815632 kB
Committed_AS:   114393916 kB
VmallocTotal:   251658176 kB
VmallocUsed:      123492 kB
VmallocChunk:   251445156 kB
Time pass: 215 sec

---2015-12-04 23:55:29
MemTotal:        2582696 kB
MemFree:          114316 kB
Buffers:            8856 kB
Cached:           810352 kB
SwapCached:           60 kB
Active:          1129232 kB
Inactive:         547820 kB
Active(anon):     696788 kB
Inactive(anon):   166148 kB
Active(file):     432444 kB
Inactive(file):   381672 kB
Unevictable:        3920 kB
Mlocked:               0 kB
SwapTotal:        524284 kB
SwapFree:         505060 kB
Dirty:              1236 kB
Writeback:             0 kB
AnonPages:        861716 kB
Mapped:           495416 kB
Shmem:              1108 kB
Slab:             105236 kB
SReclaimable:      32848 kB
SUnreclaim:        72388 kB
KernelStack:       40864 kB
PageTables:        42220 kB
NFS_Unstable:          0 kB
Bounce:                0 kB
WritebackTmp:          0 kB
CommitLimit:     1815632 kB
Committed_AS:   115671460 kB
VmallocTotal:   251658176 kB
VmallocUsed:      124520 kB
VmallocChunk:   251437588 kB
Time pass: 219 sec

---2015-12-04 23:55:29
MemTotal:        2582696 kB
MemFree:          117236 kB
Buffers:            8856 kB
Cached:           810796 kB
SwapCached:          208 kB
Active:          1122816 kB
Inactive:         548464 kB
Active(anon):     690356 kB
Inactive(anon):   166316 kB
Active(file):     432460 kB
Inactive(file):   382148 kB
Unevictable:        3920 kB
Mlocked:               0 kB
SwapTotal:        524284 kB
SwapFree:         505076 kB
Dirty:              1212 kB
Writeback:             0 kB
AnonPages:        855376 kB
Mapped:           495440 kB
Shmem:              1124 kB
Slab:             105252 kB
SReclaimable:      32848 kB
SUnreclaim:        72404 kB
KernelStack:       40592 kB
PageTables:        41956 kB
NFS_Unstable:          0 kB
Bounce:                0 kB
WritebackTmp:          0 kB
CommitLimit:     1815632 kB
Committed_AS:   115654148 kB
VmallocTotal:   251658176 kB
VmallocUsed:      124512 kB
VmallocChunk:   251436060 kB
Time pass: 223 sec

---2015-12-04 23:55:29
MemTotal:        2582696 kB
MemFree:          128344 kB
Buffers:            8856 kB
Cached:           810820 kB
SwapCached:          208 kB
Active:          1113796 kB
Inactive:         548488 kB
Active(anon):     681336 kB
Inactive(anon):   166336 kB
Active(file):     432460 kB
Inactive(file):   382152 kB
Unevictable:        3920 kB
Mlocked:               0 kB
SwapTotal:        524284 kB
SwapFree:         505076 kB
Dirty:              1244 kB
Writeback:             0 kB
AnonPages:        846560 kB
Mapped:           495448 kB
Shmem:              1144 kB
Slab:             105248 kB
SReclaimable:      32848 kB
SUnreclaim:        72400 kB
KernelStack:       40176 kB
PageTables:        41932 kB
NFS_Unstable:          0 kB
Bounce:                0 kB
WritebackTmp:          0 kB
CommitLimit:     1815632 kB
Committed_AS:   115653212 kB
VmallocTotal:   251658176 kB
VmallocUsed:      124512 kB
VmallocChunk:   251436060 kB
Time pass: 227 sec

---2015-12-04 23:55:29
MemTotal:        2582696 kB
MemFree:          127620 kB
Buffers:            8856 kB
Cached:           810820 kB
SwapCached:          208 kB
Active:          1113992 kB
Inactive:         548488 kB
Active(anon):     681532 kB
Inactive(anon):   166336 kB
Active(file):     432460 kB
Inactive(file):   382152 kB
Unevictable:        3920 kB
Mlocked:               0 kB
SwapTotal:        524284 kB
SwapFree:         505076 kB
Dirty:              1236 kB
Writeback:             0 kB
AnonPages:        846696 kB
Mapped:           495532 kB
Shmem:              1144 kB
Slab:             105256 kB
SReclaimable:      32848 kB
SUnreclaim:        72408 kB
KernelStack:       40144 kB
PageTables:        41964 kB
NFS_Unstable:          0 kB
Bounce:                0 kB
WritebackTmp:          0 kB
CommitLimit:     1815632 kB
Committed_AS:   115653092 kB
VmallocTotal:   251658176 kB
VmallocUsed:      124512 kB
VmallocChunk:   251436060 kB
Time pass: 231 sec

---2015-12-04 23:55:29
MemTotal:        2582696 kB
MemFree:          142048 kB
Buffers:            8856 kB
Cached:           811124 kB
SwapCached:          208 kB
Active:          1102320 kB
Inactive:         547220 kB
Active(anon):     668316 kB
Inactive(anon):   166308 kB
Active(file):     434004 kB
Inactive(file):   380912 kB
Unevictable:        3920 kB
Mlocked:               0 kB
SwapTotal:        524284 kB
SwapFree:         505076 kB
Dirty:              1236 kB
Writeback:             0 kB
AnonPages:        833764 kB
Mapped:           488692 kB
Shmem:              1144 kB
Slab:             105276 kB
SReclaimable:      32848 kB
SUnreclaim:        72428 kB
KernelStack:       39344 kB
PageTables:        41424 kB
NFS_Unstable:          0 kB
Bounce:                0 kB
WritebackTmp:          0 kB
CommitLimit:     1815632 kB
Committed_AS:   114401156 kB
VmallocTotal:   251658176 kB
VmallocUsed:      123492 kB
VmallocChunk:   251436220 kB
Time pass: 235 sec

---2015-12-04 23:55:29
MemTotal:        2582696 kB
MemFree:          124044 kB
Buffers:            8856 kB
Cached:           811200 kB
SwapCached:          208 kB
Active:          1119644 kB
Inactive:         547304 kB
Active(anon):     685648 kB
Inactive(anon):   166316 kB
Active(file):     433996 kB
Inactive(file):   380988 kB
Unevictable:        3920 kB
Mlocked:               0 kB
SwapTotal:        524284 kB
SwapFree:         505076 kB
Dirty:              1268 kB
Writeback:             0 kB
AnonPages:        850748 kB
Mapped:           495536 kB
Shmem:              1152 kB
Slab:             105240 kB
SReclaimable:      32848 kB
SUnreclaim:        72392 kB
KernelStack:       40592 kB
PageTables:        42156 kB
NFS_Unstable:          0 kB
Bounce:                0 kB
WritebackTmp:          0 kB
CommitLimit:     1815632 kB
Committed_AS:   115660892 kB
VmallocTotal:   251658176 kB
VmallocUsed:      124512 kB
VmallocChunk:   251445156 kB
Time pass: 239 sec

---2015-12-04 23:55:29
MemTotal:        2582696 kB
MemFree:          126240 kB
Buffers:            8856 kB
Cached:           811208 kB
SwapCached:          208 kB
Active:          1116808 kB
Inactive:         547304 kB
Active(anon):     682804 kB
Inactive(anon):   166324 kB
Active(file):     434004 kB
Inactive(file):   380980 kB
Unevictable:        3920 kB
Mlocked:               0 kB
SwapTotal:        524284 kB
SwapFree:         505076 kB
Dirty:              1236 kB
Writeback:             0 kB
AnonPages:        848392 kB
Mapped:           495504 kB
Shmem:              1160 kB
Slab:             105216 kB
SReclaimable:      32848 kB
SUnreclaim:        72368 kB
KernelStack:       40208 kB
PageTables:        41932 kB
NFS_Unstable:          0 kB
Bounce:                0 kB
WritebackTmp:          0 kB
CommitLimit:     1815632 kB
Committed_AS:   115660748 kB
VmallocTotal:   251658176 kB
VmallocUsed:      124512 kB
VmallocChunk:   251445156 kB
Time pass: 243 sec

---2015-12-04 23:55:29
MemTotal:        2582696 kB
MemFree:          126440 kB
Buffers:            8856 kB
Cached:           811208 kB
SwapCached:          208 kB
Active:          1116992 kB
Inactive:         547296 kB
Active(anon):     682988 kB
Inactive(anon):   166316 kB
Active(file):     434004 kB
Inactive(file):   380980 kB
Unevictable:        3920 kB
Mlocked:               0 kB
SwapTotal:        524284 kB
SwapFree:         505076 kB
Dirty:              1240 kB
Writeback:             0 kB
AnonPages:        848100 kB
Mapped:           495508 kB
Shmem:              1160 kB
Slab:             105296 kB
SReclaimable:      32848 kB
SUnreclaim:        72448 kB
KernelStack:       40208 kB
PageTables:        41932 kB
NFS_Unstable:          0 kB
Bounce:                0 kB
WritebackTmp:          0 kB
CommitLimit:     1815632 kB
Committed_AS:   115660732 kB
VmallocTotal:   251658176 kB
VmallocUsed:      124512 kB
VmallocChunk:   251445156 kB
Time pass: 247 sec

---2015-12-04 23:55:29
MemTotal:        2582696 kB
MemFree:          126132 kB
Buffers:            8856 kB
Cached:           811208 kB
SwapCached:          208 kB
Active:          1117252 kB
Inactive:         547296 kB
Active(anon):     683248 kB
Inactive(anon):   166316 kB
Active(file):     434004 kB
Inactive(file):   380980 kB
Unevictable:        3920 kB
Mlocked:               0 kB
SwapTotal:        524284 kB
SwapFree:         505076 kB
Dirty:              1240 kB
Writeback:             0 kB
AnonPages:        848312 kB
Mapped:           495456 kB
Shmem:              1160 kB
Slab:             105288 kB
SReclaimable:      32848 kB
SUnreclaim:        72440 kB
KernelStack:       40176 kB
PageTables:        41904 kB
NFS_Unstable:          0 kB
Bounce:                0 kB
WritebackTmp:          0 kB
CommitLimit:     1815632 kB
Committed_AS:   115660740 kB
VmallocTotal:   251658176 kB
VmallocUsed:      124512 kB
VmallocChunk:   251445156 kB
Time pass: 251 sec

---2015-12-04 23:55:29
MemTotal:        2582696 kB
MemFree:          134228 kB
Buffers:            8856 kB
Cached:           811208 kB
SwapCached:          208 kB
Active:          1109868 kB
Inactive:         547296 kB
Active(anon):     675864 kB
Inactive(anon):   166316 kB
Active(file):     434004 kB
Inactive(file):   380980 kB
Unevictable:        3920 kB
Mlocked:               0 kB
SwapTotal:        524284 kB
SwapFree:         505076 kB
Dirty:              1236 kB
Writeback:             0 kB
AnonPages:        840972 kB
Mapped:           488772 kB
Shmem:              1160 kB
Slab:             105328 kB
SReclaimable:      32848 kB
SUnreclaim:        72480 kB
KernelStack:       39344 kB
PageTables:        41440 kB
NFS_Unstable:          0 kB
Bounce:                0 kB
WritebackTmp:          0 kB
CommitLimit:     1815632 kB
Committed_AS:   114408812 kB
VmallocTotal:   251658176 kB
VmallocUsed:      123492 kB
VmallocChunk:   251445156 kB
Time pass: 255 sec

---2015-12-04 23:55:29
MemTotal:        2582696 kB
MemFree:          115912 kB
Buffers:            8856 kB
Cached:           811240 kB
SwapCached:          208 kB
Active:          1127028 kB
Inactive:         547336 kB
Active(anon):     693032 kB
Inactive(anon):   166332 kB
Active(file):     433996 kB
Inactive(file):   381004 kB
Unevictable:        3920 kB
Mlocked:               0 kB
SwapTotal:        524284 kB
SwapFree:         505076 kB
Dirty:              1252 kB
Writeback:             0 kB
AnonPages:        858464 kB
Mapped:           495492 kB
Shmem:              1176 kB
Slab:             105336 kB
SReclaimable:      32880 kB
SUnreclaim:        72456 kB
KernelStack:       40240 kB
PageTables:        41940 kB
NFS_Unstable:          0 kB
Bounce:                0 kB
WritebackTmp:          0 kB
CommitLimit:     1815632 kB
Committed_AS:   115673204 kB
VmallocTotal:   251658176 kB
VmallocUsed:      124524 kB
VmallocChunk:   251445156 kB
Time pass: 259 sec

---2015-12-04 23:55:29
MemTotal:        2582696 kB
MemFree:          117516 kB
Buffers:            8864 kB
Cached:           811252 kB
SwapCached:          208 kB
Active:          1124280 kB
Inactive:         547344 kB
Active(anon):     690272 kB
Inactive(anon):   166332 kB
Active(file):     434008 kB
Inactive(file):   381012 kB
Unevictable:        3920 kB
Mlocked:               0 kB
SwapTotal:        524284 kB
SwapFree:         505076 kB
Dirty:              1264 kB
Writeback:             0 kB
AnonPages:        855480 kB
Mapped:           495492 kB
Shmem:              1176 kB
Slab:             105408 kB
SReclaimable:      32880 kB
SUnreclaim:        72528 kB
KernelStack:       40208 kB
PageTables:        41940 kB
NFS_Unstable:          0 kB
Bounce:                0 kB
WritebackTmp:          0 kB
CommitLimit:     1815632 kB
Committed_AS:   115673100 kB
VmallocTotal:   251658176 kB
VmallocUsed:      124524 kB
VmallocChunk:   251445156 kB
Time pass: 263 sec

---2015-12-04 23:55:29
MemTotal:        2582696 kB
MemFree:          118172 kB
Buffers:            8864 kB
Cached:           811252 kB
SwapCached:          208 kB
Active:          1124660 kB
Inactive:         547344 kB
Active(anon):     690652 kB
Inactive(anon):   166332 kB
Active(file):     434008 kB
Inactive(file):   381012 kB
Unevictable:        3920 kB
Mlocked:               0 kB
SwapTotal:        524284 kB
SwapFree:         505076 kB
Dirty:              1236 kB
Writeback:             0 kB
AnonPages:        855684 kB
Mapped:           495576 kB
Shmem:              1176 kB
Slab:             105344 kB
SReclaimable:      32880 kB
SUnreclaim:        72464 kB
KernelStack:       40176 kB
PageTables:        41968 kB
NFS_Unstable:          0 kB
Bounce:                0 kB
WritebackTmp:          0 kB
CommitLimit:     1815632 kB
Committed_AS:   115673116 kB
VmallocTotal:   251658176 kB
VmallocUsed:      124524 kB
VmallocChunk:   251445156 kB
Time pass: 267 sec

---2015-12-04 23:55:29
MemTotal:        2582696 kB
MemFree:          117164 kB
Buffers:            8864 kB
Cached:           811820 kB
SwapCached:          208 kB
Active:          1126140 kB
Inactive:         547856 kB
Active(anon):     692076 kB
Inactive(anon):   166332 kB
Active(file):     434064 kB
Inactive(file):   381524 kB
Unevictable:        3920 kB
Mlocked:               0 kB
SwapTotal:        524284 kB
SwapFree:         505076 kB
Dirty:              1904 kB
Writeback:             0 kB
AnonPages:        857256 kB
Mapped:           495760 kB
Shmem:              1176 kB
Slab:             105340 kB
SReclaimable:      32880 kB
SUnreclaim:        72460 kB
KernelStack:       40048 kB
PageTables:        41988 kB
NFS_Unstable:          0 kB
Bounce:                0 kB
WritebackTmp:          0 kB
CommitLimit:     1815632 kB
Committed_AS:   115673004 kB
VmallocTotal:   251658176 kB
VmallocUsed:      124524 kB
VmallocChunk:   251445156 kB
Time pass: 271 sec

---2015-12-04 23:55:29
MemTotal:        2582696 kB
MemFree:          118680 kB
Buffers:            8864 kB
Cached:           811820 kB
SwapCached:          208 kB
Active:          1123540 kB
Inactive:         547856 kB
Active(anon):     689476 kB
Inactive(anon):   166332 kB
Active(file):     434064 kB
Inactive(file):   381524 kB
Unevictable:        3920 kB
Mlocked:               0 kB
SwapTotal:        524284 kB
SwapFree:         505076 kB
Dirty:              1896 kB
Writeback:             0 kB
AnonPages:        855292 kB
Mapped:           494168 kB
Shmem:              1176 kB
Slab:             105380 kB
SReclaimable:      32880 kB
SUnreclaim:        72500 kB
KernelStack:       39632 kB
PageTables:        41844 kB
NFS_Unstable:          0 kB
Bounce:                0 kB
WritebackTmp:          0 kB
CommitLimit:     1815632 kB
Committed_AS:   115667176 kB
VmallocTotal:   251658176 kB
VmallocUsed:      124524 kB
VmallocChunk:   251445156 kB
Time pass: 275 sec

---2015-12-04 23:55:29
MemTotal:        2582696 kB
MemFree:          110652 kB
Buffers:            8864 kB
Cached:           806792 kB
SwapCached:          208 kB
Active:          1128564 kB
Inactive:         551764 kB
Active(anon):     697712 kB
Inactive(anon):   172072 kB
Active(file):     430852 kB
Inactive(file):   379692 kB
Unevictable:        3920 kB
Mlocked:               0 kB
SwapTotal:        524284 kB
SwapFree:         504392 kB
Dirty:              1344 kB
Writeback:             0 kB
AnonPages:        868500 kB
Mapped:           495584 kB
Shmem:              1192 kB
Slab:             105484 kB
SReclaimable:      32988 kB
SUnreclaim:        72496 kB
KernelStack:       40192 kB
PageTables:        42000 kB
NFS_Unstable:          0 kB
Bounce:                0 kB
WritebackTmp:          0 kB
CommitLimit:     1815632 kB
Committed_AS:   115677228 kB
VmallocTotal:   251658176 kB
VmallocUsed:      124524 kB
VmallocChunk:   251445156 kB
Time pass: 279 sec

---2015-12-04 23:55:29
MemTotal:        2582696 kB
MemFree:          119720 kB
Buffers:            8864 kB
Cached:           806792 kB
SwapCached:          208 kB
Active:          1118944 kB
Inactive:         551752 kB
Active(anon):     688084 kB
Inactive(anon):   172068 kB
Active(file):     430860 kB
Inactive(file):   379684 kB
Unevictable:        3920 kB
Mlocked:               0 kB
SwapTotal:        524284 kB
SwapFree:         504392 kB
Dirty:              1328 kB
Writeback:             0 kB
AnonPages:        858968 kB
Mapped:           495584 kB
Shmem:              1192 kB
Slab:             105684 kB
SReclaimable:      33132 kB
SUnreclaim:        72552 kB
KernelStack:       40176 kB
PageTables:        42004 kB
NFS_Unstable:          0 kB
Bounce:                0 kB
WritebackTmp:          0 kB
CommitLimit:     1815632 kB
Committed_AS:   115677140 kB
VmallocTotal:   251658176 kB
VmallocUsed:      124524 kB
VmallocChunk:   251445156 kB
Time pass: 283 sec

---2015-12-04 23:55:29
MemTotal:        2582696 kB
MemFree:          120272 kB
Buffers:            8864 kB
Cached:           806792 kB
SwapCached:          208 kB
Active:          1119160 kB
Inactive:         551744 kB
Active(anon):     688300 kB
Inactive(anon):   172060 kB
Active(file):     430860 kB
Inactive(file):   379684 kB
Unevictable:        3920 kB
Mlocked:               0 kB
SwapTotal:        524284 kB
SwapFree:         504392 kB
Dirty:              1328 kB
Writeback:             0 kB
AnonPages:        859020 kB
Mapped:           495584 kB
Shmem:              1192 kB
Slab:             105672 kB
SReclaimable:      33132 kB
SUnreclaim:        72540 kB
KernelStack:       40144 kB
PageTables:        42004 kB
NFS_Unstable:          0 kB
Bounce:                0 kB
WritebackTmp:          0 kB
CommitLimit:     1815632 kB
Committed_AS:   115677172 kB
VmallocTotal:   251658176 kB
VmallocUsed:      124524 kB
VmallocChunk:   251445156 kB
Time pass: 287 sec

---2015-12-04 23:55:29
MemTotal:        2582696 kB
MemFree:          128900 kB
Buffers:            8864 kB
Cached:           806792 kB
SwapCached:          208 kB
Active:          1112052 kB
Inactive:         551740 kB
Active(anon):     681188 kB
Inactive(anon):   172060 kB
Active(file):     430864 kB
Inactive(file):   379680 kB
Unevictable:        3920 kB
Mlocked:               0 kB
SwapTotal:        524284 kB
SwapFree:         504392 kB
Dirty:              1328 kB
Writeback:             0 kB
AnonPages:        852196 kB
Mapped:           488844 kB
Shmem:              1192 kB
Slab:             105544 kB
SReclaimable:      33004 kB
SUnreclaim:        72540 kB
KernelStack:       39632 kB
PageTables:        41528 kB
NFS_Unstable:          0 kB
Bounce:                0 kB
WritebackTmp:          0 kB
CommitLimit:     1815632 kB
Committed_AS:   114425220 kB
VmallocTotal:   251658176 kB
VmallocUsed:      123504 kB
VmallocChunk:   251445156 kB
Time pass: 291 sec

---2015-12-04 23:55:29
MemTotal:        2582696 kB
MemFree:          122740 kB
Buffers:            8864 kB
Cached:           807212 kB
SwapCached:          208 kB
Active:          1115236 kB
Inactive:         552008 kB
Active(anon):     684288 kB
Inactive(anon):   172060 kB
Active(file):     430948 kB
Inactive(file):   379948 kB
Unevictable:        3920 kB
Mlocked:               0 kB
SwapTotal:        524284 kB
SwapFree:         504392 kB
Dirty:              1344 kB
Writeback:             0 kB
AnonPages:        855064 kB
Mapped:           495176 kB
Shmem:              1192 kB
Slab:             105496 kB
SReclaimable:      33004 kB
SUnreclaim:        72492 kB
KernelStack:       41712 kB
PageTables:        41924 kB
NFS_Unstable:          0 kB
Bounce:                0 kB
WritebackTmp:          0 kB
CommitLimit:     1815632 kB
Committed_AS:   115692960 kB
VmallocTotal:   251658176 kB
VmallocUsed:      124524 kB
VmallocChunk:   251445156 kB
Time pass: 295 sec

---2015-12-04 23:55:29
MemTotal:        2582696 kB
MemFree:          132336 kB
Buffers:            8864 kB
Cached:           807208 kB
SwapCached:          208 kB
Active:          1106620 kB
Inactive:         552076 kB
Active(anon):     675676 kB
Inactive(anon):   172068 kB
Active(file):     430944 kB
Inactive(file):   380008 kB
Unevictable:        3920 kB
Mlocked:               0 kB
SwapTotal:        524284 kB
SwapFree:         504392 kB
Dirty:              1340 kB
Writeback:             0 kB
AnonPages:        846492 kB
Mapped:           495620 kB
Shmem:              1200 kB
Slab:             105584 kB
SReclaimable:      33004 kB
SUnreclaim:        72580 kB
KernelStack:       40272 kB
PageTables:        42028 kB
NFS_Unstable:          0 kB
Bounce:                0 kB
WritebackTmp:          0 kB
CommitLimit:     1815632 kB
Committed_AS:   115681348 kB
VmallocTotal:   251658176 kB
VmallocUsed:      124564 kB
VmallocChunk:   251445156 kB
Time pass: 299 sec

---2015-12-04 23:55:29
MemTotal:        2582696 kB
MemFree:          134736 kB
Buffers:            8864 kB
Cached:           807208 kB
SwapCached:          208 kB
Active:          1104412 kB
Inactive:         552068 kB
Active(anon):     673460 kB
Inactive(anon):   172068 kB
Active(file):     430952 kB
Inactive(file):   380000 kB
Unevictable:        3920 kB
Mlocked:               0 kB
SwapTotal:        524284 kB
SwapFree:         504392 kB
Dirty:              1340 kB
Writeback:             0 kB
AnonPages:        844296 kB
Mapped:           495624 kB
Shmem:              1200 kB
Slab:             105504 kB
SReclaimable:      33004 kB
SUnreclaim:        72500 kB
KernelStack:       40272 kB
PageTables:        42028 kB
NFS_Unstable:          0 kB
Bounce:                0 kB
WritebackTmp:          0 kB
CommitLimit:     1815632 kB
Committed_AS:   115681276 kB
VmallocTotal:   251658176 kB
VmallocUsed:      124564 kB
VmallocChunk:   251445156 kB
Time pass: 303 sec

---2015-12-04 23:55:29
MemTotal:        2582696 kB
MemFree:          135096 kB
Buffers:            8864 kB
Cached:           807208 kB
SwapCached:          208 kB
Active:          1104624 kB
Inactive:         552064 kB
Active(anon):     673672 kB
Inactive(anon):   172064 kB
Active(file):     430952 kB
Inactive(file):   380000 kB
Unevictable:        3920 kB
Mlocked:               0 kB
SwapTotal:        524284 kB
SwapFree:         504392 kB
Dirty:              1340 kB
Writeback:             0 kB
AnonPages:        844584 kB
Mapped:           495624 kB
Shmem:              1200 kB
Slab:             105492 kB
SReclaimable:      33004 kB
SUnreclaim:        72488 kB
KernelStack:       40272 kB
PageTables:        42024 kB
NFS_Unstable:          0 kB
Bounce:                0 kB
WritebackTmp:          0 kB
CommitLimit:     1815632 kB
Committed_AS:   115681260 kB
VmallocTotal:   251658176 kB
VmallocUsed:      124564 kB
VmallocChunk:   251445156 kB
Time pass: 307 sec

---2015-12-04 23:55:29
MemTotal:        2582696 kB
MemFree:          139724 kB
Buffers:            8864 kB
Cached:           807232 kB
SwapCached:          208 kB
Active:          1101148 kB
Inactive:         552088 kB
Active(anon):     670196 kB
Inactive(anon):   172072 kB
Active(file):     430952 kB
Inactive(file):   380016 kB
Unevictable:        3920 kB
Mlocked:               0 kB
SwapTotal:        524284 kB
SwapFree:         504392 kB
Dirty:              1340 kB
Writeback:             0 kB
AnonPages:        840884 kB
Mapped:           489076 kB
Shmem:              1208 kB
Slab:             105476 kB
SReclaimable:      33004 kB
SUnreclaim:        72472 kB
KernelStack:       39504 kB
PageTables:        41576 kB
NFS_Unstable:          0 kB
Bounce:                0 kB
WritebackTmp:          0 kB
CommitLimit:     1815632 kB
Committed_AS:   114433548 kB
VmallocTotal:   251658176 kB
VmallocUsed:      123504 kB
VmallocChunk:   251445156 kB
Time pass: 311 sec

---2015-12-04 23:55:29
MemTotal:        2582696 kB
MemFree:          121964 kB
Buffers:            8864 kB
Cached:           807584 kB
SwapCached:          208 kB
Active:          1116736 kB
Inactive:         552420 kB
Active(anon):     685780 kB
Inactive(anon):   172076 kB
Active(file):     430956 kB
Inactive(file):   380344 kB
Unevictable:        3920 kB
Mlocked:               0 kB
SwapTotal:        524284 kB
SwapFree:         504392 kB
Dirty:              1376 kB
Writeback:             4 kB
AnonPages:        856656 kB
Mapped:           495600 kB
Shmem:              1212 kB
Slab:             105436 kB
SReclaimable:      33004 kB
SUnreclaim:        72432 kB
KernelStack:       40336 kB
PageTables:        42040 kB
NFS_Unstable:          0 kB
Bounce:                0 kB
WritebackTmp:          0 kB
CommitLimit:     1815632 kB
Committed_AS:   115689756 kB
VmallocTotal:   251658176 kB
VmallocUsed:      124564 kB
VmallocChunk:   251445156 kB
Time pass: 315 sec

---2015-12-04 23:55:29
MemTotal:        2582696 kB
MemFree:          118760 kB
Buffers:            8864 kB
Cached:           807640 kB
SwapCached:          208 kB
Active:          1119480 kB
Inactive:         552484 kB
Active(anon):     688516 kB
Inactive(anon):   172136 kB
Active(file):     430964 kB
Inactive(file):   380348 kB
Unevictable:        3920 kB
Mlocked:               0 kB
SwapTotal:        524284 kB
SwapFree:         504392 kB
Dirty:              1336 kB
Writeback:             0 kB
AnonPages:        859380 kB
Mapped:           495824 kB
Shmem:              1272 kB
Slab:             105520 kB
SReclaimable:      33020 kB
SUnreclaim:        72500 kB
KernelStack:       40224 kB
PageTables:        42072 kB
NFS_Unstable:          0 kB
Bounce:                0 kB
WritebackTmp:          0 kB
CommitLimit:     1815632 kB
Committed_AS:   115693748 kB
VmallocTotal:   251658176 kB
VmallocUsed:      124524 kB
VmallocChunk:   251445156 kB
Time pass: 319 sec

---2015-12-04 23:55:29
MemTotal:        2582696 kB
MemFree:          119236 kB
Buffers:            8864 kB
Cached:           807640 kB
SwapCached:          208 kB
Active:          1120764 kB
Inactive:         550948 kB
Active(anon):     688264 kB
Inactive(anon):   172136 kB
Active(file):     432500 kB
Inactive(file):   378812 kB
Unevictable:        3920 kB
Mlocked:               0 kB
SwapTotal:        524284 kB
SwapFree:         504392 kB
Dirty:              1340 kB
Writeback:             0 kB
AnonPages:        859132 kB
Mapped:           495804 kB
Shmem:              1272 kB
Slab:             105496 kB
SReclaimable:      33020 kB
SUnreclaim:        72476 kB
KernelStack:       40192 kB
PageTables:        42052 kB
NFS_Unstable:          0 kB
Bounce:                0 kB
WritebackTmp:          0 kB
CommitLimit:     1815632 kB
Committed_AS:   115693652 kB
VmallocTotal:   251658176 kB
VmallocUsed:      124524 kB
VmallocChunk:   251445156 kB
Time pass: 323 sec

---2015-12-04 23:55:29
MemTotal:        2582696 kB
MemFree:          119348 kB
Buffers:            8872 kB
Cached:           807640 kB
SwapCached:          208 kB
Active:          1120936 kB
Inactive:         550956 kB
Active(anon):     688436 kB
Inactive(anon):   172136 kB
Active(file):     432500 kB
Inactive(file):   378820 kB
Unevictable:        3920 kB
Mlocked:               0 kB
SwapTotal:        524284 kB
SwapFree:         504392 kB
Dirty:              1340 kB
Writeback:             0 kB
AnonPages:        859504 kB
Mapped:           495804 kB
Shmem:              1272 kB
Slab:             105448 kB
SReclaimable:      33020 kB
SUnreclaim:        72428 kB
KernelStack:       40192 kB
PageTables:        42048 kB
NFS_Unstable:          0 kB
Bounce:                0 kB
WritebackTmp:          0 kB
CommitLimit:     1815632 kB
Committed_AS:   115693652 kB
VmallocTotal:   251658176 kB
VmallocUsed:      124524 kB
VmallocChunk:   251445156 kB
Time pass: 327 sec

---2015-12-04 23:55:29
MemTotal:        2582696 kB
MemFree:          126860 kB
Buffers:            8872 kB
Cached:           808264 kB
SwapCached:          208 kB
Active:          1114600 kB
Inactive:         551532 kB
Active(anon):     682052 kB
Inactive(anon):   172136 kB
Active(file):     432548 kB
Inactive(file):   379396 kB
Unevictable:        3920 kB
Mlocked:               0 kB
SwapTotal:        524284 kB
SwapFree:         504392 kB
Dirty:              2000 kB
Writeback:             0 kB
AnonPages:        852872 kB
Mapped:           489056 kB
Shmem:              1272 kB
Slab:             105448 kB
SReclaimable:      33020 kB
SUnreclaim:        72428 kB
KernelStack:       39392 kB
PageTables:        41556 kB
NFS_Unstable:          0 kB
Bounce:                0 kB
WritebackTmp:          0 kB
CommitLimit:     1815632 kB
Committed_AS:   114441676 kB
VmallocTotal:   251658176 kB
VmallocUsed:      123504 kB
VmallocChunk:   251445156 kB
Time pass: 331 sec

---2015-12-04 23:55:29
MemTotal:        2582696 kB
MemFree:          116068 kB
Buffers:            8872 kB
Cached:           808400 kB
SwapCached:          204 kB
Active:          1123540 kB
Inactive:         551672 kB
Active(anon):     691000 kB
Inactive(anon):   172132 kB
Active(file):     432540 kB
Inactive(file):   379540 kB
Unevictable:        3920 kB
Mlocked:               0 kB
SwapTotal:        524284 kB
SwapFree:         504396 kB
Dirty:              2056 kB
Writeback:            24 kB
AnonPages:        861948 kB
Mapped:           495644 kB
Shmem:              1272 kB
Slab:             105384 kB
SReclaimable:      32956 kB
SUnreclaim:        72428 kB
KernelStack:       40496 kB
PageTables:        42072 kB
NFS_Unstable:          0 kB
Bounce:                0 kB
WritebackTmp:          0 kB
CommitLimit:     1815632 kB
Committed_AS:   115697532 kB
VmallocTotal:   251658176 kB
VmallocUsed:      124564 kB
VmallocChunk:   251445156 kB
Time pass: 335 sec

---2015-12-04 23:55:29
MemTotal:        2582696 kB
MemFree:          114480 kB
Buffers:            8872 kB
Cached:           808516 kB
SwapCached:          204 kB
Active:          1124624 kB
Inactive:         551780 kB
Active(anon):     692076 kB
Inactive(anon):   172140 kB
Active(file):     432548 kB
Inactive(file):   379640 kB
Unevictable:        3920 kB
Mlocked:               0 kB
SwapTotal:        524284 kB
SwapFree:         504396 kB
Dirty:              1388 kB
Writeback:             0 kB
AnonPages:        863128 kB
Mapped:           495776 kB
Shmem:              1280 kB
Slab:             105324 kB
SReclaimable:      32956 kB
SUnreclaim:        72368 kB
KernelStack:       40256 kB
PageTables:        42064 kB
NFS_Unstable:          0 kB
Bounce:                0 kB
WritebackTmp:          0 kB
CommitLimit:     1815632 kB
Committed_AS:   115697412 kB
VmallocTotal:   251658176 kB
VmallocUsed:      124564 kB
VmallocChunk:   251445156 kB
Time pass: 339 sec

---2015-12-04 23:55:29
MemTotal:        2582696 kB
MemFree:          131528 kB
Buffers:            8872 kB
Cached:           808516 kB
SwapCached:          204 kB
Active:          1107480 kB
Inactive:         551780 kB
Active(anon):     674932 kB
Inactive(anon):   172140 kB
Active(file):     432548 kB
Inactive(file):   379640 kB
Unevictable:        3920 kB
Mlocked:               0 kB
SwapTotal:        524284 kB
SwapFree:         504396 kB
Dirty:              1392 kB
Writeback:             0 kB
AnonPages:        845744 kB
Mapped:           495776 kB
Shmem:              1280 kB
Slab:             105424 kB
SReclaimable:      32956 kB
SUnreclaim:        72468 kB
KernelStack:       40256 kB
PageTables:        42064 kB
NFS_Unstable:          0 kB
Bounce:                0 kB
WritebackTmp:          0 kB
CommitLimit:     1815632 kB
Committed_AS:   115697452 kB
VmallocTotal:   251658176 kB
VmallocUsed:      124564 kB
VmallocChunk:   251445156 kB
Time pass: 343 sec

---2015-12-04 23:55:29
MemTotal:        2582696 kB
MemFree:          129780 kB
Buffers:            8872 kB
Cached:           808516 kB
SwapCached:          204 kB
Active:          1109296 kB
Inactive:         551780 kB
Active(anon):     676748 kB
Inactive(anon):   172140 kB
Active(file):     432548 kB
Inactive(file):   379640 kB
Unevictable:        3920 kB
Mlocked:               0 kB
SwapTotal:        524284 kB
SwapFree:         504396 kB
Dirty:              1392 kB
Writeback:             0 kB
AnonPages:        847688 kB
Mapped:           495644 kB
Shmem:              1280 kB
Slab:             105396 kB
SReclaimable:      32956 kB
SUnreclaim:        72440 kB
KernelStack:       40256 kB
PageTables:        42092 kB
NFS_Unstable:          0 kB
Bounce:                0 kB
WritebackTmp:          0 kB
CommitLimit:     1815632 kB
Committed_AS:   115697444 kB
VmallocTotal:   251658176 kB
VmallocUsed:      124564 kB
VmallocChunk:   251445156 kB
Time pass: 346 sec

---2015-12-04 23:55:29
MemTotal:        2582696 kB
MemFree:          140504 kB
Buffers:            8872 kB
Cached:           808604 kB
SwapCached:          204 kB
Active:          1100672 kB
Inactive:         551864 kB
Active(anon):     668124 kB
Inactive(anon):   172144 kB
Active(file):     432548 kB
Inactive(file):   379720 kB
Unevictable:        3920 kB
Mlocked:               0 kB
SwapTotal:        524284 kB
SwapFree:         504396 kB
Dirty:              1396 kB
Writeback:             0 kB
AnonPages:        838908 kB
Mapped:           489180 kB
Shmem:              1288 kB
Slab:             105364 kB
SReclaimable:      32956 kB
SUnreclaim:        72408 kB
KernelStack:       39456 kB
PageTables:        41636 kB
NFS_Unstable:          0 kB
Bounce:                0 kB
WritebackTmp:          0 kB
CommitLimit:     1815632 kB
Committed_AS:   114449732 kB
VmallocTotal:   251658176 kB
VmallocUsed:      123504 kB
VmallocChunk:   251438284 kB
Time pass: 350 sec

---2015-12-04 23:55:29
MemTotal:        2582696 kB
MemFree:          122700 kB
Buffers:            8872 kB
Cached:           808612 kB
SwapCached:          204 kB
Active:          1117204 kB
Inactive:         551876 kB
Active(anon):     684660 kB
Inactive(anon):   172144 kB
Active(file):     432544 kB
Inactive(file):   379732 kB
Unevictable:        3920 kB
Mlocked:               0 kB
SwapTotal:        524284 kB
SwapFree:         504396 kB
Dirty:              1424 kB
Writeback:             4 kB
AnonPages:        855816 kB
Mapped:           495816 kB
Shmem:              1288 kB
Slab:             105412 kB
SReclaimable:      32956 kB
SUnreclaim:        72456 kB
KernelStack:       41696 kB
PageTables:        42216 kB
NFS_Unstable:          0 kB
Bounce:                0 kB
WritebackTmp:          0 kB
CommitLimit:     1815632 kB
Committed_AS:   115710140 kB
VmallocTotal:   251658176 kB
VmallocUsed:      124524 kB
VmallocChunk:   251445156 kB
Time pass: 354 sec

---2015-12-04 23:55:29
MemTotal:        2582696 kB
MemFree:          120036 kB
Buffers:            8872 kB
Cached:           808624 kB
SwapCached:          204 kB
Active:          1117564 kB
Inactive:         551876 kB
Active(anon):     685012 kB
Inactive(anon):   172156 kB
Active(file):     432552 kB
Inactive(file):   379720 kB
Unevictable:        3920 kB
Mlocked:               0 kB
SwapTotal:        524284 kB
SwapFree:         504396 kB
Dirty:              1392 kB
Writeback:             0 kB
AnonPages:        855880 kB
Mapped:           495952 kB
Shmem:              1304 kB
Slab:             105408 kB
SReclaimable:      32956 kB
SUnreclaim:        72452 kB
KernelStack:       40240 kB
PageTables:        42092 kB
NFS_Unstable:          0 kB
Bounce:                0 kB
WritebackTmp:          0 kB
CommitLimit:     1815632 kB
Committed_AS:   115714148 kB
VmallocTotal:   251658176 kB
VmallocUsed:      124524 kB
VmallocChunk:   251445156 kB
Time pass: 358 sec

---2015-12-04 23:55:29
MemTotal:        2582696 kB
MemFree:          119384 kB
Buffers:            8872 kB
Cached:           808624 kB
SwapCached:          204 kB
Active:          1118928 kB
Inactive:         551876 kB
Active(anon):     686376 kB
Inactive(anon):   172156 kB
Active(file):     432552 kB
Inactive(file):   379720 kB
Unevictable:        3920 kB
Mlocked:               0 kB
SwapTotal:        524284 kB
SwapFree:         504396 kB
Dirty:              1392 kB
Writeback:             0 kB
AnonPages:        857212 kB
Mapped:           495868 kB
Shmem:              1304 kB
Slab:             105440 kB
SReclaimable:      32956 kB
SUnreclaim:        72484 kB
KernelStack:       40240 kB
PageTables:        42092 kB
NFS_Unstable:          0 kB
Bounce:                0 kB
WritebackTmp:          0 kB
CommitLimit:     1815632 kB
Committed_AS:   115714172 kB
VmallocTotal:   251658176 kB
VmallocUsed:      124524 kB
VmallocChunk:   251445156 kB
Time pass: 361 sec

---2015-12-04 23:55:29
MemTotal:        2582696 kB
MemFree:          119332 kB
Buffers:            8872 kB
Cached:           808624 kB
SwapCached:          204 kB
Active:          1119220 kB
Inactive:         551876 kB
Active(anon):     686668 kB
Inactive(anon):   172156 kB
Active(file):     432552 kB
Inactive(file):   379720 kB
Unevictable:        3920 kB
Mlocked:               0 kB
SwapTotal:        524284 kB
SwapFree:         504396 kB
Dirty:              1396 kB
Writeback:             0 kB
AnonPages:        857616 kB
Mapped:           495952 kB
Shmem:              1304 kB
Slab:             105472 kB
SReclaimable:      32956 kB
SUnreclaim:        72516 kB
KernelStack:       40240 kB
PageTables:        42120 kB
NFS_Unstable:          0 kB
Bounce:                0 kB
WritebackTmp:          0 kB
CommitLimit:     1815632 kB
Committed_AS:   115714156 kB
VmallocTotal:   251658176 kB
VmallocUsed:      124524 kB
VmallocChunk:   251445156 kB
Time pass: 365 sec

---2015-12-04 23:55:29
MemTotal:        2582696 kB
MemFree:          129552 kB
Buffers:            8872 kB
Cached:           808624 kB
SwapCached:          204 kB
Active:          1111716 kB
Inactive:         551876 kB
Active(anon):     679164 kB
Inactive(anon):   172156 kB
Active(file):     432552 kB
Inactive(file):   379720 kB
Unevictable:        3920 kB
Mlocked:               0 kB
SwapTotal:        524284 kB
SwapFree:         504396 kB
Dirty:              1392 kB
Writeback:             0 kB
AnonPages:        850112 kB
Mapped:           489172 kB
Shmem:              1304 kB
Slab:             105448 kB
SReclaimable:      32956 kB
SUnreclaim:        72492 kB
KernelStack:       39568 kB
PageTables:        41624 kB
NFS_Unstable:          0 kB
Bounce:                0 kB
WritebackTmp:          0 kB
CommitLimit:     1815632 kB
Committed_AS:   114458196 kB
VmallocTotal:   251658176 kB
VmallocUsed:      123504 kB
VmallocChunk:   251445156 kB
Time pass: 369 sec

---2015-12-04 23:55:29
MemTotal:        2582696 kB
MemFree:          116712 kB
Buffers:            8872 kB
Cached:           808624 kB
SwapCached:          204 kB
Active:          1123928 kB
Inactive:         551864 kB
Active(anon):     691364 kB
Inactive(anon):   172156 kB
Active(file):     432564 kB
Inactive(file):   379708 kB
Unevictable:        3920 kB
Mlocked:               0 kB
SwapTotal:        524284 kB
SwapFree:         504400 kB
Dirty:              1404 kB
Writeback:             0 kB
AnonPages:        862244 kB
Mapped:           495252 kB
Shmem:              1304 kB
Slab:             105416 kB
SReclaimable:      32956 kB
SUnreclaim:        72460 kB
KernelStack:       40544 kB
PageTables:        42040 kB
NFS_Unstable:          0 kB
Bounce:                0 kB
WritebackTmp:          0 kB
CommitLimit:     1815632 kB
Committed_AS:   115717136 kB
VmallocTotal:   251658176 kB
VmallocUsed:      124532 kB
VmallocChunk:   251445156 kB
Time pass: 372 sec

---2015-12-04 23:55:29
MemTotal:        2582696 kB
MemFree:          107948 kB
Buffers:            8872 kB
Cached:           808640 kB
SwapCached:          204 kB
Active:          1131484 kB
Inactive:         551880 kB
Active(anon):     698940 kB
Inactive(anon):   172152 kB
Active(file):     432544 kB
Inactive(file):   379728 kB
Unevictable:        3920 kB
Mlocked:               0 kB
SwapTotal:        524284 kB
SwapFree:         504400 kB
Dirty:              1444 kB
Writeback:             0 kB
AnonPages:        869728 kB
Mapped:           495972 kB
Shmem:              1320 kB
Slab:             105532 kB
SReclaimable:      32960 kB
SUnreclaim:        72572 kB
KernelStack:       40224 kB
PageTables:        42124 kB
NFS_Unstable:          0 kB
Bounce:                0 kB
WritebackTmp:          0 kB
CommitLimit:     1815632 kB
Committed_AS:   115722460 kB
VmallocTotal:   251658176 kB
VmallocUsed:      124524 kB
VmallocChunk:   251445156 kB
Time pass: 376 sec

---2015-12-04 23:55:29
MemTotal:        2582696 kB
MemFree:          109876 kB
Buffers:            8872 kB
Cached:           808640 kB
SwapCached:          204 kB
Active:          1129332 kB
Inactive:         551872 kB
Active(anon):     696780 kB
Inactive(anon):   172152 kB
Active(file):     432552 kB
Inactive(file):   379720 kB
Unevictable:        3920 kB
Mlocked:               0 kB
SwapTotal:        524284 kB
SwapFree:         504400 kB
Dirty:              1392 kB
Writeback:             0 kB
AnonPages:        867768 kB
Mapped:           495900 kB
Shmem:              1320 kB
Slab:             105492 kB
SReclaimable:      32960 kB
SUnreclaim:        72532 kB
KernelStack:       40224 kB
PageTables:        42096 kB
NFS_Unstable:          0 kB
Bounce:                0 kB
WritebackTmp:          0 kB
CommitLimit:     1815632 kB
Committed_AS:   115722372 kB
VmallocTotal:   251658176 kB
VmallocUsed:      124524 kB
VmallocChunk:   251445156 kB
Time pass: 380 sec

---2015-12-04 23:55:29
MemTotal:        2582696 kB
MemFree:          114112 kB
Buffers:            8872 kB
Cached:           808644 kB
SwapCached:          204 kB
Active:          1124648 kB
Inactive:         551876 kB
Active(anon):     692096 kB
Inactive(anon):   172152 kB
Active(file):     432552 kB
Inactive(file):   379724 kB
Unevictable:        3920 kB
Mlocked:               0 kB
SwapTotal:        524284 kB
SwapFree:         504400 kB
Dirty:              1396 kB
Writeback:             0 kB
AnonPages:        862856 kB
Mapped:           495996 kB
Shmem:              1320 kB
Slab:             105484 kB
SReclaimable:      32960 kB
SUnreclaim:        72524 kB
KernelStack:       40224 kB
