---2015-12-04 17:50:43
MemTotal:        2905316 kB
MemFree:           70816 kB
Buffers:           26532 kB
Cached:          1361140 kB
SwapCached:            0 kB
Active:          1365432 kB
Inactive:         969680 kB
Active(anon):     824548 kB
Inactive(anon):   169624 kB
Active(file):     540884 kB
Inactive(file):   800056 kB
Unevictable:        7800 kB
Mlocked:               0 kB
SwapTotal:        720184 kB
SwapFree:         720184 kB
Dirty:               584 kB
Writeback:             0 kB
AnonPages:        955652 kB
Mapped:           568536 kB
Shmem:             38932 kB
Slab:             119188 kB
SReclaimable:      35824 kB
SUnreclaim:        83364 kB
KernelStack:       33344 kB
PageTables:        57904 kB
NFS_Unstable:          0 kB
Bounce:                0 kB
WritebackTmp:          0 kB
CommitLimit:     2172840 kB
Committed_AS:   97213500 kB
VmallocTotal:   251658176 kB
VmallocUsed:      137732 kB
VmallocChunk:   251430956 kB
Time pass: 3 sec

---2015-12-04 17:50:43
MemTotal:        2905316 kB
MemFree:          110728 kB
Buffers:           26528 kB
Cached:          1356008 kB
SwapCached:            0 kB
Active:          1336392 kB
Inactive:         961160 kB
Active(anon):     790876 kB
Inactive(anon):   170912 kB
Active(file):     545516 kB
Inactive(file):   790248 kB
Unevictable:        7800 kB
Mlocked:               0 kB
SwapTotal:        720184 kB
SwapFree:         720184 kB
Dirty:               668 kB
Writeback:             0 kB
AnonPages:        922812 kB
Mapped:           564380 kB
Shmem:             38944 kB
Slab:             119064 kB
SReclaimable:      35740 kB
SUnreclaim:        83324 kB
KernelStack:       32704 kB
PageTables:        56148 kB
NFS_Unstable:          0 kB
Bounce:                0 kB
WritebackTmp:          0 kB
CommitLimit:     2172840 kB
Committed_AS:   92621588 kB
VmallocTotal:   251658176 kB
VmallocUsed:      135692 kB
VmallocChunk:   251430956 kB
Time pass: 7 sec

---2015-12-04 17:50:43
MemTotal:        2905316 kB
MemFree:          123200 kB
Buffers:           26536 kB
Cached:          1356008 kB
SwapCached:            0 kB
Active:          1327968 kB
Inactive:         957888 kB
Active(anon):     779152 kB
Inactive(anon):   170904 kB
Active(file):     548816 kB
Inactive(file):   786984 kB
Unevictable:        7800 kB
Mlocked:               0 kB
SwapTotal:        720184 kB
SwapFree:         720184 kB
Dirty:               160 kB
Writeback:             0 kB
AnonPages:        911148 kB
Mapped:           561068 kB
Shmem:             38936 kB
Slab:             119180 kB
SReclaimable:      35740 kB
SUnreclaim:        83440 kB
KernelStack:       32672 kB
PageTables:        56188 kB
NFS_Unstable:          0 kB
Bounce:                0 kB
WritebackTmp:          0 kB
CommitLimit:     2172840 kB
Committed_AS:   92095996 kB
VmallocTotal:   251658176 kB
VmallocUsed:      135692 kB
VmallocChunk:   251429420 kB
Time pass: 11 sec

---2015-12-04 17:50:43
MemTotal:        2905316 kB
MemFree:           67000 kB
Buffers:           27440 kB
Cached:          1372936 kB
SwapCached:            0 kB
Active:          1356892 kB
Inactive:         973912 kB
Active(anon):     800688 kB
Inactive(anon):   176796 kB
Active(file):     556204 kB
Inactive(file):   797116 kB
Unevictable:        7800 kB
Mlocked:               0 kB
SwapTotal:        720184 kB
SwapFree:         720184 kB
Dirty:              1288 kB
Writeback:             0 kB
AnonPages:        938560 kB
Mapped:           566108 kB
Shmem:             38940 kB
Slab:             119756 kB
SReclaimable:      36112 kB
SUnreclaim:        83644 kB
KernelStack:       32672 kB
PageTables:        56616 kB
NFS_Unstable:          0 kB
Bounce:                0 kB
WritebackTmp:          0 kB
CommitLimit:     2172840 kB
Committed_AS:   93414780 kB
VmallocTotal:   251658176 kB
VmallocUsed:      136604 kB
VmallocChunk:   251424300 kB
Time pass: 15 sec

---2015-12-04 17:50:43
MemTotal:        2905316 kB
MemFree:           67324 kB
Buffers:           24584 kB
Cached:          1215364 kB
SwapCached:            0 kB
Active:          1357460 kB
Inactive:         829564 kB
Active(anon):     794624 kB
Inactive(anon):   199324 kB
Active(file):     562836 kB
Inactive(file):   630240 kB
Unevictable:        7800 kB
Mlocked:               0 kB
SwapTotal:        720184 kB
SwapFree:         720184 kB
Dirty:               356 kB
Writeback:             0 kB
AnonPages:        954836 kB
Mapped:           653028 kB
Shmem:             39072 kB
Slab:             119632 kB
SReclaimable:      35876 kB
SUnreclaim:        83756 kB
KernelStack:       34624 kB
PageTables:        56960 kB
NFS_Unstable:          0 kB
Bounce:                0 kB
WritebackTmp:          0 kB
CommitLimit:     2172840 kB
Committed_AS:   92203580 kB
VmallocTotal:   251658176 kB
VmallocUsed:      136504 kB
VmallocChunk:   251424300 kB
Time pass: 18 sec

---2015-12-04 17:50:43
MemTotal:        2905316 kB
MemFree:           99880 kB
Buffers:           24584 kB
Cached:          1211580 kB
SwapCached:            0 kB
Active:          1331256 kB
Inactive:         823856 kB
Active(anon):     768412 kB
Inactive(anon):   193576 kB
Active(file):     562844 kB
Inactive(file):   630280 kB
Unevictable:        7800 kB
Mlocked:               0 kB
SwapTotal:        720184 kB
SwapFree:         720184 kB
Dirty:               404 kB
Writeback:             0 kB
AnonPages:        926704 kB
Mapped:           633920 kB
Shmem:             35240 kB
Slab:             119856 kB
SReclaimable:      35936 kB
SUnreclaim:        83920 kB
KernelStack:       34576 kB
PageTables:        56744 kB
NFS_Unstable:          0 kB
Bounce:                0 kB
WritebackTmp:          0 kB
CommitLimit:     2172840 kB
Committed_AS:   92159472 kB
VmallocTotal:   251658176 kB
VmallocUsed:      136504 kB
VmallocChunk:   251424300 kB
Time pass: 22 sec

---2015-12-04 17:50:43
MemTotal:        2905316 kB
MemFree:          100908 kB
Buffers:           24600 kB
Cached:          1211588 kB
SwapCached:            0 kB
Active:          1329796 kB
Inactive:         823872 kB
Active(anon):     766948 kB
Inactive(anon):   193576 kB
Active(file):     562848 kB
Inactive(file):   630296 kB
Unevictable:        7800 kB
Mlocked:               0 kB
SwapTotal:        720184 kB
SwapFree:         720184 kB
Dirty:               112 kB
Writeback:             0 kB
AnonPages:        925144 kB
Mapped:           633992 kB
Shmem:             35240 kB
Slab:             119856 kB
SReclaimable:      35952 kB
SUnreclaim:        83904 kB
KernelStack:       34560 kB
PageTables:        56740 kB
NFS_Unstable:          0 kB
Bounce:                0 kB
WritebackTmp:          0 kB
CommitLimit:     2172840 kB
Committed_AS:   92159460 kB
VmallocTotal:   251658176 kB
VmallocUsed:      136504 kB
VmallocChunk:   251424300 kB
Time pass: 26 sec

---2015-12-04 17:50:43
MemTotal:        2905316 kB
MemFree:          100268 kB
Buffers:           24608 kB
Cached:          1211592 kB
SwapCached:            0 kB
Active:          1330976 kB
Inactive:         823868 kB
Active(anon):     768120 kB
Inactive(anon):   193576 kB
Active(file):     562856 kB
Inactive(file):   630292 kB
Unevictable:        7800 kB
Mlocked:               0 kB
SwapTotal:        720184 kB
SwapFree:         720184 kB
Dirty:                56 kB
Writeback:             0 kB
AnonPages:        926264 kB
Mapped:           634004 kB
Shmem:             35240 kB
Slab:             119848 kB
SReclaimable:      35952 kB
SUnreclaim:        83896 kB
KernelStack:       34560 kB
PageTables:        56744 kB
NFS_Unstable:          0 kB
Bounce:                0 kB
WritebackTmp:          0 kB
CommitLimit:     2172840 kB
Committed_AS:   92186060 kB
VmallocTotal:   251658176 kB
VmallocUsed:      136504 kB
VmallocChunk:   251424300 kB
Time pass: 30 sec

---2015-12-04 17:50:43
MemTotal:        2905316 kB
MemFree:           99460 kB
Buffers:           24608 kB
Cached:          1212112 kB
SwapCached:            0 kB
Active:          1331048 kB
Inactive:         824364 kB
Active(anon):     768180 kB
Inactive(anon):   193636 kB
Active(file):     562868 kB
Inactive(file):   630728 kB
Unevictable:        7800 kB
Mlocked:               0 kB
SwapTotal:        720184 kB
SwapFree:         720184 kB
Dirty:                 0 kB
Writeback:             0 kB
AnonPages:        926516 kB
Mapped:           634240 kB
Shmem:             35300 kB
Slab:             119668 kB
SReclaimable:      35952 kB
SUnreclaim:        83716 kB
KernelStack:       34576 kB
PageTables:        56776 kB
NFS_Unstable:          0 kB
Bounce:                0 kB
WritebackTmp:          0 kB
CommitLimit:     2172840 kB
Committed_AS:   92186080 kB
VmallocTotal:   251658176 kB
VmallocUsed:      136504 kB
VmallocChunk:   251424300 kB
Time pass: 33 sec

---2015-12-04 17:50:43
MemTotal:        2905316 kB
MemFree:           72832 kB
Buffers:           24580 kB
Cached:          1194124 kB
SwapCached:            0 kB
Active:          1334344 kB
Inactive:         805476 kB
Active(anon):     770264 kB
Inactive(anon):   194916 kB
Active(file):     564080 kB
Inactive(file):   610560 kB
Unevictable:        7800 kB
Mlocked:               0 kB
SwapTotal:        720184 kB
SwapFree:         720184 kB
Dirty:               336 kB
Writeback:             0 kB
AnonPages:        930204 kB
Mapped:           639936 kB
Shmem:             35300 kB
Slab:             119976 kB
SReclaimable:      35952 kB
SUnreclaim:        84024 kB
KernelStack:       34608 kB
PageTables:        56924 kB
NFS_Unstable:          0 kB
Bounce:                0 kB
WritebackTmp:          0 kB
CommitLimit:     2172840 kB
Committed_AS:   92193068 kB
VmallocTotal:   251658176 kB
VmallocUsed:      137708 kB
VmallocChunk:   251424300 kB
Time pass: 37 sec

---2015-12-04 17:50:43
MemTotal:        2905316 kB
MemFree:           67092 kB
Buffers:           24460 kB
Cached:          1176864 kB
SwapCached:            0 kB
Active:          1347484 kB
Inactive:         787604 kB
Active(anon):     781308 kB
Inactive(anon):   195560 kB
Active(file):     566176 kB
Inactive(file):   592044 kB
Unevictable:        7800 kB
Mlocked:               0 kB
SwapTotal:        720184 kB
SwapFree:         720184 kB
Dirty:                16 kB
Writeback:             0 kB
AnonPages:        941724 kB
Mapped:           646048 kB
Shmem:             35304 kB
Slab:             119448 kB
SReclaimable:      35672 kB
SUnreclaim:        83776 kB
KernelStack:       34624 kB
PageTables:        57204 kB
NFS_Unstable:          0 kB
Bounce:                0 kB
WritebackTmp:          0 kB
CommitLimit:     2172840 kB
Committed_AS:   92214988 kB
VmallocTotal:   251658176 kB
VmallocUsed:      137780 kB
VmallocChunk:   251424300 kB
Time pass: 40 sec

---2015-12-04 17:50:43
MemTotal:        2905316 kB
MemFree:           66088 kB
Buffers:           25932 kB
Cached:          1163648 kB
SwapCached:            0 kB
Active:          1357876 kB
Inactive:         774344 kB
Active(anon):     789408 kB
Inactive(anon):   196840 kB
Active(file):     568468 kB
Inactive(file):   577504 kB
Unevictable:        7800 kB
Mlocked:               0 kB
SwapTotal:        720184 kB
SwapFree:         720184 kB
Dirty:                 0 kB
Writeback:             0 kB
AnonPages:        951248 kB
Mapped:           652880 kB
Shmem:             35304 kB
Slab:             119292 kB
SReclaimable:      35544 kB
SUnreclaim:        83748 kB
KernelStack:       34640 kB
PageTables:        57232 kB
NFS_Unstable:          0 kB
Bounce:                0 kB
WritebackTmp:          0 kB
CommitLimit:     2172840 kB
Committed_AS:   92235908 kB
VmallocTotal:   251658176 kB
VmallocUsed:      137828 kB
VmallocChunk:   251424300 kB
Time pass: 44 sec

---2015-12-04 17:50:43
MemTotal:        2905316 kB
MemFree:           70984 kB
Buffers:           23924 kB
Cached:          1105672 kB
SwapCached:            0 kB
Active:          1337736 kB
Inactive:         743232 kB
Active(anon):     796884 kB
Inactive(anon):   202308 kB
Active(file):     540852 kB
Inactive(file):   540924 kB
Unevictable:       12768 kB
Mlocked:               0 kB
SwapTotal:        720184 kB
SwapFree:         720156 kB
Dirty:              1616 kB
Writeback:             0 kB
AnonPages:        964408 kB
Mapped:           703624 kB
Shmem:             34828 kB
Slab:             119340 kB
SReclaimable:      35640 kB
SUnreclaim:        83700 kB
KernelStack:       34864 kB
PageTables:        56612 kB
NFS_Unstable:          0 kB
Bounce:                0 kB
WritebackTmp:          0 kB
CommitLimit:     2172840 kB
Committed_AS:   91521032 kB
VmallocTotal:   251658176 kB
VmallocUsed:      137172 kB
VmallocChunk:   251424300 kB
Time pass: 48 sec

---2015-12-04 17:50:43
MemTotal:        2905316 kB
MemFree:           93092 kB
Buffers:           23928 kB
Cached:          1105944 kB
SwapCached:            0 kB
Active:          1316444 kB
Inactive:         743460 kB
Active(anon):     775436 kB
Inactive(anon):   202284 kB
Active(file):     541008 kB
Inactive(file):   541176 kB
Unevictable:       12768 kB
Mlocked:               0 kB
SwapTotal:        720184 kB
SwapFree:         720156 kB
Dirty:                12 kB
Writeback:             0 kB
AnonPages:        942684 kB
Mapped:           703668 kB
Shmem:             34828 kB
Slab:             119440 kB
SReclaimable:      35800 kB
SUnreclaim:        83640 kB
KernelStack:       34560 kB
PageTables:        56704 kB
NFS_Unstable:          0 kB
Bounce:                0 kB
WritebackTmp:          0 kB
CommitLimit:     2172840 kB
Committed_AS:   91509540 kB
VmallocTotal:   251658176 kB
VmallocUsed:      137172 kB
VmallocChunk:   251424300 kB
Time pass: 51 sec

---2015-12-04 17:50:43
MemTotal:        2905316 kB
MemFree:           92240 kB
Buffers:           23940 kB
Cached:          1106732 kB
SwapCached:            0 kB
Active:          1316580 kB
Inactive:         744276 kB
Active(anon):     775540 kB
Inactive(anon):   202284 kB
Active(file):     541040 kB
Inactive(file):   541992 kB
Unevictable:       12768 kB
Mlocked:               0 kB
SwapTotal:        720184 kB
SwapFree:         720156 kB
Dirty:                20 kB
Writeback:             0 kB
AnonPages:        942996 kB
Mapped:           703956 kB
Shmem:             34828 kB
Slab:             119412 kB
SReclaimable:      35800 kB
SUnreclaim:        83612 kB
KernelStack:       34544 kB
PageTables:        56700 kB
NFS_Unstable:          0 kB
Bounce:                0 kB
WritebackTmp:          0 kB
CommitLimit:     2172840 kB
Committed_AS:   91509784 kB
VmallocTotal:   251658176 kB
VmallocUsed:      137172 kB
VmallocChunk:   251424300 kB
Time pass: 55 sec

---2015-12-04 17:50:43
MemTotal:        2905316 kB
MemFree:           79540 kB
Buffers:           23932 kB
Cached:          1099336 kB
SwapCached:            0 kB
Active:          1315348 kB
Inactive:         740520 kB
Active(anon):     777952 kB
Inactive(anon):   202284 kB
Active(file):     537396 kB
Inactive(file):   538236 kB
Unevictable:       12768 kB
Mlocked:               0 kB
SwapTotal:        720184 kB
SwapFree:         720156 kB
Dirty:                72 kB
Writeback:             0 kB
AnonPages:        945516 kB
Mapped:           714560 kB
Shmem:             34828 kB
Slab:             119428 kB
SReclaimable:      35800 kB
SUnreclaim:        83628 kB
KernelStack:       34544 kB
PageTables:        56740 kB
NFS_Unstable:          0 kB
Bounce:                0 kB
WritebackTmp:          0 kB
CommitLimit:     2172840 kB
Committed_AS:   91510944 kB
VmallocTotal:   251658176 kB
VmallocUsed:      137324 kB
VmallocChunk:   251424300 kB
Time pass: 59 sec

---2015-12-04 17:50:43
MemTotal:        2905316 kB
MemFree:           78104 kB
Buffers:           23940 kB
Cached:          1099420 kB
SwapCached:            0 kB
Active:          1315904 kB
Inactive:         740628 kB
Active(anon):     778492 kB
Inactive(anon):   202344 kB
Active(file):     537412 kB
Inactive(file):   538284 kB
Unevictable:       12768 kB
Mlocked:               0 kB
SwapTotal:        720184 kB
SwapFree:         720156 kB
Dirty:                88 kB
Writeback:             0 kB
AnonPages:        946040 kB
Mapped:           714840 kB
Shmem:             34888 kB
Slab:             119468 kB
SReclaimable:      35800 kB
SUnreclaim:        83668 kB
KernelStack:       34432 kB
PageTables:        56824 kB
NFS_Unstable:          0 kB
Bounce:                0 kB
WritebackTmp:          0 kB
CommitLimit:     2172840 kB
Committed_AS:   91537320 kB
VmallocTotal:   251658176 kB
VmallocUsed:      137324 kB
VmallocChunk:   251424300 kB
Time pass: 63 sec

---2015-12-04 17:50:43
MemTotal:        2905316 kB
MemFree:           78400 kB
Buffers:           23940 kB
Cached:          1099428 kB
SwapCached:            0 kB
Active:          1315832 kB
Inactive:         740640 kB
Active(anon):     778416 kB
Inactive(anon):   202344 kB
Active(file):     537416 kB
Inactive(file):   538296 kB
Unevictable:       12768 kB
Mlocked:               0 kB
SwapTotal:        720184 kB
SwapFree:         720156 kB
Dirty:                 4 kB
Writeback:             0 kB
AnonPages:        945948 kB
Mapped:           714856 kB
Shmem:             34888 kB
Slab:             119460 kB
SReclaimable:      35800 kB
SUnreclaim:        83660 kB
KernelStack:       34336 kB
PageTables:        56828 kB
NFS_Unstable:          0 kB
Bounce:                0 kB
WritebackTmp:          0 kB
CommitLimit:     2172840 kB
Committed_AS:   91537192 kB
VmallocTotal:   251658176 kB
VmallocUsed:      137324 kB
VmallocChunk:   251424300 kB
Time pass: 67 sec

---2015-12-04 17:50:43
MemTotal:        2905316 kB
MemFree:           77808 kB
Buffers:           23948 kB
Cached:          1099436 kB
SwapCached:            0 kB
Active:          1316116 kB
Inactive:         740644 kB
Active(anon):     778700 kB
Inactive(anon):   202344 kB
Active(file):     537416 kB
Inactive(file):   538300 kB
Unevictable:       12768 kB
Mlocked:               0 kB
SwapTotal:        720184 kB
SwapFree:         720156 kB
Dirty:                40 kB
Writeback:             0 kB
AnonPages:        946052 kB
Mapped:           714800 kB
Shmem:             34888 kB
Slab:             119500 kB
SReclaimable:      35816 kB
SUnreclaim:        83684 kB
KernelStack:       34320 kB
PageTables:        56800 kB
NFS_Unstable:          0 kB
Bounce:                0 kB
WritebackTmp:          0 kB
CommitLimit:     2172840 kB
Committed_AS:   91537188 kB
VmallocTotal:   251658176 kB
VmallocUsed:      137324 kB
VmallocChunk:   251424300 kB
Time pass: 70 sec

---2015-12-04 17:50:43
MemTotal:        2905316 kB
MemFree:           77832 kB
Buffers:           23956 kB
Cached:          1099444 kB
SwapCached:            0 kB
Active:          1316240 kB
Inactive:         740660 kB
Active(anon):     778816 kB
Inactive(anon):   202344 kB
Active(file):     537424 kB
Inactive(file):   538316 kB
Unevictable:       12768 kB
Mlocked:               0 kB
SwapTotal:        720184 kB
SwapFree:         720156 kB
Dirty:                72 kB
Writeback:             0 kB
AnonPages:        946180 kB
Mapped:           714808 kB
Shmem:             34888 kB
Slab:             119500 kB
SReclaimable:      35816 kB
SUnreclaim:        83684 kB
KernelStack:       34320 kB
PageTables:        56796 kB
NFS_Unstable:          0 kB
Bounce:                0 kB
WritebackTmp:          0 kB
CommitLimit:     2172840 kB
Committed_AS:   91537200 kB
VmallocTotal:   251658176 kB
VmallocUsed:      137324 kB
VmallocChunk:   251424300 kB
Time pass: 74 sec

---2015-12-04 17:50:43
MemTotal:        2905316 kB
MemFree:           76660 kB
Buffers:           23980 kB
Cached:          1099832 kB
SwapCached:            0 kB
Active:          1317552 kB
Inactive:         740980 kB
Active(anon):     780032 kB
Inactive(anon):   202344 kB
Active(file):     537520 kB
Inactive(file):   538636 kB
Unevictable:       12768 kB
Mlocked:               0 kB
SwapTotal:        720184 kB
SwapFree:         720156 kB
Dirty:               152 kB
Writeback:             0 kB
AnonPages:        947456 kB
Mapped:           714848 kB
Shmem:             34888 kB
Slab:             119564 kB
SReclaimable:      35832 kB
SUnreclaim:        83732 kB
KernelStack:       34352 kB
PageTables:        56800 kB
NFS_Unstable:          0 kB
Bounce:                0 kB
WritebackTmp:          0 kB
CommitLimit:     2172840 kB
Committed_AS:   91537556 kB
VmallocTotal:   251658176 kB
VmallocUsed:      137324 kB
VmallocChunk:   251424300 kB
Time pass: 78 sec

---2015-12-04 17:50:43
MemTotal:        2905316 kB
MemFree:           76008 kB
Buffers:           23980 kB
Cached:          1099848 kB
SwapCached:            0 kB
Active:          1317724 kB
Inactive:         740968 kB
Active(anon):     780180 kB
Inactive(anon):   202344 kB
Active(file):     537544 kB
Inactive(file):   538624 kB
Unevictable:       12768 kB
Mlocked:               0 kB
SwapTotal:        720184 kB
SwapFree:         720156 kB
Dirty:                 8 kB
Writeback:             0 kB
AnonPages:        947640 kB
Mapped:           714872 kB
Shmem:             34888 kB
Slab:             119552 kB
SReclaimable:      35832 kB
SUnreclaim:        83720 kB
KernelStack:       34336 kB
PageTables:        56804 kB
NFS_Unstable:          0 kB
Bounce:                0 kB
WritebackTmp:          0 kB
CommitLimit:     2172840 kB
Committed_AS:   91537488 kB
VmallocTotal:   251658176 kB
VmallocUsed:      137324 kB
VmallocChunk:   251424300 kB
Time pass: 82 sec

---2015-12-04 17:50:43
MemTotal:        2905316 kB
MemFree:           75480 kB
Buffers:           23988 kB
Cached:          1099848 kB
SwapCached:            0 kB
Active:          1318024 kB
Inactive:         740976 kB
Active(anon):     780476 kB
Inactive(anon):   202344 kB
Active(file):     537548 kB
Inactive(file):   538632 kB
Unevictable:       12768 kB
Mlocked:               0 kB
SwapTotal:        720184 kB
SwapFree:         720156 kB
Dirty:                44 kB
Writeback:             0 kB
AnonPages:        947756 kB
Mapped:           714936 kB
Shmem:             34888 kB
Slab:             119556 kB
SReclaimable:      35832 kB
SUnreclaim:        83724 kB
KernelStack:       34336 kB
PageTables:        56828 kB
NFS_Unstable:          0 kB
Bounce:                0 kB
WritebackTmp:          0 kB
CommitLimit:     2172840 kB
Committed_AS:   91537500 kB
VmallocTotal:   251658176 kB
VmallocUsed:      137324 kB
VmallocChunk:   251424300 kB
Time pass: 86 sec

---2015-12-04 17:50:43
MemTotal:        2905316 kB
MemFree:           75588 kB
Buffers:           23996 kB
Cached:          1099852 kB
SwapCached:            0 kB
Active:          1317824 kB
Inactive:         740976 kB
Active(anon):     780276 kB
Inactive(anon):   202344 kB
Active(file):     537548 kB
Inactive(file):   538632 kB
Unevictable:       12768 kB
Mlocked:               0 kB
SwapTotal:        720184 kB
SwapFree:         720156 kB
Dirty:                16 kB
Writeback:             0 kB
AnonPages:        947856 kB
Mapped:           714880 kB
Shmem:             34888 kB
Slab:             119592 kB
SReclaimable:      35832 kB
SUnreclaim:        83760 kB
KernelStack:       34352 kB
PageTables:        56808 kB
NFS_Unstable:          0 kB
Bounce:                0 kB
WritebackTmp:          0 kB
CommitLimit:     2172840 kB
Committed_AS:   91537512 kB
VmallocTotal:   251658176 kB
VmallocUsed:      137324 kB
VmallocChunk:   251424300 kB
Time pass: 89 sec

---2015-12-04 17:50:43
MemTotal:        2905316 kB
MemFree:           73960 kB
Buffers:           23996 kB
Cached:          1099944 kB
SwapCached:            0 kB
Active:          1319552 kB
Inactive:         741060 kB
Active(anon):     781988 kB
Inactive(anon):   202404 kB
Active(file):     537564 kB
Inactive(file):   538656 kB
Unevictable:       12768 kB
Mlocked:               0 kB
SwapTotal:        720184 kB
SwapFree:         720156 kB
Dirty:                32 kB
Writeback:             0 kB
AnonPages:        949568 kB
Mapped:           715016 kB
Shmem:             34948 kB
Slab:             119620 kB
SReclaimable:      35832 kB
SUnreclaim:        83788 kB
KernelStack:       34416 kB
PageTables:        56920 kB
NFS_Unstable:          0 kB
Bounce:                0 kB
WritebackTmp:          0 kB
CommitLimit:     2172840 kB
Committed_AS:   91564392 kB
VmallocTotal:   251658176 kB
VmallocUsed:      137324 kB
VmallocChunk:   251424300 kB
Time pass: 93 sec

---2015-12-04 17:50:43
MemTotal:        2905316 kB
MemFree:          315976 kB
Buffers:           23816 kB
Cached:          1066912 kB
SwapCached:            0 kB
Active:          1240652 kB
Inactive:         723440 kB
Active(anon):     719084 kB
Inactive(anon):   202116 kB
Active(file):     521568 kB
Inactive(file):   521324 kB
Unevictable:       12768 kB
Mlocked:               0 kB
SwapTotal:        720184 kB
SwapFree:         720064 kB
Dirty:               176 kB
Writeback:             0 kB
AnonPages:        886568 kB
Mapped:           533296 kB
Shmem:             35100 kB
Slab:             119832 kB
SReclaimable:      36024 kB
SUnreclaim:        83808 kB
KernelStack:       32448 kB
PageTables:        54384 kB
NFS_Unstable:          0 kB
Bounce:                0 kB
WritebackTmp:          0 kB
CommitLimit:     2172840 kB
Committed_AS:   89992692 kB
VmallocTotal:   251658176 kB
VmallocUsed:      133844 kB
VmallocChunk:   251429420 kB
Time pass: 97 sec

---2015-12-04 17:50:43
MemTotal:        2905316 kB
MemFree:          264644 kB
Buffers:           23864 kB
Cached:          1067940 kB
SwapCached:            0 kB
Active:          1259236 kB
Inactive:         722356 kB
Active(anon):     735640 kB
Inactive(anon):   202260 kB
Active(file):     523596 kB
Inactive(file):   520096 kB
Unevictable:       12768 kB
Mlocked:               0 kB
SwapTotal:        720184 kB
SwapFree:         720064 kB
Dirty:              1232 kB
Writeback:             0 kB
AnonPages:        902800 kB
Mapped:           546248 kB
Shmem:             35332 kB
Slab:             119800 kB
SReclaimable:      36024 kB
SUnreclaim:        83776 kB
KernelStack:       32912 kB
PageTables:        55212 kB
NFS_Unstable:          0 kB
Bounce:                0 kB
WritebackTmp:          0 kB
CommitLimit:     2172840 kB
Committed_AS:   90781268 kB
VmallocTotal:   251658176 kB
VmallocUsed:      134956 kB
VmallocChunk:   251429420 kB
Time pass: 100 sec

---2015-12-04 17:50:43
MemTotal:        2905316 kB
MemFree:          160696 kB
Buffers:           25524 kB
Cached:          1068756 kB
SwapCached:            0 kB
Active:          1280852 kB
Inactive:         724600 kB
Active(anon):     756944 kB
Inactive(anon):   202244 kB
Active(file):     523908 kB
Inactive(file):   522356 kB
Unevictable:       12768 kB
Mlocked:               0 kB
SwapTotal:        720184 kB
SwapFree:         720064 kB
Dirty:               316 kB
Writeback:          1320 kB
AnonPages:        924116 kB
Mapped:           626872 kB
Shmem:             35244 kB
Slab:             119912 kB
SReclaimable:      36076 kB
SUnreclaim:        83836 kB
KernelStack:       33488 kB
PageTables:        55724 kB
NFS_Unstable:          0 kB
Bounce:                0 kB
WritebackTmp:          0 kB
CommitLimit:     2172840 kB
Committed_AS:   90824804 kB
VmallocTotal:   251658176 kB
VmallocUsed:      135676 kB
VmallocChunk:   251429420 kB
Time pass: 104 sec

---2015-12-04 17:50:43
MemTotal:        2905316 kB
MemFree:           98012 kB
Buffers:           25540 kB
Cached:          1069808 kB
SwapCached:            0 kB
Active:          1286452 kB
Inactive:         724344 kB
Active(anon):     761224 kB
Inactive(anon):   202244 kB
Active(file):     525228 kB
Inactive(file):   522100 kB
Unevictable:       12768 kB
Mlocked:               0 kB
SwapTotal:        720184 kB
SwapFree:         720064 kB
Dirty:              1448 kB
Writeback:             0 kB
AnonPages:        928300 kB
Mapped:           664972 kB
Shmem:             35244 kB
Slab:             119656 kB
SReclaimable:      35948 kB
SUnreclaim:        83708 kB
KernelStack:       33392 kB
PageTables:        55860 kB
NFS_Unstable:          0 kB
Bounce:                0 kB
WritebackTmp:          0 kB
CommitLimit:     2172840 kB
Committed_AS:   90834640 kB
VmallocTotal:   251658176 kB
VmallocUsed:      136084 kB
VmallocChunk:   251429420 kB
Time pass: 108 sec

---2015-12-04 17:50:43
MemTotal:        2905316 kB
MemFree:           77308 kB
Buffers:           25548 kB
Cached:          1069820 kB
SwapCached:            0 kB
Active:          1288544 kB
Inactive:         724348 kB
Active(anon):     763308 kB
Inactive(anon):   202244 kB
Active(file):     525236 kB
Inactive(file):   522104 kB
Unevictable:       12768 kB
Mlocked:               0 kB
SwapTotal:        720184 kB
SwapFree:         720064 kB
Dirty:                24 kB
Writeback:             0 kB
AnonPages:        930464 kB
Mapped:           675104 kB
Shmem:             35244 kB
Slab:             119656 kB
SReclaimable:      35948 kB
SUnreclaim:        83708 kB
KernelStack:       33392 kB
PageTables:        55872 kB
NFS_Unstable:          0 kB
Bounce:                0 kB
WritebackTmp:          0 kB
CommitLimit:     2172840 kB
Committed_AS:   90835720 kB
VmallocTotal:   251658176 kB
VmallocUsed:      136248 kB
VmallocChunk:   251429420 kB
Time pass: 112 sec

---2015-12-04 17:50:43
MemTotal:        2905316 kB
MemFree:           77004 kB
Buffers:           25548 kB
Cached:          1069912 kB
SwapCached:            0 kB
Active:          1288680 kB
Inactive:         724308 kB
Active(anon):     763296 kB
Inactive(anon):   202244 kB
Active(file):     525384 kB
Inactive(file):   522064 kB
Unevictable:       12768 kB
Mlocked:               0 kB
SwapTotal:        720184 kB
SwapFree:         720064 kB
Dirty:                 0 kB
Writeback:             0 kB
AnonPages:        930476 kB
Mapped:           675276 kB
Shmem:             35244 kB
Slab:             119664 kB
SReclaimable:      35948 kB
SUnreclaim:        83716 kB
KernelStack:       33392 kB
PageTables:        55924 kB
NFS_Unstable:          0 kB
Bounce:                0 kB
WritebackTmp:          0 kB
CommitLimit:     2172840 kB
Committed_AS:   90835780 kB
VmallocTotal:   251658176 kB
VmallocUsed:      136248 kB
VmallocChunk:   251429420 kB
Time pass: 115 sec

---2015-12-04 17:50:43
MemTotal:        2905316 kB
MemFree:           79716 kB
Buffers:           25844 kB
Cached:          1038888 kB
SwapCached:            0 kB
Active:          1279924 kB
Inactive:         710600 kB
Active(anon):     771560 kB
Inactive(anon):   202076 kB
Active(file):     508364 kB
Inactive(file):   508524 kB
Unevictable:       12768 kB
Mlocked:               0 kB
SwapTotal:        720184 kB
SwapFree:         719896 kB
Dirty:               604 kB
Writeback:             0 kB
AnonPages:        938688 kB
Mapped:           687376 kB
Shmem:             35076 kB
Slab:             119520 kB
SReclaimable:      35692 kB
SUnreclaim:        83828 kB
KernelStack:       33392 kB
PageTables:        55892 kB
NFS_Unstable:          0 kB
Bounce:                0 kB
WritebackTmp:          0 kB
CommitLimit:     2172840 kB
Committed_AS:   90840200 kB
VmallocTotal:   251658176 kB
VmallocUsed:      136464 kB
VmallocChunk:   251429420 kB
Time pass: 119 sec

---2015-12-04 17:50:43
MemTotal:        2905316 kB
MemFree:           82880 kB
Buffers:           25852 kB
Cached:          1038628 kB
SwapCached:            0 kB
Active:          1279640 kB
Inactive:         710320 kB
Active(anon):     771268 kB
Inactive(anon):   201644 kB
Active(file):     508372 kB
Inactive(file):   508676 kB
Unevictable:       12768 kB
Mlocked:               0 kB
SwapTotal:        720184 kB
SwapFree:         719896 kB
Dirty:                52 kB
Writeback:             0 kB
AnonPages:        938340 kB
Mapped:           687248 kB
Shmem:             34644 kB
Slab:             116528 kB
SReclaimable:      35692 kB
SUnreclaim:        80836 kB
KernelStack:       33392 kB
PageTables:        55556 kB
NFS_Unstable:          0 kB
Bounce:                0 kB
WritebackTmp:          0 kB
CommitLimit:     2172840 kB
Committed_AS:   90645792 kB
VmallocTotal:   251658176 kB
VmallocUsed:      136464 kB
VmallocChunk:   251429420 kB
Time pass: 123 sec

---2015-12-04 17:50:43
MemTotal:        2905316 kB
MemFree:           84808 kB
Buffers:           25852 kB
Cached:          1038644 kB
SwapCached:            0 kB
Active:          1277528 kB
Inactive:         710340 kB
Active(anon):     769144 kB
Inactive(anon):   201644 kB
Active(file):     508384 kB
Inactive(file):   508696 kB
Unevictable:       12768 kB
Mlocked:               0 kB
SwapTotal:        720184 kB
SwapFree:         719896 kB
Dirty:                12 kB
Writeback:             0 kB
AnonPages:        935960 kB
Mapped:           687256 kB
Shmem:             34644 kB
Slab:             116528 kB
SReclaimable:      35692 kB
SUnreclaim:        80836 kB
KernelStack:       33376 kB
PageTables:        55552 kB
NFS_Unstable:          0 kB
Bounce:                0 kB
WritebackTmp:          0 kB
CommitLimit:     2172840 kB
Committed_AS:   90645780 kB
VmallocTotal:   251658176 kB
VmallocUsed:      136464 kB
VmallocChunk:   251429420 kB
Time pass: 127 sec

---2015-12-04 17:50:43
MemTotal:        2905316 kB
MemFree:           82380 kB
Buffers:           25868 kB
Cached:          1038820 kB
SwapCached:            0 kB
Active:          1278696 kB
Inactive:         710500 kB
Active(anon):     770292 kB
Inactive(anon):   201644 kB
Active(file):     508404 kB
Inactive(file):   508856 kB
Unevictable:       12768 kB
Mlocked:               0 kB
SwapTotal:        720184 kB
SwapFree:         719896 kB
Dirty:                88 kB
Writeback:             0 kB
AnonPages:        937188 kB
Mapped:           687936 kB
Shmem:             34644 kB
Slab:             116576 kB
SReclaimable:      35788 kB
SUnreclaim:        80788 kB
KernelStack:       33392 kB
PageTables:        55524 kB
NFS_Unstable:          0 kB
Bounce:                0 kB
WritebackTmp:          0 kB
CommitLimit:     2172840 kB
Committed_AS:   90645756 kB
VmallocTotal:   251658176 kB
VmallocUsed:      136464 kB
VmallocChunk:   251429420 kB
Time pass: 130 sec

---2015-12-04 17:50:43
MemTotal:        2905316 kB
MemFree:           63764 kB
Buffers:           25900 kB
Cached:          1043512 kB
SwapCached:            0 kB
Active:          1291096 kB
Inactive:         715148 kB
Active(anon):     782616 kB
Inactive(anon):   201832 kB
Active(file):     508480 kB
Inactive(file):   513316 kB
Unevictable:       12768 kB
Mlocked:               0 kB
SwapTotal:        720184 kB
SwapFree:         719896 kB
Dirty:               236 kB
Writeback:             0 kB
AnonPages:        949728 kB
Mapped:           691520 kB
Shmem:             34848 kB
Slab:             116648 kB
SReclaimable:      35788 kB
SUnreclaim:        80860 kB
KernelStack:       33776 kB
PageTables:        55760 kB
NFS_Unstable:          0 kB
Bounce:                0 kB
WritebackTmp:          0 kB
CommitLimit:     2172840 kB
Committed_AS:   90675232 kB
VmallocTotal:   251658176 kB
VmallocUsed:      138912 kB
VmallocChunk:   251429420 kB
Time pass: 134 sec

---2015-12-04 17:50:43
MemTotal:        2905316 kB
MemFree:           68516 kB
Buffers:           25876 kB
Cached:          1035864 kB
SwapCached:            0 kB
Active:          1290368 kB
Inactive:         708980 kB
Active(anon):     783392 kB
Inactive(anon):   201960 kB
Active(file):     506976 kB
Inactive(file):   507020 kB
Unevictable:       12768 kB
Mlocked:               0 kB
SwapTotal:        720184 kB
SwapFree:         719896 kB
Dirty:                16 kB
Writeback:             0 kB
AnonPages:        950428 kB
Mapped:           691696 kB
Shmem:             34972 kB
Slab:             116616 kB
SReclaimable:      35756 kB
SUnreclaim:        80860 kB
KernelStack:       33728 kB
PageTables:        55916 kB
NFS_Unstable:          0 kB
Bounce:                0 kB
WritebackTmp:          0 kB
CommitLimit:     2172840 kB
Committed_AS:   90675316 kB
VmallocTotal:   251658176 kB
VmallocUsed:      138912 kB
VmallocChunk:   251429420 kB
Time pass: 138 sec

---2015-12-04 17:50:43
MemTotal:        2905316 kB
MemFree:           67548 kB
Buffers:           25876 kB
Cached:          1035912 kB
SwapCached:            0 kB
Active:          1290752 kB
Inactive:         709028 kB
Active(anon):     783772 kB
Inactive(anon):   202000 kB
Active(file):     506980 kB
Inactive(file):   507028 kB
Unevictable:       12768 kB
Mlocked:               0 kB
SwapTotal:        720184 kB
SwapFree:         719896 kB
Dirty:                84 kB
Writeback:             0 kB
AnonPages:        950976 kB
Mapped:           691676 kB
Shmem:             35012 kB
Slab:             116616 kB
SReclaimable:      35756 kB
SUnreclaim:        80860 kB
KernelStack:       33760 kB
PageTables:        55896 kB
NFS_Unstable:          0 kB
Bounce:                0 kB
WritebackTmp:          0 kB
CommitLimit:     2172840 kB
Committed_AS:   90675272 kB
VmallocTotal:   251658176 kB
VmallocUsed:      138912 kB
VmallocChunk:   251429420 kB
Time pass: 142 sec

---2015-12-04 17:50:43
MemTotal:        2905316 kB
MemFree:           66408 kB
Buffers:           25884 kB
Cached:          1035972 kB
SwapCached:            0 kB
Active:          1291076 kB
Inactive:         709092 kB
Active(anon):     784092 kB
Inactive(anon):   202056 kB
Active(file):     506984 kB
Inactive(file):   507036 kB
Unevictable:       12768 kB
Mlocked:               0 kB
SwapTotal:        720184 kB
SwapFree:         719896 kB
Dirty:                20 kB
Writeback:             0 kB
AnonPages:        951064 kB
Mapped:           691796 kB
Shmem:             35068 kB
Slab:             116616 kB
SReclaimable:      35756 kB
SUnreclaim:        80860 kB
KernelStack:       33760 kB
PageTables:        55912 kB
NFS_Unstable:          0 kB
Bounce:                0 kB
WritebackTmp:          0 kB
CommitLimit:     2172840 kB
Committed_AS:   90675280 kB
VmallocTotal:   251658176 kB
VmallocUsed:      138912 kB
VmallocChunk:   251429420 kB
Time pass: 146 sec

---2015-12-04 17:50:43
MemTotal:        2905316 kB
MemFree:           64272 kB
Buffers:           25840 kB
Cached:          1030364 kB
SwapCached:            0 kB
Active:          1297992 kB
Inactive:         706500 kB
Active(anon):     794100 kB
Inactive(anon):   201536 kB
Active(file):     503892 kB
Inactive(file):   504964 kB
Unevictable:       12768 kB
Mlocked:               0 kB
SwapTotal:        720184 kB
SwapFree:         719680 kB
Dirty:               228 kB
Writeback:             0 kB
AnonPages:        961092 kB
Mapped:           691892 kB
Shmem:             34548 kB
Slab:             116636 kB
SReclaimable:      35740 kB
SUnreclaim:        80896 kB
KernelStack:       33792 kB
PageTables:        55796 kB
NFS_Unstable:          0 kB
Bounce:                0 kB
WritebackTmp:          0 kB
CommitLimit:     2172840 kB
Committed_AS:   90694048 kB
VmallocTotal:   251658176 kB
VmallocUsed:      138912 kB
VmallocChunk:   251429420 kB
Time pass: 149 sec

---2015-12-04 17:50:43
MemTotal:        2905316 kB
MemFree:           67756 kB
Buffers:           25840 kB
Cached:          1026692 kB
SwapCached:            0 kB
Active:          1298288 kB
Inactive:         703964 kB
Active(anon):     795532 kB
Inactive(anon):   201368 kB
Active(file):     502756 kB
Inactive(file):   502596 kB
Unevictable:       12768 kB
Mlocked:               0 kB
SwapTotal:        720184 kB
SwapFree:         719408 kB
Dirty:                 4 kB
Writeback:             0 kB
AnonPages:        962392 kB
Mapped:           689588 kB
Shmem:             34380 kB
Slab:             116648 kB
SReclaimable:      35740 kB
SUnreclaim:        80908 kB
KernelStack:       33776 kB
PageTables:        55864 kB
NFS_Unstable:          0 kB
Bounce:                0 kB
WritebackTmp:          0 kB
CommitLimit:     2172840 kB
Committed_AS:   90720684 kB
VmallocTotal:   251658176 kB
VmallocUsed:      138912 kB
VmallocChunk:   251429420 kB
Time pass: 153 sec

---2015-12-04 17:50:43
MemTotal:        2905316 kB
MemFree:           66748 kB
Buffers:           25848 kB
Cached:          1026756 kB
SwapCached:            0 kB
Active:          1299580 kB
Inactive:         704020 kB
Active(anon):     796808 kB
Inactive(anon):   201388 kB
Active(file):     502772 kB
Inactive(file):   502632 kB
Unevictable:       12768 kB
Mlocked:               0 kB
SwapTotal:        720184 kB
SwapFree:         719408 kB
Dirty:               120 kB
Writeback:             0 kB
AnonPages:        963588 kB
Mapped:           689620 kB
Shmem:             34400 kB
Slab:             116584 kB
SReclaimable:      35740 kB
SUnreclaim:        80844 kB
KernelStack:       33744 kB
PageTables:        55864 kB
NFS_Unstable:          0 kB
Bounce:                0 kB
WritebackTmp:          0 kB
CommitLimit:     2172840 kB
Committed_AS:   90720684 kB
VmallocTotal:   251658176 kB
VmallocUsed:      138912 kB
VmallocChunk:   251429420 kB
Time pass: 157 sec

---2015-12-04 17:50:43
MemTotal:        2905316 kB
MemFree:           66532 kB
Buffers:           25856 kB
Cached:          1026768 kB
SwapCached:            0 kB
Active:          1299232 kB
Inactive:         704060 kB
Active(anon):     796448 kB
Inactive(anon):   201388 kB
Active(file):     502784 kB
Inactive(file):   502672 kB
Unevictable:       12768 kB
Mlocked:               0 kB
SwapTotal:        720184 kB
SwapFree:         719408 kB
Dirty:                44 kB
Writeback:             0 kB
AnonPages:        963380 kB
Mapped:           689676 kB
Shmem:             34400 kB
Slab:             116584 kB
SReclaimable:      35740 kB
SUnreclaim:        80844 kB
KernelStack:       33760 kB
PageTables:        55864 kB
NFS_Unstable:          0 kB
Bounce:                0 kB
WritebackTmp:          0 kB
CommitLimit:     2172840 kB
Committed_AS:   90720660 kB
VmallocTotal:   251658176 kB
VmallocUsed:      138912 kB
VmallocChunk:   251429420 kB
Time pass: 161 sec

---2015-12-04 17:50:43
MemTotal:        2905316 kB
MemFree:           66540 kB
Buffers:           25864 kB
Cached:          1026764 kB
SwapCached:            0 kB
Active:          1299088 kB
Inactive:         704060 kB
Active(anon):     796300 kB
Inactive(anon):   201388 kB
Active(file):     502788 kB
Inactive(file):   502672 kB
Unevictable:       12768 kB
Mlocked:               0 kB
SwapTotal:        720184 kB
SwapFree:         719408 kB
Dirty:                16 kB
Writeback:             0 kB
AnonPages:        963000 kB
Mapped:           689696 kB
Shmem:             34400 kB
Slab:             116584 kB
SReclaimable:      35740 kB
SUnreclaim:        80844 kB
KernelStack:       33760 kB
PageTables:        55864 kB
NFS_Unstable:          0 kB
Bounce:                0 kB
WritebackTmp:          0 kB
CommitLimit:     2172840 kB
Committed_AS:   90720672 kB
VmallocTotal:   251658176 kB
VmallocUsed:      138912 kB
VmallocChunk:   251429420 kB
Time pass: 164 sec

---2015-12-04 17:50:43
MemTotal:        2905316 kB
MemFree:           66292 kB
Buffers:           25864 kB
Cached:          1026812 kB
SwapCached:            0 kB
Active:          1299984 kB
Inactive:         704100 kB
Active(anon):     797188 kB
Inactive(anon):   201392 kB
Active(file):     502796 kB
Inactive(file):   502708 kB
Unevictable:       12768 kB
Mlocked:               0 kB
SwapTotal:        720184 kB
SwapFree:         719408 kB
Dirty:                 4 kB
Writeback:             0 kB
AnonPages:        964016 kB
Mapped:           689712 kB
Shmem:             34404 kB
Slab:             116584 kB
SReclaimable:      35740 kB
SUnreclaim:        80844 kB
KernelStack:       33760 kB
PageTables:        55864 kB
NFS_Unstable:          0 kB
Bounce:                0 kB
WritebackTmp:          0 kB
CommitLimit:     2172840 kB
Committed_AS:   90720672 kB
VmallocTotal:   251658176 kB
VmallocUsed:      138912 kB
VmallocChunk:   251429420 kB
Time pass: 168 sec

---2015-12-04 17:50:43
MemTotal:        2905316 kB
MemFree:           65672 kB
Buffers:           25872 kB
Cached:          1026812 kB
SwapCached:            0 kB
Active:          1300072 kB
Inactive:         704108 kB
Active(anon):     797276 kB
Inactive(anon):   201392 kB
Active(file):     502796 kB
Inactive(file):   502716 kB
Unevictable:       12768 kB
Mlocked:               0 kB
SwapTotal:        720184 kB
SwapFree:         719408 kB
Dirty:                32 kB
Writeback:             0 kB
AnonPages:        964096 kB
Mapped:           689716 kB
Shmem:             34404 kB
Slab:             116584 kB
SReclaimable:      35740 kB
SUnreclaim:        80844 kB
KernelStack:       33728 kB
PageTables:        55864 kB
NFS_Unstable:          0 kB
Bounce:                0 kB
WritebackTmp:          0 kB
CommitLimit:     2172840 kB
Committed_AS:   90720684 kB
VmallocTotal:   251658176 kB
VmallocUsed:      138912 kB
VmallocChunk:   251429420 kB
Time pass: 172 sec

---2015-12-04 17:50:43
MemTotal:        2905316 kB
MemFree:           65944 kB
Buffers:           25872 kB
Cached:          1026824 kB
SwapCached:            0 kB
Active:          1300128 kB
Inactive:         704108 kB
Active(anon):     797320 kB
Inactive(anon):   201392 kB
Active(file):     502808 kB
Inactive(file):   502716 kB
Unevictable:       12768 kB
Mlocked:               0 kB
SwapTotal:        720184 kB
SwapFree:         719408 kB
Dirty:                16 kB
Writeback:             0 kB
AnonPages:        964400 kB
Mapped:           689664 kB
Shmem:             34404 kB
Slab:             116592 kB
SReclaimable:      35756 kB
SUnreclaim:        80836 kB
KernelStack:       33760 kB
PageTables:        55840 kB
NFS_Unstable:          0 kB
Bounce:                0 kB
WritebackTmp:          0 kB
CommitLimit:     2172840 kB
Committed_AS:   90720684 kB
VmallocTotal:   251658176 kB
VmallocUsed:      138912 kB
VmallocChunk:   251429420 kB
Time pass: 176 sec

---2015-12-04 17:50:43
MemTotal:        2905316 kB
MemFree:           65068 kB
Buffers:           25880 kB
Cached:          1026832 kB
SwapCached:            0 kB
Active:          1300872 kB
Inactive:         704116 kB
Active(anon):     798056 kB
Inactive(anon):   201392 kB
Active(file):     502816 kB
Inactive(file):   502724 kB
Unevictable:       12768 kB
Mlocked:               0 kB
SwapTotal:        720184 kB
SwapFree:         719408 kB
Dirty:                 4 kB
Writeback:             0 kB
AnonPages:        965132 kB
Mapped:           689668 kB
Shmem:             34404 kB
Slab:             116592 kB
SReclaimable:      35756 kB
SUnreclaim:        80836 kB
KernelStack:       33760 kB
PageTables:        55844 kB
NFS_Unstable:          0 kB
Bounce:                0 kB
WritebackTmp:          0 kB
CommitLimit:     2172840 kB
Committed_AS:   90720684 kB
VmallocTotal:   251658176 kB
VmallocUsed:      138912 kB
VmallocChunk:   251429420 kB
Time pass: 180 sec

---2015-12-04 17:50:43
MemTotal:        2905316 kB
MemFree:           64668 kB
Buffers:           25888 kB
Cached:          1026888 kB
SwapCached:            0 kB
Active:          1300832 kB
Inactive:         704180 kB
Active(anon):     798016 kB
Inactive(anon):   201448 kB
Active(file):     502816 kB
Inactive(file):   502732 kB
Unevictable:       12768 kB
Mlocked:               0 kB
SwapTotal:        720184 kB
SwapFree:         719408 kB
Dirty:                 4 kB
Writeback:             0 kB
AnonPages:        965176 kB
Mapped:           689728 kB
Shmem:             34460 kB
Slab:             116608 kB
SReclaimable:      35772 kB
SUnreclaim:        80836 kB
KernelStack:       33776 kB
PageTables:        55888 kB
NFS_Unstable:          0 kB
Bounce:                0 kB
WritebackTmp:          0 kB
CommitLimit:     2172840 kB
Committed_AS:   90748308 kB
VmallocTotal:   251658176 kB
VmallocUsed:      138912 kB
VmallocChunk:   251429420 kB
Time pass: 184 sec

---2015-12-04 17:50:43
MemTotal:        2905316 kB
MemFree:           66660 kB
Buffers:           25816 kB
Cached:          1021976 kB
SwapCached:            0 kB
Active:          1303240 kB
Inactive:         701484 kB
Active(anon):     802712 kB
Inactive(anon):   201176 kB
Active(file):     500528 kB
Inactive(file):   500308 kB
Unevictable:       12768 kB
Mlocked:               0 kB
SwapTotal:        720184 kB
SwapFree:         719056 kB
Dirty:               236 kB
Writeback:             0 kB
AnonPages:        969880 kB
Mapped:           687572 kB
Shmem:             34188 kB
Slab:             116520 kB
SReclaimable:      35644 kB
SUnreclaim:        80876 kB
KernelStack:       33776 kB
PageTables:        55984 kB
NFS_Unstable:          0 kB
Bounce:                0 kB
WritebackTmp:          0 kB
CommitLimit:     2172840 kB
Committed_AS:   90755736 kB
VmallocTotal:   251658176 kB
VmallocUsed:      138912 kB
VmallocChunk:   251429420 kB
Time pass: 187 sec

---2015-12-04 17:50:43
MemTotal:        2905316 kB
MemFree:           66656 kB
Buffers:           25816 kB
Cached:          1022180 kB
SwapCached:            0 kB
Active:          1303172 kB
Inactive:         701684 kB
Active(anon):     802640 kB
Inactive(anon):   201380 kB
Active(file):     500532 kB
Inactive(file):   500304 kB
Unevictable:       12768 kB
Mlocked:               0 kB
SwapTotal:        720184 kB
SwapFree:         719056 kB
Dirty:                 4 kB
Writeback:             0 kB
AnonPages:        970028 kB
Mapped:           687780 kB
Shmem:             34392 kB
Slab:             116520 kB
SReclaimable:      35644 kB
SUnreclaim:        80876 kB
KernelStack:       33728 kB
PageTables:        55984 kB
NFS_Unstable:          0 kB
Bounce:                0 kB
WritebackTmp:          0 kB
CommitLimit:     2172840 kB
Committed_AS:   90755756 kB
VmallocTotal:   251658176 kB
VmallocUsed:      138912 kB
VmallocChunk:   251429420 kB
Time pass: 191 sec

---2015-12-04 17:50:43
MemTotal:        2905316 kB
MemFree:           65284 kB
Buffers:           25824 kB
Cached:          1022332 kB
SwapCached:            0 kB
Active:          1304752 kB
Inactive:         701828 kB
Active(anon):     804204 kB
Inactive(anon):   201484 kB
Active(file):     500548 kB
Inactive(file):   500344 kB
Unevictable:       12768 kB
Mlocked:               0 kB
SwapTotal:        720184 kB
SwapFree:         719056 kB
Dirty:                80 kB
Writeback:             0 kB
AnonPages:        971160 kB
Mapped:           687900 kB
Shmem:             34496 kB
Slab:             116456 kB
SReclaimable:      35644 kB
SUnreclaim:        80812 kB
KernelStack:       33728 kB
PageTables:        55980 kB
NFS_Unstable:          0 kB
Bounce:                0 kB
WritebackTmp:          0 kB
CommitLimit:     2172840 kB
Committed_AS:   90755720 kB
VmallocTotal:   251658176 kB
VmallocUsed:      138912 kB
VmallocChunk:   251429420 kB
Time pass: 195 sec

---2015-12-04 17:50:43
MemTotal:        2905316 kB
MemFree:           64380 kB
Buffers:           25832 kB
Cached:          1022964 kB
SwapCached:            0 kB
Active:          1304744 kB
Inactive:         702452 kB
Active(anon):     804180 kB
Inactive(anon):   201484 kB
Active(file):     500564 kB
Inactive(file):   500968 kB
Unevictable:       12768 kB
Mlocked:               0 kB
SwapTotal:        720184 kB
SwapFree:         719056 kB
Dirty:                 4 kB
Writeback:             0 kB
AnonPages:        971252 kB
Mapped:           687944 kB
Shmem:             34496 kB
Slab:             116456 kB
SReclaimable:      35644 kB
SUnreclaim:        80812 kB
KernelStack:       33760 kB
PageTables:        55984 kB
NFS_Unstable:          0 kB
Bounce:                0 kB
WritebackTmp:          0 kB
CommitLimit:     2172840 kB
Committed_AS:   90755732 kB
VmallocTotal:   251658176 kB
VmallocUsed:      138912 kB
VmallocChunk:   251429420 kB
Time pass: 198 sec

---2015-12-04 17:50:43
MemTotal:        2905316 kB
MemFree:           62948 kB
Buffers:           25832 kB
Cached:          1023020 kB
SwapCached:            0 kB
Active:          1305896 kB
Inactive:         702496 kB
Active(anon):     805320 kB
Inactive(anon):   201532 kB
Active(file):     500576 kB
Inactive(file):   500964 kB
Unevictable:       12768 kB
Mlocked:               0 kB
SwapTotal:        720184 kB
SwapFree:         719056 kB
Dirty:                24 kB
Writeback:             0 kB
AnonPages:        972108 kB
Mapped:           688032 kB
Shmem:             34544 kB
Slab:             116456 kB
SReclaimable:      35644 kB
SUnreclaim:        80812 kB
KernelStack:       33744 kB
PageTables:        55980 kB
NFS_Unstable:          0 kB
Bounce:                0 kB
WritebackTmp:          0 kB
CommitLimit:     2172840 kB
Committed_AS:   90755780 kB
VmallocTotal:   251658176 kB
VmallocUsed:      138912 kB
VmallocChunk:   251429420 kB
Time pass: 202 sec

---2015-12-04 17:50:43
MemTotal:        2905316 kB
MemFree:           70324 kB
Buffers:           25800 kB
Cached:          1016068 kB
SwapCached:            0 kB
Active:          1303164 kB
Inactive:         699064 kB
Active(anon):     805956 kB
Inactive(anon):   201612 kB
Active(file):     497208 kB
Inactive(file):   497452 kB
Unevictable:       12768 kB
Mlocked:               0 kB
SwapTotal:        720184 kB
SwapFree:         718876 kB
Dirty:                52 kB
Writeback:             0 kB
AnonPages:        973012 kB
Mapped:           687388 kB
Shmem:             34328 kB
Slab:             116456 kB
SReclaimable:      35644 kB
SUnreclaim:        80812 kB
KernelStack:       33776 kB
PageTables:        55984 kB
NFS_Unstable:          0 kB
Bounce:                0 kB
WritebackTmp:          0 kB
CommitLimit:     2172840 kB
Committed_AS:   90755844 kB
VmallocTotal:   251658176 kB
VmallocUsed:      138912 kB
VmallocChunk:   251429420 kB
Time pass: 206 sec

---2015-12-04 17:50:43
MemTotal:        2905316 kB
MemFree:           70156 kB
Buffers:           25808 kB
Cached:          1016024 kB
SwapCached:            0 kB
Active:          1302748 kB
Inactive:         699096 kB
Active(anon):     805536 kB
Inactive(anon):   201612 kB
Active(file):     497212 kB
Inactive(file):   497484 kB
Unevictable:       12768 kB
Mlocked:               0 kB
SwapTotal:        720184 kB
SwapFree:         718876 kB
Dirty:                28 kB
Writeback:             0 kB
AnonPages:        972924 kB
Mapped:           687408 kB
Shmem:             34368 kB
Slab:             116456 kB
SReclaimable:      35644 kB
SUnreclaim:        80812 kB
KernelStack:       33776 kB
PageTables:        55984 kB
NFS_Unstable:          0 kB
Bounce:                0 kB
WritebackTmp:          0 kB
CommitLimit:     2172840 kB
Committed_AS:   90755828 kB
VmallocTotal:   251658176 kB
VmallocUsed:      138912 kB
VmallocChunk:   251429420 kB
Time pass: 210 sec

---2015-12-04 17:50:43
MemTotal:        2905316 kB
MemFree:           67272 kB
Buffers:           25832 kB
Cached:          1016072 kB
SwapCached:            0 kB
Active:          1305576 kB
Inactive:         699160 kB
Active(anon):     808360 kB
Inactive(anon):   201672 kB
Active(file):     497216 kB
Inactive(file):   497488 kB
Unevictable:       12768 kB
Mlocked:               0 kB
SwapTotal:        720184 kB
SwapFree:         718876 kB
Dirty:                48 kB
Writeback:             0 kB
AnonPages:        975848 kB
Mapped:           687484 kB
Shmem:             34428 kB
Slab:             116364 kB
SReclaimable:      35548 kB
SUnreclaim:        80816 kB
KernelStack:       33776 kB
PageTables:        56036 kB
NFS_Unstable:          0 kB
Bounce:                0 kB
WritebackTmp:          0 kB
CommitLimit:     2172840 kB
Committed_AS:   90784740 kB
VmallocTotal:   251658176 kB
VmallocUsed:      138912 kB
VmallocChunk:   251429420 kB
Time pass: 214 sec

---2015-12-04 17:50:43
MemTotal:        2905316 kB
MemFree:           68628 kB
Buffers:           25872 kB
Cached:          1008516 kB
SwapCached:            0 kB
Active:          1305020 kB
Inactive:         696896 kB
Active(anon):     811220 kB
Inactive(anon):   203060 kB
Active(file):     493800 kB
Inactive(file):   493836 kB
Unevictable:       12772 kB
Mlocked:               0 kB
SwapTotal:        720184 kB
SwapFree:         718848 kB
Dirty:               240 kB
Writeback:             0 kB
AnonPages:        980324 kB
Mapped:           687252 kB
Shmem:             33932 kB
Slab:             118752 kB
SReclaimable:      37756 kB
SUnreclaim:        80996 kB
KernelStack:       33824 kB
PageTables:        56092 kB
NFS_Unstable:          0 kB
Bounce:                0 kB
WritebackTmp:          0 kB
CommitLimit:     2172840 kB
Committed_AS:   90803356 kB
VmallocTotal:   251658176 kB
VmallocUsed:      139944 kB
VmallocChunk:   251410988 kB
Time pass: 217 sec

---2015-12-04 17:50:43
MemTotal:        2905316 kB
MemFree:           66828 kB
Buffers:           25888 kB
Cached:          1008868 kB
SwapCached:            0 kB
Active:          1304672 kB
Inactive:         697280 kB
Active(anon):     810840 kB
Inactive(anon):   203068 kB
Active(file):     493832 kB
Inactive(file):   494212 kB
Unevictable:       12772 kB
Mlocked:               0 kB
SwapTotal:        720184 kB
SwapFree:         718848 kB
Dirty:               108 kB
Writeback:             0 kB
AnonPages:        980168 kB
Mapped:           687356 kB
Shmem:             33940 kB
Slab:             120568 kB
SReclaimable:      39356 kB
SUnreclaim:        81212 kB
KernelStack:       33744 kB
PageTables:        56044 kB
NFS_Unstable:          0 kB
Bounce:                0 kB
WritebackTmp:          0 kB
CommitLimit:     2172840 kB
Committed_AS:   90798188 kB
VmallocTotal:   251658176 kB
VmallocUsed:      138924 kB
VmallocChunk:   251429420 kB
Time pass: 221 sec

---2015-12-04 17:50:43
MemTotal:        2905316 kB
MemFree:           66636 kB
Buffers:           25888 kB
Cached:          1008880 kB
SwapCached:            0 kB
Active:          1304972 kB
Inactive:         697280 kB
Active(anon):     811128 kB
Inactive(anon):   203076 kB
Active(file):     493844 kB
Inactive(file):   494204 kB
Unevictable:       12772 kB
Mlocked:               0 kB
SwapTotal:        720184 kB
SwapFree:         718848 kB
Dirty:                12 kB
Writeback:             0 kB
AnonPages:        980352 kB
Mapped:           687368 kB
Shmem:             33948 kB
Slab:             120572 kB
SReclaimable:      39360 kB
SUnreclaim:        81212 kB
KernelStack:       33744 kB
PageTables:        56000 kB
NFS_Unstable:          0 kB
Bounce:                0 kB
WritebackTmp:          0 kB
CommitLimit:     2172840 kB
Committed_AS:   90792008 kB
VmallocTotal:   251658176 kB
VmallocUsed:      138924 kB
VmallocChunk:   251429420 kB
Time pass: 225 sec

---2015-12-04 17:50:43
MemTotal:        2905316 kB
MemFree:           65956 kB
Buffers:           25904 kB
Cached:          1008912 kB
SwapCached:            0 kB
Active:          1305732 kB
Inactive:         697320 kB
Active(anon):     811880 kB
Inactive(anon):   203080 kB
Active(file):     493852 kB
Inactive(file):   494240 kB
Unevictable:       12772 kB
Mlocked:               0 kB
SwapTotal:        720184 kB
SwapFree:         718848 kB
Dirty:               104 kB
Writeback:             0 kB
AnonPages:        981000 kB
Mapped:           687376 kB
Shmem:             33952 kB
Slab:             120572 kB
SReclaimable:      39360 kB
SUnreclaim:        81212 kB
KernelStack:       33744 kB
PageTables:        56000 kB
NFS_Unstable:          0 kB
Bounce:                0 kB
WritebackTmp:          0 kB
CommitLimit:     2172840 kB
Committed_AS:   90792264 kB
VmallocTotal:   251658176 kB
VmallocUsed:      138924 kB
VmallocChunk:   251429420 kB
Time pass: 229 sec

---2015-12-04 17:50:43
MemTotal:        2905316 kB
MemFree:           64728 kB
Buffers:           25912 kB
Cached:          1008916 kB
SwapCached:            0 kB
Active:          1306736 kB
Inactive:         697328 kB
Active(anon):     812880 kB
Inactive(anon):   203080 kB
Active(file):     493856 kB
Inactive(file):   494248 kB
Unevictable:       12772 kB
Mlocked:               0 kB
SwapTotal:        720184 kB
SwapFree:         718848 kB
Dirty:                56 kB
Writeback:             0 kB
AnonPages:        982020 kB
Mapped:           687384 kB
Shmem:             33952 kB
Slab:             120572 kB
SReclaimable:      39360 kB
SUnreclaim:        81212 kB
KernelStack:       33744 kB
PageTables:        56000 kB
NFS_Unstable:          0 kB
Bounce:                0 kB
WritebackTmp:          0 kB
CommitLimit:     2172840 kB
Committed_AS:   90792288 kB
VmallocTotal:   251658176 kB
VmallocUsed:      138924 kB
VmallocChunk:   251429420 kB
Time pass: 233 sec

---2015-12-04 17:50:43
MemTotal:        2905316 kB
MemFree:           64856 kB
Buffers:           25920 kB
Cached:          1008908 kB
SwapCached:            0 kB
Active:          1306548 kB
Inactive:         697328 kB
Active(anon):     812692 kB
Inactive(anon):   203080 kB
Active(file):     493856 kB
Inactive(file):   494248 kB
Unevictable:       12772 kB
Mlocked:               0 kB
SwapTotal:        720184 kB
SwapFree:         718848 kB
Dirty:                 4 kB
Writeback:             0 kB
AnonPages:        981816 kB
Mapped:           687388 kB
Shmem:             33952 kB
Slab:             120568 kB
SReclaimable:      39356 kB
SUnreclaim:        81212 kB
KernelStack:       33696 kB
PageTables:        56000 kB
NFS_Unstable:          0 kB
Bounce:                0 kB
WritebackTmp:          0 kB
CommitLimit:     2172840 kB
Committed_AS:   90792276 kB
VmallocTotal:   251658176 kB
VmallocUsed:      138924 kB
VmallocChunk:   251429420 kB
Time pass: 236 sec

---2015-12-04 17:50:43
MemTotal:        2905316 kB
MemFree:           72020 kB
Buffers:           25936 kB
Cached:          1005512 kB
SwapCached:            0 kB
Active:          1306796 kB
Inactive:         696052 kB
Active(anon):     814520 kB
Inactive(anon):   203592 kB
Active(file):     492276 kB
Inactive(file):   492460 kB
Unevictable:       12772 kB
Mlocked:               0 kB
SwapTotal:        720184 kB
SwapFree:         718760 kB
Dirty:                80 kB
Writeback:             0 kB
AnonPages:        984328 kB
Mapped:           687400 kB
Shmem:             33952 kB
Slab:             114840 kB
SReclaimable:      33776 kB
SUnreclaim:        81064 kB
KernelStack:       33712 kB
PageTables:        56004 kB
NFS_Unstable:          0 kB
Bounce:                0 kB
WritebackTmp:          0 kB
CommitLimit:     2172840 kB
Committed_AS:   90796964 kB
VmallocTotal:   251658176 kB
VmallocUsed:      138924 kB
VmallocChunk:   251429420 kB
Time pass: 240 sec

---2015-12-04 17:50:43
MemTotal:        2905316 kB
MemFree:           69452 kB
Buffers:           25944 kB
Cached:          1005472 kB
SwapCached:            0 kB
Active:          1307180 kB
Inactive:         696008 kB
Active(anon):     814904 kB
Inactive(anon):   203572 kB
Active(file):     492276 kB
Inactive(file):   492436 kB
Unevictable:       12772 kB
Mlocked:               0 kB
SwapTotal:        720184 kB
SwapFree:         718760 kB
Dirty:                 8 kB
Writeback:             0 kB
AnonPages:        984480 kB
Mapped:           687464 kB
Shmem:             33932 kB
Slab:             116660 kB
SReclaimable:      35704 kB
SUnreclaim:        80956 kB
KernelStack:       33680 kB
PageTables:        56056 kB
NFS_Unstable:          0 kB
Bounce:                0 kB
WritebackTmp:          0 kB
CommitLimit:     2172840 kB
Committed_AS:   90819644 kB
VmallocTotal:   251658176 kB
VmallocUsed:      138924 kB
VmallocChunk:   251429420 kB
Time pass: 244 sec

---2015-12-04 17:50:43
MemTotal:        2905316 kB
MemFree:           68820 kB
Buffers:           25944 kB
Cached:          1005500 kB
SwapCached:            0 kB
Active:          1307688 kB
Inactive:         696028 kB
Active(anon):     815404 kB
Inactive(anon):   203600 kB
Active(file):     492284 kB
Inactive(file):   492428 kB
Unevictable:       12772 kB
Mlocked:               0 kB
SwapTotal:        720184 kB
SwapFree:         718760 kB
Dirty:                16 kB
Writeback:             0 kB
AnonPages:        985196 kB
Mapped:           687512 kB
Shmem:             33960 kB
Slab:             116660 kB
SReclaimable:      35704 kB
SUnreclaim:        80956 kB
KernelStack:       33728 kB
PageTables:        56056 kB
NFS_Unstable:          0 kB
Bounce:                0 kB
WritebackTmp:          0 kB
CommitLimit:     2172840 kB
Committed_AS:   90819680 kB
VmallocTotal:   251658176 kB
VmallocUsed:      138924 kB
VmallocChunk:   251429420 kB
Time pass: 248 sec

---2015-12-04 17:50:43
MemTotal:        2905316 kB
MemFree:           66952 kB
Buffers:           25968 kB
Cached:          1005568 kB
SwapCached:            0 kB
Active:          1310392 kB
Inactive:         696076 kB
Active(anon):     818096 kB
Inactive(anon):   203600 kB
Active(file):     492296 kB
Inactive(file):   492476 kB
Unevictable:       12772 kB
Mlocked:               0 kB
SwapTotal:        720184 kB
SwapFree:         718760 kB
Dirty:               144 kB
Writeback:             0 kB
AnonPages:        987552 kB
Mapped:           687516 kB
Shmem:             33960 kB
Slab:             116584 kB
SReclaimable:      35692 kB
SUnreclaim:        80892 kB
KernelStack:       33728 kB
PageTables:        56060 kB
NFS_Unstable:          0 kB
Bounce:                0 kB
WritebackTmp:          0 kB
CommitLimit:     2172840 kB
Committed_AS:   90819632 kB
VmallocTotal:   251658176 kB
VmallocUsed:      138924 kB
VmallocChunk:   251429420 kB
Time pass: 252 sec

---2015-12-04 17:50:43
MemTotal:        2905316 kB
MemFree:           66516 kB
Buffers:           25976 kB
Cached:          1005580 kB
SwapCached:            0 kB
Active:          1310668 kB
Inactive:         696108 kB
Active(anon):     818356 kB
Inactive(anon):   203600 kB
Active(file):     492312 kB
Inactive(file):   492508 kB
Unevictable:       12772 kB
Mlocked:               0 kB
SwapTotal:        720184 kB
SwapFree:         718760 kB
Dirty:                16 kB
Writeback:             0 kB
AnonPages:        988096 kB
Mapped:           687564 kB
Shmem:             33964 kB
Slab:             116584 kB
SReclaimable:      35692 kB
SUnreclaim:        80892 kB
KernelStack:       33664 kB
PageTables:        56060 kB
NFS_Unstable:          0 kB
Bounce:                0 kB
WritebackTmp:          0 kB
CommitLimit:     2172840 kB
Committed_AS:   90819668 kB
VmallocTotal:   251658176 kB
VmallocUsed:      138924 kB
VmallocChunk:   251429420 kB
Time pass: 255 sec

---2015-12-04 17:50:43
MemTotal:        2905316 kB
MemFree:           65672 kB
Buffers:           25976 kB
Cached:          1005592 kB
SwapCached:            0 kB
Active:          1310816 kB
Inactive:         696120 kB
Active(anon):     818500 kB
Inactive(anon):   203604 kB
Active(file):     492316 kB
Inactive(file):   492516 kB
Unevictable:       12772 kB
Mlocked:               0 kB
SwapTotal:        720184 kB
SwapFree:         718760 kB
Dirty:                 8 kB
Writeback:             0 kB
AnonPages:        988172 kB
Mapped:           687576 kB
Shmem:             33964 kB
Slab:             116520 kB
SReclaimable:      35692 kB
SUnreclaim:        80828 kB
KernelStack:       33632 kB
PageTables:        56060 kB
NFS_Unstable:          0 kB
Bounce:                0 kB
WritebackTmp:          0 kB
CommitLimit:     2172840 kB
Committed_AS:   90819704 kB
VmallocTotal:   251658176 kB
VmallocUsed:      138924 kB
VmallocChunk:   251429420 kB
Time pass: 259 sec

---2015-12-04 17:50:43
MemTotal:        2905316 kB
MemFree:           64580 kB
Buffers:           26000 kB
Cached:          1005632 kB
SwapCached:            0 kB
Active:          1312300 kB
Inactive:         696148 kB
Active(anon):     819976 kB
Inactive(anon):   203608 kB
Active(file):     492324 kB
Inactive(file):   492540 kB
Unevictable:       12772 kB
Mlocked:               0 kB
SwapTotal:        720184 kB
SwapFree:         718760 kB
Dirty:               120 kB
Writeback:             0 kB
AnonPages:        989496 kB
Mapped:           687644 kB
Shmem:             33968 kB
Slab:             116492 kB
SReclaimable:      35692 kB
SUnreclaim:        80800 kB
KernelStack:       33664 kB
PageTables:        56084 kB
NFS_Unstable:          0 kB
Bounce:                0 kB
WritebackTmp:          0 kB
CommitLimit:     2172840 kB
Committed_AS:   90819716 kB
VmallocTotal:   251658176 kB
VmallocUsed:      138924 kB
VmallocChunk:   251429420 kB
Time pass: 263 sec

---2015-12-04 17:50:43
MemTotal:        2905316 kB
MemFree:           64176 kB
Buffers:           26000 kB
Cached:          1005636 kB
SwapCached:            0 kB
Active:          1312304 kB
Inactive:         696172 kB
Active(anon):     819972 kB
Inactive(anon):   203608 kB
Active(file):     492332 kB
Inactive(file):   492564 kB
Unevictable:       12772 kB
Mlocked:               0 kB
SwapTotal:        720184 kB
SwapFree:         718760 kB
Dirty:                20 kB
Writeback:             0 kB
AnonPages:        989640 kB
Mapped:           687656 kB
Shmem:             33968 kB
Slab:             116432 kB
SReclaimable:      35692 kB
SUnreclaim:        80740 kB
KernelStack:       33600 kB
PageTables:        56084 kB
NFS_Unstable:          0 kB
Bounce:                0 kB
WritebackTmp:          0 kB
CommitLimit:     2172840 kB
Committed_AS:   90819652 kB
VmallocTotal:   251658176 kB
VmallocUsed:      138924 kB
VmallocChunk:   251429420 kB
Time pass: 266 sec

---2015-12-04 17:50:43
MemTotal:        2905316 kB
MemFree:           64044 kB
Buffers:           26016 kB
Cached:          1005636 kB
SwapCached:            0 kB
Active:          1312896 kB
Inactive:         696180 kB
Active(anon):     820556 kB
Inactive(anon):   203608 kB
Active(file):     492340 kB
Inactive(file):   492572 kB
Unevictable:       12772 kB
Mlocked:               0 kB
SwapTotal:        720184 kB
SwapFree:         718760 kB
Dirty:                64 kB
Writeback:             0 kB
AnonPages:        990100 kB
Mapped:           687668 kB
Shmem:             33968 kB
Slab:             116432 kB
SReclaimable:      35692 kB
SUnreclaim:        80740 kB
KernelStack:       33600 kB
PageTables:        56084 kB
NFS_Unstable:          0 kB
Bounce:                0 kB
WritebackTmp:          0 kB
CommitLimit:     2172840 kB
Committed_AS:   90819632 kB
VmallocTotal:   251658176 kB
VmallocUsed:      138924 kB
VmallocChunk:   251429420 kB
Time pass: 270 sec

---2015-12-04 17:50:43
MemTotal:        2905316 kB
MemFree:           66260 kB
Buffers:           26032 kB
Cached:          1001960 kB
SwapCached:            0 kB
Active:          1311676 kB
Inactive:         695496 kB
Active(anon):     821012 kB
Inactive(anon):   204952 kB
Active(file):     490664 kB
Inactive(file):   490544 kB
Unevictable:       12772 kB
Mlocked:               0 kB
SwapTotal:        720184 kB
SwapFree:         718760 kB
Dirty:                80 kB
Writeback:             0 kB
AnonPages:        991740 kB
Mapped:           687756 kB
Shmem:             34032 kB
Slab:             116432 kB
SReclaimable:      35692 kB
SUnreclaim:        80740 kB
KernelStack:       33600 kB
PageTables:        56140 kB
NFS_Unstable:          0 kB
Bounce:                0 kB
WritebackTmp:          0 kB
CommitLimit:     2172840 kB
Committed_AS:   90846244 kB
VmallocTotal:   251658176 kB
VmallocUsed:      138924 kB
VmallocChunk:   251429420 kB
Time pass: 274 sec

---2015-12-04 17:50:43
MemTotal:        2905316 kB
MemFree:           66056 kB
Buffers:           26032 kB
Cached:          1002036 kB
SwapCached:            0 kB
Active:          1311960 kB
Inactive:         695656 kB
Active(anon):     821400 kB
Inactive(anon):   204956 kB
Active(file):     490560 kB
Inactive(file):   490700 kB
Unevictable:       12772 kB
Mlocked:               0 kB
SwapTotal:        720184 kB
SwapFree:         718760 kB
Dirty:               120 kB
Writeback:             0 kB
AnonPages:        992308 kB
Mapped:           687856 kB
Shmem:             34036 kB
Slab:             116448 kB
SReclaimable:      35708 kB
SUnreclaim:        80740 kB
KernelStack:       33616 kB
PageTables:        56140 kB
NFS_Unstable:          0 kB
Bounce:                0 kB
WritebackTmp:          0 kB
CommitLimit:     2172840 kB
Committed_AS:   90846244 kB
VmallocTotal:   251658176 kB
VmallocUsed:      138924 kB
VmallocChunk:   251429420 kB
Time pass: 278 sec

---2015-12-04 17:50:43
MemTotal:        2905316 kB
MemFree:           65828 kB
Buffers:           26040 kB
Cached:          1002068 kB
SwapCached:            0 kB
Active:          1312280 kB
Inactive:         695692 kB
Active(anon):     821716 kB
Inactive(anon):   204984 kB
Active(file):     490564 kB
Inactive(file):   490708 kB
Unevictable:       12772 kB
Mlocked:               0 kB
SwapTotal:        720184 kB
SwapFree:         718760 kB
Dirty:                60 kB
Writeback:             0 kB
AnonPages:        992500 kB
Mapped:           687892 kB
Shmem:             34064 kB
Slab:             116452 kB
SReclaimable:      35708 kB
SUnreclaim:        80744 kB
KernelStack:       33616 kB
PageTables:        56144 kB
NFS_Unstable:          0 kB
Bounce:                0 kB
WritebackTmp:          0 kB
CommitLimit:     2172840 kB
Committed_AS:   90846256 kB
VmallocTotal:   251658176 kB
VmallocUsed:      138924 kB
VmallocChunk:   251429420 kB
Time pass: 281 sec

---2015-12-04 17:50:43
MemTotal:        2905316 kB
MemFree:           64888 kB
Buffers:           26048 kB
Cached:          1002108 kB
SwapCached:            0 kB
Active:          1313280 kB
Inactive:         695732 kB
Active(anon):     822708 kB
Inactive(anon):   204984 kB
Active(file):     490572 kB
Inactive(file):   490748 kB
Unevictable:       12772 kB
Mlocked:               0 kB
SwapTotal:        720184 kB
SwapFree:         718760 kB
Dirty:                36 kB
Writeback:             0 kB
AnonPages:        993496 kB
Mapped:           687900 kB
Shmem:             34064 kB
Slab:             116456 kB
SReclaimable:      35708 kB
SUnreclaim:        80748 kB
KernelStack:       33616 kB
PageTables:        56144 kB
NFS_Unstable:          0 kB
Bounce:                0 kB
WritebackTmp:          0 kB
CommitLimit:     2172840 kB
Committed_AS:   90846268 kB
VmallocTotal:   251658176 kB
VmallocUsed:      138924 kB
VmallocChunk:   251429420 kB
Time pass: 285 sec

---2015-12-04 17:50:43
MemTotal:        2905316 kB
MemFree:           68632 kB
Buffers:           26072 kB
Cached:          1002448 kB
SwapCached:            0 kB
Active:          1309100 kB
Inactive:         696032 kB
Active(anon):     818516 kB
Inactive(anon):   204980 kB
Active(file):     490584 kB
Inactive(file):   491052 kB
Unevictable:       12772 kB
Mlocked:               0 kB
SwapTotal:        720184 kB
SwapFree:         718760 kB
Dirty:                 0 kB
Writeback:             0 kB
AnonPages:        989384 kB
Mapped:           687928 kB
Shmem:             34064 kB
Slab:             116456 kB
SReclaimable:      35708 kB
SUnreclaim:        80748 kB
KernelStack:       33568 kB
PageTables:        56120 kB
NFS_Unstable:          0 kB
Bounce:                0 kB
WritebackTmp:          0 kB
CommitLimit:     2172840 kB
Committed_AS:   90846232 kB
VmallocTotal:   251658176 kB
VmallocUsed:      138924 kB
VmallocChunk:   251429420 kB
Time pass: 289 sec

---2015-12-04 17:50:43
MemTotal:        2905316 kB
MemFree:           75396 kB
Buffers:           26080 kB
Cached:          1002452 kB
SwapCached:            0 kB
Active:          1302004 kB
Inactive:         696036 kB
Active(anon):     811412 kB
Inactive(anon):   204980 kB
Active(file):     490592 kB
Inactive(file):   491056 kB
Unevictable:       12772 kB
Mlocked:               0 kB
SwapTotal:        720184 kB
SwapFree:         718760 kB
Dirty:                40 kB
Writeback:             0 kB
AnonPages:        982412 kB
Mapped:           687996 kB
Shmem:             34064 kB
Slab:             116456 kB
SReclaimable:      35708 kB
SUnreclaim:        80748 kB
KernelStack:       33600 kB
PageTables:        56144 kB
NFS_Unstable:          0 kB
Bounce:                0 kB
WritebackTmp:          0 kB
CommitLimit:     2172840 kB
Committed_AS:   90846256 kB
VmallocTotal:   251658176 kB
VmallocUsed:      138924 kB
VmallocChunk:   251429420 kB
Time pass: 293 sec

---2015-12-04 17:50:43
MemTotal:        2905316 kB
MemFree:           75624 kB
Buffers:           26080 kB
Cached:          1002460 kB
SwapCached:            0 kB
Active:          1301812 kB
Inactive:         696036 kB
Active(anon):     811212 kB
Inactive(anon):   204984 kB
Active(file):     490600 kB
Inactive(file):   491052 kB
Unevictable:       12772 kB
Mlocked:               0 kB
SwapTotal:        720184 kB
SwapFree:         718760 kB
Dirty:                36 kB
Writeback:             0 kB
AnonPages:        982232 kB
Mapped:           688004 kB
Shmem:             34068 kB
Slab:             116456 kB
SReclaimable:      35708 kB
SUnreclaim:        80748 kB
KernelStack:       33600 kB
PageTables:        56140 kB
NFS_Unstable:          0 kB
Bounce:                0 kB
WritebackTmp:          0 kB
CommitLimit:     2172840 kB
Committed_AS:   90846244 kB
VmallocTotal:   251658176 kB
VmallocUsed:      138924 kB
VmallocChunk:   251429420 kB
Time pass: 296 sec

---2015-12-04 17:50:43
MemTotal:        2905316 kB
MemFree:           74124 kB
Buffers:           26104 kB
Cached:          1002528 kB
SwapCached:            0 kB
Active:          1303540 kB
Inactive:         696108 kB
Active(anon):     812920 kB
Inactive(anon):   204984 kB
Active(file):     490620 kB
Inactive(file):   491124 kB
Unevictable:       12772 kB
Mlocked:               0 kB
SwapTotal:        720184 kB
SwapFree:         718760 kB
Dirty:                16 kB
Writeback:             0 kB
AnonPages:        983772 kB
Mapped:           687956 kB
Shmem:             34068 kB
Slab:             116456 kB
SReclaimable:      35708 kB
SUnreclaim:        80748 kB
KernelStack:       33568 kB
PageTables:        56120 kB
NFS_Unstable:          0 kB
Bounce:                0 kB
WritebackTmp:          0 kB
CommitLimit:     2172840 kB
Committed_AS:   90846244 kB
VmallocTotal:   251658176 kB
VmallocUsed:      138924 kB
VmallocChunk:   251429420 kB
Time pass: 300 sec

---2015-12-04 17:50:43
MemTotal:        2905316 kB
MemFree:           73024 kB
Buffers:           26112 kB
Cached:          1002600 kB
SwapCached:            0 kB
Active:          1304016 kB
Inactive:         696184 kB
Active(anon):     813392 kB
Inactive(anon):   205044 kB
Active(file):     490624 kB
Inactive(file):   491140 kB
Unevictable:       12772 kB
Mlocked:               0 kB
SwapTotal:        720184 kB
SwapFree:         718760 kB
Dirty:                72 kB
Writeback:             0 kB
AnonPages:        984488 kB
Mapped:           688080 kB
Shmem:             34128 kB
Slab:             116460 kB
SReclaimable:      35708 kB
SUnreclaim:        80752 kB
KernelStack:       33600 kB
PageTables:        56192 kB
NFS_Unstable:          0 kB
Bounce:                0 kB
WritebackTmp:          0 kB
CommitLimit:     2172840 kB
Committed_AS:   90872868 kB
VmallocTotal:   251658176 kB
VmallocUsed:      138924 kB
VmallocChunk:   251429420 kB
Time pass: 304 sec

---2015-12-04 17:50:43
MemTotal:        2905316 kB
MemFree:           73096 kB
Buffers:           26112 kB
Cached:          1002612 kB
SwapCached:            0 kB
Active:          1304252 kB
Inactive:         696196 kB
Active(anon):     813628 kB
Inactive(anon):   205048 kB
Active(file):     490624 kB
Inactive(file):   491148 kB
Unevictable:       12772 kB
Mlocked:               0 kB
SwapTotal:        720184 kB
SwapFree:         718760 kB
Dirty:                 4 kB
Writeback:             0 kB
AnonPages:        984652 kB
Mapped:           688084 kB
Shmem:             34132 kB
Slab:             116460 kB
SReclaimable:      35708 kB
SUnreclaim:        80752 kB
KernelStack:       33600 kB
PageTables:        56192 kB
NFS_Unstable:          0 kB
Bounce:                0 kB
WritebackTmp:          0 kB
CommitLimit:     2172840 kB
Committed_AS:   90872868 kB
VmallocTotal:   251658176 kB
VmallocUsed:      138924 kB
VmallocChunk:   251429420 kB
Time pass: 308 sec

---2015-12-04 17:50:43
MemTotal:        2905316 kB
MemFree:           72540 kB
Buffers:           26136 kB
Cached:          1002648 kB
SwapCached:            0 kB
Active:          1304968 kB
Inactive:         696240 kB
Active(anon):     814328 kB
Inactive(anon):   205048 kB
Active(file):     490640 kB
Inactive(file):   491192 kB
Unevictable:       12772 kB
Mlocked:               0 kB
SwapTotal:        720184 kB
SwapFree:         718760 kB
Dirty:               108 kB
Writeback:             0 kB
AnonPages:        985212 kB
Mapped:           688092 kB
Shmem:             34132 kB
Slab:             116460 kB
SReclaimable:      35708 kB
SUnreclaim:        80752 kB
KernelStack:       33584 kB
PageTables:        56196 kB
NFS_Unstable:          0 kB
Bounce:                0 kB
WritebackTmp:          0 kB
CommitLimit:     2172840 kB
Committed_AS:   90872868 kB
VmallocTotal:   251658176 kB
VmallocUsed:      138924 kB
VmallocChunk:   251429420 kB
Time pass: 312 sec

---2015-12-04 17:50:43
MemTotal:        2905316 kB
MemFree:           72356 kB
Buffers:           26152 kB
Cached:          1002680 kB
SwapCached:            0 kB
Active:          1304952 kB
Inactive:         696320 kB
Active(anon):     814296 kB
Inactive(anon):   205076 kB
Active(file):     490656 kB
Inactive(file):   491244 kB
Unevictable:       12772 kB
Mlocked:               0 kB
SwapTotal:        720184 kB
SwapFree:         718760 kB
Dirty:                80 kB
Writeback:             0 kB
AnonPages:        985156 kB
Mapped:           688068 kB
Shmem:             34160 kB
Slab:             116460 kB
SReclaimable:      35708 kB
SUnreclaim:        80752 kB
KernelStack:       33584 kB
PageTables:        56172 kB
NFS_Unstable:          0 kB
Bounce:                0 kB
WritebackTmp:          0 kB
CommitLimit:     2172840 kB
Committed_AS:   90873108 kB
VmallocTotal:   251658176 kB
VmallocUsed:      138924 kB
VmallocChunk:   251429420 kB
Time pass: 315 sec

---2015-12-04 17:50:43
MemTotal:        2905316 kB
MemFree:           69916 kB
Buffers:           26152 kB
Cached:          1002956 kB
SwapCached:            0 kB
Active:          1307196 kB
Inactive:         696556 kB
Active(anon):     816504 kB
Inactive(anon):   205076 kB
Active(file):     490692 kB
Inactive(file):   491480 kB
Unevictable:       12772 kB
Mlocked:               0 kB
SwapTotal:        720184 kB
SwapFree:         718760 kB
Dirty:                 0 kB
Writeback:            88 kB
AnonPages:        987416 kB
Mapped:           688200 kB
Shmem:             34164 kB
Slab:             116464 kB
SReclaimable:      35708 kB
SUnreclaim:        80756 kB
KernelStack:       33648 kB
PageTables:        56196 kB
NFS_Unstable:          0 kB
Bounce:                0 kB
WritebackTmp:          0 kB
CommitLimit:     2172840 kB
Committed_AS:   90873104 kB
VmallocTotal:   251658176 kB
VmallocUsed:      138924 kB
VmallocChunk:   251429420 kB
Time pass: 319 sec

---2015-12-04 17:50:43
MemTotal:        2905316 kB
MemFree:           69092 kB
Buffers:           26176 kB
Cached:          1002984 kB
SwapCached:            0 kB
Active:          1307860 kB
Inactive:         696612 kB
Active(anon):     817168 kB
Inactive(anon):   205080 kB
Active(file):     490692 kB
Inactive(file):   491532 kB
Unevictable:       12772 kB
Mlocked:               0 kB
SwapTotal:        720184 kB
SwapFree:         718760 kB
Dirty:               144 kB
Writeback:             0 kB
AnonPages:        988100 kB
Mapped:           688208 kB
Shmem:             34164 kB
Slab:             116468 kB
SReclaimable:      35724 kB
SUnreclaim:        80744 kB
KernelStack:       33616 kB
PageTables:        56196 kB
NFS_Unstable:          0 kB
Bounce:                0 kB
WritebackTmp:          0 kB
CommitLimit:     2172840 kB
Committed_AS:   90873100 kB
VmallocTotal:   251658176 kB
VmallocUsed:      138924 kB
VmallocChunk:   251429420 kB
Time pass: 323 sec

---2015-12-04 17:50:43
MemTotal:        2905316 kB
MemFree:           68960 kB
Buffers:           26176 kB
Cached:          1002992 kB
SwapCached:            0 kB
Active:          1307920 kB
Inactive:         696608 kB
Active(anon):     817216 kB
Inactive(anon):   205080 kB
Active(file):     490704 kB
Inactive(file):   491528 kB
Unevictable:       12772 kB
Mlocked:               0 kB
SwapTotal:        720184 kB
SwapFree:         718760 kB
Dirty:                20 kB
Writeback:             0 kB
AnonPages:        988144 kB
Mapped:           688212 kB
Shmem:             34164 kB
Slab:             116472 kB
SReclaimable:      35724 kB
SUnreclaim:        80748 kB
KernelStack:       33616 kB
PageTables:        56196 kB
NFS_Unstable:          0 kB
Bounce:                0 kB
WritebackTmp:          0 kB
CommitLimit:     2172840 kB
Committed_AS:   90873136 kB
VmallocTotal:   251658176 kB
VmallocUsed:      138924 kB
VmallocChunk:   251429420 kB
Time pass: 327 sec

---2015-12-04 17:50:43
MemTotal:        2905316 kB
MemFree:           67692 kB
Buffers:           26192 kB
Cached:          1003024 kB
SwapCached:            0 kB
Active:          1309208 kB
Inactive:         696644 kB
Active(anon):     818492 kB
Inactive(anon):   205080 kB
Active(file):     490716 kB
Inactive(file):   491564 kB
Unevictable:       12772 kB
Mlocked:               0 kB
SwapTotal:        720184 kB
SwapFree:         718760 kB
Dirty:                48 kB
Writeback:             0 kB
AnonPages:        989516 kB
Mapped:           688228 kB
Shmem:             34164 kB
Slab:             116472 kB
SReclaimable:      35724 kB
SUnreclaim:        80748 kB
KernelStack:       33632 kB
PageTables:        56196 kB
NFS_Unstable:          0 kB
Bounce:                0 kB
WritebackTmp:          0 kB
CommitLimit:     2172840 kB
Committed_AS:   90873148 kB
VmallocTotal:   251658176 kB
VmallocUsed:      138924 kB
VmallocChunk:   251429420 kB
Time pass: 330 sec

---2015-12-04 17:50:43
MemTotal:        2905316 kB
MemFree:           66736 kB
Buffers:           26208 kB
Cached:          1003116 kB
SwapCached:            0 kB
Active:          1310220 kB
Inactive:         696748 kB
Active(anon):     819496 kB
Inactive(anon):   205128 kB
Active(file):     490724 kB
Inactive(file):   491620 kB
Unevictable:       12772 kB
Mlocked:               0 kB
SwapTotal:        720184 kB
SwapFree:         718760 kB
Dirty:               100 kB
Writeback:             0 kB
AnonPages:        990416 kB
Mapped:           688240 kB
Shmem:             34212 kB
Slab:             116472 kB
SReclaimable:      35724 kB
SUnreclaim:        80748 kB
KernelStack:       33600 kB
PageTables:        56216 kB
NFS_Unstable:          0 kB
Bounce:                0 kB
WritebackTmp:          0 kB
CommitLimit:     2172840 kB
Committed_AS:   90899748 kB
VmallocTotal:   251658176 kB
VmallocUsed:      138924 kB
VmallocChunk:   251429420 kB
Time pass: 334 sec

---2015-12-04 17:50:43
MemTotal:        2905316 kB
MemFree:           68368 kB
Buffers:           26164 kB
Cached:           999924 kB
SwapCached:            0 kB
Active:          1310288 kB
Inactive:         695320 kB
Active(anon):     820864 kB
Inactive(anon):   205652 kB
Active(file):     489424 kB
Inactive(file):   489668 kB
Unevictable:       12772 kB
Mlocked:               0 kB
SwapTotal:        720184 kB
SwapFree:         718760 kB
Dirty:               100 kB
Writeback:             0 kB
AnonPages:        992376 kB
Mapped:           687920 kB
Shmem:             34224 kB
Slab:             116472 kB
SReclaimable:      35724 kB
SUnreclaim:        80748 kB
KernelStack:       33600 kB
PageTables:        56224 kB
NFS_Unstable:          0 kB
Bounce:                0 kB
WritebackTmp:          0 kB
CommitLimit:     2172840 kB
Committed_AS:   90905824 kB
VmallocTotal:   251658176 kB
VmallocUsed:      138924 kB
VmallocChunk:   251429420 kB
Time pass: 338 sec

---2015-12-04 17:50:43
MemTotal:        2905316 kB
MemFree:           68076 kB
Buffers:           26172 kB
Cached:           999928 kB
SwapCached:            0 kB
Active:          1310812 kB
Inactive:         695324 kB
Active(anon):     821380 kB
Inactive(anon):   205652 kB
Active(file):     489432 kB
Inactive(file):   489672 kB
Unevictable:       12772 kB
Mlocked:               0 kB
SwapTotal:        720184 kB
SwapFree:         718760 kB
Dirty:                56 kB
Writeback:             0 kB
AnonPages:        992964 kB
Mapped:           687924 kB
Shmem:             34224 kB
Slab:             116488 kB
SReclaimable:      35740 kB
SUnreclaim:        80748 kB
KernelStack:       33632 kB
PageTables:        56224 kB
NFS_Unstable:          0 kB
Bounce:                0 kB
WritebackTmp:          0 kB
CommitLimit:     2172840 kB
Committed_AS:   90905944 kB
VmallocTotal:   251658176 kB
VmallocUsed:      138924 kB
VmallocChunk:   251429420 kB
Time pass: 342 sec

---2015-12-04 17:50:43
MemTotal:        2905316 kB
MemFree:           68260 kB
Buffers:           26180 kB
Cached:           999928 kB
SwapCached:            0 kB
Active:          1310560 kB
Inactive:         695328 kB
Active(anon):     821128 kB
Inactive(anon):   205656 kB
Active(file):     489432 kB
Inactive(file):   489672 kB
Unevictable:       12772 kB
Mlocked:               0 kB
SwapTotal:        720184 kB
SwapFree:         718760 kB
Dirty:                16 kB
Writeback:             0 kB
AnonPages:        992488 kB
Mapped:           687928 kB
Shmem:             34228 kB
Slab:             116488 kB
SReclaimable:      35740 kB
SUnreclaim:        80748 kB
KernelStack:       33632 kB
PageTables:        56224 kB
NFS_Unstable:          0 kB
Bounce:                0 kB
WritebackTmp:          0 kB
CommitLimit:     2172840 kB
Committed_AS:   90905968 kB
VmallocTotal:   251658176 kB
VmallocUsed:      138924 kB
VmallocChunk:   251429420 kB
Time pass: 346 sec

---2015-12-04 17:50:43
MemTotal:        2905316 kB
MemFree:           67304 kB
Buffers:           26196 kB
Cached:           999972 kB
SwapCached:            0 kB
Active:          1311228 kB
Inactive:         695384 kB
Active(anon):     821788 kB
Inactive(anon):   205664 kB
Active(file):     489440 kB
Inactive(file):   489720 kB
Unevictable:       12772 kB
Mlocked:               0 kB
SwapTotal:        720184 kB
SwapFree:         718760 kB
Dirty:                 4 kB
Writeback:             0 kB
AnonPages:        993196 kB
Mapped:           687944 kB
Shmem:             34236 kB
Slab:             116472 kB
SReclaimable:      35740 kB
SUnreclaim:        80732 kB
KernelStack:       33616 kB
PageTables:        56220 kB
NFS_Unstable:          0 kB
Bounce:                0 kB
WritebackTmp:          0 kB
CommitLimit:     2172840 kB
Committed_AS:   90905944 kB
VmallocTotal:   251658176 kB
VmallocUsed:      138924 kB
VmallocChunk:   251429420 kB
Time pass: 349 sec

---2015-12-04 17:50:43
MemTotal:        2905316 kB
MemFree:           67000 kB
Buffers:           26204 kB
Cached:           999976 kB
SwapCached:            0 kB
Active:          1311288 kB
Inactive:         695396 kB
Active(anon):     821848 kB
Inactive(anon):   205664 kB
Active(file):     489440 kB
Inactive(file):   489732 kB
Unevictable:       12772 kB
Mlocked:               0 kB
SwapTotal:        720184 kB
SwapFree:         718760 kB
Dirty:                60 kB
Writeback:             0 kB
AnonPages:        993244 kB
Mapped:           687948 kB
Shmem:             34236 kB
Slab:             116468 kB
SReclaimable:      35740 kB
SUnreclaim:        80728 kB
KernelStack:       33552 kB
PageTables:        56220 kB
NFS_Unstable:          0 kB
Bounce:                0 kB
WritebackTmp:          0 kB
CommitLimit:     2172840 kB
Committed_AS:   90905864 kB
VmallocTotal:   251658176 kB
VmallocUsed:      138924 kB
VmallocChunk:   251429420 kB
Time pass: 353 sec

---2015-12-04 17:50:43
MemTotal:        2905316 kB
MemFree:           66908 kB
Buffers:           26204 kB
Cached:           999976 kB
SwapCached:            0 kB
Active:          1311748 kB
Inactive:         695392 kB
Active(anon):     822304 kB
Inactive(anon):   205664 kB
Active(file):     489444 kB
Inactive(file):   489728 kB
Unevictable:       12772 kB
Mlocked:               0 kB
SwapTotal:        720184 kB
SwapFree:         718760 kB
Dirty:                 4 kB
Writeback:             0 kB
AnonPages:        993828 kB
Mapped:           687952 kB
Shmem:             34236 kB
Slab:             116468 kB
SReclaimable:      35740 kB
SUnreclaim:        80728 kB
KernelStack:       33584 kB
PageTables:        56216 kB
NFS_Unstable:          0 kB
Bounce:                0 kB
WritebackTmp:          0 kB
CommitLimit:     2172840 kB
Committed_AS:   90905836 kB
VmallocTotal:   251658176 kB
VmallocUsed:      138924 kB
VmallocChunk:   251429420 kB
Time pass: 357 sec

---2015-12-04 17:50:43
MemTotal:        2905316 kB
MemFree:           66240 kB
Buffers:           26212 kB
Cached:           999980 kB
SwapCached:            0 kB
Active:          1312768 kB
Inactive:         695404 kB
Active(anon):     823324 kB
Inactive(anon):   205664 kB
Active(file):     489444 kB
Inactive(file):   489740 kB
Unevictable:       12772 kB
Mlocked:               0 kB
SwapTotal:        720184 kB
SwapFree:         718760 kB
Dirty:                 8 kB
Writeback:             0 kB
AnonPages:        994480 kB
Mapped:           687960 kB
Shmem:             34236 kB
Slab:             116468 kB
SReclaimable:      35740 kB
SUnreclaim:        80728 kB
KernelStack:       33584 kB
PageTables:        56220 kB
NFS_Unstable:          0 kB
Bounce:                0 kB
WritebackTmp:          0 kB
CommitLimit:     2172840 kB
Committed_AS:   90932484 kB
VmallocTotal:   251658176 kB
VmallocUsed:      138924 kB
VmallocChunk:   251429420 kB
Time pass: 361 sec

---2015-12-04 17:50:43
MemTotal:        2905316 kB
MemFree:           64744 kB
Buffers:           26228 kB
Cached:          1000428 kB
SwapCached:            0 kB
Active:          1313424 kB
Inactive:         695848 kB
Active(anon):     823960 kB
Inactive(anon):   205724 kB
Active(file):     489464 kB
Inactive(file):   490124 kB
Unevictable:       12772 kB
Mlocked:               0 kB
SwapTotal:        720184 kB
SwapFree:         718760 kB
Dirty:                 8 kB
Writeback:             0 kB
AnonPages:        995368 kB
Mapped:           688148 kB
Shmem:             34296 kB
Slab:             116468 kB
SReclaimable:      35740 kB
SUnreclaim:        80728 kB
KernelStack:       33632 kB
PageTables:        56300 kB
NFS_Unstable:          0 kB
Bounce:                0 kB
WritebackTmp:          0 kB
CommitLimit:     2172840 kB
Committed_AS:   90932532 kB
VmallocTotal:   251658176 kB
VmallocUsed:      138924 kB
VmallocChunk:   251429420 kB
Time pass: 365 sec

---2015-12-04 17:50:43
MemTotal:        2905316 kB
MemFree:           64456 kB
Buffers:           26236 kB
Cached:          1000460 kB
SwapCached:            0 kB
Active:          1313520 kB
Inactive:         695884 kB
Active(anon):     824052 kB
Inactive(anon):   205724 kB
Active(file):     489468 kB
Inactive(file):   490160 kB
Unevictable:       12772 kB
Mlocked:               0 kB
SwapTotal:        720184 kB
SwapFree:         718760 kB
Dirty:                92 kB
Writeback:             0 kB
AnonPages:        995448 kB
Mapped:           688160 kB
Shmem:             34296 kB
Slab:             116468 kB
SReclaimable:      35740 kB
SUnreclaim:        80728 kB
KernelStack:       33616 kB
PageTables:        56292 kB
NFS_Unstable:          0 kB
Bounce:                0 kB
WritebackTmp:          0 kB
CommitLimit:     2172840 kB
Committed_AS:   90932516 kB
VmallocTotal:   251658176 kB
VmallocUsed:      138924 kB
VmallocChunk:   251429420 kB
Time pass: 368 sec

---2015-12-04 17:50:43
MemTotal:        2905316 kB
MemFree:           64084 kB
Buffers:           26252 kB
Cached:          1000496 kB
SwapCached:            0 kB
Active:          1313892 kB
Inactive:         695932 kB
Active(anon):     824420 kB
Inactive(anon):   205724 kB
Active(file):     489472 kB
Inactive(file):   490208 kB
Unevictable:       12772 kB
Mlocked:               0 kB
SwapTotal:        720184 kB
SwapFree:         718760 kB
Dirty:               116 kB
Writeback:             0 kB
AnonPages:        995812 kB
Mapped:           688160 kB
Shmem:             34296 kB
Slab:             116468 kB
SReclaimable:      35740 kB
SUnreclaim:        80728 kB
KernelStack:       33616 kB
PageTables:        56268 kB
NFS_Unstable:          0 kB
Bounce:                0 kB
WritebackTmp:          0 kB
CommitLimit:     2172840 kB
Committed_AS:   90932480 kB
VmallocTotal:   251658176 kB
VmallocUsed:      138924 kB
VmallocChunk:   251429420 kB
Time pass: 372 sec

---2015-12-04 17:50:43
MemTotal:        2905316 kB
MemFree:           64192 kB
Buffers:           26260 kB
Cached:          1000488 kB
SwapCached:            0 kB
Active:          1313808 kB
Inactive:         695932 kB
Active(anon):     824336 kB
Inactive(anon):   205724 kB
Active(file):     489472 kB
Inactive(file):   490208 kB
Unevictable:       12772 kB
Mlocked:               0 kB
SwapTotal:        720184 kB
SwapFree:         718760 kB
Dirty:                 4 kB
Writeback:             0 kB
AnonPages:        995744 kB
Mapped:           688160 kB
Shmem:             34296 kB
Slab:             116468 kB
SReclaimable:      35740 kB
SUnreclaim:        80728 kB
KernelStack:       33616 kB
PageTables:        56268 kB
NFS_Unstable:          0 kB
Bounce:                0 kB
WritebackTmp:          0 kB
CommitLimit:     2172840 kB
Committed_AS:   90932528 kB
VmallocTotal:   251658176 kB
VmallocUsed:      138924 kB
VmallocChunk:   251429420 kB
Time pass: 376 sec

---2015-12-04 17:50:43
MemTotal:        2905316 kB
MemFree:           64096 kB
Buffers:           26260 kB
Cached:          1000496 kB
SwapCached:            0 kB
Active:          1313848 kB
Inactive:         695940 kB
Active(anon):     824376 kB
Inactive(anon):   205724 kB
Active(file):     489472 kB
Inactive(file):   490216 kB
Unevictable:       12772 kB
Mlocked:               0 kB
SwapTotal:        720184 kB
SwapFree:         718760 kB
Dirty:                 4 kB
Writeback:             0 kB
AnonPages:        995876 kB
Mapped:           688164 kB
Shmem:             34296 kB
Slab:             116468 kB
SReclaimable:      35740 kB
SUnreclaim:        80728 kB
KernelStack:       33568 kB
PageTables:        56268 kB
NFS_Unstable:          0 kB
Bounce:                0 kB
WritebackTmp:          0 kB
CommitLimit:     2172840 kB
Committed_AS:   90932456 kB
VmallocTotal:   251658176 kB
VmallocUsed:      138924 kB
VmallocChunk:   251429420 kB
Time pass: 379 sec

---2015-12-04 17:50:43
MemTotal:        2905316 kB
MemFree:           63428 kB
Buffers:           26284 kB
Cached:          1000552 kB
SwapCached:            0 kB
Active:          1314876 kB
Inactive:         696004 kB
Active(anon):     825388 kB
Inactive(anon):   205744 kB
Active(file):     489488 kB
Inactive(file):   490260 kB
Unevictable:       12772 kB
Mlocked:               0 kB
SwapTotal:        720184 kB
SwapFree:         718760 kB
Dirty:               100 kB
Writeback:             0 kB
AnonPages:        996768 kB
Mapped:           688192 kB
Shmem:             34316 kB
Slab:             116468 kB
SReclaimable:      35740 kB
SUnreclaim:        80728 kB
KernelStack:       33568 kB
PageTables:        56268 kB
NFS_Unstable:          0 kB
Bounce:                0 kB
WritebackTmp:          0 kB
CommitLimit:     2172840 kB
Committed_AS:   90932440 kB
VmallocTotal:   251658176 kB
VmallocUsed:      138924 kB
VmallocChunk:   251429420 kB
Time pass: 383 sec

---2015-12-04 17:50:43
MemTotal:        2905316 kB
MemFree:           67776 kB
Buffers:           26284 kB
Cached:           996968 kB
SwapCached:            0 kB
Active:          1312408 kB
Inactive:         694708 kB
Active(anon):     824440 kB
Inactive(anon):   206596 kB
Active(file):     487968 kB
Inactive(file):   488112 kB
Unevictable:       12772 kB
Mlocked:               0 kB
SwapTotal:        720184 kB
SwapFree:         718760 kB
Dirty:                 4 kB
Writeback:             0 kB
AnonPages:        996724 kB
Mapped:           688256 kB
Shmem:             34400 kB
Slab:             116384 kB
SReclaimable:      35660 kB
SUnreclaim:        80724 kB
KernelStack:       33536 kB
PageTables:        56264 kB
NFS_Unstable:          0 kB
Bounce:                0 kB
WritebackTmp:          0 kB
CommitLimit:     2172840 kB
Committed_AS:   90932420 kB
VmallocTotal:   251658176 kB
VmallocUsed:      138924 kB
VmallocChunk:   251429420 kB
Time pass: 387 sec

---2015-12-04 17:50:43
MemTotal:        2905316 kB
MemFree:           66456 kB
Buffers:           26284 kB
Cached:           996980 kB
SwapCached:            0 kB
Active:          1313428 kB
Inactive:         694716 kB
