---2015-12-03 10:32:03
MemTotal:        1420824 kB
MemFree:          126164 kB
Buffers:           13504 kB
Cached:           674148 kB
SwapCached:            0 kB
Active:           606256 kB
Inactive:         515664 kB
Active(anon):     434320 kB
Inactive(anon):      728 kB
Active(file):     171936 kB
Inactive(file):   514936 kB
Unevictable:           0 kB
Mlocked:               0 kB
HighTotal:       1001472 kB
HighFree:           5080 kB
LowTotal:         419352 kB
LowFree:          121084 kB
SwapTotal:        786428 kB
SwapFree:         786428 kB
Dirty:                 0 kB
Writeback:             0 kB
AnonPages:        434248 kB
Mapped:           186160 kB
Shmem:               808 kB
Slab:              41408 kB
SReclaimable:      14648 kB
SUnreclaim:        26760 kB
KernelStack:        9816 kB
PageTables:        15996 kB
NFS_Unstable:          0 kB
Bounce:                0 kB
WritebackTmp:          0 kB
CommitLimit:     1496840 kB
Committed_AS:   22839304 kB
VmallocTotal:     458752 kB
VmallocUsed:       87136 kB
VmallocChunk:     218140 kB
Time pass: 3 sec

---2015-12-03 10:32:03
MemTotal:        1420824 kB
MemFree:          126336 kB
Buffers:           13504 kB
Cached:           674148 kB
SwapCached:            0 kB
Active:           606208 kB
Inactive:         515664 kB
Active(anon):     434272 kB
Inactive(anon):      728 kB
Active(file):     171936 kB
Inactive(file):   514936 kB
Unevictable:           0 kB
Mlocked:               0 kB
HighTotal:       1001472 kB
HighFree:           5084 kB
LowTotal:         419352 kB
LowFree:          121252 kB
SwapTotal:        786428 kB
SwapFree:         786428 kB
Dirty:                 0 kB
Writeback:             0 kB
AnonPages:        434212 kB
Mapped:           186200 kB
Shmem:               808 kB
Slab:              41308 kB
SReclaimable:      14648 kB
SUnreclaim:        26660 kB
KernelStack:        9760 kB
PageTables:        16004 kB
NFS_Unstable:          0 kB
Bounce:                0 kB
WritebackTmp:          0 kB
CommitLimit:     1496840 kB
Committed_AS:   22839136 kB
VmallocTotal:     458752 kB
VmallocUsed:       87136 kB
VmallocChunk:     218140 kB
Time pass: 6 sec

---2015-12-03 10:32:03
MemTotal:        1420824 kB
MemFree:          126060 kB
Buffers:           13504 kB
Cached:           674148 kB
SwapCached:            0 kB
Active:           606244 kB
Inactive:         515664 kB
Active(anon):     434308 kB
Inactive(anon):      728 kB
Active(file):     171936 kB
Inactive(file):   514936 kB
Unevictable:           0 kB
Mlocked:               0 kB
HighTotal:       1001472 kB
HighFree:           5084 kB
LowTotal:         419352 kB
LowFree:          120976 kB
SwapTotal:        786428 kB
SwapFree:         786428 kB
Dirty:                 0 kB
Writeback:             0 kB
AnonPages:        434248 kB
Mapped:           186200 kB
Shmem:               808 kB
Slab:              41468 kB
SReclaimable:      14648 kB
SUnreclaim:        26820 kB
KernelStack:        9760 kB
PageTables:        16004 kB
NFS_Unstable:          0 kB
Bounce:                0 kB
WritebackTmp:          0 kB
CommitLimit:     1496840 kB
Committed_AS:   22839120 kB
VmallocTotal:     458752 kB
VmallocUsed:       87136 kB
VmallocChunk:     218140 kB
Time pass: 10 sec

---2015-12-03 10:32:03
MemTotal:        1420824 kB
MemFree:          126124 kB
Buffers:           13504 kB
Cached:           674148 kB
SwapCached:            0 kB
Active:           606264 kB
Inactive:         515664 kB
Active(anon):     434328 kB
Inactive(anon):      728 kB
Active(file):     171936 kB
Inactive(file):   514936 kB
Unevictable:           0 kB
Mlocked:               0 kB
HighTotal:       1001472 kB
HighFree:           5084 kB
LowTotal:         419352 kB
LowFree:          121040 kB
SwapTotal:        786428 kB
SwapFree:         786428 kB
Dirty:                 0 kB
Writeback:             0 kB
AnonPages:        434292 kB
Mapped:           186200 kB
Shmem:               808 kB
Slab:              41388 kB
SReclaimable:      14648 kB
SUnreclaim:        26740 kB
KernelStack:        9752 kB
PageTables:        16000 kB
NFS_Unstable:          0 kB
Bounce:                0 kB
WritebackTmp:          0 kB
CommitLimit:     1496840 kB
Committed_AS:   22839120 kB
VmallocTotal:     458752 kB
VmallocUsed:       87136 kB
VmallocChunk:     218140 kB
Time pass: 13 sec

---2015-12-03 10:32:03
MemTotal:        1420824 kB
MemFree:          126168 kB
Buffers:           13504 kB
Cached:           674148 kB
SwapCached:            0 kB
Active:           606392 kB
Inactive:         515664 kB
Active(anon):     434456 kB
Inactive(anon):      728 kB
Active(file):     171936 kB
Inactive(file):   514936 kB
Unevictable:           0 kB
Mlocked:               0 kB
HighTotal:       1001472 kB
HighFree:           5084 kB
LowTotal:         419352 kB
LowFree:          121084 kB
SwapTotal:        786428 kB
SwapFree:         786428 kB
Dirty:                 0 kB
Writeback:             0 kB
AnonPages:        434416 kB
Mapped:           186264 kB
Shmem:               808 kB
Slab:              41168 kB
SReclaimable:      14648 kB
SUnreclaim:        26520 kB
KernelStack:        9744 kB
PageTables:        16000 kB
NFS_Unstable:          0 kB
Bounce:                0 kB
WritebackTmp:          0 kB
CommitLimit:     1496840 kB
Committed_AS:   22839080 kB
VmallocTotal:     458752 kB
VmallocUsed:       87136 kB
VmallocChunk:     218140 kB
Time pass: 16 sec

---2015-12-03 10:32:03
MemTotal:        1420824 kB
MemFree:           89072 kB
Buffers:           13520 kB
Cached:           703356 kB
SwapCached:            0 kB
Active:           614244 kB
Inactive:         544628 kB
Active(anon):     442136 kB
Inactive(anon):      728 kB
Active(file):     172108 kB
Inactive(file):   543900 kB
Unevictable:           0 kB
Mlocked:               0 kB
HighTotal:       1001472 kB
HighFree:           5104 kB
LowTotal:         419352 kB
LowFree:           83968 kB
SwapTotal:        786428 kB
SwapFree:         786428 kB
Dirty:               492 kB
Writeback:             0 kB
AnonPages:        442076 kB
Mapped:           197972 kB
Shmem:               808 kB
Slab:              41572 kB
SReclaimable:      14656 kB
SUnreclaim:        26916 kB
KernelStack:        9872 kB
PageTables:        16288 kB
NFS_Unstable:          0 kB
Bounce:                0 kB
WritebackTmp:          0 kB
CommitLimit:     1496840 kB
Committed_AS:   23312704 kB
VmallocTotal:     458752 kB
VmallocUsed:       88252 kB
VmallocChunk:     218140 kB
Time pass: 20 sec

---2015-12-03 10:32:03
MemTotal:        1420824 kB
MemFree:           47816 kB
Buffers:           13660 kB
Cached:           711992 kB
SwapCached:            0 kB
Active:           631628 kB
Inactive:         552432 kB
Active(anon):     458536 kB
Inactive(anon):     1068 kB
Active(file):     173092 kB
Inactive(file):   551364 kB
Unevictable:           0 kB
Mlocked:               0 kB
HighTotal:       1001472 kB
HighFree:           5120 kB
LowTotal:         419352 kB
LowFree:           42696 kB
SwapTotal:        786428 kB
SwapFree:         786428 kB
Dirty:               188 kB
Writeback:             0 kB
AnonPages:        458432 kB
Mapped:           210124 kB
Shmem:              1152 kB
Slab:              42172 kB
SReclaimable:      14832 kB
SUnreclaim:        27340 kB
KernelStack:       10280 kB
PageTables:        16592 kB
NFS_Unstable:          0 kB
Bounce:                0 kB
WritebackTmp:          0 kB
CommitLimit:     1496840 kB
Committed_AS:   23336548 kB
VmallocTotal:     458752 kB
VmallocUsed:       88452 kB
VmallocChunk:     218140 kB
Time pass: 23 sec

---2015-12-03 10:32:03
MemTotal:        1420824 kB
MemFree:           39952 kB
Buffers:           12112 kB
Cached:           705244 kB
SwapCached:            0 kB
Active:           613336 kB
Inactive:         565768 kB
Active(anon):     440032 kB
Inactive(anon):    22996 kB
Active(file):     173304 kB
Inactive(file):   542772 kB
Unevictable:         292 kB
Mlocked:               0 kB
HighTotal:       1001472 kB
HighFree:           5060 kB
LowTotal:         419352 kB
LowFree:           34892 kB
SwapTotal:        786428 kB
SwapFree:         786428 kB
Dirty:               324 kB
Writeback:             0 kB
AnonPages:        462188 kB
Mapped:           211460 kB
Shmem:               940 kB
Slab:              42196 kB
SReclaimable:      14868 kB
SUnreclaim:        27328 kB
KernelStack:       10272 kB
PageTables:        16636 kB
NFS_Unstable:          0 kB
Bounce:                0 kB
WritebackTmp:          0 kB
CommitLimit:     1496840 kB
Committed_AS:   23338164 kB
VmallocTotal:     458752 kB
VmallocUsed:       88436 kB
VmallocChunk:     218140 kB
Time pass: 27 sec

---2015-12-03 10:32:03
MemTotal:        1420824 kB
MemFree:           48120 kB
Buffers:           10328 kB
Cached:           697656 kB
SwapCached:            0 kB
Active:           583360 kB
Inactive:         580152 kB
Active(anon):     409980 kB
Inactive(anon):    46780 kB
Active(file):     173380 kB
Inactive(file):   533372 kB
Unevictable:         292 kB
Mlocked:               0 kB
HighTotal:       1001472 kB
HighFree:           9960 kB
LowTotal:         419352 kB
LowFree:           38160 kB
SwapTotal:        786428 kB
SwapFree:         786428 kB
Dirty:               124 kB
Writeback:             0 kB
AnonPages:        455808 kB
Mapped:           211512 kB
Shmem:               940 kB
Slab:              42044 kB
SReclaimable:      14864 kB
SUnreclaim:        27180 kB
KernelStack:       10160 kB
PageTables:        16208 kB
NFS_Unstable:          0 kB
Bounce:                0 kB
WritebackTmp:          0 kB
CommitLimit:     1496840 kB
Committed_AS:   22482764 kB
VmallocTotal:     458752 kB
VmallocUsed:       86476 kB
VmallocChunk:     218140 kB
Time pass: 30 sec

---2015-12-03 10:32:03
MemTotal:        1420824 kB
MemFree:           49020 kB
Buffers:           10372 kB
Cached:           697656 kB
SwapCached:            0 kB
Active:           583444 kB
Inactive:         580148 kB
Active(anon):     410020 kB
Inactive(anon):    46780 kB
Active(file):     173424 kB
Inactive(file):   533368 kB
Unevictable:         292 kB
Mlocked:               0 kB
HighTotal:       1001472 kB
HighFree:          10332 kB
LowTotal:         419352 kB
LowFree:           38688 kB
SwapTotal:        786428 kB
SwapFree:         786428 kB
Dirty:                 8 kB
Writeback:             0 kB
AnonPages:        455900 kB
Mapped:           211584 kB
Shmem:               940 kB
Slab:              41796 kB
SReclaimable:      14848 kB
SUnreclaim:        26948 kB
KernelStack:       10096 kB
PageTables:        16192 kB
NFS_Unstable:          0 kB
Bounce:                0 kB
WritebackTmp:          0 kB
CommitLimit:     1496840 kB
Committed_AS:   22482764 kB
VmallocTotal:     458752 kB
VmallocUsed:       86412 kB
VmallocChunk:     218140 kB
Time pass: 34 sec

---2015-12-03 10:32:03
MemTotal:        1420824 kB
MemFree:           46624 kB
Buffers:           10380 kB
Cached:           697656 kB
SwapCached:            0 kB
Active:           585076 kB
Inactive:         580152 kB
Active(anon):     411652 kB
Inactive(anon):    46780 kB
Active(file):     173424 kB
Inactive(file):   533372 kB
Unevictable:         292 kB
Mlocked:               0 kB
HighTotal:       1001472 kB
HighFree:           8388 kB
LowTotal:         419352 kB
LowFree:           38236 kB
SwapTotal:        786428 kB
SwapFree:         786428 kB
Dirty:                56 kB
Writeback:             0 kB
AnonPages:        457512 kB
Mapped:           211800 kB
Shmem:               940 kB
Slab:              41888 kB
SReclaimable:      14848 kB
SUnreclaim:        27040 kB
KernelStack:       10096 kB
PageTables:        16192 kB
NFS_Unstable:          0 kB
Bounce:                0 kB
WritebackTmp:          0 kB
CommitLimit:     1496840 kB
Committed_AS:   22483972 kB
VmallocTotal:     458752 kB
VmallocUsed:       86508 kB
VmallocChunk:     218140 kB
Time pass: 37 sec

---2015-12-03 10:32:03
MemTotal:        1420824 kB
MemFree:           44796 kB
Buffers:            9168 kB
Cached:           692840 kB
SwapCached:            0 kB
Active:           578220 kB
Inactive:         586380 kB
Active(anon):     404372 kB
Inactive(anon):    59452 kB
Active(file):     173848 kB
Inactive(file):   526928 kB
Unevictable:         292 kB
Mlocked:               0 kB
HighTotal:       1001472 kB
HighFree:           6964 kB
LowTotal:         419352 kB
LowFree:           37832 kB
SwapTotal:        786428 kB
SwapFree:         786428 kB
Dirty:                24 kB
Writeback:             0 kB
AnonPages:        462968 kB
Mapped:           212992 kB
Shmem:               940 kB
Slab:              41936 kB
SReclaimable:      14864 kB
SUnreclaim:        27072 kB
KernelStack:       10152 kB
PageTables:        16220 kB
NFS_Unstable:          0 kB
Bounce:                0 kB
WritebackTmp:          0 kB
CommitLimit:     1496840 kB
Committed_AS:   22485868 kB
VmallocTotal:     458752 kB
VmallocUsed:       86444 kB
VmallocChunk:     218140 kB
Time pass: 40 sec

---2015-12-03 10:32:03
MemTotal:        1420824 kB
MemFree:           47968 kB
Buffers:            9176 kB
Cached:           692840 kB
SwapCached:            0 kB
Active:           574984 kB
Inactive:         586384 kB
Active(anon):     401132 kB
Inactive(anon):    59452 kB
Active(file):     173852 kB
Inactive(file):   526932 kB
Unevictable:         292 kB
Mlocked:               0 kB
HighTotal:       1001472 kB
HighFree:           9360 kB
LowTotal:         419352 kB
LowFree:           38608 kB
SwapTotal:        786428 kB
SwapFree:         786428 kB
Dirty:                60 kB
Writeback:             0 kB
AnonPages:        459640 kB
Mapped:           213044 kB
Shmem:               940 kB
Slab:              41908 kB
SReclaimable:      14864 kB
SUnreclaim:        27044 kB
KernelStack:       10144 kB
PageTables:        16204 kB
NFS_Unstable:          0 kB
Bounce:                0 kB
WritebackTmp:          0 kB
CommitLimit:     1496840 kB
Committed_AS:   22485872 kB
VmallocTotal:     458752 kB
VmallocUsed:       86412 kB
VmallocChunk:     218140 kB
Time pass: 44 sec

---2015-12-03 10:32:03
MemTotal:        1420824 kB
MemFree:           42536 kB
Buffers:            7820 kB
Cached:           689524 kB
SwapCached:            0 kB
Active:           571264 kB
Inactive:         595272 kB
Active(anon):     396824 kB
Inactive(anon):    73664 kB
Active(file):     174440 kB
Inactive(file):   521608 kB
Unevictable:         292 kB
Mlocked:               0 kB
HighTotal:       1001472 kB
HighFree:           6676 kB
LowTotal:         419352 kB
LowFree:           35860 kB
SwapTotal:        786428 kB
SwapFree:         786428 kB
Dirty:               412 kB
Writeback:             0 kB
AnonPages:        469572 kB
Mapped:           216832 kB
Shmem:               944 kB
Slab:              42120 kB
SReclaimable:      14852 kB
SUnreclaim:        27268 kB
KernelStack:       10280 kB
PageTables:        16236 kB
NFS_Unstable:          0 kB
Bounce:                0 kB
WritebackTmp:          0 kB
CommitLimit:     1496840 kB
Committed_AS:   22496912 kB
VmallocTotal:     458752 kB
VmallocUsed:       86444 kB
VmallocChunk:     218140 kB
Time pass: 47 sec

---2015-12-03 10:32:03
MemTotal:        1420824 kB
MemFree:           41236 kB
Buffers:            6808 kB
Cached:           670428 kB
SwapCached:            0 kB
Active:           527368 kB
Inactive:         624148 kB
Active(anon):     352732 kB
Inactive(anon):   122800 kB
Active(file):     174636 kB
Inactive(file):   501348 kB
Unevictable:         292 kB
Mlocked:               0 kB
HighTotal:       1001472 kB
HighFree:           7044 kB
LowTotal:         419352 kB
LowFree:           34192 kB
SwapTotal:        786428 kB
SwapFree:         786428 kB
Dirty:               556 kB
Writeback:             0 kB
AnonPages:        474600 kB
Mapped:           220300 kB
Shmem:               944 kB
Slab:              42324 kB
SReclaimable:      14876 kB
SUnreclaim:        27448 kB
KernelStack:       10200 kB
PageTables:        16276 kB
NFS_Unstable:          0 kB
Bounce:                0 kB
WritebackTmp:          0 kB
CommitLimit:     1496840 kB
Committed_AS:   22504788 kB
VmallocTotal:     458752 kB
VmallocUsed:       86440 kB
VmallocChunk:     218140 kB
Time pass: 51 sec

---2015-12-03 10:32:03
MemTotal:        1420824 kB
MemFree:           41072 kB
Buffers:            6816 kB
Cached:           670612 kB
SwapCached:            0 kB
Active:           525700 kB
Inactive:         624332 kB
Active(anon):     351064 kB
Inactive(anon):   122776 kB
Active(file):     174636 kB
Inactive(file):   501556 kB
Unevictable:         292 kB
Mlocked:               0 kB
HighTotal:       1001472 kB
HighFree:           6020 kB
LowTotal:         419352 kB
LowFree:           35052 kB
SwapTotal:        786428 kB
SwapFree:         786428 kB
Dirty:                68 kB
Writeback:             0 kB
AnonPages:        472884 kB
Mapped:           220916 kB
Shmem:               944 kB
Slab:              42132 kB
SReclaimable:      14872 kB
SUnreclaim:        27260 kB
KernelStack:       10176 kB
PageTables:        16284 kB
NFS_Unstable:          0 kB
Bounce:                0 kB
WritebackTmp:          0 kB
CommitLimit:     1496840 kB
Committed_AS:   22503016 kB
VmallocTotal:     458752 kB
VmallocUsed:       86420 kB
VmallocChunk:     218140 kB
Time pass: 55 sec

---2015-12-03 10:32:03
MemTotal:        1420824 kB
MemFree:           42348 kB
Buffers:            6816 kB
Cached:           663212 kB
SwapCached:            0 kB
Active:           506548 kB
Inactive:         637260 kB
Active(anon):     329600 kB
Inactive(anon):   145432 kB
Active(file):     176948 kB
Inactive(file):   491828 kB
Unevictable:         292 kB
Mlocked:               0 kB
HighTotal:       1001472 kB
HighFree:           6988 kB
LowTotal:         419352 kB
LowFree:           35360 kB
SwapTotal:        786428 kB
SwapFree:         786428 kB
Dirty:               316 kB
Writeback:             0 kB
AnonPages:        474060 kB
Mapped:           222740 kB
Shmem:               944 kB
Slab:              42148 kB
SReclaimable:      14864 kB
SUnreclaim:        27284 kB
KernelStack:       10176 kB
PageTables:        16296 kB
NFS_Unstable:          0 kB
Bounce:                0 kB
WritebackTmp:          0 kB
CommitLimit:     1496840 kB
Committed_AS:   22505216 kB
VmallocTotal:     458752 kB
VmallocUsed:       86432 kB
VmallocChunk:     218140 kB
Time pass: 58 sec

---2015-12-03 10:32:03
MemTotal:        1420824 kB
MemFree:           41964 kB
Buffers:            6816 kB
Cached:           663664 kB
SwapCached:            0 kB
Active:           506536 kB
Inactive:         637724 kB
Active(anon):     329608 kB
Inactive(anon):   145408 kB
Active(file):     176928 kB
Inactive(file):   492316 kB
Unevictable:         292 kB
Mlocked:               0 kB
HighTotal:       1001472 kB
HighFree:           6492 kB
LowTotal:         419352 kB
LowFree:           35472 kB
SwapTotal:        786428 kB
SwapFree:         786428 kB
Dirty:               240 kB
Writeback:             0 kB
AnonPages:        474056 kB
Mapped:           222748 kB
Shmem:               944 kB
Slab:              42076 kB
SReclaimable:      14864 kB
SUnreclaim:        27212 kB
KernelStack:       10168 kB
PageTables:        16296 kB
NFS_Unstable:          0 kB
Bounce:                0 kB
WritebackTmp:          0 kB
CommitLimit:     1496840 kB
Committed_AS:   22504032 kB
VmallocTotal:     458752 kB
VmallocUsed:       86432 kB
VmallocChunk:     218140 kB
Time pass: 61 sec

---2015-12-03 10:32:03
MemTotal:        1420824 kB
MemFree:           42136 kB
Buffers:            6824 kB
Cached:           655464 kB
SwapCached:            0 kB
Active:           487416 kB
Inactive:         653904 kB
Active(anon):     304728 kB
Inactive(anon):   175616 kB
Active(file):     182688 kB
Inactive(file):   478288 kB
Unevictable:         292 kB
Mlocked:               0 kB
HighTotal:       1001472 kB
HighFree:           7036 kB
LowTotal:         419352 kB
LowFree:           35100 kB
SwapTotal:        786428 kB
SwapFree:         786428 kB
Dirty:               492 kB
Writeback:             0 kB
AnonPages:        479400 kB
Mapped:           220620 kB
Shmem:               944 kB
Slab:              42200 kB
SReclaimable:      14888 kB
SUnreclaim:        27312 kB
KernelStack:       10152 kB
PageTables:        16304 kB
NFS_Unstable:          0 kB
Bounce:                0 kB
WritebackTmp:          0 kB
CommitLimit:     1496840 kB
Committed_AS:   22509152 kB
VmallocTotal:     458752 kB
VmallocUsed:       86528 kB
VmallocChunk:     218140 kB
Time pass: 65 sec

---2015-12-03 10:32:03
MemTotal:        1420824 kB
MemFree:           41564 kB
Buffers:            6824 kB
Cached:           651948 kB
SwapCached:            0 kB
Active:           478340 kB
Inactive:         659308 kB
Active(anon):     294912 kB
Inactive(anon):   185200 kB
Active(file):     183428 kB
Inactive(file):   474108 kB
Unevictable:         292 kB
Mlocked:               0 kB
HighTotal:       1001472 kB
HighFree:           6864 kB
LowTotal:         419352 kB
LowFree:           34700 kB
SwapTotal:        786428 kB
SwapFree:         786428 kB
Dirty:               560 kB
Writeback:             0 kB
AnonPages:        479172 kB
Mapped:           223960 kB
Shmem:               944 kB
Slab:              42192 kB
SReclaimable:      14936 kB
SUnreclaim:        27256 kB
KernelStack:       10168 kB
PageTables:        16316 kB
NFS_Unstable:          0 kB
Bounce:                0 kB
WritebackTmp:          0 kB
CommitLimit:     1496840 kB
Committed_AS:   22508704 kB
VmallocTotal:     458752 kB
VmallocUsed:       86444 kB
VmallocChunk:     218140 kB
Time pass: 68 sec

---2015-12-03 10:32:03
MemTotal:        1420824 kB
MemFree:           41056 kB
Buffers:            6900 kB
Cached:           645016 kB
SwapCached:            0 kB
Active:           459544 kB
Inactive:         678372 kB
Active(anon):     273116 kB
Inactive(anon):   214120 kB
Active(file):     186428 kB
Inactive(file):   464252 kB
Unevictable:         292 kB
Mlocked:               0 kB
HighTotal:       1001472 kB
HighFree:           5184 kB
LowTotal:         419352 kB
LowFree:           35872 kB
SwapTotal:        786428 kB
SwapFree:         786428 kB
Dirty:               360 kB
Writeback:             0 kB
AnonPages:        486472 kB
Mapped:           226188 kB
Shmem:               944 kB
Slab:              42352 kB
SReclaimable:      14956 kB
SUnreclaim:        27396 kB
KernelStack:       10232 kB
PageTables:        16348 kB
NFS_Unstable:          0 kB
Bounce:                0 kB
WritebackTmp:          0 kB
CommitLimit:     1496840 kB
Committed_AS:   22522972 kB
VmallocTotal:     458752 kB
VmallocUsed:       86508 kB
VmallocChunk:     218140 kB
Time pass: 73 sec

---2015-12-03 10:32:03
MemTotal:        1420824 kB
MemFree:           37004 kB
Buffers:            6916 kB
Cached:           626904 kB
SwapCached:            0 kB
Active:           440440 kB
Inactive:         684340 kB
Active(anon):     246244 kB
Inactive(anon):   246092 kB
Active(file):     194196 kB
Inactive(file):   438248 kB
Unevictable:         292 kB
Mlocked:               0 kB
HighTotal:       1001472 kB
HighFree:           6300 kB
LowTotal:         419352 kB
LowFree:           30704 kB
SwapTotal:        786428 kB
SwapFree:         786428 kB
Dirty:               136 kB
Writeback:             0 kB
AnonPages:        491256 kB
Mapped:           226244 kB
Shmem:              1076 kB
Slab:              42656 kB
SReclaimable:      14976 kB
SUnreclaim:        27680 kB
KernelStack:       10368 kB
PageTables:        16504 kB
NFS_Unstable:          0 kB
Bounce:                0 kB
WritebackTmp:          0 kB
CommitLimit:     1496840 kB
Committed_AS:   22537760 kB
VmallocTotal:     458752 kB
VmallocUsed:       88944 kB
VmallocChunk:     218140 kB
Time pass: 78 sec

---2015-12-03 10:32:03
MemTotal:        1420824 kB
MemFree:           38708 kB
Buffers:            6908 kB
Cached:           614248 kB
SwapCached:            0 kB
Active:           443084 kB
Inactive:         671112 kB
Active(anon):     246944 kB
Inactive(anon):   247500 kB
Active(file):     196140 kB
Inactive(file):   423612 kB
Unevictable:         292 kB
Mlocked:               0 kB
HighTotal:       1001472 kB
HighFree:           6580 kB
LowTotal:         419352 kB
LowFree:           32128 kB
SwapTotal:        786428 kB
SwapFree:         786428 kB
Dirty:                48 kB
Writeback:             0 kB
AnonPages:        493316 kB
Mapped:           225840 kB
Shmem:              1112 kB
Slab:              42620 kB
SReclaimable:      14984 kB
SUnreclaim:        27636 kB
KernelStack:       10352 kB
PageTables:        16528 kB
NFS_Unstable:          0 kB
Bounce:                0 kB
WritebackTmp:          0 kB
CommitLimit:     1496840 kB
Committed_AS:   22539568 kB
VmallocTotal:     458752 kB
VmallocUsed:       88976 kB
VmallocChunk:     218140 kB
Time pass: 83 sec

---2015-12-03 10:32:03
MemTotal:        1420824 kB
MemFree:           39116 kB
Buffers:            6924 kB
Cached:           611520 kB
SwapCached:            0 kB
Active:           443976 kB
Inactive:         669332 kB
Active(anon):     247768 kB
Inactive(anon):   248612 kB
Active(file):     196208 kB
Inactive(file):   420720 kB
Unevictable:         292 kB
Mlocked:               0 kB
HighTotal:       1001472 kB
HighFree:           6744 kB
LowTotal:         419352 kB
LowFree:           32372 kB
SwapTotal:        786428 kB
SwapFree:         786428 kB
Dirty:                36 kB
Writeback:             0 kB
AnonPages:        495168 kB
Mapped:           225956 kB
Shmem:              1200 kB
Slab:              42736 kB
SReclaimable:      15000 kB
SUnreclaim:        27736 kB
KernelStack:       10328 kB
PageTables:        16532 kB
NFS_Unstable:          0 kB
Bounce:                0 kB
WritebackTmp:          0 kB
CommitLimit:     1496840 kB
Committed_AS:   22540664 kB
VmallocTotal:     458752 kB
VmallocUsed:       88944 kB
VmallocChunk:     218140 kB
Time pass: 86 sec

---2015-12-03 10:32:03
MemTotal:        1420824 kB
MemFree:           40136 kB
Buffers:            6932 kB
Cached:           608612 kB
SwapCached:            0 kB
Active:           445020 kB
Inactive:         667016 kB
Active(anon):     248352 kB
Inactive(anon):   249660 kB
Active(file):     196668 kB
Inactive(file):   417356 kB
Unevictable:         292 kB
Mlocked:               0 kB
HighTotal:       1001472 kB
HighFree:           6960 kB
LowTotal:         419352 kB
LowFree:           33176 kB
SwapTotal:        786428 kB
SwapFree:         786428 kB
Dirty:                 0 kB
Writeback:             0 kB
AnonPages:        497012 kB
Mapped:           225984 kB
Shmem:              1228 kB
Slab:              42836 kB
SReclaimable:      15008 kB
SUnreclaim:        27828 kB
KernelStack:       10320 kB
PageTables:        16540 kB
NFS_Unstable:          0 kB
Bounce:                0 kB
WritebackTmp:          0 kB
CommitLimit:     1496840 kB
Committed_AS:   22542024 kB
VmallocTotal:     458752 kB
VmallocUsed:       88944 kB
VmallocChunk:     218140 kB
Time pass: 92 sec

---2015-12-03 10:32:03
MemTotal:        1420824 kB
MemFree:           40100 kB
Buffers:            6956 kB
Cached:           606112 kB
SwapCached:            0 kB
Active:           446872 kB
Inactive:         665208 kB
Active(anon):     250104 kB
Inactive(anon):   250428 kB
Active(file):     196768 kB
Inactive(file):   414780 kB
Unevictable:         292 kB
Mlocked:               0 kB
HighTotal:       1001472 kB
HighFree:           6648 kB
LowTotal:         419352 kB
LowFree:           33452 kB
SwapTotal:        786428 kB
SwapFree:         786428 kB
Dirty:                40 kB
Writeback:             0 kB
AnonPages:        499280 kB
Mapped:           226036 kB
Shmem:              1228 kB
Slab:              42800 kB
SReclaimable:      15020 kB
SUnreclaim:        27780 kB
KernelStack:       10320 kB
PageTables:        16540 kB
NFS_Unstable:          0 kB
Bounce:                0 kB
WritebackTmp:          0 kB
CommitLimit:     1496840 kB
Committed_AS:   22543816 kB
VmallocTotal:     458752 kB
VmallocUsed:       88976 kB
VmallocChunk:     218140 kB
Time pass: 97 sec

---2015-12-03 10:32:03
MemTotal:        1420824 kB
MemFree:           40644 kB
Buffers:            6988 kB
Cached:           603396 kB
SwapCached:            0 kB
Active:           448284 kB
Inactive:         662692 kB
Active(anon):     250524 kB
Inactive(anon):   251580 kB
Active(file):     197760 kB
Inactive(file):   411112 kB
Unevictable:         292 kB
Mlocked:               0 kB
HighTotal:       1001472 kB
HighFree:           6376 kB
LowTotal:         419352 kB
LowFree:           34268 kB
SwapTotal:        786428 kB
SwapFree:         786428 kB
Dirty:                36 kB
Writeback:             0 kB
AnonPages:        500808 kB
Mapped:           226040 kB
Shmem:              1228 kB
Slab:              42972 kB
SReclaimable:      15020 kB
SUnreclaim:        27952 kB
KernelStack:       10312 kB
PageTables:        16544 kB
NFS_Unstable:          0 kB
Bounce:                0 kB
WritebackTmp:          0 kB
CommitLimit:     1496840 kB
Committed_AS:   22545740 kB
VmallocTotal:     458752 kB
VmallocUsed:       88976 kB
VmallocChunk:     218140 kB
Time pass: 101 sec

---2015-12-03 10:32:03
MemTotal:        1420824 kB
MemFree:           42620 kB
Buffers:            6988 kB
Cached:           603404 kB
SwapCached:            0 kB
Active:           447440 kB
Inactive:         661900 kB
Active(anon):     249680 kB
Inactive(anon):   250796 kB
Active(file):     197760 kB
Inactive(file):   411104 kB
Unevictable:         292 kB
Mlocked:               0 kB
HighTotal:       1001472 kB
HighFree:           7436 kB
LowTotal:         419352 kB
LowFree:           35184 kB
SwapTotal:        786428 kB
SwapFree:         786428 kB
Dirty:                 0 kB
Writeback:             0 kB
AnonPages:        499324 kB
Mapped:           226004 kB
Shmem:              1236 kB
Slab:              43196 kB
SReclaimable:      15092 kB
SUnreclaim:        28104 kB
KernelStack:       10312 kB
PageTables:        16548 kB
NFS_Unstable:          0 kB
Bounce:                0 kB
WritebackTmp:          0 kB
CommitLimit:     1496840 kB
Committed_AS:   22546816 kB
VmallocTotal:     458752 kB
VmallocUsed:       88944 kB
VmallocChunk:     218140 kB
Time pass: 104 sec

---2015-12-03 10:32:03
MemTotal:        1420824 kB
MemFree:          133620 kB
Buffers:            7032 kB
Cached:           597512 kB
SwapCached:            0 kB
Active:           368800 kB
Inactive:         651936 kB
Active(anon):     169296 kB
Inactive(anon):   248124 kB
Active(file):     199504 kB
Inactive(file):   403812 kB
Unevictable:         292 kB
Mlocked:               0 kB
HighTotal:       1001472 kB
HighFree:          52280 kB
LowTotal:         419352 kB
LowFree:           81340 kB
SwapTotal:        786428 kB
SwapFree:         786428 kB
Dirty:               356 kB
Writeback:             0 kB
AnonPages:        416420 kB
Mapped:           178984 kB
Shmem:               936 kB
Slab:              42992 kB
SReclaimable:      15056 kB
SUnreclaim:        27936 kB
KernelStack:        9728 kB
PageTables:        15112 kB
NFS_Unstable:          0 kB
Bounce:                0 kB
WritebackTmp:          0 kB
CommitLimit:     1496840 kB
Committed_AS:   21542088 kB
VmallocTotal:     458752 kB
VmallocUsed:       85508 kB
VmallocChunk:     220188 kB
Time pass: 108 sec

---2015-12-03 10:32:03
MemTotal:        1420824 kB
MemFree:          200252 kB
Buffers:            7032 kB
Cached:           597396 kB
SwapCached:            0 kB
Active:           368920 kB
Inactive:         651796 kB
Active(anon):     169400 kB
Inactive(anon):   247980 kB
Active(file):     199520 kB
Inactive(file):   403816 kB
Unevictable:         292 kB
Mlocked:               0 kB
HighTotal:       1001472 kB
HighFree:          86880 kB
LowTotal:         419352 kB
LowFree:          113372 kB
SwapTotal:        786428 kB
SwapFree:         786428 kB
Dirty:                 0 kB
Writeback:             0 kB
AnonPages:        416588 kB
Mapped:           178880 kB
Shmem:               800 kB
Slab:              42668 kB
SReclaimable:      15004 kB
SUnreclaim:        27664 kB
KernelStack:        9224 kB
PageTables:        15112 kB
NFS_Unstable:          0 kB
Bounce:                0 kB
WritebackTmp:          0 kB
CommitLimit:     1496840 kB
Committed_AS:   21538988 kB
VmallocTotal:     458752 kB
VmallocUsed:       84076 kB
VmallocChunk:     220188 kB
Time pass: 111 sec

---2015-12-03 10:32:03
MemTotal:        1420824 kB
MemFree:          194960 kB
Buffers:            7040 kB
Cached:           597496 kB
SwapCached:            0 kB
Active:           372956 kB
Inactive:         651872 kB
Active(anon):     173436 kB
Inactive(anon):   247980 kB
Active(file):     199520 kB
Inactive(file):   403892 kB
Unevictable:         292 kB
Mlocked:               0 kB
HighTotal:       1001472 kB
HighFree:          82748 kB
LowTotal:         419352 kB
LowFree:          112212 kB
SwapTotal:        786428 kB
SwapFree:         786428 kB
Dirty:                36 kB
Writeback:             0 kB
AnonPages:        420740 kB
Mapped:           190320 kB
Shmem:               800 kB
Slab:              42712 kB
SReclaimable:      15012 kB
SUnreclaim:        27700 kB
KernelStack:        9240 kB
PageTables:        15472 kB
NFS_Unstable:          0 kB
Bounce:                0 kB
WritebackTmp:          0 kB
CommitLimit:     1496840 kB
Committed_AS:   22012144 kB
VmallocTotal:     458752 kB
VmallocUsed:       85192 kB
VmallocChunk:     220188 kB
Time pass: 118 sec

---2015-12-03 10:32:03
MemTotal:        1420824 kB
MemFree:          162224 kB
Buffers:            7296 kB
Cached:           597792 kB
SwapCached:            0 kB
Active:           390788 kB
Inactive:         651932 kB
Active(anon):     190744 kB
Inactive(anon):   248112 kB
Active(file):     200044 kB
Inactive(file):   403820 kB
Unevictable:         292 kB
Mlocked:               0 kB
HighTotal:       1001472 kB
HighFree:          50072 kB
LowTotal:         419352 kB
LowFree:          112152 kB
SwapTotal:        786428 kB
SwapFree:         786428 kB
Dirty:               980 kB
Writeback:             0 kB
AnonPages:        438024 kB
Mapped:           203356 kB
Shmem:               932 kB
Slab:              42812 kB
SReclaimable:      15008 kB
SUnreclaim:        27804 kB
KernelStack:        9680 kB
PageTables:        15704 kB
NFS_Unstable:          0 kB
Bounce:                0 kB
WritebackTmp:          0 kB
CommitLimit:     1496840 kB
Committed_AS:   22035736 kB
VmallocTotal:     458752 kB
VmallocUsed:       85360 kB
VmallocChunk:     220188 kB
Time pass: 122 sec

---2015-12-03 10:32:03
MemTotal:        1420824 kB
MemFree:          133516 kB
Buffers:            7320 kB
Cached:           598156 kB
SwapCached:            0 kB
Active:           406480 kB
Inactive:         652232 kB
Active(anon):     206348 kB
Inactive(anon):   248116 kB
Active(file):     200132 kB
Inactive(file):   404116 kB
Unevictable:         292 kB
Mlocked:               0 kB
HighTotal:       1001472 kB
HighFree:          21888 kB
LowTotal:         419352 kB
LowFree:          111628 kB
SwapTotal:        786428 kB
SwapFree:         786428 kB
Dirty:               396 kB
Writeback:             0 kB
AnonPages:        453624 kB
Mapped:           209552 kB
Shmem:               936 kB
Slab:              43040 kB
SReclaimable:      15104 kB
SUnreclaim:        27936 kB
KernelStack:        9776 kB
PageTables:        15812 kB
NFS_Unstable:          0 kB
Bounce:                0 kB
WritebackTmp:          0 kB
CommitLimit:     1496840 kB
Committed_AS:   22051932 kB
VmallocTotal:     458752 kB
VmallocUsed:       85388 kB
VmallocChunk:     220188 kB
Time pass: 125 sec

---2015-12-03 10:32:03
MemTotal:        1420824 kB
MemFree:          122864 kB
Buffers:            7344 kB
Cached:           598292 kB
SwapCached:            0 kB
Active:           407304 kB
Inactive:         652116 kB
Active(anon):     206896 kB
Inactive(anon):   248116 kB
Active(file):     200408 kB
Inactive(file):   404000 kB
Unevictable:         292 kB
Mlocked:               0 kB
HighTotal:       1001472 kB
HighFree:          11076 kB
LowTotal:         419352 kB
LowFree:          111788 kB
SwapTotal:        786428 kB
SwapFree:         786428 kB
Dirty:               160 kB
Writeback:             0 kB
AnonPages:        454100 kB
Mapped:           210832 kB
Shmem:               936 kB
Slab:              42960 kB
SReclaimable:      15112 kB
SUnreclaim:        27848 kB
KernelStack:        9760 kB
PageTables:        15816 kB
NFS_Unstable:          0 kB
Bounce:                0 kB
WritebackTmp:          0 kB
CommitLimit:     1496840 kB
Committed_AS:   22051988 kB
VmallocTotal:     458752 kB
VmallocUsed:       85384 kB
VmallocChunk:     220188 kB
Time pass: 128 sec

---2015-12-03 10:32:03
MemTotal:        1420824 kB
MemFree:          103408 kB
Buffers:            7352 kB
Cached:           600292 kB
SwapCached:            0 kB
Active:           411596 kB
Inactive:         652724 kB
Active(anon):     209796 kB
Inactive(anon):   248116 kB
Active(file):     201800 kB
Inactive(file):   404608 kB
Unevictable:         292 kB
Mlocked:               0 kB
HighTotal:       1001472 kB
HighFree:           6016 kB
LowTotal:         419352 kB
LowFree:           97392 kB
SwapTotal:        786428 kB
SwapFree:         786428 kB
Dirty:              2336 kB
Writeback:             0 kB
AnonPages:        457064 kB
Mapped:           214856 kB
Shmem:               936 kB
Slab:              42816 kB
SReclaimable:      15120 kB
SUnreclaim:        27696 kB
KernelStack:        9776 kB
PageTables:        15860 kB
NFS_Unstable:          0 kB
Bounce:                0 kB
WritebackTmp:          0 kB
CommitLimit:     1496840 kB
Committed_AS:   22054112 kB
VmallocTotal:     458752 kB
VmallocUsed:       85396 kB
VmallocChunk:     220188 kB
Time pass: 132 sec

---2015-12-03 10:32:03
MemTotal:        1420824 kB
MemFree:          101552 kB
Buffers:            7364 kB
Cached:           600332 kB
SwapCached:            0 kB
Active:           412296 kB
Inactive:         652740 kB
Active(anon):     210452 kB
Inactive(anon):   248116 kB
Active(file):     201844 kB
Inactive(file):   404624 kB
Unevictable:         292 kB
Mlocked:               0 kB
HighTotal:       1001472 kB
HighFree:           8776 kB
LowTotal:         419352 kB
LowFree:           92776 kB
SwapTotal:        786428 kB
SwapFree:         786428 kB
Dirty:                 0 kB
Writeback:             0 kB
AnonPages:        457620 kB
Mapped:           214608 kB
Shmem:               936 kB
Slab:              42748 kB
SReclaimable:      15060 kB
SUnreclaim:        27688 kB
KernelStack:        9760 kB
PageTables:        15864 kB
NFS_Unstable:          0 kB
Bounce:                0 kB
WritebackTmp:          0 kB
CommitLimit:     1496840 kB
Committed_AS:   22054588 kB
VmallocTotal:     458752 kB
VmallocUsed:       85388 kB
VmallocChunk:     220188 kB
Time pass: 135 sec

---2015-12-03 10:32:03
MemTotal:        1420824 kB
MemFree:           89452 kB
Buffers:            7372 kB
Cached:           600380 kB
SwapCached:            0 kB
Active:           417560 kB
Inactive:         652720 kB
Active(anon):     215708 kB
Inactive(anon):   248048 kB
Active(file):     201852 kB
Inactive(file):   404672 kB
Unevictable:         292 kB
Mlocked:               0 kB
HighTotal:       1001472 kB
HighFree:           5244 kB
LowTotal:         419352 kB
LowFree:           84208 kB
SwapTotal:        786428 kB
SwapFree:         786428 kB
Dirty:               120 kB
Writeback:             0 kB
AnonPages:        462880 kB
Mapped:           215872 kB
Shmem:               936 kB
Slab:              42744 kB
SReclaimable:      15060 kB
SUnreclaim:        27684 kB
KernelStack:        9760 kB
PageTables:        15880 kB
NFS_Unstable:          0 kB
Bounce:                0 kB
WritebackTmp:          0 kB
CommitLimit:     1496840 kB
Committed_AS:   22059528 kB
VmallocTotal:     458752 kB
VmallocUsed:       85432 kB
VmallocChunk:     220188 kB
Time pass: 139 sec

---2015-12-03 10:32:03
MemTotal:        1420824 kB
MemFree:           90688 kB
Buffers:            7380 kB
Cached:           600372 kB
SwapCached:            0 kB
Active:           417108 kB
Inactive:         652680 kB
Active(anon):     215256 kB
Inactive(anon):   248008 kB
Active(file):     201852 kB
Inactive(file):   404672 kB
Unevictable:         292 kB
Mlocked:               0 kB
HighTotal:       1001472 kB
HighFree:           6328 kB
LowTotal:         419352 kB
LowFree:           84360 kB
SwapTotal:        786428 kB
SwapFree:         786428 kB
Dirty:               160 kB
Writeback:             0 kB
AnonPages:        462320 kB
Mapped:           215904 kB
Shmem:               936 kB
Slab:              42752 kB
SReclaimable:      15060 kB
SUnreclaim:        27692 kB
KernelStack:        9760 kB
PageTables:        15880 kB
NFS_Unstable:          0 kB
Bounce:                0 kB
WritebackTmp:          0 kB
CommitLimit:     1496840 kB
Committed_AS:   22059536 kB
VmallocTotal:     458752 kB
VmallocUsed:       85400 kB
VmallocChunk:     220188 kB
Time pass: 142 sec

---2015-12-03 10:32:03
MemTotal:        1420824 kB
MemFree:           90452 kB
Buffers:            7380 kB
Cached:           600380 kB
SwapCached:            0 kB
Active:           417368 kB
Inactive:         652688 kB
Active(anon):     215516 kB
Inactive(anon):   248008 kB
Active(file):     201852 kB
Inactive(file):   404680 kB
Unevictable:         292 kB
Mlocked:               0 kB
HighTotal:       1001472 kB
HighFree:           6328 kB
LowTotal:         419352 kB
LowFree:           84124 kB
SwapTotal:        786428 kB
SwapFree:         786428 kB
Dirty:                60 kB
Writeback:             0 kB
AnonPages:        462592 kB
Mapped:           215904 kB
Shmem:               936 kB
Slab:              42844 kB
SReclaimable:      15092 kB
SUnreclaim:        27752 kB
KernelStack:        9776 kB
PageTables:        15896 kB
NFS_Unstable:          0 kB
Bounce:                0 kB
WritebackTmp:          0 kB
CommitLimit:     1496840 kB
Committed_AS:   22060132 kB
VmallocTotal:     458752 kB
VmallocUsed:       85400 kB
VmallocChunk:     220188 kB
Time pass: 145 sec

---2015-12-03 10:32:03
MemTotal:        1420824 kB
MemFree:           76484 kB
Buffers:            7388 kB
Cached:           600820 kB
SwapCached:            0 kB
Active:           425784 kB
Inactive:         652116 kB
Active(anon):     222948 kB
Inactive(anon):   248152 kB
Active(file):     202836 kB
Inactive(file):   403964 kB
Unevictable:         292 kB
Mlocked:               0 kB
HighTotal:       1001472 kB
HighFree:           5008 kB
LowTotal:         419352 kB
LowFree:           71476 kB
SwapTotal:        786428 kB
SwapFree:         786428 kB
Dirty:                28 kB
Writeback:             0 kB
AnonPages:        469884 kB
Mapped:           217648 kB
Shmem:              1116 kB
Slab:              43068 kB
SReclaimable:      15084 kB
SUnreclaim:        27984 kB
KernelStack:        9952 kB
PageTables:        16052 kB
NFS_Unstable:          0 kB
Bounce:                0 kB
WritebackTmp:          0 kB
CommitLimit:     1496840 kB
Committed_AS:   22084992 kB
VmallocTotal:     458752 kB
VmallocUsed:       87932 kB
VmallocChunk:     220188 kB
Time pass: 149 sec

---2015-12-03 10:32:03
MemTotal:        1420824 kB
MemFree:           72168 kB
Buffers:            7420 kB
Cached:           600804 kB
SwapCached:            0 kB
Active:           429752 kB
Inactive:         652160 kB
Active(anon):     226912 kB
Inactive(anon):   248180 kB
Active(file):     202840 kB
Inactive(file):   403980 kB
Unevictable:         292 kB
Mlocked:               0 kB
HighTotal:       1001472 kB
HighFree:           5016 kB
LowTotal:         419352 kB
LowFree:           67152 kB
SwapTotal:        786428 kB
SwapFree:         786428 kB
Dirty:                60 kB
Writeback:             0 kB
AnonPages:        474164 kB
Mapped:           218004 kB
Shmem:              1112 kB
Slab:              43100 kB
SReclaimable:      15084 kB
SUnreclaim:        28016 kB
KernelStack:        9968 kB
PageTables:        16068 kB
NFS_Unstable:          0 kB
Bounce:                0 kB
WritebackTmp:          0 kB
CommitLimit:     1496840 kB
Committed_AS:   22089580 kB
VmallocTotal:     458752 kB
VmallocUsed:       87932 kB
VmallocChunk:     220188 kB
Time pass: 152 sec

---2015-12-03 10:32:03
MemTotal:        1420824 kB
MemFree:           58452 kB
Buffers:            7452 kB
Cached:           600916 kB
SwapCached:            0 kB
Active:           434804 kB
Inactive:         652304 kB
Active(anon):     231964 kB
Inactive(anon):   248276 kB
Active(file):     202840 kB
Inactive(file):   404028 kB
Unevictable:         292 kB
Mlocked:               0 kB
HighTotal:       1001472 kB
HighFree:           5016 kB
LowTotal:         419352 kB
LowFree:           53436 kB
SwapTotal:        786428 kB
SwapFree:         786428 kB
Dirty:                40 kB
Writeback:             0 kB
AnonPages:        479156 kB
Mapped:           216556 kB
Shmem:              1208 kB
Slab:              43236 kB
SReclaimable:      15188 kB
SUnreclaim:        28048 kB
KernelStack:        9984 kB
PageTables:        16132 kB
NFS_Unstable:          0 kB
Bounce:                0 kB
WritebackTmp:          0 kB
CommitLimit:     1496840 kB
Committed_AS:   22094128 kB
VmallocTotal:     458752 kB
VmallocUsed:       87932 kB
VmallocChunk:     220188 kB
Time pass: 156 sec

---2015-12-03 10:32:03
MemTotal:        1420824 kB
MemFree:           55940 kB
Buffers:            7468 kB
Cached:           600976 kB
SwapCached:            0 kB
Active:           437604 kB
Inactive:         652380 kB
Active(anon):     234764 kB
Inactive(anon):   248336 kB
Active(file):     202840 kB
Inactive(file):   404044 kB
Unevictable:         292 kB
Mlocked:               0 kB
HighTotal:       1001472 kB
HighFree:           5032 kB
LowTotal:         419352 kB
LowFree:           50908 kB
SwapTotal:        786428 kB
SwapFree:         786428 kB
Dirty:                40 kB
Writeback:             0 kB
AnonPages:        481896 kB
Mapped:           216616 kB
Shmem:              1268 kB
Slab:              43176 kB
SReclaimable:      15172 kB
SUnreclaim:        28004 kB
KernelStack:        9952 kB
PageTables:        16120 kB
NFS_Unstable:          0 kB
Bounce:                0 kB
WritebackTmp:          0 kB
CommitLimit:     1496840 kB
Committed_AS:   22096256 kB
VmallocTotal:     458752 kB
VmallocUsed:       87932 kB
VmallocChunk:     220188 kB
Time pass: 160 sec

---2015-12-03 10:32:03
MemTotal:        1420824 kB
MemFree:           55048 kB
Buffers:            7484 kB
Cached:           601056 kB
SwapCached:            0 kB
Active:           438756 kB
Inactive:         652476 kB
Active(anon):     235916 kB
Inactive(anon):   248416 kB
Active(file):     202840 kB
Inactive(file):   404060 kB
Unevictable:         292 kB
Mlocked:               0 kB
HighTotal:       1001472 kB
HighFree:           5040 kB
LowTotal:         419352 kB
LowFree:           50008 kB
SwapTotal:        786428 kB
SwapFree:         786428 kB
Dirty:                40 kB
Writeback:             0 kB
AnonPages:        482936 kB
Mapped:           216648 kB
Shmem:              1348 kB
Slab:              43000 kB
SReclaimable:      15160 kB
SUnreclaim:        27840 kB
KernelStack:        9968 kB
PageTables:        16124 kB
NFS_Unstable:          0 kB
Bounce:                0 kB
WritebackTmp:          0 kB
CommitLimit:     1496840 kB
Committed_AS:   22096932 kB
VmallocTotal:     458752 kB
VmallocUsed:       87900 kB
VmallocChunk:     220188 kB
Time pass: 164 sec

---2015-12-03 10:32:03
MemTotal:        1420824 kB
MemFree:           55348 kB
Buffers:            7484 kB
Cached:           601072 kB
SwapCached:            0 kB
Active:           437140 kB
Inactive:         652492 kB
Active(anon):     234300 kB
Inactive(anon):   248432 kB
Active(file):     202840 kB
Inactive(file):   404060 kB
Unevictable:         292 kB
Mlocked:               0 kB
HighTotal:       1001472 kB
HighFree:           5148 kB
LowTotal:         419352 kB
LowFree:           50200 kB
SwapTotal:        786428 kB
SwapFree:         786428 kB
Dirty:                 0 kB
Writeback:             0 kB
AnonPages:        481444 kB
Mapped:           216720 kB
Shmem:              1364 kB
Slab:              43096 kB
SReclaimable:      15136 kB
SUnreclaim:        27960 kB
KernelStack:        9968 kB
PageTables:        16124 kB
NFS_Unstable:          0 kB
Bounce:                0 kB
WritebackTmp:          0 kB
CommitLimit:     1496840 kB
Committed_AS:   22096880 kB
VmallocTotal:     458752 kB
VmallocUsed:       87932 kB
VmallocChunk:     220188 kB
Time pass: 169 sec

---2015-12-03 10:32:03
MemTotal:        1420824 kB
MemFree:           55960 kB
Buffers:            7508 kB
Cached:           601076 kB
SwapCached:            0 kB
Active:           436664 kB
Inactive:         652484 kB
Active(anon):     233824 kB
Inactive(anon):   248400 kB
Active(file):     202840 kB
Inactive(file):   404084 kB
Unevictable:         292 kB
Mlocked:               0 kB
HighTotal:       1001472 kB
HighFree:           5128 kB
LowTotal:         419352 kB
LowFree:           50832 kB
SwapTotal:        786428 kB
SwapFree:         786428 kB
Dirty:                40 kB
Writeback:             0 kB
AnonPages:        480856 kB
Mapped:           216684 kB
Shmem:              1368 kB
Slab:              43076 kB
SReclaimable:      15132 kB
SUnreclaim:        27944 kB
KernelStack:        9952 kB
PageTables:        16108 kB
NFS_Unstable:          0 kB
Bounce:                0 kB
WritebackTmp:          0 kB
CommitLimit:     1496840 kB
Committed_AS:   22095816 kB
VmallocTotal:     458752 kB
VmallocUsed:       87932 kB
VmallocChunk:     220188 kB
Time pass: 173 sec

---2015-12-03 10:32:03
MemTotal:        1420824 kB
MemFree:           55236 kB
Buffers:            7532 kB
Cached:           601076 kB
SwapCached:            0 kB
Active:           437356 kB
Inactive:         652456 kB
Active(anon):     234504 kB
Inactive(anon):   248364 kB
Active(file):     202852 kB
Inactive(file):   404092 kB
Unevictable:         292 kB
Mlocked:               0 kB
HighTotal:       1001472 kB
HighFree:           5024 kB
LowTotal:         419352 kB
LowFree:           50212 kB
SwapTotal:        786428 kB
SwapFree:         786428 kB
Dirty:                28 kB
Writeback:            24 kB
AnonPages:        481488 kB
Mapped:           216732 kB
Shmem:              1372 kB
Slab:              43236 kB
SReclaimable:      15172 kB
SUnreclaim:        28064 kB
KernelStack:        9992 kB
PageTables:        16140 kB
NFS_Unstable:          0 kB
Bounce:                0 kB
WritebackTmp:          0 kB
CommitLimit:     1496840 kB
Committed_AS:   22096468 kB
VmallocTotal:     458752 kB
VmallocUsed:       87932 kB
VmallocChunk:     220188 kB
Time pass: 177 sec

---2015-12-03 10:32:03
MemTotal:        1420824 kB
MemFree:           55008 kB
Buffers:            7532 kB
Cached:           601080 kB
SwapCached:            0 kB
Active:           438108 kB
Inactive:         652472 kB
Active(anon):     235268 kB
Inactive(anon):   248364 kB
Active(file):     202840 kB
Inactive(file):   404108 kB
Unevictable:         292 kB
Mlocked:               0 kB
HighTotal:       1001472 kB
HighFree:           5144 kB
LowTotal:         419352 kB
LowFree:           49864 kB
SwapTotal:        786428 kB
SwapFree:         786428 kB
Dirty:                 0 kB
Writeback:             0 kB
AnonPages:        482436 kB
Mapped:           216744 kB
Shmem:              1372 kB
Slab:              43068 kB
SReclaimable:      15128 kB
SUnreclaim:        27940 kB
KernelStack:        9952 kB
PageTables:        16120 kB
NFS_Unstable:          0 kB
Bounce:                0 kB
WritebackTmp:          0 kB
CommitLimit:     1496840 kB
Committed_AS:   22097120 kB
VmallocTotal:     458752 kB
VmallocUsed:       87932 kB
VmallocChunk:     220188 kB
Time pass: 180 sec

---2015-12-03 10:32:03
MemTotal:        1420824 kB
MemFree:           54748 kB
Buffers:            7556 kB
Cached:           601080 kB
SwapCached:            0 kB
Active:           438108 kB
Inactive:         652496 kB
Active(anon):     235268 kB
Inactive(anon):   248364 kB
Active(file):     202840 kB
Inactive(file):   404132 kB
Unevictable:         292 kB
Mlocked:               0 kB
HighTotal:       1001472 kB
HighFree:           5144 kB
LowTotal:         419352 kB
LowFree:           49604 kB
SwapTotal:        786428 kB
SwapFree:         786428 kB
Dirty:                40 kB
Writeback:            24 kB
AnonPages:        482368 kB
Mapped:           216724 kB
Shmem:              1372 kB
Slab:              43228 kB
SReclaimable:      15124 kB
SUnreclaim:        28104 kB
KernelStack:        9936 kB
PageTables:        16120 kB
NFS_Unstable:          0 kB
Bounce:                0 kB
WritebackTmp:          0 kB
CommitLimit:     1496840 kB
Committed_AS:   22097080 kB
VmallocTotal:     458752 kB
VmallocUsed:       87932 kB
VmallocChunk:     220188 kB
Time pass: 184 sec

---2015-12-03 10:32:03
MemTotal:        1420824 kB
MemFree:           55164 kB
Buffers:            7556 kB
Cached:           601092 kB
SwapCached:            0 kB
Active:           437968 kB
Inactive:         652508 kB
Active(anon):     235128 kB
Inactive(anon):   248376 kB
Active(file):     202840 kB
Inactive(file):   404132 kB
Unevictable:         292 kB
Mlocked:               0 kB
HighTotal:       1001472 kB
HighFree:           5088 kB
LowTotal:         419352 kB
LowFree:           50076 kB
SwapTotal:        786428 kB
SwapFree:         786428 kB
Dirty:                 0 kB
Writeback:             0 kB
AnonPages:        482192 kB
Mapped:           216724 kB
Shmem:              1384 kB
Slab:              43296 kB
SReclaimable:      15124 kB
SUnreclaim:        28172 kB
KernelStack:        9920 kB
PageTables:        16104 kB
NFS_Unstable:          0 kB
Bounce:                0 kB
WritebackTmp:          0 kB
CommitLimit:     1496840 kB
Committed_AS:   22097144 kB
VmallocTotal:     458752 kB
VmallocUsed:       87932 kB
VmallocChunk:     220188 kB
Time pass: 188 sec

---2015-12-03 10:32:03
MemTotal:        1420824 kB
MemFree:           54980 kB
Buffers:            7580 kB
Cached:           601092 kB
SwapCached:            0 kB
Active:           438604 kB
Inactive:         652532 kB
Active(anon):     235764 kB
Inactive(anon):   248376 kB
Active(file):     202840 kB
Inactive(file):   404156 kB
Unevictable:         292 kB
Mlocked:               0 kB
HighTotal:       1001472 kB
HighFree:           5112 kB
LowTotal:         419352 kB
LowFree:           49868 kB
SwapTotal:        786428 kB
SwapFree:         786428 kB
Dirty:                36 kB
Writeback:             0 kB
AnonPages:        482756 kB
Mapped:           216764 kB
Shmem:              1384 kB
Slab:              43152 kB
SReclaimable:      15124 kB
SUnreclaim:        28028 kB
KernelStack:        9928 kB
PageTables:        16116 kB
NFS_Unstable:          0 kB
Bounce:                0 kB
WritebackTmp:          0 kB
CommitLimit:     1496840 kB
Committed_AS:   22097220 kB
VmallocTotal:     458752 kB
VmallocUsed:       87932 kB
VmallocChunk:     220188 kB
Time pass: 192 sec

---2015-12-03 10:32:03
MemTotal:        1420824 kB
MemFree:           53600 kB
Buffers:            7604 kB
Cached:           601092 kB
SwapCached:            0 kB
Active:           439324 kB
Inactive:         652544 kB
Active(anon):     236484 kB
Inactive(anon):   248372 kB
Active(file):     202840 kB
Inactive(file):   404172 kB
Unevictable:         292 kB
Mlocked:               0 kB
HighTotal:       1001472 kB
HighFree:           5024 kB
LowTotal:         419352 kB
LowFree:           48576 kB
SwapTotal:        786428 kB
SwapFree:         786428 kB
Dirty:                44 kB
Writeback:             0 kB
AnonPages:        483492 kB
Mapped:           216724 kB
Shmem:              1384 kB
Slab:              43228 kB
SReclaimable:      15108 kB
SUnreclaim:        28120 kB
KernelStack:        9912 kB
PageTables:        16104 kB
NFS_Unstable:          0 kB
Bounce:                0 kB
WritebackTmp:          0 kB
CommitLimit:     1496840 kB
Committed_AS:   22097048 kB
VmallocTotal:     458752 kB
VmallocUsed:       87932 kB
VmallocChunk:     220188 kB
Time pass: 197 sec

---2015-12-03 10:32:03
MemTotal:        1420824 kB
MemFree:           53984 kB
Buffers:            7604 kB
Cached:           601092 kB
SwapCached:            0 kB
Active:           438572 kB
Inactive:         652552 kB
Active(anon):     235732 kB
Inactive(anon):   248372 kB
Active(file):     202840 kB
Inactive(file):   404180 kB
Unevictable:         292 kB
Mlocked:               0 kB
HighTotal:       1001472 kB
HighFree:           5144 kB
LowTotal:         419352 kB
LowFree:           48840 kB
SwapTotal:        786428 kB
SwapFree:         786428 kB
Dirty:                 0 kB
Writeback:             0 kB
AnonPages:        482700 kB
Mapped:           216764 kB
Shmem:              1384 kB
Slab:              43316 kB
SReclaimable:      15108 kB
SUnreclaim:        28208 kB
KernelStack:        9920 kB
PageTables:        16120 kB
NFS_Unstable:          0 kB
Bounce:                0 kB
WritebackTmp:          0 kB
CommitLimit:     1496840 kB
Committed_AS:   22095932 kB
VmallocTotal:     458752 kB
VmallocUsed:       87932 kB
VmallocChunk:     220188 kB
Time pass: 201 sec

---2015-12-03 10:32:03
MemTotal:        1420824 kB
MemFree:           55492 kB
Buffers:            7628 kB
Cached:           601092 kB
SwapCached:            0 kB
Active:           437408 kB
Inactive:         652576 kB
Active(anon):     234568 kB
Inactive(anon):   248372 kB
Active(file):     202840 kB
Inactive(file):   404204 kB
Unevictable:         292 kB
Mlocked:               0 kB
HighTotal:       1001472 kB
HighFree:           5144 kB
LowTotal:         419352 kB
LowFree:           50348 kB
SwapTotal:        786428 kB
SwapFree:         786428 kB
Dirty:                36 kB
Writeback:             0 kB
AnonPages:        481636 kB
Mapped:           216764 kB
Shmem:              1384 kB
Slab:              43328 kB
SReclaimable:      15104 kB
SUnreclaim:        28224 kB
KernelStack:        9920 kB
PageTables:        16120 kB
NFS_Unstable:          0 kB
Bounce:                0 kB
WritebackTmp:          0 kB
CommitLimit:     1496840 kB
Committed_AS:   22095964 kB
VmallocTotal:     458752 kB
VmallocUsed:       87932 kB
VmallocChunk:     220188 kB
Time pass: 205 sec

---2015-12-03 10:32:03
MemTotal:        1420824 kB
MemFree:           54868 kB
Buffers:            7628 kB
Cached:           601092 kB
SwapCached:            0 kB
Active:           438776 kB
Inactive:         652576 kB
Active(anon):     235936 kB
Inactive(anon):   248372 kB
Active(file):     202840 kB
Inactive(file):   404204 kB
Unevictable:         292 kB
Mlocked:               0 kB
HighTotal:       1001472 kB
HighFree:           5096 kB
LowTotal:         419352 kB
LowFree:           49772 kB
SwapTotal:        786428 kB
SwapFree:         786428 kB
Dirty:                36 kB
Writeback:             0 kB
AnonPages:        482944 kB
Mapped:           216716 kB
Shmem:              1384 kB
Slab:              43096 kB
SReclaimable:      15104 kB
SUnreclaim:        27992 kB
KernelStack:        9936 kB
PageTables:        16120 kB
NFS_Unstable:          0 kB
Bounce:                0 kB
WritebackTmp:          0 kB
CommitLimit:     1496840 kB
Committed_AS:   22097300 kB
VmallocTotal:     458752 kB
VmallocUsed:       87900 kB
VmallocChunk:     220188 kB
Time pass: 208 sec

---2015-12-03 10:32:03
MemTotal:        1420824 kB
MemFree:           54564 kB
Buffers:            7652 kB
Cached:           601092 kB
SwapCached:            0 kB
Active:           438532 kB
Inactive:         652600 kB
Active(anon):     235692 kB
Inactive(anon):   248372 kB
Active(file):     202840 kB
Inactive(file):   404228 kB
Unevictable:         292 kB
Mlocked:               0 kB
HighTotal:       1001472 kB
HighFree:           5104 kB
LowTotal:         419352 kB
LowFree:           49460 kB
SwapTotal:        786428 kB
SwapFree:         786428 kB
Dirty:                36 kB
Writeback:             0 kB
AnonPages:        482824 kB
Mapped:           216764 kB
Shmem:              1384 kB
Slab:              43260 kB
SReclaimable:      15100 kB
SUnreclaim:        28160 kB
KernelStack:        9936 kB
PageTables:        16120 kB
NFS_Unstable:          0 kB
Bounce:                0 kB
WritebackTmp:          0 kB
CommitLimit:     1496840 kB
Committed_AS:   22097240 kB
VmallocTotal:     458752 kB
VmallocUsed:       87932 kB
VmallocChunk:     220188 kB
Time pass: 212 sec

---2015-12-03 10:32:03
MemTotal:        1420824 kB
MemFree:           54796 kB
Buffers:            7652 kB
Cached:           601092 kB
SwapCached:            0 kB
Active:           438380 kB
Inactive:         652600 kB
Active(anon):     235540 kB
Inactive(anon):   248372 kB
Active(file):     202840 kB
Inactive(file):   404228 kB
Unevictable:         292 kB
Mlocked:               0 kB
HighTotal:       1001472 kB
HighFree:           5104 kB
LowTotal:         419352 kB
LowFree:           49692 kB
SwapTotal:        786428 kB
SwapFree:         786428 kB
Dirty:                 0 kB
Writeback:             0 kB
AnonPages:        482616 kB
Mapped:           216724 kB
Shmem:              1384 kB
Slab:              43300 kB
SReclaimable:      15100 kB
SUnreclaim:        28200 kB
KernelStack:        9920 kB
PageTables:        16108 kB
NFS_Unstable:          0 kB
Bounce:                0 kB
WritebackTmp:          0 kB
CommitLimit:     1496840 kB
Committed_AS:   22097368 kB
VmallocTotal:     458752 kB
VmallocUsed:       87932 kB
VmallocChunk:     220188 kB
Time pass: 216 sec

---2015-12-03 10:32:03
MemTotal:        1420824 kB
MemFree:           54544 kB
Buffers:            7668 kB
Cached:           601096 kB
SwapCached:            0 kB
Active:           438764 kB
Inactive:         652620 kB
Active(anon):     235924 kB
Inactive(anon):   248376 kB
Active(file):     202840 kB
Inactive(file):   404244 kB
Unevictable:         292 kB
Mlocked:               0 kB
HighTotal:       1001472 kB
HighFree:           5100 kB
LowTotal:         419352 kB
LowFree:           49444 kB
SwapTotal:        786428 kB
SwapFree:         786428 kB
Dirty:                32 kB
Writeback:             0 kB
AnonPages:        483108 kB
Mapped:           216768 kB
Shmem:              1388 kB
Slab:              43276 kB
SReclaimable:      15100 kB
SUnreclaim:        28176 kB
KernelStack:        9928 kB
PageTables:        16116 kB
NFS_Unstable:          0 kB
Bounce:                0 kB
WritebackTmp:          0 kB
CommitLimit:     1496840 kB
Committed_AS:   22097384 kB
VmallocTotal:     458752 kB
VmallocUsed:       87932 kB
VmallocChunk:     220188 kB
Time pass: 220 sec

---2015-12-03 10:32:03
MemTotal:        1420824 kB
MemFree:           54880 kB
Buffers:            7676 kB
Cached:           601096 kB
SwapCached:            0 kB
Active:           438200 kB
Inactive:         652628 kB
Active(anon):     235360 kB
Inactive(anon):   248376 kB
Active(file):     202840 kB
Inactive(file):   404252 kB
Unevictable:         292 kB
Mlocked:               0 kB
HighTotal:       1001472 kB
HighFree:           5100 kB
LowTotal:         419352 kB
LowFree:           49780 kB
SwapTotal:        786428 kB
SwapFree:         786428 kB
Dirty:                28 kB
Writeback:             0 kB
AnonPages:        482384 kB
Mapped:           216768 kB
Shmem:              1388 kB
Slab:              43224 kB
SReclaimable:      15100 kB
SUnreclaim:        28124 kB
KernelStack:        9928 kB
PageTables:        16120 kB
NFS_Unstable:          0 kB
Bounce:                0 kB
WritebackTmp:          0 kB
CommitLimit:     1496840 kB
Committed_AS:   22096380 kB
VmallocTotal:     458752 kB
VmallocUsed:       87932 kB
VmallocChunk:     220188 kB
Time pass: 223 sec

---2015-12-03 10:32:03
MemTotal:        1420824 kB
MemFree:           54632 kB
Buffers:            7692 kB
Cached:           601096 kB
SwapCached:            0 kB
Active:           438548 kB
Inactive:         652644 kB
Active(anon):     235708 kB
Inactive(anon):   248376 kB
Active(file):     202840 kB
Inactive(file):   404268 kB
Unevictable:         292 kB
Mlocked:               0 kB
HighTotal:       1001472 kB
HighFree:           5148 kB
LowTotal:         419352 kB
LowFree:           49484 kB
SwapTotal:        786428 kB
SwapFree:         786428 kB
Dirty:                36 kB
Writeback:             0 kB
AnonPages:        482748 kB
Mapped:           216768 kB
Shmem:              1388 kB
Slab:              43112 kB
SReclaimable:      15100 kB
SUnreclaim:        28012 kB
KernelStack:        9928 kB
PageTables:        16120 kB
NFS_Unstable:          0 kB
Bounce:                0 kB
WritebackTmp:          0 kB
CommitLimit:     1496840 kB
Committed_AS:   22096228 kB
VmallocTotal:     458752 kB
VmallocUsed:       87932 kB
VmallocChunk:     220188 kB
Time pass: 227 sec

---2015-12-03 10:32:03
MemTotal:        1420824 kB
MemFree:           54304 kB
Buffers:            7700 kB
Cached:           601104 kB
SwapCached:            0 kB
Active:           438712 kB
Inactive:         652660 kB
Active(anon):     235872 kB
Inactive(anon):   248384 kB
Active(file):     202840 kB
Inactive(file):   404276 kB
Unevictable:         292 kB
Mlocked:               0 kB
HighTotal:       1001472 kB
HighFree:           5020 kB
LowTotal:         419352 kB
LowFree:           49284 kB
SwapTotal:        786428 kB
SwapFree:         786428 kB
Dirty:                28 kB
Writeback:             0 kB
AnonPages:        482916 kB
Mapped:           216728 kB
Shmem:              1396 kB
Slab:              43168 kB
SReclaimable:      15100 kB
SUnreclaim:        28068 kB
KernelStack:        9928 kB
PageTables:        16120 kB
NFS_Unstable:          0 kB
Bounce:                0 kB
WritebackTmp:          0 kB
CommitLimit:     1496840 kB
Committed_AS:   22096384 kB
VmallocTotal:     458752 kB
VmallocUsed:       87900 kB
VmallocChunk:     220188 kB
Time pass: 230 sec

---2015-12-03 10:32:03
MemTotal:        1420824 kB
MemFree:           53820 kB
Buffers:            7716 kB
Cached:           601104 kB
SwapCached:            0 kB
Active:           439104 kB
Inactive:         652676 kB
Active(anon):     236264 kB
Inactive(anon):   248384 kB
Active(file):     202840 kB
Inactive(file):   404292 kB
Unevictable:         292 kB
Mlocked:               0 kB
HighTotal:       1001472 kB
HighFree:           5120 kB
LowTotal:         419352 kB
LowFree:           48700 kB
SwapTotal:        786428 kB
SwapFree:         786428 kB
Dirty:                36 kB
Writeback:             0 kB
AnonPages:        483272 kB
Mapped:           216728 kB
Shmem:              1396 kB
Slab:              43232 kB
SReclaimable:      15100 kB
SUnreclaim:        28132 kB
KernelStack:        9936 kB
PageTables:        16104 kB
NFS_Unstable:          0 kB
Bounce:                0 kB
WritebackTmp:          0 kB
CommitLimit:     1496840 kB
Committed_AS:   22096224 kB
VmallocTotal:     458752 kB
VmallocUsed:       87900 kB
VmallocChunk:     220188 kB
Time pass: 234 sec

---2015-12-03 10:32:03
MemTotal:        1420824 kB
MemFree:           55092 kB
Buffers:            7732 kB
Cached:           601104 kB
SwapCached:            0 kB
Active:           438080 kB
Inactive:         652692 kB
Active(anon):     235240 kB
Inactive(anon):   248384 kB
Active(file):     202840 kB
Inactive(file):   404308 kB
Unevictable:         292 kB
Mlocked:               0 kB
HighTotal:       1001472 kB
HighFree:           5024 kB
LowTotal:         419352 kB
LowFree:           50068 kB
SwapTotal:        786428 kB
SwapFree:         786428 kB
Dirty:                40 kB
Writeback:             0 kB
AnonPages:        482224 kB
Mapped:           216728 kB
Shmem:              1396 kB
Slab:              43160 kB
SReclaimable:      15100 kB
SUnreclaim:        28060 kB
KernelStack:        9936 kB
PageTables:        16124 kB
NFS_Unstable:          0 kB
Bounce:                0 kB
WritebackTmp:          0 kB
CommitLimit:     1496840 kB
Committed_AS:   22096380 kB
VmallocTotal:     458752 kB
VmallocUsed:       87900 kB
VmallocChunk:     220188 kB
Time pass: 237 sec

---2015-12-03 10:32:03
MemTotal:        1420824 kB
MemFree:           54836 kB
Buffers:            7740 kB
Cached:           601104 kB
SwapCached:            0 kB
Active:           438276 kB
Inactive:         652700 kB
Active(anon):     235436 kB
Inactive(anon):   248384 kB
Active(file):     202840 kB
Inactive(file):   404316 kB
Unevictable:         292 kB
Mlocked:               0 kB
HighTotal:       1001472 kB
HighFree:           5024 kB
LowTotal:         419352 kB
LowFree:           49812 kB
SwapTotal:        786428 kB
SwapFree:         786428 kB
Dirty:                68 kB
Writeback:             0 kB
AnonPages:        482504 kB
Mapped:           216688 kB
Shmem:              1396 kB
Slab:              43180 kB
SReclaimable:      15100 kB
SUnreclaim:        28080 kB
KernelStack:        9928 kB
PageTables:        16108 kB
NFS_Unstable:          0 kB
Bounce:                0 kB
WritebackTmp:          0 kB
CommitLimit:     1496840 kB
Committed_AS:   22096400 kB
VmallocTotal:     458752 kB
VmallocUsed:       87900 kB
VmallocChunk:     220188 kB
Time pass: 241 sec

---2015-12-03 10:32:03
MemTotal:        1420824 kB
MemFree:           54500 kB
Buffers:            7764 kB
Cached:           601104 kB
SwapCached:            0 kB
Active:           438468 kB
Inactive:         652724 kB
Active(anon):     235628 kB
Inactive(anon):   248384 kB
Active(file):     202840 kB
Inactive(file):   404340 kB
Unevictable:         292 kB
Mlocked:               0 kB
HighTotal:       1001472 kB
HighFree:           5024 kB
LowTotal:         419352 kB
LowFree:           49476 kB
SwapTotal:        786428 kB
SwapFree:         786428 kB
Dirty:                64 kB
Writeback:             0 kB
AnonPages:        482612 kB
Mapped:           216776 kB
Shmem:              1396 kB
Slab:              43188 kB
SReclaimable:      15100 kB
SUnreclaim:        28088 kB
KernelStack:        9944 kB
PageTables:        16124 kB
NFS_Unstable:          0 kB
Bounce:                0 kB
WritebackTmp:          0 kB
CommitLimit:     1496840 kB
Committed_AS:   22096392 kB
VmallocTotal:     458752 kB
VmallocUsed:       87932 kB
VmallocChunk:     220188 kB
Time pass: 246 sec

---2015-12-03 10:32:03
MemTotal:        1420824 kB
MemFree:           54280 kB
Buffers:            7764 kB
Cached:           601104 kB
SwapCached:            0 kB
Active:           438792 kB
Inactive:         652724 kB
Active(anon):     235952 kB
Inactive(anon):   248384 kB
Active(file):     202840 kB
Inactive(file):   404340 kB
Unevictable:         292 kB
Mlocked:               0 kB
HighTotal:       1001472 kB
HighFree:           5024 kB
LowTotal:         419352 kB
LowFree:           49256 kB
SwapTotal:        786428 kB
SwapFree:         786428 kB
Dirty:                 0 kB
Writeback:             0 kB
AnonPages:        482944 kB
Mapped:           216728 kB
Shmem:              1396 kB
Slab:              43180 kB
SReclaimable:      15100 kB
SUnreclaim:        28080 kB
KernelStack:        9936 kB
PageTables:        16120 kB
NFS_Unstable:          0 kB
Bounce:                0 kB
WritebackTmp:          0 kB
CommitLimit:     1496840 kB
Committed_AS:   22096576 kB
VmallocTotal:     458752 kB
VmallocUsed:       87900 kB
VmallocChunk:     220188 kB
Time pass: 249 sec

---2015-12-03 10:32:03
MemTotal:        1420824 kB
MemFree:           53868 kB
Buffers:            7788 kB
Cached:           601104 kB
SwapCached:            0 kB
Active:           438788 kB
Inactive:         652748 kB
Active(anon):     235948 kB
Inactive(anon):   248384 kB
Active(file):     202840 kB
Inactive(file):   404364 kB
Unevictable:         292 kB
Mlocked:               0 kB
HighTotal:       1001472 kB
HighFree:           5024 kB
LowTotal:         419352 kB
LowFree:           48844 kB
SwapTotal:        786428 kB
SwapFree:         786428 kB
Dirty:                40 kB
Writeback:             0 kB
AnonPages:        482976 kB
Mapped:           216776 kB
Shmem:              1396 kB
Slab:              43104 kB
SReclaimable:      15100 kB
SUnreclaim:        28004 kB
KernelStack:        9936 kB
PageTables:        16124 kB
NFS_Unstable:          0 kB
Bounce:                0 kB
WritebackTmp:          0 kB
CommitLimit:     1496840 kB
Committed_AS:   22096416 kB
VmallocTotal:     458752 kB
VmallocUsed:       87932 kB
VmallocChunk:     220188 kB
Time pass: 253 sec

---2015-12-03 10:32:03
MemTotal:        1420824 kB
MemFree:           53696 kB
Buffers:            7804 kB
Cached:           601096 kB
SwapCached:            0 kB
Active:           439408 kB
Inactive:         652752 kB
Active(anon):     236568 kB
Inactive(anon):   248388 kB
Active(file):     202840 kB
Inactive(file):   404364 kB
Unevictable:         292 kB
Mlocked:               0 kB
HighTotal:       1001472 kB
HighFree:           5024 kB
LowTotal:         419352 kB
LowFree:           48672 kB
SwapTotal:        786428 kB
SwapFree:         786428 kB
Dirty:                 0 kB
Writeback:             0 kB
AnonPages:        483644 kB
Mapped:           216736 kB
Shmem:              1404 kB
Slab:              43160 kB
SReclaimable:      15100 kB
SUnreclaim:        28060 kB
KernelStack:        9936 kB
PageTables:        16124 kB
NFS_Unstable:          0 kB
Bounce:                0 kB
WritebackTmp:          0 kB
CommitLimit:     1496840 kB
Committed_AS:   22096652 kB
VmallocTotal:     458752 kB
VmallocUsed:       87900 kB
VmallocChunk:     220188 kB
Time pass: 256 sec

---2015-12-03 10:32:03
MemTotal:        1420824 kB
MemFree:           52572 kB
Buffers:            7804 kB
Cached:           601112 kB
SwapCached:            0 kB
Active:           439596 kB
Inactive:         652768 kB
Active(anon):     236756 kB
Inactive(anon):   248388 kB
Active(file):     202840 kB
Inactive(file):   404380 kB
Unevictable:         292 kB
Mlocked:               0 kB
HighTotal:       1001472 kB
HighFree:           5024 kB
LowTotal:         419352 kB
LowFree:           47548 kB
SwapTotal:        786428 kB
SwapFree:         786428 kB
Dirty:                44 kB
Writeback:             0 kB
AnonPages:        483696 kB
Mapped:           216784 kB
Shmem:              1404 kB
Slab:              43352 kB
SReclaimable:      15100 kB
SUnreclaim:        28252 kB
KernelStack:        9944 kB
PageTables:        16132 kB
NFS_Unstable:          0 kB
Bounce:                0 kB
WritebackTmp:          0 kB
CommitLimit:     1496840 kB
Committed_AS:   22096636 kB
VmallocTotal:     458752 kB
VmallocUsed:       87932 kB
VmallocChunk:     220188 kB
Time pass: 260 sec

---2015-12-03 10:32:03
MemTotal:        1420824 kB
MemFree:           53132 kB
Buffers:            7812 kB
Cached:           601112 kB
SwapCached:            0 kB
Active:           440036 kB
Inactive:         652776 kB
Active(anon):     237196 kB
Inactive(anon):   248388 kB
Active(file):     202840 kB
Inactive(file):   404388 kB
Unevictable:         292 kB
Mlocked:               0 kB
HighTotal:       1001472 kB
HighFree:           5128 kB
LowTotal:         419352 kB
LowFree:           48004 kB
SwapTotal:        786428 kB
SwapFree:         786428 kB
Dirty:                28 kB
Writeback:             0 kB
AnonPages:        484148 kB
Mapped:           216736 kB
Shmem:              1404 kB
Slab:              43108 kB
SReclaimable:      15100 kB
SUnreclaim:        28008 kB
KernelStack:        9936 kB
PageTables:        16124 kB
NFS_Unstable:          0 kB
Bounce:                0 kB
WritebackTmp:          0 kB
CommitLimit:     1496840 kB
Committed_AS:   22097824 kB
VmallocTotal:     458752 kB
VmallocUsed:       87900 kB
VmallocChunk:     220188 kB
Time pass: 263 sec

---2015-12-03 10:32:03
MemTotal:        1420824 kB
MemFree:           52632 kB
Buffers:            7828 kB
Cached:           601144 kB
SwapCached:            0 kB
Active:           440164 kB
Inactive:         652792 kB
Active(anon):     237324 kB
Inactive(anon):   248388 kB
Active(file):     202840 kB
Inactive(file):   404404 kB
Unevictable:         292 kB
Mlocked:               0 kB
HighTotal:       1001472 kB
HighFree:           5016 kB
LowTotal:         419352 kB
LowFree:           47616 kB
SwapTotal:        786428 kB
SwapFree:         786428 kB
Dirty:                 0 kB
Writeback:             0 kB
AnonPages:        484312 kB
Mapped:           216768 kB
Shmem:              1436 kB
Slab:              43096 kB
SReclaimable:      15100 kB
SUnreclaim:        27996 kB
KernelStack:        9936 kB
PageTables:        16124 kB
NFS_Unstable:          0 kB
Bounce:                0 kB
WritebackTmp:          0 kB
CommitLimit:     1496840 kB
Committed_AS:   22096720 kB
VmallocTotal:     458752 kB
VmallocUsed:       87900 kB
VmallocChunk:     220188 kB
Time pass: 267 sec

---2015-12-03 10:32:03
MemTotal:        1420824 kB
MemFree:           54200 kB
Buffers:            7836 kB
Cached:           601144 kB
SwapCached:            0 kB
Active:           438612 kB
Inactive:         652832 kB
Active(anon):     235772 kB
Inactive(anon):   248420 kB
Active(file):     202840 kB
Inactive(file):   404412 kB
Unevictable:         292 kB
Mlocked:               0 kB
HighTotal:       1001472 kB
HighFree:           5140 kB
LowTotal:         419352 kB
LowFree:           49060 kB
SwapTotal:        786428 kB
SwapFree:         786428 kB
Dirty:                28 kB
Writeback:             0 kB
AnonPages:        482764 kB
Mapped:           216668 kB
Shmem:              1436 kB
Slab:              43232 kB
SReclaimable:      15100 kB
SUnreclaim:        28132 kB
KernelStack:        9936 kB
PageTables:        16124 kB
NFS_Unstable:          0 kB
Bounce:                0 kB
WritebackTmp:          0 kB
CommitLimit:     1496840 kB
Committed_AS:   22096484 kB
VmallocTotal:     458752 kB
VmallocUsed:       87932 kB
VmallocChunk:     220188 kB
Time pass: 271 sec

---2015-12-03 10:32:03
MemTotal:        1420824 kB
MemFree:           53996 kB
Buffers:            7852 kB
Cached:           601144 kB
SwapCached:            0 kB
Active:           438824 kB
Inactive:         652848 kB
Active(anon):     235984 kB
Inactive(anon):   248420 kB
Active(file):     202840 kB
Inactive(file):   404428 kB
Unevictable:         292 kB
Mlocked:               0 kB
HighTotal:       1001472 kB
HighFree:           5140 kB
LowTotal:         419352 kB
LowFree:           48856 kB
SwapTotal:        786428 kB
SwapFree:         786428 kB
Dirty:                40 kB
Writeback:             0 kB
AnonPages:        483020 kB
Mapped:           216816 kB
Shmem:              1436 kB
Slab:              43144 kB
SReclaimable:      15100 kB
SUnreclaim:        28044 kB
KernelStack:        9936 kB
PageTables:        16128 kB
NFS_Unstable:          0 kB
Bounce:                0 kB
WritebackTmp:          0 kB
CommitLimit:     1496840 kB
Committed_AS:   22096592 kB
VmallocTotal:     458752 kB
VmallocUsed:       87932 kB
VmallocChunk:     220188 kB
Time pass: 274 sec

---2015-12-03 10:32:03
MemTotal:        1420824 kB
MemFree:           53720 kB
Buffers:            7868 kB
Cached:           601144 kB
SwapCached:            0 kB
Active:           439048 kB
Inactive:         652872 kB
Active(anon):     236208 kB
Inactive(anon):   248420 kB
Active(file):     202840 kB
Inactive(file):   404452 kB
Unevictable:         292 kB
Mlocked:               0 kB
HighTotal:       1001472 kB
HighFree:           5140 kB
LowTotal:         419352 kB
LowFree:           48580 kB
SwapTotal:        786428 kB
SwapFree:         786428 kB
Dirty:                40 kB
Writeback:             0 kB
AnonPages:        483260 kB
Mapped:           216768 kB
Shmem:              1436 kB
Slab:              43276 kB
SReclaimable:      15100 kB
SUnreclaim:        28176 kB
KernelStack:        9936 kB
PageTables:        16128 kB
NFS_Unstable:          0 kB
Bounce:                0 kB
WritebackTmp:          0 kB
CommitLimit:     1496840 kB
Committed_AS:   22096776 kB
VmallocTotal:     458752 kB
VmallocUsed:       87900 kB
VmallocChunk:     220188 kB
Time pass: 277 sec

---2015-12-03 10:32:03
MemTotal:        1420824 kB
MemFree:           54392 kB
Buffers:            7868 kB
Cached:           601144 kB
SwapCached:            0 kB
Active:           439156 kB
Inactive:         652864 kB
Active(anon):     236316 kB
Inactive(anon):   248420 kB
Active(file):     202840 kB
Inactive(file):   404444 kB
Unevictable:         292 kB
Mlocked:               0 kB
HighTotal:       1001472 kB
HighFree:           5268 kB
LowTotal:         419352 kB
LowFree:           49124 kB
SwapTotal:        786428 kB
SwapFree:         786428 kB
Dirty:                40 kB
Writeback:             0 kB
AnonPages:        483364 kB
Mapped:           216768 kB
Shmem:              1436 kB
Slab:              43160 kB
SReclaimable:      15092 kB
SUnreclaim:        28068 kB
KernelStack:        9936 kB
PageTables:        16128 kB
NFS_Unstable:          0 kB
Bounce:                0 kB
WritebackTmp:          0 kB
CommitLimit:     1496840 kB
Committed_AS:   22096784 kB
VmallocTotal:     458752 kB
VmallocUsed:       87900 kB
VmallocChunk:     220188 kB
Time pass: 281 sec

---2015-12-03 10:32:03
MemTotal:        1420824 kB
MemFree:           53440 kB
Buffers:            7892 kB
Cached:           601144 kB
SwapCached:            0 kB
Active:           439508 kB
Inactive:         652888 kB
Active(anon):     236668 kB
Inactive(anon):   248420 kB
Active(file):     202840 kB
Inactive(file):   404468 kB
Unevictable:         292 kB
Mlocked:               0 kB
HighTotal:       1001472 kB
HighFree:           5036 kB
LowTotal:         419352 kB
LowFree:           48404 kB
SwapTotal:        786428 kB
SwapFree:         786428 kB
Dirty:                44 kB
Writeback:             0 kB
AnonPages:        483680 kB
Mapped:           216768 kB
Shmem:              1436 kB
Slab:              43288 kB
SReclaimable:      15092 kB
SUnreclaim:        28196 kB
KernelStack:        9936 kB
PageTables:        16124 kB
NFS_Unstable:          0 kB
Bounce:                0 kB
WritebackTmp:          0 kB
CommitLimit:     1496840 kB
Committed_AS:   22096992 kB
VmallocTotal:     458752 kB
VmallocUsed:       87900 kB
VmallocChunk:     220188 kB
Time pass: 284 sec

---2015-12-03 10:32:03
MemTotal:        1420824 kB
MemFree:           54232 kB
Buffers:            7892 kB
Cached:           601144 kB
SwapCached:            0 kB
Active:           438848 kB
Inactive:         652888 kB
Active(anon):     236008 kB
Inactive(anon):   248420 kB
Active(file):     202840 kB
Inactive(file):   404468 kB
Unevictable:         292 kB
Mlocked:               0 kB
HighTotal:       1001472 kB
HighFree:           5036 kB
LowTotal:         419352 kB
LowFree:           49196 kB
SwapTotal:        786428 kB
SwapFree:         786428 kB
Dirty:                 0 kB
Writeback:             0 kB
AnonPages:        483120 kB
Mapped:           216732 kB
Shmem:              1436 kB
Slab:              43076 kB
SReclaimable:      15092 kB
SUnreclaim:        27984 kB
KernelStack:        9928 kB
PageTables:        16112 kB
NFS_Unstable:          0 kB
Bounce:                0 kB
WritebackTmp:          0 kB
CommitLimit:     1496840 kB
Committed_AS:   22096864 kB
VmallocTotal:     458752 kB
VmallocUsed:       87900 kB
VmallocChunk:     220188 kB
Time pass: 288 sec

---2015-12-03 10:32:03
MemTotal:        1420824 kB
MemFree:           53880 kB
Buffers:            7916 kB
Cached:           601144 kB
SwapCached:            0 kB
Active:           439232 kB
Inactive:         652912 kB
Active(anon):     236392 kB
Inactive(anon):   248420 kB
Active(file):     202840 kB
Inactive(file):   404492 kB
Unevictable:         292 kB
Mlocked:               0 kB
HighTotal:       1001472 kB
HighFree:           5036 kB
LowTotal:         419352 kB
LowFree:           48844 kB
SwapTotal:        786428 kB
SwapFree:         786428 kB
Dirty:                40 kB
Writeback:             0 kB
AnonPages:        483416 kB
Mapped:           216772 kB
Shmem:              1436 kB
Slab:              43168 kB
SReclaimable:      15092 kB
SUnreclaim:        28076 kB
KernelStack:        9944 kB
PageTables:        16128 kB
NFS_Unstable:          0 kB
Bounce:                0 kB
WritebackTmp:          0 kB
CommitLimit:     1496840 kB
Committed_AS:   22096924 kB
VmallocTotal:     458752 kB
VmallocUsed:       87900 kB
VmallocChunk:     220188 kB
Time pass: 292 sec

---2015-12-03 10:32:03
MemTotal:        1420824 kB
MemFree:           53416 kB
Buffers:            7924 kB
Cached:           601136 kB
SwapCached:            0 kB
Active:           439776 kB
Inactive:         652912 kB
Active(anon):     236936 kB
Inactive(anon):   248420 kB
Active(file):     202840 kB
Inactive(file):   404492 kB
Unevictable:         292 kB
Mlocked:               0 kB
HighTotal:       1001472 kB
HighFree:           5040 kB
LowTotal:         419352 kB
LowFree:           48376 kB
SwapTotal:        786428 kB
SwapFree:         786428 kB
Dirty:                 0 kB
Writeback:             0 kB
AnonPages:        484148 kB
Mapped:           216672 kB
Shmem:              1436 kB
Slab:              43196 kB
SReclaimable:      15092 kB
SUnreclaim:        28104 kB
KernelStack:        9944 kB
PageTables:        16128 kB
NFS_Unstable:          0 kB
Bounce:                0 kB
WritebackTmp:          0 kB
CommitLimit:     1496840 kB
Committed_AS:   22096876 kB
VmallocTotal:     458752 kB
VmallocUsed:       87932 kB
VmallocChunk:     220188 kB
Time pass: 296 sec

---2015-12-03 10:32:03
MemTotal:        1420824 kB
MemFree:           53764 kB
Buffers:            7932 kB
Cached:           601144 kB
SwapCached:            0 kB
Active:           440168 kB
Inactive:         652928 kB
Active(anon):     237328 kB
Inactive(anon):   248420 kB
Active(file):     202840 kB
Inactive(file):   404508 kB
Unevictable:         292 kB
Mlocked:               0 kB
HighTotal:       1001472 kB
HighFree:           5144 kB
LowTotal:         419352 kB
LowFree:           48620 kB
SwapTotal:        786428 kB
SwapFree:         786428 kB
Dirty:                40 kB
Writeback:             0 kB
AnonPages:        484364 kB
Mapped:           216672 kB
Shmem:              1436 kB
Slab:              43108 kB
SReclaimable:      15092 kB
SUnreclaim:        28016 kB
KernelStack:        9936 kB
PageTables:        16124 kB
NFS_Unstable:          0 kB
Bounce:                0 kB
WritebackTmp:          0 kB
CommitLimit:     1496840 kB
Committed_AS:   22096896 kB
VmallocTotal:     458752 kB
VmallocUsed:       87932 kB
VmallocChunk:     220188 kB
Time pass: 300 sec

---2015-12-03 10:32:03
MemTotal:        1420824 kB
MemFree:           54424 kB
Buffers:            7940 kB
Cached:           601144 kB
SwapCached:            0 kB
Active:           438468 kB
Inactive:         652936 kB
Active(anon):     235628 kB
Inactive(anon):   248420 kB
Active(file):     202840 kB
Inactive(file):   404516 kB
Unevictable:         292 kB
Mlocked:               0 kB
HighTotal:       1001472 kB
HighFree:           5044 kB
LowTotal:         419352 kB
LowFree:           49380 kB
SwapTotal:        786428 kB
SwapFree:         786428 kB
Dirty:                28 kB
Writeback:             0 kB
AnonPages:        482668 kB
Mapped:           216820 kB
Shmem:              1436 kB
Slab:              43212 kB
SReclaimable:      15092 kB
SUnreclaim:        28120 kB
KernelStack:        9928 kB
PageTables:        16124 kB
NFS_Unstable:          0 kB
Bounce:                0 kB
WritebackTmp:          0 kB
CommitLimit:     1496840 kB
Committed_AS:   22097024 kB
VmallocTotal:     458752 kB
VmallocUsed:       87932 kB
VmallocChunk:     220188 kB
Time pass: 303 sec

---2015-12-03 10:32:03
MemTotal:        1420824 kB
MemFree:           54424 kB
Buffers:            7956 kB
Cached:           601144 kB
SwapCached:            0 kB
Active:           438172 kB
Inactive:         652952 kB
Active(anon):     235332 kB
Inactive(anon):   248420 kB
Active(file):     202840 kB
Inactive(file):   404532 kB
Unevictable:         292 kB
Mlocked:               0 kB
HighTotal:       1001472 kB
HighFree:           5120 kB
LowTotal:         419352 kB
LowFree:           49304 kB
SwapTotal:        786428 kB
SwapFree:         786428 kB
Dirty:                 0 kB
Writeback:             0 kB
AnonPages:        482492 kB
Mapped:           216780 kB
Shmem:              1436 kB
Slab:              43136 kB
SReclaimable:      15092 kB
SUnreclaim:        28044 kB
KernelStack:        9920 kB
PageTables:        16108 kB
NFS_Unstable:          0 kB
Bounce:                0 kB
WritebackTmp:          0 kB
CommitLimit:     1496840 kB
Committed_AS:   22096808 kB
VmallocTotal:     458752 kB
VmallocUsed:       87932 kB
VmallocChunk:     220188 kB
Time pass: 308 sec

---2015-12-03 10:32:03
MemTotal:        1420824 kB
MemFree:           53812 kB
Buffers:            7980 kB
Cached:           601144 kB
SwapCached:            0 kB
Active:           439152 kB
Inactive:         652976 kB
Active(anon):     236312 kB
Inactive(anon):   248420 kB
Active(file):     202840 kB
Inactive(file):   404556 kB
Unevictable:         292 kB
Mlocked:               0 kB
HighTotal:       1001472 kB
HighFree:           5120 kB
LowTotal:         419352 kB
LowFree:           48692 kB
SwapTotal:        786428 kB
SwapFree:         786428 kB
Dirty:                36 kB
Writeback:             0 kB
AnonPages:        483312 kB
Mapped:           216752 kB
Shmem:              1436 kB
Slab:              43216 kB
SReclaimable:      15092 kB
SUnreclaim:        28124 kB
KernelStack:        9936 kB
PageTables:        16108 kB
NFS_Unstable:          0 kB
Bounce:                0 kB
WritebackTmp:          0 kB
CommitLimit:     1496840 kB
Committed_AS:   22096796 kB
VmallocTotal:     458752 kB
VmallocUsed:       87932 kB
VmallocChunk:     220188 kB
Time pass: 314 sec

---2015-12-03 10:32:03
MemTotal:        1420824 kB
MemFree:           53404 kB
Buffers:            7996 kB
Cached:           601144 kB
SwapCached:            0 kB
Active:           439520 kB
Inactive:         652992 kB
Active(anon):     236680 kB
Inactive(anon):   248420 kB
Active(file):     202840 kB
Inactive(file):   404572 kB
Unevictable:         292 kB
Mlocked:               0 kB
HighTotal:       1001472 kB
HighFree:           5120 kB
LowTotal:         419352 kB
LowFree:           48284 kB
SwapTotal:        786428 kB
SwapFree:         786428 kB
Dirty:                40 kB
Writeback:             0 kB
AnonPages:        483668 kB
Mapped:           216820 kB
Shmem:              1436 kB
Slab:              43108 kB
SReclaimable:      15092 kB
SUnreclaim:        28016 kB
KernelStack:        9928 kB
PageTables:        16124 kB
NFS_Unstable:          0 kB
Bounce:                0 kB
WritebackTmp:          0 kB
CommitLimit:     1496840 kB
Committed_AS:   22096756 kB
VmallocTotal:     458752 kB
VmallocUsed:       87932 kB
VmallocChunk:     220188 kB
Time pass: 318 sec

---2015-12-03 10:32:03
MemTotal:        1420824 kB
MemFree:           53548 kB
Buffers:            7996 kB
Cached:           601144 kB
SwapCached:            0 kB
Active:           439452 kB
Inactive:         652992 kB
Active(anon):     236612 kB
Inactive(anon):   248420 kB
Active(file):     202840 kB
Inactive(file):   404572 kB
Unevictable:         292 kB
Mlocked:               0 kB
HighTotal:       1001472 kB
HighFree:           5120 kB
LowTotal:         419352 kB
LowFree:           48428 kB
SwapTotal:        786428 kB
SwapFree:         786428 kB
Dirty:                 0 kB
Writeback:             0 kB
AnonPages:        483668 kB
Mapped:           216672 kB
Shmem:              1436 kB
Slab:              43100 kB
SReclaimable:      15092 kB
SUnreclaim:        28008 kB
KernelStack:        9936 kB
PageTables:        16124 kB
NFS_Unstable:          0 kB
Bounce:                0 kB
WritebackTmp:          0 kB
CommitLimit:     1496840 kB
Committed_AS:   22096768 kB
VmallocTotal:     458752 kB
VmallocUsed:       87932 kB
VmallocChunk:     220188 kB
Time pass: 321 sec

---2015-12-03 10:32:03
MemTotal:        1420824 kB
MemFree:           53116 kB
Buffers:            8020 kB
Cached:           601144 kB
SwapCached:            0 kB
Active:           439844 kB
Inactive:         653016 kB
Active(anon):     237004 kB
Inactive(anon):   248420 kB
Active(file):     202840 kB
Inactive(file):   404596 kB
Unevictable:         292 kB
Mlocked:               0 kB
HighTotal:       1001472 kB
HighFree:           5120 kB
LowTotal:         419352 kB
LowFree:           47996 kB
SwapTotal:        786428 kB
SwapFree:         786428 kB
Dirty:                32 kB
Writeback:             0 kB
AnonPages:        484028 kB
Mapped:           216672 kB
Shmem:              1436 kB
Slab:              43204 kB
SReclaimable:      15092 kB
SUnreclaim:        28112 kB
KernelStack:        9928 kB
PageTables:        16124 kB
NFS_Unstable:          0 kB
Bounce:                0 kB
WritebackTmp:          0 kB
CommitLimit:     1496840 kB
Committed_AS:   22096816 kB
VmallocTotal:     458752 kB
VmallocUsed:       87932 kB
VmallocChunk:     220188 kB
Time pass: 325 sec

---2015-12-03 10:32:03
MemTotal:        1420824 kB
MemFree:           53232 kB
Buffers:            8020 kB
Cached:           601144 kB
SwapCached:            0 kB
Active:           439760 kB
Inactive:         653016 kB
Active(anon):     236920 kB
Inactive(anon):   248420 kB
Active(file):     202840 kB
Inactive(file):   404596 kB
Unevictable:         292 kB
Mlocked:               0 kB
HighTotal:       1001472 kB
HighFree:           5084 kB
LowTotal:         419352 kB
LowFree:           48148 kB
SwapTotal:        786428 kB
SwapFree:         786428 kB
Dirty:                 0 kB
Writeback:             0 kB
AnonPages:        483944 kB
Mapped:           216732 kB
Shmem:              1436 kB
Slab:              43120 kB
SReclaimable:      15092 kB
SUnreclaim:        28028 kB
KernelStack:        9920 kB
PageTables:        16108 kB
NFS_Unstable:          0 kB
Bounce:                0 kB
WritebackTmp:          0 kB
CommitLimit:     1496840 kB
Committed_AS:   22096844 kB
VmallocTotal:     458752 kB
VmallocUsed:       87900 kB
VmallocChunk:     220188 kB
Time pass: 329 sec

---2015-12-03 10:32:03
MemTotal:        1420824 kB
MemFree:           52308 kB
Buffers:            8044 kB
Cached:           601144 kB
SwapCached:            0 kB
Active:           441068 kB
Inactive:         653040 kB
Active(anon):     238228 kB
Inactive(anon):   248420 kB
Active(file):     202840 kB
Inactive(file):   404620 kB
Unevictable:         292 kB
Mlocked:               0 kB
HighTotal:       1001472 kB
HighFree:           5108 kB
LowTotal:         419352 kB
LowFree:           47200 kB
SwapTotal:        786428 kB
SwapFree:         786428 kB
Dirty:                40 kB
Writeback:             0 kB
AnonPages:        485280 kB
Mapped:           216732 kB
Shmem:              1436 kB
Slab:              43144 kB
SReclaimable:      15092 kB
SUnreclaim:        28052 kB
KernelStack:        9936 kB
PageTables:        16108 kB
NFS_Unstable:          0 kB
Bounce:                0 kB
WritebackTmp:          0 kB
CommitLimit:     1496840 kB
Committed_AS:   22098104 kB
VmallocTotal:     458752 kB
VmallocUsed:       87900 kB
VmallocChunk:     220188 kB
Time pass: 334 sec

---2015-12-03 10:32:03
MemTotal:        1420824 kB
MemFree:           52932 kB
Buffers:            8068 kB
Cached:           601144 kB
SwapCached:            0 kB
Active:           439520 kB
Inactive:         653064 kB
Active(anon):     236680 kB
Inactive(anon):   248420 kB
Active(file):     202840 kB
Inactive(file):   404644 kB
Unevictable:         292 kB
Mlocked:               0 kB
HighTotal:       1001472 kB
HighFree:           5108 kB
LowTotal:         419352 kB
LowFree:           47824 kB
SwapTotal:        786428 kB
SwapFree:         786428 kB
Dirty:                36 kB
Writeback:             0 kB
AnonPages:        483672 kB
Mapped:           216820 kB
Shmem:              1436 kB
Slab:              43292 kB
SReclaimable:      15180 kB
SUnreclaim:        28112 kB
KernelStack:        9952 kB
PageTables:        16132 kB
NFS_Unstable:          0 kB
Bounce:                0 kB
WritebackTmp:          0 kB
CommitLimit:     1496840 kB
Committed_AS:   22097040 kB
VmallocTotal:     458752 kB
VmallocUsed:       87932 kB
VmallocChunk:     220188 kB
Time pass: 339 sec

---2015-12-03 10:32:03
MemTotal:        1420824 kB
MemFree:           53016 kB
Buffers:            8068 kB
Cached:           601144 kB
SwapCached:            0 kB
Active:           439584 kB
Inactive:         653064 kB
Active(anon):     236744 kB
Inactive(anon):   248420 kB
Active(file):     202840 kB
Inactive(file):   404644 kB
Unevictable:         292 kB
Mlocked:               0 kB
HighTotal:       1001472 kB
HighFree:           5112 kB
LowTotal:         419352 kB
LowFree:           47904 kB
SwapTotal:        786428 kB
SwapFree:         786428 kB
Dirty:                36 kB
Writeback:             0 kB
AnonPages:        483776 kB
Mapped:           216820 kB
