---2015-10-25 15:24:01
MemTotal:        1386500 kB
MemFree:           70200 kB
Buffers:           96328 kB
Cached:           426716 kB
SwapCached:        38280 kB
Active:           538040 kB
Inactive:         456852 kB
Active(anon):     215268 kB
Inactive(anon):   259304 kB
Active(file):     322772 kB
Inactive(file):   197548 kB
Unevictable:        2528 kB
Mlocked:               0 kB
HighTotal:        849920 kB
HighFree:           8748 kB
LowTotal:         536580 kB
LowFree:           61452 kB
SwapTotal:       1048572 kB
SwapFree:         890828 kB
Dirty:                 0 kB
Writeback:             0 kB
AnonPages:        467824 kB
Mapped:           151988 kB
Shmem:               196 kB
Slab:              56252 kB
SReclaimable:      17392 kB
SUnreclaim:        38860 kB
KernelStack:       11160 kB
PageTables:        19208 kB
NFS_Unstable:          0 kB
Bounce:                0 kB
WritebackTmp:          0 kB
CommitLimit:     1741820 kB
Committed_AS:   43880476 kB
VmallocTotal:     319488 kB
VmallocUsed:       17984 kB
VmallocChunk:     184332 kB
Time pass: 3 sec

---2015-10-25 15:24:01
MemTotal:        1386500 kB
MemFree:           69568 kB
Buffers:           96328 kB
Cached:           426716 kB
SwapCached:        38280 kB
Active:           538312 kB
Inactive:         456852 kB
Active(anon):     215540 kB
Inactive(anon):   259304 kB
Active(file):     322772 kB
Inactive(file):   197548 kB
Unevictable:        2528 kB
Mlocked:               0 kB
HighTotal:        849920 kB
HighFree:           8728 kB
LowTotal:         536580 kB
LowFree:           60840 kB
SwapTotal:       1048572 kB
SwapFree:         890828 kB
Dirty:                 0 kB
Writeback:             0 kB
AnonPages:        467948 kB
Mapped:           152040 kB
Shmem:               196 kB
Slab:              56168 kB
SReclaimable:      17392 kB
SUnreclaim:        38776 kB
KernelStack:       11152 kB
PageTables:        19236 kB
NFS_Unstable:          0 kB
Bounce:                0 kB
WritebackTmp:          0 kB
CommitLimit:     1741820 kB
Committed_AS:   43880452 kB
VmallocTotal:     319488 kB
VmallocUsed:       17984 kB
VmallocChunk:     184332 kB
Time pass: 7 sec

---2015-10-25 15:24:01
MemTotal:        1386500 kB
MemFree:           69312 kB
Buffers:           96328 kB
Cached:           426716 kB
SwapCached:        38280 kB
Active:           538056 kB
Inactive:         456852 kB
Active(anon):     215284 kB
Inactive(anon):   259304 kB
Active(file):     322772 kB
Inactive(file):   197548 kB
Unevictable:        2528 kB
Mlocked:               0 kB
HighTotal:        849920 kB
HighFree:           8696 kB
LowTotal:         536580 kB
LowFree:           60616 kB
SwapTotal:       1048572 kB
SwapFree:         890828 kB
Dirty:                 0 kB
Writeback:             0 kB
AnonPages:        467820 kB
Mapped:           151988 kB
Shmem:               196 kB
Slab:              56168 kB
SReclaimable:      17392 kB
SUnreclaim:        38776 kB
KernelStack:       11152 kB
PageTables:        19208 kB
NFS_Unstable:          0 kB
Bounce:                0 kB
WritebackTmp:          0 kB
CommitLimit:     1741820 kB
Committed_AS:   43880384 kB
VmallocTotal:     319488 kB
VmallocUsed:       17984 kB
VmallocChunk:     184332 kB
Time pass: 10 sec

---2015-10-25 15:24:01
MemTotal:        1386500 kB
MemFree:           69420 kB
Buffers:           96328 kB
Cached:           426716 kB
SwapCached:        38280 kB
Active:           538048 kB
Inactive:         456852 kB
Active(anon):     215276 kB
Inactive(anon):   259304 kB
Active(file):     322772 kB
Inactive(file):   197548 kB
Unevictable:        2528 kB
Mlocked:               0 kB
HighTotal:        849920 kB
HighFree:           8712 kB
LowTotal:         536580 kB
LowFree:           60708 kB
SwapTotal:       1048572 kB
SwapFree:         890828 kB
Dirty:                 0 kB
Writeback:             0 kB
AnonPages:        467824 kB
Mapped:           151988 kB
Shmem:               196 kB
Slab:              56164 kB
SReclaimable:      17392 kB
SUnreclaim:        38772 kB
KernelStack:       11152 kB
PageTables:        19208 kB
NFS_Unstable:          0 kB
Bounce:                0 kB
WritebackTmp:          0 kB
CommitLimit:     1741820 kB
Committed_AS:   43880452 kB
VmallocTotal:     319488 kB
VmallocUsed:       17984 kB
VmallocChunk:     184332 kB
Time pass: 14 sec

---2015-10-25 15:24:01
MemTotal:        1386500 kB
MemFree:           69304 kB
Buffers:           96328 kB
Cached:           426716 kB
SwapCached:        38280 kB
Active:           538028 kB
Inactive:         456852 kB
Active(anon):     215256 kB
Inactive(anon):   259304 kB
Active(file):     322772 kB
Inactive(file):   197548 kB
Unevictable:        2528 kB
Mlocked:               0 kB
HighTotal:        849920 kB
HighFree:           8712 kB
LowTotal:         536580 kB
LowFree:           60592 kB
SwapTotal:       1048572 kB
SwapFree:         890828 kB
Dirty:                 0 kB
Writeback:             0 kB
AnonPages:        467828 kB
Mapped:           151988 kB
Shmem:               196 kB
Slab:              56164 kB
SReclaimable:      17392 kB
SUnreclaim:        38772 kB
KernelStack:       11152 kB
PageTables:        19208 kB
NFS_Unstable:          0 kB
Bounce:                0 kB
WritebackTmp:          0 kB
CommitLimit:     1741820 kB
Committed_AS:   43880452 kB
VmallocTotal:     319488 kB
VmallocUsed:       17984 kB
VmallocChunk:     184332 kB
Time pass: 18 sec

---2015-10-25 15:24:01
MemTotal:        1386500 kB
MemFree:           69676 kB
Buffers:           96328 kB
Cached:           426716 kB
SwapCached:        38280 kB
Active:           538064 kB
Inactive:         456852 kB
Active(anon):     215292 kB
Inactive(anon):   259304 kB
Active(file):     322772 kB
Inactive(file):   197548 kB
Unevictable:        2528 kB
Mlocked:               0 kB
HighTotal:        849920 kB
HighFree:           8712 kB
LowTotal:         536580 kB
LowFree:           60964 kB
SwapTotal:       1048572 kB
SwapFree:         890828 kB
Dirty:                 0 kB
Writeback:             0 kB
AnonPages:        467836 kB
Mapped:           151988 kB
Shmem:               196 kB
Slab:              56164 kB
SReclaimable:      17392 kB
SUnreclaim:        38772 kB
KernelStack:       11152 kB
PageTables:        19208 kB
NFS_Unstable:          0 kB
Bounce:                0 kB
WritebackTmp:          0 kB
CommitLimit:     1741820 kB
Committed_AS:   43880392 kB
VmallocTotal:     319488 kB
VmallocUsed:       17984 kB
VmallocChunk:     184332 kB
Time pass: 21 sec

---2015-10-25 15:24:01
MemTotal:        1386500 kB
MemFree:           69576 kB
Buffers:           96328 kB
Cached:           426716 kB
SwapCached:        38280 kB
Active:           538048 kB
Inactive:         456852 kB
Active(anon):     215276 kB
Inactive(anon):   259304 kB
Active(file):     322772 kB
Inactive(file):   197548 kB
Unevictable:        2528 kB
Mlocked:               0 kB
HighTotal:        849920 kB
HighFree:           8712 kB
LowTotal:         536580 kB
LowFree:           60864 kB
SwapTotal:       1048572 kB
SwapFree:         890828 kB
Dirty:                 0 kB
Writeback:             0 kB
AnonPages:        467840 kB
Mapped:           151988 kB
Shmem:               196 kB
Slab:              56164 kB
SReclaimable:      17392 kB
SUnreclaim:        38772 kB
KernelStack:       11152 kB
PageTables:        19208 kB
NFS_Unstable:          0 kB
Bounce:                0 kB
WritebackTmp:          0 kB
CommitLimit:     1741820 kB
Committed_AS:   43880452 kB
VmallocTotal:     319488 kB
VmallocUsed:       17984 kB
VmallocChunk:     184332 kB
Time pass: 25 sec

---2015-10-25 15:24:01
MemTotal:        1386500 kB
MemFree:           69428 kB
Buffers:           96328 kB
Cached:           426716 kB
SwapCached:        38280 kB
Active:           538020 kB
Inactive:         456852 kB
Active(anon):     215248 kB
Inactive(anon):   259304 kB
Active(file):     322772 kB
Inactive(file):   197548 kB
Unevictable:        2528 kB
Mlocked:               0 kB
HighTotal:        849920 kB
HighFree:           8712 kB
LowTotal:         536580 kB
LowFree:           60716 kB
SwapTotal:       1048572 kB
SwapFree:         890828 kB
Dirty:                 0 kB
Writeback:             0 kB
AnonPages:        467844 kB
Mapped:           151988 kB
Shmem:               196 kB
Slab:              56164 kB
SReclaimable:      17392 kB
SUnreclaim:        38772 kB
KernelStack:       11152 kB
PageTables:        19208 kB
NFS_Unstable:          0 kB
Bounce:                0 kB
WritebackTmp:          0 kB
CommitLimit:     1741820 kB
Committed_AS:   43880444 kB
VmallocTotal:     319488 kB
VmallocUsed:       17984 kB
VmallocChunk:     184332 kB
Time pass: 29 sec

---2015-10-25 15:24:01
MemTotal:        1386500 kB
MemFree:           69452 kB
Buffers:           96328 kB
Cached:           426716 kB
SwapCached:        38280 kB
Active:           538080 kB
Inactive:         456852 kB
Active(anon):     215308 kB
Inactive(anon):   259304 kB
Active(file):     322772 kB
Inactive(file):   197548 kB
Unevictable:        2528 kB
Mlocked:               0 kB
HighTotal:        849920 kB
HighFree:           8712 kB
LowTotal:         536580 kB
LowFree:           60740 kB
SwapTotal:       1048572 kB
SwapFree:         890828 kB
Dirty:                 0 kB
Writeback:             0 kB
AnonPages:        467856 kB
Mapped:           151988 kB
Shmem:               196 kB
Slab:              56164 kB
SReclaimable:      17392 kB
SUnreclaim:        38772 kB
KernelStack:       11152 kB
PageTables:        19208 kB
NFS_Unstable:          0 kB
Bounce:                0 kB
WritebackTmp:          0 kB
CommitLimit:     1741820 kB
Committed_AS:   43880452 kB
VmallocTotal:     319488 kB
VmallocUsed:       17984 kB
VmallocChunk:     184332 kB
Time pass: 32 sec

---2015-10-25 15:24:01
MemTotal:        1386500 kB
MemFree:           69304 kB
Buffers:           96328 kB
Cached:           426716 kB
SwapCached:        38280 kB
Active:           538092 kB
Inactive:         456852 kB
Active(anon):     215320 kB
Inactive(anon):   259304 kB
Active(file):     322772 kB
Inactive(file):   197548 kB
Unevictable:        2528 kB
Mlocked:               0 kB
HighTotal:        849920 kB
HighFree:           8712 kB
LowTotal:         536580 kB
LowFree:           60592 kB
SwapTotal:       1048572 kB
SwapFree:         890828 kB
Dirty:                 0 kB
Writeback:             0 kB
AnonPages:        467856 kB
Mapped:           151988 kB
Shmem:               196 kB
Slab:              56168 kB
SReclaimable:      17392 kB
SUnreclaim:        38776 kB
KernelStack:       11152 kB
PageTables:        19208 kB
NFS_Unstable:          0 kB
Bounce:                0 kB
WritebackTmp:          0 kB
CommitLimit:     1741820 kB
Committed_AS:   43880452 kB
VmallocTotal:     319488 kB
VmallocUsed:       17984 kB
VmallocChunk:     184332 kB
Time pass: 36 sec

---2015-10-25 15:24:01
MemTotal:        1386500 kB
MemFree:           69352 kB
Buffers:           96328 kB
Cached:           426716 kB
SwapCached:        38280 kB
Active:           538076 kB
Inactive:         456852 kB
Active(anon):     215304 kB
Inactive(anon):   259304 kB
Active(file):     322772 kB
Inactive(file):   197548 kB
Unevictable:        2528 kB
Mlocked:               0 kB
HighTotal:        849920 kB
HighFree:           8712 kB
LowTotal:         536580 kB
LowFree:           60640 kB
SwapTotal:       1048572 kB
SwapFree:         890828 kB
Dirty:                 0 kB
Writeback:             0 kB
AnonPages:        467868 kB
Mapped:           151988 kB
Shmem:               196 kB
Slab:              56164 kB
SReclaimable:      17392 kB
SUnreclaim:        38772 kB
KernelStack:       11152 kB
PageTables:        19208 kB
NFS_Unstable:          0 kB
Bounce:                0 kB
WritebackTmp:          0 kB
CommitLimit:     1741820 kB
Committed_AS:   43880376 kB
VmallocTotal:     319488 kB
VmallocUsed:       17984 kB
VmallocChunk:     184332 kB
Time pass: 40 sec

---2015-10-25 15:24:01
MemTotal:        1386500 kB
MemFree:           69228 kB
Buffers:           96328 kB
Cached:           426716 kB
SwapCached:        38280 kB
Active:           538108 kB
Inactive:         456852 kB
Active(anon):     215336 kB
Inactive(anon):   259304 kB
Active(file):     322772 kB
Inactive(file):   197548 kB
Unevictable:        2528 kB
Mlocked:               0 kB
HighTotal:        849920 kB
HighFree:           8712 kB
LowTotal:         536580 kB
LowFree:           60516 kB
SwapTotal:       1048572 kB
SwapFree:         890828 kB
Dirty:                 0 kB
Writeback:             0 kB
AnonPages:        467872 kB
Mapped:           151988 kB
Shmem:               196 kB
Slab:              56164 kB
SReclaimable:      17392 kB
SUnreclaim:        38772 kB
KernelStack:       11152 kB
PageTables:        19208 kB
NFS_Unstable:          0 kB
Bounce:                0 kB
WritebackTmp:          0 kB
CommitLimit:     1741820 kB
Committed_AS:   43880452 kB
VmallocTotal:     319488 kB
VmallocUsed:       17984 kB
VmallocChunk:     184332 kB
Time pass: 43 sec

---2015-10-25 15:24:01
MemTotal:        1386500 kB
MemFree:           69360 kB
Buffers:           96328 kB
Cached:           426716 kB
SwapCached:        38280 kB
Active:           538112 kB
Inactive:         456852 kB
Active(anon):     215340 kB
Inactive(anon):   259304 kB
Active(file):     322772 kB
Inactive(file):   197548 kB
Unevictable:        2528 kB
Mlocked:               0 kB
HighTotal:        849920 kB
HighFree:           8712 kB
LowTotal:         536580 kB
LowFree:           60648 kB
SwapTotal:       1048572 kB
SwapFree:         890828 kB
Dirty:                 0 kB
Writeback:             0 kB
AnonPages:        467904 kB
Mapped:           151988 kB
Shmem:               196 kB
Slab:              56144 kB
SReclaimable:      17392 kB
SUnreclaim:        38752 kB
KernelStack:       11152 kB
PageTables:        19208 kB
NFS_Unstable:          0 kB
Bounce:                0 kB
WritebackTmp:          0 kB
CommitLimit:     1741820 kB
Committed_AS:   43880452 kB
VmallocTotal:     319488 kB
VmallocUsed:       17984 kB
VmallocChunk:     184332 kB
Time pass: 47 sec

---2015-10-25 15:24:01
MemTotal:        1386500 kB
MemFree:           69392 kB
Buffers:           96328 kB
Cached:           426716 kB
SwapCached:        38280 kB
Active:           538096 kB
Inactive:         456852 kB
Active(anon):     215324 kB
Inactive(anon):   259304 kB
Active(file):     322772 kB
Inactive(file):   197548 kB
Unevictable:        2528 kB
Mlocked:               0 kB
HighTotal:        849920 kB
HighFree:           8712 kB
LowTotal:         536580 kB
LowFree:           60680 kB
SwapTotal:       1048572 kB
SwapFree:         890828 kB
Dirty:                 0 kB
Writeback:             0 kB
AnonPages:        467888 kB
Mapped:           151988 kB
Shmem:               196 kB
Slab:              56108 kB
SReclaimable:      17392 kB
SUnreclaim:        38716 kB
KernelStack:       11152 kB
PageTables:        19208 kB
NFS_Unstable:          0 kB
Bounce:                0 kB
WritebackTmp:          0 kB
CommitLimit:     1741820 kB
Committed_AS:   43880384 kB
VmallocTotal:     319488 kB
VmallocUsed:       17984 kB
VmallocChunk:     184332 kB
Time pass: 51 sec

---2015-10-25 15:24:01
MemTotal:        1386500 kB
MemFree:           69168 kB
Buffers:           96328 kB
Cached:           426716 kB
SwapCached:        38280 kB
Active:           538136 kB
Inactive:         456852 kB
Active(anon):     215364 kB
Inactive(anon):   259304 kB
Active(file):     322772 kB
Inactive(file):   197548 kB
Unevictable:        2528 kB
Mlocked:               0 kB
HighTotal:        849920 kB
HighFree:           8712 kB
LowTotal:         536580 kB
LowFree:           60456 kB
SwapTotal:       1048572 kB
SwapFree:         890828 kB
Dirty:                 0 kB
Writeback:             0 kB
AnonPages:        467892 kB
Mapped:           151988 kB
Shmem:               196 kB
Slab:              56100 kB
SReclaimable:      17392 kB
SUnreclaim:        38708 kB
KernelStack:       11152 kB
PageTables:        19208 kB
NFS_Unstable:          0 kB
Bounce:                0 kB
WritebackTmp:          0 kB
CommitLimit:     1741820 kB
Committed_AS:   43880380 kB
VmallocTotal:     319488 kB
VmallocUsed:       17984 kB
VmallocChunk:     184332 kB
Time pass: 54 sec

---2015-10-25 15:24:01
MemTotal:        1386500 kB
MemFree:           69292 kB
Buffers:           96328 kB
Cached:           426716 kB
SwapCached:        38280 kB
Active:           538156 kB
Inactive:         456852 kB
Active(anon):     215384 kB
Inactive(anon):   259304 kB
Active(file):     322772 kB
Inactive(file):   197548 kB
Unevictable:        2528 kB
Mlocked:               0 kB
HighTotal:        849920 kB
HighFree:           8712 kB
LowTotal:         536580 kB
LowFree:           60580 kB
SwapTotal:       1048572 kB
SwapFree:         890828 kB
Dirty:                 0 kB
Writeback:             0 kB
AnonPages:        467920 kB
Mapped:           151988 kB
Shmem:               196 kB
Slab:              56100 kB
SReclaimable:      17392 kB
SUnreclaim:        38708 kB
KernelStack:       11152 kB
PageTables:        19208 kB
NFS_Unstable:          0 kB
Bounce:                0 kB
WritebackTmp:          0 kB
CommitLimit:     1741820 kB
Committed_AS:   43880384 kB
VmallocTotal:     319488 kB
VmallocUsed:       17984 kB
VmallocChunk:     184332 kB
Time pass: 58 sec

---2015-10-25 15:24:01
MemTotal:        1386500 kB
MemFree:           69416 kB
Buffers:           96328 kB
Cached:           426716 kB
SwapCached:        38280 kB
Active:           538160 kB
Inactive:         456852 kB
Active(anon):     215388 kB
Inactive(anon):   259304 kB
Active(file):     322772 kB
Inactive(file):   197548 kB
Unevictable:        2528 kB
Mlocked:               0 kB
HighTotal:        849920 kB
HighFree:           8712 kB
LowTotal:         536580 kB
LowFree:           60704 kB
SwapTotal:       1048572 kB
SwapFree:         890828 kB
Dirty:                 0 kB
Writeback:             0 kB
AnonPages:        467960 kB
Mapped:           151988 kB
Shmem:               196 kB
Slab:              56100 kB
SReclaimable:      17392 kB
SUnreclaim:        38708 kB
KernelStack:       11152 kB
PageTables:        19208 kB
NFS_Unstable:          0 kB
Bounce:                0 kB
WritebackTmp:          0 kB
CommitLimit:     1741820 kB
Committed_AS:   43880380 kB
VmallocTotal:     319488 kB
VmallocUsed:       17984 kB
VmallocChunk:     184332 kB
Time pass: 62 sec

---2015-10-25 15:24:01
MemTotal:        1386500 kB
MemFree:           69292 kB
Buffers:           96328 kB
Cached:           426716 kB
SwapCached:        38280 kB
Active:           538164 kB
Inactive:         456852 kB
Active(anon):     215392 kB
Inactive(anon):   259304 kB
Active(file):     322772 kB
Inactive(file):   197548 kB
Unevictable:        2528 kB
Mlocked:               0 kB
HighTotal:        849920 kB
HighFree:           8712 kB
LowTotal:         536580 kB
LowFree:           60580 kB
SwapTotal:       1048572 kB
SwapFree:         890828 kB
Dirty:                 0 kB
Writeback:             0 kB
AnonPages:        467932 kB
Mapped:           151988 kB
Shmem:               196 kB
Slab:              56100 kB
SReclaimable:      17392 kB
SUnreclaim:        38708 kB
KernelStack:       11152 kB
PageTables:        19208 kB
NFS_Unstable:          0 kB
Bounce:                0 kB
WritebackTmp:          0 kB
CommitLimit:     1741820 kB
Committed_AS:   43880452 kB
VmallocTotal:     319488 kB
VmallocUsed:       17984 kB
VmallocChunk:     184332 kB
Time pass: 66 sec

---2015-10-25 15:24:01
MemTotal:        1386500 kB
MemFree:           69292 kB
Buffers:           96328 kB
Cached:           426716 kB
SwapCached:        38280 kB
Active:           538232 kB
Inactive:         456852 kB
Active(anon):     215460 kB
Inactive(anon):   259304 kB
Active(file):     322772 kB
Inactive(file):   197548 kB
Unevictable:        2528 kB
Mlocked:               0 kB
HighTotal:        849920 kB
HighFree:           8712 kB
LowTotal:         536580 kB
LowFree:           60580 kB
SwapTotal:       1048572 kB
SwapFree:         890828 kB
Dirty:                 0 kB
Writeback:             0 kB
AnonPages:        467936 kB
Mapped:           151988 kB
Shmem:               196 kB
Slab:              56100 kB
SReclaimable:      17392 kB
SUnreclaim:        38708 kB
KernelStack:       11152 kB
PageTables:        19208 kB
NFS_Unstable:          0 kB
Bounce:                0 kB
WritebackTmp:          0 kB
CommitLimit:     1741820 kB
Committed_AS:   43880452 kB
VmallocTotal:     319488 kB
VmallocUsed:       17984 kB
VmallocChunk:     184332 kB
Time pass: 69 sec

---2015-10-25 15:24:01
MemTotal:        1386500 kB
MemFree:           69416 kB
Buffers:           96328 kB
Cached:           426716 kB
SwapCached:        38280 kB
Active:           538112 kB
Inactive:         456852 kB
Active(anon):     215340 kB
Inactive(anon):   259304 kB
Active(file):     322772 kB
Inactive(file):   197548 kB
Unevictable:        2528 kB
Mlocked:               0 kB
HighTotal:        849920 kB
HighFree:           8712 kB
LowTotal:         536580 kB
LowFree:           60704 kB
SwapTotal:       1048572 kB
SwapFree:         890828 kB
Dirty:                 0 kB
Writeback:             0 kB
AnonPages:        467972 kB
Mapped:           151988 kB
Shmem:               196 kB
Slab:              56108 kB
SReclaimable:      17392 kB
SUnreclaim:        38716 kB
KernelStack:       11152 kB
PageTables:        19208 kB
NFS_Unstable:          0 kB
Bounce:                0 kB
WritebackTmp:          0 kB
CommitLimit:     1741820 kB
Committed_AS:   43880388 kB
VmallocTotal:     319488 kB
VmallocUsed:       17984 kB
VmallocChunk:     184332 kB
Time pass: 73 sec

---2015-10-25 15:24:01
MemTotal:        1386500 kB
MemFree:           69228 kB
Buffers:           96328 kB
Cached:           426716 kB
SwapCached:        38280 kB
Active:           538184 kB
Inactive:         456852 kB
Active(anon):     215412 kB
Inactive(anon):   259304 kB
Active(file):     322772 kB
Inactive(file):   197548 kB
Unevictable:        2528 kB
Mlocked:               0 kB
HighTotal:        849920 kB
HighFree:           8712 kB
LowTotal:         536580 kB
LowFree:           60516 kB
SwapTotal:       1048572 kB
SwapFree:         890828 kB
Dirty:                 0 kB
Writeback:             0 kB
AnonPages:        467944 kB
Mapped:           151988 kB
Shmem:               196 kB
Slab:              56164 kB
SReclaimable:      17392 kB
SUnreclaim:        38772 kB
KernelStack:       11152 kB
PageTables:        19208 kB
NFS_Unstable:          0 kB
Bounce:                0 kB
WritebackTmp:          0 kB
CommitLimit:     1741820 kB
Committed_AS:   43880384 kB
VmallocTotal:     319488 kB
VmallocUsed:       17984 kB
VmallocChunk:     184332 kB
Time pass: 76 sec

---2015-10-25 15:24:01
MemTotal:        1386500 kB
MemFree:           69104 kB
Buffers:           96328 kB
Cached:           426716 kB
SwapCached:        38280 kB
Active:           538188 kB
Inactive:         456852 kB
Active(anon):     215416 kB
Inactive(anon):   259304 kB
Active(file):     322772 kB
Inactive(file):   197548 kB
Unevictable:        2528 kB
Mlocked:               0 kB
HighTotal:        849920 kB
HighFree:           8712 kB
LowTotal:         536580 kB
LowFree:           60392 kB
SwapTotal:       1048572 kB
SwapFree:         890828 kB
Dirty:                 0 kB
Writeback:             0 kB
AnonPages:        467952 kB
Mapped:           151988 kB
Shmem:               196 kB
Slab:              56164 kB
SReclaimable:      17392 kB
SUnreclaim:        38772 kB
KernelStack:       11152 kB
PageTables:        19208 kB
NFS_Unstable:          0 kB
Bounce:                0 kB
WritebackTmp:          0 kB
CommitLimit:     1741820 kB
Committed_AS:   43880384 kB
VmallocTotal:     319488 kB
VmallocUsed:       17984 kB
VmallocChunk:     184332 kB
Time pass: 80 sec

---2015-10-25 15:24:01
MemTotal:        1386500 kB
MemFree:           69480 kB
Buffers:           96328 kB
Cached:           426716 kB
SwapCached:        38280 kB
Active:           538120 kB
Inactive:         456852 kB
Active(anon):     215348 kB
Inactive(anon):   259304 kB
Active(file):     322772 kB
Inactive(file):   197548 kB
Unevictable:        2528 kB
Mlocked:               0 kB
HighTotal:        849920 kB
HighFree:           8712 kB
LowTotal:         536580 kB
LowFree:           60768 kB
SwapTotal:       1048572 kB
SwapFree:         890828 kB
Dirty:                 0 kB
Writeback:             0 kB
AnonPages:        467992 kB
Mapped:           151968 kB
Shmem:               196 kB
Slab:              56164 kB
SReclaimable:      17392 kB
SUnreclaim:        38772 kB
KernelStack:       11152 kB
PageTables:        19220 kB
NFS_Unstable:          0 kB
Bounce:                0 kB
WritebackTmp:          0 kB
CommitLimit:     1741820 kB
Committed_AS:   43880308 kB
VmallocTotal:     319488 kB
VmallocUsed:       17984 kB
VmallocChunk:     184332 kB
Time pass: 84 sec

---2015-10-25 15:24:01
MemTotal:        1386500 kB
MemFree:           68856 kB
Buffers:           96328 kB
Cached:           426716 kB
SwapCached:        38280 kB
Active:           538224 kB
Inactive:         456852 kB
Active(anon):     215452 kB
Inactive(anon):   259304 kB
Active(file):     322772 kB
Inactive(file):   197548 kB
Unevictable:        2528 kB
Mlocked:               0 kB
HighTotal:        849920 kB
HighFree:           8712 kB
LowTotal:         536580 kB
LowFree:           60144 kB
SwapTotal:       1048572 kB
SwapFree:         890828 kB
Dirty:                 0 kB
Writeback:             0 kB
AnonPages:        467972 kB
Mapped:           151988 kB
Shmem:               196 kB
Slab:              56164 kB
SReclaimable:      17392 kB
SUnreclaim:        38772 kB
KernelStack:       11160 kB
PageTables:        19208 kB
NFS_Unstable:          0 kB
Bounce:                0 kB
WritebackTmp:          0 kB
CommitLimit:     1741820 kB
Committed_AS:   43880408 kB
VmallocTotal:     319488 kB
VmallocUsed:       17984 kB
VmallocChunk:     184332 kB
Time pass: 87 sec

---2015-10-25 15:24:01
MemTotal:        1386500 kB
MemFree:           63356 kB
Buffers:           96336 kB
Cached:           426720 kB
SwapCached:        38280 kB
Active:           543232 kB
Inactive:         456848 kB
Active(anon):     220448 kB
Inactive(anon):   259304 kB
Active(file):     322784 kB
Inactive(file):   197544 kB
Unevictable:        2528 kB
Mlocked:               0 kB
HighTotal:        849920 kB
HighFree:           7940 kB
LowTotal:         536580 kB
LowFree:           55416 kB
SwapTotal:       1048572 kB
SwapFree:         890828 kB
Dirty:                80 kB
Writeback:             0 kB
AnonPages:        473068 kB
Mapped:           162956 kB
Shmem:               200 kB
Slab:              56164 kB
SReclaimable:      17392 kB
SUnreclaim:        38772 kB
KernelStack:       11296 kB
PageTables:        19760 kB
NFS_Unstable:          0 kB
Bounce:                0 kB
WritebackTmp:          0 kB
CommitLimit:     1741820 kB
Committed_AS:   45509952 kB
VmallocTotal:     319488 kB
VmallocUsed:       20012 kB
VmallocChunk:     184332 kB
Time pass: 91 sec

---2015-10-25 15:24:01
MemTotal:        1386500 kB
MemFree:           63204 kB
Buffers:           96340 kB
Cached:           421740 kB
SwapCached:        39212 kB
Active:           553328 kB
Inactive:         457408 kB
Active(anon):     239728 kB
Inactive(anon):   255784 kB
Active(file):     313600 kB
Inactive(file):   201624 kB
Unevictable:        2528 kB
Mlocked:               0 kB
HighTotal:        849920 kB
HighFree:           9828 kB
LowTotal:         536580 kB
LowFree:           53376 kB
SwapTotal:       1048572 kB
SwapFree:         887868 kB
Dirty:              1004 kB
Writeback:             0 kB
AnonPages:        487984 kB
Mapped:           176468 kB
Shmem:               328 kB
Slab:              56184 kB
SReclaimable:      17400 kB
SUnreclaim:        38784 kB
KernelStack:       11664 kB
PageTables:        20068 kB
NFS_Unstable:          0 kB
Bounce:                0 kB
WritebackTmp:          0 kB
CommitLimit:     1741820 kB
Committed_AS:   45535144 kB
VmallocTotal:     319488 kB
VmallocUsed:       20224 kB
VmallocChunk:     184332 kB
Time pass: 95 sec

---2015-10-25 15:24:01
MemTotal:        1386500 kB
MemFree:           45576 kB
Buffers:           96340 kB
Cached:           419076 kB
SwapCached:        39232 kB
Active:           555696 kB
Inactive:         460464 kB
Active(anon):     246080 kB
Inactive(anon):   257524 kB
Active(file):     309616 kB
Inactive(file):   202940 kB
Unevictable:        2528 kB
Mlocked:               0 kB
HighTotal:        849920 kB
HighFree:           9948 kB
LowTotal:         536580 kB
LowFree:           35628 kB
SwapTotal:       1048572 kB
SwapFree:         885740 kB
Dirty:               608 kB
Writeback:             0 kB
AnonPages:        495868 kB
Mapped:           180136 kB
Shmem:               332 kB
Slab:              56128 kB
SReclaimable:      17256 kB
SUnreclaim:        38872 kB
KernelStack:       11736 kB
PageTables:        20148 kB
NFS_Unstable:          0 kB
Bounce:                0 kB
WritebackTmp:          0 kB
CommitLimit:     1741820 kB
Committed_AS:   45549244 kB
VmallocTotal:     319488 kB
VmallocUsed:       20236 kB
VmallocChunk:     184332 kB
Time pass: 99 sec

---2015-10-25 15:24:01
MemTotal:        1386500 kB
MemFree:           38348 kB
Buffers:           95012 kB
Cached:           409612 kB
SwapCached:        39232 kB
Active:           545220 kB
Inactive:         460928 kB
Active(anon):     252140 kB
Inactive(anon):   252276 kB
Active(file):     293080 kB
Inactive(file):   208652 kB
Unevictable:        2528 kB
Mlocked:               0 kB
HighTotal:        849920 kB
HighFree:           9676 kB
LowTotal:         536580 kB
LowFree:           28672 kB
SwapTotal:       1048572 kB
SwapFree:         884660 kB
Dirty:              2780 kB
Writeback:             0 kB
AnonPages:        496784 kB
Mapped:           186280 kB
Shmem:               332 kB
Slab:              55948 kB
SReclaimable:      17256 kB
SUnreclaim:        38692 kB
KernelStack:       11736 kB
PageTables:        20200 kB
NFS_Unstable:          0 kB
Bounce:                0 kB
WritebackTmp:          0 kB
CommitLimit:     1741820 kB
Committed_AS:   45551200 kB
VmallocTotal:     319488 kB
VmallocUsed:       20268 kB
VmallocChunk:     184332 kB
Time pass: 102 sec

---2015-10-25 15:24:01
MemTotal:        1386500 kB
MemFree:           38776 kB
Buffers:           93968 kB
Cached:           407064 kB
SwapCached:        39232 kB
Active:           539584 kB
Inactive:         463168 kB
Active(anon):     251308 kB
Inactive(anon):   253272 kB
Active(file):     288276 kB
Inactive(file):   209896 kB
Unevictable:        2528 kB
Mlocked:               0 kB
HighTotal:        849920 kB
HighFree:          10360 kB
LowTotal:         536580 kB
LowFree:           28416 kB
SwapTotal:       1048572 kB
SwapFree:         884620 kB
Dirty:                 0 kB
Writeback:             0 kB
AnonPages:        496780 kB
Mapped:           188048 kB
Shmem:               332 kB
Slab:              55988 kB
SReclaimable:      17260 kB
SUnreclaim:        38728 kB
KernelStack:       11736 kB
PageTables:        20208 kB
NFS_Unstable:          0 kB
Bounce:                0 kB
WritebackTmp:          0 kB
CommitLimit:     1741820 kB
Committed_AS:   45551136 kB
VmallocTotal:     319488 kB
VmallocUsed:       20280 kB
VmallocChunk:     184332 kB
Time pass: 106 sec

---2015-10-25 15:24:01
MemTotal:        1386500 kB
MemFree:           38700 kB
Buffers:           93968 kB
Cached:           407064 kB
SwapCached:        39232 kB
Active:           539620 kB
Inactive:         463164 kB
Active(anon):     251344 kB
Inactive(anon):   253268 kB
Active(file):     288276 kB
Inactive(file):   209896 kB
Unevictable:        2528 kB
Mlocked:               0 kB
HighTotal:        849920 kB
HighFree:          10284 kB
LowTotal:         536580 kB
LowFree:           28416 kB
SwapTotal:       1048572 kB
SwapFree:         884620 kB
Dirty:                84 kB
Writeback:             0 kB
AnonPages:        496836 kB
Mapped:           188048 kB
Shmem:               332 kB
Slab:              56052 kB
SReclaimable:      17260 kB
SUnreclaim:        38792 kB
KernelStack:       11736 kB
PageTables:        20208 kB
NFS_Unstable:          0 kB
Bounce:                0 kB
WritebackTmp:          0 kB
CommitLimit:     1741820 kB
Committed_AS:   45551260 kB
VmallocTotal:     319488 kB
VmallocUsed:       20280 kB
VmallocChunk:     184332 kB
Time pass: 110 sec

---2015-10-25 15:24:01
MemTotal:        1386500 kB
MemFree:           40044 kB
Buffers:           92596 kB
Cached:           399980 kB
SwapCached:        39232 kB
Active:           531052 kB
Inactive:         465216 kB
Active(anon):     252836 kB
Inactive(anon):   253884 kB
Active(file):     278216 kB
Inactive(file):   211332 kB
Unevictable:        2528 kB
Mlocked:               0 kB
HighTotal:        849920 kB
HighFree:           8916 kB
LowTotal:         536580 kB
LowFree:           31128 kB
SwapTotal:       1048572 kB
SwapFree:         884540 kB
Dirty:               636 kB
Writeback:             0 kB
AnonPages:        499084 kB
Mapped:           189340 kB
Shmem:               332 kB
Slab:              55924 kB
SReclaimable:      17260 kB
SUnreclaim:        38664 kB
KernelStack:       11744 kB
PageTables:        20212 kB
NFS_Unstable:          0 kB
Bounce:                0 kB
WritebackTmp:          0 kB
CommitLimit:     1741820 kB
Committed_AS:   45552840 kB
VmallocTotal:     319488 kB
VmallocUsed:       20280 kB
VmallocChunk:     184332 kB
Time pass: 113 sec

---2015-10-25 15:24:01
MemTotal:        1386500 kB
MemFree:           40080 kB
Buffers:           92596 kB
Cached:           399828 kB
SwapCached:        39232 kB
Active:           531172 kB
Inactive:         465112 kB
Active(anon):     252984 kB
Inactive(anon):   253736 kB
Active(file):     278188 kB
Inactive(file):   211376 kB
Unevictable:        2528 kB
Mlocked:               0 kB
HighTotal:        849920 kB
HighFree:           9164 kB
LowTotal:         536580 kB
LowFree:           30916 kB
SwapTotal:       1048572 kB
SwapFree:         884540 kB
Dirty:                 0 kB
Writeback:             0 kB
AnonPages:        498928 kB
Mapped:           189408 kB
Shmem:               332 kB
Slab:              55920 kB
SReclaimable:      17260 kB
SUnreclaim:        38660 kB
KernelStack:       11744 kB
PageTables:        20224 kB
NFS_Unstable:          0 kB
Bounce:                0 kB
WritebackTmp:          0 kB
CommitLimit:     1741820 kB
Committed_AS:   45552840 kB
VmallocTotal:     319488 kB
VmallocUsed:       20280 kB
VmallocChunk:     184332 kB
Time pass: 117 sec

---2015-10-25 15:24:01
MemTotal:        1386500 kB
MemFree:           40268 kB
Buffers:           92600 kB
Cached:           399828 kB
SwapCached:        39232 kB
Active:           531124 kB
Inactive:         465112 kB
Active(anon):     252936 kB
Inactive(anon):   253736 kB
Active(file):     278188 kB
Inactive(file):   211376 kB
Unevictable:        2528 kB
Mlocked:               0 kB
HighTotal:        849920 kB
HighFree:           9288 kB
LowTotal:         536580 kB
LowFree:           30980 kB
SwapTotal:       1048572 kB
SwapFree:         884540 kB
Dirty:                72 kB
Writeback:             0 kB
AnonPages:        499004 kB
Mapped:           189364 kB
Shmem:               332 kB
Slab:              55920 kB
SReclaimable:      17260 kB
SUnreclaim:        38660 kB
KernelStack:       11736 kB
PageTables:        20204 kB
NFS_Unstable:          0 kB
Bounce:                0 kB
WritebackTmp:          0 kB
CommitLimit:     1741820 kB
Committed_AS:   45552764 kB
VmallocTotal:     319488 kB
VmallocUsed:       20280 kB
VmallocChunk:     184332 kB
Time pass: 121 sec

---2015-10-25 15:24:01
MemTotal:        1386500 kB
MemFree:           43168 kB
Buffers:           91440 kB
Cached:           387860 kB
SwapCached:        39232 kB
Active:           521788 kB
Inactive:         465728 kB
Active(anon):     255232 kB
Inactive(anon):   255844 kB
Active(file):     266556 kB
Inactive(file):   209884 kB
Unevictable:        2528 kB
Mlocked:               0 kB
HighTotal:        849920 kB
HighFree:          11868 kB
LowTotal:         536580 kB
LowFree:           31300 kB
SwapTotal:       1048572 kB
SwapFree:         884400 kB
Dirty:               508 kB
Writeback:             0 kB
AnonPages:        503400 kB
Mapped:           188056 kB
Shmem:               332 kB
Slab:              55928 kB
SReclaimable:      17140 kB
SUnreclaim:        38788 kB
KernelStack:       11752 kB
PageTables:        20244 kB
NFS_Unstable:          0 kB
Bounce:                0 kB
WritebackTmp:          0 kB
CommitLimit:     1741820 kB
Committed_AS:   45557124 kB
VmallocTotal:     319488 kB
VmallocUsed:       20304 kB
VmallocChunk:     184332 kB
Time pass: 124 sec

---2015-10-25 15:24:01
MemTotal:        1386500 kB
MemFree:           42964 kB
Buffers:           91440 kB
Cached:           387864 kB
SwapCached:        39232 kB
Active:           522116 kB
Inactive:         465672 kB
Active(anon):     255536 kB
Inactive(anon):   255808 kB
Active(file):     266580 kB
Inactive(file):   209864 kB
Unevictable:        2528 kB
Mlocked:               0 kB
HighTotal:        849920 kB
HighFree:          11840 kB
LowTotal:         536580 kB
LowFree:           31124 kB
SwapTotal:       1048572 kB
SwapFree:         884400 kB
Dirty:               120 kB
Writeback:            32 kB
AnonPages:        503604 kB
Mapped:           188548 kB
Shmem:               332 kB
Slab:              55956 kB
SReclaimable:      17140 kB
SUnreclaim:        38816 kB
KernelStack:       11752 kB
PageTables:        20248 kB
NFS_Unstable:          0 kB
Bounce:                0 kB
WritebackTmp:          0 kB
CommitLimit:     1741820 kB
Committed_AS:   45557160 kB
VmallocTotal:     319488 kB
VmallocUsed:       20304 kB
VmallocChunk:     184332 kB
Time pass: 128 sec

---2015-10-25 15:24:01
MemTotal:        1386500 kB
MemFree:           42584 kB
Buffers:           91448 kB
Cached:           387864 kB
SwapCached:        39232 kB
Active:           522184 kB
Inactive:         465672 kB
Active(anon):     255604 kB
Inactive(anon):   255808 kB
Active(file):     266580 kB
Inactive(file):   209864 kB
Unevictable:        2528 kB
Mlocked:               0 kB
HighTotal:        849920 kB
HighFree:          11444 kB
LowTotal:         536580 kB
LowFree:           31140 kB
SwapTotal:       1048572 kB
SwapFree:         884400 kB
Dirty:                60 kB
Writeback:             0 kB
AnonPages:        503652 kB
Mapped:           188548 kB
Shmem:               332 kB
Slab:              56052 kB
SReclaimable:      17140 kB
SUnreclaim:        38912 kB
KernelStack:       11752 kB
PageTables:        20248 kB
NFS_Unstable:          0 kB
Bounce:                0 kB
WritebackTmp:          0 kB
CommitLimit:     1741820 kB
Committed_AS:   45557148 kB
VmallocTotal:     319488 kB
VmallocUsed:       20304 kB
VmallocChunk:     184332 kB
Time pass: 132 sec

---2015-10-25 15:24:01
MemTotal:        1386500 kB
MemFree:           42148 kB
Buffers:           91448 kB
Cached:           387868 kB
SwapCached:        39232 kB
Active:           522708 kB
Inactive:         465680 kB
Active(anon):     256124 kB
Inactive(anon):   255808 kB
Active(file):     266584 kB
Inactive(file):   209872 kB
Unevictable:        2528 kB
Mlocked:               0 kB
HighTotal:        849920 kB
HighFree:          11072 kB
LowTotal:         536580 kB
LowFree:           31076 kB
SwapTotal:       1048572 kB
SwapFree:         884400 kB
Dirty:                68 kB
Writeback:             0 kB
AnonPages:        504348 kB
Mapped:           190840 kB
Shmem:               332 kB
Slab:              56024 kB
SReclaimable:      17140 kB
SUnreclaim:        38884 kB
KernelStack:       11768 kB
PageTables:        20260 kB
NFS_Unstable:          0 kB
Bounce:                0 kB
WritebackTmp:          0 kB
CommitLimit:     1741820 kB
Committed_AS:   45564844 kB
VmallocTotal:     319488 kB
VmallocUsed:       20304 kB
VmallocChunk:     184332 kB
Time pass: 135 sec

---2015-10-25 15:24:01
MemTotal:        1386500 kB
MemFree:           42792 kB
Buffers:           88172 kB
Cached:           374704 kB
SwapCached:        38452 kB
Active:           518708 kB
Inactive:         466112 kB
Active(anon):     262552 kB
Inactive(anon):   262392 kB
Active(file):     256156 kB
Inactive(file):   203720 kB
Unevictable:        2528 kB
Mlocked:               0 kB
HighTotal:        849920 kB
HighFree:           9956 kB
LowTotal:         536580 kB
LowFree:           32836 kB
SwapTotal:       1048572 kB
SwapFree:         883764 kB
Dirty:                72 kB
Writeback:             0 kB
AnonPages:        517968 kB
Mapped:           189936 kB
Shmem:               472 kB
Slab:              56132 kB
SReclaimable:      17120 kB
SUnreclaim:        39012 kB
KernelStack:       11952 kB
PageTables:        20416 kB
NFS_Unstable:          0 kB
Bounce:                0 kB
WritebackTmp:          0 kB
CommitLimit:     1741820 kB
Committed_AS:   45589520 kB
VmallocTotal:     319488 kB
VmallocUsed:       22712 kB
VmallocChunk:     176792 kB
Time pass: 139 sec

---2015-10-25 15:24:01
MemTotal:        1386500 kB
MemFree:           46512 kB
Buffers:           79052 kB
Cached:           364248 kB
SwapCached:        38128 kB
Active:           500084 kB
Inactive:         464592 kB
Active(anon):     262100 kB
Inactive(anon):   262368 kB
Active(file):     237984 kB
Inactive(file):   202224 kB
Unevictable:        2528 kB
Mlocked:               0 kB
HighTotal:        849920 kB
HighFree:          10192 kB
LowTotal:         536580 kB
LowFree:           36320 kB
SwapTotal:       1048572 kB
SwapFree:         878736 kB
Dirty:                56 kB
Writeback:             0 kB
AnonPages:        517708 kB
Mapped:           188520 kB
Shmem:               548 kB
Slab:              56164 kB
SReclaimable:      17120 kB
SUnreclaim:        39044 kB
KernelStack:       11944 kB
PageTables:        20504 kB
NFS_Unstable:          0 kB
Bounce:                0 kB
WritebackTmp:          0 kB
CommitLimit:     1741820 kB
Committed_AS:   45593380 kB
VmallocTotal:     319488 kB
VmallocUsed:       22712 kB
VmallocChunk:     176792 kB
Time pass: 143 sec

---2015-10-25 15:24:01
MemTotal:        1386500 kB
MemFree:           46832 kB
Buffers:           78992 kB
Cached:           364344 kB
SwapCached:        38124 kB
Active:           500504 kB
Inactive:         464404 kB
Active(anon):     262500 kB
Inactive(anon):   262252 kB
Active(file):     238004 kB
Inactive(file):   202152 kB
Unevictable:        2528 kB
Mlocked:               0 kB
HighTotal:        849920 kB
HighFree:          10572 kB
LowTotal:         536580 kB
LowFree:           36260 kB
SwapTotal:       1048572 kB
SwapFree:         878624 kB
Dirty:                 0 kB
Writeback:             0 kB
AnonPages:        517868 kB
Mapped:           188584 kB
Shmem:               652 kB
Slab:              56104 kB
SReclaimable:      17120 kB
SUnreclaim:        38984 kB
KernelStack:       11936 kB
PageTables:        20536 kB
NFS_Unstable:          0 kB
Bounce:                0 kB
WritebackTmp:          0 kB
CommitLimit:     1741820 kB
Committed_AS:   45593432 kB
VmallocTotal:     319488 kB
VmallocUsed:       22712 kB
VmallocChunk:     176792 kB
Time pass: 147 sec

---2015-10-25 15:24:01
MemTotal:        1386500 kB
MemFree:           45756 kB
Buffers:           79008 kB
Cached:           364532 kB
SwapCached:        38124 kB
Active:           501356 kB
Inactive:         464552 kB
Active(anon):     263352 kB
Inactive(anon):   262392 kB
Active(file):     238004 kB
Inactive(file):   202160 kB
Unevictable:        2528 kB
Mlocked:               0 kB
HighTotal:        849920 kB
HighFree:           9024 kB
LowTotal:         536580 kB
LowFree:           36732 kB
SwapTotal:       1048572 kB
SwapFree:         878624 kB
Dirty:                36 kB
Writeback:             0 kB
AnonPages:        518780 kB
Mapped:           188816 kB
Shmem:               840 kB
Slab:              56076 kB
SReclaimable:      17120 kB
SUnreclaim:        38956 kB
KernelStack:       11976 kB
PageTables:        20556 kB
NFS_Unstable:          0 kB
Bounce:                0 kB
WritebackTmp:          0 kB
CommitLimit:     1741820 kB
Committed_AS:   45593896 kB
VmallocTotal:     319488 kB
VmallocUsed:       22712 kB
VmallocChunk:     176792 kB
Time pass: 150 sec

---2015-10-25 15:24:01
MemTotal:        1386500 kB
MemFree:           46712 kB
Buffers:           78016 kB
Cached:           364304 kB
SwapCached:        38124 kB
Active:           502616 kB
Inactive:         461964 kB
Active(anon):     261828 kB
Inactive(anon):   263744 kB
Active(file):     240788 kB
Inactive(file):   198220 kB
Unevictable:        2528 kB
Mlocked:               0 kB
HighTotal:        849920 kB
HighFree:          10120 kB
LowTotal:         536580 kB
LowFree:           36592 kB
SwapTotal:       1048572 kB
SwapFree:         877080 kB
Dirty:                 4 kB
Writeback:             0 kB
AnonPages:        518084 kB
Mapped:           188784 kB
Shmem:               800 kB
Slab:              56140 kB
SReclaimable:      17120 kB
SUnreclaim:        39020 kB
KernelStack:       11992 kB
PageTables:        20596 kB
NFS_Unstable:          0 kB
Bounce:                0 kB
WritebackTmp:          0 kB
CommitLimit:     1741820 kB
Committed_AS:   45595948 kB
VmallocTotal:     319488 kB
VmallocUsed:       22712 kB
VmallocChunk:     176792 kB
Time pass: 154 sec

---2015-10-25 15:24:01
MemTotal:        1386500 kB
MemFree:           52288 kB
Buffers:           67816 kB
Cached:           354208 kB
SwapCached:        38560 kB
Active:           501340 kB
Inactive:         462548 kB
Active(anon):     270072 kB
Inactive(anon):   274652 kB
Active(file):     231268 kB
Inactive(file):   187896 kB
Unevictable:        2528 kB
Mlocked:               0 kB
HighTotal:        849920 kB
HighFree:           8804 kB
LowTotal:         536580 kB
LowFree:           43484 kB
SwapTotal:       1048572 kB
SwapFree:         871304 kB
Dirty:               120 kB
Writeback:             0 kB
AnonPages:        537812 kB
Mapped:           189780 kB
Shmem:               332 kB
Slab:              56512 kB
SReclaimable:      17112 kB
SUnreclaim:        39400 kB
KernelStack:       12200 kB
PageTables:        21748 kB
NFS_Unstable:          0 kB
Bounce:                0 kB
WritebackTmp:          0 kB
CommitLimit:     1741820 kB
Committed_AS:   53397516 kB
VmallocTotal:     319488 kB
VmallocUsed:       20304 kB
VmallocChunk:     184332 kB
Time pass: 158 sec

---2015-10-25 15:24:01
MemTotal:        1386500 kB
MemFree:          200984 kB
Buffers:           67228 kB
Cached:           353924 kB
SwapCached:        38604 kB
Active:           422568 kB
Inactive:         462232 kB
Active(anon):     189700 kB
Inactive(anon):   276672 kB
Active(file):     232868 kB
Inactive(file):   185560 kB
Unevictable:        2528 kB
Mlocked:               0 kB
HighTotal:        849920 kB
HighFree:          72144 kB
LowTotal:         536580 kB
LowFree:          128840 kB
SwapTotal:       1048572 kB
SwapFree:         870884 kB
Dirty:                12 kB
Writeback:             0 kB
AnonPages:        459456 kB
Mapped:           147056 kB
Shmem:               196 kB
Slab:              56588 kB
SReclaimable:      17080 kB
SUnreclaim:        39508 kB
KernelStack:       11384 kB
PageTables:        19972 kB
NFS_Unstable:          0 kB
Bounce:                0 kB
WritebackTmp:          0 kB
CommitLimit:     1741820 kB
Committed_AS:   46487876 kB
VmallocTotal:     319488 kB
VmallocUsed:       20024 kB
VmallocChunk:     184332 kB
Time pass: 162 sec

---2015-10-25 15:24:01
MemTotal:        1386500 kB
MemFree:          205728 kB
Buffers:           67232 kB
Cached:           353924 kB
SwapCached:        38620 kB
Active:           417620 kB
Inactive:         461988 kB
Active(anon):     184740 kB
Inactive(anon):   276436 kB
Active(file):     232880 kB
Inactive(file):   185552 kB
Unevictable:        2528 kB
Mlocked:               0 kB
HighTotal:        849920 kB
HighFree:          76564 kB
LowTotal:         536580 kB
LowFree:          129164 kB
SwapTotal:       1048572 kB
SwapFree:         870884 kB
Dirty:                20 kB
Writeback:             0 kB
AnonPages:        453984 kB
Mapped:           145684 kB
Shmem:               196 kB
Slab:              56524 kB
SReclaimable:      17080 kB
SUnreclaim:        39444 kB
KernelStack:       11576 kB
PageTables:        20052 kB
NFS_Unstable:          0 kB
Bounce:                0 kB
WritebackTmp:          0 kB
CommitLimit:     1741820 kB
Committed_AS:   45484244 kB
VmallocTotal:     319488 kB
VmallocUsed:       19004 kB
VmallocChunk:     184332 kB
Time pass: 165 sec

---2015-10-25 15:24:01
MemTotal:        1386500 kB
MemFree:          206248 kB
Buffers:           67236 kB
Cached:           353924 kB
SwapCached:        38620 kB
Active:           417540 kB
Inactive:         461988 kB
Active(anon):     184660 kB
Inactive(anon):   276436 kB
Active(file):     232880 kB
Inactive(file):   185552 kB
Unevictable:        2528 kB
Mlocked:               0 kB
HighTotal:        849920 kB
HighFree:          76956 kB
LowTotal:         536580 kB
LowFree:          129292 kB
SwapTotal:       1048572 kB
SwapFree:         870884 kB
Dirty:                12 kB
Writeback:             0 kB
AnonPages:        453932 kB
Mapped:           145612 kB
Shmem:               196 kB
Slab:              56480 kB
SReclaimable:      17080 kB
SUnreclaim:        39400 kB
KernelStack:       11352 kB
PageTables:        19776 kB
NFS_Unstable:          0 kB
Bounce:                0 kB
WritebackTmp:          0 kB
CommitLimit:     1741820 kB
Committed_AS:   45484152 kB
VmallocTotal:     319488 kB
VmallocUsed:       19004 kB
VmallocChunk:     184332 kB
Time pass: 169 sec

---2015-10-25 15:24:01
MemTotal:        1386500 kB
MemFree:          206348 kB
Buffers:           67236 kB
Cached:           353924 kB
SwapCached:        38620 kB
Active:           417584 kB
Inactive:         461988 kB
Active(anon):     184700 kB
Inactive(anon):   276436 kB
Active(file):     232884 kB
Inactive(file):   185552 kB
Unevictable:        2528 kB
Mlocked:               0 kB
HighTotal:        849920 kB
HighFree:          76932 kB
LowTotal:         536580 kB
LowFree:          129416 kB
SwapTotal:       1048572 kB
SwapFree:         870884 kB
Dirty:                12 kB
Writeback:             0 kB
AnonPages:        454000 kB
Mapped:           145612 kB
Shmem:               196 kB
Slab:              56480 kB
SReclaimable:      17080 kB
SUnreclaim:        39400 kB
KernelStack:       11352 kB
PageTables:        19776 kB
NFS_Unstable:          0 kB
Bounce:                0 kB
WritebackTmp:          0 kB
CommitLimit:     1741820 kB
Committed_AS:   45484084 kB
VmallocTotal:     319488 kB
VmallocUsed:       19004 kB
VmallocChunk:     184332 kB
Time pass: 173 sec

---2015-10-25 15:24:01
MemTotal:        1386500 kB
MemFree:          206500 kB
Buffers:           67236 kB
Cached:           353924 kB
SwapCached:        38620 kB
Active:           417644 kB
Inactive:         461988 kB
Active(anon):     184760 kB
Inactive(anon):   276436 kB
Active(file):     232884 kB
Inactive(file):   185552 kB
Unevictable:        2528 kB
Mlocked:               0 kB
HighTotal:        849920 kB
HighFree:          77020 kB
LowTotal:         536580 kB
LowFree:          129480 kB
SwapTotal:       1048572 kB
SwapFree:         870884 kB
Dirty:                 0 kB
Writeback:             0 kB
AnonPages:        454044 kB
Mapped:           145604 kB
Shmem:               196 kB
Slab:              56416 kB
SReclaimable:      17080 kB
SUnreclaim:        39336 kB
KernelStack:       11352 kB
PageTables:        19776 kB
NFS_Unstable:          0 kB
Bounce:                0 kB
WritebackTmp:          0 kB
CommitLimit:     1741820 kB
Committed_AS:   45484148 kB
VmallocTotal:     319488 kB
VmallocUsed:       19004 kB
VmallocChunk:     184332 kB
Time pass: 177 sec

---2015-10-25 15:24:01
MemTotal:        1386500 kB
MemFree:          205744 kB
Buffers:           67236 kB
Cached:           353924 kB
SwapCached:        38620 kB
Active:           419504 kB
Inactive:         461988 kB
Active(anon):     186620 kB
Inactive(anon):   276436 kB
Active(file):     232884 kB
Inactive(file):   185552 kB
Unevictable:        2528 kB
Mlocked:               0 kB
HighTotal:        849920 kB
HighFree:          76304 kB
LowTotal:         536580 kB
LowFree:          129440 kB
SwapTotal:       1048572 kB
SwapFree:         870884 kB
Dirty:                 0 kB
Writeback:             0 kB
AnonPages:        456032 kB
Mapped:           145764 kB
Shmem:               196 kB
Slab:              56384 kB
SReclaimable:      17080 kB
SUnreclaim:        39304 kB
KernelStack:       11368 kB
PageTables:        19800 kB
NFS_Unstable:          0 kB
Bounce:                0 kB
WritebackTmp:          0 kB
CommitLimit:     1741820 kB
Committed_AS:   46483724 kB
VmallocTotal:     319488 kB
VmallocUsed:       19004 kB
VmallocChunk:     184332 kB
Time pass: 180 sec

---2015-10-25 15:24:01
MemTotal:        1386500 kB
MemFree:          168716 kB
Buffers:           67312 kB
Cached:           354340 kB
SwapCached:        38876 kB
Active:           437976 kB
Inactive:         461928 kB
Active(anon):     204280 kB
Inactive(anon):   276828 kB
Active(file):     233696 kB
Inactive(file):   185100 kB
Unevictable:        2528 kB
Mlocked:               0 kB
HighTotal:        849920 kB
HighFree:          47196 kB
LowTotal:         536580 kB
LowFree:          121520 kB
SwapTotal:       1048572 kB
SwapFree:         870888 kB
Dirty:               860 kB
Writeback:             0 kB
AnonPages:        473632 kB
Mapped:           168284 kB
Shmem:               328 kB
Slab:              56360 kB
SReclaimable:      17096 kB
SUnreclaim:        39264 kB
KernelStack:       11768 kB
PageTables:        20376 kB
NFS_Unstable:          0 kB
Bounce:                0 kB
WritebackTmp:          0 kB
CommitLimit:     1741820 kB
Committed_AS:   46345816 kB
VmallocTotal:     319488 kB
VmallocUsed:       20192 kB
VmallocChunk:     184332 kB
Time pass: 184 sec

---2015-10-25 15:24:01
MemTotal:        1386500 kB
MemFree:          156664 kB
Buffers:           67312 kB
Cached:           354348 kB
SwapCached:        38876 kB
Active:           440104 kB
Inactive:         461900 kB
Active(anon):     206372 kB
Inactive(anon):   276828 kB
Active(file):     233732 kB
Inactive(file):   185072 kB
Unevictable:        2528 kB
Mlocked:               0 kB
HighTotal:        849920 kB
HighFree:          43744 kB
LowTotal:         536580 kB
LowFree:          112920 kB
SwapTotal:       1048572 kB
SwapFree:         870888 kB
Dirty:               184 kB
Writeback:             0 kB
AnonPages:        475904 kB
Mapped:           170448 kB
Shmem:               328 kB
Slab:              56424 kB
SReclaimable:      17096 kB
SUnreclaim:        39328 kB
KernelStack:       11784 kB
PageTables:        20416 kB
NFS_Unstable:          0 kB
Bounce:                0 kB
WritebackTmp:          0 kB
CommitLimit:     1741820 kB
Committed_AS:   46347196 kB
VmallocTotal:     319488 kB
VmallocUsed:       20224 kB
VmallocChunk:     184332 kB
Time pass: 187 sec

---2015-10-25 15:24:01
MemTotal:        1386500 kB
MemFree:          149988 kB
Buffers:           67312 kB
Cached:           354388 kB
SwapCached:        38904 kB
Active:           445144 kB
Inactive:         461936 kB
Active(anon):     211384 kB
Inactive(anon):   276856 kB
Active(file):     233760 kB
Inactive(file):   185080 kB
Unevictable:        2528 kB
Mlocked:               0 kB
HighTotal:        849920 kB
HighFree:          39148 kB
LowTotal:         536580 kB
LowFree:          110840 kB
SwapTotal:       1048572 kB
SwapFree:         870888 kB
Dirty:               112 kB
Writeback:             0 kB
AnonPages:        480968 kB
Mapped:           172032 kB
Shmem:               332 kB
Slab:              56488 kB
SReclaimable:      17096 kB
SUnreclaim:        39392 kB
KernelStack:       11824 kB
PageTables:        20416 kB
NFS_Unstable:          0 kB
Bounce:                0 kB
WritebackTmp:          0 kB
CommitLimit:     1741820 kB
Committed_AS:   46353760 kB
VmallocTotal:     319488 kB
VmallocUsed:       20224 kB
VmallocChunk:     184332 kB
Time pass: 191 sec

---2015-10-25 15:24:01
MemTotal:        1386500 kB
MemFree:          131776 kB
Buffers:           67312 kB
Cached:           354384 kB
SwapCached:        38904 kB
Active:           450156 kB
Inactive:         462100 kB
Active(anon):     216460 kB
Inactive(anon):   276856 kB
Active(file):     233696 kB
Inactive(file):   185244 kB
Unevictable:        2528 kB
Mlocked:               0 kB
HighTotal:        849920 kB
HighFree:          28436 kB
LowTotal:         536580 kB
LowFree:          103340 kB
SwapTotal:       1048572 kB
SwapFree:         870888 kB
Dirty:              1632 kB
Writeback:             0 kB
AnonPages:        485800 kB
Mapped:           175620 kB
Shmem:               332 kB
Slab:              56436 kB
SReclaimable:      17096 kB
SUnreclaim:        39340 kB
KernelStack:       11824 kB
PageTables:        20468 kB
NFS_Unstable:          0 kB
Bounce:                0 kB
WritebackTmp:          0 kB
CommitLimit:     1741820 kB
Committed_AS:   46358756 kB
VmallocTotal:     319488 kB
VmallocUsed:       20232 kB
VmallocChunk:     184332 kB
Time pass: 194 sec

---2015-10-25 15:24:01
MemTotal:        1386500 kB
MemFree:          109116 kB
Buffers:           67312 kB
Cached:           354692 kB
SwapCached:        38904 kB
Active:           454992 kB
Inactive:         461964 kB
Active(anon):     220956 kB
Inactive(anon):   276856 kB
Active(file):     234036 kB
Inactive(file):   185108 kB
Unevictable:        2528 kB
Mlocked:               0 kB
HighTotal:        849920 kB
HighFree:          19804 kB
LowTotal:         536580 kB
LowFree:           89312 kB
SwapTotal:       1048572 kB
SwapFree:         870888 kB
Dirty:              1876 kB
Writeback:             0 kB
AnonPages:        490584 kB
Mapped:           179720 kB
Shmem:               332 kB
Slab:              56492 kB
SReclaimable:      17096 kB
SUnreclaim:        39396 kB
KernelStack:       11824 kB
PageTables:        20520 kB
NFS_Unstable:          0 kB
Bounce:                0 kB
WritebackTmp:          0 kB
CommitLimit:     1741820 kB
Committed_AS:   46363348 kB
VmallocTotal:     319488 kB
VmallocUsed:       20244 kB
VmallocChunk:     184332 kB
Time pass: 198 sec

---2015-10-25 15:24:01
MemTotal:        1386500 kB
MemFree:          106964 kB
Buffers:           67320 kB
Cached:           354692 kB
SwapCached:        38904 kB
Active:           454816 kB
Inactive:         461956 kB
Active(anon):     220768 kB
Inactive(anon):   276856 kB
Active(file):     234048 kB
Inactive(file):   185100 kB
Unevictable:        2528 kB
Mlocked:               0 kB
HighTotal:        849920 kB
HighFree:          18316 kB
LowTotal:         536580 kB
LowFree:           88648 kB
SwapTotal:       1048572 kB
SwapFree:         870888 kB
Dirty:                16 kB
Writeback:             0 kB
AnonPages:        490120 kB
Mapped:           181044 kB
Shmem:               332 kB
Slab:              56388 kB
SReclaimable:      17096 kB
SUnreclaim:        39292 kB
KernelStack:       11824 kB
PageTables:        20540 kB
NFS_Unstable:          0 kB
Bounce:                0 kB
WritebackTmp:          0 kB
CommitLimit:     1741820 kB
Committed_AS:   46362964 kB
VmallocTotal:     319488 kB
VmallocUsed:       20244 kB
VmallocChunk:     184332 kB
Time pass: 201 sec

---2015-10-25 15:24:01
MemTotal:        1386500 kB
MemFree:           94744 kB
Buffers:           67320 kB
Cached:           354696 kB
SwapCached:        38904 kB
Active:           459016 kB
Inactive:         461708 kB
Active(anon):     224712 kB
Inactive(anon):   276856 kB
Active(file):     234304 kB
Inactive(file):   184852 kB
Unevictable:        2528 kB
Mlocked:               0 kB
HighTotal:        849920 kB
HighFree:          12664 kB
LowTotal:         536580 kB
LowFree:           82080 kB
SwapTotal:       1048572 kB
SwapFree:         870888 kB
Dirty:               504 kB
Writeback:             0 kB
AnonPages:        494092 kB
Mapped:           182744 kB
Shmem:               332 kB
Slab:              56472 kB
SReclaimable:      17112 kB
SUnreclaim:        39360 kB
KernelStack:       11824 kB
PageTables:        20560 kB
NFS_Unstable:          0 kB
Bounce:                0 kB
WritebackTmp:          0 kB
CommitLimit:     1741820 kB
Committed_AS:   46366732 kB
VmallocTotal:     319488 kB
VmallocUsed:       20268 kB
VmallocChunk:     184332 kB
Time pass: 205 sec

---2015-10-25 15:24:01
MemTotal:        1386500 kB
MemFree:           95712 kB
Buffers:           67328 kB
Cached:           354700 kB
SwapCached:        38904 kB
Active:           459968 kB
Inactive:         461716 kB
Active(anon):     225660 kB
Inactive(anon):   276856 kB
Active(file):     234308 kB
Inactive(file):   184860 kB
Unevictable:        2528 kB
Mlocked:               0 kB
HighTotal:        849920 kB
HighFree:          13804 kB
LowTotal:         536580 kB
LowFree:           81908 kB
SwapTotal:       1048572 kB
SwapFree:         870888 kB
Dirty:               156 kB
Writeback:             0 kB
AnonPages:        495092 kB
Mapped:           182120 kB
Shmem:               332 kB
Slab:              56632 kB
SReclaimable:      17112 kB
SUnreclaim:        39520 kB
KernelStack:       11840 kB
PageTables:        20572 kB
NFS_Unstable:          0 kB
Bounce:                0 kB
WritebackTmp:          0 kB
CommitLimit:     1741820 kB
Committed_AS:   46373384 kB
VmallocTotal:     319488 kB
VmallocUsed:       20268 kB
VmallocChunk:     184332 kB
Time pass: 209 sec

---2015-10-25 15:24:01
MemTotal:        1386500 kB
MemFree:           71600 kB
Buffers:           67352 kB
Cached:           354872 kB
SwapCached:        38912 kB
Active:           473920 kB
Inactive:         461104 kB
Active(anon):     238800 kB
Inactive(anon):   277004 kB
Active(file):     235120 kB
Inactive(file):   184100 kB
Unevictable:        2528 kB
Mlocked:               0 kB
HighTotal:        849920 kB
HighFree:           8764 kB
LowTotal:         536580 kB
LowFree:           62836 kB
SwapTotal:       1048572 kB
SwapFree:         870888 kB
Dirty:                68 kB
Writeback:             0 kB
AnonPages:        508308 kB
Mapped:           183908 kB
Shmem:               476 kB
Slab:              56548 kB
SReclaimable:      17120 kB
SUnreclaim:        39428 kB
KernelStack:       12040 kB
PageTables:        20716 kB
NFS_Unstable:          0 kB
Bounce:                0 kB
WritebackTmp:          0 kB
CommitLimit:     1741820 kB
Committed_AS:   46398524 kB
VmallocTotal:     319488 kB
VmallocUsed:       20268 kB
VmallocChunk:     184332 kB
Time pass: 213 sec

---2015-10-25 15:24:01
MemTotal:        1386500 kB
MemFree:           66304 kB
Buffers:           67376 kB
Cached:           355308 kB
SwapCached:        38912 kB
Active:           479668 kB
Inactive:         461532 kB
Active(anon):     244516 kB
Inactive(anon):   277436 kB
Active(file):     235152 kB
Inactive(file):   184096 kB
Unevictable:        2528 kB
Mlocked:               0 kB
HighTotal:        849920 kB
HighFree:           8796 kB
LowTotal:         536580 kB
LowFree:           57508 kB
SwapTotal:       1048572 kB
SwapFree:         870888 kB
Dirty:                44 kB
Writeback:             0 kB
AnonPages:        514008 kB
Mapped:           182968 kB
Shmem:               908 kB
Slab:              56668 kB
SReclaimable:      17120 kB
SUnreclaim:        39548 kB
KernelStack:       12056 kB
PageTables:        20768 kB
NFS_Unstable:          0 kB
Bounce:                0 kB
WritebackTmp:          0 kB
CommitLimit:     1741820 kB
Committed_AS:   46403432 kB
VmallocTotal:     319488 kB
VmallocUsed:       20268 kB
VmallocChunk:     184332 kB
Time pass: 217 sec

---2015-10-25 15:24:01
MemTotal:        1386500 kB
MemFree:           65372 kB
Buffers:           67384 kB
Cached:           355316 kB
SwapCached:        38912 kB
Active:           479872 kB
Inactive:         461548 kB
Active(anon):     244720 kB
Inactive(anon):   277436 kB
Active(file):     235152 kB
Inactive(file):   184112 kB
Unevictable:        2528 kB
Mlocked:               0 kB
HighTotal:        849920 kB
HighFree:           8796 kB
LowTotal:         536580 kB
LowFree:           56576 kB
SwapTotal:       1048572 kB
SwapFree:         870888 kB
Dirty:                 0 kB
Writeback:             0 kB
AnonPages:        514252 kB
Mapped:           182992 kB
Shmem:               908 kB
Slab:              56632 kB
SReclaimable:      17120 kB
SUnreclaim:        39512 kB
KernelStack:       12048 kB
PageTables:        20768 kB
NFS_Unstable:          0 kB
Bounce:                0 kB
WritebackTmp:          0 kB
CommitLimit:     1741820 kB
Committed_AS:   46403548 kB
VmallocTotal:     319488 kB
VmallocUsed:       20268 kB
VmallocChunk:     184332 kB
Time pass: 220 sec

---2015-10-25 15:24:01
MemTotal:        1386500 kB
MemFree:           65968 kB
Buffers:           67388 kB
Cached:           355448 kB
SwapCached:        38912 kB
Active:           478732 kB
Inactive:         461676 kB
Active(anon):     243572 kB
Inactive(anon):   277568 kB
Active(file):     235160 kB
Inactive(file):   184108 kB
Unevictable:        2528 kB
Mlocked:               0 kB
HighTotal:        849920 kB
HighFree:           8796 kB
LowTotal:         536580 kB
LowFree:           57172 kB
SwapTotal:       1048572 kB
SwapFree:         870888 kB
Dirty:                32 kB
Writeback:             0 kB
AnonPages:        512932 kB
Mapped:           183536 kB
Shmem:              1040 kB
Slab:              56632 kB
SReclaimable:      17120 kB
SUnreclaim:        39512 kB
KernelStack:       12048 kB
PageTables:        20772 kB
NFS_Unstable:          0 kB
Bounce:                0 kB
WritebackTmp:          0 kB
CommitLimit:     1741820 kB
Committed_AS:   46402032 kB
VmallocTotal:     319488 kB
VmallocUsed:       20268 kB
VmallocChunk:     184332 kB
Time pass: 224 sec

---2015-10-25 15:24:01
MemTotal:        1386500 kB
MemFree:           65508 kB
Buffers:           67396 kB
Cached:           355460 kB
SwapCached:        38912 kB
Active:           479268 kB
Inactive:         461688 kB
Active(anon):     244100 kB
Inactive(anon):   277580 kB
Active(file):     235168 kB
Inactive(file):   184108 kB
Unevictable:        2528 kB
Mlocked:               0 kB
HighTotal:        849920 kB
HighFree:           8796 kB
LowTotal:         536580 kB
LowFree:           56712 kB
SwapTotal:       1048572 kB
SwapFree:         870888 kB
Dirty:                40 kB
Writeback:             0 kB
AnonPages:        513536 kB
Mapped:           183548 kB
Shmem:              1052 kB
Slab:              56472 kB
SReclaimable:      17120 kB
SUnreclaim:        39352 kB
KernelStack:       12048 kB
PageTables:        20776 kB
NFS_Unstable:          0 kB
Bounce:                0 kB
WritebackTmp:          0 kB
CommitLimit:     1741820 kB
Committed_AS:   46402320 kB
VmallocTotal:     319488 kB
VmallocUsed:       20268 kB
VmallocChunk:     184332 kB
Time pass: 228 sec

---2015-10-25 15:24:01
MemTotal:        1386500 kB
MemFree:           64508 kB
Buffers:           67400 kB
Cached:           355460 kB
SwapCached:        38912 kB
Active:           480500 kB
Inactive:         461688 kB
Active(anon):     245328 kB
Inactive(anon):   277580 kB
Active(file):     235172 kB
Inactive(file):   184108 kB
Unevictable:        2528 kB
Mlocked:               0 kB
HighTotal:        849920 kB
HighFree:           8796 kB
LowTotal:         536580 kB
LowFree:           55712 kB
SwapTotal:       1048572 kB
SwapFree:         870888 kB
Dirty:                28 kB
Writeback:             0 kB
AnonPages:        514692 kB
Mapped:           183560 kB
Shmem:              1052 kB
Slab:              56600 kB
SReclaimable:      17120 kB
SUnreclaim:        39480 kB
KernelStack:       12048 kB
PageTables:        20772 kB
NFS_Unstable:          0 kB
Bounce:                0 kB
WritebackTmp:          0 kB
CommitLimit:     1741820 kB
Committed_AS:   46403148 kB
VmallocTotal:     319488 kB
VmallocUsed:       20268 kB
VmallocChunk:     184332 kB
Time pass: 231 sec

---2015-10-25 15:24:01
MemTotal:        1386500 kB
MemFree:           63540 kB
Buffers:           67416 kB
Cached:           355460 kB
SwapCached:        38912 kB
Active:           482152 kB
Inactive:         461704 kB
Active(anon):     246980 kB
Inactive(anon):   277580 kB
Active(file):     235172 kB
Inactive(file):   184124 kB
Unevictable:        2528 kB
Mlocked:               0 kB
HighTotal:        849920 kB
HighFree:           8796 kB
LowTotal:         536580 kB
LowFree:           54744 kB
SwapTotal:       1048572 kB
SwapFree:         870888 kB
Dirty:                 0 kB
Writeback:             0 kB
AnonPages:        516464 kB
Mapped:           183568 kB
Shmem:              1052 kB
Slab:              56600 kB
SReclaimable:      17120 kB
SUnreclaim:        39480 kB
KernelStack:       12048 kB
PageTables:        20772 kB
NFS_Unstable:          0 kB
Bounce:                0 kB
WritebackTmp:          0 kB
CommitLimit:     1741820 kB
Committed_AS:   46405348 kB
VmallocTotal:     319488 kB
VmallocUsed:       20268 kB
VmallocChunk:     184332 kB
Time pass: 235 sec

---2015-10-25 15:24:01
MemTotal:        1386500 kB
MemFree:           64220 kB
Buffers:           67424 kB
Cached:           355452 kB
SwapCached:        38912 kB
Active:           481464 kB
Inactive:         461704 kB
Active(anon):     246292 kB
Inactive(anon):   277580 kB
Active(file):     235172 kB
Inactive(file):   184124 kB
Unevictable:        2528 kB
Mlocked:               0 kB
HighTotal:        849920 kB
HighFree:           8788 kB
LowTotal:         536580 kB
LowFree:           55432 kB
SwapTotal:       1048572 kB
SwapFree:         870888 kB
Dirty:                 0 kB
Writeback:             0 kB
AnonPages:        515656 kB
Mapped:           183568 kB
Shmem:              1052 kB
Slab:              56596 kB
SReclaimable:      17120 kB
SUnreclaim:        39476 kB
KernelStack:       12048 kB
PageTables:        20772 kB
NFS_Unstable:          0 kB
Bounce:                0 kB
WritebackTmp:          0 kB
CommitLimit:     1741820 kB
Committed_AS:   46404412 kB
VmallocTotal:     319488 kB
VmallocUsed:       20268 kB
VmallocChunk:     184332 kB
Time pass: 239 sec

---2015-10-25 15:24:01
MemTotal:        1386500 kB
MemFree:           65136 kB
Buffers:           67424 kB
Cached:           355460 kB
SwapCached:        38912 kB
Active:           479812 kB
Inactive:         461712 kB
Active(anon):     244640 kB
Inactive(anon):   277580 kB
Active(file):     235172 kB
Inactive(file):   184132 kB
Unevictable:        2528 kB
Mlocked:               0 kB
HighTotal:        849920 kB
HighFree:           8796 kB
LowTotal:         536580 kB
LowFree:           56340 kB
SwapTotal:       1048572 kB
SwapFree:         870888 kB
Dirty:                28 kB
Writeback:             0 kB
AnonPages:        514024 kB
Mapped:           183572 kB
Shmem:              1052 kB
Slab:              56628 kB
SReclaimable:      17120 kB
SUnreclaim:        39508 kB
KernelStack:       12048 kB
PageTables:        20772 kB
NFS_Unstable:          0 kB
Bounce:                0 kB
WritebackTmp:          0 kB
CommitLimit:     1741820 kB
Committed_AS:   46403760 kB
VmallocTotal:     319488 kB
VmallocUsed:       20268 kB
VmallocChunk:     184332 kB
Time pass: 242 sec

---2015-10-25 15:24:01
MemTotal:        1386500 kB
MemFree:           63388 kB
Buffers:           67428 kB
Cached:           355460 kB
SwapCached:        38912 kB
Active:           481280 kB
Inactive:         461704 kB
Active(anon):     246096 kB
Inactive(anon):   277580 kB
Active(file):     235184 kB
Inactive(file):   184124 kB
Unevictable:        2528 kB
Mlocked:               0 kB
HighTotal:        849920 kB
HighFree:           8808 kB
LowTotal:         536580 kB
LowFree:           54580 kB
SwapTotal:       1048572 kB
SwapFree:         870888 kB
Dirty:                32 kB
Writeback:             0 kB
AnonPages:        515516 kB
Mapped:           183568 kB
Shmem:              1052 kB
Slab:              56596 kB
SReclaimable:      17120 kB
SUnreclaim:        39476 kB
KernelStack:       12032 kB
PageTables:        20772 kB
NFS_Unstable:          0 kB
Bounce:                0 kB
WritebackTmp:          0 kB
CommitLimit:     1741820 kB
Committed_AS:   46404888 kB
VmallocTotal:     319488 kB
VmallocUsed:       20268 kB
VmallocChunk:     184332 kB
Time pass: 246 sec

---2015-10-25 15:24:01
MemTotal:        1386500 kB
MemFree:           64608 kB
Buffers:           67436 kB
Cached:           355452 kB
SwapCached:        38912 kB
Active:           481188 kB
Inactive:         461704 kB
Active(anon):     246004 kB
Inactive(anon):   277580 kB
Active(file):     235184 kB
Inactive(file):   184124 kB
Unevictable:        2528 kB
Mlocked:               0 kB
HighTotal:        849920 kB
HighFree:           9920 kB
LowTotal:         536580 kB
LowFree:           54688 kB
SwapTotal:       1048572 kB
SwapFree:         870888 kB
Dirty:                 0 kB
Writeback:             0 kB
AnonPages:        515448 kB
Mapped:           183568 kB
Shmem:              1052 kB
Slab:              56568 kB
SReclaimable:      17120 kB
SUnreclaim:        39448 kB
KernelStack:       12032 kB
PageTables:        20772 kB
NFS_Unstable:          0 kB
Bounce:                0 kB
WritebackTmp:          0 kB
CommitLimit:     1741820 kB
Committed_AS:   46404360 kB
VmallocTotal:     319488 kB
VmallocUsed:       20268 kB
VmallocChunk:     184332 kB
Time pass: 250 sec

---2015-10-25 15:24:01
MemTotal:        1386500 kB
MemFree:           64076 kB
Buffers:           67452 kB
Cached:           355460 kB
SwapCached:        38912 kB
Active:           481216 kB
Inactive:         461728 kB
Active(anon):     246032 kB
Inactive(anon):   277580 kB
Active(file):     235184 kB
Inactive(file):   184148 kB
Unevictable:        2528 kB
Mlocked:               0 kB
HighTotal:        849920 kB
HighFree:           8796 kB
LowTotal:         536580 kB
LowFree:           55280 kB
SwapTotal:       1048572 kB
SwapFree:         870888 kB
Dirty:                36 kB
Writeback:             0 kB
AnonPages:        515444 kB
Mapped:           183568 kB
Shmem:              1052 kB
Slab:              56600 kB
SReclaimable:      17120 kB
SUnreclaim:        39480 kB
KernelStack:       12040 kB
PageTables:        20768 kB
NFS_Unstable:          0 kB
Bounce:                0 kB
WritebackTmp:          0 kB
CommitLimit:     1741820 kB
Committed_AS:   46404208 kB
VmallocTotal:     319488 kB
VmallocUsed:       20268 kB
VmallocChunk:     184332 kB
Time pass: 254 sec

---2015-10-25 15:24:01
MemTotal:        1386500 kB
MemFree:           62900 kB
Buffers:           67460 kB
Cached:           355460 kB
SwapCached:        38912 kB
Active:           481732 kB
Inactive:         461728 kB
Active(anon):     246540 kB
Inactive(anon):   277580 kB
Active(file):     235192 kB
Inactive(file):   184148 kB
Unevictable:        2528 kB
Mlocked:               0 kB
HighTotal:        849920 kB
HighFree:           8764 kB
LowTotal:         536580 kB
LowFree:           54136 kB
SwapTotal:       1048572 kB
SwapFree:         870888 kB
Dirty:                36 kB
Writeback:             0 kB
AnonPages:        516012 kB
Mapped:           183568 kB
Shmem:              1052 kB
Slab:              56692 kB
SReclaimable:      17120 kB
SUnreclaim:        39572 kB
KernelStack:       12032 kB
PageTables:        20772 kB
NFS_Unstable:          0 kB
Bounce:                0 kB
WritebackTmp:          0 kB
CommitLimit:     1741820 kB
Committed_AS:   46404728 kB
VmallocTotal:     319488 kB
VmallocUsed:       20268 kB
VmallocChunk:     184332 kB
Time pass: 258 sec

---2015-10-25 15:24:01
MemTotal:        1386500 kB
MemFree:           62788 kB
Buffers:           67460 kB
Cached:           355460 kB
SwapCached:        38912 kB
Active:           482576 kB
Inactive:         461728 kB
Active(anon):     247384 kB
Inactive(anon):   277580 kB
Active(file):     235192 kB
Inactive(file):   184148 kB
Unevictable:        2528 kB
Mlocked:               0 kB
HighTotal:        849920 kB
HighFree:           8764 kB
LowTotal:         536580 kB
LowFree:           54024 kB
SwapTotal:       1048572 kB
SwapFree:         870888 kB
Dirty:                36 kB
Writeback:             0 kB
AnonPages:        516868 kB
Mapped:           183568 kB
Shmem:              1052 kB
Slab:              56628 kB
SReclaimable:      17120 kB
SUnreclaim:        39508 kB
KernelStack:       12032 kB
PageTables:        20772 kB
NFS_Unstable:          0 kB
Bounce:                0 kB
WritebackTmp:          0 kB
CommitLimit:     1741820 kB
Committed_AS:   46405432 kB
VmallocTotal:     319488 kB
VmallocUsed:       20268 kB
VmallocChunk:     184332 kB
Time pass: 261 sec

---2015-10-25 15:24:01
MemTotal:        1386500 kB
MemFree:           63808 kB
Buffers:           67480 kB
Cached:           355556 kB
SwapCached:        38912 kB
Active:           481232 kB
Inactive:         461840 kB
Active(anon):     246036 kB
Inactive(anon):   277676 kB
Active(file):     235196 kB
Inactive(file):   184164 kB
Unevictable:        2528 kB
Mlocked:               0 kB
HighTotal:        849920 kB
HighFree:           9708 kB
LowTotal:         536580 kB
LowFree:           54100 kB
SwapTotal:       1048572 kB
SwapFree:         870888 kB
Dirty:                32 kB
Writeback:             8 kB
AnonPages:        515416 kB
Mapped:           183624 kB
Shmem:              1148 kB
Slab:              56532 kB
SReclaimable:      17120 kB
SUnreclaim:        39412 kB
KernelStack:       12016 kB
PageTables:        20744 kB
NFS_Unstable:          0 kB
Bounce:                0 kB
WritebackTmp:          0 kB
CommitLimit:     1741820 kB
Committed_AS:   46399680 kB
VmallocTotal:     319488 kB
VmallocUsed:       20268 kB
VmallocChunk:     184332 kB
Time pass: 265 sec

---2015-10-25 15:24:01
MemTotal:        1386500 kB
MemFree:           62500 kB
Buffers:           67480 kB
Cached:           355556 kB
SwapCached:        38912 kB
Active:           482232 kB
Inactive:         461840 kB
Active(anon):     247036 kB
Inactive(anon):   277676 kB
Active(file):     235196 kB
Inactive(file):   184164 kB
Unevictable:        2528 kB
Mlocked:               0 kB
HighTotal:        849920 kB
HighFree:           8760 kB
LowTotal:         536580 kB
LowFree:           53740 kB
SwapTotal:       1048572 kB
SwapFree:         870888 kB
Dirty:                 0 kB
Writeback:             0 kB
AnonPages:        516636 kB
Mapped:           183668 kB
Shmem:              1148 kB
Slab:              56724 kB
SReclaimable:      17120 kB
SUnreclaim:        39604 kB
KernelStack:       12032 kB
PageTables:        20772 kB
NFS_Unstable:          0 kB
Bounce:                0 kB
WritebackTmp:          0 kB
CommitLimit:     1741820 kB
Committed_AS:   46400660 kB
VmallocTotal:     319488 kB
VmallocUsed:       20268 kB
VmallocChunk:     184332 kB
Time pass: 268 sec

---2015-10-25 15:24:01
MemTotal:        1386500 kB
MemFree:           62452 kB
Buffers:           67484 kB
Cached:           355556 kB
SwapCached:        38912 kB
Active:           482580 kB
Inactive:         461844 kB
Active(anon):     247384 kB
Inactive(anon):   277676 kB
Active(file):     235196 kB
Inactive(file):   184168 kB
Unevictable:        2528 kB
Mlocked:               0 kB
HighTotal:        849920 kB
HighFree:           8764 kB
LowTotal:         536580 kB
LowFree:           53688 kB
SwapTotal:       1048572 kB
SwapFree:         870888 kB
Dirty:                28 kB
Writeback:             0 kB
AnonPages:        516744 kB
Mapped:           183668 kB
Shmem:              1148 kB
Slab:              56500 kB
SReclaimable:      17120 kB
SUnreclaim:        39380 kB
KernelStack:       12032 kB
PageTables:        20772 kB
NFS_Unstable:          0 kB
Bounce:                0 kB
WritebackTmp:          0 kB
CommitLimit:     1741820 kB
Committed_AS:   46400748 kB
VmallocTotal:     319488 kB
VmallocUsed:       20268 kB
VmallocChunk:     184332 kB
Time pass: 272 sec

---2015-10-25 15:24:01
MemTotal:        1386500 kB
MemFree:           62088 kB
Buffers:           67484 kB
Cached:           355596 kB
SwapCached:        38912 kB
Active:           482176 kB
Inactive:         461884 kB
Active(anon):     246980 kB
Inactive(anon):   277716 kB
Active(file):     235196 kB
Inactive(file):   184168 kB
Unevictable:        2528 kB
Mlocked:               0 kB
HighTotal:        849920 kB
HighFree:           8792 kB
LowTotal:         536580 kB
LowFree:           53296 kB
SwapTotal:       1048572 kB
SwapFree:         870888 kB
Dirty:                28 kB
Writeback:             0 kB
AnonPages:        516520 kB
Mapped:           183708 kB
Shmem:              1188 kB
Slab:              56660 kB
SReclaimable:      17120 kB
SUnreclaim:        39540 kB
KernelStack:       12032 kB
PageTables:        20776 kB
NFS_Unstable:          0 kB
Bounce:                0 kB
WritebackTmp:          0 kB
CommitLimit:     1741820 kB
Committed_AS:   46400480 kB
VmallocTotal:     319488 kB
VmallocUsed:       20268 kB
VmallocChunk:     184332 kB
Time pass: 276 sec

---2015-10-25 15:24:01
MemTotal:        1386500 kB
MemFree:           64216 kB
Buffers:           67488 kB
Cached:           355596 kB
SwapCached:        38912 kB
Active:           480396 kB
Inactive:         461884 kB
Active(anon):     245196 kB
Inactive(anon):   277716 kB
Active(file):     235200 kB
Inactive(file):   184168 kB
Unevictable:        2528 kB
Mlocked:               0 kB
HighTotal:        849920 kB
HighFree:           8792 kB
LowTotal:         536580 kB
LowFree:           55424 kB
SwapTotal:       1048572 kB
SwapFree:         870888 kB
Dirty:                32 kB
Writeback:             0 kB
AnonPages:        514564 kB
Mapped:           183708 kB
Shmem:              1188 kB
Slab:              56628 kB
SReclaimable:      17120 kB
SUnreclaim:        39508 kB
KernelStack:       12032 kB
PageTables:        20772 kB
NFS_Unstable:          0 kB
Bounce:                0 kB
WritebackTmp:          0 kB
CommitLimit:     1741820 kB
Committed_AS:   46398376 kB
VmallocTotal:     319488 kB
VmallocUsed:       20268 kB
VmallocChunk:     184332 kB
Time pass: 279 sec

---2015-10-25 15:24:01
MemTotal:        1386500 kB
MemFree:           62968 kB
Buffers:           67496 kB
Cached:           355596 kB
SwapCached:        38912 kB
Active:           481348 kB
Inactive:         461892 kB
Active(anon):     246148 kB
Inactive(anon):   277716 kB
Active(file):     235200 kB
Inactive(file):   184176 kB
Unevictable:        2528 kB
Mlocked:               0 kB
HighTotal:        849920 kB
HighFree:           8792 kB
LowTotal:         536580 kB
LowFree:           54176 kB
SwapTotal:       1048572 kB
SwapFree:         870888 kB
Dirty:                28 kB
Writeback:             0 kB
AnonPages:        515616 kB
Mapped:           183708 kB
Shmem:              1188 kB
Slab:              56660 kB
SReclaimable:      17120 kB
SUnreclaim:        39540 kB
KernelStack:       12032 kB
PageTables:        20772 kB
NFS_Unstable:          0 kB
Bounce:                0 kB
WritebackTmp:          0 kB
CommitLimit:     1741820 kB
Committed_AS:   46399276 kB
VmallocTotal:     319488 kB
VmallocUsed:       20268 kB
VmallocChunk:     184332 kB
Time pass: 283 sec

---2015-10-25 15:24:01
MemTotal:        1386500 kB
MemFree:           63104 kB
Buffers:           67496 kB
Cached:           355804 kB
SwapCached:        38912 kB
Active:           481360 kB
Inactive:         462100 kB
Active(anon):     246160 kB
Inactive(anon):   277924 kB
Active(file):     235200 kB
Inactive(file):   184176 kB
Unevictable:        2528 kB
Mlocked:               0 kB
HighTotal:        849920 kB
HighFree:           8796 kB
LowTotal:         536580 kB
LowFree:           54308 kB
SwapTotal:       1048572 kB
SwapFree:         870888 kB
Dirty:                28 kB
Writeback:             0 kB
AnonPages:        515476 kB
Mapped:           183916 kB
Shmem:              1396 kB
Slab:              56660 kB
SReclaimable:      17120 kB
SUnreclaim:        39540 kB
KernelStack:       12032 kB
PageTables:        20772 kB
NFS_Unstable:          0 kB
Bounce:                0 kB
WritebackTmp:          0 kB
CommitLimit:     1741820 kB
Committed_AS:   46398892 kB
VmallocTotal:     319488 kB
VmallocUsed:       20268 kB
VmallocChunk:     184332 kB
Time pass: 287 sec

---2015-10-25 15:24:01
MemTotal:        1386500 kB
MemFree:           61632 kB
Buffers:           67500 kB
Cached:           355804 kB
SwapCached:        38912 kB
Active:           483052 kB
Inactive:         462092 kB
Active(anon):     247840 kB
Inactive(anon):   277924 kB
Active(file):     235212 kB
Inactive(file):   184168 kB
Unevictable:        2528 kB
Mlocked:               0 kB
HighTotal:        849920 kB
HighFree:           8920 kB
LowTotal:         536580 kB
LowFree:           52712 kB
SwapTotal:       1048572 kB
SwapFree:         870888 kB
Dirty:                36 kB
Writeback:             0 kB
AnonPages:        517268 kB
Mapped:           183916 kB
Shmem:              1396 kB
Slab:              56852 kB
SReclaimable:      17120 kB
SUnreclaim:        39732 kB
KernelStack:       12032 kB
PageTables:        20772 kB
NFS_Unstable:          0 kB
Bounce:                0 kB
WritebackTmp:          0 kB
CommitLimit:     1741820 kB
Committed_AS:   46400340 kB
VmallocTotal:     319488 kB
VmallocUsed:       20268 kB
VmallocChunk:     184332 kB
Time pass: 290 sec

---2015-10-25 15:24:01
MemTotal:        1386500 kB
MemFree:           61420 kB
Buffers:           67508 kB
Cached:           355796 kB
SwapCached:        38912 kB
Active:           483032 kB
Inactive:         462092 kB
Active(anon):     247820 kB
Inactive(anon):   277924 kB
Active(file):     235212 kB
Inactive(file):   184168 kB
Unevictable:        2528 kB
Mlocked:               0 kB
HighTotal:        849920 kB
HighFree:           9468 kB
LowTotal:         536580 kB
LowFree:           51952 kB
SwapTotal:       1048572 kB
SwapFree:         870888 kB
Dirty:                 0 kB
Writeback:             0 kB
AnonPages:        517256 kB
Mapped:           183916 kB
Shmem:              1396 kB
Slab:              56628 kB
SReclaimable:      17120 kB
SUnreclaim:        39508 kB
KernelStack:       12032 kB
PageTables:        20772 kB
NFS_Unstable:          0 kB
Bounce:                0 kB
WritebackTmp:          0 kB
CommitLimit:     1741820 kB
Committed_AS:   46400136 kB
VmallocTotal:     319488 kB
VmallocUsed:       20268 kB
VmallocChunk:     184332 kB
Time pass: 294 sec

---2015-10-25 15:24:01
MemTotal:        1386500 kB
MemFree:           61512 kB
Buffers:           67524 kB
Cached:           355804 kB
SwapCached:        38912 kB
Active:           484160 kB
Inactive:         462068 kB
Active(anon):     248900 kB
Inactive(anon):   277924 kB
Active(file):     235260 kB
Inactive(file):   184144 kB
Unevictable:        2528 kB
Mlocked:               0 kB
HighTotal:        849920 kB
HighFree:           8708 kB
LowTotal:         536580 kB
LowFree:           52804 kB
SwapTotal:       1048572 kB
SwapFree:         870888 kB
Dirty:                48 kB
Writeback:             0 kB
AnonPages:        518360 kB
Mapped:           183916 kB
Shmem:              1396 kB
Slab:              56660 kB
SReclaimable:      17120 kB
SUnreclaim:        39540 kB
KernelStack:       12032 kB
PageTables:        20772 kB
NFS_Unstable:          0 kB
Bounce:                0 kB
WritebackTmp:          0 kB
CommitLimit:     1741820 kB
Committed_AS:   46400764 kB
VmallocTotal:     319488 kB
VmallocUsed:       20268 kB
VmallocChunk:     184332 kB
Time pass: 298 sec

---2015-10-25 15:24:01
MemTotal:        1386500 kB
MemFree:           61672 kB
Buffers:           67524 kB
Cached:           355804 kB
SwapCached:        38912 kB
Active:           483612 kB
Inactive:         462068 kB
Active(anon):     248352 kB
Inactive(anon):   277924 kB
Active(file):     235260 kB
Inactive(file):   184144 kB
Unevictable:        2528 kB
Mlocked:               0 kB
HighTotal:        849920 kB
HighFree:           8708 kB
LowTotal:         536580 kB
LowFree:           52964 kB
SwapTotal:       1048572 kB
SwapFree:         870888 kB
Dirty:                 0 kB
Writeback:             0 kB
AnonPages:        517672 kB
Mapped:           183916 kB
Shmem:              1396 kB
Slab:              56692 kB
SReclaimable:      17120 kB
SUnreclaim:        39572 kB
KernelStack:       12032 kB
PageTables:        20772 kB
NFS_Unstable:          0 kB
Bounce:                0 kB
WritebackTmp:          0 kB
CommitLimit:     1741820 kB
Committed_AS:   46400256 kB
VmallocTotal:     319488 kB
VmallocUsed:       20268 kB
VmallocChunk:     184332 kB
Time pass: 301 sec

---2015-10-25 15:24:01
MemTotal:        1386500 kB
MemFree:           59812 kB
Buffers:           67532 kB
Cached:           355804 kB
SwapCached:        38912 kB
Active:           484820 kB
Inactive:         462064 kB
Active(anon):     249548 kB
Inactive(anon):   277924 kB
Active(file):     235272 kB
Inactive(file):   184140 kB
Unevictable:        2528 kB
Mlocked:               0 kB
HighTotal:        849920 kB
HighFree:           8720 kB
LowTotal:         536580 kB
LowFree:           51092 kB
SwapTotal:       1048572 kB
SwapFree:         870888 kB
Dirty:                60 kB
Writeback:             0 kB
AnonPages:        518964 kB
Mapped:           183916 kB
Shmem:              1396 kB
Slab:              56596 kB
SReclaimable:      17120 kB
SUnreclaim:        39476 kB
KernelStack:       12040 kB
PageTables:        20772 kB
NFS_Unstable:          0 kB
Bounce:                0 kB
WritebackTmp:          0 kB
CommitLimit:     1741820 kB
Committed_AS:   46400580 kB
VmallocTotal:     319488 kB
VmallocUsed:       20268 kB
VmallocChunk:     184332 kB
Time pass: 305 sec

---2015-10-25 15:24:01
MemTotal:        1386500 kB
MemFree:           61812 kB
Buffers:           67532 kB
Cached:           355804 kB
SwapCached:        38912 kB
Active:           483496 kB
Inactive:         462064 kB
Active(anon):     248224 kB
Inactive(anon):   277924 kB
Active(file):     235272 kB
Inactive(file):   184140 kB
Unevictable:        2528 kB
Mlocked:               0 kB
HighTotal:        849920 kB
HighFree:           9612 kB
LowTotal:         536580 kB
LowFree:           52200 kB
SwapTotal:       1048572 kB
SwapFree:         870888 kB
Dirty:                 0 kB
Writeback:             0 kB
AnonPages:        517736 kB
Mapped:           183916 kB
Shmem:              1396 kB
Slab:              56692 kB
SReclaimable:      17120 kB
SUnreclaim:        39572 kB
KernelStack:       12040 kB
PageTables:        20772 kB
NFS_Unstable:          0 kB
Bounce:                0 kB
WritebackTmp:          0 kB
CommitLimit:     1741820 kB
Committed_AS:   46400416 kB
VmallocTotal:     319488 kB
VmallocUsed:       20268 kB
VmallocChunk:     184332 kB
Time pass: 309 sec

---2015-10-25 15:24:01
MemTotal:        1386500 kB
MemFree:           61740 kB
Buffers:           67532 kB
Cached:           355804 kB
SwapCached:        38912 kB
Active:           483684 kB
Inactive:         462064 kB
Active(anon):     248412 kB
Inactive(anon):   277924 kB
Active(file):     235272 kB
Inactive(file):   184140 kB
Unevictable:        2528 kB
Mlocked:               0 kB
HighTotal:        849920 kB
HighFree:           9664 kB
LowTotal:         536580 kB
LowFree:           52076 kB
SwapTotal:       1048572 kB
SwapFree:         870888 kB
Dirty:                28 kB
Writeback:             0 kB
AnonPages:        517924 kB
Mapped:           183916 kB
Shmem:              1396 kB
Slab:              56596 kB
SReclaimable:      17120 kB
SUnreclaim:        39476 kB
KernelStack:       12040 kB
PageTables:        20776 kB
NFS_Unstable:          0 kB
Bounce:                0 kB
WritebackTmp:          0 kB
CommitLimit:     1741820 kB
Committed_AS:   46400420 kB
VmallocTotal:     319488 kB
VmallocUsed:       20268 kB
VmallocChunk:     184332 kB
Time pass: 312 sec

---2015-10-25 15:24:01
MemTotal:        1386500 kB
MemFree:           60696 kB
Buffers:           67544 kB
Cached:           355804 kB
SwapCached:        38912 kB
Active:           484196 kB
Inactive:         462076 kB
Active(anon):     248924 kB
Inactive(anon):   277924 kB
Active(file):     235272 kB
Inactive(file):   184152 kB
Unevictable:        2528 kB
Mlocked:               0 kB
HighTotal:        849920 kB
HighFree:           8808 kB
LowTotal:         536580 kB
LowFree:           51888 kB
SwapTotal:       1048572 kB
SwapFree:         870888 kB
Dirty:                36 kB
Writeback:             0 kB
AnonPages:        518288 kB
Mapped:           183916 kB
Shmem:              1396 kB
Slab:              56660 kB
SReclaimable:      17120 kB
SUnreclaim:        39540 kB
KernelStack:       12040 kB
PageTables:        20772 kB
NFS_Unstable:          0 kB
Bounce:                0 kB
WritebackTmp:          0 kB
CommitLimit:     1741820 kB
Committed_AS:   46400772 kB
VmallocTotal:     319488 kB
VmallocUsed:       20268 kB
VmallocChunk:     184332 kB
Time pass: 316 sec

---2015-10-25 15:24:01
MemTotal:        1386500 kB
MemFree:           58684 kB
Buffers:           67548 kB
Cached:           355804 kB
SwapCached:        38912 kB
Active:           485792 kB
Inactive:         462076 kB
Active(anon):     250516 kB
Inactive(anon):   277924 kB
Active(file):     235276 kB
Inactive(file):   184152 kB
Unevictable:        2528 kB
Mlocked:               0 kB
HighTotal:        849920 kB
HighFree:           8808 kB
LowTotal:         536580 kB
LowFree:           49876 kB
SwapTotal:       1048572 kB
SwapFree:         870888 kB
Dirty:                28 kB
Writeback:             0 kB
AnonPages:        520028 kB
Mapped:           183916 kB
Shmem:              1396 kB
Slab:              56564 kB
SReclaimable:      17120 kB
SUnreclaim:        39444 kB
KernelStack:       12040 kB
PageTables:        20776 kB
NFS_Unstable:          0 kB
Bounce:                0 kB
WritebackTmp:          0 kB
CommitLimit:     1741820 kB
Committed_AS:   46402320 kB
VmallocTotal:     319488 kB
VmallocUsed:       20268 kB
VmallocChunk:     184332 kB
Time pass: 319 sec

---2015-10-25 15:24:01
MemTotal:        1386500 kB
MemFree:           59536 kB
Buffers:           67556 kB
Cached:           355804 kB
SwapCached:        38912 kB
Active:           484952 kB
Inactive:         462076 kB
Active(anon):     249668 kB
Inactive(anon):   277924 kB
Active(file):     235284 kB
Inactive(file):   184152 kB
Unevictable:        2528 kB
Mlocked:               0 kB
HighTotal:        849920 kB
HighFree:           8808 kB
LowTotal:         536580 kB
LowFree:           50728 kB
SwapTotal:       1048572 kB
SwapFree:         870888 kB
Dirty:                32 kB
Writeback:             0 kB
AnonPages:        519192 kB
Mapped:           183916 kB
Shmem:              1396 kB
Slab:              56660 kB
SReclaimable:      17120 kB
SUnreclaim:        39540 kB
KernelStack:       12040 kB
PageTables:        20776 kB
NFS_Unstable:          0 kB
Bounce:                0 kB
WritebackTmp:          0 kB
CommitLimit:     1741820 kB
Committed_AS:   46401352 kB
VmallocTotal:     319488 kB
VmallocUsed:       20268 kB
VmallocChunk:     184332 kB
Time pass: 323 sec

---2015-10-25 15:24:01
MemTotal:        1386500 kB
MemFree:           59232 kB
Buffers:           67564 kB
Cached:           355796 kB
SwapCached:        38912 kB
Active:           485208 kB
Inactive:         462076 kB
Active(anon):     249924 kB
Inactive(anon):   277924 kB
Active(file):     235284 kB
Inactive(file):   184152 kB
Unevictable:        2528 kB
Mlocked:               0 kB
HighTotal:        849920 kB
HighFree:           8808 kB
LowTotal:         536580 kB
LowFree:           50424 kB
SwapTotal:       1048572 kB
SwapFree:         870888 kB
Dirty:                 4 kB
Writeback:             0 kB
AnonPages:        519472 kB
Mapped:           183916 kB
Shmem:              1396 kB
Slab:              56564 kB
SReclaimable:      17120 kB
SUnreclaim:        39444 kB
KernelStack:       12040 kB
PageTables:        20780 kB
NFS_Unstable:          0 kB
Bounce:                0 kB
WritebackTmp:          0 kB
CommitLimit:     1741820 kB
Committed_AS:   46401104 kB
VmallocTotal:     319488 kB
VmallocUsed:       20268 kB
VmallocChunk:     184332 kB
Time pass: 327 sec

---2015-10-25 15:24:01
MemTotal:        1386500 kB
MemFree:           59752 kB
Buffers:           67576 kB
Cached:           355804 kB
SwapCached:        38912 kB
Active:           485116 kB
Inactive:         462092 kB
Active(anon):     249828 kB
Inactive(anon):   277924 kB
Active(file):     235288 kB
Inactive(file):   184168 kB
Unevictable:        2528 kB
Mlocked:               0 kB
HighTotal:        849920 kB
HighFree:           9040 kB
LowTotal:         536580 kB
LowFree:           50712 kB
SwapTotal:       1048572 kB
SwapFree:         870888 kB
Dirty:                 0 kB
Writeback:             0 kB
AnonPages:        519240 kB
Mapped:           183916 kB
Shmem:              1396 kB
Slab:              56660 kB
SReclaimable:      17120 kB
SUnreclaim:        39540 kB
KernelStack:       12040 kB
PageTables:        20776 kB
NFS_Unstable:          0 kB
Bounce:                0 kB
WritebackTmp:          0 kB
CommitLimit:     1741820 kB
Committed_AS:   46400944 kB
VmallocTotal:     319488 kB
VmallocUsed:       20268 kB
VmallocChunk:     184332 kB
Time pass: 330 sec

---2015-10-25 15:24:01
MemTotal:        1386500 kB
MemFree:           59808 kB
Buffers:           67580 kB
Cached:           355800 kB
SwapCached:        38912 kB
Active:           485252 kB
Inactive:         462092 kB
Active(anon):     249964 kB
Inactive(anon):   277924 kB
Active(file):     235288 kB
Inactive(file):   184168 kB
Unevictable:        2528 kB
Mlocked:               0 kB
HighTotal:        849920 kB
HighFree:           8792 kB
LowTotal:         536580 kB
LowFree:           51016 kB
SwapTotal:       1048572 kB
SwapFree:         870888 kB
Dirty:                 0 kB
Writeback:             0 kB
AnonPages:        519388 kB
Mapped:           183916 kB
Shmem:              1396 kB
Slab:              56628 kB
SReclaimable:      17120 kB
SUnreclaim:        39508 kB
KernelStack:       12040 kB
PageTables:        20776 kB
NFS_Unstable:          0 kB
Bounce:                0 kB
WritebackTmp:          0 kB
CommitLimit:     1741820 kB
Committed_AS:   46401008 kB
VmallocTotal:     319488 kB
VmallocUsed:       20268 kB
VmallocChunk:     184332 kB
Time pass: 334 sec

---2015-10-25 15:24:01
MemTotal:        1386500 kB
MemFree:           59296 kB
Buffers:           67592 kB
Cached:           355804 kB
SwapCached:        38912 kB
Active:           485500 kB
Inactive:         462108 kB
Active(anon):     250212 kB
Inactive(anon):   277924 kB
Active(file):     235288 kB
Inactive(file):   184184 kB
Unevictable:        2528 kB
Mlocked:               0 kB
HighTotal:        849920 kB
HighFree:           8792 kB
LowTotal:         536580 kB
LowFree:           50504 kB
SwapTotal:       1048572 kB
SwapFree:         870888 kB
Dirty:                36 kB
Writeback:             0 kB
AnonPages:        519724 kB
Mapped:           183872 kB
Shmem:              1396 kB
Slab:              56660 kB
SReclaimable:      17120 kB
SUnreclaim:        39540 kB
KernelStack:       12024 kB
PageTables:        20760 kB
NFS_Unstable:          0 kB
Bounce:                0 kB
WritebackTmp:          0 kB
CommitLimit:     1741820 kB
Committed_AS:   46401184 kB
VmallocTotal:     319488 kB
VmallocUsed:       20268 kB
VmallocChunk:     184332 kB
Time pass: 338 sec

---2015-10-25 15:24:01
MemTotal:        1386500 kB
MemFree:           58900 kB
Buffers:           67592 kB
Cached:           355804 kB
SwapCached:        38912 kB
Active:           485960 kB
Inactive:         462108 kB
Active(anon):     250672 kB
Inactive(anon):   277924 kB
Active(file):     235288 kB
Inactive(file):   184184 kB
Unevictable:        2528 kB
Mlocked:               0 kB
HighTotal:        849920 kB
HighFree:           9092 kB
LowTotal:         536580 kB
LowFree:           49808 kB
SwapTotal:       1048572 kB
SwapFree:         870888 kB
Dirty:                 0 kB
Writeback:             0 kB
AnonPages:        520188 kB
Mapped:           183916 kB
Shmem:              1396 kB
Slab:              56660 kB
SReclaimable:      17120 kB
