---2015-12-03 09:19:26
MemTotal:        1860984 kB
MemFree:          239192 kB
Buffers:           10700 kB
Cached:           796276 kB
SwapCached:         9692 kB
Active:           647584 kB
Inactive:         666004 kB
Active(anon):     462936 kB
Inactive(anon):    46456 kB
Active(file):     184648 kB
Inactive(file):   619548 kB
Unevictable:           0 kB
Mlocked:               0 kB
HighTotal:       1436668 kB
HighFree:          20144 kB
LowTotal:         424316 kB
LowFree:          219048 kB
SwapTotal:        716796 kB
SwapFree:         626588 kB
Dirty:               164 kB
Writeback:             0 kB
AnonPages:        504932 kB
Mapped:           202932 kB
Shmem:              2788 kB
Slab:              43928 kB
SReclaimable:      14160 kB
SUnreclaim:        29768 kB
KernelStack:       10784 kB
PageTables:        24312 kB
NFS_Unstable:          0 kB
Bounce:                0 kB
WritebackTmp:          0 kB
CommitLimit:     1647288 kB
Committed_AS:   55387316 kB
VmallocTotal:     458752 kB
VmallocUsed:      112060 kB
VmallocChunk:     191492 kB
Time pass: 3 sec

---2015-12-03 09:19:26
MemTotal:        1860984 kB
MemFree:          243228 kB
Buffers:           10700 kB
Cached:           796244 kB
SwapCached:         9688 kB
Active:           642636 kB
Inactive:         666928 kB
Active(anon):     457980 kB
Inactive(anon):    47376 kB
Active(file):     184656 kB
Inactive(file):   619552 kB
Unevictable:           0 kB
Mlocked:               0 kB
HighTotal:       1436668 kB
HighFree:          23408 kB
LowTotal:         424316 kB
LowFree:          219820 kB
SwapTotal:        716796 kB
SwapFree:         622472 kB
Dirty:                28 kB
Writeback:             0 kB
AnonPages:        500824 kB
Mapped:           202900 kB
Shmem:              2756 kB
Slab:              43940 kB
SReclaimable:      14172 kB
SUnreclaim:        29768 kB
KernelStack:       10776 kB
PageTables:        24308 kB
NFS_Unstable:          0 kB
Bounce:                0 kB
WritebackTmp:          0 kB
CommitLimit:     1647288 kB
Committed_AS:   55387288 kB
VmallocTotal:     458752 kB
VmallocUsed:      112060 kB
VmallocChunk:     191492 kB
Time pass: 6 sec

---2015-12-03 09:19:26
MemTotal:        1860984 kB
MemFree:          243616 kB
Buffers:           10708 kB
Cached:           796244 kB
SwapCached:         9696 kB
Active:           642216 kB
Inactive:         666928 kB
Active(anon):     457548 kB
Inactive(anon):    47380 kB
Active(file):     184668 kB
Inactive(file):   619548 kB
Unevictable:           0 kB
Mlocked:               0 kB
HighTotal:       1436668 kB
HighFree:          23780 kB
LowTotal:         424316 kB
LowFree:          219836 kB
SwapTotal:        716796 kB
SwapFree:         622472 kB
Dirty:                28 kB
Writeback:             0 kB
AnonPages:        500440 kB
Mapped:           202900 kB
Shmem:              2756 kB
Slab:              43928 kB
SReclaimable:      14164 kB
SUnreclaim:        29764 kB
KernelStack:       10768 kB
PageTables:        24308 kB
NFS_Unstable:          0 kB
Bounce:                0 kB
WritebackTmp:          0 kB
CommitLimit:     1647288 kB
Committed_AS:   55387216 kB
VmallocTotal:     458752 kB
VmallocUsed:      112060 kB
VmallocChunk:     191492 kB
Time pass: 10 sec

---2015-12-03 09:19:26
MemTotal:        1860984 kB
MemFree:          247708 kB
Buffers:           10708 kB
Cached:           796244 kB
SwapCached:         9696 kB
Active:           637104 kB
Inactive:         667836 kB
Active(anon):     452436 kB
Inactive(anon):    48288 kB
Active(file):     184668 kB
Inactive(file):   619548 kB
Unevictable:           0 kB
Mlocked:               0 kB
HighTotal:       1436668 kB
HighFree:          27624 kB
LowTotal:         424316 kB
LowFree:          220084 kB
SwapTotal:        716796 kB
SwapFree:         618264 kB
Dirty:                 0 kB
Writeback:             0 kB
AnonPages:        496260 kB
Mapped:           202900 kB
Shmem:              2756 kB
Slab:              43924 kB
SReclaimable:      14164 kB
SUnreclaim:        29760 kB
KernelStack:       10768 kB
PageTables:        24308 kB
NFS_Unstable:          0 kB
Bounce:                0 kB
WritebackTmp:          0 kB
CommitLimit:     1647288 kB
Committed_AS:   55387216 kB
VmallocTotal:     458752 kB
VmallocUsed:      112060 kB
VmallocChunk:     191492 kB
Time pass: 14 sec

---2015-12-03 09:19:26
MemTotal:        1860984 kB
MemFree:          247700 kB
Buffers:           10708 kB
Cached:           796244 kB
SwapCached:         9696 kB
Active:           637160 kB
Inactive:         667836 kB
Active(anon):     452492 kB
Inactive(anon):    48288 kB
Active(file):     184668 kB
Inactive(file):   619548 kB
Unevictable:           0 kB
Mlocked:               0 kB
HighTotal:       1436668 kB
HighFree:          27624 kB
LowTotal:         424316 kB
LowFree:          220076 kB
SwapTotal:        716796 kB
SwapFree:         618264 kB
Dirty:                 0 kB
Writeback:             0 kB
AnonPages:        496252 kB
Mapped:           202900 kB
Shmem:              2756 kB
Slab:              43924 kB
SReclaimable:      14164 kB
SUnreclaim:        29760 kB
KernelStack:       10776 kB
PageTables:        24308 kB
NFS_Unstable:          0 kB
Bounce:                0 kB
WritebackTmp:          0 kB
CommitLimit:     1647288 kB
Committed_AS:   55387224 kB
VmallocTotal:     458752 kB
VmallocUsed:      112060 kB
VmallocChunk:     191492 kB
Time pass: 17 sec

---2015-12-03 09:19:26
MemTotal:        1860984 kB
MemFree:          251172 kB
Buffers:           10708 kB
Cached:           796244 kB
SwapCached:         9696 kB
Active:           632132 kB
Inactive:         668700 kB
Active(anon):     447464 kB
Inactive(anon):    49152 kB
Active(file):     184668 kB
Inactive(file):   619548 kB
Unevictable:           0 kB
Mlocked:               0 kB
HighTotal:       1436668 kB
HighFree:          30724 kB
LowTotal:         424316 kB
LowFree:          220448 kB
SwapTotal:        716796 kB
SwapFree:         614128 kB
Dirty:                 0 kB
Writeback:             0 kB
AnonPages:        492128 kB
Mapped:           202900 kB
Shmem:              2756 kB
Slab:              43924 kB
SReclaimable:      14164 kB
SUnreclaim:        29760 kB
KernelStack:       10776 kB
PageTables:        24308 kB
NFS_Unstable:          0 kB
Bounce:                0 kB
WritebackTmp:          0 kB
CommitLimit:     1647288 kB
Committed_AS:   55387224 kB
VmallocTotal:     458752 kB
VmallocUsed:      112060 kB
VmallocChunk:     191492 kB
Time pass: 21 sec

---2015-12-03 09:19:26
MemTotal:        1860984 kB
MemFree:          166260 kB
Buffers:           10876 kB
Cached:           831640 kB
SwapCached:        11588 kB
Active:           652604 kB
Inactive:         705932 kB
Active(anon):     467456 kB
Inactive(anon):    51544 kB
Active(file):     185148 kB
Inactive(file):   654388 kB
Unevictable:           0 kB
Mlocked:               0 kB
HighTotal:       1436668 kB
HighFree:           2548 kB
LowTotal:         424316 kB
LowFree:          163712 kB
SwapTotal:        716796 kB
SwapFree:         614624 kB
Dirty:               920 kB
Writeback:             0 kB
AnonPages:        514088 kB
Mapped:           223340 kB
Shmem:              2868 kB
Slab:              44168 kB
SReclaimable:      14268 kB
SUnreclaim:        29900 kB
KernelStack:       11072 kB
PageTables:        24884 kB
NFS_Unstable:          0 kB
Bounce:                0 kB
WritebackTmp:          0 kB
CommitLimit:     1647288 kB
Committed_AS:   56242616 kB
VmallocTotal:     458752 kB
VmallocUsed:      113200 kB
VmallocChunk:     191492 kB
Time pass: 24 sec

---2015-12-03 09:19:26
MemTotal:        1860984 kB
MemFree:          112252 kB
Buffers:           10940 kB
Cached:           833748 kB
SwapCached:        13760 kB
Active:           658940 kB
Inactive:         711564 kB
Active(anon):     473404 kB
Inactive(anon):    55172 kB
Active(file):     185536 kB
Inactive(file):   656392 kB
Unevictable:           0 kB
Mlocked:               0 kB
HighTotal:       1436668 kB
HighFree:           2496 kB
LowTotal:         424316 kB
LowFree:          109756 kB
SwapTotal:        716796 kB
SwapFree:         616012 kB
Dirty:               860 kB
Writeback:             0 kB
AnonPages:        523320 kB
Mapped:           228324 kB
Shmem:              2888 kB
Slab:              44380 kB
SReclaimable:      14296 kB
SUnreclaim:        30084 kB
KernelStack:       11288 kB
PageTables:        25112 kB
NFS_Unstable:          0 kB
Bounce:                0 kB
WritebackTmp:          0 kB
CommitLimit:     1647288 kB
Committed_AS:   56246092 kB
VmallocTotal:     458752 kB
VmallocUsed:      113404 kB
VmallocChunk:     191492 kB
Time pass: 28 sec

---2015-12-03 09:19:26
MemTotal:        1860984 kB
MemFree:           82048 kB
Buffers:           10948 kB
Cached:           834004 kB
SwapCached:        13768 kB
Active:           654724 kB
Inactive:         712868 kB
Active(anon):     469156 kB
Inactive(anon):    56352 kB
Active(file):     185568 kB
Inactive(file):   656516 kB
Unevictable:           0 kB
Mlocked:               0 kB
HighTotal:       1436668 kB
HighFree:           3816 kB
LowTotal:         424316 kB
LowFree:           78232 kB
SwapTotal:        716796 kB
SwapFree:         611888 kB
Dirty:               952 kB
Writeback:             0 kB
AnonPages:        520156 kB
Mapped:           230652 kB
Shmem:              2888 kB
Slab:              44308 kB
SReclaimable:      14384 kB
SUnreclaim:        29924 kB
KernelStack:       11208 kB
PageTables:        25144 kB
NFS_Unstable:          0 kB
Bounce:                0 kB
WritebackTmp:          0 kB
CommitLimit:     1647288 kB
Committed_AS:   56247104 kB
VmallocTotal:     458752 kB
VmallocUsed:      113568 kB
VmallocChunk:     191492 kB
Time pass: 32 sec

---2015-12-03 09:19:26
MemTotal:        1860984 kB
MemFree:           81972 kB
Buffers:           10956 kB
Cached:           834004 kB
SwapCached:        13768 kB
Active:           654768 kB
Inactive:         712884 kB
Active(anon):     469200 kB
Inactive(anon):    56360 kB
Active(file):     185568 kB
Inactive(file):   656524 kB
Unevictable:           0 kB
Mlocked:               0 kB
HighTotal:       1436668 kB
HighFree:           3568 kB
LowTotal:         424316 kB
LowFree:           78404 kB
SwapTotal:        716796 kB
SwapFree:         611896 kB
Dirty:               112 kB
Writeback:             0 kB
AnonPages:        520224 kB
Mapped:           230760 kB
Shmem:              2888 kB
Slab:              44272 kB
SReclaimable:      14384 kB
SUnreclaim:        29888 kB
KernelStack:       11224 kB
PageTables:        25160 kB
NFS_Unstable:          0 kB
Bounce:                0 kB
WritebackTmp:          0 kB
CommitLimit:     1647288 kB
Committed_AS:   56247104 kB
VmallocTotal:     458752 kB
VmallocUsed:      113568 kB
VmallocChunk:     191492 kB
Time pass: 35 sec

---2015-12-03 09:19:26
MemTotal:        1860984 kB
MemFree:           81972 kB
Buffers:           10964 kB
Cached:           834004 kB
SwapCached:        13768 kB
Active:           654788 kB
Inactive:         712892 kB
Active(anon):     469220 kB
Inactive(anon):    56360 kB
Active(file):     185568 kB
Inactive(file):   656532 kB
Unevictable:           0 kB
Mlocked:               0 kB
HighTotal:       1436668 kB
HighFree:           3568 kB
LowTotal:         424316 kB
LowFree:           78404 kB
SwapTotal:        716796 kB
SwapFree:         611896 kB
Dirty:                44 kB
Writeback:             0 kB
AnonPages:        520288 kB
Mapped:           230760 kB
Shmem:              2888 kB
Slab:              44276 kB
SReclaimable:      14384 kB
SUnreclaim:        29892 kB
KernelStack:       11224 kB
PageTables:        25160 kB
NFS_Unstable:          0 kB
Bounce:                0 kB
WritebackTmp:          0 kB
CommitLimit:     1647288 kB
Committed_AS:   56247104 kB
VmallocTotal:     458752 kB
VmallocUsed:      113568 kB
VmallocChunk:     191492 kB
Time pass: 39 sec

---2015-12-03 09:19:26
MemTotal:        1860984 kB
MemFree:           47756 kB
Buffers:           10964 kB
Cached:           835072 kB
SwapCached:        14796 kB
Active:           667124 kB
Inactive:         715448 kB
Active(anon):     481400 kB
Inactive(anon):    58004 kB
Active(file):     185724 kB
Inactive(file):   657444 kB
Unevictable:           0 kB
Mlocked:               0 kB
HighTotal:       1436668 kB
HighFree:           3324 kB
LowTotal:         424316 kB
LowFree:           44432 kB
SwapTotal:        716796 kB
SwapFree:         612516 kB
Dirty:                52 kB
Writeback:             0 kB
AnonPages:        533144 kB
Mapped:           232404 kB
Shmem:              2888 kB
Slab:              44236 kB
SReclaimable:      14384 kB
SUnreclaim:        29852 kB
KernelStack:       11272 kB
PageTables:        25320 kB
NFS_Unstable:          0 kB
Bounce:                0 kB
WritebackTmp:          0 kB
CommitLimit:     1647288 kB
Committed_AS:   56253356 kB
VmallocTotal:     458752 kB
VmallocUsed:      113608 kB
VmallocChunk:     191492 kB
Time pass: 42 sec

---2015-12-03 09:19:26
MemTotal:        1860984 kB
MemFree:           46140 kB
Buffers:           10972 kB
Cached:           835072 kB
SwapCached:        14760 kB
Active:           661988 kB
Inactive:         716540 kB
Active(anon):     476248 kB
Inactive(anon):    59104 kB
Active(file):     185740 kB
Inactive(file):   657436 kB
Unevictable:           0 kB
Mlocked:               0 kB
HighTotal:       1436668 kB
HighFree:           6084 kB
LowTotal:         424316 kB
LowFree:           40056 kB
SwapTotal:        716796 kB
SwapFree:         608428 kB
Dirty:                64 kB
Writeback:             0 kB
AnonPages:        529088 kB
Mapped:           232692 kB
Shmem:              2888 kB
Slab:              44260 kB
SReclaimable:      14440 kB
SUnreclaim:        29820 kB
KernelStack:       11256 kB
PageTables:        25344 kB
NFS_Unstable:          0 kB
Bounce:                0 kB
WritebackTmp:          0 kB
CommitLimit:     1647288 kB
Committed_AS:   56253340 kB
VmallocTotal:     458752 kB
VmallocUsed:      113608 kB
VmallocChunk:     191492 kB
Time pass: 46 sec

---2015-12-03 09:19:26
MemTotal:        1860984 kB
MemFree:           52180 kB
Buffers:           10972 kB
Cached:           835904 kB
SwapCached:        14720 kB
Active:           673024 kB
Inactive:         717228 kB
Active(anon):     487124 kB
Inactive(anon):    59120 kB
Active(file):     185900 kB
Inactive(file):   658108 kB
Unevictable:           0 kB
Mlocked:               0 kB
HighTotal:       1436668 kB
HighFree:           3224 kB
LowTotal:         424316 kB
LowFree:           48956 kB
SwapTotal:        716796 kB
SwapFree:         608480 kB
Dirty:               316 kB
Writeback:             0 kB
AnonPages:        539908 kB
Mapped:           234376 kB
Shmem:              2892 kB
Slab:              44452 kB
SReclaimable:      14460 kB
SUnreclaim:        29992 kB
KernelStack:       11368 kB
PageTables:        25296 kB
NFS_Unstable:          0 kB
Bounce:                0 kB
WritebackTmp:          0 kB
CommitLimit:     1647288 kB
Committed_AS:   56265724 kB
VmallocTotal:     458752 kB
VmallocUsed:      113584 kB
VmallocChunk:     191492 kB
Time pass: 49 sec

---2015-12-03 09:19:26
MemTotal:        1860984 kB
MemFree:           34772 kB
Buffers:            9244 kB
Cached:           817896 kB
SwapCached:        14736 kB
Active:           620844 kB
Inactive:         750192 kB
Active(anon):     423592 kB
Inactive(anon):   124056 kB
Active(file):     197252 kB
Inactive(file):   626136 kB
Unevictable:         860 kB
Mlocked:               0 kB
HighTotal:       1436668 kB
HighFree:           9992 kB
LowTotal:         424316 kB
LowFree:           24780 kB
SwapTotal:        716796 kB
SwapFree:         604388 kB
Dirty:                 8 kB
Writeback:             0 kB
AnonPages:        541356 kB
Mapped:           245436 kB
Shmem:              2892 kB
Slab:              44704 kB
SReclaimable:      14580 kB
SUnreclaim:        30124 kB
KernelStack:       11344 kB
PageTables:        25420 kB
NFS_Unstable:          0 kB
Bounce:                0 kB
WritebackTmp:          0 kB
CommitLimit:     1647288 kB
Committed_AS:   56271900 kB
VmallocTotal:     458752 kB
VmallocUsed:      113752 kB
VmallocChunk:     191492 kB
Time pass: 53 sec

---2015-12-03 09:19:26
MemTotal:        1860984 kB
MemFree:           38940 kB
Buffers:            8420 kB
Cached:           806040 kB
SwapCached:        14716 kB
Active:           588832 kB
Inactive:         767628 kB
Active(anon):     389220 kB
Inactive(anon):   156536 kB
Active(file):     199612 kB
Inactive(file):   611092 kB
Unevictable:         860 kB
Mlocked:               0 kB
HighTotal:       1436668 kB
HighFree:          13316 kB
LowTotal:         424316 kB
LowFree:           25624 kB
SwapTotal:        716796 kB
SwapFree:         604408 kB
Dirty:                80 kB
Writeback:             0 kB
AnonPages:        539484 kB
Mapped:           255012 kB
Shmem:              2892 kB
Slab:              44656 kB
SReclaimable:      14564 kB
SUnreclaim:        30092 kB
KernelStack:       11304 kB
PageTables:        25444 kB
NFS_Unstable:          0 kB
Bounce:                0 kB
WritebackTmp:          0 kB
CommitLimit:     1647288 kB
Committed_AS:   56269856 kB
VmallocTotal:     458752 kB
VmallocUsed:      113808 kB
VmallocChunk:     191492 kB
Time pass: 56 sec

---2015-12-03 09:19:26
MemTotal:        1860984 kB
MemFree:           28996 kB
Buffers:            7924 kB
Cached:           801132 kB
SwapCached:        14716 kB
Active:           592768 kB
Inactive:         767312 kB
Active(anon):     391308 kB
Inactive(anon):   163612 kB
Active(file):     201460 kB
Inactive(file):   603700 kB
Unevictable:         860 kB
Mlocked:               0 kB
HighTotal:       1436668 kB
HighFree:           4780 kB
LowTotal:         424316 kB
LowFree:           24216 kB
SwapTotal:        716796 kB
SwapFree:         604408 kB
Dirty:                 0 kB
Writeback:             0 kB
AnonPages:        548592 kB
Mapped:           257448 kB
Shmem:              2892 kB
Slab:              44764 kB
SReclaimable:      14564 kB
SUnreclaim:        30200 kB
KernelStack:       11344 kB
PageTables:        25444 kB
NFS_Unstable:          0 kB
Bounce:                0 kB
WritebackTmp:          0 kB
CommitLimit:     1647288 kB
Committed_AS:   56278812 kB
VmallocTotal:     458752 kB
VmallocUsed:      113808 kB
VmallocChunk:     191492 kB
Time pass: 60 sec

---2015-12-03 09:19:26
MemTotal:        1860984 kB
MemFree:           40524 kB
Buffers:            7244 kB
Cached:           791664 kB
SwapCached:        14716 kB
Active:           585072 kB
Inactive:         752940 kB
Active(anon):     382612 kB
Inactive(anon):   160264 kB
Active(file):     202460 kB
Inactive(file):   592676 kB
Unevictable:         860 kB
Mlocked:               0 kB
HighTotal:       1436668 kB
HighFree:          14556 kB
LowTotal:         424316 kB
LowFree:           25968 kB
SwapTotal:        716796 kB
SwapFree:         600284 kB
Dirty:               104 kB
Writeback:             0 kB
AnonPages:        536644 kB
Mapped:           266544 kB
Shmem:              2892 kB
Slab:              44768 kB
SReclaimable:      14564 kB
SUnreclaim:        30204 kB
KernelStack:       11304 kB
PageTables:        25412 kB
NFS_Unstable:          0 kB
Bounce:                0 kB
WritebackTmp:          0 kB
CommitLimit:     1647288 kB
Committed_AS:   56270956 kB
VmallocTotal:     458752 kB
VmallocUsed:      113848 kB
VmallocChunk:     191492 kB
Time pass: 63 sec

---2015-12-03 09:19:26
MemTotal:        1860984 kB
MemFree:           40220 kB
Buffers:            7244 kB
Cached:           791684 kB
SwapCached:        14712 kB
Active:           585232 kB
Inactive:         752976 kB
Active(anon):     382772 kB
Inactive(anon):   160264 kB
Active(file):     202460 kB
Inactive(file):   592712 kB
Unevictable:         860 kB
Mlocked:               0 kB
HighTotal:       1436668 kB
HighFree:          14184 kB
LowTotal:         424316 kB
LowFree:           26036 kB
SwapTotal:        716796 kB
SwapFree:         600296 kB
Dirty:               108 kB
Writeback:             0 kB
AnonPages:        536788 kB
Mapped:           266604 kB
Shmem:              2892 kB
Slab:              44724 kB
SReclaimable:      14556 kB
SUnreclaim:        30168 kB
KernelStack:       11320 kB
PageTables:        25468 kB
NFS_Unstable:          0 kB
Bounce:                0 kB
WritebackTmp:          0 kB
CommitLimit:     1647288 kB
Committed_AS:   56270964 kB
VmallocTotal:     458752 kB
VmallocUsed:      113848 kB
VmallocChunk:     191492 kB
Time pass: 67 sec

---2015-12-03 09:19:26
MemTotal:        1860984 kB
MemFree:           32568 kB
Buffers:            6792 kB
Cached:           785816 kB
SwapCached:        14712 kB
Active:           584556 kB
Inactive:         748892 kB
Active(anon):     381060 kB
Inactive(anon):   163540 kB
Active(file):     203496 kB
Inactive(file):   585352 kB
Unevictable:         860 kB
Mlocked:               0 kB
HighTotal:       1436668 kB
HighFree:           7360 kB
LowTotal:         424316 kB
LowFree:           25208 kB
SwapTotal:        716796 kB
SwapFree:         596280 kB
Dirty:                40 kB
Writeback:             0 kB
AnonPages:        538284 kB
Mapped:           267688 kB
Shmem:              2892 kB
Slab:              44936 kB
SReclaimable:      14684 kB
SUnreclaim:        30252 kB
KernelStack:       11320 kB
PageTables:        25504 kB
NFS_Unstable:          0 kB
Bounce:                0 kB
WritebackTmp:          0 kB
CommitLimit:     1647288 kB
Committed_AS:   56275820 kB
VmallocTotal:     458752 kB
VmallocUsed:      113932 kB
VmallocChunk:     191492 kB
Time pass: 70 sec

---2015-12-03 09:19:26
MemTotal:        1860984 kB
MemFree:           28628 kB
Buffers:            6528 kB
Cached:           784140 kB
SwapCached:        14708 kB
Active:           590880 kB
Inactive:         745328 kB
Active(anon):     386408 kB
Inactive(anon):   162884 kB
Active(file):     204472 kB
Inactive(file):   582444 kB
Unevictable:         860 kB
Mlocked:               0 kB
HighTotal:       1436668 kB
HighFree:           3288 kB
LowTotal:         424316 kB
LowFree:           25340 kB
SwapTotal:        716796 kB
SwapFree:         592116 kB
Dirty:               320 kB
Writeback:             0 kB
AnonPages:        543008 kB
Mapped:           270180 kB
Shmem:              2892 kB
Slab:              44940 kB
SReclaimable:      14636 kB
SUnreclaim:        30304 kB
KernelStack:       11416 kB
PageTables:        25520 kB
NFS_Unstable:          0 kB
Bounce:                0 kB
WritebackTmp:          0 kB
CommitLimit:     1647288 kB
Committed_AS:   56292084 kB
VmallocTotal:     458752 kB
VmallocUsed:      113932 kB
VmallocChunk:     191492 kB
Time pass: 74 sec

---2015-12-03 09:19:26
MemTotal:        1860984 kB
MemFree:           35460 kB
Buffers:            4952 kB
Cached:           755368 kB
SwapCached:        14804 kB
Active:           603660 kB
Inactive:         709036 kB
Active(anon):     391604 kB
Inactive(anon):   164648 kB
Active(file):     212056 kB
Inactive(file):   544388 kB
Unevictable:         860 kB
Mlocked:               0 kB
HighTotal:       1436668 kB
HighFree:          10736 kB
LowTotal:         424316 kB
LowFree:           24724 kB
SwapTotal:        716796 kB
SwapFree:         592136 kB
Dirty:                60 kB
Writeback:             0 kB
AnonPages:        549812 kB
Mapped:           270628 kB
Shmem:              3016 kB
Slab:              45160 kB
SReclaimable:      14656 kB
SUnreclaim:        30504 kB
KernelStack:       11576 kB
PageTables:        25676 kB
NFS_Unstable:          0 kB
Bounce:                0 kB
WritebackTmp:          0 kB
CommitLimit:     1647288 kB
Committed_AS:   56312552 kB
VmallocTotal:     458752 kB
VmallocUsed:      118332 kB
VmallocChunk:     186812 kB
Time pass: 78 sec

---2015-12-03 09:19:26
MemTotal:        1860984 kB
MemFree:           28328 kB
Buffers:            4956 kB
Cached:           726836 kB
SwapCached:        14804 kB
Active:           608276 kB
Inactive:         681224 kB
Active(anon):     395528 kB
Inactive(anon):   166088 kB
Active(file):     212748 kB
Inactive(file):   515136 kB
Unevictable:         860 kB
Mlocked:               0 kB
HighTotal:       1436668 kB
HighFree:           3620 kB
LowTotal:         424316 kB
LowFree:           24708 kB
SwapTotal:        716796 kB
SwapFree:         592136 kB
Dirty:                 0 kB
Writeback:             0 kB
AnonPages:        555184 kB
Mapped:           269648 kB
Shmem:              3048 kB
Slab:              45376 kB
SReclaimable:      14684 kB
SUnreclaim:        30692 kB
KernelStack:       11560 kB
PageTables:        25888 kB
NFS_Unstable:          0 kB
Bounce:                0 kB
WritebackTmp:          0 kB
CommitLimit:     1647288 kB
Committed_AS:   56316360 kB
VmallocTotal:     458752 kB
VmallocUsed:      122172 kB
VmallocChunk:     191492 kB
Time pass: 82 sec

---2015-12-03 09:19:26
MemTotal:        1860984 kB
MemFree:           30104 kB
Buffers:            4972 kB
Cached:           726948 kB
SwapCached:        14804 kB
Active:           606304 kB
Inactive:         680144 kB
Active(anon):     393556 kB
Inactive(anon):   164992 kB
Active(file):     212748 kB
Inactive(file):   515152 kB
Unevictable:         860 kB
Mlocked:               0 kB
HighTotal:       1436668 kB
HighFree:           5268 kB
LowTotal:         424316 kB
LowFree:           24836 kB
SwapTotal:        716796 kB
SwapFree:         588048 kB
Dirty:                40 kB
Writeback:             0 kB
AnonPages:        552020 kB
Mapped:           269760 kB
Shmem:              3160 kB
Slab:              45408 kB
SReclaimable:      14708 kB
SUnreclaim:        30700 kB
KernelStack:       11552 kB
PageTables:        25884 kB
NFS_Unstable:          0 kB
Bounce:                0 kB
WritebackTmp:          0 kB
CommitLimit:     1647288 kB
Committed_AS:   56316772 kB
VmallocTotal:     458752 kB
VmallocUsed:      122172 kB
VmallocChunk:     191492 kB
Time pass: 86 sec

---2015-12-03 09:19:26
MemTotal:        1860984 kB
MemFree:           29468 kB
Buffers:            4980 kB
Cached:           726940 kB
SwapCached:        14808 kB
Active:           606372 kB
Inactive:         680144 kB
Active(anon):     393624 kB
Inactive(anon):   164992 kB
Active(file):     212748 kB
Inactive(file):   515152 kB
Unevictable:         860 kB
Mlocked:               0 kB
HighTotal:       1436668 kB
HighFree:           4772 kB
LowTotal:         424316 kB
LowFree:           24696 kB
SwapTotal:        716796 kB
SwapFree:         588048 kB
Dirty:                 4 kB
Writeback:             0 kB
AnonPages:        552076 kB
Mapped:           269792 kB
Shmem:              3160 kB
Slab:              45360 kB
SReclaimable:      14708 kB
SUnreclaim:        30652 kB
KernelStack:       11544 kB
PageTables:        25884 kB
NFS_Unstable:          0 kB
Bounce:                0 kB
WritebackTmp:          0 kB
CommitLimit:     1647288 kB
Committed_AS:   56316700 kB
VmallocTotal:     458752 kB
VmallocUsed:      122172 kB
VmallocChunk:     191492 kB
Time pass: 89 sec

---2015-12-03 09:19:26
MemTotal:        1860984 kB
MemFree:           31516 kB
Buffers:            4996 kB
Cached:           726948 kB
SwapCached:        14808 kB
Active:           604220 kB
Inactive:         678584 kB
Active(anon):     391472 kB
Inactive(anon):   163408 kB
Active(file):     212748 kB
Inactive(file):   515176 kB
Unevictable:         860 kB
Mlocked:               0 kB
HighTotal:       1436668 kB
HighFree:           6392 kB
LowTotal:         424316 kB
LowFree:           25124 kB
SwapTotal:        716796 kB
SwapFree:         583940 kB
Dirty:                44 kB
Writeback:             0 kB
AnonPages:        548280 kB
Mapped:           269792 kB
Shmem:              3160 kB
Slab:              45412 kB
SReclaimable:      14644 kB
SUnreclaim:        30768 kB
KernelStack:       11592 kB
PageTables:        25884 kB
NFS_Unstable:          0 kB
Bounce:                0 kB
WritebackTmp:          0 kB
CommitLimit:     1647288 kB
Committed_AS:   56316776 kB
VmallocTotal:     458752 kB
VmallocUsed:      122172 kB
VmallocChunk:     191492 kB
Time pass: 93 sec

---2015-12-03 09:19:26
MemTotal:        1860984 kB
MemFree:          110760 kB
Buffers:            5012 kB
Cached:           723896 kB
SwapCached:        14400 kB
Active:           602368 kB
Inactive:         671940 kB
Active(anon):     389592 kB
Inactive(anon):   159560 kB
Active(file):     212776 kB
Inactive(file):   512380 kB
Unevictable:         860 kB
Mlocked:               0 kB
HighTotal:       1436668 kB
HighFree:          43616 kB
LowTotal:         424316 kB
LowFree:           67144 kB
SwapTotal:        716796 kB
SwapFree:         580368 kB
Dirty:                 0 kB
Writeback:             0 kB
AnonPages:        543192 kB
Mapped:           271528 kB
Shmem:              2892 kB
Slab:              45576 kB
SReclaimable:      14760 kB
SUnreclaim:        30816 kB
KernelStack:       11336 kB
PageTables:        25668 kB
NFS_Unstable:          0 kB
Bounce:                0 kB
WritebackTmp:          0 kB
CommitLimit:     1647288 kB
Committed_AS:   57287488 kB
VmallocTotal:     458752 kB
VmallocUsed:      115568 kB
VmallocChunk:     191492 kB
Time pass: 96 sec

---2015-12-03 09:19:26
MemTotal:        1860984 kB
MemFree:          340196 kB
Buffers:            5036 kB
Cached:           723848 kB
SwapCached:        14428 kB
Active:           530996 kB
Inactive:         668984 kB
Active(anon):     315328 kB
Inactive(anon):   159384 kB
Active(file):     215668 kB
Inactive(file):   509600 kB
Unevictable:         860 kB
Mlocked:               0 kB
HighTotal:       1436668 kB
HighFree:         142980 kB
LowTotal:         424316 kB
LowFree:          197216 kB
SwapTotal:        716796 kB
SwapFree:         580440 kB
Dirty:                56 kB
Writeback:             0 kB
AnonPages:        468844 kB
Mapped:           200884 kB
Shmem:              2756 kB
Slab:              45240 kB
SReclaimable:      14728 kB
SUnreclaim:        30512 kB
KernelStack:       10664 kB
PageTables:        24048 kB
NFS_Unstable:          0 kB
Bounce:                0 kB
WritebackTmp:          0 kB
CommitLimit:     1647288 kB
Committed_AS:   54589224 kB
VmallocTotal:     458752 kB
VmallocUsed:      111660 kB
VmallocChunk:     191492 kB
Time pass: 100 sec

---2015-12-03 09:19:26
MemTotal:        1860984 kB
MemFree:          343788 kB
Buffers:            5044 kB
Cached:           723848 kB
SwapCached:        14212 kB
Active:           532268 kB
Inactive:         663516 kB
Active(anon):     316600 kB
Inactive(anon):   153908 kB
Active(file):     215668 kB
Inactive(file):   509608 kB
Unevictable:         860 kB
Mlocked:               0 kB
HighTotal:       1436668 kB
HighFree:         145968 kB
LowTotal:         424316 kB
LowFree:          197820 kB
SwapTotal:        716796 kB
SwapFree:         576452 kB
Dirty:                20 kB
Writeback:             0 kB
AnonPages:        464864 kB
Mapped:           200884 kB
Shmem:              2756 kB
Slab:              45216 kB
SReclaimable:      14728 kB
SUnreclaim:        30488 kB
KernelStack:       10680 kB
PageTables:        24028 kB
NFS_Unstable:          0 kB
Bounce:                0 kB
WritebackTmp:          0 kB
CommitLimit:     1647288 kB
Committed_AS:   54589224 kB
VmallocTotal:     458752 kB
VmallocUsed:      111660 kB
VmallocChunk:     191492 kB
Time pass: 103 sec

---2015-12-03 09:19:26
MemTotal:        1860984 kB
MemFree:          343796 kB
Buffers:            5044 kB
Cached:           723848 kB
SwapCached:        14220 kB
Active:           532260 kB
Inactive:         663524 kB
Active(anon):     316592 kB
Inactive(anon):   153916 kB
Active(file):     215668 kB
Inactive(file):   509608 kB
Unevictable:         860 kB
Mlocked:               0 kB
HighTotal:       1436668 kB
HighFree:         145968 kB
LowTotal:         424316 kB
LowFree:          197828 kB
SwapTotal:        716796 kB
SwapFree:         576452 kB
Dirty:                20 kB
Writeback:             0 kB
AnonPages:        464880 kB
Mapped:           200884 kB
Shmem:              2756 kB
Slab:              45216 kB
SReclaimable:      14728 kB
SUnreclaim:        30488 kB
KernelStack:       10664 kB
PageTables:        24048 kB
NFS_Unstable:          0 kB
Bounce:                0 kB
WritebackTmp:          0 kB
CommitLimit:     1647288 kB
Committed_AS:   54589216 kB
VmallocTotal:     458752 kB
VmallocUsed:      111660 kB
VmallocChunk:     191492 kB
Time pass: 107 sec

---2015-12-03 09:19:26
MemTotal:        1860984 kB
MemFree:          343812 kB
Buffers:            5044 kB
Cached:           723848 kB
SwapCached:        14236 kB
Active:           532256 kB
Inactive:         663544 kB
Active(anon):     316588 kB
Inactive(anon):   153936 kB
Active(file):     215668 kB
Inactive(file):   509608 kB
Unevictable:         860 kB
Mlocked:               0 kB
HighTotal:       1436668 kB
HighFree:         145968 kB
LowTotal:         424316 kB
LowFree:          197844 kB
SwapTotal:        716796 kB
SwapFree:         576456 kB
Dirty:                 0 kB
Writeback:             0 kB
AnonPages:        464892 kB
Mapped:           200884 kB
Shmem:              2756 kB
Slab:              45216 kB
SReclaimable:      14728 kB
SUnreclaim:        30488 kB
KernelStack:       10656 kB
PageTables:        24048 kB
NFS_Unstable:          0 kB
Bounce:                0 kB
WritebackTmp:          0 kB
CommitLimit:     1647288 kB
Committed_AS:   54589200 kB
VmallocTotal:     458752 kB
VmallocUsed:      111660 kB
VmallocChunk:     191492 kB
Time pass: 110 sec

---2015-12-03 09:19:26
MemTotal:        1860984 kB
MemFree:          343812 kB
Buffers:            5044 kB
Cached:           723848 kB
SwapCached:        14236 kB
Active:           532256 kB
Inactive:         663544 kB
Active(anon):     316588 kB
Inactive(anon):   153936 kB
Active(file):     215668 kB
Inactive(file):   509608 kB
Unevictable:         860 kB
Mlocked:               0 kB
HighTotal:       1436668 kB
HighFree:         145968 kB
LowTotal:         424316 kB
LowFree:          197844 kB
SwapTotal:        716796 kB
SwapFree:         576456 kB
Dirty:                 0 kB
Writeback:             0 kB
AnonPages:        464892 kB
Mapped:           200884 kB
Shmem:              2756 kB
Slab:              45216 kB
SReclaimable:      14728 kB
SUnreclaim:        30488 kB
KernelStack:       10656 kB
PageTables:        24048 kB
NFS_Unstable:          0 kB
Bounce:                0 kB
WritebackTmp:          0 kB
CommitLimit:     1647288 kB
Committed_AS:   54589200 kB
VmallocTotal:     458752 kB
VmallocUsed:      111660 kB
VmallocChunk:     191492 kB
Time pass: 114 sec

---2015-12-03 09:19:26
MemTotal:        1860984 kB
MemFree:          345320 kB
Buffers:            5044 kB
Cached:           723848 kB
SwapCached:        14112 kB
Active:           536564 kB
Inactive:         656244 kB
Active(anon):     320896 kB
Inactive(anon):   146636 kB
Active(file):     215668 kB
Inactive(file):   509608 kB
Unevictable:         860 kB
Mlocked:               0 kB
HighTotal:       1436668 kB
HighFree:         147704 kB
LowTotal:         424316 kB
LowFree:          197616 kB
SwapTotal:        716796 kB
SwapFree:         572376 kB
Dirty:                 0 kB
Writeback:             0 kB
AnonPages:        462200 kB
Mapped:           200884 kB
Shmem:              2756 kB
Slab:              45216 kB
SReclaimable:      14728 kB
SUnreclaim:        30488 kB
KernelStack:       10656 kB
PageTables:        24124 kB
NFS_Unstable:          0 kB
Bounce:                0 kB
WritebackTmp:          0 kB
CommitLimit:     1647288 kB
Committed_AS:   54590940 kB
VmallocTotal:     458752 kB
VmallocUsed:      111660 kB
VmallocChunk:     191492 kB
Time pass: 118 sec

---2015-12-03 09:19:26
MemTotal:        1860984 kB
MemFree:          270528 kB
Buffers:            5544 kB
Cached:           724308 kB
SwapCached:        15156 kB
Active:           557352 kB
Inactive:         658420 kB
Active(anon):     341180 kB
Inactive(anon):   148472 kB
Active(file):     216172 kB
Inactive(file):   509948 kB
Unevictable:         860 kB
Mlocked:               0 kB
HighTotal:       1436668 kB
HighFree:          95832 kB
LowTotal:         424316 kB
LowFree:          174696 kB
SwapTotal:        716796 kB
SwapFree:         573076 kB
Dirty:               980 kB
Writeback:             0 kB
AnonPages:        483308 kB
Mapped:           224320 kB
Shmem:              2884 kB
Slab:              45300 kB
SReclaimable:      14724 kB
SUnreclaim:        30576 kB
KernelStack:       11184 kB
PageTables:        24732 kB
NFS_Unstable:          0 kB
Bounce:                0 kB
WritebackTmp:          0 kB
CommitLimit:     1647288 kB
Committed_AS:   55444292 kB
VmallocTotal:     458752 kB
VmallocUsed:      112888 kB
VmallocChunk:     191492 kB
Time pass: 121 sec

---2015-12-03 09:19:26
MemTotal:        1860984 kB
MemFree:          221508 kB
Buffers:            5592 kB
Cached:           725892 kB
SwapCached:        15180 kB
Active:           573404 kB
Inactive:         658748 kB
Active(anon):     355804 kB
Inactive(anon):   148560 kB
Active(file):     217600 kB
Inactive(file):   510188 kB
Unevictable:         860 kB
Mlocked:               0 kB
HighTotal:       1436668 kB
HighFree:          54580 kB
LowTotal:         424316 kB
LowFree:          166928 kB
SwapTotal:        716796 kB
SwapFree:         573096 kB
Dirty:              1076 kB
Writeback:             4 kB
AnonPages:        497692 kB
Mapped:           231336 kB
Shmem:              2888 kB
Slab:              45264 kB
SReclaimable:      14756 kB
SUnreclaim:        30508 kB
KernelStack:       11264 kB
PageTables:        24884 kB
NFS_Unstable:          0 kB
Bounce:                0 kB
WritebackTmp:          0 kB
CommitLimit:     1647288 kB
Committed_AS:   55460248 kB
VmallocTotal:     458752 kB
VmallocUsed:      113016 kB
VmallocChunk:     191492 kB
Time pass: 124 sec

---2015-12-03 09:19:26
MemTotal:        1860984 kB
MemFree:          182684 kB
Buffers:            5592 kB
Cached:           727960 kB
SwapCached:        15480 kB
Active:           581208 kB
Inactive:         657160 kB
Active(anon):     359844 kB
Inactive(anon):   148860 kB
Active(file):     221364 kB
Inactive(file):   508300 kB
Unevictable:         860 kB
Mlocked:               0 kB
HighTotal:       1436668 kB
HighFree:          38676 kB
LowTotal:         424316 kB
LowFree:          144008 kB
SwapTotal:        716796 kB
SwapFree:         573096 kB
Dirty:              3268 kB
Writeback:             0 kB
AnonPages:        502240 kB
Mapped:           235788 kB
Shmem:              2888 kB
Slab:              45252 kB
SReclaimable:      14744 kB
SUnreclaim:        30508 kB
KernelStack:       11224 kB
PageTables:        24972 kB
NFS_Unstable:          0 kB
Bounce:                0 kB
WritebackTmp:          0 kB
CommitLimit:     1647288 kB
Committed_AS:   55464556 kB
VmallocTotal:     458752 kB
VmallocUsed:      113192 kB
VmallocChunk:     191492 kB
Time pass: 128 sec

---2015-12-03 09:19:26
MemTotal:        1860984 kB
MemFree:          146560 kB
Buffers:            5600 kB
Cached:           728092 kB
SwapCached:        15480 kB
Active:           579140 kB
Inactive:         655572 kB
Active(anon):     357400 kB
Inactive(anon):   147408 kB
Active(file):     221740 kB
Inactive(file):   508164 kB
Unevictable:         860 kB
Mlocked:               0 kB
HighTotal:       1436668 kB
HighFree:          37884 kB
LowTotal:         424316 kB
LowFree:          108676 kB
SwapTotal:        716796 kB
SwapFree:         568936 kB
Dirty:               132 kB
Writeback:             0 kB
AnonPages:        498408 kB
Mapped:           240124 kB
Shmem:              2888 kB
Slab:              45312 kB
SReclaimable:      14736 kB
SUnreclaim:        30576 kB
KernelStack:       11200 kB
PageTables:        25032 kB
NFS_Unstable:          0 kB
Bounce:                0 kB
WritebackTmp:          0 kB
CommitLimit:     1647288 kB
Committed_AS:   55464788 kB
VmallocTotal:     458752 kB
VmallocUsed:      113344 kB
VmallocChunk:     191492 kB
Time pass: 131 sec

---2015-12-03 09:19:26
MemTotal:        1860984 kB
MemFree:          146376 kB
Buffers:            5600 kB
Cached:           728124 kB
SwapCached:        15480 kB
Active:           579256 kB
Inactive:         655568 kB
Active(anon):     357440 kB
Inactive(anon):   147408 kB
Active(file):     221816 kB
Inactive(file):   508160 kB
Unevictable:         860 kB
Mlocked:               0 kB
HighTotal:       1436668 kB
HighFree:          37588 kB
LowTotal:         424316 kB
LowFree:          108788 kB
SwapTotal:        716796 kB
SwapFree:         568936 kB
Dirty:               192 kB
Writeback:             0 kB
AnonPages:        498472 kB
Mapped:           240768 kB
Shmem:              2888 kB
Slab:              45240 kB
SReclaimable:      14728 kB
SUnreclaim:        30512 kB
KernelStack:       11160 kB
PageTables:        25060 kB
NFS_Unstable:          0 kB
Bounce:                0 kB
WritebackTmp:          0 kB
CommitLimit:     1647288 kB
Committed_AS:   55464796 kB
VmallocTotal:     458752 kB
VmallocUsed:      113344 kB
VmallocChunk:     191492 kB
Time pass: 135 sec

---2015-12-03 09:19:26
MemTotal:        1860984 kB
MemFree:          132336 kB
Buffers:            5608 kB
Cached:           728144 kB
SwapCached:        15408 kB
Active:           580780 kB
Inactive:         655120 kB
Active(anon):     358956 kB
Inactive(anon):   146940 kB
Active(file):     221824 kB
Inactive(file):   508180 kB
Unevictable:         860 kB
Mlocked:               0 kB
HighTotal:       1436668 kB
HighFree:          33204 kB
LowTotal:         424316 kB
LowFree:           99132 kB
SwapTotal:        716796 kB
SwapFree:         564904 kB
Dirty:               568 kB
Writeback:             0 kB
AnonPages:        499576 kB
Mapped:           242184 kB
Shmem:              2888 kB
Slab:              45188 kB
SReclaimable:      14656 kB
SUnreclaim:        30532 kB
KernelStack:       11256 kB
PageTables:        25108 kB
NFS_Unstable:          0 kB
Bounce:                0 kB
WritebackTmp:          0 kB
CommitLimit:     1647288 kB
Committed_AS:   55469320 kB
VmallocTotal:     458752 kB
VmallocUsed:      113428 kB
VmallocChunk:     191492 kB
Time pass: 138 sec

---2015-12-03 09:19:26
MemTotal:        1860984 kB
MemFree:          132224 kB
Buffers:            5616 kB
Cached:           728180 kB
SwapCached:        14904 kB
Active:           579948 kB
Inactive:         654536 kB
Active(anon):     358124 kB
Inactive(anon):   146356 kB
Active(file):     221824 kB
Inactive(file):   508180 kB
Unevictable:         860 kB
Mlocked:               0 kB
HighTotal:       1436668 kB
HighFree:          32884 kB
LowTotal:         424316 kB
LowFree:           99340 kB
SwapTotal:        716796 kB
SwapFree:         563580 kB
Dirty:                40 kB
Writeback:             0 kB
AnonPages:        498744 kB
Mapped:           242288 kB
Shmem:              2888 kB
Slab:              45244 kB
SReclaimable:      14648 kB
SUnreclaim:        30596 kB
KernelStack:       11160 kB
PageTables:        25092 kB
NFS_Unstable:          0 kB
Bounce:                0 kB
WritebackTmp:          0 kB
CommitLimit:     1647288 kB
Committed_AS:   55469600 kB
VmallocTotal:     458752 kB
VmallocUsed:      113428 kB
VmallocChunk:     191492 kB
Time pass: 142 sec

---2015-12-03 09:19:26
MemTotal:        1860984 kB
MemFree:          135672 kB
Buffers:            5616 kB
Cached:           728144 kB
SwapCached:        14688 kB
Active:           577856 kB
Inactive:         654384 kB
Active(anon):     356032 kB
Inactive(anon):   146196 kB
Active(file):     221824 kB
Inactive(file):   508188 kB
Unevictable:         860 kB
Mlocked:               0 kB
HighTotal:       1436668 kB
HighFree:          35196 kB
LowTotal:         424316 kB
LowFree:          100476 kB
SwapTotal:        716796 kB
SwapFree:         561520 kB
Dirty:                48 kB
Writeback:             0 kB
AnonPages:        496664 kB
Mapped:           242288 kB
Shmem:              2888 kB
Slab:              45136 kB
SReclaimable:      14672 kB
SUnreclaim:        30464 kB
KernelStack:       11160 kB
PageTables:        25096 kB
NFS_Unstable:          0 kB
Bounce:                0 kB
WritebackTmp:          0 kB
CommitLimit:     1647288 kB
Committed_AS:   55469684 kB
VmallocTotal:     458752 kB
VmallocUsed:      113428 kB
VmallocChunk:     191492 kB
Time pass: 145 sec

---2015-12-03 09:19:26
MemTotal:        1860984 kB
MemFree:          121444 kB
Buffers:            5616 kB
Cached:           728148 kB
SwapCached:        14688 kB
Active:           581064 kB
Inactive:         653988 kB
Active(anon):     359156 kB
Inactive(anon):   145884 kB
Active(file):     221908 kB
Inactive(file):   508104 kB
Unevictable:         860 kB
Mlocked:               0 kB
HighTotal:       1436668 kB
HighFree:          36568 kB
LowTotal:         424316 kB
LowFree:           84876 kB
SwapTotal:        716796 kB
SwapFree:         557404 kB
Dirty:                 8 kB
Writeback:             0 kB
AnonPages:        499460 kB
Mapped:           243708 kB
Shmem:              2888 kB
Slab:              45244 kB
SReclaimable:      14696 kB
SUnreclaim:        30548 kB
KernelStack:       11280 kB
PageTables:        25200 kB
NFS_Unstable:          0 kB
Bounce:                0 kB
WritebackTmp:          0 kB
CommitLimit:     1647288 kB
Committed_AS:   55497160 kB
VmallocTotal:     458752 kB
VmallocUsed:      117232 kB
VmallocChunk:     176572 kB
Time pass: 149 sec

---2015-12-03 09:19:26
MemTotal:        1860984 kB
MemFree:          111104 kB
Buffers:            5648 kB
Cached:           728300 kB
SwapCached:        14688 kB
Active:           585504 kB
Inactive:         654124 kB
Active(anon):     363552 kB
Inactive(anon):   146028 kB
Active(file):     221952 kB
Inactive(file):   508096 kB
Unevictable:         860 kB
Mlocked:               0 kB
HighTotal:       1436668 kB
HighFree:          30992 kB
LowTotal:         424316 kB
LowFree:           80112 kB
SwapTotal:        716796 kB
SwapFree:         557404 kB
Dirty:                48 kB
Writeback:             0 kB
AnonPages:        504040 kB
Mapped:           243084 kB
Shmem:              3040 kB
Slab:              45304 kB
SReclaimable:      14744 kB
SUnreclaim:        30560 kB
KernelStack:       11456 kB
PageTables:        25320 kB
NFS_Unstable:          0 kB
Bounce:                0 kB
WritebackTmp:          0 kB
CommitLimit:     1647288 kB
Committed_AS:   55502820 kB
VmallocTotal:     458752 kB
VmallocUsed:      118032 kB
VmallocChunk:     190680 kB
Time pass: 154 sec

---2015-12-03 09:19:26
MemTotal:        1860984 kB
MemFree:          115888 kB
Buffers:            5680 kB
Cached:           728304 kB
SwapCached:        14688 kB
Active:           587136 kB
Inactive:         653836 kB
Active(anon):     365184 kB
Inactive(anon):   145708 kB
Active(file):     221952 kB
Inactive(file):   508128 kB
Unevictable:         860 kB
Mlocked:               0 kB
HighTotal:       1436668 kB
HighFree:          27796 kB
LowTotal:         424316 kB
LowFree:           88092 kB
SwapTotal:        716796 kB
SwapFree:         553204 kB
Dirty:                 0 kB
Writeback:             0 kB
AnonPages:        505280 kB
Mapped:           242364 kB
Shmem:              3044 kB
Slab:              45336 kB
SReclaimable:      14744 kB
SUnreclaim:        30592 kB
KernelStack:       11464 kB
PageTables:        25280 kB
NFS_Unstable:          0 kB
Bounce:                0 kB
WritebackTmp:          0 kB
CommitLimit:     1647288 kB
Committed_AS:   55506748 kB
VmallocTotal:     458752 kB
VmallocUsed:      117232 kB
VmallocChunk:     170428 kB
Time pass: 158 sec

---2015-12-03 09:19:26
MemTotal:        1860984 kB
MemFree:          106332 kB
Buffers:            5696 kB
Cached:           728348 kB
SwapCached:        14688 kB
Active:           588996 kB
Inactive:         653896 kB
Active(anon):     367044 kB
Inactive(anon):   145752 kB
Active(file):     221952 kB
Inactive(file):   508144 kB
Unevictable:         860 kB
Mlocked:               0 kB
HighTotal:       1436668 kB
HighFree:          26020 kB
LowTotal:         424316 kB
LowFree:           80312 kB
SwapTotal:        716796 kB
SwapFree:         553204 kB
Dirty:                44 kB
Writeback:             0 kB
AnonPages:        507172 kB
Mapped:           242408 kB
Shmem:              3088 kB
Slab:              45428 kB
SReclaimable:      14776 kB
SUnreclaim:        30652 kB
KernelStack:       11464 kB
PageTables:        25340 kB
NFS_Unstable:          0 kB
Bounce:                0 kB
WritebackTmp:          0 kB
CommitLimit:     1647288 kB
Committed_AS:   55508244 kB
VmallocTotal:     458752 kB
VmallocUsed:      118032 kB
VmallocChunk:     190680 kB
Time pass: 162 sec

---2015-12-03 09:19:26
MemTotal:        1860984 kB
MemFree:          104812 kB
Buffers:            5712 kB
Cached:           728380 kB
SwapCached:        14688 kB
Active:           589656 kB
Inactive:         653928 kB
Active(anon):     367704 kB
Inactive(anon):   145768 kB
Active(file):     221952 kB
Inactive(file):   508160 kB
Unevictable:         860 kB
Mlocked:               0 kB
HighTotal:       1436668 kB
HighFree:          24780 kB
LowTotal:         424316 kB
LowFree:           80032 kB
SwapTotal:        716796 kB
SwapFree:         553208 kB
Dirty:                40 kB
Writeback:             0 kB
AnonPages:        507764 kB
Mapped:           242440 kB
Shmem:              3120 kB
Slab:              45468 kB
SReclaimable:      14780 kB
SUnreclaim:        30688 kB
KernelStack:       11464 kB
PageTables:        25344 kB
NFS_Unstable:          0 kB
Bounce:                0 kB
WritebackTmp:          0 kB
CommitLimit:     1647288 kB
Committed_AS:   55508868 kB
VmallocTotal:     458752 kB
VmallocUsed:      118032 kB
VmallocChunk:     190680 kB
Time pass: 165 sec

---2015-12-03 09:19:26
MemTotal:        1860984 kB
MemFree:          104844 kB
Buffers:            5728 kB
Cached:           728380 kB
SwapCached:        14688 kB
Active:           589964 kB
Inactive:         653964 kB
Active(anon):     368012 kB
Inactive(anon):   145788 kB
Active(file):     221952 kB
Inactive(file):   508176 kB
Unevictable:         860 kB
Mlocked:               0 kB
HighTotal:       1436668 kB
HighFree:          24780 kB
LowTotal:         424316 kB
LowFree:           80064 kB
SwapTotal:        716796 kB
SwapFree:         553208 kB
Dirty:                 0 kB
Writeback:             0 kB
AnonPages:        508124 kB
Mapped:           242440 kB
Shmem:              3120 kB
Slab:              45500 kB
SReclaimable:      14784 kB
SUnreclaim:        30716 kB
KernelStack:       11464 kB
PageTables:        25344 kB
NFS_Unstable:          0 kB
Bounce:                0 kB
WritebackTmp:          0 kB
CommitLimit:     1647288 kB
Committed_AS:   55509104 kB
VmallocTotal:     458752 kB
VmallocUsed:      118032 kB
VmallocChunk:     190680 kB
Time pass: 169 sec

---2015-12-03 09:19:26
MemTotal:        1860984 kB
MemFree:          104152 kB
Buffers:            5728 kB
Cached:           728380 kB
SwapCached:        14692 kB
Active:           590348 kB
Inactive:         653968 kB
Active(anon):     368396 kB
Inactive(anon):   145792 kB
Active(file):     221952 kB
Inactive(file):   508176 kB
Unevictable:         860 kB
Mlocked:               0 kB
HighTotal:       1436668 kB
HighFree:          24160 kB
LowTotal:         424316 kB
LowFree:           79992 kB
SwapTotal:        716796 kB
SwapFree:         553208 kB
Dirty:                 4 kB
Writeback:             0 kB
AnonPages:        508496 kB
Mapped:           242440 kB
Shmem:              3120 kB
Slab:              45556 kB
SReclaimable:      14784 kB
SUnreclaim:        30772 kB
KernelStack:       11472 kB
PageTables:        25344 kB
NFS_Unstable:          0 kB
Bounce:                0 kB
WritebackTmp:          0 kB
CommitLimit:     1647288 kB
Committed_AS:   55509376 kB
VmallocTotal:     458752 kB
VmallocUsed:      118032 kB
VmallocChunk:     190680 kB
Time pass: 172 sec

---2015-12-03 09:19:26
MemTotal:        1860984 kB
MemFree:          106652 kB
Buffers:            5752 kB
Cached:           728388 kB
SwapCached:        14692 kB
Active:           586060 kB
Inactive:         653760 kB
Active(anon):     364108 kB
Inactive(anon):   145560 kB
Active(file):     221952 kB
Inactive(file):   508200 kB
Unevictable:         860 kB
Mlocked:               0 kB
HighTotal:       1436668 kB
HighFree:          26640 kB
LowTotal:         424316 kB
LowFree:           80012 kB
SwapTotal:        716796 kB
SwapFree:         549072 kB
Dirty:                44 kB
Writeback:             0 kB
AnonPages:        504048 kB
Mapped:           242448 kB
Shmem:              3128 kB
Slab:              45608 kB
SReclaimable:      14864 kB
SUnreclaim:        30744 kB
KernelStack:       11496 kB
PageTables:        25344 kB
NFS_Unstable:          0 kB
Bounce:                0 kB
WritebackTmp:          0 kB
CommitLimit:     1647288 kB
Committed_AS:   55508892 kB
VmallocTotal:     458752 kB
VmallocUsed:      118032 kB
VmallocChunk:     190680 kB
Time pass: 176 sec

---2015-12-03 09:19:26
MemTotal:        1860984 kB
MemFree:          108488 kB
Buffers:            5752 kB
Cached:           728392 kB
SwapCached:        14692 kB
Active:           586080 kB
Inactive:         653696 kB
Active(anon):     364128 kB
Inactive(anon):   145496 kB
Active(file):     221952 kB
Inactive(file):   508200 kB
Unevictable:         860 kB
Mlocked:               0 kB
HighTotal:       1436668 kB
HighFree:          27608 kB
LowTotal:         424316 kB
LowFree:           80880 kB
SwapTotal:        716796 kB
SwapFree:         549072 kB
Dirty:                 0 kB
Writeback:             0 kB
AnonPages:        504068 kB
Mapped:           242464 kB
Shmem:              3132 kB
Slab:              45612 kB
SReclaimable:      14816 kB
SUnreclaim:        30796 kB
KernelStack:       11416 kB
PageTables:        25344 kB
NFS_Unstable:          0 kB
Bounce:                0 kB
WritebackTmp:          0 kB
CommitLimit:     1647288 kB
Committed_AS:   55509964 kB
VmallocTotal:     458752 kB
VmallocUsed:      118032 kB
VmallocChunk:     190680 kB
Time pass: 179 sec

---2015-12-03 09:19:26
MemTotal:        1860984 kB
MemFree:          106860 kB
Buffers:            5760 kB
Cached:           728372 kB
SwapCached:        14712 kB
Active:           585928 kB
Inactive:         653204 kB
Active(anon):     363976 kB
Inactive(anon):   144996 kB
Active(file):     221952 kB
Inactive(file):   508208 kB
Unevictable:         860 kB
Mlocked:               0 kB
HighTotal:       1436668 kB
HighFree:          25772 kB
LowTotal:         424316 kB
LowFree:           81088 kB
SwapTotal:        716796 kB
SwapFree:         546428 kB
Dirty:                32 kB
Writeback:             0 kB
AnonPages:        503300 kB
Mapped:           242464 kB
Shmem:              3132 kB
Slab:              45504 kB
SReclaimable:      14816 kB
SUnreclaim:        30688 kB
KernelStack:       11392 kB
PageTables:        25348 kB
NFS_Unstable:          0 kB
Bounce:                0 kB
WritebackTmp:          0 kB
CommitLimit:     1647288 kB
Committed_AS:   55511084 kB
VmallocTotal:     458752 kB
VmallocUsed:      118032 kB
VmallocChunk:     190680 kB
Time pass: 183 sec

---2015-12-03 09:19:26
MemTotal:        1860984 kB
MemFree:          109136 kB
Buffers:            5776 kB
Cached:           728524 kB
SwapCached:        14716 kB
Active:           583108 kB
Inactive:         653608 kB
Active(anon):     361156 kB
Inactive(anon):   145384 kB
Active(file):     221952 kB
Inactive(file):   508224 kB
Unevictable:         860 kB
Mlocked:               0 kB
HighTotal:       1436668 kB
HighFree:          27464 kB
LowTotal:         424316 kB
LowFree:           81672 kB
SwapTotal:        716796 kB
SwapFree:         544948 kB
Dirty:                 0 kB
Writeback:             0 kB
AnonPages:        500660 kB
Mapped:           242596 kB
Shmem:              3264 kB
Slab:              45476 kB
SReclaimable:      14792 kB
SUnreclaim:        30684 kB
KernelStack:       11392 kB
PageTables:        25348 kB
NFS_Unstable:          0 kB
Bounce:                0 kB
WritebackTmp:          0 kB
CommitLimit:     1647288 kB
Committed_AS:   55509392 kB
VmallocTotal:     458752 kB
VmallocUsed:      118032 kB
VmallocChunk:     190680 kB
Time pass: 187 sec

---2015-12-03 09:19:26
MemTotal:        1860984 kB
MemFree:          106328 kB
Buffers:            5784 kB
Cached:           728612 kB
SwapCached:        14720 kB
Active:           582332 kB
Inactive:         653204 kB
Active(anon):     360380 kB
Inactive(anon):   144900 kB
Active(file):     221952 kB
Inactive(file):   508304 kB
Unevictable:         860 kB
Mlocked:               0 kB
HighTotal:       1436668 kB
HighFree:          25232 kB
LowTotal:         424316 kB
LowFree:           81096 kB
SwapTotal:        716796 kB
SwapFree:         542648 kB
Dirty:                28 kB
Writeback:             0 kB
AnonPages:        499748 kB
Mapped:           242608 kB
Shmem:              3264 kB
Slab:              45472 kB
SReclaimable:      14792 kB
SUnreclaim:        30680 kB
KernelStack:       11440 kB
PageTables:        25356 kB
NFS_Unstable:          0 kB
Bounce:                0 kB
WritebackTmp:          0 kB
CommitLimit:     1647288 kB
Committed_AS:   55511336 kB
VmallocTotal:     458752 kB
VmallocUsed:      118056 kB
VmallocChunk:     190680 kB
Time pass: 190 sec

---2015-12-03 09:19:26
MemTotal:        1860984 kB
MemFree:          109300 kB
Buffers:            5800 kB
Cached:           728656 kB
SwapCached:        14712 kB
Active:           580580 kB
Inactive:         653480 kB
Active(anon):     358628 kB
Inactive(anon):   145140 kB
Active(file):     221952 kB
Inactive(file):   508340 kB
Unevictable:         860 kB
Mlocked:               0 kB
HighTotal:       1436668 kB
HighFree:          27300 kB
LowTotal:         424316 kB
LowFree:           82000 kB
SwapTotal:        716796 kB
SwapFree:         540856 kB
Dirty:                36 kB
Writeback:             0 kB
AnonPages:        497876 kB
Mapped:           242648 kB
Shmem:              3304 kB
Slab:              45464 kB
SReclaimable:      14760 kB
SUnreclaim:        30704 kB
KernelStack:       11456 kB
PageTables:        25356 kB
NFS_Unstable:          0 kB
Bounce:                0 kB
WritebackTmp:          0 kB
CommitLimit:     1647288 kB
Committed_AS:   55511428 kB
VmallocTotal:     458752 kB
VmallocUsed:      118056 kB
VmallocChunk:     190680 kB
Time pass: 194 sec

---2015-12-03 09:19:26
MemTotal:        1860984 kB
MemFree:          112052 kB
Buffers:            5816 kB
Cached:           728656 kB
SwapCached:        14712 kB
Active:           576664 kB
Inactive:         653320 kB
Active(anon):     354712 kB
Inactive(anon):   144964 kB
Active(file):     221952 kB
Inactive(file):   508356 kB
Unevictable:         860 kB
Mlocked:               0 kB
HighTotal:       1436668 kB
HighFree:          29776 kB
LowTotal:         424316 kB
LowFree:           82276 kB
SwapTotal:        716796 kB
SwapFree:         536744 kB
Dirty:                40 kB
Writeback:             0 kB
AnonPages:        493792 kB
Mapped:           242648 kB
Shmem:              3304 kB
Slab:              45428 kB
SReclaimable:      14764 kB
SUnreclaim:        30664 kB
KernelStack:       11432 kB
PageTables:        25356 kB
NFS_Unstable:          0 kB
Bounce:                0 kB
WritebackTmp:          0 kB
CommitLimit:     1647288 kB
Committed_AS:   55511428 kB
VmallocTotal:     458752 kB
VmallocUsed:      118056 kB
VmallocChunk:     190680 kB
Time pass: 197 sec

---2015-12-03 09:19:26
MemTotal:        1860984 kB
MemFree:          111228 kB
Buffers:            5816 kB
Cached:           728676 kB
SwapCached:        14712 kB
Active:           577560 kB
Inactive:         653320 kB
Active(anon):     355608 kB
Inactive(anon):   144964 kB
Active(file):     221952 kB
Inactive(file):   508356 kB
Unevictable:         860 kB
Mlocked:               0 kB
HighTotal:       1436668 kB
HighFree:          28924 kB
LowTotal:         424316 kB
LowFree:           82304 kB
SwapTotal:        716796 kB
SwapFree:         536748 kB
Dirty:                40 kB
Writeback:             0 kB
AnonPages:        494656 kB
Mapped:           242668 kB
Shmem:              3324 kB
Slab:              45436 kB
SReclaimable:      14764 kB
SUnreclaim:        30672 kB
KernelStack:       11424 kB
PageTables:        25356 kB
NFS_Unstable:          0 kB
Bounce:                0 kB
WritebackTmp:          0 kB
CommitLimit:     1647288 kB
Committed_AS:   55512256 kB
VmallocTotal:     458752 kB
VmallocUsed:      118056 kB
VmallocChunk:     190680 kB
Time pass: 201 sec

---2015-12-03 09:19:26
MemTotal:        1860984 kB
MemFree:          115040 kB
Buffers:            5840 kB
Cached:           728788 kB
SwapCached:        14708 kB
Active:           574036 kB
Inactive:         652836 kB
Active(anon):     352084 kB
Inactive(anon):   144472 kB
Active(file):     221952 kB
Inactive(file):   508364 kB
Unevictable:         860 kB
Mlocked:               0 kB
HighTotal:       1436668 kB
HighFree:          32276 kB
LowTotal:         424316 kB
LowFree:           82764 kB
SwapTotal:        716796 kB
SwapFree:         532652 kB
Dirty:                28 kB
Writeback:             8 kB
AnonPages:        490616 kB
Mapped:           242792 kB
Shmem:              3448 kB
Slab:              45552 kB
SReclaimable:      14828 kB
SUnreclaim:        30724 kB
KernelStack:       11464 kB
PageTables:        25356 kB
NFS_Unstable:          0 kB
Bounce:                0 kB
WritebackTmp:          0 kB
CommitLimit:     1647288 kB
Committed_AS:   55511924 kB
VmallocTotal:     458752 kB
VmallocUsed:      118056 kB
VmallocChunk:     190680 kB
Time pass: 204 sec

---2015-12-03 09:19:26
MemTotal:        1860984 kB
MemFree:          114108 kB
Buffers:            5840 kB
Cached:           728876 kB
SwapCached:        14708 kB
Active:           574864 kB
Inactive:         652892 kB
Active(anon):     352912 kB
Inactive(anon):   144512 kB
Active(file):     221952 kB
Inactive(file):   508380 kB
Unevictable:         860 kB
Mlocked:               0 kB
HighTotal:       1436668 kB
HighFree:          31464 kB
LowTotal:         424316 kB
LowFree:           82644 kB
SwapTotal:        716796 kB
SwapFree:         532652 kB
Dirty:                 0 kB
Writeback:             0 kB
AnonPages:        491200 kB
Mapped:           242868 kB
Shmem:              3524 kB
Slab:              45624 kB
SReclaimable:      14820 kB
SUnreclaim:        30804 kB
KernelStack:       11392 kB
PageTables:        25360 kB
NFS_Unstable:          0 kB
Bounce:                0 kB
WritebackTmp:          0 kB
CommitLimit:     1647288 kB
Committed_AS:   55512508 kB
VmallocTotal:     458752 kB
VmallocUsed:      118056 kB
VmallocChunk:     190680 kB
Time pass: 208 sec

---2015-12-03 09:19:26
MemTotal:        1860984 kB
MemFree:          112380 kB
Buffers:            5864 kB
Cached:           729028 kB
SwapCached:        14708 kB
Active:           576008 kB
Inactive:         653020 kB
Active(anon):     354056 kB
Inactive(anon):   144640 kB
Active(file):     221952 kB
Inactive(file):   508380 kB
Unevictable:         860 kB
Mlocked:               0 kB
HighTotal:       1436668 kB
HighFree:          30256 kB
LowTotal:         424316 kB
LowFree:           82124 kB
SwapTotal:        716796 kB
SwapFree:         532652 kB
Dirty:                28 kB
Writeback:             0 kB
AnonPages:        492452 kB
Mapped:           243036 kB
Shmem:              3692 kB
Slab:              45608 kB
SReclaimable:      14828 kB
SUnreclaim:        30780 kB
KernelStack:       11448 kB
PageTables:        25356 kB
NFS_Unstable:          0 kB
Bounce:                0 kB
WritebackTmp:          0 kB
CommitLimit:     1647288 kB
Committed_AS:   55514160 kB
VmallocTotal:     458752 kB
VmallocUsed:      118056 kB
VmallocChunk:     190680 kB
Time pass: 212 sec

---2015-12-03 09:19:26
MemTotal:        1860984 kB
MemFree:          115224 kB
Buffers:            5864 kB
Cached:           729016 kB
SwapCached:        14708 kB
Active:           573612 kB
Inactive:         651644 kB
Active(anon):     351660 kB
Inactive(anon):   143240 kB
Active(file):     221952 kB
Inactive(file):   508404 kB
Unevictable:         860 kB
Mlocked:               0 kB
HighTotal:       1436668 kB
HighFree:          32596 kB
LowTotal:         424316 kB
LowFree:           82628 kB
SwapTotal:        716796 kB
SwapFree:         529792 kB
Dirty:                 0 kB
Writeback:             0 kB
AnonPages:        488952 kB
Mapped:           242968 kB
Shmem:              3664 kB
Slab:              45656 kB
SReclaimable:      14892 kB
SUnreclaim:        30764 kB
KernelStack:       11440 kB
PageTables:        25340 kB
NFS_Unstable:          0 kB
Bounce:                0 kB
WritebackTmp:          0 kB
CommitLimit:     1647288 kB
Committed_AS:   55513444 kB
VmallocTotal:     458752 kB
VmallocUsed:      118056 kB
VmallocChunk:     190680 kB
Time pass: 216 sec

---2015-12-03 09:19:26
MemTotal:        1860984 kB
MemFree:          114440 kB
Buffers:            5896 kB
Cached:           729028 kB
SwapCached:        14724 kB
Active:           574328 kB
Inactive:         651540 kB
Active(anon):     352368 kB
Inactive(anon):   143100 kB
Active(file):     221960 kB
Inactive(file):   508440 kB
Unevictable:         860 kB
Mlocked:               0 kB
HighTotal:       1436668 kB
HighFree:          32312 kB
LowTotal:         424316 kB
LowFree:           82128 kB
SwapTotal:        716796 kB
SwapFree:         528516 kB
Dirty:                28 kB
Writeback:             0 kB
AnonPages:        489260 kB
Mapped:           243176 kB
Shmem:              3664 kB
Slab:              45696 kB
SReclaimable:      14812 kB
SUnreclaim:        30884 kB
KernelStack:       11528 kB
PageTables:        25632 kB
NFS_Unstable:          0 kB
Bounce:                0 kB
WritebackTmp:          0 kB
CommitLimit:     1647288 kB
Committed_AS:   56301736 kB
VmallocTotal:     458752 kB
VmallocUsed:      119076 kB
VmallocChunk:     190680 kB
Time pass: 220 sec

---2015-12-03 09:19:26
MemTotal:        1860984 kB
MemFree:          114128 kB
Buffers:            5896 kB
Cached:           729044 kB
SwapCached:        14724 kB
Active:           575392 kB
Inactive:         651560 kB
Active(anon):     353432 kB
Inactive(anon):   143104 kB
Active(file):     221960 kB
Inactive(file):   508456 kB
Unevictable:         860 kB
Mlocked:               0 kB
HighTotal:       1436668 kB
HighFree:          31884 kB
LowTotal:         424316 kB
LowFree:           82244 kB
SwapTotal:        716796 kB
SwapFree:         528520 kB
Dirty:                 0 kB
Writeback:             0 kB
AnonPages:        490236 kB
Mapped:           243216 kB
Shmem:              3664 kB
Slab:              45644 kB
SReclaimable:      14812 kB
SUnreclaim:        30832 kB
KernelStack:       11504 kB
PageTables:        25648 kB
NFS_Unstable:          0 kB
Bounce:                0 kB
WritebackTmp:          0 kB
CommitLimit:     1647288 kB
Committed_AS:   56302272 kB
VmallocTotal:     458752 kB
VmallocUsed:      119076 kB
VmallocChunk:     190680 kB
Time pass: 224 sec

---2015-12-03 09:19:26
MemTotal:        1860984 kB
MemFree:          115344 kB
Buffers:            5912 kB
Cached:           729044 kB
SwapCached:        14724 kB
Active:           571584 kB
Inactive:         650428 kB
Active(anon):     349624 kB
Inactive(anon):   141956 kB
Active(file):     221960 kB
Inactive(file):   508472 kB
Unevictable:         860 kB
Mlocked:               0 kB
HighTotal:       1436668 kB
HighFree:          33068 kB
LowTotal:         424316 kB
LowFree:           82276 kB
SwapTotal:        716796 kB
SwapFree:         524320 kB
Dirty:                44 kB
Writeback:             0 kB
AnonPages:        485436 kB
Mapped:           243216 kB
Shmem:              3664 kB
Slab:              45680 kB
SReclaimable:      14892 kB
SUnreclaim:        30788 kB
KernelStack:       11528 kB
PageTables:        25648 kB
NFS_Unstable:          0 kB
Bounce:                0 kB
WritebackTmp:          0 kB
CommitLimit:     1647288 kB
Committed_AS:   56301884 kB
VmallocTotal:     458752 kB
VmallocUsed:      119076 kB
VmallocChunk:     190680 kB
Time pass: 228 sec

---2015-12-03 09:19:26
MemTotal:        1860984 kB
MemFree:          116516 kB
Buffers:            5920 kB
Cached:           729044 kB
SwapCached:        14724 kB
Active:           571652 kB
Inactive:         650420 kB
Active(anon):     349692 kB
Inactive(anon):   141948 kB
Active(file):     221960 kB
Inactive(file):   508472 kB
Unevictable:         860 kB
Mlocked:               0 kB
HighTotal:       1436668 kB
HighFree:          33812 kB
LowTotal:         424316 kB
LowFree:           82704 kB
SwapTotal:        716796 kB
SwapFree:         524336 kB
Dirty:                28 kB
Writeback:             0 kB
AnonPages:        485472 kB
Mapped:           243232 kB
Shmem:              3664 kB
Slab:              45680 kB
SReclaimable:      14832 kB
SUnreclaim:        30848 kB
KernelStack:       11528 kB
PageTables:        25648 kB
NFS_Unstable:          0 kB
Bounce:                0 kB
WritebackTmp:          0 kB
CommitLimit:     1647288 kB
Committed_AS:   56302028 kB
VmallocTotal:     458752 kB
VmallocUsed:      119076 kB
VmallocChunk:     190680 kB
Time pass: 232 sec

---2015-12-03 09:19:26
MemTotal:        1860984 kB
MemFree:          116752 kB
Buffers:            5936 kB
Cached:           729044 kB
SwapCached:        14724 kB
Active:           571448 kB
Inactive:         650456 kB
Active(anon):     349488 kB
Inactive(anon):   141960 kB
Active(file):     221960 kB
Inactive(file):   508496 kB
Unevictable:         860 kB
Mlocked:               0 kB
HighTotal:       1436668 kB
HighFree:          33900 kB
LowTotal:         424316 kB
LowFree:           82852 kB
SwapTotal:        716796 kB
SwapFree:         524348 kB
Dirty:                 0 kB
Writeback:             0 kB
AnonPages:        485148 kB
Mapped:           243192 kB
Shmem:              3664 kB
Slab:              45668 kB
SReclaimable:      14832 kB
SUnreclaim:        30836 kB
KernelStack:       11520 kB
PageTables:        25632 kB
NFS_Unstable:          0 kB
Bounce:                0 kB
WritebackTmp:          0 kB
CommitLimit:     1647288 kB
Committed_AS:   56302304 kB
VmallocTotal:     458752 kB
VmallocUsed:      119076 kB
VmallocChunk:     190680 kB
Time pass: 236 sec

---2015-12-03 09:19:26
MemTotal:        1860984 kB
MemFree:          117784 kB
Buffers:            5960 kB
Cached:           729040 kB
SwapCached:        14724 kB
Active:           568400 kB
Inactive:         649312 kB
Active(anon):     346444 kB
Inactive(anon):   140804 kB
Active(file):     221956 kB
Inactive(file):   508508 kB
Unevictable:         860 kB
Mlocked:               0 kB
HighTotal:       1436668 kB
HighFree:          35036 kB
LowTotal:         424316 kB
LowFree:           82748 kB
SwapTotal:        716796 kB
SwapFree:         520172 kB
Dirty:                56 kB
Writeback:             0 kB
AnonPages:        480924 kB
Mapped:           243196 kB
Shmem:              3664 kB
Slab:              45708 kB
SReclaimable:      14784 kB
SUnreclaim:        30924 kB
KernelStack:       11528 kB
PageTables:        25632 kB
NFS_Unstable:          0 kB
Bounce:                0 kB
WritebackTmp:          0 kB
CommitLimit:     1647288 kB
Committed_AS:   56301984 kB
VmallocTotal:     458752 kB
VmallocUsed:      119076 kB
VmallocChunk:     190680 kB
Time pass: 240 sec

---2015-12-03 09:19:26
MemTotal:        1860984 kB
MemFree:          118244 kB
Buffers:            5968 kB
Cached:           729044 kB
SwapCached:        14724 kB
Active:           566752 kB
Inactive:         648080 kB
Active(anon):     344792 kB
Inactive(anon):   139552 kB
Active(file):     221960 kB
Inactive(file):   508528 kB
Unevictable:         860 kB
Mlocked:               0 kB
HighTotal:       1436668 kB
HighFree:          35140 kB
LowTotal:         424316 kB
LowFree:           83104 kB
SwapTotal:        716796 kB
SwapFree:         516024 kB
Dirty:                 0 kB
Writeback:             0 kB
AnonPages:        478064 kB
Mapped:           243236 kB
Shmem:              3664 kB
Slab:              45732 kB
SReclaimable:      14832 kB
SUnreclaim:        30900 kB
KernelStack:       11440 kB
PageTables:        25648 kB
NFS_Unstable:          0 kB
Bounce:                0 kB
WritebackTmp:          0 kB
CommitLimit:     1647288 kB
Committed_AS:   56301160 kB
VmallocTotal:     458752 kB
VmallocUsed:      119076 kB
VmallocChunk:     190680 kB
Time pass: 243 sec

---2015-12-03 09:19:26
MemTotal:        1860984 kB
MemFree:          119168 kB
Buffers:            5976 kB
Cached:           729044 kB
SwapCached:        14724 kB
Active:           566928 kB
Inactive:         648076 kB
Active(anon):     344968 kB
Inactive(anon):   139548 kB
Active(file):     221960 kB
Inactive(file):   508528 kB
Unevictable:         860 kB
Mlocked:               0 kB
HighTotal:       1436668 kB
HighFree:          35872 kB
LowTotal:         424316 kB
LowFree:           83296 kB
SwapTotal:        716796 kB
SwapFree:         516024 kB
Dirty:                28 kB
Writeback:             0 kB
AnonPages:        478188 kB
Mapped:           243236 kB
Shmem:              3664 kB
Slab:              45712 kB
SReclaimable:      14808 kB
SUnreclaim:        30904 kB
KernelStack:       11488 kB
PageTables:        25648 kB
NFS_Unstable:          0 kB
Bounce:                0 kB
WritebackTmp:          0 kB
CommitLimit:     1647288 kB
Committed_AS:   56301148 kB
VmallocTotal:     458752 kB
VmallocUsed:      119076 kB
VmallocChunk:     190680 kB
Time pass: 247 sec

---2015-12-03 09:19:26
MemTotal:        1860984 kB
MemFree:          119348 kB
Buffers:            5992 kB
Cached:           729044 kB
SwapCached:        14720 kB
Active:           566212 kB
Inactive:         648108 kB
Active(anon):     344252 kB
Inactive(anon):   139556 kB
Active(file):     221960 kB
Inactive(file):   508552 kB
Unevictable:         860 kB
Mlocked:               0 kB
HighTotal:       1436668 kB
HighFree:          36248 kB
LowTotal:         424316 kB
LowFree:           83100 kB
SwapTotal:        716796 kB
SwapFree:         516036 kB
Dirty:                 0 kB
Writeback:             0 kB
AnonPages:        477556 kB
Mapped:           243236 kB
Shmem:              3664 kB
Slab:              45792 kB
SReclaimable:      14816 kB
SUnreclaim:        30976 kB
KernelStack:       11488 kB
PageTables:        25652 kB
NFS_Unstable:          0 kB
Bounce:                0 kB
WritebackTmp:          0 kB
CommitLimit:     1647288 kB
Committed_AS:   56300372 kB
VmallocTotal:     458752 kB
VmallocUsed:      119076 kB
VmallocChunk:     190680 kB
Time pass: 251 sec

---2015-12-03 09:19:26
MemTotal:        1860984 kB
MemFree:          119396 kB
Buffers:            6000 kB
Cached:           729044 kB
SwapCached:        14720 kB
Active:           566620 kB
Inactive:         648116 kB
Active(anon):     344660 kB
Inactive(anon):   139556 kB
Active(file):     221960 kB
Inactive(file):   508560 kB
Unevictable:         860 kB
Mlocked:               0 kB
HighTotal:       1436668 kB
HighFree:          36124 kB
LowTotal:         424316 kB
LowFree:           83272 kB
SwapTotal:        716796 kB
SwapFree:         516036 kB
Dirty:                28 kB
Writeback:             0 kB
AnonPages:        477948 kB
Mapped:           243236 kB
Shmem:              3664 kB
Slab:              45788 kB
SReclaimable:      14816 kB
SUnreclaim:        30972 kB
KernelStack:       11496 kB
PageTables:        25652 kB
NFS_Unstable:          0 kB
Bounce:                0 kB
WritebackTmp:          0 kB
CommitLimit:     1647288 kB
Committed_AS:   56300536 kB
VmallocTotal:     458752 kB
VmallocUsed:      119076 kB
VmallocChunk:     190680 kB
Time pass: 254 sec

---2015-12-03 09:19:26
MemTotal:        1860984 kB
MemFree:          121820 kB
Buffers:            6000 kB
Cached:           729044 kB
SwapCached:        14720 kB
Active:           564920 kB
Inactive:         646104 kB
Active(anon):     342960 kB
Inactive(anon):   137544 kB
Active(file):     221960 kB
Inactive(file):   508560 kB
Unevictable:         860 kB
Mlocked:               0 kB
HighTotal:       1436668 kB
HighFree:          37784 kB
LowTotal:         424316 kB
LowFree:           84036 kB
SwapTotal:        716796 kB
SwapFree:         511892 kB
Dirty:                 4 kB
Writeback:             0 kB
AnonPages:        474316 kB
Mapped:           243236 kB
Shmem:              3664 kB
Slab:              45824 kB
SReclaimable:      14928 kB
SUnreclaim:        30896 kB
KernelStack:       11440 kB
PageTables:        25652 kB
NFS_Unstable:          0 kB
Bounce:                0 kB
WritebackTmp:          0 kB
CommitLimit:     1647288 kB
Committed_AS:   56300816 kB
VmallocTotal:     458752 kB
VmallocUsed:      119076 kB
VmallocChunk:     190680 kB
Time pass: 258 sec

---2015-12-03 09:19:26
MemTotal:        1860984 kB
MemFree:          122760 kB
Buffers:            6000 kB
Cached:           729044 kB
SwapCached:        14720 kB
Active:           564328 kB
Inactive:         646048 kB
Active(anon):     342368 kB
Inactive(anon):   137488 kB
Active(file):     221960 kB
Inactive(file):   508560 kB
Unevictable:         860 kB
Mlocked:               0 kB
HighTotal:       1436668 kB
HighFree:          38652 kB
LowTotal:         424316 kB
LowFree:           84108 kB
SwapTotal:        716796 kB
SwapFree:         511896 kB
Dirty:                 4 kB
Writeback:             0 kB
AnonPages:        473596 kB
Mapped:           243236 kB
Shmem:              3664 kB
Slab:              45756 kB
SReclaimable:      14824 kB
SUnreclaim:        30932 kB
KernelStack:       11488 kB
PageTables:        25652 kB
NFS_Unstable:          0 kB
Bounce:                0 kB
WritebackTmp:          0 kB
CommitLimit:     1647288 kB
Committed_AS:   56299868 kB
VmallocTotal:     458752 kB
VmallocUsed:      119076 kB
VmallocChunk:     190680 kB
Time pass: 261 sec

---2015-12-03 09:19:26
MemTotal:        1860984 kB
MemFree:          124684 kB
Buffers:            6008 kB
Cached:           729044 kB
SwapCached:        14476 kB
Active:           562592 kB
Inactive:         643964 kB
Active(anon):     340632 kB
Inactive(anon):   135396 kB
Active(file):     221960 kB
Inactive(file):   508568 kB
Unevictable:         860 kB
Mlocked:               0 kB
HighTotal:       1436668 kB
HighFree:          39436 kB
LowTotal:         424316 kB
LowFree:           85248 kB
SwapTotal:        716796 kB
SwapFree:         508040 kB
Dirty:                 0 kB
Writeback:             0 kB
AnonPages:        469724 kB
Mapped:           243212 kB
Shmem:              3664 kB
Slab:              45688 kB
SReclaimable:      14800 kB
SUnreclaim:        30888 kB
KernelStack:       11488 kB
PageTables:        25652 kB
NFS_Unstable:          0 kB
Bounce:                0 kB
WritebackTmp:          0 kB
CommitLimit:     1647288 kB
Committed_AS:   56300188 kB
VmallocTotal:     458752 kB
VmallocUsed:      119076 kB
VmallocChunk:     190680 kB
Time pass: 265 sec

---2015-12-03 09:19:26
MemTotal:        1860984 kB
MemFree:          123900 kB
Buffers:            6008 kB
Cached:           729044 kB
SwapCached:        14476 kB
Active:           564536 kB
Inactive:         643964 kB
Active(anon):     342576 kB
Inactive(anon):   135396 kB
Active(file):     221960 kB
Inactive(file):   508568 kB
Unevictable:         860 kB
Mlocked:               0 kB
HighTotal:       1436668 kB
HighFree:          38120 kB
LowTotal:         424316 kB
LowFree:           85780 kB
SwapTotal:        716796 kB
SwapFree:         508040 kB
Dirty:                 0 kB
Writeback:             0 kB
AnonPages:        471820 kB
Mapped:           243204 kB
Shmem:              3664 kB
Slab:              45728 kB
SReclaimable:      14792 kB
SUnreclaim:        30936 kB
KernelStack:       11504 kB
PageTables:        25636 kB
NFS_Unstable:          0 kB
Bounce:                0 kB
WritebackTmp:          0 kB
CommitLimit:     1647288 kB
Committed_AS:   56301960 kB
VmallocTotal:     458752 kB
VmallocUsed:      119076 kB
VmallocChunk:     190680 kB
Time pass: 268 sec

---2015-12-03 09:19:26
MemTotal:        1860984 kB
MemFree:          123820 kB
Buffers:            6024 kB
Cached:           729044 kB
SwapCached:        14476 kB
Active:           563940 kB
Inactive:         643980 kB
Active(anon):     341980 kB
Inactive(anon):   135396 kB
Active(file):     221960 kB
Inactive(file):   508584 kB
Unevictable:         860 kB
Mlocked:               0 kB
HighTotal:       1436668 kB
HighFree:          38124 kB
LowTotal:         424316 kB
LowFree:           85696 kB
SwapTotal:        716796 kB
SwapFree:         508040 kB
Dirty:                40 kB
Writeback:             0 kB
AnonPages:        471076 kB
Mapped:           243212 kB
Shmem:              3664 kB
Slab:              45668 kB
SReclaimable:      14792 kB
SUnreclaim:        30876 kB
KernelStack:       11488 kB
PageTables:        25652 kB
NFS_Unstable:          0 kB
Bounce:                0 kB
WritebackTmp:          0 kB
CommitLimit:     1647288 kB
Committed_AS:   56301108 kB
VmallocTotal:     458752 kB
VmallocUsed:      119076 kB
VmallocChunk:     190680 kB
Time pass: 272 sec

---2015-12-03 09:19:26
MemTotal:        1860984 kB
MemFree:          125296 kB
Buffers:            6024 kB
Cached:           729044 kB
SwapCached:        14476 kB
Active:           563208 kB
Inactive:         643980 kB
Active(anon):     341248 kB
Inactive(anon):   135396 kB
Active(file):     221960 kB
Inactive(file):   508584 kB
Unevictable:         860 kB
Mlocked:               0 kB
HighTotal:       1436668 kB
HighFree:          39432 kB
LowTotal:         424316 kB
LowFree:           85864 kB
SwapTotal:        716796 kB
SwapFree:         508040 kB
Dirty:                40 kB
Writeback:             0 kB
AnonPages:        470480 kB
Mapped:           243212 kB
Shmem:              3664 kB
Slab:              45684 kB
SReclaimable:      14792 kB
SUnreclaim:        30892 kB
KernelStack:       11464 kB
PageTables:        25648 kB
NFS_Unstable:          0 kB
Bounce:                0 kB
WritebackTmp:          0 kB
CommitLimit:     1647288 kB
Committed_AS:   56300248 kB
VmallocTotal:     458752 kB
VmallocUsed:      119076 kB
VmallocChunk:     190680 kB
Time pass: 276 sec

---2015-12-03 09:19:26
MemTotal:        1860984 kB
MemFree:          124652 kB
Buffers:            6032 kB
Cached:           729044 kB
SwapCached:        14480 kB
Active:           563408 kB
Inactive:         644004 kB
Active(anon):     341448 kB
Inactive(anon):   135412 kB
Active(file):     221960 kB
Inactive(file):   508592 kB
Unevictable:         860 kB
Mlocked:               0 kB
HighTotal:       1436668 kB
HighFree:          38936 kB
LowTotal:         424316 kB
LowFree:           85716 kB
SwapTotal:        716796 kB
SwapFree:         508052 kB
Dirty:                28 kB
Writeback:             0 kB
AnonPages:        470600 kB
Mapped:           243212 kB
Shmem:              3664 kB
Slab:              45680 kB
SReclaimable:      14792 kB
SUnreclaim:        30888 kB
KernelStack:       11496 kB
PageTables:        25648 kB
NFS_Unstable:          0 kB
Bounce:                0 kB
WritebackTmp:          0 kB
CommitLimit:     1647288 kB
Committed_AS:   56300240 kB
VmallocTotal:     458752 kB
VmallocUsed:      119076 kB
VmallocChunk:     190680 kB
Time pass: 279 sec

---2015-12-03 09:19:26
MemTotal:        1860984 kB
MemFree:          124268 kB
Buffers:            6032 kB
Cached:           729048 kB
SwapCached:        14476 kB
Active:           562472 kB
Inactive:         642296 kB
Active(anon):     340512 kB
Inactive(anon):   133704 kB
Active(file):     221960 kB
Inactive(file):   508592 kB
Unevictable:         860 kB
Mlocked:               0 kB
HighTotal:       1436668 kB
HighFree:          37860 kB
LowTotal:         424316 kB
LowFree:           86408 kB
SwapTotal:        716796 kB
SwapFree:         505088 kB
Dirty:                 0 kB
Writeback:             0 kB
AnonPages:        468252 kB
Mapped:           243212 kB
Shmem:              3664 kB
Slab:              45720 kB
SReclaimable:      14804 kB
SUnreclaim:        30916 kB
KernelStack:       11448 kB
PageTables:        25648 kB
NFS_Unstable:          0 kB
Bounce:                0 kB
WritebackTmp:          0 kB
CommitLimit:     1647288 kB
Committed_AS:   56300556 kB
VmallocTotal:     458752 kB
VmallocUsed:      119076 kB
VmallocChunk:     190680 kB
Time pass: 283 sec

---2015-12-03 09:19:26
MemTotal:        1860984 kB
MemFree:          126436 kB
Buffers:            6032 kB
Cached:           729044 kB
SwapCached:        14472 kB
Active:           561916 kB
Inactive:         642044 kB
Active(anon):     339956 kB
Inactive(anon):   133452 kB
Active(file):     221960 kB
Inactive(file):   508592 kB
Unevictable:         860 kB
Mlocked:               0 kB
HighTotal:       1436668 kB
HighFree:          39260 kB
LowTotal:         424316 kB
LowFree:           87176 kB
SwapTotal:        716796 kB
SwapFree:         503860 kB
Dirty:                 0 kB
Writeback:             0 kB
AnonPages:        467196 kB
Mapped:           243212 kB
Shmem:              3664 kB
Slab:              45712 kB
SReclaimable:      14804 kB
SUnreclaim:        30908 kB
KernelStack:       11448 kB
PageTables:        25648 kB
NFS_Unstable:          0 kB
Bounce:                0 kB
WritebackTmp:          0 kB
CommitLimit:     1647288 kB
Committed_AS:   56300712 kB
VmallocTotal:     458752 kB
VmallocUsed:      119076 kB
VmallocChunk:     190680 kB
Time pass: 286 sec

---2015-12-03 09:19:26
MemTotal:        1860984 kB
MemFree:          126128 kB
Buffers:            6048 kB
Cached:           729044 kB
SwapCached:        14484 kB
Active:           559868 kB
Inactive:         641456 kB
Active(anon):     337908 kB
Inactive(anon):   132848 kB
Active(file):     221960 kB
Inactive(file):   508608 kB
Unevictable:         860 kB
Mlocked:               0 kB
HighTotal:       1436668 kB
HighFree:          38740 kB
LowTotal:         424316 kB
LowFree:           87388 kB
SwapTotal:        716796 kB
SwapFree:         499740 kB
Dirty:                40 kB
Writeback:             0 kB
AnonPages:        464532 kB
Mapped:           243212 kB
Shmem:              3664 kB
Slab:              45632 kB
SReclaimable:      14804 kB
SUnreclaim:        30828 kB
KernelStack:       11496 kB
PageTables:        25656 kB
NFS_Unstable:          0 kB
Bounce:                0 kB
WritebackTmp:          0 kB
CommitLimit:     1647288 kB
Committed_AS:   56302304 kB
VmallocTotal:     458752 kB
VmallocUsed:      119076 kB
VmallocChunk:     190680 kB
Time pass: 290 sec

---2015-12-03 09:19:26
MemTotal:        1860984 kB
MemFree:          126256 kB
Buffers:            6064 kB
Cached:           729044 kB
SwapCached:        14484 kB
Active:           559712 kB
Inactive:         641472 kB
Active(anon):     337752 kB
Inactive(anon):   132848 kB
Active(file):     221960 kB
Inactive(file):   508624 kB
Unevictable:         860 kB
Mlocked:               0 kB
HighTotal:       1436668 kB
HighFree:          38692 kB
LowTotal:         424316 kB
LowFree:           87564 kB
SwapTotal:        716796 kB
SwapFree:         499740 kB
Dirty:                40 kB
Writeback:             0 kB
AnonPages:        464332 kB
Mapped:           243212 kB
Shmem:              3664 kB
Slab:              45632 kB
SReclaimable:      14792 kB
SUnreclaim:        30840 kB
KernelStack:       11496 kB
PageTables:        25656 kB
NFS_Unstable:          0 kB
Bounce:                0 kB
WritebackTmp:          0 kB
CommitLimit:     1647288 kB
Committed_AS:   56302040 kB
VmallocTotal:     458752 kB
VmallocUsed:      119076 kB
VmallocChunk:     190680 kB
Time pass: 293 sec

---2015-12-03 09:19:26
MemTotal:        1860984 kB
MemFree:          127032 kB
Buffers:            6064 kB
Cached:           729044 kB
SwapCached:        14484 kB
Active:           559068 kB
Inactive:         641480 kB
Active(anon):     337108 kB
Inactive(anon):   132856 kB
Active(file):     221960 kB
Inactive(file):   508624 kB
Unevictable:         860 kB
Mlocked:               0 kB
HighTotal:       1436668 kB
HighFree:          39560 kB
LowTotal:         424316 kB
LowFree:           87472 kB
SwapTotal:        716796 kB
SwapFree:         499748 kB
Dirty:                 0 kB
Writeback:             0 kB
AnonPages:        463620 kB
Mapped:           243212 kB
Shmem:              3664 kB
Slab:              45596 kB
SReclaimable:      14792 kB
SUnreclaim:        30804 kB
KernelStack:       11496 kB
PageTables:        25656 kB
NFS_Unstable:          0 kB
Bounce:                0 kB
WritebackTmp:          0 kB
CommitLimit:     1647288 kB
Committed_AS:   56301140 kB
VmallocTotal:     458752 kB
VmallocUsed:      119076 kB
VmallocChunk:     190680 kB
Time pass: 297 sec

---2015-12-03 09:19:26
MemTotal:        1860984 kB
MemFree:          128036 kB
Buffers:            6088 kB
Cached:           729048 kB
SwapCached:        14484 kB
Active:           557912 kB
Inactive:         640040 kB
Active(anon):     335952 kB
Inactive(anon):   131392 kB
Active(file):     221960 kB
Inactive(file):   508648 kB
Unevictable:         860 kB
Mlocked:               0 kB
HighTotal:       1436668 kB
HighFree:          40552 kB
LowTotal:         424316 kB
LowFree:           87484 kB
SwapTotal:        716796 kB
SwapFree:         495608 kB
Dirty:                36 kB
Writeback:             4 kB
AnonPages:        461024 kB
Mapped:           243212 kB
Shmem:              3664 kB
Slab:              45904 kB
SReclaimable:      14872 kB
SUnreclaim:        31032 kB
KernelStack:       11520 kB
PageTables:        25660 kB
NFS_Unstable:          0 kB
Bounce:                0 kB
WritebackTmp:          0 kB
CommitLimit:     1647288 kB
Committed_AS:   56302488 kB
VmallocTotal:     458752 kB
VmallocUsed:      119076 kB
VmallocChunk:     190680 kB
Time pass: 300 sec

---2015-12-03 09:19:26
MemTotal:        1860984 kB
MemFree:          127668 kB
Buffers:            6088 kB
Cached:           729044 kB
SwapCached:        14484 kB
Active:           558832 kB
Inactive:         639988 kB
Active(anon):     336872 kB
Inactive(anon):   131340 kB
Active(file):     221960 kB
Inactive(file):   508648 kB
Unevictable:         860 kB
Mlocked:               0 kB
HighTotal:       1436668 kB
HighFree:          39868 kB
LowTotal:         424316 kB
LowFree:           87800 kB
SwapTotal:        716796 kB
SwapFree:         495612 kB
Dirty:                 0 kB
Writeback:             0 kB
AnonPages:        462076 kB
Mapped:           243212 kB
Shmem:              3664 kB
Slab:              45808 kB
SReclaimable:      14816 kB
SUnreclaim:        30992 kB
KernelStack:       11464 kB
PageTables:        25660 kB
NFS_Unstable:          0 kB
Bounce:                0 kB
WritebackTmp:          0 kB
CommitLimit:     1647288 kB
Committed_AS:   56303684 kB
VmallocTotal:     458752 kB
VmallocUsed:      119076 kB
VmallocChunk:     190680 kB
Time pass: 304 sec

---2015-12-03 09:19:26
MemTotal:        1860984 kB
MemFree:          127772 kB
Buffers:            6112 kB
Cached:           729028 kB
SwapCached:        14480 kB
Active:           558552 kB
Inactive:         640044 kB
Active(anon):     336592 kB
Inactive(anon):   131388 kB
Active(file):     221960 kB
Inactive(file):   508656 kB
Unevictable:         860 kB
Mlocked:               0 kB
HighTotal:       1436668 kB
HighFree:          39948 kB
LowTotal:         424316 kB
LowFree:           87824 kB
SwapTotal:        716796 kB
SwapFree:         495664 kB
Dirty:                28 kB
Writeback:             0 kB
AnonPages:        461876 kB
Mapped:           243212 kB
Shmem:              3664 kB
Slab:              45740 kB
SReclaimable:      14832 kB
SUnreclaim:        30908 kB
KernelStack:       11488 kB
PageTables:        25660 kB
NFS_Unstable:          0 kB
Bounce:                0 kB
WritebackTmp:          0 kB
CommitLimit:     1647288 kB
Committed_AS:   56303588 kB
VmallocTotal:     458752 kB
VmallocUsed:      119076 kB
VmallocChunk:     190680 kB
Time pass: 308 sec

---2015-12-03 09:19:26
MemTotal:        1860984 kB
MemFree:          133252 kB
Buffers:            6112 kB
Cached:           729044 kB
SwapCached:        15312 kB
Active:           554852 kB
Inactive:         638960 kB
Active(anon):     332892 kB
Inactive(anon):   130288 kB
Active(file):     221960 kB
Inactive(file):   508672 kB
Unevictable:         860 kB
Mlocked:               0 kB
HighTotal:       1436668 kB
HighFree:          44932 kB
LowTotal:         424316 kB
LowFree:           88320 kB
SwapTotal:        716796 kB
SwapFree:         495880 kB
Dirty:                 0 kB
Writeback:             0 kB
AnonPages:        456828 kB
Mapped:           243212 kB
Shmem:              3664 kB
Slab:              45740 kB
SReclaimable:      14832 kB
SUnreclaim:        30908 kB
KernelStack:       11480 kB
PageTables:        25660 kB
NFS_Unstable:          0 kB
Bounce:                0 kB
WritebackTmp:          0 kB
CommitLimit:     1647288 kB
Committed_AS:   56303804 kB
VmallocTotal:     458752 kB
VmallocUsed:      119076 kB
VmallocChunk:     190680 kB
Time pass: 312 sec

---2015-12-03 09:19:26
MemTotal:        1860984 kB
MemFree:          131116 kB
Buffers:            6144 kB
Cached:           729044 kB
SwapCached:        15576 kB
Active:           556608 kB
Inactive:         639284 kB
Active(anon):     334648 kB
Inactive(anon):   130580 kB
Active(file):     221960 kB
Inactive(file):   508704 kB
Unevictable:         860 kB
Mlocked:               0 kB
HighTotal:       1436668 kB
HighFree:          43028 kB
LowTotal:         424316 kB
LowFree:           88088 kB
SwapTotal:        716796 kB
SwapFree:         495912 kB
Dirty:                56 kB
Writeback:             0 kB
AnonPages:        459088 kB
Mapped:           243212 kB
Shmem:              3664 kB
Slab:              45744 kB
SReclaimable:      14832 kB
SUnreclaim:        30912 kB
KernelStack:       11488 kB
PageTables:        25660 kB
NFS_Unstable:          0 kB
Bounce:                0 kB
WritebackTmp:          0 kB
CommitLimit:     1647288 kB
Committed_AS:   56304372 kB
VmallocTotal:     458752 kB
VmallocUsed:      119076 kB
VmallocChunk:     190680 kB
Time pass: 316 sec

---2015-12-03 09:19:26
MemTotal:        1860984 kB
MemFree:          131856 kB
Buffers:            6152 kB
Cached:           729060 kB
SwapCached:        15568 kB
Active:           554476 kB
Inactive:         638644 kB
Active(anon):     332516 kB
Inactive(anon):   129940 kB
Active(file):     221960 kB
Inactive(file):   508704 kB
Unevictable:         860 kB
Mlocked:               0 kB
HighTotal:       1436668 kB
HighFree:          43720 kB
LowTotal:         424316 kB
LowFree:           88136 kB
SwapTotal:        716796 kB
SwapFree:         491804 kB
Dirty:                60 kB
Writeback:             0 kB
AnonPages:        456288 kB
Mapped:           243172 kB
Shmem:              3664 kB
Slab:              45748 kB
SReclaimable:      14832 kB
SUnreclaim:        30916 kB
KernelStack:       11504 kB
PageTables:        25648 kB
NFS_Unstable:          0 kB
Bounce:                0 kB
WritebackTmp:          0 kB
CommitLimit:     1647288 kB
Committed_AS:   56306184 kB
VmallocTotal:     458752 kB
VmallocUsed:      119076 kB
VmallocChunk:     190680 kB
Time pass: 320 sec

---2015-12-03 09:19:26
MemTotal:        1860984 kB
MemFree:          134028 kB
Buffers:            6168 kB
Cached:           729044 kB
SwapCached:        15568 kB
Active:           551828 kB
Inactive:         638620 kB
Active(anon):     329868 kB
Inactive(anon):   129892 kB
Active(file):     221960 kB
Inactive(file):   508728 kB
Unevictable:         860 kB
Mlocked:               0 kB
HighTotal:       1436668 kB
HighFree:          45668 kB
LowTotal:         424316 kB
LowFree:           88360 kB
SwapTotal:        716796 kB
SwapFree:         491808 kB
Dirty:                36 kB
Writeback:             0 kB
AnonPages:        453488 kB
Mapped:           243212 kB
Shmem:              3664 kB
Slab:              45772 kB
SReclaimable:      14824 kB
SUnreclaim:        30948 kB
KernelStack:       11440 kB
PageTables:        25664 kB
NFS_Unstable:          0 kB
Bounce:                0 kB
WritebackTmp:          0 kB
CommitLimit:     1647288 kB
Committed_AS:   56303644 kB
VmallocTotal:     458752 kB
VmallocUsed:      119076 kB
VmallocChunk:     190680 kB
Time pass: 324 sec

---2015-12-03 09:19:26
MemTotal:        1860984 kB
MemFree:          134856 kB
Buffers:            6176 kB
Cached:           729040 kB
SwapCached:        15572 kB
Active:           551604 kB
Inactive:         637600 kB
Active(anon):     329644 kB
Inactive(anon):   128872 kB
Active(file):     221960 kB
Inactive(file):   508728 kB
Unevictable:         860 kB
Mlocked:               0 kB
HighTotal:       1436668 kB
HighFree:          46264 kB
LowTotal:         424316 kB
LowFree:           88592 kB
SwapTotal:        716796 kB
SwapFree:         490696 kB
Dirty:                28 kB
Writeback:             0 kB
AnonPages:        452356 kB
Mapped:           243212 kB
