---2015-12-08 16:16:17
MemTotal:        1745540 kB
MemFree:           65716 kB
Buffers:           10784 kB
Cached:           620760 kB
SwapCached:        16384 kB
Active:           688476 kB
Inactive:         691904 kB
Active(anon):     381764 kB
Inactive(anon):   370992 kB
Active(file):     306712 kB
Inactive(file):   320912 kB
Unevictable:        3816 kB
Mlocked:               0 kB
HighTotal:       1217536 kB
HighFree:          33072 kB
LowTotal:         528004 kB
LowFree:           32644 kB
SwapTotal:       1310716 kB
SwapFree:        1035632 kB
Dirty:                48 kB
Writeback:             0 kB
AnonPages:        741808 kB
Mapped:           315840 kB
Shmem:               104 kB
Slab:              55832 kB
SReclaimable:      16256 kB
SUnreclaim:        39576 kB
KernelStack:       14968 kB
PageTables:        53360 kB
NFS_Unstable:          0 kB
Bounce:                0 kB
WritebackTmp:          0 kB
CommitLimit:     2183484 kB
Committed_AS:   126149504 kB
VmallocTotal:     311296 kB
VmallocUsed:       38236 kB
VmallocChunk:     144396 kB
Time pass: 3 sec

---2015-12-08 16:16:17
MemTotal:        1745540 kB
MemFree:           65372 kB
Buffers:           10784 kB
Cached:           620776 kB
SwapCached:        16384 kB
Active:           688644 kB
Inactive:         691900 kB
Active(anon):     381904 kB
Inactive(anon):   371000 kB
Active(file):     306740 kB
Inactive(file):   320900 kB
Unevictable:        3816 kB
Mlocked:               0 kB
HighTotal:       1217536 kB
HighFree:          32728 kB
LowTotal:         528004 kB
LowFree:           32644 kB
SwapTotal:       1310716 kB
SwapFree:        1035632 kB
Dirty:                 0 kB
Writeback:             0 kB
AnonPages:        741944 kB
Mapped:           315848 kB
Shmem:               104 kB
Slab:              55832 kB
SReclaimable:      16256 kB
SUnreclaim:        39576 kB
KernelStack:       14968 kB
PageTables:        53360 kB
NFS_Unstable:          0 kB
Bounce:                0 kB
WritebackTmp:          0 kB
CommitLimit:     2183484 kB
Committed_AS:   126149624 kB
VmallocTotal:     311296 kB
VmallocUsed:       38236 kB
VmallocChunk:     144396 kB
Time pass: 7 sec

---2015-12-08 16:16:17
MemTotal:        1745540 kB
MemFree:           63724 kB
Buffers:           10784 kB
Cached:           621996 kB
SwapCached:        16384 kB
Active:           689068 kB
Inactive:         693128 kB
Active(anon):     382328 kB
Inactive(anon):   371008 kB
Active(file):     306740 kB
Inactive(file):   322120 kB
Unevictable:        3816 kB
Mlocked:               0 kB
HighTotal:       1217536 kB
HighFree:          31080 kB
LowTotal:         528004 kB
LowFree:           32644 kB
SwapTotal:       1310716 kB
SwapFree:        1035652 kB
Dirty:                 0 kB
Writeback:             0 kB
AnonPages:        742396 kB
Mapped:           315956 kB
Shmem:               104 kB
Slab:              55820 kB
SReclaimable:      16256 kB
SUnreclaim:        39564 kB
KernelStack:       14968 kB
PageTables:        53360 kB
NFS_Unstable:          0 kB
Bounce:                0 kB
WritebackTmp:          0 kB
CommitLimit:     2183484 kB
Committed_AS:   126149784 kB
VmallocTotal:     311296 kB
VmallocUsed:       38236 kB
VmallocChunk:     144396 kB
Time pass: 10 sec

---2015-12-08 16:16:17
MemTotal:        1745540 kB
MemFree:           63628 kB
Buffers:           10784 kB
Cached:           621996 kB
SwapCached:        16384 kB
Active:           689192 kB
Inactive:         693136 kB
Active(anon):     382452 kB
Inactive(anon):   371016 kB
Active(file):     306740 kB
Inactive(file):   322120 kB
Unevictable:        3816 kB
Mlocked:               0 kB
HighTotal:       1217536 kB
HighFree:          30960 kB
LowTotal:         528004 kB
LowFree:           32668 kB
SwapTotal:       1310716 kB
SwapFree:        1035656 kB
Dirty:                 0 kB
Writeback:             0 kB
AnonPages:        742536 kB
Mapped:           315960 kB
Shmem:               104 kB
Slab:              55824 kB
SReclaimable:      16256 kB
SUnreclaim:        39568 kB
KernelStack:       14968 kB
PageTables:        53360 kB
NFS_Unstable:          0 kB
Bounce:                0 kB
WritebackTmp:          0 kB
CommitLimit:     2183484 kB
Committed_AS:   126149984 kB
VmallocTotal:     311296 kB
VmallocUsed:       38236 kB
VmallocChunk:     144396 kB
Time pass: 14 sec

---2015-12-08 16:16:17
MemTotal:        1745540 kB
MemFree:           63508 kB
Buffers:           10784 kB
Cached:           621996 kB
SwapCached:        16380 kB
Active:           689308 kB
Inactive:         693136 kB
Active(anon):     382568 kB
Inactive(anon):   371016 kB
Active(file):     306740 kB
Inactive(file):   322120 kB
Unevictable:        3816 kB
Mlocked:               0 kB
HighTotal:       1217536 kB
HighFree:          30856 kB
LowTotal:         528004 kB
LowFree:           32652 kB
SwapTotal:       1310716 kB
SwapFree:        1035660 kB
Dirty:                 0 kB
Writeback:             0 kB
AnonPages:        742624 kB
Mapped:           315972 kB
Shmem:               104 kB
Slab:              55824 kB
SReclaimable:      16256 kB
SUnreclaim:        39568 kB
KernelStack:       14952 kB
PageTables:        53344 kB
NFS_Unstable:          0 kB
Bounce:                0 kB
WritebackTmp:          0 kB
CommitLimit:     2183484 kB
Committed_AS:   126150064 kB
VmallocTotal:     311296 kB
VmallocUsed:       38236 kB
VmallocChunk:     144396 kB
Time pass: 18 sec

---2015-12-08 16:16:17
MemTotal:        1745540 kB
MemFree:           63428 kB
Buffers:           10784 kB
Cached:           621996 kB
SwapCached:        16380 kB
Active:           689376 kB
Inactive:         693136 kB
Active(anon):     382636 kB
Inactive(anon):   371016 kB
Active(file):     306740 kB
Inactive(file):   322120 kB
Unevictable:        3816 kB
Mlocked:               0 kB
HighTotal:       1217536 kB
HighFree:          30800 kB
LowTotal:         528004 kB
LowFree:           32628 kB
SwapTotal:       1310716 kB
SwapFree:        1035664 kB
Dirty:                 0 kB
Writeback:             0 kB
AnonPages:        742704 kB
Mapped:           315960 kB
Shmem:               104 kB
Slab:              55824 kB
SReclaimable:      16256 kB
SUnreclaim:        39568 kB
KernelStack:       14968 kB
PageTables:        53364 kB
NFS_Unstable:          0 kB
Bounce:                0 kB
WritebackTmp:          0 kB
CommitLimit:     2183484 kB
Committed_AS:   126150144 kB
VmallocTotal:     311296 kB
VmallocUsed:       38236 kB
VmallocChunk:     144396 kB
Time pass: 21 sec

---2015-12-08 16:16:17
MemTotal:        1745540 kB
MemFree:           50988 kB
Buffers:           10196 kB
Cached:           582736 kB
SwapCached:        32716 kB
Active:           665012 kB
Inactive:         672132 kB
Active(anon):     371516 kB
Inactive(anon):   377236 kB
Active(file):     293496 kB
Inactive(file):   294896 kB
Unevictable:        3816 kB
Mlocked:               0 kB
HighTotal:       1217536 kB
HighFree:          23740 kB
LowTotal:         528004 kB
LowFree:           27248 kB
SwapTotal:       1310716 kB
SwapFree:        1004528 kB
Dirty:               780 kB
Writeback:             0 kB
AnonPages:        737060 kB
Mapped:           322312 kB
Shmem:               104 kB
Slab:              56152 kB
SReclaimable:      16268 kB
SUnreclaim:        39884 kB
KernelStack:       15208 kB
PageTables:        53468 kB
NFS_Unstable:          0 kB
Bounce:                0 kB
WritebackTmp:          0 kB
CommitLimit:     2183484 kB
Committed_AS:   125951084 kB
VmallocTotal:     311296 kB
VmallocUsed:       37564 kB
VmallocChunk:     144396 kB
Time pass: 25 sec

---2015-12-08 16:16:17
MemTotal:        1745540 kB
MemFree:           38844 kB
Buffers:            8444 kB
Cached:           486288 kB
SwapCached:        33092 kB
Active:           614272 kB
Inactive:         617968 kB
Active(anon):     368976 kB
Inactive(anon):   372632 kB
Active(file):     245296 kB
Inactive(file):   245336 kB
Unevictable:        3816 kB
Mlocked:               0 kB
HighTotal:       1217536 kB
HighFree:          14760 kB
LowTotal:         528004 kB
LowFree:           24084 kB
SwapTotal:       1310716 kB
SwapFree:         981384 kB
Dirty:                96 kB
Writeback:             0 kB
AnonPages:        729136 kB
Mapped:           366300 kB
Shmem:               236 kB
Slab:              56860 kB
SReclaimable:      16304 kB
SUnreclaim:        40556 kB
KernelStack:       15480 kB
PageTables:        53980 kB
NFS_Unstable:          0 kB
Bounce:                0 kB
WritebackTmp:          0 kB
CommitLimit:     2183484 kB
Committed_AS:   125980608 kB
VmallocTotal:     311296 kB
VmallocUsed:       37932 kB
VmallocChunk:     144396 kB
Time pass: 29 sec

---2015-12-08 16:16:17
MemTotal:        1745540 kB
MemFree:           56976 kB
Buffers:            8332 kB
Cached:           480616 kB
SwapCached:        32596 kB
Active:           606104 kB
Inactive:         609432 kB
Active(anon):     364472 kB
Inactive(anon):   366168 kB
Active(file):     241632 kB
Inactive(file):   243264 kB
Unevictable:        3816 kB
Mlocked:               0 kB
HighTotal:       1217536 kB
HighFree:          23936 kB
LowTotal:         528004 kB
LowFree:           33040 kB
SwapTotal:       1310716 kB
SwapFree:         979468 kB
Dirty:               152 kB
Writeback:             0 kB
AnonPages:        717992 kB
Mapped:           368224 kB
Shmem:               236 kB
Slab:              56816 kB
SReclaimable:      16272 kB
SUnreclaim:        40544 kB
KernelStack:       15400 kB
PageTables:        54060 kB
NFS_Unstable:          0 kB
Bounce:                0 kB
WritebackTmp:          0 kB
CommitLimit:     2183484 kB
Committed_AS:   125981364 kB
VmallocTotal:     311296 kB
VmallocUsed:       37744 kB
VmallocChunk:     144396 kB
Time pass: 32 sec

---2015-12-08 16:16:17
MemTotal:        1745540 kB
MemFree:           57156 kB
Buffers:            8340 kB
Cached:           480680 kB
SwapCached:        32600 kB
Active:           605928 kB
Inactive:         609512 kB
Active(anon):     364284 kB
Inactive(anon):   366188 kB
Active(file):     241644 kB
Inactive(file):   243324 kB
Unevictable:        3816 kB
Mlocked:               0 kB
HighTotal:       1217536 kB
HighFree:          24116 kB
LowTotal:         528004 kB
LowFree:           33040 kB
SwapTotal:       1310716 kB
SwapFree:         979524 kB
Dirty:               108 kB
Writeback:             0 kB
AnonPages:        717812 kB
Mapped:           368308 kB
Shmem:               236 kB
Slab:              56820 kB
SReclaimable:      16272 kB
SUnreclaim:        40548 kB
KernelStack:       15400 kB
PageTables:        54060 kB
NFS_Unstable:          0 kB
Bounce:                0 kB
WritebackTmp:          0 kB
CommitLimit:     2183484 kB
Committed_AS:   125981644 kB
VmallocTotal:     311296 kB
VmallocUsed:       37744 kB
VmallocChunk:     144396 kB
Time pass: 36 sec

---2015-12-08 16:16:17
MemTotal:        1745540 kB
MemFree:           56752 kB
Buffers:            8348 kB
Cached:           480672 kB
SwapCached:        32600 kB
Active:           606168 kB
Inactive:         609512 kB
Active(anon):     364524 kB
Inactive(anon):   366188 kB
Active(file):     241644 kB
Inactive(file):   243324 kB
Unevictable:        3816 kB
Mlocked:               0 kB
HighTotal:       1217536 kB
HighFree:          23712 kB
LowTotal:         528004 kB
LowFree:           33040 kB
SwapTotal:       1310716 kB
SwapFree:         979524 kB
Dirty:                 0 kB
Writeback:             0 kB
AnonPages:        717984 kB
Mapped:           368308 kB
Shmem:               236 kB
Slab:              56820 kB
SReclaimable:      16272 kB
SUnreclaim:        40548 kB
KernelStack:       15400 kB
PageTables:        54060 kB
NFS_Unstable:          0 kB
Bounce:                0 kB
WritebackTmp:          0 kB
CommitLimit:     2183484 kB
Committed_AS:   125981724 kB
VmallocTotal:     311296 kB
VmallocUsed:       37744 kB
VmallocChunk:     144396 kB
Time pass: 39 sec

---2015-12-08 16:16:17
MemTotal:        1745540 kB
MemFree:           47604 kB
Buffers:            7304 kB
Cached:           470816 kB
SwapCached:        33616 kB
Active:           606992 kB
Inactive:         607288 kB
Active(anon):     369972 kB
Inactive(anon):   370248 kB
Active(file):     237020 kB
Inactive(file):   237040 kB
Unevictable:        3816 kB
Mlocked:               0 kB
HighTotal:       1217536 kB
HighFree:          21504 kB
LowTotal:         528004 kB
LowFree:           26100 kB
SwapTotal:       1310716 kB
SwapFree:         974328 kB
Dirty:                68 kB
Writeback:             0 kB
AnonPages:        727468 kB
Mapped:           375296 kB
Shmem:               236 kB
Slab:              56652 kB
SReclaimable:      16272 kB
SUnreclaim:        40380 kB
KernelStack:       15480 kB
PageTables:        54236 kB
NFS_Unstable:          0 kB
Bounce:                0 kB
WritebackTmp:          0 kB
CommitLimit:     2183484 kB
Committed_AS:   125993696 kB
VmallocTotal:     311296 kB
VmallocUsed:       37948 kB
VmallocChunk:     144396 kB
Time pass: 43 sec

---2015-12-08 16:16:17
MemTotal:        1745540 kB
MemFree:           47512 kB
Buffers:            7116 kB
Cached:           460984 kB
SwapCached:        34556 kB
Active:           603008 kB
Inactive:         603812 kB
Active(anon):     370976 kB
Inactive(anon):   371796 kB
Active(file):     232032 kB
Inactive(file):   232016 kB
Unevictable:        3816 kB
Mlocked:               0 kB
HighTotal:       1217536 kB
HighFree:          21920 kB
LowTotal:         528004 kB
LowFree:           25592 kB
SwapTotal:       1310716 kB
SwapFree:         969344 kB
Dirty:                60 kB
Writeback:             0 kB
AnonPages:        729808 kB
Mapped:           381480 kB
Shmem:               236 kB
Slab:              56672 kB
SReclaimable:      16272 kB
SUnreclaim:        40400 kB
KernelStack:       15448 kB
PageTables:        54256 kB
NFS_Unstable:          0 kB
Bounce:                0 kB
WritebackTmp:          0 kB
CommitLimit:     2183484 kB
Committed_AS:   126019652 kB
VmallocTotal:     311296 kB
VmallocUsed:       37988 kB
VmallocChunk:     144396 kB
Time pass: 47 sec

---2015-12-08 16:16:17
MemTotal:        1745540 kB
MemFree:           36864 kB
Buffers:            7052 kB
Cached:           451180 kB
SwapCached:        34640 kB
Active:           607276 kB
Inactive:         605356 kB
Active(anon):     380200 kB
Inactive(anon):   378328 kB
Active(file):     227076 kB
Inactive(file):   227028 kB
Unevictable:        3816 kB
Mlocked:               0 kB
HighTotal:       1217536 kB
HighFree:          18620 kB
LowTotal:         528004 kB
LowFree:           18244 kB
SwapTotal:       1310716 kB
SwapFree:         964388 kB
Dirty:               284 kB
Writeback:             0 kB
AnonPages:        745100 kB
Mapped:           381064 kB
Shmem:               240 kB
Slab:              57092 kB
SReclaimable:      16280 kB
SUnreclaim:        40812 kB
KernelStack:       15592 kB
PageTables:        54248 kB
NFS_Unstable:          0 kB
Bounce:                0 kB
WritebackTmp:          0 kB
CommitLimit:     2183484 kB
Committed_AS:   126028812 kB
VmallocTotal:     311296 kB
VmallocUsed:       38216 kB
VmallocChunk:     144396 kB
Time pass: 50 sec

---2015-12-08 16:16:17
MemTotal:        1745540 kB
MemFree:           62728 kB
Buffers:            5448 kB
Cached:           426088 kB
SwapCached:        34000 kB
Active:           573580 kB
Inactive:         570832 kB
Active(anon):     355468 kB
Inactive(anon):   361464 kB
Active(file):     218112 kB
Inactive(file):   209368 kB
Unevictable:        3816 kB
Mlocked:               0 kB
HighTotal:       1217536 kB
HighFree:          40036 kB
LowTotal:         528004 kB
LowFree:           22692 kB
SwapTotal:       1310716 kB
SwapFree:         931032 kB
Dirty:              1344 kB
Writeback:             0 kB
AnonPages:        703156 kB
Mapped:           399296 kB
Shmem:               240 kB
Slab:              57344 kB
SReclaimable:      16288 kB
SUnreclaim:        41056 kB
KernelStack:       15488 kB
PageTables:        54360 kB
NFS_Unstable:          0 kB
Bounce:                0 kB
WritebackTmp:          0 kB
CommitLimit:     2183484 kB
Committed_AS:   126027436 kB
VmallocTotal:     311296 kB
VmallocUsed:       38188 kB
VmallocChunk:     144396 kB
Time pass: 54 sec

---2015-12-08 16:16:17
MemTotal:        1745540 kB
MemFree:           61084 kB
Buffers:            5456 kB
Cached:           427560 kB
SwapCached:        34000 kB
Active:           573964 kB
Inactive:         572280 kB
Active(anon):     355848 kB
Inactive(anon):   361460 kB
Active(file):     218116 kB
Inactive(file):   210820 kB
Unevictable:        3816 kB
Mlocked:               0 kB
HighTotal:       1217536 kB
HighFree:          38376 kB
LowTotal:         528004 kB
LowFree:           22708 kB
SwapTotal:       1310716 kB
SwapFree:         931044 kB
Dirty:                72 kB
Writeback:             0 kB
AnonPages:        703532 kB
Mapped:           399680 kB
Shmem:               240 kB
Slab:              57328 kB
SReclaimable:      16272 kB
SUnreclaim:        41056 kB
KernelStack:       15488 kB
PageTables:        54360 kB
NFS_Unstable:          0 kB
Bounce:                0 kB
WritebackTmp:          0 kB
CommitLimit:     2183484 kB
Committed_AS:   126027516 kB
VmallocTotal:     311296 kB
VmallocUsed:       38188 kB
VmallocChunk:     144396 kB
Time pass: 57 sec

---2015-12-08 16:16:17
MemTotal:        1745540 kB
MemFree:           57828 kB
Buffers:            5336 kB
Cached:           422008 kB
SwapCached:        34300 kB
Active:           566200 kB
Inactive:         563592 kB
Active(anon):     353364 kB
Inactive(anon):   353332 kB
Active(file):     212836 kB
Inactive(file):   210260 kB
Unevictable:        3816 kB
Mlocked:               0 kB
HighTotal:       1217536 kB
HighFree:          34600 kB
LowTotal:         528004 kB
LowFree:           23228 kB
SwapTotal:       1310716 kB
SwapFree:         918992 kB
Dirty:               108 kB
Writeback:             0 kB
AnonPages:        692360 kB
Mapped:           411068 kB
Shmem:               240 kB
Slab:              57296 kB
SReclaimable:      16256 kB
SUnreclaim:        41040 kB
KernelStack:       15648 kB
PageTables:        54368 kB
NFS_Unstable:          0 kB
Bounce:                0 kB
WritebackTmp:          0 kB
CommitLimit:     2183484 kB
Committed_AS:   126027756 kB
VmallocTotal:     311296 kB
VmallocUsed:       38364 kB
VmallocChunk:     144396 kB
Time pass: 61 sec

---2015-12-08 16:16:17
MemTotal:        1745540 kB
MemFree:           60572 kB
Buffers:            5336 kB
Cached:           421696 kB
SwapCached:        34304 kB
Active:           566204 kB
Inactive:         563372 kB
Active(anon):     353500 kB
Inactive(anon):   353100 kB
Active(file):     212704 kB
Inactive(file):   210272 kB
Unevictable:        3816 kB
Mlocked:               0 kB
HighTotal:       1217536 kB
HighFree:          35748 kB
LowTotal:         528004 kB
LowFree:           24824 kB
SwapTotal:       1310716 kB
SwapFree:         919000 kB
Dirty:               208 kB
Writeback:             0 kB
AnonPages:        692584 kB
Mapped:           411260 kB
Shmem:               240 kB
Slab:              57316 kB
SReclaimable:      16256 kB
SUnreclaim:        41060 kB
KernelStack:       15488 kB
PageTables:        54388 kB
NFS_Unstable:          0 kB
Bounce:                0 kB
WritebackTmp:          0 kB
CommitLimit:     2183484 kB
Committed_AS:   126027956 kB
VmallocTotal:     311296 kB
VmallocUsed:       38228 kB
VmallocChunk:     144396 kB
Time pass: 64 sec

---2015-12-08 16:16:17
MemTotal:        1745540 kB
MemFree:           57624 kB
Buffers:            5348 kB
Cached:           421940 kB
SwapCached:        34304 kB
Active:           568296 kB
Inactive:         563472 kB
Active(anon):     355340 kB
Inactive(anon):   353112 kB
Active(file):     212956 kB
Inactive(file):   210360 kB
Unevictable:        3816 kB
Mlocked:               0 kB
HighTotal:       1217536 kB
HighFree:          33244 kB
LowTotal:         528004 kB
LowFree:           24380 kB
SwapTotal:       1310716 kB
SwapFree:         919000 kB
Dirty:               284 kB
Writeback:             0 kB
AnonPages:        694460 kB
Mapped:           411236 kB
Shmem:               240 kB
Slab:              57316 kB
SReclaimable:      16256 kB
SUnreclaim:        41060 kB
KernelStack:       15488 kB
PageTables:        54388 kB
NFS_Unstable:          0 kB
Bounce:                0 kB
WritebackTmp:          0 kB
CommitLimit:     2183484 kB
Committed_AS:   126028028 kB
VmallocTotal:     311296 kB
VmallocUsed:       38364 kB
VmallocChunk:     144396 kB
Time pass: 68 sec

---2015-12-08 16:16:17
MemTotal:        1745540 kB
MemFree:           67752 kB
Buffers:            5348 kB
Cached:           402184 kB
SwapCached:        34944 kB
Active:           547596 kB
Inactive:         546660 kB
Active(anon):     345536 kB
Inactive(anon):   345244 kB
Active(file):     202060 kB
Inactive(file):   201416 kB
Unevictable:        3816 kB
Mlocked:               0 kB
HighTotal:       1217536 kB
HighFree:          39604 kB
LowTotal:         528004 kB
LowFree:           28148 kB
SwapTotal:       1310716 kB
SwapFree:         893016 kB
Dirty:                 0 kB
Writeback:             0 kB
AnonPages:        676024 kB
Mapped:           418604 kB
Shmem:               240 kB
Slab:              57792 kB
SReclaimable:      16280 kB
SUnreclaim:        41512 kB
KernelStack:       15528 kB
PageTables:        54460 kB
NFS_Unstable:          0 kB
Bounce:                0 kB
WritebackTmp:          0 kB
CommitLimit:     2183484 kB
Committed_AS:   126036204 kB
VmallocTotal:     311296 kB
VmallocUsed:       38312 kB
VmallocChunk:     144396 kB
Time pass: 71 sec

---2015-12-08 16:16:17
MemTotal:        1745540 kB
MemFree:           43920 kB
Buffers:            5496 kB
Cached:           409900 kB
SwapCached:        34980 kB
Active:           561832 kB
Inactive:         554468 kB
Active(anon):     359676 kB
Inactive(anon):   345284 kB
Active(file):     202156 kB
Inactive(file):   209184 kB
Unevictable:        3816 kB
Mlocked:               0 kB
HighTotal:       1217536 kB
HighFree:          18652 kB
LowTotal:         528004 kB
LowFree:           25268 kB
SwapTotal:       1310716 kB
SwapFree:         893048 kB
Dirty:               348 kB
Writeback:             0 kB
AnonPages:        690204 kB
Mapped:           422532 kB
Shmem:               240 kB
Slab:              57856 kB
SReclaimable:      16264 kB
SUnreclaim:        41592 kB
KernelStack:       15680 kB
PageTables:        54524 kB
NFS_Unstable:          0 kB
Bounce:                0 kB
WritebackTmp:          0 kB
CommitLimit:     2183484 kB
Committed_AS:   126055932 kB
VmallocTotal:     311296 kB
VmallocUsed:       38380 kB
VmallocChunk:     144396 kB
Time pass: 75 sec

---2015-12-08 16:16:17
MemTotal:        1745540 kB
MemFree:           57136 kB
Buffers:            5436 kB
Cached:           377376 kB
SwapCached:        37220 kB
Active:           532892 kB
Inactive:         522688 kB
Active(anon):     341348 kB
Inactive(anon):   335636 kB
Active(file):     191544 kB
Inactive(file):   187052 kB
Unevictable:        3816 kB
Mlocked:               0 kB
HighTotal:       1217536 kB
HighFree:          33360 kB
LowTotal:         528004 kB
LowFree:           23776 kB
SwapTotal:       1310716 kB
SwapFree:         849932 kB
Dirty:                60 kB
Writeback:             0 kB
AnonPages:        660664 kB
Mapped:           401224 kB
Shmem:               400 kB
Slab:              58420 kB
SReclaimable:      16272 kB
SUnreclaim:        42148 kB
KernelStack:       15848 kB
PageTables:        54712 kB
NFS_Unstable:          0 kB
Bounce:                0 kB
WritebackTmp:          0 kB
CommitLimit:     2183484 kB
Committed_AS:   126102368 kB
VmallocTotal:     311296 kB
VmallocUsed:       38516 kB
VmallocChunk:     144396 kB
Time pass: 80 sec

---2015-12-08 16:16:17
MemTotal:        1745540 kB
MemFree:           66280 kB
Buffers:            5312 kB
Cached:           356908 kB
SwapCached:        38004 kB
Active:           507764 kB
Inactive:         499808 kB
Active(anon):     325680 kB
Inactive(anon):   324092 kB
Active(file):     182084 kB
Inactive(file):   175716 kB
Unevictable:        3816 kB
Mlocked:               0 kB
HighTotal:       1217536 kB
HighFree:          39408 kB
LowTotal:         528004 kB
LowFree:           26872 kB
SwapTotal:       1310716 kB
SwapFree:         818808 kB
Dirty:                44 kB
Writeback:             0 kB
AnonPages:        632304 kB
Mapped:           385280 kB
Shmem:               604 kB
Slab:              58772 kB
SReclaimable:      16304 kB
SUnreclaim:        42468 kB
KernelStack:       15808 kB
PageTables:        54884 kB
NFS_Unstable:          0 kB
Bounce:                0 kB
WritebackTmp:          0 kB
CommitLimit:     2183484 kB
Committed_AS:   126104612 kB
VmallocTotal:     311296 kB
VmallocUsed:       38448 kB
VmallocChunk:     144396 kB
Time pass: 84 sec

---2015-12-08 16:16:17
MemTotal:        1745540 kB
MemFree:           65828 kB
Buffers:            5312 kB
Cached:           357052 kB
SwapCached:        38004 kB
Active:           508256 kB
Inactive:         500000 kB
Active(anon):     326172 kB
Inactive(anon):   324140 kB
Active(file):     182084 kB
Inactive(file):   175860 kB
Unevictable:        3816 kB
Mlocked:               0 kB
HighTotal:       1217536 kB
HighFree:          38796 kB
LowTotal:         528004 kB
LowFree:           27032 kB
SwapTotal:       1310716 kB
SwapFree:         818844 kB
Dirty:                44 kB
Writeback:             0 kB
AnonPages:        632876 kB
Mapped:           385288 kB
Shmem:               604 kB
Slab:              58772 kB
SReclaimable:      16304 kB
SUnreclaim:        42468 kB
KernelStack:       15856 kB
PageTables:        54884 kB
NFS_Unstable:          0 kB
Bounce:                0 kB
WritebackTmp:          0 kB
CommitLimit:     2183484 kB
Committed_AS:   126104696 kB
VmallocTotal:     311296 kB
VmallocUsed:       38448 kB
VmallocChunk:     144396 kB
Time pass: 87 sec

---2015-12-08 16:16:17
MemTotal:        1745540 kB
MemFree:           64512 kB
Buffers:            5336 kB
Cached:           357104 kB
SwapCached:        38004 kB
Active:           508440 kB
Inactive:         500120 kB
Active(anon):     326340 kB
Inactive(anon):   324252 kB
Active(file):     182100 kB
Inactive(file):   175868 kB
Unevictable:        3816 kB
Mlocked:               0 kB
HighTotal:       1217536 kB
HighFree:          38088 kB
LowTotal:         528004 kB
LowFree:           26424 kB
SwapTotal:       1310716 kB
SwapFree:         818916 kB
Dirty:                40 kB
Writeback:             0 kB
AnonPages:        633028 kB
Mapped:           385372 kB
Shmem:               656 kB
Slab:              58732 kB
SReclaimable:      16304 kB
SUnreclaim:        42428 kB
KernelStack:       15848 kB
PageTables:        54888 kB
NFS_Unstable:          0 kB
Bounce:                0 kB
WritebackTmp:          0 kB
CommitLimit:     2183484 kB
Committed_AS:   126104728 kB
VmallocTotal:     311296 kB
VmallocUsed:       38516 kB
VmallocChunk:     144396 kB
Time pass: 91 sec

---2015-12-08 16:16:17
MemTotal:        1745540 kB
MemFree:           71060 kB
Buffers:            5352 kB
Cached:           352972 kB
SwapCached:        38228 kB
Active:           502964 kB
Inactive:         496920 kB
Active(anon):     323480 kB
Inactive(anon):   322572 kB
Active(file):     179484 kB
Inactive(file):   174348 kB
Unevictable:        3816 kB
Mlocked:               0 kB
HighTotal:       1217536 kB
HighFree:          44512 kB
LowTotal:         528004 kB
LowFree:           26548 kB
SwapTotal:       1310716 kB
SwapFree:         812320 kB
Dirty:                 0 kB
Writeback:             0 kB
AnonPages:        628272 kB
Mapped:           381496 kB
Shmem:               656 kB
Slab:              58760 kB
SReclaimable:      16304 kB
SUnreclaim:        42456 kB
KernelStack:       15840 kB
PageTables:        54884 kB
NFS_Unstable:          0 kB
Bounce:                0 kB
WritebackTmp:          0 kB
CommitLimit:     2183484 kB
Committed_AS:   126107912 kB
VmallocTotal:     311296 kB
VmallocUsed:       38516 kB
VmallocChunk:     144396 kB
Time pass: 95 sec

---2015-12-08 16:16:17
MemTotal:        1745540 kB
MemFree:           66212 kB
Buffers:            5380 kB
Cached:           356404 kB
SwapCached:        38228 kB
Active:           503632 kB
Inactive:         500224 kB
Active(anon):     324196 kB
Inactive(anon):   322520 kB
Active(file):     179436 kB
Inactive(file):   177704 kB
Unevictable:        3816 kB
Mlocked:               0 kB
HighTotal:       1217536 kB
HighFree:          40388 kB
LowTotal:         528004 kB
LowFree:           25824 kB
SwapTotal:       1310716 kB
SwapFree:         812336 kB
Dirty:                40 kB
Writeback:             0 kB
AnonPages:        628800 kB
Mapped:           381752 kB
Shmem:               656 kB
Slab:              58772 kB
SReclaimable:      16304 kB
SUnreclaim:        42468 kB
KernelStack:       15856 kB
PageTables:        55040 kB
NFS_Unstable:          0 kB
Bounce:                0 kB
WritebackTmp:          0 kB
CommitLimit:     2183484 kB
Committed_AS:   126109876 kB
VmallocTotal:     311296 kB
VmallocUsed:       38516 kB
VmallocChunk:     144396 kB
Time pass: 98 sec

---2015-12-08 16:16:17
MemTotal:        1745540 kB
MemFree:          297716 kB
Buffers:            5660 kB
Cached:           387024 kB
SwapCached:        40740 kB
Active:           431816 kB
Inactive:         502888 kB
Active(anon):     247432 kB
Inactive(anon):   298844 kB
Active(file):     184384 kB
Inactive(file):   204044 kB
Unevictable:        3816 kB
Mlocked:               0 kB
HighTotal:       1217536 kB
HighFree:         201892 kB
LowTotal:         528004 kB
LowFree:           95824 kB
SwapTotal:       1310716 kB
SwapFree:         792364 kB
Dirty:                60 kB
Writeback:             0 kB
AnonPages:        527596 kB
Mapped:           227812 kB
Shmem:                56 kB
Slab:              60024 kB
SReclaimable:      16304 kB
SUnreclaim:        43720 kB
KernelStack:       15472 kB
PageTables:        54008 kB
NFS_Unstable:          0 kB
Bounce:                0 kB
WritebackTmp:          0 kB
CommitLimit:     2183484 kB
Committed_AS:   127412512 kB
VmallocTotal:     311296 kB
VmallocUsed:       35584 kB
VmallocChunk:     144396 kB
Time pass: 102 sec

---2015-12-08 16:16:17
MemTotal:        1745540 kB
MemFree:          289092 kB
Buffers:            5692 kB
Cached:           394104 kB
SwapCached:        40752 kB
Active:           438236 kB
Inactive:         508176 kB
Active(anon):     252816 kB
Inactive(anon):   297720 kB
Active(file):     185420 kB
Inactive(file):   210456 kB
Unevictable:        3816 kB
Mlocked:               0 kB
HighTotal:       1217536 kB
HighFree:         190340 kB
LowTotal:         528004 kB
LowFree:           98752 kB
SwapTotal:       1310716 kB
SwapFree:         795260 kB
Dirty:               272 kB
Writeback:             0 kB
AnonPages:        532204 kB
Mapped:           228612 kB
Shmem:               104 kB
Slab:              59856 kB
SReclaimable:      16296 kB
SUnreclaim:        43560 kB
KernelStack:       14992 kB
PageTables:        53488 kB
NFS_Unstable:          0 kB
Bounce:                0 kB
WritebackTmp:          0 kB
CommitLimit:     2183484 kB
Committed_AS:   126158940 kB
VmallocTotal:     311296 kB
VmallocUsed:       35448 kB
VmallocChunk:     144396 kB
Time pass: 106 sec

---2015-12-08 16:16:17
MemTotal:        1745540 kB
MemFree:          290648 kB
Buffers:            5692 kB
Cached:           394708 kB
SwapCached:        41136 kB
Active:           436800 kB
Inactive:         508256 kB
Active(anon):     250744 kB
Inactive(anon):   297832 kB
Active(file):     186056 kB
Inactive(file):   210424 kB
Unevictable:        3816 kB
Mlocked:               0 kB
HighTotal:       1217536 kB
HighFree:         191740 kB
LowTotal:         528004 kB
LowFree:           98908 kB
SwapTotal:       1310716 kB
SwapFree:         796528 kB
Dirty:               272 kB
Writeback:             0 kB
AnonPages:        530240 kB
Mapped:           227596 kB
Shmem:               104 kB
Slab:              59852 kB
SReclaimable:      16296 kB
SUnreclaim:        43556 kB
KernelStack:       14984 kB
PageTables:        53612 kB
NFS_Unstable:          0 kB
Bounce:                0 kB
WritebackTmp:          0 kB
CommitLimit:     2183484 kB
Committed_AS:   126160532 kB
VmallocTotal:     311296 kB
VmallocUsed:       35380 kB
VmallocChunk:     144396 kB
Time pass: 109 sec

---2015-12-08 16:16:17
MemTotal:        1745540 kB
MemFree:          290676 kB
Buffers:            5700 kB
Cached:           394736 kB
SwapCached:        41136 kB
Active:           436956 kB
Inactive:         508288 kB
Active(anon):     250900 kB
Inactive(anon):   297832 kB
Active(file):     186056 kB
Inactive(file):   210456 kB
Unevictable:        3816 kB
Mlocked:               0 kB
HighTotal:       1217536 kB
HighFree:         191752 kB
LowTotal:         528004 kB
LowFree:           98924 kB
SwapTotal:       1310716 kB
SwapFree:         796540 kB
Dirty:                52 kB
Writeback:             0 kB
AnonPages:        530360 kB
Mapped:           227596 kB
Shmem:               104 kB
Slab:              59844 kB
SReclaimable:      16288 kB
SUnreclaim:        43556 kB
KernelStack:       14984 kB
PageTables:        53612 kB
NFS_Unstable:          0 kB
Bounce:                0 kB
WritebackTmp:          0 kB
CommitLimit:     2183484 kB
Committed_AS:   126160612 kB
VmallocTotal:     311296 kB
VmallocUsed:       35380 kB
VmallocChunk:     144396 kB
Time pass: 113 sec

---2015-12-08 16:16:17
MemTotal:        1745540 kB
MemFree:          290404 kB
Buffers:            5700 kB
Cached:           394736 kB
SwapCached:        41136 kB
Active:           437084 kB
Inactive:         508308 kB
Active(anon):     251028 kB
Inactive(anon):   297848 kB
Active(file):     186056 kB
Inactive(file):   210460 kB
Unevictable:        3816 kB
Mlocked:               0 kB
HighTotal:       1217536 kB
HighFree:         191480 kB
LowTotal:         528004 kB
LowFree:           98924 kB
SwapTotal:       1310716 kB
SwapFree:         796544 kB
Dirty:                 0 kB
Writeback:             0 kB
AnonPages:        530532 kB
Mapped:           227596 kB
Shmem:               104 kB
Slab:              59844 kB
SReclaimable:      16288 kB
SUnreclaim:        43556 kB
KernelStack:       14984 kB
PageTables:        53612 kB
NFS_Unstable:          0 kB
Bounce:                0 kB
WritebackTmp:          0 kB
CommitLimit:     2183484 kB
Committed_AS:   126160812 kB
VmallocTotal:     311296 kB
VmallocUsed:       35380 kB
VmallocChunk:     144396 kB
Time pass: 116 sec

---2015-12-08 16:16:17
MemTotal:        1745540 kB
MemFree:          290100 kB
Buffers:            5700 kB
Cached:           395104 kB
SwapCached:        41152 kB
Active:           437272 kB
Inactive:         508748 kB
Active(anon):     251216 kB
Inactive(anon):   297892 kB
Active(file):     186056 kB
Inactive(file):   210856 kB
Unevictable:        3816 kB
Mlocked:               0 kB
HighTotal:       1217536 kB
HighFree:         191144 kB
LowTotal:         528004 kB
LowFree:           98956 kB
SwapTotal:       1310716 kB
SwapFree:         796576 kB
Dirty:                 0 kB
Writeback:             0 kB
AnonPages:        530716 kB
Mapped:           227660 kB
Shmem:               104 kB
Slab:              59812 kB
SReclaimable:      16288 kB
SUnreclaim:        43524 kB
KernelStack:       14984 kB
PageTables:        53612 kB
NFS_Unstable:          0 kB
Bounce:                0 kB
WritebackTmp:          0 kB
CommitLimit:     2183484 kB
Committed_AS:   126160892 kB
VmallocTotal:     311296 kB
VmallocUsed:       35380 kB
VmallocChunk:     144396 kB
Time pass: 120 sec

---2015-12-08 16:16:17
MemTotal:        1745540 kB
MemFree:          289696 kB
Buffers:            5700 kB
Cached:           395132 kB
SwapCached:        41152 kB
Active:           437432 kB
Inactive:         508752 kB
Active(anon):     251376 kB
Inactive(anon):   297896 kB
Active(file):     186056 kB
Inactive(file):   210856 kB
Unevictable:        3816 kB
Mlocked:               0 kB
HighTotal:       1217536 kB
HighFree:         190692 kB
LowTotal:         528004 kB
LowFree:           99004 kB
SwapTotal:       1310716 kB
SwapFree:         796580 kB
Dirty:                 0 kB
Writeback:             0 kB
AnonPages:        530892 kB
Mapped:           227628 kB
Shmem:               104 kB
Slab:              59812 kB
SReclaimable:      16288 kB
SUnreclaim:        43524 kB
KernelStack:       14936 kB
PageTables:        53612 kB
NFS_Unstable:          0 kB
Bounce:                0 kB
WritebackTmp:          0 kB
CommitLimit:     2183484 kB
Committed_AS:   126161092 kB
VmallocTotal:     311296 kB
VmallocUsed:       35380 kB
VmallocChunk:     144396 kB
Time pass: 124 sec

---2015-12-08 16:16:17
MemTotal:        1745540 kB
MemFree:          289644 kB
Buffers:            5700 kB
Cached:           395132 kB
SwapCached:        41152 kB
Active:           437528 kB
Inactive:         508756 kB
Active(anon):     251472 kB
Inactive(anon):   297900 kB
Active(file):     186056 kB
Inactive(file):   210856 kB
Unevictable:        3816 kB
Mlocked:               0 kB
HighTotal:       1217536 kB
HighFree:         190648 kB
LowTotal:         528004 kB
LowFree:           98996 kB
SwapTotal:       1310716 kB
SwapFree:         796580 kB
Dirty:                 0 kB
Writeback:             0 kB
AnonPages:        531012 kB
Mapped:           227628 kB
Shmem:               104 kB
Slab:              59812 kB
SReclaimable:      16288 kB
SUnreclaim:        43524 kB
KernelStack:       14944 kB
PageTables:        53612 kB
NFS_Unstable:          0 kB
Bounce:                0 kB
WritebackTmp:          0 kB
CommitLimit:     2183484 kB
Committed_AS:   126161172 kB
VmallocTotal:     311296 kB
VmallocUsed:       35380 kB
VmallocChunk:     144396 kB
Time pass: 127 sec

---2015-12-08 16:16:17
MemTotal:        1745540 kB
MemFree:          248244 kB
Buffers:            5872 kB
Cached:           407820 kB
SwapCached:        41296 kB
Active:           451396 kB
Inactive:         513068 kB
Active(anon):     262180 kB
Inactive(anon):   292520 kB
Active(file):     189216 kB
Inactive(file):   220548 kB
Unevictable:        3816 kB
Mlocked:               0 kB
HighTotal:       1217536 kB
HighFree:         170464 kB
LowTotal:         528004 kB
LowFree:           77780 kB
SwapTotal:       1310716 kB
SwapFree:         799180 kB
Dirty:                 0 kB
Writeback:             0 kB
AnonPages:        536656 kB
Mapped:           241312 kB
Shmem:               104 kB
Slab:              60168 kB
SReclaimable:      16288 kB
SUnreclaim:        43880 kB
KernelStack:       14992 kB
PageTables:        53676 kB
NFS_Unstable:          0 kB
Bounce:                0 kB
WritebackTmp:          0 kB
CommitLimit:     2183484 kB
Committed_AS:   125950992 kB
VmallocTotal:     311296 kB
VmallocUsed:       35584 kB
VmallocChunk:     144396 kB
Time pass: 131 sec

---2015-12-08 16:16:17
MemTotal:        1745540 kB
MemFree:          145812 kB
Buffers:            5976 kB
Cached:           413268 kB
SwapCached:        41488 kB
Active:           490620 kB
Inactive:         517480 kB
Active(anon):     299684 kB
Inactive(anon):   293352 kB
Active(file):     190936 kB
Inactive(file):   224128 kB
Unevictable:        3816 kB
Mlocked:               0 kB
HighTotal:       1217536 kB
HighFree:          90500 kB
LowTotal:         528004 kB
LowFree:           55312 kB
SwapTotal:       1310716 kB
SwapFree:         799568 kB
Dirty:              1904 kB
Writeback:             0 kB
AnonPages:        574336 kB
Mapped:           285380 kB
Shmem:               240 kB
Slab:              60028 kB
SReclaimable:      16288 kB
SUnreclaim:        43740 kB
KernelStack:       15496 kB
PageTables:        54216 kB
NFS_Unstable:          0 kB
Bounce:                0 kB
WritebackTmp:          0 kB
CommitLimit:     2183484 kB
Committed_AS:   126008780 kB
VmallocTotal:     311296 kB
VmallocUsed:       35952 kB
VmallocChunk:     144396 kB
Time pass: 134 sec

---2015-12-08 16:16:17
MemTotal:        1745540 kB
MemFree:           71184 kB
Buffers:            5976 kB
Cached:           416216 kB
SwapCached:        41536 kB
Active:           497612 kB
Inactive:         520336 kB
Active(anon):     306148 kB
Inactive(anon):   293720 kB
Active(file):     191464 kB
Inactive(file):   226616 kB
Unevictable:        3816 kB
Mlocked:               0 kB
HighTotal:       1217536 kB
HighFree:          36184 kB
LowTotal:         528004 kB
LowFree:           35000 kB
SwapTotal:       1310716 kB
SwapFree:         800548 kB
Dirty:              1672 kB
Writeback:             0 kB
AnonPages:        581072 kB
Mapped:           345372 kB
Shmem:               240 kB
Slab:              60212 kB
SReclaimable:      16288 kB
SUnreclaim:        43924 kB
KernelStack:       15488 kB
PageTables:        54400 kB
NFS_Unstable:          0 kB
Bounce:                0 kB
WritebackTmp:          0 kB
CommitLimit:     2183484 kB
Committed_AS:   126019628 kB
VmallocTotal:     311296 kB
VmallocUsed:       36136 kB
VmallocChunk:     144396 kB
Time pass: 138 sec

---2015-12-08 16:16:17
MemTotal:        1745540 kB
MemFree:           70904 kB
Buffers:            5984 kB
Cached:           416436 kB
SwapCached:        41536 kB
Active:           497208 kB
Inactive:         520556 kB
Active(anon):     305744 kB
Inactive(anon):   293656 kB
Active(file):     191464 kB
Inactive(file):   226900 kB
Unevictable:        3816 kB
Mlocked:               0 kB
HighTotal:       1217536 kB
HighFree:          36052 kB
LowTotal:         528004 kB
LowFree:           34852 kB
SwapTotal:       1310716 kB
SwapFree:         800592 kB
Dirty:               116 kB
Writeback:             0 kB
AnonPages:        580812 kB
Mapped:           345252 kB
Shmem:               240 kB
Slab:              60140 kB
SReclaimable:      16288 kB
SUnreclaim:        43852 kB
KernelStack:       15432 kB
PageTables:        54400 kB
NFS_Unstable:          0 kB
Bounce:                0 kB
WritebackTmp:          0 kB
CommitLimit:     2183484 kB
Committed_AS:   126019708 kB
VmallocTotal:     311296 kB
VmallocUsed:       36204 kB
VmallocChunk:     144396 kB
Time pass: 141 sec

---2015-12-08 16:16:17
MemTotal:        1745540 kB
MemFree:           64916 kB
Buffers:            5984 kB
Cached:           414948 kB
SwapCached:        41540 kB
Active:           492200 kB
Inactive:         526168 kB
Active(anon):     300656 kB
Inactive(anon):   300836 kB
Active(file):     191544 kB
Inactive(file):   225332 kB
Unevictable:        3816 kB
Mlocked:               0 kB
HighTotal:       1217536 kB
HighFree:          34812 kB
LowTotal:         528004 kB
LowFree:           30104 kB
SwapTotal:       1310716 kB
SwapFree:         800172 kB
Dirty:               340 kB
Writeback:             0 kB
AnonPages:        582952 kB
Mapped:           350668 kB
Shmem:               240 kB
Slab:              60104 kB
SReclaimable:      16272 kB
SUnreclaim:        43832 kB
KernelStack:       15432 kB
PageTables:        54432 kB
NFS_Unstable:          0 kB
Bounce:                0 kB
WritebackTmp:          0 kB
CommitLimit:     2183484 kB
Committed_AS:   126022124 kB
VmallocTotal:     311296 kB
VmallocUsed:       36312 kB
VmallocChunk:     144396 kB
Time pass: 145 sec

---2015-12-08 16:16:17
MemTotal:        1745540 kB
MemFree:           66036 kB
Buffers:            5992 kB
Cached:           414948 kB
SwapCached:        41452 kB
Active:           492608 kB
Inactive:         526308 kB
Active(anon):     301064 kB
Inactive(anon):   300968 kB
Active(file):     191544 kB
Inactive(file):   225340 kB
Unevictable:        3816 kB
Mlocked:               0 kB
HighTotal:       1217536 kB
HighFree:          35456 kB
LowTotal:         528004 kB
LowFree:           30580 kB
SwapTotal:       1310716 kB
SwapFree:         800628 kB
Dirty:               216 kB
Writeback:             0 kB
AnonPages:        583364 kB
Mapped:           350552 kB
Shmem:               240 kB
Slab:              60104 kB
SReclaimable:      16272 kB
SUnreclaim:        43832 kB
KernelStack:       15392 kB
PageTables:        54432 kB
NFS_Unstable:          0 kB
Bounce:                0 kB
WritebackTmp:          0 kB
CommitLimit:     2183484 kB
Committed_AS:   126021996 kB
VmallocTotal:     311296 kB
VmallocUsed:       36108 kB
VmallocChunk:     144396 kB
Time pass: 148 sec

---2015-12-08 16:16:17
MemTotal:        1745540 kB
MemFree:           62712 kB
Buffers:            5992 kB
Cached:           403208 kB
SwapCached:        41584 kB
Active:           490468 kB
Inactive:         520600 kB
Active(anon):     298612 kB
Inactive(anon):   307312 kB
Active(file):     191856 kB
Inactive(file):   213288 kB
Unevictable:        3816 kB
Mlocked:               0 kB
HighTotal:       1217536 kB
HighFree:          32276 kB
LowTotal:         528004 kB
LowFree:           30436 kB
SwapTotal:       1310716 kB
SwapFree:         797196 kB
Dirty:               528 kB
Writeback:             0 kB
AnonPages:        587272 kB
Mapped:           355896 kB
Shmem:               240 kB
Slab:              60152 kB
SReclaimable:      16272 kB
SUnreclaim:        43880 kB
KernelStack:       15408 kB
PageTables:        54492 kB
NFS_Unstable:          0 kB
Bounce:                0 kB
WritebackTmp:          0 kB
CommitLimit:     2183484 kB
Committed_AS:   126030508 kB
VmallocTotal:     311296 kB
VmallocUsed:       36396 kB
VmallocChunk:     144396 kB
Time pass: 152 sec

---2015-12-08 16:16:17
MemTotal:        1745540 kB
MemFree:           63484 kB
Buffers:            6000 kB
Cached:           403208 kB
SwapCached:        41580 kB
Active:           490620 kB
Inactive:         520596 kB
Active(anon):     298764 kB
Inactive(anon):   307304 kB
Active(file):     191856 kB
Inactive(file):   213292 kB
Unevictable:        3816 kB
Mlocked:               0 kB
HighTotal:       1217536 kB
HighFree:          32584 kB
LowTotal:         528004 kB
LowFree:           30900 kB
SwapTotal:       1310716 kB
SwapFree:         797208 kB
Dirty:                52 kB
Writeback:             0 kB
AnonPages:        587344 kB
Mapped:           355960 kB
Shmem:               240 kB
Slab:              60172 kB
SReclaimable:      16272 kB
SUnreclaim:        43900 kB
KernelStack:       15408 kB
PageTables:        54492 kB
NFS_Unstable:          0 kB
Bounce:                0 kB
WritebackTmp:          0 kB
CommitLimit:     2183484 kB
Committed_AS:   126030668 kB
VmallocTotal:     311296 kB
VmallocUsed:       36192 kB
VmallocChunk:     144396 kB
Time pass: 155 sec

---2015-12-08 16:16:17
MemTotal:        1745540 kB
MemFree:           61516 kB
Buffers:            6016 kB
Cached:           404236 kB
SwapCached:        41600 kB
Active:           494288 kB
Inactive:         517496 kB
Active(anon):     302316 kB
Inactive(anon):   303264 kB
Active(file):     191972 kB
Inactive(file):   214232 kB
Unevictable:        3816 kB
Mlocked:               0 kB
HighTotal:       1217536 kB
HighFree:          30900 kB
LowTotal:         528004 kB
LowFree:           30616 kB
SwapTotal:       1310716 kB
SwapFree:         797232 kB
Dirty:                40 kB
Writeback:             0 kB
AnonPages:        586748 kB
Mapped:           355848 kB
Shmem:               240 kB
Slab:              60128 kB
SReclaimable:      16272 kB
SUnreclaim:        43856 kB
KernelStack:       15408 kB
PageTables:        54384 kB
NFS_Unstable:          0 kB
Bounce:                0 kB
WritebackTmp:          0 kB
CommitLimit:     2183484 kB
Committed_AS:   126294868 kB
VmallocTotal:     311296 kB
VmallocUsed:       35376 kB
VmallocChunk:     144396 kB
Time pass: 159 sec

---2015-12-08 16:16:17
MemTotal:        1745540 kB
MemFree:           50616 kB
Buffers:            6020 kB
Cached:           403032 kB
SwapCached:        41612 kB
Active:           500260 kB
Inactive:         522600 kB
Active(anon):     307556 kB
Inactive(anon):   310520 kB
Active(file):     192704 kB
Inactive(file):   212080 kB
Unevictable:        3816 kB
Mlocked:               0 kB
HighTotal:       1217536 kB
HighFree:          19748 kB
LowTotal:         528004 kB
LowFree:           30868 kB
SwapTotal:       1310716 kB
SwapFree:         796528 kB
Dirty:                88 kB
Writeback:             0 kB
AnonPages:        599332 kB
Mapped:           357420 kB
Shmem:               384 kB
Slab:              59612 kB
SReclaimable:      16288 kB
SUnreclaim:        43324 kB
KernelStack:       15768 kB
PageTables:        54696 kB
NFS_Unstable:          0 kB
Bounce:                0 kB
WritebackTmp:          0 kB
CommitLimit:     2183484 kB
Committed_AS:   126339880 kB
VmallocTotal:     311296 kB
VmallocUsed:       35376 kB
VmallocChunk:     144396 kB
Time pass: 163 sec

---2015-12-08 16:16:17
MemTotal:        1745540 kB
MemFree:           56260 kB
Buffers:            5760 kB
Cached:           383244 kB
SwapCached:        41916 kB
Active:           500796 kB
Inactive:         497880 kB
Active(anon):     306728 kB
Inactive(anon):   307216 kB
Active(file):     194068 kB
Inactive(file):   190664 kB
Unevictable:        3816 kB
Mlocked:               0 kB
HighTotal:       1217536 kB
HighFree:          26160 kB
LowTotal:         528004 kB
LowFree:           30100 kB
SwapTotal:       1310716 kB
SwapFree:         790152 kB
Dirty:                 4 kB
Writeback:             0 kB
AnonPages:        594488 kB
Mapped:           344064 kB
Shmem:               456 kB
Slab:              59484 kB
SReclaimable:      16288 kB
SUnreclaim:        43196 kB
KernelStack:       15712 kB
PageTables:        54856 kB
NFS_Unstable:          0 kB
Bounce:                0 kB
WritebackTmp:          0 kB
CommitLimit:     2183484 kB
Committed_AS:   126342052 kB
VmallocTotal:     311296 kB
VmallocUsed:       35376 kB
VmallocChunk:     144396 kB
Time pass: 167 sec

---2015-12-08 16:16:17
MemTotal:        1745540 kB
MemFree:           55560 kB
Buffers:            5768 kB
Cached:           383348 kB
SwapCached:        41912 kB
Active:           501448 kB
Inactive:         498000 kB
Active(anon):     307380 kB
Inactive(anon):   307324 kB
Active(file):     194068 kB
Inactive(file):   190676 kB
Unevictable:        3816 kB
Mlocked:               0 kB
HighTotal:       1217536 kB
HighFree:          25312 kB
LowTotal:         528004 kB
LowFree:           30248 kB
SwapTotal:       1310716 kB
SwapFree:         790168 kB
Dirty:                44 kB
Writeback:             0 kB
AnonPages:        595252 kB
Mapped:           343968 kB
Shmem:               552 kB
Slab:              59468 kB
SReclaimable:      16288 kB
SUnreclaim:        43180 kB
KernelStack:       15728 kB
PageTables:        54860 kB
NFS_Unstable:          0 kB
Bounce:                0 kB
WritebackTmp:          0 kB
CommitLimit:     2183484 kB
Committed_AS:   126343060 kB
VmallocTotal:     311296 kB
VmallocUsed:       35376 kB
VmallocChunk:     144396 kB
Time pass: 170 sec

---2015-12-08 16:16:17
MemTotal:        1745540 kB
MemFree:           51624 kB
Buffers:            5768 kB
Cached:           388688 kB
SwapCached:        41952 kB
Active:           500848 kB
Inactive:         503312 kB
Active(anon):     306768 kB
Inactive(anon):   307396 kB
Active(file):     194080 kB
Inactive(file):   195916 kB
Unevictable:        3816 kB
Mlocked:               0 kB
HighTotal:       1217536 kB
HighFree:          20380 kB
LowTotal:         528004 kB
LowFree:           31244 kB
SwapTotal:       1310716 kB
SwapFree:         793844 kB
Dirty:                 4 kB
Writeback:             0 kB
AnonPages:        594808 kB
Mapped:           344272 kB
Shmem:               708 kB
Slab:              59460 kB
SReclaimable:      16284 kB
SUnreclaim:        43176 kB
KernelStack:       15568 kB
PageTables:        54312 kB
NFS_Unstable:          0 kB
Bounce:                0 kB
WritebackTmp:          0 kB
CommitLimit:     2183484 kB
Committed_AS:   124835260 kB
VmallocTotal:     311296 kB
VmallocUsed:       34356 kB
VmallocChunk:     144396 kB
Time pass: 174 sec

---2015-12-08 16:16:17
MemTotal:        1745540 kB
MemFree:           49208 kB
Buffers:            5808 kB
Cached:           381324 kB
SwapCached:        42416 kB
Active:           504788 kB
Inactive:         500448 kB
Active(anon):     310972 kB
Inactive(anon):   311516 kB
Active(file):     193816 kB
Inactive(file):   188932 kB
Unevictable:        3816 kB
Mlocked:               0 kB
HighTotal:       1217536 kB
HighFree:          22776 kB
LowTotal:         528004 kB
LowFree:           26432 kB
SwapTotal:       1310716 kB
SwapFree:         791404 kB
Dirty:                56 kB
Writeback:             0 kB
AnonPages:        602512 kB
Mapped:           342328 kB
Shmem:               572 kB
Slab:              59900 kB
SReclaimable:      16284 kB
SUnreclaim:        43616 kB
KernelStack:       15656 kB
PageTables:        54240 kB
NFS_Unstable:          0 kB
Bounce:                0 kB
WritebackTmp:          0 kB
CommitLimit:     2183484 kB
Committed_AS:   124862972 kB
VmallocTotal:     311296 kB
VmallocUsed:       34356 kB
VmallocChunk:     144396 kB
Time pass: 181 sec

---2015-12-08 16:16:17
MemTotal:        1745540 kB
MemFree:           52320 kB
Buffers:            7760 kB
Cached:           379252 kB
SwapCached:        42592 kB
Active:           499868 kB
Inactive:         506912 kB
Active(anon):     310296 kB
Inactive(anon):   313884 kB
Active(file):     189572 kB
Inactive(file):   193028 kB
Unevictable:        3816 kB
Mlocked:               0 kB
HighTotal:       1217536 kB
HighFree:          22664 kB
LowTotal:         528004 kB
LowFree:           29656 kB
SwapTotal:       1310716 kB
SwapFree:         783524 kB
Dirty:                84 kB
Writeback:             0 kB
AnonPages:        604332 kB
Mapped:           321528 kB
Shmem:               596 kB
Slab:              59788 kB
SReclaimable:      16288 kB
SUnreclaim:        43500 kB
KernelStack:       15624 kB
PageTables:        54260 kB
NFS_Unstable:          0 kB
Bounce:                0 kB
WritebackTmp:          0 kB
CommitLimit:     2183484 kB
Committed_AS:   124871412 kB
VmallocTotal:     311296 kB
VmallocUsed:       34356 kB
VmallocChunk:     144396 kB
Time pass: 185 sec

---2015-12-08 16:16:17
MemTotal:        1745540 kB
MemFree:           51124 kB
Buffers:            7776 kB
Cached:           379148 kB
SwapCached:        42936 kB
Active:           501028 kB
Inactive:         507508 kB
Active(anon):     311476 kB
Inactive(anon):   314556 kB
Active(file):     189552 kB
Inactive(file):   192952 kB
Unevictable:        3816 kB
Mlocked:               0 kB
HighTotal:       1217536 kB
HighFree:          21336 kB
LowTotal:         528004 kB
LowFree:           29788 kB
SwapTotal:       1310716 kB
SwapFree:         784076 kB
Dirty:                88 kB
Writeback:             0 kB
AnonPages:        606328 kB
Mapped:           321648 kB
Shmem:               596 kB
Slab:              59752 kB
SReclaimable:      16288 kB
SUnreclaim:        43464 kB
KernelStack:       15656 kB
PageTables:        54264 kB
NFS_Unstable:          0 kB
Bounce:                0 kB
WritebackTmp:          0 kB
CommitLimit:     2183484 kB
Committed_AS:   124873692 kB
VmallocTotal:     311296 kB
VmallocUsed:       34356 kB
VmallocChunk:     144396 kB
Time pass: 189 sec

---2015-12-08 16:16:17
MemTotal:        1745540 kB
MemFree:           49992 kB
Buffers:            7776 kB
Cached:           379252 kB
SwapCached:        42928 kB
Active:           502200 kB
Inactive:         507636 kB
Active(anon):     312640 kB
Inactive(anon):   314676 kB
Active(file):     189560 kB
Inactive(file):   192960 kB
Unevictable:        3816 kB
Mlocked:               0 kB
HighTotal:       1217536 kB
HighFree:          20144 kB
LowTotal:         528004 kB
LowFree:           29848 kB
SwapTotal:       1310716 kB
SwapFree:         784108 kB
Dirty:                 0 kB
Writeback:             0 kB
AnonPages:        607732 kB
Mapped:           321744 kB
Shmem:               688 kB
Slab:              59756 kB
SReclaimable:      16288 kB
SUnreclaim:        43468 kB
KernelStack:       15656 kB
PageTables:        54268 kB
NFS_Unstable:          0 kB
Bounce:                0 kB
WritebackTmp:          0 kB
CommitLimit:     2183484 kB
Committed_AS:   124873716 kB
VmallocTotal:     311296 kB
VmallocUsed:       34356 kB
VmallocChunk:     144396 kB
Time pass: 192 sec

---2015-12-08 16:16:17
MemTotal:        1745540 kB
MemFree:           49576 kB
Buffers:            7800 kB
Cached:           377412 kB
SwapCached:        43056 kB
Active:           503976 kB
Inactive:         506328 kB
Active(anon):     314420 kB
Inactive(anon):   315068 kB
Active(file):     189556 kB
Inactive(file):   191260 kB
Unevictable:        3816 kB
Mlocked:               0 kB
HighTotal:       1217536 kB
HighFree:          20196 kB
LowTotal:         528004 kB
LowFree:           29380 kB
SwapTotal:       1310716 kB
SwapFree:         783336 kB
Dirty:                40 kB
Writeback:             0 kB
AnonPages:        609572 kB
Mapped:           320036 kB
Shmem:               700 kB
Slab:              59808 kB
SReclaimable:      16288 kB
SUnreclaim:        43520 kB
KernelStack:       15608 kB
PageTables:        54276 kB
NFS_Unstable:          0 kB
Bounce:                0 kB
WritebackTmp:          0 kB
CommitLimit:     2183484 kB
Committed_AS:   124875948 kB
VmallocTotal:     311296 kB
VmallocUsed:       34356 kB
VmallocChunk:     144396 kB
Time pass: 196 sec

---2015-12-08 16:16:17
MemTotal:        1745540 kB
MemFree:           45272 kB
Buffers:            7800 kB
Cached:           374904 kB
SwapCached:        43184 kB
Active:           508044 kB
Inactive:         506808 kB
Active(anon):     318332 kB
Inactive(anon):   318284 kB
Active(file):     189712 kB
Inactive(file):   188524 kB
Unevictable:        3816 kB
Mlocked:               0 kB
HighTotal:       1217536 kB
HighFree:          20792 kB
LowTotal:         528004 kB
LowFree:           24480 kB
SwapTotal:       1310716 kB
SwapFree:         781880 kB
Dirty:                28 kB
Writeback:             0 kB
AnonPages:        616792 kB
Mapped:           322992 kB
Shmem:               700 kB
Slab:              59788 kB
SReclaimable:      16288 kB
SUnreclaim:        43500 kB
KernelStack:       15888 kB
PageTables:        54840 kB
NFS_Unstable:          0 kB
Bounce:                0 kB
WritebackTmp:          0 kB
CommitLimit:     2183484 kB
Committed_AS:   126408876 kB
VmallocTotal:     311296 kB
VmallocUsed:       34356 kB
VmallocChunk:     144396 kB
Time pass: 200 sec

---2015-12-08 16:16:17
MemTotal:        1745540 kB
MemFree:           50244 kB
Buffers:            7824 kB
Cached:           376472 kB
SwapCached:        43420 kB
Active:           507976 kB
Inactive:         502260 kB
Active(anon):     313044 kB
Inactive(anon):   317404 kB
Active(file):     194932 kB
Inactive(file):   184856 kB
Unevictable:        3816 kB
Mlocked:               0 kB
HighTotal:       1217536 kB
HighFree:          21264 kB
LowTotal:         528004 kB
LowFree:           28980 kB
SwapTotal:       1310716 kB
SwapFree:         780820 kB
Dirty:                 4 kB
Writeback:             0 kB
AnonPages:        610492 kB
Mapped:           315836 kB
Shmem:               700 kB
Slab:              59900 kB
SReclaimable:      16288 kB
SUnreclaim:        43612 kB
KernelStack:       15600 kB
PageTables:        54272 kB
NFS_Unstable:          0 kB
Bounce:                0 kB
WritebackTmp:          0 kB
CommitLimit:     2183484 kB
Committed_AS:   124876116 kB
VmallocTotal:     311296 kB
VmallocUsed:       34356 kB
VmallocChunk:     144396 kB
Time pass: 204 sec

---2015-12-08 16:16:17
MemTotal:        1745540 kB
MemFree:           51344 kB
Buffers:            7824 kB
Cached:           376352 kB
SwapCached:        43420 kB
Active:           507584 kB
Inactive:         502256 kB
Active(anon):     312876 kB
Inactive(anon):   317304 kB
Active(file):     194708 kB
Inactive(file):   184952 kB
Unevictable:        3816 kB
Mlocked:               0 kB
HighTotal:       1217536 kB
HighFree:          21724 kB
LowTotal:         528004 kB
LowFree:           29620 kB
SwapTotal:       1310716 kB
SwapFree:         780856 kB
Dirty:                60 kB
Writeback:             0 kB
AnonPages:        610132 kB
Mapped:           315836 kB
Shmem:               700 kB
Slab:              59788 kB
SReclaimable:      16288 kB
SUnreclaim:        43500 kB
KernelStack:       15600 kB
PageTables:        54276 kB
NFS_Unstable:          0 kB
Bounce:                0 kB
WritebackTmp:          0 kB
CommitLimit:     2183484 kB
Committed_AS:   124876292 kB
VmallocTotal:     311296 kB
VmallocUsed:       34356 kB
VmallocChunk:     144396 kB
Time pass: 208 sec

---2015-12-08 16:16:17
MemTotal:        1745540 kB
MemFree:           51504 kB
Buffers:            7832 kB
Cached:           376768 kB
SwapCached:        43420 kB
Active:           506864 kB
Inactive:         502676 kB
Active(anon):     312156 kB
Inactive(anon):   317300 kB
Active(file):     194708 kB
Inactive(file):   185376 kB
Unevictable:        3816 kB
Mlocked:               0 kB
HighTotal:       1217536 kB
HighFree:          21788 kB
LowTotal:         528004 kB
LowFree:           29716 kB
SwapTotal:       1310716 kB
SwapFree:         780860 kB
Dirty:                28 kB
Writeback:             0 kB
AnonPages:        609196 kB
Mapped:           316024 kB
Shmem:               700 kB
Slab:              59768 kB
SReclaimable:      16288 kB
SUnreclaim:        43480 kB
KernelStack:       15600 kB
PageTables:        54272 kB
NFS_Unstable:          0 kB
Bounce:                0 kB
WritebackTmp:          0 kB
CommitLimit:     2183484 kB
Committed_AS:   124876380 kB
VmallocTotal:     311296 kB
VmallocUsed:       34356 kB
VmallocChunk:     144396 kB
Time pass: 212 sec

---2015-12-08 16:16:17
MemTotal:        1745540 kB
MemFree:           50988 kB
Buffers:            7848 kB
Cached:           375756 kB
SwapCached:        43440 kB
Active:           507012 kB
Inactive:         502844 kB
Active(anon):     313420 kB
Inactive(anon):   317348 kB
Active(file):     193592 kB
Inactive(file):   185496 kB
Unevictable:        3816 kB
Mlocked:               0 kB
HighTotal:       1217536 kB
HighFree:          21376 kB
LowTotal:         528004 kB
LowFree:           29612 kB
SwapTotal:       1310716 kB
SwapFree:         780084 kB
Dirty:                44 kB
Writeback:             0 kB
AnonPages:        610664 kB
Mapped:           314972 kB
Shmem:               700 kB
Slab:              59756 kB
SReclaimable:      16288 kB
SUnreclaim:        43468 kB
KernelStack:       15648 kB
PageTables:        54272 kB
NFS_Unstable:          0 kB
Bounce:                0 kB
WritebackTmp:          0 kB
CommitLimit:     2183484 kB
Committed_AS:   124876444 kB
VmallocTotal:     311296 kB
VmallocUsed:       34356 kB
VmallocChunk:     144396 kB
Time pass: 215 sec

---2015-12-08 16:16:17
MemTotal:        1745540 kB
MemFree:           44388 kB
Buffers:            7856 kB
Cached:           374172 kB
SwapCached:        43440 kB
Active:           511232 kB
Inactive:         504820 kB
Active(anon):     319332 kB
Inactive(anon):   319316 kB
Active(file):     191900 kB
Inactive(file):   185504 kB
Unevictable:        3816 kB
Mlocked:               0 kB
HighTotal:       1217536 kB
HighFree:          19904 kB
LowTotal:         528004 kB
LowFree:           24484 kB
SwapTotal:       1310716 kB
SwapFree:         779152 kB
Dirty:                56 kB
Writeback:             0 kB
AnonPages:        618704 kB
Mapped:           320612 kB
Shmem:               700 kB
Slab:              59784 kB
SReclaimable:      16288 kB
SUnreclaim:        43496 kB
KernelStack:       15880 kB
PageTables:        54832 kB
NFS_Unstable:          0 kB
Bounce:                0 kB
WritebackTmp:          0 kB
CommitLimit:     2183484 kB
Committed_AS:   126411472 kB
VmallocTotal:     311296 kB
VmallocUsed:       34356 kB
VmallocChunk:     144396 kB
Time pass: 219 sec

---2015-12-08 16:16:17
MemTotal:        1745540 kB
MemFree:           52540 kB
Buffers:            7872 kB
Cached:           374068 kB
SwapCached:        43440 kB
Active:           506492 kB
Inactive:         503276 kB
Active(anon):     312908 kB
Inactive(anon):   319464 kB
Active(file):     193584 kB
Inactive(file):   183812 kB
Unevictable:        3816 kB
Mlocked:               0 kB
HighTotal:       1217536 kB
HighFree:          22388 kB
LowTotal:         528004 kB
LowFree:           30152 kB
SwapTotal:       1310716 kB
SwapFree:         779200 kB
Dirty:               116 kB
Writeback:             0 kB
AnonPages:        612352 kB
Mapped:           314964 kB
Shmem:               728 kB
Slab:              59792 kB
SReclaimable:      16288 kB
SUnreclaim:        43504 kB
KernelStack:       15600 kB
PageTables:        54284 kB
NFS_Unstable:          0 kB
Bounce:                0 kB
WritebackTmp:          0 kB
CommitLimit:     2183484 kB
Committed_AS:   124878780 kB
VmallocTotal:     311296 kB
VmallocUsed:       34288 kB
VmallocChunk:     144396 kB
Time pass: 223 sec

---2015-12-08 16:16:17
MemTotal:        1745540 kB
MemFree:           51292 kB
Buffers:            7888 kB
Cached:           374184 kB
SwapCached:        43440 kB
Active:           506532 kB
Inactive:         503460 kB
Active(anon):     312948 kB
Inactive(anon):   319632 kB
Active(file):     193584 kB
Inactive(file):   183828 kB
Unevictable:        3816 kB
Mlocked:               0 kB
HighTotal:       1217536 kB
HighFree:          21244 kB
LowTotal:         528004 kB
LowFree:           30048 kB
SwapTotal:       1310716 kB
SwapFree:         779252 kB
Dirty:                 0 kB
Writeback:             0 kB
AnonPages:        612520 kB
Mapped:           315140 kB
Shmem:               844 kB
Slab:              59808 kB
SReclaimable:      16288 kB
SUnreclaim:        43520 kB
KernelStack:       15600 kB
PageTables:        54276 kB
NFS_Unstable:          0 kB
Bounce:                0 kB
WritebackTmp:          0 kB
CommitLimit:     2183484 kB
Committed_AS:   124878916 kB
VmallocTotal:     311296 kB
VmallocUsed:       34356 kB
VmallocChunk:     144396 kB
Time pass: 227 sec

---2015-12-08 16:16:17
MemTotal:        1745540 kB
MemFree:           51688 kB
Buffers:            7896 kB
Cached:           374184 kB
SwapCached:        43436 kB
Active:           506664 kB
Inactive:         503476 kB
Active(anon):     313080 kB
Inactive(anon):   319640 kB
Active(file):     193584 kB
Inactive(file):   183836 kB
Unevictable:        3816 kB
Mlocked:               0 kB
HighTotal:       1217536 kB
HighFree:          21248 kB
LowTotal:         528004 kB
LowFree:           30440 kB
SwapTotal:       1310716 kB
SwapFree:         779264 kB
Dirty:                48 kB
Writeback:             0 kB
AnonPages:        612340 kB
Mapped:           314956 kB
Shmem:               844 kB
Slab:              59808 kB
SReclaimable:      16288 kB
SUnreclaim:        43520 kB
KernelStack:       15600 kB
PageTables:        54276 kB
NFS_Unstable:          0 kB
Bounce:                0 kB
WritebackTmp:          0 kB
CommitLimit:     2183484 kB
Committed_AS:   124879060 kB
VmallocTotal:     311296 kB
VmallocUsed:       34288 kB
VmallocChunk:     144396 kB
Time pass: 230 sec

---2015-12-08 16:16:17
MemTotal:        1745540 kB
MemFree:           49192 kB
Buffers:            7912 kB
Cached:           378016 kB
SwapCached:        43444 kB
Active:           504368 kB
Inactive:         507736 kB
Active(anon):     311196 kB
Inactive(anon):   319632 kB
Active(file):     193172 kB
Inactive(file):   188104 kB
Unevictable:        3816 kB
Mlocked:               0 kB
HighTotal:       1217536 kB
HighFree:          18772 kB
LowTotal:         528004 kB
LowFree:           30420 kB
SwapTotal:       1310716 kB
SwapFree:         779040 kB
Dirty:                64 kB
Writeback:             0 kB
AnonPages:        610524 kB
Mapped:           315356 kB
Shmem:               844 kB
Slab:              59780 kB
SReclaimable:      16288 kB
SUnreclaim:        43492 kB
KernelStack:       15648 kB
PageTables:        54292 kB
NFS_Unstable:          0 kB
Bounce:                0 kB
WritebackTmp:          0 kB
CommitLimit:     2183484 kB
Committed_AS:   124877012 kB
VmallocTotal:     311296 kB
VmallocUsed:       34356 kB
VmallocChunk:     144396 kB
Time pass: 234 sec

---2015-12-08 16:16:17
MemTotal:        1745540 kB
MemFree:           46744 kB
Buffers:            7920 kB
Cached:           374580 kB
SwapCached:        43560 kB
Active:           508296 kB
Inactive:         505372 kB
Active(anon):     318564 kB
Inactive(anon):   317272 kB
Active(file):     189732 kB
Inactive(file):   188100 kB
Unevictable:        3816 kB
Mlocked:               0 kB
HighTotal:       1217536 kB
HighFree:          18572 kB
LowTotal:         528004 kB
LowFree:           28172 kB
SwapTotal:       1310716 kB
SwapFree:         776996 kB
Dirty:                 4 kB
Writeback:             0 kB
AnonPages:        615848 kB
Mapped:           320496 kB
Shmem:               844 kB
Slab:              59840 kB
SReclaimable:      16288 kB
SUnreclaim:        43552 kB
KernelStack:       15720 kB
PageTables:        54800 kB
NFS_Unstable:          0 kB
Bounce:                0 kB
WritebackTmp:          0 kB
CommitLimit:     2183484 kB
Committed_AS:   126408832 kB
VmallocTotal:     311296 kB
VmallocUsed:       34356 kB
VmallocChunk:     144396 kB
Time pass: 238 sec

---2015-12-08 16:16:17
MemTotal:        1745540 kB
MemFree:           56628 kB
Buffers:            7936 kB
Cached:           375376 kB
SwapCached:        43584 kB
Active:           499780 kB
Inactive:         506224 kB
Active(anon):     309956 kB
Inactive(anon):   317332 kB
Active(file):     189824 kB
Inactive(file):   188892 kB
Unevictable:        3816 kB
Mlocked:               0 kB
HighTotal:       1217536 kB
HighFree:          25520 kB
LowTotal:         528004 kB
LowFree:           31108 kB
SwapTotal:       1310716 kB
SwapFree:         777312 kB
Dirty:                96 kB
Writeback:             0 kB
AnonPages:        606940 kB
Mapped:           315084 kB
Shmem:               844 kB
Slab:              59820 kB
SReclaimable:      16288 kB
SUnreclaim:        43532 kB
KernelStack:       15592 kB
PageTables:        54304 kB
NFS_Unstable:          0 kB
Bounce:                0 kB
WritebackTmp:          0 kB
CommitLimit:     2183484 kB
Committed_AS:   124877228 kB
VmallocTotal:     311296 kB
VmallocUsed:       34288 kB
VmallocChunk:     144396 kB
Time pass: 241 sec

---2015-12-08 16:16:17
MemTotal:        1745540 kB
MemFree:           54392 kB
Buffers:            7800 kB
Cached:           379928 kB
SwapCached:        44012 kB
Active:           497864 kB
Inactive:         508392 kB
Active(anon):     308008 kB
Inactive(anon):   315180 kB
Active(file):     189856 kB
Inactive(file):   193212 kB
Unevictable:        3816 kB
Mlocked:               0 kB
HighTotal:       1217536 kB
HighFree:          27224 kB
LowTotal:         528004 kB
LowFree:           27168 kB
SwapTotal:       1310716 kB
SwapFree:         775340 kB
Dirty:                96 kB
Writeback:             0 kB
AnonPages:        602704 kB
Mapped:           315644 kB
Shmem:               844 kB
Slab:              59840 kB
SReclaimable:      16288 kB
SUnreclaim:        43552 kB
KernelStack:       15640 kB
PageTables:        54296 kB
NFS_Unstable:          0 kB
Bounce:                0 kB
WritebackTmp:          0 kB
CommitLimit:     2183484 kB
Committed_AS:   124877436 kB
VmallocTotal:     311296 kB
VmallocUsed:       34356 kB
VmallocChunk:     144396 kB
Time pass: 245 sec

---2015-12-08 16:16:17
MemTotal:        1745540 kB
MemFree:           52808 kB
Buffers:            7824 kB
Cached:           379928 kB
SwapCached:        44012 kB
Active:           499492 kB
Inactive:         508444 kB
Active(anon):     309636 kB
Inactive(anon):   315208 kB
Active(file):     189856 kB
Inactive(file):   193236 kB
Unevictable:        3816 kB
Mlocked:               0 kB
HighTotal:       1217536 kB
HighFree:          25172 kB
LowTotal:         528004 kB
LowFree:           27636 kB
SwapTotal:       1310716 kB
SwapFree:         775368 kB
Dirty:                60 kB
Writeback:             0 kB
AnonPages:        604368 kB
Mapped:           315648 kB
Shmem:               844 kB
Slab:              59892 kB
SReclaimable:      16288 kB
SUnreclaim:        43604 kB
KernelStack:       15608 kB
PageTables:        54296 kB
NFS_Unstable:          0 kB
Bounce:                0 kB
WritebackTmp:          0 kB
CommitLimit:     2183484 kB
Committed_AS:   124877524 kB
VmallocTotal:     311296 kB
VmallocUsed:       34356 kB
VmallocChunk:     144396 kB
Time pass: 249 sec

---2015-12-08 16:16:17
MemTotal:        1745540 kB
MemFree:           51636 kB
Buffers:            8232 kB
Cached:           379928 kB
SwapCached:        44012 kB
Active:           500192 kB
Inactive:         508864 kB
Active(anon):     310336 kB
Inactive(anon):   315220 kB
Active(file):     189856 kB
Inactive(file):   193644 kB
Unevictable:        3816 kB
Mlocked:               0 kB
HighTotal:       1217536 kB
HighFree:          24296 kB
LowTotal:         528004 kB
LowFree:           27340 kB
SwapTotal:       1310716 kB
SwapFree:         775384 kB
Dirty:                64 kB
Writeback:             0 kB
AnonPages:        605180 kB
Mapped:           315464 kB
Shmem:               844 kB
Slab:              59892 kB
SReclaimable:      16288 kB
SUnreclaim:        43604 kB
KernelStack:       15656 kB
PageTables:        54292 kB
NFS_Unstable:          0 kB
Bounce:                0 kB
WritebackTmp:          0 kB
CommitLimit:     2183484 kB
Committed_AS:   124878012 kB
VmallocTotal:     311296 kB
VmallocUsed:       34356 kB
VmallocChunk:     144396 kB
Time pass: 253 sec

---2015-12-08 16:16:17
MemTotal:        1745540 kB
MemFree:           48860 kB
Buffers:            8256 kB
Cached:           379576 kB
SwapCached:        44048 kB
Active:           503280 kB
Inactive:         509592 kB
Active(anon):     313420 kB
Inactive(anon):   316280 kB
Active(file):     189860 kB
Inactive(file):   193312 kB
Unevictable:        3816 kB
Mlocked:               0 kB
HighTotal:       1217536 kB
HighFree:          21468 kB
LowTotal:         528004 kB
LowFree:           27392 kB
SwapTotal:       1310716 kB
SwapFree:         775492 kB
Dirty:                68 kB
Writeback:             0 kB
AnonPages:        609604 kB
Mapped:           318860 kB
Shmem:               844 kB
Slab:              59924 kB
SReclaimable:      16288 kB
SUnreclaim:        43636 kB
KernelStack:       15696 kB
PageTables:        54736 kB
NFS_Unstable:          0 kB
Bounce:                0 kB
WritebackTmp:          0 kB
CommitLimit:     2183484 kB
Committed_AS:   126393096 kB
VmallocTotal:     311296 kB
VmallocUsed:       34356 kB
VmallocChunk:     144396 kB
Time pass: 257 sec

---2015-12-08 16:16:17
MemTotal:        1745540 kB
MemFree:           49912 kB
Buffers:            8264 kB
Cached:           379116 kB
SwapCached:        44440 kB
Active:           499620 kB
Inactive:         511068 kB
Active(anon):     309640 kB
Inactive(anon):   318328 kB
Active(file):     189980 kB
Inactive(file):   192740 kB
Unevictable:        3816 kB
Mlocked:               0 kB
HighTotal:       1217536 kB
HighFree:          23756 kB
LowTotal:         528004 kB
LowFree:           26156 kB
SwapTotal:       1310716 kB
SwapFree:         774488 kB
Dirty:               108 kB
Writeback:             0 kB
AnonPages:        606732 kB
Mapped:           315608 kB
Shmem:               844 kB
Slab:              59948 kB
SReclaimable:      16288 kB
SUnreclaim:        43660 kB
KernelStack:       15616 kB
PageTables:        54304 kB
NFS_Unstable:          0 kB
Bounce:                0 kB
WritebackTmp:          0 kB
CommitLimit:     2183484 kB
Committed_AS:   124878404 kB
VmallocTotal:     311296 kB
VmallocUsed:       34356 kB
VmallocChunk:     144396 kB
Time pass: 260 sec

---2015-12-08 16:16:17
MemTotal:        1745540 kB
MemFree:           50560 kB
Buffers:            8272 kB
Cached:           379088 kB
SwapCached:        44436 kB
Active:           499876 kB
Inactive:         510984 kB
Active(anon):     309828 kB
Inactive(anon):   318332 kB
Active(file):     190048 kB
Inactive(file):   192652 kB
Unevictable:        3816 kB
Mlocked:               0 kB
HighTotal:       1217536 kB
HighFree:          23120 kB
LowTotal:         528004 kB
LowFree:           27440 kB
SwapTotal:       1310716 kB
SwapFree:         774500 kB
Dirty:                80 kB
Writeback:             0 kB
AnonPages:        607084 kB
Mapped:           315732 kB
Shmem:               844 kB
Slab:              59984 kB
SReclaimable:      16288 kB
SUnreclaim:        43696 kB
KernelStack:       15616 kB
PageTables:        54308 kB
NFS_Unstable:          0 kB
Bounce:                0 kB
WritebackTmp:          0 kB
CommitLimit:     2183484 kB
Committed_AS:   124878468 kB
VmallocTotal:     311296 kB
VmallocUsed:       34288 kB
VmallocChunk:     144396 kB
Time pass: 264 sec

---2015-12-08 16:16:17
MemTotal:        1745540 kB
MemFree:           49872 kB
Buffers:            8288 kB
Cached:           379088 kB
SwapCached:        44436 kB
Active:           500408 kB
Inactive:         511052 kB
Active(anon):     310360 kB
Inactive(anon):   318384 kB
Active(file):     190048 kB
Inactive(file):   192668 kB
Unevictable:        3816 kB
Mlocked:               0 kB
HighTotal:       1217536 kB
HighFree:          22500 kB
LowTotal:         528004 kB
LowFree:           27372 kB
SwapTotal:       1310716 kB
SwapFree:         774552 kB
Dirty:                 0 kB
Writeback:             0 kB
AnonPages:        607568 kB
Mapped:           315792 kB
Shmem:               844 kB
Slab:              59952 kB
SReclaimable:      16288 kB
SUnreclaim:        43664 kB
KernelStack:       15632 kB
PageTables:        54308 kB
NFS_Unstable:          0 kB
Bounce:                0 kB
WritebackTmp:          0 kB
CommitLimit:     2183484 kB
Committed_AS:   124878596 kB
VmallocTotal:     311296 kB
VmallocUsed:       34356 kB
VmallocChunk:     144396 kB
Time pass: 268 sec

---2015-12-08 16:16:17
MemTotal:        1745540 kB
MemFree:           47168 kB
Buffers:            8296 kB
Cached:           381736 kB
SwapCached:        44476 kB
Active:           501108 kB
Inactive:         513780 kB
Active(anon):     311060 kB
Inactive(anon):   318504 kB
Active(file):     190048 kB
Inactive(file):   195276 kB
Unevictable:        3816 kB
Mlocked:               0 kB
HighTotal:       1217536 kB
HighFree:          19396 kB
LowTotal:         528004 kB
LowFree:           27772 kB
SwapTotal:       1310716 kB
SwapFree:         774596 kB
Dirty:                40 kB
Writeback:             0 kB
AnonPages:        608328 kB
Mapped:           315872 kB
Shmem:               892 kB
Slab:              59980 kB
SReclaimable:      16288 kB
SUnreclaim:        43692 kB
KernelStack:       15640 kB
PageTables:        54312 kB
NFS_Unstable:          0 kB
Bounce:                0 kB
WritebackTmp:          0 kB
CommitLimit:     2183484 kB
Committed_AS:   124878788 kB
VmallocTotal:     311296 kB
VmallocUsed:       34288 kB
VmallocChunk:     144396 kB
Time pass: 272 sec

---2015-12-08 16:16:17
MemTotal:        1745540 kB
MemFree:           45268 kB
Buffers:            7928 kB
Cached:           376964 kB
SwapCached:        44448 kB
Active:           509092 kB
Inactive:         506540 kB
Active(anon):     319164 kB
Inactive(anon):   316128 kB
Active(file):     189928 kB
Inactive(file):   190412 kB
Unevictable:        3816 kB
Mlocked:               0 kB
HighTotal:       1217536 kB
HighFree:          20884 kB
LowTotal:         528004 kB
LowFree:           24384 kB
SwapTotal:       1310716 kB
SwapFree:         772344 kB
Dirty:                52 kB
Writeback:             0 kB
AnonPages:        613936 kB
Mapped:           320340 kB
Shmem:               892 kB
Slab:              60008 kB
SReclaimable:      16288 kB
SUnreclaim:        43720 kB
KernelStack:       15728 kB
PageTables:        54760 kB
NFS_Unstable:          0 kB
Bounce:                0 kB
WritebackTmp:          0 kB
CommitLimit:     2183484 kB
Committed_AS:   126401384 kB
VmallocTotal:     311296 kB
VmallocUsed:       35376 kB
VmallocChunk:     144396 kB
Time pass: 276 sec

---2015-12-08 16:16:17
MemTotal:        1745540 kB
MemFree:           54468 kB
Buffers:            7820 kB
Cached:           373472 kB
SwapCached:        44444 kB
Active:           500100 kB
Inactive:         506404 kB
Active(anon):     311552 kB
Inactive(anon):   318368 kB
Active(file):     188548 kB
Inactive(file):   188036 kB
Unevictable:        3816 kB
Mlocked:               0 kB
HighTotal:       1217536 kB
HighFree:          26912 kB
LowTotal:         528004 kB
LowFree:           27556 kB
SwapTotal:       1310716 kB
SwapFree:         770764 kB
Dirty:               124 kB
Writeback:             0 kB
AnonPages:        608752 kB
Mapped:           315696 kB
Shmem:               892 kB
Slab:              59996 kB
SReclaimable:      16288 kB
SUnreclaim:        43708 kB
KernelStack:       15640 kB
PageTables:        54312 kB
NFS_Unstable:          0 kB
Bounce:                0 kB
WritebackTmp:          0 kB
CommitLimit:     2183484 kB
Committed_AS:   124879116 kB
VmallocTotal:     311296 kB
VmallocUsed:       34356 kB
VmallocChunk:     144396 kB
Time pass: 280 sec

---2015-12-08 16:16:17
MemTotal:        1745540 kB
MemFree:           55920 kB
Buffers:            7828 kB
Cached:           373472 kB
SwapCached:        44436 kB
Active:           499184 kB
Inactive:         506420 kB
Active(anon):     310636 kB
Inactive(anon):   318376 kB
Active(file):     188548 kB
Inactive(file):   188044 kB
Unevictable:        3816 kB
Mlocked:               0 kB
HighTotal:       1217536 kB
HighFree:          27984 kB
LowTotal:         528004 kB
LowFree:           27936 kB
SwapTotal:       1310716 kB
SwapFree:         770780 kB
Dirty:                52 kB
Writeback:             0 kB
AnonPages:        607804 kB
Mapped:           315584 kB
Shmem:               892 kB
Slab:              59996 kB
SReclaimable:      16288 kB
SUnreclaim:        43708 kB
KernelStack:       15624 kB
PageTables:        54300 kB
NFS_Unstable:          0 kB
Bounce:                0 kB
WritebackTmp:          0 kB
CommitLimit:     2183484 kB
Committed_AS:   124879204 kB
VmallocTotal:     311296 kB
VmallocUsed:       34288 kB
VmallocChunk:     144396 kB
Time pass: 284 sec

---2015-12-08 16:16:17
MemTotal:        1745540 kB
MemFree:           55144 kB
Buffers:            7844 kB
Cached:           373472 kB
SwapCached:        44436 kB
Active:           500008 kB
Inactive:         506440 kB
Active(anon):     311460 kB
Inactive(anon):   318380 kB
Active(file):     188548 kB
Inactive(file):   188060 kB
Unevictable:        3816 kB
Mlocked:               0 kB
HighTotal:       1217536 kB
HighFree:          27520 kB
LowTotal:         528004 kB
LowFree:           27624 kB
SwapTotal:       1310716 kB
SwapFree:         770784 kB
Dirty:                 0 kB
Writeback:             0 kB
AnonPages:        608600 kB
Mapped:           315636 kB
Shmem:               892 kB
Slab:              60060 kB
SReclaimable:      16288 kB
SUnreclaim:        43772 kB
KernelStack:       15640 kB
PageTables:        54316 kB
NFS_Unstable:          0 kB
Bounce:                0 kB
WritebackTmp:          0 kB
CommitLimit:     2183484 kB
Committed_AS:   124880412 kB
VmallocTotal:     311296 kB
VmallocUsed:       34288 kB
VmallocChunk:     144396 kB
Time pass: 287 sec

---2015-12-08 16:16:17
MemTotal:        1745540 kB
MemFree:           54608 kB
Buffers:            7852 kB
Cached:           373472 kB
SwapCached:        44428 kB
Active:           500168 kB
Inactive:         506440 kB
Active(anon):     311620 kB
Inactive(anon):   318372 kB
Active(file):     188548 kB
Inactive(file):   188068 kB
Unevictable:        3816 kB
Mlocked:               0 kB
HighTotal:       1217536 kB
HighFree:          26612 kB
LowTotal:         528004 kB
LowFree:           27996 kB
SwapTotal:       1310716 kB
SwapFree:         770864 kB
Dirty:                28 kB
Writeback:             0 kB
AnonPages:        608820 kB
Mapped:           315636 kB
Shmem:               892 kB
Slab:              60060 kB
SReclaimable:      16288 kB
SUnreclaim:        43772 kB
KernelStack:       15640 kB
PageTables:        54316 kB
NFS_Unstable:          0 kB
Bounce:                0 kB
WritebackTmp:          0 kB
CommitLimit:     2183484 kB
Committed_AS:   124880492 kB
VmallocTotal:     311296 kB
VmallocUsed:       34288 kB
VmallocChunk:     144396 kB
Time pass: 291 sec

---2015-12-08 16:16:17
MemTotal:        1745540 kB
MemFree:           50376 kB
Buffers:            7868 kB
Cached:           373856 kB
SwapCached:        44428 kB
Active:           503936 kB
Inactive:         506812 kB
Active(anon):     315388 kB
Inactive(anon):   318356 kB
Active(file):     188548 kB
Inactive(file):   188456 kB
Unevictable:        3816 kB
Mlocked:               0 kB
HighTotal:       1217536 kB
HighFree:          22708 kB
LowTotal:         528004 kB
LowFree:           27668 kB
SwapTotal:       1310716 kB
SwapFree:         770892 kB
Dirty:                44 kB
Writeback:             0 kB
AnonPages:        612488 kB
Mapped:           318068 kB
Shmem:               908 kB
Slab:              60060 kB
SReclaimable:      16288 kB
SUnreclaim:        43772 kB
KernelStack:       15632 kB
PageTables:        54768 kB
NFS_Unstable:          0 kB
Bounce:                0 kB
WritebackTmp:          0 kB
CommitLimit:     2183484 kB
Committed_AS:   126395580 kB
VmallocTotal:     311296 kB
VmallocUsed:       34356 kB
VmallocChunk:     144396 kB
Time pass: 295 sec

---2015-12-08 16:16:17
MemTotal:        1745540 kB
MemFree:           51596 kB
Buffers:            7876 kB
Cached:           373968 kB
SwapCached:        44428 kB
Active:           502004 kB
Inactive:         506972 kB
Active(anon):     313400 kB
Inactive(anon):   318456 kB
Active(file):     188604 kB
Inactive(file):   188516 kB
Unevictable:        3816 kB
Mlocked:               0 kB
HighTotal:       1217536 kB
HighFree:          25740 kB
LowTotal:         528004 kB
LowFree:           25856 kB
SwapTotal:       1310716 kB
SwapFree:         771012 kB
Dirty:                36 kB
Writeback:             0 kB
AnonPages:        610616 kB
Mapped:           315720 kB
Shmem:               908 kB
Slab:              60064 kB
SReclaimable:      16288 kB
SUnreclaim:        43776 kB
KernelStack:       15656 kB
PageTables:        54320 kB
NFS_Unstable:          0 kB
Bounce:                0 kB
WritebackTmp:          0 kB
CommitLimit:     2183484 kB
Committed_AS:   124875860 kB
VmallocTotal:     311296 kB
VmallocUsed:       34356 kB
VmallocChunk:     144396 kB
Time pass: 298 sec

---2015-12-08 16:16:17
MemTotal:        1745540 kB
MemFree:           58500 kB
Buffers:            7892 kB
Cached:           373988 kB
SwapCached:        44420 kB
Active:           495616 kB
Inactive:         507000 kB
Active(anon):     307012 kB
Inactive(anon):   318452 kB
Active(file):     188604 kB
Inactive(file):   188548 kB
Unevictable:        3816 kB
Mlocked:               0 kB
HighTotal:       1217536 kB
HighFree:          32004 kB
LowTotal:         528004 kB
LowFree:           26496 kB
SwapTotal:       1310716 kB
SwapFree:         771212 kB
Dirty:                 0 kB
Writeback:             0 kB
AnonPages:        604128 kB
Mapped:           315536 kB
Shmem:               908 kB
Slab:              59996 kB
SReclaimable:      16288 kB
SUnreclaim:        43708 kB
KernelStack:       15600 kB
PageTables:        54308 kB
NFS_Unstable:          0 kB
Bounce:                0 kB
WritebackTmp:          0 kB
CommitLimit:     2183484 kB
Committed_AS:   124873532 kB
VmallocTotal:     311296 kB
VmallocUsed:       34288 kB
VmallocChunk:     144396 kB
Time pass: 302 sec

---2015-12-08 16:16:17
MemTotal:        1745540 kB
MemFree:           58676 kB
Buffers:            7900 kB
Cached:           373976 kB
SwapCached:        44420 kB
Active:           495796 kB
Inactive:         506980 kB
Active(anon):     307192 kB
Inactive(anon):   318432 kB
Active(file):     188604 kB
Inactive(file):   188548 kB
Unevictable:        3816 kB
Mlocked:               0 kB
HighTotal:       1217536 kB
HighFree:          30876 kB
LowTotal:         528004 kB
LowFree:           27800 kB
SwapTotal:       1310716 kB
SwapFree:         771224 kB
Dirty:                 0 kB
Writeback:             0 kB
AnonPages:        604368 kB
Mapped:           315536 kB
Shmem:               908 kB
Slab:              60024 kB
SReclaimable:      16288 kB
SUnreclaim:        43736 kB
KernelStack:       15608 kB
PageTables:        54308 kB
NFS_Unstable:          0 kB
Bounce:                0 kB
WritebackTmp:          0 kB
CommitLimit:     2183484 kB
Committed_AS:   124873668 kB
VmallocTotal:     311296 kB
VmallocUsed:       34288 kB
VmallocChunk:     144396 kB
Time pass: 306 sec

---2015-12-08 16:16:17
MemTotal:        1745540 kB
MemFree:           57948 kB
Buffers:            7916 kB
Cached:           373984 kB
SwapCached:        44420 kB
Active:           496032 kB
Inactive:         507020 kB
Active(anon):     307428 kB
Inactive(anon):   318448 kB
Active(file):     188604 kB
Inactive(file):   188572 kB
Unevictable:        3816 kB
Mlocked:               0 kB
HighTotal:       1217536 kB
HighFree:          30396 kB
LowTotal:         528004 kB
LowFree:           27552 kB
SwapTotal:       1310716 kB
SwapFree:         771248 kB
Dirty:                60 kB
Writeback:             0 kB
AnonPages:        604636 kB
Mapped:           315536 kB
Shmem:               908 kB
Slab:              60120 kB
SReclaimable:      16288 kB
SUnreclaim:        43832 kB
KernelStack:       15608 kB
PageTables:        54308 kB
NFS_Unstable:          0 kB
Bounce:                0 kB
WritebackTmp:          0 kB
CommitLimit:     2183484 kB
Committed_AS:   124873804 kB
VmallocTotal:     311296 kB
VmallocUsed:       34356 kB
VmallocChunk:     144396 kB
Time pass: 309 sec

---2015-12-08 16:16:17
MemTotal:        1745540 kB
MemFree:           57676 kB
Buffers:            7916 kB
Cached:           373984 kB
SwapCached:        44416 kB
Active:           496376 kB
Inactive:         507020 kB
Active(anon):     307772 kB
Inactive(anon):   318448 kB
Active(file):     188604 kB
Inactive(file):   188572 kB
Unevictable:        3816 kB
Mlocked:               0 kB
HighTotal:       1217536 kB
HighFree:          29764 kB
LowTotal:         528004 kB
LowFree:           27912 kB
SwapTotal:       1310716 kB
SwapFree:         771284 kB
Dirty:                 0 kB
Writeback:             0 kB
AnonPages:        605060 kB
Mapped:           315536 kB
Shmem:               908 kB
Slab:              60016 kB
SReclaimable:      16288 kB
SUnreclaim:        43728 kB
KernelStack:       15608 kB
PageTables:        54312 kB
NFS_Unstable:          0 kB
Bounce:                0 kB
WritebackTmp:          0 kB
CommitLimit:     2183484 kB
Committed_AS:   124873868 kB
VmallocTotal:     311296 kB
VmallocUsed:       34288 kB
VmallocChunk:     144396 kB
Time pass: 313 sec

---2015-12-08 16:16:17
MemTotal:        1745540 kB
MemFree:           55656 kB
Buffers:            7940 kB
Cached:           373984 kB
SwapCached:        44416 kB
Active:           498380 kB
Inactive:         507068 kB
Active(anon):     309780 kB
Inactive(anon):   318468 kB
Active(file):     188600 kB
Inactive(file):   188600 kB
Unevictable:        3816 kB
Mlocked:               0 kB
HighTotal:       1217536 kB
HighFree:          28296 kB
LowTotal:         528004 kB
LowFree:           27360 kB
SwapTotal:       1310716 kB
SwapFree:         771508 kB
Dirty:               116 kB
Writeback:             8 kB
AnonPages:        607084 kB
Mapped:           315536 kB
Shmem:               908 kB
Slab:              60064 kB
SReclaimable:      16288 kB
SUnreclaim:        43776 kB
KernelStack:       15608 kB
PageTables:        54312 kB
NFS_Unstable:          0 kB
Bounce:                0 kB
WritebackTmp:          0 kB
CommitLimit:     2183484 kB
Committed_AS:   124874028 kB
VmallocTotal:     311296 kB
VmallocUsed:       34356 kB
VmallocChunk:     144396 kB
Time pass: 316 sec

---2015-12-08 16:16:17
MemTotal:        1745540 kB
MemFree:           55020 kB
Buffers:            7940 kB
Cached:           373984 kB
SwapCached:        44416 kB
Active:           498616 kB
Inactive:         507072 kB
Active(anon):     310016 kB
Inactive(anon):   318472 kB
Active(file):     188600 kB
Inactive(file):   188600 kB
Unevictable:        3816 kB
Mlocked:               0 kB
HighTotal:       1217536 kB
HighFree:          27352 kB
LowTotal:         528004 kB
LowFree:           27668 kB
SwapTotal:       1310716 kB
SwapFree:         771512 kB
Dirty:                 0 kB
Writeback:             0 kB
AnonPages:        607252 kB
Mapped:           315536 kB
Shmem:               908 kB
Slab:              59996 kB
SReclaimable:      16288 kB
SUnreclaim:        43708 kB
KernelStack:       15600 kB
PageTables:        54316 kB
NFS_Unstable:          0 kB
Bounce:                0 kB
WritebackTmp:          0 kB
CommitLimit:     2183484 kB
Committed_AS:   124874116 kB
VmallocTotal:     311296 kB
VmallocUsed:       34356 kB
VmallocChunk:     144396 kB
Time pass: 320 sec

---2015-12-08 16:16:17
MemTotal:        1745540 kB
MemFree:           56248 kB
Buffers:            7948 kB
Cached:           373984 kB
SwapCached:        44416 kB
Active:           498788 kB
Inactive:         507084 kB
Active(anon):     310188 kB
Inactive(anon):   318476 kB
Active(file):     188600 kB
Inactive(file):   188608 kB
Unevictable:        3816 kB
Mlocked:               0 kB
HighTotal:       1217536 kB
HighFree:          27956 kB
LowTotal:         528004 kB
LowFree:           28292 kB
SwapTotal:       1310716 kB
SwapFree:         771516 kB
Dirty:                48 kB
Writeback:             0 kB
AnonPages:        607532 kB
Mapped:           315660 kB
Shmem:               908 kB
Slab:              59960 kB
SReclaimable:      16288 kB
SUnreclaim:        43672 kB
KernelStack:       15600 kB
PageTables:        54316 kB
NFS_Unstable:          0 kB
Bounce:                0 kB
WritebackTmp:          0 kB
CommitLimit:     2183484 kB
Committed_AS:   124874324 kB
VmallocTotal:     311296 kB
VmallocUsed:       34288 kB
VmallocChunk:     144396 kB
Time pass: 324 sec

---2015-12-08 16:16:17
MemTotal:        1745540 kB
MemFree:           55688 kB
Buffers:            7964 kB
Cached:           374112 kB
SwapCached:        44436 kB
Active:           498600 kB
Inactive:         507268 kB
Active(anon):     310000 kB
Inactive(anon):   318516 kB
Active(file):     188600 kB
Inactive(file):   188752 kB
Unevictable:        3816 kB
Mlocked:               0 kB
HighTotal:       1217536 kB
HighFree:          27408 kB
LowTotal:         528004 kB
LowFree:           28280 kB
SwapTotal:       1310716 kB
SwapFree:         771536 kB
Dirty:                 0 kB
Writeback:             0 kB
AnonPages:        607240 kB
Mapped:           315640 kB
Shmem:               908 kB
Slab:              59928 kB
SReclaimable:      16288 kB
SUnreclaim:        43640 kB
KernelStack:       15608 kB
PageTables:        54300 kB
NFS_Unstable:          0 kB
Bounce:                0 kB
WritebackTmp:          0 kB
CommitLimit:     2183484 kB
Committed_AS:   124874476 kB
VmallocTotal:     311296 kB
VmallocUsed:       34288 kB
VmallocChunk:     144396 kB
Time pass: 329 sec

---2015-12-08 16:16:17
MemTotal:        1745540 kB
MemFree:           51224 kB
Buffers:            7988 kB
Cached:           374320 kB
SwapCached:        44576 kB
Active:           501892 kB
Inactive:         507752 kB
Active(anon):     313284 kB
Inactive(anon):   318772 kB
Active(file):     188608 kB
Inactive(file):   188980 kB
Unevictable:        3816 kB
Mlocked:               0 kB
HighTotal:       1217536 kB
HighFree:          23048 kB
LowTotal:         528004 kB
LowFree:           28176 kB
SwapTotal:       1310716 kB
SwapFree:         771692 kB
Dirty:                28 kB
Writeback:             0 kB
AnonPages:        611040 kB
Mapped:           317980 kB
Shmem:               908 kB
Slab:              59996 kB
SReclaimable:      16288 kB
SUnreclaim:        43708 kB
KernelStack:       15664 kB
PageTables:        54752 kB
NFS_Unstable:          0 kB
Bounce:                0 kB
WritebackTmp:          0 kB
CommitLimit:     2183484 kB
Committed_AS:   126389908 kB
VmallocTotal:     311296 kB
VmallocUsed:       34356 kB
VmallocChunk:     144396 kB
Time pass: 333 sec

---2015-12-08 16:16:17
MemTotal:        1745540 kB
MemFree:           52776 kB
Buffers:            7988 kB
Cached:           374332 kB
SwapCached:        44576 kB
Active:           499884 kB
Inactive:         507800 kB
Active(anon):     311284 kB
Inactive(anon):   318804 kB
Active(file):     188600 kB
Inactive(file):   188996 kB
Unevictable:        3816 kB
Mlocked:               0 kB
HighTotal:       1217536 kB
HighFree:          24212 kB
LowTotal:         528004 kB
LowFree:           28564 kB
SwapTotal:       1310716 kB
SwapFree:         771716 kB
Dirty:                36 kB
