---2015-12-08 16:16:17
MemTotal:        2582696 kB
MemFree:          177912 kB
Buffers:           11200 kB
Cached:          1082212 kB
SwapCached:            0 kB
Active:          1130208 kB
Inactive:         709308 kB
Active(anon):     582812 kB
Inactive(anon):   168756 kB
Active(file):     547396 kB
Inactive(file):   540552 kB
Unevictable:        3904 kB
Mlocked:               0 kB
SwapTotal:        524284 kB
SwapFree:         523988 kB
Dirty:               808 kB
Writeback:             0 kB
AnonPages:        750048 kB
Mapped:           397820 kB
Shmem:              1560 kB
Slab:             102340 kB
SReclaimable:      31252 kB
SUnreclaim:        71088 kB
KernelStack:       37632 kB
PageTables:        39200 kB
NFS_Unstable:          0 kB
Bounce:                0 kB
WritebackTmp:          0 kB
CommitLimit:     1815632 kB
Committed_AS:   114207728 kB
VmallocTotal:   251658176 kB
VmallocUsed:      119080 kB
VmallocChunk:   251433380 kB
Time pass: 3 sec

---2015-12-08 16:16:17
MemTotal:        2582696 kB
MemFree:          177300 kB
Buffers:           12736 kB
Cached:          1082264 kB
SwapCached:            0 kB
Active:          1130368 kB
Inactive:         710748 kB
Active(anon):     582964 kB
Inactive(anon):   168756 kB
Active(file):     547404 kB
Inactive(file):   541992 kB
Unevictable:        3904 kB
Mlocked:               0 kB
SwapTotal:        524284 kB
SwapFree:         523988 kB
Dirty:               836 kB
Writeback:             4 kB
AnonPages:        750184 kB
Mapped:           397668 kB
Shmem:              1560 kB
Slab:             102116 kB
SReclaimable:      31252 kB
SUnreclaim:        70864 kB
KernelStack:       37664 kB
PageTables:        39252 kB
NFS_Unstable:          0 kB
Bounce:                0 kB
WritebackTmp:          0 kB
CommitLimit:     1815632 kB
Committed_AS:   114207736 kB
VmallocTotal:   251658176 kB
VmallocUsed:      119080 kB
VmallocChunk:   251433380 kB
Time pass: 7 sec

---2015-12-08 16:16:17
MemTotal:        2582696 kB
MemFree:          176860 kB
Buffers:           12736 kB
Cached:          1082228 kB
SwapCached:            0 kB
Active:          1130540 kB
Inactive:         710848 kB
Active(anon):     583132 kB
Inactive(anon):   168756 kB
Active(file):     547408 kB
Inactive(file):   542092 kB
Unevictable:        3904 kB
Mlocked:               0 kB
SwapTotal:        524284 kB
SwapFree:         523988 kB
Dirty:               808 kB
Writeback:             0 kB
AnonPages:        750412 kB
Mapped:           397804 kB
Shmem:              1560 kB
Slab:             102252 kB
SReclaimable:      31256 kB
SUnreclaim:        70996 kB
KernelStack:       37664 kB
PageTables:        39220 kB
NFS_Unstable:          0 kB
Bounce:                0 kB
WritebackTmp:          0 kB
CommitLimit:     1815632 kB
Committed_AS:   114207736 kB
VmallocTotal:   251658176 kB
VmallocUsed:      119080 kB
VmallocChunk:   251433380 kB
Time pass: 11 sec

---2015-12-08 16:16:17
MemTotal:        2582696 kB
MemFree:          176788 kB
Buffers:           12736 kB
Cached:          1082228 kB
SwapCached:            0 kB
Active:          1130744 kB
Inactive:         710848 kB
Active(anon):     583336 kB
Inactive(anon):   168756 kB
Active(file):     547408 kB
Inactive(file):   542092 kB
Unevictable:        3904 kB
Mlocked:               0 kB
SwapTotal:        524284 kB
SwapFree:         523988 kB
Dirty:               808 kB
Writeback:             0 kB
AnonPages:        750616 kB
Mapped:           397804 kB
Shmem:              1560 kB
Slab:             102252 kB
SReclaimable:      31256 kB
SUnreclaim:        70996 kB
KernelStack:       37664 kB
PageTables:        39220 kB
NFS_Unstable:          0 kB
Bounce:                0 kB
WritebackTmp:          0 kB
CommitLimit:     1815632 kB
Committed_AS:   114207728 kB
VmallocTotal:   251658176 kB
VmallocUsed:      119080 kB
VmallocChunk:   251433380 kB
Time pass: 15 sec

---2015-12-08 16:16:17
MemTotal:        2582696 kB
MemFree:          171360 kB
Buffers:           12736 kB
Cached:          1085428 kB
SwapCached:            0 kB
Active:          1132776 kB
Inactive:         714020 kB
Active(anon):     585352 kB
Inactive(anon):   168752 kB
Active(file):     547424 kB
Inactive(file):   545268 kB
Unevictable:        3904 kB
Mlocked:               0 kB
SwapTotal:        524284 kB
SwapFree:         523988 kB
Dirty:               816 kB
Writeback:             0 kB
AnonPages:        752724 kB
Mapped:           398592 kB
Shmem:              1560 kB
Slab:             102252 kB
SReclaimable:      31264 kB
SUnreclaim:        70988 kB
KernelStack:       37664 kB
PageTables:        39224 kB
NFS_Unstable:          0 kB
Bounce:                0 kB
WritebackTmp:          0 kB
CommitLimit:     1815632 kB
Committed_AS:   114216068 kB
VmallocTotal:   251658176 kB
VmallocUsed:      119080 kB
VmallocChunk:   251433380 kB
Time pass: 18 sec

---2015-12-08 16:16:17
MemTotal:        2582696 kB
MemFree:          122840 kB
Buffers:           10892 kB
Cached:          1119864 kB
SwapCached:            0 kB
Active:          1170912 kB
Inactive:         742604 kB
Active(anon):     619320 kB
Inactive(anon):   169384 kB
Active(file):     551592 kB
Inactive(file):   573220 kB
Unevictable:        3904 kB
Mlocked:               0 kB
SwapTotal:        524284 kB
SwapFree:         523988 kB
Dirty:              1032 kB
Writeback:             0 kB
AnonPages:        786584 kB
Mapped:           428888 kB
Shmem:              2192 kB
Slab:             102856 kB
SReclaimable:      31480 kB
SUnreclaim:        71376 kB
KernelStack:       38960 kB
PageTables:        40368 kB
NFS_Unstable:          0 kB
Bounce:                0 kB
WritebackTmp:          0 kB
CommitLimit:     1815632 kB
Committed_AS:   115526608 kB
VmallocTotal:   251658176 kB
VmallocUsed:      120588 kB
VmallocChunk:   251433380 kB
Time pass: 22 sec

---2015-12-08 16:16:17
MemTotal:        2582696 kB
MemFree:          128900 kB
Buffers:            9228 kB
Cached:          1048676 kB
SwapCached:            0 kB
Active:          1141504 kB
Inactive:         692604 kB
Active(anon):     613156 kB
Inactive(anon):   168448 kB
Active(file):     528348 kB
Inactive(file):   524156 kB
Unevictable:        3904 kB
Mlocked:               0 kB
SwapTotal:        524284 kB
SwapFree:         523628 kB
Dirty:              1220 kB
Writeback:             0 kB
AnonPages:        779856 kB
Mapped:           455364 kB
Shmem:              1496 kB
Slab:             102716 kB
SReclaimable:      31476 kB
SUnreclaim:        71240 kB
KernelStack:       38944 kB
PageTables:        40428 kB
NFS_Unstable:          0 kB
Bounce:                0 kB
WritebackTmp:          0 kB
CommitLimit:     1815632 kB
Committed_AS:   115530736 kB
VmallocTotal:   251658176 kB
VmallocUsed:      121140 kB
VmallocChunk:   251433380 kB
Time pass: 26 sec

---2015-12-08 16:16:17
MemTotal:        2582696 kB
MemFree:          124372 kB
Buffers:            9228 kB
Cached:          1059440 kB
SwapCached:            0 kB
Active:          1147832 kB
Inactive:         700644 kB
Active(anon):     616792 kB
Inactive(anon):   168416 kB
Active(file):     531040 kB
Inactive(file):   532228 kB
Unevictable:        3904 kB
Mlocked:               0 kB
SwapTotal:        524284 kB
SwapFree:         523620 kB
Dirty:               376 kB
Writeback:             0 kB
AnonPages:        783780 kB
Mapped:           461400 kB
Shmem:              1496 kB
Slab:             102896 kB
SReclaimable:      31544 kB
SUnreclaim:        71352 kB
KernelStack:       38976 kB
PageTables:        40632 kB
NFS_Unstable:          0 kB
Bounce:                0 kB
WritebackTmp:          0 kB
CommitLimit:     1815632 kB
Committed_AS:   115535600 kB
VmallocTotal:   251658176 kB
VmallocUsed:      121140 kB
VmallocChunk:   251433380 kB
Time pass: 29 sec

---2015-12-08 16:16:17
MemTotal:        2582696 kB
MemFree:          126268 kB
Buffers:            9228 kB
Cached:          1059444 kB
SwapCached:            0 kB
Active:          1150048 kB
Inactive:         699996 kB
Active(anon):     618360 kB
Inactive(anon):   168416 kB
Active(file):     531688 kB
Inactive(file):   531580 kB
Unevictable:        3904 kB
Mlocked:               0 kB
SwapTotal:        524284 kB
SwapFree:         523620 kB
Dirty:               384 kB
Writeback:             0 kB
AnonPages:        785372 kB
Mapped:           461552 kB
Shmem:              1496 kB
Slab:             103000 kB
SReclaimable:      31600 kB
SUnreclaim:        71400 kB
KernelStack:       39024 kB
PageTables:        40644 kB
NFS_Unstable:          0 kB
Bounce:                0 kB
WritebackTmp:          0 kB
CommitLimit:     1815632 kB
Committed_AS:   115552976 kB
VmallocTotal:   251658176 kB
VmallocUsed:      121140 kB
VmallocChunk:   251433380 kB
Time pass: 33 sec

---2015-12-08 16:16:17
MemTotal:        2582696 kB
MemFree:          133448 kB
Buffers:            7328 kB
Cached:           983032 kB
SwapCached:            0 kB
Active:          1121408 kB
Inactive:         660944 kB
Active(anon):     628960 kB
Inactive(anon):   168176 kB
Active(file):     492448 kB
Inactive(file):   492768 kB
Unevictable:        3904 kB
Mlocked:               0 kB
SwapTotal:        524284 kB
SwapFree:         523460 kB
Dirty:               396 kB
Writeback:             0 kB
AnonPages:        795796 kB
Mapped:           454708 kB
Shmem:              1496 kB
Slab:             103320 kB
SReclaimable:      31860 kB
SUnreclaim:        71460 kB
KernelStack:       39008 kB
PageTables:        40664 kB
NFS_Unstable:          0 kB
Bounce:                0 kB
WritebackTmp:          0 kB
CommitLimit:     1815632 kB
Committed_AS:   115553960 kB
VmallocTotal:   251658176 kB
VmallocUsed:      121236 kB
VmallocChunk:   251433380 kB
Time pass: 37 sec

---2015-12-08 16:16:17
MemTotal:        2582696 kB
MemFree:          120844 kB
Buffers:            7336 kB
Cached:           995984 kB
SwapCached:            0 kB
Active:          1129024 kB
Inactive:         666024 kB
Active(anon):     629012 kB
Inactive(anon):   168124 kB
Active(file):     500012 kB
Inactive(file):   497900 kB
Unevictable:        3904 kB
Mlocked:               0 kB
SwapTotal:        524284 kB
SwapFree:         523460 kB
Dirty:               404 kB
Writeback:             0 kB
AnonPages:        795688 kB
Mapped:           465852 kB
Shmem:              1496 kB
Slab:             103384 kB
SReclaimable:      32008 kB
SUnreclaim:        71376 kB
KernelStack:       39072 kB
PageTables:        40972 kB
NFS_Unstable:          0 kB
Bounce:                0 kB
WritebackTmp:          0 kB
CommitLimit:     1815632 kB
Committed_AS:   115555536 kB
VmallocTotal:   251658176 kB
VmallocUsed:      121236 kB
VmallocChunk:   251433380 kB
Time pass: 41 sec

---2015-12-08 16:16:17
MemTotal:        2582696 kB
MemFree:          122460 kB
Buffers:            7336 kB
Cached:           996580 kB
SwapCached:            0 kB
Active:          1146936 kB
Inactive:         652744 kB
Active(anon):     633148 kB
Inactive(anon):   168124 kB
Active(file):     513788 kB
Inactive(file):   484620 kB
Unevictable:        3904 kB
Mlocked:               0 kB
SwapTotal:        524284 kB
SwapFree:         523460 kB
Dirty:               436 kB
Writeback:             0 kB
AnonPages:        800192 kB
Mapped:           451048 kB
Shmem:              1500 kB
Slab:             103300 kB
SReclaimable:      31912 kB
SUnreclaim:        71388 kB
KernelStack:       39040 kB
PageTables:        40700 kB
NFS_Unstable:          0 kB
Bounce:                0 kB
WritebackTmp:          0 kB
CommitLimit:     1815632 kB
Committed_AS:   115542652 kB
VmallocTotal:   251658176 kB
VmallocUsed:      121200 kB
VmallocChunk:   251433380 kB
Time pass: 44 sec

---2015-12-08 16:16:17
MemTotal:        2582696 kB
MemFree:          115772 kB
Buffers:            6840 kB
Cached:           962800 kB
SwapCached:            0 kB
Active:          1127524 kB
Inactive:         649184 kB
Active(anon):     646348 kB
Inactive(anon):   167432 kB
Active(file):     481176 kB
Inactive(file):   481752 kB
Unevictable:        3904 kB
Mlocked:               0 kB
SwapTotal:        524284 kB
SwapFree:         521900 kB
Dirty:              1924 kB
Writeback:             0 kB
AnonPages:        811036 kB
Mapped:           491544 kB
Shmem:              2644 kB
Slab:             102980 kB
SReclaimable:      31792 kB
SUnreclaim:        71188 kB
KernelStack:       39136 kB
PageTables:        40776 kB
NFS_Unstable:          0 kB
Bounce:                0 kB
WritebackTmp:          0 kB
CommitLimit:     1815632 kB
Committed_AS:   115565536 kB
VmallocTotal:   251658176 kB
VmallocUsed:      121556 kB
VmallocChunk:   251433380 kB
Time pass: 48 sec

---2015-12-08 16:16:17
MemTotal:        2582696 kB
MemFree:          123196 kB
Buffers:            6840 kB
Cached:           961528 kB
SwapCached:            0 kB
Active:          1120416 kB
Inactive:         647944 kB
Active(anon):     639108 kB
Inactive(anon):   166072 kB
Active(file):     481308 kB
Inactive(file):   481872 kB
Unevictable:        3904 kB
Mlocked:               0 kB
SwapTotal:        524284 kB
SwapFree:         521900 kB
Dirty:               632 kB
Writeback:             0 kB
AnonPages:        803824 kB
Mapped:           490360 kB
Shmem:              1284 kB
Slab:             102948 kB
SReclaimable:      31760 kB
SUnreclaim:        71188 kB
KernelStack:       39136 kB
PageTables:        40836 kB
NFS_Unstable:          0 kB
Bounce:                0 kB
WritebackTmp:          0 kB
CommitLimit:     1815632 kB
Committed_AS:   115561192 kB
VmallocTotal:   251658176 kB
VmallocUsed:      121556 kB
VmallocChunk:   251433380 kB
Time pass: 52 sec

---2015-12-08 16:16:17
MemTotal:        2582696 kB
MemFree:          123060 kB
Buffers:            6840 kB
Cached:           961784 kB
SwapCached:            0 kB
Active:          1120496 kB
Inactive:         648180 kB
Active(anon):     639168 kB
Inactive(anon):   166072 kB
Active(file):     481328 kB
Inactive(file):   482108 kB
Unevictable:        3904 kB
Mlocked:               0 kB
SwapTotal:        524284 kB
SwapFree:         521900 kB
Dirty:               592 kB
Writeback:             0 kB
AnonPages:        804040 kB
Mapped:           490744 kB
Shmem:              1284 kB
Slab:             102948 kB
SReclaimable:      31760 kB
SUnreclaim:        71188 kB
KernelStack:       39136 kB
PageTables:        40836 kB
NFS_Unstable:          0 kB
Bounce:                0 kB
WritebackTmp:          0 kB
CommitLimit:     1815632 kB
Committed_AS:   115561192 kB
VmallocTotal:   251658176 kB
VmallocUsed:      121556 kB
VmallocChunk:   251433380 kB
Time pass: 56 sec

---2015-12-08 16:16:17
MemTotal:        2582696 kB
MemFree:          121428 kB
Buffers:            6840 kB
Cached:           947052 kB
SwapCached:            0 kB
Active:          1115508 kB
Inactive:         640496 kB
Active(anon):     641236 kB
Inactive(anon):   166072 kB
Active(file):     474272 kB
Inactive(file):   474424 kB
Unevictable:        3904 kB
Mlocked:               0 kB
SwapTotal:        524284 kB
SwapFree:         521900 kB
Dirty:               748 kB
Writeback:             0 kB
AnonPages:        806064 kB
Mapped:           500364 kB
Shmem:              1284 kB
Slab:             102816 kB
SReclaimable:      31632 kB
SUnreclaim:        71184 kB
KernelStack:       39136 kB
PageTables:        40864 kB
NFS_Unstable:          0 kB
Bounce:                0 kB
WritebackTmp:          0 kB
CommitLimit:     1815632 kB
Committed_AS:   115561312 kB
VmallocTotal:   251658176 kB
VmallocUsed:      121652 kB
VmallocChunk:   251433380 kB
Time pass: 59 sec

---2015-12-08 16:16:17
MemTotal:        2582696 kB
MemFree:          120872 kB
Buffers:            6840 kB
Cached:           947052 kB
SwapCached:            0 kB
Active:          1115512 kB
Inactive:         640480 kB
Active(anon):     641216 kB
Inactive(anon):   166072 kB
Active(file):     474296 kB
Inactive(file):   474408 kB
Unevictable:        3904 kB
Mlocked:               0 kB
SwapTotal:        524284 kB
SwapFree:         521900 kB
Dirty:               620 kB
Writeback:             0 kB
AnonPages:        806084 kB
Mapped:           500364 kB
Shmem:              1284 kB
Slab:             102872 kB
SReclaimable:      31632 kB
SUnreclaim:        71240 kB
KernelStack:       39136 kB
PageTables:        40860 kB
NFS_Unstable:          0 kB
Bounce:                0 kB
WritebackTmp:          0 kB
CommitLimit:     1815632 kB
Committed_AS:   115561320 kB
VmallocTotal:   251658176 kB
VmallocUsed:      121652 kB
VmallocChunk:   251433380 kB
Time pass: 63 sec

---2015-12-08 16:16:17
MemTotal:        2582696 kB
MemFree:          113620 kB
Buffers:            6836 kB
Cached:           928444 kB
SwapCached:            0 kB
Active:          1113876 kB
Inactive:         630620 kB
Active(anon):     648748 kB
Inactive(anon):   165576 kB
Active(file):     465128 kB
Inactive(file):   465044 kB
Unevictable:        3904 kB
Mlocked:               0 kB
SwapTotal:        524284 kB
SwapFree:         521508 kB
Dirty:              1288 kB
Writeback:             0 kB
AnonPages:        813148 kB
Mapped:           509316 kB
Shmem:              1204 kB
Slab:             103084 kB
SReclaimable:      31740 kB
SUnreclaim:        71344 kB
KernelStack:       39152 kB
PageTables:        40800 kB
NFS_Unstable:          0 kB
Bounce:                0 kB
WritebackTmp:          0 kB
CommitLimit:     1815632 kB
Committed_AS:   115561992 kB
VmallocTotal:   251658176 kB
VmallocUsed:      121812 kB
VmallocChunk:   251433380 kB
Time pass: 67 sec

---2015-12-08 16:16:17
MemTotal:        2582696 kB
MemFree:          105596 kB
Buffers:            6836 kB
Cached:           934316 kB
SwapCached:            0 kB
Active:          1124060 kB
Inactive:         636308 kB
Active(anon):     658748 kB
Inactive(anon):   165576 kB
Active(file):     465312 kB
Inactive(file):   470732 kB
Unevictable:        3904 kB
Mlocked:               0 kB
SwapTotal:        524284 kB
SwapFree:         521508 kB
Dirty:              1016 kB
Writeback:             0 kB
AnonPages:        823316 kB
Mapped:           513024 kB
Shmem:              1204 kB
Slab:             103076 kB
SReclaimable:      31764 kB
SUnreclaim:        71312 kB
KernelStack:       39264 kB
PageTables:        40820 kB
NFS_Unstable:          0 kB
Bounce:                0 kB
WritebackTmp:          0 kB
CommitLimit:     1815632 kB
Committed_AS:   115574424 kB
VmallocTotal:   251658176 kB
VmallocUsed:      121812 kB
VmallocChunk:   251433380 kB
Time pass: 70 sec

---2015-12-08 16:16:17
MemTotal:        2582696 kB
MemFree:          107180 kB
Buffers:            6492 kB
Cached:           913748 kB
SwapCached:            8 kB
Active:          1126528 kB
Inactive:         623260 kB
Active(anon):     668032 kB
Inactive(anon):   166840 kB
Active(file):     458496 kB
Inactive(file):   456420 kB
Unevictable:        3904 kB
Mlocked:               0 kB
SwapTotal:        524284 kB
SwapFree:         521360 kB
Dirty:               776 kB
Writeback:             0 kB
AnonPages:        833612 kB
Mapped:           510844 kB
Shmem:              1340 kB
Slab:             103008 kB
SReclaimable:      31284 kB
SUnreclaim:        71724 kB
KernelStack:       39552 kB
PageTables:        41052 kB
NFS_Unstable:          0 kB
Bounce:                0 kB
WritebackTmp:          0 kB
CommitLimit:     1815632 kB
Committed_AS:   115610080 kB
VmallocTotal:   251658176 kB
VmallocUsed:      124344 kB
VmallocChunk:   251433380 kB
Time pass: 75 sec

---2015-12-08 16:16:17
MemTotal:        2582696 kB
MemFree:          110352 kB
Buffers:            6484 kB
Cached:           882888 kB
SwapCached:            8 kB
Active:          1110164 kB
Inactive:         608208 kB
Active(anon):     667252 kB
Inactive(anon):   166840 kB
Active(file):     442912 kB
Inactive(file):   441368 kB
Unevictable:        3920 kB
Mlocked:               0 kB
SwapTotal:        524284 kB
SwapFree:         519444 kB
Dirty:               784 kB
Writeback:             0 kB
AnonPages:        832476 kB
Mapped:           504088 kB
Shmem:              1384 kB
Slab:             103184 kB
SReclaimable:      31472 kB
SUnreclaim:        71712 kB
KernelStack:       39552 kB
PageTables:        41208 kB
NFS_Unstable:          0 kB
Bounce:                0 kB
WritebackTmp:          0 kB
CommitLimit:     1815632 kB
Committed_AS:   115614224 kB
VmallocTotal:   251658176 kB
VmallocUsed:      124344 kB
VmallocChunk:   251433380 kB
Time pass: 78 sec

---2015-12-08 16:16:17
MemTotal:        2582696 kB
MemFree:          110172 kB
Buffers:            6484 kB
Cached:           882936 kB
SwapCached:            8 kB
Active:          1109840 kB
Inactive:         608196 kB
Active(anon):     667128 kB
Inactive(anon):   166908 kB
Active(file):     442712 kB
Inactive(file):   441288 kB
Unevictable:        3920 kB
Mlocked:               0 kB
SwapTotal:        524284 kB
SwapFree:         519444 kB
Dirty:               740 kB
Writeback:            20 kB
AnonPages:        832456 kB
Mapped:           504212 kB
Shmem:              1500 kB
Slab:             103348 kB
SReclaimable:      31588 kB
SUnreclaim:        71760 kB
KernelStack:       39456 kB
PageTables:        41216 kB
NFS_Unstable:          0 kB
Bounce:                0 kB
WritebackTmp:          0 kB
CommitLimit:     1815632 kB
Committed_AS:   115614080 kB
VmallocTotal:   251658176 kB
VmallocUsed:      124344 kB
VmallocChunk:   251433380 kB
Time pass: 82 sec

---2015-12-08 16:16:17
MemTotal:        2582696 kB
MemFree:          110396 kB
Buffers:            6484 kB
Cached:           881792 kB
SwapCached:            8 kB
Active:          1109424 kB
Inactive:         608584 kB
Active(anon):     668028 kB
Inactive(anon):   167176 kB
Active(file):     441396 kB
Inactive(file):   441408 kB
Unevictable:        3920 kB
Mlocked:               0 kB
SwapTotal:        524284 kB
SwapFree:         519364 kB
Dirty:               776 kB
Writeback:             0 kB
AnonPages:        833820 kB
Mapped:           504288 kB
Shmem:              1552 kB
Slab:             103296 kB
SReclaimable:      31456 kB
SUnreclaim:        71840 kB
KernelStack:       39456 kB
PageTables:        41216 kB
NFS_Unstable:          0 kB
Bounce:                0 kB
WritebackTmp:          0 kB
CommitLimit:     1815632 kB
Committed_AS:   115614056 kB
VmallocTotal:   251658176 kB
VmallocUsed:      124344 kB
VmallocChunk:   251433380 kB
Time pass: 86 sec

---2015-12-08 16:16:17
MemTotal:        2582696 kB
MemFree:          109236 kB
Buffers:            6484 kB
Cached:           881720 kB
SwapCached:            8 kB
Active:          1110316 kB
Inactive:         608468 kB
Active(anon):     668876 kB
Inactive(anon):   167176 kB
Active(file):     441440 kB
Inactive(file):   441292 kB
Unevictable:        3920 kB
Mlocked:               0 kB
SwapTotal:        524284 kB
SwapFree:         519364 kB
Dirty:               784 kB
Writeback:             0 kB
AnonPages:        834548 kB
Mapped:           504288 kB
Shmem:              1552 kB
Slab:             103060 kB
SReclaimable:      31328 kB
SUnreclaim:        71732 kB
KernelStack:       39456 kB
PageTables:        41208 kB
NFS_Unstable:          0 kB
Bounce:                0 kB
WritebackTmp:          0 kB
CommitLimit:     1815632 kB
Committed_AS:   115618160 kB
VmallocTotal:   251658176 kB
VmallocUsed:      124344 kB
VmallocChunk:   251433380 kB
Time pass: 90 sec

---2015-12-08 16:16:17
MemTotal:        2582696 kB
MemFree:          113364 kB
Buffers:            6484 kB
Cached:           876620 kB
SwapCached:            8 kB
Active:          1107584 kB
Inactive:         606924 kB
Active(anon):     668296 kB
Inactive(anon):   168656 kB
Active(file):     439288 kB
Inactive(file):   438268 kB
Unevictable:        3920 kB
Mlocked:               0 kB
SwapTotal:        524284 kB
SwapFree:         518984 kB
Dirty:               784 kB
Writeback:             0 kB
AnonPages:        835476 kB
Mapped:           504280 kB
Shmem:              1552 kB
Slab:             103008 kB
SReclaimable:      31356 kB
SUnreclaim:        71652 kB
KernelStack:       39456 kB
PageTables:        41228 kB
NFS_Unstable:          0 kB
Bounce:                0 kB
WritebackTmp:          0 kB
CommitLimit:     1815632 kB
Committed_AS:   115622248 kB
VmallocTotal:   251658176 kB
VmallocUsed:      124344 kB
VmallocChunk:   251433380 kB
Time pass: 93 sec

---2015-12-08 16:16:17
MemTotal:        2582696 kB
MemFree:          113584 kB
Buffers:            6484 kB
Cached:           876616 kB
SwapCached:            8 kB
Active:          1107720 kB
Inactive:         607080 kB
Active(anon):     668444 kB
Inactive(anon):   168660 kB
Active(file):     439276 kB
Inactive(file):   438420 kB
Unevictable:        3920 kB
Mlocked:               0 kB
SwapTotal:        524284 kB
SwapFree:         518984 kB
Dirty:               776 kB
Writeback:             0 kB
AnonPages:        835800 kB
Mapped:           504268 kB
Shmem:              1484 kB
Slab:             103048 kB
SReclaimable:      31356 kB
SUnreclaim:        71692 kB
KernelStack:       39456 kB
PageTables:        41236 kB
NFS_Unstable:          0 kB
Bounce:                0 kB
WritebackTmp:          0 kB
CommitLimit:     1815632 kB
Committed_AS:   115622240 kB
VmallocTotal:   251658176 kB
VmallocUsed:      124344 kB
VmallocChunk:   251433380 kB
Time pass: 97 sec

---2015-12-08 16:16:17
MemTotal:        2582696 kB
MemFree:          113272 kB
Buffers:            6492 kB
Cached:           876636 kB
SwapCached:            8 kB
Active:          1107944 kB
Inactive:         607108 kB
Active(anon):     668668 kB
Inactive(anon):   168680 kB
Active(file):     439276 kB
Inactive(file):   438428 kB
Unevictable:        3920 kB
Mlocked:               0 kB
SwapTotal:        524284 kB
SwapFree:         518984 kB
Dirty:               796 kB
Writeback:             0 kB
AnonPages:        835860 kB
Mapped:           504288 kB
Shmem:              1504 kB
Slab:             103056 kB
SReclaimable:      31364 kB
SUnreclaim:        71692 kB
KernelStack:       39456 kB
PageTables:        41232 kB
NFS_Unstable:          0 kB
Bounce:                0 kB
WritebackTmp:          0 kB
CommitLimit:     1815632 kB
Committed_AS:   115622240 kB
VmallocTotal:   251658176 kB
VmallocUsed:      124344 kB
VmallocChunk:   251433380 kB
Time pass: 101 sec

---2015-12-08 16:16:17
MemTotal:        2582696 kB
MemFree:          112940 kB
Buffers:            6492 kB
Cached:           876664 kB
SwapCached:            8 kB
Active:          1108168 kB
Inactive:         607132 kB
Active(anon):     668892 kB
Inactive(anon):   168704 kB
Active(file):     439276 kB
Inactive(file):   438428 kB
Unevictable:        3920 kB
Mlocked:               0 kB
SwapTotal:        524284 kB
SwapFree:         518984 kB
Dirty:               776 kB
Writeback:             0 kB
AnonPages:        836068 kB
Mapped:           504320 kB
Shmem:              1532 kB
Slab:             103064 kB
SReclaimable:      31368 kB
SUnreclaim:        71696 kB
KernelStack:       39456 kB
PageTables:        41216 kB
NFS_Unstable:          0 kB
Bounce:                0 kB
WritebackTmp:          0 kB
CommitLimit:     1815632 kB
Committed_AS:   115622208 kB
VmallocTotal:   251658176 kB
VmallocUsed:      124344 kB
VmallocChunk:   251433380 kB
Time pass: 104 sec

---2015-12-08 16:16:17
MemTotal:        2582696 kB
MemFree:          114576 kB
Buffers:            6492 kB
Cached:           876672 kB
SwapCached:            8 kB
Active:          1106508 kB
Inactive:         607140 kB
Active(anon):     667232 kB
Inactive(anon):   168708 kB
Active(file):     439276 kB
Inactive(file):   438432 kB
Unevictable:        3920 kB
Mlocked:               0 kB
SwapTotal:        524284 kB
SwapFree:         518984 kB
Dirty:               776 kB
Writeback:             0 kB
AnonPages:        834280 kB
Mapped:           504332 kB
Shmem:              1536 kB
Slab:             103056 kB
SReclaimable:      31368 kB
SUnreclaim:        71688 kB
KernelStack:       39408 kB
PageTables:        41232 kB
NFS_Unstable:          0 kB
Bounce:                0 kB
WritebackTmp:          0 kB
CommitLimit:     1815632 kB
Committed_AS:   115622216 kB
VmallocTotal:   251658176 kB
VmallocUsed:      124344 kB
VmallocChunk:   251433380 kB
Time pass: 108 sec

---2015-12-08 16:16:17
MemTotal:        2582696 kB
MemFree:          114332 kB
Buffers:            6492 kB
Cached:           876672 kB
SwapCached:            8 kB
Active:          1106472 kB
Inactive:         607140 kB
Active(anon):     667196 kB
Inactive(anon):   168708 kB
Active(file):     439276 kB
Inactive(file):   438432 kB
Unevictable:        3920 kB
Mlocked:               0 kB
SwapTotal:        524284 kB
SwapFree:         518984 kB
Dirty:               776 kB
Writeback:             0 kB
AnonPages:        834420 kB
Mapped:           504332 kB
Shmem:              1536 kB
Slab:             103108 kB
SReclaimable:      31368 kB
SUnreclaim:        71740 kB
KernelStack:       39408 kB
PageTables:        41236 kB
NFS_Unstable:          0 kB
Bounce:                0 kB
WritebackTmp:          0 kB
CommitLimit:     1815632 kB
Committed_AS:   115622176 kB
VmallocTotal:   251658176 kB
VmallocUsed:      124344 kB
VmallocChunk:   251433380 kB
Time pass: 111 sec

---2015-12-08 16:16:17
MemTotal:        2582696 kB
MemFree:          116032 kB
Buffers:            6492 kB
Cached:           873932 kB
SwapCached:            8 kB
Active:          1106496 kB
Inactive:         597060 kB
Active(anon):     660300 kB
Inactive(anon):   167780 kB
Active(file):     446196 kB
Inactive(file):   429280 kB
Unevictable:        3920 kB
Mlocked:               0 kB
SwapTotal:        524284 kB
SwapFree:         518708 kB
Dirty:                40 kB
Writeback:             0 kB
AnonPages:        827036 kB
Mapped:           526020 kB
Shmem:              1084 kB
Slab:             103096 kB
SReclaimable:      31376 kB
SUnreclaim:        71720 kB
KernelStack:       39168 kB
PageTables:        40860 kB
NFS_Unstable:          0 kB
Bounce:                0 kB
WritebackTmp:          0 kB
CommitLimit:     1815632 kB
Committed_AS:   115595184 kB
VmallocTotal:   251658176 kB
VmallocUsed:      124344 kB
VmallocChunk:   251433380 kB
Time pass: 115 sec

---2015-12-08 16:16:17
MemTotal:        2582696 kB
MemFree:          411132 kB
Buffers:            6492 kB
Cached:           874056 kB
SwapCached:            8 kB
Active:          1024140 kB
Inactive:         594968 kB
Active(anon):     575760 kB
Inactive(anon):   167628 kB
Active(file):     448380 kB
Inactive(file):   427340 kB
Unevictable:        3920 kB
Mlocked:               0 kB
SwapTotal:        524284 kB
SwapFree:         518700 kB
Dirty:               284 kB
Writeback:             0 kB
AnonPages:        742488 kB
Mapped:           370192 kB
Shmem:               948 kB
Slab:             102568 kB
SReclaimable:      31328 kB
SUnreclaim:        71240 kB
KernelStack:       36800 kB
PageTables:        38832 kB
NFS_Unstable:          0 kB
Bounce:                0 kB
WritebackTmp:          0 kB
CommitLimit:     1815632 kB
Committed_AS:   112982512 kB
VmallocTotal:   251658176 kB
VmallocUsed:      120488 kB
VmallocChunk:   251433380 kB
Time pass: 119 sec

---2015-12-08 16:16:17
MemTotal:        2582696 kB
MemFree:          416168 kB
Buffers:            6492 kB
Cached:           874224 kB
SwapCached:            8 kB
Active:          1018284 kB
Inactive:         595096 kB
Active(anon):     569904 kB
Inactive(anon):   167628 kB
Active(file):     448380 kB
Inactive(file):   427468 kB
Unevictable:        3920 kB
Mlocked:               0 kB
SwapTotal:        524284 kB
SwapFree:         518700 kB
Dirty:               492 kB
Writeback:             0 kB
AnonPages:        736604 kB
Mapped:           370196 kB
Shmem:               948 kB
Slab:             102456 kB
SReclaimable:      31216 kB
SUnreclaim:        71240 kB
KernelStack:       36800 kB
PageTables:        38832 kB
NFS_Unstable:          0 kB
Bounce:                0 kB
WritebackTmp:          0 kB
CommitLimit:     1815632 kB
Committed_AS:   112982512 kB
VmallocTotal:   251658176 kB
VmallocUsed:      120488 kB
VmallocChunk:   251433380 kB
Time pass: 123 sec

---2015-12-08 16:16:17
MemTotal:        2582696 kB
MemFree:          344140 kB
Buffers:            6492 kB
Cached:           874664 kB
SwapCached:            8 kB
Active:          1029608 kB
Inactive:         593904 kB
Active(anon):     579740 kB
Inactive(anon):   167628 kB
Active(file):     449868 kB
Inactive(file):   426276 kB
Unevictable:        3920 kB
Mlocked:               0 kB
SwapTotal:        524284 kB
SwapFree:         518700 kB
Dirty:               712 kB
Writeback:             0 kB
AnonPages:        746452 kB
Mapped:           385400 kB
Shmem:               948 kB
Slab:             102448 kB
SReclaimable:      31216 kB
SUnreclaim:        71232 kB
KernelStack:       36848 kB
PageTables:        39148 kB
NFS_Unstable:          0 kB
Bounce:                0 kB
WritebackTmp:          0 kB
CommitLimit:     1815632 kB
Committed_AS:   114261424 kB
VmallocTotal:   251658176 kB
VmallocUsed:      121636 kB
VmallocChunk:   251433380 kB
Time pass: 127 sec

---2015-12-08 16:16:17
MemTotal:        2582696 kB
MemFree:          197176 kB
Buffers:            6492 kB
Cached:           875620 kB
SwapCached:            8 kB
Active:          1069560 kB
Inactive:         591784 kB
Active(anon):     616476 kB
Inactive(anon):   167764 kB
Active(file):     453084 kB
Inactive(file):   424020 kB
Unevictable:        3920 kB
Mlocked:               0 kB
SwapTotal:        524284 kB
SwapFree:         518700 kB
Dirty:              1476 kB
Writeback:             0 kB
AnonPages:        783224 kB
Mapped:           457976 kB
Shmem:              1084 kB
Slab:             102612 kB
SReclaimable:      31284 kB
SUnreclaim:        71328 kB
KernelStack:       38080 kB
PageTables:        40016 kB
NFS_Unstable:          0 kB
Bounce:                0 kB
WritebackTmp:          0 kB
CommitLimit:     1815632 kB
Committed_AS:   114316528 kB
VmallocTotal:   251658176 kB
VmallocUsed:      119892 kB
VmallocChunk:   251433380 kB
Time pass: 130 sec

---2015-12-08 16:16:17
MemTotal:        2582696 kB
MemFree:          131772 kB
Buffers:            6492 kB
Cached:           876388 kB
SwapCached:            8 kB
Active:          1071704 kB
Inactive:         591392 kB
Active(anon):     617432 kB
Inactive(anon):   167764 kB
Active(file):     454272 kB
Inactive(file):   423628 kB
Unevictable:        3920 kB
Mlocked:               0 kB
SwapTotal:        524284 kB
SwapFree:         518696 kB
Dirty:              2668 kB
Writeback:             0 kB
AnonPages:        783992 kB
Mapped:           514716 kB
Shmem:              1084 kB
Slab:             102648 kB
SReclaimable:      31316 kB
SUnreclaim:        71332 kB
KernelStack:       38144 kB
PageTables:        40148 kB
NFS_Unstable:          0 kB
Bounce:                0 kB
WritebackTmp:          0 kB
CommitLimit:     1815632 kB
Committed_AS:   114316800 kB
VmallocTotal:   251658176 kB
VmallocUsed:      120380 kB
VmallocChunk:   251433380 kB
Time pass: 134 sec

---2015-12-08 16:16:17
MemTotal:        2582696 kB
MemFree:          130392 kB
Buffers:            6492 kB
Cached:           876392 kB
SwapCached:            8 kB
Active:          1071380 kB
Inactive:         591388 kB
Active(anon):     617148 kB
Inactive(anon):   167740 kB
Active(file):     454232 kB
Inactive(file):   423648 kB
Unevictable:        3920 kB
Mlocked:               0 kB
SwapTotal:        524284 kB
SwapFree:         518696 kB
Dirty:               496 kB
Writeback:             0 kB
AnonPages:        783864 kB
Mapped:           514716 kB
Shmem:              1084 kB
Slab:             102716 kB
SReclaimable:      31320 kB
SUnreclaim:        71396 kB
KernelStack:       38144 kB
PageTables:        40144 kB
NFS_Unstable:          0 kB
Bounce:                0 kB
WritebackTmp:          0 kB
CommitLimit:     1815632 kB
Committed_AS:   114316840 kB
VmallocTotal:   251658176 kB
VmallocUsed:      120380 kB
VmallocChunk:   251433380 kB
Time pass: 138 sec

---2015-12-08 16:16:17
MemTotal:        2582696 kB
MemFree:          115380 kB
Buffers:            6492 kB
Cached:           876096 kB
SwapCached:            8 kB
Active:          1073664 kB
Inactive:         591228 kB
Active(anon):     619568 kB
Inactive(anon):   167716 kB
Active(file):     454096 kB
Inactive(file):   423512 kB
Unevictable:        3920 kB
Mlocked:               0 kB
SwapTotal:        524284 kB
SwapFree:         518660 kB
Dirty:               608 kB
Writeback:             0 kB
AnonPages:        786104 kB
Mapped:           524384 kB
Shmem:              1084 kB
Slab:             102640 kB
SReclaimable:      31316 kB
SUnreclaim:        71324 kB
KernelStack:       38144 kB
PageTables:        40164 kB
NFS_Unstable:          0 kB
Bounce:                0 kB
WritebackTmp:          0 kB
CommitLimit:     1815632 kB
Committed_AS:   114316936 kB
VmallocTotal:   251658176 kB
VmallocUsed:      120476 kB
VmallocChunk:   251433380 kB
Time pass: 141 sec

---2015-12-08 16:16:17
MemTotal:        2582696 kB
MemFree:          113616 kB
Buffers:            6492 kB
Cached:           875016 kB
SwapCached:            8 kB
Active:          1079368 kB
Inactive:         590452 kB
Active(anon):     625752 kB
Inactive(anon):   167564 kB
Active(file):     453616 kB
Inactive(file):   422888 kB
Unevictable:        3920 kB
Mlocked:               0 kB
SwapTotal:        524284 kB
SwapFree:         518580 kB
Dirty:              1052 kB
Writeback:             0 kB
AnonPages:        792352 kB
Mapped:           526384 kB
Shmem:              1084 kB
Slab:             102940 kB
SReclaimable:      31472 kB
SUnreclaim:        71468 kB
KernelStack:       38144 kB
PageTables:        40168 kB
NFS_Unstable:          0 kB
Bounce:                0 kB
WritebackTmp:          0 kB
CommitLimit:     1815632 kB
Committed_AS:   114325504 kB
VmallocTotal:   251658176 kB
VmallocUsed:      120616 kB
VmallocChunk:   251433380 kB
Time pass: 145 sec

---2015-12-08 16:16:17
MemTotal:        2582696 kB
MemFree:          113924 kB
Buffers:            6492 kB
Cached:           875020 kB
SwapCached:            8 kB
Active:          1077524 kB
Inactive:         590464 kB
Active(anon):     623916 kB
Inactive(anon):   167564 kB
Active(file):     453608 kB
Inactive(file):   422900 kB
Unevictable:        3920 kB
Mlocked:               0 kB
SwapTotal:        524284 kB
SwapFree:         518580 kB
Dirty:              1188 kB
Writeback:             0 kB
AnonPages:        790276 kB
Mapped:           526752 kB
Shmem:              1084 kB
Slab:             103052 kB
SReclaimable:      31584 kB
SUnreclaim:        71468 kB
KernelStack:       38144 kB
PageTables:        40168 kB
NFS_Unstable:          0 kB
Bounce:                0 kB
WritebackTmp:          0 kB
CommitLimit:     1815632 kB
Committed_AS:   114325704 kB
VmallocTotal:   251658176 kB
VmallocUsed:      120628 kB
VmallocChunk:   251433380 kB
Time pass: 149 sec

---2015-12-08 16:16:17
MemTotal:        2582696 kB
MemFree:          113328 kB
Buffers:            6492 kB
Cached:           875040 kB
SwapCached:            8 kB
Active:          1077392 kB
Inactive:         590476 kB
Active(anon):     623776 kB
Inactive(anon):   167564 kB
Active(file):     453616 kB
Inactive(file):   422912 kB
Unevictable:        3920 kB
Mlocked:               0 kB
SwapTotal:        524284 kB
SwapFree:         518580 kB
Dirty:               672 kB
Writeback:             0 kB
AnonPages:        790136 kB
Mapped:           526760 kB
Shmem:              1084 kB
Slab:             103052 kB
SReclaimable:      31584 kB
SUnreclaim:        71468 kB
KernelStack:       38144 kB
PageTables:        40168 kB
NFS_Unstable:          0 kB
Bounce:                0 kB
WritebackTmp:          0 kB
CommitLimit:     1815632 kB
Committed_AS:   114325696 kB
VmallocTotal:   251658176 kB
VmallocUsed:      120628 kB
VmallocChunk:   251433380 kB
Time pass: 153 sec

---2015-12-08 16:16:17
MemTotal:        2582696 kB
MemFree:          105772 kB
Buffers:            6492 kB
Cached:           875048 kB
SwapCached:            8 kB
Active:          1083960 kB
Inactive:         590480 kB
Active(anon):     630340 kB
Inactive(anon):   167564 kB
Active(file):     453620 kB
Inactive(file):   422916 kB
Unevictable:        3920 kB
Mlocked:               0 kB
SwapTotal:        524284 kB
SwapFree:         518580 kB
Dirty:               684 kB
Writeback:             0 kB
AnonPages:        796840 kB
Mapped:           528748 kB
Shmem:              1084 kB
Slab:             103824 kB
SReclaimable:      31584 kB
SUnreclaim:        72240 kB
KernelStack:       38288 kB
PageTables:        40176 kB
NFS_Unstable:          0 kB
Bounce:                0 kB
WritebackTmp:          0 kB
CommitLimit:     1815632 kB
Committed_AS:   114329824 kB
VmallocTotal:   251658176 kB
VmallocUsed:      120628 kB
VmallocChunk:   251433380 kB
Time pass: 156 sec

---2015-12-08 16:16:17
MemTotal:        2582696 kB
MemFree:          108592 kB
Buffers:            6492 kB
Cached:           874288 kB
SwapCached:            8 kB
Active:          1094052 kB
Inactive:         589176 kB
Active(anon):     639992 kB
Inactive(anon):   167632 kB
Active(file):     454060 kB
Inactive(file):   421544 kB
Unevictable:        3920 kB
Mlocked:               0 kB
SwapTotal:        524284 kB
SwapFree:         518556 kB
Dirty:               672 kB
Writeback:             0 kB
AnonPages:        806412 kB
Mapped:           530168 kB
Shmem:              1256 kB
Slab:             103116 kB
SReclaimable:      31564 kB
SUnreclaim:        71552 kB
KernelStack:       38544 kB
PageTables:        40444 kB
NFS_Unstable:          0 kB
Bounce:                0 kB
WritebackTmp:          0 kB
CommitLimit:     1815632 kB
Committed_AS:   114365552 kB
VmallocTotal:   251658176 kB
VmallocUsed:      123160 kB
VmallocChunk:   251433380 kB
Time pass: 160 sec

---2015-12-08 16:16:17
MemTotal:        2582696 kB
MemFree:          116092 kB
Buffers:            6540 kB
Cached:           858840 kB
SwapCached:            8 kB
Active:          1105576 kB
Inactive:         598940 kB
Active(anon):     674992 kB
Inactive(anon):   169504 kB
Active(file):     430584 kB
Inactive(file):   429436 kB
Unevictable:        3920 kB
Mlocked:               0 kB
SwapTotal:        524284 kB
SwapFree:         515536 kB
Dirty:               852 kB
Writeback:            40 kB
AnonPages:        843112 kB
Mapped:           536300 kB
Shmem:              1532 kB
Slab:             103696 kB
SReclaimable:      31712 kB
SUnreclaim:        71984 kB
KernelStack:       40608 kB
PageTables:        41648 kB
NFS_Unstable:          0 kB
Bounce:                0 kB
WritebackTmp:          0 kB
CommitLimit:     1815632 kB
Committed_AS:   117456368 kB
VmallocTotal:   251658176 kB
VmallocUsed:      126228 kB
VmallocChunk:   251433380 kB
Time pass: 164 sec

---2015-12-08 16:16:17
MemTotal:        2582696 kB
MemFree:          107140 kB
Buffers:            6540 kB
Cached:           852340 kB
SwapCached:            8 kB
Active:          1116944 kB
Inactive:         598748 kB
Active(anon):     689292 kB
Inactive(anon):   172952 kB
Active(file):     427652 kB
Inactive(file):   425796 kB
Unevictable:        3920 kB
Mlocked:               0 kB
SwapTotal:        524284 kB
SwapFree:         515020 kB
Dirty:               852 kB
Writeback:             0 kB
AnonPages:        860788 kB
Mapped:           552020 kB
Shmem:              1512 kB
Slab:             103872 kB
SReclaimable:      31440 kB
SUnreclaim:        72432 kB
KernelStack:       40752 kB
PageTables:        41696 kB
NFS_Unstable:          0 kB
Bounce:                0 kB
WritebackTmp:          0 kB
CommitLimit:     1815632 kB
Committed_AS:   116359460 kB
VmallocTotal:   251658176 kB
VmallocUsed:      125200 kB
VmallocChunk:   251433380 kB
Time pass: 169 sec

---2015-12-08 16:16:17
MemTotal:        2582696 kB
MemFree:          114360 kB
Buffers:            6540 kB
Cached:           853148 kB
SwapCached:            8 kB
Active:          1109028 kB
Inactive:         599604 kB
Active(anon):     681428 kB
Inactive(anon):   172952 kB
Active(file):     427600 kB
Inactive(file):   426652 kB
Unevictable:        3920 kB
Mlocked:               0 kB
SwapTotal:        524284 kB
SwapFree:         515020 kB
Dirty:               884 kB
Writeback:             0 kB
AnonPages:        852824 kB
Mapped:           552236 kB
Shmem:              1516 kB
Slab:             104068 kB
SReclaimable:      31576 kB
SUnreclaim:        72492 kB
KernelStack:       40784 kB
PageTables:        41808 kB
NFS_Unstable:          0 kB
Bounce:                0 kB
WritebackTmp:          0 kB
CommitLimit:     1815632 kB
Committed_AS:   116362564 kB
VmallocTotal:   251658176 kB
VmallocUsed:      125200 kB
VmallocChunk:   251433380 kB
Time pass: 173 sec

---2015-12-08 16:16:17
MemTotal:        2582696 kB
MemFree:          120084 kB
Buffers:            6540 kB
Cached:           854920 kB
SwapCached:            8 kB
Active:          1108740 kB
Inactive:         596032 kB
Active(anon):     675804 kB
Inactive(anon):   172952 kB
Active(file):     432936 kB
Inactive(file):   423080 kB
Unevictable:        3920 kB
Mlocked:               0 kB
SwapTotal:        524284 kB
SwapFree:         515020 kB
Dirty:               892 kB
Writeback:             0 kB
AnonPages:        847360 kB
Mapped:           545856 kB
Shmem:              1524 kB
Slab:             104068 kB
SReclaimable:      31652 kB
SUnreclaim:        72416 kB
KernelStack:       40096 kB
PageTables:        41332 kB
NFS_Unstable:          0 kB
Bounce:                0 kB
WritebackTmp:          0 kB
CommitLimit:     1815632 kB
Committed_AS:   115110612 kB
VmallocTotal:   251658176 kB
VmallocUsed:      124180 kB
VmallocChunk:   251433380 kB
Time pass: 177 sec

---2015-12-08 16:16:17
MemTotal:        2582696 kB
MemFree:          105824 kB
Buffers:            6540 kB
Cached:           852512 kB
SwapCached:            8 kB
Active:          1123748 kB
Inactive:         594720 kB
Active(anon):     692064 kB
Inactive(anon):   172688 kB
Active(file):     431684 kB
Inactive(file):   422032 kB
Unevictable:        3920 kB
Mlocked:               0 kB
SwapTotal:        524284 kB
SwapFree:         514768 kB
Dirty:               912 kB
Writeback:             0 kB
AnonPages:        863096 kB
Mapped:           552268 kB
Shmem:              1524 kB
Slab:             104224 kB
SReclaimable:      31644 kB
SUnreclaim:        72580 kB
KernelStack:       41088 kB
PageTables:        41792 kB
NFS_Unstable:          0 kB
Bounce:                0 kB
WritebackTmp:          0 kB
CommitLimit:     1815632 kB
Committed_AS:   116370384 kB
VmallocTotal:   251658176 kB
VmallocUsed:      125208 kB
VmallocChunk:   251433380 kB
Time pass: 181 sec

---2015-12-08 16:16:17
MemTotal:        2582696 kB
MemFree:          107440 kB
Buffers:            6540 kB
Cached:           848516 kB
SwapCached:           12 kB
Active:          1121404 kB
Inactive:         596380 kB
Active(anon):     694352 kB
Inactive(anon):   173788 kB
Active(file):     427052 kB
Inactive(file):   422592 kB
Unevictable:        3920 kB
Mlocked:               0 kB
SwapTotal:        524284 kB
SwapFree:         514252 kB
Dirty:               900 kB
Writeback:             0 kB
AnonPages:        866644 kB
Mapped:           552648 kB
Shmem:              1492 kB
Slab:             104464 kB
SReclaimable:      31692 kB
SUnreclaim:        72772 kB
KernelStack:       40800 kB
PageTables:        41884 kB
NFS_Unstable:          0 kB
Bounce:                0 kB
WritebackTmp:          0 kB
CommitLimit:     1815632 kB
Committed_AS:   116370716 kB
VmallocTotal:   251658176 kB
VmallocUsed:      125240 kB
VmallocChunk:   251433380 kB
Time pass: 184 sec

---2015-12-08 16:16:17
MemTotal:        2582696 kB
MemFree:          106244 kB
Buffers:            6540 kB
Cached:           848668 kB
SwapCached:           12 kB
Active:          1122692 kB
Inactive:         596528 kB
Active(anon):     695640 kB
Inactive(anon):   173804 kB
Active(file):     427052 kB
Inactive(file):   422724 kB
Unevictable:        3920 kB
Mlocked:               0 kB
SwapTotal:        524284 kB
SwapFree:         514252 kB
Dirty:               940 kB
Writeback:             0 kB
AnonPages:        868224 kB
Mapped:           552688 kB
Shmem:              1512 kB
Slab:             104312 kB
SReclaimable:      31688 kB
SUnreclaim:        72624 kB
KernelStack:       40800 kB
PageTables:        41904 kB
NFS_Unstable:          0 kB
Bounce:                0 kB
WritebackTmp:          0 kB
CommitLimit:     1815632 kB
Committed_AS:   116380964 kB
VmallocTotal:   251658176 kB
VmallocUsed:      125240 kB
VmallocChunk:   251433380 kB
Time pass: 188 sec

---2015-12-08 16:16:17
MemTotal:        2582696 kB
MemFree:          108500 kB
Buffers:            6540 kB
Cached:           846256 kB
SwapCached:           12 kB
Active:          1121512 kB
Inactive:         596000 kB
Active(anon):     695944 kB
Inactive(anon):   174200 kB
Active(file):     425568 kB
Inactive(file):   421800 kB
Unevictable:        3920 kB
Mlocked:               0 kB
SwapTotal:        524284 kB
SwapFree:         514064 kB
Dirty:               928 kB
Writeback:             0 kB
AnonPages:        868772 kB
Mapped:           552688 kB
Shmem:              1508 kB
Slab:             104320 kB
SReclaimable:      31712 kB
SUnreclaim:        72608 kB
KernelStack:       40832 kB
PageTables:        41908 kB
NFS_Unstable:          0 kB
Bounce:                0 kB
WritebackTmp:          0 kB
CommitLimit:     1815632 kB
Committed_AS:   116380948 kB
VmallocTotal:   251658176 kB
VmallocUsed:      125240 kB
VmallocChunk:   251433380 kB
Time pass: 192 sec

---2015-12-08 16:16:17
MemTotal:        2582696 kB
MemFree:          113384 kB
Buffers:            6540 kB
Cached:           846256 kB
SwapCached:           12 kB
Active:          1125544 kB
Inactive:         587564 kB
Active(anon):     691540 kB
Inactive(anon):   174200 kB
Active(file):     434004 kB
Inactive(file):   413364 kB
Unevictable:        3920 kB
Mlocked:               0 kB
SwapTotal:        524284 kB
SwapFree:         514064 kB
Dirty:               928 kB
Writeback:             0 kB
AnonPages:        864004 kB
Mapped:           545912 kB
Shmem:              1508 kB
Slab:             104468 kB
SReclaimable:      31728 kB
SUnreclaim:        72740 kB
KernelStack:       40400 kB
PageTables:        41444 kB
NFS_Unstable:          0 kB
Bounce:                0 kB
WritebackTmp:          0 kB
CommitLimit:     1815632 kB
Committed_AS:   115129220 kB
VmallocTotal:   251658176 kB
VmallocUsed:      124180 kB
VmallocChunk:   251433380 kB
Time pass: 196 sec

---2015-12-08 16:16:17
MemTotal:        2582696 kB
MemFree:          112188 kB
Buffers:            6540 kB
Cached:           846256 kB
SwapCached:           20 kB
Active:          1126588 kB
Inactive:         587548 kB
Active(anon):     692576 kB
Inactive(anon):   174192 kB
Active(file):     434012 kB
Inactive(file):   413356 kB
Unevictable:        3920 kB
Mlocked:               0 kB
SwapTotal:        524284 kB
SwapFree:         514064 kB
Dirty:               928 kB
Writeback:             0 kB
AnonPages:        865168 kB
Mapped:           549768 kB
Shmem:              1516 kB
Slab:             104356 kB
SReclaimable:      31728 kB
SUnreclaim:        72628 kB
KernelStack:       40192 kB
PageTables:        41800 kB
NFS_Unstable:          0 kB
Bounce:                0 kB
WritebackTmp:          0 kB
CommitLimit:     1815632 kB
Committed_AS:   116373420 kB
VmallocTotal:   251658176 kB
VmallocUsed:      125200 kB
VmallocChunk:   251433380 kB
Time pass: 199 sec

---2015-12-08 16:16:17
MemTotal:        2582696 kB
MemFree:          109612 kB
Buffers:            6540 kB
Cached:           842940 kB
SwapCached:           20 kB
Active:          1128676 kB
Inactive:         588324 kB
Active(anon):     697904 kB
Inactive(anon):   175052 kB
Active(file):     430772 kB
Inactive(file):   413272 kB
Unevictable:        3920 kB
Mlocked:               0 kB
SwapTotal:        524284 kB
SwapFree:         513588 kB
Dirty:              1044 kB
Writeback:             0 kB
AnonPages:        871576 kB
Mapped:           552996 kB
Shmem:              1516 kB
Slab:             104204 kB
SReclaimable:      31608 kB
SUnreclaim:        72596 kB
KernelStack:       40912 kB
PageTables:        42016 kB
NFS_Unstable:          0 kB
Bounce:                0 kB
WritebackTmp:          0 kB
CommitLimit:     1815632 kB
Committed_AS:   116387972 kB
VmallocTotal:   251658176 kB
VmallocUsed:      125200 kB
VmallocChunk:   251433380 kB
Time pass: 203 sec

---2015-12-08 16:16:17
MemTotal:        2582696 kB
MemFree:          118096 kB
Buffers:            6540 kB
Cached:           842984 kB
SwapCached:           20 kB
Active:          1119476 kB
Inactive:         588376 kB
Active(anon):     688712 kB
Inactive(anon):   175168 kB
Active(file):     430764 kB
Inactive(file):   413208 kB
Unevictable:        3920 kB
Mlocked:               0 kB
SwapTotal:        524284 kB
SwapFree:         513588 kB
Dirty:               928 kB
Writeback:             0 kB
AnonPages:        862224 kB
Mapped:           553220 kB
Shmem:              1632 kB
Slab:             104204 kB
SReclaimable:      31612 kB
SUnreclaim:        72592 kB
KernelStack:       40880 kB
PageTables:        41992 kB
NFS_Unstable:          0 kB
Bounce:                0 kB
WritebackTmp:          0 kB
CommitLimit:     1815632 kB
Committed_AS:   116387956 kB
VmallocTotal:   251658176 kB
VmallocUsed:      125200 kB
VmallocChunk:   251433380 kB
Time pass: 207 sec

---2015-12-08 16:16:17
MemTotal:        2582696 kB
MemFree:          117696 kB
Buffers:            6540 kB
Cached:           842992 kB
SwapCached:           20 kB
Active:          1119804 kB
Inactive:         588380 kB
Active(anon):     689040 kB
Inactive(anon):   175164 kB
Active(file):     430764 kB
Inactive(file):   413216 kB
Unevictable:        3920 kB
Mlocked:               0 kB
SwapTotal:        524284 kB
SwapFree:         513588 kB
Dirty:               936 kB
Writeback:             0 kB
AnonPages:        862664 kB
Mapped:           553136 kB
Shmem:              1632 kB
Slab:             104248 kB
SReclaimable:      31644 kB
SUnreclaim:        72604 kB
KernelStack:       40880 kB
PageTables:        41964 kB
NFS_Unstable:          0 kB
Bounce:                0 kB
WritebackTmp:          0 kB
CommitLimit:     1815632 kB
Committed_AS:   116387948 kB
VmallocTotal:   251658176 kB
VmallocUsed:      125200 kB
VmallocChunk:   251433380 kB
Time pass: 211 sec

---2015-12-08 16:16:17
MemTotal:        2582696 kB
MemFree:          129688 kB
Buffers:            6540 kB
Cached:           842992 kB
SwapCached:           20 kB
Active:          1110184 kB
Inactive:         588232 kB
Active(anon):     679272 kB
Inactive(anon):   175164 kB
Active(file):     430912 kB
Inactive(file):   413068 kB
Unevictable:        3920 kB
Mlocked:               0 kB
SwapTotal:        524284 kB
SwapFree:         513588 kB
Dirty:               936 kB
Writeback:             0 kB
AnonPages:        852428 kB
Mapped:           546320 kB
Shmem:              1632 kB
Slab:             104256 kB
SReclaimable:      31660 kB
SUnreclaim:        72596 kB
KernelStack:       40880 kB
PageTables:        41520 kB
NFS_Unstable:          0 kB
Bounce:                0 kB
WritebackTmp:          0 kB
CommitLimit:     1815632 kB
Committed_AS:   115136012 kB
VmallocTotal:   251658176 kB
VmallocUsed:      124180 kB
VmallocChunk:   251433380 kB
Time pass: 215 sec

---2015-12-08 16:16:17
MemTotal:        2582696 kB
MemFree:          125936 kB
Buffers:            6540 kB
Cached:           842996 kB
SwapCached:           20 kB
Active:          1112372 kB
Inactive:         588228 kB
Active(anon):     681452 kB
Inactive(anon):   175164 kB
Active(file):     430920 kB
Inactive(file):   413064 kB
Unevictable:        3920 kB
Mlocked:               0 kB
SwapTotal:        524284 kB
SwapFree:         513588 kB
Dirty:               932 kB
Writeback:             0 kB
AnonPages:        855028 kB
Mapped:           549720 kB
Shmem:              1632 kB
Slab:             104280 kB
SReclaimable:      31660 kB
SUnreclaim:        72620 kB
KernelStack:       40048 kB
PageTables:        41692 kB
NFS_Unstable:          0 kB
Bounce:                0 kB
WritebackTmp:          0 kB
CommitLimit:     1815632 kB
Committed_AS:   116375756 kB
VmallocTotal:   251658176 kB
VmallocUsed:      125212 kB
VmallocChunk:   251433380 kB
Time pass: 219 sec

---2015-12-08 16:16:17
MemTotal:        2582696 kB
MemFree:          107820 kB
Buffers:            6548 kB
Cached:           843184 kB
SwapCached:           20 kB
Active:          1128336 kB
Inactive:         588432 kB
Active(anon):     697424 kB
Inactive(anon):   175180 kB
Active(file):     430912 kB
Inactive(file):   413252 kB
Unevictable:        3920 kB
Mlocked:               0 kB
SwapTotal:        524284 kB
SwapFree:         513588 kB
Dirty:               960 kB
Writeback:             0 kB
AnonPages:        870976 kB
Mapped:           553200 kB
Shmem:              1648 kB
Slab:             104336 kB
SReclaimable:      31740 kB
SUnreclaim:        72596 kB
KernelStack:       40896 kB
PageTables:        42008 kB
NFS_Unstable:          0 kB
Bounce:                0 kB
WritebackTmp:          0 kB
CommitLimit:     1815632 kB
Committed_AS:   116404620 kB
VmallocTotal:   251658176 kB
VmallocUsed:      125212 kB
VmallocChunk:   251433380 kB
Time pass: 222 sec

---2015-12-08 16:16:17
MemTotal:        2582696 kB
MemFree:          107556 kB
Buffers:            6548 kB
Cached:           843360 kB
SwapCached:           20 kB
Active:          1127988 kB
Inactive:         588600 kB
Active(anon):     697068 kB
Inactive(anon):   175180 kB
Active(file):     430920 kB
Inactive(file):   413420 kB
Unevictable:        3920 kB
Mlocked:               0 kB
SwapTotal:        524284 kB
SwapFree:         513588 kB
Dirty:               928 kB
Writeback:             0 kB
AnonPages:        870416 kB
Mapped:           553296 kB
Shmem:              1648 kB
Slab:             104332 kB
SReclaimable:      31736 kB
SUnreclaim:        72596 kB
KernelStack:       40816 kB
PageTables:        42040 kB
NFS_Unstable:          0 kB
Bounce:                0 kB
WritebackTmp:          0 kB
CommitLimit:     1815632 kB
Committed_AS:   116404380 kB
VmallocTotal:   251658176 kB
VmallocUsed:      125212 kB
VmallocChunk:   251433380 kB
Time pass: 226 sec

---2015-12-08 16:16:17
MemTotal:        2582696 kB
MemFree:          106872 kB
Buffers:            6548 kB
Cached:           844996 kB
SwapCached:           20 kB
Active:          1127588 kB
Inactive:         590236 kB
Active(anon):     696668 kB
Inactive(anon):   175180 kB
Active(file):     430920 kB
Inactive(file):   415056 kB
Unevictable:        3920 kB
Mlocked:               0 kB
SwapTotal:        524284 kB
SwapFree:         513588 kB
Dirty:               940 kB
Writeback:             0 kB
AnonPages:        870248 kB
Mapped:           553444 kB
Shmem:              1648 kB
Slab:             104356 kB
SReclaimable:      31752 kB
SUnreclaim:        72604 kB
KernelStack:       40832 kB
PageTables:        41980 kB
NFS_Unstable:          0 kB
Bounce:                0 kB
WritebackTmp:          0 kB
CommitLimit:     1815632 kB
Committed_AS:   116404308 kB
VmallocTotal:   251658176 kB
VmallocUsed:      125212 kB
VmallocChunk:   251433380 kB
Time pass: 230 sec

---2015-12-08 16:16:17
MemTotal:        2582696 kB
MemFree:          115504 kB
Buffers:            6548 kB
Cached:           844996 kB
SwapCached:           20 kB
Active:          1120680 kB
Inactive:         590228 kB
Active(anon):     689752 kB
Inactive(anon):   175180 kB
Active(file):     430928 kB
Inactive(file):   415048 kB
Unevictable:        3920 kB
Mlocked:               0 kB
SwapTotal:        524284 kB
SwapFree:         513588 kB
Dirty:               940 kB
Writeback:             0 kB
AnonPages:        863148 kB
Mapped:           546812 kB
Shmem:              1648 kB
Slab:             104340 kB
SReclaimable:      31752 kB
SUnreclaim:        72588 kB
KernelStack:       40832 kB
PageTables:        41560 kB
NFS_Unstable:          0 kB
Bounce:                0 kB
WritebackTmp:          0 kB
CommitLimit:     1815632 kB
Committed_AS:   115148324 kB
VmallocTotal:   251658176 kB
VmallocUsed:      124192 kB
VmallocChunk:   251433380 kB
Time pass: 234 sec

---2015-12-08 16:16:17
MemTotal:        2582696 kB
MemFree:          115680 kB
Buffers:            6548 kB
Cached:           844996 kB
SwapCached:           20 kB
Active:          1120784 kB
Inactive:         590220 kB
Active(anon):     689848 kB
Inactive(anon):   175180 kB
Active(file):     430936 kB
Inactive(file):   415040 kB
Unevictable:        3920 kB
Mlocked:               0 kB
SwapTotal:        524284 kB
SwapFree:         513588 kB
Dirty:               940 kB
Writeback:             0 kB
AnonPages:        863308 kB
Mapped:           546676 kB
Shmem:              1648 kB
Slab:             104308 kB
SReclaimable:      31752 kB
SUnreclaim:        72556 kB
KernelStack:       40304 kB
PageTables:        41504 kB
NFS_Unstable:          0 kB
Bounce:                0 kB
WritebackTmp:          0 kB
CommitLimit:     1815632 kB
Committed_AS:   115148204 kB
VmallocTotal:   251658176 kB
VmallocUsed:      124192 kB
VmallocChunk:   251433380 kB
Time pass: 238 sec

---2015-12-08 16:16:17
MemTotal:        2582696 kB
MemFree:          109564 kB
Buffers:            6548 kB
Cached:           841104 kB
SwapCached:           20 kB
Active:          1126848 kB
Inactive:         589796 kB
Active(anon):     699096 kB
Inactive(anon):   175480 kB
Active(file):     427752 kB
Inactive(file):   414316 kB
Unevictable:        3920 kB
Mlocked:               0 kB
SwapTotal:        524284 kB
SwapFree:         513172 kB
Dirty:               944 kB
Writeback:             0 kB
AnonPages:        872764 kB
Mapped:           553456 kB
Shmem:              1664 kB
Slab:             104376 kB
SReclaimable:      31692 kB
SUnreclaim:        72684 kB
KernelStack:       40896 kB
PageTables:        42028 kB
NFS_Unstable:          0 kB
Bounce:                0 kB
WritebackTmp:          0 kB
CommitLimit:     1815632 kB
Committed_AS:   116412676 kB
VmallocTotal:   251658176 kB
VmallocUsed:      125212 kB
VmallocChunk:   251433380 kB
Time pass: 241 sec

---2015-12-08 16:16:17
MemTotal:        2582696 kB
MemFree:          117660 kB
Buffers:            6548 kB
Cached:           841104 kB
SwapCached:           20 kB
Active:          1118404 kB
Inactive:         589796 kB
Active(anon):     690652 kB
Inactive(anon):   175480 kB
Active(file):     427752 kB
Inactive(file):   414316 kB
Unevictable:        3920 kB
Mlocked:               0 kB
SwapTotal:        524284 kB
SwapFree:         513172 kB
Dirty:               944 kB
Writeback:             0 kB
AnonPages:        864472 kB
Mapped:           553448 kB
Shmem:              1664 kB
Slab:             104392 kB
SReclaimable:      31732 kB
SUnreclaim:        72660 kB
KernelStack:       40880 kB
PageTables:        42028 kB
NFS_Unstable:          0 kB
Bounce:                0 kB
WritebackTmp:          0 kB
CommitLimit:     1815632 kB
Committed_AS:   116412780 kB
VmallocTotal:   251658176 kB
VmallocUsed:      125212 kB
VmallocChunk:   251433380 kB
Time pass: 245 sec

---2015-12-08 16:16:17
MemTotal:        2582696 kB
MemFree:          117800 kB
Buffers:            6548 kB
Cached:           841104 kB
SwapCached:           20 kB
Active:          1118748 kB
Inactive:         589788 kB
Active(anon):     690988 kB
Inactive(anon):   175480 kB
Active(file):     427760 kB
Inactive(file):   414308 kB
Unevictable:        3920 kB
Mlocked:               0 kB
SwapTotal:        524284 kB
SwapFree:         513172 kB
Dirty:               952 kB
Writeback:             0 kB
AnonPages:        864688 kB
Mapped:           553312 kB
Shmem:              1664 kB
Slab:             104396 kB
SReclaimable:      31752 kB
SUnreclaim:        72644 kB
KernelStack:       40896 kB
PageTables:        42060 kB
NFS_Unstable:          0 kB
Bounce:                0 kB
WritebackTmp:          0 kB
CommitLimit:     1815632 kB
Committed_AS:   116412788 kB
VmallocTotal:   251658176 kB
VmallocUsed:      125212 kB
VmallocChunk:   251433380 kB
Time pass: 249 sec

---2015-12-08 16:16:17
MemTotal:        2582696 kB
MemFree:          118240 kB
Buffers:            6548 kB
Cached:           841152 kB
SwapCached:           20 kB
Active:          1118884 kB
Inactive:         589836 kB
Active(anon):     691124 kB
Inactive(anon):   175528 kB
Active(file):     427760 kB
Inactive(file):   414308 kB
Unevictable:        3920 kB
Mlocked:               0 kB
SwapTotal:        524284 kB
SwapFree:         513172 kB
Dirty:               960 kB
Writeback:             0 kB
AnonPages:        864948 kB
Mapped:           553496 kB
Shmem:              1712 kB
Slab:             104396 kB
SReclaimable:      31752 kB
SUnreclaim:        72644 kB
KernelStack:       40880 kB
PageTables:        42028 kB
NFS_Unstable:          0 kB
Bounce:                0 kB
WritebackTmp:          0 kB
CommitLimit:     1815632 kB
Committed_AS:   116412772 kB
VmallocTotal:   251658176 kB
VmallocUsed:      125212 kB
VmallocChunk:   251433380 kB
Time pass: 253 sec

---2015-12-08 16:16:17
MemTotal:        2582696 kB
MemFree:          126292 kB
Buffers:            6548 kB
Cached:           841152 kB
SwapCached:          172 kB
Active:          1113608 kB
Inactive:         588456 kB
Active(anon):     684312 kB
Inactive(anon):   175684 kB
Active(file):     429296 kB
Inactive(file):   412772 kB
Unevictable:        3920 kB
Mlocked:               0 kB
SwapTotal:        524284 kB
SwapFree:         513188 kB
Dirty:               956 kB
Writeback:             0 kB
AnonPages:        858392 kB
Mapped:           546768 kB
Shmem:              1712 kB
Slab:             104388 kB
SReclaimable:      31752 kB
SUnreclaim:        72636 kB
KernelStack:       40048 kB
PageTables:        41524 kB
NFS_Unstable:          0 kB
Bounce:                0 kB
WritebackTmp:          0 kB
CommitLimit:     1815632 kB
Committed_AS:   115156684 kB
VmallocTotal:   251658176 kB
VmallocUsed:      124192 kB
VmallocChunk:   251433380 kB
Time pass: 256 sec

---2015-12-08 16:16:17
MemTotal:        2582696 kB
MemFree:          110852 kB
Buffers:            6548 kB
Cached:           841336 kB
SwapCached:          172 kB
Active:          1127196 kB
Inactive:         588644 kB
Active(anon):     697904 kB
Inactive(anon):   175692 kB
Active(file):     429292 kB
Inactive(file):   412952 kB
Unevictable:        3920 kB
Mlocked:               0 kB
SwapTotal:        524284 kB
SwapFree:         513188 kB
Dirty:               956 kB
Writeback:             0 kB
AnonPages:        871872 kB
Mapped:           553532 kB
Shmem:              1720 kB
Slab:             104392 kB
SReclaimable:      31752 kB
SUnreclaim:        72640 kB
KernelStack:       40928 kB
PageTables:        42052 kB
NFS_Unstable:          0 kB
Bounce:                0 kB
WritebackTmp:          0 kB
CommitLimit:     1815632 kB
Committed_AS:   116416044 kB
VmallocTotal:   251658176 kB
VmallocUsed:      125252 kB
VmallocChunk:   251433380 kB
Time pass: 260 sec

---2015-12-08 16:16:17
MemTotal:        2582696 kB
MemFree:          116016 kB
Buffers:            6548 kB
Cached:           841336 kB
SwapCached:          172 kB
Active:          1121204 kB
Inactive:         588644 kB
Active(anon):     691912 kB
Inactive(anon):   175692 kB
Active(file):     429292 kB
Inactive(file):   412952 kB
Unevictable:        3920 kB
Mlocked:               0 kB
SwapTotal:        524284 kB
SwapFree:         513188 kB
Dirty:               952 kB
Writeback:             0 kB
AnonPages:        865824 kB
Mapped:           553616 kB
Shmem:              1720 kB
Slab:             104396 kB
SReclaimable:      31756 kB
SUnreclaim:        72640 kB
KernelStack:       40880 kB
PageTables:        42080 kB
NFS_Unstable:          0 kB
Bounce:                0 kB
WritebackTmp:          0 kB
CommitLimit:     1815632 kB
Committed_AS:   116415964 kB
VmallocTotal:   251658176 kB
VmallocUsed:      125252 kB
VmallocChunk:   251433380 kB
Time pass: 264 sec

---2015-12-08 16:16:17
MemTotal:        2582696 kB
MemFree:          115772 kB
Buffers:            6548 kB
Cached:           841344 kB
SwapCached:          172 kB
Active:          1121392 kB
Inactive:         588648 kB
Active(anon):     692096 kB
Inactive(anon):   175692 kB
Active(file):     429296 kB
Inactive(file):   412956 kB
Unevictable:        3920 kB
Mlocked:               0 kB
SwapTotal:        524284 kB
SwapFree:         513188 kB
Dirty:               968 kB
Writeback:             0 kB
AnonPages:        866076 kB
Mapped:           553536 kB
Shmem:              1720 kB
Slab:             104448 kB
SReclaimable:      31792 kB
SUnreclaim:        72656 kB
KernelStack:       40864 kB
PageTables:        42044 kB
NFS_Unstable:          0 kB
Bounce:                0 kB
WritebackTmp:          0 kB
CommitLimit:     1815632 kB
Committed_AS:   116415932 kB
VmallocTotal:   251658176 kB
VmallocUsed:      125252 kB
VmallocChunk:   251433380 kB
Time pass: 268 sec

---2015-12-08 16:16:17
MemTotal:        2582696 kB
MemFree:          112848 kB
Buffers:            6548 kB
Cached:           843804 kB
SwapCached:          172 kB
Active:          1122096 kB
Inactive:         591108 kB
Active(anon):     692800 kB
Inactive(anon):   175692 kB
Active(file):     429296 kB
Inactive(file):   415416 kB
Unevictable:        3920 kB
Mlocked:               0 kB
SwapTotal:        524284 kB
SwapFree:         513188 kB
Dirty:               972 kB
Writeback:             0 kB
AnonPages:        866900 kB
Mapped:           553968 kB
Shmem:              1720 kB
Slab:             104460 kB
SReclaimable:      31816 kB
SUnreclaim:        72644 kB
KernelStack:       40848 kB
PageTables:        42020 kB
NFS_Unstable:          0 kB
Bounce:                0 kB
WritebackTmp:          0 kB
CommitLimit:     1815632 kB
Committed_AS:   116416276 kB
VmallocTotal:   251658176 kB
VmallocUsed:      125252 kB
VmallocChunk:   251433380 kB
Time pass: 272 sec

---2015-12-08 16:16:17
MemTotal:        2582696 kB
MemFree:          120024 kB
Buffers:            6548 kB
Cached:           843828 kB
SwapCached:          172 kB
Active:          1116808 kB
Inactive:         591124 kB
Active(anon):     687504 kB
Inactive(anon):   175716 kB
Active(file):     429304 kB
Inactive(file):   415408 kB
Unevictable:        3920 kB
Mlocked:               0 kB
SwapTotal:        524284 kB
SwapFree:         513188 kB
Dirty:               952 kB
Writeback:             0 kB
AnonPages:        861720 kB
Mapped:           547540 kB
Shmem:              1744 kB
Slab:             104444 kB
SReclaimable:      31816 kB
SUnreclaim:        72628 kB
KernelStack:       40080 kB
PageTables:        41680 kB
NFS_Unstable:          0 kB
Bounce:                0 kB
WritebackTmp:          0 kB
CommitLimit:     1815632 kB
Committed_AS:   115168476 kB
VmallocTotal:   251658176 kB
VmallocUsed:      124192 kB
VmallocChunk:   251433380 kB
Time pass: 276 sec

---2015-12-08 16:16:17
MemTotal:        2582696 kB
MemFree:          105992 kB
Buffers:            6540 kB
Cached:           840912 kB
SwapCached:          172 kB
Active:          1131328 kB
Inactive:         589588 kB
Active(anon):     703700 kB
Inactive(anon):   175436 kB
Active(file):     427628 kB
Inactive(file):   414152 kB
Unevictable:        3920 kB
Mlocked:               0 kB
SwapTotal:        524284 kB
SwapFree:         512768 kB
Dirty:              1000 kB
Writeback:             0 kB
AnonPages:        877428 kB
Mapped:           554200 kB
Shmem:              1752 kB
Slab:             104460 kB
SReclaimable:      31764 kB
SUnreclaim:        72696 kB
KernelStack:       40944 kB
PageTables:        42104 kB
NFS_Unstable:          0 kB
Bounce:                0 kB
WritebackTmp:          0 kB
CommitLimit:     1815632 kB
Committed_AS:   116433124 kB
VmallocTotal:   251658176 kB
VmallocUsed:      125212 kB
VmallocChunk:   251433380 kB
Time pass: 280 sec

---2015-12-08 16:16:17
MemTotal:        2582696 kB
MemFree:          109352 kB
Buffers:            6548 kB
Cached:           838712 kB
SwapCached:          172 kB
Active:          1129456 kB
Inactive:         588252 kB
Active(anon):     702640 kB
Inactive(anon):   175596 kB
Active(file):     426816 kB
Inactive(file):   412656 kB
Unevictable:        3920 kB
Mlocked:               0 kB
SwapTotal:        524284 kB
SwapFree:         512552 kB
Dirty:               980 kB
Writeback:             0 kB
AnonPages:        876496 kB
Mapped:           554200 kB
Shmem:              1752 kB
Slab:             104608 kB
SReclaimable:      31872 kB
SUnreclaim:        72736 kB
KernelStack:       40896 kB
PageTables:        42096 kB
NFS_Unstable:          0 kB
Bounce:                0 kB
WritebackTmp:          0 kB
CommitLimit:     1815632 kB
Committed_AS:   116432980 kB
VmallocTotal:   251658176 kB
VmallocUsed:      125212 kB
VmallocChunk:   251433380 kB
Time pass: 284 sec

---2015-12-08 16:16:17
MemTotal:        2582696 kB
MemFree:          109832 kB
Buffers:            6548 kB
Cached:           838660 kB
SwapCached:          172 kB
Active:          1129092 kB
Inactive:         588440 kB
Active(anon):     702324 kB
Inactive(anon):   175672 kB
Active(file):     426768 kB
Inactive(file):   412768 kB
Unevictable:        3920 kB
Mlocked:               0 kB
SwapTotal:        524284 kB
SwapFree:         512552 kB
Dirty:               968 kB
Writeback:             0 kB
AnonPages:        876372 kB
Mapped:           554204 kB
Shmem:              1752 kB
Slab:             104604 kB
SReclaimable:      31868 kB
SUnreclaim:        72736 kB
KernelStack:       40864 kB
PageTables:        42092 kB
NFS_Unstable:          0 kB
Bounce:                0 kB
WritebackTmp:          0 kB
CommitLimit:     1815632 kB
Committed_AS:   116432972 kB
VmallocTotal:   251658176 kB
VmallocUsed:      125212 kB
VmallocChunk:   251433380 kB
Time pass: 288 sec

---2015-12-08 16:16:17
MemTotal:        2582696 kB
MemFree:          109088 kB
Buffers:            6548 kB
Cached:           838660 kB
SwapCached:          172 kB
Active:          1129560 kB
Inactive:         588436 kB
Active(anon):     702788 kB
Inactive(anon):   175672 kB
Active(file):     426772 kB
Inactive(file):   412764 kB
Unevictable:        3920 kB
Mlocked:               0 kB
SwapTotal:        524284 kB
SwapFree:         512552 kB
Dirty:               968 kB
Writeback:             0 kB
AnonPages:        876900 kB
Mapped:           554148 kB
Shmem:              1752 kB
Slab:             104640 kB
SReclaimable:      31868 kB
SUnreclaim:        72772 kB
KernelStack:       40880 kB
PageTables:        42088 kB
NFS_Unstable:          0 kB
Bounce:                0 kB
WritebackTmp:          0 kB
CommitLimit:     1815632 kB
Committed_AS:   116432956 kB
VmallocTotal:   251658176 kB
VmallocUsed:      125212 kB
VmallocChunk:   251433380 kB
Time pass: 291 sec

---2015-12-08 16:16:17
MemTotal:        2582696 kB
MemFree:          118796 kB
Buffers:            6548 kB
Cached:           838660 kB
SwapCached:          172 kB
Active:          1121688 kB
Inactive:         588380 kB
Active(anon):     694860 kB
Inactive(anon):   175672 kB
Active(file):     426828 kB
Inactive(file):   412708 kB
Unevictable:        3920 kB
Mlocked:               0 kB
SwapTotal:        524284 kB
SwapFree:         512552 kB
Dirty:               968 kB
Writeback:             0 kB
AnonPages:        868944 kB
Mapped:           547420 kB
Shmem:              1752 kB
Slab:             104640 kB
SReclaimable:      31860 kB
SUnreclaim:        72780 kB
KernelStack:       40032 kB
PageTables:        41580 kB
NFS_Unstable:          0 kB
Bounce:                0 kB
WritebackTmp:          0 kB
CommitLimit:     1815632 kB
Committed_AS:   115176924 kB
VmallocTotal:   251658176 kB
VmallocUsed:      124192 kB
VmallocChunk:   251433380 kB
Time pass: 295 sec

---2015-12-08 16:16:17
MemTotal:        2582696 kB
MemFree:          107548 kB
Buffers:            6548 kB
Cached:           831840 kB
SwapCached:          172 kB
Active:          1133912 kB
Inactive:         587376 kB
Active(anon):     710776 kB
Inactive(anon):   177688 kB
Active(file):     423136 kB
Inactive(file):   409688 kB
Unevictable:        3920 kB
Mlocked:               0 kB
SwapTotal:        524284 kB
SwapFree:         511752 kB
Dirty:               992 kB
Writeback:             0 kB
AnonPages:        886656 kB
Mapped:           554092 kB
Shmem:              1760 kB
Slab:             104684 kB
SReclaimable:      31836 kB
SUnreclaim:        72848 kB
KernelStack:       41056 kB
PageTables:        42112 kB
NFS_Unstable:          0 kB
Bounce:                0 kB
WritebackTmp:          0 kB
CommitLimit:     1815632 kB
Committed_AS:   116433060 kB
VmallocTotal:   251658176 kB
VmallocUsed:      125252 kB
VmallocChunk:   251433380 kB
Time pass: 299 sec

---2015-12-08 16:16:17
MemTotal:        2582696 kB
MemFree:          106568 kB
Buffers:            6548 kB
Cached:           831860 kB
SwapCached:          172 kB
Active:          1134224 kB
Inactive:         587184 kB
Active(anon):     710992 kB
Inactive(anon):   177688 kB
Active(file):     423232 kB
Inactive(file):   409496 kB
Unevictable:        3920 kB
Mlocked:               0 kB
SwapTotal:        524284 kB
SwapFree:         511752 kB
Dirty:               968 kB
Writeback:             0 kB
AnonPages:        886948 kB
Mapped:           554188 kB
Shmem:              1760 kB
Slab:             104716 kB
SReclaimable:      31844 kB
SUnreclaim:        72872 kB
KernelStack:       40928 kB
PageTables:        42140 kB
NFS_Unstable:          0 kB
Bounce:                0 kB
WritebackTmp:          0 kB
CommitLimit:     1815632 kB
Committed_AS:   116432988 kB
VmallocTotal:   251658176 kB
VmallocUsed:      125252 kB
VmallocChunk:   251433380 kB
Time pass: 303 sec

---2015-12-08 16:16:17
MemTotal:        2582696 kB
MemFree:          106324 kB
Buffers:            6548 kB
Cached:           831872 kB
SwapCached:          172 kB
Active:          1134832 kB
Inactive:         587196 kB
Active(anon):     711600 kB
Inactive(anon):   177688 kB
Active(file):     423232 kB
Inactive(file):   409508 kB
Unevictable:        3920 kB
Mlocked:               0 kB
SwapTotal:        524284 kB
SwapFree:         511752 kB
Dirty:               972 kB
Writeback:             0 kB
AnonPages:        887428 kB
Mapped:           554104 kB
Shmem:              1760 kB
Slab:             104676 kB
SReclaimable:      31760 kB
SUnreclaim:        72916 kB
KernelStack:       40928 kB
PageTables:        42112 kB
NFS_Unstable:          0 kB
Bounce:                0 kB
WritebackTmp:          0 kB
CommitLimit:     1815632 kB
Committed_AS:   116432948 kB
VmallocTotal:   251658176 kB
VmallocUsed:      125252 kB
VmallocChunk:   251433380 kB
Time pass: 307 sec

---2015-12-08 16:16:17
MemTotal:        2582696 kB
MemFree:          105868 kB
Buffers:            6548 kB
Cached:           831872 kB
SwapCached:          172 kB
Active:          1135232 kB
Inactive:         587196 kB
Active(anon):     712000 kB
Inactive(anon):   177688 kB
Active(file):     423232 kB
Inactive(file):   409508 kB
Unevictable:        3920 kB
Mlocked:               0 kB
SwapTotal:        524284 kB
SwapFree:         511752 kB
Dirty:               972 kB
Writeback:             0 kB
AnonPages:        887968 kB
Mapped:           554108 kB
Shmem:              1760 kB
Slab:             104664 kB
SReclaimable:      31768 kB
SUnreclaim:        72896 kB
KernelStack:       40928 kB
PageTables:        42112 kB
NFS_Unstable:          0 kB
Bounce:                0 kB
WritebackTmp:          0 kB
CommitLimit:     1815632 kB
Committed_AS:   116432876 kB
VmallocTotal:   251658176 kB
VmallocUsed:      125252 kB
VmallocChunk:   251433380 kB
Time pass: 311 sec

---2015-12-08 16:16:17
MemTotal:        2582696 kB
MemFree:          119728 kB
Buffers:            6540 kB
Cached:           827508 kB
SwapCached:          172 kB
Active:          1127192 kB
Inactive:         585028 kB
Active(anon):     705664 kB
Inactive(anon):   178196 kB
Active(file):     421528 kB
Inactive(file):   406832 kB
Unevictable:        3920 kB
Mlocked:               0 kB
SwapTotal:        524284 kB
SwapFree:         511212 kB
Dirty:               968 kB
Writeback:             0 kB
AnonPages:        881980 kB
Mapped:           547440 kB
Shmem:              1768 kB
Slab:             104624 kB
SReclaimable:      31772 kB
SUnreclaim:        72852 kB
KernelStack:       40064 kB
PageTables:        41628 kB
NFS_Unstable:          0 kB
Bounce:                0 kB
WritebackTmp:          0 kB
CommitLimit:     1815632 kB
Committed_AS:   115185140 kB
VmallocTotal:   251658176 kB
VmallocUsed:      124192 kB
VmallocChunk:   251433380 kB
Time pass: 314 sec

---2015-12-08 16:16:17
MemTotal:        2582696 kB
MemFree:          124812 kB
Buffers:            6540 kB
Cached:           825180 kB
SwapCached:          180 kB
Active:          1120740 kB
Inactive:         585940 kB
Active(anon):     701192 kB
Inactive(anon):   179392 kB
Active(file):     419548 kB
Inactive(file):   406548 kB
Unevictable:        3920 kB
Mlocked:               0 kB
SwapTotal:        524284 kB
SwapFree:         510740 kB
Dirty:              1000 kB
Writeback:             0 kB
AnonPages:        878944 kB
Mapped:           554220 kB
Shmem:              1704 kB
Slab:             104712 kB
SReclaimable:      31772 kB
SUnreclaim:        72940 kB
KernelStack:       41040 kB
PageTables:        42216 kB
NFS_Unstable:          0 kB
Bounce:                0 kB
WritebackTmp:          0 kB
CommitLimit:     1815632 kB
Committed_AS:   116445780 kB
VmallocTotal:   251658176 kB
VmallocUsed:      125212 kB
VmallocChunk:   251433380 kB
Time pass: 318 sec

---2015-12-08 16:16:17
MemTotal:        2582696 kB
MemFree:          127404 kB
Buffers:            6540 kB
Cached:           825224 kB
SwapCached:          180 kB
Active:          1117172 kB
Inactive:         585944 kB
Active(anon):     697596 kB
Inactive(anon):   179380 kB
Active(file):     419576 kB
Inactive(file):   406564 kB
Unevictable:        3920 kB
Mlocked:               0 kB
SwapTotal:        524284 kB
SwapFree:         510740 kB
Dirty:              1036 kB
Writeback:             0 kB
AnonPages:        875300 kB
Mapped:           554388 kB
Shmem:              1692 kB
Slab:             104724 kB
SReclaimable:      31780 kB
SUnreclaim:        72944 kB
KernelStack:       40928 kB
PageTables:        42200 kB
NFS_Unstable:          0 kB
Bounce:                0 kB
WritebackTmp:          0 kB
CommitLimit:     1815632 kB
Committed_AS:   116445916 kB
VmallocTotal:   251658176 kB
VmallocUsed:      125212 kB
VmallocChunk:   251433380 kB
Time pass: 322 sec

---2015-12-08 16:16:17
MemTotal:        2582696 kB
MemFree:          128136 kB
Buffers:            6540 kB
Cached:           825224 kB
SwapCached:          180 kB
Active:          1116064 kB
Inactive:         585932 kB
Active(anon):     696468 kB
Inactive(anon):   179424 kB
Active(file):     419596 kB
Inactive(file):   406508 kB
Unevictable:        3920 kB
Mlocked:               0 kB
SwapTotal:        524284 kB
SwapFree:         510740 kB
Dirty:               972 kB
Writeback:             0 kB
AnonPages:        874208 kB
Mapped:           554324 kB
Shmem:              1740 kB
Slab:             104856 kB
SReclaimable:      31824 kB
SUnreclaim:        73032 kB
KernelStack:       40960 kB
PageTables:        42172 kB
NFS_Unstable:          0 kB
Bounce:                0 kB
WritebackTmp:          0 kB
CommitLimit:     1815632 kB
Committed_AS:   116445916 kB
VmallocTotal:   251658176 kB
VmallocUsed:      125212 kB
VmallocChunk:   251433380 kB
Time pass: 326 sec

---2015-12-08 16:16:17
MemTotal:        2582696 kB
MemFree:          126584 kB
Buffers:            6540 kB
Cached:           825240 kB
SwapCached:          180 kB
Active:          1117440 kB
Inactive:         585924 kB
Active(anon):     697832 kB
Inactive(anon):   179416 kB
Active(file):     419608 kB
Inactive(file):   406508 kB
Unevictable:        3920 kB
Mlocked:               0 kB
SwapTotal:        524284 kB
SwapFree:         510740 kB
Dirty:               984 kB
Writeback:             0 kB
AnonPages:        875348 kB
Mapped:           554340 kB
Shmem:              1740 kB
Slab:             104800 kB
SReclaimable:      31824 kB
SUnreclaim:        72976 kB
KernelStack:       40944 kB
PageTables:        42168 kB
NFS_Unstable:          0 kB
Bounce:                0 kB
WritebackTmp:          0 kB
CommitLimit:     1815632 kB
Committed_AS:   116445956 kB
VmallocTotal:   251658176 kB
VmallocUsed:      125212 kB
VmallocChunk:   251433380 kB
Time pass: 330 sec

---2015-12-08 16:16:17
MemTotal:        2582696 kB
MemFree:          137184 kB
Buffers:            6540 kB
Cached:           825240 kB
SwapCached:          180 kB
Active:          1109032 kB
Inactive:         585920 kB
Active(anon):     689416 kB
Inactive(anon):   179416 kB
Active(file):     419616 kB
Inactive(file):   406504 kB
Unevictable:        3920 kB
Mlocked:               0 kB
SwapTotal:        524284 kB
SwapFree:         510740 kB
Dirty:               972 kB
Writeback:             0 kB
AnonPages:        867128 kB
Mapped:           547600 kB
Shmem:              1740 kB
Slab:             104828 kB
SReclaimable:      31824 kB
SUnreclaim:        73004 kB
KernelStack:       40112 kB
PageTables:        41676 kB
NFS_Unstable:          0 kB
Bounce:                0 kB
WritebackTmp:          0 kB
CommitLimit:     1815632 kB
Committed_AS:   115193948 kB
VmallocTotal:   251658176 kB
VmallocUsed:      124192 kB
VmallocChunk:   251433380 kB
Time pass: 334 sec

---2015-12-08 16:16:17
MemTotal:        2582696 kB
MemFree:          118644 kB
Buffers:            6540 kB
Cached:           825264 kB
SwapCached:          180 kB
Active:          1126560 kB
Inactive:         585936 kB
Active(anon):     706940 kB
Inactive(anon):   179436 kB
Active(file):     419620 kB
Inactive(file):   406500 kB
Unevictable:        3920 kB
Mlocked:               0 kB
SwapTotal:        524284 kB
SwapFree:         510740 kB
Dirty:              1000 kB
Writeback:             0 kB
AnonPages:        884516 kB
Mapped:           554328 kB
Shmem:              1764 kB
Slab:             104532 kB
SReclaimable:      31596 kB
SUnreclaim:        72936 kB
KernelStack:       41072 kB
PageTables:        42248 kB
NFS_Unstable:          0 kB
Bounce:                0 kB
WritebackTmp:          0 kB
CommitLimit:     1815632 kB
Committed_AS:   116454324 kB
VmallocTotal:   251658176 kB
VmallocUsed:      125212 kB
VmallocChunk:   251433380 kB
Time pass: 338 sec

---2015-12-08 16:16:17
MemTotal:        2582696 kB
MemFree:          117860 kB
Buffers:            6540 kB
Cached:           825268 kB
SwapCached:          180 kB
Active:          1126848 kB
Inactive:         585928 kB
Active(anon):     707216 kB
Inactive(anon):   179436 kB
Active(file):     419632 kB
Inactive(file):   406492 kB
Unevictable:        3920 kB
Mlocked:               0 kB
SwapTotal:        524284 kB
SwapFree:         510740 kB
Dirty:               972 kB
Writeback:             0 kB
AnonPages:        884792 kB
Mapped:           554340 kB
Shmem:              1764 kB
Slab:             104536 kB
SReclaimable:      31600 kB
SUnreclaim:        72936 kB
KernelStack:       41024 kB
PageTables:        42248 kB
NFS_Unstable:          0 kB
Bounce:                0 kB
WritebackTmp:          0 kB
CommitLimit:     1815632 kB
Committed_AS:   116454148 kB
VmallocTotal:   251658176 kB
VmallocUsed:      125212 kB
VmallocChunk:   251433380 kB
Time pass: 341 sec

---2015-12-08 16:16:17
MemTotal:        2582696 kB
MemFree:          117316 kB
Buffers:            6548 kB
Cached:           825300 kB
SwapCached:          180 kB
Active:          1126944 kB
Inactive:         585968 kB
Active(anon):     707312 kB
Inactive(anon):   179468 kB
Active(file):     419632 kB
Inactive(file):   406500 kB
Unevictable:        3920 kB
Mlocked:               0 kB
SwapTotal:        524284 kB
SwapFree:         510740 kB
Dirty:               992 kB
Writeback:             0 kB
AnonPages:        884968 kB
Mapped:           554488 kB
Shmem:              1796 kB
Slab:             104540 kB
SReclaimable:      31608 kB
SUnreclaim:        72932 kB
KernelStack:       40944 kB
PageTables:        42224 kB
NFS_Unstable:          0 kB
Bounce:                0 kB
WritebackTmp:          0 kB
CommitLimit:     1815632 kB
Committed_AS:   116454132 kB
VmallocTotal:   251658176 kB
VmallocUsed:      125212 kB
VmallocChunk:   251433380 kB
Time pass: 345 sec

---2015-12-08 16:16:17
MemTotal:        2582696 kB
MemFree:          117520 kB
Buffers:            6548 kB
Cached:           825300 kB
SwapCached:          180 kB
Active:          1127252 kB
Inactive:         585968 kB
Active(anon):     707620 kB
Inactive(anon):   179468 kB
Active(file):     419632 kB
Inactive(file):   406500 kB
Unevictable:        3920 kB
Mlocked:               0 kB
SwapTotal:        524284 kB
SwapFree:         510740 kB
Dirty:               992 kB
Writeback:             0 kB
AnonPages:        885456 kB
Mapped:           554404 kB
Shmem:              1796 kB
Slab:             104548 kB
SReclaimable:      31616 kB
SUnreclaim:        72932 kB
KernelStack:       40960 kB
PageTables:        42196 kB
NFS_Unstable:          0 kB
Bounce:                0 kB
WritebackTmp:          0 kB
CommitLimit:     1815632 kB
Committed_AS:   116454148 kB
VmallocTotal:   251658176 kB
VmallocUsed:      125212 kB
VmallocChunk:   251433380 kB
Time pass: 349 sec

---2015-12-08 16:16:17
MemTotal:        2582696 kB
MemFree:          125908 kB
Buffers:            6548 kB
Cached:           825300 kB
SwapCached:          180 kB
Active:          1121056 kB
Inactive:         585968 kB
Active(anon):     701424 kB
Inactive(anon):   179468 kB
Active(file):     419632 kB
Inactive(file):   406500 kB
Unevictable:        3920 kB
Mlocked:               0 kB
SwapTotal:        524284 kB
SwapFree:         510740 kB
Dirty:               972 kB
Writeback:             0 kB
AnonPages:        879100 kB
Mapped:           547676 kB
Shmem:              1796 kB
Slab:             104556 kB
SReclaimable:      31616 kB
SUnreclaim:        72940 kB
KernelStack:       40240 kB
PageTables:        41708 kB
NFS_Unstable:          0 kB
Bounce:                0 kB
WritebackTmp:          0 kB
CommitLimit:     1815632 kB
Committed_AS:   115206268 kB
VmallocTotal:   251658176 kB
VmallocUsed:      124192 kB
VmallocChunk:   251433380 kB
Time pass: 353 sec

---2015-12-08 16:16:17
MemTotal:        2582696 kB
MemFree:          117592 kB
Buffers:            6548 kB
Cached:           825420 kB
SwapCached:          176 kB
Active:          1127632 kB
Inactive:         586068 kB
Active(anon):     708008 kB
Inactive(anon):   179456 kB
Active(file):     419624 kB
Inactive(file):   406612 kB
Unevictable:        3920 kB
Mlocked:               0 kB
SwapTotal:        524284 kB
SwapFree:         510744 kB
Dirty:               980 kB
Writeback:             0 kB
AnonPages:        885596 kB
Mapped:           554492 kB
Shmem:              1812 kB
Slab:             104648 kB
SReclaimable:      31620 kB
SUnreclaim:        73028 kB
KernelStack:       41120 kB
PageTables:        42300 kB
NFS_Unstable:          0 kB
Bounce:                0 kB
WritebackTmp:          0 kB
CommitLimit:     1815632 kB
Committed_AS:   116470684 kB
VmallocTotal:   251658176 kB
VmallocUsed:      125212 kB
VmallocChunk:   251433380 kB
Time pass: 356 sec

---2015-12-08 16:16:17
MemTotal:        2582696 kB
MemFree:          129084 kB
Buffers:            6548 kB
Cached:           825420 kB
SwapCached:          176 kB
Active:          1115456 kB
Inactive:         586060 kB
Active(anon):     695824 kB
Inactive(anon):   179456 kB
Active(file):     419632 kB
Inactive(file):   406604 kB
Unevictable:        3920 kB
Mlocked:               0 kB
SwapTotal:        524284 kB
SwapFree:         510744 kB
Dirty:               972 kB
Writeback:             0 kB
AnonPages:        873464 kB
Mapped:           554436 kB
Shmem:              1812 kB
Slab:             104632 kB
SReclaimable:      31620 kB
SUnreclaim:        73012 kB
KernelStack:       40992 kB
PageTables:        42232 kB
NFS_Unstable:          0 kB
Bounce:                0 kB
WritebackTmp:          0 kB
CommitLimit:     1815632 kB
Committed_AS:   116470580 kB
VmallocTotal:   251658176 kB
VmallocUsed:      125212 kB
VmallocChunk:   251433380 kB
Time pass: 361 sec

---2015-12-08 16:16:17
MemTotal:        2582696 kB
MemFree:          128772 kB
Buffers:            6548 kB
Cached:           825420 kB
SwapCached:          176 kB
Active:          1115912 kB
Inactive:         586060 kB
Active(anon):     696280 kB
Inactive(anon):   179456 kB
Active(file):     419632 kB
Inactive(file):   406604 kB
Unevictable:        3920 kB
Mlocked:               0 kB
SwapTotal:        524284 kB
SwapFree:         510744 kB
Dirty:               972 kB
Writeback:             0 kB
AnonPages:        873904 kB
Mapped:           554520 kB
Shmem:              1812 kB
Slab:             104636 kB
SReclaimable:      31624 kB
SUnreclaim:        73012 kB
KernelStack:       40992 kB
PageTables:        42264 kB
NFS_Unstable:          0 kB
Bounce:                0 kB
WritebackTmp:          0 kB
CommitLimit:     1815632 kB
Committed_AS:   116470612 kB
VmallocTotal:   251658176 kB
VmallocUsed:      125212 kB
VmallocChunk:   251433380 kB
Time pass: 364 sec

---2015-12-08 16:16:17
MemTotal:        2582696 kB
MemFree:          128232 kB
Buffers:            6548 kB
Cached:           825420 kB
SwapCached:          176 kB
Active:          1116212 kB
Inactive:         586048 kB
Active(anon):     696580 kB
Inactive(anon):   179444 kB
Active(file):     419632 kB
Inactive(file):   406604 kB
Unevictable:        3920 kB
Mlocked:               0 kB
SwapTotal:        524284 kB
SwapFree:         510744 kB
Dirty:               972 kB
Writeback:             0 kB
AnonPages:        874208 kB
Mapped:           554440 kB
Shmem:              1812 kB
Slab:             104640 kB
SReclaimable:      31636 kB
SUnreclaim:        73004 kB
KernelStack:       40976 kB
PageTables:        42228 kB
NFS_Unstable:          0 kB
Bounce:                0 kB
WritebackTmp:          0 kB
CommitLimit:     1815632 kB
Committed_AS:   116470564 kB
VmallocTotal:   251658176 kB
VmallocUsed:      125212 kB
VmallocChunk:   251433380 kB
Time pass: 368 sec

---2015-12-08 16:16:17
MemTotal:        2582696 kB
MemFree:          138504 kB
Buffers:            6548 kB
Cached:           825420 kB
SwapCached:          176 kB
Active:          1108424 kB
Inactive:         586048 kB
Active(anon):     688792 kB
Inactive(anon):   179444 kB
Active(file):     419632 kB
Inactive(file):   406604 kB
Unevictable:        3920 kB
Mlocked:               0 kB
SwapTotal:        524284 kB
SwapFree:         510744 kB
Dirty:               968 kB
Writeback:             0 kB
AnonPages:        866472 kB
Mapped:           547712 kB
Shmem:              1812 kB
Slab:             104640 kB
SReclaimable:      31636 kB
SUnreclaim:        73004 kB
KernelStack:       40096 kB
PageTables:        41728 kB
NFS_Unstable:          0 kB
Bounce:                0 kB
WritebackTmp:          0 kB
CommitLimit:     1815632 kB
Committed_AS:   115214508 kB
VmallocTotal:   251658176 kB
VmallocUsed:      124192 kB
VmallocChunk:   251433380 kB
Time pass: 372 sec

---2015-12-08 16:16:17
MemTotal:        2582696 kB
MemFree:          119324 kB
Buffers:            6548 kB
Cached:           826260 kB
SwapCached:          176 kB
Active:          1124884 kB
Inactive:         586784 kB
Active(anon):     705244 kB
Inactive(anon):   179460 kB
Active(file):     419640 kB
Inactive(file):   407324 kB
Unevictable:        3920 kB
Mlocked:               0 kB
SwapTotal:        524284 kB
SwapFree:         510744 kB
Dirty:              1240 kB
Writeback:             0 kB
AnonPages:        882712 kB
Mapped:           554456 kB
Shmem:              1828 kB
Slab:             104656 kB
SReclaimable:      31648 kB
SUnreclaim:        73008 kB
KernelStack:       41024 kB
PageTables:        42248 kB
NFS_Unstable:          0 kB
Bounce:                0 kB
WritebackTmp:          0 kB
CommitLimit:     1815632 kB
Committed_AS:   116478948 kB
VmallocTotal:   251658176 kB
VmallocUsed:      125212 kB
VmallocChunk:   251433380 kB
Time pass: 376 sec

---2015-12-08 16:16:17
MemTotal:        2582696 kB
MemFree:          118112 kB
Buffers:            6548 kB
Cached:           828748 kB
SwapCached:          176 kB
Active:          1123560 kB
Inactive:         589180 kB
Active(anon):     703900 kB
Inactive(anon):   179420 kB
Active(file):     419660 kB
Inactive(file):   409760 kB
Unevictable:        3920 kB
Mlocked:               0 kB
SwapTotal:        524284 kB
SwapFree:         510744 kB
Dirty:              2232 kB
Writeback:             0 kB
AnonPages:        881912 kB
Mapped:           554412 kB
Shmem:              1828 kB
Slab:             104688 kB
SReclaimable:      31680 kB
SUnreclaim:        73008 kB
KernelStack:       40976 kB
