---2015-12-08 17:44:29
MemTotal:        2895588 kB
MemFree:          136280 kB
Buffers:           17716 kB
Cached:          1648792 kB
SwapCached:            0 kB
Active:           838904 kB
Inactive:        1404852 kB
Active(anon):     527764 kB
Inactive(anon):    53436 kB
Active(file):     311140 kB
Inactive(file):  1351416 kB
Unevictable:        2748 kB
Mlocked:               0 kB
HighTotal:       2306432 kB
HighFree:          38024 kB
LowTotal:         589156 kB
LowFree:           98256 kB
SwapTotal:       1048572 kB
SwapFree:        1048572 kB
Dirty:                 0 kB
Writeback:             0 kB
AnonPages:        580068 kB
Mapped:           360980 kB
Shmem:              1196 kB
Slab:              54708 kB
SReclaimable:      19720 kB
SUnreclaim:        34988 kB
KernelStack:       12304 kB
PageTables:        37476 kB
NFS_Unstable:          0 kB
Bounce:                0 kB
WritebackTmp:          0 kB
CommitLimit:     2496364 kB
Committed_AS:   83568052 kB
VmallocTotal:     385024 kB
VmallocUsed:      152392 kB
VmallocChunk:      58436 kB
Time pass: 3 sec

---2015-12-08 17:44:29
MemTotal:        2895588 kB
MemFree:          135956 kB
Buffers:           17716 kB
Cached:          1648792 kB
SwapCached:            0 kB
Active:           839024 kB
Inactive:        1404860 kB
Active(anon):     527884 kB
Inactive(anon):    53436 kB
Active(file):     311140 kB
Inactive(file):  1351424 kB
Unevictable:        2748 kB
Mlocked:               0 kB
HighTotal:       2306432 kB
HighFree:          38024 kB
LowTotal:         589156 kB
LowFree:           97932 kB
SwapTotal:       1048572 kB
SwapFree:        1048572 kB
Dirty:                 0 kB
Writeback:             0 kB
AnonPages:        580208 kB
Mapped:           360988 kB
Shmem:              1196 kB
Slab:              54708 kB
SReclaimable:      19720 kB
SUnreclaim:        34988 kB
KernelStack:       12296 kB
PageTables:        37476 kB
NFS_Unstable:          0 kB
Bounce:                0 kB
WritebackTmp:          0 kB
CommitLimit:     2496364 kB
Committed_AS:   83568140 kB
VmallocTotal:     385024 kB
VmallocUsed:      152392 kB
VmallocChunk:      58436 kB
Time pass: 7 sec

---2015-12-08 17:44:29
MemTotal:        2895588 kB
MemFree:          135984 kB
Buffers:           17716 kB
Cached:          1648792 kB
SwapCached:            0 kB
Active:           838956 kB
Inactive:        1404860 kB
Active(anon):     527816 kB
Inactive(anon):    53436 kB
Active(file):     311140 kB
Inactive(file):  1351424 kB
Unevictable:        2748 kB
Mlocked:               0 kB
HighTotal:       2306432 kB
HighFree:          38024 kB
LowTotal:         589156 kB
LowFree:           97960 kB
SwapTotal:       1048572 kB
SwapFree:        1048572 kB
Dirty:                 0 kB
Writeback:             0 kB
AnonPages:        580240 kB
Mapped:           361040 kB
Shmem:              1196 kB
Slab:              54708 kB
SReclaimable:      19720 kB
SUnreclaim:        34988 kB
KernelStack:       12288 kB
PageTables:        37496 kB
NFS_Unstable:          0 kB
Bounce:                0 kB
WritebackTmp:          0 kB
CommitLimit:     2496364 kB
Committed_AS:   83568276 kB
VmallocTotal:     385024 kB
VmallocUsed:      152392 kB
VmallocChunk:      58436 kB
Time pass: 10 sec

---2015-12-08 17:44:29
MemTotal:        2895588 kB
MemFree:          135296 kB
Buffers:           17716 kB
Cached:          1648792 kB
SwapCached:            0 kB
Active:           839152 kB
Inactive:        1404860 kB
Active(anon):     528012 kB
Inactive(anon):    53436 kB
Active(file):     311140 kB
Inactive(file):  1351424 kB
Unevictable:        2748 kB
Mlocked:               0 kB
HighTotal:       2306432 kB
HighFree:          38024 kB
LowTotal:         589156 kB
LowFree:           97272 kB
SwapTotal:       1048572 kB
SwapFree:        1048572 kB
Dirty:                 0 kB
Writeback:             0 kB
AnonPages:        580480 kB
Mapped:           361092 kB
Shmem:              1196 kB
Slab:              54724 kB
SReclaimable:      19720 kB
SUnreclaim:        35004 kB
KernelStack:       12288 kB
PageTables:        37516 kB
NFS_Unstable:          0 kB
Bounce:                0 kB
WritebackTmp:          0 kB
CommitLimit:     2496364 kB
Committed_AS:   83568532 kB
VmallocTotal:     385024 kB
VmallocUsed:      152392 kB
VmallocChunk:      58436 kB
Time pass: 14 sec

---2015-12-08 17:44:29
MemTotal:        2895588 kB
MemFree:          135436 kB
Buffers:           17716 kB
Cached:          1648792 kB
SwapCached:            0 kB
Active:           839200 kB
Inactive:        1404860 kB
Active(anon):     528060 kB
Inactive(anon):    53436 kB
Active(file):     311140 kB
Inactive(file):  1351424 kB
Unevictable:        2748 kB
Mlocked:               0 kB
HighTotal:       2306432 kB
HighFree:          38024 kB
LowTotal:         589156 kB
LowFree:           97412 kB
SwapTotal:       1048572 kB
SwapFree:        1048572 kB
Dirty:                 0 kB
Writeback:             0 kB
AnonPages:        580480 kB
Mapped:           361092 kB
Shmem:              1196 kB
Slab:              54724 kB
SReclaimable:      19720 kB
SUnreclaim:        35004 kB
KernelStack:       12288 kB
PageTables:        37516 kB
NFS_Unstable:          0 kB
Bounce:                0 kB
WritebackTmp:          0 kB
CommitLimit:     2496364 kB
Committed_AS:   83568672 kB
VmallocTotal:     385024 kB
VmallocUsed:      152392 kB
VmallocChunk:      58436 kB
Time pass: 17 sec

---2015-12-08 17:44:29
MemTotal:        2895588 kB
MemFree:          132224 kB
Buffers:           17716 kB
Cached:          1648792 kB
SwapCached:            0 kB
Active:           842564 kB
Inactive:        1404856 kB
Active(anon):     531420 kB
Inactive(anon):    53436 kB
Active(file):     311144 kB
Inactive(file):  1351420 kB
Unevictable:        2748 kB
Mlocked:               0 kB
HighTotal:       2306432 kB
HighFree:          38024 kB
LowTotal:         589156 kB
LowFree:           94200 kB
SwapTotal:       1048572 kB
SwapFree:        1048572 kB
Dirty:                 0 kB
Writeback:             0 kB
AnonPages:        583940 kB
Mapped:           361356 kB
Shmem:              1196 kB
Slab:              54724 kB
SReclaimable:      19720 kB
SUnreclaim:        35004 kB
KernelStack:       12304 kB
PageTables:        37732 kB
NFS_Unstable:          0 kB
Bounce:                0 kB
WritebackTmp:          0 kB
CommitLimit:     2496364 kB
Committed_AS:   86254180 kB
VmallocTotal:     385024 kB
VmallocUsed:      152392 kB
VmallocChunk:      58436 kB
Time pass: 21 sec

---2015-12-08 17:44:29
MemTotal:        2895588 kB
MemFree:           72756 kB
Buffers:           11468 kB
Cached:          1528196 kB
SwapCached:            0 kB
Active:           688992 kB
Inactive:        1467184 kB
Active(anon):     346776 kB
Inactive(anon):   273540 kB
Active(file):     342216 kB
Inactive(file):  1193644 kB
Unevictable:        2748 kB
Mlocked:               0 kB
HighTotal:       2306432 kB
HighFree:          38144 kB
LowTotal:         589156 kB
LowFree:           34612 kB
SwapTotal:       1048572 kB
SwapFree:        1048572 kB
Dirty:              1144 kB
Writeback:             0 kB
AnonPages:        619156 kB
Mapped:           383608 kB
Shmem:              1328 kB
Slab:              54916 kB
SReclaimable:      19804 kB
SUnreclaim:        35112 kB
KernelStack:       13008 kB
PageTables:        38612 kB
NFS_Unstable:          0 kB
Bounce:                0 kB
WritebackTmp:          0 kB
CommitLimit:     2496364 kB
Committed_AS:   84899588 kB
VmallocTotal:     385024 kB
VmallocUsed:      154000 kB
VmallocChunk:      58436 kB
Time pass: 24 sec

---2015-12-08 17:44:29
MemTotal:        2895588 kB
MemFree:           93808 kB
Buffers:           11432 kB
Cached:          1492900 kB
SwapCached:            0 kB
Active:           639408 kB
Inactive:        1457996 kB
Active(anon):     293536 kB
Inactive(anon):   304224 kB
Active(file):     345872 kB
Inactive(file):  1153772 kB
Unevictable:        2748 kB
Mlocked:               0 kB
HighTotal:       2306432 kB
HighFree:          60936 kB
LowTotal:         589156 kB
LowFree:           32872 kB
SwapTotal:       1048572 kB
SwapFree:        1048572 kB
Dirty:               112 kB
Writeback:             0 kB
AnonPages:        596948 kB
Mapped:           382652 kB
Shmem:              1328 kB
Slab:              54928 kB
SReclaimable:      19804 kB
SUnreclaim:        35124 kB
KernelStack:       12992 kB
PageTables:        38432 kB
NFS_Unstable:          0 kB
Bounce:                0 kB
WritebackTmp:          0 kB
CommitLimit:     2496364 kB
Committed_AS:   84896444 kB
VmallocTotal:     385024 kB
VmallocUsed:      154304 kB
VmallocChunk:      58436 kB
Time pass: 28 sec

---2015-12-08 17:44:29
MemTotal:        2895588 kB
MemFree:           95552 kB
Buffers:           11448 kB
Cached:          1492232 kB
SwapCached:            0 kB
Active:           638804 kB
Inactive:        1457696 kB
Active(anon):     292672 kB
Inactive(anon):   304224 kB
Active(file):     346132 kB
Inactive(file):  1153472 kB
Unevictable:        2748 kB
Mlocked:               0 kB
HighTotal:       2306432 kB
HighFree:          62092 kB
LowTotal:         589156 kB
LowFree:           33460 kB
SwapTotal:       1048572 kB
SwapFree:        1048572 kB
Dirty:               212 kB
Writeback:             0 kB
AnonPages:        595944 kB
Mapped:           382700 kB
Shmem:              1328 kB
Slab:              54928 kB
SReclaimable:      19804 kB
SUnreclaim:        35124 kB
KernelStack:       12992 kB
PageTables:        38452 kB
NFS_Unstable:          0 kB
Bounce:                0 kB
WritebackTmp:          0 kB
CommitLimit:     2496364 kB
Committed_AS:   84896828 kB
VmallocTotal:     385024 kB
VmallocUsed:      154304 kB
VmallocChunk:      58436 kB
Time pass: 32 sec

---2015-12-08 17:44:29
MemTotal:        2895588 kB
MemFree:           95468 kB
Buffers:           11448 kB
Cached:          1492240 kB
SwapCached:            0 kB
Active:           638844 kB
Inactive:        1457664 kB
Active(anon):     292700 kB
Inactive(anon):   304200 kB
Active(file):     346144 kB
Inactive(file):  1153464 kB
Unevictable:        2748 kB
Mlocked:               0 kB
HighTotal:       2306432 kB
HighFree:          62040 kB
LowTotal:         589156 kB
LowFree:           33428 kB
SwapTotal:       1048572 kB
SwapFree:        1048572 kB
Dirty:               136 kB
Writeback:             0 kB
AnonPages:        595820 kB
Mapped:           382768 kB
Shmem:              1328 kB
Slab:              54928 kB
SReclaimable:      19804 kB
SUnreclaim:        35124 kB
KernelStack:       12992 kB
PageTables:        38452 kB
NFS_Unstable:          0 kB
Bounce:                0 kB
WritebackTmp:          0 kB
CommitLimit:     2496364 kB
Committed_AS:   84896988 kB
VmallocTotal:     385024 kB
VmallocUsed:      154304 kB
VmallocChunk:      58436 kB
Time pass: 35 sec

---2015-12-08 17:44:29
MemTotal:        2895588 kB
MemFree:           63652 kB
Buffers:           11364 kB
Cached:          1486800 kB
SwapCached:            0 kB
Active:           648796 kB
Inactive:        1456132 kB
Active(anon):     302436 kB
Inactive(anon):   308008 kB
Active(file):     346360 kB
Inactive(file):  1148124 kB
Unevictable:        2748 kB
Mlocked:               0 kB
HighTotal:       2306432 kB
HighFree:          41020 kB
LowTotal:         589156 kB
LowFree:           22632 kB
SwapTotal:       1048572 kB
SwapFree:        1048572 kB
Dirty:                72 kB
Writeback:             0 kB
AnonPages:        609668 kB
Mapped:           383960 kB
Shmem:              1328 kB
Slab:              54924 kB
SReclaimable:      19804 kB
SUnreclaim:        35120 kB
KernelStack:       13160 kB
PageTables:        38536 kB
NFS_Unstable:          0 kB
Bounce:                0 kB
WritebackTmp:          0 kB
CommitLimit:     2496364 kB
Committed_AS:   84903560 kB
VmallocTotal:     385024 kB
VmallocUsed:      154484 kB
VmallocChunk:      58436 kB
Time pass: 39 sec

---2015-12-08 17:44:29
MemTotal:        2895588 kB
MemFree:           73024 kB
Buffers:           10888 kB
Cached:          1425944 kB
SwapCached:            0 kB
Active:           660676 kB
Inactive:        1403140 kB
Active(anon):     312516 kB
Inactive(anon):   318472 kB
Active(file):     348160 kB
Inactive(file):  1084668 kB
Unevictable:        2748 kB
Mlocked:               0 kB
HighTotal:       2306432 kB
HighFree:          41444 kB
LowTotal:         589156 kB
LowFree:           31580 kB
SwapTotal:       1048572 kB
SwapFree:        1048572 kB
Dirty:                28 kB
Writeback:             0 kB
AnonPages:        629720 kB
Mapped:           384388 kB
Shmem:              1328 kB
Slab:              54948 kB
SReclaimable:      19804 kB
SUnreclaim:        35144 kB
KernelStack:       13168 kB
PageTables:        38708 kB
NFS_Unstable:          0 kB
Bounce:                0 kB
WritebackTmp:          0 kB
CommitLimit:     2496364 kB
Committed_AS:   84941168 kB
VmallocTotal:     385024 kB
VmallocUsed:      154916 kB
VmallocChunk:      58436 kB
Time pass: 42 sec

---2015-12-08 17:44:29
MemTotal:        2895588 kB
MemFree:           85424 kB
Buffers:           10888 kB
Cached:          1426700 kB
SwapCached:            0 kB
Active:           648536 kB
Inactive:        1403744 kB
Active(anon):     300364 kB
Inactive(anon):   318448 kB
Active(file):     348172 kB
Inactive(file):  1085296 kB
Unevictable:        2748 kB
Mlocked:               0 kB
HighTotal:       2306432 kB
HighFree:          53348 kB
LowTotal:         589156 kB
LowFree:           32076 kB
SwapTotal:       1048572 kB
SwapFree:        1048572 kB
Dirty:                84 kB
Writeback:             0 kB
AnonPages:        617768 kB
Mapped:           384504 kB
Shmem:              1332 kB
Slab:              54928 kB
SReclaimable:      19804 kB
SUnreclaim:        35124 kB
KernelStack:       13160 kB
PageTables:        38584 kB
NFS_Unstable:          0 kB
Bounce:                0 kB
WritebackTmp:          0 kB
CommitLimit:     2496364 kB
Committed_AS:   84914068 kB
VmallocTotal:     385024 kB
VmallocUsed:      154808 kB
VmallocChunk:      58436 kB
Time pass: 46 sec

---2015-12-08 17:44:29
MemTotal:        2895588 kB
MemFree:           78924 kB
Buffers:           10760 kB
Cached:          1374788 kB
SwapCached:            0 kB
Active:           663424 kB
Inactive:        1354384 kB
Active(anon):     313336 kB
Inactive(anon):   323304 kB
Active(file):     350088 kB
Inactive(file):  1031080 kB
Unevictable:        2748 kB
Mlocked:               0 kB
HighTotal:       2306432 kB
HighFree:          45712 kB
LowTotal:         589156 kB
LowFree:           33212 kB
SwapTotal:       1048572 kB
SwapFree:        1048572 kB
Dirty:              1308 kB
Writeback:             0 kB
AnonPages:        635192 kB
Mapped:           387860 kB
Shmem:              1328 kB
Slab:              54996 kB
SReclaimable:      19860 kB
SUnreclaim:        35136 kB
KernelStack:       13208 kB
PageTables:        38700 kB
NFS_Unstable:          0 kB
Bounce:                0 kB
WritebackTmp:          0 kB
CommitLimit:     2496364 kB
Committed_AS:   84932040 kB
VmallocTotal:     385024 kB
VmallocUsed:      155100 kB
VmallocChunk:      58436 kB
Time pass: 49 sec

---2015-12-08 17:44:29
MemTotal:        2895588 kB
MemFree:           86220 kB
Buffers:           10764 kB
Cached:          1374536 kB
SwapCached:            0 kB
Active:           655144 kB
Inactive:        1354112 kB
Active(anon):     304808 kB
Inactive(anon):   323248 kB
Active(file):     350336 kB
Inactive(file):  1030864 kB
Unevictable:        2748 kB
Mlocked:               0 kB
HighTotal:       2306432 kB
HighFree:          52408 kB
LowTotal:         589156 kB
LowFree:           33812 kB
SwapTotal:       1048572 kB
SwapFree:        1048572 kB
Dirty:                40 kB
Writeback:             0 kB
AnonPages:        626952 kB
Mapped:           388096 kB
Shmem:              1328 kB
Slab:              55012 kB
SReclaimable:      19876 kB
SUnreclaim:        35136 kB
KernelStack:       13208 kB
PageTables:        38652 kB
NFS_Unstable:          0 kB
Bounce:                0 kB
WritebackTmp:          0 kB
CommitLimit:     2496364 kB
Committed_AS:   84920808 kB
VmallocTotal:     385024 kB
VmallocUsed:      155088 kB
VmallocChunk:      58436 kB
Time pass: 53 sec

---2015-12-08 17:44:29
MemTotal:        2895588 kB
MemFree:           85904 kB
Buffers:           10772 kB
Cached:          1375168 kB
SwapCached:            0 kB
Active:           655092 kB
Inactive:        1354696 kB
Active(anon):     304756 kB
Inactive(anon):   323244 kB
Active(file):     350336 kB
Inactive(file):  1031452 kB
Unevictable:        2748 kB
Mlocked:               0 kB
HighTotal:       2306432 kB
HighFree:          51860 kB
LowTotal:         589156 kB
LowFree:           34044 kB
SwapTotal:       1048572 kB
SwapFree:        1048572 kB
Dirty:               108 kB
Writeback:             0 kB
AnonPages:        627112 kB
Mapped:           388552 kB
Shmem:              1328 kB
Slab:              55016 kB
SReclaimable:      19876 kB
SUnreclaim:        35140 kB
KernelStack:       13208 kB
PageTables:        38672 kB
NFS_Unstable:          0 kB
Bounce:                0 kB
WritebackTmp:          0 kB
CommitLimit:     2496364 kB
Committed_AS:   84920960 kB
VmallocTotal:     385024 kB
VmallocUsed:      155088 kB
VmallocChunk:      58436 kB
Time pass: 56 sec

---2015-12-08 17:44:29
MemTotal:        2895588 kB
MemFree:           80700 kB
Buffers:           10768 kB
Cached:          1366832 kB
SwapCached:            0 kB
Active:           658076 kB
Inactive:        1346316 kB
Active(anon):     307656 kB
Inactive(anon):   323240 kB
Active(file):     350420 kB
Inactive(file):  1023076 kB
Unevictable:        2748 kB
Mlocked:               0 kB
HighTotal:       2306432 kB
HighFree:          48564 kB
LowTotal:         589156 kB
LowFree:           32136 kB
SwapTotal:       1048572 kB
SwapFree:        1048572 kB
Dirty:               340 kB
Writeback:             0 kB
AnonPages:        629988 kB
Mapped:           388556 kB
Shmem:              1328 kB
Slab:              55024 kB
SReclaimable:      19876 kB
SUnreclaim:        35148 kB
KernelStack:       13208 kB
PageTables:        38652 kB
NFS_Unstable:          0 kB
Bounce:                0 kB
WritebackTmp:          0 kB
CommitLimit:     2496364 kB
Committed_AS:   84921040 kB
VmallocTotal:     385024 kB
VmallocUsed:      155240 kB
VmallocChunk:      58436 kB
Time pass: 60 sec

---2015-12-08 17:44:29
MemTotal:        2895588 kB
MemFree:           80680 kB
Buffers:           10768 kB
Cached:          1367120 kB
SwapCached:            0 kB
Active:           657856 kB
Inactive:        1346608 kB
Active(anon):     307432 kB
Inactive(anon):   323236 kB
Active(file):     350424 kB
Inactive(file):  1023372 kB
Unevictable:        2748 kB
Mlocked:               0 kB
HighTotal:       2306432 kB
HighFree:          48512 kB
LowTotal:         589156 kB
LowFree:           32168 kB
SwapTotal:       1048572 kB
SwapFree:        1048572 kB
Dirty:               288 kB
Writeback:             0 kB
AnonPages:        629732 kB
Mapped:           388564 kB
Shmem:              1328 kB
Slab:              55012 kB
SReclaimable:      19876 kB
SUnreclaim:        35136 kB
KernelStack:       13208 kB
PageTables:        38636 kB
NFS_Unstable:          0 kB
Bounce:                0 kB
WritebackTmp:          0 kB
CommitLimit:     2496364 kB
Committed_AS:   84921432 kB
VmallocTotal:     385024 kB
VmallocUsed:      155240 kB
VmallocChunk:      58436 kB
Time pass: 64 sec

---2015-12-08 17:44:29
MemTotal:        2895588 kB
MemFree:           77180 kB
Buffers:           10776 kB
Cached:          1367568 kB
SwapCached:            0 kB
Active:           661328 kB
Inactive:        1346724 kB
Active(anon):     310644 kB
Inactive(anon):   323236 kB
Active(file):     350684 kB
Inactive(file):  1023488 kB
Unevictable:        2748 kB
Mlocked:               0 kB
HighTotal:       2306432 kB
HighFree:          44968 kB
LowTotal:         589156 kB
LowFree:           32212 kB
SwapTotal:       1048572 kB
SwapFree:        1048572 kB
Dirty:               300 kB
Writeback:             0 kB
AnonPages:        633000 kB
Mapped:           388400 kB
Shmem:              1328 kB
Slab:              55020 kB
SReclaimable:      19876 kB
SUnreclaim:        35144 kB
KernelStack:       13200 kB
PageTables:        38652 kB
NFS_Unstable:          0 kB
Bounce:                0 kB
WritebackTmp:          0 kB
CommitLimit:     2496364 kB
Committed_AS:   84921988 kB
VmallocTotal:     385024 kB
VmallocUsed:      155240 kB
VmallocChunk:      58436 kB
Time pass: 67 sec

---2015-12-08 17:44:29
MemTotal:        2895588 kB
MemFree:           76116 kB
Buffers:           10704 kB
Cached:          1316424 kB
SwapCached:            0 kB
Active:           665520 kB
Inactive:        1295612 kB
Active(anon):     313716 kB
Inactive(anon):   324372 kB
Active(file):     351804 kB
Inactive(file):   971240 kB
Unevictable:        2748 kB
Mlocked:               0 kB
HighTotal:       2306432 kB
HighFree:          43468 kB
LowTotal:         589156 kB
LowFree:           32648 kB
SwapTotal:       1048572 kB
SwapFree:        1048572 kB
Dirty:               604 kB
Writeback:             0 kB
AnonPages:        636872 kB
Mapped:           388668 kB
Shmem:              1328 kB
Slab:              55036 kB
SReclaimable:      19892 kB
SUnreclaim:        35144 kB
KernelStack:       13200 kB
PageTables:        38692 kB
NFS_Unstable:          0 kB
Bounce:                0 kB
WritebackTmp:          0 kB
CommitLimit:     2496364 kB
Committed_AS:   84925124 kB
VmallocTotal:     385024 kB
VmallocUsed:      155196 kB
VmallocChunk:      58436 kB
Time pass: 71 sec

---2015-12-08 17:44:29
MemTotal:        2895588 kB
MemFree:           71620 kB
Buffers:           10696 kB
Cached:          1314056 kB
SwapCached:            0 kB
Active:           674916 kB
Inactive:        1293128 kB
Active(anon):     323076 kB
Inactive(anon):   324292 kB
Active(file):     351840 kB
Inactive(file):   968836 kB
Unevictable:        2748 kB
Mlocked:               0 kB
HighTotal:       2306432 kB
HighFree:          38744 kB
LowTotal:         589156 kB
LowFree:           32876 kB
SwapTotal:       1048572 kB
SwapFree:        1048572 kB
Dirty:               340 kB
Writeback:             0 kB
AnonPages:        646188 kB
Mapped:           392140 kB
Shmem:              1328 kB
Slab:              55048 kB
SReclaimable:      19892 kB
SUnreclaim:        35156 kB
KernelStack:       13264 kB
PageTables:        38688 kB
NFS_Unstable:          0 kB
Bounce:                0 kB
WritebackTmp:          0 kB
CommitLimit:     2496364 kB
Committed_AS:   84933792 kB
VmallocTotal:     385024 kB
VmallocUsed:      155332 kB
VmallocChunk:      58436 kB
Time pass: 75 sec

---2015-12-08 17:44:29
MemTotal:        2895588 kB
MemFree:           71636 kB
Buffers:           10532 kB
Cached:          1304744 kB
SwapCached:            0 kB
Active:           680740 kB
Inactive:        1286532 kB
Active(anon):     328828 kB
Inactive(anon):   327408 kB
Active(file):     351912 kB
Inactive(file):   959124 kB
Unevictable:        2748 kB
Mlocked:               0 kB
HighTotal:       2306432 kB
HighFree:          39612 kB
LowTotal:         589156 kB
LowFree:           32024 kB
SwapTotal:       1048572 kB
SwapFree:        1048572 kB
Dirty:                68 kB
Writeback:             0 kB
AnonPages:        655304 kB
Mapped:           393444 kB
Shmem:              1492 kB
Slab:              55184 kB
SReclaimable:      19900 kB
SUnreclaim:        35284 kB
KernelStack:       13464 kB
PageTables:        38852 kB
NFS_Unstable:          0 kB
Bounce:                0 kB
WritebackTmp:          0 kB
CommitLimit:     2496364 kB
Committed_AS:   84953888 kB
VmallocTotal:     385024 kB
VmallocUsed:      157544 kB
VmallocChunk:      58436 kB
Time pass: 79 sec

---2015-12-08 17:44:29
MemTotal:        2895588 kB
MemFree:           71808 kB
Buffers:           10500 kB
Cached:          1269744 kB
SwapCached:            0 kB
Active:           684568 kB
Inactive:        1252216 kB
Active(anon):     331356 kB
Inactive(anon):   329504 kB
Active(file):     353212 kB
Inactive(file):   922712 kB
Unevictable:        2748 kB
Mlocked:               0 kB
HighTotal:       2306432 kB
HighFree:          39276 kB
LowTotal:         589156 kB
LowFree:           32532 kB
SwapTotal:       1048572 kB
SwapFree:        1048572 kB
Dirty:                64 kB
Writeback:             0 kB
AnonPages:        659728 kB
Mapped:           393504 kB
Shmem:              1572 kB
Slab:              55012 kB
SReclaimable:      19664 kB
SUnreclaim:        35348 kB
KernelStack:       13448 kB
PageTables:        38988 kB
NFS_Unstable:          0 kB
Bounce:                0 kB
WritebackTmp:          0 kB
CommitLimit:     2496364 kB
Committed_AS:   84958096 kB
VmallocTotal:     385024 kB
VmallocUsed:      157544 kB
VmallocChunk:      58436 kB
Time pass: 83 sec

---2015-12-08 17:44:29
MemTotal:        2895588 kB
MemFree:           71636 kB
Buffers:           10516 kB
Cached:          1269872 kB
SwapCached:            0 kB
Active:           685340 kB
Inactive:        1252388 kB
Active(anon):     332124 kB
Inactive(anon):   329664 kB
Active(file):     353216 kB
Inactive(file):   922724 kB
Unevictable:        2748 kB
Mlocked:               0 kB
HighTotal:       2306432 kB
HighFree:          39412 kB
LowTotal:         589156 kB
LowFree:           32224 kB
SwapTotal:       1048572 kB
SwapFree:        1048572 kB
Dirty:                 0 kB
Writeback:             0 kB
AnonPages:        660388 kB
Mapped:           393664 kB
Shmem:              1700 kB
Slab:              55012 kB
SReclaimable:      19664 kB
SUnreclaim:        35348 kB
KernelStack:       13440 kB
PageTables:        38988 kB
NFS_Unstable:          0 kB
Bounce:                0 kB
WritebackTmp:          0 kB
CommitLimit:     2496364 kB
Committed_AS:   84958308 kB
VmallocTotal:     385024 kB
VmallocUsed:      157544 kB
VmallocChunk:      58436 kB
Time pass: 87 sec

---2015-12-08 17:44:29
MemTotal:        2895588 kB
MemFree:           72844 kB
Buffers:           10524 kB
Cached:          1266180 kB
SwapCached:            0 kB
Active:           684356 kB
Inactive:        1250872 kB
Active(anon):     331140 kB
Inactive(anon):   331888 kB
Active(file):     353216 kB
Inactive(file):   918984 kB
Unevictable:        2748 kB
Mlocked:               0 kB
HighTotal:       2306432 kB
HighFree:          41520 kB
LowTotal:         589156 kB
LowFree:           31324 kB
SwapTotal:       1048572 kB
SwapFree:        1048572 kB
Dirty:                36 kB
Writeback:             0 kB
AnonPages:        661672 kB
Mapped:           393764 kB
Shmem:              1748 kB
Slab:              55012 kB
SReclaimable:      19664 kB
SUnreclaim:        35348 kB
KernelStack:       13440 kB
PageTables:        39012 kB
NFS_Unstable:          0 kB
Bounce:                0 kB
WritebackTmp:          0 kB
CommitLimit:     2496364 kB
Committed_AS:   84958372 kB
VmallocTotal:     385024 kB
VmallocUsed:      157544 kB
VmallocChunk:      58436 kB
Time pass: 91 sec

---2015-12-08 17:44:29
MemTotal:        2895588 kB
MemFree:           72128 kB
Buffers:           10540 kB
Cached:          1266180 kB
SwapCached:            0 kB
Active:           684768 kB
Inactive:        1250888 kB
Active(anon):     331552 kB
Inactive(anon):   331880 kB
Active(file):     353216 kB
Inactive(file):   919008 kB
Unevictable:        2748 kB
Mlocked:               0 kB
HighTotal:       2306432 kB
HighFree:          40528 kB
LowTotal:         589156 kB
LowFree:           31600 kB
SwapTotal:       1048572 kB
SwapFree:        1048572 kB
Dirty:                44 kB
Writeback:             0 kB
AnonPages:        661968 kB
Mapped:           393712 kB
Shmem:              1748 kB
Slab:              55024 kB
SReclaimable:      19664 kB
SUnreclaim:        35360 kB
KernelStack:       13440 kB
PageTables:        38992 kB
NFS_Unstable:          0 kB
Bounce:                0 kB
WritebackTmp:          0 kB
CommitLimit:     2496364 kB
Committed_AS:   84958612 kB
VmallocTotal:     385024 kB
VmallocUsed:      157544 kB
VmallocChunk:      58436 kB
Time pass: 94 sec

---2015-12-08 17:44:29
MemTotal:        2895588 kB
MemFree:           70772 kB
Buffers:           10556 kB
Cached:          1266512 kB
SwapCached:            0 kB
Active:           685560 kB
Inactive:        1251020 kB
Active(anon):     332344 kB
Inactive(anon):   331696 kB
Active(file):     353216 kB
Inactive(file):   919324 kB
Unevictable:        2748 kB
Mlocked:               0 kB
HighTotal:       2306432 kB
HighFree:          39236 kB
LowTotal:         589156 kB
LowFree:           31536 kB
SwapTotal:       1048572 kB
SwapFree:        1048572 kB
Dirty:                44 kB
Writeback:             0 kB
AnonPages:        662528 kB
Mapped:           393816 kB
Shmem:              1748 kB
Slab:              55024 kB
SReclaimable:      19664 kB
SUnreclaim:        35360 kB
KernelStack:       13440 kB
PageTables:        39004 kB
NFS_Unstable:          0 kB
Bounce:                0 kB
WritebackTmp:          0 kB
CommitLimit:     2496364 kB
Committed_AS:   84966380 kB
VmallocTotal:     385024 kB
VmallocUsed:      157544 kB
VmallocChunk:      58436 kB
Time pass: 98 sec

---2015-12-08 17:44:29
MemTotal:        2895588 kB
MemFree:           71916 kB
Buffers:           10564 kB
Cached:          1266512 kB
SwapCached:            0 kB
Active:           683744 kB
Inactive:        1250840 kB
Active(anon):     330528 kB
Inactive(anon):   331516 kB
Active(file):     353216 kB
Inactive(file):   919324 kB
Unevictable:        2748 kB
Mlocked:               0 kB
HighTotal:       2306432 kB
HighFree:          39608 kB
LowTotal:         589156 kB
LowFree:           32308 kB
SwapTotal:       1048572 kB
SwapFree:        1048572 kB
Dirty:                28 kB
Writeback:             0 kB
AnonPages:        660576 kB
Mapped:           393816 kB
Shmem:              1748 kB
Slab:              55004 kB
SReclaimable:      19664 kB
SUnreclaim:        35340 kB
KernelStack:       13432 kB
PageTables:        39004 kB
NFS_Unstable:          0 kB
Bounce:                0 kB
WritebackTmp:          0 kB
CommitLimit:     2496364 kB
Committed_AS:   84966584 kB
VmallocTotal:     385024 kB
VmallocUsed:      157544 kB
VmallocChunk:      58436 kB
Time pass: 102 sec

---2015-12-08 17:44:29
MemTotal:        2895588 kB
MemFree:           71032 kB
Buffers:           10580 kB
Cached:          1266944 kB
SwapCached:            0 kB
Active:           685452 kB
Inactive:        1251268 kB
Active(anon):     332236 kB
Inactive(anon):   331920 kB
Active(file):     353216 kB
Inactive(file):   919348 kB
Unevictable:        2748 kB
Mlocked:               0 kB
HighTotal:       2306432 kB
HighFree:          38244 kB
LowTotal:         589156 kB
LowFree:           32788 kB
SwapTotal:       1048572 kB
SwapFree:        1048572 kB
Dirty:                44 kB
Writeback:             0 kB
AnonPages:        662200 kB
Mapped:           394200 kB
Shmem:              2180 kB
Slab:              55004 kB
SReclaimable:      19664 kB
SUnreclaim:        35340 kB
KernelStack:       13416 kB
PageTables:        38984 kB
NFS_Unstable:          0 kB
Bounce:                0 kB
WritebackTmp:          0 kB
CommitLimit:     2496364 kB
Committed_AS:   84967184 kB
VmallocTotal:     385024 kB
VmallocUsed:      157544 kB
VmallocChunk:      58436 kB
Time pass: 105 sec

---2015-12-08 17:44:29
MemTotal:        2895588 kB
MemFree:           89700 kB
Buffers:           10588 kB
Cached:          1261668 kB
SwapCached:            0 kB
Active:           670232 kB
Inactive:        1248864 kB
Active(anon):     316848 kB
Inactive(anon):   334632 kB
Active(file):     353384 kB
Inactive(file):   914232 kB
Unevictable:        2748 kB
Mlocked:               0 kB
HighTotal:       2306432 kB
HighFree:          53280 kB
LowTotal:         589156 kB
LowFree:           36420 kB
SwapTotal:       1048572 kB
SwapFree:        1048572 kB
Dirty:                36 kB
Writeback:             0 kB
AnonPages:        650000 kB
Mapped:           393760 kB
Shmem:              1844 kB
Slab:              55036 kB
SReclaimable:      19664 kB
SUnreclaim:        35372 kB
KernelStack:       13224 kB
PageTables:        38848 kB
NFS_Unstable:          0 kB
Bounce:                0 kB
WritebackTmp:          0 kB
CommitLimit:     2496364 kB
Committed_AS:   84955788 kB
VmallocTotal:     385024 kB
VmallocUsed:      155340 kB
VmallocChunk:      58436 kB
Time pass: 109 sec

---2015-12-08 17:44:29
MemTotal:        2895588 kB
MemFree:          385432 kB
Buffers:           10644 kB
Cached:          1254968 kB
SwapCached:            0 kB
Active:           602672 kB
Inactive:        1241420 kB
Active(anon):     248712 kB
Inactive(anon):   334368 kB
Active(file):     353960 kB
Inactive(file):   907052 kB
Unevictable:        2748 kB
Mlocked:               0 kB
HighTotal:       2306432 kB
HighFree:         301988 kB
LowTotal:         589156 kB
LowFree:           83444 kB
SwapTotal:       1048572 kB
SwapFree:        1048572 kB
Dirty:                88 kB
Writeback:             0 kB
AnonPages:        581268 kB
Mapped:           362060 kB
Shmem:              1840 kB
Slab:              55028 kB
SReclaimable:      19664 kB
SUnreclaim:        35364 kB
KernelStack:       12400 kB
PageTables:        37072 kB
NFS_Unstable:          0 kB
Bounce:                0 kB
WritebackTmp:          0 kB
CommitLimit:     2496364 kB
Committed_AS:   82335312 kB
VmallocTotal:     385024 kB
VmallocUsed:      151824 kB
VmallocChunk:      58436 kB
Time pass: 112 sec

---2015-12-08 17:44:29
MemTotal:        2895588 kB
MemFree:          385316 kB
Buffers:           10652 kB
Cached:          1255364 kB
SwapCached:            0 kB
Active:           602636 kB
Inactive:        1241816 kB
Active(anon):     248676 kB
Inactive(anon):   334356 kB
Active(file):     353960 kB
Inactive(file):   907460 kB
Unevictable:        2748 kB
Mlocked:               0 kB
HighTotal:       2306432 kB
HighFree:         301988 kB
LowTotal:         589156 kB
LowFree:           83328 kB
SwapTotal:       1048572 kB
SwapFree:        1048572 kB
Dirty:               212 kB
Writeback:             0 kB
AnonPages:        581556 kB
Mapped:           362060 kB
Shmem:              1840 kB
Slab:              55024 kB
SReclaimable:      19664 kB
SUnreclaim:        35360 kB
KernelStack:       12392 kB
PageTables:        37072 kB
NFS_Unstable:          0 kB
Bounce:                0 kB
WritebackTmp:          0 kB
CommitLimit:     2496364 kB
Committed_AS:   82335440 kB
VmallocTotal:     385024 kB
VmallocUsed:      151824 kB
VmallocChunk:      58436 kB
Time pass: 116 sec

---2015-12-08 17:44:29
MemTotal:        2895588 kB
MemFree:          389604 kB
Buffers:           10652 kB
Cached:          1255364 kB
SwapCached:            0 kB
Active:           600924 kB
Inactive:        1239088 kB
Active(anon):     246964 kB
Inactive(anon):   331620 kB
Active(file):     353960 kB
Inactive(file):   907468 kB
Unevictable:        2748 kB
Mlocked:               0 kB
HighTotal:       2306432 kB
HighFree:         306028 kB
LowTotal:         589156 kB
LowFree:           83576 kB
SwapTotal:       1048572 kB
SwapFree:        1048572 kB
Dirty:                 0 kB
Writeback:             0 kB
AnonPages:        576952 kB
Mapped:           362064 kB
Shmem:              1840 kB
Slab:              55012 kB
SReclaimable:      19660 kB
SUnreclaim:        35352 kB
KernelStack:       12392 kB
PageTables:        37056 kB
NFS_Unstable:          0 kB
Bounce:                0 kB
WritebackTmp:          0 kB
CommitLimit:     2496364 kB
Committed_AS:   82329184 kB
VmallocTotal:     385024 kB
VmallocUsed:      151824 kB
VmallocChunk:      58436 kB
Time pass: 119 sec

---2015-12-08 17:44:29
MemTotal:        2895588 kB
MemFree:          389596 kB
Buffers:           10660 kB
Cached:          1255236 kB
SwapCached:            0 kB
Active:           600816 kB
Inactive:        1238828 kB
Active(anon):     246856 kB
Inactive(anon):   331352 kB
Active(file):     353960 kB
Inactive(file):   907476 kB
Unevictable:        2748 kB
Mlocked:               0 kB
HighTotal:       2306432 kB
HighFree:         305960 kB
LowTotal:         589156 kB
LowFree:           83636 kB
SwapTotal:       1048572 kB
SwapFree:        1048572 kB
Dirty:                60 kB
Writeback:             0 kB
AnonPages:        576960 kB
Mapped:           362116 kB
Shmem:              1712 kB
Slab:              55008 kB
SReclaimable:      19660 kB
SUnreclaim:        35348 kB
KernelStack:       12344 kB
PageTables:        37076 kB
NFS_Unstable:          0 kB
Bounce:                0 kB
WritebackTmp:          0 kB
CommitLimit:     2496364 kB
Committed_AS:   82329464 kB
VmallocTotal:     385024 kB
VmallocUsed:      151824 kB
VmallocChunk:      58436 kB
Time pass: 123 sec

---2015-12-08 17:44:29
MemTotal:        2895588 kB
MemFree:          389492 kB
Buffers:           10660 kB
Cached:          1255272 kB
SwapCached:            0 kB
Active:           600852 kB
Inactive:        1238824 kB
Active(anon):     246892 kB
Inactive(anon):   331312 kB
Active(file):     353960 kB
Inactive(file):   907512 kB
Unevictable:        2748 kB
Mlocked:               0 kB
HighTotal:       2306432 kB
HighFree:         305980 kB
LowTotal:         589156 kB
LowFree:           83512 kB
SwapTotal:       1048572 kB
SwapFree:        1048572 kB
Dirty:                 0 kB
Writeback:             0 kB
AnonPages:        577048 kB
Mapped:           362172 kB
Shmem:              1712 kB
Slab:              55008 kB
SReclaimable:      19660 kB
SUnreclaim:        35348 kB
KernelStack:       12336 kB
PageTables:        37096 kB
NFS_Unstable:          0 kB
Bounce:                0 kB
WritebackTmp:          0 kB
CommitLimit:     2496364 kB
Committed_AS:   82329472 kB
VmallocTotal:     385024 kB
VmallocUsed:      151824 kB
VmallocChunk:      58436 kB
Time pass: 126 sec

---2015-12-08 17:44:29
MemTotal:        2895588 kB
MemFree:          250916 kB
Buffers:           10980 kB
Cached:          1256232 kB
SwapCached:            0 kB
Active:           636156 kB
Inactive:        1238976 kB
Active(anon):     281180 kB
Inactive(anon):   331332 kB
Active(file):     354976 kB
Inactive(file):   907644 kB
Unevictable:        2748 kB
Mlocked:               0 kB
HighTotal:       2306432 kB
HighFree:         168028 kB
LowTotal:         589156 kB
LowFree:           82888 kB
SwapTotal:       1048572 kB
SwapFree:        1048572 kB
Dirty:               988 kB
Writeback:             0 kB
AnonPages:        610868 kB
Mapped:           383852 kB
Shmem:              1844 kB
Slab:              55004 kB
SReclaimable:      19660 kB
SUnreclaim:        35344 kB
KernelStack:       13000 kB
PageTables:        38056 kB
NFS_Unstable:          0 kB
Bounce:                0 kB
WritebackTmp:          0 kB
CommitLimit:     2496364 kB
Committed_AS:   83659340 kB
VmallocTotal:     385024 kB
VmallocUsed:      153376 kB
VmallocChunk:      58436 kB
Time pass: 130 sec

---2015-12-08 17:44:29
MemTotal:        2895588 kB
MemFree:          150376 kB
Buffers:           11020 kB
Cached:          1257384 kB
SwapCached:            0 kB
Active:           656088 kB
Inactive:        1238668 kB
Active(anon):     299564 kB
Inactive(anon):   331192 kB
Active(file):     356524 kB
Inactive(file):   907476 kB
Unevictable:        2748 kB
Mlocked:               0 kB
HighTotal:       2306432 kB
HighFree:          67732 kB
LowTotal:         589156 kB
LowFree:           82644 kB
SwapTotal:       1048572 kB
SwapFree:        1048572 kB
Dirty:               976 kB
Writeback:             0 kB
AnonPages:        628936 kB
Mapped:           386128 kB
Shmem:              1848 kB
Slab:              55224 kB
SReclaimable:      19692 kB
SUnreclaim:        35532 kB
KernelStack:       13088 kB
PageTables:        38300 kB
NFS_Unstable:          0 kB
Bounce:                0 kB
WritebackTmp:          0 kB
CommitLimit:     2496364 kB
Committed_AS:   83675568 kB
VmallocTotal:     385024 kB
VmallocUsed:      154064 kB
VmallocChunk:      58436 kB
Time pass: 133 sec

---2015-12-08 17:44:29
MemTotal:        2895588 kB
MemFree:          137288 kB
Buffers:           11020 kB
Cached:          1257696 kB
SwapCached:            0 kB
Active:           648016 kB
Inactive:        1238632 kB
Active(anon):     291372 kB
Inactive(anon):   331168 kB
Active(file):     356644 kB
Inactive(file):   907464 kB
Unevictable:        2748 kB
Mlocked:               0 kB
HighTotal:       2306432 kB
HighFree:          54560 kB
LowTotal:         589156 kB
LowFree:           82728 kB
SwapTotal:       1048572 kB
SwapFree:        1048572 kB
Dirty:              1088 kB
Writeback:             0 kB
AnonPages:        621204 kB
Mapped:           386480 kB
Shmem:              1848 kB
Slab:              55140 kB
SReclaimable:      19692 kB
SUnreclaim:        35448 kB
KernelStack:       13096 kB
PageTables:        38176 kB
NFS_Unstable:          0 kB
Bounce:                0 kB
WritebackTmp:          0 kB
CommitLimit:     2496364 kB
Committed_AS:   83675756 kB
VmallocTotal:     385024 kB
VmallocUsed:      154060 kB
VmallocChunk:      58436 kB
Time pass: 136 sec

---2015-12-08 17:44:29
MemTotal:        2895588 kB
MemFree:          127876 kB
Buffers:           11028 kB
Cached:          1257988 kB
SwapCached:            0 kB
Active:           658904 kB
Inactive:        1238424 kB
Active(anon):     301868 kB
Inactive(anon):   331148 kB
Active(file):     357036 kB
Inactive(file):   907276 kB
Unevictable:        2748 kB
Mlocked:               0 kB
HighTotal:       2306432 kB
HighFree:          45156 kB
LowTotal:         589156 kB
LowFree:           82720 kB
SwapTotal:       1048572 kB
SwapFree:        1048572 kB
Dirty:               428 kB
Writeback:             0 kB
AnonPages:        631564 kB
Mapped:           386492 kB
Shmem:              1848 kB
Slab:              55136 kB
SReclaimable:      19692 kB
SUnreclaim:        35444 kB
KernelStack:       13072 kB
PageTables:        38176 kB
NFS_Unstable:          0 kB
Bounce:                0 kB
WritebackTmp:          0 kB
CommitLimit:     2496364 kB
Committed_AS:   83675892 kB
VmallocTotal:     385024 kB
VmallocUsed:      154196 kB
VmallocChunk:      58436 kB
Time pass: 140 sec

---2015-12-08 17:44:29
MemTotal:        2895588 kB
MemFree:          134004 kB
Buffers:           11036 kB
Cached:          1257984 kB
SwapCached:            0 kB
Active:           651488 kB
Inactive:        1238420 kB
Active(anon):     294356 kB
Inactive(anon):   331148 kB
Active(file):     357132 kB
Inactive(file):   907272 kB
Unevictable:        2748 kB
Mlocked:               0 kB
HighTotal:       2306432 kB
HighFree:          51208 kB
LowTotal:         589156 kB
LowFree:           82796 kB
SwapTotal:       1048572 kB
SwapFree:        1048572 kB
Dirty:                 0 kB
Writeback:             0 kB
AnonPages:        623744 kB
Mapped:           386760 kB
Shmem:              1848 kB
Slab:              55132 kB
SReclaimable:      19692 kB
SUnreclaim:        35440 kB
KernelStack:       13072 kB
PageTables:        38180 kB
NFS_Unstable:          0 kB
Bounce:                0 kB
WritebackTmp:          0 kB
CommitLimit:     2496364 kB
Committed_AS:   83676180 kB
VmallocTotal:     385024 kB
VmallocUsed:      154212 kB
VmallocChunk:      58436 kB
Time pass: 143 sec

---2015-12-08 17:44:29
MemTotal:        2895588 kB
MemFree:          105088 kB
Buffers:           11036 kB
Cached:          1257996 kB
SwapCached:            0 kB
Active:           657300 kB
Inactive:        1238380 kB
Active(anon):     300128 kB
Inactive(anon):   331116 kB
Active(file):     357172 kB
Inactive(file):   907264 kB
Unevictable:        2748 kB
Mlocked:               0 kB
HighTotal:       2306432 kB
HighFree:          37748 kB
LowTotal:         589156 kB
LowFree:           67340 kB
SwapTotal:       1048572 kB
SwapFree:        1048572 kB
Dirty:               524 kB
Writeback:             0 kB
AnonPages:        629720 kB
Mapped:           386956 kB
Shmem:              1848 kB
Slab:              55128 kB
SReclaimable:      19692 kB
SUnreclaim:        35436 kB
KernelStack:       13080 kB
PageTables:        38152 kB
NFS_Unstable:          0 kB
Bounce:                0 kB
WritebackTmp:          0 kB
CommitLimit:     2496364 kB
Committed_AS:   83684892 kB
VmallocTotal:     385024 kB
VmallocUsed:      154704 kB
VmallocChunk:      58436 kB
Time pass: 147 sec

---2015-12-08 17:44:29
MemTotal:        2895588 kB
MemFree:          106404 kB
Buffers:           11044 kB
Cached:          1258000 kB
SwapCached:            0 kB
Active:           655296 kB
Inactive:        1238348 kB
Active(anon):     298120 kB
Inactive(anon):   331076 kB
Active(file):     357176 kB
Inactive(file):   907272 kB
Unevictable:        2748 kB
Mlocked:               0 kB
HighTotal:       2306432 kB
HighFree:          40228 kB
LowTotal:         589156 kB
LowFree:           66176 kB
SwapTotal:       1048572 kB
SwapFree:        1048572 kB
Dirty:                52 kB
Writeback:             0 kB
AnonPages:        627488 kB
Mapped:           387052 kB
Shmem:              1848 kB
Slab:              54936 kB
SReclaimable:      19692 kB
SUnreclaim:        35244 kB
KernelStack:       13072 kB
PageTables:        38200 kB
NFS_Unstable:          0 kB
Bounce:                0 kB
WritebackTmp:          0 kB
CommitLimit:     2496364 kB
Committed_AS:   83679852 kB
VmallocTotal:     385024 kB
VmallocUsed:      154692 kB
VmallocChunk:      58436 kB
Time pass: 150 sec

---2015-12-08 17:44:29
MemTotal:        2895588 kB
MemFree:          105900 kB
Buffers:           11052 kB
Cached:          1258000 kB
SwapCached:            0 kB
Active:           654788 kB
Inactive:        1238348 kB
Active(anon):     297612 kB
Inactive(anon):   331068 kB
Active(file):     357176 kB
Inactive(file):   907280 kB
Unevictable:        2748 kB
Mlocked:               0 kB
HighTotal:       2306432 kB
HighFree:          39608 kB
LowTotal:         589156 kB
LowFree:           66292 kB
SwapTotal:       1048572 kB
SwapFree:        1048572 kB
Dirty:                52 kB
Writeback:             0 kB
AnonPages:        627004 kB
Mapped:           387104 kB
Shmem:              1848 kB
Slab:              54936 kB
SReclaimable:      19692 kB
SUnreclaim:        35244 kB
KernelStack:       13072 kB
PageTables:        38212 kB
NFS_Unstable:          0 kB
Bounce:                0 kB
WritebackTmp:          0 kB
CommitLimit:     2496364 kB
Committed_AS:   83680120 kB
VmallocTotal:     385024 kB
VmallocUsed:      154692 kB
VmallocChunk:      58436 kB
Time pass: 154 sec

---2015-12-08 17:44:29
MemTotal:        2895588 kB
MemFree:          103836 kB
Buffers:           11052 kB
Cached:          1258000 kB
SwapCached:            0 kB
Active:           657852 kB
Inactive:        1238340 kB
Active(anon):     300676 kB
Inactive(anon):   331060 kB
Active(file):     357176 kB
Inactive(file):   907280 kB
Unevictable:        2748 kB
Mlocked:               0 kB
HighTotal:       2306432 kB
HighFree:          37944 kB
LowTotal:         589156 kB
LowFree:           65892 kB
SwapTotal:       1048572 kB
SwapFree:        1048572 kB
Dirty:                 4 kB
Writeback:             0 kB
AnonPages:        630676 kB
Mapped:           388800 kB
Shmem:              1848 kB
Slab:              54940 kB
SReclaimable:      19692 kB
SUnreclaim:        35248 kB
KernelStack:       13096 kB
PageTables:        38216 kB
NFS_Unstable:          0 kB
Bounce:                0 kB
WritebackTmp:          0 kB
CommitLimit:     2496364 kB
Committed_AS:   83680396 kB
VmallocTotal:     385024 kB
VmallocUsed:      154692 kB
VmallocChunk:      58436 kB
Time pass: 158 sec

---2015-12-08 17:44:29
MemTotal:        2895588 kB
MemFree:           93692 kB
Buffers:           11092 kB
Cached:          1258352 kB
SwapCached:            0 kB
Active:           668012 kB
Inactive:        1238672 kB
Active(anon):     310832 kB
Inactive(anon):   331204 kB
Active(file):     357180 kB
Inactive(file):   907468 kB
Unevictable:        2748 kB
Mlocked:               0 kB
HighTotal:       2306432 kB
HighFree:          37748 kB
LowTotal:         589156 kB
LowFree:           55944 kB
SwapTotal:       1048572 kB
SwapFree:        1048572 kB
Dirty:                64 kB
Writeback:             0 kB
AnonPages:        640380 kB
Mapped:           390708 kB
Shmem:              2048 kB
Slab:              54968 kB
SReclaimable:      19704 kB
SUnreclaim:        35264 kB
KernelStack:       13320 kB
PageTables:        38336 kB
NFS_Unstable:          0 kB
Bounce:                0 kB
WritebackTmp:          0 kB
CommitLimit:     2496364 kB
Committed_AS:   83697560 kB
VmallocTotal:     385024 kB
VmallocUsed:      156904 kB
VmallocChunk:      58436 kB
Time pass: 162 sec

---2015-12-08 17:44:29
MemTotal:        2895588 kB
MemFree:           89792 kB
Buffers:           11108 kB
Cached:          1258572 kB
SwapCached:            0 kB
Active:           671116 kB
Inactive:        1238808 kB
Active(anon):     313936 kB
Inactive(anon):   331308 kB
Active(file):     357180 kB
Inactive(file):   907500 kB
Unevictable:        2748 kB
Mlocked:               0 kB
HighTotal:       2306432 kB
HighFree:          38440 kB
LowTotal:         589156 kB
LowFree:           51352 kB
SwapTotal:       1048572 kB
SwapFree:        1048572 kB
Dirty:                 0 kB
Writeback:             0 kB
AnonPages:        643116 kB
Mapped:           390920 kB
Shmem:              2252 kB
Slab:              54968 kB
SReclaimable:      19704 kB
SUnreclaim:        35264 kB
KernelStack:       13312 kB
PageTables:        38368 kB
NFS_Unstable:          0 kB
Bounce:                0 kB
WritebackTmp:          0 kB
CommitLimit:     2496364 kB
Committed_AS:   83697644 kB
VmallocTotal:     385024 kB
VmallocUsed:      156904 kB
VmallocChunk:      58436 kB
Time pass: 166 sec

---2015-12-08 17:44:29
MemTotal:        2895588 kB
MemFree:           86404 kB
Buffers:           11132 kB
Cached:          1258584 kB
SwapCached:            0 kB
Active:           675400 kB
Inactive:        1238824 kB
Active(anon):     318220 kB
Inactive(anon):   331300 kB
Active(file):     357180 kB
Inactive(file):   907524 kB
Unevictable:        2748 kB
Mlocked:               0 kB
HighTotal:       2306432 kB
HighFree:          37820 kB
LowTotal:         589156 kB
LowFree:           48584 kB
SwapTotal:       1048572 kB
SwapFree:        1048572 kB
Dirty:                52 kB
Writeback:             0 kB
AnonPages:        647264 kB
Mapped:           390992 kB
Shmem:              2264 kB
Slab:              54988 kB
SReclaimable:      19704 kB
SUnreclaim:        35284 kB
KernelStack:       13320 kB
PageTables:        38400 kB
NFS_Unstable:          0 kB
Bounce:                0 kB
WritebackTmp:          0 kB
CommitLimit:     2496364 kB
Committed_AS:   83705872 kB
VmallocTotal:     385024 kB
VmallocUsed:      156904 kB
VmallocChunk:      58436 kB
Time pass: 169 sec

---2015-12-08 17:44:29
MemTotal:        2895588 kB
MemFree:           84556 kB
Buffers:           11164 kB
Cached:          1258676 kB
SwapCached:            0 kB
Active:           676136 kB
Inactive:        1238948 kB
Active(anon):     318956 kB
Inactive(anon):   331392 kB
Active(file):     357180 kB
Inactive(file):   907556 kB
Unevictable:        2748 kB
Mlocked:               0 kB
HighTotal:       2306432 kB
HighFree:          38120 kB
LowTotal:         589156 kB
LowFree:           46436 kB
SwapTotal:       1048572 kB
SwapFree:        1048572 kB
Dirty:                 0 kB
Writeback:             0 kB
AnonPages:        648100 kB
Mapped:           391032 kB
Shmem:              2356 kB
Slab:              54976 kB
SReclaimable:      19704 kB
SUnreclaim:        35272 kB
KernelStack:       13288 kB
PageTables:        38384 kB
NFS_Unstable:          0 kB
Bounce:                0 kB
WritebackTmp:          0 kB
CommitLimit:     2496364 kB
Committed_AS:   83706224 kB
VmallocTotal:     385024 kB
VmallocUsed:      156904 kB
VmallocChunk:      58436 kB
Time pass: 174 sec

---2015-12-08 17:44:29
MemTotal:        2895588 kB
MemFree:           83664 kB
Buffers:           11188 kB
Cached:          1258676 kB
SwapCached:            0 kB
Active:           676516 kB
Inactive:        1238956 kB
Active(anon):     319320 kB
Inactive(anon):   331392 kB
Active(file):     357196 kB
Inactive(file):   907564 kB
Unevictable:        2748 kB
Mlocked:               0 kB
HighTotal:       2306432 kB
HighFree:          38120 kB
LowTotal:         589156 kB
LowFree:           45544 kB
SwapTotal:       1048572 kB
SwapFree:        1048572 kB
Dirty:                44 kB
Writeback:             0 kB
AnonPages:        648516 kB
Mapped:           391084 kB
Shmem:              2356 kB
Slab:              54992 kB
SReclaimable:      19720 kB
SUnreclaim:        35272 kB
KernelStack:       13304 kB
PageTables:        38404 kB
NFS_Unstable:          0 kB
Bounce:                0 kB
WritebackTmp:          0 kB
CommitLimit:     2496364 kB
Committed_AS:   83706248 kB
VmallocTotal:     385024 kB
VmallocUsed:      156904 kB
VmallocChunk:      58436 kB
Time pass: 178 sec

---2015-12-08 17:44:29
MemTotal:        2895588 kB
MemFree:           81360 kB
Buffers:           11188 kB
Cached:          1258696 kB
SwapCached:            0 kB
Active:           677528 kB
Inactive:        1238972 kB
Active(anon):     320332 kB
Inactive(anon):   331408 kB
Active(file):     357196 kB
Inactive(file):   907564 kB
Unevictable:        2748 kB
Mlocked:               0 kB
HighTotal:       2306432 kB
HighFree:          38604 kB
LowTotal:         589156 kB
LowFree:           42756 kB
SwapTotal:       1048572 kB
SwapFree:        1048572 kB
Dirty:                 0 kB
Writeback:             0 kB
AnonPages:        649580 kB
Mapped:           391052 kB
Shmem:              2376 kB
Slab:              54976 kB
SReclaimable:      19724 kB
SUnreclaim:        35252 kB
KernelStack:       13312 kB
PageTables:        38388 kB
NFS_Unstable:          0 kB
Bounce:                0 kB
WritebackTmp:          0 kB
CommitLimit:     2496364 kB
Committed_AS:   83719464 kB
VmallocTotal:     385024 kB
VmallocUsed:      156904 kB
VmallocChunk:      58436 kB
Time pass: 182 sec

---2015-12-08 17:44:29
MemTotal:        2895588 kB
MemFree:           80852 kB
Buffers:           11212 kB
Cached:          1258768 kB
SwapCached:            0 kB
Active:           677880 kB
Inactive:        1239000 kB
Active(anon):     320684 kB
Inactive(anon):   331412 kB
Active(file):     357196 kB
Inactive(file):   907588 kB
Unevictable:        2748 kB
Mlocked:               0 kB
HighTotal:       2306432 kB
HighFree:          38016 kB
LowTotal:         589156 kB
LowFree:           42836 kB
SwapTotal:       1048572 kB
SwapFree:        1048572 kB
Dirty:                48 kB
Writeback:             0 kB
AnonPages:        649360 kB
Mapped:           391124 kB
Shmem:              2448 kB
Slab:              55032 kB
SReclaimable:      19780 kB
SUnreclaim:        35252 kB
KernelStack:       13312 kB
PageTables:        38428 kB
NFS_Unstable:          0 kB
Bounce:                0 kB
WritebackTmp:          0 kB
CommitLimit:     2496364 kB
Committed_AS:   83710800 kB
VmallocTotal:     385024 kB
VmallocUsed:      156904 kB
VmallocChunk:      58436 kB
Time pass: 186 sec

---2015-12-08 17:44:29
MemTotal:        2895588 kB
MemFree:           82204 kB
Buffers:           11212 kB
Cached:          1258768 kB
SwapCached:            0 kB
Active:           677408 kB
Inactive:        1239000 kB
Active(anon):     320212 kB
Inactive(anon):   331412 kB
Active(file):     357196 kB
Inactive(file):   907588 kB
Unevictable:        2748 kB
Mlocked:               0 kB
HighTotal:       2306432 kB
HighFree:          38244 kB
LowTotal:         589156 kB
LowFree:           43960 kB
SwapTotal:       1048572 kB
SwapFree:        1048572 kB
Dirty:                 0 kB
Writeback:             0 kB
AnonPages:        649376 kB
Mapped:           391176 kB
Shmem:              2448 kB
Slab:              55032 kB
SReclaimable:      19780 kB
SUnreclaim:        35252 kB
KernelStack:       13296 kB
PageTables:        38408 kB
NFS_Unstable:          0 kB
Bounce:                0 kB
WritebackTmp:          0 kB
CommitLimit:     2496364 kB
Committed_AS:   83710888 kB
VmallocTotal:     385024 kB
VmallocUsed:      156904 kB
VmallocChunk:      58436 kB
Time pass: 190 sec

---2015-12-08 17:44:29
MemTotal:        2895588 kB
MemFree:           81480 kB
Buffers:           11236 kB
Cached:          1258768 kB
SwapCached:            0 kB
Active:           677512 kB
Inactive:        1239016 kB
Active(anon):     320316 kB
Inactive(anon):   331412 kB
Active(file):     357196 kB
Inactive(file):   907604 kB
Unevictable:        2748 kB
Mlocked:               0 kB
HighTotal:       2306432 kB
HighFree:          38120 kB
LowTotal:         589156 kB
LowFree:           43360 kB
SwapTotal:       1048572 kB
SwapFree:        1048572 kB
Dirty:                48 kB
Writeback:             0 kB
AnonPages:        649400 kB
Mapped:           391124 kB
Shmem:              2448 kB
Slab:              55016 kB
SReclaimable:      19764 kB
SUnreclaim:        35252 kB
KernelStack:       13280 kB
PageTables:        38392 kB
NFS_Unstable:          0 kB
Bounce:                0 kB
WritebackTmp:          0 kB
CommitLimit:     2496364 kB
Committed_AS:   83711060 kB
VmallocTotal:     385024 kB
VmallocUsed:      156904 kB
VmallocChunk:      58436 kB
Time pass: 193 sec

---2015-12-08 17:44:29
MemTotal:        2895588 kB
MemFree:           80784 kB
Buffers:           11236 kB
Cached:          1258768 kB
SwapCached:            0 kB
Active:           678724 kB
Inactive:        1239024 kB
Active(anon):     321528 kB
Inactive(anon):   331412 kB
Active(file):     357196 kB
Inactive(file):   907612 kB
Unevictable:        2748 kB
Mlocked:               0 kB
HighTotal:       2306432 kB
HighFree:          38120 kB
LowTotal:         589156 kB
LowFree:           42664 kB
SwapTotal:       1048572 kB
SwapFree:        1048572 kB
Dirty:                 0 kB
Writeback:             0 kB
AnonPages:        650568 kB
Mapped:           391176 kB
Shmem:              2448 kB
Slab:              55008 kB
SReclaimable:      19764 kB
SUnreclaim:        35244 kB
KernelStack:       13288 kB
PageTables:        38412 kB
NFS_Unstable:          0 kB
Bounce:                0 kB
WritebackTmp:          0 kB
CommitLimit:     2496364 kB
Committed_AS:   83711208 kB
VmallocTotal:     385024 kB
VmallocUsed:      156904 kB
VmallocChunk:      58436 kB
Time pass: 197 sec

---2015-12-08 17:44:29
MemTotal:        2895588 kB
MemFree:           79952 kB
Buffers:           11260 kB
Cached:          1258772 kB
SwapCached:            0 kB
Active:           678620 kB
Inactive:        1239052 kB
Active(anon):     321424 kB
Inactive(anon):   331416 kB
Active(file):     357196 kB
Inactive(file):   907636 kB
Unevictable:        2748 kB
Mlocked:               0 kB
HighTotal:       2306432 kB
HighFree:          38120 kB
LowTotal:         589156 kB
LowFree:           41832 kB
SwapTotal:       1048572 kB
SwapFree:        1048572 kB
Dirty:                44 kB
Writeback:             0 kB
AnonPages:        650612 kB
Mapped:           391232 kB
Shmem:              2452 kB
Slab:              55024 kB
SReclaimable:      19764 kB
SUnreclaim:        35260 kB
KernelStack:       13272 kB
PageTables:        38436 kB
NFS_Unstable:          0 kB
Bounce:                0 kB
WritebackTmp:          0 kB
CommitLimit:     2496364 kB
Committed_AS:   83711260 kB
VmallocTotal:     385024 kB
VmallocUsed:      156904 kB
VmallocChunk:      58436 kB
Time pass: 202 sec

---2015-12-08 17:44:29
MemTotal:        2895588 kB
MemFree:           79888 kB
Buffers:           11276 kB
Cached:          1258784 kB
SwapCached:            0 kB
Active:           678740 kB
Inactive:        1239084 kB
Active(anon):     321560 kB
Inactive(anon):   331416 kB
Active(file):     357180 kB
Inactive(file):   907668 kB
Unevictable:        2748 kB
Mlocked:               0 kB
HighTotal:       2306432 kB
HighFree:          38068 kB
LowTotal:         589156 kB
LowFree:           41820 kB
SwapTotal:       1048572 kB
SwapFree:        1048572 kB
Dirty:                72 kB
Writeback:             0 kB
AnonPages:        650676 kB
Mapped:           391192 kB
Shmem:              2464 kB
Slab:              55024 kB
SReclaimable:      19764 kB
SUnreclaim:        35260 kB
KernelStack:       13280 kB
PageTables:        38424 kB
NFS_Unstable:          0 kB
Bounce:                0 kB
WritebackTmp:          0 kB
CommitLimit:     2496364 kB
Committed_AS:   83715656 kB
VmallocTotal:     385024 kB
VmallocUsed:      156904 kB
VmallocChunk:      58436 kB
Time pass: 206 sec

---2015-12-08 17:44:29
MemTotal:        2895588 kB
MemFree:           79048 kB
Buffers:           11276 kB
Cached:          1258784 kB
SwapCached:            0 kB
Active:           680124 kB
Inactive:        1239096 kB
Active(anon):     322944 kB
Inactive(anon):   331428 kB
Active(file):     357180 kB
Inactive(file):   907668 kB
Unevictable:        2748 kB
Mlocked:               0 kB
HighTotal:       2306432 kB
HighFree:          38068 kB
LowTotal:         589156 kB
LowFree:           40980 kB
SwapTotal:       1048572 kB
SwapFree:        1048572 kB
Dirty:                72 kB
Writeback:             0 kB
AnonPages:        652036 kB
Mapped:           391244 kB
Shmem:              2464 kB
Slab:              55024 kB
SReclaimable:      19764 kB
SUnreclaim:        35260 kB
KernelStack:       13280 kB
PageTables:        38448 kB
NFS_Unstable:          0 kB
Bounce:                0 kB
WritebackTmp:          0 kB
CommitLimit:     2496364 kB
Committed_AS:   83719824 kB
VmallocTotal:     385024 kB
VmallocUsed:      156904 kB
VmallocChunk:      58436 kB
Time pass: 210 sec

---2015-12-08 17:44:29
MemTotal:        2895588 kB
MemFree:           79368 kB
Buffers:           11300 kB
Cached:          1258908 kB
SwapCached:            0 kB
Active:           679212 kB
Inactive:        1239232 kB
Active(anon):     322032 kB
Inactive(anon):   331556 kB
Active(file):     357180 kB
Inactive(file):   907676 kB
Unevictable:        2748 kB
Mlocked:               0 kB
HighTotal:       2306432 kB
HighFree:          38068 kB
LowTotal:         589156 kB
LowFree:           41300 kB
SwapTotal:       1048572 kB
SwapFree:        1048572 kB
Dirty:                48 kB
Writeback:             0 kB
AnonPages:        651176 kB
Mapped:           391332 kB
Shmem:              2604 kB
Slab:              55008 kB
SReclaimable:      19764 kB
SUnreclaim:        35244 kB
KernelStack:       13272 kB
PageTables:        38428 kB
NFS_Unstable:          0 kB
Bounce:                0 kB
WritebackTmp:          0 kB
CommitLimit:     2496364 kB
Committed_AS:   83720088 kB
VmallocTotal:     385024 kB
VmallocUsed:      156904 kB
VmallocChunk:      58436 kB
Time pass: 214 sec

---2015-12-08 17:44:29
MemTotal:        2895588 kB
MemFree:           78892 kB
Buffers:           11300 kB
Cached:          1258992 kB
SwapCached:            0 kB
Active:           680460 kB
Inactive:        1239316 kB
Active(anon):     323280 kB
Inactive(anon):   331624 kB
Active(file):     357180 kB
Inactive(file):   907692 kB
Unevictable:        2748 kB
Mlocked:               0 kB
HighTotal:       2306432 kB
HighFree:          38924 kB
LowTotal:         589156 kB
LowFree:           39968 kB
SwapTotal:       1048572 kB
SwapFree:        1048572 kB
Dirty:                 0 kB
Writeback:             0 kB
AnonPages:        652144 kB
Mapped:           391420 kB
Shmem:              2672 kB
Slab:              55008 kB
SReclaimable:      19764 kB
SUnreclaim:        35244 kB
KernelStack:       13288 kB
PageTables:        38432 kB
NFS_Unstable:          0 kB
Bounce:                0 kB
WritebackTmp:          0 kB
CommitLimit:     2496364 kB
Committed_AS:   83720208 kB
VmallocTotal:     385024 kB
VmallocUsed:      156904 kB
VmallocChunk:      58436 kB
Time pass: 218 sec

---2015-12-08 17:44:29
MemTotal:        2895588 kB
MemFree:           78208 kB
Buffers:           11324 kB
Cached:          1258992 kB
SwapCached:            0 kB
Active:           680276 kB
Inactive:        1239340 kB
Active(anon):     323096 kB
Inactive(anon):   331624 kB
Active(file):     357180 kB
Inactive(file):   907716 kB
Unevictable:        2748 kB
Mlocked:               0 kB
HighTotal:       2306432 kB
HighFree:          38492 kB
LowTotal:         589156 kB
LowFree:           39716 kB
SwapTotal:       1048572 kB
SwapFree:        1048572 kB
Dirty:                52 kB
Writeback:             0 kB
AnonPages:        652020 kB
Mapped:           391476 kB
Shmem:              2672 kB
Slab:              55008 kB
SReclaimable:      19764 kB
SUnreclaim:        35244 kB
KernelStack:       13280 kB
PageTables:        38452 kB
NFS_Unstable:          0 kB
Bounce:                0 kB
WritebackTmp:          0 kB
CommitLimit:     2496364 kB
Committed_AS:   83720248 kB
VmallocTotal:     385024 kB
VmallocUsed:      156904 kB
VmallocChunk:      58436 kB
Time pass: 221 sec

---2015-12-08 17:44:29
MemTotal:        2895588 kB
MemFree:           77376 kB
Buffers:           11340 kB
Cached:          1258976 kB
SwapCached:            0 kB
Active:           680844 kB
Inactive:        1239320 kB
Active(anon):     323664 kB
Inactive(anon):   331604 kB
Active(file):     357180 kB
Inactive(file):   907716 kB
Unevictable:        2748 kB
Mlocked:               0 kB
HighTotal:       2306432 kB
HighFree:          38120 kB
LowTotal:         589156 kB
LowFree:           39256 kB
SwapTotal:       1048572 kB
SwapFree:        1048572 kB
Dirty:                52 kB
Writeback:             0 kB
AnonPages:        652448 kB
Mapped:           391476 kB
Shmem:              2672 kB
Slab:              55008 kB
SReclaimable:      19764 kB
SUnreclaim:        35244 kB
KernelStack:       13280 kB
PageTables:        38452 kB
NFS_Unstable:          0 kB
Bounce:                0 kB
WritebackTmp:          0 kB
CommitLimit:     2496364 kB
Committed_AS:   83720552 kB
VmallocTotal:     385024 kB
VmallocUsed:      156904 kB
VmallocChunk:      58436 kB
Time pass: 225 sec

---2015-12-08 17:44:29
MemTotal:        2895588 kB
MemFree:           77764 kB
Buffers:           11340 kB
Cached:          1258992 kB
SwapCached:            0 kB
Active:           680912 kB
Inactive:        1239300 kB
Active(anon):     323732 kB
Inactive(anon):   331568 kB
Active(file):     357180 kB
Inactive(file):   907732 kB
Unevictable:        2748 kB
Mlocked:               0 kB
HighTotal:       2306432 kB
HighFree:          37996 kB
LowTotal:         589156 kB
LowFree:           39768 kB
SwapTotal:       1048572 kB
SwapFree:        1048572 kB
Dirty:                48 kB
Writeback:             0 kB
AnonPages:        652576 kB
Mapped:           391476 kB
Shmem:              2672 kB
Slab:              55012 kB
SReclaimable:      19764 kB
SUnreclaim:        35248 kB
KernelStack:       13256 kB
PageTables:        38452 kB
NFS_Unstable:          0 kB
Bounce:                0 kB
WritebackTmp:          0 kB
CommitLimit:     2496364 kB
Committed_AS:   83720616 kB
VmallocTotal:     385024 kB
VmallocUsed:      156904 kB
VmallocChunk:      58436 kB
Time pass: 229 sec

---2015-12-08 17:44:29
MemTotal:        2895588 kB
MemFree:           77016 kB
Buffers:           11364 kB
Cached:          1258976 kB
SwapCached:            0 kB
Active:           681204 kB
Inactive:        1239284 kB
Active(anon):     324024 kB
Inactive(anon):   331544 kB
Active(file):     357180 kB
Inactive(file):   907740 kB
Unevictable:        2748 kB
Mlocked:               0 kB
HighTotal:       2306432 kB
HighFree:          38120 kB
LowTotal:         589156 kB
LowFree:           38896 kB
SwapTotal:       1048572 kB
SwapFree:        1048572 kB
Dirty:                28 kB
Writeback:             0 kB
AnonPages:        652868 kB
Mapped:           391476 kB
Shmem:              2672 kB
Slab:              55012 kB
SReclaimable:      19764 kB
SUnreclaim:        35248 kB
KernelStack:       13280 kB
PageTables:        38452 kB
NFS_Unstable:          0 kB
Bounce:                0 kB
WritebackTmp:          0 kB
CommitLimit:     2496364 kB
Committed_AS:   83720856 kB
VmallocTotal:     385024 kB
VmallocUsed:      156904 kB
VmallocChunk:      58436 kB
Time pass: 233 sec

---2015-12-08 17:44:29
MemTotal:        2895588 kB
MemFree:           76280 kB
Buffers:           11364 kB
Cached:          1258992 kB
SwapCached:            0 kB
Active:           680944 kB
Inactive:        1239284 kB
Active(anon):     323764 kB
Inactive(anon):   331528 kB
Active(file):     357180 kB
Inactive(file):   907756 kB
Unevictable:        2748 kB
Mlocked:               0 kB
HighTotal:       2306432 kB
HighFree:          38244 kB
LowTotal:         589156 kB
LowFree:           38036 kB
SwapTotal:       1048572 kB
SwapFree:        1048572 kB
Dirty:                 0 kB
Writeback:             0 kB
AnonPages:        652480 kB
Mapped:           391476 kB
Shmem:              2672 kB
Slab:              55016 kB
SReclaimable:      19764 kB
SUnreclaim:        35252 kB
KernelStack:       13280 kB
PageTables:        38452 kB
NFS_Unstable:          0 kB
Bounce:                0 kB
WritebackTmp:          0 kB
CommitLimit:     2496364 kB
Committed_AS:   83720992 kB
VmallocTotal:     385024 kB
VmallocUsed:      156904 kB
VmallocChunk:      58436 kB
Time pass: 237 sec

---2015-12-08 17:44:29
MemTotal:        2895588 kB
MemFree:           76428 kB
Buffers:           11388 kB
Cached:          1258976 kB
SwapCached:            0 kB
Active:           681736 kB
Inactive:        1239268 kB
Active(anon):     324556 kB
Inactive(anon):   331504 kB
Active(file):     357180 kB
Inactive(file):   907764 kB
Unevictable:        2748 kB
Mlocked:               0 kB
HighTotal:       2306432 kB
HighFree:          37996 kB
LowTotal:         589156 kB
LowFree:           38432 kB
SwapTotal:       1048572 kB
SwapFree:        1048572 kB
Dirty:                32 kB
Writeback:             0 kB
AnonPages:        653532 kB
Mapped:           391528 kB
Shmem:              2672 kB
Slab:              55012 kB
SReclaimable:      19764 kB
SUnreclaim:        35248 kB
KernelStack:       13272 kB
PageTables:        38472 kB
NFS_Unstable:          0 kB
Bounce:                0 kB
WritebackTmp:          0 kB
CommitLimit:     2496364 kB
Committed_AS:   83721072 kB
VmallocTotal:     385024 kB
VmallocUsed:      156904 kB
VmallocChunk:      58436 kB
Time pass: 242 sec

---2015-12-08 17:44:29
MemTotal:        2895588 kB
MemFree:           73464 kB
Buffers:           11412 kB
Cached:          1259548 kB
SwapCached:            0 kB
Active:           683360 kB
Inactive:        1239796 kB
Active(anon):     326180 kB
Inactive(anon):   331500 kB
Active(file):     357180 kB
Inactive(file):   908296 kB
Unevictable:        2748 kB
Mlocked:               0 kB
HighTotal:       2306432 kB
HighFree:          38120 kB
LowTotal:         589156 kB
LowFree:           35344 kB
SwapTotal:       1048572 kB
SwapFree:        1048572 kB
Dirty:                72 kB
Writeback:             0 kB
AnonPages:        654668 kB
Mapped:           391576 kB
Shmem:              2672 kB
Slab:              55000 kB
SReclaimable:      19764 kB
SUnreclaim:        35236 kB
KernelStack:       13352 kB
PageTables:        38852 kB
NFS_Unstable:          0 kB
Bounce:                0 kB
WritebackTmp:          0 kB
CommitLimit:     2496364 kB
Committed_AS:   84966048 kB
VmallocTotal:     385024 kB
VmallocUsed:      157924 kB
VmallocChunk:      58436 kB
Time pass: 246 sec

---2015-12-08 17:44:29
MemTotal:        2895588 kB
MemFree:           73112 kB
Buffers:           11436 kB
Cached:          1259648 kB
SwapCached:            0 kB
Active:           683672 kB
Inactive:        1239860 kB
Active(anon):     326492 kB
Inactive(anon):   331440 kB
Active(file):     357180 kB
Inactive(file):   908420 kB
Unevictable:        2748 kB
Mlocked:               0 kB
HighTotal:       2306432 kB
HighFree:          38244 kB
LowTotal:         589156 kB
LowFree:           34868 kB
SwapTotal:       1048572 kB
SwapFree:        1048572 kB
Dirty:                72 kB
Writeback:             0 kB
AnonPages:        655144 kB
Mapped:           391632 kB
Shmem:              2672 kB
Slab:              55000 kB
SReclaimable:      19764 kB
SUnreclaim:        35236 kB
KernelStack:       13368 kB
PageTables:        38892 kB
NFS_Unstable:          0 kB
Bounce:                0 kB
WritebackTmp:          0 kB
CommitLimit:     2496364 kB
Committed_AS:   84966400 kB
VmallocTotal:     385024 kB
VmallocUsed:      157924 kB
VmallocChunk:      58436 kB
Time pass: 249 sec

---2015-12-08 17:44:29
MemTotal:        2895588 kB
MemFree:           73620 kB
Buffers:           11452 kB
Cached:          1259632 kB
SwapCached:            0 kB
Active:           684120 kB
Inactive:        1239860 kB
Active(anon):     326940 kB
Inactive(anon):   331440 kB
Active(file):     357180 kB
Inactive(file):   908420 kB
Unevictable:        2748 kB
Mlocked:               0 kB
HighTotal:       2306432 kB
HighFree:          39172 kB
LowTotal:         589156 kB
LowFree:           34448 kB
SwapTotal:       1048572 kB
SwapFree:        1048572 kB
Dirty:                72 kB
Writeback:             0 kB
AnonPages:        655572 kB
Mapped:           391684 kB
Shmem:              2672 kB
Slab:              55000 kB
SReclaimable:      19764 kB
SUnreclaim:        35236 kB
KernelStack:       13368 kB
PageTables:        38912 kB
NFS_Unstable:          0 kB
Bounce:                0 kB
WritebackTmp:          0 kB
CommitLimit:     2496364 kB
Committed_AS:   84966672 kB
VmallocTotal:     385024 kB
VmallocUsed:      157924 kB
VmallocChunk:      58436 kB
Time pass: 253 sec

---2015-12-08 17:44:29
MemTotal:        2895588 kB
MemFree:           73508 kB
Buffers:           11452 kB
Cached:          1259648 kB
SwapCached:            0 kB
Active:           684208 kB
Inactive:        1239876 kB
Active(anon):     327028 kB
Inactive(anon):   331440 kB
Active(file):     357180 kB
Inactive(file):   908436 kB
Unevictable:        2748 kB
Mlocked:               0 kB
HighTotal:       2306432 kB
HighFree:          38120 kB
LowTotal:         589156 kB
LowFree:           35388 kB
SwapTotal:       1048572 kB
SwapFree:        1048572 kB
Dirty:                 0 kB
Writeback:             0 kB
AnonPages:        655792 kB
Mapped:           391580 kB
Shmem:              2672 kB
Slab:              55000 kB
SReclaimable:      19764 kB
SUnreclaim:        35236 kB
KernelStack:       13368 kB
PageTables:        38872 kB
NFS_Unstable:          0 kB
Bounce:                0 kB
WritebackTmp:          0 kB
CommitLimit:     2496364 kB
Committed_AS:   84966776 kB
VmallocTotal:     385024 kB
VmallocUsed:      157924 kB
VmallocChunk:      58436 kB
Time pass: 257 sec

---2015-12-08 17:44:29
MemTotal:        2895588 kB
MemFree:           72400 kB
Buffers:           11476 kB
Cached:          1259676 kB
SwapCached:            0 kB
Active:           684712 kB
Inactive:        1239956 kB
Active(anon):     327532 kB
Inactive(anon):   331440 kB
Active(file):     357180 kB
Inactive(file):   908516 kB
Unevictable:        2748 kB
Mlocked:               0 kB
HighTotal:       2306432 kB
HighFree:          38120 kB
LowTotal:         589156 kB
LowFree:           34280 kB
SwapTotal:       1048572 kB
SwapFree:        1048572 kB
Dirty:                44 kB
Writeback:             0 kB
AnonPages:        656292 kB
Mapped:           391708 kB
Shmem:              2672 kB
Slab:              55008 kB
SReclaimable:      19764 kB
SUnreclaim:        35244 kB
KernelStack:       13368 kB
PageTables:        38920 kB
NFS_Unstable:          0 kB
Bounce:                0 kB
WritebackTmp:          0 kB
CommitLimit:     2496364 kB
Committed_AS:   84966856 kB
VmallocTotal:     385024 kB
VmallocUsed:      157924 kB
VmallocChunk:      58436 kB
Time pass: 261 sec

---2015-12-08 17:44:29
MemTotal:        2895588 kB
MemFree:           72088 kB
Buffers:           11476 kB
Cached:          1259676 kB
SwapCached:            0 kB
Active:           684824 kB
Inactive:        1239972 kB
Active(anon):     327644 kB
Inactive(anon):   331440 kB
Active(file):     357180 kB
Inactive(file):   908532 kB
Unevictable:        2748 kB
Mlocked:               0 kB
HighTotal:       2306432 kB
HighFree:          38192 kB
LowTotal:         589156 kB
LowFree:           33896 kB
SwapTotal:       1048572 kB
SwapFree:        1048572 kB
Dirty:                 0 kB
Writeback:             0 kB
AnonPages:        656472 kB
Mapped:           391708 kB
Shmem:              2672 kB
Slab:              55008 kB
SReclaimable:      19764 kB
SUnreclaim:        35244 kB
KernelStack:       13384 kB
PageTables:        38920 kB
NFS_Unstable:          0 kB
Bounce:                0 kB
WritebackTmp:          0 kB
CommitLimit:     2496364 kB
Committed_AS:   84967108 kB
VmallocTotal:     385024 kB
VmallocUsed:      157924 kB
VmallocChunk:      58436 kB
Time pass: 265 sec

---2015-12-08 17:44:29
MemTotal:        2895588 kB
MemFree:           71876 kB
Buffers:           11500 kB
Cached:          1259660 kB
SwapCached:            0 kB
Active:           685032 kB
Inactive:        1239980 kB
Active(anon):     327852 kB
Inactive(anon):   331440 kB
Active(file):     357180 kB
Inactive(file):   908540 kB
Unevictable:        2748 kB
Mlocked:               0 kB
HighTotal:       2306432 kB
HighFree:          38708 kB
LowTotal:         589156 kB
LowFree:           33168 kB
SwapTotal:       1048572 kB
SwapFree:        1048572 kB
Dirty:                36 kB
Writeback:             0 kB
AnonPages:        656680 kB
Mapped:           391708 kB
Shmem:              2672 kB
Slab:              55004 kB
SReclaimable:      19764 kB
SUnreclaim:        35240 kB
KernelStack:       13384 kB
PageTables:        38924 kB
NFS_Unstable:          0 kB
Bounce:                0 kB
WritebackTmp:          0 kB
CommitLimit:     2496364 kB
Committed_AS:   84967224 kB
VmallocTotal:     385024 kB
VmallocUsed:      157924 kB
VmallocChunk:      58436 kB
Time pass: 269 sec

---2015-12-08 17:44:29
MemTotal:        2895588 kB
MemFree:           71528 kB
Buffers:           11500 kB
Cached:          1259676 kB
SwapCached:            0 kB
Active:           685244 kB
Inactive:        1239992 kB
Active(anon):     328064 kB
Inactive(anon):   331436 kB
Active(file):     357180 kB
Inactive(file):   908556 kB
Unevictable:        2748 kB
Mlocked:               0 kB
HighTotal:       2306432 kB
HighFree:          38760 kB
LowTotal:         589156 kB
LowFree:           32768 kB
SwapTotal:       1048572 kB
SwapFree:        1048572 kB
Dirty:                 0 kB
Writeback:             0 kB
AnonPages:        657016 kB
Mapped:           391760 kB
Shmem:              2672 kB
Slab:              55004 kB
SReclaimable:      19764 kB
SUnreclaim:        35240 kB
KernelStack:       13384 kB
PageTables:        38944 kB
NFS_Unstable:          0 kB
Bounce:                0 kB
WritebackTmp:          0 kB
CommitLimit:     2496364 kB
Committed_AS:   84967440 kB
VmallocTotal:     385024 kB
VmallocUsed:      157924 kB
VmallocChunk:      58436 kB
Time pass: 273 sec

---2015-12-08 17:44:29
MemTotal:        2895588 kB
MemFree:           71088 kB
Buffers:           11508 kB
Cached:          1259676 kB
SwapCached:            0 kB
Active:           685408 kB
Inactive:        1240012 kB
Active(anon):     328228 kB
Inactive(anon):   331436 kB
Active(file):     357180 kB
Inactive(file):   908576 kB
Unevictable:        2748 kB
Mlocked:               0 kB
HighTotal:       2306432 kB
HighFree:          37768 kB
LowTotal:         589156 kB
LowFree:           33320 kB
SwapTotal:       1048572 kB
SwapFree:        1048572 kB
Dirty:                32 kB
Writeback:             0 kB
AnonPages:        657120 kB
Mapped:           391760 kB
Shmem:              2672 kB
Slab:              54980 kB
SReclaimable:      19740 kB
SUnreclaim:        35240 kB
KernelStack:       13384 kB
PageTables:        38944 kB
NFS_Unstable:          0 kB
Bounce:                0 kB
WritebackTmp:          0 kB
CommitLimit:     2496364 kB
Committed_AS:   84967584 kB
VmallocTotal:     385024 kB
VmallocUsed:      157924 kB
VmallocChunk:      58436 kB
Time pass: 276 sec

---2015-12-08 17:44:29
MemTotal:        2895588 kB
MemFree:           71052 kB
Buffers:           11524 kB
Cached:          1259676 kB
SwapCached:            0 kB
Active:           685556 kB
Inactive:        1239832 kB
Active(anon):     328376 kB
Inactive(anon):   331232 kB
Active(file):     357180 kB
Inactive(file):   908600 kB
Unevictable:        2748 kB
Mlocked:               0 kB
HighTotal:       2306432 kB
HighFree:          38120 kB
LowTotal:         589156 kB
LowFree:           32932 kB
SwapTotal:       1048572 kB
SwapFree:        1048572 kB
Dirty:                48 kB
Writeback:             0 kB
AnonPages:        657192 kB
Mapped:           391652 kB
Shmem:              2672 kB
Slab:              54984 kB
SReclaimable:      19740 kB
SUnreclaim:        35244 kB
KernelStack:       13376 kB
PageTables:        38892 kB
NFS_Unstable:          0 kB
Bounce:                0 kB
WritebackTmp:          0 kB
CommitLimit:     2496364 kB
Committed_AS:   84963244 kB
VmallocTotal:     385024 kB
VmallocUsed:      157924 kB
VmallocChunk:      58436 kB
Time pass: 280 sec

---2015-12-08 17:44:29
MemTotal:        2895588 kB
MemFree:           70720 kB
Buffers:           11540 kB
Cached:          1259676 kB
SwapCached:            0 kB
Active:           686140 kB
Inactive:        1239840 kB
Active(anon):     328960 kB
Inactive(anon):   331232 kB
Active(file):     357180 kB
Inactive(file):   908608 kB
Unevictable:        2748 kB
Mlocked:               0 kB
HighTotal:       2306432 kB
HighFree:          38120 kB
LowTotal:         589156 kB
LowFree:           32600 kB
SwapTotal:       1048572 kB
SwapFree:        1048572 kB
Dirty:                44 kB
Writeback:             0 kB
AnonPages:        657680 kB
Mapped:           391704 kB
Shmem:              2672 kB
Slab:              54984 kB
SReclaimable:      19740 kB
SUnreclaim:        35244 kB
KernelStack:       13376 kB
PageTables:        38920 kB
NFS_Unstable:          0 kB
Bounce:                0 kB
WritebackTmp:          0 kB
CommitLimit:     2496364 kB
Committed_AS:   84963528 kB
VmallocTotal:     385024 kB
VmallocUsed:      157924 kB
VmallocChunk:      58436 kB
Time pass: 283 sec

---2015-12-08 17:44:29
MemTotal:        2895588 kB
MemFree:           75216 kB
Buffers:           11548 kB
Cached:          1254972 kB
SwapCached:            0 kB
Active:           683584 kB
Inactive:        1237916 kB
Active(anon):     326224 kB
Inactive(anon):   334176 kB
Active(file):     357360 kB
Inactive(file):   903740 kB
Unevictable:        2748 kB
Mlocked:               0 kB
HighTotal:       2306432 kB
HighFree:          41344 kB
LowTotal:         589156 kB
LowFree:           33872 kB
SwapTotal:       1048572 kB
SwapFree:        1048572 kB
Dirty:                 0 kB
Writeback:             0 kB
AnonPages:        657720 kB
Mapped:           391756 kB
Shmem:              2672 kB
Slab:              54984 kB
SReclaimable:      19740 kB
SUnreclaim:        35244 kB
KernelStack:       13376 kB
PageTables:        38940 kB
NFS_Unstable:          0 kB
Bounce:                0 kB
WritebackTmp:          0 kB
CommitLimit:     2496364 kB
Committed_AS:   84963628 kB
VmallocTotal:     385024 kB
VmallocUsed:      157924 kB
VmallocChunk:      58436 kB
Time pass: 287 sec

---2015-12-08 17:44:29
MemTotal:        2895588 kB
MemFree:           73628 kB
Buffers:           11564 kB
Cached:          1254980 kB
SwapCached:            0 kB
Active:           683756 kB
Inactive:        1237940 kB
Active(anon):     326396 kB
Inactive(anon):   334176 kB
Active(file):     357360 kB
Inactive(file):   903764 kB
Unevictable:        2748 kB
Mlocked:               0 kB
HighTotal:       2306432 kB
HighFree:          39928 kB
LowTotal:         589156 kB
LowFree:           33700 kB
SwapTotal:       1048572 kB
SwapFree:        1048572 kB
Dirty:                48 kB
Writeback:             0 kB
AnonPages:        658224 kB
Mapped:           391756 kB
Shmem:              2672 kB
Slab:              54984 kB
SReclaimable:      19740 kB
SUnreclaim:        35244 kB
KernelStack:       13376 kB
PageTables:        38940 kB
NFS_Unstable:          0 kB
Bounce:                0 kB
WritebackTmp:          0 kB
CommitLimit:     2496364 kB
Committed_AS:   84963700 kB
VmallocTotal:     385024 kB
VmallocUsed:      157924 kB
VmallocChunk:      58436 kB
Time pass: 290 sec

---2015-12-08 17:44:29
MemTotal:        2895588 kB
MemFree:           73632 kB
Buffers:           11564 kB
Cached:          1254980 kB
SwapCached:            0 kB
Active:           684768 kB
Inactive:        1237940 kB
Active(anon):     327408 kB
Inactive(anon):   334176 kB
Active(file):     357360 kB
Inactive(file):   903764 kB
Unevictable:        2748 kB
Mlocked:               0 kB
HighTotal:       2306432 kB
HighFree:          38636 kB
LowTotal:         589156 kB
LowFree:           34996 kB
SwapTotal:       1048572 kB
SwapFree:        1048572 kB
Dirty:                 0 kB
Writeback:             0 kB
AnonPages:        658700 kB
Mapped:           391756 kB
Shmem:              2672 kB
Slab:              55012 kB
SReclaimable:      19740 kB
SUnreclaim:        35272 kB
KernelStack:       13384 kB
PageTables:        38940 kB
NFS_Unstable:          0 kB
Bounce:                0 kB
WritebackTmp:          0 kB
CommitLimit:     2496364 kB
Committed_AS:   84963872 kB
VmallocTotal:     385024 kB
VmallocUsed:      157924 kB
VmallocChunk:      58436 kB
Time pass: 294 sec

---2015-12-08 17:44:29
MemTotal:        2895588 kB
MemFree:           74120 kB
Buffers:           11588 kB
Cached:          1254964 kB
SwapCached:            0 kB
Active:           684976 kB
Inactive:        1237948 kB
Active(anon):     327616 kB
Inactive(anon):   334176 kB
Active(file):     357360 kB
Inactive(file):   903772 kB
Unevictable:        2748 kB
Mlocked:               0 kB
HighTotal:       2306432 kB
HighFree:          38140 kB
LowTotal:         589156 kB
LowFree:           35980 kB
SwapTotal:       1048572 kB
SwapFree:        1048572 kB
Dirty:                32 kB
Writeback:             0 kB
AnonPages:        659428 kB
Mapped:           391704 kB
Shmem:              2672 kB
Slab:              55008 kB
SReclaimable:      19740 kB
SUnreclaim:        35268 kB
KernelStack:       13376 kB
PageTables:        38920 kB
NFS_Unstable:          0 kB
Bounce:                0 kB
WritebackTmp:          0 kB
CommitLimit:     2496364 kB
Committed_AS:   84958072 kB
VmallocTotal:     385024 kB
VmallocUsed:      157924 kB
VmallocChunk:      58436 kB
Time pass: 298 sec

---2015-12-08 17:44:29
MemTotal:        2895588 kB
MemFree:           78936 kB
Buffers:           11604 kB
Cached:          1254980 kB
SwapCached:            0 kB
Active:           679536 kB
Inactive:        1237960 kB
Active(anon):     322176 kB
Inactive(anon):   334156 kB
Active(file):     357360 kB
Inactive(file):   903804 kB
Unevictable:        2748 kB
Mlocked:               0 kB
HighTotal:       2306432 kB
HighFree:          38812 kB
LowTotal:         589156 kB
LowFree:           40124 kB
SwapTotal:       1048572 kB
SwapFree:        1048572 kB
Dirty:                48 kB
Writeback:             0 kB
AnonPages:        653512 kB
Mapped:           391704 kB
Shmem:              2672 kB
Slab:              54976 kB
SReclaimable:      19740 kB
SUnreclaim:        35236 kB
KernelStack:       13368 kB
PageTables:        38920 kB
NFS_Unstable:          0 kB
Bounce:                0 kB
WritebackTmp:          0 kB
CommitLimit:     2496364 kB
Committed_AS:   84958156 kB
VmallocTotal:     385024 kB
VmallocUsed:      157924 kB
VmallocChunk:      58436 kB
Time pass: 305 sec

---2015-12-08 17:44:29
MemTotal:        2895588 kB
MemFree:           78416 kB
Buffers:           11612 kB
Cached:          1254980 kB
SwapCached:            0 kB
Active:           679672 kB
Inactive:        1237960 kB
Active(anon):     322312 kB
Inactive(anon):   334148 kB
Active(file):     357360 kB
Inactive(file):   903812 kB
Unevictable:        2748 kB
Mlocked:               0 kB
HighTotal:       2306432 kB
HighFree:          38440 kB
LowTotal:         589156 kB
LowFree:           39976 kB
SwapTotal:       1048572 kB
SwapFree:        1048572 kB
Dirty:                28 kB
Writeback:             0 kB
AnonPages:        653896 kB
Mapped:           391756 kB
Shmem:              2672 kB
Slab:              54976 kB
SReclaimable:      19740 kB
SUnreclaim:        35236 kB
KernelStack:       13368 kB
PageTables:        38940 kB
NFS_Unstable:          0 kB
Bounce:                0 kB
WritebackTmp:          0 kB
CommitLimit:     2496364 kB
Committed_AS:   84958252 kB
VmallocTotal:     385024 kB
VmallocUsed:      157924 kB
VmallocChunk:      58436 kB
Time pass: 309 sec

---2015-12-08 17:44:29
MemTotal:        2895588 kB
MemFree:           78624 kB
Buffers:           11628 kB
Cached:          1254980 kB
SwapCached:            0 kB
Active:           680028 kB
Inactive:        1237972 kB
Active(anon):     322668 kB
Inactive(anon):   334144 kB
Active(file):     357360 kB
Inactive(file):   903828 kB
Unevictable:        2748 kB
Mlocked:               0 kB
HighTotal:       2306432 kB
HighFree:          38120 kB
LowTotal:         589156 kB
LowFree:           40504 kB
SwapTotal:       1048572 kB
SwapFree:        1048572 kB
Dirty:                44 kB
Writeback:             0 kB
AnonPages:        654200 kB
Mapped:           391704 kB
Shmem:              2672 kB
Slab:              54976 kB
SReclaimable:      19740 kB
SUnreclaim:        35236 kB
KernelStack:       13360 kB
PageTables:        38920 kB
NFS_Unstable:          0 kB
Bounce:                0 kB
WritebackTmp:          0 kB
CommitLimit:     2496364 kB
Committed_AS:   84958368 kB
VmallocTotal:     385024 kB
VmallocUsed:      157924 kB
VmallocChunk:      58436 kB
Time pass: 312 sec

---2015-12-08 17:44:29
MemTotal:        2895588 kB
MemFree:           77816 kB
Buffers:           11636 kB
Cached:          1254980 kB
SwapCached:            0 kB
Active:           680252 kB
Inactive:        1237968 kB
Active(anon):     322892 kB
Inactive(anon):   334140 kB
Active(file):     357360 kB
Inactive(file):   903828 kB
Unevictable:        2748 kB
Mlocked:               0 kB
HighTotal:       2306432 kB
HighFree:          38120 kB
LowTotal:         589156 kB
LowFree:           39696 kB
SwapTotal:       1048572 kB
SwapFree:        1048572 kB
Dirty:                32 kB
Writeback:             0 kB
AnonPages:        654192 kB
Mapped:           391704 kB
Shmem:              2672 kB
Slab:              54976 kB
SReclaimable:      19740 kB
SUnreclaim:        35236 kB
KernelStack:       13360 kB
PageTables:        38920 kB
NFS_Unstable:          0 kB
Bounce:                0 kB
WritebackTmp:          0 kB
CommitLimit:     2496364 kB
Committed_AS:   84958652 kB
VmallocTotal:     385024 kB
VmallocUsed:      157924 kB
VmallocChunk:      58436 kB
Time pass: 316 sec

---2015-12-08 17:44:29
MemTotal:        2895588 kB
MemFree:           78676 kB
Buffers:           11652 kB
Cached:          1254980 kB
SwapCached:            0 kB
Active:           680356 kB
Inactive:        1237984 kB
Active(anon):     322996 kB
Inactive(anon):   334140 kB
Active(file):     357360 kB
Inactive(file):   903844 kB
Unevictable:        2748 kB
Mlocked:               0 kB
HighTotal:       2306432 kB
HighFree:          38988 kB
LowTotal:         589156 kB
LowFree:           39688 kB
SwapTotal:       1048572 kB
SwapFree:        1048572 kB
Dirty:                44 kB
Writeback:             0 kB
AnonPages:        654352 kB
Mapped:           391756 kB
Shmem:              2672 kB
Slab:              54976 kB
SReclaimable:      19740 kB
SUnreclaim:        35236 kB
KernelStack:       13360 kB
PageTables:        38940 kB
NFS_Unstable:          0 kB
Bounce:                0 kB
WritebackTmp:          0 kB
CommitLimit:     2496364 kB
Committed_AS:   84958756 kB
VmallocTotal:     385024 kB
VmallocUsed:      157924 kB
VmallocChunk:      58436 kB
Time pass: 319 sec

---2015-12-08 17:44:29
MemTotal:        2895588 kB
MemFree:           78656 kB
Buffers:           11660 kB
Cached:          1254972 kB
SwapCached:            0 kB
Active:           680400 kB
Inactive:        1237992 kB
Active(anon):     323040 kB
Inactive(anon):   334140 kB
Active(file):     357360 kB
Inactive(file):   903852 kB
Unevictable:        2748 kB
Mlocked:               0 kB
HighTotal:       2306432 kB
HighFree:          39132 kB
LowTotal:         589156 kB
LowFree:           39524 kB
SwapTotal:       1048572 kB
SwapFree:        1048572 kB
Dirty:                 0 kB
Writeback:             0 kB
AnonPages:        654400 kB
Mapped:           391756 kB
Shmem:              2672 kB
Slab:              54976 kB
SReclaimable:      19740 kB
SUnreclaim:        35236 kB
KernelStack:       13368 kB
PageTables:        38940 kB
NFS_Unstable:          0 kB
Bounce:                0 kB
WritebackTmp:          0 kB
CommitLimit:     2496364 kB
Committed_AS:   84958900 kB
VmallocTotal:     385024 kB
VmallocUsed:      157924 kB
VmallocChunk:      58436 kB
Time pass: 323 sec

---2015-12-08 17:44:29
MemTotal:        2895588 kB
MemFree:           78012 kB
Buffers:           11676 kB
Cached:          1254980 kB
SwapCached:            0 kB
Active:           680724 kB
Inactive:        1237996 kB
Active(anon):     323364 kB
Inactive(anon):   334120 kB
Active(file):     357360 kB
Inactive(file):   903876 kB
Unevictable:        2748 kB
Mlocked:               0 kB
HighTotal:       2306432 kB
HighFree:          38460 kB
LowTotal:         589156 kB
LowFree:           39552 kB
SwapTotal:       1048572 kB
SwapFree:        1048572 kB
Dirty:                44 kB
Writeback:             0 kB
AnonPages:        655364 kB
Mapped:           391760 kB
Shmem:              2672 kB
Slab:              54984 kB
SReclaimable:      19740 kB
SUnreclaim:        35244 kB
KernelStack:       13384 kB
PageTables:        38940 kB
NFS_Unstable:          0 kB
Bounce:                0 kB
WritebackTmp:          0 kB
CommitLimit:     2496364 kB
Committed_AS:   84959700 kB
VmallocTotal:     385024 kB
VmallocUsed:      157924 kB
VmallocChunk:      58436 kB
Time pass: 327 sec

---2015-12-08 17:44:29
MemTotal:        2895588 kB
MemFree:           76916 kB
Buffers:           11692 kB
Cached:          1254980 kB
SwapCached:            0 kB
Active:           680764 kB
Inactive:        1238012 kB
Active(anon):     323404 kB
Inactive(anon):   334120 kB
Active(file):     357360 kB
Inactive(file):   903892 kB
Unevictable:        2748 kB
Mlocked:               0 kB
HighTotal:       2306432 kB
HighFree:          38212 kB
LowTotal:         589156 kB
LowFree:           38704 kB
SwapTotal:       1048572 kB
SwapFree:        1048572 kB
Dirty:                44 kB
Writeback:             0 kB
AnonPages:        655112 kB
Mapped:           391756 kB
Shmem:              2672 kB
Slab:              54996 kB
SReclaimable:      19740 kB
SUnreclaim:        35256 kB
KernelStack:       13368 kB
PageTables:        38940 kB
NFS_Unstable:          0 kB
Bounce:                0 kB
WritebackTmp:          0 kB
CommitLimit:     2496364 kB
Committed_AS:   84959780 kB
VmallocTotal:     385024 kB
VmallocUsed:      157924 kB
VmallocChunk:      58436 kB
Time pass: 331 sec

---2015-12-08 17:44:29
MemTotal:        2895588 kB
MemFree:           77004 kB
Buffers:           11692 kB
Cached:          1254980 kB
SwapCached:            0 kB
Active:           681404 kB
Inactive:        1238012 kB
Active(anon):     324044 kB
Inactive(anon):   334120 kB
Active(file):     357360 kB
Inactive(file):   903892 kB
Unevictable:        2748 kB
Mlocked:               0 kB
HighTotal:       2306432 kB
HighFree:          39060 kB
LowTotal:         589156 kB
LowFree:           37944 kB
SwapTotal:       1048572 kB
SwapFree:        1048572 kB
Dirty:                44 kB
Writeback:             0 kB
AnonPages:        655584 kB
Mapped:           391756 kB
Shmem:              2672 kB
Slab:              54996 kB
SReclaimable:      19740 kB
SUnreclaim:        35256 kB
KernelStack:       13368 kB
PageTables:        38940 kB
NFS_Unstable:          0 kB
Bounce:                0 kB
WritebackTmp:          0 kB
CommitLimit:     2496364 kB
Committed_AS:   84959892 kB
VmallocTotal:     385024 kB
VmallocUsed:      157924 kB
VmallocChunk:      58436 kB
Time pass: 335 sec

---2015-12-08 17:44:29
MemTotal:        2895588 kB
MemFree:           76548 kB
Buffers:           11716 kB
Cached:          1254980 kB
SwapCached:            0 kB
Active:           681564 kB
Inactive:        1238036 kB
Active(anon):     324204 kB
Inactive(anon):   334120 kB
Active(file):     357360 kB
Inactive(file):   903916 kB
Unevictable:        2748 kB
Mlocked:               0 kB
HighTotal:       2306432 kB
HighFree:          39008 kB
LowTotal:         589156 kB
LowFree:           37540 kB
SwapTotal:       1048572 kB
SwapFree:        1048572 kB
Dirty:                48 kB
Writeback:             0 kB
AnonPages:        655832 kB
Mapped:           391808 kB
