---2015-11-20 13:53:35
MemTotal:        1860984 kB
MemFree:          231656 kB
Buffers:           10808 kB
Cached:           798344 kB
SwapCached:        10032 kB
Active:           636496 kB
Inactive:         676940 kB
Active(anon):     456452 kB
Inactive(anon):    49232 kB
Active(file):     180044 kB
Inactive(file):   627708 kB
Unevictable:           0 kB
Mlocked:               0 kB
HighTotal:       1436668 kB
HighFree:          14572 kB
LowTotal:         424316 kB
LowFree:          217084 kB
SwapTotal:        716796 kB
SwapFree:         625280 kB
Dirty:               176 kB
Writeback:             0 kB
AnonPages:        502444 kB
Mapped:           201928 kB
Shmem:              1420 kB
Slab:              44348 kB
SReclaimable:      14284 kB
SUnreclaim:        30064 kB
KernelStack:       10904 kB
PageTables:        24664 kB
NFS_Unstable:          0 kB
Bounce:                0 kB
WritebackTmp:          0 kB
CommitLimit:     1647288 kB
Committed_AS:   56164168 kB
VmallocTotal:     458752 kB
VmallocUsed:      113080 kB
VmallocChunk:     183300 kB
Time pass: 3 sec

---2015-11-20 13:53:35
MemTotal:        1860984 kB
MemFree:          235288 kB
Buffers:           10816 kB
Cached:           798336 kB
SwapCached:        10048 kB
Active:           630756 kB
Inactive:         678036 kB
Active(anon):     450712 kB
Inactive(anon):    50328 kB
Active(file):     180044 kB
Inactive(file):   627708 kB
Unevictable:           0 kB
Mlocked:               0 kB
HighTotal:       1436668 kB
HighFree:          17988 kB
LowTotal:         424316 kB
LowFree:          217300 kB
SwapTotal:        716796 kB
SwapFree:         621188 kB
Dirty:                40 kB
Writeback:             0 kB
AnonPages:        497784 kB
Mapped:           201928 kB
Shmem:              1420 kB
Slab:              44404 kB
SReclaimable:      14284 kB
SUnreclaim:        30120 kB
KernelStack:       10904 kB
PageTables:        24664 kB
NFS_Unstable:          0 kB
Bounce:                0 kB
WritebackTmp:          0 kB
CommitLimit:     1647288 kB
Committed_AS:   56164168 kB
VmallocTotal:     458752 kB
VmallocUsed:      113080 kB
VmallocChunk:     183300 kB
Time pass: 7 sec

---2015-11-20 13:53:35
MemTotal:        1860984 kB
MemFree:          235296 kB
Buffers:           10816 kB
Cached:           798344 kB
SwapCached:        10048 kB
Active:           630760 kB
Inactive:         678032 kB
Active(anon):     450704 kB
Inactive(anon):    50328 kB
Active(file):     180056 kB
Inactive(file):   627704 kB
Unevictable:           0 kB
Mlocked:               0 kB
HighTotal:       1436668 kB
HighFree:          17988 kB
LowTotal:         424316 kB
LowFree:          217308 kB
SwapTotal:        716796 kB
SwapFree:         621188 kB
Dirty:                28 kB
Writeback:             0 kB
AnonPages:        497800 kB
Mapped:           201928 kB
Shmem:              1420 kB
Slab:              44408 kB
SReclaimable:      14292 kB
SUnreclaim:        30116 kB
KernelStack:       10896 kB
PageTables:        24664 kB
NFS_Unstable:          0 kB
Bounce:                0 kB
WritebackTmp:          0 kB
CommitLimit:     1647288 kB
Committed_AS:   56164144 kB
VmallocTotal:     458752 kB
VmallocUsed:      113080 kB
VmallocChunk:     183300 kB
Time pass: 10 sec

---2015-11-20 13:53:35
MemTotal:        1860984 kB
MemFree:          239056 kB
Buffers:           10816 kB
Cached:           798344 kB
SwapCached:        10048 kB
Active:           625688 kB
Inactive:         679052 kB
Active(anon):     445632 kB
Inactive(anon):    51348 kB
Active(file):     180056 kB
Inactive(file):   627704 kB
Unevictable:           0 kB
Mlocked:               0 kB
HighTotal:       1436668 kB
HighFree:          21708 kB
LowTotal:         424316 kB
LowFree:          217348 kB
SwapTotal:        716796 kB
SwapFree:         617092 kB
Dirty:                 0 kB
Writeback:             0 kB
AnonPages:        493712 kB
Mapped:           201928 kB
Shmem:              1420 kB
Slab:              44440 kB
SReclaimable:      14324 kB
SUnreclaim:        30116 kB
KernelStack:       10896 kB
PageTables:        24664 kB
NFS_Unstable:          0 kB
Bounce:                0 kB
WritebackTmp:          0 kB
CommitLimit:     1647288 kB
Committed_AS:   56164144 kB
VmallocTotal:     458752 kB
VmallocUsed:      113080 kB
VmallocChunk:     183300 kB
Time pass: 14 sec

---2015-11-20 13:53:35
MemTotal:        1860984 kB
MemFree:          239240 kB
Buffers:           10816 kB
Cached:           798344 kB
SwapCached:        10048 kB
Active:           625668 kB
Inactive:         679048 kB
Active(anon):     445612 kB
Inactive(anon):    51344 kB
Active(file):     180056 kB
Inactive(file):   627704 kB
Unevictable:           0 kB
Mlocked:               0 kB
HighTotal:       1436668 kB
HighFree:          21708 kB
LowTotal:         424316 kB
LowFree:          217532 kB
SwapTotal:        716796 kB
SwapFree:         617092 kB
Dirty:                 0 kB
Writeback:             0 kB
AnonPages:        493716 kB
Mapped:           201928 kB
Shmem:              1420 kB
Slab:              44440 kB
SReclaimable:      14324 kB
SUnreclaim:        30116 kB
KernelStack:       10888 kB
PageTables:        24664 kB
NFS_Unstable:          0 kB
Bounce:                0 kB
WritebackTmp:          0 kB
CommitLimit:     1647288 kB
Committed_AS:   56164136 kB
VmallocTotal:     458752 kB
VmallocUsed:      113080 kB
VmallocChunk:     183300 kB
Time pass: 17 sec

---2015-11-20 13:53:35
MemTotal:        1860984 kB
MemFree:          242860 kB
Buffers:           10816 kB
Cached:           798344 kB
SwapCached:        10176 kB
Active:           620488 kB
Inactive:         680140 kB
Active(anon):     440432 kB
Inactive(anon):    52436 kB
Active(file):     180056 kB
Inactive(file):   627704 kB
Unevictable:           0 kB
Mlocked:               0 kB
HighTotal:       1436668 kB
HighFree:          24932 kB
LowTotal:         424316 kB
LowFree:          217928 kB
SwapTotal:        716796 kB
SwapFree:         612872 kB
Dirty:                 0 kB
Writeback:             0 kB
AnonPages:        489628 kB
Mapped:           201928 kB
Shmem:              1420 kB
Slab:              44404 kB
SReclaimable:      14288 kB
SUnreclaim:        30116 kB
KernelStack:       10888 kB
PageTables:        24664 kB
NFS_Unstable:          0 kB
Bounce:                0 kB
WritebackTmp:          0 kB
CommitLimit:     1647288 kB
Committed_AS:   56164112 kB
VmallocTotal:     458752 kB
VmallocUsed:      113080 kB
VmallocChunk:     183300 kB
Time pass: 21 sec

---2015-11-20 13:53:35
MemTotal:        1860984 kB
MemFree:          158956 kB
Buffers:           11008 kB
Cached:           833312 kB
SwapCached:        13040 kB
Active:           635224 kB
Inactive:         719244 kB
Active(anon):     454676 kB
Inactive(anon):    57060 kB
Active(file):     180548 kB
Inactive(file):   662184 kB
Unevictable:           0 kB
Mlocked:               0 kB
HighTotal:       1436668 kB
HighFree:           4052 kB
LowTotal:         424316 kB
LowFree:          154904 kB
SwapTotal:        716796 kB
SwapFree:         609424 kB
Dirty:               876 kB
Writeback:             0 kB
AnonPages:        507676 kB
Mapped:           222768 kB
Shmem:              1532 kB
Slab:              44572 kB
SReclaimable:      14412 kB
SUnreclaim:        30160 kB
KernelStack:       11360 kB
PageTables:        25292 kB
NFS_Unstable:          0 kB
Bounce:                0 kB
WritebackTmp:          0 kB
CommitLimit:     1647288 kB
Committed_AS:   57017212 kB
VmallocTotal:     458752 kB
VmallocUsed:      114236 kB
VmallocChunk:     183300 kB
Time pass: 24 sec

---2015-11-20 13:53:35
MemTotal:        1860984 kB
MemFree:           94164 kB
Buffers:           11044 kB
Cached:           835876 kB
SwapCached:        15192 kB
Active:           644164 kB
Inactive:         725408 kB
Active(anon):     463216 kB
Inactive(anon):    61040 kB
Active(file):     180948 kB
Inactive(file):   664368 kB
Unevictable:           0 kB
Mlocked:               0 kB
HighTotal:       1436668 kB
HighFree:           2512 kB
LowTotal:         424316 kB
LowFree:           91652 kB
SwapTotal:        716796 kB
SwapFree:         611200 kB
Dirty:               844 kB
Writeback:             0 kB
AnonPages:        520288 kB
Mapped:           227912 kB
Shmem:              1552 kB
Slab:              44768 kB
SReclaimable:      14456 kB
SUnreclaim:        30312 kB
KernelStack:       11448 kB
PageTables:        25448 kB
NFS_Unstable:          0 kB
Bounce:                0 kB
WritebackTmp:          0 kB
CommitLimit:     1647288 kB
Committed_AS:   57024032 kB
VmallocTotal:     458752 kB
VmallocUsed:      114464 kB
VmallocChunk:     183300 kB
Time pass: 28 sec

---2015-11-20 13:53:35
MemTotal:        1860984 kB
MemFree:           71368 kB
Buffers:           11052 kB
Cached:           835836 kB
SwapCached:        15188 kB
Active:           643120 kB
Inactive:         725504 kB
Active(anon):     462160 kB
Inactive(anon):    61112 kB
Active(file):     180960 kB
Inactive(file):   664392 kB
Unevictable:           0 kB
Mlocked:               0 kB
HighTotal:       1436668 kB
HighFree:           3136 kB
LowTotal:         424316 kB
LowFree:           68232 kB
SwapTotal:        716796 kB
SwapFree:         611212 kB
Dirty:               944 kB
Writeback:             0 kB
AnonPages:        519216 kB
Mapped:           229628 kB
Shmem:              1552 kB
Slab:              44700 kB
SReclaimable:      14448 kB
SUnreclaim:        30252 kB
KernelStack:       11352 kB
PageTables:        25520 kB
NFS_Unstable:          0 kB
Bounce:                0 kB
WritebackTmp:          0 kB
CommitLimit:     1647288 kB
Committed_AS:   57022836 kB
VmallocTotal:     458752 kB
VmallocUsed:      114588 kB
VmallocChunk:     183300 kB
Time pass: 32 sec

---2015-11-20 13:53:35
MemTotal:        1860984 kB
MemFree:           30132 kB
Buffers:           10332 kB
Cached:           829496 kB
SwapCached:        15244 kB
Active:           631348 kB
Inactive:         736652 kB
Active(anon):     445704 kB
Inactive(anon):    84896 kB
Active(file):     185644 kB
Inactive(file):   651756 kB
Unevictable:         876 kB
Mlocked:               0 kB
HighTotal:       1436668 kB
HighFree:           5044 kB
LowTotal:         424316 kB
LowFree:           25088 kB
SwapTotal:        716796 kB
SwapFree:         607136 kB
Dirty:                 0 kB
Writeback:             0 kB
AnonPages:        526500 kB
Mapped:           232596 kB
Shmem:              1552 kB
Slab:              44712 kB
SReclaimable:      14464 kB
SUnreclaim:        30248 kB
KernelStack:       11432 kB
PageTables:        25728 kB
NFS_Unstable:          0 kB
Bounce:                0 kB
WritebackTmp:          0 kB
CommitLimit:     1647288 kB
Committed_AS:   57029212 kB
VmallocTotal:     458752 kB
VmallocUsed:      114692 kB
VmallocChunk:     183300 kB
Time pass: 35 sec

---2015-11-20 13:53:35
MemTotal:        1860984 kB
MemFree:           27888 kB
Buffers:           10340 kB
Cached:           829864 kB
SwapCached:        15256 kB
Active:           631580 kB
Inactive:         736992 kB
Active(anon):     445936 kB
Inactive(anon):    84884 kB
Active(file):     185644 kB
Inactive(file):   652108 kB
Unevictable:         876 kB
Mlocked:               0 kB
HighTotal:       1436668 kB
HighFree:           3552 kB
LowTotal:         424316 kB
LowFree:           24336 kB
SwapTotal:        716796 kB
SwapFree:         607136 kB
Dirty:                72 kB
Writeback:             0 kB
AnonPages:        526660 kB
Mapped:           232792 kB
Shmem:              1552 kB
Slab:              44704 kB
SReclaimable:      14456 kB
SUnreclaim:        30248 kB
KernelStack:       11464 kB
PageTables:        25728 kB
NFS_Unstable:          0 kB
Bounce:                0 kB
WritebackTmp:          0 kB
CommitLimit:     1647288 kB
Committed_AS:   57029196 kB
VmallocTotal:     458752 kB
VmallocUsed:      114692 kB
VmallocChunk:     183300 kB
Time pass: 39 sec

---2015-11-20 13:53:35
MemTotal:        1860984 kB
MemFree:           48068 kB
Buffers:            9932 kB
Cached:           826944 kB
SwapCached:        15248 kB
Active:           625136 kB
Inactive:         743540 kB
Active(anon):     436468 kB
Inactive(anon):    97900 kB
Active(file):     188668 kB
Inactive(file):   645640 kB
Unevictable:         876 kB
Mlocked:               0 kB
HighTotal:       1436668 kB
HighFree:           5316 kB
LowTotal:         424316 kB
LowFree:           42752 kB
SwapTotal:        716796 kB
SwapFree:         603044 kB
Dirty:                40 kB
Writeback:             0 kB
AnonPages:        530416 kB
Mapped:           233544 kB
Shmem:              1556 kB
Slab:              44848 kB
SReclaimable:      14500 kB
SUnreclaim:        30348 kB
KernelStack:       11464 kB
PageTables:        25680 kB
NFS_Unstable:          0 kB
Bounce:                0 kB
WritebackTmp:          0 kB
CommitLimit:     1647288 kB
Committed_AS:   57038636 kB
VmallocTotal:     458752 kB
VmallocUsed:      114664 kB
VmallocChunk:     183300 kB
Time pass: 43 sec

---2015-11-20 13:53:35
MemTotal:        1860984 kB
MemFree:           30004 kB
Buffers:            8204 kB
Cached:           803892 kB
SwapCached:        15260 kB
Active:           583944 kB
Inactive:         774648 kB
Active(anon):     387948 kB
Inactive(anon):   161076 kB
Active(file):     195996 kB
Inactive(file):   613572 kB
Unevictable:         876 kB
Mlocked:               0 kB
HighTotal:       1436668 kB
HighFree:           4624 kB
LowTotal:         424316 kB
LowFree:           25380 kB
SwapTotal:        716796 kB
SwapFree:         603076 kB
Dirty:              1184 kB
Writeback:             0 kB
AnonPages:        544896 kB
Mapped:           247112 kB
Shmem:              1556 kB
Slab:              45184 kB
SReclaimable:      14568 kB
SUnreclaim:        30616 kB
KernelStack:       11512 kB
PageTables:        25760 kB
NFS_Unstable:          0 kB
Bounce:                0 kB
WritebackTmp:          0 kB
CommitLimit:     1647288 kB
Committed_AS:   57054032 kB
VmallocTotal:     458752 kB
VmallocUsed:      114796 kB
VmallocChunk:     183300 kB
Time pass: 46 sec

---2015-11-20 13:53:35
MemTotal:        1860984 kB
MemFree:           38104 kB
Buffers:            6636 kB
Cached:           784956 kB
SwapCached:        15260 kB
Active:           578464 kB
Inactive:         751716 kB
Active(anon):     379560 kB
Inactive(anon):   161460 kB
Active(file):     198904 kB
Inactive(file):   590256 kB
Unevictable:         876 kB
Mlocked:               0 kB
HighTotal:       1436668 kB
HighFree:          12780 kB
LowTotal:         424316 kB
LowFree:           25324 kB
SwapTotal:        716796 kB
SwapFree:         603076 kB
Dirty:                 8 kB
Writeback:             0 kB
AnonPages:        536932 kB
Mapped:           263484 kB
Shmem:              1556 kB
Slab:              45060 kB
SReclaimable:      14568 kB
SUnreclaim:        30492 kB
KernelStack:       11440 kB
PageTables:        25820 kB
NFS_Unstable:          0 kB
Bounce:                0 kB
WritebackTmp:          0 kB
CommitLimit:     1647288 kB
Committed_AS:   57045392 kB
VmallocTotal:     458752 kB
VmallocUsed:      114892 kB
VmallocChunk:     183300 kB
Time pass: 50 sec

---2015-11-20 13:53:35
MemTotal:        1860984 kB
MemFree:           37288 kB
Buffers:            6644 kB
Cached:           784956 kB
SwapCached:        15264 kB
Active:           578680 kB
Inactive:         751468 kB
Active(anon):     379776 kB
Inactive(anon):   161204 kB
Active(file):     198904 kB
Inactive(file):   590264 kB
Unevictable:         876 kB
Mlocked:               0 kB
HighTotal:       1436668 kB
HighFree:          12284 kB
LowTotal:         424316 kB
LowFree:           25004 kB
SwapTotal:        716796 kB
SwapFree:         602888 kB
Dirty:                52 kB
Writeback:             0 kB
AnonPages:        536892 kB
Mapped:           263484 kB
Shmem:              1556 kB
Slab:              45044 kB
SReclaimable:      14560 kB
SUnreclaim:        30484 kB
KernelStack:       11440 kB
PageTables:        25820 kB
NFS_Unstable:          0 kB
Bounce:                0 kB
WritebackTmp:          0 kB
CommitLimit:     1647288 kB
Committed_AS:   57045556 kB
VmallocTotal:     458752 kB
VmallocUsed:      114892 kB
VmallocChunk:     183300 kB
Time pass: 53 sec

---2015-11-20 13:53:35
MemTotal:        1860984 kB
MemFree:           38404 kB
Buffers:            5588 kB
Cached:           773156 kB
SwapCached:        15260 kB
Active:           582972 kB
Inactive:         731924 kB
Active(anon):     377952 kB
Inactive(anon):   160632 kB
Active(file):     205020 kB
Inactive(file):   571292 kB
Unevictable:         876 kB
Mlocked:               0 kB
HighTotal:       1436668 kB
HighFree:          12708 kB
LowTotal:         424316 kB
LowFree:           25696 kB
SwapTotal:        716796 kB
SwapFree:         598960 kB
Dirty:                 0 kB
Writeback:             0 kB
AnonPages:        534492 kB
Mapped:           271872 kB
Shmem:              1556 kB
Slab:              45092 kB
SReclaimable:      14616 kB
SUnreclaim:        30476 kB
KernelStack:       11440 kB
PageTables:        25856 kB
NFS_Unstable:          0 kB
Bounce:                0 kB
WritebackTmp:          0 kB
CommitLimit:     1647288 kB
Committed_AS:   57047136 kB
VmallocTotal:     458752 kB
VmallocUsed:      114932 kB
VmallocChunk:     183300 kB
Time pass: 57 sec

---2015-11-20 13:53:35
MemTotal:        1860984 kB
MemFree:           33388 kB
Buffers:            5584 kB
Cached:           761296 kB
SwapCached:        15248 kB
Active:           589660 kB
Inactive:         718604 kB
Active(anon):     382156 kB
Inactive(anon):   161660 kB
Active(file):     207504 kB
Inactive(file):   556944 kB
Unevictable:         876 kB
Mlocked:               0 kB
HighTotal:       1436668 kB
HighFree:           8828 kB
LowTotal:         424316 kB
LowFree:           24560 kB
SwapTotal:        716796 kB
SwapFree:         598992 kB
Dirty:               560 kB
Writeback:             0 kB
AnonPages:        539720 kB
Mapped:           272984 kB
Shmem:              1556 kB
Slab:              45244 kB
SReclaimable:      14648 kB
SUnreclaim:        30596 kB
KernelStack:       11488 kB
PageTables:        25892 kB
NFS_Unstable:          0 kB
Bounce:                0 kB
WritebackTmp:          0 kB
CommitLimit:     1647288 kB
Committed_AS:   57051656 kB
VmallocTotal:     458752 kB
VmallocUsed:      115016 kB
VmallocChunk:     183300 kB
Time pass: 60 sec

---2015-11-20 13:53:35
MemTotal:        1860984 kB
MemFree:           30004 kB
Buffers:            5592 kB
Cached:           762236 kB
SwapCached:        15248 kB
Active:           593452 kB
Inactive:         717764 kB
Active(anon):     385940 kB
Inactive(anon):   159928 kB
Active(file):     207512 kB
Inactive(file):   557836 kB
Unevictable:         876 kB
Mlocked:               0 kB
HighTotal:       1436668 kB
HighFree:           4552 kB
LowTotal:         424316 kB
LowFree:           25452 kB
SwapTotal:        716796 kB
SwapFree:         594884 kB
Dirty:               328 kB
Writeback:             0 kB
AnonPages:        541640 kB
Mapped:           275460 kB
Shmem:              1556 kB
Slab:              45372 kB
SReclaimable:      14692 kB
SUnreclaim:        30680 kB
KernelStack:       11520 kB
PageTables:        25908 kB
NFS_Unstable:          0 kB
Bounce:                0 kB
WritebackTmp:          0 kB
CommitLimit:     1647288 kB
Committed_AS:   57064736 kB
VmallocTotal:     458752 kB
VmallocUsed:      115016 kB
VmallocChunk:     183300 kB
Time pass: 64 sec

---2015-11-20 13:53:35
MemTotal:        1860984 kB
MemFree:           37084 kB
Buffers:            5028 kB
Cached:           731500 kB
SwapCached:        15376 kB
Active:           599160 kB
Inactive:         688232 kB
Active(anon):     391532 kB
Inactive(anon):   161884 kB
Active(file):     207628 kB
Inactive(file):   526348 kB
Unevictable:         876 kB
Mlocked:               0 kB
HighTotal:       1436668 kB
HighFree:          12772 kB
LowTotal:         424316 kB
LowFree:           24312 kB
SwapTotal:        716796 kB
SwapFree:         594936 kB
Dirty:                52 kB
Writeback:             0 kB
AnonPages:        549276 kB
Mapped:           275916 kB
Shmem:              1672 kB
Slab:              45568 kB
SReclaimable:      14720 kB
SUnreclaim:        30848 kB
KernelStack:       11712 kB
PageTables:        26036 kB
NFS_Unstable:          0 kB
Bounce:                0 kB
WritebackTmp:          0 kB
CommitLimit:     1647288 kB
Committed_AS:   57084996 kB
VmallocTotal:     458752 kB
VmallocUsed:      119416 kB
VmallocChunk:     174524 kB
Time pass: 69 sec

---2015-11-20 13:53:35
MemTotal:        1860984 kB
MemFree:           33504 kB
Buffers:            5044 kB
Cached:           706140 kB
SwapCached:        15376 kB
Active:           598160 kB
Inactive:         661236 kB
Active(anon):     390232 kB
Inactive(anon):   160568 kB
Active(file):     207928 kB
Inactive(file):   500668 kB
Unevictable:         876 kB
Mlocked:               0 kB
HighTotal:       1436668 kB
HighFree:           8248 kB
LowTotal:         424316 kB
LowFree:           25256 kB
SwapTotal:        716796 kB
SwapFree:         590796 kB
Dirty:                 0 kB
Writeback:             0 kB
AnonPages:        546768 kB
Mapped:           275028 kB
Shmem:              1712 kB
Slab:              45652 kB
SReclaimable:      14748 kB
SUnreclaim:        30904 kB
KernelStack:       11712 kB
PageTables:        26248 kB
NFS_Unstable:          0 kB
Bounce:                0 kB
WritebackTmp:          0 kB
CommitLimit:     1647288 kB
Committed_AS:   57085912 kB
VmallocTotal:     458752 kB
VmallocUsed:      123256 kB
VmallocChunk:     183300 kB
Time pass: 74 sec

---2015-11-20 13:53:35
MemTotal:        1860984 kB
MemFree:           30284 kB
Buffers:            5052 kB
Cached:           706252 kB
SwapCached:        15376 kB
Active:           600668 kB
Inactive:         661356 kB
Active(anon):     392740 kB
Inactive(anon):   160680 kB
Active(file):     207928 kB
Inactive(file):   500676 kB
Unevictable:         876 kB
Mlocked:               0 kB
HighTotal:       1436668 kB
HighFree:           5380 kB
LowTotal:         424316 kB
LowFree:           24904 kB
SwapTotal:        716796 kB
SwapFree:         590796 kB
Dirty:                28 kB
Writeback:             0 kB
AnonPages:        549060 kB
Mapped:           275140 kB
Shmem:              1824 kB
Slab:              45716 kB
SReclaimable:      14756 kB
SUnreclaim:        30960 kB
KernelStack:       11712 kB
PageTables:        26252 kB
NFS_Unstable:          0 kB
Bounce:                0 kB
WritebackTmp:          0 kB
CommitLimit:     1647288 kB
Committed_AS:   57088300 kB
VmallocTotal:     458752 kB
VmallocUsed:      123256 kB
VmallocChunk:     183300 kB
Time pass: 79 sec

---2015-11-20 13:53:35
MemTotal:        1860984 kB
MemFree:           53292 kB
Buffers:            5084 kB
Cached:           706252 kB
SwapCached:        15356 kB
Active:           600376 kB
Inactive:         661060 kB
Active(anon):     392448 kB
Inactive(anon):   160352 kB
Active(file):     207928 kB
Inactive(file):   500708 kB
Unevictable:         876 kB
Mlocked:               0 kB
HighTotal:       1436668 kB
HighFree:          28496 kB
LowTotal:         424316 kB
LowFree:           24796 kB
SwapTotal:        716796 kB
SwapFree:         586656 kB
Dirty:                 0 kB
Writeback:             0 kB
AnonPages:        548576 kB
Mapped:           275180 kB
Shmem:              1824 kB
Slab:              45776 kB
SReclaimable:      14828 kB
SUnreclaim:        30948 kB
KernelStack:       11728 kB
PageTables:        26124 kB
NFS_Unstable:          0 kB
Bounce:                0 kB
WritebackTmp:          0 kB
CommitLimit:     1647288 kB
Committed_AS:   57091156 kB
VmallocTotal:     458752 kB
VmallocUsed:      120216 kB
VmallocChunk:     183300 kB
Time pass: 83 sec

---2015-11-20 13:53:35
MemTotal:        1860984 kB
MemFree:           47232 kB
Buffers:            5100 kB
Cached:           708096 kB
SwapCached:        15356 kB
Active:           603808 kB
Inactive:         662860 kB
Active(anon):     395880 kB
Inactive(anon):   160352 kB
Active(file):     207928 kB
Inactive(file):   502508 kB
Unevictable:         876 kB
Mlocked:               0 kB
HighTotal:       1436668 kB
HighFree:          22504 kB
LowTotal:         424316 kB
LowFree:           24728 kB
SwapTotal:        716796 kB
SwapFree:         586656 kB
Dirty:                36 kB
Writeback:             0 kB
AnonPages:        551696 kB
Mapped:           275180 kB
Shmem:              1824 kB
Slab:              45736 kB
SReclaimable:      14828 kB
SUnreclaim:        30908 kB
KernelStack:       11696 kB
PageTables:        26228 kB
NFS_Unstable:          0 kB
Bounce:                0 kB
WritebackTmp:          0 kB
CommitLimit:     1647288 kB
Committed_AS:   58089976 kB
VmallocTotal:     458752 kB
VmallocUsed:      120216 kB
VmallocChunk:     183300 kB
Time pass: 87 sec

---2015-11-20 13:53:35
MemTotal:        1860984 kB
MemFree:          343148 kB
Buffers:            5140 kB
Cached:           708496 kB
SwapCached:        15396 kB
Active:           531124 kB
Inactive:         661616 kB
Active(anon):     323164 kB
Inactive(anon):   158236 kB
Active(file):     207960 kB
Inactive(file):   503380 kB
Unevictable:         876 kB
Mlocked:               0 kB
HighTotal:       1436668 kB
HighFree:         145876 kB
LowTotal:         424316 kB
LowFree:          197272 kB
SwapTotal:        716796 kB
SwapFree:         582572 kB
Dirty:                56 kB
Writeback:             0 kB
AnonPages:        477388 kB
Mapped:           203380 kB
Shmem:              1420 kB
Slab:              45404 kB
SReclaimable:      14712 kB
SUnreclaim:        30692 kB
KernelStack:       10832 kB
PageTables:        24460 kB
NFS_Unstable:          0 kB
Bounce:                0 kB
WritebackTmp:          0 kB
CommitLimit:     1647288 kB
Committed_AS:   55380124 kB
VmallocTotal:     458752 kB
VmallocUsed:      112764 kB
VmallocChunk:     183300 kB
Time pass: 90 sec

---2015-11-20 13:53:35
MemTotal:        1860984 kB
MemFree:          326052 kB
Buffers:            5140 kB
Cached:           708496 kB
SwapCached:        15396 kB
Active:           531180 kB
Inactive:         661616 kB
Active(anon):     323220 kB
Inactive(anon):   158236 kB
Active(file):     207960 kB
Inactive(file):   503380 kB
Unevictable:         876 kB
Mlocked:               0 kB
HighTotal:       1436668 kB
HighFree:         141096 kB
LowTotal:         424316 kB
LowFree:          184956 kB
SwapTotal:        716796 kB
SwapFree:         582576 kB
Dirty:                 0 kB
Writeback:             0 kB
AnonPages:        477400 kB
Mapped:           203392 kB
Shmem:              1420 kB
Slab:              45316 kB
SReclaimable:      14700 kB
SUnreclaim:        30616 kB
KernelStack:       10848 kB
PageTables:        24516 kB
NFS_Unstable:          0 kB
Bounce:                0 kB
WritebackTmp:          0 kB
CommitLimit:     1647288 kB
Committed_AS:   55380124 kB
VmallocTotal:     458752 kB
VmallocUsed:      112744 kB
VmallocChunk:     183300 kB
Time pass: 94 sec

---2015-11-20 13:53:35
MemTotal:        1860984 kB
MemFree:          329436 kB
Buffers:            5148 kB
Cached:           708496 kB
SwapCached:        15396 kB
Active:           533088 kB
Inactive:         655616 kB
Active(anon):     325128 kB
Inactive(anon):   152228 kB
Active(file):     207960 kB
Inactive(file):   503388 kB
Unevictable:         876 kB
Mlocked:               0 kB
HighTotal:       1436668 kB
HighFree:         143712 kB
LowTotal:         424316 kB
LowFree:          185724 kB
SwapTotal:        716796 kB
SwapFree:         578460 kB
Dirty:                20 kB
Writeback:             0 kB
AnonPages:        473304 kB
Mapped:           203392 kB
Shmem:              1420 kB
Slab:              45296 kB
SReclaimable:      14684 kB
SUnreclaim:        30612 kB
KernelStack:       10848 kB
PageTables:        24516 kB
NFS_Unstable:          0 kB
Bounce:                0 kB
WritebackTmp:          0 kB
CommitLimit:     1647288 kB
Committed_AS:   55380124 kB
VmallocTotal:     458752 kB
VmallocUsed:      112744 kB
VmallocChunk:     183300 kB
Time pass: 99 sec

---2015-11-20 13:53:35
MemTotal:        1860984 kB
MemFree:          329444 kB
Buffers:            5148 kB
Cached:           708496 kB
SwapCached:        15404 kB
Active:           533060 kB
Inactive:         655632 kB
Active(anon):     325100 kB
Inactive(anon):   152244 kB
Active(file):     207960 kB
Inactive(file):   503388 kB
Unevictable:         876 kB
Mlocked:               0 kB
HighTotal:       1436668 kB
HighFree:         143712 kB
LowTotal:         424316 kB
LowFree:          185732 kB
SwapTotal:        716796 kB
SwapFree:         578468 kB
Dirty:                 0 kB
Writeback:             0 kB
AnonPages:        473332 kB
Mapped:           203392 kB
Shmem:              1420 kB
Slab:              45288 kB
SReclaimable:      14684 kB
SUnreclaim:        30604 kB
KernelStack:       10840 kB
PageTables:        24516 kB
NFS_Unstable:          0 kB
Bounce:                0 kB
WritebackTmp:          0 kB
CommitLimit:     1647288 kB
Committed_AS:   55380100 kB
VmallocTotal:     458752 kB
VmallocUsed:      112744 kB
VmallocChunk:     183300 kB
Time pass: 102 sec

---2015-11-20 13:53:35
MemTotal:        1860984 kB
MemFree:          331568 kB
Buffers:            5148 kB
Cached:           708548 kB
SwapCached:        14916 kB
Active:           535028 kB
Inactive:         649536 kB
Active(anon):     327068 kB
Inactive(anon):   146148 kB
Active(file):     207960 kB
Inactive(file):   503388 kB
Unevictable:         876 kB
Mlocked:               0 kB
HighTotal:       1436668 kB
HighFree:         145200 kB
LowTotal:         424316 kB
LowFree:          186368 kB
SwapTotal:        716796 kB
SwapFree:         574764 kB
Dirty:                 0 kB
Writeback:             0 kB
AnonPages:        469744 kB
Mapped:           203392 kB
Shmem:              1420 kB
Slab:              45288 kB
SReclaimable:      14684 kB
SUnreclaim:        30604 kB
KernelStack:       10848 kB
PageTables:        24540 kB
NFS_Unstable:          0 kB
Bounce:                0 kB
WritebackTmp:          0 kB
CommitLimit:     1647288 kB
Committed_AS:   55380048 kB
VmallocTotal:     458752 kB
VmallocUsed:      112744 kB
VmallocChunk:     183300 kB
Time pass: 106 sec

---2015-11-20 13:53:35
MemTotal:        1860984 kB
MemFree:          332768 kB
Buffers:            5148 kB
Cached:           708496 kB
SwapCached:        14916 kB
Active:           535080 kB
Inactive:         649468 kB
Active(anon):     327120 kB
Inactive(anon):   146080 kB
Active(file):     207960 kB
Inactive(file):   503388 kB
Unevictable:         876 kB
Mlocked:               0 kB
HighTotal:       1436668 kB
HighFree:         145796 kB
LowTotal:         424316 kB
LowFree:          186972 kB
SwapTotal:        716796 kB
SwapFree:         574764 kB
Dirty:                 0 kB
Writeback:             0 kB
AnonPages:        469644 kB
Mapped:           203392 kB
Shmem:              1420 kB
Slab:              45248 kB
SReclaimable:      14684 kB
SUnreclaim:        30564 kB
KernelStack:       10840 kB
PageTables:        24516 kB
NFS_Unstable:          0 kB
Bounce:                0 kB
WritebackTmp:          0 kB
CommitLimit:     1647288 kB
Committed_AS:   55380092 kB
VmallocTotal:     458752 kB
VmallocUsed:      112744 kB
VmallocChunk:     183300 kB
Time pass: 110 sec

---2015-11-20 13:53:35
MemTotal:        1860984 kB
MemFree:          335816 kB
Buffers:            5340 kB
Cached:           708752 kB
SwapCached:        15416 kB
Active:           543636 kB
Inactive:         650300 kB
Active(anon):     335500 kB
Inactive(anon):   146596 kB
Active(file):     208136 kB
Inactive(file):   503704 kB
Unevictable:         876 kB
Mlocked:               0 kB
HighTotal:       1436668 kB
HighFree:         137012 kB
LowTotal:         424316 kB
LowFree:          198804 kB
SwapTotal:        716796 kB
SwapFree:         574780 kB
Dirty:               760 kB
Writeback:             0 kB
AnonPages:        478320 kB
Mapped:           217536 kB
Shmem:              1420 kB
Slab:              45308 kB
SReclaimable:      14684 kB
SUnreclaim:        30624 kB
KernelStack:       11136 kB
PageTables:        24880 kB
NFS_Unstable:          0 kB
Bounce:                0 kB
WritebackTmp:          0 kB
CommitLimit:     1647288 kB
Committed_AS:   56218128 kB
VmallocTotal:     458752 kB
VmallocUsed:      113832 kB
VmallocChunk:     183300 kB
Time pass: 113 sec

---2015-11-20 13:53:35
MemTotal:        1860984 kB
MemFree:          249840 kB
Buffers:            5420 kB
Cached:           709652 kB
SwapCached:        15236 kB
Active:           561632 kB
Inactive:         648436 kB
Active(anon):     351944 kB
Inactive(anon):   145488 kB
Active(file):     209688 kB
Inactive(file):   502948 kB
Unevictable:         876 kB
Mlocked:               0 kB
HighTotal:       1436668 kB
HighFree:          93528 kB
LowTotal:         424316 kB
LowFree:          156312 kB
SwapTotal:        716796 kB
SwapFree:         570936 kB
Dirty:               112 kB
Writeback:             0 kB
AnonPages:        493528 kB
Mapped:           228424 kB
Shmem:              1556 kB
Slab:              45288 kB
SReclaimable:      14684 kB
SUnreclaim:        30604 kB
KernelStack:       11360 kB
PageTables:        25364 kB
NFS_Unstable:          0 kB
Bounce:                0 kB
WritebackTmp:          0 kB
CommitLimit:     1647288 kB
Committed_AS:   56243816 kB
VmallocTotal:     458752 kB
VmallocUsed:      113964 kB
VmallocChunk:     183300 kB
Time pass: 116 sec

---2015-11-20 13:53:35
MemTotal:        1860984 kB
MemFree:          202188 kB
Buffers:            5420 kB
Cached:           710048 kB
SwapCached:        15204 kB
Active:           571032 kB
Inactive:         648488 kB
Active(anon):     361012 kB
Inactive(anon):   145480 kB
Active(file):     210020 kB
Inactive(file):   503008 kB
Unevictable:         876 kB
Mlocked:               0 kB
HighTotal:       1436668 kB
HighFree:          51280 kB
LowTotal:         424316 kB
LowFree:          150908 kB
SwapTotal:        716796 kB
SwapFree:         570968 kB
Dirty:               536 kB
Writeback:             0 kB
AnonPages:        502696 kB
Mapped:           232772 kB
Shmem:              1556 kB
Slab:              45124 kB
SReclaimable:      14692 kB
SUnreclaim:        30432 kB
KernelStack:       11424 kB
PageTables:        25392 kB
NFS_Unstable:          0 kB
Bounce:                0 kB
WritebackTmp:          0 kB
CommitLimit:     1647288 kB
Committed_AS:   56252784 kB
VmallocTotal:     458752 kB
VmallocUsed:      114164 kB
VmallocChunk:     183300 kB
Time pass: 120 sec

---2015-11-20 13:53:35
MemTotal:        1860984 kB
MemFree:          161300 kB
Buffers:            5428 kB
Cached:           711884 kB
SwapCached:        15204 kB
Active:           578316 kB
Inactive:         646740 kB
Active(anon):     364696 kB
Inactive(anon):   145480 kB
Active(file):     213620 kB
Inactive(file):   501260 kB
Unevictable:         876 kB
Mlocked:               0 kB
HighTotal:       1436668 kB
HighFree:          41276 kB
LowTotal:         424316 kB
LowFree:          120024 kB
SwapTotal:        716796 kB
SwapFree:         570976 kB
Dirty:              2020 kB
Writeback:             0 kB
AnonPages:        506248 kB
Mapped:           237680 kB
Shmem:              1556 kB
Slab:              45156 kB
SReclaimable:      14696 kB
SUnreclaim:        30460 kB
KernelStack:       11392 kB
PageTables:        25480 kB
NFS_Unstable:          0 kB
Bounce:                0 kB
WritebackTmp:          0 kB
CommitLimit:     1647288 kB
Committed_AS:   56256412 kB
VmallocTotal:     458752 kB
VmallocUsed:      114332 kB
VmallocChunk:     183300 kB
Time pass: 123 sec

---2015-11-20 13:53:35
MemTotal:        1860984 kB
MemFree:          140028 kB
Buffers:            5436 kB
Cached:           712224 kB
SwapCached:        15196 kB
Active:           576104 kB
Inactive:         645192 kB
Active(anon):     361840 kB
Inactive(anon):   144232 kB
Active(file):     214264 kB
Inactive(file):   500960 kB
Unevictable:         876 kB
Mlocked:               0 kB
HighTotal:       1436668 kB
HighFree:          41892 kB
LowTotal:         424316 kB
LowFree:           98136 kB
SwapTotal:        716796 kB
SwapFree:         566872 kB
Dirty:               400 kB
Writeback:             0 kB
AnonPages:        502140 kB
Mapped:           240672 kB
Shmem:              1556 kB
Slab:              45068 kB
SReclaimable:      14700 kB
SUnreclaim:        30368 kB
KernelStack:       11344 kB
PageTables:        25532 kB
NFS_Unstable:          0 kB
Bounce:                0 kB
WritebackTmp:          0 kB
CommitLimit:     1647288 kB
Committed_AS:   56256252 kB
VmallocTotal:     458752 kB
VmallocUsed:      114428 kB
VmallocChunk:     183300 kB
Time pass: 127 sec

---2015-11-20 13:53:35
MemTotal:        1860984 kB
MemFree:          136640 kB
Buffers:            5436 kB
Cached:           712224 kB
SwapCached:        15200 kB
Active:           578440 kB
Inactive:         645200 kB
Active(anon):     364176 kB
Inactive(anon):   144236 kB
Active(file):     214264 kB
Inactive(file):   500964 kB
Unevictable:         876 kB
Mlocked:               0 kB
HighTotal:       1436668 kB
HighFree:          38916 kB
LowTotal:         424316 kB
LowFree:           97724 kB
SwapTotal:        716796 kB
SwapFree:         566876 kB
Dirty:               384 kB
Writeback:             0 kB
AnonPages:        504648 kB
Mapped:           240712 kB
Shmem:              1556 kB
Slab:              45060 kB
SReclaimable:      14692 kB
SUnreclaim:        30368 kB
KernelStack:       11344 kB
PageTables:        25532 kB
NFS_Unstable:          0 kB
Bounce:                0 kB
WritebackTmp:          0 kB
CommitLimit:     1647288 kB
Committed_AS:   56258688 kB
VmallocTotal:     458752 kB
VmallocUsed:      114428 kB
VmallocChunk:     183300 kB
Time pass: 131 sec

---2015-11-20 13:53:35
MemTotal:        1860984 kB
MemFree:          123504 kB
Buffers:            5436 kB
Cached:           712236 kB
SwapCached:        15212 kB
Active:           581720 kB
Inactive:         645244 kB
Active(anon):     367444 kB
Inactive(anon):   144280 kB
Active(file):     214276 kB
Inactive(file):   500964 kB
Unevictable:         876 kB
Mlocked:               0 kB
HighTotal:       1436668 kB
HighFree:          36064 kB
LowTotal:         424316 kB
LowFree:           87440 kB
SwapTotal:        716796 kB
SwapFree:         566908 kB
Dirty:               524 kB
Writeback:             0 kB
AnonPages:        507824 kB
Mapped:           242452 kB
Shmem:              1556 kB
Slab:              45072 kB
SReclaimable:      14692 kB
SUnreclaim:        30380 kB
KernelStack:       11344 kB
PageTables:        25552 kB
NFS_Unstable:          0 kB
Bounce:                0 kB
WritebackTmp:          0 kB
CommitLimit:     1647288 kB
Committed_AS:   56261108 kB
VmallocTotal:     458752 kB
VmallocUsed:      114512 kB
VmallocChunk:     183300 kB
Time pass: 134 sec

---2015-11-20 13:53:35
MemTotal:        1860984 kB
MemFree:          123440 kB
Buffers:            5444 kB
Cached:           712236 kB
SwapCached:        15212 kB
Active:           581780 kB
Inactive:         645252 kB
Active(anon):     367504 kB
Inactive(anon):   144280 kB
Active(file):     214276 kB
Inactive(file):   500972 kB
Unevictable:         876 kB
Mlocked:               0 kB
HighTotal:       1436668 kB
HighFree:          36064 kB
LowTotal:         424316 kB
LowFree:           87376 kB
SwapTotal:        716796 kB
SwapFree:         566908 kB
Dirty:                48 kB
Writeback:             0 kB
AnonPages:        507820 kB
Mapped:           242452 kB
Shmem:              1556 kB
Slab:              45136 kB
SReclaimable:      14692 kB
SUnreclaim:        30444 kB
KernelStack:       11344 kB
PageTables:        25552 kB
NFS_Unstable:          0 kB
Bounce:                0 kB
WritebackTmp:          0 kB
CommitLimit:     1647288 kB
Committed_AS:   56261108 kB
VmallocTotal:     458752 kB
VmallocUsed:      114512 kB
VmallocChunk:     183300 kB
Time pass: 138 sec

---2015-11-20 13:53:35
MemTotal:        1860984 kB
MemFree:          123316 kB
Buffers:            5452 kB
Cached:           712228 kB
SwapCached:        15212 kB
Active:           581820 kB
Inactive:         645256 kB
Active(anon):     367544 kB
Inactive(anon):   144284 kB
Active(file):     214276 kB
Inactive(file):   500972 kB
Unevictable:         876 kB
Mlocked:               0 kB
HighTotal:       1436668 kB
HighFree:          35940 kB
LowTotal:         424316 kB
LowFree:           87376 kB
SwapTotal:        716796 kB
SwapFree:         566912 kB
Dirty:                40 kB
Writeback:             0 kB
AnonPages:        507860 kB
Mapped:           242452 kB
Shmem:              1556 kB
Slab:              45136 kB
SReclaimable:      14692 kB
SUnreclaim:        30444 kB
KernelStack:       11344 kB
PageTables:        25552 kB
NFS_Unstable:          0 kB
Bounce:                0 kB
WritebackTmp:          0 kB
CommitLimit:     1647288 kB
Committed_AS:   56261108 kB
VmallocTotal:     458752 kB
VmallocUsed:      114512 kB
VmallocChunk:     183300 kB
Time pass: 141 sec

---2015-11-20 13:53:35
MemTotal:        1860984 kB
MemFree:          100484 kB
Buffers:            5468 kB
Cached:           712228 kB
SwapCached:        15180 kB
Active:           588744 kB
Inactive:         643784 kB
Active(anon):     374184 kB
Inactive(anon):   143084 kB
Active(file):     214560 kB
Inactive(file):   500700 kB
Unevictable:         876 kB
Mlocked:               0 kB
HighTotal:       1436668 kB
HighFree:          29168 kB
LowTotal:         424316 kB
LowFree:           71316 kB
SwapTotal:        716796 kB
SwapFree:         562824 kB
Dirty:                 8 kB
Writeback:             0 kB
AnonPages:        513360 kB
Mapped:           244752 kB
Shmem:              1556 kB
Slab:              45316 kB
SReclaimable:      14676 kB
SUnreclaim:        30640 kB
KernelStack:       11440 kB
PageTables:        25604 kB
NFS_Unstable:          0 kB
Bounce:                0 kB
WritebackTmp:          0 kB
CommitLimit:     1647288 kB
Committed_AS:   56290504 kB
VmallocTotal:     458752 kB
VmallocUsed:      118172 kB
VmallocChunk:     183300 kB
Time pass: 145 sec

---2015-11-20 13:53:35
MemTotal:        1860984 kB
MemFree:           86484 kB
Buffers:            5484 kB
Cached:           712424 kB
SwapCached:        15184 kB
Active:           589116 kB
Inactive:         643864 kB
Active(anon):     374548 kB
Inactive(anon):   143124 kB
Active(file):     214568 kB
Inactive(file):   500740 kB
Unevictable:         876 kB
Mlocked:               0 kB
HighTotal:       1436668 kB
HighFree:          27780 kB
LowTotal:         424316 kB
LowFree:           58704 kB
SwapTotal:        716796 kB
SwapFree:         561808 kB
Dirty:                 0 kB
Writeback:             0 kB
AnonPages:        513784 kB
Mapped:           245528 kB
Shmem:              1728 kB
Slab:              45556 kB
SReclaimable:      14684 kB
SUnreclaim:        30872 kB
KernelStack:       11576 kB
PageTables:        25780 kB
NFS_Unstable:          0 kB
Bounce:                0 kB
WritebackTmp:          0 kB
CommitLimit:     1647288 kB
Committed_AS:   56291232 kB
VmallocTotal:     458752 kB
VmallocUsed:      117836 kB
VmallocChunk:     162716 kB
Time pass: 148 sec

---2015-11-20 13:53:35
MemTotal:        1860984 kB
MemFree:           88912 kB
Buffers:            5492 kB
Cached:           712424 kB
SwapCached:        15168 kB
Active:           586404 kB
Inactive:         643724 kB
Active(anon):     371832 kB
Inactive(anon):   142988 kB
Active(file):     214572 kB
Inactive(file):   500736 kB
Unevictable:         876 kB
Mlocked:               0 kB
HighTotal:       1436668 kB
HighFree:          29896 kB
LowTotal:         424316 kB
LowFree:           59016 kB
SwapTotal:        716796 kB
SwapFree:         558740 kB
Dirty:                 4 kB
Writeback:             0 kB
AnonPages:        510828 kB
Mapped:           245528 kB
Shmem:              1728 kB
Slab:              45544 kB
SReclaimable:      14692 kB
SUnreclaim:        30852 kB
KernelStack:       11584 kB
PageTables:        25780 kB
NFS_Unstable:          0 kB
Bounce:                0 kB
WritebackTmp:          0 kB
CommitLimit:     1647288 kB
Committed_AS:   56291312 kB
VmallocTotal:     458752 kB
VmallocUsed:      117836 kB
VmallocChunk:     162716 kB
Time pass: 152 sec

---2015-11-20 13:53:35
MemTotal:        1860984 kB
MemFree:           88708 kB
Buffers:            5492 kB
Cached:           712432 kB
SwapCached:        15168 kB
Active:           586552 kB
Inactive:         643736 kB
Active(anon):     371980 kB
Inactive(anon):   142992 kB
Active(file):     214572 kB
Inactive(file):   500744 kB
Unevictable:         876 kB
Mlocked:               0 kB
HighTotal:       1436668 kB
HighFree:          29628 kB
LowTotal:         424316 kB
LowFree:           59080 kB
SwapTotal:        716796 kB
SwapFree:         558740 kB
Dirty:                40 kB
Writeback:             0 kB
AnonPages:        510948 kB
Mapped:           245532 kB
Shmem:              1732 kB
Slab:              45532 kB
SReclaimable:      14692 kB
SUnreclaim:        30840 kB
KernelStack:       11624 kB
PageTables:        25780 kB
NFS_Unstable:          0 kB
Bounce:                0 kB
WritebackTmp:          0 kB
CommitLimit:     1647288 kB
Committed_AS:   56291312 kB
VmallocTotal:     458752 kB
VmallocUsed:      117836 kB
VmallocChunk:     162716 kB
Time pass: 155 sec

---2015-11-20 13:53:35
MemTotal:        1860984 kB
MemFree:           88484 kB
Buffers:            5500 kB
Cached:           712432 kB
SwapCached:        15168 kB
Active:           585736 kB
Inactive:         643480 kB
Active(anon):     371164 kB
Inactive(anon):   142736 kB
Active(file):     214572 kB
Inactive(file):   500744 kB
Unevictable:         876 kB
Mlocked:               0 kB
HighTotal:       1436668 kB
HighFree:          29372 kB
LowTotal:         424316 kB
LowFree:           59112 kB
SwapTotal:        716796 kB
SwapFree:         554556 kB
Dirty:                 4 kB
Writeback:             0 kB
AnonPages:        510020 kB
Mapped:           245532 kB
Shmem:              1732 kB
Slab:              45620 kB
SReclaimable:      14700 kB
SUnreclaim:        30920 kB
KernelStack:       11624 kB
PageTables:        25780 kB
NFS_Unstable:          0 kB
Bounce:                0 kB
WritebackTmp:          0 kB
CommitLimit:     1647288 kB
Committed_AS:   56301580 kB
VmallocTotal:     458752 kB
VmallocUsed:      117836 kB
VmallocChunk:     162716 kB
Time pass: 159 sec

---2015-11-20 13:53:35
MemTotal:        1860984 kB
MemFree:           67792 kB
Buffers:            5548 kB
Cached:           712412 kB
SwapCached:        15168 kB
Active:           594580 kB
Inactive:         643508 kB
Active(anon):     380008 kB
Inactive(anon):   142712 kB
Active(file):     214572 kB
Inactive(file):   500796 kB
Unevictable:         876 kB
Mlocked:               0 kB
HighTotal:       1436668 kB
HighFree:          17864 kB
LowTotal:         424316 kB
LowFree:           49928 kB
SwapTotal:        716796 kB
SwapFree:         554556 kB
Dirty:                48 kB
Writeback:             0 kB
AnonPages:        518688 kB
Mapped:           245592 kB
Shmem:              1708 kB
Slab:              45604 kB
SReclaimable:      14748 kB
SUnreclaim:        30856 kB
KernelStack:       11688 kB
PageTables:        25864 kB
NFS_Unstable:          0 kB
Bounce:                0 kB
WritebackTmp:          0 kB
CommitLimit:     1647288 kB
Committed_AS:   56305588 kB
VmallocTotal:     458752 kB
VmallocUsed:      119116 kB
VmallocChunk:     165532 kB
Time pass: 163 sec

---2015-11-20 13:53:35
MemTotal:        1860984 kB
MemFree:           70052 kB
Buffers:            5564 kB
Cached:           712448 kB
SwapCached:        15168 kB
Active:           594996 kB
Inactive:         643568 kB
Active(anon):     380424 kB
Inactive(anon):   142748 kB
Active(file):     214572 kB
Inactive(file):   500820 kB
Unevictable:         876 kB
Mlocked:               0 kB
HighTotal:       1436668 kB
HighFree:          19304 kB
LowTotal:         424316 kB
LowFree:           50748 kB
SwapTotal:        716796 kB
SwapFree:         554556 kB
Dirty:                52 kB
Writeback:             0 kB
AnonPages:        519240 kB
Mapped:           244872 kB
Shmem:              1744 kB
Slab:              45616 kB
SReclaimable:      14748 kB
SUnreclaim:        30868 kB
KernelStack:       11632 kB
PageTables:        25868 kB
NFS_Unstable:          0 kB
Bounce:                0 kB
WritebackTmp:          0 kB
CommitLimit:     1647288 kB
Committed_AS:   56305140 kB
VmallocTotal:     458752 kB
VmallocUsed:      119116 kB
VmallocChunk:     165532 kB
Time pass: 167 sec

---2015-11-20 13:53:35
MemTotal:        1860984 kB
MemFree:           72800 kB
Buffers:            5588 kB
Cached:           712540 kB
SwapCached:        15164 kB
Active:           591280 kB
Inactive:         643420 kB
Active(anon):     376704 kB
Inactive(anon):   142596 kB
Active(file):     214576 kB
Inactive(file):   500824 kB
Unevictable:         876 kB
Mlocked:               0 kB
HighTotal:       1436668 kB
HighFree:          22116 kB
LowTotal:         424316 kB
LowFree:           50684 kB
SwapTotal:        716796 kB
SwapFree:         550444 kB
Dirty:                32 kB
Writeback:             0 kB
AnonPages:        515004 kB
Mapped:           243688 kB
Shmem:              1852 kB
Slab:              45812 kB
SReclaimable:      14812 kB
SUnreclaim:        31000 kB
KernelStack:       11664 kB
PageTables:        25884 kB
NFS_Unstable:          0 kB
Bounce:                0 kB
WritebackTmp:          0 kB
CommitLimit:     1647288 kB
Committed_AS:   56304960 kB
VmallocTotal:     458752 kB
VmallocUsed:      119116 kB
VmallocChunk:     165532 kB
Time pass: 172 sec

---2015-11-20 13:53:35
MemTotal:        1860984 kB
MemFree:           74696 kB
Buffers:            5604 kB
Cached:           712540 kB
SwapCached:        15164 kB
Active:           587900 kB
Inactive:         643204 kB
Active(anon):     373324 kB
Inactive(anon):   142364 kB
Active(file):     214576 kB
Inactive(file):   500840 kB
Unevictable:         876 kB
Mlocked:               0 kB
HighTotal:       1436668 kB
HighFree:          23976 kB
LowTotal:         424316 kB
LowFree:           50720 kB
SwapTotal:        716796 kB
SwapFree:         546340 kB
Dirty:                 0 kB
Writeback:             0 kB
AnonPages:        511548 kB
Mapped:           243708 kB
Shmem:              1852 kB
Slab:              45772 kB
SReclaimable:      14888 kB
SUnreclaim:        30884 kB
KernelStack:       11632 kB
PageTables:        25876 kB
NFS_Unstable:          0 kB
Bounce:                0 kB
WritebackTmp:          0 kB
CommitLimit:     1647288 kB
Committed_AS:   56305376 kB
VmallocTotal:     458752 kB
VmallocUsed:      119116 kB
VmallocChunk:     165532 kB
Time pass: 175 sec

---2015-11-20 13:53:35
MemTotal:        1860984 kB
MemFree:           75184 kB
Buffers:            5604 kB
Cached:           712584 kB
SwapCached:        15164 kB
Active:           587436 kB
Inactive:         643228 kB
Active(anon):     372860 kB
Inactive(anon):   142372 kB
Active(file):     214576 kB
Inactive(file):   500856 kB
Unevictable:         876 kB
Mlocked:               0 kB
HighTotal:       1436668 kB
HighFree:          24176 kB
LowTotal:         424316 kB
LowFree:           51008 kB
SwapTotal:        716796 kB
SwapFree:         546340 kB
Dirty:                44 kB
Writeback:             0 kB
AnonPages:        511128 kB
Mapped:           243736 kB
Shmem:              1880 kB
Slab:              45504 kB
SReclaimable:      14760 kB
SUnreclaim:        30744 kB
KernelStack:       11632 kB
PageTables:        25876 kB
NFS_Unstable:          0 kB
Bounce:                0 kB
WritebackTmp:          0 kB
CommitLimit:     1647288 kB
Committed_AS:   56305584 kB
VmallocTotal:     458752 kB
VmallocUsed:      119116 kB
VmallocChunk:     165532 kB
Time pass: 179 sec

---2015-11-20 13:53:35
MemTotal:        1860984 kB
MemFree:           75144 kB
Buffers:            5612 kB
Cached:           712584 kB
SwapCached:        15180 kB
Active:           588352 kB
Inactive:         643264 kB
Active(anon):     373776 kB
Inactive(anon):   142408 kB
Active(file):     214576 kB
Inactive(file):   500856 kB
Unevictable:         876 kB
Mlocked:               0 kB
HighTotal:       1436668 kB
HighFree:          23984 kB
LowTotal:         424316 kB
LowFree:           51160 kB
SwapTotal:        716796 kB
SwapFree:         546360 kB
Dirty:                32 kB
Writeback:             0 kB
AnonPages:        512020 kB
Mapped:           243736 kB
Shmem:              1880 kB
Slab:              45552 kB
SReclaimable:      14764 kB
SUnreclaim:        30788 kB
KernelStack:       11616 kB
PageTables:        25876 kB
NFS_Unstable:          0 kB
Bounce:                0 kB
WritebackTmp:          0 kB
CommitLimit:     1647288 kB
Committed_AS:   56305596 kB
VmallocTotal:     458752 kB
VmallocUsed:      119116 kB
VmallocChunk:     165532 kB
Time pass: 183 sec

---2015-11-20 13:53:35
MemTotal:        1860984 kB
MemFree:           75124 kB
Buffers:            5628 kB
Cached:           712676 kB
SwapCached:        15176 kB
Active:           585908 kB
Inactive:         643164 kB
Active(anon):     371332 kB
Inactive(anon):   142204 kB
Active(file):     214576 kB
Inactive(file):   500960 kB
Unevictable:         876 kB
Mlocked:               0 kB
HighTotal:       1436668 kB
HighFree:          23580 kB
LowTotal:         424316 kB
LowFree:           51544 kB
SwapTotal:        716796 kB
SwapFree:         542300 kB
Dirty:                 0 kB
Writeback:             0 kB
AnonPages:        509272 kB
Mapped:           243748 kB
Shmem:              1880 kB
Slab:              45808 kB
SReclaimable:      14864 kB
SUnreclaim:        30944 kB
KernelStack:       11560 kB
PageTables:        25880 kB
NFS_Unstable:          0 kB
Bounce:                0 kB
WritebackTmp:          0 kB
CommitLimit:     1647288 kB
Committed_AS:   56306696 kB
VmallocTotal:     458752 kB
VmallocUsed:      119140 kB
VmallocChunk:     165532 kB
Time pass: 187 sec

---2015-11-20 13:53:35
MemTotal:        1860984 kB
MemFree:           75720 kB
Buffers:            5636 kB
Cached:           712668 kB
SwapCached:        15184 kB
Active:           586112 kB
Inactive:         643172 kB
Active(anon):     371536 kB
Inactive(anon):   142192 kB
Active(file):     214576 kB
Inactive(file):   500980 kB
Unevictable:         876 kB
Mlocked:               0 kB
HighTotal:       1436668 kB
HighFree:          24276 kB
LowTotal:         424316 kB
LowFree:           51444 kB
SwapTotal:        716796 kB
SwapFree:         542300 kB
Dirty:                28 kB
Writeback:             0 kB
AnonPages:        509520 kB
Mapped:           243748 kB
Shmem:              1880 kB
Slab:              45808 kB
SReclaimable:      14872 kB
SUnreclaim:        30936 kB
KernelStack:       11608 kB
PageTables:        25880 kB
NFS_Unstable:          0 kB
Bounce:                0 kB
WritebackTmp:          0 kB
CommitLimit:     1647288 kB
Committed_AS:   56308080 kB
VmallocTotal:     458752 kB
VmallocUsed:      119140 kB
VmallocChunk:     165532 kB
Time pass: 191 sec

---2015-11-20 13:53:35
MemTotal:        1860984 kB
MemFree:           77440 kB
Buffers:            5652 kB
Cached:           712668 kB
SwapCached:        15192 kB
Active:           583512 kB
Inactive:         642696 kB
Active(anon):     368936 kB
Inactive(anon):   141700 kB
Active(file):     214576 kB
Inactive(file):   500996 kB
Unevictable:         876 kB
Mlocked:               0 kB
HighTotal:       1436668 kB
HighFree:          25364 kB
LowTotal:         424316 kB
LowFree:           52076 kB
SwapTotal:        716796 kB
SwapFree:         539124 kB
Dirty:                 0 kB
Writeback:             0 kB
AnonPages:        506564 kB
Mapped:           243764 kB
Shmem:              1880 kB
Slab:              45860 kB
SReclaimable:      14852 kB
SUnreclaim:        31008 kB
KernelStack:       11560 kB
PageTables:        25880 kB
NFS_Unstable:          0 kB
Bounce:                0 kB
WritebackTmp:          0 kB
CommitLimit:     1647288 kB
Committed_AS:   56306756 kB
VmallocTotal:     458752 kB
VmallocUsed:      119140 kB
VmallocChunk:     165532 kB
Time pass: 195 sec

---2015-11-20 13:53:35
MemTotal:        1860984 kB
MemFree:           77308 kB
Buffers:            5660 kB
Cached:           712676 kB
SwapCached:        15188 kB
Active:           582228 kB
Inactive:         642944 kB
Active(anon):     367652 kB
Inactive(anon):   141948 kB
Active(file):     214576 kB
Inactive(file):   500996 kB
Unevictable:         876 kB
Mlocked:               0 kB
HighTotal:       1436668 kB
HighFree:          25488 kB
LowTotal:         424316 kB
LowFree:           51820 kB
SwapTotal:        716796 kB
SwapFree:         538092 kB
Dirty:                28 kB
Writeback:             0 kB
AnonPages:        505456 kB
Mapped:           243764 kB
Shmem:              1880 kB
Slab:              45828 kB
SReclaimable:      14812 kB
SUnreclaim:        31016 kB
KernelStack:       11608 kB
PageTables:        25880 kB
NFS_Unstable:          0 kB
Bounce:                0 kB
WritebackTmp:          0 kB
CommitLimit:     1647288 kB
Committed_AS:   56306676 kB
VmallocTotal:     458752 kB
VmallocUsed:      119140 kB
VmallocChunk:     165532 kB
Time pass: 198 sec

---2015-11-20 13:53:35
MemTotal:        1860984 kB
MemFree:           77660 kB
Buffers:            5676 kB
Cached:           712692 kB
SwapCached:        15192 kB
Active:           581460 kB
Inactive:         642860 kB
Active(anon):     366884 kB
Inactive(anon):   141840 kB
Active(file):     214576 kB
Inactive(file):   501020 kB
Unevictable:         876 kB
Mlocked:               0 kB
HighTotal:       1436668 kB
HighFree:          25024 kB
LowTotal:         424316 kB
LowFree:           52636 kB
SwapTotal:        716796 kB
SwapFree:         537164 kB
Dirty:                40 kB
Writeback:             0 kB
AnonPages:        504700 kB
Mapped:           243784 kB
Shmem:              1900 kB
Slab:              45760 kB
SReclaimable:      14796 kB
SUnreclaim:        30964 kB
KernelStack:       11592 kB
PageTables:        25880 kB
NFS_Unstable:          0 kB
Bounce:                0 kB
WritebackTmp:          0 kB
CommitLimit:     1647288 kB
Committed_AS:   56306792 kB
VmallocTotal:     458752 kB
VmallocUsed:      119140 kB
VmallocChunk:     165532 kB
Time pass: 202 sec

---2015-11-20 13:53:35
MemTotal:        1860984 kB
MemFree:           80480 kB
Buffers:            5684 kB
Cached:           712712 kB
SwapCached:        15188 kB
Active:           578792 kB
Inactive:         642772 kB
Active(anon):     364216 kB
Inactive(anon):   141752 kB
Active(file):     214576 kB
Inactive(file):   501020 kB
Unevictable:         876 kB
Mlocked:               0 kB
HighTotal:       1436668 kB
HighFree:          27364 kB
LowTotal:         424316 kB
LowFree:           53116 kB
SwapTotal:        716796 kB
SwapFree:         533968 kB
Dirty:                 0 kB
Writeback:             0 kB
AnonPages:        501632 kB
Mapped:           243808 kB
Shmem:              1924 kB
Slab:              45716 kB
SReclaimable:      14828 kB
SUnreclaim:        30888 kB
KernelStack:       11560 kB
PageTables:        25880 kB
NFS_Unstable:          0 kB
Bounce:                0 kB
WritebackTmp:          0 kB
CommitLimit:     1647288 kB
Committed_AS:   56307000 kB
VmallocTotal:     458752 kB
VmallocUsed:      119140 kB
VmallocChunk:     165532 kB
Time pass: 205 sec

---2015-11-20 13:53:35
MemTotal:        1860984 kB
MemFree:           79208 kB
Buffers:            5700 kB
Cached:           712704 kB
SwapCached:        15188 kB
Active:           579380 kB
Inactive:         642780 kB
Active(anon):     364804 kB
Inactive(anon):   141752 kB
Active(file):     214576 kB
Inactive(file):   501028 kB
Unevictable:         876 kB
Mlocked:               0 kB
HighTotal:       1436668 kB
HighFree:          26576 kB
LowTotal:         424316 kB
LowFree:           52632 kB
SwapTotal:        716796 kB
SwapFree:         533968 kB
Dirty:                28 kB
Writeback:             0 kB
AnonPages:        502364 kB
Mapped:           243808 kB
Shmem:              1924 kB
Slab:              45824 kB
SReclaimable:      14828 kB
SUnreclaim:        30996 kB
KernelStack:       11616 kB
PageTables:        25880 kB
NFS_Unstable:          0 kB
Bounce:                0 kB
WritebackTmp:          0 kB
CommitLimit:     1647288 kB
Committed_AS:   56308236 kB
VmallocTotal:     458752 kB
VmallocUsed:      119140 kB
VmallocChunk:     165532 kB
Time pass: 209 sec

---2015-11-20 13:53:35
MemTotal:        1860984 kB
MemFree:           83532 kB
Buffers:            5716 kB
Cached:           712724 kB
SwapCached:        15188 kB
Active:           575220 kB
Inactive:         642580 kB
Active(anon):     360644 kB
Inactive(anon):   141512 kB
Active(file):     214576 kB
Inactive(file):   501068 kB
Unevictable:         876 kB
Mlocked:               0 kB
HighTotal:       1436668 kB
HighFree:          29968 kB
LowTotal:         424316 kB
LowFree:           53564 kB
SwapTotal:        716796 kB
SwapFree:         529792 kB
Dirty:                40 kB
Writeback:             0 kB
AnonPages:        497972 kB
Mapped:           243812 kB
Shmem:              1928 kB
Slab:              45756 kB
SReclaimable:      14876 kB
SUnreclaim:        30880 kB
KernelStack:       11608 kB
PageTables:        25880 kB
NFS_Unstable:          0 kB
Bounce:                0 kB
WritebackTmp:          0 kB
CommitLimit:     1647288 kB
Committed_AS:   56307208 kB
VmallocTotal:     458752 kB
VmallocUsed:      119140 kB
VmallocChunk:     165532 kB
Time pass: 212 sec

---2015-11-20 13:53:35
MemTotal:        1860984 kB
MemFree:           80700 kB
Buffers:            5756 kB
Cached:           712656 kB
SwapCached:        15220 kB
Active:           578032 kB
Inactive:         642572 kB
Active(anon):     363456 kB
Inactive(anon):   141512 kB
Active(file):     214576 kB
Inactive(file):   501060 kB
Unevictable:         876 kB
Mlocked:               0 kB
HighTotal:       1436668 kB
HighFree:          27984 kB
LowTotal:         424316 kB
LowFree:           52716 kB
SwapTotal:        716796 kB
SwapFree:         529792 kB
Dirty:                40 kB
Writeback:             0 kB
AnonPages:        500896 kB
Mapped:           243996 kB
Shmem:              1928 kB
Slab:              45928 kB
SReclaimable:      14876 kB
SUnreclaim:        31052 kB
KernelStack:       11616 kB
PageTables:        26108 kB
NFS_Unstable:          0 kB
Bounce:                0 kB
WritebackTmp:          0 kB
CommitLimit:     1647288 kB
Committed_AS:   57096804 kB
VmallocTotal:     458752 kB
VmallocUsed:      120160 kB
VmallocChunk:     165532 kB
Time pass: 216 sec

---2015-11-20 13:53:35
MemTotal:        1860984 kB
MemFree:           80660 kB
Buffers:            5756 kB
Cached:           712776 kB
SwapCached:        15220 kB
Active:           577008 kB
Inactive:         642708 kB
Active(anon):     362432 kB
Inactive(anon):   141556 kB
Active(file):     214576 kB
Inactive(file):   501152 kB
Unevictable:         876 kB
Mlocked:               0 kB
HighTotal:       1436668 kB
HighFree:          27892 kB
LowTotal:         424316 kB
LowFree:           52768 kB
SwapTotal:        716796 kB
SwapFree:         529812 kB
Dirty:                84 kB
Writeback:             0 kB
AnonPages:        499772 kB
Mapped:           244020 kB
Shmem:              1928 kB
Slab:              45916 kB
SReclaimable:      14912 kB
SUnreclaim:        31004 kB
KernelStack:       11696 kB
PageTables:        26168 kB
NFS_Unstable:          0 kB
Bounce:                0 kB
WritebackTmp:          0 kB
CommitLimit:     1647288 kB
Committed_AS:   57095624 kB
VmallocTotal:     458752 kB
VmallocUsed:      120160 kB
VmallocChunk:     165532 kB
Time pass: 219 sec

---2015-11-20 13:53:35
MemTotal:        1860984 kB
MemFree:           83804 kB
Buffers:            5780 kB
Cached:           712776 kB
SwapCached:        15220 kB
Active:           573308 kB
Inactive:         642624 kB
Active(anon):     358732 kB
Inactive(anon):   141448 kB
Active(file):     214576 kB
Inactive(file):   501176 kB
Unevictable:         876 kB
Mlocked:               0 kB
HighTotal:       1436668 kB
HighFree:          30656 kB
LowTotal:         424316 kB
LowFree:           53148 kB
SwapTotal:        716796 kB
SwapFree:         525656 kB
Dirty:                68 kB
Writeback:             0 kB
AnonPages:        495988 kB
Mapped:           244020 kB
Shmem:              1928 kB
Slab:              45880 kB
SReclaimable:      14872 kB
SUnreclaim:        31008 kB
KernelStack:       11712 kB
PageTables:        26172 kB
NFS_Unstable:          0 kB
Bounce:                0 kB
WritebackTmp:          0 kB
CommitLimit:     1647288 kB
Committed_AS:   57095740 kB
VmallocTotal:     458752 kB
VmallocUsed:      120160 kB
VmallocChunk:     165532 kB
Time pass: 223 sec

---2015-11-20 13:53:35
MemTotal:        1860984 kB
MemFree:           82960 kB
Buffers:            5780 kB
Cached:           712776 kB
SwapCached:        15220 kB
Active:           574680 kB
Inactive:         642620 kB
Active(anon):     360104 kB
Inactive(anon):   141444 kB
Active(file):     214576 kB
Inactive(file):   501176 kB
Unevictable:         876 kB
Mlocked:               0 kB
HighTotal:       1436668 kB
HighFree:          29640 kB
LowTotal:         424316 kB
LowFree:           53320 kB
SwapTotal:        716796 kB
SwapFree:         525656 kB
Dirty:                 0 kB
Writeback:             0 kB
AnonPages:        497364 kB
Mapped:           244020 kB
Shmem:              1928 kB
Slab:              45936 kB
SReclaimable:      14864 kB
SUnreclaim:        31072 kB
KernelStack:       11632 kB
PageTables:        26168 kB
NFS_Unstable:          0 kB
Bounce:                0 kB
WritebackTmp:          0 kB
CommitLimit:     1647288 kB
Committed_AS:   57096824 kB
VmallocTotal:     458752 kB
VmallocUsed:      120160 kB
VmallocChunk:     165532 kB
Time pass: 226 sec

---2015-11-20 13:53:35
MemTotal:        1860984 kB
MemFree:           84540 kB
Buffers:            5804 kB
Cached:           712776 kB
SwapCached:        15220 kB
Active:           571088 kB
Inactive:         642532 kB
Active(anon):     356512 kB
Inactive(anon):   141332 kB
Active(file):     214576 kB
Inactive(file):   501200 kB
Unevictable:         876 kB
Mlocked:               0 kB
HighTotal:       1436668 kB
HighFree:          31028 kB
LowTotal:         424316 kB
LowFree:           53512 kB
SwapTotal:        716796 kB
SwapFree:         521540 kB
Dirty:                40 kB
Writeback:             0 kB
AnonPages:        493656 kB
Mapped:           244020 kB
Shmem:              1928 kB
Slab:              45992 kB
SReclaimable:      14864 kB
SUnreclaim:        31128 kB
KernelStack:       11680 kB
PageTables:        26168 kB
NFS_Unstable:          0 kB
Bounce:                0 kB
WritebackTmp:          0 kB
CommitLimit:     1647288 kB
Committed_AS:   57097028 kB
VmallocTotal:     458752 kB
VmallocUsed:      120160 kB
VmallocChunk:     165532 kB
Time pass: 230 sec

---2015-11-20 13:53:35
MemTotal:        1860984 kB
MemFree:           84180 kB
Buffers:            5820 kB
Cached:           712776 kB
SwapCached:        15224 kB
Active:           570148 kB
Inactive:         642416 kB
Active(anon):     355572 kB
Inactive(anon):   141208 kB
Active(file):     214576 kB
Inactive(file):   501208 kB
Unevictable:         876 kB
Mlocked:               0 kB
HighTotal:       1436668 kB
HighFree:          30488 kB
LowTotal:         424316 kB
LowFree:           53692 kB
SwapTotal:        716796 kB
SwapFree:         520024 kB
Dirty:                60 kB
Writeback:             0 kB
AnonPages:        492584 kB
Mapped:           244020 kB
Shmem:              1928 kB
Slab:              46032 kB
SReclaimable:      14864 kB
SUnreclaim:        31168 kB
KernelStack:       11688 kB
PageTables:        26168 kB
NFS_Unstable:          0 kB
Bounce:                0 kB
WritebackTmp:          0 kB
CommitLimit:     1647288 kB
Committed_AS:   57096932 kB
VmallocTotal:     458752 kB
VmallocUsed:      120160 kB
VmallocChunk:     165532 kB
Time pass: 234 sec

---2015-11-20 13:53:35
MemTotal:        1860984 kB
MemFree:           84944 kB
Buffers:            5836 kB
Cached:           712776 kB
SwapCached:        15220 kB
Active:           568256 kB
Inactive:         641952 kB
Active(anon):     353680 kB
Inactive(anon):   140720 kB
Active(file):     214576 kB
Inactive(file):   501232 kB
Unevictable:         876 kB
Mlocked:               0 kB
HighTotal:       1436668 kB
HighFree:          31048 kB
LowTotal:         424316 kB
LowFree:           53896 kB
SwapTotal:        716796 kB
SwapFree:         517436 kB
Dirty:                64 kB
Writeback:             0 kB
AnonPages:        490272 kB
Mapped:           244024 kB
Shmem:              1928 kB
Slab:              45920 kB
SReclaimable:      14824 kB
SUnreclaim:        31096 kB
KernelStack:       11688 kB
PageTables:        26168 kB
NFS_Unstable:          0 kB
Bounce:                0 kB
WritebackTmp:          0 kB
CommitLimit:     1647288 kB
Committed_AS:   57096748 kB
VmallocTotal:     458752 kB
VmallocUsed:      120160 kB
VmallocChunk:     165532 kB
Time pass: 237 sec

---2015-11-20 13:53:35
MemTotal:        1860984 kB
MemFree:           85272 kB
Buffers:            5836 kB
Cached:           712776 kB
SwapCached:        15220 kB
Active:           568324 kB
Inactive:         641952 kB
Active(anon):     353748 kB
Inactive(anon):   140720 kB
Active(file):     214576 kB
Inactive(file):   501232 kB
Unevictable:         876 kB
Mlocked:               0 kB
HighTotal:       1436668 kB
HighFree:          31296 kB
LowTotal:         424316 kB
LowFree:           53976 kB
SwapTotal:        716796 kB
SwapFree:         517436 kB
Dirty:                 0 kB
Writeback:             0 kB
AnonPages:        490236 kB
Mapped:           244016 kB
Shmem:              1928 kB
Slab:              45900 kB
SReclaimable:      14824 kB
SUnreclaim:        31076 kB
KernelStack:       11688 kB
PageTables:        26180 kB
NFS_Unstable:          0 kB
Bounce:                0 kB
WritebackTmp:          0 kB
CommitLimit:     1647288 kB
Committed_AS:   57096656 kB
VmallocTotal:     458752 kB
VmallocUsed:      120160 kB
VmallocChunk:     165532 kB
Time pass: 241 sec

---2015-11-20 13:53:35
MemTotal:        1860984 kB
MemFree:           84236 kB
Buffers:            5860 kB
Cached:           712776 kB
SwapCached:        15220 kB
Active:           569020 kB
Inactive:         641976 kB
Active(anon):     354444 kB
Inactive(anon):   140720 kB
Active(file):     214576 kB
Inactive(file):   501256 kB
Unevictable:         876 kB
Mlocked:               0 kB
HighTotal:       1436668 kB
HighFree:          30404 kB
LowTotal:         424316 kB
LowFree:           53832 kB
SwapTotal:        716796 kB
SwapFree:         517436 kB
Dirty:                36 kB
Writeback:             0 kB
AnonPages:        490972 kB
Mapped:           244024 kB
Shmem:              1928 kB
Slab:              45972 kB
SReclaimable:      14824 kB
SUnreclaim:        31148 kB
KernelStack:       11712 kB
PageTables:        26172 kB
NFS_Unstable:          0 kB
Bounce:                0 kB
WritebackTmp:          0 kB
CommitLimit:     1647288 kB
Committed_AS:   57097000 kB
VmallocTotal:     458752 kB
VmallocUsed:      120160 kB
VmallocChunk:     165532 kB
Time pass: 244 sec

---2015-11-20 13:53:35
MemTotal:        1860984 kB
MemFree:           83888 kB
Buffers:            5860 kB
Cached:           712776 kB
SwapCached:        15220 kB
Active:           569184 kB
Inactive:         641976 kB
Active(anon):     354608 kB
Inactive(anon):   140720 kB
Active(file):     214576 kB
Inactive(file):   501256 kB
Unevictable:         876 kB
Mlocked:               0 kB
HighTotal:       1436668 kB
HighFree:          30156 kB
LowTotal:         424316 kB
LowFree:           53732 kB
SwapTotal:        716796 kB
SwapFree:         517436 kB
Dirty:                 0 kB
Writeback:             0 kB
AnonPages:        491068 kB
Mapped:           244024 kB
Shmem:              1928 kB
Slab:              45984 kB
SReclaimable:      14824 kB
SUnreclaim:        31160 kB
KernelStack:       11688 kB
PageTables:        26176 kB
NFS_Unstable:          0 kB
Bounce:                0 kB
WritebackTmp:          0 kB
CommitLimit:     1647288 kB
Committed_AS:   57097072 kB
VmallocTotal:     458752 kB
VmallocUsed:      120160 kB
VmallocChunk:     165532 kB
Time pass: 248 sec

---2015-11-20 13:53:35
MemTotal:        1860984 kB
MemFree:           82872 kB
Buffers:            5876 kB
Cached:           712768 kB
SwapCached:        15224 kB
Active:           570468 kB
Inactive:         641992 kB
Active(anon):     355892 kB
Inactive(anon):   140728 kB
Active(file):     214576 kB
Inactive(file):   501264 kB
Unevictable:         876 kB
Mlocked:               0 kB
HighTotal:       1436668 kB
HighFree:          29412 kB
LowTotal:         424316 kB
LowFree:           53460 kB
SwapTotal:        716796 kB
SwapFree:         517440 kB
Dirty:                28 kB
Writeback:             0 kB
AnonPages:        492440 kB
Mapped:           244024 kB
Shmem:              1928 kB
Slab:              45892 kB
SReclaimable:      14824 kB
SUnreclaim:        31068 kB
KernelStack:       11688 kB
PageTables:        26172 kB
NFS_Unstable:          0 kB
Bounce:                0 kB
WritebackTmp:          0 kB
CommitLimit:     1647288 kB
Committed_AS:   57098216 kB
VmallocTotal:     458752 kB
VmallocUsed:      120160 kB
VmallocChunk:     165532 kB
Time pass: 251 sec

---2015-11-20 13:53:35
MemTotal:        1860984 kB
MemFree:           83132 kB
Buffers:            5884 kB
Cached:           712776 kB
SwapCached:        15224 kB
Active:           569752 kB
Inactive:         642008 kB
Active(anon):     355176 kB
Inactive(anon):   140728 kB
Active(file):     214576 kB
Inactive(file):   501280 kB
Unevictable:         876 kB
Mlocked:               0 kB
HighTotal:       1436668 kB
HighFree:          29364 kB
LowTotal:         424316 kB
LowFree:           53768 kB
SwapTotal:        716796 kB
SwapFree:         517440 kB
Dirty:                44 kB
Writeback:             0 kB
AnonPages:        491720 kB
Mapped:           244024 kB
Shmem:              1928 kB
Slab:              45920 kB
SReclaimable:      14824 kB
SUnreclaim:        31096 kB
KernelStack:       11672 kB
PageTables:        26172 kB
NFS_Unstable:          0 kB
Bounce:                0 kB
WritebackTmp:          0 kB
CommitLimit:     1647288 kB
Committed_AS:   57097064 kB
VmallocTotal:     458752 kB
VmallocUsed:      120160 kB
VmallocChunk:     165532 kB
Time pass: 255 sec

---2015-11-20 13:53:35
MemTotal:        1860984 kB
MemFree:           82456 kB
Buffers:            5892 kB
Cached:           712772 kB
SwapCached:        15552 kB
Active:           569820 kB
Inactive:         643112 kB
Active(anon):     355244 kB
Inactive(anon):   141824 kB
Active(file):     214576 kB
Inactive(file):   501288 kB
Unevictable:         876 kB
Mlocked:               0 kB
HighTotal:       1436668 kB
HighFree:          28636 kB
LowTotal:         424316 kB
LowFree:           53820 kB
SwapTotal:        716796 kB
SwapFree:         518208 kB
Dirty:                28 kB
Writeback:             0 kB
AnonPages:        492872 kB
Mapped:           244020 kB
Shmem:              1924 kB
Slab:              45916 kB
SReclaimable:      14824 kB
SUnreclaim:        31092 kB
KernelStack:       11672 kB
PageTables:        26172 kB
NFS_Unstable:          0 kB
Bounce:                0 kB
WritebackTmp:          0 kB
CommitLimit:     1647288 kB
Committed_AS:   57094804 kB
VmallocTotal:     458752 kB
VmallocUsed:      120160 kB
VmallocChunk:     165532 kB
Time pass: 258 sec

---2015-11-20 13:53:35
MemTotal:        1860984 kB
MemFree:           82212 kB
Buffers:            5892 kB
Cached:           712828 kB
SwapCached:        15872 kB
Active:           570172 kB
Inactive:         643364 kB
Active(anon):     355596 kB
Inactive(anon):   142076 kB
Active(file):     214576 kB
Inactive(file):   501288 kB
Unevictable:         876 kB
Mlocked:               0 kB
HighTotal:       1436668 kB
HighFree:          28184 kB
LowTotal:         424316 kB
LowFree:           54028 kB
SwapTotal:        716796 kB
SwapFree:         518232 kB
Dirty:                28 kB
Writeback:             0 kB
AnonPages:        493324 kB
Mapped:           244028 kB
Shmem:              1932 kB
Slab:              45896 kB
SReclaimable:      14824 kB
SUnreclaim:        31072 kB
KernelStack:       11640 kB
PageTables:        26172 kB
NFS_Unstable:          0 kB
Bounce:                0 kB
WritebackTmp:          0 kB
CommitLimit:     1647288 kB
Committed_AS:   57096340 kB
VmallocTotal:     458752 kB
VmallocUsed:      120160 kB
VmallocChunk:     165532 kB
Time pass: 262 sec

---2015-11-20 13:53:35
MemTotal:        1860984 kB
MemFree:           81616 kB
Buffers:            5908 kB
Cached:           712796 kB
SwapCached:        15864 kB
Active:           570116 kB
Inactive:         643472 kB
Active(anon):     355540 kB
Inactive(anon):   142168 kB
Active(file):     214576 kB
Inactive(file):   501304 kB
Unevictable:         876 kB
Mlocked:               0 kB
HighTotal:       1436668 kB
HighFree:          27616 kB
LowTotal:         424316 kB
LowFree:           54000 kB
SwapTotal:        716796 kB
SwapFree:         518248 kB
Dirty:                40 kB
Writeback:             0 kB
AnonPages:        493444 kB
Mapped:           244044 kB
Shmem:              1948 kB
Slab:              45920 kB
SReclaimable:      14824 kB
SUnreclaim:        31096 kB
KernelStack:       11656 kB
PageTables:        26172 kB
NFS_Unstable:          0 kB
Bounce:                0 kB
WritebackTmp:          0 kB
CommitLimit:     1647288 kB
Committed_AS:   57095088 kB
VmallocTotal:     458752 kB
VmallocUsed:      120160 kB
VmallocChunk:     165532 kB
Time pass: 266 sec

---2015-11-20 13:53:35
MemTotal:        1860984 kB
MemFree:           86788 kB
Buffers:            5924 kB
Cached:           712796 kB
SwapCached:        16460 kB
Active:           566940 kB
Inactive:         641068 kB
Active(anon):     352364 kB
Inactive(anon):   139748 kB
Active(file):     214576 kB
Inactive(file):   501320 kB
Unevictable:         876 kB
Mlocked:               0 kB
HighTotal:       1436668 kB
HighFree:          32080 kB
LowTotal:         424316 kB
LowFree:           54708 kB
SwapTotal:        716796 kB
SwapFree:         518352 kB
Dirty:                 0 kB
Writeback:             0 kB
AnonPages:        487864 kB
Mapped:           244044 kB
Shmem:              1948 kB
Slab:              45900 kB
SReclaimable:      14824 kB
SUnreclaim:        31076 kB
KernelStack:       11664 kB
PageTables:        26172 kB
NFS_Unstable:          0 kB
Bounce:                0 kB
WritebackTmp:          0 kB
CommitLimit:     1647288 kB
Committed_AS:   57095096 kB
VmallocTotal:     458752 kB
VmallocUsed:      120160 kB
VmallocChunk:     165532 kB
Time pass: 269 sec

---2015-11-20 13:53:35
MemTotal:        1860984 kB
MemFree:           90620 kB
Buffers:            5924 kB
Cached:           712784 kB
SwapCached:        16472 kB
Active:           564576 kB
Inactive:         639320 kB
Active(anon):     350000 kB
Inactive(anon):   138000 kB
Active(file):     214576 kB
Inactive(file):   501320 kB
Unevictable:         876 kB
Mlocked:               0 kB
HighTotal:       1436668 kB
HighFree:          34808 kB
LowTotal:         424316 kB
LowFree:           55812 kB
SwapTotal:        716796 kB
SwapFree:         514152 kB
Dirty:                 0 kB
Writeback:             0 kB
AnonPages:        483784 kB
Mapped:           244044 kB
Shmem:              1948 kB
Slab:              45952 kB
SReclaimable:      14824 kB
SUnreclaim:        31128 kB
KernelStack:       11616 kB
PageTables:        26172 kB
NFS_Unstable:          0 kB
Bounce:                0 kB
WritebackTmp:          0 kB
CommitLimit:     1647288 kB
Committed_AS:   57095044 kB
VmallocTotal:     458752 kB
VmallocUsed:      120160 kB
VmallocChunk:     165532 kB
Time pass: 273 sec

---2015-11-20 13:53:35
MemTotal:        1860984 kB
MemFree:           90688 kB
Buffers:            5948 kB
Cached:           712796 kB
SwapCached:        16472 kB
Active:           564480 kB
Inactive:         639364 kB
Active(anon):     349904 kB
Inactive(anon):   138012 kB
Active(file):     214576 kB
Inactive(file):   501352 kB
Unevictable:         876 kB
Mlocked:               0 kB
HighTotal:       1436668 kB
HighFree:          35020 kB
LowTotal:         424316 kB
LowFree:           55668 kB
SwapTotal:        716796 kB
SwapFree:         514152 kB
Dirty:                40 kB
Writeback:             0 kB
AnonPages:        483668 kB
Mapped:           244044 kB
Shmem:              1948 kB
Slab:              46012 kB
SReclaimable:      14824 kB
SUnreclaim:        31188 kB
KernelStack:       11672 kB
PageTables:        26176 kB
NFS_Unstable:          0 kB
Bounce:                0 kB
WritebackTmp:          0 kB
CommitLimit:     1647288 kB
Committed_AS:   57094908 kB
VmallocTotal:     458752 kB
VmallocUsed:      120160 kB
VmallocChunk:     165532 kB
Time pass: 276 sec

---2015-11-20 13:53:35
MemTotal:        1860984 kB
MemFree:           92260 kB
Buffers:            5948 kB
Cached:           712796 kB
SwapCached:        16476 kB
Active:           561604 kB
Inactive:         638024 kB
Active(anon):     347028 kB
Inactive(anon):   136680 kB
Active(file):     214576 kB
Inactive(file):   501344 kB
Unevictable:         876 kB
Mlocked:               0 kB
HighTotal:       1436668 kB
HighFree:          36880 kB
LowTotal:         424316 kB
LowFree:           55380 kB
SwapTotal:        716796 kB
SwapFree:         509984 kB
Dirty:                 0 kB
Writeback:             0 kB
AnonPages:        479584 kB
Mapped:           244044 kB
Shmem:              1948 kB
Slab:              46016 kB
SReclaimable:      14832 kB
SUnreclaim:        31184 kB
KernelStack:       11664 kB
PageTables:        26172 kB
NFS_Unstable:          0 kB
Bounce:                0 kB
WritebackTmp:          0 kB
CommitLimit:     1647288 kB
Committed_AS:   57094656 kB
VmallocTotal:     458752 kB
VmallocUsed:      120160 kB
VmallocChunk:     165532 kB
Time pass: 280 sec

---2015-11-20 13:53:35
MemTotal:        1860984 kB
MemFree:           92236 kB
Buffers:            5972 kB
Cached:           712780 kB
SwapCached:        16476 kB
Active:           561936 kB
Inactive:         638024 kB
Active(anon):     347360 kB
Inactive(anon):   136680 kB
Active(file):     214576 kB
Inactive(file):   501344 kB
Unevictable:         876 kB
Mlocked:               0 kB
HighTotal:       1436668 kB
HighFree:          36756 kB
LowTotal:         424316 kB
LowFree:           55480 kB
SwapTotal:        716796 kB
SwapFree:         509984 kB
Dirty:                28 kB
Writeback:             0 kB
AnonPages:        479796 kB
Mapped:           244044 kB
Shmem:              1948 kB
Slab:              46072 kB
SReclaimable:      14832 kB
SUnreclaim:        31240 kB
KernelStack:       11688 kB
PageTables:        26172 kB
NFS_Unstable:          0 kB
Bounce:                0 kB
WritebackTmp:          0 kB
CommitLimit:     1647288 kB
Committed_AS:   57094920 kB
VmallocTotal:     458752 kB
VmallocUsed:      120160 kB
VmallocChunk:     165532 kB
Time pass: 284 sec

---2015-11-20 13:53:35
MemTotal:        1860984 kB
MemFree:           92536 kB
Buffers:            5972 kB
Cached:           712792 kB
SwapCached:        16480 kB
Active:           561272 kB
Inactive:         637172 kB
Active(anon):     346696 kB
Inactive(anon):   135804 kB
Active(file):     214576 kB
Inactive(file):   501368 kB
Unevictable:         876 kB
Mlocked:               0 kB
HighTotal:       1436668 kB
HighFree:          37004 kB
LowTotal:         424316 kB
LowFree:           55532 kB
SwapTotal:        716796 kB
SwapFree:         507824 kB
Dirty:                 0 kB
Writeback:             0 kB
AnonPages:        478588 kB
Mapped:           244044 kB
Shmem:              1948 kB
Slab:              45940 kB
SReclaimable:      14832 kB
SUnreclaim:        31108 kB
KernelStack:       11688 kB
PageTables:        26172 kB
NFS_Unstable:          0 kB
Bounce:                0 kB
WritebackTmp:          0 kB
CommitLimit:     1647288 kB
Committed_AS:   57096092 kB
VmallocTotal:     458752 kB
VmallocUsed:      120160 kB
VmallocChunk:     165532 kB
Time pass: 287 sec

---2015-11-20 13:53:35
MemTotal:        1860984 kB
MemFree:           95572 kB
Buffers:            5980 kB
Cached:           712796 kB
SwapCached:        16476 kB
Active:           559656 kB
Inactive:         636256 kB
Active(anon):     345080 kB
Inactive(anon):   134888 kB
Active(file):     214576 kB
Inactive(file):   501368 kB
Unevictable:         876 kB
Mlocked:               0 kB
HighTotal:       1436668 kB
HighFree:          38848 kB
LowTotal:         424316 kB
LowFree:           56724 kB
SwapTotal:        716796 kB
SwapFree:         505876 kB
Dirty:                28 kB
Writeback:             0 kB
AnonPages:        475520 kB
Mapped:           244044 kB
Shmem:              1948 kB
Slab:              46020 kB
SReclaimable:      14840 kB
SUnreclaim:        31180 kB
KernelStack:       11624 kB
PageTables:        26168 kB
NFS_Unstable:          0 kB
Bounce:                0 kB
WritebackTmp:          0 kB
CommitLimit:     1647288 kB
Committed_AS:   57094824 kB
VmallocTotal:     458752 kB
VmallocUsed:      120160 kB
VmallocChunk:     165532 kB
Time pass: 291 sec

---2015-11-20 13:53:35
MemTotal:        1860984 kB
MemFree:           95712 kB
Buffers:            5996 kB
Cached:           712796 kB
SwapCached:        16476 kB
Active:           559676 kB
Inactive:         636280 kB
Active(anon):     345100 kB
Inactive(anon):   134888 kB
Active(file):     214576 kB
Inactive(file):   501392 kB
Unevictable:         876 kB
Mlocked:               0 kB
HighTotal:       1436668 kB
HighFree:          38792 kB
LowTotal:         424316 kB
LowFree:           56920 kB
SwapTotal:        716796 kB
SwapFree:         505876 kB
Dirty:                 0 kB
Writeback:             0 kB
AnonPages:        475768 kB
Mapped:           244044 kB
Shmem:              1948 kB
Slab:              45920 kB
SReclaimable:      14824 kB
SUnreclaim:        31096 kB
KernelStack:       11616 kB
PageTables:        26168 kB
NFS_Unstable:          0 kB
Bounce:                0 kB
WritebackTmp:          0 kB
CommitLimit:     1647288 kB
Committed_AS:   57094784 kB
VmallocTotal:     458752 kB
VmallocUsed:      120160 kB
VmallocChunk:     165532 kB
Time pass: 294 sec

---2015-11-20 13:53:35
MemTotal:        1860984 kB
MemFree:           98532 kB
Buffers:            6004 kB
Cached:           712788 kB
SwapCached:        16208 kB
Active:           557968 kB
Inactive:         634092 kB
Active(anon):     343392 kB
Inactive(anon):   132700 kB
Active(file):     214576 kB
Inactive(file):   501392 kB
Unevictable:         876 kB
Mlocked:               0 kB
HighTotal:       1436668 kB
HighFree:          40484 kB
LowTotal:         424316 kB
LowFree:           58048 kB
SwapTotal:        716796 kB
SwapFree:         502024 kB
Dirty:                 0 kB
Writeback:             0 kB
AnonPages:        471940 kB
Mapped:           244020 kB
Shmem:              1948 kB
Slab:              45852 kB
SReclaimable:      14824 kB
SUnreclaim:        31028 kB
KernelStack:       11656 kB
PageTables:        26168 kB
NFS_Unstable:          0 kB
Bounce:                0 kB
WritebackTmp:          0 kB
CommitLimit:     1647288 kB
Committed_AS:   57094960 kB
VmallocTotal:     458752 kB
VmallocUsed:      120160 kB
VmallocChunk:     165532 kB
Time pass: 298 sec

---2015-11-20 13:53:35
MemTotal:        1860984 kB
MemFree:           97804 kB
Buffers:            6020 kB
Cached:           712800 kB
SwapCached:        16212 kB
Active:           557448 kB
Inactive:         633628 kB
Active(anon):     342872 kB
Inactive(anon):   132212 kB
Active(file):     214576 kB
Inactive(file):   501416 kB
Unevictable:         876 kB
Mlocked:               0 kB
HighTotal:       1436668 kB
HighFree:          39480 kB
LowTotal:         424316 kB
LowFree:           58324 kB
SwapTotal:        716796 kB
SwapFree:         500592 kB
Dirty:                40 kB
Writeback:             0 kB
AnonPages:        470776 kB
Mapped:           244028 kB
Shmem:              1956 kB
Slab:              45836 kB
SReclaimable:      14824 kB
SUnreclaim:        31012 kB
KernelStack:       11624 kB
PageTables:        26172 kB
NFS_Unstable:          0 kB
Bounce:                0 kB
WritebackTmp:          0 kB
CommitLimit:     1647288 kB
Committed_AS:   57095132 kB
VmallocTotal:     458752 kB
VmallocUsed:      120160 kB
VmallocChunk:     165532 kB
Time pass: 301 sec

---2015-11-20 13:53:35
MemTotal:        1860984 kB
MemFree:          100152 kB
Buffers:            6020 kB
Cached:           712804 kB
SwapCached:        16196 kB
Active:           555496 kB
Inactive:         632876 kB
Active(anon):     340920 kB
Inactive(anon):   131460 kB
Active(file):     214576 kB
Inactive(file):   501416 kB
Unevictable:         876 kB
Mlocked:               0 kB
HighTotal:       1436668 kB
HighFree:          41888 kB
LowTotal:         424316 kB
LowFree:           58264 kB
SwapTotal:        716796 kB
SwapFree:         497920 kB
Dirty:                 0 kB
Writeback:             0 kB
AnonPages:        468076 kB
Mapped:           244028 kB
Shmem:              1956 kB
Slab:              45832 kB
SReclaimable:      14840 kB
SUnreclaim:        30992 kB
KernelStack:       11664 kB
PageTables:        26172 kB
NFS_Unstable:          0 kB
Bounce:                0 kB
WritebackTmp:          0 kB
CommitLimit:     1647288 kB
Committed_AS:   57095056 kB
VmallocTotal:     458752 kB
VmallocUsed:      120160 kB
VmallocChunk:     165532 kB
Time pass: 305 sec

---2015-11-20 13:53:35
MemTotal:        1860984 kB
MemFree:          100764 kB
Buffers:            6044 kB
Cached:           712804 kB
SwapCached:        16200 kB
Active:           552604 kB
Inactive:         631748 kB
Active(anon):     338028 kB
Inactive(anon):   130308 kB
Active(file):     214576 kB
Inactive(file):   501440 kB
Unevictable:         876 kB
Mlocked:               0 kB
HighTotal:       1436668 kB
HighFree:          42500 kB
LowTotal:         424316 kB
LowFree:           58264 kB
SwapTotal:        716796 kB
SwapFree:         493804 kB
Dirty:                40 kB
Writeback:             0 kB
AnonPages:        464288 kB
Mapped:           244028 kB
Shmem:              1956 kB
Slab:              45804 kB
SReclaimable:      14832 kB
SUnreclaim:        30972 kB
KernelStack:       11672 kB
PageTables:        26172 kB
NFS_Unstable:          0 kB
Bounce:                0 kB
WritebackTmp:          0 kB
CommitLimit:     1647288 kB
Committed_AS:   57095064 kB
VmallocTotal:     458752 kB
VmallocUsed:      120160 kB
VmallocChunk:     165532 kB
Time pass: 308 sec

---2015-11-20 13:53:35
MemTotal:        1860984 kB
MemFree:          101844 kB
Buffers:            6044 kB
Cached:           712804 kB
SwapCached:        16272 kB
Active:           552560 kB
Inactive:         631832 kB
Active(anon):     337984 kB
Inactive(anon):   130392 kB
Active(file):     214576 kB
Inactive(file):   501440 kB
Unevictable:         876 kB
Mlocked:               0 kB
HighTotal:       1436668 kB
HighFree:          43024 kB
LowTotal:         424316 kB
LowFree:           58820 kB
SwapTotal:        716796 kB
SwapFree:         493816 kB
Dirty:                 0 kB
Writeback:             0 kB
AnonPages:        464068 kB
Mapped:           244028 kB
Shmem:              1956 kB
Slab:              45820 kB
SReclaimable:      14832 kB
SUnreclaim:        30988 kB
KernelStack:       11640 kB
PageTables:        26172 kB
NFS_Unstable:          0 kB
Bounce:                0 kB
WritebackTmp:          0 kB
CommitLimit:     1647288 kB
Committed_AS:   57094920 kB
VmallocTotal:     458752 kB
VmallocUsed:      120160 kB
VmallocChunk:     165532 kB
Time pass: 313 sec

---2015-11-20 13:53:35
MemTotal:        1860984 kB
MemFree:          103820 kB
Buffers:            6076 kB
Cached:           712804 kB
SwapCached:        16464 kB
Active:           550464 kB
Inactive:         630336 kB
Active(anon):     335888 kB
Inactive(anon):   128864 kB
Active(file):     214576 kB
Inactive(file):   501472 kB
Unevictable:         876 kB
Mlocked:               0 kB
HighTotal:       1436668 kB
HighFree:          44340 kB
LowTotal:         424316 kB
LowFree:           59480 kB
SwapTotal:        716796 kB
SwapFree:         489676 kB
Dirty:                 0 kB
Writeback:             0 kB
AnonPages:        460492 kB
Mapped:           244028 kB
Shmem:              1956 kB
Slab:              45808 kB
SReclaimable:      14832 kB
SUnreclaim:        30976 kB
KernelStack:       11680 kB
PageTables:        26172 kB
NFS_Unstable:          0 kB
Bounce:                0 kB
WritebackTmp:          0 kB
CommitLimit:     1647288 kB
Committed_AS:   57095020 kB
VmallocTotal:     458752 kB
VmallocUsed:      120160 kB
VmallocChunk:     165532 kB
Time pass: 316 sec

---2015-11-20 13:53:35
MemTotal:        1860984 kB
MemFree:          104552 kB
Buffers:            6076 kB
Cached:           712804 kB
SwapCached:        16464 kB
Active:           550560 kB
Inactive:         630336 kB
Active(anon):     335984 kB
Inactive(anon):   128864 kB
Active(file):     214576 kB
Inactive(file):   501472 kB
Unevictable:         876 kB
Mlocked:               0 kB
HighTotal:       1436668 kB
HighFree:          44476 kB
LowTotal:         424316 kB
LowFree:           60076 kB
SwapTotal:        716796 kB
SwapFree:         489684 kB
Dirty:                 0 kB
Writeback:             0 kB
AnonPages:        460592 kB
Mapped:           244028 kB
Shmem:              1956 kB
Slab:              45808 kB
SReclaimable:      14832 kB
SUnreclaim:        30976 kB
KernelStack:       11696 kB
PageTables:        26172 kB
NFS_Unstable:          0 kB
Bounce:                0 kB
WritebackTmp:          0 kB
CommitLimit:     1647288 kB
Committed_AS:   57095012 kB
VmallocTotal:     458752 kB
VmallocUsed:      120160 kB
VmallocChunk:     165532 kB
Time pass: 320 sec

---2015-11-20 13:53:35
MemTotal:        1860984 kB
MemFree:          105160 kB
Buffers:            6100 kB
Cached:           712736 kB
SwapCached:        15964 kB
Active:           548616 kB
Inactive:         629400 kB
Active(anon):     334040 kB
Inactive(anon):   127928 kB
Active(file):     214576 kB
Inactive(file):   501472 kB
Unevictable:         876 kB
Mlocked:               0 kB
HighTotal:       1436668 kB
HighFree:          45276 kB
LowTotal:         424316 kB
LowFree:           59884 kB
SwapTotal:        716796 kB
SwapFree:         486036 kB
Dirty:                28 kB
Writeback:             0 kB
AnonPages:        458284 kB
Mapped:           244028 kB
Shmem:              1956 kB
Slab:              45832 kB
SReclaimable:      14832 kB
SUnreclaim:        31000 kB
KernelStack:       11648 kB
PageTables:        26180 kB
NFS_Unstable:          0 kB
Bounce:                0 kB
WritebackTmp:          0 kB
CommitLimit:     1647288 kB
Committed_AS:   57096160 kB
VmallocTotal:     458752 kB
VmallocUsed:      120160 kB
VmallocChunk:     165532 kB
Time pass: 323 sec

---2015-11-20 13:53:35
MemTotal:        1860984 kB
MemFree:          107008 kB
Buffers:            6100 kB
Cached:           712804 kB
SwapCached:        15960 kB
Active:           548220 kB
Inactive:         629328 kB
Active(anon):     333644 kB
Inactive(anon):   127832 kB
Active(file):     214576 kB
Inactive(file):   501496 kB
Unevictable:         876 kB
Mlocked:               0 kB
HighTotal:       1436668 kB
HighFree:          46288 kB
LowTotal:         424316 kB
LowFree:           60720 kB
SwapTotal:        716796 kB
SwapFree:         486048 kB
Dirty:                 0 kB
Writeback:             0 kB
AnonPages:        457836 kB
Mapped:           244028 kB
Shmem:              1956 kB
Slab:              45876 kB
SReclaimable:      14832 kB
SUnreclaim:        31044 kB
KernelStack:       11632 kB
PageTables:        26172 kB
NFS_Unstable:          0 kB
Bounce:                0 kB
WritebackTmp:          0 kB
CommitLimit:     1647288 kB
Committed_AS:   57095340 kB
VmallocTotal:     458752 kB
VmallocUsed:      120160 kB
VmallocChunk:     165532 kB
Time pass: 327 sec

---2015-11-20 13:53:35
MemTotal:        1860984 kB
MemFree:          107016 kB
Buffers:            6108 kB
Cached:           712824 kB
SwapCached:        15960 kB
Active:           548252 kB
Inactive:         629348 kB
Active(anon):     333676 kB
Inactive(anon):   127852 kB
Active(file):     214576 kB
Inactive(file):   501496 kB
Unevictable:         876 kB
Mlocked:               0 kB
HighTotal:       1436668 kB
HighFree:          46176 kB
LowTotal:         424316 kB
LowFree:           60840 kB
SwapTotal:        716796 kB
SwapFree:         486048 kB
Dirty:                28 kB
Writeback:             0 kB
AnonPages:        457668 kB
Mapped:           244048 kB
