---2015-12-05 11:02:05
MemTotal:        2905316 kB
MemFree:           97124 kB
Buffers:           26904 kB
Cached:          1386056 kB
SwapCached:            0 kB
Active:          1280872 kB
Inactive:        1021632 kB
Active(anon):     759648 kB
Inactive(anon):   174648 kB
Active(file):     521224 kB
Inactive(file):   846984 kB
Unevictable:        7800 kB
Mlocked:               0 kB
SwapTotal:        720184 kB
SwapFree:         720184 kB
Dirty:                 4 kB
Writeback:             0 kB
AnonPages:        897248 kB
Mapped:           517888 kB
Shmem:             36948 kB
Slab:             119508 kB
SReclaimable:      35892 kB
SUnreclaim:        83616 kB
KernelStack:       31072 kB
PageTables:        57184 kB
NFS_Unstable:          0 kB
Bounce:                0 kB
WritebackTmp:          0 kB
CommitLimit:     2172840 kB
Committed_AS:   96367364 kB
VmallocTotal:   251658176 kB
VmallocUsed:      138696 kB
VmallocChunk:   251422764 kB
Time pass: 3 sec

---2015-12-05 11:02:05
MemTotal:        2905316 kB
MemFree:           98016 kB
Buffers:           26940 kB
Cached:          1386596 kB
SwapCached:            0 kB
Active:          1280176 kB
Inactive:        1022044 kB
Active(anon):     758928 kB
Inactive(anon):   174648 kB
Active(file):     521248 kB
Inactive(file):   847396 kB
Unevictable:        7800 kB
Mlocked:               0 kB
SwapTotal:        720184 kB
SwapFree:         720184 kB
Dirty:               220 kB
Writeback:             0 kB
AnonPages:        896596 kB
Mapped:           518588 kB
Shmem:             36948 kB
Slab:             119444 kB
SReclaimable:      35924 kB
SUnreclaim:        83520 kB
KernelStack:       31056 kB
PageTables:        57280 kB
NFS_Unstable:          0 kB
Bounce:                0 kB
WritebackTmp:          0 kB
CommitLimit:     2172840 kB
Committed_AS:   95119948 kB
VmallocTotal:   251658176 kB
VmallocUsed:      137676 kB
VmallocChunk:   251422764 kB
Time pass: 7 sec

---2015-12-05 11:02:05
MemTotal:        2905316 kB
MemFree:           99544 kB
Buffers:           26948 kB
Cached:          1386640 kB
SwapCached:            0 kB
Active:          1278232 kB
Inactive:        1022208 kB
Active(anon):     756952 kB
Inactive(anon):   174648 kB
Active(file):     521280 kB
Inactive(file):   847560 kB
Unevictable:        7800 kB
Mlocked:               0 kB
SwapTotal:        720184 kB
SwapFree:         720184 kB
Dirty:                92 kB
Writeback:             0 kB
AnonPages:        894736 kB
Mapped:           518388 kB
Shmem:             36948 kB
Slab:             119436 kB
SReclaimable:      35892 kB
SUnreclaim:        83544 kB
KernelStack:       30880 kB
PageTables:        56624 kB
NFS_Unstable:          0 kB
Bounce:                0 kB
WritebackTmp:          0 kB
CommitLimit:     2172840 kB
Committed_AS:   93870984 kB
VmallocTotal:   251658176 kB
VmallocUsed:      136656 kB
VmallocChunk:   251422764 kB
Time pass: 10 sec

---2015-12-05 11:02:05
MemTotal:        2905316 kB
MemFree:          106616 kB
Buffers:           26948 kB
Cached:          1387892 kB
SwapCached:            0 kB
Active:          1271216 kB
Inactive:        1023460 kB
Active(anon):     749932 kB
Inactive(anon):   174648 kB
Active(file):     521284 kB
Inactive(file):   848812 kB
Unevictable:        7800 kB
Mlocked:               0 kB
SwapTotal:        720184 kB
SwapFree:         720184 kB
Dirty:                16 kB
Writeback:             0 kB
AnonPages:        888048 kB
Mapped:           517876 kB
Shmem:             36948 kB
Slab:             119160 kB
SReclaimable:      35892 kB
SUnreclaim:        83268 kB
KernelStack:       30768 kB
PageTables:        56208 kB
NFS_Unstable:          0 kB
Bounce:                0 kB
WritebackTmp:          0 kB
CommitLimit:     2172840 kB
Committed_AS:   93142316 kB
VmallocTotal:   251658176 kB
VmallocUsed:      135636 kB
VmallocChunk:   251422764 kB
Time pass: 14 sec

---2015-12-05 11:02:05
MemTotal:        2905316 kB
MemFree:          106880 kB
Buffers:           26964 kB
Cached:          1388128 kB
SwapCached:            0 kB
Active:          1272168 kB
Inactive:        1023608 kB
Active(anon):     750784 kB
Inactive(anon):   174708 kB
Active(file):     521384 kB
Inactive(file):   848900 kB
Unevictable:        7800 kB
Mlocked:               0 kB
SwapTotal:        720184 kB
SwapFree:         720184 kB
Dirty:                96 kB
Writeback:             0 kB
AnonPages:        888604 kB
Mapped:           517844 kB
Shmem:             37008 kB
Slab:             118976 kB
SReclaimable:      35892 kB
SUnreclaim:        83084 kB
KernelStack:       30480 kB
PageTables:        55704 kB
NFS_Unstable:          0 kB
Bounce:                0 kB
WritebackTmp:          0 kB
CommitLimit:     2172840 kB
Committed_AS:   92445612 kB
VmallocTotal:   251658176 kB
VmallocUsed:      134616 kB
VmallocChunk:   251422764 kB
Time pass: 17 sec

---2015-12-05 11:02:05
MemTotal:        2905316 kB
MemFree:           75132 kB
Buffers:           26844 kB
Cached:          1280732 kB
SwapCached:            0 kB
Active:          1298412 kB
Inactive:         924376 kB
Active(anon):     768580 kB
Inactive(anon):   191864 kB
Active(file):     529832 kB
Inactive(file):   732512 kB
Unevictable:        7800 kB
Mlocked:               0 kB
SwapTotal:        720184 kB
SwapFree:         720184 kB
Dirty:              1580 kB
Writeback:             0 kB
AnonPages:        923372 kB
Mapped:           573180 kB
Shmem:             37140 kB
Slab:             119172 kB
SReclaimable:      36048 kB
SUnreclaim:        83124 kB
KernelStack:       31568 kB
PageTables:        56948 kB
NFS_Unstable:          0 kB
Bounce:                0 kB
WritebackTmp:          0 kB
CommitLimit:     2172840 kB
Committed_AS:   93271268 kB
VmallocTotal:   251658176 kB
VmallocUsed:      135896 kB
VmallocChunk:   251422764 kB
Time pass: 21 sec

---2015-12-05 11:02:05
MemTotal:        2905316 kB
MemFree:           97344 kB
Buffers:           23908 kB
Cached:          1240332 kB
SwapCached:            0 kB
Active:          1278748 kB
Inactive:         872356 kB
Active(anon):     747464 kB
Inactive(anon):   180604 kB
Active(file):     531284 kB
Inactive(file):   691752 kB
Unevictable:        7800 kB
Mlocked:               0 kB
SwapTotal:        720184 kB
SwapFree:         720184 kB
Dirty:               120 kB
Writeback:             0 kB
AnonPages:        894716 kB
Mapped:           590788 kB
Shmem:             33404 kB
Slab:             119096 kB
SReclaimable:      35888 kB
SUnreclaim:        83208 kB
KernelStack:       31664 kB
PageTables:        56572 kB
NFS_Unstable:          0 kB
Bounce:                0 kB
WritebackTmp:          0 kB
CommitLimit:     2172840 kB
Committed_AS:   93226760 kB
VmallocTotal:   251658176 kB
VmallocUsed:      136376 kB
VmallocChunk:   251422764 kB
Time pass: 25 sec

---2015-12-05 11:02:05
MemTotal:        2905316 kB
MemFree:           99888 kB
Buffers:           23924 kB
Cached:          1240248 kB
SwapCached:            0 kB
Active:          1276480 kB
Inactive:         872232 kB
Active(anon):     745192 kB
Inactive(anon):   180464 kB
Active(file):     531288 kB
Inactive(file):   691768 kB
Unevictable:        7800 kB
Mlocked:               0 kB
SwapTotal:        720184 kB
SwapFree:         720184 kB
Dirty:               148 kB
Writeback:             0 kB
AnonPages:        892416 kB
Mapped:           590748 kB
Shmem:             33312 kB
Slab:             119100 kB
SReclaimable:      35904 kB
SUnreclaim:        83196 kB
KernelStack:       31616 kB
PageTables:        56552 kB
NFS_Unstable:          0 kB
Bounce:                0 kB
WritebackTmp:          0 kB
CommitLimit:     2172840 kB
Committed_AS:   93226708 kB
VmallocTotal:   251658176 kB
VmallocUsed:      136376 kB
VmallocChunk:   251422764 kB
Time pass: 29 sec

---2015-12-05 11:02:05
MemTotal:        2905316 kB
MemFree:           99496 kB
Buffers:           23924 kB
Cached:          1240276 kB
SwapCached:            0 kB
Active:          1277100 kB
Inactive:         872240 kB
Active(anon):     745808 kB
Inactive(anon):   180464 kB
Active(file):     531292 kB
Inactive(file):   691776 kB
Unevictable:        7800 kB
Mlocked:               0 kB
SwapTotal:        720184 kB
SwapFree:         720184 kB
Dirty:               172 kB
Writeback:             0 kB
AnonPages:        892908 kB
Mapped:           590760 kB
Shmem:             33312 kB
Slab:             119080 kB
SReclaimable:      35920 kB
SUnreclaim:        83160 kB
KernelStack:       31616 kB
PageTables:        56520 kB
NFS_Unstable:          0 kB
Bounce:                0 kB
WritebackTmp:          0 kB
CommitLimit:     2172840 kB
Committed_AS:   93226772 kB
VmallocTotal:   251658176 kB
VmallocUsed:      136376 kB
VmallocChunk:   251422764 kB
Time pass: 32 sec

---2015-12-05 11:02:05
MemTotal:        2905316 kB
MemFree:          101408 kB
Buffers:           23932 kB
Cached:          1240212 kB
SwapCached:            0 kB
Active:          1275512 kB
Inactive:         872184 kB
Active(anon):     744204 kB
Inactive(anon):   180012 kB
Active(file):     531308 kB
Inactive(file):   692172 kB
Unevictable:        7800 kB
Mlocked:               0 kB
SwapTotal:        720184 kB
SwapFree:         720184 kB
Dirty:               124 kB
Writeback:             0 kB
AnonPages:        891284 kB
Mapped:           590500 kB
Shmem:             32860 kB
Slab:             119112 kB
SReclaimable:      35952 kB
SUnreclaim:        83160 kB
KernelStack:       31616 kB
PageTables:        56532 kB
NFS_Unstable:          0 kB
Bounce:                0 kB
WritebackTmp:          0 kB
CommitLimit:     2172840 kB
Committed_AS:   93224836 kB
VmallocTotal:   251658176 kB
VmallocUsed:      136376 kB
VmallocChunk:   251422764 kB
Time pass: 36 sec

---2015-12-05 11:02:05
MemTotal:        2905316 kB
MemFree:          114416 kB
Buffers:           23948 kB
Cached:          1240224 kB
SwapCached:            0 kB
Active:          1261548 kB
Inactive:         872200 kB
Active(anon):     730224 kB
Inactive(anon):   180012 kB
Active(file):     531324 kB
Inactive(file):   692188 kB
Unevictable:        7800 kB
Mlocked:               0 kB
SwapTotal:        720184 kB
SwapFree:         720184 kB
Dirty:                80 kB
Writeback:             0 kB
AnonPages:        877428 kB
Mapped:           590472 kB
Shmem:             32860 kB
Slab:             119088 kB
SReclaimable:      35952 kB
SUnreclaim:        83136 kB
KernelStack:       31616 kB
PageTables:        56512 kB
NFS_Unstable:          0 kB
Bounce:                0 kB
WritebackTmp:          0 kB
CommitLimit:     2172840 kB
Committed_AS:   93224812 kB
VmallocTotal:   251658176 kB
VmallocUsed:      136376 kB
VmallocChunk:   251422764 kB
Time pass: 39 sec

---2015-12-05 11:02:05
MemTotal:        2905316 kB
MemFree:           73996 kB
Buffers:           25468 kB
Cached:          1224400 kB
SwapCached:            0 kB
Active:          1270832 kB
Inactive:         858868 kB
Active(anon):     737304 kB
Inactive(anon):   183344 kB
Active(file):     533528 kB
Inactive(file):   675524 kB
Unevictable:        7800 kB
Mlocked:               0 kB
SwapTotal:        720184 kB
SwapFree:         720184 kB
Dirty:               168 kB
Writeback:             4 kB
AnonPages:        888040 kB
Mapped:           601880 kB
Shmem:             32864 kB
Slab:             118880 kB
SReclaimable:      35752 kB
SUnreclaim:        83128 kB
KernelStack:       31600 kB
PageTables:        56828 kB
NFS_Unstable:          0 kB
Bounce:                0 kB
WritebackTmp:          0 kB
CommitLimit:     2172840 kB
Committed_AS:   93243052 kB
VmallocTotal:   251658176 kB
VmallocUsed:      136632 kB
VmallocChunk:   251422764 kB
Time pass: 43 sec

---2015-12-05 11:02:05
MemTotal:        2905316 kB
MemFree:           70864 kB
Buffers:           25324 kB
Cached:          1208108 kB
SwapCached:            0 kB
Active:          1280580 kB
Inactive:         842592 kB
Active(anon):     743988 kB
Inactive(anon):   186476 kB
Active(file):     536592 kB
Inactive(file):   656116 kB
Unevictable:        7800 kB
Mlocked:               0 kB
SwapTotal:        720184 kB
SwapFree:         720184 kB
Dirty:               372 kB
Writeback:             0 kB
AnonPages:        897080 kB
Mapped:           607540 kB
Shmem:             32924 kB
Slab:             119208 kB
SReclaimable:      36056 kB
SUnreclaim:        83152 kB
KernelStack:       31648 kB
PageTables:        56984 kB
NFS_Unstable:          0 kB
Bounce:                0 kB
WritebackTmp:          0 kB
CommitLimit:     2172840 kB
Committed_AS:   93292308 kB
VmallocTotal:   251658176 kB
VmallocUsed:      136680 kB
VmallocChunk:   251422764 kB
Time pass: 47 sec

---2015-12-05 11:02:05
MemTotal:        2905316 kB
MemFree:           68140 kB
Buffers:           25332 kB
Cached:          1208148 kB
SwapCached:            0 kB
Active:          1281844 kB
Inactive:         842628 kB
Active(anon):     745244 kB
Inactive(anon):   186476 kB
Active(file):     536600 kB
Inactive(file):   656152 kB
Unevictable:        7800 kB
Mlocked:               0 kB
SwapTotal:        720184 kB
SwapFree:         720184 kB
Dirty:               388 kB
Writeback:             0 kB
AnonPages:        899128 kB
Mapped:           610388 kB
Shmem:             32924 kB
Slab:             119376 kB
SReclaimable:      36056 kB
SUnreclaim:        83320 kB
KernelStack:       31648 kB
PageTables:        56860 kB
NFS_Unstable:          0 kB
Bounce:                0 kB
WritebackTmp:          0 kB
CommitLimit:     2172840 kB
Committed_AS:   93292660 kB
VmallocTotal:   251658176 kB
VmallocUsed:      136704 kB
VmallocChunk:   251422764 kB
Time pass: 51 sec

---2015-12-05 11:02:05
MemTotal:        2905316 kB
MemFree:           74488 kB
Buffers:           25340 kB
Cached:          1208192 kB
SwapCached:            0 kB
Active:          1275604 kB
Inactive:         842676 kB
Active(anon):     739000 kB
Inactive(anon):   186480 kB
Active(file):     536604 kB
Inactive(file):   656196 kB
Unevictable:        7800 kB
Mlocked:               0 kB
SwapTotal:        720184 kB
SwapFree:         720184 kB
Dirty:                72 kB
Writeback:             0 kB
AnonPages:        892832 kB
Mapped:           611104 kB
Shmem:             32928 kB
Slab:             119560 kB
SReclaimable:      36056 kB
SUnreclaim:        83504 kB
KernelStack:       31696 kB
PageTables:        56876 kB
NFS_Unstable:          0 kB
Bounce:                0 kB
WritebackTmp:          0 kB
CommitLimit:     2172840 kB
Committed_AS:   93283668 kB
VmallocTotal:   251658176 kB
VmallocUsed:      136704 kB
VmallocChunk:   251422764 kB
Time pass: 55 sec

---2015-12-05 11:02:05
MemTotal:        2905316 kB
MemFree:           69652 kB
Buffers:           23352 kB
Cached:          1154384 kB
SwapCached:            0 kB
Active:          1296304 kB
Inactive:         782764 kB
Active(anon):     752016 kB
Inactive(anon):   190192 kB
Active(file):     544288 kB
Inactive(file):   592572 kB
Unevictable:        7800 kB
Mlocked:               0 kB
SwapTotal:        720184 kB
SwapFree:         720184 kB
Dirty:               724 kB
Writeback:            76 kB
AnonPages:        909836 kB
Mapped:           667456 kB
Shmem:             32928 kB
Slab:             117296 kB
SReclaimable:      34044 kB
SUnreclaim:        83252 kB
KernelStack:       31728 kB
PageTables:        56968 kB
NFS_Unstable:          0 kB
Bounce:                0 kB
WritebackTmp:          0 kB
CommitLimit:     2172840 kB
Committed_AS:   93294932 kB
VmallocTotal:   251658176 kB
VmallocUsed:      137120 kB
VmallocChunk:   251422764 kB
Time pass: 58 sec

---2015-12-05 11:02:05
MemTotal:        2905316 kB
MemFree:           75112 kB
Buffers:           23148 kB
Cached:          1132700 kB
SwapCached:            0 kB
Active:          1300632 kB
Inactive:         758960 kB
Active(anon):     753692 kB
Inactive(anon):   190704 kB
Active(file):     546940 kB
Inactive(file):   568256 kB
Unevictable:        7800 kB
Mlocked:               0 kB
SwapTotal:        720184 kB
SwapFree:         720184 kB
Dirty:               772 kB
Writeback:             0 kB
AnonPages:        911560 kB
Mapped:           675864 kB
Shmem:             32928 kB
Slab:             119220 kB
SReclaimable:      36044 kB
SUnreclaim:        83176 kB
KernelStack:       31776 kB
PageTables:        57020 kB
NFS_Unstable:          0 kB
Bounce:                0 kB
WritebackTmp:          0 kB
CommitLimit:     2172840 kB
Committed_AS:   93296176 kB
VmallocTotal:   251658176 kB
VmallocUsed:      137220 kB
VmallocChunk:   251422764 kB
Time pass: 62 sec

---2015-12-05 11:02:05
MemTotal:        2905316 kB
MemFree:           74980 kB
Buffers:           23156 kB
Cached:          1132704 kB
SwapCached:            0 kB
Active:          1300548 kB
Inactive:         758964 kB
Active(anon):     753556 kB
Inactive(anon):   190832 kB
Active(file):     546992 kB
Inactive(file):   568132 kB
Unevictable:        7800 kB
Mlocked:               0 kB
SwapTotal:        720184 kB
SwapFree:         720184 kB
Dirty:                40 kB
Writeback:             0 kB
AnonPages:        911512 kB
Mapped:           676264 kB
Shmem:             32928 kB
Slab:             119224 kB
SReclaimable:      36052 kB
SUnreclaim:        83172 kB
KernelStack:       31792 kB
PageTables:        57044 kB
NFS_Unstable:          0 kB
Bounce:                0 kB
WritebackTmp:          0 kB
CommitLimit:     2172840 kB
Committed_AS:   93296164 kB
VmallocTotal:   251658176 kB
VmallocUsed:      137220 kB
VmallocChunk:   251422764 kB
Time pass: 66 sec

---2015-12-05 11:02:05
MemTotal:        2905316 kB
MemFree:           72056 kB
Buffers:           23056 kB
Cached:          1115876 kB
SwapCached:            0 kB
Active:          1307236 kB
Inactive:         741264 kB
Active(anon):     758164 kB
Inactive(anon):   192232 kB
Active(file):     549072 kB
Inactive(file):   549032 kB
Unevictable:        7948 kB
Mlocked:               0 kB
SwapTotal:        720184 kB
SwapFree:         720184 kB
Dirty:               524 kB
Writeback:             0 kB
AnonPages:        917372 kB
Mapped:           680928 kB
Shmem:             32928 kB
Slab:             116972 kB
SReclaimable:      33668 kB
SUnreclaim:        83304 kB
KernelStack:       31808 kB
PageTables:        57004 kB
NFS_Unstable:          0 kB
Bounce:                0 kB
WritebackTmp:          0 kB
CommitLimit:     2172840 kB
Committed_AS:   93299404 kB
VmallocTotal:   251658176 kB
VmallocUsed:      137372 kB
VmallocChunk:   251422764 kB
Time pass: 69 sec

---2015-12-05 11:02:05
MemTotal:        2905316 kB
MemFree:           66672 kB
Buffers:           22972 kB
Cached:          1112700 kB
SwapCached:            0 kB
Active:          1305668 kB
Inactive:         737588 kB
Active(anon):     759984 kB
Inactive(anon):   192224 kB
Active(file):     545684 kB
Inactive(file):   545364 kB
Unevictable:       11724 kB
Mlocked:               0 kB
SwapTotal:        720184 kB
SwapFree:         720156 kB
Dirty:               628 kB
Writeback:             0 kB
AnonPages:        919400 kB
Mapped:           681280 kB
Shmem:             32928 kB
Slab:             119600 kB
SReclaimable:      36116 kB
SUnreclaim:        83484 kB
KernelStack:       31760 kB
PageTables:        56956 kB
NFS_Unstable:          0 kB
Bounce:                0 kB
WritebackTmp:          0 kB
CommitLimit:     2172840 kB
Committed_AS:   93300272 kB
VmallocTotal:   251658176 kB
VmallocUsed:      137408 kB
VmallocChunk:   251422764 kB
Time pass: 73 sec

---2015-12-05 11:02:05
MemTotal:        2905316 kB
MemFree:           67976 kB
Buffers:           23516 kB
Cached:          1092688 kB
SwapCached:            0 kB
Active:          1314336 kB
Inactive:         730164 kB
Active(anon):     779288 kB
Inactive(anon):   194948 kB
Active(file):     535048 kB
Inactive(file):   535216 kB
Unevictable:       12764 kB
Mlocked:               0 kB
SwapTotal:        720184 kB
SwapFree:         720156 kB
Dirty:               544 kB
Writeback:             0 kB
AnonPages:        941288 kB
Mapped:           684904 kB
Shmem:             33088 kB
Slab:             119272 kB
SReclaimable:      35908 kB
SUnreclaim:        83364 kB
KernelStack:       32160 kB
PageTables:        57276 kB
NFS_Unstable:          0 kB
Bounce:                0 kB
WritebackTmp:          0 kB
CommitLimit:     2172840 kB
Committed_AS:   93379700 kB
VmallocTotal:   251658176 kB
VmallocUsed:      139856 kB
VmallocChunk:   251422764 kB
Time pass: 77 sec

---2015-12-05 11:02:05
MemTotal:        2905316 kB
MemFree:           67196 kB
Buffers:           23460 kB
Cached:          1058952 kB
SwapCached:            0 kB
Active:          1299404 kB
Inactive:         714952 kB
Active(anon):     782332 kB
Inactive(anon):   195660 kB
Active(file):     517072 kB
Inactive(file):   519292 kB
Unevictable:       12768 kB
Mlocked:               0 kB
SwapTotal:        720184 kB
SwapFree:         720156 kB
Dirty:               192 kB
Writeback:             0 kB
AnonPages:        945000 kB
Mapped:           678924 kB
Shmem:             33212 kB
Slab:             119536 kB
SReclaimable:      35940 kB
SUnreclaim:        83596 kB
KernelStack:       32144 kB
PageTables:        57324 kB
NFS_Unstable:          0 kB
Bounce:                0 kB
WritebackTmp:          0 kB
CommitLimit:     2172840 kB
Committed_AS:   93381340 kB
VmallocTotal:   251658176 kB
VmallocUsed:      139856 kB
VmallocChunk:   251422764 kB
Time pass: 81 sec

---2015-12-05 11:02:05
MemTotal:        2905316 kB
MemFree:           65928 kB
Buffers:           23468 kB
Cached:          1058880 kB
SwapCached:            0 kB
Active:          1301236 kB
Inactive:         715004 kB
Active(anon):     784232 kB
Inactive(anon):   195740 kB
Active(file):     517004 kB
Inactive(file):   519264 kB
Unevictable:       12768 kB
Mlocked:               0 kB
SwapTotal:        720184 kB
SwapFree:         720156 kB
Dirty:                12 kB
Writeback:             0 kB
AnonPages:        946692 kB
Mapped:           679144 kB
Shmem:             33292 kB
Slab:             119600 kB
SReclaimable:      36036 kB
SUnreclaim:        83564 kB
KernelStack:       32144 kB
PageTables:        57448 kB
NFS_Unstable:          0 kB
Bounce:                0 kB
WritebackTmp:          0 kB
CommitLimit:     2172840 kB
Committed_AS:   93384128 kB
VmallocTotal:   251658176 kB
VmallocUsed:      139856 kB
VmallocChunk:   251422764 kB
Time pass: 84 sec

---2015-12-05 11:02:05
MemTotal:        2905316 kB
MemFree:           64404 kB
Buffers:           23492 kB
Cached:          1059164 kB
SwapCached:            0 kB
Active:          1302100 kB
Inactive:         715196 kB
Active(anon):     785096 kB
Inactive(anon):   195828 kB
Active(file):     517004 kB
Inactive(file):   519368 kB
Unevictable:       12768 kB
Mlocked:               0 kB
SwapTotal:        720184 kB
SwapFree:         720156 kB
Dirty:               128 kB
Writeback:             0 kB
AnonPages:        947336 kB
Mapped:           679476 kB
Shmem:             33516 kB
Slab:             119536 kB
SReclaimable:      35956 kB
SUnreclaim:        83580 kB
KernelStack:       32144 kB
PageTables:        57468 kB
NFS_Unstable:          0 kB
Bounce:                0 kB
WritebackTmp:          0 kB
CommitLimit:     2172840 kB
Committed_AS:   93384920 kB
VmallocTotal:   251658176 kB
VmallocUsed:      139856 kB
VmallocChunk:   251422764 kB
Time pass: 88 sec

---2015-12-05 11:02:05
MemTotal:        2905316 kB
MemFree:           63696 kB
Buffers:           23500 kB
Cached:          1059192 kB
SwapCached:            0 kB
Active:          1302520 kB
Inactive:         715272 kB
Active(anon):     785492 kB
Inactive(anon):   195904 kB
Active(file):     517028 kB
Inactive(file):   519368 kB
Unevictable:       12768 kB
Mlocked:               0 kB
SwapTotal:        720184 kB
SwapFree:         720156 kB
Dirty:                36 kB
Writeback:             0 kB
AnonPages:        947716 kB
Mapped:           679508 kB
Shmem:             33528 kB
Slab:             119536 kB
SReclaimable:      35956 kB
SUnreclaim:        83580 kB
KernelStack:       32144 kB
PageTables:        57472 kB
NFS_Unstable:          0 kB
Bounce:                0 kB
WritebackTmp:          0 kB
CommitLimit:     2172840 kB
Committed_AS:   93384896 kB
VmallocTotal:   251658176 kB
VmallocUsed:      139856 kB
VmallocChunk:   251422764 kB
Time pass: 92 sec

---2015-12-05 11:02:05
MemTotal:        2905316 kB
MemFree:           64024 kB
Buffers:           23516 kB
Cached:          1059256 kB
SwapCached:            0 kB
Active:          1302780 kB
Inactive:         715324 kB
Active(anon):     785732 kB
Inactive(anon):   195896 kB
Active(file):     517048 kB
Inactive(file):   519428 kB
Unevictable:       12768 kB
Mlocked:               0 kB
SwapTotal:        720184 kB
SwapFree:         720156 kB
Dirty:               128 kB
Writeback:             0 kB
AnonPages:        948256 kB
Mapped:           679456 kB
Shmem:             33528 kB
Slab:             119500 kB
SReclaimable:      35956 kB
SUnreclaim:        83544 kB
KernelStack:       32144 kB
PageTables:        57452 kB
NFS_Unstable:          0 kB
Bounce:                0 kB
WritebackTmp:          0 kB
CommitLimit:     2172840 kB
Committed_AS:   93384872 kB
VmallocTotal:   251658176 kB
VmallocUsed:      139856 kB
VmallocChunk:   251422764 kB
Time pass: 95 sec

---2015-12-05 11:02:05
MemTotal:        2905316 kB
MemFree:           66588 kB
Buffers:           23500 kB
Cached:          1052272 kB
SwapCached:            0 kB
Active:          1304560 kB
Inactive:         711400 kB
Active(anon):     790044 kB
Inactive(anon):   196676 kB
Active(file):     514516 kB
Inactive(file):   514724 kB
Unevictable:       12768 kB
Mlocked:               0 kB
SwapTotal:        720184 kB
SwapFree:         720156 kB
Dirty:                16 kB
Writeback:             0 kB
AnonPages:        953120 kB
Mapped:           679412 kB
Shmem:             33540 kB
Slab:             119512 kB
SReclaimable:      35940 kB
SUnreclaim:        83572 kB
KernelStack:       32144 kB
PageTables:        57480 kB
NFS_Unstable:          0 kB
Bounce:                0 kB
WritebackTmp:          0 kB
CommitLimit:     2172840 kB
Committed_AS:   96820680 kB
VmallocTotal:   251658176 kB
VmallocUsed:      139856 kB
VmallocChunk:   251422764 kB
Time pass: 99 sec

---2015-12-05 11:02:05
MemTotal:        2905316 kB
MemFree:          360720 kB
Buffers:           23396 kB
Cached:          1050052 kB
SwapCached:            0 kB
Active:          1208604 kB
Inactive:         712544 kB
Active(anon):     696180 kB
Inactive(anon):   197580 kB
Active(file):     512424 kB
Inactive(file):   514964 kB
Unevictable:       12768 kB
Mlocked:               0 kB
SwapTotal:        720184 kB
SwapFree:         720156 kB
Dirty:               624 kB
Writeback:             4 kB
AnonPages:        860696 kB
Mapped:           477856 kB
Shmem:             33284 kB
Slab:             119448 kB
SReclaimable:      35796 kB
SUnreclaim:        83652 kB
KernelStack:       30896 kB
PageTables:        54788 kB
NFS_Unstable:          0 kB
Bounce:                0 kB
WritebackTmp:          0 kB
CommitLimit:     2172840 kB
Committed_AS:   91756184 kB
VmallocTotal:   251658176 kB
VmallocUsed:      136124 kB
VmallocChunk:   251422764 kB
Time pass: 103 sec

---2015-12-05 11:02:05
MemTotal:        2905316 kB
MemFree:          217600 kB
Buffers:           24516 kB
Cached:          1054868 kB
SwapCached:            0 kB
Active:          1295492 kB
Inactive:         714160 kB
Active(anon):     778800 kB
Inactive(anon):   197864 kB
Active(file):     516692 kB
Inactive(file):   516296 kB
Unevictable:       12768 kB
Mlocked:               0 kB
SwapTotal:        720184 kB
SwapFree:         720156 kB
Dirty:              2080 kB
Writeback:             0 kB
AnonPages:        942864 kB
Mapped:           587168 kB
Shmem:             33628 kB
Slab:             119904 kB
SReclaimable:      35856 kB
SUnreclaim:        84048 kB
KernelStack:       34128 kB
PageTables:        57192 kB
NFS_Unstable:          0 kB
Bounce:                0 kB
WritebackTmp:          0 kB
CommitLimit:     2172840 kB
Committed_AS:   94408676 kB
VmallocTotal:   251658176 kB
VmallocUsed:      138784 kB
VmallocChunk:   251422764 kB
Time pass: 106 sec

---2015-12-05 11:02:05
MemTotal:        2905316 kB
MemFree:          200516 kB
Buffers:           25788 kB
Cached:          1057348 kB
SwapCached:            0 kB
Active:          1279648 kB
Inactive:         717512 kB
Active(anon):     762556 kB
Inactive(anon):   197772 kB
Active(file):     517092 kB
Inactive(file):   519740 kB
Unevictable:       12768 kB
Mlocked:               0 kB
SwapTotal:        720184 kB
SwapFree:         720156 kB
Dirty:              1024 kB
Writeback:             0 kB
AnonPages:        926912 kB
Mapped:           616692 kB
Shmem:             33536 kB
Slab:             119828 kB
SReclaimable:      35792 kB
SUnreclaim:        84036 kB
KernelStack:       34016 kB
PageTables:        57312 kB
NFS_Unstable:          0 kB
Bounce:                0 kB
WritebackTmp:          0 kB
CommitLimit:     2172840 kB
Committed_AS:   94402540 kB
VmallocTotal:   251658176 kB
VmallocUsed:      139052 kB
VmallocChunk:   251422764 kB
Time pass: 110 sec

---2015-12-05 11:02:05
MemTotal:        2905316 kB
MemFree:          122560 kB
Buffers:           25788 kB
Cached:          1058296 kB
SwapCached:            0 kB
Active:          1292560 kB
Inactive:         717412 kB
Active(anon):     774120 kB
Inactive(anon):   197772 kB
Active(file):     518440 kB
Inactive(file):   519640 kB
Unevictable:       12768 kB
Mlocked:               0 kB
SwapTotal:        720184 kB
SwapFree:         720156 kB
Dirty:               580 kB
Writeback:             0 kB
AnonPages:        938320 kB
Mapped:           664620 kB
Shmem:             33536 kB
Slab:             119972 kB
SReclaimable:      35792 kB
SUnreclaim:        84180 kB
KernelStack:       34048 kB
PageTables:        57428 kB
NFS_Unstable:          0 kB
Bounce:                0 kB
WritebackTmp:          0 kB
CommitLimit:     2172840 kB
Committed_AS:   94424812 kB
VmallocTotal:   251658176 kB
VmallocUsed:      139528 kB
VmallocChunk:   251422764 kB
Time pass: 114 sec

---2015-12-05 11:02:05
MemTotal:        2905316 kB
MemFree:           95652 kB
Buffers:           25796 kB
Cached:          1060508 kB
SwapCached:            0 kB
Active:          1295992 kB
Inactive:         719036 kB
Active(anon):     777272 kB
Inactive(anon):   197772 kB
Active(file):     518720 kB
Inactive(file):   521264 kB
Unevictable:       12768 kB
Mlocked:               0 kB
SwapTotal:        720184 kB
SwapFree:         720156 kB
Dirty:              1052 kB
Writeback:             0 kB
AnonPages:        941588 kB
Mapped:           680404 kB
Shmem:             33536 kB
Slab:             120068 kB
SReclaimable:      35792 kB
SUnreclaim:        84276 kB
KernelStack:       34112 kB
PageTables:        57592 kB
NFS_Unstable:          0 kB
Bounce:                0 kB
WritebackTmp:          0 kB
CommitLimit:     2172840 kB
Committed_AS:   94426832 kB
VmallocTotal:   251658176 kB
VmallocUsed:      137280 kB
VmallocChunk:   251422764 kB
Time pass: 118 sec

---2015-12-05 11:02:05
MemTotal:        2905316 kB
MemFree:           83948 kB
Buffers:           25848 kB
Cached:          1064660 kB
SwapCached:            0 kB
Active:          1304176 kB
Inactive:         723196 kB
Active(anon):     785404 kB
Inactive(anon):   197772 kB
Active(file):     518772 kB
Inactive(file):   525424 kB
Unevictable:       12768 kB
Mlocked:               0 kB
SwapTotal:        720184 kB
SwapFree:         720156 kB
Dirty:               412 kB
Writeback:             0 kB
AnonPages:        950244 kB
Mapped:           681200 kB
Shmem:             33536 kB
Slab:             120076 kB
SReclaimable:      35792 kB
SUnreclaim:        84284 kB
KernelStack:       34352 kB
PageTables:        57628 kB
NFS_Unstable:          0 kB
Bounce:                0 kB
WritebackTmp:          0 kB
CommitLimit:     2172840 kB
Committed_AS:   94430972 kB
VmallocTotal:   251658176 kB
VmallocUsed:      137280 kB
VmallocChunk:   251422764 kB
Time pass: 121 sec

---2015-12-05 11:02:05
MemTotal:        2905316 kB
MemFree:           73556 kB
Buffers:           25764 kB
Cached:          1051592 kB
SwapCached:            0 kB
Active:          1302368 kB
Inactive:         714192 kB
Active(anon):     786968 kB
Inactive(anon):   198540 kB
Active(file):     515400 kB
Inactive(file):   515652 kB
Unevictable:       12768 kB
Mlocked:               0 kB
SwapTotal:        720184 kB
SwapFree:         720156 kB
Dirty:                72 kB
Writeback:             4 kB
AnonPages:        952108 kB
Mapped:           694316 kB
Shmem:             33536 kB
Slab:             120132 kB
SReclaimable:      35792 kB
SUnreclaim:        84340 kB
KernelStack:       34336 kB
PageTables:        57584 kB
NFS_Unstable:          0 kB
Bounce:                0 kB
WritebackTmp:          0 kB
CommitLimit:     2172840 kB
Committed_AS:   94431468 kB
VmallocTotal:   251658176 kB
VmallocUsed:      137464 kB
VmallocChunk:   251422764 kB
Time pass: 125 sec

---2015-12-05 11:02:05
MemTotal:        2905316 kB
MemFree:           73288 kB
Buffers:           25772 kB
Cached:          1051592 kB
SwapCached:            0 kB
Active:          1302540 kB
Inactive:         714200 kB
Active(anon):     787140 kB
Inactive(anon):   198540 kB
Active(file):     515400 kB
Inactive(file):   515660 kB
Unevictable:       12768 kB
Mlocked:               0 kB
SwapTotal:        720184 kB
SwapFree:         720156 kB
Dirty:                96 kB
Writeback:             0 kB
AnonPages:        952212 kB
Mapped:           694328 kB
Shmem:             33536 kB
Slab:             120020 kB
SReclaimable:      35824 kB
SUnreclaim:        84196 kB
KernelStack:       34336 kB
PageTables:        57584 kB
NFS_Unstable:          0 kB
Bounce:                0 kB
WritebackTmp:          0 kB
CommitLimit:     2172840 kB
Committed_AS:   94431492 kB
VmallocTotal:   251658176 kB
VmallocUsed:      137464 kB
VmallocChunk:   251422764 kB
Time pass: 129 sec

---2015-12-05 11:02:05
MemTotal:        2905316 kB
MemFree:           71580 kB
Buffers:           25780 kB
Cached:          1051596 kB
SwapCached:            0 kB
Active:          1302488 kB
Inactive:         714212 kB
Active(anon):     787088 kB
Inactive(anon):   198540 kB
Active(file):     515400 kB
Inactive(file):   515672 kB
Unevictable:       12768 kB
Mlocked:               0 kB
SwapTotal:        720184 kB
SwapFree:         720156 kB
Dirty:                 8 kB
Writeback:             0 kB
AnonPages:        952196 kB
Mapped:           694332 kB
Shmem:             33536 kB
Slab:             120112 kB
SReclaimable:      35824 kB
SUnreclaim:        84288 kB
KernelStack:       34336 kB
PageTables:        57580 kB
NFS_Unstable:          0 kB
Bounce:                0 kB
WritebackTmp:          0 kB
CommitLimit:     2172840 kB
Committed_AS:   94431564 kB
VmallocTotal:   251658176 kB
VmallocUsed:      137464 kB
VmallocChunk:   251422764 kB
Time pass: 132 sec

---2015-12-05 11:02:05
MemTotal:        2905316 kB
MemFree:           69992 kB
Buffers:           25752 kB
Cached:          1037556 kB
SwapCached:            0 kB
Active:          1307092 kB
Inactive:         708336 kB
Active(anon):     798616 kB
Inactive(anon):   199996 kB
Active(file):     508476 kB
Inactive(file):   508340 kB
Unevictable:       12768 kB
Mlocked:               0 kB
SwapTotal:        720184 kB
SwapFree:         720156 kB
Dirty:               148 kB
Writeback:             0 kB
AnonPages:        965060 kB
Mapped:           697624 kB
Shmem:             33724 kB
Slab:             119900 kB
SReclaimable:      35596 kB
SUnreclaim:        84304 kB
KernelStack:       34704 kB
PageTables:        57876 kB
NFS_Unstable:          0 kB
Bounce:                0 kB
WritebackTmp:          0 kB
CommitLimit:     2172840 kB
Committed_AS:   94499216 kB
VmallocTotal:   251658176 kB
VmallocUsed:      139912 kB
VmallocChunk:   251422764 kB
Time pass: 136 sec

---2015-12-05 11:02:05
MemTotal:        2905316 kB
MemFree:           70008 kB
Buffers:           25768 kB
Cached:          1037608 kB
SwapCached:            0 kB
Active:          1309936 kB
Inactive:         708396 kB
Active(anon):     801444 kB
Inactive(anon):   200020 kB
Active(file):     508492 kB
Inactive(file):   508376 kB
Unevictable:       12768 kB
Mlocked:               0 kB
SwapTotal:        720184 kB
SwapFree:         720156 kB
Dirty:                 0 kB
Writeback:             0 kB
AnonPages:        968060 kB
Mapped:           698192 kB
Shmem:             33740 kB
Slab:             120144 kB
SReclaimable:      35692 kB
SUnreclaim:        84452 kB
KernelStack:       34704 kB
PageTables:        57884 kB
NFS_Unstable:          0 kB
Bounce:                0 kB
WritebackTmp:          0 kB
CommitLimit:     2172840 kB
Committed_AS:   94499952 kB
VmallocTotal:   251658176 kB
VmallocUsed:      139912 kB
VmallocChunk:   251422764 kB
Time pass: 140 sec

---2015-12-05 11:02:05
MemTotal:        2905316 kB
MemFree:           66012 kB
Buffers:           25784 kB
Cached:          1040264 kB
SwapCached:            0 kB
Active:          1311600 kB
Inactive:         711048 kB
Active(anon):     803100 kB
Inactive(anon):   200160 kB
Active(file):     508500 kB
Inactive(file):   510888 kB
Unevictable:       12768 kB
Mlocked:               0 kB
SwapTotal:        720184 kB
SwapFree:         720156 kB
Dirty:               116 kB
Writeback:             0 kB
AnonPages:        969484 kB
Mapped:           698592 kB
Shmem:             33880 kB
Slab:             120024 kB
SReclaimable:      35692 kB
SUnreclaim:        84332 kB
KernelStack:       34736 kB
PageTables:        57972 kB
NFS_Unstable:          0 kB
Bounce:                0 kB
WritebackTmp:          0 kB
CommitLimit:     2172840 kB
Committed_AS:   94501480 kB
VmallocTotal:   251658176 kB
VmallocUsed:      139912 kB
VmallocChunk:   251422764 kB
Time pass: 144 sec

---2015-12-05 11:02:05
MemTotal:        2905316 kB
MemFree:           65204 kB
Buffers:           25792 kB
Cached:          1040288 kB
SwapCached:            0 kB
Active:          1312084 kB
Inactive:         711068 kB
Active(anon):     803572 kB
Inactive(anon):   200172 kB
Active(file):     508512 kB
Inactive(file):   510896 kB
Unevictable:       12768 kB
Mlocked:               0 kB
SwapTotal:        720184 kB
SwapFree:         720156 kB
Dirty:                72 kB
Writeback:             0 kB
AnonPages:        970104 kB
Mapped:           698608 kB
Shmem:             33892 kB
Slab:             120036 kB
SReclaimable:      35692 kB
SUnreclaim:        84344 kB
KernelStack:       34752 kB
PageTables:        57980 kB
NFS_Unstable:          0 kB
Bounce:                0 kB
WritebackTmp:          0 kB
CommitLimit:     2172840 kB
Committed_AS:   94502208 kB
VmallocTotal:   251658176 kB
VmallocUsed:      139912 kB
VmallocChunk:   251422764 kB
Time pass: 148 sec

---2015-12-05 11:02:05
MemTotal:        2905316 kB
MemFree:           65568 kB
Buffers:           25792 kB
Cached:          1040464 kB
SwapCached:            0 kB
Active:          1312112 kB
Inactive:         711252 kB
Active(anon):     803596 kB
Inactive(anon):   200336 kB
Active(file):     508516 kB
Inactive(file):   510916 kB
Unevictable:       12768 kB
Mlocked:               0 kB
SwapTotal:        720184 kB
SwapFree:         720156 kB
Dirty:                16 kB
Writeback:             0 kB
AnonPages:        969772 kB
Mapped:           698884 kB
Shmem:             34056 kB
Slab:             120020 kB
SReclaimable:      35692 kB
SUnreclaim:        84328 kB
KernelStack:       34720 kB
PageTables:        57980 kB
NFS_Unstable:          0 kB
Bounce:                0 kB
WritebackTmp:          0 kB
CommitLimit:     2172840 kB
Committed_AS:   94502204 kB
VmallocTotal:   251658176 kB
VmallocUsed:      139912 kB
VmallocChunk:   251422764 kB
Time pass: 151 sec

---2015-12-05 11:02:05
MemTotal:        2905316 kB
MemFree:           64596 kB
Buffers:           25816 kB
Cached:          1032724 kB
SwapCached:            0 kB
Active:          1318068 kB
Inactive:         708624 kB
Active(anon):     812280 kB
Inactive(anon):   202416 kB
Active(file):     505788 kB
Inactive(file):   506208 kB
Unevictable:       12768 kB
Mlocked:               0 kB
SwapTotal:        720184 kB
SwapFree:         720156 kB
Dirty:                76 kB
Writeback:             0 kB
AnonPages:        981212 kB
Mapped:           700060 kB
Shmem:             33776 kB
Slab:             119392 kB
SReclaimable:      34972 kB
SUnreclaim:        84420 kB
KernelStack:       34672 kB
PageTables:        57904 kB
NFS_Unstable:          0 kB
Bounce:                0 kB
WritebackTmp:          0 kB
CommitLimit:     2172840 kB
Committed_AS:   94509468 kB
VmallocTotal:   251658176 kB
VmallocUsed:      139912 kB
VmallocChunk:   251422764 kB
Time pass: 156 sec

---2015-12-05 11:02:05
MemTotal:        2905316 kB
MemFree:           69928 kB
Buffers:           25516 kB
Cached:          1027156 kB
SwapCached:            0 kB
Active:          1314148 kB
Inactive:         706216 kB
Active(anon):     811144 kB
Inactive(anon):   203144 kB
Active(file):     503004 kB
Inactive(file):   503072 kB
Unevictable:       12768 kB
Mlocked:               0 kB
SwapTotal:        720184 kB
SwapFree:         720156 kB
Dirty:                84 kB
Writeback:             0 kB
AnonPages:        980292 kB
Mapped:           700120 kB
Shmem:             33724 kB
Slab:             120108 kB
SReclaimable:      35612 kB
SUnreclaim:        84496 kB
KernelStack:       34800 kB
PageTables:        57924 kB
NFS_Unstable:          0 kB
Bounce:                0 kB
WritebackTmp:          0 kB
CommitLimit:     2172840 kB
Committed_AS:   94514504 kB
VmallocTotal:   251658176 kB
VmallocUsed:      139912 kB
VmallocChunk:   251422764 kB
Time pass: 160 sec

---2015-12-05 11:02:05
MemTotal:        2905316 kB
MemFree:           69200 kB
Buffers:           25524 kB
Cached:          1027304 kB
SwapCached:            0 kB
Active:          1315452 kB
Inactive:         706340 kB
Active(anon):     812424 kB
Inactive(anon):   203164 kB
Active(file):     503028 kB
Inactive(file):   503176 kB
Unevictable:       12768 kB
Mlocked:               0 kB
SwapTotal:        720184 kB
SwapFree:         720156 kB
Dirty:                24 kB
Writeback:             0 kB
AnonPages:        981848 kB
Mapped:           700272 kB
Shmem:             33856 kB
Slab:             120056 kB
SReclaimable:      35628 kB
SUnreclaim:        84428 kB
KernelStack:       34592 kB
PageTables:        57972 kB
NFS_Unstable:          0 kB
Bounce:                0 kB
WritebackTmp:          0 kB
CommitLimit:     2172840 kB
Committed_AS:   94514280 kB
VmallocTotal:   251658176 kB
VmallocUsed:      139912 kB
VmallocChunk:   251422764 kB
Time pass: 165 sec

---2015-12-05 11:02:05
MemTotal:        2905316 kB
MemFree:           67116 kB
Buffers:           25532 kB
Cached:          1027424 kB
SwapCached:            0 kB
Active:          1317484 kB
Inactive:         706456 kB
Active(anon):     814444 kB
Inactive(anon):   203280 kB
Active(file):     503040 kB
Inactive(file):   503176 kB
Unevictable:       12768 kB
Mlocked:               0 kB
SwapTotal:        720184 kB
SwapFree:         720156 kB
Dirty:                76 kB
Writeback:             0 kB
AnonPages:        983636 kB
Mapped:           700448 kB
Shmem:             33972 kB
Slab:             120164 kB
SReclaimable:      35628 kB
SUnreclaim:        84536 kB
KernelStack:       34544 kB
PageTables:        58044 kB
NFS_Unstable:          0 kB
Bounce:                0 kB
WritebackTmp:          0 kB
CommitLimit:     2172840 kB
Committed_AS:   94540908 kB
VmallocTotal:   251658176 kB
VmallocUsed:      139912 kB
VmallocChunk:   251422764 kB
Time pass: 169 sec

---2015-12-05 11:02:05
MemTotal:        2905316 kB
MemFree:           66024 kB
Buffers:           25540 kB
Cached:          1027472 kB
SwapCached:            0 kB
Active:          1317976 kB
Inactive:         706480 kB
Active(anon):     814908 kB
Inactive(anon):   203276 kB
Active(file):     503068 kB
Inactive(file):   503204 kB
Unevictable:       12768 kB
Mlocked:               0 kB
SwapTotal:        720184 kB
SwapFree:         720156 kB
Dirty:                60 kB
Writeback:             0 kB
AnonPages:        984140 kB
Mapped:           700524 kB
Shmem:             33972 kB
Slab:             120076 kB
SReclaimable:      35644 kB
SUnreclaim:        84432 kB
KernelStack:       34496 kB
PageTables:        58064 kB
NFS_Unstable:          0 kB
Bounce:                0 kB
WritebackTmp:          0 kB
CommitLimit:     2172840 kB
Committed_AS:   94540868 kB
VmallocTotal:   251658176 kB
VmallocUsed:      139912 kB
VmallocChunk:   251422764 kB
Time pass: 172 sec

---2015-12-05 11:02:05
MemTotal:        2905316 kB
MemFree:           76948 kB
Buffers:           25540 kB
Cached:          1027180 kB
SwapCached:            0 kB
Active:          1308040 kB
Inactive:         706164 kB
Active(anon):     804952 kB
Inactive(anon):   202960 kB
Active(file):     503088 kB
Inactive(file):   503204 kB
Unevictable:       12768 kB
Mlocked:               0 kB
SwapTotal:        720184 kB
SwapFree:         720156 kB
Dirty:                12 kB
Writeback:             0 kB
AnonPages:        974172 kB
Mapped:           700128 kB
Shmem:             33656 kB
Slab:             120188 kB
SReclaimable:      35644 kB
SUnreclaim:        84544 kB
KernelStack:       34128 kB
PageTables:        57872 kB
NFS_Unstable:          0 kB
Bounce:                0 kB
WritebackTmp:          0 kB
CommitLimit:     2172840 kB
Committed_AS:   94512296 kB
VmallocTotal:   251658176 kB
VmallocUsed:      139912 kB
VmallocChunk:   251422764 kB
Time pass: 176 sec

---2015-12-05 11:02:05
MemTotal:        2905316 kB
MemFree:           80496 kB
Buffers:           25548 kB
Cached:          1027192 kB
SwapCached:            0 kB
Active:          1305732 kB
Inactive:         706168 kB
Active(anon):     802628 kB
Inactive(anon):   202960 kB
Active(file):     503104 kB
Inactive(file):   503208 kB
Unevictable:       12768 kB
Mlocked:               0 kB
SwapTotal:        720184 kB
SwapFree:         720156 kB
Dirty:                64 kB
Writeback:             0 kB
AnonPages:        971936 kB
Mapped:           699600 kB
Shmem:             33656 kB
Slab:             120328 kB
SReclaimable:      35644 kB
SUnreclaim:        84684 kB
KernelStack:       34144 kB
PageTables:        57704 kB
NFS_Unstable:          0 kB
Bounce:                0 kB
WritebackTmp:          0 kB
CommitLimit:     2172840 kB
Committed_AS:   93990488 kB
VmallocTotal:   251658176 kB
VmallocUsed:      139880 kB
VmallocChunk:   251422764 kB
Time pass: 180 sec

---2015-12-05 11:02:05
MemTotal:        2905316 kB
MemFree:           79168 kB
Buffers:           25556 kB
Cached:          1027228 kB
SwapCached:            0 kB
Active:          1306772 kB
Inactive:         706200 kB
Active(anon):     803660 kB
Inactive(anon):   202960 kB
Active(file):     503112 kB
Inactive(file):   503240 kB
Unevictable:       12768 kB
Mlocked:               0 kB
SwapTotal:        720184 kB
SwapFree:         720156 kB
Dirty:                88 kB
Writeback:             0 kB
AnonPages:        973076 kB
Mapped:           699604 kB
Shmem:             33656 kB
Slab:             120176 kB
SReclaimable:      35644 kB
SUnreclaim:        84532 kB
KernelStack:       34096 kB
PageTables:        57692 kB
NFS_Unstable:          0 kB
Bounce:                0 kB
WritebackTmp:          0 kB
CommitLimit:     2172840 kB
Committed_AS:   93990424 kB
VmallocTotal:   251658176 kB
VmallocUsed:      139880 kB
VmallocChunk:   251422764 kB
Time pass: 184 sec

---2015-12-05 11:02:05
MemTotal:        2905316 kB
MemFree:           65624 kB
Buffers:           25588 kB
Cached:          1027492 kB
SwapCached:            0 kB
Active:          1319168 kB
Inactive:         706460 kB
Active(anon):     816016 kB
Inactive(anon):   203120 kB
Active(file):     503152 kB
Inactive(file):   503340 kB
Unevictable:       12768 kB
Mlocked:               0 kB
SwapTotal:        720184 kB
SwapFree:         720156 kB
Dirty:                 4 kB
Writeback:             0 kB
AnonPages:        985532 kB
Mapped:           699960 kB
Shmem:             33820 kB
Slab:             120368 kB
SReclaimable:      35644 kB
SUnreclaim:        84724 kB
KernelStack:       34464 kB
PageTables:        57908 kB
NFS_Unstable:          0 kB
Bounce:                0 kB
WritebackTmp:          0 kB
CommitLimit:     2172840 kB
Committed_AS:   94022404 kB
VmallocTotal:   251658176 kB
VmallocUsed:      139912 kB
VmallocChunk:   251422764 kB
Time pass: 190 sec

---2015-12-05 11:02:05
MemTotal:        2905316 kB
MemFree:           64436 kB
Buffers:           25580 kB
Cached:          1024080 kB
SwapCached:            0 kB
Active:          1317292 kB
Inactive:         705824 kB
Active(anon):     815900 kB
Inactive(anon):   204200 kB
Active(file):     501392 kB
Inactive(file):   501624 kB
Unevictable:       12768 kB
Mlocked:               0 kB
SwapTotal:        720184 kB
SwapFree:         720156 kB
Dirty:               132 kB
Writeback:             0 kB
AnonPages:        986160 kB
Mapped:           699992 kB
Shmem:             33876 kB
Slab:             120468 kB
SReclaimable:      35916 kB
SUnreclaim:        84552 kB
KernelStack:       34448 kB
PageTables:        58024 kB
NFS_Unstable:          0 kB
Bounce:                0 kB
WritebackTmp:          0 kB
CommitLimit:     2172840 kB
Committed_AS:   94022484 kB
VmallocTotal:   251658176 kB
VmallocUsed:      139912 kB
VmallocChunk:   251422764 kB
Time pass: 195 sec

---2015-12-05 11:02:05
MemTotal:        2905316 kB
MemFree:           74216 kB
Buffers:           25588 kB
Cached:          1017424 kB
SwapCached:            0 kB
Active:          1314240 kB
Inactive:         702404 kB
Active(anon):     815820 kB
Inactive(anon):   203868 kB
Active(file):     498420 kB
Inactive(file):   498536 kB
Unevictable:       12768 kB
Mlocked:               0 kB
SwapTotal:        720184 kB
SwapFree:         720156 kB
Dirty:               100 kB
Writeback:             0 kB
AnonPages:        986528 kB
Mapped:           699364 kB
Shmem:             33288 kB
Slab:             117896 kB
SReclaimable:      36028 kB
SUnreclaim:        81868 kB
KernelStack:       34496 kB
PageTables:        57476 kB
NFS_Unstable:          0 kB
Bounce:                0 kB
WritebackTmp:          0 kB
CommitLimit:     2172840 kB
Committed_AS:   93739888 kB
VmallocTotal:   251658176 kB
VmallocUsed:      139912 kB
VmallocChunk:   251422764 kB
Time pass: 198 sec

---2015-12-05 11:02:05
MemTotal:        2905316 kB
MemFree:           73376 kB
Buffers:           25628 kB
Cached:          1017356 kB
SwapCached:            0 kB
Active:          1316400 kB
Inactive:         702428 kB
Active(anon):     817960 kB
Inactive(anon):   203804 kB
Active(file):     498440 kB
Inactive(file):   498624 kB
Unevictable:       12768 kB
Mlocked:               0 kB
SwapTotal:        720184 kB
SwapFree:         720156 kB
Dirty:               152 kB
Writeback:             0 kB
AnonPages:        988432 kB
Mapped:           698968 kB
Shmem:             33152 kB
Slab:             117688 kB
SReclaimable:      35820 kB
SUnreclaim:        81868 kB
KernelStack:       34496 kB
PageTables:        57492 kB
NFS_Unstable:          0 kB
Bounce:                0 kB
WritebackTmp:          0 kB
CommitLimit:     2172840 kB
Committed_AS:   93730624 kB
VmallocTotal:   251658176 kB
VmallocUsed:      139912 kB
VmallocChunk:   251422764 kB
Time pass: 202 sec

---2015-12-05 11:02:05
MemTotal:        2905316 kB
MemFree:           70704 kB
Buffers:           25636 kB
Cached:          1017480 kB
SwapCached:            0 kB
Active:          1319240 kB
Inactive:         702444 kB
Active(anon):     820764 kB
Inactive(anon):   203784 kB
Active(file):     498476 kB
Inactive(file):   498660 kB
Unevictable:       12768 kB
Mlocked:               0 kB
SwapTotal:        720184 kB
SwapFree:         720156 kB
Dirty:                44 kB
Writeback:             0 kB
AnonPages:        991336 kB
Mapped:           699324 kB
Shmem:             33204 kB
Slab:             117572 kB
SReclaimable:      35820 kB
SUnreclaim:        81752 kB
KernelStack:       34464 kB
PageTables:        57356 kB
NFS_Unstable:          0 kB
Bounce:                0 kB
WritebackTmp:          0 kB
CommitLimit:     2172840 kB
Committed_AS:   93759164 kB
VmallocTotal:   251658176 kB
VmallocUsed:      139912 kB
VmallocChunk:   251422764 kB
Time pass: 208 sec

---2015-12-05 11:02:05
MemTotal:        2905316 kB
MemFree:           69448 kB
Buffers:           25636 kB
Cached:          1017512 kB
SwapCached:            0 kB
Active:          1320564 kB
Inactive:         702480 kB
Active(anon):     822084 kB
Inactive(anon):   203804 kB
Active(file):     498480 kB
Inactive(file):   498676 kB
Unevictable:       12768 kB
Mlocked:               0 kB
SwapTotal:        720184 kB
SwapFree:         720156 kB
Dirty:                 8 kB
Writeback:             0 kB
AnonPages:        992748 kB
Mapped:           699368 kB
Shmem:             33224 kB
Slab:             117572 kB
SReclaimable:      35820 kB
SUnreclaim:        81752 kB
KernelStack:       34448 kB
PageTables:        57356 kB
NFS_Unstable:          0 kB
Bounce:                0 kB
WritebackTmp:          0 kB
CommitLimit:     2172840 kB
Committed_AS:   93759144 kB
VmallocTotal:   251658176 kB
VmallocUsed:      139912 kB
VmallocChunk:   251422764 kB
Time pass: 212 sec

---2015-12-05 11:02:05
MemTotal:        2905316 kB
MemFree:           67376 kB
Buffers:           25640 kB
Cached:          1014760 kB
SwapCached:            0 kB
Active:          1321380 kB
Inactive:         704264 kB
Active(anon):     825660 kB
Inactive(anon):   205796 kB
Active(file):     495720 kB
Inactive(file):   498468 kB
Unevictable:       12768 kB
Mlocked:               0 kB
SwapTotal:        720184 kB
SwapFree:         720156 kB
Dirty:                24 kB
Writeback:             0 kB
AnonPages:        998440 kB
Mapped:           700200 kB
Shmem:             33224 kB
Slab:             117808 kB
SReclaimable:      35956 kB
SUnreclaim:        81852 kB
KernelStack:       34496 kB
PageTables:        57428 kB
NFS_Unstable:          0 kB
Bounce:                0 kB
WritebackTmp:          0 kB
CommitLimit:     2172840 kB
Committed_AS:   93773780 kB
VmallocTotal:   251658176 kB
VmallocUsed:      140932 kB
VmallocChunk:   251422764 kB
Time pass: 216 sec

---2015-12-05 11:02:05
MemTotal:        2905316 kB
MemFree:           69224 kB
Buffers:           25640 kB
Cached:          1007944 kB
SwapCached:            0 kB
Active:          1319800 kB
Inactive:         700636 kB
Active(anon):     826048 kB
Inactive(anon):   206820 kB
Active(file):     493752 kB
Inactive(file):   493816 kB
Unevictable:       12768 kB
Mlocked:               0 kB
SwapTotal:        720184 kB
SwapFree:         720156 kB
Dirty:               136 kB
Writeback:             0 kB
AnonPages:        999592 kB
Mapped:           700508 kB
Shmem:             33224 kB
Slab:             121732 kB
SReclaimable:      39700 kB
SUnreclaim:        82032 kB
KernelStack:       34512 kB
PageTables:        57444 kB
NFS_Unstable:          0 kB
Bounce:                0 kB
WritebackTmp:          0 kB
CommitLimit:     2172840 kB
Committed_AS:   93772024 kB
VmallocTotal:   251658176 kB
VmallocUsed:      139912 kB
VmallocChunk:   251422764 kB
Time pass: 220 sec

---2015-12-05 11:02:05
MemTotal:        2905316 kB
MemFree:           69868 kB
Buffers:           25648 kB
Cached:          1007956 kB
SwapCached:            0 kB
Active:          1318736 kB
Inactive:         700656 kB
Active(anon):     824960 kB
Inactive(anon):   206824 kB
Active(file):     493776 kB
Inactive(file):   493832 kB
Unevictable:       12768 kB
Mlocked:               0 kB
SwapTotal:        720184 kB
SwapFree:         720156 kB
Dirty:                24 kB
Writeback:             0 kB
AnonPages:        998520 kB
Mapped:           700504 kB
Shmem:             33228 kB
Slab:             121792 kB
SReclaimable:      39740 kB
SUnreclaim:        82052 kB
KernelStack:       34416 kB
PageTables:        57376 kB
NFS_Unstable:          0 kB
Bounce:                0 kB
WritebackTmp:          0 kB
CommitLimit:     2172840 kB
Committed_AS:   93766112 kB
VmallocTotal:   251658176 kB
VmallocUsed:      139912 kB
VmallocChunk:   251422764 kB
Time pass: 224 sec

---2015-12-05 11:02:05
MemTotal:        2905316 kB
MemFree:           69304 kB
Buffers:           25664 kB
Cached:          1008020 kB
SwapCached:            0 kB
Active:          1319296 kB
Inactive:         700732 kB
Active(anon):     825516 kB
Inactive(anon):   206884 kB
Active(file):     493780 kB
Inactive(file):   493848 kB
Unevictable:       12768 kB
Mlocked:               0 kB
SwapTotal:        720184 kB
SwapFree:         720156 kB
Dirty:                 4 kB
Writeback:             0 kB
AnonPages:        999224 kB
Mapped:           700632 kB
Shmem:             33288 kB
Slab:             121792 kB
SReclaimable:      39740 kB
SUnreclaim:        82052 kB
KernelStack:       34416 kB
PageTables:        57452 kB
NFS_Unstable:          0 kB
Bounce:                0 kB
WritebackTmp:          0 kB
CommitLimit:     2172840 kB
Committed_AS:   93792700 kB
VmallocTotal:   251658176 kB
VmallocUsed:      139912 kB
VmallocChunk:   251422764 kB
Time pass: 230 sec

---2015-12-05 11:02:05
MemTotal:        2905316 kB
MemFree:           68652 kB
Buffers:           25664 kB
Cached:          1008040 kB
SwapCached:            0 kB
Active:          1319852 kB
Inactive:         700740 kB
Active(anon):     826060 kB
Inactive(anon):   206884 kB
Active(file):     493792 kB
Inactive(file):   493856 kB
Unevictable:       12768 kB
Mlocked:               0 kB
SwapTotal:        720184 kB
SwapFree:         720156 kB
Dirty:                68 kB
Writeback:             0 kB
AnonPages:        999728 kB
Mapped:           700516 kB
Shmem:             33288 kB
Slab:             121792 kB
SReclaimable:      39740 kB
SUnreclaim:        82052 kB
KernelStack:       34432 kB
PageTables:        57404 kB
NFS_Unstable:          0 kB
Bounce:                0 kB
WritebackTmp:          0 kB
CommitLimit:     2172840 kB
Committed_AS:   93792716 kB
VmallocTotal:   251658176 kB
VmallocUsed:      139912 kB
VmallocChunk:   251422764 kB
Time pass: 234 sec

---2015-12-05 11:02:05
MemTotal:        2905316 kB
MemFree:           66696 kB
Buffers:           25688 kB
Cached:          1008040 kB
SwapCached:            0 kB
Active:          1322572 kB
Inactive:         700764 kB
Active(anon):     828780 kB
Inactive(anon):   206892 kB
Active(file):     493792 kB
Inactive(file):   493872 kB
Unevictable:       12768 kB
Mlocked:               0 kB
SwapTotal:        720184 kB
SwapFree:         720156 kB
Dirty:                64 kB
Writeback:             4 kB
AnonPages:       1002784 kB
Mapped:           700524 kB
Shmem:             33296 kB
Slab:             121792 kB
SReclaimable:      39740 kB
SUnreclaim:        82052 kB
KernelStack:       34464 kB
PageTables:        57408 kB
NFS_Unstable:          0 kB
Bounce:                0 kB
WritebackTmp:          0 kB
CommitLimit:     2172840 kB
Committed_AS:   93794824 kB
VmallocTotal:   251658176 kB
VmallocUsed:      139912 kB
VmallocChunk:   251422764 kB
Time pass: 238 sec

---2015-12-05 11:02:05
MemTotal:        2905316 kB
MemFree:           72308 kB
Buffers:           25720 kB
Cached:          1007988 kB
SwapCached:            0 kB
Active:          1318992 kB
Inactive:         701436 kB
Active(anon):     825392 kB
Inactive(anon):   207560 kB
Active(file):     493600 kB
Inactive(file):   493876 kB
Unevictable:       12768 kB
Mlocked:               0 kB
SwapTotal:        720184 kB
SwapFree:         720156 kB
Dirty:                32 kB
Writeback:             0 kB
AnonPages:        999456 kB
Mapped:           700760 kB
Shmem:             33464 kB
Slab:             118060 kB
SReclaimable:      36276 kB
SUnreclaim:        81784 kB
KernelStack:       34448 kB
PageTables:        57524 kB
NFS_Unstable:          0 kB
Bounce:                0 kB
WritebackTmp:          0 kB
CommitLimit:     2172840 kB
Committed_AS:   93801700 kB
VmallocTotal:   251658176 kB
VmallocUsed:      139912 kB
VmallocChunk:   251422764 kB
Time pass: 242 sec

---2015-12-05 11:02:05
MemTotal:        2905316 kB
MemFree:           70812 kB
Buffers:           25736 kB
Cached:          1008076 kB
SwapCached:            0 kB
Active:          1320544 kB
Inactive:         701528 kB
Active(anon):     826936 kB
Inactive(anon):   207628 kB
Active(file):     493608 kB
Inactive(file):   493900 kB
Unevictable:       12768 kB
Mlocked:               0 kB
SwapTotal:        720184 kB
SwapFree:         720156 kB
Dirty:                68 kB
Writeback:             0 kB
AnonPages:       1001172 kB
Mapped:           700836 kB
Shmem:             33536 kB
Slab:             117752 kB
SReclaimable:      35968 kB
SUnreclaim:        81784 kB
KernelStack:       34384 kB
PageTables:        57524 kB
NFS_Unstable:          0 kB
Bounce:                0 kB
WritebackTmp:          0 kB
CommitLimit:     2172840 kB
Committed_AS:   93801796 kB
VmallocTotal:   251658176 kB
VmallocUsed:      139912 kB
VmallocChunk:   251422764 kB
Time pass: 247 sec

---2015-12-05 11:02:05
MemTotal:        2905316 kB
MemFree:           70528 kB
Buffers:           25744 kB
Cached:          1008112 kB
SwapCached:            0 kB
Active:          1320200 kB
Inactive:         701580 kB
Active(anon):     826584 kB
Inactive(anon):   207676 kB
Active(file):     493616 kB
Inactive(file):   493904 kB
Unevictable:       12768 kB
Mlocked:               0 kB
SwapTotal:        720184 kB
SwapFree:         720156 kB
Dirty:                44 kB
Writeback:             0 kB
AnonPages:       1000672 kB
Mapped:           700932 kB
Shmem:             33568 kB
Slab:             117748 kB
SReclaimable:      35968 kB
SUnreclaim:        81780 kB
KernelStack:       34448 kB
PageTables:        57548 kB
NFS_Unstable:          0 kB
Bounce:                0 kB
WritebackTmp:          0 kB
CommitLimit:     2172840 kB
Committed_AS:   93801784 kB
VmallocTotal:   251658176 kB
VmallocUsed:      139912 kB
VmallocChunk:   251422764 kB
Time pass: 251 sec

---2015-12-05 11:02:05
MemTotal:        2905316 kB
MemFree:           71056 kB
Buffers:           25744 kB
Cached:          1008120 kB
SwapCached:            0 kB
Active:          1319496 kB
Inactive:         701584 kB
Active(anon):     825876 kB
Inactive(anon):   207676 kB
Active(file):     493620 kB
Inactive(file):   493908 kB
Unevictable:       12768 kB
Mlocked:               0 kB
SwapTotal:        720184 kB
SwapFree:         720156 kB
Dirty:                60 kB
Writeback:             0 kB
AnonPages:       1000100 kB
Mapped:           700940 kB
Shmem:             33568 kB
Slab:             117748 kB
SReclaimable:      35968 kB
SUnreclaim:        81780 kB
KernelStack:       34400 kB
PageTables:        57548 kB
NFS_Unstable:          0 kB
Bounce:                0 kB
WritebackTmp:          0 kB
CommitLimit:     2172840 kB
Committed_AS:   93801760 kB
VmallocTotal:   251658176 kB
VmallocUsed:      139912 kB
VmallocChunk:   251422764 kB
Time pass: 255 sec

---2015-12-05 11:02:05
MemTotal:        2905316 kB
MemFree:           70672 kB
Buffers:           25784 kB
Cached:          1007964 kB
SwapCached:            0 kB
Active:          1318900 kB
Inactive:         701424 kB
Active(anon):     825236 kB
Inactive(anon):   207424 kB
Active(file):     493664 kB
Inactive(file):   494000 kB
Unevictable:       12768 kB
Mlocked:               0 kB
SwapTotal:        720184 kB
SwapFree:         720156 kB
Dirty:               188 kB
Writeback:             0 kB
AnonPages:        999312 kB
Mapped:           700628 kB
Shmem:             33316 kB
Slab:             117716 kB
SReclaimable:      35956 kB
SUnreclaim:        81760 kB
KernelStack:       34400 kB
PageTables:        57496 kB
NFS_Unstable:          0 kB
Bounce:                0 kB
WritebackTmp:          0 kB
CommitLimit:     2172840 kB
Committed_AS:   93828372 kB
VmallocTotal:   251658176 kB
VmallocUsed:      139912 kB
VmallocChunk:   251422764 kB
Time pass: 259 sec

---2015-12-05 11:02:05
MemTotal:        2905316 kB
MemFree:           68884 kB
Buffers:           25800 kB
Cached:          1008004 kB
SwapCached:            0 kB
Active:          1320680 kB
Inactive:         701472 kB
Active(anon):     827008 kB
Inactive(anon):   207432 kB
Active(file):     493672 kB
Inactive(file):   494040 kB
Unevictable:       12768 kB
Mlocked:               0 kB
SwapTotal:        720184 kB
SwapFree:         720156 kB
Dirty:                32 kB
Writeback:             0 kB
AnonPages:       1001256 kB
Mapped:           700696 kB
Shmem:             33324 kB
Slab:             117696 kB
SReclaimable:      35940 kB
SUnreclaim:        81756 kB
KernelStack:       34400 kB
PageTables:        57520 kB
NFS_Unstable:          0 kB
Bounce:                0 kB
WritebackTmp:          0 kB
CommitLimit:     2172840 kB
Committed_AS:   93828468 kB
VmallocTotal:   251658176 kB
VmallocUsed:      139912 kB
VmallocChunk:   251422764 kB
Time pass: 262 sec

---2015-12-05 11:02:05
MemTotal:        2905316 kB
MemFree:           68840 kB
Buffers:           25808 kB
Cached:          1008036 kB
SwapCached:            0 kB
Active:          1320596 kB
Inactive:         701508 kB
Active(anon):     826920 kB
Inactive(anon):   207464 kB
Active(file):     493676 kB
Inactive(file):   494044 kB
Unevictable:       12768 kB
Mlocked:               0 kB
SwapTotal:        720184 kB
SwapFree:         720156 kB
Dirty:                60 kB
Writeback:             0 kB
AnonPages:       1001160 kB
Mapped:           700672 kB
Shmem:             33356 kB
Slab:             117696 kB
SReclaimable:      35940 kB
SUnreclaim:        81756 kB
KernelStack:       34400 kB
PageTables:        57496 kB
NFS_Unstable:          0 kB
Bounce:                0 kB
WritebackTmp:          0 kB
CommitLimit:     2172840 kB
Committed_AS:   93828432 kB
VmallocTotal:   251658176 kB
VmallocUsed:      139912 kB
VmallocChunk:   251422764 kB
Time pass: 266 sec

---2015-12-05 11:02:05
MemTotal:        2905316 kB
MemFree:           73432 kB
Buffers:           25816 kB
Cached:          1008048 kB
SwapCached:            0 kB
Active:          1316400 kB
Inactive:         701524 kB
Active(anon):     822724 kB
Inactive(anon):   207460 kB
Active(file):     493676 kB
Inactive(file):   494064 kB
Unevictable:       12768 kB
Mlocked:               0 kB
SwapTotal:        720184 kB
SwapFree:         720156 kB
Dirty:                16 kB
Writeback:            44 kB
AnonPages:        996840 kB
Mapped:           700696 kB
Shmem:             33356 kB
Slab:             117696 kB
SReclaimable:      35940 kB
SUnreclaim:        81756 kB
KernelStack:       34400 kB
PageTables:        57496 kB
NFS_Unstable:          0 kB
Bounce:                0 kB
WritebackTmp:          0 kB
CommitLimit:     2172840 kB
Committed_AS:   93828432 kB
VmallocTotal:   251658176 kB
VmallocUsed:      139912 kB
VmallocChunk:   251422764 kB
Time pass: 270 sec

---2015-12-05 11:02:05
MemTotal:        2905316 kB
MemFree:           77872 kB
Buffers:           25832 kB
Cached:          1008072 kB
SwapCached:            0 kB
Active:          1311404 kB
Inactive:         701560 kB
Active(anon):     817724 kB
Inactive(anon):   207460 kB
Active(file):     493680 kB
Inactive(file):   494100 kB
Unevictable:       12768 kB
Mlocked:               0 kB
SwapTotal:        720184 kB
SwapFree:         720156 kB
Dirty:                80 kB
Writeback:             0 kB
AnonPages:        991728 kB
Mapped:           700760 kB
Shmem:             33356 kB
Slab:             117696 kB
SReclaimable:      35940 kB
SUnreclaim:        81756 kB
KernelStack:       34400 kB
PageTables:        57520 kB
NFS_Unstable:          0 kB
Bounce:                0 kB
WritebackTmp:          0 kB
CommitLimit:     2172840 kB
Committed_AS:   93828464 kB
VmallocTotal:   251658176 kB
VmallocUsed:      139912 kB
VmallocChunk:   251422764 kB
Time pass: 274 sec

---2015-12-05 11:02:05
MemTotal:        2905316 kB
MemFree:           78648 kB
Buffers:           25840 kB
Cached:          1008088 kB
SwapCached:            0 kB
Active:          1310776 kB
Inactive:         701568 kB
Active(anon):     817088 kB
Inactive(anon):   207460 kB
Active(file):     493688 kB
Inactive(file):   494108 kB
Unevictable:       12768 kB
Mlocked:               0 kB
SwapTotal:        720184 kB
SwapFree:         720156 kB
Dirty:                56 kB
Writeback:             0 kB
AnonPages:        991104 kB
Mapped:           700760 kB
Shmem:             33356 kB
Slab:             117696 kB
SReclaimable:      35940 kB
SUnreclaim:        81756 kB
KernelStack:       34368 kB
PageTables:        57516 kB
NFS_Unstable:          0 kB
Bounce:                0 kB
WritebackTmp:          0 kB
CommitLimit:     2172840 kB
Committed_AS:   93828424 kB
VmallocTotal:   251658176 kB
VmallocUsed:      139912 kB
VmallocChunk:   251422764 kB
Time pass: 278 sec

---2015-12-05 11:02:05
MemTotal:        2905316 kB
MemFree:           78612 kB
Buffers:           25840 kB
Cached:          1008092 kB
SwapCached:            0 kB
Active:          1311420 kB
Inactive:         701576 kB
Active(anon):     817728 kB
Inactive(anon):   207460 kB
Active(file):     493692 kB
Inactive(file):   494116 kB
Unevictable:       12768 kB
Mlocked:               0 kB
SwapTotal:        720184 kB
SwapFree:         720156 kB
Dirty:                 8 kB
Writeback:             0 kB
AnonPages:        991852 kB
Mapped:           700704 kB
Shmem:             33356 kB
Slab:             117696 kB
SReclaimable:      35940 kB
SUnreclaim:        81756 kB
KernelStack:       34368 kB
PageTables:        57496 kB
NFS_Unstable:          0 kB
Bounce:                0 kB
WritebackTmp:          0 kB
CommitLimit:     2172840 kB
Committed_AS:   93828408 kB
VmallocTotal:   251658176 kB
VmallocUsed:      139912 kB
VmallocChunk:   251422764 kB
Time pass: 281 sec

---2015-12-05 11:02:05
MemTotal:        2905316 kB
MemFree:           77564 kB
Buffers:           25864 kB
Cached:          1008120 kB
SwapCached:            0 kB
Active:          1312032 kB
Inactive:         701624 kB
Active(anon):     818336 kB
Inactive(anon):   207460 kB
Active(file):     493696 kB
Inactive(file):   494164 kB
Unevictable:       12768 kB
Mlocked:               0 kB
SwapTotal:        720184 kB
SwapFree:         720156 kB
Dirty:                92 kB
Writeback:             0 kB
AnonPages:        992596 kB
Mapped:           700764 kB
Shmem:             33356 kB
Slab:             117696 kB
SReclaimable:      35940 kB
SUnreclaim:        81756 kB
KernelStack:       34336 kB
PageTables:        57524 kB
NFS_Unstable:          0 kB
Bounce:                0 kB
WritebackTmp:          0 kB
CommitLimit:     2172840 kB
Committed_AS:   93828372 kB
VmallocTotal:   251658176 kB
VmallocUsed:      139912 kB
VmallocChunk:   251422764 kB
Time pass: 285 sec

---2015-12-05 11:02:05
MemTotal:        2905316 kB
MemFree:           76004 kB
Buffers:           25872 kB
Cached:          1008188 kB
SwapCached:            0 kB
Active:          1312836 kB
Inactive:         701692 kB
Active(anon):     819132 kB
Inactive(anon):   207520 kB
Active(file):     493704 kB
Inactive(file):   494172 kB
Unevictable:       12768 kB
Mlocked:               0 kB
SwapTotal:        720184 kB
SwapFree:         720156 kB
Dirty:                80 kB
Writeback:             0 kB
AnonPages:        993428 kB
Mapped:           700828 kB
Shmem:             33416 kB
Slab:             117772 kB
SReclaimable:      35940 kB
SUnreclaim:        81832 kB
KernelStack:       34368 kB
PageTables:        57572 kB
NFS_Unstable:          0 kB
Bounce:                0 kB
WritebackTmp:          0 kB
CommitLimit:     2172840 kB
Committed_AS:   93855020 kB
VmallocTotal:   251658176 kB
VmallocUsed:      139912 kB
VmallocChunk:   251422764 kB
Time pass: 289 sec

---2015-12-05 11:02:05
MemTotal:        2905316 kB
MemFree:           75856 kB
Buffers:           25888 kB
Cached:          1008212 kB
SwapCached:            0 kB
Active:          1313024 kB
Inactive:         701732 kB
Active(anon):     819320 kB
Inactive(anon):   207544 kB
Active(file):     493704 kB
Inactive(file):   494188 kB
Unevictable:       12768 kB
Mlocked:               0 kB
SwapTotal:        720184 kB
SwapFree:         720156 kB
Dirty:                64 kB
Writeback:             0 kB
AnonPages:        993472 kB
Mapped:           700852 kB
Shmem:             33440 kB
Slab:             117772 kB
SReclaimable:      35940 kB
SUnreclaim:        81832 kB
KernelStack:       34368 kB
PageTables:        57572 kB
NFS_Unstable:          0 kB
Bounce:                0 kB
WritebackTmp:          0 kB
CommitLimit:     2172840 kB
Committed_AS:   93854988 kB
VmallocTotal:   251658176 kB
VmallocUsed:      139912 kB
VmallocChunk:   251422764 kB
Time pass: 293 sec

---2015-12-05 11:02:05
MemTotal:        2905316 kB
MemFree:           75608 kB
Buffers:           25904 kB
Cached:          1008228 kB
SwapCached:            0 kB
Active:          1313524 kB
Inactive:         701760 kB
Active(anon):     819820 kB
Inactive(anon):   207544 kB
Active(file):     493704 kB
Inactive(file):   494216 kB
Unevictable:       12768 kB
Mlocked:               0 kB
SwapTotal:        720184 kB
SwapFree:         720156 kB
Dirty:                80 kB
Writeback:             0 kB
AnonPages:        994072 kB
Mapped:           700852 kB
Shmem:             33440 kB
Slab:             117772 kB
SReclaimable:      35940 kB
SUnreclaim:        81832 kB
KernelStack:       34320 kB
PageTables:        57572 kB
NFS_Unstable:          0 kB
Bounce:                0 kB
WritebackTmp:          0 kB
CommitLimit:     2172840 kB
Committed_AS:   93854924 kB
VmallocTotal:   251658176 kB
VmallocUsed:      139912 kB
VmallocChunk:   251422764 kB
Time pass: 297 sec

---2015-12-05 11:02:05
MemTotal:        2905316 kB
MemFree:           75768 kB
Buffers:           25904 kB
Cached:          1008248 kB
SwapCached:            0 kB
Active:          1313464 kB
Inactive:         701776 kB
Active(anon):     819752 kB
Inactive(anon):   207548 kB
Active(file):     493712 kB
Inactive(file):   494228 kB
Unevictable:       12768 kB
Mlocked:               0 kB
SwapTotal:        720184 kB
SwapFree:         720156 kB
Dirty:                96 kB
Writeback:             0 kB
AnonPages:        993952 kB
Mapped:           700796 kB
Shmem:             33444 kB
Slab:             117772 kB
SReclaimable:      35940 kB
SUnreclaim:        81832 kB
KernelStack:       34304 kB
PageTables:        57548 kB
NFS_Unstable:          0 kB
Bounce:                0 kB
WritebackTmp:          0 kB
CommitLimit:     2172840 kB
Committed_AS:   93854920 kB
VmallocTotal:   251658176 kB
VmallocUsed:      139912 kB
VmallocChunk:   251422764 kB
Time pass: 300 sec

---2015-12-05 11:02:05
MemTotal:        2905316 kB
MemFree:           75944 kB
Buffers:           25912 kB
Cached:          1008312 kB
SwapCached:            0 kB
Active:          1313228 kB
Inactive:         701848 kB
Active(anon):     819516 kB
Inactive(anon):   207552 kB
Active(file):     493712 kB
Inactive(file):   494296 kB
Unevictable:       12768 kB
Mlocked:               0 kB
SwapTotal:        720184 kB
SwapFree:         720156 kB
Dirty:                56 kB
Writeback:             0 kB
AnonPages:        993596 kB
Mapped:           700820 kB
Shmem:             33448 kB
Slab:             117772 kB
SReclaimable:      35940 kB
SUnreclaim:        81832 kB
KernelStack:       34256 kB
PageTables:        57532 kB
NFS_Unstable:          0 kB
Bounce:                0 kB
WritebackTmp:          0 kB
CommitLimit:     2172840 kB
Committed_AS:   93854896 kB
VmallocTotal:   251658176 kB
VmallocUsed:      139912 kB
VmallocChunk:   251422764 kB
Time pass: 304 sec

---2015-12-05 11:02:05
MemTotal:        2905316 kB
MemFree:           75620 kB
Buffers:           25936 kB
Cached:          1008292 kB
SwapCached:            0 kB
Active:          1313952 kB
Inactive:         701852 kB
Active(anon):     820240 kB
Inactive(anon):   207552 kB
Active(file):     493712 kB
Inactive(file):   494300 kB
Unevictable:       12768 kB
Mlocked:               0 kB
SwapTotal:        720184 kB
SwapFree:         720156 kB
Dirty:                 8 kB
Writeback:             0 kB
AnonPages:        994380 kB
Mapped:           700812 kB
Shmem:             33448 kB
Slab:             117772 kB
SReclaimable:      35940 kB
SUnreclaim:        81832 kB
KernelStack:       34304 kB
PageTables:        57548 kB
NFS_Unstable:          0 kB
Bounce:                0 kB
WritebackTmp:          0 kB
CommitLimit:     2172840 kB
Committed_AS:   93854904 kB
VmallocTotal:   251658176 kB
VmallocUsed:      139912 kB
VmallocChunk:   251422764 kB
Time pass: 308 sec

---2015-12-05 11:02:05
MemTotal:        2905316 kB
MemFree:           74284 kB
Buffers:           25936 kB
Cached:          1008364 kB
SwapCached:            0 kB
Active:          1314828 kB
Inactive:         701908 kB
Active(anon):     821100 kB
Inactive(anon):   207552 kB
Active(file):     493728 kB
Inactive(file):   494356 kB
Unevictable:       12768 kB
Mlocked:               0 kB
SwapTotal:        720184 kB
SwapFree:         720156 kB
Dirty:                12 kB
Writeback:             0 kB
AnonPages:        995092 kB
Mapped:           700872 kB
Shmem:             33448 kB
Slab:             117704 kB
SReclaimable:      35940 kB
SUnreclaim:        81764 kB
KernelStack:       34336 kB
PageTables:        57576 kB
NFS_Unstable:          0 kB
Bounce:                0 kB
WritebackTmp:          0 kB
CommitLimit:     2172840 kB
Committed_AS:   93854912 kB
VmallocTotal:   251658176 kB
VmallocUsed:      139912 kB
VmallocChunk:   251422764 kB
Time pass: 312 sec

---2015-12-05 11:02:05
MemTotal:        2905316 kB
MemFree:           74328 kB
Buffers:           25944 kB
Cached:          1008368 kB
SwapCached:            0 kB
Active:          1314888 kB
Inactive:         701916 kB
Active(anon):     821156 kB
Inactive(anon):   207556 kB
Active(file):     493732 kB
Inactive(file):   494360 kB
Unevictable:       12768 kB
Mlocked:               0 kB
SwapTotal:        720184 kB
SwapFree:         720156 kB
Dirty:                76 kB
Writeback:             0 kB
AnonPages:        995324 kB
Mapped:           700828 kB
Shmem:             33452 kB
Slab:             117700 kB
SReclaimable:      35940 kB
SUnreclaim:        81760 kB
KernelStack:       34336 kB
PageTables:        57548 kB
NFS_Unstable:          0 kB
Bounce:                0 kB
WritebackTmp:          0 kB
CommitLimit:     2172840 kB
Committed_AS:   93854952 kB
VmallocTotal:   251658176 kB
VmallocUsed:      139912 kB
VmallocChunk:   251422764 kB
Time pass: 315 sec

---2015-12-05 11:02:05
MemTotal:        2905316 kB
MemFree:           73796 kB
Buffers:           25952 kB
Cached:          1008436 kB
SwapCached:            0 kB
Active:          1315132 kB
Inactive:         701992 kB
Active(anon):     821400 kB
Inactive(anon):   207620 kB
Active(file):     493732 kB
Inactive(file):   494372 kB
Unevictable:       12768 kB
Mlocked:               0 kB
SwapTotal:        720184 kB
SwapFree:         720156 kB
Dirty:                32 kB
Writeback:             0 kB
AnonPages:        995344 kB
Mapped:           700896 kB
Shmem:             33516 kB
Slab:             117700 kB
SReclaimable:      35940 kB
SUnreclaim:        81760 kB
KernelStack:       34256 kB
PageTables:        57596 kB
NFS_Unstable:          0 kB
Bounce:                0 kB
WritebackTmp:          0 kB
CommitLimit:     2172840 kB
Committed_AS:   93881532 kB
VmallocTotal:   251658176 kB
VmallocUsed:      139912 kB
VmallocChunk:   251422764 kB
Time pass: 319 sec

---2015-12-05 11:02:05
MemTotal:        2905316 kB
MemFree:           73068 kB
Buffers:           25968 kB
Cached:          1008492 kB
SwapCached:            0 kB
Active:          1315440 kB
Inactive:         702048 kB
Active(anon):     821692 kB
Inactive(anon):   207648 kB
Active(file):     493748 kB
Inactive(file):   494400 kB
Unevictable:       12768 kB
Mlocked:               0 kB
SwapTotal:        720184 kB
SwapFree:         720156 kB
Dirty:                12 kB
Writeback:             0 kB
AnonPages:        995900 kB
Mapped:           700924 kB
Shmem:             33544 kB
Slab:             117700 kB
SReclaimable:      35940 kB
SUnreclaim:        81760 kB
KernelStack:       34288 kB
PageTables:        57600 kB
NFS_Unstable:          0 kB
Bounce:                0 kB
WritebackTmp:          0 kB
CommitLimit:     2172840 kB
Committed_AS:   93881516 kB
VmallocTotal:   251658176 kB
VmallocUsed:      139912 kB
VmallocChunk:   251422764 kB
Time pass: 323 sec

---2015-12-05 11:02:05
MemTotal:        2905316 kB
MemFree:           73176 kB
Buffers:           25976 kB
Cached:          1008496 kB
SwapCached:            0 kB
Active:          1315524 kB
Inactive:         702060 kB
Active(anon):     821776 kB
Inactive(anon):   207648 kB
Active(file):     493748 kB
Inactive(file):   494412 kB
Unevictable:       12768 kB
Mlocked:               0 kB
SwapTotal:        720184 kB
SwapFree:         720156 kB
Dirty:                60 kB
Writeback:             0 kB
AnonPages:        995824 kB
Mapped:           700924 kB
Shmem:             33544 kB
Slab:             117700 kB
SReclaimable:      35940 kB
SUnreclaim:        81760 kB
KernelStack:       34288 kB
PageTables:        57596 kB
NFS_Unstable:          0 kB
Bounce:                0 kB
WritebackTmp:          0 kB
CommitLimit:     2172840 kB
Committed_AS:   93881528 kB
VmallocTotal:   251658176 kB
VmallocUsed:      139912 kB
VmallocChunk:   251422764 kB
Time pass: 327 sec

---2015-12-05 11:02:05
MemTotal:        2905316 kB
MemFree:           73552 kB
Buffers:           25992 kB
Cached:          1008480 kB
SwapCached:            0 kB
Active:          1315676 kB
Inactive:         702056 kB
Active(anon):     821924 kB
Inactive(anon):   207648 kB
Active(file):     493752 kB
Inactive(file):   494408 kB
Unevictable:       12768 kB
Mlocked:               0 kB
SwapTotal:        720184 kB
SwapFree:         720156 kB
Dirty:                60 kB
Writeback:             0 kB
AnonPages:        996024 kB
Mapped:           700928 kB
Shmem:             33544 kB
Slab:             117700 kB
SReclaimable:      35940 kB
SUnreclaim:        81760 kB
KernelStack:       34288 kB
PageTables:        57596 kB
NFS_Unstable:          0 kB
Bounce:                0 kB
WritebackTmp:          0 kB
CommitLimit:     2172840 kB
Committed_AS:   93881516 kB
VmallocTotal:   251658176 kB
VmallocUsed:      139912 kB
VmallocChunk:   251422764 kB
Time pass: 331 sec

---2015-12-05 11:02:05
MemTotal:        2905316 kB
MemFree:           72476 kB
Buffers:           26008 kB
Cached:          1008536 kB
SwapCached:            0 kB
Active:          1316408 kB
Inactive:         702120 kB
Active(anon):     822648 kB
Inactive(anon):   207648 kB
Active(file):     493760 kB
Inactive(file):   494472 kB
Unevictable:       12768 kB
Mlocked:               0 kB
SwapTotal:        720184 kB
SwapFree:         720156 kB
Dirty:               116 kB
Writeback:             0 kB
AnonPages:        996764 kB
Mapped:           700992 kB
Shmem:             33544 kB
Slab:             117700 kB
SReclaimable:      35940 kB
SUnreclaim:        81760 kB
KernelStack:       34288 kB
PageTables:        57616 kB
NFS_Unstable:          0 kB
Bounce:                0 kB
WritebackTmp:          0 kB
CommitLimit:     2172840 kB
Committed_AS:   93881492 kB
VmallocTotal:   251658176 kB
VmallocUsed:      139912 kB
VmallocChunk:   251422764 kB
Time pass: 335 sec

---2015-12-05 11:02:05
MemTotal:        2905316 kB
MemFree:           71980 kB
Buffers:           26016 kB
Cached:          1008544 kB
SwapCached:            0 kB
Active:          1316792 kB
Inactive:         702132 kB
Active(anon):     823028 kB
Inactive(anon):   207652 kB
Active(file):     493764 kB
Inactive(file):   494480 kB
Unevictable:       12768 kB
Mlocked:               0 kB
SwapTotal:        720184 kB
SwapFree:         720156 kB
Dirty:                64 kB
Writeback:             0 kB
AnonPages:        996996 kB
Mapped:           701000 kB
Shmem:             33548 kB
Slab:             117700 kB
SReclaimable:      35940 kB
SUnreclaim:        81760 kB
KernelStack:       34288 kB
PageTables:        57616 kB
NFS_Unstable:          0 kB
Bounce:                0 kB
WritebackTmp:          0 kB
CommitLimit:     2172840 kB
Committed_AS:   93881492 kB
VmallocTotal:   251658176 kB
VmallocUsed:      139912 kB
VmallocChunk:   251422764 kB
Time pass: 338 sec

---2015-12-05 11:02:05
MemTotal:        2905316 kB
MemFree:           72180 kB
Buffers:           26024 kB
Cached:          1008540 kB
SwapCached:            0 kB
Active:          1316340 kB
Inactive:         702132 kB
Active(anon):     822572 kB
Inactive(anon):   207652 kB
Active(file):     493768 kB
Inactive(file):   494480 kB
Unevictable:       12768 kB
Mlocked:               0 kB
SwapTotal:        720184 kB
SwapFree:         720156 kB
Dirty:                 4 kB
Writeback:             0 kB
AnonPages:        996684 kB
Mapped:           701000 kB
Shmem:             33548 kB
Slab:             117700 kB
SReclaimable:      35940 kB
SUnreclaim:        81760 kB
KernelStack:       34320 kB
PageTables:        57640 kB
NFS_Unstable:          0 kB
Bounce:                0 kB
WritebackTmp:          0 kB
CommitLimit:     2172840 kB
Committed_AS:   93881492 kB
VmallocTotal:   251658176 kB
VmallocUsed:      139912 kB
VmallocChunk:   251422764 kB
Time pass: 342 sec

---2015-12-05 11:02:05
MemTotal:        2905316 kB
MemFree:           71784 kB
Buffers:           26040 kB
Cached:          1008576 kB
SwapCached:            0 kB
Active:          1316944 kB
Inactive:         702176 kB
Active(anon):     823168 kB
Inactive(anon):   207652 kB
Active(file):     493776 kB
Inactive(file):   494524 kB
Unevictable:       12768 kB
Mlocked:               0 kB
SwapTotal:        720184 kB
SwapFree:         720156 kB
Dirty:               104 kB
Writeback:             0 kB
AnonPages:        997272 kB
Mapped:           701004 kB
Shmem:             33548 kB
Slab:             117700 kB
SReclaimable:      35940 kB
SUnreclaim:        81760 kB
KernelStack:       34288 kB
PageTables:        57616 kB
NFS_Unstable:          0 kB
Bounce:                0 kB
WritebackTmp:          0 kB
CommitLimit:     2172840 kB
Committed_AS:   93881504 kB
VmallocTotal:   251658176 kB
VmallocUsed:      139912 kB
VmallocChunk:   251422764 kB
Time pass: 346 sec

---2015-12-05 11:02:05
MemTotal:        2905316 kB
MemFree:           70488 kB
Buffers:           26048 kB
Cached:          1008636 kB
SwapCached:            0 kB
Active:          1317616 kB
Inactive:         702240 kB
Active(anon):     823836 kB
Inactive(anon):   207716 kB
Active(file):     493780 kB
Inactive(file):   494524 kB
Unevictable:       12768 kB
Mlocked:               0 kB
SwapTotal:        720184 kB
SwapFree:         720156 kB
Dirty:                 8 kB
Writeback:             0 kB
AnonPages:        997796 kB
Mapped:           701068 kB
Shmem:             33612 kB
Slab:             117672 kB
SReclaimable:      35940 kB
SUnreclaim:        81732 kB
KernelStack:       34272 kB
PageTables:        57668 kB
NFS_Unstable:          0 kB
Bounce:                0 kB
WritebackTmp:          0 kB
CommitLimit:     2172840 kB
Committed_AS:   93908088 kB
VmallocTotal:   251658176 kB
VmallocUsed:      139912 kB
VmallocChunk:   251422764 kB
Time pass: 350 sec

---2015-12-05 11:02:05
MemTotal:        2905316 kB
MemFree:           70272 kB
Buffers:           26048 kB
Cached:          1008644 kB
SwapCached:            0 kB
Active:          1317532 kB
Inactive:         702248 kB
Active(anon):     823752 kB
Inactive(anon):   207716 kB
Active(file):     493780 kB
Inactive(file):   494532 kB
Unevictable:       12768 kB
Mlocked:               0 kB
SwapTotal:        720184 kB
SwapFree:         720156 kB
Dirty:                60 kB
Writeback:             0 kB
AnonPages:        997700 kB
Mapped:           701068 kB
Shmem:             33612 kB
Slab:             117672 kB
SReclaimable:      35940 kB
SUnreclaim:        81732 kB
KernelStack:       34256 kB
PageTables:        57668 kB
NFS_Unstable:          0 kB
Bounce:                0 kB
WritebackTmp:          0 kB
CommitLimit:     2172840 kB
Committed_AS:   93908048 kB
VmallocTotal:   251658176 kB
VmallocUsed:      139912 kB
VmallocChunk:   251422764 kB
Time pass: 353 sec

---2015-12-05 11:02:05
MemTotal:        2905316 kB
MemFree:           70308 kB
Buffers:           26072 kB
Cached:          1008704 kB
SwapCached:            0 kB
Active:          1317892 kB
Inactive:         702324 kB
Active(anon):     824104 kB
Inactive(anon):   207744 kB
Active(file):     493788 kB
Inactive(file):   494580 kB
Unevictable:       12768 kB
Mlocked:               0 kB
SwapTotal:        720184 kB
SwapFree:         720156 kB
Dirty:                20 kB
Writeback:             0 kB
AnonPages:        998312 kB
Mapped:           701040 kB
Shmem:             33640 kB
Slab:             117544 kB
SReclaimable:      35812 kB
SUnreclaim:        81732 kB
KernelStack:       34208 kB
PageTables:        57648 kB
NFS_Unstable:          0 kB
Bounce:                0 kB
WritebackTmp:          0 kB
CommitLimit:     2172840 kB
Committed_AS:   93908088 kB
VmallocTotal:   251658176 kB
VmallocUsed:      139912 kB
VmallocChunk:   251422764 kB
Time pass: 357 sec

---2015-12-05 11:02:05
MemTotal:        2905316 kB
MemFree:           69620 kB
Buffers:           26080 kB
Cached:          1008704 kB
SwapCached:            0 kB
Active:          1318312 kB
Inactive:         702324 kB
Active(anon):     824524 kB
Inactive(anon):   207744 kB
Active(file):     493788 kB
Inactive(file):   494580 kB
Unevictable:       12768 kB
Mlocked:               0 kB
SwapTotal:        720184 kB
SwapFree:         720156 kB
Dirty:                28 kB
Writeback:             0 kB
AnonPages:        998608 kB
Mapped:           701040 kB
Shmem:             33640 kB
Slab:             117548 kB
SReclaimable:      35812 kB
SUnreclaim:        81736 kB
KernelStack:       34240 kB
PageTables:        57648 kB
NFS_Unstable:          0 kB
Bounce:                0 kB
WritebackTmp:          0 kB
CommitLimit:     2172840 kB
Committed_AS:   93908028 kB
VmallocTotal:   251658176 kB
VmallocUsed:      139912 kB
VmallocChunk:   251422764 kB
Time pass: 361 sec

---2015-12-05 11:02:05
MemTotal:        2905316 kB
MemFree:           70172 kB
Buffers:           26080 kB
Cached:          1008716 kB
SwapCached:            0 kB
Active:          1318556 kB
Inactive:         702340 kB
Active(anon):     824764 kB
Inactive(anon):   207748 kB
Active(file):     493792 kB
Inactive(file):   494592 kB
Unevictable:       12768 kB
Mlocked:               0 kB
SwapTotal:        720184 kB
SwapFree:         720156 kB
Dirty:                72 kB
Writeback:             0 kB
AnonPages:        998888 kB
Mapped:           701116 kB
Shmem:             33644 kB
Slab:             117552 kB
SReclaimable:      35812 kB
SUnreclaim:        81740 kB
KernelStack:       34240 kB
PageTables:        57696 kB
NFS_Unstable:          0 kB
Bounce:                0 kB
WritebackTmp:          0 kB
CommitLimit:     2172840 kB
Committed_AS:   93908044 kB
VmallocTotal:   251658176 kB
VmallocUsed:      139912 kB
VmallocChunk:   251422764 kB
Time pass: 365 sec

---2015-12-05 11:02:05
MemTotal:        2905316 kB
MemFree:           69016 kB
Buffers:           26104 kB
Cached:          1008748 kB
SwapCached:            0 kB
Active:          1318952 kB
Inactive:         702384 kB
Active(anon):     825148 kB
Inactive(anon):   207748 kB
Active(file):     493804 kB
Inactive(file):   494636 kB
Unevictable:       12768 kB
Mlocked:               0 kB
SwapTotal:        720184 kB
SwapFree:         720156 kB
Dirty:               100 kB
Writeback:             0 kB
AnonPages:        999356 kB
Mapped:           701108 kB
Shmem:             33644 kB
Slab:             117552 kB
SReclaimable:      35812 kB
SUnreclaim:        81740 kB
KernelStack:       34240 kB
PageTables:        57672 kB
NFS_Unstable:          0 kB
Bounce:                0 kB
WritebackTmp:          0 kB
CommitLimit:     2172840 kB
Committed_AS:   93908056 kB
VmallocTotal:   251658176 kB
VmallocUsed:      139912 kB
VmallocChunk:   251422764 kB
Time pass: 368 sec

---2015-12-05 11:02:05
MemTotal:        2905316 kB
MemFree:           68984 kB
Buffers:           26104 kB
Cached:          1008752 kB
SwapCached:            0 kB
Active:          1319232 kB
Inactive:         702384 kB
Active(anon):     825424 kB
Inactive(anon):   207748 kB
Active(file):     493808 kB
Inactive(file):   494636 kB
Unevictable:       12768 kB
Mlocked:               0 kB
SwapTotal:        720184 kB
SwapFree:         720156 kB
Dirty:                 8 kB
Writeback:             0 kB
AnonPages:        999520 kB
Mapped:           701052 kB
Shmem:             33644 kB
Slab:             117552 kB
SReclaimable:      35812 kB
SUnreclaim:        81740 kB
KernelStack:       34192 kB
PageTables:        57648 kB
NFS_Unstable:          0 kB
Bounce:                0 kB
WritebackTmp:          0 kB
CommitLimit:     2172840 kB
Committed_AS:   93908028 kB
VmallocTotal:   251658176 kB
VmallocUsed:      139912 kB
VmallocChunk:   251422764 kB
Time pass: 372 sec

---2015-12-05 11:02:05
MemTotal:        2905316 kB
MemFree:           68560 kB
Buffers:           26112 kB
Cached:          1008760 kB
SwapCached:            0 kB
Active:          1319616 kB
Inactive:         702396 kB
Active(anon):     825804 kB
Inactive(anon):   207748 kB
Active(file):     493812 kB
Inactive(file):   494648 kB
Unevictable:       12768 kB
Mlocked:               0 kB
SwapTotal:        720184 kB
SwapFree:         720156 kB
Dirty:                76 kB
Writeback:             0 kB
AnonPages:        999696 kB
Mapped:           701072 kB
Shmem:             33644 kB
Slab:             117552 kB
SReclaimable:      35812 kB
SUnreclaim:        81740 kB
KernelStack:       34192 kB
PageTables:        57644 kB
NFS_Unstable:          0 kB
Bounce:                0 kB
WritebackTmp:          0 kB
CommitLimit:     2172840 kB
Committed_AS:   93907960 kB
VmallocTotal:   251658176 kB
VmallocUsed:      139912 kB
VmallocChunk:   251422764 kB
Time pass: 376 sec

---2015-12-05 11:02:05
MemTotal:        2905316 kB
MemFree:           68044 kB
Buffers:           26136 kB
Cached:          1008804 kB
SwapCached:            0 kB
Active:          1320204 kB
Inactive:         702464 kB
Active(anon):     826392 kB
Inactive(anon):   207808 kB
Active(file):     493812 kB
Inactive(file):   494656 kB
Unevictable:       12768 kB
Mlocked:               0 kB
SwapTotal:        720184 kB
SwapFree:         720156 kB
Dirty:                36 kB
Writeback:             0 kB
AnonPages:       1000444 kB
Mapped:           701132 kB
Shmem:             33704 kB
Slab:             117552 kB
SReclaimable:      35812 kB
SUnreclaim:        81740 kB
KernelStack:       34192 kB
PageTables:        57700 kB
NFS_Unstable:          0 kB
Bounce:                0 kB
WritebackTmp:          0 kB
CommitLimit:     2172840 kB
Committed_AS:   93934596 kB
VmallocTotal:   251658176 kB
VmallocUsed:      139912 kB
VmallocChunk:   251422764 kB
Time pass: 379 sec

---2015-12-05 11:02:05
MemTotal:        2905316 kB
MemFree:           68232 kB
Buffers:           26136 kB
Cached:          1008852 kB
SwapCached:            0 kB
Active:          1320308 kB
Inactive:         702504 kB
Active(anon):     826488 kB
Inactive(anon):   207808 kB
Active(file):     493820 kB
Inactive(file):   494696 kB
Unevictable:       12768 kB
Mlocked:               0 kB
SwapTotal:        720184 kB
SwapFree:         720156 kB
Dirty:                 4 kB
Writeback:             0 kB
AnonPages:       1000704 kB
Mapped:           701076 kB
Shmem:             33704 kB
Slab:             117552 kB
SReclaimable:      35812 kB
SUnreclaim:        81740 kB
KernelStack:       34160 kB
PageTables:        57676 kB
NFS_Unstable:          0 kB
Bounce:                0 kB
WritebackTmp:          0 kB
CommitLimit:     2172840 kB
Committed_AS:   93934596 kB
VmallocTotal:   251658176 kB
VmallocUsed:      139912 kB
VmallocChunk:   251422764 kB
Time pass: 383 sec

---2015-12-05 11:02:05
MemTotal:        2905316 kB
MemFree:           67348 kB
Buffers:           26144 kB
Cached:          1008860 kB
SwapCached:            0 kB
Active:          1320708 kB
Inactive:         702520 kB
Active(anon):     826888 kB
Inactive(anon):   207812 kB
Active(file):     493820 kB
Inactive(file):   494708 kB
Unevictable:       12768 kB
Mlocked:               0 kB
SwapTotal:        720184 kB
SwapFree:         720156 kB
Dirty:                 8 kB
Writeback:             0 kB
AnonPages:       1000752 kB
Mapped:           701156 kB
Shmem:             33708 kB
Slab:             117592 kB
SReclaimable:      35796 kB
SUnreclaim:        81796 kB
KernelStack:       34192 kB
PageTables:        57720 kB
NFS_Unstable:          0 kB
Bounce:                0 kB
WritebackTmp:          0 kB
CommitLimit:     2172840 kB
Committed_AS:   93934584 kB
VmallocTotal:   251658176 kB
VmallocUsed:      139912 kB
VmallocChunk:   251422764 kB
Time pass: 387 sec

---2015-12-05 11:02:05
MemTotal:        2905316 kB
MemFree:           66992 kB
Buffers:           26160 kB
Cached:          1008856 kB
SwapCached:            0 kB
Active:          1320648 kB
Inactive:         702524 kB
Active(anon):     826824 kB
Inactive(anon):   207812 kB
Active(file):     493824 kB
Inactive(file):   494712 kB
Unevictable:       12768 kB
Mlocked:               0 kB
SwapTotal:        720184 kB
SwapFree:         720156 kB
Dirty:                24 kB
Writeback:             0 kB
AnonPages:       1000896 kB
Mapped:           701204 kB
Shmem:             33708 kB
Slab:             117588 kB
SReclaimable:      35796 kB
SUnreclaim:        81792 kB
KernelStack:       34192 kB
PageTables:        57720 kB
NFS_Unstable:          0 kB
Bounce:                0 kB
WritebackTmp:          0 kB
CommitLimit:     2172840 kB
Committed_AS:   93934556 kB
VmallocTotal:   251658176 kB
VmallocUsed:      139912 kB
VmallocChunk:   251422764 kB
Time pass: 391 sec

---2015-12-05 11:02:05
MemTotal:        2905316 kB
MemFree:           67016 kB
Buffers:           26176 kB
Cached:          1008900 kB
SwapCached:            0 kB
Active:          1321348 kB
Inactive:         702580 kB
Active(anon):     827516 kB
Inactive(anon):   207812 kB
Active(file):     493832 kB
Inactive(file):   494768 kB
Unevictable:       12768 kB
Mlocked:               0 kB
SwapTotal:        720184 kB
SwapFree:         720156 kB
Dirty:               112 kB
Writeback:             0 kB
AnonPages:       1001708 kB
Mapped:           701148 kB
Shmem:             33708 kB
Slab:             117588 kB
SReclaimable:      35796 kB
SUnreclaim:        81792 kB
KernelStack:       34192 kB
PageTables:        57704 kB
NFS_Unstable:          0 kB
Bounce:                0 kB
WritebackTmp:          0 kB
CommitLimit:     2172840 kB
Committed_AS:   93934608 kB
VmallocTotal:   251658176 kB
VmallocUsed:      139912 kB
VmallocChunk:   251422764 kB
Time pass: 395 sec

---2015-12-05 11:02:05
MemTotal:        2905316 kB
MemFree:           66568 kB
Buffers:           26184 kB
Cached:          1008900 kB
SwapCached:            0 kB
Active:          1321424 kB
Inactive:         702588 kB
Active(anon):     827592 kB
Inactive(anon):   207812 kB
Active(file):     493832 kB
Inactive(file):   494776 kB
Unevictable:       12768 kB
Mlocked:               0 kB
SwapTotal:        720184 kB
SwapFree:         720156 kB
Dirty:                68 kB
Writeback:             0 kB
AnonPages:       1001820 kB
Mapped:           701148 kB
Shmem:             33708 kB
Slab:             117588 kB
SReclaimable:      35796 kB
SUnreclaim:        81792 kB
KernelStack:       34192 kB
PageTables:        57704 kB
NFS_Unstable:          0 kB
Bounce:                0 kB
WritebackTmp:          0 kB
CommitLimit:     2172840 kB
Committed_AS:   93934548 kB
VmallocTotal:   251658176 kB
VmallocUsed:      139912 kB
VmallocChunk:   251422764 kB
Time pass: 398 sec

---2015-12-05 11:02:05
MemTotal:        2905316 kB
MemFree:           66144 kB
Buffers:           26184 kB
Cached:          1008904 kB
SwapCached:            0 kB
Active:          1321952 kB
Inactive:         702592 kB
