---2015-12-05 14:07:44
MemTotal:        2905316 kB
MemFree:           66268 kB
Buffers:           26368 kB
Cached:          1385688 kB
SwapCached:            0 kB
Active:          1328352 kB
Inactive:        1019632 kB
Active(anon):     810076 kB
Inactive(anon):   168284 kB
Active(file):     518276 kB
Inactive(file):   851348 kB
Unevictable:        7800 kB
Mlocked:               0 kB
SwapTotal:        720184 kB
SwapFree:         720184 kB
Dirty:               544 kB
Writeback:             0 kB
AnonPages:        944000 kB
Mapped:           540608 kB
Shmem:             34632 kB
Slab:             115720 kB
SReclaimable:      35540 kB
SUnreclaim:        80180 kB
KernelStack:       34144 kB
PageTables:        58600 kB
NFS_Unstable:          0 kB
Bounce:                0 kB
WritebackTmp:          0 kB
CommitLimit:     2172840 kB
Committed_AS:   95502792 kB
VmallocTotal:   251658176 kB
VmallocUsed:      138700 kB
VmallocChunk:   251407916 kB
Time pass: 3 sec

---2015-12-05 14:07:44
MemTotal:        2905316 kB
MemFree:           79856 kB
Buffers:           26452 kB
Cached:          1374552 kB
SwapCached:            0 kB
Active:          1328000 kB
Inactive:        1002840 kB
Active(anon):     802320 kB
Inactive(anon):   168048 kB
Active(file):     525680 kB
Inactive(file):   834792 kB
Unevictable:        7800 kB
Mlocked:               0 kB
SwapTotal:        720184 kB
SwapFree:         720184 kB
Dirty:                48 kB
Writeback:             0 kB
AnonPages:        937968 kB
Mapped:           535588 kB
Shmem:             32732 kB
Slab:             120196 kB
SReclaimable:      35716 kB
SUnreclaim:        84480 kB
KernelStack:       32880 kB
PageTables:        59012 kB
NFS_Unstable:          0 kB
Bounce:                0 kB
WritebackTmp:          0 kB
CommitLimit:     2172840 kB
Committed_AS:   98873656 kB
VmallocTotal:   251658176 kB
VmallocUsed:      140740 kB
VmallocChunk:   251408940 kB
Time pass: 7 sec

---2015-12-05 14:07:44
MemTotal:        2905316 kB
MemFree:           82132 kB
Buffers:           26508 kB
Cached:          1365040 kB
SwapCached:            0 kB
Active:          1337344 kB
Inactive:         991260 kB
Active(anon):     808096 kB
Inactive(anon):   169592 kB
Active(file):     529248 kB
Inactive(file):   821668 kB
Unevictable:        7800 kB
Mlocked:               0 kB
SwapTotal:        720184 kB
SwapFree:         720184 kB
Dirty:               756 kB
Writeback:             0 kB
AnonPages:        944828 kB
Mapped:           542892 kB
Shmem:             32740 kB
Slab:             120504 kB
SReclaimable:      35860 kB
SUnreclaim:        84644 kB
KernelStack:       33888 kB
PageTables:        58520 kB
NFS_Unstable:          0 kB
Bounce:                0 kB
WritebackTmp:          0 kB
CommitLimit:     2172840 kB
Committed_AS:   95866232 kB
VmallocTotal:   251658176 kB
VmallocUsed:      138700 kB
VmallocChunk:   251408940 kB
Time pass: 11 sec

---2015-12-05 14:07:44
MemTotal:        2905316 kB
MemFree:          137388 kB
Buffers:           26524 kB
Cached:          1366280 kB
SwapCached:            0 kB
Active:          1284436 kB
Inactive:         992432 kB
Active(anon):     755020 kB
Inactive(anon):   169568 kB
Active(file):     529416 kB
Inactive(file):   822864 kB
Unevictable:        7800 kB
Mlocked:               0 kB
SwapTotal:        720184 kB
SwapFree:         720184 kB
Dirty:               152 kB
Writeback:             0 kB
AnonPages:        892156 kB
Mapped:           518316 kB
Shmem:             32736 kB
Slab:             120352 kB
SReclaimable:      35876 kB
SUnreclaim:        84476 kB
KernelStack:       33872 kB
PageTables:        56864 kB
NFS_Unstable:          0 kB
Bounce:                0 kB
WritebackTmp:          0 kB
CommitLimit:     2172840 kB
Committed_AS:   92102652 kB
VmallocTotal:   251658176 kB
VmallocUsed:      135640 kB
VmallocChunk:   251408940 kB
Time pass: 15 sec

---2015-12-05 14:07:44
MemTotal:        2905316 kB
MemFree:           65128 kB
Buffers:           26720 kB
Cached:          1389748 kB
SwapCached:            0 kB
Active:          1296392 kB
Inactive:        1014396 kB
Active(anon):     762380 kB
Inactive(anon):   172644 kB
Active(file):     534012 kB
Inactive(file):   841752 kB
Unevictable:        7800 kB
Mlocked:               0 kB
SwapTotal:        720184 kB
SwapFree:         720184 kB
Dirty:               792 kB
Writeback:             0 kB
AnonPages:        902644 kB
Mapped:           533552 kB
Shmem:             32740 kB
Slab:             120080 kB
SReclaimable:      35888 kB
SUnreclaim:        84192 kB
KernelStack:       32672 kB
PageTables:        57460 kB
NFS_Unstable:          0 kB
Bounce:                0 kB
WritebackTmp:          0 kB
CommitLimit:     2172840 kB
Committed_AS:   92878008 kB
VmallocTotal:   251658176 kB
VmallocUsed:      136548 kB
VmallocChunk:   251408940 kB
Time pass: 19 sec

---2015-12-05 14:07:44
MemTotal:        2905316 kB
MemFree:           69704 kB
Buffers:           26908 kB
Cached:          1230256 kB
SwapCached:            0 kB
Active:          1318996 kB
Inactive:         867644 kB
Active(anon):     776324 kB
Inactive(anon):   194024 kB
Active(file):     542672 kB
Inactive(file):   673620 kB
Unevictable:        7800 kB
Mlocked:               0 kB
SwapTotal:        720184 kB
SwapFree:         720184 kB
Dirty:               720 kB
Writeback:             0 kB
AnonPages:        937888 kB
Mapped:           592184 kB
Shmem:             32872 kB
Slab:             120264 kB
SReclaimable:      35984 kB
SUnreclaim:        84280 kB
KernelStack:       33696 kB
PageTables:        57964 kB
NFS_Unstable:          0 kB
Bounce:                0 kB
WritebackTmp:          0 kB
CommitLimit:     2172840 kB
Committed_AS:   92937460 kB
VmallocTotal:   251658176 kB
VmallocUsed:      137264 kB
VmallocChunk:   251408940 kB
Time pass: 23 sec

---2015-12-05 14:07:44
MemTotal:        2905316 kB
MemFree:           84316 kB
Buffers:           24088 kB
Cached:          1214136 kB
SwapCached:            0 kB
Active:          1304648 kB
Inactive:         845792 kB
Active(anon):     758864 kB
Inactive(anon):   194024 kB
Active(file):     545784 kB
Inactive(file):   651768 kB
Unevictable:        7800 kB
Mlocked:               0 kB
SwapTotal:        720184 kB
SwapFree:         720184 kB
Dirty:               784 kB
Writeback:             0 kB
AnonPages:        919912 kB
Mapped:           606812 kB
Shmem:             32872 kB
Slab:             120104 kB
SReclaimable:      35868 kB
SUnreclaim:        84236 kB
KernelStack:       33424 kB
PageTables:        57476 kB
NFS_Unstable:          0 kB
Bounce:                0 kB
WritebackTmp:          0 kB
CommitLimit:     2172840 kB
Committed_AS:   92204312 kB
VmallocTotal:   251658176 kB
VmallocUsed:      136468 kB
VmallocChunk:   251408940 kB
Time pass: 26 sec

---2015-12-05 14:07:44
MemTotal:        2905316 kB
MemFree:           84448 kB
Buffers:           24112 kB
Cached:          1214140 kB
SwapCached:            0 kB
Active:          1304428 kB
Inactive:         845812 kB
Active(anon):     758636 kB
Inactive(anon):   194024 kB
Active(file):     545792 kB
Inactive(file):   651788 kB
Unevictable:        7800 kB
Mlocked:               0 kB
SwapTotal:        720184 kB
SwapFree:         720184 kB
Dirty:               164 kB
Writeback:             0 kB
AnonPages:        919796 kB
Mapped:           606864 kB
Shmem:             32872 kB
Slab:             120140 kB
SReclaimable:      35868 kB
SUnreclaim:        84272 kB
KernelStack:       33424 kB
PageTables:        57476 kB
NFS_Unstable:          0 kB
Bounce:                0 kB
WritebackTmp:          0 kB
CommitLimit:     2172840 kB
Committed_AS:   92204336 kB
VmallocTotal:   251658176 kB
VmallocUsed:      136468 kB
VmallocChunk:   251408940 kB
Time pass: 30 sec

---2015-12-05 14:07:44
MemTotal:        2905316 kB
MemFree:           82752 kB
Buffers:           24112 kB
Cached:          1214468 kB
SwapCached:            0 kB
Active:          1305520 kB
Inactive:         846180 kB
Active(anon):     759716 kB
Inactive(anon):   194084 kB
Active(file):     545804 kB
Inactive(file):   652096 kB
Unevictable:        7800 kB
Mlocked:               0 kB
SwapTotal:        720184 kB
SwapFree:         720184 kB
Dirty:                12 kB
Writeback:             0 kB
AnonPages:        920860 kB
Mapped:           607012 kB
Shmem:             32932 kB
Slab:             120144 kB
SReclaimable:      35868 kB
SUnreclaim:        84276 kB
KernelStack:       33440 kB
PageTables:        57556 kB
NFS_Unstable:          0 kB
Bounce:                0 kB
WritebackTmp:          0 kB
CommitLimit:     2172840 kB
Committed_AS:   92230948 kB
VmallocTotal:   251658176 kB
VmallocUsed:      136468 kB
VmallocChunk:   251408940 kB
Time pass: 34 sec

---2015-12-05 14:07:44
MemTotal:        2905316 kB
MemFree:           82136 kB
Buffers:           24120 kB
Cached:          1214696 kB
SwapCached:            0 kB
Active:          1305668 kB
Inactive:         846348 kB
Active(anon):     759856 kB
Inactive(anon):   194084 kB
Active(file):     545812 kB
Inactive(file):   652264 kB
Unevictable:        7800 kB
Mlocked:               0 kB
SwapTotal:        720184 kB
SwapFree:         720184 kB
Dirty:                60 kB
Writeback:             0 kB
AnonPages:        920984 kB
Mapped:           607244 kB
Shmem:             32932 kB
Slab:             120284 kB
SReclaimable:      35868 kB
SUnreclaim:        84416 kB
KernelStack:       33424 kB
PageTables:        57552 kB
NFS_Unstable:          0 kB
Bounce:                0 kB
WritebackTmp:          0 kB
CommitLimit:     2172840 kB
Committed_AS:   92230936 kB
VmallocTotal:   251658176 kB
VmallocUsed:      136468 kB
VmallocChunk:   251408940 kB
Time pass: 38 sec

---2015-12-05 14:07:44
MemTotal:        2905316 kB
MemFree:           82500 kB
Buffers:           24128 kB
Cached:          1214700 kB
SwapCached:            0 kB
Active:          1306252 kB
Inactive:         846360 kB
Active(anon):     760440 kB
Inactive(anon):   194084 kB
Active(file):     545812 kB
Inactive(file):   652276 kB
Unevictable:        7800 kB
Mlocked:               0 kB
SwapTotal:        720184 kB
SwapFree:         720184 kB
Dirty:                56 kB
Writeback:             0 kB
AnonPages:        921604 kB
Mapped:           607188 kB
Shmem:             32932 kB
Slab:             120228 kB
SReclaimable:      35868 kB
SUnreclaim:        84360 kB
KernelStack:       33440 kB
PageTables:        57536 kB
NFS_Unstable:          0 kB
Bounce:                0 kB
WritebackTmp:          0 kB
CommitLimit:     2172840 kB
Committed_AS:   92230940 kB
VmallocTotal:   251658176 kB
VmallocUsed:      137488 kB
VmallocChunk:   251408940 kB
Time pass: 41 sec

---2015-12-05 14:07:44
MemTotal:        2905316 kB
MemFree:           65424 kB
Buffers:           25604 kB
Cached:          1186576 kB
SwapCached:            0 kB
Active:          1315448 kB
Inactive:         818464 kB
Active(anon):     768124 kB
Inactive(anon):   194344 kB
Active(file):     547324 kB
Inactive(file):   624120 kB
Unevictable:        7800 kB
Mlocked:               0 kB
SwapTotal:        720184 kB
SwapFree:         720184 kB
Dirty:               332 kB
Writeback:             0 kB
AnonPages:        929704 kB
Mapped:           610236 kB
Shmem:             32936 kB
Slab:             120308 kB
SReclaimable:      36204 kB
SUnreclaim:        84104 kB
KernelStack:       32912 kB
PageTables:        57260 kB
NFS_Unstable:          0 kB
Bounce:                0 kB
WritebackTmp:          0 kB
CommitLimit:     2172840 kB
Committed_AS:   91528276 kB
VmallocTotal:   251658176 kB
VmallocUsed:      136724 kB
VmallocChunk:   251408940 kB
Time pass: 45 sec

---2015-12-05 14:07:44
MemTotal:        2905316 kB
MemFree:           72844 kB
Buffers:           25532 kB
Cached:          1171288 kB
SwapCached:            0 kB
Active:          1320980 kB
Inactive:         800504 kB
Active(anon):     771056 kB
Inactive(anon):   194344 kB
Active(file):     549924 kB
Inactive(file):   606160 kB
Unevictable:        7800 kB
Mlocked:               0 kB
SwapTotal:        720184 kB
SwapFree:         720184 kB
Dirty:                 4 kB
Writeback:             0 kB
AnonPages:        932764 kB
Mapped:           615756 kB
Shmem:             32936 kB
Slab:             120280 kB
SReclaimable:      36156 kB
SUnreclaim:        84124 kB
KernelStack:       32688 kB
PageTables:        57276 kB
NFS_Unstable:          0 kB
Bounce:                0 kB
WritebackTmp:          0 kB
CommitLimit:     2172840 kB
Committed_AS:   91540016 kB
VmallocTotal:   251658176 kB
VmallocUsed:      136772 kB
VmallocChunk:   251408940 kB
Time pass: 49 sec

---2015-12-05 14:07:44
MemTotal:        2905316 kB
MemFree:           66504 kB
Buffers:           24172 kB
Cached:          1135520 kB
SwapCached:            0 kB
Active:          1355056 kB
Inactive:         759704 kB
Active(anon):     796652 kB
Inactive(anon):   199188 kB
Active(file):     558404 kB
Inactive(file):   560516 kB
Unevictable:        7800 kB
Mlocked:               0 kB
SwapTotal:        720184 kB
SwapFree:         720184 kB
Dirty:              1864 kB
Writeback:             0 kB
AnonPages:        963132 kB
Mapped:           643928 kB
Shmem:             33044 kB
Slab:             120260 kB
SReclaimable:      35868 kB
SUnreclaim:        84392 kB
KernelStack:       33008 kB
PageTables:        57212 kB
NFS_Unstable:          0 kB
Bounce:                0 kB
WritebackTmp:          0 kB
CommitLimit:     2172840 kB
Committed_AS:   91560184 kB
VmallocTotal:   251658176 kB
VmallocUsed:      136924 kB
VmallocChunk:   251408940 kB
Time pass: 52 sec

---2015-12-05 14:07:44
MemTotal:        2905316 kB
MemFree:           74932 kB
Buffers:           24104 kB
Cached:          1120064 kB
SwapCached:            0 kB
Active:          1331008 kB
Inactive:         749440 kB
Active(anon):     782424 kB
Inactive(anon):   199588 kB
Active(file):     548584 kB
Inactive(file):   549852 kB
Unevictable:       12764 kB
Mlocked:               0 kB
SwapTotal:        720184 kB
SwapFree:         720156 kB
Dirty:              1148 kB
Writeback:             0 kB
AnonPages:        949228 kB
Mapped:           664156 kB
Shmem:             32912 kB
Slab:             120480 kB
SReclaimable:      36156 kB
SUnreclaim:        84324 kB
KernelStack:       32912 kB
PageTables:        57296 kB
NFS_Unstable:          0 kB
Bounce:                0 kB
WritebackTmp:          0 kB
CommitLimit:     2172840 kB
Committed_AS:   91545484 kB
VmallocTotal:   251658176 kB
VmallocUsed:      137112 kB
VmallocChunk:   251408940 kB
Time pass: 56 sec

---2015-12-05 14:07:44
MemTotal:        2905316 kB
MemFree:           74720 kB
Buffers:           24112 kB
Cached:          1120064 kB
SwapCached:            0 kB
Active:          1331396 kB
Inactive:         749388 kB
Active(anon):     782696 kB
Inactive(anon):   199588 kB
Active(file):     548700 kB
Inactive(file):   549800 kB
Unevictable:       12764 kB
Mlocked:               0 kB
SwapTotal:        720184 kB
SwapFree:         720156 kB
Dirty:                 8 kB
Writeback:             0 kB
AnonPages:        949368 kB
Mapped:           664220 kB
Shmem:             32912 kB
Slab:             120548 kB
SReclaimable:      36028 kB
SUnreclaim:        84520 kB
KernelStack:       32912 kB
PageTables:        57316 kB
NFS_Unstable:          0 kB
Bounce:                0 kB
WritebackTmp:          0 kB
CommitLimit:     2172840 kB
Committed_AS:   91545468 kB
VmallocTotal:   251658176 kB
VmallocUsed:      137112 kB
VmallocChunk:   251408940 kB
Time pass: 59 sec

---2015-12-05 14:07:44
MemTotal:        2905316 kB
MemFree:           73724 kB
Buffers:           25164 kB
Cached:          1102012 kB
SwapCached:            0 kB
Active:          1328944 kB
Inactive:         740144 kB
Active(anon):     788204 kB
Inactive(anon):   199448 kB
Active(file):     540740 kB
Inactive(file):   540696 kB
Unevictable:       12768 kB
Mlocked:               0 kB
SwapTotal:        720184 kB
SwapFree:         720156 kB
Dirty:               144 kB
Writeback:             0 kB
AnonPages:        954684 kB
Mapped:           671028 kB
Shmem:             32972 kB
Slab:             120408 kB
SReclaimable:      36108 kB
SUnreclaim:        84300 kB
KernelStack:       32896 kB
PageTables:        57384 kB
NFS_Unstable:          0 kB
Bounce:                0 kB
WritebackTmp:          0 kB
CommitLimit:     2172840 kB
Committed_AS:   91573412 kB
VmallocTotal:   251658176 kB
VmallocUsed:      137224 kB
VmallocChunk:   251408940 kB
Time pass: 63 sec

---2015-12-05 14:07:44
MemTotal:        2905316 kB
MemFree:           73588 kB
Buffers:           25172 kB
Cached:          1102076 kB
SwapCached:            0 kB
Active:          1329284 kB
Inactive:         740172 kB
Active(anon):     788512 kB
Inactive(anon):   199448 kB
Active(file):     540772 kB
Inactive(file):   540724 kB
Unevictable:       12768 kB
Mlocked:               0 kB
SwapTotal:        720184 kB
SwapFree:         720156 kB
Dirty:               240 kB
Writeback:             0 kB
AnonPages:        954976 kB
Mapped:           671092 kB
Shmem:             32972 kB
Slab:             120380 kB
SReclaimable:      36012 kB
SUnreclaim:        84368 kB
KernelStack:       32896 kB
PageTables:        57408 kB
NFS_Unstable:          0 kB
Bounce:                0 kB
WritebackTmp:          0 kB
CommitLimit:     2172840 kB
Committed_AS:   91573412 kB
VmallocTotal:   251658176 kB
VmallocUsed:      137224 kB
VmallocChunk:   251408940 kB
Time pass: 67 sec

---2015-12-05 14:07:44
MemTotal:        2905316 kB
MemFree:           77832 kB
Buffers:           25172 kB
Cached:          1075624 kB
SwapCached:            0 kB
Active:          1320928 kB
Inactive:         728224 kB
Active(anon):     793456 kB
Inactive(anon):   200640 kB
Active(file):     527472 kB
Inactive(file):   527584 kB
Unevictable:       12768 kB
Mlocked:               0 kB
SwapTotal:        720184 kB
SwapFree:         720156 kB
Dirty:               668 kB
Writeback:             0 kB
AnonPages:        961344 kB
Mapped:           678180 kB
Shmem:             32972 kB
Slab:             120040 kB
SReclaimable:      35580 kB
SUnreclaim:        84460 kB
KernelStack:       32880 kB
PageTables:        57336 kB
NFS_Unstable:          0 kB
Bounce:                0 kB
WritebackTmp:          0 kB
CommitLimit:     2172840 kB
Committed_AS:   91576684 kB
VmallocTotal:   251658176 kB
VmallocUsed:      137376 kB
VmallocChunk:   251408940 kB
Time pass: 71 sec

---2015-12-05 14:07:44
MemTotal:        2905316 kB
MemFree:           65360 kB
Buffers:           25180 kB
Cached:          1078204 kB
SwapCached:            0 kB
Active:          1327404 kB
Inactive:         730520 kB
Active(anon):     799920 kB
Inactive(anon):   200624 kB
Active(file):     527484 kB
Inactive(file):   529896 kB
Unevictable:       12768 kB
Mlocked:               0 kB
SwapTotal:        720184 kB
SwapFree:         720156 kB
Dirty:                24 kB
Writeback:             0 kB
AnonPages:        968068 kB
Mapped:           682556 kB
Shmem:             32972 kB
Slab:             120016 kB
SReclaimable:      35692 kB
SUnreclaim:        84324 kB
KernelStack:       32864 kB
PageTables:        57296 kB
NFS_Unstable:          0 kB
Bounce:                0 kB
WritebackTmp:          0 kB
CommitLimit:     2172840 kB
Committed_AS:   91580060 kB
VmallocTotal:   251658176 kB
VmallocUsed:      137400 kB
VmallocChunk:   251408940 kB
Time pass: 74 sec

---2015-12-05 14:07:44
MemTotal:        2905316 kB
MemFree:           62884 kB
Buffers:           25176 kB
Cached:          1064404 kB
SwapCached:            0 kB
Active:          1337764 kB
Inactive:         725408 kB
Active(anon):     816064 kB
Inactive(anon):   203400 kB
Active(file):     521700 kB
Inactive(file):   522008 kB
Unevictable:       12768 kB
Mlocked:               0 kB
SwapTotal:        720184 kB
SwapFree:         720156 kB
Dirty:               112 kB
Writeback:             0 kB
AnonPages:        986324 kB
Mapped:           683232 kB
Shmem:             33104 kB
Slab:             120188 kB
SReclaimable:      35724 kB
SUnreclaim:        84464 kB
KernelStack:       33216 kB
PageTables:        57564 kB
NFS_Unstable:          0 kB
Bounce:                0 kB
WritebackTmp:          0 kB
CommitLimit:     2172840 kB
Committed_AS:   91627864 kB
VmallocTotal:   251658176 kB
VmallocUsed:      139848 kB
VmallocChunk:   251408940 kB
Time pass: 78 sec

---2015-12-05 14:07:44
MemTotal:        2905316 kB
MemFree:           75808 kB
Buffers:           24844 kB
Cached:          1023732 kB
SwapCached:            0 kB
Active:          1317260 kB
Inactive:         705632 kB
Active(anon):     815756 kB
Inactive(anon):   204144 kB
Active(file):     501504 kB
Inactive(file):   501488 kB
Unevictable:       12768 kB
Mlocked:               0 kB
SwapTotal:        720184 kB
SwapFree:         719740 kB
Dirty:                44 kB
Writeback:             0 kB
AnonPages:        987056 kB
Mapped:           679796 kB
Shmem:             32816 kB
Slab:             120048 kB
SReclaimable:      35692 kB
SUnreclaim:        84356 kB
KernelStack:       33216 kB
PageTables:        57720 kB
NFS_Unstable:          0 kB
Bounce:                0 kB
WritebackTmp:          0 kB
CommitLimit:     2172840 kB
Committed_AS:   91628460 kB
VmallocTotal:   251658176 kB
VmallocUsed:      139848 kB
VmallocChunk:   251408940 kB
Time pass: 82 sec

---2015-12-05 14:07:44
MemTotal:        2905316 kB
MemFree:           75500 kB
Buffers:           24852 kB
Cached:          1023840 kB
SwapCached:            0 kB
Active:          1317728 kB
Inactive:         705732 kB
Active(anon):     816208 kB
Inactive(anon):   204216 kB
Active(file):     501520 kB
Inactive(file):   501516 kB
Unevictable:       12768 kB
Mlocked:               0 kB
SwapTotal:        720184 kB
SwapFree:         719740 kB
Dirty:                88 kB
Writeback:             0 kB
AnonPages:        987308 kB
Mapped:           679868 kB
Shmem:             32888 kB
Slab:             120140 kB
SReclaimable:      35788 kB
SUnreclaim:        84352 kB
KernelStack:       33232 kB
PageTables:        57736 kB
NFS_Unstable:          0 kB
Bounce:                0 kB
WritebackTmp:          0 kB
CommitLimit:     2172840 kB
Committed_AS:   91628924 kB
VmallocTotal:   251658176 kB
VmallocUsed:      139848 kB
VmallocChunk:   251408940 kB
Time pass: 85 sec

---2015-12-05 14:07:44
MemTotal:        2905316 kB
MemFree:           72060 kB
Buffers:           24876 kB
Cached:          1024044 kB
SwapCached:            0 kB
Active:          1320496 kB
Inactive:         705900 kB
Active(anon):     818944 kB
Inactive(anon):   204324 kB
Active(file):     501552 kB
Inactive(file):   501576 kB
Unevictable:       12768 kB
Mlocked:               0 kB
SwapTotal:        720184 kB
SwapFree:         719740 kB
Dirty:                44 kB
Writeback:             0 kB
AnonPages:        990212 kB
Mapped:           679992 kB
Shmem:             32996 kB
Slab:             120160 kB
SReclaimable:      35788 kB
SUnreclaim:        84372 kB
KernelStack:       33232 kB
PageTables:        57748 kB
NFS_Unstable:          0 kB
Bounce:                0 kB
WritebackTmp:          0 kB
CommitLimit:     2172840 kB
Committed_AS:   91632228 kB
VmallocTotal:   251658176 kB
VmallocUsed:      139848 kB
VmallocChunk:   251408940 kB
Time pass: 89 sec

---2015-12-05 14:07:44
MemTotal:        2905316 kB
MemFree:           70716 kB
Buffers:           24884 kB
Cached:          1024256 kB
SwapCached:            0 kB
Active:          1321788 kB
Inactive:         706120 kB
Active(anon):     820212 kB
Inactive(anon):   204508 kB
Active(file):     501576 kB
Inactive(file):   501612 kB
Unevictable:       12768 kB
Mlocked:               0 kB
SwapTotal:        720184 kB
SwapFree:         719740 kB
Dirty:               120 kB
Writeback:             0 kB
AnonPages:        991556 kB
Mapped:           680196 kB
Shmem:             33184 kB
Slab:             120160 kB
SReclaimable:      35788 kB
SUnreclaim:        84372 kB
KernelStack:       33232 kB
PageTables:        57796 kB
NFS_Unstable:          0 kB
Bounce:                0 kB
WritebackTmp:          0 kB
CommitLimit:     2172840 kB
Committed_AS:   91660144 kB
VmallocTotal:   251658176 kB
VmallocUsed:      139848 kB
VmallocChunk:   251408940 kB
Time pass: 93 sec

---2015-12-05 14:07:44
MemTotal:        2905316 kB
MemFree:           69824 kB
Buffers:           24908 kB
Cached:          1024308 kB
SwapCached:            0 kB
Active:          1322504 kB
Inactive:         706172 kB
Active(anon):     820904 kB
Inactive(anon):   204508 kB
Active(file):     501600 kB
Inactive(file):   501664 kB
Unevictable:       12768 kB
Mlocked:               0 kB
SwapTotal:        720184 kB
SwapFree:         719740 kB
Dirty:               132 kB
Writeback:             0 kB
AnonPages:        992364 kB
Mapped:           680208 kB
Shmem:             33184 kB
Slab:             120156 kB
SReclaimable:      35788 kB
SUnreclaim:        84368 kB
KernelStack:       33232 kB
PageTables:        57800 kB
NFS_Unstable:          0 kB
Bounce:                0 kB
WritebackTmp:          0 kB
CommitLimit:     2172840 kB
Committed_AS:   91660132 kB
VmallocTotal:   251658176 kB
VmallocUsed:      139848 kB
VmallocChunk:   251408940 kB
Time pass: 97 sec

---2015-12-05 14:07:44
MemTotal:        2905316 kB
MemFree:           84688 kB
Buffers:           24908 kB
Cached:          1025792 kB
SwapCached:            0 kB
Active:          1309908 kB
Inactive:         707668 kB
Active(anon):     808136 kB
Inactive(anon):   204224 kB
Active(file):     501772 kB
Inactive(file):   503444 kB
Unevictable:       12768 kB
Mlocked:               0 kB
SwapTotal:        720184 kB
SwapFree:         719740 kB
Dirty:                64 kB
Writeback:             0 kB
AnonPages:        979720 kB
Mapped:           677408 kB
Shmem:             32756 kB
Slab:             120428 kB
SReclaimable:      35788 kB
SUnreclaim:        84640 kB
KernelStack:       33328 kB
PageTables:        57524 kB
NFS_Unstable:          0 kB
Bounce:                0 kB
WritebackTmp:          0 kB
CommitLimit:     2172840 kB
Committed_AS:   91631940 kB
VmallocTotal:   251658176 kB
VmallocUsed:      139824 kB
VmallocChunk:   251408940 kB
Time pass: 100 sec

---2015-12-05 14:07:44
MemTotal:        2905316 kB
MemFree:          349772 kB
Buffers:           24960 kB
Cached:          1024308 kB
SwapCached:            0 kB
Active:          1233840 kB
Inactive:         707160 kB
Active(anon):     733192 kB
Inactive(anon):   206020 kB
Active(file):     500648 kB
Inactive(file):   501140 kB
Unevictable:       12768 kB
Mlocked:               0 kB
SwapTotal:        720184 kB
SwapFree:         719652 kB
Dirty:                16 kB
Writeback:             0 kB
AnonPages:        904736 kB
Mapped:           494968 kB
Shmem:             34692 kB
Slab:             120256 kB
SReclaimable:      35788 kB
SUnreclaim:        84468 kB
KernelStack:       31488 kB
PageTables:        55136 kB
NFS_Unstable:          0 kB
Bounce:                0 kB
WritebackTmp:          0 kB
CommitLimit:     2172840 kB
Committed_AS:   90036544 kB
VmallocTotal:   251658176 kB
VmallocUsed:      136168 kB
VmallocChunk:   251408940 kB
Time pass: 104 sec

---2015-12-05 14:07:44
MemTotal:        2905316 kB
MemFree:          242892 kB
Buffers:           25412 kB
Cached:          1026576 kB
SwapCached:            0 kB
Active:          1271752 kB
Inactive:         706608 kB
Active(anon):     767824 kB
Inactive(anon):   206140 kB
Active(file):     503928 kB
Inactive(file):   500468 kB
Unevictable:       12768 kB
Mlocked:               0 kB
SwapTotal:        720184 kB
SwapFree:         719652 kB
Dirty:              2152 kB
Writeback:             0 kB
AnonPages:        939620 kB
Mapped:           560720 kB
Shmem:             34828 kB
Slab:             120088 kB
SReclaimable:      35772 kB
SUnreclaim:        84316 kB
KernelStack:       32672 kB
PageTables:        56264 kB
NFS_Unstable:          0 kB
Bounce:                0 kB
WritebackTmp:          0 kB
CommitLimit:     2172840 kB
Committed_AS:   90850120 kB
VmallocTotal:   251658176 kB
VmallocUsed:      137844 kB
VmallocChunk:   251408940 kB
Time pass: 108 sec

---2015-12-05 14:07:44
MemTotal:        2905316 kB
MemFree:          163888 kB
Buffers:           25436 kB
Cached:          1028256 kB
SwapCached:            0 kB
Active:          1284624 kB
Inactive:         706536 kB
Active(anon):     778916 kB
Inactive(anon):   206144 kB
Active(file):     505708 kB
Inactive(file):   500392 kB
Unevictable:       12768 kB
Mlocked:               0 kB
SwapTotal:        720184 kB
SwapFree:         719652 kB
Dirty:              2396 kB
Writeback:             0 kB
AnonPages:        950200 kB
Mapped:           619212 kB
Shmem:             34832 kB
Slab:             120352 kB
SReclaimable:      35788 kB
SUnreclaim:        84564 kB
KernelStack:       32688 kB
PageTables:        56528 kB
NFS_Unstable:          0 kB
Bounce:                0 kB
WritebackTmp:          0 kB
CommitLimit:     2172840 kB
Committed_AS:   90869532 kB
VmallocTotal:   251658176 kB
VmallocUsed:      138364 kB
VmallocChunk:   251408940 kB
Time pass: 111 sec

---2015-12-05 14:07:44
MemTotal:        2905316 kB
MemFree:          152304 kB
Buffers:           25444 kB
Cached:          1028216 kB
SwapCached:            0 kB
Active:          1283604 kB
Inactive:         706420 kB
Active(anon):     777832 kB
Inactive(anon):   206144 kB
Active(file):     505772 kB
Inactive(file):   500276 kB
Unevictable:       12768 kB
Mlocked:               0 kB
SwapTotal:        720184 kB
SwapFree:         719652 kB
Dirty:               108 kB
Writeback:             0 kB
AnonPages:        949140 kB
Mapped:           630740 kB
Shmem:             34832 kB
Slab:             120368 kB
SReclaimable:      35788 kB
SUnreclaim:        84580 kB
KernelStack:       32624 kB
PageTables:        56580 kB
NFS_Unstable:          0 kB
Bounce:                0 kB
WritebackTmp:          0 kB
CommitLimit:     2172840 kB
Committed_AS:   90869488 kB
VmallocTotal:   251658176 kB
VmallocUsed:      136044 kB
VmallocChunk:   251408940 kB
Time pass: 115 sec

---2015-12-05 14:07:44
MemTotal:        2905316 kB
MemFree:          133388 kB
Buffers:           25444 kB
Cached:          1028368 kB
SwapCached:            0 kB
Active:          1285856 kB
Inactive:         706308 kB
Active(anon):     779856 kB
Inactive(anon):   206144 kB
Active(file):     506000 kB
Inactive(file):   500164 kB
Unevictable:       12768 kB
Mlocked:               0 kB
SwapTotal:        720184 kB
SwapFree:         719652 kB
Dirty:               124 kB
Writeback:             0 kB
AnonPages:        951284 kB
Mapped:           640540 kB
Shmem:             34832 kB
Slab:             120252 kB
SReclaimable:      35788 kB
SUnreclaim:        84464 kB
KernelStack:       32624 kB
PageTables:        56616 kB
NFS_Unstable:          0 kB
Bounce:                0 kB
WritebackTmp:          0 kB
CommitLimit:     2172840 kB
Committed_AS:   90870632 kB
VmallocTotal:   251658176 kB
VmallocUsed:      136164 kB
VmallocChunk:   251408940 kB
Time pass: 119 sec

---2015-12-05 14:07:44
MemTotal:        2905316 kB
MemFree:          106320 kB
Buffers:           25452 kB
Cached:          1028432 kB
SwapCached:            0 kB
Active:          1292236 kB
Inactive:         706320 kB
Active(anon):     786204 kB
Inactive(anon):   205808 kB
Active(file):     506032 kB
Inactive(file):   500512 kB
Unevictable:       12768 kB
Mlocked:               0 kB
SwapTotal:        720184 kB
SwapFree:         719652 kB
Dirty:               728 kB
Writeback:             0 kB
AnonPages:        957952 kB
Mapped:           651820 kB
Shmem:             34496 kB
Slab:             117532 kB
SReclaimable:      35788 kB
SUnreclaim:        81744 kB
KernelStack:       32576 kB
PageTables:        56432 kB
NFS_Unstable:          0 kB
Bounce:                0 kB
WritebackTmp:          0 kB
CommitLimit:     2172840 kB
Committed_AS:   90693756 kB
VmallocTotal:   251658176 kB
VmallocUsed:      136336 kB
VmallocChunk:   251408940 kB
Time pass: 123 sec

---2015-12-05 14:07:44
MemTotal:        2905316 kB
MemFree:          106504 kB
Buffers:           25460 kB
Cached:          1028452 kB
SwapCached:            0 kB
Active:          1291816 kB
Inactive:         706364 kB
Active(anon):     785724 kB
Inactive(anon):   205744 kB
Active(file):     506092 kB
Inactive(file):   500620 kB
Unevictable:       12768 kB
Mlocked:               0 kB
SwapTotal:        720184 kB
SwapFree:         719652 kB
Dirty:               648 kB
Writeback:             0 kB
AnonPages:        957144 kB
Mapped:           653324 kB
Shmem:             34432 kB
Slab:             117536 kB
SReclaimable:      35788 kB
SUnreclaim:        81748 kB
KernelStack:       32608 kB
PageTables:        56252 kB
NFS_Unstable:          0 kB
Bounce:                0 kB
WritebackTmp:          0 kB
CommitLimit:     2172840 kB
Committed_AS:   90693864 kB
VmallocTotal:   251658176 kB
VmallocUsed:      136348 kB
VmallocChunk:   251408940 kB
Time pass: 126 sec

---2015-12-05 14:07:44
MemTotal:        2905316 kB
MemFree:          108280 kB
Buffers:           25468 kB
Cached:          1028472 kB
SwapCached:            0 kB
Active:          1289604 kB
Inactive:         706384 kB
Active(anon):     783504 kB
Inactive(anon):   205744 kB
Active(file):     506100 kB
Inactive(file):   500640 kB
Unevictable:       12768 kB
Mlocked:               0 kB
SwapTotal:        720184 kB
SwapFree:         719652 kB
Dirty:                88 kB
Writeback:             0 kB
AnonPages:        954808 kB
Mapped:           653348 kB
Shmem:             34432 kB
Slab:             117568 kB
SReclaimable:      35788 kB
SUnreclaim:        81780 kB
KernelStack:       32592 kB
PageTables:        56248 kB
NFS_Unstable:          0 kB
Bounce:                0 kB
WritebackTmp:          0 kB
CommitLimit:     2172840 kB
Committed_AS:   90693896 kB
VmallocTotal:   251658176 kB
VmallocUsed:      136348 kB
VmallocChunk:   251408940 kB
Time pass: 130 sec

---2015-12-05 14:07:44
MemTotal:        2905316 kB
MemFree:          106472 kB
Buffers:           25476 kB
Cached:          1028524 kB
SwapCached:            0 kB
Active:          1290600 kB
Inactive:         706428 kB
Active(anon):     784492 kB
Inactive(anon):   205744 kB
Active(file):     506108 kB
Inactive(file):   500684 kB
Unevictable:       12768 kB
Mlocked:               0 kB
SwapTotal:        720184 kB
SwapFree:         719652 kB
Dirty:                60 kB
Writeback:             0 kB
AnonPages:        956000 kB
Mapped:           653932 kB
Shmem:             34432 kB
Slab:             117552 kB
SReclaimable:      35788 kB
SUnreclaim:        81764 kB
KernelStack:       32576 kB
PageTables:        56252 kB
NFS_Unstable:          0 kB
Bounce:                0 kB
WritebackTmp:          0 kB
CommitLimit:     2172840 kB
Committed_AS:   90693932 kB
VmallocTotal:   251658176 kB
VmallocUsed:      136348 kB
VmallocChunk:   251408940 kB
Time pass: 134 sec

---2015-12-05 14:07:44
MemTotal:        2905316 kB
MemFree:           93212 kB
Buffers:           25492 kB
Cached:          1028716 kB
SwapCached:            0 kB
Active:          1302372 kB
Inactive:         705596 kB
Active(anon):     795220 kB
Inactive(anon):   205880 kB
Active(file):     507152 kB
Inactive(file):   499716 kB
Unevictable:       12768 kB
Mlocked:               0 kB
SwapTotal:        720184 kB
SwapFree:         719652 kB
Dirty:               140 kB
Writeback:             0 kB
AnonPages:        966808 kB
Mapped:           657396 kB
Shmem:             34572 kB
Slab:             117592 kB
SReclaimable:      35788 kB
SUnreclaim:        81804 kB
KernelStack:       33008 kB
PageTables:        56508 kB
NFS_Unstable:          0 kB
Bounce:                0 kB
WritebackTmp:          0 kB
CommitLimit:     2172840 kB
Committed_AS:   90734732 kB
VmallocTotal:   251658176 kB
VmallocUsed:      138796 kB
VmallocChunk:   251408940 kB
Time pass: 137 sec

---2015-12-05 14:07:44
MemTotal:        2905316 kB
MemFree:           92900 kB
Buffers:           25492 kB
Cached:          1028808 kB
SwapCached:            0 kB
Active:          1303184 kB
Inactive:         705664 kB
Active(anon):     796008 kB
Inactive(anon):   205916 kB
Active(file):     507176 kB
Inactive(file):   499748 kB
Unevictable:       12768 kB
Mlocked:               0 kB
SwapTotal:        720184 kB
SwapFree:         719652 kB
Dirty:                20 kB
Writeback:             0 kB
AnonPages:        967212 kB
Mapped:           657640 kB
Shmem:             34608 kB
Slab:             117584 kB
SReclaimable:      35788 kB
SUnreclaim:        81796 kB
KernelStack:       32976 kB
PageTables:        56516 kB
NFS_Unstable:          0 kB
Bounce:                0 kB
WritebackTmp:          0 kB
CommitLimit:     2172840 kB
Committed_AS:   90735256 kB
VmallocTotal:   251658176 kB
VmallocUsed:      138796 kB
VmallocChunk:   251408940 kB
Time pass: 141 sec

---2015-12-05 14:07:44
MemTotal:        2905316 kB
MemFree:           91764 kB
Buffers:           25500 kB
Cached:          1028868 kB
SwapCached:            0 kB
Active:          1303260 kB
Inactive:         705728 kB
Active(anon):     796080 kB
Inactive(anon):   205972 kB
Active(file):     507180 kB
Inactive(file):   499756 kB
Unevictable:       12768 kB
Mlocked:               0 kB
SwapTotal:        720184 kB
SwapFree:         719652 kB
Dirty:                84 kB
Writeback:             0 kB
AnonPages:        967516 kB
Mapped:           657756 kB
Shmem:             34664 kB
Slab:             117584 kB
SReclaimable:      35788 kB
SUnreclaim:        81796 kB
KernelStack:       32976 kB
PageTables:        56540 kB
NFS_Unstable:          0 kB
Bounce:                0 kB
WritebackTmp:          0 kB
CommitLimit:     2172840 kB
Committed_AS:   90735500 kB
VmallocTotal:   251658176 kB
VmallocUsed:      138796 kB
VmallocChunk:   251408940 kB
Time pass: 145 sec

---2015-12-05 14:07:44
MemTotal:        2905316 kB
MemFree:           90968 kB
Buffers:           25508 kB
Cached:          1028880 kB
SwapCached:            0 kB
Active:          1303604 kB
Inactive:         705744 kB
Active(anon):     796420 kB
Inactive(anon):   205972 kB
Active(file):     507184 kB
Inactive(file):   499772 kB
Unevictable:       12768 kB
Mlocked:               0 kB
SwapTotal:        720184 kB
SwapFree:         719652 kB
Dirty:                 8 kB
Writeback:             0 kB
AnonPages:        967832 kB
Mapped:           657760 kB
Shmem:             34664 kB
Slab:             117584 kB
SReclaimable:      35788 kB
SUnreclaim:        81796 kB
KernelStack:       32976 kB
PageTables:        56536 kB
NFS_Unstable:          0 kB
Bounce:                0 kB
WritebackTmp:          0 kB
CommitLimit:     2172840 kB
Committed_AS:   90735500 kB
VmallocTotal:   251658176 kB
VmallocUsed:      138796 kB
VmallocChunk:   251408940 kB
Time pass: 149 sec

---2015-12-05 14:07:44
MemTotal:        2905316 kB
MemFree:           86972 kB
Buffers:           25540 kB
Cached:          1028736 kB
SwapCached:            0 kB
Active:          1309668 kB
Inactive:         705400 kB
Active(anon):     802256 kB
Inactive(anon):   205748 kB
Active(file):     507412 kB
Inactive(file):   499652 kB
Unevictable:       12768 kB
Mlocked:               0 kB
SwapTotal:        720184 kB
SwapFree:         719652 kB
Dirty:               172 kB
Writeback:             0 kB
AnonPages:        973244 kB
Mapped:           658984 kB
Shmem:             34444 kB
Slab:             117588 kB
SReclaimable:      35788 kB
SUnreclaim:        81800 kB
KernelStack:       32816 kB
PageTables:        56436 kB
NFS_Unstable:          0 kB
Bounce:                0 kB
WritebackTmp:          0 kB
CommitLimit:     2172840 kB
Committed_AS:   90755660 kB
VmallocTotal:   251658176 kB
VmallocUsed:      138796 kB
VmallocChunk:   251408940 kB
Time pass: 153 sec

---2015-12-05 14:07:44
MemTotal:        2905316 kB
MemFree:           74636 kB
Buffers:           25572 kB
Cached:          1029168 kB
SwapCached:            0 kB
Active:          1320408 kB
Inactive:         705792 kB
Active(anon):     812924 kB
Inactive(anon):   206008 kB
Active(file):     507484 kB
Inactive(file):   499784 kB
Unevictable:       12768 kB
Mlocked:               0 kB
SwapTotal:        720184 kB
SwapFree:         719652 kB
Dirty:               200 kB
Writeback:             0 kB
AnonPages:        984352 kB
Mapped:           659392 kB
Shmem:             34700 kB
Slab:             117564 kB
SReclaimable:      35788 kB
SUnreclaim:        81776 kB
KernelStack:       32992 kB
PageTables:        56680 kB
NFS_Unstable:          0 kB
Bounce:                0 kB
WritebackTmp:          0 kB
CommitLimit:     2172840 kB
Committed_AS:   90784308 kB
VmallocTotal:   251658176 kB
VmallocUsed:      138796 kB
VmallocChunk:   251408940 kB
Time pass: 156 sec

---2015-12-05 14:07:44
MemTotal:        2905316 kB
MemFree:           74048 kB
Buffers:           25580 kB
Cached:          1029204 kB
SwapCached:            0 kB
Active:          1320876 kB
Inactive:         705828 kB
Active(anon):     813384 kB
Inactive(anon):   206036 kB
Active(file):     507492 kB
Inactive(file):   499792 kB
Unevictable:       12768 kB
Mlocked:               0 kB
SwapTotal:        720184 kB
SwapFree:         719652 kB
Dirty:                 8 kB
Writeback:             0 kB
AnonPages:        984648 kB
Mapped:           659368 kB
Shmem:             34728 kB
Slab:             117564 kB
SReclaimable:      35788 kB
SUnreclaim:        81776 kB
KernelStack:       32992 kB
PageTables:        56656 kB
NFS_Unstable:          0 kB
Bounce:                0 kB
WritebackTmp:          0 kB
CommitLimit:     2172840 kB
Committed_AS:   90784324 kB
VmallocTotal:   251658176 kB
VmallocUsed:      138796 kB
VmallocChunk:   251408940 kB
Time pass: 160 sec

---2015-12-05 14:07:44
MemTotal:        2905316 kB
MemFree:           73188 kB
Buffers:           25588 kB
Cached:          1029276 kB
SwapCached:            0 kB
Active:          1321428 kB
Inactive:         705900 kB
Active(anon):     813928 kB
Inactive(anon):   206100 kB
Active(file):     507500 kB
Inactive(file):   499800 kB
Unevictable:       12768 kB
Mlocked:               0 kB
SwapTotal:        720184 kB
SwapFree:         719652 kB
Dirty:                52 kB
Writeback:             0 kB
AnonPages:        985288 kB
Mapped:           659504 kB
Shmem:             34792 kB
Slab:             117564 kB
SReclaimable:      35788 kB
SUnreclaim:        81776 kB
KernelStack:       32992 kB
PageTables:        56676 kB
NFS_Unstable:          0 kB
Bounce:                0 kB
WritebackTmp:          0 kB
CommitLimit:     2172840 kB
Committed_AS:   90784300 kB
VmallocTotal:   251658176 kB
VmallocUsed:      138796 kB
VmallocChunk:   251408940 kB
Time pass: 164 sec

---2015-12-05 14:07:44
MemTotal:        2905316 kB
MemFree:           72404 kB
Buffers:           25588 kB
Cached:          1029344 kB
SwapCached:            0 kB
Active:          1321356 kB
Inactive:         705964 kB
Active(anon):     813848 kB
Inactive(anon):   206112 kB
Active(file):     507508 kB
Inactive(file):   499852 kB
Unevictable:       12768 kB
Mlocked:               0 kB
SwapTotal:        720184 kB
SwapFree:         719652 kB
Dirty:               104 kB
Writeback:             0 kB
AnonPages:        985200 kB
Mapped:           659536 kB
Shmem:             34804 kB
Slab:             117568 kB
SReclaimable:      35788 kB
SUnreclaim:        81780 kB
KernelStack:       32944 kB
PageTables:        56688 kB
NFS_Unstable:          0 kB
Bounce:                0 kB
WritebackTmp:          0 kB
CommitLimit:     2172840 kB
Committed_AS:   90784288 kB
VmallocTotal:   251658176 kB
VmallocUsed:      138796 kB
VmallocChunk:   251408940 kB
Time pass: 168 sec

---2015-12-05 14:07:44
MemTotal:        2905316 kB
MemFree:           82872 kB
Buffers:           25596 kB
Cached:          1029048 kB
SwapCached:            0 kB
Active:          1312268 kB
Inactive:         705672 kB
Active(anon):     804752 kB
Inactive(anon):   205804 kB
Active(file):     507516 kB
Inactive(file):   499868 kB
Unevictable:       12768 kB
Mlocked:               0 kB
SwapTotal:        720184 kB
SwapFree:         719652 kB
Dirty:                32 kB
Writeback:             0 kB
AnonPages:        976080 kB
Mapped:           659108 kB
Shmem:             34492 kB
Slab:             117568 kB
SReclaimable:      35788 kB
SUnreclaim:        81780 kB
KernelStack:       32624 kB
PageTables:        56476 kB
NFS_Unstable:          0 kB
Bounce:                0 kB
WritebackTmp:          0 kB
CommitLimit:     2172840 kB
Committed_AS:   90755744 kB
VmallocTotal:   251658176 kB
VmallocUsed:      138764 kB
VmallocChunk:   251408940 kB
Time pass: 171 sec

---2015-12-05 14:07:44
MemTotal:        2905316 kB
MemFree:           83800 kB
Buffers:           25604 kB
Cached:          1029052 kB
SwapCached:            0 kB
Active:          1312340 kB
Inactive:         705672 kB
Active(anon):     804820 kB
Inactive(anon):   205804 kB
Active(file):     507520 kB
Inactive(file):   499868 kB
Unevictable:       12768 kB
Mlocked:               0 kB
SwapTotal:        720184 kB
SwapFree:         719652 kB
Dirty:                 4 kB
Writeback:             0 kB
AnonPages:        976192 kB
Mapped:           659112 kB
Shmem:             34492 kB
Slab:             117568 kB
SReclaimable:      35788 kB
SUnreclaim:        81780 kB
KernelStack:       32608 kB
PageTables:        56480 kB
NFS_Unstable:          0 kB
Bounce:                0 kB
WritebackTmp:          0 kB
CommitLimit:     2172840 kB
Committed_AS:   90755720 kB
VmallocTotal:   251658176 kB
VmallocUsed:      138764 kB
VmallocChunk:   251408940 kB
Time pass: 175 sec

---2015-12-05 14:07:44
MemTotal:        2905316 kB
MemFree:           83560 kB
Buffers:           25612 kB
Cached:          1029060 kB
SwapCached:            0 kB
Active:          1312604 kB
Inactive:         705684 kB
Active(anon):     805076 kB
Inactive(anon):   205804 kB
Active(file):     507528 kB
Inactive(file):   499880 kB
Unevictable:       12768 kB
Mlocked:               0 kB
SwapTotal:        720184 kB
SwapFree:         719652 kB
Dirty:                 4 kB
Writeback:            16 kB
AnonPages:        976456 kB
Mapped:           659120 kB
Shmem:             34492 kB
Slab:             117568 kB
SReclaimable:      35788 kB
SUnreclaim:        81780 kB
KernelStack:       32640 kB
PageTables:        56476 kB
NFS_Unstable:          0 kB
Bounce:                0 kB
WritebackTmp:          0 kB
CommitLimit:     2172840 kB
Committed_AS:   90755632 kB
VmallocTotal:   251658176 kB
VmallocUsed:      138764 kB
VmallocChunk:   251408940 kB
Time pass: 179 sec

---2015-12-05 14:07:44
MemTotal:        2905316 kB
MemFree:           83484 kB
Buffers:           25612 kB
Cached:          1029068 kB
SwapCached:            0 kB
Active:          1312836 kB
Inactive:         705688 kB
Active(anon):     805308 kB
Inactive(anon):   205804 kB
Active(file):     507528 kB
Inactive(file):   499884 kB
Unevictable:       12768 kB
Mlocked:               0 kB
SwapTotal:        720184 kB
SwapFree:         719652 kB
Dirty:                 8 kB
Writeback:             0 kB
AnonPages:        976740 kB
Mapped:           659128 kB
Shmem:             34496 kB
Slab:             117568 kB
SReclaimable:      35788 kB
SUnreclaim:        81780 kB
KernelStack:       32608 kB
PageTables:        56484 kB
NFS_Unstable:          0 kB
Bounce:                0 kB
WritebackTmp:          0 kB
CommitLimit:     2172840 kB
Committed_AS:   90782248 kB
VmallocTotal:   251658176 kB
VmallocUsed:      138764 kB
VmallocChunk:   251408940 kB
Time pass: 183 sec

---2015-12-05 14:07:44
MemTotal:        2905316 kB
MemFree:           69800 kB
Buffers:           25620 kB
Cached:          1029128 kB
SwapCached:            0 kB
Active:          1322528 kB
Inactive:         705748 kB
Active(anon):     814984 kB
Inactive(anon):   205864 kB
Active(file):     507544 kB
Inactive(file):   499884 kB
Unevictable:       12768 kB
Mlocked:               0 kB
SwapTotal:        720184 kB
SwapFree:         719652 kB
Dirty:                32 kB
Writeback:             0 kB
AnonPages:        986124 kB
Mapped:           662332 kB
Shmem:             34552 kB
Slab:             117568 kB
SReclaimable:      35788 kB
SUnreclaim:        81780 kB
KernelStack:       32720 kB
PageTables:        56576 kB
NFS_Unstable:          0 kB
Bounce:                0 kB
WritebackTmp:          0 kB
CommitLimit:     2172840 kB
Committed_AS:   90782320 kB
VmallocTotal:   251658176 kB
VmallocUsed:      136380 kB
VmallocChunk:   251408940 kB
Time pass: 187 sec

---2015-12-05 14:07:44
MemTotal:        2905316 kB
MemFree:           70168 kB
Buffers:           25676 kB
Cached:          1029388 kB
SwapCached:            0 kB
Active:          1324660 kB
Inactive:         706012 kB
Active(anon):     817076 kB
Inactive(anon):   206024 kB
Active(file):     507584 kB
Inactive(file):   499988 kB
Unevictable:       12768 kB
Mlocked:               0 kB
SwapTotal:        720184 kB
SwapFree:         719652 kB
Dirty:                96 kB
Writeback:             0 kB
AnonPages:        988564 kB
Mapped:           659532 kB
Shmem:             34716 kB
Slab:             117572 kB
SReclaimable:      35788 kB
SUnreclaim:        81784 kB
KernelStack:       33008 kB
PageTables:        56676 kB
NFS_Unstable:          0 kB
Bounce:                0 kB
WritebackTmp:          0 kB
CommitLimit:     2172840 kB
Committed_AS:   90810944 kB
VmallocTotal:   251658176 kB
VmallocUsed:      138796 kB
VmallocChunk:   251408940 kB
Time pass: 190 sec

---2015-12-05 14:07:44
MemTotal:        2905316 kB
MemFree:           68844 kB
Buffers:           25676 kB
Cached:          1029456 kB
SwapCached:            0 kB
Active:          1325780 kB
Inactive:         706080 kB
Active(anon):     818188 kB
Inactive(anon):   206048 kB
Active(file):     507592 kB
Inactive(file):   500032 kB
Unevictable:       12768 kB
Mlocked:               0 kB
SwapTotal:        720184 kB
SwapFree:         719652 kB
Dirty:                 0 kB
Writeback:             0 kB
AnonPages:        989988 kB
Mapped:           659628 kB
Shmem:             34740 kB
Slab:             117576 kB
SReclaimable:      35788 kB
SUnreclaim:        81788 kB
KernelStack:       33008 kB
PageTables:        56700 kB
NFS_Unstable:          0 kB
Bounce:                0 kB
WritebackTmp:          0 kB
CommitLimit:     2172840 kB
Committed_AS:   90811004 kB
VmallocTotal:   251658176 kB
VmallocUsed:      138796 kB
VmallocChunk:   251408940 kB
Time pass: 194 sec

---2015-12-05 14:07:44
MemTotal:        2905316 kB
MemFree:           67892 kB
Buffers:           25684 kB
Cached:          1029536 kB
SwapCached:            0 kB
Active:          1326792 kB
Inactive:         706144 kB
Active(anon):     819180 kB
Inactive(anon):   206076 kB
Active(file):     507612 kB
Inactive(file):   500068 kB
Unevictable:       12768 kB
Mlocked:               0 kB
SwapTotal:        720184 kB
SwapFree:         719652 kB
Dirty:               116 kB
Writeback:             0 kB
AnonPages:        990580 kB
Mapped:           659784 kB
Shmem:             34772 kB
Slab:             117580 kB
SReclaimable:      35788 kB
SUnreclaim:        81792 kB
KernelStack:       32976 kB
PageTables:        56700 kB
NFS_Unstable:          0 kB
Bounce:                0 kB
WritebackTmp:          0 kB
CommitLimit:     2172840 kB
Committed_AS:   90810980 kB
VmallocTotal:   251658176 kB
VmallocUsed:      138796 kB
VmallocChunk:   251408940 kB
Time pass: 198 sec

---2015-12-05 14:07:44
MemTotal:        2905316 kB
MemFree:           67556 kB
Buffers:           25692 kB
Cached:          1029548 kB
SwapCached:            0 kB
Active:          1326832 kB
Inactive:         706156 kB
Active(anon):     819212 kB
Inactive(anon):   206076 kB
Active(file):     507620 kB
Inactive(file):   500080 kB
Unevictable:       12768 kB
Mlocked:               0 kB
SwapTotal:        720184 kB
SwapFree:         719652 kB
Dirty:                52 kB
Writeback:             0 kB
AnonPages:        990512 kB
Mapped:           659760 kB
Shmem:             34772 kB
Slab:             117580 kB
SReclaimable:      35788 kB
SUnreclaim:        81792 kB
KernelStack:       32944 kB
PageTables:        56676 kB
NFS_Unstable:          0 kB
Bounce:                0 kB
WritebackTmp:          0 kB
CommitLimit:     2172840 kB
Committed_AS:   90811004 kB
VmallocTotal:   251658176 kB
VmallocUsed:      138796 kB
VmallocChunk:   251408940 kB
Time pass: 202 sec

---2015-12-05 14:07:44
MemTotal:        2905316 kB
MemFree:           66192 kB
Buffers:           25700 kB
Cached:          1029544 kB
SwapCached:            0 kB
Active:          1328180 kB
Inactive:         706152 kB
Active(anon):     820552 kB
Inactive(anon):   206076 kB
Active(file):     507628 kB
Inactive(file):   500076 kB
Unevictable:       12768 kB
Mlocked:               0 kB
SwapTotal:        720184 kB
SwapFree:         719652 kB
Dirty:                 0 kB
Writeback:             0 kB
AnonPages:        991828 kB
Mapped:           659840 kB
Shmem:             34772 kB
Slab:             117580 kB
SReclaimable:      35788 kB
SUnreclaim:        81792 kB
KernelStack:       32976 kB
PageTables:        56700 kB
NFS_Unstable:          0 kB
Bounce:                0 kB
WritebackTmp:          0 kB
CommitLimit:     2172840 kB
Committed_AS:   90810980 kB
VmallocTotal:   251658176 kB
VmallocUsed:      138796 kB
VmallocChunk:   251408940 kB
Time pass: 205 sec

---2015-12-05 14:07:44
MemTotal:        2905316 kB
MemFree:           65000 kB
Buffers:           25700 kB
Cached:          1029612 kB
SwapCached:            0 kB
Active:          1328372 kB
Inactive:         706196 kB
Active(anon):     820720 kB
Inactive(anon):   206076 kB
Active(file):     507652 kB
Inactive(file):   500120 kB
Unevictable:       12768 kB
Mlocked:               0 kB
SwapTotal:        720184 kB
SwapFree:         719652 kB
Dirty:                96 kB
Writeback:             0 kB
AnonPages:        992112 kB
Mapped:           659848 kB
Shmem:             34772 kB
Slab:             117588 kB
SReclaimable:      35788 kB
SUnreclaim:        81800 kB
KernelStack:       32976 kB
PageTables:        56708 kB
NFS_Unstable:          0 kB
Bounce:                0 kB
WritebackTmp:          0 kB
CommitLimit:     2172840 kB
Committed_AS:   90810992 kB
VmallocTotal:   251658176 kB
VmallocUsed:      138808 kB
VmallocChunk:   251408940 kB
Time pass: 209 sec

---2015-12-05 14:07:44
MemTotal:        2905316 kB
MemFree:           64704 kB
Buffers:           25708 kB
Cached:          1029680 kB
SwapCached:            0 kB
Active:          1328608 kB
Inactive:         706272 kB
Active(anon):     820956 kB
Inactive(anon):   206136 kB
Active(file):     507652 kB
Inactive(file):   500136 kB
Unevictable:       12768 kB
Mlocked:               0 kB
SwapTotal:        720184 kB
SwapFree:         719652 kB
Dirty:                32 kB
Writeback:             0 kB
AnonPages:        992364 kB
Mapped:           659868 kB
Shmem:             34832 kB
Slab:             117588 kB
SReclaimable:      35788 kB
SUnreclaim:        81800 kB
KernelStack:       32928 kB
PageTables:        56732 kB
NFS_Unstable:          0 kB
Bounce:                0 kB
WritebackTmp:          0 kB
CommitLimit:     2172840 kB
Committed_AS:   90837532 kB
VmallocTotal:   251658176 kB
VmallocUsed:      138808 kB
VmallocChunk:   251408940 kB
Time pass: 213 sec

---2015-12-05 14:07:44
MemTotal:        2905316 kB
MemFree:           65304 kB
Buffers:           25684 kB
Cached:          1023836 kB
SwapCached:            0 kB
Active:          1324840 kB
Inactive:         706348 kB
Active(anon):     823172 kB
Inactive(anon):   205732 kB
Active(file):     501668 kB
Inactive(file):   500616 kB
Unevictable:       12768 kB
Mlocked:               0 kB
SwapTotal:        720184 kB
SwapFree:         719248 kB
Dirty:                28 kB
Writeback:             0 kB
AnonPages:        994584 kB
Mapped:           659956 kB
Shmem:             34428 kB
Slab:             121172 kB
SReclaimable:      39100 kB
SUnreclaim:        82072 kB
KernelStack:       32992 kB
PageTables:        56820 kB
NFS_Unstable:          0 kB
Bounce:                0 kB
WritebackTmp:          0 kB
CommitLimit:     2172840 kB
Committed_AS:   90848980 kB
VmallocTotal:   251658176 kB
VmallocUsed:      139828 kB
VmallocChunk:   251408940 kB
Time pass: 217 sec

---2015-12-05 14:07:44
MemTotal:        2905316 kB
MemFree:           65244 kB
Buffers:           25692 kB
Cached:          1024100 kB
SwapCached:            0 kB
Active:          1324408 kB
Inactive:         706636 kB
Active(anon):     822724 kB
Inactive(anon):   205732 kB
Active(file):     501684 kB
Inactive(file):   500904 kB
Unevictable:       12768 kB
Mlocked:               0 kB
SwapTotal:        720184 kB
SwapFree:         719248 kB
Dirty:               128 kB
Writeback:             0 kB
AnonPages:        994164 kB
Mapped:           660056 kB
Shmem:             34428 kB
Slab:             121624 kB
SReclaimable:      39508 kB
SUnreclaim:        82116 kB
KernelStack:       32960 kB
PageTables:        56780 kB
NFS_Unstable:          0 kB
Bounce:                0 kB
WritebackTmp:          0 kB
CommitLimit:     2172840 kB
Committed_AS:   90843456 kB
VmallocTotal:   251658176 kB
VmallocUsed:      138808 kB
VmallocChunk:   251408940 kB
Time pass: 220 sec

---2015-12-05 14:07:44
MemTotal:        2905316 kB
MemFree:           65032 kB
Buffers:           25708 kB
Cached:          1024024 kB
SwapCached:            0 kB
Active:          1324624 kB
Inactive:         706528 kB
Active(anon):     822904 kB
Inactive(anon):   205588 kB
Active(file):     501720 kB
Inactive(file):   500940 kB
Unevictable:       12768 kB
Mlocked:               0 kB
SwapTotal:        720184 kB
SwapFree:         719248 kB
Dirty:               124 kB
Writeback:             0 kB
AnonPages:        994036 kB
Mapped:           659860 kB
Shmem:             34304 kB
Slab:             121592 kB
SReclaimable:      39476 kB
SUnreclaim:        82116 kB
KernelStack:       32912 kB
PageTables:        56708 kB
NFS_Unstable:          0 kB
Bounce:                0 kB
WritebackTmp:          0 kB
CommitLimit:     2172840 kB
Committed_AS:   90847012 kB
VmallocTotal:   251658176 kB
VmallocUsed:      138808 kB
VmallocChunk:   251408940 kB
Time pass: 224 sec

---2015-12-05 14:07:44
MemTotal:        2905316 kB
MemFree:           63412 kB
Buffers:           25716 kB
Cached:          1024324 kB
SwapCached:            0 kB
Active:          1325624 kB
Inactive:         706824 kB
Active(anon):     823872 kB
Inactive(anon):   205860 kB
Active(file):     501752 kB
Inactive(file):   500964 kB
Unevictable:       12768 kB
Mlocked:               0 kB
SwapTotal:        720184 kB
SwapFree:         719248 kB
Dirty:                40 kB
Writeback:             0 kB
AnonPages:        995260 kB
Mapped:           660188 kB
Shmem:             34556 kB
Slab:             121628 kB
SReclaimable:      39476 kB
SUnreclaim:        82152 kB
KernelStack:       32912 kB
PageTables:        56824 kB
NFS_Unstable:          0 kB
Bounce:                0 kB
WritebackTmp:          0 kB
CommitLimit:     2172840 kB
Committed_AS:   90847120 kB
VmallocTotal:   251658176 kB
VmallocUsed:      138808 kB
VmallocChunk:   251408940 kB
Time pass: 228 sec

---2015-12-05 14:07:44
MemTotal:        2905316 kB
MemFree:           66196 kB
Buffers:           25608 kB
Cached:          1020764 kB
SwapCached:            0 kB
Active:          1324048 kB
Inactive:         705564 kB
Active(anon):     824540 kB
Inactive(anon):   206068 kB
Active(file):     499508 kB
Inactive(file):   499496 kB
Unevictable:       12768 kB
Mlocked:               0 kB
SwapTotal:        720184 kB
SwapFree:         719160 kB
Dirty:                64 kB
Writeback:             0 kB
AnonPages:        995948 kB
Mapped:           660252 kB
Shmem:             34616 kB
Slab:             121628 kB
SReclaimable:      39476 kB
SUnreclaim:        82152 kB
KernelStack:       32912 kB
PageTables:        56824 kB
NFS_Unstable:          0 kB
Bounce:                0 kB
WritebackTmp:          0 kB
CommitLimit:     2172840 kB
Committed_AS:   90847160 kB
VmallocTotal:   251658176 kB
VmallocUsed:      138808 kB
VmallocChunk:   251408940 kB
Time pass: 232 sec

---2015-12-05 14:07:44
MemTotal:        2905316 kB
MemFree:           67256 kB
Buffers:           25616 kB
Cached:          1020804 kB
SwapCached:            0 kB
Active:          1323776 kB
Inactive:         705760 kB
Active(anon):     824300 kB
Inactive(anon):   206136 kB
Active(file):     499476 kB
Inactive(file):   499624 kB
Unevictable:       12768 kB
Mlocked:               0 kB
SwapTotal:        720184 kB
SwapFree:         719160 kB
Dirty:                68 kB
Writeback:             0 kB
AnonPages:        996212 kB
Mapped:           660260 kB
Shmem:             34552 kB
Slab:             121612 kB
SReclaimable:      39460 kB
SUnreclaim:        82152 kB
KernelStack:       32944 kB
PageTables:        56820 kB
NFS_Unstable:          0 kB
Bounce:                0 kB
WritebackTmp:          0 kB
CommitLimit:     2172840 kB
Committed_AS:   90847148 kB
VmallocTotal:   251658176 kB
VmallocUsed:      138808 kB
VmallocChunk:   251408940 kB
Time pass: 235 sec

---2015-12-05 14:07:44
MemTotal:        2905316 kB
MemFree:           67564 kB
Buffers:           25640 kB
Cached:          1015976 kB
SwapCached:            0 kB
Active:          1325296 kB
Inactive:         704488 kB
Active(anon):     828032 kB
Inactive(anon):   207000 kB
Active(file):     497264 kB
Inactive(file):   497488 kB
Unevictable:       12768 kB
Mlocked:               0 kB
SwapTotal:        720184 kB
SwapFree:         719144 kB
Dirty:               152 kB
Writeback:             0 kB
AnonPages:       1001068 kB
Mapped:           660080 kB
Shmem:             34096 kB
Slab:             121472 kB
SReclaimable:      39348 kB
SUnreclaim:        82124 kB
KernelStack:       32976 kB
PageTables:        56828 kB
NFS_Unstable:          0 kB
Bounce:                0 kB
WritebackTmp:          0 kB
CommitLimit:     2172840 kB
Committed_AS:   90857920 kB
VmallocTotal:   251658176 kB
VmallocUsed:      138808 kB
VmallocChunk:   251408940 kB
Time pass: 239 sec

---2015-12-05 14:07:44
MemTotal:        2905316 kB
MemFree:           66948 kB
Buffers:           25640 kB
Cached:          1016236 kB
SwapCached:            0 kB
Active:          1325672 kB
Inactive:         704580 kB
Active(anon):     828384 kB
Inactive(anon):   207080 kB
Active(file):     497288 kB
Inactive(file):   497500 kB
Unevictable:       12768 kB
Mlocked:               0 kB
SwapTotal:        720184 kB
SwapFree:         719144 kB
Dirty:                 8 kB
Writeback:             0 kB
AnonPages:       1001256 kB
Mapped:           659880 kB
Shmem:             34320 kB
Slab:             121456 kB
SReclaimable:      39348 kB
SUnreclaim:        82108 kB
KernelStack:       32944 kB
PageTables:        56844 kB
NFS_Unstable:          0 kB
Bounce:                0 kB
WritebackTmp:          0 kB
CommitLimit:     2172840 kB
Committed_AS:   90884596 kB
VmallocTotal:   251658176 kB
VmallocUsed:      138808 kB
VmallocChunk:   251408940 kB
Time pass: 243 sec

---2015-12-05 14:07:44
MemTotal:        2905316 kB
MemFree:           65044 kB
Buffers:           25672 kB
Cached:          1016288 kB
SwapCached:            0 kB
Active:          1327748 kB
Inactive:         704660 kB
Active(anon):     830456 kB
Inactive(anon):   207088 kB
Active(file):     497292 kB
Inactive(file):   497572 kB
Unevictable:       12768 kB
Mlocked:               0 kB
SwapTotal:        720184 kB
SwapFree:         719144 kB
Dirty:                52 kB
Writeback:             0 kB
AnonPages:       1003188 kB
Mapped:           659976 kB
Shmem:             34328 kB
Slab:             121456 kB
SReclaimable:      39348 kB
SUnreclaim:        82108 kB
KernelStack:       32944 kB
PageTables:        56868 kB
NFS_Unstable:          0 kB
Bounce:                0 kB
WritebackTmp:          0 kB
CommitLimit:     2172840 kB
Committed_AS:   90884560 kB
VmallocTotal:   251658176 kB
VmallocUsed:      138808 kB
VmallocChunk:   251408940 kB
Time pass: 247 sec

---2015-12-05 14:07:44
MemTotal:        2905316 kB
MemFree:           70808 kB
Buffers:           25672 kB
Cached:          1013868 kB
SwapCached:            0 kB
Active:          1326444 kB
Inactive:         704052 kB
Active(anon):     830396 kB
Inactive(anon):   207864 kB
Active(file):     496048 kB
Inactive(file):   496188 kB
Unevictable:       12768 kB
Mlocked:               0 kB
SwapTotal:        720184 kB
SwapFree:         719144 kB
Dirty:                88 kB
Writeback:             0 kB
AnonPages:       1003880 kB
Mapped:           660052 kB
Shmem:             34336 kB
Slab:             117568 kB
SReclaimable:      35704 kB
SUnreclaim:        81864 kB
KernelStack:       32976 kB
PageTables:        56848 kB
NFS_Unstable:          0 kB
Bounce:                0 kB
WritebackTmp:          0 kB
CommitLimit:     2172840 kB
Committed_AS:   90884644 kB
VmallocTotal:   251658176 kB
VmallocUsed:      138808 kB
VmallocChunk:   251408940 kB
Time pass: 251 sec

---2015-12-05 14:07:44
MemTotal:        2905316 kB
MemFree:           78984 kB
Buffers:           25696 kB
Cached:          1013772 kB
SwapCached:            0 kB
Active:          1318976 kB
Inactive:         704168 kB
Active(anon):     822920 kB
Inactive(anon):   207868 kB
Active(file):     496056 kB
Inactive(file):   496300 kB
Unevictable:       12768 kB
Mlocked:               0 kB
SwapTotal:        720184 kB
SwapFree:         719144 kB
Dirty:                56 kB
Writeback:             0 kB
AnonPages:        996812 kB
Mapped:           660068 kB
Shmem:             34340 kB
Slab:             117324 kB
SReclaimable:      35656 kB
SUnreclaim:        81668 kB
KernelStack:       32944 kB
PageTables:        56848 kB
NFS_Unstable:          0 kB
Bounce:                0 kB
WritebackTmp:          0 kB
CommitLimit:     2172840 kB
Committed_AS:   90884632 kB
VmallocTotal:   251658176 kB
VmallocUsed:      138808 kB
VmallocChunk:   251408940 kB
Time pass: 254 sec

---2015-12-05 14:07:44
MemTotal:        2905316 kB
MemFree:           78684 kB
Buffers:           25696 kB
Cached:          1013828 kB
SwapCached:            0 kB
Active:          1319340 kB
Inactive:         704212 kB
Active(anon):     823268 kB
Inactive(anon):   207868 kB
Active(file):     496072 kB
Inactive(file):   496344 kB
Unevictable:       12768 kB
Mlocked:               0 kB
SwapTotal:        720184 kB
SwapFree:         719144 kB
Dirty:                 8 kB
Writeback:             0 kB
AnonPages:        996696 kB
Mapped:           660072 kB
Shmem:             34340 kB
Slab:             117320 kB
SReclaimable:      35656 kB
SUnreclaim:        81664 kB
KernelStack:       32896 kB
PageTables:        56848 kB
NFS_Unstable:          0 kB
Bounce:                0 kB
WritebackTmp:          0 kB
CommitLimit:     2172840 kB
Committed_AS:   90884620 kB
VmallocTotal:   251658176 kB
VmallocUsed:      138808 kB
VmallocChunk:   251408940 kB
Time pass: 258 sec

---2015-12-05 14:07:44
MemTotal:        2905316 kB
MemFree:           78792 kB
Buffers:           25704 kB
Cached:          1013832 kB
SwapCached:            0 kB
Active:          1319276 kB
Inactive:         704220 kB
Active(anon):     823200 kB
Inactive(anon):   207868 kB
Active(file):     496076 kB
Inactive(file):   496352 kB
Unevictable:       12768 kB
Mlocked:               0 kB
SwapTotal:        720184 kB
SwapFree:         719144 kB
Dirty:                 4 kB
Writeback:             0 kB
AnonPages:        996632 kB
Mapped:           660056 kB
Shmem:             34340 kB
Slab:             117320 kB
SReclaimable:      35656 kB
SUnreclaim:        81664 kB
KernelStack:       32880 kB
PageTables:        56824 kB
NFS_Unstable:          0 kB
Bounce:                0 kB
WritebackTmp:          0 kB
CommitLimit:     2172840 kB
Committed_AS:   90884584 kB
VmallocTotal:   251658176 kB
VmallocUsed:      138808 kB
VmallocChunk:   251408940 kB
Time pass: 262 sec

---2015-12-05 14:07:44
MemTotal:        2905316 kB
MemFree:           76736 kB
Buffers:           25728 kB
Cached:          1013864 kB
SwapCached:            0 kB
Active:          1320876 kB
Inactive:         704272 kB
Active(anon):     824800 kB
Inactive(anon):   207868 kB
Active(file):     496076 kB
Inactive(file):   496404 kB
Unevictable:       12768 kB
Mlocked:               0 kB
SwapTotal:        720184 kB
SwapFree:         719144 kB
Dirty:                88 kB
Writeback:             0 kB
AnonPages:        998336 kB
Mapped:           660064 kB
Shmem:             34340 kB
Slab:             117320 kB
SReclaimable:      35656 kB
SUnreclaim:        81664 kB
KernelStack:       32832 kB
PageTables:        56828 kB
NFS_Unstable:          0 kB
Bounce:                0 kB
WritebackTmp:          0 kB
CommitLimit:     2172840 kB
Committed_AS:   90884584 kB
VmallocTotal:   251658176 kB
VmallocUsed:      138808 kB
VmallocChunk:   251408940 kB
Time pass: 266 sec

---2015-12-05 14:07:44
MemTotal:        2905316 kB
MemFree:           76808 kB
Buffers:           25728 kB
Cached:          1013896 kB
SwapCached:            0 kB
Active:          1320812 kB
Inactive:         704292 kB
Active(anon):     824720 kB
Inactive(anon):   207868 kB
Active(file):     496092 kB
Inactive(file):   496424 kB
Unevictable:       12768 kB
Mlocked:               0 kB
SwapTotal:        720184 kB
SwapFree:         719144 kB
Dirty:                68 kB
Writeback:             0 kB
AnonPages:        998344 kB
Mapped:           660068 kB
Shmem:             34340 kB
Slab:             117320 kB
SReclaimable:      35656 kB
SUnreclaim:        81664 kB
KernelStack:       32880 kB
PageTables:        56824 kB
NFS_Unstable:          0 kB
Bounce:                0 kB
WritebackTmp:          0 kB
CommitLimit:     2172840 kB
Committed_AS:   90884620 kB
VmallocTotal:   251658176 kB
VmallocUsed:      138808 kB
VmallocChunk:   251408940 kB
Time pass: 269 sec

---2015-12-05 14:07:44
MemTotal:        2905316 kB
MemFree:           74768 kB
Buffers:           25736 kB
Cached:          1013988 kB
SwapCached:            0 kB
Active:          1323048 kB
Inactive:         704388 kB
Active(anon):     826952 kB
Inactive(anon):   207956 kB
Active(file):     496096 kB
Inactive(file):   496432 kB
Unevictable:       12768 kB
Mlocked:               0 kB
SwapTotal:        720184 kB
SwapFree:         719144 kB
Dirty:                 8 kB
Writeback:             0 kB
AnonPages:       1000408 kB
Mapped:           660180 kB
Shmem:             34428 kB
Slab:             117316 kB
SReclaimable:      35656 kB
SUnreclaim:        81660 kB
KernelStack:       32848 kB
PageTables:        56876 kB
NFS_Unstable:          0 kB
Bounce:                0 kB
WritebackTmp:          0 kB
CommitLimit:     2172840 kB
Committed_AS:   90911232 kB
VmallocTotal:   251658176 kB
VmallocUsed:      138808 kB
VmallocChunk:   251408940 kB
Time pass: 273 sec

---2015-12-05 14:07:44
MemTotal:        2905316 kB
MemFree:           74596 kB
Buffers:           25744 kB
Cached:          1013988 kB
SwapCached:            0 kB
Active:          1323312 kB
Inactive:         704396 kB
Active(anon):     827216 kB
Inactive(anon):   207956 kB
Active(file):     496096 kB
Inactive(file):   496440 kB
Unevictable:       12768 kB
Mlocked:               0 kB
SwapTotal:        720184 kB
SwapFree:         719144 kB
Dirty:                20 kB
Writeback:             0 kB
AnonPages:       1000700 kB
Mapped:           660184 kB
Shmem:             34428 kB
Slab:             117316 kB
SReclaimable:      35656 kB
SUnreclaim:        81660 kB
KernelStack:       32848 kB
PageTables:        56876 kB
NFS_Unstable:          0 kB
Bounce:                0 kB
WritebackTmp:          0 kB
CommitLimit:     2172840 kB
Committed_AS:   90911244 kB
VmallocTotal:   251658176 kB
VmallocUsed:      138808 kB
VmallocChunk:   251408940 kB
Time pass: 277 sec

---2015-12-05 14:07:44
MemTotal:        2905316 kB
MemFree:           78452 kB
Buffers:           25760 kB
Cached:          1014188 kB
SwapCached:            0 kB
Active:          1319160 kB
Inactive:         704548 kB
Active(anon):     823056 kB
Inactive(anon):   207952 kB
Active(file):     496104 kB
Inactive(file):   496596 kB
Unevictable:       12768 kB
Mlocked:               0 kB
SwapTotal:        720184 kB
SwapFree:         719144 kB
Dirty:               108 kB
Writeback:             0 kB
AnonPages:        996648 kB
Mapped:           660232 kB
Shmem:             34432 kB
Slab:             117308 kB
SReclaimable:      35656 kB
SUnreclaim:        81652 kB
KernelStack:       32816 kB
PageTables:        56876 kB
NFS_Unstable:          0 kB
Bounce:                0 kB
WritebackTmp:          0 kB
CommitLimit:     2172840 kB
Committed_AS:   90911244 kB
VmallocTotal:   251658176 kB
VmallocUsed:      138808 kB
VmallocChunk:   251408940 kB
Time pass: 281 sec

---2015-12-05 14:07:44
MemTotal:        2905316 kB
MemFree:           83832 kB
Buffers:           25768 kB
Cached:          1014276 kB
SwapCached:            0 kB
Active:          1313128 kB
Inactive:         704692 kB
Active(anon):     817024 kB
Inactive(anon):   207952 kB
Active(file):     496104 kB
Inactive(file):   496740 kB
Unevictable:       12768 kB
Mlocked:               0 kB
SwapTotal:        720184 kB
SwapFree:         719144 kB
Dirty:                60 kB
Writeback:             0 kB
AnonPages:        990504 kB
Mapped:           660236 kB
Shmem:             34432 kB
Slab:             117308 kB
SReclaimable:      35656 kB
SUnreclaim:        81652 kB
KernelStack:       32848 kB
PageTables:        56876 kB
NFS_Unstable:          0 kB
Bounce:                0 kB
WritebackTmp:          0 kB
CommitLimit:     2172840 kB
Committed_AS:   90911256 kB
VmallocTotal:   251658176 kB
VmallocUsed:      138808 kB
VmallocChunk:   251408940 kB
Time pass: 285 sec

---2015-12-05 14:07:44
MemTotal:        2905316 kB
MemFree:           83196 kB
Buffers:           25780 kB
Cached:          1014296 kB
SwapCached:            0 kB
Active:          1313372 kB
Inactive:         704708 kB
Active(anon):     817252 kB
Inactive(anon):   207956 kB
Active(file):     496120 kB
Inactive(file):   496752 kB
Unevictable:       12768 kB
Mlocked:               0 kB
SwapTotal:        720184 kB
SwapFree:         719144 kB
Dirty:                84 kB
Writeback:             0 kB
AnonPages:        990864 kB
Mapped:           660256 kB
Shmem:             34436 kB
Slab:             117316 kB
SReclaimable:      35656 kB
SUnreclaim:        81660 kB
KernelStack:       32816 kB
PageTables:        56876 kB
NFS_Unstable:          0 kB
Bounce:                0 kB
WritebackTmp:          0 kB
CommitLimit:     2172840 kB
Committed_AS:   90911192 kB
VmallocTotal:   251658176 kB
VmallocUsed:      138808 kB
VmallocChunk:   251408940 kB
Time pass: 288 sec

---2015-12-05 14:07:44
MemTotal:        2905316 kB
MemFree:           83248 kB
Buffers:           25804 kB
Cached:          1014328 kB
SwapCached:            0 kB
Active:          1313948 kB
Inactive:         704756 kB
Active(anon):     817820 kB
Inactive(anon):   207956 kB
Active(file):     496128 kB
Inactive(file):   496800 kB
Unevictable:       12768 kB
Mlocked:               0 kB
SwapTotal:        720184 kB
SwapFree:         719144 kB
Dirty:               124 kB
Writeback:             0 kB
AnonPages:        991300 kB
Mapped:           660260 kB
Shmem:             34436 kB
Slab:             117316 kB
SReclaimable:      35656 kB
SUnreclaim:        81660 kB
KernelStack:       32800 kB
PageTables:        56876 kB
NFS_Unstable:          0 kB
Bounce:                0 kB
WritebackTmp:          0 kB
CommitLimit:     2172840 kB
Committed_AS:   90911052 kB
VmallocTotal:   251658176 kB
VmallocUsed:      138808 kB
VmallocChunk:   251408940 kB
Time pass: 292 sec

---2015-12-05 14:07:44
MemTotal:        2905316 kB
MemFree:           82740 kB
Buffers:           25812 kB
Cached:          1014332 kB
SwapCached:            0 kB
Active:          1314440 kB
Inactive:         704764 kB
Active(anon):     818308 kB
Inactive(anon):   207960 kB
Active(file):     496132 kB
Inactive(file):   496804 kB
Unevictable:       12768 kB
Mlocked:               0 kB
SwapTotal:        720184 kB
SwapFree:         719144 kB
Dirty:                56 kB
Writeback:             0 kB
AnonPages:        991780 kB
Mapped:           660264 kB
Shmem:             34440 kB
Slab:             117316 kB
SReclaimable:      35656 kB
SUnreclaim:        81660 kB
KernelStack:       32800 kB
PageTables:        56876 kB
NFS_Unstable:          0 kB
Bounce:                0 kB
WritebackTmp:          0 kB
CommitLimit:     2172840 kB
Committed_AS:   90911160 kB
VmallocTotal:   251658176 kB
VmallocUsed:      138808 kB
VmallocChunk:   251408940 kB
Time pass: 296 sec

---2015-12-05 14:07:44
MemTotal:        2905316 kB
MemFree:           82572 kB
Buffers:           25812 kB
Cached:          1014360 kB
SwapCached:            0 kB
Active:          1314600 kB
Inactive:         704788 kB
Active(anon):     818464 kB
Inactive(anon):   207968 kB
Active(file):     496136 kB
Inactive(file):   496820 kB
Unevictable:       12768 kB
Mlocked:               0 kB
SwapTotal:        720184 kB
SwapFree:         719144 kB
Dirty:                 4 kB
Writeback:             0 kB
AnonPages:        992092 kB
Mapped:           660216 kB
Shmem:             34448 kB
Slab:             117316 kB
SReclaimable:      35656 kB
SUnreclaim:        81660 kB
KernelStack:       32768 kB
PageTables:        56852 kB
NFS_Unstable:          0 kB
Bounce:                0 kB
WritebackTmp:          0 kB
CommitLimit:     2172840 kB
Committed_AS:   90911184 kB
VmallocTotal:   251658176 kB
VmallocUsed:      138808 kB
VmallocChunk:   251408940 kB
Time pass: 300 sec

---2015-12-05 14:07:44
MemTotal:        2905316 kB
MemFree:           81852 kB
Buffers:           25836 kB
Cached:          1014428 kB
SwapCached:            0 kB
Active:          1315480 kB
Inactive:         704868 kB
Active(anon):     819344 kB
Inactive(anon):   208004 kB
Active(file):     496136 kB
Inactive(file):   496864 kB
Unevictable:       12768 kB
Mlocked:               0 kB
SwapTotal:        720184 kB
SwapFree:         719144 kB
Dirty:                88 kB
Writeback:             0 kB
AnonPages:        992984 kB
Mapped:           660312 kB
Shmem:             34484 kB
Slab:             117316 kB
SReclaimable:      35656 kB
SUnreclaim:        81660 kB
KernelStack:       32800 kB
PageTables:        56904 kB
NFS_Unstable:          0 kB
Bounce:                0 kB
WritebackTmp:          0 kB
CommitLimit:     2172840 kB
Committed_AS:   90937772 kB
VmallocTotal:   251658176 kB
VmallocUsed:      138808 kB
VmallocChunk:   251408940 kB
Time pass: 304 sec

---2015-12-05 14:07:44
MemTotal:        2905316 kB
MemFree:           81316 kB
Buffers:           25836 kB
Cached:          1014484 kB
SwapCached:            0 kB
Active:          1315704 kB
Inactive:         704932 kB
Active(anon):     819564 kB
Inactive(anon):   208056 kB
Active(file):     496140 kB
Inactive(file):   496876 kB
Unevictable:       12768 kB
Mlocked:               0 kB
SwapTotal:        720184 kB
SwapFree:         719144 kB
Dirty:                 8 kB
Writeback:             0 kB
AnonPages:        993196 kB
Mapped:           660364 kB
Shmem:             34536 kB
Slab:             117316 kB
SReclaimable:      35656 kB
SUnreclaim:        81660 kB
KernelStack:       32800 kB
PageTables:        56928 kB
NFS_Unstable:          0 kB
Bounce:                0 kB
WritebackTmp:          0 kB
CommitLimit:     2172840 kB
Committed_AS:   90937736 kB
VmallocTotal:   251658176 kB
VmallocUsed:      138808 kB
VmallocChunk:   251408940 kB
Time pass: 307 sec

---2015-12-05 14:07:44
MemTotal:        2905316 kB
MemFree:           81132 kB
Buffers:           25844 kB
Cached:          1014484 kB
SwapCached:            0 kB
Active:          1315936 kB
Inactive:         704936 kB
Active(anon):     819792 kB
Inactive(anon):   208056 kB
Active(file):     496144 kB
Inactive(file):   496880 kB
Unevictable:       12768 kB
Mlocked:               0 kB
SwapTotal:        720184 kB
SwapFree:         719144 kB
Dirty:                 4 kB
Writeback:             0 kB
AnonPages:        993284 kB
Mapped:           660368 kB
Shmem:             34536 kB
Slab:             117316 kB
SReclaimable:      35656 kB
SUnreclaim:        81660 kB
KernelStack:       32768 kB
PageTables:        56928 kB
NFS_Unstable:          0 kB
Bounce:                0 kB
WritebackTmp:          0 kB
CommitLimit:     2172840 kB
Committed_AS:   90937772 kB
VmallocTotal:   251658176 kB
VmallocUsed:      138808 kB
VmallocChunk:   251408940 kB
Time pass: 311 sec

---2015-12-05 14:07:44
MemTotal:        2905316 kB
MemFree:           80548 kB
Buffers:           25868 kB
Cached:          1014512 kB
SwapCached:            0 kB
Active:          1316388 kB
Inactive:         704980 kB
Active(anon):     820236 kB
Inactive(anon):   208056 kB
Active(file):     496152 kB
Inactive(file):   496924 kB
Unevictable:       12768 kB
Mlocked:               0 kB
SwapTotal:        720184 kB
SwapFree:         719144 kB
Dirty:                72 kB
Writeback:             0 kB
AnonPages:        993808 kB
Mapped:           660368 kB
Shmem:             34536 kB
Slab:             117316 kB
SReclaimable:      35656 kB
SUnreclaim:        81660 kB
KernelStack:       32736 kB
PageTables:        56928 kB
NFS_Unstable:          0 kB
Bounce:                0 kB
WritebackTmp:          0 kB
CommitLimit:     2172840 kB
Committed_AS:   90937596 kB
VmallocTotal:   251658176 kB
VmallocUsed:      138808 kB
VmallocChunk:   251408940 kB
Time pass: 315 sec

---2015-12-05 14:07:44
MemTotal:        2905316 kB
MemFree:           80428 kB
Buffers:           25868 kB
Cached:          1014516 kB
SwapCached:            0 kB
Active:          1316796 kB
Inactive:         704980 kB
Active(anon):     820640 kB
Inactive(anon):   208056 kB
Active(file):     496156 kB
Inactive(file):   496924 kB
Unevictable:       12768 kB
Mlocked:               0 kB
SwapTotal:        720184 kB
SwapFree:         719144 kB
Dirty:                76 kB
Writeback:             0 kB
AnonPages:        994280 kB
Mapped:           660376 kB
Shmem:             34536 kB
Slab:             117316 kB
SReclaimable:      35656 kB
SUnreclaim:        81660 kB
KernelStack:       32704 kB
PageTables:        56916 kB
NFS_Unstable:          0 kB
Bounce:                0 kB
WritebackTmp:          0 kB
CommitLimit:     2172840 kB
Committed_AS:   90937636 kB
VmallocTotal:   251658176 kB
VmallocUsed:      138808 kB
VmallocChunk:   251408940 kB
Time pass: 319 sec

---2015-12-05 14:07:44
MemTotal:        2905316 kB
MemFree:           79816 kB
Buffers:           25876 kB
Cached:          1014528 kB
SwapCached:            0 kB
Active:          1316728 kB
Inactive:         704996 kB
Active(anon):     820568 kB
Inactive(anon):   208060 kB
Active(file):     496160 kB
Inactive(file):   496936 kB
Unevictable:       12768 kB
Mlocked:               0 kB
SwapTotal:        720184 kB
SwapFree:         719144 kB
Dirty:                68 kB
Writeback:             0 kB
AnonPages:        993964 kB
Mapped:           660456 kB
Shmem:             34540 kB
Slab:             117316 kB
SReclaimable:      35656 kB
SUnreclaim:        81660 kB
KernelStack:       32752 kB
PageTables:        56924 kB
NFS_Unstable:          0 kB
Bounce:                0 kB
WritebackTmp:          0 kB
CommitLimit:     2172840 kB
Committed_AS:   90937568 kB
VmallocTotal:   251658176 kB
VmallocUsed:      138808 kB
VmallocChunk:   251408940 kB
Time pass: 322 sec

---2015-12-05 14:07:44
MemTotal:        2905316 kB
MemFree:           79540 kB
Buffers:           25900 kB
Cached:          1014536 kB
SwapCached:            0 kB
Active:          1317108 kB
Inactive:         705008 kB
Active(anon):     820948 kB
Inactive(anon):   208060 kB
Active(file):     496160 kB
Inactive(file):   496948 kB
Unevictable:       12768 kB
Mlocked:               0 kB
SwapTotal:        720184 kB
SwapFree:         719144 kB
Dirty:                48 kB
Writeback:             0 kB
AnonPages:        994616 kB
Mapped:           660460 kB
Shmem:             34540 kB
Slab:             117312 kB
SReclaimable:      35656 kB
SUnreclaim:        81656 kB
KernelStack:       32720 kB
PageTables:        56924 kB
NFS_Unstable:          0 kB
Bounce:                0 kB
WritebackTmp:          0 kB
CommitLimit:     2172840 kB
Committed_AS:   90937672 kB
VmallocTotal:   251658176 kB
VmallocUsed:      138808 kB
VmallocChunk:   251408940 kB
Time pass: 326 sec

---2015-12-05 14:07:44
MemTotal:        2905316 kB
MemFree:           63612 kB
Buffers:           25908 kB
Cached:          1012156 kB
SwapCached:            0 kB
Active:          1346540 kB
Inactive:         690740 kB
Active(anon):     837380 kB
Inactive(anon):   208804 kB
Active(file):     509160 kB
Inactive(file):   481936 kB
Unevictable:       12768 kB
Mlocked:               0 kB
SwapTotal:        720184 kB
SwapFree:         718652 kB
Dirty:               112 kB
Writeback:             0 kB
AnonPages:       1012320 kB
Mapped:           669708 kB
Shmem:             34056 kB
Slab:             117492 kB
SReclaimable:      35844 kB
SUnreclaim:        81648 kB
KernelStack:       33712 kB
PageTables:        57876 kB
NFS_Unstable:          0 kB
Bounce:                0 kB
WritebackTmp:          0 kB
CommitLimit:     2172840 kB
Committed_AS:   92717532 kB
VmallocTotal:   251658176 kB
VmallocUsed:      139828 kB
VmallocChunk:   251408940 kB
Time pass: 330 sec

---2015-12-05 14:07:44
MemTotal:        2905316 kB
MemFree:           69412 kB
Buffers:           25892 kB
Cached:          1005628 kB
SwapCached:            0 kB
Active:          1339740 kB
Inactive:         691836 kB
Active(anon):     837080 kB
Inactive(anon):   209488 kB
Active(file):     502660 kB
Inactive(file):   482348 kB
Unevictable:       12768 kB
Mlocked:               0 kB
SwapTotal:        720184 kB
SwapFree:         718152 kB
Dirty:               136 kB
Writeback:             0 kB
AnonPages:       1012784 kB
Mapped:           669824 kB
Shmem:             33620 kB
Slab:             117476 kB
SReclaimable:      35828 kB
SUnreclaim:        81648 kB
KernelStack:       33664 kB
PageTables:        57928 kB
NFS_Unstable:          0 kB
Bounce:                0 kB
WritebackTmp:          0 kB
CommitLimit:     2172840 kB
Committed_AS:   92744616 kB
VmallocTotal:   251658176 kB
VmallocUsed:      139828 kB
VmallocChunk:   251408940 kB
Time pass: 334 sec

---2015-12-05 14:07:44
MemTotal:        2905316 kB
MemFree:           73296 kB
Buffers:           25900 kB
Cached:          1005572 kB
SwapCached:            0 kB
Active:          1337864 kB
Inactive:         689536 kB
Active(anon):     832820 kB
Inactive(anon):   209488 kB
Active(file):     505044 kB
Inactive(file):   480048 kB
Unevictable:       12768 kB
Mlocked:               0 kB
SwapTotal:        720184 kB
SwapFree:         718152 kB
Dirty:                28 kB
Writeback:             0 kB
AnonPages:       1008748 kB
Mapped:           669724 kB
Shmem:             33612 kB
Slab:             117476 kB
SReclaimable:      35828 kB
SUnreclaim:        81648 kB
KernelStack:       33696 kB
PageTables:        57936 kB
NFS_Unstable:          0 kB
Bounce:                0 kB
WritebackTmp:          0 kB
CommitLimit:     2172840 kB
Committed_AS:   92745252 kB
VmallocTotal:   251658176 kB
VmallocUsed:      139828 kB
VmallocChunk:   251408940 kB
Time pass: 337 sec

---2015-12-05 14:07:44
MemTotal:        2905316 kB
MemFree:           72912 kB
Buffers:           25916 kB
Cached:          1005628 kB
SwapCached:            0 kB
Active:          1338632 kB
Inactive:         689604 kB
Active(anon):     833584 kB
Inactive(anon):   209516 kB
Active(file):     505048 kB
Inactive(file):   480088 kB
Unevictable:       12768 kB
Mlocked:               0 kB
SwapTotal:        720184 kB
SwapFree:         718152 kB
Dirty:                 4 kB
Writeback:             0 kB
AnonPages:       1009400 kB
Mapped:           669756 kB
Shmem:             33640 kB
Slab:             117476 kB
SReclaimable:      35828 kB
SUnreclaim:        81648 kB
KernelStack:       33696 kB
PageTables:        57936 kB
NFS_Unstable:          0 kB
Bounce:                0 kB
WritebackTmp:          0 kB
CommitLimit:     2172840 kB
Committed_AS:   92745508 kB
VmallocTotal:   251658176 kB
VmallocUsed:      139828 kB
VmallocChunk:   251408940 kB
Time pass: 341 sec

---2015-12-05 14:07:44
MemTotal:        2905316 kB
MemFree:           72624 kB
Buffers:           25924 kB
Cached:          1005636 kB
SwapCached:            0 kB
Active:          1338716 kB
Inactive:         689616 kB
Active(anon):     833664 kB
Inactive(anon):   209520 kB
Active(file):     505052 kB
Inactive(file):   480096 kB
Unevictable:       12768 kB
Mlocked:               0 kB
SwapTotal:        720184 kB
SwapFree:         718152 kB
Dirty:                56 kB
Writeback:             0 kB
AnonPages:       1009660 kB
Mapped:           669764 kB
Shmem:             33644 kB
Slab:             117476 kB
SReclaimable:      35828 kB
SUnreclaim:        81648 kB
KernelStack:       33664 kB
PageTables:        57940 kB
NFS_Unstable:          0 kB
Bounce:                0 kB
WritebackTmp:          0 kB
CommitLimit:     2172840 kB
Committed_AS:   92745496 kB
VmallocTotal:   251658176 kB
VmallocUsed:      139828 kB
VmallocChunk:   251408940 kB
Time pass: 345 sec

---2015-12-05 14:07:44
MemTotal:        2905316 kB
MemFree:           71708 kB
Buffers:           25924 kB
Cached:          1005636 kB
SwapCached:            0 kB
Active:          1338952 kB
Inactive:         689616 kB
Active(anon):     833900 kB
Inactive(anon):   209520 kB
Active(file):     505052 kB
Inactive(file):   480096 kB
Unevictable:       12768 kB
Mlocked:               0 kB
SwapTotal:        720184 kB
SwapFree:         718152 kB
Dirty:                60 kB
Writeback:             0 kB
AnonPages:       1009892 kB
Mapped:           669832 kB
Shmem:             33644 kB
Slab:             117468 kB
SReclaimable:      35828 kB
SUnreclaim:        81640 kB
KernelStack:       33712 kB
PageTables:        57964 kB
NFS_Unstable:          0 kB
Bounce:                0 kB
WritebackTmp:          0 kB
CommitLimit:     2172840 kB
Committed_AS:   92745496 kB
VmallocTotal:   251658176 kB
VmallocUsed:      139828 kB
VmallocChunk:   251408940 kB
Time pass: 349 sec

---2015-12-05 14:07:44
MemTotal:        2905316 kB
MemFree:           71600 kB
Buffers:           25956 kB
Cached:          1005664 kB
SwapCached:            0 kB
Active:          1339732 kB
Inactive:         689664 kB
Active(anon):     834672 kB
Inactive(anon):   209520 kB
Active(file):     505060 kB
Inactive(file):   480144 kB
Unevictable:       12768 kB
Mlocked:               0 kB
SwapTotal:        720184 kB
SwapFree:         718152 kB
Dirty:               120 kB
Writeback:             0 kB
AnonPages:       1010660 kB
Mapped:           669836 kB
Shmem:             33644 kB
Slab:             117460 kB
SReclaimable:      35828 kB
SUnreclaim:        81632 kB
KernelStack:       33680 kB
PageTables:        57960 kB
NFS_Unstable:          0 kB
Bounce:                0 kB
WritebackTmp:          0 kB
CommitLimit:     2172840 kB
Committed_AS:   92745508 kB
VmallocTotal:   251658176 kB
VmallocUsed:      139828 kB
VmallocChunk:   251408940 kB
Time pass: 352 sec

---2015-12-05 14:07:44
MemTotal:        2905316 kB
MemFree:           71312 kB
Buffers:           25964 kB
Cached:          1005660 kB
SwapCached:            0 kB
Active:          1339892 kB
Inactive:         689672 kB
Active(anon):     834832 kB
Inactive(anon):   209520 kB
Active(file):     505060 kB
Inactive(file):   480152 kB
Unevictable:       12768 kB
Mlocked:               0 kB
SwapTotal:        720184 kB
SwapFree:         718152 kB
Dirty:                 4 kB
Writeback:             0 kB
AnonPages:       1010688 kB
Mapped:           669840 kB
Shmem:             33644 kB
Slab:             117460 kB
SReclaimable:      35828 kB
SUnreclaim:        81632 kB
KernelStack:       33664 kB
PageTables:        57964 kB
NFS_Unstable:          0 kB
Bounce:                0 kB
WritebackTmp:          0 kB
CommitLimit:     2172840 kB
Committed_AS:   92745464 kB
VmallocTotal:   251658176 kB
VmallocUsed:      139828 kB
VmallocChunk:   251408940 kB
Time pass: 356 sec

---2015-12-05 14:07:44
MemTotal:        2905316 kB
MemFree:           70888 kB
Buffers:           25964 kB
Cached:          1005776 kB
SwapCached:            0 kB
Active:          1340240 kB
Inactive:         689764 kB
Active(anon):     835156 kB
Inactive(anon):   209520 kB
Active(file):     505084 kB
Inactive(file):   480244 kB
Unevictable:       12768 kB
Mlocked:               0 kB
SwapTotal:        720184 kB
SwapFree:         718152 kB
Dirty:                24 kB
Writeback:             0 kB
AnonPages:       1011168 kB
Mapped:           669896 kB
Shmem:             33644 kB
Slab:             117460 kB
SReclaimable:      35828 kB
SUnreclaim:        81632 kB
KernelStack:       33696 kB
PageTables:        57968 kB
NFS_Unstable:          0 kB
Bounce:                0 kB
WritebackTmp:          0 kB
CommitLimit:     2172840 kB
Committed_AS:   92745496 kB
VmallocTotal:   251658176 kB
VmallocUsed:      139828 kB
VmallocChunk:   251408940 kB
Time pass: 360 sec

---2015-12-05 14:07:44
MemTotal:        2905316 kB
MemFree:           69560 kB
Buffers:           25988 kB
Cached:          1005868 kB
SwapCached:            0 kB
Active:          1341612 kB
Inactive:         689876 kB
Active(anon):     836524 kB
Inactive(anon):   209580 kB
Active(file):     505088 kB
Inactive(file):   480296 kB
Unevictable:       12768 kB
Mlocked:               0 kB
SwapTotal:        720184 kB
SwapFree:         718152 kB
Dirty:               152 kB
Writeback:             0 kB
AnonPages:       1012520 kB
Mapped:           669968 kB
Shmem:             33704 kB
Slab:             117460 kB
SReclaimable:      35828 kB
SUnreclaim:        81632 kB
KernelStack:       33680 kB
PageTables:        58012 kB
NFS_Unstable:          0 kB
Bounce:                0 kB
WritebackTmp:          0 kB
CommitLimit:     2172840 kB
Committed_AS:   92772136 kB
VmallocTotal:   251658176 kB
VmallocUsed:      139828 kB
VmallocChunk:   251408940 kB
Time pass: 363 sec

---2015-12-05 14:07:44
MemTotal:        2905316 kB
MemFree:           68916 kB
Buffers:           25996 kB
Cached:          1005864 kB
SwapCached:            0 kB
Active:          1341908 kB
Inactive:         689872 kB
Active(anon):     836812 kB
Inactive(anon):   209580 kB
Active(file):     505096 kB
Inactive(file):   480292 kB
Unevictable:       12768 kB
Mlocked:               0 kB
SwapTotal:        720184 kB
SwapFree:         718152 kB
Dirty:                 8 kB
Writeback:             0 kB
AnonPages:       1012672 kB
Mapped:           669976 kB
Shmem:             33704 kB
Slab:             117460 kB
SReclaimable:      35828 kB
SUnreclaim:        81632 kB
KernelStack:       33680 kB
PageTables:        58016 kB
NFS_Unstable:          0 kB
Bounce:                0 kB
WritebackTmp:          0 kB
CommitLimit:     2172840 kB
Committed_AS:   92772104 kB
VmallocTotal:   251658176 kB
VmallocUsed:      139828 kB
VmallocChunk:   251408940 kB
Time pass: 367 sec

---2015-12-05 14:07:44
MemTotal:        2905316 kB
MemFree:           68932 kB
Buffers:           25996 kB
Cached:          1005884 kB
SwapCached:            0 kB
Active:          1341944 kB
Inactive:         689888 kB
Active(anon):     836844 kB
Inactive(anon):   209584 kB
Active(file):     505100 kB
Inactive(file):   480304 kB
Unevictable:       12768 kB
Mlocked:               0 kB
SwapTotal:        720184 kB
SwapFree:         718152 kB
Dirty:                20 kB
Writeback:             0 kB
AnonPages:       1012836 kB
Mapped:           670000 kB
Shmem:             33708 kB
Slab:             117460 kB
SReclaimable:      35828 kB
SUnreclaim:        81632 kB
KernelStack:       33648 kB
PageTables:        58020 kB
NFS_Unstable:          0 kB
Bounce:                0 kB
WritebackTmp:          0 kB
CommitLimit:     2172840 kB
Committed_AS:   92772052 kB
VmallocTotal:   251658176 kB
VmallocUsed:      139828 kB
VmallocChunk:   251408940 kB
Time pass: 371 sec

---2015-12-05 14:07:44
MemTotal:        2905316 kB
MemFree:           68648 kB
Buffers:           26020 kB
Cached:          1005924 kB
SwapCached:            0 kB
Active:          1342672 kB
Inactive:         689944 kB
Active(anon):     837564 kB
Inactive(anon):   209596 kB
Active(file):     505108 kB
Inactive(file):   480348 kB
Unevictable:       12768 kB
Mlocked:               0 kB
SwapTotal:        720184 kB
SwapFree:         718152 kB
Dirty:                64 kB
Writeback:             0 kB
AnonPages:       1013576 kB
Mapped:           670016 kB
Shmem:             33720 kB
Slab:             117460 kB
SReclaimable:      35828 kB
SUnreclaim:        81632 kB
KernelStack:       33648 kB
PageTables:        58016 kB
NFS_Unstable:          0 kB
Bounce:                0 kB
WritebackTmp:          0 kB
CommitLimit:     2172840 kB
Committed_AS:   92772012 kB
VmallocTotal:   251658176 kB
VmallocUsed:      139828 kB
VmallocChunk:   251408940 kB
Time pass: 375 sec

---2015-12-05 14:07:44
MemTotal:        2905316 kB
MemFree:           67864 kB
Buffers:           26020 kB
Cached:          1005928 kB
SwapCached:            0 kB
Active:          1342648 kB
Inactive:         689944 kB
Active(anon):     837536 kB
Inactive(anon):   209596 kB
Active(file):     505112 kB
Inactive(file):   480348 kB
Unevictable:       12768 kB
Mlocked:               0 kB
SwapTotal:        720184 kB
SwapFree:         718152 kB
Dirty:                72 kB
Writeback:             0 kB
AnonPages:       1013632 kB
Mapped:           670028 kB
Shmem:             33720 kB
Slab:             117460 kB
SReclaimable:      35828 kB
SUnreclaim:        81632 kB
KernelStack:       33648 kB
PageTables:        58004 kB
NFS_Unstable:          0 kB
Bounce:                0 kB
WritebackTmp:          0 kB
CommitLimit:     2172840 kB
Committed_AS:   92772036 kB
VmallocTotal:   251658176 kB
VmallocUsed:      139828 kB
VmallocChunk:   251408940 kB
Time pass: 379 sec

---2015-12-05 14:07:44
MemTotal:        2905316 kB
MemFree:           67600 kB
Buffers:           26028 kB
Cached:          1005928 kB
SwapCached:            0 kB
Active:          1343252 kB
Inactive:         689952 kB
Active(anon):     838140 kB
Inactive(anon):   209596 kB
Active(file):     505112 kB
Inactive(file):   480356 kB
Unevictable:       12768 kB
Mlocked:               0 kB
SwapTotal:        720184 kB
SwapFree:         718152 kB
Dirty:                76 kB
Writeback:             0 kB
AnonPages:       1014220 kB
Mapped:           670092 kB
Shmem:             33720 kB
Slab:             117460 kB
SReclaimable:      35828 kB
SUnreclaim:        81632 kB
KernelStack:       33664 kB
PageTables:        58016 kB
NFS_Unstable:          0 kB
Bounce:                0 kB
WritebackTmp:          0 kB
CommitLimit:     2172840 kB
Committed_AS:   92772048 kB
VmallocTotal:   251658176 kB
VmallocUsed:      139828 kB
VmallocChunk:   251408940 kB
Time pass: 382 sec

---2015-12-05 14:07:44
MemTotal:        2905316 kB
MemFree:           67332 kB
Buffers:           26036 kB
Cached:          1005932 kB
SwapCached:            0 kB
Active:          1343420 kB
Inactive:         689960 kB
Active(anon):     838304 kB
Inactive(anon):   209596 kB
Active(file):     505116 kB
Inactive(file):   480364 kB
Unevictable:       12768 kB
Mlocked:               0 kB
SwapTotal:        720184 kB
SwapFree:         718152 kB
Dirty:                20 kB
Writeback:             0 kB
AnonPages:       1014152 kB
Mapped:           670096 kB
Shmem:             33720 kB
Slab:             117348 kB
SReclaimable:      35716 kB
SUnreclaim:        81632 kB
KernelStack:       33632 kB
PageTables:        58012 kB
NFS_Unstable:          0 kB
Bounce:                0 kB
WritebackTmp:          0 kB
CommitLimit:     2172840 kB
Committed_AS:   92772008 kB
VmallocTotal:   251658176 kB
VmallocUsed:      139828 kB
VmallocChunk:   251408940 kB
Time pass: 386 sec

---2015-12-05 14:07:44
MemTotal:        2905316 kB
MemFree:           67272 kB
Buffers:           26052 kB
Cached:          1005960 kB
SwapCached:            0 kB
Active:          1343460 kB
Inactive:         689996 kB
