---2015-12-05 14:07:44
MemTotal:        2905316 kB
MemFree:           61960 kB
Buffers:           25876 kB
Cached:          1424000 kB
SwapCached:            0 kB
Active:          1280036 kB
Inactive:        1060112 kB
Active(anon):     780288 kB
Inactive(anon):   150476 kB
Active(file):     499748 kB
Inactive(file):   909636 kB
Unevictable:        7492 kB
Mlocked:               0 kB
SwapTotal:        720184 kB
SwapFree:         720184 kB
Dirty:               376 kB
Writeback:             0 kB
AnonPages:        898144 kB
Mapped:           509592 kB
Shmem:             32692 kB
Slab:             112376 kB
SReclaimable:      35964 kB
SUnreclaim:        76412 kB
KernelStack:       31296 kB
PageTables:        57500 kB
NFS_Unstable:          0 kB
Bounce:                0 kB
WritebackTmp:          0 kB
CommitLimit:     2172840 kB
Committed_AS:   96810696 kB
VmallocTotal:   251658176 kB
VmallocUsed:      138572 kB
VmallocChunk:   251417644 kB
Time pass: 3 sec

---2015-12-05 14:07:44
MemTotal:        2905316 kB
MemFree:           72396 kB
Buffers:           26876 kB
Cached:          1388912 kB
SwapCached:            0 kB
Active:          1306916 kB
Inactive:        1020436 kB
Active(anon):     792704 kB
Inactive(anon):   159188 kB
Active(file):     514212 kB
Inactive(file):   861248 kB
Unevictable:        7492 kB
Mlocked:               0 kB
SwapTotal:        720184 kB
SwapFree:         720184 kB
Dirty:               520 kB
Writeback:             0 kB
AnonPages:        918936 kB
Mapped:           533068 kB
Shmem:             32832 kB
Slab:             118784 kB
SReclaimable:      35660 kB
SUnreclaim:        83124 kB
KernelStack:       32640 kB
PageTables:        55260 kB
NFS_Unstable:          0 kB
Bounce:                0 kB
WritebackTmp:          0 kB
CommitLimit:     2172840 kB
Committed_AS:   92574024 kB
VmallocTotal:   251658176 kB
VmallocUsed:      135648 kB
VmallocChunk:   251417644 kB
Time pass: 7 sec

---2015-12-05 14:07:44
MemTotal:        2905316 kB
MemFree:          108552 kB
Buffers:           26888 kB
Cached:          1389392 kB
SwapCached:            0 kB
Active:          1270204 kB
Inactive:        1020820 kB
Active(anon):     755832 kB
Inactive(anon):   159184 kB
Active(file):     514372 kB
Inactive(file):   861636 kB
Unevictable:        7492 kB
Mlocked:               0 kB
SwapTotal:        720184 kB
SwapFree:         720184 kB
Dirty:               152 kB
Writeback:             0 kB
AnonPages:        882720 kB
Mapped:           525588 kB
Shmem:             32828 kB
Slab:             118976 kB
SReclaimable:      35772 kB
SUnreclaim:        83204 kB
KernelStack:       32320 kB
PageTables:        55152 kB
NFS_Unstable:          0 kB
Bounce:                0 kB
WritebackTmp:          0 kB
CommitLimit:     2172840 kB
Committed_AS:   92037440 kB
VmallocTotal:   251658176 kB
VmallocUsed:      135648 kB
VmallocChunk:   251417644 kB
Time pass: 11 sec

---2015-12-05 14:07:44
MemTotal:        2905316 kB
MemFree:          107600 kB
Buffers:           26888 kB
Cached:          1389528 kB
SwapCached:            0 kB
Active:          1270964 kB
Inactive:        1020896 kB
Active(anon):     756580 kB
Inactive(anon):   159184 kB
Active(file):     514384 kB
Inactive(file):   861712 kB
Unevictable:        7492 kB
Mlocked:               0 kB
SwapTotal:        720184 kB
SwapFree:         720184 kB
Dirty:               172 kB
Writeback:             0 kB
AnonPages:        882912 kB
Mapped:           525660 kB
Shmem:             32828 kB
Slab:             118844 kB
SReclaimable:      35772 kB
SUnreclaim:        83072 kB
KernelStack:       32336 kB
PageTables:        55260 kB
NFS_Unstable:          0 kB
Bounce:                0 kB
WritebackTmp:          0 kB
CommitLimit:     2172840 kB
Committed_AS:   92037832 kB
VmallocTotal:   251658176 kB
VmallocUsed:      136668 kB
VmallocChunk:   251417644 kB
Time pass: 15 sec

---2015-12-05 14:07:44
MemTotal:        2905316 kB
MemFree:          108456 kB
Buffers:           26864 kB
Cached:          1364900 kB
SwapCached:            0 kB
Active:          1276984 kB
Inactive:         992640 kB
Active(anon):     757236 kB
Inactive(anon):   161232 kB
Active(file):     519748 kB
Inactive(file):   831408 kB
Unevictable:        7492 kB
Mlocked:               0 kB
SwapTotal:        720184 kB
SwapFree:         720184 kB
Dirty:               196 kB
Writeback:             0 kB
AnonPages:        885652 kB
Mapped:           532364 kB
Shmem:             32828 kB
Slab:             119120 kB
SReclaimable:      35772 kB
SUnreclaim:        83348 kB
KernelStack:       32416 kB
PageTables:        55024 kB
NFS_Unstable:          0 kB
Bounce:                0 kB
WritebackTmp:          0 kB
CommitLimit:     2172840 kB
Committed_AS:   91561004 kB
VmallocTotal:   251658176 kB
VmallocUsed:      136532 kB
VmallocChunk:   251417644 kB
Time pass: 18 sec

---2015-12-05 14:07:44
MemTotal:        2905316 kB
MemFree:           63764 kB
Buffers:           28720 kB
Cached:          1280040 kB
SwapCached:            0 kB
Active:          1296204 kB
Inactive:         924176 kB
Active(anon):     766072 kB
Inactive(anon):   186180 kB
Active(file):     530132 kB
Inactive(file):   737996 kB
Unevictable:        7492 kB
Mlocked:               0 kB
SwapTotal:        720184 kB
SwapFree:         720184 kB
Dirty:              1396 kB
Writeback:             0 kB
AnonPages:        917000 kB
Mapped:           597936 kB
Shmem:             32964 kB
Slab:             117724 kB
SReclaimable:      34428 kB
SUnreclaim:        83296 kB
KernelStack:       33632 kB
PageTables:        55816 kB
NFS_Unstable:          0 kB
Bounce:                0 kB
WritebackTmp:          0 kB
CommitLimit:     2172840 kB
Committed_AS:   91618612 kB
VmallocTotal:   251658176 kB
VmallocUsed:      137240 kB
VmallocChunk:   251417644 kB
Time pass: 22 sec

---2015-12-05 14:07:44
MemTotal:        2905316 kB
MemFree:           73008 kB
Buffers:           28684 kB
Cached:          1253248 kB
SwapCached:            0 kB
Active:          1283828 kB
Inactive:         901192 kB
Active(anon):     752556 kB
Inactive(anon):   189128 kB
Active(file):     531272 kB
Inactive(file):   712064 kB
Unevictable:        7492 kB
Mlocked:               0 kB
SwapTotal:        720184 kB
SwapFree:         720184 kB
Dirty:                12 kB
Writeback:             0 kB
AnonPages:        910616 kB
Mapped:           617512 kB
Shmem:             31048 kB
Slab:             119276 kB
SReclaimable:      35896 kB
SUnreclaim:        83380 kB
KernelStack:       33600 kB
PageTables:        55936 kB
NFS_Unstable:          0 kB
Bounce:                0 kB
WritebackTmp:          0 kB
CommitLimit:     2172840 kB
Committed_AS:   91606992 kB
VmallocTotal:   251658176 kB
VmallocUsed:      137484 kB
VmallocChunk:   251417644 kB
Time pass: 26 sec

---2015-12-05 14:07:44
MemTotal:        2905316 kB
MemFree:           72168 kB
Buffers:           28700 kB
Cached:          1253288 kB
SwapCached:            0 kB
Active:          1284512 kB
Inactive:         901264 kB
Active(anon):     753228 kB
Inactive(anon):   189128 kB
Active(file):     531284 kB
Inactive(file):   712136 kB
Unevictable:        7492 kB
Mlocked:               0 kB
SwapTotal:        720184 kB
SwapFree:         720184 kB
Dirty:               160 kB
Writeback:             0 kB
AnonPages:        911328 kB
Mapped:           617652 kB
Shmem:             31048 kB
Slab:             119368 kB
SReclaimable:      35976 kB
SUnreclaim:        83392 kB
KernelStack:       33648 kB
PageTables:        55952 kB
NFS_Unstable:          0 kB
Bounce:                0 kB
WritebackTmp:          0 kB
CommitLimit:     2172840 kB
Committed_AS:   91606964 kB
VmallocTotal:   251658176 kB
VmallocUsed:      137484 kB
VmallocChunk:   251417644 kB
Time pass: 30 sec

---2015-12-05 14:07:44
MemTotal:        2905316 kB
MemFree:           71080 kB
Buffers:           28712 kB
Cached:          1253352 kB
SwapCached:            0 kB
Active:          1285632 kB
Inactive:         901324 kB
Active(anon):     754340 kB
Inactive(anon):   189188 kB
Active(file):     531292 kB
Inactive(file):   712136 kB
Unevictable:        7492 kB
Mlocked:               0 kB
SwapTotal:        720184 kB
SwapFree:         720184 kB
Dirty:                72 kB
Writeback:             0 kB
AnonPages:        912460 kB
Mapped:           617720 kB
Shmem:             31108 kB
Slab:             119508 kB
SReclaimable:      35976 kB
SUnreclaim:        83532 kB
KernelStack:       33664 kB
PageTables:        56036 kB
NFS_Unstable:          0 kB
Bounce:                0 kB
WritebackTmp:          0 kB
CommitLimit:     2172840 kB
Committed_AS:   91633592 kB
VmallocTotal:   251658176 kB
VmallocUsed:      137484 kB
VmallocChunk:   251417644 kB
Time pass: 34 sec

---2015-12-05 14:07:44
MemTotal:        2905316 kB
MemFree:           70336 kB
Buffers:           28716 kB
Cached:          1253832 kB
SwapCached:            0 kB
Active:          1285760 kB
Inactive:         901808 kB
Active(anon):     754460 kB
Inactive(anon):   189188 kB
Active(file):     531300 kB
Inactive(file):   712620 kB
Unevictable:        7492 kB
Mlocked:               0 kB
SwapTotal:        720184 kB
SwapFree:         720184 kB
Dirty:                88 kB
Writeback:             0 kB
AnonPages:        912644 kB
Mapped:           617960 kB
Shmem:             31108 kB
Slab:             119396 kB
SReclaimable:      35992 kB
SUnreclaim:        83404 kB
KernelStack:       33632 kB
PageTables:        56000 kB
NFS_Unstable:          0 kB
Bounce:                0 kB
WritebackTmp:          0 kB
CommitLimit:     2172840 kB
Committed_AS:   91633900 kB
VmallocTotal:   251658176 kB
VmallocUsed:      137484 kB
VmallocChunk:   251417644 kB
Time pass: 37 sec

---2015-12-05 14:07:44
MemTotal:        2905316 kB
MemFree:           66864 kB
Buffers:           28740 kB
Cached:          1256136 kB
SwapCached:            0 kB
Active:          1286212 kB
Inactive:         904116 kB
Active(anon):     754908 kB
Inactive(anon):   189188 kB
Active(file):     531304 kB
Inactive(file):   714928 kB
Unevictable:        7492 kB
Mlocked:               0 kB
SwapTotal:        720184 kB
SwapFree:         720184 kB
Dirty:                 8 kB
Writeback:             0 kB
AnonPages:        913284 kB
Mapped:           618244 kB
Shmem:             31108 kB
Slab:             119488 kB
SReclaimable:      36008 kB
SUnreclaim:        83480 kB
KernelStack:       33632 kB
PageTables:        56004 kB
NFS_Unstable:          0 kB
Bounce:                0 kB
WritebackTmp:          0 kB
CommitLimit:     2172840 kB
Committed_AS:   91634048 kB
VmallocTotal:   251658176 kB
VmallocUsed:      137484 kB
VmallocChunk:   251417644 kB
Time pass: 41 sec

---2015-12-05 14:07:44
MemTotal:        2905316 kB
MemFree:           64120 kB
Buffers:           27276 kB
Cached:          1194412 kB
SwapCached:            0 kB
Active:          1304652 kB
Inactive:         839804 kB
Active(anon):     769192 kB
Inactive(anon):   192264 kB
Active(file):     535460 kB
Inactive(file):   647540 kB
Unevictable:        7492 kB
Mlocked:               0 kB
SwapTotal:        720184 kB
SwapFree:         720184 kB
Dirty:               388 kB
Writeback:             0 kB
AnonPages:        930752 kB
Mapped:           629680 kB
Shmem:             31112 kB
Slab:             119600 kB
SReclaimable:      36016 kB
SUnreclaim:        83584 kB
KernelStack:       33728 kB
PageTables:        56356 kB
NFS_Unstable:          0 kB
Bounce:                0 kB
WritebackTmp:          0 kB
CommitLimit:     2172840 kB
Committed_AS:   91663032 kB
VmallocTotal:   251658176 kB
VmallocUsed:      137740 kB
VmallocChunk:   251417644 kB
Time pass: 44 sec

---2015-12-05 14:07:44
MemTotal:        2905316 kB
MemFree:           67736 kB
Buffers:           27276 kB
Cached:          1181132 kB
SwapCached:            0 kB
Active:          1309160 kB
Inactive:         826528 kB
Active(anon):     772596 kB
Inactive(anon):   193288 kB
Active(file):     536564 kB
Inactive(file):   633240 kB
Unevictable:        7492 kB
Mlocked:               0 kB
SwapTotal:        720184 kB
SwapFree:         720184 kB
Dirty:               404 kB
Writeback:             0 kB
AnonPages:        934860 kB
Mapped:           635328 kB
Shmem:             31112 kB
Slab:             119408 kB
SReclaimable:      35908 kB
SUnreclaim:        83500 kB
KernelStack:       33712 kB
PageTables:        56444 kB
NFS_Unstable:          0 kB
Bounce:                0 kB
WritebackTmp:          0 kB
CommitLimit:     2172840 kB
Committed_AS:   91674780 kB
VmallocTotal:   251658176 kB
VmallocUsed:      137788 kB
VmallocChunk:   251417644 kB
Time pass: 48 sec

---2015-12-05 14:07:44
MemTotal:        2905316 kB
MemFree:           66364 kB
Buffers:           26564 kB
Cached:          1144280 kB
SwapCached:            0 kB
Active:          1339188 kB
Inactive:         783032 kB
Active(anon):     792104 kB
Inactive(anon):   198276 kB
Active(file):     547084 kB
Inactive(file):   584756 kB
Unevictable:        7492 kB
Mlocked:               0 kB
SwapTotal:        720184 kB
SwapFree:         720184 kB
Dirty:               920 kB
Writeback:             0 kB
AnonPages:        959580 kB
Mapped:           659216 kB
Shmem:             31236 kB
Slab:             119620 kB
SReclaimable:      36212 kB
SUnreclaim:        83408 kB
KernelStack:       33632 kB
PageTables:        55848 kB
NFS_Unstable:          0 kB
Bounce:                0 kB
WritebackTmp:          0 kB
CommitLimit:     2172840 kB
Committed_AS:   90974984 kB
VmallocTotal:   251658176 kB
VmallocUsed:      136920 kB
VmallocChunk:   251431980 kB
Time pass: 52 sec

---2015-12-05 14:07:44
MemTotal:        2905316 kB
MemFree:           82968 kB
Buffers:           25252 kB
Cached:          1124920 kB
SwapCached:            0 kB
Active:          1326448 kB
Inactive:         762452 kB
Active(anon):     778928 kB
Inactive(anon):   198532 kB
Active(file):     547520 kB
Inactive(file):   563920 kB
Unevictable:        7492 kB
Mlocked:               0 kB
SwapTotal:        720184 kB
SwapFree:         720184 kB
Dirty:               944 kB
Writeback:             0 kB
AnonPages:        946080 kB
Mapped:           678000 kB
Shmem:             31236 kB
Slab:             119312 kB
SReclaimable:      35700 kB
SUnreclaim:        83612 kB
KernelStack:       33648 kB
PageTables:        55896 kB
NFS_Unstable:          0 kB
Bounce:                0 kB
WritebackTmp:          0 kB
CommitLimit:     2172840 kB
Committed_AS:   90963768 kB
VmallocTotal:   251658176 kB
VmallocUsed:      137088 kB
VmallocChunk:   251431980 kB
Time pass: 55 sec

---2015-12-05 14:07:44
MemTotal:        2905316 kB
MemFree:           82116 kB
Buffers:           25252 kB
Cached:          1125060 kB
SwapCached:            0 kB
Active:          1326392 kB
Inactive:         762584 kB
Active(anon):     778864 kB
Inactive(anon):   198532 kB
Active(file):     547528 kB
Inactive(file):   564052 kB
Unevictable:        7492 kB
Mlocked:               0 kB
SwapTotal:        720184 kB
SwapFree:         720184 kB
Dirty:               116 kB
Writeback:             0 kB
AnonPages:        946156 kB
Mapped:           678160 kB
Shmem:             31236 kB
Slab:             119180 kB
SReclaimable:      35716 kB
SUnreclaim:        83464 kB
KernelStack:       33632 kB
PageTables:        55920 kB
NFS_Unstable:          0 kB
Bounce:                0 kB
WritebackTmp:          0 kB
CommitLimit:     2172840 kB
Committed_AS:   90963688 kB
VmallocTotal:   251658176 kB
VmallocUsed:      137088 kB
VmallocChunk:   251431980 kB
Time pass: 59 sec

---2015-12-05 14:07:44
MemTotal:        2905316 kB
MemFree:           74872 kB
Buffers:           25180 kB
Cached:          1117068 kB
SwapCached:            0 kB
Active:          1326908 kB
Inactive:         754356 kB
Active(anon):     779276 kB
Inactive(anon):   198112 kB
Active(file):     547632 kB
Inactive(file):   556244 kB
Unevictable:        7492 kB
Mlocked:               0 kB
SwapTotal:        720184 kB
SwapFree:         720184 kB
Dirty:               164 kB
Writeback:             0 kB
AnonPages:        946696 kB
Mapped:           687356 kB
Shmem:             30820 kB
Slab:             119484 kB
SReclaimable:      35860 kB
SUnreclaim:        83624 kB
KernelStack:       33632 kB
PageTables:        55956 kB
NFS_Unstable:          0 kB
Bounce:                0 kB
WritebackTmp:          0 kB
CommitLimit:     2172840 kB
Committed_AS:   90985648 kB
VmallocTotal:   251658176 kB
VmallocUsed:      137200 kB
VmallocChunk:   251431980 kB
Time pass: 63 sec

---2015-12-05 14:07:44
MemTotal:        2905316 kB
MemFree:           89628 kB
Buffers:           25188 kB
Cached:          1117088 kB
SwapCached:            0 kB
Active:          1311900 kB
Inactive:         754372 kB
Active(anon):     764248 kB
Inactive(anon):   198112 kB
Active(file):     547652 kB
Inactive(file):   556260 kB
Unevictable:        7492 kB
Mlocked:               0 kB
SwapTotal:        720184 kB
SwapFree:         720184 kB
Dirty:                52 kB
Writeback:             0 kB
AnonPages:        931644 kB
Mapped:           687424 kB
Shmem:             30820 kB
Slab:             119368 kB
SReclaimable:      35860 kB
SUnreclaim:        83508 kB
KernelStack:       33408 kB
PageTables:        55980 kB
NFS_Unstable:          0 kB
Bounce:                0 kB
WritebackTmp:          0 kB
CommitLimit:     2172840 kB
Committed_AS:   90985460 kB
VmallocTotal:   251658176 kB
VmallocUsed:      137200 kB
VmallocChunk:   251431980 kB
Time pass: 67 sec

---2015-12-05 14:07:44
MemTotal:        2905316 kB
MemFree:           77276 kB
Buffers:           25108 kB
Cached:          1096056 kB
SwapCached:            0 kB
Active:          1309360 kB
Inactive:         736676 kB
Active(anon):     770368 kB
Inactive(anon):   197624 kB
Active(file):     538992 kB
Inactive(file):   539052 kB
Unevictable:       12228 kB
Mlocked:               0 kB
SwapTotal:        720184 kB
SwapFree:         720156 kB
Dirty:               508 kB
Writeback:             0 kB
AnonPages:        937556 kB
Mapped:           698608 kB
Shmem:             30820 kB
Slab:             119164 kB
SReclaimable:      35556 kB
SUnreclaim:        83608 kB
KernelStack:       33424 kB
PageTables:        55736 kB
NFS_Unstable:          0 kB
Bounce:                0 kB
WritebackTmp:          0 kB
CommitLimit:     2172840 kB
Committed_AS:   90988356 kB
VmallocTotal:   251658176 kB
VmallocUsed:      137364 kB
VmallocChunk:   251431980 kB
Time pass: 70 sec

---2015-12-05 14:07:44
MemTotal:        2905316 kB
MemFree:           72616 kB
Buffers:           25108 kB
Cached:          1096008 kB
SwapCached:            0 kB
Active:          1310120 kB
Inactive:         736172 kB
Active(anon):     770832 kB
Inactive(anon):   197592 kB
Active(file):     539288 kB
Inactive(file):   538580 kB
Unevictable:       12456 kB
Mlocked:               0 kB
SwapTotal:        720184 kB
SwapFree:         720156 kB
Dirty:                20 kB
Writeback:             0 kB
AnonPages:        937828 kB
Mapped:           701220 kB
Shmem:             30792 kB
Slab:             119788 kB
SReclaimable:      36036 kB
SUnreclaim:        83752 kB
KernelStack:       33392 kB
PageTables:        55856 kB
NFS_Unstable:          0 kB
Bounce:                0 kB
WritebackTmp:          0 kB
CommitLimit:     2172840 kB
Committed_AS:   90988556 kB
VmallocTotal:   251658176 kB
VmallocUsed:      137384 kB
VmallocChunk:   251431980 kB
Time pass: 74 sec

---2015-12-05 14:07:44
MemTotal:        2905316 kB
MemFree:           72692 kB
Buffers:           25116 kB
Cached:          1096128 kB
SwapCached:            0 kB
Active:          1309940 kB
Inactive:         736244 kB
Active(anon):     770596 kB
Inactive(anon):   197592 kB
Active(file):     539344 kB
Inactive(file):   538652 kB
Unevictable:       12456 kB
Mlocked:               0 kB
SwapTotal:        720184 kB
SwapFree:         720156 kB
Dirty:                72 kB
Writeback:             0 kB
AnonPages:        937544 kB
Mapped:           701448 kB
Shmem:             30792 kB
Slab:             119764 kB
SReclaimable:      36036 kB
SUnreclaim:        83728 kB
KernelStack:       33424 kB
PageTables:        55856 kB
NFS_Unstable:          0 kB
Bounce:                0 kB
WritebackTmp:          0 kB
CommitLimit:     2172840 kB
Committed_AS:   90988716 kB
VmallocTotal:   251658176 kB
VmallocUsed:      137384 kB
VmallocChunk:   251431980 kB
Time pass: 78 sec

---2015-12-05 14:07:44
MemTotal:        2905316 kB
MemFree:           72604 kB
Buffers:           25124 kB
Cached:          1096132 kB
SwapCached:            0 kB
Active:          1310388 kB
Inactive:         736232 kB
Active(anon):     771024 kB
Inactive(anon):   197592 kB
Active(file):     539364 kB
Inactive(file):   538640 kB
Unevictable:       12456 kB
Mlocked:               0 kB
SwapTotal:        720184 kB
SwapFree:         720156 kB
Dirty:                84 kB
Writeback:             0 kB
AnonPages:        937992 kB
Mapped:           701428 kB
Shmem:             30792 kB
Slab:             119788 kB
SReclaimable:      36036 kB
SUnreclaim:        83752 kB
KernelStack:       33408 kB
PageTables:        55836 kB
NFS_Unstable:          0 kB
Bounce:                0 kB
WritebackTmp:          0 kB
CommitLimit:     2172840 kB
Committed_AS:   90988676 kB
VmallocTotal:   251658176 kB
VmallocUsed:      137384 kB
VmallocChunk:   251431980 kB
Time pass: 82 sec

---2015-12-05 14:07:44
MemTotal:        2905316 kB
MemFree:           72188 kB
Buffers:           25124 kB
Cached:          1096156 kB
SwapCached:            0 kB
Active:          1310968 kB
Inactive:         736232 kB
Active(anon):     771588 kB
Inactive(anon):   197592 kB
Active(file):     539380 kB
Inactive(file):   538640 kB
Unevictable:       12456 kB
Mlocked:               0 kB
SwapTotal:        720184 kB
SwapFree:         720156 kB
Dirty:                32 kB
Writeback:             0 kB
AnonPages:        938256 kB
Mapped:           701488 kB
Shmem:             30792 kB
Slab:             119804 kB
SReclaimable:      36036 kB
SUnreclaim:        83768 kB
KernelStack:       33392 kB
PageTables:        55860 kB
NFS_Unstable:          0 kB
Bounce:                0 kB
WritebackTmp:          0 kB
CommitLimit:     2172840 kB
Committed_AS:   90988688 kB
VmallocTotal:   251658176 kB
VmallocUsed:      137384 kB
VmallocChunk:   251431980 kB
Time pass: 85 sec

---2015-12-05 14:07:44
MemTotal:        2905316 kB
MemFree:           72088 kB
Buffers:           25132 kB
Cached:          1096164 kB
SwapCached:            0 kB
Active:          1311188 kB
Inactive:         736248 kB
Active(anon):     771804 kB
Inactive(anon):   197592 kB
Active(file):     539384 kB
Inactive(file):   538656 kB
Unevictable:       12456 kB
Mlocked:               0 kB
SwapTotal:        720184 kB
SwapFree:         720156 kB
Dirty:                48 kB
Writeback:             0 kB
AnonPages:        938464 kB
Mapped:           701500 kB
Shmem:             30792 kB
Slab:             119804 kB
SReclaimable:      36036 kB
SUnreclaim:        83768 kB
KernelStack:       33392 kB
PageTables:        55860 kB
NFS_Unstable:          0 kB
Bounce:                0 kB
WritebackTmp:          0 kB
CommitLimit:     2172840 kB
Committed_AS:   90988688 kB
VmallocTotal:   251658176 kB
VmallocUsed:      137384 kB
VmallocChunk:   251431980 kB
Time pass: 89 sec

---2015-12-05 14:07:44
MemTotal:        2905316 kB
MemFree:           71088 kB
Buffers:           25140 kB
Cached:          1096236 kB
SwapCached:            0 kB
Active:          1311972 kB
Inactive:         736320 kB
Active(anon):     772576 kB
Inactive(anon):   197652 kB
Active(file):     539396 kB
Inactive(file):   538668 kB
Unevictable:       12456 kB
Mlocked:               0 kB
SwapTotal:        720184 kB
SwapFree:         720156 kB
Dirty:                36 kB
Writeback:             0 kB
AnonPages:        939392 kB
Mapped:           701560 kB
Shmem:             30852 kB
Slab:             119812 kB
SReclaimable:      36052 kB
SUnreclaim:        83760 kB
KernelStack:       33360 kB
PageTables:        55908 kB
NFS_Unstable:          0 kB
Bounce:                0 kB
WritebackTmp:          0 kB
CommitLimit:     2172840 kB
Committed_AS:   91015288 kB
VmallocTotal:   251658176 kB
VmallocUsed:      137384 kB
VmallocChunk:   251431980 kB
Time pass: 93 sec

---2015-12-05 14:07:44
MemTotal:        2905316 kB
MemFree:           66436 kB
Buffers:           25832 kB
Cached:          1082624 kB
SwapCached:            0 kB
Active:          1326540 kB
Inactive:         731332 kB
Active(anon):     793956 kB
Inactive(anon):   198676 kB
Active(file):     532584 kB
Inactive(file):   532656 kB
Unevictable:       12460 kB
Mlocked:               0 kB
SwapTotal:        720184 kB
SwapFree:         720156 kB
Dirty:               240 kB
Writeback:             0 kB
AnonPages:        961580 kB
Mapped:           699084 kB
Shmem:             30852 kB
Slab:             120096 kB
SReclaimable:      36180 kB
SUnreclaim:        83916 kB
KernelStack:       33552 kB
PageTables:        55952 kB
NFS_Unstable:          0 kB
Bounce:                0 kB
WritebackTmp:          0 kB
CommitLimit:     2172840 kB
Committed_AS:   91028324 kB
VmallocTotal:   251658176 kB
VmallocUsed:      137396 kB
VmallocChunk:   251431980 kB
Time pass: 97 sec

---2015-12-05 14:07:44
MemTotal:        2905316 kB
MemFree:           67052 kB
Buffers:           25832 kB
Cached:          1078312 kB
SwapCached:            0 kB
Active:          1328612 kB
Inactive:         730212 kB
Active(anon):     798468 kB
Inactive(anon):   199712 kB
Active(file):     530144 kB
Inactive(file):   530500 kB
Unevictable:       12460 kB
Mlocked:               0 kB
SwapTotal:        720184 kB
SwapFree:         720156 kB
Dirty:               384 kB
Writeback:             0 kB
AnonPages:        967312 kB
Mapped:           699268 kB
Shmem:             30852 kB
Slab:             120004 kB
SReclaimable:      36052 kB
SUnreclaim:        83952 kB
KernelStack:       33568 kB
PageTables:        56204 kB
NFS_Unstable:          0 kB
Bounce:                0 kB
WritebackTmp:          0 kB
CommitLimit:     2172840 kB
Committed_AS:   94473972 kB
VmallocTotal:   251658176 kB
VmallocUsed:      138416 kB
VmallocChunk:   251431980 kB
Time pass: 100 sec

---2015-12-05 14:07:44
MemTotal:        2905316 kB
MemFree:           68312 kB
Buffers:           25816 kB
Cached:          1060840 kB
SwapCached:            0 kB
Active:          1302344 kB
Inactive:         721456 kB
Active(anon):     780740 kB
Inactive(anon):   199928 kB
Active(file):     521604 kB
Inactive(file):   521528 kB
Unevictable:       12460 kB
Mlocked:               0 kB
SwapTotal:        720184 kB
SwapFree:         720156 kB
Dirty:               504 kB
Writeback:             0 kB
AnonPages:        949552 kB
Mapped:           693636 kB
Shmem:             31240 kB
Slab:             118612 kB
SReclaimable:      34804 kB
SUnreclaim:        83808 kB
KernelStack:       32848 kB
PageTables:        55164 kB
NFS_Unstable:          0 kB
Bounce:                0 kB
WritebackTmp:          0 kB
CommitLimit:     2172840 kB
Committed_AS:   89776004 kB
VmallocTotal:   251658176 kB
VmallocUsed:      136620 kB
VmallocChunk:   251431980 kB
Time pass: 104 sec

---2015-12-05 14:07:44
MemTotal:        2905316 kB
MemFree:           75092 kB
Buffers:           25676 kB
Cached:          1019656 kB
SwapCached:            0 kB
Active:          1283772 kB
Inactive:         701440 kB
Active(anon):     783872 kB
Inactive(anon):   199728 kB
Active(file):     499900 kB
Inactive(file):   501712 kB
Unevictable:       12460 kB
Mlocked:               0 kB
SwapTotal:        720184 kB
SwapFree:         720156 kB
Dirty:               308 kB
Writeback:             4 kB
AnonPages:        952396 kB
Mapped:           692320 kB
Shmem:             31240 kB
Slab:             120112 kB
SReclaimable:      36056 kB
SUnreclaim:        84056 kB
KernelStack:       32864 kB
PageTables:        56004 kB
NFS_Unstable:          0 kB
Bounce:                0 kB
WritebackTmp:          0 kB
CommitLimit:     2172840 kB
Committed_AS:   90631980 kB
VmallocTotal:   251658176 kB
VmallocUsed:      136620 kB
VmallocChunk:   251431980 kB
Time pass: 109 sec

---2015-12-05 14:07:44
MemTotal:        2905316 kB
MemFree:           73300 kB
Buffers:           25688 kB
Cached:          1023492 kB
SwapCached:            0 kB
Active:          1283384 kB
Inactive:         704488 kB
Active(anon):     782984 kB
Inactive(anon):   199724 kB
Active(file):     500400 kB
Inactive(file):   504764 kB
Unevictable:       12460 kB
Mlocked:               0 kB
SwapTotal:        720184 kB
SwapFree:         720156 kB
Dirty:               328 kB
Writeback:             0 kB
AnonPages:        951576 kB
Mapped:           694660 kB
Shmem:             31240 kB
Slab:             120128 kB
SReclaimable:      36072 kB
SUnreclaim:        84056 kB
KernelStack:       32752 kB
PageTables:        55220 kB
NFS_Unstable:          0 kB
Bounce:                0 kB
WritebackTmp:          0 kB
CommitLimit:     2172840 kB
Committed_AS:   89774068 kB
VmallocTotal:   251658176 kB
VmallocUsed:      136620 kB
VmallocChunk:   251431980 kB
Time pass: 112 sec

---2015-12-05 14:07:44
MemTotal:        2905316 kB
MemFree:           63372 kB
Buffers:           25700 kB
Cached:          1028424 kB
SwapCached:            0 kB
Active:          1290116 kB
Inactive:         709024 kB
Active(anon):     789128 kB
Inactive(anon):   199720 kB
Active(file):     500988 kB
Inactive(file):   509304 kB
Unevictable:       12460 kB
Mlocked:               0 kB
SwapTotal:        720184 kB
SwapFree:         720156 kB
Dirty:                48 kB
Writeback:             0 kB
AnonPages:        957592 kB
Mapped:           696024 kB
Shmem:             31240 kB
Slab:             120032 kB
SReclaimable:      36072 kB
SUnreclaim:        83960 kB
KernelStack:       32800 kB
PageTables:        55284 kB
NFS_Unstable:          0 kB
Bounce:                0 kB
WritebackTmp:          0 kB
CommitLimit:     2172840 kB
Committed_AS:   89780892 kB
VmallocTotal:   251658176 kB
VmallocUsed:      136620 kB
VmallocChunk:   251431980 kB
Time pass: 116 sec

---2015-12-05 14:07:44
MemTotal:        2905316 kB
MemFree:          138780 kB
Buffers:           25768 kB
Cached:          1162580 kB
SwapCached:            0 kB
Active:          1300748 kB
Inactive:         806160 kB
Active(anon):     762616 kB
Inactive(anon):   199716 kB
Active(file):     538132 kB
Inactive(file):   606444 kB
Unevictable:       12460 kB
Mlocked:               0 kB
SwapTotal:        720184 kB
SwapFree:         720156 kB
Dirty:              1520 kB
Writeback:             0 kB
AnonPages:        931436 kB
Mapped:           539044 kB
Shmem:             31236 kB
Slab:             120044 kB
SReclaimable:      36040 kB
SUnreclaim:        84004 kB
KernelStack:       32832 kB
PageTables:        54732 kB
NFS_Unstable:          0 kB
Bounce:                0 kB
WritebackTmp:          0 kB
CommitLimit:     2172840 kB
Committed_AS:   89741968 kB
VmallocTotal:   251658176 kB
VmallocUsed:      135176 kB
VmallocChunk:   251431980 kB
Time pass: 120 sec

---2015-12-05 14:07:44
MemTotal:        2905316 kB
MemFree:           66900 kB
Buffers:           25572 kB
Cached:          1143068 kB
SwapCached:            0 kB
Active:          1325948 kB
Inactive:         781004 kB
Active(anon):     781892 kB
Inactive(anon):   199780 kB
Active(file):     544056 kB
Inactive(file):   581224 kB
Unevictable:       12460 kB
Mlocked:               0 kB
SwapTotal:        720184 kB
SwapFree:         720156 kB
Dirty:              2440 kB
Writeback:             0 kB
AnonPages:        949916 kB
Mapped:           605868 kB
Shmem:             31300 kB
Slab:             117172 kB
SReclaimable:      33060 kB
SUnreclaim:        84112 kB
KernelStack:       32992 kB
PageTables:        55052 kB
NFS_Unstable:          0 kB
Bounce:                0 kB
WritebackTmp:          0 kB
CommitLimit:     2172840 kB
Committed_AS:   89798844 kB
VmallocTotal:   251658176 kB
VmallocUsed:      135820 kB
VmallocChunk:   251431980 kB
Time pass: 124 sec

---2015-12-05 14:07:44
MemTotal:        2905316 kB
MemFree:           71980 kB
Buffers:           25228 kB
Cached:          1117812 kB
SwapCached:            0 kB
Active:          1324956 kB
Inactive:         754484 kB
Active(anon):     780380 kB
Inactive(anon):   199780 kB
Active(file):     544576 kB
Inactive(file):   554704 kB
Unevictable:       12460 kB
Mlocked:               0 kB
SwapTotal:        720184 kB
SwapFree:         720156 kB
Dirty:                92 kB
Writeback:             0 kB
AnonPages:        948916 kB
Mapped:           628296 kB
Shmem:             31300 kB
Slab:             119680 kB
SReclaimable:      35760 kB
SUnreclaim:        83920 kB
KernelStack:       32960 kB
PageTables:        55132 kB
NFS_Unstable:          0 kB
Bounce:                0 kB
WritebackTmp:          0 kB
CommitLimit:     2172840 kB
Committed_AS:   89799076 kB
VmallocTotal:   251658176 kB
VmallocUsed:      136036 kB
VmallocChunk:   251431980 kB
Time pass: 128 sec

---2015-12-05 14:07:44
MemTotal:        2905316 kB
MemFree:           71316 kB
Buffers:           25228 kB
Cached:          1117832 kB
SwapCached:            0 kB
Active:          1325636 kB
Inactive:         754488 kB
Active(anon):     781044 kB
Inactive(anon):   199780 kB
Active(file):     544592 kB
Inactive(file):   554708 kB
Unevictable:       12460 kB
Mlocked:               0 kB
SwapTotal:        720184 kB
SwapFree:         720156 kB
Dirty:                16 kB
Writeback:             0 kB
AnonPages:        949556 kB
Mapped:           628360 kB
Shmem:             31300 kB
Slab:             119656 kB
SReclaimable:      35760 kB
SUnreclaim:        83896 kB
KernelStack:       32928 kB
PageTables:        55156 kB
NFS_Unstable:          0 kB
Bounce:                0 kB
WritebackTmp:          0 kB
CommitLimit:     2172840 kB
Committed_AS:   89799144 kB
VmallocTotal:   251658176 kB
VmallocUsed:      136036 kB
VmallocChunk:   251431980 kB
Time pass: 133 sec

---2015-12-05 14:07:44
MemTotal:        2905316 kB
MemFree:           71020 kB
Buffers:           25236 kB
Cached:          1117836 kB
SwapCached:            0 kB
Active:          1325780 kB
Inactive:         754496 kB
Active(anon):     781184 kB
Inactive(anon):   199780 kB
Active(file):     544596 kB
Inactive(file):   554716 kB
Unevictable:       12460 kB
Mlocked:               0 kB
SwapTotal:        720184 kB
SwapFree:         720156 kB
Dirty:                 4 kB
Writeback:             0 kB
AnonPages:        949676 kB
Mapped:           628316 kB
Shmem:             31300 kB
Slab:             119528 kB
SReclaimable:      35632 kB
SUnreclaim:        83896 kB
KernelStack:       32928 kB
PageTables:        55132 kB
NFS_Unstable:          0 kB
Bounce:                0 kB
WritebackTmp:          0 kB
CommitLimit:     2172840 kB
Committed_AS:   89799100 kB
VmallocTotal:   251658176 kB
VmallocUsed:      136036 kB
VmallocChunk:   251431980 kB
Time pass: 139 sec

---2015-12-05 14:07:44
MemTotal:        2905316 kB
MemFree:           71460 kB
Buffers:           25252 kB
Cached:          1117836 kB
SwapCached:            0 kB
Active:          1325660 kB
Inactive:         754500 kB
Active(anon):     781064 kB
Inactive(anon):   199780 kB
Active(file):     544596 kB
Inactive(file):   554720 kB
Unevictable:       12460 kB
Mlocked:               0 kB
SwapTotal:        720184 kB
SwapFree:         720156 kB
Dirty:                 4 kB
Writeback:             0 kB
AnonPages:        949712 kB
Mapped:           628320 kB
Shmem:             31300 kB
Slab:             119676 kB
SReclaimable:      35632 kB
SUnreclaim:        84044 kB
KernelStack:       32928 kB
PageTables:        55132 kB
NFS_Unstable:          0 kB
Bounce:                0 kB
WritebackTmp:          0 kB
CommitLimit:     2172840 kB
Committed_AS:   89799076 kB
VmallocTotal:   251658176 kB
VmallocUsed:      136036 kB
VmallocChunk:   251431980 kB
Time pass: 146 sec

---2015-12-05 14:07:44
MemTotal:        2905316 kB
MemFree:           71080 kB
Buffers:           25252 kB
Cached:          1117844 kB
SwapCached:            0 kB
Active:          1325888 kB
Inactive:         754512 kB
Active(anon):     781288 kB
Inactive(anon):   199780 kB
Active(file):     544600 kB
Inactive(file):   554732 kB
Unevictable:       12460 kB
Mlocked:               0 kB
SwapTotal:        720184 kB
SwapFree:         720156 kB
Dirty:                12 kB
Writeback:             0 kB
AnonPages:        949928 kB
Mapped:           628416 kB
Shmem:             31300 kB
Slab:             119528 kB
SReclaimable:      35632 kB
SUnreclaim:        83896 kB
KernelStack:       32976 kB
PageTables:        55160 kB
NFS_Unstable:          0 kB
Bounce:                0 kB
WritebackTmp:          0 kB
CommitLimit:     2172840 kB
Committed_AS:   89799100 kB
VmallocTotal:   251658176 kB
VmallocUsed:      136036 kB
VmallocChunk:   251431980 kB
Time pass: 149 sec

---2015-12-05 14:07:44
MemTotal:        2905316 kB
MemFree:           74852 kB
Buffers:           25260 kB
Cached:          1117476 kB
SwapCached:            0 kB
Active:          1326364 kB
Inactive:         754216 kB
Active(anon):     781756 kB
Inactive(anon):   199416 kB
Active(file):     544608 kB
Inactive(file):   554800 kB
Unevictable:       12460 kB
Mlocked:               0 kB
SwapTotal:        720184 kB
SwapFree:         720156 kB
Dirty:                24 kB
Writeback:             0 kB
AnonPages:        950348 kB
Mapped:           628400 kB
Shmem:             30864 kB
Slab:             116584 kB
SReclaimable:      35632 kB
SUnreclaim:        80952 kB
KernelStack:       32976 kB
PageTables:        54796 kB
NFS_Unstable:          0 kB
Bounce:                0 kB
WritebackTmp:          0 kB
CommitLimit:     2172840 kB
Committed_AS:   89604772 kB
VmallocTotal:   251658176 kB
VmallocUsed:      136036 kB
VmallocChunk:   251431980 kB
Time pass: 153 sec

---2015-12-05 14:07:44
MemTotal:        2905316 kB
MemFree:           74260 kB
Buffers:           25268 kB
Cached:          1117528 kB
SwapCached:            0 kB
Active:          1326472 kB
Inactive:         754188 kB
Active(anon):     781852 kB
Inactive(anon):   199348 kB
Active(file):     544620 kB
Inactive(file):   554840 kB
Unevictable:       12460 kB
Mlocked:               0 kB
SwapTotal:        720184 kB
SwapFree:         720156 kB
Dirty:                84 kB
Writeback:             0 kB
AnonPages:        950372 kB
Mapped:           628364 kB
Shmem:             30868 kB
Slab:             116476 kB
SReclaimable:      35632 kB
SUnreclaim:        80844 kB
KernelStack:       32944 kB
PageTables:        54788 kB
NFS_Unstable:          0 kB
Bounce:                0 kB
WritebackTmp:          0 kB
CommitLimit:     2172840 kB
Committed_AS:   89604808 kB
VmallocTotal:   251658176 kB
VmallocUsed:      136036 kB
VmallocChunk:   251431980 kB
Time pass: 157 sec

---2015-12-05 14:07:44
MemTotal:        2905316 kB
MemFree:           75460 kB
Buffers:           25276 kB
Cached:          1117532 kB
SwapCached:            0 kB
Active:          1324740 kB
Inactive:         754196 kB
Active(anon):     780112 kB
Inactive(anon):   199348 kB
Active(file):     544628 kB
Inactive(file):   554848 kB
Unevictable:       12460 kB
Mlocked:               0 kB
SwapTotal:        720184 kB
SwapFree:         720156 kB
Dirty:                20 kB
Writeback:             0 kB
AnonPages:        948812 kB
Mapped:           628436 kB
Shmem:             30868 kB
Slab:             116476 kB
SReclaimable:      35632 kB
SUnreclaim:        80844 kB
KernelStack:       32992 kB
PageTables:        54812 kB
NFS_Unstable:          0 kB
Bounce:                0 kB
WritebackTmp:          0 kB
CommitLimit:     2172840 kB
Committed_AS:   89604796 kB
VmallocTotal:   251658176 kB
VmallocUsed:      136036 kB
VmallocChunk:   251431980 kB
Time pass: 161 sec

---2015-12-05 14:07:44
MemTotal:        2905316 kB
MemFree:           75604 kB
Buffers:           25284 kB
Cached:          1117552 kB
SwapCached:            0 kB
Active:          1325112 kB
Inactive:         754204 kB
Active(anon):     780468 kB
Inactive(anon):   199348 kB
Active(file):     544644 kB
Inactive(file):   554856 kB
Unevictable:       12460 kB
Mlocked:               0 kB
SwapTotal:        720184 kB
SwapFree:         720156 kB
Dirty:                 4 kB
Writeback:             0 kB
AnonPages:        948816 kB
Mapped:           628392 kB
Shmem:             30868 kB
Slab:             116476 kB
SReclaimable:      35632 kB
SUnreclaim:        80844 kB
KernelStack:       32976 kB
PageTables:        54792 kB
NFS_Unstable:          0 kB
Bounce:                0 kB
WritebackTmp:          0 kB
CommitLimit:     2172840 kB
Committed_AS:   89604772 kB
VmallocTotal:   251658176 kB
VmallocUsed:      136036 kB
VmallocChunk:   251431980 kB
Time pass: 164 sec

---2015-12-05 14:07:44
MemTotal:        2905316 kB
MemFree:           74908 kB
Buffers:           25284 kB
Cached:          1117596 kB
SwapCached:            0 kB
Active:          1325936 kB
Inactive:         754208 kB
Active(anon):     781284 kB
Inactive(anon):   199348 kB
Active(file):     544652 kB
Inactive(file):   554860 kB
Unevictable:       12460 kB
Mlocked:               0 kB
SwapTotal:        720184 kB
SwapFree:         720156 kB
Dirty:                56 kB
Writeback:             0 kB
AnonPages:        949848 kB
Mapped:           628500 kB
Shmem:             30868 kB
Slab:             116476 kB
SReclaimable:      35632 kB
SUnreclaim:        80844 kB
KernelStack:       32976 kB
PageTables:        54816 kB
NFS_Unstable:          0 kB
Bounce:                0 kB
WritebackTmp:          0 kB
CommitLimit:     2172840 kB
Committed_AS:   89604756 kB
VmallocTotal:   251658176 kB
VmallocUsed:      136036 kB
VmallocChunk:   251431980 kB
Time pass: 168 sec

---2015-12-05 14:07:44
MemTotal:        2905316 kB
MemFree:           74508 kB
Buffers:           25292 kB
Cached:          1117596 kB
SwapCached:            0 kB
Active:          1326152 kB
Inactive:         754256 kB
Active(anon):     781500 kB
Inactive(anon):   199348 kB
Active(file):     544652 kB
Inactive(file):   554908 kB
Unevictable:       12460 kB
Mlocked:               0 kB
SwapTotal:        720184 kB
SwapFree:         720156 kB
Dirty:                40 kB
Writeback:             0 kB
AnonPages:        949960 kB
Mapped:           628444 kB
Shmem:             30868 kB
Slab:             116476 kB
SReclaimable:      35632 kB
SUnreclaim:        80844 kB
KernelStack:       32960 kB
PageTables:        54796 kB
NFS_Unstable:          0 kB
Bounce:                0 kB
WritebackTmp:          0 kB
CommitLimit:     2172840 kB
Committed_AS:   89604756 kB
VmallocTotal:   251658176 kB
VmallocUsed:      136036 kB
VmallocChunk:   251431980 kB
Time pass: 172 sec

---2015-12-05 14:07:44
MemTotal:        2905316 kB
MemFree:           74172 kB
Buffers:           25300 kB
Cached:          1117600 kB
SwapCached:            0 kB
Active:          1326252 kB
Inactive:         754252 kB
Active(anon):     781584 kB
Inactive(anon):   199348 kB
Active(file):     544668 kB
Inactive(file):   554904 kB
Unevictable:       12460 kB
Mlocked:               0 kB
SwapTotal:        720184 kB
SwapFree:         720156 kB
Dirty:                28 kB
Writeback:             0 kB
AnonPages:        950196 kB
Mapped:           628516 kB
Shmem:             30868 kB
Slab:             116476 kB
SReclaimable:      35632 kB
SUnreclaim:        80844 kB
KernelStack:       32928 kB
PageTables:        54820 kB
NFS_Unstable:          0 kB
Bounce:                0 kB
WritebackTmp:          0 kB
CommitLimit:     2172840 kB
Committed_AS:   89604676 kB
VmallocTotal:   251658176 kB
VmallocUsed:      136036 kB
VmallocChunk:   251431980 kB
Time pass: 176 sec

---2015-12-05 14:07:44
MemTotal:        2905316 kB
MemFree:           74136 kB
Buffers:           25308 kB
Cached:          1117604 kB
SwapCached:            0 kB
Active:          1326408 kB
Inactive:         754256 kB
Active(anon):     781740 kB
Inactive(anon):   199348 kB
Active(file):     544668 kB
Inactive(file):   554908 kB
Unevictable:       12460 kB
Mlocked:               0 kB
SwapTotal:        720184 kB
SwapFree:         720156 kB
Dirty:                20 kB
Writeback:             0 kB
AnonPages:        950268 kB
Mapped:           628520 kB
Shmem:             30868 kB
Slab:             116476 kB
SReclaimable:      35632 kB
SUnreclaim:        80844 kB
KernelStack:       32928 kB
PageTables:        54820 kB
NFS_Unstable:          0 kB
Bounce:                0 kB
WritebackTmp:          0 kB
CommitLimit:     2172840 kB
Committed_AS:   89604712 kB
VmallocTotal:   251658176 kB
VmallocUsed:      136036 kB
VmallocChunk:   251431980 kB
Time pass: 180 sec

---2015-12-05 14:07:44
MemTotal:        2905316 kB
MemFree:           74032 kB
Buffers:           25308 kB
Cached:          1117668 kB
SwapCached:            0 kB
Active:          1326708 kB
Inactive:         754320 kB
Active(anon):     782032 kB
Inactive(anon):   199408 kB
Active(file):     544676 kB
Inactive(file):   554912 kB
Unevictable:       12460 kB
Mlocked:               0 kB
SwapTotal:        720184 kB
SwapFree:         720156 kB
Dirty:                 4 kB
Writeback:             0 kB
AnonPages:        950556 kB
Mapped:           628588 kB
Shmem:             30928 kB
Slab:             116456 kB
SReclaimable:      35632 kB
SUnreclaim:        80824 kB
KernelStack:       32896 kB
PageTables:        54860 kB
NFS_Unstable:          0 kB
Bounce:                0 kB
WritebackTmp:          0 kB
CommitLimit:     2172840 kB
Committed_AS:   89631392 kB
VmallocTotal:   251658176 kB
VmallocUsed:      136036 kB
VmallocChunk:   251431980 kB
Time pass: 184 sec

---2015-12-05 14:07:44
MemTotal:        2905316 kB
MemFree:           73804 kB
Buffers:           25316 kB
Cached:          1117680 kB
SwapCached:            0 kB
Active:          1327024 kB
Inactive:         754320 kB
Active(anon):     782340 kB
Inactive(anon):   199408 kB
Active(file):     544684 kB
Inactive(file):   554912 kB
Unevictable:       12460 kB
Mlocked:               0 kB
SwapTotal:        720184 kB
SwapFree:         720156 kB
Dirty:                44 kB
Writeback:             0 kB
AnonPages:        950832 kB
Mapped:           628588 kB
Shmem:             30928 kB
Slab:             116456 kB
SReclaimable:      35632 kB
SUnreclaim:        80824 kB
KernelStack:       32944 kB
PageTables:        54860 kB
NFS_Unstable:          0 kB
Bounce:                0 kB
WritebackTmp:          0 kB
CommitLimit:     2172840 kB
Committed_AS:   89631376 kB
VmallocTotal:   251658176 kB
VmallocUsed:      136036 kB
VmallocChunk:   251431980 kB
Time pass: 187 sec

---2015-12-05 14:07:44
MemTotal:        2905316 kB
MemFree:           73392 kB
Buffers:           25324 kB
Cached:          1117692 kB
SwapCached:            0 kB
Active:          1327180 kB
Inactive:         754328 kB
Active(anon):     782488 kB
Inactive(anon):   199408 kB
Active(file):     544692 kB
Inactive(file):   554920 kB
Unevictable:       12460 kB
Mlocked:               0 kB
SwapTotal:        720184 kB
SwapFree:         720156 kB
Dirty:                36 kB
Writeback:             0 kB
AnonPages:        951024 kB
Mapped:           628592 kB
Shmem:             30928 kB
Slab:             116456 kB
SReclaimable:      35632 kB
SUnreclaim:        80824 kB
KernelStack:       32928 kB
PageTables:        54860 kB
NFS_Unstable:          0 kB
Bounce:                0 kB
WritebackTmp:          0 kB
CommitLimit:     2172840 kB
Committed_AS:   89631388 kB
VmallocTotal:   251658176 kB
VmallocUsed:      136036 kB
VmallocChunk:   251431980 kB
Time pass: 191 sec

---2015-12-05 14:07:44
MemTotal:        2905316 kB
MemFree:           72980 kB
Buffers:           25324 kB
Cached:          1117700 kB
SwapCached:            0 kB
Active:          1327316 kB
Inactive:         754336 kB
Active(anon):     782608 kB
Inactive(anon):   199408 kB
Active(file):     544708 kB
Inactive(file):   554928 kB
Unevictable:       12460 kB
Mlocked:               0 kB
SwapTotal:        720184 kB
SwapFree:         720156 kB
Dirty:                 0 kB
Writeback:             0 kB
AnonPages:        951112 kB
Mapped:           628612 kB
Shmem:             30928 kB
Slab:             116456 kB
SReclaimable:      35632 kB
SUnreclaim:        80824 kB
KernelStack:       32928 kB
PageTables:        54860 kB
NFS_Unstable:          0 kB
Bounce:                0 kB
WritebackTmp:          0 kB
CommitLimit:     2172840 kB
Committed_AS:   89631336 kB
VmallocTotal:   251658176 kB
VmallocUsed:      136036 kB
VmallocChunk:   251431980 kB
Time pass: 195 sec

---2015-12-05 14:07:44
MemTotal:        2905316 kB
MemFree:           71996 kB
Buffers:           25332 kB
Cached:          1117744 kB
SwapCached:            0 kB
Active:          1328480 kB
Inactive:         754352 kB
Active(anon):     783764 kB
Inactive(anon):   199408 kB
Active(file):     544716 kB
Inactive(file):   554944 kB
Unevictable:       12460 kB
Mlocked:               0 kB
SwapTotal:        720184 kB
SwapFree:         720156 kB
Dirty:                72 kB
Writeback:             0 kB
AnonPages:        952240 kB
Mapped:           628628 kB
Shmem:             30928 kB
Slab:             116424 kB
SReclaimable:      35632 kB
SUnreclaim:        80792 kB
KernelStack:       32928 kB
PageTables:        54860 kB
NFS_Unstable:          0 kB
Bounce:                0 kB
WritebackTmp:          0 kB
CommitLimit:     2172840 kB
Committed_AS:   89631336 kB
VmallocTotal:   251658176 kB
VmallocUsed:      136036 kB
VmallocChunk:   251431980 kB
Time pass: 199 sec

---2015-12-05 14:07:44
MemTotal:        2905316 kB
MemFree:           71936 kB
Buffers:           25340 kB
Cached:          1117752 kB
SwapCached:            0 kB
Active:          1328432 kB
Inactive:         754380 kB
Active(anon):     783708 kB
Inactive(anon):   199408 kB
Active(file):     544724 kB
Inactive(file):   554972 kB
Unevictable:       12460 kB
Mlocked:               0 kB
SwapTotal:        720184 kB
SwapFree:         720156 kB
Dirty:                28 kB
Writeback:             0 kB
AnonPages:        952388 kB
Mapped:           628632 kB
Shmem:             30928 kB
Slab:             116424 kB
SReclaimable:      35632 kB
SUnreclaim:        80792 kB
KernelStack:       32928 kB
PageTables:        54856 kB
NFS_Unstable:          0 kB
Bounce:                0 kB
WritebackTmp:          0 kB
CommitLimit:     2172840 kB
Committed_AS:   89631324 kB
VmallocTotal:   251658176 kB
VmallocUsed:      136036 kB
VmallocChunk:   251431980 kB
Time pass: 203 sec

---2015-12-05 14:07:44
MemTotal:        2905316 kB
MemFree:           71644 kB
Buffers:           25348 kB
Cached:          1117780 kB
SwapCached:            0 kB
Active:          1329536 kB
Inactive:         754420 kB
Active(anon):     784808 kB
Inactive(anon):   199408 kB
Active(file):     544728 kB
Inactive(file):   555012 kB
Unevictable:       12460 kB
Mlocked:               0 kB
SwapTotal:        720184 kB
SwapFree:         720156 kB
Dirty:                44 kB
Writeback:             0 kB
AnonPages:        953456 kB
Mapped:           628596 kB
Shmem:             30928 kB
Slab:             116424 kB
SReclaimable:      35632 kB
SUnreclaim:        80792 kB
KernelStack:       32944 kB
PageTables:        54828 kB
NFS_Unstable:          0 kB
Bounce:                0 kB
WritebackTmp:          0 kB
CommitLimit:     2172840 kB
Committed_AS:   89631288 kB
VmallocTotal:   251658176 kB
VmallocUsed:      136036 kB
VmallocChunk:   251431980 kB
Time pass: 207 sec

---2015-12-05 14:07:44
MemTotal:        2905316 kB
MemFree:           71208 kB
Buffers:           25348 kB
Cached:          1117796 kB
SwapCached:            0 kB
Active:          1329588 kB
Inactive:         754424 kB
Active(anon):     784856 kB
Inactive(anon):   199408 kB
Active(file):     544732 kB
Inactive(file):   555016 kB
Unevictable:       12460 kB
Mlocked:               0 kB
SwapTotal:        720184 kB
SwapFree:         720156 kB
Dirty:                68 kB
Writeback:             0 kB
AnonPages:        953436 kB
Mapped:           628600 kB
Shmem:             30928 kB
Slab:             116424 kB
SReclaimable:      35632 kB
SUnreclaim:        80792 kB
KernelStack:       32928 kB
PageTables:        54832 kB
NFS_Unstable:          0 kB
Bounce:                0 kB
WritebackTmp:          0 kB
CommitLimit:     2172840 kB
Committed_AS:   89631300 kB
VmallocTotal:   251658176 kB
VmallocUsed:      136036 kB
VmallocChunk:   251431980 kB
Time pass: 210 sec

---2015-12-05 14:07:44
MemTotal:        2905316 kB
MemFree:           70644 kB
Buffers:           25364 kB
Cached:          1117848 kB
SwapCached:            0 kB
Active:          1330028 kB
Inactive:         754488 kB
Active(anon):     785292 kB
Inactive(anon):   199468 kB
Active(file):     544736 kB
Inactive(file):   555020 kB
Unevictable:       12460 kB
Mlocked:               0 kB
SwapTotal:        720184 kB
SwapFree:         720156 kB
Dirty:                36 kB
Writeback:             0 kB
AnonPages:        953900 kB
Mapped:           628668 kB
Shmem:             30988 kB
Slab:             116420 kB
SReclaimable:      35632 kB
SUnreclaim:        80788 kB
KernelStack:       32912 kB
PageTables:        54880 kB
NFS_Unstable:          0 kB
Bounce:                0 kB
WritebackTmp:          0 kB
CommitLimit:     2172840 kB
Committed_AS:   89657888 kB
VmallocTotal:   251658176 kB
VmallocUsed:      136036 kB
VmallocChunk:   251431980 kB
Time pass: 214 sec

---2015-12-05 14:07:44
MemTotal:        2905316 kB
MemFree:           64504 kB
Buffers:           25372 kB
Cached:          1118120 kB
SwapCached:            0 kB
Active:          1332476 kB
Inactive:         754680 kB
Active(anon):     787656 kB
Inactive(anon):   199464 kB
Active(file):     544820 kB
Inactive(file):   555216 kB
Unevictable:       12460 kB
Mlocked:               0 kB
SwapTotal:        720184 kB
SwapFree:         720156 kB
Dirty:                24 kB
Writeback:             0 kB
AnonPages:        956020 kB
Mapped:           628804 kB
Shmem:             30988 kB
Slab:             119608 kB
SReclaimable:      38672 kB
SUnreclaim:        80936 kB
KernelStack:       32944 kB
PageTables:        54992 kB
NFS_Unstable:          0 kB
Bounce:                0 kB
WritebackTmp:          0 kB
CommitLimit:     2172840 kB
Committed_AS:   89669420 kB
VmallocTotal:   251658176 kB
VmallocUsed:      137056 kB
VmallocChunk:   251417132 kB
Time pass: 218 sec

---2015-12-05 14:07:44
MemTotal:        2905316 kB
MemFree:           68728 kB
Buffers:           25376 kB
Cached:          1114656 kB
SwapCached:            0 kB
Active:          1331628 kB
Inactive:         751008 kB
Active(anon):     786632 kB
Inactive(anon):   199464 kB
Active(file):     544996 kB
Inactive(file):   551544 kB
Unevictable:       12460 kB
Mlocked:               0 kB
SwapTotal:        720184 kB
SwapFree:         720156 kB
Dirty:               136 kB
Writeback:             0 kB
AnonPages:        955280 kB
Mapped:           628936 kB
Shmem:             30988 kB
Slab:             120252 kB
SReclaimable:      39212 kB
SUnreclaim:        81040 kB
KernelStack:       32928 kB
PageTables:        54924 kB
NFS_Unstable:          0 kB
Bounce:                0 kB
WritebackTmp:          0 kB
CommitLimit:     2172840 kB
Committed_AS:   89663884 kB
VmallocTotal:   251658176 kB
VmallocUsed:      136036 kB
VmallocChunk:   251431980 kB
Time pass: 222 sec

---2015-12-05 14:07:44
MemTotal:        2905316 kB
MemFree:           70168 kB
Buffers:           25384 kB
Cached:          1114656 kB
SwapCached:            0 kB
Active:          1330656 kB
Inactive:         751012 kB
Active(anon):     785640 kB
Inactive(anon):   199464 kB
Active(file):     545016 kB
Inactive(file):   551548 kB
Unevictable:       12460 kB
Mlocked:               0 kB
SwapTotal:        720184 kB
SwapFree:         720156 kB
Dirty:                80 kB
Writeback:             0 kB
AnonPages:        954316 kB
Mapped:           628964 kB
Shmem:             30988 kB
Slab:             120252 kB
SReclaimable:      39212 kB
SUnreclaim:        81040 kB
KernelStack:       32768 kB
PageTables:        54884 kB
NFS_Unstable:          0 kB
Bounce:                0 kB
WritebackTmp:          0 kB
CommitLimit:     2172840 kB
Committed_AS:   89657948 kB
VmallocTotal:   251658176 kB
VmallocUsed:      136036 kB
VmallocChunk:   251431980 kB
Time pass: 226 sec

---2015-12-05 14:07:44
MemTotal:        2905316 kB
MemFree:           70328 kB
Buffers:           25384 kB
Cached:          1114664 kB
SwapCached:            0 kB
Active:          1330792 kB
Inactive:         751008 kB
Active(anon):     785772 kB
Inactive(anon):   199464 kB
Active(file):     545020 kB
Inactive(file):   551544 kB
Unevictable:       12460 kB
Mlocked:               0 kB
SwapTotal:        720184 kB
SwapFree:         720156 kB
Dirty:                36 kB
Writeback:             0 kB
AnonPages:        954384 kB
Mapped:           628968 kB
Shmem:             30988 kB
Slab:             120252 kB
SReclaimable:      39212 kB
SUnreclaim:        81040 kB
KernelStack:       32800 kB
PageTables:        54884 kB
NFS_Unstable:          0 kB
Bounce:                0 kB
WritebackTmp:          0 kB
CommitLimit:     2172840 kB
Committed_AS:   89657984 kB
VmallocTotal:   251658176 kB
VmallocUsed:      136036 kB
VmallocChunk:   251431980 kB
Time pass: 230 sec

---2015-12-05 14:07:44
MemTotal:        2905316 kB
MemFree:           70268 kB
Buffers:           25392 kB
Cached:          1114672 kB
SwapCached:            0 kB
Active:          1331108 kB
Inactive:         751020 kB
Active(anon):     786080 kB
Inactive(anon):   199464 kB
Active(file):     545028 kB
Inactive(file):   551556 kB
Unevictable:       12460 kB
Mlocked:               0 kB
SwapTotal:        720184 kB
SwapFree:         720156 kB
Dirty:                28 kB
Writeback:             0 kB
AnonPages:        954572 kB
Mapped:           628972 kB
Shmem:             30988 kB
Slab:             120256 kB
SReclaimable:      39212 kB
SUnreclaim:        81044 kB
KernelStack:       32816 kB
PageTables:        54884 kB
NFS_Unstable:          0 kB
Bounce:                0 kB
WritebackTmp:          0 kB
CommitLimit:     2172840 kB
Committed_AS:   89657960 kB
VmallocTotal:   251658176 kB
VmallocUsed:      136036 kB
VmallocChunk:   251431980 kB
Time pass: 233 sec

---2015-12-05 14:07:44
MemTotal:        2905316 kB
MemFree:           69692 kB
Buffers:           25400 kB
Cached:          1114680 kB
SwapCached:            0 kB
Active:          1331364 kB
Inactive:         751032 kB
Active(anon):     786332 kB
Inactive(anon):   199464 kB
Active(file):     545032 kB
Inactive(file):   551568 kB
Unevictable:       12460 kB
Mlocked:               0 kB
SwapTotal:        720184 kB
SwapFree:         720156 kB
Dirty:                24 kB
Writeback:             0 kB
AnonPages:        954748 kB
Mapped:           628984 kB
Shmem:             30988 kB
Slab:             120256 kB
SReclaimable:      39212 kB
SUnreclaim:        81044 kB
KernelStack:       32816 kB
PageTables:        54884 kB
NFS_Unstable:          0 kB
Bounce:                0 kB
WritebackTmp:          0 kB
CommitLimit:     2172840 kB
Committed_AS:   89657960 kB
VmallocTotal:   251658176 kB
VmallocUsed:      136036 kB
VmallocChunk:   251431980 kB
Time pass: 237 sec

---2015-12-05 14:07:44
MemTotal:        2905316 kB
MemFree:           69656 kB
Buffers:           25408 kB
Cached:          1114684 kB
SwapCached:            0 kB
Active:          1331760 kB
Inactive:         751040 kB
Active(anon):     786720 kB
Inactive(anon):   199464 kB
Active(file):     545040 kB
Inactive(file):   551576 kB
Unevictable:       12460 kB
Mlocked:               0 kB
SwapTotal:        720184 kB
SwapFree:         720156 kB
Dirty:                 4 kB
Writeback:             0 kB
AnonPages:        955180 kB
Mapped:           628992 kB
Shmem:             30988 kB
Slab:             120256 kB
SReclaimable:      39212 kB
SUnreclaim:        81044 kB
KernelStack:       32816 kB
PageTables:        54892 kB
NFS_Unstable:          0 kB
Bounce:                0 kB
WritebackTmp:          0 kB
CommitLimit:     2172840 kB
Committed_AS:   89657972 kB
VmallocTotal:   251658176 kB
VmallocUsed:      136036 kB
VmallocChunk:   251431980 kB
Time pass: 241 sec

---2015-12-05 14:07:44
MemTotal:        2905316 kB
MemFree:           69048 kB
Buffers:           25416 kB
Cached:          1114752 kB
SwapCached:            0 kB
Active:          1332384 kB
Inactive:         751112 kB
Active(anon):     787344 kB
Inactive(anon):   199524 kB
Active(file):     545040 kB
Inactive(file):   551588 kB
Unevictable:       12460 kB
Mlocked:               0 kB
SwapTotal:        720184 kB
SwapFree:         720156 kB
Dirty:                64 kB
Writeback:             0 kB
AnonPages:        955792 kB
Mapped:           629056 kB
Shmem:             31048 kB
Slab:             120148 kB
SReclaimable:      39104 kB
SUnreclaim:        81044 kB
KernelStack:       32752 kB
PageTables:        54936 kB
NFS_Unstable:          0 kB
Bounce:                0 kB
WritebackTmp:          0 kB
CommitLimit:     2172840 kB
Committed_AS:   89684868 kB
VmallocTotal:   251658176 kB
VmallocUsed:      136036 kB
VmallocChunk:   251431980 kB
Time pass: 245 sec

---2015-12-05 14:07:44
MemTotal:        2905316 kB
MemFree:           68504 kB
Buffers:           25424 kB
Cached:          1114756 kB
SwapCached:            0 kB
Active:          1332504 kB
Inactive:         751116 kB
Active(anon):     787460 kB
Inactive(anon):   199524 kB
Active(file):     545044 kB
Inactive(file):   551592 kB
Unevictable:       12460 kB
Mlocked:               0 kB
SwapTotal:        720184 kB
SwapFree:         720156 kB
Dirty:                28 kB
Writeback:             0 kB
AnonPages:        955988 kB
Mapped:           629068 kB
Shmem:             31048 kB
Slab:             120148 kB
SReclaimable:      39104 kB
SUnreclaim:        81044 kB
KernelStack:       32768 kB
PageTables:        54940 kB
NFS_Unstable:          0 kB
Bounce:                0 kB
WritebackTmp:          0 kB
CommitLimit:     2172840 kB
Committed_AS:   89684828 kB
VmallocTotal:   251658176 kB
VmallocUsed:      136036 kB
VmallocChunk:   251431980 kB
Time pass: 249 sec

---2015-12-05 14:07:44
MemTotal:        2905316 kB
MemFree:           68344 kB
Buffers:           25424 kB
Cached:          1114756 kB
SwapCached:            0 kB
Active:          1332536 kB
Inactive:         751120 kB
Active(anon):     787488 kB
Inactive(anon):   199524 kB
Active(file):     545048 kB
Inactive(file):   551596 kB
Unevictable:       12460 kB
Mlocked:               0 kB
SwapTotal:        720184 kB
SwapFree:         720156 kB
Dirty:                20 kB
Writeback:             0 kB
AnonPages:        956104 kB
Mapped:           629072 kB
Shmem:             31048 kB
Slab:             120148 kB
SReclaimable:      39104 kB
SUnreclaim:        81044 kB
KernelStack:       32752 kB
PageTables:        54940 kB
NFS_Unstable:          0 kB
Bounce:                0 kB
WritebackTmp:          0 kB
CommitLimit:     2172840 kB
Committed_AS:   89684816 kB
VmallocTotal:   251658176 kB
VmallocUsed:      136036 kB
VmallocChunk:   251431980 kB
Time pass: 253 sec

---2015-12-05 14:07:44
MemTotal:        2905316 kB
MemFree:           67080 kB
Buffers:           25440 kB
Cached:          1114788 kB
SwapCached:            0 kB
Active:          1334020 kB
Inactive:         751152 kB
Active(anon):     788960 kB
Inactive(anon):   199520 kB
Active(file):     545060 kB
Inactive(file):   551632 kB
Unevictable:       12460 kB
Mlocked:               0 kB
SwapTotal:        720184 kB
SwapFree:         720156 kB
Dirty:                 0 kB
Writeback:             0 kB
AnonPages:        957576 kB
Mapped:           629080 kB
Shmem:             31048 kB
Slab:             120148 kB
SReclaimable:      39104 kB
SUnreclaim:        81044 kB
KernelStack:       32800 kB
PageTables:        54940 kB
NFS_Unstable:          0 kB
Bounce:                0 kB
WritebackTmp:          0 kB
CommitLimit:     2172840 kB
Committed_AS:   89684816 kB
VmallocTotal:   251658176 kB
VmallocUsed:      136036 kB
VmallocChunk:   251431980 kB
Time pass: 256 sec

---2015-12-05 14:07:44
MemTotal:        2905316 kB
MemFree:           66808 kB
Buffers:           25448 kB
Cached:          1114840 kB
SwapCached:            0 kB
Active:          1334308 kB
Inactive:         751184 kB
Active(anon):     789236 kB
Inactive(anon):   199520 kB
Active(file):     545072 kB
Inactive(file):   551664 kB
Unevictable:       12460 kB
Mlocked:               0 kB
SwapTotal:        720184 kB
SwapFree:         720156 kB
Dirty:               104 kB
Writeback:             0 kB
AnonPages:        957736 kB
Mapped:           629128 kB
Shmem:             31048 kB
Slab:             120124 kB
SReclaimable:      39112 kB
SUnreclaim:        81012 kB
KernelStack:       32784 kB
PageTables:        54940 kB
NFS_Unstable:          0 kB
Bounce:                0 kB
WritebackTmp:          0 kB
CommitLimit:     2172840 kB
Committed_AS:   89684852 kB
VmallocTotal:   251658176 kB
VmallocUsed:      136036 kB
VmallocChunk:   251431980 kB
Time pass: 260 sec

---2015-12-05 14:07:44
MemTotal:        2905316 kB
MemFree:           66772 kB
Buffers:           25456 kB
Cached:          1114844 kB
SwapCached:            0 kB
Active:          1334768 kB
Inactive:         751204 kB
Active(anon):     789688 kB
Inactive(anon):   199520 kB
Active(file):     545080 kB
Inactive(file):   551684 kB
Unevictable:       12460 kB
Mlocked:               0 kB
SwapTotal:        720184 kB
SwapFree:         720156 kB
Dirty:                44 kB
Writeback:             0 kB
AnonPages:        958032 kB
Mapped:           629140 kB
Shmem:             31048 kB
Slab:             120060 kB
SReclaimable:      39112 kB
SUnreclaim:        80948 kB
KernelStack:       32784 kB
PageTables:        54940 kB
NFS_Unstable:          0 kB
Bounce:                0 kB
WritebackTmp:          0 kB
CommitLimit:     2172840 kB
Committed_AS:   89684828 kB
VmallocTotal:   251658176 kB
VmallocUsed:      136036 kB
VmallocChunk:   251431980 kB
Time pass: 264 sec

---2015-12-05 14:07:44
MemTotal:        2905316 kB
MemFree:           66092 kB
Buffers:           25456 kB
Cached:          1114868 kB
SwapCached:            0 kB
Active:          1334904 kB
Inactive:         751208 kB
Active(anon):     789812 kB
Inactive(anon):   199520 kB
Active(file):     545092 kB
Inactive(file):   551688 kB
Unevictable:       12460 kB
Mlocked:               0 kB
SwapTotal:        720184 kB
SwapFree:         720156 kB
Dirty:                16 kB
Writeback:             0 kB
AnonPages:        958380 kB
Mapped:           629152 kB
Shmem:             31048 kB
Slab:             120028 kB
SReclaimable:      39112 kB
SUnreclaim:        80916 kB
KernelStack:       32784 kB
PageTables:        54940 kB
NFS_Unstable:          0 kB
Bounce:                0 kB
WritebackTmp:          0 kB
CommitLimit:     2172840 kB
Committed_AS:   89684864 kB
VmallocTotal:   251658176 kB
VmallocUsed:      136036 kB
VmallocChunk:   251431980 kB
Time pass: 268 sec

---2015-12-05 14:07:44
MemTotal:        2905316 kB
MemFree:           65948 kB
Buffers:           25464 kB
Cached:          1114876 kB
SwapCached:            0 kB
Active:          1334996 kB
Inactive:         751224 kB
Active(anon):     789896 kB
Inactive(anon):   199520 kB
Active(file):     545100 kB
Inactive(file):   551704 kB
Unevictable:       12460 kB
Mlocked:               0 kB
SwapTotal:        720184 kB
SwapFree:         720156 kB
Dirty:                 8 kB
Writeback:             0 kB
AnonPages:        958464 kB
Mapped:           629168 kB
Shmem:             31048 kB
Slab:             120028 kB
SReclaimable:      39112 kB
SUnreclaim:        80916 kB
KernelStack:       32752 kB
PageTables:        54940 kB
NFS_Unstable:          0 kB
Bounce:                0 kB
WritebackTmp:          0 kB
CommitLimit:     2172840 kB
Committed_AS:   89684828 kB
VmallocTotal:   251658176 kB
VmallocUsed:      136036 kB
VmallocChunk:   251431980 kB
Time pass: 272 sec

---2015-12-05 14:07:44
MemTotal:        2905316 kB
MemFree:           65576 kB
Buffers:           25480 kB
Cached:          1114940 kB
SwapCached:            0 kB
Active:          1335500 kB
Inactive:         751296 kB
Active(anon):     790392 kB
Inactive(anon):   199580 kB
Active(file):     545108 kB
Inactive(file):   551716 kB
Unevictable:       12460 kB
Mlocked:               0 kB
SwapTotal:        720184 kB
SwapFree:         720156 kB
Dirty:                52 kB
Writeback:             0 kB
AnonPages:        959000 kB
Mapped:           629244 kB
Shmem:             31108 kB
Slab:             120040 kB
SReclaimable:      39116 kB
SUnreclaim:        80924 kB
KernelStack:       32736 kB
PageTables:        54992 kB
NFS_Unstable:          0 kB
Bounce:                0 kB
WritebackTmp:          0 kB
CommitLimit:     2172840 kB
Committed_AS:   89711512 kB
VmallocTotal:   251658176 kB
VmallocUsed:      136036 kB
VmallocChunk:   251431980 kB
Time pass: 275 sec

---2015-12-05 14:07:44
MemTotal:        2905316 kB
MemFree:           64840 kB
Buffers:           25488 kB
Cached:          1114944 kB
SwapCached:            0 kB
Active:          1335904 kB
Inactive:         751300 kB
Active(anon):     790792 kB
Inactive(anon):   199580 kB
Active(file):     545112 kB
Inactive(file):   551720 kB
Unevictable:       12460 kB
Mlocked:               0 kB
SwapTotal:        720184 kB
SwapFree:         720156 kB
Dirty:                20 kB
Writeback:             0 kB
AnonPages:        959336 kB
Mapped:           629320 kB
Shmem:             31108 kB
Slab:             120040 kB
SReclaimable:      39116 kB
SUnreclaim:        80924 kB
KernelStack:       32720 kB
PageTables:        55012 kB
NFS_Unstable:          0 kB
Bounce:                0 kB
WritebackTmp:          0 kB
CommitLimit:     2172840 kB
Committed_AS:   89711512 kB
VmallocTotal:   251658176 kB
VmallocUsed:      136036 kB
VmallocChunk:   251431980 kB
Time pass: 279 sec

---2015-12-05 14:07:44
MemTotal:        2905316 kB
MemFree:           64464 kB
Buffers:           25488 kB
Cached:          1114952 kB
SwapCached:            0 kB
Active:          1335972 kB
Inactive:         751308 kB
Active(anon):     790856 kB
Inactive(anon):   199580 kB
Active(file):     545116 kB
Inactive(file):   551728 kB
Unevictable:       12460 kB
Mlocked:               0 kB
SwapTotal:        720184 kB
SwapFree:         720156 kB
Dirty:                12 kB
Writeback:             0 kB
AnonPages:        959456 kB
Mapped:           629324 kB
Shmem:             31108 kB
Slab:             120040 kB
SReclaimable:      39116 kB
SUnreclaim:        80924 kB
KernelStack:       32720 kB
PageTables:        55016 kB
NFS_Unstable:          0 kB
Bounce:                0 kB
WritebackTmp:          0 kB
CommitLimit:     2172840 kB
Committed_AS:   89711500 kB
VmallocTotal:   251658176 kB
VmallocUsed:      136036 kB
VmallocChunk:   251431980 kB
Time pass: 283 sec

---2015-12-05 14:07:44
MemTotal:        2905316 kB
MemFree:           63792 kB
Buffers:           25496 kB
Cached:          1114992 kB
SwapCached:            0 kB
Active:          1337152 kB
Inactive:         751348 kB
Active(anon):     792028 kB
Inactive(anon):   199580 kB
Active(file):     545124 kB
Inactive(file):   551768 kB
Unevictable:       12460 kB
Mlocked:               0 kB
SwapTotal:        720184 kB
SwapFree:         720156 kB
Dirty:                 4 kB
Writeback:             0 kB
AnonPages:        960596 kB
Mapped:           629360 kB
Shmem:             31108 kB
Slab:             120040 kB
SReclaimable:      39116 kB
SUnreclaim:        80924 kB
KernelStack:       32720 kB
PageTables:        55016 kB
NFS_Unstable:          0 kB
Bounce:                0 kB
WritebackTmp:          0 kB
CommitLimit:     2172840 kB
Committed_AS:   89711500 kB
VmallocTotal:   251658176 kB
VmallocUsed:      136036 kB
VmallocChunk:   251431980 kB
Time pass: 287 sec

---2015-12-05 14:07:44
MemTotal:        2905316 kB
MemFree:           70520 kB
Buffers:           25504 kB
Cached:          1110908 kB
SwapCached:            0 kB
Active:          1338276 kB
Inactive:         747328 kB
Active(anon):     793128 kB
Inactive(anon):   199580 kB
Active(file):     545148 kB
Inactive(file):   547748 kB
Unevictable:       12460 kB
Mlocked:               0 kB
SwapTotal:        720184 kB
SwapFree:         720156 kB
Dirty:                92 kB
Writeback:             0 kB
AnonPages:        961680 kB
Mapped:           629384 kB
Shmem:             31108 kB
Slab:             116448 kB
SReclaimable:      35740 kB
SUnreclaim:        80708 kB
KernelStack:       32688 kB
PageTables:        55020 kB
NFS_Unstable:          0 kB
Bounce:                0 kB
WritebackTmp:          0 kB
CommitLimit:     2172840 kB
Committed_AS:   89711500 kB
VmallocTotal:   251658176 kB
VmallocUsed:      136036 kB
VmallocChunk:   251431980 kB
Time pass: 291 sec

---2015-12-05 14:07:44
MemTotal:        2905316 kB
MemFree:           70284 kB
Buffers:           25504 kB
Cached:          1110908 kB
SwapCached:            0 kB
Active:          1338284 kB
Inactive:         747240 kB
Active(anon):     793128 kB
Inactive(anon):   199580 kB
Active(file):     545156 kB
Inactive(file):   547660 kB
Unevictable:       12460 kB
Mlocked:               0 kB
SwapTotal:        720184 kB
SwapFree:         720156 kB
Dirty:                44 kB
Writeback:             0 kB
AnonPages:        961816 kB
Mapped:           629392 kB
Shmem:             31108 kB
Slab:             116528 kB
SReclaimable:      35820 kB
SUnreclaim:        80708 kB
KernelStack:       32688 kB
PageTables:        55020 kB
NFS_Unstable:          0 kB
Bounce:                0 kB
WritebackTmp:          0 kB
CommitLimit:     2172840 kB
Committed_AS:   89711512 kB
VmallocTotal:   251658176 kB
VmallocUsed:      136036 kB
VmallocChunk:   251431980 kB
Time pass: 295 sec

---2015-12-05 14:07:44
MemTotal:        2905316 kB
MemFree:           70512 kB
Buffers:           25512 kB
Cached:          1110908 kB
SwapCached:            0 kB
Active:          1338580 kB
Inactive:         747244 kB
Active(anon):     793420 kB
Inactive(anon):   199580 kB
Active(file):     545160 kB
Inactive(file):   547664 kB
Unevictable:       12460 kB
Mlocked:               0 kB
SwapTotal:        720184 kB
SwapFree:         720156 kB
Dirty:                 8 kB
Writeback:             0 kB
AnonPages:        961848 kB
Mapped:           629392 kB
Shmem:             31108 kB
Slab:             116528 kB
SReclaimable:      35820 kB
SUnreclaim:        80708 kB
KernelStack:       32720 kB
PageTables:        55020 kB
NFS_Unstable:          0 kB
Bounce:                0 kB
WritebackTmp:          0 kB
CommitLimit:     2172840 kB
Committed_AS:   89711524 kB
VmallocTotal:   251658176 kB
VmallocUsed:      136036 kB
VmallocChunk:   251431980 kB
Time pass: 298 sec

---2015-12-05 14:07:44
MemTotal:        2905316 kB
MemFree:           69068 kB
Buffers:           25520 kB
Cached:          1110952 kB
SwapCached:            0 kB
Active:          1339888 kB
Inactive:         747276 kB
Active(anon):     794724 kB
Inactive(anon):   199580 kB
Active(file):     545164 kB
Inactive(file):   547696 kB
Unevictable:       12460 kB
Mlocked:               0 kB
SwapTotal:        720184 kB
SwapFree:         720156 kB
Dirty:                72 kB
Writeback:             0 kB
AnonPages:        963092 kB
Mapped:           629400 kB
Shmem:             31108 kB
Slab:             116528 kB
SReclaimable:      35820 kB
SUnreclaim:        80708 kB
KernelStack:       32720 kB
PageTables:        55020 kB
NFS_Unstable:          0 kB
Bounce:                0 kB
WritebackTmp:          0 kB
CommitLimit:     2172840 kB
Committed_AS:   89711476 kB
VmallocTotal:   251658176 kB
VmallocUsed:      136036 kB
VmallocChunk:   251431980 kB
Time pass: 302 sec

---2015-12-05 14:07:44
MemTotal:        2905316 kB
MemFree:           68808 kB
Buffers:           25536 kB
Cached:          1111040 kB
SwapCached:            0 kB
Active:          1340200 kB
Inactive:         747360 kB
Active(anon):     795004 kB
Inactive(anon):   199640 kB
Active(file):     545196 kB
Inactive(file):   547720 kB
Unevictable:       12460 kB
Mlocked:               0 kB
SwapTotal:        720184 kB
SwapFree:         720156 kB
Dirty:                76 kB
Writeback:             0 kB
AnonPages:        963688 kB
Mapped:           629476 kB
Shmem:             31168 kB
Slab:             116528 kB
SReclaimable:      35820 kB
SUnreclaim:        80708 kB
KernelStack:       32672 kB
PageTables:        55072 kB
NFS_Unstable:          0 kB
Bounce:                0 kB
WritebackTmp:          0 kB
CommitLimit:     2172840 kB
Committed_AS:   89738052 kB
VmallocTotal:   251658176 kB
VmallocUsed:      136036 kB
VmallocChunk:   251431980 kB
Time pass: 306 sec

---2015-12-05 14:07:44
MemTotal:        2905316 kB
MemFree:           68232 kB
Buffers:           25544 kB
Cached:          1111048 kB
SwapCached:            0 kB
Active:          1340536 kB
Inactive:         747356 kB
Active(anon):     795324 kB
Inactive(anon):   199640 kB
Active(file):     545212 kB
Inactive(file):   547716 kB
Unevictable:       12460 kB
Mlocked:               0 kB
SwapTotal:        720184 kB
SwapFree:         720156 kB
Dirty:                44 kB
Writeback:             0 kB
AnonPages:        963872 kB
Mapped:           629480 kB
Shmem:             31168 kB
Slab:             116528 kB
SReclaimable:      35820 kB
SUnreclaim:        80708 kB
KernelStack:       32672 kB
PageTables:        55068 kB
NFS_Unstable:          0 kB
Bounce:                0 kB
WritebackTmp:          0 kB
CommitLimit:     2172840 kB
Committed_AS:   89738052 kB
VmallocTotal:   251658176 kB
VmallocUsed:      136036 kB
VmallocChunk:   251431980 kB
Time pass: 310 sec

---2015-12-05 14:07:44
MemTotal:        2905316 kB
MemFree:           68072 kB
Buffers:           25552 kB
Cached:          1111056 kB
SwapCached:            0 kB
Active:          1340596 kB
Inactive:         747376 kB
Active(anon):     795384 kB
Inactive(anon):   199640 kB
Active(file):     545212 kB
Inactive(file):   547736 kB
Unevictable:       12460 kB
Mlocked:               0 kB
SwapTotal:        720184 kB
SwapFree:         720156 kB
Dirty:                 4 kB
Writeback:             0 kB
AnonPages:        964072 kB
Mapped:           629500 kB
Shmem:             31168 kB
Slab:             116528 kB
SReclaimable:      35820 kB
SUnreclaim:        80708 kB
KernelStack:       32688 kB
PageTables:        55076 kB
NFS_Unstable:          0 kB
Bounce:                0 kB
WritebackTmp:          0 kB
CommitLimit:     2172840 kB
Committed_AS:   89738064 kB
VmallocTotal:   251658176 kB
VmallocUsed:      136036 kB
VmallocChunk:   251431980 kB
Time pass: 314 sec

---2015-12-05 14:07:44
MemTotal:        2905316 kB
MemFree:           67800 kB
Buffers:           25560 kB
Cached:          1111064 kB
SwapCached:            0 kB
Active:          1340800 kB
Inactive:         747392 kB
Active(anon):     795584 kB
Inactive(anon):   199640 kB
Active(file):     545216 kB
Inactive(file):   547752 kB
Unevictable:       12460 kB
Mlocked:               0 kB
SwapTotal:        720184 kB
SwapFree:         720156 kB
Dirty:                36 kB
Writeback:             0 kB
AnonPages:        964220 kB
Mapped:           629516 kB
Shmem:             31168 kB
Slab:             116528 kB
SReclaimable:      35820 kB
SUnreclaim:        80708 kB
KernelStack:       32672 kB
PageTables:        55056 kB
NFS_Unstable:          0 kB
Bounce:                0 kB
WritebackTmp:          0 kB
CommitLimit:     2172840 kB
Committed_AS:   89738076 kB
VmallocTotal:   251658176 kB
VmallocUsed:      136036 kB
VmallocChunk:   251431980 kB
Time pass: 318 sec

---2015-12-05 14:07:44
MemTotal:        2905316 kB
MemFree:           67240 kB
Buffers:           25560 kB
Cached:          1111108 kB
SwapCached:            0 kB
Active:          1341928 kB
Inactive:         747396 kB
Active(anon):     796704 kB
Inactive(anon):   199640 kB
Active(file):     545224 kB
Inactive(file):   547756 kB
Unevictable:       12460 kB
Mlocked:               0 kB
SwapTotal:        720184 kB
SwapFree:         720156 kB
Dirty:                76 kB
Writeback:             0 kB
AnonPages:        965400 kB
Mapped:           629516 kB
Shmem:             31168 kB
Slab:             116496 kB
SReclaimable:      35820 kB
SUnreclaim:        80676 kB
KernelStack:       32656 kB
PageTables:        55072 kB
NFS_Unstable:          0 kB
Bounce:                0 kB
WritebackTmp:          0 kB
CommitLimit:     2172840 kB
Committed_AS:   89738020 kB
VmallocTotal:   251658176 kB
VmallocUsed:      136036 kB
VmallocChunk:   251431980 kB
Time pass: 321 sec

---2015-12-05 14:07:44
MemTotal:        2905316 kB
MemFree:           67156 kB
Buffers:           25568 kB
Cached:          1111112 kB
SwapCached:            0 kB
Active:          1342124 kB
Inactive:         747420 kB
Active(anon):     796884 kB
Inactive(anon):   199640 kB
Active(file):     545240 kB
Inactive(file):   547780 kB
Unevictable:       12460 kB
Mlocked:               0 kB
SwapTotal:        720184 kB
SwapFree:         720156 kB
Dirty:                12 kB
Writeback:             0 kB
AnonPages:        965536 kB
Mapped:           629524 kB
Shmem:             31168 kB
Slab:             116496 kB
SReclaimable:      35820 kB
SUnreclaim:        80676 kB
KernelStack:       32640 kB
PageTables:        55072 kB
NFS_Unstable:          0 kB
Bounce:                0 kB
WritebackTmp:          0 kB
CommitLimit:     2172840 kB
Committed_AS:   89738008 kB
VmallocTotal:   251658176 kB
VmallocUsed:      136036 kB
VmallocChunk:   251431980 kB
Time pass: 325 sec

---2015-12-05 14:07:44
MemTotal:        2905316 kB
MemFree:           66412 kB
Buffers:           25576 kB
Cached:          1111124 kB
SwapCached:            0 kB
Active:          1342428 kB
Inactive:         747424 kB
Active(anon):     797176 kB
Inactive(anon):   199640 kB
Active(file):     545252 kB
Inactive(file):   547784 kB
Unevictable:       12460 kB
Mlocked:               0 kB
SwapTotal:        720184 kB
SwapFree:         720156 kB
Dirty:                48 kB
Writeback:             0 kB
AnonPages:        965752 kB
Mapped:           629528 kB
Shmem:             31168 kB
Slab:             116376 kB
SReclaimable:      35692 kB
SUnreclaim:        80684 kB
KernelStack:       32640 kB
PageTables:        55072 kB
NFS_Unstable:          0 kB
Bounce:                0 kB
WritebackTmp:          0 kB
CommitLimit:     2172840 kB
Committed_AS:   89737984 kB
VmallocTotal:   251658176 kB
VmallocUsed:      136036 kB
VmallocChunk:   251431980 kB
Time pass: 329 sec

---2015-12-05 14:07:44
MemTotal:        2905316 kB
MemFree:           65968 kB
Buffers:           25592 kB
Cached:          1111168 kB
SwapCached:            0 kB
Active:          1343580 kB
Inactive:         747464 kB
Active(anon):     798308 kB
Inactive(anon):   199640 kB
Active(file):     545272 kB
Inactive(file):   547824 kB
Unevictable:       12460 kB
Mlocked:               0 kB
SwapTotal:        720184 kB
SwapFree:         720156 kB
Dirty:                52 kB
Writeback:             0 kB
AnonPages:        966976 kB
Mapped:           629548 kB
Shmem:             31168 kB
Slab:             116376 kB
SReclaimable:      35692 kB
SUnreclaim:        80684 kB
KernelStack:       32640 kB
PageTables:        55072 kB
NFS_Unstable:          0 kB
Bounce:                0 kB
WritebackTmp:          0 kB
CommitLimit:     2172840 kB
Committed_AS:   89737980 kB
VmallocTotal:   251658176 kB
VmallocUsed:      136036 kB
VmallocChunk:   251431980 kB
Time pass: 333 sec

---2015-12-05 14:07:44
MemTotal:        2905316 kB
MemFree:           64652 kB
Buffers:           25592 kB
Cached:          1111232 kB
SwapCached:            0 kB
Active:          1344184 kB
Inactive:         747532 kB
Active(anon):     798908 kB
Inactive(anon):   199700 kB
Active(file):     545276 kB
Inactive(file):   547832 kB
Unevictable:       12460 kB
Mlocked:               0 kB
SwapTotal:        720184 kB
SwapFree:         720156 kB
Dirty:                64 kB
Writeback:             0 kB
AnonPages:        967488 kB
Mapped:           629620 kB
Shmem:             31228 kB
Slab:             116372 kB
SReclaimable:      35692 kB
SUnreclaim:        80680 kB
KernelStack:       32608 kB
PageTables:        55124 kB
NFS_Unstable:          0 kB
Bounce:                0 kB
WritebackTmp:          0 kB
CommitLimit:     2172840 kB
Committed_AS:   89764604 kB
VmallocTotal:   251658176 kB
VmallocUsed:      136036 kB
VmallocChunk:   251431980 kB
Time pass: 337 sec

---2015-12-05 14:07:44
MemTotal:        2905316 kB
MemFree:           64396 kB
Buffers:           25600 kB
Cached:          1111236 kB
SwapCached:            0 kB
Active:          1344336 kB
Inactive:         747532 kB
Active(anon):     799060 kB
Inactive(anon):   199700 kB
Active(file):     545276 kB
Inactive(file):   547832 kB
Unevictable:       12460 kB
Mlocked:               0 kB
SwapTotal:        720184 kB
SwapFree:         720156 kB
Dirty:                24 kB
Writeback:             0 kB
AnonPages:        967608 kB
Mapped:           629624 kB
Shmem:             31228 kB
Slab:             116372 kB
SReclaimable:      35692 kB
SUnreclaim:        80680 kB
KernelStack:       32640 kB
PageTables:        55124 kB
NFS_Unstable:          0 kB
Bounce:                0 kB
WritebackTmp:          0 kB
CommitLimit:     2172840 kB
Committed_AS:   89764568 kB
VmallocTotal:   251658176 kB
VmallocUsed:      136036 kB
VmallocChunk:   251431980 kB
Time pass: 340 sec

---2015-12-05 14:07:44
MemTotal:        2905316 kB
MemFree:           63968 kB
Buffers:           25608 kB
Cached:          1111232 kB
SwapCached:            0 kB
Active:          1344672 kB
Inactive:         747540 kB
Active(anon):     799388 kB
Inactive(anon):   199700 kB
Active(file):     545284 kB
Inactive(file):   547840 kB
Unevictable:       12460 kB
Mlocked:               0 kB
SwapTotal:        720184 kB
SwapFree:         720156 kB
Dirty:                12 kB
Writeback:             0 kB
AnonPages:        967836 kB
Mapped:           629628 kB
Shmem:             31228 kB
Slab:             116364 kB
SReclaimable:      35692 kB
SUnreclaim:        80672 kB
KernelStack:       32640 kB
PageTables:        55120 kB
NFS_Unstable:          0 kB
Bounce:                0 kB
WritebackTmp:          0 kB
CommitLimit:     2172840 kB
Committed_AS:   89764592 kB
VmallocTotal:   251658176 kB
VmallocUsed:      136036 kB
VmallocChunk:   251431980 kB
Time pass: 344 sec

---2015-12-05 14:07:44
MemTotal:        2905316 kB
MemFree:           63148 kB
Buffers:           25616 kB
Cached:          1111256 kB
SwapCached:            0 kB
Active:          1345248 kB
Inactive:         747564 kB
Active(anon):     799956 kB
Inactive(anon):   199700 kB
Active(file):     545292 kB
Inactive(file):   547864 kB
Unevictable:       12460 kB
Mlocked:               0 kB
SwapTotal:        720184 kB
SwapFree:         720156 kB
Dirty:                 4 kB
Writeback:             0 kB
AnonPages:        968400 kB
Mapped:           629688 kB
Shmem:             31228 kB
Slab:             116348 kB
SReclaimable:      35676 kB
SUnreclaim:        80672 kB
KernelStack:       32640 kB
PageTables:        55116 kB
NFS_Unstable:          0 kB
Bounce:                0 kB
WritebackTmp:          0 kB
CommitLimit:     2172840 kB
Committed_AS:   89764592 kB
VmallocTotal:   251658176 kB
VmallocUsed:      136036 kB
VmallocChunk:   251431980 kB
Time pass: 348 sec

---2015-12-05 14:07:44
MemTotal:        2905316 kB
MemFree:           64008 kB
Buffers:           25624 kB
Cached:          1111260 kB
SwapCached:            0 kB
Active:          1344976 kB
Inactive:         747568 kB
Active(anon):     799680 kB
Inactive(anon):   199700 kB
Active(file):     545296 kB
Inactive(file):   547868 kB
Unevictable:       12460 kB
Mlocked:               0 kB
SwapTotal:        720184 kB
SwapFree:         720156 kB
Dirty:                60 kB
Writeback:             0 kB
AnonPages:        968252 kB
Mapped:           629688 kB
Shmem:             31228 kB
Slab:             116360 kB
SReclaimable:      35676 kB
SUnreclaim:        80684 kB
KernelStack:       32656 kB
PageTables:        55124 kB
NFS_Unstable:          0 kB
Bounce:                0 kB
WritebackTmp:          0 kB
CommitLimit:     2172840 kB
Committed_AS:   89764580 kB
VmallocTotal:   251658176 kB
VmallocUsed:      136036 kB
VmallocChunk:   251431980 kB
Time pass: 352 sec

---2015-12-05 14:07:44
MemTotal:        2905316 kB
MemFree:           63316 kB
Buffers:           25632 kB
Cached:          1111272 kB
SwapCached:            0 kB
Active:          1345524 kB
Inactive:         747580 kB
Active(anon):     800220 kB
Inactive(anon):   199700 kB
Active(file):     545304 kB
Inactive(file):   547880 kB
Unevictable:       12460 kB
Mlocked:               0 kB
SwapTotal:        720184 kB
SwapFree:         720156 kB
Dirty:                84 kB
Writeback:             0 kB
AnonPages:        968784 kB
Mapped:           629696 kB
Shmem:             31228 kB
Slab:             116360 kB
SReclaimable:      35676 kB
SUnreclaim:        80684 kB
KernelStack:       32672 kB
PageTables:        55128 kB
NFS_Unstable:          0 kB
Bounce:                0 kB
WritebackTmp:          0 kB
CommitLimit:     2172840 kB
Committed_AS:   89764620 kB
VmallocTotal:   251658176 kB
VmallocUsed:      136036 kB
VmallocChunk:   251431980 kB
Time pass: 356 sec

---2015-12-05 14:07:44
MemTotal:        2905316 kB
MemFree:           62744 kB
Buffers:           25640 kB
Cached:          1111272 kB
SwapCached:            0 kB
Active:          1346008 kB
Inactive:         747584 kB
Active(anon):     800696 kB
Inactive(anon):   199700 kB
Active(file):     545312 kB
Inactive(file):   547884 kB
Unevictable:       12460 kB
Mlocked:               0 kB
SwapTotal:        720184 kB
SwapFree:         720156 kB
Dirty:                 4 kB
Writeback:             0 kB
AnonPages:        969060 kB
Mapped:           629700 kB
Shmem:             31228 kB
Slab:             116360 kB
SReclaimable:      35676 kB
SUnreclaim:        80684 kB
KernelStack:       32656 kB
PageTables:        55124 kB
NFS_Unstable:          0 kB
Bounce:                0 kB
WritebackTmp:          0 kB
CommitLimit:     2172840 kB
Committed_AS:   89764620 kB
VmallocTotal:   251658176 kB
VmallocUsed:      136036 kB
VmallocChunk:   251431980 kB
Time pass: 360 sec

---2015-12-05 14:07:44
MemTotal:        2905316 kB
MemFree:           67284 kB
Buffers:           25648 kB
Cached:          1107292 kB
SwapCached:            0 kB
Active:          1344700 kB
Inactive:         744868 kB
Active(anon):     800140 kB
Inactive(anon):   200212 kB
Active(file):     544560 kB
Inactive(file):   544656 kB
Unevictable:       12460 kB
Mlocked:               0 kB
SwapTotal:        720184 kB
SwapFree:         720156 kB
Dirty:                24 kB
Writeback:             0 kB
AnonPages:        969188 kB
Mapped:           629648 kB
Shmem:             31228 kB
Slab:             116360 kB
SReclaimable:      35676 kB
SUnreclaim:        80684 kB
KernelStack:       32672 kB
PageTables:        55128 kB
NFS_Unstable:          0 kB
Bounce:                0 kB
WritebackTmp:          0 kB
CommitLimit:     2172840 kB
Committed_AS:   89768716 kB
VmallocTotal:   251658176 kB
VmallocUsed:      136036 kB
VmallocChunk:   251431980 kB
Time pass: 363 sec

---2015-12-05 14:07:44
MemTotal:        2905316 kB
MemFree:           66756 kB
Buffers:           25656 kB
Cached:          1107552 kB
SwapCached:            0 kB
Active:          1345416 kB
Inactive:         745100 kB
Active(anon):     800844 kB
Inactive(anon):   200272 kB
Active(file):     544572 kB
Inactive(file):   544828 kB
Unevictable:       12460 kB
Mlocked:               0 kB
SwapTotal:        720184 kB
SwapFree:         720156 kB
Dirty:                80 kB
Writeback:             0 kB
AnonPages:        969884 kB
Mapped:           629800 kB
Shmem:             31288 kB
Slab:             116376 kB
SReclaimable:      35676 kB
SUnreclaim:        80700 kB
KernelStack:       32688 kB
PageTables:        55180 kB
NFS_Unstable:          0 kB
Bounce:                0 kB
WritebackTmp:          0 kB
CommitLimit:     2172840 kB
Committed_AS:   89791220 kB
VmallocTotal:   251658176 kB
VmallocUsed:      136036 kB
VmallocChunk:   251431980 kB
Time pass: 367 sec

---2015-12-05 14:07:44
MemTotal:        2905316 kB
MemFree:           66408 kB
Buffers:           25656 kB
Cached:          1107556 kB
SwapCached:            0 kB
Active:          1345604 kB
Inactive:         745128 kB
Active(anon):     801024 kB
Inactive(anon):   200272 kB
Active(file):     544580 kB
Inactive(file):   544856 kB
Unevictable:       12460 kB
Mlocked:               0 kB
SwapTotal:        720184 kB
SwapFree:         720156 kB
Dirty:                 8 kB
Writeback:             0 kB
AnonPages:        970036 kB
Mapped:           629812 kB
Shmem:             31288 kB
Slab:             116376 kB
SReclaimable:      35676 kB
SUnreclaim:        80700 kB
KernelStack:       32656 kB
PageTables:        55176 kB
NFS_Unstable:          0 kB
Bounce:                0 kB
WritebackTmp:          0 kB
CommitLimit:     2172840 kB
Committed_AS:   89791232 kB
VmallocTotal:   251658176 kB
VmallocUsed:      136036 kB
VmallocChunk:   251431980 kB
Time pass: 371 sec

---2015-12-05 14:07:44
MemTotal:        2905316 kB
MemFree:           66028 kB
Buffers:           25664 kB
Cached:          1107568 kB
SwapCached:            0 kB
Active:          1345984 kB
Inactive:         745144 kB
Active(anon):     801400 kB
Inactive(anon):   200272 kB
Active(file):     544584 kB
Inactive(file):   544872 kB
Unevictable:       12460 kB
Mlocked:               0 kB
SwapTotal:        720184 kB
SwapFree:         720156 kB
Dirty:                 4 kB
Writeback:             0 kB
AnonPages:        970304 kB
Mapped:           629824 kB
Shmem:             31288 kB
Slab:             116376 kB
SReclaimable:      35676 kB
SUnreclaim:        80700 kB
KernelStack:       32672 kB
PageTables:        55180 kB
NFS_Unstable:          0 kB
Bounce:                0 kB
WritebackTmp:          0 kB
CommitLimit:     2172840 kB
Committed_AS:   89791252 kB
VmallocTotal:   251658176 kB
VmallocUsed:      136036 kB
VmallocChunk:   251431980 kB
Time pass: 375 sec

---2015-12-05 14:07:44
MemTotal:        2905316 kB
MemFree:           65704 kB
Buffers:           25672 kB
Cached:          1107572 kB
SwapCached:            0 kB
Active:          1345844 kB
Inactive:         745144 kB
Active(anon):     801252 kB
Inactive(anon):   200272 kB
Active(file):     544592 kB
Inactive(file):   544872 kB
Unevictable:       12460 kB
Mlocked:               0 kB
SwapTotal:        720184 kB
SwapFree:         720156 kB
Dirty:                28 kB
Writeback:             0 kB
AnonPages:        970452 kB
Mapped:           629828 kB
Shmem:             31288 kB
Slab:             116376 kB
SReclaimable:      35676 kB
SUnreclaim:        80700 kB
KernelStack:       32608 kB
PageTables:        55180 kB
NFS_Unstable:          0 kB
Bounce:                0 kB
WritebackTmp:          0 kB
CommitLimit:     2172840 kB
Committed_AS:   89791228 kB
VmallocTotal:   251658176 kB
VmallocUsed:      136036 kB
VmallocChunk:   251431980 kB
Time pass: 379 sec

---2015-12-05 14:07:44
MemTotal:        2905316 kB
MemFree:           65376 kB
Buffers:           25680 kB
Cached:          1107576 kB
SwapCached:            0 kB
Active:          1345900 kB
Inactive:         745152 kB
Active(anon):     801308 kB
Inactive(anon):   200272 kB
Active(file):     544592 kB
Inactive(file):   544880 kB
Unevictable:       12460 kB
Mlocked:               0 kB
SwapTotal:        720184 kB
SwapFree:         720156 kB
Dirty:                20 kB
Writeback:             0 kB
AnonPages:        970504 kB
Mapped:           629832 kB
Shmem:             31288 kB
Slab:             116376 kB
SReclaimable:      35676 kB
SUnreclaim:        80700 kB
KernelStack:       32656 kB
PageTables:        55180 kB
NFS_Unstable:          0 kB
Bounce:                0 kB
WritebackTmp:          0 kB
CommitLimit:     2172840 kB
Committed_AS:   89791188 kB
VmallocTotal:   251658176 kB
VmallocUsed:      136036 kB
VmallocChunk:   251431980 kB
Time pass: 382 sec

---2015-12-05 14:07:44
MemTotal:        2905316 kB
MemFree:           65688 kB
Buffers:           25680 kB
Cached:          1107576 kB
SwapCached:            0 kB
Active:          1346204 kB
Inactive:         745156 kB
Active(anon):     801608 kB
Inactive(anon):   200272 kB
Active(file):     544596 kB
Inactive(file):   544884 kB
Unevictable:       12460 kB
Mlocked:               0 kB
SwapTotal:        720184 kB
SwapFree:         720156 kB
Dirty:                 4 kB
Writeback:             0 kB
AnonPages:        970608 kB
Mapped:           629840 kB
Shmem:             31288 kB
Slab:             116376 kB
SReclaimable:      35676 kB
SUnreclaim:        80700 kB
KernelStack:       32640 kB
PageTables:        55180 kB
NFS_Unstable:          0 kB
Bounce:                0 kB
WritebackTmp:          0 kB
CommitLimit:     2172840 kB
Committed_AS:   89791200 kB
VmallocTotal:   251658176 kB
VmallocUsed:      136036 kB
VmallocChunk:   251431980 kB
Time pass: 386 sec

---2015-12-05 14:07:44
MemTotal:        2905316 kB
MemFree:           65364 kB
Buffers:           25688 kB
Cached:          1107584 kB
SwapCached:            0 kB
Active:          1346548 kB
Inactive:         745196 kB
Active(anon):     801948 kB
Inactive(anon):   200272 kB
Active(file):     544600 kB
Inactive(file):   544924 kB
Unevictable:       12460 kB
Mlocked:               0 kB
SwapTotal:        720184 kB
SwapFree:         720156 kB
Dirty:                16 kB
Writeback:             0 kB
AnonPages:        970664 kB
Mapped:           629848 kB
Shmem:             31288 kB
Slab:             116376 kB
SReclaimable:      35676 kB
SUnreclaim:        80700 kB
KernelStack:       32640 kB
PageTables:        55180 kB
NFS_Unstable:          0 kB
Bounce:                0 kB
WritebackTmp:          0 kB
CommitLimit:     2172840 kB
Committed_AS:   89791200 kB
VmallocTotal:   251658176 kB
VmallocUsed:      136036 kB
VmallocChunk:   251431980 kB
Time pass: 390 sec

---2015-12-05 14:07:44
MemTotal:        2905316 kB
MemFree:           64588 kB
Buffers:           25704 kB
Cached:          1107644 kB
SwapCached:            0 kB
Active:          1347528 kB
Inactive:         745268 kB
Active(anon):     802924 kB
Inactive(anon):   200332 kB
Active(file):     544604 kB
Inactive(file):   544936 kB
Unevictable:       12460 kB
Mlocked:               0 kB
SwapTotal:        720184 kB
SwapFree:         720156 kB
Dirty:                24 kB
Writeback:             0 kB
AnonPages:        971684 kB
Mapped:           629912 kB
Shmem:             31348 kB
Slab:             116376 kB
SReclaimable:      35676 kB
SUnreclaim:        80700 kB
KernelStack:       32640 kB
PageTables:        55228 kB
NFS_Unstable:          0 kB
Bounce:                0 kB
WritebackTmp:          0 kB
CommitLimit:     2172840 kB
Committed_AS:   89818056 kB
VmallocTotal:   251658176 kB
VmallocUsed:      136036 kB
VmallocChunk:   251431980 kB
Time pass: 394 sec

---2015-12-05 14:07:44
MemTotal:        2905316 kB
MemFree:           64252 kB
Buffers:           25704 kB
Cached:          1107656 kB
SwapCached:            0 kB
Active:          1347588 kB
Inactive:         745272 kB
Active(anon):     802976 kB
Inactive(anon):   200332 kB
Active(file):     544612 kB
Inactive(file):   544940 kB
Unevictable:       12460 kB
Mlocked:               0 kB
SwapTotal:        720184 kB
SwapFree:         720156 kB
Dirty:                32 kB
Writeback:             0 kB
AnonPages:        971912 kB
Mapped:           629932 kB
Shmem:             31348 kB
Slab:             116376 kB
SReclaimable:      35676 kB
SUnreclaim:        80700 kB
KernelStack:       32656 kB
PageTables:        55232 kB
NFS_Unstable:          0 kB
Bounce:                0 kB
WritebackTmp:          0 kB
CommitLimit:     2172840 kB
Committed_AS:   89818080 kB
VmallocTotal:   251658176 kB
VmallocUsed:      136036 kB
VmallocChunk:   251431980 kB
Time pass: 398 sec

---2015-12-05 14:07:44
MemTotal:        2905316 kB
MemFree:           64008 kB
Buffers:           25712 kB
Cached:          1107660 kB
SwapCached:            0 kB
Active:          1347728 kB
Inactive:         745276 kB
