---2015-12-16 15:27:45
MemTotal:        1959952 kB
MemFree:           87976 kB
Buffers:            5708 kB
Cached:          1234472 kB
SwapCached:          516 kB
Active:           844984 kB
Inactive:         790184 kB
Active(anon):     238000 kB
Inactive(anon):   158076 kB
Active(file):     606984 kB
Inactive(file):   632108 kB
Unevictable:         968 kB
Mlocked:               0 kB
HighTotal:       1372556 kB
HighFree:          24544 kB
LowTotal:         587396 kB
LowFree:           63432 kB
SwapTotal:        262140 kB
SwapFree:         243136 kB
Dirty:               176 kB
Writeback:             0 kB
AnonPages:        396156 kB
Mapped:           281424 kB
Shmem:               120 kB
Slab:              54632 kB
SReclaimable:      16852 kB
SUnreclaim:        37780 kB
KernelStack:       15112 kB
PageTables:        26384 kB
NFS_Unstable:          0 kB
Bounce:                0 kB
WritebackTmp:          0 kB
CommitLimit:     1242116 kB
Committed_AS:   55753144 kB
VmallocTotal:     409600 kB
VmallocUsed:       35900 kB
VmallocChunk:     115740 kB
Time pass: 3 sec

---2015-12-16 15:27:45
MemTotal:        1959952 kB
MemFree:           89820 kB
Buffers:            5708 kB
Cached:          1234472 kB
SwapCached:          516 kB
Active:           841804 kB
Inactive:         790168 kB
Active(anon):     234816 kB
Inactive(anon):   158064 kB
Active(file):     606988 kB
Inactive(file):   632104 kB
Unevictable:         968 kB
Mlocked:               0 kB
HighTotal:       1372556 kB
HighFree:          26656 kB
LowTotal:         587396 kB
LowFree:           63164 kB
SwapTotal:        262140 kB
SwapFree:         243136 kB
Dirty:               176 kB
Writeback:             0 kB
AnonPages:        392652 kB
Mapped:           281436 kB
Shmem:               120 kB
Slab:              55408 kB
SReclaimable:      16852 kB
SUnreclaim:        38556 kB
KernelStack:       15120 kB
PageTables:        26396 kB
NFS_Unstable:          0 kB
Bounce:                0 kB
WritebackTmp:          0 kB
CommitLimit:     1242116 kB
Committed_AS:   55753272 kB
VmallocTotal:     409600 kB
VmallocUsed:       35900 kB
VmallocChunk:     115740 kB
Time pass: 7 sec

---2015-12-16 15:27:45
MemTotal:        1959952 kB
MemFree:           89940 kB
Buffers:            5708 kB
Cached:          1234472 kB
SwapCached:          516 kB
Active:           841696 kB
Inactive:         790168 kB
Active(anon):     234708 kB
Inactive(anon):   158064 kB
Active(file):     606988 kB
Inactive(file):   632104 kB
Unevictable:         968 kB
Mlocked:               0 kB
HighTotal:       1372556 kB
HighFree:          26636 kB
LowTotal:         587396 kB
LowFree:           63304 kB
SwapTotal:        262140 kB
SwapFree:         243136 kB
Dirty:               180 kB
Writeback:             0 kB
AnonPages:        392712 kB
Mapped:           281424 kB
Shmem:               120 kB
Slab:              55300 kB
SReclaimable:      16852 kB
SUnreclaim:        38448 kB
KernelStack:       15096 kB
PageTables:        26384 kB
NFS_Unstable:          0 kB
Bounce:                0 kB
WritebackTmp:          0 kB
CommitLimit:     1242116 kB
Committed_AS:   55753336 kB
VmallocTotal:     409600 kB
VmallocUsed:       35900 kB
VmallocChunk:     115740 kB
Time pass: 10 sec

---2015-12-16 15:27:45
MemTotal:        1959952 kB
MemFree:           89660 kB
Buffers:            5708 kB
Cached:          1234472 kB
SwapCached:          516 kB
Active:           842108 kB
Inactive:         790168 kB
Active(anon):     235120 kB
Inactive(anon):   158064 kB
Active(file):     606988 kB
Inactive(file):   632104 kB
Unevictable:         968 kB
Mlocked:               0 kB
HighTotal:       1372556 kB
HighFree:          26308 kB
LowTotal:         587396 kB
LowFree:           63352 kB
SwapTotal:        262140 kB
SwapFree:         243136 kB
Dirty:               180 kB
Writeback:             0 kB
AnonPages:        393244 kB
Mapped:           281424 kB
Shmem:               120 kB
Slab:              55240 kB
SReclaimable:      16852 kB
SUnreclaim:        38388 kB
KernelStack:       15112 kB
PageTables:        26384 kB
NFS_Unstable:          0 kB
Bounce:                0 kB
WritebackTmp:          0 kB
CommitLimit:     1242116 kB
Committed_AS:   55753664 kB
VmallocTotal:     409600 kB
VmallocUsed:       35900 kB
VmallocChunk:     115740 kB
Time pass: 14 sec

---2015-12-16 15:27:45
MemTotal:        1959952 kB
MemFree:           89580 kB
Buffers:            5708 kB
Cached:          1234472 kB
SwapCached:          516 kB
Active:           842404 kB
Inactive:         790168 kB
Active(anon):     235416 kB
Inactive(anon):   158064 kB
Active(file):     606988 kB
Inactive(file):   632104 kB
Unevictable:         968 kB
Mlocked:               0 kB
HighTotal:       1372556 kB
HighFree:          26016 kB
LowTotal:         587396 kB
LowFree:           63564 kB
SwapTotal:        262140 kB
SwapFree:         243140 kB
Dirty:               180 kB
Writeback:             0 kB
AnonPages:        393452 kB
Mapped:           281428 kB
Shmem:               120 kB
Slab:              55052 kB
SReclaimable:      16856 kB
SUnreclaim:        38196 kB
KernelStack:       15112 kB
PageTables:        26384 kB
NFS_Unstable:          0 kB
Bounce:                0 kB
WritebackTmp:          0 kB
CommitLimit:     1242116 kB
Committed_AS:   55753772 kB
VmallocTotal:     409600 kB
VmallocUsed:       35900 kB
VmallocChunk:     115740 kB
Time pass: 18 sec

---2015-12-16 15:27:45
MemTotal:        1959952 kB
MemFree:          100696 kB
Buffers:            4832 kB
Cached:          1158664 kB
SwapCached:          776 kB
Active:           829964 kB
Inactive:         742052 kB
Active(anon):     251644 kB
Inactive(anon):   160540 kB
Active(file):     578320 kB
Inactive(file):   581512 kB
Unevictable:        1744 kB
Mlocked:               0 kB
HighTotal:       1372556 kB
HighFree:          38244 kB
LowTotal:         587396 kB
LowFree:           62452 kB
SwapTotal:        262140 kB
SwapFree:         238252 kB
Dirty:               656 kB
Writeback:             0 kB
AnonPages:        410760 kB
Mapped:           304496 kB
Shmem:              1208 kB
Slab:              54424 kB
SReclaimable:      16304 kB
SUnreclaim:        38120 kB
KernelStack:       15448 kB
PageTables:        26976 kB
NFS_Unstable:          0 kB
Bounce:                0 kB
WritebackTmp:          0 kB
CommitLimit:     1242116 kB
Committed_AS:   56764692 kB
VmallocTotal:     409600 kB
VmallocUsed:       37056 kB
VmallocChunk:     102428 kB
Time pass: 22 sec

---2015-12-16 15:27:45
MemTotal:        1959952 kB
MemFree:           97348 kB
Buffers:            2744 kB
Cached:          1086284 kB
SwapCached:          808 kB
Active:           808440 kB
Inactive:         709076 kB
Active(anon):     265192 kB
Inactive(anon):   165184 kB
Active(file):     543248 kB
Inactive(file):   543892 kB
Unevictable:        1744 kB
Mlocked:               0 kB
HighTotal:       1372556 kB
HighFree:          43280 kB
LowTotal:         587396 kB
LowFree:           54068 kB
SwapTotal:        262140 kB
SwapFree:         232724 kB
Dirty:               844 kB
Writeback:             0 kB
AnonPages:        430376 kB
Mapped:           308168 kB
Shmem:               252 kB
Slab:              55576 kB
SReclaimable:      17040 kB
SUnreclaim:        38536 kB
KernelStack:       15824 kB
PageTables:        27236 kB
NFS_Unstable:          0 kB
Bounce:                0 kB
WritebackTmp:          0 kB
CommitLimit:     1242116 kB
Committed_AS:   56778588 kB
VmallocTotal:     409600 kB
VmallocUsed:       36300 kB
VmallocChunk:     102428 kB
Time pass: 28 sec

---2015-12-16 15:27:45
MemTotal:        1959952 kB
MemFree:           85404 kB
Buffers:            2744 kB
Cached:          1086028 kB
SwapCached:          808 kB
Active:           796320 kB
Inactive:         708980 kB
Active(anon):     252960 kB
Inactive(anon):   165564 kB
Active(file):     543360 kB
Inactive(file):   543416 kB
Unevictable:        1744 kB
Mlocked:               0 kB
HighTotal:       1372556 kB
HighFree:          34320 kB
LowTotal:         587396 kB
LowFree:           51084 kB
SwapTotal:        262140 kB
SwapFree:         232724 kB
Dirty:               424 kB
Writeback:             0 kB
AnonPages:        418016 kB
Mapped:           322656 kB
Shmem:               252 kB
Slab:              55472 kB
SReclaimable:      17040 kB
SUnreclaim:        38432 kB
KernelStack:       15840 kB
PageTables:        27300 kB
NFS_Unstable:          0 kB
Bounce:                0 kB
WritebackTmp:          0 kB
CommitLimit:     1242116 kB
Committed_AS:   56771128 kB
VmallocTotal:     409600 kB
VmallocUsed:       36400 kB
VmallocChunk:     102428 kB
Time pass: 32 sec

---2015-12-16 15:27:45
MemTotal:        1959952 kB
MemFree:           85696 kB
Buffers:            2744 kB
Cached:          1086028 kB
SwapCached:          808 kB
Active:           795468 kB
Inactive:         708896 kB
Active(anon):     252064 kB
Inactive(anon):   165528 kB
Active(file):     543404 kB
Inactive(file):   543368 kB
Unevictable:        1744 kB
Mlocked:               0 kB
HighTotal:       1372556 kB
HighFree:          34792 kB
LowTotal:         587396 kB
LowFree:           50904 kB
SwapTotal:        262140 kB
SwapFree:         232724 kB
Dirty:               424 kB
Writeback:             0 kB
AnonPages:        417256 kB
Mapped:           322676 kB
Shmem:               252 kB
Slab:              56044 kB
SReclaimable:      17088 kB
SUnreclaim:        38956 kB
KernelStack:       15816 kB
PageTables:        27276 kB
NFS_Unstable:          0 kB
Bounce:                0 kB
WritebackTmp:          0 kB
CommitLimit:     1242116 kB
Committed_AS:   56770152 kB
VmallocTotal:     409600 kB
VmallocUsed:       36400 kB
VmallocChunk:     102428 kB
Time pass: 35 sec

---2015-12-16 15:27:45
MemTotal:        1959952 kB
MemFree:          117976 kB
Buffers:            2292 kB
Cached:          1055980 kB
SwapCached:          808 kB
Active:           780392 kB
Inactive:         693848 kB
Active(anon):     252456 kB
Inactive(anon):   165656 kB
Active(file):     527936 kB
Inactive(file):   528192 kB
Unevictable:        1744 kB
Mlocked:               0 kB
HighTotal:       1372556 kB
HighFree:          49584 kB
LowTotal:         587396 kB
LowFree:           68392 kB
SwapTotal:        262140 kB
SwapFree:         231520 kB
Dirty:              1192 kB
Writeback:             0 kB
AnonPages:        417888 kB
Mapped:           324584 kB
Shmem:               252 kB
Slab:              55312 kB
SReclaimable:      17000 kB
SUnreclaim:        38312 kB
KernelStack:       15832 kB
PageTables:        27284 kB
NFS_Unstable:          0 kB
Bounce:                0 kB
WritebackTmp:          0 kB
CommitLimit:     1242116 kB
Committed_AS:   56771816 kB
VmallocTotal:     409600 kB
VmallocUsed:       36400 kB
VmallocChunk:     102428 kB
Time pass: 39 sec

---2015-12-16 15:27:45
MemTotal:        1959952 kB
MemFree:           98860 kB
Buffers:            2256 kB
Cached:          1023060 kB
SwapCached:          840 kB
Active:           775976 kB
Inactive:         676396 kB
Active(anon):     264420 kB
Inactive(anon):   164632 kB
Active(file):     511556 kB
Inactive(file):   511764 kB
Unevictable:        1744 kB
Mlocked:               0 kB
HighTotal:       1372556 kB
HighFree:          40864 kB
LowTotal:         587396 kB
LowFree:           57996 kB
SwapTotal:        262140 kB
SwapFree:         230948 kB
Dirty:               444 kB
Writeback:             0 kB
AnonPages:        428564 kB
Mapped:           329504 kB
Shmem:               252 kB
Slab:              56096 kB
SReclaimable:      17108 kB
SUnreclaim:        38988 kB
KernelStack:       15896 kB
PageTables:        27420 kB
NFS_Unstable:          0 kB
Bounce:                0 kB
WritebackTmp:          0 kB
CommitLimit:     1242116 kB
Committed_AS:   56780076 kB
VmallocTotal:     409600 kB
VmallocUsed:       36564 kB
VmallocChunk:     102428 kB
Time pass: 43 sec

---2015-12-16 15:27:45
MemTotal:        1959952 kB
MemFree:          100076 kB
Buffers:            2256 kB
Cached:          1023300 kB
SwapCached:          840 kB
Active:           773812 kB
Inactive:         676596 kB
Active(anon):     262252 kB
Inactive(anon):   164596 kB
Active(file):     511560 kB
Inactive(file):   512000 kB
Unevictable:        1744 kB
Mlocked:               0 kB
HighTotal:       1372556 kB
HighFree:          42332 kB
LowTotal:         587396 kB
LowFree:           57744 kB
SwapTotal:        262140 kB
SwapFree:         230956 kB
Dirty:               440 kB
Writeback:             0 kB
AnonPages:        426640 kB
Mapped:           329724 kB
Shmem:               252 kB
Slab:              55980 kB
SReclaimable:      17124 kB
SUnreclaim:        38856 kB
KernelStack:       15864 kB
PageTables:        27456 kB
NFS_Unstable:          0 kB
Bounce:                0 kB
WritebackTmp:          0 kB
CommitLimit:     1242116 kB
Committed_AS:   56780344 kB
VmallocTotal:     409600 kB
VmallocUsed:       36564 kB
VmallocChunk:     102428 kB
Time pass: 46 sec

---2015-12-16 15:27:45
MemTotal:        1959952 kB
MemFree:          100096 kB
Buffers:            2256 kB
Cached:          1004152 kB
SwapCached:          840 kB
Active:           778024 kB
Inactive:         669152 kB
Active(anon):     276260 kB
Inactive(anon):   167044 kB
Active(file):     501764 kB
Inactive(file):   502108 kB
Unevictable:        1744 kB
Mlocked:               0 kB
HighTotal:       1372556 kB
HighFree:          39988 kB
LowTotal:         587396 kB
LowFree:           60108 kB
SwapTotal:        262140 kB
SwapFree:         230276 kB
Dirty:               668 kB
Writeback:             0 kB
AnonPages:        443448 kB
Mapped:           341252 kB
Shmem:               252 kB
Slab:              55020 kB
SReclaimable:      15852 kB
SUnreclaim:        39168 kB
KernelStack:       15944 kB
PageTables:        27492 kB
NFS_Unstable:          0 kB
Bounce:                0 kB
WritebackTmp:          0 kB
CommitLimit:     1242116 kB
Committed_AS:   56796656 kB
VmallocTotal:     409600 kB
VmallocUsed:       36608 kB
VmallocChunk:     102428 kB
Time pass: 51 sec

---2015-12-16 15:27:45
MemTotal:        1959952 kB
MemFree:           83476 kB
Buffers:            2236 kB
Cached:           991852 kB
SwapCached:          840 kB
Active:           770924 kB
Inactive:         669736 kB
Active(anon):     278576 kB
Inactive(anon):   170020 kB
Active(file):     492348 kB
Inactive(file):   499716 kB
Unevictable:        1744 kB
Mlocked:               0 kB
HighTotal:       1372556 kB
HighFree:          27756 kB
LowTotal:         587396 kB
LowFree:           55720 kB
SwapTotal:        262140 kB
SwapFree:         228968 kB
Dirty:              7616 kB
Writeback:             0 kB
AnonPages:        448252 kB
Mapped:           355384 kB
Shmem:               252 kB
Slab:              55908 kB
SReclaimable:      16956 kB
SUnreclaim:        38952 kB
KernelStack:       15944 kB
PageTables:        27580 kB
NFS_Unstable:          0 kB
Bounce:                0 kB
WritebackTmp:          0 kB
CommitLimit:     1242116 kB
Committed_AS:   56807032 kB
VmallocTotal:     409600 kB
VmallocUsed:       36692 kB
VmallocChunk:     102428 kB
Time pass: 56 sec

---2015-12-16 15:27:45
MemTotal:        1959952 kB
MemFree:           82792 kB
Buffers:            2236 kB
Cached:           991864 kB
SwapCached:          840 kB
Active:           771520 kB
Inactive:         669748 kB
Active(anon):     279144 kB
Inactive(anon):   170020 kB
Active(file):     492376 kB
Inactive(file):   499728 kB
Unevictable:        1744 kB
Mlocked:               0 kB
HighTotal:       1372556 kB
HighFree:          27136 kB
LowTotal:         587396 kB
LowFree:           55656 kB
SwapTotal:        262140 kB
SwapFree:         228968 kB
Dirty:               680 kB
Writeback:             0 kB
AnonPages:        448696 kB
Mapped:           355472 kB
Shmem:               252 kB
Slab:              55944 kB
SReclaimable:      16956 kB
SUnreclaim:        38988 kB
KernelStack:       15960 kB
PageTables:        27604 kB
NFS_Unstable:          0 kB
Bounce:                0 kB
WritebackTmp:          0 kB
CommitLimit:     1242116 kB
Committed_AS:   56807488 kB
VmallocTotal:     409600 kB
VmallocUsed:       36692 kB
VmallocChunk:     102428 kB
Time pass: 60 sec

---2015-12-16 15:27:45
MemTotal:        1959952 kB
MemFree:          106212 kB
Buffers:            2228 kB
Cached:           963772 kB
SwapCached:          840 kB
Active:           752544 kB
Inactive:         653436 kB
Active(anon):     270688 kB
Inactive(anon):   171384 kB
Active(file):     481856 kB
Inactive(file):   482052 kB
Unevictable:        1744 kB
Mlocked:               0 kB
HighTotal:       1372556 kB
HighFree:          37748 kB
LowTotal:         587396 kB
LowFree:           68464 kB
SwapTotal:        262140 kB
SwapFree:         227460 kB
Dirty:               860 kB
Writeback:             0 kB
AnonPages:        441916 kB
Mapped:           359936 kB
Shmem:               252 kB
Slab:              56228 kB
SReclaimable:      17012 kB
SUnreclaim:        39216 kB
KernelStack:       15944 kB
PageTables:        27576 kB
NFS_Unstable:          0 kB
Bounce:                0 kB
WritebackTmp:          0 kB
CommitLimit:     1242116 kB
Committed_AS:   56797780 kB
VmallocTotal:     409600 kB
VmallocUsed:       36728 kB
VmallocChunk:     102428 kB
Time pass: 64 sec

---2015-12-16 15:27:45
MemTotal:        1959952 kB
MemFree:          106044 kB
Buffers:            2228 kB
Cached:           963772 kB
SwapCached:          840 kB
Active:           752836 kB
Inactive:         653452 kB
Active(anon):     270920 kB
Inactive(anon):   171372 kB
Active(file):     481916 kB
Inactive(file):   482080 kB
Unevictable:        1744 kB
Mlocked:               0 kB
HighTotal:       1372556 kB
HighFree:          37404 kB
LowTotal:         587396 kB
LowFree:           68640 kB
SwapTotal:        262140 kB
SwapFree:         227460 kB
Dirty:               696 kB
Writeback:             0 kB
AnonPages:        442136 kB
Mapped:           359944 kB
Shmem:               252 kB
Slab:              56056 kB
SReclaimable:      17060 kB
SUnreclaim:        38996 kB
KernelStack:       15944 kB
PageTables:        27576 kB
NFS_Unstable:          0 kB
Bounce:                0 kB
WritebackTmp:          0 kB
CommitLimit:     1242116 kB
Committed_AS:   56797768 kB
VmallocTotal:     409600 kB
VmallocUsed:       36728 kB
VmallocChunk:     102428 kB
Time pass: 67 sec

---2015-12-16 15:27:45
MemTotal:        1959952 kB
MemFree:           99232 kB
Buffers:            2228 kB
Cached:           943072 kB
SwapCached:          840 kB
Active:           742524 kB
Inactive:         650552 kB
Active(anon):     276508 kB
Inactive(anon):   173264 kB
Active(file):     466016 kB
Inactive(file):   477288 kB
Unevictable:        1744 kB
Mlocked:               0 kB
HighTotal:       1372556 kB
HighFree:          33600 kB
LowTotal:         587396 kB
LowFree:           65632 kB
SwapTotal:        262140 kB
SwapFree:         227244 kB
Dirty:               928 kB
Writeback:             0 kB
AnonPages:        449524 kB
Mapped:           374792 kB
Shmem:               252 kB
Slab:              56196 kB
SReclaimable:      17012 kB
SUnreclaim:        39184 kB
KernelStack:       15960 kB
PageTables:        27648 kB
NFS_Unstable:          0 kB
Bounce:                0 kB
WritebackTmp:          0 kB
CommitLimit:     1242116 kB
Committed_AS:   56804288 kB
VmallocTotal:     409600 kB
VmallocUsed:       36840 kB
VmallocChunk:     102428 kB
Time pass: 71 sec

---2015-12-16 15:27:45
MemTotal:        1959952 kB
MemFree:           82808 kB
Buffers:            2228 kB
Cached:           948728 kB
SwapCached:          840 kB
Active:           753984 kB
Inactive:         656044 kB
Active(anon):     287812 kB
Inactive(anon):   173256 kB
Active(file):     466172 kB
Inactive(file):   482788 kB
Unevictable:        1744 kB
Mlocked:               0 kB
HighTotal:       1372556 kB
HighFree:          24104 kB
LowTotal:         587396 kB
LowFree:           58704 kB
SwapTotal:        262140 kB
SwapFree:         227244 kB
Dirty:              1100 kB
Writeback:             0 kB
AnonPages:        461024 kB
Mapped:           378416 kB
Shmem:               252 kB
Slab:              56152 kB
SReclaimable:      17068 kB
SUnreclaim:        39084 kB
KernelStack:       16024 kB
PageTables:        27684 kB
NFS_Unstable:          0 kB
Bounce:                0 kB
WritebackTmp:          0 kB
CommitLimit:     1242116 kB
Committed_AS:   56821320 kB
VmallocTotal:     409600 kB
VmallocUsed:       36840 kB
VmallocChunk:     102428 kB
Time pass: 75 sec

---2015-12-16 15:27:45
MemTotal:        1959952 kB
MemFree:           94972 kB
Buffers:            1200 kB
Cached:           908776 kB
SwapCached:         1300 kB
Active:           737460 kB
Inactive:         637584 kB
Active(anon):     291004 kB
Inactive(anon):   176204 kB
Active(file):     446456 kB
Inactive(file):   461380 kB
Unevictable:        1744 kB
Mlocked:               0 kB
HighTotal:       1372556 kB
HighFree:          33160 kB
LowTotal:         587396 kB
LowFree:           61812 kB
SwapTotal:        262140 kB
SwapFree:         224648 kB
Dirty:               904 kB
Writeback:             0 kB
AnonPages:        466816 kB
Mapped:           376224 kB
Shmem:               388 kB
Slab:              55328 kB
SReclaimable:      16680 kB
SUnreclaim:        38648 kB
KernelStack:       16144 kB
PageTables:        27840 kB
NFS_Unstable:          0 kB
Bounce:                0 kB
WritebackTmp:          0 kB
CommitLimit:     1242116 kB
Committed_AS:   56840636 kB
VmallocTotal:     409600 kB
VmallocUsed:       36844 kB
VmallocChunk:     102428 kB
Time pass: 80 sec

---2015-12-16 15:27:45
MemTotal:        1959952 kB
MemFree:          127932 kB
Buffers:            1196 kB
Cached:           849092 kB
SwapCached:         1300 kB
Active:           711632 kB
Inactive:         604856 kB
Active(anon):     292172 kB
Inactive(anon):   176364 kB
Active(file):     419460 kB
Inactive(file):   428492 kB
Unevictable:        1744 kB
Mlocked:               0 kB
HighTotal:       1372556 kB
HighFree:          63220 kB
LowTotal:         587396 kB
LowFree:           64712 kB
SwapTotal:        262140 kB
SwapFree:         223456 kB
Dirty:               900 kB
Writeback:             0 kB
AnonPages:        467924 kB
Mapped:           375760 kB
Shmem:               592 kB
Slab:              55340 kB
SReclaimable:      16752 kB
SUnreclaim:        38588 kB
KernelStack:       16088 kB
PageTables:        27964 kB
NFS_Unstable:          0 kB
Bounce:                0 kB
WritebackTmp:          0 kB
CommitLimit:     1242116 kB
Committed_AS:   56842432 kB
VmallocTotal:     409600 kB
VmallocUsed:       36844 kB
VmallocChunk:     102428 kB
Time pass: 85 sec

---2015-12-16 15:27:45
MemTotal:        1959952 kB
MemFree:          127544 kB
Buffers:            1196 kB
Cached:           849176 kB
SwapCached:         1300 kB
Active:           712152 kB
Inactive:         604948 kB
Active(anon):     292660 kB
Inactive(anon):   176456 kB
Active(file):     419492 kB
Inactive(file):   428492 kB
Unevictable:        1744 kB
Mlocked:               0 kB
HighTotal:       1372556 kB
HighFree:          61684 kB
LowTotal:         587396 kB
LowFree:           65860 kB
SwapTotal:        262140 kB
SwapFree:         223456 kB
Dirty:               884 kB
Writeback:             0 kB
AnonPages:        468444 kB
Mapped:           375784 kB
Shmem:               644 kB
Slab:              55376 kB
SReclaimable:      16752 kB
SUnreclaim:        38624 kB
KernelStack:       16064 kB
PageTables:        27976 kB
NFS_Unstable:          0 kB
Bounce:                0 kB
WritebackTmp:          0 kB
CommitLimit:     1242116 kB
Committed_AS:   56842800 kB
VmallocTotal:     409600 kB
VmallocUsed:       36844 kB
VmallocChunk:     102428 kB
Time pass: 90 sec

---2015-12-16 15:27:45
MemTotal:        1959952 kB
MemFree:          127112 kB
Buffers:            1196 kB
Cached:           849244 kB
SwapCached:         1300 kB
Active:           711520 kB
Inactive:         604932 kB
Active(anon):     291968 kB
Inactive(anon):   176436 kB
Active(file):     419552 kB
Inactive(file):   428496 kB
Unevictable:        1744 kB
Mlocked:               0 kB
HighTotal:       1372556 kB
HighFree:          59740 kB
LowTotal:         587396 kB
LowFree:           67372 kB
SwapTotal:        262140 kB
SwapFree:         223456 kB
Dirty:               900 kB
Writeback:             0 kB
AnonPages:        467712 kB
Mapped:           375808 kB
Shmem:               644 kB
Slab:              55376 kB
SReclaimable:      16752 kB
SUnreclaim:        38624 kB
KernelStack:       16040 kB
PageTables:        27956 kB
NFS_Unstable:          0 kB
Bounce:                0 kB
WritebackTmp:          0 kB
CommitLimit:     1242116 kB
Committed_AS:   56841964 kB
VmallocTotal:     409600 kB
VmallocUsed:       36844 kB
VmallocChunk:     102428 kB
Time pass: 94 sec

---2015-12-16 15:27:45
MemTotal:        1959952 kB
MemFree:          126284 kB
Buffers:            1196 kB
Cached:           849300 kB
SwapCached:         1300 kB
Active:           712724 kB
Inactive:         604936 kB
Active(anon):     293116 kB
Inactive(anon):   176436 kB
Active(file):     419608 kB
Inactive(file):   428500 kB
Unevictable:        1744 kB
Mlocked:               0 kB
HighTotal:       1372556 kB
HighFree:          58548 kB
LowTotal:         587396 kB
LowFree:           67736 kB
SwapTotal:        262140 kB
SwapFree:         223456 kB
Dirty:               896 kB
Writeback:             0 kB
AnonPages:        468808 kB
Mapped:           375808 kB
Shmem:               644 kB
Slab:              55396 kB
SReclaimable:      16752 kB
SUnreclaim:        38644 kB
KernelStack:       16040 kB
PageTables:        27960 kB
NFS_Unstable:          0 kB
Bounce:                0 kB
WritebackTmp:          0 kB
CommitLimit:     1242116 kB
Committed_AS:   56844004 kB
VmallocTotal:     409600 kB
VmallocUsed:       36844 kB
VmallocChunk:     102428 kB
Time pass: 98 sec

---2015-12-16 15:27:45
MemTotal:        1959952 kB
MemFree:          125904 kB
Buffers:            1196 kB
Cached:           849380 kB
SwapCached:         1300 kB
Active:           712824 kB
Inactive:         604964 kB
Active(anon):     293164 kB
Inactive(anon):   176464 kB
Active(file):     419660 kB
Inactive(file):   428500 kB
Unevictable:        1744 kB
Mlocked:               0 kB
HighTotal:       1372556 kB
HighFree:          57980 kB
LowTotal:         587396 kB
LowFree:           67924 kB
SwapTotal:        262140 kB
SwapFree:         223456 kB
Dirty:               880 kB
Writeback:             0 kB
AnonPages:        468776 kB
Mapped:           375812 kB
Shmem:               672 kB
Slab:              55268 kB
SReclaimable:      16752 kB
SUnreclaim:        38516 kB
KernelStack:       16056 kB
PageTables:        27972 kB
NFS_Unstable:          0 kB
Bounce:                0 kB
WritebackTmp:          0 kB
CommitLimit:     1242116 kB
Committed_AS:   56844012 kB
VmallocTotal:     409600 kB
VmallocUsed:       36844 kB
VmallocChunk:     102428 kB
Time pass: 102 sec

---2015-12-16 15:27:45
MemTotal:        1959952 kB
MemFree:          125592 kB
Buffers:            1196 kB
Cached:           849440 kB
SwapCached:         1300 kB
Active:           713016 kB
Inactive:         605004 kB
Active(anon):     293336 kB
Inactive(anon):   176464 kB
Active(file):     419680 kB
Inactive(file):   428540 kB
Unevictable:        1744 kB
Mlocked:               0 kB
HighTotal:       1372556 kB
HighFree:          57952 kB
LowTotal:         587396 kB
LowFree:           67640 kB
SwapTotal:        262140 kB
SwapFree:         223456 kB
Dirty:               928 kB
Writeback:             0 kB
AnonPages:        468936 kB
Mapped:           375816 kB
Shmem:               672 kB
Slab:              55396 kB
SReclaimable:      16752 kB
SUnreclaim:        38644 kB
KernelStack:       16056 kB
PageTables:        27972 kB
NFS_Unstable:          0 kB
Bounce:                0 kB
WritebackTmp:          0 kB
CommitLimit:     1242116 kB
Committed_AS:   56852280 kB
VmallocTotal:     409600 kB
VmallocUsed:       36844 kB
VmallocChunk:     102428 kB
Time pass: 106 sec

---2015-12-16 15:27:45
MemTotal:        1959952 kB
MemFree:          125744 kB
Buffers:            1196 kB
Cached:           849520 kB
SwapCached:         1300 kB
Active:           713192 kB
Inactive:         605024 kB
Active(anon):     293456 kB
Inactive(anon):   176492 kB
Active(file):     419736 kB
Inactive(file):   428532 kB
Unevictable:        1744 kB
Mlocked:               0 kB
HighTotal:       1372556 kB
HighFree:          57960 kB
LowTotal:         587396 kB
LowFree:           67784 kB
SwapTotal:        262140 kB
SwapFree:         223456 kB
Dirty:               908 kB
Writeback:             0 kB
AnonPages:        469060 kB
Mapped:           375920 kB
Shmem:               700 kB
Slab:              55320 kB
SReclaimable:      16752 kB
SUnreclaim:        38568 kB
KernelStack:       16064 kB
PageTables:        27976 kB
NFS_Unstable:          0 kB
Bounce:                0 kB
WritebackTmp:          0 kB
CommitLimit:     1242116 kB
Committed_AS:   56844020 kB
VmallocTotal:     409600 kB
VmallocUsed:       36844 kB
VmallocChunk:     102428 kB
Time pass: 110 sec

---2015-12-16 15:27:45
MemTotal:        1959952 kB
MemFree:          124552 kB
Buffers:            2348 kB
Cached:           849604 kB
SwapCached:         1300 kB
Active:           713172 kB
Inactive:         606220 kB
Active(anon):     293392 kB
Inactive(anon):   176500 kB
Active(file):     419780 kB
Inactive(file):   429720 kB
Unevictable:        1744 kB
Mlocked:               0 kB
HighTotal:       1372556 kB
HighFree:          57984 kB
LowTotal:         587396 kB
LowFree:           66568 kB
SwapTotal:        262140 kB
SwapFree:         223460 kB
Dirty:               892 kB
Writeback:             0 kB
AnonPages:        468948 kB
Mapped:           375852 kB
Shmem:               704 kB
Slab:              55284 kB
SReclaimable:      16752 kB
SUnreclaim:        38532 kB
KernelStack:       16056 kB
PageTables:        27968 kB
NFS_Unstable:          0 kB
Bounce:                0 kB
WritebackTmp:          0 kB
CommitLimit:     1242116 kB
Committed_AS:   56843936 kB
VmallocTotal:     409600 kB
VmallocUsed:       36844 kB
VmallocChunk:     102428 kB
Time pass: 114 sec

---2015-12-16 15:27:45
MemTotal:        1959952 kB
MemFree:          124860 kB
Buffers:            2348 kB
Cached:           849680 kB
SwapCached:         1300 kB
Active:           713476 kB
Inactive:         606252 kB
Active(anon):     293652 kB
Inactive(anon):   176500 kB
Active(file):     419824 kB
Inactive(file):   429752 kB
Unevictable:        1744 kB
Mlocked:               0 kB
HighTotal:       1372556 kB
HighFree:          58212 kB
LowTotal:         587396 kB
LowFree:           66648 kB
SwapTotal:        262140 kB
SwapFree:         223460 kB
Dirty:               900 kB
Writeback:             0 kB
AnonPages:        469324 kB
Mapped:           375876 kB
Shmem:               704 kB
Slab:              55220 kB
SReclaimable:      16752 kB
SUnreclaim:        38468 kB
KernelStack:       16056 kB
PageTables:        27960 kB
NFS_Unstable:          0 kB
Bounce:                0 kB
WritebackTmp:          0 kB
CommitLimit:     1242116 kB
Committed_AS:   56844272 kB
VmallocTotal:     409600 kB
VmallocUsed:       36844 kB
VmallocChunk:     102428 kB
Time pass: 118 sec

---2015-12-16 15:27:45
MemTotal:        1959952 kB
MemFree:          123784 kB
Buffers:            2348 kB
Cached:           849872 kB
SwapCached:         1300 kB
Active:           713772 kB
Inactive:         606396 kB
Active(anon):     293900 kB
Inactive(anon):   176640 kB
Active(file):     419872 kB
Inactive(file):   429756 kB
Unevictable:        1744 kB
Mlocked:               0 kB
HighTotal:       1372556 kB
HighFree:          57320 kB
LowTotal:         587396 kB
LowFree:           66464 kB
SwapTotal:        262140 kB
SwapFree:         223460 kB
Dirty:               868 kB
Writeback:             0 kB
AnonPages:        469640 kB
Mapped:           375992 kB
Shmem:               844 kB
Slab:              55368 kB
SReclaimable:      16752 kB
SUnreclaim:        38616 kB
KernelStack:       16064 kB
PageTables:        27976 kB
NFS_Unstable:          0 kB
Bounce:                0 kB
WritebackTmp:          0 kB
CommitLimit:     1242116 kB
Committed_AS:   56844404 kB
VmallocTotal:     409600 kB
VmallocUsed:       36844 kB
VmallocChunk:     102428 kB
Time pass: 122 sec

---2015-12-16 15:27:45
MemTotal:        1959952 kB
MemFree:          121896 kB
Buffers:            2348 kB
Cached:           850652 kB
SwapCached:         1300 kB
Active:           715528 kB
Inactive:         607140 kB
Active(anon):     295608 kB
Inactive(anon):   177384 kB
Active(file):     419920 kB
Inactive(file):   429756 kB
Unevictable:        1744 kB
Mlocked:               0 kB
HighTotal:       1372556 kB
HighFree:          55468 kB
LowTotal:         587396 kB
LowFree:           66428 kB
SwapTotal:        262140 kB
SwapFree:         223460 kB
Dirty:               912 kB
Writeback:             0 kB
AnonPages:        471208 kB
Mapped:           376912 kB
Shmem:              1580 kB
Slab:              55304 kB
SReclaimable:      16752 kB
SUnreclaim:        38552 kB
KernelStack:       16064 kB
PageTables:        27972 kB
NFS_Unstable:          0 kB
Bounce:                0 kB
WritebackTmp:          0 kB
CommitLimit:     1242116 kB
Committed_AS:   56845912 kB
VmallocTotal:     409600 kB
VmallocUsed:       36844 kB
VmallocChunk:     102428 kB
Time pass: 126 sec

---2015-12-16 15:27:45
MemTotal:        1959952 kB
MemFree:          116644 kB
Buffers:            2348 kB
Cached:           852864 kB
SwapCached:         1296 kB
Active:           717104 kB
Inactive:         609096 kB
Active(anon):     296940 kB
Inactive(anon):   176044 kB
Active(file):     420164 kB
Inactive(file):   433052 kB
Unevictable:        1744 kB
Mlocked:               0 kB
HighTotal:       1372556 kB
HighFree:          50108 kB
LowTotal:         587396 kB
LowFree:           66536 kB
SwapTotal:        262140 kB
SwapFree:         223464 kB
Dirty:               872 kB
Writeback:             0 kB
AnonPages:        472712 kB
Mapped:           375924 kB
Shmem:               252 kB
Slab:              55432 kB
SReclaimable:      16752 kB
SUnreclaim:        38680 kB
KernelStack:       15960 kB
PageTables:        28020 kB
NFS_Unstable:          0 kB
Bounce:                0 kB
WritebackTmp:          0 kB
CommitLimit:     1242116 kB
Committed_AS:   58689892 kB
VmallocTotal:     409600 kB
VmallocUsed:       36844 kB
VmallocChunk:     102428 kB
Time pass: 130 sec

---2015-12-16 15:27:45
MemTotal:        1959952 kB
MemFree:          354648 kB
Buffers:            2348 kB
Cached:           853712 kB
SwapCached:         1340 kB
Active:           632508 kB
Inactive:         609440 kB
Active(anon):     211832 kB
Inactive(anon):   175964 kB
Active(file):     420676 kB
Inactive(file):   433476 kB
Unevictable:        1744 kB
Mlocked:               0 kB
HighTotal:       1372556 kB
HighFree:         210164 kB
LowTotal:         587396 kB
LowFree:          144484 kB
SwapTotal:        262140 kB
SwapFree:         223480 kB
Dirty:               128 kB
Writeback:             0 kB
AnonPages:        387720 kB
Mapped:           258908 kB
Shmem:               120 kB
Slab:              55696 kB
SReclaimable:      16744 kB
SUnreclaim:        38952 kB
KernelStack:       15192 kB
PageTables:        25836 kB
NFS_Unstable:          0 kB
Bounce:                0 kB
WritebackTmp:          0 kB
CommitLimit:     1242116 kB
Committed_AS:   54811536 kB
VmallocTotal:     409600 kB
VmallocUsed:       33996 kB
VmallocChunk:     115740 kB
Time pass: 134 sec

---2015-12-16 15:27:45
MemTotal:        1959952 kB
MemFree:          354980 kB
Buffers:            2348 kB
Cached:           853712 kB
SwapCached:         1340 kB
Active:           632252 kB
Inactive:         609484 kB
Active(anon):     211576 kB
Inactive(anon):   175964 kB
Active(file):     420676 kB
Inactive(file):   433520 kB
Unevictable:        1744 kB
Mlocked:               0 kB
HighTotal:       1372556 kB
HighFree:         210256 kB
LowTotal:         587396 kB
LowFree:          144724 kB
SwapTotal:        262140 kB
SwapFree:         223480 kB
Dirty:                24 kB
Writeback:             0 kB
AnonPages:        387304 kB
Mapped:           258908 kB
Shmem:               120 kB
Slab:              55660 kB
SReclaimable:      16744 kB
SUnreclaim:        38916 kB
KernelStack:       15088 kB
PageTables:        25836 kB
NFS_Unstable:          0 kB
Bounce:                0 kB
WritebackTmp:          0 kB
CommitLimit:     1242116 kB
Committed_AS:   54811604 kB
VmallocTotal:     409600 kB
VmallocUsed:       33996 kB
VmallocChunk:     115740 kB
Time pass: 137 sec

---2015-12-16 15:27:45
MemTotal:        1959952 kB
MemFree:          356524 kB
Buffers:            2348 kB
Cached:           853728 kB
SwapCached:         1324 kB
Active:           630824 kB
Inactive:         608552 kB
Active(anon):     210148 kB
Inactive(anon):   175032 kB
Active(file):     420676 kB
Inactive(file):   433520 kB
Unevictable:        1744 kB
Mlocked:               0 kB
HighTotal:       1372556 kB
HighFree:         211368 kB
LowTotal:         587396 kB
LowFree:          145156 kB
SwapTotal:        262140 kB
SwapFree:         223500 kB
Dirty:                24 kB
Writeback:             0 kB
AnonPages:        384564 kB
Mapped:           258972 kB
Shmem:               120 kB
Slab:              55656 kB
SReclaimable:      16744 kB
SUnreclaim:        38912 kB
KernelStack:       15128 kB
PageTables:        25864 kB
NFS_Unstable:          0 kB
Bounce:                0 kB
WritebackTmp:          0 kB
CommitLimit:     1242116 kB
Committed_AS:   54811768 kB
VmallocTotal:     409600 kB
VmallocUsed:       33996 kB
VmallocChunk:     115740 kB
Time pass: 141 sec

---2015-12-16 15:27:45
MemTotal:        1959952 kB
MemFree:          361604 kB
Buffers:            2348 kB
Cached:           853712 kB
SwapCached:         1324 kB
Active:           630820 kB
Inactive:         608440 kB
Active(anon):     210144 kB
Inactive(anon):   174920 kB
Active(file):     420676 kB
Inactive(file):   433520 kB
Unevictable:        1744 kB
Mlocked:               0 kB
HighTotal:       1372556 kB
HighFree:         211336 kB
LowTotal:         587396 kB
LowFree:          150268 kB
SwapTotal:        262140 kB
SwapFree:         223500 kB
Dirty:                28 kB
Writeback:             0 kB
AnonPages:        384872 kB
Mapped:           258916 kB
Shmem:               120 kB
Slab:              55660 kB
SReclaimable:      16744 kB
SUnreclaim:        38916 kB
KernelStack:       15088 kB
PageTables:        25836 kB
NFS_Unstable:          0 kB
Bounce:                0 kB
WritebackTmp:          0 kB
CommitLimit:     1242116 kB
Committed_AS:   54811876 kB
VmallocTotal:     409600 kB
VmallocUsed:       33996 kB
VmallocChunk:     115740 kB
Time pass: 145 sec

---2015-12-16 15:27:45
MemTotal:        1959952 kB
MemFree:          361444 kB
Buffers:            2348 kB
Cached:           853712 kB
SwapCached:         1324 kB
Active:           631028 kB
Inactive:         608440 kB
Active(anon):     210352 kB
Inactive(anon):   174920 kB
Active(file):     420676 kB
Inactive(file):   433520 kB
Unevictable:        1744 kB
Mlocked:               0 kB
HighTotal:       1372556 kB
HighFree:         211136 kB
LowTotal:         587396 kB
LowFree:          150308 kB
SwapTotal:        262140 kB
SwapFree:         223500 kB
Dirty:                28 kB
Writeback:             0 kB
AnonPages:        385104 kB
Mapped:           258916 kB
Shmem:               120 kB
Slab:              55648 kB
SReclaimable:      16744 kB
SUnreclaim:        38904 kB
KernelStack:       15088 kB
PageTables:        25836 kB
NFS_Unstable:          0 kB
Bounce:                0 kB
WritebackTmp:          0 kB
CommitLimit:     1242116 kB
Committed_AS:   54811980 kB
VmallocTotal:     409600 kB
VmallocUsed:       33996 kB
VmallocChunk:     115740 kB
Time pass: 148 sec

---2015-12-16 15:27:45
MemTotal:        1959952 kB
MemFree:          360996 kB
Buffers:            2348 kB
Cached:           853712 kB
SwapCached:         1324 kB
Active:           631400 kB
Inactive:         608440 kB
Active(anon):     210724 kB
Inactive(anon):   174920 kB
Active(file):     420676 kB
Inactive(file):   433520 kB
Unevictable:        1744 kB
Mlocked:               0 kB
HighTotal:       1372556 kB
HighFree:         210688 kB
LowTotal:         587396 kB
LowFree:          150308 kB
SwapTotal:        262140 kB
SwapFree:         223500 kB
Dirty:                28 kB
Writeback:             0 kB
AnonPages:        385584 kB
Mapped:           258916 kB
Shmem:               120 kB
Slab:              55648 kB
SReclaimable:      16744 kB
SUnreclaim:        38904 kB
KernelStack:       15088 kB
PageTables:        25836 kB
NFS_Unstable:          0 kB
Bounce:                0 kB
WritebackTmp:          0 kB
CommitLimit:     1242116 kB
Committed_AS:   54812432 kB
VmallocTotal:     409600 kB
VmallocUsed:       33996 kB
VmallocChunk:     115740 kB
Time pass: 152 sec

---2015-12-16 15:27:45
MemTotal:        1959952 kB
MemFree:          359476 kB
Buffers:            2348 kB
Cached:           854280 kB
SwapCached:         1324 kB
Active:           632480 kB
Inactive:         608976 kB
Active(anon):     211812 kB
Inactive(anon):   174908 kB
Active(file):     420668 kB
Inactive(file):   434068 kB
Unevictable:        1744 kB
Mlocked:               0 kB
HighTotal:       1372556 kB
HighFree:         209240 kB
LowTotal:         587396 kB
LowFree:          150236 kB
SwapTotal:        262140 kB
SwapFree:         223500 kB
Dirty:                 0 kB
Writeback:             0 kB
AnonPages:        386548 kB
Mapped:           258916 kB
Shmem:               120 kB
Slab:              55704 kB
SReclaimable:      16744 kB
SUnreclaim:        38960 kB
KernelStack:       15056 kB
PageTables:        25820 kB
NFS_Unstable:          0 kB
Bounce:                0 kB
WritebackTmp:          0 kB
CommitLimit:     1242116 kB
Committed_AS:   54812940 kB
VmallocTotal:     409600 kB
VmallocUsed:       33996 kB
VmallocChunk:     115740 kB
Time pass: 158 sec

---2015-12-16 15:27:45
MemTotal:        1959952 kB
MemFree:          359476 kB
Buffers:            2348 kB
Cached:           854280 kB
SwapCached:         1324 kB
Active:           632704 kB
Inactive:         608976 kB
Active(anon):     212028 kB
Inactive(anon):   174888 kB
Active(file):     420676 kB
Inactive(file):   434088 kB
Unevictable:        1744 kB
Mlocked:               0 kB
HighTotal:       1372556 kB
HighFree:         209004 kB
LowTotal:         587396 kB
LowFree:          150472 kB
SwapTotal:        262140 kB
SwapFree:         223500 kB
Dirty:                52 kB
Writeback:             0 kB
AnonPages:        386680 kB
Mapped:           258992 kB
Shmem:               120 kB
Slab:              55664 kB
SReclaimable:      16744 kB
SUnreclaim:        38920 kB
KernelStack:       14960 kB
PageTables:        25836 kB
NFS_Unstable:          0 kB
Bounce:                0 kB
WritebackTmp:          0 kB
CommitLimit:     1242116 kB
Committed_AS:   54813296 kB
VmallocTotal:     409600 kB
VmallocUsed:       33996 kB
VmallocChunk:     115740 kB
Time pass: 161 sec

---2015-12-16 15:27:45
MemTotal:        1959952 kB
MemFree:          359628 kB
Buffers:            2348 kB
Cached:           854280 kB
SwapCached:         1324 kB
Active:           632744 kB
Inactive:         608976 kB
Active(anon):     212068 kB
Inactive(anon):   174888 kB
Active(file):     420676 kB
Inactive(file):   434088 kB
Unevictable:        1744 kB
Mlocked:               0 kB
HighTotal:       1372556 kB
HighFree:         208820 kB
LowTotal:         587396 kB
LowFree:          150808 kB
SwapTotal:        262140 kB
SwapFree:         223500 kB
Dirty:                72 kB
Writeback:             0 kB
AnonPages:        386852 kB
Mapped:           258992 kB
Shmem:               120 kB
Slab:              55536 kB
SReclaimable:      16744 kB
SUnreclaim:        38792 kB
KernelStack:       14952 kB
PageTables:        25836 kB
NFS_Unstable:          0 kB
Bounce:                0 kB
WritebackTmp:          0 kB
CommitLimit:     1242116 kB
Committed_AS:   54813168 kB
VmallocTotal:     409600 kB
VmallocUsed:       33996 kB
VmallocChunk:     115740 kB
Time pass: 165 sec

---2015-12-16 15:27:45
MemTotal:        1959952 kB
MemFree:          321712 kB
Buffers:            2348 kB
Cached:           854832 kB
SwapCached:         1372 kB
Active:           652824 kB
Inactive:         607516 kB
Active(anon):     230104 kB
Inactive(anon):   175052 kB
Active(file):     422720 kB
Inactive(file):   432464 kB
Unevictable:        1744 kB
Mlocked:               0 kB
HighTotal:       1372556 kB
HighFree:         182144 kB
LowTotal:         587396 kB
LowFree:          139568 kB
SwapTotal:        262140 kB
SwapFree:         223504 kB
Dirty:               812 kB
Writeback:             0 kB
AnonPages:        405036 kB
Mapped:           286120 kB
Shmem:               252 kB
Slab:              55604 kB
SReclaimable:      16764 kB
SUnreclaim:        38840 kB
KernelStack:       15568 kB
PageTables:        26696 kB
NFS_Unstable:          0 kB
Bounce:                0 kB
WritebackTmp:          0 kB
CommitLimit:     1242116 kB
Committed_AS:   55819008 kB
VmallocTotal:     409600 kB
VmallocUsed:       35164 kB
VmallocChunk:     115740 kB
Time pass: 168 sec

---2015-12-16 15:27:45
MemTotal:        1959952 kB
MemFree:          265764 kB
Buffers:            2348 kB
Cached:           855840 kB
SwapCached:         1376 kB
Active:           665556 kB
Inactive:         605896 kB
Active(anon):     241428 kB
Inactive(anon):   173836 kB
Active(file):     424128 kB
Inactive(file):   432060 kB
Unevictable:        1744 kB
Mlocked:               0 kB
HighTotal:       1372556 kB
HighFree:         151412 kB
LowTotal:         587396 kB
LowFree:          114352 kB
SwapTotal:        262140 kB
SwapFree:         223508 kB
Dirty:               956 kB
Writeback:             0 kB
AnonPages:        414664 kB
Mapped:           291984 kB
Shmem:               252 kB
Slab:              55776 kB
SReclaimable:      16764 kB
SUnreclaim:        39012 kB
KernelStack:       15640 kB
PageTables:        26820 kB
NFS_Unstable:          0 kB
Bounce:                0 kB
WritebackTmp:          0 kB
CommitLimit:     1242116 kB
Committed_AS:   55829376 kB
VmallocTotal:     409600 kB
VmallocUsed:       35376 kB
VmallocChunk:     115740 kB
Time pass: 173 sec

---2015-12-16 15:27:45
MemTotal:        1959952 kB
MemFree:          222944 kB
Buffers:            2348 kB
Cached:           856376 kB
SwapCached:         1416 kB
Active:           680092 kB
Inactive:         605956 kB
Active(anon):     255516 kB
Inactive(anon):   173876 kB
Active(file):     424576 kB
Inactive(file):   432080 kB
Unevictable:        1744 kB
Mlocked:               0 kB
HighTotal:       1372556 kB
HighFree:         128596 kB
LowTotal:         587396 kB
LowFree:           94348 kB
SwapTotal:        262140 kB
SwapFree:         223508 kB
Dirty:               628 kB
Writeback:             0 kB
AnonPages:        429060 kB
Mapped:           300768 kB
Shmem:               252 kB
Slab:              55772 kB
SReclaimable:      16764 kB
SUnreclaim:        39008 kB
KernelStack:       15720 kB
PageTables:        26924 kB
NFS_Unstable:          0 kB
Bounce:                0 kB
WritebackTmp:          0 kB
CommitLimit:     1242116 kB
Committed_AS:   55839768 kB
VmallocTotal:     409600 kB
VmallocUsed:       35488 kB
VmallocChunk:     115740 kB
Time pass: 177 sec

---2015-12-16 15:27:45
MemTotal:        1959952 kB
MemFree:          189436 kB
Buffers:            2348 kB
Cached:           863320 kB
SwapCached:         1416 kB
Active:           692132 kB
Inactive:         599244 kB
Active(anon):     253828 kB
Inactive(anon):   173876 kB
Active(file):     438304 kB
Inactive(file):   425368 kB
Unevictable:        1744 kB
Mlocked:               0 kB
HighTotal:       1372556 kB
HighFree:         106436 kB
LowTotal:         587396 kB
LowFree:           83000 kB
SwapTotal:        262140 kB
SwapFree:         223508 kB
Dirty:              7632 kB
Writeback:             0 kB
AnonPages:        427348 kB
Mapped:           316476 kB
Shmem:               252 kB
Slab:              55676 kB
SReclaimable:      16772 kB
SUnreclaim:        38904 kB
KernelStack:       15728 kB
PageTables:        27000 kB
NFS_Unstable:          0 kB
Bounce:                0 kB
WritebackTmp:          0 kB
CommitLimit:     1242116 kB
Committed_AS:   55839916 kB
VmallocTotal:     409600 kB
VmallocUsed:       35600 kB
VmallocChunk:     115740 kB
Time pass: 180 sec

---2015-12-16 15:27:45
MemTotal:        1959952 kB
MemFree:          175836 kB
Buffers:            2348 kB
Cached:           863484 kB
SwapCached:         1416 kB
Active:           693548 kB
Inactive:         599160 kB
Active(anon):     255000 kB
Inactive(anon):   173876 kB
Active(file):     438548 kB
Inactive(file):   425284 kB
Unevictable:        1744 kB
Mlocked:               0 kB
HighTotal:       1372556 kB
HighFree:          92896 kB
LowTotal:         587396 kB
LowFree:           82940 kB
SwapTotal:        262140 kB
SwapFree:         223508 kB
Dirty:               648 kB
Writeback:             0 kB
AnonPages:        428424 kB
Mapped:           327724 kB
Shmem:               252 kB
Slab:              55660 kB
SReclaimable:      16772 kB
SUnreclaim:        38888 kB
KernelStack:       15712 kB
PageTables:        27004 kB
NFS_Unstable:          0 kB
Bounce:                0 kB
WritebackTmp:          0 kB
CommitLimit:     1242116 kB
Committed_AS:   55841040 kB
VmallocTotal:     409600 kB
VmallocUsed:       35636 kB
VmallocChunk:     115740 kB
Time pass: 184 sec

---2015-12-16 15:27:45
MemTotal:        1959952 kB
MemFree:          148672 kB
Buffers:            2348 kB
Cached:           863508 kB
SwapCached:         1416 kB
Active:           715700 kB
Inactive:         599084 kB
Active(anon):     277048 kB
Inactive(anon):   173876 kB
Active(file):     438652 kB
Inactive(file):   425208 kB
Unevictable:        1744 kB
Mlocked:               0 kB
HighTotal:       1372556 kB
HighFree:          65848 kB
LowTotal:         587396 kB
LowFree:           82824 kB
SwapTotal:        262140 kB
SwapFree:         223508 kB
Dirty:              1200 kB
Writeback:             0 kB
AnonPages:        450896 kB
Mapped:           331908 kB
Shmem:               252 kB
Slab:              55852 kB
SReclaimable:      16772 kB
SUnreclaim:        39080 kB
KernelStack:       15728 kB
PageTables:        26988 kB
NFS_Unstable:          0 kB
Bounce:                0 kB
WritebackTmp:          0 kB
CommitLimit:     1242116 kB
Committed_AS:   55862908 kB
VmallocTotal:     409600 kB
VmallocUsed:       35648 kB
VmallocChunk:     115740 kB
Time pass: 188 sec

---2015-12-16 15:27:45
MemTotal:        1959952 kB
MemFree:          140092 kB
Buffers:            2348 kB
Cached:           863508 kB
SwapCached:         1416 kB
Active:           701332 kB
Inactive:         599100 kB
Active(anon):     262712 kB
Inactive(anon):   173868 kB
Active(file):     438620 kB
Inactive(file):   425232 kB
Unevictable:        1744 kB
Mlocked:               0 kB
HighTotal:       1372556 kB
HighFree:          57412 kB
LowTotal:         587396 kB
LowFree:           82680 kB
SwapTotal:        262140 kB
SwapFree:         223508 kB
Dirty:              1232 kB
Writeback:             0 kB
AnonPages:        436480 kB
Mapped:           349992 kB
Shmem:               252 kB
Slab:              55840 kB
SReclaimable:      16772 kB
SUnreclaim:        39068 kB
KernelStack:       15720 kB
PageTables:        27100 kB
NFS_Unstable:          0 kB
Bounce:                0 kB
WritebackTmp:          0 kB
CommitLimit:     1242116 kB
Committed_AS:   55847916 kB
VmallocTotal:     409600 kB
VmallocUsed:       35748 kB
VmallocChunk:     115740 kB
Time pass: 191 sec

---2015-12-16 15:27:45
MemTotal:        1959952 kB
MemFree:          140432 kB
Buffers:            2348 kB
Cached:           863508 kB
SwapCached:         1416 kB
Active:           701196 kB
Inactive:         599084 kB
Active(anon):     262552 kB
Inactive(anon):   173868 kB
Active(file):     438644 kB
Inactive(file):   425216 kB
Unevictable:        1744 kB
Mlocked:               0 kB
HighTotal:       1372556 kB
HighFree:          57656 kB
LowTotal:         587396 kB
LowFree:           82776 kB
SwapTotal:        262140 kB
SwapFree:         223508 kB
Dirty:               684 kB
Writeback:             0 kB
AnonPages:        435952 kB
Mapped:           349992 kB
Shmem:               252 kB
Slab:              55860 kB
SReclaimable:      16772 kB
SUnreclaim:        39088 kB
KernelStack:       15720 kB
PageTables:        27100 kB
NFS_Unstable:          0 kB
Bounce:                0 kB
WritebackTmp:          0 kB
CommitLimit:     1242116 kB
Committed_AS:   55847864 kB
VmallocTotal:     409600 kB
VmallocUsed:       35748 kB
VmallocChunk:     115740 kB
Time pass: 195 sec

---2015-12-16 15:27:45
MemTotal:        1959952 kB
MemFree:          139688 kB
Buffers:            2348 kB
Cached:           863512 kB
SwapCached:         1416 kB
Active:           701440 kB
Inactive:         599084 kB
Active(anon):     262792 kB
Inactive(anon):   173868 kB
Active(file):     438648 kB
Inactive(file):   425216 kB
Unevictable:        1744 kB
Mlocked:               0 kB
HighTotal:       1372556 kB
HighFree:          56892 kB
LowTotal:         587396 kB
LowFree:           82796 kB
SwapTotal:        262140 kB
SwapFree:         223508 kB
Dirty:               692 kB
Writeback:             0 kB
AnonPages:        436168 kB
Mapped:           350060 kB
Shmem:               252 kB
Slab:              55680 kB
SReclaimable:      16772 kB
SUnreclaim:        38908 kB
KernelStack:       15728 kB
PageTables:        27100 kB
NFS_Unstable:          0 kB
Bounce:                0 kB
WritebackTmp:          0 kB
CommitLimit:     1242116 kB
Committed_AS:   55848076 kB
VmallocTotal:     409600 kB
VmallocUsed:       35748 kB
VmallocChunk:     115740 kB
Time pass: 198 sec

---2015-12-16 15:27:45
MemTotal:        1959952 kB
MemFree:          108388 kB
Buffers:            2548 kB
Cached:           874556 kB
SwapCached:         1416 kB
Active:           721072 kB
Inactive:         609224 kB
Active(anon):     281324 kB
Inactive(anon):   174120 kB
Active(file):     439748 kB
Inactive(file):   435104 kB
Unevictable:        1744 kB
Mlocked:               0 kB
HighTotal:       1372556 kB
HighFree:          29572 kB
LowTotal:         587396 kB
LowFree:           78816 kB
SwapTotal:        262140 kB
SwapFree:         223508 kB
Dirty:               724 kB
Writeback:             0 kB
AnonPages:        455076 kB
Mapped:           353740 kB
Shmem:               508 kB
Slab:              55540 kB
SReclaimable:      16772 kB
SUnreclaim:        38768 kB
KernelStack:       15928 kB
PageTables:        27296 kB
NFS_Unstable:          0 kB
Bounce:                0 kB
WritebackTmp:          0 kB
CommitLimit:     1242116 kB
Committed_AS:   55882624 kB
VmallocTotal:     409600 kB
VmallocUsed:       35748 kB
VmallocChunk:     115740 kB
Time pass: 203 sec

---2015-12-16 15:27:45
MemTotal:        1959952 kB
MemFree:          110212 kB
Buffers:            2548 kB
Cached:           874692 kB
SwapCached:         1416 kB
Active:           729604 kB
Inactive:         604896 kB
Active(anon):     285392 kB
Inactive(anon):   174256 kB
Active(file):     444212 kB
Inactive(file):   430640 kB
Unevictable:        1744 kB
Mlocked:               0 kB
HighTotal:       1372556 kB
HighFree:          31696 kB
LowTotal:         587396 kB
LowFree:           78516 kB
SwapTotal:        262140 kB
SwapFree:         223508 kB
Dirty:               736 kB
Writeback:             0 kB
AnonPages:        458848 kB
Mapped:           351532 kB
Shmem:               644 kB
Slab:              55588 kB
SReclaimable:      16780 kB
SUnreclaim:        38808 kB
KernelStack:       16120 kB
PageTables:        27236 kB
NFS_Unstable:          0 kB
Bounce:                0 kB
WritebackTmp:          0 kB
CommitLimit:     1242116 kB
Committed_AS:   55885688 kB
VmallocTotal:     409600 kB
VmallocUsed:       35728 kB
VmallocChunk:     115740 kB
Time pass: 207 sec

---2015-12-16 15:27:45
MemTotal:        1959952 kB
MemFree:          106676 kB
Buffers:            2548 kB
Cached:           874700 kB
SwapCached:         1416 kB
Active:           732444 kB
Inactive:         604848 kB
Active(anon):     288180 kB
Inactive(anon):   174260 kB
Active(file):     444264 kB
Inactive(file):   430588 kB
Unevictable:        1744 kB
Mlocked:               0 kB
HighTotal:       1372556 kB
HighFree:          28764 kB
LowTotal:         587396 kB
LowFree:           77912 kB
SwapTotal:        262140 kB
SwapFree:         223508 kB
Dirty:               724 kB
Writeback:             0 kB
AnonPages:        461708 kB
Mapped:           354484 kB
Shmem:               652 kB
Slab:              55592 kB
SReclaimable:      16784 kB
SUnreclaim:        38808 kB
KernelStack:       15944 kB
PageTables:        27592 kB
NFS_Unstable:          0 kB
Bounce:                0 kB
WritebackTmp:          0 kB
CommitLimit:     1242116 kB
Committed_AS:   56845760 kB
VmallocTotal:     409600 kB
VmallocUsed:       35728 kB
VmallocChunk:     115740 kB
Time pass: 210 sec

---2015-12-16 15:27:45
MemTotal:        1959952 kB
MemFree:          105936 kB
Buffers:            2548 kB
Cached:           874700 kB
SwapCached:         1416 kB
Active:           732772 kB
Inactive:         604848 kB
Active(anon):     288508 kB
Inactive(anon):   174260 kB
Active(file):     444264 kB
Inactive(file):   430588 kB
Unevictable:        1744 kB
Mlocked:               0 kB
HighTotal:       1372556 kB
HighFree:          27888 kB
LowTotal:         587396 kB
LowFree:           78048 kB
SwapTotal:        262140 kB
SwapFree:         223508 kB
Dirty:               724 kB
Writeback:             0 kB
AnonPages:        461896 kB
Mapped:           351564 kB
Shmem:               652 kB
Slab:              55612 kB
SReclaimable:      16784 kB
SUnreclaim:        38828 kB
KernelStack:       15944 kB
PageTables:        27288 kB
NFS_Unstable:          0 kB
Bounce:                0 kB
WritebackTmp:          0 kB
CommitLimit:     1242116 kB
Committed_AS:   55887512 kB
VmallocTotal:     409600 kB
VmallocUsed:       35728 kB
VmallocChunk:     115740 kB
Time pass: 214 sec

---2015-12-16 15:27:45
MemTotal:        1959952 kB
MemFree:          106912 kB
Buffers:            2548 kB
Cached:           875276 kB
SwapCached:         1416 kB
Active:           731152 kB
Inactive:         605412 kB
Active(anon):     286888 kB
Inactive(anon):   174260 kB
Active(file):     444264 kB
Inactive(file):   431152 kB
Unevictable:        1744 kB
Mlocked:               0 kB
HighTotal:       1372556 kB
HighFree:          29036 kB
LowTotal:         587396 kB
LowFree:           77876 kB
SwapTotal:        262140 kB
SwapFree:         223508 kB
Dirty:               736 kB
Writeback:             0 kB
AnonPages:        460332 kB
Mapped:           351796 kB
Shmem:               664 kB
Slab:              55564 kB
SReclaimable:      16784 kB
SUnreclaim:        38780 kB
KernelStack:       15944 kB
PageTables:        27312 kB
NFS_Unstable:          0 kB
Bounce:                0 kB
WritebackTmp:          0 kB
CommitLimit:     1242116 kB
Committed_AS:   55883800 kB
VmallocTotal:     409600 kB
VmallocUsed:       35728 kB
VmallocChunk:     115740 kB
Time pass: 218 sec

---2015-12-16 15:27:45
MemTotal:        1959952 kB
MemFree:          111176 kB
Buffers:            2548 kB
Cached:           875304 kB
SwapCached:         1416 kB
Active:           726784 kB
Inactive:         605316 kB
Active(anon):     282516 kB
Inactive(anon):   174168 kB
Active(file):     444268 kB
Inactive(file):   431148 kB
Unevictable:        1744 kB
Mlocked:               0 kB
HighTotal:       1372556 kB
HighFree:          33512 kB
LowTotal:         587396 kB
LowFree:           77664 kB
SwapTotal:        262140 kB
SwapFree:         223508 kB
Dirty:               744 kB
Writeback:             0 kB
AnonPages:        455848 kB
Mapped:           351824 kB
Shmem:               692 kB
Slab:              55712 kB
SReclaimable:      16784 kB
SUnreclaim:        38928 kB
KernelStack:       15936 kB
PageTables:        27312 kB
NFS_Unstable:          0 kB
Bounce:                0 kB
WritebackTmp:          0 kB
CommitLimit:     1242116 kB
Committed_AS:   55883772 kB
VmallocTotal:     409600 kB
VmallocUsed:       35728 kB
VmallocChunk:     115740 kB
Time pass: 223 sec

---2015-12-16 15:27:45
MemTotal:        1959952 kB
MemFree:          110288 kB
Buffers:            2548 kB
Cached:           875304 kB
SwapCached:         1416 kB
Active:           727980 kB
Inactive:         605316 kB
Active(anon):     283716 kB
Inactive(anon):   174164 kB
Active(file):     444264 kB
Inactive(file):   431152 kB
Unevictable:        1744 kB
Mlocked:               0 kB
HighTotal:       1372556 kB
HighFree:          32504 kB
LowTotal:         587396 kB
LowFree:           77784 kB
SwapTotal:        262140 kB
SwapFree:         223508 kB
Dirty:               748 kB
Writeback:             0 kB
AnonPages:        457052 kB
Mapped:           351748 kB
Shmem:               692 kB
Slab:              55584 kB
SReclaimable:      16784 kB
SUnreclaim:        38800 kB
KernelStack:       15936 kB
PageTables:        27316 kB
NFS_Unstable:          0 kB
Bounce:                0 kB
WritebackTmp:          0 kB
CommitLimit:     1242116 kB
Committed_AS:   55884732 kB
VmallocTotal:     409600 kB
VmallocUsed:       35728 kB
VmallocChunk:     115740 kB
Time pass: 227 sec

---2015-12-16 15:27:45
MemTotal:        1959952 kB
MemFree:          108844 kB
Buffers:            2548 kB
Cached:           875408 kB
SwapCached:         1416 kB
Active:           729492 kB
Inactive:         605412 kB
Active(anon):     285220 kB
Inactive(anon):   174184 kB
Active(file):     444272 kB
Inactive(file):   431228 kB
Unevictable:        1744 kB
Mlocked:               0 kB
HighTotal:       1372556 kB
HighFree:          31220 kB
LowTotal:         587396 kB
LowFree:           77624 kB
SwapTotal:        262140 kB
SwapFree:         223512 kB
Dirty:               772 kB
Writeback:            24 kB
AnonPages:        458492 kB
Mapped:           351792 kB
Shmem:               712 kB
Slab:              55708 kB
SReclaimable:      16768 kB
SUnreclaim:        38940 kB
KernelStack:       15920 kB
PageTables:        27312 kB
NFS_Unstable:          0 kB
Bounce:                0 kB
WritebackTmp:          0 kB
CommitLimit:     1242116 kB
Committed_AS:   55895828 kB
VmallocTotal:     409600 kB
VmallocUsed:       35728 kB
VmallocChunk:     115740 kB
Time pass: 231 sec

---2015-12-16 15:27:45
MemTotal:        1959952 kB
MemFree:          108296 kB
Buffers:            2548 kB
Cached:           875432 kB
SwapCached:         1416 kB
Active:           729864 kB
Inactive:         605440 kB
Active(anon):     285596 kB
Inactive(anon):   174184 kB
Active(file):     444268 kB
Inactive(file):   431256 kB
Unevictable:        1744 kB
Mlocked:               0 kB
HighTotal:       1372556 kB
HighFree:          30280 kB
LowTotal:         587396 kB
LowFree:           78016 kB
SwapTotal:        262140 kB
SwapFree:         223512 kB
Dirty:               808 kB
Writeback:             0 kB
AnonPages:        459028 kB
Mapped:           351804 kB
Shmem:               712 kB
Slab:              55636 kB
SReclaimable:      16768 kB
SUnreclaim:        38868 kB
KernelStack:       15928 kB
PageTables:        27304 kB
NFS_Unstable:          0 kB
Bounce:                0 kB
WritebackTmp:          0 kB
CommitLimit:     1242116 kB
Committed_AS:   55895908 kB
VmallocTotal:     409600 kB
VmallocUsed:       35728 kB
VmallocChunk:     115740 kB
Time pass: 235 sec

---2015-12-16 15:27:45
MemTotal:        1959952 kB
MemFree:          107344 kB
Buffers:            2548 kB
Cached:           875840 kB
SwapCached:         1416 kB
Active:           730692 kB
Inactive:         605832 kB
Active(anon):     286412 kB
Inactive(anon):   174160 kB
Active(file):     444280 kB
Inactive(file):   431672 kB
Unevictable:        1744 kB
Mlocked:               0 kB
HighTotal:       1372556 kB
HighFree:          29640 kB
LowTotal:         587396 kB
LowFree:           77704 kB
SwapTotal:        262140 kB
SwapFree:         223512 kB
Dirty:               792 kB
Writeback:             0 kB
AnonPages:        459736 kB
Mapped:           351824 kB
Shmem:               692 kB
Slab:              55700 kB
SReclaimable:      16768 kB
SUnreclaim:        38932 kB
KernelStack:       15928 kB
PageTables:        27300 kB
NFS_Unstable:          0 kB
Bounce:                0 kB
WritebackTmp:          0 kB
CommitLimit:     1242116 kB
Committed_AS:   55883796 kB
VmallocTotal:     409600 kB
VmallocUsed:       35728 kB
VmallocChunk:     115740 kB
Time pass: 239 sec

---2015-12-16 15:27:45
MemTotal:        1959952 kB
MemFree:          112312 kB
Buffers:            2548 kB
Cached:           875920 kB
SwapCached:         1416 kB
Active:           725016 kB
Inactive:         605904 kB
Active(anon):     280740 kB
Inactive(anon):   174228 kB
Active(file):     444276 kB
Inactive(file):   431676 kB
Unevictable:        1744 kB
Mlocked:               0 kB
HighTotal:       1372556 kB
HighFree:          35088 kB
LowTotal:         587396 kB
LowFree:           77224 kB
SwapTotal:        262140 kB
SwapFree:         223512 kB
Dirty:               784 kB
Writeback:             0 kB
AnonPages:        454228 kB
Mapped:           356260 kB
Shmem:               772 kB
Slab:              55508 kB
SReclaimable:      16768 kB
SUnreclaim:        38740 kB
KernelStack:       16088 kB
PageTables:        27684 kB
NFS_Unstable:          0 kB
Bounce:                0 kB
WritebackTmp:          0 kB
CommitLimit:     1242116 kB
Committed_AS:   56846740 kB
VmallocTotal:     409600 kB
VmallocUsed:       35728 kB
VmallocChunk:     115740 kB
Time pass: 243 sec

---2015-12-16 15:27:45
MemTotal:        1959952 kB
MemFree:          116936 kB
Buffers:            2548 kB
Cached:           875920 kB
SwapCached:         1416 kB
Active:           721184 kB
Inactive:         605896 kB
Active(anon):     276900 kB
Inactive(anon):   174228 kB
Active(file):     444284 kB
Inactive(file):   431668 kB
Unevictable:        1744 kB
Mlocked:               0 kB
HighTotal:       1372556 kB
HighFree:          39140 kB
LowTotal:         587396 kB
LowFree:           77796 kB
SwapTotal:        262140 kB
SwapFree:         223512 kB
Dirty:               772 kB
Writeback:             0 kB
AnonPages:        450220 kB
Mapped:           351880 kB
Shmem:               772 kB
Slab:              55540 kB
SReclaimable:      16768 kB
SUnreclaim:        38772 kB
KernelStack:       15944 kB
PageTables:        27348 kB
NFS_Unstable:          0 kB
Bounce:                0 kB
WritebackTmp:          0 kB
CommitLimit:     1242116 kB
Committed_AS:   55884992 kB
VmallocTotal:     409600 kB
VmallocUsed:       35728 kB
VmallocChunk:     115740 kB
Time pass: 247 sec

---2015-12-16 15:27:45
MemTotal:        1959952 kB
MemFree:          115264 kB
Buffers:            2548 kB
Cached:           875920 kB
SwapCached:         1416 kB
Active:           722584 kB
Inactive:         605900 kB
Active(anon):     278304 kB
Inactive(anon):   174228 kB
Active(file):     444280 kB
Inactive(file):   431672 kB
Unevictable:        1744 kB
Mlocked:               0 kB
HighTotal:       1372556 kB
HighFree:          37476 kB
LowTotal:         587396 kB
LowFree:           77788 kB
SwapTotal:        262140 kB
SwapFree:         223512 kB
Dirty:               792 kB
Writeback:             0 kB
AnonPages:        451716 kB
Mapped:           351880 kB
Shmem:               772 kB
Slab:              55536 kB
SReclaimable:      16768 kB
SUnreclaim:        38768 kB
KernelStack:       15936 kB
PageTables:        27332 kB
NFS_Unstable:          0 kB
Bounce:                0 kB
WritebackTmp:          0 kB
CommitLimit:     1242116 kB
Committed_AS:   55885056 kB
VmallocTotal:     409600 kB
VmallocUsed:       35728 kB
VmallocChunk:     115740 kB
Time pass: 251 sec

---2015-12-16 15:27:45
MemTotal:        1959952 kB
MemFree:          114440 kB
Buffers:            2548 kB
Cached:           875672 kB
SwapCached:         1416 kB
Active:           723520 kB
Inactive:         605652 kB
Active(anon):     279240 kB
Inactive(anon):   173980 kB
Active(file):     444280 kB
Inactive(file):   431672 kB
Unevictable:        1744 kB
Mlocked:               0 kB
HighTotal:       1372556 kB
HighFree:          36740 kB
LowTotal:         587396 kB
LowFree:           77700 kB
SwapTotal:        262140 kB
SwapFree:         223512 kB
Dirty:               796 kB
Writeback:             0 kB
AnonPages:        452700 kB
Mapped:           351720 kB
Shmem:               524 kB
Slab:              55576 kB
SReclaimable:      16768 kB
SUnreclaim:        38808 kB
KernelStack:       15920 kB
PageTables:        27332 kB
NFS_Unstable:          0 kB
Bounce:                0 kB
WritebackTmp:          0 kB
CommitLimit:     1242116 kB
Committed_AS:   55883548 kB
VmallocTotal:     409600 kB
VmallocUsed:       35728 kB
VmallocChunk:     115740 kB
Time pass: 255 sec

---2015-12-16 15:27:45
MemTotal:        1959952 kB
MemFree:          113972 kB
Buffers:            2548 kB
Cached:           876092 kB
SwapCached:         1416 kB
Active:           723376 kB
Inactive:         606060 kB
Active(anon):     279088 kB
Inactive(anon):   174096 kB
Active(file):     444288 kB
Inactive(file):   431964 kB
Unevictable:        1744 kB
Mlocked:               0 kB
HighTotal:       1372556 kB
HighFree:          36408 kB
LowTotal:         587396 kB
LowFree:           77564 kB
SwapTotal:        262140 kB
SwapFree:         223512 kB
Dirty:               804 kB
Writeback:             0 kB
AnonPages:        452320 kB
Mapped:           351896 kB
Shmem:               644 kB
Slab:              55708 kB
SReclaimable:      16768 kB
SUnreclaim:        38940 kB
KernelStack:       15952 kB
PageTables:        27332 kB
NFS_Unstable:          0 kB
Bounce:                0 kB
WritebackTmp:          0 kB
CommitLimit:     1242116 kB
Committed_AS:   55881912 kB
VmallocTotal:     409600 kB
VmallocUsed:       35728 kB
VmallocChunk:     115740 kB
Time pass: 259 sec

---2015-12-16 15:27:45
MemTotal:        1959952 kB
MemFree:          118188 kB
Buffers:            2548 kB
Cached:           876568 kB
SwapCached:         1416 kB
Active:           718568 kB
Inactive:         606532 kB
Active(anon):     274284 kB
Inactive(anon):   174096 kB
Active(file):     444284 kB
Inactive(file):   432436 kB
Unevictable:        1744 kB
Mlocked:               0 kB
HighTotal:       1372556 kB
HighFree:          40324 kB
LowTotal:         587396 kB
LowFree:           77864 kB
SwapTotal:        262140 kB
SwapFree:         223512 kB
Dirty:               804 kB
Writeback:             0 kB
AnonPages:        447528 kB
Mapped:           351964 kB
Shmem:               652 kB
Slab:              55540 kB
SReclaimable:      16768 kB
SUnreclaim:        38772 kB
KernelStack:       15936 kB
PageTables:        27336 kB
NFS_Unstable:          0 kB
Bounce:                0 kB
WritebackTmp:          0 kB
CommitLimit:     1242116 kB
Committed_AS:   55882760 kB
VmallocTotal:     409600 kB
VmallocUsed:       35728 kB
VmallocChunk:     115740 kB
Time pass: 264 sec

---2015-12-16 15:27:45
MemTotal:        1959952 kB
MemFree:          117752 kB
Buffers:            2548 kB
Cached:           876576 kB
SwapCached:         1416 kB
Active:           718964 kB
Inactive:         606540 kB
Active(anon):     274680 kB
Inactive(anon):   174104 kB
Active(file):     444284 kB
Inactive(file):   432436 kB
Unevictable:        1744 kB
Mlocked:               0 kB
HighTotal:       1372556 kB
HighFree:          39952 kB
LowTotal:         587396 kB
LowFree:           77800 kB
SwapTotal:        262140 kB
SwapFree:         223512 kB
Dirty:               788 kB
Writeback:             0 kB
AnonPages:        447904 kB
Mapped:           351972 kB
Shmem:               660 kB
Slab:              55604 kB
SReclaimable:      16768 kB
SUnreclaim:        38836 kB
KernelStack:       15936 kB
PageTables:        27328 kB
NFS_Unstable:          0 kB
Bounce:                0 kB
WritebackTmp:          0 kB
CommitLimit:     1242116 kB
Committed_AS:   55882956 kB
VmallocTotal:     409600 kB
VmallocUsed:       35728 kB
VmallocChunk:     115740 kB
Time pass: 269 sec

---2015-12-16 15:27:45
MemTotal:        1959952 kB
MemFree:          118152 kB
Buffers:            2548 kB
Cached:           876596 kB
SwapCached:         1416 kB
Active:           719424 kB
Inactive:         606556 kB
Active(anon):     275136 kB
Inactive(anon):   174124 kB
Active(file):     444288 kB
Inactive(file):   432432 kB
Unevictable:        1744 kB
Mlocked:               0 kB
HighTotal:       1372556 kB
HighFree:          40312 kB
LowTotal:         587396 kB
LowFree:           77840 kB
SwapTotal:        262140 kB
SwapFree:         223512 kB
Dirty:               780 kB
Writeback:             0 kB
AnonPages:        448456 kB
Mapped:           351968 kB
Shmem:               680 kB
Slab:              55540 kB
SReclaimable:      16768 kB
SUnreclaim:        38772 kB
KernelStack:       15944 kB
PageTables:        27348 kB
NFS_Unstable:          0 kB
Bounce:                0 kB
WritebackTmp:          0 kB
CommitLimit:     1242116 kB
Committed_AS:   55882780 kB
VmallocTotal:     409600 kB
VmallocUsed:       35728 kB
VmallocChunk:     115740 kB
Time pass: 273 sec

---2015-12-16 15:27:45
MemTotal:        1959952 kB
MemFree:          116796 kB
Buffers:            2548 kB
Cached:           876608 kB
SwapCached:         1416 kB
Active:           720440 kB
Inactive:         606572 kB
Active(anon):     276156 kB
Inactive(anon):   174136 kB
Active(file):     444284 kB
Inactive(file):   432436 kB
Unevictable:        1744 kB
Mlocked:               0 kB
HighTotal:       1372556 kB
HighFree:          39204 kB
LowTotal:         587396 kB
LowFree:           77592 kB
SwapTotal:        262140 kB
SwapFree:         223512 kB
Dirty:               800 kB
Writeback:             0 kB
AnonPages:        449320 kB
Mapped:           351980 kB
Shmem:               692 kB
Slab:              55696 kB
SReclaimable:      16768 kB
SUnreclaim:        38928 kB
KernelStack:       15944 kB
PageTables:        27352 kB
NFS_Unstable:          0 kB
Bounce:                0 kB
WritebackTmp:          0 kB
CommitLimit:     1242116 kB
Committed_AS:   55883076 kB
VmallocTotal:     409600 kB
VmallocUsed:       35728 kB
VmallocChunk:     115740 kB
Time pass: 277 sec

---2015-12-16 15:27:45
MemTotal:        1959952 kB
MemFree:          116212 kB
Buffers:            2548 kB
Cached:           876612 kB
SwapCached:         1416 kB
Active:           721732 kB
Inactive:         606552 kB
Active(anon):     277444 kB
Inactive(anon):   174120 kB
Active(file):     444288 kB
Inactive(file):   432432 kB
Unevictable:        1744 kB
Mlocked:               0 kB
HighTotal:       1372556 kB
HighFree:          38220 kB
LowTotal:         587396 kB
LowFree:           77992 kB
SwapTotal:        262140 kB
SwapFree:         223512 kB
Dirty:               788 kB
Writeback:             0 kB
AnonPages:        450684 kB
Mapped:           351968 kB
Shmem:               692 kB
Slab:              55540 kB
SReclaimable:      16768 kB
SUnreclaim:        38772 kB
KernelStack:       16080 kB
PageTables:        27272 kB
NFS_Unstable:          0 kB
Bounce:                0 kB
WritebackTmp:          0 kB
CommitLimit:     1242116 kB
Committed_AS:   55883288 kB
VmallocTotal:     409600 kB
VmallocUsed:       35728 kB
VmallocChunk:     115740 kB
Time pass: 281 sec

---2015-12-16 15:27:45
MemTotal:        1959952 kB
MemFree:          116452 kB
Buffers:            2548 kB
Cached:           876612 kB
SwapCached:         1416 kB
Active:           721800 kB
Inactive:         606552 kB
Active(anon):     277508 kB
Inactive(anon):   174120 kB
Active(file):     444292 kB
Inactive(file):   432432 kB
Unevictable:        1744 kB
Mlocked:               0 kB
HighTotal:       1372556 kB
HighFree:          38532 kB
LowTotal:         587396 kB
LowFree:           77920 kB
SwapTotal:        262140 kB
SwapFree:         223512 kB
Dirty:               784 kB
Writeback:             0 kB
AnonPages:        450692 kB
Mapped:           351980 kB
Shmem:               692 kB
Slab:              55704 kB
SReclaimable:      16768 kB
SUnreclaim:        38936 kB
KernelStack:       15952 kB
PageTables:        27352 kB
NFS_Unstable:          0 kB
Bounce:                0 kB
WritebackTmp:          0 kB
CommitLimit:     1242116 kB
Committed_AS:   55883296 kB
VmallocTotal:     409600 kB
VmallocUsed:       35728 kB
VmallocChunk:     115740 kB
Time pass: 284 sec

---2015-12-16 15:27:45
MemTotal:        1959952 kB
MemFree:          114828 kB
Buffers:            2548 kB
Cached:           876612 kB
SwapCached:         1416 kB
Active:           722812 kB
Inactive:         606552 kB
Active(anon):     278520 kB
Inactive(anon):   174120 kB
Active(file):     444292 kB
Inactive(file):   432432 kB
Unevictable:        1744 kB
Mlocked:               0 kB
HighTotal:       1372556 kB
HighFree:          36816 kB
LowTotal:         587396 kB
LowFree:           78012 kB
SwapTotal:        262140 kB
SwapFree:         223512 kB
Dirty:               796 kB
Writeback:             0 kB
AnonPages:        451776 kB
Mapped:           352004 kB
Shmem:               692 kB
Slab:              55516 kB
SReclaimable:      16768 kB
SUnreclaim:        38748 kB
KernelStack:       15944 kB
PageTables:        27328 kB
NFS_Unstable:          0 kB
Bounce:                0 kB
WritebackTmp:          0 kB
CommitLimit:     1242116 kB
Committed_AS:   55883472 kB
VmallocTotal:     409600 kB
VmallocUsed:       35728 kB
VmallocChunk:     115740 kB
Time pass: 288 sec

---2015-12-16 15:27:45
MemTotal:        1959952 kB
MemFree:          113408 kB
Buffers:            2548 kB
Cached:           876692 kB
SwapCached:         1416 kB
Active:           723788 kB
Inactive:         606632 kB
Active(anon):     279496 kB
Inactive(anon):   174200 kB
Active(file):     444292 kB
Inactive(file):   432432 kB
Unevictable:        1744 kB
Mlocked:               0 kB
HighTotal:       1372556 kB
HighFree:          35660 kB
LowTotal:         587396 kB
LowFree:           77748 kB
SwapTotal:        262140 kB
SwapFree:         223512 kB
Dirty:               804 kB
Writeback:             0 kB
AnonPages:        452728 kB
Mapped:           352084 kB
Shmem:               772 kB
Slab:              55780 kB
SReclaimable:      16744 kB
SUnreclaim:        39036 kB
KernelStack:       15944 kB
PageTables:        27336 kB
NFS_Unstable:          0 kB
Bounce:                0 kB
WritebackTmp:          0 kB
CommitLimit:     1242116 kB
Committed_AS:   55883556 kB
VmallocTotal:     409600 kB
VmallocUsed:       35728 kB
VmallocChunk:     115740 kB
Time pass: 292 sec

---2015-12-16 15:27:45
MemTotal:        1959952 kB
MemFree:          112200 kB
Buffers:            2548 kB
Cached:           876700 kB
SwapCached:         1416 kB
Active:           724868 kB
Inactive:         606640 kB
Active(anon):     280576 kB
Inactive(anon):   174200 kB
Active(file):     444292 kB
Inactive(file):   432440 kB
Unevictable:        1744 kB
Mlocked:               0 kB
HighTotal:       1372556 kB
HighFree:          34540 kB
LowTotal:         587396 kB
LowFree:           77660 kB
SwapTotal:        262140 kB
SwapFree:         223512 kB
Dirty:               828 kB
Writeback:             0 kB
AnonPages:        453808 kB
Mapped:           352084 kB
Shmem:               772 kB
Slab:              55620 kB
SReclaimable:      16744 kB
SUnreclaim:        38876 kB
KernelStack:       15944 kB
PageTables:        27336 kB
NFS_Unstable:          0 kB
Bounce:                0 kB
WritebackTmp:          0 kB
CommitLimit:     1242116 kB
Committed_AS:   55883656 kB
VmallocTotal:     409600 kB
VmallocUsed:       35728 kB
VmallocChunk:     115740 kB
Time pass: 296 sec

---2015-12-16 15:27:45
MemTotal:        1959952 kB
MemFree:          111304 kB
Buffers:            2548 kB
Cached:           876700 kB
SwapCached:         1416 kB
Active:           726108 kB
Inactive:         606636 kB
Active(anon):     281816 kB
Inactive(anon):   174196 kB
Active(file):     444292 kB
Inactive(file):   432440 kB
Unevictable:        1744 kB
Mlocked:               0 kB
HighTotal:       1372556 kB
HighFree:          33520 kB
LowTotal:         587396 kB
LowFree:           77784 kB
SwapTotal:        262140 kB
SwapFree:         223512 kB
Dirty:               828 kB
Writeback:             0 kB
AnonPages:        455120 kB
Mapped:           352084 kB
Shmem:               772 kB
Slab:              55624 kB
SReclaimable:      16744 kB
SUnreclaim:        38880 kB
KernelStack:       15944 kB
PageTables:        27332 kB
NFS_Unstable:          0 kB
Bounce:                0 kB
WritebackTmp:          0 kB
CommitLimit:     1242116 kB
Committed_AS:   55883844 kB
VmallocTotal:     409600 kB
VmallocUsed:       35728 kB
VmallocChunk:     115740 kB
Time pass: 300 sec

---2015-12-16 15:27:45
MemTotal:        1959952 kB
MemFree:          110064 kB
Buffers:            2548 kB
Cached:           876704 kB
SwapCached:         1416 kB
Active:           727200 kB
Inactive:         606636 kB
Active(anon):     282904 kB
Inactive(anon):   174200 kB
Active(file):     444296 kB
Inactive(file):   432436 kB
Unevictable:        1744 kB
Mlocked:               0 kB
HighTotal:       1372556 kB
HighFree:          32216 kB
LowTotal:         587396 kB
LowFree:           77848 kB
SwapTotal:        262140 kB
SwapFree:         223512 kB
Dirty:               824 kB
Writeback:             0 kB
AnonPages:        456268 kB
Mapped:           352140 kB
Shmem:               776 kB
Slab:              55524 kB
SReclaimable:      16744 kB
SUnreclaim:        38780 kB
KernelStack:       15960 kB
PageTables:        27352 kB
NFS_Unstable:          0 kB
Bounce:                0 kB
WritebackTmp:          0 kB
CommitLimit:     1242116 kB
Committed_AS:   55883964 kB
VmallocTotal:     409600 kB
VmallocUsed:       35728 kB
VmallocChunk:     115740 kB
Time pass: 304 sec

---2015-12-16 15:27:45
MemTotal:        1959952 kB
MemFree:          105156 kB
Buffers:            2548 kB
Cached:           876708 kB
SwapCached:         1416 kB
Active:           731444 kB
Inactive:         606636 kB
Active(anon):     287144 kB
Inactive(anon):   174200 kB
Active(file):     444300 kB
Inactive(file):   432436 kB
Unevictable:        1744 kB
Mlocked:               0 kB
HighTotal:       1372556 kB
HighFree:          27672 kB
LowTotal:         587396 kB
LowFree:           77484 kB
SwapTotal:        262140 kB
SwapFree:         223512 kB
Dirty:               812 kB
Writeback:             0 kB
AnonPages:        460860 kB
Mapped:           356400 kB
Shmem:               776 kB
Slab:              55652 kB
SReclaimable:      16744 kB
SUnreclaim:        38908 kB
KernelStack:       16072 kB
PageTables:        27692 kB
NFS_Unstable:          0 kB
Bounce:                0 kB
WritebackTmp:          0 kB
CommitLimit:     1242116 kB
Committed_AS:   56846084 kB
VmallocTotal:     409600 kB
VmallocUsed:       35728 kB
VmallocChunk:     115740 kB
Time pass: 308 sec

---2015-12-16 15:27:45
MemTotal:        1959952 kB
MemFree:          108372 kB
Buffers:            2548 kB
Cached:           876736 kB
SwapCached:         1416 kB
Active:           728776 kB
Inactive:         606660 kB
Active(anon):     284476 kB
Inactive(anon):   174224 kB
Active(file):     444300 kB
Inactive(file):   432436 kB
Unevictable:        1744 kB
Mlocked:               0 kB
HighTotal:       1372556 kB
HighFree:          30260 kB
LowTotal:         587396 kB
LowFree:           78112 kB
SwapTotal:        262140 kB
SwapFree:         223512 kB
Dirty:               804 kB
Writeback:             0 kB
AnonPages:        457724 kB
Mapped:           352116 kB
Shmem:               804 kB
Slab:              55524 kB
SReclaimable:      16744 kB
SUnreclaim:        38780 kB
KernelStack:       15960 kB
PageTables:        27340 kB
NFS_Unstable:          0 kB
Bounce:                0 kB
WritebackTmp:          0 kB
CommitLimit:     1242116 kB
Committed_AS:   55884388 kB
VmallocTotal:     409600 kB
VmallocUsed:       35728 kB
VmallocChunk:     115740 kB
Time pass: 312 sec

---2015-12-16 15:27:45
MemTotal:        1959952 kB
MemFree:          107436 kB
Buffers:            2548 kB
Cached:           876856 kB
SwapCached:         1416 kB
Active:           729120 kB
Inactive:         606784 kB
Active(anon):     284824 kB
Inactive(anon):   174344 kB
Active(file):     444296 kB
Inactive(file):   432440 kB
Unevictable:        1744 kB
Mlocked:               0 kB
HighTotal:       1372556 kB
HighFree:          29748 kB
LowTotal:         587396 kB
LowFree:           77688 kB
SwapTotal:        262140 kB
SwapFree:         223512 kB
Dirty:               824 kB
Writeback:             0 kB
AnonPages:        458332 kB
Mapped:           352288 kB
Shmem:               924 kB
Slab:              55680 kB
SReclaimable:      16744 kB
SUnreclaim:        38936 kB
KernelStack:       15960 kB
PageTables:        27352 kB
NFS_Unstable:          0 kB
Bounce:                0 kB
WritebackTmp:          0 kB
CommitLimit:     1242116 kB
Committed_AS:   55882708 kB
VmallocTotal:     409600 kB
VmallocUsed:       35728 kB
VmallocChunk:     115740 kB
Time pass: 316 sec

---2015-12-16 15:27:45
MemTotal:        1959952 kB
MemFree:          107808 kB
Buffers:            2548 kB
Cached:           876856 kB
SwapCached:         1416 kB
Active:           729212 kB
Inactive:         606792 kB
Active(anon):     284924 kB
Inactive(anon):   174344 kB
Active(file):     444288 kB
Inactive(file):   432448 kB
Unevictable:        1744 kB
Mlocked:               0 kB
HighTotal:       1372556 kB
HighFree:          29620 kB
LowTotal:         587396 kB
LowFree:           78188 kB
SwapTotal:        262140 kB
SwapFree:         223512 kB
Dirty:               828 kB
Writeback:             0 kB
AnonPages:        458228 kB
Mapped:           352236 kB
Shmem:               924 kB
Slab:              55584 kB
SReclaimable:      16744 kB
SUnreclaim:        38840 kB
KernelStack:       15944 kB
PageTables:        27340 kB
NFS_Unstable:          0 kB
Bounce:                0 kB
WritebackTmp:          0 kB
CommitLimit:     1242116 kB
Committed_AS:   55882760 kB
VmallocTotal:     409600 kB
VmallocUsed:       35728 kB
VmallocChunk:     115740 kB
Time pass: 321 sec

---2015-12-16 15:27:45
MemTotal:        1959952 kB
MemFree:          106072 kB
Buffers:            2548 kB
Cached:           876856 kB
SwapCached:         1416 kB
Active:           730552 kB
Inactive:         606788 kB
Active(anon):     286260 kB
Inactive(anon):   174344 kB
Active(file):     444292 kB
Inactive(file):   432444 kB
Unevictable:        1744 kB
Mlocked:               0 kB
HighTotal:       1372556 kB
HighFree:          28300 kB
LowTotal:         587396 kB
LowFree:           77772 kB
SwapTotal:        262140 kB
SwapFree:         223512 kB
Dirty:               824 kB
Writeback:             0 kB
AnonPages:        459384 kB
Mapped:           352212 kB
Shmem:               924 kB
Slab:              55696 kB
SReclaimable:      16744 kB
SUnreclaim:        38952 kB
KernelStack:       15960 kB
PageTables:        27360 kB
NFS_Unstable:          0 kB
Bounce:                0 kB
WritebackTmp:          0 kB
CommitLimit:     1242116 kB
Committed_AS:   55882920 kB
VmallocTotal:     409600 kB
VmallocUsed:       35728 kB
VmallocChunk:     115740 kB
Time pass: 324 sec

---2015-12-16 15:27:45
MemTotal:        1959952 kB
MemFree:          105956 kB
Buffers:            2548 kB
Cached:           876856 kB
SwapCached:         1416 kB
Active:           730592 kB
Inactive:         606788 kB
Active(anon):     286300 kB
Inactive(anon):   174344 kB
Active(file):     444292 kB
Inactive(file):   432444 kB
Unevictable:        1744 kB
Mlocked:               0 kB
HighTotal:       1372556 kB
HighFree:          28640 kB
LowTotal:         587396 kB
LowFree:           77316 kB
SwapTotal:        262140 kB
SwapFree:         223512 kB
Dirty:               824 kB
Writeback:             0 kB
AnonPages:        459524 kB
Mapped:           352240 kB
Shmem:               924 kB
Slab:              55612 kB
SReclaimable:      16744 kB
SUnreclaim:        38868 kB
KernelStack:       15944 kB
PageTables:        27344 kB
NFS_Unstable:          0 kB
Bounce:                0 kB
WritebackTmp:          0 kB
CommitLimit:     1242116 kB
Committed_AS:   55883088 kB
VmallocTotal:     409600 kB
VmallocUsed:       35728 kB
VmallocChunk:     115740 kB
Time pass: 328 sec

---2015-12-16 15:27:45
MemTotal:        1959952 kB
MemFree:          106052 kB
Buffers:            2548 kB
Cached:           876856 kB
SwapCached:         1416 kB
Active:           730828 kB
Inactive:         606788 kB
Active(anon):     286536 kB
Inactive(anon):   174344 kB
Active(file):     444292 kB
Inactive(file):   432444 kB
Unevictable:        1744 kB
Mlocked:               0 kB
HighTotal:       1372556 kB
HighFree:          28812 kB
LowTotal:         587396 kB
LowFree:           77240 kB
SwapTotal:        262140 kB
SwapFree:         223512 kB
Dirty:               824 kB
Writeback:             0 kB
AnonPages:        459836 kB
Mapped:           352240 kB
Shmem:               924 kB
Slab:              55556 kB
SReclaimable:      16744 kB
SUnreclaim:        38812 kB
KernelStack:       15960 kB
PageTables:        27340 kB
NFS_Unstable:          0 kB
Bounce:                0 kB
WritebackTmp:          0 kB
CommitLimit:     1242116 kB
Committed_AS:   55883140 kB
VmallocTotal:     409600 kB
VmallocUsed:       35728 kB
VmallocChunk:     115740 kB
Time pass: 332 sec

---2015-12-16 15:27:45
MemTotal:        1959952 kB
MemFree:          114228 kB
Buffers:            2548 kB
Cached:           876856 kB
SwapCached:         1416 kB
Active:           722332 kB
Inactive:         606788 kB
Active(anon):     278040 kB
Inactive(anon):   174344 kB
Active(file):     444292 kB
Inactive(file):   432444 kB
Unevictable:        1744 kB
Mlocked:               0 kB
HighTotal:       1372556 kB
HighFree:          36628 kB
LowTotal:         587396 kB
LowFree:           77600 kB
SwapTotal:        262140 kB
SwapFree:         223512 kB
Dirty:               824 kB
Writeback:             0 kB
AnonPages:        451336 kB
Mapped:           352228 kB
Shmem:               924 kB
Slab:              55612 kB
SReclaimable:      16744 kB
SUnreclaim:        38868 kB
KernelStack:       15944 kB
PageTables:        27504 kB
NFS_Unstable:          0 kB
Bounce:                0 kB
WritebackTmp:          0 kB
CommitLimit:     1242116 kB
Committed_AS:   56818196 kB
VmallocTotal:     409600 kB
VmallocUsed:       35728 kB
VmallocChunk:     115740 kB
Time pass: 336 sec

---2015-12-16 15:27:45
MemTotal:        1959952 kB
MemFree:          115244 kB
Buffers:            2548 kB
Cached:           876856 kB
SwapCached:         1416 kB
Active:           722544 kB
Inactive:         606780 kB
Active(anon):     278256 kB
Inactive(anon):   174332 kB
Active(file):     444288 kB
Inactive(file):   432448 kB
Unevictable:        1744 kB
Mlocked:               0 kB
HighTotal:       1372556 kB
HighFree:          37448 kB
LowTotal:         587396 kB
LowFree:           77796 kB
SwapTotal:        262140 kB
SwapFree:         223512 kB
Dirty:               820 kB
Writeback:             0 kB
AnonPages:        451540 kB
Mapped:           352216 kB
Shmem:               924 kB
Slab:              55544 kB
SReclaimable:      16744 kB
SUnreclaim:        38800 kB
KernelStack:       15952 kB
PageTables:        27364 kB
NFS_Unstable:          0 kB
Bounce:                0 kB
WritebackTmp:          0 kB
CommitLimit:     1242116 kB
Committed_AS:   55883448 kB
VmallocTotal:     409600 kB
VmallocUsed:       35728 kB
VmallocChunk:     115740 kB
Time pass: 340 sec

---2015-12-16 15:27:45
MemTotal:        1959952 kB
MemFree:          114472 kB
Buffers:            2548 kB
Cached:           876856 kB
SwapCached:         1416 kB
Active:           722720 kB
Inactive:         606776 kB
Active(anon):     278428 kB
Inactive(anon):   174332 kB
Active(file):     444292 kB
Inactive(file):   432444 kB
Unevictable:        1744 kB
Mlocked:               0 kB
HighTotal:       1372556 kB
HighFree:          36552 kB
LowTotal:         587396 kB
LowFree:           77920 kB
SwapTotal:        262140 kB
SwapFree:         223512 kB
Dirty:               808 kB
Writeback:             0 kB
AnonPages:        451800 kB
Mapped:           352240 kB
Shmem:               924 kB
Slab:              55576 kB
SReclaimable:      16744 kB
SUnreclaim:        38832 kB
KernelStack:       15936 kB
PageTables:        27348 kB
NFS_Unstable:          0 kB
Bounce:                0 kB
WritebackTmp:          0 kB
CommitLimit:     1242116 kB
Committed_AS:   55883484 kB
VmallocTotal:     409600 kB
VmallocUsed:       35728 kB
VmallocChunk:     115740 kB
Time pass: 344 sec

---2015-12-16 15:27:45
MemTotal:        1959952 kB
MemFree:          114664 kB
Buffers:            2548 kB
Cached:           876860 kB
SwapCached:         1416 kB
Active:           723516 kB
Inactive:         606772 kB
Active(anon):     279216 kB
Inactive(anon):   174332 kB
Active(file):     444300 kB
Inactive(file):   432440 kB
Unevictable:        1744 kB
Mlocked:               0 kB
HighTotal:       1372556 kB
HighFree:          36628 kB
LowTotal:         587396 kB
LowFree:           78036 kB
SwapTotal:        262140 kB
SwapFree:         223512 kB
Dirty:               804 kB
Writeback:             0 kB
AnonPages:        452400 kB
Mapped:           352240 kB
Shmem:               924 kB
Slab:              55576 kB
SReclaimable:      16744 kB
SUnreclaim:        38832 kB
KernelStack:       15944 kB
PageTables:        27348 kB
NFS_Unstable:          0 kB
Bounce:                0 kB
WritebackTmp:          0 kB
CommitLimit:     1242116 kB
Committed_AS:   55883772 kB
VmallocTotal:     409600 kB
VmallocUsed:       35728 kB
VmallocChunk:     115740 kB
Time pass: 348 sec

---2015-12-16 15:27:45
MemTotal:        1959952 kB
MemFree:          112780 kB
Buffers:            2548 kB
Cached:           876860 kB
SwapCached:         1416 kB
Active:           724456 kB
Inactive:         606772 kB
Active(anon):     280156 kB
Inactive(anon):   174332 kB
Active(file):     444300 kB
Inactive(file):   432440 kB
Unevictable:        1744 kB
Mlocked:               0 kB
HighTotal:       1372556 kB
HighFree:          34608 kB
LowTotal:         587396 kB
LowFree:           78172 kB
SwapTotal:        262140 kB
SwapFree:         223512 kB
Dirty:               804 kB
Writeback:             0 kB
AnonPages:        453444 kB
Mapped:           352240 kB
Shmem:               924 kB
Slab:              55640 kB
SReclaimable:      16744 kB
SUnreclaim:        38896 kB
KernelStack:       15928 kB
PageTables:        27348 kB
NFS_Unstable:          0 kB
Bounce:                0 kB
WritebackTmp:          0 kB
CommitLimit:     1242116 kB
Committed_AS:   55884004 kB
VmallocTotal:     409600 kB
VmallocUsed:       35728 kB
VmallocChunk:     115740 kB
Time pass: 352 sec

---2015-12-16 15:27:45
MemTotal:        1959952 kB
MemFree:          112372 kB
Buffers:            2548 kB
Cached:           876864 kB
SwapCached:         1416 kB
Active:           725260 kB
Inactive:         606780 kB
Active(anon):     280964 kB
Inactive(anon):   174332 kB
Active(file):     444296 kB
Inactive(file):   432448 kB
Unevictable:        1744 kB
Mlocked:               0 kB
HighTotal:       1372556 kB
HighFree:          34100 kB
LowTotal:         587396 kB
LowFree:           78272 kB
SwapTotal:        262140 kB
SwapFree:         223512 kB
Dirty:               844 kB
Writeback:             0 kB
AnonPages:        454256 kB
Mapped:           352240 kB
Shmem:               924 kB
Slab:              55480 kB
SReclaimable:      16744 kB
SUnreclaim:        38736 kB
KernelStack:       15928 kB
PageTables:        27348 kB
NFS_Unstable:          0 kB
Bounce:                0 kB
WritebackTmp:          0 kB
CommitLimit:     1242116 kB
Committed_AS:   55883828 kB
VmallocTotal:     409600 kB
VmallocUsed:       35728 kB
VmallocChunk:     115740 kB
Time pass: 356 sec

---2015-12-16 15:27:45
MemTotal:        1959952 kB
MemFree:          110252 kB
Buffers:            2548 kB
Cached:           876864 kB
SwapCached:         1416 kB
Active:           727492 kB
Inactive:         606780 kB
Active(anon):     283196 kB
Inactive(anon):   174332 kB
Active(file):     444296 kB
Inactive(file):   432448 kB
Unevictable:        1744 kB
Mlocked:               0 kB
HighTotal:       1372556 kB
HighFree:          32496 kB
LowTotal:         587396 kB
LowFree:           77756 kB
SwapTotal:        262140 kB
SwapFree:         223512 kB
Dirty:               836 kB
Writeback:             0 kB
AnonPages:        456328 kB
Mapped:           352240 kB
