---2015-12-09 10:54:01
MemTotal:        1745540 kB
MemFree:           79456 kB
Buffers:           11060 kB
Cached:           605508 kB
SwapCached:        16464 kB
Active:           672428 kB
Inactive:         681716 kB
Active(anon):     372368 kB
Inactive(anon):   369124 kB
Active(file):     300060 kB
Inactive(file):   312592 kB
Unevictable:        3816 kB
Mlocked:               0 kB
HighTotal:       1217536 kB
HighFree:          35876 kB
LowTotal:         528004 kB
LowFree:           43580 kB
SwapTotal:       1310716 kB
SwapFree:        1024188 kB
Dirty:                 0 kB
Writeback:             0 kB
AnonPages:        729764 kB
Mapped:           315960 kB
Shmem:               100 kB
Slab:              55848 kB
SReclaimable:      16096 kB
SUnreclaim:        39752 kB
KernelStack:       15168 kB
PageTables:        53608 kB
NFS_Unstable:          0 kB
Bounce:                0 kB
WritebackTmp:          0 kB
CommitLimit:     2183484 kB
Committed_AS:   125875104 kB
VmallocTotal:     311296 kB
VmallocUsed:       27004 kB
VmallocChunk:     154636 kB
Time pass: 3 sec

---2015-12-09 10:54:01
MemTotal:        1745540 kB
MemFree:           79192 kB
Buffers:           11060 kB
Cached:           605524 kB
SwapCached:        16464 kB
Active:           672636 kB
Inactive:         681712 kB
Active(anon):     372532 kB
Inactive(anon):   369148 kB
Active(file):     300104 kB
Inactive(file):   312564 kB
Unevictable:        3816 kB
Mlocked:               0 kB
HighTotal:       1217536 kB
HighFree:          35612 kB
LowTotal:         528004 kB
LowFree:           43580 kB
SwapTotal:       1310716 kB
SwapFree:        1024204 kB
Dirty:                 0 kB
Writeback:             0 kB
AnonPages:        729888 kB
Mapped:           315968 kB
Shmem:               100 kB
Slab:              55848 kB
SReclaimable:      16096 kB
SUnreclaim:        39752 kB
KernelStack:       15168 kB
PageTables:        53608 kB
NFS_Unstable:          0 kB
Bounce:                0 kB
WritebackTmp:          0 kB
CommitLimit:     2183484 kB
Committed_AS:   125875184 kB
VmallocTotal:     311296 kB
VmallocUsed:       27004 kB
VmallocChunk:     154636 kB
Time pass: 7 sec

---2015-12-09 10:54:01
MemTotal:        1745540 kB
MemFree:           79032 kB
Buffers:           11060 kB
Cached:           605524 kB
SwapCached:        16464 kB
Active:           672728 kB
Inactive:         681732 kB
Active(anon):     372624 kB
Inactive(anon):   369168 kB
Active(file):     300104 kB
Inactive(file):   312564 kB
Unevictable:        3816 kB
Mlocked:               0 kB
HighTotal:       1217536 kB
HighFree:          35468 kB
LowTotal:         528004 kB
LowFree:           43564 kB
SwapTotal:       1310716 kB
SwapFree:        1024212 kB
Dirty:                 0 kB
Writeback:             0 kB
AnonPages:        730020 kB
Mapped:           315980 kB
Shmem:               100 kB
Slab:              55848 kB
SReclaimable:      16096 kB
SUnreclaim:        39752 kB
KernelStack:       15168 kB
PageTables:        53580 kB
NFS_Unstable:          0 kB
Bounce:                0 kB
WritebackTmp:          0 kB
CommitLimit:     2183484 kB
Committed_AS:   125875384 kB
VmallocTotal:     311296 kB
VmallocUsed:       27004 kB
VmallocChunk:     154636 kB
Time pass: 10 sec

---2015-12-09 10:54:01
MemTotal:        1745540 kB
MemFree:           78940 kB
Buffers:           11060 kB
Cached:           605524 kB
SwapCached:        16464 kB
Active:           672832 kB
Inactive:         681732 kB
Active(anon):     372728 kB
Inactive(anon):   369168 kB
Active(file):     300104 kB
Inactive(file):   312564 kB
Unevictable:        3816 kB
Mlocked:               0 kB
HighTotal:       1217536 kB
HighFree:          35360 kB
LowTotal:         528004 kB
LowFree:           43580 kB
SwapTotal:       1310716 kB
SwapFree:        1024216 kB
Dirty:                 0 kB
Writeback:             0 kB
AnonPages:        730144 kB
Mapped:           315968 kB
Shmem:               100 kB
Slab:              55848 kB
SReclaimable:      16096 kB
SUnreclaim:        39752 kB
KernelStack:       15168 kB
PageTables:        53608 kB
NFS_Unstable:          0 kB
Bounce:                0 kB
WritebackTmp:          0 kB
CommitLimit:     2183484 kB
Committed_AS:   125875464 kB
VmallocTotal:     311296 kB
VmallocUsed:       27004 kB
VmallocChunk:     154636 kB
Time pass: 14 sec

---2015-12-09 10:54:01
MemTotal:        1745540 kB
MemFree:           78812 kB
Buffers:           11060 kB
Cached:           605524 kB
SwapCached:        16464 kB
Active:           672952 kB
Inactive:         681736 kB
Active(anon):     372848 kB
Inactive(anon):   369172 kB
Active(file):     300104 kB
Inactive(file):   312564 kB
Unevictable:        3816 kB
Mlocked:               0 kB
HighTotal:       1217536 kB
HighFree:          35232 kB
LowTotal:         528004 kB
LowFree:           43580 kB
SwapTotal:       1310716 kB
SwapFree:        1024216 kB
Dirty:                 0 kB
Writeback:             0 kB
AnonPages:        730256 kB
Mapped:           315968 kB
Shmem:               100 kB
Slab:              55848 kB
SReclaimable:      16096 kB
SUnreclaim:        39752 kB
KernelStack:       15168 kB
PageTables:        53608 kB
NFS_Unstable:          0 kB
Bounce:                0 kB
WritebackTmp:          0 kB
CommitLimit:     2183484 kB
Committed_AS:   125875544 kB
VmallocTotal:     311296 kB
VmallocUsed:       27004 kB
VmallocChunk:     154636 kB
Time pass: 18 sec

---2015-12-09 10:54:01
MemTotal:        1745540 kB
MemFree:           77772 kB
Buffers:           11064 kB
Cached:           606092 kB
SwapCached:        16472 kB
Active:           673444 kB
Inactive:         682360 kB
Active(anon):     373340 kB
Inactive(anon):   369220 kB
Active(file):     300104 kB
Inactive(file):   313140 kB
Unevictable:        3816 kB
Mlocked:               0 kB
HighTotal:       1217536 kB
HighFree:          34056 kB
LowTotal:         528004 kB
LowFree:           43716 kB
SwapTotal:       1310716 kB
SwapFree:        1024276 kB
Dirty:                 4 kB
Writeback:             0 kB
AnonPages:        730744 kB
Mapped:           316084 kB
Shmem:               100 kB
Slab:              55836 kB
SReclaimable:      16096 kB
SUnreclaim:        39740 kB
KernelStack:       15168 kB
PageTables:        53608 kB
NFS_Unstable:          0 kB
Bounce:                0 kB
WritebackTmp:          0 kB
CommitLimit:     2183484 kB
Committed_AS:   125875784 kB
VmallocTotal:     311296 kB
VmallocUsed:       27004 kB
VmallocChunk:     154636 kB
Time pass: 21 sec

---2015-12-09 10:54:01
MemTotal:        1745540 kB
MemFree:           62908 kB
Buffers:           11260 kB
Cached:           604936 kB
SwapCached:        32212 kB
Active:           675868 kB
Inactive:         692036 kB
Active(anon):     373916 kB
Inactive(anon):   382004 kB
Active(file):     301952 kB
Inactive(file):   310032 kB
Unevictable:        3816 kB
Mlocked:               0 kB
HighTotal:       1217536 kB
HighFree:          28180 kB
LowTotal:         528004 kB
LowFree:           34728 kB
SwapTotal:       1310716 kB
SwapFree:        1020528 kB
Dirty:                52 kB
Writeback:             0 kB
AnonPages:        743952 kB
Mapped:           323956 kB
Shmem:               104 kB
Slab:              55900 kB
SReclaimable:      16096 kB
SUnreclaim:        39804 kB
KernelStack:       15208 kB
PageTables:        53584 kB
NFS_Unstable:          0 kB
Bounce:                0 kB
WritebackTmp:          0 kB
CommitLimit:     2183484 kB
Committed_AS:   125665212 kB
VmallocTotal:     311296 kB
VmallocUsed:       26164 kB
VmallocChunk:     154636 kB
Time pass: 25 sec

---2015-12-09 10:54:01
MemTotal:        1745540 kB
MemFree:           44724 kB
Buffers:           10048 kB
Cached:           495424 kB
SwapCached:        33764 kB
Active:           630904 kB
Inactive:         632124 kB
Active(anon):     380256 kB
Inactive(anon):   381248 kB
Active(file):     250648 kB
Inactive(file):   250876 kB
Unevictable:        3816 kB
Mlocked:               0 kB
HighTotal:       1217536 kB
HighFree:          19744 kB
LowTotal:         528004 kB
LowFree:           24980 kB
SwapTotal:       1310716 kB
SwapFree:         983140 kB
Dirty:              1776 kB
Writeback:             0 kB
AnonPages:        749064 kB
Mapped:           358604 kB
Shmem:               232 kB
Slab:              56636 kB
SReclaimable:      16168 kB
SUnreclaim:        40468 kB
KernelStack:       15688 kB
PageTables:        54224 kB
NFS_Unstable:          0 kB
Bounce:                0 kB
WritebackTmp:          0 kB
CommitLimit:     2183484 kB
Committed_AS:   125717692 kB
VmallocTotal:     311296 kB
VmallocUsed:       25556 kB
VmallocChunk:     154636 kB
Time pass: 28 sec

---2015-12-09 10:54:01
MemTotal:        1745540 kB
MemFree:           62184 kB
Buffers:            9944 kB
Cached:           470116 kB
SwapCached:        34456 kB
Active:           607216 kB
Inactive:         611312 kB
Active(anon):     369272 kB
Inactive(anon):   373244 kB
Active(file):     237944 kB
Inactive(file):   238068 kB
Unevictable:        3816 kB
Mlocked:               0 kB
HighTotal:       1217536 kB
HighFree:          32732 kB
LowTotal:         528004 kB
LowFree:           29452 kB
SwapTotal:       1310716 kB
SwapFree:         980052 kB
Dirty:               716 kB
Writeback:             0 kB
AnonPages:        729776 kB
Mapped:           367844 kB
Shmem:               232 kB
Slab:              56704 kB
SReclaimable:      16152 kB
SUnreclaim:        40552 kB
KernelStack:       15616 kB
PageTables:        54372 kB
NFS_Unstable:          0 kB
Bounce:                0 kB
WritebackTmp:          0 kB
CommitLimit:     2183484 kB
Committed_AS:   125727244 kB
VmallocTotal:     311296 kB
VmallocUsed:       25492 kB
VmallocChunk:     154636 kB
Time pass: 32 sec

---2015-12-09 10:54:01
MemTotal:        1745540 kB
MemFree:           61876 kB
Buffers:            9968 kB
Cached:           470328 kB
SwapCached:        34484 kB
Active:           607148 kB
Inactive:         611584 kB
Active(anon):     369204 kB
Inactive(anon):   373280 kB
Active(file):     237944 kB
Inactive(file):   238304 kB
Unevictable:        3816 kB
Mlocked:               0 kB
HighTotal:       1217536 kB
HighFree:          32424 kB
LowTotal:         528004 kB
LowFree:           29452 kB
SwapTotal:       1310716 kB
SwapFree:         980172 kB
Dirty:               108 kB
Writeback:             0 kB
AnonPages:        729760 kB
Mapped:           367932 kB
Shmem:               232 kB
Slab:              56696 kB
SReclaimable:      16144 kB
SUnreclaim:        40552 kB
KernelStack:       15616 kB
PageTables:        54372 kB
NFS_Unstable:          0 kB
Bounce:                0 kB
WritebackTmp:          0 kB
CommitLimit:     2183484 kB
Committed_AS:   125727484 kB
VmallocTotal:     311296 kB
VmallocUsed:       25492 kB
VmallocChunk:     154636 kB
Time pass: 36 sec

---2015-12-09 10:54:01
MemTotal:        1745540 kB
MemFree:           61648 kB
Buffers:            9976 kB
Cached:           470328 kB
SwapCached:        34488 kB
Active:           607272 kB
Inactive:         611596 kB
Active(anon):     369328 kB
Inactive(anon):   373288 kB
Active(file):     237944 kB
Inactive(file):   238308 kB
Unevictable:        3816 kB
Mlocked:               0 kB
HighTotal:       1217536 kB
HighFree:          32192 kB
LowTotal:         528004 kB
LowFree:           29456 kB
SwapTotal:       1310716 kB
SwapFree:         980176 kB
Dirty:                36 kB
Writeback:             0 kB
AnonPages:        729888 kB
Mapped:           367936 kB
Shmem:               232 kB
Slab:              56700 kB
SReclaimable:      16144 kB
SUnreclaim:        40556 kB
KernelStack:       15616 kB
PageTables:        54372 kB
NFS_Unstable:          0 kB
Bounce:                0 kB
WritebackTmp:          0 kB
CommitLimit:     2183484 kB
Committed_AS:   125727644 kB
VmallocTotal:     311296 kB
VmallocUsed:       25492 kB
VmallocChunk:     154636 kB
Time pass: 40 sec

---2015-12-09 10:54:01
MemTotal:        1745540 kB
MemFree:           48516 kB
Buffers:           10088 kB
Cached:           453348 kB
SwapCached:        35520 kB
Active:           604008 kB
Inactive:         604888 kB
Active(anon):     374448 kB
Inactive(anon):   375060 kB
Active(file):     229560 kB
Inactive(file):   229828 kB
Unevictable:        3816 kB
Mlocked:               0 kB
HighTotal:       1217536 kB
HighFree:          22868 kB
LowTotal:         528004 kB
LowFree:           25648 kB
SwapTotal:       1310716 kB
SwapFree:         972700 kB
Dirty:                76 kB
Writeback:             0 kB
AnonPages:        736544 kB
Mapped:           372144 kB
Shmem:               232 kB
Slab:              56616 kB
SReclaimable:      16152 kB
SUnreclaim:        40464 kB
KernelStack:       15728 kB
PageTables:        54556 kB
NFS_Unstable:          0 kB
Bounce:                0 kB
WritebackTmp:          0 kB
CommitLimit:     2183484 kB
Committed_AS:   125739528 kB
VmallocTotal:     311296 kB
VmallocUsed:       25764 kB
VmallocChunk:     154636 kB
Time pass: 43 sec

---2015-12-09 10:54:01
MemTotal:        1745540 kB
MemFree:           48276 kB
Buffers:           10088 kB
Cached:           443572 kB
SwapCached:        36420 kB
Active:           600704 kB
Inactive:         601344 kB
Active(anon):     375932 kB
Inactive(anon):   376520 kB
Active(file):     224772 kB
Inactive(file):   224824 kB
Unevictable:        3816 kB
Mlocked:               0 kB
HighTotal:       1217536 kB
HighFree:          22052 kB
LowTotal:         528004 kB
LowFree:           26224 kB
SwapTotal:       1310716 kB
SwapFree:         968000 kB
Dirty:                12 kB
Writeback:             0 kB
AnonPages:        739372 kB
Mapped:           377280 kB
Shmem:               232 kB
Slab:              56608 kB
SReclaimable:      16112 kB
SUnreclaim:        40496 kB
KernelStack:       15712 kB
PageTables:        54596 kB
NFS_Unstable:          0 kB
Bounce:                0 kB
WritebackTmp:          0 kB
CommitLimit:     2183484 kB
Committed_AS:   125765412 kB
VmallocTotal:     311296 kB
VmallocUsed:       25736 kB
VmallocChunk:     154636 kB
Time pass: 47 sec

---2015-12-09 10:54:01
MemTotal:        1745540 kB
MemFree:           47488 kB
Buffers:           10100 kB
Cached:           443732 kB
SwapCached:        36416 kB
Active:           606720 kB
Inactive:         601332 kB
Active(anon):     381844 kB
Inactive(anon):   376552 kB
Active(file):     224876 kB
Inactive(file):   224780 kB
Unevictable:        3816 kB
Mlocked:               0 kB
HighTotal:       1217536 kB
HighFree:          19632 kB
LowTotal:         528004 kB
LowFree:           27856 kB
SwapTotal:       1310716 kB
SwapFree:         968048 kB
Dirty:               156 kB
Writeback:             0 kB
AnonPages:        745584 kB
Mapped:           371276 kB
Shmem:               236 kB
Slab:              56760 kB
SReclaimable:      16112 kB
SUnreclaim:        40648 kB
KernelStack:       15776 kB
PageTables:        54532 kB
NFS_Unstable:          0 kB
Bounce:                0 kB
WritebackTmp:          0 kB
CommitLimit:     2183484 kB
Committed_AS:   125768140 kB
VmallocTotal:     311296 kB
VmallocUsed:       25900 kB
VmallocChunk:     154636 kB
Time pass: 50 sec

---2015-12-09 10:54:01
MemTotal:        1745540 kB
MemFree:           69456 kB
Buffers:            6876 kB
Cached:           416928 kB
SwapCached:        36188 kB
Active:           565272 kB
Inactive:         569960 kB
Active(anon):     352896 kB
Inactive(anon):   362652 kB
Active(file):     212376 kB
Inactive(file):   207308 kB
Unevictable:        3816 kB
Mlocked:               0 kB
HighTotal:       1217536 kB
HighFree:          43516 kB
LowTotal:         528004 kB
LowFree:           25940 kB
SwapTotal:       1310716 kB
SwapFree:         916984 kB
Dirty:              1444 kB
Writeback:             0 kB
AnonPages:        701708 kB
Mapped:           409140 kB
Shmem:               236 kB
Slab:              57372 kB
SReclaimable:      16176 kB
SUnreclaim:        41196 kB
KernelStack:       15808 kB
PageTables:        54640 kB
NFS_Unstable:          0 kB
Bounce:                0 kB
WritebackTmp:          0 kB
CommitLimit:     2183484 kB
Committed_AS:   125764076 kB
VmallocTotal:     311296 kB
VmallocUsed:       25964 kB
VmallocChunk:     154636 kB
Time pass: 54 sec

---2015-12-09 10:54:01
MemTotal:        1745540 kB
MemFree:           68212 kB
Buffers:            6884 kB
Cached:           419176 kB
SwapCached:        36228 kB
Active:           565332 kB
Inactive:         572148 kB
Active(anon):     352840 kB
Inactive(anon):   362636 kB
Active(file):     212492 kB
Inactive(file):   209512 kB
Unevictable:        3816 kB
Mlocked:               0 kB
HighTotal:       1217536 kB
HighFree:          41540 kB
LowTotal:         528004 kB
LowFree:           26672 kB
SwapTotal:       1310716 kB
SwapFree:         917056 kB
Dirty:               112 kB
Writeback:             0 kB
AnonPages:        701812 kB
Mapped:           409484 kB
Shmem:               236 kB
Slab:              57400 kB
SReclaimable:      16168 kB
SUnreclaim:        41232 kB
KernelStack:       15720 kB
PageTables:        54640 kB
NFS_Unstable:          0 kB
Bounce:                0 kB
WritebackTmp:          0 kB
CommitLimit:     2183484 kB
Committed_AS:   125764148 kB
VmallocTotal:     311296 kB
VmallocUsed:       25896 kB
VmallocChunk:     154636 kB
Time pass: 57 sec

---2015-12-09 10:54:01
MemTotal:        1745540 kB
MemFree:           62524 kB
Buffers:            6884 kB
Cached:           418440 kB
SwapCached:        36500 kB
Active:           574588 kB
Inactive:         562788 kB
Active(anon):     362256 kB
Inactive(anon):   353984 kB
Active(file):     212332 kB
Inactive(file):   208804 kB
Unevictable:        3816 kB
Mlocked:               0 kB
HighTotal:       1217536 kB
HighFree:          36672 kB
LowTotal:         528004 kB
LowFree:           25852 kB
SwapTotal:       1310716 kB
SwapFree:         907036 kB
Dirty:                36 kB
Writeback:             0 kB
AnonPages:        702232 kB
Mapped:           407932 kB
Shmem:               236 kB
Slab:              57400 kB
SReclaimable:      16152 kB
SUnreclaim:        41248 kB
KernelStack:       15872 kB
PageTables:        54640 kB
NFS_Unstable:          0 kB
Bounce:                0 kB
WritebackTmp:          0 kB
CommitLimit:     2183484 kB
Committed_AS:   125764876 kB
VmallocTotal:     311296 kB
VmallocUsed:       25964 kB
VmallocChunk:     154636 kB
Time pass: 61 sec

---2015-12-09 10:54:01
MemTotal:        1745540 kB
MemFree:           78244 kB
Buffers:            6540 kB
Cached:           407640 kB
SwapCached:        36912 kB
Active:           555256 kB
Inactive:         551328 kB
Active(anon):     348396 kB
Inactive(anon):   348084 kB
Active(file):     206860 kB
Inactive(file):   203244 kB
Unevictable:        3816 kB
Mlocked:               0 kB
HighTotal:       1217536 kB
HighFree:          50380 kB
LowTotal:         528004 kB
LowFree:           27864 kB
SwapTotal:       1310716 kB
SwapFree:         893864 kB
Dirty:               172 kB
Writeback:             0 kB
AnonPages:        682080 kB
Mapped:           412516 kB
Shmem:               236 kB
Slab:              57556 kB
SReclaimable:      16152 kB
SUnreclaim:        41404 kB
KernelStack:       15720 kB
PageTables:        54668 kB
NFS_Unstable:          0 kB
Bounce:                0 kB
WritebackTmp:          0 kB
CommitLimit:     2183484 kB
Committed_AS:   125765044 kB
VmallocTotal:     311296 kB
VmallocUsed:       25936 kB
VmallocChunk:     154636 kB
Time pass: 65 sec

---2015-12-09 10:54:01
MemTotal:        1745540 kB
MemFree:           77548 kB
Buffers:            6540 kB
Cached:           407640 kB
SwapCached:        36912 kB
Active:           555212 kB
Inactive:         551344 kB
Active(anon):     348348 kB
Inactive(anon):   348080 kB
Active(file):     206864 kB
Inactive(file):   203264 kB
Unevictable:        3816 kB
Mlocked:               0 kB
HighTotal:       1217536 kB
HighFree:          49972 kB
LowTotal:         528004 kB
LowFree:           27576 kB
SwapTotal:       1310716 kB
SwapFree:         893864 kB
Dirty:                20 kB
Writeback:             0 kB
AnonPages:        682064 kB
Mapped:           412572 kB
Shmem:               236 kB
Slab:              57556 kB
SReclaimable:      16152 kB
SUnreclaim:        41404 kB
KernelStack:       15720 kB
PageTables:        54668 kB
NFS_Unstable:          0 kB
Bounce:                0 kB
WritebackTmp:          0 kB
CommitLimit:     2183484 kB
Committed_AS:   125765116 kB
VmallocTotal:     311296 kB
VmallocUsed:       26004 kB
VmallocChunk:     154636 kB
Time pass: 68 sec

---2015-12-09 10:54:01
MemTotal:        1745540 kB
MemFree:           92508 kB
Buffers:            5176 kB
Cached:           389548 kB
SwapCached:        37592 kB
Active:           535656 kB
Inactive:         531984 kB
Active(anon):     338860 kB
Inactive(anon):   338100 kB
Active(file):     196796 kB
Inactive(file):   193884 kB
Unevictable:        3816 kB
Mlocked:               0 kB
HighTotal:       1217536 kB
HighFree:          63044 kB
LowTotal:         528004 kB
LowFree:           29464 kB
SwapTotal:       1310716 kB
SwapFree:         866940 kB
Dirty:               580 kB
Writeback:             0 kB
AnonPages:        661820 kB
Mapped:           417952 kB
Shmem:               232 kB
Slab:              58020 kB
SReclaimable:      16184 kB
SUnreclaim:        41836 kB
KernelStack:       15720 kB
PageTables:        54692 kB
NFS_Unstable:          0 kB
Bounce:                0 kB
WritebackTmp:          0 kB
CommitLimit:     2183484 kB
Committed_AS:   125772420 kB
VmallocTotal:     311296 kB
VmallocUsed:       26100 kB
VmallocChunk:     154636 kB
Time pass: 72 sec

---2015-12-09 10:54:01
MemTotal:        1745540 kB
MemFree:           71244 kB
Buffers:            5192 kB
Cached:           398568 kB
SwapCached:        37640 kB
Active:           546840 kB
Inactive:         540916 kB
Active(anon):     349968 kB
Inactive(anon):   338112 kB
Active(file):     196872 kB
Inactive(file):   202804 kB
Unevictable:        3816 kB
Mlocked:               0 kB
HighTotal:       1217536 kB
HighFree:          43708 kB
LowTotal:         528004 kB
LowFree:           27536 kB
SwapTotal:       1310716 kB
SwapFree:         867020 kB
Dirty:               180 kB
Writeback:           168 kB
AnonPages:        673156 kB
Mapped:           421348 kB
Shmem:               232 kB
Slab:              57928 kB
SReclaimable:      16192 kB
SUnreclaim:        41736 kB
KernelStack:       15896 kB
PageTables:        54788 kB
NFS_Unstable:          0 kB
Bounce:                0 kB
WritebackTmp:          0 kB
CommitLimit:     2183484 kB
Committed_AS:   125786780 kB
VmallocTotal:     311296 kB
VmallocUsed:       26168 kB
VmallocChunk:     154636 kB
Time pass: 76 sec

---2015-12-09 10:54:01
MemTotal:        1745540 kB
MemFree:           75748 kB
Buffers:            5092 kB
Cached:           361812 kB
SwapCached:        39520 kB
Active:           520428 kB
Inactive:         517276 kB
Active(anon):     338656 kB
Inactive(anon):   336352 kB
Active(file):     181772 kB
Inactive(file):   180924 kB
Unevictable:        3816 kB
Mlocked:               0 kB
HighTotal:       1217536 kB
HighFree:          51536 kB
LowTotal:         528004 kB
LowFree:           24212 kB
SwapTotal:       1310716 kB
SwapFree:         840372 kB
Dirty:                48 kB
Writeback:             0 kB
AnonPages:        658924 kB
Mapped:           396688 kB
Shmem:               392 kB
Slab:              58236 kB
SReclaimable:      16208 kB
SUnreclaim:        42028 kB
KernelStack:       16032 kB
PageTables:        55020 kB
NFS_Unstable:          0 kB
Bounce:                0 kB
WritebackTmp:          0 kB
CommitLimit:     2183484 kB
Committed_AS:   125833320 kB
VmallocTotal:     311296 kB
VmallocUsed:       26236 kB
VmallocChunk:     154636 kB
Time pass: 81 sec

---2015-12-09 10:54:01
MemTotal:        1745540 kB
MemFree:           87080 kB
Buffers:            4800 kB
Cached:           333140 kB
SwapCached:        40428 kB
Active:           494376 kB
Inactive:         495380 kB
Active(anon):     327620 kB
Inactive(anon):   328500 kB
Active(file):     166756 kB
Inactive(file):   166880 kB
Unevictable:        3816 kB
Mlocked:               0 kB
HighTotal:       1217536 kB
HighFree:          59860 kB
LowTotal:         528004 kB
LowFree:           27220 kB
SwapTotal:       1310716 kB
SwapFree:         816600 kB
Dirty:                 0 kB
Writeback:             0 kB
AnonPages:        638716 kB
Mapped:           381828 kB
Shmem:               488 kB
Slab:              58656 kB
SReclaimable:      16236 kB
SUnreclaim:        42420 kB
KernelStack:       16048 kB
PageTables:        55184 kB
NFS_Unstable:          0 kB
Bounce:                0 kB
WritebackTmp:          0 kB
CommitLimit:     2183484 kB
Committed_AS:   125839528 kB
VmallocTotal:     311296 kB
VmallocUsed:       26236 kB
VmallocChunk:     154636 kB
Time pass: 86 sec

---2015-12-09 10:54:01
MemTotal:        1745540 kB
MemFree:           83792 kB
Buffers:            4816 kB
Cached:           333616 kB
SwapCached:        40432 kB
Active:           497072 kB
Inactive:         495904 kB
Active(anon):     330312 kB
Inactive(anon):   328644 kB
Active(file):     166760 kB
Inactive(file):   167260 kB
Unevictable:        3816 kB
Mlocked:               0 kB
HighTotal:       1217536 kB
HighFree:          56420 kB
LowTotal:         528004 kB
LowFree:           27372 kB
SwapTotal:       1310716 kB
SwapFree:         816624 kB
Dirty:                 4 kB
Writeback:             0 kB
AnonPages:        641452 kB
Mapped:           382080 kB
Shmem:               596 kB
Slab:              58620 kB
SReclaimable:      16236 kB
SUnreclaim:        42384 kB
KernelStack:       16032 kB
PageTables:        55196 kB
NFS_Unstable:          0 kB
Bounce:                0 kB
WritebackTmp:          0 kB
CommitLimit:     2183484 kB
Committed_AS:   125839640 kB
VmallocTotal:     311296 kB
VmallocUsed:       26168 kB
VmallocChunk:     154636 kB
Time pass: 90 sec

---2015-12-09 10:54:01
MemTotal:        1745540 kB
MemFree:           83228 kB
Buffers:            4824 kB
Cached:           333668 kB
SwapCached:        40432 kB
Active:           496260 kB
Inactive:         495960 kB
Active(anon):     329500 kB
Inactive(anon):   328692 kB
Active(file):     166760 kB
Inactive(file):   167268 kB
Unevictable:        3816 kB
Mlocked:               0 kB
HighTotal:       1217536 kB
HighFree:          56076 kB
LowTotal:         528004 kB
LowFree:           27152 kB
SwapTotal:       1310716 kB
SwapFree:         816632 kB
Dirty:                32 kB
Writeback:             0 kB
AnonPages:        640456 kB
Mapped:           381980 kB
Shmem:               648 kB
Slab:              58704 kB
SReclaimable:      16236 kB
SUnreclaim:        42468 kB
KernelStack:       16056 kB
PageTables:        55160 kB
NFS_Unstable:          0 kB
Bounce:                0 kB
WritebackTmp:          0 kB
CommitLimit:     2183484 kB
Committed_AS:   125841840 kB
VmallocTotal:     311296 kB
VmallocUsed:       26236 kB
VmallocChunk:     154636 kB
Time pass: 93 sec

---2015-12-09 10:54:01
MemTotal:        1745540 kB
MemFree:           87844 kB
Buffers:            4840 kB
Cached:           331668 kB
SwapCached:        40472 kB
Active:           493008 kB
Inactive:         494296 kB
Active(anon):     327104 kB
Inactive(anon):   328156 kB
Active(file):     165904 kB
Inactive(file):   166140 kB
Unevictable:        3816 kB
Mlocked:               0 kB
HighTotal:       1217536 kB
HighFree:          60016 kB
LowTotal:         528004 kB
LowFree:           27828 kB
SwapTotal:       1310716 kB
SwapFree:         813540 kB
Dirty:                 0 kB
Writeback:             0 kB
AnonPages:        637608 kB
Mapped:           382064 kB
Shmem:               648 kB
Slab:              58604 kB
SReclaimable:      16240 kB
SUnreclaim:        42364 kB
KernelStack:       16000 kB
PageTables:        55196 kB
NFS_Unstable:          0 kB
Bounce:                0 kB
WritebackTmp:          0 kB
CommitLimit:     2183484 kB
Committed_AS:   125841888 kB
VmallocTotal:     311296 kB
VmallocUsed:       26168 kB
VmallocChunk:     154636 kB
Time pass: 97 sec

---2015-12-09 10:54:01
MemTotal:        1745540 kB
MemFree:          102120 kB
Buffers:            4864 kB
Cached:           335112 kB
SwapCached:        41252 kB
Active:           489156 kB
Inactive:         485640 kB
Active(anon):     318248 kB
Inactive(anon):   320784 kB
Active(file):     170908 kB
Inactive(file):   164856 kB
Unevictable:        3816 kB
Mlocked:               0 kB
HighTotal:       1217536 kB
HighFree:          71744 kB
LowTotal:         528004 kB
LowFree:           30376 kB
SwapTotal:       1310716 kB
SwapFree:         799728 kB
Dirty:                32 kB
Writeback:             0 kB
AnonPages:        621356 kB
Mapped:           375048 kB
Shmem:               232 kB
Slab:              59884 kB
SReclaimable:      16240 kB
SUnreclaim:        43644 kB
KernelStack:       15824 kB
PageTables:        55216 kB
NFS_Unstable:          0 kB
Bounce:                0 kB
WritebackTmp:          0 kB
CommitLimit:     2183484 kB
Committed_AS:   127261000 kB
VmallocTotal:     311296 kB
VmallocUsed:       26224 kB
VmallocChunk:     154636 kB
Time pass: 101 sec

---2015-12-09 10:54:01
MemTotal:        1745540 kB
MemFree:          304832 kB
Buffers:            5008 kB
Cached:           382864 kB
SwapCached:        42464 kB
Active:           427832 kB
Inactive:         510904 kB
Active(anon):     255244 kB
Inactive(anon):   299780 kB
Active(file):     172588 kB
Inactive(file):   211124 kB
Unevictable:        3816 kB
Mlocked:               0 kB
HighTotal:       1217536 kB
HighFree:         214640 kB
LowTotal:         528004 kB
LowFree:           90192 kB
SwapTotal:       1310716 kB
SwapFree:         797416 kB
Dirty:               320 kB
Writeback:             0 kB
AnonPages:        536392 kB
Mapped:           216032 kB
Shmem:                96 kB
Slab:              59944 kB
SReclaimable:      16240 kB
SUnreclaim:        43704 kB
KernelStack:       15176 kB
PageTables:        53724 kB
NFS_Unstable:          0 kB
Bounce:                0 kB
WritebackTmp:          0 kB
CommitLimit:     2183484 kB
Committed_AS:   125889172 kB
VmallocTotal:     311296 kB
VmallocUsed:       24312 kB
VmallocChunk:     154636 kB
Time pass: 104 sec

---2015-12-09 10:54:01
MemTotal:        1745540 kB
MemFree:          306620 kB
Buffers:            5016 kB
Cached:           383380 kB
SwapCached:        43060 kB
Active:           426956 kB
Inactive:         511396 kB
Active(anon):     253660 kB
Inactive(anon):   300208 kB
Active(file):     173296 kB
Inactive(file):   211188 kB
Unevictable:        3816 kB
Mlocked:               0 kB
HighTotal:       1217536 kB
HighFree:         215692 kB
LowTotal:         528004 kB
LowFree:           90928 kB
SwapTotal:       1310716 kB
SwapFree:         799472 kB
Dirty:               336 kB
Writeback:             0 kB
AnonPages:        535132 kB
Mapped:           214864 kB
Shmem:                96 kB
Slab:              59912 kB
SReclaimable:      16240 kB
SUnreclaim:        43672 kB
KernelStack:       15184 kB
PageTables:        53844 kB
NFS_Unstable:          0 kB
Bounce:                0 kB
WritebackTmp:          0 kB
CommitLimit:     2183484 kB
Committed_AS:   125890772 kB
VmallocTotal:     311296 kB
VmallocUsed:       24108 kB
VmallocChunk:     154636 kB
Time pass: 108 sec

---2015-12-09 10:54:01
MemTotal:        1745540 kB
MemFree:          305468 kB
Buffers:            5048 kB
Cached:           383888 kB
SwapCached:        43068 kB
Active:           427456 kB
Inactive:         511968 kB
Active(anon):     254124 kB
Inactive(anon):   300276 kB
Active(file):     173332 kB
Inactive(file):   211692 kB
Unevictable:        3816 kB
Mlocked:               0 kB
HighTotal:       1217536 kB
HighFree:         214276 kB
LowTotal:         528004 kB
LowFree:           91192 kB
SwapTotal:       1310716 kB
SwapFree:         799540 kB
Dirty:                52 kB
Writeback:             0 kB
AnonPages:        535636 kB
Mapped:           214912 kB
Shmem:                96 kB
Slab:              59912 kB
SReclaimable:      16240 kB
SUnreclaim:        43672 kB
KernelStack:       15184 kB
PageTables:        53844 kB
NFS_Unstable:          0 kB
Bounce:                0 kB
WritebackTmp:          0 kB
CommitLimit:     2183484 kB
Committed_AS:   125890972 kB
VmallocTotal:     311296 kB
VmallocUsed:       24108 kB
VmallocChunk:     154636 kB
Time pass: 111 sec

---2015-12-09 10:54:01
MemTotal:        1745540 kB
MemFree:          305148 kB
Buffers:            5048 kB
Cached:           383924 kB
SwapCached:        43084 kB
Active:           427636 kB
Inactive:         512096 kB
Active(anon):     254304 kB
Inactive(anon):   300364 kB
Active(file):     173332 kB
Inactive(file):   211732 kB
Unevictable:        3816 kB
Mlocked:               0 kB
HighTotal:       1217536 kB
HighFree:         213948 kB
LowTotal:         528004 kB
LowFree:           91200 kB
SwapTotal:       1310716 kB
SwapFree:         799636 kB
Dirty:                36 kB
Writeback:             0 kB
AnonPages:        535932 kB
Mapped:           214924 kB
Shmem:                96 kB
Slab:              59912 kB
SReclaimable:      16240 kB
SUnreclaim:        43672 kB
KernelStack:       15176 kB
PageTables:        53844 kB
NFS_Unstable:          0 kB
Bounce:                0 kB
WritebackTmp:          0 kB
CommitLimit:     2183484 kB
Committed_AS:   125891012 kB
VmallocTotal:     311296 kB
VmallocUsed:       24108 kB
VmallocChunk:     154636 kB
Time pass: 115 sec

---2015-12-09 10:54:01
MemTotal:        1745540 kB
MemFree:          304932 kB
Buffers:            5048 kB
Cached:           383928 kB
SwapCached:        43100 kB
Active:           427700 kB
Inactive:         512340 kB
Active(anon):     254368 kB
Inactive(anon):   300608 kB
Active(file):     173332 kB
Inactive(file):   211732 kB
Unevictable:        3816 kB
Mlocked:               0 kB
HighTotal:       1217536 kB
HighFree:         213648 kB
LowTotal:         528004 kB
LowFree:           91284 kB
SwapTotal:       1310716 kB
SwapFree:         800408 kB
Dirty:                 0 kB
Writeback:             0 kB
AnonPages:        536204 kB
Mapped:           214920 kB
Shmem:                96 kB
Slab:              59908 kB
SReclaimable:      16240 kB
SUnreclaim:        43668 kB
KernelStack:       15096 kB
PageTables:        53832 kB
NFS_Unstable:          0 kB
Bounce:                0 kB
WritebackTmp:          0 kB
CommitLimit:     2183484 kB
Committed_AS:   125890692 kB
VmallocTotal:     311296 kB
VmallocUsed:       24108 kB
VmallocChunk:     154636 kB
Time pass: 119 sec

---2015-12-09 10:54:01
MemTotal:        1745540 kB
MemFree:          304760 kB
Buffers:            5048 kB
Cached:           383928 kB
SwapCached:        43104 kB
Active:           427916 kB
Inactive:         512344 kB
Active(anon):     254584 kB
Inactive(anon):   300612 kB
Active(file):     173332 kB
Inactive(file):   211732 kB
Unevictable:        3816 kB
Mlocked:               0 kB
HighTotal:       1217536 kB
HighFree:         213468 kB
LowTotal:         528004 kB
LowFree:           91292 kB
SwapTotal:       1310716 kB
SwapFree:         800412 kB
Dirty:                 0 kB
Writeback:             0 kB
AnonPages:        536452 kB
Mapped:           214920 kB
Shmem:                96 kB
Slab:              59908 kB
SReclaimable:      16240 kB
SUnreclaim:        43668 kB
KernelStack:       15088 kB
PageTables:        53832 kB
NFS_Unstable:          0 kB
Bounce:                0 kB
WritebackTmp:          0 kB
CommitLimit:     2183484 kB
Committed_AS:   125890852 kB
VmallocTotal:     311296 kB
VmallocUsed:       24108 kB
VmallocChunk:     154636 kB
Time pass: 122 sec

---2015-12-09 10:54:01
MemTotal:        1745540 kB
MemFree:          304340 kB
Buffers:            5048 kB
Cached:           383928 kB
SwapCached:        43088 kB
Active:           428016 kB
Inactive:         512512 kB
Active(anon):     254684 kB
Inactive(anon):   300780 kB
Active(file):     173332 kB
Inactive(file):   211732 kB
Unevictable:        3816 kB
Mlocked:               0 kB
HighTotal:       1217536 kB
HighFree:         213064 kB
LowTotal:         528004 kB
LowFree:           91276 kB
SwapTotal:       1310716 kB
SwapFree:         800736 kB
Dirty:                 0 kB
Writeback:             0 kB
AnonPages:        536708 kB
Mapped:           214928 kB
Shmem:                96 kB
Slab:              59908 kB
SReclaimable:      16240 kB
SUnreclaim:        43668 kB
KernelStack:       15048 kB
PageTables:        53824 kB
NFS_Unstable:          0 kB
Bounce:                0 kB
WritebackTmp:          0 kB
CommitLimit:     2183484 kB
Committed_AS:   125890692 kB
VmallocTotal:     311296 kB
VmallocUsed:       24108 kB
VmallocChunk:     154636 kB
Time pass: 126 sec

---2015-12-09 10:54:01
MemTotal:        1745540 kB
MemFree:          275060 kB
Buffers:            5064 kB
Cached:           390596 kB
SwapCached:        43184 kB
Active:           436644 kB
Inactive:         515580 kB
Active(anon):     262816 kB
Inactive(anon):   297572 kB
Active(file):     173828 kB
Inactive(file):   218008 kB
Unevictable:        3816 kB
Mlocked:               0 kB
HighTotal:       1217536 kB
HighFree:         197492 kB
LowTotal:         528004 kB
LowFree:           77568 kB
SwapTotal:       1310716 kB
SwapFree:         800984 kB
Dirty:                40 kB
Writeback:             0 kB
AnonPages:        541560 kB
Mapped:           225760 kB
Shmem:                96 kB
Slab:              60108 kB
SReclaimable:      16240 kB
SUnreclaim:        43868 kB
KernelStack:       15176 kB
PageTables:        53684 kB
NFS_Unstable:          0 kB
Bounce:                0 kB
WritebackTmp:          0 kB
CommitLimit:     2183484 kB
Committed_AS:   125936176 kB
VmallocTotal:     311296 kB
VmallocUsed:       23292 kB
VmallocChunk:     154636 kB
Time pass: 129 sec

---2015-12-09 10:54:01
MemTotal:        1745540 kB
MemFree:          174108 kB
Buffers:            5584 kB
Cached:           405652 kB
SwapCached:        43452 kB
Active:           486036 kB
Inactive:         522612 kB
Active(anon):     305912 kB
Inactive(anon):   295608 kB
Active(file):     180124 kB
Inactive(file):   227004 kB
Unevictable:        3816 kB
Mlocked:               0 kB
HighTotal:       1217536 kB
HighFree:          97792 kB
LowTotal:         528004 kB
LowFree:           76316 kB
SwapTotal:       1310716 kB
SwapFree:         801340 kB
Dirty:              1772 kB
Writeback:             0 kB
AnonPages:        582604 kB
Mapped:           274788 kB
Shmem:               232 kB
Slab:              59784 kB
SReclaimable:      16236 kB
SUnreclaim:        43548 kB
KernelStack:       15648 kB
PageTables:        54396 kB
NFS_Unstable:          0 kB
Bounce:                0 kB
WritebackTmp:          0 kB
CommitLimit:     2183484 kB
Committed_AS:   126010148 kB
VmallocTotal:     311296 kB
VmallocUsed:       22624 kB
VmallocChunk:     154636 kB
Time pass: 133 sec

---2015-12-09 10:54:01
MemTotal:        1745540 kB
MemFree:          100916 kB
Buffers:            5584 kB
Cached:           407288 kB
SwapCached:        43216 kB
Active:           493516 kB
Inactive:         522676 kB
Active(anon):     311808 kB
Inactive(anon):   295560 kB
Active(file):     181708 kB
Inactive(file):   227116 kB
Unevictable:        3816 kB
Mlocked:               0 kB
HighTotal:       1217536 kB
HighFree:          56776 kB
LowTotal:         528004 kB
LowFree:           44140 kB
SwapTotal:       1310716 kB
SwapFree:         808336 kB
Dirty:               780 kB
Writeback:             0 kB
AnonPages:        588148 kB
Mapped:           334264 kB
Shmem:               232 kB
Slab:              59840 kB
SReclaimable:      16220 kB
SUnreclaim:        43620 kB
KernelStack:       15624 kB
PageTables:        54460 kB
NFS_Unstable:          0 kB
Bounce:                0 kB
WritebackTmp:          0 kB
CommitLimit:     2183484 kB
Committed_AS:   126006628 kB
VmallocTotal:     311296 kB
VmallocUsed:       22824 kB
VmallocChunk:     154636 kB
Time pass: 136 sec

---2015-12-09 10:54:01
MemTotal:        1745540 kB
MemFree:          101376 kB
Buffers:            5592 kB
Cached:           407388 kB
SwapCached:        43248 kB
Active:           493152 kB
Inactive:         522856 kB
Active(anon):     311444 kB
Inactive(anon):   295620 kB
Active(file):     181708 kB
Inactive(file):   227236 kB
Unevictable:        3816 kB
Mlocked:               0 kB
HighTotal:       1217536 kB
HighFree:          57048 kB
LowTotal:         528004 kB
LowFree:           44328 kB
SwapTotal:       1310716 kB
SwapFree:         808532 kB
Dirty:               820 kB
Writeback:             0 kB
AnonPages:        588100 kB
Mapped:           334180 kB
Shmem:               232 kB
Slab:              59756 kB
SReclaimable:      16200 kB
SUnreclaim:        43556 kB
KernelStack:       15568 kB
PageTables:        54516 kB
NFS_Unstable:          0 kB
Bounce:                0 kB
WritebackTmp:          0 kB
CommitLimit:     2183484 kB
Committed_AS:   126006796 kB
VmallocTotal:     311296 kB
VmallocUsed:       22824 kB
VmallocChunk:     154636 kB
Time pass: 140 sec

---2015-12-09 10:54:01
MemTotal:        1745540 kB
MemFree:           87012 kB
Buffers:            5592 kB
Cached:           407088 kB
SwapCached:        43248 kB
Active:           494952 kB
Inactive:         522904 kB
Active(anon):     313600 kB
Inactive(anon):   295652 kB
Active(file):     181352 kB
Inactive(file):   227252 kB
Unevictable:        3816 kB
Mlocked:               0 kB
HighTotal:       1217536 kB
HighFree:          55168 kB
LowTotal:         528004 kB
LowFree:           31844 kB
SwapTotal:       1310716 kB
SwapFree:         808536 kB
Dirty:               632 kB
Writeback:             0 kB
AnonPages:        590172 kB
Mapped:           345024 kB
Shmem:               232 kB
Slab:              59752 kB
SReclaimable:      16200 kB
SUnreclaim:        43552 kB
KernelStack:       15504 kB
PageTables:        54536 kB
NFS_Unstable:          0 kB
Bounce:                0 kB
WritebackTmp:          0 kB
CommitLimit:     2183484 kB
Committed_AS:   126007028 kB
VmallocTotal:     311296 kB
VmallocUsed:       22864 kB
VmallocChunk:     154636 kB
Time pass: 143 sec

---2015-12-09 10:54:01
MemTotal:        1745540 kB
MemFree:           74056 kB
Buffers:            5600 kB
Cached:           404800 kB
SwapCached:        43204 kB
Active:           491292 kB
Inactive:         535072 kB
Active(anon):     309976 kB
Inactive(anon):   309840 kB
Active(file):     181316 kB
Inactive(file):   225232 kB
Unevictable:        3816 kB
Mlocked:               0 kB
HighTotal:       1217536 kB
HighFree:          45440 kB
LowTotal:         528004 kB
LowFree:           28616 kB
SwapTotal:       1310716 kB
SwapFree:         811108 kB
Dirty:               416 kB
Writeback:             0 kB
AnonPages:        600584 kB
Mapped:           347588 kB
Shmem:               232 kB
Slab:              59752 kB
SReclaimable:      16200 kB
SUnreclaim:        43552 kB
KernelStack:       15400 kB
PageTables:        53984 kB
NFS_Unstable:          0 kB
Bounce:                0 kB
WritebackTmp:          0 kB
CommitLimit:     2183484 kB
Committed_AS:   124505932 kB
VmallocTotal:     311296 kB
VmallocUsed:       21996 kB
VmallocChunk:     154636 kB
Time pass: 147 sec

---2015-12-09 10:54:01
MemTotal:        1745540 kB
MemFree:           86572 kB
Buffers:            5608 kB
Cached:           395816 kB
SwapCached:        43524 kB
Active:           484996 kB
Inactive:         524496 kB
Active(anon):     303756 kB
Inactive(anon):   308356 kB
Active(file):     181240 kB
Inactive(file):   216140 kB
Unevictable:        3816 kB
Mlocked:               0 kB
HighTotal:       1217536 kB
HighFree:          56164 kB
LowTotal:         528004 kB
LowFree:           30408 kB
SwapTotal:       1310716 kB
SwapFree:         807236 kB
Dirty:               224 kB
Writeback:             0 kB
AnonPages:        592828 kB
Mapped:           348428 kB
Shmem:               232 kB
Slab:              59704 kB
SReclaimable:      16208 kB
SUnreclaim:        43496 kB
KernelStack:       15408 kB
PageTables:        54076 kB
NFS_Unstable:          0 kB
Bounce:                0 kB
WritebackTmp:          0 kB
CommitLimit:     2183484 kB
Committed_AS:   124506308 kB
VmallocTotal:     311296 kB
VmallocUsed:       21940 kB
VmallocChunk:     154636 kB
Time pass: 150 sec

---2015-12-09 10:54:01
MemTotal:        1745540 kB
MemFree:           86328 kB
Buffers:            5608 kB
Cached:           395828 kB
SwapCached:        43520 kB
Active:           485152 kB
Inactive:         524524 kB
Active(anon):     303912 kB
Inactive(anon):   308376 kB
Active(file):     181240 kB
Inactive(file):   216148 kB
Unevictable:        3816 kB
Mlocked:               0 kB
HighTotal:       1217536 kB
HighFree:          55948 kB
LowTotal:         528004 kB
LowFree:           30380 kB
SwapTotal:       1310716 kB
SwapFree:         807264 kB
Dirty:                56 kB
Writeback:             0 kB
AnonPages:        592812 kB
Mapped:           348428 kB
Shmem:               232 kB
Slab:              59736 kB
SReclaimable:      16208 kB
SUnreclaim:        43528 kB
KernelStack:       15408 kB
PageTables:        54076 kB
NFS_Unstable:          0 kB
Bounce:                0 kB
WritebackTmp:          0 kB
CommitLimit:     2183484 kB
Committed_AS:   124506300 kB
VmallocTotal:     311296 kB
VmallocUsed:       22008 kB
VmallocChunk:     154636 kB
Time pass: 154 sec

---2015-12-09 10:54:01
MemTotal:        1745540 kB
MemFree:           85604 kB
Buffers:            5616 kB
Cached:           395816 kB
SwapCached:        43524 kB
Active:           485284 kB
Inactive:         524536 kB
Active(anon):     304044 kB
Inactive(anon):   308388 kB
Active(file):     181240 kB
Inactive(file):   216148 kB
Unevictable:        3816 kB
Mlocked:               0 kB
HighTotal:       1217536 kB
HighFree:          55212 kB
LowTotal:         528004 kB
LowFree:           30392 kB
SwapTotal:       1310716 kB
SwapFree:         807268 kB
Dirty:                 0 kB
Writeback:             0 kB
AnonPages:        593020 kB
Mapped:           348328 kB
Shmem:               232 kB
Slab:              59740 kB
SReclaimable:      16208 kB
SUnreclaim:        43532 kB
KernelStack:       15408 kB
PageTables:        54076 kB
NFS_Unstable:          0 kB
Bounce:                0 kB
WritebackTmp:          0 kB
CommitLimit:     2183484 kB
Committed_AS:   124506396 kB
VmallocTotal:     311296 kB
VmallocUsed:       22076 kB
VmallocChunk:     154636 kB
Time pass: 158 sec

---2015-12-09 10:54:01
MemTotal:        1745540 kB
MemFree:           73936 kB
Buffers:            5648 kB
Cached:           395936 kB
SwapCached:        43512 kB
Active:           499148 kB
Inactive:         523888 kB
Active(anon):     317192 kB
Inactive(anon):   308644 kB
Active(file):     181956 kB
Inactive(file):   215244 kB
Unevictable:        3816 kB
Mlocked:               0 kB
HighTotal:       1217536 kB
HighFree:          42456 kB
LowTotal:         528004 kB
LowFree:           31480 kB
SwapTotal:       1310716 kB
SwapFree:         807392 kB
Dirty:                72 kB
Writeback:             0 kB
AnonPages:        606428 kB
Mapped:           350840 kB
Shmem:               392 kB
Slab:              59256 kB
SReclaimable:      16216 kB
SUnreclaim:        43040 kB
KernelStack:       15752 kB
PageTables:        54284 kB
NFS_Unstable:          0 kB
Bounce:                0 kB
WritebackTmp:          0 kB
CommitLimit:     2183484 kB
Committed_AS:   124554992 kB
VmallocTotal:     311296 kB
VmallocUsed:       22076 kB
VmallocChunk:     154636 kB
Time pass: 161 sec

---2015-12-09 10:54:01
MemTotal:        1745540 kB
MemFree:           68272 kB
Buffers:            5648 kB
Cached:           397588 kB
SwapCached:        43536 kB
Active:           500568 kB
Inactive:         525564 kB
Active(anon):     318556 kB
Inactive(anon):   308756 kB
Active(file):     182012 kB
Inactive(file):   216808 kB
Unevictable:        3816 kB
Mlocked:               0 kB
HighTotal:       1217536 kB
HighFree:          37992 kB
LowTotal:         528004 kB
LowFree:           30280 kB
SwapTotal:       1310716 kB
SwapFree:         807472 kB
Dirty:                 4 kB
Writeback:             0 kB
AnonPages:        607728 kB
Mapped:           351320 kB
Shmem:               464 kB
Slab:              59212 kB
SReclaimable:      16216 kB
SUnreclaim:        42996 kB
KernelStack:       15752 kB
PageTables:        54340 kB
NFS_Unstable:          0 kB
Bounce:                0 kB
WritebackTmp:          0 kB
CommitLimit:     2183484 kB
Committed_AS:   124555064 kB
VmallocTotal:     311296 kB
VmallocUsed:       22076 kB
VmallocChunk:     154636 kB
Time pass: 165 sec

---2015-12-09 10:54:01
MemTotal:        1745540 kB
MemFree:           65708 kB
Buffers:            5656 kB
Cached:           401080 kB
SwapCached:        43716 kB
Active:           501428 kB
Inactive:         529292 kB
Active(anon):     319248 kB
Inactive(anon):   309348 kB
Active(file):     182180 kB
Inactive(file):   219944 kB
Unevictable:        3816 kB
Mlocked:               0 kB
HighTotal:       1217536 kB
HighFree:          34080 kB
LowTotal:         528004 kB
LowFree:           31628 kB
SwapTotal:       1310716 kB
SwapFree:         807772 kB
Dirty:                44 kB
Writeback:             0 kB
AnonPages:        609008 kB
Mapped:           351144 kB
Shmem:               600 kB
Slab:              59196 kB
SReclaimable:      16216 kB
SUnreclaim:        42980 kB
KernelStack:       15720 kB
PageTables:        54340 kB
NFS_Unstable:          0 kB
Bounce:                0 kB
WritebackTmp:          0 kB
CommitLimit:     2183484 kB
Committed_AS:   124556128 kB
VmallocTotal:     311296 kB
VmallocUsed:       22076 kB
VmallocChunk:     154636 kB
Time pass: 169 sec

---2015-12-09 10:54:01
MemTotal:        1745540 kB
MemFree:           60216 kB
Buffers:            5664 kB
Cached:           401084 kB
SwapCached:        43716 kB
Active:           506268 kB
Inactive:         529604 kB
Active(anon):     324084 kB
Inactive(anon):   309496 kB
Active(file):     182184 kB
Inactive(file):   220108 kB
Unevictable:        3816 kB
Mlocked:               0 kB
HighTotal:       1217536 kB
HighFree:          28880 kB
LowTotal:         528004 kB
LowFree:           31336 kB
SwapTotal:       1310716 kB
SwapFree:         807808 kB
Dirty:                 4 kB
Writeback:             0 kB
AnonPages:        613872 kB
Mapped:           351156 kB
Shmem:               636 kB
Slab:              59196 kB
SReclaimable:      16216 kB
SUnreclaim:        42980 kB
KernelStack:       15712 kB
PageTables:        54344 kB
NFS_Unstable:          0 kB
Bounce:                0 kB
WritebackTmp:          0 kB
CommitLimit:     2183484 kB
Committed_AS:   124570688 kB
VmallocTotal:     311296 kB
VmallocUsed:       22076 kB
VmallocChunk:     154636 kB
Time pass: 173 sec

---2015-12-09 10:54:01
MemTotal:        1745540 kB
MemFree:           65396 kB
Buffers:            7256 kB
Cached:           399020 kB
SwapCached:        44084 kB
Active:           498516 kB
Inactive:         537056 kB
Active(anon):     313336 kB
Inactive(anon):   320052 kB
Active(file):     185180 kB
Inactive(file):   217004 kB
Unevictable:        3816 kB
Mlocked:               0 kB
HighTotal:       1217536 kB
HighFree:          37268 kB
LowTotal:         528004 kB
LowFree:           28128 kB
SwapTotal:       1310716 kB
SwapFree:         802188 kB
Dirty:               100 kB
Writeback:             0 kB
AnonPages:        613648 kB
Mapped:           350492 kB
Shmem:               232 kB
Slab:              59452 kB
SReclaimable:      16220 kB
SUnreclaim:        43232 kB
KernelStack:       15824 kB
PageTables:        54780 kB
NFS_Unstable:          0 kB
Bounce:                0 kB
WritebackTmp:          0 kB
CommitLimit:     2183484 kB
Committed_AS:   126084016 kB
VmallocTotal:     311296 kB
VmallocUsed:       22076 kB
VmallocChunk:     154636 kB
Time pass: 176 sec

---2015-12-09 10:54:01
MemTotal:        1745540 kB
MemFree:           74880 kB
Buffers:            7256 kB
Cached:           399112 kB
SwapCached:        44088 kB
Active:           493492 kB
Inactive:         535888 kB
Active(anon):     306996 kB
Inactive(anon):   320064 kB
Active(file):     186496 kB
Inactive(file):   215824 kB
Unevictable:        3816 kB
Mlocked:               0 kB
HighTotal:       1217536 kB
HighFree:          43996 kB
LowTotal:         528004 kB
LowFree:           30884 kB
SwapTotal:       1310716 kB
SwapFree:         802200 kB
Dirty:                48 kB
Writeback:             0 kB
AnonPages:        607416 kB
Mapped:           344852 kB
Shmem:               232 kB
Slab:              59428 kB
SReclaimable:      16220 kB
SUnreclaim:        43208 kB
KernelStack:       15408 kB
PageTables:        54200 kB
NFS_Unstable:          0 kB
Bounce:                0 kB
WritebackTmp:          0 kB
CommitLimit:     2183484 kB
Committed_AS:   124551404 kB
VmallocTotal:     311296 kB
VmallocUsed:       21872 kB
VmallocChunk:     154636 kB
Time pass: 180 sec

---2015-12-09 10:54:01
MemTotal:        1745540 kB
MemFree:           74268 kB
Buffers:            7264 kB
Cached:           399112 kB
SwapCached:        44436 kB
Active:           493300 kB
Inactive:         536572 kB
Active(anon):     306800 kB
Inactive(anon):   320744 kB
Active(file):     186500 kB
Inactive(file):   215828 kB
Unevictable:        3816 kB
Mlocked:               0 kB
HighTotal:       1217536 kB
HighFree:          43368 kB
LowTotal:         528004 kB
LowFree:           30900 kB
SwapTotal:       1310716 kB
SwapFree:         802772 kB
Dirty:                76 kB
Writeback:             0 kB
AnonPages:        607984 kB
Mapped:           344856 kB
Shmem:               232 kB
Slab:              59424 kB
SReclaimable:      16220 kB
SUnreclaim:        43204 kB
KernelStack:       15408 kB
PageTables:        54196 kB
NFS_Unstable:          0 kB
Bounce:                0 kB
WritebackTmp:          0 kB
CommitLimit:     2183484 kB
Committed_AS:   124551420 kB
VmallocTotal:     311296 kB
VmallocUsed:       21872 kB
VmallocChunk:     154636 kB
Time pass: 184 sec

---2015-12-09 10:54:01
MemTotal:        1745540 kB
MemFree:           74268 kB
Buffers:            7264 kB
Cached:           399128 kB
SwapCached:        44540 kB
Active:           493452 kB
Inactive:         536680 kB
Active(anon):     306952 kB
Inactive(anon):   320852 kB
Active(file):     186500 kB
Inactive(file):   215828 kB
Unevictable:        3816 kB
Mlocked:               0 kB
HighTotal:       1217536 kB
HighFree:          43300 kB
LowTotal:         528004 kB
LowFree:           30968 kB
SwapTotal:       1310716 kB
SwapFree:         802816 kB
Dirty:                 0 kB
Writeback:             0 kB
AnonPages:        608184 kB
Mapped:           344868 kB
Shmem:               232 kB
Slab:              59424 kB
SReclaimable:      16220 kB
SUnreclaim:        43204 kB
KernelStack:       15392 kB
PageTables:        54176 kB
NFS_Unstable:          0 kB
Bounce:                0 kB
WritebackTmp:          0 kB
CommitLimit:     2183484 kB
Committed_AS:   124551460 kB
VmallocTotal:     311296 kB
VmallocUsed:       21872 kB
VmallocChunk:     154636 kB
Time pass: 188 sec

---2015-12-09 10:54:01
MemTotal:        1745540 kB
MemFree:           73216 kB
Buffers:            7264 kB
Cached:           399112 kB
SwapCached:        44544 kB
Active:           493584 kB
Inactive:         536660 kB
Active(anon):     307084 kB
Inactive(anon):   320832 kB
Active(file):     186500 kB
Inactive(file):   215828 kB
Unevictable:        3816 kB
Mlocked:               0 kB
HighTotal:       1217536 kB
HighFree:          42560 kB
LowTotal:         528004 kB
LowFree:           30656 kB
SwapTotal:       1310716 kB
SwapFree:         802820 kB
Dirty:                 0 kB
Writeback:             0 kB
AnonPages:        608328 kB
Mapped:           344904 kB
Shmem:               232 kB
Slab:              59424 kB
SReclaimable:      16220 kB
SUnreclaim:        43204 kB
KernelStack:       15384 kB
PageTables:        54196 kB
NFS_Unstable:          0 kB
Bounce:                0 kB
WritebackTmp:          0 kB
CommitLimit:     2183484 kB
Committed_AS:   124551620 kB
VmallocTotal:     311296 kB
VmallocUsed:       22008 kB
VmallocChunk:     154636 kB
Time pass: 191 sec

---2015-12-09 10:54:01
MemTotal:        1745540 kB
MemFree:           73688 kB
Buffers:            7264 kB
Cached:           399556 kB
SwapCached:        44544 kB
Active:           493468 kB
Inactive:         537112 kB
Active(anon):     306964 kB
Inactive(anon):   320844 kB
Active(file):     186504 kB
Inactive(file):   216268 kB
Unevictable:        3816 kB
Mlocked:               0 kB
HighTotal:       1217536 kB
HighFree:          42720 kB
LowTotal:         528004 kB
LowFree:           30968 kB
SwapTotal:       1310716 kB
SwapFree:         802824 kB
Dirty:                 4 kB
Writeback:             0 kB
AnonPages:        608232 kB
Mapped:           344964 kB
Shmem:               232 kB
Slab:              59428 kB
SReclaimable:      16220 kB
SUnreclaim:        43208 kB
KernelStack:       15376 kB
PageTables:        54196 kB
NFS_Unstable:          0 kB
Bounce:                0 kB
WritebackTmp:          0 kB
CommitLimit:     2183484 kB
Committed_AS:   124551660 kB
VmallocTotal:     311296 kB
VmallocUsed:       21872 kB
VmallocChunk:     154636 kB
Time pass: 195 sec

---2015-12-09 10:54:01
MemTotal:        1745540 kB
MemFree:           73288 kB
Buffers:            7272 kB
Cached:           399556 kB
SwapCached:        44564 kB
Active:           493680 kB
Inactive:         537200 kB
Active(anon):     307176 kB
Inactive(anon):   320928 kB
Active(file):     186504 kB
Inactive(file):   216272 kB
Unevictable:        3816 kB
Mlocked:               0 kB
HighTotal:       1217536 kB
HighFree:          42308 kB
LowTotal:         528004 kB
LowFree:           30980 kB
SwapTotal:       1310716 kB
SwapFree:         802888 kB
Dirty:                 4 kB
Writeback:             0 kB
AnonPages:        608524 kB
Mapped:           344964 kB
Shmem:               232 kB
Slab:              59436 kB
SReclaimable:      16220 kB
SUnreclaim:        43216 kB
KernelStack:       15384 kB
PageTables:        54200 kB
NFS_Unstable:          0 kB
Bounce:                0 kB
WritebackTmp:          0 kB
CommitLimit:     2183484 kB
Committed_AS:   124551780 kB
VmallocTotal:     311296 kB
VmallocUsed:       21872 kB
VmallocChunk:     154636 kB
Time pass: 199 sec

---2015-12-09 10:54:01
MemTotal:        1745540 kB
MemFree:           72996 kB
Buffers:            7272 kB
Cached:           399556 kB
SwapCached:        44568 kB
Active:           494068 kB
Inactive:         537284 kB
Active(anon):     307564 kB
Inactive(anon):   321008 kB
Active(file):     186504 kB
Inactive(file):   216276 kB
Unevictable:        3816 kB
Mlocked:               0 kB
HighTotal:       1217536 kB
HighFree:          42024 kB
LowTotal:         528004 kB
LowFree:           30972 kB
SwapTotal:       1310716 kB
SwapFree:         802972 kB
Dirty:                 4 kB
Writeback:             0 kB
AnonPages:        608988 kB
Mapped:           344968 kB
Shmem:               232 kB
Slab:              59432 kB
SReclaimable:      16220 kB
SUnreclaim:        43212 kB
KernelStack:       15392 kB
PageTables:        54200 kB
NFS_Unstable:          0 kB
Bounce:                0 kB
WritebackTmp:          0 kB
CommitLimit:     2183484 kB
Committed_AS:   124552428 kB
VmallocTotal:     311296 kB
VmallocUsed:       21872 kB
VmallocChunk:     154636 kB
Time pass: 202 sec

---2015-12-09 10:54:01
MemTotal:        1745540 kB
MemFree:           72760 kB
Buffers:            7272 kB
Cached:           399564 kB
SwapCached:        44572 kB
Active:           494148 kB
Inactive:         537308 kB
Active(anon):     307644 kB
Inactive(anon):   321024 kB
Active(file):     186504 kB
Inactive(file):   216284 kB
Unevictable:        3816 kB
Mlocked:               0 kB
HighTotal:       1217536 kB
HighFree:          41788 kB
LowTotal:         528004 kB
LowFree:           30972 kB
SwapTotal:       1310716 kB
SwapFree:         802988 kB
Dirty:                 0 kB
Writeback:             0 kB
AnonPages:        609112 kB
Mapped:           344968 kB
Shmem:               232 kB
Slab:              59432 kB
SReclaimable:      16220 kB
SUnreclaim:        43212 kB
KernelStack:       15392 kB
PageTables:        54200 kB
NFS_Unstable:          0 kB
Bounce:                0 kB
WritebackTmp:          0 kB
CommitLimit:     2183484 kB
Committed_AS:   124552508 kB
VmallocTotal:     311296 kB
VmallocUsed:       21872 kB
VmallocChunk:     154636 kB
Time pass: 206 sec

---2015-12-09 10:54:01
MemTotal:        1745540 kB
MemFree:           72692 kB
Buffers:            7272 kB
Cached:           399596 kB
SwapCached:        44604 kB
Active:           494360 kB
Inactive:         537360 kB
Active(anon):     307856 kB
Inactive(anon):   321076 kB
Active(file):     186504 kB
Inactive(file):   216284 kB
Unevictable:        3816 kB
Mlocked:               0 kB
HighTotal:       1217536 kB
HighFree:          41720 kB
LowTotal:         528004 kB
LowFree:           30972 kB
SwapTotal:       1310716 kB
SwapFree:         803028 kB
Dirty:                 0 kB
Writeback:             0 kB
AnonPages:        609388 kB
Mapped:           344968 kB
Shmem:               232 kB
Slab:              59432 kB
SReclaimable:      16220 kB
SUnreclaim:        43212 kB
KernelStack:       15392 kB
PageTables:        54200 kB
NFS_Unstable:          0 kB
Bounce:                0 kB
WritebackTmp:          0 kB
CommitLimit:     2183484 kB
Committed_AS:   124552628 kB
VmallocTotal:     311296 kB
VmallocUsed:       21872 kB
VmallocChunk:     154636 kB
Time pass: 209 sec

---2015-12-09 10:54:01
MemTotal:        1745540 kB
MemFree:           55852 kB
Buffers:            7288 kB
Cached:           396304 kB
SwapCached:        44620 kB
Active:           507712 kB
Inactive:         532444 kB
Active(anon):     320960 kB
Inactive(anon):   319772 kB
Active(file):     186752 kB
Inactive(file):   212672 kB
Unevictable:        3816 kB
Mlocked:               0 kB
HighTotal:       1217536 kB
HighFree:          28608 kB
LowTotal:         528004 kB
LowFree:           27244 kB
SwapTotal:       1310716 kB
SwapFree:         801888 kB
Dirty:                 4 kB
Writeback:             0 kB
AnonPages:        621032 kB
Mapped:           342320 kB
Shmem:               348 kB
Slab:              59416 kB
SReclaimable:      16220 kB
SUnreclaim:        43196 kB
KernelStack:       15736 kB
PageTables:        54360 kB
NFS_Unstable:          0 kB
Bounce:                0 kB
WritebackTmp:          0 kB
CommitLimit:     2183484 kB
Committed_AS:   124590024 kB
VmallocTotal:     311296 kB
VmallocUsed:       24484 kB
VmallocChunk:     154636 kB
Time pass: 213 sec

---2015-12-09 10:54:01
MemTotal:        1745540 kB
MemFree:           57644 kB
Buffers:            7288 kB
Cached:           386464 kB
SwapCached:        44676 kB
Active:           505792 kB
Inactive:         522840 kB
Active(anon):     319188 kB
Inactive(anon):   320012 kB
Active(file):     186604 kB
Inactive(file):   202828 kB
Unevictable:        3816 kB
Mlocked:               0 kB
HighTotal:       1217536 kB
HighFree:          29192 kB
LowTotal:         528004 kB
LowFree:           28452 kB
SwapTotal:       1310716 kB
SwapFree:         799088 kB
Dirty:                 4 kB
Writeback:             0 kB
AnonPages:        619332 kB
Mapped:           335740 kB
Shmem:               476 kB
Slab:              59240 kB
SReclaimable:      16220 kB
SUnreclaim:        43020 kB
KernelStack:       15752 kB
PageTables:        54512 kB
NFS_Unstable:          0 kB
Bounce:                0 kB
WritebackTmp:          0 kB
CommitLimit:     2183484 kB
Committed_AS:   124590044 kB
VmallocTotal:     311296 kB
VmallocUsed:       24484 kB
VmallocChunk:     154636 kB
Time pass: 217 sec

---2015-12-09 10:54:01
MemTotal:        1745540 kB
MemFree:           57904 kB
Buffers:            7296 kB
Cached:           386712 kB
SwapCached:        44680 kB
Active:           506324 kB
Inactive:         522948 kB
Active(anon):     319644 kB
Inactive(anon):   319928 kB
Active(file):     186680 kB
Inactive(file):   203020 kB
Unevictable:        3816 kB
Mlocked:               0 kB
HighTotal:       1217536 kB
HighFree:          28964 kB
LowTotal:         528004 kB
LowFree:           28940 kB
SwapTotal:       1310716 kB
SwapFree:         799144 kB
Dirty:                40 kB
Writeback:             0 kB
AnonPages:        619724 kB
Mapped:           335868 kB
Shmem:               492 kB
Slab:              59164 kB
SReclaimable:      16220 kB
SUnreclaim:        42944 kB
KernelStack:       15712 kB
PageTables:        54532 kB
NFS_Unstable:          0 kB
Bounce:                0 kB
WritebackTmp:          0 kB
CommitLimit:     2183484 kB
Committed_AS:   124590272 kB
VmallocTotal:     311296 kB
VmallocUsed:       24484 kB
VmallocChunk:     154636 kB
Time pass: 221 sec

---2015-12-09 10:54:01
MemTotal:        1745540 kB
MemFree:           57808 kB
Buffers:            7296 kB
Cached:           387288 kB
SwapCached:        44668 kB
Active:           506848 kB
Inactive:         523516 kB
Active(anon):     320164 kB
Inactive(anon):   320048 kB
Active(file):     186684 kB
Inactive(file):   203468 kB
Unevictable:        3816 kB
Mlocked:               0 kB
HighTotal:       1217536 kB
HighFree:          28412 kB
LowTotal:         528004 kB
LowFree:           29396 kB
SwapTotal:       1310716 kB
SwapFree:         799176 kB
Dirty:                 8 kB
Writeback:             0 kB
AnonPages:        620200 kB
Mapped:           336080 kB
Shmem:               588 kB
Slab:              59164 kB
SReclaimable:      16220 kB
SUnreclaim:        42944 kB
KernelStack:       15720 kB
PageTables:        54524 kB
NFS_Unstable:          0 kB
Bounce:                0 kB
WritebackTmp:          0 kB
CommitLimit:     2183484 kB
Committed_AS:   124590344 kB
VmallocTotal:     311296 kB
VmallocUsed:       24416 kB
VmallocChunk:     154636 kB
Time pass: 225 sec

---2015-12-09 10:54:01
MemTotal:        1745540 kB
MemFree:           53400 kB
Buffers:            7340 kB
Cached:           385496 kB
SwapCached:        45092 kB
Active:           512152 kB
Inactive:         521068 kB
Active(anon):     324556 kB
Inactive(anon):   320180 kB
Active(file):     187596 kB
Inactive(file):   200888 kB
Unevictable:        3816 kB
Mlocked:               0 kB
HighTotal:       1217536 kB
HighFree:          23960 kB
LowTotal:         528004 kB
LowFree:           29440 kB
SwapTotal:       1310716 kB
SwapFree:         797444 kB
Dirty:                76 kB
Writeback:             0 kB
AnonPages:        624868 kB
Mapped:           335036 kB
Shmem:               536 kB
Slab:              59452 kB
SReclaimable:      16220 kB
SUnreclaim:        43232 kB
KernelStack:       15800 kB
PageTables:        54432 kB
NFS_Unstable:          0 kB
Bounce:                0 kB
WritebackTmp:          0 kB
CommitLimit:     2183484 kB
Committed_AS:   124603880 kB
VmallocTotal:     311296 kB
VmallocUsed:       24484 kB
VmallocChunk:     154636 kB
Time pass: 228 sec

---2015-12-09 10:54:01
MemTotal:        1745540 kB
MemFree:           53176 kB
Buffers:            7356 kB
Cached:           381584 kB
SwapCached:        45164 kB
Active:           515692 kB
Inactive:         516516 kB
Active(anon):     321632 kB
Inactive(anon):   326048 kB
Active(file):     194060 kB
Inactive(file):   190468 kB
Unevictable:        3816 kB
Mlocked:               0 kB
HighTotal:       1217536 kB
HighFree:          24712 kB
LowTotal:         528004 kB
LowFree:           28464 kB
SwapTotal:       1310716 kB
SwapFree:         795844 kB
Dirty:                 0 kB
Writeback:             0 kB
AnonPages:        627744 kB
Mapped:           332072 kB
Shmem:               584 kB
Slab:              59504 kB
SReclaimable:      16220 kB
SUnreclaim:        43284 kB
KernelStack:       15928 kB
PageTables:        54408 kB
NFS_Unstable:          0 kB
Bounce:                0 kB
WritebackTmp:          0 kB
CommitLimit:     2183484 kB
Committed_AS:   124604124 kB
VmallocTotal:     311296 kB
VmallocUsed:       24484 kB
VmallocChunk:     154636 kB
Time pass: 232 sec

---2015-12-09 10:54:01
MemTotal:        1745540 kB
MemFree:           54852 kB
Buffers:            7356 kB
Cached:           381768 kB
SwapCached:        45164 kB
Active:           516316 kB
Inactive:         516488 kB
Active(anon):     322088 kB
Inactive(anon):   326056 kB
Active(file):     194228 kB
Inactive(file):   190432 kB
Unevictable:        3816 kB
Mlocked:               0 kB
HighTotal:       1217536 kB
HighFree:          25304 kB
LowTotal:         528004 kB
LowFree:           29548 kB
SwapTotal:       1310716 kB
SwapFree:         795852 kB
Dirty:                36 kB
Writeback:             0 kB
AnonPages:        628116 kB
Mapped:           330908 kB
Shmem:               588 kB
Slab:              59552 kB
SReclaimable:      16220 kB
SUnreclaim:        43332 kB
KernelStack:       15768 kB
PageTables:        54456 kB
NFS_Unstable:          0 kB
Bounce:                0 kB
WritebackTmp:          0 kB
CommitLimit:     2183484 kB
Committed_AS:   124604224 kB
VmallocTotal:     311296 kB
VmallocUsed:       24484 kB
VmallocChunk:     154636 kB
Time pass: 236 sec

---2015-12-09 10:54:01
MemTotal:        1745540 kB
MemFree:           54400 kB
Buffers:            7380 kB
Cached:           381852 kB
SwapCached:        45160 kB
Active:           516352 kB
Inactive:         516708 kB
Active(anon):     322124 kB
Inactive(anon):   326108 kB
Active(file):     194228 kB
Inactive(file):   190600 kB
Unevictable:        3816 kB
Mlocked:               0 kB
HighTotal:       1217536 kB
HighFree:          25268 kB
LowTotal:         528004 kB
LowFree:           29132 kB
SwapTotal:       1310716 kB
SwapFree:         795912 kB
Dirty:                68 kB
Writeback:             0 kB
AnonPages:        628256 kB
Mapped:           330824 kB
Shmem:               588 kB
Slab:              59492 kB
SReclaimable:      16236 kB
SUnreclaim:        43256 kB
KernelStack:       15816 kB
PageTables:        54460 kB
NFS_Unstable:          0 kB
Bounce:                0 kB
WritebackTmp:          0 kB
CommitLimit:     2183484 kB
Committed_AS:   124606352 kB
VmallocTotal:     311296 kB
VmallocUsed:       24484 kB
VmallocChunk:     154636 kB
Time pass: 239 sec

---2015-12-09 10:54:01
MemTotal:        1745540 kB
MemFree:           54000 kB
Buffers:            7380 kB
Cached:           381856 kB
SwapCached:        45164 kB
Active:           517704 kB
Inactive:         516716 kB
Active(anon):     323476 kB
Inactive(anon):   326116 kB
Active(file):     194228 kB
Inactive(file):   190600 kB
Unevictable:        3816 kB
Mlocked:               0 kB
HighTotal:       1217536 kB
HighFree:          24428 kB
LowTotal:         528004 kB
LowFree:           29572 kB
SwapTotal:       1310716 kB
SwapFree:         795912 kB
Dirty:                 0 kB
Writeback:             0 kB
AnonPages:        629532 kB
Mapped:           330928 kB
Shmem:               592 kB
Slab:              59588 kB
SReclaimable:      16236 kB
SUnreclaim:        43352 kB
KernelStack:       15816 kB
PageTables:        54464 kB
NFS_Unstable:          0 kB
Bounce:                0 kB
WritebackTmp:          0 kB
CommitLimit:     2183484 kB
Committed_AS:   124608552 kB
VmallocTotal:     311296 kB
VmallocUsed:       24416 kB
VmallocChunk:     154636 kB
Time pass: 243 sec

---2015-12-09 10:54:01
MemTotal:        1745540 kB
MemFree:           53348 kB
Buffers:            7404 kB
Cached:           382008 kB
SwapCached:        45164 kB
Active:           517796 kB
Inactive:         516904 kB
Active(anon):     323568 kB
Inactive(anon):   326172 kB
Active(file):     194228 kB
Inactive(file):   190732 kB
Unevictable:        3816 kB
Mlocked:               0 kB
HighTotal:       1217536 kB
HighFree:          23700 kB
LowTotal:         528004 kB
LowFree:           29648 kB
SwapTotal:       1310716 kB
SwapFree:         795932 kB
Dirty:                28 kB
Writeback:             0 kB
AnonPages:        629776 kB
Mapped:           330880 kB
Shmem:               636 kB
Slab:              59492 kB
SReclaimable:      16236 kB
SUnreclaim:        43256 kB
KernelStack:       15776 kB
PageTables:        54468 kB
NFS_Unstable:          0 kB
Bounce:                0 kB
WritebackTmp:          0 kB
CommitLimit:     2183484 kB
Committed_AS:   124610728 kB
VmallocTotal:     311296 kB
VmallocUsed:       24484 kB
VmallocChunk:     154636 kB
Time pass: 247 sec

---2015-12-09 10:54:01
MemTotal:        1745540 kB
MemFree:           49732 kB
Buffers:            7824 kB
Cached:           380528 kB
SwapCached:        45480 kB
Active:           518624 kB
Inactive:         518532 kB
Active(anon):     324836 kB
Inactive(anon):   328420 kB
Active(file):     193788 kB
Inactive(file):   190112 kB
Unevictable:        3816 kB
Mlocked:               0 kB
HighTotal:       1217536 kB
HighFree:          24248 kB
LowTotal:         528004 kB
LowFree:           25484 kB
SwapTotal:       1310716 kB
SwapFree:         793636 kB
Dirty:               104 kB
Writeback:             0 kB
AnonPages:        632896 kB
Mapped:           333032 kB
Shmem:               636 kB
Slab:              59488 kB
SReclaimable:      16236 kB
SUnreclaim:        43252 kB
KernelStack:       15944 kB
PageTables:        55032 kB
NFS_Unstable:          0 kB
Bounce:                0 kB
WritebackTmp:          0 kB
CommitLimit:     2183484 kB
Committed_AS:   126144536 kB
VmallocTotal:     311296 kB
VmallocUsed:       24484 kB
VmallocChunk:     154636 kB
Time pass: 250 sec

---2015-12-09 10:54:01
MemTotal:        1745540 kB
MemFree:           55428 kB
Buffers:            7832 kB
Cached:           380536 kB
SwapCached:        45568 kB
Active:           512388 kB
Inactive:         518640 kB
Active(anon):     318596 kB
Inactive(anon):   328516 kB
Active(file):     193792 kB
Inactive(file):   190124 kB
Unevictable:        3816 kB
Mlocked:               0 kB
HighTotal:       1217536 kB
HighFree:          28572 kB
LowTotal:         528004 kB
LowFree:           26856 kB
SwapTotal:       1310716 kB
SwapFree:         793688 kB
Dirty:                 0 kB
Writeback:             0 kB
AnonPages:        626896 kB
Mapped:           327232 kB
Shmem:               636 kB
Slab:              59488 kB
SReclaimable:      16236 kB
SUnreclaim:        43252 kB
KernelStack:       15832 kB
PageTables:        54484 kB
NFS_Unstable:          0 kB
Bounce:                0 kB
WritebackTmp:          0 kB
CommitLimit:     2183484 kB
Committed_AS:   124611896 kB
VmallocTotal:     311296 kB
VmallocUsed:       24484 kB
VmallocChunk:     154636 kB
Time pass: 254 sec

---2015-12-09 10:54:01
MemTotal:        1745540 kB
MemFree:           49460 kB
Buffers:            7320 kB
Cached:           382196 kB
SwapCached:        49760 kB
Active:           516940 kB
Inactive:         520868 kB
Active(anon):     326736 kB
Inactive(anon):   326172 kB
Active(file):     190204 kB
Inactive(file):   194696 kB
Unevictable:        3816 kB
Mlocked:               0 kB
HighTotal:       1217536 kB
HighFree:          22044 kB
LowTotal:         528004 kB
LowFree:           27416 kB
SwapTotal:       1310716 kB
SwapFree:         786140 kB
Dirty:                84 kB
Writeback:             0 kB
AnonPages:        632716 kB
Mapped:           320828 kB
Shmem:               640 kB
Slab:              59680 kB
SReclaimable:      16236 kB
SUnreclaim:        43444 kB
KernelStack:       15920 kB
PageTables:        54976 kB
NFS_Unstable:          0 kB
Bounce:                0 kB
WritebackTmp:          0 kB
CommitLimit:     2183484 kB
Committed_AS:   125870528 kB
VmallocTotal:     311296 kB
VmallocUsed:       24484 kB
VmallocChunk:     154636 kB
Time pass: 258 sec

---2015-12-09 10:54:01
MemTotal:        1745540 kB
MemFree:           55200 kB
Buffers:            6792 kB
Cached:           381120 kB
SwapCached:        50248 kB
Active:           518992 kB
Inactive:         516332 kB
Active(anon):     329356 kB
Inactive(anon):   322136 kB
Active(file):     189636 kB
Inactive(file):   194196 kB
Unevictable:        3816 kB
Mlocked:               0 kB
HighTotal:       1217536 kB
HighFree:          20828 kB
LowTotal:         528004 kB
LowFree:           34372 kB
SwapTotal:       1310716 kB
SwapFree:         788328 kB
Dirty:                 0 kB
Writeback:             0 kB
AnonPages:        631832 kB
Mapped:           322716 kB
Shmem:               264 kB
Slab:              59868 kB
SReclaimable:      16236 kB
SUnreclaim:        43632 kB
KernelStack:       15616 kB
PageTables:        54752 kB
NFS_Unstable:          0 kB
Bounce:                0 kB
WritebackTmp:          0 kB
CommitLimit:     2183484 kB
Committed_AS:   126318396 kB
VmallocTotal:     311296 kB
VmallocUsed:       23416 kB
VmallocChunk:     154636 kB
Time pass: 261 sec

---2015-12-09 10:54:01
MemTotal:        1745540 kB
MemFree:           67292 kB
Buffers:            6800 kB
Cached:           381884 kB
SwapCached:        50268 kB
Active:           508680 kB
Inactive:         514364 kB
Active(anon):     319044 kB
Inactive(anon):   319404 kB
Active(file):     189636 kB
Inactive(file):   194960 kB
Unevictable:        3816 kB
Mlocked:               0 kB
HighTotal:       1217536 kB
HighFree:          31608 kB
LowTotal:         528004 kB
LowFree:           35684 kB
SwapTotal:       1310716 kB
SwapFree:         788984 kB
Dirty:                20 kB
Writeback:             0 kB
AnonPages:        619012 kB
Mapped:           322580 kB
Shmem:               264 kB
Slab:              59796 kB
SReclaimable:      16236 kB
SUnreclaim:        43560 kB
KernelStack:       15544 kB
PageTables:        54816 kB
NFS_Unstable:          0 kB
Bounce:                0 kB
WritebackTmp:          0 kB
CommitLimit:     2183484 kB
Committed_AS:   126318020 kB
VmallocTotal:     311296 kB
VmallocUsed:       23484 kB
VmallocChunk:     154636 kB
Time pass: 265 sec

---2015-12-09 10:54:01
MemTotal:        1745540 kB
MemFree:           68080 kB
Buffers:            6808 kB
Cached:           381888 kB
SwapCached:        50272 kB
Active:           508864 kB
Inactive:         514504 kB
Active(anon):     319228 kB
Inactive(anon):   319524 kB
Active(file):     189636 kB
Inactive(file):   194980 kB
Unevictable:        3816 kB
Mlocked:               0 kB
HighTotal:       1217536 kB
HighFree:          32032 kB
LowTotal:         528004 kB
LowFree:           36048 kB
SwapTotal:       1310716 kB
SwapFree:         789104 kB
Dirty:                24 kB
Writeback:             0 kB
AnonPages:        619104 kB
Mapped:           322644 kB
Shmem:               264 kB
Slab:              59764 kB
SReclaimable:      16236 kB
SUnreclaim:        43528 kB
KernelStack:       15544 kB
PageTables:        54812 kB
NFS_Unstable:          0 kB
Bounce:                0 kB
WritebackTmp:          0 kB
CommitLimit:     2183484 kB
Committed_AS:   126318092 kB
VmallocTotal:     311296 kB
VmallocUsed:       23280 kB
VmallocChunk:     154636 kB
Time pass: 269 sec

---2015-12-09 10:54:01
MemTotal:        1745540 kB
MemFree:           60892 kB
Buffers:            6808 kB
Cached:           388736 kB
SwapCached:        50288 kB
Active:           509216 kB
Inactive:         521360 kB
Active(anon):     319580 kB
Inactive(anon):   319560 kB
Active(file):     189636 kB
Inactive(file):   201800 kB
Unevictable:        3816 kB
Mlocked:               0 kB
HighTotal:       1217536 kB
HighFree:          24836 kB
LowTotal:         528004 kB
LowFree:           36056 kB
SwapTotal:       1310716 kB
SwapFree:         789112 kB
Dirty:                 0 kB
Writeback:             0 kB
AnonPages:        619416 kB
Mapped:           323096 kB
Shmem:               264 kB
Slab:              59764 kB
SReclaimable:      16236 kB
SUnreclaim:        43528 kB
KernelStack:       15536 kB
PageTables:        54816 kB
NFS_Unstable:          0 kB
Bounce:                0 kB
WritebackTmp:          0 kB
CommitLimit:     2183484 kB
Committed_AS:   126318332 kB
VmallocTotal:     311296 kB
VmallocUsed:       23280 kB
VmallocChunk:     154636 kB
Time pass: 272 sec

---2015-12-09 10:54:01
MemTotal:        1745540 kB
MemFree:           60696 kB
Buffers:            6808 kB
Cached:           388748 kB
SwapCached:        50288 kB
Active:           509304 kB
Inactive:         521392 kB
Active(anon):     319668 kB
Inactive(anon):   319552 kB
Active(file):     189636 kB
Inactive(file):   201840 kB
Unevictable:        3816 kB
Mlocked:               0 kB
HighTotal:       1217536 kB
HighFree:          24656 kB
LowTotal:         528004 kB
LowFree:           36040 kB
SwapTotal:       1310716 kB
SwapFree:         789116 kB
Dirty:                 0 kB
Writeback:             0 kB
AnonPages:        619556 kB
Mapped:           323116 kB
Shmem:               264 kB
Slab:              59764 kB
SReclaimable:      16236 kB
SUnreclaim:        43528 kB
KernelStack:       15552 kB
PageTables:        54816 kB
NFS_Unstable:          0 kB
Bounce:                0 kB
WritebackTmp:          0 kB
CommitLimit:     2183484 kB
Committed_AS:   126318412 kB
VmallocTotal:     311296 kB
VmallocUsed:       20872 kB
VmallocChunk:     154636 kB
Time pass: 276 sec

---2015-12-09 10:54:01
MemTotal:        1745540 kB
MemFree:           60460 kB
Buffers:            6808 kB
Cached:           388756 kB
SwapCached:        50284 kB
Active:           509524 kB
Inactive:         521404 kB
Active(anon):     319888 kB
Inactive(anon):   319556 kB
Active(file):     189636 kB
Inactive(file):   201848 kB
Unevictable:        3816 kB
Mlocked:               0 kB
HighTotal:       1217536 kB
HighFree:          24404 kB
LowTotal:         528004 kB
LowFree:           36056 kB
SwapTotal:       1310716 kB
SwapFree:         789292 kB
Dirty:                 0 kB
Writeback:             0 kB
AnonPages:        619780 kB
Mapped:           323136 kB
Shmem:               264 kB
Slab:              59764 kB
SReclaimable:      16236 kB
SUnreclaim:        43528 kB
KernelStack:       15552 kB
PageTables:        54804 kB
NFS_Unstable:          0 kB
Bounce:                0 kB
WritebackTmp:          0 kB
CommitLimit:     2183484 kB
Committed_AS:   126316196 kB
VmallocTotal:     311296 kB
VmallocUsed:       20872 kB
VmallocChunk:     154636 kB
Time pass: 280 sec

---2015-12-09 10:54:01
MemTotal:        1745540 kB
MemFree:           60364 kB
Buffers:            6808 kB
Cached:           388756 kB
SwapCached:        50284 kB
Active:           509728 kB
Inactive:         521404 kB
Active(anon):     320092 kB
Inactive(anon):   319556 kB
Active(file):     189636 kB
Inactive(file):   201848 kB
Unevictable:        3816 kB
Mlocked:               0 kB
HighTotal:       1217536 kB
HighFree:          24272 kB
LowTotal:         528004 kB
LowFree:           36092 kB
SwapTotal:       1310716 kB
SwapFree:         789292 kB
Dirty:                 4 kB
Writeback:             0 kB
AnonPages:        619996 kB
Mapped:           323136 kB
Shmem:               264 kB
Slab:              59732 kB
SReclaimable:      16236 kB
SUnreclaim:        43496 kB
KernelStack:       15552 kB
PageTables:        54808 kB
NFS_Unstable:          0 kB
Bounce:                0 kB
WritebackTmp:          0 kB
CommitLimit:     2183484 kB
Committed_AS:   126316396 kB
VmallocTotal:     311296 kB
VmallocUsed:       20872 kB
VmallocChunk:     154636 kB
Time pass: 284 sec

---2015-12-09 10:54:01
MemTotal:        1745540 kB
MemFree:           60176 kB
Buffers:            6816 kB
Cached:           388748 kB
SwapCached:        50280 kB
Active:           509928 kB
Inactive:         521476 kB
Active(anon):     320292 kB
Inactive(anon):   319628 kB
Active(file):     189636 kB
Inactive(file):   201848 kB
Unevictable:        3816 kB
Mlocked:               0 kB
HighTotal:       1217536 kB
HighFree:          24092 kB
LowTotal:         528004 kB
LowFree:           36084 kB
SwapTotal:       1310716 kB
SwapFree:         789368 kB
Dirty:                 4 kB
Writeback:             0 kB
AnonPages:        620272 kB
Mapped:           323152 kB
Shmem:               264 kB
Slab:              59728 kB
SReclaimable:      16236 kB
SUnreclaim:        43492 kB
KernelStack:       15560 kB
PageTables:        54808 kB
NFS_Unstable:          0 kB
Bounce:                0 kB
WritebackTmp:          0 kB
CommitLimit:     2183484 kB
Committed_AS:   126316516 kB
VmallocTotal:     311296 kB
VmallocUsed:       20872 kB
VmallocChunk:     154636 kB
Time pass: 287 sec

---2015-12-09 10:54:01
MemTotal:        1745540 kB
MemFree:           59864 kB
Buffers:            6816 kB
Cached:           388756 kB
SwapCached:        50284 kB
Active:           510056 kB
Inactive:         521484 kB
Active(anon):     320420 kB
Inactive(anon):   319628 kB
Active(file):     189636 kB
Inactive(file):   201856 kB
Unevictable:        3816 kB
Mlocked:               0 kB
HighTotal:       1217536 kB
HighFree:          23780 kB
LowTotal:         528004 kB
LowFree:           36084 kB
SwapTotal:       1310716 kB
SwapFree:         789372 kB
Dirty:                 4 kB
Writeback:             0 kB
AnonPages:        620420 kB
Mapped:           323196 kB
Shmem:               264 kB
Slab:              59728 kB
SReclaimable:      16236 kB
SUnreclaim:        43492 kB
KernelStack:       15560 kB
PageTables:        54808 kB
NFS_Unstable:          0 kB
Bounce:                0 kB
WritebackTmp:          0 kB
CommitLimit:     2183484 kB
Committed_AS:   126316716 kB
VmallocTotal:     311296 kB
VmallocUsed:       20872 kB
VmallocChunk:     154636 kB
Time pass: 291 sec

---2015-12-09 10:54:01
MemTotal:        1745540 kB
MemFree:           59684 kB
Buffers:            6816 kB
Cached:           388756 kB
SwapCached:        50284 kB
Active:           510240 kB
Inactive:         521492 kB
Active(anon):     320604 kB
Inactive(anon):   319636 kB
Active(file):     189636 kB
Inactive(file):   201856 kB
Unevictable:        3816 kB
Mlocked:               0 kB
HighTotal:       1217536 kB
HighFree:          23600 kB
LowTotal:         528004 kB
LowFree:           36084 kB
SwapTotal:       1310716 kB
SwapFree:         789372 kB
Dirty:                 0 kB
Writeback:             0 kB
AnonPages:        620540 kB
Mapped:           323228 kB
Shmem:               264 kB
Slab:              59728 kB
SReclaimable:      16236 kB
SUnreclaim:        43492 kB
KernelStack:       15560 kB
PageTables:        54808 kB
NFS_Unstable:          0 kB
Bounce:                0 kB
WritebackTmp:          0 kB
CommitLimit:     2183484 kB
Committed_AS:   126316796 kB
VmallocTotal:     311296 kB
VmallocUsed:       20872 kB
VmallocChunk:     154636 kB
Time pass: 295 sec

---2015-12-09 10:54:01
MemTotal:        1745540 kB
MemFree:           59076 kB
Buffers:            6816 kB
Cached:           388756 kB
SwapCached:        50284 kB
Active:           510276 kB
Inactive:         521492 kB
Active(anon):     320640 kB
Inactive(anon):   319636 kB
Active(file):     189636 kB
Inactive(file):   201856 kB
Unevictable:        3816 kB
Mlocked:               0 kB
HighTotal:       1217536 kB
HighFree:          23420 kB
LowTotal:         528004 kB
LowFree:           35656 kB
SwapTotal:       1310716 kB
SwapFree:         789372 kB
Dirty:                 0 kB
Writeback:             0 kB
AnonPages:        620496 kB
Mapped:           323192 kB
Shmem:               264 kB
Slab:              59728 kB
SReclaimable:      16236 kB
SUnreclaim:        43492 kB
KernelStack:       15560 kB
PageTables:        54812 kB
NFS_Unstable:          0 kB
Bounce:                0 kB
WritebackTmp:          0 kB
CommitLimit:     2183484 kB
Committed_AS:   126316868 kB
VmallocTotal:     311296 kB
VmallocUsed:       21076 kB
VmallocChunk:     154636 kB
Time pass: 299 sec

---2015-12-09 10:54:01
MemTotal:        1745540 kB
MemFree:           59944 kB
Buffers:            6816 kB
Cached:           388756 kB
SwapCached:        50280 kB
Active:           510556 kB
Inactive:         521492 kB
Active(anon):     320920 kB
Inactive(anon):   319636 kB
Active(file):     189636 kB
Inactive(file):   201856 kB
Unevictable:        3816 kB
Mlocked:               0 kB
HighTotal:       1217536 kB
HighFree:          23676 kB
LowTotal:         528004 kB
LowFree:           36268 kB
SwapTotal:       1310716 kB
SwapFree:         789380 kB
Dirty:                 0 kB
Writeback:             0 kB
AnonPages:        620892 kB
Mapped:           323280 kB
Shmem:               264 kB
Slab:              59716 kB
SReclaimable:      16236 kB
SUnreclaim:        43480 kB
KernelStack:       15560 kB
PageTables:        54816 kB
NFS_Unstable:          0 kB
Bounce:                0 kB
WritebackTmp:          0 kB
CommitLimit:     2183484 kB
Committed_AS:   126317076 kB
VmallocTotal:     311296 kB
VmallocUsed:       20872 kB
VmallocChunk:     154636 kB
Time pass: 302 sec

---2015-12-09 10:54:01
MemTotal:        1745540 kB
MemFree:           51640 kB
Buffers:            6848 kB
Cached:           392216 kB
SwapCached:        50440 kB
Active:           514532 kB
Inactive:         525312 kB
Active(anon):     324720 kB
Inactive(anon):   320144 kB
Active(file):     189812 kB
Inactive(file):   205168 kB
Unevictable:        3816 kB
Mlocked:               0 kB
HighTotal:       1217536 kB
HighFree:          18536 kB
LowTotal:         528004 kB
LowFree:           33104 kB
SwapTotal:       1310716 kB
SwapFree:         789988 kB
Dirty:               196 kB
Writeback:             0 kB
AnonPages:        625140 kB
Mapped:           323728 kB
Shmem:               264 kB
Slab:              59812 kB
SReclaimable:      16240 kB
SUnreclaim:        43572 kB
KernelStack:       15568 kB
PageTables:        54804 kB
NFS_Unstable:          0 kB
Bounce:                0 kB
WritebackTmp:          0 kB
CommitLimit:     2183484 kB
Committed_AS:   126316740 kB
VmallocTotal:     311296 kB
VmallocUsed:       20872 kB
VmallocChunk:     154636 kB
Time pass: 306 sec

---2015-12-09 10:54:01
MemTotal:        1745540 kB
MemFree:           52736 kB
Buffers:            6856 kB
Cached:           392216 kB
SwapCached:        50440 kB
Active:           513544 kB
Inactive:         525308 kB
Active(anon):     323732 kB
Inactive(anon):   320136 kB
Active(file):     189812 kB
Inactive(file):   205172 kB
Unevictable:        3816 kB
Mlocked:               0 kB
HighTotal:       1217536 kB
HighFree:          19592 kB
LowTotal:         528004 kB
LowFree:           33144 kB
SwapTotal:       1310716 kB
SwapFree:         789992 kB
Dirty:                88 kB
Writeback:             0 kB
AnonPages:        624212 kB
Mapped:           323976 kB
Shmem:               264 kB
Slab:              59780 kB
SReclaimable:      16240 kB
SUnreclaim:        43540 kB
KernelStack:       15568 kB
PageTables:        54804 kB
NFS_Unstable:          0 kB
Bounce:                0 kB
WritebackTmp:          0 kB
CommitLimit:     2183484 kB
Committed_AS:   126316820 kB
VmallocTotal:     311296 kB
VmallocUsed:       20872 kB
VmallocChunk:     154636 kB
Time pass: 310 sec

---2015-12-09 10:54:01
MemTotal:        1745540 kB
MemFree:           51908 kB
Buffers:            6864 kB
Cached:           392208 kB
SwapCached:        50440 kB
Active:           513636 kB
Inactive:         525316 kB
Active(anon):     323824 kB
Inactive(anon):   320136 kB
Active(file):     189812 kB
Inactive(file):   205180 kB
Unevictable:        3816 kB
Mlocked:               0 kB
HighTotal:       1217536 kB
HighFree:          19096 kB
LowTotal:         528004 kB
LowFree:           32812 kB
SwapTotal:       1310716 kB
SwapFree:         789992 kB
Dirty:                88 kB
Writeback:             0 kB
AnonPages:        624328 kB
Mapped:           323924 kB
Shmem:               264 kB
Slab:              59708 kB
SReclaimable:      16240 kB
SUnreclaim:        43468 kB
KernelStack:       15560 kB
PageTables:        54800 kB
NFS_Unstable:          0 kB
Bounce:                0 kB
WritebackTmp:          0 kB
CommitLimit:     2183484 kB
Committed_AS:   126316892 kB
VmallocTotal:     311296 kB
VmallocUsed:       21076 kB
VmallocChunk:     154636 kB
Time pass: 313 sec

---2015-12-09 10:54:01
MemTotal:        1745540 kB
MemFree:           52540 kB
Buffers:            6864 kB
Cached:           392216 kB
SwapCached:        50436 kB
Active:           513876 kB
Inactive:         525320 kB
Active(anon):     324060 kB
Inactive(anon):   320136 kB
Active(file):     189816 kB
Inactive(file):   205184 kB
Unevictable:        3816 kB
Mlocked:               0 kB
HighTotal:       1217536 kB
HighFree:          19260 kB
LowTotal:         528004 kB
LowFree:           33280 kB
SwapTotal:       1310716 kB
SwapFree:         790004 kB
Dirty:                 0 kB
Writeback:             0 kB
AnonPages:        624516 kB
Mapped:           323976 kB
Shmem:               264 kB
Slab:              59676 kB
SReclaimable:      16240 kB
SUnreclaim:        43436 kB
KernelStack:       15560 kB
PageTables:        54800 kB
NFS_Unstable:          0 kB
Bounce:                0 kB
WritebackTmp:          0 kB
CommitLimit:     2183484 kB
Committed_AS:   126317060 kB
VmallocTotal:     311296 kB
VmallocUsed:       20872 kB
VmallocChunk:     154636 kB
Time pass: 317 sec

---2015-12-09 10:54:01
MemTotal:        1745540 kB
MemFree:           52288 kB
Buffers:            6864 kB
Cached:           392216 kB
SwapCached:        50436 kB
Active:           514076 kB
Inactive:         525328 kB
Active(anon):     324260 kB
Inactive(anon):   320144 kB
Active(file):     189816 kB
Inactive(file):   205184 kB
Unevictable:        3816 kB
Mlocked:               0 kB
HighTotal:       1217536 kB
HighFree:          19008 kB
LowTotal:         528004 kB
LowFree:           33280 kB
SwapTotal:       1310716 kB
SwapFree:         790008 kB
Dirty:                 0 kB
Writeback:             0 kB
AnonPages:        624764 kB
Mapped:           323976 kB
Shmem:               264 kB
Slab:              59676 kB
SReclaimable:      16240 kB
SUnreclaim:        43436 kB
KernelStack:       15560 kB
PageTables:        54800 kB
NFS_Unstable:          0 kB
Bounce:                0 kB
WritebackTmp:          0 kB
CommitLimit:     2183484 kB
Committed_AS:   126317260 kB
VmallocTotal:     311296 kB
VmallocUsed:       20872 kB
VmallocChunk:     154636 kB
Time pass: 321 sec

---2015-12-09 10:54:01
MemTotal:        1745540 kB
MemFree:           52032 kB
Buffers:            6864 kB
Cached:           392216 kB
SwapCached:        50436 kB
Active:           514240 kB
Inactive:         525320 kB
Active(anon):     324424 kB
Inactive(anon):   320136 kB
Active(file):     189816 kB
Inactive(file):   205184 kB
Unevictable:        3816 kB
Mlocked:               0 kB
HighTotal:       1217536 kB
HighFree:          18760 kB
LowTotal:         528004 kB
LowFree:           33272 kB
SwapTotal:       1310716 kB
SwapFree:         790008 kB
Dirty:                 0 kB
Writeback:             0 kB
AnonPages:        624860 kB
Mapped:           323960 kB
Shmem:               264 kB
Slab:              59676 kB
SReclaimable:      16240 kB
SUnreclaim:        43436 kB
KernelStack:       15560 kB
PageTables:        54800 kB
NFS_Unstable:          0 kB
Bounce:                0 kB
WritebackTmp:          0 kB
CommitLimit:     2183484 kB
Committed_AS:   126317332 kB
VmallocTotal:     311296 kB
VmallocUsed:       20940 kB
VmallocChunk:     154636 kB
Time pass: 324 sec

---2015-12-09 10:54:01
MemTotal:        1745540 kB
MemFree:           55480 kB
Buffers:            6848 kB
Cached:           391648 kB
SwapCached:        50740 kB
Active:           512792 kB
Inactive:         527236 kB
Active(anon):     322136 kB
Inactive(anon):   323476 kB
Active(file):     190656 kB
Inactive(file):   203760 kB
Unevictable:        3816 kB
Mlocked:               0 kB
HighTotal:       1217536 kB
HighFree:          26872 kB
LowTotal:         528004 kB
LowFree:           28608 kB
SwapTotal:       1310716 kB
SwapFree:         789760 kB
Dirty:                64 kB
Writeback:             0 kB
AnonPages:        625984 kB
Mapped:           323584 kB
Shmem:               264 kB
Slab:              59696 kB
SReclaimable:      16240 kB
SUnreclaim:        43456 kB
KernelStack:       15568 kB
PageTables:        54784 kB
NFS_Unstable:          0 kB
Bounce:                0 kB
WritebackTmp:          0 kB
CommitLimit:     2183484 kB
Committed_AS:   126319628 kB
VmallocTotal:     311296 kB
VmallocUsed:       20872 kB
VmallocChunk:     154636 kB
Time pass: 329 sec

---2015-12-09 10:54:01
MemTotal:        1745540 kB
MemFree:           56216 kB
Buffers:            6856 kB
Cached:           391952 kB
SwapCached:        50740 kB
Active:           511732 kB
Inactive:         527552 kB
Active(anon):     321076 kB
Inactive(anon):   323488 kB
Active(file):     190656 kB
Inactive(file):   204064 kB
Unevictable:        3816 kB
Mlocked:               0 kB
HighTotal:       1217536 kB
HighFree:          27196 kB
LowTotal:         528004 kB
LowFree:           29020 kB
SwapTotal:       1310716 kB
SwapFree:         789792 kB
Dirty:                40 kB
