---2015-12-18 17:09:26
MemTotal:        2746844 kB
MemFree:           85628 kB
Buffers:           11248 kB
Cached:          1002608 kB
SwapCached:         2912 kB
Active:           930988 kB
Inactive:         922028 kB
Active(anon):     483380 kB
Inactive(anon):   375476 kB
Active(file):     447608 kB
Inactive(file):   546552 kB
Unevictable:       35812 kB
Mlocked:           27768 kB
SwapTotal:       1310716 kB
SwapFree:        1243664 kB
Dirty:                 0 kB
Writeback:             0 kB
AnonPages:        873196 kB
Mapped:           470220 kB
Shmem:               532 kB
Slab:             107880 kB
SReclaimable:      31492 kB
SUnreclaim:        76388 kB
KernelStack:       32528 kB
PageTables:        56616 kB
NFS_Unstable:          0 kB
Bounce:                0 kB
WritebackTmp:          0 kB
CommitLimit:     2684136 kB
Committed_AS:   139666068 kB
VmallocTotal:   251658176 kB
VmallocUsed:      290212 kB
VmallocChunk:   247561408 kB
Time pass: 3 sec

---2015-12-18 17:09:26
MemTotal:        2746844 kB
MemFree:           84636 kB
Buffers:           11248 kB
Cached:          1002632 kB
SwapCached:         2912 kB
Active:           931056 kB
Inactive:         922048 kB
Active(anon):     483444 kB
Inactive(anon):   375476 kB
Active(file):     447612 kB
Inactive(file):   546572 kB
Unevictable:       35812 kB
Mlocked:           27768 kB
SwapTotal:       1310716 kB
SwapFree:        1243664 kB
Dirty:                 0 kB
Writeback:             0 kB
AnonPages:        873264 kB
Mapped:           470320 kB
Shmem:               532 kB
Slab:             107920 kB
SReclaimable:      31492 kB
SUnreclaim:        76428 kB
KernelStack:       32528 kB
PageTables:        56644 kB
NFS_Unstable:          0 kB
Bounce:                0 kB
WritebackTmp:          0 kB
CommitLimit:     2684136 kB
Committed_AS:   139666012 kB
VmallocTotal:   251658176 kB
VmallocUsed:      290212 kB
VmallocChunk:   247561408 kB
Time pass: 7 sec

---2015-12-18 17:09:26
MemTotal:        2746844 kB
MemFree:           84564 kB
Buffers:           11248 kB
Cached:          1002632 kB
SwapCached:         2912 kB
Active:           931244 kB
Inactive:         922048 kB
Active(anon):     483632 kB
Inactive(anon):   375476 kB
Active(file):     447612 kB
Inactive(file):   546572 kB
Unevictable:       35812 kB
Mlocked:           27768 kB
SwapTotal:       1310716 kB
SwapFree:        1243664 kB
Dirty:                 0 kB
Writeback:             0 kB
AnonPages:        873452 kB
Mapped:           470320 kB
Shmem:               532 kB
Slab:             107920 kB
SReclaimable:      31492 kB
SUnreclaim:        76428 kB
KernelStack:       32496 kB
PageTables:        56644 kB
NFS_Unstable:          0 kB
Bounce:                0 kB
WritebackTmp:          0 kB
CommitLimit:     2684136 kB
Committed_AS:   139665988 kB
VmallocTotal:   251658176 kB
VmallocUsed:      290212 kB
VmallocChunk:   247561408 kB
Time pass: 10 sec

---2015-12-18 17:09:26
MemTotal:        2746844 kB
MemFree:           84120 kB
Buffers:           11248 kB
Cached:          1002632 kB
SwapCached:         2912 kB
Active:           931736 kB
Inactive:         922048 kB
Active(anon):     484124 kB
Inactive(anon):   375476 kB
Active(file):     447612 kB
Inactive(file):   546572 kB
Unevictable:       35812 kB
Mlocked:           27768 kB
SwapTotal:       1310716 kB
SwapFree:        1243664 kB
Dirty:                 0 kB
Writeback:             0 kB
AnonPages:        873616 kB
Mapped:           470404 kB
Shmem:               532 kB
Slab:             107920 kB
SReclaimable:      31492 kB
SUnreclaim:        76428 kB
KernelStack:       32496 kB
PageTables:        56672 kB
NFS_Unstable:          0 kB
Bounce:                0 kB
WritebackTmp:          0 kB
CommitLimit:     2684136 kB
Committed_AS:   139665964 kB
VmallocTotal:   251658176 kB
VmallocUsed:      290212 kB
VmallocChunk:   247561408 kB
Time pass: 14 sec

---2015-12-18 17:09:26
MemTotal:        2746844 kB
MemFree:           83924 kB
Buffers:           11248 kB
Cached:          1002632 kB
SwapCached:         2912 kB
Active:           931668 kB
Inactive:         922104 kB
Active(anon):     484056 kB
Inactive(anon):   375476 kB
Active(file):     447612 kB
Inactive(file):   546628 kB
Unevictable:       35812 kB
Mlocked:           27768 kB
SwapTotal:       1310716 kB
SwapFree:        1243664 kB
Dirty:                 0 kB
Writeback:             0 kB
AnonPages:        873416 kB
Mapped:           470404 kB
Shmem:               532 kB
Slab:             108144 kB
SReclaimable:      31492 kB
SUnreclaim:        76652 kB
KernelStack:       32496 kB
PageTables:        56672 kB
NFS_Unstable:          0 kB
Bounce:                0 kB
WritebackTmp:          0 kB
CommitLimit:     2684136 kB
Committed_AS:   139665980 kB
VmallocTotal:   251658176 kB
VmallocUsed:      290212 kB
VmallocChunk:   247561408 kB
Time pass: 17 sec

---2015-12-18 17:09:26
MemTotal:        2746844 kB
MemFree:           83804 kB
Buffers:           11248 kB
Cached:          1002632 kB
SwapCached:         2912 kB
Active:           932116 kB
Inactive:         922104 kB
Active(anon):     484504 kB
Inactive(anon):   375476 kB
Active(file):     447612 kB
Inactive(file):   546628 kB
Unevictable:       35812 kB
Mlocked:           27768 kB
SwapTotal:       1310716 kB
SwapFree:        1243664 kB
Dirty:                 0 kB
Writeback:             0 kB
AnonPages:        873980 kB
Mapped:           470404 kB
Shmem:               532 kB
Slab:             108088 kB
SReclaimable:      31492 kB
SUnreclaim:        76596 kB
KernelStack:       32496 kB
PageTables:        56676 kB
NFS_Unstable:          0 kB
Bounce:                0 kB
WritebackTmp:          0 kB
CommitLimit:     2684136 kB
Committed_AS:   139665964 kB
VmallocTotal:   251658176 kB
VmallocUsed:      290212 kB
VmallocChunk:   247561408 kB
Time pass: 21 sec

---2015-12-18 17:09:26
MemTotal:        2746844 kB
MemFree:           66840 kB
Buffers:            9960 kB
Cached:           982848 kB
SwapCached:         3100 kB
Active:           888660 kB
Inactive:         960000 kB
Active(anon):     435324 kB
Inactive(anon):   440416 kB
Active(file):     453336 kB
Inactive(file):   519584 kB
Unevictable:       35812 kB
Mlocked:           27768 kB
SwapTotal:       1310716 kB
SwapFree:        1243708 kB
Dirty:               816 kB
Writeback:             0 kB
AnonPages:        890168 kB
Mapped:           481932 kB
Shmem:              1076 kB
Slab:             108460 kB
SReclaimable:      31544 kB
SUnreclaim:        76916 kB
KernelStack:       33104 kB
PageTables:        57084 kB
NFS_Unstable:          0 kB
Bounce:                0 kB
WritebackTmp:          0 kB
CommitLimit:     2684136 kB
Committed_AS:   140958684 kB
VmallocTotal:   251658176 kB
VmallocUsed:      303852 kB
VmallocChunk:   247561408 kB
Time pass: 24 sec

---2015-12-18 17:09:26
MemTotal:        2746844 kB
MemFree:           80172 kB
Buffers:            8780 kB
Cached:           868964 kB
SwapCached:         3320 kB
Active:           833080 kB
Inactive:         859392 kB
Active(anon):     401364 kB
Inactive(anon):   432204 kB
Active(file):     431716 kB
Inactive(file):   427188 kB
Unevictable:       35812 kB
Mlocked:           27768 kB
SwapTotal:       1310716 kB
SwapFree:        1214644 kB
Dirty:              2060 kB
Writeback:             0 kB
AnonPages:        848176 kB
Mapped:           431700 kB
Shmem:               332 kB
Slab:             108892 kB
SReclaimable:      31716 kB
SUnreclaim:        77176 kB
KernelStack:       31856 kB
PageTables:        56716 kB
NFS_Unstable:          0 kB
Bounce:                0 kB
WritebackTmp:          0 kB
CommitLimit:     2684136 kB
Committed_AS:   142063924 kB
VmallocTotal:   251658176 kB
VmallocUsed:      308880 kB
VmallocChunk:   247561408 kB
Time pass: 28 sec

---2015-12-18 17:09:26
MemTotal:        2746844 kB
MemFree:           98328 kB
Buffers:            9040 kB
Cached:           874192 kB
SwapCached:         3232 kB
Active:           817792 kB
Inactive:         853888 kB
Active(anon):     386240 kB
Inactive(anon):   422052 kB
Active(file):     431552 kB
Inactive(file):   431836 kB
Unevictable:       35812 kB
Mlocked:           27768 kB
SwapTotal:       1310716 kB
SwapFree:        1215676 kB
Dirty:               988 kB
Writeback:             0 kB
AnonPages:        822272 kB
Mapped:           433968 kB
Shmem:               536 kB
Slab:             108896 kB
SReclaimable:      31844 kB
SUnreclaim:        77052 kB
KernelStack:       31520 kB
PageTables:        56656 kB
NFS_Unstable:          0 kB
Bounce:                0 kB
WritebackTmp:          0 kB
CommitLimit:     2684136 kB
Committed_AS:   142035036 kB
VmallocTotal:   251658176 kB
VmallocUsed:      308860 kB
VmallocChunk:   247561408 kB
Time pass: 32 sec

---2015-12-18 17:09:26
MemTotal:        2746844 kB
MemFree:           78972 kB
Buffers:            9772 kB
Cached:           879924 kB
SwapCached:         3292 kB
Active:           831904 kB
Inactive:         856896 kB
Active(anon):     396688 kB
Inactive(anon):   422248 kB
Active(file):     435216 kB
Inactive(file):   434648 kB
Unevictable:       35812 kB
Mlocked:           27768 kB
SwapTotal:       1310716 kB
SwapFree:        1215676 kB
Dirty:               504 kB
Writeback:             0 kB
AnonPages:        832948 kB
Mapped:           443796 kB
Shmem:               724 kB
Slab:             108872 kB
SReclaimable:      31828 kB
SUnreclaim:        77044 kB
KernelStack:       32224 kB
PageTables:        57232 kB
NFS_Unstable:          0 kB
Bounce:                0 kB
WritebackTmp:          0 kB
CommitLimit:     2684136 kB
Committed_AS:   144412396 kB
VmallocTotal:   251658176 kB
VmallocUsed:      310036 kB
VmallocChunk:   247561408 kB
Time pass: 35 sec

---2015-12-18 17:09:26
MemTotal:        2746844 kB
MemFree:           77808 kB
Buffers:            9996 kB
Cached:           883268 kB
SwapCached:         3332 kB
Active:           835608 kB
Inactive:         858172 kB
Active(anon):     401844 kB
Inactive(anon):   418712 kB
Active(file):     433764 kB
Inactive(file):   439460 kB
Unevictable:       35812 kB
Mlocked:           27768 kB
SwapTotal:       1310716 kB
SwapFree:        1211872 kB
Dirty:               568 kB
Writeback:             0 kB
AnonPages:        834908 kB
Mapped:           457456 kB
Shmem:               664 kB
Slab:             108828 kB
SReclaimable:      31828 kB
SUnreclaim:        77000 kB
KernelStack:       32656 kB
PageTables:        57156 kB
NFS_Unstable:          0 kB
Bounce:                0 kB
WritebackTmp:          0 kB
CommitLimit:     2684136 kB
Committed_AS:   142749744 kB
VmallocTotal:   251658176 kB
VmallocUsed:      310036 kB
VmallocChunk:   247561408 kB
Time pass: 39 sec

---2015-12-18 17:09:26
MemTotal:        2746844 kB
MemFree:           64308 kB
Buffers:           10192 kB
Cached:           881316 kB
SwapCached:         3388 kB
Active:           847768 kB
Inactive:         854744 kB
Active(anon):     415516 kB
Inactive(anon):   415732 kB
Active(file):     432252 kB
Inactive(file):   439012 kB
Unevictable:       35812 kB
Mlocked:           27768 kB
SwapTotal:       1310716 kB
SwapFree:        1206524 kB
Dirty:              1728 kB
Writeback:             0 kB
AnonPages:        845104 kB
Mapped:           465804 kB
Shmem:               664 kB
Slab:             108908 kB
SReclaimable:      31828 kB
SUnreclaim:        77080 kB
KernelStack:       33584 kB
PageTables:        57044 kB
NFS_Unstable:          0 kB
Bounce:                0 kB
WritebackTmp:          0 kB
CommitLimit:     2684136 kB
Committed_AS:   140412044 kB
VmallocTotal:   251658176 kB
VmallocUsed:      309352 kB
VmallocChunk:   247561408 kB
Time pass: 43 sec

---2015-12-18 17:09:26
MemTotal:        2746844 kB
MemFree:           65664 kB
Buffers:            9864 kB
Cached:           844788 kB
SwapCached:         4216 kB
Active:           830888 kB
Inactive:         836664 kB
Active(anon):     413900 kB
Inactive(anon):   418964 kB
Active(file):     416988 kB
Inactive(file):   417700 kB
Unevictable:       35812 kB
Mlocked:           27768 kB
SwapTotal:       1310716 kB
SwapFree:        1198540 kB
Dirty:               100 kB
Writeback:             0 kB
AnonPages:        845724 kB
Mapped:           468524 kB
Shmem:               716 kB
Slab:             109024 kB
SReclaimable:      31732 kB
SUnreclaim:        77292 kB
KernelStack:       34000 kB
PageTables:        57420 kB
NFS_Unstable:          0 kB
Bounce:                0 kB
WritebackTmp:          0 kB
CommitLimit:     2684136 kB
Committed_AS:   140440464 kB
VmallocTotal:   251658176 kB
VmallocUsed:      309988 kB
VmallocChunk:   247561408 kB
Time pass: 46 sec

---2015-12-18 17:09:26
MemTotal:        2746844 kB
MemFree:           66600 kB
Buffers:            9912 kB
Cached:           837004 kB
SwapCached:         4224 kB
Active:           833248 kB
Inactive:         832428 kB
Active(anon):     419640 kB
Inactive(anon):   418960 kB
Active(file):     413608 kB
Inactive(file):   413468 kB
Unevictable:       35812 kB
Mlocked:           27768 kB
SwapTotal:       1310716 kB
SwapFree:        1198224 kB
Dirty:                68 kB
Writeback:             0 kB
AnonPages:        851784 kB
Mapped:           469628 kB
Shmem:               716 kB
Slab:             109044 kB
SReclaimable:      31652 kB
SUnreclaim:        77392 kB
KernelStack:       34000 kB
PageTables:        57392 kB
NFS_Unstable:          0 kB
Bounce:                0 kB
WritebackTmp:          0 kB
CommitLimit:     2684136 kB
Committed_AS:   140440680 kB
VmallocTotal:   251658176 kB
VmallocUsed:      309844 kB
VmallocChunk:   247561408 kB
Time pass: 50 sec

---2015-12-18 17:09:26
MemTotal:        2746844 kB
MemFree:           72996 kB
Buffers:            8792 kB
Cached:           795392 kB
SwapCached:         4228 kB
Active:           816044 kB
Inactive:         821996 kB
Active(anon):     422896 kB
Inactive(anon):   431208 kB
Active(file):     393148 kB
Inactive(file):   390788 kB
Unevictable:       35812 kB
Mlocked:           27768 kB
SwapTotal:       1310716 kB
SwapFree:        1195396 kB
Dirty:              1308 kB
Writeback:             0 kB
AnonPages:        867248 kB
Mapped:           465984 kB
Shmem:               712 kB
Slab:             109220 kB
SReclaimable:      31748 kB
SUnreclaim:        77472 kB
KernelStack:       34080 kB
PageTables:        57484 kB
NFS_Unstable:          0 kB
Bounce:                0 kB
WritebackTmp:          0 kB
CommitLimit:     2684136 kB
Committed_AS:   140461316 kB
VmallocTotal:   251658176 kB
VmallocUsed:      311260 kB
VmallocChunk:   247561408 kB
Time pass: 53 sec

---2015-12-18 17:09:26
MemTotal:        2746844 kB
MemFree:           73140 kB
Buffers:            8800 kB
Cached:           794972 kB
SwapCached:         4228 kB
Active:           815676 kB
Inactive:         821592 kB
Active(anon):     422548 kB
Inactive(anon):   430796 kB
Active(file):     393128 kB
Inactive(file):   390796 kB
Unevictable:       35812 kB
Mlocked:           27768 kB
SwapTotal:       1310716 kB
SwapFree:        1195396 kB
Dirty:                16 kB
Writeback:             0 kB
AnonPages:        866460 kB
Mapped:           465708 kB
Shmem:               712 kB
Slab:             109292 kB
SReclaimable:      31748 kB
SUnreclaim:        77544 kB
KernelStack:       34064 kB
PageTables:        57444 kB
NFS_Unstable:          0 kB
Bounce:                0 kB
WritebackTmp:          0 kB
CommitLimit:     2684136 kB
Committed_AS:   140461456 kB
VmallocTotal:   251658176 kB
VmallocUsed:      311260 kB
VmallocChunk:   247561408 kB
Time pass: 57 sec

---2015-12-18 17:09:26
MemTotal:        2746844 kB
MemFree:           71652 kB
Buffers:            8808 kB
Cached:           795156 kB
SwapCached:         4228 kB
Active:           816072 kB
Inactive:         821776 kB
Active(anon):     422944 kB
Inactive(anon):   430796 kB
Active(file):     393128 kB
Inactive(file):   390980 kB
Unevictable:       35812 kB
Mlocked:           27768 kB
SwapTotal:       1310716 kB
SwapFree:        1195396 kB
Dirty:                48 kB
Writeback:             0 kB
AnonPages:        866516 kB
Mapped:           466152 kB
Shmem:               712 kB
Slab:             109300 kB
SReclaimable:      31748 kB
SUnreclaim:        77552 kB
KernelStack:       34064 kB
PageTables:        57472 kB
NFS_Unstable:          0 kB
Bounce:                0 kB
WritebackTmp:          0 kB
CommitLimit:     2684136 kB
Committed_AS:   140461432 kB
VmallocTotal:   251658176 kB
VmallocUsed:      311260 kB
VmallocChunk:   247561408 kB
Time pass: 60 sec

---2015-12-18 17:09:26
MemTotal:        2746844 kB
MemFree:           68512 kB
Buffers:            8788 kB
Cached:           781672 kB
SwapCached:         4228 kB
Active:           811404 kB
Inactive:         816584 kB
Active(anon):     424112 kB
Inactive(anon):   431948 kB
Active(file):     387292 kB
Inactive(file):   384636 kB
Unevictable:       35812 kB
Mlocked:           27768 kB
SwapTotal:       1310716 kB
SwapFree:        1195100 kB
Dirty:                36 kB
Writeback:             0 kB
AnonPages:        869364 kB
Mapped:           466116 kB
Shmem:               712 kB
Slab:             109236 kB
SReclaimable:      31748 kB
SUnreclaim:        77488 kB
KernelStack:       34064 kB
PageTables:        57444 kB
NFS_Unstable:          0 kB
Bounce:                0 kB
WritebackTmp:          0 kB
CommitLimit:     2684136 kB
Committed_AS:   140461472 kB
VmallocTotal:   251658176 kB
VmallocUsed:      311284 kB
VmallocChunk:   247561408 kB
Time pass: 64 sec

---2015-12-18 17:09:26
MemTotal:        2746844 kB
MemFree:           67448 kB
Buffers:            8788 kB
Cached:           782228 kB
SwapCached:         4228 kB
Active:           811688 kB
Inactive:         816080 kB
Active(anon):     424816 kB
Inactive(anon):   431768 kB
Active(file):     386872 kB
Inactive(file):   384312 kB
Unevictable:       35812 kB
Mlocked:           27768 kB
SwapTotal:       1310716 kB
SwapFree:        1195100 kB
Dirty:               204 kB
Writeback:             0 kB
AnonPages:        869368 kB
Mapped:           466116 kB
Shmem:               712 kB
Slab:             109232 kB
SReclaimable:      31748 kB
SUnreclaim:        77484 kB
KernelStack:       34064 kB
PageTables:        57432 kB
NFS_Unstable:          0 kB
Bounce:                0 kB
WritebackTmp:          0 kB
CommitLimit:     2684136 kB
Committed_AS:   140461568 kB
VmallocTotal:   251658176 kB
VmallocUsed:      311284 kB
VmallocChunk:   247561408 kB
Time pass: 67 sec

---2015-12-18 17:09:26
MemTotal:        2746844 kB
MemFree:           67488 kB
Buffers:            8796 kB
Cached:           782228 kB
SwapCached:         4228 kB
Active:           811788 kB
Inactive:         816084 kB
Active(anon):     424908 kB
Inactive(anon):   431768 kB
Active(file):     386880 kB
Inactive(file):   384316 kB
Unevictable:       35812 kB
Mlocked:           27768 kB
SwapTotal:       1310716 kB
SwapFree:        1195100 kB
Dirty:                32 kB
Writeback:             0 kB
AnonPages:        869700 kB
Mapped:           466200 kB
Shmem:               712 kB
Slab:             109312 kB
SReclaimable:      31748 kB
SUnreclaim:        77564 kB
KernelStack:       34064 kB
PageTables:        57472 kB
NFS_Unstable:          0 kB
Bounce:                0 kB
WritebackTmp:          0 kB
CommitLimit:     2684136 kB
Committed_AS:   140461592 kB
VmallocTotal:   251658176 kB
VmallocUsed:      311284 kB
VmallocChunk:   247561408 kB
Time pass: 71 sec

---2015-12-18 17:09:26
MemTotal:        2746844 kB
MemFree:           70688 kB
Buffers:            8372 kB
Cached:           720252 kB
SwapCached:         4256 kB
Active:           783320 kB
Inactive:         779544 kB
Active(anon):     423360 kB
Inactive(anon):   430708 kB
Active(file):     359960 kB
Inactive(file):   348836 kB
Unevictable:       35812 kB
Mlocked:           27768 kB
SwapTotal:       1310716 kB
SwapFree:        1183576 kB
Dirty:                52 kB
Writeback:             0 kB
AnonPages:        867628 kB
Mapped:           465924 kB
Shmem:               712 kB
Slab:             109436 kB
SReclaimable:      31828 kB
SUnreclaim:        77608 kB
KernelStack:       34096 kB
PageTables:        57492 kB
NFS_Unstable:          0 kB
Bounce:                0 kB
WritebackTmp:          0 kB
CommitLimit:     2684136 kB
Committed_AS:   140474256 kB
VmallocTotal:   251658176 kB
VmallocUsed:      311248 kB
VmallocChunk:   247561408 kB
Time pass: 74 sec

---2015-12-18 17:09:26
MemTotal:        2746844 kB
MemFree:           63940 kB
Buffers:            8356 kB
Cached:           710184 kB
SwapCached:         4432 kB
Active:           785520 kB
Inactive:         779056 kB
Active(anon):     433224 kB
Inactive(anon):   434144 kB
Active(file):     352296 kB
Inactive(file):   344912 kB
Unevictable:       35812 kB
Mlocked:           27768 kB
SwapTotal:       1310716 kB
SwapFree:        1178288 kB
Dirty:               360 kB
Writeback:             0 kB
AnonPages:        881412 kB
Mapped:           469640 kB
Shmem:               712 kB
Slab:             109440 kB
SReclaimable:      31820 kB
SUnreclaim:        77620 kB
KernelStack:       34208 kB
PageTables:        57472 kB
NFS_Unstable:          0 kB
Bounce:                0 kB
WritebackTmp:          0 kB
CommitLimit:     2684136 kB
Committed_AS:   140490432 kB
VmallocTotal:   251658176 kB
VmallocUsed:      313436 kB
VmallocChunk:   247561408 kB
Time pass: 78 sec

---2015-12-18 17:09:26
MemTotal:        2746844 kB
MemFree:           65584 kB
Buffers:            7912 kB
Cached:           698160 kB
SwapCached:         5008 kB
Active:           778884 kB
Inactive:         777192 kB
Active(anon):     434448 kB
Inactive(anon):   435624 kB
Active(file):     344436 kB
Inactive(file):   341568 kB
Unevictable:       35812 kB
Mlocked:           27768 kB
SwapTotal:       1310716 kB
SwapFree:        1173096 kB
Dirty:                84 kB
Writeback:             0 kB
AnonPages:        883096 kB
Mapped:           470924 kB
Shmem:               904 kB
Slab:             109988 kB
SReclaimable:      31752 kB
SUnreclaim:        78236 kB
KernelStack:       34560 kB
PageTables:        57640 kB
NFS_Unstable:          0 kB
Bounce:                0 kB
WritebackTmp:          0 kB
CommitLimit:     2684136 kB
Committed_AS:   140498848 kB
VmallocTotal:   251658176 kB
VmallocUsed:      317624 kB
VmallocChunk:   247561408 kB
Time pass: 82 sec

---2015-12-18 17:09:26
MemTotal:        2746844 kB
MemFree:           64392 kB
Buffers:            7872 kB
Cached:           696776 kB
SwapCached:         5024 kB
Active:           779064 kB
Inactive:         776816 kB
Active(anon):     435176 kB
Inactive(anon):   435948 kB
Active(file):     343888 kB
Inactive(file):   340868 kB
Unevictable:       35812 kB
Mlocked:           27768 kB
SwapTotal:       1310716 kB
SwapFree:        1171844 kB
Dirty:                12 kB
Writeback:             0 kB
AnonPages:        883504 kB
Mapped:           471096 kB
Shmem:               964 kB
Slab:             110124 kB
SReclaimable:      31752 kB
SUnreclaim:        78372 kB
KernelStack:       34576 kB
PageTables:        57800 kB
NFS_Unstable:          0 kB
Bounce:                0 kB
WritebackTmp:          0 kB
CommitLimit:     2684136 kB
Committed_AS:   140498828 kB
VmallocTotal:   251658176 kB
VmallocUsed:      317780 kB
VmallocChunk:   247561408 kB
Time pass: 85 sec

---2015-12-18 17:09:26
MemTotal:        2746844 kB
MemFree:           63868 kB
Buffers:            8008 kB
Cached:           695984 kB
SwapCached:         5032 kB
Active:           779352 kB
Inactive:         775552 kB
Active(anon):     435892 kB
Inactive(anon):   435740 kB
Active(file):     343460 kB
Inactive(file):   339812 kB
Unevictable:       35812 kB
Mlocked:           27768 kB
SwapTotal:       1310716 kB
SwapFree:        1170484 kB
Dirty:                20 kB
Writeback:            56 kB
AnonPages:        883620 kB
Mapped:           471504 kB
Shmem:              1600 kB
Slab:             110076 kB
SReclaimable:      31752 kB
SUnreclaim:        78324 kB
KernelStack:       34432 kB
PageTables:        57776 kB
NFS_Unstable:          0 kB
Bounce:                0 kB
WritebackTmp:          0 kB
CommitLimit:     2684136 kB
Committed_AS:   140503408 kB
VmallocTotal:   251658176 kB
VmallocUsed:      317780 kB
VmallocChunk:   247561408 kB
Time pass: 88 sec

---2015-12-18 17:09:26
MemTotal:        2746844 kB
MemFree:           65564 kB
Buffers:            8004 kB
Cached:           694460 kB
SwapCached:         5060 kB
Active:           776952 kB
Inactive:         775224 kB
Active(anon):     435756 kB
Inactive(anon):   435144 kB
Active(file):     341196 kB
Inactive(file):   340080 kB
Unevictable:       35812 kB
Mlocked:           27768 kB
SwapTotal:       1310716 kB
SwapFree:        1169272 kB
Dirty:                60 kB
Writeback:             0 kB
AnonPages:        883288 kB
Mapped:           471636 kB
Shmem:              1560 kB
Slab:             110072 kB
SReclaimable:      31752 kB
SUnreclaim:        78320 kB
KernelStack:       34416 kB
PageTables:        57808 kB
NFS_Unstable:          0 kB
Bounce:                0 kB
WritebackTmp:          0 kB
CommitLimit:     2684136 kB
Committed_AS:   140503400 kB
VmallocTotal:   251658176 kB
VmallocUsed:      317780 kB
VmallocChunk:   247561408 kB
Time pass: 92 sec

---2015-12-18 17:09:26
MemTotal:        2746844 kB
MemFree:           67008 kB
Buffers:            8012 kB
Cached:           694056 kB
SwapCached:         5064 kB
Active:           776976 kB
Inactive:         774720 kB
Active(anon):     435704 kB
Inactive(anon):   434608 kB
Active(file):     341272 kB
Inactive(file):   340112 kB
Unevictable:       35812 kB
Mlocked:           27768 kB
SwapTotal:       1310716 kB
SwapFree:        1169344 kB
Dirty:                52 kB
Writeback:             0 kB
AnonPages:        882108 kB
Mapped:           471640 kB
Shmem:              1560 kB
Slab:             110016 kB
SReclaimable:      31752 kB
SUnreclaim:        78264 kB
KernelStack:       34272 kB
PageTables:        57816 kB
NFS_Unstable:          0 kB
Bounce:                0 kB
WritebackTmp:          0 kB
CommitLimit:     2684136 kB
Committed_AS:   140503224 kB
VmallocTotal:   251658176 kB
VmallocUsed:      317780 kB
VmallocChunk:   247561408 kB
Time pass: 95 sec

---2015-12-18 17:09:26
MemTotal:        2746844 kB
MemFree:           65848 kB
Buffers:            8028 kB
Cached:           692908 kB
SwapCached:         5112 kB
Active:           777408 kB
Inactive:         774992 kB
Active(anon):     436136 kB
Inactive(anon):   436184 kB
Active(file):     341272 kB
Inactive(file):   338808 kB
Unevictable:       35812 kB
Mlocked:           27768 kB
SwapTotal:       1310716 kB
SwapFree:        1168624 kB
Dirty:                68 kB
Writeback:             0 kB
AnonPages:        884404 kB
Mapped:           471564 kB
Shmem:              1560 kB
Slab:             110160 kB
SReclaimable:      31784 kB
SUnreclaim:        78376 kB
KernelStack:       34240 kB
PageTables:        57620 kB
NFS_Unstable:          0 kB
Bounce:                0 kB
WritebackTmp:          0 kB
CommitLimit:     2684136 kB
Committed_AS:   140516156 kB
VmallocTotal:   251658176 kB
VmallocUsed:      317780 kB
VmallocChunk:   247561408 kB
Time pass: 99 sec

---2015-12-18 17:09:26
MemTotal:        2746844 kB
MemFree:           68944 kB
Buffers:            8044 kB
Cached:           692660 kB
SwapCached:         5112 kB
Active:           778228 kB
Inactive:         773948 kB
Active(anon):     436856 kB
Inactive(anon):   435288 kB
Active(file):     341372 kB
Inactive(file):   338660 kB
Unevictable:       35812 kB
Mlocked:           27768 kB
SwapTotal:       1310716 kB
SwapFree:        1168640 kB
Dirty:                60 kB
Writeback:             0 kB
AnonPages:        884192 kB
Mapped:           471496 kB
Shmem:              1560 kB
Slab:             110180 kB
SReclaimable:      31768 kB
SUnreclaim:        78412 kB
KernelStack:       34144 kB
PageTables:        57788 kB
NFS_Unstable:          0 kB
Bounce:                0 kB
WritebackTmp:          0 kB
CommitLimit:     2684136 kB
Committed_AS:   140507144 kB
VmallocTotal:   251658176 kB
VmallocUsed:      317780 kB
VmallocChunk:   247561408 kB
Time pass: 102 sec

---2015-12-18 17:09:26
MemTotal:        2746844 kB
MemFree:           71788 kB
Buffers:            8044 kB
Cached:           697252 kB
SwapCached:         5112 kB
Active:           776152 kB
Inactive:         771276 kB
Active(anon):     428880 kB
Inactive(anon):   433500 kB
Active(file):     347272 kB
Inactive(file):   337776 kB
Unevictable:       35812 kB
Mlocked:           27768 kB
SwapTotal:       1310716 kB
SwapFree:        1158644 kB
Dirty:                 4 kB
Writeback:             0 kB
AnonPages:        875000 kB
Mapped:           473340 kB
Shmem:              1140 kB
Slab:             110048 kB
SReclaimable:      31720 kB
SUnreclaim:        78328 kB
KernelStack:       33792 kB
PageTables:        57956 kB
NFS_Unstable:          0 kB
Bounce:                0 kB
WritebackTmp:          0 kB
CommitLimit:     2684136 kB
Committed_AS:   144006476 kB
VmallocTotal:   251658176 kB
VmallocUsed:      316572 kB
VmallocChunk:   247561408 kB
Time pass: 106 sec

---2015-12-18 17:09:26
MemTotal:        2746844 kB
MemFree:          434256 kB
Buffers:            8192 kB
Cached:           703008 kB
SwapCached:         5560 kB
Active:           667220 kB
Inactive:         756404 kB
Active(anon):     319180 kB
Inactive(anon):   413708 kB
Active(file):     348040 kB
Inactive(file):   342696 kB
Unevictable:       35812 kB
Mlocked:           27768 kB
SwapTotal:       1310716 kB
SwapFree:        1147044 kB
Dirty:               192 kB
Writeback:            64 kB
AnonPages:        745660 kB
Mapped:           395352 kB
Shmem:              1008 kB
Slab:             110112 kB
SReclaimable:      31736 kB
SUnreclaim:        78376 kB
KernelStack:       30256 kB
PageTables:        55196 kB
NFS_Unstable:          0 kB
Bounce:                0 kB
WritebackTmp:          0 kB
CommitLimit:     2684136 kB
Committed_AS:   138399336 kB
VmallocTotal:   251658176 kB
VmallocUsed:      310068 kB
VmallocChunk:   247561408 kB
Time pass: 109 sec

---2015-12-18 17:09:26
MemTotal:        2746844 kB
MemFree:          439788 kB
Buffers:            8212 kB
Cached:           703812 kB
SwapCached:         5588 kB
Active:           663644 kB
Inactive:         753804 kB
Active(anon):     313032 kB
Inactive(anon):   412492 kB
Active(file):     350612 kB
Inactive(file):   341312 kB
Unevictable:       35812 kB
Mlocked:           27768 kB
SwapTotal:       1310716 kB
SwapFree:        1147052 kB
Dirty:               316 kB
Writeback:             0 kB
AnonPages:        738368 kB
Mapped:           395316 kB
Shmem:               880 kB
Slab:             110000 kB
SReclaimable:      31736 kB
SUnreclaim:        78264 kB
KernelStack:       30064 kB
PageTables:        55216 kB
NFS_Unstable:          0 kB
Bounce:                0 kB
WritebackTmp:          0 kB
CommitLimit:     2684136 kB
Committed_AS:   138403816 kB
VmallocTotal:   251658176 kB
VmallocUsed:      310068 kB
VmallocChunk:   247561408 kB
Time pass: 113 sec

---2015-12-18 17:09:26
MemTotal:        2746844 kB
MemFree:          444780 kB
Buffers:            8212 kB
Cached:           703948 kB
SwapCached:         5588 kB
Active:           661664 kB
Inactive:         751416 kB
Active(anon):     311040 kB
Inactive(anon):   409868 kB
Active(file):     350624 kB
Inactive(file):   341548 kB
Unevictable:       35812 kB
Mlocked:           27768 kB
SwapTotal:       1310716 kB
SwapFree:        1147056 kB
Dirty:                56 kB
Writeback:             0 kB
AnonPages:        733528 kB
Mapped:           395476 kB
Shmem:               880 kB
Slab:             109920 kB
SReclaimable:      31720 kB
SUnreclaim:        78200 kB
KernelStack:       30048 kB
PageTables:        55304 kB
NFS_Unstable:          0 kB
Bounce:                0 kB
WritebackTmp:          0 kB
CommitLimit:     2684136 kB
Committed_AS:   138404224 kB
VmallocTotal:   251658176 kB
VmallocUsed:      310068 kB
VmallocChunk:   247561408 kB
Time pass: 116 sec

---2015-12-18 17:09:26
MemTotal:        2746844 kB
MemFree:          447076 kB
Buffers:            8220 kB
Cached:           703948 kB
SwapCached:         5588 kB
Active:           660180 kB
Inactive:         751212 kB
Active(anon):     309556 kB
Inactive(anon):   409656 kB
Active(file):     350624 kB
Inactive(file):   341556 kB
Unevictable:       35812 kB
Mlocked:           27768 kB
SwapTotal:       1310716 kB
SwapFree:        1147056 kB
Dirty:                80 kB
Writeback:             0 kB
AnonPages:        731912 kB
Mapped:           395484 kB
Shmem:               880 kB
Slab:             109920 kB
SReclaimable:      31720 kB
SUnreclaim:        78200 kB
KernelStack:       29968 kB
PageTables:        55312 kB
NFS_Unstable:          0 kB
Bounce:                0 kB
WritebackTmp:          0 kB
CommitLimit:     2684136 kB
Committed_AS:   138404096 kB
VmallocTotal:   251658176 kB
VmallocUsed:      310068 kB
VmallocChunk:   247561408 kB
Time pass: 120 sec

---2015-12-18 17:09:26
MemTotal:        2746844 kB
MemFree:          446904 kB
Buffers:            8220 kB
Cached:           703948 kB
SwapCached:         5588 kB
Active:           660460 kB
Inactive:         751212 kB
Active(anon):     309836 kB
Inactive(anon):   409656 kB
Active(file):     350624 kB
Inactive(file):   341556 kB
Unevictable:       35812 kB
Mlocked:           27768 kB
SwapTotal:       1310716 kB
SwapFree:        1147056 kB
Dirty:                80 kB
Writeback:             0 kB
AnonPages:        732036 kB
Mapped:           395568 kB
Shmem:               880 kB
Slab:             109920 kB
SReclaimable:      31720 kB
SUnreclaim:        78200 kB
KernelStack:       29920 kB
PageTables:        55340 kB
NFS_Unstable:          0 kB
Bounce:                0 kB
WritebackTmp:          0 kB
CommitLimit:     2684136 kB
Committed_AS:   138404112 kB
VmallocTotal:   251658176 kB
VmallocUsed:      310068 kB
VmallocChunk:   247561408 kB
Time pass: 124 sec

---2015-12-18 17:09:26
MemTotal:        2746844 kB
MemFree:          446728 kB
Buffers:            8228 kB
Cached:           703948 kB
SwapCached:         5588 kB
Active:           660652 kB
Inactive:         751220 kB
Active(anon):     310028 kB
Inactive(anon):   409656 kB
Active(file):     350624 kB
Inactive(file):   341564 kB
Unevictable:       35812 kB
Mlocked:           27768 kB
SwapTotal:       1310716 kB
SwapFree:        1147056 kB
Dirty:                12 kB
Writeback:             0 kB
AnonPages:        732200 kB
Mapped:           395568 kB
Shmem:               880 kB
Slab:             109912 kB
SReclaimable:      31720 kB
SUnreclaim:        78192 kB
KernelStack:       29920 kB
PageTables:        55344 kB
NFS_Unstable:          0 kB
Bounce:                0 kB
WritebackTmp:          0 kB
CommitLimit:     2684136 kB
Committed_AS:   138404096 kB
VmallocTotal:   251658176 kB
VmallocUsed:      310068 kB
VmallocChunk:   247561408 kB
Time pass: 127 sec

---2015-12-18 17:09:26
MemTotal:        2746844 kB
MemFree:          445724 kB
Buffers:            8228 kB
Cached:           703948 kB
SwapCached:         5588 kB
Active:           660884 kB
Inactive:         751220 kB
Active(anon):     310260 kB
Inactive(anon):   409656 kB
Active(file):     350624 kB
Inactive(file):   341564 kB
Unevictable:       35812 kB
Mlocked:           27768 kB
SwapTotal:       1310716 kB
SwapFree:        1147056 kB
Dirty:                 0 kB
Writeback:             0 kB
AnonPages:        732440 kB
Mapped:           395568 kB
Shmem:               880 kB
Slab:             109912 kB
SReclaimable:      31720 kB
SUnreclaim:        78192 kB
KernelStack:       29952 kB
PageTables:        55376 kB
NFS_Unstable:          0 kB
Bounce:                0 kB
WritebackTmp:          0 kB
CommitLimit:     2684136 kB
Committed_AS:   138404096 kB
VmallocTotal:   251658176 kB
VmallocUsed:      310068 kB
VmallocChunk:   247561408 kB
Time pass: 131 sec

---2015-12-18 17:09:26
MemTotal:        2746844 kB
MemFree:          446324 kB
Buffers:            8228 kB
Cached:           703948 kB
SwapCached:         5588 kB
Active:           660872 kB
Inactive:         751220 kB
Active(anon):     310248 kB
Inactive(anon):   409656 kB
Active(file):     350624 kB
Inactive(file):   341564 kB
Unevictable:       35812 kB
Mlocked:           27768 kB
SwapTotal:       1310716 kB
SwapFree:        1147056 kB
Dirty:                 0 kB
Writeback:             0 kB
AnonPages:        732204 kB
Mapped:           395568 kB
Shmem:               880 kB
Slab:             109912 kB
SReclaimable:      31720 kB
SUnreclaim:        78192 kB
KernelStack:       29920 kB
PageTables:        55344 kB
NFS_Unstable:          0 kB
Bounce:                0 kB
WritebackTmp:          0 kB
CommitLimit:     2684136 kB
Committed_AS:   138404096 kB
VmallocTotal:   251658176 kB
VmallocUsed:      310068 kB
VmallocChunk:   247561408 kB
Time pass: 134 sec

---2015-12-18 17:09:26
MemTotal:        2746844 kB
MemFree:          445888 kB
Buffers:            8228 kB
Cached:           703948 kB
SwapCached:         5588 kB
Active:           661008 kB
Inactive:         751220 kB
Active(anon):     310384 kB
Inactive(anon):   409656 kB
Active(file):     350624 kB
Inactive(file):   341564 kB
Unevictable:       35812 kB
Mlocked:           27768 kB
SwapTotal:       1310716 kB
SwapFree:        1147056 kB
Dirty:                 0 kB
Writeback:             0 kB
AnonPages:        732596 kB
Mapped:           395568 kB
Shmem:               880 kB
Slab:             109904 kB
SReclaimable:      31720 kB
SUnreclaim:        78184 kB
KernelStack:       29920 kB
PageTables:        55380 kB
NFS_Unstable:          0 kB
Bounce:                0 kB
WritebackTmp:          0 kB
CommitLimit:     2684136 kB
Committed_AS:   138404104 kB
VmallocTotal:   251658176 kB
VmallocUsed:      310068 kB
VmallocChunk:   247561408 kB
Time pass: 138 sec

---2015-12-18 17:09:26
MemTotal:        2746844 kB
MemFree:          450540 kB
Buffers:            8228 kB
Cached:           703948 kB
SwapCached:         5588 kB
Active:           661184 kB
Inactive:         751220 kB
Active(anon):     310560 kB
Inactive(anon):   409656 kB
Active(file):     350624 kB
Inactive(file):   341564 kB
Unevictable:       35812 kB
Mlocked:           27768 kB
SwapTotal:       1310716 kB
SwapFree:        1147056 kB
Dirty:                 0 kB
Writeback:             0 kB
AnonPages:        732796 kB
Mapped:           395568 kB
Shmem:               880 kB
Slab:             109888 kB
SReclaimable:      31720 kB
SUnreclaim:        78168 kB
KernelStack:       29904 kB
PageTables:        55344 kB
NFS_Unstable:          0 kB
Bounce:                0 kB
WritebackTmp:          0 kB
CommitLimit:     2684136 kB
Committed_AS:   138404112 kB
VmallocTotal:   251658176 kB
VmallocUsed:      310068 kB
VmallocChunk:   247561408 kB
Time pass: 141 sec

---2015-12-18 17:09:26
MemTotal:        2746844 kB
MemFree:          449920 kB
Buffers:            8228 kB
Cached:           703948 kB
SwapCached:         5588 kB
Active:           661532 kB
Inactive:         751220 kB
Active(anon):     310908 kB
Inactive(anon):   409656 kB
Active(file):     350624 kB
Inactive(file):   341564 kB
Unevictable:       35812 kB
Mlocked:           27768 kB
SwapTotal:       1310716 kB
SwapFree:        1147056 kB
Dirty:                 0 kB
Writeback:             0 kB
AnonPages:        732824 kB
Mapped:           395652 kB
Shmem:               880 kB
Slab:             109888 kB
SReclaimable:      31720 kB
SUnreclaim:        78168 kB
KernelStack:       29904 kB
PageTables:        55372 kB
NFS_Unstable:          0 kB
Bounce:                0 kB
WritebackTmp:          0 kB
CommitLimit:     2684136 kB
Committed_AS:   138404104 kB
VmallocTotal:   251658176 kB
VmallocUsed:      310068 kB
VmallocChunk:   247561408 kB
Time pass: 145 sec

---2015-12-18 17:09:26
MemTotal:        2746844 kB
MemFree:          449496 kB
Buffers:            8228 kB
Cached:           703948 kB
SwapCached:         5588 kB
Active:           661696 kB
Inactive:         751216 kB
Active(anon):     311072 kB
Inactive(anon):   409652 kB
Active(file):     350624 kB
Inactive(file):   341564 kB
Unevictable:       35812 kB
Mlocked:           27768 kB
SwapTotal:       1310716 kB
SwapFree:        1147056 kB
Dirty:                 0 kB
Writeback:             0 kB
AnonPages:        732956 kB
Mapped:           395652 kB
Shmem:               880 kB
Slab:             109888 kB
SReclaimable:      31720 kB
SUnreclaim:        78168 kB
KernelStack:       29936 kB
PageTables:        55408 kB
NFS_Unstable:          0 kB
Bounce:                0 kB
WritebackTmp:          0 kB
CommitLimit:     2684136 kB
Committed_AS:   138404096 kB
VmallocTotal:   251658176 kB
VmallocUsed:      310068 kB
VmallocChunk:   247561408 kB
Time pass: 148 sec

---2015-12-18 17:09:26
MemTotal:        2746844 kB
MemFree:          450952 kB
Buffers:            8228 kB
Cached:           703948 kB
SwapCached:         5588 kB
Active:           661916 kB
Inactive:         751216 kB
Active(anon):     311292 kB
Inactive(anon):   409652 kB
Active(file):     350624 kB
Inactive(file):   341564 kB
Unevictable:       35812 kB
Mlocked:           27768 kB
SwapTotal:       1310716 kB
SwapFree:        1147056 kB
Dirty:                 0 kB
Writeback:             0 kB
AnonPages:        733048 kB
Mapped:           395736 kB
Shmem:               880 kB
Slab:             109888 kB
SReclaimable:      31720 kB
SUnreclaim:        78168 kB
KernelStack:       29904 kB
PageTables:        55400 kB
NFS_Unstable:          0 kB
Bounce:                0 kB
WritebackTmp:          0 kB
CommitLimit:     2684136 kB
Committed_AS:   138404104 kB
VmallocTotal:   251658176 kB
VmallocUsed:      310068 kB
VmallocChunk:   247561408 kB
Time pass: 152 sec

---2015-12-18 17:09:26
MemTotal:        2746844 kB
MemFree:          450700 kB
Buffers:            8228 kB
Cached:           703948 kB
SwapCached:         5588 kB
Active:           661656 kB
Inactive:         751204 kB
Active(anon):     311032 kB
Inactive(anon):   409640 kB
Active(file):     350624 kB
Inactive(file):   341564 kB
Unevictable:       35812 kB
Mlocked:           27768 kB
SwapTotal:       1310716 kB
SwapFree:        1147056 kB
Dirty:                 0 kB
Writeback:             0 kB
AnonPages:        733244 kB
Mapped:           395568 kB
Shmem:               880 kB
Slab:             109888 kB
SReclaimable:      31720 kB
SUnreclaim:        78168 kB
KernelStack:       29904 kB
PageTables:        55340 kB
NFS_Unstable:          0 kB
Bounce:                0 kB
WritebackTmp:          0 kB
CommitLimit:     2684136 kB
Committed_AS:   138404064 kB
VmallocTotal:   251658176 kB
VmallocUsed:      310068 kB
VmallocChunk:   247561408 kB
Time pass: 156 sec

---2015-12-18 17:09:26
MemTotal:        2746844 kB
MemFree:          451036 kB
Buffers:            8228 kB
Cached:           703948 kB
SwapCached:         5588 kB
Active:           661896 kB
Inactive:         751204 kB
Active(anon):     311272 kB
Inactive(anon):   409640 kB
Active(file):     350624 kB
Inactive(file):   341564 kB
Unevictable:       35812 kB
Mlocked:           27768 kB
SwapTotal:       1310716 kB
SwapFree:        1147056 kB
Dirty:                 0 kB
Writeback:             0 kB
AnonPages:        733280 kB
Mapped:           395580 kB
Shmem:               880 kB
Slab:             109888 kB
SReclaimable:      31720 kB
SUnreclaim:        78168 kB
KernelStack:       29904 kB
PageTables:        55340 kB
NFS_Unstable:          0 kB
Bounce:                0 kB
WritebackTmp:          0 kB
CommitLimit:     2684136 kB
Committed_AS:   138404104 kB
VmallocTotal:   251658176 kB
VmallocUsed:      310068 kB
VmallocChunk:   247561408 kB
Time pass: 159 sec

---2015-12-18 17:09:26
MemTotal:        2746844 kB
MemFree:          450664 kB
Buffers:            8228 kB
Cached:           703948 kB
SwapCached:         5588 kB
Active:           662004 kB
Inactive:         751204 kB
Active(anon):     311380 kB
Inactive(anon):   409640 kB
Active(file):     350624 kB
Inactive(file):   341564 kB
Unevictable:       35812 kB
Mlocked:           27768 kB
SwapTotal:       1310716 kB
SwapFree:        1147056 kB
Dirty:                 0 kB
Writeback:             0 kB
AnonPages:        733584 kB
Mapped:           395568 kB
Shmem:               880 kB
Slab:             109920 kB
SReclaimable:      31720 kB
SUnreclaim:        78200 kB
KernelStack:       29904 kB
PageTables:        55340 kB
NFS_Unstable:          0 kB
Bounce:                0 kB
WritebackTmp:          0 kB
CommitLimit:     2684136 kB
Committed_AS:   138404112 kB
VmallocTotal:   251658176 kB
VmallocUsed:      310068 kB
VmallocChunk:   247561408 kB
Time pass: 163 sec

---2015-12-18 17:09:26
MemTotal:        2746844 kB
MemFree:          450728 kB
Buffers:            8228 kB
Cached:           703948 kB
SwapCached:         5588 kB
Active:           662116 kB
Inactive:         751204 kB
Active(anon):     311492 kB
Inactive(anon):   409640 kB
Active(file):     350624 kB
Inactive(file):   341564 kB
Unevictable:       35812 kB
Mlocked:           27768 kB
SwapTotal:       1310716 kB
SwapFree:        1147056 kB
Dirty:                 0 kB
Writeback:             0 kB
AnonPages:        733712 kB
Mapped:           395568 kB
Shmem:               880 kB
Slab:             109920 kB
SReclaimable:      31720 kB
SUnreclaim:        78200 kB
KernelStack:       29872 kB
PageTables:        55340 kB
NFS_Unstable:          0 kB
Bounce:                0 kB
WritebackTmp:          0 kB
CommitLimit:     2684136 kB
Committed_AS:   138404048 kB
VmallocTotal:   251658176 kB
VmallocUsed:      310068 kB
VmallocChunk:   247561408 kB
Time pass: 166 sec

---2015-12-18 17:09:26
MemTotal:        2746844 kB
MemFree:          249424 kB
Buffers:            9124 kB
Cached:           716820 kB
SwapCached:         5604 kB
Active:           744696 kB
Inactive:         756500 kB
Active(anon):     385644 kB
Inactive(anon):   409764 kB
Active(file):     359052 kB
Inactive(file):   346736 kB
Unevictable:       35812 kB
Mlocked:           27768 kB
SwapTotal:       1310716 kB
SwapFree:        1147064 kB
Dirty:              1704 kB
Writeback:             0 kB
AnonPages:        807792 kB
Mapped:           457560 kB
Shmem:              1136 kB
Slab:             109852 kB
SReclaimable:      31736 kB
SUnreclaim:        78116 kB
KernelStack:       33168 kB
PageTables:        57484 kB
NFS_Unstable:          0 kB
Bounce:                0 kB
WritebackTmp:          0 kB
CommitLimit:     2684136 kB
Committed_AS:   140435168 kB
VmallocTotal:   251658176 kB
VmallocUsed:      317372 kB
VmallocChunk:   247561408 kB
Time pass: 170 sec

---2015-12-18 17:09:26
MemTotal:        2746844 kB
MemFree:          174320 kB
Buffers:            9196 kB
Cached:           721464 kB
SwapCached:         5604 kB
Active:           744484 kB
Inactive:         759352 kB
Active(anon):     383808 kB
Inactive(anon):   409672 kB
Active(file):     360676 kB
Inactive(file):   349680 kB
Unevictable:       35812 kB
Mlocked:           27768 kB
SwapTotal:       1310716 kB
SwapFree:        1147064 kB
Dirty:              1416 kB
Writeback:             0 kB
AnonPages:        806112 kB
Mapped:           460416 kB
Shmem:              1140 kB
Slab:             109944 kB
SReclaimable:      31752 kB
SUnreclaim:        78192 kB
KernelStack:       33424 kB
PageTables:        57536 kB
NFS_Unstable:          0 kB
Bounce:                0 kB
WritebackTmp:          0 kB
CommitLimit:     2684136 kB
Committed_AS:   140408600 kB
VmallocTotal:   251658176 kB
VmallocUsed:      318684 kB
VmallocChunk:   247561408 kB
Time pass: 174 sec

---2015-12-18 17:09:26
MemTotal:        2746844 kB
MemFree:          174972 kB
Buffers:            9196 kB
Cached:           721504 kB
SwapCached:         5604 kB
Active:           742572 kB
Inactive:         759340 kB
Active(anon):     381840 kB
Inactive(anon):   409636 kB
Active(file):     360732 kB
Inactive(file):   349704 kB
Unevictable:       35812 kB
Mlocked:           27768 kB
SwapTotal:       1310716 kB
SwapFree:        1147064 kB
Dirty:              1456 kB
Writeback:             0 kB
AnonPages:        803736 kB
Mapped:           460920 kB
Shmem:              1140 kB
Slab:             109964 kB
SReclaimable:      31752 kB
SUnreclaim:        78212 kB
KernelStack:       33456 kB
PageTables:        57424 kB
NFS_Unstable:          0 kB
Bounce:                0 kB
WritebackTmp:          0 kB
CommitLimit:     2684136 kB
Committed_AS:   140409496 kB
VmallocTotal:   251658176 kB
VmallocUsed:      318664 kB
VmallocChunk:   247561408 kB
Time pass: 177 sec

---2015-12-18 17:09:26
MemTotal:        2746844 kB
MemFree:          175028 kB
Buffers:            9204 kB
Cached:           721508 kB
SwapCached:         5604 kB
Active:           742656 kB
Inactive:         759312 kB
Active(anon):     381900 kB
Inactive(anon):   409612 kB
Active(file):     360756 kB
Inactive(file):   349700 kB
Unevictable:       35812 kB
Mlocked:           27768 kB
SwapTotal:       1310716 kB
SwapFree:        1147064 kB
Dirty:               124 kB
Writeback:             0 kB
AnonPages:        803672 kB
Mapped:           461004 kB
Shmem:              1140 kB
Slab:             109936 kB
SReclaimable:      31752 kB
SUnreclaim:        78184 kB
KernelStack:       33456 kB
PageTables:        57428 kB
NFS_Unstable:          0 kB
Bounce:                0 kB
WritebackTmp:          0 kB
CommitLimit:     2684136 kB
Committed_AS:   140409416 kB
VmallocTotal:   251658176 kB
VmallocUsed:      318664 kB
VmallocChunk:   247561408 kB
Time pass: 181 sec

---2015-12-18 17:09:26
MemTotal:        2746844 kB
MemFree:          159108 kB
Buffers:            9204 kB
Cached:           722564 kB
SwapCached:         5604 kB
Active:           746468 kB
Inactive:         760032 kB
Active(anon):     385472 kB
Inactive(anon):   409612 kB
Active(file):     360996 kB
Inactive(file):   350420 kB
Unevictable:       35812 kB
Mlocked:           27768 kB
SwapTotal:       1310716 kB
SwapFree:        1147064 kB
Dirty:               204 kB
Writeback:             0 kB
AnonPages:        807472 kB
Mapped:           461268 kB
Shmem:              1140 kB
Slab:             109952 kB
SReclaimable:      31752 kB
SUnreclaim:        78200 kB
KernelStack:       33456 kB
PageTables:        57436 kB
NFS_Unstable:          0 kB
Bounce:                0 kB
WritebackTmp:          0 kB
CommitLimit:     2684136 kB
Committed_AS:   140409760 kB
VmallocTotal:   251658176 kB
VmallocUsed:      318688 kB
VmallocChunk:   247561408 kB
Time pass: 184 sec

---2015-12-18 17:09:26
MemTotal:        2746844 kB
MemFree:          115660 kB
Buffers:            9212 kB
Cached:           723268 kB
SwapCached:         5604 kB
Active:           761068 kB
Inactive:         760808 kB
Active(anon):     400032 kB
Inactive(anon):   409612 kB
Active(file):     361036 kB
Inactive(file):   351196 kB
Unevictable:       35812 kB
Mlocked:           27768 kB
SwapTotal:       1310716 kB
SwapFree:        1147068 kB
Dirty:               524 kB
Writeback:             0 kB
AnonPages:        822248 kB
Mapped:           462576 kB
Shmem:              1140 kB
Slab:             109940 kB
SReclaimable:      31752 kB
SUnreclaim:        78188 kB
KernelStack:       33584 kB
PageTables:        57512 kB
NFS_Unstable:          0 kB
Bounce:                0 kB
WritebackTmp:          0 kB
CommitLimit:     2684136 kB
Committed_AS:   140427120 kB
VmallocTotal:   251658176 kB
VmallocUsed:      322680 kB
VmallocChunk:   247561408 kB
Time pass: 188 sec

---2015-12-18 17:09:26
MemTotal:        2746844 kB
MemFree:          113068 kB
Buffers:            9212 kB
Cached:           723300 kB
SwapCached:         5604 kB
Active:           754088 kB
Inactive:         760840 kB
Active(anon):     393048 kB
Inactive(anon):   409616 kB
Active(file):     361040 kB
Inactive(file):   351224 kB
Unevictable:       35812 kB
Mlocked:           27768 kB
SwapTotal:       1310716 kB
SwapFree:        1147068 kB
Dirty:               584 kB
Writeback:             0 kB
AnonPages:        814984 kB
Mapped:           462708 kB
Shmem:              1140 kB
Slab:             110012 kB
SReclaimable:      31752 kB
SUnreclaim:        78260 kB
KernelStack:       33616 kB
PageTables:        57476 kB
NFS_Unstable:          0 kB
Bounce:                0 kB
WritebackTmp:          0 kB
CommitLimit:     2684136 kB
Committed_AS:   140427360 kB
VmallocTotal:   251658176 kB
VmallocUsed:      327372 kB
VmallocChunk:   247561408 kB
Time pass: 191 sec

---2015-12-18 17:09:26
MemTotal:        2746844 kB
MemFree:          112372 kB
Buffers:            9220 kB
Cached:           723300 kB
SwapCached:         5604 kB
Active:           754376 kB
Inactive:         760828 kB
Active(anon):     393336 kB
Inactive(anon):   409596 kB
Active(file):     361040 kB
Inactive(file):   351232 kB
Unevictable:       35812 kB
Mlocked:           27768 kB
SwapTotal:       1310716 kB
SwapFree:        1147068 kB
Dirty:                40 kB
Writeback:             0 kB
AnonPages:        815164 kB
Mapped:           462708 kB
Shmem:              1140 kB
Slab:             110044 kB
SReclaimable:      31752 kB
SUnreclaim:        78292 kB
KernelStack:       33616 kB
PageTables:        57476 kB
NFS_Unstable:          0 kB
Bounce:                0 kB
WritebackTmp:          0 kB
CommitLimit:     2684136 kB
Committed_AS:   140427344 kB
VmallocTotal:   251658176 kB
VmallocUsed:      327372 kB
VmallocChunk:   247561408 kB
Time pass: 195 sec

---2015-12-18 17:09:26
MemTotal:        2746844 kB
MemFree:          112656 kB
Buffers:            9228 kB
Cached:           723592 kB
SwapCached:         5604 kB
Active:           754480 kB
Inactive:         761000 kB
Active(anon):     393440 kB
Inactive(anon):   409572 kB
Active(file):     361040 kB
Inactive(file):   351428 kB
Unevictable:       35812 kB
Mlocked:           27768 kB
SwapTotal:       1310716 kB
SwapFree:        1147068 kB
Dirty:                32 kB
Writeback:             0 kB
AnonPages:        815028 kB
Mapped:           462792 kB
Shmem:              1140 kB
Slab:             109988 kB
SReclaimable:      31752 kB
SUnreclaim:        78236 kB
KernelStack:       33616 kB
PageTables:        57508 kB
NFS_Unstable:          0 kB
Bounce:                0 kB
WritebackTmp:          0 kB
CommitLimit:     2684136 kB
Committed_AS:   140427344 kB
VmallocTotal:   251658176 kB
VmallocUsed:      327372 kB
VmallocChunk:   247561408 kB
Time pass: 198 sec

---2015-12-18 17:09:26
MemTotal:        2746844 kB
MemFree:           98508 kB
Buffers:            9276 kB
Cached:           727744 kB
SwapCached:         5624 kB
Active:           762308 kB
Inactive:         765248 kB
Active(anon):     401196 kB
Inactive(anon):   409664 kB
Active(file):     361112 kB
Inactive(file):   355584 kB
Unevictable:       35812 kB
Mlocked:           27768 kB
SwapTotal:       1310716 kB
SwapFree:        1147068 kB
Dirty:                96 kB
Writeback:             0 kB
AnonPages:        823232 kB
Mapped:           464720 kB
Shmem:              1232 kB
Slab:             109920 kB
SReclaimable:      31748 kB
SUnreclaim:        78172 kB
KernelStack:       33936 kB
PageTables:        57572 kB
NFS_Unstable:          0 kB
Bounce:                0 kB
WritebackTmp:          0 kB
CommitLimit:     2684136 kB
Committed_AS:   140437500 kB
VmallocTotal:   251658176 kB
VmallocUsed:      329560 kB
VmallocChunk:   247561408 kB
Time pass: 202 sec

---2015-12-18 17:09:26
MemTotal:        2746844 kB
MemFree:           86532 kB
Buffers:            9276 kB
Cached:           727760 kB
SwapCached:         5624 kB
Active:           764192 kB
Inactive:         765248 kB
Active(anon):     403080 kB
Inactive(anon):   409664 kB
Active(file):     361112 kB
Inactive(file):   355584 kB
Unevictable:       35812 kB
Mlocked:           27768 kB
SwapTotal:       1310716 kB
SwapFree:        1147068 kB
Dirty:                 4 kB
Writeback:             0 kB
AnonPages:        824992 kB
Mapped:           465004 kB
Shmem:              1232 kB
Slab:             109920 kB
SReclaimable:      31748 kB
SUnreclaim:        78172 kB
KernelStack:       33984 kB
PageTables:        57616 kB
NFS_Unstable:          0 kB
Bounce:                0 kB
WritebackTmp:          0 kB
CommitLimit:     2684136 kB
Committed_AS:   140437740 kB
VmallocTotal:   251658176 kB
VmallocUsed:      325556 kB
VmallocChunk:   247561408 kB
Time pass: 205 sec

---2015-12-18 17:09:26
MemTotal:        2746844 kB
MemFree:           84780 kB
Buffers:            9300 kB
Cached:           727768 kB
SwapCached:         5624 kB
Active:           766160 kB
Inactive:         765280 kB
Active(anon):     405048 kB
Inactive(anon):   409672 kB
Active(file):     361112 kB
Inactive(file):   355608 kB
Unevictable:       35812 kB
Mlocked:           27768 kB
SwapTotal:       1310716 kB
SwapFree:        1147068 kB
Dirty:                64 kB
Writeback:             0 kB
AnonPages:        827020 kB
Mapped:           465012 kB
Shmem:              1240 kB
Slab:             110000 kB
SReclaimable:      31748 kB
SUnreclaim:        78252 kB
KernelStack:       34000 kB
PageTables:        57616 kB
NFS_Unstable:          0 kB
Bounce:                0 kB
WritebackTmp:          0 kB
CommitLimit:     2684136 kB
Committed_AS:   140437828 kB
VmallocTotal:   251658176 kB
VmallocUsed:      325556 kB
VmallocChunk:   247561408 kB
Time pass: 209 sec

---2015-12-18 17:09:26
MemTotal:        2746844 kB
MemFree:           82752 kB
Buffers:            9300 kB
Cached:           727780 kB
SwapCached:         5624 kB
Active:           767640 kB
Inactive:         765292 kB
Active(anon):     406528 kB
Inactive(anon):   409684 kB
Active(file):     361112 kB
Inactive(file):   355608 kB
Unevictable:       35812 kB
Mlocked:           27768 kB
SwapTotal:       1310716 kB
SwapFree:        1147068 kB
Dirty:                64 kB
Writeback:             0 kB
AnonPages:        828480 kB
Mapped:           465024 kB
Shmem:              1252 kB
Slab:             110000 kB
SReclaimable:      31748 kB
SUnreclaim:        78252 kB
KernelStack:       34000 kB
PageTables:        57612 kB
NFS_Unstable:          0 kB
Bounce:                0 kB
WritebackTmp:          0 kB
CommitLimit:     2684136 kB
Committed_AS:   140437888 kB
VmallocTotal:   251658176 kB
VmallocUsed:      325556 kB
VmallocChunk:   247561408 kB
Time pass: 212 sec

---2015-12-18 17:09:26
MemTotal:        2746844 kB
MemFree:           81348 kB
Buffers:            9308 kB
Cached:           727784 kB
SwapCached:         5624 kB
Active:           768140 kB
Inactive:         765304 kB
Active(anon):     407028 kB
Inactive(anon):   409688 kB
Active(file):     361112 kB
Inactive(file):   355616 kB
Unevictable:       35812 kB
Mlocked:           27768 kB
SwapTotal:       1310716 kB
SwapFree:        1147068 kB
Dirty:                32 kB
Writeback:             0 kB
AnonPages:        828900 kB
Mapped:           465028 kB
Shmem:              1256 kB
Slab:             109980 kB
SReclaimable:      31748 kB
SUnreclaim:        78232 kB
KernelStack:       33968 kB
PageTables:        57616 kB
NFS_Unstable:          0 kB
Bounce:                0 kB
WritebackTmp:          0 kB
CommitLimit:     2684136 kB
Committed_AS:   140437844 kB
VmallocTotal:   251658176 kB
VmallocUsed:      325556 kB
VmallocChunk:   247561408 kB
Time pass: 216 sec

---2015-12-18 17:09:26
MemTotal:        2746844 kB
MemFree:           78996 kB
Buffers:            9324 kB
Cached:           727892 kB
SwapCached:         5624 kB
Active:           769160 kB
Inactive:         765428 kB
Active(anon):     408048 kB
Inactive(anon):   409796 kB
Active(file):     361112 kB
Inactive(file):   355632 kB
Unevictable:       35812 kB
Mlocked:           27768 kB
SwapTotal:       1310716 kB
SwapFree:        1147068 kB
Dirty:                48 kB
Writeback:             0 kB
AnonPages:        829960 kB
Mapped:           465300 kB
Shmem:              1364 kB
Slab:             109972 kB
SReclaimable:      31748 kB
SUnreclaim:        78224 kB
KernelStack:       33968 kB
PageTables:        57724 kB
NFS_Unstable:          0 kB
Bounce:                0 kB
WritebackTmp:          0 kB
CommitLimit:     2684136 kB
Committed_AS:   140437844 kB
VmallocTotal:   251658176 kB
VmallocUsed:      329652 kB
VmallocChunk:   247561408 kB
Time pass: 219 sec

---2015-12-18 17:09:26
MemTotal:        2746844 kB
MemFree:           78572 kB
Buffers:            9332 kB
Cached:           727900 kB
SwapCached:         5624 kB
Active:           769812 kB
Inactive:         765444 kB
Active(anon):     408700 kB
Inactive(anon):   409800 kB
Active(file):     361112 kB
Inactive(file):   355644 kB
Unevictable:       35812 kB
Mlocked:           27768 kB
SwapTotal:       1310716 kB
SwapFree:        1147068 kB
Dirty:                52 kB
Writeback:             0 kB
AnonPages:        830916 kB
Mapped:           465280 kB
Shmem:              1368 kB
Slab:             109992 kB
SReclaimable:      31748 kB
SUnreclaim:        78244 kB
KernelStack:       33984 kB
PageTables:        57696 kB
NFS_Unstable:          0 kB
Bounce:                0 kB
WritebackTmp:          0 kB
CommitLimit:     2684136 kB
Committed_AS:   140437884 kB
VmallocTotal:   251658176 kB
VmallocUsed:      329652 kB
VmallocChunk:   247561408 kB
Time pass: 223 sec

---2015-12-18 17:09:26
MemTotal:        2746844 kB
MemFree:           78708 kB
Buffers:            9348 kB
Cached:           727900 kB
SwapCached:         5624 kB
Active:           770424 kB
Inactive:         765456 kB
Active(anon):     409312 kB
Inactive(anon):   409796 kB
Active(file):     361112 kB
Inactive(file):   355660 kB
Unevictable:       35812 kB
Mlocked:           27768 kB
SwapTotal:       1310716 kB
SwapFree:        1147068 kB
Dirty:                 4 kB
Writeback:             0 kB
AnonPages:        831424 kB
Mapped:           465280 kB
Shmem:              1368 kB
Slab:             109980 kB
SReclaimable:      31748 kB
SUnreclaim:        78232 kB
KernelStack:       33984 kB
PageTables:        57696 kB
NFS_Unstable:          0 kB
Bounce:                0 kB
WritebackTmp:          0 kB
CommitLimit:     2684136 kB
Committed_AS:   140437876 kB
VmallocTotal:   251658176 kB
VmallocUsed:      329652 kB
VmallocChunk:   247561408 kB
Time pass: 226 sec

---2015-12-18 17:09:26
MemTotal:        2746844 kB
MemFree:           79128 kB
Buffers:            9412 kB
Cached:           729124 kB
SwapCached:         5624 kB
Active:           770148 kB
Inactive:         766700 kB
Active(anon):     409036 kB
Inactive(anon):   409796 kB
Active(file):     361112 kB
Inactive(file):   356904 kB
Unevictable:       35812 kB
Mlocked:           27768 kB
SwapTotal:       1310716 kB
SwapFree:        1147068 kB
Dirty:                96 kB
Writeback:             0 kB
AnonPages:        831004 kB
Mapped:           465316 kB
Shmem:              1412 kB
Slab:             110016 kB
SReclaimable:      31780 kB
SUnreclaim:        78236 kB
KernelStack:       33904 kB
PageTables:        57668 kB
NFS_Unstable:          0 kB
Bounce:                0 kB
WritebackTmp:          0 kB
CommitLimit:     2684136 kB
Committed_AS:   140437772 kB
VmallocTotal:   251658176 kB
VmallocUsed:      329652 kB
VmallocChunk:   247561408 kB
Time pass: 230 sec

---2015-12-18 17:09:26
MemTotal:        2746844 kB
MemFree:           79340 kB
Buffers:            9412 kB
Cached:           729124 kB
SwapCached:         5624 kB
Active:           770552 kB
Inactive:         766696 kB
Active(anon):     409440 kB
Inactive(anon):   409796 kB
Active(file):     361112 kB
Inactive(file):   356900 kB
Unevictable:       35812 kB
Mlocked:           27768 kB
SwapTotal:       1310716 kB
SwapFree:        1147068 kB
Dirty:               100 kB
Writeback:             0 kB
AnonPages:        831148 kB
Mapped:           465316 kB
Shmem:              1412 kB
Slab:             110016 kB
SReclaimable:      31780 kB
SUnreclaim:        78236 kB
KernelStack:       33856 kB
PageTables:        57668 kB
NFS_Unstable:          0 kB
Bounce:                0 kB
WritebackTmp:          0 kB
CommitLimit:     2684136 kB
Committed_AS:   140437748 kB
VmallocTotal:   251658176 kB
VmallocUsed:      329652 kB
VmallocChunk:   247561408 kB
Time pass: 233 sec

---2015-12-18 17:09:26
MemTotal:        2746844 kB
MemFree:           82636 kB
Buffers:            9436 kB
Cached:           729132 kB
SwapCached:         5624 kB
Active:           766564 kB
Inactive:         766424 kB
Active(anon):     405452 kB
Inactive(anon):   409496 kB
Active(file):     361112 kB
Inactive(file):   356928 kB
Unevictable:       35812 kB
Mlocked:           27768 kB
SwapTotal:       1310716 kB
SwapFree:        1147068 kB
Dirty:                72 kB
Writeback:             0 kB
AnonPages:        827044 kB
Mapped:           465324 kB
Shmem:              1420 kB
Slab:             109980 kB
SReclaimable:      31780 kB
SUnreclaim:        78200 kB
KernelStack:       33856 kB
PageTables:        57668 kB
NFS_Unstable:          0 kB
Bounce:                0 kB
WritebackTmp:          0 kB
CommitLimit:     2684136 kB
Committed_AS:   140437692 kB
VmallocTotal:   251658176 kB
VmallocUsed:      329652 kB
VmallocChunk:   247561408 kB
Time pass: 237 sec

---2015-12-18 17:09:26
MemTotal:        2746844 kB
MemFree:           84828 kB
Buffers:            9436 kB
Cached:           729132 kB
SwapCached:         5624 kB
Active:           766476 kB
Inactive:         766424 kB
Active(anon):     405364 kB
Inactive(anon):   409496 kB
Active(file):     361112 kB
Inactive(file):   356928 kB
Unevictable:       35812 kB
Mlocked:           27768 kB
SwapTotal:       1310716 kB
SwapFree:        1147068 kB
Dirty:                 0 kB
Writeback:             0 kB
AnonPages:        827096 kB
Mapped:           465408 kB
Shmem:              1420 kB
Slab:             109980 kB
SReclaimable:      31780 kB
SUnreclaim:        78200 kB
KernelStack:       33824 kB
PageTables:        57696 kB
NFS_Unstable:          0 kB
Bounce:                0 kB
WritebackTmp:          0 kB
CommitLimit:     2684136 kB
Committed_AS:   140437604 kB
VmallocTotal:   251658176 kB
VmallocUsed:      329652 kB
VmallocChunk:   247561408 kB
Time pass: 240 sec

---2015-12-18 17:09:26
MemTotal:        2746844 kB
MemFree:           85236 kB
Buffers:            9444 kB
Cached:           729132 kB
SwapCached:         5624 kB
Active:           765772 kB
Inactive:         766432 kB
Active(anon):     404660 kB
Inactive(anon):   409496 kB
Active(file):     361112 kB
Inactive(file):   356936 kB
Unevictable:       35812 kB
Mlocked:           27768 kB
SwapTotal:       1310716 kB
SwapFree:        1147068 kB
Dirty:                36 kB
Writeback:             0 kB
AnonPages:        826188 kB
Mapped:           465492 kB
Shmem:              1420 kB
Slab:             109964 kB
SReclaimable:      31780 kB
SUnreclaim:        78184 kB
KernelStack:       33840 kB
PageTables:        57724 kB
NFS_Unstable:          0 kB
Bounce:                0 kB
WritebackTmp:          0 kB
CommitLimit:     2684136 kB
Committed_AS:   140437684 kB
VmallocTotal:   251658176 kB
VmallocUsed:      329652 kB
VmallocChunk:   247561408 kB
Time pass: 244 sec

---2015-12-18 17:09:26
MemTotal:        2746844 kB
MemFree:           85024 kB
Buffers:            9460 kB
Cached:           729132 kB
SwapCached:         5624 kB
Active:           766780 kB
Inactive:         766448 kB
Active(anon):     405668 kB
Inactive(anon):   409496 kB
Active(file):     361112 kB
Inactive(file):   356952 kB
Unevictable:       35812 kB
Mlocked:           27768 kB
SwapTotal:       1310716 kB
SwapFree:        1147068 kB
Dirty:                44 kB
Writeback:             0 kB
AnonPages:        827200 kB
Mapped:           465408 kB
Shmem:              1420 kB
Slab:             109964 kB
SReclaimable:      31780 kB
SUnreclaim:        78184 kB
KernelStack:       33824 kB
PageTables:        57696 kB
NFS_Unstable:          0 kB
Bounce:                0 kB
WritebackTmp:          0 kB
CommitLimit:     2684136 kB
Committed_AS:   140437604 kB
VmallocTotal:   251658176 kB
VmallocUsed:      329652 kB
VmallocChunk:   247561408 kB
Time pass: 247 sec

---2015-12-18 17:09:26
MemTotal:        2746844 kB
MemFree:           83396 kB
Buffers:            9468 kB
Cached:           729280 kB
SwapCached:         5624 kB
Active:           767672 kB
Inactive:         766600 kB
Active(anon):     406560 kB
Inactive(anon):   409644 kB
Active(file):     361112 kB
Inactive(file):   356956 kB
Unevictable:       35812 kB
Mlocked:           27768 kB
SwapTotal:       1310716 kB
SwapFree:        1147068 kB
Dirty:                44 kB
Writeback:             0 kB
AnonPages:        827880 kB
Mapped:           465556 kB
Shmem:              1568 kB
Slab:             109960 kB
SReclaimable:      31780 kB
SUnreclaim:        78180 kB
KernelStack:       33824 kB
PageTables:        57700 kB
NFS_Unstable:          0 kB
Bounce:                0 kB
WritebackTmp:          0 kB
CommitLimit:     2684136 kB
Committed_AS:   140437612 kB
VmallocTotal:   251658176 kB
VmallocUsed:      329652 kB
VmallocChunk:   247561408 kB
Time pass: 251 sec

---2015-12-18 17:09:26
MemTotal:        2746844 kB
MemFree:           83080 kB
Buffers:            9484 kB
Cached:           729280 kB
SwapCached:         5624 kB
Active:           768288 kB
Inactive:         766620 kB
Active(anon):     407176 kB
Inactive(anon):   409644 kB
Active(file):     361112 kB
Inactive(file):   356976 kB
Unevictable:       35812 kB
Mlocked:           27768 kB
SwapTotal:       1310716 kB
SwapFree:        1147068 kB
Dirty:                 4 kB
Writeback:             0 kB
AnonPages:        828328 kB
Mapped:           465556 kB
Shmem:              1568 kB
Slab:             109956 kB
SReclaimable:      31780 kB
SUnreclaim:        78176 kB
KernelStack:       33824 kB
PageTables:        57700 kB
NFS_Unstable:          0 kB
Bounce:                0 kB
WritebackTmp:          0 kB
CommitLimit:     2684136 kB
Committed_AS:   140437596 kB
VmallocTotal:   251658176 kB
VmallocUsed:      329652 kB
VmallocChunk:   247561408 kB
Time pass: 254 sec

---2015-12-18 17:09:26
MemTotal:        2746844 kB
MemFree:           83232 kB
Buffers:            9500 kB
Cached:           729284 kB
SwapCached:         5624 kB
Active:           768876 kB
Inactive:         766640 kB
Active(anon):     407764 kB
Inactive(anon):   409648 kB
Active(file):     361112 kB
Inactive(file):   356992 kB
Unevictable:       35812 kB
Mlocked:           27768 kB
SwapTotal:       1310716 kB
SwapFree:        1147068 kB
Dirty:                48 kB
Writeback:             0 kB
AnonPages:        829280 kB
Mapped:           465476 kB
Shmem:              1572 kB
Slab:             109964 kB
SReclaimable:      31780 kB
SUnreclaim:        78184 kB
KernelStack:       33824 kB
PageTables:        57672 kB
NFS_Unstable:          0 kB
Bounce:                0 kB
WritebackTmp:          0 kB
CommitLimit:     2684136 kB
Committed_AS:   140437612 kB
VmallocTotal:   251658176 kB
VmallocUsed:      329652 kB
VmallocChunk:   247561408 kB
Time pass: 258 sec

---2015-12-18 17:09:26
MemTotal:        2746844 kB
MemFree:           86360 kB
Buffers:            9500 kB
Cached:           729300 kB
SwapCached:         5624 kB
Active:           768844 kB
Inactive:         766652 kB
Active(anon):     407732 kB
Inactive(anon):   409660 kB
Active(file):     361112 kB
Inactive(file):   356992 kB
Unevictable:       35812 kB
Mlocked:           27768 kB
SwapTotal:       1310716 kB
SwapFree:        1147068 kB
Dirty:                48 kB
Writeback:             0 kB
AnonPages:        829252 kB
Mapped:           465412 kB
Shmem:              1588 kB
Slab:             109968 kB
SReclaimable:      31780 kB
SUnreclaim:        78188 kB
KernelStack:       33824 kB
PageTables:        57640 kB
NFS_Unstable:          0 kB
Bounce:                0 kB
WritebackTmp:          0 kB
CommitLimit:     2684136 kB
Committed_AS:   140437604 kB
VmallocTotal:   251658176 kB
VmallocUsed:      329652 kB
VmallocChunk:   247561408 kB
Time pass: 261 sec

---2015-12-18 17:09:26
MemTotal:        2746844 kB
MemFree:           84888 kB
Buffers:            9524 kB
Cached:           729312 kB
SwapCached:         5624 kB
Active:           769708 kB
Inactive:         766672 kB
Active(anon):     408592 kB
Inactive(anon):   409652 kB
Active(file):     361116 kB
Inactive(file):   357020 kB
Unevictable:       35812 kB
Mlocked:           27768 kB
SwapTotal:       1310716 kB
SwapFree:        1147304 kB
Dirty:                60 kB
Writeback:             0 kB
AnonPages:        830176 kB
Mapped:           465492 kB
Shmem:              1588 kB
Slab:             109968 kB
SReclaimable:      31780 kB
SUnreclaim:        78188 kB
KernelStack:       33808 kB
PageTables:        57648 kB
NFS_Unstable:          0 kB
Bounce:                0 kB
WritebackTmp:          0 kB
CommitLimit:     2684136 kB
Committed_AS:   140429068 kB
VmallocTotal:   251658176 kB
VmallocUsed:      329652 kB
VmallocChunk:   247561408 kB
Time pass: 265 sec

---2015-12-18 17:09:26
MemTotal:        2746844 kB
MemFree:           84112 kB
Buffers:            9524 kB
Cached:           729312 kB
SwapCached:         5624 kB
Active:           770540 kB
Inactive:         766648 kB
Active(anon):     409424 kB
Inactive(anon):   409628 kB
Active(file):     361116 kB
Inactive(file):   357020 kB
Unevictable:       35812 kB
Mlocked:           27768 kB
SwapTotal:       1310716 kB
SwapFree:        1147304 kB
Dirty:                60 kB
Writeback:             0 kB
AnonPages:        830632 kB
Mapped:           465492 kB
Shmem:              1588 kB
Slab:             109960 kB
SReclaimable:      31780 kB
SUnreclaim:        78180 kB
KernelStack:       33808 kB
PageTables:        57648 kB
NFS_Unstable:          0 kB
Bounce:                0 kB
WritebackTmp:          0 kB
CommitLimit:     2684136 kB
Committed_AS:   140429060 kB
VmallocTotal:   251658176 kB
VmallocUsed:      329652 kB
VmallocChunk:   247561408 kB
Time pass: 268 sec

---2015-12-18 17:09:26
MemTotal:        2746844 kB
MemFree:           83984 kB
Buffers:            9532 kB
Cached:           729336 kB
SwapCached:         5624 kB
Active:           769592 kB
Inactive:         766628 kB
Active(anon):     408476 kB
Inactive(anon):   409596 kB
Active(file):     361116 kB
Inactive(file):   357032 kB
Unevictable:       35812 kB
Mlocked:           27768 kB
SwapTotal:       1310716 kB
SwapFree:        1147312 kB
Dirty:                48 kB
Writeback:             0 kB
AnonPages:        830040 kB
Mapped:           465516 kB
Shmem:              1612 kB
Slab:             109956 kB
SReclaimable:      31780 kB
SUnreclaim:        78176 kB
KernelStack:       33792 kB
PageTables:        57640 kB
NFS_Unstable:          0 kB
Bounce:                0 kB
WritebackTmp:          0 kB
CommitLimit:     2684136 kB
Committed_AS:   140429052 kB
VmallocTotal:   251658176 kB
VmallocUsed:      329652 kB
VmallocChunk:   247561408 kB
Time pass: 272 sec

---2015-12-18 17:09:26
MemTotal:        2746844 kB
MemFree:           83792 kB
Buffers:            9548 kB
Cached:           729332 kB
SwapCached:         5628 kB
Active:           770216 kB
Inactive:         766644 kB
Active(anon):     409100 kB
Inactive(anon):   409596 kB
Active(file):     361116 kB
Inactive(file):   357048 kB
Unevictable:       35812 kB
Mlocked:           27768 kB
SwapTotal:       1310716 kB
SwapFree:        1147312 kB
Dirty:                52 kB
Writeback:             0 kB
AnonPages:        830848 kB
Mapped:           465516 kB
Shmem:              1612 kB
Slab:             109956 kB
SReclaimable:      31780 kB
SUnreclaim:        78176 kB
KernelStack:       33792 kB
PageTables:        57648 kB
NFS_Unstable:          0 kB
Bounce:                0 kB
WritebackTmp:          0 kB
CommitLimit:     2684136 kB
Committed_AS:   140429108 kB
VmallocTotal:   251658176 kB
VmallocUsed:      329652 kB
VmallocChunk:   247561408 kB
Time pass: 275 sec

---2015-12-18 17:09:26
MemTotal:        2746844 kB
MemFree:           83408 kB
Buffers:            9564 kB
Cached:           729336 kB
SwapCached:         5628 kB
Active:           771376 kB
Inactive:         766652 kB
Active(anon):     410260 kB
Inactive(anon):   409588 kB
Active(file):     361116 kB
Inactive(file):   357064 kB
Unevictable:       35812 kB
Mlocked:           27768 kB
SwapTotal:       1310716 kB
SwapFree:        1147312 kB
Dirty:                36 kB
Writeback:             0 kB
AnonPages:        831552 kB
Mapped:           465616 kB
Shmem:              1612 kB
Slab:             109948 kB
SReclaimable:      31780 kB
SUnreclaim:        78168 kB
KernelStack:       33792 kB
PageTables:        57676 kB
NFS_Unstable:          0 kB
Bounce:                0 kB
WritebackTmp:          0 kB
CommitLimit:     2684136 kB
Committed_AS:   140429032 kB
VmallocTotal:   251658176 kB
VmallocUsed:      329652 kB
VmallocChunk:   247561408 kB
Time pass: 279 sec

---2015-12-18 17:09:26
MemTotal:        2746844 kB
MemFree:           77748 kB
Buffers:            9572 kB
Cached:           729436 kB
SwapCached:         5628 kB
Active:           777652 kB
Inactive:         766752 kB
Active(anon):     416532 kB
Inactive(anon):   409588 kB
Active(file):     361120 kB
Inactive(file):   357164 kB
Unevictable:       35812 kB
Mlocked:           27768 kB
SwapTotal:       1310716 kB
SwapFree:        1147312 kB
Dirty:                52 kB
Writeback:             0 kB
AnonPages:        837884 kB
Mapped:           466248 kB
Shmem:              1612 kB
Slab:             109948 kB
SReclaimable:      31780 kB
SUnreclaim:        78168 kB
KernelStack:       33840 kB
PageTables:        57680 kB
NFS_Unstable:          0 kB
Bounce:                0 kB
WritebackTmp:          0 kB
CommitLimit:     2684136 kB
Committed_AS:   140435324 kB
VmallocTotal:   251658176 kB
VmallocUsed:      329652 kB
VmallocChunk:   247561408 kB
Time pass: 282 sec

---2015-12-18 17:09:26
MemTotal:        2746844 kB
MemFree:           75788 kB
Buffers:            9588 kB
Cached:           729436 kB
SwapCached:         5628 kB
Active:           778532 kB
Inactive:         766764 kB
Active(anon):     417408 kB
Inactive(anon):   409588 kB
Active(file):     361124 kB
Inactive(file):   357176 kB
Unevictable:       35812 kB
Mlocked:           27768 kB
SwapTotal:       1310716 kB
SwapFree:        1147312 kB
Dirty:                64 kB
Writeback:             0 kB
AnonPages:        838928 kB
Mapped:           466372 kB
Shmem:              1612 kB
Slab:             109948 kB
SReclaimable:      31780 kB
SUnreclaim:        78168 kB
KernelStack:       33856 kB
PageTables:        57652 kB
NFS_Unstable:          0 kB
Bounce:                0 kB
WritebackTmp:          0 kB
CommitLimit:     2684136 kB
Committed_AS:   140435356 kB
VmallocTotal:   251658176 kB
VmallocUsed:      329652 kB
VmallocChunk:   247561408 kB
Time pass: 286 sec

---2015-12-18 17:09:26
MemTotal:        2746844 kB
MemFree:           74104 kB
Buffers:            9636 kB
Cached:           729572 kB
SwapCached:         5628 kB
Active:           779224 kB
Inactive:         766920 kB
Active(anon):     418076 kB
Inactive(anon):   409612 kB
Active(file):     361148 kB
Inactive(file):   357308 kB
Unevictable:       35812 kB
Mlocked:           27768 kB
SwapTotal:       1310716 kB
SwapFree:        1147312 kB
Dirty:                76 kB
Writeback:            68 kB
AnonPages:        839500 kB
Mapped:           466440 kB
Shmem:              1640 kB
Slab:             109948 kB
SReclaimable:      31780 kB
SUnreclaim:        78168 kB
KernelStack:       33840 kB
PageTables:        57636 kB
NFS_Unstable:          0 kB
Bounce:                0 kB
WritebackTmp:          0 kB
CommitLimit:     2684136 kB
Committed_AS:   140435680 kB
VmallocTotal:   251658176 kB
VmallocUsed:      329652 kB
VmallocChunk:   247561408 kB
Time pass: 289 sec

---2015-12-18 17:09:26
MemTotal:        2746844 kB
MemFree:           74432 kB
Buffers:            9652 kB
Cached:           729508 kB
SwapCached:         5628 kB
Active:           779728 kB
Inactive:         766888 kB
Active(anon):     418604 kB
Inactive(anon):   409612 kB
Active(file):     361124 kB
Inactive(file):   357276 kB
Unevictable:       35812 kB
Mlocked:           27768 kB
SwapTotal:       1310716 kB
SwapFree:        1147316 kB
Dirty:               100 kB
Writeback:             0 kB
AnonPages:        840452 kB
Mapped:           466400 kB
Shmem:              1636 kB
Slab:             109948 kB
SReclaimable:      31780 kB
SUnreclaim:        78168 kB
KernelStack:       33856 kB
PageTables:        57652 kB
NFS_Unstable:          0 kB
Bounce:                0 kB
WritebackTmp:          0 kB
CommitLimit:     2684136 kB
Committed_AS:   140435788 kB
VmallocTotal:   251658176 kB
VmallocUsed:      329652 kB
VmallocChunk:   247561408 kB
Time pass: 293 sec

---2015-12-18 17:09:26
MemTotal:        2746844 kB
MemFree:           73088 kB
Buffers:            9652 kB
Cached:           729508 kB
SwapCached:         5628 kB
Active:           781180 kB
Inactive:         766900 kB
Active(anon):     420056 kB
Inactive(anon):   409612 kB
Active(file):     361124 kB
Inactive(file):   357288 kB
Unevictable:       35812 kB
Mlocked:           27768 kB
SwapTotal:       1310716 kB
SwapFree:        1147324 kB
Dirty:                 4 kB
Writeback:             0 kB
AnonPages:        841564 kB
Mapped:           466400 kB
Shmem:              1636 kB
Slab:             109948 kB
SReclaimable:      31780 kB
SUnreclaim:        78168 kB
KernelStack:       33824 kB
PageTables:        57656 kB
NFS_Unstable:          0 kB
Bounce:                0 kB
WritebackTmp:          0 kB
CommitLimit:     2684136 kB
Committed_AS:   140435788 kB
VmallocTotal:   251658176 kB
VmallocUsed:      329652 kB
VmallocChunk:   247561408 kB
Time pass: 297 sec

---2015-12-18 17:09:26
MemTotal:        2746844 kB
MemFree:           73704 kB
Buffers:            9660 kB
Cached:           729508 kB
SwapCached:         5628 kB
Active:           779220 kB
Inactive:         766908 kB
Active(anon):     418096 kB
Inactive(anon):   409612 kB
Active(file):     361124 kB
Inactive(file):   357296 kB
Unevictable:       35812 kB
Mlocked:           27768 kB
SwapTotal:       1310716 kB
SwapFree:        1147324 kB
Dirty:                44 kB
Writeback:             0 kB
AnonPages:        839800 kB
Mapped:           466400 kB
Shmem:              1636 kB
Slab:             109948 kB
SReclaimable:      31780 kB
SUnreclaim:        78168 kB
KernelStack:       33856 kB
PageTables:        57656 kB
NFS_Unstable:          0 kB
Bounce:                0 kB
WritebackTmp:          0 kB
CommitLimit:     2684136 kB
Committed_AS:   140435744 kB
VmallocTotal:   251658176 kB
VmallocUsed:      329652 kB
VmallocChunk:   247561408 kB
Time pass: 300 sec

---2015-12-18 17:09:26
MemTotal:        2746844 kB
MemFree:           74060 kB
Buffers:            9676 kB
Cached:           729760 kB
SwapCached:         5628 kB
Active:           778528 kB
Inactive:         767184 kB
Active(anon):     417404 kB
Inactive(anon):   409652 kB
Active(file):     361124 kB
Inactive(file):   357532 kB
Unevictable:       35812 kB
Mlocked:           27768 kB
SwapTotal:       1310716 kB
SwapFree:        1147356 kB
Dirty:                 4 kB
Writeback:             0 kB
AnonPages:        838692 kB
Mapped:           466456 kB
Shmem:              1672 kB
Slab:             109952 kB
SReclaimable:      31780 kB
SUnreclaim:        78172 kB
KernelStack:       33840 kB
PageTables:        57660 kB
NFS_Unstable:          0 kB
Bounce:                0 kB
WritebackTmp:          0 kB
CommitLimit:     2684136 kB
Committed_AS:   140435732 kB
VmallocTotal:   251658176 kB
VmallocUsed:      329652 kB
VmallocChunk:   247561408 kB
Time pass: 304 sec

---2015-12-18 17:09:26
MemTotal:        2746844 kB
MemFree:           81428 kB
Buffers:            9692 kB
Cached:           729888 kB
SwapCached:         5628 kB
Active:           771604 kB
Inactive:         767352 kB
Active(anon):     410480 kB
Inactive(anon):   409804 kB
Active(file):     361124 kB
Inactive(file):   357548 kB
Unevictable:       35812 kB
Mlocked:           27768 kB
SwapTotal:       1310716 kB
SwapFree:        1147356 kB
Dirty:                52 kB
Writeback:             0 kB
AnonPages:        831776 kB
Mapped:           466584 kB
Shmem:              1800 kB
Slab:             109972 kB
SReclaimable:      31780 kB
SUnreclaim:        78192 kB
KernelStack:       33840 kB
PageTables:        57664 kB
NFS_Unstable:          0 kB
Bounce:                0 kB
WritebackTmp:          0 kB
CommitLimit:     2684136 kB
Committed_AS:   140435732 kB
VmallocTotal:   251658176 kB
VmallocUsed:      329652 kB
VmallocChunk:   247561408 kB
Time pass: 307 sec

---2015-12-18 17:09:26
MemTotal:        2746844 kB
MemFree:           81100 kB
Buffers:            9700 kB
Cached:           729928 kB
SwapCached:         5628 kB
Active:           771700 kB
Inactive:         767400 kB
Active(anon):     410576 kB
Inactive(anon):   409844 kB
Active(file):     361124 kB
Inactive(file):   357556 kB
Unevictable:       35812 kB
Mlocked:           27768 kB
SwapTotal:       1310716 kB
SwapFree:        1147356 kB
Dirty:                36 kB
Writeback:             0 kB
AnonPages:        832172 kB
Mapped:           466624 kB
Shmem:              1840 kB
Slab:             109956 kB
SReclaimable:      31780 kB
SUnreclaim:        78176 kB
KernelStack:       33840 kB
PageTables:        57660 kB
NFS_Unstable:          0 kB
Bounce:                0 kB
WritebackTmp:          0 kB
CommitLimit:     2684136 kB
Committed_AS:   140435740 kB
VmallocTotal:   251658176 kB
VmallocUsed:      329652 kB
VmallocChunk:   247561408 kB
Time pass: 311 sec

---2015-12-18 17:09:26
MemTotal:        2746844 kB
MemFree:           80768 kB
Buffers:            9716 kB
Cached:           729932 kB
SwapCached:         5628 kB
Active:           772596 kB
Inactive:         767420 kB
Active(anon):     411472 kB
Inactive(anon):   409844 kB
Active(file):     361124 kB
Inactive(file):   357576 kB
Unevictable:       35812 kB
Mlocked:           27768 kB
SwapTotal:       1310716 kB
SwapFree:        1147356 kB
Dirty:                52 kB
Writeback:             0 kB
AnonPages:        833212 kB
Mapped:           466624 kB
Shmem:              1840 kB
Slab:             109948 kB
SReclaimable:      31780 kB
SUnreclaim:        78168 kB
KernelStack:       33840 kB
PageTables:        57660 kB
NFS_Unstable:          0 kB
Bounce:                0 kB
WritebackTmp:          0 kB
CommitLimit:     2684136 kB
Committed_AS:   140435740 kB
VmallocTotal:   251658176 kB
VmallocUsed:      329652 kB
VmallocChunk:   247561408 kB
Time pass: 314 sec

---2015-12-18 17:09:26
MemTotal:        2746844 kB
MemFree:           79936 kB
Buffers:            9724 kB
Cached:           729920 kB
SwapCached:         5628 kB
Active:           772768 kB
Inactive:         767416 kB
Active(anon):     411644 kB
Inactive(anon):   409844 kB
Active(file):     361124 kB
Inactive(file):   357572 kB
Unevictable:       35812 kB
Mlocked:           27768 kB
SwapTotal:       1310716 kB
SwapFree:        1147356 kB
Dirty:                40 kB
Writeback:             0 kB
AnonPages:        833228 kB
Mapped:           466624 kB
Shmem:              1840 kB
Slab:             109948 kB
SReclaimable:      31780 kB
SUnreclaim:        78168 kB
KernelStack:       33840 kB
PageTables:        57660 kB
NFS_Unstable:          0 kB
Bounce:                0 kB
WritebackTmp:          0 kB
CommitLimit:     2684136 kB
Committed_AS:   140435724 kB
VmallocTotal:   251658176 kB
VmallocUsed:      329652 kB
VmallocChunk:   247561408 kB
Time pass: 318 sec

---2015-12-18 17:09:26
MemTotal:        2746844 kB
MemFree:           80008 kB
Buffers:            9740 kB
Cached:           729928 kB
SwapCached:         5628 kB
Active:           773700 kB
Inactive:         767440 kB
Active(anon):     412576 kB
Inactive(anon):   409844 kB
Active(file):     361124 kB
Inactive(file):   357596 kB
Unevictable:       35812 kB
Mlocked:           27768 kB
SwapTotal:       1310716 kB
SwapFree:        1147356 kB
Dirty:                44 kB
Writeback:             0 kB
AnonPages:        833680 kB
Mapped:           466628 kB
Shmem:              1840 kB
Slab:             109948 kB
SReclaimable:      31780 kB
SUnreclaim:        78168 kB
KernelStack:       33856 kB
PageTables:        57672 kB
NFS_Unstable:          0 kB
Bounce:                0 kB
WritebackTmp:          0 kB
CommitLimit:     2684136 kB
Committed_AS:   140435748 kB
VmallocTotal:   251658176 kB
VmallocUsed:      329652 kB
VmallocChunk:   247561408 kB
Time pass: 321 sec

---2015-12-18 17:09:26
MemTotal:        2746844 kB
MemFree:           79808 kB
Buffers:            9740 kB
Cached:           729928 kB
SwapCached:         5628 kB
Active:           773904 kB
Inactive:         767436 kB
Active(anon):     412780 kB
Inactive(anon):   409840 kB
Active(file):     361124 kB
Inactive(file):   357596 kB
Unevictable:       35812 kB
Mlocked:           27768 kB
SwapTotal:       1310716 kB
SwapFree:        1147364 kB
Dirty:                 4 kB
Writeback:             0 kB
AnonPages:        833996 kB
Mapped:           466628 kB
Shmem:              1840 kB
Slab:             109972 kB
SReclaimable:      31780 kB
SUnreclaim:        78192 kB
KernelStack:       33856 kB
PageTables:        57668 kB
NFS_Unstable:          0 kB
Bounce:                0 kB
WritebackTmp:          0 kB
CommitLimit:     2684136 kB
Committed_AS:   140435748 kB
VmallocTotal:   251658176 kB
VmallocUsed:      329652 kB
VmallocChunk:   247561408 kB
Time pass: 325 sec

---2015-12-18 17:09:26
MemTotal:        2746844 kB
MemFree:           79424 kB
Buffers:            9748 kB
Cached:           729928 kB
SwapCached:         5628 kB
Active:           773116 kB
Inactive:         767440 kB
Active(anon):     411992 kB
Inactive(anon):   409840 kB
Active(file):     361124 kB
Inactive(file):   357600 kB
Unevictable:       35812 kB
Mlocked:           27768 kB
SwapTotal:       1310716 kB
SwapFree:        1147364 kB
Dirty:                44 kB
Writeback:             0 kB
AnonPages:        832848 kB
Mapped:           466628 kB
Shmem:              1840 kB
Slab:             109996 kB
SReclaimable:      31780 kB
SUnreclaim:        78216 kB
KernelStack:       33840 kB
PageTables:        57664 kB
NFS_Unstable:          0 kB
Bounce:                0 kB
WritebackTmp:          0 kB
CommitLimit:     2684136 kB
Committed_AS:   140435740 kB
VmallocTotal:   251658176 kB
VmallocUsed:      329652 kB
VmallocChunk:   247561408 kB
Time pass: 328 sec

---2015-12-18 17:09:26
MemTotal:        2746844 kB
MemFree:           79236 kB
Buffers:            9764 kB
Cached:           729932 kB
SwapCached:         5628 kB
Active:           773636 kB
Inactive:         767460 kB
Active(anon):     412512 kB
Inactive(anon):   409844 kB
Active(file):     361124 kB
Inactive(file):   357616 kB
Unevictable:       35812 kB
Mlocked:           27768 kB
SwapTotal:       1310716 kB
SwapFree:        1147396 kB
Dirty:                48 kB
Writeback:             0 kB
AnonPages:        834008 kB
Mapped:           466724 kB
Shmem:              1844 kB
Slab:             110004 kB
SReclaimable:      31780 kB
SUnreclaim:        78224 kB
KernelStack:       33840 kB
PageTables:        57720 kB
NFS_Unstable:          0 kB
Bounce:                0 kB
WritebackTmp:          0 kB
CommitLimit:     2684136 kB
Committed_AS:   140435756 kB
VmallocTotal:   251658176 kB
VmallocUsed:      329652 kB
VmallocChunk:   247561408 kB
Time pass: 332 sec

---2015-12-18 17:09:26
MemTotal:        2746844 kB
MemFree:           78556 kB
Buffers:            9780 kB
Cached:           729952 kB
SwapCached:         5628 kB
Active:           774496 kB
Inactive:         767500 kB
Active(anon):     413372 kB
Inactive(anon):   409864 kB
Active(file):     361124 kB
Inactive(file):   357636 kB
Unevictable:       35812 kB
Mlocked:           27768 kB
SwapTotal:       1310716 kB
SwapFree:        1147396 kB
Dirty:                 0 kB
Writeback:             0 kB
AnonPages:        834844 kB
Mapped:           466744 kB
Shmem:              1864 kB
Slab:             110004 kB
SReclaimable:      31780 kB
SUnreclaim:        78224 kB
KernelStack:       33824 kB
PageTables:        57720 kB
NFS_Unstable:          0 kB
Bounce:                0 kB
WritebackTmp:          0 kB
CommitLimit:     2684136 kB
Committed_AS:   140435796 kB
VmallocTotal:   251658176 kB
VmallocUsed:      329652 kB
VmallocChunk:   247561408 kB
Time pass: 335 sec

---2015-12-18 17:09:26
MemTotal:        2746844 kB
MemFree:           77556 kB
Buffers:            9788 kB
Cached:           730188 kB
SwapCached:         5628 kB
Active:           774872 kB
Inactive:         767712 kB
Active(anon):     413732 kB
Inactive(anon):   409956 kB
Active(file):     361140 kB
Inactive(file):   357756 kB
Unevictable:       35812 kB
Mlocked:           27768 kB
SwapTotal:       1310716 kB
SwapFree:        1147396 kB
Dirty:                44 kB
Writeback:             0 kB
AnonPages:        835044 kB
Mapped:           466772 kB
Shmem:              1972 kB
Slab:             109956 kB
SReclaimable:      31780 kB
SUnreclaim:        78176 kB
KernelStack:       33824 kB
PageTables:        57664 kB
NFS_Unstable:          0 kB
Bounce:                0 kB
WritebackTmp:          0 kB
CommitLimit:     2684136 kB
Committed_AS:   140435764 kB
VmallocTotal:   251658176 kB
VmallocUsed:      329652 kB
VmallocChunk:   247561408 kB
Time pass: 339 sec

---2015-12-18 17:09:26
MemTotal:        2746844 kB
MemFree:           76952 kB
Buffers:            9804 kB
Cached:           730188 kB
SwapCached:         5628 kB
Active:           775924 kB
Inactive:         767716 kB
Active(anon):     414784 kB
Inactive(anon):   409944 kB
Active(file):     361140 kB
Inactive(file):   357772 kB
Unevictable:       35812 kB
Mlocked:           27768 kB
SwapTotal:       1310716 kB
SwapFree:        1147396 kB
Dirty:                48 kB
Writeback:             0 kB
AnonPages:        835796 kB
Mapped:           466776 kB
Shmem:              1972 kB
Slab:             110088 kB
SReclaimable:      31780 kB
SUnreclaim:        78308 kB
KernelStack:       33776 kB
PageTables:        57692 kB
NFS_Unstable:          0 kB
Bounce:                0 kB
WritebackTmp:          0 kB
CommitLimit:     2684136 kB
Committed_AS:   140435692 kB
VmallocTotal:   251658176 kB
VmallocUsed:      329652 kB
VmallocChunk:   247561408 kB
Time pass: 342 sec

---2015-12-18 17:09:26
MemTotal:        2746844 kB
MemFree:           77068 kB
Buffers:            9812 kB
Cached:           730180 kB
SwapCached:         5628 kB
Active:           776656 kB
Inactive:         767712 kB
Active(anon):     415516 kB
Inactive(anon):   409944 kB
Active(file):     361140 kB
Inactive(file):   357768 kB
Unevictable:       35812 kB
Mlocked:           27768 kB
SwapTotal:       1310716 kB
SwapFree:        1147396 kB
Dirty:                52 kB
Writeback:             0 kB
AnonPages:        836468 kB
Mapped:           466776 kB
Shmem:              1972 kB
Slab:             110072 kB
SReclaimable:      31780 kB
SUnreclaim:        78292 kB
KernelStack:       33776 kB
PageTables:        57668 kB
NFS_Unstable:          0 kB
Bounce:                0 kB
WritebackTmp:          0 kB
CommitLimit:     2684136 kB
Committed_AS:   140435676 kB
VmallocTotal:   251658176 kB
VmallocUsed:      329652 kB
VmallocChunk:   247561408 kB
Time pass: 346 sec

---2015-12-18 17:09:26
MemTotal:        2746844 kB
MemFree:           75140 kB
Buffers:            9860 kB
Cached:           730156 kB
SwapCached:         5628 kB
Active:           778524 kB
Inactive:         767684 kB
Active(anon):     417384 kB
Inactive(anon):   409908 kB
Active(file):     361140 kB
Inactive(file):   357776 kB
Unevictable:       35812 kB
Mlocked:           27768 kB
SwapTotal:       1310716 kB
SwapFree:        1147396 kB
Dirty:                44 kB
Writeback:             0 kB
AnonPages:        838296 kB
Mapped:           466776 kB
Shmem:              1972 kB
Slab:             110060 kB
SReclaimable:      31780 kB
SUnreclaim:        78280 kB
KernelStack:       33776 kB
PageTables:        57664 kB
NFS_Unstable:          0 kB
Bounce:                0 kB
WritebackTmp:          0 kB
CommitLimit:     2684136 kB
Committed_AS:   140435700 kB
VmallocTotal:   251658176 kB
VmallocUsed:      329652 kB
VmallocChunk:   247561408 kB
Time pass: 349 sec

---2015-12-18 17:09:26
MemTotal:        2746844 kB
MemFree:           76368 kB
Buffers:            9868 kB
Cached:           730188 kB
SwapCached:         5628 kB
Active:           777668 kB
Inactive:         767744 kB
Active(anon):     416528 kB
Inactive(anon):   409908 kB
Active(file):     361140 kB
Inactive(file):   357836 kB
Unevictable:       35812 kB
Mlocked:           27768 kB
SwapTotal:       1310716 kB
SwapFree:        1147396 kB
Dirty:                84 kB
Writeback:             0 kB
AnonPages:        838136 kB
Mapped:           466776 kB
Shmem:              1972 kB
Slab:             109988 kB
SReclaimable:      31780 kB
SUnreclaim:        78208 kB
KernelStack:       33776 kB
