---2015-10-25 15:24:01
MemTotal:        1959952 kB
MemFree:          127116 kB
Buffers:           11028 kB
Cached:           915128 kB
SwapCached:         8852 kB
Active:           922212 kB
Inactive:         557260 kB
Active(anon):     347720 kB
Inactive(anon):   207988 kB
Active(file):     574492 kB
Inactive(file):   349272 kB
Unevictable:        1768 kB
Mlocked:               0 kB
HighTotal:       1372556 kB
HighFree:          50272 kB
LowTotal:         587396 kB
LowFree:           76844 kB
SwapTotal:        262140 kB
SwapFree:         145560 kB
Dirty:              5592 kB
Writeback:             0 kB
AnonPages:        554352 kB
Mapped:           224448 kB
Shmem:               624 kB
Slab:              67516 kB
SReclaimable:      19956 kB
SUnreclaim:        47560 kB
KernelStack:       16312 kB
PageTables:        27020 kB
NFS_Unstable:          0 kB
Bounce:                0 kB
WritebackTmp:          0 kB
CommitLimit:     1242116 kB
Committed_AS:   53391728 kB
VmallocTotal:     409600 kB
VmallocUsed:       31228 kB
VmallocChunk:      81948 kB
Time pass: 3 sec

---2015-10-25 15:24:01
MemTotal:        1959952 kB
MemFree:          126776 kB
Buffers:           11028 kB
Cached:           915128 kB
SwapCached:         8852 kB
Active:           922476 kB
Inactive:         557256 kB
Active(anon):     347980 kB
Inactive(anon):   207988 kB
Active(file):     574496 kB
Inactive(file):   349268 kB
Unevictable:        1768 kB
Mlocked:               0 kB
HighTotal:       1372556 kB
HighFree:          49932 kB
LowTotal:         587396 kB
LowFree:           76844 kB
SwapTotal:        262140 kB
SwapFree:         145560 kB
Dirty:              5592 kB
Writeback:             0 kB
AnonPages:        554688 kB
Mapped:           224448 kB
Shmem:               624 kB
Slab:              67516 kB
SReclaimable:      19956 kB
SUnreclaim:        47560 kB
KernelStack:       16312 kB
PageTables:        27020 kB
NFS_Unstable:          0 kB
Bounce:                0 kB
WritebackTmp:          0 kB
CommitLimit:     1242116 kB
Committed_AS:   53392280 kB
VmallocTotal:     409600 kB
VmallocUsed:       31228 kB
VmallocChunk:      81948 kB
Time pass: 7 sec

---2015-10-25 15:24:01
MemTotal:        1959952 kB
MemFree:          126576 kB
Buffers:           11028 kB
Cached:           915128 kB
SwapCached:         8852 kB
Active:           922604 kB
Inactive:         557256 kB
Active(anon):     348108 kB
Inactive(anon):   207988 kB
Active(file):     574496 kB
Inactive(file):   349268 kB
Unevictable:        1768 kB
Mlocked:               0 kB
HighTotal:       1372556 kB
HighFree:          49856 kB
LowTotal:         587396 kB
LowFree:           76720 kB
SwapTotal:        262140 kB
SwapFree:         145560 kB
Dirty:              5592 kB
Writeback:             0 kB
AnonPages:        554768 kB
Mapped:           224448 kB
Shmem:               624 kB
Slab:              67524 kB
SReclaimable:      19956 kB
SUnreclaim:        47568 kB
KernelStack:       16312 kB
PageTables:        27020 kB
NFS_Unstable:          0 kB
Bounce:                0 kB
WritebackTmp:          0 kB
CommitLimit:     1242116 kB
Committed_AS:   53392336 kB
VmallocTotal:     409600 kB
VmallocUsed:       31228 kB
VmallocChunk:      81948 kB
Time pass: 11 sec

---2015-10-25 15:24:01
MemTotal:        1959952 kB
MemFree:          126428 kB
Buffers:           11028 kB
Cached:           915128 kB
SwapCached:         8852 kB
Active:           922692 kB
Inactive:         557256 kB
Active(anon):     348196 kB
Inactive(anon):   207988 kB
Active(file):     574496 kB
Inactive(file):   349268 kB
Unevictable:        1768 kB
Mlocked:               0 kB
HighTotal:       1372556 kB
HighFree:          49708 kB
LowTotal:         587396 kB
LowFree:           76720 kB
SwapTotal:        262140 kB
SwapFree:         145560 kB
Dirty:              5592 kB
Writeback:             0 kB
AnonPages:        554868 kB
Mapped:           224448 kB
Shmem:               624 kB
Slab:              67524 kB
SReclaimable:      19956 kB
SUnreclaim:        47568 kB
KernelStack:       16312 kB
PageTables:        27020 kB
NFS_Unstable:          0 kB
Bounce:                0 kB
WritebackTmp:          0 kB
CommitLimit:     1242116 kB
Committed_AS:   53392340 kB
VmallocTotal:     409600 kB
VmallocUsed:       31228 kB
VmallocChunk:      81948 kB
Time pass: 14 sec

---2015-10-25 15:24:01
MemTotal:        1959952 kB
MemFree:          126616 kB
Buffers:           11028 kB
Cached:           915128 kB
SwapCached:         8852 kB
Active:           922740 kB
Inactive:         557256 kB
Active(anon):     348244 kB
Inactive(anon):   207988 kB
Active(file):     574496 kB
Inactive(file):   349268 kB
Unevictable:        1768 kB
Mlocked:               0 kB
HighTotal:       1372556 kB
HighFree:          49788 kB
LowTotal:         587396 kB
LowFree:           76828 kB
SwapTotal:        262140 kB
SwapFree:         145560 kB
Dirty:              5592 kB
Writeback:             0 kB
AnonPages:        554828 kB
Mapped:           224448 kB
Shmem:               624 kB
Slab:              67556 kB
SReclaimable:      19956 kB
SUnreclaim:        47600 kB
KernelStack:       16312 kB
PageTables:        27020 kB
NFS_Unstable:          0 kB
Bounce:                0 kB
WritebackTmp:          0 kB
CommitLimit:     1242116 kB
Committed_AS:   53392504 kB
VmallocTotal:     409600 kB
VmallocUsed:       31228 kB
VmallocChunk:      81948 kB
Time pass: 18 sec

---2015-10-25 15:24:01
MemTotal:        1959952 kB
MemFree:          126368 kB
Buffers:           11028 kB
Cached:           915124 kB
SwapCached:         8852 kB
Active:           922844 kB
Inactive:         557256 kB
Active(anon):     348352 kB
Inactive(anon):   207988 kB
Active(file):     574492 kB
Inactive(file):   349268 kB
Unevictable:        1768 kB
Mlocked:               0 kB
HighTotal:       1372556 kB
HighFree:          49588 kB
LowTotal:         587396 kB
LowFree:           76780 kB
SwapTotal:        262140 kB
SwapFree:         145560 kB
Dirty:              5592 kB
Writeback:             0 kB
AnonPages:        554928 kB
Mapped:           224448 kB
Shmem:               624 kB
Slab:              67600 kB
SReclaimable:      19956 kB
SUnreclaim:        47644 kB
KernelStack:       16312 kB
PageTables:        27020 kB
NFS_Unstable:          0 kB
Bounce:                0 kB
WritebackTmp:          0 kB
CommitLimit:     1242116 kB
Committed_AS:   53392504 kB
VmallocTotal:     409600 kB
VmallocUsed:       31228 kB
VmallocChunk:      81948 kB
Time pass: 21 sec

---2015-10-25 15:24:01
MemTotal:        1959952 kB
MemFree:          126108 kB
Buffers:           11028 kB
Cached:           915124 kB
SwapCached:         8852 kB
Active:           923116 kB
Inactive:         557256 kB
Active(anon):     348624 kB
Inactive(anon):   207988 kB
Active(file):     574492 kB
Inactive(file):   349268 kB
Unevictable:        1768 kB
Mlocked:               0 kB
HighTotal:       1372556 kB
HighFree:          49352 kB
LowTotal:         587396 kB
LowFree:           76756 kB
SwapTotal:        262140 kB
SwapFree:         145560 kB
Dirty:              5596 kB
Writeback:             0 kB
AnonPages:        555300 kB
Mapped:           224460 kB
Shmem:               624 kB
Slab:              67588 kB
SReclaimable:      19956 kB
SUnreclaim:        47632 kB
KernelStack:       16320 kB
PageTables:        27032 kB
NFS_Unstable:          0 kB
Bounce:                0 kB
WritebackTmp:          0 kB
CommitLimit:     1242116 kB
Committed_AS:   53392700 kB
VmallocTotal:     409600 kB
VmallocUsed:       31228 kB
VmallocChunk:      81948 kB
Time pass: 25 sec

---2015-10-25 15:24:01
MemTotal:        1959952 kB
MemFree:          126112 kB
Buffers:           11028 kB
Cached:           915124 kB
SwapCached:         8852 kB
Active:           923332 kB
Inactive:         557256 kB
Active(anon):     348840 kB
Inactive(anon):   207988 kB
Active(file):     574492 kB
Inactive(file):   349268 kB
Unevictable:        1768 kB
Mlocked:               0 kB
HighTotal:       1372556 kB
HighFree:          49388 kB
LowTotal:         587396 kB
LowFree:           76724 kB
SwapTotal:        262140 kB
SwapFree:         145560 kB
Dirty:              5596 kB
Writeback:             0 kB
AnonPages:        555472 kB
Mapped:           224580 kB
Shmem:               624 kB
Slab:              67588 kB
SReclaimable:      19956 kB
SUnreclaim:        47632 kB
KernelStack:       16336 kB
PageTables:        27044 kB
NFS_Unstable:          0 kB
Bounce:                0 kB
WritebackTmp:          0 kB
CommitLimit:     1242116 kB
Committed_AS:   53392960 kB
VmallocTotal:     409600 kB
VmallocUsed:       31228 kB
VmallocChunk:      81948 kB
Time pass: 28 sec

---2015-10-25 15:24:01
MemTotal:        1959952 kB
MemFree:          121356 kB
Buffers:           11028 kB
Cached:           915148 kB
SwapCached:         8852 kB
Active:           928832 kB
Inactive:         557268 kB
Active(anon):     354328 kB
Inactive(anon):   207988 kB
Active(file):     574504 kB
Inactive(file):   349280 kB
Unevictable:        1768 kB
Mlocked:               0 kB
HighTotal:       1372556 kB
HighFree:          44716 kB
LowTotal:         587396 kB
LowFree:           76640 kB
SwapTotal:        262140 kB
SwapFree:         145560 kB
Dirty:              5636 kB
Writeback:             0 kB
AnonPages:        561104 kB
Mapped:           224408 kB
Shmem:               624 kB
Slab:              67592 kB
SReclaimable:      19956 kB
SUnreclaim:        47636 kB
KernelStack:       16328 kB
PageTables:        27024 kB
NFS_Unstable:          0 kB
Bounce:                0 kB
WritebackTmp:          0 kB
CommitLimit:     1242116 kB
Committed_AS:   53395332 kB
VmallocTotal:     409600 kB
VmallocUsed:       31228 kB
VmallocChunk:      81948 kB
Time pass: 32 sec

---2015-10-25 15:24:01
MemTotal:        1959952 kB
MemFree:          120692 kB
Buffers:           11028 kB
Cached:           915148 kB
SwapCached:         8852 kB
Active:           929040 kB
Inactive:         557268 kB
Active(anon):     354536 kB
Inactive(anon):   207988 kB
Active(file):     574504 kB
Inactive(file):   349280 kB
Unevictable:        1768 kB
Mlocked:               0 kB
HighTotal:       1372556 kB
HighFree:          44084 kB
LowTotal:         587396 kB
LowFree:           76608 kB
SwapTotal:        262140 kB
SwapFree:         145560 kB
Dirty:              5608 kB
Writeback:             0 kB
AnonPages:        561160 kB
Mapped:           224420 kB
Shmem:               624 kB
Slab:              67592 kB
SReclaimable:      19956 kB
SUnreclaim:        47636 kB
KernelStack:       16344 kB
PageTables:        27032 kB
NFS_Unstable:          0 kB
Bounce:                0 kB
WritebackTmp:          0 kB
CommitLimit:     1242116 kB
Committed_AS:   53395444 kB
VmallocTotal:     409600 kB
VmallocUsed:       31228 kB
VmallocChunk:      81948 kB
Time pass: 35 sec

---2015-10-25 15:24:01
MemTotal:        1959952 kB
MemFree:          120312 kB
Buffers:           11028 kB
Cached:           915148 kB
SwapCached:         8852 kB
Active:           929072 kB
Inactive:         557268 kB
Active(anon):     354568 kB
Inactive(anon):   207988 kB
Active(file):     574504 kB
Inactive(file):   349280 kB
Unevictable:        1768 kB
Mlocked:               0 kB
HighTotal:       1372556 kB
HighFree:          43712 kB
LowTotal:         587396 kB
LowFree:           76600 kB
SwapTotal:        262140 kB
SwapFree:         145560 kB
Dirty:              5608 kB
Writeback:             0 kB
AnonPages:        561132 kB
Mapped:           224408 kB
Shmem:               624 kB
Slab:              67624 kB
SReclaimable:      19956 kB
SUnreclaim:        47668 kB
KernelStack:       16336 kB
PageTables:        27024 kB
NFS_Unstable:          0 kB
Bounce:                0 kB
WritebackTmp:          0 kB
CommitLimit:     1242116 kB
Committed_AS:   53395480 kB
VmallocTotal:     409600 kB
VmallocUsed:       31228 kB
VmallocChunk:      81948 kB
Time pass: 39 sec

---2015-10-25 15:24:01
MemTotal:        1959952 kB
MemFree:          120048 kB
Buffers:           11028 kB
Cached:           915148 kB
SwapCached:         8852 kB
Active:           929124 kB
Inactive:         557268 kB
Active(anon):     354620 kB
Inactive(anon):   207988 kB
Active(file):     574504 kB
Inactive(file):   349280 kB
Unevictable:        1768 kB
Mlocked:               0 kB
HighTotal:       1372556 kB
HighFree:          43572 kB
LowTotal:         587396 kB
LowFree:           76476 kB
SwapTotal:        262140 kB
SwapFree:         145560 kB
Dirty:              5608 kB
Writeback:             0 kB
AnonPages:        561372 kB
Mapped:           224408 kB
Shmem:               624 kB
Slab:              67624 kB
SReclaimable:      19956 kB
SUnreclaim:        47668 kB
KernelStack:       16336 kB
PageTables:        27024 kB
NFS_Unstable:          0 kB
Bounce:                0 kB
WritebackTmp:          0 kB
CommitLimit:     1242116 kB
Committed_AS:   53395584 kB
VmallocTotal:     409600 kB
VmallocUsed:       31228 kB
VmallocChunk:      81948 kB
Time pass: 43 sec

---2015-10-25 15:24:01
MemTotal:        1959952 kB
MemFree:          119752 kB
Buffers:           11028 kB
Cached:           915148 kB
SwapCached:         8852 kB
Active:           929396 kB
Inactive:         557268 kB
Active(anon):     354892 kB
Inactive(anon):   207988 kB
Active(file):     574504 kB
Inactive(file):   349280 kB
Unevictable:        1768 kB
Mlocked:               0 kB
HighTotal:       1372556 kB
HighFree:          43276 kB
LowTotal:         587396 kB
LowFree:           76476 kB
SwapTotal:        262140 kB
SwapFree:         145560 kB
Dirty:              5608 kB
Writeback:             0 kB
AnonPages:        561424 kB
Mapped:           224408 kB
Shmem:               624 kB
Slab:              67668 kB
SReclaimable:      19956 kB
SUnreclaim:        47712 kB
KernelStack:       16336 kB
PageTables:        27024 kB
NFS_Unstable:          0 kB
Bounce:                0 kB
WritebackTmp:          0 kB
CommitLimit:     1242116 kB
Committed_AS:   53396008 kB
VmallocTotal:     409600 kB
VmallocUsed:       31228 kB
VmallocChunk:      81948 kB
Time pass: 46 sec

---2015-10-25 15:24:01
MemTotal:        1959952 kB
MemFree:          119624 kB
Buffers:           11028 kB
Cached:           915148 kB
SwapCached:         8852 kB
Active:           929456 kB
Inactive:         557268 kB
Active(anon):     354952 kB
Inactive(anon):   207988 kB
Active(file):     574504 kB
Inactive(file):   349280 kB
Unevictable:        1768 kB
Mlocked:               0 kB
HighTotal:       1372556 kB
HighFree:          43180 kB
LowTotal:         587396 kB
LowFree:           76444 kB
SwapTotal:        262140 kB
SwapFree:         145560 kB
Dirty:              5608 kB
Writeback:             0 kB
AnonPages:        561508 kB
Mapped:           224408 kB
Shmem:               624 kB
Slab:              67628 kB
SReclaimable:      19956 kB
SUnreclaim:        47672 kB
KernelStack:       16336 kB
PageTables:        27024 kB
NFS_Unstable:          0 kB
Bounce:                0 kB
WritebackTmp:          0 kB
CommitLimit:     1242116 kB
Committed_AS:   53395980 kB
VmallocTotal:     409600 kB
VmallocUsed:       31228 kB
VmallocChunk:      81948 kB
Time pass: 50 sec

---2015-10-25 15:24:01
MemTotal:        1959952 kB
MemFree:          119440 kB
Buffers:           11028 kB
Cached:           915148 kB
SwapCached:         8852 kB
Active:           929804 kB
Inactive:         557268 kB
Active(anon):     355300 kB
Inactive(anon):   207988 kB
Active(file):     574504 kB
Inactive(file):   349280 kB
Unevictable:        1768 kB
Mlocked:               0 kB
HighTotal:       1372556 kB
HighFree:          43004 kB
LowTotal:         587396 kB
LowFree:           76436 kB
SwapTotal:        262140 kB
SwapFree:         145560 kB
Dirty:              5608 kB
Writeback:             0 kB
AnonPages:        561620 kB
Mapped:           224420 kB
Shmem:               624 kB
Slab:              67628 kB
SReclaimable:      19956 kB
SUnreclaim:        47672 kB
KernelStack:       16344 kB
PageTables:        27040 kB
NFS_Unstable:          0 kB
Bounce:                0 kB
WritebackTmp:          0 kB
CommitLimit:     1242116 kB
Committed_AS:   53396076 kB
VmallocTotal:     409600 kB
VmallocUsed:       31228 kB
VmallocChunk:      81948 kB
Time pass: 54 sec

---2015-10-25 15:24:01
MemTotal:        1959952 kB
MemFree:          119116 kB
Buffers:           11028 kB
Cached:           915148 kB
SwapCached:         8852 kB
Active:           929804 kB
Inactive:         557268 kB
Active(anon):     355300 kB
Inactive(anon):   207988 kB
Active(file):     574504 kB
Inactive(file):   349280 kB
Unevictable:        1768 kB
Mlocked:               0 kB
HighTotal:       1372556 kB
HighFree:          42672 kB
LowTotal:         587396 kB
LowFree:           76444 kB
SwapTotal:        262140 kB
SwapFree:         145560 kB
Dirty:              5608 kB
Writeback:             0 kB
AnonPages:        562136 kB
Mapped:           224416 kB
Shmem:               624 kB
Slab:              67660 kB
SReclaimable:      19956 kB
SUnreclaim:        47704 kB
KernelStack:       16336 kB
PageTables:        27024 kB
NFS_Unstable:          0 kB
Bounce:                0 kB
WritebackTmp:          0 kB
CommitLimit:     1242116 kB
Committed_AS:   53396368 kB
VmallocTotal:     409600 kB
VmallocUsed:       31228 kB
VmallocChunk:      81948 kB
Time pass: 57 sec

---2015-10-25 15:24:01
MemTotal:        1959952 kB
MemFree:          118716 kB
Buffers:           11028 kB
Cached:           915148 kB
SwapCached:         8852 kB
Active:           929956 kB
Inactive:         557268 kB
Active(anon):     355452 kB
Inactive(anon):   207988 kB
Active(file):     574504 kB
Inactive(file):   349280 kB
Unevictable:        1768 kB
Mlocked:               0 kB
HighTotal:       1372556 kB
HighFree:          42272 kB
LowTotal:         587396 kB
LowFree:           76444 kB
SwapTotal:        262140 kB
SwapFree:         145560 kB
Dirty:              5608 kB
Writeback:             0 kB
AnonPages:        561880 kB
Mapped:           224416 kB
Shmem:               624 kB
Slab:              67660 kB
SReclaimable:      19956 kB
SUnreclaim:        47704 kB
KernelStack:       16336 kB
PageTables:        27024 kB
NFS_Unstable:          0 kB
Bounce:                0 kB
WritebackTmp:          0 kB
CommitLimit:     1242116 kB
Committed_AS:   53396332 kB
VmallocTotal:     409600 kB
VmallocUsed:       31228 kB
VmallocChunk:      81948 kB
Time pass: 61 sec

---2015-10-25 15:24:01
MemTotal:        1959952 kB
MemFree:          118280 kB
Buffers:           11028 kB
Cached:           915152 kB
SwapCached:         8852 kB
Active:           930420 kB
Inactive:         557272 kB
Active(anon):     355916 kB
Inactive(anon):   207988 kB
Active(file):     574504 kB
Inactive(file):   349284 kB
Unevictable:        1768 kB
Mlocked:               0 kB
HighTotal:       1372556 kB
HighFree:          41952 kB
LowTotal:         587396 kB
LowFree:           76328 kB
SwapTotal:        262140 kB
SwapFree:         145560 kB
Dirty:              5604 kB
Writeback:             0 kB
AnonPages:        562492 kB
Mapped:           224456 kB
Shmem:               624 kB
Slab:              67664 kB
SReclaimable:      19956 kB
SUnreclaim:        47708 kB
KernelStack:       16320 kB
PageTables:        27020 kB
NFS_Unstable:          0 kB
Bounce:                0 kB
WritebackTmp:          0 kB
CommitLimit:     1242116 kB
Committed_AS:   53396784 kB
VmallocTotal:     409600 kB
VmallocUsed:       31228 kB
VmallocChunk:      81948 kB
Time pass: 64 sec

---2015-10-25 15:24:01
MemTotal:        1959952 kB
MemFree:          118576 kB
Buffers:           11028 kB
Cached:           915152 kB
SwapCached:         8852 kB
Active:           930504 kB
Inactive:         557272 kB
Active(anon):     356000 kB
Inactive(anon):   207988 kB
Active(file):     574504 kB
Inactive(file):   349284 kB
Unevictable:        1768 kB
Mlocked:               0 kB
HighTotal:       1372556 kB
HighFree:          42240 kB
LowTotal:         587396 kB
LowFree:           76336 kB
SwapTotal:        262140 kB
SwapFree:         145560 kB
Dirty:              5604 kB
Writeback:             0 kB
AnonPages:        562344 kB
Mapped:           224456 kB
Shmem:               624 kB
Slab:              67664 kB
SReclaimable:      19956 kB
SUnreclaim:        47708 kB
KernelStack:       16320 kB
PageTables:        27020 kB
NFS_Unstable:          0 kB
Bounce:                0 kB
WritebackTmp:          0 kB
CommitLimit:     1242116 kB
Committed_AS:   53396856 kB
VmallocTotal:     409600 kB
VmallocUsed:       31228 kB
VmallocChunk:      81948 kB
Time pass: 68 sec

---2015-10-25 15:24:01
MemTotal:        1959952 kB
MemFree:          118420 kB
Buffers:           11028 kB
Cached:           915152 kB
SwapCached:         8852 kB
Active:           930404 kB
Inactive:         557272 kB
Active(anon):     355900 kB
Inactive(anon):   207988 kB
Active(file):     574504 kB
Inactive(file):   349284 kB
Unevictable:        1768 kB
Mlocked:               0 kB
HighTotal:       1372556 kB
HighFree:          42084 kB
LowTotal:         587396 kB
LowFree:           76336 kB
SwapTotal:        262140 kB
SwapFree:         145560 kB
Dirty:              5604 kB
Writeback:             0 kB
AnonPages:        562656 kB
Mapped:           224456 kB
Shmem:               624 kB
Slab:              67668 kB
SReclaimable:      19956 kB
SUnreclaim:        47712 kB
KernelStack:       16320 kB
PageTables:        27016 kB
NFS_Unstable:          0 kB
Bounce:                0 kB
WritebackTmp:          0 kB
CommitLimit:     1242116 kB
Committed_AS:   53396944 kB
VmallocTotal:     409600 kB
VmallocUsed:       31228 kB
VmallocChunk:      81948 kB
Time pass: 72 sec

---2015-10-25 15:24:01
MemTotal:        1959952 kB
MemFree:          118172 kB
Buffers:           11028 kB
Cached:           915152 kB
SwapCached:         8852 kB
Active:           930492 kB
Inactive:         557272 kB
Active(anon):     355988 kB
Inactive(anon):   207988 kB
Active(file):     574504 kB
Inactive(file):   349284 kB
Unevictable:        1768 kB
Mlocked:               0 kB
HighTotal:       1372556 kB
HighFree:          41836 kB
LowTotal:         587396 kB
LowFree:           76336 kB
SwapTotal:        262140 kB
SwapFree:         145560 kB
Dirty:              5604 kB
Writeback:             0 kB
AnonPages:        562764 kB
Mapped:           224472 kB
Shmem:               624 kB
Slab:              67676 kB
SReclaimable:      19956 kB
SUnreclaim:        47720 kB
KernelStack:       16320 kB
PageTables:        27020 kB
NFS_Unstable:          0 kB
Bounce:                0 kB
WritebackTmp:          0 kB
CommitLimit:     1242116 kB
Committed_AS:   53397016 kB
VmallocTotal:     409600 kB
VmallocUsed:       31228 kB
VmallocChunk:      81948 kB
Time pass: 75 sec

---2015-10-25 15:24:01
MemTotal:        1959952 kB
MemFree:          118016 kB
Buffers:           11028 kB
Cached:           915152 kB
SwapCached:         8852 kB
Active:           930592 kB
Inactive:         557272 kB
Active(anon):     356088 kB
Inactive(anon):   207988 kB
Active(file):     574504 kB
Inactive(file):   349284 kB
Unevictable:        1768 kB
Mlocked:               0 kB
HighTotal:       1372556 kB
HighFree:          41712 kB
LowTotal:         587396 kB
LowFree:           76304 kB
SwapTotal:        262140 kB
SwapFree:         145560 kB
Dirty:              5604 kB
Writeback:             0 kB
AnonPages:        562868 kB
Mapped:           224472 kB
Shmem:               624 kB
Slab:              67740 kB
SReclaimable:      19956 kB
SUnreclaim:        47784 kB
KernelStack:       16320 kB
PageTables:        27020 kB
NFS_Unstable:          0 kB
Bounce:                0 kB
WritebackTmp:          0 kB
CommitLimit:     1242116 kB
Committed_AS:   53397036 kB
VmallocTotal:     409600 kB
VmallocUsed:       31228 kB
VmallocChunk:      81948 kB
Time pass: 79 sec

---2015-10-25 15:24:01
MemTotal:        1959952 kB
MemFree:          118416 kB
Buffers:           11028 kB
Cached:           915152 kB
SwapCached:         8852 kB
Active:           930528 kB
Inactive:         557272 kB
Active(anon):     356024 kB
Inactive(anon):   207988 kB
Active(file):     574504 kB
Inactive(file):   349284 kB
Unevictable:        1768 kB
Mlocked:               0 kB
HighTotal:       1372556 kB
HighFree:          42112 kB
LowTotal:         587396 kB
LowFree:           76304 kB
SwapTotal:        262140 kB
SwapFree:         145560 kB
Dirty:              5604 kB
Writeback:             0 kB
AnonPages:        562552 kB
Mapped:           224472 kB
Shmem:               624 kB
Slab:              67700 kB
SReclaimable:      19956 kB
SUnreclaim:        47744 kB
KernelStack:       16320 kB
PageTables:        27020 kB
NFS_Unstable:          0 kB
Bounce:                0 kB
WritebackTmp:          0 kB
CommitLimit:     1242116 kB
Committed_AS:   53397256 kB
VmallocTotal:     409600 kB
VmallocUsed:       31228 kB
VmallocChunk:      81948 kB
Time pass: 83 sec

---2015-10-25 15:24:01
MemTotal:        1959952 kB
MemFree:          119224 kB
Buffers:           11028 kB
Cached:           915668 kB
SwapCached:         8852 kB
Active:           929388 kB
Inactive:         557172 kB
Active(anon):     354388 kB
Inactive(anon):   207988 kB
Active(file):     575000 kB
Inactive(file):   349184 kB
Unevictable:        1768 kB
Mlocked:               0 kB
HighTotal:       1372556 kB
HighFree:          42820 kB
LowTotal:         587396 kB
LowFree:           76404 kB
SwapTotal:        262140 kB
SwapFree:         145560 kB
Dirty:              5604 kB
Writeback:             0 kB
AnonPages:        560940 kB
Mapped:           224340 kB
Shmem:               624 kB
Slab:              67700 kB
SReclaimable:      19956 kB
SUnreclaim:        47744 kB
KernelStack:       16336 kB
PageTables:        27088 kB
NFS_Unstable:          0 kB
Bounce:                0 kB
WritebackTmp:          0 kB
CommitLimit:     1242116 kB
Committed_AS:   53394284 kB
VmallocTotal:     409600 kB
VmallocUsed:       31228 kB
VmallocChunk:      81948 kB
Time pass: 86 sec

---2015-10-25 15:24:01
MemTotal:        1959952 kB
MemFree:          107156 kB
Buffers:           11028 kB
Cached:           915992 kB
SwapCached:         8852 kB
Active:           933428 kB
Inactive:         557288 kB
Active(anon):     358180 kB
Inactive(anon):   207988 kB
Active(file):     575248 kB
Inactive(file):   349300 kB
Unevictable:        1768 kB
Mlocked:               0 kB
HighTotal:       1372556 kB
HighFree:          35412 kB
LowTotal:         587396 kB
LowFree:           71744 kB
SwapTotal:        262140 kB
SwapFree:         145560 kB
Dirty:              5604 kB
Writeback:             0 kB
AnonPages:        564816 kB
Mapped:           227612 kB
Shmem:               624 kB
Slab:              67708 kB
SReclaimable:      19964 kB
SUnreclaim:        47744 kB
KernelStack:       16320 kB
PageTables:        27416 kB
NFS_Unstable:          0 kB
Bounce:                0 kB
WritebackTmp:          0 kB
CommitLimit:     1242116 kB
Committed_AS:   56185996 kB
VmallocTotal:     409600 kB
VmallocUsed:       31228 kB
VmallocChunk:      81948 kB
Time pass: 90 sec

---2015-10-25 15:24:01
MemTotal:        1959952 kB
MemFree:           83208 kB
Buffers:            5660 kB
Cached:           891040 kB
SwapCached:         8868 kB
Active:           907896 kB
Inactive:         575208 kB
Active(anon):     379080 kB
Inactive(anon):   209840 kB
Active(file):     528816 kB
Inactive(file):   365368 kB
Unevictable:        1768 kB
Mlocked:               0 kB
HighTotal:       1372556 kB
HighFree:          31636 kB
LowTotal:         587396 kB
LowFree:           51572 kB
SwapTotal:        262140 kB
SwapFree:         143828 kB
Dirty:              6640 kB
Writeback:             0 kB
AnonPages:        587248 kB
Mapped:           243612 kB
Shmem:               748 kB
Slab:              67628 kB
SReclaimable:      20060 kB
SUnreclaim:        47568 kB
KernelStack:       17056 kB
PageTables:        28216 kB
NFS_Unstable:          0 kB
Bounce:                0 kB
WritebackTmp:          0 kB
CommitLimit:     1242116 kB
Committed_AS:   55356812 kB
VmallocTotal:     409600 kB
VmallocUsed:       31396 kB
VmallocChunk:      81948 kB
Time pass: 93 sec

---2015-10-25 15:24:01
MemTotal:        1959952 kB
MemFree:           93348 kB
Buffers:            5460 kB
Cached:           859720 kB
SwapCached:         8900 kB
Active:           883232 kB
Inactive:         572176 kB
Active(anon):     381952 kB
Inactive(anon):   210828 kB
Active(file):     501280 kB
Inactive(file):   361348 kB
Unevictable:        1768 kB
Mlocked:               0 kB
HighTotal:       1372556 kB
HighFree:          38356 kB
LowTotal:         587396 kB
LowFree:           54992 kB
SwapTotal:        262140 kB
SwapFree:         142912 kB
Dirty:              6328 kB
Writeback:             0 kB
AnonPages:        590960 kB
Mapped:           256116 kB
Shmem:               744 kB
Slab:              67784 kB
SReclaimable:      20060 kB
SUnreclaim:        47724 kB
KernelStack:       17192 kB
PageTables:        28352 kB
NFS_Unstable:          0 kB
Bounce:                0 kB
WritebackTmp:          0 kB
CommitLimit:     1242116 kB
Committed_AS:   55367364 kB
VmallocTotal:     409600 kB
VmallocUsed:       31504 kB
VmallocChunk:      81948 kB
Time pass: 97 sec

---2015-10-25 15:24:01
MemTotal:        1959952 kB
MemFree:           91144 kB
Buffers:            5316 kB
Cached:           826908 kB
SwapCached:         8892 kB
Active:           848352 kB
Inactive:         572132 kB
Active(anon):     379572 kB
Inactive(anon):   211200 kB
Active(file):     468780 kB
Inactive(file):   360932 kB
Unevictable:        1768 kB
Mlocked:               0 kB
HighTotal:       1372556 kB
HighFree:          25376 kB
LowTotal:         587396 kB
LowFree:           65768 kB
SwapTotal:        262140 kB
SwapFree:         141572 kB
Dirty:              7508 kB
Writeback:             0 kB
AnonPages:        589148 kB
Mapped:           288396 kB
Shmem:               744 kB
Slab:              67932 kB
SReclaimable:      20104 kB
SUnreclaim:        47828 kB
KernelStack:       17184 kB
PageTables:        28420 kB
NFS_Unstable:          0 kB
Bounce:                0 kB
WritebackTmp:          0 kB
CommitLimit:     1242116 kB
Committed_AS:   55367620 kB
VmallocTotal:     409600 kB
VmallocUsed:       31644 kB
VmallocChunk:      81948 kB
Time pass: 101 sec

---2015-10-25 15:24:01
MemTotal:        1959952 kB
MemFree:           91008 kB
Buffers:            5316 kB
Cached:           826912 kB
SwapCached:         8892 kB
Active:           848544 kB
Inactive:         572104 kB
Active(anon):     379764 kB
Inactive(anon):   211172 kB
Active(file):     468780 kB
Inactive(file):   360932 kB
Unevictable:        1768 kB
Mlocked:               0 kB
HighTotal:       1372556 kB
HighFree:          25396 kB
LowTotal:         587396 kB
LowFree:           65612 kB
SwapTotal:        262140 kB
SwapFree:         141572 kB
Dirty:              7508 kB
Writeback:             0 kB
AnonPages:        589296 kB
Mapped:           288564 kB
Shmem:               744 kB
Slab:              67932 kB
SReclaimable:      20104 kB
SUnreclaim:        47828 kB
KernelStack:       17200 kB
PageTables:        28448 kB
NFS_Unstable:          0 kB
Bounce:                0 kB
WritebackTmp:          0 kB
CommitLimit:     1242116 kB
Committed_AS:   55367664 kB
VmallocTotal:     409600 kB
VmallocUsed:       31644 kB
VmallocChunk:      81948 kB
Time pass: 104 sec

---2015-10-25 15:24:01
MemTotal:        1959952 kB
MemFree:           91132 kB
Buffers:            5316 kB
Cached:           826916 kB
SwapCached:         8892 kB
Active:           848588 kB
Inactive:         572108 kB
Active(anon):     379804 kB
Inactive(anon):   211172 kB
Active(file):     468784 kB
Inactive(file):   360936 kB
Unevictable:        1768 kB
Mlocked:               0 kB
HighTotal:       1372556 kB
HighFree:          25700 kB
LowTotal:         587396 kB
LowFree:           65432 kB
SwapTotal:        262140 kB
SwapFree:         141572 kB
Dirty:              5720 kB
Writeback:             0 kB
AnonPages:        589224 kB
Mapped:           288564 kB
Shmem:               744 kB
Slab:              67960 kB
SReclaimable:      20104 kB
SUnreclaim:        47856 kB
KernelStack:       17200 kB
PageTables:        28448 kB
NFS_Unstable:          0 kB
Bounce:                0 kB
WritebackTmp:          0 kB
CommitLimit:     1242116 kB
Committed_AS:   55367760 kB
VmallocTotal:     409600 kB
VmallocUsed:       31644 kB
VmallocChunk:      81948 kB
Time pass: 108 sec

---2015-10-25 15:24:01
MemTotal:        1959952 kB
MemFree:           88552 kB
Buffers:            5316 kB
Cached:           826920 kB
SwapCached:         8892 kB
Active:           849540 kB
Inactive:         572112 kB
Active(anon):     380756 kB
Inactive(anon):   211172 kB
Active(file):     468784 kB
Inactive(file):   360940 kB
Unevictable:        1768 kB
Mlocked:               0 kB
HighTotal:       1372556 kB
HighFree:          23560 kB
LowTotal:         587396 kB
LowFree:           64992 kB
SwapTotal:        262140 kB
SwapFree:         141572 kB
Dirty:              5724 kB
Writeback:             0 kB
AnonPages:        590244 kB
Mapped:           289540 kB
Shmem:               744 kB
Slab:              67972 kB
SReclaimable:      20104 kB
SUnreclaim:        47868 kB
KernelStack:       17200 kB
PageTables:        28448 kB
NFS_Unstable:          0 kB
Bounce:                0 kB
WritebackTmp:          0 kB
CommitLimit:     1242116 kB
Committed_AS:   55369072 kB
VmallocTotal:     409600 kB
VmallocUsed:       31644 kB
VmallocChunk:      81948 kB
Time pass: 112 sec

---2015-10-25 15:24:01
MemTotal:        1959952 kB
MemFree:           80216 kB
Buffers:            5316 kB
Cached:           827532 kB
SwapCached:         8892 kB
Active:           850624 kB
Inactive:         572456 kB
Active(anon):     381696 kB
Inactive(anon):   211148 kB
Active(file):     468928 kB
Inactive(file):   361308 kB
Unevictable:        1768 kB
Mlocked:               0 kB
HighTotal:       1372556 kB
HighFree:          18980 kB
LowTotal:         587396 kB
LowFree:           61236 kB
SwapTotal:        262140 kB
SwapFree:         141572 kB
Dirty:              6112 kB
Writeback:             0 kB
AnonPages:        591128 kB
Mapped:           293472 kB
Shmem:               744 kB
Slab:              67904 kB
SReclaimable:      20104 kB
SUnreclaim:        47800 kB
KernelStack:       17200 kB
PageTables:        28460 kB
NFS_Unstable:          0 kB
Bounce:                0 kB
WritebackTmp:          0 kB
CommitLimit:     1242116 kB
Committed_AS:   55369352 kB
VmallocTotal:     409600 kB
VmallocUsed:       31656 kB
VmallocChunk:      81948 kB
Time pass: 116 sec

---2015-10-25 15:24:01
MemTotal:        1959952 kB
MemFree:           80392 kB
Buffers:            5316 kB
Cached:           827632 kB
SwapCached:         8892 kB
Active:           850184 kB
Inactive:         572604 kB
Active(anon):     381252 kB
Inactive(anon):   211104 kB
Active(file):     468932 kB
Inactive(file):   361500 kB
Unevictable:        1768 kB
Mlocked:               0 kB
HighTotal:       1372556 kB
HighFree:          19316 kB
LowTotal:         587396 kB
LowFree:           61076 kB
SwapTotal:        262140 kB
SwapFree:         141572 kB
Dirty:              5756 kB
Writeback:             0 kB
AnonPages:        590972 kB
Mapped:           293396 kB
Shmem:               736 kB
Slab:              67968 kB
SReclaimable:      20128 kB
SUnreclaim:        47840 kB
KernelStack:       17184 kB
PageTables:        28436 kB
NFS_Unstable:          0 kB
Bounce:                0 kB
WritebackTmp:          0 kB
CommitLimit:     1242116 kB
Committed_AS:   55364940 kB
VmallocTotal:     409600 kB
VmallocUsed:       31656 kB
VmallocChunk:      81948 kB
Time pass: 120 sec

---2015-10-25 15:24:01
MemTotal:        1959952 kB
MemFree:          102084 kB
Buffers:            5252 kB
Cached:           787596 kB
SwapCached:         8888 kB
Active:           814756 kB
Inactive:         576424 kB
Active(anon):     387824 kB
Inactive(anon):   212644 kB
Active(file):     426932 kB
Inactive(file):   363780 kB
Unevictable:        1768 kB
Mlocked:               0 kB
HighTotal:       1372556 kB
HighFree:          38252 kB
LowTotal:         587396 kB
LowFree:           63832 kB
SwapTotal:        262140 kB
SwapFree:         141136 kB
Dirty:              6088 kB
Writeback:             0 kB
AnonPages:        599040 kB
Mapped:           299984 kB
Shmem:               736 kB
Slab:              68048 kB
SReclaimable:      20136 kB
SUnreclaim:        47912 kB
KernelStack:       17184 kB
PageTables:        28444 kB
NFS_Unstable:          0 kB
Bounce:                0 kB
WritebackTmp:          0 kB
CommitLimit:     1242116 kB
Committed_AS:   55377388 kB
VmallocTotal:     409600 kB
VmallocUsed:       31708 kB
VmallocChunk:      81948 kB
Time pass: 123 sec

---2015-10-25 15:24:01
MemTotal:        1959952 kB
MemFree:          100852 kB
Buffers:            5252 kB
Cached:           787904 kB
SwapCached:         8888 kB
Active:           807660 kB
Inactive:         576528 kB
Active(anon):     380984 kB
Inactive(anon):   212472 kB
Active(file):     426676 kB
Inactive(file):   364056 kB
Unevictable:        1768 kB
Mlocked:               0 kB
HighTotal:       1372556 kB
HighFree:          36932 kB
LowTotal:         587396 kB
LowFree:           63920 kB
SwapTotal:        262140 kB
SwapFree:         141136 kB
Dirty:              5692 kB
Writeback:             0 kB
AnonPages:        592444 kB
Mapped:           308304 kB
Shmem:               736 kB
Slab:              68040 kB
SReclaimable:      20128 kB
SUnreclaim:        47912 kB
KernelStack:       17176 kB
PageTables:        28456 kB
NFS_Unstable:          0 kB
Bounce:                0 kB
WritebackTmp:          0 kB
CommitLimit:     1242116 kB
Committed_AS:   55370816 kB
VmallocTotal:     409600 kB
VmallocUsed:       31744 kB
VmallocChunk:      81948 kB
Time pass: 127 sec

---2015-10-25 15:24:01
MemTotal:        1959952 kB
MemFree:          100828 kB
Buffers:            5252 kB
Cached:           787904 kB
SwapCached:         8888 kB
Active:           807820 kB
Inactive:         576604 kB
Active(anon):     381140 kB
Inactive(anon):   212468 kB
Active(file):     426680 kB
Inactive(file):   364136 kB
Unevictable:        1768 kB
Mlocked:               0 kB
HighTotal:       1372556 kB
HighFree:          36908 kB
LowTotal:         587396 kB
LowFree:           63920 kB
SwapTotal:        262140 kB
SwapFree:         141136 kB
Dirty:              5628 kB
Writeback:             0 kB
AnonPages:        592608 kB
Mapped:           308304 kB
Shmem:               736 kB
Slab:              68076 kB
SReclaimable:      20128 kB
SUnreclaim:        47948 kB
KernelStack:       17176 kB
PageTables:        28456 kB
NFS_Unstable:          0 kB
Bounce:                0 kB
WritebackTmp:          0 kB
CommitLimit:     1242116 kB
Committed_AS:   55370908 kB
VmallocTotal:     409600 kB
VmallocUsed:       31744 kB
VmallocChunk:      81948 kB
Time pass: 130 sec

---2015-10-25 15:24:01
MemTotal:        1959952 kB
MemFree:           98104 kB
Buffers:            5252 kB
Cached:           788980 kB
SwapCached:         8888 kB
Active:           808404 kB
Inactive:         577708 kB
Active(anon):     381804 kB
Inactive(anon):   212716 kB
Active(file):     426600 kB
Inactive(file):   364992 kB
Unevictable:        1768 kB
Mlocked:               0 kB
HighTotal:       1372556 kB
HighFree:          34168 kB
LowTotal:         587396 kB
LowFree:           63936 kB
SwapTotal:        262140 kB
SwapFree:         141136 kB
Dirty:              5620 kB
Writeback:             0 kB
AnonPages:        593440 kB
Mapped:           310032 kB
Shmem:               736 kB
Slab:              67952 kB
SReclaimable:      20096 kB
SUnreclaim:        47856 kB
KernelStack:       17200 kB
PageTables:        28508 kB
NFS_Unstable:          0 kB
Bounce:                0 kB
WritebackTmp:          0 kB
CommitLimit:     1242116 kB
Committed_AS:   55378528 kB
VmallocTotal:     409600 kB
VmallocUsed:       31744 kB
VmallocChunk:      81948 kB
Time pass: 134 sec

---2015-10-25 15:24:01
MemTotal:        1959952 kB
MemFree:           88316 kB
Buffers:            5252 kB
Cached:           792228 kB
SwapCached:         8888 kB
Active:           814836 kB
Inactive:         580928 kB
Active(anon):     388164 kB
Inactive(anon):   212712 kB
Active(file):     426672 kB
Inactive(file):   368216 kB
Unevictable:        1768 kB
Mlocked:               0 kB
HighTotal:       1372556 kB
HighFree:          24692 kB
LowTotal:         587396 kB
LowFree:           63624 kB
SwapTotal:        262140 kB
SwapFree:         141136 kB
Dirty:              5652 kB
Writeback:             0 kB
AnonPages:        599248 kB
Mapped:           311968 kB
Shmem:               736 kB
Slab:              67972 kB
SReclaimable:      20096 kB
SUnreclaim:        47876 kB
KernelStack:       17248 kB
PageTables:        28532 kB
NFS_Unstable:          0 kB
Bounce:                0 kB
WritebackTmp:          0 kB
CommitLimit:     1242116 kB
Committed_AS:   55383956 kB
VmallocTotal:     409600 kB
VmallocUsed:       31744 kB
VmallocChunk:      81948 kB
Time pass: 138 sec

---2015-10-25 15:24:01
MemTotal:        1959952 kB
MemFree:          100848 kB
Buffers:            5120 kB
Cached:           755892 kB
SwapCached:         8896 kB
Active:           785336 kB
Inactive:         578404 kB
Active(anon):     391840 kB
Inactive(anon):   213544 kB
Active(file):     393496 kB
Inactive(file):   364860 kB
Unevictable:        1768 kB
Mlocked:               0 kB
HighTotal:       1372556 kB
HighFree:          38460 kB
LowTotal:         587396 kB
LowFree:           62388 kB
SwapTotal:        262140 kB
SwapFree:         141104 kB
Dirty:              5740 kB
Writeback:             0 kB
AnonPages:        603800 kB
Mapped:           310320 kB
Shmem:               888 kB
Slab:              67192 kB
SReclaimable:      19624 kB
SUnreclaim:        47568 kB
KernelStack:       17376 kB
PageTables:        28640 kB
NFS_Unstable:          0 kB
Bounce:                0 kB
WritebackTmp:          0 kB
CommitLimit:     1242116 kB
Committed_AS:   55399512 kB
VmallocTotal:     409600 kB
VmallocUsed:       34152 kB
VmallocChunk:      81948 kB
Time pass: 142 sec

---2015-10-25 15:24:01
MemTotal:        1959952 kB
MemFree:          298012 kB
Buffers:            4188 kB
Cached:           698088 kB
SwapCached:         8988 kB
Active:           696388 kB
Inactive:         559872 kB
Active(anon):     339212 kB
Inactive(anon):   217268 kB
Active(file):     357176 kB
Inactive(file):   342604 kB
Unevictable:        1768 kB
Mlocked:               0 kB
HighTotal:       1372556 kB
HighFree:         180908 kB
LowTotal:         587396 kB
LowFree:          117104 kB
SwapTotal:        262140 kB
SwapFree:         139488 kB
Dirty:              1268 kB
Writeback:             4 kB
AnonPages:        554780 kB
Mapped:           206300 kB
Shmem:               732 kB
Slab:              66968 kB
SReclaimable:      19508 kB
SUnreclaim:        47460 kB
KernelStack:       17224 kB
PageTables:        27464 kB
NFS_Unstable:          0 kB
Bounce:                0 kB
WritebackTmp:          0 kB
CommitLimit:     1242116 kB
Committed_AS:   56210640 kB
VmallocTotal:     409600 kB
VmallocUsed:       33636 kB
VmallocChunk:      81948 kB
Time pass: 147 sec

---2015-10-25 15:24:01
MemTotal:        1959952 kB
MemFree:          302172 kB
Buffers:            4188 kB
Cached:           698236 kB
SwapCached:         8988 kB
Active:           693876 kB
Inactive:         557664 kB
Active(anon):     336568 kB
Inactive(anon):   214916 kB
Active(file):     357308 kB
Inactive(file):   342748 kB
Unevictable:        1768 kB
Mlocked:               0 kB
HighTotal:       1372556 kB
HighFree:         184744 kB
LowTotal:         587396 kB
LowFree:          117428 kB
SwapTotal:        262140 kB
SwapFree:         139488 kB
Dirty:               208 kB
Writeback:             0 kB
AnonPages:        550112 kB
Mapped:           204736 kB
Shmem:               600 kB
Slab:              67012 kB
SReclaimable:      19524 kB
SUnreclaim:        47488 kB
KernelStack:       16720 kB
PageTables:        27460 kB
NFS_Unstable:          0 kB
Bounce:                0 kB
WritebackTmp:          0 kB
CommitLimit:     1242116 kB
Committed_AS:   54348648 kB
VmallocTotal:     409600 kB
VmallocUsed:       33636 kB
VmallocChunk:      81948 kB
Time pass: 151 sec

---2015-10-25 15:24:01
MemTotal:        1959952 kB
MemFree:          309400 kB
Buffers:            4188 kB
Cached:           698236 kB
SwapCached:         8988 kB
Active:           687172 kB
Inactive:         557540 kB
Active(anon):     329864 kB
Inactive(anon):   214792 kB
Active(file):     357308 kB
Inactive(file):   342748 kB
Unevictable:        1768 kB
Mlocked:               0 kB
HighTotal:       1372556 kB
HighFree:         191612 kB
LowTotal:         587396 kB
LowFree:          117788 kB
SwapTotal:        262140 kB
SwapFree:         139488 kB
Dirty:               176 kB
Writeback:             0 kB
AnonPages:        543148 kB
Mapped:           206200 kB
Shmem:               600 kB
Slab:              66980 kB
SReclaimable:      19524 kB
SUnreclaim:        47456 kB
KernelStack:       16664 kB
PageTables:        27616 kB
NFS_Unstable:          0 kB
Bounce:                0 kB
WritebackTmp:          0 kB
CommitLimit:     1242116 kB
Committed_AS:   56177372 kB
VmallocTotal:     409600 kB
VmallocUsed:       33636 kB
VmallocChunk:      81948 kB
Time pass: 155 sec

---2015-10-25 15:24:01
MemTotal:        1959952 kB
MemFree:          317436 kB
Buffers:            4188 kB
Cached:           698236 kB
SwapCached:         8988 kB
Active:           679536 kB
Inactive:         557336 kB
Active(anon):     322224 kB
Inactive(anon):   214592 kB
Active(file):     357312 kB
Inactive(file):   342744 kB
Unevictable:        1768 kB
Mlocked:               0 kB
HighTotal:       1372556 kB
HighFree:         199360 kB
LowTotal:         587396 kB
LowFree:          118076 kB
SwapTotal:        262140 kB
SwapFree:         139492 kB
Dirty:               176 kB
Writeback:             0 kB
AnonPages:        535436 kB
Mapped:           203052 kB
Shmem:               600 kB
Slab:              66988 kB
SReclaimable:      19532 kB
SUnreclaim:        47456 kB
KernelStack:       16632 kB
PageTables:        27584 kB
NFS_Unstable:          0 kB
Bounce:                0 kB
WritebackTmp:          0 kB
CommitLimit:     1242116 kB
Committed_AS:   54344304 kB
VmallocTotal:     409600 kB
VmallocUsed:       33636 kB
VmallocChunk:      81948 kB
Time pass: 159 sec

---2015-10-25 15:24:01
MemTotal:        1959952 kB
MemFree:          323028 kB
Buffers:            4188 kB
Cached:           698236 kB
SwapCached:         8988 kB
Active:           679592 kB
Inactive:         557300 kB
Active(anon):     322244 kB
Inactive(anon):   214592 kB
Active(file):     357348 kB
Inactive(file):   342708 kB
Unevictable:        1768 kB
Mlocked:               0 kB
HighTotal:       1372556 kB
HighFree:         199440 kB
LowTotal:         587396 kB
LowFree:          123588 kB
SwapTotal:        262140 kB
SwapFree:         139492 kB
Dirty:               176 kB
Writeback:             0 kB
AnonPages:        535308 kB
Mapped:           203264 kB
Shmem:               600 kB
Slab:              66956 kB
SReclaimable:      19532 kB
SUnreclaim:        47424 kB
KernelStack:       16520 kB
PageTables:        27340 kB
NFS_Unstable:          0 kB
Bounce:                0 kB
WritebackTmp:          0 kB
CommitLimit:     1242116 kB
Committed_AS:   54335832 kB
VmallocTotal:     409600 kB
VmallocUsed:       31228 kB
VmallocChunk:      81948 kB
Time pass: 162 sec

---2015-10-25 15:24:01
MemTotal:        1959952 kB
MemFree:          323008 kB
Buffers:            4188 kB
Cached:           698236 kB
SwapCached:         8988 kB
Active:           679584 kB
Inactive:         557300 kB
Active(anon):     322236 kB
Inactive(anon):   214592 kB
Active(file):     357348 kB
Inactive(file):   342708 kB
Unevictable:        1768 kB
Mlocked:               0 kB
HighTotal:       1372556 kB
HighFree:         199428 kB
LowTotal:         587396 kB
LowFree:          123580 kB
SwapTotal:        262140 kB
SwapFree:         139492 kB
Dirty:               176 kB
Writeback:             0 kB
AnonPages:        535388 kB
Mapped:           203264 kB
Shmem:               600 kB
Slab:              66964 kB
SReclaimable:      19540 kB
SUnreclaim:        47424 kB
KernelStack:       16520 kB
PageTables:        27340 kB
NFS_Unstable:          0 kB
Bounce:                0 kB
WritebackTmp:          0 kB
CommitLimit:     1242116 kB
Committed_AS:   54335928 kB
VmallocTotal:     409600 kB
VmallocUsed:       31228 kB
VmallocChunk:      81948 kB
Time pass: 166 sec

---2015-10-25 15:24:01
MemTotal:        1959952 kB
MemFree:          322896 kB
Buffers:            4188 kB
Cached:           698236 kB
SwapCached:         8988 kB
Active:           679744 kB
Inactive:         557300 kB
Active(anon):     322396 kB
Inactive(anon):   214592 kB
Active(file):     357348 kB
Inactive(file):   342708 kB
Unevictable:        1768 kB
Mlocked:               0 kB
HighTotal:       1372556 kB
HighFree:         199316 kB
LowTotal:         587396 kB
LowFree:          123580 kB
SwapTotal:        262140 kB
SwapFree:         139492 kB
Dirty:               176 kB
Writeback:             0 kB
AnonPages:        535560 kB
Mapped:           203264 kB
Shmem:               600 kB
Slab:              66964 kB
SReclaimable:      19540 kB
SUnreclaim:        47424 kB
KernelStack:       16520 kB
PageTables:        27340 kB
NFS_Unstable:          0 kB
Bounce:                0 kB
WritebackTmp:          0 kB
CommitLimit:     1242116 kB
Committed_AS:   54336128 kB
VmallocTotal:     409600 kB
VmallocUsed:       31228 kB
VmallocChunk:      81948 kB
Time pass: 170 sec

---2015-10-25 15:24:01
MemTotal:        1959952 kB
MemFree:          322840 kB
Buffers:            4188 kB
Cached:           698236 kB
SwapCached:         8988 kB
Active:           679720 kB
Inactive:         557300 kB
Active(anon):     322372 kB
Inactive(anon):   214592 kB
Active(file):     357348 kB
Inactive(file):   342708 kB
Unevictable:        1768 kB
Mlocked:               0 kB
HighTotal:       1372556 kB
HighFree:         199228 kB
LowTotal:         587396 kB
LowFree:          123612 kB
SwapTotal:        262140 kB
SwapFree:         139492 kB
Dirty:               176 kB
Writeback:             0 kB
AnonPages:        535648 kB
Mapped:           203264 kB
Shmem:               600 kB
Slab:              66932 kB
SReclaimable:      19540 kB
SUnreclaim:        47392 kB
KernelStack:       16520 kB
PageTables:        27340 kB
NFS_Unstable:          0 kB
Bounce:                0 kB
WritebackTmp:          0 kB
CommitLimit:     1242116 kB
Committed_AS:   54336148 kB
VmallocTotal:     409600 kB
VmallocUsed:       31228 kB
VmallocChunk:      81948 kB
Time pass: 173 sec

---2015-10-25 15:24:01
MemTotal:        1959952 kB
MemFree:          322680 kB
Buffers:            4188 kB
Cached:           698236 kB
SwapCached:         8988 kB
Active:           679932 kB
Inactive:         557300 kB
Active(anon):     322584 kB
Inactive(anon):   214592 kB
Active(file):     357348 kB
Inactive(file):   342708 kB
Unevictable:        1768 kB
Mlocked:               0 kB
HighTotal:       1372556 kB
HighFree:         199100 kB
LowTotal:         587396 kB
LowFree:          123580 kB
SwapTotal:        262140 kB
SwapFree:         139492 kB
Dirty:               176 kB
Writeback:             0 kB
AnonPages:        535804 kB
Mapped:           203288 kB
Shmem:               600 kB
Slab:              66932 kB
SReclaimable:      19540 kB
SUnreclaim:        47392 kB
KernelStack:       16536 kB
PageTables:        27348 kB
NFS_Unstable:          0 kB
Bounce:                0 kB
WritebackTmp:          0 kB
CommitLimit:     1242116 kB
Committed_AS:   54336248 kB
VmallocTotal:     409600 kB
VmallocUsed:       31228 kB
VmallocChunk:      81948 kB
Time pass: 177 sec

---2015-10-25 15:24:01
MemTotal:        1959952 kB
MemFree:          322724 kB
Buffers:            4188 kB
Cached:           698236 kB
SwapCached:         8988 kB
Active:           679980 kB
Inactive:         557300 kB
Active(anon):     322632 kB
Inactive(anon):   214592 kB
Active(file):     357348 kB
Inactive(file):   342708 kB
Unevictable:        1768 kB
Mlocked:               0 kB
HighTotal:       1372556 kB
HighFree:         199080 kB
LowTotal:         587396 kB
LowFree:          123644 kB
SwapTotal:        262140 kB
SwapFree:         139492 kB
Dirty:               176 kB
Writeback:             0 kB
AnonPages:        535772 kB
Mapped:           203272 kB
Shmem:               600 kB
Slab:              66900 kB
SReclaimable:      19540 kB
SUnreclaim:        47360 kB
KernelStack:       16520 kB
PageTables:        27340 kB
NFS_Unstable:          0 kB
Bounce:                0 kB
WritebackTmp:          0 kB
CommitLimit:     1242116 kB
Committed_AS:   54336432 kB
VmallocTotal:     409600 kB
VmallocUsed:       31228 kB
VmallocChunk:      81948 kB
Time pass: 181 sec

---2015-10-25 15:24:01
MemTotal:        1959952 kB
MemFree:          322380 kB
Buffers:            4188 kB
Cached:           698236 kB
SwapCached:         8988 kB
Active:           680380 kB
Inactive:         557300 kB
Active(anon):     323032 kB
Inactive(anon):   214592 kB
Active(file):     357348 kB
Inactive(file):   342708 kB
Unevictable:        1768 kB
Mlocked:               0 kB
HighTotal:       1372556 kB
HighFree:         198736 kB
LowTotal:         587396 kB
LowFree:          123644 kB
SwapTotal:        262140 kB
SwapFree:         139492 kB
Dirty:               176 kB
Writeback:             0 kB
AnonPages:        536212 kB
Mapped:           203280 kB
Shmem:               600 kB
Slab:              66900 kB
SReclaimable:      19540 kB
SUnreclaim:        47360 kB
KernelStack:       16520 kB
PageTables:        27344 kB
NFS_Unstable:          0 kB
Bounce:                0 kB
WritebackTmp:          0 kB
CommitLimit:     1242116 kB
Committed_AS:   54336692 kB
VmallocTotal:     409600 kB
VmallocUsed:       31228 kB
VmallocChunk:      81948 kB
Time pass: 185 sec

---2015-10-25 15:24:01
MemTotal:        1959952 kB
MemFree:          317468 kB
Buffers:            4188 kB
Cached:           698268 kB
SwapCached:         9008 kB
Active:           689712 kB
Inactive:         555944 kB
Active(anon):     330708 kB
Inactive(anon):   214600 kB
Active(file):     359004 kB
Inactive(file):   341344 kB
Unevictable:        1768 kB
Mlocked:               0 kB
HighTotal:       1372556 kB
HighFree:         194080 kB
LowTotal:         587396 kB
LowFree:          123388 kB
SwapTotal:        262140 kB
SwapFree:         139500 kB
Dirty:               828 kB
Writeback:            24 kB
AnonPages:        544044 kB
Mapped:           217144 kB
Shmem:               600 kB
Slab:              66900 kB
SReclaimable:      19540 kB
SUnreclaim:        47360 kB
KernelStack:       16640 kB
PageTables:        27764 kB
NFS_Unstable:          0 kB
Bounce:                0 kB
WritebackTmp:          0 kB
CommitLimit:     1242116 kB
Committed_AS:   55331508 kB
VmallocTotal:     409600 kB
VmallocUsed:       32144 kB
VmallocChunk:      81948 kB
Time pass: 188 sec

---2015-10-25 15:24:01
MemTotal:        1959952 kB
MemFree:          237660 kB
Buffers:            4188 kB
Cached:           700172 kB
SwapCached:         9008 kB
Active:           706864 kB
Inactive:         557192 kB
Active(anon):     347504 kB
Inactive(anon):   214696 kB
Active(file):     359360 kB
Inactive(file):   342496 kB
Unevictable:        1768 kB
Mlocked:               0 kB
HighTotal:       1372556 kB
HighFree:         150724 kB
LowTotal:         587396 kB
LowFree:           86936 kB
SwapTotal:        262140 kB
SwapFree:         139500 kB
Dirty:              1000 kB
Writeback:             4 kB
AnonPages:        560524 kB
Mapped:           231564 kB
Shmem:               732 kB
Slab:              66932 kB
SReclaimable:      19564 kB
SUnreclaim:        47368 kB
KernelStack:       17136 kB
PageTables:        28260 kB
NFS_Unstable:          0 kB
Bounce:                0 kB
WritebackTmp:          0 kB
CommitLimit:     1242116 kB
Committed_AS:   55345980 kB
VmallocTotal:     409600 kB
VmallocUsed:       32440 kB
VmallocChunk:      81948 kB
Time pass: 192 sec

---2015-10-25 15:24:01
MemTotal:        1959952 kB
MemFree:          238964 kB
Buffers:            4188 kB
Cached:           700180 kB
SwapCached:         9008 kB
Active:           704996 kB
Inactive:         556592 kB
Active(anon):     345636 kB
Inactive(anon):   214152 kB
Active(file):     359360 kB
Inactive(file):   342440 kB
Unevictable:        1768 kB
Mlocked:               0 kB
HighTotal:       1372556 kB
HighFree:         140756 kB
LowTotal:         587396 kB
LowFree:           98208 kB
SwapTotal:        262140 kB
SwapFree:         139500 kB
Dirty:               188 kB
Writeback:             0 kB
AnonPages:        557960 kB
Mapped:           240444 kB
Shmem:               736 kB
Slab:              66912 kB
SReclaimable:      19572 kB
SUnreclaim:        47340 kB
KernelStack:       17136 kB
PageTables:        28264 kB
NFS_Unstable:          0 kB
Bounce:                0 kB
WritebackTmp:          0 kB
CommitLimit:     1242116 kB
Committed_AS:   55345464 kB
VmallocTotal:     409600 kB
VmallocUsed:       32452 kB
VmallocChunk:      81948 kB
Time pass: 195 sec

---2015-10-25 15:24:01
MemTotal:        1959952 kB
MemFree:          200768 kB
Buffers:            4188 kB
Cached:           700404 kB
SwapCached:         9008 kB
Active:           716960 kB
Inactive:         556876 kB
Active(anon):     357600 kB
Inactive(anon):   214148 kB
Active(file):     359360 kB
Inactive(file):   342728 kB
Unevictable:        1768 kB
Mlocked:               0 kB
HighTotal:       1372556 kB
HighFree:         111660 kB
LowTotal:         587396 kB
LowFree:           89108 kB
SwapTotal:        262140 kB
SwapFree:         139504 kB
Dirty:              1576 kB
Writeback:             0 kB
AnonPages:        570096 kB
Mapped:           254724 kB
Shmem:               736 kB
Slab:              67028 kB
SReclaimable:      19588 kB
SUnreclaim:        47440 kB
KernelStack:       17216 kB
PageTables:        28340 kB
NFS_Unstable:          0 kB
Bounce:                0 kB
WritebackTmp:          0 kB
CommitLimit:     1242116 kB
Committed_AS:   55357912 kB
VmallocTotal:     409600 kB
VmallocUsed:       32548 kB
VmallocChunk:      81948 kB
Time pass: 199 sec

---2015-10-25 15:24:01
MemTotal:        1959952 kB
MemFree:          187476 kB
Buffers:            4188 kB
Cached:           700444 kB
SwapCached:         9008 kB
Active:           716008 kB
Inactive:         556856 kB
Active(anon):     356588 kB
Inactive(anon):   214148 kB
Active(file):     359420 kB
Inactive(file):   342708 kB
Unevictable:        1768 kB
Mlocked:               0 kB
HighTotal:       1372556 kB
HighFree:          98632 kB
LowTotal:         587396 kB
LowFree:           88844 kB
SwapTotal:        262140 kB
SwapFree:         139504 kB
Dirty:               352 kB
Writeback:             0 kB
AnonPages:        569184 kB
Mapped:           267820 kB
Shmem:               736 kB
Slab:              67024 kB
SReclaimable:      19588 kB
SUnreclaim:        47436 kB
KernelStack:       17216 kB
PageTables:        28400 kB
NFS_Unstable:          0 kB
Bounce:                0 kB
WritebackTmp:          0 kB
CommitLimit:     1242116 kB
Committed_AS:   55357000 kB
VmallocTotal:     409600 kB
VmallocUsed:       32608 kB
VmallocChunk:      81948 kB
Time pass: 202 sec

---2015-10-25 15:24:01
MemTotal:        1959952 kB
MemFree:          178224 kB
Buffers:            4188 kB
Cached:           700444 kB
SwapCached:         9008 kB
Active:           717964 kB
Inactive:         556692 kB
Active(anon):     358252 kB
Inactive(anon):   214148 kB
Active(file):     359712 kB
Inactive(file):   342544 kB
Unevictable:        1768 kB
Mlocked:               0 kB
HighTotal:       1372556 kB
HighFree:          89472 kB
LowTotal:         587396 kB
LowFree:           88752 kB
SwapTotal:        262140 kB
SwapFree:         139504 kB
Dirty:               492 kB
Writeback:             0 kB
AnonPages:        570960 kB
Mapped:           275220 kB
Shmem:               736 kB
Slab:              66976 kB
SReclaimable:      19588 kB
SUnreclaim:        47388 kB
KernelStack:       17216 kB
PageTables:        28416 kB
NFS_Unstable:          0 kB
Bounce:                0 kB
WritebackTmp:          0 kB
CommitLimit:     1242116 kB
Committed_AS:   55358548 kB
VmallocTotal:     409600 kB
VmallocUsed:       32620 kB
VmallocChunk:      81948 kB
Time pass: 206 sec

---2015-10-25 15:24:01
MemTotal:        1959952 kB
MemFree:          177868 kB
Buffers:            4188 kB
Cached:           700440 kB
SwapCached:         9008 kB
Active:           718572 kB
Inactive:         556624 kB
Active(anon):     358848 kB
Inactive(anon):   214144 kB
Active(file):     359724 kB
Inactive(file):   342480 kB
Unevictable:        1768 kB
Mlocked:               0 kB
HighTotal:       1372556 kB
HighFree:          89052 kB
LowTotal:         587396 kB
LowFree:           88816 kB
SwapTotal:        262140 kB
SwapFree:         139504 kB
Dirty:               316 kB
Writeback:             0 kB
AnonPages:        571516 kB
Mapped:           275272 kB
Shmem:               736 kB
Slab:              66912 kB
SReclaimable:      19588 kB
SUnreclaim:        47324 kB
KernelStack:       17216 kB
PageTables:        28416 kB
NFS_Unstable:          0 kB
Bounce:                0 kB
WritebackTmp:          0 kB
CommitLimit:     1242116 kB
Committed_AS:   55358976 kB
VmallocTotal:     409600 kB
VmallocUsed:       32620 kB
VmallocChunk:      81948 kB
Time pass: 210 sec

---2015-10-25 15:24:01
MemTotal:        1959952 kB
MemFree:          153368 kB
Buffers:            4188 kB
Cached:           700624 kB
SwapCached:         9008 kB
Active:           723520 kB
Inactive:         556728 kB
Active(anon):     363812 kB
Inactive(anon):   214136 kB
Active(file):     359708 kB
Inactive(file):   342592 kB
Unevictable:        1768 kB
Mlocked:               0 kB
HighTotal:       1372556 kB
HighFree:          64836 kB
LowTotal:         587396 kB
LowFree:           88532 kB
SwapTotal:        262140 kB
SwapFree:         139504 kB
Dirty:              1108 kB
Writeback:             0 kB
AnonPages:        576324 kB
Mapped:           290020 kB
Shmem:               736 kB
Slab:              67084 kB
SReclaimable:      19588 kB
SUnreclaim:        47496 kB
KernelStack:       17216 kB
PageTables:        28464 kB
NFS_Unstable:          0 kB
Bounce:                0 kB
WritebackTmp:          0 kB
CommitLimit:     1242116 kB
Committed_AS:   55364024 kB
VmallocTotal:     409600 kB
VmallocUsed:       32696 kB
VmallocChunk:      81948 kB
Time pass: 213 sec

---2015-10-25 15:24:01
MemTotal:        1959952 kB
MemFree:          136836 kB
Buffers:            4188 kB
Cached:           701012 kB
SwapCached:         9008 kB
Active:           732156 kB
Inactive:         556128 kB
Active(anon):     371456 kB
Inactive(anon):   214288 kB
Active(file):     360700 kB
Inactive(file):   341840 kB
Unevictable:        1768 kB
Mlocked:               0 kB
HighTotal:       1372556 kB
HighFree:          50332 kB
LowTotal:         587396 kB
LowFree:           86504 kB
SwapTotal:        262140 kB
SwapFree:         139504 kB
Dirty:               564 kB
Writeback:             8 kB
AnonPages:        583864 kB
Mapped:           293304 kB
Shmem:               892 kB
Slab:              66800 kB
SReclaimable:      19492 kB
SUnreclaim:        47308 kB
KernelStack:       17440 kB
PageTables:        28624 kB
NFS_Unstable:          0 kB
Bounce:                0 kB
WritebackTmp:          0 kB
CommitLimit:     1242116 kB
Committed_AS:   55388988 kB
VmallocTotal:     409600 kB
VmallocUsed:       35104 kB
VmallocChunk:      81948 kB
Time pass: 217 sec

---2015-10-25 15:24:01
MemTotal:        1959952 kB
MemFree:          126400 kB
Buffers:            4188 kB
Cached:           701128 kB
SwapCached:         9008 kB
Active:           733032 kB
Inactive:         556252 kB
Active(anon):     372340 kB
Inactive(anon):   214412 kB
Active(file):     360692 kB
Inactive(file):   341840 kB
Unevictable:        1768 kB
Mlocked:               0 kB
HighTotal:       1372556 kB
HighFree:          40288 kB
LowTotal:         587396 kB
LowFree:           86112 kB
SwapTotal:        262140 kB
SwapFree:         139504 kB
Dirty:               544 kB
Writeback:             0 kB
AnonPages:        584776 kB
Mapped:           293324 kB
Shmem:              1016 kB
Slab:              66636 kB
SReclaimable:      19492 kB
SUnreclaim:        47144 kB
KernelStack:       17432 kB
PageTables:        28668 kB
NFS_Unstable:          0 kB
Bounce:                0 kB
WritebackTmp:          0 kB
CommitLimit:     1242116 kB
Committed_AS:   55389408 kB
VmallocTotal:     409600 kB
VmallocUsed:       35104 kB
VmallocChunk:      81948 kB
Time pass: 222 sec

---2015-10-25 15:24:01
MemTotal:        1959952 kB
MemFree:          126344 kB
Buffers:            4188 kB
Cached:           701236 kB
SwapCached:         9008 kB
Active:           733052 kB
Inactive:         556356 kB
Active(anon):     372356 kB
Inactive(anon):   214500 kB
Active(file):     360696 kB
Inactive(file):   341856 kB
Unevictable:        1768 kB
Mlocked:               0 kB
HighTotal:       1372556 kB
HighFree:          40200 kB
LowTotal:         587396 kB
LowFree:           86144 kB
SwapTotal:        262140 kB
SwapFree:         139504 kB
Dirty:               552 kB
Writeback:             0 kB
AnonPages:        585048 kB
Mapped:           293884 kB
Shmem:              1104 kB
Slab:              66604 kB
SReclaimable:      19492 kB
SUnreclaim:        47112 kB
KernelStack:       17432 kB
PageTables:        28668 kB
NFS_Unstable:          0 kB
Bounce:                0 kB
WritebackTmp:          0 kB
CommitLimit:     1242116 kB
Committed_AS:   55389520 kB
VmallocTotal:     409600 kB
VmallocUsed:       35104 kB
VmallocChunk:      81948 kB
Time pass: 226 sec

---2015-10-25 15:24:01
MemTotal:        1959952 kB
MemFree:          125580 kB
Buffers:            4188 kB
Cached:           701284 kB
SwapCached:         9008 kB
Active:           733304 kB
Inactive:         556376 kB
Active(anon):     372592 kB
Inactive(anon):   214488 kB
Active(file):     360712 kB
Inactive(file):   341888 kB
Unevictable:        1768 kB
Mlocked:               0 kB
HighTotal:       1372556 kB
HighFree:          39436 kB
LowTotal:         587396 kB
LowFree:           86144 kB
SwapTotal:        262140 kB
SwapFree:         139504 kB
Dirty:               612 kB
Writeback:             0 kB
AnonPages:        585132 kB
Mapped:           293936 kB
Shmem:              1104 kB
Slab:              66600 kB
SReclaimable:      19492 kB
SUnreclaim:        47108 kB
KernelStack:       17432 kB
PageTables:        28672 kB
NFS_Unstable:          0 kB
Bounce:                0 kB
WritebackTmp:          0 kB
CommitLimit:     1242116 kB
Committed_AS:   55389424 kB
VmallocTotal:     409600 kB
VmallocUsed:       35104 kB
VmallocChunk:      81948 kB
Time pass: 230 sec

---2015-10-25 15:24:01
MemTotal:        1959952 kB
MemFree:          125144 kB
Buffers:            4188 kB
Cached:           701312 kB
SwapCached:         9008 kB
Active:           733644 kB
Inactive:         556400 kB
Active(anon):     372932 kB
Inactive(anon):   214508 kB
Active(file):     360712 kB
Inactive(file):   341892 kB
Unevictable:        1768 kB
Mlocked:               0 kB
HighTotal:       1372556 kB
HighFree:          39316 kB
LowTotal:         587396 kB
LowFree:           85828 kB
SwapTotal:        262140 kB
SwapFree:         139504 kB
Dirty:               620 kB
Writeback:             0 kB
AnonPages:        585500 kB
Mapped:           293944 kB
Shmem:              1128 kB
Slab:              66788 kB
SReclaimable:      19492 kB
SUnreclaim:        47296 kB
KernelStack:       17432 kB
PageTables:        28668 kB
NFS_Unstable:          0 kB
Bounce:                0 kB
WritebackTmp:          0 kB
CommitLimit:     1242116 kB
Committed_AS:   55389852 kB
VmallocTotal:     409600 kB
VmallocUsed:       35104 kB
VmallocChunk:      81948 kB
Time pass: 235 sec

---2015-10-25 15:24:01
MemTotal:        1959952 kB
MemFree:          124840 kB
Buffers:            4188 kB
Cached:           701336 kB
SwapCached:         9008 kB
Active:           734068 kB
Inactive:         556424 kB
Active(anon):     373356 kB
Inactive(anon):   214532 kB
Active(file):     360712 kB
Inactive(file):   341892 kB
Unevictable:        1768 kB
Mlocked:               0 kB
HighTotal:       1372556 kB
HighFree:          39136 kB
LowTotal:         587396 kB
LowFree:           85704 kB
SwapTotal:        262140 kB
SwapFree:         139504 kB
Dirty:               612 kB
Writeback:             0 kB
AnonPages:        585824 kB
Mapped:           293840 kB
Shmem:              1152 kB
Slab:              66788 kB
SReclaimable:      19492 kB
SUnreclaim:        47296 kB
KernelStack:       17432 kB
PageTables:        28672 kB
NFS_Unstable:          0 kB
Bounce:                0 kB
WritebackTmp:          0 kB
CommitLimit:     1242116 kB
Committed_AS:   55390076 kB
VmallocTotal:     409600 kB
VmallocUsed:       35104 kB
VmallocChunk:      81948 kB
Time pass: 238 sec

---2015-10-25 15:24:01
MemTotal:        1959952 kB
MemFree:          125192 kB
Buffers:            4188 kB
Cached:           701336 kB
SwapCached:         9008 kB
Active:           734260 kB
Inactive:         556420 kB
Active(anon):     373544 kB
Inactive(anon):   214532 kB
Active(file):     360716 kB
Inactive(file):   341888 kB
Unevictable:        1768 kB
Mlocked:               0 kB
HighTotal:       1372556 kB
HighFree:          39364 kB
LowTotal:         587396 kB
LowFree:           85828 kB
SwapTotal:        262140 kB
SwapFree:         139504 kB
Dirty:               612 kB
Writeback:             0 kB
AnonPages:        586196 kB
Mapped:           293992 kB
Shmem:              1152 kB
Slab:              66788 kB
SReclaimable:      19492 kB
SUnreclaim:        47296 kB
KernelStack:       17432 kB
PageTables:        28668 kB
NFS_Unstable:          0 kB
Bounce:                0 kB
WritebackTmp:          0 kB
CommitLimit:     1242116 kB
Committed_AS:   55390308 kB
VmallocTotal:     409600 kB
VmallocUsed:       35104 kB
VmallocChunk:      81948 kB
Time pass: 242 sec

---2015-10-25 15:24:01
MemTotal:        1959952 kB
MemFree:          121048 kB
Buffers:            4188 kB
Cached:           701044 kB
SwapCached:         9008 kB
Active:           739024 kB
Inactive:         556100 kB
Active(anon):     378308 kB
Inactive(anon):   214188 kB
Active(file):     360716 kB
Inactive(file):   341912 kB
Unevictable:        1768 kB
Mlocked:               0 kB
HighTotal:       1372556 kB
HighFree:          35036 kB
LowTotal:         587396 kB
LowFree:           86012 kB
SwapTotal:        262140 kB
SwapFree:         139504 kB
Dirty:               616 kB
Writeback:             0 kB
AnonPages:        590960 kB
Mapped:           293756 kB
Shmem:               836 kB
Slab:              66660 kB
SReclaimable:      19492 kB
SUnreclaim:        47168 kB
KernelStack:       17376 kB
PageTables:        28576 kB
NFS_Unstable:          0 kB
Bounce:                0 kB
WritebackTmp:          0 kB
CommitLimit:     1242116 kB
Committed_AS:   55390100 kB
VmallocTotal:     409600 kB
VmallocUsed:       35104 kB
VmallocChunk:      81948 kB
Time pass: 246 sec

---2015-10-25 15:24:01
MemTotal:        1959952 kB
MemFree:          111980 kB
Buffers:            4204 kB
Cached:           702644 kB
SwapCached:         9008 kB
Active:           745392 kB
Inactive:         557060 kB
Active(anon):     384600 kB
Inactive(anon):   214404 kB
Active(file):     360792 kB
Inactive(file):   342656 kB
Unevictable:        1768 kB
Mlocked:               0 kB
HighTotal:       1372556 kB
HighFree:          27188 kB
LowTotal:         587396 kB
LowFree:           84792 kB
SwapTotal:        262140 kB
SwapFree:         139504 kB
Dirty:               636 kB
Writeback:             0 kB
AnonPages:        597004 kB
Mapped:           296492 kB
Shmem:              1024 kB
Slab:              66748 kB
SReclaimable:      19484 kB
SUnreclaim:        47264 kB
KernelStack:       17520 kB
PageTables:        29016 kB
NFS_Unstable:          0 kB
Bounce:                0 kB
WritebackTmp:          0 kB
CommitLimit:     1242116 kB
Committed_AS:   56369280 kB
VmallocTotal:     409600 kB
VmallocUsed:       36124 kB
VmallocChunk:      81948 kB
Time pass: 250 sec

---2015-10-25 15:24:01
MemTotal:        1959952 kB
MemFree:           87644 kB
Buffers:            4264 kB
Cached:           709576 kB
SwapCached:         9008 kB
Active:           771920 kB
Inactive:         563544 kB
Active(anon):     410124 kB
Inactive(anon):   214456 kB
Active(file):     361796 kB
Inactive(file):   349088 kB
Unevictable:        1768 kB
Mlocked:               0 kB
HighTotal:       1372556 kB
HighFree:          24724 kB
LowTotal:         587396 kB
LowFree:           62920 kB
SwapTotal:        262140 kB
SwapFree:         139504 kB
Dirty:               724 kB
Writeback:             0 kB
AnonPages:        622664 kB
Mapped:           304380 kB
Shmem:              1148 kB
Slab:              66640 kB
SReclaimable:      19492 kB
SUnreclaim:        47148 kB
KernelStack:       18480 kB
PageTables:        30856 kB
NFS_Unstable:          0 kB
Bounce:                0 kB
WritebackTmp:          0 kB
CommitLimit:     1242116 kB
Committed_AS:   61140056 kB
VmallocTotal:     409600 kB
VmallocUsed:       41224 kB
VmallocChunk:      81948 kB
Time pass: 254 sec

---2015-10-25 15:24:01
MemTotal:        1959952 kB
MemFree:          110288 kB
Buffers:            4276 kB
Cached:           687724 kB
SwapCached:         8992 kB
Active:           757060 kB
Inactive:         572056 kB
Active(anon):     420848 kB
Inactive(anon):   219492 kB
Active(file):     336212 kB
Inactive(file):   352564 kB
Unevictable:        1768 kB
Mlocked:               0 kB
HighTotal:       1372556 kB
HighFree:          37532 kB
LowTotal:         587396 kB
LowFree:           72756 kB
SwapTotal:        262140 kB
SwapFree:         139180 kB
Dirty:               772 kB
Writeback:            28 kB
AnonPages:        638196 kB
Mapped:           306012 kB
Shmem:              1204 kB
Slab:              65444 kB
SReclaimable:      18332 kB
SUnreclaim:        47112 kB
KernelStack:       18392 kB
PageTables:        30616 kB
NFS_Unstable:          0 kB
Bounce:                0 kB
WritebackTmp:          0 kB
CommitLimit:     1242116 kB
Committed_AS:   60217336 kB
VmallocTotal:     409600 kB
VmallocUsed:       41372 kB
VmallocChunk:      81948 kB
Time pass: 258 sec

---2015-10-25 15:24:01
MemTotal:        1959952 kB
MemFree:          104092 kB
Buffers:            4276 kB
Cached:           688376 kB
SwapCached:         8996 kB
Active:           769576 kB
Inactive:         566996 kB
Active(anon):     429084 kB
Inactive(anon):   217756 kB
Active(file):     340492 kB
Inactive(file):   349240 kB
Unevictable:        1768 kB
Mlocked:               0 kB
HighTotal:       1372556 kB
HighFree:          27216 kB
LowTotal:         587396 kB
LowFree:           76876 kB
SwapTotal:        262140 kB
SwapFree:         136792 kB
Dirty:               800 kB
Writeback:             0 kB
AnonPages:        644968 kB
Mapped:           316244 kB
Shmem:              1152 kB
Slab:              66652 kB
SReclaimable:      19516 kB
SUnreclaim:        47136 kB
KernelStack:       18784 kB
PageTables:        31484 kB
NFS_Unstable:          0 kB
Bounce:                0 kB
WritebackTmp:          0 kB
CommitLimit:     1242116 kB
Committed_AS:   62079980 kB
VmallocTotal:     409600 kB
VmallocUsed:       43444 kB
VmallocChunk:      81948 kB
Time pass: 262 sec

---2015-10-25 15:24:01
MemTotal:        1959952 kB
MemFree:           93120 kB
Buffers:            4440 kB
Cached:           724844 kB
SwapCached:         9008 kB
Active:           770580 kB
Inactive:         580332 kB
Active(anon):     410696 kB
Inactive(anon):   213984 kB
Active(file):     359884 kB
Inactive(file):   366348 kB
Unevictable:        1768 kB
Mlocked:               0 kB
HighTotal:       1372556 kB
HighFree:          23760 kB
LowTotal:         587396 kB
LowFree:           69360 kB
SwapTotal:        262140 kB
SwapFree:         136792 kB
Dirty:               836 kB
Writeback:             0 kB
AnonPages:        622868 kB
Mapped:           315176 kB
Shmem:              1212 kB
Slab:              66524 kB
SReclaimable:      19540 kB
SUnreclaim:        46984 kB
KernelStack:       18080 kB
PageTables:        30732 kB
NFS_Unstable:          0 kB
Bounce:                0 kB
WritebackTmp:          0 kB
CommitLimit:     1242116 kB
Committed_AS:   60202476 kB
VmallocTotal:     409600 kB
VmallocUsed:       42276 kB
VmallocChunk:      81948 kB
Time pass: 266 sec

---2015-10-25 15:24:01
MemTotal:        1959952 kB
MemFree:          122056 kB
Buffers:            3600 kB
Cached:           672812 kB
SwapCached:         8892 kB
Active:           767192 kB
Inactive:         556160 kB
Active(anon):     429964 kB
Inactive(anon):   219888 kB
Active(file):     337228 kB
Inactive(file):   336272 kB
Unevictable:        1768 kB
Mlocked:               0 kB
HighTotal:       1372556 kB
HighFree:          54632 kB
LowTotal:         587396 kB
LowFree:           67424 kB
SwapTotal:        262140 kB
SwapFree:         133800 kB
Dirty:               840 kB
Writeback:             0 kB
AnonPages:        647624 kB
Mapped:           331056 kB
Shmem:              1144 kB
Slab:              66468 kB
SReclaimable:      19452 kB
SUnreclaim:        47016 kB
KernelStack:       18480 kB
PageTables:        31692 kB
NFS_Unstable:          0 kB
Bounce:                0 kB
WritebackTmp:          0 kB
CommitLimit:     1242116 kB
Committed_AS:   62088560 kB
VmallocTotal:     409600 kB
VmallocUsed:       38312 kB
VmallocChunk:      81948 kB
Time pass: 270 sec

---2015-10-25 15:24:01
MemTotal:        1959952 kB
MemFree:          155892 kB
Buffers:            3600 kB
Cached:           675624 kB
SwapCached:         8896 kB
Active:           749228 kB
Inactive:         541092 kB
Active(anon):     394384 kB
Inactive(anon):   219692 kB
Active(file):     354844 kB
Inactive(file):   321400 kB
Unevictable:        1768 kB
Mlocked:               0 kB
HighTotal:       1372556 kB
HighFree:          59708 kB
LowTotal:         587396 kB
LowFree:           96184 kB
SwapTotal:        262140 kB
SwapFree:         133984 kB
Dirty:               876 kB
Writeback:             0 kB
AnonPages:        612144 kB
Mapped:           321564 kB
Shmem:              1212 kB
Slab:              66472 kB
SReclaimable:      19412 kB
SUnreclaim:        47060 kB
KernelStack:       18552 kB
PageTables:        30584 kB
NFS_Unstable:          0 kB
Bounce:                0 kB
WritebackTmp:          0 kB
CommitLimit:     1242116 kB
Committed_AS:   59272676 kB
VmallocTotal:     409600 kB
VmallocUsed:       31204 kB
VmallocChunk:      81948 kB
Time pass: 275 sec

---2015-10-25 15:24:01
MemTotal:        1959952 kB
MemFree:          126368 kB
Buffers:            3720 kB
Cached:           688092 kB
SwapCached:         8896 kB
Active:           768852 kB
Inactive:         551108 kB
Active(anon):     411480 kB
Inactive(anon):   219584 kB
Active(file):     357372 kB
Inactive(file):   331524 kB
Unevictable:        1768 kB
Mlocked:               0 kB
HighTotal:       1372556 kB
HighFree:          34424 kB
LowTotal:         587396 kB
LowFree:           91944 kB
SwapTotal:        262140 kB
SwapFree:         133996 kB
Dirty:               924 kB
Writeback:             0 kB
AnonPages:        629280 kB
Mapped:           315072 kB
Shmem:              1148 kB
Slab:              66424 kB
SReclaimable:      19428 kB
SUnreclaim:        46996 kB
KernelStack:       18368 kB
PageTables:        30828 kB
NFS_Unstable:          0 kB
Bounce:                0 kB
WritebackTmp:          0 kB
CommitLimit:     1242116 kB
Committed_AS:   60183364 kB
VmallocTotal:     409600 kB
VmallocUsed:       30184 kB
VmallocChunk:      81948 kB
Time pass: 280 sec

---2015-10-25 15:24:01
MemTotal:        1959952 kB
MemFree:          127408 kB
Buffers:            3720 kB
Cached:           688368 kB
SwapCached:         8896 kB
Active:           777540 kB
Inactive:         540160 kB
Active(anon):     409092 kB
Inactive(anon):   219500 kB
Active(file):     368448 kB
Inactive(file):   320660 kB
Unevictable:        1768 kB
Mlocked:               0 kB
HighTotal:       1372556 kB
HighFree:          30304 kB
LowTotal:         587396 kB
LowFree:           97104 kB
SwapTotal:        262140 kB
SwapFree:         134004 kB
Dirty:               916 kB
Writeback:             0 kB
AnonPages:        625796 kB
Mapped:           315924 kB
Shmem:              1212 kB
Slab:              66396 kB
SReclaimable:      19460 kB
SUnreclaim:        46936 kB
KernelStack:       18760 kB
PageTables:        31188 kB
NFS_Unstable:          0 kB
Bounce:                0 kB
WritebackTmp:          0 kB
CommitLimit:     1242116 kB
Committed_AS:   61163164 kB
VmallocTotal:     409600 kB
VmallocUsed:       36304 kB
VmallocChunk:      81948 kB
Time pass: 284 sec

---2015-10-25 15:24:01
MemTotal:        1959952 kB
MemFree:          123364 kB
Buffers:            3720 kB
Cached:           688624 kB
SwapCached:         8896 kB
Active:           784924 kB
Inactive:         538520 kB
Active(anon):     414640 kB
Inactive(anon):   219624 kB
Active(file):     370284 kB
Inactive(file):   318896 kB
Unevictable:        1768 kB
Mlocked:               0 kB
HighTotal:       1372556 kB
HighFree:          38252 kB
LowTotal:         587396 kB
LowFree:           85112 kB
SwapTotal:        262140 kB
SwapFree:         134024 kB
Dirty:               988 kB
Writeback:             0 kB
AnonPages:        631972 kB
Mapped:           320792 kB
Shmem:              1396 kB
Slab:              66444 kB
SReclaimable:      19476 kB
SUnreclaim:        46968 kB
KernelStack:       18400 kB
PageTables:        30936 kB
NFS_Unstable:          0 kB
Bounce:                0 kB
WritebackTmp:          0 kB
CommitLimit:     1242116 kB
Committed_AS:   60173528 kB
VmallocTotal:     409600 kB
VmallocUsed:       42392 kB
VmallocChunk:      81948 kB
Time pass: 288 sec

---2015-10-25 15:24:01
MemTotal:        1959952 kB
MemFree:          108664 kB
Buffers:            3720 kB
Cached:           689048 kB
SwapCached:         8908 kB
Active:           798560 kB
Inactive:         538760 kB
Active(anon):     428260 kB
Inactive(anon):   219512 kB
Active(file):     370300 kB
Inactive(file):   319248 kB
Unevictable:        1768 kB
Mlocked:               0 kB
HighTotal:       1372556 kB
HighFree:          24224 kB
LowTotal:         587396 kB
LowFree:           84440 kB
SwapTotal:        262140 kB
SwapFree:         134032 kB
Dirty:               972 kB
Writeback:             0 kB
AnonPages:        645536 kB
Mapped:           326600 kB
Shmem:              1452 kB
Slab:              66476 kB
SReclaimable:      19476 kB
SUnreclaim:        47000 kB
KernelStack:       18760 kB
PageTables:        31352 kB
NFS_Unstable:          0 kB
Bounce:                0 kB
WritebackTmp:          0 kB
CommitLimit:     1242116 kB
Committed_AS:   61182740 kB
VmallocTotal:     409600 kB
VmallocUsed:       43412 kB
VmallocChunk:      81948 kB
Time pass: 292 sec

---2015-10-25 15:24:01
MemTotal:        1959952 kB
MemFree:          105728 kB
Buffers:            3720 kB
Cached:           688992 kB
SwapCached:         8908 kB
Active:           801512 kB
Inactive:         538500 kB
Active(anon):     431112 kB
Inactive(anon):   219348 kB
Active(file):     370400 kB
Inactive(file):   319152 kB
Unevictable:        1768 kB
Mlocked:               0 kB
HighTotal:       1372556 kB
HighFree:          24232 kB
LowTotal:         587396 kB
LowFree:           81496 kB
SwapTotal:        262140 kB
SwapFree:         134032 kB
Dirty:               932 kB
Writeback:             0 kB
AnonPages:        646756 kB
Mapped:           331164 kB
Shmem:              1392 kB
Slab:              66404 kB
SReclaimable:      19468 kB
SUnreclaim:        46936 kB
KernelStack:       18800 kB
PageTables:        31464 kB
NFS_Unstable:          0 kB
Bounce:                0 kB
WritebackTmp:          0 kB
CommitLimit:     1242116 kB
Committed_AS:   61150632 kB
VmallocTotal:     409600 kB
VmallocUsed:       43412 kB
VmallocChunk:      81948 kB
Time pass: 296 sec

---2015-10-25 15:24:01
MemTotal:        1959952 kB
MemFree:          132476 kB
Buffers:            3720 kB
Cached:           689056 kB
SwapCached:         8908 kB
Active:           781096 kB
Inactive:         533552 kB
Active(anon):     405708 kB
Inactive(anon):   219384 kB
Active(file):     375388 kB
Inactive(file):   314168 kB
Unevictable:        1768 kB
Mlocked:               0 kB
HighTotal:       1372556 kB
HighFree:          36372 kB
LowTotal:         587396 kB
LowFree:           96104 kB
SwapTotal:        262140 kB
SwapFree:         134032 kB
Dirty:               956 kB
Writeback:             0 kB
AnonPages:        623044 kB
Mapped:           316404 kB
Shmem:              1452 kB
Slab:              66424 kB
SReclaimable:      19460 kB
SUnreclaim:        46964 kB
KernelStack:       18576 kB
PageTables:        30680 kB
NFS_Unstable:          0 kB
Bounce:                0 kB
WritebackTmp:          0 kB
CommitLimit:     1242116 kB
Committed_AS:   60208640 kB
VmallocTotal:     409600 kB
VmallocUsed:       42392 kB
VmallocChunk:      81948 kB
Time pass: 300 sec

---2015-10-25 15:24:01
MemTotal:        1959952 kB
MemFree:          122412 kB
Buffers:            3720 kB
Cached:           689224 kB
SwapCached:         8908 kB
Active:           790092 kB
Inactive:         533628 kB
Active(anon):     414636 kB
Inactive(anon):   219296 kB
Active(file):     375456 kB
Inactive(file):   314332 kB
Unevictable:        1768 kB
Mlocked:               0 kB
HighTotal:       1372556 kB
HighFree:          38724 kB
LowTotal:         587396 kB
LowFree:           83688 kB
SwapTotal:        262140 kB
SwapFree:         134032 kB
Dirty:               972 kB
Writeback:             0 kB
AnonPages:        631956 kB
Mapped:           322736 kB
Shmem:              1388 kB
Slab:              66488 kB
SReclaimable:      19460 kB
SUnreclaim:        47028 kB
KernelStack:       18736 kB
PageTables:        31004 kB
NFS_Unstable:          0 kB
Bounce:                0 kB
WritebackTmp:          0 kB
CommitLimit:     1242116 kB
Committed_AS:   60221740 kB
VmallocTotal:     409600 kB
VmallocUsed:       42392 kB
VmallocChunk:      81948 kB
Time pass: 304 sec

---2015-10-25 15:24:01
MemTotal:        1959952 kB
MemFree:          111872 kB
Buffers:            3720 kB
Cached:           689804 kB
SwapCached:         8912 kB
Active:           803732 kB
Inactive:         531652 kB
Active(anon):     426056 kB
Inactive(anon):   219008 kB
Active(file):     377676 kB
Inactive(file):   312644 kB
Unevictable:        1768 kB
Mlocked:               0 kB
HighTotal:       1372556 kB
HighFree:          26356 kB
LowTotal:         587396 kB
LowFree:           85516 kB
SwapTotal:        262140 kB
SwapFree:         134052 kB
Dirty:               928 kB
Writeback:             0 kB
AnonPages:        642980 kB
Mapped:           321244 kB
Shmem:              1436 kB
Slab:              66448 kB
SReclaimable:      19452 kB
SUnreclaim:        46996 kB
KernelStack:       18304 kB
PageTables:        30708 kB
NFS_Unstable:          0 kB
Bounce:                0 kB
WritebackTmp:          0 kB
CommitLimit:     1242116 kB
Committed_AS:   60161316 kB
VmallocTotal:     409600 kB
VmallocUsed:       36272 kB
VmallocChunk:      81948 kB
Time pass: 308 sec

---2015-10-25 15:24:01
MemTotal:        1959952 kB
MemFree:          127972 kB
Buffers:            3720 kB
Cached:           690264 kB
SwapCached:         8912 kB
Active:           786064 kB
Inactive:         532004 kB
Active(anon):     408312 kB
Inactive(anon):   219012 kB
Active(file):     377752 kB
Inactive(file):   312992 kB
Unevictable:        1768 kB
Mlocked:               0 kB
HighTotal:       1372556 kB
HighFree:          34604 kB
LowTotal:         587396 kB
LowFree:           93368 kB
SwapTotal:        262140 kB
SwapFree:         134064 kB
Dirty:               908 kB
Writeback:             0 kB
AnonPages:        625324 kB
Mapped:           303772 kB
Shmem:              1436 kB
Slab:              66328 kB
SReclaimable:      19364 kB
SUnreclaim:        46964 kB
KernelStack:       18480 kB
PageTables:        31032 kB
NFS_Unstable:          0 kB
Bounce:                0 kB
WritebackTmp:          0 kB
CommitLimit:     1242116 kB
Committed_AS:   61152596 kB
VmallocTotal:     409600 kB
VmallocUsed:       31172 kB
VmallocChunk:      81948 kB
Time pass: 312 sec

---2015-10-25 15:24:01
MemTotal:        1959952 kB
MemFree:          119660 kB
Buffers:            3760 kB
Cached:           690256 kB
SwapCached:         8912 kB
Active:           795052 kB
Inactive:         531952 kB
Active(anon):     417208 kB
Inactive(anon):   218924 kB
Active(file):     377844 kB
Inactive(file):   313028 kB
Unevictable:        1768 kB
Mlocked:               0 kB
HighTotal:       1372556 kB
HighFree:          33032 kB
LowTotal:         587396 kB
LowFree:           86628 kB
SwapTotal:        262140 kB
SwapFree:         134064 kB
Dirty:               964 kB
Writeback:             0 kB
AnonPages:        634112 kB
Mapped:           319852 kB
Shmem:              1376 kB
Slab:              66456 kB
SReclaimable:      19364 kB
SUnreclaim:        47092 kB
KernelStack:       18560 kB
PageTables:        31032 kB
NFS_Unstable:          0 kB
Bounce:                0 kB
WritebackTmp:          0 kB
CommitLimit:     1242116 kB
Committed_AS:   60179080 kB
VmallocTotal:     409600 kB
VmallocUsed:       31172 kB
VmallocChunk:      81948 kB
Time pass: 316 sec

---2015-10-25 15:24:01
MemTotal:        1959952 kB
MemFree:          107972 kB
Buffers:            3772 kB
Cached:           690548 kB
SwapCached:         8920 kB
Active:           805484 kB
Inactive:         531808 kB
Active(anon):     427196 kB
Inactive(anon):   218940 kB
Active(file):     378288 kB
Inactive(file):   312868 kB
Unevictable:        1768 kB
Mlocked:               0 kB
HighTotal:       1372556 kB
HighFree:          26884 kB
LowTotal:         587396 kB
LowFree:           81088 kB
SwapTotal:        262140 kB
SwapFree:         134096 kB
Dirty:               996 kB
Writeback:             0 kB
AnonPages:        644104 kB
Mapped:           326200 kB
Shmem:              1380 kB
Slab:              66476 kB
SReclaimable:      19396 kB
SUnreclaim:        47080 kB
KernelStack:       18816 kB
PageTables:        31604 kB
NFS_Unstable:          0 kB
Bounce:                0 kB
WritebackTmp:          0 kB
CommitLimit:     1242116 kB
Committed_AS:   62086304 kB
VmallocTotal:     409600 kB
VmallocUsed:       37292 kB
VmallocChunk:      81948 kB
Time pass: 320 sec

---2015-10-25 15:24:01
MemTotal:        1959952 kB
MemFree:          122048 kB
Buffers:            3772 kB
Cached:           696380 kB
SwapCached:         8924 kB
Active:           789076 kB
Inactive:         536528 kB
Active(anon):     409660 kB
Inactive(anon):   218936 kB
Active(file):     379416 kB
Inactive(file):   317592 kB
Unevictable:        1768 kB
Mlocked:               0 kB
HighTotal:       1372556 kB
HighFree:          27600 kB
LowTotal:         587396 kB
LowFree:           94448 kB
SwapTotal:        262140 kB
SwapFree:         134100 kB
Dirty:              1084 kB
Writeback:             0 kB
AnonPages:        626668 kB
Mapped:           308832 kB
Shmem:              1376 kB
Slab:              66296 kB
SReclaimable:      19404 kB
SUnreclaim:        46892 kB
KernelStack:       18472 kB
PageTables:        30752 kB
NFS_Unstable:          0 kB
Bounce:                0 kB
WritebackTmp:          0 kB
CommitLimit:     1242116 kB
Committed_AS:   60171276 kB
VmallocTotal:     409600 kB
VmallocUsed:       39332 kB
VmallocChunk:      81948 kB
Time pass: 324 sec

---2015-10-25 15:24:01
MemTotal:        1959952 kB
MemFree:          126596 kB
Buffers:            3772 kB
Cached:           696812 kB
SwapCached:         8944 kB
Active:           786200 kB
Inactive:         535180 kB
Active(anon):     405204 kB
Inactive(anon):   218796 kB
Active(file):     380996 kB
Inactive(file):   316384 kB
Unevictable:        1768 kB
Mlocked:               0 kB
HighTotal:       1372556 kB
HighFree:          29304 kB
LowTotal:         587396 kB
LowFree:           97292 kB
SwapTotal:        262140 kB
SwapFree:         134100 kB
Dirty:              1076 kB
Writeback:             0 kB
AnonPages:        621948 kB
Mapped:           302832 kB
Shmem:              1436 kB
Slab:              66492 kB
SReclaimable:      19404 kB
SUnreclaim:        47088 kB
KernelStack:       18080 kB
PageTables:        30196 kB
NFS_Unstable:          0 kB
Bounce:                0 kB
WritebackTmp:          0 kB
CommitLimit:     1242116 kB
Committed_AS:   59229792 kB
VmallocTotal:     409600 kB
VmallocUsed:       41372 kB
VmallocChunk:      81948 kB
Time pass: 328 sec

---2015-10-25 15:24:01
MemTotal:        1959952 kB
MemFree:           90208 kB
Buffers:            3772 kB
Cached:           697000 kB
SwapCached:         8944 kB
Active:           821284 kB
Inactive:         534364 kB
Active(anon):     439292 kB
Inactive(anon):   218724 kB
Active(file):     381992 kB
Inactive(file):   315640 kB
Unevictable:        1768 kB
Mlocked:               0 kB
HighTotal:       1372556 kB
HighFree:          30804 kB
LowTotal:         587396 kB
LowFree:           59404 kB
SwapTotal:        262140 kB
SwapFree:         134100 kB
Dirty:              1096 kB
Writeback:             0 kB
AnonPages:        655600 kB
Mapped:           327076 kB
Shmem:              1372 kB
Slab:              66428 kB
SReclaimable:      19404 kB
SUnreclaim:        47024 kB
KernelStack:       18992 kB
PageTables:        31324 kB
NFS_Unstable:          0 kB
Bounce:                0 kB
WritebackTmp:          0 kB
CommitLimit:     1242116 kB
Committed_AS:   61143868 kB
VmallocTotal:     409600 kB
VmallocUsed:       43412 kB
VmallocChunk:      81948 kB
Time pass: 332 sec

---2015-10-25 15:24:01
MemTotal:        1959952 kB
MemFree:          112420 kB
Buffers:            3772 kB
Cached:           697772 kB
SwapCached:         8944 kB
Active:           801940 kB
Inactive:         532600 kB
Active(anon):     419904 kB
Inactive(anon):   216300 kB
Active(file):     382036 kB
Inactive(file):   316300 kB
Unevictable:        1768 kB
Mlocked:               0 kB
HighTotal:       1372556 kB
HighFree:          25712 kB
LowTotal:         587396 kB
LowFree:           86708 kB
SwapTotal:        262140 kB
SwapFree:         134104 kB
Dirty:              1100 kB
Writeback:            16 kB
AnonPages:        634124 kB
Mapped:           320776 kB
Shmem:              1440 kB
Slab:              66536 kB
SReclaimable:      19404 kB
SUnreclaim:        47132 kB
KernelStack:       18512 kB
PageTables:        30712 kB
NFS_Unstable:          0 kB
Bounce:                0 kB
WritebackTmp:          0 kB
CommitLimit:     1242116 kB
Committed_AS:   60211944 kB
VmallocTotal:     409600 kB
VmallocUsed:       43444 kB
VmallocChunk:      81948 kB
Time pass: 337 sec

---2015-10-25 15:24:01
MemTotal:        1959952 kB
MemFree:          115340 kB
Buffers:            3772 kB
Cached:           697844 kB
SwapCached:         8944 kB
Active:           800048 kB
Inactive:         531664 kB
Active(anon):     417912 kB
Inactive(anon):   215320 kB
Active(file):     382136 kB
Inactive(file):   316344 kB
Unevictable:        1768 kB
Mlocked:               0 kB
HighTotal:       1372556 kB
HighFree:          34372 kB
LowTotal:         587396 kB
LowFree:           80968 kB
SwapTotal:        262140 kB
SwapFree:         134108 kB
Dirty:              1068 kB
Writeback:            36 kB
AnonPages:        631316 kB
Mapped:           305976 kB
Shmem:              1368 kB
Slab:              66476 kB
SReclaimable:      19420 kB
SUnreclaim:        47056 kB
KernelStack:       18520 kB
PageTables:        30752 kB
NFS_Unstable:          0 kB
Bounce:                0 kB
WritebackTmp:          0 kB
CommitLimit:     1242116 kB
Committed_AS:   60173472 kB
VmallocTotal:     409600 kB
VmallocUsed:       43444 kB
VmallocChunk:      81948 kB
Time pass: 341 sec

---2015-10-25 15:24:01
MemTotal:        1959952 kB
MemFree:          135340 kB
Buffers:            4544 kB
Cached:           697912 kB
SwapCached:         9012 kB
Active:           782088 kB
Inactive:         532564 kB
Active(anon):     399928 kB
Inactive(anon):   215476 kB
Active(file):     382160 kB
Inactive(file):   317088 kB
Unevictable:        1768 kB
Mlocked:               0 kB
HighTotal:       1372556 kB
HighFree:          36380 kB
LowTotal:         587396 kB
LowFree:           98960 kB
SwapTotal:        262140 kB
SwapFree:         134172 kB
Dirty:              1084 kB
Writeback:             0 kB
AnonPages:        612868 kB
Mapped:           298668 kB
Shmem:              1440 kB
Slab:              66372 kB
SReclaimable:      19412 kB
SUnreclaim:        46960 kB
KernelStack:       18104 kB
PageTables:        30052 kB
NFS_Unstable:          0 kB
Bounce:                0 kB
WritebackTmp:          0 kB
CommitLimit:     1242116 kB
Committed_AS:   59225516 kB
VmallocTotal:     409600 kB
VmallocUsed:       37144 kB
VmallocChunk:      81948 kB
Time pass: 345 sec

---2015-10-25 15:24:01
MemTotal:        1959952 kB
MemFree:          100668 kB
Buffers:            4544 kB
Cached:           698132 kB
SwapCached:         9104 kB
Active:           813824 kB
Inactive:         532068 kB
Active(anon):     430812 kB
Inactive(anon):   215536 kB
Active(file):     383012 kB
Inactive(file):   316532 kB
Unevictable:        1768 kB
Mlocked:               0 kB
HighTotal:       1372556 kB
HighFree:          29332 kB
LowTotal:         587396 kB
LowFree:           71336 kB
SwapTotal:        262140 kB
SwapFree:         134268 kB
Dirty:              1112 kB
Writeback:             0 kB
AnonPages:        644588 kB
Mapped:           327020 kB
Shmem:              1364 kB
Slab:              66428 kB
SReclaimable:      19404 kB
SUnreclaim:        47024 kB
KernelStack:       18752 kB
PageTables:        31292 kB
NFS_Unstable:          0 kB
Bounce:                0 kB
WritebackTmp:          0 kB
CommitLimit:     1242116 kB
Committed_AS:   61136816 kB
VmallocTotal:     409600 kB
VmallocUsed:       33212 kB
VmallocChunk:      81948 kB
Time pass: 349 sec

---2015-10-25 15:24:01
MemTotal:        1959952 kB
MemFree:          119768 kB
Buffers:            4544 kB
Cached:           698316 kB
SwapCached:         9104 kB
Active:           795120 kB
Inactive:         532032 kB
Active(anon):     412096 kB
Inactive(anon):   215396 kB
Active(file):     383024 kB
Inactive(file):   316636 kB
Unevictable:        1768 kB
Mlocked:               0 kB
HighTotal:       1372556 kB
HighFree:          32688 kB
LowTotal:         587396 kB
LowFree:           87080 kB
SwapTotal:        262140 kB
SwapFree:         134272 kB
Dirty:              1100 kB
Writeback:             0 kB
AnonPages:        625520 kB
Mapped:           324948 kB
Shmem:              1432 kB
Slab:              66516 kB
SReclaimable:      19428 kB
SUnreclaim:        47088 kB
KernelStack:       18488 kB
PageTables:        30820 kB
NFS_Unstable:          0 kB
Bounce:                0 kB
WritebackTmp:          0 kB
CommitLimit:     1242116 kB
Committed_AS:   60214648 kB
VmallocTotal:     409600 kB
VmallocUsed:       32192 kB
VmallocChunk:      81948 kB
Time pass: 353 sec

---2015-10-25 15:24:01
MemTotal:        1959952 kB
MemFree:          106996 kB
Buffers:            4544 kB
Cached:           698312 kB
SwapCached:         9104 kB
Active:           807408 kB
Inactive:         532000 kB
Active(anon):     424376 kB
Inactive(anon):   215376 kB
Active(file):     383032 kB
Inactive(file):   316624 kB
Unevictable:        1768 kB
Mlocked:               0 kB
HighTotal:       1372556 kB
HighFree:          24764 kB
LowTotal:         587396 kB
LowFree:           82232 kB
SwapTotal:        262140 kB
SwapFree:         134272 kB
Dirty:              1144 kB
Writeback:             0 kB
AnonPages:        637576 kB
Mapped:           329504 kB
Shmem:              1432 kB
Slab:              66424 kB
SReclaimable:      19428 kB
