---2015-12-04 22:37:52
MemTotal:        1959952 kB
MemFree:          121372 kB
Buffers:            3728 kB
Cached:          1184024 kB
SwapCached:          480 kB
Active:           833020 kB
Inactive:         766316 kB
Active(anon):     240364 kB
Inactive(anon):   172924 kB
Active(file):     592656 kB
Inactive(file):   593392 kB
Unevictable:        1580 kB
Mlocked:               0 kB
HighTotal:       1372556 kB
HighFree:          49052 kB
LowTotal:         587396 kB
LowFree:           72320 kB
SwapTotal:        262140 kB
SwapFree:         246312 kB
Dirty:               612 kB
Writeback:             0 kB
AnonPages:        413216 kB
Mapped:           277492 kB
Shmem:               124 kB
Slab:              55076 kB
SReclaimable:      16736 kB
SUnreclaim:        38340 kB
KernelStack:       15344 kB
PageTables:        27164 kB
NFS_Unstable:          0 kB
Bounce:                0 kB
WritebackTmp:          0 kB
CommitLimit:     1242116 kB
Committed_AS:   56734636 kB
VmallocTotal:     409600 kB
VmallocUsed:       38960 kB
VmallocChunk:     106524 kB
Time pass: 3 sec

---2015-12-04 22:37:52
MemTotal:        1959952 kB
MemFree:          118888 kB
Buffers:            3728 kB
Cached:          1184060 kB
SwapCached:          480 kB
Active:           836452 kB
Inactive:         766260 kB
Active(anon):     243724 kB
Inactive(anon):   172940 kB
Active(file):     592728 kB
Inactive(file):   593320 kB
Unevictable:        1580 kB
Mlocked:               0 kB
HighTotal:       1372556 kB
HighFree:          46648 kB
LowTotal:         587396 kB
LowFree:           72240 kB
SwapTotal:        262140 kB
SwapFree:         246328 kB
Dirty:               660 kB
Writeback:            64 kB
AnonPages:        416664 kB
Mapped:           277524 kB
Shmem:               124 kB
Slab:              55044 kB
SReclaimable:      16744 kB
SUnreclaim:        38300 kB
KernelStack:       15216 kB
PageTables:        27168 kB
NFS_Unstable:          0 kB
Bounce:                0 kB
WritebackTmp:          0 kB
CommitLimit:     1242116 kB
Committed_AS:   56737460 kB
VmallocTotal:     409600 kB
VmallocUsed:       38960 kB
VmallocChunk:     106524 kB
Time pass: 6 sec

---2015-12-04 22:37:52
MemTotal:        1959952 kB
MemFree:           93084 kB
Buffers:            3728 kB
Cached:          1197544 kB
SwapCached:          480 kB
Active:           849048 kB
Inactive:         779640 kB
Active(anon):     256184 kB
Inactive(anon):   172960 kB
Active(file):     592864 kB
Inactive(file):   606680 kB
Unevictable:        1580 kB
Mlocked:               0 kB
HighTotal:       1372556 kB
HighFree:          24172 kB
LowTotal:         587396 kB
LowFree:           68912 kB
SwapTotal:        262140 kB
SwapFree:         246364 kB
Dirty:               584 kB
Writeback:             0 kB
AnonPages:        429604 kB
Mapped:           284276 kB
Shmem:               124 kB
Slab:              54924 kB
SReclaimable:      16752 kB
SUnreclaim:        38172 kB
KernelStack:       15520 kB
PageTables:        27596 kB
NFS_Unstable:          0 kB
Bounce:                0 kB
WritebackTmp:          0 kB
CommitLimit:     1242116 kB
Committed_AS:   57689516 kB
VmallocTotal:     409600 kB
VmallocUsed:       39980 kB
VmallocChunk:     100380 kB
Time pass: 10 sec

---2015-12-04 22:37:52
MemTotal:        1959952 kB
MemFree:           95796 kB
Buffers:            3728 kB
Cached:          1197816 kB
SwapCached:          480 kB
Active:           844780 kB
Inactive:         779920 kB
Active(anon):     251912 kB
Inactive(anon):   172968 kB
Active(file):     592868 kB
Inactive(file):   606952 kB
Unevictable:        1580 kB
Mlocked:               0 kB
HighTotal:       1372556 kB
HighFree:          26368 kB
LowTotal:         587396 kB
LowFree:           69428 kB
SwapTotal:        262140 kB
SwapFree:         246368 kB
Dirty:               608 kB
Writeback:             0 kB
AnonPages:        425048 kB
Mapped:           284252 kB
Shmem:               124 kB
Slab:              55448 kB
SReclaimable:      16764 kB
SUnreclaim:        38684 kB
KernelStack:       15520 kB
PageTables:        27620 kB
NFS_Unstable:          0 kB
Bounce:                0 kB
WritebackTmp:          0 kB
CommitLimit:     1242116 kB
Committed_AS:   57689344 kB
VmallocTotal:     409600 kB
VmallocUsed:       39980 kB
VmallocChunk:     100380 kB
Time pass: 14 sec

---2015-12-04 22:37:52
MemTotal:        1959952 kB
MemFree:           95732 kB
Buffers:            3728 kB
Cached:          1197816 kB
SwapCached:          480 kB
Active:           844884 kB
Inactive:         779948 kB
Active(anon):     252016 kB
Inactive(anon):   172980 kB
Active(file):     592868 kB
Inactive(file):   606968 kB
Unevictable:        1580 kB
Mlocked:               0 kB
HighTotal:       1372556 kB
HighFree:          26412 kB
LowTotal:         587396 kB
LowFree:           69320 kB
SwapTotal:        262140 kB
SwapFree:         246384 kB
Dirty:               608 kB
Writeback:             0 kB
AnonPages:        425376 kB
Mapped:           284252 kB
Shmem:               124 kB
Slab:              55416 kB
SReclaimable:      16768 kB
SUnreclaim:        38648 kB
KernelStack:       15512 kB
PageTables:        27620 kB
NFS_Unstable:          0 kB
Bounce:                0 kB
WritebackTmp:          0 kB
CommitLimit:     1242116 kB
Committed_AS:   57689316 kB
VmallocTotal:     409600 kB
VmallocUsed:       39980 kB
VmallocChunk:     100380 kB
Time pass: 17 sec

---2015-12-04 22:37:52
MemTotal:        1959952 kB
MemFree:          111736 kB
Buffers:            3184 kB
Cached:          1162188 kB
SwapCached:          640 kB
Active:           827192 kB
Inactive:         764420 kB
Active(anon):     256320 kB
Inactive(anon):   172052 kB
Active(file):     570872 kB
Inactive(file):   592368 kB
Unevictable:        1580 kB
Mlocked:               0 kB
HighTotal:       1372556 kB
HighFree:          36844 kB
LowTotal:         587396 kB
LowFree:           74892 kB
SwapTotal:        262140 kB
SwapFree:         243848 kB
Dirty:               552 kB
Writeback:             0 kB
AnonPages:        429132 kB
Mapped:           295276 kB
Shmem:               120 kB
Slab:              55412 kB
SReclaimable:      16716 kB
SUnreclaim:        38696 kB
KernelStack:       15704 kB
PageTables:        28084 kB
NFS_Unstable:          0 kB
Bounce:                0 kB
WritebackTmp:          0 kB
CommitLimit:     1242116 kB
Committed_AS:   58683608 kB
VmallocTotal:     409600 kB
VmallocUsed:       41000 kB
VmallocChunk:      92188 kB
Time pass: 21 sec

---2015-12-04 22:37:52
MemTotal:        1959952 kB
MemFree:           98008 kB
Buffers:            3100 kB
Cached:          1089132 kB
SwapCached:          764 kB
Active:           819772 kB
Inactive:         721840 kB
Active(anon):     275216 kB
Inactive(anon):   177124 kB
Active(file):     544556 kB
Inactive(file):   544716 kB
Unevictable:        1580 kB
Mlocked:               0 kB
HighTotal:       1372556 kB
HighFree:          38564 kB
LowTotal:         587396 kB
LowFree:           59444 kB
SwapTotal:        262140 kB
SwapFree:         233192 kB
Dirty:              1084 kB
Writeback:             0 kB
AnonPages:        451336 kB
Mapped:           305880 kB
Shmem:              1136 kB
Slab:              55692 kB
SReclaimable:      16724 kB
SUnreclaim:        38968 kB
KernelStack:       16392 kB
PageTables:        28568 kB
NFS_Unstable:          0 kB
Bounce:                0 kB
WritebackTmp:          0 kB
CommitLimit:     1242116 kB
Committed_AS:   58709268 kB
VmallocTotal:     409600 kB
VmallocUsed:       40252 kB
VmallocChunk:      92188 kB
Time pass: 24 sec

---2015-12-04 22:37:52
MemTotal:        1959952 kB
MemFree:           88488 kB
Buffers:            3092 kB
Cached:          1067472 kB
SwapCached:          748 kB
Active:           805692 kB
Inactive:         712268 kB
Active(anon):     272052 kB
Inactive(anon):   178108 kB
Active(file):     533640 kB
Inactive(file):   534160 kB
Unevictable:        1580 kB
Mlocked:               0 kB
HighTotal:       1372556 kB
HighFree:          36396 kB
LowTotal:         587396 kB
LowFree:           52092 kB
SwapTotal:        262140 kB
SwapFree:         231756 kB
Dirty:               568 kB
Writeback:             0 kB
AnonPages:        448564 kB
Mapped:           314492 kB
Shmem:              1136 kB
Slab:              55620 kB
SReclaimable:      16740 kB
SUnreclaim:        38880 kB
KernelStack:       16472 kB
PageTables:        28568 kB
NFS_Unstable:          0 kB
Bounce:                0 kB
WritebackTmp:          0 kB
CommitLimit:     1242116 kB
Committed_AS:   58710180 kB
VmallocTotal:     409600 kB
VmallocUsed:       40448 kB
VmallocChunk:      92188 kB
Time pass: 28 sec

---2015-12-04 22:37:52
MemTotal:        1959952 kB
MemFree:           86732 kB
Buffers:            3092 kB
Cached:          1067492 kB
SwapCached:          748 kB
Active:           806800 kB
Inactive:         712328 kB
Active(anon):     273168 kB
Inactive(anon):   178092 kB
Active(file):     533632 kB
Inactive(file):   534236 kB
Unevictable:        1580 kB
Mlocked:               0 kB
HighTotal:       1372556 kB
HighFree:          35748 kB
LowTotal:         587396 kB
LowFree:           50984 kB
SwapTotal:        262140 kB
SwapFree:         231756 kB
Dirty:               736 kB
Writeback:             0 kB
AnonPages:        450160 kB
Mapped:           314532 kB
Shmem:              1136 kB
Slab:              56340 kB
SReclaimable:      16820 kB
SUnreclaim:        39520 kB
KernelStack:       16504 kB
PageTables:        28580 kB
NFS_Unstable:          0 kB
Bounce:                0 kB
WritebackTmp:          0 kB
CommitLimit:     1242116 kB
Committed_AS:   58711228 kB
VmallocTotal:     409600 kB
VmallocUsed:       40448 kB
VmallocChunk:      92188 kB
Time pass: 32 sec

---2015-12-04 22:37:52
MemTotal:        1959952 kB
MemFree:           86872 kB
Buffers:            3092 kB
Cached:          1066644 kB
SwapCached:          748 kB
Active:           807272 kB
Inactive:         711360 kB
Active(anon):     273524 kB
Inactive(anon):   177212 kB
Active(file):     533748 kB
Inactive(file):   534148 kB
Unevictable:        1580 kB
Mlocked:               0 kB
HighTotal:       1372556 kB
HighFree:          35652 kB
LowTotal:         587396 kB
LowFree:           51220 kB
SwapTotal:        262140 kB
SwapFree:         231756 kB
Dirty:               452 kB
Writeback:             0 kB
AnonPages:        450420 kB
Mapped:           313692 kB
Shmem:               256 kB
Slab:              56184 kB
SReclaimable:      16828 kB
SUnreclaim:        39356 kB
KernelStack:       16504 kB
PageTables:        28580 kB
NFS_Unstable:          0 kB
Bounce:                0 kB
WritebackTmp:          0 kB
CommitLimit:     1242116 kB
Committed_AS:   58707364 kB
VmallocTotal:     409600 kB
VmallocUsed:       40448 kB
VmallocChunk:      92188 kB
Time pass: 36 sec

---2015-12-04 22:37:52
MemTotal:        1959952 kB
MemFree:           93604 kB
Buffers:            3096 kB
Cached:           996756 kB
SwapCached:          788 kB
Active:           778508 kB
Inactive:         678296 kB
Active(anon):     279848 kB
Inactive(anon):   178864 kB
Active(file):     498660 kB
Inactive(file):   499432 kB
Unevictable:        1580 kB
Mlocked:               0 kB
HighTotal:       1372556 kB
HighFree:          34664 kB
LowTotal:         587396 kB
LowFree:           58940 kB
SwapTotal:        262140 kB
SwapFree:         227776 kB
Dirty:               492 kB
Writeback:             0 kB
AnonPages:        458432 kB
Mapped:           318668 kB
Shmem:               256 kB
Slab:              56040 kB
SReclaimable:      16788 kB
SUnreclaim:        39252 kB
KernelStack:       16552 kB
PageTables:        28796 kB
NFS_Unstable:          0 kB
Bounce:                0 kB
WritebackTmp:          0 kB
CommitLimit:     1242116 kB
Committed_AS:   58715776 kB
VmallocTotal:     409600 kB
VmallocUsed:       40612 kB
VmallocChunk:      92188 kB
Time pass: 40 sec

---2015-12-04 22:37:52
MemTotal:        1959952 kB
MemFree:           94928 kB
Buffers:            3096 kB
Cached:           997232 kB
SwapCached:          788 kB
Active:           777004 kB
Inactive:         678736 kB
Active(anon):     278340 kB
Inactive(anon):   178864 kB
Active(file):     498664 kB
Inactive(file):   499872 kB
Unevictable:        1580 kB
Mlocked:               0 kB
HighTotal:       1372556 kB
HighFree:          35884 kB
LowTotal:         587396 kB
LowFree:           59044 kB
SwapTotal:        262140 kB
SwapFree:         227792 kB
Dirty:               412 kB
Writeback:             4 kB
AnonPages:        457068 kB
Mapped:           319436 kB
Shmem:               256 kB
Slab:              56072 kB
SReclaimable:      16904 kB
SUnreclaim:        39168 kB
KernelStack:       16544 kB
PageTables:        28836 kB
NFS_Unstable:          0 kB
Bounce:                0 kB
WritebackTmp:          0 kB
CommitLimit:     1242116 kB
Committed_AS:   58715888 kB
VmallocTotal:     409600 kB
VmallocUsed:       40612 kB
VmallocChunk:      92188 kB
Time pass: 43 sec

---2015-12-04 22:37:52
MemTotal:        1959952 kB
MemFree:           97676 kB
Buffers:            3096 kB
Cached:           998552 kB
SwapCached:          788 kB
Active:           787988 kB
Inactive:         679596 kB
Active(anon):     289080 kB
Inactive(anon):   178836 kB
Active(file):     498908 kB
Inactive(file):   500760 kB
Unevictable:        1580 kB
Mlocked:               0 kB
HighTotal:       1372556 kB
HighFree:          39540 kB
LowTotal:         587396 kB
LowFree:           58136 kB
SwapTotal:        262140 kB
SwapFree:         227796 kB
Dirty:               764 kB
Writeback:             0 kB
AnonPages:        467252 kB
Mapped:           312324 kB
Shmem:               260 kB
Slab:              56192 kB
SReclaimable:      16916 kB
SUnreclaim:        39276 kB
KernelStack:       16616 kB
PageTables:        28740 kB
NFS_Unstable:          0 kB
Bounce:                0 kB
WritebackTmp:          0 kB
CommitLimit:     1242116 kB
Committed_AS:   58728524 kB
VmallocTotal:     409600 kB
VmallocUsed:       40540 kB
VmallocChunk:      92188 kB
Time pass: 47 sec

---2015-12-04 22:37:52
MemTotal:        1959952 kB
MemFree:          105236 kB
Buffers:            3096 kB
Cached:           963152 kB
SwapCached:          788 kB
Active:           774916 kB
Inactive:         663384 kB
Active(anon):     290688 kB
Inactive(anon):   182896 kB
Active(file):     484228 kB
Inactive(file):   480488 kB
Unevictable:        1580 kB
Mlocked:               0 kB
HighTotal:       1372556 kB
HighFree:          44292 kB
LowTotal:         587396 kB
LowFree:           60944 kB
SwapTotal:        262140 kB
SwapFree:         224716 kB
Dirty:              1768 kB
Writeback:             0 kB
AnonPages:        472952 kB
Mapped:           329980 kB
Shmem:               260 kB
Slab:              56464 kB
SReclaimable:      16932 kB
SUnreclaim:        39532 kB
KernelStack:       16632 kB
PageTables:        28840 kB
NFS_Unstable:          0 kB
Bounce:                0 kB
WritebackTmp:          0 kB
CommitLimit:     1242116 kB
Committed_AS:   58736456 kB
VmallocTotal:     409600 kB
VmallocUsed:       40704 kB
VmallocChunk:      92188 kB
Time pass: 51 sec

---2015-12-04 22:37:52
MemTotal:        1959952 kB
MemFree:          102936 kB
Buffers:            3096 kB
Cached:           964172 kB
SwapCached:          788 kB
Active:           763388 kB
Inactive:         663808 kB
Active(anon):     279136 kB
Inactive(anon):   182612 kB
Active(file):     484252 kB
Inactive(file):   481196 kB
Unevictable:        1580 kB
Mlocked:               0 kB
HighTotal:       1372556 kB
HighFree:          43796 kB
LowTotal:         587396 kB
LowFree:           59140 kB
SwapTotal:        262140 kB
SwapFree:         224720 kB
Dirty:               672 kB
Writeback:            48 kB
AnonPages:        461580 kB
Mapped:           332460 kB
Shmem:               260 kB
Slab:              56652 kB
SReclaimable:      16896 kB
SUnreclaim:        39756 kB
KernelStack:       16424 kB
PageTables:        28324 kB
NFS_Unstable:          0 kB
Bounce:                0 kB
WritebackTmp:          0 kB
CommitLimit:     1242116 kB
Committed_AS:   57783120 kB
VmallocTotal:     409600 kB
VmallocUsed:       39732 kB
VmallocChunk:      92188 kB
Time pass: 54 sec

---2015-12-04 22:37:52
MemTotal:        1959952 kB
MemFree:           89868 kB
Buffers:            3096 kB
Cached:           964852 kB
SwapCached:          788 kB
Active:           772876 kB
Inactive:         664372 kB
Active(anon):     288544 kB
Inactive(anon):   182612 kB
Active(file):     484332 kB
Inactive(file):   481760 kB
Unevictable:        1580 kB
Mlocked:               0 kB
HighTotal:       1372556 kB
HighFree:          30740 kB
LowTotal:         587396 kB
LowFree:           59128 kB
SwapTotal:        262140 kB
SwapFree:         224720 kB
Dirty:               824 kB
Writeback:             0 kB
AnonPages:        471032 kB
Mapped:           334624 kB
Shmem:               260 kB
Slab:              56364 kB
SReclaimable:      16896 kB
SUnreclaim:        39468 kB
KernelStack:       16360 kB
PageTables:        28324 kB
NFS_Unstable:          0 kB
Bounce:                0 kB
WritebackTmp:          0 kB
CommitLimit:     1242116 kB
Committed_AS:   57792844 kB
VmallocTotal:     409600 kB
VmallocUsed:       39732 kB
VmallocChunk:      92188 kB
Time pass: 58 sec

---2015-12-04 22:37:52
MemTotal:        1959952 kB
MemFree:           88124 kB
Buffers:            3096 kB
Cached:           964876 kB
SwapCached:          788 kB
Active:           765052 kB
Inactive:         664400 kB
Active(anon):     280716 kB
Inactive(anon):   182612 kB
Active(file):     484336 kB
Inactive(file):   481788 kB
Unevictable:        1580 kB
Mlocked:               0 kB
HighTotal:       1372556 kB
HighFree:          29112 kB
LowTotal:         587396 kB
LowFree:           59012 kB
SwapTotal:        262140 kB
SwapFree:         224724 kB
Dirty:               604 kB
Writeback:             0 kB
AnonPages:        463292 kB
Mapped:           343472 kB
Shmem:               260 kB
Slab:              56336 kB
SReclaimable:      16896 kB
SUnreclaim:        39440 kB
KernelStack:       16352 kB
PageTables:        28336 kB
NFS_Unstable:          0 kB
Bounce:                0 kB
WritebackTmp:          0 kB
CommitLimit:     1242116 kB
Committed_AS:   57784960 kB
VmallocTotal:     409600 kB
VmallocUsed:       39768 kB
VmallocChunk:      92188 kB
Time pass: 61 sec

---2015-12-04 22:37:52
MemTotal:        1959952 kB
MemFree:           87528 kB
Buffers:            3096 kB
Cached:           965020 kB
SwapCached:          788 kB
Active:           765956 kB
Inactive:         664488 kB
Active(anon):     281584 kB
Inactive(anon):   182616 kB
Active(file):     484372 kB
Inactive(file):   481872 kB
Unevictable:        1580 kB
Mlocked:               0 kB
HighTotal:       1372556 kB
HighFree:          28576 kB
LowTotal:         587396 kB
LowFree:           58952 kB
SwapTotal:        262140 kB
SwapFree:         224732 kB
Dirty:               708 kB
Writeback:             0 kB
AnonPages:        463796 kB
Mapped:           343536 kB
Shmem:               260 kB
Slab:              56372 kB
SReclaimable:      16896 kB
SUnreclaim:        39476 kB
KernelStack:       16352 kB
PageTables:        28352 kB
NFS_Unstable:          0 kB
Bounce:                0 kB
WritebackTmp:          0 kB
CommitLimit:     1242116 kB
Committed_AS:   57784972 kB
VmallocTotal:     409600 kB
VmallocUsed:       39768 kB
VmallocChunk:      92188 kB
Time pass: 65 sec

---2015-12-04 22:37:52
MemTotal:        1959952 kB
MemFree:           94288 kB
Buffers:            3092 kB
Cached:           934328 kB
SwapCached:          780 kB
Active:           758940 kB
Inactive:         645900 kB
Active(anon):     286884 kB
Inactive(anon):   182376 kB
Active(file):     472056 kB
Inactive(file):   463524 kB
Unevictable:        1580 kB
Mlocked:               0 kB
HighTotal:       1372556 kB
HighFree:          32300 kB
LowTotal:         587396 kB
LowFree:           61988 kB
SwapTotal:        262140 kB
SwapFree:         222148 kB
Dirty:               836 kB
Writeback:             0 kB
AnonPages:        468948 kB
Mapped:           353756 kB
Shmem:               260 kB
Slab:              56424 kB
SReclaimable:      16860 kB
SUnreclaim:        39564 kB
KernelStack:       16376 kB
PageTables:        28412 kB
NFS_Unstable:          0 kB
Bounce:                0 kB
WritebackTmp:          0 kB
CommitLimit:     1242116 kB
Committed_AS:   57791532 kB
VmallocTotal:     409600 kB
VmallocUsed:       39844 kB
VmallocChunk:      92188 kB
Time pass: 69 sec

---2015-12-04 22:37:52
MemTotal:        1959952 kB
MemFree:           81632 kB
Buffers:            3092 kB
Cached:           939768 kB
SwapCached:          780 kB
Active:           767856 kB
Inactive:         651292 kB
Active(anon):     295760 kB
Inactive(anon):   182368 kB
Active(file):     472096 kB
Inactive(file):   468924 kB
Unevictable:        1580 kB
Mlocked:               0 kB
HighTotal:       1372556 kB
HighFree:          24096 kB
LowTotal:         587396 kB
LowFree:           57536 kB
SwapTotal:        262140 kB
SwapFree:         222148 kB
Dirty:              1092 kB
Writeback:             0 kB
AnonPages:        477644 kB
Mapped:           356648 kB
Shmem:               260 kB
Slab:              56556 kB
SReclaimable:      16860 kB
SUnreclaim:        39696 kB
KernelStack:       16456 kB
PageTables:        28452 kB
NFS_Unstable:          0 kB
Bounce:                0 kB
WritebackTmp:          0 kB
CommitLimit:     1242116 kB
Committed_AS:   57806216 kB
VmallocTotal:     409600 kB
VmallocUsed:       39844 kB
VmallocChunk:      92188 kB
Time pass: 73 sec

---2015-12-04 22:37:52
MemTotal:        1959952 kB
MemFree:           83648 kB
Buffers:            3060 kB
Cached:           910964 kB
SwapCached:         1556 kB
Active:           759948 kB
Inactive:         639548 kB
Active(anon):     303092 kB
Inactive(anon):   184356 kB
Active(file):     456856 kB
Inactive(file):   455192 kB
Unevictable:        1580 kB
Mlocked:               0 kB
HighTotal:       1372556 kB
HighFree:          30088 kB
LowTotal:         587396 kB
LowFree:           53560 kB
SwapTotal:        262140 kB
SwapFree:         221140 kB
Dirty:               916 kB
Writeback:             0 kB
AnonPages:        486964 kB
Mapped:           354720 kB
Shmem:               396 kB
Slab:              56060 kB
SReclaimable:      16808 kB
SUnreclaim:        39252 kB
KernelStack:       16560 kB
PageTables:        28600 kB
NFS_Unstable:          0 kB
Bounce:                0 kB
WritebackTmp:          0 kB
CommitLimit:     1242116 kB
Committed_AS:   57827244 kB
VmallocTotal:     409600 kB
VmallocUsed:       39844 kB
VmallocChunk:      92188 kB
Time pass: 78 sec

---2015-12-04 22:37:52
MemTotal:        1959952 kB
MemFree:           90728 kB
Buffers:            3056 kB
Cached:           899080 kB
SwapCached:         1556 kB
Active:           754064 kB
Inactive:         635084 kB
Active(anon):     303748 kB
Inactive(anon):   185308 kB
Active(file):     450316 kB
Inactive(file):   449776 kB
Unevictable:        1580 kB
Mlocked:               0 kB
HighTotal:       1372556 kB
HighFree:          29228 kB
LowTotal:         587396 kB
LowFree:           61500 kB
SwapTotal:        262140 kB
SwapFree:         220468 kB
Dirty:               852 kB
Writeback:             0 kB
AnonPages:        488500 kB
Mapped:           354756 kB
Shmem:               464 kB
Slab:              55648 kB
SReclaimable:      16600 kB
SUnreclaim:        39048 kB
KernelStack:       16560 kB
PageTables:        28656 kB
NFS_Unstable:          0 kB
Bounce:                0 kB
WritebackTmp:          0 kB
CommitLimit:     1242116 kB
Committed_AS:   57829032 kB
VmallocTotal:     409600 kB
VmallocUsed:       39844 kB
VmallocChunk:      92188 kB
Time pass: 82 sec

---2015-12-04 22:37:52
MemTotal:        1959952 kB
MemFree:           80032 kB
Buffers:            3056 kB
Cached:           887344 kB
SwapCached:         1556 kB
Active:           747200 kB
Inactive:         630188 kB
Active(anon):     303052 kB
Inactive(anon):   186116 kB
Active(file):     444148 kB
Inactive(file):   444072 kB
Unevictable:        1580 kB
Mlocked:               0 kB
HighTotal:       1372556 kB
HighFree:          24272 kB
LowTotal:         587396 kB
LowFree:           55760 kB
SwapTotal:        262140 kB
SwapFree:         219796 kB
Dirty:               856 kB
Writeback:             0 kB
AnonPages:        488428 kB
Mapped:           354716 kB
Shmem:               600 kB
Slab:              55796 kB
SReclaimable:      16628 kB
SUnreclaim:        39168 kB
KernelStack:       16544 kB
PageTables:        28772 kB
NFS_Unstable:          0 kB
Bounce:                0 kB
WritebackTmp:          0 kB
CommitLimit:     1242116 kB
Committed_AS:   57829168 kB
VmallocTotal:     409600 kB
VmallocUsed:       39844 kB
VmallocChunk:      92188 kB
Time pass: 86 sec

---2015-12-04 22:37:52
MemTotal:        1959952 kB
MemFree:           79520 kB
Buffers:            3056 kB
Cached:           887396 kB
SwapCached:         1556 kB
Active:           747528 kB
Inactive:         630240 kB
Active(anon):     303380 kB
Inactive(anon):   186168 kB
Active(file):     444148 kB
Inactive(file):   444072 kB
Unevictable:        1580 kB
Mlocked:               0 kB
HighTotal:       1372556 kB
HighFree:          24184 kB
LowTotal:         587396 kB
LowFree:           55336 kB
SwapTotal:        262140 kB
SwapFree:         219796 kB
Dirty:               852 kB
Writeback:             0 kB
AnonPages:        488748 kB
Mapped:           354944 kB
Shmem:               652 kB
Slab:              55932 kB
SReclaimable:      16700 kB
SUnreclaim:        39232 kB
KernelStack:       16496 kB
PageTables:        28748 kB
NFS_Unstable:          0 kB
Bounce:                0 kB
WritebackTmp:          0 kB
CommitLimit:     1242116 kB
Committed_AS:   57829152 kB
VmallocTotal:     409600 kB
VmallocUsed:       39844 kB
VmallocChunk:      92188 kB
Time pass: 90 sec

---2015-12-04 22:37:52
MemTotal:        1959952 kB
MemFree:           83172 kB
Buffers:            3056 kB
Cached:           879084 kB
SwapCached:         1588 kB
Active:           737308 kB
Inactive:         626224 kB
Active(anon):     297948 kB
Inactive(anon):   185384 kB
Active(file):     439360 kB
Inactive(file):   440840 kB
Unevictable:        1580 kB
Mlocked:               0 kB
HighTotal:       1372556 kB
HighFree:          27796 kB
LowTotal:         587396 kB
LowFree:           55376 kB
SwapTotal:        262140 kB
SwapFree:         219164 kB
Dirty:                60 kB
Writeback:             0 kB
AnonPages:        483316 kB
Mapped:           357200 kB
Shmem:               264 kB
Slab:              55968 kB
SReclaimable:      16748 kB
SUnreclaim:        39220 kB
KernelStack:       16344 kB
PageTables:        28432 kB
NFS_Unstable:          0 kB
Bounce:                0 kB
WritebackTmp:          0 kB
CommitLimit:     1242116 kB
Committed_AS:   57808456 kB
VmallocTotal:     409600 kB
VmallocUsed:       39844 kB
VmallocChunk:      92188 kB
Time pass: 94 sec

---2015-12-04 22:37:52
MemTotal:        1959952 kB
MemFree:          344372 kB
Buffers:            3056 kB
Cached:           873160 kB
SwapCached:         1588 kB
Active:           657616 kB
Inactive:         619176 kB
Active(anon):     220380 kB
Inactive(anon):   181996 kB
Active(file):     437236 kB
Inactive(file):   437180 kB
Unevictable:        1580 kB
Mlocked:               0 kB
HighTotal:       1372556 kB
HighFree:         190848 kB
LowTotal:         587396 kB
LowFree:          153524 kB
SwapTotal:        262140 kB
SwapFree:         218592 kB
Dirty:               296 kB
Writeback:             0 kB
AnonPages:        402156 kB
Mapped:           262912 kB
Shmem:               124 kB
Slab:              56100 kB
SReclaimable:      16764 kB
SUnreclaim:        39336 kB
KernelStack:       15488 kB
PageTables:        26792 kB
NFS_Unstable:          0 kB
Bounce:                0 kB
WritebackTmp:          0 kB
CommitLimit:     1242116 kB
Committed_AS:   55800592 kB
VmallocTotal:     409600 kB
VmallocUsed:       37056 kB
VmallocChunk:     100380 kB
Time pass: 98 sec

---2015-12-04 22:37:52
MemTotal:        1959952 kB
MemFree:          346272 kB
Buffers:            3056 kB
Cached:           873160 kB
SwapCached:         1580 kB
Active:           655740 kB
Inactive:         619212 kB
Active(anon):     218504 kB
Inactive(anon):   181976 kB
Active(file):     437236 kB
Inactive(file):   437236 kB
Unevictable:        1580 kB
Mlocked:               0 kB
HighTotal:       1372556 kB
HighFree:         191692 kB
LowTotal:         587396 kB
LowFree:          154580 kB
SwapTotal:        262140 kB
SwapFree:         218620 kB
Dirty:               308 kB
Writeback:             0 kB
AnonPages:        400172 kB
Mapped:           262964 kB
Shmem:               124 kB
Slab:              56056 kB
SReclaimable:      16772 kB
SUnreclaim:        39284 kB
KernelStack:       15504 kB
PageTables:        26808 kB
NFS_Unstable:          0 kB
Bounce:                0 kB
WritebackTmp:          0 kB
CommitLimit:     1242116 kB
Committed_AS:   55800856 kB
VmallocTotal:     409600 kB
VmallocUsed:       37056 kB
VmallocChunk:     100380 kB
Time pass: 102 sec

---2015-12-04 22:37:52
MemTotal:        1959952 kB
MemFree:          346388 kB
Buffers:            3056 kB
Cached:           873160 kB
SwapCached:         1580 kB
Active:           655660 kB
Inactive:         619208 kB
Active(anon):     218420 kB
Inactive(anon):   181976 kB
Active(file):     437240 kB
Inactive(file):   437232 kB
Unevictable:        1580 kB
Mlocked:               0 kB
HighTotal:       1372556 kB
HighFree:         191680 kB
LowTotal:         587396 kB
LowFree:          154708 kB
SwapTotal:        262140 kB
SwapFree:         218620 kB
Dirty:                48 kB
Writeback:             0 kB
AnonPages:        400256 kB
Mapped:           262912 kB
Shmem:               124 kB
Slab:              55876 kB
SReclaimable:      16772 kB
SUnreclaim:        39104 kB
KernelStack:       15488 kB
PageTables:        26792 kB
NFS_Unstable:          0 kB
Bounce:                0 kB
WritebackTmp:          0 kB
CommitLimit:     1242116 kB
Committed_AS:   55801100 kB
VmallocTotal:     409600 kB
VmallocUsed:       37056 kB
VmallocChunk:     100380 kB
Time pass: 106 sec

---2015-12-04 22:37:52
MemTotal:        1959952 kB
MemFree:          271848 kB
Buffers:            3056 kB
Cached:           874152 kB
SwapCached:         1616 kB
Active:           683268 kB
Inactive:         617892 kB
Active(anon):     243844 kB
Inactive(anon):   182124 kB
Active(file):     439424 kB
Inactive(file):   435768 kB
Unevictable:        1580 kB
Mlocked:               0 kB
HighTotal:       1372556 kB
HighFree:         155476 kB
LowTotal:         587396 kB
LowFree:          116372 kB
SwapTotal:        262140 kB
SwapFree:         218624 kB
Dirty:                80 kB
Writeback:             0 kB
AnonPages:        425796 kB
Mapped:           290240 kB
Shmem:               256 kB
Slab:              56228 kB
SReclaimable:      16780 kB
SUnreclaim:        39448 kB
KernelStack:       16232 kB
PageTables:        28000 kB
NFS_Unstable:          0 kB
Bounce:                0 kB
WritebackTmp:          0 kB
CommitLimit:     1242116 kB
Committed_AS:   57759908 kB
VmallocTotal:     409600 kB
VmallocUsed:       37220 kB
VmallocChunk:     100380 kB
Time pass: 109 sec

---2015-12-04 22:37:52
MemTotal:        1959952 kB
MemFree:          228948 kB
Buffers:            4208 kB
Cached:           875560 kB
SwapCached:         1664 kB
Active:           698656 kB
Inactive:         619100 kB
Active(anon):     258972 kB
Inactive(anon):   180868 kB
Active(file):     439684 kB
Inactive(file):   438232 kB
Unevictable:        1580 kB
Mlocked:               0 kB
HighTotal:       1372556 kB
HighFree:         126008 kB
LowTotal:         587396 kB
LowFree:          102940 kB
SwapTotal:        262140 kB
SwapFree:         218636 kB
Dirty:               840 kB
Writeback:           240 kB
AnonPages:        439656 kB
Mapped:           298796 kB
Shmem:               260 kB
Slab:              56500 kB
SReclaimable:      16856 kB
SUnreclaim:        39644 kB
KernelStack:       16368 kB
PageTables:        28100 kB
NFS_Unstable:          0 kB
Bounce:                0 kB
WritebackTmp:          0 kB
CommitLimit:     1242116 kB
Committed_AS:   57773060 kB
VmallocTotal:     409600 kB
VmallocUsed:       37340 kB
VmallocChunk:     100380 kB
Time pass: 113 sec

---2015-12-04 22:37:52
MemTotal:        1959952 kB
MemFree:          184164 kB
Buffers:            4208 kB
Cached:           876212 kB
SwapCached:         1664 kB
Active:           704928 kB
Inactive:         619256 kB
Active(anon):     264680 kB
Inactive(anon):   180864 kB
Active(file):     440248 kB
Inactive(file):   438392 kB
Unevictable:        1580 kB
Mlocked:               0 kB
HighTotal:       1372556 kB
HighFree:         110524 kB
LowTotal:         587396 kB
LowFree:           73640 kB
SwapTotal:        262140 kB
SwapFree:         218636 kB
Dirty:              1780 kB
Writeback:             0 kB
AnonPages:        445416 kB
Mapped:           304264 kB
Shmem:               260 kB
Slab:              56660 kB
SReclaimable:      16860 kB
SUnreclaim:        39800 kB
KernelStack:       16312 kB
PageTables:        28196 kB
NFS_Unstable:          0 kB
Bounce:                0 kB
WritebackTmp:          0 kB
CommitLimit:     1242116 kB
Committed_AS:   57778724 kB
VmallocTotal:     409600 kB
VmallocUsed:       37512 kB
VmallocChunk:     100380 kB
Time pass: 117 sec

---2015-12-04 22:37:52
MemTotal:        1959952 kB
MemFree:          142268 kB
Buffers:            4208 kB
Cached:           876876 kB
SwapCached:         1664 kB
Active:           707324 kB
Inactive:         618556 kB
Active(anon):     265792 kB
Inactive(anon):   180860 kB
Active(file):     441532 kB
Inactive(file):   437696 kB
Unevictable:        1580 kB
Mlocked:               0 kB
HighTotal:       1372556 kB
HighFree:          73980 kB
LowTotal:         587396 kB
LowFree:           68288 kB
SwapTotal:        262140 kB
SwapFree:         218636 kB
Dirty:              1384 kB
Writeback:             0 kB
AnonPages:        446244 kB
Mapped:           337116 kB
Shmem:               260 kB
Slab:              56544 kB
SReclaimable:      16860 kB
SUnreclaim:        39684 kB
KernelStack:       16312 kB
PageTables:        28280 kB
NFS_Unstable:          0 kB
Bounce:                0 kB
WritebackTmp:          0 kB
CommitLimit:     1242116 kB
Committed_AS:   57780224 kB
VmallocTotal:     409600 kB
VmallocUsed:       37656 kB
VmallocChunk:     100380 kB
Time pass: 120 sec

---2015-12-04 22:37:52
MemTotal:        1959952 kB
MemFree:          147468 kB
Buffers:            4208 kB
Cached:           876884 kB
SwapCached:         1664 kB
Active:           702612 kB
Inactive:         618556 kB
Active(anon):     261076 kB
Inactive(anon):   180840 kB
Active(file):     441536 kB
Inactive(file):   437716 kB
Unevictable:        1580 kB
Mlocked:               0 kB
HighTotal:       1372556 kB
HighFree:          79080 kB
LowTotal:         587396 kB
LowFree:           68388 kB
SwapTotal:        262140 kB
SwapFree:         218636 kB
Dirty:               484 kB
Writeback:             0 kB
AnonPages:        441500 kB
Mapped:           337248 kB
Shmem:               260 kB
Slab:              56604 kB
SReclaimable:      16860 kB
SUnreclaim:        39744 kB
KernelStack:       16296 kB
PageTables:        28280 kB
NFS_Unstable:          0 kB
Bounce:                0 kB
WritebackTmp:          0 kB
CommitLimit:     1242116 kB
Committed_AS:   57780140 kB
VmallocTotal:     409600 kB
VmallocUsed:       37656 kB
VmallocChunk:     100380 kB
Time pass: 124 sec

---2015-12-04 22:37:52
MemTotal:        1959952 kB
MemFree:          119780 kB
Buffers:            4208 kB
Cached:           876904 kB
SwapCached:         1664 kB
Active:           709064 kB
Inactive:         618544 kB
Active(anon):     267496 kB
Inactive(anon):   180840 kB
Active(file):     441568 kB
Inactive(file):   437704 kB
Unevictable:        1580 kB
Mlocked:               0 kB
HighTotal:       1372556 kB
HighFree:          51840 kB
LowTotal:         587396 kB
LowFree:           67940 kB
SwapTotal:        262140 kB
SwapFree:         218640 kB
Dirty:              1144 kB
Writeback:             0 kB
AnonPages:        447988 kB
Mapped:           352312 kB
Shmem:               260 kB
Slab:              56584 kB
SReclaimable:      16860 kB
SUnreclaim:        39724 kB
KernelStack:       16320 kB
PageTables:        28424 kB
NFS_Unstable:          0 kB
Bounce:                0 kB
WritebackTmp:          0 kB
CommitLimit:     1242116 kB
Committed_AS:   57786676 kB
VmallocTotal:     409600 kB
VmallocUsed:       37732 kB
VmallocChunk:     100380 kB
Time pass: 127 sec

---2015-12-04 22:37:52
MemTotal:        1959952 kB
MemFree:          119604 kB
Buffers:            4208 kB
Cached:           876904 kB
SwapCached:         1664 kB
Active:           708568 kB
Inactive:         618536 kB
Active(anon):     266992 kB
Inactive(anon):   180840 kB
Active(file):     441576 kB
Inactive(file):   437696 kB
Unevictable:        1580 kB
Mlocked:               0 kB
HighTotal:       1372556 kB
HighFree:          51632 kB
LowTotal:         587396 kB
LowFree:           67972 kB
SwapTotal:        262140 kB
SwapFree:         218640 kB
Dirty:               624 kB
Writeback:             0 kB
AnonPages:        447504 kB
Mapped:           351656 kB
Shmem:               260 kB
Slab:              56556 kB
SReclaimable:      16860 kB
SUnreclaim:        39696 kB
KernelStack:       16320 kB
PageTables:        28420 kB
NFS_Unstable:          0 kB
Bounce:                0 kB
WritebackTmp:          0 kB
CommitLimit:     1242116 kB
Committed_AS:   57784240 kB
VmallocTotal:     409600 kB
VmallocUsed:       37732 kB
VmallocChunk:     100380 kB
Time pass: 131 sec

---2015-12-04 22:37:52
MemTotal:        1959952 kB
MemFree:          118848 kB
Buffers:            4208 kB
Cached:           876904 kB
SwapCached:         1664 kB
Active:           708772 kB
Inactive:         618536 kB
Active(anon):     267196 kB
Inactive(anon):   180840 kB
Active(file):     441576 kB
Inactive(file):   437696 kB
Unevictable:        1580 kB
Mlocked:               0 kB
HighTotal:       1372556 kB
HighFree:          50908 kB
LowTotal:         587396 kB
LowFree:           67940 kB
SwapTotal:        262140 kB
SwapFree:         218640 kB
Dirty:               624 kB
Writeback:             0 kB
AnonPages:        447820 kB
Mapped:           351708 kB
Shmem:               260 kB
Slab:              56544 kB
SReclaimable:      16860 kB
SUnreclaim:        39684 kB
KernelStack:       16336 kB
PageTables:        28436 kB
NFS_Unstable:          0 kB
Bounce:                0 kB
WritebackTmp:          0 kB
CommitLimit:     1242116 kB
Committed_AS:   57784396 kB
VmallocTotal:     409600 kB
VmallocUsed:       37732 kB
VmallocChunk:     100380 kB
Time pass: 135 sec

---2015-12-04 22:37:52
MemTotal:        1959952 kB
MemFree:          116112 kB
Buffers:            4208 kB
Cached:           877056 kB
SwapCached:         1664 kB
Active:           712936 kB
Inactive:         617712 kB
Active(anon):     270380 kB
Inactive(anon):   180960 kB
Active(file):     442556 kB
Inactive(file):   436752 kB
Unevictable:        1580 kB
Mlocked:               0 kB
HighTotal:       1372556 kB
HighFree:          50356 kB
LowTotal:         587396 kB
LowFree:           65756 kB
SwapTotal:        262140 kB
SwapFree:         218644 kB
Dirty:               632 kB
Writeback:             0 kB
AnonPages:        450648 kB
Mapped:           353536 kB
Shmem:               376 kB
Slab:              56420 kB
SReclaimable:      16868 kB
SUnreclaim:        39552 kB
KernelStack:       16480 kB
PageTables:        28492 kB
NFS_Unstable:          0 kB
Bounce:                0 kB
WritebackTmp:          0 kB
CommitLimit:     1242116 kB
Committed_AS:   57787816 kB
VmallocTotal:     409600 kB
VmallocUsed:       37732 kB
VmallocChunk:     100380 kB
Time pass: 138 sec

---2015-12-04 22:37:52
MemTotal:        1959952 kB
MemFree:          105188 kB
Buffers:            4208 kB
Cached:           877156 kB
SwapCached:         1664 kB
Active:           723992 kB
Inactive:         617800 kB
Active(anon):     281428 kB
Inactive(anon):   181048 kB
Active(file):     442564 kB
Inactive(file):   436752 kB
Unevictable:        1580 kB
Mlocked:               0 kB
HighTotal:       1372556 kB
HighFree:          39852 kB
LowTotal:         587396 kB
LowFree:           65336 kB
SwapTotal:        262140 kB
SwapFree:         218644 kB
Dirty:               636 kB
Writeback:             0 kB
AnonPages:        462168 kB
Mapped:           354528 kB
Shmem:               468 kB
Slab:              56356 kB
SReclaimable:      16876 kB
SUnreclaim:        39480 kB
KernelStack:       16512 kB
PageTables:        28504 kB
NFS_Unstable:          0 kB
Bounce:                0 kB
WritebackTmp:          0 kB
CommitLimit:     1242116 kB
Committed_AS:   57813884 kB
VmallocTotal:     409600 kB
VmallocUsed:       37732 kB
VmallocChunk:     100380 kB
Time pass: 142 sec

---2015-12-04 22:37:52
MemTotal:        1959952 kB
MemFree:          103776 kB
Buffers:            4208 kB
Cached:           877168 kB
SwapCached:         1664 kB
Active:           724332 kB
Inactive:         617812 kB
Active(anon):     281768 kB
Inactive(anon):   181060 kB
Active(file):     442564 kB
Inactive(file):   436752 kB
Unevictable:        1580 kB
Mlocked:               0 kB
HighTotal:       1372556 kB
HighFree:          38432 kB
LowTotal:         587396 kB
LowFree:           65344 kB
SwapTotal:        262140 kB
SwapFree:         218644 kB
Dirty:               628 kB
Writeback:             0 kB
AnonPages:        462012 kB
Mapped:           354528 kB
Shmem:               480 kB
Slab:              56308 kB
SReclaimable:      16868 kB
SUnreclaim:        39440 kB
KernelStack:       16512 kB
PageTables:        28508 kB
NFS_Unstable:          0 kB
Bounce:                0 kB
WritebackTmp:          0 kB
CommitLimit:     1242116 kB
Committed_AS:   57813964 kB
VmallocTotal:     409600 kB
VmallocUsed:       37732 kB
VmallocChunk:     100380 kB
Time pass: 146 sec

---2015-12-04 22:37:52
MemTotal:        1959952 kB
MemFree:          102252 kB
Buffers:            4208 kB
Cached:           877480 kB
SwapCached:         1664 kB
Active:           725212 kB
Inactive:         618124 kB
Active(anon):     282648 kB
Inactive(anon):   181168 kB
Active(file):     442564 kB
Inactive(file):   436956 kB
Unevictable:        1580 kB
Mlocked:               0 kB
HighTotal:       1372556 kB
HighFree:          37412 kB
LowTotal:         587396 kB
LowFree:           64840 kB
SwapTotal:        262140 kB
SwapFree:         218648 kB
Dirty:               632 kB
Writeback:             0 kB
AnonPages:        463104 kB
Mapped:           354572 kB
Shmem:               588 kB
Slab:              56396 kB
SReclaimable:      16868 kB
SUnreclaim:        39528 kB
KernelStack:       16528 kB
PageTables:        28592 kB
NFS_Unstable:          0 kB
Bounce:                0 kB
WritebackTmp:          0 kB
CommitLimit:     1242116 kB
Committed_AS:   57814464 kB
VmallocTotal:     409600 kB
VmallocUsed:       37732 kB
VmallocChunk:     100380 kB
Time pass: 150 sec

---2015-12-04 22:37:52
MemTotal:        1959952 kB
MemFree:          101936 kB
Buffers:            4208 kB
Cached:           877636 kB
SwapCached:         1664 kB
Active:           725332 kB
Inactive:         618268 kB
Active(anon):     282752 kB
Inactive(anon):   181176 kB
Active(file):     442580 kB
Inactive(file):   437092 kB
Unevictable:        1580 kB
Mlocked:               0 kB
HighTotal:       1372556 kB
HighFree:          37156 kB
LowTotal:         587396 kB
LowFree:           64780 kB
SwapTotal:        262140 kB
SwapFree:         218648 kB
Dirty:               596 kB
Writeback:             0 kB
AnonPages:        463116 kB
Mapped:           354612 kB
Shmem:               592 kB
Slab:              56364 kB
SReclaimable:      16868 kB
SUnreclaim:        39496 kB
KernelStack:       16512 kB
PageTables:        28600 kB
NFS_Unstable:          0 kB
Bounce:                0 kB
WritebackTmp:          0 kB
CommitLimit:     1242116 kB
Committed_AS:   57814492 kB
VmallocTotal:     409600 kB
VmallocUsed:       37732 kB
VmallocChunk:     100380 kB
Time pass: 153 sec

---2015-12-04 22:37:52
MemTotal:        1959952 kB
MemFree:           89220 kB
Buffers:            4208 kB
Cached:           877504 kB
SwapCached:         1664 kB
Active:           724256 kB
Inactive:         618124 kB
Active(anon):     281664 kB
Inactive(anon):   180912 kB
Active(file):     442592 kB
Inactive(file):   437212 kB
Unevictable:        1580 kB
Mlocked:               0 kB
HighTotal:       1372556 kB
HighFree:          28264 kB
LowTotal:         587396 kB
LowFree:           60956 kB
SwapTotal:        262140 kB
SwapFree:         218648 kB
Dirty:               664 kB
Writeback:             0 kB
AnonPages:        461684 kB
Mapped:           354336 kB
Shmem:               328 kB
Slab:              56364 kB
SReclaimable:      16868 kB
SUnreclaim:        39496 kB
KernelStack:       16456 kB
PageTables:        28468 kB
NFS_Unstable:          0 kB
Bounce:                0 kB
WritebackTmp:          0 kB
CommitLimit:     1242116 kB
Committed_AS:   57802616 kB
VmallocTotal:     409600 kB
VmallocUsed:       37732 kB
VmallocChunk:     100380 kB
Time pass: 157 sec

---2015-12-04 22:37:52
MemTotal:        1959952 kB
MemFree:           82712 kB
Buffers:            4208 kB
Cached:           877696 kB
SwapCached:         1664 kB
Active:           732608 kB
Inactive:         618316 kB
Active(anon):     290016 kB
Inactive(anon):   181104 kB
Active(file):     442592 kB
Inactive(file):   437212 kB
Unevictable:        1580 kB
Mlocked:               0 kB
HighTotal:       1372556 kB
HighFree:          25408 kB
LowTotal:         587396 kB
LowFree:           57304 kB
SwapTotal:        262140 kB
SwapFree:         218648 kB
Dirty:               656 kB
Writeback:             0 kB
AnonPages:        470544 kB
Mapped:           354784 kB
Shmem:               520 kB
Slab:              56504 kB
SReclaimable:      16868 kB
SUnreclaim:        39636 kB
KernelStack:       16536 kB
PageTables:        28592 kB
NFS_Unstable:          0 kB
Bounce:                0 kB
WritebackTmp:          0 kB
CommitLimit:     1242116 kB
Committed_AS:   57821752 kB
VmallocTotal:     409600 kB
VmallocUsed:       37732 kB
VmallocChunk:     100380 kB
Time pass: 161 sec

---2015-12-04 22:37:52
MemTotal:        1959952 kB
MemFree:          112604 kB
Buffers:            4512 kB
Cached:           868532 kB
SwapCached:         1664 kB
Active:           726216 kB
Inactive:         617032 kB
Active(anon):     291548 kB
Inactive(anon):   180896 kB
Active(file):     434668 kB
Inactive(file):   436136 kB
Unevictable:        1580 kB
Mlocked:               0 kB
HighTotal:       1372556 kB
HighFree:          39480 kB
LowTotal:         587396 kB
LowFree:           73124 kB
SwapTotal:        262140 kB
SwapFree:         217908 kB
Dirty:               692 kB
Writeback:             0 kB
AnonPages:        471300 kB
Mapped:           352424 kB
Shmem:               660 kB
Slab:              56404 kB
SReclaimable:      16804 kB
SUnreclaim:        39600 kB
KernelStack:       16528 kB
PageTables:        28588 kB
NFS_Unstable:          0 kB
Bounce:                0 kB
WritebackTmp:          0 kB
CommitLimit:     1242116 kB
Committed_AS:   57822080 kB
VmallocTotal:     409600 kB
VmallocUsed:       37732 kB
VmallocChunk:     100380 kB
Time pass: 164 sec

---2015-12-04 22:37:52
MemTotal:        1959952 kB
MemFree:          112948 kB
Buffers:            4512 kB
Cached:           868532 kB
SwapCached:         1664 kB
Active:           727768 kB
Inactive:         616416 kB
Active(anon):     292484 kB
Inactive(anon):   180896 kB
Active(file):     435284 kB
Inactive(file):   435520 kB
Unevictable:        1580 kB
Mlocked:               0 kB
HighTotal:       1372556 kB
HighFree:          39256 kB
LowTotal:         587396 kB
LowFree:           73692 kB
SwapTotal:        262140 kB
SwapFree:         217908 kB
Dirty:               712 kB
Writeback:             0 kB
AnonPages:        472728 kB
Mapped:           352424 kB
Shmem:               660 kB
Slab:              56176 kB
SReclaimable:      16804 kB
SUnreclaim:        39372 kB
KernelStack:       16528 kB
PageTables:        28592 kB
NFS_Unstable:          0 kB
Bounce:                0 kB
WritebackTmp:          0 kB
CommitLimit:     1242116 kB
Committed_AS:   57822124 kB
VmallocTotal:     409600 kB
VmallocUsed:       37732 kB
VmallocChunk:     100380 kB
Time pass: 168 sec

---2015-12-04 22:37:52
MemTotal:        1959952 kB
MemFree:          111424 kB
Buffers:            4512 kB
Cached:           868656 kB
SwapCached:         1664 kB
Active:           728564 kB
Inactive:         616540 kB
Active(anon):     293280 kB
Inactive(anon):   180916 kB
Active(file):     435284 kB
Inactive(file):   435624 kB
Unevictable:        1580 kB
Mlocked:               0 kB
HighTotal:       1372556 kB
HighFree:          38020 kB
LowTotal:         587396 kB
LowFree:           73404 kB
SwapTotal:        262140 kB
SwapFree:         217908 kB
Dirty:               756 kB
Writeback:             0 kB
AnonPages:        473292 kB
Mapped:           352700 kB
Shmem:               680 kB
Slab:              56304 kB
SReclaimable:      16804 kB
SUnreclaim:        39500 kB
KernelStack:       16688 kB
PageTables:        28544 kB
NFS_Unstable:          0 kB
Bounce:                0 kB
WritebackTmp:          0 kB
CommitLimit:     1242116 kB
Committed_AS:   57832464 kB
VmallocTotal:     409600 kB
VmallocUsed:       37732 kB
VmallocChunk:     100380 kB
Time pass: 172 sec

---2015-12-04 22:37:52
MemTotal:        1959952 kB
MemFree:          108976 kB
Buffers:            4512 kB
Cached:           869136 kB
SwapCached:         1664 kB
Active:           730800 kB
Inactive:         616900 kB
Active(anon):     295520 kB
Inactive(anon):   180912 kB
Active(file):     435280 kB
Inactive(file):   435988 kB
Unevictable:        1580 kB
Mlocked:               0 kB
HighTotal:       1372556 kB
HighFree:          34940 kB
LowTotal:         587396 kB
LowFree:           74036 kB
SwapTotal:        262140 kB
SwapFree:         217908 kB
Dirty:               716 kB
Writeback:             0 kB
AnonPages:        475876 kB
Mapped:           352408 kB
Shmem:               680 kB
Slab:              56240 kB
SReclaimable:      16804 kB
SUnreclaim:        39436 kB
KernelStack:       16496 kB
PageTables:        28748 kB
NFS_Unstable:          0 kB
Bounce:                0 kB
WritebackTmp:          0 kB
CommitLimit:     1242116 kB
Committed_AS:   58781356 kB
VmallocTotal:     409600 kB
VmallocUsed:       38752 kB
VmallocChunk:     100380 kB
Time pass: 176 sec

---2015-12-04 22:37:52
MemTotal:        1959952 kB
MemFree:          110948 kB
Buffers:            4512 kB
Cached:           869296 kB
SwapCached:         1660 kB
Active:           728620 kB
Inactive:         617176 kB
Active(anon):     293340 kB
Inactive(anon):   180888 kB
Active(file):     435280 kB
Inactive(file):   436288 kB
Unevictable:        1580 kB
Mlocked:               0 kB
HighTotal:       1372556 kB
HighFree:          32296 kB
LowTotal:         587396 kB
LowFree:           78652 kB
SwapTotal:        262140 kB
SwapFree:         217912 kB
Dirty:               716 kB
Writeback:             0 kB
AnonPages:        473496 kB
Mapped:           352572 kB
Shmem:               660 kB
Slab:              56328 kB
SReclaimable:      16804 kB
SUnreclaim:        39524 kB
KernelStack:       16512 kB
PageTables:        28596 kB
NFS_Unstable:          0 kB
Bounce:                0 kB
WritebackTmp:          0 kB
CommitLimit:     1242116 kB
Committed_AS:   57818872 kB
VmallocTotal:     409600 kB
VmallocUsed:       37732 kB
VmallocChunk:     100380 kB
Time pass: 180 sec

---2015-12-04 22:37:52
MemTotal:        1959952 kB
MemFree:          114464 kB
Buffers:            4512 kB
Cached:           869320 kB
SwapCached:         1660 kB
Active:           724320 kB
Inactive:         617196 kB
Active(anon):     289040 kB
Inactive(anon):   180908 kB
Active(file):     435280 kB
Inactive(file):   436288 kB
Unevictable:        1580 kB
Mlocked:               0 kB
HighTotal:       1372556 kB
HighFree:          34564 kB
LowTotal:         587396 kB
LowFree:           79900 kB
SwapTotal:        262140 kB
SwapFree:         217912 kB
Dirty:               716 kB
Writeback:             0 kB
AnonPages:        468900 kB
Mapped:           352616 kB
Shmem:               684 kB
Slab:              56292 kB
SReclaimable:      16804 kB
SUnreclaim:        39488 kB
KernelStack:       16480 kB
PageTables:        28612 kB
NFS_Unstable:          0 kB
Bounce:                0 kB
WritebackTmp:          0 kB
CommitLimit:     1242116 kB
Committed_AS:   57819092 kB
VmallocTotal:     409600 kB
VmallocUsed:       37732 kB
VmallocChunk:     100380 kB
Time pass: 184 sec

---2015-12-04 22:37:52
MemTotal:        1959952 kB
MemFree:          115208 kB
Buffers:            4512 kB
Cached:           869444 kB
SwapCached:         1660 kB
Active:           723772 kB
Inactive:         617324 kB
Active(anon):     288496 kB
Inactive(anon):   181032 kB
Active(file):     435276 kB
Inactive(file):   436292 kB
Unevictable:        1580 kB
Mlocked:               0 kB
HighTotal:       1372556 kB
HighFree:          35196 kB
LowTotal:         587396 kB
LowFree:           80012 kB
SwapTotal:        262140 kB
SwapFree:         217912 kB
Dirty:               736 kB
Writeback:             0 kB
AnonPages:        468440 kB
Mapped:           352728 kB
Shmem:               808 kB
Slab:              56132 kB
SReclaimable:      16804 kB
SUnreclaim:        39328 kB
KernelStack:       16472 kB
PageTables:        28596 kB
NFS_Unstable:          0 kB
Bounce:                0 kB
WritebackTmp:          0 kB
CommitLimit:     1242116 kB
Committed_AS:   57818136 kB
VmallocTotal:     409600 kB
VmallocUsed:       37732 kB
VmallocChunk:     100380 kB
Time pass: 188 sec

---2015-12-04 22:37:52
MemTotal:        1959952 kB
MemFree:          116452 kB
Buffers:            4512 kB
Cached:           869988 kB
SwapCached:         1660 kB
Active:           722260 kB
Inactive:         617740 kB
Active(anon):     286864 kB
Inactive(anon):   181024 kB
Active(file):     435396 kB
Inactive(file):   436716 kB
Unevictable:        1580 kB
Mlocked:               0 kB
HighTotal:       1372556 kB
HighFree:          35240 kB
LowTotal:         587396 kB
LowFree:           81212 kB
SwapTotal:        262140 kB
SwapFree:         217912 kB
Dirty:               744 kB
Writeback:             0 kB
AnonPages:        466848 kB
Mapped:           347104 kB
Shmem:               808 kB
Slab:              56244 kB
SReclaimable:      16804 kB
SUnreclaim:        39440 kB
KernelStack:       16400 kB
PageTables:        28408 kB
NFS_Unstable:          0 kB
Bounce:                0 kB
WritebackTmp:          0 kB
CommitLimit:     1242116 kB
Committed_AS:   57818572 kB
VmallocTotal:     409600 kB
VmallocUsed:       36712 kB
VmallocChunk:     100380 kB
Time pass: 192 sec

---2015-12-04 22:37:52
MemTotal:        1959952 kB
MemFree:          114456 kB
Buffers:            4512 kB
Cached:           869988 kB
SwapCached:         1660 kB
Active:           724420 kB
Inactive:         617736 kB
Active(anon):     289020 kB
Inactive(anon):   181024 kB
Active(file):     435400 kB
Inactive(file):   436712 kB
Unevictable:        1580 kB
Mlocked:               0 kB
HighTotal:       1372556 kB
HighFree:          33088 kB
LowTotal:         587396 kB
LowFree:           81368 kB
SwapTotal:        262140 kB
SwapFree:         217912 kB
Dirty:               732 kB
Writeback:             0 kB
AnonPages:        468820 kB
Mapped:           347348 kB
Shmem:               808 kB
Slab:              56212 kB
SReclaimable:      16804 kB
SUnreclaim:        39408 kB
KernelStack:       16416 kB
PageTables:        28292 kB
NFS_Unstable:          0 kB
Bounce:                0 kB
WritebackTmp:          0 kB
CommitLimit:     1242116 kB
Committed_AS:   57827960 kB
VmallocTotal:     409600 kB
VmallocUsed:       36712 kB
VmallocChunk:     100380 kB
Time pass: 195 sec

---2015-12-04 22:37:52
MemTotal:        1959952 kB
MemFree:          114132 kB
Buffers:            4512 kB
Cached:           869996 kB
SwapCached:         1660 kB
Active:           724440 kB
Inactive:         617744 kB
Active(anon):     289040 kB
Inactive(anon):   181032 kB
Active(file):     435400 kB
Inactive(file):   436712 kB
Unevictable:        1580 kB
Mlocked:               0 kB
HighTotal:       1372556 kB
HighFree:          32920 kB
LowTotal:         587396 kB
LowFree:           81212 kB
SwapTotal:        262140 kB
SwapFree:         217912 kB
Dirty:               732 kB
Writeback:             0 kB
AnonPages:        469108 kB
Mapped:           347184 kB
Shmem:               816 kB
Slab:              56212 kB
SReclaimable:      16804 kB
SUnreclaim:        39408 kB
KernelStack:       16416 kB
PageTables:        28432 kB
NFS_Unstable:          0 kB
Bounce:                0 kB
WritebackTmp:          0 kB
CommitLimit:     1242116 kB
Committed_AS:   57819696 kB
VmallocTotal:     409600 kB
VmallocUsed:       36712 kB
VmallocChunk:     100380 kB
Time pass: 199 sec

---2015-12-04 22:37:52
MemTotal:        1959952 kB
MemFree:          113424 kB
Buffers:            4512 kB
Cached:           869996 kB
SwapCached:         1660 kB
Active:           725740 kB
Inactive:         617744 kB
Active(anon):     290344 kB
Inactive(anon):   181028 kB
Active(file):     435396 kB
Inactive(file):   436716 kB
Unevictable:        1580 kB
Mlocked:               0 kB
HighTotal:       1372556 kB
HighFree:          31964 kB
LowTotal:         587396 kB
LowFree:           81460 kB
SwapTotal:        262140 kB
SwapFree:         217912 kB
Dirty:               756 kB
Writeback:             0 kB
AnonPages:        470392 kB
Mapped:           347184 kB
Shmem:               816 kB
Slab:              56212 kB
SReclaimable:      16804 kB
SUnreclaim:        39408 kB
KernelStack:       16416 kB
PageTables:        28436 kB
NFS_Unstable:          0 kB
Bounce:                0 kB
WritebackTmp:          0 kB
CommitLimit:     1242116 kB
Committed_AS:   57819772 kB
VmallocTotal:     409600 kB
VmallocUsed:       36712 kB
VmallocChunk:     100380 kB
Time pass: 203 sec

---2015-12-04 22:37:52
MemTotal:        1959952 kB
MemFree:          112112 kB
Buffers:            4512 kB
Cached:           869996 kB
SwapCached:         1660 kB
Active:           726956 kB
Inactive:         617744 kB
Active(anon):     291560 kB
Inactive(anon):   181028 kB
Active(file):     435396 kB
Inactive(file):   436716 kB
Unevictable:        1580 kB
Mlocked:               0 kB
HighTotal:       1372556 kB
HighFree:          30468 kB
LowTotal:         587396 kB
LowFree:           81644 kB
SwapTotal:        262140 kB
SwapFree:         217912 kB
Dirty:               752 kB
Writeback:             0 kB
AnonPages:        471480 kB
Mapped:           347184 kB
Shmem:               816 kB
Slab:              56212 kB
SReclaimable:      16804 kB
SUnreclaim:        39408 kB
KernelStack:       16416 kB
PageTables:        28440 kB
NFS_Unstable:          0 kB
Bounce:                0 kB
WritebackTmp:          0 kB
CommitLimit:     1242116 kB
Committed_AS:   57819876 kB
VmallocTotal:     409600 kB
VmallocUsed:       36712 kB
VmallocChunk:     100380 kB
Time pass: 206 sec

---2015-12-04 22:37:52
MemTotal:        1959952 kB
MemFree:          110980 kB
Buffers:            4512 kB
Cached:           869996 kB
SwapCached:         1660 kB
Active:           728244 kB
Inactive:         617740 kB
Active(anon):     292848 kB
Inactive(anon):   181024 kB
Active(file):     435396 kB
Inactive(file):   436716 kB
Unevictable:        1580 kB
Mlocked:               0 kB
HighTotal:       1372556 kB
HighFree:          29456 kB
LowTotal:         587396 kB
LowFree:           81524 kB
SwapTotal:        262140 kB
SwapFree:         217912 kB
Dirty:               752 kB
Writeback:             0 kB
AnonPages:        472864 kB
Mapped:           347384 kB
Shmem:               816 kB
Slab:              56276 kB
SReclaimable:      16804 kB
SUnreclaim:        39472 kB
KernelStack:       16536 kB
PageTables:        28448 kB
NFS_Unstable:          0 kB
Bounce:                0 kB
WritebackTmp:          0 kB
CommitLimit:     1242116 kB
Committed_AS:   57820028 kB
VmallocTotal:     409600 kB
VmallocUsed:       36712 kB
VmallocChunk:     100380 kB
Time pass: 210 sec

---2015-12-04 22:37:52
MemTotal:        1959952 kB
MemFree:          106856 kB
Buffers:            4512 kB
Cached:           870048 kB
SwapCached:         1660 kB
Active:           732400 kB
Inactive:         617784 kB
Active(anon):     296996 kB
Inactive(anon):   181024 kB
Active(file):     435404 kB
Inactive(file):   436760 kB
Unevictable:        1580 kB
Mlocked:               0 kB
HighTotal:       1372556 kB
HighFree:          25336 kB
LowTotal:         587396 kB
LowFree:           81520 kB
SwapTotal:        262140 kB
SwapFree:         217912 kB
Dirty:               744 kB
Writeback:             0 kB
AnonPages:        477296 kB
Mapped:           351528 kB
Shmem:               816 kB
Slab:              56180 kB
SReclaimable:      16804 kB
SUnreclaim:        39376 kB
KernelStack:       16408 kB
PageTables:        28728 kB
NFS_Unstable:          0 kB
Bounce:                0 kB
WritebackTmp:          0 kB
CommitLimit:     1242116 kB
Committed_AS:   58781932 kB
VmallocTotal:     409600 kB
VmallocUsed:       36712 kB
VmallocChunk:     100380 kB
Time pass: 214 sec

---2015-12-04 22:37:52
MemTotal:        1959952 kB
MemFree:          109668 kB
Buffers:            4512 kB
Cached:           870048 kB
SwapCached:         1660 kB
Active:           729640 kB
Inactive:         617788 kB
Active(anon):     294240 kB
Inactive(anon):   181024 kB
Active(file):     435400 kB
Inactive(file):   436764 kB
Unevictable:        1580 kB
Mlocked:               0 kB
HighTotal:       1372556 kB
HighFree:          28108 kB
LowTotal:         587396 kB
LowFree:           81560 kB
SwapTotal:        262140 kB
SwapFree:         217912 kB
Dirty:               764 kB
Writeback:             0 kB
AnonPages:        474288 kB
Mapped:           347184 kB
Shmem:               816 kB
Slab:              56244 kB
SReclaimable:      16804 kB
SUnreclaim:        39440 kB
KernelStack:       16408 kB
PageTables:        28440 kB
NFS_Unstable:          0 kB
Bounce:                0 kB
WritebackTmp:          0 kB
CommitLimit:     1242116 kB
Committed_AS:   57820124 kB
VmallocTotal:     409600 kB
VmallocUsed:       36712 kB
VmallocChunk:     100380 kB
Time pass: 218 sec

---2015-12-04 22:37:52
MemTotal:        1959952 kB
MemFree:          109272 kB
Buffers:            4512 kB
Cached:           870048 kB
SwapCached:         1660 kB
Active:           729864 kB
Inactive:         617788 kB
Active(anon):     294464 kB
Inactive(anon):   181024 kB
Active(file):     435400 kB
Inactive(file):   436764 kB
Unevictable:        1580 kB
Mlocked:               0 kB
HighTotal:       1372556 kB
HighFree:          27740 kB
LowTotal:         587396 kB
LowFree:           81532 kB
SwapTotal:        262140 kB
SwapFree:         217912 kB
Dirty:               764 kB
Writeback:             0 kB
AnonPages:        474360 kB
Mapped:           347204 kB
Shmem:               816 kB
Slab:              56148 kB
SReclaimable:      16804 kB
SUnreclaim:        39344 kB
KernelStack:       16408 kB
PageTables:        28444 kB
NFS_Unstable:          0 kB
Bounce:                0 kB
WritebackTmp:          0 kB
CommitLimit:     1242116 kB
Committed_AS:   57819852 kB
VmallocTotal:     409600 kB
VmallocUsed:       36712 kB
VmallocChunk:     100380 kB
Time pass: 222 sec

---2015-12-04 22:37:52
MemTotal:        1959952 kB
MemFree:          114496 kB
Buffers:            4512 kB
Cached:           870048 kB
SwapCached:         1660 kB
Active:           724092 kB
Inactive:         617788 kB
Active(anon):     288692 kB
Inactive(anon):   181024 kB
Active(file):     435400 kB
Inactive(file):   436764 kB
Unevictable:        1580 kB
Mlocked:               0 kB
HighTotal:       1372556 kB
HighFree:          33184 kB
LowTotal:         587396 kB
LowFree:           81312 kB
SwapTotal:        262140 kB
SwapFree:         217912 kB
Dirty:               764 kB
Writeback:             0 kB
AnonPages:        468568 kB
Mapped:           347204 kB
Shmem:               816 kB
Slab:              56232 kB
SReclaimable:      16804 kB
SUnreclaim:        39428 kB
KernelStack:       16408 kB
PageTables:        28444 kB
NFS_Unstable:          0 kB
Bounce:                0 kB
WritebackTmp:          0 kB
CommitLimit:     1242116 kB
Committed_AS:   57817364 kB
VmallocTotal:     409600 kB
VmallocUsed:       36712 kB
VmallocChunk:     100380 kB
Time pass: 226 sec

---2015-12-04 22:37:52
MemTotal:        1959952 kB
MemFree:          115920 kB
Buffers:            4512 kB
Cached:           870048 kB
SwapCached:         1660 kB
Active:           722424 kB
Inactive:         617772 kB
Active(anon):     287024 kB
Inactive(anon):   181008 kB
Active(file):     435400 kB
Inactive(file):   436764 kB
Unevictable:        1580 kB
Mlocked:               0 kB
HighTotal:       1372556 kB
HighFree:          34892 kB
LowTotal:         587396 kB
LowFree:           81028 kB
SwapTotal:        262140 kB
SwapFree:         217912 kB
Dirty:               784 kB
Writeback:             0 kB
AnonPages:        467112 kB
Mapped:           347152 kB
Shmem:               816 kB
Slab:              56232 kB
SReclaimable:      16804 kB
SUnreclaim:        39428 kB
KernelStack:       16448 kB
PageTables:        28428 kB
NFS_Unstable:          0 kB
Bounce:                0 kB
WritebackTmp:          0 kB
CommitLimit:     1242116 kB
Committed_AS:   57817328 kB
VmallocTotal:     409600 kB
VmallocUsed:       36712 kB
VmallocChunk:     100380 kB
Time pass: 230 sec

---2015-12-04 22:37:52
MemTotal:        1959952 kB
MemFree:          116304 kB
Buffers:            4512 kB
Cached:           870048 kB
SwapCached:         1660 kB
Active:           723428 kB
Inactive:         617772 kB
Active(anon):     288028 kB
Inactive(anon):   181008 kB
Active(file):     435400 kB
Inactive(file):   436764 kB
Unevictable:        1580 kB
Mlocked:               0 kB
HighTotal:       1372556 kB
HighFree:          35212 kB
LowTotal:         587396 kB
LowFree:           81092 kB
SwapTotal:        262140 kB
SwapFree:         217912 kB
Dirty:               784 kB
Writeback:             0 kB
AnonPages:        468140 kB
Mapped:           347204 kB
Shmem:               816 kB
Slab:              56296 kB
SReclaimable:      16804 kB
SUnreclaim:        39492 kB
KernelStack:       16416 kB
PageTables:        28448 kB
NFS_Unstable:          0 kB
Bounce:                0 kB
WritebackTmp:          0 kB
CommitLimit:     1242116 kB
Committed_AS:   57817620 kB
VmallocTotal:     409600 kB
VmallocUsed:       36712 kB
VmallocChunk:     100380 kB
Time pass: 233 sec

---2015-12-04 22:37:52
MemTotal:        1959952 kB
MemFree:          115972 kB
Buffers:            4512 kB
Cached:           870048 kB
SwapCached:         1660 kB
Active:           723524 kB
Inactive:         617768 kB
Active(anon):     288120 kB
Inactive(anon):   181008 kB
Active(file):     435404 kB
Inactive(file):   436760 kB
Unevictable:        1580 kB
Mlocked:               0 kB
HighTotal:       1372556 kB
HighFree:          34696 kB
LowTotal:         587396 kB
LowFree:           81276 kB
SwapTotal:        262140 kB
SwapFree:         217912 kB
Dirty:               764 kB
Writeback:             0 kB
AnonPages:        468188 kB
Mapped:           347204 kB
Shmem:               816 kB
Slab:              56264 kB
SReclaimable:      16804 kB
SUnreclaim:        39460 kB
KernelStack:       16416 kB
PageTables:        28436 kB
NFS_Unstable:          0 kB
Bounce:                0 kB
WritebackTmp:          0 kB
CommitLimit:     1242116 kB
Committed_AS:   57817612 kB
VmallocTotal:     409600 kB
VmallocUsed:       36712 kB
VmallocChunk:     100380 kB
Time pass: 237 sec

---2015-12-04 22:37:52
MemTotal:        1959952 kB
MemFree:          114772 kB
Buffers:            4512 kB
Cached:           870048 kB
SwapCached:         1660 kB
Active:           724428 kB
Inactive:         617768 kB
Active(anon):     289024 kB
Inactive(anon):   181008 kB
Active(file):     435404 kB
Inactive(file):   436760 kB
Unevictable:        1580 kB
Mlocked:               0 kB
HighTotal:       1372556 kB
HighFree:          33436 kB
LowTotal:         587396 kB
LowFree:           81336 kB
SwapTotal:        262140 kB
SwapFree:         217912 kB
Dirty:               764 kB
Writeback:             0 kB
AnonPages:        469232 kB
Mapped:           347204 kB
Shmem:               816 kB
Slab:              56332 kB
SReclaimable:      16804 kB
SUnreclaim:        39528 kB
KernelStack:       16416 kB
PageTables:        28448 kB
NFS_Unstable:          0 kB
Bounce:                0 kB
WritebackTmp:          0 kB
CommitLimit:     1242116 kB
Committed_AS:   57817736 kB
VmallocTotal:     409600 kB
VmallocUsed:       36712 kB
VmallocChunk:     100380 kB
Time pass: 241 sec

---2015-12-04 22:37:52
MemTotal:        1959952 kB
MemFree:          113400 kB
Buffers:            4512 kB
Cached:           870048 kB
SwapCached:         1660 kB
Active:           726260 kB
Inactive:         617768 kB
Active(anon):     290856 kB
Inactive(anon):   181008 kB
Active(file):     435404 kB
Inactive(file):   436760 kB
Unevictable:        1580 kB
Mlocked:               0 kB
HighTotal:       1372556 kB
HighFree:          31968 kB
LowTotal:         587396 kB
LowFree:           81432 kB
SwapTotal:        262140 kB
SwapFree:         217912 kB
Dirty:               748 kB
Writeback:             0 kB
AnonPages:        470672 kB
Mapped:           347212 kB
Shmem:               816 kB
Slab:              56232 kB
SReclaimable:      16804 kB
SUnreclaim:        39428 kB
KernelStack:       16416 kB
PageTables:        28448 kB
NFS_Unstable:          0 kB
Bounce:                0 kB
WritebackTmp:          0 kB
CommitLimit:     1242116 kB
Committed_AS:   57818372 kB
VmallocTotal:     409600 kB
VmallocUsed:       36712 kB
VmallocChunk:     100380 kB
Time pass: 245 sec

---2015-12-04 22:37:52
MemTotal:        1959952 kB
MemFree:          111540 kB
Buffers:            4512 kB
Cached:           870064 kB
SwapCached:         1660 kB
Active:           727384 kB
Inactive:         617780 kB
Active(anon):     291980 kB
Inactive(anon):   181004 kB
Active(file):     435404 kB
Inactive(file):   436776 kB
Unevictable:        1580 kB
Mlocked:               0 kB
HighTotal:       1372556 kB
HighFree:          30232 kB
LowTotal:         587396 kB
LowFree:           81308 kB
SwapTotal:        262140 kB
SwapFree:         217912 kB
Dirty:               760 kB
Writeback:             0 kB
AnonPages:        471824 kB
Mapped:           347212 kB
Shmem:               816 kB
Slab:              56232 kB
SReclaimable:      16804 kB
SUnreclaim:        39428 kB
KernelStack:       16416 kB
PageTables:        28448 kB
NFS_Unstable:          0 kB
Bounce:                0 kB
WritebackTmp:          0 kB
CommitLimit:     1242116 kB
Committed_AS:   57818516 kB
VmallocTotal:     409600 kB
VmallocUsed:       36712 kB
VmallocChunk:     100380 kB
Time pass: 249 sec

---2015-12-04 22:37:52
MemTotal:        1959952 kB
MemFree:          110436 kB
Buffers:            4512 kB
Cached:           870064 kB
SwapCached:         1660 kB
Active:           728380 kB
Inactive:         617784 kB
Active(anon):     292980 kB
Inactive(anon):   181004 kB
Active(file):     435400 kB
Inactive(file):   436780 kB
Unevictable:        1580 kB
Mlocked:               0 kB
HighTotal:       1372556 kB
HighFree:          28996 kB
LowTotal:         587396 kB
LowFree:           81440 kB
SwapTotal:        262140 kB
SwapFree:         217912 kB
Dirty:               780 kB
Writeback:             0 kB
AnonPages:        472840 kB
Mapped:           347212 kB
Shmem:               816 kB
Slab:              56232 kB
SReclaimable:      16804 kB
SUnreclaim:        39428 kB
KernelStack:       16408 kB
PageTables:        28448 kB
NFS_Unstable:          0 kB
Bounce:                0 kB
WritebackTmp:          0 kB
CommitLimit:     1242116 kB
Committed_AS:   57818604 kB
VmallocTotal:     409600 kB
VmallocUsed:       36712 kB
VmallocChunk:     100380 kB
Time pass: 253 sec

---2015-12-04 22:37:52
MemTotal:        1959952 kB
MemFree:          107004 kB
Buffers:            4512 kB
Cached:           870064 kB
SwapCached:         1660 kB
Active:           732312 kB
Inactive:         617784 kB
Active(anon):     296916 kB
Inactive(anon):   181004 kB
Active(file):     435396 kB
Inactive(file):   436780 kB
Unevictable:        1580 kB
Mlocked:               0 kB
HighTotal:       1372556 kB
HighFree:          26104 kB
LowTotal:         587396 kB
LowFree:           80900 kB
SwapTotal:        262140 kB
SwapFree:         217912 kB
Dirty:               772 kB
Writeback:             0 kB
AnonPages:        476900 kB
Mapped:           350952 kB
Shmem:               816 kB
Slab:              56300 kB
SReclaimable:      16804 kB
SUnreclaim:        39496 kB
KernelStack:       16536 kB
PageTables:        28812 kB
NFS_Unstable:          0 kB
Bounce:                0 kB
WritebackTmp:          0 kB
CommitLimit:     1242116 kB
Committed_AS:   58780340 kB
VmallocTotal:     409600 kB
VmallocUsed:       37732 kB
VmallocChunk:     100380 kB
Time pass: 257 sec

---2015-12-04 22:37:52
MemTotal:        1959952 kB
MemFree:          108296 kB
Buffers:            4512 kB
Cached:           870064 kB
SwapCached:         1660 kB
Active:           730436 kB
Inactive:         617776 kB
Active(anon):     295032 kB
Inactive(anon):   181000 kB
Active(file):     435404 kB
Inactive(file):   436776 kB
Unevictable:        1580 kB
Mlocked:               0 kB
HighTotal:       1372556 kB
HighFree:          27220 kB
LowTotal:         587396 kB
LowFree:           81076 kB
SwapTotal:        262140 kB
SwapFree:         217912 kB
Dirty:               760 kB
Writeback:             0 kB
AnonPages:        475472 kB
Mapped:           347280 kB
Shmem:               816 kB
Slab:              56200 kB
SReclaimable:      16804 kB
SUnreclaim:        39396 kB
KernelStack:       16408 kB
PageTables:        28596 kB
NFS_Unstable:          0 kB
Bounce:                0 kB
WritebackTmp:          0 kB
CommitLimit:     1242116 kB
Committed_AS:   58768220 kB
VmallocTotal:     409600 kB
VmallocUsed:       37732 kB
VmallocChunk:     100380 kB
Time pass: 261 sec

---2015-12-04 22:37:52
MemTotal:        1959952 kB
MemFree:          111412 kB
Buffers:            4512 kB
Cached:           870084 kB
SwapCached:         1660 kB
Active:           728052 kB
Inactive:         617416 kB
Active(anon):     292276 kB
Inactive(anon):   181012 kB
Active(file):     435776 kB
Inactive(file):   436404 kB
Unevictable:        1580 kB
Mlocked:               0 kB
HighTotal:       1372556 kB
HighFree:          29576 kB
LowTotal:         587396 kB
LowFree:           81836 kB
SwapTotal:        262140 kB
SwapFree:         217912 kB
Dirty:               760 kB
Writeback:             0 kB
AnonPages:        471952 kB
Mapped:           346456 kB
Shmem:               836 kB
Slab:              56104 kB
SReclaimable:      16804 kB
SUnreclaim:        39300 kB
KernelStack:       16408 kB
PageTables:        28008 kB
NFS_Unstable:          0 kB
Bounce:                0 kB
WritebackTmp:          0 kB
CommitLimit:     1242116 kB
Committed_AS:   56868708 kB
VmallocTotal:     409600 kB
VmallocUsed:       35692 kB
VmallocChunk:     100380 kB
Time pass: 265 sec

---2015-12-04 22:37:52
MemTotal:        1959952 kB
MemFree:          110868 kB
Buffers:            4512 kB
Cached:           870284 kB
SwapCached:         1660 kB
Active:           728844 kB
Inactive:         617604 kB
Active(anon):     293056 kB
Inactive(anon):   181012 kB
Active(file):     435788 kB
Inactive(file):   436592 kB
Unevictable:        1580 kB
Mlocked:               0 kB
HighTotal:       1372556 kB
HighFree:          28836 kB
LowTotal:         587396 kB
LowFree:           82032 kB
SwapTotal:        262140 kB
SwapFree:         217912 kB
Dirty:               760 kB
Writeback:             0 kB
AnonPages:        473080 kB
Mapped:           346424 kB
Shmem:               836 kB
Slab:              56268 kB
SReclaimable:      16780 kB
SUnreclaim:        39488 kB
KernelStack:       16256 kB
PageTables:        28020 kB
NFS_Unstable:          0 kB
Bounce:                0 kB
WritebackTmp:          0 kB
CommitLimit:     1242116 kB
Committed_AS:   56868856 kB
VmallocTotal:     409600 kB
VmallocUsed:       35692 kB
VmallocChunk:     100380 kB
Time pass: 269 sec

---2015-12-04 22:37:52
MemTotal:        1959952 kB
MemFree:          109856 kB
Buffers:            4512 kB
Cached:           870476 kB
SwapCached:         1660 kB
Active:           729924 kB
Inactive:         617740 kB
Active(anon):     294140 kB
Inactive(anon):   181020 kB
Active(file):     435784 kB
Inactive(file):   436720 kB
Unevictable:        1580 kB
Mlocked:               0 kB
HighTotal:       1372556 kB
HighFree:          27944 kB
LowTotal:         587396 kB
LowFree:           81912 kB
SwapTotal:        262140 kB
SwapFree:         217912 kB
Dirty:               964 kB
Writeback:             0 kB
AnonPages:        474148 kB
Mapped:           346500 kB
Shmem:               844 kB
Slab:              56364 kB
SReclaimable:      16780 kB
SUnreclaim:        39584 kB
KernelStack:       16256 kB
PageTables:        28036 kB
NFS_Unstable:          0 kB
Bounce:                0 kB
WritebackTmp:          0 kB
CommitLimit:     1242116 kB
Committed_AS:   56868936 kB
VmallocTotal:     409600 kB
VmallocUsed:       35692 kB
VmallocChunk:     100380 kB
Time pass: 272 sec

---2015-12-04 22:37:52
MemTotal:        1959952 kB
MemFree:          109268 kB
Buffers:            4512 kB
Cached:           870648 kB
SwapCached:         1660 kB
Active:           730908 kB
Inactive:         617960 kB
Active(anon):     295112 kB
Inactive(anon):   181152 kB
Active(file):     435796 kB
Inactive(file):   436808 kB
Unevictable:        1580 kB
Mlocked:               0 kB
HighTotal:       1372556 kB
HighFree:          27504 kB
LowTotal:         587396 kB
LowFree:           81764 kB
SwapTotal:        262140 kB
SwapFree:         217912 kB
Dirty:               768 kB
Writeback:             0 kB
AnonPages:        474660 kB
Mapped:           346784 kB
Shmem:               976 kB
Slab:              56300 kB
SReclaimable:      16780 kB
SUnreclaim:        39520 kB
KernelStack:       16376 kB
PageTables:        28104 kB
NFS_Unstable:          0 kB
Bounce:                0 kB
WritebackTmp:          0 kB
CommitLimit:     1242116 kB
Committed_AS:   56868684 kB
VmallocTotal:     409600 kB
VmallocUsed:       35692 kB
VmallocChunk:     100380 kB
Time pass: 276 sec

---2015-12-04 22:37:52
MemTotal:        1959952 kB
MemFree:          107548 kB
Buffers:            4512 kB
Cached:           870648 kB
SwapCached:         1660 kB
Active:           732576 kB
Inactive:         617960 kB
Active(anon):     296780 kB
Inactive(anon):   181152 kB
Active(file):     435796 kB
Inactive(file):   436808 kB
Unevictable:        1580 kB
Mlocked:               0 kB
HighTotal:       1372556 kB
HighFree:          25864 kB
LowTotal:         587396 kB
LowFree:           81684 kB
SwapTotal:        262140 kB
SwapFree:         217912 kB
Dirty:               768 kB
Writeback:             0 kB
AnonPages:        476792 kB
Mapped:           346632 kB
Shmem:               976 kB
Slab:              56172 kB
SReclaimable:      16780 kB
SUnreclaim:        39392 kB
KernelStack:       16248 kB
PageTables:        28180 kB
NFS_Unstable:          0 kB
Bounce:                0 kB
WritebackTmp:          0 kB
CommitLimit:     1242116 kB
Committed_AS:   57818972 kB
VmallocTotal:     409600 kB
VmallocUsed:       36712 kB
VmallocChunk:     100380 kB
Time pass: 280 sec

---2015-12-04 22:37:52
MemTotal:        1959952 kB
MemFree:          107452 kB
Buffers:            4512 kB
Cached:           870648 kB
SwapCached:         1660 kB
Active:           732048 kB
Inactive:         617960 kB
Active(anon):     296252 kB
Inactive(anon):   181152 kB
Active(file):     435796 kB
Inactive(file):   436808 kB
Unevictable:        1580 kB
Mlocked:               0 kB
HighTotal:       1372556 kB
HighFree:          26124 kB
LowTotal:         587396 kB
LowFree:           81328 kB
SwapTotal:        262140 kB
SwapFree:         217912 kB
Dirty:               768 kB
Writeback:             0 kB
AnonPages:        476340 kB
Mapped:           346632 kB
Shmem:               976 kB
Slab:              56164 kB
SReclaimable:      16780 kB
SUnreclaim:        39384 kB
KernelStack:       16232 kB
PageTables:        28040 kB
NFS_Unstable:          0 kB
Bounce:                0 kB
WritebackTmp:          0 kB
CommitLimit:     1242116 kB
Committed_AS:   56870076 kB
VmallocTotal:     409600 kB
VmallocUsed:       35692 kB
VmallocChunk:     100380 kB
Time pass: 284 sec

---2015-12-04 22:37:52
MemTotal:        1959952 kB
MemFree:          106368 kB
Buffers:            4512 kB
Cached:           870648 kB
SwapCached:         1660 kB
Active:           733028 kB
Inactive:         617964 kB
Active(anon):     297236 kB
Inactive(anon):   181152 kB
Active(file):     435792 kB
Inactive(file):   436812 kB
Unevictable:        1580 kB
Mlocked:               0 kB
HighTotal:       1372556 kB
HighFree:          25264 kB
LowTotal:         587396 kB
LowFree:           81104 kB
SwapTotal:        262140 kB
SwapFree:         217912 kB
Dirty:               788 kB
Writeback:             0 kB
AnonPages:        477232 kB
Mapped:           346580 kB
Shmem:               976 kB
Slab:              56264 kB
SReclaimable:      16780 kB
SUnreclaim:        39484 kB
KernelStack:       16248 kB
PageTables:        28052 kB
NFS_Unstable:          0 kB
Bounce:                0 kB
WritebackTmp:          0 kB
CommitLimit:     1242116 kB
Committed_AS:   56869032 kB
VmallocTotal:     409600 kB
VmallocUsed:       35692 kB
VmallocChunk:     100380 kB
Time pass: 288 sec

---2015-12-04 22:37:52
MemTotal:        1959952 kB
MemFree:          105152 kB
Buffers:            4512 kB
Cached:           870852 kB
SwapCached:         1660 kB
Active:           733280 kB
Inactive:         618168 kB
Active(anon):     297488 kB
Inactive(anon):   181152 kB
Active(file):     435792 kB
Inactive(file):   437016 kB
Unevictable:        1580 kB
Mlocked:               0 kB
HighTotal:       1372556 kB
HighFree:          25648 kB
LowTotal:         587396 kB
LowFree:           79504 kB
SwapTotal:        262140 kB
SwapFree:         217912 kB
Dirty:               788 kB
Writeback:             0 kB
AnonPages:        477496 kB
Mapped:           346600 kB
Shmem:               976 kB
Slab:              56196 kB
SReclaimable:      16780 kB
SUnreclaim:        39416 kB
KernelStack:       16224 kB
PageTables:        28036 kB
NFS_Unstable:          0 kB
Bounce:                0 kB
WritebackTmp:          0 kB
CommitLimit:     1242116 kB
Committed_AS:   56869088 kB
VmallocTotal:     409600 kB
VmallocUsed:       35692 kB
VmallocChunk:     100380 kB
Time pass: 292 sec

---2015-12-04 22:37:52
MemTotal:        1959952 kB
MemFree:          113848 kB
Buffers:            4512 kB
Cached:           870848 kB
SwapCached:         1660 kB
Active:           724712 kB
Inactive:         618180 kB
Active(anon):     288928 kB
Inactive(anon):   181152 kB
Active(file):     435784 kB
Inactive(file):   437028 kB
Unevictable:        1580 kB
Mlocked:               0 kB
HighTotal:       1372556 kB
HighFree:          32920 kB
LowTotal:         587396 kB
LowFree:           80928 kB
SwapTotal:        262140 kB
SwapFree:         217912 kB
Dirty:               776 kB
Writeback:             0 kB
AnonPages:        468808 kB
Mapped:           346852 kB
Shmem:               976 kB
Slab:              56228 kB
SReclaimable:      16780 kB
SUnreclaim:        39448 kB
KernelStack:       16408 kB
PageTables:        28120 kB
NFS_Unstable:          0 kB
Bounce:                0 kB
WritebackTmp:          0 kB
CommitLimit:     1242116 kB
Committed_AS:   56869156 kB
VmallocTotal:     409600 kB
VmallocUsed:       35692 kB
VmallocChunk:     100380 kB
Time pass: 295 sec

---2015-12-04 22:37:52
MemTotal:        1959952 kB
MemFree:          112612 kB
Buffers:            4512 kB
Cached:           870856 kB
SwapCached:         1660 kB
Active:           726624 kB
Inactive:         618168 kB
Active(anon):     290828 kB
Inactive(anon):   181152 kB
Active(file):     435796 kB
Inactive(file):   437016 kB
Unevictable:        1580 kB
Mlocked:               0 kB
HighTotal:       1372556 kB
HighFree:          31708 kB
LowTotal:         587396 kB
LowFree:           80904 kB
SwapTotal:        262140 kB
SwapFree:         217912 kB
Dirty:               768 kB
Writeback:             0 kB
AnonPages:        471040 kB
Mapped:           350112 kB
Shmem:               976 kB
Slab:              56196 kB
SReclaimable:      16780 kB
SUnreclaim:        39416 kB
KernelStack:       16224 kB
PageTables:        28332 kB
NFS_Unstable:          0 kB
Bounce:                0 kB
WritebackTmp:          0 kB
CommitLimit:     1242116 kB
Committed_AS:   57829080 kB
VmallocTotal:     409600 kB
VmallocUsed:       36712 kB
VmallocChunk:     100380 kB
Time pass: 299 sec

---2015-12-04 22:37:52
MemTotal:        1959952 kB
MemFree:          113748 kB
Buffers:            4512 kB
Cached:           870856 kB
SwapCached:         1660 kB
Active:           725212 kB
Inactive:         618172 kB
Active(anon):     289420 kB
Inactive(anon):   181152 kB
Active(file):     435792 kB
Inactive(file):   437020 kB
Unevictable:        1580 kB
Mlocked:               0 kB
HighTotal:       1372556 kB
HighFree:          32368 kB
LowTotal:         587396 kB
LowFree:           81380 kB
SwapTotal:        262140 kB
SwapFree:         217912 kB
Dirty:               788 kB
Writeback:             0 kB
AnonPages:        469428 kB
Mapped:           346660 kB
Shmem:               976 kB
Slab:              56164 kB
SReclaimable:      16780 kB
SUnreclaim:        39384 kB
KernelStack:       16224 kB
PageTables:        28044 kB
NFS_Unstable:          0 kB
Bounce:                0 kB
WritebackTmp:          0 kB
CommitLimit:     1242116 kB
Committed_AS:   56869632 kB
VmallocTotal:     409600 kB
VmallocUsed:       35692 kB
VmallocChunk:     100380 kB
Time pass: 303 sec

---2015-12-04 22:37:52
MemTotal:        1959952 kB
MemFree:          114068 kB
Buffers:            4512 kB
Cached:           870856 kB
SwapCached:         1660 kB
Active:           725636 kB
Inactive:         618164 kB
Active(anon):     289844 kB
Inactive(anon):   181144 kB
Active(file):     435792 kB
Inactive(file):   437020 kB
Unevictable:        1580 kB
Mlocked:               0 kB
HighTotal:       1372556 kB
HighFree:          32396 kB
LowTotal:         587396 kB
LowFree:           81672 kB
SwapTotal:        262140 kB
SwapFree:         217912 kB
Dirty:               788 kB
Writeback:             0 kB
AnonPages:        469792 kB
Mapped:           346608 kB
Shmem:               976 kB
Slab:              56264 kB
SReclaimable:      16780 kB
SUnreclaim:        39484 kB
KernelStack:       16224 kB
PageTables:        28028 kB
NFS_Unstable:          0 kB
Bounce:                0 kB
WritebackTmp:          0 kB
CommitLimit:     1242116 kB
Committed_AS:   56869872 kB
VmallocTotal:     409600 kB
VmallocUsed:       35692 kB
VmallocChunk:     100380 kB
Time pass: 306 sec

---2015-12-04 22:37:52
MemTotal:        1959952 kB
MemFree:          113208 kB
Buffers:            4512 kB
Cached:           870856 kB
SwapCached:         1660 kB
Active:           726692 kB
Inactive:         618160 kB
Active(anon):     290900 kB
Inactive(anon):   181140 kB
Active(file):     435792 kB
Inactive(file):   437020 kB
Unevictable:        1580 kB
Mlocked:               0 kB
HighTotal:       1372556 kB
HighFree:          31580 kB
LowTotal:         587396 kB
LowFree:           81628 kB
SwapTotal:        262140 kB
SwapFree:         217912 kB
Dirty:               868 kB
Writeback:             0 kB
AnonPages:        471028 kB
Mapped:           346660 kB
Shmem:               976 kB
Slab:              56164 kB
SReclaimable:      16780 kB
SUnreclaim:        39384 kB
KernelStack:       16224 kB
PageTables:        28048 kB
NFS_Unstable:          0 kB
Bounce:                0 kB
WritebackTmp:          0 kB
CommitLimit:     1242116 kB
Committed_AS:   56870204 kB
VmallocTotal:     409600 kB
VmallocUsed:       35692 kB
VmallocChunk:     100380 kB
Time pass: 310 sec

---2015-12-04 22:37:52
MemTotal:        1959952 kB
MemFree:          112124 kB
Buffers:            4512 kB
Cached:           870860 kB
SwapCached:         1660 kB
Active:           727600 kB
Inactive:         618168 kB
Active(anon):     291812 kB
Inactive(anon):   181140 kB
Active(file):     435788 kB
Inactive(file):   437028 kB
Unevictable:        1580 kB
Mlocked:               0 kB
HighTotal:       1372556 kB
HighFree:          30712 kB
LowTotal:         587396 kB
LowFree:           81412 kB
SwapTotal:        262140 kB
SwapFree:         217912 kB
Dirty:               800 kB
Writeback:             0 kB
AnonPages:        472264 kB
Mapped:           346928 kB
Shmem:               976 kB
Slab:              56264 kB
SReclaimable:      16780 kB
SUnreclaim:        39484 kB
KernelStack:       16408 kB
PageTables:        28124 kB
NFS_Unstable:          0 kB
Bounce:                0 kB
WritebackTmp:          0 kB
CommitLimit:     1242116 kB
Committed_AS:   56870296 kB
VmallocTotal:     409600 kB
VmallocUsed:       35692 kB
VmallocChunk:     100380 kB
Time pass: 314 sec

---2015-12-04 22:37:52
MemTotal:        1959952 kB
MemFree:          110624 kB
Buffers:            4512 kB
Cached:           870860 kB
SwapCached:         1660 kB
Active:           728720 kB
Inactive:         618164 kB
Active(anon):     292928 kB
Inactive(anon):   181140 kB
Active(file):     435792 kB
Inactive(file):   437024 kB
Unevictable:        1580 kB
Mlocked:               0 kB
HighTotal:       1372556 kB
HighFree:          29356 kB
LowTotal:         587396 kB
LowFree:           81268 kB
SwapTotal:        262140 kB
SwapFree:         217912 kB
Dirty:               800 kB
Writeback:             0 kB
AnonPages:        472912 kB
Mapped:           346660 kB
Shmem:               976 kB
Slab:              56232 kB
SReclaimable:      16780 kB
SUnreclaim:        39452 kB
KernelStack:       16224 kB
PageTables:        28340 kB
NFS_Unstable:          0 kB
Bounce:                0 kB
WritebackTmp:          0 kB
CommitLimit:     1242116 kB
Committed_AS:   57818136 kB
VmallocTotal:     409600 kB
VmallocUsed:       35692 kB
VmallocChunk:     100380 kB
Time pass: 318 sec

---2015-12-04 22:37:52
MemTotal:        1959952 kB
MemFree:          112172 kB
Buffers:            4512 kB
Cached:           870864 kB
SwapCached:         1660 kB
Active:           728276 kB
Inactive:         618168 kB
Active(anon):     292484 kB
Inactive(anon):   181140 kB
Active(file):     435792 kB
Inactive(file):   437028 kB
Unevictable:        1580 kB
Mlocked:               0 kB
HighTotal:       1372556 kB
HighFree:          30212 kB
LowTotal:         587396 kB
LowFree:           81960 kB
SwapTotal:        262140 kB
SwapFree:         217912 kB
Dirty:               788 kB
Writeback:             0 kB
AnonPages:        472308 kB
Mapped:           346660 kB
Shmem:               976 kB
Slab:              56200 kB
SReclaimable:      16780 kB
SUnreclaim:        39420 kB
KernelStack:       16224 kB
PageTables:        28044 kB
NFS_Unstable:          0 kB
Bounce:                0 kB
WritebackTmp:          0 kB
CommitLimit:     1242116 kB
Committed_AS:   56868492 kB
VmallocTotal:     409600 kB
VmallocUsed:       35692 kB
VmallocChunk:     100380 kB
Time pass: 322 sec

---2015-12-04 22:37:52
MemTotal:        1959952 kB
MemFree:          112168 kB
Buffers:            4512 kB
Cached:           870864 kB
SwapCached:         1660 kB
Active:           727768 kB
Inactive:         618168 kB
Active(anon):     291976 kB
Inactive(anon):   181140 kB
Active(file):     435792 kB
Inactive(file):   437028 kB
Unevictable:        1580 kB
Mlocked:               0 kB
HighTotal:       1372556 kB
HighFree:          30440 kB
LowTotal:         587396 kB
LowFree:           81728 kB
SwapTotal:        262140 kB
SwapFree:         217912 kB
Dirty:               784 kB
Writeback:             0 kB
AnonPages:        471936 kB
Mapped:           346608 kB
Shmem:               976 kB
Slab:              56336 kB
SReclaimable:      16780 kB
SUnreclaim:        39556 kB
KernelStack:       16232 kB
PageTables:        28032 kB
NFS_Unstable:          0 kB
Bounce:                0 kB
WritebackTmp:          0 kB
CommitLimit:     1242116 kB
Committed_AS:   56868604 kB
VmallocTotal:     409600 kB
VmallocUsed:       35692 kB
VmallocChunk:     100380 kB
Time pass: 326 sec

---2015-12-04 22:37:52
MemTotal:        1959952 kB
MemFree:          110288 kB
Buffers:            4512 kB
Cached:           870864 kB
SwapCached:         1660 kB
Active:           728892 kB
Inactive:         618168 kB
Active(anon):     293100 kB
Inactive(anon):   181140 kB
Active(file):     435792 kB
Inactive(file):   437028 kB
Unevictable:        1580 kB
Mlocked:               0 kB
HighTotal:       1372556 kB
HighFree:          28944 kB
LowTotal:         587396 kB
LowFree:           81344 kB
SwapTotal:        262140 kB
SwapFree:         217912 kB
Dirty:               784 kB
Writeback:             0 kB
AnonPages:        472936 kB
Mapped:           346660 kB
Shmem:               976 kB
Slab:              56200 kB
SReclaimable:      16780 kB
SUnreclaim:        39420 kB
KernelStack:       16232 kB
PageTables:        28044 kB
NFS_Unstable:          0 kB
Bounce:                0 kB
WritebackTmp:          0 kB
CommitLimit:     1242116 kB
Committed_AS:   56868660 kB
VmallocTotal:     409600 kB
VmallocUsed:       35692 kB
VmallocChunk:     100380 kB
Time pass: 330 sec

---2015-12-04 22:37:52
MemTotal:        1959952 kB
MemFree:          109632 kB
Buffers:            4512 kB
Cached:           870880 kB
SwapCached:         1660 kB
Active:           729784 kB
Inactive:         618184 kB
Active(anon):     293992 kB
Inactive(anon):   181140 kB
Active(file):     435792 kB
Inactive(file):   437044 kB
Unevictable:        1580 kB
Mlocked:               0 kB
HighTotal:       1372556 kB
HighFree:          28096 kB
LowTotal:         587396 kB
LowFree:           81536 kB
SwapTotal:        262140 kB
SwapFree:         217912 kB
Dirty:              1024 kB
Writeback:             0 kB
AnonPages:        473980 kB
Mapped:           346844 kB
Shmem:               976 kB
Slab:              56232 kB
SReclaimable:      16780 kB
SUnreclaim:        39452 kB
KernelStack:       16232 kB
PageTables:        28048 kB
NFS_Unstable:          0 kB
Bounce:                0 kB
WritebackTmp:          0 kB
CommitLimit:     1242116 kB
Committed_AS:   56868700 kB
VmallocTotal:     409600 kB
VmallocUsed:       35692 kB
VmallocChunk:     100380 kB
Time pass: 334 sec

---2015-12-04 22:37:52
MemTotal:        1959952 kB
MemFree:          109068 kB
Buffers:            4512 kB
Cached:           870904 kB
SwapCached:         1660 kB
Active:           729632 kB
Inactive:         618208 kB
Active(anon):     293840 kB
Inactive(anon):   181164 kB
Active(file):     435792 kB
Inactive(file):   437044 kB
Unevictable:        1580 kB
Mlocked:               0 kB
HighTotal:       1372556 kB
HighFree:          27172 kB
LowTotal:         587396 kB
LowFree:           81896 kB
SwapTotal:        262140 kB
SwapFree:         217912 kB
Dirty:              1040 kB
Writeback:             0 kB
AnonPages:        473640 kB
Mapped:           346708 kB
Shmem:              1000 kB
Slab:              56232 kB
SReclaimable:      16780 kB
SUnreclaim:        39452 kB
KernelStack:       16352 kB
PageTables:        28048 kB
NFS_Unstable:          0 kB
Bounce:                0 kB
WritebackTmp:          0 kB
CommitLimit:     1242116 kB
Committed_AS:   56868636 kB
VmallocTotal:     409600 kB
VmallocUsed:       35692 kB
VmallocChunk:     100380 kB
Time pass: 338 sec

---2015-12-04 22:37:52
MemTotal:        1959952 kB
MemFree:          109528 kB
Buffers:            4512 kB
Cached:           870904 kB
SwapCached:         1660 kB
Active:           729600 kB
Inactive:         618208 kB
Active(anon):     293808 kB
Inactive(anon):   181164 kB
Active(file):     435792 kB
Inactive(file):   437044 kB
Unevictable:        1580 kB
Mlocked:               0 kB
HighTotal:       1372556 kB
HighFree:          27356 kB
LowTotal:         587396 kB
LowFree:           82172 kB
SwapTotal:        262140 kB
SwapFree:         217912 kB
Dirty:               828 kB
Writeback:             0 kB
AnonPages:        473848 kB
Mapped:           346708 kB
