---2015-12-10 23:35:48
MemTotal:        2905316 kB
MemFree:           93940 kB
Buffers:           27392 kB
Cached:          1348384 kB
SwapCached:            0 kB
Active:          1315992 kB
Inactive:         977140 kB
Active(anon):     785124 kB
Inactive(anon):   176680 kB
Active(file):     530868 kB
Inactive(file):   800460 kB
Unevictable:        7796 kB
Mlocked:               0 kB
SwapTotal:        720184 kB
SwapFree:         720184 kB
Dirty:               284 kB
Writeback:             0 kB
AnonPages:        925336 kB
Mapped:           520804 kB
Shmem:             36584 kB
Slab:             118088 kB
SReclaimable:      36312 kB
SUnreclaim:        81776 kB
KernelStack:       31568 kB
PageTables:        56696 kB
NFS_Unstable:          0 kB
Bounce:                0 kB
WritebackTmp:          0 kB
CommitLimit:     2172840 kB
Committed_AS:   96126060 kB
VmallocTotal:   251658176 kB
VmallocUsed:      137680 kB
VmallocChunk:   251408940 kB
Time pass: 3 sec

---2015-12-10 23:35:48
MemTotal:        2905316 kB
MemFree:          110432 kB
Buffers:           27392 kB
Cached:          1348532 kB
SwapCached:            0 kB
Active:          1299748 kB
Inactive:         977304 kB
Active(anon):     768832 kB
Inactive(anon):   176684 kB
Active(file):     530916 kB
Inactive(file):   800620 kB
Unevictable:        7796 kB
Mlocked:               0 kB
SwapTotal:        720184 kB
SwapFree:         720184 kB
Dirty:                 0 kB
Writeback:             0 kB
AnonPages:        908980 kB
Mapped:           518992 kB
Shmem:             36584 kB
Slab:             118024 kB
SReclaimable:      36316 kB
SUnreclaim:        81708 kB
KernelStack:       31184 kB
PageTables:        56348 kB
NFS_Unstable:          0 kB
Bounce:                0 kB
WritebackTmp:          0 kB
CommitLimit:     2172840 kB
Committed_AS:   94880612 kB
VmallocTotal:   251658176 kB
VmallocUsed:      136660 kB
VmallocChunk:   251408940 kB
Time pass: 7 sec

---2015-12-10 23:35:48
MemTotal:        2905316 kB
MemFree:          120468 kB
Buffers:           27400 kB
Cached:          1351152 kB
SwapCached:            0 kB
Active:          1289284 kB
Inactive:         979652 kB
Active(anon):     758108 kB
Inactive(anon):   176684 kB
Active(file):     531176 kB
Inactive(file):   802968 kB
Unevictable:        7796 kB
Mlocked:               0 kB
SwapTotal:        720184 kB
SwapFree:         720184 kB
Dirty:               108 kB
Writeback:             0 kB
AnonPages:        898220 kB
Mapped:           508372 kB
Shmem:             36584 kB
Slab:             117984 kB
SReclaimable:      36316 kB
SUnreclaim:        81668 kB
KernelStack:       30544 kB
PageTables:        55268 kB
NFS_Unstable:          0 kB
Bounce:                0 kB
WritebackTmp:          0 kB
CommitLimit:     2172840 kB
Committed_AS:   92374832 kB
VmallocTotal:   251658176 kB
VmallocUsed:      134620 kB
VmallocChunk:   251408940 kB
Time pass: 11 sec

---2015-12-10 23:35:48
MemTotal:        2905316 kB
MemFree:          131344 kB
Buffers:           27408 kB
Cached:          1351636 kB
SwapCached:            0 kB
Active:          1278764 kB
Inactive:         980112 kB
Active(anon):     747576 kB
Inactive(anon):   176684 kB
Active(file):     531188 kB
Inactive(file):   803428 kB
Unevictable:        7796 kB
Mlocked:               0 kB
SwapTotal:        720184 kB
SwapFree:         720184 kB
Dirty:                48 kB
Writeback:             0 kB
AnonPages:        887812 kB
Mapped:           508532 kB
Shmem:             36584 kB
Slab:             117936 kB
SReclaimable:      36236 kB
SUnreclaim:        81700 kB
KernelStack:       30464 kB
PageTables:        55284 kB
NFS_Unstable:          0 kB
Bounce:                0 kB
WritebackTmp:          0 kB
CommitLimit:     2172840 kB
Committed_AS:   92375420 kB
VmallocTotal:   251658176 kB
VmallocUsed:      134620 kB
VmallocChunk:   251408940 kB
Time pass: 15 sec

---2015-12-10 23:35:48
MemTotal:        2905316 kB
MemFree:          140292 kB
Buffers:           27436 kB
Cached:          1353380 kB
SwapCached:            0 kB
Active:          1283768 kB
Inactive:         981492 kB
Active(anon):     752568 kB
Inactive(anon):   176684 kB
Active(file):     531200 kB
Inactive(file):   804808 kB
Unevictable:        7796 kB
Mlocked:               0 kB
SwapTotal:        720184 kB
SwapFree:         720184 kB
Dirty:                12 kB
Writeback:             0 kB
AnonPages:        893236 kB
Mapped:           509300 kB
Shmem:             36584 kB
Slab:             118052 kB
SReclaimable:      36236 kB
SUnreclaim:        81816 kB
KernelStack:       30464 kB
PageTables:        56044 kB
NFS_Unstable:          0 kB
Bounce:                0 kB
WritebackTmp:          0 kB
CommitLimit:     2172840 kB
Committed_AS:   96547040 kB
VmallocTotal:   251658176 kB
VmallocUsed:      153164 kB
VmallocChunk:   251408940 kB
Time pass: 18 sec

---2015-12-10 23:35:48
MemTotal:        2905316 kB
MemFree:           69020 kB
Buffers:           25680 kB
Cached:          1244168 kB
SwapCached:            0 kB
Active:          1343848 kB
Inactive:         890064 kB
Active(anon):     805048 kB
Inactive(anon):   203568 kB
Active(file):     538800 kB
Inactive(file):   686496 kB
Unevictable:        7796 kB
Mlocked:               0 kB
SwapTotal:        720184 kB
SwapFree:         720184 kB
Dirty:              2204 kB
Writeback:             0 kB
AnonPages:        972340 kB
Mapped:           611712 kB
Shmem:             36848 kB
Slab:             115732 kB
SReclaimable:      33476 kB
SUnreclaim:        82256 kB
KernelStack:       34128 kB
PageTables:        57476 kB
NFS_Unstable:          0 kB
Bounce:                0 kB
WritebackTmp:          0 kB
CommitLimit:     2172840 kB
Committed_AS:   94481792 kB
VmallocTotal:   251658176 kB
VmallocUsed:      143828 kB
VmallocChunk:   251408940 kB
Time pass: 22 sec

---2015-12-10 23:35:48
MemTotal:        2905316 kB
MemFree:          128996 kB
Buffers:           24048 kB
Cached:          1202340 kB
SwapCached:            0 kB
Active:          1298568 kB
Inactive:         834340 kB
Active(anon):     758204 kB
Inactive(anon):   187300 kB
Active(file):     540364 kB
Inactive(file):   647040 kB
Unevictable:        7796 kB
Mlocked:               0 kB
SwapTotal:        720184 kB
SwapFree:         720184 kB
Dirty:               564 kB
Writeback:             0 kB
AnonPages:        914592 kB
Mapped:           626008 kB
Shmem:             31160 kB
Slab:             118132 kB
SReclaimable:      36000 kB
SUnreclaim:        82132 kB
KernelStack:       33936 kB
PageTables:        56432 kB
NFS_Unstable:          0 kB
Bounce:                0 kB
WritebackTmp:          0 kB
CommitLimit:     2172840 kB
Committed_AS:   92996276 kB
VmallocTotal:   251658176 kB
VmallocUsed:      135508 kB
VmallocChunk:   251408940 kB
Time pass: 26 sec

---2015-12-10 23:35:48
MemTotal:        2905316 kB
MemFree:          126572 kB
Buffers:           24064 kB
Cached:          1203556 kB
SwapCached:            0 kB
Active:          1300012 kB
Inactive:         835540 kB
Active(anon):     759644 kB
Inactive(anon):   187328 kB
Active(file):     540368 kB
Inactive(file):   648212 kB
Unevictable:        7796 kB
Mlocked:               0 kB
SwapTotal:        720184 kB
SwapFree:         720184 kB
Dirty:               172 kB
Writeback:             0 kB
AnonPages:        916144 kB
Mapped:           626292 kB
Shmem:             31148 kB
Slab:             118264 kB
SReclaimable:      36160 kB
SUnreclaim:        82104 kB
KernelStack:       33856 kB
PageTables:        56392 kB
NFS_Unstable:          0 kB
Bounce:                0 kB
WritebackTmp:          0 kB
CommitLimit:     2172840 kB
Committed_AS:   92996808 kB
VmallocTotal:   251658176 kB
VmallocUsed:      135508 kB
VmallocChunk:   251408940 kB
Time pass: 30 sec

---2015-12-10 23:35:48
MemTotal:        2905316 kB
MemFree:          125488 kB
Buffers:           24072 kB
Cached:          1204244 kB
SwapCached:            0 kB
Active:          1300912 kB
Inactive:         836260 kB
Active(anon):     760528 kB
Inactive(anon):   187328 kB
Active(file):     540384 kB
Inactive(file):   648932 kB
Unevictable:        7796 kB
Mlocked:               0 kB
SwapTotal:        720184 kB
SwapFree:         720184 kB
Dirty:                72 kB
Writeback:             0 kB
AnonPages:        916760 kB
Mapped:           626968 kB
Shmem:             31148 kB
Slab:             118312 kB
SReclaimable:      36160 kB
SUnreclaim:        82152 kB
KernelStack:       33808 kB
PageTables:        56420 kB
NFS_Unstable:          0 kB
Bounce:                0 kB
WritebackTmp:          0 kB
CommitLimit:     2172840 kB
Committed_AS:   92997652 kB
VmallocTotal:   251658176 kB
VmallocUsed:      135508 kB
VmallocChunk:   251408940 kB
Time pass: 33 sec

---2015-12-10 23:35:48
MemTotal:        2905316 kB
MemFree:          113504 kB
Buffers:           24384 kB
Cached:          1208416 kB
SwapCached:            0 kB
Active:          1307408 kB
Inactive:         840748 kB
Active(anon):     766984 kB
Inactive(anon):   187328 kB
Active(file):     540424 kB
Inactive(file):   653420 kB
Unevictable:        7796 kB
Mlocked:               0 kB
SwapTotal:        720184 kB
SwapFree:         720184 kB
Dirty:                28 kB
Writeback:           220 kB
AnonPages:        923312 kB
Mapped:           627968 kB
Shmem:             31148 kB
Slab:             118384 kB
SReclaimable:      36160 kB
SUnreclaim:        82224 kB
KernelStack:       34160 kB
PageTables:        56440 kB
NFS_Unstable:          0 kB
Bounce:                0 kB
WritebackTmp:          0 kB
CommitLimit:     2172840 kB
Committed_AS:   93000836 kB
VmallocTotal:   251658176 kB
VmallocUsed:      135508 kB
VmallocChunk:   251408940 kB
Time pass: 37 sec

---2015-12-10 23:35:48
MemTotal:        2905316 kB
MemFree:          111164 kB
Buffers:           25936 kB
Cached:          1208796 kB
SwapCached:            0 kB
Active:          1307788 kB
Inactive:         842604 kB
Active(anon):     767352 kB
Inactive(anon):   187328 kB
Active(file):     540436 kB
Inactive(file):   655276 kB
Unevictable:        7796 kB
Mlocked:               0 kB
SwapTotal:        720184 kB
SwapFree:         720184 kB
Dirty:               208 kB
Writeback:             0 kB
AnonPages:        923560 kB
Mapped:           628024 kB
Shmem:             31148 kB
Slab:             118340 kB
SReclaimable:      36176 kB
SUnreclaim:        82164 kB
KernelStack:       34000 kB
PageTables:        56444 kB
NFS_Unstable:          0 kB
Bounce:                0 kB
WritebackTmp:          0 kB
CommitLimit:     2172840 kB
Committed_AS:   93000752 kB
VmallocTotal:   251658176 kB
VmallocUsed:      135508 kB
VmallocChunk:   251408940 kB
Time pass: 41 sec

---2015-12-10 23:35:48
MemTotal:        2905316 kB
MemFree:           68148 kB
Buffers:           25796 kB
Cached:          1175480 kB
SwapCached:            0 kB
Active:          1323872 kB
Inactive:         808904 kB
Active(anon):     779648 kB
Inactive(anon):   190916 kB
Active(file):     544224 kB
Inactive(file):   617988 kB
Unevictable:        7796 kB
Mlocked:               0 kB
SwapTotal:        720184 kB
SwapFree:         720184 kB
Dirty:               360 kB
Writeback:             0 kB
AnonPages:        939268 kB
Mapped:           639508 kB
Shmem:             31152 kB
Slab:             118464 kB
SReclaimable:      36168 kB
SUnreclaim:        82296 kB
KernelStack:       34032 kB
PageTables:        56780 kB
NFS_Unstable:          0 kB
Bounce:                0 kB
WritebackTmp:          0 kB
CommitLimit:     2172840 kB
Committed_AS:   93029920 kB
VmallocTotal:   251658176 kB
VmallocUsed:      135764 kB
VmallocChunk:   251408940 kB
Time pass: 44 sec

---2015-12-10 23:35:48
MemTotal:        2905316 kB
MemFree:           70564 kB
Buffers:           25740 kB
Cached:          1165688 kB
SwapCached:            0 kB
Active:          1324360 kB
Inactive:         800604 kB
Active(anon):     779036 kB
Inactive(anon):   193124 kB
Active(file):     545324 kB
Inactive(file):   607480 kB
Unevictable:        7796 kB
Mlocked:               0 kB
SwapTotal:        720184 kB
SwapFree:         720184 kB
Dirty:                88 kB
Writeback:             0 kB
AnonPages:        941172 kB
Mapped:           644736 kB
Shmem:             30800 kB
Slab:             118320 kB
SReclaimable:      36136 kB
SUnreclaim:        82184 kB
KernelStack:       34080 kB
PageTables:        56908 kB
NFS_Unstable:          0 kB
Bounce:                0 kB
WritebackTmp:          0 kB
CommitLimit:     2172840 kB
Committed_AS:   93041672 kB
VmallocTotal:   251658176 kB
VmallocUsed:      135812 kB
VmallocChunk:   251408940 kB
Time pass: 48 sec

---2015-12-10 23:35:48
MemTotal:        2905316 kB
MemFree:           72072 kB
Buffers:           24500 kB
Cached:          1111620 kB
SwapCached:            0 kB
Active:          1340660 kB
Inactive:         745560 kB
Active(anon):     793244 kB
Inactive(anon):   200532 kB
Active(file):     547416 kB
Inactive(file):   545028 kB
Unevictable:       12708 kB
Mlocked:               0 kB
SwapTotal:        720184 kB
SwapFree:         720156 kB
Dirty:              1788 kB
Writeback:             0 kB
AnonPages:        962908 kB
Mapped:           695356 kB
Shmem:             30960 kB
Slab:             115620 kB
SReclaimable:      33400 kB
SUnreclaim:        82220 kB
KernelStack:       34240 kB
PageTables:        56824 kB
NFS_Unstable:          0 kB
Bounce:                0 kB
WritebackTmp:          0 kB
CommitLimit:     2172840 kB
Committed_AS:   93063256 kB
VmallocTotal:   251658176 kB
VmallocUsed:      136168 kB
VmallocChunk:   251408940 kB
Time pass: 52 sec

---2015-12-10 23:35:48
MemTotal:        2905316 kB
MemFree:           86060 kB
Buffers:           24484 kB
Cached:          1107260 kB
SwapCached:            0 kB
Active:          1315436 kB
Inactive:         745240 kB
Active(anon):     772472 kB
Inactive(anon):   200244 kB
Active(file):     542964 kB
Inactive(file):   544996 kB
Unevictable:       12764 kB
Mlocked:               0 kB
SwapTotal:        720184 kB
SwapFree:         720156 kB
Dirty:               972 kB
Writeback:             0 kB
AnonPages:        941920 kB
Mapped:           704352 kB
Shmem:             30932 kB
Slab:             118588 kB
SReclaimable:      36152 kB
SUnreclaim:        82436 kB
KernelStack:       34304 kB
PageTables:        56900 kB
NFS_Unstable:          0 kB
Bounce:                0 kB
WritebackTmp:          0 kB
CommitLimit:     2172840 kB
Committed_AS:   93072592 kB
VmallocTotal:   251658176 kB
VmallocUsed:      136252 kB
VmallocChunk:   251408940 kB
Time pass: 56 sec

---2015-12-10 23:35:48
MemTotal:        2905316 kB
MemFree:           85340 kB
Buffers:           24484 kB
Cached:          1107160 kB
SwapCached:            0 kB
Active:          1315224 kB
Inactive:         745152 kB
Active(anon):     772184 kB
Inactive(anon):   200136 kB
Active(file):     543040 kB
Inactive(file):   545016 kB
Unevictable:       12764 kB
Mlocked:               0 kB
SwapTotal:        720184 kB
SwapFree:         720156 kB
Dirty:                16 kB
Writeback:             0 kB
AnonPages:        941604 kB
Mapped:           704244 kB
Shmem:             30824 kB
Slab:             118452 kB
SReclaimable:      36152 kB
SUnreclaim:        82300 kB
KernelStack:       34272 kB
PageTables:        56940 kB
NFS_Unstable:          0 kB
Bounce:                0 kB
WritebackTmp:          0 kB
CommitLimit:     2172840 kB
Committed_AS:   93068468 kB
VmallocTotal:   251658176 kB
VmallocUsed:      136252 kB
VmallocChunk:   251408940 kB
Time pass: 60 sec

---2015-12-10 23:35:48
MemTotal:        2905316 kB
MemFree:           69384 kB
Buffers:           24492 kB
Cached:          1107268 kB
SwapCached:            0 kB
Active:          1316860 kB
Inactive:         745180 kB
Active(anon):     773788 kB
Inactive(anon):   200136 kB
Active(file):     543072 kB
Inactive(file):   545044 kB
Unevictable:       12764 kB
Mlocked:               0 kB
SwapTotal:        720184 kB
SwapFree:         720156 kB
Dirty:                92 kB
Writeback:             0 kB
AnonPages:        943224 kB
Mapped:           713400 kB
Shmem:             30824 kB
Slab:             118608 kB
SReclaimable:      36184 kB
SUnreclaim:        82424 kB
KernelStack:       34272 kB
PageTables:        56968 kB
NFS_Unstable:          0 kB
Bounce:                0 kB
WritebackTmp:          0 kB
CommitLimit:     2172840 kB
Committed_AS:   93069564 kB
VmallocTotal:   251658176 kB
VmallocUsed:      136344 kB
VmallocChunk:   251408940 kB
Time pass: 63 sec

---2015-12-10 23:35:48
MemTotal:        2905316 kB
MemFree:           69280 kB
Buffers:           24500 kB
Cached:          1107276 kB
SwapCached:            0 kB
Active:          1317152 kB
Inactive:         745184 kB
Active(anon):     774076 kB
Inactive(anon):   200136 kB
Active(file):     543076 kB
Inactive(file):   545048 kB
Unevictable:       12764 kB
Mlocked:               0 kB
SwapTotal:        720184 kB
SwapFree:         720156 kB
Dirty:               152 kB
Writeback:             0 kB
AnonPages:        943396 kB
Mapped:           713536 kB
Shmem:             30824 kB
Slab:             118508 kB
SReclaimable:      36184 kB
SUnreclaim:        82324 kB
KernelStack:       34256 kB
PageTables:        56976 kB
NFS_Unstable:          0 kB
Bounce:                0 kB
WritebackTmp:          0 kB
CommitLimit:     2172840 kB
Committed_AS:   93069508 kB
VmallocTotal:   251658176 kB
VmallocUsed:      136344 kB
VmallocChunk:   251408940 kB
Time pass: 67 sec

---2015-12-10 23:35:48
MemTotal:        2905316 kB
MemFree:           75928 kB
Buffers:           24436 kB
Cached:          1076780 kB
SwapCached:            0 kB
Active:          1309860 kB
Inactive:         728176 kB
Active(anon):     781084 kB
Inactive(anon):   199488 kB
Active(file):     528776 kB
Inactive(file):   528688 kB
Unevictable:       12764 kB
Mlocked:               0 kB
SwapTotal:        720184 kB
SwapFree:         720156 kB
Dirty:               620 kB
Writeback:             0 kB
AnonPages:        949684 kB
Mapped:           721744 kB
Shmem:             30824 kB
Slab:             118780 kB
SReclaimable:      36344 kB
SUnreclaim:        82436 kB
KernelStack:       34320 kB
PageTables:        56852 kB
NFS_Unstable:          0 kB
Bounce:                0 kB
WritebackTmp:          0 kB
CommitLimit:     2172840 kB
Committed_AS:   93081532 kB
VmallocTotal:   251658176 kB
VmallocUsed:      136524 kB
VmallocChunk:   251408940 kB
Time pass: 71 sec

---2015-12-10 23:35:48
MemTotal:        2905316 kB
MemFree:           64652 kB
Buffers:           24400 kB
Cached:          1076180 kB
SwapCached:            0 kB
Active:          1320032 kB
Inactive:         728076 kB
Active(anon):     791700 kB
Inactive(anon):   199488 kB
Active(file):     528332 kB
Inactive(file):   528588 kB
Unevictable:       12764 kB
Mlocked:               0 kB
SwapTotal:        720184 kB
SwapFree:         720156 kB
Dirty:               396 kB
Writeback:             0 kB
AnonPages:        960976 kB
Mapped:           725892 kB
Shmem:             30824 kB
Slab:             119008 kB
SReclaimable:      36392 kB
SUnreclaim:        82616 kB
KernelStack:       34416 kB
PageTables:        56908 kB
NFS_Unstable:          0 kB
Bounce:                0 kB
WritebackTmp:          0 kB
CommitLimit:     2172840 kB
Committed_AS:   93087540 kB
VmallocTotal:   251658176 kB
VmallocUsed:      136536 kB
VmallocChunk:   251408940 kB
Time pass: 74 sec

---2015-12-10 23:35:48
MemTotal:        2905316 kB
MemFree:           64120 kB
Buffers:           24280 kB
Cached:          1062796 kB
SwapCached:            0 kB
Active:          1327524 kB
Inactive:         722500 kB
Active(anon):     806016 kB
Inactive(anon):   200644 kB
Active(file):     521508 kB
Inactive(file):   521856 kB
Unevictable:       12764 kB
Mlocked:               0 kB
SwapTotal:        720184 kB
SwapFree:         720156 kB
Dirty:                20 kB
Writeback:             0 kB
AnonPages:        975720 kB
Mapped:           726056 kB
Shmem:             30960 kB
Slab:             119112 kB
SReclaimable:      36584 kB
SUnreclaim:        82528 kB
KernelStack:       34624 kB
PageTables:        57152 kB
NFS_Unstable:          0 kB
Bounce:                0 kB
WritebackTmp:          0 kB
CommitLimit:     2172840 kB
Committed_AS:   93130896 kB
VmallocTotal:   251658176 kB
VmallocUsed:      138984 kB
VmallocChunk:   251408940 kB
Time pass: 78 sec

---2015-12-10 23:35:48
MemTotal:        2905316 kB
MemFree:           72288 kB
Buffers:           24020 kB
Cached:          1024800 kB
SwapCached:            0 kB
Active:          1308080 kB
Inactive:         704160 kB
Active(anon):     805812 kB
Inactive(anon):   201492 kB
Active(file):     502268 kB
Inactive(file):   502668 kB
Unevictable:       12764 kB
Mlocked:               0 kB
SwapTotal:        720184 kB
SwapFree:         720120 kB
Dirty:               120 kB
Writeback:             0 kB
AnonPages:        976116 kB
Mapped:           716560 kB
Shmem:             31120 kB
Slab:             118680 kB
SReclaimable:      36056 kB
SUnreclaim:        82624 kB
KernelStack:       34432 kB
PageTables:        57332 kB
NFS_Unstable:          0 kB
Bounce:                0 kB
WritebackTmp:          0 kB
CommitLimit:     2172840 kB
Committed_AS:   93130524 kB
VmallocTotal:   251658176 kB
VmallocUsed:      138984 kB
VmallocChunk:   251408940 kB
Time pass: 82 sec

---2015-12-10 23:35:48
MemTotal:        2905316 kB
MemFree:           74816 kB
Buffers:           24036 kB
Cached:          1024588 kB
SwapCached:            0 kB
Active:          1309088 kB
Inactive:         703984 kB
Active(anon):     806792 kB
Inactive(anon):   201276 kB
Active(file):     502296 kB
Inactive(file):   502708 kB
Unevictable:       12764 kB
Mlocked:               0 kB
SwapTotal:        720184 kB
SwapFree:         720120 kB
Dirty:               152 kB
Writeback:             0 kB
AnonPages:        977356 kB
Mapped:           716248 kB
Shmem:             30856 kB
Slab:             116412 kB
SReclaimable:      36200 kB
SUnreclaim:        80212 kB
KernelStack:       34464 kB
PageTables:        57108 kB
NFS_Unstable:          0 kB
Bounce:                0 kB
WritebackTmp:          0 kB
CommitLimit:     2172840 kB
Committed_AS:   92983484 kB
VmallocTotal:   251658176 kB
VmallocUsed:      138984 kB
VmallocChunk:   251408940 kB
Time pass: 86 sec

---2015-12-10 23:35:48
MemTotal:        2905316 kB
MemFree:           73464 kB
Buffers:           24044 kB
Cached:          1024848 kB
SwapCached:            0 kB
Active:          1310368 kB
Inactive:         704196 kB
Active(anon):     808024 kB
Inactive(anon):   201468 kB
Active(file):     502344 kB
Inactive(file):   502728 kB
Unevictable:       12764 kB
Mlocked:               0 kB
SwapTotal:        720184 kB
SwapFree:         720120 kB
Dirty:               100 kB
Writeback:             0 kB
AnonPages:        978532 kB
Mapped:           716548 kB
Shmem:             31056 kB
Slab:             116412 kB
SReclaimable:      36200 kB
SUnreclaim:        80212 kB
KernelStack:       34448 kB
PageTables:        57112 kB
NFS_Unstable:          0 kB
Bounce:                0 kB
WritebackTmp:          0 kB
CommitLimit:     2172840 kB
Committed_AS:   92986812 kB
VmallocTotal:   251658176 kB
VmallocUsed:      138984 kB
VmallocChunk:   251408940 kB
Time pass: 90 sec

---2015-12-10 23:35:48
MemTotal:        2905316 kB
MemFree:           74088 kB
Buffers:           24060 kB
Cached:          1024916 kB
SwapCached:            0 kB
Active:          1309184 kB
Inactive:         704252 kB
Active(anon):     806812 kB
Inactive(anon):   201480 kB
Active(file):     502372 kB
Inactive(file):   502772 kB
Unevictable:       12764 kB
Mlocked:               0 kB
SwapTotal:        720184 kB
SwapFree:         720120 kB
Dirty:                16 kB
Writeback:             0 kB
AnonPages:        977072 kB
Mapped:           716596 kB
Shmem:             31068 kB
Slab:             116412 kB
SReclaimable:      36200 kB
SUnreclaim:        80212 kB
KernelStack:       34448 kB
PageTables:        57112 kB
NFS_Unstable:          0 kB
Bounce:                0 kB
WritebackTmp:          0 kB
CommitLimit:     2172840 kB
Committed_AS:   92988084 kB
VmallocTotal:   251658176 kB
VmallocUsed:      138984 kB
VmallocChunk:   251408940 kB
Time pass: 94 sec

---2015-12-10 23:35:48
MemTotal:        2905316 kB
MemFree:           73656 kB
Buffers:           24068 kB
Cached:          1024940 kB
SwapCached:            0 kB
Active:          1309736 kB
Inactive:         704260 kB
Active(anon):     807340 kB
Inactive(anon):   201480 kB
Active(file):     502396 kB
Inactive(file):   502780 kB
Unevictable:       12764 kB
Mlocked:               0 kB
SwapTotal:        720184 kB
SwapFree:         720120 kB
Dirty:                96 kB
Writeback:             0 kB
AnonPages:        977856 kB
Mapped:           716600 kB
Shmem:             31068 kB
Slab:             116416 kB
SReclaimable:      36200 kB
SUnreclaim:        80216 kB
KernelStack:       34448 kB
PageTables:        57116 kB
NFS_Unstable:          0 kB
Bounce:                0 kB
WritebackTmp:          0 kB
CommitLimit:     2172840 kB
Committed_AS:   92988104 kB
VmallocTotal:   251658176 kB
VmallocUsed:      138984 kB
VmallocChunk:   251408940 kB
Time pass: 97 sec

---2015-12-10 23:35:48
MemTotal:        2905316 kB
MemFree:           89084 kB
Buffers:           24068 kB
Cached:          1023756 kB
SwapCached:            0 kB
Active:          1297852 kB
Inactive:         705524 kB
Active(anon):     796416 kB
Inactive(anon):   202408 kB
Active(file):     501436 kB
Inactive(file):   503116 kB
Unevictable:       12764 kB
Mlocked:               0 kB
SwapTotal:        720184 kB
SwapFree:         720120 kB
Dirty:               264 kB
Writeback:             0 kB
AnonPages:        968940 kB
Mapped:           714208 kB
Shmem:             30456 kB
Slab:             116240 kB
SReclaimable:      36200 kB
SUnreclaim:        80040 kB
KernelStack:       34240 kB
PageTables:        56808 kB
NFS_Unstable:          0 kB
Bounce:                0 kB
WritebackTmp:          0 kB
CommitLimit:     2172840 kB
Committed_AS:   92960932 kB
VmallocTotal:   251658176 kB
VmallocUsed:      138944 kB
VmallocChunk:   251408940 kB
Time pass: 101 sec

---2015-12-10 23:35:48
MemTotal:        2905316 kB
MemFree:          345104 kB
Buffers:           24128 kB
Cached:          1028200 kB
SwapCached:            0 kB
Active:          1228264 kB
Inactive:         709664 kB
Active(anon):     726496 kB
Inactive(anon):   204568 kB
Active(file):     501768 kB
Inactive(file):   505096 kB
Unevictable:       12764 kB
Mlocked:               0 kB
SwapTotal:        720184 kB
SwapFree:         720120 kB
Dirty:               404 kB
Writeback:             0 kB
AnonPages:        898580 kB
Mapped:           538084 kB
Shmem:             32620 kB
Slab:             116124 kB
SReclaimable:      36104 kB
SUnreclaim:        80020 kB
KernelStack:       33312 kB
PageTables:        55444 kB
NFS_Unstable:          0 kB
Bounce:                0 kB
WritebackTmp:          0 kB
CommitLimit:     2172840 kB
Committed_AS:   92859804 kB
VmallocTotal:   251658176 kB
VmallocUsed:      137280 kB
VmallocChunk:   251408940 kB
Time pass: 104 sec

---2015-12-10 23:35:48
MemTotal:        2905316 kB
MemFree:          243772 kB
Buffers:           24572 kB
Cached:          1029748 kB
SwapCached:            0 kB
Active:          1255888 kB
Inactive:         709692 kB
Active(anon):     752092 kB
Inactive(anon):   204704 kB
Active(file):     503796 kB
Inactive(file):   504988 kB
Unevictable:       12764 kB
Mlocked:               0 kB
SwapTotal:        720184 kB
SwapFree:         720120 kB
Dirty:               860 kB
Writeback:             0 kB
AnonPages:        924196 kB
Mapped:           614692 kB
Shmem:             32760 kB
Slab:             116096 kB
SReclaimable:      36104 kB
SUnreclaim:        79992 kB
KernelStack:       34176 kB
PageTables:        56256 kB
NFS_Unstable:          0 kB
Bounce:                0 kB
WritebackTmp:          0 kB
CommitLimit:     2172840 kB
Committed_AS:   92917936 kB
VmallocTotal:   251658176 kB
VmallocUsed:      138028 kB
VmallocChunk:   251408940 kB
Time pass: 108 sec

---2015-12-10 23:35:48
MemTotal:        2905316 kB
MemFree:          155944 kB
Buffers:           24580 kB
Cached:          1031520 kB
SwapCached:            0 kB
Active:          1273952 kB
Inactive:         709792 kB
Active(anon):     768468 kB
Inactive(anon):   204704 kB
Active(file):     505484 kB
Inactive(file):   505088 kB
Unevictable:       12764 kB
Mlocked:               0 kB
SwapTotal:        720184 kB
SwapFree:         720120 kB
Dirty:              2528 kB
Writeback:             0 kB
AnonPages:        940708 kB
Mapped:           664444 kB
Shmem:             32760 kB
Slab:             116124 kB
SReclaimable:      36140 kB
SUnreclaim:        79984 kB
KernelStack:       34192 kB
PageTables:        56448 kB
NFS_Unstable:          0 kB
Bounce:                0 kB
WritebackTmp:          0 kB
CommitLimit:     2172840 kB
Committed_AS:   92927552 kB
VmallocTotal:   251658176 kB
VmallocUsed:      138564 kB
VmallocChunk:   251408940 kB
Time pass: 112 sec

---2015-12-10 23:35:48
MemTotal:        2905316 kB
MemFree:          156508 kB
Buffers:           24588 kB
Cached:          1031572 kB
SwapCached:            0 kB
Active:          1274328 kB
Inactive:         709852 kB
Active(anon):     768844 kB
Inactive(anon):   204752 kB
Active(file):     505484 kB
Inactive(file):   505100 kB
Unevictable:       12764 kB
Mlocked:               0 kB
SwapTotal:        720184 kB
SwapFree:         720120 kB
Dirty:               240 kB
Writeback:             0 kB
AnonPages:        940720 kB
Mapped:           664676 kB
Shmem:             32808 kB
Slab:             116228 kB
SReclaimable:      36140 kB
SUnreclaim:        80088 kB
KernelStack:       34192 kB
PageTables:        56560 kB
NFS_Unstable:          0 kB
Bounce:                0 kB
WritebackTmp:          0 kB
CommitLimit:     2172840 kB
Committed_AS:   92948008 kB
VmallocTotal:   251658176 kB
VmallocUsed:      136148 kB
VmallocChunk:   251408940 kB
Time pass: 116 sec

---2015-12-10 23:35:48
MemTotal:        2905316 kB
MemFree:          139532 kB
Buffers:           24596 kB
Cached:          1031840 kB
SwapCached:            0 kB
Active:          1276352 kB
Inactive:         710040 kB
Active(anon):     770808 kB
Inactive(anon):   204752 kB
Active(file):     505544 kB
Inactive(file):   505288 kB
Unevictable:       12764 kB
Mlocked:               0 kB
SwapTotal:        720184 kB
SwapFree:         720120 kB
Dirty:               164 kB
Writeback:             0 kB
AnonPages:        942660 kB
Mapped:           673964 kB
Shmem:             32808 kB
Slab:             116196 kB
SReclaimable:      36172 kB
SUnreclaim:        80024 kB
KernelStack:       34144 kB
PageTables:        56556 kB
NFS_Unstable:          0 kB
Bounce:                0 kB
WritebackTmp:          0 kB
CommitLimit:     2172840 kB
Committed_AS:   92948856 kB
VmallocTotal:   251658176 kB
VmallocUsed:      136244 kB
VmallocChunk:   251408940 kB
Time pass: 120 sec

---2015-12-10 23:35:48
MemTotal:        2905316 kB
MemFree:          135124 kB
Buffers:           24620 kB
Cached:          1031824 kB
SwapCached:            0 kB
Active:          1282372 kB
Inactive:         710072 kB
Active(anon):     776824 kB
Inactive(anon):   204752 kB
Active(file):     505548 kB
Inactive(file):   505320 kB
Unevictable:       12764 kB
Mlocked:               0 kB
SwapTotal:        720184 kB
SwapFree:         720120 kB
Dirty:               444 kB
Writeback:             0 kB
AnonPages:        948824 kB
Mapped:           674248 kB
Shmem:             32808 kB
Slab:             116212 kB
SReclaimable:      36188 kB
SUnreclaim:        80024 kB
KernelStack:       34144 kB
PageTables:        56556 kB
NFS_Unstable:          0 kB
Bounce:                0 kB
WritebackTmp:          0 kB
CommitLimit:     2172840 kB
Committed_AS:   92952212 kB
VmallocTotal:   251658176 kB
VmallocUsed:      136244 kB
VmallocChunk:   251408940 kB
Time pass: 124 sec

---2015-12-10 23:35:48
MemTotal:        2905316 kB
MemFree:          110276 kB
Buffers:           24620 kB
Cached:          1031900 kB
SwapCached:            0 kB
Active:          1282176 kB
Inactive:         710092 kB
Active(anon):     776568 kB
Inactive(anon):   204752 kB
Active(file):     505608 kB
Inactive(file):   505340 kB
Unevictable:       12764 kB
Mlocked:               0 kB
SwapTotal:        720184 kB
SwapFree:         720120 kB
Dirty:               612 kB
Writeback:             0 kB
AnonPages:        948556 kB
Mapped:           687292 kB
Shmem:             32808 kB
Slab:             116228 kB
SReclaimable:      36188 kB
SUnreclaim:        80040 kB
KernelStack:       34144 kB
PageTables:        56528 kB
NFS_Unstable:          0 kB
Bounce:                0 kB
WritebackTmp:          0 kB
CommitLimit:     2172840 kB
Committed_AS:   92952500 kB
VmallocTotal:   251658176 kB
VmallocUsed:      136428 kB
VmallocChunk:   251408940 kB
Time pass: 128 sec

---2015-12-10 23:35:48
MemTotal:        2905316 kB
MemFree:          103380 kB
Buffers:           24632 kB
Cached:          1035664 kB
SwapCached:            0 kB
Active:          1285728 kB
Inactive:         713852 kB
Active(anon):     780116 kB
Inactive(anon):   204752 kB
Active(file):     505612 kB
Inactive(file):   509100 kB
Unevictable:       12764 kB
Mlocked:               0 kB
SwapTotal:        720184 kB
SwapFree:         720120 kB
Dirty:                84 kB
Writeback:             0 kB
AnonPages:        951968 kB
Mapped:           688156 kB
Shmem:             32808 kB
Slab:             116292 kB
SReclaimable:      36188 kB
SUnreclaim:        80104 kB
KernelStack:       34144 kB
PageTables:        56540 kB
NFS_Unstable:          0 kB
Bounce:                0 kB
WritebackTmp:          0 kB
CommitLimit:     2172840 kB
Committed_AS:   92955936 kB
VmallocTotal:   251658176 kB
VmallocUsed:      136428 kB
VmallocChunk:   251408940 kB
Time pass: 132 sec

---2015-12-10 23:35:48
MemTotal:        2905316 kB
MemFree:           99168 kB
Buffers:           24640 kB
Cached:          1036064 kB
SwapCached:            0 kB
Active:          1288180 kB
Inactive:         714236 kB
Active(anon):     782556 kB
Inactive(anon):   204752 kB
Active(file):     505624 kB
Inactive(file):   509484 kB
Unevictable:       12764 kB
Mlocked:               0 kB
SwapTotal:        720184 kB
SwapFree:         720120 kB
Dirty:                48 kB
Writeback:             0 kB
AnonPages:        954416 kB
Mapped:           688712 kB
Shmem:             32808 kB
Slab:             116260 kB
SReclaimable:      36188 kB
SUnreclaim:        80072 kB
KernelStack:       34176 kB
PageTables:        56552 kB
NFS_Unstable:          0 kB
Bounce:                0 kB
WritebackTmp:          0 kB
CommitLimit:     2172840 kB
Committed_AS:   92959944 kB
VmallocTotal:   251658176 kB
VmallocUsed:      136428 kB
VmallocChunk:   251408940 kB
Time pass: 135 sec

---2015-12-10 23:35:48
MemTotal:        2905316 kB
MemFree:           94824 kB
Buffers:           24648 kB
Cached:          1036092 kB
SwapCached:            0 kB
Active:          1289464 kB
Inactive:         714268 kB
Active(anon):     783812 kB
Inactive(anon):   204752 kB
Active(file):     505652 kB
Inactive(file):   509516 kB
Unevictable:       12764 kB
Mlocked:               0 kB
SwapTotal:        720184 kB
SwapFree:         720120 kB
Dirty:                12 kB
Writeback:             0 kB
AnonPages:        955740 kB
Mapped:           690324 kB
Shmem:             32808 kB
Slab:             116260 kB
SReclaimable:      36188 kB
SUnreclaim:        80072 kB
KernelStack:       34240 kB
PageTables:        56556 kB
NFS_Unstable:          0 kB
Bounce:                0 kB
WritebackTmp:          0 kB
CommitLimit:     2172840 kB
Committed_AS:   92961248 kB
VmallocTotal:   251658176 kB
VmallocUsed:      136428 kB
VmallocChunk:   251408940 kB
Time pass: 139 sec

---2015-12-10 23:35:48
MemTotal:        2905316 kB
MemFree:           85208 kB
Buffers:           24680 kB
Cached:          1036120 kB
SwapCached:            0 kB
Active:          1301708 kB
Inactive:         714320 kB
Active(anon):     796048 kB
Inactive(anon):   204752 kB
Active(file):     505660 kB
Inactive(file):   509568 kB
Unevictable:       12764 kB
Mlocked:               0 kB
SwapTotal:        720184 kB
SwapFree:         720120 kB
Dirty:               124 kB
Writeback:             0 kB
AnonPages:        967948 kB
Mapped:           692748 kB
Shmem:             32808 kB
Slab:             116252 kB
SReclaimable:      36188 kB
SUnreclaim:        80064 kB
KernelStack:       34384 kB
PageTables:        56588 kB
NFS_Unstable:          0 kB
Bounce:                0 kB
WritebackTmp:          0 kB
CommitLimit:     2172840 kB
Committed_AS:   92972120 kB
VmallocTotal:   251658176 kB
VmallocUsed:      136428 kB
VmallocChunk:   251408940 kB
Time pass: 143 sec

---2015-12-10 23:35:48
MemTotal:        2905316 kB
MemFree:           77808 kB
Buffers:           24684 kB
Cached:          1036412 kB
SwapCached:            0 kB
Active:          1308984 kB
Inactive:         713556 kB
Active(anon):     802268 kB
Inactive(anon):   204932 kB
Active(file):     506716 kB
Inactive(file):   508624 kB
Unevictable:       12764 kB
Mlocked:               0 kB
SwapTotal:        720184 kB
SwapFree:         720120 kB
Dirty:               136 kB
Writeback:             0 kB
AnonPages:        974216 kB
Mapped:           693972 kB
Shmem:             32992 kB
Slab:             116412 kB
SReclaimable:      36236 kB
SUnreclaim:        80176 kB
KernelStack:       34608 kB
PageTables:        56848 kB
NFS_Unstable:          0 kB
Bounce:                0 kB
WritebackTmp:          0 kB
CommitLimit:     2172840 kB
Committed_AS:   93027140 kB
VmallocTotal:   251658176 kB
VmallocUsed:      138876 kB
VmallocChunk:   251408940 kB
Time pass: 147 sec

---2015-12-10 23:35:48
MemTotal:        2905316 kB
MemFree:           76416 kB
Buffers:           24692 kB
Cached:          1036448 kB
SwapCached:            0 kB
Active:          1309064 kB
Inactive:         713576 kB
Active(anon):     802328 kB
Inactive(anon):   204944 kB
Active(file):     506736 kB
Inactive(file):   508632 kB
Unevictable:       12764 kB
Mlocked:               0 kB
SwapTotal:        720184 kB
SwapFree:         720120 kB
Dirty:                28 kB
Writeback:             0 kB
AnonPages:        974368 kB
Mapped:           693980 kB
Shmem:             33008 kB
Slab:             116424 kB
SReclaimable:      36252 kB
SUnreclaim:        80172 kB
KernelStack:       34544 kB
PageTables:        56848 kB
NFS_Unstable:          0 kB
Bounce:                0 kB
WritebackTmp:          0 kB
CommitLimit:     2172840 kB
Committed_AS:   93027580 kB
VmallocTotal:   251658176 kB
VmallocUsed:      138876 kB
VmallocChunk:   251408940 kB
Time pass: 151 sec

---2015-12-10 23:35:48
MemTotal:        2905316 kB
MemFree:           75832 kB
Buffers:           24708 kB
Cached:          1036516 kB
SwapCached:            0 kB
Active:          1310092 kB
Inactive:         713636 kB
Active(anon):     803328 kB
Inactive(anon):   204960 kB
Active(file):     506764 kB
Inactive(file):   508676 kB
Unevictable:       12764 kB
Mlocked:               0 kB
SwapTotal:        720184 kB
SwapFree:         720120 kB
Dirty:                80 kB
Writeback:             0 kB
AnonPages:        975248 kB
Mapped:           694076 kB
Shmem:             33020 kB
Slab:             116328 kB
SReclaimable:      36252 kB
SUnreclaim:        80076 kB
KernelStack:       34528 kB
PageTables:        56868 kB
NFS_Unstable:          0 kB
Bounce:                0 kB
WritebackTmp:          0 kB
CommitLimit:     2172840 kB
Committed_AS:   93027564 kB
VmallocTotal:   251658176 kB
VmallocUsed:      138876 kB
VmallocChunk:   251408940 kB
Time pass: 155 sec

---2015-12-10 23:35:48
MemTotal:        2905316 kB
MemFree:           75064 kB
Buffers:           24716 kB
Cached:          1036568 kB
SwapCached:            0 kB
Active:          1310612 kB
Inactive:         713672 kB
Active(anon):     803824 kB
Inactive(anon):   204968 kB
Active(file):     506788 kB
Inactive(file):   508704 kB
Unevictable:       12764 kB
Mlocked:               0 kB
SwapTotal:        720184 kB
SwapFree:         720120 kB
Dirty:                 4 kB
Writeback:             0 kB
AnonPages:        975820 kB
Mapped:           694036 kB
Shmem:             33028 kB
Slab:             116328 kB
SReclaimable:      36252 kB
SUnreclaim:        80076 kB
KernelStack:       34528 kB
PageTables:        56848 kB
NFS_Unstable:          0 kB
Bounce:                0 kB
WritebackTmp:          0 kB
CommitLimit:     2172840 kB
Committed_AS:   93027540 kB
VmallocTotal:   251658176 kB
VmallocUsed:      138876 kB
VmallocChunk:   251408940 kB
Time pass: 159 sec

---2015-12-10 23:35:48
MemTotal:        2905316 kB
MemFree:           74592 kB
Buffers:           24724 kB
Cached:          1036612 kB
SwapCached:            0 kB
Active:          1311416 kB
Inactive:         713704 kB
Active(anon):     804608 kB
Inactive(anon):   205000 kB
Active(file):     506808 kB
Inactive(file):   508704 kB
Unevictable:       12764 kB
Mlocked:               0 kB
SwapTotal:        720184 kB
SwapFree:         720120 kB
Dirty:                32 kB
Writeback:             0 kB
AnonPages:        976568 kB
Mapped:           694152 kB
Shmem:             33060 kB
Slab:             116328 kB
SReclaimable:      36252 kB
SUnreclaim:        80076 kB
KernelStack:       34512 kB
PageTables:        56892 kB
NFS_Unstable:          0 kB
Bounce:                0 kB
WritebackTmp:          0 kB
CommitLimit:     2172840 kB
Committed_AS:   93028024 kB
VmallocTotal:   251658176 kB
VmallocUsed:      138876 kB
VmallocChunk:   251408940 kB
Time pass: 162 sec

---2015-12-10 23:35:48
MemTotal:        2905316 kB
MemFree:           69056 kB
Buffers:           24740 kB
Cached:          1037084 kB
SwapCached:            0 kB
Active:          1316296 kB
Inactive:         714160 kB
Active(anon):     809456 kB
Inactive(anon):   205376 kB
Active(file):     506840 kB
Inactive(file):   508784 kB
Unevictable:       12764 kB
Mlocked:               0 kB
SwapTotal:        720184 kB
SwapFree:         720120 kB
Dirty:               128 kB
Writeback:             0 kB
AnonPages:        981416 kB
Mapped:           694556 kB
Shmem:             33436 kB
Slab:             116328 kB
SReclaimable:      36252 kB
SUnreclaim:        80076 kB
KernelStack:       34528 kB
PageTables:        56896 kB
NFS_Unstable:          0 kB
Bounce:                0 kB
WritebackTmp:          0 kB
CommitLimit:     2172840 kB
Committed_AS:   93044168 kB
VmallocTotal:   251658176 kB
VmallocUsed:      138876 kB
VmallocChunk:   251408940 kB
Time pass: 166 sec

---2015-12-10 23:35:48
MemTotal:        2905316 kB
MemFree:           68512 kB
Buffers:           24764 kB
Cached:          1036784 kB
SwapCached:            0 kB
Active:          1316212 kB
Inactive:         713672 kB
Active(anon):     809160 kB
Inactive(anon):   205004 kB
Active(file):     507052 kB
Inactive(file):   508668 kB
Unevictable:       12764 kB
Mlocked:               0 kB
SwapTotal:        720184 kB
SwapFree:         720120 kB
Dirty:                 4 kB
Writeback:             0 kB
AnonPages:        981280 kB
Mapped:           694300 kB
Shmem:             33064 kB
Slab:             116324 kB
SReclaimable:      36252 kB
SUnreclaim:        80072 kB
KernelStack:       34480 kB
PageTables:        56944 kB
NFS_Unstable:          0 kB
Bounce:                0 kB
WritebackTmp:          0 kB
CommitLimit:     2172840 kB
Committed_AS:   93045696 kB
VmallocTotal:   251658176 kB
VmallocUsed:      138876 kB
VmallocChunk:   251408940 kB
Time pass: 170 sec

---2015-12-10 23:35:48
MemTotal:        2905316 kB
MemFree:           68088 kB
Buffers:           24772 kB
Cached:          1036836 kB
SwapCached:            0 kB
Active:          1316740 kB
Inactive:         713720 kB
Active(anon):     809676 kB
Inactive(anon):   205048 kB
Active(file):     507064 kB
Inactive(file):   508672 kB
Unevictable:       12764 kB
Mlocked:               0 kB
SwapTotal:        720184 kB
SwapFree:         720120 kB
Dirty:                20 kB
Writeback:             0 kB
AnonPages:        981612 kB
Mapped:           692732 kB
Shmem:             33108 kB
Slab:             116260 kB
SReclaimable:      36252 kB
SUnreclaim:        80008 kB
KernelStack:       34480 kB
PageTables:        56768 kB
NFS_Unstable:          0 kB
Bounce:                0 kB
WritebackTmp:          0 kB
CommitLimit:     2172840 kB
Committed_AS:   92524728 kB
VmallocTotal:   251658176 kB
VmallocUsed:      138876 kB
VmallocChunk:   251408940 kB
Time pass: 174 sec

---2015-12-10 23:35:48
MemTotal:        2905316 kB
MemFree:           67860 kB
Buffers:           24772 kB
Cached:          1036924 kB
SwapCached:            0 kB
Active:          1317132 kB
Inactive:         713800 kB
Active(anon):     810064 kB
Inactive(anon):   205128 kB
Active(file):     507068 kB
Inactive(file):   508672 kB
Unevictable:       12764 kB
Mlocked:               0 kB
SwapTotal:        720184 kB
SwapFree:         720120 kB
Dirty:                32 kB
Writeback:             0 kB
AnonPages:        982016 kB
Mapped:           692872 kB
Shmem:             33188 kB
Slab:             116176 kB
SReclaimable:      36252 kB
SUnreclaim:        79924 kB
KernelStack:       34496 kB
PageTables:        56832 kB
NFS_Unstable:          0 kB
Bounce:                0 kB
WritebackTmp:          0 kB
CommitLimit:     2172840 kB
Committed_AS:   92545476 kB
VmallocTotal:   251658176 kB
VmallocUsed:      138876 kB
VmallocChunk:   251408940 kB
Time pass: 178 sec

---2015-12-10 23:35:48
MemTotal:        2905316 kB
MemFree:           68680 kB
Buffers:           24780 kB
Cached:          1036928 kB
SwapCached:            0 kB
Active:          1316340 kB
Inactive:         713800 kB
Active(anon):     809256 kB
Inactive(anon):   205128 kB
Active(file):     507084 kB
Inactive(file):   508672 kB
Unevictable:       12764 kB
Mlocked:               0 kB
SwapTotal:        720184 kB
SwapFree:         720120 kB
Dirty:                12 kB
Writeback:             0 kB
AnonPages:        981296 kB
Mapped:           692924 kB
Shmem:             33188 kB
Slab:             116176 kB
SReclaimable:      36252 kB
SUnreclaim:        79924 kB
KernelStack:       34464 kB
PageTables:        56864 kB
NFS_Unstable:          0 kB
Bounce:                0 kB
WritebackTmp:          0 kB
CommitLimit:     2172840 kB
Committed_AS:   92545740 kB
VmallocTotal:   251658176 kB
VmallocUsed:      138876 kB
VmallocChunk:   251408940 kB
Time pass: 182 sec

---2015-12-10 23:35:48
MemTotal:        2905316 kB
MemFree:           80404 kB
Buffers:           24788 kB
Cached:          1036664 kB
SwapCached:            0 kB
Active:          1305388 kB
Inactive:         713532 kB
Active(anon):     798288 kB
Inactive(anon):   204848 kB
Active(file):     507100 kB
Inactive(file):   508684 kB
Unevictable:       12764 kB
Mlocked:               0 kB
SwapTotal:        720184 kB
SwapFree:         720120 kB
Dirty:                 4 kB
Writeback:             0 kB
AnonPages:        970364 kB
Mapped:           692480 kB
Shmem:             32904 kB
Slab:             116176 kB
SReclaimable:      36252 kB
SUnreclaim:        79924 kB
KernelStack:       34128 kB
PageTables:        56684 kB
NFS_Unstable:          0 kB
Bounce:                0 kB
WritebackTmp:          0 kB
CommitLimit:     2172840 kB
Committed_AS:   92517192 kB
VmallocTotal:   251658176 kB
VmallocUsed:      138844 kB
VmallocChunk:   251408940 kB
Time pass: 186 sec

---2015-12-10 23:35:48
MemTotal:        2905316 kB
MemFree:           71124 kB
Buffers:           24796 kB
Cached:          1036672 kB
SwapCached:            0 kB
Active:          1314852 kB
Inactive:         713540 kB
Active(anon):     807744 kB
Inactive(anon):   204848 kB
Active(file):     507108 kB
Inactive(file):   508692 kB
Unevictable:       12764 kB
Mlocked:               0 kB
SwapTotal:        720184 kB
SwapFree:         720120 kB
Dirty:                44 kB
Writeback:             0 kB
AnonPages:        979840 kB
Mapped:           692488 kB
Shmem:             32904 kB
Slab:             116176 kB
SReclaimable:      36252 kB
SUnreclaim:        79924 kB
KernelStack:       34176 kB
PageTables:        56656 kB
NFS_Unstable:          0 kB
Bounce:                0 kB
WritebackTmp:          0 kB
CommitLimit:     2172840 kB
Committed_AS:   92543568 kB
VmallocTotal:   251658176 kB
VmallocUsed:      138844 kB
VmallocChunk:   251408940 kB
Time pass: 190 sec

---2015-12-10 23:35:48
MemTotal:        2905316 kB
MemFree:           64236 kB
Buffers:           24844 kB
Cached:          1036992 kB
SwapCached:            0 kB
Active:          1320812 kB
Inactive:         713868 kB
Active(anon):     813668 kB
Inactive(anon):   205032 kB
Active(file):     507144 kB
Inactive(file):   508836 kB
Unevictable:       12764 kB
Mlocked:               0 kB
SwapTotal:        720184 kB
SwapFree:         720120 kB
Dirty:               208 kB
Writeback:             0 kB
AnonPages:        985556 kB
Mapped:           692864 kB
Shmem:             33092 kB
Slab:             116188 kB
SReclaimable:      36268 kB
SUnreclaim:        79920 kB
KernelStack:       34480 kB
PageTables:        56816 kB
NFS_Unstable:          0 kB
Bounce:                0 kB
WritebackTmp:          0 kB
CommitLimit:     2172840 kB
Committed_AS:   92547064 kB
VmallocTotal:   251658176 kB
VmallocUsed:      138876 kB
VmallocChunk:   251408940 kB
Time pass: 194 sec

---2015-12-10 23:35:48
MemTotal:        2905316 kB
MemFree:           68244 kB
Buffers:           24844 kB
Cached:          1033148 kB
SwapCached:            0 kB
Active:          1319924 kB
Inactive:         711220 kB
Active(anon):     813992 kB
Inactive(anon):   205032 kB
Active(file):     505932 kB
Inactive(file):   506188 kB
Unevictable:       12764 kB
Mlocked:               0 kB
SwapTotal:        720184 kB
SwapFree:         720120 kB
Dirty:                44 kB
Writeback:             0 kB
AnonPages:        985896 kB
Mapped:           693008 kB
Shmem:             33108 kB
Slab:             116188 kB
SReclaimable:      36268 kB
SUnreclaim:        79920 kB
KernelStack:       34480 kB
PageTables:        56816 kB
NFS_Unstable:          0 kB
Bounce:                0 kB
WritebackTmp:          0 kB
CommitLimit:     2172840 kB
Committed_AS:   92547084 kB
VmallocTotal:   251658176 kB
VmallocUsed:      138876 kB
VmallocChunk:   251408940 kB
Time pass: 197 sec

---2015-12-10 23:35:48
MemTotal:        2905316 kB
MemFree:           68516 kB
Buffers:           24852 kB
Cached:          1033164 kB
SwapCached:            0 kB
Active:          1319380 kB
Inactive:         711260 kB
Active(anon):     813448 kB
Inactive(anon):   205064 kB
Active(file):     505932 kB
Inactive(file):   506196 kB
Unevictable:       12764 kB
Mlocked:               0 kB
SwapTotal:        720184 kB
SwapFree:         720120 kB
Dirty:                56 kB
Writeback:             0 kB
AnonPages:        985484 kB
Mapped:           693028 kB
Shmem:             33124 kB
Slab:             116188 kB
SReclaimable:      36268 kB
SUnreclaim:        79920 kB
KernelStack:       34432 kB
PageTables:        56820 kB
NFS_Unstable:          0 kB
Bounce:                0 kB
WritebackTmp:          0 kB
CommitLimit:     2172840 kB
Committed_AS:   92547072 kB
VmallocTotal:   251658176 kB
VmallocUsed:      138876 kB
VmallocChunk:   251408940 kB
Time pass: 201 sec

---2015-12-10 23:35:48
MemTotal:        2905316 kB
MemFree:           68248 kB
Buffers:           24860 kB
Cached:          1033172 kB
SwapCached:            0 kB
Active:          1319408 kB
Inactive:         711272 kB
Active(anon):     813472 kB
Inactive(anon):   205064 kB
Active(file):     505936 kB
Inactive(file):   506208 kB
Unevictable:       12764 kB
Mlocked:               0 kB
SwapTotal:        720184 kB
SwapFree:         720120 kB
Dirty:                 4 kB
Writeback:             0 kB
AnonPages:        985564 kB
Mapped:           693104 kB
Shmem:             33124 kB
Slab:             116188 kB
SReclaimable:      36268 kB
SUnreclaim:        79920 kB
KernelStack:       34464 kB
PageTables:        56844 kB
NFS_Unstable:          0 kB
Bounce:                0 kB
WritebackTmp:          0 kB
CommitLimit:     2172840 kB
Committed_AS:   92547032 kB
VmallocTotal:   251658176 kB
VmallocUsed:      138876 kB
VmallocChunk:   251408940 kB
Time pass: 205 sec

---2015-12-10 23:35:48
MemTotal:        2905316 kB
MemFree:           68436 kB
Buffers:           24868 kB
Cached:          1033212 kB
SwapCached:            0 kB
Active:          1319968 kB
Inactive:         711320 kB
Active(anon):     814032 kB
Inactive(anon):   205112 kB
Active(file):     505936 kB
Inactive(file):   506208 kB
Unevictable:       12764 kB
Mlocked:               0 kB
SwapTotal:        720184 kB
SwapFree:         720120 kB
Dirty:                 4 kB
Writeback:             0 kB
AnonPages:        985856 kB
Mapped:           693156 kB
Shmem:             33172 kB
Slab:             116188 kB
SReclaimable:      36268 kB
SUnreclaim:        79920 kB
KernelStack:       34448 kB
PageTables:        56884 kB
NFS_Unstable:          0 kB
Bounce:                0 kB
WritebackTmp:          0 kB
CommitLimit:     2172840 kB
Committed_AS:   92567512 kB
VmallocTotal:   251658176 kB
VmallocUsed:      138876 kB
VmallocChunk:   251408940 kB
Time pass: 209 sec

---2015-12-10 23:35:48
MemTotal:        2905316 kB
MemFree:           68512 kB
Buffers:           24876 kB
Cached:          1033228 kB
SwapCached:            0 kB
Active:          1320188 kB
Inactive:         711332 kB
Active(anon):     814240 kB
Inactive(anon):   205112 kB
Active(file):     505948 kB
Inactive(file):   506220 kB
Unevictable:       12764 kB
Mlocked:               0 kB
SwapTotal:        720184 kB
SwapFree:         720120 kB
Dirty:                60 kB
Writeback:             0 kB
AnonPages:        986012 kB
Mapped:           693152 kB
Shmem:             33172 kB
Slab:             116184 kB
SReclaimable:      36268 kB
SUnreclaim:        79916 kB
KernelStack:       34448 kB
PageTables:        56860 kB
NFS_Unstable:          0 kB
Bounce:                0 kB
WritebackTmp:          0 kB
CommitLimit:     2172840 kB
Committed_AS:   92567524 kB
VmallocTotal:   251658176 kB
VmallocUsed:      138876 kB
VmallocChunk:   251408940 kB
Time pass: 213 sec

---2015-12-10 23:35:48
MemTotal:        2905316 kB
MemFree:           68824 kB
Buffers:           24876 kB
Cached:          1026700 kB
SwapCached:            0 kB
Active:          1318964 kB
Inactive:         708008 kB
Active(anon):     816248 kB
Inactive(anon):   204792 kB
Active(file):     502716 kB
Inactive(file):   503216 kB
Unevictable:       12764 kB
Mlocked:               0 kB
SwapTotal:        720184 kB
SwapFree:         719800 kB
Dirty:                40 kB
Writeback:             0 kB
AnonPages:        988216 kB
Mapped:           693096 kB
Shmem:             32852 kB
Slab:             119852 kB
SReclaimable:      39612 kB
SUnreclaim:        80240 kB
KernelStack:       34512 kB
PageTables:        56952 kB
NFS_Unstable:          0 kB
Bounce:                0 kB
WritebackTmp:          0 kB
CommitLimit:     2172840 kB
Committed_AS:   92579080 kB
VmallocTotal:   251658176 kB
VmallocUsed:      139896 kB
VmallocChunk:   251408940 kB
Time pass: 216 sec

---2015-12-10 23:35:48
MemTotal:        2905316 kB
MemFree:           69028 kB
Buffers:           24876 kB
Cached:          1026884 kB
SwapCached:            0 kB
Active:          1318064 kB
Inactive:         708176 kB
Active(anon):     815332 kB
Inactive(anon):   204792 kB
Active(file):     502732 kB
Inactive(file):   503384 kB
Unevictable:       12764 kB
Mlocked:               0 kB
SwapTotal:        720184 kB
SwapFree:         719800 kB
Dirty:                 0 kB
Writeback:             0 kB
AnonPages:        987496 kB
Mapped:           693208 kB
Shmem:             32852 kB
Slab:             120212 kB
SReclaimable:      39796 kB
SUnreclaim:        80416 kB
KernelStack:       34448 kB
PageTables:        56952 kB
NFS_Unstable:          0 kB
Bounce:                0 kB
WritebackTmp:          0 kB
CommitLimit:     2172840 kB
Committed_AS:   92573436 kB
VmallocTotal:   251658176 kB
VmallocUsed:      138876 kB
VmallocChunk:   251408940 kB
Time pass: 220 sec

---2015-12-10 23:35:48
MemTotal:        2905316 kB
MemFree:           70304 kB
Buffers:           24884 kB
Cached:          1026904 kB
SwapCached:            0 kB
Active:          1316892 kB
Inactive:         708216 kB
Active(anon):     814144 kB
Inactive(anon):   204792 kB
Active(file):     502748 kB
Inactive(file):   503424 kB
Unevictable:       12764 kB
Mlocked:               0 kB
SwapTotal:        720184 kB
SwapFree:         719800 kB
Dirty:                56 kB
Writeback:             0 kB
AnonPages:        986176 kB
Mapped:           693200 kB
Shmem:             32852 kB
Slab:             120184 kB
SReclaimable:      39872 kB
SUnreclaim:        80312 kB
KernelStack:       34400 kB
PageTables:        56856 kB
NFS_Unstable:          0 kB
Bounce:                0 kB
WritebackTmp:          0 kB
CommitLimit:     2172840 kB
Committed_AS:   92567524 kB
VmallocTotal:   251658176 kB
VmallocUsed:      138876 kB
VmallocChunk:   251408940 kB
Time pass: 224 sec

---2015-12-10 23:35:48
MemTotal:        2905316 kB
MemFree:           66260 kB
Buffers:           24940 kB
Cached:          1027020 kB
SwapCached:            0 kB
Active:          1321224 kB
Inactive:         708332 kB
Active(anon):     818420 kB
Inactive(anon):   204768 kB
Active(file):     502804 kB
Inactive(file):   503564 kB
Unevictable:       12764 kB
Mlocked:               0 kB
SwapTotal:        720184 kB
SwapFree:         719800 kB
Dirty:               256 kB
Writeback:             0 kB
AnonPages:        990640 kB
Mapped:           693188 kB
Shmem:             32828 kB
Slab:             120164 kB
SReclaimable:      39876 kB
SUnreclaim:        80288 kB
KernelStack:       34432 kB
PageTables:        56908 kB
NFS_Unstable:          0 kB
Bounce:                0 kB
WritebackTmp:          0 kB
CommitLimit:     2172840 kB
Committed_AS:   92569420 kB
VmallocTotal:   251658176 kB
VmallocUsed:      138876 kB
VmallocChunk:   251408940 kB
Time pass: 228 sec

---2015-12-10 23:35:48
MemTotal:        2905316 kB
MemFree:           65440 kB
Buffers:           24948 kB
Cached:          1027076 kB
SwapCached:            0 kB
Active:          1321932 kB
Inactive:         708392 kB
Active(anon):     819124 kB
Inactive(anon):   204828 kB
Active(file):     502808 kB
Inactive(file):   503564 kB
Unevictable:       12764 kB
Mlocked:               0 kB
SwapTotal:        720184 kB
SwapFree:         719800 kB
Dirty:                 4 kB
Writeback:             0 kB
AnonPages:        991020 kB
Mapped:           693252 kB
Shmem:             32888 kB
Slab:             120164 kB
SReclaimable:      39876 kB
SUnreclaim:        80288 kB
KernelStack:       34432 kB
PageTables:        56912 kB
NFS_Unstable:          0 kB
Bounce:                0 kB
WritebackTmp:          0 kB
CommitLimit:     2172840 kB
Committed_AS:   92569424 kB
VmallocTotal:   251658176 kB
VmallocUsed:      138876 kB
VmallocChunk:   251408940 kB
Time pass: 232 sec

---2015-12-10 23:35:48
MemTotal:        2905316 kB
MemFree:           64884 kB
Buffers:           24948 kB
Cached:          1027096 kB
SwapCached:            0 kB
Active:          1322328 kB
Inactive:         708408 kB
Active(anon):     819516 kB
Inactive(anon):   204832 kB
Active(file):     502812 kB
Inactive(file):   503576 kB
Unevictable:       12764 kB
Mlocked:               0 kB
SwapTotal:        720184 kB
SwapFree:         719800 kB
Dirty:                72 kB
Writeback:             0 kB
AnonPages:        991432 kB
Mapped:           693324 kB
Shmem:             32892 kB
Slab:             120164 kB
SReclaimable:      39876 kB
SUnreclaim:        80288 kB
KernelStack:       34416 kB
PageTables:        56936 kB
NFS_Unstable:          0 kB
Bounce:                0 kB
WritebackTmp:          0 kB
CommitLimit:     2172840 kB
Committed_AS:   92569400 kB
VmallocTotal:   251658176 kB
VmallocUsed:      138876 kB
VmallocChunk:   251408940 kB
Time pass: 236 sec

---2015-12-10 23:35:48
MemTotal:        2905316 kB
MemFree:           64848 kB
Buffers:           24956 kB
Cached:          1027148 kB
SwapCached:            0 kB
Active:          1322232 kB
Inactive:         708468 kB
Active(anon):     819420 kB
Inactive(anon):   204884 kB
Active(file):     502812 kB
Inactive(file):   503584 kB
Unevictable:       12764 kB
Mlocked:               0 kB
SwapTotal:        720184 kB
SwapFree:         719800 kB
Dirty:                 4 kB
Writeback:             0 kB
AnonPages:        991368 kB
Mapped:           693384 kB
Shmem:             32944 kB
Slab:             120164 kB
SReclaimable:      39876 kB
SUnreclaim:        80288 kB
KernelStack:       34368 kB
PageTables:        56960 kB
NFS_Unstable:          0 kB
Bounce:                0 kB
WritebackTmp:          0 kB
CommitLimit:     2172840 kB
Committed_AS:   92589880 kB
VmallocTotal:   251658176 kB
VmallocUsed:      138876 kB
VmallocChunk:   251408940 kB
Time pass: 240 sec

---2015-12-10 23:35:48
MemTotal:        2905316 kB
MemFree:           64808 kB
Buffers:           24964 kB
Cached:          1027164 kB
SwapCached:            0 kB
Active:          1322956 kB
Inactive:         708484 kB
Active(anon):     820136 kB
Inactive(anon):   204896 kB
Active(file):     502820 kB
Inactive(file):   503588 kB
Unevictable:       12764 kB
Mlocked:               0 kB
SwapTotal:        720184 kB
SwapFree:         719800 kB
Dirty:                32 kB
Writeback:             0 kB
AnonPages:        992128 kB
Mapped:           693352 kB
Shmem:             32956 kB
Slab:             120164 kB
SReclaimable:      39876 kB
SUnreclaim:        80288 kB
KernelStack:       34368 kB
PageTables:        56948 kB
NFS_Unstable:          0 kB
Bounce:                0 kB
WritebackTmp:          0 kB
CommitLimit:     2172840 kB
Committed_AS:   92589796 kB
VmallocTotal:   251658176 kB
VmallocUsed:      138876 kB
VmallocChunk:   251408940 kB
Time pass: 244 sec

---2015-12-10 23:35:48
MemTotal:        2905316 kB
MemFree:           64060 kB
Buffers:           24972 kB
Cached:          1027448 kB
SwapCached:            0 kB
Active:          1323092 kB
Inactive:         708764 kB
Active(anon):     820268 kB
Inactive(anon):   205176 kB
Active(file):     502824 kB
Inactive(file):   503588 kB
Unevictable:       12764 kB
Mlocked:               0 kB
SwapTotal:        720184 kB
SwapFree:         719800 kB
Dirty:                36 kB
Writeback:             0 kB
AnonPages:        992176 kB
Mapped:           693636 kB
Shmem:             33236 kB
Slab:             120080 kB
SReclaimable:      39796 kB
SUnreclaim:        80284 kB
KernelStack:       34320 kB
PageTables:        56948 kB
NFS_Unstable:          0 kB
Bounce:                0 kB
WritebackTmp:          0 kB
CommitLimit:     2172840 kB
Committed_AS:   92589808 kB
VmallocTotal:   251658176 kB
VmallocUsed:      138876 kB
VmallocChunk:   251408940 kB
Time pass: 248 sec

---2015-12-10 23:35:48
MemTotal:        2905316 kB
MemFree:           64004 kB
Buffers:           24972 kB
Cached:          1027720 kB
SwapCached:            0 kB
Active:          1323156 kB
Inactive:         709036 kB
Active(anon):     820324 kB
Inactive(anon):   205440 kB
Active(file):     502832 kB
Inactive(file):   503596 kB
Unevictable:       12764 kB
Mlocked:               0 kB
SwapTotal:        720184 kB
SwapFree:         719800 kB
Dirty:                16 kB
Writeback:             0 kB
AnonPages:        992196 kB
Mapped:           693912 kB
Shmem:             33500 kB
Slab:             120076 kB
SReclaimable:      39796 kB
SUnreclaim:        80280 kB
KernelStack:       34272 kB
PageTables:        56944 kB
NFS_Unstable:          0 kB
Bounce:                0 kB
WritebackTmp:          0 kB
CommitLimit:     2172840 kB
Committed_AS:   92589772 kB
VmallocTotal:   251658176 kB
VmallocUsed:      138876 kB
VmallocChunk:   251408940 kB
Time pass: 252 sec

---2015-12-10 23:35:48
MemTotal:        2905316 kB
MemFree:           63272 kB
Buffers:           24984 kB
Cached:          1020244 kB
SwapCached:            0 kB
Active:          1328448 kB
Inactive:         705260 kB
Active(anon):     829048 kB
Inactive(anon):   205696 kB
Active(file):     499400 kB
Inactive(file):   499564 kB
Unevictable:       12764 kB
Mlocked:               0 kB
SwapTotal:        720184 kB
SwapFree:         719800 kB
Dirty:               148 kB
Writeback:             0 kB
AnonPages:       1001444 kB
Mapped:           693884 kB
Shmem:             33500 kB
Slab:             119852 kB
SReclaimable:      39780 kB
SUnreclaim:        80072 kB
KernelStack:       34352 kB
PageTables:        56948 kB
NFS_Unstable:          0 kB
Bounce:                0 kB
WritebackTmp:          0 kB
CommitLimit:     2172840 kB
Committed_AS:   92598024 kB
VmallocTotal:   251658176 kB
VmallocUsed:      138876 kB
VmallocChunk:   251408940 kB
Time pass: 256 sec

---2015-12-10 23:35:48
MemTotal:        2905316 kB
MemFree:           81528 kB
Buffers:           24680 kB
Cached:          1013120 kB
SwapCached:            0 kB
Active:          1317852 kB
Inactive:         702940 kB
Active(anon):     822024 kB
Inactive(anon):   206568 kB
Active(file):     495828 kB
Inactive(file):   496372 kB
Unevictable:       12764 kB
Mlocked:               0 kB
SwapTotal:        720184 kB
SwapFree:         719800 kB
Dirty:                12 kB
Writeback:             0 kB
AnonPages:        995812 kB
Mapped:           692912 kB
Shmem:             32836 kB
Slab:             116076 kB
SReclaimable:      36292 kB
SUnreclaim:        79784 kB
KernelStack:       34400 kB
PageTables:        56924 kB
NFS_Unstable:          0 kB
Bounce:                0 kB
WritebackTmp:          0 kB
CommitLimit:     2172840 kB
Committed_AS:   92600768 kB
VmallocTotal:   251658176 kB
VmallocUsed:      138876 kB
VmallocChunk:   251408940 kB
Time pass: 260 sec

---2015-12-10 23:35:48
MemTotal:        2905316 kB
MemFree:           86804 kB
Buffers:           24688 kB
Cached:          1013144 kB
SwapCached:            0 kB
Active:          1312176 kB
Inactive:         702960 kB
Active(anon):     816336 kB
Inactive(anon):   206576 kB
Active(file):     495840 kB
Inactive(file):   496384 kB
Unevictable:       12764 kB
Mlocked:               0 kB
SwapTotal:        720184 kB
SwapFree:         719800 kB
Dirty:               104 kB
Writeback:             0 kB
AnonPages:        990240 kB
Mapped:           692928 kB
Shmem:             32844 kB
Slab:             115980 kB
SReclaimable:      36292 kB
SUnreclaim:        79688 kB
KernelStack:       34384 kB
PageTables:        56924 kB
NFS_Unstable:          0 kB
Bounce:                0 kB
WritebackTmp:          0 kB
CommitLimit:     2172840 kB
Committed_AS:   92600740 kB
VmallocTotal:   251658176 kB
VmallocUsed:      138876 kB
VmallocChunk:   251408940 kB
Time pass: 264 sec

---2015-12-10 23:35:48
MemTotal:        2905316 kB
MemFree:           85756 kB
Buffers:           24712 kB
Cached:          1013188 kB
SwapCached:            0 kB
Active:          1313088 kB
Inactive:         703020 kB
Active(anon):     817244 kB
Inactive(anon):   206632 kB
Active(file):     495844 kB
Inactive(file):   496388 kB
Unevictable:       12764 kB
Mlocked:               0 kB
SwapTotal:        720184 kB
SwapFree:         719800 kB
Dirty:                28 kB
Writeback:             0 kB
AnonPages:        991128 kB
Mapped:           692992 kB
Shmem:             32900 kB
Slab:             115980 kB
SReclaimable:      36292 kB
SUnreclaim:        79688 kB
KernelStack:       34400 kB
PageTables:        56960 kB
NFS_Unstable:          0 kB
Bounce:                0 kB
WritebackTmp:          0 kB
CommitLimit:     2172840 kB
Committed_AS:   92621220 kB
VmallocTotal:   251658176 kB
VmallocUsed:      138876 kB
VmallocChunk:   251408940 kB
Time pass: 268 sec

---2015-12-10 23:35:48
MemTotal:        2905316 kB
MemFree:           84684 kB
Buffers:           24712 kB
Cached:          1013248 kB
SwapCached:            0 kB
Active:          1314184 kB
Inactive:         703068 kB
Active(anon):     818324 kB
Inactive(anon):   206636 kB
Active(file):     495860 kB
Inactive(file):   496432 kB
Unevictable:       12764 kB
Mlocked:               0 kB
SwapTotal:        720184 kB
SwapFree:         719800 kB
Dirty:                20 kB
Writeback:             0 kB
AnonPages:        992056 kB
Mapped:           693044 kB
Shmem:             32904 kB
Slab:             115900 kB
SReclaimable:      36292 kB
SUnreclaim:        79608 kB
KernelStack:       34400 kB
PageTables:        56956 kB
NFS_Unstable:          0 kB
Bounce:                0 kB
WritebackTmp:          0 kB
CommitLimit:     2172840 kB
Committed_AS:   92621196 kB
VmallocTotal:   251658176 kB
VmallocUsed:      138876 kB
VmallocChunk:   251408940 kB
Time pass: 271 sec

---2015-12-10 23:35:48
MemTotal:        2905316 kB
MemFree:           84224 kB
Buffers:           24720 kB
Cached:          1013248 kB
SwapCached:            0 kB
Active:          1314052 kB
Inactive:         703072 kB
Active(anon):     818188 kB
Inactive(anon):   206636 kB
Active(file):     495864 kB
Inactive(file):   496436 kB
Unevictable:       12764 kB
Mlocked:               0 kB
SwapTotal:        720184 kB
SwapFree:         719800 kB
Dirty:                56 kB
Writeback:             0 kB
AnonPages:        992100 kB
Mapped:           693048 kB
Shmem:             32904 kB
Slab:             115916 kB
SReclaimable:      36292 kB
SUnreclaim:        79624 kB
KernelStack:       34368 kB
PageTables:        56960 kB
NFS_Unstable:          0 kB
Bounce:                0 kB
WritebackTmp:          0 kB
CommitLimit:     2172840 kB
Committed_AS:   92621220 kB
VmallocTotal:   251658176 kB
VmallocUsed:      138876 kB
VmallocChunk:   251408940 kB
Time pass: 275 sec

---2015-12-10 23:35:48
MemTotal:        2905316 kB
MemFree:           83100 kB
Buffers:           24728 kB
Cached:          1013248 kB
SwapCached:            0 kB
Active:          1315608 kB
Inactive:         703080 kB
Active(anon):     819744 kB
Inactive(anon):   206636 kB
Active(file):     495864 kB
Inactive(file):   496444 kB
Unevictable:       12764 kB
Mlocked:               0 kB
SwapTotal:        720184 kB
SwapFree:         719800 kB
Dirty:                56 kB
Writeback:             0 kB
AnonPages:        993544 kB
Mapped:           693056 kB
Shmem:             32904 kB
Slab:             115916 kB
SReclaimable:      36292 kB
SUnreclaim:        79624 kB
KernelStack:       34368 kB
PageTables:        56960 kB
NFS_Unstable:          0 kB
Bounce:                0 kB
WritebackTmp:          0 kB
CommitLimit:     2172840 kB
Committed_AS:   92621208 kB
VmallocTotal:   251658176 kB
VmallocUsed:      138876 kB
VmallocChunk:   251408940 kB
Time pass: 279 sec

---2015-12-10 23:35:48
MemTotal:        2905316 kB
MemFree:           82228 kB
Buffers:           24744 kB
Cached:          1013336 kB
SwapCached:            0 kB
Active:          1316688 kB
Inactive:         703156 kB
Active(anon):     820800 kB
Inactive(anon):   206644 kB
Active(file):     495888 kB
Inactive(file):   496512 kB
Unevictable:       12764 kB
Mlocked:               0 kB
SwapTotal:        720184 kB
SwapFree:         719800 kB
Dirty:               112 kB
Writeback:             0 kB
AnonPages:        994464 kB
Mapped:           693072 kB
Shmem:             32912 kB
Slab:             115908 kB
SReclaimable:      36292 kB
SUnreclaim:        79616 kB
KernelStack:       34368 kB
PageTables:        56960 kB
NFS_Unstable:          0 kB
Bounce:                0 kB
WritebackTmp:          0 kB
CommitLimit:     2172840 kB
Committed_AS:   92621208 kB
VmallocTotal:   251658176 kB
VmallocUsed:      138876 kB
VmallocChunk:   251408940 kB
Time pass: 283 sec

---2015-12-10 23:35:48
MemTotal:        2905316 kB
MemFree:           80552 kB
Buffers:           24752 kB
Cached:          1013384 kB
SwapCached:            0 kB
Active:          1318092 kB
Inactive:         703196 kB
Active(anon):     822184 kB
Inactive(anon):   206648 kB
Active(file):     495908 kB
Inactive(file):   496548 kB
Unevictable:       12764 kB
Mlocked:               0 kB
SwapTotal:        720184 kB
SwapFree:         719800 kB
Dirty:                76 kB
Writeback:             0 kB
AnonPages:        995916 kB
Mapped:           693100 kB
Shmem:             32916 kB
Slab:             115848 kB
SReclaimable:      36292 kB
SUnreclaim:        79556 kB
KernelStack:       34368 kB
PageTables:        56956 kB
NFS_Unstable:          0 kB
Bounce:                0 kB
WritebackTmp:          0 kB
CommitLimit:     2172840 kB
Committed_AS:   92621184 kB
VmallocTotal:   251658176 kB
VmallocUsed:      138876 kB
VmallocChunk:   251408940 kB
Time pass: 286 sec

---2015-12-10 23:35:48
MemTotal:        2905316 kB
MemFree:           80300 kB
Buffers:           24760 kB
Cached:          1013408 kB
SwapCached:            0 kB
Active:          1318364 kB
Inactive:         703224 kB
Active(anon):     822456 kB
Inactive(anon):   206672 kB
Active(file):     495908 kB
Inactive(file):   496552 kB
Unevictable:       12764 kB
Mlocked:               0 kB
SwapTotal:        720184 kB
SwapFree:         719800 kB
Dirty:                24 kB
Writeback:             0 kB
AnonPages:        996276 kB
Mapped:           693132 kB
Shmem:             32940 kB
Slab:             115672 kB
SReclaimable:      36116 kB
SUnreclaim:        79556 kB
KernelStack:       34336 kB
PageTables:        56960 kB
NFS_Unstable:          0 kB
Bounce:                0 kB
WritebackTmp:          0 kB
CommitLimit:     2172840 kB
Committed_AS:   92621452 kB
VmallocTotal:   251658176 kB
VmallocUsed:      138876 kB
VmallocChunk:   251408940 kB
Time pass: 290 sec

---2015-12-10 23:35:48
MemTotal:        2905316 kB
MemFree:           78960 kB
Buffers:           24776 kB
Cached:          1013440 kB
SwapCached:            0 kB
Active:          1320220 kB
Inactive:         703264 kB
Active(anon):     824300 kB
Inactive(anon):   206672 kB
Active(file):     495920 kB
Inactive(file):   496592 kB
Unevictable:       12764 kB
Mlocked:               0 kB
SwapTotal:        720184 kB
SwapFree:         719800 kB
Dirty:               100 kB
Writeback:             0 kB
AnonPages:        998020 kB
Mapped:           693136 kB
Shmem:             32940 kB
Slab:             115672 kB
SReclaimable:      36116 kB
SUnreclaim:        79556 kB
KernelStack:       34336 kB
PageTables:        56960 kB
NFS_Unstable:          0 kB
Bounce:                0 kB
WritebackTmp:          0 kB
CommitLimit:     2172840 kB
Committed_AS:   92621440 kB
VmallocTotal:   251658176 kB
VmallocUsed:      138876 kB
VmallocChunk:   251408940 kB
Time pass: 294 sec

---2015-12-10 23:35:48
MemTotal:        2905316 kB
MemFree:           78320 kB
Buffers:           24784 kB
Cached:          1013544 kB
SwapCached:            0 kB
Active:          1320584 kB
Inactive:         703356 kB
Active(anon):     824648 kB
Inactive(anon):   206724 kB
Active(file):     495936 kB
Inactive(file):   496632 kB
Unevictable:       12764 kB
Mlocked:               0 kB
SwapTotal:        720184 kB
SwapFree:         719800 kB
Dirty:                84 kB
Writeback:             0 kB
AnonPages:        998340 kB
Mapped:           693192 kB
Shmem:             32992 kB
Slab:             115672 kB
SReclaimable:      36116 kB
SUnreclaim:        79556 kB
KernelStack:       34336 kB
PageTables:        57004 kB
NFS_Unstable:          0 kB
Bounce:                0 kB
WritebackTmp:          0 kB
CommitLimit:     2172840 kB
Committed_AS:   92641920 kB
VmallocTotal:   251658176 kB
VmallocUsed:      138876 kB
VmallocChunk:   251408940 kB
Time pass: 298 sec

---2015-12-10 23:35:48
MemTotal:        2905316 kB
MemFree:           77856 kB
Buffers:           24784 kB
Cached:          1013548 kB
SwapCached:            0 kB
Active:          1320612 kB
Inactive:         703356 kB
Active(anon):     824668 kB
Inactive(anon):   206724 kB
Active(file):     495944 kB
Inactive(file):   496632 kB
Unevictable:       12764 kB
Mlocked:               0 kB
SwapTotal:        720184 kB
SwapFree:         719800 kB
Dirty:                 4 kB
Writeback:             0 kB
AnonPages:        998492 kB
Mapped:           693200 kB
Shmem:             32992 kB
Slab:             115672 kB
SReclaimable:      36116 kB
SUnreclaim:        79556 kB
KernelStack:       34336 kB
PageTables:        57004 kB
NFS_Unstable:          0 kB
Bounce:                0 kB
WritebackTmp:          0 kB
CommitLimit:     2172840 kB
Committed_AS:   92641916 kB
VmallocTotal:   251658176 kB
VmallocUsed:      138876 kB
VmallocChunk:   251408940 kB
Time pass: 301 sec

---2015-12-10 23:35:48
MemTotal:        2905316 kB
MemFree:           77176 kB
Buffers:           24808 kB
Cached:          1013592 kB
SwapCached:            0 kB
Active:          1321696 kB
Inactive:         703404 kB
Active(anon):     825732 kB
Inactive(anon):   206728 kB
Active(file):     495964 kB
Inactive(file):   496676 kB
Unevictable:       12764 kB
Mlocked:               0 kB
SwapTotal:        720184 kB
SwapFree:         719800 kB
Dirty:                16 kB
Writeback:             0 kB
AnonPages:        999456 kB
Mapped:           693216 kB
Shmem:             32996 kB
Slab:             115672 kB
SReclaimable:      36116 kB
SUnreclaim:        79556 kB
KernelStack:       34304 kB
PageTables:        57004 kB
NFS_Unstable:          0 kB
Bounce:                0 kB
WritebackTmp:          0 kB
CommitLimit:     2172840 kB
Committed_AS:   92641928 kB
VmallocTotal:   251658176 kB
VmallocUsed:      138876 kB
VmallocChunk:   251408940 kB
Time pass: 305 sec

---2015-12-10 23:35:48
MemTotal:        2905316 kB
MemFree:           76760 kB
Buffers:           24816 kB
Cached:          1013648 kB
SwapCached:            0 kB
Active:          1321980 kB
Inactive:         703464 kB
Active(anon):     826012 kB
Inactive(anon):   206728 kB
Active(file):     495968 kB
Inactive(file):   496736 kB
Unevictable:       12764 kB
Mlocked:               0 kB
SwapTotal:        720184 kB
SwapFree:         719800 kB
Dirty:                20 kB
Writeback:             0 kB
AnonPages:        999816 kB
Mapped:           693312 kB
Shmem:             32996 kB
Slab:             115672 kB
SReclaimable:      36116 kB
SUnreclaim:        79556 kB
KernelStack:       34288 kB
PageTables:        57048 kB
NFS_Unstable:          0 kB
Bounce:                0 kB
WritebackTmp:          0 kB
CommitLimit:     2172840 kB
Committed_AS:   92641928 kB
VmallocTotal:   251658176 kB
VmallocUsed:      138876 kB
VmallocChunk:   251408940 kB
Time pass: 309 sec

---2015-12-10 23:35:48
MemTotal:        2905316 kB
MemFree:           75724 kB
Buffers:           24816 kB
Cached:          1013656 kB
SwapCached:            0 kB
Active:          1323208 kB
Inactive:         703472 kB
Active(anon):     827240 kB
Inactive(anon):   206728 kB
Active(file):     495968 kB
Inactive(file):   496744 kB
Unevictable:       12764 kB
Mlocked:               0 kB
SwapTotal:        720184 kB
SwapFree:         719800 kB
Dirty:                52 kB
Writeback:             0 kB
AnonPages:       1000732 kB
Mapped:           693236 kB
Shmem:             32996 kB
Slab:             115656 kB
SReclaimable:      36116 kB
SUnreclaim:        79540 kB
KernelStack:       34288 kB
PageTables:        57008 kB
NFS_Unstable:          0 kB
Bounce:                0 kB
WritebackTmp:          0 kB
CommitLimit:     2172840 kB
Committed_AS:   92641876 kB
VmallocTotal:   251658176 kB
VmallocUsed:      138876 kB
VmallocChunk:   251408940 kB
Time pass: 313 sec

---2015-12-10 23:35:48
MemTotal:        2905316 kB
MemFree:           74448 kB
Buffers:           24840 kB
Cached:          1013728 kB
SwapCached:            0 kB
Active:          1323904 kB
Inactive:         703544 kB
Active(anon):     827912 kB
Inactive(anon):   206732 kB
Active(file):     495992 kB
Inactive(file):   496812 kB
Unevictable:       12764 kB
Mlocked:               0 kB
SwapTotal:        720184 kB
SwapFree:         719800 kB
Dirty:               136 kB
Writeback:             0 kB
AnonPages:       1001756 kB
Mapped:           693248 kB
Shmem:             33000 kB
Slab:             115604 kB
SReclaimable:      36116 kB
SUnreclaim:        79488 kB
KernelStack:       34256 kB
PageTables:        57008 kB
NFS_Unstable:          0 kB
Bounce:                0 kB
WritebackTmp:          0 kB
CommitLimit:     2172840 kB
Committed_AS:   92641872 kB
VmallocTotal:   251658176 kB
VmallocUsed:      138876 kB
VmallocChunk:   251408940 kB
Time pass: 316 sec

---2015-12-10 23:35:48
MemTotal:        2905316 kB
MemFree:           74656 kB
Buffers:           24848 kB
Cached:          1013748 kB
SwapCached:            0 kB
Active:          1324004 kB
Inactive:         703564 kB
Active(anon):     828004 kB
Inactive(anon):   206736 kB
Active(file):     496000 kB
Inactive(file):   496828 kB
Unevictable:       12764 kB
Mlocked:               0 kB
SwapTotal:        720184 kB
SwapFree:         719800 kB
Dirty:                 8 kB
Writeback:             0 kB
AnonPages:       1001840 kB
Mapped:           693256 kB
Shmem:             33004 kB
Slab:             115604 kB
SReclaimable:      36116 kB
SUnreclaim:        79488 kB
KernelStack:       34208 kB
PageTables:        57008 kB
NFS_Unstable:          0 kB
Bounce:                0 kB
WritebackTmp:          0 kB
CommitLimit:     2172840 kB
Committed_AS:   92641780 kB
VmallocTotal:   251658176 kB
VmallocUsed:      138876 kB
VmallocChunk:   251408940 kB
Time pass: 320 sec

---2015-12-10 23:35:48
MemTotal:        2905316 kB
MemFree:           73232 kB
Buffers:           24848 kB
Cached:          1013824 kB
SwapCached:            0 kB
Active:          1325180 kB
Inactive:         703632 kB
Active(anon):     829172 kB
Inactive(anon):   206764 kB
Active(file):     496008 kB
Inactive(file):   496868 kB
Unevictable:       12764 kB
Mlocked:               0 kB
SwapTotal:        720184 kB
SwapFree:         719800 kB
Dirty:               100 kB
Writeback:             0 kB
AnonPages:       1003016 kB
Mapped:           693356 kB
Shmem:             33032 kB
Slab:             115604 kB
SReclaimable:      36116 kB
SUnreclaim:        79488 kB
KernelStack:       34208 kB
PageTables:        57036 kB
NFS_Unstable:          0 kB
Bounce:                0 kB
WritebackTmp:          0 kB
CommitLimit:     2172840 kB
Committed_AS:   92641736 kB
VmallocTotal:   251658176 kB
VmallocUsed:      138876 kB
VmallocChunk:   251408940 kB
Time pass: 324 sec

---2015-12-10 23:35:48
MemTotal:        2905316 kB
MemFree:           71188 kB
Buffers:           24872 kB
Cached:          1013948 kB
SwapCached:            0 kB
Active:          1327340 kB
Inactive:         703756 kB
Active(anon):     831308 kB
Inactive(anon):   206812 kB
Active(file):     496032 kB
Inactive(file):   496944 kB
Unevictable:       12764 kB
Mlocked:               0 kB
SwapTotal:        720184 kB
SwapFree:         719800 kB
Dirty:               164 kB
Writeback:             0 kB
AnonPages:       1005148 kB
Mapped:           693360 kB
Shmem:             33080 kB
Slab:             115572 kB
SReclaimable:      36116 kB
SUnreclaim:        79456 kB
KernelStack:       34176 kB
PageTables:        57044 kB
NFS_Unstable:          0 kB
Bounce:                0 kB
WritebackTmp:          0 kB
CommitLimit:     2172840 kB
Committed_AS:   92662228 kB
VmallocTotal:   251658176 kB
VmallocUsed:      138876 kB
VmallocChunk:   251408940 kB
Time pass: 328 sec

---2015-12-10 23:35:48
MemTotal:        2905316 kB
MemFree:           70676 kB
Buffers:           24872 kB
Cached:          1013952 kB
SwapCached:            0 kB
Active:          1327828 kB
Inactive:         703760 kB
Active(anon):     831796 kB
Inactive(anon):   206812 kB
Active(file):     496032 kB
Inactive(file):   496948 kB
Unevictable:       12764 kB
Mlocked:               0 kB
SwapTotal:        720184 kB
SwapFree:         719800 kB
Dirty:                16 kB
Writeback:             0 kB
AnonPages:       1005532 kB
Mapped:           693500 kB
Shmem:             33080 kB
Slab:             115572 kB
SReclaimable:      36116 kB
SUnreclaim:        79456 kB
KernelStack:       34208 kB
PageTables:        57064 kB
NFS_Unstable:          0 kB
Bounce:                0 kB
WritebackTmp:          0 kB
CommitLimit:     2172840 kB
Committed_AS:   92662216 kB
VmallocTotal:   251658176 kB
VmallocUsed:      138876 kB
VmallocChunk:   251408940 kB
Time pass: 332 sec

---2015-12-10 23:35:48
MemTotal:        2905316 kB
MemFree:           69364 kB
Buffers:           24880 kB
Cached:          1013984 kB
SwapCached:            0 kB
Active:          1328872 kB
Inactive:         703780 kB
Active(anon):     832836 kB
Inactive(anon):   206812 kB
Active(file):     496036 kB
Inactive(file):   496968 kB
Unevictable:       12764 kB
Mlocked:               0 kB
SwapTotal:        720184 kB
SwapFree:         719800 kB
Dirty:                96 kB
Writeback:             0 kB
AnonPages:       1006144 kB
Mapped:           693452 kB
Shmem:             33080 kB
Slab:             115572 kB
SReclaimable:      36116 kB
SUnreclaim:        79456 kB
KernelStack:       34224 kB
PageTables:        57048 kB
NFS_Unstable:          0 kB
Bounce:                0 kB
WritebackTmp:          0 kB
CommitLimit:     2172840 kB
Committed_AS:   92662192 kB
VmallocTotal:   251658176 kB
VmallocUsed:      138876 kB
VmallocChunk:   251408940 kB
Time pass: 336 sec

---2015-12-10 23:35:48
MemTotal:        2905316 kB
MemFree:           68888 kB
Buffers:           24912 kB
Cached:          1014004 kB
SwapCached:            0 kB
Active:          1329488 kB
Inactive:         703808 kB
Active(anon):     833420 kB
Inactive(anon):   206816 kB
Active(file):     496068 kB
Inactive(file):   496992 kB
Unevictable:       12764 kB
Mlocked:               0 kB
SwapTotal:        720184 kB
SwapFree:         719800 kB
Dirty:               140 kB
Writeback:             0 kB
AnonPages:       1007140 kB
Mapped:           693460 kB
Shmem:             33084 kB
Slab:             115572 kB
SReclaimable:      36116 kB
SUnreclaim:        79456 kB
KernelStack:       34240 kB
PageTables:        57044 kB
NFS_Unstable:          0 kB
Bounce:                0 kB
WritebackTmp:          0 kB
CommitLimit:     2172840 kB
Committed_AS:   92662228 kB
VmallocTotal:   251658176 kB
VmallocUsed:      138876 kB
VmallocChunk:   251408940 kB
Time pass: 340 sec

---2015-12-10 23:35:48
MemTotal:        2905316 kB
MemFree:           68192 kB
Buffers:           24912 kB
Cached:          1014056 kB
SwapCached:            0 kB
Active:          1330172 kB
Inactive:         703852 kB
Active(anon):     834088 kB
Inactive(anon):   206816 kB
Active(file):     496084 kB
Inactive(file):   497036 kB
Unevictable:       12764 kB
Mlocked:               0 kB
SwapTotal:        720184 kB
SwapFree:         719800 kB
Dirty:               108 kB
Writeback:             0 kB
AnonPages:       1007596 kB
Mapped:           693532 kB
Shmem:             33084 kB
Slab:             115568 kB
SReclaimable:      36116 kB
SUnreclaim:        79452 kB
KernelStack:       34208 kB
PageTables:        57068 kB
NFS_Unstable:          0 kB
Bounce:                0 kB
WritebackTmp:          0 kB
CommitLimit:     2172840 kB
Committed_AS:   92662228 kB
VmallocTotal:   251658176 kB
VmallocUsed:      138876 kB
VmallocChunk:   251408940 kB
Time pass: 343 sec

---2015-12-10 23:35:48
MemTotal:        2905316 kB
MemFree:           67796 kB
Buffers:           24920 kB
Cached:          1014064 kB
SwapCached:            0 kB
Active:          1329928 kB
Inactive:         703860 kB
Active(anon):     833836 kB
Inactive(anon):   206816 kB
Active(file):     496092 kB
Inactive(file):   497044 kB
Unevictable:       12764 kB
Mlocked:               0 kB
SwapTotal:        720184 kB
SwapFree:         719800 kB
Dirty:                52 kB
Writeback:             0 kB
AnonPages:       1007552 kB
Mapped:           693536 kB
Shmem:             33084 kB
Slab:             115568 kB
SReclaimable:      36116 kB
SUnreclaim:        79452 kB
KernelStack:       34160 kB
PageTables:        57072 kB
NFS_Unstable:          0 kB
Bounce:                0 kB
WritebackTmp:          0 kB
CommitLimit:     2172840 kB
Committed_AS:   92662148 kB
VmallocTotal:   251658176 kB
VmallocUsed:      138876 kB
VmallocChunk:   251408940 kB
Time pass: 347 sec

---2015-12-10 23:35:48
MemTotal:        2905316 kB
MemFree:           67736 kB
Buffers:           24928 kB
Cached:          1014076 kB
SwapCached:            0 kB
Active:          1330388 kB
Inactive:         703872 kB
Active(anon):     834288 kB
Inactive(anon):   206820 kB
Active(file):     496100 kB
Inactive(file):   497052 kB
Unevictable:       12764 kB
Mlocked:               0 kB
SwapTotal:        720184 kB
SwapFree:         719800 kB
Dirty:                28 kB
Writeback:             0 kB
AnonPages:       1007992 kB
Mapped:           693540 kB
Shmem:             33088 kB
Slab:             115568 kB
SReclaimable:      36116 kB
SUnreclaim:        79452 kB
KernelStack:       34224 kB
PageTables:        57072 kB
NFS_Unstable:          0 kB
Bounce:                0 kB
WritebackTmp:          0 kB
CommitLimit:     2172840 kB
Committed_AS:   92662144 kB
VmallocTotal:   251658176 kB
VmallocUsed:      138876 kB
VmallocChunk:   251408940 kB
Time pass: 351 sec

---2015-12-10 23:35:48
MemTotal:        2905316 kB
MemFree:           66940 kB
Buffers:           24944 kB
Cached:          1014112 kB
SwapCached:            0 kB
Active:          1331164 kB
Inactive:         703908 kB
Active(anon):     835052 kB
Inactive(anon):   206820 kB
Active(file):     496112 kB
Inactive(file):   497088 kB
Unevictable:       12764 kB
Mlocked:               0 kB
SwapTotal:        720184 kB
SwapFree:         719800 kB
Dirty:               104 kB
Writeback:             0 kB
AnonPages:       1008888 kB
Mapped:           693544 kB
Shmem:             33088 kB
Slab:             115568 kB
SReclaimable:      36116 kB
SUnreclaim:        79452 kB
KernelStack:       34224 kB
PageTables:        57068 kB
NFS_Unstable:          0 kB
Bounce:                0 kB
WritebackTmp:          0 kB
CommitLimit:     2172840 kB
Committed_AS:   92662204 kB
VmallocTotal:   251658176 kB
VmallocUsed:      138876 kB
VmallocChunk:   251408940 kB
Time pass: 355 sec

---2015-12-10 23:35:48
MemTotal:        2905316 kB
MemFree:           65864 kB
Buffers:           24952 kB
Cached:          1014188 kB
SwapCached:            0 kB
Active:          1331992 kB
Inactive:         703992 kB
Active(anon):     835876 kB
Inactive(anon):   206896 kB
Active(file):     496116 kB
Inactive(file):   497096 kB
Unevictable:       12764 kB
Mlocked:               0 kB
SwapTotal:        720184 kB
SwapFree:         719800 kB
Dirty:                72 kB
Writeback:             0 kB
AnonPages:       1009632 kB
Mapped:           693628 kB
Shmem:             33164 kB
Slab:             115560 kB
SReclaimable:      36116 kB
SUnreclaim:        79444 kB
KernelStack:       34224 kB
PageTables:        57108 kB
NFS_Unstable:          0 kB
Bounce:                0 kB
WritebackTmp:          0 kB
CommitLimit:     2172840 kB
Committed_AS:   92682940 kB
VmallocTotal:   251658176 kB
VmallocUsed:      138876 kB
VmallocChunk:   251408940 kB
Time pass: 359 sec

---2015-12-10 23:35:48
MemTotal:        2905316 kB
MemFree:           65556 kB
Buffers:           24960 kB
Cached:          1014188 kB
SwapCached:            0 kB
Active:          1332120 kB
Inactive:         704000 kB
Active(anon):     836004 kB
Inactive(anon):   206900 kB
Active(file):     496116 kB
Inactive(file):   497100 kB
Unevictable:       12764 kB
Mlocked:               0 kB
SwapTotal:        720184 kB
SwapFree:         719800 kB
Dirty:                 8 kB
Writeback:             0 kB
AnonPages:       1009836 kB
Mapped:           693636 kB
Shmem:             33168 kB
Slab:             115560 kB
SReclaimable:      36116 kB
SUnreclaim:        79444 kB
KernelStack:       34208 kB
PageTables:        57108 kB
NFS_Unstable:          0 kB
Bounce:                0 kB
WritebackTmp:          0 kB
CommitLimit:     2172840 kB
Committed_AS:   92682976 kB
VmallocTotal:   251658176 kB
VmallocUsed:      138876 kB
VmallocChunk:   251408940 kB
Time pass: 362 sec

---2015-12-10 23:35:48
MemTotal:        2905316 kB
MemFree:           65096 kB
Buffers:           24976 kB
Cached:          1014224 kB
SwapCached:            0 kB
Active:          1333348 kB
Inactive:         704036 kB
Active(anon):     837216 kB
Inactive(anon):   206900 kB
Active(file):     496132 kB
Inactive(file):   497136 kB
Unevictable:       12764 kB
Mlocked:               0 kB
SwapTotal:        720184 kB
SwapFree:         719800 kB
Dirty:                20 kB
Writeback:             0 kB
AnonPages:       1010892 kB
Mapped:           693584 kB
Shmem:             33168 kB
Slab:             115560 kB
SReclaimable:      36116 kB
SUnreclaim:        79444 kB
KernelStack:       34176 kB
PageTables:        57084 kB
NFS_Unstable:          0 kB
Bounce:                0 kB
WritebackTmp:          0 kB
CommitLimit:     2172840 kB
Committed_AS:   92682924 kB
VmallocTotal:   251658176 kB
VmallocUsed:      138876 kB
VmallocChunk:   251408940 kB
Time pass: 366 sec

---2015-12-10 23:35:48
MemTotal:        2905316 kB
MemFree:           64244 kB
Buffers:           24984 kB
Cached:          1014232 kB
SwapCached:            0 kB
Active:          1333848 kB
Inactive:         704048 kB
Active(anon):     837712 kB
Inactive(anon):   206900 kB
Active(file):     496136 kB
Inactive(file):   497148 kB
Unevictable:       12764 kB
Mlocked:               0 kB
SwapTotal:        720184 kB
SwapFree:         719800 kB
Dirty:                92 kB
Writeback:             0 kB
AnonPages:       1011336 kB
Mapped:           693660 kB
Shmem:             33168 kB
Slab:             115560 kB
SReclaimable:      36116 kB
SUnreclaim:        79444 kB
KernelStack:       34208 kB
PageTables:        57112 kB
NFS_Unstable:          0 kB
Bounce:                0 kB
WritebackTmp:          0 kB
CommitLimit:     2172840 kB
Committed_AS:   92682900 kB
VmallocTotal:   251658176 kB
VmallocUsed:      138876 kB
VmallocChunk:   251408940 kB
Time pass: 370 sec

---2015-12-10 23:35:48
MemTotal:        2905316 kB
MemFree:           63524 kB
Buffers:           24992 kB
Cached:          1014228 kB
SwapCached:            0 kB
Active:          1333668 kB
Inactive:         704048 kB
Active(anon):     837532 kB
Inactive(anon):   206900 kB
Active(file):     496136 kB
Inactive(file):   497148 kB
Unevictable:       12764 kB
Mlocked:               0 kB
SwapTotal:        720184 kB
SwapFree:         719800 kB
Dirty:                72 kB
Writeback:             0 kB
AnonPages:       1011384 kB
Mapped:           693664 kB
Shmem:             33168 kB
Slab:             115560 kB
SReclaimable:      36116 kB
SUnreclaim:        79444 kB
KernelStack:       34208 kB
PageTables:        57112 kB
NFS_Unstable:          0 kB
Bounce:                0 kB
WritebackTmp:          0 kB
CommitLimit:     2172840 kB
Committed_AS:   92682936 kB
VmallocTotal:   251658176 kB
VmallocUsed:      138876 kB
VmallocChunk:   251408940 kB
Time pass: 374 sec

---2015-12-10 23:35:48
MemTotal:        2905316 kB
MemFree:           63192 kB
Buffers:           25008 kB
Cached:          1014264 kB
SwapCached:            0 kB
Active:          1335116 kB
Inactive:         704100 kB
Active(anon):     838976 kB
Inactive(anon):   206900 kB
Active(file):     496140 kB
Inactive(file):   497200 kB
Unevictable:       12764 kB
Mlocked:               0 kB
SwapTotal:        720184 kB
SwapFree:         719800 kB
Dirty:                96 kB
Writeback:             0 kB
AnonPages:       1012572 kB
Mapped:           693672 kB
Shmem:             33168 kB
Slab:             115560 kB
SReclaimable:      36116 kB
SUnreclaim:        79444 kB
KernelStack:       34192 kB
PageTables:        57112 kB
NFS_Unstable:          0 kB
Bounce:                0 kB
WritebackTmp:          0 kB
CommitLimit:     2172840 kB
Committed_AS:   92682936 kB
VmallocTotal:   251658176 kB
VmallocUsed:      138876 kB
VmallocChunk:   251408940 kB
Time pass: 377 sec

---2015-12-10 23:35:48
MemTotal:        2905316 kB
MemFree:           69644 kB
Buffers:           25016 kB
Cached:          1007684 kB
SwapCached:            0 kB
Active:          1329920 kB
Inactive:         702792 kB
Active(anon):     836820 kB
Inactive(anon):   208988 kB
Active(file):     493100 kB
Inactive(file):   493804 kB
Unevictable:       12764 kB
Mlocked:               0 kB
SwapTotal:        720184 kB
SwapFree:         719620 kB
Dirty:               100 kB
Writeback:             0 kB
AnonPages:       1012808 kB
Mapped:           693836 kB
Shmem:             32988 kB
Slab:             115560 kB
SReclaimable:      36116 kB
SUnreclaim:        79444 kB
KernelStack:       34256 kB
PageTables:        57112 kB
NFS_Unstable:          0 kB
Bounce:                0 kB
WritebackTmp:          0 kB
CommitLimit:     2172840 kB
Committed_AS:   92683292 kB
VmallocTotal:   251658176 kB
VmallocUsed:      138876 kB
VmallocChunk:   251408940 kB
Time pass: 381 sec

---2015-12-10 23:35:48
MemTotal:        2905316 kB
MemFree:           69412 kB
Buffers:           25016 kB
Cached:          1007692 kB
SwapCached:            0 kB
Active:          1330028 kB
Inactive:         702844 kB
Active(anon):     836928 kB
Inactive(anon):   208992 kB
Active(file):     493100 kB
Inactive(file):   493852 kB
Unevictable:       12764 kB
Mlocked:               0 kB
SwapTotal:        720184 kB
SwapFree:         719620 kB
Dirty:                 8 kB
Writeback:             0 kB
AnonPages:       1013088 kB
Mapped:           693848 kB
Shmem:             32992 kB
Slab:             115560 kB
SReclaimable:      36116 kB
SUnreclaim:        79444 kB
KernelStack:       34240 kB
PageTables:        57108 kB
NFS_Unstable:          0 kB
Bounce:                0 kB
WritebackTmp:          0 kB
CommitLimit:     2172840 kB
Committed_AS:   92683288 kB
VmallocTotal:   251658176 kB
VmallocUsed:      138876 kB
VmallocChunk:   251408940 kB
Time pass: 385 sec

---2015-12-10 23:35:48
MemTotal:        2905316 kB
MemFree:           67368 kB
Buffers:           25040 kB
Cached:          1007776 kB
SwapCached:            0 kB
Active:          1331952 kB
Inactive:         702940 kB
Active(anon):     838840 kB
Inactive(anon):   209048 kB
Active(file):     493112 kB
Inactive(file):   493892 kB
Unevictable:       12764 kB
Mlocked:               0 kB
SwapTotal:        720184 kB
SwapFree:         719620 kB
Dirty:               128 kB
Writeback:             0 kB
AnonPages:       1014796 kB
Mapped:           693912 kB
Shmem:             33048 kB
Slab:             115560 kB
SReclaimable:      36116 kB
SUnreclaim:        79444 kB
KernelStack:       34208 kB
PageTables:        57140 kB
NFS_Unstable:          0 kB
Bounce:                0 kB
WritebackTmp:          0 kB
CommitLimit:     2172840 kB
Committed_AS:   92703732 kB
VmallocTotal:   251658176 kB
VmallocUsed:      138876 kB
VmallocChunk:   251408940 kB
Time pass: 389 sec

---2015-12-10 23:35:48
MemTotal:        2905316 kB
MemFree:           67160 kB
Buffers:           25040 kB
Cached:          1007780 kB
SwapCached:            0 kB
Active:          1332192 kB
Inactive:         702944 kB
Active(anon):     839080 kB
Inactive(anon):   209048 kB
Active(file):     493112 kB
Inactive(file):   493896 kB
Unevictable:       12764 kB
Mlocked:               0 kB
SwapTotal:        720184 kB
SwapFree:         719620 kB
Dirty:                12 kB
Writeback:             0 kB
AnonPages:       1015072 kB
Mapped:           693984 kB
Shmem:             33048 kB
Slab:             115560 kB
SReclaimable:      36116 kB
SUnreclaim:        79444 kB
KernelStack:       34224 kB
PageTables:        57152 kB
NFS_Unstable:          0 kB
Bounce:                0 kB
WritebackTmp:          0 kB
CommitLimit:     2172840 kB
Committed_AS:   92703704 kB
VmallocTotal:   251658176 kB
VmallocUsed:      138876 kB
VmallocChunk:   251408940 kB
Time pass: 393 sec

---2015-12-10 23:35:48
MemTotal:        2905316 kB
MemFree:           67064 kB
Buffers:           25048 kB
Cached:          1007780 kB
SwapCached:            0 kB
Active:          1332776 kB
Inactive:         702948 kB
