---2015-12-18 17:09:26
MemTotal:        1350964 kB
MemFree:           43292 kB
Buffers:            9020 kB
Cached:           690016 kB
SwapCached:            0 kB
Active:           601060 kB
Inactive:         520844 kB
Active(anon):     424900 kB
Inactive(anon):     1024 kB
Active(file):     176160 kB
Inactive(file):   519820 kB
Unevictable:        1988 kB
Mlocked:               0 kB
HighTotal:        802816 kB
HighFree:           2900 kB
LowTotal:         548148 kB
LowFree:           40392 kB
SwapTotal:             0 kB
SwapFree:              0 kB
Dirty:                 0 kB
Writeback:             0 kB
AnonPages:        424720 kB
Mapped:           195304 kB
Shmem:              1068 kB
Slab:              32300 kB
SReclaimable:      11468 kB
SUnreclaim:        20832 kB
KernelStack:        8616 kB
PageTables:        18512 kB
NFS_Unstable:          0 kB
Bounce:                0 kB
WritebackTmp:          0 kB
CommitLimit:      675480 kB
Committed_AS:   45683828 kB
VmallocTotal:     253952 kB
VmallocUsed:       90312 kB
VmallocChunk:      49156 kB
Time pass: 3 sec

---2015-12-18 17:09:26
MemTotal:        1350964 kB
MemFree:           43184 kB
Buffers:            9020 kB
Cached:           690016 kB
SwapCached:            0 kB
Active:           601052 kB
Inactive:         520844 kB
Active(anon):     424892 kB
Inactive(anon):     1024 kB
Active(file):     176160 kB
Inactive(file):   519820 kB
Unevictable:        1988 kB
Mlocked:               0 kB
HighTotal:        802816 kB
HighFree:           2776 kB
LowTotal:         548148 kB
LowFree:           40408 kB
SwapTotal:             0 kB
SwapFree:              0 kB
Dirty:                 0 kB
Writeback:             0 kB
AnonPages:        424908 kB
Mapped:           195300 kB
Shmem:              1068 kB
Slab:              32356 kB
SReclaimable:      11468 kB
SUnreclaim:        20888 kB
KernelStack:        8616 kB
PageTables:        18528 kB
NFS_Unstable:          0 kB
Bounce:                0 kB
WritebackTmp:          0 kB
CommitLimit:      675480 kB
Committed_AS:   45683792 kB
VmallocTotal:     253952 kB
VmallocUsed:       90312 kB
VmallocChunk:      49156 kB
Time pass: 6 sec

---2015-12-18 17:09:26
MemTotal:        1350964 kB
MemFree:           43184 kB
Buffers:            9020 kB
Cached:           690016 kB
SwapCached:            0 kB
Active:           601076 kB
Inactive:         520832 kB
Active(anon):     424904 kB
Inactive(anon):     1024 kB
Active(file):     176172 kB
Inactive(file):   519808 kB
Unevictable:        1988 kB
Mlocked:               0 kB
HighTotal:        802816 kB
HighFree:           2776 kB
LowTotal:         548148 kB
LowFree:           40408 kB
SwapTotal:             0 kB
SwapFree:              0 kB
Dirty:                 0 kB
Writeback:             0 kB
AnonPages:        424952 kB
Mapped:           195300 kB
Shmem:              1068 kB
Slab:              32372 kB
SReclaimable:      11472 kB
SUnreclaim:        20900 kB
KernelStack:        8616 kB
PageTables:        18528 kB
NFS_Unstable:          0 kB
Bounce:                0 kB
WritebackTmp:          0 kB
CommitLimit:      675480 kB
Committed_AS:   45683800 kB
VmallocTotal:     253952 kB
VmallocUsed:       90312 kB
VmallocChunk:      49156 kB
Time pass: 10 sec

---2015-12-18 17:09:26
MemTotal:        1350964 kB
MemFree:           43184 kB
Buffers:            9020 kB
Cached:           690016 kB
SwapCached:            0 kB
Active:           601208 kB
Inactive:         520832 kB
Active(anon):     425036 kB
Inactive(anon):     1024 kB
Active(file):     176172 kB
Inactive(file):   519808 kB
Unevictable:        1988 kB
Mlocked:               0 kB
HighTotal:        802816 kB
HighFree:           2776 kB
LowTotal:         548148 kB
LowFree:           40408 kB
SwapTotal:             0 kB
SwapFree:              0 kB
Dirty:                 0 kB
Writeback:             0 kB
AnonPages:        424856 kB
Mapped:           195300 kB
Shmem:              1068 kB
Slab:              32316 kB
SReclaimable:      11472 kB
SUnreclaim:        20844 kB
KernelStack:        8616 kB
PageTables:        18528 kB
NFS_Unstable:          0 kB
Bounce:                0 kB
WritebackTmp:          0 kB
CommitLimit:      675480 kB
Committed_AS:   45683792 kB
VmallocTotal:     253952 kB
VmallocUsed:       90312 kB
VmallocChunk:      49156 kB
Time pass: 14 sec

---2015-12-18 17:09:26
MemTotal:        1350964 kB
MemFree:           42380 kB
Buffers:            9020 kB
Cached:           690016 kB
SwapCached:            0 kB
Active:           601232 kB
Inactive:         520832 kB
Active(anon):     425060 kB
Inactive(anon):     1024 kB
Active(file):     176172 kB
Inactive(file):   519808 kB
Unevictable:        1988 kB
Mlocked:               0 kB
HighTotal:        802816 kB
HighFree:           2356 kB
LowTotal:         548148 kB
LowFree:           40024 kB
SwapTotal:             0 kB
SwapFree:              0 kB
Dirty:                 0 kB
Writeback:             0 kB
AnonPages:        424928 kB
Mapped:           195308 kB
Shmem:              1068 kB
Slab:              32344 kB
SReclaimable:      11472 kB
SUnreclaim:        20872 kB
KernelStack:        8616 kB
PageTables:        18532 kB
NFS_Unstable:          0 kB
Bounce:                0 kB
WritebackTmp:          0 kB
CommitLimit:      675480 kB
Committed_AS:   45683792 kB
VmallocTotal:     253952 kB
VmallocUsed:       90312 kB
VmallocChunk:      49156 kB
Time pass: 17 sec

---2015-12-18 17:09:26
MemTotal:        1350964 kB
MemFree:           30408 kB
Buffers:            8848 kB
Cached:           654424 kB
SwapCached:            0 kB
Active:           627592 kB
Inactive:         482476 kB
Active(anon):     449044 kB
Inactive(anon):     1124 kB
Active(file):     178548 kB
Inactive(file):   481352 kB
Unevictable:        1988 kB
Mlocked:               0 kB
HighTotal:        802816 kB
HighFree:           1500 kB
LowTotal:         548148 kB
LowFree:           28908 kB
SwapTotal:             0 kB
SwapFree:              0 kB
Dirty:               936 kB
Writeback:             0 kB
AnonPages:        449192 kB
Mapped:           218536 kB
Shmem:              1216 kB
Slab:              32460 kB
SReclaimable:      11628 kB
SUnreclaim:        20832 kB
KernelStack:        9016 kB
PageTables:        19172 kB
NFS_Unstable:          0 kB
Bounce:                0 kB
WritebackTmp:          0 kB
CommitLimit:      675480 kB
Committed_AS:   46639516 kB
VmallocTotal:     253952 kB
VmallocUsed:       92312 kB
VmallocChunk:      49156 kB
Time pass: 21 sec

---2015-12-18 17:09:26
MemTotal:        1350964 kB
MemFree:           29468 kB
Buffers:            8520 kB
Cached:           629736 kB
SwapCached:            0 kB
Active:           646536 kB
Inactive:         452180 kB
Active(anon):     462796 kB
Inactive(anon):     1152 kB
Active(file):     183740 kB
Inactive(file):   451028 kB
Unevictable:        1988 kB
Mlocked:               0 kB
HighTotal:        802816 kB
HighFree:           2780 kB
LowTotal:         548148 kB
LowFree:           26688 kB
SwapTotal:             0 kB
SwapFree:              0 kB
Dirty:               136 kB
Writeback:             0 kB
AnonPages:        462864 kB
Mapped:           220116 kB
Shmem:              1196 kB
Slab:              32572 kB
SReclaimable:      11668 kB
SUnreclaim:        20904 kB
KernelStack:        9128 kB
PageTables:        19300 kB
NFS_Unstable:          0 kB
Bounce:                0 kB
WritebackTmp:          0 kB
CommitLimit:      675480 kB
Committed_AS:   46664736 kB
VmallocTotal:     253952 kB
VmallocUsed:       92328 kB
VmallocChunk:      49156 kB
Time pass: 25 sec

---2015-12-18 17:09:26
MemTotal:        1350964 kB
MemFree:           39572 kB
Buffers:            8300 kB
Cached:           598564 kB
SwapCached:            0 kB
Active:           647772 kB
Inactive:         419972 kB
Active(anon):     462912 kB
Inactive(anon):     1152 kB
Active(file):     184860 kB
Inactive(file):   418820 kB
Unevictable:        1988 kB
Mlocked:               0 kB
HighTotal:        802816 kB
HighFree:           9896 kB
LowTotal:         548148 kB
LowFree:           29676 kB
SwapTotal:             0 kB
SwapFree:              0 kB
Dirty:               228 kB
Writeback:             0 kB
AnonPages:        462728 kB
Mapped:           221216 kB
Shmem:              1196 kB
Slab:              32676 kB
SReclaimable:      11684 kB
SUnreclaim:        20992 kB
KernelStack:        9184 kB
PageTables:        19360 kB
NFS_Unstable:          0 kB
Bounce:                0 kB
WritebackTmp:          0 kB
CommitLimit:      675480 kB
Committed_AS:   46681708 kB
VmallocTotal:     253952 kB
VmallocUsed:       92328 kB
VmallocChunk:      49156 kB
Time pass: 28 sec

---2015-12-18 17:09:26
MemTotal:        1350964 kB
MemFree:           32564 kB
Buffers:            8308 kB
Cached:           598900 kB
SwapCached:            0 kB
Active:           648724 kB
Inactive:         420280 kB
Active(anon):     463844 kB
Inactive(anon):     1152 kB
Active(file):     184880 kB
Inactive(file):   419128 kB
Unevictable:        1988 kB
Mlocked:               0 kB
HighTotal:        802816 kB
HighFree:           3096 kB
LowTotal:         548148 kB
LowFree:           29468 kB
SwapTotal:             0 kB
SwapFree:              0 kB
Dirty:               164 kB
Writeback:             0 kB
AnonPages:        463808 kB
Mapped:           221324 kB
Shmem:              1196 kB
Slab:              32640 kB
SReclaimable:      11684 kB
SUnreclaim:        20956 kB
KernelStack:        9184 kB
PageTables:        19376 kB
NFS_Unstable:          0 kB
Bounce:                0 kB
WritebackTmp:          0 kB
CommitLimit:      675480 kB
Committed_AS:   46689228 kB
VmallocTotal:     253952 kB
VmallocUsed:       92328 kB
VmallocChunk:      49156 kB
Time pass: 31 sec

---2015-12-18 17:09:26
MemTotal:        1350964 kB
MemFree:           36044 kB
Buffers:            8316 kB
Cached:           593988 kB
SwapCached:            0 kB
Active:           649512 kB
Inactive:         415460 kB
Active(anon):     464620 kB
Inactive(anon):     1152 kB
Active(file):     184892 kB
Inactive(file):   414308 kB
Unevictable:        1988 kB
Mlocked:               0 kB
HighTotal:        802816 kB
HighFree:           7256 kB
LowTotal:         548148 kB
LowFree:           28788 kB
SwapTotal:             0 kB
SwapFree:              0 kB
Dirty:               376 kB
Writeback:             0 kB
AnonPages:        464472 kB
Mapped:           221496 kB
Shmem:              1196 kB
Slab:              32824 kB
SReclaimable:      11688 kB
SUnreclaim:        21136 kB
KernelStack:        9192 kB
PageTables:        19392 kB
NFS_Unstable:          0 kB
Bounce:                0 kB
WritebackTmp:          0 kB
CommitLimit:      675480 kB
Committed_AS:   46690012 kB
VmallocTotal:     253952 kB
VmallocUsed:       92328 kB
VmallocChunk:      49156 kB
Time pass: 35 sec

---2015-12-18 17:09:26
MemTotal:        1350964 kB
MemFree:           32408 kB
Buffers:            8312 kB
Cached:           562380 kB
SwapCached:            0 kB
Active:           660744 kB
Inactive:         383540 kB
Active(anon):     475820 kB
Inactive(anon):     1152 kB
Active(file):     184924 kB
Inactive(file):   382388 kB
Unevictable:        1988 kB
Mlocked:               0 kB
HighTotal:        802816 kB
HighFree:           2700 kB
LowTotal:         548148 kB
LowFree:           29708 kB
SwapTotal:             0 kB
SwapFree:              0 kB
Dirty:               388 kB
Writeback:             0 kB
AnonPages:        475916 kB
Mapped:           221880 kB
Shmem:              1196 kB
Slab:              32780 kB
SReclaimable:      11696 kB
SUnreclaim:        21084 kB
KernelStack:        9208 kB
PageTables:        19548 kB
NFS_Unstable:          0 kB
Bounce:                0 kB
WritebackTmp:          0 kB
CommitLimit:      675480 kB
Committed_AS:   46797136 kB
VmallocTotal:     253952 kB
VmallocUsed:       92780 kB
VmallocChunk:      49156 kB
Time pass: 38 sec

---2015-12-18 17:09:26
MemTotal:        1350964 kB
MemFree:           32520 kB
Buffers:            8320 kB
Cached:           558472 kB
SwapCached:            0 kB
Active:           663260 kB
Inactive:         379608 kB
Active(anon):     478108 kB
Inactive(anon):     1152 kB
Active(file):     185152 kB
Inactive(file):   378456 kB
Unevictable:        1988 kB
Mlocked:               0 kB
HighTotal:        802816 kB
HighFree:           2812 kB
LowTotal:         548148 kB
LowFree:           29708 kB
SwapTotal:             0 kB
SwapFree:              0 kB
Dirty:                56 kB
Writeback:             0 kB
AnonPages:        478008 kB
Mapped:           221956 kB
Shmem:              1196 kB
Slab:              32812 kB
SReclaimable:      11700 kB
SUnreclaim:        21112 kB
KernelStack:        9216 kB
PageTables:        19616 kB
NFS_Unstable:          0 kB
Bounce:                0 kB
WritebackTmp:          0 kB
CommitLimit:      675480 kB
Committed_AS:   46798984 kB
VmallocTotal:     253952 kB
VmallocUsed:       92780 kB
VmallocChunk:      49156 kB
Time pass: 42 sec

---2015-12-18 17:09:26
MemTotal:        1350964 kB
MemFree:           45736 kB
Buffers:            8320 kB
Cached:           554644 kB
SwapCached:            0 kB
Active:           669324 kB
Inactive:         375668 kB
Active(anon):     484060 kB
Inactive(anon):     1152 kB
Active(file):     185264 kB
Inactive(file):   374516 kB
Unevictable:        1988 kB
Mlocked:               0 kB
HighTotal:        802816 kB
HighFree:          10648 kB
LowTotal:         548148 kB
LowFree:           35088 kB
SwapTotal:             0 kB
SwapFree:              0 kB
Dirty:               108 kB
Writeback:             0 kB
AnonPages:        484232 kB
Mapped:           222644 kB
Shmem:              1196 kB
Slab:              32880 kB
SReclaimable:      11724 kB
SUnreclaim:        21156 kB
KernelStack:        9216 kB
PageTables:        19576 kB
NFS_Unstable:          0 kB
Bounce:                0 kB
WritebackTmp:          0 kB
CommitLimit:      675480 kB
Committed_AS:   46779524 kB
VmallocTotal:     253952 kB
VmallocUsed:       92780 kB
VmallocChunk:      49156 kB
Time pass: 46 sec

---2015-12-18 17:09:26
MemTotal:        1350964 kB
MemFree:           31840 kB
Buffers:            8328 kB
Cached:           553772 kB
SwapCached:            0 kB
Active:           679040 kB
Inactive:         374628 kB
Active(anon):     493612 kB
Inactive(anon):     1152 kB
Active(file):     185428 kB
Inactive(file):   373476 kB
Unevictable:        1988 kB
Mlocked:               0 kB
HighTotal:        802816 kB
HighFree:           2996 kB
LowTotal:         548148 kB
LowFree:           28844 kB
SwapTotal:             0 kB
SwapFree:              0 kB
Dirty:               948 kB
Writeback:             0 kB
AnonPages:        493628 kB
Mapped:           223204 kB
Shmem:              1196 kB
Slab:              33072 kB
SReclaimable:      11744 kB
SUnreclaim:        21328 kB
KernelStack:        9264 kB
PageTables:        19620 kB
NFS_Unstable:          0 kB
Bounce:                0 kB
WritebackTmp:          0 kB
CommitLimit:      675480 kB
Committed_AS:   46791620 kB
VmallocTotal:     253952 kB
VmallocUsed:       92780 kB
VmallocChunk:      49156 kB
Time pass: 49 sec

---2015-12-18 17:09:26
MemTotal:        1350964 kB
MemFree:           32608 kB
Buffers:            8328 kB
Cached:           550756 kB
SwapCached:            0 kB
Active:           679584 kB
Inactive:         371540 kB
Active(anon):     494072 kB
Inactive(anon):     1152 kB
Active(file):     185512 kB
Inactive(file):   370388 kB
Unevictable:        1988 kB
Mlocked:               0 kB
HighTotal:        802816 kB
HighFree:           2588 kB
LowTotal:         548148 kB
LowFree:           30020 kB
SwapTotal:             0 kB
SwapFree:              0 kB
Dirty:                 4 kB
Writeback:             0 kB
AnonPages:        494032 kB
Mapped:           223172 kB
Shmem:              1196 kB
Slab:              33088 kB
SReclaimable:      11764 kB
SUnreclaim:        21324 kB
KernelStack:        9264 kB
PageTables:        19612 kB
NFS_Unstable:          0 kB
Bounce:                0 kB
WritebackTmp:          0 kB
CommitLimit:      675480 kB
Committed_AS:   46794404 kB
VmallocTotal:     253952 kB
VmallocUsed:       92780 kB
VmallocChunk:      49156 kB
Time pass: 53 sec

---2015-12-18 17:09:26
MemTotal:        1350964 kB
MemFree:           32096 kB
Buffers:            8336 kB
Cached:           551140 kB
SwapCached:            0 kB
Active:           679684 kB
Inactive:         371908 kB
Active(anon):     494172 kB
Inactive(anon):     1152 kB
Active(file):     185512 kB
Inactive(file):   370756 kB
Unevictable:        1988 kB
Mlocked:               0 kB
HighTotal:        802816 kB
HighFree:           2092 kB
LowTotal:         548148 kB
LowFree:           30004 kB
SwapTotal:             0 kB
SwapFree:              0 kB
Dirty:                64 kB
Writeback:             0 kB
AnonPages:        494192 kB
Mapped:           223616 kB
Shmem:              1196 kB
Slab:              33052 kB
SReclaimable:      11768 kB
SUnreclaim:        21284 kB
KernelStack:        9264 kB
PageTables:        19632 kB
NFS_Unstable:          0 kB
Bounce:                0 kB
WritebackTmp:          0 kB
CommitLimit:      675480 kB
Committed_AS:   46794260 kB
VmallocTotal:     253952 kB
VmallocUsed:       92780 kB
VmallocChunk:      49156 kB
Time pass: 56 sec

---2015-12-18 17:09:26
MemTotal:        1350964 kB
MemFree:           32612 kB
Buffers:            8296 kB
Cached:           542048 kB
SwapCached:            0 kB
Active:           682244 kB
Inactive:         362096 kB
Active(anon):     496060 kB
Inactive(anon):     1152 kB
Active(file):     186184 kB
Inactive(file):   360944 kB
Unevictable:        1988 kB
Mlocked:               0 kB
HighTotal:        802816 kB
HighFree:           3160 kB
LowTotal:         548148 kB
LowFree:           29452 kB
SwapTotal:             0 kB
SwapFree:              0 kB
Dirty:               276 kB
Writeback:             0 kB
AnonPages:        495952 kB
Mapped:           224200 kB
Shmem:              1196 kB
Slab:              33096 kB
SReclaimable:      11784 kB
SUnreclaim:        21312 kB
KernelStack:        9264 kB
PageTables:        19648 kB
NFS_Unstable:          0 kB
Bounce:                0 kB
WritebackTmp:          0 kB
CommitLimit:      675480 kB
Committed_AS:   46801724 kB
VmallocTotal:     253952 kB
VmallocUsed:       92780 kB
VmallocChunk:      49156 kB
Time pass: 60 sec

---2015-12-18 17:09:26
MemTotal:        1350964 kB
MemFree:           32436 kB
Buffers:            8304 kB
Cached:           542048 kB
SwapCached:            0 kB
Active:           682260 kB
Inactive:         362136 kB
Active(anon):     496076 kB
Inactive(anon):     1152 kB
Active(file):     186184 kB
Inactive(file):   360984 kB
Unevictable:        1988 kB
Mlocked:               0 kB
HighTotal:        802816 kB
HighFree:           2960 kB
LowTotal:         548148 kB
LowFree:           29476 kB
SwapTotal:             0 kB
SwapFree:              0 kB
Dirty:                 0 kB
Writeback:             0 kB
AnonPages:        495980 kB
Mapped:           224044 kB
Shmem:              1196 kB
Slab:              33064 kB
SReclaimable:      11784 kB
SUnreclaim:        21280 kB
KernelStack:        9264 kB
PageTables:        19644 kB
NFS_Unstable:          0 kB
Bounce:                0 kB
WritebackTmp:          0 kB
CommitLimit:      675480 kB
Committed_AS:   46801692 kB
VmallocTotal:     253952 kB
VmallocUsed:       92780 kB
VmallocChunk:      49156 kB
Time pass: 63 sec

---2015-12-18 17:09:26
MemTotal:        1350964 kB
MemFree:           30452 kB
Buffers:            8276 kB
Cached:           531120 kB
SwapCached:            0 kB
Active:           689632 kB
Inactive:         350572 kB
Active(anon):     502888 kB
Inactive(anon):     1152 kB
Active(file):     186744 kB
Inactive(file):   349420 kB
Unevictable:        1988 kB
Mlocked:               0 kB
HighTotal:        802816 kB
HighFree:           1500 kB
LowTotal:         548148 kB
LowFree:           28952 kB
SwapTotal:             0 kB
SwapFree:              0 kB
Dirty:               588 kB
Writeback:             0 kB
AnonPages:        502928 kB
Mapped:           224448 kB
Shmem:              1196 kB
Slab:              33220 kB
SReclaimable:      11836 kB
SUnreclaim:        21384 kB
KernelStack:        9264 kB
PageTables:        19652 kB
NFS_Unstable:          0 kB
Bounce:                0 kB
WritebackTmp:          0 kB
CommitLimit:      675480 kB
Committed_AS:   46815204 kB
VmallocTotal:     253952 kB
VmallocUsed:       92780 kB
VmallocChunk:      49156 kB
Time pass: 67 sec

---2015-12-18 17:09:26
MemTotal:        1350964 kB
MemFree:           35492 kB
Buffers:            8004 kB
Cached:           520944 kB
SwapCached:            0 kB
Active:           703320 kB
Inactive:         330648 kB
Active(anon):     507272 kB
Inactive(anon):     1152 kB
Active(file):     196048 kB
Inactive(file):   329496 kB
Unevictable:        1988 kB
Mlocked:               0 kB
HighTotal:        802816 kB
HighFree:           2400 kB
LowTotal:         548148 kB
LowFree:           33092 kB
SwapTotal:             0 kB
SwapFree:              0 kB
Dirty:               280 kB
Writeback:             0 kB
AnonPages:        507440 kB
Mapped:           227576 kB
Shmem:              1196 kB
Slab:              33228 kB
SReclaimable:      11844 kB
SUnreclaim:        21384 kB
KernelStack:        9328 kB
PageTables:        19720 kB
NFS_Unstable:          0 kB
Bounce:                0 kB
WritebackTmp:          0 kB
CommitLimit:      675480 kB
Committed_AS:   46828340 kB
VmallocTotal:     253952 kB
VmallocUsed:       92780 kB
VmallocChunk:      49156 kB
Time pass: 70 sec

---2015-12-18 17:09:26
MemTotal:        1350964 kB
MemFree:           32348 kB
Buffers:            7940 kB
Cached:           501616 kB
SwapCached:            0 kB
Active:           719392 kB
Inactive:         305324 kB
Active(anon):     517520 kB
Inactive(anon):     1252 kB
Active(file):     201872 kB
Inactive(file):   304072 kB
Unevictable:        1988 kB
Mlocked:               0 kB
HighTotal:        802816 kB
HighFree:           2616 kB
LowTotal:         548148 kB
LowFree:           29732 kB
SwapTotal:             0 kB
SwapFree:              0 kB
Dirty:               360 kB
Writeback:             0 kB
AnonPages:        517668 kB
Mapped:           229036 kB
Shmem:              1196 kB
Slab:              33320 kB
SReclaimable:      11844 kB
SUnreclaim:        21476 kB
KernelStack:        9328 kB
PageTables:        19736 kB
NFS_Unstable:          0 kB
Bounce:                0 kB
WritebackTmp:          0 kB
CommitLimit:      675480 kB
Committed_AS:   46850840 kB
VmallocTotal:     253952 kB
VmallocUsed:       93440 kB
VmallocChunk:      49156 kB
Time pass: 74 sec

---2015-12-18 17:09:26
MemTotal:        1350964 kB
MemFree:           31312 kB
Buffers:            7864 kB
Cached:           495704 kB
SwapCached:            0 kB
Active:           727128 kB
Inactive:         298912 kB
Active(anon):     524628 kB
Inactive(anon):     1268 kB
Active(file):     202500 kB
Inactive(file):   297644 kB
Unevictable:        1988 kB
Mlocked:               0 kB
HighTotal:        802816 kB
HighFree:           2716 kB
LowTotal:         548148 kB
LowFree:           28596 kB
SwapTotal:             0 kB
SwapFree:              0 kB
Dirty:                84 kB
Writeback:             0 kB
AnonPages:        524720 kB
Mapped:           229388 kB
Shmem:              1316 kB
Slab:              33376 kB
SReclaimable:      11844 kB
SUnreclaim:        21532 kB
KernelStack:        9440 kB
PageTables:        19872 kB
NFS_Unstable:          0 kB
Bounce:                0 kB
WritebackTmp:          0 kB
CommitLimit:      675480 kB
Committed_AS:   46860024 kB
VmallocTotal:     253952 kB
VmallocUsed:       93892 kB
VmallocChunk:      49156 kB
Time pass: 78 sec

---2015-12-18 17:09:26
MemTotal:        1350964 kB
MemFree:           32640 kB
Buffers:            7880 kB
Cached:           495568 kB
SwapCached:            0 kB
Active:           726000 kB
Inactive:         298780 kB
Active(anon):     523372 kB
Inactive(anon):     1324 kB
Active(file):     202628 kB
Inactive(file):   297456 kB
Unevictable:        1988 kB
Mlocked:               0 kB
HighTotal:        802816 kB
HighFree:           3780 kB
LowTotal:         548148 kB
LowFree:           28860 kB
SwapTotal:             0 kB
SwapFree:              0 kB
Dirty:                68 kB
Writeback:             0 kB
AnonPages:        523412 kB
Mapped:           229444 kB
Shmem:              1372 kB
Slab:              33356 kB
SReclaimable:      11844 kB
SUnreclaim:        21512 kB
KernelStack:        9464 kB
PageTables:        20040 kB
NFS_Unstable:          0 kB
Bounce:                0 kB
WritebackTmp:          0 kB
CommitLimit:      675480 kB
Committed_AS:   46860672 kB
VmallocTotal:     253952 kB
VmallocUsed:       93892 kB
VmallocChunk:      49156 kB
Time pass: 82 sec

---2015-12-18 17:09:26
MemTotal:        1350964 kB
MemFree:           32064 kB
Buffers:            7880 kB
Cached:           495688 kB
SwapCached:            0 kB
Active:           726140 kB
Inactive:         298896 kB
Active(anon):     523504 kB
Inactive(anon):     1412 kB
Active(file):     202636 kB
Inactive(file):   297484 kB
Unevictable:        1988 kB
Mlocked:               0 kB
HighTotal:        802816 kB
HighFree:           2416 kB
LowTotal:         548148 kB
LowFree:           29648 kB
SwapTotal:             0 kB
SwapFree:              0 kB
Dirty:                 8 kB
Writeback:             0 kB
AnonPages:        523528 kB
Mapped:           229428 kB
Shmem:              1460 kB
Slab:              33368 kB
SReclaimable:      11852 kB
SUnreclaim:        21516 kB
KernelStack:        9456 kB
PageTables:        20040 kB
NFS_Unstable:          0 kB
Bounce:                0 kB
WritebackTmp:          0 kB
CommitLimit:      675480 kB
Committed_AS:   46860488 kB
VmallocTotal:     253952 kB
VmallocUsed:       93892 kB
VmallocChunk:      49156 kB
Time pass: 86 sec

---2015-12-18 17:09:26
MemTotal:        1350964 kB
MemFree:           32292 kB
Buffers:            7904 kB
Cached:           495684 kB
SwapCached:            0 kB
Active:           726300 kB
Inactive:         298900 kB
Active(anon):     523656 kB
Inactive(anon):     1412 kB
Active(file):     202644 kB
Inactive(file):   297488 kB
Unevictable:        1988 kB
Mlocked:               0 kB
HighTotal:        802816 kB
HighFree:           1548 kB
LowTotal:         548148 kB
LowFree:           30744 kB
SwapTotal:             0 kB
SwapFree:              0 kB
Dirty:                52 kB
Writeback:             0 kB
AnonPages:        523844 kB
Mapped:           229428 kB
Shmem:              1460 kB
Slab:              33520 kB
SReclaimable:      11852 kB
SUnreclaim:        21668 kB
KernelStack:        9480 kB
PageTables:        20044 kB
NFS_Unstable:          0 kB
Bounce:                0 kB
WritebackTmp:          0 kB
CommitLimit:      675480 kB
Committed_AS:   46860548 kB
VmallocTotal:     253952 kB
VmallocUsed:       93892 kB
VmallocChunk:      49156 kB
Time pass: 89 sec

---2015-12-18 17:09:26
MemTotal:        1350964 kB
MemFree:           32468 kB
Buffers:            7920 kB
Cached:           495696 kB
SwapCached:            0 kB
Active:           726768 kB
Inactive:         298920 kB
Active(anon):     524116 kB
Inactive(anon):     1412 kB
Active(file):     202652 kB
Inactive(file):   297508 kB
Unevictable:        1988 kB
Mlocked:               0 kB
HighTotal:        802816 kB
HighFree:           1672 kB
LowTotal:         548148 kB
LowFree:           30796 kB
SwapTotal:             0 kB
SwapFree:              0 kB
Dirty:                12 kB
Writeback:             0 kB
AnonPages:        524136 kB
Mapped:           229576 kB
Shmem:              1460 kB
Slab:              33452 kB
SReclaimable:      11852 kB
SUnreclaim:        21600 kB
KernelStack:        9472 kB
PageTables:        20036 kB
NFS_Unstable:          0 kB
Bounce:                0 kB
WritebackTmp:          0 kB
CommitLimit:      675480 kB
Committed_AS:   46861092 kB
VmallocTotal:     253952 kB
VmallocUsed:       93892 kB
VmallocChunk:      49156 kB
Time pass: 93 sec

---2015-12-18 17:09:26
MemTotal:        1350964 kB
MemFree:           31792 kB
Buffers:            7920 kB
Cached:           495728 kB
SwapCached:            0 kB
Active:           727496 kB
Inactive:         298944 kB
Active(anon):     524832 kB
Inactive(anon):     1412 kB
Active(file):     202664 kB
Inactive(file):   297532 kB
Unevictable:        1988 kB
Mlocked:               0 kB
HighTotal:        802816 kB
HighFree:           1548 kB
LowTotal:         548148 kB
LowFree:           30244 kB
SwapTotal:             0 kB
SwapFree:              0 kB
Dirty:                60 kB
Writeback:             0 kB
AnonPages:        524712 kB
Mapped:           229576 kB
Shmem:              1460 kB
Slab:              33420 kB
SReclaimable:      11852 kB
SUnreclaim:        21568 kB
KernelStack:        9480 kB
PageTables:        20044 kB
NFS_Unstable:          0 kB
Bounce:                0 kB
WritebackTmp:          0 kB
CommitLimit:      675480 kB
Committed_AS:   46862472 kB
VmallocTotal:     253952 kB
VmallocUsed:       93892 kB
VmallocChunk:      49156 kB
Time pass: 97 sec

---2015-12-18 17:09:26
MemTotal:        1350964 kB
MemFree:           30940 kB
Buffers:            7944 kB
Cached:           495744 kB
SwapCached:            0 kB
Active:           727936 kB
Inactive:         298980 kB
Active(anon):     525264 kB
Inactive(anon):     1432 kB
Active(file):     202672 kB
Inactive(file):   297548 kB
Unevictable:        1988 kB
Mlocked:               0 kB
HighTotal:        802816 kB
HighFree:           1524 kB
LowTotal:         548148 kB
LowFree:           29416 kB
SwapTotal:             0 kB
SwapFree:              0 kB
Dirty:                 4 kB
Writeback:             0 kB
AnonPages:        525240 kB
Mapped:           229448 kB
Shmem:              1480 kB
Slab:              33476 kB
SReclaimable:      11860 kB
SUnreclaim:        21616 kB
KernelStack:        9464 kB
PageTables:        20044 kB
NFS_Unstable:          0 kB
Bounce:                0 kB
WritebackTmp:          0 kB
CommitLimit:      675480 kB
Committed_AS:   46862400 kB
VmallocTotal:     253952 kB
VmallocUsed:       93892 kB
VmallocChunk:      49156 kB
Time pass: 101 sec

---2015-12-18 17:09:26
MemTotal:        1350964 kB
MemFree:           31396 kB
Buffers:            7944 kB
Cached:           495776 kB
SwapCached:            0 kB
Active:           727748 kB
Inactive:         299000 kB
Active(anon):     525064 kB
Inactive(anon):     1432 kB
Active(file):     202684 kB
Inactive(file):   297568 kB
Unevictable:        1988 kB
Mlocked:               0 kB
HighTotal:        802816 kB
HighFree:           1672 kB
LowTotal:         548148 kB
LowFree:           29724 kB
SwapTotal:             0 kB
SwapFree:              0 kB
Dirty:                68 kB
Writeback:             0 kB
AnonPages:        525264 kB
Mapped:           229596 kB
Shmem:              1480 kB
Slab:              33400 kB
SReclaimable:      11860 kB
SUnreclaim:        21540 kB
KernelStack:        9464 kB
PageTables:        20040 kB
NFS_Unstable:          0 kB
Bounce:                0 kB
WritebackTmp:          0 kB
CommitLimit:      675480 kB
Committed_AS:   46862308 kB
VmallocTotal:     253952 kB
VmallocUsed:       93892 kB
VmallocChunk:      49156 kB
Time pass: 105 sec

---2015-12-18 17:09:26
MemTotal:        1350964 kB
MemFree:           34820 kB
Buffers:            7816 kB
Cached:           493400 kB
SwapCached:            0 kB
Active:           725348 kB
Inactive:         296192 kB
Active(anon):     522400 kB
Inactive(anon):     1432 kB
Active(file):     202948 kB
Inactive(file):   294760 kB
Unevictable:        1988 kB
Mlocked:               0 kB
HighTotal:        802816 kB
HighFree:           4112 kB
LowTotal:         548148 kB
LowFree:           30708 kB
SwapTotal:             0 kB
SwapFree:              0 kB
Dirty:                48 kB
Writeback:             0 kB
AnonPages:        522224 kB
Mapped:           229612 kB
Shmem:              1508 kB
Slab:              33448 kB
SReclaimable:      11868 kB
SUnreclaim:        21580 kB
KernelStack:        9448 kB
PageTables:        20044 kB
NFS_Unstable:          0 kB
Bounce:                0 kB
WritebackTmp:          0 kB
CommitLimit:      675480 kB
Committed_AS:   46859492 kB
VmallocTotal:     253952 kB
VmallocUsed:       93892 kB
VmallocChunk:      49156 kB
Time pass: 108 sec

---2015-12-18 17:09:26
MemTotal:        1350964 kB
MemFree:           35264 kB
Buffers:            7824 kB
Cached:           493412 kB
SwapCached:            0 kB
Active:           725408 kB
Inactive:         296228 kB
Active(anon):     522452 kB
Inactive(anon):     1460 kB
Active(file):     202956 kB
Inactive(file):   294768 kB
Unevictable:        1988 kB
Mlocked:               0 kB
HighTotal:        802816 kB
HighFree:           4376 kB
LowTotal:         548148 kB
LowFree:           30888 kB
SwapTotal:             0 kB
SwapFree:              0 kB
Dirty:                16 kB
Writeback:             0 kB
AnonPages:        522468 kB
Mapped:           229612 kB
Shmem:              1508 kB
Slab:              33532 kB
SReclaimable:      11868 kB
SUnreclaim:        21664 kB
KernelStack:        9440 kB
PageTables:        20044 kB
NFS_Unstable:          0 kB
Bounce:                0 kB
WritebackTmp:          0 kB
CommitLimit:      675480 kB
Committed_AS:   46859360 kB
VmallocTotal:     253952 kB
VmallocUsed:       93892 kB
VmallocChunk:      49156 kB
Time pass: 112 sec

---2015-12-18 17:09:26
MemTotal:        1350964 kB
MemFree:           36312 kB
Buffers:            7824 kB
Cached:           493428 kB
SwapCached:            0 kB
Active:           724252 kB
Inactive:         296252 kB
Active(anon):     521288 kB
Inactive(anon):     1460 kB
Active(file):     202964 kB
Inactive(file):   294792 kB
Unevictable:        1988 kB
Mlocked:               0 kB
HighTotal:        802816 kB
HighFree:           5144 kB
LowTotal:         548148 kB
LowFree:           31168 kB
SwapTotal:             0 kB
SwapFree:              0 kB
Dirty:                 8 kB
Writeback:            20 kB
AnonPages:        521192 kB
Mapped:           229560 kB
Shmem:              1508 kB
Slab:              33460 kB
SReclaimable:      11868 kB
SUnreclaim:        21592 kB
KernelStack:        9424 kB
PageTables:        20024 kB
NFS_Unstable:          0 kB
Bounce:                0 kB
WritebackTmp:          0 kB
CommitLimit:      675480 kB
Committed_AS:   46859168 kB
VmallocTotal:     253952 kB
VmallocUsed:       93892 kB
VmallocChunk:      49156 kB
Time pass: 116 sec

---2015-12-18 17:09:26
MemTotal:        1350964 kB
MemFree:           36008 kB
Buffers:            7832 kB
Cached:           493528 kB
SwapCached:            0 kB
Active:           724712 kB
Inactive:         296356 kB
Active(anon):     521744 kB
Inactive(anon):     1552 kB
Active(file):     202968 kB
Inactive(file):   294804 kB
Unevictable:        1988 kB
Mlocked:               0 kB
HighTotal:        802816 kB
HighFree:           4648 kB
LowTotal:         548148 kB
LowFree:           31360 kB
SwapTotal:             0 kB
SwapFree:              0 kB
Dirty:                24 kB
Writeback:             0 kB
AnonPages:        521868 kB
Mapped:           229704 kB
Shmem:              1600 kB
Slab:              33508 kB
SReclaimable:      11868 kB
SUnreclaim:        21640 kB
KernelStack:        9440 kB
PageTables:        20044 kB
NFS_Unstable:          0 kB
Bounce:                0 kB
WritebackTmp:          0 kB
CommitLimit:      675480 kB
Committed_AS:   46859412 kB
VmallocTotal:     253952 kB
VmallocUsed:       93892 kB
VmallocChunk:      49156 kB
Time pass: 119 sec

---2015-12-18 17:09:26
MemTotal:        1350964 kB
MemFree:           35396 kB
Buffers:            7840 kB
Cached:           493544 kB
SwapCached:            0 kB
Active:           725320 kB
Inactive:         296360 kB
Active(anon):     522340 kB
Inactive(anon):     1552 kB
Active(file):     202980 kB
Inactive(file):   294808 kB
Unevictable:        1988 kB
Mlocked:               0 kB
HighTotal:        802816 kB
HighFree:           4276 kB
LowTotal:         548148 kB
LowFree:           31120 kB
SwapTotal:             0 kB
SwapFree:              0 kB
Dirty:                20 kB
Writeback:             0 kB
AnonPages:        522264 kB
Mapped:           229556 kB
Shmem:              1600 kB
Slab:              33480 kB
SReclaimable:      11868 kB
SUnreclaim:        21612 kB
KernelStack:        9440 kB
PageTables:        20040 kB
NFS_Unstable:          0 kB
Bounce:                0 kB
WritebackTmp:          0 kB
CommitLimit:      675480 kB
Committed_AS:   46859956 kB
VmallocTotal:     253952 kB
VmallocUsed:       93892 kB
VmallocChunk:      49156 kB
Time pass: 123 sec

---2015-12-18 17:09:26
MemTotal:        1350964 kB
MemFree:           34620 kB
Buffers:            7864 kB
Cached:           494568 kB
SwapCached:            0 kB
Active:           725132 kB
Inactive:         297364 kB
Active(anon):     522140 kB
Inactive(anon):     2272 kB
Active(file):     202992 kB
Inactive(file):   295092 kB
Unevictable:        1988 kB
Mlocked:               0 kB
HighTotal:        802816 kB
HighFree:           1548 kB
LowTotal:         548148 kB
LowFree:           33072 kB
SwapTotal:             0 kB
SwapFree:              0 kB
Dirty:                 8 kB
Writeback:             0 kB
AnonPages:        522240 kB
Mapped:           230552 kB
Shmem:              2320 kB
Slab:              33560 kB
SReclaimable:      11868 kB
SUnreclaim:        21692 kB
KernelStack:        9472 kB
PageTables:        20040 kB
NFS_Unstable:          0 kB
Bounce:                0 kB
WritebackTmp:          0 kB
CommitLimit:      675480 kB
Committed_AS:   46856616 kB
VmallocTotal:     253952 kB
VmallocUsed:       93892 kB
VmallocChunk:      51204 kB
Time pass: 126 sec

---2015-12-18 17:09:26
MemTotal:        1350964 kB
MemFree:           34776 kB
Buffers:            7864 kB
Cached:           494588 kB
SwapCached:            0 kB
Active:           725176 kB
Inactive:         297412 kB
Active(anon):     522180 kB
Inactive(anon):     2272 kB
Active(file):     202996 kB
Inactive(file):   295140 kB
Unevictable:        1988 kB
Mlocked:               0 kB
HighTotal:        802816 kB
HighFree:           1548 kB
LowTotal:         548148 kB
LowFree:           33228 kB
SwapTotal:             0 kB
SwapFree:              0 kB
Dirty:                40 kB
Writeback:             0 kB
AnonPages:        522076 kB
Mapped:           230404 kB
Shmem:              2320 kB
Slab:              33600 kB
SReclaimable:      11868 kB
SUnreclaim:        21732 kB
KernelStack:        9440 kB
PageTables:        20040 kB
NFS_Unstable:          0 kB
Bounce:                0 kB
WritebackTmp:          0 kB
CommitLimit:      675480 kB
Committed_AS:   46856608 kB
VmallocTotal:     253952 kB
VmallocUsed:       93892 kB
VmallocChunk:      51204 kB
Time pass: 130 sec

---2015-12-18 17:09:26
MemTotal:        1350964 kB
MemFree:           32668 kB
Buffers:            7872 kB
Cached:           490900 kB
SwapCached:            0 kB
Active:           730216 kB
Inactive:         293088 kB
Active(anon):     526512 kB
Inactive(anon):     1472 kB
Active(file):     203704 kB
Inactive(file):   291616 kB
Unevictable:        1988 kB
Mlocked:               0 kB
HighTotal:        802816 kB
HighFree:           3740 kB
LowTotal:         548148 kB
LowFree:           28928 kB
SwapTotal:             0 kB
SwapFree:              0 kB
Dirty:                20 kB
Writeback:             0 kB
AnonPages:        526536 kB
Mapped:           229972 kB
Shmem:              1432 kB
Slab:              33604 kB
SReclaimable:      11868 kB
SUnreclaim:        21736 kB
KernelStack:        9456 kB
PageTables:        20188 kB
NFS_Unstable:          0 kB
Bounce:                0 kB
WritebackTmp:          0 kB
CommitLimit:      675480 kB
Committed_AS:   47851352 kB
VmallocTotal:     253952 kB
VmallocUsed:       95132 kB
VmallocChunk:      51204 kB
Time pass: 133 sec

---2015-12-18 17:09:26
MemTotal:        1350964 kB
MemFree:           44100 kB
Buffers:            7912 kB
Cached:           490756 kB
SwapCached:            0 kB
Active:           719260 kB
Inactive:         292828 kB
Active(anon):     515452 kB
Inactive(anon):     1152 kB
Active(file):     203808 kB
Inactive(file):   291676 kB
Unevictable:        1988 kB
Mlocked:               0 kB
HighTotal:        802816 kB
HighFree:           2508 kB
LowTotal:         548148 kB
LowFree:           41592 kB
SwapTotal:             0 kB
SwapFree:              0 kB
Dirty:                36 kB
Writeback:             0 kB
AnonPages:        515360 kB
Mapped:           229488 kB
Shmem:              1196 kB
Slab:              33576 kB
SReclaimable:      11876 kB
SUnreclaim:        21700 kB
KernelStack:        9336 kB
PageTables:        19812 kB
NFS_Unstable:          0 kB
Bounce:                0 kB
WritebackTmp:          0 kB
CommitLimit:      675480 kB
Committed_AS:   46834964 kB
VmallocTotal:     253952 kB
VmallocUsed:       93796 kB
VmallocChunk:      51204 kB
Time pass: 137 sec

---2015-12-18 17:09:26
MemTotal:        1350964 kB
MemFree:          213572 kB
Buffers:            7928 kB
Cached:           490796 kB
SwapCached:            0 kB
Active:           651948 kB
Inactive:         292172 kB
Active(anon):     447456 kB
Inactive(anon):     1024 kB
Active(file):     204492 kB
Inactive(file):   291148 kB
Unevictable:        1988 kB
Mlocked:               0 kB
HighTotal:        802816 kB
HighFree:         105560 kB
LowTotal:         548148 kB
LowFree:          108012 kB
SwapTotal:             0 kB
SwapFree:              0 kB
Dirty:                92 kB
Writeback:             0 kB
AnonPages:        447316 kB
Mapped:           196964 kB
Shmem:              1068 kB
Slab:              33224 kB
SReclaimable:      11868 kB
SUnreclaim:        21356 kB
KernelStack:        8600 kB
PageTables:        18504 kB
NFS_Unstable:          0 kB
Bounce:                0 kB
WritebackTmp:          0 kB
CommitLimit:      675480 kB
Committed_AS:   44971524 kB
VmallocTotal:     253952 kB
VmallocUsed:       90556 kB
VmallocChunk:      51204 kB
Time pass: 140 sec

---2015-12-18 17:09:26
MemTotal:        1350964 kB
MemFree:          213916 kB
Buffers:            7936 kB
Cached:           490796 kB
SwapCached:            0 kB
Active:           651956 kB
Inactive:         292200 kB
Active(anon):     447464 kB
Inactive(anon):     1024 kB
Active(file):     204492 kB
Inactive(file):   291176 kB
Unevictable:        1988 kB
Mlocked:               0 kB
HighTotal:        802816 kB
HighFree:         105756 kB
LowTotal:         548148 kB
LowFree:          108160 kB
SwapTotal:             0 kB
SwapFree:              0 kB
Dirty:                28 kB
Writeback:             0 kB
AnonPages:        447512 kB
Mapped:           197112 kB
Shmem:              1068 kB
Slab:              33168 kB
SReclaimable:      11868 kB
SUnreclaim:        21300 kB
KernelStack:        8600 kB
PageTables:        18504 kB
NFS_Unstable:          0 kB
Bounce:                0 kB
WritebackTmp:          0 kB
CommitLimit:      675480 kB
Committed_AS:   44971468 kB
VmallocTotal:     253952 kB
VmallocUsed:       90556 kB
VmallocChunk:      51204 kB
Time pass: 144 sec

---2015-12-18 17:09:26
MemTotal:        1350964 kB
MemFree:          213512 kB
Buffers:            7936 kB
Cached:           490796 kB
SwapCached:            0 kB
Active:           653176 kB
Inactive:         292208 kB
Active(anon):     448684 kB
Inactive(anon):     1024 kB
Active(file):     204492 kB
Inactive(file):   291184 kB
Unevictable:        1988 kB
Mlocked:               0 kB
HighTotal:        802816 kB
HighFree:         105384 kB
LowTotal:         548148 kB
LowFree:          108128 kB
SwapTotal:             0 kB
SwapFree:              0 kB
Dirty:                28 kB
Writeback:             0 kB
AnonPages:        448660 kB
Mapped:           197108 kB
Shmem:              1068 kB
Slab:              33196 kB
SReclaimable:      11868 kB
SUnreclaim:        21328 kB
KernelStack:        8584 kB
PageTables:        18508 kB
NFS_Unstable:          0 kB
Bounce:                0 kB
WritebackTmp:          0 kB
CommitLimit:      675480 kB
Committed_AS:   44971592 kB
VmallocTotal:     253952 kB
VmallocUsed:       90556 kB
VmallocChunk:      51204 kB
Time pass: 148 sec

---2015-12-18 17:09:26
MemTotal:        1350964 kB
MemFree:          213428 kB
Buffers:            7936 kB
Cached:           490796 kB
SwapCached:            0 kB
Active:           653312 kB
Inactive:         292208 kB
Active(anon):     448820 kB
Inactive(anon):     1024 kB
Active(file):     204492 kB
Inactive(file):   291184 kB
Unevictable:        1988 kB
Mlocked:               0 kB
HighTotal:        802816 kB
HighFree:         105260 kB
LowTotal:         548148 kB
LowFree:          108168 kB
SwapTotal:             0 kB
SwapFree:              0 kB
Dirty:                 0 kB
Writeback:             0 kB
AnonPages:        448680 kB
Mapped:           196968 kB
Shmem:              1068 kB
Slab:              33180 kB
SReclaimable:      11868 kB
SUnreclaim:        21312 kB
KernelStack:        8592 kB
PageTables:        18508 kB
NFS_Unstable:          0 kB
Bounce:                0 kB
WritebackTmp:          0 kB
CommitLimit:      675480 kB
Committed_AS:   44971704 kB
VmallocTotal:     253952 kB
VmallocUsed:       90556 kB
VmallocChunk:      51204 kB
Time pass: 151 sec

---2015-12-18 17:09:26
MemTotal:        1350964 kB
MemFree:          213320 kB
Buffers:            7944 kB
Cached:           490796 kB
SwapCached:            0 kB
Active:           653328 kB
Inactive:         292208 kB
Active(anon):     448836 kB
Inactive(anon):     1024 kB
Active(file):     204492 kB
Inactive(file):   291184 kB
Unevictable:        1988 kB
Mlocked:               0 kB
HighTotal:        802816 kB
HighFree:         105136 kB
LowTotal:         548148 kB
LowFree:          108184 kB
SwapTotal:             0 kB
SwapFree:              0 kB
Dirty:                28 kB
Writeback:             0 kB
AnonPages:        448860 kB
Mapped:           197116 kB
Shmem:              1068 kB
Slab:              33160 kB
SReclaimable:      11868 kB
SUnreclaim:        21292 kB
KernelStack:        8576 kB
PageTables:        18508 kB
NFS_Unstable:          0 kB
Bounce:                0 kB
WritebackTmp:          0 kB
CommitLimit:      675480 kB
Committed_AS:   44971720 kB
VmallocTotal:     253952 kB
VmallocUsed:       90556 kB
VmallocChunk:      51204 kB
Time pass: 155 sec

---2015-12-18 17:09:26
MemTotal:        1350964 kB
MemFree:          212500 kB
Buffers:            7964 kB
Cached:           490796 kB
SwapCached:            0 kB
Active:           653364 kB
Inactive:         292236 kB
Active(anon):     448872 kB
Inactive(anon):     1024 kB
Active(file):     204492 kB
Inactive(file):   291212 kB
Unevictable:        1988 kB
Mlocked:               0 kB
HighTotal:        802816 kB
HighFree:         104516 kB
LowTotal:         548148 kB
LowFree:          107984 kB
SwapTotal:             0 kB
SwapFree:              0 kB
Dirty:                52 kB
Writeback:             0 kB
AnonPages:        448968 kB
Mapped:           197116 kB
Shmem:              1068 kB
Slab:              33208 kB
SReclaimable:      11868 kB
SUnreclaim:        21340 kB
KernelStack:        8584 kB
PageTables:        18472 kB
NFS_Unstable:          0 kB
Bounce:                0 kB
WritebackTmp:          0 kB
CommitLimit:      675480 kB
Committed_AS:   44971660 kB
VmallocTotal:     253952 kB
VmallocUsed:       90556 kB
VmallocChunk:      51204 kB
Time pass: 158 sec

---2015-12-18 17:09:26
MemTotal:        1350964 kB
MemFree:          211832 kB
Buffers:            7972 kB
Cached:           490796 kB
SwapCached:            0 kB
Active:           654792 kB
Inactive:         292236 kB
Active(anon):     450300 kB
Inactive(anon):     1024 kB
Active(file):     204492 kB
Inactive(file):   291212 kB
Unevictable:        1988 kB
Mlocked:               0 kB
HighTotal:        802816 kB
HighFree:         103648 kB
LowTotal:         548148 kB
LowFree:          108184 kB
SwapTotal:             0 kB
SwapFree:              0 kB
Dirty:                28 kB
Writeback:             0 kB
AnonPages:        450224 kB
Mapped:           197092 kB
Shmem:              1068 kB
Slab:              33180 kB
SReclaimable:      11868 kB
SUnreclaim:        21312 kB
KernelStack:        8576 kB
PageTables:        18488 kB
NFS_Unstable:          0 kB
Bounce:                0 kB
WritebackTmp:          0 kB
CommitLimit:      675480 kB
Committed_AS:   44973308 kB
VmallocTotal:     253952 kB
VmallocUsed:       90556 kB
VmallocChunk:      51204 kB
Time pass: 162 sec

---2015-12-18 17:09:26
MemTotal:        1350964 kB
MemFree:          159576 kB
Buffers:            8044 kB
Cached:           490960 kB
SwapCached:            0 kB
Active:           673160 kB
Inactive:         291932 kB
Active(anon):     468132 kB
Inactive(anon):     1156 kB
Active(file):     205028 kB
Inactive(file):   290776 kB
Unevictable:        1988 kB
Mlocked:               0 kB
HighTotal:        802816 kB
HighFree:          74484 kB
LowTotal:         548148 kB
LowFree:           85092 kB
SwapTotal:             0 kB
SwapFree:              0 kB
Dirty:               956 kB
Writeback:             0 kB
AnonPages:        468024 kB
Mapped:           219556 kB
Shmem:              1200 kB
Slab:              33208 kB
SReclaimable:      11868 kB
SUnreclaim:        21340 kB
KernelStack:        9016 kB
PageTables:        19228 kB
NFS_Unstable:          0 kB
Bounce:                0 kB
WritebackTmp:          0 kB
CommitLimit:      675480 kB
Committed_AS:   45938524 kB
VmallocTotal:     253952 kB
VmallocUsed:       92456 kB
VmallocChunk:      51204 kB
Time pass: 165 sec

---2015-12-18 17:09:26
MemTotal:        1350964 kB
MemFree:          136900 kB
Buffers:            8044 kB
Cached:           490964 kB
SwapCached:            0 kB
Active:           681412 kB
Inactive:         291936 kB
Active(anon):     476372 kB
Inactive(anon):     1152 kB
Active(file):     205040 kB
Inactive(file):   290784 kB
Unevictable:        1988 kB
Mlocked:               0 kB
HighTotal:        802816 kB
HighFree:          57148 kB
LowTotal:         548148 kB
LowFree:           79752 kB
SwapTotal:             0 kB
SwapFree:              0 kB
Dirty:               268 kB
Writeback:             0 kB
AnonPages:        476504 kB
Mapped:           221288 kB
Shmem:              1196 kB
Slab:              33244 kB
SReclaimable:      11868 kB
SUnreclaim:        21376 kB
KernelStack:        9056 kB
PageTables:        19280 kB
NFS_Unstable:          0 kB
Bounce:                0 kB
WritebackTmp:          0 kB
CommitLimit:      675480 kB
Committed_AS:   45959872 kB
VmallocTotal:     253952 kB
VmallocUsed:       92456 kB
VmallocChunk:      51204 kB
Time pass: 169 sec

---2015-12-18 17:09:26
MemTotal:        1350964 kB
MemFree:          116928 kB
Buffers:            8060 kB
Cached:           492200 kB
SwapCached:            0 kB
Active:           692912 kB
Inactive:         292528 kB
Active(anon):     487332 kB
Inactive(anon):     1152 kB
Active(file):     205580 kB
Inactive(file):   291376 kB
Unevictable:        1988 kB
Mlocked:               0 kB
HighTotal:        802816 kB
HighFree:          38176 kB
LowTotal:         548148 kB
LowFree:           78752 kB
SwapTotal:             0 kB
SwapFree:              0 kB
Dirty:               640 kB
Writeback:             0 kB
AnonPages:        487264 kB
Mapped:           225400 kB
Shmem:              1196 kB
Slab:              33268 kB
SReclaimable:      11868 kB
SUnreclaim:        21400 kB
KernelStack:        9104 kB
PageTables:        19340 kB
NFS_Unstable:          0 kB
Bounce:                0 kB
WritebackTmp:          0 kB
CommitLimit:      675480 kB
Committed_AS:   45977516 kB
VmallocTotal:     253952 kB
VmallocUsed:       92456 kB
VmallocChunk:      51204 kB
Time pass: 173 sec

---2015-12-18 17:09:26
MemTotal:        1350964 kB
MemFree:          105392 kB
Buffers:            8068 kB
Cached:           492408 kB
SwapCached:            0 kB
Active:           697624 kB
Inactive:         292708 kB
Active(anon):     491836 kB
Inactive(anon):     1152 kB
Active(file):     205788 kB
Inactive(file):   291556 kB
Unevictable:        1988 kB
Mlocked:               0 kB
HighTotal:        802816 kB
HighFree:          27512 kB
LowTotal:         548148 kB
LowFree:           77880 kB
SwapTotal:             0 kB
SwapFree:              0 kB
Dirty:               244 kB
Writeback:             0 kB
AnonPages:        491872 kB
Mapped:           225420 kB
Shmem:              1196 kB
Slab:              33308 kB
SReclaimable:      11868 kB
SUnreclaim:        21440 kB
KernelStack:        9104 kB
PageTables:        19356 kB
NFS_Unstable:          0 kB
Bounce:                0 kB
WritebackTmp:          0 kB
CommitLimit:      675480 kB
Committed_AS:   45990592 kB
VmallocTotal:     253952 kB
VmallocUsed:       92456 kB
VmallocChunk:      51204 kB
Time pass: 176 sec

---2015-12-18 17:09:26
MemTotal:        1350964 kB
MemFree:           90444 kB
Buffers:            8068 kB
Cached:           492888 kB
SwapCached:            0 kB
Active:           699668 kB
Inactive:         292204 kB
Active(anon):     492956 kB
Inactive(anon):     1152 kB
Active(file):     206712 kB
Inactive(file):   291052 kB
Unevictable:        1988 kB
Mlocked:               0 kB
HighTotal:        802816 kB
HighFree:          17196 kB
LowTotal:         548148 kB
LowFree:           73248 kB
SwapTotal:             0 kB
SwapFree:              0 kB
Dirty:               784 kB
Writeback:             0 kB
AnonPages:        492972 kB
Mapped:           225960 kB
Shmem:              1196 kB
Slab:              33284 kB
SReclaimable:      11868 kB
SUnreclaim:        21416 kB
KernelStack:        9120 kB
PageTables:        19388 kB
NFS_Unstable:          0 kB
Bounce:                0 kB
WritebackTmp:          0 kB
CommitLimit:      675480 kB
Committed_AS:   46002660 kB
VmallocTotal:     253952 kB
VmallocUsed:       92456 kB
VmallocChunk:      51204 kB
Time pass: 179 sec

---2015-12-18 17:09:26
MemTotal:        1350964 kB
MemFree:           79124 kB
Buffers:            8076 kB
Cached:           492892 kB
SwapCached:            0 kB
Active:           702952 kB
Inactive:         292224 kB
Active(anon):     496240 kB
Inactive(anon):     1152 kB
Active(file):     206712 kB
Inactive(file):   291072 kB
Unevictable:        1988 kB
Mlocked:               0 kB
HighTotal:        802816 kB
HighFree:           7128 kB
LowTotal:         548148 kB
LowFree:           71996 kB
SwapTotal:             0 kB
SwapFree:              0 kB
Dirty:               592 kB
Writeback:             0 kB
AnonPages:        496324 kB
Mapped:           225928 kB
Shmem:              1196 kB
Slab:              33348 kB
SReclaimable:      11868 kB
SUnreclaim:        21480 kB
KernelStack:        9112 kB
PageTables:        19396 kB
NFS_Unstable:          0 kB
Bounce:                0 kB
WritebackTmp:          0 kB
CommitLimit:      675480 kB
Committed_AS:   46013644 kB
VmallocTotal:     253952 kB
VmallocUsed:       92456 kB
VmallocChunk:      51204 kB
Time pass: 183 sec

---2015-12-18 17:09:26
MemTotal:        1350964 kB
MemFree:           75840 kB
Buffers:            8084 kB
Cached:           492908 kB
SwapCached:            0 kB
Active:           702084 kB
Inactive:         292220 kB
Active(anon):     495352 kB
Inactive(anon):     1152 kB
Active(file):     206732 kB
Inactive(file):   291068 kB
Unevictable:        1988 kB
Mlocked:               0 kB
HighTotal:        802816 kB
HighFree:           4028 kB
LowTotal:         548148 kB
LowFree:           71812 kB
SwapTotal:             0 kB
SwapFree:              0 kB
Dirty:               224 kB
Writeback:            52 kB
AnonPages:        495312 kB
Mapped:           226132 kB
Shmem:              1196 kB
Slab:              33276 kB
SReclaimable:      11868 kB
SUnreclaim:        21408 kB
KernelStack:        9080 kB
PageTables:        19416 kB
NFS_Unstable:          0 kB
Bounce:                0 kB
WritebackTmp:          0 kB
CommitLimit:      675480 kB
Committed_AS:   46016688 kB
VmallocTotal:     253952 kB
VmallocUsed:       92456 kB
VmallocChunk:      51204 kB
Time pass: 186 sec

---2015-12-18 17:09:26
MemTotal:        1350964 kB
MemFree:           75544 kB
Buffers:            8084 kB
Cached:           492908 kB
SwapCached:            0 kB
Active:           702052 kB
Inactive:         292228 kB
Active(anon):     495320 kB
Inactive(anon):     1152 kB
Active(file):     206732 kB
Inactive(file):   291076 kB
Unevictable:        1988 kB
Mlocked:               0 kB
HighTotal:        802816 kB
HighFree:           3780 kB
LowTotal:         548148 kB
LowFree:           71764 kB
SwapTotal:             0 kB
SwapFree:              0 kB
Dirty:                68 kB
Writeback:             0 kB
AnonPages:        495360 kB
Mapped:           226132 kB
Shmem:              1196 kB
Slab:              33316 kB
SReclaimable:      11868 kB
SUnreclaim:        21448 kB
KernelStack:        9080 kB
PageTables:        19416 kB
NFS_Unstable:          0 kB
Bounce:                0 kB
WritebackTmp:          0 kB
CommitLimit:      675480 kB
Committed_AS:   46016680 kB
VmallocTotal:     253952 kB
VmallocUsed:       92456 kB
VmallocChunk:      51204 kB
Time pass: 190 sec

---2015-12-18 17:09:26
MemTotal:        1350964 kB
MemFree:           75220 kB
Buffers:            8092 kB
Cached:           493120 kB
SwapCached:            0 kB
Active:           702152 kB
Inactive:         292444 kB
Active(anon):     495420 kB
Inactive(anon):     1152 kB
Active(file):     206732 kB
Inactive(file):   291292 kB
Unevictable:        1988 kB
Mlocked:               0 kB
HighTotal:        802816 kB
HighFree:           3408 kB
LowTotal:         548148 kB
LowFree:           71812 kB
SwapTotal:             0 kB
SwapFree:              0 kB
Dirty:                48 kB
Writeback:             0 kB
AnonPages:        495420 kB
Mapped:           226204 kB
Shmem:              1196 kB
Slab:              33328 kB
SReclaimable:      11868 kB
SUnreclaim:        21460 kB
KernelStack:        9064 kB
PageTables:        19412 kB
NFS_Unstable:          0 kB
Bounce:                0 kB
WritebackTmp:          0 kB
CommitLimit:      675480 kB
Committed_AS:   46016672 kB
VmallocTotal:     253952 kB
VmallocUsed:       92456 kB
VmallocChunk:      51204 kB
Time pass: 194 sec

---2015-12-18 17:09:26
MemTotal:        1350964 kB
MemFree:           70084 kB
Buffers:            8092 kB
Cached:           493928 kB
SwapCached:            0 kB
Active:           706604 kB
Inactive:         293436 kB
Active(anon):     499844 kB
Inactive(anon):     1552 kB
Active(file):     206760 kB
Inactive(file):   291884 kB
Unevictable:        1988 kB
Mlocked:               0 kB
HighTotal:        802816 kB
HighFree:           1648 kB
LowTotal:         548148 kB
LowFree:           68436 kB
SwapTotal:             0 kB
SwapFree:              0 kB
Dirty:                52 kB
Writeback:             0 kB
AnonPages:        499964 kB
Mapped:           227232 kB
Shmem:              1492 kB
Slab:              33316 kB
SReclaimable:      11868 kB
SUnreclaim:        21448 kB
KernelStack:        9136 kB
PageTables:        19436 kB
NFS_Unstable:          0 kB
Bounce:                0 kB
WritebackTmp:          0 kB
CommitLimit:      675480 kB
Committed_AS:   46028160 kB
VmallocTotal:     253952 kB
VmallocUsed:       92456 kB
VmallocChunk:      51204 kB
Time pass: 197 sec

---2015-12-18 17:09:26
MemTotal:        1350964 kB
MemFree:           63812 kB
Buffers:            8108 kB
Cached:           494136 kB
SwapCached:            0 kB
Active:           710612 kB
Inactive:         293444 kB
Active(anon):     503848 kB
Inactive(anon):     1504 kB
Active(file):     206764 kB
Inactive(file):   291940 kB
Unevictable:        1988 kB
Mlocked:               0 kB
HighTotal:        802816 kB
HighFree:           1548 kB
LowTotal:         548148 kB
LowFree:           62264 kB
SwapTotal:             0 kB
SwapFree:              0 kB
Dirty:                72 kB
Writeback:             0 kB
AnonPages:        503872 kB
Mapped:           227800 kB
Shmem:              1552 kB
Slab:              33264 kB
SReclaimable:      11868 kB
SUnreclaim:        21396 kB
KernelStack:        9200 kB
PageTables:        19488 kB
NFS_Unstable:          0 kB
Bounce:                0 kB
WritebackTmp:          0 kB
CommitLimit:      675480 kB
Committed_AS:   46033652 kB
VmallocTotal:     253952 kB
VmallocUsed:       92596 kB
VmallocChunk:      51204 kB
Time pass: 201 sec

---2015-12-18 17:09:26
MemTotal:        1350964 kB
MemFree:           62972 kB
Buffers:            8116 kB
Cached:           494148 kB
SwapCached:            0 kB
Active:           711196 kB
Inactive:         293464 kB
Active(anon):     504432 kB
Inactive(anon):     1516 kB
Active(file):     206764 kB
Inactive(file):   291948 kB
Unevictable:        1988 kB
Mlocked:               0 kB
HighTotal:        802816 kB
HighFree:           1548 kB
LowTotal:         548148 kB
LowFree:           61424 kB
SwapTotal:             0 kB
SwapFree:              0 kB
Dirty:                44 kB
Writeback:             0 kB
AnonPages:        504416 kB
Mapped:           227812 kB
Shmem:              1564 kB
Slab:              33396 kB
SReclaimable:      11868 kB
SUnreclaim:        21528 kB
KernelStack:        9200 kB
PageTables:        19488 kB
NFS_Unstable:          0 kB
Bounce:                0 kB
WritebackTmp:          0 kB
CommitLimit:      675480 kB
Committed_AS:   46034040 kB
VmallocTotal:     253952 kB
VmallocUsed:       92596 kB
VmallocChunk:      51204 kB
Time pass: 205 sec

---2015-12-18 17:09:26
MemTotal:        1350964 kB
MemFree:           58360 kB
Buffers:            8172 kB
Cached:           494296 kB
SwapCached:            0 kB
Active:           714088 kB
Inactive:         293664 kB
Active(anon):     507320 kB
Inactive(anon):     1516 kB
Active(file):     206768 kB
Inactive(file):   292148 kB
Unevictable:        1988 kB
Mlocked:               0 kB
HighTotal:        802816 kB
HighFree:           1548 kB
LowTotal:         548148 kB
LowFree:           56812 kB
SwapTotal:             0 kB
SwapFree:              0 kB
Dirty:                 0 kB
Writeback:             0 kB
AnonPages:        507176 kB
Mapped:           227888 kB
Shmem:              1564 kB
Slab:              33500 kB
SReclaimable:      11868 kB
SUnreclaim:        21632 kB
KernelStack:        9288 kB
PageTables:        19752 kB
NFS_Unstable:          0 kB
Bounce:                0 kB
WritebackTmp:          0 kB
CommitLimit:      675480 kB
Committed_AS:   46826740 kB
VmallocTotal:     253952 kB
VmallocUsed:       93616 kB
VmallocChunk:      51204 kB
Time pass: 209 sec

---2015-12-18 17:09:26
MemTotal:        1350964 kB
MemFree:           60244 kB
Buffers:            8180 kB
Cached:           494328 kB
SwapCached:            0 kB
Active:           713480 kB
Inactive:         293704 kB
Active(anon):     506712 kB
Inactive(anon):     1520 kB
Active(file):     206768 kB
Inactive(file):   292184 kB
Unevictable:        1988 kB
Mlocked:               0 kB
HighTotal:        802816 kB
HighFree:           1548 kB
LowTotal:         548148 kB
LowFree:           58696 kB
SwapTotal:             0 kB
SwapFree:              0 kB
Dirty:                12 kB
Writeback:             0 kB
AnonPages:        506580 kB
Mapped:           227864 kB
Shmem:              1568 kB
Slab:              33444 kB
SReclaimable:      11868 kB
SUnreclaim:        21576 kB
KernelStack:        9272 kB
PageTables:        19732 kB
NFS_Unstable:          0 kB
Bounce:                0 kB
WritebackTmp:          0 kB
CommitLimit:      675480 kB
Committed_AS:   46826992 kB
VmallocTotal:     253952 kB
VmallocUsed:       93616 kB
VmallocChunk:      51204 kB
Time pass: 213 sec

---2015-12-18 17:09:26
MemTotal:        1350964 kB
MemFree:           43808 kB
Buffers:            8180 kB
Cached:           495404 kB
SwapCached:            0 kB
Active:           726616 kB
Inactive:         294780 kB
Active(anon):     519848 kB
Inactive(anon):     2572 kB
Active(file):     206768 kB
Inactive(file):   292208 kB
Unevictable:        1988 kB
Mlocked:               0 kB
HighTotal:        802816 kB
HighFree:           1548 kB
LowTotal:         548148 kB
LowFree:           42260 kB
SwapTotal:             0 kB
SwapFree:              0 kB
Dirty:                16 kB
Writeback:             0 kB
AnonPages:        519876 kB
Mapped:           229012 kB
Shmem:              2620 kB
Slab:              33476 kB
SReclaimable:      11868 kB
SUnreclaim:        21608 kB
KernelStack:        9288 kB
PageTables:        19796 kB
NFS_Unstable:          0 kB
Bounce:                0 kB
WritebackTmp:          0 kB
CommitLimit:      675480 kB
Committed_AS:   46842844 kB
VmallocTotal:     253952 kB
VmallocUsed:       93616 kB
VmallocChunk:      51204 kB
Time pass: 217 sec

---2015-12-18 17:09:26
MemTotal:        1350964 kB
MemFree:           46172 kB
Buffers:            8188 kB
Cached:           495404 kB
SwapCached:            0 kB
Active:           726772 kB
Inactive:         294788 kB
Active(anon):     520004 kB
Inactive(anon):     2572 kB
Active(file):     206768 kB
Inactive(file):   292216 kB
Unevictable:        1988 kB
Mlocked:               0 kB
HighTotal:        802816 kB
HighFree:           1960 kB
LowTotal:         548148 kB
LowFree:           44212 kB
SwapTotal:             0 kB
SwapFree:              0 kB
Dirty:                20 kB
Writeback:             0 kB
AnonPages:        520428 kB
Mapped:           228888 kB
Shmem:              2620 kB
Slab:              33520 kB
SReclaimable:      11868 kB
SUnreclaim:        21652 kB
KernelStack:        9288 kB
PageTables:        19796 kB
NFS_Unstable:          0 kB
Bounce:                0 kB
WritebackTmp:          0 kB
CommitLimit:      675480 kB
Committed_AS:   46842848 kB
VmallocTotal:     253952 kB
VmallocUsed:       93616 kB
VmallocChunk:      51204 kB
Time pass: 221 sec

---2015-12-18 17:09:26
MemTotal:        1350964 kB
MemFree:           44320 kB
Buffers:            8204 kB
Cached:           495420 kB
SwapCached:            0 kB
Active:           726924 kB
Inactive:         294820 kB
Active(anon):     520156 kB
Inactive(anon):     2588 kB
Active(file):     206768 kB
Inactive(file):   292232 kB
Unevictable:        1988 kB
Mlocked:               0 kB
HighTotal:        802816 kB
HighFree:           1604 kB
LowTotal:         548148 kB
LowFree:           42716 kB
SwapTotal:             0 kB
SwapFree:              0 kB
Dirty:                 0 kB
Writeback:             0 kB
AnonPages:        520024 kB
Mapped:           229052 kB
Shmem:              2636 kB
Slab:              33500 kB
SReclaimable:      11868 kB
SUnreclaim:        21632 kB
KernelStack:        9272 kB
PageTables:        19796 kB
NFS_Unstable:          0 kB
Bounce:                0 kB
WritebackTmp:          0 kB
CommitLimit:      675480 kB
Committed_AS:   46842800 kB
VmallocTotal:     253952 kB
VmallocUsed:       93616 kB
VmallocChunk:      51204 kB
Time pass: 225 sec

---2015-12-18 17:09:26
MemTotal:        1350964 kB
MemFree:           42936 kB
Buffers:            8212 kB
Cached:           495420 kB
SwapCached:            0 kB
Active:           727816 kB
Inactive:         294828 kB
Active(anon):     521048 kB
Inactive(anon):     2588 kB
Active(file):     206768 kB
Inactive(file):   292240 kB
Unevictable:        1988 kB
Mlocked:               0 kB
HighTotal:        802816 kB
HighFree:           1604 kB
LowTotal:         548148 kB
LowFree:           41332 kB
SwapTotal:             0 kB
SwapFree:              0 kB
Dirty:                28 kB
Writeback:             0 kB
AnonPages:        521140 kB
Mapped:           229004 kB
Shmem:              2636 kB
Slab:              33456 kB
SReclaimable:      11868 kB
SUnreclaim:        21588 kB
KernelStack:        9272 kB
PageTables:        19772 kB
NFS_Unstable:          0 kB
Bounce:                0 kB
WritebackTmp:          0 kB
CommitLimit:      675480 kB
Committed_AS:   46842816 kB
VmallocTotal:     253952 kB
VmallocUsed:       93616 kB
VmallocChunk:      51204 kB
Time pass: 229 sec

---2015-12-18 17:09:26
MemTotal:        1350964 kB
MemFree:           43032 kB
Buffers:            8212 kB
Cached:           495420 kB
SwapCached:            0 kB
Active:           727616 kB
Inactive:         294828 kB
Active(anon):     520848 kB
Inactive(anon):     2588 kB
Active(file):     206768 kB
Inactive(file):   292240 kB
Unevictable:        1988 kB
Mlocked:               0 kB
HighTotal:        802816 kB
HighFree:           1600 kB
LowTotal:         548148 kB
LowFree:           41432 kB
SwapTotal:             0 kB
SwapFree:              0 kB
Dirty:                32 kB
Writeback:             0 kB
AnonPages:        521048 kB
Mapped:           229008 kB
Shmem:              2636 kB
Slab:              33520 kB
SReclaimable:      11868 kB
SUnreclaim:        21652 kB
KernelStack:        9248 kB
PageTables:        19772 kB
NFS_Unstable:          0 kB
Bounce:                0 kB
WritebackTmp:          0 kB
CommitLimit:      675480 kB
Committed_AS:   46842792 kB
VmallocTotal:     253952 kB
VmallocUsed:       93616 kB
VmallocChunk:      51204 kB
Time pass: 233 sec

---2015-12-18 17:09:26
MemTotal:        1350964 kB
MemFree:           43248 kB
Buffers:            8228 kB
Cached:           495420 kB
SwapCached:            0 kB
Active:           727592 kB
Inactive:         294844 kB
Active(anon):     520824 kB
Inactive(anon):     2588 kB
Active(file):     206768 kB
Inactive(file):   292256 kB
Unevictable:        1988 kB
Mlocked:               0 kB
HighTotal:        802816 kB
HighFree:           1548 kB
LowTotal:         548148 kB
LowFree:           41700 kB
SwapTotal:             0 kB
SwapFree:              0 kB
Dirty:                48 kB
Writeback:             0 kB
AnonPages:        520872 kB
Mapped:           229008 kB
Shmem:              2636 kB
Slab:              33456 kB
SReclaimable:      11868 kB
SUnreclaim:        21588 kB
KernelStack:        9248 kB
PageTables:        19772 kB
NFS_Unstable:          0 kB
Bounce:                0 kB
WritebackTmp:          0 kB
CommitLimit:      675480 kB
Committed_AS:   46842792 kB
VmallocTotal:     253952 kB
VmallocUsed:       93616 kB
VmallocChunk:      51204 kB
Time pass: 237 sec

---2015-12-18 17:09:26
MemTotal:        1350964 kB
MemFree:           43896 kB
Buffers:            8236 kB
Cached:           495420 kB
SwapCached:            0 kB
Active:           727784 kB
Inactive:         294852 kB
Active(anon):     521016 kB
Inactive(anon):     2588 kB
Active(file):     206768 kB
Inactive(file):   292264 kB
Unevictable:        1988 kB
Mlocked:               0 kB
HighTotal:        802816 kB
HighFree:           1528 kB
LowTotal:         548148 kB
LowFree:           42368 kB
SwapTotal:             0 kB
SwapFree:              0 kB
Dirty:                32 kB
Writeback:             0 kB
AnonPages:        520848 kB
Mapped:           229008 kB
Shmem:              2636 kB
Slab:              33512 kB
SReclaimable:      11868 kB
SUnreclaim:        21644 kB
KernelStack:        9264 kB
PageTables:        19772 kB
NFS_Unstable:          0 kB
Bounce:                0 kB
WritebackTmp:          0 kB
CommitLimit:      675480 kB
Committed_AS:   46842820 kB
VmallocTotal:     253952 kB
VmallocUsed:       93616 kB
VmallocChunk:      51204 kB
Time pass: 241 sec

---2015-12-18 17:09:26
MemTotal:        1350964 kB
MemFree:           43928 kB
Buffers:            8236 kB
Cached:           495460 kB
SwapCached:            0 kB
Active:           727044 kB
Inactive:         294892 kB
Active(anon):     520276 kB
Inactive(anon):     2628 kB
Active(file):     206768 kB
Inactive(file):   292264 kB
Unevictable:        1988 kB
Mlocked:               0 kB
HighTotal:        802816 kB
HighFree:           1580 kB
LowTotal:         548148 kB
LowFree:           42348 kB
SwapTotal:             0 kB
SwapFree:              0 kB
Dirty:                36 kB
Writeback:             0 kB
AnonPages:        520160 kB
Mapped:           229096 kB
Shmem:              2676 kB
Slab:              33388 kB
SReclaimable:      11868 kB
SUnreclaim:        21520 kB
KernelStack:        9264 kB
PageTables:        19792 kB
NFS_Unstable:          0 kB
Bounce:                0 kB
WritebackTmp:          0 kB
CommitLimit:      675480 kB
Committed_AS:   46841940 kB
VmallocTotal:     253952 kB
VmallocUsed:       93616 kB
VmallocChunk:      51204 kB
Time pass: 244 sec

---2015-12-18 17:09:26
MemTotal:        1350964 kB
MemFree:           43960 kB
Buffers:            8268 kB
Cached:           495576 kB
SwapCached:            0 kB
Active:           727976 kB
Inactive:         295028 kB
Active(anon):     521196 kB
Inactive(anon):     2628 kB
Active(file):     206780 kB
Inactive(file):   292400 kB
Unevictable:        1988 kB
Mlocked:               0 kB
HighTotal:        802816 kB
HighFree:           1548 kB
LowTotal:         548148 kB
LowFree:           42412 kB
SwapTotal:             0 kB
SwapFree:              0 kB
Dirty:                88 kB
Writeback:             0 kB
AnonPages:        521296 kB
Mapped:           229120 kB
Shmem:              2676 kB
Slab:              33412 kB
SReclaimable:      11868 kB
SUnreclaim:        21544 kB
KernelStack:        9264 kB
PageTables:        19792 kB
NFS_Unstable:          0 kB
Bounce:                0 kB
WritebackTmp:          0 kB
CommitLimit:      675480 kB
Committed_AS:   46842924 kB
VmallocTotal:     253952 kB
VmallocUsed:       93616 kB
VmallocChunk:      51204 kB
Time pass: 248 sec

---2015-12-18 17:09:26
MemTotal:        1350964 kB
MemFree:           44356 kB
Buffers:            8268 kB
Cached:           495580 kB
SwapCached:            0 kB
Active:           727396 kB
Inactive:         295032 kB
Active(anon):     520616 kB
Inactive(anon):     2632 kB
Active(file):     206780 kB
Inactive(file):   292400 kB
Unevictable:        1988 kB
Mlocked:               0 kB
HighTotal:        802816 kB
HighFree:           2184 kB
LowTotal:         548148 kB
LowFree:           42172 kB
SwapTotal:             0 kB
SwapFree:              0 kB
Dirty:                 4 kB
Writeback:             0 kB
AnonPages:        520592 kB
Mapped:           229124 kB
Shmem:              2680 kB
Slab:              33488 kB
SReclaimable:      11868 kB
SUnreclaim:        21620 kB
KernelStack:        9264 kB
PageTables:        19796 kB
NFS_Unstable:          0 kB
Bounce:                0 kB
WritebackTmp:          0 kB
CommitLimit:      675480 kB
Committed_AS:   46842052 kB
VmallocTotal:     253952 kB
VmallocUsed:       93616 kB
VmallocChunk:      51204 kB
Time pass: 251 sec

---2015-12-18 17:09:26
MemTotal:        1350964 kB
MemFree:           43148 kB
Buffers:            8276 kB
Cached:           495588 kB
SwapCached:            0 kB
Active:           728112 kB
Inactive:         295048 kB
Active(anon):     521332 kB
Inactive(anon):     2640 kB
Active(file):     206780 kB
Inactive(file):   292408 kB
Unevictable:        1988 kB
Mlocked:               0 kB
HighTotal:        802816 kB
HighFree:           1604 kB
LowTotal:         548148 kB
LowFree:           41544 kB
SwapTotal:             0 kB
SwapFree:              0 kB
Dirty:                56 kB
Writeback:             0 kB
AnonPages:        521584 kB
Mapped:           229132 kB
Shmem:              2688 kB
Slab:              33472 kB
SReclaimable:      11868 kB
SUnreclaim:        21604 kB
KernelStack:        9264 kB
PageTables:        19796 kB
NFS_Unstable:          0 kB
Bounce:                0 kB
WritebackTmp:          0 kB
CommitLimit:      675480 kB
Committed_AS:   46842860 kB
VmallocTotal:     253952 kB
VmallocUsed:       93616 kB
VmallocChunk:      51204 kB
Time pass: 255 sec

---2015-12-18 17:09:26
MemTotal:        1350964 kB
MemFree:           42536 kB
Buffers:            8284 kB
Cached:           495588 kB
SwapCached:            0 kB
Active:           728136 kB
Inactive:         295056 kB
Active(anon):     521356 kB
Inactive(anon):     2640 kB
Active(file):     206780 kB
Inactive(file):   292416 kB
Unevictable:        1988 kB
Mlocked:               0 kB
HighTotal:        802816 kB
HighFree:           1584 kB
LowTotal:         548148 kB
LowFree:           40952 kB
SwapTotal:             0 kB
SwapFree:              0 kB
Dirty:                 8 kB
Writeback:             0 kB
AnonPages:        521524 kB
Mapped:           229132 kB
Shmem:              2688 kB
Slab:              33436 kB
SReclaimable:      11868 kB
SUnreclaim:        21568 kB
KernelStack:        9264 kB
PageTables:        19792 kB
NFS_Unstable:          0 kB
Bounce:                0 kB
WritebackTmp:          0 kB
CommitLimit:      675480 kB
Committed_AS:   46842876 kB
VmallocTotal:     253952 kB
VmallocUsed:       93616 kB
VmallocChunk:      51204 kB
Time pass: 258 sec

---2015-12-18 17:09:26
MemTotal:        1350964 kB
MemFree:           43952 kB
Buffers:            8300 kB
Cached:           495576 kB
SwapCached:            0 kB
Active:           727008 kB
Inactive:         295056 kB
Active(anon):     520224 kB
Inactive(anon):     2640 kB
Active(file):     206784 kB
Inactive(file):   292416 kB
Unevictable:        1988 kB
Mlocked:               0 kB
HighTotal:        802816 kB
HighFree:           1648 kB
LowTotal:         548148 kB
LowFree:           42304 kB
SwapTotal:             0 kB
SwapFree:              0 kB
Dirty:                12 kB
Writeback:             0 kB
AnonPages:        520276 kB
Mapped:           228984 kB
Shmem:              2688 kB
Slab:              33460 kB
SReclaimable:      11868 kB
SUnreclaim:        21592 kB
KernelStack:        9256 kB
PageTables:        19792 kB
NFS_Unstable:          0 kB
Bounce:                0 kB
WritebackTmp:          0 kB
CommitLimit:      675480 kB
Committed_AS:   46842052 kB
VmallocTotal:     253952 kB
VmallocUsed:       93616 kB
VmallocChunk:      51204 kB
Time pass: 262 sec

---2015-12-18 17:09:26
MemTotal:        1350964 kB
MemFree:           43728 kB
Buffers:            8300 kB
Cached:           495592 kB
SwapCached:            0 kB
Active:           727544 kB
Inactive:         295068 kB
Active(anon):     520756 kB
Inactive(anon):     2640 kB
Active(file):     206788 kB
Inactive(file):   292428 kB
Unevictable:        1988 kB
Mlocked:               0 kB
HighTotal:        802816 kB
HighFree:           1796 kB
LowTotal:         548148 kB
LowFree:           41932 kB
SwapTotal:             0 kB
SwapFree:              0 kB
Dirty:                64 kB
Writeback:             0 kB
AnonPages:        520608 kB
Mapped:           228984 kB
Shmem:              2688 kB
Slab:              33460 kB
SReclaimable:      11868 kB
SUnreclaim:        21592 kB
KernelStack:        9264 kB
PageTables:        19796 kB
NFS_Unstable:          0 kB
Bounce:                0 kB
WritebackTmp:          0 kB
CommitLimit:      675480 kB
Committed_AS:   46842060 kB
VmallocTotal:     253952 kB
VmallocUsed:       93616 kB
VmallocChunk:      51204 kB
Time pass: 265 sec

---2015-12-18 17:09:26
MemTotal:        1350964 kB
MemFree:           42956 kB
Buffers:            8308 kB
Cached:           495592 kB
SwapCached:            0 kB
Active:           728344 kB
Inactive:         295076 kB
Active(anon):     521556 kB
Inactive(anon):     2640 kB
Active(file):     206788 kB
Inactive(file):   292436 kB
Unevictable:        1988 kB
Mlocked:               0 kB
HighTotal:        802816 kB
HighFree:           1580 kB
LowTotal:         548148 kB
LowFree:           41376 kB
SwapTotal:             0 kB
SwapFree:              0 kB
Dirty:                44 kB
Writeback:             0 kB
AnonPages:        521564 kB
Mapped:           228984 kB
Shmem:              2688 kB
Slab:              33536 kB
SReclaimable:      11868 kB
SUnreclaim:        21668 kB
KernelStack:        9264 kB
PageTables:        19796 kB
NFS_Unstable:          0 kB
Bounce:                0 kB
WritebackTmp:          0 kB
CommitLimit:      675480 kB
Committed_AS:   46842992 kB
VmallocTotal:     253952 kB
VmallocUsed:       93616 kB
VmallocChunk:      51204 kB
Time pass: 269 sec

---2015-12-18 17:09:26
MemTotal:        1350964 kB
MemFree:           43008 kB
Buffers:            8316 kB
Cached:           495592 kB
SwapCached:            0 kB
Active:           728692 kB
Inactive:         295084 kB
Active(anon):     521904 kB
Inactive(anon):     2640 kB
Active(file):     206788 kB
Inactive(file):   292444 kB
Unevictable:        1988 kB
Mlocked:               0 kB
HighTotal:        802816 kB
HighFree:           1424 kB
LowTotal:         548148 kB
LowFree:           41584 kB
SwapTotal:             0 kB
SwapFree:              0 kB
Dirty:                 0 kB
Writeback:             0 kB
AnonPages:        521944 kB
Mapped:           229132 kB
Shmem:              2688 kB
Slab:              33592 kB
SReclaimable:      11868 kB
SUnreclaim:        21724 kB
KernelStack:        9264 kB
PageTables:        19800 kB
NFS_Unstable:          0 kB
Bounce:                0 kB
WritebackTmp:          0 kB
CommitLimit:      675480 kB
Committed_AS:   46842992 kB
VmallocTotal:     253952 kB
VmallocUsed:       93616 kB
VmallocChunk:      51204 kB
Time pass: 273 sec

---2015-12-18 17:09:26
MemTotal:        1350964 kB
MemFree:           43456 kB
Buffers:            8340 kB
Cached:           495584 kB
SwapCached:            0 kB
Active:           727440 kB
Inactive:         295100 kB
Active(anon):     520652 kB
Inactive(anon):     2640 kB
Active(file):     206788 kB
Inactive(file):   292460 kB
Unevictable:        1988 kB
Mlocked:               0 kB
HighTotal:        802816 kB
HighFree:           1824 kB
LowTotal:         548148 kB
LowFree:           41632 kB
SwapTotal:             0 kB
SwapFree:              0 kB
Dirty:                 8 kB
Writeback:             0 kB
AnonPages:        520732 kB
Mapped:           229136 kB
Shmem:              2688 kB
Slab:              33424 kB
SReclaimable:      11868 kB
SUnreclaim:        21556 kB
KernelStack:        9264 kB
PageTables:        19796 kB
NFS_Unstable:          0 kB
Bounce:                0 kB
WritebackTmp:          0 kB
CommitLimit:      675480 kB
Committed_AS:   46842112 kB
VmallocTotal:     253952 kB
VmallocUsed:       93616 kB
VmallocChunk:      51204 kB
Time pass: 279 sec

---2015-12-18 17:09:26
MemTotal:        1350964 kB
MemFree:           42880 kB
Buffers:            8348 kB
Cached:           495584 kB
SwapCached:            0 kB
Active:           728128 kB
Inactive:         295108 kB
Active(anon):     521340 kB
Inactive(anon):     2640 kB
Active(file):     206788 kB
Inactive(file):   292468 kB
Unevictable:        1988 kB
Mlocked:               0 kB
HighTotal:        802816 kB
HighFree:           1584 kB
LowTotal:         548148 kB
LowFree:           41296 kB
SwapTotal:             0 kB
SwapFree:              0 kB
Dirty:                 0 kB
Writeback:             0 kB
AnonPages:        521328 kB
Mapped:           229132 kB
Shmem:              2688 kB
Slab:              33448 kB
SReclaimable:      11868 kB
SUnreclaim:        21580 kB
KernelStack:        9264 kB
PageTables:        19796 kB
NFS_Unstable:          0 kB
Bounce:                0 kB
WritebackTmp:          0 kB
CommitLimit:      675480 kB
Committed_AS:   46843072 kB
VmallocTotal:     253952 kB
VmallocUsed:       93616 kB
VmallocChunk:      51204 kB
Time pass: 283 sec

---2015-12-18 17:09:26
MemTotal:        1350964 kB
MemFree:           41892 kB
Buffers:            8364 kB
Cached:           495592 kB
SwapCached:            0 kB
Active:           729072 kB
Inactive:         295132 kB
Active(anon):     522284 kB
Inactive(anon):     2640 kB
Active(file):     206788 kB
Inactive(file):   292492 kB
Unevictable:        1988 kB
Mlocked:               0 kB
HighTotal:        802816 kB
HighFree:           1548 kB
LowTotal:         548148 kB
LowFree:           40344 kB
SwapTotal:             0 kB
SwapFree:              0 kB
Dirty:                76 kB
Writeback:             0 kB
AnonPages:        522184 kB
Mapped:           229084 kB
Shmem:              2688 kB
Slab:              33408 kB
SReclaimable:      11868 kB
SUnreclaim:        21540 kB
KernelStack:        9256 kB
PageTables:        19772 kB
NFS_Unstable:          0 kB
Bounce:                0 kB
WritebackTmp:          0 kB
CommitLimit:      675480 kB
Committed_AS:   46843068 kB
VmallocTotal:     253952 kB
VmallocUsed:       93616 kB
VmallocChunk:      51204 kB
Time pass: 287 sec

---2015-12-18 17:09:26
MemTotal:        1350964 kB
MemFree:           42184 kB
Buffers:            8364 kB
Cached:           495596 kB
SwapCached:            0 kB
Active:           728964 kB
Inactive:         295132 kB
Active(anon):     522172 kB
Inactive(anon):     2640 kB
Active(file):     206792 kB
Inactive(file):   292492 kB
Unevictable:        1988 kB
Mlocked:               0 kB
HighTotal:        802816 kB
HighFree:           1584 kB
LowTotal:         548148 kB
LowFree:           40600 kB
SwapTotal:             0 kB
SwapFree:              0 kB
Dirty:                 4 kB
Writeback:             0 kB
AnonPages:        522292 kB
Mapped:           229152 kB
Shmem:              2688 kB
Slab:              33472 kB
SReclaimable:      11868 kB
SUnreclaim:        21604 kB
KernelStack:        9280 kB
PageTables:        19800 kB
NFS_Unstable:          0 kB
Bounce:                0 kB
WritebackTmp:          0 kB
CommitLimit:      675480 kB
Committed_AS:   46843104 kB
VmallocTotal:     253952 kB
VmallocUsed:       93616 kB
VmallocChunk:      51204 kB
Time pass: 290 sec

---2015-12-18 17:09:26
MemTotal:        1350964 kB
MemFree:           42176 kB
Buffers:            8372 kB
Cached:           495596 kB
SwapCached:            0 kB
Active:           729352 kB
Inactive:         295140 kB
Active(anon):     522560 kB
Inactive(anon):     2640 kB
Active(file):     206792 kB
Inactive(file):   292500 kB
Unevictable:        1988 kB
Mlocked:               0 kB
HighTotal:        802816 kB
HighFree:           1556 kB
LowTotal:         548148 kB
LowFree:           40620 kB
SwapTotal:             0 kB
SwapFree:              0 kB
Dirty:                40 kB
Writeback:             0 kB
AnonPages:        521744 kB
Mapped:           229152 kB
Shmem:              2688 kB
Slab:              33412 kB
SReclaimable:      11868 kB
SUnreclaim:        21544 kB
KernelStack:        9272 kB
PageTables:        19796 kB
NFS_Unstable:          0 kB
Bounce:                0 kB
WritebackTmp:          0 kB
CommitLimit:      675480 kB
Committed_AS:   46843152 kB
VmallocTotal:     253952 kB
VmallocUsed:       93616 kB
VmallocChunk:      51204 kB
Time pass: 293 sec

---2015-12-18 17:09:26
MemTotal:        1350964 kB
MemFree:           42472 kB
Buffers:            8372 kB
Cached:           495596 kB
SwapCached:            0 kB
Active:           729380 kB
Inactive:         295140 kB
Active(anon):     522588 kB
Inactive(anon):     2640 kB
Active(file):     206792 kB
Inactive(file):   292500 kB
Unevictable:        1988 kB
Mlocked:               0 kB
HighTotal:        802816 kB
HighFree:           1600 kB
LowTotal:         548148 kB
LowFree:           40872 kB
SwapTotal:             0 kB
SwapFree:              0 kB
Dirty:                 8 kB
Writeback:             0 kB
AnonPages:        522716 kB
Mapped:           229152 kB
Shmem:              2688 kB
Slab:              33404 kB
SReclaimable:      11868 kB
SUnreclaim:        21536 kB
KernelStack:        9272 kB
PageTables:        19796 kB
NFS_Unstable:          0 kB
Bounce:                0 kB
WritebackTmp:          0 kB
CommitLimit:      675480 kB
Committed_AS:   46843232 kB
VmallocTotal:     253952 kB
VmallocUsed:       93616 kB
VmallocChunk:      51204 kB
Time pass: 297 sec

---2015-12-18 17:09:26
MemTotal:        1350964 kB
MemFree:           41780 kB
Buffers:            8380 kB
Cached:           495596 kB
SwapCached:            0 kB
Active:           728852 kB
Inactive:         295148 kB
Active(anon):     522060 kB
Inactive(anon):     2640 kB
Active(file):     206792 kB
Inactive(file):   292508 kB
Unevictable:        1988 kB
Mlocked:               0 kB
HighTotal:        802816 kB
HighFree:           1548 kB
LowTotal:         548148 kB
LowFree:           40232 kB
SwapTotal:             0 kB
SwapFree:              0 kB
Dirty:                24 kB
Writeback:             0 kB
AnonPages:        521944 kB
Mapped:           229152 kB
Shmem:              2688 kB
Slab:              33488 kB
SReclaimable:      11868 kB
SUnreclaim:        21620 kB
KernelStack:        9272 kB
PageTables:        19796 kB
NFS_Unstable:          0 kB
Bounce:                0 kB
WritebackTmp:          0 kB
CommitLimit:      675480 kB
Committed_AS:   46843148 kB
VmallocTotal:     253952 kB
VmallocUsed:       93616 kB
VmallocChunk:      51204 kB
Time pass: 301 sec

---2015-12-18 17:09:26
MemTotal:        1350964 kB
MemFree:           43188 kB
Buffers:            8396 kB
Cached:           495636 kB
SwapCached:            0 kB
Active:           728940 kB
Inactive:         295204 kB
Active(anon):     522148 kB
Inactive(anon):     2680 kB
Active(file):     206792 kB
Inactive(file):   292524 kB
Unevictable:        1988 kB
Mlocked:               0 kB
HighTotal:        802816 kB
HighFree:           1900 kB
LowTotal:         548148 kB
LowFree:           41288 kB
SwapTotal:             0 kB
SwapFree:              0 kB
Dirty:                 0 kB
Writeback:             0 kB
AnonPages:        522084 kB
Mapped:           229192 kB
Shmem:              2728 kB
Slab:              33528 kB
SReclaimable:      11868 kB
SUnreclaim:        21660 kB
KernelStack:        9264 kB
PageTables:        19792 kB
NFS_Unstable:          0 kB
Bounce:                0 kB
WritebackTmp:          0 kB
CommitLimit:      675480 kB
Committed_AS:   46843128 kB
VmallocTotal:     253952 kB
VmallocUsed:       93616 kB
VmallocChunk:      51204 kB
Time pass: 304 sec

---2015-12-18 17:09:26
MemTotal:        1350964 kB
MemFree:           43920 kB
Buffers:            8404 kB
Cached:           495636 kB
SwapCached:            0 kB
Active:           728124 kB
Inactive:         295212 kB
Active(anon):     521332 kB
Inactive(anon):     2680 kB
Active(file):     206792 kB
Inactive(file):   292532 kB
Unevictable:        1988 kB
Mlocked:               0 kB
HighTotal:        802816 kB
HighFree:           1528 kB
LowTotal:         548148 kB
LowFree:           42392 kB
SwapTotal:             0 kB
SwapFree:              0 kB
Dirty:                40 kB
Writeback:             0 kB
AnonPages:        521320 kB
Mapped:           229192 kB
Shmem:              2728 kB
Slab:              33504 kB
SReclaimable:      11868 kB
SUnreclaim:        21636 kB
KernelStack:        9264 kB
PageTables:        19792 kB
NFS_Unstable:          0 kB
Bounce:                0 kB
WritebackTmp:          0 kB
CommitLimit:      675480 kB
Committed_AS:   46843132 kB
VmallocTotal:     253952 kB
VmallocUsed:       93616 kB
VmallocChunk:      51204 kB
Time pass: 308 sec

---2015-12-18 17:09:26
MemTotal:        1350964 kB
MemFree:           43532 kB
Buffers:            8404 kB
Cached:           495636 kB
SwapCached:            0 kB
Active:           727808 kB
Inactive:         295212 kB
Active(anon):     521016 kB
Inactive(anon):     2680 kB
Active(file):     206792 kB
Inactive(file):   292532 kB
Unevictable:        1988 kB
Mlocked:               0 kB
HighTotal:        802816 kB
HighFree:           1576 kB
LowTotal:         548148 kB
LowFree:           41956 kB
SwapTotal:             0 kB
SwapFree:              0 kB
Dirty:                44 kB
Writeback:             0 kB
AnonPages:        521068 kB
Mapped:           229192 kB
Shmem:              2728 kB
Slab:              33484 kB
SReclaimable:      11876 kB
SUnreclaim:        21608 kB
KernelStack:        9264 kB
PageTables:        19792 kB
NFS_Unstable:          0 kB
Bounce:                0 kB
WritebackTmp:          0 kB
CommitLimit:      675480 kB
Committed_AS:   46843124 kB
VmallocTotal:     253952 kB
VmallocUsed:       93616 kB
VmallocChunk:      51204 kB
Time pass: 311 sec

---2015-12-18 17:09:26
MemTotal:        1350964 kB
MemFree:           42184 kB
Buffers:            8428 kB
Cached:           495640 kB
SwapCached:            0 kB
Active:           728316 kB
Inactive:         295236 kB
Active(anon):     521520 kB
Inactive(anon):     2680 kB
Active(file):     206796 kB
Inactive(file):   292556 kB
Unevictable:        1988 kB
Mlocked:               0 kB
HighTotal:        802816 kB
HighFree:           1604 kB
LowTotal:         548148 kB
LowFree:           40580 kB
SwapTotal:             0 kB
SwapFree:              0 kB
Dirty:                56 kB
Writeback:             0 kB
AnonPages:        521644 kB
Mapped:           229192 kB
Shmem:              2728 kB
Slab:              33432 kB
SReclaimable:      11876 kB
SUnreclaim:        21556 kB
KernelStack:        9264 kB
PageTables:        19792 kB
NFS_Unstable:          0 kB
Bounce:                0 kB
WritebackTmp:          0 kB
CommitLimit:      675480 kB
Committed_AS:   46843136 kB
VmallocTotal:     253952 kB
VmallocUsed:       93616 kB
VmallocChunk:      51204 kB
Time pass: 315 sec

---2015-12-18 17:09:26
MemTotal:        1350964 kB
MemFree:           44904 kB
Buffers:            8428 kB
Cached:           495640 kB
SwapCached:            0 kB
Active:           727608 kB
Inactive:         295236 kB
Active(anon):     520812 kB
Inactive(anon):     2680 kB
Active(file):     206796 kB
Inactive(file):   292556 kB
Unevictable:        1988 kB
Mlocked:               0 kB
HighTotal:        802816 kB
HighFree:           1704 kB
LowTotal:         548148 kB
LowFree:           43200 kB
SwapTotal:             0 kB
SwapFree:              0 kB
Dirty:                56 kB
Writeback:             0 kB
AnonPages:        520832 kB
Mapped:           229192 kB
Shmem:              2728 kB
Slab:              33496 kB
SReclaimable:      11876 kB
SUnreclaim:        21620 kB
KernelStack:        9264 kB
PageTables:        19792 kB
NFS_Unstable:          0 kB
Bounce:                0 kB
WritebackTmp:          0 kB
CommitLimit:      675480 kB
Committed_AS:   46843132 kB
VmallocTotal:     253952 kB
VmallocUsed:       93616 kB
VmallocChunk:      51204 kB
Time pass: 319 sec

---2015-12-18 17:09:26
MemTotal:        1350964 kB
MemFree:           43120 kB
Buffers:            8436 kB
Cached:           495640 kB
SwapCached:            0 kB
Active:           728320 kB
Inactive:         295244 kB
Active(anon):     521524 kB
Inactive(anon):     2680 kB
Active(file):     206796 kB
Inactive(file):   292564 kB
Unevictable:        1988 kB
Mlocked:               0 kB
HighTotal:        802816 kB
HighFree:           1548 kB
LowTotal:         548148 kB
LowFree:           41572 kB
SwapTotal:             0 kB
SwapFree:              0 kB
Dirty:                40 kB
Writeback:             0 kB
AnonPages:        521468 kB
Mapped:           229044 kB
Shmem:              2728 kB
Slab:              33508 kB
SReclaimable:      11876 kB
SUnreclaim:        21632 kB
KernelStack:        9264 kB
PageTables:        19788 kB
NFS_Unstable:          0 kB
Bounce:                0 kB
WritebackTmp:          0 kB
CommitLimit:      675480 kB
Committed_AS:   46843140 kB
VmallocTotal:     253952 kB
VmallocUsed:       93616 kB
VmallocChunk:      51204 kB
Time pass: 322 sec

---2015-12-18 17:09:26
MemTotal:        1350964 kB
MemFree:           43652 kB
Buffers:            8444 kB
Cached:           495640 kB
SwapCached:            0 kB
Active:           727660 kB
Inactive:         295252 kB
Active(anon):     520864 kB
Inactive(anon):     2680 kB
Active(file):     206796 kB
Inactive(file):   292572 kB
Unevictable:        1988 kB
Mlocked:               0 kB
HighTotal:        802816 kB
HighFree:           1548 kB
LowTotal:         548148 kB
LowFree:           42104 kB
SwapTotal:             0 kB
SwapFree:              0 kB
Dirty:                12 kB
Writeback:             0 kB
AnonPages:        521028 kB
Mapped:           229192 kB
Shmem:              2728 kB
Slab:              33468 kB
SReclaimable:      11876 kB
SUnreclaim:        21592 kB
KernelStack:        9264 kB
PageTables:        19792 kB
NFS_Unstable:          0 kB
Bounce:                0 kB
WritebackTmp:          0 kB
CommitLimit:      675480 kB
Committed_AS:   46842628 kB
VmallocTotal:     253952 kB
VmallocUsed:       93616 kB
VmallocChunk:      51204 kB
Time pass: 326 sec

---2015-12-18 17:09:26
MemTotal:        1350964 kB
MemFree:           43668 kB
Buffers:            8444 kB
Cached:           495640 kB
SwapCached:            0 kB
Active:           727544 kB
Inactive:         295252 kB
Active(anon):     520748 kB
Inactive(anon):     2680 kB
Active(file):     206796 kB
Inactive(file):   292572 kB
Unevictable:        1988 kB
Mlocked:               0 kB
HighTotal:        802816 kB
HighFree:           1504 kB
LowTotal:         548148 kB
LowFree:           42164 kB
SwapTotal:             0 kB
SwapFree:              0 kB
Dirty:                16 kB
Writeback:             0 kB
AnonPages:        521052 kB
Mapped:           229192 kB
