---2015-11-23 15:19:04
MemTotal:        1745540 kB
MemFree:           45428 kB
Buffers:            9024 kB
Cached:           485272 kB
SwapCached:        23440 kB
Active:           655716 kB
Inactive:         670420 kB
Active(anon):     417052 kB
Inactive(anon):   420432 kB
Active(file):     238664 kB
Inactive(file):   249988 kB
Unevictable:        3816 kB
Mlocked:               0 kB
HighTotal:       1217536 kB
HighFree:          20616 kB
LowTotal:         528004 kB
LowFree:           24812 kB
SwapTotal:       1310716 kB
SwapFree:         890820 kB
Dirty:                 0 kB
Writeback:             0 kB
AnonPages:        817300 kB
Mapped:           257588 kB
Shmem:              1828 kB
Slab:              56288 kB
SReclaimable:      15636 kB
SUnreclaim:        40652 kB
KernelStack:       15072 kB
PageTables:        55452 kB
NFS_Unstable:          0 kB
Bounce:                0 kB
WritebackTmp:          0 kB
CommitLimit:     2183484 kB
Committed_AS:   134312224 kB
VmallocTotal:     311296 kB
VmallocUsed:       43580 kB
VmallocChunk:     145420 kB
Time pass: 3 sec

---2015-11-23 15:19:04
MemTotal:        1745540 kB
MemFree:           44340 kB
Buffers:            9024 kB
Cached:           486136 kB
SwapCached:        23440 kB
Active:           655828 kB
Inactive:         671236 kB
Active(anon):     417128 kB
Inactive(anon):   420420 kB
Active(file):     238700 kB
Inactive(file):   250816 kB
Unevictable:        3816 kB
Mlocked:               0 kB
HighTotal:       1217536 kB
HighFree:          19512 kB
LowTotal:         528004 kB
LowFree:           24828 kB
SwapTotal:       1310716 kB
SwapFree:         890820 kB
Dirty:                 0 kB
Writeback:             0 kB
AnonPages:        817376 kB
Mapped:           257648 kB
Shmem:              1828 kB
Slab:              56284 kB
SReclaimable:      15636 kB
SUnreclaim:        40648 kB
KernelStack:       15056 kB
PageTables:        55452 kB
NFS_Unstable:          0 kB
Bounce:                0 kB
WritebackTmp:          0 kB
CommitLimit:     2183484 kB
Committed_AS:   134312264 kB
VmallocTotal:     311296 kB
VmallocUsed:       43580 kB
VmallocChunk:     145420 kB
Time pass: 7 sec

---2015-11-23 15:19:04
MemTotal:        1745540 kB
MemFree:           44272 kB
Buffers:            9032 kB
Cached:           486128 kB
SwapCached:        23440 kB
Active:           655876 kB
Inactive:         671232 kB
Active(anon):     417176 kB
Inactive(anon):   420416 kB
Active(file):     238700 kB
Inactive(file):   250816 kB
Unevictable:        3816 kB
Mlocked:               0 kB
HighTotal:       1217536 kB
HighFree:          19444 kB
LowTotal:         528004 kB
LowFree:           24828 kB
SwapTotal:       1310716 kB
SwapFree:         890828 kB
Dirty:                 0 kB
Writeback:             0 kB
AnonPages:        817432 kB
Mapped:           257648 kB
Shmem:              1828 kB
Slab:              56280 kB
SReclaimable:      15636 kB
SUnreclaim:        40644 kB
KernelStack:       15056 kB
PageTables:        55452 kB
NFS_Unstable:          0 kB
Bounce:                0 kB
WritebackTmp:          0 kB
CommitLimit:     2183484 kB
Committed_AS:   134312344 kB
VmallocTotal:     311296 kB
VmallocUsed:       43580 kB
VmallocChunk:     145420 kB
Time pass: 11 sec

---2015-11-23 15:19:04
MemTotal:        1745540 kB
MemFree:           55428 kB
Buffers:            9100 kB
Cached:           484524 kB
SwapCached:        23848 kB
Active:           653600 kB
Inactive:         663704 kB
Active(anon):     414788 kB
Inactive(anon):   414536 kB
Active(file):     238812 kB
Inactive(file):   249168 kB
Unevictable:        3816 kB
Mlocked:               0 kB
HighTotal:       1217536 kB
HighFree:          27244 kB
LowTotal:         528004 kB
LowFree:           28184 kB
SwapTotal:       1310716 kB
SwapFree:         892940 kB
Dirty:                32 kB
Writeback:             0 kB
AnonPages:        809216 kB
Mapped:           254976 kB
Shmem:              1828 kB
Slab:              56228 kB
SReclaimable:      15636 kB
SUnreclaim:        40592 kB
KernelStack:       14888 kB
PageTables:        54344 kB
NFS_Unstable:          0 kB
Bounce:                0 kB
WritebackTmp:          0 kB
CommitLimit:     2183484 kB
Committed_AS:   131306304 kB
VmallocTotal:     311296 kB
VmallocUsed:       42560 kB
VmallocChunk:     145420 kB
Time pass: 15 sec

---2015-11-23 15:19:04
MemTotal:        1745540 kB
MemFree:           55332 kB
Buffers:            9108 kB
Cached:           484516 kB
SwapCached:        23848 kB
Active:           653588 kB
Inactive:         663704 kB
Active(anon):     414776 kB
Inactive(anon):   414536 kB
Active(file):     238812 kB
Inactive(file):   249168 kB
Unevictable:        3816 kB
Mlocked:               0 kB
HighTotal:       1217536 kB
HighFree:          27156 kB
LowTotal:         528004 kB
LowFree:           28176 kB
SwapTotal:       1310716 kB
SwapFree:         892940 kB
Dirty:                 0 kB
Writeback:             0 kB
AnonPages:        809212 kB
Mapped:           254976 kB
Shmem:              1828 kB
Slab:              56220 kB
SReclaimable:      15636 kB
SUnreclaim:        40584 kB
KernelStack:       14864 kB
PageTables:        54328 kB
NFS_Unstable:          0 kB
Bounce:                0 kB
WritebackTmp:          0 kB
CommitLimit:     2183484 kB
Committed_AS:   131306344 kB
VmallocTotal:     311296 kB
VmallocUsed:       42560 kB
VmallocChunk:     145420 kB
Time pass: 18 sec

---2015-11-23 15:19:04
MemTotal:        1745540 kB
MemFree:           41928 kB
Buffers:            8416 kB
Cached:           476124 kB
SwapCached:        27012 kB
Active:           653400 kB
Inactive:         664288 kB
Active(anon):     414648 kB
Inactive(anon):   424524 kB
Active(file):     238752 kB
Inactive(file):   239764 kB
Unevictable:        3816 kB
Mlocked:               0 kB
HighTotal:       1217536 kB
HighFree:          17872 kB
LowTotal:         528004 kB
LowFree:           24056 kB
SwapTotal:       1310716 kB
SwapFree:         892108 kB
Dirty:                32 kB
Writeback:             0 kB
AnonPages:        819636 kB
Mapped:           248984 kB
Shmem:              1828 kB
Slab:              56420 kB
SReclaimable:      15636 kB
SUnreclaim:        40784 kB
KernelStack:       14936 kB
PageTables:        55232 kB
NFS_Unstable:          0 kB
Bounce:                0 kB
WritebackTmp:          0 kB
CommitLimit:     2183484 kB
Committed_AS:   134058000 kB
VmallocTotal:     311296 kB
VmallocUsed:       42716 kB
VmallocChunk:     145420 kB
Time pass: 22 sec

---2015-11-23 15:19:04
MemTotal:        1745540 kB
MemFree:           47992 kB
Buffers:            8576 kB
Cached:           375300 kB
SwapCached:        39332 kB
Active:           602864 kB
Inactive:         602064 kB
Active(anon):     410716 kB
Inactive(anon):   416176 kB
Active(file):     192148 kB
Inactive(file):   185888 kB
Unevictable:        3816 kB
Mlocked:               0 kB
HighTotal:       1217536 kB
HighFree:          24144 kB
LowTotal:         528004 kB
LowFree:           23848 kB
SwapTotal:       1310716 kB
SwapFree:         834528 kB
Dirty:              1152 kB
Writeback:             0 kB
AnonPages:        803712 kB
Mapped:           291360 kB
Shmem:              1960 kB
Slab:              57052 kB
SReclaimable:      15660 kB
SUnreclaim:        41392 kB
KernelStack:       15480 kB
PageTables:        55424 kB
NFS_Unstable:          0 kB
Bounce:                0 kB
WritebackTmp:          0 kB
CommitLimit:     2183484 kB
Committed_AS:   132913972 kB
VmallocTotal:     311296 kB
VmallocUsed:       43060 kB
VmallocChunk:     145420 kB
Time pass: 27 sec

---2015-11-23 15:19:04
MemTotal:        1745540 kB
MemFree:           60488 kB
Buffers:            7004 kB
Cached:           358732 kB
SwapCached:        41964 kB
Active:           575568 kB
Inactive:         582904 kB
Active(anon):     395808 kB
Inactive(anon):   402704 kB
Active(file):     179760 kB
Inactive(file):   180200 kB
Unevictable:        3816 kB
Mlocked:               0 kB
HighTotal:       1217536 kB
HighFree:          39372 kB
LowTotal:         528004 kB
LowFree:           21116 kB
SwapTotal:       1310716 kB
SwapFree:         816548 kB
Dirty:                52 kB
Writeback:             0 kB
AnonPages:        777760 kB
Mapped:           297544 kB
Shmem:              1960 kB
Slab:              57284 kB
SReclaimable:      15692 kB
SUnreclaim:        41592 kB
KernelStack:       15464 kB
PageTables:        55624 kB
NFS_Unstable:          0 kB
Bounce:                0 kB
WritebackTmp:          0 kB
CommitLimit:     2183484 kB
Committed_AS:   132916852 kB
VmallocTotal:     311296 kB
VmallocUsed:       43204 kB
VmallocChunk:     145420 kB
Time pass: 31 sec

---2015-11-23 15:19:04
MemTotal:        1745540 kB
MemFree:           57456 kB
Buffers:            5520 kB
Cached:           352816 kB
SwapCached:        43864 kB
Active:           564208 kB
Inactive:         564412 kB
Active(anon):     388120 kB
Inactive(anon):   388348 kB
Active(file):     176088 kB
Inactive(file):   176064 kB
Unevictable:        3816 kB
Mlocked:               0 kB
HighTotal:       1217536 kB
HighFree:          32508 kB
LowTotal:         528004 kB
LowFree:           24948 kB
SwapTotal:       1310716 kB
SwapFree:         782672 kB
Dirty:               112 kB
Writeback:             0 kB
AnonPages:        754868 kB
Mapped:           305832 kB
Shmem:              1960 kB
Slab:              57528 kB
SReclaimable:      15692 kB
SUnreclaim:        41836 kB
KernelStack:       15648 kB
PageTables:        55700 kB
NFS_Unstable:          0 kB
Bounce:                0 kB
WritebackTmp:          0 kB
CommitLimit:     2183484 kB
Committed_AS:   132927744 kB
VmallocTotal:     311296 kB
VmallocUsed:       43408 kB
VmallocChunk:     145420 kB
Time pass: 34 sec

---2015-11-23 15:19:04
MemTotal:        1745540 kB
MemFree:           80812 kB
Buffers:            5516 kB
Cached:           341968 kB
SwapCached:        44460 kB
Active:           548696 kB
Inactive:         549648 kB
Active(anon):     378204 kB
Inactive(anon):   378432 kB
Active(file):     170492 kB
Inactive(file):   171216 kB
Unevictable:        3816 kB
Mlocked:               0 kB
HighTotal:       1217536 kB
HighFree:          55220 kB
LowTotal:         528004 kB
LowFree:           25592 kB
SwapTotal:       1310716 kB
SwapFree:         761700 kB
Dirty:                12 kB
Writeback:             0 kB
AnonPages:        734352 kB
Mapped:           305432 kB
Shmem:              1960 kB
Slab:              57692 kB
SReclaimable:      15708 kB
SUnreclaim:        41984 kB
KernelStack:       15544 kB
PageTables:        55856 kB
NFS_Unstable:          0 kB
Bounce:                0 kB
WritebackTmp:          0 kB
CommitLimit:     2183484 kB
Committed_AS:   132935348 kB
VmallocTotal:     311296 kB
VmallocUsed:       43224 kB
VmallocChunk:     145420 kB
Time pass: 38 sec

---2015-11-23 15:19:04
MemTotal:        1745540 kB
MemFree:           84800 kB
Buffers:            5516 kB
Cached:           336672 kB
SwapCached:        44948 kB
Active:           543436 kB
Inactive:         542496 kB
Active(anon):     374624 kB
Inactive(anon):   374940 kB
Active(file):     168812 kB
Inactive(file):   167556 kB
Unevictable:        3816 kB
Mlocked:               0 kB
HighTotal:       1217536 kB
HighFree:          59092 kB
LowTotal:         528004 kB
LowFree:           25708 kB
SwapTotal:       1310716 kB
SwapFree:         751236 kB
Dirty:                40 kB
Writeback:             0 kB
AnonPages:        726892 kB
Mapped:           307100 kB
Shmem:              1964 kB
Slab:              57868 kB
SReclaimable:      15708 kB
SUnreclaim:        42160 kB
KernelStack:       15608 kB
PageTables:        55860 kB
NFS_Unstable:          0 kB
Bounce:                0 kB
WritebackTmp:          0 kB
CommitLimit:     2183484 kB
Committed_AS:   132952204 kB
VmallocTotal:     311296 kB
VmallocUsed:       43380 kB
VmallocChunk:     145420 kB
Time pass: 41 sec

---2015-11-23 15:19:04
MemTotal:        1745540 kB
MemFree:           71292 kB
Buffers:            5560 kB
Cached:           321316 kB
SwapCached:        46532 kB
Active:           535744 kB
Inactive:         533700 kB
Active(anon):     373128 kB
Inactive(anon):   373544 kB
Active(file):     162616 kB
Inactive(file):   160156 kB
Unevictable:        3816 kB
Mlocked:               0 kB
HighTotal:       1217536 kB
HighFree:          46480 kB
LowTotal:         528004 kB
LowFree:           24812 kB
SwapTotal:       1310716 kB
SwapFree:         725564 kB
Dirty:               740 kB
Writeback:             0 kB
AnonPages:        723564 kB
Mapped:           326296 kB
Shmem:               224 kB
Slab:              58356 kB
SReclaimable:      15740 kB
SUnreclaim:        42616 kB
KernelStack:       15688 kB
PageTables:        55920 kB
NFS_Unstable:          0 kB
Bounce:                0 kB
WritebackTmp:          0 kB
CommitLimit:     2183484 kB
Committed_AS:   132961076 kB
VmallocTotal:     311296 kB
VmallocUsed:       43552 kB
VmallocChunk:     145420 kB
Time pass: 45 sec

---2015-11-23 15:19:04
MemTotal:        1745540 kB
MemFree:           81784 kB
Buffers:            5580 kB
Cached:           317816 kB
SwapCached:        46032 kB
Active:           521800 kB
Inactive:         525016 kB
Active(anon):     361008 kB
Inactive(anon):   366452 kB
Active(file):     160792 kB
Inactive(file):   158564 kB
Unevictable:        3816 kB
Mlocked:               0 kB
HighTotal:       1217536 kB
HighFree:          54520 kB
LowTotal:         528004 kB
LowFree:           27264 kB
SwapTotal:       1310716 kB
SwapFree:         714324 kB
Dirty:               772 kB
Writeback:             0 kB
AnonPages:        704136 kB
Mapped:           337388 kB
Shmem:               224 kB
Slab:              58576 kB
SReclaimable:      15756 kB
SUnreclaim:        42820 kB
KernelStack:       15568 kB
PageTables:        55948 kB
NFS_Unstable:          0 kB
Bounce:                0 kB
WritebackTmp:          0 kB
CommitLimit:     2183484 kB
Committed_AS:   132954304 kB
VmallocTotal:     311296 kB
VmallocUsed:       43540 kB
VmallocChunk:     145420 kB
Time pass: 48 sec

---2015-11-23 15:19:04
MemTotal:        1745540 kB
MemFree:           82428 kB
Buffers:            5588 kB
Cached:           317816 kB
SwapCached:        46036 kB
Active:           521936 kB
Inactive:         525048 kB
Active(anon):     361136 kB
Inactive(anon):   366492 kB
Active(file):     160800 kB
Inactive(file):   158556 kB
Unevictable:        3816 kB
Mlocked:               0 kB
HighTotal:       1217536 kB
HighFree:          54948 kB
LowTotal:         528004 kB
LowFree:           27480 kB
SwapTotal:       1310716 kB
SwapFree:         714408 kB
Dirty:                56 kB
Writeback:             0 kB
AnonPages:        704316 kB
Mapped:           337452 kB
Shmem:               224 kB
Slab:              58632 kB
SReclaimable:      15756 kB
SUnreclaim:        42876 kB
KernelStack:       15560 kB
PageTables:        55948 kB
NFS_Unstable:          0 kB
Bounce:                0 kB
WritebackTmp:          0 kB
CommitLimit:     2183484 kB
Committed_AS:   132954324 kB
VmallocTotal:     311296 kB
VmallocUsed:       43404 kB
VmallocChunk:     145420 kB
Time pass: 52 sec

---2015-11-23 15:19:04
MemTotal:        1745540 kB
MemFree:           79324 kB
Buffers:            5648 kB
Cached:           314600 kB
SwapCached:        47596 kB
Active:           520908 kB
Inactive:         522484 kB
Active(anon):     361388 kB
Inactive(anon):   365796 kB
Active(file):     159520 kB
Inactive(file):   156688 kB
Unevictable:        3816 kB
Mlocked:               0 kB
HighTotal:       1217536 kB
HighFree:          53760 kB
LowTotal:         528004 kB
LowFree:           25564 kB
SwapTotal:       1310716 kB
SwapFree:         739020 kB
Dirty:                 0 kB
Writeback:            36 kB
AnonPages:        704044 kB
Mapped:           347252 kB
Shmem:               224 kB
Slab:              58540 kB
SReclaimable:      15756 kB
SUnreclaim:        42784 kB
KernelStack:       15560 kB
PageTables:        55924 kB
NFS_Unstable:          0 kB
Bounce:                0 kB
WritebackTmp:          0 kB
CommitLimit:     2183484 kB
Committed_AS:   132896780 kB
VmallocTotal:     311296 kB
VmallocUsed:       43648 kB
VmallocChunk:     145420 kB
Time pass: 56 sec

---2015-11-23 15:19:04
MemTotal:        1745540 kB
MemFree:           79256 kB
Buffers:            5684 kB
Cached:           306892 kB
SwapCached:        47912 kB
Active:           514820 kB
Inactive:         510512 kB
Active(anon):     358332 kB
Inactive(anon):   358592 kB
Active(file):     156488 kB
Inactive(file):   151920 kB
Unevictable:        3816 kB
Mlocked:               0 kB
HighTotal:       1217536 kB
HighFree:          53920 kB
LowTotal:         528004 kB
LowFree:           25336 kB
SwapTotal:       1310716 kB
SwapFree:         721580 kB
Dirty:               500 kB
Writeback:             0 kB
AnonPages:        693352 kB
Mapped:           361436 kB
Shmem:               224 kB
Slab:              58712 kB
SReclaimable:      15756 kB
SUnreclaim:        42956 kB
KernelStack:       15680 kB
PageTables:        55920 kB
NFS_Unstable:          0 kB
Bounce:                0 kB
WritebackTmp:          0 kB
CommitLimit:     2183484 kB
Committed_AS:   132905868 kB
VmallocTotal:     311296 kB
VmallocUsed:       43676 kB
VmallocChunk:     145420 kB
Time pass: 60 sec

---2015-11-23 15:19:04
MemTotal:        1745540 kB
MemFree:           73168 kB
Buffers:            5684 kB
Cached:           308256 kB
SwapCached:        48240 kB
Active:           517588 kB
Inactive:         513976 kB
Active(anon):     361028 kB
Inactive(anon):   360988 kB
Active(file):     156560 kB
Inactive(file):   152988 kB
Unevictable:        3816 kB
Mlocked:               0 kB
HighTotal:       1217536 kB
HighFree:          46928 kB
LowTotal:         528004 kB
LowFree:           26240 kB
SwapTotal:       1310716 kB
SwapFree:         718372 kB
Dirty:                 8 kB
Writeback:             0 kB
AnonPages:        698364 kB
Mapped:           362868 kB
Shmem:               224 kB
Slab:              58636 kB
SReclaimable:      15740 kB
SUnreclaim:        42896 kB
KernelStack:       15608 kB
PageTables:        56032 kB
NFS_Unstable:          0 kB
Bounce:                0 kB
WritebackTmp:          0 kB
CommitLimit:     2183484 kB
Committed_AS:   132914084 kB
VmallocTotal:     311296 kB
VmallocUsed:       43744 kB
VmallocChunk:     145420 kB
Time pass: 63 sec

---2015-11-23 15:19:04
MemTotal:        1745540 kB
MemFree:           77808 kB
Buffers:            5316 kB
Cached:           275716 kB
SwapCached:        49940 kB
Active:           488676 kB
Inactive:         489576 kB
Active(anon):     350524 kB
Inactive(anon):   350828 kB
Active(file):     138152 kB
Inactive(file):   138748 kB
Unevictable:        3816 kB
Mlocked:               0 kB
HighTotal:       1217536 kB
HighFree:          50576 kB
LowTotal:         528004 kB
LowFree:           27232 kB
SwapTotal:       1310716 kB
SwapFree:         683376 kB
Dirty:                44 kB
Writeback:             0 kB
AnonPages:        676220 kB
Mapped:           343380 kB
Shmem:               380 kB
Slab:              59244 kB
SReclaimable:      15744 kB
SUnreclaim:        43500 kB
KernelStack:       15912 kB
PageTables:        56264 kB
NFS_Unstable:          0 kB
Bounce:                0 kB
WritebackTmp:          0 kB
CommitLimit:     2183484 kB
Committed_AS:   132960504 kB
VmallocTotal:     311296 kB
VmallocUsed:       43744 kB
VmallocChunk:     145420 kB
Time pass: 67 sec

---2015-11-23 15:19:04
MemTotal:        1745540 kB
MemFree:           84676 kB
Buffers:            5364 kB
Cached:           253940 kB
SwapCached:        51128 kB
Active:           467292 kB
Inactive:         465156 kB
Active(anon):     338952 kB
Inactive(anon):   338468 kB
Active(file):     128340 kB
Inactive(file):   126688 kB
Unevictable:        3816 kB
Mlocked:               0 kB
HighTotal:       1217536 kB
HighFree:          59656 kB
LowTotal:         528004 kB
LowFree:           25020 kB
SwapTotal:       1310716 kB
SwapFree:         649812 kB
Dirty:                56 kB
Writeback:             0 kB
AnonPages:        650840 kB
Mapped:           335608 kB
Shmem:               432 kB
Slab:              59540 kB
SReclaimable:      15772 kB
SUnreclaim:        43768 kB
KernelStack:       15920 kB
PageTables:        56436 kB
NFS_Unstable:          0 kB
Bounce:                0 kB
WritebackTmp:          0 kB
CommitLimit:     2183484 kB
Committed_AS:   132969868 kB
VmallocTotal:     311296 kB
VmallocUsed:       43676 kB
VmallocChunk:     145420 kB
Time pass: 71 sec

---2015-11-23 15:19:04
MemTotal:        1745540 kB
MemFree:           83472 kB
Buffers:            5388 kB
Cached:           254036 kB
SwapCached:        51116 kB
Active:           468524 kB
Inactive:         465580 kB
Active(anon):     340292 kB
Inactive(anon):   338808 kB
Active(file):     128232 kB
Inactive(file):   126772 kB
Unevictable:        3816 kB
Mlocked:               0 kB
HighTotal:       1217536 kB
HighFree:          58124 kB
LowTotal:         528004 kB
LowFree:           25348 kB
SwapTotal:       1310716 kB
SwapFree:         650020 kB
Dirty:                40 kB
Writeback:             0 kB
AnonPages:        652444 kB
Mapped:           335924 kB
Shmem:               588 kB
Slab:              59604 kB
SReclaimable:      15772 kB
SUnreclaim:        43832 kB
KernelStack:       15928 kB
PageTables:        56428 kB
NFS_Unstable:          0 kB
Bounce:                0 kB
WritebackTmp:          0 kB
CommitLimit:     2183484 kB
Committed_AS:   132972180 kB
VmallocTotal:     311296 kB
VmallocUsed:       43744 kB
VmallocChunk:     145420 kB
Time pass: 77 sec

---2015-11-23 15:19:04
MemTotal:        1745540 kB
MemFree:           87428 kB
Buffers:            5388 kB
Cached:           253660 kB
SwapCached:        51612 kB
Active:           462884 kB
Inactive:         464540 kB
Active(anon):     335676 kB
Inactive(anon):   337156 kB
Active(file):     127208 kB
Inactive(file):   127384 kB
Unevictable:        3816 kB
Mlocked:               0 kB
HighTotal:       1217536 kB
HighFree:          60152 kB
LowTotal:         528004 kB
LowFree:           27276 kB
SwapTotal:       1310716 kB
SwapFree:         644052 kB
Dirty:                40 kB
Writeback:             0 kB
AnonPages:        645696 kB
Mapped:           335048 kB
Shmem:               640 kB
Slab:              59668 kB
SReclaimable:      15772 kB
SUnreclaim:        43896 kB
KernelStack:       15880 kB
PageTables:        56432 kB
NFS_Unstable:          0 kB
Bounce:                0 kB
WritebackTmp:          0 kB
CommitLimit:     2183484 kB
Committed_AS:   132973704 kB
VmallocTotal:     311296 kB
VmallocUsed:       43744 kB
VmallocChunk:     145420 kB
Time pass: 80 sec

---2015-11-23 15:19:04
MemTotal:        1745540 kB
MemFree:           86980 kB
Buffers:            5396 kB
Cached:           253944 kB
SwapCached:        51608 kB
Active:           463108 kB
Inactive:         464876 kB
Active(anon):     335896 kB
Inactive(anon):   337204 kB
Active(file):     127212 kB
Inactive(file):   127672 kB
Unevictable:        3816 kB
Mlocked:               0 kB
HighTotal:       1217536 kB
HighFree:          59868 kB
LowTotal:         528004 kB
LowFree:           27112 kB
SwapTotal:       1310716 kB
SwapFree:         644092 kB
Dirty:                28 kB
Writeback:             0 kB
AnonPages:        646024 kB
Mapped:           334904 kB
Shmem:               640 kB
Slab:              59688 kB
SReclaimable:      15772 kB
SUnreclaim:        43916 kB
KernelStack:       15872 kB
PageTables:        56428 kB
NFS_Unstable:          0 kB
Bounce:                0 kB
WritebackTmp:          0 kB
CommitLimit:     2183484 kB
Committed_AS:   132973892 kB
VmallocTotal:     311296 kB
VmallocUsed:       43676 kB
VmallocChunk:     145420 kB
Time pass: 84 sec

---2015-11-23 15:19:04
MemTotal:        1745540 kB
MemFree:           68772 kB
Buffers:            5492 kB
Cached:           265420 kB
SwapCached:        51636 kB
Active:           464104 kB
Inactive:         476096 kB
Active(anon):     336692 kB
Inactive(anon):   336916 kB
Active(file):     127412 kB
Inactive(file):   139180 kB
Unevictable:        3816 kB
Mlocked:               0 kB
HighTotal:       1217536 kB
HighFree:          40644 kB
LowTotal:         528004 kB
LowFree:           28128 kB
SwapTotal:       1310716 kB
SwapFree:         640132 kB
Dirty:                 4 kB
Writeback:             0 kB
AnonPages:        646220 kB
Mapped:           335280 kB
Shmem:               640 kB
Slab:              59792 kB
SReclaimable:      15772 kB
SUnreclaim:        44020 kB
KernelStack:       15928 kB
PageTables:        56656 kB
NFS_Unstable:          0 kB
Bounce:                0 kB
WritebackTmp:          0 kB
CommitLimit:     2183484 kB
Committed_AS:   134407588 kB
VmallocTotal:     311296 kB
VmallocUsed:       43744 kB
VmallocChunk:     145420 kB
Time pass: 88 sec

---2015-11-23 15:19:04
MemTotal:        1745540 kB
MemFree:          324400 kB
Buffers:            5700 kB
Cached:           303460 kB
SwapCached:        46976 kB
Active:           390496 kB
Inactive:         481248 kB
Active(anon):     249472 kB
Inactive(anon):   317200 kB
Active(file):     141024 kB
Inactive(file):   164048 kB
Unevictable:        3816 kB
Mlocked:               0 kB
HighTotal:       1217536 kB
HighFree:         240216 kB
LowTotal:         528004 kB
LowFree:           84184 kB
SwapTotal:       1310716 kB
SwapFree:         645724 kB
Dirty:                76 kB
Writeback:            16 kB
AnonPages:        539708 kB
Mapped:           173980 kB
Shmem:                88 kB
Slab:              60780 kB
SReclaimable:      15776 kB
SUnreclaim:        45004 kB
KernelStack:       15128 kB
PageTables:        54400 kB
NFS_Unstable:          0 kB
Bounce:                0 kB
WritebackTmp:          0 kB
CommitLimit:     2183484 kB
Committed_AS:   131267132 kB
VmallocTotal:     311296 kB
VmallocUsed:       38624 kB
VmallocChunk:     145420 kB
Time pass: 92 sec

---2015-11-23 15:19:04
MemTotal:        1745540 kB
MemFree:          323916 kB
Buffers:            5716 kB
Cached:           304588 kB
SwapCached:        46944 kB
Active:           390232 kB
Inactive:         483212 kB
Active(anon):     248924 kB
Inactive(anon):   318120 kB
Active(file):     141308 kB
Inactive(file):   165092 kB
Unevictable:        3816 kB
Mlocked:               0 kB
HighTotal:       1217536 kB
HighFree:         238980 kB
LowTotal:         528004 kB
LowFree:           84936 kB
SwapTotal:       1310716 kB
SwapFree:         648112 kB
Dirty:                16 kB
Writeback:             0 kB
AnonPages:        540144 kB
Mapped:           174320 kB
Shmem:                88 kB
Slab:              60764 kB
SReclaimable:      15776 kB
SUnreclaim:        44988 kB
KernelStack:       14984 kB
PageTables:        54476 kB
NFS_Unstable:          0 kB
Bounce:                0 kB
WritebackTmp:          0 kB
CommitLimit:     2183484 kB
Committed_AS:   131267828 kB
VmallocTotal:     311296 kB
VmallocUsed:       38556 kB
VmallocChunk:     145420 kB
Time pass: 97 sec

---2015-11-23 15:19:04
MemTotal:        1745540 kB
MemFree:          323296 kB
Buffers:            5724 kB
Cached:           305072 kB
SwapCached:        46944 kB
Active:           390464 kB
Inactive:         483860 kB
Active(anon):     249140 kB
Inactive(anon):   318292 kB
Active(file):     141324 kB
Inactive(file):   165568 kB
Unevictable:        3816 kB
Mlocked:               0 kB
HighTotal:       1217536 kB
HighFree:         238360 kB
LowTotal:         528004 kB
LowFree:           84936 kB
SwapTotal:       1310716 kB
SwapFree:         648532 kB
Dirty:                48 kB
Writeback:             0 kB
AnonPages:        540544 kB
Mapped:           174356 kB
Shmem:                88 kB
Slab:              60768 kB
SReclaimable:      15776 kB
SUnreclaim:        44992 kB
KernelStack:       14984 kB
PageTables:        54476 kB
NFS_Unstable:          0 kB
Bounce:                0 kB
WritebackTmp:          0 kB
CommitLimit:     2183484 kB
Committed_AS:   131267988 kB
VmallocTotal:     311296 kB
VmallocUsed:       38556 kB
VmallocChunk:     145420 kB
Time pass: 101 sec

---2015-11-23 15:19:04
MemTotal:        1745540 kB
MemFree:          325880 kB
Buffers:            5724 kB
Cached:           305072 kB
SwapCached:        46948 kB
Active:           387872 kB
Inactive:         483844 kB
Active(anon):     246548 kB
Inactive(anon):   318276 kB
Active(file):     141324 kB
Inactive(file):   165568 kB
Unevictable:        3816 kB
Mlocked:               0 kB
HighTotal:       1217536 kB
HighFree:         240944 kB
LowTotal:         528004 kB
LowFree:           84936 kB
SwapTotal:       1310716 kB
SwapFree:         648540 kB
Dirty:                 0 kB
Writeback:             0 kB
AnonPages:        537924 kB
Mapped:           174400 kB
Shmem:                88 kB
Slab:              60768 kB
SReclaimable:      15776 kB
SUnreclaim:        44992 kB
KernelStack:       14984 kB
PageTables:        54492 kB
NFS_Unstable:          0 kB
Bounce:                0 kB
WritebackTmp:          0 kB
CommitLimit:     2183484 kB
Committed_AS:   131263412 kB
VmallocTotal:     311296 kB
VmallocUsed:       38556 kB
VmallocChunk:     145420 kB
Time pass: 107 sec

---2015-11-23 15:19:04
MemTotal:        1745540 kB
MemFree:          224112 kB
Buffers:            7368 kB
Cached:           328428 kB
SwapCached:        47196 kB
Active:           421472 kB
Inactive:         506284 kB
Active(anon):     276896 kB
Inactive(anon):   319228 kB
Active(file):     144576 kB
Inactive(file):   187056 kB
Unevictable:        3816 kB
Mlocked:               0 kB
HighTotal:       1217536 kB
HighFree:         166396 kB
LowTotal:         528004 kB
LowFree:           57716 kB
SwapTotal:       1310716 kB
SwapFree:         649244 kB
Dirty:               828 kB
Writeback:            16 kB
AnonPages:        568888 kB
Mapped:           202492 kB
Shmem:               220 kB
Slab:              61044 kB
SReclaimable:      15776 kB
SUnreclaim:        45268 kB
KernelStack:       15536 kB
PageTables:        55356 kB
NFS_Unstable:          0 kB
Bounce:                0 kB
WritebackTmp:          0 kB
CommitLimit:     2183484 kB
Committed_AS:   132849784 kB
VmallocTotal:     311296 kB
VmallocUsed:       38892 kB
VmallocChunk:     145420 kB
Time pass: 111 sec

---2015-11-23 15:19:04
MemTotal:        1745540 kB
MemFree:          173488 kB
Buffers:            7380 kB
Cached:           330548 kB
SwapCached:        47200 kB
Active:           437916 kB
Inactive:         506644 kB
Active(anon):     292248 kB
Inactive(anon):   318424 kB
Active(file):     145668 kB
Inactive(file):   188220 kB
Unevictable:        3816 kB
Mlocked:               0 kB
HighTotal:       1217536 kB
HighFree:         115912 kB
LowTotal:         528004 kB
LowFree:           57576 kB
SwapTotal:       1310716 kB
SwapFree:         650776 kB
Dirty:               228 kB
Writeback:             0 kB
AnonPages:        583308 kB
Mapped:           238312 kB
Shmem:               224 kB
Slab:              60960 kB
SReclaimable:      15768 kB
SUnreclaim:        45192 kB
KernelStack:       15640 kB
PageTables:        55652 kB
NFS_Unstable:          0 kB
Bounce:                0 kB
WritebackTmp:          0 kB
CommitLimit:     2183484 kB
Committed_AS:   132874904 kB
VmallocTotal:     311296 kB
VmallocUsed:       39156 kB
VmallocChunk:     145420 kB
Time pass: 115 sec

---2015-11-23 15:19:04
MemTotal:        1745540 kB
MemFree:          113668 kB
Buffers:            7360 kB
Cached:           329876 kB
SwapCached:        47212 kB
Active:           448752 kB
Inactive:         503888 kB
Active(anon):     302612 kB
Inactive(anon):   316848 kB
Active(file):     146140 kB
Inactive(file):   187040 kB
Unevictable:        3816 kB
Mlocked:               0 kB
HighTotal:       1217536 kB
HighFree:          80568 kB
LowTotal:         528004 kB
LowFree:           33100 kB
SwapTotal:       1310716 kB
SwapFree:         650052 kB
Dirty:              1280 kB
Writeback:             0 kB
AnonPages:        592084 kB
Mapped:           293048 kB
Shmem:               224 kB
Slab:              60824 kB
SReclaimable:      15784 kB
SUnreclaim:        45040 kB
KernelStack:       15648 kB
PageTables:        55804 kB
NFS_Unstable:          0 kB
Bounce:                0 kB
WritebackTmp:          0 kB
CommitLimit:     2183484 kB
Committed_AS:   132899832 kB
VmallocTotal:     311296 kB
VmallocUsed:       39312 kB
VmallocChunk:     145420 kB
Time pass: 118 sec

---2015-11-23 15:19:04
MemTotal:        1745540 kB
MemFree:          114712 kB
Buffers:            7360 kB
Cached:           329884 kB
SwapCached:        47212 kB
Active:           449024 kB
Inactive:         503888 kB
Active(anon):     302884 kB
Inactive(anon):   316824 kB
Active(file):     146140 kB
Inactive(file):   187064 kB
Unevictable:        3816 kB
Mlocked:               0 kB
HighTotal:       1217536 kB
HighFree:          81060 kB
LowTotal:         528004 kB
LowFree:           33652 kB
SwapTotal:       1310716 kB
SwapFree:         650064 kB
Dirty:               140 kB
Writeback:             0 kB
AnonPages:        592380 kB
Mapped:           293140 kB
Shmem:               224 kB
Slab:              60884 kB
SReclaimable:      15784 kB
SUnreclaim:        45100 kB
KernelStack:       15560 kB
PageTables:        55800 kB
NFS_Unstable:          0 kB
Bounce:                0 kB
WritebackTmp:          0 kB
CommitLimit:     2183484 kB
Committed_AS:   132899920 kB
VmallocTotal:     311296 kB
VmallocUsed:       39244 kB
VmallocChunk:     145420 kB
Time pass: 122 sec

---2015-11-23 15:19:04
MemTotal:        1745540 kB
MemFree:          106132 kB
Buffers:            7368 kB
Cached:           327200 kB
SwapCached:        47220 kB
Active:           449824 kB
Inactive:         501240 kB
Active(anon):     303464 kB
Inactive(anon):   317076 kB
Active(file):     146360 kB
Inactive(file):   184164 kB
Unevictable:        3816 kB
Mlocked:               0 kB
HighTotal:       1217536 kB
HighFree:          74520 kB
LowTotal:         528004 kB
LowFree:           31612 kB
SwapTotal:       1310716 kB
SwapFree:         649068 kB
Dirty:               148 kB
Writeback:             0 kB
AnonPages:        593196 kB
Mapped:           296928 kB
Shmem:               224 kB
Slab:              60728 kB
SReclaimable:      15768 kB
SUnreclaim:        44960 kB
KernelStack:       15560 kB
PageTables:        55824 kB
NFS_Unstable:          0 kB
Bounce:                0 kB
WritebackTmp:          0 kB
CommitLimit:     2183484 kB
Committed_AS:   132900280 kB
VmallocTotal:     311296 kB
VmallocUsed:       39284 kB
VmallocChunk:     145420 kB
Time pass: 125 sec

---2015-11-23 15:19:04
MemTotal:        1745540 kB
MemFree:          100304 kB
Buffers:            7368 kB
Cached:           319944 kB
SwapCached:        47280 kB
Active:           454720 kB
Inactive:         492040 kB
Active(anon):     306788 kB
Inactive(anon):   316624 kB
Active(file):     147932 kB
Inactive(file):   175416 kB
Unevictable:        3816 kB
Mlocked:               0 kB
HighTotal:       1217536 kB
HighFree:          70172 kB
LowTotal:         528004 kB
LowFree:           30132 kB
SwapTotal:       1310716 kB
SwapFree:         645748 kB
Dirty:               596 kB
Writeback:             0 kB
AnonPages:        595976 kB
Mapped:           302464 kB
Shmem:               224 kB
Slab:              60820 kB
SReclaimable:      15768 kB
SUnreclaim:        45052 kB
KernelStack:       15600 kB
PageTables:        55836 kB
NFS_Unstable:          0 kB
Bounce:                0 kB
WritebackTmp:          0 kB
CommitLimit:     2183484 kB
Committed_AS:   132900688 kB
VmallocTotal:     311296 kB
VmallocUsed:       39584 kB
VmallocChunk:     145420 kB
Time pass: 129 sec

---2015-11-23 15:19:04
MemTotal:        1745540 kB
MemFree:          100960 kB
Buffers:            7368 kB
Cached:           316948 kB
SwapCached:        47308 kB
Active:           456452 kB
Inactive:         486916 kB
Active(anon):     308196 kB
Inactive(anon):   314896 kB
Active(file):     148256 kB
Inactive(file):   172020 kB
Unevictable:        3816 kB
Mlocked:               0 kB
HighTotal:       1217536 kB
HighFree:          69936 kB
LowTotal:         528004 kB
LowFree:           31024 kB
SwapTotal:       1310716 kB
SwapFree:         644468 kB
Dirty:               516 kB
Writeback:             0 kB
AnonPages:        595568 kB
Mapped:           303708 kB
Shmem:               224 kB
Slab:              60744 kB
SReclaimable:      15776 kB
SUnreclaim:        44968 kB
KernelStack:       15560 kB
PageTables:        55876 kB
NFS_Unstable:          0 kB
Bounce:                0 kB
WritebackTmp:          0 kB
CommitLimit:     2183484 kB
Committed_AS:   132900204 kB
VmallocTotal:     311296 kB
VmallocUsed:       39584 kB
VmallocChunk:     145420 kB
Time pass: 133 sec

---2015-11-23 15:19:04
MemTotal:        1745540 kB
MemFree:          102096 kB
Buffers:            7376 kB
Cached:           316948 kB
SwapCached:        47308 kB
Active:           456460 kB
Inactive:         486948 kB
Active(anon):     308204 kB
Inactive(anon):   314920 kB
Active(file):     148256 kB
Inactive(file):   172028 kB
Unevictable:        3816 kB
Mlocked:               0 kB
HighTotal:       1217536 kB
HighFree:          70556 kB
LowTotal:         528004 kB
LowFree:           31540 kB
SwapTotal:       1310716 kB
SwapFree:         644496 kB
Dirty:                48 kB
Writeback:             0 kB
AnonPages:        595600 kB
Mapped:           303772 kB
Shmem:               224 kB
Slab:              60768 kB
SReclaimable:      15776 kB
SUnreclaim:        44992 kB
KernelStack:       15552 kB
PageTables:        55876 kB
NFS_Unstable:          0 kB
Bounce:                0 kB
WritebackTmp:          0 kB
CommitLimit:     2183484 kB
Committed_AS:   132900344 kB
VmallocTotal:     311296 kB
VmallocUsed:       39380 kB
VmallocChunk:     145420 kB
Time pass: 136 sec

---2015-11-23 15:19:04
MemTotal:        1745540 kB
MemFree:          101228 kB
Buffers:            7384 kB
Cached:           316952 kB
SwapCached:        47308 kB
Active:           456704 kB
Inactive:         487000 kB
Active(anon):     308448 kB
Inactive(anon):   314960 kB
Active(file):     148256 kB
Inactive(file):   172040 kB
Unevictable:        3816 kB
Mlocked:               0 kB
HighTotal:       1217536 kB
HighFree:          69956 kB
LowTotal:         528004 kB
LowFree:           31272 kB
SwapTotal:       1310716 kB
SwapFree:         644532 kB
Dirty:                28 kB
Writeback:             0 kB
AnonPages:        595836 kB
Mapped:           303784 kB
Shmem:               224 kB
Slab:              60688 kB
SReclaimable:      15760 kB
SUnreclaim:        44928 kB
KernelStack:       15600 kB
PageTables:        55876 kB
NFS_Unstable:          0 kB
Bounce:                0 kB
WritebackTmp:          0 kB
CommitLimit:     2183484 kB
Committed_AS:   132900432 kB
VmallocTotal:     311296 kB
VmallocUsed:       39448 kB
VmallocChunk:     145420 kB
Time pass: 140 sec

---2015-11-23 15:19:04
MemTotal:        1745540 kB
MemFree:           89780 kB
Buffers:            7248 kB
Cached:           315960 kB
SwapCached:        47320 kB
Active:           465660 kB
Inactive:         488088 kB
Active(anon):     316792 kB
Inactive(anon):   317968 kB
Active(file):     148868 kB
Inactive(file):   170120 kB
Unevictable:        3816 kB
Mlocked:               0 kB
HighTotal:       1217536 kB
HighFree:          58516 kB
LowTotal:         528004 kB
LowFree:           31264 kB
SwapTotal:       1310716 kB
SwapFree:         643016 kB
Dirty:                 4 kB
Writeback:             8 kB
AnonPages:        607112 kB
Mapped:           304680 kB
Shmem:               404 kB
Slab:              60424 kB
SReclaimable:      15776 kB
SUnreclaim:        44648 kB
KernelStack:       15904 kB
PageTables:        56064 kB
NFS_Unstable:          0 kB
Bounce:                0 kB
WritebackTmp:          0 kB
CommitLimit:     2183484 kB
Committed_AS:   132944876 kB
VmallocTotal:     311296 kB
VmallocUsed:       39584 kB
VmallocChunk:     145420 kB
Time pass: 144 sec

---2015-11-23 15:19:04
MemTotal:        1745540 kB
MemFree:           87320 kB
Buffers:            7228 kB
Cached:           311516 kB
SwapCached:        47380 kB
Active:           467292 kB
Inactive:         484500 kB
Active(anon):     318024 kB
Inactive(anon):   319176 kB
Active(file):     149268 kB
Inactive(file):   165324 kB
Unevictable:        3816 kB
Mlocked:               0 kB
HighTotal:       1217536 kB
HighFree:          56792 kB
LowTotal:         528004 kB
LowFree:           30528 kB
SwapTotal:       1310716 kB
SwapFree:         641784 kB
Dirty:                52 kB
Writeback:             0 kB
AnonPages:        609268 kB
Mapped:           300832 kB
Shmem:               468 kB
Slab:              60284 kB
SReclaimable:      15776 kB
SUnreclaim:        44508 kB
KernelStack:       15912 kB
PageTables:        56168 kB
NFS_Unstable:          0 kB
Bounce:                0 kB
WritebackTmp:          0 kB
CommitLimit:     2183484 kB
Committed_AS:   132948124 kB
VmallocTotal:     311296 kB
VmallocUsed:       39584 kB
VmallocChunk:     145420 kB
Time pass: 148 sec

---2015-11-23 15:19:04
MemTotal:        1745540 kB
MemFree:           87476 kB
Buffers:            7236 kB
Cached:           311844 kB
SwapCached:        47380 kB
Active:           468452 kB
Inactive:         484732 kB
Active(anon):     319164 kB
Inactive(anon):   319408 kB
Active(file):     149288 kB
Inactive(file):   165324 kB
Unevictable:        3816 kB
Mlocked:               0 kB
HighTotal:       1217536 kB
HighFree:          55876 kB
LowTotal:         528004 kB
LowFree:           31600 kB
SwapTotal:       1310716 kB
SwapFree:         642004 kB
Dirty:                32 kB
Writeback:             0 kB
AnonPages:        610508 kB
Mapped:           300792 kB
Shmem:               652 kB
Slab:              60236 kB
SReclaimable:      15776 kB
SUnreclaim:        44460 kB
KernelStack:       15872 kB
PageTables:        56184 kB
NFS_Unstable:          0 kB
Bounce:                0 kB
WritebackTmp:          0 kB
CommitLimit:     2183484 kB
Committed_AS:   132950236 kB
VmallocTotal:     311296 kB
VmallocUsed:       39584 kB
VmallocChunk:     145420 kB
Time pass: 151 sec

---2015-11-23 15:19:04
MemTotal:        1745540 kB
MemFree:           89100 kB
Buffers:            7236 kB
Cached:           311580 kB
SwapCached:        47376 kB
Active:           468268 kB
Inactive:         484824 kB
Active(anon):     319228 kB
Inactive(anon):   319500 kB
Active(file):     149040 kB
Inactive(file):   165324 kB
Unevictable:        3816 kB
Mlocked:               0 kB
HighTotal:       1217536 kB
HighFree:          56180 kB
LowTotal:         528004 kB
LowFree:           32920 kB
SwapTotal:       1310716 kB
SwapFree:         642012 kB
Dirty:                 0 kB
Writeback:            32 kB
AnonPages:        610724 kB
Mapped:           300712 kB
Shmem:               684 kB
Slab:              60260 kB
SReclaimable:      15776 kB
SUnreclaim:        44484 kB
KernelStack:       15912 kB
PageTables:        56184 kB
NFS_Unstable:          0 kB
Bounce:                0 kB
WritebackTmp:          0 kB
CommitLimit:     2183484 kB
Committed_AS:   132950372 kB
VmallocTotal:     311296 kB
VmallocUsed:       39584 kB
VmallocChunk:     145420 kB
Time pass: 155 sec

---2015-11-23 15:19:04
MemTotal:        1745540 kB
MemFree:           87108 kB
Buffers:            7244 kB
Cached:           311916 kB
SwapCached:        47372 kB
Active:           468692 kB
Inactive:         485228 kB
Active(anon):     319652 kB
Inactive(anon):   319608 kB
Active(file):     149040 kB
Inactive(file):   165620 kB
Unevictable:        3816 kB
Mlocked:               0 kB
HighTotal:       1217536 kB
HighFree:          55196 kB
LowTotal:         528004 kB
LowFree:           31912 kB
SwapTotal:       1310716 kB
SwapFree:         642124 kB
Dirty:                12 kB
Writeback:             0 kB
AnonPages:        611216 kB
Mapped:           300868 kB
Shmem:               684 kB
Slab:              60256 kB
SReclaimable:      15776 kB
SUnreclaim:        44480 kB
KernelStack:       15880 kB
PageTables:        56180 kB
NFS_Unstable:          0 kB
Bounce:                0 kB
WritebackTmp:          0 kB
CommitLimit:     2183484 kB
Committed_AS:   132950524 kB
VmallocTotal:     311296 kB
VmallocUsed:       39584 kB
VmallocChunk:     145420 kB
Time pass: 158 sec

---2015-11-23 15:19:04
MemTotal:        1745540 kB
MemFree:           84844 kB
Buffers:            7256 kB
Cached:           295184 kB
SwapCached:        47324 kB
Active:           467148 kB
Inactive:         465980 kB
Active(anon):     319404 kB
Inactive(anon):   315492 kB
Active(file):     147744 kB
Inactive(file):   150488 kB
Unevictable:        3816 kB
Mlocked:               0 kB
HighTotal:       1217536 kB
HighFree:          52376 kB
LowTotal:         528004 kB
LowFree:           32468 kB
SwapTotal:       1310716 kB
SwapFree:         634920 kB
Dirty:                52 kB
Writeback:             0 kB
AnonPages:        607012 kB
Mapped:           284588 kB
Shmem:               224 kB
Slab:              61024 kB
SReclaimable:      15776 kB
SUnreclaim:        45248 kB
KernelStack:       15752 kB
PageTables:        55976 kB
NFS_Unstable:          0 kB
Bounce:                0 kB
WritebackTmp:          0 kB
CommitLimit:     2183484 kB
Committed_AS:   132930000 kB
VmallocTotal:     311296 kB
VmallocUsed:       39516 kB
VmallocChunk:     145420 kB
Time pass: 162 sec

---2015-11-23 15:19:04
MemTotal:        1745540 kB
MemFree:           80836 kB
Buffers:            7304 kB
Cached:           289640 kB
SwapCached:        47356 kB
Active:           467908 kB
Inactive:         466732 kB
Active(anon):     321560 kB
Inactive(anon):   320348 kB
Active(file):     146348 kB
Inactive(file):   146384 kB
Unevictable:        3816 kB
Mlocked:               0 kB
HighTotal:       1217536 kB
HighFree:          47916 kB
LowTotal:         528004 kB
LowFree:           32920 kB
SwapTotal:       1310716 kB
SwapFree:         633112 kB
Dirty:                72 kB
Writeback:             0 kB
AnonPages:        613808 kB
Mapped:           285336 kB
Shmem:               428 kB
Slab:              60752 kB
SReclaimable:      15776 kB
SUnreclaim:        44976 kB
KernelStack:       15896 kB
PageTables:        56200 kB
NFS_Unstable:          0 kB
Bounce:                0 kB
WritebackTmp:          0 kB
CommitLimit:     2183484 kB
Committed_AS:   132969292 kB
VmallocTotal:     311296 kB
VmallocUsed:       39584 kB
VmallocChunk:     145420 kB
Time pass: 166 sec

---2015-11-23 15:19:04
MemTotal:        1745540 kB
MemFree:           75080 kB
Buffers:            7320 kB
Cached:           289952 kB
SwapCached:        47352 kB
Active:           470892 kB
Inactive:         467020 kB
Active(anon):     324528 kB
Inactive(anon):   320420 kB
Active(file):     146364 kB
Inactive(file):   146600 kB
Unevictable:        3816 kB
Mlocked:               0 kB
HighTotal:       1217536 kB
HighFree:          43660 kB
LowTotal:         528004 kB
LowFree:           31420 kB
SwapTotal:       1310716 kB
SwapFree:         633132 kB
Dirty:                 0 kB
Writeback:             0 kB
AnonPages:        616812 kB
Mapped:           284844 kB
Shmem:               492 kB
Slab:              60492 kB
SReclaimable:      15776 kB
SUnreclaim:        44716 kB
KernelStack:       15896 kB
PageTables:        56316 kB
NFS_Unstable:          0 kB
Bounce:                0 kB
WritebackTmp:          0 kB
CommitLimit:     2183484 kB
Committed_AS:   132971508 kB
VmallocTotal:     311296 kB
VmallocUsed:       39584 kB
VmallocChunk:     145420 kB
Time pass: 170 sec

---2015-11-23 15:19:04
MemTotal:        1745540 kB
MemFree:           75500 kB
Buffers:            7360 kB
Cached:           291228 kB
SwapCached:        47348 kB
Active:           471312 kB
Inactive:         468400 kB
Active(anon):     324924 kB
Inactive(anon):   321156 kB
Active(file):     146388 kB
Inactive(file):   147244 kB
Unevictable:        3816 kB
Mlocked:               0 kB
HighTotal:       1217536 kB
HighFree:          43112 kB
LowTotal:         528004 kB
LowFree:           32388 kB
SwapTotal:       1310716 kB
SwapFree:         633240 kB
Dirty:                44 kB
Writeback:             0 kB
AnonPages:        617440 kB
Mapped:           283980 kB
Shmem:              1140 kB
Slab:              60492 kB
SReclaimable:      15776 kB
SUnreclaim:        44716 kB
KernelStack:       15840 kB
PageTables:        56320 kB
NFS_Unstable:          0 kB
Bounce:                0 kB
WritebackTmp:          0 kB
CommitLimit:     2183484 kB
Committed_AS:   132972508 kB
VmallocTotal:     311296 kB
VmallocUsed:       39584 kB
VmallocChunk:     145420 kB
Time pass: 173 sec

---2015-11-23 15:19:04
MemTotal:        1745540 kB
MemFree:           75256 kB
Buffers:            7368 kB
Cached:           290816 kB
SwapCached:        47344 kB
Active:           472216 kB
Inactive:         467848 kB
Active(anon):     325928 kB
Inactive(anon):   320904 kB
Active(file):     146288 kB
Inactive(file):   146944 kB
Unevictable:        3816 kB
Mlocked:               0 kB
HighTotal:       1217536 kB
HighFree:          42344 kB
LowTotal:         528004 kB
LowFree:           32912 kB
SwapTotal:       1310716 kB
SwapFree:         633336 kB
Dirty:                32 kB
Writeback:             0 kB
AnonPages:        618128 kB
Mapped:           283852 kB
Shmem:              1140 kB
Slab:              60476 kB
SReclaimable:      15776 kB
SUnreclaim:        44700 kB
KernelStack:       15832 kB
PageTables:        56316 kB
NFS_Unstable:          0 kB
Bounce:                0 kB
WritebackTmp:          0 kB
CommitLimit:     2183484 kB
Committed_AS:   132975312 kB
VmallocTotal:     311296 kB
VmallocUsed:       39584 kB
VmallocChunk:     145420 kB
Time pass: 177 sec

---2015-11-23 15:19:04
MemTotal:        1745540 kB
MemFree:           74288 kB
Buffers:            7388 kB
Cached:           291156 kB
SwapCached:        47340 kB
Active:           473468 kB
Inactive:         468252 kB
Active(anon):     327176 kB
Inactive(anon):   320956 kB
Active(file):     146292 kB
Inactive(file):   147296 kB
Unevictable:        3816 kB
Mlocked:               0 kB
HighTotal:       1217536 kB
HighFree:          41404 kB
LowTotal:         528004 kB
LowFree:           32884 kB
SwapTotal:       1310716 kB
SwapFree:         633436 kB
Dirty:                40 kB
Writeback:             0 kB
AnonPages:        619396 kB
Mapped:           283624 kB
Shmem:              1140 kB
Slab:              60528 kB
SReclaimable:      15776 kB
SUnreclaim:        44752 kB
KernelStack:       15840 kB
PageTables:        56320 kB
NFS_Unstable:          0 kB
Bounce:                0 kB
WritebackTmp:          0 kB
CommitLimit:     2183484 kB
Committed_AS:   132973188 kB
VmallocTotal:     311296 kB
VmallocUsed:       39516 kB
VmallocChunk:     145420 kB
Time pass: 181 sec

---2015-11-23 15:19:04
MemTotal:        1745540 kB
MemFree:           74076 kB
Buffers:            7396 kB
Cached:           291156 kB
SwapCached:        47340 kB
Active:           473252 kB
Inactive:         468276 kB
Active(anon):     326960 kB
Inactive(anon):   320972 kB
Active(file):     146292 kB
Inactive(file):   147304 kB
Unevictable:        3816 kB
Mlocked:               0 kB
HighTotal:       1217536 kB
HighFree:          41144 kB
LowTotal:         528004 kB
LowFree:           32932 kB
SwapTotal:       1310716 kB
SwapFree:         633460 kB
Dirty:                28 kB
Writeback:             0 kB
AnonPages:        619192 kB
Mapped:           283748 kB
Shmem:              1140 kB
Slab:              60532 kB
SReclaimable:      15776 kB
SUnreclaim:        44756 kB
KernelStack:       15840 kB
PageTables:        56324 kB
NFS_Unstable:          0 kB
Bounce:                0 kB
WritebackTmp:          0 kB
CommitLimit:     2183484 kB
Committed_AS:   132973392 kB
VmallocTotal:     311296 kB
VmallocUsed:       39516 kB
VmallocChunk:     145420 kB
Time pass: 185 sec

---2015-11-23 15:19:04
MemTotal:        1745540 kB
MemFree:           73292 kB
Buffers:            7412 kB
Cached:           291156 kB
SwapCached:        47336 kB
Active:           473592 kB
Inactive:         468300 kB
Active(anon):     327300 kB
Inactive(anon):   320980 kB
Active(file):     146292 kB
Inactive(file):   147320 kB
Unevictable:        3816 kB
Mlocked:               0 kB
HighTotal:       1217536 kB
HighFree:          40868 kB
LowTotal:         528004 kB
LowFree:           32424 kB
SwapTotal:       1310716 kB
SwapFree:         633472 kB
Dirty:                44 kB
Writeback:             0 kB
AnonPages:        619572 kB
Mapped:           283624 kB
Shmem:              1140 kB
Slab:              60524 kB
SReclaimable:      15776 kB
SUnreclaim:        44748 kB
KernelStack:       15840 kB
PageTables:        56324 kB
NFS_Unstable:          0 kB
Bounce:                0 kB
WritebackTmp:          0 kB
CommitLimit:     2183484 kB
Committed_AS:   132973508 kB
VmallocTotal:     311296 kB
VmallocUsed:       39516 kB
VmallocChunk:     145420 kB
Time pass: 189 sec

---2015-11-23 15:19:04
MemTotal:        1745540 kB
MemFree:           72248 kB
Buffers:            7428 kB
Cached:           291244 kB
SwapCached:        47300 kB
Active:           474920 kB
Inactive:         468444 kB
Active(anon):     328628 kB
Inactive(anon):   321020 kB
Active(file):     146292 kB
Inactive(file):   147424 kB
Unevictable:        3816 kB
Mlocked:               0 kB
HighTotal:       1217536 kB
HighFree:          39692 kB
LowTotal:         528004 kB
LowFree:           32556 kB
SwapTotal:       1310716 kB
SwapFree:         633740 kB
Dirty:                40 kB
Writeback:             0 kB
AnonPages:        620960 kB
Mapped:           283752 kB
Shmem:              1140 kB
Slab:              60548 kB
SReclaimable:      15776 kB
SUnreclaim:        44772 kB
KernelStack:       15824 kB
PageTables:        56312 kB
NFS_Unstable:          0 kB
Bounce:                0 kB
WritebackTmp:          0 kB
CommitLimit:     2183484 kB
Committed_AS:   132973588 kB
VmallocTotal:     311296 kB
VmallocUsed:       39516 kB
VmallocChunk:     145420 kB
Time pass: 193 sec

---2015-11-23 15:19:04
MemTotal:        1745540 kB
MemFree:           73184 kB
Buffers:            7432 kB
Cached:           291024 kB
SwapCached:        47300 kB
Active:           474472 kB
Inactive:         468356 kB
Active(anon):     328296 kB
Inactive(anon):   321032 kB
Active(file):     146176 kB
Inactive(file):   147324 kB
Unevictable:        3816 kB
Mlocked:               0 kB
HighTotal:       1217536 kB
HighFree:          40140 kB
LowTotal:         528004 kB
LowFree:           33044 kB
SwapTotal:       1310716 kB
SwapFree:         633744 kB
Dirty:                28 kB
Writeback:             0 kB
AnonPages:        620720 kB
Mapped:           283424 kB
Shmem:              1140 kB
Slab:              60536 kB
SReclaimable:      15776 kB
SUnreclaim:        44760 kB
KernelStack:       15824 kB
PageTables:        56324 kB
NFS_Unstable:          0 kB
Bounce:                0 kB
WritebackTmp:          0 kB
CommitLimit:     2183484 kB
Committed_AS:   132973716 kB
VmallocTotal:     311296 kB
VmallocUsed:       39516 kB
VmallocChunk:     145420 kB
Time pass: 197 sec

---2015-11-23 15:19:04
MemTotal:        1745540 kB
MemFree:           71960 kB
Buffers:            7448 kB
Cached:           291024 kB
SwapCached:        47300 kB
Active:           474720 kB
Inactive:         468372 kB
Active(anon):     328544 kB
Inactive(anon):   321032 kB
Active(file):     146176 kB
Inactive(file):   147340 kB
Unevictable:        3816 kB
Mlocked:               0 kB
HighTotal:       1217536 kB
HighFree:          39480 kB
LowTotal:         528004 kB
LowFree:           32480 kB
SwapTotal:       1310716 kB
SwapFree:         633756 kB
Dirty:                40 kB
Writeback:             0 kB
AnonPages:        620964 kB
Mapped:           283608 kB
Shmem:              1140 kB
Slab:              60544 kB
SReclaimable:      15776 kB
SUnreclaim:        44768 kB
KernelStack:       15872 kB
PageTables:        56316 kB
NFS_Unstable:          0 kB
Bounce:                0 kB
WritebackTmp:          0 kB
CommitLimit:     2183484 kB
Committed_AS:   132975852 kB
VmallocTotal:     311296 kB
VmallocUsed:       39584 kB
VmallocChunk:     145420 kB
Time pass: 201 sec

---2015-11-23 15:19:04
MemTotal:        1745540 kB
MemFree:           70036 kB
Buffers:            7456 kB
Cached:           292128 kB
SwapCached:        47224 kB
Active:           477636 kB
Inactive:         466716 kB
Active(anon):     331364 kB
Inactive(anon):   318376 kB
Active(file):     146272 kB
Inactive(file):   148340 kB
Unevictable:        3816 kB
Mlocked:               0 kB
HighTotal:       1217536 kB
HighFree:          37328 kB
LowTotal:         528004 kB
LowFree:           32708 kB
SwapTotal:       1310716 kB
SwapFree:         636260 kB
Dirty:                 0 kB
Writeback:             0 kB
AnonPages:        621108 kB
Mapped:           283740 kB
Shmem:              1156 kB
Slab:              60536 kB
SReclaimable:      15776 kB
SUnreclaim:        44760 kB
KernelStack:       15888 kB
PageTables:        56308 kB
NFS_Unstable:          0 kB
Bounce:                0 kB
WritebackTmp:          0 kB
CommitLimit:     2183484 kB
Committed_AS:   132978984 kB
VmallocTotal:     311296 kB
VmallocUsed:       40604 kB
VmallocChunk:     145420 kB
Time pass: 204 sec

---2015-11-23 15:19:04
MemTotal:        1745540 kB
MemFree:           69816 kB
Buffers:            7356 kB
Cached:           292572 kB
SwapCached:        47224 kB
Active:           477568 kB
Inactive:         467884 kB
Active(anon):     331400 kB
Inactive(anon):   319188 kB
Active(file):     146168 kB
Inactive(file):   148696 kB
Unevictable:        3816 kB
Mlocked:               0 kB
HighTotal:       1217536 kB
HighFree:          35852 kB
LowTotal:         528004 kB
LowFree:           33964 kB
SwapTotal:       1310716 kB
SwapFree:         636644 kB
Dirty:                72 kB
Writeback:             0 kB
AnonPages:        621780 kB
Mapped:           283612 kB
Shmem:              1248 kB
Slab:              60544 kB
SReclaimable:      15776 kB
SUnreclaim:        44768 kB
KernelStack:       15840 kB
PageTables:        56328 kB
NFS_Unstable:          0 kB
Bounce:                0 kB
WritebackTmp:          0 kB
CommitLimit:     2183484 kB
Committed_AS:   132979264 kB
VmallocTotal:     311296 kB
VmallocUsed:       40536 kB
VmallocChunk:     145420 kB
Time pass: 208 sec

---2015-11-23 15:19:04
MemTotal:        1745540 kB
MemFree:           69584 kB
Buffers:            7356 kB
Cached:           292572 kB
SwapCached:        47220 kB
Active:           478256 kB
Inactive:         467808 kB
Active(anon):     332088 kB
Inactive(anon):   319112 kB
Active(file):     146168 kB
Inactive(file):   148696 kB
Unevictable:        3816 kB
Mlocked:               0 kB
HighTotal:       1217536 kB
HighFree:          35192 kB
LowTotal:         528004 kB
LowFree:           34392 kB
SwapTotal:       1310716 kB
SwapFree:         636688 kB
Dirty:                 0 kB
Writeback:             0 kB
AnonPages:        622500 kB
Mapped:           283488 kB
Shmem:              1248 kB
Slab:              60540 kB
SReclaimable:      15776 kB
SUnreclaim:        44764 kB
KernelStack:       15840 kB
PageTables:        56348 kB
NFS_Unstable:          0 kB
Bounce:                0 kB
WritebackTmp:          0 kB
CommitLimit:     2183484 kB
Committed_AS:   132981384 kB
VmallocTotal:     311296 kB
VmallocUsed:       40604 kB
VmallocChunk:     145420 kB
Time pass: 212 sec

---2015-11-23 15:19:04
MemTotal:        1745540 kB
MemFree:           67656 kB
Buffers:            7380 kB
Cached:           293276 kB
SwapCached:        47116 kB
Active:           480704 kB
Inactive:         467372 kB
Active(anon):     334612 kB
Inactive(anon):   317872 kB
Active(file):     146092 kB
Inactive(file):   149500 kB
Unevictable:        3816 kB
Mlocked:               0 kB
HighTotal:       1217536 kB
HighFree:          33408 kB
LowTotal:         528004 kB
LowFree:           34248 kB
SwapTotal:       1310716 kB
SwapFree:         640124 kB
Dirty:                32 kB
Writeback:             0 kB
AnonPages:        623912 kB
Mapped:           283432 kB
Shmem:              1248 kB
Slab:              60524 kB
SReclaimable:      15776 kB
SUnreclaim:        44748 kB
KernelStack:       15744 kB
PageTables:        55796 kB
NFS_Unstable:          0 kB
Bounce:                0 kB
WritebackTmp:          0 kB
CommitLimit:     2183484 kB
Committed_AS:   131474240 kB
VmallocTotal:     311296 kB
VmallocUsed:       39584 kB
VmallocChunk:     145420 kB
Time pass: 215 sec

---2015-11-23 15:19:04
MemTotal:        1745540 kB
MemFree:           67580 kB
Buffers:            7396 kB
Cached:           293292 kB
SwapCached:        47116 kB
Active:           481084 kB
Inactive:         467348 kB
Active(anon):     334992 kB
Inactive(anon):   317824 kB
Active(file):     146092 kB
Inactive(file):   149524 kB
Unevictable:        3816 kB
Mlocked:               0 kB
HighTotal:       1217536 kB
HighFree:          33000 kB
LowTotal:         528004 kB
LowFree:           34580 kB
SwapTotal:       1310716 kB
SwapFree:         640140 kB
Dirty:                44 kB
Writeback:             0 kB
AnonPages:        624180 kB
Mapped:           283436 kB
Shmem:              1248 kB
Slab:              60500 kB
SReclaimable:      15776 kB
SUnreclaim:        44724 kB
KernelStack:       15776 kB
PageTables:        55792 kB
NFS_Unstable:          0 kB
Bounce:                0 kB
WritebackTmp:          0 kB
CommitLimit:     2183484 kB
Committed_AS:   131476384 kB
VmallocTotal:     311296 kB
VmallocUsed:       39584 kB
VmallocChunk:     145420 kB
Time pass: 219 sec

---2015-11-23 15:19:04
MemTotal:        1745540 kB
MemFree:           69556 kB
Buffers:            7392 kB
Cached:           293008 kB
SwapCached:        47116 kB
Active:           481140 kB
Inactive:         467116 kB
Active(anon):     335144 kB
Inactive(anon):   317820 kB
Active(file):     145996 kB
Inactive(file):   149296 kB
Unevictable:        3816 kB
Mlocked:               0 kB
HighTotal:       1217536 kB
HighFree:          33392 kB
LowTotal:         528004 kB
LowFree:           36164 kB
SwapTotal:       1310716 kB
SwapFree:         640140 kB
Dirty:                44 kB
Writeback:             0 kB
AnonPages:        624156 kB
Mapped:           283272 kB
Shmem:              1248 kB
Slab:              60516 kB
SReclaimable:      15792 kB
SUnreclaim:        44724 kB
KernelStack:       15736 kB
PageTables:        55800 kB
NFS_Unstable:          0 kB
Bounce:                0 kB
WritebackTmp:          0 kB
CommitLimit:     2183484 kB
Committed_AS:   131476456 kB
VmallocTotal:     311296 kB
VmallocUsed:       39584 kB
VmallocChunk:     145420 kB
Time pass: 223 sec

---2015-11-23 15:19:04
MemTotal:        1745540 kB
MemFree:           68300 kB
Buffers:            7400 kB
Cached:           292964 kB
SwapCached:        47116 kB
Active:           480492 kB
Inactive:         467136 kB
Active(anon):     334496 kB
Inactive(anon):   317832 kB
Active(file):     145996 kB
Inactive(file):   149304 kB
Unevictable:        3816 kB
Mlocked:               0 kB
HighTotal:       1217536 kB
HighFree:          33148 kB
LowTotal:         528004 kB
LowFree:           35152 kB
SwapTotal:       1310716 kB
SwapFree:         640160 kB
Dirty:                28 kB
Writeback:             0 kB
AnonPages:        623804 kB
Mapped:           283072 kB
Shmem:              1248 kB
Slab:              60508 kB
SReclaimable:      15792 kB
SUnreclaim:        44716 kB
KernelStack:       15736 kB
PageTables:        55792 kB
NFS_Unstable:          0 kB
Bounce:                0 kB
WritebackTmp:          0 kB
CommitLimit:     2183484 kB
Committed_AS:   131476648 kB
VmallocTotal:     311296 kB
VmallocUsed:       39584 kB
VmallocChunk:     145420 kB
Time pass: 226 sec

---2015-11-23 15:19:04
MemTotal:        1745540 kB
MemFree:           65916 kB
Buffers:            7552 kB
Cached:           292968 kB
SwapCached:        47116 kB
Active:           482908 kB
Inactive:         467312 kB
Active(anon):     336912 kB
Inactive(anon):   317852 kB
Active(file):     145996 kB
Inactive(file):   149460 kB
Unevictable:        3816 kB
Mlocked:               0 kB
HighTotal:       1217536 kB
HighFree:          31112 kB
LowTotal:         528004 kB
LowFree:           34804 kB
SwapTotal:       1310716 kB
SwapFree:         640180 kB
Dirty:                64 kB
Writeback:             0 kB
AnonPages:        626176 kB
Mapped:           283256 kB
Shmem:              1248 kB
Slab:              60528 kB
SReclaimable:      15792 kB
SUnreclaim:        44736 kB
KernelStack:       15744 kB
PageTables:        55796 kB
NFS_Unstable:          0 kB
Bounce:                0 kB
WritebackTmp:          0 kB
CommitLimit:     2183484 kB
Committed_AS:   131477176 kB
VmallocTotal:     311296 kB
VmallocUsed:       39584 kB
VmallocChunk:     145420 kB
Time pass: 230 sec

---2015-11-23 15:19:04
MemTotal:        1745540 kB
MemFree:           66272 kB
Buffers:            7552 kB
Cached:           292972 kB
SwapCached:        47116 kB
Active:           482256 kB
Inactive:         467320 kB
Active(anon):     336260 kB
Inactive(anon):   317856 kB
Active(file):     145996 kB
Inactive(file):   149464 kB
Unevictable:        3816 kB
Mlocked:               0 kB
HighTotal:       1217536 kB
HighFree:          31320 kB
LowTotal:         528004 kB
LowFree:           34952 kB
SwapTotal:       1310716 kB
SwapFree:         640184 kB
Dirty:                60 kB
Writeback:             0 kB
AnonPages:        625512 kB
Mapped:           283152 kB
Shmem:              1248 kB
Slab:              60516 kB
SReclaimable:      15792 kB
SUnreclaim:        44724 kB
KernelStack:       15736 kB
PageTables:        55780 kB
NFS_Unstable:          0 kB
Bounce:                0 kB
WritebackTmp:          0 kB
CommitLimit:     2183484 kB
Committed_AS:   131477256 kB
VmallocTotal:     311296 kB
VmallocUsed:       39516 kB
VmallocChunk:     145420 kB
Time pass: 234 sec

---2015-11-23 15:19:04
MemTotal:        1745540 kB
MemFree:           64660 kB
Buffers:            7564 kB
Cached:           292792 kB
SwapCached:        47116 kB
Active:           483924 kB
Inactive:         467112 kB
Active(anon):     337884 kB
Inactive(anon):   317860 kB
Active(file):     146040 kB
Inactive(file):   149252 kB
Unevictable:        3816 kB
Mlocked:               0 kB
HighTotal:       1217536 kB
HighFree:          29864 kB
LowTotal:         528004 kB
LowFree:           34796 kB
SwapTotal:       1310716 kB
SwapFree:         640192 kB
Dirty:                64 kB
Writeback:             0 kB
AnonPages:        626992 kB
Mapped:           283160 kB
Shmem:              1248 kB
Slab:              60512 kB
SReclaimable:      15792 kB
SUnreclaim:        44720 kB
KernelStack:       15752 kB
PageTables:        55792 kB
NFS_Unstable:          0 kB
Bounce:                0 kB
WritebackTmp:          0 kB
CommitLimit:     2183484 kB
Committed_AS:   131477456 kB
VmallocTotal:     311296 kB
VmallocUsed:       39584 kB
VmallocChunk:     145420 kB
Time pass: 238 sec

---2015-11-23 15:19:04
MemTotal:        1745540 kB
MemFree:           67176 kB
Buffers:            7392 kB
Cached:           292644 kB
SwapCached:        47116 kB
Active:           483596 kB
Inactive:         466976 kB
Active(anon):     337804 kB
Inactive(anon):   317880 kB
Active(file):     145792 kB
Inactive(file):   149096 kB
Unevictable:        3816 kB
Mlocked:               0 kB
HighTotal:       1217536 kB
HighFree:          30460 kB
LowTotal:         528004 kB
LowFree:           36716 kB
SwapTotal:       1310716 kB
SwapFree:         640204 kB
Dirty:                28 kB
Writeback:             0 kB
AnonPages:        627056 kB
Mapped:           282920 kB
Shmem:              1248 kB
Slab:              60520 kB
SReclaimable:      15792 kB
SUnreclaim:        44728 kB
KernelStack:       15752 kB
PageTables:        55804 kB
NFS_Unstable:          0 kB
Bounce:                0 kB
WritebackTmp:          0 kB
CommitLimit:     2183484 kB
Committed_AS:   131477528 kB
VmallocTotal:     311296 kB
VmallocUsed:       39584 kB
VmallocChunk:     145420 kB
Time pass: 241 sec

---2015-11-23 15:19:04
MemTotal:        1745540 kB
MemFree:           65184 kB
Buffers:            7408 kB
Cached:           292564 kB
SwapCached:        47116 kB
Active:           484064 kB
Inactive:         467036 kB
Active(anon):     338268 kB
Inactive(anon):   317924 kB
Active(file):     145796 kB
Inactive(file):   149112 kB
Unevictable:        3816 kB
Mlocked:               0 kB
HighTotal:       1217536 kB
HighFree:          29468 kB
LowTotal:         528004 kB
LowFree:           35716 kB
SwapTotal:       1310716 kB
SwapFree:         640252 kB
Dirty:                44 kB
Writeback:             0 kB
AnonPages:        627460 kB
Mapped:           283004 kB
Shmem:              1248 kB
Slab:              60508 kB
SReclaimable:      15792 kB
SUnreclaim:        44716 kB
KernelStack:       15752 kB
PageTables:        55788 kB
NFS_Unstable:          0 kB
Bounce:                0 kB
WritebackTmp:          0 kB
CommitLimit:     2183484 kB
Committed_AS:   131477624 kB
VmallocTotal:     311296 kB
VmallocUsed:       39516 kB
VmallocChunk:     145420 kB
Time pass: 245 sec

---2015-11-23 15:19:04
MemTotal:        1745540 kB
MemFree:           61812 kB
Buffers:            7424 kB
Cached:           293720 kB
SwapCached:        47088 kB
Active:           485916 kB
Inactive:         468572 kB
Active(anon):     340120 kB
Inactive(anon):   318288 kB
Active(file):     145796 kB
Inactive(file):   150284 kB
Unevictable:        3816 kB
Mlocked:               0 kB
HighTotal:       1217536 kB
HighFree:          26376 kB
LowTotal:         528004 kB
LowFree:           35436 kB
SwapTotal:       1310716 kB
SwapFree:         640680 kB
Dirty:                44 kB
Writeback:             0 kB
AnonPages:        629732 kB
Mapped:           283036 kB
Shmem:              1248 kB
Slab:              60548 kB
SReclaimable:      15792 kB
SUnreclaim:        44756 kB
KernelStack:       15752 kB
PageTables:        55796 kB
NFS_Unstable:          0 kB
Bounce:                0 kB
WritebackTmp:          0 kB
CommitLimit:     2183484 kB
Committed_AS:   131477776 kB
VmallocTotal:     311296 kB
VmallocUsed:       39516 kB
VmallocChunk:     145420 kB
Time pass: 249 sec

---2015-11-23 15:19:04
MemTotal:        1745540 kB
MemFree:           61184 kB
Buffers:            7432 kB
Cached:           294184 kB
SwapCached:        47088 kB
Active:           485732 kB
Inactive:         469024 kB
Active(anon):     339936 kB
Inactive(anon):   318336 kB
Active(file):     145796 kB
Inactive(file):   150688 kB
Unevictable:        3816 kB
Mlocked:               0 kB
HighTotal:       1217536 kB
HighFree:          25744 kB
LowTotal:         528004 kB
LowFree:           35440 kB
SwapTotal:       1310716 kB
SwapFree:         640732 kB
Dirty:                 0 kB
Writeback:             0 kB
AnonPages:        629692 kB
Mapped:           282912 kB
Shmem:              1248 kB
Slab:              60540 kB
SReclaimable:      15792 kB
SUnreclaim:        44748 kB
KernelStack:       15752 kB
PageTables:        55812 kB
NFS_Unstable:          0 kB
Bounce:                0 kB
WritebackTmp:          0 kB
CommitLimit:     2183484 kB
Committed_AS:   131477848 kB
VmallocTotal:     311296 kB
VmallocUsed:       39516 kB
VmallocChunk:     145420 kB
Time pass: 253 sec

---2015-11-23 15:19:04
MemTotal:        1745540 kB
MemFree:           60132 kB
Buffers:            7448 kB
Cached:           295116 kB
SwapCached:        47088 kB
Active:           486844 kB
Inactive:         470008 kB
Active(anon):     341048 kB
Inactive(anon):   318304 kB
Active(file):     145796 kB
Inactive(file):   151704 kB
Unevictable:        3816 kB
Mlocked:               0 kB
HighTotal:       1217536 kB
HighFree:          24292 kB
LowTotal:         528004 kB
LowFree:           35840 kB
SwapTotal:       1310716 kB
SwapFree:         640756 kB
Dirty:                44 kB
Writeback:             0 kB
AnonPages:        630876 kB
Mapped:           282964 kB
Shmem:              1248 kB
Slab:              60536 kB
SReclaimable:      15792 kB
SUnreclaim:        44744 kB
KernelStack:       15744 kB
PageTables:        55800 kB
NFS_Unstable:          0 kB
Bounce:                0 kB
WritebackTmp:          0 kB
CommitLimit:     2183484 kB
Committed_AS:   131477960 kB
VmallocTotal:     311296 kB
VmallocUsed:       39584 kB
VmallocChunk:     145420 kB
Time pass: 256 sec

---2015-11-23 15:19:04
MemTotal:        1745540 kB
MemFree:           61056 kB
Buffers:            7456 kB
Cached:           295108 kB
SwapCached:        47088 kB
Active:           485308 kB
Inactive:         470028 kB
Active(anon):     339512 kB
Inactive(anon):   318324 kB
Active(file):     145796 kB
Inactive(file):   151704 kB
Unevictable:        3816 kB
Mlocked:               0 kB
HighTotal:       1217536 kB
HighFree:          25928 kB
LowTotal:         528004 kB
LowFree:           35128 kB
SwapTotal:       1310716 kB
SwapFree:         640760 kB
Dirty:                 0 kB
Writeback:             0 kB
AnonPages:        629280 kB
Mapped:           282964 kB
Shmem:              1248 kB
Slab:              60512 kB
SReclaimable:      15792 kB
SUnreclaim:        44720 kB
KernelStack:       15792 kB
PageTables:        55808 kB
NFS_Unstable:          0 kB
Bounce:                0 kB
WritebackTmp:          0 kB
CommitLimit:     2183484 kB
Committed_AS:   131478088 kB
VmallocTotal:     311296 kB
VmallocUsed:       39584 kB
VmallocChunk:     145420 kB
Time pass: 260 sec

---2015-11-23 15:19:04
MemTotal:        1745540 kB
MemFree:           60300 kB
Buffers:            7472 kB
Cached:           295116 kB
SwapCached:        47088 kB
Active:           486020 kB
Inactive:         470024 kB
Active(anon):     340224 kB
Inactive(anon):   318296 kB
Active(file):     145796 kB
Inactive(file):   151728 kB
Unevictable:        3816 kB
Mlocked:               0 kB
HighTotal:       1217536 kB
HighFree:          25048 kB
LowTotal:         528004 kB
LowFree:           35252 kB
SwapTotal:       1310716 kB
SwapFree:         640776 kB
Dirty:                40 kB
Writeback:             0 kB
AnonPages:        629856 kB
Mapped:           283088 kB
Shmem:              1248 kB
Slab:              60540 kB
SReclaimable:      15792 kB
SUnreclaim:        44748 kB
KernelStack:       15792 kB
PageTables:        55788 kB
NFS_Unstable:          0 kB
Bounce:                0 kB
WritebackTmp:          0 kB
CommitLimit:     2183484 kB
Committed_AS:   131478176 kB
VmallocTotal:     311296 kB
VmallocUsed:       39516 kB
VmallocChunk:     145420 kB
Time pass: 264 sec

---2015-11-23 15:19:04
MemTotal:        1745540 kB
MemFree:           59008 kB
Buffers:            7488 kB
Cached:           295472 kB
SwapCached:        47084 kB
Active:           485936 kB
Inactive:         470408 kB
Active(anon):     340140 kB
Inactive(anon):   318308 kB
Active(file):     145796 kB
Inactive(file):   152100 kB
Unevictable:        3816 kB
Mlocked:               0 kB
HighTotal:       1217536 kB
HighFree:          23720 kB
LowTotal:         528004 kB
LowFree:           35288 kB
SwapTotal:       1310716 kB
SwapFree:         640876 kB
Dirty:                 0 kB
Writeback:             0 kB
AnonPages:        629844 kB
Mapped:           283148 kB
Shmem:              1248 kB
Slab:              60528 kB
SReclaimable:      15792 kB
SUnreclaim:        44736 kB
KernelStack:       15752 kB
PageTables:        55796 kB
NFS_Unstable:          0 kB
Bounce:                0 kB
WritebackTmp:          0 kB
CommitLimit:     2183484 kB
Committed_AS:   131473856 kB
VmallocTotal:     311296 kB
VmallocUsed:       39584 kB
VmallocChunk:     145420 kB
Time pass: 267 sec

---2015-11-23 15:19:04
MemTotal:        1745540 kB
MemFree:           59392 kB
Buffers:            7488 kB
Cached:           295724 kB
SwapCached:        47084 kB
Active:           486436 kB
Inactive:         470736 kB
Active(anon):     340640 kB
Inactive(anon):   318384 kB
Active(file):     145796 kB
Inactive(file):   152352 kB
Unevictable:        3816 kB
Mlocked:               0 kB
HighTotal:       1217536 kB
HighFree:          24124 kB
LowTotal:         528004 kB
LowFree:           35268 kB
SwapTotal:       1310716 kB
SwapFree:         640888 kB
Dirty:                44 kB
Writeback:             0 kB
AnonPages:        630460 kB
Mapped:           283024 kB
Shmem:              1248 kB
Slab:              60492 kB
SReclaimable:      15792 kB
SUnreclaim:        44700 kB
KernelStack:       15760 kB
PageTables:        55800 kB
NFS_Unstable:          0 kB
Bounce:                0 kB
WritebackTmp:          0 kB
CommitLimit:     2183484 kB
Committed_AS:   131473808 kB
VmallocTotal:     311296 kB
VmallocUsed:       39584 kB
VmallocChunk:     145420 kB
Time pass: 271 sec

---2015-11-23 15:19:04
MemTotal:        1745540 kB
MemFree:           65116 kB
Buffers:            7512 kB
Cached:           295708 kB
SwapCached:        47084 kB
Active:           479704 kB
Inactive:         470728 kB
Active(anon):     333908 kB
Inactive(anon):   318368 kB
Active(file):     145796 kB
Inactive(file):   152360 kB
Unevictable:        3816 kB
Mlocked:               0 kB
HighTotal:       1217536 kB
HighFree:          30324 kB
LowTotal:         528004 kB
LowFree:           34792 kB
SwapTotal:       1310716 kB
SwapFree:         640896 kB
Dirty:                28 kB
Writeback:             0 kB
AnonPages:        623648 kB
Mapped:           283208 kB
Shmem:              1248 kB
Slab:              60496 kB
SReclaimable:      15792 kB
SUnreclaim:        44704 kB
KernelStack:       15728 kB
PageTables:        55800 kB
NFS_Unstable:          0 kB
Bounce:                0 kB
WritebackTmp:          0 kB
CommitLimit:     2183484 kB
Committed_AS:   131474008 kB
VmallocTotal:     311296 kB
VmallocUsed:       39584 kB
VmallocChunk:     145420 kB
Time pass: 275 sec

---2015-11-23 15:19:04
MemTotal:        1745540 kB
MemFree:           67188 kB
Buffers:            7288 kB
Cached:           295720 kB
SwapCached:        47076 kB
Active:           478596 kB
Inactive:         470460 kB
Active(anon):     332800 kB
Inactive(anon):   318312 kB
Active(file):     145796 kB
Inactive(file):   152148 kB
Unevictable:        3816 kB
Mlocked:               0 kB
HighTotal:       1217536 kB
HighFree:          31520 kB
LowTotal:         528004 kB
LowFree:           35668 kB
SwapTotal:       1310716 kB
SwapFree:         640948 kB
Dirty:                40 kB
Writeback:             0 kB
AnonPages:        622516 kB
Mapped:           283148 kB
Shmem:              1248 kB
Slab:              60500 kB
SReclaimable:      15792 kB
SUnreclaim:        44708 kB
KernelStack:       15728 kB
PageTables:        55792 kB
NFS_Unstable:          0 kB
Bounce:                0 kB
WritebackTmp:          0 kB
CommitLimit:     2183484 kB
Committed_AS:   131474096 kB
VmallocTotal:     311296 kB
VmallocUsed:       39516 kB
VmallocChunk:     145420 kB
Time pass: 278 sec

---2015-11-23 15:19:04
MemTotal:        1745540 kB
MemFree:           66736 kB
Buffers:            7296 kB
Cached:           295720 kB
SwapCached:        47068 kB
Active:           478960 kB
Inactive:         470468 kB
Active(anon):     333164 kB
Inactive(anon):   318312 kB
Active(file):     145796 kB
Inactive(file):   152156 kB
Unevictable:        3816 kB
Mlocked:               0 kB
HighTotal:       1217536 kB
HighFree:          31060 kB
LowTotal:         528004 kB
LowFree:           35676 kB
SwapTotal:       1310716 kB
SwapFree:         640964 kB
Dirty:                28 kB
Writeback:             0 kB
AnonPages:        622816 kB
Mapped:           283148 kB
Shmem:              1248 kB
Slab:              60496 kB
SReclaimable:      15792 kB
SUnreclaim:        44704 kB
KernelStack:       15728 kB
PageTables:        55800 kB
NFS_Unstable:          0 kB
Bounce:                0 kB
WritebackTmp:          0 kB
CommitLimit:     2183484 kB
Committed_AS:   131474184 kB
VmallocTotal:     311296 kB
VmallocUsed:       39516 kB
VmallocChunk:     145420 kB
Time pass: 282 sec

---2015-11-23 15:19:04
MemTotal:        1745540 kB
MemFree:           68324 kB
Buffers:            7084 kB
Cached:           295800 kB
SwapCached:        47068 kB
Active:           479536 kB
Inactive:         470240 kB
Active(anon):     333740 kB
Inactive(anon):   318296 kB
Active(file):     145796 kB
Inactive(file):   151944 kB
Unevictable:        3816 kB
Mlocked:               0 kB
HighTotal:       1217536 kB
HighFree:          31148 kB
LowTotal:         528004 kB
LowFree:           37176 kB
SwapTotal:       1310716 kB
SwapFree:         640976 kB
Dirty:                40 kB
Writeback:             0 kB
AnonPages:        623452 kB
Mapped:           283208 kB
Shmem:              1248 kB
Slab:              60520 kB
SReclaimable:      15792 kB
SUnreclaim:        44728 kB
KernelStack:       15728 kB
PageTables:        55800 kB
NFS_Unstable:          0 kB
Bounce:                0 kB
WritebackTmp:          0 kB
CommitLimit:     2183484 kB
Committed_AS:   131474296 kB
VmallocTotal:     311296 kB
VmallocUsed:       39584 kB
VmallocChunk:     145420 kB
Time pass: 286 sec

---2015-11-23 15:19:04
MemTotal:        1745540 kB
MemFree:           66836 kB
Buffers:            7092 kB
Cached:           295720 kB
SwapCached:        47068 kB
Active:           479536 kB
Inactive:         470180 kB
Active(anon):     333740 kB
Inactive(anon):   318228 kB
Active(file):     145796 kB
Inactive(file):   151952 kB
Unevictable:        3816 kB
Mlocked:               0 kB
HighTotal:       1217536 kB
HighFree:          30488 kB
LowTotal:         528004 kB
LowFree:           36348 kB
SwapTotal:       1310716 kB
SwapFree:         640992 kB
Dirty:                28 kB
Writeback:             0 kB
AnonPages:        623376 kB
Mapped:           283024 kB
Shmem:              1248 kB
Slab:              60512 kB
SReclaimable:      15792 kB
SUnreclaim:        44720 kB
KernelStack:       15728 kB
PageTables:        55796 kB
NFS_Unstable:          0 kB
Bounce:                0 kB
WritebackTmp:          0 kB
CommitLimit:     2183484 kB
Committed_AS:   131474448 kB
VmallocTotal:     311296 kB
VmallocUsed:       39516 kB
VmallocChunk:     145420 kB
Time pass: 289 sec

---2015-11-23 15:19:04
MemTotal:        1745540 kB
MemFree:           66528 kB
Buffers:            6904 kB
Cached:           295696 kB
SwapCached:        47068 kB
Active:           480256 kB
Inactive:         470108 kB
Active(anon):     334584 kB
Inactive(anon):   318244 kB
Active(file):     145672 kB
Inactive(file):   151864 kB
Unevictable:        3816 kB
Mlocked:               0 kB
HighTotal:       1217536 kB
HighFree:          30216 kB
LowTotal:         528004 kB
LowFree:           36312 kB
SwapTotal:       1310716 kB
SwapFree:         641016 kB
Dirty:                40 kB
Writeback:             0 kB
AnonPages:        624304 kB
Mapped:           283020 kB
Shmem:              1248 kB
Slab:              60492 kB
SReclaimable:      15792 kB
SUnreclaim:        44700 kB
KernelStack:       15720 kB
PageTables:        55804 kB
NFS_Unstable:          0 kB
Bounce:                0 kB
WritebackTmp:          0 kB
CommitLimit:     2183484 kB
Committed_AS:   131474536 kB
VmallocTotal:     311296 kB
VmallocUsed:       39516 kB
VmallocChunk:     145420 kB
Time pass: 293 sec

---2015-11-23 15:19:04
MemTotal:        1745540 kB
MemFree:           65760 kB
Buffers:            6920 kB
Cached:           295696 kB
SwapCached:        47068 kB
Active:           480544 kB
Inactive:         470124 kB
Active(anon):     334872 kB
Inactive(anon):   318244 kB
Active(file):     145672 kB
Inactive(file):   151880 kB
Unevictable:        3816 kB
Mlocked:               0 kB
HighTotal:       1217536 kB
HighFree:          29272 kB
LowTotal:         528004 kB
LowFree:           36488 kB
SwapTotal:       1310716 kB
SwapFree:         641016 kB
Dirty:                44 kB
Writeback:             0 kB
AnonPages:        624612 kB
Mapped:           283020 kB
Shmem:              1248 kB
Slab:              60492 kB
SReclaimable:      15792 kB
SUnreclaim:        44700 kB
KernelStack:       15728 kB
PageTables:        55796 kB
NFS_Unstable:          0 kB
Bounce:                0 kB
WritebackTmp:          0 kB
CommitLimit:     2183484 kB
Committed_AS:   131474584 kB
VmallocTotal:     311296 kB
VmallocUsed:       39516 kB
VmallocChunk:     145420 kB
Time pass: 297 sec

---2015-11-23 15:19:04
MemTotal:        1745540 kB
MemFree:           66368 kB
Buffers:            6928 kB
Cached:           295688 kB
SwapCached:        47068 kB
Active:           479948 kB
Inactive:         470136 kB
Active(anon):     334276 kB
Inactive(anon):   318256 kB
Active(file):     145672 kB
Inactive(file):   151880 kB
Unevictable:        3816 kB
Mlocked:               0 kB
HighTotal:       1217536 kB
HighFree:          29740 kB
LowTotal:         528004 kB
LowFree:           36628 kB
SwapTotal:       1310716 kB
SwapFree:         641028 kB
Dirty:                 0 kB
Writeback:             0 kB
AnonPages:        623856 kB
Mapped:           283144 kB
Shmem:              1248 kB
Slab:              60488 kB
SReclaimable:      15792 kB
SUnreclaim:        44696 kB
KernelStack:       15704 kB
PageTables:        55804 kB
NFS_Unstable:          0 kB
Bounce:                0 kB
WritebackTmp:          0 kB
CommitLimit:     2183484 kB
Committed_AS:   131474776 kB
VmallocTotal:     311296 kB
VmallocUsed:       39516 kB
VmallocChunk:     145420 kB
Time pass: 300 sec

---2015-11-23 15:19:04
MemTotal:        1745540 kB
MemFree:           61688 kB
Buffers:            6948 kB
Cached:           299664 kB
SwapCached:        47032 kB
Active:           480924 kB
Inactive:         474668 kB
Active(anon):     335252 kB
Inactive(anon):   318792 kB
Active(file):     145672 kB
Inactive(file):   155876 kB
Unevictable:        3816 kB
Mlocked:               0 kB
HighTotal:       1217536 kB
HighFree:          25332 kB
LowTotal:         528004 kB
LowFree:           36356 kB
SwapTotal:       1310716 kB
SwapFree:         641604 kB
Dirty:                60 kB
Writeback:             0 kB
AnonPages:        625508 kB
Mapped:           283196 kB
Shmem:              1248 kB
Slab:              60488 kB
SReclaimable:      15792 kB
SUnreclaim:        44696 kB
KernelStack:       15720 kB
PageTables:        55776 kB
NFS_Unstable:          0 kB
Bounce:                0 kB
WritebackTmp:          0 kB
CommitLimit:     2183484 kB
Committed_AS:   131474920 kB
VmallocTotal:     311296 kB
VmallocUsed:       39516 kB
VmallocChunk:     145420 kB
Time pass: 304 sec

---2015-11-23 15:19:04
MemTotal:        1745540 kB
MemFree:           61208 kB
Buffers:            6948 kB
Cached:           299668 kB
SwapCached:        47032 kB
Active:           481196 kB
Inactive:         474680 kB
Active(anon):     335524 kB
Inactive(anon):   318804 kB
Active(file):     145672 kB
Inactive(file):   155876 kB
Unevictable:        3816 kB
Mlocked:               0 kB
HighTotal:       1217536 kB
HighFree:          25072 kB
LowTotal:         528004 kB
LowFree:           36136 kB
SwapTotal:       1310716 kB
SwapFree:         641612 kB
Dirty:                 0 kB
Writeback:             0 kB
AnonPages:        625916 kB
Mapped:           283128 kB
Shmem:              1252 kB
Slab:              60484 kB
SReclaimable:      15792 kB
SUnreclaim:        44692 kB
KernelStack:       15784 kB
PageTables:        55800 kB
NFS_Unstable:          0 kB
Bounce:                0 kB
WritebackTmp:          0 kB
CommitLimit:     2183484 kB
Committed_AS:   131475128 kB
VmallocTotal:     311296 kB
VmallocUsed:       39584 kB
VmallocChunk:     145420 kB
Time pass: 307 sec

---2015-11-23 15:19:04
MemTotal:        1745540 kB
MemFree:           72032 kB
Buffers:            6660 kB
Cached:           287284 kB
SwapCached:        46280 kB
Active:           472364 kB
Inactive:         472780 kB
Active(anon):     328904 kB
Inactive(anon):   327364 kB
Active(file):     143460 kB
Inactive(file):   145416 kB
Unevictable:        3816 kB
Mlocked:               0 kB
HighTotal:       1217536 kB
HighFree:          37284 kB
LowTotal:         528004 kB
LowFree:           34748 kB
SwapTotal:       1310716 kB
SwapFree:         640548 kB
Dirty:                76 kB
Writeback:             0 kB
AnonPages:        627848 kB
Mapped:           283412 kB
Shmem:              1252 kB
Slab:              60516 kB
SReclaimable:      15792 kB
SUnreclaim:        44724 kB
KernelStack:       15784 kB
PageTables:        55828 kB
NFS_Unstable:          0 kB
Bounce:                0 kB
WritebackTmp:          0 kB
CommitLimit:     2183484 kB
Committed_AS:   131478928 kB
VmallocTotal:     311296 kB
VmallocUsed:       39516 kB
VmallocChunk:     145420 kB
Time pass: 311 sec

---2015-11-23 15:19:04
MemTotal:        1745540 kB
MemFree:           72184 kB
Buffers:            6676 kB
Cached:           287276 kB
SwapCached:        46280 kB
Active:           472584 kB
Inactive:         472732 kB
Active(anon):     329064 kB
Inactive(anon):   327376 kB
Active(file):     143520 kB
Inactive(file):   145356 kB
Unevictable:        3816 kB
Mlocked:               0 kB
HighTotal:       1217536 kB
HighFree:          37540 kB
LowTotal:         528004 kB
LowFree:           34644 kB
SwapTotal:       1310716 kB
SwapFree:         640572 kB
Dirty:                 0 kB
Writeback:             0 kB
AnonPages:        627964 kB
Mapped:           283596 kB
Shmem:              1252 kB
Slab:              60528 kB
SReclaimable:      15792 kB
SUnreclaim:        44736 kB
KernelStack:       15792 kB
PageTables:        55828 kB
NFS_Unstable:          0 kB
Bounce:                0 kB
WritebackTmp:          0 kB
CommitLimit:     2183484 kB
Committed_AS:   131479048 kB
VmallocTotal:     311296 kB
VmallocUsed:       39584 kB
VmallocChunk:     145420 kB
Time pass: 315 sec

---2015-11-23 15:19:04
MemTotal:        1745540 kB
MemFree:           71700 kB
Buffers:            6676 kB
Cached:           287284 kB
SwapCached:        46280 kB
Active:           472284 kB
Inactive:         472768 kB
Active(anon):     328764 kB
Inactive(anon):   327396 kB
Active(file):     143520 kB
Inactive(file):   145372 kB
Unevictable:        3816 kB
Mlocked:               0 kB
HighTotal:       1217536 kB
HighFree:          37256 kB
LowTotal:         528004 kB
LowFree:           34444 kB
SwapTotal:       1310716 kB
SwapFree:         640596 kB
Dirty:                40 kB
Writeback:             0 kB
AnonPages:        627848 kB
Mapped:           283596 kB
Shmem:              1252 kB
Slab:              60480 kB
SReclaimable:      15792 kB
SUnreclaim:        44688 kB
KernelStack:       15792 kB
PageTables:        55768 kB
NFS_Unstable:          0 kB
Bounce:                0 kB
WritebackTmp:          0 kB
CommitLimit:     2183484 kB
Committed_AS:   131479200 kB
VmallocTotal:     311296 kB
VmallocUsed:       39584 kB
VmallocChunk:     145420 kB
Time pass: 319 sec

---2015-11-23 15:19:04
MemTotal:        1745540 kB
MemFree:           73464 kB
Buffers:            6668 kB
Cached:           287116 kB
SwapCached:        46280 kB
Active:           470988 kB
Inactive:         472660 kB
Active(anon):     327400 kB
Inactive(anon):   327532 kB
Active(file):     143588 kB
Inactive(file):   145128 kB
Unevictable:        3816 kB
Mlocked:               0 kB
HighTotal:       1217536 kB
HighFree:          38328 kB
LowTotal:         528004 kB
LowFree:           35136 kB
SwapTotal:       1310716 kB
SwapFree:         640596 kB
Dirty:                28 kB
Writeback:             0 kB
AnonPages:        626504 kB
Mapped:           283380 kB
Shmem:              1252 kB
Slab:              60492 kB
SReclaimable:      15792 kB
SUnreclaim:        44700 kB
KernelStack:       15784 kB
PageTables:        55820 kB
NFS_Unstable:          0 kB
Bounce:                0 kB
WritebackTmp:          0 kB
CommitLimit:     2183484 kB
Committed_AS:   131479264 kB
VmallocTotal:     311296 kB
VmallocUsed:       39516 kB
VmallocChunk:     145420 kB
Time pass: 322 sec

---2015-11-23 15:19:04
MemTotal:        1745540 kB
MemFree:           73788 kB
Buffers:            6684 kB
Cached:           287116 kB
SwapCached:        46280 kB
Active:           471192 kB
Inactive:         472640 kB
Active(anon):     327604 kB
Inactive(anon):   327496 kB
Active(file):     143588 kB
Inactive(file):   145144 kB
Unevictable:        3816 kB
Mlocked:               0 kB
HighTotal:       1217536 kB
HighFree:          38784 kB
LowTotal:         528004 kB
LowFree:           35004 kB
SwapTotal:       1310716 kB
SwapFree:         640712 kB
Dirty:                 4 kB
Writeback:             0 kB
AnonPages:        626660 kB
Mapped:           283256 kB
Shmem:              1252 kB
Slab:              60504 kB
SReclaimable:      15800 kB
SUnreclaim:        44704 kB
KernelStack:       15784 kB
PageTables:        55820 kB
NFS_Unstable:          0 kB
Bounce:                0 kB
WritebackTmp:          0 kB
CommitLimit:     2183484 kB
Committed_AS:   131479280 kB
VmallocTotal:     311296 kB
VmallocUsed:       39516 kB
VmallocChunk:     145420 kB
Time pass: 326 sec

---2015-11-23 15:19:04
MemTotal:        1745540 kB
MemFree:           71468 kB
Buffers:            6692 kB
Cached:           287224 kB
SwapCached:        46280 kB
Active:           472948 kB
Inactive:         472768 kB
Active(anon):     329360 kB
Inactive(anon):   327508 kB
Active(file):     143588 kB
Inactive(file):   145260 kB
Unevictable:        3816 kB
Mlocked:               0 kB
HighTotal:       1217536 kB
HighFree:          36644 kB
LowTotal:         528004 kB
LowFree:           34824 kB
SwapTotal:       1310716 kB
SwapFree:         640728 kB
Dirty:                32 kB
Writeback:             0 kB
AnonPages:        628468 kB
Mapped:           283396 kB
Shmem:              1252 kB
Slab:              60488 kB
SReclaimable:      15800 kB
SUnreclaim:        44688 kB
KernelStack:       15856 kB
PageTables:        55828 kB
NFS_Unstable:          0 kB
Bounce:                0 kB
WritebackTmp:          0 kB
CommitLimit:     2183484 kB
Committed_AS:   131479528 kB
VmallocTotal:     311296 kB
VmallocUsed:       39516 kB
VmallocChunk:     145420 kB
Time pass: 330 sec

---2015-11-23 15:19:04
MemTotal:        1745540 kB
MemFree:           71368 kB
Buffers:            6708 kB
Cached:           287224 kB
SwapCached:        46276 kB
Active:           473116 kB
Inactive:         472792 kB
Active(anon):     329528 kB
Inactive(anon):   327516 kB
Active(file):     143588 kB
Inactive(file):   145276 kB
Unevictable:        3816 kB
Mlocked:               0 kB
HighTotal:       1217536 kB
HighFree:          36552 kB
LowTotal:         528004 kB
LowFree:           34816 kB
SwapTotal:       1310716 kB
SwapFree:         640740 kB
Dirty:                44 kB
Writeback:             0 kB
AnonPages:        628596 kB
Mapped:           283396 kB
Shmem:              1252 kB
Slab:              60508 kB
SReclaimable:      15800 kB
SUnreclaim:        44708 kB
KernelStack:       15832 kB
PageTables:        55824 kB
NFS_Unstable:          0 kB
Bounce:                0 kB
WritebackTmp:          0 kB
CommitLimit:     2183484 kB
Committed_AS:   131479600 kB
VmallocTotal:     311296 kB
VmallocUsed:       39516 kB
VmallocChunk:     145420 kB
Time pass: 334 sec

---2015-11-23 15:19:04
MemTotal:        1745540 kB
MemFree:           71520 kB
Buffers:            6724 kB
Cached:           287224 kB
SwapCached:        46276 kB
Active:           473632 kB
Inactive:         472812 kB
Active(anon):     330044 kB
Inactive(anon):   327520 kB
Active(file):     143588 kB
Inactive(file):   145292 kB
Unevictable:        3816 kB
Mlocked:               0 kB
HighTotal:       1217536 kB
HighFree:          36468 kB
LowTotal:         528004 kB
LowFree:           35052 kB
SwapTotal:       1310716 kB
SwapFree:         640744 kB
Dirty:                 0 kB
Writeback:             0 kB
AnonPages:        629180 kB
Mapped:           283272 kB
Shmem:              1252 kB
Slab:              60496 kB
SReclaimable:      15800 kB
SUnreclaim:        44696 kB
KernelStack:       15784 kB
PageTables:        55824 kB
NFS_Unstable:          0 kB
Bounce:                0 kB
WritebackTmp:          0 kB
CommitLimit:     2183484 kB
Committed_AS:   131479708 kB
VmallocTotal:     311296 kB
VmallocUsed:       39584 kB
VmallocChunk:     145420 kB
Time pass: 337 sec

---2015-11-23 15:19:04
MemTotal:        1745540 kB
MemFree:           71004 kB
Buffers:            6732 kB
Cached:           287228 kB
SwapCached:        46272 kB
Active:           474072 kB
Inactive:         472812 kB
Active(anon):     330484 kB
Inactive(anon):   327512 kB
Active(file):     143588 kB
Inactive(file):   145300 kB
Unevictable:        3816 kB
Mlocked:               0 kB
HighTotal:       1217536 kB
HighFree:          35776 kB
LowTotal:         528004 kB
LowFree:           35228 kB
SwapTotal:       1310716 kB
SwapFree:         640748 kB
Dirty:                28 kB
