---2015-12-15 11:18:33
MemTotal:        2905316 kB
MemFree:          150496 kB
Buffers:           29884 kB
Cached:          1419148 kB
SwapCached:            0 kB
Active:          1253608 kB
Inactive:        1026900 kB
Active(anon):     721056 kB
Inactive(anon):   140360 kB
Active(file):     532552 kB
Inactive(file):   886540 kB
Unevictable:        7488 kB
Mlocked:               0 kB
SwapTotal:        720184 kB
SwapFree:         720184 kB
Dirty:                24 kB
Writeback:             0 kB
AnonPages:        839076 kB
Mapped:           484744 kB
Shmem:             22452 kB
Slab:             111960 kB
SReclaimable:      36532 kB
SUnreclaim:        75428 kB
KernelStack:       30432 kB
PageTables:        53276 kB
NFS_Unstable:          0 kB
Bounce:                0 kB
WritebackTmp:          0 kB
CommitLimit:     2172840 kB
Committed_AS:   90472396 kB
VmallocTotal:   251658176 kB
VmallocUsed:      133432 kB
VmallocChunk:   251418156 kB
Time pass: 3 sec

---2015-12-15 11:18:33
MemTotal:        2905316 kB
MemFree:          102412 kB
Buffers:           30004 kB
Cached:          1419384 kB
SwapCached:            0 kB
Active:          1298356 kB
Inactive:        1027152 kB
Active(anon):     765700 kB
Inactive(anon):   140488 kB
Active(file):     532656 kB
Inactive(file):   886664 kB
Unevictable:        7488 kB
Mlocked:               0 kB
SwapTotal:        720184 kB
SwapFree:         720184 kB
Dirty:               420 kB
Writeback:             0 kB
AnonPages:        883684 kB
Mapped:           528116 kB
Shmem:             22580 kB
Slab:             112092 kB
SReclaimable:      36660 kB
SUnreclaim:        75432 kB
KernelStack:       32336 kB
PageTables:        53424 kB
NFS_Unstable:          0 kB
Bounce:                0 kB
WritebackTmp:          0 kB
CommitLimit:     2172840 kB
Committed_AS:   88734196 kB
VmallocTotal:   251658176 kB
VmallocUsed:      133568 kB
VmallocChunk:   251418156 kB
Time pass: 7 sec

---2015-12-15 11:18:33
MemTotal:        2905316 kB
MemFree:          120776 kB
Buffers:           30012 kB
Cached:          1419416 kB
SwapCached:            0 kB
Active:          1280348 kB
Inactive:        1027160 kB
Active(anon):     747664 kB
Inactive(anon):   140484 kB
Active(file):     532684 kB
Inactive(file):   886676 kB
Unevictable:        7488 kB
Mlocked:               0 kB
SwapTotal:        720184 kB
SwapFree:         720184 kB
Dirty:               372 kB
Writeback:             0 kB
AnonPages:        865876 kB
Mapped:           528404 kB
Shmem:             22580 kB
Slab:             112264 kB
SReclaimable:      36660 kB
SUnreclaim:        75604 kB
KernelStack:       32336 kB
PageTables:        53528 kB
NFS_Unstable:          0 kB
Bounce:                0 kB
WritebackTmp:          0 kB
CommitLimit:     2172840 kB
Committed_AS:   88728856 kB
VmallocTotal:   251658176 kB
VmallocUsed:      133568 kB
VmallocChunk:   251418156 kB
Time pass: 11 sec

---2015-12-15 11:18:33
MemTotal:        2905316 kB
MemFree:          120688 kB
Buffers:           30012 kB
Cached:          1419428 kB
SwapCached:            0 kB
Active:          1280720 kB
Inactive:        1027168 kB
Active(anon):     748032 kB
Inactive(anon):   140484 kB
Active(file):     532688 kB
Inactive(file):   886684 kB
Unevictable:        7488 kB
Mlocked:               0 kB
SwapTotal:        720184 kB
SwapFree:         720184 kB
Dirty:               124 kB
Writeback:             0 kB
AnonPages:        865960 kB
Mapped:           528420 kB
Shmem:             22580 kB
Slab:             112040 kB
SReclaimable:      36660 kB
SUnreclaim:        75380 kB
KernelStack:       32304 kB
PageTables:        53532 kB
NFS_Unstable:          0 kB
Bounce:                0 kB
WritebackTmp:          0 kB
CommitLimit:     2172840 kB
Committed_AS:   88728856 kB
VmallocTotal:   251658176 kB
VmallocUsed:      133568 kB
VmallocChunk:   251418156 kB
Time pass: 14 sec

---2015-12-15 11:18:33
MemTotal:        2905316 kB
MemFree:          116296 kB
Buffers:           30020 kB
Cached:          1419436 kB
SwapCached:            0 kB
Active:          1286124 kB
Inactive:        1027160 kB
Active(anon):     753424 kB
Inactive(anon):   140484 kB
Active(file):     532700 kB
Inactive(file):   886676 kB
Unevictable:        7488 kB
Mlocked:               0 kB
SwapTotal:        720184 kB
SwapFree:         720184 kB
Dirty:                24 kB
Writeback:             0 kB
AnonPages:        871324 kB
Mapped:           528628 kB
Shmem:             22580 kB
Slab:             111908 kB
SReclaimable:      36644 kB
SUnreclaim:        75264 kB
KernelStack:       32192 kB
PageTables:        53028 kB
NFS_Unstable:          0 kB
Bounce:                0 kB
WritebackTmp:          0 kB
CommitLimit:     2172840 kB
Committed_AS:   88011336 kB
VmallocTotal:   251658176 kB
VmallocUsed:      132548 kB
VmallocChunk:   251418156 kB
Time pass: 18 sec

---2015-12-15 11:18:33
MemTotal:        2905316 kB
MemFree:           68148 kB
Buffers:           30128 kB
Cached:          1272144 kB
SwapCached:            0 kB
Active:          1323588 kB
Inactive:         872812 kB
Active(anon):     768000 kB
Inactive(anon):   156384 kB
Active(file):     555588 kB
Inactive(file):   716428 kB
Unevictable:        7488 kB
Mlocked:               0 kB
SwapTotal:        720184 kB
SwapFree:         720184 kB
Dirty:              1424 kB
Writeback:             0 kB
AnonPages:        902216 kB
Mapped:           547188 kB
Shmem:             22588 kB
Slab:             111968 kB
SReclaimable:      36560 kB
SUnreclaim:        75408 kB
KernelStack:       33328 kB
PageTables:        54704 kB
NFS_Unstable:          0 kB
Bounce:                0 kB
WritebackTmp:          0 kB
CommitLimit:     2172840 kB
Committed_AS:   90059276 kB
VmallocTotal:   251658176 kB
VmallocUsed:      134740 kB
VmallocChunk:   251418156 kB
Time pass: 22 sec

---2015-12-15 11:18:33
MemTotal:        2905316 kB
MemFree:           71412 kB
Buffers:           26672 kB
Cached:          1169936 kB
SwapCached:            0 kB
Active:          1322524 kB
Inactive:         775960 kB
Active(anon):     761256 kB
Inactive(anon):   170824 kB
Active(file):     561268 kB
Inactive(file):   605136 kB
Unevictable:        7488 kB
Mlocked:               0 kB
SwapTotal:        720184 kB
SwapFree:         720184 kB
Dirty:               668 kB
Writeback:             0 kB
AnonPages:        909292 kB
Mapped:           623912 kB
Shmem:             22716 kB
Slab:             112436 kB
SReclaimable:      36844 kB
SUnreclaim:        75592 kB
KernelStack:       33968 kB
PageTables:        55320 kB
NFS_Unstable:          0 kB
Bounce:                0 kB
WritebackTmp:          0 kB
CommitLimit:     2172840 kB
Committed_AS:   90085272 kB
VmallocTotal:   251658176 kB
VmallocUsed:      135456 kB
VmallocChunk:   251418156 kB
Time pass: 25 sec

---2015-12-15 11:18:33
MemTotal:        2905316 kB
MemFree:           64600 kB
Buffers:           26664 kB
Cached:          1140284 kB
SwapCached:            0 kB
Active:          1321184 kB
Inactive:         744436 kB
Active(anon):     754756 kB
Inactive(anon):   176968 kB
Active(file):     566428 kB
Inactive(file):   567468 kB
Unevictable:       10264 kB
Mlocked:               0 kB
SwapTotal:        720184 kB
SwapFree:         720184 kB
Dirty:               244 kB
Writeback:             0 kB
AnonPages:        909148 kB
Mapped:           651380 kB
Shmem:             22716 kB
Slab:             112568 kB
SReclaimable:      36824 kB
SUnreclaim:        75744 kB
KernelStack:       33872 kB
PageTables:        55360 kB
NFS_Unstable:          0 kB
Bounce:                0 kB
WritebackTmp:          0 kB
CommitLimit:     2172840 kB
Committed_AS:   90085480 kB
VmallocTotal:   251658176 kB
VmallocUsed:      135848 kB
VmallocChunk:   251418156 kB
Time pass: 29 sec

---2015-12-15 11:18:33
MemTotal:        2905316 kB
MemFree:           62176 kB
Buffers:           26516 kB
Cached:          1136820 kB
SwapCached:            0 kB
Active:          1323244 kB
Inactive:         743092 kB
Active(anon):     758852 kB
Inactive(anon):   178964 kB
Active(file):     564392 kB
Inactive(file):   564128 kB
Unevictable:       12304 kB
Mlocked:               0 kB
SwapTotal:        720184 kB
SwapFree:         720156 kB
Dirty:                 8 kB
Writeback:             0 kB
AnonPages:        915128 kB
Mapped:           651520 kB
Shmem:             22688 kB
Slab:             112788 kB
SReclaimable:      36984 kB
SUnreclaim:        75804 kB
KernelStack:       33904 kB
PageTables:        55344 kB
NFS_Unstable:          0 kB
Bounce:                0 kB
WritebackTmp:          0 kB
CommitLimit:     2172840 kB
Committed_AS:   90086224 kB
VmallocTotal:   251658176 kB
VmallocUsed:      135860 kB
VmallocChunk:   251418156 kB
Time pass: 33 sec

---2015-12-15 11:18:33
MemTotal:        2905316 kB
MemFree:           64780 kB
Buffers:           26372 kB
Cached:          1130556 kB
SwapCached:            0 kB
Active:          1324896 kB
Inactive:         740320 kB
Active(anon):     762656 kB
Inactive(anon):   180772 kB
Active(file):     562240 kB
Inactive(file):   559548 kB
Unevictable:       12452 kB
Mlocked:               0 kB
SwapTotal:        720184 kB
SwapFree:         720156 kB
Dirty:               228 kB
Writeback:             0 kB
AnonPages:        920500 kB
Mapped:           651880 kB
Shmem:             22688 kB
Slab:             112600 kB
SReclaimable:      36824 kB
SUnreclaim:        75776 kB
KernelStack:       33904 kB
PageTables:        55308 kB
NFS_Unstable:          0 kB
Bounce:                0 kB
WritebackTmp:          0 kB
CommitLimit:     2172840 kB
Committed_AS:   90086168 kB
VmallocTotal:   251658176 kB
VmallocUsed:      135876 kB
VmallocChunk:   251418156 kB
Time pass: 37 sec

---2015-12-15 11:18:33
MemTotal:        2905316 kB
MemFree:           67624 kB
Buffers:           26380 kB
Cached:          1124024 kB
SwapCached:            0 kB
Active:          1322932 kB
Inactive:         741948 kB
Active(anon):     765832 kB
Inactive(anon):   184012 kB
Active(file):     557100 kB
Inactive(file):   557936 kB
Unevictable:       12456 kB
Mlocked:               0 kB
SwapTotal:        720184 kB
SwapFree:         720156 kB
Dirty:               528 kB
Writeback:             0 kB
AnonPages:        927356 kB
Mapped:           652676 kB
Shmem:             22908 kB
Slab:             112652 kB
SReclaimable:      36584 kB
SUnreclaim:        76068 kB
KernelStack:       33936 kB
PageTables:        55304 kB
NFS_Unstable:          0 kB
Bounce:                0 kB
WritebackTmp:          0 kB
CommitLimit:     2172840 kB
Committed_AS:   90092908 kB
VmallocTotal:   251658176 kB
VmallocUsed:      135876 kB
VmallocChunk:   251418156 kB
Time pass: 41 sec

---2015-12-15 11:18:33
MemTotal:        2905316 kB
MemFree:           72244 kB
Buffers:           26436 kB
Cached:          1123784 kB
SwapCached:            0 kB
Active:          1316380 kB
Inactive:         744692 kB
Active(anon):     760344 kB
Inactive(anon):   185656 kB
Active(file):     556036 kB
Inactive(file):   559036 kB
Unevictable:       12456 kB
Mlocked:               0 kB
SwapTotal:        720184 kB
SwapFree:         720156 kB
Dirty:               120 kB
Writeback:             0 kB
AnonPages:        923500 kB
Mapped:           653336 kB
Shmem:             22688 kB
Slab:             112816 kB
SReclaimable:      36776 kB
SUnreclaim:        76040 kB
KernelStack:       34048 kB
PageTables:        55272 kB
NFS_Unstable:          0 kB
Bounce:                0 kB
WritebackTmp:          0 kB
CommitLimit:     2172840 kB
Committed_AS:   90088512 kB
VmallocTotal:   251658176 kB
VmallocUsed:      135860 kB
VmallocChunk:   251418156 kB
Time pass: 44 sec

---2015-12-15 11:18:33
MemTotal:        2905316 kB
MemFree:          105952 kB
Buffers:           26444 kB
Cached:          1123800 kB
SwapCached:            0 kB
Active:          1283128 kB
Inactive:         744700 kB
Active(anon):     727072 kB
Inactive(anon):   185656 kB
Active(file):     556056 kB
Inactive(file):   559044 kB
Unevictable:       12456 kB
Mlocked:               0 kB
SwapTotal:        720184 kB
SwapFree:         720156 kB
Dirty:                 4 kB
Writeback:             0 kB
AnonPages:        890072 kB
Mapped:           653368 kB
Shmem:             22688 kB
Slab:             112940 kB
SReclaimable:      36872 kB
SUnreclaim:        76068 kB
KernelStack:       34064 kB
PageTables:        55300 kB
NFS_Unstable:          0 kB
Bounce:                0 kB
WritebackTmp:          0 kB
CommitLimit:     2172840 kB
Committed_AS:   90089856 kB
VmallocTotal:   251658176 kB
VmallocUsed:      135860 kB
VmallocChunk:   251418156 kB
Time pass: 48 sec

---2015-12-15 11:18:33
MemTotal:        2905316 kB
MemFree:           92344 kB
Buffers:           27188 kB
Cached:          1128448 kB
SwapCached:            0 kB
Active:          1287260 kB
Inactive:         749820 kB
Active(anon):     731164 kB
Inactive(anon):   185656 kB
Active(file):     556096 kB
Inactive(file):   564164 kB
Unevictable:       12456 kB
Mlocked:               0 kB
SwapTotal:        720184 kB
SwapFree:         720156 kB
Dirty:               108 kB
Writeback:             0 kB
AnonPages:        894304 kB
Mapped:           655744 kB
Shmem:             22688 kB
Slab:             112912 kB
SReclaimable:      36872 kB
SUnreclaim:        76040 kB
KernelStack:       33872 kB
PageTables:        54684 kB
NFS_Unstable:          0 kB
Bounce:                0 kB
WritebackTmp:          0 kB
CommitLimit:     2172840 kB
Committed_AS:   88842308 kB
VmallocTotal:   251658176 kB
VmallocUsed:      134888 kB
VmallocChunk:   251418156 kB
Time pass: 51 sec

---2015-12-15 11:18:33
MemTotal:        2905316 kB
MemFree:           73912 kB
Buffers:           27176 kB
Cached:          1127784 kB
SwapCached:            0 kB
Active:          1295648 kB
Inactive:         749124 kB
Active(anon):     739300 kB
Inactive(anon):   185660 kB
Active(file):     556348 kB
Inactive(file):   563464 kB
Unevictable:       12456 kB
Mlocked:               0 kB
SwapTotal:        720184 kB
SwapFree:         720156 kB
Dirty:                32 kB
Writeback:             0 kB
AnonPages:        902352 kB
Mapped:           663032 kB
Shmem:             22692 kB
Slab:             112640 kB
SReclaimable:      36760 kB
SUnreclaim:        75880 kB
KernelStack:       33888 kB
PageTables:        55000 kB
NFS_Unstable:          0 kB
Bounce:                0 kB
WritebackTmp:          0 kB
CommitLimit:     2172840 kB
Committed_AS:   88869724 kB
VmallocTotal:   251658176 kB
VmallocUsed:      135096 kB
VmallocChunk:   251418156 kB
Time pass: 55 sec

---2015-12-15 11:18:33
MemTotal:        2905316 kB
MemFree:           75616 kB
Buffers:           27212 kB
Cached:          1128236 kB
SwapCached:            0 kB
Active:          1300148 kB
Inactive:         749452 kB
Active(anon):     743788 kB
Inactive(anon):   185660 kB
Active(file):     556360 kB
Inactive(file):   563792 kB
Unevictable:       12456 kB
Mlocked:               0 kB
SwapTotal:        720184 kB
SwapFree:         720156 kB
Dirty:               232 kB
Writeback:             0 kB
AnonPages:        906688 kB
Mapped:           657928 kB
Shmem:             22692 kB
Slab:             112676 kB
SReclaimable:      36760 kB
SUnreclaim:        75916 kB
KernelStack:       33904 kB
PageTables:        55052 kB
NFS_Unstable:          0 kB
Bounce:                0 kB
WritebackTmp:          0 kB
CommitLimit:     2172840 kB
Committed_AS:   88881636 kB
VmallocTotal:   251658176 kB
VmallocUsed:      135048 kB
VmallocChunk:   251418156 kB
Time pass: 59 sec

---2015-12-15 11:18:33
MemTotal:        2905316 kB
MemFree:           72924 kB
Buffers:           27212 kB
Cached:          1128296 kB
SwapCached:            0 kB
Active:          1300656 kB
Inactive:         749600 kB
Active(anon):     744240 kB
Inactive(anon):   185660 kB
Active(file):     556416 kB
Inactive(file):   563940 kB
Unevictable:       12456 kB
Mlocked:               0 kB
SwapTotal:        720184 kB
SwapFree:         720156 kB
Dirty:               392 kB
Writeback:             0 kB
AnonPages:        907328 kB
Mapped:           660856 kB
Shmem:             22692 kB
Slab:             112712 kB
SReclaimable:      36760 kB
SUnreclaim:        75952 kB
KernelStack:       33920 kB
PageTables:        54932 kB
NFS_Unstable:          0 kB
Bounce:                0 kB
WritebackTmp:          0 kB
CommitLimit:     2172840 kB
Committed_AS:   88881612 kB
VmallocTotal:   251658176 kB
VmallocUsed:      135072 kB
VmallocChunk:   251418156 kB
Time pass: 62 sec

---2015-12-15 11:18:33
MemTotal:        2905316 kB
MemFree:           69132 kB
Buffers:           27268 kB
Cached:          1128828 kB
SwapCached:            0 kB
Active:          1304028 kB
Inactive:         750088 kB
Active(anon):     747436 kB
Inactive(anon):   185660 kB
Active(file):     556592 kB
Inactive(file):   564428 kB
Unevictable:       12456 kB
Mlocked:               0 kB
SwapTotal:        720184 kB
SwapFree:         720156 kB
Dirty:               680 kB
Writeback:             0 kB
AnonPages:        910524 kB
Mapped:           673756 kB
Shmem:             22692 kB
Slab:             112944 kB
SReclaimable:      36776 kB
SUnreclaim:        76168 kB
KernelStack:       33840 kB
PageTables:        54852 kB
NFS_Unstable:          0 kB
Bounce:                0 kB
WritebackTmp:          0 kB
CommitLimit:     2172840 kB
Committed_AS:   88877128 kB
VmallocTotal:   251658176 kB
VmallocUsed:      135084 kB
VmallocChunk:   251418156 kB
Time pass: 66 sec

---2015-12-15 11:18:33
MemTotal:        2905316 kB
MemFree:           68132 kB
Buffers:           27760 kB
Cached:          1082500 kB
SwapCached:            0 kB
Active:          1294160 kB
Inactive:         728796 kB
Active(anon):     757332 kB
Inactive(anon):   190108 kB
Active(file):     536828 kB
Inactive(file):   538688 kB
Unevictable:       12456 kB
Mlocked:               0 kB
SwapTotal:        720184 kB
SwapFree:         720156 kB
Dirty:              7180 kB
Writeback:             0 kB
AnonPages:        925352 kB
Mapped:           713420 kB
Shmem:             22244 kB
Slab:             112792 kB
SReclaimable:      36652 kB
SUnreclaim:        76140 kB
KernelStack:       33856 kB
PageTables:        55016 kB
NFS_Unstable:          0 kB
Bounce:                0 kB
WritebackTmp:          0 kB
CommitLimit:     2172840 kB
Committed_AS:   88891424 kB
VmallocTotal:   251658176 kB
VmallocUsed:      135428 kB
VmallocChunk:   251418156 kB
Time pass: 70 sec

---2015-12-15 11:18:33
MemTotal:        2905316 kB
MemFree:           70536 kB
Buffers:           27752 kB
Cached:          1074988 kB
SwapCached:            0 kB
Active:          1292940 kB
Inactive:         724020 kB
Active(anon):     758956 kB
Inactive(anon):   190044 kB
Active(file):     533984 kB
Inactive(file):   533976 kB
Unevictable:       12456 kB
Mlocked:               0 kB
SwapTotal:        720184 kB
SwapFree:         720156 kB
Dirty:                80 kB
Writeback:             0 kB
AnonPages:        926680 kB
Mapped:           714260 kB
Shmem:             22244 kB
Slab:             113140 kB
SReclaimable:      36796 kB
SUnreclaim:        76344 kB
KernelStack:       33840 kB
PageTables:        55032 kB
NFS_Unstable:          0 kB
Bounce:                0 kB
WritebackTmp:          0 kB
CommitLimit:     2172840 kB
Committed_AS:   88891976 kB
VmallocTotal:   251658176 kB
VmallocUsed:      135452 kB
VmallocChunk:   251418156 kB
Time pass: 74 sec

---2015-12-15 11:18:33
MemTotal:        2905316 kB
MemFree:           91288 kB
Buffers:           27760 kB
Cached:          1075008 kB
SwapCached:            0 kB
Active:          1271884 kB
Inactive:         724052 kB
Active(anon):     737888 kB
Inactive(anon):   190044 kB
Active(file):     533996 kB
Inactive(file):   534008 kB
Unevictable:       12456 kB
Mlocked:               0 kB
SwapTotal:        720184 kB
SwapFree:         720156 kB
Dirty:                 8 kB
Writeback:             0 kB
AnonPages:        905808 kB
Mapped:           714288 kB
Shmem:             22244 kB
Slab:             113140 kB
SReclaimable:      36812 kB
SUnreclaim:        76328 kB
KernelStack:       33840 kB
PageTables:        55028 kB
NFS_Unstable:          0 kB
Bounce:                0 kB
WritebackTmp:          0 kB
CommitLimit:     2172840 kB
Committed_AS:   88891952 kB
VmallocTotal:   251658176 kB
VmallocUsed:      135452 kB
VmallocChunk:   251418156 kB
Time pass: 78 sec

---2015-12-15 11:18:33
MemTotal:        2905316 kB
MemFree:           71528 kB
Buffers:           27964 kB
Cached:          1069452 kB
SwapCached:            0 kB
Active:          1276920 kB
Inactive:         721264 kB
Active(anon):     745644 kB
Inactive(anon):   189912 kB
Active(file):     531276 kB
Inactive(file):   531352 kB
Unevictable:       12456 kB
Mlocked:               0 kB
SwapTotal:        720184 kB
SwapFree:         720156 kB
Dirty:               632 kB
Writeback:             0 kB
AnonPages:        913272 kB
Mapped:           725756 kB
Shmem:             22244 kB
Slab:             113408 kB
SReclaimable:      36844 kB
SUnreclaim:        76564 kB
KernelStack:       33856 kB
PageTables:        55072 kB
NFS_Unstable:          0 kB
Bounce:                0 kB
WritebackTmp:          0 kB
CommitLimit:     2172840 kB
Committed_AS:   88896264 kB
VmallocTotal:   251658176 kB
VmallocUsed:      135592 kB
VmallocChunk:   251418156 kB
Time pass: 81 sec

---2015-12-15 11:18:33
MemTotal:        2905316 kB
MemFree:           66932 kB
Buffers:           27864 kB
Cached:          1066092 kB
SwapCached:            0 kB
Active:          1282480 kB
Inactive:         719680 kB
Active(anon):     753284 kB
Inactive(anon):   189892 kB
Active(file):     529196 kB
Inactive(file):   529788 kB
Unevictable:       12456 kB
Mlocked:               0 kB
SwapTotal:        720184 kB
SwapFree:         720156 kB
Dirty:               280 kB
Writeback:             0 kB
AnonPages:        921152 kB
Mapped:           727748 kB
Shmem:             22244 kB
Slab:             113432 kB
SReclaimable:      36988 kB
SUnreclaim:        76444 kB
KernelStack:       33824 kB
PageTables:        55024 kB
NFS_Unstable:          0 kB
Bounce:                0 kB
WritebackTmp:          0 kB
CommitLimit:     2172840 kB
Committed_AS:   88898436 kB
VmallocTotal:   251658176 kB
VmallocUsed:      135616 kB
VmallocChunk:   251418156 kB
Time pass: 85 sec

---2015-12-15 11:18:33
MemTotal:        2905316 kB
MemFree:           63824 kB
Buffers:           27920 kB
Cached:          1055984 kB
SwapCached:            0 kB
Active:          1290884 kB
Inactive:         716540 kB
Active(anon):     766384 kB
Inactive(anon):   191968 kB
Active(file):     524500 kB
Inactive(file):   524572 kB
Unevictable:       12456 kB
Mlocked:               0 kB
SwapTotal:        720184 kB
SwapFree:         720156 kB
Dirty:                28 kB
Writeback:             0 kB
AnonPages:        936080 kB
Mapped:           727480 kB
Shmem:             22376 kB
Slab:             113556 kB
SReclaimable:      37036 kB
SUnreclaim:        76520 kB
KernelStack:       34224 kB
PageTables:        55228 kB
NFS_Unstable:          0 kB
Bounce:                0 kB
WritebackTmp:          0 kB
CommitLimit:     2172840 kB
Committed_AS:   88939624 kB
VmallocTotal:   251658176 kB
VmallocUsed:      138064 kB
VmallocChunk:   251418156 kB
Time pass: 89 sec

---2015-12-15 11:18:33
MemTotal:        2905316 kB
MemFree:           63704 kB
Buffers:           27928 kB
Cached:          1056120 kB
SwapCached:            0 kB
Active:          1292584 kB
Inactive:         716652 kB
Active(anon):     768072 kB
Inactive(anon):   192076 kB
Active(file):     524512 kB
Inactive(file):   524576 kB
Unevictable:       12456 kB
Mlocked:               0 kB
SwapTotal:        720184 kB
SwapFree:         720156 kB
Dirty:                64 kB
Writeback:             0 kB
AnonPages:        937588 kB
Mapped:           725224 kB
Shmem:             22504 kB
Slab:             113604 kB
SReclaimable:      37068 kB
SUnreclaim:        76536 kB
KernelStack:       34208 kB
PageTables:        55388 kB
NFS_Unstable:          0 kB
Bounce:                0 kB
WritebackTmp:          0 kB
CommitLimit:     2172840 kB
Committed_AS:   88940404 kB
VmallocTotal:   251658176 kB
VmallocUsed:      138048 kB
VmallocChunk:   251418156 kB
Time pass: 93 sec

---2015-12-15 11:18:33
MemTotal:        2905316 kB
MemFree:           69612 kB
Buffers:           27896 kB
Cached:          1048696 kB
SwapCached:            0 kB
Active:          1289936 kB
Inactive:         712972 kB
Active(anon):     769272 kB
Inactive(anon):   192076 kB
Active(file):     520664 kB
Inactive(file):   520896 kB
Unevictable:       12456 kB
Mlocked:               0 kB
SwapTotal:        720184 kB
SwapFree:         720156 kB
Dirty:               144 kB
Writeback:             0 kB
AnonPages:        938660 kB
Mapped:           724652 kB
Shmem:             22576 kB
Slab:             113616 kB
SReclaimable:      37084 kB
SUnreclaim:        76532 kB
KernelStack:       34208 kB
PageTables:        55392 kB
NFS_Unstable:          0 kB
Bounce:                0 kB
WritebackTmp:          0 kB
CommitLimit:     2172840 kB
Committed_AS:   88941088 kB
VmallocTotal:   251658176 kB
VmallocUsed:      138048 kB
VmallocChunk:   251418156 kB
Time pass: 96 sec

---2015-12-15 11:18:33
MemTotal:        2905316 kB
MemFree:           68544 kB
Buffers:           27900 kB
Cached:          1048756 kB
SwapCached:            0 kB
Active:          1291296 kB
Inactive:         712972 kB
Active(anon):     770628 kB
Inactive(anon):   192076 kB
Active(file):     520668 kB
Inactive(file):   520896 kB
Unevictable:       12456 kB
Mlocked:               0 kB
SwapTotal:        720184 kB
SwapFree:         720156 kB
Dirty:                 0 kB
Writeback:             0 kB
AnonPages:        940004 kB
Mapped:           724724 kB
Shmem:             22636 kB
Slab:             113612 kB
SReclaimable:      37084 kB
SUnreclaim:        76528 kB
KernelStack:       34208 kB
PageTables:        55420 kB
NFS_Unstable:          0 kB
Bounce:                0 kB
WritebackTmp:          0 kB
CommitLimit:     2172840 kB
Committed_AS:   88944240 kB
VmallocTotal:   251658176 kB
VmallocUsed:      138048 kB
VmallocChunk:   251418156 kB
Time pass: 100 sec

---2015-12-15 11:18:33
MemTotal:        2905316 kB
MemFree:           67444 kB
Buffers:           27932 kB
Cached:          1048972 kB
SwapCached:            0 kB
Active:          1292292 kB
Inactive:         713264 kB
Active(anon):     771616 kB
Inactive(anon):   192308 kB
Active(file):     520676 kB
Inactive(file):   520956 kB
Unevictable:       12456 kB
Mlocked:               0 kB
SwapTotal:        720184 kB
SwapFree:         720156 kB
Dirty:               120 kB
Writeback:             0 kB
AnonPages:        941112 kB
Mapped:           724932 kB
Shmem:             22812 kB
Slab:             113644 kB
SReclaimable:      37084 kB
SUnreclaim:        76560 kB
KernelStack:       34192 kB
PageTables:        55392 kB
NFS_Unstable:          0 kB
Bounce:                0 kB
WritebackTmp:          0 kB
CommitLimit:     2172840 kB
Committed_AS:   88945460 kB
VmallocTotal:   251658176 kB
VmallocUsed:      138048 kB
VmallocChunk:   251418156 kB
Time pass: 104 sec

---2015-12-15 11:18:33
MemTotal:        2905316 kB
MemFree:           66920 kB
Buffers:           27932 kB
Cached:          1048984 kB
SwapCached:            0 kB
Active:          1292472 kB
Inactive:         713268 kB
Active(anon):     771784 kB
Inactive(anon):   192308 kB
Active(file):     520688 kB
Inactive(file):   520960 kB
Unevictable:       12456 kB
Mlocked:               0 kB
SwapTotal:        720184 kB
SwapFree:         720156 kB
Dirty:                 8 kB
Writeback:             0 kB
AnonPages:        941404 kB
Mapped:           724960 kB
Shmem:             22812 kB
Slab:             113660 kB
SReclaimable:      37084 kB
SUnreclaim:        76576 kB
KernelStack:       34160 kB
PageTables:        55412 kB
NFS_Unstable:          0 kB
Bounce:                0 kB
WritebackTmp:          0 kB
CommitLimit:     2172840 kB
Committed_AS:   88945440 kB
VmallocTotal:   251658176 kB
VmallocUsed:      138048 kB
VmallocChunk:   251418156 kB
Time pass: 107 sec

---2015-12-15 11:18:33
MemTotal:        2905316 kB
MemFree:           65196 kB
Buffers:           27956 kB
Cached:          1049028 kB
SwapCached:            0 kB
Active:          1293828 kB
Inactive:         713324 kB
Active(anon):     773128 kB
Inactive(anon):   192320 kB
Active(file):     520700 kB
Inactive(file):   521004 kB
Unevictable:       12456 kB
Mlocked:               0 kB
SwapTotal:        720184 kB
SwapFree:         720156 kB
Dirty:                92 kB
Writeback:             0 kB
AnonPages:        942796 kB
Mapped:           725032 kB
Shmem:             22824 kB
Slab:             113608 kB
SReclaimable:      37084 kB
SUnreclaim:        76524 kB
KernelStack:       34176 kB
PageTables:        55432 kB
NFS_Unstable:          0 kB
Bounce:                0 kB
WritebackTmp:          0 kB
CommitLimit:     2172840 kB
Committed_AS:   88945412 kB
VmallocTotal:   251658176 kB
VmallocUsed:      138048 kB
VmallocChunk:   251418156 kB
Time pass: 111 sec

---2015-12-15 11:18:33
MemTotal:        2905316 kB
MemFree:           78344 kB
Buffers:           27956 kB
Cached:          1042048 kB
SwapCached:            0 kB
Active:          1284984 kB
Inactive:         711352 kB
Active(anon):     767916 kB
Inactive(anon):   193116 kB
Active(file):     517068 kB
Inactive(file):   518236 kB
Unevictable:       12456 kB
Mlocked:               0 kB
SwapTotal:        720184 kB
SwapFree:         720156 kB
Dirty:               192 kB
Writeback:             0 kB
AnonPages:        938868 kB
Mapped:           723872 kB
Shmem:             22244 kB
Slab:             113792 kB
SReclaimable:      37084 kB
SUnreclaim:        76708 kB
KernelStack:       33904 kB
PageTables:        55120 kB
NFS_Unstable:          0 kB
Bounce:                0 kB
WritebackTmp:          0 kB
CommitLimit:     2172840 kB
Committed_AS:   88920520 kB
VmallocTotal:   251658176 kB
VmallocUsed:      138048 kB
VmallocChunk:   251418156 kB
Time pass: 115 sec

---2015-12-15 11:18:33
MemTotal:        2905316 kB
MemFree:          376560 kB
Buffers:           27992 kB
Cached:          1016960 kB
SwapCached:            0 kB
Active:          1197332 kB
Inactive:         697288 kB
Active(anon):     691300 kB
Inactive(anon):   191064 kB
Active(file):     506032 kB
Inactive(file):   506224 kB
Unevictable:       12456 kB
Mlocked:               0 kB
SwapTotal:        720184 kB
SwapFree:         720156 kB
Dirty:               516 kB
Writeback:             0 kB
AnonPages:        862484 kB
Mapped:           521324 kB
Shmem:             20192 kB
Slab:             113300 kB
SReclaimable:      36876 kB
SUnreclaim:        76424 kB
KernelStack:       32656 kB
PageTables:        52736 kB
NFS_Unstable:          0 kB
Bounce:                0 kB
WritebackTmp:          0 kB
CommitLimit:     2172840 kB
Committed_AS:   87846132 kB
VmallocTotal:   251658176 kB
VmallocUsed:      134288 kB
VmallocChunk:   251418156 kB
Time pass: 118 sec

---2015-12-15 11:18:33
MemTotal:        2905316 kB
MemFree:          307828 kB
Buffers:           28028 kB
Cached:          1017672 kB
SwapCached:            0 kB
Active:          1233080 kB
Inactive:         696108 kB
Active(anon):     725076 kB
Inactive(anon):   191200 kB
Active(file):     508004 kB
Inactive(file):   504908 kB
Unevictable:       12456 kB
Mlocked:               0 kB
SwapTotal:        720184 kB
SwapFree:         720156 kB
Dirty:               164 kB
Writeback:             0 kB
AnonPages:        896156 kB
Mapped:           568780 kB
Shmem:             20328 kB
Slab:             113384 kB
SReclaimable:      36896 kB
SUnreclaim:        76488 kB
KernelStack:       33520 kB
PageTables:        53840 kB
NFS_Unstable:          0 kB
Bounce:                0 kB
WritebackTmp:          0 kB
CommitLimit:     2172840 kB
Committed_AS:   88663724 kB
VmallocTotal:   251658176 kB
VmallocUsed:      135716 kB
VmallocChunk:   251418156 kB
Time pass: 122 sec

---2015-12-15 11:18:33
MemTotal:        2905316 kB
MemFree:          250568 kB
Buffers:           29204 kB
Cached:          1018632 kB
SwapCached:            0 kB
Active:          1223176 kB
Inactive:         698092 kB
Active(anon):     715016 kB
Inactive(anon):   191200 kB
Active(file):     508160 kB
Inactive(file):   506892 kB
Unevictable:       12456 kB
Mlocked:               0 kB
SwapTotal:        720184 kB
SwapFree:         720156 kB
Dirty:               804 kB
Writeback:             0 kB
AnonPages:        885780 kB
Mapped:           631672 kB
Shmem:             20328 kB
Slab:             113312 kB
SReclaimable:      36944 kB
SUnreclaim:        76368 kB
KernelStack:       33632 kB
PageTables:        54120 kB
NFS_Unstable:          0 kB
Bounce:                0 kB
WritebackTmp:          0 kB
CommitLimit:     2172840 kB
Committed_AS:   88664876 kB
VmallocTotal:   251658176 kB
VmallocUsed:      136288 kB
VmallocChunk:   251418156 kB
Time pass: 126 sec

---2015-12-15 11:18:33
MemTotal:        2905316 kB
MemFree:          232620 kB
Buffers:           29212 kB
Cached:          1018744 kB
SwapCached:            0 kB
Active:          1237200 kB
Inactive:         698124 kB
Active(anon):     728968 kB
Inactive(anon):   191200 kB
Active(file):     508232 kB
Inactive(file):   506924 kB
Unevictable:       12456 kB
Mlocked:               0 kB
SwapTotal:        720184 kB
SwapFree:         720156 kB
Dirty:              1024 kB
Writeback:             0 kB
AnonPages:        900192 kB
Mapped:           628680 kB
Shmem:             20328 kB
Slab:             113440 kB
SReclaimable:      36944 kB
SUnreclaim:        76496 kB
KernelStack:       33776 kB
PageTables:        54152 kB
NFS_Unstable:          0 kB
Bounce:                0 kB
WritebackTmp:          0 kB
CommitLimit:     2172840 kB
Committed_AS:   88674996 kB
VmallocTotal:   251658176 kB
VmallocUsed:      133888 kB
VmallocChunk:   251418156 kB
Time pass: 130 sec

---2015-12-15 11:18:33
MemTotal:        2905316 kB
MemFree:          155804 kB
Buffers:           29224 kB
Cached:          1025848 kB
SwapCached:            0 kB
Active:          1255832 kB
Inactive:         691840 kB
Active(anon):     734192 kB
Inactive(anon):   191200 kB
Active(file):     521640 kB
Inactive(file):   500640 kB
Unevictable:       12456 kB
Mlocked:               0 kB
SwapTotal:        720184 kB
SwapFree:         720156 kB
Dirty:              7032 kB
Writeback:             0 kB
AnonPages:        905040 kB
Mapped:           679948 kB
Shmem:             20328 kB
Slab:             113380 kB
SReclaimable:      36944 kB
SUnreclaim:        76436 kB
KernelStack:       33760 kB
PageTables:        54332 kB
NFS_Unstable:          0 kB
Bounce:                0 kB
WritebackTmp:          0 kB
CommitLimit:     2172840 kB
Committed_AS:   88697892 kB
VmallocTotal:   251658176 kB
VmallocUsed:      134368 kB
VmallocChunk:   251418156 kB
Time pass: 133 sec

---2015-12-15 11:18:33
MemTotal:        2905316 kB
MemFree:          151412 kB
Buffers:           29232 kB
Cached:          1025908 kB
SwapCached:            0 kB
Active:          1256412 kB
Inactive:         691876 kB
Active(anon):     734732 kB
Inactive(anon):   191200 kB
Active(file):     521680 kB
Inactive(file):   500676 kB
Unevictable:       12456 kB
Mlocked:               0 kB
SwapTotal:        720184 kB
SwapFree:         720156 kB
Dirty:                12 kB
Writeback:             0 kB
AnonPages:        905620 kB
Mapped:           681088 kB
Shmem:             20328 kB
Slab:             113444 kB
SReclaimable:      36944 kB
SUnreclaim:        76500 kB
KernelStack:       33760 kB
PageTables:        54340 kB
NFS_Unstable:          0 kB
Bounce:                0 kB
WritebackTmp:          0 kB
CommitLimit:     2172840 kB
Committed_AS:   88698392 kB
VmallocTotal:   251658176 kB
VmallocUsed:      134392 kB
VmallocChunk:   251418156 kB
Time pass: 137 sec

---2015-12-15 11:18:33
MemTotal:        2905316 kB
MemFree:          117812 kB
Buffers:           29240 kB
Cached:          1025980 kB
SwapCached:            0 kB
Active:          1264212 kB
Inactive:         691856 kB
Active(anon):     742436 kB
Inactive(anon):   191200 kB
Active(file):     521776 kB
Inactive(file):   500656 kB
Unevictable:       12456 kB
Mlocked:               0 kB
SwapTotal:        720184 kB
SwapFree:         720156 kB
Dirty:               684 kB
Writeback:             0 kB
AnonPages:        913444 kB
Mapped:           693100 kB
Shmem:             20328 kB
Slab:             113388 kB
SReclaimable:      36944 kB
SUnreclaim:        76444 kB
KernelStack:       33728 kB
PageTables:        54296 kB
NFS_Unstable:          0 kB
Bounce:                0 kB
WritebackTmp:          0 kB
CommitLimit:     2172840 kB
Committed_AS:   88702552 kB
VmallocTotal:   251658176 kB
VmallocUsed:      134556 kB
VmallocChunk:   251418156 kB
Time pass: 141 sec

---2015-12-15 11:18:33
MemTotal:        2905316 kB
MemFree:          114052 kB
Buffers:           29272 kB
Cached:          1027004 kB
SwapCached:            0 kB
Active:          1267856 kB
Inactive:         692880 kB
Active(anon):     746044 kB
Inactive(anon):   191200 kB
Active(file):     521812 kB
Inactive(file):   501680 kB
Unevictable:       12456 kB
Mlocked:               0 kB
SwapTotal:        720184 kB
SwapFree:         720156 kB
Dirty:               664 kB
Writeback:             0 kB
AnonPages:        916996 kB
Mapped:           694384 kB
Shmem:             20328 kB
Slab:             113396 kB
SReclaimable:      36944 kB
SUnreclaim:        76452 kB
KernelStack:       33744 kB
PageTables:        54328 kB
NFS_Unstable:          0 kB
Bounce:                0 kB
WritebackTmp:          0 kB
CommitLimit:     2172840 kB
Committed_AS:   88704000 kB
VmallocTotal:   251658176 kB
VmallocUsed:      134556 kB
VmallocChunk:   251418156 kB
Time pass: 145 sec

---2015-12-15 11:18:33
MemTotal:        2905316 kB
MemFree:          114040 kB
Buffers:           29280 kB
Cached:          1027048 kB
SwapCached:            0 kB
Active:          1267880 kB
Inactive:         692908 kB
Active(anon):     746052 kB
Inactive(anon):   191200 kB
Active(file):     521828 kB
Inactive(file):   501708 kB
Unevictable:       12456 kB
Mlocked:               0 kB
SwapTotal:        720184 kB
SwapFree:         720156 kB
Dirty:               108 kB
Writeback:             0 kB
AnonPages:        916812 kB
Mapped:           694428 kB
Shmem:             20328 kB
Slab:             113400 kB
SReclaimable:      36944 kB
SUnreclaim:        76456 kB
KernelStack:       33712 kB
PageTables:        54328 kB
NFS_Unstable:          0 kB
Bounce:                0 kB
WritebackTmp:          0 kB
CommitLimit:     2172840 kB
Committed_AS:   88704012 kB
VmallocTotal:   251658176 kB
VmallocUsed:      134556 kB
VmallocChunk:   251418156 kB
Time pass: 148 sec

---2015-12-15 11:18:33
MemTotal:        2905316 kB
MemFree:          106868 kB
Buffers:           29280 kB
Cached:          1027072 kB
SwapCached:            0 kB
Active:          1268536 kB
Inactive:         692920 kB
Active(anon):     746696 kB
Inactive(anon):   191200 kB
Active(file):     521840 kB
Inactive(file):   501720 kB
Unevictable:       12456 kB
Mlocked:               0 kB
SwapTotal:        720184 kB
SwapFree:         720156 kB
Dirty:                36 kB
Writeback:             0 kB
AnonPages:        917708 kB
Mapped:           695064 kB
Shmem:             20328 kB
Slab:             113504 kB
SReclaimable:      36944 kB
SUnreclaim:        76560 kB
KernelStack:       33728 kB
PageTables:        54324 kB
NFS_Unstable:          0 kB
Bounce:                0 kB
WritebackTmp:          0 kB
CommitLimit:     2172840 kB
Committed_AS:   88704744 kB
VmallocTotal:   251658176 kB
VmallocUsed:      134556 kB
VmallocChunk:   251418156 kB
Time pass: 152 sec

---2015-12-15 11:18:33
MemTotal:        2905316 kB
MemFree:           95772 kB
Buffers:           29328 kB
Cached:          1027388 kB
SwapCached:            0 kB
Active:          1283276 kB
Inactive:         692232 kB
Active(anon):     760384 kB
Inactive(anon):   191332 kB
Active(file):     522892 kB
Inactive(file):   500900 kB
Unevictable:       12456 kB
Mlocked:               0 kB
SwapTotal:        720184 kB
SwapFree:         720156 kB
Dirty:                56 kB
Writeback:             0 kB
AnonPages:        931336 kB
Mapped:           698444 kB
Shmem:             20464 kB
Slab:             113468 kB
SReclaimable:      36944 kB
SUnreclaim:        76524 kB
KernelStack:       34080 kB
PageTables:        54568 kB
NFS_Unstable:          0 kB
Bounce:                0 kB
WritebackTmp:          0 kB
CommitLimit:     2172840 kB
Committed_AS:   88737404 kB
VmallocTotal:   251658176 kB
VmallocUsed:      137004 kB
VmallocChunk:   251418156 kB
Time pass: 156 sec

---2015-12-15 11:18:33
MemTotal:        2905316 kB
MemFree:           95944 kB
Buffers:           29336 kB
Cached:          1027604 kB
SwapCached:            0 kB
Active:          1283212 kB
Inactive:         692416 kB
Active(anon):     760284 kB
Inactive(anon):   191512 kB
Active(file):     522928 kB
Inactive(file):   500904 kB
Unevictable:       12456 kB
Mlocked:               0 kB
SwapTotal:        720184 kB
SwapFree:         720156 kB
Dirty:               120 kB
Writeback:             0 kB
AnonPages:        931348 kB
Mapped:           696224 kB
Shmem:             20648 kB
Slab:             113460 kB
SReclaimable:      36944 kB
SUnreclaim:        76516 kB
KernelStack:       34080 kB
PageTables:        54592 kB
NFS_Unstable:          0 kB
Bounce:                0 kB
WritebackTmp:          0 kB
CommitLimit:     2172840 kB
Committed_AS:   88737636 kB
VmallocTotal:   251658176 kB
VmallocUsed:      136988 kB
VmallocChunk:   251418156 kB
Time pass: 160 sec

---2015-12-15 11:18:33
MemTotal:        2905316 kB
MemFree:           88724 kB
Buffers:           29336 kB
Cached:          1027652 kB
SwapCached:            0 kB
Active:          1287368 kB
Inactive:         692448 kB
Active(anon):     764420 kB
Inactive(anon):   191540 kB
Active(file):     522948 kB
Inactive(file):   500908 kB
Unevictable:       12456 kB
Mlocked:               0 kB
SwapTotal:        720184 kB
SwapFree:         720156 kB
Dirty:                40 kB
Writeback:             0 kB
AnonPages:        935408 kB
Mapped:           697940 kB
Shmem:             20676 kB
Slab:             113568 kB
SReclaimable:      36944 kB
SUnreclaim:        76624 kB
KernelStack:       34208 kB
PageTables:        55280 kB
NFS_Unstable:          0 kB
Bounce:                0 kB
WritebackTmp:          0 kB
CommitLimit:     2172840 kB
Committed_AS:   89466584 kB
VmallocTotal:   251658176 kB
VmallocUsed:      138032 kB
VmallocChunk:   251418156 kB
Time pass: 164 sec

---2015-12-15 11:18:33
MemTotal:        2905316 kB
MemFree:           80108 kB
Buffers:           29360 kB
Cached:          1028480 kB
SwapCached:            0 kB
Active:          1295220 kB
Inactive:         693280 kB
Active(anon):     772252 kB
Inactive(anon):   192336 kB
Active(file):     522968 kB
Inactive(file):   500944 kB
Unevictable:       12456 kB
Mlocked:               0 kB
SwapTotal:        720184 kB
SwapFree:         720156 kB
Dirty:               116 kB
Writeback:             0 kB
AnonPages:        943064 kB
Mapped:           700688 kB
Shmem:             21472 kB
Slab:             113752 kB
SReclaimable:      36960 kB
SUnreclaim:        76792 kB
KernelStack:       34224 kB
PageTables:        55336 kB
NFS_Unstable:          0 kB
Bounce:                0 kB
WritebackTmp:          0 kB
CommitLimit:     2172840 kB
Committed_AS:   89478840 kB
VmallocTotal:   251658176 kB
VmallocUsed:      138032 kB
VmallocChunk:   251418156 kB
Time pass: 167 sec

---2015-12-15 11:18:33
MemTotal:        2905316 kB
MemFree:           79688 kB
Buffers:           29360 kB
Cached:          1027600 kB
SwapCached:            0 kB
Active:          1298204 kB
Inactive:         692144 kB
Active(anon):     774988 kB
Inactive(anon):   191368 kB
Active(file):     523216 kB
Inactive(file):   500776 kB
Unevictable:       12456 kB
Mlocked:               0 kB
SwapTotal:        720184 kB
SwapFree:         720156 kB
Dirty:                 4 kB
Writeback:             0 kB
AnonPages:        945832 kB
Mapped:           700576 kB
Shmem:             20512 kB
Slab:             113676 kB
SReclaimable:      36976 kB
SUnreclaim:        76700 kB
KernelStack:       34176 kB
PageTables:        55204 kB
NFS_Unstable:          0 kB
Bounce:                0 kB
WritebackTmp:          0 kB
CommitLimit:     2172840 kB
Committed_AS:   89481192 kB
VmallocTotal:   251658176 kB
VmallocUsed:      138024 kB
VmallocChunk:   251418156 kB
Time pass: 171 sec

---2015-12-15 11:18:33
MemTotal:        2905316 kB
MemFree:           78720 kB
Buffers:           29376 kB
Cached:          1027684 kB
SwapCached:            0 kB
Active:          1298740 kB
Inactive:         692244 kB
Active(anon):     775520 kB
Inactive(anon):   191452 kB
Active(file):     523220 kB
Inactive(file):   500792 kB
Unevictable:       12456 kB
Mlocked:               0 kB
SwapTotal:        720184 kB
SwapFree:         720156 kB
Dirty:                84 kB
Writeback:             0 kB
AnonPages:        946500 kB
Mapped:           700680 kB
Shmem:             20592 kB
Slab:             113720 kB
SReclaimable:      36976 kB
SUnreclaim:        76744 kB
KernelStack:       34176 kB
PageTables:        55200 kB
NFS_Unstable:          0 kB
Bounce:                0 kB
WritebackTmp:          0 kB
CommitLimit:     2172840 kB
Committed_AS:   89481144 kB
VmallocTotal:   251658176 kB
VmallocUsed:      138024 kB
VmallocChunk:   251418156 kB
Time pass: 175 sec

---2015-12-15 11:18:33
MemTotal:        2905316 kB
MemFree:           76556 kB
Buffers:           29376 kB
Cached:          1027756 kB
SwapCached:            0 kB
Active:          1299684 kB
Inactive:         692304 kB
Active(anon):     776452 kB
Inactive(anon):   191504 kB
Active(file):     523232 kB
Inactive(file):   500800 kB
Unevictable:       12456 kB
Mlocked:               0 kB
SwapTotal:        720184 kB
SwapFree:         720156 kB
Dirty:                16 kB
Writeback:             0 kB
AnonPages:        947400 kB
Mapped:           699096 kB
Shmem:             20644 kB
Slab:             113656 kB
SReclaimable:      36992 kB
SUnreclaim:        76664 kB
KernelStack:       34176 kB
PageTables:        55228 kB
NFS_Unstable:          0 kB
Bounce:                0 kB
WritebackTmp:          0 kB
CommitLimit:     2172840 kB
Committed_AS:   89481168 kB
VmallocTotal:   251658176 kB
VmallocUsed:      138032 kB
VmallocChunk:   251418156 kB
Time pass: 179 sec

---2015-12-15 11:18:33
MemTotal:        2905316 kB
MemFree:           76404 kB
Buffers:           29384 kB
Cached:          1027784 kB
SwapCached:            0 kB
Active:          1299944 kB
Inactive:         692332 kB
Active(anon):     776704 kB
Inactive(anon):   191520 kB
Active(file):     523240 kB
Inactive(file):   500812 kB
Unevictable:       12456 kB
Mlocked:               0 kB
SwapTotal:        720184 kB
SwapFree:         720156 kB
Dirty:                56 kB
Writeback:             0 kB
AnonPages:        947692 kB
Mapped:           700452 kB
Shmem:             20660 kB
Slab:             113644 kB
SReclaimable:      36992 kB
SUnreclaim:        76652 kB
KernelStack:       34176 kB
PageTables:        55228 kB
NFS_Unstable:          0 kB
Bounce:                0 kB
WritebackTmp:          0 kB
CommitLimit:     2172840 kB
Committed_AS:   89481236 kB
VmallocTotal:   251658176 kB
VmallocUsed:      138032 kB
VmallocChunk:   251418156 kB
Time pass: 183 sec

---2015-12-15 11:18:33
MemTotal:        2905316 kB
MemFree:           80472 kB
Buffers:           29392 kB
Cached:          1027472 kB
SwapCached:            0 kB
Active:          1297748 kB
Inactive:         692000 kB
Active(anon):     774480 kB
Inactive(anon):   191192 kB
Active(file):     523268 kB
Inactive(file):   500808 kB
Unevictable:       12456 kB
Mlocked:               0 kB
SwapTotal:        720184 kB
SwapFree:         720156 kB
Dirty:                12 kB
Writeback:             0 kB
AnonPages:        945360 kB
Mapped:           700248 kB
Shmem:             20328 kB
Slab:             113560 kB
SReclaimable:      36912 kB
SUnreclaim:        76648 kB
KernelStack:       33920 kB
PageTables:        55036 kB
NFS_Unstable:          0 kB
Bounce:                0 kB
WritebackTmp:          0 kB
CommitLimit:     2172840 kB
Committed_AS:   89452808 kB
VmallocTotal:   251658176 kB
VmallocUsed:      138032 kB
VmallocChunk:   251418156 kB
Time pass: 187 sec

---2015-12-15 11:18:33
MemTotal:        2905316 kB
MemFree:           76956 kB
Buffers:           29400 kB
Cached:          1027852 kB
SwapCached:            0 kB
Active:          1292244 kB
Inactive:         692348 kB
Active(anon):     768936 kB
Inactive(anon):   191192 kB
Active(file):     523308 kB
Inactive(file):   501156 kB
Unevictable:       12456 kB
Mlocked:               0 kB
SwapTotal:        720184 kB
SwapFree:         720156 kB
Dirty:                 0 kB
Writeback:             0 kB
AnonPages:        939908 kB
Mapped:           699392 kB
Shmem:             20328 kB
Slab:             113544 kB
SReclaimable:      36912 kB
SUnreclaim:        76632 kB
KernelStack:       33760 kB
PageTables:        55052 kB
NFS_Unstable:          0 kB
Bounce:                0 kB
WritebackTmp:          0 kB
CommitLimit:     2172840 kB
Committed_AS:   89452768 kB
VmallocTotal:   251658176 kB
VmallocUsed:      137992 kB
VmallocChunk:   251418156 kB
Time pass: 191 sec

---2015-12-15 11:18:33
MemTotal:        2905316 kB
MemFree:           71408 kB
Buffers:           29408 kB
Cached:          1027856 kB
SwapCached:            0 kB
Active:          1292636 kB
Inactive:         692352 kB
Active(anon):     769316 kB
Inactive(anon):   191192 kB
Active(file):     523320 kB
Inactive(file):   501160 kB
Unevictable:       12456 kB
Mlocked:               0 kB
SwapTotal:        720184 kB
SwapFree:         720156 kB
Dirty:                64 kB
Writeback:             0 kB
AnonPages:        940064 kB
Mapped:           700060 kB
Shmem:             20328 kB
Slab:             113612 kB
SReclaimable:      36912 kB
SUnreclaim:        76700 kB
KernelStack:       33760 kB
PageTables:        55060 kB
NFS_Unstable:          0 kB
Bounce:                0 kB
WritebackTmp:          0 kB
CommitLimit:     2172840 kB
Committed_AS:   89452680 kB
VmallocTotal:   251658176 kB
VmallocUsed:      137992 kB
VmallocChunk:   251418156 kB
Time pass: 195 sec

---2015-12-15 11:18:33
MemTotal:        2905316 kB
MemFree:           62548 kB
Buffers:           29408 kB
Cached:          1027912 kB
SwapCached:            0 kB
Active:          1293612 kB
Inactive:         692380 kB
Active(anon):     770264 kB
Inactive(anon):   191192 kB
Active(file):     523348 kB
Inactive(file):   501188 kB
Unevictable:       12456 kB
Mlocked:               0 kB
SwapTotal:        720184 kB
SwapFree:         720156 kB
Dirty:                56 kB
Writeback:             0 kB
AnonPages:        941248 kB
Mapped:           700372 kB
Shmem:             20328 kB
Slab:             113672 kB
SReclaimable:      36912 kB
SUnreclaim:        76760 kB
KernelStack:       33744 kB
PageTables:        55060 kB
NFS_Unstable:          0 kB
Bounce:                0 kB
WritebackTmp:          0 kB
CommitLimit:     2172840 kB
Committed_AS:   89452716 kB
VmallocTotal:   251658176 kB
VmallocUsed:      137992 kB
VmallocChunk:   251418156 kB
Time pass: 198 sec

---2015-12-15 11:18:33
MemTotal:        2905316 kB
MemFree:           85180 kB
Buffers:           29424 kB
Cached:          1022604 kB
SwapCached:            0 kB
Active:          1288560 kB
Inactive:         693944 kB
Active(anon):     771008 kB
Inactive(anon):   192264 kB
Active(file):     517552 kB
Inactive(file):   501680 kB
Unevictable:       12456 kB
Mlocked:               0 kB
SwapTotal:        720184 kB
SwapFree:         720156 kB
Dirty:               248 kB
Writeback:             0 kB
AnonPages:        942904 kB
Mapped:           699124 kB
Shmem:             20328 kB
Slab:             113704 kB
SReclaimable:      36912 kB
SUnreclaim:        76792 kB
KernelStack:       33696 kB
PageTables:        55040 kB
NFS_Unstable:          0 kB
Bounce:                0 kB
WritebackTmp:          0 kB
CommitLimit:     2172840 kB
Committed_AS:   89452896 kB
VmallocTotal:   251658176 kB
VmallocUsed:      135572 kB
VmallocChunk:   251418156 kB
Time pass: 202 sec

---2015-12-15 11:18:33
MemTotal:        2905316 kB
MemFree:           82516 kB
Buffers:           29448 kB
Cached:          1023292 kB
SwapCached:            0 kB
Active:          1304092 kB
Inactive:         694528 kB
Active(anon):     786404 kB
Inactive(anon):   192404 kB
Active(file):     517688 kB
Inactive(file):   502124 kB
Unevictable:       12456 kB
Mlocked:               0 kB
SwapTotal:        720184 kB
SwapFree:         720156 kB
Dirty:               216 kB
Writeback:             0 kB
AnonPages:        958724 kB
Mapped:           697272 kB
Shmem:             20472 kB
Slab:             117340 kB
SReclaimable:      40276 kB
SUnreclaim:        77064 kB
KernelStack:       34176 kB
PageTables:        55364 kB
NFS_Unstable:          0 kB
Bounce:                0 kB
WritebackTmp:          0 kB
CommitLimit:     2172840 kB
Committed_AS:   89495308 kB
VmallocTotal:   251658176 kB
VmallocUsed:      138960 kB
VmallocChunk:   251418156 kB
Time pass: 206 sec

---2015-12-15 11:18:33
MemTotal:        2905316 kB
MemFree:           78308 kB
Buffers:           29448 kB
Cached:          1023744 kB
SwapCached:            0 kB
Active:          1305492 kB
Inactive:         694900 kB
Active(anon):     787768 kB
Inactive(anon):   192556 kB
Active(file):     517724 kB
Inactive(file):   502344 kB
Unevictable:       12456 kB
Mlocked:               0 kB
SwapTotal:        720184 kB
SwapFree:         720156 kB
Dirty:               224 kB
Writeback:             0 kB
AnonPages:        959692 kB
Mapped:           697584 kB
Shmem:             20624 kB
Slab:             117864 kB
SReclaimable:      40708 kB
SUnreclaim:        77156 kB
KernelStack:       34192 kB
PageTables:        55448 kB
NFS_Unstable:          0 kB
Bounce:                0 kB
WritebackTmp:          0 kB
CommitLimit:     2172840 kB
Committed_AS:   89492316 kB
VmallocTotal:   251658176 kB
VmallocUsed:      137940 kB
VmallocChunk:   251418156 kB
Time pass: 210 sec

---2015-12-15 11:18:33
MemTotal:        2905316 kB
MemFree:           78660 kB
Buffers:           29456 kB
Cached:          1023756 kB
SwapCached:            0 kB
Active:          1304504 kB
Inactive:         694908 kB
Active(anon):     786768 kB
Inactive(anon):   192564 kB
Active(file):     517736 kB
Inactive(file):   502344 kB
Unevictable:       12456 kB
Mlocked:               0 kB
SwapTotal:        720184 kB
SwapFree:         720156 kB
Dirty:                16 kB
Writeback:             0 kB
AnonPages:        958852 kB
Mapped:           697736 kB
Shmem:             20632 kB
Slab:             117904 kB
SReclaimable:      40708 kB
SUnreclaim:        77196 kB
KernelStack:       34160 kB
PageTables:        55400 kB
NFS_Unstable:          0 kB
Bounce:                0 kB
WritebackTmp:          0 kB
CommitLimit:     2172840 kB
Committed_AS:   89486400 kB
VmallocTotal:   251658176 kB
VmallocUsed:      137940 kB
VmallocChunk:   251418156 kB
Time pass: 214 sec

---2015-12-15 11:18:33
MemTotal:        2905316 kB
MemFree:           79280 kB
Buffers:           29464 kB
Cached:          1023764 kB
SwapCached:            0 kB
Active:          1304648 kB
Inactive:         694916 kB
Active(anon):     786904 kB
Inactive(anon):   192564 kB
Active(file):     517744 kB
Inactive(file):   502352 kB
Unevictable:       12456 kB
Mlocked:               0 kB
SwapTotal:        720184 kB
SwapFree:         720156 kB
Dirty:                60 kB
Writeback:             0 kB
AnonPages:        958980 kB
Mapped:           697752 kB
Shmem:             20632 kB
Slab:             117812 kB
SReclaimable:      40708 kB
SUnreclaim:        77104 kB
KernelStack:       34160 kB
PageTables:        55400 kB
NFS_Unstable:          0 kB
Bounce:                0 kB
WritebackTmp:          0 kB
CommitLimit:     2172840 kB
Committed_AS:   89486352 kB
VmallocTotal:   251658176 kB
VmallocUsed:      137940 kB
VmallocChunk:   251418156 kB
Time pass: 218 sec

---2015-12-15 11:18:33
MemTotal:        2905316 kB
MemFree:           68876 kB
Buffers:           29716 kB
Cached:          1020492 kB
SwapCached:            0 kB
Active:          1322800 kB
Inactive:         687252 kB
Active(anon):     795032 kB
Inactive(anon):   197584 kB
Active(file):     527768 kB
Inactive(file):   489668 kB
Unevictable:       12456 kB
Mlocked:               0 kB
SwapTotal:        720184 kB
SwapFree:         719764 kB
Dirty:                12 kB
Writeback:             0 kB
AnonPages:        972476 kB
Mapped:           700496 kB
Shmem:             20276 kB
Slab:             118008 kB
SReclaimable:      40684 kB
SUnreclaim:        77324 kB
KernelStack:       34944 kB
PageTables:        55748 kB
NFS_Unstable:          0 kB
Bounce:                0 kB
WritebackTmp:          0 kB
CommitLimit:     2172840 kB
Committed_AS:   89982664 kB
VmallocTotal:   251658176 kB
VmallocUsed:      137940 kB
VmallocChunk:   251418156 kB
Time pass: 222 sec

---2015-12-15 11:18:33
MemTotal:        2905316 kB
MemFree:           71532 kB
Buffers:           29724 kB
Cached:          1020640 kB
SwapCached:            0 kB
Active:          1319972 kB
Inactive:         687360 kB
Active(anon):     792156 kB
Inactive(anon):   197592 kB
Active(file):     527816 kB
Inactive(file):   489768 kB
Unevictable:       12456 kB
Mlocked:               0 kB
SwapTotal:        720184 kB
SwapFree:         719764 kB
Dirty:                84 kB
Writeback:             0 kB
AnonPages:        969588 kB
Mapped:           700564 kB
Shmem:             20284 kB
Slab:             118020 kB
SReclaimable:      40684 kB
SUnreclaim:        77336 kB
KernelStack:       34928 kB
PageTables:        55752 kB
NFS_Unstable:          0 kB
Bounce:                0 kB
WritebackTmp:          0 kB
CommitLimit:     2172840 kB
Committed_AS:   89983300 kB
VmallocTotal:   251658176 kB
VmallocUsed:      137940 kB
VmallocChunk:   251418156 kB
Time pass: 226 sec

---2015-12-15 11:18:33
MemTotal:        2905316 kB
MemFree:           70984 kB
Buffers:           29732 kB
Cached:          1020656 kB
SwapCached:            0 kB
Active:          1320720 kB
Inactive:         687372 kB
Active(anon):     792892 kB
Inactive(anon):   197592 kB
Active(file):     527828 kB
Inactive(file):   489780 kB
Unevictable:       12456 kB
Mlocked:               0 kB
SwapTotal:        720184 kB
SwapFree:         719764 kB
Dirty:                60 kB
Writeback:             0 kB
AnonPages:        970056 kB
Mapped:           700604 kB
Shmem:             20284 kB
Slab:             117996 kB
SReclaimable:      40684 kB
SUnreclaim:        77312 kB
KernelStack:       34928 kB
PageTables:        55756 kB
NFS_Unstable:          0 kB
Bounce:                0 kB
WritebackTmp:          0 kB
CommitLimit:     2172840 kB
Committed_AS:   89983288 kB
VmallocTotal:   251658176 kB
VmallocUsed:      137940 kB
VmallocChunk:   251418156 kB
Time pass: 229 sec

---2015-12-15 11:18:33
MemTotal:        2905316 kB
MemFree:           70276 kB
Buffers:           29732 kB
Cached:          1020688 kB
SwapCached:            0 kB
Active:          1320860 kB
Inactive:         687400 kB
Active(anon):     793028 kB
Inactive(anon):   197616 kB
Active(file):     527832 kB
Inactive(file):   489784 kB
Unevictable:       12456 kB
Mlocked:               0 kB
SwapTotal:        720184 kB
SwapFree:         719764 kB
Dirty:                12 kB
Writeback:             0 kB
AnonPages:        970192 kB
Mapped:           700648 kB
Shmem:             20308 kB
Slab:             118004 kB
SReclaimable:      40684 kB
SUnreclaim:        77320 kB
KernelStack:       34928 kB
PageTables:        55748 kB
NFS_Unstable:          0 kB
Bounce:                0 kB
WritebackTmp:          0 kB
CommitLimit:     2172840 kB
Committed_AS:   89983288 kB
VmallocTotal:   251658176 kB
VmallocUsed:      137940 kB
VmallocChunk:   251418156 kB
Time pass: 233 sec

---2015-12-15 11:18:33
MemTotal:        2905316 kB
MemFree:           70360 kB
Buffers:           29740 kB
Cached:          1020692 kB
SwapCached:            0 kB
Active:          1320900 kB
Inactive:         687404 kB
Active(anon):     793060 kB
Inactive(anon):   197616 kB
Active(file):     527840 kB
Inactive(file):   489788 kB
Unevictable:       12456 kB
Mlocked:               0 kB
SwapTotal:        720184 kB
SwapFree:         719764 kB
Dirty:                 4 kB
Writeback:             0 kB
AnonPages:        970328 kB
Mapped:           700676 kB
Shmem:             20308 kB
Slab:             118016 kB
SReclaimable:      40684 kB
SUnreclaim:        77332 kB
KernelStack:       34928 kB
PageTables:        55756 kB
NFS_Unstable:          0 kB
Bounce:                0 kB
WritebackTmp:          0 kB
CommitLimit:     2172840 kB
Committed_AS:   89983300 kB
VmallocTotal:   251658176 kB
VmallocUsed:      137940 kB
VmallocChunk:   251418156 kB
Time pass: 237 sec

---2015-12-15 11:18:33
MemTotal:        2905316 kB
MemFree:           69704 kB
Buffers:           29748 kB
Cached:          1020704 kB
SwapCached:            0 kB
Active:          1321304 kB
Inactive:         687412 kB
Active(anon):     793456 kB
Inactive(anon):   197616 kB
Active(file):     527848 kB
Inactive(file):   489796 kB
Unevictable:       12456 kB
Mlocked:               0 kB
SwapTotal:        720184 kB
SwapFree:         719764 kB
Dirty:                28 kB
Writeback:             0 kB
AnonPages:        970756 kB
Mapped:           700700 kB
Shmem:             20308 kB
Slab:             118000 kB
SReclaimable:      40684 kB
SUnreclaim:        77316 kB
KernelStack:       34928 kB
PageTables:        55752 kB
NFS_Unstable:          0 kB
Bounce:                0 kB
WritebackTmp:          0 kB
CommitLimit:     2172840 kB
Committed_AS:   89983288 kB
VmallocTotal:   251658176 kB
VmallocUsed:      137940 kB
VmallocChunk:   251418156 kB
Time pass: 241 sec

---2015-12-15 11:18:33
MemTotal:        2905316 kB
MemFree:           68952 kB
Buffers:           29748 kB
Cached:          1020764 kB
SwapCached:            0 kB
Active:          1322352 kB
Inactive:         687448 kB
Active(anon):     794476 kB
Inactive(anon):   197616 kB
Active(file):     527876 kB
Inactive(file):   489832 kB
Unevictable:       12456 kB
Mlocked:               0 kB
SwapTotal:        720184 kB
SwapFree:         719764 kB
Dirty:                72 kB
Writeback:             0 kB
AnonPages:        972004 kB
Mapped:           700744 kB
Shmem:             20308 kB
Slab:             118032 kB
SReclaimable:      40684 kB
SUnreclaim:        77348 kB
KernelStack:       34896 kB
PageTables:        55752 kB
NFS_Unstable:          0 kB
Bounce:                0 kB
WritebackTmp:          0 kB
CommitLimit:     2172840 kB
Committed_AS:   89984592 kB
VmallocTotal:   251658176 kB
VmallocUsed:      137940 kB
VmallocChunk:   251418156 kB
Time pass: 245 sec

---2015-12-15 11:18:33
MemTotal:        2905316 kB
MemFree:           68780 kB
Buffers:           29756 kB
Cached:          1020768 kB
SwapCached:            0 kB
Active:          1322904 kB
Inactive:         687452 kB
Active(anon):     795020 kB
Inactive(anon):   197616 kB
Active(file):     527884 kB
Inactive(file):   489836 kB
Unevictable:       12456 kB
Mlocked:               0 kB
SwapTotal:        720184 kB
SwapFree:         719764 kB
Dirty:                 8 kB
Writeback:             0 kB
AnonPages:        972220 kB
Mapped:           700768 kB
Shmem:             20308 kB
Slab:             118076 kB
SReclaimable:      40684 kB
SUnreclaim:        77392 kB
KernelStack:       34912 kB
PageTables:        55756 kB
NFS_Unstable:          0 kB
Bounce:                0 kB
WritebackTmp:          0 kB
CommitLimit:     2172840 kB
Committed_AS:   89984568 kB
VmallocTotal:   251658176 kB
VmallocUsed:      137940 kB
VmallocChunk:   251418156 kB
Time pass: 249 sec

---2015-12-15 11:18:33
MemTotal:        2905316 kB
MemFree:           68508 kB
Buffers:           29764 kB
Cached:          1020876 kB
SwapCached:            0 kB
Active:          1322688 kB
Inactive:         687556 kB
Active(anon):     794796 kB
Inactive(anon):   197664 kB
Active(file):     527892 kB
Inactive(file):   489892 kB
Unevictable:       12456 kB
Mlocked:               0 kB
SwapTotal:        720184 kB
SwapFree:         719764 kB
Dirty:                 8 kB
Writeback:             0 kB
AnonPages:        972164 kB
Mapped:           700856 kB
Shmem:             20360 kB
Slab:             118088 kB
SReclaimable:      40684 kB
SUnreclaim:        77404 kB
KernelStack:       34912 kB
PageTables:        55764 kB
NFS_Unstable:          0 kB
Bounce:                0 kB
WritebackTmp:          0 kB
CommitLimit:     2172840 kB
Committed_AS:   89984592 kB
VmallocTotal:   251658176 kB
VmallocUsed:      137940 kB
VmallocChunk:   251418156 kB
Time pass: 253 sec

---2015-12-15 11:18:33
MemTotal:        2905316 kB
MemFree:           67408 kB
Buffers:           29772 kB
Cached:          1021004 kB
SwapCached:            0 kB
Active:          1323276 kB
Inactive:         687692 kB
Active(anon):     795344 kB
Inactive(anon):   197776 kB
Active(file):     527932 kB
Inactive(file):   489916 kB
Unevictable:       12456 kB
Mlocked:               0 kB
SwapTotal:        720184 kB
SwapFree:         719764 kB
Dirty:                 4 kB
Writeback:             0 kB
AnonPages:        972468 kB
Mapped:           701000 kB
Shmem:             20472 kB
Slab:             118092 kB
SReclaimable:      40684 kB
SUnreclaim:        77408 kB
KernelStack:       34912 kB
PageTables:        55764 kB
NFS_Unstable:          0 kB
Bounce:                0 kB
WritebackTmp:          0 kB
CommitLimit:     2172840 kB
Committed_AS:   89984592 kB
VmallocTotal:   251658176 kB
VmallocUsed:      137940 kB
VmallocChunk:   251418156 kB
Time pass: 257 sec

---2015-12-15 11:18:33
MemTotal:        2905316 kB
MemFree:           67192 kB
Buffers:           29780 kB
Cached:          1021020 kB
SwapCached:            0 kB
Active:          1323672 kB
Inactive:         687704 kB
Active(anon):     795728 kB
Inactive(anon):   197792 kB
Active(file):     527944 kB
Inactive(file):   489912 kB
Unevictable:       12456 kB
Mlocked:               0 kB
SwapTotal:        720184 kB
SwapFree:         719764 kB
Dirty:                24 kB
Writeback:             0 kB
AnonPages:        973036 kB
Mapped:           701052 kB
Shmem:             20488 kB
Slab:             118028 kB
SReclaimable:      40668 kB
SUnreclaim:        77360 kB
KernelStack:       34912 kB
PageTables:        55768 kB
NFS_Unstable:          0 kB
Bounce:                0 kB
WritebackTmp:          0 kB
CommitLimit:     2172840 kB
Committed_AS:   89984580 kB
VmallocTotal:   251658176 kB
VmallocUsed:      137940 kB
VmallocChunk:   251418156 kB
Time pass: 261 sec

---2015-12-15 11:18:33
MemTotal:        2905316 kB
MemFree:           67368 kB
Buffers:           29780 kB
Cached:          1021040 kB
SwapCached:            0 kB
Active:          1323660 kB
Inactive:         687712 kB
Active(anon):     795704 kB
Inactive(anon):   197792 kB
Active(file):     527956 kB
Inactive(file):   489920 kB
Unevictable:       12456 kB
Mlocked:               0 kB
SwapTotal:        720184 kB
SwapFree:         719764 kB
Dirty:                12 kB
Writeback:             0 kB
AnonPages:        972968 kB
Mapped:           701072 kB
Shmem:             20488 kB
Slab:             118176 kB
SReclaimable:      40668 kB
SUnreclaim:        77508 kB
KernelStack:       34912 kB
PageTables:        55772 kB
NFS_Unstable:          0 kB
Bounce:                0 kB
WritebackTmp:          0 kB
CommitLimit:     2172840 kB
Committed_AS:   89984580 kB
VmallocTotal:   251658176 kB
VmallocUsed:      137940 kB
VmallocChunk:   251418156 kB
Time pass: 265 sec

---2015-12-15 11:18:33
MemTotal:        2905316 kB
MemFree:           67212 kB
Buffers:           29788 kB
Cached:          1021048 kB
SwapCached:            0 kB
Active:          1323580 kB
Inactive:         687720 kB
Active(anon):     795616 kB
Inactive(anon):   197792 kB
Active(file):     527964 kB
Inactive(file):   489928 kB
Unevictable:       12456 kB
Mlocked:               0 kB
SwapTotal:        720184 kB
SwapFree:         719764 kB
Dirty:                 8 kB
Writeback:             0 kB
AnonPages:        972960 kB
Mapped:           701100 kB
Shmem:             20488 kB
Slab:             118072 kB
SReclaimable:      40668 kB
SUnreclaim:        77404 kB
KernelStack:       34896 kB
PageTables:        55768 kB
NFS_Unstable:          0 kB
Bounce:                0 kB
WritebackTmp:          0 kB
CommitLimit:     2172840 kB
Committed_AS:   89984540 kB
VmallocTotal:   251658176 kB
VmallocUsed:      137940 kB
VmallocChunk:   251418156 kB
Time pass: 269 sec

---2015-12-15 11:18:33
MemTotal:        2905316 kB
MemFree:           65140 kB
Buffers:           29796 kB
Cached:          1021104 kB
SwapCached:            0 kB
Active:          1325312 kB
Inactive:         687756 kB
Active(anon):     797332 kB
Inactive(anon):   197780 kB
Active(file):     527980 kB
Inactive(file):   489976 kB
Unevictable:       12456 kB
Mlocked:               0 kB
SwapTotal:        720184 kB
SwapFree:         719764 kB
Dirty:                 4 kB
Writeback:             0 kB
AnonPages:        974444 kB
Mapped:           701140 kB
Shmem:             20488 kB
Slab:             118044 kB
SReclaimable:      40668 kB
SUnreclaim:        77376 kB
KernelStack:       34896 kB
PageTables:        55768 kB
NFS_Unstable:          0 kB
Bounce:                0 kB
WritebackTmp:          0 kB
CommitLimit:     2172840 kB
Committed_AS:   89984528 kB
VmallocTotal:   251658176 kB
VmallocUsed:      137952 kB
VmallocChunk:   251418156 kB
Time pass: 273 sec

---2015-12-15 11:18:33
MemTotal:        2905316 kB
MemFree:           63512 kB
Buffers:           29812 kB
Cached:          1021184 kB
SwapCached:            0 kB
Active:          1326680 kB
Inactive:         687800 kB
Active(anon):     798648 kB
Inactive(anon):   197788 kB
Active(file):     528032 kB
Inactive(file):   490012 kB
Unevictable:       12456 kB
Mlocked:               0 kB
SwapTotal:        720184 kB
SwapFree:         719764 kB
Dirty:               116 kB
Writeback:             0 kB
AnonPages:        975780 kB
Mapped:           701180 kB
Shmem:             20496 kB
Slab:             118052 kB
SReclaimable:      40668 kB
SUnreclaim:        77384 kB
KernelStack:       34912 kB
PageTables:        55768 kB
NFS_Unstable:          0 kB
Bounce:                0 kB
WritebackTmp:          0 kB
CommitLimit:     2172840 kB
Committed_AS:   89984552 kB
VmallocTotal:   251658176 kB
VmallocUsed:      137952 kB
VmallocChunk:   251418156 kB
Time pass: 277 sec

---2015-12-15 11:18:33
MemTotal:        2905316 kB
MemFree:           63184 kB
Buffers:           29820 kB
Cached:          1021192 kB
SwapCached:            0 kB
Active:          1326992 kB
Inactive:         687808 kB
Active(anon):     798952 kB
Inactive(anon):   197788 kB
Active(file):     528040 kB
Inactive(file):   490020 kB
Unevictable:       12456 kB
Mlocked:               0 kB
SwapTotal:        720184 kB
SwapFree:         719764 kB
Dirty:                28 kB
Writeback:             0 kB
AnonPages:        976224 kB
Mapped:           701200 kB
Shmem:             20496 kB
Slab:             118036 kB
SReclaimable:      40668 kB
SUnreclaim:        77368 kB
KernelStack:       34832 kB
PageTables:        55768 kB
NFS_Unstable:          0 kB
Bounce:                0 kB
WritebackTmp:          0 kB
CommitLimit:     2172840 kB
Committed_AS:   89984500 kB
VmallocTotal:   251658176 kB
VmallocUsed:      137952 kB
VmallocChunk:   251418156 kB
Time pass: 281 sec

---2015-12-15 11:18:33
MemTotal:        2905316 kB
MemFree:           67272 kB
Buffers:           29732 kB
Cached:          1016188 kB
SwapCached:            0 kB
Active:          1321252 kB
Inactive:         690032 kB
Active(anon):     798260 kB
Inactive(anon):   199540 kB
Active(file):     522992 kB
Inactive(file):   490492 kB
Unevictable:       12456 kB
Mlocked:               0 kB
SwapTotal:        720184 kB
SwapFree:         719248 kB
Dirty:                40 kB
Writeback:             0 kB
AnonPages:        977944 kB
Mapped:           701060 kB
Shmem:             19980 kB
Slab:             117956 kB
SReclaimable:      40572 kB
SUnreclaim:        77384 kB
KernelStack:       34832 kB
PageTables:        55772 kB
NFS_Unstable:          0 kB
Bounce:                0 kB
WritebackTmp:          0 kB
CommitLimit:     2172840 kB
Committed_AS:   89984480 kB
VmallocTotal:   251658176 kB
VmallocUsed:      137952 kB
VmallocChunk:   251418156 kB
Time pass: 285 sec

---2015-12-15 11:18:33
MemTotal:        2905316 kB
MemFree:           67460 kB
Buffers:           29732 kB
Cached:          1016228 kB
SwapCached:            0 kB
Active:          1320880 kB
Inactive:         690060 kB
Active(anon):     797880 kB
Inactive(anon):   199540 kB
Active(file):     523000 kB
Inactive(file):   490520 kB
Unevictable:       12456 kB
Mlocked:               0 kB
SwapTotal:        720184 kB
SwapFree:         719248 kB
Dirty:                12 kB
Writeback:             0 kB
AnonPages:        977620 kB
Mapped:           701088 kB
Shmem:             19980 kB
Slab:             117976 kB
SReclaimable:      40572 kB
SUnreclaim:        77404 kB
KernelStack:       34816 kB
PageTables:        55780 kB
NFS_Unstable:          0 kB
Bounce:                0 kB
WritebackTmp:          0 kB
CommitLimit:     2172840 kB
Committed_AS:   89984348 kB
VmallocTotal:   251658176 kB
VmallocUsed:      137952 kB
VmallocChunk:   251418156 kB
Time pass: 288 sec

---2015-12-15 11:18:33
MemTotal:        2905316 kB
MemFree:           66872 kB
Buffers:           29740 kB
Cached:          1016228 kB
SwapCached:            0 kB
Active:          1321064 kB
Inactive:         690068 kB
Active(anon):     798060 kB
Inactive(anon):   199540 kB
Active(file):     523004 kB
Inactive(file):   490528 kB
Unevictable:       12456 kB
Mlocked:               0 kB
SwapTotal:        720184 kB
SwapFree:         719248 kB
Dirty:                48 kB
Writeback:             0 kB
AnonPages:        977616 kB
Mapped:           701116 kB
Shmem:             19980 kB
Slab:             117932 kB
SReclaimable:      40572 kB
SUnreclaim:        77360 kB
KernelStack:       34832 kB
PageTables:        55768 kB
NFS_Unstable:          0 kB
Bounce:                0 kB
WritebackTmp:          0 kB
CommitLimit:     2172840 kB
Committed_AS:   89984444 kB
VmallocTotal:   251658176 kB
VmallocUsed:      137952 kB
VmallocChunk:   251418156 kB
Time pass: 293 sec

---2015-12-15 11:18:33
MemTotal:        2905316 kB
MemFree:           67204 kB
Buffers:           29756 kB
Cached:          1016296 kB
SwapCached:            0 kB
Active:          1321348 kB
Inactive:         690144 kB
Active(anon):     798336 kB
Inactive(anon):   199540 kB
Active(file):     523012 kB
Inactive(file):   490604 kB
Unevictable:       12456 kB
Mlocked:               0 kB
SwapTotal:        720184 kB
SwapFree:         719248 kB
Dirty:                60 kB
Writeback:             0 kB
AnonPages:        977736 kB
Mapped:           701144 kB
Shmem:             19980 kB
Slab:             117944 kB
SReclaimable:      40572 kB
SUnreclaim:        77372 kB
KernelStack:       34816 kB
PageTables:        55768 kB
NFS_Unstable:          0 kB
Bounce:                0 kB
WritebackTmp:          0 kB
CommitLimit:     2172840 kB
Committed_AS:   89984404 kB
VmallocTotal:   251658176 kB
VmallocUsed:      137952 kB
VmallocChunk:   251418156 kB
Time pass: 297 sec

---2015-12-15 11:18:33
MemTotal:        2905316 kB
MemFree:           67004 kB
Buffers:           29764 kB
Cached:          1016292 kB
SwapCached:            0 kB
Active:          1321372 kB
Inactive:         690144 kB
Active(anon):     798356 kB
Inactive(anon):   199540 kB
Active(file):     523016 kB
Inactive(file):   490604 kB
Unevictable:       12456 kB
Mlocked:               0 kB
SwapTotal:        720184 kB
SwapFree:         719248 kB
Dirty:                 4 kB
Writeback:             0 kB
AnonPages:        977916 kB
Mapped:           701172 kB
Shmem:             19980 kB
Slab:             117972 kB
SReclaimable:      40572 kB
SUnreclaim:        77400 kB
KernelStack:       34816 kB
PageTables:        55768 kB
NFS_Unstable:          0 kB
Bounce:                0 kB
WritebackTmp:          0 kB
CommitLimit:     2172840 kB
Committed_AS:   89984416 kB
VmallocTotal:   251658176 kB
VmallocUsed:      137952 kB
VmallocChunk:   251418156 kB
Time pass: 301 sec

---2015-12-15 11:18:33
MemTotal:        2905316 kB
MemFree:           65480 kB
Buffers:           29764 kB
Cached:          1016372 kB
SwapCached:            0 kB
Active:          1322548 kB
Inactive:         690184 kB
Active(anon):     799512 kB
Inactive(anon):   199540 kB
Active(file):     523036 kB
Inactive(file):   490644 kB
Unevictable:       12456 kB
Mlocked:               0 kB
SwapTotal:        720184 kB
SwapFree:         719248 kB
Dirty:                12 kB
Writeback:             0 kB
AnonPages:        979196 kB
Mapped:           701204 kB
Shmem:             19980 kB
Slab:             118008 kB
SReclaimable:      40572 kB
SUnreclaim:        77436 kB
KernelStack:       34800 kB
PageTables:        55768 kB
NFS_Unstable:          0 kB
Bounce:                0 kB
WritebackTmp:          0 kB
CommitLimit:     2172840 kB
Committed_AS:   89984384 kB
VmallocTotal:   251658176 kB
VmallocUsed:      137952 kB
VmallocChunk:   251418156 kB
Time pass: 305 sec

---2015-12-15 11:18:33
MemTotal:        2905316 kB
MemFree:           65380 kB
Buffers:           29772 kB
Cached:          1016388 kB
SwapCached:            0 kB
Active:          1322940 kB
Inactive:         690212 kB
Active(anon):     799888 kB
Inactive(anon):   199540 kB
Active(file):     523052 kB
Inactive(file):   490672 kB
Unevictable:       12456 kB
Mlocked:               0 kB
SwapTotal:        720184 kB
SwapFree:         719248 kB
Dirty:                 8 kB
Writeback:             0 kB
AnonPages:        979432 kB
Mapped:           701240 kB
Shmem:             19980 kB
Slab:             118012 kB
SReclaimable:      40572 kB
SUnreclaim:        77440 kB
KernelStack:       34704 kB
PageTables:        55772 kB
NFS_Unstable:          0 kB
Bounce:                0 kB
WritebackTmp:          0 kB
CommitLimit:     2172840 kB
Committed_AS:   89984264 kB
VmallocTotal:   251658176 kB
VmallocUsed:      137952 kB
VmallocChunk:   251418156 kB
Time pass: 310 sec

---2015-12-15 11:18:33
MemTotal:        2905316 kB
MemFree:           64936 kB
Buffers:           29780 kB
Cached:          1016396 kB
SwapCached:            0 kB
Active:          1323252 kB
Inactive:         690216 kB
Active(anon):     800188 kB
Inactive(anon):   199540 kB
Active(file):     523064 kB
Inactive(file):   490676 kB
Unevictable:       12456 kB
Mlocked:               0 kB
SwapTotal:        720184 kB
SwapFree:         719248 kB
Dirty:                 4 kB
Writeback:             0 kB
AnonPages:        979872 kB
Mapped:           701284 kB
Shmem:             19980 kB
Slab:             117996 kB
SReclaimable:      40572 kB
SUnreclaim:        77424 kB
KernelStack:       34704 kB
PageTables:        55776 kB
NFS_Unstable:          0 kB
Bounce:                0 kB
WritebackTmp:          0 kB
CommitLimit:     2172840 kB
Committed_AS:   89984288 kB
VmallocTotal:   251658176 kB
VmallocUsed:      137952 kB
VmallocChunk:   251418156 kB
Time pass: 314 sec

---2015-12-15 11:18:33
MemTotal:        2905316 kB
MemFree:           63680 kB
Buffers:           29788 kB
Cached:          1016416 kB
SwapCached:            0 kB
Active:          1324420 kB
Inactive:         690244 kB
Active(anon):     801356 kB
Inactive(anon):   199540 kB
Active(file):     523064 kB
Inactive(file):   490704 kB
Unevictable:       12456 kB
Mlocked:               0 kB
SwapTotal:        720184 kB
SwapFree:         719248 kB
Dirty:                24 kB
Writeback:             0 kB
AnonPages:        980920 kB
Mapped:           701308 kB
Shmem:             19980 kB
Slab:             117964 kB
SReclaimable:      40572 kB
SUnreclaim:        77392 kB
KernelStack:       34736 kB
PageTables:        55780 kB
NFS_Unstable:          0 kB
Bounce:                0 kB
WritebackTmp:          0 kB
CommitLimit:     2172840 kB
Committed_AS:   89984276 kB
VmallocTotal:   251658176 kB
VmallocUsed:      137952 kB
VmallocChunk:   251418156 kB
Time pass: 318 sec

---2015-12-15 11:18:33
MemTotal:        2905316 kB
MemFree:           72048 kB
Buffers:           29796 kB
Cached:          1010796 kB
SwapCached:            0 kB
Active:          1318460 kB
Inactive:         691192 kB
Active(anon):     800580 kB
Inactive(anon):   200396 kB
Active(file):     517880 kB
Inactive(file):   490796 kB
Unevictable:       12460 kB
Mlocked:               0 kB
SwapTotal:        720184 kB
SwapFree:         718724 kB
Dirty:                76 kB
Writeback:             0 kB
AnonPages:        981604 kB
Mapped:           701172 kB
Shmem:             19456 kB
Slab:             114256 kB
SReclaimable:      36988 kB
SUnreclaim:        77268 kB
KernelStack:       34784 kB
PageTables:        55764 kB
NFS_Unstable:          0 kB
Bounce:                0 kB
WritebackTmp:          0 kB
CommitLimit:     2172840 kB
Committed_AS:   89984368 kB
VmallocTotal:   251658176 kB
VmallocUsed:      137952 kB
VmallocChunk:   251418156 kB
Time pass: 322 sec

---2015-12-15 11:18:33
MemTotal:        2905316 kB
MemFree:           72144 kB
Buffers:           29804 kB
Cached:          1010800 kB
SwapCached:            0 kB
Active:          1318568 kB
Inactive:         691196 kB
Active(anon):     800680 kB
Inactive(anon):   200396 kB
Active(file):     517888 kB
Inactive(file):   490800 kB
Unevictable:       12460 kB
Mlocked:               0 kB
SwapTotal:        720184 kB
SwapFree:         718724 kB
Dirty:                28 kB
Writeback:             0 kB
AnonPages:        981568 kB
Mapped:           701200 kB
Shmem:             19456 kB
Slab:             114176 kB
SReclaimable:      36988 kB
SUnreclaim:        77188 kB
KernelStack:       34768 kB
PageTables:        55772 kB
NFS_Unstable:          0 kB
Bounce:                0 kB
WritebackTmp:          0 kB
CommitLimit:     2172840 kB
Committed_AS:   89984360 kB
VmallocTotal:   251658176 kB
VmallocUsed:      137952 kB
VmallocChunk:   251418156 kB
Time pass: 326 sec

---2015-12-15 11:18:33
MemTotal:        2905316 kB
MemFree:           71808 kB
Buffers:           29804 kB
Cached:          1010812 kB
SwapCached:            0 kB
Active:          1318772 kB
Inactive:         691196 kB
Active(anon):     800876 kB
Inactive(anon):   200396 kB
Active(file):     517896 kB
Inactive(file):   490800 kB
Unevictable:       12460 kB
Mlocked:               0 kB
SwapTotal:        720184 kB
SwapFree:         718724 kB
Dirty:                52 kB
Writeback:             0 kB
AnonPages:        981928 kB
Mapped:           701284 kB
Shmem:             19456 kB
Slab:             114180 kB
SReclaimable:      36988 kB
SUnreclaim:        77192 kB
KernelStack:       34768 kB
PageTables:        55772 kB
NFS_Unstable:          0 kB
Bounce:                0 kB
WritebackTmp:          0 kB
CommitLimit:     2172840 kB
Committed_AS:   89984224 kB
VmallocTotal:   251658176 kB
VmallocUsed:      137952 kB
VmallocChunk:   251418156 kB
Time pass: 330 sec

---2015-12-15 11:18:33
MemTotal:        2905316 kB
MemFree:           72640 kB
Buffers:           29812 kB
Cached:          1010812 kB
SwapCached:            0 kB
Active:          1319100 kB
Inactive:         691204 kB
Active(anon):     801200 kB
Inactive(anon):   200396 kB
Active(file):     517900 kB
Inactive(file):   490808 kB
Unevictable:       12460 kB
Mlocked:               0 kB
SwapTotal:        720184 kB
SwapFree:         718724 kB
Dirty:                36 kB
Writeback:             0 kB
AnonPages:        982016 kB
Mapped:           701312 kB
Shmem:             19456 kB
Slab:             114188 kB
SReclaimable:      36988 kB
SUnreclaim:        77200 kB
KernelStack:       34752 kB
PageTables:        55764 kB
NFS_Unstable:          0 kB
Bounce:                0 kB
WritebackTmp:          0 kB
CommitLimit:     2172840 kB
Committed_AS:   89984352 kB
VmallocTotal:   251658176 kB
VmallocUsed:      137952 kB
VmallocChunk:   251418156 kB
Time pass: 334 sec

---2015-12-15 11:18:33
MemTotal:        2905316 kB
MemFree:           71980 kB
Buffers:           29820 kB
Cached:          1010824 kB
SwapCached:            0 kB
Active:          1319412 kB
Inactive:         691212 kB
Active(anon):     801500 kB
Inactive(anon):   200396 kB
Active(file):     517912 kB
Inactive(file):   490816 kB
Unevictable:       12460 kB
Mlocked:               0 kB
SwapTotal:        720184 kB
SwapFree:         718724 kB
Dirty:                24 kB
Writeback:             0 kB
AnonPages:        982420 kB
Mapped:           701340 kB
Shmem:             19456 kB
Slab:             114224 kB
SReclaimable:      36988 kB
SUnreclaim:        77236 kB
KernelStack:       34768 kB
PageTables:        55772 kB
NFS_Unstable:          0 kB
Bounce:                0 kB
WritebackTmp:          0 kB
CommitLimit:     2172840 kB
Committed_AS:   89984328 kB
VmallocTotal:   251658176 kB
VmallocUsed:      137952 kB
VmallocChunk:   251418156 kB
Time pass: 337 sec

---2015-12-15 11:18:33
MemTotal:        2905316 kB
MemFree:           71152 kB
Buffers:           29828 kB
Cached:          1010832 kB
SwapCached:            0 kB
Active:          1319768 kB
Inactive:         691216 kB
Active(anon):     801844 kB
Inactive(anon):   200396 kB
Active(file):     517924 kB
Inactive(file):   490820 kB
Unevictable:       12460 kB
Mlocked:               0 kB
SwapTotal:        720184 kB
SwapFree:         718724 kB
Dirty:                32 kB
Writeback:             0 kB
AnonPages:        982816 kB
Mapped:           701372 kB
Shmem:             19456 kB
Slab:             114132 kB
SReclaimable:      36988 kB
SUnreclaim:        77144 kB
KernelStack:       34704 kB
PageTables:        55744 kB
NFS_Unstable:          0 kB
Bounce:                0 kB
WritebackTmp:          0 kB
CommitLimit:     2172840 kB
Committed_AS:   89984268 kB
VmallocTotal:   251658176 kB
VmallocUsed:      137952 kB
VmallocChunk:   251418156 kB
Time pass: 341 sec

---2015-12-15 11:18:33
MemTotal:        2905316 kB
MemFree:           70428 kB
Buffers:           29828 kB
Cached:          1010848 kB
SwapCached:            0 kB
Active:          1320400 kB
Inactive:         691224 kB
Active(anon):     802468 kB
Inactive(anon):   200396 kB
Active(file):     517932 kB
Inactive(file):   490828 kB
Unevictable:       12460 kB
Mlocked:               0 kB
SwapTotal:        720184 kB
SwapFree:         718724 kB
Dirty:                56 kB
Writeback:             0 kB
AnonPages:        983484 kB
Mapped:           701388 kB
Shmem:             19456 kB
Slab:             114120 kB
SReclaimable:      36988 kB
SUnreclaim:        77132 kB
KernelStack:       34736 kB
PageTables:        55772 kB
NFS_Unstable:          0 kB
Bounce:                0 kB
WritebackTmp:          0 kB
CommitLimit:     2172840 kB
Committed_AS:   89984328 kB
VmallocTotal:   251658176 kB
VmallocUsed:      137952 kB
VmallocChunk:   251418156 kB
Time pass: 345 sec

---2015-12-15 11:18:33
MemTotal:        2905316 kB
MemFree:           70356 kB
Buffers:           29836 kB
Cached:          1010940 kB
SwapCached:            0 kB
Active:          1320428 kB
Inactive:         691308 kB
Active(anon):     802480 kB
Inactive(anon):   200416 kB
Active(file):     517948 kB
Inactive(file):   490892 kB
Unevictable:       12460 kB
Mlocked:               0 kB
SwapTotal:        720184 kB
SwapFree:         718724 kB
Dirty:                64 kB
Writeback:             0 kB
AnonPages:        983504 kB
Mapped:           701452 kB
Shmem:             19476 kB
Slab:             114136 kB
SReclaimable:      36988 kB
SUnreclaim:        77148 kB
KernelStack:       34736 kB
PageTables:        55772 kB
NFS_Unstable:          0 kB
Bounce:                0 kB
WritebackTmp:          0 kB
CommitLimit:     2172840 kB
Committed_AS:   89984340 kB
VmallocTotal:   251658176 kB
VmallocUsed:      137952 kB
VmallocChunk:   251418156 kB
Time pass: 349 sec

---2015-12-15 11:18:33
MemTotal:        2905316 kB
MemFree:           68776 kB
Buffers:           29852 kB
Cached:          1011472 kB
SwapCached:            0 kB
Active:          1321528 kB
Inactive:         691756 kB
Active(anon):     803480 kB
Inactive(anon):   200428 kB
Active(file):     518048 kB
Inactive(file):   491328 kB
Unevictable:       12460 kB
Mlocked:               0 kB
SwapTotal:        720184 kB
SwapFree:         718724 kB
Dirty:                72 kB
Writeback:             0 kB
AnonPages:        984500 kB
Mapped:           699592 kB
Shmem:             19488 kB
Slab:             114132 kB
SReclaimable:      36988 kB
SUnreclaim:        77144 kB
KernelStack:       34752 kB
PageTables:        55844 kB
NFS_Unstable:          0 kB
Bounce:                0 kB
WritebackTmp:          0 kB
CommitLimit:     2172840 kB
Committed_AS:   89984532 kB
VmallocTotal:   251658176 kB
VmallocUsed:      137940 kB
VmallocChunk:   251418156 kB
Time pass: 353 sec

---2015-12-15 11:18:33
MemTotal:        2905316 kB
MemFree:           67616 kB
Buffers:           29860 kB
Cached:          1011600 kB
SwapCached:            0 kB
Active:          1322308 kB
Inactive:         691884 kB
Active(anon):     804252 kB
Inactive(anon):   200436 kB
Active(file):     518056 kB
Inactive(file):   491448 kB
Unevictable:       12460 kB
Mlocked:               0 kB
SwapTotal:        720184 kB
SwapFree:         718724 kB
Dirty:                 0 kB
Writeback:            76 kB
AnonPages:        985292 kB
Mapped:           699796 kB
Shmem:             19496 kB
Slab:             114168 kB
SReclaimable:      36988 kB
SUnreclaim:        77180 kB
KernelStack:       34720 kB
PageTables:        55808 kB
NFS_Unstable:          0 kB
Bounce:                0 kB
WritebackTmp:          0 kB
CommitLimit:     2172840 kB
Committed_AS:   89984608 kB
VmallocTotal:   251658176 kB
VmallocUsed:      137940 kB
VmallocChunk:   251418156 kB
Time pass: 357 sec

---2015-12-15 11:18:33
MemTotal:        2905316 kB
MemFree:           68084 kB
Buffers:           29868 kB
Cached:          1011596 kB
SwapCached:            0 kB
Active:          1322436 kB
Inactive:         691884 kB
Active(anon):     804376 kB
Inactive(anon):   200436 kB
Active(file):     518060 kB
Inactive(file):   491448 kB
Unevictable:       12460 kB
Mlocked:               0 kB
SwapTotal:        720184 kB
SwapFree:         718724 kB
Dirty:                32 kB
Writeback:             0 kB
AnonPages:        985184 kB
Mapped:           699820 kB
Shmem:             19496 kB
Slab:             114148 kB
SReclaimable:      36988 kB
SUnreclaim:        77160 kB
KernelStack:       34736 kB
PageTables:        55804 kB
NFS_Unstable:          0 kB
Bounce:                0 kB
WritebackTmp:          0 kB
CommitLimit:     2172840 kB
Committed_AS:   89984572 kB
VmallocTotal:   251658176 kB
VmallocUsed:      137940 kB
VmallocChunk:   251418156 kB
Time pass: 361 sec

---2015-12-15 11:18:33
MemTotal:        2905316 kB
MemFree:           67952 kB
Buffers:           29868 kB
Cached:          1011720 kB
SwapCached:            0 kB
Active:          1322448 kB
Inactive:         691984 kB
Active(anon):     804364 kB
Inactive(anon):   200436 kB
Active(file):     518084 kB
Inactive(file):   491548 kB
Unevictable:       12460 kB
Mlocked:               0 kB
SwapTotal:        720184 kB
SwapFree:         718724 kB
Dirty:                44 kB
Writeback:             0 kB
AnonPages:        985376 kB
Mapped:           699888 kB
Shmem:             19496 kB
Slab:             114176 kB
SReclaimable:      36988 kB
SUnreclaim:        77188 kB
KernelStack:       34768 kB
PageTables:        55800 kB
NFS_Unstable:          0 kB
Bounce:                0 kB
WritebackTmp:          0 kB
CommitLimit:     2172840 kB
Committed_AS:   89984560 kB
VmallocTotal:   251658176 kB
VmallocUsed:      137940 kB
VmallocChunk:   251418156 kB
Time pass: 365 sec

---2015-12-15 11:18:33
MemTotal:        2905316 kB
MemFree:           66180 kB
Buffers:           29876 kB
Cached:          1012104 kB
SwapCached:            0 kB
Active:          1323880 kB
Inactive:         692344 kB
Active(anon):     805764 kB
Inactive(anon):   200436 kB
Active(file):     518116 kB
Inactive(file):   491908 kB
Unevictable:       12460 kB
Mlocked:               0 kB
SwapTotal:        720184 kB
SwapFree:         718724 kB
Dirty:                32 kB
Writeback:             0 kB
AnonPages:        986860 kB
Mapped:           700024 kB
Shmem:             19496 kB
Slab:             114164 kB
SReclaimable:      36988 kB
SUnreclaim:        77176 kB
KernelStack:       34784 kB
PageTables:        55808 kB
NFS_Unstable:          0 kB
Bounce:                0 kB
WritebackTmp:          0 kB
CommitLimit:     2172840 kB
Committed_AS:   89984628 kB
VmallocTotal:   251658176 kB
VmallocUsed:      137940 kB
VmallocChunk:   251418156 kB
Time pass: 369 sec

---2015-12-15 11:18:33
MemTotal:        2905316 kB
MemFree:           66728 kB
Buffers:           29884 kB
Cached:          1012108 kB
SwapCached:            0 kB
Active:          1323772 kB
Inactive:         692344 kB
Active(anon):     805644 kB
Inactive(anon):   200436 kB
Active(file):     518128 kB
Inactive(file):   491908 kB
Unevictable:       12460 kB
Mlocked:               0 kB
SwapTotal:        720184 kB
SwapFree:         718724 kB
Dirty:                60 kB
Writeback:             0 kB
AnonPages:        986720 kB
Mapped:           700060 kB
Shmem:             19496 kB
Slab:             114104 kB
SReclaimable:      36956 kB
SUnreclaim:        77148 kB
KernelStack:       34784 kB
PageTables:        55820 kB
NFS_Unstable:          0 kB
Bounce:                0 kB
WritebackTmp:          0 kB
CommitLimit:     2172840 kB
Committed_AS:   89984668 kB
VmallocTotal:   251658176 kB
VmallocUsed:      137940 kB
VmallocChunk:   251418156 kB
Time pass: 372 sec

---2015-12-15 11:18:33
MemTotal:        2905316 kB
MemFree:           66256 kB
Buffers:           29892 kB
Cached:          1012112 kB
SwapCached:            0 kB
Active:          1323828 kB
Inactive:         692352 kB
Active(anon):     805696 kB
Inactive(anon):   200436 kB
Active(file):     518132 kB
Inactive(file):   491916 kB
Unevictable:       12460 kB
Mlocked:               0 kB
SwapTotal:        720184 kB
SwapFree:         718724 kB
Dirty:                72 kB
Writeback:             0 kB
AnonPages:        986784 kB
Mapped:           700088 kB
Shmem:             19496 kB
Slab:             114116 kB
SReclaimable:      36956 kB
SUnreclaim:        77160 kB
KernelStack:       34752 kB
PageTables:        55820 kB
NFS_Unstable:          0 kB
Bounce:                0 kB
WritebackTmp:          0 kB
CommitLimit:     2172840 kB
Committed_AS:   89984616 kB
VmallocTotal:   251658176 kB
VmallocUsed:      137940 kB
VmallocChunk:   251418156 kB
Time pass: 377 sec

---2015-12-15 11:18:33
MemTotal:        2905316 kB
MemFree:           65572 kB
Buffers:           29892 kB
Cached:          1012120 kB
SwapCached:            0 kB
Active:          1324476 kB
Inactive:         692356 kB
Active(anon):     806340 kB
Inactive(anon):   200436 kB
Active(file):     518136 kB
Inactive(file):   491920 kB
Unevictable:       12460 kB
Mlocked:               0 kB
SwapTotal:        720184 kB
SwapFree:         718724 kB
Dirty:                32 kB
Writeback:             0 kB
AnonPages:        987272 kB
Mapped:           700128 kB
Shmem:             19496 kB
Slab:             114124 kB
SReclaimable:      36956 kB
SUnreclaim:        77168 kB
KernelStack:       34736 kB
PageTables:        55800 kB
NFS_Unstable:          0 kB
Bounce:                0 kB
WritebackTmp:          0 kB
CommitLimit:     2172840 kB
Committed_AS:   89984628 kB
VmallocTotal:   251658176 kB
VmallocUsed:      137940 kB
VmallocChunk:   251418156 kB
Time pass: 380 sec

---2015-12-15 11:18:33
MemTotal:        2905316 kB
MemFree:           65784 kB
Buffers:           29900 kB
Cached:          1012128 kB
SwapCached:            0 kB
Active:          1324656 kB
Inactive:         692360 kB
Active(anon):     806508 kB
Inactive(anon):   200436 kB
Active(file):     518148 kB
Inactive(file):   491924 kB
Unevictable:       12460 kB
Mlocked:               0 kB
SwapTotal:        720184 kB
SwapFree:         718724 kB
Dirty:                40 kB
Writeback:             0 kB
AnonPages:        987756 kB
Mapped:           700140 kB
Shmem:             19496 kB
Slab:             114072 kB
SReclaimable:      36956 kB
SUnreclaim:        77116 kB
KernelStack:       34736 kB
PageTables:        55812 kB
NFS_Unstable:          0 kB
Bounce:                0 kB
WritebackTmp:          0 kB
CommitLimit:     2172840 kB
Committed_AS:   89984532 kB
VmallocTotal:   251658176 kB
VmallocUsed:      137940 kB
VmallocChunk:   251418156 kB
Time pass: 384 sec

---2015-12-15 11:18:33
MemTotal:        2905316 kB
MemFree:           66056 kB
Buffers:           29908 kB
Cached:          1012136 kB
SwapCached:            0 kB
Active:          1324136 kB
Inactive:         692372 kB
Active(anon):     805984 kB
Inactive(anon):   200436 kB
Active(file):     518152 kB
Inactive(file):   491936 kB
Unevictable:       12460 kB
Mlocked:               0 kB
SwapTotal:        720184 kB
SwapFree:         718724 kB
Dirty:                24 kB
Writeback:             0 kB
AnonPages:        987176 kB
Mapped:           700164 kB
Shmem:             19496 kB
Slab:             114108 kB
SReclaimable:      36956 kB
SUnreclaim:        77152 kB
KernelStack:       34720 kB
PageTables:        55820 kB
NFS_Unstable:          0 kB
Bounce:                0 kB
WritebackTmp:          0 kB
CommitLimit:     2172840 kB
Committed_AS:   89984580 kB
VmallocTotal:   251658176 kB
VmallocUsed:      137940 kB
VmallocChunk:   251418156 kB
Time pass: 388 sec

---2015-12-15 11:18:33
MemTotal:        2905316 kB
MemFree:           65396 kB
Buffers:           29908 kB
Cached:          1012160 kB
SwapCached:            0 kB
Active:          1324624 kB
Inactive:         692380 kB
Active(anon):     806456 kB
Inactive(anon):   200436 kB
Active(file):     518168 kB
Inactive(file):   491944 kB
Unevictable:       12460 kB
Mlocked:               0 kB
SwapTotal:        720184 kB
SwapFree:         718724 kB
Dirty:                56 kB
Writeback:             0 kB
AnonPages:        987568 kB
Mapped:           700252 kB
Shmem:             19496 kB
Slab:             114072 kB
SReclaimable:      36956 kB
SUnreclaim:        77116 kB
KernelStack:       34768 kB
PageTables:        55812 kB
NFS_Unstable:          0 kB
Bounce:                0 kB
WritebackTmp:          0 kB
CommitLimit:     2172840 kB
Committed_AS:   89984552 kB
VmallocTotal:   251658176 kB
VmallocUsed:      137940 kB
VmallocChunk:   251418156 kB
Time pass: 392 sec

---2015-12-15 11:18:33
MemTotal:        2905316 kB
MemFree:           65104 kB
Buffers:           29916 kB
Cached:          1012164 kB
SwapCached:            0 kB
Active:          1325152 kB
Inactive:         692384 kB
Active(anon):     806976 kB
Inactive(anon):   200436 kB
Active(file):     518176 kB
Inactive(file):   491948 kB
Unevictable:       12460 kB
Mlocked:               0 kB
SwapTotal:        720184 kB
SwapFree:         718724 kB
Dirty:                36 kB
Writeback:             0 kB
AnonPages:        987940 kB
Mapped:           700276 kB
Shmem:             19496 kB
Slab:             114100 kB
SReclaimable:      36956 kB
SUnreclaim:        77144 kB
KernelStack:       34768 kB
PageTables:        55816 kB
NFS_Unstable:          0 kB
Bounce:                0 kB
WritebackTmp:          0 kB
CommitLimit:     2172840 kB
Committed_AS:   89984640 kB
VmallocTotal:   251658176 kB
VmallocUsed:      137940 kB
VmallocChunk:   251418156 kB
Time pass: 396 sec

---2015-12-15 11:18:33
MemTotal:        2905316 kB
MemFree:           64876 kB
Buffers:           29924 kB
Cached:          1012176 kB
SwapCached:            0 kB
Active:          1324976 kB
Inactive:         692396 kB
