---2015-12-16 15:27:45
MemTotal:        1862952 kB
MemFree:          277852 kB
Buffers:            9148 kB
Cached:           696592 kB
SwapCached:         3004 kB
Active:           565180 kB
Inactive:         775252 kB
Active(anon):     328584 kB
Inactive(anon):   307740 kB
Active(file):     236596 kB
Inactive(file):   467512 kB
Unevictable:        1296 kB
Mlocked:               0 kB
HighTotal:       1436668 kB
HighFree:         128900 kB
LowTotal:         426284 kB
LowFree:          148952 kB
SwapTotal:       1048572 kB
SwapFree:        1024904 kB
Dirty:                 4 kB
Writeback:             0 kB
AnonPages:        634204 kB
Mapped:           357792 kB
Shmem:               336 kB
Slab:              41648 kB
SReclaimable:      14040 kB
SUnreclaim:        27608 kB
KernelStack:       11800 kB
PageTables:        42008 kB
NFS_Unstable:          0 kB
Bounce:                0 kB
WritebackTmp:          0 kB
CommitLimit:     1980048 kB
Committed_AS:   85735252 kB
VmallocTotal:     458752 kB
VmallocUsed:      112712 kB
VmallocChunk:     159748 kB
Time pass: 3 sec

---2015-12-16 15:27:45
MemTotal:        1862952 kB
MemFree:          277728 kB
Buffers:            9148 kB
Cached:           696592 kB
SwapCached:         3004 kB
Active:           565436 kB
Inactive:         775184 kB
Active(anon):     328772 kB
Inactive(anon):   307740 kB
Active(file):     236664 kB
Inactive(file):   467444 kB
Unevictable:        1296 kB
Mlocked:               0 kB
HighTotal:       1436668 kB
HighFree:         128776 kB
LowTotal:         426284 kB
LowFree:          148952 kB
SwapTotal:       1048572 kB
SwapFree:        1024904 kB
Dirty:                 4 kB
Writeback:             0 kB
AnonPages:        634376 kB
Mapped:           357792 kB
Shmem:               336 kB
Slab:              41648 kB
SReclaimable:      14040 kB
SUnreclaim:        27608 kB
KernelStack:       11800 kB
PageTables:        42008 kB
NFS_Unstable:          0 kB
Bounce:                0 kB
WritebackTmp:          0 kB
CommitLimit:     1980048 kB
Committed_AS:   85735452 kB
VmallocTotal:     458752 kB
VmallocUsed:      112712 kB
VmallocChunk:     159748 kB
Time pass: 7 sec

---2015-12-16 15:27:45
MemTotal:        1862952 kB
MemFree:          277604 kB
Buffers:            9156 kB
Cached:           696592 kB
SwapCached:         3004 kB
Active:           565592 kB
Inactive:         775168 kB
Active(anon):     328908 kB
Inactive(anon):   307736 kB
Active(file):     236684 kB
Inactive(file):   467432 kB
Unevictable:        1296 kB
Mlocked:               0 kB
HighTotal:       1436668 kB
HighFree:         128652 kB
LowTotal:         426284 kB
LowFree:          148952 kB
SwapTotal:       1048572 kB
SwapFree:        1024904 kB
Dirty:                 4 kB
Writeback:             0 kB
AnonPages:        634476 kB
Mapped:           357792 kB
Shmem:               336 kB
Slab:              41648 kB
SReclaimable:      14040 kB
SUnreclaim:        27608 kB
KernelStack:       11800 kB
PageTables:        42008 kB
NFS_Unstable:          0 kB
Bounce:                0 kB
WritebackTmp:          0 kB
CommitLimit:     1980048 kB
Committed_AS:   85735532 kB
VmallocTotal:     458752 kB
VmallocUsed:      112712 kB
VmallocChunk:     159748 kB
Time pass: 11 sec

---2015-12-16 15:27:45
MemTotal:        1862952 kB
MemFree:          277480 kB
Buffers:            9156 kB
Cached:           696596 kB
SwapCached:         3004 kB
Active:           565692 kB
Inactive:         775164 kB
Active(anon):     329008 kB
Inactive(anon):   307728 kB
Active(file):     236684 kB
Inactive(file):   467436 kB
Unevictable:        1296 kB
Mlocked:               0 kB
HighTotal:       1436668 kB
HighFree:         128528 kB
LowTotal:         426284 kB
LowFree:          148952 kB
SwapTotal:       1048572 kB
SwapFree:        1024904 kB
Dirty:                 8 kB
Writeback:             0 kB
AnonPages:        634608 kB
Mapped:           357792 kB
Shmem:               336 kB
Slab:              41648 kB
SReclaimable:      14040 kB
SUnreclaim:        27608 kB
KernelStack:       11800 kB
PageTables:        42008 kB
NFS_Unstable:          0 kB
Bounce:                0 kB
WritebackTmp:          0 kB
CommitLimit:     1980048 kB
Committed_AS:   85735612 kB
VmallocTotal:     458752 kB
VmallocUsed:      112712 kB
VmallocChunk:     159748 kB
Time pass: 14 sec

---2015-12-16 15:27:45
MemTotal:        1862952 kB
MemFree:          277364 kB
Buffers:            9164 kB
Cached:           696596 kB
SwapCached:         3004 kB
Active:           565860 kB
Inactive:         775136 kB
Active(anon):     329172 kB
Inactive(anon):   307696 kB
Active(file):     236688 kB
Inactive(file):   467440 kB
Unevictable:        1296 kB
Mlocked:               0 kB
HighTotal:       1436668 kB
HighFree:         128404 kB
LowTotal:         426284 kB
LowFree:          148960 kB
SwapTotal:       1048572 kB
SwapFree:        1024904 kB
Dirty:                 0 kB
Writeback:             0 kB
AnonPages:        634752 kB
Mapped:           357792 kB
Shmem:               336 kB
Slab:              41648 kB
SReclaimable:      14040 kB
SUnreclaim:        27608 kB
KernelStack:       11792 kB
PageTables:        42012 kB
NFS_Unstable:          0 kB
Bounce:                0 kB
WritebackTmp:          0 kB
CommitLimit:     1980048 kB
Committed_AS:   85735804 kB
VmallocTotal:     458752 kB
VmallocUsed:      112712 kB
VmallocChunk:     159748 kB
Time pass: 18 sec

---2015-12-16 15:27:45
MemTotal:        1862952 kB
MemFree:          277108 kB
Buffers:            9164 kB
Cached:           696596 kB
SwapCached:         3004 kB
Active:           566064 kB
Inactive:         775136 kB
Active(anon):     329376 kB
Inactive(anon):   307696 kB
Active(file):     236688 kB
Inactive(file):   467440 kB
Unevictable:        1296 kB
Mlocked:               0 kB
HighTotal:       1436668 kB
HighFree:         128156 kB
LowTotal:         426284 kB
LowFree:          148952 kB
SwapTotal:       1048572 kB
SwapFree:        1024904 kB
Dirty:                 0 kB
Writeback:             0 kB
AnonPages:        634936 kB
Mapped:           357796 kB
Shmem:               336 kB
Slab:              41648 kB
SReclaimable:      14040 kB
SUnreclaim:        27608 kB
KernelStack:       11800 kB
PageTables:        42012 kB
NFS_Unstable:          0 kB
Bounce:                0 kB
WritebackTmp:          0 kB
CommitLimit:     1980048 kB
Committed_AS:   85735892 kB
VmallocTotal:     458752 kB
VmallocUsed:      112712 kB
VmallocChunk:     159748 kB
Time pass: 21 sec

---2015-12-16 15:27:45
MemTotal:        1862952 kB
MemFree:          221288 kB
Buffers:            9188 kB
Cached:           730440 kB
SwapCached:         3028 kB
Active:           577212 kB
Inactive:         807336 kB
Active(anon):     339144 kB
Inactive(anon):   307580 kB
Active(file):     238068 kB
Inactive(file):   499756 kB
Unevictable:        1296 kB
Mlocked:               0 kB
HighTotal:       1436668 kB
HighFree:          73540 kB
LowTotal:         426284 kB
LowFree:          147748 kB
SwapTotal:       1048572 kB
SwapFree:        1024924 kB
Dirty:                20 kB
Writeback:             0 kB
AnonPages:        644600 kB
Mapped:           370580 kB
Shmem:               336 kB
Slab:              41668 kB
SReclaimable:      14072 kB
SUnreclaim:        27596 kB
KernelStack:       11984 kB
PageTables:        42636 kB
NFS_Unstable:          0 kB
Bounce:                0 kB
WritebackTmp:          0 kB
CommitLimit:     1980048 kB
Committed_AS:   87030756 kB
VmallocTotal:     458752 kB
VmallocUsed:      113788 kB
VmallocChunk:     159748 kB
Time pass: 25 sec

---2015-12-16 15:27:45
MemTotal:        1862952 kB
MemFree:           62068 kB
Buffers:            9732 kB
Cached:           757220 kB
SwapCached:         3068 kB
Active:           621612 kB
Inactive:         830124 kB
Active(anon):     378892 kB
Inactive(anon):   307680 kB
Active(file):     242720 kB
Inactive(file):   522444 kB
Unevictable:        1296 kB
Mlocked:               0 kB
HighTotal:       1436668 kB
HighFree:           4812 kB
LowTotal:         426284 kB
LowFree:           57256 kB
SwapTotal:       1048572 kB
SwapFree:        1024936 kB
Dirty:               988 kB
Writeback:             0 kB
AnonPages:        684252 kB
Mapped:           394108 kB
Shmem:               468 kB
Slab:              41964 kB
SReclaimable:      14136 kB
SUnreclaim:        27828 kB
KernelStack:       12472 kB
PageTables:        43228 kB
NFS_Unstable:          0 kB
Bounce:                0 kB
WritebackTmp:          0 kB
CommitLimit:     1980048 kB
Committed_AS:   87104128 kB
VmallocTotal:     458752 kB
VmallocUsed:      114196 kB
VmallocChunk:     159748 kB
Time pass: 29 sec

---2015-12-16 15:27:45
MemTotal:        1862952 kB
MemFree:           38136 kB
Buffers:            9732 kB
Cached:           747456 kB
SwapCached:         3304 kB
Active:           612160 kB
Inactive:         812612 kB
Active(anon):     328232 kB
Inactive(anon):   341124 kB
Active(file):     283928 kB
Inactive(file):   471488 kB
Unevictable:        1296 kB
Mlocked:               0 kB
HighTotal:       1436668 kB
HighFree:           7812 kB
LowTotal:         426284 kB
LowFree:           30324 kB
SwapTotal:       1048572 kB
SwapFree:        1020772 kB
Dirty:               128 kB
Writeback:             0 kB
AnonPages:        666780 kB
Mapped:           421564 kB
Shmem:               468 kB
Slab:              42004 kB
SReclaimable:      14144 kB
SUnreclaim:        27860 kB
KernelStack:       12368 kB
PageTables:        43124 kB
NFS_Unstable:          0 kB
Bounce:                0 kB
WritebackTmp:          0 kB
CommitLimit:     1980048 kB
Committed_AS:   87134576 kB
VmallocTotal:     458752 kB
VmallocUsed:      114236 kB
VmallocChunk:     159748 kB
Time pass: 34 sec

---2015-12-16 15:27:45
MemTotal:        1862952 kB
MemFree:           38012 kB
Buffers:            9740 kB
Cached:           747456 kB
SwapCached:         3304 kB
Active:           612252 kB
Inactive:         812564 kB
Active(anon):     328324 kB
Inactive(anon):   341060 kB
Active(file):     283928 kB
Inactive(file):   471504 kB
Unevictable:        1296 kB
Mlocked:               0 kB
HighTotal:       1436668 kB
HighFree:           7688 kB
LowTotal:         426284 kB
LowFree:           30324 kB
SwapTotal:       1048572 kB
SwapFree:        1020772 kB
Dirty:               144 kB
Writeback:             0 kB
AnonPages:        666844 kB
Mapped:           421640 kB
Shmem:               468 kB
Slab:              42000 kB
SReclaimable:      14136 kB
SUnreclaim:        27864 kB
KernelStack:       12368 kB
PageTables:        43124 kB
NFS_Unstable:          0 kB
Bounce:                0 kB
WritebackTmp:          0 kB
CommitLimit:     1980048 kB
Committed_AS:   87134856 kB
VmallocTotal:     458752 kB
VmallocUsed:      114236 kB
VmallocChunk:     159748 kB
Time pass: 38 sec

---2015-12-16 15:27:45
MemTotal:        1862952 kB
MemFree:           33996 kB
Buffers:            9748 kB
Cached:           743712 kB
SwapCached:         3380 kB
Active:           617340 kB
Inactive:         798924 kB
Active(anon):     325312 kB
Inactive(anon):   339136 kB
Active(file):     292028 kB
Inactive(file):   459788 kB
Unevictable:        1296 kB
Mlocked:               0 kB
HighTotal:       1436668 kB
HighFree:           7740 kB
LowTotal:         426284 kB
LowFree:           26256 kB
SwapTotal:       1048572 kB
SwapFree:        1015436 kB
Dirty:                 0 kB
Writeback:             0 kB
AnonPages:        661692 kB
Mapped:           428056 kB
Shmem:               468 kB
Slab:              42048 kB
SReclaimable:      14128 kB
SUnreclaim:        27920 kB
KernelStack:       12464 kB
PageTables:        43136 kB
NFS_Unstable:          0 kB
Bounce:                0 kB
WritebackTmp:          0 kB
CommitLimit:     1980048 kB
Committed_AS:   87134928 kB
VmallocTotal:     458752 kB
VmallocUsed:      114440 kB
VmallocChunk:     159748 kB
Time pass: 41 sec

---2015-12-16 15:27:45
MemTotal:        1862952 kB
MemFree:           38268 kB
Buffers:            9768 kB
Cached:           719784 kB
SwapCached:         3532 kB
Active:           628156 kB
Inactive:         769248 kB
Active(anon):     334692 kB
Inactive(anon):   335820 kB
Active(file):     293464 kB
Inactive(file):   433428 kB
Unevictable:        2136 kB
Mlocked:               0 kB
HighTotal:       1436668 kB
HighFree:          13240 kB
LowTotal:         426284 kB
LowFree:           25028 kB
SwapTotal:       1048572 kB
SwapFree:        1008200 kB
Dirty:                 0 kB
Writeback:             0 kB
AnonPages:        667840 kB
Mapped:           428196 kB
Shmem:               464 kB
Slab:              42196 kB
SReclaimable:      14128 kB
SUnreclaim:        28068 kB
KernelStack:       12496 kB
PageTables:        43304 kB
NFS_Unstable:          0 kB
Bounce:                0 kB
WritebackTmp:          0 kB
CommitLimit:     1980048 kB
Committed_AS:   87145944 kB
VmallocTotal:     458752 kB
VmallocUsed:      114544 kB
VmallocChunk:     159748 kB
Time pass: 45 sec

---2015-12-16 15:27:45
MemTotal:        1862952 kB
MemFree:           27460 kB
Buffers:            9768 kB
Cached:           719892 kB
SwapCached:         3580 kB
Active:           633520 kB
Inactive:         770828 kB
Active(anon):     340056 kB
Inactive(anon):   337244 kB
Active(file):     293464 kB
Inactive(file):   433584 kB
Unevictable:        2136 kB
Mlocked:               0 kB
HighTotal:       1436668 kB
HighFree:           2432 kB
LowTotal:         426284 kB
LowFree:           25028 kB
SwapTotal:       1048572 kB
SwapFree:        1008056 kB
Dirty:                16 kB
Writeback:             0 kB
AnonPages:        674740 kB
Mapped:           429152 kB
Shmem:               464 kB
Slab:              42112 kB
SReclaimable:      14128 kB
SUnreclaim:        27984 kB
KernelStack:       12504 kB
PageTables:        43336 kB
NFS_Unstable:          0 kB
Bounce:                0 kB
WritebackTmp:          0 kB
CommitLimit:     1980048 kB
Committed_AS:   87159260 kB
VmallocTotal:     458752 kB
VmallocUsed:      114644 kB
VmallocChunk:     159748 kB
Time pass: 49 sec

---2015-12-16 15:27:45
MemTotal:        1862952 kB
MemFree:           54048 kB
Buffers:            9776 kB
Cached:           715220 kB
SwapCached:         3580 kB
Active:           639276 kB
Inactive:         766016 kB
Active(anon):     345564 kB
Inactive(anon):   337460 kB
Active(file):     293712 kB
Inactive(file):   428556 kB
Unevictable:        2136 kB
Mlocked:               0 kB
HighTotal:       1436668 kB
HighFree:          18292 kB
LowTotal:         426284 kB
LowFree:           35756 kB
SwapTotal:       1048572 kB
SwapFree:        1006620 kB
Dirty:               128 kB
Writeback:             0 kB
AnonPages:        680372 kB
Mapped:           422112 kB
Shmem:               464 kB
Slab:              42176 kB
SReclaimable:      14128 kB
SUnreclaim:        28048 kB
KernelStack:       12488 kB
PageTables:        43368 kB
NFS_Unstable:          0 kB
Bounce:                0 kB
WritebackTmp:          0 kB
CommitLimit:     1980048 kB
Committed_AS:   87160112 kB
VmallocTotal:     458752 kB
VmallocUsed:      114580 kB
VmallocChunk:     159748 kB
Time pass: 52 sec

---2015-12-16 15:27:45
MemTotal:        1862952 kB
MemFree:           26076 kB
Buffers:            9812 kB
Cached:           682508 kB
SwapCached:         3580 kB
Active:           647292 kB
Inactive:         735220 kB
Active(anon):     346280 kB
Inactive(anon):   346592 kB
Active(file):     301012 kB
Inactive(file):   388628 kB
Unevictable:        2136 kB
Mlocked:               0 kB
HighTotal:       1436668 kB
HighFree:           1264 kB
LowTotal:         426284 kB
LowFree:           24812 kB
SwapTotal:       1048572 kB
SwapFree:        1000384 kB
Dirty:              1384 kB
Writeback:             0 kB
AnonPages:        690076 kB
Mapped:           458000 kB
Shmem:               464 kB
Slab:              42308 kB
SReclaimable:      14156 kB
SUnreclaim:        28152 kB
KernelStack:       12496 kB
PageTables:        43372 kB
NFS_Unstable:          0 kB
Bounce:                0 kB
WritebackTmp:          0 kB
CommitLimit:     1980048 kB
Committed_AS:   87166704 kB
VmallocTotal:     458752 kB
VmallocUsed:      114688 kB
VmallocChunk:     159748 kB
Time pass: 57 sec

---2015-12-16 15:27:45
MemTotal:        1862952 kB
MemFree:           30432 kB
Buffers:            9848 kB
Cached:           680440 kB
SwapCached:         3580 kB
Active:           646460 kB
Inactive:         729316 kB
Active(anon):     343692 kB
Inactive(anon):   344396 kB
Active(file):     302768 kB
Inactive(file):   384920 kB
Unevictable:        2136 kB
Mlocked:               0 kB
HighTotal:       1436668 kB
HighFree:           5432 kB
LowTotal:         426284 kB
LowFree:           25000 kB
SwapTotal:       1048572 kB
SwapFree:         999712 kB
Dirty:              6440 kB
Writeback:             0 kB
AnonPages:        685344 kB
Mapped:           467632 kB
Shmem:               464 kB
Slab:              42472 kB
SReclaimable:      14216 kB
SUnreclaim:        28256 kB
KernelStack:       12456 kB
PageTables:        43452 kB
NFS_Unstable:          0 kB
Bounce:                0 kB
WritebackTmp:          0 kB
CommitLimit:     1980048 kB
Committed_AS:   87178096 kB
VmallocTotal:     458752 kB
VmallocUsed:      114608 kB
VmallocChunk:     159748 kB
Time pass: 61 sec

---2015-12-16 15:27:45
MemTotal:        1862952 kB
MemFree:           28652 kB
Buffers:            9876 kB
Cached:           672020 kB
SwapCached:         3588 kB
Active:           647976 kB
Inactive:         721904 kB
Active(anon):     345180 kB
Inactive(anon):   345480 kB
Active(file):     302796 kB
Inactive(file):   376424 kB
Unevictable:        2136 kB
Mlocked:               0 kB
HighTotal:       1436668 kB
HighFree:           4652 kB
LowTotal:         426284 kB
LowFree:           24000 kB
SwapTotal:       1048572 kB
SwapFree:         999024 kB
Dirty:               320 kB
Writeback:             0 kB
AnonPages:        687876 kB
Mapped:           470096 kB
Shmem:               464 kB
Slab:              42404 kB
SReclaimable:      14208 kB
SUnreclaim:        28196 kB
KernelStack:       12488 kB
PageTables:        43452 kB
NFS_Unstable:          0 kB
Bounce:                0 kB
WritebackTmp:          0 kB
CommitLimit:     1980048 kB
Committed_AS:   87178328 kB
VmallocTotal:     458752 kB
VmallocUsed:      114848 kB
VmallocChunk:     159748 kB
Time pass: 65 sec

---2015-12-16 15:27:45
MemTotal:        1862952 kB
MemFree:           37844 kB
Buffers:            9876 kB
Cached:           662972 kB
SwapCached:         3588 kB
Active:           640584 kB
Inactive:         712376 kB
Active(anon):     337664 kB
Inactive(anon):   345048 kB
Active(file):     302920 kB
Inactive(file):   367328 kB
Unevictable:        2136 kB
Mlocked:               0 kB
HighTotal:       1436668 kB
HighFree:          12776 kB
LowTotal:         426284 kB
LowFree:           25068 kB
SwapTotal:       1048572 kB
SwapFree:         998808 kB
Dirty:                 0 kB
Writeback:             0 kB
AnonPages:        679896 kB
Mapped:           479432 kB
Shmem:               464 kB
Slab:              42452 kB
SReclaimable:      14240 kB
SUnreclaim:        28212 kB
KernelStack:       12456 kB
PageTables:        43480 kB
NFS_Unstable:          0 kB
Bounce:                0 kB
WritebackTmp:          0 kB
CommitLimit:     1980048 kB
Committed_AS:   87178576 kB
VmallocTotal:     458752 kB
VmallocUsed:      114648 kB
VmallocChunk:     159748 kB
Time pass: 69 sec

---2015-12-16 15:27:45
MemTotal:        1862952 kB
MemFree:           33712 kB
Buffers:            9884 kB
Cached:           663524 kB
SwapCached:         3588 kB
Active:           643348 kB
Inactive:         712600 kB
Active(anon):     340156 kB
Inactive(anon):   345048 kB
Active(file):     303192 kB
Inactive(file):   367552 kB
Unevictable:        2136 kB
Mlocked:               0 kB
HighTotal:       1436668 kB
HighFree:           9180 kB
LowTotal:         426284 kB
LowFree:           24532 kB
SwapTotal:       1048572 kB
SwapFree:         998808 kB
Dirty:               464 kB
Writeback:             0 kB
AnonPages:        682592 kB
Mapped:           479556 kB
Shmem:               464 kB
Slab:              42440 kB
SReclaimable:      14232 kB
SUnreclaim:        28208 kB
KernelStack:       12496 kB
PageTables:        43556 kB
NFS_Unstable:          0 kB
Bounce:                0 kB
WritebackTmp:          0 kB
CommitLimit:     1980048 kB
Committed_AS:   87178648 kB
VmallocTotal:     458752 kB
VmallocUsed:      114888 kB
VmallocChunk:     159748 kB
Time pass: 72 sec

---2015-12-16 15:27:45
MemTotal:        1862952 kB
MemFree:           29160 kB
Buffers:            9884 kB
Cached:           639872 kB
SwapCached:         3588 kB
Active:           643616 kB
Inactive:         694336 kB
Active(anon):     339336 kB
Inactive(anon):   351460 kB
Active(file):     304280 kB
Inactive(file):   342876 kB
Unevictable:        2136 kB
Mlocked:               0 kB
HighTotal:       1436668 kB
HighFree:           3416 kB
LowTotal:         426284 kB
LowFree:           25744 kB
SwapTotal:       1048572 kB
SwapFree:         997964 kB
Dirty:                 8 kB
Writeback:             0 kB
AnonPages:        687872 kB
Mapped:           488360 kB
Shmem:               464 kB
Slab:              42612 kB
SReclaimable:      14252 kB
SUnreclaim:        28360 kB
KernelStack:       12496 kB
PageTables:        43500 kB
NFS_Unstable:          0 kB
Bounce:                0 kB
WritebackTmp:          0 kB
CommitLimit:     1980048 kB
Committed_AS:   87177636 kB
VmallocTotal:     458752 kB
VmallocUsed:      114932 kB
VmallocChunk:     159748 kB
Time pass: 76 sec

---2015-12-16 15:27:45
MemTotal:        1862952 kB
MemFree:           29000 kB
Buffers:            9908 kB
Cached:           628804 kB
SwapCached:         3896 kB
Active:           657048 kB
Inactive:         681272 kB
Active(anon):     351824 kB
Inactive(anon):   350384 kB
Active(file):     305224 kB
Inactive(file):   330888 kB
Unevictable:        2136 kB
Mlocked:               0 kB
HighTotal:       1436668 kB
HighFree:           3528 kB
LowTotal:         426284 kB
LowFree:           25472 kB
SwapTotal:       1048572 kB
SwapFree:         997020 kB
Dirty:               336 kB
Writeback:             0 kB
AnonPages:        699004 kB
Mapped:           491404 kB
Shmem:               464 kB
Slab:              42596 kB
SReclaimable:      14272 kB
SUnreclaim:        28324 kB
KernelStack:       12608 kB
PageTables:        43508 kB
NFS_Unstable:          0 kB
Bounce:                0 kB
WritebackTmp:          0 kB
CommitLimit:     1980048 kB
Committed_AS:   87181952 kB
VmallocTotal:     458752 kB
VmallocUsed:      114932 kB
VmallocChunk:     159748 kB
Time pass: 80 sec

---2015-12-16 15:27:45
MemTotal:        1862952 kB
MemFree:           27980 kB
Buffers:            9972 kB
Cached:           593908 kB
SwapCached:         4608 kB
Active:           657712 kB
Inactive:         656208 kB
Active(anon):     357244 kB
Inactive(anon):   355760 kB
Active(file):     300468 kB
Inactive(file):   300448 kB
Unevictable:        2368 kB
Mlocked:               0 kB
HighTotal:       1436668 kB
HighFree:           3336 kB
LowTotal:         426284 kB
LowFree:           24644 kB
SwapTotal:       1048572 kB
SwapFree:         992784 kB
Dirty:                68 kB
Writeback:             0 kB
AnonPages:        708992 kB
Mapped:           490160 kB
Shmem:               612 kB
Slab:              43008 kB
SReclaimable:      14280 kB
SUnreclaim:        28728 kB
KernelStack:       12792 kB
PageTables:        43732 kB
NFS_Unstable:          0 kB
Bounce:                0 kB
WritebackTmp:          0 kB
CommitLimit:     1980048 kB
Committed_AS:   87208012 kB
VmallocTotal:     458752 kB
VmallocUsed:      118816 kB
VmallocChunk:     159748 kB
Time pass: 85 sec

---2015-12-16 15:27:45
MemTotal:        1862952 kB
MemFree:           29980 kB
Buffers:            9972 kB
Cached:           562368 kB
SwapCached:         4640 kB
Active:           639896 kB
Inactive:         640148 kB
Active(anon):     355284 kB
Inactive(anon):   355448 kB
Active(file):     284612 kB
Inactive(file):   284700 kB
Unevictable:        2368 kB
Mlocked:               0 kB
HighTotal:       1436668 kB
HighFree:           5780 kB
LowTotal:         426284 kB
LowFree:           24200 kB
SwapTotal:       1048572 kB
SwapFree:         989816 kB
Dirty:                28 kB
Writeback:             0 kB
AnonPages:        707040 kB
Mapped:           490076 kB
Shmem:               668 kB
Slab:              43040 kB
SReclaimable:      14288 kB
SUnreclaim:        28752 kB
KernelStack:       12760 kB
PageTables:        43936 kB
NFS_Unstable:          0 kB
Bounce:                0 kB
WritebackTmp:          0 kB
CommitLimit:     1980048 kB
Committed_AS:   87210128 kB
VmallocTotal:     458752 kB
VmallocUsed:      122656 kB
VmallocChunk:     159748 kB
Time pass: 88 sec

---2015-12-16 15:27:45
MemTotal:        1862952 kB
MemFree:           29924 kB
Buffers:            9988 kB
Cached:           562512 kB
SwapCached:         4640 kB
Active:           640620 kB
Inactive:         640236 kB
Active(anon):     355996 kB
Inactive(anon):   355508 kB
Active(file):     284624 kB
Inactive(file):   284728 kB
Unevictable:        2368 kB
Mlocked:               0 kB
HighTotal:       1436668 kB
HighFree:           5576 kB
LowTotal:         426284 kB
LowFree:           24348 kB
SwapTotal:       1048572 kB
SwapFree:         989836 kB
Dirty:                12 kB
Writeback:             0 kB
AnonPages:        707628 kB
Mapped:           490032 kB
Shmem:               756 kB
Slab:              43064 kB
SReclaimable:      14296 kB
SUnreclaim:        28768 kB
KernelStack:       12728 kB
PageTables:        43944 kB
NFS_Unstable:          0 kB
Bounce:                0 kB
WritebackTmp:          0 kB
CommitLimit:     1980048 kB
Committed_AS:   87211244 kB
VmallocTotal:     458752 kB
VmallocUsed:      122576 kB
VmallocChunk:     159748 kB
Time pass: 92 sec

---2015-12-16 15:27:45
MemTotal:        1862952 kB
MemFree:           27104 kB
Buffers:            9996 kB
Cached:           562556 kB
SwapCached:         4636 kB
Active:           642412 kB
Inactive:         640284 kB
Active(anon):     357776 kB
Inactive(anon):   355516 kB
Active(file):     284636 kB
Inactive(file):   284768 kB
Unevictable:        2368 kB
Mlocked:               0 kB
HighTotal:       1436668 kB
HighFree:           3200 kB
LowTotal:         426284 kB
LowFree:           23904 kB
SwapTotal:       1048572 kB
SwapFree:         989856 kB
Dirty:                84 kB
Writeback:             0 kB
AnonPages:        709276 kB
Mapped:           490216 kB
Shmem:               756 kB
Slab:              43168 kB
SReclaimable:      14312 kB
SUnreclaim:        28856 kB
KernelStack:       12760 kB
PageTables:        43944 kB
NFS_Unstable:          0 kB
Bounce:                0 kB
WritebackTmp:          0 kB
CommitLimit:     1980048 kB
Committed_AS:   87211332 kB
VmallocTotal:     458752 kB
VmallocUsed:      122656 kB
VmallocChunk:     159748 kB
Time pass: 95 sec

---2015-12-16 15:27:45
MemTotal:        1862952 kB
MemFree:           29160 kB
Buffers:           10012 kB
Cached:           560708 kB
SwapCached:         4636 kB
Active:           640260 kB
Inactive:         640544 kB
Active(anon):     356524 kB
Inactive(anon):   356696 kB
Active(file):     283736 kB
Inactive(file):   283848 kB
Unevictable:        2368 kB
Mlocked:               0 kB
HighTotal:       1436668 kB
HighFree:           5192 kB
LowTotal:         426284 kB
LowFree:           23968 kB
SwapTotal:       1048572 kB
SwapFree:         989332 kB
Dirty:                76 kB
Writeback:             0 kB
AnonPages:        709304 kB
Mapped:           490220 kB
Shmem:               756 kB
Slab:              43204 kB
SReclaimable:      14312 kB
SUnreclaim:        28892 kB
KernelStack:       12736 kB
PageTables:        43944 kB
NFS_Unstable:          0 kB
Bounce:                0 kB
WritebackTmp:          0 kB
CommitLimit:     1980048 kB
Committed_AS:   87211452 kB
VmallocTotal:     458752 kB
VmallocUsed:      122692 kB
VmallocChunk:     159748 kB
Time pass: 99 sec

---2015-12-16 15:27:45
MemTotal:        1862952 kB
MemFree:           28416 kB
Buffers:           10028 kB
Cached:           560760 kB
SwapCached:         4640 kB
Active:           641056 kB
Inactive:         640604 kB
Active(anon):     357292 kB
Inactive(anon):   356708 kB
Active(file):     283764 kB
Inactive(file):   283896 kB
Unevictable:        2368 kB
Mlocked:               0 kB
HighTotal:       1436668 kB
HighFree:           4164 kB
LowTotal:         426284 kB
LowFree:           24252 kB
SwapTotal:       1048572 kB
SwapFree:         989340 kB
Dirty:                28 kB
Writeback:             0 kB
AnonPages:        710052 kB
Mapped:           490168 kB
Shmem:               756 kB
Slab:              43112 kB
SReclaimable:      14312 kB
SUnreclaim:        28800 kB
KernelStack:       12768 kB
PageTables:        43936 kB
NFS_Unstable:          0 kB
Bounce:                0 kB
WritebackTmp:          0 kB
CommitLimit:     1980048 kB
Committed_AS:   87214676 kB
VmallocTotal:     458752 kB
VmallocUsed:      122656 kB
VmallocChunk:     159748 kB
Time pass: 103 sec

---2015-12-16 15:27:45
MemTotal:        1862952 kB
MemFree:           27468 kB
Buffers:           10036 kB
Cached:           560784 kB
SwapCached:         4644 kB
Active:           641144 kB
Inactive:         640608 kB
Active(anon):     357360 kB
Inactive(anon):   356700 kB
Active(file):     283784 kB
Inactive(file):   283908 kB
Unevictable:        2368 kB
Mlocked:               0 kB
HighTotal:       1436668 kB
HighFree:           3672 kB
LowTotal:         426284 kB
LowFree:           23796 kB
SwapTotal:       1048572 kB
SwapFree:         989344 kB
Dirty:                60 kB
Writeback:             0 kB
AnonPages:        710024 kB
Mapped:           490040 kB
Shmem:               756 kB
Slab:              43124 kB
SReclaimable:      14312 kB
SUnreclaim:        28812 kB
KernelStack:       12768 kB
PageTables:        43952 kB
NFS_Unstable:          0 kB
Bounce:                0 kB
WritebackTmp:          0 kB
CommitLimit:     1980048 kB
Committed_AS:   87214788 kB
VmallocTotal:     458752 kB
VmallocUsed:      122656 kB
VmallocChunk:     159748 kB
Time pass: 106 sec

---2015-12-16 15:27:45
MemTotal:        1862952 kB
MemFree:           80476 kB
Buffers:            9320 kB
Cached:           556960 kB
SwapCached:         4752 kB
Active:           632044 kB
Inactive:         637696 kB
Active(anon):     348592 kB
Inactive(anon):   357700 kB
Active(file):     283452 kB
Inactive(file):   279996 kB
Unevictable:        2368 kB
Mlocked:               0 kB
HighTotal:       1436668 kB
HighFree:          49860 kB
LowTotal:         426284 kB
LowFree:           30616 kB
SwapTotal:       1048572 kB
SwapFree:         985592 kB
Dirty:                88 kB
Writeback:             0 kB
AnonPages:        702500 kB
Mapped:           489716 kB
Shmem:               464 kB
Slab:              43228 kB
SReclaimable:      14288 kB
SUnreclaim:        28940 kB
KernelStack:       12504 kB
PageTables:        43640 kB
NFS_Unstable:          0 kB
Bounce:                0 kB
WritebackTmp:          0 kB
CommitLimit:     1980048 kB
Committed_AS:   87206700 kB
VmallocTotal:     458752 kB
VmallocUsed:      114792 kB
VmallocChunk:     159748 kB
Time pass: 110 sec

---2015-12-16 15:27:45
MemTotal:        1862952 kB
MemFree:          100432 kB
Buffers:            9424 kB
Cached:           559276 kB
SwapCached:         5096 kB
Active:           630672 kB
Inactive:         638444 kB
Active(anon):     345548 kB
Inactive(anon):   357852 kB
Active(file):     285124 kB
Inactive(file):   280592 kB
Unevictable:        2368 kB
Mlocked:               0 kB
HighTotal:       1436668 kB
HighFree:          65952 kB
LowTotal:         426284 kB
LowFree:           34480 kB
SwapTotal:       1048572 kB
SwapFree:         985600 kB
Dirty:                48 kB
Writeback:             4 kB
AnonPages:        699464 kB
Mapped:           495416 kB
Shmem:               468 kB
Slab:              43320 kB
SReclaimable:      14284 kB
SUnreclaim:        29036 kB
KernelStack:       12576 kB
PageTables:        43988 kB
NFS_Unstable:          0 kB
Bounce:                0 kB
WritebackTmp:          0 kB
CommitLimit:     1980048 kB
Committed_AS:   88452348 kB
VmallocTotal:     458752 kB
VmallocUsed:      116032 kB
VmallocChunk:     159748 kB
Time pass: 114 sec

---2015-12-16 15:27:45
MemTotal:        1862952 kB
MemFree:          403924 kB
Buffers:            9524 kB
Cached:           559912 kB
SwapCached:         5300 kB
Active:           546532 kB
Inactive:         636144 kB
Active(anon):     260732 kB
Inactive(anon):   355208 kB
Active(file):     285800 kB
Inactive(file):   280936 kB
Unevictable:        2368 kB
Mlocked:               0 kB
HighTotal:       1436668 kB
HighFree:         273252 kB
LowTotal:         426284 kB
LowFree:          130672 kB
SwapTotal:       1048572 kB
SwapFree:         985604 kB
Dirty:                44 kB
Writeback:             0 kB
AnonPages:        611828 kB
Mapped:           352224 kB
Shmem:               332 kB
Slab:              43160 kB
SReclaimable:      14280 kB
SUnreclaim:        28880 kB
KernelStack:       11824 kB
PageTables:        41332 kB
NFS_Unstable:          0 kB
Bounce:                0 kB
WritebackTmp:          0 kB
CommitLimit:     1980048 kB
Committed_AS:   84539000 kB
VmallocTotal:     458752 kB
VmallocUsed:      111796 kB
VmallocChunk:     159748 kB
Time pass: 117 sec

---2015-12-16 15:27:45
MemTotal:        1862952 kB
MemFree:          407664 kB
Buffers:            9524 kB
Cached:           559920 kB
SwapCached:         5352 kB
Active:           543848 kB
Inactive:         635080 kB
Active(anon):     258044 kB
Inactive(anon):   354140 kB
Active(file):     285804 kB
Inactive(file):   280940 kB
Unevictable:        2368 kB
Mlocked:               0 kB
HighTotal:       1436668 kB
HighFree:         276964 kB
LowTotal:         426284 kB
LowFree:          130700 kB
SwapTotal:       1048572 kB
SwapFree:         985608 kB
Dirty:                44 kB
Writeback:             0 kB
AnonPages:        608036 kB
Mapped:           352236 kB
Shmem:               332 kB
Slab:              43128 kB
SReclaimable:      14280 kB
SUnreclaim:        28848 kB
KernelStack:       11824 kB
PageTables:        41436 kB
NFS_Unstable:          0 kB
Bounce:                0 kB
WritebackTmp:          0 kB
CommitLimit:     1980048 kB
Committed_AS:   84539520 kB
VmallocTotal:     458752 kB
VmallocUsed:      111796 kB
VmallocChunk:     159748 kB
Time pass: 121 sec

---2015-12-16 15:27:45
MemTotal:        1862952 kB
MemFree:          406788 kB
Buffers:            9532 kB
Cached:           560152 kB
SwapCached:         5360 kB
Active:           544028 kB
Inactive:         635344 kB
Active(anon):     258212 kB
Inactive(anon):   354176 kB
Active(file):     285816 kB
Inactive(file):   281168 kB
Unevictable:        2368 kB
Mlocked:               0 kB
HighTotal:       1436668 kB
HighFree:         276344 kB
LowTotal:         426284 kB
LowFree:          130444 kB
SwapTotal:       1048572 kB
SwapFree:         985636 kB
Dirty:                32 kB
Writeback:             0 kB
AnonPages:        608200 kB
Mapped:           352204 kB
Shmem:               332 kB
Slab:              43120 kB
SReclaimable:      14272 kB
SUnreclaim:        28848 kB
KernelStack:       11848 kB
PageTables:        41436 kB
NFS_Unstable:          0 kB
Bounce:                0 kB
WritebackTmp:          0 kB
CommitLimit:     1980048 kB
Committed_AS:   84539592 kB
VmallocTotal:     458752 kB
VmallocUsed:      111900 kB
VmallocChunk:     159748 kB
Time pass: 125 sec

---2015-12-16 15:27:45
MemTotal:        1862952 kB
MemFree:          406824 kB
Buffers:            9540 kB
Cached:           560152 kB
SwapCached:         5360 kB
Active:           544272 kB
Inactive:         635348 kB
Active(anon):     258456 kB
Inactive(anon):   354176 kB
Active(file):     285816 kB
Inactive(file):   281172 kB
Unevictable:        2368 kB
Mlocked:               0 kB
HighTotal:       1436668 kB
HighFree:         276348 kB
LowTotal:         426284 kB
LowFree:          130476 kB
SwapTotal:       1048572 kB
SwapFree:         985640 kB
Dirty:                 4 kB
Writeback:            12 kB
AnonPages:        608452 kB
Mapped:           352280 kB
Shmem:               332 kB
Slab:              43120 kB
SReclaimable:      14272 kB
SUnreclaim:        28848 kB
KernelStack:       11840 kB
PageTables:        41448 kB
NFS_Unstable:          0 kB
Bounce:                0 kB
WritebackTmp:          0 kB
CommitLimit:     1980048 kB
Committed_AS:   84539792 kB
VmallocTotal:     458752 kB
VmallocUsed:      111820 kB
VmallocChunk:     159748 kB
Time pass: 128 sec

---2015-12-16 15:27:45
MemTotal:        1862952 kB
MemFree:          406788 kB
Buffers:            9540 kB
Cached:           560168 kB
SwapCached:         5408 kB
Active:           544080 kB
Inactive:         635368 kB
Active(anon):     258264 kB
Inactive(anon):   354192 kB
Active(file):     285816 kB
Inactive(file):   281176 kB
Unevictable:        2368 kB
Mlocked:               0 kB
HighTotal:       1436668 kB
HighFree:         275976 kB
LowTotal:         426284 kB
LowFree:          130812 kB
SwapTotal:       1048572 kB
SwapFree:         985652 kB
Dirty:                 4 kB
Writeback:             0 kB
AnonPages:        608248 kB
Mapped:           352208 kB
Shmem:               332 kB
Slab:              43116 kB
SReclaimable:      14272 kB
SUnreclaim:        28844 kB
KernelStack:       11776 kB
PageTables:        41408 kB
NFS_Unstable:          0 kB
Bounce:                0 kB
WritebackTmp:          0 kB
CommitLimit:     1980048 kB
Committed_AS:   84539400 kB
VmallocTotal:     458752 kB
VmallocUsed:      111900 kB
VmallocChunk:     159748 kB
Time pass: 132 sec

---2015-12-16 15:27:45
MemTotal:        1862952 kB
MemFree:          408924 kB
Buffers:            9552 kB
Cached:           560216 kB
SwapCached:         5444 kB
Active:           543640 kB
Inactive:         634364 kB
Active(anon):     257824 kB
Inactive(anon):   353112 kB
Active(file):     285816 kB
Inactive(file):   281252 kB
Unevictable:        2368 kB
Mlocked:               0 kB
HighTotal:       1436668 kB
HighFree:         276680 kB
LowTotal:         426284 kB
LowFree:          132244 kB
SwapTotal:       1048572 kB
SwapFree:         985668 kB
Dirty:                12 kB
Writeback:             0 kB
AnonPages:        606764 kB
Mapped:           352300 kB
Shmem:               332 kB
Slab:              43108 kB
SReclaimable:      14264 kB
SUnreclaim:        28844 kB
KernelStack:       11456 kB
PageTables:        41372 kB
NFS_Unstable:          0 kB
Bounce:                0 kB
WritebackTmp:          0 kB
CommitLimit:     1980048 kB
Committed_AS:   84538232 kB
VmallocTotal:     458752 kB
VmallocUsed:      111820 kB
VmallocChunk:     159748 kB
Time pass: 136 sec

---2015-12-16 15:27:45
MemTotal:        1862952 kB
MemFree:          408504 kB
Buffers:            9552 kB
Cached:           560216 kB
SwapCached:         5444 kB
Active:           543728 kB
Inactive:         634360 kB
Active(anon):     257908 kB
Inactive(anon):   353112 kB
Active(file):     285820 kB
Inactive(file):   281248 kB
Unevictable:        2368 kB
Mlocked:               0 kB
HighTotal:       1436668 kB
HighFree:         276308 kB
LowTotal:         426284 kB
LowFree:          132196 kB
SwapTotal:       1048572 kB
SwapFree:         985668 kB
Dirty:                 4 kB
Writeback:             0 kB
AnonPages:        606852 kB
Mapped:           352400 kB
Shmem:               332 kB
Slab:              43108 kB
SReclaimable:      14264 kB
SUnreclaim:        28844 kB
KernelStack:       11464 kB
PageTables:        41376 kB
NFS_Unstable:          0 kB
Bounce:                0 kB
WritebackTmp:          0 kB
CommitLimit:     1980048 kB
Committed_AS:   84538352 kB
VmallocTotal:     458752 kB
VmallocUsed:      111900 kB
VmallocChunk:     159748 kB
Time pass: 139 sec

---2015-12-16 15:27:45
MemTotal:        1862952 kB
MemFree:          408684 kB
Buffers:            9560 kB
Cached:           560208 kB
SwapCached:         5440 kB
Active:           543920 kB
Inactive:         634360 kB
Active(anon):     258100 kB
Inactive(anon):   353112 kB
Active(file):     285820 kB
Inactive(file):   281248 kB
Unevictable:        2368 kB
Mlocked:               0 kB
HighTotal:       1436668 kB
HighFree:         276372 kB
LowTotal:         426284 kB
LowFree:          132312 kB
SwapTotal:       1048572 kB
SwapFree:         985680 kB
Dirty:                 4 kB
Writeback:             0 kB
AnonPages:        607072 kB
Mapped:           352356 kB
Shmem:               332 kB
Slab:              43108 kB
SReclaimable:      14264 kB
SUnreclaim:        28844 kB
KernelStack:       11456 kB
PageTables:        41376 kB
NFS_Unstable:          0 kB
Bounce:                0 kB
WritebackTmp:          0 kB
CommitLimit:     1980048 kB
Committed_AS:   84538400 kB
VmallocTotal:     458752 kB
VmallocUsed:      111820 kB
VmallocChunk:     159748 kB
Time pass: 143 sec

---2015-12-16 15:27:45
MemTotal:        1862952 kB
MemFree:          408584 kB
Buffers:            9560 kB
Cached:           560268 kB
SwapCached:         5440 kB
Active:           544084 kB
Inactive:         634300 kB
Active(anon):     258264 kB
Inactive(anon):   352992 kB
Active(file):     285820 kB
Inactive(file):   281308 kB
Unevictable:        2368 kB
Mlocked:               0 kB
HighTotal:       1436668 kB
HighFree:         276248 kB
LowTotal:         426284 kB
LowFree:          132336 kB
SwapTotal:       1048572 kB
SwapFree:         985680 kB
Dirty:                 4 kB
Writeback:             0 kB
AnonPages:        607108 kB
Mapped:           352376 kB
Shmem:               332 kB
Slab:              43108 kB
SReclaimable:      14264 kB
SUnreclaim:        28844 kB
KernelStack:       11416 kB
PageTables:        41352 kB
NFS_Unstable:          0 kB
Bounce:                0 kB
WritebackTmp:          0 kB
CommitLimit:     1980048 kB
Committed_AS:   84538552 kB
VmallocTotal:     458752 kB
VmallocUsed:      111820 kB
VmallocChunk:     159748 kB
Time pass: 147 sec

---2015-12-16 15:27:45
MemTotal:        1862952 kB
MemFree:          405020 kB
Buffers:            9576 kB
Cached:           560912 kB
SwapCached:         5440 kB
Active:           546900 kB
Inactive:         634820 kB
Active(anon):     261020 kB
Inactive(anon):   352988 kB
Active(file):     285880 kB
Inactive(file):   281832 kB
Unevictable:        2368 kB
Mlocked:               0 kB
HighTotal:       1436668 kB
HighFree:         272764 kB
LowTotal:         426284 kB
LowFree:          132256 kB
SwapTotal:       1048572 kB
SwapFree:         985680 kB
Dirty:                 4 kB
Writeback:             0 kB
AnonPages:        609876 kB
Mapped:           352640 kB
Shmem:               332 kB
Slab:              43044 kB
SReclaimable:      14264 kB
SUnreclaim:        28780 kB
KernelStack:       11520 kB
PageTables:        41868 kB
NFS_Unstable:          0 kB
Bounce:                0 kB
WritebackTmp:          0 kB
CommitLimit:     1980048 kB
Committed_AS:   85782880 kB
VmallocTotal:     458752 kB
VmallocUsed:      112840 kB
VmallocChunk:     159748 kB
Time pass: 150 sec

---2015-12-16 15:27:45
MemTotal:        1862952 kB
MemFree:          405176 kB
Buffers:            9584 kB
Cached:           560896 kB
SwapCached:         5424 kB
Active:           546992 kB
Inactive:         634640 kB
Active(anon):     261064 kB
Inactive(anon):   352788 kB
Active(file):     285928 kB
Inactive(file):   281852 kB
Unevictable:        2368 kB
Mlocked:               0 kB
HighTotal:       1436668 kB
HighFree:         272888 kB
LowTotal:         426284 kB
LowFree:          132288 kB
SwapTotal:       1048572 kB
SwapFree:         985716 kB
Dirty:                12 kB
Writeback:             0 kB
AnonPages:        609708 kB
Mapped:           352648 kB
Shmem:               332 kB
Slab:              43044 kB
SReclaimable:      14264 kB
SUnreclaim:        28780 kB
KernelStack:       11480 kB
PageTables:        41860 kB
NFS_Unstable:          0 kB
Bounce:                0 kB
WritebackTmp:          0 kB
CommitLimit:     1980048 kB
Committed_AS:   85782792 kB
VmallocTotal:     458752 kB
VmallocUsed:      112840 kB
VmallocChunk:     159748 kB
Time pass: 154 sec

---2015-12-16 15:27:45
MemTotal:        1862952 kB
MemFree:          404920 kB
Buffers:            9584 kB
Cached:           560912 kB
SwapCached:         5424 kB
Active:           547184 kB
Inactive:         634656 kB
Active(anon):     261256 kB
Inactive(anon):   352788 kB
Active(file):     285928 kB
Inactive(file):   281868 kB
Unevictable:        2368 kB
Mlocked:               0 kB
HighTotal:       1436668 kB
HighFree:         272640 kB
LowTotal:         426284 kB
LowFree:          132280 kB
SwapTotal:       1048572 kB
SwapFree:         985716 kB
Dirty:                20 kB
Writeback:             0 kB
AnonPages:        609896 kB
Mapped:           352664 kB
Shmem:               332 kB
Slab:              43044 kB
SReclaimable:      14264 kB
SUnreclaim:        28780 kB
KernelStack:       11472 kB
PageTables:        41844 kB
NFS_Unstable:          0 kB
Bounce:                0 kB
WritebackTmp:          0 kB
CommitLimit:     1980048 kB
Committed_AS:   85783000 kB
VmallocTotal:     458752 kB
VmallocUsed:      112840 kB
VmallocChunk:     159748 kB
Time pass: 158 sec

---2015-12-16 15:27:45
MemTotal:        1862952 kB
MemFree:          404796 kB
Buffers:            9592 kB
Cached:           560912 kB
SwapCached:         5424 kB
Active:           547348 kB
Inactive:         634664 kB
Active(anon):     261420 kB
Inactive(anon):   352788 kB
Active(file):     285928 kB
Inactive(file):   281876 kB
Unevictable:        2368 kB
Mlocked:               0 kB
HighTotal:       1436668 kB
HighFree:         272516 kB
LowTotal:         426284 kB
LowFree:          132280 kB
SwapTotal:       1048572 kB
SwapFree:         985716 kB
Dirty:                 4 kB
Writeback:             0 kB
AnonPages:        610012 kB
Mapped:           352652 kB
Shmem:               332 kB
Slab:              43044 kB
SReclaimable:      14264 kB
SUnreclaim:        28780 kB
KernelStack:       11488 kB
PageTables:        41860 kB
NFS_Unstable:          0 kB
Bounce:                0 kB
WritebackTmp:          0 kB
CommitLimit:     1980048 kB
Committed_AS:   85783080 kB
VmallocTotal:     458752 kB
VmallocUsed:      112840 kB
VmallocChunk:     159748 kB
Time pass: 161 sec

---2015-12-16 15:27:45
MemTotal:        1862952 kB
MemFree:          404788 kB
Buffers:            9592 kB
Cached:           560912 kB
SwapCached:         5424 kB
Active:           547408 kB
Inactive:         634660 kB
Active(anon):     261476 kB
Inactive(anon):   352788 kB
Active(file):     285932 kB
Inactive(file):   281872 kB
Unevictable:        2368 kB
Mlocked:               0 kB
HighTotal:       1436668 kB
HighFree:         272516 kB
LowTotal:         426284 kB
LowFree:          132272 kB
SwapTotal:       1048572 kB
SwapFree:         985716 kB
Dirty:                 0 kB
Writeback:             0 kB
AnonPages:        610084 kB
Mapped:           352652 kB
Shmem:               332 kB
Slab:              43044 kB
SReclaimable:      14264 kB
SUnreclaim:        28780 kB
KernelStack:       11488 kB
PageTables:        41860 kB
NFS_Unstable:          0 kB
Bounce:                0 kB
WritebackTmp:          0 kB
CommitLimit:     1980048 kB
Committed_AS:   85783152 kB
VmallocTotal:     458752 kB
VmallocUsed:      112840 kB
VmallocChunk:     159748 kB
Time pass: 165 sec

---2015-12-16 15:27:45
MemTotal:        1862952 kB
MemFree:          404548 kB
Buffers:            9600 kB
Cached:           560912 kB
SwapCached:         5424 kB
Active:           547580 kB
Inactive:         634664 kB
Active(anon):     261648 kB
Inactive(anon):   352784 kB
Active(file):     285932 kB
Inactive(file):   281880 kB
Unevictable:        2368 kB
Mlocked:               0 kB
HighTotal:       1436668 kB
HighFree:         272268 kB
LowTotal:         426284 kB
LowFree:          132280 kB
SwapTotal:       1048572 kB
SwapFree:         985716 kB
Dirty:                12 kB
Writeback:             0 kB
AnonPages:        610296 kB
Mapped:           352652 kB
Shmem:               332 kB
Slab:              43040 kB
SReclaimable:      14264 kB
SUnreclaim:        28776 kB
KernelStack:       11488 kB
PageTables:        41860 kB
NFS_Unstable:          0 kB
Bounce:                0 kB
WritebackTmp:          0 kB
CommitLimit:     1980048 kB
Committed_AS:   85783360 kB
VmallocTotal:     458752 kB
VmallocUsed:      112840 kB
VmallocChunk:     159748 kB
Time pass: 169 sec

---2015-12-16 15:27:45
MemTotal:        1862952 kB
MemFree:          354260 kB
Buffers:            9624 kB
Cached:           562264 kB
SwapCached:         5520 kB
Active:           569712 kB
Inactive:         634864 kB
Active(anon):     282624 kB
Inactive(anon):   352812 kB
Active(file):     287088 kB
Inactive(file):   282052 kB
Unevictable:        2368 kB
Mlocked:               0 kB
HighTotal:       1436668 kB
HighFree:         214012 kB
LowTotal:         426284 kB
LowFree:          140248 kB
SwapTotal:       1048572 kB
SwapFree:         985756 kB
Dirty:               772 kB
Writeback:             0 kB
AnonPages:        631204 kB
Mapped:           373448 kB
Shmem:               332 kB
Slab:              42996 kB
SReclaimable:      14264 kB
SUnreclaim:        28732 kB
KernelStack:       11768 kB
PageTables:        42640 kB
NFS_Unstable:          0 kB
Bounce:                0 kB
WritebackTmp:          0 kB
CommitLimit:     1980048 kB
Committed_AS:   87102168 kB
VmallocTotal:     458752 kB
VmallocUsed:      114204 kB
VmallocChunk:     159748 kB
Time pass: 172 sec

---2015-12-16 15:27:45
MemTotal:        1862952 kB
MemFree:          271660 kB
Buffers:            9632 kB
Cached:           564252 kB
SwapCached:         5592 kB
Active:           591100 kB
Inactive:         636204 kB
Active(anon):     303260 kB
Inactive(anon):   352940 kB
Active(file):     287840 kB
Inactive(file):   283264 kB
Unevictable:        2368 kB
Mlocked:               0 kB
HighTotal:       1436668 kB
HighFree:         168748 kB
LowTotal:         426284 kB
LowFree:          102912 kB
SwapTotal:       1048572 kB
SwapFree:         985764 kB
Dirty:              1612 kB
Writeback:             0 kB
AnonPages:        651708 kB
Mapped:           379036 kB
Shmem:               464 kB
Slab:              43036 kB
SReclaimable:      14264 kB
SUnreclaim:        28772 kB
KernelStack:       12032 kB
PageTables:        43008 kB
NFS_Unstable:          0 kB
Bounce:                0 kB
WritebackTmp:          0 kB
CommitLimit:     1980048 kB
Committed_AS:   87124352 kB
VmallocTotal:     458752 kB
VmallocUsed:      114316 kB
VmallocChunk:     159748 kB
Time pass: 176 sec

---2015-12-16 15:27:45
MemTotal:        1862952 kB
MemFree:          219588 kB
Buffers:            9640 kB
Cached:           565956 kB
SwapCached:         5584 kB
Active:           604972 kB
Inactive:         635208 kB
Active(anon):     316456 kB
Inactive(anon):   350968 kB
Active(file):     288516 kB
Inactive(file):   284240 kB
Unevictable:        2368 kB
Mlocked:               0 kB
HighTotal:       1436668 kB
HighFree:         133216 kB
LowTotal:         426284 kB
LowFree:           86372 kB
SwapTotal:       1048572 kB
SwapFree:         985776 kB
Dirty:              1460 kB
Writeback:             0 kB
AnonPages:        663036 kB
Mapped:           395260 kB
Shmem:               464 kB
Slab:              43000 kB
SReclaimable:      14264 kB
SUnreclaim:        28736 kB
KernelStack:       12088 kB
PageTables:        43160 kB
NFS_Unstable:          0 kB
Bounce:                0 kB
WritebackTmp:          0 kB
CommitLimit:     1980048 kB
Committed_AS:   87146872 kB
VmallocTotal:     458752 kB
VmallocUsed:      114500 kB
VmallocChunk:     159748 kB
Time pass: 180 sec

---2015-12-16 15:27:45
MemTotal:        1862952 kB
MemFree:          176796 kB
Buffers:            9640 kB
Cached:           573180 kB
SwapCached:         5584 kB
Active:           620292 kB
Inactive:         618748 kB
Active(anon):     320228 kB
Inactive(anon):   343060 kB
Active(file):     300064 kB
Inactive(file):   275688 kB
Unevictable:       14512 kB
Mlocked:           12160 kB
HighTotal:       1436668 kB
HighFree:          90460 kB
LowTotal:         426284 kB
LowFree:           86336 kB
SwapTotal:       1048572 kB
SwapFree:         985780 kB
Dirty:                32 kB
Writeback:             0 kB
AnonPages:        666760 kB
Mapped:           427264 kB
Shmem:               784 kB
Slab:              43264 kB
SReclaimable:      14396 kB
SUnreclaim:        28868 kB
KernelStack:       12032 kB
PageTables:        43260 kB
NFS_Unstable:          0 kB
Bounce:                0 kB
WritebackTmp:          0 kB
CommitLimit:     1980048 kB
Committed_AS:   87166720 kB
VmallocTotal:     458752 kB
VmallocUsed:      114588 kB
VmallocChunk:     159748 kB
Time pass: 183 sec

---2015-12-16 15:27:45
MemTotal:        1862952 kB
MemFree:          161460 kB
Buffers:            9652 kB
Cached:           573096 kB
SwapCached:         5584 kB
Active:           622252 kB
Inactive:         630212 kB
Active(anon):     321588 kB
Inactive(anon):   350960 kB
Active(file):     300664 kB
Inactive(file):   279252 kB
Unevictable:        2368 kB
Mlocked:               0 kB
HighTotal:       1436668 kB
HighFree:          74976 kB
LowTotal:         426284 kB
LowFree:           86484 kB
SwapTotal:       1048572 kB
SwapFree:         985780 kB
Dirty:               404 kB
Writeback:             0 kB
AnonPages:        668144 kB
Mapped:           438828 kB
Shmem:               464 kB
Slab:              43220 kB
SReclaimable:      14384 kB
SUnreclaim:        28836 kB
KernelStack:       12008 kB
PageTables:        43332 kB
NFS_Unstable:          0 kB
Bounce:                0 kB
WritebackTmp:          0 kB
CommitLimit:     1980048 kB
Committed_AS:   87176636 kB
VmallocTotal:     458752 kB
VmallocUsed:      114548 kB
VmallocChunk:     159748 kB
Time pass: 187 sec

---2015-12-16 15:27:45
MemTotal:        1862952 kB
MemFree:          161376 kB
Buffers:            9660 kB
Cached:           573096 kB
SwapCached:         5584 kB
Active:           622200 kB
Inactive:         630168 kB
Active(anon):     321488 kB
Inactive(anon):   350960 kB
Active(file):     300712 kB
Inactive(file):   279208 kB
Unevictable:        2368 kB
Mlocked:               0 kB
HighTotal:       1436668 kB
HighFree:          74816 kB
LowTotal:         426284 kB
LowFree:           86560 kB
SwapTotal:       1048572 kB
SwapFree:         985780 kB
Dirty:               348 kB
Writeback:             0 kB
AnonPages:        668044 kB
Mapped:           438828 kB
Shmem:               464 kB
Slab:              43236 kB
SReclaimable:      14388 kB
SUnreclaim:        28848 kB
KernelStack:       12008 kB
PageTables:        43292 kB
NFS_Unstable:          0 kB
Bounce:                0 kB
WritebackTmp:          0 kB
CommitLimit:     1980048 kB
Committed_AS:   87166816 kB
VmallocTotal:     458752 kB
VmallocUsed:      114548 kB
VmallocChunk:     159748 kB
Time pass: 191 sec

---2015-12-16 15:27:45
MemTotal:        1862952 kB
MemFree:          120576 kB
Buffers:            9660 kB
Cached:           573112 kB
SwapCached:         5588 kB
Active:           632892 kB
Inactive:         630172 kB
Active(anon):     332168 kB
Inactive(anon):   350956 kB
Active(file):     300724 kB
Inactive(file):   279216 kB
Unevictable:        2368 kB
Mlocked:               0 kB
HighTotal:       1436668 kB
HighFree:          34184 kB
LowTotal:         426284 kB
LowFree:           86392 kB
SwapTotal:       1048572 kB
SwapFree:         985788 kB
Dirty:               540 kB
Writeback:             0 kB
AnonPages:        678720 kB
Mapped:           455852 kB
Shmem:               464 kB
Slab:              43240 kB
SReclaimable:      14392 kB
SUnreclaim:        28848 kB
KernelStack:       12192 kB
PageTables:        43400 kB
NFS_Unstable:          0 kB
Bounce:                0 kB
WritebackTmp:          0 kB
CommitLimit:     1980048 kB
Committed_AS:   87180064 kB
VmallocTotal:     458752 kB
VmallocUsed:      114672 kB
VmallocChunk:     159748 kB
Time pass: 194 sec

---2015-12-16 15:27:45
MemTotal:        1862952 kB
MemFree:          120468 kB
Buffers:            9668 kB
Cached:           573112 kB
SwapCached:         5588 kB
Active:           632972 kB
Inactive:         630180 kB
Active(anon):     332248 kB
Inactive(anon):   350956 kB
Active(file):     300724 kB
Inactive(file):   279224 kB
Unevictable:        2368 kB
Mlocked:               0 kB
HighTotal:       1436668 kB
HighFree:          34060 kB
LowTotal:         426284 kB
LowFree:           86408 kB
SwapTotal:       1048572 kB
SwapFree:         985788 kB
Dirty:                52 kB
Writeback:             0 kB
AnonPages:        678800 kB
Mapped:           455860 kB
Shmem:               464 kB
Slab:              43224 kB
SReclaimable:      14376 kB
SUnreclaim:        28848 kB
KernelStack:       12160 kB
PageTables:        43400 kB
NFS_Unstable:          0 kB
Bounce:                0 kB
WritebackTmp:          0 kB
CommitLimit:     1980048 kB
Committed_AS:   87180264 kB
VmallocTotal:     458752 kB
VmallocUsed:      114672 kB
VmallocChunk:     159748 kB
Time pass: 198 sec

---2015-12-16 15:27:45
MemTotal:        1862952 kB
MemFree:          120468 kB
Buffers:            9668 kB
Cached:           573112 kB
SwapCached:         5588 kB
Active:           633048 kB
Inactive:         630180 kB
Active(anon):     332324 kB
Inactive(anon):   350956 kB
Active(file):     300724 kB
Inactive(file):   279224 kB
Unevictable:        2368 kB
Mlocked:               0 kB
HighTotal:       1436668 kB
HighFree:          34060 kB
LowTotal:         426284 kB
LowFree:           86408 kB
SwapTotal:       1048572 kB
SwapFree:         985788 kB
Dirty:                52 kB
Writeback:             0 kB
AnonPages:        678872 kB
Mapped:           455940 kB
Shmem:               464 kB
Slab:              43224 kB
SReclaimable:      14376 kB
SUnreclaim:        28848 kB
KernelStack:       12160 kB
PageTables:        43400 kB
NFS_Unstable:          0 kB
Bounce:                0 kB
WritebackTmp:          0 kB
CommitLimit:     1980048 kB
Committed_AS:   87180344 kB
VmallocTotal:     458752 kB
VmallocUsed:      114672 kB
VmallocChunk:     159748 kB
Time pass: 202 sec

---2015-12-16 15:27:45
MemTotal:        1862952 kB
MemFree:           75416 kB
Buffers:            9708 kB
Cached:           573188 kB
SwapCached:         5576 kB
Active:           650708 kB
Inactive:         630160 kB
Active(anon):     349812 kB
Inactive(anon):   351072 kB
Active(file):     300896 kB
Inactive(file):   279088 kB
Unevictable:        2368 kB
Mlocked:               0 kB
HighTotal:       1436668 kB
HighFree:           3640 kB
LowTotal:         426284 kB
LowFree:           71776 kB
SwapTotal:       1048572 kB
SwapFree:         985832 kB
Dirty:                76 kB
Writeback:             0 kB
AnonPages:        696556 kB
Mapped:           458592 kB
Shmem:               540 kB
Slab:              43176 kB
SReclaimable:      14360 kB
SUnreclaim:        28816 kB
KernelStack:       12328 kB
PageTables:        43548 kB
NFS_Unstable:          0 kB
Bounce:                0 kB
WritebackTmp:          0 kB
CommitLimit:     1980048 kB
Committed_AS:   87198136 kB
VmallocTotal:     458752 kB
VmallocUsed:      119516 kB
VmallocChunk:     159748 kB
Time pass: 205 sec

---2015-12-16 15:27:45
MemTotal:        1862952 kB
MemFree:           66392 kB
Buffers:            9756 kB
Cached:           573372 kB
SwapCached:         5568 kB
Active:           662524 kB
Inactive:         630236 kB
Active(anon):     361620 kB
Inactive(anon):   351100 kB
Active(file):     300904 kB
Inactive(file):   279136 kB
Unevictable:        2368 kB
Mlocked:               0 kB
HighTotal:       1436668 kB
HighFree:           3204 kB
LowTotal:         426284 kB
LowFree:           63188 kB
SwapTotal:       1048572 kB
SwapFree:         985864 kB
Dirty:                48 kB
Writeback:             0 kB
AnonPages:        708116 kB
Mapped:           456800 kB
Shmem:               712 kB
Slab:              43428 kB
SReclaimable:      14364 kB
SUnreclaim:        29064 kB
KernelStack:       12512 kB
PageTables:        43688 kB
NFS_Unstable:          0 kB
Bounce:                0 kB
WritebackTmp:          0 kB
CommitLimit:     1980048 kB
Committed_AS:   87214880 kB
VmallocTotal:     458752 kB
VmallocUsed:      119516 kB
VmallocChunk:     159748 kB
Time pass: 209 sec

---2015-12-16 15:27:45
MemTotal:        1862952 kB
MemFree:           65148 kB
Buffers:            9772 kB
Cached:           573472 kB
SwapCached:         5568 kB
Active:           662120 kB
Inactive:         630360 kB
Active(anon):     361216 kB
Inactive(anon):   351200 kB
Active(file):     300904 kB
Inactive(file):   279160 kB
Unevictable:        2368 kB
Mlocked:               0 kB
HighTotal:       1436668 kB
HighFree:           2832 kB
LowTotal:         426284 kB
LowFree:           62316 kB
SwapTotal:       1048572 kB
SwapFree:         985864 kB
Dirty:                 4 kB
Writeback:             0 kB
AnonPages:        707844 kB
Mapped:           457100 kB
Shmem:               812 kB
Slab:              43560 kB
SReclaimable:      14364 kB
SUnreclaim:        29196 kB
KernelStack:       12512 kB
PageTables:        43696 kB
NFS_Unstable:          0 kB
Bounce:                0 kB
WritebackTmp:          0 kB
CommitLimit:     1980048 kB
Committed_AS:   87217008 kB
VmallocTotal:     458752 kB
VmallocUsed:      119516 kB
VmallocChunk:     159748 kB
Time pass: 213 sec

---2015-12-16 15:27:45
MemTotal:        1862952 kB
MemFree:           63728 kB
Buffers:            9788 kB
Cached:           573472 kB
SwapCached:         5568 kB
Active:           664448 kB
Inactive:         630376 kB
Active(anon):     363544 kB
Inactive(anon):   351200 kB
Active(file):     300904 kB
Inactive(file):   279176 kB
Unevictable:        2368 kB
Mlocked:               0 kB
HighTotal:       1436668 kB
HighFree:           2492 kB
LowTotal:         426284 kB
LowFree:           61236 kB
SwapTotal:       1048572 kB
SwapFree:         985864 kB
Dirty:                36 kB
Writeback:             0 kB
AnonPages:        710012 kB
Mapped:           457100 kB
Shmem:               812 kB
Slab:              43464 kB
SReclaimable:      14364 kB
SUnreclaim:        29100 kB
KernelStack:       12496 kB
PageTables:        43696 kB
NFS_Unstable:          0 kB
Bounce:                0 kB
WritebackTmp:          0 kB
CommitLimit:     1980048 kB
Committed_AS:   87217216 kB
VmallocTotal:     458752 kB
VmallocUsed:      119516 kB
VmallocChunk:     159748 kB
Time pass: 217 sec

---2015-12-16 15:27:45
MemTotal:        1862952 kB
MemFree:           64304 kB
Buffers:            9788 kB
Cached:           573472 kB
SwapCached:         5568 kB
Active:           665856 kB
Inactive:         629200 kB
Active(anon):     364948 kB
Inactive(anon):   350028 kB
Active(file):     300908 kB
Inactive(file):   279172 kB
Unevictable:        2368 kB
Mlocked:               0 kB
HighTotal:       1436668 kB
HighFree:           2692 kB
LowTotal:         426284 kB
LowFree:           61612 kB
SwapTotal:       1048572 kB
SwapFree:         985868 kB
Dirty:                40 kB
Writeback:             0 kB
AnonPages:        710120 kB
Mapped:           457040 kB
Shmem:               812 kB
Slab:              43508 kB
SReclaimable:      14364 kB
SUnreclaim:        29144 kB
KernelStack:       12528 kB
PageTables:        43700 kB
NFS_Unstable:          0 kB
Bounce:                0 kB
WritebackTmp:          0 kB
CommitLimit:     1980048 kB
Committed_AS:   87219384 kB
VmallocTotal:     458752 kB
VmallocUsed:      119436 kB
VmallocChunk:     159748 kB
Time pass: 220 sec

---2015-12-16 15:27:45
MemTotal:        1862952 kB
MemFree:           64092 kB
Buffers:            9812 kB
Cached:           573464 kB
SwapCached:         5568 kB
Active:           665820 kB
Inactive:         629216 kB
Active(anon):     364912 kB
Inactive(anon):   350036 kB
Active(file):     300908 kB
Inactive(file):   279180 kB
Unevictable:        2368 kB
Mlocked:               0 kB
HighTotal:       1436668 kB
HighFree:           2888 kB
LowTotal:         426284 kB
LowFree:           61204 kB
SwapTotal:       1048572 kB
SwapFree:         985868 kB
Dirty:                 4 kB
Writeback:             0 kB
AnonPages:        710220 kB
Mapped:           456928 kB
Shmem:               820 kB
Slab:              43476 kB
SReclaimable:      14364 kB
SUnreclaim:        29112 kB
KernelStack:       12480 kB
PageTables:        43700 kB
NFS_Unstable:          0 kB
Bounce:                0 kB
WritebackTmp:          0 kB
CommitLimit:     1980048 kB
Committed_AS:   87219456 kB
VmallocTotal:     458752 kB
VmallocUsed:      119516 kB
VmallocChunk:     159748 kB
Time pass: 224 sec

---2015-12-16 15:27:45
MemTotal:        1862952 kB
MemFree:           63444 kB
Buffers:            9812 kB
Cached:           573496 kB
SwapCached:         5568 kB
Active:           666096 kB
Inactive:         629156 kB
Active(anon):     365188 kB
Inactive(anon):   349960 kB
Active(file):     300908 kB
Inactive(file):   279196 kB
Unevictable:        2368 kB
Mlocked:               0 kB
HighTotal:       1436668 kB
HighFree:           2540 kB
LowTotal:         426284 kB
LowFree:           60904 kB
SwapTotal:       1048572 kB
SwapFree:         985884 kB
Dirty:                40 kB
Writeback:             0 kB
AnonPages:        710588 kB
Mapped:           457128 kB
Shmem:               836 kB
Slab:              43456 kB
SReclaimable:      14364 kB
SUnreclaim:        29092 kB
KernelStack:       12528 kB
PageTables:        43740 kB
NFS_Unstable:          0 kB
Bounce:                0 kB
WritebackTmp:          0 kB
CommitLimit:     1980048 kB
Committed_AS:   87222300 kB
VmallocTotal:     458752 kB
VmallocUsed:      119516 kB
VmallocChunk:     159748 kB
Time pass: 228 sec

---2015-12-16 15:27:45
MemTotal:        1862952 kB
MemFree:           64260 kB
Buffers:            9820 kB
Cached:           573500 kB
SwapCached:         5568 kB
Active:           666028 kB
Inactive:         629172 kB
Active(anon):     365120 kB
Inactive(anon):   349968 kB
Active(file):     300908 kB
Inactive(file):   279204 kB
Unevictable:        2368 kB
Mlocked:               0 kB
HighTotal:       1436668 kB
HighFree:           3756 kB
LowTotal:         426284 kB
LowFree:           60504 kB
SwapTotal:       1048572 kB
SwapFree:         985884 kB
Dirty:                36 kB
Writeback:             0 kB
AnonPages:        710372 kB
Mapped:           457132 kB
Shmem:               836 kB
Slab:              43416 kB
SReclaimable:      14364 kB
SUnreclaim:        29052 kB
KernelStack:       12504 kB
PageTables:        43700 kB
NFS_Unstable:          0 kB
Bounce:                0 kB
WritebackTmp:          0 kB
CommitLimit:     1980048 kB
Committed_AS:   87219776 kB
VmallocTotal:     458752 kB
VmallocUsed:      119516 kB
VmallocChunk:     159748 kB
Time pass: 231 sec

---2015-12-16 15:27:45
MemTotal:        1862952 kB
MemFree:           63396 kB
Buffers:            9836 kB
Cached:           573500 kB
SwapCached:         5576 kB
Active:           666276 kB
Inactive:         629200 kB
Active(anon):     365364 kB
Inactive(anon):   349980 kB
Active(file):     300912 kB
Inactive(file):   279220 kB
Unevictable:        2368 kB
Mlocked:               0 kB
HighTotal:       1436668 kB
HighFree:           3952 kB
LowTotal:         426284 kB
LowFree:           59444 kB
SwapTotal:       1048572 kB
SwapFree:         985888 kB
Dirty:                 4 kB
Writeback:             0 kB
AnonPages:        710760 kB
Mapped:           457132 kB
Shmem:               836 kB
Slab:              43444 kB
SReclaimable:      14364 kB
SUnreclaim:        29080 kB
KernelStack:       12504 kB
PageTables:        43700 kB
NFS_Unstable:          0 kB
Bounce:                0 kB
WritebackTmp:          0 kB
CommitLimit:     1980048 kB
Committed_AS:   87219816 kB
VmallocTotal:     458752 kB
VmallocUsed:      119516 kB
VmallocChunk:     159748 kB
Time pass: 235 sec

---2015-12-16 15:27:45
MemTotal:        1862952 kB
MemFree:           63636 kB
Buffers:            9844 kB
Cached:           573500 kB
SwapCached:         5576 kB
Active:           666528 kB
Inactive:         629204 kB
Active(anon):     365616 kB
Inactive(anon):   349980 kB
Active(file):     300912 kB
Inactive(file):   279224 kB
Unevictable:        2368 kB
Mlocked:               0 kB
HighTotal:       1436668 kB
HighFree:           4104 kB
LowTotal:         426284 kB
LowFree:           59532 kB
SwapTotal:       1048572 kB
SwapFree:         985888 kB
Dirty:                36 kB
Writeback:             0 kB
AnonPages:        710780 kB
Mapped:           457072 kB
Shmem:               836 kB
Slab:              43444 kB
SReclaimable:      14364 kB
SUnreclaim:        29080 kB
KernelStack:       12448 kB
PageTables:        43700 kB
NFS_Unstable:          0 kB
Bounce:                0 kB
WritebackTmp:          0 kB
CommitLimit:     1980048 kB
Committed_AS:   87219976 kB
VmallocTotal:     458752 kB
VmallocUsed:      119436 kB
VmallocChunk:     159748 kB
Time pass: 239 sec

---2015-12-16 15:27:45
MemTotal:        1862952 kB
MemFree:           62144 kB
Buffers:            9860 kB
Cached:           573500 kB
SwapCached:         5576 kB
Active:           666980 kB
Inactive:         629224 kB
Active(anon):     366068 kB
Inactive(anon):   349980 kB
Active(file):     300912 kB
Inactive(file):   279244 kB
Unevictable:        2368 kB
Mlocked:               0 kB
HighTotal:       1436668 kB
HighFree:           3232 kB
LowTotal:         426284 kB
LowFree:           58912 kB
SwapTotal:       1048572 kB
SwapFree:         985888 kB
Dirty:                40 kB
Writeback:             0 kB
AnonPages:        711264 kB
Mapped:           456948 kB
Shmem:               836 kB
Slab:              43572 kB
SReclaimable:      14364 kB
SUnreclaim:        29208 kB
KernelStack:       12480 kB
PageTables:        43700 kB
NFS_Unstable:          0 kB
Bounce:                0 kB
WritebackTmp:          0 kB
CommitLimit:     1980048 kB
Committed_AS:   87220048 kB
VmallocTotal:     458752 kB
VmallocUsed:      119516 kB
VmallocChunk:     159748 kB
Time pass: 242 sec

---2015-12-16 15:27:45
MemTotal:        1862952 kB
MemFree:           62724 kB
Buffers:            9868 kB
Cached:           573568 kB
SwapCached:         5572 kB
Active:           666604 kB
Inactive:         629240 kB
Active(anon):     365692 kB
Inactive(anon):   349992 kB
Active(file):     300912 kB
Inactive(file):   279248 kB
Unevictable:        2368 kB
Mlocked:               0 kB
HighTotal:       1436668 kB
HighFree:           3488 kB
LowTotal:         426284 kB
LowFree:           59236 kB
SwapTotal:       1048572 kB
SwapFree:         985928 kB
Dirty:                32 kB
Writeback:             0 kB
AnonPages:        711000 kB
Mapped:           457204 kB
Shmem:               904 kB
Slab:              43444 kB
SReclaimable:      14364 kB
SUnreclaim:        29080 kB
KernelStack:       12448 kB
PageTables:        43700 kB
NFS_Unstable:          0 kB
Bounce:                0 kB
WritebackTmp:          0 kB
CommitLimit:     1980048 kB
Committed_AS:   87220136 kB
VmallocTotal:     458752 kB
VmallocUsed:      119516 kB
VmallocChunk:     159748 kB
Time pass: 246 sec

---2015-12-16 15:27:45
MemTotal:        1862952 kB
MemFree:           63372 kB
Buffers:            9884 kB
Cached:           573568 kB
SwapCached:         5572 kB
Active:           666396 kB
Inactive:         629260 kB
Active(anon):     365484 kB
Inactive(anon):   349992 kB
Active(file):     300912 kB
Inactive(file):   279268 kB
Unevictable:        2368 kB
Mlocked:               0 kB
HighTotal:       1436668 kB
HighFree:           3312 kB
LowTotal:         426284 kB
LowFree:           60060 kB
SwapTotal:       1048572 kB
SwapFree:         985928 kB
Dirty:                40 kB
Writeback:             0 kB
AnonPages:        710740 kB
Mapped:           457020 kB
Shmem:               904 kB
Slab:              43412 kB
SReclaimable:      14364 kB
SUnreclaim:        29048 kB
KernelStack:       12448 kB
PageTables:        43700 kB
NFS_Unstable:          0 kB
Bounce:                0 kB
WritebackTmp:          0 kB
CommitLimit:     1980048 kB
Committed_AS:   87220224 kB
VmallocTotal:     458752 kB
VmallocUsed:      119516 kB
VmallocChunk:     159748 kB
Time pass: 249 sec

---2015-12-16 15:27:45
MemTotal:        1862952 kB
MemFree:           62464 kB
Buffers:            9884 kB
Cached:           573572 kB
SwapCached:         5572 kB
Active:           667652 kB
Inactive:         629264 kB
Active(anon):     366740 kB
Inactive(anon):   349992 kB
Active(file):     300912 kB
Inactive(file):   279272 kB
Unevictable:        2368 kB
Mlocked:               0 kB
HighTotal:       1436668 kB
HighFree:           3000 kB
LowTotal:         426284 kB
LowFree:           59464 kB
SwapTotal:       1048572 kB
SwapFree:         985928 kB
Dirty:                 8 kB
Writeback:             0 kB
AnonPages:        711992 kB
Mapped:           457024 kB
Shmem:               904 kB
Slab:              43348 kB
SReclaimable:      14364 kB
SUnreclaim:        28984 kB
KernelStack:       12440 kB
PageTables:        43700 kB
NFS_Unstable:          0 kB
Bounce:                0 kB
WritebackTmp:          0 kB
CommitLimit:     1980048 kB
Committed_AS:   87220416 kB
VmallocTotal:     458752 kB
VmallocUsed:      119516 kB
VmallocChunk:     159748 kB
Time pass: 253 sec

---2015-12-16 15:27:45
MemTotal:        1862952 kB
MemFree:           63772 kB
Buffers:            9908 kB
Cached:           573364 kB
SwapCached:         5620 kB
Active:           666272 kB
Inactive:         629112 kB
Active(anon):     365360 kB
Inactive(anon):   349816 kB
Active(file):     300912 kB
Inactive(file):   279296 kB
Unevictable:        2368 kB
Mlocked:               0 kB
HighTotal:       1436668 kB
HighFree:           2568 kB
LowTotal:         426284 kB
LowFree:           61204 kB
SwapTotal:       1048572 kB
SwapFree:         985964 kB
Dirty:                52 kB
Writeback:             0 kB
AnonPages:        710592 kB
Mapped:           457024 kB
Shmem:               696 kB
Slab:              43284 kB
SReclaimable:      14364 kB
SUnreclaim:        28920 kB
KernelStack:       12472 kB
PageTables:        43704 kB
NFS_Unstable:          0 kB
Bounce:                0 kB
WritebackTmp:          0 kB
CommitLimit:     1980048 kB
Committed_AS:   87220688 kB
VmallocTotal:     458752 kB
VmallocUsed:      119516 kB
VmallocChunk:     159748 kB
Time pass: 257 sec

---2015-12-16 15:27:45
MemTotal:        1862952 kB
MemFree:           61872 kB
Buffers:            9956 kB
Cached:           573480 kB
SwapCached:         5616 kB
Active:           667064 kB
Inactive:         629184 kB
Active(anon):     366148 kB
Inactive(anon):   349844 kB
Active(file):     300916 kB
Inactive(file):   279340 kB
Unevictable:        2368 kB
Mlocked:               0 kB
HighTotal:       1436668 kB
HighFree:           2692 kB
LowTotal:         426284 kB
LowFree:           59180 kB
SwapTotal:       1048572 kB
SwapFree:         985972 kB
Dirty:                44 kB
Writeback:             0 kB
AnonPages:        711184 kB
Mapped:           456964 kB
Shmem:               812 kB
Slab:              43316 kB
SReclaimable:      14396 kB
SUnreclaim:        28920 kB
KernelStack:       12504 kB
PageTables:        43704 kB
NFS_Unstable:          0 kB
Bounce:                0 kB
WritebackTmp:          0 kB
CommitLimit:     1980048 kB
Committed_AS:   87220760 kB
VmallocTotal:     458752 kB
VmallocUsed:      119516 kB
VmallocChunk:     159748 kB
Time pass: 261 sec

---2015-12-16 15:27:45
MemTotal:        1862952 kB
MemFree:           63296 kB
Buffers:            9988 kB
Cached:           573484 kB
SwapCached:         5616 kB
Active:           667836 kB
Inactive:         629244 kB
Active(anon):     366920 kB
Inactive(anon):   349872 kB
Active(file):     300916 kB
Inactive(file):   279372 kB
Unevictable:        2368 kB
Mlocked:               0 kB
HighTotal:       1436668 kB
HighFree:           4104 kB
LowTotal:         426284 kB
LowFree:           59192 kB
SwapTotal:       1048572 kB
SwapFree:         985972 kB
Dirty:                40 kB
Writeback:             0 kB
AnonPages:        712048 kB
Mapped:           456968 kB
Shmem:               816 kB
Slab:              43476 kB
SReclaimable:      14396 kB
SUnreclaim:        29080 kB
KernelStack:       12432 kB
PageTables:        43708 kB
NFS_Unstable:          0 kB
Bounce:                0 kB
WritebackTmp:          0 kB
CommitLimit:     1980048 kB
Committed_AS:   87222896 kB
VmallocTotal:     458752 kB
VmallocUsed:      119436 kB
VmallocChunk:     159748 kB
Time pass: 265 sec

---2015-12-16 15:27:45
MemTotal:        1862952 kB
MemFree:           60988 kB
Buffers:            9996 kB
Cached:           573476 kB
SwapCached:         5612 kB
Active:           668068 kB
Inactive:         629248 kB
Active(anon):     367152 kB
Inactive(anon):   349876 kB
Active(file):     300916 kB
Inactive(file):   279372 kB
Unevictable:        2368 kB
Mlocked:               0 kB
HighTotal:       1436668 kB
HighFree:           2608 kB
LowTotal:         426284 kB
LowFree:           58380 kB
SwapTotal:       1048572 kB
SwapFree:         985976 kB
Dirty:                 8 kB
Writeback:             0 kB
AnonPages:        712344 kB
Mapped:           457152 kB
Shmem:               816 kB
Slab:              43536 kB
SReclaimable:      14396 kB
SUnreclaim:        29140 kB
KernelStack:       12448 kB
PageTables:        43708 kB
NFS_Unstable:          0 kB
Bounce:                0 kB
WritebackTmp:          0 kB
CommitLimit:     1980048 kB
Committed_AS:   87223104 kB
VmallocTotal:     458752 kB
VmallocUsed:      119516 kB
VmallocChunk:     159748 kB
Time pass: 268 sec

---2015-12-16 15:27:45
MemTotal:        1862952 kB
MemFree:           61240 kB
Buffers:           10012 kB
Cached:           573484 kB
SwapCached:         5612 kB
Active:           668444 kB
Inactive:         629268 kB
Active(anon):     367528 kB
Inactive(anon):   349872 kB
Active(file):     300916 kB
Inactive(file):   279396 kB
Unevictable:        2368 kB
Mlocked:               0 kB
HighTotal:       1436668 kB
HighFree:           2624 kB
LowTotal:         426284 kB
LowFree:           58616 kB
SwapTotal:       1048572 kB
SwapFree:         985976 kB
Dirty:                44 kB
Writeback:             0 kB
AnonPages:        712656 kB
Mapped:           457092 kB
Shmem:               816 kB
Slab:              43536 kB
SReclaimable:      14396 kB
SUnreclaim:        29140 kB
KernelStack:       12472 kB
PageTables:        43708 kB
NFS_Unstable:          0 kB
Bounce:                0 kB
WritebackTmp:          0 kB
CommitLimit:     1980048 kB
Committed_AS:   87223176 kB
VmallocTotal:     458752 kB
VmallocUsed:      119436 kB
VmallocChunk:     159748 kB
Time pass: 272 sec

---2015-12-16 15:27:45
MemTotal:        1862952 kB
MemFree:           61240 kB
Buffers:           10028 kB
Cached:           573488 kB
SwapCached:         5612 kB
Active:           668568 kB
Inactive:         629292 kB
Active(anon):     367652 kB
Inactive(anon):   349880 kB
Active(file):     300916 kB
Inactive(file):   279412 kB
Unevictable:        2368 kB
Mlocked:               0 kB
HighTotal:       1436668 kB
HighFree:           3488 kB
LowTotal:         426284 kB
LowFree:           57752 kB
SwapTotal:       1048572 kB
SwapFree:         985980 kB
Dirty:                40 kB
Writeback:             0 kB
AnonPages:        712824 kB
Mapped:           456972 kB
Shmem:               820 kB
Slab:              43516 kB
SReclaimable:      14396 kB
SUnreclaim:        29120 kB
KernelStack:       12448 kB
PageTables:        43708 kB
NFS_Unstable:          0 kB
Bounce:                0 kB
WritebackTmp:          0 kB
CommitLimit:     1980048 kB
Committed_AS:   87223256 kB
VmallocTotal:     458752 kB
VmallocUsed:      119436 kB
VmallocChunk:     159748 kB
Time pass: 276 sec

---2015-12-16 15:27:45
MemTotal:        1862952 kB
MemFree:           60572 kB
Buffers:           10028 kB
Cached:           573508 kB
SwapCached:         5612 kB
Active:           668820 kB
Inactive:         629312 kB
Active(anon):     367904 kB
Inactive(anon):   349896 kB
Active(file):     300916 kB
Inactive(file):   279416 kB
Unevictable:        2368 kB
Mlocked:               0 kB
HighTotal:       1436668 kB
HighFree:           3208 kB
LowTotal:         426284 kB
LowFree:           57364 kB
SwapTotal:       1048572 kB
SwapFree:         985980 kB
Dirty:                 8 kB
Writeback:             0 kB
AnonPages:        712772 kB
Mapped:           457172 kB
Shmem:               836 kB
Slab:              43508 kB
SReclaimable:      14396 kB
SUnreclaim:        29112 kB
KernelStack:       12488 kB
PageTables:        43708 kB
NFS_Unstable:          0 kB
Bounce:                0 kB
WritebackTmp:          0 kB
CommitLimit:     1980048 kB
Committed_AS:   87223456 kB
VmallocTotal:     458752 kB
VmallocUsed:      119516 kB
VmallocChunk:     159748 kB
Time pass: 279 sec

---2015-12-16 15:27:45
MemTotal:        1862952 kB
MemFree:           60532 kB
Buffers:           10052 kB
Cached:           573492 kB
SwapCached:         5652 kB
Active:           669100 kB
Inactive:         629336 kB
Active(anon):     368180 kB
Inactive(anon):   349916 kB
Active(file):     300920 kB
Inactive(file):   279420 kB
Unevictable:        2368 kB
Mlocked:               0 kB
HighTotal:       1436668 kB
HighFree:           2844 kB
LowTotal:         426284 kB
LowFree:           57688 kB
SwapTotal:       1048572 kB
SwapFree:         986048 kB
Dirty:                36 kB
Writeback:             0 kB
AnonPages:        713208 kB
Mapped:           456988 kB
Shmem:               836 kB
Slab:              43508 kB
SReclaimable:      14396 kB
SUnreclaim:        29112 kB
KernelStack:       12488 kB
PageTables:        43708 kB
NFS_Unstable:          0 kB
Bounce:                0 kB
WritebackTmp:          0 kB
CommitLimit:     1980048 kB
Committed_AS:   87223528 kB
VmallocTotal:     458752 kB
VmallocUsed:      119516 kB
VmallocChunk:     159748 kB
Time pass: 283 sec

---2015-12-16 15:27:45
MemTotal:        1862952 kB
MemFree:           59512 kB
Buffers:           10052 kB
Cached:           573508 kB
SwapCached:         5652 kB
Active:           670192 kB
Inactive:         629352 kB
Active(anon):     369272 kB
Inactive(anon):   349916 kB
Active(file):     300920 kB
Inactive(file):   279436 kB
Unevictable:        2368 kB
Mlocked:               0 kB
HighTotal:       1436668 kB
HighFree:           2504 kB
LowTotal:         426284 kB
LowFree:           57008 kB
SwapTotal:       1048572 kB
SwapFree:         986048 kB
Dirty:                52 kB
Writeback:             0 kB
AnonPages:        714544 kB
Mapped:           457120 kB
Shmem:               836 kB
Slab:              43520 kB
SReclaimable:      14400 kB
SUnreclaim:        29120 kB
KernelStack:       12496 kB
PageTables:        43692 kB
NFS_Unstable:          0 kB
Bounce:                0 kB
WritebackTmp:          0 kB
CommitLimit:     1980048 kB
Committed_AS:   87223744 kB
VmallocTotal:     458752 kB
VmallocUsed:      119516 kB
VmallocChunk:     159748 kB
Time pass: 287 sec

---2015-12-16 15:27:45
MemTotal:        1862952 kB
MemFree:           59572 kB
Buffers:           10060 kB
Cached:           573512 kB
SwapCached:         5648 kB
Active:           669408 kB
Inactive:         629356 kB
Active(anon):     368488 kB
Inactive(anon):   349916 kB
Active(file):     300920 kB
Inactive(file):   279440 kB
Unevictable:        2368 kB
Mlocked:               0 kB
HighTotal:       1436668 kB
HighFree:           2548 kB
LowTotal:         426284 kB
LowFree:           57024 kB
SwapTotal:       1048572 kB
SwapFree:         986056 kB
Dirty:                32 kB
Writeback:             0 kB
AnonPages:        713868 kB
Mapped:           456988 kB
Shmem:               836 kB
Slab:              43448 kB
SReclaimable:      14400 kB
SUnreclaim:        29048 kB
KernelStack:       12448 kB
PageTables:        43708 kB
NFS_Unstable:          0 kB
Bounce:                0 kB
WritebackTmp:          0 kB
CommitLimit:     1980048 kB
Committed_AS:   87223808 kB
VmallocTotal:     458752 kB
VmallocUsed:      119516 kB
VmallocChunk:     159748 kB
Time pass: 290 sec

---2015-12-16 15:27:45
MemTotal:        1862952 kB
MemFree:           58708 kB
Buffers:           10084 kB
Cached:           573508 kB
SwapCached:         5648 kB
Active:           670292 kB
Inactive:         629336 kB
Active(anon):     369372 kB
Inactive(anon):   349868 kB
Active(file):     300920 kB
Inactive(file):   279468 kB
Unevictable:        2368 kB
Mlocked:               0 kB
HighTotal:       1436668 kB
HighFree:           2544 kB
LowTotal:         426284 kB
LowFree:           56164 kB
SwapTotal:       1048572 kB
SwapFree:         986096 kB
Dirty:                 0 kB
Writeback:             0 kB
AnonPages:        714492 kB
Mapped:           457112 kB
Shmem:               836 kB
Slab:              43460 kB
SReclaimable:      14412 kB
SUnreclaim:        29048 kB
KernelStack:       12456 kB
PageTables:        43708 kB
NFS_Unstable:          0 kB
Bounce:                0 kB
WritebackTmp:          0 kB
CommitLimit:     1980048 kB
Committed_AS:   87224344 kB
VmallocTotal:     458752 kB
VmallocUsed:      119436 kB
VmallocChunk:     159748 kB
Time pass: 294 sec

---2015-12-16 15:27:45
MemTotal:        1862952 kB
MemFree:           58736 kB
Buffers:           10100 kB
Cached:           573576 kB
SwapCached:         5648 kB
Active:           670760 kB
Inactive:         629416 kB
Active(anon):     369840 kB
Inactive(anon):   349932 kB
Active(file):     300920 kB
Inactive(file):   279484 kB
Unevictable:        2368 kB
Mlocked:               0 kB
HighTotal:       1436668 kB
HighFree:           3664 kB
LowTotal:         426284 kB
LowFree:           55072 kB
SwapTotal:       1048572 kB
SwapFree:         986096 kB
Dirty:                 4 kB
Writeback:             0 kB
AnonPages:        714868 kB
Mapped:           457240 kB
Shmem:               904 kB
Slab:              43460 kB
SReclaimable:      14412 kB
SUnreclaim:        29048 kB
KernelStack:       12488 kB
PageTables:        43712 kB
NFS_Unstable:          0 kB
Bounce:                0 kB
WritebackTmp:          0 kB
CommitLimit:     1980048 kB
Committed_AS:   87226592 kB
VmallocTotal:     458752 kB
VmallocUsed:      119516 kB
VmallocChunk:     159748 kB
Time pass: 298 sec

---2015-12-16 15:27:45
MemTotal:        1862952 kB
MemFree:           58812 kB
Buffers:           10108 kB
Cached:           573576 kB
SwapCached:         5648 kB
Active:           671048 kB
Inactive:         629420 kB
Active(anon):     370128 kB
Inactive(anon):   349932 kB
Active(file):     300920 kB
Inactive(file):   279488 kB
Unevictable:        2368 kB
Mlocked:               0 kB
HighTotal:       1436668 kB
HighFree:           3088 kB
LowTotal:         426284 kB
LowFree:           55724 kB
SwapTotal:       1048572 kB
SwapFree:         986096 kB
Dirty:                32 kB
Writeback:             0 kB
AnonPages:        715380 kB
Mapped:           457056 kB
Shmem:               904 kB
Slab:              43460 kB
SReclaimable:      14412 kB
SUnreclaim:        29048 kB
KernelStack:       12456 kB
PageTables:        43712 kB
NFS_Unstable:          0 kB
Bounce:                0 kB
WritebackTmp:          0 kB
CommitLimit:     1980048 kB
Committed_AS:   87226680 kB
VmallocTotal:     458752 kB
VmallocUsed:      119436 kB
VmallocChunk:     159748 kB
Time pass: 302 sec

---2015-12-16 15:27:45
MemTotal:        1862952 kB
MemFree:           57712 kB
Buffers:           10140 kB
Cached:           573564 kB
SwapCached:         5648 kB
Active:           671660 kB
Inactive:         629720 kB
Active(anon):     371028 kB
Inactive(anon):   349920 kB
Active(file):     300632 kB
Inactive(file):   279800 kB
Unevictable:        2368 kB
Mlocked:               0 kB
HighTotal:       1436668 kB
HighFree:           3052 kB
LowTotal:         426284 kB
LowFree:           54660 kB
SwapTotal:       1048572 kB
SwapFree:         986128 kB
Dirty:                88 kB
Writeback:             0 kB
AnonPages:        716092 kB
Mapped:           457180 kB
Shmem:               904 kB
Slab:              43364 kB
SReclaimable:      14412 kB
SUnreclaim:        28952 kB
KernelStack:       12456 kB
PageTables:        43716 kB
NFS_Unstable:          0 kB
Bounce:                0 kB
WritebackTmp:          0 kB
CommitLimit:     1980048 kB
Committed_AS:   87226800 kB
VmallocTotal:     458752 kB
VmallocUsed:      119436 kB
VmallocChunk:     159748 kB
Time pass: 306 sec

---2015-12-16 15:27:45
MemTotal:        1862952 kB
MemFree:           57544 kB
Buffers:           10140 kB
Cached:           573568 kB
SwapCached:         5648 kB
Active:           672908 kB
Inactive:         629472 kB
Active(anon):     372032 kB
Inactive(anon):   349916 kB
Active(file):     300876 kB
Inactive(file):   279556 kB
Unevictable:        2368 kB
Mlocked:               0 kB
HighTotal:       1436668 kB
HighFree:           2672 kB
LowTotal:         426284 kB
LowFree:           54872 kB
SwapTotal:       1048572 kB
SwapFree:         986132 kB
Dirty:                 4 kB
Writeback:             0 kB
AnonPages:        717124 kB
Mapped:           457184 kB
Shmem:               908 kB
Slab:              43396 kB
SReclaimable:      14412 kB
SUnreclaim:        28984 kB
KernelStack:       12408 kB
PageTables:        43716 kB
NFS_Unstable:          0 kB
Bounce:                0 kB
WritebackTmp:          0 kB
CommitLimit:     1980048 kB
Committed_AS:   87226992 kB
VmallocTotal:     458752 kB
VmallocUsed:      119436 kB
VmallocChunk:     159748 kB
Time pass: 309 sec

---2015-12-16 15:27:45
MemTotal:        1862952 kB
MemFree:           56140 kB
Buffers:           10164 kB
Cached:           573568 kB
SwapCached:         5648 kB
Active:           672912 kB
Inactive:         629476 kB
Active(anon):     372012 kB
Inactive(anon):   349920 kB
Active(file):     300900 kB
Inactive(file):   279556 kB
Unevictable:        2368 kB
Mlocked:               0 kB
HighTotal:       1436668 kB
HighFree:           3044 kB
LowTotal:         426284 kB
LowFree:           53096 kB
SwapTotal:       1048572 kB
SwapFree:         986132 kB
Dirty:                 8 kB
Writeback:             0 kB
AnonPages:        716928 kB
Mapped:           457064 kB
Shmem:               908 kB
Slab:              43428 kB
SReclaimable:      14412 kB
SUnreclaim:        29016 kB
KernelStack:       12520 kB
PageTables:        43744 kB
NFS_Unstable:          0 kB
Bounce:                0 kB
WritebackTmp:          0 kB
CommitLimit:     1980048 kB
Committed_AS:   87226944 kB
VmallocTotal:     458752 kB
VmallocUsed:      119516 kB
VmallocChunk:     159748 kB
Time pass: 313 sec

---2015-12-16 15:27:45
MemTotal:        1862952 kB
MemFree:           57056 kB
Buffers:           10180 kB
Cached:           573568 kB
SwapCached:         5648 kB
Active:           673064 kB
Inactive:         629352 kB
Active(anon):     372164 kB
Inactive(anon):   349796 kB
Active(file):     300900 kB
Inactive(file):   279556 kB
Unevictable:        2368 kB
Mlocked:               0 kB
HighTotal:       1436668 kB
HighFree:           3388 kB
LowTotal:         426284 kB
LowFree:           53668 kB
SwapTotal:       1048572 kB
SwapFree:         986208 kB
Dirty:                44 kB
Writeback:             0 kB
AnonPages:        717140 kB
Mapped:           457132 kB
Shmem:               908 kB
Slab:              43428 kB
SReclaimable:      14412 kB
SUnreclaim:        29016 kB
KernelStack:       12464 kB
PageTables:        43700 kB
NFS_Unstable:          0 kB
Bounce:                0 kB
WritebackTmp:          0 kB
CommitLimit:     1980048 kB
Committed_AS:   87227280 kB
VmallocTotal:     458752 kB
VmallocUsed:      119436 kB
VmallocChunk:     159748 kB
Time pass: 317 sec

---2015-12-16 15:27:45
MemTotal:        1862952 kB
MemFree:           55916 kB
Buffers:           10180 kB
Cached:           573572 kB
SwapCached:         5648 kB
Active:           673832 kB
Inactive:         629372 kB
Active(anon):     372932 kB
Inactive(anon):   349800 kB
Active(file):     300900 kB
Inactive(file):   279572 kB
Unevictable:        2368 kB
Mlocked:               0 kB
HighTotal:       1436668 kB
HighFree:           3512 kB
LowTotal:         426284 kB
LowFree:           52404 kB
SwapTotal:       1048572 kB
SwapFree:         986212 kB
Dirty:                 4 kB
Writeback:             0 kB
AnonPages:        717948 kB
Mapped:           457268 kB
Shmem:               912 kB
Slab:              43396 kB
SReclaimable:      14412 kB
SUnreclaim:        28984 kB
KernelStack:       12512 kB
PageTables:        43716 kB
NFS_Unstable:          0 kB
Bounce:                0 kB
WritebackTmp:          0 kB
CommitLimit:     1980048 kB
Committed_AS:   87227352 kB
VmallocTotal:     458752 kB
VmallocUsed:      119436 kB
VmallocChunk:     159748 kB
Time pass: 320 sec

---2015-12-16 15:27:45
MemTotal:        1862952 kB
MemFree:           56032 kB
Buffers:           10204 kB
Cached:           573576 kB
SwapCached:         5648 kB
Active:           674268 kB
Inactive:         629404 kB
Active(anon):     373368 kB
Inactive(anon):   349804 kB
Active(file):     300900 kB
Inactive(file):   279600 kB
Unevictable:        2368 kB
Mlocked:               0 kB
HighTotal:       1436668 kB
HighFree:           2776 kB
LowTotal:         426284 kB
LowFree:           53256 kB
SwapTotal:       1048572 kB
SwapFree:         986212 kB
Dirty:                44 kB
Writeback:             0 kB
AnonPages:        718400 kB
Mapped:           457268 kB
Shmem:               912 kB
Slab:              43400 kB
SReclaimable:      14412 kB
SUnreclaim:        28988 kB
KernelStack:       12464 kB
PageTables:        43716 kB
NFS_Unstable:          0 kB
Bounce:                0 kB
WritebackTmp:          0 kB
CommitLimit:     1980048 kB
Committed_AS:   87227440 kB
VmallocTotal:     458752 kB
VmallocUsed:      119436 kB
VmallocChunk:     159748 kB
Time pass: 324 sec

---2015-12-16 15:27:45
MemTotal:        1862952 kB
MemFree:           54720 kB
Buffers:           10204 kB
Cached:           573576 kB
SwapCached:         5648 kB
Active:           674888 kB
Inactive:         629404 kB
Active(anon):     373988 kB
Inactive(anon):   349804 kB
Active(file):     300900 kB
Inactive(file):   279600 kB
Unevictable:        2368 kB
Mlocked:               0 kB
HighTotal:       1436668 kB
HighFree:           2528 kB
LowTotal:         426284 kB
LowFree:           52192 kB
SwapTotal:       1048572 kB
SwapFree:         986212 kB
Dirty:                44 kB
Writeback:             0 kB
AnonPages:        718968 kB
Mapped:           457268 kB
Shmem:               912 kB
Slab:              43400 kB
SReclaimable:      14412 kB
SUnreclaim:        28988 kB
KernelStack:       12512 kB
PageTables:        43716 kB
NFS_Unstable:          0 kB
Bounce:                0 kB
WritebackTmp:          0 kB
CommitLimit:     1980048 kB
Committed_AS:   87227592 kB
VmallocTotal:     458752 kB
VmallocUsed:      119436 kB
VmallocChunk:     159748 kB
Time pass: 327 sec

---2015-12-16 15:27:45
MemTotal:        1862952 kB
MemFree:           53568 kB
Buffers:           10228 kB
Cached:           573560 kB
SwapCached:         5648 kB
Active:           675252 kB
Inactive:         629412 kB
Active(anon):     374348 kB
Inactive(anon):   349808 kB
Active(file):     300904 kB
Inactive(file):   279604 kB
Unevictable:        2368 kB
Mlocked:               0 kB
HighTotal:       1436668 kB
HighFree:           2848 kB
LowTotal:         426284 kB
LowFree:           50720 kB
SwapTotal:       1048572 kB
SwapFree:         986216 kB
Dirty:                36 kB
Writeback:             0 kB
AnonPages:        719268 kB
Mapped:           457328 kB
Shmem:               912 kB
Slab:              43416 kB
SReclaimable:      14412 kB
SUnreclaim:        29004 kB
KernelStack:       12504 kB
PageTables:        43720 kB
NFS_Unstable:          0 kB
Bounce:                0 kB
WritebackTmp:          0 kB
CommitLimit:     1980048 kB
Committed_AS:   87227720 kB
VmallocTotal:     458752 kB
VmallocUsed:      119516 kB
VmallocChunk:     159748 kB
Time pass: 331 sec

---2015-12-16 15:27:45
MemTotal:        1862952 kB
MemFree:           54076 kB
Buffers:           10228 kB
Cached:           573576 kB
SwapCached:         5648 kB
Active:           675956 kB
Inactive:         629432 kB
Active(anon):     375052 kB
Inactive(anon):   349812 kB
Active(file):     300904 kB
Inactive(file):   279620 kB
Unevictable:        2368 kB
Mlocked:               0 kB
HighTotal:       1436668 kB
HighFree:           2516 kB
LowTotal:         426284 kB
LowFree:           51560 kB
SwapTotal:       1048572 kB
SwapFree:         986224 kB
Dirty:                 0 kB
Writeback:             0 kB
AnonPages:        719976 kB
Mapped:           457276 kB
