---2015-12-05 14:07:44
MemTotal:        2905316 kB
MemFree:           77504 kB
Buffers:           26448 kB
Cached:          1388432 kB
SwapCached:            0 kB
Active:          1310156 kB
Inactive:        1020796 kB
Active(anon):     801016 kB
Inactive(anon):   157968 kB
Active(file):     509140 kB
Inactive(file):   862828 kB
Unevictable:        7800 kB
Mlocked:               0 kB
SwapTotal:        720184 kB
SwapFree:         720184 kB
Dirty:               180 kB
Writeback:             0 kB
AnonPages:        923736 kB
Mapped:           540168 kB
Shmem:             35112 kB
Slab:             119796 kB
SReclaimable:      35884 kB
SUnreclaim:        83912 kB
KernelStack:       32976 kB
PageTables:        57828 kB
NFS_Unstable:          0 kB
Bounce:                0 kB
WritebackTmp:          0 kB
CommitLimit:     2172840 kB
Committed_AS:   96862768 kB
VmallocTotal:   251658176 kB
VmallocUsed:      138720 kB
VmallocChunk:   251418156 kB
Time pass: 3 sec

---2015-12-05 14:07:44
MemTotal:        2905316 kB
MemFree:           94572 kB
Buffers:           26448 kB
Cached:          1388440 kB
SwapCached:            0 kB
Active:          1294864 kB
Inactive:        1020748 kB
Active(anon):     785676 kB
Inactive(anon):   157960 kB
Active(file):     509188 kB
Inactive(file):   862788 kB
Unevictable:        7800 kB
Mlocked:               0 kB
SwapTotal:        720184 kB
SwapFree:         720184 kB
Dirty:               192 kB
Writeback:             0 kB
AnonPages:        908504 kB
Mapped:           535184 kB
Shmem:             35104 kB
Slab:             120184 kB
SReclaimable:      35884 kB
SUnreclaim:        84300 kB
KernelStack:       32544 kB
PageTables:        56600 kB
NFS_Unstable:          0 kB
Bounce:                0 kB
WritebackTmp:          0 kB
CommitLimit:     2172840 kB
Committed_AS:   93835324 kB
VmallocTotal:   251658176 kB
VmallocUsed:      136680 kB
VmallocChunk:   251418156 kB
Time pass: 7 sec

---2015-12-05 14:07:44
MemTotal:        2905316 kB
MemFree:          102508 kB
Buffers:           26456 kB
Cached:          1388440 kB
SwapCached:            0 kB
Active:          1285920 kB
Inactive:        1020764 kB
Active(anon):     776732 kB
Inactive(anon):   157960 kB
Active(file):     509188 kB
Inactive(file):   862804 kB
Unevictable:        7800 kB
Mlocked:               0 kB
SwapTotal:        720184 kB
SwapFree:         720184 kB
Dirty:               108 kB
Writeback:             0 kB
AnonPages:        899632 kB
Mapped:           535264 kB
Shmem:             35104 kB
Slab:             120248 kB
SReclaimable:      35884 kB
SUnreclaim:        84364 kB
KernelStack:       32480 kB
PageTables:        56756 kB
NFS_Unstable:          0 kB
Bounce:                0 kB
WritebackTmp:          0 kB
CommitLimit:     2172840 kB
Committed_AS:   93834792 kB
VmallocTotal:   251658176 kB
VmallocUsed:      136680 kB
VmallocChunk:   251418156 kB
Time pass: 11 sec

---2015-12-05 14:07:44
MemTotal:        2905316 kB
MemFree:          107256 kB
Buffers:           26464 kB
Cached:          1389788 kB
SwapCached:            0 kB
Active:          1284476 kB
Inactive:        1018688 kB
Active(anon):     772004 kB
Inactive(anon):   157960 kB
Active(file):     512472 kB
Inactive(file):   860728 kB
Unevictable:        7800 kB
Mlocked:               0 kB
SwapTotal:        720184 kB
SwapFree:         720184 kB
Dirty:                56 kB
Writeback:             0 kB
AnonPages:        895024 kB
Mapped:           531028 kB
Shmem:             35104 kB
Slab:             120344 kB
SReclaimable:      35884 kB
SUnreclaim:        84460 kB
KernelStack:       32656 kB
PageTables:        56096 kB
NFS_Unstable:          0 kB
Bounce:                0 kB
WritebackTmp:          0 kB
CommitLimit:     2172840 kB
Committed_AS:   92584900 kB
VmallocTotal:   251658176 kB
VmallocUsed:      135660 kB
VmallocChunk:   251418156 kB
Time pass: 15 sec

---2015-12-05 14:07:44
MemTotal:        2905316 kB
MemFree:           79028 kB
Buffers:           26508 kB
Cached:          1392884 kB
SwapCached:            0 kB
Active:          1292428 kB
Inactive:        1021504 kB
Active(anon):     779900 kB
Inactive(anon):   157960 kB
Active(file):     512528 kB
Inactive(file):   863544 kB
Unevictable:        7800 kB
Mlocked:               0 kB
SwapTotal:        720184 kB
SwapFree:         720184 kB
Dirty:                 8 kB
Writeback:             0 kB
AnonPages:        903044 kB
Mapped:           531820 kB
Shmem:             35104 kB
Slab:             120460 kB
SReclaimable:      35884 kB
SUnreclaim:        84576 kB
KernelStack:       32544 kB
PageTables:        56760 kB
NFS_Unstable:          0 kB
Bounce:                0 kB
WritebackTmp:          0 kB
CommitLimit:     2172840 kB
Committed_AS:   96757320 kB
VmallocTotal:   251658176 kB
VmallocUsed:      137576 kB
VmallocChunk:   251418156 kB
Time pass: 18 sec

---2015-12-05 14:07:44
MemTotal:        2905316 kB
MemFree:           60368 kB
Buffers:           26400 kB
Cached:          1266640 kB
SwapCached:            0 kB
Active:          1319976 kB
Inactive:         903096 kB
Active(anon):     792308 kB
Inactive(anon):   180876 kB
Active(file):     527668 kB
Inactive(file):   722220 kB
Unevictable:        7800 kB
Mlocked:               0 kB
SwapTotal:        720184 kB
SwapFree:         720184 kB
Dirty:              1736 kB
Writeback:             0 kB
AnonPages:        931504 kB
Mapped:           604016 kB
Shmem:             35240 kB
Slab:             120428 kB
SReclaimable:      36088 kB
SUnreclaim:        84340 kB
KernelStack:       33680 kB
PageTables:        57204 kB
NFS_Unstable:          0 kB
Bounce:                0 kB
WritebackTmp:          0 kB
CommitLimit:     2172840 kB
Committed_AS:   93410596 kB
VmallocTotal:   251658176 kB
VmallocUsed:      137244 kB
VmallocChunk:   251418156 kB
Time pass: 22 sec

---2015-12-05 14:07:44
MemTotal:        2905316 kB
MemFree:           83824 kB
Buffers:           26384 kB
Cached:          1241848 kB
SwapCached:            0 kB
Active:          1293828 kB
Inactive:         882232 kB
Active(anon):     765000 kB
Inactive(anon):   185868 kB
Active(file):     528828 kB
Inactive(file):   696364 kB
Unevictable:        7800 kB
Mlocked:               0 kB
SwapTotal:        720184 kB
SwapFree:         720184 kB
Dirty:               132 kB
Writeback:             0 kB
AnonPages:        915536 kB
Mapped:           614916 kB
Shmem:             35240 kB
Slab:             120104 kB
SReclaimable:      35652 kB
SUnreclaim:        84452 kB
KernelStack:       33424 kB
PageTables:        56468 kB
NFS_Unstable:          0 kB
Bounce:                0 kB
WritebackTmp:          0 kB
CommitLimit:     2172840 kB
Committed_AS:   92156336 kB
VmallocTotal:   251658176 kB
VmallocUsed:      136468 kB
VmallocChunk:   251418156 kB
Time pass: 26 sec

---2015-12-05 14:07:44
MemTotal:        2905316 kB
MemFree:           83484 kB
Buffers:           26400 kB
Cached:          1241856 kB
SwapCached:            0 kB
Active:          1294084 kB
Inactive:         882248 kB
Active(anon):     765256 kB
Inactive(anon):   185864 kB
Active(file):     528828 kB
Inactive(file):   696384 kB
Unevictable:        7800 kB
Mlocked:               0 kB
SwapTotal:        720184 kB
SwapFree:         720184 kB
Dirty:               168 kB
Writeback:             0 kB
AnonPages:        915732 kB
Mapped:           614920 kB
Shmem:             35240 kB
Slab:             120244 kB
SReclaimable:      35796 kB
SUnreclaim:        84448 kB
KernelStack:       33424 kB
PageTables:        56472 kB
NFS_Unstable:          0 kB
Bounce:                0 kB
WritebackTmp:          0 kB
CommitLimit:     2172840 kB
Committed_AS:   92156268 kB
VmallocTotal:   251658176 kB
VmallocUsed:      136468 kB
VmallocChunk:   251418156 kB
Time pass: 29 sec

---2015-12-05 14:07:44
MemTotal:        2905316 kB
MemFree:           81776 kB
Buffers:           26408 kB
Cached:          1242248 kB
SwapCached:            0 kB
Active:          1295260 kB
Inactive:         882596 kB
Active(anon):     766424 kB
Inactive(anon):   185924 kB
Active(file):     528836 kB
Inactive(file):   696672 kB
Unevictable:        7800 kB
Mlocked:               0 kB
SwapTotal:        720184 kB
SwapFree:         720184 kB
Dirty:                 0 kB
Writeback:             0 kB
AnonPages:        916980 kB
Mapped:           615056 kB
Shmem:             35300 kB
Slab:             120264 kB
SReclaimable:      35796 kB
SUnreclaim:        84468 kB
KernelStack:       33408 kB
PageTables:        56528 kB
NFS_Unstable:          0 kB
Bounce:                0 kB
WritebackTmp:          0 kB
CommitLimit:     2172840 kB
Committed_AS:   92183092 kB
VmallocTotal:   251658176 kB
VmallocUsed:      136480 kB
VmallocChunk:   251418156 kB
Time pass: 33 sec

---2015-12-05 14:07:44
MemTotal:        2905316 kB
MemFree:           81824 kB
Buffers:           26416 kB
Cached:          1242396 kB
SwapCached:            0 kB
Active:          1295600 kB
Inactive:         882768 kB
Active(anon):     766756 kB
Inactive(anon):   185924 kB
Active(file):     528844 kB
Inactive(file):   696844 kB
Unevictable:        7800 kB
Mlocked:               0 kB
SwapTotal:        720184 kB
SwapFree:         720184 kB
Dirty:                48 kB
Writeback:             0 kB
AnonPages:        917332 kB
Mapped:           615248 kB
Shmem:             35300 kB
Slab:             120272 kB
SReclaimable:      35796 kB
SUnreclaim:        84476 kB
KernelStack:       33392 kB
PageTables:        56532 kB
NFS_Unstable:          0 kB
Bounce:                0 kB
WritebackTmp:          0 kB
CommitLimit:     2172840 kB
Committed_AS:   92183056 kB
VmallocTotal:   251658176 kB
VmallocUsed:      136480 kB
VmallocChunk:   251418156 kB
Time pass: 36 sec

---2015-12-05 14:07:44
MemTotal:        2905316 kB
MemFree:           80540 kB
Buffers:           26416 kB
Cached:          1242400 kB
SwapCached:            0 kB
Active:          1295592 kB
Inactive:         882796 kB
Active(anon):     766744 kB
Inactive(anon):   185924 kB
Active(file):     528848 kB
Inactive(file):   696872 kB
Unevictable:        7800 kB
Mlocked:               0 kB
SwapTotal:        720184 kB
SwapFree:         720184 kB
Dirty:                12 kB
Writeback:             0 kB
AnonPages:        917496 kB
Mapped:           615248 kB
Shmem:             35300 kB
Slab:             120168 kB
SReclaimable:      35796 kB
SUnreclaim:        84372 kB
KernelStack:       33408 kB
PageTables:        56532 kB
NFS_Unstable:          0 kB
Bounce:                0 kB
WritebackTmp:          0 kB
CommitLimit:     2172840 kB
Committed_AS:   92183144 kB
VmallocTotal:   251658176 kB
VmallocUsed:      136480 kB
VmallocChunk:   251418156 kB
Time pass: 40 sec

---2015-12-05 14:07:44
MemTotal:        2905316 kB
MemFree:           66556 kB
Buffers:           25032 kB
Cached:          1218848 kB
SwapCached:            0 kB
Active:          1298732 kB
Inactive:         862156 kB
Active(anon):     768064 kB
Inactive(anon):   192132 kB
Active(file):     530668 kB
Inactive(file):   670024 kB
Unevictable:        7800 kB
Mlocked:               0 kB
SwapTotal:        720184 kB
SwapFree:         720184 kB
Dirty:               244 kB
Writeback:             0 kB
AnonPages:        925248 kB
Mapped:           625788 kB
Shmem:             34852 kB
Slab:             120464 kB
SReclaimable:      35996 kB
SUnreclaim:        84468 kB
KernelStack:       33312 kB
PageTables:        56196 kB
NFS_Unstable:          0 kB
Bounce:                0 kB
WritebackTmp:          0 kB
CommitLimit:     2172840 kB
Committed_AS:   90950068 kB
VmallocTotal:   251658176 kB
VmallocUsed:      135716 kB
VmallocChunk:   251418156 kB
Time pass: 44 sec

---2015-12-05 14:07:44
MemTotal:        2905316 kB
MemFree:           74940 kB
Buffers:           25032 kB
Cached:          1206016 kB
SwapCached:            0 kB
Active:          1292016 kB
Inactive:         850728 kB
Active(anon):     761216 kB
Inactive(anon):   193156 kB
Active(file):     530800 kB
Inactive(file):   657572 kB
Unevictable:        7800 kB
Mlocked:               0 kB
SwapTotal:        720184 kB
SwapFree:         720184 kB
Dirty:               372 kB
Writeback:             0 kB
AnonPages:        919972 kB
Mapped:           631552 kB
Shmem:             34852 kB
Slab:             120604 kB
SReclaimable:      36012 kB
SUnreclaim:        84592 kB
KernelStack:       33312 kB
PageTables:        56288 kB
NFS_Unstable:          0 kB
Bounce:                0 kB
WritebackTmp:          0 kB
CommitLimit:     2172840 kB
Committed_AS:   90972468 kB
VmallocTotal:   251658176 kB
VmallocUsed:      135764 kB
VmallocChunk:   251418156 kB
Time pass: 47 sec

---2015-12-05 14:07:44
MemTotal:        2905316 kB
MemFree:           72224 kB
Buffers:           25040 kB
Cached:          1206056 kB
SwapCached:            0 kB
Active:          1293396 kB
Inactive:         850764 kB
Active(anon):     762560 kB
Inactive(anon):   193156 kB
Active(file):     530836 kB
Inactive(file):   657608 kB
Unevictable:        7800 kB
Mlocked:               0 kB
SwapTotal:        720184 kB
SwapFree:         720184 kB
Dirty:               424 kB
Writeback:             0 kB
AnonPages:        920808 kB
Mapped:           634376 kB
Shmem:             34852 kB
Slab:             120448 kB
SReclaimable:      35980 kB
SUnreclaim:        84468 kB
KernelStack:       33312 kB
PageTables:        56148 kB
NFS_Unstable:          0 kB
Bounce:                0 kB
WritebackTmp:          0 kB
CommitLimit:     2172840 kB
Committed_AS:   90972724 kB
VmallocTotal:   251658176 kB
VmallocUsed:      135788 kB
VmallocChunk:   251418156 kB
Time pass: 51 sec

---2015-12-05 14:07:44
MemTotal:        2905316 kB
MemFree:           92356 kB
Buffers:           25048 kB
Cached:          1206268 kB
SwapCached:            0 kB
Active:          1293372 kB
Inactive:         850892 kB
Active(anon):     762468 kB
Inactive(anon):   193160 kB
Active(file):     530904 kB
Inactive(file):   657732 kB
Unevictable:        7800 kB
Mlocked:               0 kB
SwapTotal:        720184 kB
SwapFree:         720184 kB
Dirty:               128 kB
Writeback:             0 kB
AnonPages:        921056 kB
Mapped:           626728 kB
Shmem:             34856 kB
Slab:             120504 kB
SReclaimable:      35980 kB
SUnreclaim:        84524 kB
KernelStack:       33280 kB
PageTables:        56148 kB
NFS_Unstable:          0 kB
Bounce:                0 kB
WritebackTmp:          0 kB
CommitLimit:     2172840 kB
Committed_AS:   90965028 kB
VmallocTotal:   251658176 kB
VmallocUsed:      135604 kB
VmallocChunk:   251418156 kB
Time pass: 55 sec

---2015-12-05 14:07:44
MemTotal:        2905316 kB
MemFree:           71360 kB
Buffers:           24784 kB
Cached:          1152284 kB
SwapCached:            0 kB
Active:          1311232 kB
Inactive:         789172 kB
Active(anon):     771168 kB
Inactive(anon):   195080 kB
Active(file):     540064 kB
Inactive(file):   594092 kB
Unevictable:        7800 kB
Mlocked:               0 kB
SwapTotal:        720184 kB
SwapFree:         720184 kB
Dirty:               820 kB
Writeback:             0 kB
AnonPages:        931656 kB
Mapped:           690392 kB
Shmem:             34856 kB
Slab:             120424 kB
SReclaimable:      35980 kB
SUnreclaim:        84444 kB
KernelStack:       33344 kB
PageTables:        56276 kB
NFS_Unstable:          0 kB
Bounce:                0 kB
WritebackTmp:          0 kB
CommitLimit:     2172840 kB
Committed_AS:   90976220 kB
VmallocTotal:   251658176 kB
VmallocUsed:      136176 kB
VmallocChunk:   251418156 kB
Time pass: 59 sec

---2015-12-05 14:07:44
MemTotal:        2905316 kB
MemFree:           67988 kB
Buffers:           24644 kB
Cached:          1138520 kB
SwapCached:            0 kB
Active:          1317932 kB
Inactive:         771364 kB
Active(anon):     773212 kB
Inactive(anon):   195648 kB
Active(file):     544720 kB
Inactive(file):   575716 kB
Unevictable:        7800 kB
Mlocked:               0 kB
SwapTotal:        720184 kB
SwapFree:         720184 kB
Dirty:              1052 kB
Writeback:             0 kB
AnonPages:        934124 kB
Mapped:           700316 kB
Shmem:             34916 kB
Slab:             120500 kB
SReclaimable:      35900 kB
SUnreclaim:        84600 kB
KernelStack:       33312 kB
PageTables:        56388 kB
NFS_Unstable:          0 kB
Bounce:                0 kB
WritebackTmp:          0 kB
CommitLimit:     2172840 kB
Committed_AS:   91002856 kB
VmallocTotal:   251658176 kB
VmallocUsed:      136296 kB
VmallocChunk:   251418156 kB
Time pass: 62 sec

---2015-12-05 14:07:44
MemTotal:        2905316 kB
MemFree:           67340 kB
Buffers:           24652 kB
Cached:          1138748 kB
SwapCached:            0 kB
Active:          1318060 kB
Inactive:         771520 kB
Active(anon):     773328 kB
Inactive(anon):   195648 kB
Active(file):     544732 kB
Inactive(file):   575872 kB
Unevictable:        7800 kB
Mlocked:               0 kB
SwapTotal:        720184 kB
SwapFree:         720184 kB
Dirty:               172 kB
Writeback:             0 kB
AnonPages:        934056 kB
Mapped:           700404 kB
Shmem:             34916 kB
Slab:             120620 kB
SReclaimable:      35900 kB
SUnreclaim:        84720 kB
KernelStack:       33232 kB
PageTables:        56412 kB
NFS_Unstable:          0 kB
Bounce:                0 kB
WritebackTmp:          0 kB
CommitLimit:     2172840 kB
Committed_AS:   91002844 kB
VmallocTotal:   251658176 kB
VmallocUsed:      136296 kB
VmallocChunk:   251418156 kB
Time pass: 66 sec

---2015-12-05 14:07:44
MemTotal:        2905316 kB
MemFree:           93720 kB
Buffers:           22752 kB
Cached:          1103624 kB
SwapCached:            0 kB
Active:          1318968 kB
Inactive:         734820 kB
Active(anon):     778748 kB
Inactive(anon):   196404 kB
Active(file):     540220 kB
Inactive(file):   538416 kB
Unevictable:       12684 kB
Mlocked:               0 kB
SwapTotal:        720184 kB
SwapFree:         720156 kB
Dirty:               680 kB
Writeback:             0 kB
AnonPages:        940448 kB
Mapped:           711548 kB
Shmem:             34916 kB
Slab:             120288 kB
SReclaimable:      35772 kB
SUnreclaim:        84516 kB
KernelStack:       33248 kB
PageTables:        56332 kB
NFS_Unstable:          0 kB
Bounce:                0 kB
WritebackTmp:          0 kB
CommitLimit:     2172840 kB
Committed_AS:   91013212 kB
VmallocTotal:   251658176 kB
VmallocUsed:      136344 kB
VmallocChunk:   251418156 kB
Time pass: 70 sec

---2015-12-05 14:07:44
MemTotal:        2905316 kB
MemFree:           76768 kB
Buffers:           22760 kB
Cached:          1103916 kB
SwapCached:            0 kB
Active:          1320740 kB
Inactive:         735096 kB
Active(anon):     780408 kB
Inactive(anon):   196392 kB
Active(file):     540332 kB
Inactive(file):   538704 kB
Unevictable:       12752 kB
Mlocked:               0 kB
SwapTotal:        720184 kB
SwapFree:         720156 kB
Dirty:                72 kB
Writeback:             0 kB
AnonPages:        942008 kB
Mapped:           713948 kB
Shmem:             34888 kB
Slab:             120648 kB
SReclaimable:      35900 kB
SUnreclaim:        84748 kB
KernelStack:       33248 kB
PageTables:        56380 kB
NFS_Unstable:          0 kB
Bounce:                0 kB
WritebackTmp:          0 kB
CommitLimit:     2172840 kB
Committed_AS:   91013464 kB
VmallocTotal:   251658176 kB
VmallocUsed:      136484 kB
VmallocChunk:   251418156 kB
Time pass: 73 sec

---2015-12-05 14:07:44
MemTotal:        2905316 kB
MemFree:           67836 kB
Buffers:           23544 kB
Cached:          1094556 kB
SwapCached:            0 kB
Active:          1331156 kB
Inactive:         734352 kB
Active(anon):     795880 kB
Inactive(anon):   199200 kB
Active(file):     535276 kB
Inactive(file):   535152 kB
Unevictable:       12768 kB
Mlocked:               0 kB
SwapTotal:        720184 kB
SwapFree:         720156 kB
Dirty:               488 kB
Writeback:             0 kB
AnonPages:        960260 kB
Mapped:           717972 kB
Shmem:             34888 kB
Slab:             120584 kB
SReclaimable:      35852 kB
SUnreclaim:        84732 kB
KernelStack:       33376 kB
PageTables:        56428 kB
NFS_Unstable:          0 kB
Bounce:                0 kB
WritebackTmp:          0 kB
CommitLimit:     2172840 kB
Committed_AS:   91027640 kB
VmallocTotal:   251658176 kB
VmallocUsed:      136484 kB
VmallocChunk:   251418156 kB
Time pass: 77 sec

---2015-12-05 14:07:44
MemTotal:        2905316 kB
MemFree:           65732 kB
Buffers:           23560 kB
Cached:          1094612 kB
SwapCached:            0 kB
Active:          1332992 kB
Inactive:         734388 kB
Active(anon):     797664 kB
Inactive(anon):   199200 kB
Active(file):     535328 kB
Inactive(file):   535188 kB
Unevictable:       12768 kB
Mlocked:               0 kB
SwapTotal:        720184 kB
SwapFree:         720156 kB
Dirty:                 4 kB
Writeback:             0 kB
AnonPages:        962132 kB
Mapped:           717976 kB
Shmem:             34888 kB
Slab:             120720 kB
SReclaimable:      35996 kB
SUnreclaim:        84724 kB
KernelStack:       33376 kB
PageTables:        56416 kB
NFS_Unstable:          0 kB
Bounce:                0 kB
WritebackTmp:          0 kB
CommitLimit:     2172840 kB
Committed_AS:   91029224 kB
VmallocTotal:   251658176 kB
VmallocUsed:      136484 kB
VmallocChunk:   251418156 kB
Time pass: 81 sec

---2015-12-05 14:07:44
MemTotal:        2905316 kB
MemFree:           65956 kB
Buffers:           23568 kB
Cached:          1094616 kB
SwapCached:            0 kB
Active:          1333408 kB
Inactive:         734384 kB
Active(anon):     798072 kB
Inactive(anon):   199200 kB
Active(file):     535336 kB
Inactive(file):   535184 kB
Unevictable:       12768 kB
Mlocked:               0 kB
SwapTotal:        720184 kB
SwapFree:         720156 kB
Dirty:                88 kB
Writeback:             0 kB
AnonPages:        962364 kB
Mapped:           718056 kB
Shmem:             34888 kB
Slab:             120732 kB
SReclaimable:      35996 kB
SUnreclaim:        84736 kB
KernelStack:       33376 kB
PageTables:        56424 kB
NFS_Unstable:          0 kB
Bounce:                0 kB
WritebackTmp:          0 kB
CommitLimit:     2172840 kB
Committed_AS:   91029212 kB
VmallocTotal:   251658176 kB
VmallocUsed:      136484 kB
VmallocChunk:   251418156 kB
Time pass: 84 sec

---2015-12-05 14:07:44
MemTotal:        2905316 kB
MemFree:           64792 kB
Buffers:           23576 kB
Cached:          1094616 kB
SwapCached:            0 kB
Active:          1333364 kB
Inactive:         734396 kB
Active(anon):     798028 kB
Inactive(anon):   199200 kB
Active(file):     535336 kB
Inactive(file):   535196 kB
Unevictable:       12768 kB
Mlocked:               0 kB
SwapTotal:        720184 kB
SwapFree:         720156 kB
Dirty:                88 kB
Writeback:             0 kB
AnonPages:        962468 kB
Mapped:           718064 kB
Shmem:             34888 kB
Slab:             120772 kB
SReclaimable:      35996 kB
SUnreclaim:        84776 kB
KernelStack:       33392 kB
PageTables:        56428 kB
NFS_Unstable:          0 kB
Bounce:                0 kB
WritebackTmp:          0 kB
CommitLimit:     2172840 kB
Committed_AS:   91029200 kB
VmallocTotal:   251658176 kB
VmallocUsed:      136484 kB
VmallocChunk:   251418156 kB
Time pass: 88 sec

---2015-12-05 14:07:44
MemTotal:        2905316 kB
MemFree:           63944 kB
Buffers:           23584 kB
Cached:          1094752 kB
SwapCached:            0 kB
Active:          1334592 kB
Inactive:         734504 kB
Active(anon):     799248 kB
Inactive(anon):   199260 kB
Active(file):     535344 kB
Inactive(file):   535244 kB
Unevictable:       12768 kB
Mlocked:               0 kB
SwapTotal:        720184 kB
SwapFree:         720156 kB
Dirty:                48 kB
Writeback:             4 kB
AnonPages:        963700 kB
Mapped:           718156 kB
Shmem:             34948 kB
Slab:             120920 kB
SReclaimable:      35996 kB
SUnreclaim:        84924 kB
KernelStack:       33344 kB
PageTables:        56480 kB
NFS_Unstable:          0 kB
Bounce:                0 kB
WritebackTmp:          0 kB
CommitLimit:     2172840 kB
Committed_AS:   91056116 kB
VmallocTotal:   251658176 kB
VmallocUsed:      136484 kB
VmallocChunk:   251418156 kB
Time pass: 92 sec

---2015-12-05 14:07:44
MemTotal:        2905316 kB
MemFree:           70700 kB
Buffers:           23444 kB
Cached:          1088148 kB
SwapCached:            0 kB
Active:          1330484 kB
Inactive:         732456 kB
Active(anon):     798540 kB
Inactive(anon):   200636 kB
Active(file):     531944 kB
Inactive(file):   531820 kB
Unevictable:       12768 kB
Mlocked:               0 kB
SwapTotal:        720184 kB
SwapFree:         720156 kB
Dirty:                80 kB
Writeback:             0 kB
AnonPages:        963932 kB
Mapped:           716748 kB
Shmem:             34948 kB
Slab:             120712 kB
SReclaimable:      36012 kB
SUnreclaim:        84700 kB
KernelStack:       33344 kB
PageTables:        56492 kB
NFS_Unstable:          0 kB
Bounce:                0 kB
WritebackTmp:          0 kB
CommitLimit:     2172840 kB
Committed_AS:   91057336 kB
VmallocTotal:   251658176 kB
VmallocUsed:      136484 kB
VmallocChunk:   251418156 kB
Time pass: 96 sec

---2015-12-05 14:07:44
MemTotal:        2905316 kB
MemFree:           72464 kB
Buffers:           23452 kB
Cached:          1088084 kB
SwapCached:            0 kB
Active:          1325856 kB
Inactive:         732628 kB
Active(anon):     794036 kB
Inactive(anon):   200636 kB
Active(file):     531820 kB
Inactive(file):   531992 kB
Unevictable:       12768 kB
Mlocked:               0 kB
SwapTotal:        720184 kB
SwapFree:         720156 kB
Dirty:                 0 kB
Writeback:             0 kB
AnonPages:        959648 kB
Mapped:           717020 kB
Shmem:             34948 kB
Slab:             120588 kB
SReclaimable:      36012 kB
SUnreclaim:        84576 kB
KernelStack:       33232 kB
PageTables:        56548 kB
NFS_Unstable:          0 kB
Bounce:                0 kB
WritebackTmp:          0 kB
CommitLimit:     2172840 kB
Committed_AS:   91059968 kB
VmallocTotal:   251658176 kB
VmallocUsed:      136512 kB
VmallocChunk:   251418156 kB
Time pass: 99 sec

---2015-12-05 14:07:44
MemTotal:        2905316 kB
MemFree:          388896 kB
Buffers:           23420 kB
Cached:          1064416 kB
SwapCached:            0 kB
Active:          1233904 kB
Inactive:         721656 kB
Active(anon):     714968 kB
Inactive(anon):   202704 kB
Active(file):     518936 kB
Inactive(file):   518952 kB
Unevictable:       12768 kB
Mlocked:               0 kB
SwapTotal:        720184 kB
SwapFree:         720156 kB
Dirty:               296 kB
Writeback:             0 kB
AnonPages:        880420 kB
Mapped:           514024 kB
Shmem:             37148 kB
Slab:             120924 kB
SReclaimable:      36012 kB
SUnreclaim:        84912 kB
KernelStack:       33232 kB
PageTables:        54144 kB
NFS_Unstable:          0 kB
Bounce:                0 kB
WritebackTmp:          0 kB
CommitLimit:     2172840 kB
Committed_AS:   89468904 kB
VmallocTotal:   251658176 kB
VmallocUsed:      132584 kB
VmallocChunk:   251418156 kB
Time pass: 103 sec

---2015-12-05 14:07:44
MemTotal:        2905316 kB
MemFree:          268000 kB
Buffers:           23800 kB
Cached:          1067008 kB
SwapCached:            0 kB
Active:          1275044 kB
Inactive:         722300 kB
Active(anon):     753860 kB
Inactive(anon):   200876 kB
Active(file):     521184 kB
Inactive(file):   521424 kB
Unevictable:       12768 kB
Mlocked:               0 kB
SwapTotal:        720184 kB
SwapFree:         720156 kB
Dirty:              1716 kB
Writeback:             0 kB
AnonPages:        919496 kB
Mapped:           565688 kB
Shmem:             35428 kB
Slab:             120548 kB
SReclaimable:      35984 kB
SUnreclaim:        84564 kB
KernelStack:       32944 kB
PageTables:        55304 kB
NFS_Unstable:          0 kB
Bounce:                0 kB
WritebackTmp:          0 kB
CommitLimit:     2172840 kB
Committed_AS:   90285664 kB
VmallocTotal:   251658176 kB
VmallocUsed:      134188 kB
VmallocChunk:   251418156 kB
Time pass: 106 sec

---2015-12-05 14:07:44
MemTotal:        2905316 kB
MemFree:          217572 kB
Buffers:           25060 kB
Cached:          1069024 kB
SwapCached:            0 kB
Active:          1275092 kB
Inactive:         725288 kB
Active(anon):     753628 kB
Inactive(anon):   200776 kB
Active(file):     521464 kB
Inactive(file):   524512 kB
Unevictable:       12768 kB
Mlocked:               0 kB
SwapTotal:        720184 kB
SwapFree:         720156 kB
Dirty:               788 kB
Writeback:             0 kB
AnonPages:        918920 kB
Mapped:           611848 kB
Shmem:             35336 kB
Slab:             120596 kB
SReclaimable:      36016 kB
SUnreclaim:        84580 kB
KernelStack:       33088 kB
PageTables:        55500 kB
NFS_Unstable:          0 kB
Bounce:                0 kB
WritebackTmp:          0 kB
CommitLimit:     2172840 kB
Committed_AS:   90300672 kB
VmallocTotal:   251658176 kB
VmallocUsed:      134596 kB
VmallocChunk:   251418156 kB
Time pass: 110 sec

---2015-12-05 14:07:44
MemTotal:        2905316 kB
MemFree:          159092 kB
Buffers:           25068 kB
Cached:          1070184 kB
SwapCached:            0 kB
Active:          1286788 kB
Inactive:         725048 kB
Active(anon):     763964 kB
Inactive(anon):   200776 kB
Active(file):     522824 kB
Inactive(file):   524272 kB
Unevictable:       12768 kB
Mlocked:               0 kB
SwapTotal:        720184 kB
SwapFree:         720156 kB
Dirty:              2356 kB
Writeback:             0 kB
AnonPages:        929008 kB
Mapped:           642712 kB
Shmem:             35336 kB
Slab:             120656 kB
SReclaimable:      36016 kB
SUnreclaim:        84640 kB
KernelStack:       33168 kB
PageTables:        55640 kB
NFS_Unstable:          0 kB
Bounce:                0 kB
WritebackTmp:          0 kB
CommitLimit:     2172840 kB
Committed_AS:   90310352 kB
VmallocTotal:   251658176 kB
VmallocUsed:      134948 kB
VmallocChunk:   251418156 kB
Time pass: 114 sec

---2015-12-05 14:07:44
MemTotal:        2905316 kB
MemFree:          117032 kB
Buffers:           25076 kB
Cached:          1070088 kB
SwapCached:            0 kB
Active:          1289488 kB
Inactive:         724932 kB
Active(anon):     766584 kB
Inactive(anon):   200776 kB
Active(file):     522904 kB
Inactive(file):   524156 kB
Unevictable:       12768 kB
Mlocked:               0 kB
SwapTotal:        720184 kB
SwapFree:         720156 kB
Dirty:               848 kB
Writeback:             0 kB
AnonPages:        932216 kB
Mapped:           672688 kB
Shmem:             35336 kB
Slab:             120576 kB
SReclaimable:      36016 kB
SUnreclaim:        84560 kB
KernelStack:       33184 kB
PageTables:        55748 kB
NFS_Unstable:          0 kB
Bounce:                0 kB
WritebackTmp:          0 kB
CommitLimit:     2172840 kB
Committed_AS:   90311596 kB
VmallocTotal:   251658176 kB
VmallocUsed:      135252 kB
VmallocChunk:   251418156 kB
Time pass: 118 sec

---2015-12-05 14:07:44
MemTotal:        2905316 kB
MemFree:          119612 kB
Buffers:           25084 kB
Cached:          1070032 kB
SwapCached:            0 kB
Active:          1290592 kB
Inactive:         724732 kB
Active(anon):     767464 kB
Inactive(anon):   200416 kB
Active(file):     523128 kB
Inactive(file):   524316 kB
Unevictable:       12768 kB
Mlocked:               0 kB
SwapTotal:        720184 kB
SwapFree:         720156 kB
Dirty:                44 kB
Writeback:             0 kB
AnonPages:        932908 kB
Mapped:           672500 kB
Shmem:             34904 kB
Slab:             117600 kB
SReclaimable:      36016 kB
SUnreclaim:        81584 kB
KernelStack:       33184 kB
PageTables:        55408 kB
NFS_Unstable:          0 kB
Bounce:                0 kB
WritebackTmp:          0 kB
CommitLimit:     2172840 kB
Committed_AS:   90123448 kB
VmallocTotal:   251658176 kB
VmallocUsed:      135252 kB
VmallocChunk:   251418156 kB
Time pass: 121 sec

---2015-12-05 14:07:44
MemTotal:        2905316 kB
MemFree:           90224 kB
Buffers:           25108 kB
Cached:          1070324 kB
SwapCached:            0 kB
Active:          1296352 kB
Inactive:         724912 kB
Active(anon):     773168 kB
Inactive(anon):   200352 kB
Active(file):     523184 kB
Inactive(file):   524560 kB
Unevictable:       12768 kB
Mlocked:               0 kB
SwapTotal:        720184 kB
SwapFree:         720156 kB
Dirty:                88 kB
Writeback:             0 kB
AnonPages:        938756 kB
Mapped:           686744 kB
Shmem:             34920 kB
Slab:             117648 kB
SReclaimable:      36016 kB
SUnreclaim:        81632 kB
KernelStack:       33136 kB
PageTables:        55380 kB
NFS_Unstable:          0 kB
Bounce:                0 kB
WritebackTmp:          0 kB
CommitLimit:     2172840 kB
Committed_AS:   90126672 kB
VmallocTotal:   251658176 kB
VmallocUsed:      136456 kB
VmallocChunk:   251418156 kB
Time pass: 125 sec

---2015-12-05 14:07:44
MemTotal:        2905316 kB
MemFree:           92220 kB
Buffers:           25108 kB
Cached:          1070328 kB
SwapCached:            0 kB
Active:          1294248 kB
Inactive:         724912 kB
Active(anon):     771064 kB
Inactive(anon):   200352 kB
Active(file):     523184 kB
Inactive(file):   524560 kB
Unevictable:       12768 kB
Mlocked:               0 kB
SwapTotal:        720184 kB
SwapFree:         720156 kB
Dirty:                92 kB
Writeback:             0 kB
AnonPages:        936720 kB
Mapped:           686628 kB
Shmem:             34920 kB
Slab:             117668 kB
SReclaimable:      36016 kB
SUnreclaim:        81652 kB
KernelStack:       33136 kB
PageTables:        55356 kB
NFS_Unstable:          0 kB
Bounce:                0 kB
WritebackTmp:          0 kB
CommitLimit:     2172840 kB
Committed_AS:   90127044 kB
VmallocTotal:   251658176 kB
VmallocUsed:      136456 kB
VmallocChunk:   251418156 kB
Time pass: 129 sec

---2015-12-05 14:07:44
MemTotal:        2905316 kB
MemFree:           91600 kB
Buffers:           25116 kB
Cached:          1070360 kB
SwapCached:            0 kB
Active:          1295244 kB
Inactive:         724916 kB
Active(anon):     772056 kB
Inactive(anon):   200348 kB
Active(file):     523188 kB
Inactive(file):   524568 kB
Unevictable:       12768 kB
Mlocked:               0 kB
SwapTotal:        720184 kB
SwapFree:         720156 kB
Dirty:                60 kB
Writeback:             0 kB
AnonPages:        937384 kB
Mapped:           686764 kB
Shmem:             34920 kB
Slab:             117668 kB
SReclaimable:      36016 kB
SUnreclaim:        81652 kB
KernelStack:       33120 kB
PageTables:        55380 kB
NFS_Unstable:          0 kB
Bounce:                0 kB
WritebackTmp:          0 kB
CommitLimit:     2172840 kB
Committed_AS:   90126968 kB
VmallocTotal:   251658176 kB
VmallocUsed:      136456 kB
VmallocChunk:   251418156 kB
Time pass: 133 sec

---2015-12-05 14:07:44
MemTotal:        2905316 kB
MemFree:           88972 kB
Buffers:           25124 kB
Cached:          1070404 kB
SwapCached:            0 kB
Active:          1295596 kB
Inactive:         724976 kB
Active(anon):     772384 kB
Inactive(anon):   200348 kB
Active(file):     523212 kB
Inactive(file):   524628 kB
Unevictable:       12768 kB
Mlocked:               0 kB
SwapTotal:        720184 kB
SwapFree:         720156 kB
Dirty:                60 kB
Writeback:             0 kB
AnonPages:        937712 kB
Mapped:           687356 kB
Shmem:             34920 kB
Slab:             117668 kB
SReclaimable:      36016 kB
SUnreclaim:        81652 kB
KernelStack:       33136 kB
PageTables:        55380 kB
NFS_Unstable:          0 kB
Bounce:                0 kB
WritebackTmp:          0 kB
CommitLimit:     2172840 kB
Committed_AS:   90127284 kB
VmallocTotal:   251658176 kB
VmallocUsed:      136456 kB
VmallocChunk:   251418156 kB
Time pass: 136 sec

---2015-12-05 14:07:44
MemTotal:        2905316 kB
MemFree:           69988 kB
Buffers:           25184 kB
Cached:          1072688 kB
SwapCached:            0 kB
Active:          1310764 kB
Inactive:         727136 kB
Active(anon):     787372 kB
Inactive(anon):   200508 kB
Active(file):     523392 kB
Inactive(file):   526628 kB
Unevictable:       12768 kB
Mlocked:               0 kB
SwapTotal:        720184 kB
SwapFree:         720156 kB
Dirty:                 0 kB
Writeback:             0 kB
AnonPages:        952648 kB
Mapped:           690812 kB
Shmem:             35084 kB
Slab:             117752 kB
SReclaimable:      36016 kB
SUnreclaim:        81736 kB
KernelStack:       33504 kB
PageTables:        55604 kB
NFS_Unstable:          0 kB
Bounce:                0 kB
WritebackTmp:          0 kB
CommitLimit:     2172840 kB
Committed_AS:   90166304 kB
VmallocTotal:   251658176 kB
VmallocUsed:      138904 kB
VmallocChunk:   251418156 kB
Time pass: 140 sec

---2015-12-05 14:07:44
MemTotal:        2905316 kB
MemFree:           67584 kB
Buffers:           25192 kB
Cached:          1072776 kB
SwapCached:            0 kB
Active:          1311612 kB
Inactive:         727208 kB
Active(anon):     788216 kB
Inactive(anon):   200576 kB
Active(file):     523396 kB
Inactive(file):   526632 kB
Unevictable:       12768 kB
Mlocked:               0 kB
SwapTotal:        720184 kB
SwapFree:         720156 kB
Dirty:                88 kB
Writeback:             0 kB
AnonPages:        953684 kB
Mapped:           690964 kB
Shmem:             35164 kB
Slab:             117752 kB
SReclaimable:      36016 kB
SUnreclaim:        81736 kB
KernelStack:       33504 kB
PageTables:        55736 kB
NFS_Unstable:          0 kB
Bounce:                0 kB
WritebackTmp:          0 kB
CommitLimit:     2172840 kB
Committed_AS:   90167036 kB
VmallocTotal:   251658176 kB
VmallocUsed:      138904 kB
VmallocChunk:   251418156 kB
Time pass: 144 sec

---2015-12-05 14:07:44
MemTotal:        2905316 kB
MemFree:           67124 kB
Buffers:           25192 kB
Cached:          1072972 kB
SwapCached:            0 kB
Active:          1312184 kB
Inactive:         727404 kB
Active(anon):     788780 kB
Inactive(anon):   200768 kB
Active(file):     523404 kB
Inactive(file):   526636 kB
Unevictable:       12768 kB
Mlocked:               0 kB
SwapTotal:        720184 kB
SwapFree:         720156 kB
Dirty:                84 kB
Writeback:             0 kB
AnonPages:        954300 kB
Mapped:           691164 kB
Shmem:             35356 kB
Slab:             117756 kB
SReclaimable:      36016 kB
SUnreclaim:        81740 kB
KernelStack:       33472 kB
PageTables:        55736 kB
NFS_Unstable:          0 kB
Bounce:                0 kB
WritebackTmp:          0 kB
CommitLimit:     2172840 kB
Committed_AS:   90168444 kB
VmallocTotal:   251658176 kB
VmallocUsed:      138904 kB
VmallocChunk:   251418156 kB
Time pass: 148 sec

---2015-12-05 14:07:44
MemTotal:        2905316 kB
MemFree:           66232 kB
Buffers:           25200 kB
Cached:          1073024 kB
SwapCached:            0 kB
Active:          1312756 kB
Inactive:         727464 kB
Active(anon):     789352 kB
Inactive(anon):   200816 kB
Active(file):     523404 kB
Inactive(file):   526648 kB
Unevictable:       12768 kB
Mlocked:               0 kB
SwapTotal:        720184 kB
SwapFree:         720156 kB
Dirty:                12 kB
Writeback:             0 kB
AnonPages:        954612 kB
Mapped:           691160 kB
Shmem:             35404 kB
Slab:             117764 kB
SReclaimable:      36016 kB
SUnreclaim:        81748 kB
KernelStack:       33504 kB
PageTables:        55740 kB
NFS_Unstable:          0 kB
Bounce:                0 kB
WritebackTmp:          0 kB
CommitLimit:     2172840 kB
Committed_AS:   90194952 kB
VmallocTotal:   251658176 kB
VmallocUsed:      138904 kB
VmallocChunk:   251418156 kB
Time pass: 152 sec

---2015-12-05 14:07:44
MemTotal:        2905316 kB
MemFree:           78688 kB
Buffers:           25152 kB
Cached:          1051612 kB
SwapCached:            0 kB
Active:          1302292 kB
Inactive:         714980 kB
Active(anon):     787936 kB
Inactive(anon):   200388 kB
Active(file):     514356 kB
Inactive(file):   514592 kB
Unevictable:       12768 kB
Mlocked:               0 kB
SwapTotal:        720184 kB
SwapFree:         720156 kB
Dirty:                96 kB
Writeback:             0 kB
AnonPages:        952676 kB
Mapped:           690756 kB
Shmem:             35048 kB
Slab:             117624 kB
SReclaimable:      35880 kB
SUnreclaim:        81744 kB
KernelStack:       33440 kB
PageTables:        55600 kB
NFS_Unstable:          0 kB
Bounce:                0 kB
WritebackTmp:          0 kB
CommitLimit:     2172840 kB
Committed_AS:   90166456 kB
VmallocTotal:   251658176 kB
VmallocUsed:      138904 kB
VmallocChunk:   251418156 kB
Time pass: 155 sec

---2015-12-05 14:07:44
MemTotal:        2905316 kB
MemFree:           65268 kB
Buffers:           25184 kB
Cached:          1051944 kB
SwapCached:            0 kB
Active:          1314496 kB
Inactive:         715268 kB
Active(anon):     800072 kB
Inactive(anon):   200504 kB
Active(file):     514424 kB
Inactive(file):   514764 kB
Unevictable:       12768 kB
Mlocked:               0 kB
SwapTotal:        720184 kB
SwapFree:         720156 kB
Dirty:               296 kB
Writeback:             0 kB
AnonPages:        965608 kB
Mapped:           692592 kB
Shmem:             35164 kB
Slab:             117684 kB
SReclaimable:      35880 kB
SUnreclaim:        81804 kB
KernelStack:       33504 kB
PageTables:        55712 kB
NFS_Unstable:          0 kB
Bounce:                0 kB
WritebackTmp:          0 kB
CommitLimit:     2172840 kB
Committed_AS:   90204500 kB
VmallocTotal:   251658176 kB
VmallocUsed:      138904 kB
VmallocChunk:   251418156 kB
Time pass: 159 sec

---2015-12-05 14:07:44
MemTotal:        2905316 kB
MemFree:           66164 kB
Buffers:           25216 kB
Cached:          1052016 kB
SwapCached:            0 kB
Active:          1313800 kB
Inactive:         715160 kB
Active(anon):     799156 kB
Inactive(anon):   200476 kB
Active(file):     514644 kB
Inactive(file):   514684 kB
Unevictable:       12768 kB
Mlocked:               0 kB
SwapTotal:        720184 kB
SwapFree:         720156 kB
Dirty:               204 kB
Writeback:             0 kB
AnonPages:        964576 kB
Mapped:           692516 kB
Shmem:             35136 kB
Slab:             117684 kB
SReclaimable:      35896 kB
SUnreclaim:        81788 kB
KernelStack:       33472 kB
PageTables:        55736 kB
NFS_Unstable:          0 kB
Bounce:                0 kB
WritebackTmp:          0 kB
CommitLimit:     2172840 kB
Committed_AS:   90206012 kB
VmallocTotal:   251658176 kB
VmallocUsed:      138904 kB
VmallocChunk:   251418156 kB
Time pass: 163 sec

---2015-12-05 14:07:44
MemTotal:        2905316 kB
MemFree:           64064 kB
Buffers:           25232 kB
Cached:          1052124 kB
SwapCached:            0 kB
Active:          1315204 kB
Inactive:         715264 kB
Active(anon):     800540 kB
Inactive(anon):   200556 kB
Active(file):     514664 kB
Inactive(file):   514708 kB
Unevictable:       12768 kB
Mlocked:               0 kB
SwapTotal:        720184 kB
SwapFree:         720156 kB
Dirty:                12 kB
Writeback:             0 kB
AnonPages:        965712 kB
Mapped:           692660 kB
Shmem:             35216 kB
Slab:             117684 kB
SReclaimable:      35896 kB
SUnreclaim:        81788 kB
KernelStack:       33456 kB
PageTables:        55756 kB
NFS_Unstable:          0 kB
Bounce:                0 kB
WritebackTmp:          0 kB
CommitLimit:     2172840 kB
Committed_AS:   90206008 kB
VmallocTotal:   251658176 kB
VmallocUsed:      138904 kB
VmallocChunk:   251418156 kB
Time pass: 167 sec

---2015-12-05 14:07:44
MemTotal:        2905316 kB
MemFree:           63128 kB
Buffers:           25232 kB
Cached:          1052244 kB
SwapCached:            0 kB
Active:          1315852 kB
Inactive:         715348 kB
Active(anon):     801152 kB
Inactive(anon):   200628 kB
Active(file):     514700 kB
Inactive(file):   514720 kB
Unevictable:       12768 kB
Mlocked:               0 kB
SwapTotal:        720184 kB
SwapFree:         720156 kB
Dirty:               124 kB
Writeback:             0 kB
AnonPages:        966304 kB
Mapped:           692732 kB
Shmem:             35288 kB
Slab:             117676 kB
SReclaimable:      35896 kB
SUnreclaim:        81780 kB
KernelStack:       33424 kB
PageTables:        55752 kB
NFS_Unstable:          0 kB
Bounce:                0 kB
WritebackTmp:          0 kB
CommitLimit:     2172840 kB
Committed_AS:   90205952 kB
VmallocTotal:   251658176 kB
VmallocUsed:      138904 kB
VmallocChunk:   251418156 kB
Time pass: 171 sec

---2015-12-05 14:07:44
MemTotal:        2905316 kB
MemFree:           66928 kB
Buffers:           25224 kB
Cached:          1048540 kB
SwapCached:            0 kB
Active:          1313872 kB
Inactive:         713584 kB
Active(anon):     801160 kB
Inactive(anon):   200592 kB
Active(file):     512712 kB
Inactive(file):   512992 kB
Unevictable:       12768 kB
Mlocked:               0 kB
SwapTotal:        720184 kB
SwapFree:         720156 kB
Dirty:                64 kB
Writeback:             0 kB
AnonPages:        966600 kB
Mapped:           692268 kB
Shmem:             35292 kB
Slab:             117596 kB
SReclaimable:      35816 kB
SUnreclaim:        81780 kB
KernelStack:       33424 kB
PageTables:        55752 kB
NFS_Unstable:          0 kB
Bounce:                0 kB
WritebackTmp:          0 kB
CommitLimit:     2172840 kB
Committed_AS:   90205952 kB
VmallocTotal:   251658176 kB
VmallocUsed:      138904 kB
VmallocChunk:   251418156 kB
Time pass: 174 sec

---2015-12-05 14:07:44
MemTotal:        2905316 kB
MemFree:           78104 kB
Buffers:           25224 kB
Cached:          1048248 kB
SwapCached:            0 kB
Active:          1304076 kB
Inactive:         713276 kB
Active(anon):     791348 kB
Inactive(anon):   200284 kB
Active(file):     512728 kB
Inactive(file):   512992 kB
Unevictable:       12768 kB
Mlocked:               0 kB
SwapTotal:        720184 kB
SwapFree:         720156 kB
Dirty:                 8 kB
Writeback:             0 kB
AnonPages:        956628 kB
Mapped:           691880 kB
Shmem:             34980 kB
Slab:             117596 kB
SReclaimable:      35816 kB
SUnreclaim:        81780 kB
KernelStack:       33024 kB
PageTables:        55552 kB
NFS_Unstable:          0 kB
Bounce:                0 kB
WritebackTmp:          0 kB
CommitLimit:     2172840 kB
Committed_AS:   90177432 kB
VmallocTotal:   251658176 kB
VmallocUsed:      138904 kB
VmallocChunk:   251418156 kB
Time pass: 178 sec

---2015-12-05 14:07:44
MemTotal:        2905316 kB
MemFree:           78452 kB
Buffers:           25232 kB
Cached:          1048316 kB
SwapCached:            0 kB
Active:          1304488 kB
Inactive:         713348 kB
Active(anon):     791752 kB
Inactive(anon):   200344 kB
Active(file):     512736 kB
Inactive(file):   513004 kB
Unevictable:       12768 kB
Mlocked:               0 kB
SwapTotal:        720184 kB
SwapFree:         720156 kB
Dirty:                40 kB
Writeback:             0 kB
AnonPages:        957216 kB
Mapped:           691952 kB
Shmem:             35040 kB
Slab:             117612 kB
SReclaimable:      35832 kB
SUnreclaim:        81780 kB
KernelStack:       33040 kB
PageTables:        55600 kB
NFS_Unstable:          0 kB
Bounce:                0 kB
WritebackTmp:          0 kB
CommitLimit:     2172840 kB
Committed_AS:   90203884 kB
VmallocTotal:   251658176 kB
VmallocUsed:      138872 kB
VmallocChunk:   251418156 kB
Time pass: 182 sec

---2015-12-05 14:07:44
MemTotal:        2905316 kB
MemFree:           77716 kB
Buffers:           25240 kB
Cached:          1048316 kB
SwapCached:            0 kB
Active:          1304772 kB
Inactive:         713344 kB
Active(anon):     792032 kB
Inactive(anon):   200344 kB
Active(file):     512740 kB
Inactive(file):   513000 kB
Unevictable:       12768 kB
Mlocked:               0 kB
SwapTotal:        720184 kB
SwapFree:         720156 kB
Dirty:                24 kB
Writeback:             0 kB
AnonPages:        957336 kB
Mapped:           691952 kB
Shmem:             35040 kB
Slab:             117612 kB
SReclaimable:      35832 kB
SUnreclaim:        81780 kB
KernelStack:       33056 kB
PageTables:        55596 kB
NFS_Unstable:          0 kB
Bounce:                0 kB
WritebackTmp:          0 kB
CommitLimit:     2172840 kB
Committed_AS:   90203952 kB
VmallocTotal:   251658176 kB
VmallocUsed:      138872 kB
VmallocChunk:   251418156 kB
Time pass: 186 sec

---2015-12-05 14:07:44
MemTotal:        2905316 kB
MemFree:           69972 kB
Buffers:           25232 kB
Cached:          1044504 kB
SwapCached:            0 kB
Active:          1313292 kB
Inactive:         712380 kB
Active(anon):     802508 kB
Inactive(anon):   201488 kB
Active(file):     510784 kB
Inactive(file):   510892 kB
Unevictable:       12768 kB
Mlocked:               0 kB
SwapTotal:        720184 kB
SwapFree:         720156 kB
Dirty:               132 kB
Writeback:             0 kB
AnonPages:        968784 kB
Mapped:           692052 kB
Shmem:             35292 kB
Slab:             117824 kB
SReclaimable:      36024 kB
SUnreclaim:        81800 kB
KernelStack:       33424 kB
PageTables:        55756 kB
NFS_Unstable:          0 kB
Bounce:                0 kB
WritebackTmp:          0 kB
CommitLimit:     2172840 kB
Committed_AS:   90236712 kB
VmallocTotal:   251658176 kB
VmallocUsed:      138904 kB
VmallocChunk:   251418156 kB
Time pass: 190 sec

---2015-12-05 14:07:44
MemTotal:        2905316 kB
MemFree:           69460 kB
Buffers:           25240 kB
Cached:          1044816 kB
SwapCached:            0 kB
Active:          1313532 kB
Inactive:         712680 kB
Active(anon):     802740 kB
Inactive(anon):   201788 kB
Active(file):     510792 kB
Inactive(file):   510892 kB
Unevictable:       12768 kB
Mlocked:               0 kB
SwapTotal:        720184 kB
SwapFree:         720156 kB
Dirty:                56 kB
Writeback:             0 kB
AnonPages:        968996 kB
Mapped:           692368 kB
Shmem:             35596 kB
Slab:             117840 kB
SReclaimable:      36040 kB
SUnreclaim:        81800 kB
KernelStack:       33424 kB
PageTables:        55852 kB
NFS_Unstable:          0 kB
Bounce:                0 kB
WritebackTmp:          0 kB
CommitLimit:     2172840 kB
Committed_AS:   90236720 kB
VmallocTotal:   251658176 kB
VmallocUsed:      138904 kB
VmallocChunk:   251418156 kB
Time pass: 193 sec

---2015-12-05 14:07:44
MemTotal:        2905316 kB
MemFree:           68616 kB
Buffers:           25240 kB
Cached:          1045020 kB
SwapCached:            0 kB
Active:          1315100 kB
Inactive:         712888 kB
Active(anon):     804300 kB
Inactive(anon):   201952 kB
Active(file):     510800 kB
Inactive(file):   510936 kB
Unevictable:       12768 kB
Mlocked:               0 kB
SwapTotal:        720184 kB
SwapFree:         720156 kB
Dirty:               112 kB
Writeback:             0 kB
AnonPages:        970420 kB
Mapped:           692564 kB
Shmem:             35756 kB
Slab:             117836 kB
SReclaimable:      36040 kB
SUnreclaim:        81796 kB
KernelStack:       33392 kB
PageTables:        55852 kB
NFS_Unstable:          0 kB
Bounce:                0 kB
WritebackTmp:          0 kB
CommitLimit:     2172840 kB
Committed_AS:   90236744 kB
VmallocTotal:   251658176 kB
VmallocUsed:      138904 kB
VmallocChunk:   251418156 kB
Time pass: 197 sec

---2015-12-05 14:07:44
MemTotal:        2905316 kB
MemFree:           67336 kB
Buffers:           25248 kB
Cached:          1045256 kB
SwapCached:            0 kB
Active:          1315200 kB
Inactive:         713116 kB
Active(anon):     804384 kB
Inactive(anon):   202176 kB
Active(file):     510816 kB
Inactive(file):   510940 kB
Unevictable:       12768 kB
Mlocked:               0 kB
SwapTotal:        720184 kB
SwapFree:         720156 kB
Dirty:                76 kB
Writeback:             0 kB
AnonPages:        970636 kB
Mapped:           692912 kB
Shmem:             35980 kB
Slab:             117836 kB
SReclaimable:      36040 kB
SUnreclaim:        81796 kB
KernelStack:       33440 kB
PageTables:        55852 kB
NFS_Unstable:          0 kB
Bounce:                0 kB
WritebackTmp:          0 kB
CommitLimit:     2172840 kB
Committed_AS:   90236732 kB
VmallocTotal:   251658176 kB
VmallocUsed:      138904 kB
VmallocChunk:   251418156 kB
Time pass: 201 sec

---2015-12-05 14:07:44
MemTotal:        2905316 kB
MemFree:           72564 kB
Buffers:           25256 kB
Cached:          1044432 kB
SwapCached:            0 kB
Active:          1310768 kB
Inactive:         712288 kB
Active(anon):     799940 kB
Inactive(anon):   201340 kB
Active(file):     510828 kB
Inactive(file):   510948 kB
Unevictable:       12768 kB
Mlocked:               0 kB
SwapTotal:        720184 kB
SwapFree:         720156 kB
Dirty:                36 kB
Writeback:             0 kB
AnonPages:        966288 kB
Mapped:           691856 kB
Shmem:             35144 kB
Slab:             117836 kB
SReclaimable:      36040 kB
SUnreclaim:        81796 kB
KernelStack:       33440 kB
PageTables:        55896 kB
NFS_Unstable:          0 kB
Bounce:                0 kB
WritebackTmp:          0 kB
CommitLimit:     2172840 kB
Committed_AS:   90208272 kB
VmallocTotal:   251658176 kB
VmallocUsed:      138904 kB
VmallocChunk:   251418156 kB
Time pass: 204 sec

---2015-12-05 14:07:44
MemTotal:        2905316 kB
MemFree:           62612 kB
Buffers:           25304 kB
Cached:          1044676 kB
SwapCached:            0 kB
Active:          1319672 kB
Inactive:         712532 kB
Active(anon):     808796 kB
Inactive(anon):   201424 kB
Active(file):     510876 kB
Inactive(file):   511108 kB
Unevictable:       12768 kB
Mlocked:               0 kB
SwapTotal:        720184 kB
SwapFree:         720156 kB
Dirty:               132 kB
Writeback:             0 kB
AnonPages:        975156 kB
Mapped:           692180 kB
Shmem:             35228 kB
Slab:             117800 kB
SReclaimable:      36008 kB
SUnreclaim:        81792 kB
KernelStack:       33456 kB
PageTables:        55772 kB
NFS_Unstable:          0 kB
Bounce:                0 kB
WritebackTmp:          0 kB
CommitLimit:     2172840 kB
Committed_AS:   90241504 kB
VmallocTotal:   251658176 kB
VmallocUsed:      138904 kB
VmallocChunk:   251418156 kB
Time pass: 208 sec

---2015-12-05 14:07:44
MemTotal:        2905316 kB
MemFree:           69168 kB
Buffers:           25312 kB
Cached:          1037000 kB
SwapCached:            0 kB
Active:          1317028 kB
Inactive:         709404 kB
Active(anon):     809940 kB
Inactive(anon):   202252 kB
Active(file):     507088 kB
Inactive(file):   507152 kB
Unevictable:       12768 kB
Mlocked:               0 kB
SwapTotal:        720184 kB
SwapFree:         720156 kB
Dirty:               164 kB
Writeback:             0 kB
AnonPages:        977064 kB
Mapped:           691836 kB
Shmem:             35304 kB
Slab:             117800 kB
SReclaimable:      36008 kB
SUnreclaim:        81792 kB
KernelStack:       33408 kB
PageTables:        55796 kB
NFS_Unstable:          0 kB
Bounce:                0 kB
WritebackTmp:          0 kB
CommitLimit:     2172840 kB
Committed_AS:   90268072 kB
VmallocTotal:   251658176 kB
VmallocUsed:      138904 kB
VmallocChunk:   251418156 kB
Time pass: 212 sec

---2015-12-05 14:07:44
MemTotal:        2905316 kB
MemFree:           69912 kB
Buffers:           25236 kB
Cached:          1030436 kB
SwapCached:            0 kB
Active:          1314960 kB
Inactive:         706844 kB
Active(anon):     811244 kB
Inactive(anon):   202988 kB
Active(file):     503716 kB
Inactive(file):   503856 kB
Unevictable:       12768 kB
Mlocked:               0 kB
SwapTotal:        720184 kB
SwapFree:         720156 kB
Dirty:                36 kB
Writeback:             0 kB
AnonPages:        978704 kB
Mapped:           690504 kB
Shmem:             35320 kB
Slab:             121380 kB
SReclaimable:      39292 kB
SUnreclaim:        82088 kB
KernelStack:       33488 kB
PageTables:        55928 kB
NFS_Unstable:          0 kB
Bounce:                0 kB
WritebackTmp:          0 kB
CommitLimit:     2172840 kB
Committed_AS:   90279616 kB
VmallocTotal:   251658176 kB
VmallocUsed:      139924 kB
VmallocChunk:   251418156 kB
Time pass: 216 sec

---2015-12-05 14:07:44
MemTotal:        2905316 kB
MemFree:           70780 kB
Buffers:           25268 kB
Cached:          1030716 kB
SwapCached:            0 kB
Active:          1314296 kB
Inactive:         707152 kB
Active(anon):     810564 kB
Inactive(anon):   202988 kB
Active(file):     503732 kB
Inactive(file):   504164 kB
Unevictable:       12768 kB
Mlocked:               0 kB
SwapTotal:        720184 kB
SwapFree:         720156 kB
Dirty:               140 kB
Writeback:             0 kB
AnonPages:        978204 kB
Mapped:           690396 kB
Shmem:             35320 kB
Slab:             121672 kB
SReclaimable:      39564 kB
SUnreclaim:        82108 kB
KernelStack:       33440 kB
PageTables:        55880 kB
NFS_Unstable:          0 kB
Bounce:                0 kB
WritebackTmp:          0 kB
CommitLimit:     2172840 kB
Committed_AS:   90273972 kB
VmallocTotal:   251658176 kB
VmallocUsed:      138904 kB
VmallocChunk:   251418156 kB
Time pass: 219 sec

---2015-12-05 14:07:44
MemTotal:        2905316 kB
MemFree:           71428 kB
Buffers:           25276 kB
Cached:          1030716 kB
SwapCached:            0 kB
Active:          1313088 kB
Inactive:         707136 kB
Active(anon):     809332 kB
Inactive(anon):   202988 kB
Active(file):     503756 kB
Inactive(file):   504148 kB
Unevictable:       12768 kB
Mlocked:               0 kB
SwapTotal:        720184 kB
SwapFree:         720156 kB
Dirty:                 0 kB
Writeback:             0 kB
AnonPages:        977080 kB
Mapped:           690396 kB
Shmem:             35320 kB
Slab:             121696 kB
SReclaimable:      39564 kB
SUnreclaim:        82132 kB
KernelStack:       33296 kB
PageTables:        55828 kB
NFS_Unstable:          0 kB
Bounce:                0 kB
WritebackTmp:          0 kB
CommitLimit:     2172840 kB
Committed_AS:   90268060 kB
VmallocTotal:   251658176 kB
VmallocUsed:      138904 kB
VmallocChunk:   251418156 kB
Time pass: 223 sec

---2015-12-05 14:07:44
MemTotal:        2905316 kB
MemFree:           70664 kB
Buffers:           25284 kB
Cached:          1030844 kB
SwapCached:            0 kB
Active:          1314260 kB
Inactive:         707268 kB
Active(anon):     810500 kB
Inactive(anon):   202988 kB
Active(file):     503760 kB
Inactive(file):   504280 kB
Unevictable:       12768 kB
Mlocked:               0 kB
SwapTotal:        720184 kB
SwapFree:         720156 kB
Dirty:                80 kB
Writeback:             0 kB
AnonPages:        978188 kB
Mapped:           690476 kB
Shmem:             35320 kB
Slab:             121696 kB
SReclaimable:      39564 kB
SUnreclaim:        82132 kB
KernelStack:       33344 kB
PageTables:        55860 kB
NFS_Unstable:          0 kB
Bounce:                0 kB
WritebackTmp:          0 kB
CommitLimit:     2172840 kB
Committed_AS:   90268316 kB
VmallocTotal:   251658176 kB
VmallocUsed:      138904 kB
VmallocChunk:   251418156 kB
Time pass: 227 sec

---2015-12-05 14:07:44
MemTotal:        2905316 kB
MemFree:           70316 kB
Buffers:           25292 kB
Cached:          1030836 kB
SwapCached:            0 kB
Active:          1314248 kB
Inactive:         707264 kB
Active(anon):     810484 kB
Inactive(anon):   202988 kB
Active(file):     503764 kB
Inactive(file):   504276 kB
Unevictable:       12768 kB
Mlocked:               0 kB
SwapTotal:        720184 kB
SwapFree:         720156 kB
Dirty:                 4 kB
Writeback:             0 kB
AnonPages:        978284 kB
Mapped:           690488 kB
Shmem:             35320 kB
Slab:             121676 kB
SReclaimable:      39564 kB
SUnreclaim:        82112 kB
KernelStack:       33344 kB
PageTables:        55860 kB
NFS_Unstable:          0 kB
Bounce:                0 kB
WritebackTmp:          0 kB
CommitLimit:     2172840 kB
Committed_AS:   90268332 kB
VmallocTotal:   251658176 kB
VmallocUsed:      138904 kB
VmallocChunk:   251418156 kB
Time pass: 230 sec

---2015-12-05 14:07:44
MemTotal:        2905316 kB
MemFree:           70488 kB
Buffers:           25292 kB
Cached:          1030848 kB
SwapCached:            0 kB
Active:          1314448 kB
Inactive:         707276 kB
Active(anon):     810684 kB
Inactive(anon):   202988 kB
Active(file):     503764 kB
Inactive(file):   504288 kB
Unevictable:       12768 kB
Mlocked:               0 kB
SwapTotal:        720184 kB
SwapFree:         720156 kB
Dirty:                 8 kB
Writeback:             0 kB
AnonPages:        978448 kB
Mapped:           690496 kB
Shmem:             35320 kB
Slab:             121676 kB
SReclaimable:      39564 kB
SUnreclaim:        82112 kB
KernelStack:       33360 kB
PageTables:        55860 kB
NFS_Unstable:          0 kB
Bounce:                0 kB
WritebackTmp:          0 kB
CommitLimit:     2172840 kB
Committed_AS:   90268332 kB
VmallocTotal:   251658176 kB
VmallocUsed:      138904 kB
VmallocChunk:   251418156 kB
Time pass: 234 sec

---2015-12-05 14:07:44
MemTotal:        2905316 kB
MemFree:           70116 kB
Buffers:           25300 kB
Cached:          1030856 kB
SwapCached:            0 kB
Active:          1314944 kB
Inactive:         707284 kB
Active(anon):     811172 kB
Inactive(anon):   202988 kB
Active(file):     503772 kB
Inactive(file):   504296 kB
Unevictable:       12768 kB
Mlocked:               0 kB
SwapTotal:        720184 kB
SwapFree:         720156 kB
Dirty:                24 kB
Writeback:             0 kB
AnonPages:        978792 kB
Mapped:           690500 kB
Shmem:             35320 kB
Slab:             121660 kB
SReclaimable:      39548 kB
SUnreclaim:        82112 kB
KernelStack:       33344 kB
PageTables:        55856 kB
NFS_Unstable:          0 kB
Bounce:                0 kB
WritebackTmp:          0 kB
CommitLimit:     2172840 kB
Committed_AS:   90268400 kB
VmallocTotal:   251658176 kB
VmallocUsed:      138904 kB
VmallocChunk:   251418156 kB
Time pass: 238 sec

---2015-12-05 14:07:44
MemTotal:        2905316 kB
MemFree:           64728 kB
Buffers:           25348 kB
Cached:          1030744 kB
SwapCached:            0 kB
Active:          1318640 kB
Inactive:         707192 kB
Active(anon):     814840 kB
Inactive(anon):   202872 kB
Active(file):     503800 kB
Inactive(file):   504320 kB
Unevictable:       12768 kB
Mlocked:               0 kB
SwapTotal:        720184 kB
SwapFree:         720156 kB
Dirty:               116 kB
Writeback:             0 kB
AnonPages:        982876 kB
Mapped:           690180 kB
Shmem:             35204 kB
Slab:             121664 kB
SReclaimable:      39548 kB
SUnreclaim:        82116 kB
KernelStack:       33264 kB
PageTables:        55776 kB
NFS_Unstable:          0 kB
Bounce:                0 kB
WritebackTmp:          0 kB
CommitLimit:     2172840 kB
Committed_AS:   90306060 kB
VmallocTotal:   251658176 kB
VmallocUsed:      138904 kB
VmallocChunk:   251418156 kB
Time pass: 242 sec

---2015-12-05 14:07:44
MemTotal:        2905316 kB
MemFree:           63616 kB
Buffers:           25348 kB
Cached:          1031460 kB
SwapCached:            0 kB
Active:          1320032 kB
Inactive:         707860 kB
Active(anon):     816188 kB
Inactive(anon):   203456 kB
Active(file):     503844 kB
Inactive(file):   504404 kB
Unevictable:       12768 kB
Mlocked:               0 kB
SwapTotal:        720184 kB
SwapFree:         720156 kB
Dirty:                 8 kB
Writeback:             0 kB
AnonPages:        983876 kB
Mapped:           690952 kB
Shmem:             35792 kB
Slab:             121652 kB
SReclaimable:      39532 kB
SUnreclaim:        82120 kB
KernelStack:       33360 kB
PageTables:        56000 kB
NFS_Unstable:          0 kB
Bounce:                0 kB
WritebackTmp:          0 kB
CommitLimit:     2172840 kB
Committed_AS:   90306024 kB
VmallocTotal:   251658176 kB
VmallocUsed:      138904 kB
VmallocChunk:   251418156 kB
Time pass: 245 sec

---2015-12-05 14:07:44
MemTotal:        2905316 kB
MemFree:           68756 kB
Buffers:           25228 kB
Cached:          1026168 kB
SwapCached:            0 kB
Active:          1317492 kB
Inactive:         705536 kB
Active(anon):     816084 kB
Inactive(anon):   204324 kB
Active(file):     501408 kB
Inactive(file):   501212 kB
Unevictable:       12768 kB
Mlocked:               0 kB
SwapTotal:        720184 kB
SwapFree:         720156 kB
Dirty:                72 kB
Writeback:             0 kB
AnonPages:        984492 kB
Mapped:           689364 kB
Shmem:             36008 kB
Slab:             121652 kB
SReclaimable:      39532 kB
SUnreclaim:        82120 kB
KernelStack:       33360 kB
PageTables:        56004 kB
NFS_Unstable:          0 kB
Bounce:                0 kB
WritebackTmp:          0 kB
CommitLimit:     2172840 kB
Committed_AS:   90306048 kB
VmallocTotal:   251658176 kB
VmallocUsed:      138904 kB
VmallocChunk:   251418156 kB
Time pass: 249 sec

---2015-12-05 14:07:44
MemTotal:        2905316 kB
MemFree:           66596 kB
Buffers:           25228 kB
Cached:          1026336 kB
SwapCached:            0 kB
Active:          1319532 kB
Inactive:         705692 kB
Active(anon):     818112 kB
Inactive(anon):   204448 kB
Active(file):     501420 kB
Inactive(file):   501244 kB
Unevictable:       12768 kB
Mlocked:               0 kB
SwapTotal:        720184 kB
SwapFree:         720156 kB
Dirty:               128 kB
Writeback:             0 kB
AnonPages:        986384 kB
Mapped:           689556 kB
Shmem:             36132 kB
Slab:             121648 kB
SReclaimable:      39532 kB
SUnreclaim:        82116 kB
KernelStack:       33328 kB
PageTables:        56036 kB
NFS_Unstable:          0 kB
Bounce:                0 kB
WritebackTmp:          0 kB
CommitLimit:     2172840 kB
Committed_AS:   90306048 kB
VmallocTotal:   251658176 kB
VmallocUsed:      138904 kB
VmallocChunk:   251418156 kB
Time pass: 253 sec

---2015-12-05 14:07:44
MemTotal:        2905316 kB
MemFree:           67764 kB
Buffers:           25236 kB
Cached:          1026344 kB
SwapCached:            0 kB
Active:          1317832 kB
Inactive:         705696 kB
Active(anon):     816400 kB
Inactive(anon):   204448 kB
Active(file):     501432 kB
Inactive(file):   501248 kB
Unevictable:       12768 kB
Mlocked:               0 kB
SwapTotal:        720184 kB
SwapFree:         720156 kB
Dirty:                44 kB
Writeback:             0 kB
AnonPages:        984620 kB
Mapped:           689504 kB
Shmem:             36132 kB
Slab:             121648 kB
SReclaimable:      39532 kB
SUnreclaim:        82116 kB
KernelStack:       33328 kB
PageTables:        56008 kB
NFS_Unstable:          0 kB
Bounce:                0 kB
WritebackTmp:          0 kB
CommitLimit:     2172840 kB
Committed_AS:   90306024 kB
VmallocTotal:   251658176 kB
VmallocUsed:      138904 kB
VmallocChunk:   251418156 kB
Time pass: 257 sec

---2015-12-05 14:07:44
MemTotal:        2905316 kB
MemFree:           73224 kB
Buffers:           25268 kB
Cached:          1025588 kB
SwapCached:            0 kB
Active:          1312660 kB
Inactive:         704924 kB
Active(anon):     811184 kB
Inactive(anon):   203628 kB
Active(file):     501476 kB
Inactive(file):   501296 kB
Unevictable:       12768 kB
Mlocked:               0 kB
SwapTotal:        720184 kB
SwapFree:         720156 kB
Dirty:               152 kB
Writeback:             0 kB
AnonPages:        979520 kB
Mapped:           688696 kB
Shmem:             35316 kB
Slab:             121392 kB
SReclaimable:      39532 kB
SUnreclaim:        81860 kB
KernelStack:       33312 kB
PageTables:        55912 kB
NFS_Unstable:          0 kB
Bounce:                0 kB
WritebackTmp:          0 kB
CommitLimit:     2172840 kB
Committed_AS:   90306068 kB
VmallocTotal:   251658176 kB
VmallocUsed:      138904 kB
VmallocChunk:   251418156 kB
Time pass: 260 sec

---2015-12-05 14:07:44
MemTotal:        2905316 kB
MemFree:           72968 kB
Buffers:           25268 kB
Cached:          1025788 kB
SwapCached:            0 kB
Active:          1312948 kB
Inactive:         705116 kB
Active(anon):     811468 kB
Inactive(anon):   203632 kB
Active(file):     501480 kB
Inactive(file):   501484 kB
Unevictable:       12768 kB
Mlocked:               0 kB
SwapTotal:        720184 kB
SwapFree:         720156 kB
Dirty:                12 kB
Writeback:             0 kB
AnonPages:        979804 kB
Mapped:           688812 kB
Shmem:             35324 kB
Slab:             121392 kB
SReclaimable:      39532 kB
SUnreclaim:        81860 kB
KernelStack:       33296 kB
PageTables:        55932 kB
NFS_Unstable:          0 kB
Bounce:                0 kB
WritebackTmp:          0 kB
CommitLimit:     2172840 kB
Committed_AS:   90306136 kB
VmallocTotal:   251658176 kB
VmallocUsed:      138904 kB
VmallocChunk:   251418156 kB
Time pass: 264 sec

---2015-12-05 14:07:44
MemTotal:        2905316 kB
MemFree:           78772 kB
Buffers:           25292 kB
Cached:          1025840 kB
SwapCached:            0 kB
Active:          1307428 kB
Inactive:         705172 kB
Active(anon):     805932 kB
Inactive(anon):   203636 kB
Active(file):     501496 kB
Inactive(file):   501536 kB
Unevictable:       12768 kB
Mlocked:               0 kB
SwapTotal:        720184 kB
SwapFree:         720156 kB
Dirty:               136 kB
Writeback:             0 kB
AnonPages:        974176 kB
Mapped:           688772 kB
Shmem:             35332 kB
Slab:             121360 kB
SReclaimable:      39532 kB
SUnreclaim:        81828 kB
KernelStack:       33296 kB
PageTables:        55916 kB
NFS_Unstable:          0 kB
Bounce:                0 kB
WritebackTmp:          0 kB
CommitLimit:     2172840 kB
Committed_AS:   90306112 kB
VmallocTotal:   251658176 kB
VmallocUsed:      138904 kB
VmallocChunk:   251418156 kB
Time pass: 268 sec

---2015-12-05 14:07:44
MemTotal:        2905316 kB
MemFree:           78412 kB
Buffers:           25308 kB
Cached:          1025940 kB
SwapCached:            0 kB
Active:          1307192 kB
Inactive:         705264 kB
Active(anon):     805688 kB
Inactive(anon):   203716 kB
Active(file):     501504 kB
Inactive(file):   501548 kB
Unevictable:       12768 kB
Mlocked:               0 kB
SwapTotal:        720184 kB
SwapFree:         720156 kB
Dirty:                92 kB
Writeback:             0 kB
AnonPages:        974144 kB
Mapped:           688936 kB
Shmem:             35412 kB
Slab:             121356 kB
SReclaimable:      39532 kB
SUnreclaim:        81824 kB
KernelStack:       33264 kB
PageTables:        55992 kB
NFS_Unstable:          0 kB
Bounce:                0 kB
WritebackTmp:          0 kB
CommitLimit:     2172840 kB
Committed_AS:   90332756 kB
VmallocTotal:   251658176 kB
VmallocUsed:      138904 kB
VmallocChunk:   251418156 kB
Time pass: 272 sec

---2015-12-05 14:07:44
MemTotal:        2905316 kB
MemFree:           76592 kB
Buffers:           25308 kB
Cached:          1025948 kB
SwapCached:            0 kB
Active:          1308704 kB
Inactive:         705284 kB
Active(anon):     807196 kB
Inactive(anon):   203716 kB
Active(file):     501508 kB
Inactive(file):   501568 kB
Unevictable:       12768 kB
Mlocked:               0 kB
SwapTotal:        720184 kB
SwapFree:         720156 kB
Dirty:                16 kB
Writeback:             0 kB
AnonPages:        975612 kB
Mapped:           689012 kB
Shmem:             35412 kB
Slab:             121288 kB
SReclaimable:      39532 kB
SUnreclaim:        81756 kB
KernelStack:       33312 kB
PageTables:        55992 kB
NFS_Unstable:          0 kB
Bounce:                0 kB
WritebackTmp:          0 kB
CommitLimit:     2172840 kB
Committed_AS:   90332744 kB
VmallocTotal:   251658176 kB
VmallocUsed:      138916 kB
VmallocChunk:   251418156 kB
Time pass: 276 sec

---2015-12-05 14:07:44
MemTotal:        2905316 kB
MemFree:           76388 kB
Buffers:           25332 kB
Cached:          1025980 kB
SwapCached:            0 kB
Active:          1308388 kB
Inactive:         705328 kB
Active(anon):     806868 kB
Inactive(anon):   203716 kB
Active(file):     501520 kB
Inactive(file):   501612 kB
Unevictable:       12768 kB
Mlocked:               0 kB
SwapTotal:        720184 kB
SwapFree:         720156 kB
Dirty:                76 kB
Writeback:             0 kB
AnonPages:        975296 kB
Mapped:           689016 kB
Shmem:             35412 kB
Slab:             121288 kB
SReclaimable:      39532 kB
SUnreclaim:        81756 kB
KernelStack:       33312 kB
PageTables:        55992 kB
NFS_Unstable:          0 kB
Bounce:                0 kB
WritebackTmp:          0 kB
CommitLimit:     2172840 kB
Committed_AS:   90332756 kB
VmallocTotal:   251658176 kB
VmallocUsed:      138916 kB
VmallocChunk:   251418156 kB
Time pass: 279 sec

---2015-12-05 14:07:44
MemTotal:        2905316 kB
MemFree:           75636 kB
Buffers:           25340 kB
Cached:          1026012 kB
SwapCached:            0 kB
Active:          1309988 kB
Inactive:         705360 kB
Active(anon):     808460 kB
Inactive(anon):   203716 kB
Active(file):     501528 kB
Inactive(file):   501644 kB
Unevictable:       12768 kB
Mlocked:               0 kB
SwapTotal:        720184 kB
SwapFree:         720156 kB
Dirty:               116 kB
Writeback:             0 kB
AnonPages:        976892 kB
Mapped:           688968 kB
Shmem:             35412 kB
Slab:             121288 kB
SReclaimable:      39532 kB
SUnreclaim:        81756 kB
KernelStack:       33312 kB
PageTables:        55964 kB
NFS_Unstable:          0 kB
Bounce:                0 kB
WritebackTmp:          0 kB
CommitLimit:     2172840 kB
Committed_AS:   90332732 kB
VmallocTotal:   251658176 kB
VmallocUsed:      138916 kB
VmallocChunk:   251418156 kB
Time pass: 283 sec

---2015-12-05 14:07:44
MemTotal:        2905316 kB
MemFree:           74228 kB
Buffers:           25340 kB
Cached:          1026020 kB
SwapCached:            0 kB
Active:          1310372 kB
Inactive:         705364 kB
Active(anon):     808840 kB
Inactive(anon):   203716 kB
Active(file):     501532 kB
Inactive(file):   501648 kB
Unevictable:       12768 kB
Mlocked:               0 kB
SwapTotal:        720184 kB
SwapFree:         720156 kB
Dirty:                 8 kB
Writeback:             0 kB
AnonPages:        977064 kB
Mapped:           689040 kB
Shmem:             35412 kB
Slab:             121288 kB
SReclaimable:      39532 kB
SUnreclaim:        81756 kB
KernelStack:       33280 kB
PageTables:        56012 kB
NFS_Unstable:          0 kB
Bounce:                0 kB
WritebackTmp:          0 kB
CommitLimit:     2172840 kB
Committed_AS:   90332748 kB
VmallocTotal:   251658176 kB
VmallocUsed:      138916 kB
VmallocChunk:   251418156 kB
Time pass: 287 sec

---2015-12-05 14:07:44
MemTotal:        2905316 kB
MemFree:           72388 kB
Buffers:           25364 kB
Cached:          1026092 kB
SwapCached:            0 kB
Active:          1312080 kB
Inactive:         705424 kB
Active(anon):     810524 kB
Inactive(anon):   203716 kB
Active(file):     501556 kB
Inactive(file):   501708 kB
Unevictable:       12768 kB
Mlocked:               0 kB
SwapTotal:        720184 kB
SwapFree:         720156 kB
Dirty:               156 kB
Writeback:             0 kB
AnonPages:        978996 kB
Mapped:           689044 kB
Shmem:             35412 kB
Slab:             121288 kB
SReclaimable:      39532 kB
SUnreclaim:        81756 kB
KernelStack:       33312 kB
PageTables:        56020 kB
NFS_Unstable:          0 kB
Bounce:                0 kB
WritebackTmp:          0 kB
CommitLimit:     2172840 kB
Committed_AS:   90332648 kB
VmallocTotal:   251658176 kB
VmallocUsed:      138916 kB
VmallocChunk:   251418156 kB
Time pass: 291 sec

---2015-12-05 14:07:44
MemTotal:        2905316 kB
MemFree:           72048 kB
Buffers:           25364 kB
Cached:          1026116 kB
SwapCached:            0 kB
Active:          1312544 kB
Inactive:         705452 kB
Active(anon):     810980 kB
Inactive(anon):   203740 kB
Active(file):     501564 kB
Inactive(file):   501712 kB
Unevictable:       12768 kB
Mlocked:               0 kB
SwapTotal:        720184 kB
SwapFree:         720156 kB
Dirty:                12 kB
Writeback:             0 kB
AnonPages:        979080 kB
Mapped:           689076 kB
Shmem:             35436 kB
Slab:             121288 kB
SReclaimable:      39532 kB
SUnreclaim:        81756 kB
KernelStack:       33312 kB
PageTables:        56016 kB
NFS_Unstable:          0 kB
Bounce:                0 kB
WritebackTmp:          0 kB
CommitLimit:     2172840 kB
Committed_AS:   90332744 kB
VmallocTotal:   251658176 kB
VmallocUsed:      138916 kB
VmallocChunk:   251418156 kB
Time pass: 294 sec

---2015-12-05 14:07:44
MemTotal:        2905316 kB
MemFree:           71924 kB
Buffers:           25372 kB
Cached:          1026168 kB
SwapCached:            0 kB
Active:          1312896 kB
Inactive:         705476 kB
Active(anon):     811328 kB
Inactive(anon):   203740 kB
Active(file):     501568 kB
Inactive(file):   501736 kB
Unevictable:       12768 kB
Mlocked:               0 kB
SwapTotal:        720184 kB
SwapFree:         720156 kB
Dirty:               104 kB
Writeback:             0 kB
AnonPages:        979672 kB
Mapped:           689012 kB
Shmem:             35436 kB
Slab:             121284 kB
SReclaimable:      39532 kB
SUnreclaim:        81752 kB
KernelStack:       33296 kB
PageTables:        55964 kB
NFS_Unstable:          0 kB
Bounce:                0 kB
WritebackTmp:          0 kB
CommitLimit:     2172840 kB
Committed_AS:   90332712 kB
VmallocTotal:   251658176 kB
VmallocUsed:      138916 kB
VmallocChunk:   251418156 kB
Time pass: 298 sec

---2015-12-05 14:07:44
MemTotal:        2905316 kB
MemFree:           70316 kB
Buffers:           25412 kB
Cached:          1026292 kB
SwapCached:            0 kB
Active:          1313988 kB
Inactive:         705640 kB
Active(anon):     812388 kB
Inactive(anon):   203804 kB
Active(file):     501600 kB
Inactive(file):   501836 kB
Unevictable:       12768 kB
Mlocked:               0 kB
SwapTotal:        720184 kB
SwapFree:         720156 kB
Dirty:                12 kB
Writeback:             0 kB
AnonPages:        980868 kB
Mapped:           689144 kB
Shmem:             35500 kB
Slab:             121284 kB
SReclaimable:      39532 kB
SUnreclaim:        81752 kB
KernelStack:       33232 kB
PageTables:        56040 kB
NFS_Unstable:          0 kB
Bounce:                0 kB
WritebackTmp:          0 kB
CommitLimit:     2172840 kB
Committed_AS:   90359260 kB
VmallocTotal:   251658176 kB
VmallocUsed:      138916 kB
VmallocChunk:   251418156 kB
Time pass: 302 sec

---2015-12-05 14:07:44
MemTotal:        2905316 kB
MemFree:           70264 kB
Buffers:           25412 kB
Cached:          1026304 kB
SwapCached:            0 kB
Active:          1314244 kB
Inactive:         705648 kB
Active(anon):     812640 kB
Inactive(anon):   203808 kB
Active(file):     501604 kB
Inactive(file):   501840 kB
Unevictable:       12768 kB
Mlocked:               0 kB
SwapTotal:        720184 kB
SwapFree:         720156 kB
Dirty:                20 kB
Writeback:             0 kB
AnonPages:        981152 kB
Mapped:           689152 kB
Shmem:             35504 kB
Slab:             121284 kB
SReclaimable:      39532 kB
SUnreclaim:        81752 kB
KernelStack:       33264 kB
PageTables:        56040 kB
NFS_Unstable:          0 kB
Bounce:                0 kB
WritebackTmp:          0 kB
CommitLimit:     2172840 kB
Committed_AS:   90359272 kB
VmallocTotal:   251658176 kB
VmallocUsed:      138916 kB
VmallocChunk:   251418156 kB
Time pass: 306 sec

---2015-12-05 14:07:44
MemTotal:        2905316 kB
MemFree:           70344 kB
Buffers:           25420 kB
Cached:          1026304 kB
SwapCached:            0 kB
Active:          1314348 kB
Inactive:         705656 kB
Active(anon):     812744 kB
Inactive(anon):   203808 kB
Active(file):     501604 kB
Inactive(file):   501848 kB
Unevictable:       12768 kB
Mlocked:               0 kB
SwapTotal:        720184 kB
SwapFree:         720156 kB
Dirty:                60 kB
Writeback:             0 kB
AnonPages:        981264 kB
Mapped:           689096 kB
Shmem:             35504 kB
Slab:             121284 kB
SReclaimable:      39532 kB
SUnreclaim:        81752 kB
KernelStack:       33264 kB
PageTables:        56020 kB
NFS_Unstable:          0 kB
Bounce:                0 kB
WritebackTmp:          0 kB
CommitLimit:     2172840 kB
Committed_AS:   90359260 kB
VmallocTotal:   251658176 kB
VmallocUsed:      138916 kB
VmallocChunk:   251418156 kB
Time pass: 309 sec

---2015-12-05 14:07:44
MemTotal:        2905316 kB
MemFree:           70240 kB
Buffers:           25428 kB
Cached:          1026296 kB
SwapCached:            0 kB
Active:          1314392 kB
Inactive:         705656 kB
Active(anon):     812788 kB
Inactive(anon):   203808 kB
Active(file):     501604 kB
Inactive(file):   501848 kB
Unevictable:       12768 kB
Mlocked:               0 kB
SwapTotal:        720184 kB
SwapFree:         720156 kB
Dirty:                 8 kB
Writeback:             0 kB
AnonPages:        981140 kB
Mapped:           689076 kB
Shmem:             35504 kB
Slab:             121284 kB
SReclaimable:      39532 kB
SUnreclaim:        81752 kB
KernelStack:       33248 kB
PageTables:        56020 kB
NFS_Unstable:          0 kB
Bounce:                0 kB
WritebackTmp:          0 kB
CommitLimit:     2172840 kB
Committed_AS:   90359256 kB
VmallocTotal:   251658176 kB
VmallocUsed:      138916 kB
VmallocChunk:   251418156 kB
Time pass: 313 sec

---2015-12-05 14:07:44
MemTotal:        2905316 kB
MemFree:           69076 kB
Buffers:           25444 kB
Cached:          1026340 kB
SwapCached:            0 kB
Active:          1315084 kB
Inactive:         705704 kB
Active(anon):     813468 kB
Inactive(anon):   203812 kB
Active(file):     501616 kB
Inactive(file):   501892 kB
Unevictable:       12768 kB
Mlocked:               0 kB
SwapTotal:        720184 kB
SwapFree:         720156 kB
Dirty:                96 kB
Writeback:             0 kB
AnonPages:        981964 kB
Mapped:           689172 kB
Shmem:             35508 kB
Slab:             121288 kB
SReclaimable:      39532 kB
SUnreclaim:        81756 kB
KernelStack:       33296 kB
PageTables:        56072 kB
NFS_Unstable:          0 kB
Bounce:                0 kB
WritebackTmp:          0 kB
CommitLimit:     2172840 kB
Committed_AS:   90359224 kB
VmallocTotal:   251658176 kB
VmallocUsed:      138916 kB
VmallocChunk:   251418156 kB
Time pass: 317 sec

---2015-12-05 14:07:44
MemTotal:        2905316 kB
MemFree:           68032 kB
Buffers:           25452 kB
Cached:          1026388 kB
SwapCached:            0 kB
Active:          1316132 kB
Inactive:         705748 kB
Active(anon):     814504 kB
Inactive(anon):   203816 kB
Active(file):     501628 kB
Inactive(file):   501932 kB
Unevictable:       12768 kB
Mlocked:               0 kB
SwapTotal:        720184 kB
SwapFree:         720156 kB
Dirty:               104 kB
Writeback:             0 kB
AnonPages:        982956 kB
Mapped:           689180 kB
Shmem:             35512 kB
Slab:             121284 kB
SReclaimable:      39532 kB
SUnreclaim:        81752 kB
KernelStack:       33200 kB
PageTables:        56044 kB
NFS_Unstable:          0 kB
Bounce:                0 kB
WritebackTmp:          0 kB
CommitLimit:     2172840 kB
Committed_AS:   90359212 kB
VmallocTotal:   251658176 kB
VmallocUsed:      138916 kB
VmallocChunk:   251418156 kB
Time pass: 320 sec

---2015-12-05 14:07:44
MemTotal:        2905316 kB
MemFree:           67840 kB
Buffers:           25460 kB
Cached:          1026420 kB
SwapCached:            0 kB
Active:          1316812 kB
Inactive:         705784 kB
Active(anon):     815184 kB
Inactive(anon):   203844 kB
Active(file):     501628 kB
Inactive(file):   501940 kB
Unevictable:       12768 kB
Mlocked:               0 kB
SwapTotal:        720184 kB
SwapFree:         720156 kB
Dirty:                44 kB
Writeback:             0 kB
AnonPages:        983616 kB
Mapped:           689228 kB
Shmem:             35540 kB
Slab:             121284 kB
SReclaimable:      39532 kB
SUnreclaim:        81752 kB
KernelStack:       33200 kB
PageTables:        56044 kB
NFS_Unstable:          0 kB
Bounce:                0 kB
WritebackTmp:          0 kB
CommitLimit:     2172840 kB
Committed_AS:   90359172 kB
VmallocTotal:   251658176 kB
VmallocUsed:      138916 kB
VmallocChunk:   251418156 kB
Time pass: 324 sec

---2015-12-05 14:07:44
MemTotal:        2905316 kB
MemFree:           66616 kB
Buffers:           25476 kB
Cached:          1026488 kB
SwapCached:            0 kB
Active:          1318380 kB
Inactive:         705852 kB
Active(anon):     816732 kB
Inactive(anon):   203844 kB
Active(file):     501648 kB
Inactive(file):   502008 kB
Unevictable:       12768 kB
Mlocked:               0 kB
SwapTotal:        720184 kB
SwapFree:         720156 kB
Dirty:                56 kB
Writeback:             0 kB
AnonPages:        985168 kB
Mapped:           689232 kB
Shmem:             35540 kB
Slab:             121284 kB
SReclaimable:      39532 kB
SUnreclaim:        81752 kB
KernelStack:       33200 kB
PageTables:        56044 kB
NFS_Unstable:          0 kB
Bounce:                0 kB
WritebackTmp:          0 kB
CommitLimit:     2172840 kB
Committed_AS:   90359172 kB
VmallocTotal:   251658176 kB
VmallocUsed:      138916 kB
VmallocChunk:   251418156 kB
Time pass: 328 sec

---2015-12-05 14:07:44
MemTotal:        2905316 kB
MemFree:           65548 kB
Buffers:           25484 kB
Cached:          1026492 kB
SwapCached:            0 kB
Active:          1319040 kB
Inactive:         705860 kB
Active(anon):     817388 kB
Inactive(anon):   203844 kB
Active(file):     501652 kB
Inactive(file):   502016 kB
Unevictable:       12768 kB
Mlocked:               0 kB
SwapTotal:        720184 kB
SwapFree:         720156 kB
Dirty:               112 kB
Writeback:             0 kB
AnonPages:        985584 kB
Mapped:           689248 kB
Shmem:             35540 kB
Slab:             121284 kB
SReclaimable:      39532 kB
SUnreclaim:        81752 kB
KernelStack:       33200 kB
PageTables:        56028 kB
NFS_Unstable:          0 kB
Bounce:                0 kB
WritebackTmp:          0 kB
CommitLimit:     2172840 kB
Committed_AS:   90385808 kB
VmallocTotal:   251658176 kB
VmallocUsed:      138916 kB
VmallocChunk:   251418156 kB
Time pass: 332 sec

---2015-12-05 14:07:44
MemTotal:        2905316 kB
MemFree:           64432 kB
Buffers:           25484 kB
Cached:          1026556 kB
SwapCached:            0 kB
Active:          1319152 kB
Inactive:         705920 kB
Active(anon):     817496 kB
Inactive(anon):   203904 kB
Active(file):     501656 kB
Inactive(file):   502016 kB
Unevictable:       12768 kB
Mlocked:               0 kB
SwapTotal:        720184 kB
SwapFree:         720156 kB
Dirty:                12 kB
Writeback:             0 kB
AnonPages:        985940 kB
Mapped:           689340 kB
Shmem:             35600 kB
Slab:             121284 kB
SReclaimable:      39532 kB
SUnreclaim:        81752 kB
KernelStack:       33200 kB
PageTables:        56096 kB
NFS_Unstable:          0 kB
Bounce:                0 kB
WritebackTmp:          0 kB
CommitLimit:     2172840 kB
Committed_AS:   90385784 kB
VmallocTotal:   251658176 kB
VmallocUsed:      138916 kB
VmallocChunk:   251418156 kB
Time pass: 335 sec

---2015-12-05 14:07:44
MemTotal:        2905316 kB
MemFree:           64340 kB
Buffers:           25508 kB
Cached:          1026588 kB
SwapCached:            0 kB
Active:          1319848 kB
Inactive:         705968 kB
Active(anon):     818188 kB
Inactive(anon):   203904 kB
Active(file):     501660 kB
Inactive(file):   502064 kB
Unevictable:       12768 kB
Mlocked:               0 kB
SwapTotal:        720184 kB
SwapFree:         720156 kB
Dirty:               108 kB
Writeback:             0 kB
AnonPages:        986516 kB
Mapped:           689344 kB
Shmem:             35604 kB
Slab:             121284 kB
SReclaimable:      39532 kB
SUnreclaim:        81752 kB
KernelStack:       33200 kB
PageTables:        56092 kB
NFS_Unstable:          0 kB
Bounce:                0 kB
WritebackTmp:          0 kB
CommitLimit:     2172840 kB
Committed_AS:   90385796 kB
VmallocTotal:   251658176 kB
VmallocUsed:      138916 kB
VmallocChunk:   251418156 kB
Time pass: 339 sec

---2015-12-05 14:07:44
MemTotal:        2905316 kB
MemFree:           64760 kB
Buffers:           25516 kB
Cached:          1026584 kB
SwapCached:            0 kB
Active:          1319440 kB
Inactive:         705972 kB
Active(anon):     817780 kB
Inactive(anon):   203908 kB
Active(file):     501660 kB
Inactive(file):   502064 kB
Unevictable:       12768 kB
Mlocked:               0 kB
SwapTotal:        720184 kB
SwapFree:         720156 kB
Dirty:                 0 kB
Writeback:             0 kB
AnonPages:        986112 kB
Mapped:           689348 kB
Shmem:             35604 kB
Slab:             121284 kB
SReclaimable:      39532 kB
SUnreclaim:        81752 kB
KernelStack:       33200 kB
PageTables:        56096 kB
NFS_Unstable:          0 kB
Bounce:                0 kB
WritebackTmp:          0 kB
CommitLimit:     2172840 kB
Committed_AS:   90386028 kB
VmallocTotal:   251658176 kB
VmallocUsed:      138916 kB
VmallocChunk:   251418156 kB
Time pass: 343 sec

---2015-12-05 14:07:44
MemTotal:        2905316 kB
MemFree:           64308 kB
Buffers:           25516 kB
Cached:          1026592 kB
SwapCached:            0 kB
Active:          1319508 kB
Inactive:         705980 kB
Active(anon):     817844 kB
Inactive(anon):   203908 kB
Active(file):     501664 kB
Inactive(file):   502072 kB
Unevictable:       12768 kB
Mlocked:               0 kB
SwapTotal:        720184 kB
SwapFree:         720156 kB
Dirty:                60 kB
Writeback:             0 kB
AnonPages:        986280 kB
Mapped:           689356 kB
Shmem:             35604 kB
Slab:             121284 kB
SReclaimable:      39532 kB
SUnreclaim:        81752 kB
KernelStack:       33200 kB
PageTables:        56096 kB
NFS_Unstable:          0 kB
Bounce:                0 kB
WritebackTmp:          0 kB
CommitLimit:     2172840 kB
Committed_AS:   90386064 kB
VmallocTotal:   251658176 kB
VmallocUsed:      138916 kB
VmallocChunk:   251418156 kB
Time pass: 347 sec

---2015-12-05 14:07:44
MemTotal:        2905316 kB
MemFree:           63640 kB
Buffers:           25540 kB
Cached:          1026628 kB
SwapCached:            0 kB
Active:          1320332 kB
Inactive:         706004 kB
Active(anon):     818668 kB
Inactive(anon):   203908 kB
Active(file):     501664 kB
Inactive(file):   502096 kB
Unevictable:       12768 kB
Mlocked:               0 kB
SwapTotal:        720184 kB
SwapFree:         720156 kB
Dirty:               108 kB
Writeback:             0 kB
AnonPages:        987000 kB
Mapped:           689364 kB
Shmem:             35604 kB
Slab:             121284 kB
SReclaimable:      39532 kB
SUnreclaim:        81752 kB
KernelStack:       33184 kB
PageTables:        56096 kB
NFS_Unstable:          0 kB
Bounce:                0 kB
WritebackTmp:          0 kB
CommitLimit:     2172840 kB
Committed_AS:   90386040 kB
VmallocTotal:   251658176 kB
VmallocUsed:      138916 kB
VmallocChunk:   251418156 kB
Time pass: 350 sec

---2015-12-05 14:07:44
MemTotal:        2905316 kB
MemFree:           68440 kB
Buffers:           25516 kB
Cached:          1022916 kB
SwapCached:            0 kB
Active:          1318152 kB
Inactive:         704780 kB
Active(anon):     818092 kB
Inactive(anon):   204784 kB
Active(file):     500060 kB
Inactive(file):   499996 kB
Unevictable:       12768 kB
Mlocked:               0 kB
SwapTotal:        720184 kB
SwapFree:         720156 kB
Dirty:                12 kB
Writeback:             0 kB
AnonPages:        987400 kB
Mapped:           686232 kB
Shmem:             35608 kB
Slab:             121220 kB
SReclaimable:      39468 kB
SUnreclaim:        81752 kB
KernelStack:       33232 kB
PageTables:        56096 kB
NFS_Unstable:          0 kB
Bounce:                0 kB
WritebackTmp:          0 kB
CommitLimit:     2172840 kB
Committed_AS:   90386068 kB
VmallocTotal:   251658176 kB
VmallocUsed:      138916 kB
VmallocChunk:   251418156 kB
Time pass: 354 sec

---2015-12-05 14:07:44
MemTotal:        2905316 kB
MemFree:           67952 kB
Buffers:           25524 kB
Cached:          1023280 kB
SwapCached:            0 kB
Active:          1318440 kB
Inactive:         705132 kB
Active(anon):     818360 kB
Inactive(anon):   204784 kB
Active(file):     500080 kB
Inactive(file):   500348 kB
Unevictable:       12768 kB
Mlocked:               0 kB
SwapTotal:        720184 kB
SwapFree:         720156 kB
Dirty:                96 kB
Writeback:             0 kB
AnonPages:        987664 kB
Mapped:           686348 kB
Shmem:             35608 kB
Slab:             121220 kB
SReclaimable:      39468 kB
SUnreclaim:        81752 kB
KernelStack:       33296 kB
PageTables:        56096 kB
NFS_Unstable:          0 kB
Bounce:                0 kB
WritebackTmp:          0 kB
CommitLimit:     2172840 kB
Committed_AS:   90386152 kB
VmallocTotal:   251658176 kB
VmallocUsed:      138916 kB
VmallocChunk:   251418156 kB
Time pass: 358 sec

---2015-12-05 14:07:44
MemTotal:        2905316 kB
MemFree:           66844 kB
Buffers:           25548 kB
Cached:          1023304 kB
SwapCached:            0 kB
Active:          1319752 kB
Inactive:         705172 kB
Active(anon):     819672 kB
Inactive(anon):   204816 kB
Active(file):     500080 kB
Inactive(file):   500356 kB
Unevictable:       12768 kB
Mlocked:               0 kB
SwapTotal:        720184 kB
SwapFree:         720156 kB
Dirty:                 8 kB
Writeback:             8 kB
AnonPages:        988788 kB
Mapped:           686360 kB
Shmem:             35648 kB
Slab:             121220 kB
SReclaimable:      39468 kB
SUnreclaim:        81752 kB
KernelStack:       33280 kB
PageTables:        56108 kB
NFS_Unstable:          0 kB
Bounce:                0 kB
WritebackTmp:          0 kB
CommitLimit:     2172840 kB
Committed_AS:   90412804 kB
VmallocTotal:   251658176 kB
VmallocUsed:      138916 kB
VmallocChunk:   251418156 kB
Time pass: 362 sec

---2015-12-05 14:07:44
MemTotal:        2905316 kB
MemFree:           65824 kB
Buffers:           25548 kB
Cached:          1023416 kB
SwapCached:            0 kB
Active:          1320380 kB
Inactive:         705272 kB
Active(anon):     820288 kB
Inactive(anon):   204852 kB
Active(file):     500092 kB
Inactive(file):   500420 kB
Unevictable:       12768 kB
Mlocked:               0 kB
SwapTotal:        720184 kB
SwapFree:         720156 kB
Dirty:                 8 kB
Writeback:             0 kB
AnonPages:        989384 kB
Mapped:           686444 kB
Shmem:             35684 kB
Slab:             121220 kB
SReclaimable:      39468 kB
SUnreclaim:        81752 kB
KernelStack:       33264 kB
PageTables:        56140 kB
NFS_Unstable:          0 kB
Bounce:                0 kB
WritebackTmp:          0 kB
CommitLimit:     2172840 kB
Committed_AS:   90412764 kB
VmallocTotal:   251658176 kB
VmallocUsed:      138916 kB
VmallocChunk:   251418156 kB
Time pass: 365 sec

---2015-12-05 14:07:44
MemTotal:        2905316 kB
MemFree:           66408 kB
Buffers:           25556 kB
Cached:          1023436 kB
SwapCached:            0 kB
Active:          1320088 kB
Inactive:         705304 kB
Active(anon):     819992 kB
Inactive(anon):   204876 kB
Active(file):     500096 kB
Inactive(file):   500428 kB
Unevictable:       12768 kB
Mlocked:               0 kB
SwapTotal:        720184 kB
SwapFree:         720156 kB
Dirty:                64 kB
Writeback:             0 kB
AnonPages:        989264 kB
Mapped:           686404 kB
Shmem:             35700 kB
Slab:             121220 kB
SReclaimable:      39468 kB
SUnreclaim:        81752 kB
KernelStack:       33264 kB
PageTables:        56132 kB
NFS_Unstable:          0 kB
Bounce:                0 kB
WritebackTmp:          0 kB
CommitLimit:     2172840 kB
Committed_AS:   90412800 kB
VmallocTotal:   251658176 kB
VmallocUsed:      138916 kB
VmallocChunk:   251418156 kB
Time pass: 369 sec

---2015-12-05 14:07:44
MemTotal:        2905316 kB
MemFree:           65776 kB
Buffers:           25564 kB
Cached:          1023428 kB
SwapCached:            0 kB
Active:          1320476 kB
Inactive:         705304 kB
Active(anon):     820380 kB
Inactive(anon):   204876 kB
Active(file):     500096 kB
Inactive(file):   500428 kB
Unevictable:       12768 kB
Mlocked:               0 kB
SwapTotal:        720184 kB
SwapFree:         720156 kB
Dirty:                64 kB
Writeback:             0 kB
AnonPages:        989420 kB
Mapped:           686472 kB
Shmem:             35700 kB
Slab:             121224 kB
SReclaimable:      39468 kB
SUnreclaim:        81756 kB
KernelStack:       33232 kB
PageTables:        56156 kB
NFS_Unstable:          0 kB
Bounce:                0 kB
WritebackTmp:          0 kB
CommitLimit:     2172840 kB
Committed_AS:   90412788 kB
VmallocTotal:   251658176 kB
VmallocUsed:      138916 kB
VmallocChunk:   251418156 kB
Time pass: 373 sec

---2015-12-05 14:07:44
MemTotal:        2905316 kB
MemFree:           65436 kB
Buffers:           25580 kB
Cached:          1023468 kB
SwapCached:            0 kB
Active:          1321112 kB
Inactive:         705356 kB
Active(anon):     821012 kB
Inactive(anon):   204876 kB
Active(file):     500100 kB
Inactive(file):   500480 kB
Unevictable:       12768 kB
Mlocked:               0 kB
SwapTotal:        720184 kB
SwapFree:         720156 kB
Dirty:                20 kB
Writeback:             0 kB
AnonPages:        990080 kB
Mapped:           686472 kB
Shmem:             35700 kB
Slab:             121224 kB
SReclaimable:      39468 kB
SUnreclaim:        81756 kB
KernelStack:       33264 kB
PageTables:        56152 kB
NFS_Unstable:          0 kB
Bounce:                0 kB
WritebackTmp:          0 kB
CommitLimit:     2172840 kB
Committed_AS:   90412824 kB
VmallocTotal:   251658176 kB
VmallocUsed:      138916 kB
VmallocChunk:   251418156 kB
Time pass: 377 sec

---2015-12-05 14:07:44
MemTotal:        2905316 kB
MemFree:           65276 kB
Buffers:           25588 kB
Cached:          1023468 kB
SwapCached:            0 kB
Active:          1320836 kB
Inactive:         705360 kB
Active(anon):     820732 kB
Inactive(anon):   204876 kB
Active(file):     500104 kB
Inactive(file):   500484 kB
Unevictable:       12768 kB
Mlocked:               0 kB
SwapTotal:        720184 kB
SwapFree:         720156 kB
Dirty:                48 kB
Writeback:             0 kB
AnonPages:        990020 kB
Mapped:           686424 kB
Shmem:             35700 kB
Slab:             121224 kB
SReclaimable:      39468 kB
SUnreclaim:        81756 kB
KernelStack:       33264 kB
PageTables:        56128 kB
NFS_Unstable:          0 kB
Bounce:                0 kB
WritebackTmp:          0 kB
CommitLimit:     2172840 kB
Committed_AS:   90412776 kB
VmallocTotal:   251658176 kB
VmallocUsed:      138916 kB
VmallocChunk:   251418156 kB
Time pass: 381 sec

---2015-12-05 14:07:44
MemTotal:        2905316 kB
MemFree:           65004 kB
Buffers:           25596 kB
Cached:          1023472 kB
SwapCached:            0 kB
Active:          1320992 kB
Inactive:         705372 kB
Active(anon):     820888 kB
Inactive(anon):   204876 kB
Active(file):     500104 kB
Inactive(file):   500496 kB
Unevictable:       12768 kB
Mlocked:               0 kB
SwapTotal:        720184 kB
SwapFree:         720156 kB
Dirty:                20 kB
Writeback:             0 kB
AnonPages:        990204 kB
Mapped:           686428 kB
Shmem:             35700 kB
Slab:             121224 kB
SReclaimable:      39468 kB
SUnreclaim:        81756 kB
KernelStack:       33264 kB
PageTables:        56128 kB
NFS_Unstable:          0 kB
Bounce:                0 kB
WritebackTmp:          0 kB
CommitLimit:     2172840 kB
Committed_AS:   90412776 kB
VmallocTotal:   251658176 kB
VmallocUsed:      138916 kB
VmallocChunk:   251418156 kB
Time pass: 384 sec

---2015-12-05 14:07:44
MemTotal:        2905316 kB
MemFree:           64240 kB
Buffers:           25612 kB
Cached:          1023504 kB
SwapCached:            0 kB
Active:          1321788 kB
Inactive:         705412 kB
