---2015-10-26 11:04:01
MemTotal:        1420824 kB
MemFree:          136200 kB
Buffers:           63628 kB
Cached:           552008 kB
SwapCached:         1296 kB
Active:           551044 kB
Inactive:         481908 kB
Active(anon):     181820 kB
Inactive(anon):   236740 kB
Active(file):     369224 kB
Inactive(file):   245168 kB
Unevictable:         928 kB
Mlocked:               0 kB
HighTotal:       1001472 kB
HighFree:          51776 kB
LowTotal:         419352 kB
LowFree:           84424 kB
SwapTotal:        786428 kB
SwapFree:         761636 kB
Dirty:                40 kB
Writeback:             0 kB
AnonPages:        417100 kB
Mapped:           165408 kB
Shmem:               316 kB
Slab:              51300 kB
SReclaimable:      20708 kB
SUnreclaim:        30592 kB
KernelStack:        9512 kB
PageTables:        15356 kB
NFS_Unstable:          0 kB
Bounce:                0 kB
WritebackTmp:          0 kB
CommitLimit:     1496840 kB
Committed_AS:   21553340 kB
VmallocTotal:     458752 kB
VmallocUsed:       84076 kB
VmallocChunk:     225308 kB
Time pass: 3 sec

---2015-10-26 11:04:01
MemTotal:        1420824 kB
MemFree:          136088 kB
Buffers:           63628 kB
Cached:           552008 kB
SwapCached:         1296 kB
Active:           551080 kB
Inactive:         481908 kB
Active(anon):     181856 kB
Inactive(anon):   236740 kB
Active(file):     369224 kB
Inactive(file):   245168 kB
Unevictable:         928 kB
Mlocked:               0 kB
HighTotal:       1001472 kB
HighFree:          51664 kB
LowTotal:         419352 kB
LowFree:           84424 kB
SwapTotal:        786428 kB
SwapFree:         761636 kB
Dirty:                 0 kB
Writeback:             0 kB
AnonPages:        417128 kB
Mapped:           165448 kB
Shmem:               316 kB
Slab:              51300 kB
SReclaimable:      20708 kB
SUnreclaim:        30592 kB
KernelStack:        9528 kB
PageTables:        15372 kB
NFS_Unstable:          0 kB
Bounce:                0 kB
WritebackTmp:          0 kB
CommitLimit:     1496840 kB
Committed_AS:   21553340 kB
VmallocTotal:     458752 kB
VmallocUsed:       84076 kB
VmallocChunk:     225308 kB
Time pass: 6 sec

---2015-10-26 11:04:01
MemTotal:        1420824 kB
MemFree:          135964 kB
Buffers:           63628 kB
Cached:           552008 kB
SwapCached:         1296 kB
Active:           551116 kB
Inactive:         481908 kB
Active(anon):     181892 kB
Inactive(anon):   236740 kB
Active(file):     369224 kB
Inactive(file):   245168 kB
Unevictable:         928 kB
Mlocked:               0 kB
HighTotal:       1001472 kB
HighFree:          51540 kB
LowTotal:         419352 kB
LowFree:           84424 kB
SwapTotal:        786428 kB
SwapFree:         761636 kB
Dirty:                 0 kB
Writeback:             0 kB
AnonPages:        417164 kB
Mapped:           165448 kB
Shmem:               316 kB
Slab:              51300 kB
SReclaimable:      20708 kB
SUnreclaim:        30592 kB
KernelStack:        9528 kB
PageTables:        15372 kB
NFS_Unstable:          0 kB
Bounce:                0 kB
WritebackTmp:          0 kB
CommitLimit:     1496840 kB
Committed_AS:   21553340 kB
VmallocTotal:     458752 kB
VmallocUsed:       84076 kB
VmallocChunk:     225308 kB
Time pass: 10 sec

---2015-10-26 11:04:01
MemTotal:        1420824 kB
MemFree:          135964 kB
Buffers:           63628 kB
Cached:           552008 kB
SwapCached:         1296 kB
Active:           551140 kB
Inactive:         481908 kB
Active(anon):     181916 kB
Inactive(anon):   236740 kB
Active(file):     369224 kB
Inactive(file):   245168 kB
Unevictable:         928 kB
Mlocked:               0 kB
HighTotal:       1001472 kB
HighFree:          51540 kB
LowTotal:         419352 kB
LowFree:           84424 kB
SwapTotal:        786428 kB
SwapFree:         761636 kB
Dirty:                 0 kB
Writeback:             0 kB
AnonPages:        417188 kB
Mapped:           165448 kB
Shmem:               316 kB
Slab:              51300 kB
SReclaimable:      20708 kB
SUnreclaim:        30592 kB
KernelStack:        9528 kB
PageTables:        15372 kB
NFS_Unstable:          0 kB
Bounce:                0 kB
WritebackTmp:          0 kB
CommitLimit:     1496840 kB
Committed_AS:   21553340 kB
VmallocTotal:     458752 kB
VmallocUsed:       84076 kB
VmallocChunk:     225308 kB
Time pass: 13 sec

---2015-10-26 11:04:01
MemTotal:        1420824 kB
MemFree:          135964 kB
Buffers:           63628 kB
Cached:           552008 kB
SwapCached:         1296 kB
Active:           551136 kB
Inactive:         481908 kB
Active(anon):     181912 kB
Inactive(anon):   236740 kB
Active(file):     369224 kB
Inactive(file):   245168 kB
Unevictable:         928 kB
Mlocked:               0 kB
HighTotal:       1001472 kB
HighFree:          51540 kB
LowTotal:         419352 kB
LowFree:           84424 kB
SwapTotal:        786428 kB
SwapFree:         761636 kB
Dirty:                 0 kB
Writeback:             0 kB
AnonPages:        417200 kB
Mapped:           165448 kB
Shmem:               316 kB
Slab:              51300 kB
SReclaimable:      20708 kB
SUnreclaim:        30592 kB
KernelStack:        9528 kB
PageTables:        15372 kB
NFS_Unstable:          0 kB
Bounce:                0 kB
WritebackTmp:          0 kB
CommitLimit:     1496840 kB
Committed_AS:   21553340 kB
VmallocTotal:     458752 kB
VmallocUsed:       84076 kB
VmallocChunk:     225308 kB
Time pass: 17 sec

---2015-10-26 11:04:01
MemTotal:        1420824 kB
MemFree:          135964 kB
Buffers:           63628 kB
Cached:           552008 kB
SwapCached:         1296 kB
Active:           551188 kB
Inactive:         481908 kB
Active(anon):     181964 kB
Inactive(anon):   236740 kB
Active(file):     369224 kB
Inactive(file):   245168 kB
Unevictable:         928 kB
Mlocked:               0 kB
HighTotal:       1001472 kB
HighFree:          51540 kB
LowTotal:         419352 kB
LowFree:           84424 kB
SwapTotal:        786428 kB
SwapFree:         761636 kB
Dirty:                 0 kB
Writeback:             0 kB
AnonPages:        417252 kB
Mapped:           165448 kB
Shmem:               316 kB
Slab:              51300 kB
SReclaimable:      20708 kB
SUnreclaim:        30592 kB
KernelStack:        9528 kB
PageTables:        15372 kB
NFS_Unstable:          0 kB
Bounce:                0 kB
WritebackTmp:          0 kB
CommitLimit:     1496840 kB
Committed_AS:   21553340 kB
VmallocTotal:     458752 kB
VmallocUsed:       84076 kB
VmallocChunk:     225308 kB
Time pass: 21 sec

---2015-10-26 11:04:01
MemTotal:        1420824 kB
MemFree:          135752 kB
Buffers:           63628 kB
Cached:           552008 kB
SwapCached:         1296 kB
Active:           551232 kB
Inactive:         481908 kB
Active(anon):     182008 kB
Inactive(anon):   236740 kB
Active(file):     369224 kB
Inactive(file):   245168 kB
Unevictable:         928 kB
Mlocked:               0 kB
HighTotal:       1001472 kB
HighFree:          51328 kB
LowTotal:         419352 kB
LowFree:           84424 kB
SwapTotal:        786428 kB
SwapFree:         761636 kB
Dirty:                 0 kB
Writeback:             0 kB
AnonPages:        417296 kB
Mapped:           165448 kB
Shmem:               316 kB
Slab:              51300 kB
SReclaimable:      20708 kB
SUnreclaim:        30592 kB
KernelStack:        9528 kB
PageTables:        15372 kB
NFS_Unstable:          0 kB
Bounce:                0 kB
WritebackTmp:          0 kB
CommitLimit:     1496840 kB
Committed_AS:   21553340 kB
VmallocTotal:     458752 kB
VmallocUsed:       84076 kB
VmallocChunk:     225308 kB
Time pass: 24 sec

---2015-10-26 11:04:01
MemTotal:        1420824 kB
MemFree:          135780 kB
Buffers:           63628 kB
Cached:           552008 kB
SwapCached:         1296 kB
Active:           551280 kB
Inactive:         481908 kB
Active(anon):     182056 kB
Inactive(anon):   236740 kB
Active(file):     369224 kB
Inactive(file):   245168 kB
Unevictable:         928 kB
Mlocked:               0 kB
HighTotal:       1001472 kB
HighFree:          51356 kB
LowTotal:         419352 kB
LowFree:           84424 kB
SwapTotal:        786428 kB
SwapFree:         761636 kB
Dirty:                 0 kB
Writeback:             0 kB
AnonPages:        417328 kB
Mapped:           165448 kB
Shmem:               316 kB
Slab:              51300 kB
SReclaimable:      20708 kB
SUnreclaim:        30592 kB
KernelStack:        9528 kB
PageTables:        15372 kB
NFS_Unstable:          0 kB
Bounce:                0 kB
WritebackTmp:          0 kB
CommitLimit:     1496840 kB
Committed_AS:   21553340 kB
VmallocTotal:     458752 kB
VmallocUsed:       84076 kB
VmallocChunk:     225308 kB
Time pass: 28 sec

---2015-10-26 11:04:01
MemTotal:        1420824 kB
MemFree:          135768 kB
Buffers:           63628 kB
Cached:           552008 kB
SwapCached:         1296 kB
Active:           551292 kB
Inactive:         481908 kB
Active(anon):     182068 kB
Inactive(anon):   236740 kB
Active(file):     369224 kB
Inactive(file):   245168 kB
Unevictable:         928 kB
Mlocked:               0 kB
HighTotal:       1001472 kB
HighFree:          51344 kB
LowTotal:         419352 kB
LowFree:           84424 kB
SwapTotal:        786428 kB
SwapFree:         761636 kB
Dirty:                 0 kB
Writeback:             0 kB
AnonPages:        417340 kB
Mapped:           165448 kB
Shmem:               316 kB
Slab:              51300 kB
SReclaimable:      20708 kB
SUnreclaim:        30592 kB
KernelStack:        9528 kB
PageTables:        15372 kB
NFS_Unstable:          0 kB
Bounce:                0 kB
WritebackTmp:          0 kB
CommitLimit:     1496840 kB
Committed_AS:   21553340 kB
VmallocTotal:     458752 kB
VmallocUsed:       84076 kB
VmallocChunk:     225308 kB
Time pass: 31 sec

---2015-10-26 11:04:01
MemTotal:        1420824 kB
MemFree:          136000 kB
Buffers:           63628 kB
Cached:           552008 kB
SwapCached:         1296 kB
Active:           551080 kB
Inactive:         481896 kB
Active(anon):     181856 kB
Inactive(anon):   236728 kB
Active(file):     369224 kB
Inactive(file):   245168 kB
Unevictable:         928 kB
Mlocked:               0 kB
HighTotal:       1001472 kB
HighFree:          51576 kB
LowTotal:         419352 kB
LowFree:           84424 kB
SwapTotal:        786428 kB
SwapFree:         761636 kB
Dirty:                 0 kB
Writeback:             0 kB
AnonPages:        417116 kB
Mapped:           165448 kB
Shmem:               316 kB
Slab:              51300 kB
SReclaimable:      20708 kB
SUnreclaim:        30592 kB
KernelStack:        9528 kB
PageTables:        15372 kB
NFS_Unstable:          0 kB
Bounce:                0 kB
WritebackTmp:          0 kB
CommitLimit:     1496840 kB
Committed_AS:   21553340 kB
VmallocTotal:     458752 kB
VmallocUsed:       84076 kB
VmallocChunk:     225308 kB
Time pass: 35 sec

---2015-10-26 11:04:01
MemTotal:        1420824 kB
MemFree:          136032 kB
Buffers:           63628 kB
Cached:           552008 kB
SwapCached:         1296 kB
Active:           551084 kB
Inactive:         481896 kB
Active(anon):     181860 kB
Inactive(anon):   236728 kB
Active(file):     369224 kB
Inactive(file):   245168 kB
Unevictable:         928 kB
Mlocked:               0 kB
HighTotal:       1001472 kB
HighFree:          51608 kB
LowTotal:         419352 kB
LowFree:           84424 kB
SwapTotal:        786428 kB
SwapFree:         761636 kB
Dirty:                 0 kB
Writeback:             0 kB
AnonPages:        417136 kB
Mapped:           165448 kB
Shmem:               316 kB
Slab:              51300 kB
SReclaimable:      20708 kB
SUnreclaim:        30592 kB
KernelStack:        9528 kB
PageTables:        15372 kB
NFS_Unstable:          0 kB
Bounce:                0 kB
WritebackTmp:          0 kB
CommitLimit:     1496840 kB
Committed_AS:   21553340 kB
VmallocTotal:     458752 kB
VmallocUsed:       84076 kB
VmallocChunk:     225308 kB
Time pass: 38 sec

---2015-10-26 11:04:01
MemTotal:        1420824 kB
MemFree:          135908 kB
Buffers:           63628 kB
Cached:           552008 kB
SwapCached:         1296 kB
Active:           551112 kB
Inactive:         481896 kB
Active(anon):     181888 kB
Inactive(anon):   236728 kB
Active(file):     369224 kB
Inactive(file):   245168 kB
Unevictable:         928 kB
Mlocked:               0 kB
HighTotal:       1001472 kB
HighFree:          51484 kB
LowTotal:         419352 kB
LowFree:           84424 kB
SwapTotal:        786428 kB
SwapFree:         761636 kB
Dirty:                 0 kB
Writeback:             0 kB
AnonPages:        417148 kB
Mapped:           165448 kB
Shmem:               316 kB
Slab:              51300 kB
SReclaimable:      20708 kB
SUnreclaim:        30592 kB
KernelStack:        9528 kB
PageTables:        15372 kB
NFS_Unstable:          0 kB
Bounce:                0 kB
WritebackTmp:          0 kB
CommitLimit:     1496840 kB
Committed_AS:   21553340 kB
VmallocTotal:     458752 kB
VmallocUsed:       84076 kB
VmallocChunk:     225308 kB
Time pass: 42 sec

---2015-10-26 11:04:01
MemTotal:        1420824 kB
MemFree:          135940 kB
Buffers:           63628 kB
Cached:           552008 kB
SwapCached:         1296 kB
Active:           551112 kB
Inactive:         481896 kB
Active(anon):     181888 kB
Inactive(anon):   236728 kB
Active(file):     369224 kB
Inactive(file):   245168 kB
Unevictable:         928 kB
Mlocked:               0 kB
HighTotal:       1001472 kB
HighFree:          51484 kB
LowTotal:         419352 kB
LowFree:           84456 kB
SwapTotal:        786428 kB
SwapFree:         761636 kB
Dirty:                 0 kB
Writeback:             0 kB
AnonPages:        417156 kB
Mapped:           165408 kB
Shmem:               316 kB
Slab:              51268 kB
SReclaimable:      20708 kB
SUnreclaim:        30560 kB
KernelStack:        9512 kB
PageTables:        15356 kB
NFS_Unstable:          0 kB
Bounce:                0 kB
WritebackTmp:          0 kB
CommitLimit:     1496840 kB
Committed_AS:   21553340 kB
VmallocTotal:     458752 kB
VmallocUsed:       84076 kB
VmallocChunk:     225308 kB
Time pass: 46 sec

---2015-10-26 11:04:01
MemTotal:        1420824 kB
MemFree:          135940 kB
Buffers:           63628 kB
Cached:           552008 kB
SwapCached:         1296 kB
Active:           551148 kB
Inactive:         481896 kB
Active(anon):     181924 kB
Inactive(anon):   236728 kB
Active(file):     369224 kB
Inactive(file):   245168 kB
Unevictable:         928 kB
Mlocked:               0 kB
HighTotal:       1001472 kB
HighFree:          51484 kB
LowTotal:         419352 kB
LowFree:           84456 kB
SwapTotal:        786428 kB
SwapFree:         761636 kB
Dirty:                 0 kB
Writeback:             0 kB
AnonPages:        417184 kB
Mapped:           165460 kB
Shmem:               316 kB
Slab:              51268 kB
SReclaimable:      20708 kB
SUnreclaim:        30560 kB
KernelStack:        9528 kB
PageTables:        15368 kB
NFS_Unstable:          0 kB
Bounce:                0 kB
WritebackTmp:          0 kB
CommitLimit:     1496840 kB
Committed_AS:   21553340 kB
VmallocTotal:     458752 kB
VmallocUsed:       84076 kB
VmallocChunk:     225308 kB
Time pass: 49 sec

---2015-10-26 11:04:01
MemTotal:        1420824 kB
MemFree:          135876 kB
Buffers:           63628 kB
Cached:           552008 kB
SwapCached:         1296 kB
Active:           551160 kB
Inactive:         481896 kB
Active(anon):     181936 kB
Inactive(anon):   236728 kB
Active(file):     369224 kB
Inactive(file):   245168 kB
Unevictable:         928 kB
Mlocked:               0 kB
HighTotal:       1001472 kB
HighFree:          51484 kB
LowTotal:         419352 kB
LowFree:           84392 kB
SwapTotal:        786428 kB
SwapFree:         761636 kB
Dirty:                 0 kB
Writeback:             0 kB
AnonPages:        417196 kB
Mapped:           165456 kB
Shmem:               316 kB
Slab:              51332 kB
SReclaimable:      20708 kB
SUnreclaim:        30624 kB
KernelStack:        9528 kB
PageTables:        15372 kB
NFS_Unstable:          0 kB
Bounce:                0 kB
WritebackTmp:          0 kB
CommitLimit:     1496840 kB
Committed_AS:   21553340 kB
VmallocTotal:     458752 kB
VmallocUsed:       84076 kB
VmallocChunk:     225308 kB
Time pass: 53 sec

---2015-10-26 11:04:01
MemTotal:        1420824 kB
MemFree:          135880 kB
Buffers:           63628 kB
Cached:           552008 kB
SwapCached:         1296 kB
Active:           551164 kB
Inactive:         481892 kB
Active(anon):     181936 kB
Inactive(anon):   236728 kB
Active(file):     369228 kB
Inactive(file):   245164 kB
Unevictable:         928 kB
Mlocked:               0 kB
HighTotal:       1001472 kB
HighFree:          51488 kB
LowTotal:         419352 kB
LowFree:           84392 kB
SwapTotal:        786428 kB
SwapFree:         761636 kB
Dirty:                 4 kB
Writeback:             0 kB
AnonPages:        417196 kB
Mapped:           165456 kB
Shmem:               316 kB
Slab:              51332 kB
SReclaimable:      20708 kB
SUnreclaim:        30624 kB
KernelStack:        9528 kB
PageTables:        15372 kB
NFS_Unstable:          0 kB
Bounce:                0 kB
WritebackTmp:          0 kB
CommitLimit:     1496840 kB
Committed_AS:   21553340 kB
VmallocTotal:     458752 kB
VmallocUsed:       84076 kB
VmallocChunk:     225308 kB
Time pass: 57 sec

---2015-10-26 11:04:01
MemTotal:        1420824 kB
MemFree:          135880 kB
Buffers:           63628 kB
Cached:           552008 kB
SwapCached:         1296 kB
Active:           551176 kB
Inactive:         481892 kB
Active(anon):     181948 kB
Inactive(anon):   236728 kB
Active(file):     369228 kB
Inactive(file):   245164 kB
Unevictable:         928 kB
Mlocked:               0 kB
HighTotal:       1001472 kB
HighFree:          51488 kB
LowTotal:         419352 kB
LowFree:           84392 kB
SwapTotal:        786428 kB
SwapFree:         761636 kB
Dirty:                 0 kB
Writeback:             0 kB
AnonPages:        417208 kB
Mapped:           165456 kB
Shmem:               316 kB
Slab:              51332 kB
SReclaimable:      20708 kB
SUnreclaim:        30624 kB
KernelStack:        9528 kB
PageTables:        15372 kB
NFS_Unstable:          0 kB
Bounce:                0 kB
WritebackTmp:          0 kB
CommitLimit:     1496840 kB
Committed_AS:   21553340 kB
VmallocTotal:     458752 kB
VmallocUsed:       84076 kB
VmallocChunk:     225308 kB
Time pass: 60 sec

---2015-10-26 11:04:01
MemTotal:        1420824 kB
MemFree:          135880 kB
Buffers:           63628 kB
Cached:           552008 kB
SwapCached:         1296 kB
Active:           551168 kB
Inactive:         481892 kB
Active(anon):     181940 kB
Inactive(anon):   236728 kB
Active(file):     369228 kB
Inactive(file):   245164 kB
Unevictable:         928 kB
Mlocked:               0 kB
HighTotal:       1001472 kB
HighFree:          51488 kB
LowTotal:         419352 kB
LowFree:           84392 kB
SwapTotal:        786428 kB
SwapFree:         761636 kB
Dirty:                 0 kB
Writeback:             0 kB
AnonPages:        417200 kB
Mapped:           165456 kB
Shmem:               316 kB
Slab:              51332 kB
SReclaimable:      20708 kB
SUnreclaim:        30624 kB
KernelStack:        9528 kB
PageTables:        15372 kB
NFS_Unstable:          0 kB
Bounce:                0 kB
WritebackTmp:          0 kB
CommitLimit:     1496840 kB
Committed_AS:   21553340 kB
VmallocTotal:     458752 kB
VmallocUsed:       84076 kB
VmallocChunk:     225308 kB
Time pass: 64 sec

---2015-10-26 11:04:01
MemTotal:        1420824 kB
MemFree:          135880 kB
Buffers:           63628 kB
Cached:           552008 kB
SwapCached:         1296 kB
Active:           551148 kB
Inactive:         481892 kB
Active(anon):     181920 kB
Inactive(anon):   236728 kB
Active(file):     369228 kB
Inactive(file):   245164 kB
Unevictable:         928 kB
Mlocked:               0 kB
HighTotal:       1001472 kB
HighFree:          51488 kB
LowTotal:         419352 kB
LowFree:           84392 kB
SwapTotal:        786428 kB
SwapFree:         761636 kB
Dirty:                 0 kB
Writeback:             0 kB
AnonPages:        417192 kB
Mapped:           165456 kB
Shmem:               316 kB
Slab:              51332 kB
SReclaimable:      20708 kB
SUnreclaim:        30624 kB
KernelStack:        9528 kB
PageTables:        15372 kB
NFS_Unstable:          0 kB
Bounce:                0 kB
WritebackTmp:          0 kB
CommitLimit:     1496840 kB
Committed_AS:   21553340 kB
VmallocTotal:     458752 kB
VmallocUsed:       84076 kB
VmallocChunk:     225308 kB
Time pass: 68 sec

---2015-10-26 11:04:01
MemTotal:        1420824 kB
MemFree:          135880 kB
Buffers:           63628 kB
Cached:           552008 kB
SwapCached:         1296 kB
Active:           551164 kB
Inactive:         481892 kB
Active(anon):     181936 kB
Inactive(anon):   236728 kB
Active(file):     369228 kB
Inactive(file):   245164 kB
Unevictable:         928 kB
Mlocked:               0 kB
HighTotal:       1001472 kB
HighFree:          51488 kB
LowTotal:         419352 kB
LowFree:           84392 kB
SwapTotal:        786428 kB
SwapFree:         761636 kB
Dirty:                 0 kB
Writeback:             0 kB
AnonPages:        417196 kB
Mapped:           165460 kB
Shmem:               316 kB
Slab:              51332 kB
SReclaimable:      20708 kB
SUnreclaim:        30624 kB
KernelStack:        9528 kB
PageTables:        15372 kB
NFS_Unstable:          0 kB
Bounce:                0 kB
WritebackTmp:          0 kB
CommitLimit:     1496840 kB
Committed_AS:   21553340 kB
VmallocTotal:     458752 kB
VmallocUsed:       84076 kB
VmallocChunk:     225308 kB
Time pass: 72 sec

---2015-10-26 11:04:01
MemTotal:        1420824 kB
MemFree:          135884 kB
Buffers:           63628 kB
Cached:           552008 kB
SwapCached:         1296 kB
Active:           551156 kB
Inactive:         481892 kB
Active(anon):     181928 kB
Inactive(anon):   236728 kB
Active(file):     369228 kB
Inactive(file):   245164 kB
Unevictable:         928 kB
Mlocked:               0 kB
HighTotal:       1001472 kB
HighFree:          51492 kB
LowTotal:         419352 kB
LowFree:           84392 kB
SwapTotal:        786428 kB
SwapFree:         761636 kB
Dirty:                 0 kB
Writeback:             0 kB
AnonPages:        417188 kB
Mapped:           165460 kB
Shmem:               316 kB
Slab:              51332 kB
SReclaimable:      20708 kB
SUnreclaim:        30624 kB
KernelStack:        9528 kB
PageTables:        15372 kB
NFS_Unstable:          0 kB
Bounce:                0 kB
WritebackTmp:          0 kB
CommitLimit:     1496840 kB
Committed_AS:   21553340 kB
VmallocTotal:     458752 kB
VmallocUsed:       84076 kB
VmallocChunk:     225308 kB
Time pass: 76 sec

---2015-10-26 11:04:01
MemTotal:        1420824 kB
MemFree:          135884 kB
Buffers:           63628 kB
Cached:           552008 kB
SwapCached:         1296 kB
Active:           551144 kB
Inactive:         481892 kB
Active(anon):     181916 kB
Inactive(anon):   236728 kB
Active(file):     369228 kB
Inactive(file):   245164 kB
Unevictable:         928 kB
Mlocked:               0 kB
HighTotal:       1001472 kB
HighFree:          51492 kB
LowTotal:         419352 kB
LowFree:           84392 kB
SwapTotal:        786428 kB
SwapFree:         761636 kB
Dirty:                 0 kB
Writeback:             0 kB
AnonPages:        417188 kB
Mapped:           165460 kB
Shmem:               316 kB
Slab:              51332 kB
SReclaimable:      20708 kB
SUnreclaim:        30624 kB
KernelStack:        9528 kB
PageTables:        15372 kB
NFS_Unstable:          0 kB
Bounce:                0 kB
WritebackTmp:          0 kB
CommitLimit:     1496840 kB
Committed_AS:   21553340 kB
VmallocTotal:     458752 kB
VmallocUsed:       84076 kB
VmallocChunk:     225308 kB
Time pass: 79 sec

---2015-10-26 11:04:01
MemTotal:        1420824 kB
MemFree:          135804 kB
Buffers:           63628 kB
Cached:           552008 kB
SwapCached:         1296 kB
Active:           551156 kB
Inactive:         481892 kB
Active(anon):     181928 kB
Inactive(anon):   236728 kB
Active(file):     369228 kB
Inactive(file):   245164 kB
Unevictable:         928 kB
Mlocked:               0 kB
HighTotal:       1001472 kB
HighFree:          51412 kB
LowTotal:         419352 kB
LowFree:           84392 kB
SwapTotal:        786428 kB
SwapFree:         761636 kB
Dirty:                 0 kB
Writeback:             0 kB
AnonPages:        417216 kB
Mapped:           165460 kB
Shmem:               316 kB
Slab:              51332 kB
SReclaimable:      20708 kB
SUnreclaim:        30624 kB
KernelStack:        9528 kB
PageTables:        15372 kB
NFS_Unstable:          0 kB
Bounce:                0 kB
WritebackTmp:          0 kB
CommitLimit:     1496840 kB
Committed_AS:   21553340 kB
VmallocTotal:     458752 kB
VmallocUsed:       84076 kB
VmallocChunk:     225308 kB
Time pass: 83 sec

---2015-10-26 11:04:01
MemTotal:        1420824 kB
MemFree:          134548 kB
Buffers:           63628 kB
Cached:           552008 kB
SwapCached:         1296 kB
Active:           552364 kB
Inactive:         481892 kB
Active(anon):     183136 kB
Inactive(anon):   236728 kB
Active(file):     369228 kB
Inactive(file):   245164 kB
Unevictable:         928 kB
Mlocked:               0 kB
HighTotal:       1001472 kB
HighFree:          50312 kB
LowTotal:         419352 kB
LowFree:           84236 kB
SwapTotal:        786428 kB
SwapFree:         761636 kB
Dirty:                 0 kB
Writeback:             0 kB
AnonPages:        418476 kB
Mapped:           165456 kB
Shmem:               316 kB
Slab:              51332 kB
SReclaimable:      20708 kB
SUnreclaim:        30624 kB
KernelStack:        9528 kB
PageTables:        15412 kB
NFS_Unstable:          0 kB
Bounce:                0 kB
WritebackTmp:          0 kB
CommitLimit:     1496840 kB
Committed_AS:   21554948 kB
VmallocTotal:     458752 kB
VmallocUsed:       84108 kB
VmallocChunk:     225308 kB
Time pass: 87 sec

---2015-10-26 11:04:01
MemTotal:        1420824 kB
MemFree:          130432 kB
Buffers:           63628 kB
Cached:           552008 kB
SwapCached:         1296 kB
Active:           556304 kB
Inactive:         481892 kB
Active(anon):     187076 kB
Inactive(anon):   236728 kB
Active(file):     369228 kB
Inactive(file):   245164 kB
Unevictable:         928 kB
Mlocked:               0 kB
HighTotal:       1001472 kB
HighFree:          46296 kB
LowTotal:         419352 kB
LowFree:           84136 kB
SwapTotal:        786428 kB
SwapFree:         761636 kB
Dirty:                 0 kB
Writeback:             0 kB
AnonPages:        422336 kB
Mapped:           166276 kB
Shmem:               316 kB
Slab:              51352 kB
SReclaimable:      20708 kB
SUnreclaim:        30644 kB
KernelStack:        9608 kB
PageTables:        15604 kB
NFS_Unstable:          0 kB
Bounce:                0 kB
WritebackTmp:          0 kB
CommitLimit:     1496840 kB
Committed_AS:   21980928 kB
VmallocTotal:     458752 kB
VmallocUsed:       85096 kB
VmallocChunk:     225308 kB
Time pass: 90 sec

---2015-10-26 11:04:01
MemTotal:        1420824 kB
MemFree:          101096 kB
Buffers:           63628 kB
Cached:           552144 kB
SwapCached:         1296 kB
Active:           576472 kB
Inactive:         482012 kB
Active(anon):     207228 kB
Inactive(anon):   236860 kB
Active(file):     369244 kB
Inactive(file):   245152 kB
Unevictable:         928 kB
Mlocked:               0 kB
HighTotal:       1001472 kB
HighFree:          18324 kB
LowTotal:         419352 kB
LowFree:           82772 kB
SwapTotal:        786428 kB
SwapFree:         761636 kB
Dirty:               824 kB
Writeback:             0 kB
AnonPages:        442628 kB
Mapped:           188284 kB
Shmem:               448 kB
Slab:              51496 kB
SReclaimable:      20708 kB
SUnreclaim:        30788 kB
KernelStack:       10024 kB
PageTables:        16132 kB
NFS_Unstable:          0 kB
Bounce:                0 kB
WritebackTmp:          0 kB
CommitLimit:     1496840 kB
Committed_AS:   22475100 kB
VmallocTotal:     458752 kB
VmallocUsed:       86392 kB
VmallocChunk:     225308 kB
Time pass: 94 sec

---2015-10-26 11:04:01
MemTotal:        1420824 kB
MemFree:           74388 kB
Buffers:           63632 kB
Cached:           550744 kB
SwapCached:         1296 kB
Active:           587456 kB
Inactive:         481560 kB
Active(anon):     219156 kB
Inactive(anon):   236864 kB
Active(file):     368300 kB
Inactive(file):   244696 kB
Unevictable:         928 kB
Mlocked:               0 kB
HighTotal:       1001472 kB
HighFree:           5116 kB
LowTotal:         419352 kB
LowFree:           69272 kB
SwapTotal:        786428 kB
SwapFree:         761636 kB
Dirty:               228 kB
Writeback:             0 kB
AnonPages:        454464 kB
Mapped:           194268 kB
Shmem:               452 kB
Slab:              51428 kB
SReclaimable:      20708 kB
SUnreclaim:        30720 kB
KernelStack:       10104 kB
PageTables:        16228 kB
NFS_Unstable:          0 kB
Bounce:                0 kB
WritebackTmp:          0 kB
CommitLimit:     1496840 kB
Committed_AS:   22488344 kB
VmallocTotal:     458752 kB
VmallocUsed:       86372 kB
VmallocChunk:     225308 kB
Time pass: 98 sec

---2015-10-26 11:04:01
MemTotal:        1420824 kB
MemFree:           47796 kB
Buffers:           63632 kB
Cached:           551200 kB
SwapCached:         1296 kB
Active:           589576 kB
Inactive:         482024 kB
Active(anon):     221284 kB
Inactive(anon):   236864 kB
Active(file):     368292 kB
Inactive(file):   245160 kB
Unevictable:         928 kB
Mlocked:               0 kB
HighTotal:       1001472 kB
HighFree:           6080 kB
LowTotal:         419352 kB
LowFree:           41716 kB
SwapTotal:        786428 kB
SwapFree:         761636 kB
Dirty:              1556 kB
Writeback:            40 kB
AnonPages:        456540 kB
Mapped:           198644 kB
Shmem:               452 kB
Slab:              51412 kB
SReclaimable:      20708 kB
SUnreclaim:        30704 kB
KernelStack:       10104 kB
PageTables:        16276 kB
NFS_Unstable:          0 kB
Bounce:                0 kB
WritebackTmp:          0 kB
CommitLimit:     1496840 kB
Committed_AS:   22490376 kB
VmallocTotal:     458752 kB
VmallocUsed:       86384 kB
VmallocChunk:     225308 kB
Time pass: 103 sec

---2015-10-26 11:04:01
MemTotal:        1420824 kB
MemFree:           47668 kB
Buffers:           63632 kB
Cached:           551200 kB
SwapCached:         1296 kB
Active:           589584 kB
Inactive:         482020 kB
Active(anon):     221288 kB
Inactive(anon):   236864 kB
Active(file):     368296 kB
Inactive(file):   245156 kB
Unevictable:         928 kB
Mlocked:               0 kB
HighTotal:       1001472 kB
HighFree:           5944 kB
LowTotal:         419352 kB
LowFree:           41724 kB
SwapTotal:        786428 kB
SwapFree:         761636 kB
Dirty:              1656 kB
Writeback:             0 kB
AnonPages:        456548 kB
Mapped:           198568 kB
Shmem:               452 kB
Slab:              51412 kB
SReclaimable:      20708 kB
SUnreclaim:        30704 kB
KernelStack:       10128 kB
PageTables:        16296 kB
NFS_Unstable:          0 kB
Bounce:                0 kB
WritebackTmp:          0 kB
CommitLimit:     1496840 kB
Committed_AS:   22490376 kB
VmallocTotal:     458752 kB
VmallocUsed:       86384 kB
VmallocChunk:     225308 kB
Time pass: 107 sec

---2015-10-26 11:04:01
MemTotal:        1420824 kB
MemFree:           47592 kB
Buffers:           63632 kB
Cached:           551200 kB
SwapCached:         1296 kB
Active:           589632 kB
Inactive:         482020 kB
Active(anon):     221336 kB
Inactive(anon):   236864 kB
Active(file):     368296 kB
Inactive(file):   245156 kB
Unevictable:         928 kB
Mlocked:               0 kB
HighTotal:       1001472 kB
HighFree:           5804 kB
LowTotal:         419352 kB
LowFree:           41788 kB
SwapTotal:        786428 kB
SwapFree:         761636 kB
Dirty:                 0 kB
Writeback:             0 kB
AnonPages:        456588 kB
Mapped:           198636 kB
Shmem:               452 kB
Slab:              51348 kB
SReclaimable:      20708 kB
SUnreclaim:        30640 kB
KernelStack:       10128 kB
PageTables:        16296 kB
NFS_Unstable:          0 kB
Bounce:                0 kB
WritebackTmp:          0 kB
CommitLimit:     1496840 kB
Committed_AS:   22490376 kB
VmallocTotal:     458752 kB
VmallocUsed:       86384 kB
VmallocChunk:     225308 kB
Time pass: 111 sec

---2015-10-26 11:04:01
MemTotal:        1420824 kB
MemFree:           56780 kB
Buffers:           63632 kB
Cached:           548036 kB
SwapCached:         1300 kB
Active:           579400 kB
Inactive:         489308 kB
Active(anon):     216372 kB
Inactive(anon):   242048 kB
Active(file):     363028 kB
Inactive(file):   247260 kB
Unevictable:         928 kB
Mlocked:               0 kB
HighTotal:       1001472 kB
HighFree:           8216 kB
LowTotal:         419352 kB
LowFree:           48564 kB
SwapTotal:        786428 kB
SwapFree:         760356 kB
Dirty:               784 kB
Writeback:             0 kB
AnonPages:        456804 kB
Mapped:           199944 kB
Shmem:               452 kB
Slab:              51576 kB
SReclaimable:      20708 kB
SUnreclaim:        30868 kB
KernelStack:       10128 kB
PageTables:        16316 kB
NFS_Unstable:          0 kB
Bounce:                0 kB
WritebackTmp:          0 kB
CommitLimit:     1496840 kB
Committed_AS:   22491376 kB
VmallocTotal:     458752 kB
VmallocUsed:       86384 kB
VmallocChunk:     225308 kB
Time pass: 115 sec

---2015-10-26 11:04:01
MemTotal:        1420824 kB
MemFree:           56816 kB
Buffers:           63632 kB
Cached:           548036 kB
SwapCached:         1300 kB
Active:           579412 kB
Inactive:         489304 kB
Active(anon):     216384 kB
Inactive(anon):   242044 kB
Active(file):     363028 kB
Inactive(file):   247260 kB
Unevictable:         928 kB
Mlocked:               0 kB
HighTotal:       1001472 kB
HighFree:           8252 kB
LowTotal:         419352 kB
LowFree:           48564 kB
SwapTotal:        786428 kB
SwapFree:         760356 kB
Dirty:                56 kB
Writeback:             0 kB
AnonPages:        456812 kB
Mapped:           200072 kB
Shmem:               452 kB
Slab:              51576 kB
SReclaimable:      20708 kB
SUnreclaim:        30868 kB
KernelStack:       10128 kB
PageTables:        16316 kB
NFS_Unstable:          0 kB
Bounce:                0 kB
WritebackTmp:          0 kB
CommitLimit:     1496840 kB
Committed_AS:   22491376 kB
VmallocTotal:     458752 kB
VmallocUsed:       86384 kB
VmallocChunk:     225308 kB
Time pass: 118 sec

---2015-10-26 11:04:01
MemTotal:        1420824 kB
MemFree:           56692 kB
Buffers:           63632 kB
Cached:           548036 kB
SwapCached:         1300 kB
Active:           579392 kB
Inactive:         489300 kB
Active(anon):     216360 kB
Inactive(anon):   242044 kB
Active(file):     363032 kB
Inactive(file):   247256 kB
Unevictable:         928 kB
Mlocked:               0 kB
HighTotal:       1001472 kB
HighFree:           8128 kB
LowTotal:         419352 kB
LowFree:           48564 kB
SwapTotal:        786428 kB
SwapFree:         760356 kB
Dirty:                56 kB
Writeback:             0 kB
AnonPages:        456796 kB
Mapped:           200036 kB
Shmem:               452 kB
Slab:              51576 kB
SReclaimable:      20708 kB
SUnreclaim:        30868 kB
KernelStack:       10112 kB
PageTables:        16300 kB
NFS_Unstable:          0 kB
Bounce:                0 kB
WritebackTmp:          0 kB
CommitLimit:     1496840 kB
Committed_AS:   22491376 kB
VmallocTotal:     458752 kB
VmallocUsed:       86384 kB
VmallocChunk:     225308 kB
Time pass: 122 sec

---2015-10-26 11:04:01
MemTotal:        1420824 kB
MemFree:           47172 kB
Buffers:           63632 kB
Cached:           548052 kB
SwapCached:         1300 kB
Active:           580824 kB
Inactive:         489304 kB
Active(anon):     217780 kB
Inactive(anon):   242044 kB
Active(file):     363044 kB
Inactive(file):   247260 kB
Unevictable:         928 kB
Mlocked:               0 kB
HighTotal:       1001472 kB
HighFree:           5164 kB
LowTotal:         419352 kB
LowFree:           42008 kB
SwapTotal:        786428 kB
SwapFree:         760356 kB
Dirty:               516 kB
Writeback:             0 kB
AnonPages:        458280 kB
Mapped:           202344 kB
Shmem:               452 kB
Slab:              51636 kB
SReclaimable:      20708 kB
SUnreclaim:        30928 kB
KernelStack:       10104 kB
PageTables:        16340 kB
NFS_Unstable:          0 kB
Bounce:                0 kB
WritebackTmp:          0 kB
CommitLimit:     1496840 kB
Committed_AS:   22492272 kB
VmallocTotal:     458752 kB
VmallocUsed:       86428 kB
VmallocChunk:     225308 kB
Time pass: 125 sec

---2015-10-26 11:04:01
MemTotal:        1420824 kB
MemFree:           48188 kB
Buffers:           63636 kB
Cached:           548052 kB
SwapCached:         1300 kB
Active:           580868 kB
Inactive:         489304 kB
Active(anon):     217820 kB
Inactive(anon):   242044 kB
Active(file):     363048 kB
Inactive(file):   247260 kB
Unevictable:         928 kB
Mlocked:               0 kB
HighTotal:       1001472 kB
HighFree:           6104 kB
LowTotal:         419352 kB
LowFree:           42084 kB
SwapTotal:        786428 kB
SwapFree:         760356 kB
Dirty:                12 kB
Writeback:             0 kB
AnonPages:        458252 kB
Mapped:           202200 kB
Shmem:               452 kB
Slab:              51636 kB
SReclaimable:      20708 kB
SUnreclaim:        30928 kB
KernelStack:       10104 kB
PageTables:        16340 kB
NFS_Unstable:          0 kB
Bounce:                0 kB
WritebackTmp:          0 kB
CommitLimit:     1496840 kB
Committed_AS:   22492280 kB
VmallocTotal:     458752 kB
VmallocUsed:       86396 kB
VmallocChunk:     225308 kB
Time pass: 129 sec

---2015-10-26 11:04:01
MemTotal:        1420824 kB
MemFree:           48216 kB
Buffers:           63636 kB
Cached:           548052 kB
SwapCached:         1300 kB
Active:           580852 kB
Inactive:         489304 kB
Active(anon):     217804 kB
Inactive(anon):   242044 kB
Active(file):     363048 kB
Inactive(file):   247260 kB
Unevictable:         928 kB
Mlocked:               0 kB
HighTotal:       1001472 kB
HighFree:           6132 kB
LowTotal:         419352 kB
LowFree:           42084 kB
SwapTotal:        786428 kB
SwapFree:         760356 kB
Dirty:                12 kB
Writeback:             0 kB
AnonPages:        458244 kB
Mapped:           202280 kB
Shmem:               452 kB
Slab:              51636 kB
SReclaimable:      20708 kB
SUnreclaim:        30928 kB
KernelStack:       10104 kB
PageTables:        16340 kB
NFS_Unstable:          0 kB
Bounce:                0 kB
WritebackTmp:          0 kB
CommitLimit:     1496840 kB
Committed_AS:   22492280 kB
VmallocTotal:     458752 kB
VmallocUsed:       86396 kB
VmallocChunk:     225308 kB
Time pass: 133 sec

---2015-10-26 11:04:01
MemTotal:        1420824 kB
MemFree:           48040 kB
Buffers:           63636 kB
Cached:           548052 kB
SwapCached:         1300 kB
Active:           580876 kB
Inactive:         489296 kB
Active(anon):     217820 kB
Inactive(anon):   242044 kB
Active(file):     363056 kB
Inactive(file):   247252 kB
Unevictable:         928 kB
Mlocked:               0 kB
HighTotal:       1001472 kB
HighFree:           5992 kB
LowTotal:         419352 kB
LowFree:           42048 kB
SwapTotal:        786428 kB
SwapFree:         760356 kB
Dirty:                20 kB
Writeback:             0 kB
AnonPages:        458248 kB
Mapped:           202280 kB
Shmem:               452 kB
Slab:              51636 kB
SReclaimable:      20708 kB
SUnreclaim:        30928 kB
KernelStack:       10104 kB
PageTables:        16340 kB
NFS_Unstable:          0 kB
Bounce:                0 kB
WritebackTmp:          0 kB
CommitLimit:     1496840 kB
Committed_AS:   22492280 kB
VmallocTotal:     458752 kB
VmallocUsed:       86396 kB
VmallocChunk:     225308 kB
Time pass: 137 sec

---2015-10-26 11:04:01
MemTotal:        1420824 kB
MemFree:           48072 kB
Buffers:           63636 kB
Cached:           548052 kB
SwapCached:         1300 kB
Active:           580876 kB
Inactive:         489296 kB
Active(anon):     217820 kB
Inactive(anon):   242044 kB
Active(file):     363056 kB
Inactive(file):   247252 kB
Unevictable:         928 kB
Mlocked:               0 kB
HighTotal:       1001472 kB
HighFree:           5988 kB
LowTotal:         419352 kB
LowFree:           42084 kB
SwapTotal:        786428 kB
SwapFree:         760356 kB
Dirty:                 0 kB
Writeback:             0 kB
AnonPages:        458248 kB
Mapped:           202296 kB
Shmem:               452 kB
Slab:              51604 kB
SReclaimable:      20708 kB
SUnreclaim:        30896 kB
KernelStack:       10104 kB
PageTables:        16340 kB
NFS_Unstable:          0 kB
Bounce:                0 kB
WritebackTmp:          0 kB
CommitLimit:     1496840 kB
Committed_AS:   22492280 kB
VmallocTotal:     458752 kB
VmallocUsed:       86396 kB
VmallocChunk:     225308 kB
Time pass: 141 sec

---2015-10-26 11:04:01
MemTotal:        1420824 kB
MemFree:           48072 kB
Buffers:           63636 kB
Cached:           548052 kB
SwapCached:         1300 kB
Active:           580872 kB
Inactive:         489296 kB
Active(anon):     217816 kB
Inactive(anon):   242044 kB
Active(file):     363056 kB
Inactive(file):   247252 kB
Unevictable:         928 kB
Mlocked:               0 kB
HighTotal:       1001472 kB
HighFree:           5988 kB
LowTotal:         419352 kB
LowFree:           42084 kB
SwapTotal:        786428 kB
SwapFree:         760356 kB
Dirty:                 0 kB
Writeback:             0 kB
AnonPages:        458244 kB
Mapped:           202304 kB
Shmem:               452 kB
Slab:              51604 kB
SReclaimable:      20708 kB
SUnreclaim:        30896 kB
KernelStack:       10104 kB
PageTables:        16340 kB
NFS_Unstable:          0 kB
Bounce:                0 kB
WritebackTmp:          0 kB
CommitLimit:     1496840 kB
Committed_AS:   22492280 kB
VmallocTotal:     458752 kB
VmallocUsed:       86396 kB
VmallocChunk:     225308 kB
Time pass: 145 sec

---2015-10-26 11:04:01
MemTotal:        1420824 kB
MemFree:           48044 kB
Buffers:           63636 kB
Cached:           548052 kB
SwapCached:         1300 kB
Active:           581272 kB
Inactive:         489296 kB
Active(anon):     218216 kB
Inactive(anon):   242044 kB
Active(file):     363056 kB
Inactive(file):   247252 kB
Unevictable:         928 kB
Mlocked:               0 kB
HighTotal:       1001472 kB
HighFree:           5992 kB
LowTotal:         419352 kB
LowFree:           42052 kB
SwapTotal:        786428 kB
SwapFree:         760356 kB
Dirty:                 0 kB
Writeback:             0 kB
AnonPages:        458664 kB
Mapped:           202328 kB
Shmem:               452 kB
Slab:              51604 kB
SReclaimable:      20708 kB
SUnreclaim:        30896 kB
KernelStack:       10104 kB
PageTables:        16372 kB
NFS_Unstable:          0 kB
Bounce:                0 kB
WritebackTmp:          0 kB
CommitLimit:     1496840 kB
Committed_AS:   22493072 kB
VmallocTotal:     458752 kB
VmallocUsed:       86396 kB
VmallocChunk:     225308 kB
Time pass: 149 sec

---2015-10-26 11:04:01
MemTotal:        1420824 kB
MemFree:          163068 kB
Buffers:           63640 kB
Cached:           543592 kB
SwapCached:         1316 kB
Active:           538092 kB
Inactive:         490420 kB
Active(anon):     180120 kB
Inactive(anon):   242404 kB
Active(file):     357972 kB
Inactive(file):   248016 kB
Unevictable:         928 kB
Mlocked:               0 kB
HighTotal:       1001472 kB
HighFree:          61224 kB
LowTotal:         419352 kB
LowFree:          101844 kB
SwapTotal:        786428 kB
SwapFree:         759568 kB
Dirty:                24 kB
Writeback:             0 kB
AnonPages:        421052 kB
Mapped:           165812 kB
Shmem:               316 kB
Slab:              51508 kB
SReclaimable:      20708 kB
SUnreclaim:        30800 kB
KernelStack:        9664 kB
PageTables:        15592 kB
NFS_Unstable:          0 kB
Bounce:                0 kB
WritebackTmp:          0 kB
CommitLimit:     1496840 kB
Committed_AS:   21981036 kB
VmallocTotal:     458752 kB
VmallocUsed:       85096 kB
VmallocChunk:     225308 kB
Time pass: 152 sec

---2015-10-26 11:04:01
MemTotal:        1420824 kB
MemFree:          153100 kB
Buffers:           63640 kB
Cached:           543592 kB
SwapCached:         1316 kB
Active:           547436 kB
Inactive:         490404 kB
Active(anon):     189464 kB
Inactive(anon):   242388 kB
Active(file):     357972 kB
Inactive(file):   248016 kB
Unevictable:         928 kB
Mlocked:               0 kB
HighTotal:       1001472 kB
HighFree:          51276 kB
LowTotal:         419352 kB
LowFree:          101824 kB
SwapTotal:        786428 kB
SwapFree:         759568 kB
Dirty:                 0 kB
Writeback:             0 kB
AnonPages:        430448 kB
Mapped:           166152 kB
Shmem:               316 kB
Slab:              51512 kB
SReclaimable:      20708 kB
SUnreclaim:        30804 kB
KernelStack:        9720 kB
PageTables:        16020 kB
NFS_Unstable:          0 kB
Bounce:                0 kB
WritebackTmp:          0 kB
CommitLimit:     1496840 kB
Committed_AS:   23058576 kB
VmallocTotal:     458752 kB
VmallocUsed:       86180 kB
VmallocChunk:     225308 kB
Time pass: 156 sec

---2015-10-26 11:04:01
MemTotal:        1420824 kB
MemFree:          163212 kB
Buffers:           63640 kB
Cached:           543592 kB
SwapCached:         1316 kB
Active:           538068 kB
Inactive:         490400 kB
Active(anon):     180092 kB
Inactive(anon):   242388 kB
Active(file):     357976 kB
Inactive(file):   248012 kB
Unevictable:         928 kB
Mlocked:               0 kB
HighTotal:       1001472 kB
HighFree:          60812 kB
LowTotal:         419352 kB
LowFree:          102400 kB
SwapTotal:        786428 kB
SwapFree:         759568 kB
Dirty:                24 kB
Writeback:             0 kB
AnonPages:        420984 kB
Mapped:           165860 kB
Shmem:               316 kB
Slab:              51472 kB
SReclaimable:      20708 kB
SUnreclaim:        30764 kB
KernelStack:        9632 kB
PageTables:        15604 kB
NFS_Unstable:          0 kB
Bounce:                0 kB
WritebackTmp:          0 kB
CommitLimit:     1496840 kB
Committed_AS:   21981020 kB
VmallocTotal:     458752 kB
VmallocUsed:       85096 kB
VmallocChunk:     225308 kB
Time pass: 159 sec

---2015-10-26 11:04:01
MemTotal:        1420824 kB
MemFree:          163612 kB
Buffers:           63640 kB
Cached:           543592 kB
SwapCached:         1316 kB
Active:           538060 kB
Inactive:         490400 kB
Active(anon):     180084 kB
Inactive(anon):   242388 kB
Active(file):     357976 kB
Inactive(file):   248012 kB
Unevictable:         928 kB
Mlocked:               0 kB
HighTotal:       1001472 kB
HighFree:          61136 kB
LowTotal:         419352 kB
LowFree:          102476 kB
SwapTotal:        786428 kB
SwapFree:         759568 kB
Dirty:                 0 kB
Writeback:             0 kB
AnonPages:        420976 kB
Mapped:           165860 kB
Shmem:               316 kB
Slab:              51460 kB
SReclaimable:      20708 kB
SUnreclaim:        30752 kB
KernelStack:        9616 kB
PageTables:        15608 kB
NFS_Unstable:          0 kB
Bounce:                0 kB
WritebackTmp:          0 kB
CommitLimit:     1496840 kB
Committed_AS:   21981020 kB
VmallocTotal:     458752 kB
VmallocUsed:       85096 kB
VmallocChunk:     225308 kB
Time pass: 163 sec

---2015-10-26 11:04:01
MemTotal:        1420824 kB
MemFree:          163304 kB
Buffers:           63640 kB
Cached:           543592 kB
SwapCached:         1316 kB
Active:           538060 kB
Inactive:         490400 kB
Active(anon):     180084 kB
Inactive(anon):   242388 kB
Active(file):     357976 kB
Inactive(file):   248012 kB
Unevictable:         928 kB
Mlocked:               0 kB
HighTotal:       1001472 kB
HighFree:          60852 kB
LowTotal:         419352 kB
LowFree:          102452 kB
SwapTotal:        786428 kB
SwapFree:         759568 kB
Dirty:                 0 kB
Writeback:             0 kB
AnonPages:        420976 kB
Mapped:           165860 kB
Shmem:               316 kB
Slab:              51456 kB
SReclaimable:      20708 kB
SUnreclaim:        30748 kB
KernelStack:        9624 kB
PageTables:        15600 kB
NFS_Unstable:          0 kB
Bounce:                0 kB
WritebackTmp:          0 kB
CommitLimit:     1496840 kB
Committed_AS:   21980996 kB
VmallocTotal:     458752 kB
VmallocUsed:       85096 kB
VmallocChunk:     225308 kB
Time pass: 167 sec

---2015-10-26 11:04:01
MemTotal:        1420824 kB
MemFree:          163200 kB
Buffers:           63640 kB
Cached:           543592 kB
SwapCached:         1316 kB
Active:           538104 kB
Inactive:         490400 kB
Active(anon):     180128 kB
Inactive(anon):   242388 kB
Active(file):     357976 kB
Inactive(file):   248012 kB
Unevictable:         928 kB
Mlocked:               0 kB
HighTotal:       1001472 kB
HighFree:          60712 kB
LowTotal:         419352 kB
LowFree:          102488 kB
SwapTotal:        786428 kB
SwapFree:         759568 kB
Dirty:                 0 kB
Writeback:             0 kB
AnonPages:        421020 kB
Mapped:           165924 kB
Shmem:               316 kB
Slab:              51424 kB
SReclaimable:      20708 kB
SUnreclaim:        30716 kB
KernelStack:        9624 kB
PageTables:        15604 kB
NFS_Unstable:          0 kB
Bounce:                0 kB
WritebackTmp:          0 kB
CommitLimit:     1496840 kB
Committed_AS:   21980996 kB
VmallocTotal:     458752 kB
VmallocUsed:       85096 kB
VmallocChunk:     225308 kB
Time pass: 170 sec

---2015-10-26 11:04:01
MemTotal:        1420824 kB
MemFree:          163204 kB
Buffers:           63644 kB
Cached:           543592 kB
SwapCached:         1316 kB
Active:           538080 kB
Inactive:         490404 kB
Active(anon):     180104 kB
Inactive(anon):   242388 kB
Active(file):     357976 kB
Inactive(file):   248016 kB
Unevictable:         928 kB
Mlocked:               0 kB
HighTotal:       1001472 kB
HighFree:          60712 kB
LowTotal:         419352 kB
LowFree:          102492 kB
SwapTotal:        786428 kB
SwapFree:         759568 kB
Dirty:                 4 kB
Writeback:             0 kB
AnonPages:        421004 kB
Mapped:           165888 kB
Shmem:               316 kB
Slab:              51424 kB
SReclaimable:      20708 kB
SUnreclaim:        30716 kB
KernelStack:        9608 kB
PageTables:        15588 kB
NFS_Unstable:          0 kB
Bounce:                0 kB
WritebackTmp:          0 kB
CommitLimit:     1496840 kB
Committed_AS:   21980996 kB
VmallocTotal:     458752 kB
VmallocUsed:       85096 kB
VmallocChunk:     225308 kB
Time pass: 174 sec

---2015-10-26 11:04:01
MemTotal:        1420824 kB
MemFree:          163188 kB
Buffers:           63644 kB
Cached:           543592 kB
SwapCached:         1316 kB
Active:           538104 kB
Inactive:         490404 kB
Active(anon):     180128 kB
Inactive(anon):   242388 kB
Active(file):     357976 kB
Inactive(file):   248016 kB
Unevictable:         928 kB
Mlocked:               0 kB
HighTotal:       1001472 kB
HighFree:          60696 kB
LowTotal:         419352 kB
LowFree:          102492 kB
SwapTotal:        786428 kB
SwapFree:         759568 kB
Dirty:                 4 kB
Writeback:             0 kB
AnonPages:        421020 kB
Mapped:           165932 kB
Shmem:               316 kB
Slab:              51424 kB
SReclaimable:      20708 kB
SUnreclaim:        30716 kB
KernelStack:        9624 kB
PageTables:        15604 kB
NFS_Unstable:          0 kB
Bounce:                0 kB
WritebackTmp:          0 kB
CommitLimit:     1496840 kB
Committed_AS:   21980996 kB
VmallocTotal:     458752 kB
VmallocUsed:       85096 kB
VmallocChunk:     225308 kB
Time pass: 177 sec

---2015-10-26 11:04:01
MemTotal:        1420824 kB
MemFree:          159456 kB
Buffers:           63644 kB
Cached:           543568 kB
SwapCached:         1344 kB
Active:           541056 kB
Inactive:         490408 kB
Active(anon):     183080 kB
Inactive(anon):   242392 kB
Active(file):     357976 kB
Inactive(file):   248016 kB
Unevictable:         928 kB
Mlocked:               0 kB
HighTotal:       1001472 kB
HighFree:          57796 kB
LowTotal:         419352 kB
LowFree:          101660 kB
SwapTotal:        786428 kB
SwapFree:         759568 kB
Dirty:                 0 kB
Writeback:             0 kB
AnonPages:        423964 kB
Mapped:           176548 kB
Shmem:               316 kB
Slab:              51492 kB
SReclaimable:      20708 kB
SUnreclaim:        30784 kB
KernelStack:        9696 kB
PageTables:        15880 kB
NFS_Unstable:          0 kB
Bounce:                0 kB
WritebackTmp:          0 kB
CommitLimit:     1496840 kB
Committed_AS:   22453232 kB
VmallocTotal:     458752 kB
VmallocUsed:       86212 kB
VmallocChunk:     225308 kB
Time pass: 181 sec

---2015-10-26 11:04:01
MemTotal:        1420824 kB
MemFree:          119404 kB
Buffers:           63644 kB
Cached:           543736 kB
SwapCached:         1492 kB
Active:           561092 kB
Inactive:         490684 kB
Active(anon):     203080 kB
Inactive(anon):   242696 kB
Active(file):     358012 kB
Inactive(file):   247988 kB
Unevictable:         928 kB
Mlocked:               0 kB
HighTotal:       1001472 kB
HighFree:          18412 kB
LowTotal:         419352 kB
LowFree:          100992 kB
SwapTotal:        786428 kB
SwapFree:         759568 kB
Dirty:              1020 kB
Writeback:             0 kB
AnonPages:        444036 kB
Mapped:           190132 kB
Shmem:               448 kB
Slab:              51548 kB
SReclaimable:      20708 kB
SUnreclaim:        30840 kB
KernelStack:       10072 kB
PageTables:        16168 kB
NFS_Unstable:          0 kB
Bounce:                0 kB
WritebackTmp:          0 kB
CommitLimit:     1496840 kB
Committed_AS:   22477952 kB
VmallocTotal:     458752 kB
VmallocUsed:       86444 kB
VmallocChunk:     225308 kB
Time pass: 184 sec

---2015-10-26 11:04:01
MemTotal:        1420824 kB
MemFree:          124648 kB
Buffers:           63644 kB
Cached:           543736 kB
SwapCached:         1492 kB
Active:           558876 kB
Inactive:         490688 kB
Active(anon):     200864 kB
Inactive(anon):   242696 kB
Active(file):     358012 kB
Inactive(file):   247992 kB
Unevictable:         928 kB
Mlocked:               0 kB
HighTotal:       1001472 kB
HighFree:          22912 kB
LowTotal:         419352 kB
LowFree:          101736 kB
SwapTotal:        786428 kB
SwapFree:         759568 kB
Dirty:               128 kB
Writeback:             0 kB
AnonPages:        441764 kB
Mapped:           190280 kB
Shmem:               448 kB
Slab:              51564 kB
SReclaimable:      20708 kB
SUnreclaim:        30856 kB
KernelStack:       10064 kB
PageTables:        16176 kB
NFS_Unstable:          0 kB
Bounce:                0 kB
WritebackTmp:          0 kB
CommitLimit:     1496840 kB
Committed_AS:   22475596 kB
VmallocTotal:     458752 kB
VmallocUsed:       86328 kB
VmallocChunk:     225308 kB
Time pass: 188 sec

---2015-10-26 11:04:01
MemTotal:        1420824 kB
MemFree:          116196 kB
Buffers:           63644 kB
Cached:           543800 kB
SwapCached:         1500 kB
Active:           566264 kB
Inactive:         490732 kB
Active(anon):     208228 kB
Inactive(anon):   242708 kB
Active(file):     358036 kB
Inactive(file):   248024 kB
Unevictable:         928 kB
Mlocked:               0 kB
HighTotal:       1001472 kB
HighFree:          14820 kB
LowTotal:         419352 kB
LowFree:          101376 kB
SwapTotal:        786428 kB
SwapFree:         759568 kB
Dirty:               136 kB
Writeback:             0 kB
AnonPages:        449136 kB
Mapped:           194312 kB
Shmem:               452 kB
Slab:              51552 kB
SReclaimable:      20708 kB
SUnreclaim:        30844 kB
KernelStack:       10104 kB
PageTables:        16220 kB
NFS_Unstable:          0 kB
Bounce:                0 kB
WritebackTmp:          0 kB
CommitLimit:     1496840 kB
Committed_AS:   22484596 kB
VmallocTotal:     458752 kB
VmallocUsed:       86352 kB
VmallocChunk:     225308 kB
Time pass: 191 sec

---2015-10-26 11:04:01
MemTotal:        1420824 kB
MemFree:           91792 kB
Buffers:           63644 kB
Cached:           544380 kB
SwapCached:         1500 kB
Active:           571940 kB
Inactive:         490440 kB
Active(anon):     213028 kB
Inactive(anon):   242708 kB
Active(file):     358912 kB
Inactive(file):   247732 kB
Unevictable:         928 kB
Mlocked:               0 kB
HighTotal:       1001472 kB
HighFree:           5276 kB
LowTotal:         419352 kB
LowFree:           86516 kB
SwapTotal:        786428 kB
SwapFree:         759568 kB
Dirty:              1784 kB
Writeback:             0 kB
AnonPages:        453968 kB
Mapped:           200164 kB
Shmem:               452 kB
Slab:              51608 kB
SReclaimable:      20708 kB
SUnreclaim:        30900 kB
KernelStack:       10104 kB
PageTables:        16248 kB
NFS_Unstable:          0 kB
Bounce:                0 kB
WritebackTmp:          0 kB
CommitLimit:     1496840 kB
Committed_AS:   22489456 kB
VmallocTotal:     458752 kB
VmallocUsed:       86368 kB
VmallocChunk:     225308 kB
Time pass: 195 sec

---2015-10-26 11:04:01
MemTotal:        1420824 kB
MemFree:           82136 kB
Buffers:           63644 kB
Cached:           544528 kB
SwapCached:         1500 kB
Active:           572840 kB
Inactive:         490576 kB
Active(anon):     213916 kB
Inactive(anon):   242708 kB
Active(file):     358924 kB
Inactive(file):   247868 kB
Unevictable:         928 kB
Mlocked:               0 kB
HighTotal:       1001472 kB
HighFree:           5296 kB
LowTotal:         419352 kB
LowFree:           76840 kB
SwapTotal:        786428 kB
SwapFree:         759568 kB
Dirty:              1000 kB
Writeback:             0 kB
AnonPages:        454880 kB
Mapped:           201916 kB
Shmem:               452 kB
Slab:              51588 kB
SReclaimable:      20712 kB
SUnreclaim:        30876 kB
KernelStack:       10104 kB
PageTables:        16288 kB
NFS_Unstable:          0 kB
Bounce:                0 kB
WritebackTmp:          0 kB
CommitLimit:     1496840 kB
Committed_AS:   22490324 kB
VmallocTotal:     458752 kB
VmallocUsed:       86348 kB
VmallocChunk:     225308 kB
Time pass: 198 sec

---2015-10-26 11:04:01
MemTotal:        1420824 kB
MemFree:           82120 kB
Buffers:           63648 kB
Cached:           544528 kB
SwapCached:         1500 kB
Active:           572888 kB
Inactive:         490576 kB
Active(anon):     213960 kB
Inactive(anon):   242708 kB
Active(file):     358928 kB
Inactive(file):   247868 kB
Unevictable:         928 kB
Mlocked:               0 kB
HighTotal:       1001472 kB
HighFree:           5264 kB
LowTotal:         419352 kB
LowFree:           76856 kB
SwapTotal:        786428 kB
SwapFree:         759568 kB
Dirty:                 0 kB
Writeback:             0 kB
AnonPages:        454832 kB
Mapped:           202008 kB
Shmem:               452 kB
Slab:              51580 kB
SReclaimable:      20712 kB
SUnreclaim:        30868 kB
KernelStack:       10104 kB
PageTables:        16288 kB
NFS_Unstable:          0 kB
Bounce:                0 kB
WritebackTmp:          0 kB
CommitLimit:     1496840 kB
Committed_AS:   22490324 kB
VmallocTotal:     458752 kB
VmallocUsed:       86348 kB
VmallocChunk:     225308 kB
Time pass: 202 sec

---2015-10-26 11:04:01
MemTotal:        1420824 kB
MemFree:           71380 kB
Buffers:           63648 kB
Cached:           544532 kB
SwapCached:         1500 kB
Active:           577080 kB
Inactive:         490576 kB
Active(anon):     218148 kB
Inactive(anon):   242708 kB
Active(file):     358932 kB
Inactive(file):   247868 kB
Unevictable:         928 kB
Mlocked:               0 kB
HighTotal:       1001472 kB
HighFree:           5392 kB
LowTotal:         419352 kB
LowFree:           65988 kB
SwapTotal:        786428 kB
SwapFree:         759568 kB
Dirty:               504 kB
Writeback:             0 kB
AnonPages:        459044 kB
Mapped:           203024 kB
Shmem:               452 kB
Slab:              51580 kB
SReclaimable:      20712 kB
SUnreclaim:        30868 kB
KernelStack:       10104 kB
PageTables:        16308 kB
NFS_Unstable:          0 kB
Bounce:                0 kB
WritebackTmp:          0 kB
CommitLimit:     1496840 kB
Committed_AS:   22494356 kB
VmallocTotal:     458752 kB
VmallocUsed:       86360 kB
VmallocChunk:     225308 kB
Time pass: 206 sec

---2015-10-26 11:04:01
MemTotal:        1420824 kB
MemFree:           46892 kB
Buffers:           63648 kB
Cached:           544548 kB
SwapCached:         1504 kB
Active:           583060 kB
Inactive:         490584 kB
Active(anon):     224116 kB
Inactive(anon):   242724 kB
Active(file):     358944 kB
Inactive(file):   247860 kB
Unevictable:         928 kB
Mlocked:               0 kB
HighTotal:       1001472 kB
HighFree:           5072 kB
LowTotal:         419352 kB
LowFree:           41820 kB
SwapTotal:        786428 kB
SwapFree:         759568 kB
Dirty:                 4 kB
Writeback:             0 kB
AnonPages:        465060 kB
Mapped:           204848 kB
Shmem:               464 kB
Slab:              51592 kB
SReclaimable:      20712 kB
SUnreclaim:        30880 kB
KernelStack:       10288 kB
PageTables:        16392 kB
NFS_Unstable:          0 kB
Bounce:                0 kB
WritebackTmp:          0 kB
CommitLimit:     1496840 kB
Committed_AS:   22518388 kB
VmallocTotal:     458752 kB
VmallocUsed:       88860 kB
VmallocChunk:     225308 kB
Time pass: 210 sec

---2015-10-26 11:04:01
MemTotal:        1420824 kB
MemFree:           44916 kB
Buffers:           63656 kB
Cached:           544744 kB
SwapCached:         1504 kB
Active:           584812 kB
Inactive:         490784 kB
Active(anon):     225868 kB
Inactive(anon):   242916 kB
Active(file):     358944 kB
Inactive(file):   247868 kB
Unevictable:         928 kB
Mlocked:               0 kB
HighTotal:       1001472 kB
HighFree:           5084 kB
LowTotal:         419352 kB
LowFree:           39832 kB
SwapTotal:        786428 kB
SwapFree:         759568 kB
Dirty:                 0 kB
Writeback:             0 kB
AnonPages:        466792 kB
Mapped:           203276 kB
Shmem:               660 kB
Slab:              51700 kB
SReclaimable:      20712 kB
SUnreclaim:        30988 kB
KernelStack:       10344 kB
PageTables:        16472 kB
NFS_Unstable:          0 kB
Bounce:                0 kB
WritebackTmp:          0 kB
CommitLimit:     1496840 kB
Committed_AS:   22520152 kB
VmallocTotal:     458752 kB
VmallocUsed:       88860 kB
VmallocChunk:     225308 kB
Time pass: 216 sec

---2015-10-26 11:04:01
MemTotal:        1420824 kB
MemFree:           43572 kB
Buffers:           63656 kB
Cached:           544760 kB
SwapCached:         1504 kB
Active:           586380 kB
Inactive:         490792 kB
Active(anon):     227428 kB
Inactive(anon):   242932 kB
Active(file):     358952 kB
Inactive(file):   247860 kB
Unevictable:         928 kB
Mlocked:               0 kB
HighTotal:       1001472 kB
HighFree:           5140 kB
LowTotal:         419352 kB
LowFree:           38432 kB
SwapTotal:        786428 kB
SwapFree:         759568 kB
Dirty:                40 kB
Writeback:             0 kB
AnonPages:        468404 kB
Mapped:           203716 kB
Shmem:               676 kB
Slab:              51740 kB
SReclaimable:      20712 kB
SUnreclaim:        31028 kB
KernelStack:       10336 kB
PageTables:        16456 kB
NFS_Unstable:          0 kB
Bounce:                0 kB
WritebackTmp:          0 kB
CommitLimit:     1496840 kB
Committed_AS:   22521572 kB
VmallocTotal:     458752 kB
VmallocUsed:       89208 kB
VmallocChunk:     225308 kB
Time pass: 225 sec

---2015-10-26 11:04:01
MemTotal:        1420824 kB
MemFree:           38492 kB
Buffers:           63656 kB
Cached:           542056 kB
SwapCached:         1504 kB
Active:           584860 kB
Inactive:         491072 kB
Active(anon):     229608 kB
Inactive(anon):   242224 kB
Active(file):     355252 kB
Inactive(file):   248848 kB
Unevictable:         928 kB
Mlocked:               0 kB
HighTotal:       1001472 kB
HighFree:           6612 kB
LowTotal:         419352 kB
LowFree:           31880 kB
SwapTotal:        786428 kB
SwapFree:         759456 kB
Dirty:                32 kB
Writeback:             0 kB
AnonPages:        469904 kB
Mapped:           203728 kB
Shmem:               684 kB
Slab:              51752 kB
SReclaimable:      20712 kB
SUnreclaim:        31040 kB
KernelStack:       10336 kB
PageTables:        16520 kB
NFS_Unstable:          0 kB
Bounce:                0 kB
WritebackTmp:          0 kB
CommitLimit:     1496840 kB
Committed_AS:   22522940 kB
VmallocTotal:     458752 kB
VmallocUsed:       88860 kB
VmallocChunk:     225308 kB
Time pass: 233 sec

---2015-10-26 11:04:01
MemTotal:        1420824 kB
MemFree:           42448 kB
Buffers:           63656 kB
Cached:           540040 kB
SwapCached:         1544 kB
Active:           582092 kB
Inactive:         492824 kB
Active(anon):     229652 kB
Inactive(anon):   243180 kB
Active(file):     352440 kB
Inactive(file):   249644 kB
Unevictable:         928 kB
Mlocked:               0 kB
HighTotal:       1001472 kB
HighFree:           7004 kB
LowTotal:         419352 kB
LowFree:           35444 kB
SwapTotal:        786428 kB
SwapFree:         759400 kB
Dirty:                40 kB
Writeback:             0 kB
AnonPages:        470804 kB
Mapped:           203768 kB
Shmem:               684 kB
Slab:              51704 kB
SReclaimable:      20712 kB
SUnreclaim:        30992 kB
KernelStack:       10344 kB
PageTables:        16496 kB
NFS_Unstable:          0 kB
Bounce:                0 kB
WritebackTmp:          0 kB
CommitLimit:     1496840 kB
Committed_AS:   22523800 kB
VmallocTotal:     458752 kB
VmallocUsed:       88860 kB
VmallocChunk:     225308 kB
Time pass: 238 sec

---2015-10-26 11:04:01
MemTotal:        1420824 kB
MemFree:           42268 kB
Buffers:           63656 kB
Cached:           540040 kB
SwapCached:         1544 kB
Active:           582572 kB
Inactive:         492820 kB
Active(anon):     230132 kB
Inactive(anon):   243176 kB
Active(file):     352440 kB
Inactive(file):   249644 kB
Unevictable:         928 kB
Mlocked:               0 kB
HighTotal:       1001472 kB
HighFree:           6924 kB
LowTotal:         419352 kB
LowFree:           35344 kB
SwapTotal:        786428 kB
SwapFree:         759400 kB
Dirty:                28 kB
Writeback:             0 kB
AnonPages:        471248 kB
Mapped:           203768 kB
Shmem:               684 kB
Slab:              51728 kB
SReclaimable:      20712 kB
SUnreclaim:        31016 kB
KernelStack:       10328 kB
PageTables:        16500 kB
NFS_Unstable:          0 kB
Bounce:                0 kB
WritebackTmp:          0 kB
CommitLimit:     1496840 kB
Committed_AS:   22524248 kB
VmallocTotal:     458752 kB
VmallocUsed:       88860 kB
VmallocChunk:     225308 kB
Time pass: 243 sec

---2015-10-26 11:04:01
MemTotal:        1420824 kB
MemFree:           38216 kB
Buffers:           63656 kB
Cached:           540060 kB
SwapCached:         1544 kB
Active:           583184 kB
Inactive:         492840 kB
Active(anon):     230744 kB
Inactive(anon):   243196 kB
Active(file):     352440 kB
Inactive(file):   249644 kB
Unevictable:         928 kB
Mlocked:               0 kB
HighTotal:       1001472 kB
HighFree:           5968 kB
LowTotal:         419352 kB
LowFree:           32248 kB
SwapTotal:        786428 kB
SwapFree:         759400 kB
Dirty:                 0 kB
Writeback:             0 kB
AnonPages:        471896 kB
Mapped:           203788 kB
Shmem:               704 kB
Slab:              51724 kB
SReclaimable:      20712 kB
SUnreclaim:        31012 kB
KernelStack:       10328 kB
PageTables:        16536 kB
NFS_Unstable:          0 kB
Bounce:                0 kB
WritebackTmp:          0 kB
CommitLimit:     1496840 kB
Committed_AS:   22524716 kB
VmallocTotal:     458752 kB
VmallocUsed:       88860 kB
VmallocChunk:     225308 kB
Time pass: 247 sec

---2015-10-26 11:04:01
MemTotal:        1420824 kB
MemFree:           41272 kB
Buffers:           63656 kB
Cached:           537608 kB
SwapCached:         1568 kB
Active:           579612 kB
Inactive:         494392 kB
Active(anon):     230552 kB
Inactive(anon):   243844 kB
Active(file):     349060 kB
Inactive(file):   250548 kB
Unevictable:         928 kB
Mlocked:               0 kB
HighTotal:       1001472 kB
HighFree:           7492 kB
LowTotal:         419352 kB
LowFree:           33780 kB
SwapTotal:        786428 kB
SwapFree:         759336 kB
Dirty:                40 kB
Writeback:             0 kB
AnonPages:        472268 kB
Mapped:           203812 kB
Shmem:               728 kB
Slab:              51844 kB
SReclaimable:      20712 kB
SUnreclaim:        31132 kB
KernelStack:       10328 kB
PageTables:        16536 kB
NFS_Unstable:          0 kB
Bounce:                0 kB
WritebackTmp:          0 kB
CommitLimit:     1496840 kB
Committed_AS:   22525204 kB
VmallocTotal:     458752 kB
VmallocUsed:       88860 kB
VmallocChunk:     225308 kB
Time pass: 250 sec

---2015-10-26 11:04:01
MemTotal:        1420824 kB
MemFree:           40308 kB
Buffers:           63656 kB
Cached:           537672 kB
SwapCached:         1568 kB
Active:           580420 kB
Inactive:         494452 kB
Active(anon):     231356 kB
Inactive(anon):   243908 kB
Active(file):     349064 kB
Inactive(file):   250544 kB
Unevictable:         928 kB
Mlocked:               0 kB
HighTotal:       1001472 kB
HighFree:           6636 kB
LowTotal:         419352 kB
LowFree:           33672 kB
SwapTotal:        786428 kB
SwapFree:         759336 kB
Dirty:                28 kB
Writeback:             0 kB
AnonPages:        473200 kB
Mapped:           203876 kB
Shmem:               792 kB
Slab:              51796 kB
SReclaimable:      20712 kB
SUnreclaim:        31084 kB
KernelStack:       10328 kB
PageTables:        16536 kB
NFS_Unstable:          0 kB
Bounce:                0 kB
WritebackTmp:          0 kB
CommitLimit:     1496840 kB
Committed_AS:   22526168 kB
VmallocTotal:     458752 kB
VmallocUsed:       88860 kB
VmallocChunk:     225308 kB
Time pass: 256 sec

---2015-10-26 11:04:01
MemTotal:        1420824 kB
MemFree:           42508 kB
Buffers:           63656 kB
Cached:           535576 kB
SwapCached:         1568 kB
Active:           577004 kB
Inactive:         495876 kB
Active(anon):     230968 kB
Inactive(anon):   244560 kB
Active(file):     346036 kB
Inactive(file):   251316 kB
Unevictable:        1056 kB
Mlocked:               0 kB
HighTotal:       1001472 kB
HighFree:           8044 kB
LowTotal:         419352 kB
LowFree:           34464 kB
SwapTotal:        786428 kB
SwapFree:         759276 kB
Dirty:                 0 kB
Writeback:             0 kB
AnonPages:        473200 kB
Mapped:           203908 kB
Shmem:               824 kB
Slab:              51792 kB
SReclaimable:      20712 kB
SUnreclaim:        31080 kB
KernelStack:       10328 kB
PageTables:        16536 kB
NFS_Unstable:          0 kB
Bounce:                0 kB
WritebackTmp:          0 kB
CommitLimit:     1496840 kB
Committed_AS:   22527088 kB
VmallocTotal:     458752 kB
VmallocUsed:       88828 kB
VmallocChunk:     225308 kB
Time pass: 262 sec

---2015-10-26 11:04:01
MemTotal:        1420824 kB
MemFree:           42388 kB
Buffers:           63656 kB
Cached:           535576 kB
SwapCached:         1568 kB
Active:           577400 kB
Inactive:         495868 kB
Active(anon):     231364 kB
Inactive(anon):   244552 kB
Active(file):     346036 kB
Inactive(file):   251316 kB
Unevictable:        1056 kB
Mlocked:               0 kB
HighTotal:       1001472 kB
HighFree:           7784 kB
LowTotal:         419352 kB
LowFree:           34604 kB
SwapTotal:        786428 kB
SwapFree:         759276 kB
Dirty:                 0 kB
Writeback:             0 kB
AnonPages:        473688 kB
Mapped:           203868 kB
Shmem:               824 kB
Slab:              51772 kB
SReclaimable:      20712 kB
SUnreclaim:        31060 kB
KernelStack:       10312 kB
PageTables:        16520 kB
NFS_Unstable:          0 kB
Bounce:                0 kB
WritebackTmp:          0 kB
CommitLimit:     1496840 kB
Committed_AS:   22527544 kB
VmallocTotal:     458752 kB
VmallocUsed:       88828 kB
VmallocChunk:     225308 kB
Time pass: 267 sec

---2015-10-26 11:04:01
MemTotal:        1420824 kB
MemFree:           40972 kB
Buffers:           63656 kB
Cached:           535576 kB
SwapCached:         1568 kB
Active:           578440 kB
Inactive:         495864 kB
Active(anon):     232400 kB
Inactive(anon):   244552 kB
Active(file):     346040 kB
Inactive(file):   251312 kB
Unevictable:        1056 kB
Mlocked:               0 kB
HighTotal:       1001472 kB
HighFree:           6612 kB
LowTotal:         419352 kB
LowFree:           34360 kB
SwapTotal:        786428 kB
SwapFree:         759276 kB
Dirty:                40 kB
Writeback:             0 kB
AnonPages:        474832 kB
Mapped:           203912 kB
Shmem:               824 kB
Slab:              51812 kB
SReclaimable:      20720 kB
SUnreclaim:        31092 kB
KernelStack:       10312 kB
PageTables:        16536 kB
NFS_Unstable:          0 kB
Bounce:                0 kB
WritebackTmp:          0 kB
CommitLimit:     1496840 kB
Committed_AS:   22528540 kB
VmallocTotal:     458752 kB
VmallocUsed:       88860 kB
VmallocChunk:     225308 kB
Time pass: 272 sec

---2015-10-26 11:04:01
MemTotal:        1420824 kB
MemFree:           40672 kB
Buffers:           63656 kB
Cached:           535648 kB
SwapCached:         1568 kB
Active:           579112 kB
Inactive:         495936 kB
Active(anon):     233072 kB
Inactive(anon):   244624 kB
Active(file):     346040 kB
Inactive(file):   251312 kB
Unevictable:        1056 kB
Mlocked:               0 kB
HighTotal:       1001472 kB
HighFree:           6156 kB
LowTotal:         419352 kB
LowFree:           34516 kB
SwapTotal:        786428 kB
SwapFree:         759276 kB
Dirty:                28 kB
Writeback:             0 kB
AnonPages:        475360 kB
Mapped:           203944 kB
Shmem:               896 kB
Slab:              51780 kB
SReclaimable:      20720 kB
SUnreclaim:        31060 kB
KernelStack:       10304 kB
PageTables:        16516 kB
NFS_Unstable:          0 kB
Bounce:                0 kB
WritebackTmp:          0 kB
CommitLimit:     1496840 kB
Committed_AS:   22529068 kB
VmallocTotal:     458752 kB
VmallocUsed:       88828 kB
VmallocChunk:     225308 kB
Time pass: 278 sec

---2015-10-26 11:04:01
MemTotal:        1420824 kB
MemFree:           46588 kB
Buffers:           63612 kB
Cached:           533204 kB
SwapCached:         1568 kB
Active:           575004 kB
Inactive:         497680 kB
Active(anon):     232416 kB
Inactive(anon):   245404 kB
Active(file):     342588 kB
Inactive(file):   252276 kB
Unevictable:        1056 kB
Mlocked:               0 kB
HighTotal:       1001472 kB
HighFree:           7392 kB
LowTotal:         419352 kB
LowFree:           39196 kB
SwapTotal:        786428 kB
SwapFree:         759244 kB
Dirty:                 0 kB
Writeback:             0 kB
AnonPages:        475656 kB
Mapped:           203984 kB
Shmem:               896 kB
Slab:              51784 kB
SReclaimable:      20720 kB
SUnreclaim:        31064 kB
KernelStack:       10320 kB
PageTables:        16536 kB
NFS_Unstable:          0 kB
Bounce:                0 kB
WritebackTmp:          0 kB
CommitLimit:     1496840 kB
Committed_AS:   22529164 kB
VmallocTotal:     458752 kB
VmallocUsed:       88860 kB
VmallocChunk:     225308 kB
Time pass: 282 sec

---2015-10-26 11:04:01
MemTotal:        1420824 kB
MemFree:           46016 kB
Buffers:           63616 kB
Cached:           533200 kB
SwapCached:         1568 kB
Active:           575112 kB
Inactive:         497656 kB
Active(anon):     232524 kB
Inactive(anon):   245380 kB
Active(file):     342588 kB
Inactive(file):   252276 kB
Unevictable:        1056 kB
Mlocked:               0 kB
HighTotal:       1001472 kB
HighFree:           6872 kB
LowTotal:         419352 kB
LowFree:           39144 kB
SwapTotal:        786428 kB
SwapFree:         759244 kB
Dirty:                 0 kB
Writeback:             0 kB
AnonPages:        475548 kB
Mapped:           203952 kB
Shmem:               896 kB
Slab:              51792 kB
SReclaimable:      20720 kB
SUnreclaim:        31072 kB
KernelStack:       10312 kB
PageTables:        16520 kB
NFS_Unstable:          0 kB
Bounce:                0 kB
WritebackTmp:          0 kB
CommitLimit:     1496840 kB
Committed_AS:   22529192 kB
VmallocTotal:     458752 kB
VmallocUsed:       88860 kB
VmallocChunk:     225308 kB
Time pass: 286 sec

---2015-10-26 11:04:01
MemTotal:        1420824 kB
MemFree:           45588 kB
Buffers:           63616 kB
Cached:           533204 kB
SwapCached:         1568 kB
Active:           574976 kB
Inactive:         497656 kB
Active(anon):     232384 kB
Inactive(anon):   245380 kB
Active(file):     342592 kB
Inactive(file):   252276 kB
Unevictable:        1056 kB
Mlocked:               0 kB
HighTotal:       1001472 kB
HighFree:           6196 kB
LowTotal:         419352 kB
LowFree:           39392 kB
SwapTotal:        786428 kB
SwapFree:         759244 kB
Dirty:                40 kB
Writeback:             0 kB
AnonPages:        475468 kB
Mapped:           203992 kB
Shmem:               896 kB
Slab:              51780 kB
SReclaimable:      20720 kB
SUnreclaim:        31060 kB
KernelStack:       10320 kB
PageTables:        16540 kB
NFS_Unstable:          0 kB
Bounce:                0 kB
WritebackTmp:          0 kB
CommitLimit:     1496840 kB
Committed_AS:   22529012 kB
VmallocTotal:     458752 kB
VmallocUsed:       88860 kB
VmallocChunk:     225308 kB
Time pass: 291 sec

---2015-10-26 11:04:01
MemTotal:        1420824 kB
MemFree:           45900 kB
Buffers:           63616 kB
Cached:           533204 kB
SwapCached:         1568 kB
Active:           575148 kB
Inactive:         497652 kB
Active(anon):     232552 kB
Inactive(anon):   245380 kB
Active(file):     342596 kB
Inactive(file):   252272 kB
Unevictable:        1056 kB
Mlocked:               0 kB
HighTotal:       1001472 kB
HighFree:           5868 kB
LowTotal:         419352 kB
LowFree:           40032 kB
SwapTotal:        786428 kB
SwapFree:         759244 kB
Dirty:                32 kB
Writeback:             0 kB
AnonPages:        475748 kB
Mapped:           203992 kB
Shmem:               896 kB
Slab:              51836 kB
SReclaimable:      20720 kB
SUnreclaim:        31116 kB
KernelStack:       10304 kB
PageTables:        16540 kB
NFS_Unstable:          0 kB
Bounce:                0 kB
WritebackTmp:          0 kB
CommitLimit:     1496840 kB
Committed_AS:   22529560 kB
VmallocTotal:     458752 kB
VmallocUsed:       88860 kB
VmallocChunk:     225308 kB
Time pass: 296 sec

---2015-10-26 11:04:01
MemTotal:        1420824 kB
MemFree:           45252 kB
Buffers:           63616 kB
Cached:           533204 kB
SwapCached:         1568 kB
Active:           575508 kB
Inactive:         497652 kB
Active(anon):     232912 kB
Inactive(anon):   245380 kB
Active(file):     342596 kB
Inactive(file):   252272 kB
Unevictable:        1056 kB
Mlocked:               0 kB
HighTotal:       1001472 kB
HighFree:           5156 kB
LowTotal:         419352 kB
LowFree:           40096 kB
SwapTotal:        786428 kB
SwapFree:         759244 kB
Dirty:                 0 kB
Writeback:             0 kB
AnonPages:        475936 kB
Mapped:           203992 kB
Shmem:               896 kB
Slab:              51824 kB
SReclaimable:      20720 kB
SUnreclaim:        31104 kB
KernelStack:       10320 kB
PageTables:        16544 kB
NFS_Unstable:          0 kB
Bounce:                0 kB
WritebackTmp:          0 kB
CommitLimit:     1496840 kB
Committed_AS:   22529048 kB
VmallocTotal:     458752 kB
VmallocUsed:       88860 kB
VmallocChunk:     225308 kB
Time pass: 302 sec

---2015-10-26 11:04:01
MemTotal:        1420824 kB
MemFree:           45708 kB
Buffers:           63616 kB
Cached:           533204 kB
SwapCached:         1568 kB
Active:           575748 kB
Inactive:         497644 kB
Active(anon):     233144 kB
Inactive(anon):   245380 kB
Active(file):     342604 kB
Inactive(file):   252264 kB
Unevictable:        1056 kB
Mlocked:               0 kB
HighTotal:       1001472 kB
HighFree:           5312 kB
LowTotal:         419352 kB
LowFree:           40396 kB
SwapTotal:        786428 kB
SwapFree:         759244 kB
Dirty:                60 kB
Writeback:             0 kB
AnonPages:        476204 kB
Mapped:           203992 kB
Shmem:               896 kB
Slab:              51744 kB
SReclaimable:      20720 kB
SUnreclaim:        31024 kB
KernelStack:       10328 kB
PageTables:        16540 kB
NFS_Unstable:          0 kB
Bounce:                0 kB
WritebackTmp:          0 kB
CommitLimit:     1496840 kB
Committed_AS:   22529236 kB
VmallocTotal:     458752 kB
VmallocUsed:       88860 kB
VmallocChunk:     225308 kB
Time pass: 306 sec

---2015-10-26 11:04:01
MemTotal:        1420824 kB
MemFree:           45328 kB
Buffers:           63616 kB
Cached:           533204 kB
SwapCached:         1568 kB
Active:           575824 kB
Inactive:         497644 kB
Active(anon):     233220 kB
Inactive(anon):   245380 kB
Active(file):     342604 kB
Inactive(file):   252264 kB
Unevictable:        1056 kB
Mlocked:               0 kB
HighTotal:       1001472 kB
HighFree:           5452 kB
LowTotal:         419352 kB
LowFree:           39876 kB
SwapTotal:        786428 kB
SwapFree:         759244 kB
Dirty:                28 kB
Writeback:             0 kB
AnonPages:        476264 kB
Mapped:           203952 kB
Shmem:               896 kB
Slab:              51884 kB
SReclaimable:      20720 kB
SUnreclaim:        31164 kB
KernelStack:       10312 kB
PageTables:        16528 kB
NFS_Unstable:          0 kB
Bounce:                0 kB
WritebackTmp:          0 kB
CommitLimit:     1496840 kB
Committed_AS:   22529216 kB
VmallocTotal:     458752 kB
VmallocUsed:       88860 kB
VmallocChunk:     225308 kB
Time pass: 311 sec

---2015-10-26 11:04:01
MemTotal:        1420824 kB
MemFree:           44828 kB
Buffers:           63616 kB
Cached:           533204 kB
SwapCached:         1568 kB
Active:           575852 kB
Inactive:         497644 kB
Active(anon):     233248 kB
Inactive(anon):   245380 kB
Active(file):     342604 kB
Inactive(file):   252264 kB
Unevictable:        1056 kB
Mlocked:               0 kB
HighTotal:       1001472 kB
HighFree:           5680 kB
LowTotal:         419352 kB
LowFree:           39148 kB
SwapTotal:        786428 kB
SwapFree:         759244 kB
Dirty:                 0 kB
Writeback:             0 kB
AnonPages:        476332 kB
Mapped:           203992 kB
Shmem:               896 kB
Slab:              51888 kB
SReclaimable:      20720 kB
SUnreclaim:        31168 kB
KernelStack:       10328 kB
PageTables:        16544 kB
NFS_Unstable:          0 kB
Bounce:                0 kB
WritebackTmp:          0 kB
CommitLimit:     1496840 kB
Committed_AS:   22529252 kB
VmallocTotal:     458752 kB
VmallocUsed:       88860 kB
VmallocChunk:     225308 kB
Time pass: 315 sec

---2015-10-26 11:04:01
MemTotal:        1420824 kB
MemFree:           44984 kB
Buffers:           63616 kB
Cached:           533204 kB
SwapCached:         1568 kB
Active:           575896 kB
Inactive:         497644 kB
Active(anon):     233292 kB
Inactive(anon):   245380 kB
Active(file):     342604 kB
Inactive(file):   252264 kB
Unevictable:        1056 kB
Mlocked:               0 kB
HighTotal:       1001472 kB
HighFree:           5948 kB
LowTotal:         419352 kB
LowFree:           39036 kB
SwapTotal:        786428 kB
SwapFree:         759244 kB
Dirty:                 0 kB
Writeback:             0 kB
AnonPages:        476376 kB
Mapped:           203992 kB
Shmem:               896 kB
Slab:              51852 kB
SReclaimable:      20720 kB
SUnreclaim:        31132 kB
KernelStack:       10328 kB
PageTables:        16544 kB
NFS_Unstable:          0 kB
Bounce:                0 kB
WritebackTmp:          0 kB
CommitLimit:     1496840 kB
Committed_AS:   22529268 kB
VmallocTotal:     458752 kB
VmallocUsed:       88860 kB
VmallocChunk:     225308 kB
Time pass: 318 sec

---2015-10-26 11:04:01
MemTotal:        1420824 kB
MemFree:           45304 kB
Buffers:           63616 kB
Cached:           533204 kB
SwapCached:         1568 kB
Active:           576040 kB
Inactive:         497640 kB
Active(anon):     233432 kB
Inactive(anon):   245380 kB
Active(file):     342608 kB
Inactive(file):   252260 kB
Unevictable:        1056 kB
Mlocked:               0 kB
HighTotal:       1001472 kB
HighFree:           6004 kB
LowTotal:         419352 kB
LowFree:           39300 kB
SwapTotal:        786428 kB
SwapFree:         759244 kB
Dirty:                36 kB
Writeback:             0 kB
AnonPages:        476600 kB
Mapped:           203992 kB
Shmem:               896 kB
Slab:              51776 kB
SReclaimable:      20720 kB
SUnreclaim:        31056 kB
KernelStack:       10328 kB
PageTables:        16544 kB
NFS_Unstable:          0 kB
Bounce:                0 kB
WritebackTmp:          0 kB
CommitLimit:     1496840 kB
Committed_AS:   22529344 kB
VmallocTotal:     458752 kB
VmallocUsed:       88860 kB
VmallocChunk:     225308 kB
Time pass: 326 sec

---2015-10-26 11:04:01
MemTotal:        1420824 kB
MemFree:           45148 kB
Buffers:           63616 kB
Cached:           533208 kB
SwapCached:         1568 kB
Active:           576060 kB
Inactive:         497640 kB
Active(anon):     233448 kB
Inactive(anon):   245380 kB
Active(file):     342612 kB
Inactive(file):   252260 kB
Unevictable:        1056 kB
Mlocked:               0 kB
HighTotal:       1001472 kB
HighFree:           6076 kB
LowTotal:         419352 kB
LowFree:           39072 kB
SwapTotal:        786428 kB
SwapFree:         759244 kB
Dirty:                 0 kB
Writeback:             0 kB
AnonPages:        476560 kB
Mapped:           203952 kB
Shmem:               896 kB
Slab:              51888 kB
SReclaimable:      20720 kB
SUnreclaim:        31168 kB
KernelStack:       10312 kB
PageTables:        16528 kB
NFS_Unstable:          0 kB
Bounce:                0 kB
WritebackTmp:          0 kB
CommitLimit:     1496840 kB
Committed_AS:   22529288 kB
VmallocTotal:     458752 kB
VmallocUsed:       88860 kB
VmallocChunk:     225308 kB
Time pass: 330 sec

---2015-10-26 11:04:01
MemTotal:        1420824 kB
MemFree:           44576 kB
Buffers:           63616 kB
Cached:           533208 kB
SwapCached:         1568 kB
Active:           576188 kB
Inactive:         497640 kB
Active(anon):     233576 kB
Inactive(anon):   245380 kB
Active(file):     342612 kB
Inactive(file):   252260 kB
Unevictable:        1056 kB
Mlocked:               0 kB
HighTotal:       1001472 kB
HighFree:           5616 kB
LowTotal:         419352 kB
LowFree:           38960 kB
SwapTotal:        786428 kB
SwapFree:         759244 kB
Dirty:                 0 kB
Writeback:             0 kB
AnonPages:        476600 kB
Mapped:           203992 kB
Shmem:               896 kB
Slab:              51984 kB
SReclaimable:      20720 kB
SUnreclaim:        31264 kB
KernelStack:       10328 kB
PageTables:        16544 kB
NFS_Unstable:          0 kB
Bounce:                0 kB
WritebackTmp:          0 kB
CommitLimit:     1496840 kB
Committed_AS:   22529324 kB
VmallocTotal:     458752 kB
VmallocUsed:       88860 kB
VmallocChunk:     225308 kB
Time pass: 334 sec

---2015-10-26 11:04:01
MemTotal:        1420824 kB
MemFree:           45072 kB
Buffers:           63624 kB
Cached:           533208 kB
SwapCached:         1568 kB
Active:           576272 kB
Inactive:         497640 kB
Active(anon):     233652 kB
Inactive(anon):   245380 kB
Active(file):     342620 kB
Inactive(file):   252260 kB
Unevictable:        1056 kB
Mlocked:               0 kB
HighTotal:       1001472 kB
HighFree:           6040 kB
LowTotal:         419352 kB
LowFree:           39032 kB
SwapTotal:        786428 kB
SwapFree:         759244 kB
Dirty:                44 kB
Writeback:             0 kB
AnonPages:        476636 kB
Mapped:           204040 kB
Shmem:               896 kB
Slab:              51792 kB
SReclaimable:      20720 kB
SUnreclaim:        31072 kB
KernelStack:       10328 kB
PageTables:        16544 kB
NFS_Unstable:          0 kB
Bounce:                0 kB
WritebackTmp:          0 kB
CommitLimit:     1496840 kB
Committed_AS:   22529404 kB
VmallocTotal:     458752 kB
VmallocUsed:       88892 kB
VmallocChunk:     225308 kB
Time pass: 338 sec

---2015-10-26 11:04:01
MemTotal:        1420824 kB
MemFree:           45352 kB
Buffers:           63628 kB
Cached:           533204 kB
SwapCached:         1568 kB
Active:           575960 kB
Inactive:         497640 kB
Active(anon):     233340 kB
Inactive(anon):   245380 kB
Active(file):     342620 kB
Inactive(file):   252260 kB
Unevictable:        1056 kB
Mlocked:               0 kB
HighTotal:       1001472 kB
HighFree:           6372 kB
LowTotal:         419352 kB
LowFree:           38980 kB
SwapTotal:        786428 kB
SwapFree:         759244 kB
Dirty:                 0 kB
Writeback:             0 kB
AnonPages:        476356 kB
Mapped:           203992 kB
Shmem:               896 kB
Slab:              51940 kB
SReclaimable:      20720 kB
SUnreclaim:        31220 kB
KernelStack:       10328 kB
PageTables:        16544 kB
NFS_Unstable:          0 kB
Bounce:                0 kB
WritebackTmp:          0 kB
CommitLimit:     1496840 kB
Committed_AS:   22529444 kB
VmallocTotal:     458752 kB
VmallocUsed:       88860 kB
VmallocChunk:     225308 kB
Time pass: 343 sec

---2015-10-26 11:04:01
MemTotal:        1420824 kB
MemFree:           45152 kB
Buffers:           63628 kB
Cached:           533208 kB
SwapCached:         1568 kB
Active:           575980 kB
Inactive:         497644 kB
Active(anon):     233360 kB
Inactive(anon):   245380 kB
Active(file):     342620 kB
Inactive(file):   252264 kB
Unevictable:        1056 kB
Mlocked:               0 kB
HighTotal:       1001472 kB
HighFree:           6008 kB
LowTotal:         419352 kB
LowFree:           39144 kB
SwapTotal:        786428 kB
SwapFree:         759244 kB
Dirty:                28 kB
Writeback:             0 kB
AnonPages:        476476 kB
Mapped:           203992 kB
Shmem:               896 kB
Slab:              51860 kB
SReclaimable:      20720 kB
SUnreclaim:        31140 kB
KernelStack:       10328 kB
PageTables:        16544 kB
NFS_Unstable:          0 kB
Bounce:                0 kB
WritebackTmp:          0 kB
CommitLimit:     1496840 kB
Committed_AS:   22529440 kB
VmallocTotal:     458752 kB
VmallocUsed:       88860 kB
VmallocChunk:     225308 kB
Time pass: 347 sec

---2015-10-26 11:04:01
MemTotal:        1420824 kB
MemFree:           44916 kB
Buffers:           63628 kB
Cached:           533208 kB
SwapCached:         1568 kB
Active:           576336 kB
Inactive:         497644 kB
Active(anon):     233716 kB
Inactive(anon):   245380 kB
Active(file):     342620 kB
Inactive(file):   252264 kB
Unevictable:        1056 kB
Mlocked:               0 kB
HighTotal:       1001472 kB
HighFree:           5828 kB
LowTotal:         419352 kB
LowFree:           39088 kB
SwapTotal:        786428 kB
SwapFree:         759244 kB
Dirty:                 0 kB
Writeback:             0 kB
AnonPages:        476888 kB
Mapped:           204040 kB
Shmem:               896 kB
Slab:              51952 kB
SReclaimable:      20720 kB
SUnreclaim:        31232 kB
KernelStack:       10328 kB
PageTables:        16544 kB
NFS_Unstable:          0 kB
Bounce:                0 kB
WritebackTmp:          0 kB
CommitLimit:     1496840 kB
Committed_AS:   22530192 kB
VmallocTotal:     458752 kB
VmallocUsed:       88892 kB
VmallocChunk:     225308 kB
Time pass: 352 sec

---2015-10-26 11:04:01
MemTotal:        1420824 kB
MemFree:           45052 kB
Buffers:           63628 kB
Cached:           533208 kB
SwapCached:         1568 kB
Active:           576124 kB
Inactive:         497640 kB
Active(anon):     233500 kB
Inactive(anon):   245380 kB
Active(file):     342624 kB
Inactive(file):   252260 kB
Unevictable:        1056 kB
Mlocked:               0 kB
HighTotal:       1001472 kB
HighFree:           5896 kB
LowTotal:         419352 kB
LowFree:           39156 kB
SwapTotal:        786428 kB
SwapFree:         759244 kB
Dirty:                 0 kB
Writeback:             0 kB
AnonPages:        476612 kB
Mapped:           203952 kB
Shmem:               896 kB
Slab:              51912 kB
SReclaimable:      20720 kB
SUnreclaim:        31192 kB
KernelStack:       10312 kB
PageTables:        16528 kB
NFS_Unstable:          0 kB
Bounce:                0 kB
WritebackTmp:          0 kB
CommitLimit:     1496840 kB
Committed_AS:   22529568 kB
VmallocTotal:     458752 kB
VmallocUsed:       88860 kB
VmallocChunk:     225308 kB
Time pass: 357 sec

---2015-10-26 11:04:01
MemTotal:        1420824 kB
MemFree:           44752 kB
Buffers:           63628 kB
Cached:           533208 kB
SwapCached:         1568 kB
Active:           576176 kB
Inactive:         497636 kB
Active(anon):     233548 kB
Inactive(anon):   245380 kB
Active(file):     342628 kB
Inactive(file):   252256 kB
Unevictable:        1056 kB
Mlocked:               0 kB
HighTotal:       1001472 kB
HighFree:           5656 kB
LowTotal:         419352 kB
LowFree:           39096 kB
SwapTotal:        786428 kB
SwapFree:         759244 kB
Dirty:                28 kB
Writeback:             0 kB
AnonPages:        476632 kB
Mapped:           203992 kB
Shmem:               896 kB
Slab:              51792 kB
SReclaimable:      20720 kB
SUnreclaim:        31072 kB
KernelStack:       10328 kB
PageTables:        16544 kB
NFS_Unstable:          0 kB
Bounce:                0 kB
WritebackTmp:          0 kB
CommitLimit:     1496840 kB
Committed_AS:   22529588 kB
VmallocTotal:     458752 kB
VmallocUsed:       88860 kB
VmallocChunk:     225308 kB
Time pass: 361 sec

---2015-10-26 11:04:01
MemTotal:        1420824 kB
MemFree:           44564 kB
Buffers:           63628 kB
Cached:           533208 kB
SwapCached:         1568 kB
Active:           576308 kB
Inactive:         497636 kB
Active(anon):     233680 kB
Inactive(anon):   245380 kB
Active(file):     342628 kB
Inactive(file):   252256 kB
Unevictable:        1056 kB
Mlocked:               0 kB
HighTotal:       1001472 kB
HighFree:           5524 kB
LowTotal:         419352 kB
LowFree:           39040 kB
SwapTotal:        786428 kB
SwapFree:         759244 kB
Dirty:                 0 kB
Writeback:             0 kB
AnonPages:        476864 kB
Mapped:           204000 kB
Shmem:               896 kB
Slab:              51880 kB
SReclaimable:      20720 kB
SUnreclaim:        31160 kB
KernelStack:       10336 kB
PageTables:        16552 kB
NFS_Unstable:          0 kB
Bounce:                0 kB
WritebackTmp:          0 kB
CommitLimit:     1496840 kB
Committed_AS:   22529568 kB
VmallocTotal:     458752 kB
VmallocUsed:       88860 kB
VmallocChunk:     225308 kB
Time pass: 366 sec

---2015-10-26 11:04:01
MemTotal:        1420824 kB
MemFree:           45044 kB
Buffers:           63628 kB
Cached:           533208 kB
SwapCached:         1568 kB
Active:           576360 kB
Inactive:         497636 kB
Active(anon):     233732 kB
Inactive(anon):   245380 kB
Active(file):     342628 kB
Inactive(file):   252256 kB
Unevictable:        1056 kB
Mlocked:               0 kB
HighTotal:       1001472 kB
HighFree:           5696 kB
LowTotal:         419352 kB
LowFree:           39348 kB
SwapTotal:        786428 kB
SwapFree:         759244 kB
Dirty:                 0 kB
Writeback:             0 kB
AnonPages:        476836 kB
Mapped:           203992 kB
Shmem:               896 kB
Slab:              51848 kB
SReclaimable:      20720 kB
SUnreclaim:        31128 kB
KernelStack:       10328 kB
PageTables:        16548 kB
NFS_Unstable:          0 kB
Bounce:                0 kB
WritebackTmp:          0 kB
CommitLimit:     1496840 kB
Committed_AS:   22529620 kB
VmallocTotal:     458752 kB
VmallocUsed:       88860 kB
VmallocChunk:     225308 kB
Time pass: 370 sec

---2015-10-26 11:04:01
MemTotal:        1420824 kB
MemFree:           45332 kB
Buffers:           63628 kB
Cached:           533208 kB
SwapCached:         1568 kB
Active:           576372 kB
Inactive:         497632 kB
Active(anon):     233740 kB
Inactive(anon):   245380 kB
Active(file):     342632 kB
Inactive(file):   252252 kB
Unevictable:        1056 kB
Mlocked:               0 kB
HighTotal:       1001472 kB
HighFree:           6260 kB
LowTotal:         419352 kB
LowFree:           39072 kB
SwapTotal:        786428 kB
SwapFree:         759244 kB
Dirty:                36 kB
Writeback:             0 kB
AnonPages:        476852 kB
Mapped:           203952 kB
Shmem:               896 kB
Slab:              51820 kB
SReclaimable:      20720 kB
SUnreclaim:        31100 kB
KernelStack:       10304 kB
PageTables:        16528 kB
NFS_Unstable:          0 kB
Bounce:                0 kB
WritebackTmp:          0 kB
CommitLimit:     1496840 kB
Committed_AS:   22529636 kB
VmallocTotal:     458752 kB
VmallocUsed:       88860 kB
VmallocChunk:     225308 kB
Time pass: 374 sec

---2015-10-26 11:04:01
MemTotal:        1420824 kB
MemFree:           44624 kB
Buffers:           63628 kB
Cached:           533224 kB
SwapCached:         1568 kB
Active:           576488 kB
Inactive:         497648 kB
Active(anon):     233856 kB
Inactive(anon):   245380 kB
Active(file):     342632 kB
Inactive(file):   252268 kB
Unevictable:        1056 kB
Mlocked:               0 kB
HighTotal:       1001472 kB
HighFree:           6040 kB
LowTotal:         419352 kB
LowFree:           38584 kB
SwapTotal:        786428 kB
SwapFree:         759244 kB
Dirty:                 0 kB
Writeback:             0 kB
AnonPages:        476940 kB
Mapped:           203992 kB
Shmem:               896 kB
Slab:              51936 kB
SReclaimable:      20720 kB
SUnreclaim:        31216 kB
KernelStack:       10320 kB
PageTables:        16544 kB
NFS_Unstable:          0 kB
Bounce:                0 kB
WritebackTmp:          0 kB
CommitLimit:     1496840 kB
Committed_AS:   22529668 kB
VmallocTotal:     458752 kB
VmallocUsed:       88860 kB
VmallocChunk:     225308 kB
Time pass: 378 sec

---2015-10-26 11:04:01
MemTotal:        1420824 kB
MemFree:           44780 kB
Buffers:           63628 kB
Cached:           533224 kB
SwapCached:         1568 kB
Active:           576520 kB
Inactive:         497648 kB
Active(anon):     233888 kB
Inactive(anon):   245380 kB
Active(file):     342632 kB
Inactive(file):   252268 kB
Unevictable:        1056 kB
Mlocked:               0 kB
HighTotal:       1001472 kB
HighFree:           6048 kB
LowTotal:         419352 kB
LowFree:           38732 kB
SwapTotal:        786428 kB
SwapFree:         759244 kB
Dirty:                32 kB
Writeback:             0 kB
AnonPages:        477000 kB
Mapped:           203952 kB
Shmem:               896 kB
Slab:              51876 kB
SReclaimable:      20720 kB
SUnreclaim:        31156 kB
KernelStack:       10304 kB
PageTables:        16528 kB
NFS_Unstable:          0 kB
Bounce:                0 kB
WritebackTmp:          0 kB
CommitLimit:     1496840 kB
Committed_AS:   22529648 kB
VmallocTotal:     458752 kB
VmallocUsed:       88860 kB
VmallocChunk:     225308 kB
Time pass: 383 sec

---2015-10-26 11:04:01
MemTotal:        1420824 kB
MemFree:           44744 kB
Buffers:           63628 kB
Cached:           533224 kB
SwapCached:         1568 kB
Active:           576632 kB
Inactive:         497648 kB
Active(anon):     234000 kB
Inactive(anon):   245380 kB
Active(file):     342632 kB
Inactive(file):   252268 kB
Unevictable:        1056 kB
Mlocked:               0 kB
HighTotal:       1001472 kB
HighFree:           5608 kB
LowTotal:         419352 kB
LowFree:           39136 kB
SwapTotal:        786428 kB
SwapFree:         759244 kB
Dirty:                32 kB
Writeback:             0 kB
AnonPages:        477016 kB
Mapped:           203992 kB
Shmem:               896 kB
Slab:              51924 kB
SReclaimable:      20720 kB
