---2015-12-15 11:39:31
MemTotal:        1350964 kB
MemFree:           88508 kB
Buffers:            9900 kB
Cached:           610724 kB
SwapCached:            0 kB
Active:           675428 kB
Inactive:         392404 kB
Active(anon):     449272 kB
Inactive(anon):     2588 kB
Active(file):     226156 kB
Inactive(file):   389816 kB
Unevictable:        1988 kB
Mlocked:               0 kB
HighTotal:        802816 kB
HighFree:          20376 kB
LowTotal:         548148 kB
LowFree:           68132 kB
SwapTotal:             0 kB
SwapFree:              0 kB
Dirty:                 0 kB
Writeback:             0 kB
AnonPages:        449372 kB
Mapped:           203940 kB
Shmem:              2632 kB
Slab:              33352 kB
SReclaimable:      12000 kB
SUnreclaim:        21352 kB
KernelStack:        9504 kB
PageTables:        19632 kB
NFS_Unstable:          0 kB
Bounce:                0 kB
WritebackTmp:          0 kB
CommitLimit:      675480 kB
Committed_AS:   45846320 kB
VmallocTotal:     253952 kB
VmallocUsed:       90348 kB
VmallocChunk:      47108 kB
Time pass: 3 sec

---2015-12-15 11:39:31
MemTotal:        1350964 kB
MemFree:           88112 kB
Buffers:            9900 kB
Cached:           610724 kB
SwapCached:            0 kB
Active:           675612 kB
Inactive:         392436 kB
Active(anon):     449456 kB
Inactive(anon):     2588 kB
Active(file):     226156 kB
Inactive(file):   389848 kB
Unevictable:        1988 kB
Mlocked:               0 kB
HighTotal:        802816 kB
HighFree:          20128 kB
LowTotal:         548148 kB
LowFree:           67984 kB
SwapTotal:             0 kB
SwapFree:              0 kB
Dirty:                 0 kB
Writeback:             0 kB
AnonPages:        449404 kB
Mapped:           204092 kB
Shmem:              2632 kB
Slab:              33384 kB
SReclaimable:      12000 kB
SUnreclaim:        21384 kB
KernelStack:        9504 kB
PageTables:        19632 kB
NFS_Unstable:          0 kB
Bounce:                0 kB
WritebackTmp:          0 kB
CommitLimit:      675480 kB
Committed_AS:   45846212 kB
VmallocTotal:     253952 kB
VmallocUsed:       90348 kB
VmallocChunk:      47108 kB
Time pass: 7 sec

---2015-12-15 11:39:31
MemTotal:        1350964 kB
MemFree:           88392 kB
Buffers:            9900 kB
Cached:           610724 kB
SwapCached:            0 kB
Active:           675552 kB
Inactive:         392424 kB
Active(anon):     449384 kB
Inactive(anon):     2588 kB
Active(file):     226168 kB
Inactive(file):   389836 kB
Unevictable:        1988 kB
Mlocked:               0 kB
HighTotal:        802816 kB
HighFree:          20252 kB
LowTotal:         548148 kB
LowFree:           68140 kB
SwapTotal:             0 kB
SwapFree:              0 kB
Dirty:                 0 kB
Writeback:             0 kB
AnonPages:        449444 kB
Mapped:           204092 kB
Shmem:              2632 kB
Slab:              33404 kB
SReclaimable:      12012 kB
SUnreclaim:        21392 kB
KernelStack:        9488 kB
PageTables:        19632 kB
NFS_Unstable:          0 kB
Bounce:                0 kB
WritebackTmp:          0 kB
CommitLimit:      675480 kB
Committed_AS:   45846288 kB
VmallocTotal:     253952 kB
VmallocUsed:       90348 kB
VmallocChunk:      47108 kB
Time pass: 10 sec

---2015-12-15 11:39:31
MemTotal:        1350964 kB
MemFree:           88052 kB
Buffers:            9900 kB
Cached:           610724 kB
SwapCached:            0 kB
Active:           675576 kB
Inactive:         392424 kB
Active(anon):     449408 kB
Inactive(anon):     2588 kB
Active(file):     226168 kB
Inactive(file):   389836 kB
Unevictable:        1988 kB
Mlocked:               0 kB
HighTotal:        802816 kB
HighFree:          20128 kB
LowTotal:         548148 kB
LowFree:           67924 kB
SwapTotal:             0 kB
SwapFree:              0 kB
Dirty:                 0 kB
Writeback:             0 kB
AnonPages:        449368 kB
Mapped:           204044 kB
Shmem:              2632 kB
Slab:              33376 kB
SReclaimable:      12012 kB
SUnreclaim:        21364 kB
KernelStack:        9472 kB
PageTables:        19612 kB
NFS_Unstable:          0 kB
Bounce:                0 kB
WritebackTmp:          0 kB
CommitLimit:      675480 kB
Committed_AS:   45846272 kB
VmallocTotal:     253952 kB
VmallocUsed:       90348 kB
VmallocChunk:      47108 kB
Time pass: 14 sec

---2015-12-15 11:39:31
MemTotal:        1350964 kB
MemFree:           87864 kB
Buffers:            9900 kB
Cached:           610724 kB
SwapCached:            0 kB
Active:           675892 kB
Inactive:         392424 kB
Active(anon):     449724 kB
Inactive(anon):     2588 kB
Active(file):     226168 kB
Inactive(file):   389836 kB
Unevictable:        1988 kB
Mlocked:               0 kB
HighTotal:        802816 kB
HighFree:          20004 kB
LowTotal:         548148 kB
LowFree:           67860 kB
SwapTotal:             0 kB
SwapFree:              0 kB
Dirty:                 0 kB
Writeback:             0 kB
AnonPages:        449768 kB
Mapped:           203944 kB
Shmem:              2632 kB
Slab:              33380 kB
SReclaimable:      12024 kB
SUnreclaim:        21356 kB
KernelStack:        9488 kB
PageTables:        19612 kB
NFS_Unstable:          0 kB
Bounce:                0 kB
WritebackTmp:          0 kB
CommitLimit:      675480 kB
Committed_AS:   45846916 kB
VmallocTotal:     253952 kB
VmallocUsed:       90348 kB
VmallocChunk:      47108 kB
Time pass: 17 sec

---2015-12-15 11:39:31
MemTotal:        1350964 kB
MemFree:           34560 kB
Buffers:            9960 kB
Cached:           604936 kB
SwapCached:            0 kB
Active:           709668 kB
Inactive:         383944 kB
Active(anon):     481004 kB
Inactive(anon):     2720 kB
Active(file):     228664 kB
Inactive(file):   381224 kB
Unevictable:        1988 kB
Mlocked:               0 kB
HighTotal:        802816 kB
HighFree:           2256 kB
LowTotal:         548148 kB
LowFree:           32304 kB
SwapTotal:             0 kB
SwapFree:              0 kB
Dirty:              1008 kB
Writeback:             0 kB
AnonPages:        481308 kB
Mapped:           227288 kB
Shmem:              2764 kB
Slab:              33492 kB
SReclaimable:      11976 kB
SUnreclaim:        21516 kB
KernelStack:        9936 kB
PageTables:        20340 kB
NFS_Unstable:          0 kB
Bounce:                0 kB
WritebackTmp:          0 kB
CommitLimit:      675480 kB
Committed_AS:   46813472 kB
VmallocTotal:     253952 kB
VmallocUsed:       92384 kB
VmallocChunk:      47108 kB
Time pass: 21 sec

---2015-12-15 11:39:31
MemTotal:        1350964 kB
MemFree:           31228 kB
Buffers:            9248 kB
Cached:           579516 kB
SwapCached:            0 kB
Active:           729652 kB
Inactive:         343900 kB
Active(anon):     489140 kB
Inactive(anon):     2716 kB
Active(file):     240512 kB
Inactive(file):   341184 kB
Unevictable:        3888 kB
Mlocked:               0 kB
HighTotal:        802816 kB
HighFree:           2236 kB
LowTotal:         548148 kB
LowFree:           28992 kB
SwapTotal:             0 kB
SwapFree:              0 kB
Dirty:                 0 kB
Writeback:             0 kB
AnonPages:        489276 kB
Mapped:           229104 kB
Shmem:              2760 kB
Slab:              33528 kB
SReclaimable:      12056 kB
SUnreclaim:        21472 kB
KernelStack:       10000 kB
PageTables:        20456 kB
NFS_Unstable:          0 kB
Bounce:                0 kB
WritebackTmp:          0 kB
CommitLimit:      675480 kB
Committed_AS:   46838800 kB
VmallocTotal:     253952 kB
VmallocUsed:       92384 kB
VmallocChunk:      47108 kB
Time pass: 25 sec

---2015-12-15 11:39:31
MemTotal:        1350964 kB
MemFree:           38348 kB
Buffers:            9180 kB
Cached:           559896 kB
SwapCached:            0 kB
Active:           721780 kB
Inactive:         327952 kB
Active(anon):     488024 kB
Inactive(anon):     2716 kB
Active(file):     233756 kB
Inactive(file):   325236 kB
Unevictable:        7268 kB
Mlocked:               0 kB
HighTotal:        802816 kB
HighFree:           5908 kB
LowTotal:         548148 kB
LowFree:           32440 kB
SwapTotal:             0 kB
SwapFree:              0 kB
Dirty:               140 kB
Writeback:             0 kB
AnonPages:        487848 kB
Mapped:           229340 kB
Shmem:              2760 kB
Slab:              33544 kB
SReclaimable:      12064 kB
SUnreclaim:        21480 kB
KernelStack:       10016 kB
PageTables:        20508 kB
NFS_Unstable:          0 kB
Bounce:                0 kB
WritebackTmp:          0 kB
CommitLimit:      675480 kB
Committed_AS:   46850904 kB
VmallocTotal:     253952 kB
VmallocUsed:       92384 kB
VmallocChunk:      47108 kB
Time pass: 29 sec

---2015-12-15 11:39:31
MemTotal:        1350964 kB
MemFree:           31928 kB
Buffers:            9180 kB
Cached:           559884 kB
SwapCached:            0 kB
Active:           722888 kB
Inactive:         327856 kB
Active(anon):     488992 kB
Inactive(anon):     2716 kB
Active(file):     233896 kB
Inactive(file):   325140 kB
Unevictable:        7268 kB
Mlocked:               0 kB
HighTotal:        802816 kB
HighFree:           2212 kB
LowTotal:         548148 kB
LowFree:           29716 kB
SwapTotal:             0 kB
SwapFree:              0 kB
Dirty:               140 kB
Writeback:             0 kB
AnonPages:        488852 kB
Mapped:           229440 kB
Shmem:              2760 kB
Slab:              33552 kB
SReclaimable:      12064 kB
SUnreclaim:        21488 kB
KernelStack:       10016 kB
PageTables:        20516 kB
NFS_Unstable:          0 kB
Bounce:                0 kB
WritebackTmp:          0 kB
CommitLimit:      675480 kB
Committed_AS:   46857280 kB
VmallocTotal:     253952 kB
VmallocUsed:       92384 kB
VmallocChunk:      47108 kB
Time pass: 32 sec

---2015-12-15 11:39:31
MemTotal:        1350964 kB
MemFree:           39052 kB
Buffers:            9188 kB
Cached:           553016 kB
SwapCached:            0 kB
Active:           721496 kB
Inactive:         323216 kB
Active(anon):     489868 kB
Inactive(anon):     2716 kB
Active(file):     231628 kB
Inactive(file):   320500 kB
Unevictable:        7268 kB
Mlocked:               0 kB
HighTotal:        802816 kB
HighFree:           8112 kB
LowTotal:         548148 kB
LowFree:           30940 kB
SwapTotal:             0 kB
SwapFree:              0 kB
Dirty:               280 kB
Writeback:             0 kB
AnonPages:        489732 kB
Mapped:           229652 kB
Shmem:              2760 kB
Slab:              33568 kB
SReclaimable:      12064 kB
SUnreclaim:        21504 kB
KernelStack:       10032 kB
PageTables:        20528 kB
NFS_Unstable:          0 kB
Bounce:                0 kB
WritebackTmp:          0 kB
CommitLimit:      675480 kB
Committed_AS:   46858280 kB
VmallocTotal:     253952 kB
VmallocUsed:       92384 kB
VmallocChunk:      47108 kB
Time pass: 36 sec

---2015-12-15 11:39:31
MemTotal:        1350964 kB
MemFree:           32884 kB
Buffers:            9164 kB
Cached:           518940 kB
SwapCached:            0 kB
Active:           726624 kB
Inactive:         297664 kB
Active(anon):     503496 kB
Inactive(anon):     2716 kB
Active(file):     223128 kB
Inactive(file):   294948 kB
Unevictable:        7268 kB
Mlocked:               0 kB
HighTotal:        802816 kB
HighFree:           3104 kB
LowTotal:         548148 kB
LowFree:           29780 kB
SwapTotal:             0 kB
SwapFree:              0 kB
Dirty:               284 kB
Writeback:             0 kB
AnonPages:        503540 kB
Mapped:           228668 kB
Shmem:              2760 kB
Slab:              33604 kB
SReclaimable:      12064 kB
SUnreclaim:        21540 kB
KernelStack:       10048 kB
PageTables:        20744 kB
NFS_Unstable:          0 kB
Bounce:                0 kB
WritebackTmp:          0 kB
CommitLimit:      675480 kB
Committed_AS:   46967884 kB
VmallocTotal:     253952 kB
VmallocUsed:       92952 kB
VmallocChunk:      47108 kB
Time pass: 40 sec

---2015-12-15 11:39:31
MemTotal:        1350964 kB
MemFree:           35816 kB
Buffers:            9164 kB
Cached:           514772 kB
SwapCached:            0 kB
Active:           727788 kB
Inactive:         294640 kB
Active(anon):     505804 kB
Inactive(anon):     2716 kB
Active(file):     221984 kB
Inactive(file):   291924 kB
Unevictable:        7268 kB
Mlocked:               0 kB
HighTotal:        802816 kB
HighFree:           4916 kB
LowTotal:         548148 kB
LowFree:           30900 kB
SwapTotal:             0 kB
SwapFree:              0 kB
Dirty:                52 kB
Writeback:             0 kB
AnonPages:        505784 kB
Mapped:           228756 kB
Shmem:              2760 kB
Slab:              33528 kB
SReclaimable:      12064 kB
SUnreclaim:        21464 kB
KernelStack:       10048 kB
PageTables:        20764 kB
NFS_Unstable:          0 kB
Bounce:                0 kB
WritebackTmp:          0 kB
CommitLimit:      675480 kB
Committed_AS:   46966208 kB
VmallocTotal:     253952 kB
VmallocUsed:       92952 kB
VmallocChunk:      47108 kB
Time pass: 43 sec

---2015-12-15 11:39:31
MemTotal:        1350964 kB
MemFree:           45180 kB
Buffers:            9180 kB
Cached:           515296 kB
SwapCached:            0 kB
Active:           739124 kB
Inactive:         294964 kB
Active(anon):     516952 kB
Inactive(anon):     2716 kB
Active(file):     222172 kB
Inactive(file):   292248 kB
Unevictable:        7268 kB
Mlocked:               0 kB
HighTotal:        802816 kB
HighFree:           5892 kB
LowTotal:         548148 kB
LowFree:           39288 kB
SwapTotal:             0 kB
SwapFree:              0 kB
Dirty:               200 kB
Writeback:             0 kB
AnonPages:        517072 kB
Mapped:           229812 kB
Shmem:              2760 kB
Slab:              33720 kB
SReclaimable:      12088 kB
SUnreclaim:        21632 kB
KernelStack:       10096 kB
PageTables:        20740 kB
NFS_Unstable:          0 kB
Bounce:                0 kB
WritebackTmp:          0 kB
CommitLimit:      675480 kB
Committed_AS:   46946644 kB
VmallocTotal:     253952 kB
VmallocUsed:       93168 kB
VmallocChunk:      47108 kB
Time pass: 47 sec

---2015-12-15 11:39:31
MemTotal:        1350964 kB
MemFree:           30900 kB
Buffers:            8868 kB
Cached:           510764 kB
SwapCached:            0 kB
Active:           745840 kB
Inactive:         292392 kB
Active(anon):     526008 kB
Inactive(anon):     2716 kB
Active(file):     219832 kB
Inactive(file):   289676 kB
Unevictable:        7268 kB
Mlocked:               0 kB
HighTotal:        802816 kB
HighFree:           2120 kB
LowTotal:         548148 kB
LowFree:           28780 kB
SwapTotal:             0 kB
SwapFree:              0 kB
Dirty:              6616 kB
Writeback:             0 kB
AnonPages:        526204 kB
Mapped:           229868 kB
Shmem:              2760 kB
Slab:              33840 kB
SReclaimable:      12120 kB
SUnreclaim:        21720 kB
KernelStack:       10096 kB
PageTables:        20776 kB
NFS_Unstable:          0 kB
Bounce:                0 kB
WritebackTmp:          0 kB
CommitLimit:      675480 kB
Committed_AS:   46968700 kB
VmallocTotal:     253952 kB
VmallocUsed:       93168 kB
VmallocChunk:      47108 kB
Time pass: 51 sec

---2015-12-15 11:39:31
MemTotal:        1350964 kB
MemFree:           31664 kB
Buffers:            8972 kB
Cached:           507852 kB
SwapCached:            0 kB
Active:           745792 kB
Inactive:         290256 kB
Active(anon):     526536 kB
Inactive(anon):     2716 kB
Active(file):     219256 kB
Inactive(file):   287540 kB
Unevictable:        7268 kB
Mlocked:               0 kB
HighTotal:        802816 kB
HighFree:           2260 kB
LowTotal:         548148 kB
LowFree:           29404 kB
SwapTotal:             0 kB
SwapFree:              0 kB
Dirty:              6552 kB
Writeback:             0 kB
AnonPages:        526552 kB
Mapped:           229616 kB
Shmem:              2760 kB
Slab:              33908 kB
SReclaimable:      12204 kB
SUnreclaim:        21704 kB
KernelStack:       10096 kB
PageTables:        20788 kB
NFS_Unstable:          0 kB
Bounce:                0 kB
WritebackTmp:          0 kB
CommitLimit:      675480 kB
Committed_AS:   46970312 kB
VmallocTotal:     253952 kB
VmallocUsed:       93168 kB
VmallocChunk:      47108 kB
Time pass: 54 sec

---2015-12-15 11:39:31
MemTotal:        1350964 kB
MemFree:           31232 kB
Buffers:            8984 kB
Cached:           508232 kB
SwapCached:            0 kB
Active:           745812 kB
Inactive:         290604 kB
Active(anon):     526544 kB
Inactive(anon):     2716 kB
Active(file):     219268 kB
Inactive(file):   287888 kB
Unevictable:        7268 kB
Mlocked:               0 kB
HighTotal:        802816 kB
HighFree:           1788 kB
LowTotal:         548148 kB
LowFree:           29444 kB
SwapTotal:             0 kB
SwapFree:              0 kB
Dirty:                76 kB
Writeback:             0 kB
AnonPages:        526444 kB
Mapped:           229996 kB
Shmem:              2760 kB
Slab:              33908 kB
SReclaimable:      12204 kB
SUnreclaim:        21704 kB
KernelStack:       10096 kB
PageTables:        20788 kB
NFS_Unstable:          0 kB
Bounce:                0 kB
WritebackTmp:          0 kB
CommitLimit:      675480 kB
Committed_AS:   46970048 kB
VmallocTotal:     253952 kB
VmallocUsed:       93168 kB
VmallocChunk:      47108 kB
Time pass: 58 sec

---2015-12-15 11:39:31
MemTotal:        1350964 kB
MemFree:           34724 kB
Buffers:            9016 kB
Cached:           505784 kB
SwapCached:            0 kB
Active:           741184 kB
Inactive:         288424 kB
Active(anon):     522148 kB
Inactive(anon):     2716 kB
Active(file):     219036 kB
Inactive(file):   285708 kB
Unevictable:        7268 kB
Mlocked:               0 kB
HighTotal:        802816 kB
HighFree:           5088 kB
LowTotal:         548148 kB
LowFree:           29636 kB
SwapTotal:             0 kB
SwapFree:              0 kB
Dirty:               204 kB
Writeback:             0 kB
AnonPages:        522188 kB
Mapped:           230408 kB
Shmem:              2760 kB
Slab:              33964 kB
SReclaimable:      12228 kB
SUnreclaim:        21736 kB
KernelStack:       10104 kB
PageTables:        20784 kB
NFS_Unstable:          0 kB
Bounce:                0 kB
WritebackTmp:          0 kB
CommitLimit:      675480 kB
Committed_AS:   46966000 kB
VmallocTotal:     253952 kB
VmallocUsed:       93168 kB
VmallocChunk:      47108 kB
Time pass: 62 sec

---2015-12-15 11:39:31
MemTotal:        1350964 kB
MemFree:           34028 kB
Buffers:            9024 kB
Cached:           505888 kB
SwapCached:            0 kB
Active:           741240 kB
Inactive:         288508 kB
Active(anon):     522204 kB
Inactive(anon):     2716 kB
Active(file):     219036 kB
Inactive(file):   285792 kB
Unevictable:        7268 kB
Mlocked:               0 kB
HighTotal:        802816 kB
HighFree:           4640 kB
LowTotal:         548148 kB
LowFree:           29388 kB
SwapTotal:             0 kB
SwapFree:              0 kB
Dirty:               244 kB
Writeback:             0 kB
AnonPages:        522220 kB
Mapped:           230560 kB
Shmem:              2760 kB
Slab:              33984 kB
SReclaimable:      12228 kB
SUnreclaim:        21756 kB
KernelStack:       10104 kB
PageTables:        20784 kB
NFS_Unstable:          0 kB
Bounce:                0 kB
WritebackTmp:          0 kB
CommitLimit:      675480 kB
Committed_AS:   46966060 kB
VmallocTotal:     253952 kB
VmallocUsed:       93168 kB
VmallocChunk:      47108 kB
Time pass: 65 sec

---2015-12-15 11:39:31
MemTotal:        1350964 kB
MemFree:           35268 kB
Buffers:            8868 kB
Cached:           493888 kB
SwapCached:            0 kB
Active:           743864 kB
Inactive:         277148 kB
Active(anon):     526496 kB
Inactive(anon):     2716 kB
Active(file):     217368 kB
Inactive(file):   274432 kB
Unevictable:        8096 kB
Mlocked:               0 kB
HighTotal:        802816 kB
HighFree:           4428 kB
LowTotal:         548148 kB
LowFree:           30840 kB
SwapTotal:             0 kB
SwapFree:              0 kB
Dirty:               700 kB
Writeback:             0 kB
AnonPages:        526336 kB
Mapped:           230616 kB
Shmem:              2760 kB
Slab:              34084 kB
SReclaimable:      12244 kB
SUnreclaim:        21840 kB
KernelStack:       10104 kB
PageTables:        20796 kB
NFS_Unstable:          0 kB
Bounce:                0 kB
WritebackTmp:          0 kB
CommitLimit:      675480 kB
Committed_AS:   46976276 kB
VmallocTotal:     253952 kB
VmallocUsed:       93168 kB
VmallocChunk:      47108 kB
Time pass: 68 sec

---2015-12-15 11:39:31
MemTotal:        1350964 kB
MemFree:           33464 kB
Buffers:            8764 kB
Cached:           489684 kB
SwapCached:            0 kB
Active:           748580 kB
Inactive:         273344 kB
Active(anon):     532012 kB
Inactive(anon):     2716 kB
Active(file):     216568 kB
Inactive(file):   270628 kB
Unevictable:        8152 kB
Mlocked:               0 kB
HighTotal:        802816 kB
HighFree:           2832 kB
LowTotal:         548148 kB
LowFree:           30632 kB
SwapTotal:             0 kB
SwapFree:              0 kB
Dirty:                 4 kB
Writeback:             0 kB
AnonPages:        531876 kB
Mapped:           233296 kB
Shmem:              2760 kB
Slab:              34060 kB
SReclaimable:      12244 kB
SUnreclaim:        21816 kB
KernelStack:       10176 kB
PageTables:        20836 kB
NFS_Unstable:          0 kB
Bounce:                0 kB
WritebackTmp:          0 kB
CommitLimit:      675480 kB
Committed_AS:   46988964 kB
VmallocTotal:     253952 kB
VmallocUsed:       93168 kB
VmallocChunk:      47108 kB
Time pass: 72 sec

---2015-12-15 11:39:31
MemTotal:        1350964 kB
MemFree:           32364 kB
Buffers:            8808 kB
Cached:           476912 kB
SwapCached:            0 kB
Active:           755812 kB
Inactive:         264200 kB
Active(anon):     542844 kB
Inactive(anon):     2716 kB
Active(file):     212968 kB
Inactive(file):   261484 kB
Unevictable:        8152 kB
Mlocked:               0 kB
HighTotal:        802816 kB
HighFree:           2196 kB
LowTotal:         548148 kB
LowFree:           30168 kB
SwapTotal:             0 kB
SwapFree:              0 kB
Dirty:               356 kB
Writeback:             0 kB
AnonPages:        542992 kB
Mapped:           233568 kB
Shmem:              2760 kB
Slab:              34024 kB
SReclaimable:      12268 kB
SUnreclaim:        21756 kB
KernelStack:       10272 kB
PageTables:        20916 kB
NFS_Unstable:          0 kB
Bounce:                0 kB
WritebackTmp:          0 kB
CommitLimit:      675480 kB
Committed_AS:   47008920 kB
VmallocTotal:     253952 kB
VmallocUsed:       94060 kB
VmallocChunk:      47108 kB
Time pass: 76 sec

---2015-12-15 11:39:31
MemTotal:        1350964 kB
MemFree:           31240 kB
Buffers:            8832 kB
Cached:           468856 kB
SwapCached:            0 kB
Active:           760188 kB
Inactive:         256476 kB
Active(anon):     547192 kB
Inactive(anon):     2832 kB
Active(file):     212996 kB
Inactive(file):   253644 kB
Unevictable:        8152 kB
Mlocked:               0 kB
HighTotal:        802816 kB
HighFree:           1600 kB
LowTotal:         548148 kB
LowFree:           29640 kB
SwapTotal:             0 kB
SwapFree:              0 kB
Dirty:                60 kB
Writeback:             0 kB
AnonPages:        547316 kB
Mapped:           232668 kB
Shmem:              2880 kB
Slab:              34108 kB
SReclaimable:      12252 kB
SUnreclaim:        21856 kB
KernelStack:       10288 kB
PageTables:        20992 kB
NFS_Unstable:          0 kB
Bounce:                0 kB
WritebackTmp:          0 kB
CommitLimit:      675480 kB
Committed_AS:   47021348 kB
VmallocTotal:     253952 kB
VmallocUsed:       94496 kB
VmallocChunk:      47108 kB
Time pass: 80 sec

---2015-12-15 11:39:31
MemTotal:        1350964 kB
MemFree:           31308 kB
Buffers:            8832 kB
Cached:           466896 kB
SwapCached:            0 kB
Active:           761468 kB
Inactive:         254124 kB
Active(anon):     548096 kB
Inactive(anon):     2944 kB
Active(file):     213372 kB
Inactive(file):   251180 kB
Unevictable:        8152 kB
Mlocked:               0 kB
HighTotal:        802816 kB
HighFree:           2528 kB
LowTotal:         548148 kB
LowFree:           28780 kB
SwapTotal:             0 kB
SwapFree:              0 kB
Dirty:                 0 kB
Writeback:             0 kB
AnonPages:        548288 kB
Mapped:           231448 kB
Shmem:              3024 kB
Slab:              34120 kB
SReclaimable:      12240 kB
SUnreclaim:        21880 kB
KernelStack:       10296 kB
PageTables:        21168 kB
NFS_Unstable:          0 kB
Bounce:                0 kB
WritebackTmp:          0 kB
CommitLimit:      675480 kB
Committed_AS:   47021956 kB
VmallocTotal:     253952 kB
VmallocUsed:       94496 kB
VmallocChunk:      47108 kB
Time pass: 84 sec

---2015-12-15 11:39:31
MemTotal:        1350964 kB
MemFree:           31412 kB
Buffers:            8856 kB
Cached:           466896 kB
SwapCached:            0 kB
Active:           761588 kB
Inactive:         254180 kB
Active(anon):     548216 kB
Inactive(anon):     2976 kB
Active(file):     213372 kB
Inactive(file):   251204 kB
Unevictable:        8152 kB
Mlocked:               0 kB
HighTotal:        802816 kB
HighFree:           1536 kB
LowTotal:         548148 kB
LowFree:           29876 kB
SwapTotal:             0 kB
SwapFree:              0 kB
Dirty:                44 kB
Writeback:             0 kB
AnonPages:        548144 kB
Mapped:           231448 kB
Shmem:              3024 kB
Slab:              34296 kB
SReclaimable:      12240 kB
SUnreclaim:        22056 kB
KernelStack:       10304 kB
PageTables:        21160 kB
NFS_Unstable:          0 kB
Bounce:                0 kB
WritebackTmp:          0 kB
CommitLimit:      675480 kB
Committed_AS:   47021960 kB
VmallocTotal:     253952 kB
VmallocUsed:       94496 kB
VmallocChunk:      47108 kB
Time pass: 87 sec

---2015-12-15 11:39:31
MemTotal:        1350964 kB
MemFree:           31196 kB
Buffers:            8880 kB
Cached:           466864 kB
SwapCached:            0 kB
Active:           761992 kB
Inactive:         254180 kB
Active(anon):     548628 kB
Inactive(anon):     2976 kB
Active(file):     213364 kB
Inactive(file):   251204 kB
Unevictable:        8152 kB
Mlocked:               0 kB
HighTotal:        802816 kB
HighFree:           1536 kB
LowTotal:         548148 kB
LowFree:           29660 kB
SwapTotal:             0 kB
SwapFree:              0 kB
Dirty:                 0 kB
Writeback:             0 kB
AnonPages:        548608 kB
Mapped:           231492 kB
Shmem:              3024 kB
Slab:              34192 kB
SReclaimable:      12240 kB
SUnreclaim:        21952 kB
KernelStack:       10304 kB
PageTables:        21168 kB
NFS_Unstable:          0 kB
Bounce:                0 kB
WritebackTmp:          0 kB
CommitLimit:      675480 kB
Committed_AS:   47022032 kB
VmallocTotal:     253952 kB
VmallocUsed:       94496 kB
VmallocChunk:      47108 kB
Time pass: 91 sec

---2015-12-15 11:39:31
MemTotal:        1350964 kB
MemFree:           31312 kB
Buffers:            8880 kB
Cached:           466896 kB
SwapCached:            0 kB
Active:           761664 kB
Inactive:         254204 kB
Active(anon):     548292 kB
Inactive(anon):     2976 kB
Active(file):     213372 kB
Inactive(file):   251228 kB
Unevictable:        8152 kB
Mlocked:               0 kB
HighTotal:        802816 kB
HighFree:           1536 kB
LowTotal:         548148 kB
LowFree:           29776 kB
SwapTotal:             0 kB
SwapFree:              0 kB
Dirty:                40 kB
Writeback:             0 kB
AnonPages:        548492 kB
Mapped:           231444 kB
Shmem:              3024 kB
Slab:              34324 kB
SReclaimable:      12240 kB
SUnreclaim:        22084 kB
KernelStack:       10304 kB
PageTables:        21148 kB
NFS_Unstable:          0 kB
Bounce:                0 kB
WritebackTmp:          0 kB
CommitLimit:      675480 kB
Committed_AS:   47022572 kB
VmallocTotal:     253952 kB
VmallocUsed:       94496 kB
VmallocChunk:      47108 kB
Time pass: 95 sec

---2015-12-15 11:39:31
MemTotal:        1350964 kB
MemFree:           34700 kB
Buffers:            8760 kB
Cached:           462700 kB
SwapCached:            0 kB
Active:           761436 kB
Inactive:         251036 kB
Active(anon):     549212 kB
Inactive(anon):     2976 kB
Active(file):     212224 kB
Inactive(file):   248060 kB
Unevictable:        8152 kB
Mlocked:               0 kB
HighTotal:        802816 kB
HighFree:           3796 kB
LowTotal:         548148 kB
LowFree:           30904 kB
SwapTotal:             0 kB
SwapFree:              0 kB
Dirty:                 0 kB
Writeback:             0 kB
AnonPages:        549240 kB
Mapped:           231384 kB
Shmem:              3024 kB
Slab:              34200 kB
SReclaimable:      12240 kB
SUnreclaim:        21960 kB
KernelStack:       10288 kB
PageTables:        21152 kB
NFS_Unstable:          0 kB
Bounce:                0 kB
WritebackTmp:          0 kB
CommitLimit:      675480 kB
Committed_AS:   47023952 kB
VmallocTotal:     253952 kB
VmallocUsed:       94496 kB
VmallocChunk:      47108 kB
Time pass: 99 sec

---2015-12-15 11:39:31
MemTotal:        1350964 kB
MemFree:           34116 kB
Buffers:            8768 kB
Cached:           462796 kB
SwapCached:            0 kB
Active:           760932 kB
Inactive:         251120 kB
Active(anon):     548708 kB
Inactive(anon):     2976 kB
Active(file):     212224 kB
Inactive(file):   248144 kB
Unevictable:        8152 kB
Mlocked:               0 kB
HighTotal:        802816 kB
HighFree:           3328 kB
LowTotal:         548148 kB
LowFree:           30788 kB
SwapTotal:             0 kB
SwapFree:              0 kB
Dirty:                28 kB
Writeback:             0 kB
AnonPages:        548628 kB
Mapped:           231304 kB
Shmem:              3044 kB
Slab:              34156 kB
SReclaimable:      12240 kB
SUnreclaim:        21916 kB
KernelStack:       10296 kB
PageTables:        21172 kB
NFS_Unstable:          0 kB
Bounce:                0 kB
WritebackTmp:          0 kB
CommitLimit:      675480 kB
Committed_AS:   47023880 kB
VmallocTotal:     253952 kB
VmallocUsed:       94496 kB
VmallocChunk:      47108 kB
Time pass: 102 sec

---2015-12-15 11:39:31
MemTotal:        1350964 kB
MemFree:           33944 kB
Buffers:            8784 kB
Cached:           462796 kB
SwapCached:            0 kB
Active:           761056 kB
Inactive:         251156 kB
Active(anon):     548832 kB
Inactive(anon):     2996 kB
Active(file):     212224 kB
Inactive(file):   248160 kB
Unevictable:        8152 kB
Mlocked:               0 kB
HighTotal:        802816 kB
HighFree:           2528 kB
LowTotal:         548148 kB
LowFree:           31416 kB
SwapTotal:             0 kB
SwapFree:              0 kB
Dirty:                40 kB
Writeback:             0 kB
AnonPages:        548656 kB
Mapped:           231452 kB
Shmem:              3044 kB
Slab:              34224 kB
SReclaimable:      12240 kB
SUnreclaim:        21984 kB
KernelStack:       10288 kB
PageTables:        21172 kB
NFS_Unstable:          0 kB
Bounce:                0 kB
WritebackTmp:          0 kB
CommitLimit:      675480 kB
Committed_AS:   47022704 kB
VmallocTotal:     253952 kB
VmallocUsed:       94496 kB
VmallocChunk:      47108 kB
Time pass: 106 sec

---2015-12-15 11:39:31
MemTotal:        1350964 kB
MemFree:           33440 kB
Buffers:            8792 kB
Cached:           462824 kB
SwapCached:            0 kB
Active:           762088 kB
Inactive:         251184 kB
Active(anon):     549864 kB
Inactive(anon):     3024 kB
Active(file):     212224 kB
Inactive(file):   248160 kB
Unevictable:        8152 kB
Mlocked:               0 kB
HighTotal:        802816 kB
HighFree:           1784 kB
LowTotal:         548148 kB
LowFree:           31656 kB
SwapTotal:             0 kB
SwapFree:              0 kB
Dirty:                28 kB
Writeback:             0 kB
AnonPages:        549904 kB
Mapped:           231480 kB
Shmem:              3072 kB
Slab:              34184 kB
SReclaimable:      12240 kB
SUnreclaim:        21944 kB
KernelStack:       10280 kB
PageTables:        21172 kB
NFS_Unstable:          0 kB
Bounce:                0 kB
WritebackTmp:          0 kB
CommitLimit:      675480 kB
Committed_AS:   47023816 kB
VmallocTotal:     253952 kB
VmallocUsed:       94496 kB
VmallocChunk:      47108 kB
Time pass: 110 sec

---2015-12-15 11:39:31
MemTotal:        1350964 kB
MemFree:           34416 kB
Buffers:            8792 kB
Cached:           462824 kB
SwapCached:            0 kB
Active:           760928 kB
Inactive:         251192 kB
Active(anon):     548704 kB
Inactive(anon):     3024 kB
Active(file):     212224 kB
Inactive(file):   248168 kB
Unevictable:        8152 kB
Mlocked:               0 kB
HighTotal:        802816 kB
HighFree:           1536 kB
LowTotal:         548148 kB
LowFree:           32880 kB
SwapTotal:             0 kB
SwapFree:              0 kB
Dirty:                28 kB
Writeback:             0 kB
AnonPages:        548768 kB
Mapped:           231496 kB
Shmem:              3072 kB
Slab:              34228 kB
SReclaimable:      12240 kB
SUnreclaim:        21988 kB
KernelStack:       10272 kB
PageTables:        21172 kB
NFS_Unstable:          0 kB
Bounce:                0 kB
WritebackTmp:          0 kB
CommitLimit:      675480 kB
Committed_AS:   47022612 kB
VmallocTotal:     253952 kB
VmallocUsed:       94496 kB
VmallocChunk:      47108 kB
Time pass: 113 sec

---2015-12-15 11:39:31
MemTotal:        1350964 kB
MemFree:           34688 kB
Buffers:            8792 kB
Cached:           462824 kB
SwapCached:            0 kB
Active:           761000 kB
Inactive:         251192 kB
Active(anon):     548776 kB
Inactive(anon):     3024 kB
Active(file):     212224 kB
Inactive(file):   248168 kB
Unevictable:        8152 kB
Mlocked:               0 kB
HighTotal:        802816 kB
HighFree:           1536 kB
LowTotal:         548148 kB
LowFree:           33152 kB
SwapTotal:             0 kB
SwapFree:              0 kB
Dirty:                 0 kB
Writeback:             0 kB
AnonPages:        548848 kB
Mapped:           231496 kB
Shmem:              3072 kB
Slab:              34244 kB
SReclaimable:      12240 kB
SUnreclaim:        22004 kB
KernelStack:       10272 kB
PageTables:        21172 kB
NFS_Unstable:          0 kB
Bounce:                0 kB
WritebackTmp:          0 kB
CommitLimit:      675480 kB
Committed_AS:   47022644 kB
VmallocTotal:     253952 kB
VmallocUsed:       94496 kB
VmallocChunk:      47108 kB
Time pass: 117 sec

---2015-12-15 11:39:31
MemTotal:        1350964 kB
MemFree:           34208 kB
Buffers:            8792 kB
Cached:           462916 kB
SwapCached:            0 kB
Active:           761156 kB
Inactive:         251284 kB
Active(anon):     548932 kB
Inactive(anon):     3116 kB
Active(file):     212224 kB
Inactive(file):   248168 kB
Unevictable:        8152 kB
Mlocked:               0 kB
HighTotal:        802816 kB
HighFree:           1536 kB
LowTotal:         548148 kB
LowFree:           32672 kB
SwapTotal:             0 kB
SwapFree:              0 kB
Dirty:                 0 kB
Writeback:             0 kB
AnonPages:        548904 kB
Mapped:           231540 kB
Shmem:              3164 kB
Slab:              34244 kB
SReclaimable:      12240 kB
SUnreclaim:        22004 kB
KernelStack:       10272 kB
PageTables:        21152 kB
NFS_Unstable:          0 kB
Bounce:                0 kB
WritebackTmp:          0 kB
CommitLimit:      675480 kB
Committed_AS:   47022632 kB
VmallocTotal:     253952 kB
VmallocUsed:       94496 kB
VmallocChunk:      47108 kB
Time pass: 121 sec

---2015-12-15 11:39:31
MemTotal:        1350964 kB
MemFree:           34348 kB
Buffers:            8792 kB
Cached:           462916 kB
SwapCached:            0 kB
Active:           761664 kB
Inactive:         251284 kB
Active(anon):     549440 kB
Inactive(anon):     3116 kB
Active(file):     212224 kB
Inactive(file):   248168 kB
Unevictable:        8152 kB
Mlocked:               0 kB
HighTotal:        802816 kB
HighFree:           1536 kB
LowTotal:         548148 kB
LowFree:           32812 kB
SwapTotal:             0 kB
SwapFree:              0 kB
Dirty:                 0 kB
Writeback:             0 kB
AnonPages:        549496 kB
Mapped:           231440 kB
Shmem:              3164 kB
Slab:              34208 kB
SReclaimable:      12240 kB
SUnreclaim:        21968 kB
KernelStack:       10272 kB
PageTables:        21172 kB
NFS_Unstable:          0 kB
Bounce:                0 kB
WritebackTmp:          0 kB
CommitLimit:      675480 kB
Committed_AS:   47023176 kB
VmallocTotal:     253952 kB
VmallocUsed:       94496 kB
VmallocChunk:      47108 kB
Time pass: 124 sec

---2015-12-15 11:39:31
MemTotal:        1350964 kB
MemFree:           31136 kB
Buffers:            8820 kB
Cached:           464020 kB
SwapCached:            0 kB
Active:           762592 kB
Inactive:         252256 kB
Active(anon):     550280 kB
Inactive(anon):     3836 kB
Active(file):     212312 kB
Inactive(file):   248420 kB
Unevictable:        8152 kB
Mlocked:               0 kB
HighTotal:        802816 kB
HighFree:           1784 kB
LowTotal:         548148 kB
LowFree:           29352 kB
SwapTotal:             0 kB
SwapFree:              0 kB
Dirty:                 4 kB
Writeback:             0 kB
AnonPages:        550276 kB
Mapped:           232376 kB
Shmem:              3884 kB
Slab:              34232 kB
SReclaimable:      12240 kB
SUnreclaim:        21992 kB
KernelStack:       10336 kB
PageTables:        21188 kB
NFS_Unstable:          0 kB
Bounce:                0 kB
WritebackTmp:          0 kB
CommitLimit:      675480 kB
Committed_AS:   47023036 kB
VmallocTotal:     253952 kB
VmallocUsed:       94496 kB
VmallocChunk:      47108 kB
Time pass: 128 sec

---2015-12-15 11:39:31
MemTotal:        1350964 kB
MemFree:           31308 kB
Buffers:            8828 kB
Cached:           464020 kB
SwapCached:            0 kB
Active:           762672 kB
Inactive:         252328 kB
Active(anon):     550360 kB
Inactive(anon):     3836 kB
Active(file):     212312 kB
Inactive(file):   248492 kB
Unevictable:        8152 kB
Mlocked:               0 kB
HighTotal:        802816 kB
HighFree:           2008 kB
LowTotal:         548148 kB
LowFree:           29300 kB
SwapTotal:             0 kB
SwapFree:              0 kB
Dirty:                16 kB
Writeback:             0 kB
AnonPages:        550372 kB
Mapped:           232228 kB
Shmem:              3884 kB
Slab:              34200 kB
SReclaimable:      12240 kB
SUnreclaim:        21960 kB
KernelStack:       10280 kB
PageTables:        21192 kB
NFS_Unstable:          0 kB
Bounce:                0 kB
WritebackTmp:          0 kB
CommitLimit:      675480 kB
Committed_AS:   47023036 kB
VmallocTotal:     253952 kB
VmallocUsed:       94496 kB
VmallocChunk:      47108 kB
Time pass: 132 sec

---2015-12-15 11:39:31
MemTotal:        1350964 kB
MemFree:           30972 kB
Buffers:            8828 kB
Cached:           464020 kB
SwapCached:            0 kB
Active:           762700 kB
Inactive:         252336 kB
Active(anon):     550388 kB
Inactive(anon):     3836 kB
Active(file):     212312 kB
Inactive(file):   248500 kB
Unevictable:        8152 kB
Mlocked:               0 kB
HighTotal:        802816 kB
HighFree:           1536 kB
LowTotal:         548148 kB
LowFree:           29436 kB
SwapTotal:             0 kB
SwapFree:              0 kB
Dirty:                16 kB
Writeback:             0 kB
AnonPages:        550440 kB
Mapped:           232376 kB
Shmem:              3884 kB
Slab:              34212 kB
SReclaimable:      12240 kB
SUnreclaim:        21972 kB
KernelStack:       10144 kB
PageTables:        21168 kB
NFS_Unstable:          0 kB
Bounce:                0 kB
WritebackTmp:          0 kB
CommitLimit:      675480 kB
Committed_AS:   47022820 kB
VmallocTotal:     253952 kB
VmallocUsed:       94496 kB
VmallocChunk:      47108 kB
Time pass: 135 sec

---2015-12-15 11:39:31
MemTotal:        1350964 kB
MemFree:           46112 kB
Buffers:            8828 kB
Cached:           463376 kB
SwapCached:            0 kB
Active:           754448 kB
Inactive:         251640 kB
Active(anon):     542128 kB
Inactive(anon):     2716 kB
Active(file):     212320 kB
Inactive(file):   248924 kB
Unevictable:        8152 kB
Mlocked:               0 kB
HighTotal:        802816 kB
HighFree:           7588 kB
LowTotal:         548148 kB
LowFree:           38524 kB
SwapTotal:             0 kB
SwapFree:              0 kB
Dirty:                 0 kB
Writeback:             0 kB
AnonPages:        542188 kB
Mapped:           231148 kB
Shmem:              2760 kB
Slab:              34236 kB
SReclaimable:      12240 kB
SUnreclaim:        21996 kB
KernelStack:        9624 kB
PageTables:        20832 kB
NFS_Unstable:          0 kB
Bounce:                0 kB
WritebackTmp:          0 kB
CommitLimit:      675480 kB
Committed_AS:   46994256 kB
VmallocTotal:     253952 kB
VmallocUsed:       94300 kB
VmallocChunk:      47108 kB
Time pass: 139 sec

---2015-12-15 11:39:31
MemTotal:        1350964 kB
MemFree:           78724 kB
Buffers:            8868 kB
Cached:           464792 kB
SwapCached:            0 kB
Active:           756768 kB
Inactive:         249648 kB
Active(anon):     540952 kB
Inactive(anon):     2716 kB
Active(file):     215816 kB
Inactive(file):   246932 kB
Unevictable:        8152 kB
Mlocked:               0 kB
HighTotal:        802816 kB
HighFree:          18632 kB
LowTotal:         548148 kB
LowFree:           60092 kB
SwapTotal:             0 kB
SwapFree:              0 kB
Dirty:               180 kB
Writeback:             0 kB
AnonPages:        540936 kB
Mapped:           230592 kB
Shmem:              2760 kB
Slab:              34252 kB
SReclaimable:      12240 kB
SUnreclaim:        22012 kB
KernelStack:        9696 kB
PageTables:        20436 kB
NFS_Unstable:          0 kB
Bounce:                0 kB
WritebackTmp:          0 kB
CommitLimit:      675480 kB
Committed_AS:   46152600 kB
VmallocTotal:     253952 kB
VmallocUsed:       93596 kB
VmallocChunk:      47108 kB
Time pass: 142 sec

---2015-12-15 11:39:31
MemTotal:        1350964 kB
MemFree:          207764 kB
Buffers:            8868 kB
Cached:           464952 kB
SwapCached:            0 kB
Active:           689512 kB
Inactive:         249580 kB
Active(anon):     473468 kB
Inactive(anon):     2588 kB
Active(file):     216044 kB
Inactive(file):   246992 kB
Unevictable:        8152 kB
Mlocked:               0 kB
HighTotal:        802816 kB
HighFree:          89628 kB
LowTotal:         548148 kB
LowFree:          118136 kB
SwapTotal:             0 kB
SwapFree:              0 kB
Dirty:                 0 kB
Writeback:             0 kB
AnonPages:        473332 kB
Mapped:           199452 kB
Shmem:              2632 kB
Slab:              33992 kB
SReclaimable:      12220 kB
SUnreclaim:        21772 kB
KernelStack:        8952 kB
PageTables:        19520 kB
NFS_Unstable:          0 kB
Bounce:                0 kB
WritebackTmp:          0 kB
CommitLimit:      675480 kB
Committed_AS:   45133152 kB
VmallocTotal:     253952 kB
VmallocUsed:       91376 kB
VmallocChunk:      47108 kB
Time pass: 146 sec

---2015-12-15 11:39:31
MemTotal:        1350964 kB
MemFree:          208092 kB
Buffers:            8876 kB
Cached:           464952 kB
SwapCached:            0 kB
Active:           689516 kB
Inactive:         249580 kB
Active(anon):     473472 kB
Inactive(anon):     2588 kB
Active(file):     216044 kB
Inactive(file):   246992 kB
Unevictable:        8152 kB
Mlocked:               0 kB
HighTotal:        802816 kB
HighFree:          89800 kB
LowTotal:         548148 kB
LowFree:          118292 kB
SwapTotal:             0 kB
SwapFree:              0 kB
Dirty:                16 kB
Writeback:             0 kB
AnonPages:        473408 kB
Mapped:           199452 kB
Shmem:              2632 kB
Slab:              33992 kB
SReclaimable:      12220 kB
SUnreclaim:        21772 kB
KernelStack:        8944 kB
PageTables:        19524 kB
NFS_Unstable:          0 kB
Bounce:                0 kB
WritebackTmp:          0 kB
CommitLimit:      675480 kB
Committed_AS:   45133000 kB
VmallocTotal:     253952 kB
VmallocUsed:       91376 kB
VmallocChunk:      47108 kB
Time pass: 149 sec

---2015-12-15 11:39:31
MemTotal:        1350964 kB
MemFree:          207768 kB
Buffers:            8876 kB
Cached:           464952 kB
SwapCached:            0 kB
Active:           689624 kB
Inactive:         249588 kB
Active(anon):     473580 kB
Inactive(anon):     2588 kB
Active(file):     216044 kB
Inactive(file):   247000 kB
Unevictable:        8152 kB
Mlocked:               0 kB
HighTotal:        802816 kB
HighFree:          89576 kB
LowTotal:         548148 kB
LowFree:          118192 kB
SwapTotal:             0 kB
SwapFree:              0 kB
Dirty:                 0 kB
Writeback:             0 kB
AnonPages:        473592 kB
Mapped:           199600 kB
Shmem:              2632 kB
Slab:              33992 kB
SReclaimable:      12220 kB
SUnreclaim:        21772 kB
KernelStack:        8944 kB
PageTables:        19524 kB
NFS_Unstable:          0 kB
Bounce:                0 kB
WritebackTmp:          0 kB
CommitLimit:      675480 kB
Committed_AS:   45133000 kB
VmallocTotal:     253952 kB
VmallocUsed:       91376 kB
VmallocChunk:      47108 kB
Time pass: 153 sec

---2015-12-15 11:39:31
MemTotal:        1350964 kB
MemFree:          207520 kB
Buffers:            8876 kB
Cached:           464952 kB
SwapCached:            0 kB
Active:           689628 kB
Inactive:         249588 kB
Active(anon):     473584 kB
Inactive(anon):     2588 kB
Active(file):     216044 kB
Inactive(file):   247000 kB
Unevictable:        8152 kB
Mlocked:               0 kB
HighTotal:        802816 kB
HighFree:          89452 kB
LowTotal:         548148 kB
LowFree:          118068 kB
SwapTotal:             0 kB
SwapFree:              0 kB
Dirty:                 0 kB
Writeback:             0 kB
AnonPages:        473484 kB
Mapped:           199600 kB
Shmem:              2632 kB
Slab:              33992 kB
SReclaimable:      12220 kB
SUnreclaim:        21772 kB
KernelStack:        8944 kB
PageTables:        19524 kB
NFS_Unstable:          0 kB
Bounce:                0 kB
WritebackTmp:          0 kB
CommitLimit:      675480 kB
Committed_AS:   45132972 kB
VmallocTotal:     253952 kB
VmallocUsed:       91376 kB
VmallocChunk:      47108 kB
Time pass: 156 sec

---2015-12-15 11:39:31
MemTotal:        1350964 kB
MemFree:          207520 kB
Buffers:            8876 kB
Cached:           464952 kB
SwapCached:            0 kB
Active:           689744 kB
Inactive:         249588 kB
Active(anon):     473700 kB
Inactive(anon):     2588 kB
Active(file):     216044 kB
Inactive(file):   247000 kB
Unevictable:        8152 kB
Mlocked:               0 kB
HighTotal:        802816 kB
HighFree:          89452 kB
LowTotal:         548148 kB
LowFree:          118068 kB
SwapTotal:             0 kB
SwapFree:              0 kB
Dirty:                 0 kB
Writeback:             0 kB
AnonPages:        473564 kB
Mapped:           199600 kB
Shmem:              2632 kB
Slab:              33992 kB
SReclaimable:      12220 kB
SUnreclaim:        21772 kB
KernelStack:        8944 kB
PageTables:        19520 kB
NFS_Unstable:          0 kB
Bounce:                0 kB
WritebackTmp:          0 kB
CommitLimit:      675480 kB
Committed_AS:   45132924 kB
VmallocTotal:     253952 kB
VmallocUsed:       91376 kB
VmallocChunk:      47108 kB
Time pass: 160 sec

---2015-12-15 11:39:31
MemTotal:        1350964 kB
MemFree:          207572 kB
Buffers:            8876 kB
Cached:           464952 kB
SwapCached:            0 kB
Active:           689708 kB
Inactive:         249588 kB
Active(anon):     473664 kB
Inactive(anon):     2588 kB
Active(file):     216044 kB
Inactive(file):   247000 kB
Unevictable:        8152 kB
Mlocked:               0 kB
HighTotal:        802816 kB
HighFree:          89452 kB
LowTotal:         548148 kB
LowFree:          118120 kB
SwapTotal:             0 kB
SwapFree:              0 kB
Dirty:                 0 kB
Writeback:             0 kB
AnonPages:        473692 kB
Mapped:           199616 kB
Shmem:              2632 kB
Slab:              33992 kB
SReclaimable:      12220 kB
SUnreclaim:        21772 kB
KernelStack:        8992 kB
PageTables:        19584 kB
NFS_Unstable:          0 kB
Bounce:                0 kB
WritebackTmp:          0 kB
CommitLimit:      675480 kB
Committed_AS:   45133024 kB
VmallocTotal:     253952 kB
VmallocUsed:       91376 kB
VmallocChunk:      47108 kB
Time pass: 163 sec

---2015-12-15 11:39:31
MemTotal:        1350964 kB
MemFree:          207648 kB
Buffers:            8876 kB
Cached:           464952 kB
SwapCached:            0 kB
Active:           690152 kB
Inactive:         249588 kB
Active(anon):     474108 kB
Inactive(anon):     2588 kB
Active(file):     216044 kB
Inactive(file):   247000 kB
Unevictable:        8152 kB
Mlocked:               0 kB
HighTotal:        802816 kB
HighFree:          89536 kB
LowTotal:         548148 kB
LowFree:          118112 kB
SwapTotal:             0 kB
SwapFree:              0 kB
Dirty:                 0 kB
Writeback:             0 kB
AnonPages:        474032 kB
Mapped:           199548 kB
Shmem:              2632 kB
Slab:              33992 kB
SReclaimable:      12220 kB
SUnreclaim:        21772 kB
KernelStack:        8960 kB
PageTables:        19536 kB
NFS_Unstable:          0 kB
Bounce:                0 kB
WritebackTmp:          0 kB
CommitLimit:      675480 kB
Committed_AS:   45133608 kB
VmallocTotal:     253952 kB
VmallocUsed:       91376 kB
VmallocChunk:      47108 kB
Time pass: 167 sec

---2015-12-15 11:39:31
MemTotal:        1350964 kB
MemFree:          149636 kB
Buffers:            9060 kB
Cached:           465316 kB
SwapCached:            0 kB
Active:           710032 kB
Inactive:         249468 kB
Active(anon):     493320 kB
Inactive(anon):     2720 kB
Active(file):     216712 kB
Inactive(file):   246748 kB
Unevictable:        8152 kB
Mlocked:               0 kB
HighTotal:        802816 kB
HighFree:          48872 kB
LowTotal:         548148 kB
LowFree:          100764 kB
SwapTotal:             0 kB
SwapFree:              0 kB
Dirty:               952 kB
Writeback:             0 kB
AnonPages:        493244 kB
Mapped:           220872 kB
Shmem:              2764 kB
Slab:              33984 kB
SReclaimable:      12220 kB
SUnreclaim:        21764 kB
KernelStack:        9368 kB
PageTables:        20256 kB
NFS_Unstable:          0 kB
Bounce:                0 kB
WritebackTmp:          0 kB
CommitLimit:      675480 kB
Committed_AS:   46102880 kB
VmallocTotal:     253952 kB
VmallocUsed:       93276 kB
VmallocChunk:      47108 kB
Time pass: 171 sec

---2015-12-15 11:39:31
MemTotal:        1350964 kB
MemFree:          124436 kB
Buffers:            9068 kB
Cached:           465316 kB
SwapCached:            0 kB
Active:           721880 kB
Inactive:         249456 kB
Active(anon):     505152 kB
Inactive(anon):     2716 kB
Active(file):     216728 kB
Inactive(file):   246740 kB
Unevictable:        8152 kB
Mlocked:               0 kB
HighTotal:        802816 kB
HighFree:          28940 kB
LowTotal:         548148 kB
LowFree:           95496 kB
SwapTotal:             0 kB
SwapFree:              0 kB
Dirty:               140 kB
Writeback:             0 kB
AnonPages:        505284 kB
Mapped:           223092 kB
Shmem:              2760 kB
Slab:              33984 kB
SReclaimable:      12220 kB
SUnreclaim:        21764 kB
KernelStack:        9448 kB
PageTables:        20336 kB
NFS_Unstable:          0 kB
Bounce:                0 kB
WritebackTmp:          0 kB
CommitLimit:      675480 kB
Committed_AS:   46127240 kB
VmallocTotal:     253952 kB
VmallocUsed:       93276 kB
VmallocChunk:      47108 kB
Time pass: 174 sec

---2015-12-15 11:39:31
MemTotal:        1350964 kB
MemFree:          105876 kB
Buffers:            9068 kB
Cached:           466472 kB
SwapCached:            0 kB
Active:           730864 kB
Inactive:         250488 kB
Active(anon):     514108 kB
Inactive(anon):     2716 kB
Active(file):     216756 kB
Inactive(file):   247772 kB
Unevictable:        8152 kB
Mlocked:               0 kB
HighTotal:        802816 kB
HighFree:          10928 kB
LowTotal:         548148 kB
LowFree:           94948 kB
SwapTotal:             0 kB
SwapFree:              0 kB
Dirty:               540 kB
Writeback:             0 kB
AnonPages:        514196 kB
Mapped:           226464 kB
Shmem:              2760 kB
Slab:              34008 kB
SReclaimable:      12220 kB
SUnreclaim:        21788 kB
KernelStack:        9472 kB
PageTables:        20368 kB
NFS_Unstable:          0 kB
Bounce:                0 kB
WritebackTmp:          0 kB
CommitLimit:      675480 kB
Committed_AS:   46143808 kB
VmallocTotal:     253952 kB
VmallocUsed:       93276 kB
VmallocChunk:      47108 kB
Time pass: 177 sec

---2015-12-15 11:39:31
MemTotal:        1350964 kB
MemFree:           96864 kB
Buffers:            9076 kB
Cached:           466520 kB
SwapCached:            0 kB
Active:           730912 kB
Inactive:         250640 kB
Active(anon):     514152 kB
Inactive(anon):     2716 kB
Active(file):     216760 kB
Inactive(file):   247924 kB
Unevictable:        8152 kB
Mlocked:               0 kB
HighTotal:        802816 kB
HighFree:           3104 kB
LowTotal:         548148 kB
LowFree:           93760 kB
SwapTotal:             0 kB
SwapFree:              0 kB
Dirty:                92 kB
Writeback:             0 kB
AnonPages:        514124 kB
Mapped:           226612 kB
Shmem:              2760 kB
Slab:              34064 kB
SReclaimable:      12220 kB
SUnreclaim:        21844 kB
KernelStack:        9472 kB
PageTables:        20396 kB
NFS_Unstable:          0 kB
Bounce:                0 kB
WritebackTmp:          0 kB
CommitLimit:      675480 kB
Committed_AS:   46152568 kB
VmallocTotal:     253952 kB
VmallocUsed:       93276 kB
VmallocChunk:      47108 kB
Time pass: 181 sec

---2015-12-15 11:39:31
MemTotal:        1350964 kB
MemFree:           74456 kB
Buffers:            9092 kB
Cached:           473276 kB
SwapCached:            0 kB
Active:           748708 kB
Inactive:         244044 kB
Active(anon):     518680 kB
Inactive(anon):     2716 kB
Active(file):     230028 kB
Inactive(file):   241328 kB
Unevictable:        8152 kB
Mlocked:               0 kB
HighTotal:        802816 kB
HighFree:           1604 kB
LowTotal:         548148 kB
LowFree:           72852 kB
SwapTotal:             0 kB
SwapFree:              0 kB
Dirty:              6876 kB
Writeback:             0 kB
AnonPages:        518808 kB
Mapped:           227016 kB
Shmem:              2760 kB
Slab:              34252 kB
SReclaimable:      12332 kB
SUnreclaim:        21920 kB
KernelStack:        9512 kB
PageTables:        20420 kB
NFS_Unstable:          0 kB
Bounce:                0 kB
WritebackTmp:          0 kB
CommitLimit:      675480 kB
Committed_AS:   46168216 kB
VmallocTotal:     253952 kB
VmallocUsed:       93276 kB
VmallocChunk:      47108 kB
Time pass: 184 sec

---2015-12-15 11:39:31
MemTotal:        1350964 kB
MemFree:           70440 kB
Buffers:            9092 kB
Cached:           473276 kB
SwapCached:            0 kB
Active:           749664 kB
Inactive:         243984 kB
Active(anon):     519476 kB
Inactive(anon):     2716 kB
Active(file):     230188 kB
Inactive(file):   241268 kB
Unevictable:        8152 kB
Mlocked:               0 kB
HighTotal:        802816 kB
HighFree:           1504 kB
LowTotal:         548148 kB
LowFree:           68936 kB
SwapTotal:             0 kB
SwapFree:              0 kB
Dirty:                40 kB
Writeback:          1096 kB
AnonPages:        519432 kB
Mapped:           227016 kB
Shmem:              2760 kB
Slab:              34260 kB
SReclaimable:      12336 kB
SUnreclaim:        21924 kB
KernelStack:        9488 kB
PageTables:        20432 kB
NFS_Unstable:          0 kB
Bounce:                0 kB
WritebackTmp:          0 kB
CommitLimit:      675480 kB
Committed_AS:   46171968 kB
VmallocTotal:     253952 kB
VmallocUsed:       93276 kB
VmallocChunk:      47108 kB
Time pass: 188 sec

---2015-12-15 11:39:31
MemTotal:        1350964 kB
MemFree:           59000 kB
Buffers:            9100 kB
Cached:           473288 kB
SwapCached:            0 kB
Active:           754588 kB
Inactive:         243992 kB
Active(anon):     524388 kB
Inactive(anon):     2716 kB
Active(file):     230200 kB
Inactive(file):   241276 kB
Unevictable:        8152 kB
Mlocked:               0 kB
HighTotal:        802816 kB
HighFree:           1504 kB
LowTotal:         548148 kB
LowFree:           57496 kB
SwapTotal:             0 kB
SwapFree:              0 kB
Dirty:               604 kB
Writeback:             0 kB
AnonPages:        524348 kB
Mapped:           227200 kB
Shmem:              2760 kB
Slab:              34260 kB
SReclaimable:      12336 kB
SUnreclaim:        21924 kB
KernelStack:        9480 kB
PageTables:        20436 kB
NFS_Unstable:          0 kB
Bounce:                0 kB
WritebackTmp:          0 kB
CommitLimit:      675480 kB
Committed_AS:   46182268 kB
VmallocTotal:     253952 kB
VmallocUsed:       93276 kB
VmallocChunk:      47108 kB
Time pass: 192 sec

---2015-12-15 11:39:31
MemTotal:        1350964 kB
MemFree:           58156 kB
Buffers:            9116 kB
Cached:           473288 kB
SwapCached:            0 kB
Active:           754780 kB
Inactive:         244008 kB
Active(anon):     524580 kB
Inactive(anon):     2716 kB
Active(file):     230200 kB
Inactive(file):   241292 kB
Unevictable:        8152 kB
Mlocked:               0 kB
HighTotal:        802816 kB
HighFree:           1628 kB
LowTotal:         548148 kB
LowFree:           56528 kB
SwapTotal:             0 kB
SwapFree:              0 kB
Dirty:                 0 kB
Writeback:             0 kB
AnonPages:        524624 kB
Mapped:           227248 kB
Shmem:              2760 kB
Slab:              34284 kB
SReclaimable:      12336 kB
SUnreclaim:        21948 kB
KernelStack:        9496 kB
PageTables:        20456 kB
NFS_Unstable:          0 kB
Bounce:                0 kB
WritebackTmp:          0 kB
CommitLimit:      675480 kB
Committed_AS:   46182376 kB
VmallocTotal:     253952 kB
VmallocUsed:       93276 kB
VmallocChunk:      47108 kB
Time pass: 195 sec

---2015-12-15 11:39:31
MemTotal:        1350964 kB
MemFree:           59348 kB
Buffers:            9124 kB
Cached:           473288 kB
SwapCached:            0 kB
Active:           753520 kB
Inactive:         244008 kB
Active(anon):     523320 kB
Inactive(anon):     2716 kB
Active(file):     230200 kB
Inactive(file):   241292 kB
Unevictable:        8152 kB
Mlocked:               0 kB
HighTotal:        802816 kB
HighFree:           2744 kB
LowTotal:         548148 kB
LowFree:           56604 kB
SwapTotal:             0 kB
SwapFree:              0 kB
Dirty:                60 kB
Writeback:             0 kB
AnonPages:        523352 kB
Mapped:           227244 kB
Shmem:              2760 kB
Slab:              34292 kB
SReclaimable:      12336 kB
SUnreclaim:        21956 kB
KernelStack:        9496 kB
PageTables:        20456 kB
NFS_Unstable:          0 kB
Bounce:                0 kB
WritebackTmp:          0 kB
CommitLimit:      675480 kB
Committed_AS:   46182400 kB
VmallocTotal:     253952 kB
VmallocUsed:       93276 kB
VmallocChunk:      47108 kB
Time pass: 199 sec

---2015-12-15 11:39:31
MemTotal:        1350964 kB
MemFree:           54952 kB
Buffers:            9124 kB
Cached:           473296 kB
SwapCached:            0 kB
Active:           757176 kB
Inactive:         243864 kB
Active(anon):     526800 kB
Inactive(anon):     2732 kB
Active(file):     230376 kB
Inactive(file):   241132 kB
Unevictable:        8152 kB
Mlocked:               0 kB
HighTotal:        802816 kB
HighFree:           4404 kB
LowTotal:         548148 kB
LowFree:           50548 kB
SwapTotal:             0 kB
SwapFree:              0 kB
Dirty:                72 kB
Writeback:             0 kB
AnonPages:        526656 kB
Mapped:           229524 kB
Shmem:              2760 kB
Slab:              34292 kB
SReclaimable:      12344 kB
SUnreclaim:        21948 kB
KernelStack:        9680 kB
PageTables:        20604 kB
NFS_Unstable:          0 kB
Bounce:                0 kB
WritebackTmp:          0 kB
CommitLimit:      675480 kB
Committed_AS:   46186516 kB
VmallocTotal:     253952 kB
VmallocUsed:       93276 kB
VmallocChunk:      47108 kB
Time pass: 202 sec

---2015-12-15 11:39:31
MemTotal:        1350964 kB
MemFree:           42404 kB
Buffers:            9148 kB
Cached:           473544 kB
SwapCached:            0 kB
Active:           767036 kB
Inactive:         243968 kB
Active(anon):     536528 kB
Inactive(anon):     2840 kB
Active(file):     230508 kB
Inactive(file):   241128 kB
Unevictable:        8152 kB
Mlocked:               0 kB
HighTotal:        802816 kB
HighFree:           1752 kB
LowTotal:         548148 kB
LowFree:           40652 kB
SwapTotal:             0 kB
SwapFree:              0 kB
Dirty:               180 kB
Writeback:             0 kB
AnonPages:        536504 kB
Mapped:           230412 kB
Shmem:              2888 kB
Slab:              34304 kB
SReclaimable:      12360 kB
SUnreclaim:        21944 kB
KernelStack:        9696 kB
PageTables:        20596 kB
NFS_Unstable:          0 kB
Bounce:                0 kB
WritebackTmp:          0 kB
CommitLimit:      675480 kB
Committed_AS:   46213112 kB
VmallocTotal:     253952 kB
VmallocUsed:       93472 kB
VmallocChunk:      47108 kB
Time pass: 206 sec

---2015-12-15 11:39:31
MemTotal:        1350964 kB
MemFree:           31912 kB
Buffers:            9180 kB
Cached:           473580 kB
SwapCached:            0 kB
Active:           775036 kB
Inactive:         244052 kB
Active(anon):     544528 kB
Inactive(anon):     2876 kB
Active(file):     230508 kB
Inactive(file):   241176 kB
Unevictable:        8152 kB
Mlocked:               0 kB
HighTotal:        802816 kB
HighFree:           1504 kB
LowTotal:         548148 kB
LowFree:           30408 kB
SwapTotal:             0 kB
SwapFree:              0 kB
Dirty:                56 kB
Writeback:             0 kB
AnonPages:        544544 kB
Mapped:           230400 kB
Shmem:              2924 kB
Slab:              34420 kB
SReclaimable:      12372 kB
SUnreclaim:        22048 kB
KernelStack:        9728 kB
PageTables:        20644 kB
NFS_Unstable:          0 kB
Bounce:                0 kB
WritebackTmp:          0 kB
CommitLimit:      675480 kB
Committed_AS:   46221664 kB
VmallocTotal:     253952 kB
VmallocUsed:       93808 kB
VmallocChunk:      47108 kB
Time pass: 210 sec

---2015-12-15 11:39:31
MemTotal:        1350964 kB
MemFree:           32336 kB
Buffers:            9016 kB
Cached:           465244 kB
SwapCached:            0 kB
Active:           775772 kB
Inactive:         240268 kB
Active(anon):     549980 kB
Inactive(anon):     2892 kB
Active(file):     225792 kB
Inactive(file):   237376 kB
Unevictable:        8152 kB
Mlocked:               0 kB
HighTotal:        802816 kB
HighFree:           2992 kB
LowTotal:         548148 kB
LowFree:           29344 kB
SwapTotal:             0 kB
SwapFree:              0 kB
Dirty:                92 kB
Writeback:             0 kB
AnonPages:        549768 kB
Mapped:           230056 kB
Shmem:              2940 kB
Slab:              34404 kB
SReclaimable:      12372 kB
SUnreclaim:        22032 kB
KernelStack:        9848 kB
PageTables:        20984 kB
NFS_Unstable:          0 kB
Bounce:                0 kB
WritebackTmp:          0 kB
CommitLimit:      675480 kB
Committed_AS:   47018056 kB
VmallocTotal:     253952 kB
VmallocUsed:       95164 kB
VmallocChunk:      47108 kB
Time pass: 213 sec

---2015-12-15 11:39:31
MemTotal:        1350964 kB
MemFree:           33384 kB
Buffers:            9024 kB
Cached:           461996 kB
SwapCached:            0 kB
Active:           777204 kB
Inactive:         237764 kB
Active(anon):     552144 kB
Inactive(anon):     2716 kB
Active(file):     225060 kB
Inactive(file):   235048 kB
Unevictable:        8152 kB
Mlocked:               0 kB
HighTotal:        802816 kB
HighFree:           2844 kB
LowTotal:         548148 kB
LowFree:           30540 kB
SwapTotal:             0 kB
SwapFree:              0 kB
Dirty:                12 kB
Writeback:             0 kB
AnonPages:        552044 kB
Mapped:           229896 kB
Shmem:              2760 kB
Slab:              34452 kB
SReclaimable:      12372 kB
SUnreclaim:        22080 kB
KernelStack:        9720 kB
PageTables:        20876 kB
NFS_Unstable:          0 kB
Bounce:                0 kB
WritebackTmp:          0 kB
CommitLimit:      675480 kB
Committed_AS:   47012500 kB
VmallocTotal:     253952 kB
VmallocUsed:       94976 kB
VmallocChunk:      47108 kB
Time pass: 217 sec

---2015-12-15 11:39:31
MemTotal:        1350964 kB
MemFree:           35776 kB
Buffers:            9040 kB
Cached:           462132 kB
SwapCached:            0 kB
Active:           778804 kB
Inactive:         237904 kB
Active(anon):     553736 kB
Inactive(anon):     2832 kB
Active(file):     225068 kB
Inactive(file):   235072 kB
Unevictable:        8152 kB
Mlocked:               0 kB
HighTotal:        802816 kB
HighFree:           2404 kB
LowTotal:         548148 kB
LowFree:           33372 kB
SwapTotal:             0 kB
SwapFree:              0 kB
Dirty:                96 kB
Writeback:             0 kB
AnonPages:        553572 kB
Mapped:           230176 kB
Shmem:              2880 kB
Slab:              34444 kB
SReclaimable:      12372 kB
SUnreclaim:        22072 kB
KernelStack:        9864 kB
PageTables:        20900 kB
NFS_Unstable:          0 kB
Bounce:                0 kB
WritebackTmp:          0 kB
CommitLimit:      675480 kB
Committed_AS:   47018612 kB
VmallocTotal:     253952 kB
VmallocUsed:       95164 kB
VmallocChunk:      47108 kB
Time pass: 220 sec

---2015-12-15 11:39:31
MemTotal:        1350964 kB
MemFree:           31336 kB
Buffers:            9088 kB
Cached:           462252 kB
SwapCached:            0 kB
Active:           781416 kB
Inactive:         238072 kB
Active(anon):     556348 kB
Inactive(anon):     2968 kB
Active(file):     225068 kB
Inactive(file):   235104 kB
Unevictable:        8152 kB
Mlocked:               0 kB
HighTotal:        802816 kB
HighFree:           1604 kB
LowTotal:         548148 kB
LowFree:           29732 kB
SwapTotal:             0 kB
SwapFree:              0 kB
Dirty:                48 kB
Writeback:             0 kB
AnonPages:        556412 kB
Mapped:           230312 kB
Shmem:              3016 kB
Slab:              34520 kB
SReclaimable:      12372 kB
SUnreclaim:        22148 kB
KernelStack:        9896 kB
PageTables:        21016 kB
NFS_Unstable:          0 kB
Bounce:                0 kB
WritebackTmp:          0 kB
CommitLimit:      675480 kB
Committed_AS:   47023012 kB
VmallocTotal:     253952 kB
VmallocUsed:       95500 kB
VmallocChunk:      47108 kB
Time pass: 224 sec

---2015-12-15 11:39:31
MemTotal:        1350964 kB
MemFree:           33872 kB
Buffers:            9116 kB
Cached:           457252 kB
SwapCached:            0 kB
Active:           777416 kB
Inactive:         237988 kB
Active(anon):     557236 kB
Inactive(anon):     2980 kB
Active(file):     220180 kB
Inactive(file):   235008 kB
Unevictable:        8152 kB
Mlocked:               0 kB
HighTotal:        802816 kB
HighFree:           2076 kB
LowTotal:         548148 kB
LowFree:           31796 kB
SwapTotal:             0 kB
SwapFree:              0 kB
Dirty:                48 kB
Writeback:             0 kB
AnonPages:        557148 kB
Mapped:           230168 kB
Shmem:              3028 kB
Slab:              34448 kB
SReclaimable:      12372 kB
SUnreclaim:        22076 kB
KernelStack:        9872 kB
PageTables:        21020 kB
NFS_Unstable:          0 kB
Bounce:                0 kB
WritebackTmp:          0 kB
CommitLimit:      675480 kB
Committed_AS:   47023524 kB
VmallocTotal:     253952 kB
VmallocUsed:       95500 kB
VmallocChunk:      47108 kB
Time pass: 228 sec

---2015-12-15 11:39:31
MemTotal:        1350964 kB
MemFree:           34224 kB
Buffers:            9116 kB
Cached:           457264 kB
SwapCached:            0 kB
Active:           777596 kB
Inactive:         238000 kB
Active(anon):     557416 kB
Inactive(anon):     2992 kB
Active(file):     220180 kB
Inactive(file):   235008 kB
Unevictable:        8152 kB
Mlocked:               0 kB
HighTotal:        802816 kB
HighFree:           1504 kB
LowTotal:         548148 kB
LowFree:           32720 kB
SwapTotal:             0 kB
SwapFree:              0 kB
Dirty:                 0 kB
Writeback:             0 kB
AnonPages:        557420 kB
Mapped:           230284 kB
Shmem:              3040 kB
Slab:              34508 kB
SReclaimable:      12372 kB
SUnreclaim:        22136 kB
KernelStack:        9856 kB
PageTables:        20996 kB
NFS_Unstable:          0 kB
Bounce:                0 kB
WritebackTmp:          0 kB
CommitLimit:      675480 kB
Committed_AS:   47023576 kB
VmallocTotal:     253952 kB
VmallocUsed:       95500 kB
VmallocChunk:      47108 kB
Time pass: 232 sec

---2015-12-15 11:39:31
MemTotal:        1350964 kB
MemFree:           34628 kB
Buffers:            9140 kB
Cached:           457264 kB
SwapCached:            0 kB
Active:           777108 kB
Inactive:         238024 kB
Active(anon):     556928 kB
Inactive(anon):     2992 kB
Active(file):     220180 kB
Inactive(file):   235032 kB
Unevictable:        8152 kB
Mlocked:               0 kB
HighTotal:        802816 kB
HighFree:           1752 kB
LowTotal:         548148 kB
LowFree:           32876 kB
SwapTotal:             0 kB
SwapFree:              0 kB
Dirty:                44 kB
Writeback:             0 kB
AnonPages:        556896 kB
Mapped:           230440 kB
Shmem:              3040 kB
Slab:              34436 kB
SReclaimable:      12372 kB
SUnreclaim:        22064 kB
KernelStack:        9848 kB
PageTables:        21016 kB
NFS_Unstable:          0 kB
Bounce:                0 kB
WritebackTmp:          0 kB
CommitLimit:      675480 kB
Committed_AS:   47023532 kB
VmallocTotal:     253952 kB
VmallocUsed:       95500 kB
VmallocChunk:      47108 kB
Time pass: 235 sec

---2015-12-15 11:39:31
MemTotal:        1350964 kB
MemFree:           34408 kB
Buffers:            9140 kB
Cached:           457268 kB
SwapCached:            0 kB
Active:           777216 kB
Inactive:         238028 kB
Active(anon):     557036 kB
Inactive(anon):     2996 kB
Active(file):     220180 kB
Inactive(file):   235032 kB
Unevictable:        8152 kB
Mlocked:               0 kB
HighTotal:        802816 kB
HighFree:           1504 kB
LowTotal:         548148 kB
LowFree:           32904 kB
SwapTotal:             0 kB
SwapFree:              0 kB
Dirty:                 0 kB
Writeback:             0 kB
AnonPages:        556992 kB
Mapped:           230448 kB
Shmem:              3044 kB
Slab:              34520 kB
SReclaimable:      12372 kB
SUnreclaim:        22148 kB
KernelStack:        9848 kB
PageTables:        21016 kB
NFS_Unstable:          0 kB
Bounce:                0 kB
WritebackTmp:          0 kB
CommitLimit:      675480 kB
Committed_AS:   47023544 kB
VmallocTotal:     253952 kB
VmallocUsed:       95500 kB
VmallocChunk:      47108 kB
Time pass: 239 sec

---2015-12-15 11:39:31
MemTotal:        1350964 kB
MemFree:           34572 kB
Buffers:            9164 kB
Cached:           457268 kB
SwapCached:            0 kB
Active:           777444 kB
Inactive:         238052 kB
Active(anon):     557264 kB
Inactive(anon):     2996 kB
Active(file):     220180 kB
Inactive(file):   235056 kB
Unevictable:        8152 kB
Mlocked:               0 kB
HighTotal:        802816 kB
HighFree:           1504 kB
LowTotal:         548148 kB
LowFree:           33068 kB
SwapTotal:             0 kB
SwapFree:              0 kB
Dirty:               184 kB
Writeback:             0 kB
AnonPages:        557268 kB
Mapped:           230440 kB
Shmem:              3044 kB
Slab:              34524 kB
SReclaimable:      12372 kB
SUnreclaim:        22152 kB
KernelStack:        9848 kB
PageTables:        21016 kB
NFS_Unstable:          0 kB
Bounce:                0 kB
WritebackTmp:          0 kB
CommitLimit:      675480 kB
Committed_AS:   47023716 kB
VmallocTotal:     253952 kB
VmallocUsed:       95500 kB
VmallocChunk:      47108 kB
Time pass: 243 sec

---2015-12-15 11:39:31
MemTotal:        1350964 kB
MemFree:           34440 kB
Buffers:            9164 kB
Cached:           457268 kB
SwapCached:            0 kB
Active:           777552 kB
Inactive:         238052 kB
Active(anon):     557372 kB
Inactive(anon):     2996 kB
Active(file):     220180 kB
Inactive(file):   235056 kB
Unevictable:        8152 kB
Mlocked:               0 kB
HighTotal:        802816 kB
HighFree:           1504 kB
LowTotal:         548148 kB
LowFree:           32936 kB
SwapTotal:             0 kB
SwapFree:              0 kB
Dirty:                 0 kB
Writeback:             0 kB
AnonPages:        557272 kB
Mapped:           230448 kB
Shmem:              3044 kB
Slab:              34472 kB
SReclaimable:      12372 kB
SUnreclaim:        22100 kB
KernelStack:        9864 kB
PageTables:        21012 kB
NFS_Unstable:          0 kB
Bounce:                0 kB
WritebackTmp:          0 kB
CommitLimit:      675480 kB
Committed_AS:   47023768 kB
VmallocTotal:     253952 kB
VmallocUsed:       95500 kB
VmallocChunk:      47108 kB
Time pass: 246 sec

---2015-12-15 11:39:31
MemTotal:        1350964 kB
MemFree:           35028 kB
Buffers:            9188 kB
Cached:           457252 kB
SwapCached:            0 kB
Active:           776976 kB
Inactive:         238060 kB
Active(anon):     556796 kB
Inactive(anon):     2996 kB
Active(file):     220180 kB
Inactive(file):   235064 kB
Unevictable:        8152 kB
Mlocked:               0 kB
HighTotal:        802816 kB
HighFree:           2372 kB
LowTotal:         548148 kB
LowFree:           32656 kB
SwapTotal:             0 kB
SwapFree:              0 kB
Dirty:                32 kB
Writeback:             0 kB
AnonPages:        557100 kB
Mapped:           230292 kB
Shmem:              3044 kB
Slab:              34460 kB
SReclaimable:      12372 kB
SUnreclaim:        22088 kB
KernelStack:        9856 kB
PageTables:        21016 kB
NFS_Unstable:          0 kB
Bounce:                0 kB
WritebackTmp:          0 kB
CommitLimit:      675480 kB
Committed_AS:   47023768 kB
VmallocTotal:     253952 kB
VmallocUsed:       95500 kB
VmallocChunk:      47108 kB
Time pass: 250 sec

---2015-12-15 11:39:31
MemTotal:        1350964 kB
MemFree:           34800 kB
Buffers:            9188 kB
Cached:           457268 kB
SwapCached:            0 kB
Active:           776564 kB
Inactive:         238076 kB
Active(anon):     556384 kB
Inactive(anon):     2996 kB
Active(file):     220180 kB
Inactive(file):   235080 kB
Unevictable:        8152 kB
Mlocked:               0 kB
HighTotal:        802816 kB
HighFree:           2080 kB
LowTotal:         548148 kB
LowFree:           32720 kB
SwapTotal:             0 kB
SwapFree:              0 kB
Dirty:                 0 kB
Writeback:             0 kB
AnonPages:        556508 kB
Mapped:           230444 kB
Shmem:              3044 kB
Slab:              34464 kB
SReclaimable:      12372 kB
SUnreclaim:        22092 kB
KernelStack:        9840 kB
PageTables:        21016 kB
NFS_Unstable:          0 kB
Bounce:                0 kB
WritebackTmp:          0 kB
CommitLimit:      675480 kB
Committed_AS:   47022628 kB
VmallocTotal:     253952 kB
VmallocUsed:       95500 kB
VmallocChunk:      47108 kB
Time pass: 253 sec

---2015-12-15 11:39:31
MemTotal:        1350964 kB
MemFree:           34008 kB
Buffers:            9204 kB
Cached:           457276 kB
SwapCached:            0 kB
Active:           778516 kB
Inactive:         238100 kB
Active(anon):     558336 kB
Inactive(anon):     3004 kB
Active(file):     220180 kB
Inactive(file):   235096 kB
Unevictable:        8152 kB
Mlocked:               0 kB
HighTotal:        802816 kB
HighFree:           1504 kB
LowTotal:         548148 kB
LowFree:           32504 kB
SwapTotal:             0 kB
SwapFree:              0 kB
Dirty:                40 kB
Writeback:             0 kB
AnonPages:        558244 kB
Mapped:           230404 kB
Shmem:              3052 kB
Slab:              34444 kB
SReclaimable:      12372 kB
SUnreclaim:        22072 kB
KernelStack:        9856 kB
PageTables:        20992 kB
NFS_Unstable:          0 kB
Bounce:                0 kB
WritebackTmp:          0 kB
CommitLimit:      675480 kB
Committed_AS:   47024896 kB
VmallocTotal:     253952 kB
VmallocUsed:       95500 kB
VmallocChunk:      47108 kB
Time pass: 258 sec

---2015-12-15 11:39:31
MemTotal:        1350964 kB
MemFree:           33588 kB
Buffers:            9212 kB
Cached:           457552 kB
SwapCached:            0 kB
Active:           778204 kB
Inactive:         238352 kB
Active(anon):     558024 kB
Inactive(anon):     3256 kB
Active(file):     220180 kB
Inactive(file):   235096 kB
Unevictable:        8152 kB
Mlocked:               0 kB
HighTotal:        802816 kB
HighFree:           1628 kB
LowTotal:         548148 kB
LowFree:           31960 kB
SwapTotal:             0 kB
SwapFree:              0 kB
Dirty:                28 kB
Writeback:             0 kB
AnonPages:        558088 kB
Mapped:           230744 kB
Shmem:              3328 kB
Slab:              34464 kB
SReclaimable:      12372 kB
SUnreclaim:        22092 kB
KernelStack:        9840 kB
PageTables:        21004 kB
NFS_Unstable:          0 kB
Bounce:                0 kB
WritebackTmp:          0 kB
CommitLimit:      675480 kB
Committed_AS:   47023704 kB
VmallocTotal:     253952 kB
VmallocUsed:       95500 kB
VmallocChunk:      47108 kB
Time pass: 261 sec

---2015-12-15 11:39:31
MemTotal:        1350964 kB
MemFree:           33028 kB
Buffers:            9228 kB
Cached:           457560 kB
SwapCached:            0 kB
Active:           778168 kB
Inactive:         238408 kB
Active(anon):     557988 kB
Inactive(anon):     3288 kB
Active(file):     220180 kB
Inactive(file):   235120 kB
Unevictable:        8152 kB
Mlocked:               0 kB
HighTotal:        802816 kB
HighFree:           1752 kB
LowTotal:         548148 kB
LowFree:           31276 kB
SwapTotal:             0 kB
SwapFree:              0 kB
Dirty:                 4 kB
Writeback:             0 kB
AnonPages:        557992 kB
Mapped:           230752 kB
Shmem:              3336 kB
Slab:              34512 kB
SReclaimable:      12372 kB
SUnreclaim:        22140 kB
KernelStack:        9840 kB
PageTables:        21008 kB
NFS_Unstable:          0 kB
Bounce:                0 kB
WritebackTmp:          0 kB
CommitLimit:      675480 kB
Committed_AS:   47023776 kB
VmallocTotal:     253952 kB
VmallocUsed:       95500 kB
VmallocChunk:      47108 kB
Time pass: 265 sec

---2015-12-15 11:39:31
MemTotal:        1350964 kB
MemFree:           33052 kB
Buffers:            9236 kB
Cached:           457560 kB
SwapCached:            0 kB
Active:           778268 kB
Inactive:         238416 kB
Active(anon):     558088 kB
Inactive(anon):     3288 kB
Active(file):     220180 kB
Inactive(file):   235128 kB
Unevictable:        8152 kB
Mlocked:               0 kB
HighTotal:        802816 kB
HighFree:           2124 kB
LowTotal:         548148 kB
LowFree:           30928 kB
SwapTotal:             0 kB
SwapFree:              0 kB
Dirty:                36 kB
Writeback:             0 kB
AnonPages:        558040 kB
Mapped:           230704 kB
Shmem:              3336 kB
Slab:              34564 kB
SReclaimable:      12372 kB
SUnreclaim:        22192 kB
KernelStack:        9824 kB
PageTables:        20988 kB
NFS_Unstable:          0 kB
Bounce:                0 kB
WritebackTmp:          0 kB
CommitLimit:      675480 kB
Committed_AS:   47023692 kB
VmallocTotal:     253952 kB
VmallocUsed:       95500 kB
VmallocChunk:      47108 kB
Time pass: 269 sec

---2015-12-15 11:39:31
MemTotal:        1350964 kB
MemFree:           32972 kB
Buffers:            9252 kB
Cached:           457560 kB
SwapCached:            0 kB
Active:           778416 kB
Inactive:         238432 kB
Active(anon):     558236 kB
Inactive(anon):     3288 kB
Active(file):     220180 kB
Inactive(file):   235144 kB
Unevictable:        8152 kB
Mlocked:               0 kB
HighTotal:        802816 kB
HighFree:           2076 kB
LowTotal:         548148 kB
LowFree:           30896 kB
SwapTotal:             0 kB
SwapFree:              0 kB
Dirty:                36 kB
Writeback:             0 kB
AnonPages:        558240 kB
Mapped:           230604 kB
Shmem:              3336 kB
Slab:              34564 kB
SReclaimable:      12372 kB
SUnreclaim:        22192 kB
KernelStack:        9840 kB
PageTables:        21008 kB
NFS_Unstable:          0 kB
Bounce:                0 kB
WritebackTmp:          0 kB
CommitLimit:      675480 kB
Committed_AS:   47023764 kB
VmallocTotal:     253952 kB
VmallocUsed:       95500 kB
VmallocChunk:      47108 kB
Time pass: 272 sec

---2015-12-15 11:39:31
MemTotal:        1350964 kB
MemFree:           32928 kB
Buffers:            9260 kB
Cached:           457560 kB
SwapCached:            0 kB
Active:           777956 kB
Inactive:         238432 kB
Active(anon):     557776 kB
Inactive(anon):     3288 kB
Active(file):     220180 kB
Inactive(file):   235144 kB
Unevictable:        8152 kB
Mlocked:               0 kB
HighTotal:        802816 kB
HighFree:           1504 kB
LowTotal:         548148 kB
LowFree:           31424 kB
SwapTotal:             0 kB
SwapFree:              0 kB
Dirty:                28 kB
Writeback:             0 kB
AnonPages:        557848 kB
Mapped:           230748 kB
Shmem:              3336 kB
Slab:              34504 kB
SReclaimable:      12372 kB
SUnreclaim:        22132 kB
KernelStack:        9840 kB
PageTables:        21008 kB
NFS_Unstable:          0 kB
Bounce:                0 kB
WritebackTmp:          0 kB
CommitLimit:      675480 kB
Committed_AS:   47023124 kB
VmallocTotal:     253952 kB
VmallocUsed:       95500 kB
VmallocChunk:      47108 kB
Time pass: 276 sec

---2015-12-15 11:39:31
MemTotal:        1350964 kB
MemFree:           32624 kB
Buffers:            9268 kB
Cached:           457560 kB
SwapCached:            0 kB
Active:           778372 kB
Inactive:         238436 kB
Active(anon):     558180 kB
Inactive(anon):     3288 kB
Active(file):     220192 kB
Inactive(file):   235148 kB
Unevictable:        8152 kB
Mlocked:               0 kB
HighTotal:        802816 kB
HighFree:           1504 kB
LowTotal:         548148 kB
LowFree:           31120 kB
SwapTotal:             0 kB
SwapFree:              0 kB
Dirty:               180 kB
Writeback:             0 kB
AnonPages:        558140 kB
Mapped:           230756 kB
Shmem:              3336 kB
Slab:              34604 kB
SReclaimable:      12372 kB
SUnreclaim:        22232 kB
KernelStack:        9840 kB
PageTables:        21008 kB
NFS_Unstable:          0 kB
Bounce:                0 kB
WritebackTmp:          0 kB
CommitLimit:      675480 kB
Committed_AS:   47023452 kB
VmallocTotal:     253952 kB
VmallocUsed:       95500 kB
VmallocChunk:      47108 kB
Time pass: 279 sec

---2015-12-15 11:39:31
MemTotal:        1350964 kB
MemFree:           32124 kB
Buffers:            9292 kB
Cached:           457560 kB
SwapCached:            0 kB
Active:           778520 kB
Inactive:         238452 kB
Active(anon):     558328 kB
Inactive(anon):     3288 kB
Active(file):     220192 kB
Inactive(file):   235164 kB
Unevictable:        8152 kB
Mlocked:               0 kB
HighTotal:        802816 kB
HighFree:           1504 kB
LowTotal:         548148 kB
LowFree:           30620 kB
SwapTotal:             0 kB
SwapFree:              0 kB
Dirty:                80 kB
Writeback:             0 kB
AnonPages:        558368 kB
Mapped:           230752 kB
Shmem:              3336 kB
Slab:              34500 kB
SReclaimable:      12372 kB
SUnreclaim:        22128 kB
KernelStack:        9840 kB
PageTables:        21008 kB
NFS_Unstable:          0 kB
Bounce:                0 kB
WritebackTmp:          0 kB
CommitLimit:      675480 kB
Committed_AS:   47023584 kB
VmallocTotal:     253952 kB
VmallocUsed:       95500 kB
VmallocChunk:      47108 kB
Time pass: 283 sec

---2015-12-15 11:39:31
MemTotal:        1350964 kB
MemFree:           32656 kB
Buffers:            9308 kB
Cached:           457544 kB
SwapCached:            0 kB
Active:           778692 kB
Inactive:         238460 kB
Active(anon):     558500 kB
Inactive(anon):     3288 kB
Active(file):     220192 kB
Inactive(file):   235172 kB
Unevictable:        8152 kB
Mlocked:               0 kB
HighTotal:        802816 kB
HighFree:           2504 kB
LowTotal:         548148 kB
LowFree:           30152 kB
SwapTotal:             0 kB
SwapFree:              0 kB
Dirty:                80 kB
Writeback:             0 kB
AnonPages:        558376 kB
Mapped:           230756 kB
Shmem:              3336 kB
Slab:              34532 kB
SReclaimable:      12372 kB
SUnreclaim:        22160 kB
KernelStack:        9856 kB
PageTables:        21008 kB
NFS_Unstable:          0 kB
Bounce:                0 kB
WritebackTmp:          0 kB
CommitLimit:      675480 kB
Committed_AS:   47023640 kB
VmallocTotal:     253952 kB
VmallocUsed:       95500 kB
VmallocChunk:      47108 kB
Time pass: 286 sec

---2015-12-15 11:39:31
MemTotal:        1350964 kB
MemFree:           32180 kB
Buffers:            9316 kB
Cached:           457560 kB
SwapCached:            0 kB
Active:           778712 kB
Inactive:         238488 kB
Active(anon):     558520 kB
Inactive(anon):     3288 kB
Active(file):     220192 kB
Inactive(file):   235200 kB
Unevictable:        8152 kB
Mlocked:               0 kB
HighTotal:        802816 kB
HighFree:           1956 kB
LowTotal:         548148 kB
LowFree:           30224 kB
SwapTotal:             0 kB
SwapFree:              0 kB
Dirty:                52 kB
Writeback:             0 kB
AnonPages:        558532 kB
Mapped:           230604 kB
Shmem:              3336 kB
Slab:              34468 kB
SReclaimable:      12372 kB
SUnreclaim:        22096 kB
KernelStack:        9864 kB
PageTables:        21008 kB
NFS_Unstable:          0 kB
Bounce:                0 kB
WritebackTmp:          0 kB
CommitLimit:      675480 kB
Committed_AS:   47023728 kB
VmallocTotal:     253952 kB
VmallocUsed:       95500 kB
VmallocChunk:      47108 kB
Time pass: 290 sec

---2015-12-15 11:39:31
MemTotal:        1350964 kB
MemFree:           32616 kB
Buffers:            9340 kB
Cached:           457536 kB
SwapCached:            0 kB
Active:           777872 kB
Inactive:         238484 kB
Active(anon):     557680 kB
Inactive(anon):     3288 kB
Active(file):     220192 kB
Inactive(file):   235196 kB
Unevictable:        8152 kB
Mlocked:               0 kB
HighTotal:        802816 kB
HighFree:           1504 kB
LowTotal:         548148 kB
LowFree:           31112 kB
SwapTotal:             0 kB
SwapFree:              0 kB
Dirty:                 0 kB
Writeback:             0 kB
AnonPages:        557552 kB
Mapped:           230604 kB
Shmem:              3336 kB
Slab:              34500 kB
SReclaimable:      12372 kB
SUnreclaim:        22128 kB
KernelStack:        9864 kB
PageTables:        21008 kB
NFS_Unstable:          0 kB
Bounce:                0 kB
WritebackTmp:          0 kB
CommitLimit:      675480 kB
Committed_AS:   47023572 kB
VmallocTotal:     253952 kB
VmallocUsed:       95500 kB
VmallocChunk:      47108 kB
Time pass: 294 sec

---2015-12-15 11:39:31
MemTotal:        1350964 kB
MemFree:           32812 kB
Buffers:            9340 kB
Cached:           457560 kB
SwapCached:            0 kB
Active:           778116 kB
Inactive:         238508 kB
Active(anon):     557924 kB
Inactive(anon):     3288 kB
Active(file):     220192 kB
Inactive(file):   235220 kB
Unevictable:        8152 kB
Mlocked:               0 kB
HighTotal:        802816 kB
HighFree:           1504 kB
LowTotal:         548148 kB
LowFree:           31308 kB
SwapTotal:             0 kB
SwapFree:              0 kB
Dirty:               196 kB
Writeback:             0 kB
AnonPages:        557952 kB
Mapped:           230748 kB
Shmem:              3336 kB
Slab:              34516 kB
SReclaimable:      12372 kB
SUnreclaim:        22144 kB
KernelStack:        9880 kB
PageTables:        21040 kB
NFS_Unstable:          0 kB
Bounce:                0 kB
WritebackTmp:          0 kB
CommitLimit:      675480 kB
Committed_AS:   47025016 kB
VmallocTotal:     253952 kB
VmallocUsed:       95500 kB
VmallocChunk:      47108 kB
Time pass: 298 sec

---2015-12-15 11:39:31
MemTotal:        1350964 kB
MemFree:           32824 kB
Buffers:            9364 kB
Cached:           457544 kB
SwapCached:            0 kB
Active:           778224 kB
Inactive:         238516 kB
Active(anon):     558032 kB
Inactive(anon):     3288 kB
Active(file):     220192 kB
Inactive(file):   235228 kB
Unevictable:        8152 kB
Mlocked:               0 kB
HighTotal:        802816 kB
HighFree:           1732 kB
LowTotal:         548148 kB
LowFree:           31092 kB
SwapTotal:             0 kB
SwapFree:              0 kB
Dirty:               176 kB
Writeback:             0 kB
AnonPages:        558332 kB
Mapped:           230704 kB
Shmem:              3336 kB
Slab:              34516 kB
SReclaimable:      12372 kB
SUnreclaim:        22144 kB
KernelStack:        9848 kB
PageTables:        20988 kB
NFS_Unstable:          0 kB
Bounce:                0 kB
WritebackTmp:          0 kB
CommitLimit:      675480 kB
Committed_AS:   47023876 kB
VmallocTotal:     253952 kB
VmallocUsed:       95500 kB
VmallocChunk:      47108 kB
Time pass: 302 sec

---2015-12-15 11:39:31
MemTotal:        1350964 kB
MemFree:           33200 kB
Buffers:            9364 kB
Cached:           457560 kB
SwapCached:            0 kB
Active:           778364 kB
Inactive:         238532 kB
Active(anon):     558172 kB
Inactive(anon):     3288 kB
Active(file):     220192 kB
Inactive(file):   235244 kB
Unevictable:        8152 kB
Mlocked:               0 kB
HighTotal:        802816 kB
HighFree:           1752 kB
LowTotal:         548148 kB
LowFree:           31448 kB
SwapTotal:             0 kB
SwapFree:              0 kB
Dirty:                 0 kB
Writeback:             0 kB
AnonPages:        558224 kB
Mapped:           230752 kB
Shmem:              3336 kB
Slab:              34504 kB
SReclaimable:      12372 kB
SUnreclaim:        22132 kB
KernelStack:        9856 kB
PageTables:        21004 kB
NFS_Unstable:          0 kB
Bounce:                0 kB
WritebackTmp:          0 kB
CommitLimit:      675480 kB
Committed_AS:   47023672 kB
VmallocTotal:     253952 kB
VmallocUsed:       95500 kB
VmallocChunk:      47108 kB
Time pass: 306 sec

---2015-12-15 11:39:31
MemTotal:        1350964 kB
MemFree:           33284 kB
Buffers:            9372 kB
Cached:           457560 kB
SwapCached:            0 kB
Active:           778220 kB
Inactive:         238540 kB
Active(anon):     558028 kB
Inactive(anon):     3288 kB
Active(file):     220192 kB
Inactive(file):   235252 kB
Unevictable:        8152 kB
Mlocked:               0 kB
HighTotal:        802816 kB
HighFree:           1504 kB
LowTotal:         548148 kB
LowFree:           31780 kB
SwapTotal:             0 kB
SwapFree:              0 kB
Dirty:                32 kB
Writeback:             0 kB
AnonPages:        557896 kB
Mapped:           230604 kB
Shmem:              3336 kB
Slab:              34512 kB
SReclaimable:      12372 kB
SUnreclaim:        22140 kB
KernelStack:        9848 kB
PageTables:        21004 kB
NFS_Unstable:          0 kB
Bounce:                0 kB
WritebackTmp:          0 kB
CommitLimit:      675480 kB
Committed_AS:   47023600 kB
VmallocTotal:     253952 kB
VmallocUsed:       95500 kB
VmallocChunk:      47108 kB
Time pass: 309 sec

---2015-12-15 11:39:31
MemTotal:        1350964 kB
MemFree:           32524 kB
Buffers:            9388 kB
Cached:           457680 kB
SwapCached:            0 kB
Active:           779164 kB
Inactive:         238616 kB
Active(anon):     558972 kB
Inactive(anon):     3288 kB
Active(file):     220192 kB
Inactive(file):   235328 kB
Unevictable:        8152 kB
Mlocked:               0 kB
HighTotal:        802816 kB
HighFree:           1752 kB
LowTotal:         548148 kB
LowFree:           30772 kB
SwapTotal:             0 kB
SwapFree:              0 kB
Dirty:                68 kB
Writeback:             0 kB
AnonPages:        559000 kB
Mapped:           230628 kB
Shmem:              3336 kB
Slab:              34572 kB
SReclaimable:      12372 kB
SUnreclaim:        22200 kB
KernelStack:        9848 kB
PageTables:        21004 kB
NFS_Unstable:          0 kB
Bounce:                0 kB
WritebackTmp:          0 kB
CommitLimit:      675480 kB
Committed_AS:   47024392 kB
VmallocTotal:     253952 kB
VmallocUsed:       95500 kB
VmallocChunk:      47108 kB
Time pass: 313 sec

---2015-12-15 11:39:31
MemTotal:        1350964 kB
MemFree:           32828 kB
Buffers:            9396 kB
Cached:           457680 kB
SwapCached:            0 kB
Active:           778576 kB
Inactive:         238684 kB
Active(anon):     558384 kB
Inactive(anon):     3288 kB
Active(file):     220192 kB
Inactive(file):   235396 kB
Unevictable:        8152 kB
Mlocked:               0 kB
HighTotal:        802816 kB
HighFree:           1504 kB
LowTotal:         548148 kB
LowFree:           31324 kB
SwapTotal:             0 kB
SwapFree:              0 kB
Dirty:                96 kB
Writeback:             0 kB
AnonPages:        558312 kB
Mapped:           230776 kB
Shmem:              3336 kB
Slab:              34516 kB
SReclaimable:      12372 kB
SUnreclaim:        22144 kB
KernelStack:        9848 kB
PageTables:        21004 kB
NFS_Unstable:          0 kB
Bounce:                0 kB
WritebackTmp:          0 kB
CommitLimit:      675480 kB
Committed_AS:   47023840 kB
VmallocTotal:     253952 kB
VmallocUsed:       95500 kB
VmallocChunk:      47108 kB
Time pass: 317 sec

---2015-12-15 11:39:31
MemTotal:        1350964 kB
MemFree:           32208 kB
Buffers:            9412 kB
Cached:           457680 kB
SwapCached:            0 kB
Active:           778596 kB
Inactive:         238700 kB
Active(anon):     558404 kB
Inactive(anon):     3288 kB
Active(file):     220192 kB
Inactive(file):   235412 kB
Unevictable:        8152 kB
Mlocked:               0 kB
HighTotal:        802816 kB
HighFree:           1504 kB
LowTotal:         548148 kB
LowFree:           30704 kB
SwapTotal:             0 kB
SwapFree:              0 kB
Dirty:                 0 kB
Writeback:             0 kB
AnonPages:        558408 kB
Mapped:           230776 kB
Shmem:              3336 kB
Slab:              34500 kB
SReclaimable:      12372 kB
SUnreclaim:        22128 kB
KernelStack:        9848 kB
PageTables:        21004 kB
NFS_Unstable:          0 kB
Bounce:                0 kB
WritebackTmp:          0 kB
CommitLimit:      675480 kB
Committed_AS:   47023784 kB
VmallocTotal:     253952 kB
VmallocUsed:       95500 kB
VmallocChunk:      47108 kB
Time pass: 320 sec

---2015-12-15 11:39:31
MemTotal:        1350964 kB
MemFree:           31904 kB
Buffers:            9420 kB
Cached:           457672 kB
SwapCached:            0 kB
Active:           778740 kB
Inactive:         238700 kB
Active(anon):     558548 kB
Inactive(anon):     3288 kB
Active(file):     220192 kB
Inactive(file):   235412 kB
Unevictable:        8152 kB
Mlocked:               0 kB
HighTotal:        802816 kB
HighFree:           1504 kB
LowTotal:         548148 kB
LowFree:           30400 kB
SwapTotal:             0 kB
SwapFree:              0 kB
Dirty:                 4 kB
Writeback:             0 kB
AnonPages:        558452 kB
Mapped:           230776 kB
Shmem:              3336 kB
Slab:              34536 kB
SReclaimable:      12372 kB
SUnreclaim:        22164 kB
KernelStack:        9848 kB
PageTables:        21000 kB
NFS_Unstable:          0 kB
Bounce:                0 kB
WritebackTmp:          0 kB
CommitLimit:      675480 kB
Committed_AS:   47023780 kB
VmallocTotal:     253952 kB
VmallocUsed:       95500 kB
VmallocChunk:      47108 kB
Time pass: 324 sec

---2015-12-15 11:39:31
MemTotal:        1350964 kB
MemFree:           31784 kB
Buffers:            9436 kB
Cached:           457680 kB
SwapCached:            0 kB
Active:           779284 kB
Inactive:         238716 kB
Active(anon):     559092 kB
Inactive(anon):     3288 kB
Active(file):     220192 kB
Inactive(file):   235428 kB
Unevictable:        8152 kB
Mlocked:               0 kB
HighTotal:        802816 kB
HighFree:           1504 kB
LowTotal:         548148 kB
LowFree:           30280 kB
SwapTotal:             0 kB
SwapFree:              0 kB
Dirty:                44 kB
Writeback:             0 kB
AnonPages:        559028 kB
Mapped:           230776 kB
