---2015-12-04 11:56:06
MemTotal:        1745540 kB
MemFree:           45812 kB
Buffers:            9528 kB
Cached:           588856 kB
SwapCached:        18644 kB
Active:           674976 kB
Inactive:         691920 kB
Active(anon):     384476 kB
Inactive(anon):   387952 kB
Active(file):     290500 kB
Inactive(file):   303968 kB
Unevictable:        3816 kB
Mlocked:               0 kB
HighTotal:       1217536 kB
HighFree:          21072 kB
LowTotal:         528004 kB
LowFree:           24740 kB
SwapTotal:       1310716 kB
SwapFree:        1003292 kB
Dirty:                 0 kB
Writeback:             0 kB
AnonPages:        760072 kB
Mapped:           311132 kB
Shmem:               100 kB
Slab:              56784 kB
SReclaimable:      16568 kB
SUnreclaim:        40216 kB
KernelStack:       15952 kB
PageTables:        55008 kB
NFS_Unstable:          0 kB
Bounce:                0 kB
WritebackTmp:          0 kB
CommitLimit:     2183484 kB
Committed_AS:   131661576 kB
VmallocTotal:     311296 kB
VmallocUsed:       34220 kB
VmallocChunk:     148492 kB
Time pass: 3 sec

---2015-12-04 11:56:06
MemTotal:        1745540 kB
MemFree:           45396 kB
Buffers:            9536 kB
Cached:           588976 kB
SwapCached:        18644 kB
Active:           675284 kB
Inactive:         692004 kB
Active(anon):     384760 kB
Inactive(anon):   387932 kB
Active(file):     290524 kB
Inactive(file):   304072 kB
Unevictable:        3816 kB
Mlocked:               0 kB
HighTotal:       1217536 kB
HighFree:          20640 kB
LowTotal:         528004 kB
LowFree:           24756 kB
SwapTotal:       1310716 kB
SwapFree:        1003304 kB
Dirty:                32 kB
Writeback:             0 kB
AnonPages:        760336 kB
Mapped:           311132 kB
Shmem:               100 kB
Slab:              56776 kB
SReclaimable:      16568 kB
SUnreclaim:        40208 kB
KernelStack:       15952 kB
PageTables:        55036 kB
NFS_Unstable:          0 kB
Bounce:                0 kB
WritebackTmp:          0 kB
CommitLimit:     2183484 kB
Committed_AS:   131661776 kB
VmallocTotal:     311296 kB
VmallocUsed:       34220 kB
VmallocChunk:     148492 kB
Time pass: 7 sec

---2015-12-04 11:56:06
MemTotal:        1745540 kB
MemFree:           45448 kB
Buffers:            9536 kB
Cached:           589076 kB
SwapCached:        18644 kB
Active:           675456 kB
Inactive:         692000 kB
Active(anon):     384932 kB
Inactive(anon):   387828 kB
Active(file):     290524 kB
Inactive(file):   304172 kB
Unevictable:        3816 kB
Mlocked:               0 kB
HighTotal:       1217536 kB
HighFree:          20668 kB
LowTotal:         528004 kB
LowFree:           24780 kB
SwapTotal:       1310716 kB
SwapFree:        1003324 kB
Dirty:                32 kB
Writeback:             0 kB
AnonPages:        760356 kB
Mapped:           311152 kB
Shmem:               100 kB
Slab:              56776 kB
SReclaimable:      16568 kB
SUnreclaim:        40208 kB
KernelStack:       15928 kB
PageTables:        55036 kB
NFS_Unstable:          0 kB
Bounce:                0 kB
WritebackTmp:          0 kB
CommitLimit:     2183484 kB
Committed_AS:   131661736 kB
VmallocTotal:     311296 kB
VmallocUsed:       34220 kB
VmallocChunk:     148492 kB
Time pass: 10 sec

---2015-12-04 11:56:06
MemTotal:        1745540 kB
MemFree:           45224 kB
Buffers:            9536 kB
Cached:           589076 kB
SwapCached:        18644 kB
Active:           675576 kB
Inactive:         692000 kB
Active(anon):     385052 kB
Inactive(anon):   387828 kB
Active(file):     290524 kB
Inactive(file):   304172 kB
Unevictable:        3816 kB
Mlocked:               0 kB
HighTotal:       1217536 kB
HighFree:          20428 kB
LowTotal:         528004 kB
LowFree:           24796 kB
SwapTotal:       1310716 kB
SwapFree:        1003324 kB
Dirty:                 0 kB
Writeback:             0 kB
AnonPages:        760460 kB
Mapped:           311152 kB
Shmem:               100 kB
Slab:              56744 kB
SReclaimable:      16568 kB
SUnreclaim:        40176 kB
KernelStack:       15928 kB
PageTables:        55040 kB
NFS_Unstable:          0 kB
Bounce:                0 kB
WritebackTmp:          0 kB
CommitLimit:     2183484 kB
Committed_AS:   131661776 kB
VmallocTotal:     311296 kB
VmallocUsed:       34220 kB
VmallocChunk:     148492 kB
Time pass: 14 sec

---2015-12-04 11:56:06
MemTotal:        1745540 kB
MemFree:           47016 kB
Buffers:            9536 kB
Cached:           587040 kB
SwapCached:        18644 kB
Active:           675772 kB
Inactive:         689676 kB
Active(anon):     384724 kB
Inactive(anon):   388064 kB
Active(file):     291048 kB
Inactive(file):   301612 kB
Unevictable:        3816 kB
Mlocked:               0 kB
HighTotal:       1217536 kB
HighFree:          21784 kB
LowTotal:         528004 kB
LowFree:           25232 kB
SwapTotal:       1310716 kB
SwapFree:        1002984 kB
Dirty:                 0 kB
Writeback:             0 kB
AnonPages:        760460 kB
Mapped:           311112 kB
Shmem:               100 kB
Slab:              56856 kB
SReclaimable:      16616 kB
SUnreclaim:        40240 kB
KernelStack:       15928 kB
PageTables:        55036 kB
NFS_Unstable:          0 kB
Bounce:                0 kB
WritebackTmp:          0 kB
CommitLimit:     2183484 kB
Committed_AS:   131662016 kB
VmallocTotal:     311296 kB
VmallocUsed:       34220 kB
VmallocChunk:     148492 kB
Time pass: 18 sec

---2015-12-04 11:56:06
MemTotal:        1745540 kB
MemFree:           51380 kB
Buffers:            8888 kB
Cached:           573808 kB
SwapCached:        34008 kB
Active:           675940 kB
Inactive:         688744 kB
Active(anon):     390252 kB
Inactive(anon):   395812 kB
Active(file):     285688 kB
Inactive(file):   292932 kB
Unevictable:        3816 kB
Mlocked:               0 kB
HighTotal:       1217536 kB
HighFree:          20824 kB
LowTotal:         528004 kB
LowFree:           30556 kB
SwapTotal:       1310716 kB
SwapFree:         993504 kB
Dirty:                96 kB
Writeback:             0 kB
AnonPages:        773520 kB
Mapped:           307964 kB
Shmem:               100 kB
Slab:              56980 kB
SReclaimable:      16592 kB
SUnreclaim:        40388 kB
KernelStack:       16128 kB
PageTables:        55112 kB
NFS_Unstable:          0 kB
Bounce:                0 kB
WritebackTmp:          0 kB
CommitLimit:     2183484 kB
Committed_AS:   131974512 kB
VmallocTotal:     311296 kB
VmallocUsed:       32284 kB
VmallocChunk:     148492 kB
Time pass: 21 sec

---2015-12-04 11:56:06
MemTotal:        1745540 kB
MemFree:           49636 kB
Buffers:            8456 kB
Cached:           464296 kB
SwapCached:        35756 kB
Active:           621248 kB
Inactive:         619752 kB
Active(anon):     386064 kB
Inactive(anon):   386204 kB
Active(file):     235184 kB
Inactive(file):   233548 kB
Unevictable:        3816 kB
Mlocked:               0 kB
HighTotal:       1217536 kB
HighFree:          24048 kB
LowTotal:         528004 kB
LowFree:           25588 kB
SwapTotal:       1310716 kB
SwapFree:         947916 kB
Dirty:              1144 kB
Writeback:             0 kB
AnonPages:        758876 kB
Mapped:           348316 kB
Shmem:               232 kB
Slab:              57836 kB
SReclaimable:      16768 kB
SUnreclaim:        41068 kB
KernelStack:       16376 kB
PageTables:        55048 kB
NFS_Unstable:          0 kB
Bounce:                0 kB
WritebackTmp:          0 kB
CommitLimit:     2183484 kB
Committed_AS:   130531024 kB
VmallocTotal:     311296 kB
VmallocUsed:       31676 kB
VmallocChunk:     148492 kB
Time pass: 25 sec

---2015-12-04 11:56:06
MemTotal:        1745540 kB
MemFree:           70540 kB
Buffers:            7032 kB
Cached:           447192 kB
SwapCached:        33688 kB
Active:           596976 kB
Inactive:         598004 kB
Active(anon):     371848 kB
Inactive(anon):   372956 kB
Active(file):     225128 kB
Inactive(file):   225048 kB
Unevictable:        3816 kB
Mlocked:               0 kB
HighTotal:       1217536 kB
HighFree:          37752 kB
LowTotal:         528004 kB
LowFree:           32788 kB
SwapTotal:       1310716 kB
SwapFree:         952028 kB
Dirty:                88 kB
Writeback:             0 kB
AnonPages:        731368 kB
Mapped:           367136 kB
Shmem:               232 kB
Slab:              57788 kB
SReclaimable:      16752 kB
SUnreclaim:        41036 kB
KernelStack:       16200 kB
PageTables:        55188 kB
NFS_Unstable:          0 kB
Bounce:                0 kB
WritebackTmp:          0 kB
CommitLimit:     2183484 kB
Committed_AS:   130503668 kB
VmallocTotal:     311296 kB
VmallocUsed:       31612 kB
VmallocChunk:     148492 kB
Time pass: 28 sec

---2015-12-04 11:56:06
MemTotal:        1745540 kB
MemFree:           70772 kB
Buffers:            7048 kB
Cached:           447292 kB
SwapCached:        33684 kB
Active:           596812 kB
Inactive:         598060 kB
Active(anon):     371648 kB
Inactive(anon):   372932 kB
Active(file):     225164 kB
Inactive(file):   225128 kB
Unevictable:        3816 kB
Mlocked:               0 kB
HighTotal:       1217536 kB
HighFree:          37928 kB
LowTotal:         528004 kB
LowFree:           32844 kB
SwapTotal:       1310716 kB
SwapFree:         952076 kB
Dirty:               100 kB
Writeback:             0 kB
AnonPages:        731160 kB
Mapped:           367216 kB
Shmem:               232 kB
Slab:              57780 kB
SReclaimable:      16744 kB
SUnreclaim:        41036 kB
KernelStack:       16152 kB
PageTables:        55188 kB
NFS_Unstable:          0 kB
Bounce:                0 kB
WritebackTmp:          0 kB
CommitLimit:     2183484 kB
Committed_AS:   130503628 kB
VmallocTotal:     311296 kB
VmallocUsed:       31612 kB
VmallocChunk:     148492 kB
Time pass: 32 sec

---2015-12-04 11:56:06
MemTotal:        1745540 kB
MemFree:           75696 kB
Buffers:            7056 kB
Cached:           448168 kB
SwapCached:        33720 kB
Active:           596368 kB
Inactive:         594896 kB
Active(anon):     370792 kB
Inactive(anon):   369296 kB
Active(file):     225576 kB
Inactive(file):   225600 kB
Unevictable:        3816 kB
Mlocked:               0 kB
HighTotal:       1217536 kB
HighFree:          40572 kB
LowTotal:         528004 kB
LowFree:           35124 kB
SwapTotal:       1310716 kB
SwapFree:         954492 kB
Dirty:                 0 kB
Writeback:            28 kB
AnonPages:        726716 kB
Mapped:           367040 kB
Shmem:               232 kB
Slab:              57720 kB
SReclaimable:      16744 kB
SUnreclaim:        40976 kB
KernelStack:       15976 kB
PageTables:        54164 kB
NFS_Unstable:          0 kB
Bounce:                0 kB
WritebackTmp:          0 kB
CommitLimit:     2183484 kB
Committed_AS:   127495256 kB
VmallocTotal:     311296 kB
VmallocUsed:       30592 kB
VmallocChunk:     148492 kB
Time pass: 35 sec

---2015-12-04 11:56:06
MemTotal:        1745540 kB
MemFree:           55068 kB
Buffers:            7112 kB
Cached:           441096 kB
SwapCached:        35776 kB
Active:           594912 kB
Inactive:         596168 kB
Active(anon):     373120 kB
Inactive(anon):   373852 kB
Active(file):     221792 kB
Inactive(file):   222316 kB
Unevictable:        3816 kB
Mlocked:               0 kB
HighTotal:       1217536 kB
HighFree:          28052 kB
LowTotal:         528004 kB
LowFree:           27016 kB
SwapTotal:       1310716 kB
SwapFree:         946188 kB
Dirty:                64 kB
Writeback:             0 kB
AnonPages:        733520 kB
Mapped:           370444 kB
Shmem:               232 kB
Slab:              57688 kB
SReclaimable:      16752 kB
SUnreclaim:        40936 kB
KernelStack:       16048 kB
PageTables:        54376 kB
NFS_Unstable:          0 kB
Bounce:                0 kB
WritebackTmp:          0 kB
CommitLimit:     2183484 kB
Committed_AS:   127506096 kB
VmallocTotal:     311296 kB
VmallocUsed:       30932 kB
VmallocChunk:     148492 kB
Time pass: 39 sec

---2015-12-04 11:56:06
MemTotal:        1745540 kB
MemFree:           48216 kB
Buffers:            7112 kB
Cached:           438288 kB
SwapCached:        36020 kB
Active:           597540 kB
Inactive:         597032 kB
Active(anon):     376888 kB
Inactive(anon):   376312 kB
Active(file):     220652 kB
Inactive(file):   220720 kB
Unevictable:        3816 kB
Mlocked:               0 kB
HighTotal:       1217536 kB
HighFree:          22516 kB
LowTotal:         528004 kB
LowFree:           25700 kB
SwapTotal:       1310716 kB
SwapFree:         944984 kB
Dirty:                12 kB
Writeback:             0 kB
AnonPages:        739808 kB
Mapped:           372544 kB
Shmem:               232 kB
Slab:              57644 kB
SReclaimable:      16744 kB
SUnreclaim:        40900 kB
KernelStack:       16024 kB
PageTables:        54400 kB
NFS_Unstable:          0 kB
Bounce:                0 kB
WritebackTmp:          0 kB
CommitLimit:     2183484 kB
Committed_AS:   127527164 kB
VmallocTotal:     311296 kB
VmallocUsed:       30952 kB
VmallocChunk:     148492 kB
Time pass: 43 sec

---2015-12-04 11:56:06
MemTotal:        1745540 kB
MemFree:           44704 kB
Buffers:            7124 kB
Cached:           434936 kB
SwapCached:        36040 kB
Active:           598664 kB
Inactive:         595592 kB
Active(anon):     380356 kB
Inactive(anon):   376092 kB
Active(file):     218308 kB
Inactive(file):   219500 kB
Unevictable:        3816 kB
Mlocked:               0 kB
HighTotal:       1217536 kB
HighFree:          18552 kB
LowTotal:         528004 kB
LowFree:           26152 kB
SwapTotal:       1310716 kB
SwapFree:         943316 kB
Dirty:               100 kB
Writeback:             0 kB
AnonPages:        743308 kB
Mapped:           373596 kB
Shmem:               236 kB
Slab:              57672 kB
SReclaimable:      16744 kB
SUnreclaim:        40928 kB
KernelStack:       16024 kB
PageTables:        54356 kB
NFS_Unstable:          0 kB
Bounce:                0 kB
WritebackTmp:          0 kB
CommitLimit:     2183484 kB
Committed_AS:   127537548 kB
VmallocTotal:     311296 kB
VmallocUsed:       31040 kB
VmallocChunk:     148492 kB
Time pass: 46 sec

---2015-12-04 11:56:06
MemTotal:        1745540 kB
MemFree:           60796 kB
Buffers:            5440 kB
Cached:           400764 kB
SwapCached:        35688 kB
Active:           565004 kB
Inactive:         565752 kB
Active(anon):     361188 kB
Inactive(anon):   367500 kB
Active(file):     203816 kB
Inactive(file):   198252 kB
Unevictable:        3816 kB
Mlocked:               0 kB
HighTotal:       1217536 kB
HighFree:          32752 kB
LowTotal:         528004 kB
LowFree:           28044 kB
SwapTotal:       1310716 kB
SwapFree:         908336 kB
Dirty:              1320 kB
Writeback:             0 kB
AnonPages:        714408 kB
Mapped:           401948 kB
Shmem:               236 kB
Slab:              58136 kB
SReclaimable:      16728 kB
SUnreclaim:        41408 kB
KernelStack:       16168 kB
PageTables:        54488 kB
NFS_Unstable:          0 kB
Bounce:                0 kB
WritebackTmp:          0 kB
CommitLimit:     2183484 kB
Committed_AS:   127546212 kB
VmallocTotal:     311296 kB
VmallocUsed:       31172 kB
VmallocChunk:     148492 kB
Time pass: 50 sec

---2015-12-04 11:56:06
MemTotal:        1745540 kB
MemFree:           60312 kB
Buffers:            5448 kB
Cached:           400988 kB
SwapCached:        35688 kB
Active:           565328 kB
Inactive:         565960 kB
Active(anon):     361448 kB
Inactive(anon):   367460 kB
Active(file):     203880 kB
Inactive(file):   198500 kB
Unevictable:        3816 kB
Mlocked:               0 kB
HighTotal:       1217536 kB
HighFree:          32160 kB
LowTotal:         528004 kB
LowFree:           28152 kB
SwapTotal:       1310716 kB
SwapFree:         908336 kB
Dirty:               112 kB
Writeback:             0 kB
AnonPages:        714516 kB
Mapped:           401884 kB
Shmem:               236 kB
Slab:              58116 kB
SReclaimable:      16712 kB
SUnreclaim:        41404 kB
KernelStack:       16072 kB
PageTables:        54496 kB
NFS_Unstable:          0 kB
Bounce:                0 kB
WritebackTmp:          0 kB
CommitLimit:     2183484 kB
Committed_AS:   127546292 kB
VmallocTotal:     311296 kB
VmallocUsed:       31240 kB
VmallocChunk:     148492 kB
Time pass: 53 sec

---2015-12-04 11:56:06
MemTotal:        1745540 kB
MemFree:           62352 kB
Buffers:            5452 kB
Cached:           407096 kB
SwapCached:        36052 kB
Active:           563756 kB
Inactive:         563104 kB
Active(anon):     359560 kB
Inactive(anon):   358820 kB
Active(file):     204196 kB
Inactive(file):   204284 kB
Unevictable:        3816 kB
Mlocked:               0 kB
HighTotal:       1217536 kB
HighFree:          35384 kB
LowTotal:         528004 kB
LowFree:           26968 kB
SwapTotal:       1310716 kB
SwapFree:         895360 kB
Dirty:               104 kB
Writeback:             0 kB
AnonPages:        703884 kB
Mapped:           401212 kB
Shmem:               236 kB
Slab:              58196 kB
SReclaimable:      16704 kB
SUnreclaim:        41492 kB
KernelStack:       16104 kB
PageTables:        54504 kB
NFS_Unstable:          0 kB
Bounce:                0 kB
WritebackTmp:          0 kB
CommitLimit:     2183484 kB
Committed_AS:   127547764 kB
VmallocTotal:     311296 kB
VmallocUsed:       31104 kB
VmallocChunk:     148492 kB
Time pass: 57 sec

---2015-12-04 11:56:06
MemTotal:        1745540 kB
MemFree:           66440 kB
Buffers:            5460 kB
Cached:           397100 kB
SwapCached:        36404 kB
Active:           552608 kB
Inactive:         554484 kB
Active(anon):     352940 kB
Inactive(anon):   355644 kB
Active(file):     199668 kB
Inactive(file):   198840 kB
Unevictable:        3816 kB
Mlocked:               0 kB
HighTotal:       1217536 kB
HighFree:          39680 kB
LowTotal:         528004 kB
LowFree:           26760 kB
SwapTotal:       1310716 kB
SwapFree:         884256 kB
Dirty:               288 kB
Writeback:             0 kB
AnonPages:        693644 kB
Mapped:           408276 kB
Shmem:               236 kB
Slab:              58296 kB
SReclaimable:      16704 kB
SUnreclaim:        41592 kB
KernelStack:       16104 kB
PageTables:        54536 kB
NFS_Unstable:          0 kB
Bounce:                0 kB
WritebackTmp:          0 kB
CommitLimit:     2183484 kB
Committed_AS:   127548980 kB
VmallocTotal:     311296 kB
VmallocUsed:       31076 kB
VmallocChunk:     148492 kB
Time pass: 60 sec

---2015-12-04 11:56:06
MemTotal:        1745540 kB
MemFree:           65008 kB
Buffers:            5460 kB
Cached:           397108 kB
SwapCached:        36404 kB
Active:           552608 kB
Inactive:         554468 kB
Active(anon):     352928 kB
Inactive(anon):   355632 kB
Active(file):     199680 kB
Inactive(file):   198836 kB
Unevictable:        3816 kB
Mlocked:               0 kB
HighTotal:       1217536 kB
HighFree:          38876 kB
LowTotal:         528004 kB
LowFree:           26132 kB
SwapTotal:       1310716 kB
SwapFree:         884260 kB
Dirty:                68 kB
Writeback:             0 kB
AnonPages:        693704 kB
Mapped:           408356 kB
Shmem:               236 kB
Slab:              58264 kB
SReclaimable:      16704 kB
SUnreclaim:        41560 kB
KernelStack:       16104 kB
PageTables:        54536 kB
NFS_Unstable:          0 kB
Bounce:                0 kB
WritebackTmp:          0 kB
CommitLimit:     2183484 kB
Committed_AS:   127549068 kB
VmallocTotal:     311296 kB
VmallocUsed:       31212 kB
VmallocChunk:     148492 kB
Time pass: 64 sec

---2015-12-04 11:56:06
MemTotal:        1745540 kB
MemFree:           66124 kB
Buffers:            5472 kB
Cached:           382280 kB
SwapCached:        36880 kB
Active:           542872 kB
Inactive:         539092 kB
Active(anon):     349132 kB
Inactive(anon):   349132 kB
Active(file):     193740 kB
Inactive(file):   189960 kB
Unevictable:        3816 kB
Mlocked:               0 kB
HighTotal:       1217536 kB
HighFree:          38320 kB
LowTotal:         528004 kB
LowFree:           27804 kB
SwapTotal:       1310716 kB
SwapFree:         864092 kB
Dirty:               624 kB
Writeback:             0 kB
AnonPages:        682972 kB
Mapped:           416476 kB
Shmem:               236 kB
Slab:              58456 kB
SReclaimable:      16704 kB
SUnreclaim:        41752 kB
KernelStack:       16192 kB
PageTables:        54604 kB
NFS_Unstable:          0 kB
Bounce:                0 kB
WritebackTmp:          0 kB
CommitLimit:     2183484 kB
Committed_AS:   127558348 kB
VmallocTotal:     311296 kB
VmallocUsed:       31240 kB
VmallocChunk:     148492 kB
Time pass: 67 sec

---2015-12-04 11:56:06
MemTotal:        1745540 kB
MemFree:           55624 kB
Buffers:            5488 kB
Cached:           386308 kB
SwapCached:        37316 kB
Active:           545808 kB
Inactive:         544500 kB
Active(anon):     352204 kB
Inactive(anon):   350388 kB
Active(file):     193604 kB
Inactive(file):   194112 kB
Unevictable:        3816 kB
Mlocked:               0 kB
HighTotal:       1217536 kB
HighFree:          28780 kB
LowTotal:         528004 kB
LowFree:           26844 kB
SwapTotal:       1310716 kB
SwapFree:         856724 kB
Dirty:               864 kB
Writeback:             0 kB
AnonPages:        686796 kB
Mapped:           417280 kB
Shmem:               236 kB
Slab:              58584 kB
SReclaimable:      16704 kB
SUnreclaim:        41880 kB
KernelStack:       16280 kB
PageTables:        54668 kB
NFS_Unstable:          0 kB
Bounce:                0 kB
WritebackTmp:          0 kB
CommitLimit:     2183484 kB
Committed_AS:   127572092 kB
VmallocTotal:     311296 kB
VmallocUsed:       31308 kB
VmallocChunk:     148492 kB
Time pass: 71 sec

---2015-12-04 11:56:06
MemTotal:        1745540 kB
MemFree:           53428 kB
Buffers:            4736 kB
Cached:           356628 kB
SwapCached:        38780 kB
Active:           523844 kB
Inactive:         521616 kB
Active(anon):     345300 kB
Inactive(anon):   343004 kB
Active(file):     178544 kB
Inactive(file):   178612 kB
Unevictable:        3816 kB
Mlocked:               0 kB
HighTotal:       1217536 kB
HighFree:          29380 kB
LowTotal:         528004 kB
LowFree:           24048 kB
SwapTotal:       1310716 kB
SwapFree:         828088 kB
Dirty:                44 kB
Writeback:             0 kB
AnonPages:        671480 kB
Mapped:           394936 kB
Shmem:               392 kB
Slab:              59040 kB
SReclaimable:      16704 kB
SUnreclaim:        42336 kB
KernelStack:       16472 kB
PageTables:        54908 kB
NFS_Unstable:          0 kB
Bounce:                0 kB
WritebackTmp:          0 kB
CommitLimit:     2183484 kB
Committed_AS:   127621636 kB
VmallocTotal:     311296 kB
VmallocUsed:       31376 kB
VmallocChunk:     148492 kB
Time pass: 75 sec

---2015-12-04 11:56:06
MemTotal:        1745540 kB
MemFree:           62380 kB
Buffers:            4492 kB
Cached:           332016 kB
SwapCached:        39272 kB
Active:           501368 kB
Inactive:         501536 kB
Active(anon):     335264 kB
Inactive(anon):   335392 kB
Active(file):     166104 kB
Inactive(file):   166144 kB
Unevictable:        3816 kB
Mlocked:               0 kB
HighTotal:       1217536 kB
HighFree:          35380 kB
LowTotal:         528004 kB
LowFree:           27000 kB
SwapTotal:       1310716 kB
SwapFree:         806348 kB
Dirty:                 0 kB
Writeback:             0 kB
AnonPages:        653404 kB
Mapped:           383920 kB
Shmem:               444 kB
Slab:              59320 kB
SReclaimable:      16688 kB
SUnreclaim:        42632 kB
KernelStack:       16432 kB
PageTables:        55072 kB
NFS_Unstable:          0 kB
Bounce:                0 kB
WritebackTmp:          0 kB
CommitLimit:     2183484 kB
Committed_AS:   127624820 kB
VmallocTotal:     311296 kB
VmallocUsed:       31308 kB
VmallocChunk:     148492 kB
Time pass: 79 sec

---2015-12-04 11:56:06
MemTotal:        1745540 kB
MemFree:           58952 kB
Buffers:            4500 kB
Cached:           332408 kB
SwapCached:        39368 kB
Active:           503100 kB
Inactive:         502040 kB
Active(anon):     336996 kB
Inactive(anon):   335652 kB
Active(file):     166104 kB
Inactive(file):   166388 kB
Unevictable:        3816 kB
Mlocked:               0 kB
HighTotal:       1217536 kB
HighFree:          32920 kB
LowTotal:         528004 kB
LowFree:           26032 kB
SwapTotal:       1310716 kB
SwapFree:         806380 kB
Dirty:                 0 kB
Writeback:             0 kB
AnonPages:        655192 kB
Mapped:           384076 kB
Shmem:               600 kB
Slab:              59356 kB
SReclaimable:      16688 kB
SUnreclaim:        42668 kB
KernelStack:       16488 kB
PageTables:        55120 kB
NFS_Unstable:          0 kB
Bounce:                0 kB
WritebackTmp:          0 kB
CommitLimit:     2183484 kB
Committed_AS:   127627932 kB
VmallocTotal:     311296 kB
VmallocUsed:       31376 kB
VmallocChunk:     148492 kB
Time pass: 83 sec

---2015-12-04 11:56:06
MemTotal:        1745540 kB
MemFree:           60080 kB
Buffers:            4516 kB
Cached:           334412 kB
SwapCached:        39448 kB
Active:           503972 kB
Inactive:         501312 kB
Active(anon):     337868 kB
Inactive(anon):   332904 kB
Active(file):     166104 kB
Inactive(file):   168408 kB
Unevictable:        3816 kB
Mlocked:               0 kB
HighTotal:       1217536 kB
HighFree:          31468 kB
LowTotal:         528004 kB
LowFree:           28612 kB
SwapTotal:       1310716 kB
SwapFree:         807216 kB
Dirty:                36 kB
Writeback:             0 kB
AnonPages:        653296 kB
Mapped:           384292 kB
Shmem:               600 kB
Slab:              59376 kB
SReclaimable:      16680 kB
SUnreclaim:        42696 kB
KernelStack:       16424 kB
PageTables:        55076 kB
NFS_Unstable:          0 kB
Bounce:                0 kB
WritebackTmp:          0 kB
CommitLimit:     2183484 kB
Committed_AS:   127625996 kB
VmallocTotal:     311296 kB
VmallocUsed:       31308 kB
VmallocChunk:     148492 kB
Time pass: 87 sec

---2015-12-04 11:56:06
MemTotal:        1745540 kB
MemFree:           70828 kB
Buffers:            4512 kB
Cached:           330956 kB
SwapCached:        40332 kB
Active:           492768 kB
Inactive:         493040 kB
Active(anon):     327596 kB
Inactive(anon):   327264 kB
Active(file):     165172 kB
Inactive(file):   165776 kB
Unevictable:        3816 kB
Mlocked:               0 kB
HighTotal:       1217536 kB
HighFree:          39996 kB
LowTotal:         528004 kB
LowFree:           30832 kB
SwapTotal:       1310716 kB
SwapFree:         784588 kB
Dirty:                52 kB
Writeback:             0 kB
AnonPages:        636452 kB
Mapped:           376720 kB
Shmem:               680 kB
Slab:              59656 kB
SReclaimable:      16680 kB
SUnreclaim:        42976 kB
KernelStack:       16464 kB
PageTables:        55100 kB
NFS_Unstable:          0 kB
Bounce:                0 kB
WritebackTmp:          0 kB
CommitLimit:     2183484 kB
Committed_AS:   127634436 kB
VmallocTotal:     311296 kB
VmallocUsed:       31308 kB
VmallocChunk:     148492 kB
Time pass: 90 sec

---2015-12-04 11:56:06
MemTotal:        1745540 kB
MemFree:           66800 kB
Buffers:            4568 kB
Cached:           331904 kB
SwapCached:        40356 kB
Active:           495316 kB
Inactive:         494040 kB
Active(anon):     330084 kB
Inactive(anon):   327268 kB
Active(file):     165232 kB
Inactive(file):   166772 kB
Unevictable:        3816 kB
Mlocked:               0 kB
HighTotal:       1217536 kB
HighFree:          36132 kB
LowTotal:         528004 kB
LowFree:           30668 kB
SwapTotal:       1310716 kB
SwapFree:         784772 kB
Dirty:               120 kB
Writeback:             0 kB
AnonPages:        639292 kB
Mapped:           376768 kB
Shmem:               652 kB
Slab:              59556 kB
SReclaimable:      16680 kB
SUnreclaim:        42876 kB
KernelStack:       16504 kB
PageTables:        55116 kB
NFS_Unstable:          0 kB
Bounce:                0 kB
WritebackTmp:          0 kB
CommitLimit:     2183484 kB
Committed_AS:   127635360 kB
VmallocTotal:     311296 kB
VmallocUsed:       31376 kB
VmallocChunk:     148492 kB
Time pass: 94 sec

---2015-12-04 11:56:06
MemTotal:        1745540 kB
MemFree:           79500 kB
Buffers:            4704 kB
Cached:           339876 kB
SwapCached:        43896 kB
Active:           483392 kB
Inactive:         490768 kB
Active(anon):     314116 kB
Inactive(anon):   319736 kB
Active(file):     169276 kB
Inactive(file):   171032 kB
Unevictable:        3816 kB
Mlocked:               0 kB
HighTotal:       1217536 kB
HighFree:          48736 kB
LowTotal:         528004 kB
LowFree:           30764 kB
SwapTotal:       1310716 kB
SwapFree:         764588 kB
Dirty:                 4 kB
Writeback:             0 kB
AnonPages:        614624 kB
Mapped:           362228 kB
Shmem:               236 kB
Slab:              60888 kB
SReclaimable:      16680 kB
SUnreclaim:        44208 kB
KernelStack:       16328 kB
PageTables:        54740 kB
NFS_Unstable:          0 kB
Bounce:                0 kB
WritebackTmp:          0 kB
CommitLimit:     2183484 kB
Committed_AS:   127618968 kB
VmallocTotal:     311296 kB
VmallocUsed:       31320 kB
VmallocChunk:     148492 kB
Time pass: 97 sec

---2015-12-04 11:56:06
MemTotal:        1745540 kB
MemFree:          302688 kB
Buffers:            4944 kB
Cached:           363664 kB
SwapCached:        46668 kB
Active:           417588 kB
Inactive:         487436 kB
Active(anon):     244780 kB
Inactive(anon):   295596 kB
Active(file):     172808 kB
Inactive(file):   191840 kB
Unevictable:        3816 kB
Mlocked:               0 kB
HighTotal:       1217536 kB
HighFree:         236992 kB
LowTotal:         528004 kB
LowFree:           65696 kB
SwapTotal:       1310716 kB
SwapFree:         756836 kB
Dirty:               300 kB
Writeback:             0 kB
AnonPages:        520876 kB
Mapped:           198728 kB
Shmem:               100 kB
Slab:              60708 kB
SReclaimable:      16656 kB
SUnreclaim:        44052 kB
KernelStack:       15696 kB
PageTables:        53572 kB
NFS_Unstable:          0 kB
Bounce:                0 kB
WritebackTmp:          0 kB
CommitLimit:     2183484 kB
Committed_AS:   127713608 kB
VmallocTotal:     311296 kB
VmallocUsed:       28464 kB
VmallocChunk:     148492 kB
Time pass: 101 sec

---2015-12-04 11:56:06
MemTotal:        1745540 kB
MemFree:          302868 kB
Buffers:            4944 kB
Cached:           363740 kB
SwapCached:        47168 kB
Active:           417380 kB
Inactive:         488256 kB
Active(anon):     244552 kB
Inactive(anon):   296316 kB
Active(file):     172828 kB
Inactive(file):   191940 kB
Unevictable:        3816 kB
Mlocked:               0 kB
HighTotal:       1217536 kB
HighFree:         236792 kB
LowTotal:         528004 kB
LowFree:           66076 kB
SwapTotal:       1310716 kB
SwapFree:         758256 kB
Dirty:               308 kB
Writeback:             0 kB
AnonPages:        521300 kB
Mapped:           198832 kB
Shmem:               100 kB
Slab:              60704 kB
SReclaimable:      16656 kB
SUnreclaim:        44048 kB
KernelStack:       15664 kB
PageTables:        53632 kB
NFS_Unstable:          0 kB
Bounce:                0 kB
WritebackTmp:          0 kB
CommitLimit:     2183484 kB
Committed_AS:   127714072 kB
VmallocTotal:     311296 kB
VmallocUsed:       28260 kB
VmallocChunk:     148492 kB
Time pass: 105 sec

---2015-12-04 11:56:06
MemTotal:        1745540 kB
MemFree:          305408 kB
Buffers:            4952 kB
Cached:           363740 kB
SwapCached:        47192 kB
Active:           414768 kB
Inactive:         488304 kB
Active(anon):     241940 kB
Inactive(anon):   296356 kB
Active(file):     172828 kB
Inactive(file):   191948 kB
Unevictable:        3816 kB
Mlocked:               0 kB
HighTotal:       1217536 kB
HighFree:         239280 kB
LowTotal:         528004 kB
LowFree:           66128 kB
SwapTotal:       1310716 kB
SwapFree:         758272 kB
Dirty:                44 kB
Writeback:             0 kB
AnonPages:        518676 kB
Mapped:           198836 kB
Shmem:               100 kB
Slab:              60676 kB
SReclaimable:      16656 kB
SUnreclaim:        44020 kB
KernelStack:       15664 kB
PageTables:        53652 kB
NFS_Unstable:          0 kB
Bounce:                0 kB
WritebackTmp:          0 kB
CommitLimit:     2183484 kB
Committed_AS:   127709416 kB
VmallocTotal:     311296 kB
VmallocUsed:       28260 kB
VmallocChunk:     148492 kB
Time pass: 108 sec

---2015-12-04 11:56:06
MemTotal:        1745540 kB
MemFree:          241896 kB
Buffers:            5340 kB
Cached:           387420 kB
SwapCached:        47888 kB
Active:           453928 kB
Inactive:         494652 kB
Active(anon):     276724 kB
Inactive(anon):   283324 kB
Active(file):     177204 kB
Inactive(file):   211328 kB
Unevictable:        3816 kB
Mlocked:               0 kB
HighTotal:       1217536 kB
HighFree:         179112 kB
LowTotal:         528004 kB
LowFree:           62784 kB
SwapTotal:       1310716 kB
SwapFree:         759316 kB
Dirty:               716 kB
Writeback:             0 kB
AnonPages:        540160 kB
Mapped:           230580 kB
Shmem:               232 kB
Slab:              60836 kB
SReclaimable:      16660 kB
SUnreclaim:        44176 kB
KernelStack:       16088 kB
PageTables:        54040 kB
NFS_Unstable:          0 kB
Bounce:                0 kB
WritebackTmp:          0 kB
CommitLimit:     2183484 kB
Committed_AS:   127548880 kB
VmallocTotal:     311296 kB
VmallocUsed:       28596 kB
VmallocChunk:     148492 kB
Time pass: 112 sec

---2015-12-04 11:56:06
MemTotal:        1745540 kB
MemFree:          189300 kB
Buffers:            5388 kB
Cached:           388208 kB
SwapCached:        48124 kB
Active:           464312 kB
Inactive:         496076 kB
Active(anon):     286792 kB
Inactive(anon):   284088 kB
Active(file):     177520 kB
Inactive(file):   211988 kB
Unevictable:        3816 kB
Mlocked:               0 kB
HighTotal:       1217536 kB
HighFree:         126528 kB
LowTotal:         528004 kB
LowFree:           62772 kB
SwapTotal:       1310716 kB
SwapFree:         761140 kB
Dirty:              1692 kB
Writeback:             0 kB
AnonPages:        551044 kB
Mapped:           261248 kB
Shmem:               236 kB
Slab:              60920 kB
SReclaimable:      16668 kB
SUnreclaim:        44252 kB
KernelStack:       16088 kB
PageTables:        54104 kB
NFS_Unstable:          0 kB
Bounce:                0 kB
WritebackTmp:          0 kB
CommitLimit:     2183484 kB
Committed_AS:   127569596 kB
VmallocTotal:     311296 kB
VmallocUsed:       28828 kB
VmallocChunk:     148492 kB
Time pass: 115 sec

---2015-12-04 11:56:06
MemTotal:        1745540 kB
MemFree:          116220 kB
Buffers:            5396 kB
Cached:           391012 kB
SwapCached:        48136 kB
Active:           476572 kB
Inactive:         498168 kB
Active(anon):     298284 kB
Inactive(anon):   284104 kB
Active(file):     178288 kB
Inactive(file):   214064 kB
Unevictable:        3816 kB
Mlocked:               0 kB
HighTotal:       1217536 kB
HighFree:          54588 kB
LowTotal:         528004 kB
LowFree:           61632 kB
SwapTotal:       1310716 kB
SwapFree:         761156 kB
Dirty:              1364 kB
Writeback:             0 kB
AnonPages:        562432 kB
Mapped:           313776 kB
Shmem:               236 kB
Slab:              60844 kB
SReclaimable:      16644 kB
SUnreclaim:        44200 kB
KernelStack:       16128 kB
PageTables:        54288 kB
NFS_Unstable:          0 kB
Bounce:                0 kB
WritebackTmp:          0 kB
CommitLimit:     2183484 kB
Committed_AS:   127592504 kB
VmallocTotal:     311296 kB
VmallocUsed:       28984 kB
VmallocChunk:     148492 kB
Time pass: 119 sec

---2015-12-04 11:56:06
MemTotal:        1745540 kB
MemFree:           99840 kB
Buffers:            5404 kB
Cached:           391212 kB
SwapCached:        48276 kB
Active:           478840 kB
Inactive:         498564 kB
Active(anon):     300508 kB
Inactive(anon):   284364 kB
Active(file):     178332 kB
Inactive(file):   214200 kB
Unevictable:        3816 kB
Mlocked:               0 kB
HighTotal:       1217536 kB
HighFree:          52164 kB
LowTotal:         528004 kB
LowFree:           47676 kB
SwapTotal:       1310716 kB
SwapFree:         761376 kB
Dirty:                72 kB
Writeback:             0 kB
AnonPages:        564832 kB
Mapped:           324712 kB
Shmem:               236 kB
Slab:              60928 kB
SReclaimable:      16644 kB
SUnreclaim:        44284 kB
KernelStack:       16136 kB
PageTables:        54312 kB
NFS_Unstable:          0 kB
Bounce:                0 kB
WritebackTmp:          0 kB
CommitLimit:     2183484 kB
Committed_AS:   127592716 kB
VmallocTotal:     311296 kB
VmallocUsed:       29024 kB
VmallocChunk:     148492 kB
Time pass: 122 sec

---2015-12-04 11:56:06
MemTotal:        1745540 kB
MemFree:           99964 kB
Buffers:            5404 kB
Cached:           391276 kB
SwapCached:        48272 kB
Active:           478220 kB
Inactive:         498608 kB
Active(anon):     299832 kB
Inactive(anon):   284368 kB
Active(file):     178388 kB
Inactive(file):   214240 kB
Unevictable:        3816 kB
Mlocked:               0 kB
HighTotal:       1217536 kB
HighFree:          52036 kB
LowTotal:         528004 kB
LowFree:           47928 kB
SwapTotal:       1310716 kB
SwapFree:         761412 kB
Dirty:               168 kB
Writeback:             0 kB
AnonPages:        564220 kB
Mapped:           324600 kB
Shmem:               236 kB
Slab:              60784 kB
SReclaimable:      16628 kB
SUnreclaim:        44156 kB
KernelStack:       16080 kB
PageTables:        54332 kB
NFS_Unstable:          0 kB
Bounce:                0 kB
WritebackTmp:          0 kB
CommitLimit:     2183484 kB
Committed_AS:   127591544 kB
VmallocTotal:     311296 kB
VmallocUsed:       29160 kB
VmallocChunk:     148492 kB
Time pass: 126 sec

---2015-12-04 11:56:06
MemTotal:        1745540 kB
MemFree:           79176 kB
Buffers:            5412 kB
Cached:           389152 kB
SwapCached:        48412 kB
Active:           473664 kB
Inactive:         507644 kB
Active(anon):     295160 kB
Inactive(anon):   295620 kB
Active(file):     178504 kB
Inactive(file):   212024 kB
Unevictable:        3816 kB
Mlocked:               0 kB
HighTotal:       1217536 kB
HighFree:          48452 kB
LowTotal:         528004 kB
LowFree:           30724 kB
SwapTotal:       1310716 kB
SwapFree:         760820 kB
Dirty:               564 kB
Writeback:             0 kB
AnonPages:        570816 kB
Mapped:           339720 kB
Shmem:               236 kB
Slab:              60820 kB
SReclaimable:      16628 kB
SUnreclaim:        44192 kB
KernelStack:       16128 kB
PageTables:        54388 kB
NFS_Unstable:          0 kB
Bounce:                0 kB
WritebackTmp:          0 kB
CommitLimit:     2183484 kB
Committed_AS:   127592224 kB
VmallocTotal:     311296 kB
VmallocUsed:       29120 kB
VmallocChunk:     148492 kB
Time pass: 130 sec

---2015-12-04 11:56:06
MemTotal:        1745540 kB
MemFree:           78740 kB
Buffers:            5420 kB
Cached:           389168 kB
SwapCached:        48424 kB
Active:           474132 kB
Inactive:         507684 kB
Active(anon):     295628 kB
Inactive(anon):   295652 kB
Active(file):     178504 kB
Inactive(file):   212032 kB
Unevictable:        3816 kB
Mlocked:               0 kB
HighTotal:       1217536 kB
HighFree:          47760 kB
LowTotal:         528004 kB
LowFree:           30980 kB
SwapTotal:       1310716 kB
SwapFree:         760872 kB
Dirty:                28 kB
Writeback:             0 kB
AnonPages:        571240 kB
Mapped:           339848 kB
Shmem:               236 kB
Slab:              60816 kB
SReclaimable:      16628 kB
SUnreclaim:        44188 kB
KernelStack:       16096 kB
PageTables:        54388 kB
NFS_Unstable:          0 kB
Bounce:                0 kB
WritebackTmp:          0 kB
CommitLimit:     2183484 kB
Committed_AS:   127592232 kB
VmallocTotal:     311296 kB
VmallocUsed:       29256 kB
VmallocChunk:     148492 kB
Time pass: 133 sec

---2015-12-04 11:56:06
MemTotal:        1745540 kB
MemFree:           79036 kB
Buffers:            5444 kB
Cached:           389168 kB
SwapCached:        48424 kB
Active:           474304 kB
Inactive:         507664 kB
Active(anon):     295728 kB
Inactive(anon):   295680 kB
Active(file):     178576 kB
Inactive(file):   211984 kB
Unevictable:        3816 kB
Mlocked:               0 kB
HighTotal:       1217536 kB
HighFree:          47904 kB
LowTotal:         528004 kB
LowFree:           31132 kB
SwapTotal:       1310716 kB
SwapFree:         760892 kB
Dirty:                28 kB
Writeback:             0 kB
AnonPages:        571316 kB
Mapped:           339796 kB
Shmem:               236 kB
Slab:              60836 kB
SReclaimable:      16644 kB
SUnreclaim:        44192 kB
KernelStack:       16088 kB
PageTables:        54388 kB
NFS_Unstable:          0 kB
Bounce:                0 kB
WritebackTmp:          0 kB
CommitLimit:     2183484 kB
Committed_AS:   127592432 kB
VmallocTotal:     311296 kB
VmallocUsed:       29052 kB
VmallocChunk:     148492 kB
Time pass: 137 sec

---2015-12-04 11:56:06
MemTotal:        1745540 kB
MemFree:           77416 kB
Buffers:            5452 kB
Cached:           390844 kB
SwapCached:        48468 kB
Active:           474536 kB
Inactive:         509436 kB
Active(anon):     295956 kB
Inactive(anon):   295800 kB
Active(file):     178580 kB
Inactive(file):   213636 kB
Unevictable:        3816 kB
Mlocked:               0 kB
HighTotal:       1217536 kB
HighFree:          46232 kB
LowTotal:         528004 kB
LowFree:           31184 kB
SwapTotal:       1310716 kB
SwapFree:         760992 kB
Dirty:                40 kB
Writeback:             0 kB
AnonPages:        571672 kB
Mapped:           339728 kB
Shmem:               236 kB
Slab:              60836 kB
SReclaimable:      16644 kB
SUnreclaim:        44192 kB
KernelStack:       16136 kB
PageTables:        54388 kB
NFS_Unstable:          0 kB
Bounce:                0 kB
WritebackTmp:          0 kB
CommitLimit:     2183484 kB
Committed_AS:   127592512 kB
VmallocTotal:     311296 kB
VmallocUsed:       29120 kB
VmallocChunk:     148492 kB
Time pass: 140 sec

---2015-12-04 11:56:06
MemTotal:        1745540 kB
MemFree:           61848 kB
Buffers:            5468 kB
Cached:           391420 kB
SwapCached:        48448 kB
Active:           487864 kB
Inactive:         509148 kB
Active(anon):     308284 kB
Inactive(anon):   296036 kB
Active(file):     179580 kB
Inactive(file):   213112 kB
Unevictable:        3816 kB
Mlocked:               0 kB
HighTotal:       1217536 kB
HighFree:          33836 kB
LowTotal:         528004 kB
LowFree:           28012 kB
SwapTotal:       1310716 kB
SwapFree:         761088 kB
Dirty:                64 kB
Writeback:             0 kB
AnonPages:        584100 kB
Mapped:           342616 kB
Shmem:               380 kB
Slab:              60504 kB
SReclaimable:      16644 kB
SUnreclaim:        43860 kB
KernelStack:       16440 kB
PageTables:        54628 kB
NFS_Unstable:          0 kB
Bounce:                0 kB
WritebackTmp:          0 kB
CommitLimit:     2183484 kB
Committed_AS:   127643044 kB
VmallocTotal:     311296 kB
VmallocUsed:       29256 kB
VmallocChunk:     148492 kB
Time pass: 144 sec

---2015-12-04 11:56:06
MemTotal:        1745540 kB
MemFree:           65508 kB
Buffers:            5484 kB
Cached:           380596 kB
SwapCached:        48708 kB
Active:           480288 kB
Inactive:         501576 kB
Active(anon):     299008 kB
Inactive(anon):   301044 kB
Active(file):     181280 kB
Inactive(file):   200532 kB
Unevictable:        3816 kB
Mlocked:               0 kB
HighTotal:       1217536 kB
HighFree:          37192 kB
LowTotal:         528004 kB
LowFree:           28316 kB
SwapTotal:       1310716 kB
SwapFree:         753776 kB
Dirty:                48 kB
Writeback:             0 kB
AnonPages:        579496 kB
Mapped:           342556 kB
Shmem:               452 kB
Slab:              60352 kB
SReclaimable:      16644 kB
SUnreclaim:        43708 kB
KernelStack:       16448 kB
PageTables:        54784 kB
NFS_Unstable:          0 kB
Bounce:                0 kB
WritebackTmp:          0 kB
CommitLimit:     2183484 kB
Committed_AS:   127646264 kB
VmallocTotal:     311296 kB
VmallocUsed:       29188 kB
VmallocChunk:     148492 kB
Time pass: 148 sec

---2015-12-04 11:56:06
MemTotal:        1745540 kB
MemFree:           65016 kB
Buffers:            5492 kB
Cached:           380692 kB
SwapCached:        48708 kB
Active:           480560 kB
Inactive:         501592 kB
Active(anon):     299280 kB
Inactive(anon):   301052 kB
Active(file):     181280 kB
Inactive(file):   200540 kB
Unevictable:        3816 kB
Mlocked:               0 kB
HighTotal:       1217536 kB
HighFree:          36672 kB
LowTotal:         528004 kB
LowFree:           28344 kB
SwapTotal:       1310716 kB
SwapFree:         753796 kB
Dirty:                32 kB
Writeback:             0 kB
AnonPages:        579820 kB
Mapped:           342528 kB
Shmem:               548 kB
Slab:              60336 kB
SReclaimable:      16644 kB
SUnreclaim:        43692 kB
KernelStack:       16344 kB
PageTables:        54796 kB
NFS_Unstable:          0 kB
Bounce:                0 kB
WritebackTmp:          0 kB
CommitLimit:     2183484 kB
Committed_AS:   127646292 kB
VmallocTotal:     311296 kB
VmallocUsed:       29256 kB
VmallocChunk:     148492 kB
Time pass: 152 sec

---2015-12-04 11:56:06
MemTotal:        1745540 kB
MemFree:           64248 kB
Buffers:            5500 kB
Cached:           380844 kB
SwapCached:        48704 kB
Active:           481172 kB
Inactive:         501836 kB
Active(anon):     299888 kB
Inactive(anon):   301296 kB
Active(file):     181284 kB
Inactive(file):   200540 kB
Unevictable:        3816 kB
Mlocked:               0 kB
HighTotal:       1217536 kB
HighFree:          35896 kB
LowTotal:         528004 kB
LowFree:           28352 kB
SwapTotal:       1310716 kB
SwapFree:         753840 kB
Dirty:                 0 kB
Writeback:             0 kB
AnonPages:        580644 kB
Mapped:           342684 kB
Shmem:               704 kB
Slab:              60352 kB
SReclaimable:      16644 kB
SUnreclaim:        43708 kB
KernelStack:       16344 kB
PageTables:        54792 kB
NFS_Unstable:          0 kB
Bounce:                0 kB
WritebackTmp:          0 kB
CommitLimit:     2183484 kB
Committed_AS:   127647356 kB
VmallocTotal:     311296 kB
VmallocUsed:       29256 kB
VmallocChunk:     148492 kB
Time pass: 155 sec

---2015-12-04 11:56:06
MemTotal:        1745540 kB
MemFree:           51240 kB
Buffers:            5516 kB
Cached:           384656 kB
SwapCached:        48692 kB
Active:           490612 kB
Inactive:         505704 kB
Active(anon):     309168 kB
Inactive(anon):   301032 kB
Active(file):     181444 kB
Inactive(file):   204672 kB
Unevictable:        3816 kB
Mlocked:               0 kB
HighTotal:       1217536 kB
HighFree:          23392 kB
LowTotal:         528004 kB
LowFree:           27848 kB
SwapTotal:       1310716 kB
SwapFree:         753952 kB
Dirty:                64 kB
Writeback:             0 kB
AnonPages:        589844 kB
Mapped:           344024 kB
Shmem:               236 kB
Slab:              61124 kB
SReclaimable:      16644 kB
SUnreclaim:        44480 kB
KernelStack:       16224 kB
PageTables:        54648 kB
NFS_Unstable:          0 kB
Bounce:                0 kB
WritebackTmp:          0 kB
CommitLimit:     2183484 kB
Committed_AS:   127666988 kB
VmallocTotal:     311296 kB
VmallocUsed:       29188 kB
VmallocChunk:     148492 kB
Time pass: 159 sec

---2015-12-04 11:56:06
MemTotal:        1745540 kB
MemFree:           45220 kB
Buffers:            5540 kB
Cached:           385320 kB
SwapCached:        48704 kB
Active:           495212 kB
Inactive:         506160 kB
Active(anon):     313768 kB
Inactive(anon):   301480 kB
Active(file):     181444 kB
Inactive(file):   204680 kB
Unevictable:        3816 kB
Mlocked:               0 kB
HighTotal:       1217536 kB
HighFree:          18728 kB
LowTotal:         528004 kB
LowFree:           26492 kB
SwapTotal:       1310716 kB
SwapFree:         754048 kB
Dirty:                44 kB
Writeback:             0 kB
AnonPages:        594368 kB
Mapped:           344652 kB
Shmem:               788 kB
Slab:              60884 kB
SReclaimable:      16644 kB
SUnreclaim:        44240 kB
KernelStack:       16232 kB
PageTables:        54528 kB
NFS_Unstable:          0 kB
Bounce:                0 kB
WritebackTmp:          0 kB
CommitLimit:     2183484 kB
Committed_AS:   127671296 kB
VmallocTotal:     311296 kB
VmallocUsed:       29256 kB
VmallocChunk:     148492 kB
Time pass: 163 sec

---2015-12-04 11:56:06
MemTotal:        1745540 kB
MemFree:           60088 kB
Buffers:            5540 kB
Cached:           385020 kB
SwapCached:        48720 kB
Active:           482060 kB
Inactive:         506080 kB
Active(anon):     300616 kB
Inactive(anon):   301064 kB
Active(file):     181444 kB
Inactive(file):   205016 kB
Unevictable:        3816 kB
Mlocked:               0 kB
HighTotal:       1217536 kB
HighFree:          31448 kB
LowTotal:         528004 kB
LowFree:           28640 kB
SwapTotal:       1310716 kB
SwapFree:         754072 kB
Dirty:                52 kB
Writeback:             0 kB
AnonPages:        581480 kB
Mapped:           343864 kB
Shmem:               236 kB
Slab:              60896 kB
SReclaimable:      16644 kB
SUnreclaim:        44252 kB
KernelStack:       16112 kB
PageTables:        54532 kB
NFS_Unstable:          0 kB
Bounce:                0 kB
WritebackTmp:          0 kB
CommitLimit:     2183484 kB
Committed_AS:   127639568 kB
VmallocTotal:     311296 kB
VmallocUsed:       29120 kB
VmallocChunk:     148492 kB
Time pass: 166 sec

---2015-12-04 11:56:06
MemTotal:        1745540 kB
MemFree:           60500 kB
Buffers:            5548 kB
Cached:           385020 kB
SwapCached:        48720 kB
Active:           482240 kB
Inactive:         506144 kB
Active(anon):     300796 kB
Inactive(anon):   301072 kB
Active(file):     181444 kB
Inactive(file):   205072 kB
Unevictable:        3816 kB
Mlocked:               0 kB
HighTotal:       1217536 kB
HighFree:          31472 kB
LowTotal:         528004 kB
LowFree:           29028 kB
SwapTotal:       1310716 kB
SwapFree:         754080 kB
Dirty:                36 kB
Writeback:             0 kB
AnonPages:        581516 kB
Mapped:           344008 kB
Shmem:               236 kB
Slab:              60896 kB
SReclaimable:      16644 kB
SUnreclaim:        44252 kB
KernelStack:       16056 kB
PageTables:        54532 kB
NFS_Unstable:          0 kB
Bounce:                0 kB
WritebackTmp:          0 kB
CommitLimit:     2183484 kB
Committed_AS:   127639648 kB
VmallocTotal:     311296 kB
VmallocUsed:       29188 kB
VmallocChunk:     148492 kB
Time pass: 170 sec

---2015-12-04 11:56:06
MemTotal:        1745540 kB
MemFree:           61164 kB
Buffers:            5548 kB
Cached:           385020 kB
SwapCached:        48720 kB
Active:           482280 kB
Inactive:         506152 kB
Active(anon):     300836 kB
Inactive(anon):   301080 kB
Active(file):     181444 kB
Inactive(file):   205072 kB
Unevictable:        3816 kB
Mlocked:               0 kB
HighTotal:       1217536 kB
HighFree:          31776 kB
LowTotal:         528004 kB
LowFree:           29388 kB
SwapTotal:       1310716 kB
SwapFree:         754088 kB
Dirty:                 0 kB
Writeback:             0 kB
AnonPages:        581648 kB
Mapped:           343948 kB
Shmem:               236 kB
Slab:              60860 kB
SReclaimable:      16644 kB
SUnreclaim:        44216 kB
KernelStack:       16040 kB
PageTables:        54528 kB
NFS_Unstable:          0 kB
Bounce:                0 kB
WritebackTmp:          0 kB
CommitLimit:     2183484 kB
Committed_AS:   127639648 kB
VmallocTotal:     311296 kB
VmallocUsed:       29052 kB
VmallocChunk:     148492 kB
Time pass: 174 sec

---2015-12-04 11:56:06
MemTotal:        1745540 kB
MemFree:           61108 kB
Buffers:            5548 kB
Cached:           385020 kB
SwapCached:        48724 kB
Active:           482416 kB
Inactive:         506148 kB
Active(anon):     300968 kB
Inactive(anon):   301080 kB
Active(file):     181448 kB
Inactive(file):   205068 kB
Unevictable:        3816 kB
Mlocked:               0 kB
HighTotal:       1217536 kB
HighFree:          31728 kB
LowTotal:         528004 kB
LowFree:           29380 kB
SwapTotal:       1310716 kB
SwapFree:         754096 kB
Dirty:                 4 kB
Writeback:             0 kB
AnonPages:        581764 kB
Mapped:           344056 kB
Shmem:               236 kB
Slab:              60860 kB
SReclaimable:      16644 kB
SUnreclaim:        44216 kB
KernelStack:       16048 kB
PageTables:        54528 kB
NFS_Unstable:          0 kB
Bounce:                0 kB
WritebackTmp:          0 kB
CommitLimit:     2183484 kB
Committed_AS:   127639888 kB
VmallocTotal:     311296 kB
VmallocUsed:       29052 kB
VmallocChunk:     148492 kB
Time pass: 177 sec

---2015-12-04 11:56:06
MemTotal:        1745540 kB
MemFree:           60776 kB
Buffers:            5556 kB
Cached:           385416 kB
SwapCached:        48744 kB
Active:           482452 kB
Inactive:         506556 kB
Active(anon):     301004 kB
Inactive(anon):   301092 kB
Active(file):     181448 kB
Inactive(file):   205464 kB
Unevictable:        3816 kB
Mlocked:               0 kB
HighTotal:       1217536 kB
HighFree:          31340 kB
LowTotal:         528004 kB
LowFree:           29436 kB
SwapTotal:       1310716 kB
SwapFree:         754120 kB
Dirty:                 4 kB
Writeback:             0 kB
AnonPages:        581860 kB
Mapped:           344088 kB
Shmem:               236 kB
Slab:              60860 kB
SReclaimable:      16644 kB
SUnreclaim:        44216 kB
KernelStack:       15992 kB
PageTables:        54528 kB
NFS_Unstable:          0 kB
Bounce:                0 kB
WritebackTmp:          0 kB
CommitLimit:     2183484 kB
Committed_AS:   127639968 kB
VmallocTotal:     311296 kB
VmallocUsed:       29052 kB
VmallocChunk:     148492 kB
Time pass: 181 sec

---2015-12-04 11:56:06
MemTotal:        1745540 kB
MemFree:           60492 kB
Buffers:            5556 kB
Cached:           385416 kB
SwapCached:        48744 kB
Active:           482560 kB
Inactive:         506600 kB
Active(anon):     301112 kB
Inactive(anon):   301128 kB
Active(file):     181448 kB
Inactive(file):   205472 kB
Unevictable:        3816 kB
Mlocked:               0 kB
HighTotal:       1217536 kB
HighFree:          31048 kB
LowTotal:         528004 kB
LowFree:           29444 kB
SwapTotal:       1310716 kB
SwapFree:         754140 kB
Dirty:                 4 kB
Writeback:             0 kB
AnonPages:        581972 kB
Mapped:           344088 kB
Shmem:               236 kB
Slab:              60876 kB
SReclaimable:      16644 kB
SUnreclaim:        44232 kB
KernelStack:       15984 kB
PageTables:        54528 kB
NFS_Unstable:          0 kB
Bounce:                0 kB
WritebackTmp:          0 kB
CommitLimit:     2183484 kB
Committed_AS:   127640048 kB
VmallocTotal:     311296 kB
VmallocUsed:       29052 kB
VmallocChunk:     148492 kB
Time pass: 184 sec

---2015-12-04 11:56:06
MemTotal:        1745540 kB
MemFree:           60400 kB
Buffers:            5556 kB
Cached:           385416 kB
SwapCached:        48740 kB
Active:           482772 kB
Inactive:         506648 kB
Active(anon):     301324 kB
Inactive(anon):   301176 kB
Active(file):     181448 kB
Inactive(file):   205472 kB
Unevictable:        3816 kB
Mlocked:               0 kB
HighTotal:       1217536 kB
HighFree:          30980 kB
LowTotal:         528004 kB
LowFree:           29420 kB
SwapTotal:       1310716 kB
SwapFree:         754176 kB
Dirty:                 0 kB
Writeback:             0 kB
AnonPages:        582208 kB
Mapped:           344100 kB
Shmem:               236 kB
Slab:              60876 kB
SReclaimable:      16644 kB
SUnreclaim:        44232 kB
KernelStack:       15976 kB
PageTables:        54512 kB
NFS_Unstable:          0 kB
Bounce:                0 kB
WritebackTmp:          0 kB
CommitLimit:     2183484 kB
Committed_AS:   127640248 kB
VmallocTotal:     311296 kB
VmallocUsed:       29052 kB
VmallocChunk:     148492 kB
Time pass: 188 sec

---2015-12-04 11:56:06
MemTotal:        1745540 kB
MemFree:           60152 kB
Buffers:            5556 kB
Cached:           385416 kB
SwapCached:        48764 kB
Active:           482916 kB
Inactive:         506676 kB
Active(anon):     301468 kB
Inactive(anon):   301204 kB
Active(file):     181448 kB
Inactive(file):   205472 kB
Unevictable:        3816 kB
Mlocked:               0 kB
HighTotal:       1217536 kB
HighFree:          30708 kB
LowTotal:         528004 kB
LowFree:           29444 kB
SwapTotal:       1310716 kB
SwapFree:         754212 kB
Dirty:                 0 kB
Writeback:             0 kB
AnonPages:        582404 kB
Mapped:           344088 kB
Shmem:               236 kB
Slab:              60876 kB
SReclaimable:      16644 kB
SUnreclaim:        44232 kB
KernelStack:       15984 kB
PageTables:        54528 kB
NFS_Unstable:          0 kB
Bounce:                0 kB
WritebackTmp:          0 kB
CommitLimit:     2183484 kB
Committed_AS:   127640288 kB
VmallocTotal:     311296 kB
VmallocUsed:       29052 kB
VmallocChunk:     148492 kB
Time pass: 192 sec

---2015-12-04 11:56:06
MemTotal:        1745540 kB
MemFree:           58744 kB
Buffers:            5572 kB
Cached:           385908 kB
SwapCached:        48828 kB
Active:           483324 kB
Inactive:         507260 kB
Active(anon):     301852 kB
Inactive(anon):   301316 kB
Active(file):     181472 kB
Inactive(file):   205944 kB
Unevictable:        3816 kB
Mlocked:               0 kB
HighTotal:       1217536 kB
HighFree:          29268 kB
LowTotal:         528004 kB
LowFree:           29476 kB
SwapTotal:       1310716 kB
SwapFree:         754268 kB
Dirty:                 0 kB
Writeback:             0 kB
AnonPages:        582880 kB
Mapped:           344136 kB
Shmem:               236 kB
Slab:              60884 kB
SReclaimable:      16636 kB
SUnreclaim:        44248 kB
KernelStack:       15976 kB
PageTables:        54528 kB
NFS_Unstable:          0 kB
Bounce:                0 kB
WritebackTmp:          0 kB
CommitLimit:     2183484 kB
Committed_AS:   127640400 kB
VmallocTotal:     311296 kB
VmallocUsed:       29052 kB
VmallocChunk:     148492 kB
Time pass: 195 sec

---2015-12-04 11:56:06
MemTotal:        1745540 kB
MemFree:           56856 kB
Buffers:            5572 kB
Cached:           385956 kB
SwapCached:        49184 kB
Active:           483360 kB
Inactive:         508468 kB
Active(anon):     301884 kB
Inactive(anon):   302484 kB
Active(file):     181476 kB
Inactive(file):   205984 kB
Unevictable:        3816 kB
Mlocked:               0 kB
HighTotal:       1217536 kB
HighFree:          27628 kB
LowTotal:         528004 kB
LowFree:           29228 kB
SwapTotal:       1310716 kB
SwapFree:         755784 kB
Dirty:                 0 kB
Writeback:             0 kB
AnonPages:        584120 kB
Mapped:           344156 kB
Shmem:               236 kB
Slab:              60880 kB
SReclaimable:      16636 kB
SUnreclaim:        44244 kB
KernelStack:       15864 kB
PageTables:        54496 kB
NFS_Unstable:          0 kB
Bounce:                0 kB
WritebackTmp:          0 kB
CommitLimit:     2183484 kB
Committed_AS:   127639648 kB
VmallocTotal:     311296 kB
VmallocUsed:       29188 kB
VmallocChunk:     148492 kB
Time pass: 199 sec

---2015-12-04 11:56:06
MemTotal:        1745540 kB
MemFree:           52636 kB
Buffers:            5572 kB
Cached:           380964 kB
SwapCached:        49300 kB
Active:           487832 kB
Inactive:         506140 kB
Active(anon):     305852 kB
Inactive(anon):   305672 kB
Active(file):     181980 kB
Inactive(file):   200468 kB
Unevictable:        3816 kB
Mlocked:               0 kB
HighTotal:       1217536 kB
HighFree:          26280 kB
LowTotal:         528004 kB
LowFree:           26356 kB
SwapTotal:       1310716 kB
SwapFree:         752528 kB
Dirty:                 4 kB
Writeback:             0 kB
AnonPages:        591240 kB
Mapped:           343576 kB
Shmem:               236 kB
Slab:              60872 kB
SReclaimable:      16636 kB
SUnreclaim:        44236 kB
KernelStack:       15872 kB
PageTables:        54500 kB
NFS_Unstable:          0 kB
Bounce:                0 kB
WritebackTmp:          0 kB
CommitLimit:     2183484 kB
Committed_AS:   127639616 kB
VmallocTotal:     311296 kB
VmallocUsed:       29276 kB
VmallocChunk:     148492 kB
Time pass: 203 sec

---2015-12-04 11:56:06
MemTotal:        1745540 kB
MemFree:           48460 kB
Buffers:            5604 kB
Cached:           381084 kB
SwapCached:        49276 kB
Active:           494432 kB
Inactive:         506148 kB
Active(anon):     312368 kB
Inactive(anon):   305776 kB
Active(file):     182064 kB
Inactive(file):   200372 kB
Unevictable:        3816 kB
Mlocked:               0 kB
HighTotal:       1217536 kB
HighFree:          20104 kB
LowTotal:         528004 kB
LowFree:           28356 kB
SwapTotal:       1310716 kB
SwapFree:         752736 kB
Dirty:                48 kB
Writeback:             0 kB
AnonPages:        597648 kB
Mapped:           340092 kB
Shmem:               436 kB
Slab:              60944 kB
SReclaimable:      16636 kB
SUnreclaim:        44308 kB
KernelStack:       16072 kB
PageTables:        54724 kB
NFS_Unstable:          0 kB
Bounce:                0 kB
WritebackTmp:          0 kB
CommitLimit:     2183484 kB
Committed_AS:   127673812 kB
VmallocTotal:     311296 kB
VmallocUsed:       29188 kB
VmallocChunk:     148492 kB
Time pass: 207 sec

---2015-12-04 11:56:06
MemTotal:        1745540 kB
MemFree:           53136 kB
Buffers:            5524 kB
Cached:           375472 kB
SwapCached:        49336 kB
Active:           487384 kB
Inactive:         504716 kB
Active(anon):     305444 kB
Inactive(anon):   309972 kB
Active(file):     181940 kB
Inactive(file):   194744 kB
Unevictable:        3816 kB
Mlocked:               0 kB
HighTotal:       1217536 kB
HighFree:          28776 kB
LowTotal:         528004 kB
LowFree:           24360 kB
SwapTotal:       1310716 kB
SwapFree:         750404 kB
Dirty:                40 kB
Writeback:             0 kB
AnonPages:        594656 kB
Mapped:           336276 kB
Shmem:               492 kB
Slab:              60628 kB
SReclaimable:      16636 kB
SUnreclaim:        43992 kB
KernelStack:       16112 kB
PageTables:        54828 kB
NFS_Unstable:          0 kB
Bounce:                0 kB
WritebackTmp:          0 kB
CommitLimit:     2183484 kB
Committed_AS:   127673580 kB
VmallocTotal:     311296 kB
VmallocUsed:       29256 kB
VmallocChunk:     148492 kB
Time pass: 211 sec

---2015-12-04 11:56:06
MemTotal:        1745540 kB
MemFree:           52924 kB
Buffers:            5524 kB
Cached:           375576 kB
SwapCached:        49332 kB
Active:           487532 kB
Inactive:         504856 kB
Active(anon):     305592 kB
Inactive(anon):   310112 kB
Active(file):     181940 kB
Inactive(file):   194744 kB
Unevictable:        3816 kB
Mlocked:               0 kB
HighTotal:       1217536 kB
HighFree:          28808 kB
LowTotal:         528004 kB
LowFree:           24116 kB
SwapTotal:       1310716 kB
SwapFree:         750440 kB
Dirty:                 0 kB
Writeback:             0 kB
AnonPages:        595092 kB
Mapped:           336320 kB
Shmem:               596 kB
Slab:              60628 kB
SReclaimable:      16636 kB
SUnreclaim:        43992 kB
KernelStack:       16016 kB
PageTables:        54824 kB
NFS_Unstable:          0 kB
Bounce:                0 kB
WritebackTmp:          0 kB
CommitLimit:     2183484 kB
Committed_AS:   127673660 kB
VmallocTotal:     311296 kB
VmallocUsed:       29188 kB
VmallocChunk:     148492 kB
Time pass: 215 sec

---2015-12-04 11:56:06
MemTotal:        1745540 kB
MemFree:           54240 kB
Buffers:            5564 kB
Cached:           371992 kB
SwapCached:        49400 kB
Active:           492536 kB
Inactive:         498200 kB
Active(anon):     310568 kB
Inactive(anon):   306772 kB
Active(file):     181968 kB
Inactive(file):   191428 kB
Unevictable:        3816 kB
Mlocked:               0 kB
HighTotal:       1217536 kB
HighFree:          24236 kB
LowTotal:         528004 kB
LowFree:           30004 kB
SwapTotal:       1310716 kB
SwapFree:         750212 kB
Dirty:                44 kB
Writeback:             0 kB
AnonPages:        596296 kB
Mapped:           331900 kB
Shmem:               336 kB
Slab:              60960 kB
SReclaimable:      16636 kB
SUnreclaim:        44324 kB
KernelStack:       16096 kB
PageTables:        54504 kB
NFS_Unstable:          0 kB
Bounce:                0 kB
WritebackTmp:          0 kB
CommitLimit:     2183484 kB
Committed_AS:   127669360 kB
VmallocTotal:     311296 kB
VmallocUsed:       29256 kB
VmallocChunk:     148492 kB
Time pass: 218 sec

---2015-12-04 11:56:06
MemTotal:        1745540 kB
MemFree:           55488 kB
Buffers:            5588 kB
Cached:           372740 kB
SwapCached:        49432 kB
Active:           491316 kB
Inactive:         498696 kB
Active(anon):     309344 kB
Inactive(anon):   306764 kB
Active(file):     181972 kB
Inactive(file):   191932 kB
Unevictable:        3816 kB
Mlocked:               0 kB
HighTotal:       1217536 kB
HighFree:          24976 kB
LowTotal:         528004 kB
LowFree:           30512 kB
SwapTotal:       1310716 kB
SwapFree:         750360 kB
Dirty:                44 kB
Writeback:             0 kB
AnonPages:        595468 kB
Mapped:           332404 kB
Shmem:               424 kB
Slab:              61188 kB
SReclaimable:      16656 kB
SUnreclaim:        44532 kB
KernelStack:       16088 kB
PageTables:        54652 kB
NFS_Unstable:          0 kB
Bounce:                0 kB
WritebackTmp:          0 kB
CommitLimit:     2183484 kB
Committed_AS:   127701292 kB
VmallocTotal:     311296 kB
VmallocUsed:       29256 kB
VmallocChunk:     148492 kB
Time pass: 222 sec

---2015-12-04 11:56:06
MemTotal:        1745540 kB
MemFree:           53724 kB
Buffers:            5588 kB
Cached:           372720 kB
SwapCached:        49428 kB
Active:           493896 kB
Inactive:         498836 kB
Active(anon):     311924 kB
Inactive(anon):   306740 kB
Active(file):     181972 kB
Inactive(file):   192096 kB
Unevictable:        3816 kB
Mlocked:               0 kB
HighTotal:       1217536 kB
HighFree:          22848 kB
LowTotal:         528004 kB
LowFree:           30876 kB
SwapTotal:       1310716 kB
SwapFree:         750376 kB
Dirty:                 0 kB
Writeback:             0 kB
AnonPages:        598020 kB
Mapped:           331560 kB
Shmem:               424 kB
Slab:              61048 kB
SReclaimable:      16656 kB
SUnreclaim:        44392 kB
KernelStack:       16112 kB
PageTables:        54672 kB
NFS_Unstable:          0 kB
Bounce:                0 kB
WritebackTmp:          0 kB
CommitLimit:     2183484 kB
Committed_AS:   127701652 kB
VmallocTotal:     311296 kB
VmallocUsed:       29188 kB
VmallocChunk:     148492 kB
Time pass: 226 sec

---2015-12-04 11:56:06
MemTotal:        1745540 kB
MemFree:           54700 kB
Buffers:            5596 kB
Cached:           372740 kB
SwapCached:        49344 kB
Active:           493700 kB
Inactive:         498868 kB
Active(anon):     311728 kB
Inactive(anon):   306764 kB
Active(file):     181972 kB
Inactive(file):   192104 kB
Unevictable:        3816 kB
Mlocked:               0 kB
HighTotal:       1217536 kB
HighFree:          24004 kB
LowTotal:         528004 kB
LowFree:           30696 kB
SwapTotal:       1310716 kB
SwapFree:         750684 kB
Dirty:                28 kB
Writeback:             0 kB
AnonPages:        597748 kB
Mapped:           331072 kB
Shmem:               444 kB
Slab:              61104 kB
SReclaimable:      16656 kB
SUnreclaim:        44448 kB
KernelStack:       16008 kB
PageTables:        54648 kB
NFS_Unstable:          0 kB
Bounce:                0 kB
WritebackTmp:          0 kB
CommitLimit:     2183484 kB
Committed_AS:   127701588 kB
VmallocTotal:     311296 kB
VmallocUsed:       29188 kB
VmallocChunk:     148492 kB
Time pass: 230 sec

---2015-12-04 11:56:06
MemTotal:        1745540 kB
MemFree:           53900 kB
Buffers:            5608 kB
Cached:           372740 kB
SwapCached:        49344 kB
Active:           494776 kB
Inactive:         498876 kB
Active(anon):     312800 kB
Inactive(anon):   306764 kB
Active(file):     181976 kB
Inactive(file):   192112 kB
Unevictable:        3816 kB
Mlocked:               0 kB
HighTotal:       1217536 kB
HighFree:          23344 kB
LowTotal:         528004 kB
LowFree:           30556 kB
SwapTotal:       1310716 kB
SwapFree:         750688 kB
Dirty:                 0 kB
Writeback:             0 kB
AnonPages:        598856 kB
Mapped:           331076 kB
Shmem:               444 kB
Slab:              61104 kB
SReclaimable:      16656 kB
SUnreclaim:        44448 kB
KernelStack:       16008 kB
PageTables:        54656 kB
NFS_Unstable:          0 kB
Bounce:                0 kB
WritebackTmp:          0 kB
CommitLimit:     2183484 kB
Committed_AS:   127702068 kB
VmallocTotal:     311296 kB
VmallocUsed:       29188 kB
VmallocChunk:     148492 kB
Time pass: 233 sec

---2015-12-04 11:56:06
MemTotal:        1745540 kB
MemFree:           55020 kB
Buffers:            5616 kB
Cached:           373396 kB
SwapCached:        49296 kB
Active:           493860 kB
Inactive:         499240 kB
Active(anon):     311752 kB
Inactive(anon):   306596 kB
Active(file):     182108 kB
Inactive(file):   192644 kB
Unevictable:        3816 kB
Mlocked:               0 kB
HighTotal:       1217536 kB
HighFree:          23252 kB
LowTotal:         528004 kB
LowFree:           31768 kB
SwapTotal:       1310716 kB
SwapFree:         754172 kB
Dirty:                 0 kB
Writeback:             0 kB
AnonPages:        597708 kB
Mapped:           330636 kB
Shmem:               444 kB
Slab:              61036 kB
SReclaimable:      16656 kB
SUnreclaim:        44380 kB
KernelStack:       15904 kB
PageTables:        54116 kB
NFS_Unstable:          0 kB
Bounce:                0 kB
WritebackTmp:          0 kB
CommitLimit:     2183484 kB
Committed_AS:   126192892 kB
VmallocTotal:     311296 kB
VmallocUsed:       29188 kB
VmallocChunk:     148492 kB
Time pass: 237 sec

---2015-12-04 11:56:06
MemTotal:        1745540 kB
MemFree:           55428 kB
Buffers:            5616 kB
Cached:           373408 kB
SwapCached:        49292 kB
Active:           493576 kB
Inactive:         499272 kB
Active(anon):     311468 kB
Inactive(anon):   306620 kB
Active(file):     182108 kB
Inactive(file):   192652 kB
Unevictable:        3816 kB
Mlocked:               0 kB
HighTotal:       1217536 kB
HighFree:          23824 kB
LowTotal:         528004 kB
LowFree:           31604 kB
SwapTotal:       1310716 kB
SwapFree:         754196 kB
Dirty:                28 kB
Writeback:             0 kB
AnonPages:        597440 kB
Mapped:           330520 kB
Shmem:               448 kB
Slab:              61036 kB
SReclaimable:      16656 kB
SUnreclaim:        44380 kB
KernelStack:       15912 kB
PageTables:        54116 kB
NFS_Unstable:          0 kB
Bounce:                0 kB
WritebackTmp:          0 kB
CommitLimit:     2183484 kB
Committed_AS:   126192972 kB
VmallocTotal:     311296 kB
VmallocUsed:       29188 kB
VmallocChunk:     148492 kB
Time pass: 240 sec

---2015-12-04 11:56:06
MemTotal:        1745540 kB
MemFree:           55440 kB
Buffers:            5616 kB
Cached:           373412 kB
SwapCached:        49292 kB
Active:           494000 kB
Inactive:         499288 kB
Active(anon):     311892 kB
Inactive(anon):   306636 kB
Active(file):     182108 kB
Inactive(file):   192652 kB
Unevictable:        3816 kB
Mlocked:               0 kB
HighTotal:       1217536 kB
HighFree:          23524 kB
LowTotal:         528004 kB
LowFree:           31916 kB
SwapTotal:       1310716 kB
SwapFree:         754208 kB
Dirty:                 0 kB
Writeback:             0 kB
AnonPages:        597872 kB
Mapped:           330648 kB
Shmem:               452 kB
Slab:              61036 kB
SReclaimable:      16656 kB
SUnreclaim:        44380 kB
KernelStack:       15912 kB
PageTables:        54116 kB
NFS_Unstable:          0 kB
Bounce:                0 kB
WritebackTmp:          0 kB
CommitLimit:     2183484 kB
Committed_AS:   126193060 kB
VmallocTotal:     311296 kB
VmallocUsed:       29188 kB
VmallocChunk:     148492 kB
Time pass: 244 sec

---2015-12-04 11:56:06
MemTotal:        1745540 kB
MemFree:           54828 kB
Buffers:            5616 kB
Cached:           373404 kB
SwapCached:        49300 kB
Active:           494444 kB
Inactive:         499296 kB
Active(anon):     312336 kB
Inactive(anon):   306644 kB
Active(file):     182108 kB
Inactive(file):   192652 kB
Unevictable:        3816 kB
Mlocked:               0 kB
HighTotal:       1217536 kB
HighFree:          23056 kB
LowTotal:         528004 kB
LowFree:           31772 kB
SwapTotal:       1310716 kB
SwapFree:         754220 kB
Dirty:                 0 kB
Writeback:             0 kB
AnonPages:        598280 kB
Mapped:           330652 kB
Shmem:               456 kB
Slab:              61036 kB
SReclaimable:      16656 kB
SUnreclaim:        44380 kB
KernelStack:       15912 kB
PageTables:        54116 kB
NFS_Unstable:          0 kB
Bounce:                0 kB
WritebackTmp:          0 kB
CommitLimit:     2183484 kB
Committed_AS:   126193244 kB
VmallocTotal:     311296 kB
VmallocUsed:       29188 kB
VmallocChunk:     148492 kB
Time pass: 247 sec

---2015-12-04 11:56:06
MemTotal:        1745540 kB
MemFree:           54144 kB
Buffers:            5616 kB
Cached:           373416 kB
SwapCached:        49300 kB
Active:           494820 kB
Inactive:         499364 kB
Active(anon):     312712 kB
Inactive(anon):   306712 kB
Active(file):     182108 kB
Inactive(file):   192652 kB
Unevictable:        3816 kB
Mlocked:               0 kB
HighTotal:       1217536 kB
HighFree:          22224 kB
LowTotal:         528004 kB
LowFree:           31920 kB
SwapTotal:       1310716 kB
SwapFree:         754292 kB
Dirty:                 4 kB
Writeback:             0 kB
AnonPages:        598832 kB
Mapped:           330528 kB
Shmem:               456 kB
Slab:              61040 kB
SReclaimable:      16656 kB
SUnreclaim:        44384 kB
KernelStack:       15912 kB
PageTables:        54116 kB
NFS_Unstable:          0 kB
Bounce:                0 kB
WritebackTmp:          0 kB
CommitLimit:     2183484 kB
Committed_AS:   126193324 kB
VmallocTotal:     311296 kB
VmallocUsed:       29256 kB
VmallocChunk:     148492 kB
Time pass: 251 sec

---2015-12-04 11:56:06
MemTotal:        1745540 kB
MemFree:           51208 kB
Buffers:            5624 kB
Cached:           373752 kB
SwapCached:        49336 kB
Active:           496996 kB
Inactive:         499776 kB
Active(anon):     314888 kB
Inactive(anon):   306712 kB
Active(file):     182108 kB
Inactive(file):   193064 kB
Unevictable:        3816 kB
Mlocked:               0 kB
HighTotal:       1217536 kB
HighFree:          19840 kB
LowTotal:         528004 kB
LowFree:           31368 kB
SwapTotal:       1310716 kB
SwapFree:         754468 kB
Dirty:                 4 kB
Writeback:             0 kB
AnonPages:        600924 kB
Mapped:           330340 kB
Shmem:               388 kB
Slab:              61048 kB
SReclaimable:      16656 kB
SUnreclaim:        44392 kB
KernelStack:       15888 kB
PageTables:        53960 kB
NFS_Unstable:          0 kB
Bounce:                0 kB
WritebackTmp:          0 kB
CommitLimit:     2183484 kB
Committed_AS:   126162748 kB
VmallocTotal:     311296 kB
VmallocUsed:       29188 kB
VmallocChunk:     148492 kB
Time pass: 255 sec

---2015-12-04 11:56:06
MemTotal:        1745540 kB
MemFree:           56508 kB
Buffers:            5656 kB
Cached:           373924 kB
SwapCached:        49364 kB
Active:           489516 kB
Inactive:         500064 kB
Active(anon):     307404 kB
Inactive(anon):   306964 kB
Active(file):     182112 kB
Inactive(file):   193100 kB
Unevictable:        3816 kB
Mlocked:               0 kB
HighTotal:       1217536 kB
HighFree:          26200 kB
LowTotal:         528004 kB
LowFree:           30308 kB
SwapTotal:       1310716 kB
SwapFree:         754564 kB
Dirty:                 0 kB
Writeback:             0 kB
AnonPages:        593680 kB
Mapped:           331756 kB
Shmem:               552 kB
Slab:              61168 kB
SReclaimable:      16656 kB
SUnreclaim:        44512 kB
KernelStack:       15952 kB
PageTables:        54180 kB
NFS_Unstable:          0 kB
Bounce:                0 kB
WritebackTmp:          0 kB
CommitLimit:     2183484 kB
Committed_AS:   126195772 kB
VmallocTotal:     311296 kB
VmallocUsed:       29256 kB
VmallocChunk:     148492 kB
Time pass: 259 sec

---2015-12-04 11:56:06
MemTotal:        1745540 kB
MemFree:           49016 kB
Buffers:            5664 kB
Cached:           380544 kB
SwapCached:        49672 kB
Active:           489752 kB
Inactive:         507308 kB
Active(anon):     307640 kB
Inactive(anon):   307576 kB
Active(file):     182112 kB
Inactive(file):   199732 kB
Unevictable:        3816 kB
Mlocked:               0 kB
HighTotal:       1217536 kB
HighFree:          18552 kB
LowTotal:         528004 kB
LowFree:           30464 kB
SwapTotal:       1310716 kB
SwapFree:         754944 kB
Dirty:                36 kB
Writeback:             0 kB
AnonPages:        594640 kB
Mapped:           331828 kB
Shmem:               568 kB
Slab:              61168 kB
SReclaimable:      16656 kB
SUnreclaim:        44512 kB
KernelStack:       15952 kB
PageTables:        54180 kB
NFS_Unstable:          0 kB
Bounce:                0 kB
WritebackTmp:          0 kB
CommitLimit:     2183484 kB
Committed_AS:   126195812 kB
VmallocTotal:     311296 kB
VmallocUsed:       29256 kB
VmallocChunk:     148492 kB
Time pass: 263 sec

---2015-12-04 11:56:06
MemTotal:        1745540 kB
MemFree:           48892 kB
Buffers:            5664 kB
Cached:           380716 kB
SwapCached:        49696 kB
Active:           490212 kB
Inactive:         507552 kB
Active(anon):     308096 kB
Inactive(anon):   307820 kB
Active(file):     182116 kB
Inactive(file):   199732 kB
Unevictable:        3816 kB
Mlocked:               0 kB
HighTotal:       1217536 kB
HighFree:          19020 kB
LowTotal:         528004 kB
LowFree:           29872 kB
SwapTotal:       1310716 kB
SwapFree:         755024 kB
Dirty:                44 kB
Writeback:             0 kB
AnonPages:        594984 kB
Mapped:           332004 kB
Shmem:               744 kB
Slab:              61136 kB
SReclaimable:      16656 kB
SUnreclaim:        44480 kB
KernelStack:       15904 kB
PageTables:        54184 kB
NFS_Unstable:          0 kB
Bounce:                0 kB
WritebackTmp:          0 kB
CommitLimit:     2183484 kB
Committed_AS:   126195884 kB
VmallocTotal:     311296 kB
VmallocUsed:       29256 kB
VmallocChunk:     148492 kB
Time pass: 267 sec

---2015-12-04 11:56:06
MemTotal:        1745540 kB
MemFree:           51564 kB
Buffers:            5384 kB
Cached:           373496 kB
SwapCached:        49704 kB
Active:           493032 kB
Inactive:         503124 kB
Active(anon):     310744 kB
Inactive(anon):   311092 kB
Active(file):     182288 kB
Inactive(file):   192032 kB
Unevictable:        3816 kB
Mlocked:               0 kB
HighTotal:       1217536 kB
HighFree:          25596 kB
LowTotal:         528004 kB
LowFree:           25968 kB
SwapTotal:       1310716 kB
SwapFree:         753536 kB
Dirty:                12 kB
Writeback:             0 kB
AnonPages:        601172 kB
Mapped:           328836 kB
Shmem:               744 kB
Slab:              61104 kB
SReclaimable:      16656 kB
SUnreclaim:        44448 kB
KernelStack:       15968 kB
PageTables:        54188 kB
NFS_Unstable:          0 kB
Bounce:                0 kB
WritebackTmp:          0 kB
CommitLimit:     2183484 kB
Committed_AS:   126199116 kB
VmallocTotal:     311296 kB
VmallocUsed:       29256 kB
VmallocChunk:     148492 kB
Time pass: 270 sec

---2015-12-04 11:56:06
MemTotal:        1745540 kB
MemFree:           52604 kB
Buffers:            5416 kB
Cached:           373172 kB
SwapCached:        49700 kB
Active:           490900 kB
Inactive:         502796 kB
Active(anon):     308612 kB
Inactive(anon):   310728 kB
Active(file):     182288 kB
Inactive(file):   192068 kB
Unevictable:        3816 kB
Mlocked:               0 kB
HighTotal:       1217536 kB
HighFree:          25064 kB
LowTotal:         528004 kB
LowFree:           27540 kB
SwapTotal:       1310716 kB
SwapFree:         753612 kB
Dirty:                48 kB
Writeback:             0 kB
AnonPages:        598864 kB
Mapped:           328580 kB
Shmem:               416 kB
Slab:              61424 kB
SReclaimable:      16656 kB
SUnreclaim:        44768 kB
KernelStack:       15960 kB
PageTables:        54140 kB
NFS_Unstable:          0 kB
Bounce:                0 kB
WritebackTmp:          0 kB
CommitLimit:     2183484 kB
Committed_AS:   126203276 kB
VmallocTotal:     311296 kB
VmallocUsed:       29256 kB
VmallocChunk:     148492 kB
Time pass: 274 sec

---2015-12-04 11:56:06
MemTotal:        1745540 kB
MemFree:           53392 kB
Buffers:            5416 kB
Cached:           373180 kB
SwapCached:        49700 kB
Active:           491908 kB
Inactive:         502808 kB
Active(anon):     309620 kB
Inactive(anon):   310740 kB
Active(file):     182288 kB
Inactive(file):   192068 kB
Unevictable:        3816 kB
Mlocked:               0 kB
HighTotal:       1217536 kB
HighFree:          24456 kB
LowTotal:         528004 kB
LowFree:           28936 kB
SwapTotal:       1310716 kB
SwapFree:         753620 kB
Dirty:                 0 kB
Writeback:             0 kB
AnonPages:        599760 kB
Mapped:           328712 kB
Shmem:               424 kB
Slab:              61296 kB
SReclaimable:      16656 kB
SUnreclaim:        44640 kB
KernelStack:       15952 kB
PageTables:        54140 kB
NFS_Unstable:          0 kB
Bounce:                0 kB
WritebackTmp:          0 kB
CommitLimit:     2183484 kB
Committed_AS:   126203508 kB
VmallocTotal:     311296 kB
VmallocUsed:       29188 kB
VmallocChunk:     148492 kB
Time pass: 277 sec

---2015-12-04 11:56:06
MemTotal:        1745540 kB
MemFree:           53008 kB
Buffers:            5440 kB
Cached:           373188 kB
SwapCached:        49700 kB
Active:           493272 kB
Inactive:         502872 kB
Active(anon):     310984 kB
Inactive(anon):   310780 kB
Active(file):     182288 kB
Inactive(file):   192092 kB
Unevictable:        3816 kB
Mlocked:               0 kB
HighTotal:       1217536 kB
HighFree:          24152 kB
LowTotal:         528004 kB
LowFree:           28856 kB
SwapTotal:       1310716 kB
SwapFree:         753652 kB
Dirty:                44 kB
Writeback:             0 kB
AnonPages:        601124 kB
Mapped:           327560 kB
Shmem:               432 kB
Slab:              61296 kB
SReclaimable:      16656 kB
SUnreclaim:        44640 kB
KernelStack:       15904 kB
PageTables:        54140 kB
NFS_Unstable:          0 kB
Bounce:                0 kB
WritebackTmp:          0 kB
CommitLimit:     2183484 kB
Committed_AS:   126203628 kB
VmallocTotal:     311296 kB
VmallocUsed:       29188 kB
VmallocChunk:     148492 kB
Time pass: 281 sec

---2015-12-04 11:56:06
MemTotal:        1745540 kB
MemFree:           50768 kB
Buffers:            5448 kB
Cached:           373192 kB
SwapCached:        49704 kB
Active:           495832 kB
Inactive:         502908 kB
Active(anon):     313544 kB
Inactive(anon):   310808 kB
Active(file):     182288 kB
Inactive(file):   192100 kB
Unevictable:        3816 kB
Mlocked:               0 kB
HighTotal:       1217536 kB
HighFree:          21876 kB
LowTotal:         528004 kB
LowFree:           28892 kB
SwapTotal:       1310716 kB
SwapFree:         753672 kB
Dirty:                 0 kB
Writeback:             0 kB
AnonPages:        603696 kB
Mapped:           327440 kB
Shmem:               436 kB
Slab:              61296 kB
SReclaimable:      16656 kB
SUnreclaim:        44640 kB
KernelStack:       15904 kB
PageTables:        54140 kB
NFS_Unstable:          0 kB
Bounce:                0 kB
WritebackTmp:          0 kB
CommitLimit:     2183484 kB
Committed_AS:   126204708 kB
VmallocTotal:     311296 kB
VmallocUsed:       29188 kB
VmallocChunk:     148492 kB
Time pass: 285 sec

---2015-12-04 11:56:06
MemTotal:        1745540 kB
MemFree:           50372 kB
Buffers:            5448 kB
Cached:           373208 kB
SwapCached:        49704 kB
Active:           496044 kB
Inactive:         502932 kB
Active(anon):     313756 kB
Inactive(anon):   310832 kB
Active(file):     182288 kB
Inactive(file):   192100 kB
Unevictable:        3816 kB
Mlocked:               0 kB
HighTotal:       1217536 kB
HighFree:          21668 kB
LowTotal:         528004 kB
LowFree:           28704 kB
SwapTotal:       1310716 kB
SwapFree:         753680 kB
Dirty:                 0 kB
Writeback:             0 kB
AnonPages:        603948 kB
Mapped:           327580 kB
Shmem:               452 kB
Slab:              61200 kB
SReclaimable:      16656 kB
SUnreclaim:        44544 kB
KernelStack:       15904 kB
PageTables:        54144 kB
NFS_Unstable:          0 kB
Bounce:                0 kB
WritebackTmp:          0 kB
CommitLimit:     2183484 kB
Committed_AS:   126205852 kB
VmallocTotal:     311296 kB
VmallocUsed:       29188 kB
VmallocChunk:     148492 kB
Time pass: 288 sec

---2015-12-04 11:56:06
MemTotal:        1745540 kB
MemFree:           49076 kB
Buffers:            5464 kB
Cached:           373220 kB
SwapCached:        49708 kB
Active:           497312 kB
Inactive:         502984 kB
Active(anon):     315024 kB
Inactive(anon):   310856 kB
Active(file):     182288 kB
Inactive(file):   192128 kB
Unevictable:        3816 kB
Mlocked:               0 kB
HighTotal:       1217536 kB
HighFree:          20624 kB
LowTotal:         528004 kB
LowFree:           28452 kB
SwapTotal:       1310716 kB
SwapFree:         753704 kB
Dirty:                36 kB
Writeback:             0 kB
AnonPages:        605296 kB
Mapped:           327456 kB
Shmem:               452 kB
Slab:              61264 kB
SReclaimable:      16656 kB
SUnreclaim:        44608 kB
KernelStack:       15936 kB
PageTables:        54144 kB
NFS_Unstable:          0 kB
Bounce:                0 kB
WritebackTmp:          0 kB
CommitLimit:     2183484 kB
Committed_AS:   126205980 kB
VmallocTotal:     311296 kB
VmallocUsed:       29188 kB
VmallocChunk:     148492 kB
Time pass: 292 sec

---2015-12-04 11:56:06
MemTotal:        1745540 kB
MemFree:           49516 kB
Buffers:            5472 kB
Cached:           373212 kB
SwapCached:        49700 kB
Active:           496892 kB
Inactive:         503008 kB
Active(anon):     314604 kB
Inactive(anon):   310880 kB
Active(file):     182288 kB
Inactive(file):   192128 kB
Unevictable:        3816 kB
Mlocked:               0 kB
HighTotal:       1217536 kB
HighFree:          20572 kB
LowTotal:         528004 kB
LowFree:           28944 kB
SwapTotal:       1310716 kB
SwapFree:         753748 kB
Dirty:                 0 kB
Writeback:             0 kB
AnonPages:        604908 kB
Mapped:           327580 kB
Shmem:               452 kB
Slab:              61264 kB
SReclaimable:      16656 kB
SUnreclaim:        44608 kB
KernelStack:       15896 kB
PageTables:        54144 kB
NFS_Unstable:          0 kB
Bounce:                0 kB
WritebackTmp:          0 kB
CommitLimit:     2183484 kB
Committed_AS:   126206100 kB
VmallocTotal:     311296 kB
VmallocUsed:       29188 kB
VmallocChunk:     148492 kB
Time pass: 295 sec

---2015-12-04 11:56:06
MemTotal:        1745540 kB
MemFree:           49632 kB
Buffers:            5472 kB
Cached:           373220 kB
SwapCached:        49704 kB
Active:           496584 kB
Inactive:         503044 kB
Active(anon):     314296 kB
Inactive(anon):   310908 kB
Active(file):     182288 kB
Inactive(file):   192136 kB
Unevictable:        3816 kB
Mlocked:               0 kB
HighTotal:       1217536 kB
HighFree:          20912 kB
LowTotal:         528004 kB
LowFree:           28720 kB
SwapTotal:       1310716 kB
SwapFree:         753756 kB
Dirty:                28 kB
Writeback:             0 kB
AnonPages:        604468 kB
Mapped:           327456 kB
Shmem:               452 kB
Slab:              61264 kB
SReclaimable:      16656 kB
SUnreclaim:        44608 kB
KernelStack:       15904 kB
PageTables:        54148 kB
NFS_Unstable:          0 kB
Bounce:                0 kB
WritebackTmp:          0 kB
CommitLimit:     2183484 kB
Committed_AS:   126207300 kB
VmallocTotal:     311296 kB
VmallocUsed:       29256 kB
VmallocChunk:     148492 kB
Time pass: 299 sec

---2015-12-04 11:56:06
MemTotal:        1745540 kB
MemFree:           48220 kB
Buffers:            5488 kB
Cached:           373220 kB
SwapCached:        49704 kB
Active:           497804 kB
Inactive:         503052 kB
Active(anon):     315516 kB
Inactive(anon):   310916 kB
Active(file):     182288 kB
Inactive(file):   192136 kB
Unevictable:        3816 kB
Mlocked:               0 kB
HighTotal:       1217536 kB
HighFree:          19776 kB
LowTotal:         528004 kB
LowFree:           28444 kB
SwapTotal:       1310716 kB
SwapFree:         753768 kB
Dirty:                36 kB
Writeback:             0 kB
AnonPages:        605828 kB
Mapped:           327580 kB
Shmem:               452 kB
Slab:              61264 kB
SReclaimable:      16656 kB
SUnreclaim:        44608 kB
KernelStack:       15896 kB
PageTables:        54152 kB
NFS_Unstable:          0 kB
Bounce:                0 kB
WritebackTmp:          0 kB
CommitLimit:     2183484 kB
Committed_AS:   126208388 kB
VmallocTotal:     311296 kB
VmallocUsed:       29188 kB
VmallocChunk:     148492 kB
Time pass: 303 sec

---2015-12-04 11:56:06
MemTotal:        1745540 kB
MemFree:           46496 kB
Buffers:            5488 kB
Cached:           373756 kB
SwapCached:        49704 kB
Active:           498972 kB
Inactive:         503612 kB
Active(anon):     316684 kB
Inactive(anon):   310948 kB
Active(file):     182288 kB
Inactive(file):   192664 kB
Unevictable:        3816 kB
Mlocked:               0 kB
HighTotal:       1217536 kB
HighFree:          18656 kB
LowTotal:         528004 kB
LowFree:           27840 kB
SwapTotal:       1310716 kB
SwapFree:         753776 kB
Dirty:                36 kB
Writeback:             0 kB
AnonPages:        607048 kB
Mapped:           327500 kB
Shmem:               476 kB
Slab:              61264 kB
SReclaimable:      16656 kB
SUnreclaim:        44608 kB
KernelStack:       15904 kB
PageTables:        54156 kB
NFS_Unstable:          0 kB
Bounce:                0 kB
WritebackTmp:          0 kB
CommitLimit:     2183484 kB
Committed_AS:   126209620 kB
VmallocTotal:     311296 kB
VmallocUsed:       29256 kB
VmallocChunk:     148492 kB
Time pass: 307 sec

---2015-12-04 11:56:06
MemTotal:        1745540 kB
MemFree:           45564 kB
Buffers:            5496 kB
Cached:           373756 kB
SwapCached:        49708 kB
Active:           499896 kB
Inactive:         503628 kB
Active(anon):     317608 kB
Inactive(anon):   310956 kB
Active(file):     182288 kB
Inactive(file):   192672 kB
Unevictable:        3816 kB
Mlocked:               0 kB
HighTotal:       1217536 kB
HighFree:          18584 kB
LowTotal:         528004 kB
LowFree:           26980 kB
SwapTotal:       1310716 kB
SwapFree:         753792 kB
Dirty:                28 kB
Writeback:             0 kB
AnonPages:        607840 kB
Mapped:           327500 kB
Shmem:               476 kB
Slab:              61296 kB
SReclaimable:      16656 kB
SUnreclaim:        44640 kB
KernelStack:       15896 kB
PageTables:        54160 kB
NFS_Unstable:          0 kB
Bounce:                0 kB
WritebackTmp:          0 kB
CommitLimit:     2183484 kB
Committed_AS:   126210652 kB
VmallocTotal:     311296 kB
VmallocUsed:       29188 kB
VmallocChunk:     148492 kB
Time pass: 311 sec

---2015-12-04 11:56:06
MemTotal:        1745540 kB
MemFree:           45448 kB
Buffers:            5512 kB
Cached:           373760 kB
SwapCached:        49708 kB
Active:           498664 kB
Inactive:         503644 kB
Active(anon):     316376 kB
Inactive(anon):   310956 kB
Active(file):     182288 kB
Inactive(file):   192688 kB
Unevictable:        3816 kB
Mlocked:               0 kB
HighTotal:       1217536 kB
HighFree:          20016 kB
LowTotal:         528004 kB
LowFree:           25432 kB
SwapTotal:       1310716 kB
SwapFree:         753824 kB
Dirty:                40 kB
Writeback:             0 kB
AnonPages:        606632 kB
Mapped:           327512 kB
Shmem:               480 kB
Slab:              61196 kB
SReclaimable:      16656 kB
SUnreclaim:        44540 kB
KernelStack:       15912 kB
PageTables:        54164 kB
NFS_Unstable:          0 kB
Bounce:                0 kB
WritebackTmp:          0 kB
CommitLimit:     2183484 kB
Committed_AS:   126211796 kB
VmallocTotal:     311296 kB
VmallocUsed:       29256 kB
VmallocChunk:     148492 kB
Time pass: 314 sec

---2015-12-04 11:56:06
MemTotal:        1745540 kB
MemFree:           45152 kB
Buffers:            5512 kB
Cached:           373764 kB
SwapCached:        49712 kB
Active:           499916 kB
Inactive:         503668 kB
Active(anon):     317628 kB
Inactive(anon):   310980 kB
Active(file):     182288 kB
Inactive(file):   192688 kB
Unevictable:        3816 kB
Mlocked:               0 kB
HighTotal:       1217536 kB
HighFree:          19060 kB
LowTotal:         528004 kB
LowFree:           26092 kB
SwapTotal:       1310716 kB
SwapFree:         753832 kB
Dirty:                40 kB
Writeback:             0 kB
AnonPages:        607920 kB
Mapped:           327464 kB
Shmem:               484 kB
Slab:              61164 kB
SReclaimable:      16656 kB
SUnreclaim:        44508 kB
KernelStack:       15904 kB
PageTables:        54148 kB
NFS_Unstable:          0 kB
Bounce:                0 kB
WritebackTmp:          0 kB
CommitLimit:     2183484 kB
Committed_AS:   126211988 kB
VmallocTotal:     311296 kB
VmallocUsed:       29256 kB
VmallocChunk:     148492 kB
Time pass: 318 sec

---2015-12-04 11:56:06
MemTotal:        1745540 kB
MemFree:           44472 kB
Buffers:            5520 kB
Cached:           373764 kB
SwapCached:        49712 kB
Active:           500456 kB
Inactive:         503692 kB
Active(anon):     318168 kB
Inactive(anon):   310996 kB
Active(file):     182288 kB
Inactive(file):   192696 kB
Unevictable:        3816 kB
Mlocked:               0 kB
HighTotal:       1217536 kB
HighFree:          18592 kB
LowTotal:         528004 kB
LowFree:           25880 kB
SwapTotal:       1310716 kB
SwapFree:         753860 kB
Dirty:                28 kB
Writeback:             0 kB
AnonPages:        608408 kB
Mapped:           327644 kB
Shmem:               484 kB
Slab:              61260 kB
SReclaimable:      16656 kB
SUnreclaim:        44604 kB
KernelStack:       15856 kB
PageTables:        54168 kB
NFS_Unstable:          0 kB
Bounce:                0 kB
WritebackTmp:          0 kB
CommitLimit:     2183484 kB
Committed_AS:   126212044 kB
VmallocTotal:     311296 kB
VmallocUsed:       29188 kB
VmallocChunk:     148492 kB
Time pass: 322 sec

---2015-12-04 11:56:06
MemTotal:        1745540 kB
MemFree:           49920 kB
Buffers:            5484 kB
Cached:           369888 kB
SwapCached:        49832 kB
Active:           497152 kB
Inactive:         503588 kB
Active(anon):     314788 kB
Inactive(anon):   314880 kB
Active(file):     182364 kB
Inactive(file):   188708 kB
Unevictable:        3816 kB
Mlocked:               0 kB
HighTotal:       1217536 kB
HighFree:          24132 kB
LowTotal:         528004 kB
LowFree:           25788 kB
SwapTotal:       1310716 kB
SwapFree:         753112 kB
Dirty:                 4 kB
Writeback:             0 kB
AnonPages:        608984 kB
Mapped:           325008 kB
Shmem:               484 kB
Slab:              61144 kB
SReclaimable:      16656 kB
SUnreclaim:        44488 kB
KernelStack:       15872 kB
PageTables:        54164 kB
NFS_Unstable:          0 kB
Bounce:                0 kB
WritebackTmp:          0 kB
CommitLimit:     2183484 kB
Committed_AS:   126212180 kB
VmallocTotal:     311296 kB
VmallocUsed:       29188 kB
VmallocChunk:     148492 kB
Time pass: 325 sec

---2015-12-04 11:56:06
MemTotal:        1745540 kB
MemFree:           45304 kB
Buffers:            5500 kB
Cached:           373336 kB
SwapCached:        49832 kB
Active:           497512 kB
Inactive:         506940 kB
Active(anon):     315148 kB
Inactive(anon):   314880 kB
Active(file):     182364 kB
Inactive(file):   192060 kB
Unevictable:        3816 kB
Mlocked:               0 kB
HighTotal:       1217536 kB
HighFree:          20072 kB
LowTotal:         528004 kB
LowFree:           25232 kB
SwapTotal:       1310716 kB
SwapFree:         753120 kB
Dirty:                60 kB
