---2015-12-03 09:19:26
MemTotal:        2895588 kB
MemFree:           97936 kB
Buffers:           11676 kB
Cached:          1629956 kB
SwapCached:            0 kB
Active:           814872 kB
Inactive:        1423296 kB
Active(anon):     485284 kB
Inactive(anon):   116680 kB
Active(file):     329588 kB
Inactive(file):  1306616 kB
Unevictable:        2764 kB
Mlocked:               0 kB
HighTotal:       2306432 kB
HighFree:          40552 kB
LowTotal:         589156 kB
LowFree:           57384 kB
SwapTotal:       1048572 kB
SwapFree:        1048572 kB
Dirty:                 0 kB
Writeback:             0 kB
AnonPages:        599760 kB
Mapped:           378152 kB
Shmem:              2664 kB
Slab:              54652 kB
SReclaimable:      19728 kB
SUnreclaim:        34924 kB
KernelStack:       13168 kB
PageTables:        38192 kB
NFS_Unstable:          0 kB
Bounce:                0 kB
WritebackTmp:          0 kB
CommitLimit:     2496364 kB
Committed_AS:   84883368 kB
VmallocTotal:     385024 kB
VmallocUsed:      154084 kB
VmallocChunk:      63556 kB
Time pass: 3 sec

---2015-12-03 09:19:26
MemTotal:        2895588 kB
MemFree:           97452 kB
Buffers:           11676 kB
Cached:          1629956 kB
SwapCached:            0 kB
Active:           814952 kB
Inactive:        1423296 kB
Active(anon):     485364 kB
Inactive(anon):   116680 kB
Active(file):     329588 kB
Inactive(file):  1306616 kB
Unevictable:        2764 kB
Mlocked:               0 kB
HighTotal:       2306432 kB
HighFree:          40180 kB
LowTotal:         589156 kB
LowFree:           57272 kB
SwapTotal:       1048572 kB
SwapFree:        1048572 kB
Dirty:                 0 kB
Writeback:             0 kB
AnonPages:        599688 kB
Mapped:           378216 kB
Shmem:              2664 kB
Slab:              54664 kB
SReclaimable:      19728 kB
SUnreclaim:        34936 kB
KernelStack:       13168 kB
PageTables:        38212 kB
NFS_Unstable:          0 kB
Bounce:                0 kB
WritebackTmp:          0 kB
CommitLimit:     2496364 kB
Committed_AS:   84883644 kB
VmallocTotal:     385024 kB
VmallocUsed:      154084 kB
VmallocChunk:      63556 kB
Time pass: 6 sec

---2015-12-03 09:19:26
MemTotal:        2895588 kB
MemFree:           97828 kB
Buffers:           11676 kB
Cached:          1629956 kB
SwapCached:            0 kB
Active:           815060 kB
Inactive:        1423296 kB
Active(anon):     485472 kB
Inactive(anon):   116680 kB
Active(file):     329588 kB
Inactive(file):  1306616 kB
Unevictable:        2764 kB
Mlocked:               0 kB
HighTotal:       2306432 kB
HighFree:          40448 kB
LowTotal:         589156 kB
LowFree:           57380 kB
SwapTotal:       1048572 kB
SwapFree:        1048572 kB
Dirty:                 0 kB
Writeback:             0 kB
AnonPages:        599984 kB
Mapped:           378268 kB
Shmem:              2664 kB
Slab:              54704 kB
SReclaimable:      19728 kB
SUnreclaim:        34976 kB
KernelStack:       13168 kB
PageTables:        38236 kB
NFS_Unstable:          0 kB
Bounce:                0 kB
WritebackTmp:          0 kB
CommitLimit:     2496364 kB
Committed_AS:   84883728 kB
VmallocTotal:     385024 kB
VmallocUsed:      154084 kB
VmallocChunk:      63556 kB
Time pass: 10 sec

---2015-12-03 09:19:26
MemTotal:        2895588 kB
MemFree:           97292 kB
Buffers:           11676 kB
Cached:          1629956 kB
SwapCached:            0 kB
Active:           815176 kB
Inactive:        1423296 kB
Active(anon):     485588 kB
Inactive(anon):   116680 kB
Active(file):     329588 kB
Inactive(file):  1306616 kB
Unevictable:        2764 kB
Mlocked:               0 kB
HighTotal:       2306432 kB
HighFree:          39828 kB
LowTotal:         589156 kB
LowFree:           57464 kB
SwapTotal:       1048572 kB
SwapFree:        1048572 kB
Dirty:                 0 kB
Writeback:             0 kB
AnonPages:        600480 kB
Mapped:           378320 kB
Shmem:              2664 kB
Slab:              54740 kB
SReclaimable:      19728 kB
SUnreclaim:        35012 kB
KernelStack:       13168 kB
PageTables:        38256 kB
NFS_Unstable:          0 kB
Bounce:                0 kB
WritebackTmp:          0 kB
CommitLimit:     2496364 kB
Committed_AS:   84883920 kB
VmallocTotal:     385024 kB
VmallocUsed:      154084 kB
VmallocChunk:      63556 kB
Time pass: 14 sec

---2015-12-03 09:19:26
MemTotal:        2895588 kB
MemFree:           87796 kB
Buffers:           11692 kB
Cached:          1631116 kB
SwapCached:            0 kB
Active:           823672 kB
Inactive:        1424468 kB
Active(anon):     494080 kB
Inactive(anon):   116668 kB
Active(file):     329592 kB
Inactive(file):  1307800 kB
Unevictable:        2764 kB
Mlocked:               0 kB
HighTotal:       2306432 kB
HighFree:          38196 kB
LowTotal:         589156 kB
LowFree:           49600 kB
SwapTotal:       1048572 kB
SwapFree:        1048572 kB
Dirty:                 0 kB
Writeback:             0 kB
AnonPages:        608676 kB
Mapped:           378812 kB
Shmem:              2664 kB
Slab:              54712 kB
SReclaimable:      19728 kB
SUnreclaim:        34984 kB
KernelStack:       13184 kB
PageTables:        38824 kB
NFS_Unstable:          0 kB
Bounce:                0 kB
WritebackTmp:          0 kB
CommitLimit:     2496364 kB
Committed_AS:   88818564 kB
VmallocTotal:     385024 kB
VmallocUsed:      155124 kB
VmallocChunk:      63556 kB
Time pass: 17 sec

---2015-12-03 09:19:26
MemTotal:        2895588 kB
MemFree:           76152 kB
Buffers:           11908 kB
Cached:          1465536 kB
SwapCached:            0 kB
Active:           663268 kB
Inactive:        1449632 kB
Active(anon):     312988 kB
Inactive(anon):   328040 kB
Active(file):     350280 kB
Inactive(file):  1121592 kB
Unevictable:        2764 kB
Mlocked:               0 kB
HighTotal:       2306432 kB
HighFree:          41664 kB
LowTotal:         589156 kB
LowFree:           34488 kB
SwapTotal:       1048572 kB
SwapFree:        1048572 kB
Dirty:              1416 kB
Writeback:             4 kB
AnonPages:        638480 kB
Mapped:           401084 kB
Shmem:              2796 kB
Slab:              55028 kB
SReclaimable:      19848 kB
SUnreclaim:        35180 kB
KernelStack:       13856 kB
PageTables:        39308 kB
NFS_Unstable:          0 kB
Bounce:                0 kB
WritebackTmp:          0 kB
CommitLimit:     2496364 kB
Committed_AS:   86230784 kB
VmallocTotal:     385024 kB
VmallocUsed:      155660 kB
VmallocChunk:      63556 kB
Time pass: 20 sec

---2015-12-03 09:19:26
MemTotal:        2895588 kB
MemFree:           86764 kB
Buffers:           11952 kB
Cached:          1427112 kB
SwapCached:            0 kB
Active:           658276 kB
Inactive:        1408724 kB
Active(anon):     307136 kB
Inactive(anon):   326360 kB
Active(file):     351140 kB
Inactive(file):  1082364 kB
Unevictable:        2764 kB
Mlocked:               0 kB
HighTotal:       2306432 kB
HighFree:          50512 kB
LowTotal:         589156 kB
LowFree:           36252 kB
SwapTotal:       1048572 kB
SwapFree:        1048572 kB
Dirty:               296 kB
Writeback:             0 kB
AnonPages:        631116 kB
Mapped:           401120 kB
Shmem:              2796 kB
Slab:              54996 kB
SReclaimable:      19860 kB
SUnreclaim:        35136 kB
KernelStack:       13840 kB
PageTables:        39204 kB
NFS_Unstable:          0 kB
Bounce:                0 kB
WritebackTmp:          0 kB
CommitLimit:     2496364 kB
Committed_AS:   86226604 kB
VmallocTotal:     385024 kB
VmallocUsed:      155984 kB
VmallocChunk:      63556 kB
Time pass: 24 sec

---2015-12-03 09:19:26
MemTotal:        2895588 kB
MemFree:           88156 kB
Buffers:           11968 kB
Cached:          1427104 kB
SwapCached:            0 kB
Active:           656756 kB
Inactive:        1408660 kB
Active(anon):     305616 kB
Inactive(anon):   326288 kB
Active(file):     351140 kB
Inactive(file):  1082372 kB
Unevictable:        2764 kB
Mlocked:               0 kB
HighTotal:       2306432 kB
HighFree:          51648 kB
LowTotal:         589156 kB
LowFree:           36508 kB
SwapTotal:       1048572 kB
SwapFree:        1048572 kB
Dirty:               120 kB
Writeback:             0 kB
AnonPages:        629580 kB
Mapped:           401120 kB
Shmem:              2796 kB
Slab:              54988 kB
SReclaimable:      19860 kB
SUnreclaim:        35128 kB
KernelStack:       13848 kB
PageTables:        39204 kB
NFS_Unstable:          0 kB
Bounce:                0 kB
WritebackTmp:          0 kB
CommitLimit:     2496364 kB
Committed_AS:   86226808 kB
VmallocTotal:     385024 kB
VmallocUsed:      155984 kB
VmallocChunk:      63556 kB
Time pass: 27 sec

---2015-12-03 09:19:26
MemTotal:        2895588 kB
MemFree:           90944 kB
Buffers:           11968 kB
Cached:          1427112 kB
SwapCached:            0 kB
Active:           657288 kB
Inactive:        1405660 kB
Active(anon):     306136 kB
Inactive(anon):   323296 kB
Active(file):     351152 kB
Inactive(file):  1082364 kB
Unevictable:        2764 kB
Mlocked:               0 kB
HighTotal:       2306432 kB
HighFree:          54252 kB
LowTotal:         589156 kB
LowFree:           36692 kB
SwapTotal:       1048572 kB
SwapFree:        1048572 kB
Dirty:               144 kB
Writeback:             0 kB
AnonPages:        626796 kB
Mapped:           401188 kB
Shmem:              2796 kB
Slab:              54972 kB
SReclaimable:      19860 kB
SUnreclaim:        35112 kB
KernelStack:       13848 kB
PageTables:        39224 kB
NFS_Unstable:          0 kB
Bounce:                0 kB
WritebackTmp:          0 kB
CommitLimit:     2496364 kB
Committed_AS:   86223556 kB
VmallocTotal:     385024 kB
VmallocUsed:      155984 kB
VmallocChunk:      63556 kB
Time pass: 31 sec

---2015-12-03 09:19:26
MemTotal:        2895588 kB
MemFree:           83488 kB
Buffers:           11976 kB
Cached:          1428444 kB
SwapCached:            0 kB
Active:           662040 kB
Inactive:        1406984 kB
Active(anon):     310884 kB
Inactive(anon):   323292 kB
Active(file):     351156 kB
Inactive(file):  1083692 kB
Unevictable:        2764 kB
Mlocked:               0 kB
HighTotal:       2306432 kB
HighFree:          46884 kB
LowTotal:         589156 kB
LowFree:           36604 kB
SwapTotal:       1048572 kB
SwapFree:        1048572 kB
Dirty:                40 kB
Writeback:             0 kB
AnonPages:        631740 kB
Mapped:           401656 kB
Shmem:              2796 kB
Slab:              54992 kB
SReclaimable:      19860 kB
SUnreclaim:        35132 kB
KernelStack:       13896 kB
PageTables:        39260 kB
NFS_Unstable:          0 kB
Bounce:                0 kB
WritebackTmp:          0 kB
CommitLimit:     2496364 kB
Committed_AS:   86224176 kB
VmallocTotal:     385024 kB
VmallocUsed:      156068 kB
VmallocChunk:      63556 kB
Time pass: 34 sec

---2015-12-03 09:19:26
MemTotal:        2895588 kB
MemFree:           73248 kB
Buffers:           11940 kB
Cached:          1389604 kB
SwapCached:            0 kB
Active:           678024 kB
Inactive:        1368764 kB
Active(anon):     325420 kB
Inactive(anon):   325828 kB
Active(file):     352604 kB
Inactive(file):  1042936 kB
Unevictable:        2764 kB
Mlocked:               0 kB
HighTotal:       2306432 kB
HighFree:          41112 kB
LowTotal:         589156 kB
LowFree:           32136 kB
SwapTotal:       1048572 kB
SwapFree:        1048572 kB
Dirty:                20 kB
Writeback:             0 kB
AnonPages:        648400 kB
Mapped:           399324 kB
Shmem:              2796 kB
Slab:              55064 kB
SReclaimable:      19868 kB
SUnreclaim:        35196 kB
KernelStack:       13936 kB
PageTables:        39208 kB
NFS_Unstable:          0 kB
Bounce:                0 kB
WritebackTmp:          0 kB
CommitLimit:     2496364 kB
Committed_AS:   86254604 kB
VmallocTotal:     385024 kB
VmallocUsed:      156596 kB
VmallocChunk:      63556 kB
Time pass: 38 sec

---2015-12-03 09:19:26
MemTotal:        2895588 kB
MemFree:           79048 kB
Buffers:           11940 kB
Cached:          1383580 kB
SwapCached:            0 kB
Active:           675228 kB
Inactive:        1365820 kB
Active(anon):     322488 kB
Inactive(anon):   328600 kB
Active(file):     352740 kB
Inactive(file):  1037220 kB
Unevictable:        2764 kB
Mlocked:               0 kB
HighTotal:       2306432 kB
HighFree:          39228 kB
LowTotal:         589156 kB
LowFree:           39820 kB
SwapTotal:       1048572 kB
SwapFree:        1048572 kB
Dirty:               108 kB
Writeback:             0 kB
AnonPages:        648592 kB
Mapped:           399300 kB
Shmem:              2796 kB
Slab:              55028 kB
SReclaimable:      19872 kB
SUnreclaim:        35156 kB
KernelStack:       14040 kB
PageTables:        39360 kB
NFS_Unstable:          0 kB
Bounce:                0 kB
WritebackTmp:          0 kB
CommitLimit:     2496364 kB
Committed_AS:   86256716 kB
VmallocTotal:     385024 kB
VmallocUsed:      156504 kB
VmallocChunk:      63556 kB
Time pass: 41 sec

---2015-12-03 09:19:26
MemTotal:        2895588 kB
MemFree:           74344 kB
Buffers:           11916 kB
Cached:          1350996 kB
SwapCached:            0 kB
Active:           685072 kB
Inactive:        1342096 kB
Active(anon):     331420 kB
Inactive(anon):   338260 kB
Active(file):     353652 kB
Inactive(file):  1003836 kB
Unevictable:        2764 kB
Mlocked:               0 kB
HighTotal:       2306432 kB
HighFree:          40140 kB
LowTotal:         589156 kB
LowFree:           34204 kB
SwapTotal:       1048572 kB
SwapFree:        1048572 kB
Dirty:               600 kB
Writeback:             0 kB
AnonPages:        666688 kB
Mapped:           400596 kB
Shmem:              2796 kB
Slab:              55128 kB
SReclaimable:      19888 kB
SUnreclaim:        35240 kB
KernelStack:       14056 kB
PageTables:        39356 kB
NFS_Unstable:          0 kB
Bounce:                0 kB
WritebackTmp:          0 kB
CommitLimit:     2496364 kB
Committed_AS:   86266944 kB
VmallocTotal:     385024 kB
VmallocUsed:      156472 kB
VmallocChunk:      63556 kB
Time pass: 45 sec

---2015-12-03 09:19:26
MemTotal:        2895588 kB
MemFree:           84140 kB
Buffers:           11916 kB
Cached:          1324884 kB
SwapCached:            0 kB
Active:           669100 kB
Inactive:        1316916 kB
Active(anon):     315200 kB
Inactive(anon):   339608 kB
Active(file):     353900 kB
Inactive(file):   977308 kB
Unevictable:        2764 kB
Mlocked:               0 kB
HighTotal:       2306432 kB
HighFree:          45772 kB
LowTotal:         589156 kB
LowFree:           38368 kB
SwapTotal:       1048572 kB
SwapFree:        1048572 kB
Dirty:                 0 kB
Writeback:             0 kB
AnonPages:        652308 kB
Mapped:           401032 kB
Shmem:              2792 kB
Slab:              55236 kB
SReclaimable:      19904 kB
SUnreclaim:        35332 kB
KernelStack:       14056 kB
PageTables:        39348 kB
NFS_Unstable:          0 kB
Bounce:                0 kB
WritebackTmp:          0 kB
CommitLimit:     2496364 kB
Committed_AS:   86250452 kB
VmallocTotal:     385024 kB
VmallocUsed:      156508 kB
VmallocChunk:      63556 kB
Time pass: 49 sec

---2015-12-03 09:19:26
MemTotal:        2895588 kB
MemFree:           83644 kB
Buffers:           11924 kB
Cached:          1325424 kB
SwapCached:            0 kB
Active:           668724 kB
Inactive:        1317476 kB
Active(anon):     314828 kB
Inactive(anon):   339608 kB
Active(file):     353896 kB
Inactive(file):   977868 kB
Unevictable:        2764 kB
Mlocked:               0 kB
HighTotal:       2306432 kB
HighFree:          45276 kB
LowTotal:         589156 kB
LowFree:           38368 kB
SwapTotal:       1048572 kB
SwapFree:        1048572 kB
Dirty:                92 kB
Writeback:             0 kB
AnonPages:        651988 kB
Mapped:           401476 kB
Shmem:              2792 kB
Slab:              55296 kB
SReclaimable:      19920 kB
SUnreclaim:        35376 kB
KernelStack:       14048 kB
PageTables:        39368 kB
NFS_Unstable:          0 kB
Bounce:                0 kB
WritebackTmp:          0 kB
CommitLimit:     2496364 kB
Committed_AS:   86250416 kB
VmallocTotal:     385024 kB
VmallocUsed:      156508 kB
VmallocChunk:      63556 kB
Time pass: 52 sec

---2015-12-03 09:19:26
MemTotal:        2895588 kB
MemFree:           80492 kB
Buffers:           11932 kB
Cached:          1317044 kB
SwapCached:            0 kB
Active:           671104 kB
Inactive:        1308556 kB
Active(anon):     316720 kB
Inactive(anon):   339596 kB
Active(file):     354384 kB
Inactive(file):   968960 kB
Unevictable:        2764 kB
Mlocked:               0 kB
HighTotal:       2306432 kB
HighFree:          46908 kB
LowTotal:         589156 kB
LowFree:           33584 kB
SwapTotal:       1048572 kB
SwapFree:        1048572 kB
Dirty:               168 kB
Writeback:             0 kB
AnonPages:        653784 kB
Mapped:           401556 kB
Shmem:              2792 kB
Slab:              55012 kB
SReclaimable:      19684 kB
SUnreclaim:        35328 kB
KernelStack:       14048 kB
PageTables:        39348 kB
NFS_Unstable:          0 kB
Bounce:                0 kB
WritebackTmp:          0 kB
CommitLimit:     2496364 kB
Committed_AS:   86250536 kB
VmallocTotal:     385024 kB
VmallocUsed:      156932 kB
VmallocChunk:      63556 kB
Time pass: 56 sec

---2015-12-03 09:19:26
MemTotal:        2895588 kB
MemFree:           78144 kB
Buffers:           11932 kB
Cached:          1317116 kB
SwapCached:            0 kB
Active:           671148 kB
Inactive:        1308704 kB
Active(anon):     316764 kB
Inactive(anon):   339596 kB
Active(file):     354384 kB
Inactive(file):   969108 kB
Unevictable:        2764 kB
Mlocked:               0 kB
HighTotal:       2306432 kB
HighFree:          44904 kB
LowTotal:         589156 kB
LowFree:           33240 kB
SwapTotal:       1048572 kB
SwapFree:        1048572 kB
Dirty:                72 kB
Writeback:             0 kB
AnonPages:        653840 kB
Mapped:           401636 kB
Shmem:              2792 kB
Slab:              55064 kB
SReclaimable:      19684 kB
SUnreclaim:        35380 kB
KernelStack:       14048 kB
PageTables:        39368 kB
NFS_Unstable:          0 kB
Bounce:                0 kB
WritebackTmp:          0 kB
CommitLimit:     2496364 kB
Committed_AS:   86251116 kB
VmallocTotal:     385024 kB
VmallocUsed:      156932 kB
VmallocChunk:      63556 kB
Time pass: 59 sec

---2015-12-03 09:19:26
MemTotal:        2895588 kB
MemFree:           69956 kB
Buffers:           11940 kB
Cached:          1278248 kB
SwapCached:            0 kB
Active:           679700 kB
Inactive:        1268320 kB
Active(anon):     324108 kB
Inactive(anon):   339588 kB
Active(file):     355592 kB
Inactive(file):   928732 kB
Unevictable:        2764 kB
Mlocked:               0 kB
HighTotal:       2306432 kB
HighFree:          37992 kB
LowTotal:         589156 kB
LowFree:           31964 kB
SwapTotal:       1048572 kB
SwapFree:        1048572 kB
Dirty:                44 kB
Writeback:             0 kB
AnonPages:        660756 kB
Mapped:           401920 kB
Shmem:              2792 kB
Slab:              55104 kB
SReclaimable:      19740 kB
SUnreclaim:        35364 kB
KernelStack:       14056 kB
PageTables:        39320 kB
NFS_Unstable:          0 kB
Bounce:                0 kB
WritebackTmp:          0 kB
CommitLimit:     2496364 kB
Committed_AS:   86252636 kB
VmallocTotal:     385024 kB
VmallocUsed:      156940 kB
VmallocChunk:      63556 kB
Time pass: 63 sec

---2015-12-03 09:19:26
MemTotal:        2895588 kB
MemFree:           71484 kB
Buffers:           11952 kB
Cached:          1268392 kB
SwapCached:            0 kB
Active:           684404 kB
Inactive:        1256684 kB
Active(anon):     326880 kB
Inactive(anon):   339544 kB
Active(file):     357524 kB
Inactive(file):   917140 kB
Unevictable:        2764 kB
Mlocked:               0 kB
HighTotal:       2306432 kB
HighFree:          38380 kB
LowTotal:         589156 kB
LowFree:           33104 kB
SwapTotal:       1048572 kB
SwapFree:        1048572 kB
Dirty:                92 kB
Writeback:             0 kB
AnonPages:        663852 kB
Mapped:           403736 kB
Shmem:              2792 kB
Slab:              55176 kB
SReclaimable:      19740 kB
SUnreclaim:        35436 kB
KernelStack:       14072 kB
PageTables:        39336 kB
NFS_Unstable:          0 kB
Bounce:                0 kB
WritebackTmp:          0 kB
CommitLimit:     2496364 kB
Committed_AS:   86250988 kB
VmallocTotal:     385024 kB
VmallocUsed:      156888 kB
VmallocChunk:      63556 kB
Time pass: 66 sec

---2015-12-03 09:19:26
MemTotal:        2895588 kB
MemFree:           72216 kB
Buffers:           12008 kB
Cached:          1253388 kB
SwapCached:            0 kB
Active:           700560 kB
Inactive:        1241792 kB
Active(anon):     341256 kB
Inactive(anon):   341556 kB
Active(file):     359304 kB
Inactive(file):   900236 kB
Unevictable:        2764 kB
Mlocked:               0 kB
HighTotal:       2306432 kB
HighFree:          40004 kB
LowTotal:         589156 kB
LowFree:           32212 kB
SwapTotal:       1048572 kB
SwapFree:        1048572 kB
Dirty:               324 kB
Writeback:             0 kB
AnonPages:        680288 kB
Mapped:           406516 kB
Shmem:              2872 kB
Slab:              55188 kB
SReclaimable:      19764 kB
SUnreclaim:        35424 kB
KernelStack:       14296 kB
PageTables:        39472 kB
NFS_Unstable:          0 kB
Bounce:                0 kB
WritebackTmp:          0 kB
CommitLimit:     2496364 kB
Committed_AS:   86275296 kB
VmallocTotal:     385024 kB
VmallocUsed:      159236 kB
VmallocChunk:      63556 kB
Time pass: 70 sec

---2015-12-03 09:19:26
MemTotal:        2895588 kB
MemFree:           70588 kB
Buffers:           11948 kB
Cached:          1223000 kB
SwapCached:            0 kB
Active:           705096 kB
Inactive:        1210092 kB
Active(anon):     342396 kB
Inactive(anon):   344184 kB
Active(file):     362700 kB
Inactive(file):   865908 kB
Unevictable:        2764 kB
Mlocked:               0 kB
HighTotal:       2306432 kB
HighFree:          41380 kB
LowTotal:         589156 kB
LowFree:           29208 kB
SwapTotal:       1048572 kB
SwapFree:        1048572 kB
Dirty:                 0 kB
Writeback:             0 kB
AnonPages:        683796 kB
Mapped:           406752 kB
Shmem:              2988 kB
Slab:              55260 kB
SReclaimable:      19776 kB
SUnreclaim:        35484 kB
KernelStack:       14288 kB
PageTables:        39524 kB
NFS_Unstable:          0 kB
Bounce:                0 kB
WritebackTmp:          0 kB
CommitLimit:     2496364 kB
Committed_AS:   86279604 kB
VmallocTotal:     385024 kB
VmallocUsed:      159236 kB
VmallocChunk:      63556 kB
Time pass: 74 sec

---2015-12-03 09:19:26
MemTotal:        2895588 kB
MemFree:           70108 kB
Buffers:           11960 kB
Cached:          1221212 kB
SwapCached:            0 kB
Active:           708108 kB
Inactive:        1207452 kB
Active(anon):     343972 kB
Inactive(anon):   344244 kB
Active(file):     364136 kB
Inactive(file):   863208 kB
Unevictable:        2764 kB
Mlocked:               0 kB
HighTotal:       2306432 kB
HighFree:          40916 kB
LowTotal:         589156 kB
LowFree:           29192 kB
SwapTotal:       1048572 kB
SwapFree:        1048572 kB
Dirty:                56 kB
Writeback:             0 kB
AnonPages:        684960 kB
Mapped:           406876 kB
Shmem:              3060 kB
Slab:              55348 kB
SReclaimable:      19780 kB
SUnreclaim:        35568 kB
KernelStack:       14304 kB
PageTables:        39676 kB
NFS_Unstable:          0 kB
Bounce:                0 kB
WritebackTmp:          0 kB
CommitLimit:     2496364 kB
Committed_AS:   86279760 kB
VmallocTotal:     385024 kB
VmallocUsed:      159236 kB
VmallocChunk:      63556 kB
Time pass: 77 sec

---2015-12-03 09:19:26
MemTotal:        2895588 kB
MemFree:           69720 kB
Buffers:           11976 kB
Cached:          1221316 kB
SwapCached:            0 kB
Active:           708196 kB
Inactive:        1207580 kB
Active(anon):     344056 kB
Inactive(anon):   344356 kB
Active(file):     364140 kB
Inactive(file):   863224 kB
Unevictable:        2764 kB
Mlocked:               0 kB
HighTotal:       2306432 kB
HighFree:          40348 kB
LowTotal:         589156 kB
LowFree:           29372 kB
SwapTotal:       1048572 kB
SwapFree:        1048572 kB
Dirty:                60 kB
Writeback:             0 kB
AnonPages:        685368 kB
Mapped:           406960 kB
Shmem:              3164 kB
Slab:              55340 kB
SReclaimable:      19780 kB
SUnreclaim:        35560 kB
KernelStack:       14264 kB
PageTables:        39648 kB
NFS_Unstable:          0 kB
Bounce:                0 kB
WritebackTmp:          0 kB
CommitLimit:     2496364 kB
Committed_AS:   86279864 kB
VmallocTotal:     385024 kB
VmallocUsed:      159236 kB
VmallocChunk:      63556 kB
Time pass: 81 sec

---2015-12-03 09:19:26
MemTotal:        2895588 kB
MemFree:           68828 kB
Buffers:           11976 kB
Cached:          1221364 kB
SwapCached:            0 kB
Active:           708944 kB
Inactive:        1207616 kB
Active(anon):     344804 kB
Inactive(anon):   344392 kB
Active(file):     364140 kB
Inactive(file):   863224 kB
Unevictable:        2764 kB
Mlocked:               0 kB
HighTotal:       2306432 kB
HighFree:          39676 kB
LowTotal:         589156 kB
LowFree:           29152 kB
SwapTotal:       1048572 kB
SwapFree:        1048572 kB
Dirty:                 0 kB
Writeback:             0 kB
AnonPages:        686060 kB
Mapped:           407060 kB
Shmem:              3212 kB
Slab:              55356 kB
SReclaimable:      19780 kB
SUnreclaim:        35576 kB
KernelStack:       14264 kB
PageTables:        39672 kB
NFS_Unstable:          0 kB
Bounce:                0 kB
WritebackTmp:          0 kB
CommitLimit:     2496364 kB
Committed_AS:   86284040 kB
VmallocTotal:     385024 kB
VmallocUsed:      159236 kB
VmallocChunk:      63556 kB
Time pass: 84 sec

---2015-12-03 09:19:26
MemTotal:        2895588 kB
MemFree:           68564 kB
Buffers:           11984 kB
Cached:          1221364 kB
SwapCached:            0 kB
Active:           707504 kB
Inactive:        1207632 kB
Active(anon):     343364 kB
Inactive(anon):   344400 kB
Active(file):     364140 kB
Inactive(file):   863232 kB
Unevictable:        2764 kB
Mlocked:               0 kB
HighTotal:       2306432 kB
HighFree:          39396 kB
LowTotal:         589156 kB
LowFree:           29168 kB
SwapTotal:       1048572 kB
SwapFree:        1048572 kB
Dirty:                28 kB
Writeback:             0 kB
AnonPages:        684920 kB
Mapped:           407060 kB
Shmem:              3212 kB
Slab:              55356 kB
SReclaimable:      19780 kB
SUnreclaim:        35576 kB
KernelStack:       14264 kB
PageTables:        39672 kB
NFS_Unstable:          0 kB
Bounce:                0 kB
WritebackTmp:          0 kB
CommitLimit:     2496364 kB
Committed_AS:   86284184 kB
VmallocTotal:     385024 kB
VmallocUsed:      159236 kB
VmallocChunk:      63556 kB
Time pass: 88 sec

---2015-12-03 09:19:26
MemTotal:        2895588 kB
MemFree:           73192 kB
Buffers:           11940 kB
Cached:          1214992 kB
SwapCached:            0 kB
Active:           708148 kB
Inactive:        1203088 kB
Active(anon):     342808 kB
Inactive(anon):   347472 kB
Active(file):     365340 kB
Inactive(file):   855616 kB
Unevictable:        2764 kB
Mlocked:               0 kB
HighTotal:       2306432 kB
HighFree:          42908 kB
LowTotal:         589156 kB
LowFree:           30284 kB
SwapTotal:       1048572 kB
SwapFree:        1048572 kB
Dirty:                 0 kB
Writeback:             0 kB
AnonPages:        687340 kB
Mapped:           407060 kB
Shmem:              3212 kB
Slab:              55340 kB
SReclaimable:      19780 kB
SUnreclaim:        35560 kB
KernelStack:       14264 kB
PageTables:        39676 kB
NFS_Unstable:          0 kB
Bounce:                0 kB
WritebackTmp:          0 kB
CommitLimit:     2496364 kB
Committed_AS:   86288472 kB
VmallocTotal:     385024 kB
VmallocUsed:      159236 kB
VmallocChunk:      63556 kB
Time pass: 92 sec

---2015-12-03 09:19:26
MemTotal:        2895588 kB
MemFree:           72448 kB
Buffers:           11956 kB
Cached:          1214992 kB
SwapCached:            0 kB
Active:           709528 kB
Inactive:        1203100 kB
Active(anon):     344188 kB
Inactive(anon):   347468 kB
Active(file):     365340 kB
Inactive(file):   855632 kB
Unevictable:        2764 kB
Mlocked:               0 kB
HighTotal:       2306432 kB
HighFree:          42104 kB
LowTotal:         589156 kB
LowFree:           30344 kB
SwapTotal:       1048572 kB
SwapFree:        1048572 kB
Dirty:                40 kB
Writeback:             0 kB
AnonPages:        688464 kB
Mapped:           407060 kB
Shmem:              3212 kB
Slab:              55356 kB
SReclaimable:      19780 kB
SUnreclaim:        35576 kB
KernelStack:       14264 kB
PageTables:        39680 kB
NFS_Unstable:          0 kB
Bounce:                0 kB
WritebackTmp:          0 kB
CommitLimit:     2496364 kB
Committed_AS:   86288544 kB
VmallocTotal:     385024 kB
VmallocUsed:      159236 kB
VmallocChunk:      63556 kB
Time pass: 95 sec

---2015-12-03 09:19:26
MemTotal:        2895588 kB
MemFree:           72028 kB
Buffers:           11964 kB
Cached:          1215032 kB
SwapCached:            0 kB
Active:           709452 kB
Inactive:        1203100 kB
Active(anon):     344112 kB
Inactive(anon):   347468 kB
Active(file):     365340 kB
Inactive(file):   855632 kB
Unevictable:        2764 kB
Mlocked:               0 kB
HighTotal:       2306432 kB
HighFree:          41660 kB
LowTotal:         589156 kB
LowFree:           30368 kB
SwapTotal:       1048572 kB
SwapFree:        1048572 kB
Dirty:                28 kB
Writeback:             0 kB
AnonPages:        688480 kB
Mapped:           407104 kB
Shmem:              3252 kB
Slab:              55356 kB
SReclaimable:      19780 kB
SUnreclaim:        35576 kB
KernelStack:       14256 kB
PageTables:        39680 kB
NFS_Unstable:          0 kB
Bounce:                0 kB
WritebackTmp:          0 kB
CommitLimit:     2496364 kB
Committed_AS:   86288712 kB
VmallocTotal:     385024 kB
VmallocUsed:      159236 kB
VmallocChunk:      63556 kB
Time pass: 99 sec

---2015-12-03 09:19:26
MemTotal:        2895588 kB
MemFree:           71004 kB
Buffers:           11980 kB
Cached:          1215096 kB
SwapCached:            0 kB
Active:           709624 kB
Inactive:        1203136 kB
Active(anon):     344284 kB
Inactive(anon):   347480 kB
Active(file):     365340 kB
Inactive(file):   855656 kB
Unevictable:        2764 kB
Mlocked:               0 kB
HighTotal:       2306432 kB
HighFree:          40172 kB
LowTotal:         589156 kB
LowFree:           30832 kB
SwapTotal:       1048572 kB
SwapFree:        1048572 kB
Dirty:                36 kB
Writeback:             0 kB
AnonPages:        688888 kB
Mapped:           407168 kB
Shmem:              3316 kB
Slab:              55356 kB
SReclaimable:      19780 kB
SUnreclaim:        35576 kB
KernelStack:       14256 kB
PageTables:        39680 kB
NFS_Unstable:          0 kB
Bounce:                0 kB
WritebackTmp:          0 kB
CommitLimit:     2496364 kB
Committed_AS:   86288888 kB
VmallocTotal:     385024 kB
VmallocUsed:      159236 kB
VmallocChunk:      63556 kB
Time pass: 102 sec

---2015-12-03 09:19:26
MemTotal:        2895588 kB
MemFree:           72788 kB
Buffers:           11988 kB
Cached:          1215088 kB
SwapCached:            0 kB
Active:           707896 kB
Inactive:        1203132 kB
Active(anon):     342556 kB
Inactive(anon):   347476 kB
Active(file):     365340 kB
Inactive(file):   855656 kB
Unevictable:        2764 kB
Mlocked:               0 kB
HighTotal:       2306432 kB
HighFree:          41784 kB
LowTotal:         589156 kB
LowFree:           31004 kB
SwapTotal:       1048572 kB
SwapFree:        1048572 kB
Dirty:                 0 kB
Writeback:             0 kB
AnonPages:        686892 kB
Mapped:           407116 kB
Shmem:              3316 kB
Slab:              55352 kB
SReclaimable:      19780 kB
SUnreclaim:        35572 kB
KernelStack:       14248 kB
PageTables:        39660 kB
NFS_Unstable:          0 kB
Bounce:                0 kB
WritebackTmp:          0 kB
CommitLimit:     2496364 kB
Committed_AS:   86288960 kB
VmallocTotal:     385024 kB
VmallocUsed:      159236 kB
VmallocChunk:      63556 kB
Time pass: 106 sec

---2015-12-03 09:19:26
MemTotal:        2895588 kB
MemFree:           69440 kB
Buffers:           11988 kB
Cached:          1215108 kB
SwapCached:            0 kB
Active:           711808 kB
Inactive:        1203152 kB
Active(anon):     346468 kB
Inactive(anon):   347488 kB
Active(file):     365340 kB
Inactive(file):   855664 kB
Unevictable:        2764 kB
Mlocked:               0 kB
HighTotal:       2306432 kB
HighFree:          38488 kB
LowTotal:         589156 kB
LowFree:           30952 kB
SwapTotal:       1048572 kB
SwapFree:        1048572 kB
Dirty:                28 kB
Writeback:             0 kB
AnonPages:        691164 kB
Mapped:           407516 kB
Shmem:              3328 kB
Slab:              55356 kB
SReclaimable:      19780 kB
SUnreclaim:        35576 kB
KernelStack:       14240 kB
PageTables:        39864 kB
NFS_Unstable:          0 kB
Bounce:                0 kB
WritebackTmp:          0 kB
CommitLimit:     2496364 kB
Committed_AS:   88974436 kB
VmallocTotal:     385024 kB
VmallocUsed:      160256 kB
VmallocChunk:      63556 kB
Time pass: 109 sec

---2015-12-03 09:19:26
MemTotal:        2895588 kB
MemFree:          400464 kB
Buffers:           12252 kB
Cached:          1199068 kB
SwapCached:            0 kB
Active:           643124 kB
Inactive:        1173516 kB
Active(anon):     264344 kB
Inactive(anon):   346380 kB
Active(file):     378780 kB
Inactive(file):   827136 kB
Unevictable:        2764 kB
Mlocked:               0 kB
HighTotal:       2306432 kB
HighFree:         296100 kB
LowTotal:         589156 kB
LowFree:          104364 kB
SwapTotal:       1048572 kB
SwapFree:        1048572 kB
Dirty:               164 kB
Writeback:             0 kB
AnonPages:        608364 kB
Mapped:           363928 kB
Shmem:              2500 kB
Slab:              55464 kB
SReclaimable:      19772 kB
SUnreclaim:        35692 kB
KernelStack:       12720 kB
PageTables:        38060 kB
NFS_Unstable:          0 kB
Bounce:                0 kB
WritebackTmp:          0 kB
CommitLimit:     2496364 kB
Committed_AS:   87629068 kB
VmallocTotal:     385024 kB
VmallocUsed:      155380 kB
VmallocChunk:      64580 kB
Time pass: 113 sec

---2015-12-03 09:19:26
MemTotal:        2895588 kB
MemFree:          245780 kB
Buffers:           12360 kB
Cached:          1201840 kB
SwapCached:            0 kB
Active:           665588 kB
Inactive:        1175252 kB
Active(anon):     285908 kB
Inactive(anon):   346156 kB
Active(file):     379680 kB
Inactive(file):   829096 kB
Unevictable:        2764 kB
Mlocked:               0 kB
HighTotal:       2306432 kB
HighFree:         142392 kB
LowTotal:         589156 kB
LowFree:          103388 kB
SwapTotal:       1048572 kB
SwapFree:        1048572 kB
Dirty:                 0 kB
Writeback:           292 kB
AnonPages:        628760 kB
Mapped:           384256 kB
Shmem:              2664 kB
Slab:              55480 kB
SReclaimable:      19784 kB
SUnreclaim:        35696 kB
KernelStack:       13304 kB
PageTables:        38460 kB
NFS_Unstable:          0 kB
Bounce:                0 kB
WritebackTmp:          0 kB
CommitLimit:     2496364 kB
Committed_AS:   84990236 kB
VmallocTotal:     385024 kB
VmallocUsed:      155024 kB
VmallocChunk:      64580 kB
Time pass: 116 sec

---2015-12-03 09:19:26
MemTotal:        2895588 kB
MemFree:          199360 kB
Buffers:           12360 kB
Cached:          1204636 kB
SwapCached:            0 kB
Active:           678236 kB
Inactive:        1174076 kB
Active(anon):     294504 kB
Inactive(anon):   345868 kB
Active(file):     383732 kB
Inactive(file):   828208 kB
Unevictable:        2764 kB
Mlocked:               0 kB
HighTotal:       2306432 kB
HighFree:          95792 kB
LowTotal:         589156 kB
LowFree:          103568 kB
SwapTotal:       1048572 kB
SwapFree:        1048572 kB
Dirty:              2332 kB
Writeback:             0 kB
AnonPages:        638188 kB
Mapped:           386336 kB
Shmem:              2668 kB
Slab:              55496 kB
SReclaimable:      19788 kB
SUnreclaim:        35708 kB
KernelStack:       13408 kB
PageTables:        38716 kB
NFS_Unstable:          0 kB
Bounce:                0 kB
WritebackTmp:          0 kB
CommitLimit:     2496364 kB
Committed_AS:   84996932 kB
VmallocTotal:     385024 kB
VmallocUsed:      155504 kB
VmallocChunk:      64580 kB
Time pass: 120 sec

---2015-12-03 09:19:26
MemTotal:        2895588 kB
MemFree:          177380 kB
Buffers:           12368 kB
Cached:          1204928 kB
SwapCached:            0 kB
Active:           678044 kB
Inactive:        1173948 kB
Active(anon):     294280 kB
Inactive(anon):   345848 kB
Active(file):     383764 kB
Inactive(file):   828100 kB
Unevictable:        2764 kB
Mlocked:               0 kB
HighTotal:       2306432 kB
HighFree:          73532 kB
LowTotal:         589156 kB
LowFree:          103848 kB
SwapTotal:       1048572 kB
SwapFree:        1048572 kB
Dirty:              2268 kB
Writeback:             0 kB
AnonPages:        637508 kB
Mapped:           386612 kB
Shmem:              2668 kB
Slab:              55556 kB
SReclaimable:      19804 kB
SUnreclaim:        35752 kB
KernelStack:       13416 kB
PageTables:        38568 kB
NFS_Unstable:          0 kB
Bounce:                0 kB
WritebackTmp:          0 kB
CommitLimit:     2496364 kB
Committed_AS:   84997188 kB
VmallocTotal:     385024 kB
VmallocUsed:      155500 kB
VmallocChunk:      64580 kB
Time pass: 124 sec

---2015-12-03 09:19:26
MemTotal:        2895588 kB
MemFree:          174660 kB
Buffers:           12376 kB
Cached:          1205088 kB
SwapCached:            0 kB
Active:           681056 kB
Inactive:        1173884 kB
Active(anon):     297068 kB
Inactive(anon):   345840 kB
Active(file):     383988 kB
Inactive(file):   828044 kB
Unevictable:        2764 kB
Mlocked:               0 kB
HighTotal:       2306432 kB
HighFree:          70704 kB
LowTotal:         589156 kB
LowFree:          103956 kB
SwapTotal:       1048572 kB
SwapFree:        1048572 kB
Dirty:               172 kB
Writeback:             0 kB
AnonPages:        640392 kB
Mapped:           386836 kB
Shmem:              2668 kB
Slab:              55544 kB
SReclaimable:      19776 kB
SUnreclaim:        35768 kB
KernelStack:       13416 kB
PageTables:        38600 kB
NFS_Unstable:          0 kB
Bounce:                0 kB
WritebackTmp:          0 kB
CommitLimit:     2496364 kB
Committed_AS:   84997624 kB
VmallocTotal:     385024 kB
VmallocUsed:      155652 kB
VmallocChunk:      64580 kB
Time pass: 127 sec

---2015-12-03 09:19:26
MemTotal:        2895588 kB
MemFree:          174148 kB
Buffers:           12384 kB
Cached:          1205088 kB
SwapCached:            0 kB
Active:           681128 kB
Inactive:        1173884 kB
Active(anon):     297144 kB
Inactive(anon):   345836 kB
Active(file):     383984 kB
Inactive(file):   828048 kB
Unevictable:        2764 kB
Mlocked:               0 kB
HighTotal:       2306432 kB
HighFree:          70280 kB
LowTotal:         589156 kB
LowFree:          103868 kB
SwapTotal:       1048572 kB
SwapFree:        1048572 kB
Dirty:               244 kB
Writeback:             0 kB
AnonPages:        640520 kB
Mapped:           386888 kB
Shmem:              2668 kB
Slab:              55528 kB
SReclaimable:      19776 kB
SUnreclaim:        35752 kB
KernelStack:       13408 kB
PageTables:        38604 kB
NFS_Unstable:          0 kB
Bounce:                0 kB
WritebackTmp:          0 kB
CommitLimit:     2496364 kB
Committed_AS:   84998172 kB
VmallocTotal:     385024 kB
VmallocUsed:      155652 kB
VmallocChunk:      64580 kB
Time pass: 131 sec

---2015-12-03 09:19:26
MemTotal:        2895588 kB
MemFree:          136564 kB
Buffers:           12384 kB
Cached:          1205104 kB
SwapCached:            0 kB
Active:           685304 kB
Inactive:        1173852 kB
Active(anon):     301296 kB
Inactive(anon):   345804 kB
Active(file):     384008 kB
Inactive(file):   828048 kB
Unevictable:        2764 kB
Mlocked:               0 kB
HighTotal:       2306432 kB
HighFree:          43544 kB
LowTotal:         589156 kB
LowFree:           93020 kB
SwapTotal:       1048572 kB
SwapFree:        1048572 kB
Dirty:               596 kB
Writeback:             0 kB
AnonPages:        644660 kB
Mapped:           387180 kB
Shmem:              2668 kB
Slab:              55512 kB
SReclaimable:      19776 kB
SUnreclaim:        35736 kB
KernelStack:       13408 kB
PageTables:        38576 kB
NFS_Unstable:          0 kB
Bounce:                0 kB
WritebackTmp:          0 kB
CommitLimit:     2496364 kB
Committed_AS:   84993740 kB
VmallocTotal:     385024 kB
VmallocUsed:      156696 kB
VmallocChunk:      64580 kB
Time pass: 134 sec

---2015-12-03 09:19:26
MemTotal:        2895588 kB
MemFree:          135836 kB
Buffers:           12392 kB
Cached:          1205104 kB
SwapCached:            0 kB
Active:           685024 kB
Inactive:        1173788 kB
Active(anon):     301016 kB
Inactive(anon):   345732 kB
Active(file):     384008 kB
Inactive(file):   828056 kB
Unevictable:        2764 kB
Mlocked:               0 kB
HighTotal:       2306432 kB
HighFree:          42912 kB
LowTotal:         589156 kB
LowFree:           92924 kB
SwapTotal:       1048572 kB
SwapFree:        1048572 kB
Dirty:                 0 kB
Writeback:             0 kB
AnonPages:        644436 kB
Mapped:           387180 kB
Shmem:              2668 kB
Slab:              55508 kB
SReclaimable:      19776 kB
SUnreclaim:        35732 kB
KernelStack:       13408 kB
PageTables:        38568 kB
NFS_Unstable:          0 kB
Bounce:                0 kB
WritebackTmp:          0 kB
CommitLimit:     2496364 kB
Committed_AS:   84992620 kB
VmallocTotal:     385024 kB
VmallocUsed:      156696 kB
VmallocChunk:      64580 kB
Time pass: 138 sec

---2015-12-03 09:19:26
MemTotal:        2895588 kB
MemFree:          135688 kB
Buffers:           12400 kB
Cached:          1205104 kB
SwapCached:            0 kB
Active:           684896 kB
Inactive:        1173716 kB
Active(anon):     300888 kB
Inactive(anon):   345652 kB
Active(file):     384008 kB
Inactive(file):   828064 kB
Unevictable:        2764 kB
Mlocked:               0 kB
HighTotal:       2306432 kB
HighFree:          43000 kB
LowTotal:         589156 kB
LowFree:           92688 kB
SwapTotal:       1048572 kB
SwapFree:        1048572 kB
Dirty:                32 kB
Writeback:             0 kB
AnonPages:        643916 kB
Mapped:           387240 kB
Shmem:              2668 kB
Slab:              55520 kB
SReclaimable:      19776 kB
SUnreclaim:        35744 kB
KernelStack:       13424 kB
PageTables:        38604 kB
NFS_Unstable:          0 kB
Bounce:                0 kB
WritebackTmp:          0 kB
CommitLimit:     2496364 kB
Committed_AS:   84992740 kB
VmallocTotal:     385024 kB
VmallocUsed:      156696 kB
VmallocChunk:      64580 kB
Time pass: 141 sec

---2015-12-03 09:19:26
MemTotal:        2895588 kB
MemFree:          125336 kB
Buffers:           12416 kB
Cached:          1205492 kB
SwapCached:            0 kB
Active:           696448 kB
Inactive:        1174004 kB
Active(anon):     312456 kB
Inactive(anon):   345700 kB
Active(file):     383992 kB
Inactive(file):   828304 kB
Unevictable:        2764 kB
Mlocked:               0 kB
HighTotal:       2306432 kB
HighFree:          37772 kB
LowTotal:         589156 kB
LowFree:           87564 kB
SwapTotal:       1048572 kB
SwapFree:        1048572 kB
Dirty:               132 kB
Writeback:             0 kB
AnonPages:        655460 kB
Mapped:           390368 kB
Shmem:              2848 kB
Slab:              55528 kB
SReclaimable:      19772 kB
SUnreclaim:        35756 kB
KernelStack:       13648 kB
PageTables:        38748 kB
NFS_Unstable:          0 kB
Bounce:                0 kB
WritebackTmp:          0 kB
CommitLimit:     2496364 kB
Committed_AS:   85013860 kB
VmallocTotal:     385024 kB
VmallocUsed:      158908 kB
VmallocChunk:      64580 kB
Time pass: 145 sec

---2015-12-03 09:19:26
MemTotal:        2895588 kB
MemFree:          118504 kB
Buffers:           12464 kB
Cached:          1205664 kB
SwapCached:            0 kB
Active:           703216 kB
Inactive:        1174100 kB
Active(anon):     319220 kB
Inactive(anon):   345768 kB
Active(file):     383996 kB
Inactive(file):   828332 kB
Unevictable:        2764 kB
Mlocked:               0 kB
HighTotal:       2306432 kB
HighFree:          38840 kB
LowTotal:         589156 kB
LowFree:           79664 kB
SwapTotal:       1048572 kB
SwapFree:        1048572 kB
Dirty:                64 kB
Writeback:             0 kB
AnonPages:        662200 kB
Mapped:           390968 kB
Shmem:              3036 kB
Slab:              55524 kB
SReclaimable:      19772 kB
SUnreclaim:        35752 kB
KernelStack:       13648 kB
PageTables:        38792 kB
NFS_Unstable:          0 kB
Bounce:                0 kB
WritebackTmp:          0 kB
CommitLimit:     2496364 kB
Committed_AS:   85022236 kB
VmallocTotal:     385024 kB
VmallocUsed:      158908 kB
VmallocChunk:      64580 kB
Time pass: 149 sec

---2015-12-03 09:19:26
MemTotal:        2895588 kB
MemFree:          113648 kB
Buffers:           12496 kB
Cached:          1205892 kB
SwapCached:            0 kB
Active:           707628 kB
Inactive:        1174296 kB
Active(anon):     323628 kB
Inactive(anon):   345716 kB
Active(file):     384000 kB
Inactive(file):   828580 kB
Unevictable:        2764 kB
Mlocked:               0 kB
HighTotal:       2306432 kB
HighFree:          38516 kB
LowTotal:         589156 kB
LowFree:           75132 kB
SwapTotal:       1048572 kB
SwapFree:        1048572 kB
Dirty:                40 kB
Writeback:             0 kB
AnonPages:        666524 kB
Mapped:           391012 kB
Shmem:              3036 kB
Slab:              55532 kB
SReclaimable:      19772 kB
SUnreclaim:        35760 kB
KernelStack:       13712 kB
PageTables:        39212 kB
NFS_Unstable:          0 kB
Bounce:                0 kB
WritebackTmp:          0 kB
CommitLimit:     2496364 kB
Committed_AS:   86270628 kB
VmallocTotal:     385024 kB
VmallocUsed:      159928 kB
VmallocChunk:      64580 kB
Time pass: 153 sec

---2015-12-03 09:19:26
MemTotal:        2895588 kB
MemFree:          111708 kB
Buffers:           12496 kB
Cached:          1205900 kB
SwapCached:            0 kB
Active:           708184 kB
Inactive:        1174312 kB
Active(anon):     324184 kB
Inactive(anon):   345724 kB
Active(file):     384000 kB
Inactive(file):   828588 kB
Unevictable:        2764 kB
Mlocked:               0 kB
HighTotal:       2306432 kB
HighFree:          38020 kB
LowTotal:         589156 kB
LowFree:           73688 kB
SwapTotal:       1048572 kB
SwapFree:        1048572 kB
Dirty:                 0 kB
Writeback:             0 kB
AnonPages:        666840 kB
Mapped:           391072 kB
Shmem:              3044 kB
Slab:              55516 kB
SReclaimable:      19772 kB
SUnreclaim:        35744 kB
KernelStack:       13704 kB
PageTables:        39248 kB
NFS_Unstable:          0 kB
Bounce:                0 kB
WritebackTmp:          0 kB
CommitLimit:     2496364 kB
Committed_AS:   86271020 kB
VmallocTotal:     385024 kB
VmallocUsed:      159928 kB
VmallocChunk:      64580 kB
Time pass: 157 sec

---2015-12-03 09:19:26
MemTotal:        2895588 kB
MemFree:          111564 kB
Buffers:           12520 kB
Cached:          1205912 kB
SwapCached:            0 kB
Active:           708364 kB
Inactive:        1174336 kB
Active(anon):     324364 kB
Inactive(anon):   345724 kB
Active(file):     384000 kB
Inactive(file):   828612 kB
Unevictable:        2764 kB
Mlocked:               0 kB
HighTotal:       2306432 kB
HighFree:          38020 kB
LowTotal:         589156 kB
LowFree:           73544 kB
SwapTotal:       1048572 kB
SwapFree:        1048572 kB
Dirty:                40 kB
Writeback:             0 kB
AnonPages:        667096 kB
Mapped:           391032 kB
Shmem:              3056 kB
Slab:              55512 kB
SReclaimable:      19772 kB
SUnreclaim:        35740 kB
KernelStack:       13704 kB
PageTables:        39228 kB
NFS_Unstable:          0 kB
Bounce:                0 kB
WritebackTmp:          0 kB
CommitLimit:     2496364 kB
Committed_AS:   86271084 kB
VmallocTotal:     385024 kB
VmallocUsed:      159928 kB
VmallocChunk:      64580 kB
Time pass: 161 sec

---2015-12-03 09:19:26
MemTotal:        2895588 kB
MemFree:          111024 kB
Buffers:           12528 kB
Cached:          1205912 kB
SwapCached:            0 kB
Active:           708876 kB
Inactive:        1174344 kB
Active(anon):     324876 kB
Inactive(anon):   345732 kB
Active(file):     384000 kB
Inactive(file):   828612 kB
Unevictable:        2764 kB
Mlocked:               0 kB
HighTotal:       2306432 kB
HighFree:          38020 kB
LowTotal:         589156 kB
LowFree:           73004 kB
SwapTotal:       1048572 kB
SwapFree:        1048572 kB
Dirty:                 0 kB
Writeback:             0 kB
AnonPages:        667428 kB
Mapped:           391084 kB
Shmem:              3056 kB
Slab:              55512 kB
SReclaimable:      19772 kB
SUnreclaim:        35740 kB
KernelStack:       13704 kB
PageTables:        39252 kB
NFS_Unstable:          0 kB
Bounce:                0 kB
WritebackTmp:          0 kB
CommitLimit:     2496364 kB
Committed_AS:   86275292 kB
VmallocTotal:     385024 kB
VmallocUsed:      159928 kB
VmallocChunk:      64580 kB
Time pass: 164 sec

---2015-12-03 09:19:26
MemTotal:        2895588 kB
MemFree:          110852 kB
Buffers:           12544 kB
Cached:          1205912 kB
SwapCached:            0 kB
Active:           709576 kB
Inactive:        1174360 kB
Active(anon):     325576 kB
Inactive(anon):   345732 kB
Active(file):     384000 kB
Inactive(file):   828628 kB
Unevictable:        2764 kB
Mlocked:               0 kB
HighTotal:       2306432 kB
HighFree:          38268 kB
LowTotal:         589156 kB
LowFree:           72584 kB
SwapTotal:       1048572 kB
SwapFree:        1048572 kB
Dirty:                48 kB
Writeback:             0 kB
AnonPages:        668228 kB
Mapped:           391180 kB
Shmem:              3056 kB
Slab:              55512 kB
SReclaimable:      19772 kB
SUnreclaim:        35740 kB
KernelStack:       13696 kB
PageTables:        39284 kB
NFS_Unstable:          0 kB
Bounce:                0 kB
WritebackTmp:          0 kB
CommitLimit:     2496364 kB
Committed_AS:   86275560 kB
VmallocTotal:     385024 kB
VmallocUsed:      159928 kB
VmallocChunk:      64580 kB
Time pass: 168 sec

---2015-12-03 09:19:26
MemTotal:        2895588 kB
MemFree:          110324 kB
Buffers:           12544 kB
Cached:          1206472 kB
SwapCached:            0 kB
Active:           709252 kB
Inactive:        1174928 kB
Active(anon):     325252 kB
Inactive(anon):   346248 kB
Active(file):     384000 kB
Inactive(file):   828680 kB
Unevictable:        2764 kB
Mlocked:               0 kB
HighTotal:       2306432 kB
HighFree:          38144 kB
LowTotal:         589156 kB
LowFree:           72180 kB
SwapTotal:       1048572 kB
SwapFree:        1048572 kB
Dirty:                 0 kB
Writeback:             0 kB
AnonPages:        667976 kB
Mapped:           391652 kB
Shmem:              3572 kB
Slab:              55512 kB
SReclaimable:      19772 kB
SUnreclaim:        35740 kB
KernelStack:       13696 kB
PageTables:        39264 kB
NFS_Unstable:          0 kB
Bounce:                0 kB
WritebackTmp:          0 kB
CommitLimit:     2496364 kB
Committed_AS:   86276236 kB
VmallocTotal:     385024 kB
VmallocUsed:      159928 kB
VmallocChunk:      64580 kB
Time pass: 171 sec

---2015-12-03 09:19:26
MemTotal:        2895588 kB
MemFree:          109528 kB
Buffers:           12568 kB
Cached:          1206456 kB
SwapCached:            0 kB
Active:           710348 kB
Inactive:        1174936 kB
Active(anon):     326348 kB
Inactive(anon):   346248 kB
Active(file):     384000 kB
Inactive(file):   828688 kB
Unevictable:        2764 kB
Mlocked:               0 kB
HighTotal:       2306432 kB
HighFree:          38876 kB
LowTotal:         589156 kB
LowFree:           70652 kB
SwapTotal:       1048572 kB
SwapFree:        1048572 kB
Dirty:                28 kB
Writeback:             0 kB
AnonPages:        668860 kB
Mapped:           391724 kB
Shmem:              3572 kB
Slab:              55512 kB
SReclaimable:      19772 kB
SUnreclaim:        35740 kB
KernelStack:       13680 kB
PageTables:        39288 kB
NFS_Unstable:          0 kB
Bounce:                0 kB
WritebackTmp:          0 kB
CommitLimit:     2496364 kB
Committed_AS:   86276324 kB
VmallocTotal:     385024 kB
VmallocUsed:      159928 kB
VmallocChunk:      64580 kB
Time pass: 175 sec

---2015-12-03 09:19:26
MemTotal:        2895588 kB
MemFree:          106628 kB
Buffers:           12568 kB
Cached:          1206564 kB
SwapCached:            0 kB
Active:           712112 kB
Inactive:        1174996 kB
Active(anon):     328112 kB
Inactive(anon):   346248 kB
Active(file):     384000 kB
Inactive(file):   828748 kB
Unevictable:        2764 kB
Mlocked:               0 kB
HighTotal:       2306432 kB
HighFree:          38020 kB
LowTotal:         589156 kB
LowFree:           68608 kB
SwapTotal:       1048572 kB
SwapFree:        1048572 kB
Dirty:                 0 kB
Writeback:             0 kB
AnonPages:        671124 kB
Mapped:           391684 kB
Shmem:              3572 kB
Slab:              55512 kB
SReclaimable:      19772 kB
SUnreclaim:        35740 kB
KernelStack:       13664 kB
PageTables:        39260 kB
NFS_Unstable:          0 kB
Bounce:                0 kB
WritebackTmp:          0 kB
CommitLimit:     2496364 kB
Committed_AS:   86276436 kB
VmallocTotal:     385024 kB
VmallocUsed:      159928 kB
VmallocChunk:      64580 kB
Time pass: 179 sec

---2015-12-03 09:19:26
MemTotal:        2895588 kB
MemFree:          107636 kB
Buffers:           12576 kB
Cached:          1206764 kB
SwapCached:            0 kB
Active:           710420 kB
Inactive:        1175252 kB
Active(anon):     326420 kB
Inactive(anon):   346448 kB
Active(file):     384000 kB
Inactive(file):   828804 kB
Unevictable:        2764 kB
Mlocked:               0 kB
HighTotal:       2306432 kB
HighFree:          38020 kB
LowTotal:         589156 kB
LowFree:           69616 kB
SwapTotal:       1048572 kB
SwapFree:        1048572 kB
Dirty:                36 kB
Writeback:             0 kB
AnonPages:        669140 kB
Mapped:           391884 kB
Shmem:              3772 kB
Slab:              55544 kB
SReclaimable:      19772 kB
SUnreclaim:        35772 kB
KernelStack:       13664 kB
PageTables:        39260 kB
NFS_Unstable:          0 kB
Bounce:                0 kB
WritebackTmp:          0 kB
CommitLimit:     2496364 kB
Committed_AS:   86276628 kB
VmallocTotal:     385024 kB
VmallocUsed:      159928 kB
VmallocChunk:      64580 kB
Time pass: 182 sec

---2015-12-03 09:19:26
MemTotal:        2895588 kB
MemFree:          106532 kB
Buffers:           12592 kB
Cached:          1206764 kB
SwapCached:            0 kB
Active:           711772 kB
Inactive:        1175268 kB
Active(anon):     327772 kB
Inactive(anon):   346448 kB
Active(file):     384000 kB
Inactive(file):   828820 kB
Unevictable:        2764 kB
Mlocked:               0 kB
HighTotal:       2306432 kB
HighFree:          38392 kB
LowTotal:         589156 kB
LowFree:           68140 kB
SwapTotal:       1048572 kB
SwapFree:        1048572 kB
Dirty:                44 kB
Writeback:             0 kB
AnonPages:        670584 kB
Mapped:           391940 kB
Shmem:              3772 kB
Slab:              55544 kB
SReclaimable:      19772 kB
SUnreclaim:        35772 kB
KernelStack:       13664 kB
PageTables:        39284 kB
NFS_Unstable:          0 kB
Bounce:                0 kB
WritebackTmp:          0 kB
CommitLimit:     2496364 kB
Committed_AS:   86280796 kB
VmallocTotal:     385024 kB
VmallocUsed:      159928 kB
VmallocChunk:      64580 kB
Time pass: 186 sec

---2015-12-03 09:19:26
MemTotal:        2895588 kB
MemFree:          106552 kB
Buffers:           12608 kB
Cached:          1206820 kB
SwapCached:            0 kB
Active:           712680 kB
Inactive:        1174996 kB
Active(anon):     328680 kB
Inactive(anon):   346160 kB
Active(file):     384000 kB
Inactive(file):   828836 kB
Unevictable:        2764 kB
Mlocked:               0 kB
HighTotal:       2306432 kB
HighFree:          38216 kB
LowTotal:         589156 kB
LowFree:           68336 kB
SwapTotal:       1048572 kB
SwapFree:        1048572 kB
Dirty:                 0 kB
Writeback:             0 kB
AnonPages:        670748 kB
Mapped:           392048 kB
Shmem:              3828 kB
Slab:              55548 kB
SReclaimable:      19772 kB
SUnreclaim:        35776 kB
KernelStack:       13568 kB
PageTables:        39292 kB
NFS_Unstable:          0 kB
Bounce:                0 kB
WritebackTmp:          0 kB
CommitLimit:     2496364 kB
Committed_AS:   86280820 kB
VmallocTotal:     385024 kB
VmallocUsed:      159928 kB
VmallocChunk:      64580 kB
Time pass: 190 sec

---2015-12-03 09:19:26
MemTotal:        2895588 kB
MemFree:          106472 kB
Buffers:           12616 kB
Cached:          1206848 kB
SwapCached:            0 kB
Active:           712268 kB
Inactive:        1175008 kB
Active(anon):     328268 kB
Inactive(anon):   346144 kB
Active(file):     384000 kB
Inactive(file):   828864 kB
Unevictable:        2764 kB
Mlocked:               0 kB
HighTotal:       2306432 kB
HighFree:          38020 kB
LowTotal:         589156 kB
LowFree:           68452 kB
SwapTotal:       1048572 kB
SwapFree:        1048572 kB
Dirty:                28 kB
Writeback:             0 kB
AnonPages:        670580 kB
Mapped:           391948 kB
Shmem:              3828 kB
Slab:              55560 kB
SReclaimable:      19772 kB
SUnreclaim:        35788 kB
KernelStack:       13568 kB
PageTables:        39256 kB
NFS_Unstable:          0 kB
Bounce:                0 kB
WritebackTmp:          0 kB
CommitLimit:     2496364 kB
Committed_AS:   86280876 kB
VmallocTotal:     385024 kB
VmallocUsed:      159928 kB
VmallocChunk:      64580 kB
Time pass: 193 sec

---2015-12-03 09:19:26
MemTotal:        2895588 kB
MemFree:          105260 kB
Buffers:           12632 kB
Cached:          1207488 kB
SwapCached:            0 kB
Active:           712432 kB
Inactive:        1175584 kB
Active(anon):     328432 kB
Inactive(anon):   346168 kB
Active(file):     384000 kB
Inactive(file):   829416 kB
Unevictable:        2764 kB
Mlocked:               0 kB
HighTotal:       2306432 kB
HighFree:          38020 kB
LowTotal:         589156 kB
LowFree:           67240 kB
SwapTotal:       1048572 kB
SwapFree:        1048572 kB
Dirty:                40 kB
Writeback:             0 kB
AnonPages:        670700 kB
Mapped:           392000 kB
Shmem:              3880 kB
Slab:              55560 kB
SReclaimable:      19772 kB
SUnreclaim:        35788 kB
KernelStack:       13560 kB
PageTables:        39256 kB
NFS_Unstable:          0 kB
Bounce:                0 kB
WritebackTmp:          0 kB
CommitLimit:     2496364 kB
Committed_AS:   86280940 kB
VmallocTotal:     385024 kB
VmallocUsed:      159928 kB
VmallocChunk:      64580 kB
Time pass: 197 sec

---2015-12-03 09:19:26
MemTotal:        2895588 kB
MemFree:          107232 kB
Buffers:           12648 kB
Cached:          1207856 kB
SwapCached:            0 kB
Active:           712460 kB
Inactive:        1174628 kB
Active(anon):     327084 kB
Inactive(anon):   346372 kB
Active(file):     385376 kB
Inactive(file):   828256 kB
Unevictable:        2764 kB
Mlocked:               0 kB
HighTotal:       2306432 kB
HighFree:          38464 kB
LowTotal:         589156 kB
LowFree:           68768 kB
SwapTotal:       1048572 kB
SwapFree:        1048572 kB
Dirty:                64 kB
Writeback:             0 kB
AnonPages:        669688 kB
Mapped:           392160 kB
Shmem:              4108 kB
Slab:              55560 kB
SReclaimable:      19772 kB
SUnreclaim:        35788 kB
KernelStack:       13544 kB
PageTables:        39064 kB
NFS_Unstable:          0 kB
Bounce:                0 kB
WritebackTmp:          0 kB
CommitLimit:     2496364 kB
Committed_AS:   86281752 kB
VmallocTotal:     385024 kB
VmallocUsed:      159928 kB
VmallocChunk:      64580 kB
Time pass: 200 sec

---2015-12-03 09:19:26
MemTotal:        2895588 kB
MemFree:          107876 kB
Buffers:           12664 kB
Cached:          1207916 kB
SwapCached:            0 kB
Active:           711832 kB
Inactive:        1174672 kB
Active(anon):     326452 kB
Inactive(anon):   346360 kB
Active(file):     385380 kB
Inactive(file):   828312 kB
Unevictable:        2764 kB
Mlocked:               0 kB
HighTotal:       2306432 kB
HighFree:          38960 kB
LowTotal:         589156 kB
LowFree:           68916 kB
SwapTotal:       1048572 kB
SwapFree:        1048572 kB
Dirty:                64 kB
Writeback:             0 kB
AnonPages:        668580 kB
Mapped:           392156 kB
Shmem:              4108 kB
Slab:              55560 kB
SReclaimable:      19772 kB
SUnreclaim:        35788 kB
KernelStack:       13552 kB
PageTables:        39116 kB
NFS_Unstable:          0 kB
Bounce:                0 kB
WritebackTmp:          0 kB
CommitLimit:     2496364 kB
Committed_AS:   86281416 kB
VmallocTotal:     385024 kB
VmallocUsed:      159928 kB
VmallocChunk:      64580 kB
Time pass: 204 sec

---2015-12-03 09:19:26
MemTotal:        2895588 kB
MemFree:          106332 kB
Buffers:           12680 kB
Cached:          1208056 kB
SwapCached:            0 kB
Active:           712256 kB
Inactive:        1174836 kB
Active(anon):     326876 kB
Inactive(anon):   346500 kB
Active(file):     385380 kB
Inactive(file):   828336 kB
Unevictable:        2764 kB
Mlocked:               0 kB
HighTotal:       2306432 kB
HighFree:          38164 kB
LowTotal:         589156 kB
LowFree:           68168 kB
SwapTotal:       1048572 kB
SwapFree:        1048572 kB
Dirty:                64 kB
Writeback:             0 kB
AnonPages:        669128 kB
Mapped:           392348 kB
Shmem:              4248 kB
Slab:              55560 kB
SReclaimable:      19772 kB
SUnreclaim:        35788 kB
KernelStack:       13552 kB
PageTables:        39136 kB
NFS_Unstable:          0 kB
Bounce:                0 kB
WritebackTmp:          0 kB
CommitLimit:     2496364 kB
Committed_AS:   86281600 kB
VmallocTotal:     385024 kB
VmallocUsed:      159928 kB
VmallocChunk:      64580 kB
Time pass: 208 sec

---2015-12-03 09:19:26
MemTotal:        2895588 kB
MemFree:          105372 kB
Buffers:           12680 kB
Cached:          1208056 kB
SwapCached:            0 kB
Active:           713268 kB
Inactive:        1174844 kB
Active(anon):     327888 kB
Inactive(anon):   346500 kB
Active(file):     385380 kB
Inactive(file):   828344 kB
Unevictable:        2764 kB
Mlocked:               0 kB
HighTotal:       2306432 kB
HighFree:          38164 kB
LowTotal:         589156 kB
LowFree:           67208 kB
SwapTotal:       1048572 kB
SwapFree:        1048572 kB
Dirty:                 0 kB
Writeback:             0 kB
AnonPages:        670052 kB
Mapped:           392400 kB
Shmem:              4248 kB
Slab:              55560 kB
SReclaimable:      19772 kB
SUnreclaim:        35788 kB
KernelStack:       13552 kB
PageTables:        39156 kB
NFS_Unstable:          0 kB
Bounce:                0 kB
WritebackTmp:          0 kB
CommitLimit:     2496364 kB
Committed_AS:   86281792 kB
VmallocTotal:     385024 kB
VmallocUsed:      159928 kB
VmallocChunk:      64580 kB
Time pass: 211 sec

---2015-12-03 09:19:26
MemTotal:        2895588 kB
MemFree:          107008 kB
Buffers:           12704 kB
Cached:          1208040 kB
SwapCached:            0 kB
Active:           712972 kB
Inactive:        1174844 kB
Active(anon):     327592 kB
Inactive(anon):   346500 kB
Active(file):     385380 kB
Inactive(file):   828344 kB
Unevictable:        2764 kB
Mlocked:               0 kB
HighTotal:       2306432 kB
HighFree:          38020 kB
LowTotal:         589156 kB
LowFree:           68988 kB
SwapTotal:       1048572 kB
SwapFree:        1048572 kB
Dirty:                28 kB
Writeback:             0 kB
AnonPages:        669708 kB
Mapped:           392244 kB
Shmem:              4248 kB
Slab:              55568 kB
SReclaimable:      19772 kB
SUnreclaim:        35796 kB
KernelStack:       13520 kB
PageTables:        39092 kB
NFS_Unstable:          0 kB
Bounce:                0 kB
WritebackTmp:          0 kB
CommitLimit:     2496364 kB
Committed_AS:   86281880 kB
VmallocTotal:     385024 kB
VmallocUsed:      159928 kB
VmallocChunk:      64580 kB
Time pass: 215 sec

---2015-12-03 09:19:26
MemTotal:        2895588 kB
MemFree:          105196 kB
Buffers:           12704 kB
Cached:          1208152 kB
SwapCached:            0 kB
Active:           714248 kB
Inactive:        1174964 kB
Active(anon):     328868 kB
Inactive(anon):   346596 kB
Active(file):     385380 kB
Inactive(file):   828368 kB
Unevictable:        2764 kB
Mlocked:               0 kB
HighTotal:       2306432 kB
HighFree:          38144 kB
LowTotal:         589156 kB
LowFree:           67052 kB
SwapTotal:       1048572 kB
SwapFree:        1048572 kB
Dirty:                 0 kB
Writeback:             0 kB
AnonPages:        671248 kB
Mapped:           392392 kB
Shmem:              4344 kB
Slab:              55560 kB
SReclaimable:      19772 kB
SUnreclaim:        35788 kB
KernelStack:       13520 kB
PageTables:        39112 kB
NFS_Unstable:          0 kB
Bounce:                0 kB
WritebackTmp:          0 kB
CommitLimit:     2496364 kB
Committed_AS:   86282000 kB
VmallocTotal:     385024 kB
VmallocUsed:      159928 kB
VmallocChunk:      64580 kB
Time pass: 219 sec

---2015-12-03 09:19:26
MemTotal:        2895588 kB
MemFree:          104348 kB
Buffers:           12728 kB
Cached:          1208136 kB
SwapCached:            0 kB
Active:           714280 kB
Inactive:        1174964 kB
Active(anon):     328900 kB
Inactive(anon):   346596 kB
Active(file):     385380 kB
Inactive(file):   828368 kB
Unevictable:        2764 kB
Mlocked:               0 kB
HighTotal:       2306432 kB
HighFree:          38216 kB
LowTotal:         589156 kB
LowFree:           66132 kB
SwapTotal:       1048572 kB
SwapFree:        1048572 kB
Dirty:                28 kB
Writeback:             0 kB
AnonPages:        671284 kB
Mapped:           392444 kB
Shmem:              4344 kB
Slab:              55560 kB
SReclaimable:      19772 kB
SUnreclaim:        35788 kB
KernelStack:       13520 kB
PageTables:        39136 kB
NFS_Unstable:          0 kB
Bounce:                0 kB
WritebackTmp:          0 kB
CommitLimit:     2496364 kB
Committed_AS:   86282240 kB
VmallocTotal:     385024 kB
VmallocUsed:      159928 kB
VmallocChunk:      64580 kB
Time pass: 223 sec

---2015-12-03 09:19:26
MemTotal:        2895588 kB
MemFree:          103708 kB
Buffers:           12728 kB
Cached:          1208152 kB
SwapCached:            0 kB
Active:           714960 kB
Inactive:        1174988 kB
Active(anon):     329580 kB
Inactive(anon):   346596 kB
Active(file):     385380 kB
Inactive(file):   828392 kB
Unevictable:        2764 kB
Mlocked:               0 kB
HighTotal:       2306432 kB
HighFree:          38092 kB
LowTotal:         589156 kB
LowFree:           65616 kB
SwapTotal:       1048572 kB
SwapFree:        1048572 kB
Dirty:                 0 kB
Writeback:             0 kB
AnonPages:        671908 kB
Mapped:           392392 kB
Shmem:              4344 kB
Slab:              55560 kB
SReclaimable:      19772 kB
SUnreclaim:        35788 kB
KernelStack:       13520 kB
PageTables:        39116 kB
NFS_Unstable:          0 kB
Bounce:                0 kB
WritebackTmp:          0 kB
CommitLimit:     2496364 kB
Committed_AS:   86282304 kB
VmallocTotal:     385024 kB
VmallocUsed:      159928 kB
VmallocChunk:      64580 kB
Time pass: 227 sec

---2015-12-03 09:19:26
MemTotal:        2895588 kB
MemFree:          103632 kB
Buffers:           12744 kB
Cached:          1208152 kB
SwapCached:            0 kB
Active:           715192 kB
Inactive:        1175004 kB
Active(anon):     329812 kB
Inactive(anon):   346596 kB
Active(file):     385380 kB
Inactive(file):   828408 kB
Unevictable:        2764 kB
Mlocked:               0 kB
HighTotal:       2306432 kB
HighFree:          38020 kB
LowTotal:         589156 kB
LowFree:           65612 kB
SwapTotal:       1048572 kB
SwapFree:        1048572 kB
Dirty:                36 kB
Writeback:             0 kB
AnonPages:        672524 kB
Mapped:           392392 kB
Shmem:              4344 kB
Slab:              55560 kB
SReclaimable:      19772 kB
SUnreclaim:        35788 kB
KernelStack:       13520 kB
PageTables:        39116 kB
NFS_Unstable:          0 kB
Bounce:                0 kB
WritebackTmp:          0 kB
CommitLimit:     2496364 kB
Committed_AS:   86282600 kB
VmallocTotal:     385024 kB
VmallocUsed:      159928 kB
VmallocChunk:      64580 kB
Time pass: 231 sec

---2015-12-03 09:19:26
MemTotal:        2895588 kB
MemFree:          104548 kB
Buffers:           12776 kB
Cached:          1208136 kB
SwapCached:            0 kB
Active:           715080 kB
Inactive:        1175020 kB
Active(anon):     329700 kB
Inactive(anon):   346596 kB
Active(file):     385380 kB
Inactive(file):   828424 kB
Unevictable:        2764 kB
Mlocked:               0 kB
HighTotal:       2306432 kB
HighFree:          39260 kB
LowTotal:         589156 kB
LowFree:           65288 kB
SwapTotal:       1048572 kB
SwapFree:        1048572 kB
Dirty:                56 kB
Writeback:             0 kB
AnonPages:        672060 kB
Mapped:           392396 kB
Shmem:              4344 kB
Slab:              55580 kB
SReclaimable:      19772 kB
SUnreclaim:        35808 kB
KernelStack:       13528 kB
PageTables:        39116 kB
NFS_Unstable:          0 kB
Bounce:                0 kB
WritebackTmp:          0 kB
CommitLimit:     2496364 kB
Committed_AS:   86283088 kB
VmallocTotal:     385024 kB
VmallocUsed:      159928 kB
VmallocChunk:      64580 kB
Time pass: 235 sec

---2015-12-03 09:19:26
MemTotal:        2895588 kB
MemFree:          103464 kB
Buffers:           12776 kB
Cached:          1208152 kB
SwapCached:            0 kB
Active:           715640 kB
Inactive:        1175036 kB
Active(anon):     330260 kB
Inactive(anon):   346596 kB
Active(file):     385380 kB
Inactive(file):   828440 kB
Unevictable:        2764 kB
Mlocked:               0 kB
HighTotal:       2306432 kB
HighFree:          37648 kB
LowTotal:         589156 kB
LowFree:           65816 kB
SwapTotal:       1048572 kB
SwapFree:        1048572 kB
Dirty:                 0 kB
Writeback:             0 kB
AnonPages:        672308 kB
Mapped:           392448 kB
Shmem:              4344 kB
Slab:              55576 kB
SReclaimable:      19772 kB
SUnreclaim:        35804 kB
KernelStack:       13528 kB
PageTables:        39136 kB
NFS_Unstable:          0 kB
Bounce:                0 kB
WritebackTmp:          0 kB
CommitLimit:     2496364 kB
Committed_AS:   86283296 kB
VmallocTotal:     385024 kB
VmallocUsed:      159928 kB
VmallocChunk:      64580 kB
Time pass: 238 sec

---2015-12-03 09:19:26
MemTotal:        2895588 kB
MemFree:          103112 kB
Buffers:           12784 kB
Cached:          1208152 kB
SwapCached:            0 kB
Active:           715704 kB
Inactive:        1175028 kB
Active(anon):     330324 kB
Inactive(anon):   346588 kB
Active(file):     385380 kB
Inactive(file):   828440 kB
Unevictable:        2764 kB
Mlocked:               0 kB
HighTotal:       2306432 kB
HighFree:          37772 kB
LowTotal:         589156 kB
LowFree:           65340 kB
SwapTotal:       1048572 kB
SwapFree:        1048572 kB
Dirty:                28 kB
Writeback:             0 kB
AnonPages:        672476 kB
Mapped:           392448 kB
Shmem:              4344 kB
Slab:              55576 kB
SReclaimable:      19772 kB
SUnreclaim:        35804 kB
KernelStack:       13528 kB
PageTables:        39136 kB
NFS_Unstable:          0 kB
Bounce:                0 kB
WritebackTmp:          0 kB
CommitLimit:     2496364 kB
Committed_AS:   86283432 kB
VmallocTotal:     385024 kB
VmallocUsed:      159928 kB
VmallocChunk:      64580 kB
Time pass: 242 sec

---2015-12-03 09:19:26
MemTotal:        2895588 kB
MemFree:          104312 kB
Buffers:           12784 kB
Cached:          1208152 kB
SwapCached:            0 kB
Active:           714576 kB
Inactive:        1175036 kB
Active(anon):     329196 kB
Inactive(anon):   346588 kB
Active(file):     385380 kB
Inactive(file):   828448 kB
Unevictable:        2764 kB
Mlocked:               0 kB
HighTotal:       2306432 kB
HighFree:          37896 kB
LowTotal:         589156 kB
LowFree:           66416 kB
SwapTotal:       1048572 kB
SwapFree:        1048572 kB
Dirty:                28 kB
Writeback:             0 kB
AnonPages:        671552 kB
Mapped:           392396 kB
Shmem:              4344 kB
Slab:              55596 kB
SReclaimable:      19772 kB
SUnreclaim:        35824 kB
KernelStack:       13528 kB
PageTables:        39116 kB
NFS_Unstable:          0 kB
Bounce:                0 kB
WritebackTmp:          0 kB
CommitLimit:     2496364 kB
Committed_AS:   86283544 kB
VmallocTotal:     385024 kB
VmallocUsed:      159928 kB
VmallocChunk:      64580 kB
Time pass: 246 sec

---2015-12-03 09:19:26
MemTotal:        2895588 kB
MemFree:          103340 kB
Buffers:           12800 kB
Cached:          1208152 kB
SwapCached:            0 kB
Active:           715132 kB
Inactive:        1175052 kB
Active(anon):     329752 kB
Inactive(anon):   346588 kB
Active(file):     385380 kB
Inactive(file):   828464 kB
Unevictable:        2764 kB
Mlocked:               0 kB
HighTotal:       2306432 kB
HighFree:          37896 kB
LowTotal:         589156 kB
LowFree:           65444 kB
SwapTotal:       1048572 kB
SwapFree:        1048572 kB
Dirty:                36 kB
Writeback:             0 kB
AnonPages:        672296 kB
Mapped:           392396 kB
Shmem:              4344 kB
Slab:              55596 kB
SReclaimable:      19772 kB
SUnreclaim:        35824 kB
KernelStack:       13528 kB
PageTables:        39116 kB
NFS_Unstable:          0 kB
Bounce:                0 kB
WritebackTmp:          0 kB
CommitLimit:     2496364 kB
Committed_AS:   86283800 kB
VmallocTotal:     385024 kB
VmallocUsed:      159928 kB
VmallocChunk:      64580 kB
Time pass: 249 sec

---2015-12-03 09:19:26
MemTotal:        2895588 kB
MemFree:          103072 kB
Buffers:           12808 kB
Cached:          1208152 kB
SwapCached:            0 kB
Active:           715668 kB
Inactive:        1175028 kB
Active(anon):     330288 kB
Inactive(anon):   346564 kB
Active(file):     385380 kB
Inactive(file):   828464 kB
Unevictable:        2764 kB
Mlocked:               0 kB
HighTotal:       2306432 kB
HighFree:          37896 kB
LowTotal:         589156 kB
LowFree:           65176 kB
SwapTotal:       1048572 kB
SwapFree:        1048572 kB
Dirty:                32 kB
Writeback:             0 kB
AnonPages:        672596 kB
Mapped:           392396 kB
Shmem:              4344 kB
Slab:              55576 kB
SReclaimable:      19772 kB
SUnreclaim:        35804 kB
KernelStack:       13528 kB
PageTables:        39120 kB
NFS_Unstable:          0 kB
Bounce:                0 kB
WritebackTmp:          0 kB
CommitLimit:     2496364 kB
Committed_AS:   86287968 kB
VmallocTotal:     385024 kB
VmallocUsed:      159928 kB
VmallocChunk:      64580 kB
Time pass: 253 sec

---2015-12-03 09:19:26
MemTotal:        2895588 kB
MemFree:          103528 kB
Buffers:           12808 kB
Cached:          1208152 kB
SwapCached:            0 kB
Active:           715060 kB
Inactive:        1175012 kB
Active(anon):     329680 kB
Inactive(anon):   346540 kB
Active(file):     385380 kB
Inactive(file):   828472 kB
Unevictable:        2764 kB
Mlocked:               0 kB
HighTotal:       2306432 kB
HighFree:          38020 kB
LowTotal:         589156 kB
LowFree:           65508 kB
SwapTotal:       1048572 kB
SwapFree:        1048572 kB
Dirty:                32 kB
Writeback:             0 kB
AnonPages:        671972 kB
Mapped:           392396 kB
Shmem:              4344 kB
Slab:              55592 kB
SReclaimable:      19772 kB
SUnreclaim:        35820 kB
KernelStack:       13528 kB
PageTables:        39124 kB
NFS_Unstable:          0 kB
Bounce:                0 kB
WritebackTmp:          0 kB
CommitLimit:     2496364 kB
Committed_AS:   86288072 kB
VmallocTotal:     385024 kB
VmallocUsed:      159928 kB
VmallocChunk:      64580 kB
Time pass: 256 sec

---2015-12-03 09:19:26
MemTotal:        2895588 kB
MemFree:          102832 kB
Buffers:           12816 kB
Cached:          1208152 kB
SwapCached:            0 kB
Active:           715888 kB
Inactive:        1175008 kB
Active(anon):     330508 kB
Inactive(anon):   346528 kB
Active(file):     385380 kB
Inactive(file):   828480 kB
Unevictable:        2764 kB
Mlocked:               0 kB
HighTotal:       2306432 kB
HighFree:          38020 kB
LowTotal:         589156 kB
LowFree:           64812 kB
SwapTotal:       1048572 kB
SwapFree:        1048572 kB
Dirty:                 4 kB
Writeback:             0 kB
AnonPages:        672668 kB
Mapped:           392448 kB
Shmem:              4344 kB
Slab:              55592 kB
SReclaimable:      19772 kB
SUnreclaim:        35820 kB
KernelStack:       13520 kB
PageTables:        39144 kB
NFS_Unstable:          0 kB
Bounce:                0 kB
WritebackTmp:          0 kB
CommitLimit:     2496364 kB
Committed_AS:   86288304 kB
VmallocTotal:     385024 kB
VmallocUsed:      159928 kB
VmallocChunk:      64580 kB
Time pass: 260 sec

---2015-12-03 09:19:26
MemTotal:        2895588 kB
MemFree:          101072 kB
Buffers:           12816 kB
Cached:          1208240 kB
SwapCached:            0 kB
Active:           717920 kB
Inactive:        1175096 kB
Active(anon):     332540 kB
Inactive(anon):   346616 kB
Active(file):     385380 kB
Inactive(file):   828480 kB
Unevictable:        2764 kB
Mlocked:               0 kB
HighTotal:       2306432 kB
HighFree:          38020 kB
LowTotal:         589156 kB
LowFree:           63052 kB
SwapTotal:       1048572 kB
SwapFree:        1048572 kB
Dirty:                 0 kB
Writeback:             0 kB
AnonPages:        674584 kB
Mapped:           392536 kB
Shmem:              4432 kB
Slab:              55592 kB
SReclaimable:      19772 kB
SUnreclaim:        35820 kB
KernelStack:       13520 kB
PageTables:        39144 kB
NFS_Unstable:          0 kB
Bounce:                0 kB
WritebackTmp:          0 kB
CommitLimit:     2496364 kB
Committed_AS:   86288424 kB
VmallocTotal:     385024 kB
VmallocUsed:      159928 kB
VmallocChunk:      64580 kB
Time pass: 263 sec

---2015-12-03 09:19:26
MemTotal:        2895588 kB
MemFree:          101212 kB
Buffers:           12816 kB
Cached:          1208240 kB
SwapCached:            0 kB
Active:           717288 kB
Inactive:        1175096 kB
Active(anon):     331908 kB
Inactive(anon):   346616 kB
Active(file):     385380 kB
Inactive(file):   828480 kB
Unevictable:        2764 kB
Mlocked:               0 kB
HighTotal:       2306432 kB
HighFree:          38020 kB
LowTotal:         589156 kB
LowFree:           63192 kB
SwapTotal:       1048572 kB
SwapFree:        1048572 kB
Dirty:                 0 kB
Writeback:             0 kB
AnonPages:        674052 kB
Mapped:           392588 kB
Shmem:              4432 kB
Slab:              55592 kB
SReclaimable:      19772 kB
SUnreclaim:        35820 kB
KernelStack:       13520 kB
PageTables:        39164 kB
NFS_Unstable:          0 kB
Bounce:                0 kB
WritebackTmp:          0 kB
CommitLimit:     2496364 kB
Committed_AS:   86288632 kB
VmallocTotal:     385024 kB
VmallocUsed:      159928 kB
VmallocChunk:      64580 kB
Time pass: 267 sec

---2015-12-03 09:19:26
MemTotal:        2895588 kB
MemFree:          101660 kB
Buffers:           12832 kB
Cached:          1208224 kB
SwapCached:            0 kB
Active:           716312 kB
Inactive:        1175092 kB
Active(anon):     330932 kB
Inactive(anon):   346612 kB
Active(file):     385380 kB
Inactive(file):   828480 kB
Unevictable:        2764 kB
Mlocked:               0 kB
HighTotal:       2306432 kB
HighFree:          38020 kB
LowTotal:         589156 kB
LowFree:           63640 kB
SwapTotal:       1048572 kB
SwapFree:        1048572 kB
Dirty:                 0 kB
Writeback:             0 kB
AnonPages:        673124 kB
Mapped:           392536 kB
Shmem:              4432 kB
Slab:              55604 kB
SReclaimable:      19772 kB
SUnreclaim:        35832 kB
KernelStack:       13520 kB
PageTables:        39144 kB
NFS_Unstable:          0 kB
Bounce:                0 kB
WritebackTmp:          0 kB
CommitLimit:     2496364 kB
Committed_AS:   86288744 kB
VmallocTotal:     385024 kB
VmallocUsed:      159928 kB
VmallocChunk:      64580 kB
Time pass: 271 sec

---2015-12-03 09:19:26
MemTotal:        2895588 kB
MemFree:          101960 kB
Buffers:           12832 kB
Cached:          1208240 kB
SwapCached:            0 kB
Active:           716204 kB
Inactive:        1175108 kB
Active(anon):     330824 kB
Inactive(anon):   346612 kB
Active(file):     385380 kB
Inactive(file):   828496 kB
Unevictable:        2764 kB
Mlocked:               0 kB
HighTotal:       2306432 kB
HighFree:          38020 kB
LowTotal:         589156 kB
LowFree:           63940 kB
SwapTotal:       1048572 kB
SwapFree:        1048572 kB
Dirty:                40 kB
Writeback:             0 kB
AnonPages:        672992 kB
Mapped:           392536 kB
Shmem:              4432 kB
Slab:              55604 kB
SReclaimable:      19772 kB
SUnreclaim:        35832 kB
KernelStack:       13520 kB
PageTables:        39148 kB
NFS_Unstable:          0 kB
Bounce:                0 kB
WritebackTmp:          0 kB
CommitLimit:     2496364 kB
Committed_AS:   86288880 kB
VmallocTotal:     385024 kB
VmallocUsed:      159928 kB
VmallocChunk:      64580 kB
Time pass: 274 sec

---2015-12-03 09:19:26
MemTotal:        2895588 kB
MemFree:          101660 kB
Buffers:           12840 kB
Cached:          1208240 kB
SwapCached:            0 kB
Active:           716716 kB
Inactive:        1175108 kB
Active(anon):     331336 kB
Inactive(anon):   346612 kB
Active(file):     385380 kB
Inactive(file):   828496 kB
Unevictable:        2764 kB
Mlocked:               0 kB
HighTotal:       2306432 kB
HighFree:          38020 kB
LowTotal:         589156 kB
LowFree:           63640 kB
SwapTotal:       1048572 kB
SwapFree:        1048572 kB
Dirty:                28 kB
Writeback:             0 kB
AnonPages:        673488 kB
Mapped:           392484 kB
Shmem:              4432 kB
Slab:              55604 kB
SReclaimable:      19772 kB
SUnreclaim:        35832 kB
KernelStack:       13520 kB
PageTables:        39128 kB
NFS_Unstable:          0 kB
Bounce:                0 kB
WritebackTmp:          0 kB
CommitLimit:     2496364 kB
Committed_AS:   86289056 kB
VmallocTotal:     385024 kB
VmallocUsed:      159928 kB
VmallocChunk:      64580 kB
Time pass: 278 sec

---2015-12-03 09:19:26
MemTotal:        2895588 kB
MemFree:          100636 kB
Buffers:           12840 kB
Cached:          1208240 kB
SwapCached:            0 kB
Active:           717064 kB
Inactive:        1175068 kB
Active(anon):     331684 kB
Inactive(anon):   346564 kB
Active(file):     385380 kB
Inactive(file):   828504 kB
Unevictable:        2764 kB
Mlocked:               0 kB
HighTotal:       2306432 kB
HighFree:          38020 kB
LowTotal:         589156 kB
LowFree:           62616 kB
SwapTotal:       1048572 kB
SwapFree:        1048572 kB
Dirty:                28 kB
Writeback:             0 kB
AnonPages:        673844 kB
Mapped:           392484 kB
Shmem:              4432 kB
Slab:              55608 kB
SReclaimable:      19772 kB
SUnreclaim:        35836 kB
KernelStack:       13520 kB
PageTables:        39128 kB
NFS_Unstable:          0 kB
Bounce:                0 kB
WritebackTmp:          0 kB
CommitLimit:     2496364 kB
Committed_AS:   86289208 kB
VmallocTotal:     385024 kB
VmallocUsed:      159928 kB
VmallocChunk:      64580 kB
Time pass: 281 sec

---2015-12-03 09:19:26
MemTotal:        2895588 kB
MemFree:          100064 kB
Buffers:           12856 kB
Cached:          1208240 kB
SwapCached:            0 kB
Active:           718400 kB
Inactive:        1175076 kB
Active(anon):     333020 kB
Inactive(anon):   346564 kB
Active(file):     385380 kB
Inactive(file):   828512 kB
Unevictable:        2764 kB
Mlocked:               0 kB
HighTotal:       2306432 kB
HighFree:          38144 kB
LowTotal:         589156 kB
LowFree:           61920 kB
SwapTotal:       1048572 kB
SwapFree:        1048572 kB
Dirty:                36 kB
Writeback:             0 kB
AnonPages:        675076 kB
Mapped:           392544 kB
Shmem:              4432 kB
Slab:              55576 kB
SReclaimable:      19772 kB
SUnreclaim:        35804 kB
KernelStack:       13520 kB
PageTables:        39164 kB
NFS_Unstable:          0 kB
Bounce:                0 kB
WritebackTmp:          0 kB
CommitLimit:     2496364 kB
Committed_AS:   86293392 kB
VmallocTotal:     385024 kB
VmallocUsed:      159928 kB
VmallocChunk:      64580 kB
Time pass: 285 sec

---2015-12-03 09:19:26
MemTotal:        2895588 kB
MemFree:          100200 kB
Buffers:           12872 kB
Cached:          1208240 kB
SwapCached:            0 kB
Active:           718536 kB
Inactive:        1175092 kB
Active(anon):     333156 kB
Inactive(anon):   346564 kB
Active(file):     385380 kB
Inactive(file):   828528 kB
Unevictable:        2764 kB
Mlocked:               0 kB
HighTotal:       2306432 kB
HighFree:          38764 kB
LowTotal:         589156 kB
LowFree:           61436 kB
SwapTotal:       1048572 kB
SwapFree:        1048572 kB
Dirty:                 0 kB
Writeback:             0 kB
AnonPages:        675304 kB
Mapped:           392492 kB
Shmem:              4432 kB
Slab:              55576 kB
SReclaimable:      19772 kB
SUnreclaim:        35804 kB
KernelStack:       13520 kB
PageTables:        39144 kB
NFS_Unstable:          0 kB
Bounce:                0 kB
WritebackTmp:          0 kB
CommitLimit:     2496364 kB
Committed_AS:   86293508 kB
VmallocTotal:     385024 kB
VmallocUsed:      159928 kB
VmallocChunk:      64580 kB
Time pass: 288 sec

---2015-12-03 09:19:26
MemTotal:        2895588 kB
MemFree:          100620 kB
Buffers:           12872 kB
Cached:          1208240 kB
SwapCached:            0 kB
Active:           717620 kB
Inactive:        1175100 kB
Active(anon):     332240 kB
Inactive(anon):   346564 kB
Active(file):     385380 kB
Inactive(file):   828536 kB
Unevictable:        2764 kB
Mlocked:               0 kB
HighTotal:       2306432 kB
HighFree:          39332 kB
LowTotal:         589156 kB
LowFree:           61288 kB
SwapTotal:       1048572 kB
SwapFree:        1048572 kB
Dirty:                 0 kB
Writeback:             0 kB
AnonPages:        674472 kB
Mapped:           392492 kB
Shmem:              4432 kB
Slab:              55576 kB
SReclaimable:      19772 kB
SUnreclaim:        35804 kB
KernelStack:       13520 kB
PageTables:        39144 kB
NFS_Unstable:          0 kB
Bounce:                0 kB
WritebackTmp:          0 kB
CommitLimit:     2496364 kB
Committed_AS:   86293728 kB
VmallocTotal:     385024 kB
VmallocUsed:      159928 kB
VmallocChunk:      64580 kB
Time pass: 292 sec

---2015-12-03 09:19:26
MemTotal:        2895588 kB
MemFree:           99680 kB
Buffers:           12896 kB
Cached:          1208240 kB
SwapCached:            0 kB
Active:           719600 kB
Inactive:        1175124 kB
Active(anon):     334220 kB
Inactive(anon):   346564 kB
Active(file):     385380 kB
Inactive(file):   828560 kB
Unevictable:        2764 kB
Mlocked:               0 kB
HighTotal:       2306432 kB
HighFree:          38556 kB
LowTotal:         589156 kB
LowFree:           61124 kB
SwapTotal:       1048572 kB
SwapFree:        1048572 kB
Dirty:                40 kB
Writeback:             0 kB
AnonPages:        676464 kB
Mapped:           392544 kB
Shmem:              4432 kB
Slab:              55576 kB
SReclaimable:      19772 kB
SUnreclaim:        35804 kB
KernelStack:       13512 kB
PageTables:        39164 kB
NFS_Unstable:          0 kB
Bounce:                0 kB
WritebackTmp:          0 kB
CommitLimit:     2496364 kB
Committed_AS:   86293856 kB
VmallocTotal:     385024 kB
VmallocUsed:      159928 kB
VmallocChunk:      64580 kB
Time pass: 296 sec

---2015-12-03 09:19:26
MemTotal:        2895588 kB
MemFree:           98808 kB
Buffers:           12896 kB
Cached:          1208240 kB
SwapCached:            0 kB
Active:           719484 kB
Inactive:        1175120 kB
Active(anon):     334104 kB
Inactive(anon):   346560 kB
Active(file):     385380 kB
Inactive(file):   828560 kB
Unevictable:        2764 kB
Mlocked:               0 kB
HighTotal:       2306432 kB
HighFree:          38112 kB
LowTotal:         589156 kB
LowFree:           60696 kB
SwapTotal:       1048572 kB
SwapFree:        1048572 kB
Dirty:                 0 kB
Writeback:             0 kB
AnonPages:        676708 kB
Mapped:           392544 kB
Shmem:              4432 kB
Slab:              55576 kB
SReclaimable:      19772 kB
SUnreclaim:        35804 kB
KernelStack:       13512 kB
PageTables:        39164 kB
NFS_Unstable:          0 kB
Bounce:                0 kB
WritebackTmp:          0 kB
CommitLimit:     2496364 kB
Committed_AS:   86294020 kB
VmallocTotal:     385024 kB
VmallocUsed:      159928 kB
VmallocChunk:      64580 kB
Time pass: 299 sec

---2015-12-03 09:19:26
MemTotal:        2895588 kB
MemFree:           98360 kB
Buffers:           12920 kB
Cached:          1208224 kB
SwapCached:            0 kB
Active:           719964 kB
Inactive:        1175128 kB
Active(anon):     334584 kB
Inactive(anon):   346560 kB
Active(file):     385380 kB
Inactive(file):   828568 kB
Unevictable:        2764 kB
Mlocked:               0 kB
HighTotal:       2306432 kB
HighFree:          38040 kB
LowTotal:         589156 kB
LowFree:           60320 kB
SwapTotal:       1048572 kB
SwapFree:        1048572 kB
Dirty:                28 kB
Writeback:             0 kB
AnonPages:        676944 kB
Mapped:           392492 kB
Shmem:              4432 kB
Slab:              55580 kB
SReclaimable:      19772 kB
SUnreclaim:        35808 kB
KernelStack:       13512 kB
PageTables:        39144 kB
NFS_Unstable:          0 kB
Bounce:                0 kB
WritebackTmp:          0 kB
CommitLimit:     2496364 kB
Committed_AS:   86294176 kB
VmallocTotal:     385024 kB
VmallocUsed:      159928 kB
VmallocChunk:      64580 kB
Time pass: 303 sec

---2015-12-03 09:19:26
MemTotal:        2895588 kB
MemFree:           97248 kB
Buffers:           12936 kB
Cached:          1208224 kB
SwapCached:            0 kB
Active:           720100 kB
Inactive:        1175112 kB
Active(anon):     334720 kB
Inactive(anon):   346528 kB
Active(file):     385380 kB
Inactive(file):   828584 kB
Unevictable:        2764 kB
Mlocked:               0 kB
HighTotal:       2306432 kB
HighFree:          38040 kB
LowTotal:         589156 kB
LowFree:           59208 kB
SwapTotal:       1048572 kB
SwapFree:        1048572 kB
Dirty:                 0 kB
Writeback:             0 kB
AnonPages:        676620 kB
Mapped:           392544 kB
Shmem:              4432 kB
Slab:              55576 kB
SReclaimable:      19772 kB
SUnreclaim:        35804 kB
KernelStack:       13504 kB
PageTables:        39164 kB
NFS_Unstable:          0 kB
Bounce:                0 kB
WritebackTmp:          0 kB
CommitLimit:     2496364 kB
Committed_AS:   86287092 kB
VmallocTotal:     385024 kB
VmallocUsed:      159928 kB
VmallocChunk:      64580 kB
Time pass: 307 sec

---2015-12-03 09:19:26
MemTotal:        2895588 kB
MemFree:          102388 kB
Buffers:           12936 kB
Cached:          1208240 kB
SwapCached:            0 kB
Active:           715092 kB
Inactive:        1175128 kB
Active(anon):     329712 kB
Inactive(anon):   346528 kB
Active(file):     385380 kB
Inactive(file):   828600 kB
Unevictable:        2764 kB
Mlocked:               0 kB
HighTotal:       2306432 kB
HighFree:          38764 kB
LowTotal:         589156 kB
LowFree:           63624 kB
SwapTotal:       1048572 kB
SwapFree:        1048572 kB
Dirty:                36 kB
Writeback:             0 kB
AnonPages:        671680 kB
Mapped:           392492 kB
Shmem:              4432 kB
Slab:              55576 kB
SReclaimable:      19772 kB
SUnreclaim:        35804 kB
KernelStack:       13504 kB
PageTables:        39144 kB
NFS_Unstable:          0 kB
Bounce:                0 kB
WritebackTmp:          0 kB
CommitLimit:     2496364 kB
Committed_AS:   86287332 kB
VmallocTotal:     385024 kB
VmallocUsed:      159928 kB
VmallocChunk:      64580 kB
Time pass: 310 sec

---2015-12-03 09:19:26
MemTotal:        2895588 kB
MemFree:          102008 kB
Buffers:           12944 kB
Cached:          1208240 kB
SwapCached:            0 kB
Active:           716432 kB
Inactive:        1175132 kB
Active(anon):     331052 kB
Inactive(anon):   346524 kB
Active(file):     385380 kB
Inactive(file):   828608 kB
Unevictable:        2764 kB
Mlocked:               0 kB
HighTotal:       2306432 kB
HighFree:          38216 kB
LowTotal:         589156 kB
LowFree:           63792 kB
SwapTotal:       1048572 kB
SwapFree:        1048572 kB
Dirty:                28 kB
Writeback:             0 kB
AnonPages:        673312 kB
Mapped:           392492 kB
Shmem:              4432 kB
Slab:              55576 kB
SReclaimable:      19772 kB
SUnreclaim:        35804 kB
KernelStack:       13504 kB
PageTables:        39144 kB
NFS_Unstable:          0 kB
Bounce:                0 kB
WritebackTmp:          0 kB
CommitLimit:     2496364 kB
Committed_AS:   86287432 kB
VmallocTotal:     385024 kB
VmallocUsed:      159928 kB
VmallocChunk:      64580 kB
Time pass: 314 sec

---2015-12-03 09:19:26
MemTotal:        2895588 kB
MemFree:          102404 kB
Buffers:           12960 kB
Cached:          1208584 kB
SwapCached:            0 kB
Active:           715304 kB
Inactive:        1175492 kB
Active(anon):     329924 kB
Inactive(anon):   346868 kB
Active(file):     385380 kB
Inactive(file):   828624 kB
Unevictable:        2764 kB
Mlocked:               0 kB
HighTotal:       2306432 kB
HighFree:          38216 kB
LowTotal:         589156 kB
LowFree:           64188 kB
SwapTotal:       1048572 kB
SwapFree:        1048572 kB
Dirty:                36 kB
Writeback:             0 kB
AnonPages:        672272 kB
Mapped:           392888 kB
Shmem:              4776 kB
Slab:              55576 kB
SReclaimable:      19772 kB
SUnreclaim:        35804 kB
KernelStack:       13504 kB
PageTables:        39164 kB
NFS_Unstable:          0 kB
Bounce:                0 kB
WritebackTmp:          0 kB
CommitLimit:     2496364 kB
Committed_AS:   86287520 kB
VmallocTotal:     385024 kB
VmallocUsed:      159928 kB
VmallocChunk:      64580 kB
Time pass: 318 sec

---2015-12-03 09:19:26
MemTotal:        2895588 kB
MemFree:          101528 kB
Buffers:           12968 kB
Cached:          1208584 kB
SwapCached:            0 kB
Active:           715912 kB
Inactive:        1175492 kB
Active(anon):     330532 kB
Inactive(anon):   346868 kB
Active(file):     385380 kB
Inactive(file):   828624 kB
Unevictable:        2764 kB
Mlocked:               0 kB
HighTotal:       2306432 kB
HighFree:          38216 kB
LowTotal:         589156 kB
LowFree:           63312 kB
SwapTotal:       1048572 kB
SwapFree:        1048572 kB
Dirty:                28 kB
Writeback:             0 kB
AnonPages:        672876 kB
Mapped:           392888 kB
Shmem:              4776 kB
Slab:              55576 kB
SReclaimable:      19772 kB
SUnreclaim:        35804 kB
KernelStack:       13504 kB
PageTables:        39164 kB
NFS_Unstable:          0 kB
Bounce:                0 kB
WritebackTmp:          0 kB
CommitLimit:     2496364 kB
Committed_AS:   86287800 kB
VmallocTotal:     385024 kB
VmallocUsed:      159928 kB
VmallocChunk:      64580 kB
Time pass: 321 sec

---2015-12-03 09:19:26
MemTotal:        2895588 kB
MemFree:          101992 kB
Buffers:           12984 kB
Cached:          1208584 kB
SwapCached:            0 kB
Active:           716380 kB
Inactive:        1175512 kB
Active(anon):     331000 kB
Inactive(anon):   346864 kB
Active(file):     385380 kB
Inactive(file):   828648 kB
Unevictable:        2764 kB
Mlocked:               0 kB
HighTotal:       2306432 kB
HighFree:          38640 kB
LowTotal:         589156 kB
LowFree:           63352 kB
SwapTotal:       1048572 kB
SwapFree:        1048572 kB
Dirty:                40 kB
Writeback:             0 kB
AnonPages:        673072 kB
Mapped:           392888 kB
