---2015-12-09 13:43:55
MemTotal:        1386568 kB
MemFree:           63252 kB
Buffers:           12752 kB
Cached:           602628 kB
SwapCached:         8080 kB
Active:           537052 kB
Inactive:         568476 kB
Active(anon):     233688 kB
Inactive(anon):   260108 kB
Active(file):     303364 kB
Inactive(file):   308368 kB
Unevictable:        3132 kB
Mlocked:               0 kB
HighTotal:        849920 kB
HighFree:          18288 kB
LowTotal:         536648 kB
LowFree:           44964 kB
SwapTotal:        786428 kB
SwapFree:         698892 kB
Dirty:               132 kB
Writeback:             0 kB
AnonPages:        489212 kB
Mapped:           328760 kB
Shmem:               516 kB
Slab:              53900 kB
SReclaimable:      17816 kB
SUnreclaim:        36084 kB
KernelStack:       13864 kB
PageTables:        44932 kB
NFS_Unstable:          0 kB
Bounce:                0 kB
WritebackTmp:          0 kB
CommitLimit:     1479712 kB
Committed_AS:   100727548 kB
VmallocTotal:     319488 kB
VmallocUsed:       21024 kB
VmallocChunk:     159756 kB
Time pass: 3 sec

---2015-12-09 13:43:55
MemTotal:        1386568 kB
MemFree:           49988 kB
Buffers:           12796 kB
Cached:           602920 kB
SwapCached:         8076 kB
Active:           548236 kB
Inactive:         568544 kB
Active(anon):     244724 kB
Inactive(anon):   259988 kB
Active(file):     303512 kB
Inactive(file):   308556 kB
Unevictable:        3132 kB
Mlocked:               0 kB
HighTotal:        849920 kB
HighFree:           8744 kB
LowTotal:         536648 kB
LowFree:           41244 kB
SwapTotal:        786428 kB
SwapFree:         698924 kB
Dirty:                72 kB
Writeback:             0 kB
AnonPages:        500012 kB
Mapped:           333440 kB
Shmem:               516 kB
Slab:              53872 kB
SReclaimable:      17816 kB
SUnreclaim:        36056 kB
KernelStack:       14040 kB
PageTables:        46020 kB
NFS_Unstable:          0 kB
Bounce:                0 kB
WritebackTmp:          0 kB
CommitLimit:     1479712 kB
Committed_AS:   103209924 kB
VmallocTotal:     319488 kB
VmallocUsed:       21092 kB
VmallocChunk:     159756 kB
Time pass: 7 sec

---2015-12-09 13:43:55
MemTotal:        1386568 kB
MemFree:           55288 kB
Buffers:           12808 kB
Cached:           603048 kB
SwapCached:         8080 kB
Active:           543272 kB
Inactive:         568396 kB
Active(anon):     239744 kB
Inactive(anon):   259712 kB
Active(file):     303528 kB
Inactive(file):   308684 kB
Unevictable:        3132 kB
Mlocked:               0 kB
HighTotal:        849920 kB
HighFree:          14588 kB
LowTotal:         536648 kB
LowFree:           40700 kB
SwapTotal:        786428 kB
SwapFree:         698924 kB
Dirty:                12 kB
Writeback:             0 kB
AnonPages:        494872 kB
Mapped:           333420 kB
Shmem:               512 kB
Slab:              53728 kB
SReclaimable:      17832 kB
SUnreclaim:        35896 kB
KernelStack:       14008 kB
PageTables:        46068 kB
NFS_Unstable:          0 kB
Bounce:                0 kB
WritebackTmp:          0 kB
CommitLimit:     1479712 kB
Committed_AS:   103210212 kB
VmallocTotal:     319488 kB
VmallocUsed:       21092 kB
VmallocChunk:     159756 kB
Time pass: 11 sec

---2015-12-09 13:43:55
MemTotal:        1386568 kB
MemFree:           60204 kB
Buffers:           12816 kB
Cached:           603048 kB
SwapCached:         8080 kB
Active:           539020 kB
Inactive:         568332 kB
Active(anon):     235488 kB
Inactive(anon):   259644 kB
Active(file):     303532 kB
Inactive(file):   308688 kB
Unevictable:        3132 kB
Mlocked:               0 kB
HighTotal:        849920 kB
HighFree:          17136 kB
LowTotal:         536648 kB
LowFree:           43068 kB
SwapTotal:        786428 kB
SwapFree:         698924 kB
Dirty:                60 kB
Writeback:             0 kB
AnonPages:        490580 kB
Mapped:           333472 kB
Shmem:               512 kB
Slab:              53560 kB
SReclaimable:      17824 kB
SUnreclaim:        35736 kB
KernelStack:       14000 kB
PageTables:        46068 kB
NFS_Unstable:          0 kB
Bounce:                0 kB
WritebackTmp:          0 kB
CommitLimit:     1479712 kB
Committed_AS:   103209620 kB
VmallocTotal:     319488 kB
VmallocUsed:       21024 kB
VmallocChunk:     159756 kB
Time pass: 15 sec

---2015-12-09 13:43:55
MemTotal:        1386568 kB
MemFree:           27648 kB
Buffers:           11768 kB
Cached:           600496 kB
SwapCached:        11900 kB
Active:           553152 kB
Inactive:         560088 kB
Active(anon):     249504 kB
Inactive(anon):   256256 kB
Active(file):     303648 kB
Inactive(file):   303832 kB
Unevictable:        3132 kB
Mlocked:               0 kB
HighTotal:        849920 kB
HighFree:           9448 kB
LowTotal:         536648 kB
LowFree:           18200 kB
SwapTotal:        786428 kB
SwapFree:         680584 kB
Dirty:               840 kB
Writeback:             0 kB
AnonPages:        496916 kB
Mapped:           352820 kB
Shmem:              1252 kB
Slab:              54580 kB
SReclaimable:      17832 kB
SUnreclaim:        36748 kB
KernelStack:       14384 kB
PageTables:        47240 kB
NFS_Unstable:          0 kB
Bounce:                0 kB
WritebackTmp:          0 kB
CommitLimit:     1479712 kB
Committed_AS:   105757596 kB
VmallocTotal:     319488 kB
VmallocUsed:       21408 kB
VmallocChunk:     159756 kB
Time pass: 19 sec

---2015-12-09 13:43:55
MemTotal:        1386568 kB
MemFree:           63256 kB
Buffers:           12344 kB
Cached:           603216 kB
SwapCached:        11612 kB
Active:           519196 kB
Inactive:         552248 kB
Active(anon):     217100 kB
Inactive(anon):   243160 kB
Active(file):     302096 kB
Inactive(file):   309088 kB
Unevictable:        3132 kB
Mlocked:               0 kB
HighTotal:        849920 kB
HighFree:          24644 kB
LowTotal:         536648 kB
LowFree:           38612 kB
SwapTotal:        786428 kB
SwapFree:         682544 kB
Dirty:              1304 kB
Writeback:             0 kB
AnonPages:        451804 kB
Mapped:           347248 kB
Shmem:              1196 kB
Slab:              54488 kB
SReclaimable:      17968 kB
SUnreclaim:        36520 kB
KernelStack:       13728 kB
PageTables:        41620 kB
NFS_Unstable:          0 kB
Bounce:                0 kB
WritebackTmp:          0 kB
CommitLimit:     1479712 kB
Committed_AS:   92072028 kB
VmallocTotal:     319488 kB
VmallocUsed:       19420 kB
VmallocChunk:     159756 kB
Time pass: 23 sec

---2015-12-09 13:43:55
MemTotal:        1386568 kB
MemFree:           55196 kB
Buffers:           12388 kB
Cached:           602340 kB
SwapCached:        11860 kB
Active:           517116 kB
Inactive:         551204 kB
Active(anon):     215512 kB
Inactive(anon):   241848 kB
Active(file):     301604 kB
Inactive(file):   309356 kB
Unevictable:        3132 kB
Mlocked:               0 kB
HighTotal:        849920 kB
HighFree:          26260 kB
LowTotal:         536648 kB
LowFree:           28936 kB
SwapTotal:        786428 kB
SwapFree:         682544 kB
Dirty:               192 kB
Writeback:             0 kB
AnonPages:        449284 kB
Mapped:           359616 kB
Shmem:               636 kB
Slab:              54280 kB
SReclaimable:      17944 kB
SUnreclaim:        36336 kB
KernelStack:       13624 kB
PageTables:        41652 kB
NFS_Unstable:          0 kB
Bounce:                0 kB
WritebackTmp:          0 kB
CommitLimit:     1479712 kB
Committed_AS:   92077132 kB
VmallocTotal:     319488 kB
VmallocUsed:       19332 kB
VmallocChunk:     159756 kB
Time pass: 27 sec

---2015-12-09 13:43:55
MemTotal:        1386568 kB
MemFree:           51984 kB
Buffers:           12396 kB
Cached:           602340 kB
SwapCached:        11872 kB
Active:           517496 kB
Inactive:         551216 kB
Active(anon):     215892 kB
Inactive(anon):   241856 kB
Active(file):     301604 kB
Inactive(file):   309360 kB
Unevictable:        3132 kB
Mlocked:               0 kB
HighTotal:        849920 kB
HighFree:          24384 kB
LowTotal:         536648 kB
LowFree:           27600 kB
SwapTotal:        786428 kB
SwapFree:         682556 kB
Dirty:                 8 kB
Writeback:             0 kB
AnonPages:        449696 kB
Mapped:           362748 kB
Shmem:               636 kB
Slab:              54068 kB
SReclaimable:      17928 kB
SUnreclaim:        36140 kB
KernelStack:       13576 kB
PageTables:        41664 kB
NFS_Unstable:          0 kB
Bounce:                0 kB
WritebackTmp:          0 kB
CommitLimit:     1479712 kB
Committed_AS:   92077300 kB
VmallocTotal:     319488 kB
VmallocUsed:       19344 kB
VmallocChunk:     159756 kB
Time pass: 31 sec

---2015-12-09 13:43:55
MemTotal:        1386568 kB
MemFree:           52048 kB
Buffers:           12404 kB
Cached:           602984 kB
SwapCached:        11872 kB
Active:           516636 kB
Inactive:         551648 kB
Active(anon):     214916 kB
Inactive(anon):   241776 kB
Active(file):     301720 kB
Inactive(file):   309872 kB
Unevictable:        3132 kB
Mlocked:               0 kB
HighTotal:        849920 kB
HighFree:          24756 kB
LowTotal:         536648 kB
LowFree:           27292 kB
SwapTotal:        786428 kB
SwapFree:         682556 kB
Dirty:                64 kB
Writeback:             0 kB
AnonPages:        448604 kB
Mapped:           358092 kB
Shmem:               636 kB
Slab:              54412 kB
SReclaimable:      17920 kB
SUnreclaim:        36492 kB
KernelStack:       13584 kB
PageTables:        41552 kB
NFS_Unstable:          0 kB
Bounce:                0 kB
WritebackTmp:          0 kB
CommitLimit:     1479712 kB
Committed_AS:   92076140 kB
VmallocTotal:     319488 kB
VmallocUsed:       19344 kB
VmallocChunk:     159756 kB
Time pass: 35 sec

---2015-12-09 13:43:55
MemTotal:        1386568 kB
MemFree:           44792 kB
Buffers:           10000 kB
Cached:           592656 kB
SwapCached:        13380 kB
Active:           522680 kB
Inactive:         540272 kB
Active(anon):     223688 kB
Inactive(anon):   240356 kB
Active(file):     298992 kB
Inactive(file):   299916 kB
Unevictable:        3132 kB
Mlocked:               0 kB
HighTotal:        849920 kB
HighFree:          20876 kB
LowTotal:         536648 kB
LowFree:           23916 kB
SwapTotal:        786428 kB
SwapFree:         677680 kB
Dirty:                36 kB
Writeback:             0 kB
AnonPages:        456244 kB
Mapped:           362384 kB
Shmem:               636 kB
Slab:              54252 kB
SReclaimable:      17912 kB
SUnreclaim:        36340 kB
KernelStack:       13584 kB
PageTables:        41640 kB
NFS_Unstable:          0 kB
Bounce:                0 kB
WritebackTmp:          0 kB
CommitLimit:     1479712 kB
Committed_AS:   92088616 kB
VmallocTotal:     319488 kB
VmallocUsed:       19524 kB
VmallocChunk:     159756 kB
Time pass: 39 sec

---2015-12-09 13:43:55
MemTotal:        1386568 kB
MemFree:           45288 kB
Buffers:           10000 kB
Cached:           593660 kB
SwapCached:        13344 kB
Active:           520712 kB
Inactive:         541060 kB
Active(anon):     221680 kB
Inactive(anon):   240304 kB
Active(file):     299032 kB
Inactive(file):   300756 kB
Unevictable:        3132 kB
Mlocked:               0 kB
HighTotal:        849920 kB
HighFree:          20956 kB
LowTotal:         536648 kB
LowFree:           24332 kB
SwapTotal:        786428 kB
SwapFree:         677904 kB
Dirty:                52 kB
Writeback:             0 kB
AnonPages:        454184 kB
Mapped:           361864 kB
Shmem:               636 kB
Slab:              54108 kB
SReclaimable:      17912 kB
SUnreclaim:        36196 kB
KernelStack:       13568 kB
PageTables:        41656 kB
NFS_Unstable:          0 kB
Bounce:                0 kB
WritebackTmp:          0 kB
CommitLimit:     1479712 kB
Committed_AS:   92087912 kB
VmallocTotal:     319488 kB
VmallocUsed:       19648 kB
VmallocChunk:     159756 kB
Time pass: 43 sec

---2015-12-09 13:43:55
MemTotal:        1386568 kB
MemFree:           30568 kB
Buffers:            9956 kB
Cached:           595348 kB
SwapCached:        13344 kB
Active:           537176 kB
Inactive:         542404 kB
Active(anon):     237904 kB
Inactive(anon):   240160 kB
Active(file):     299272 kB
Inactive(file):   302244 kB
Unevictable:        3132 kB
Mlocked:               0 kB
HighTotal:        849920 kB
HighFree:           8764 kB
LowTotal:         536648 kB
LowFree:           21804 kB
SwapTotal:        786428 kB
SwapFree:         677900 kB
Dirty:               668 kB
Writeback:             0 kB
AnonPages:        470364 kB
Mapped:           363932 kB
Shmem:               640 kB
Slab:              54364 kB
SReclaimable:      17940 kB
SUnreclaim:        36424 kB
KernelStack:       13696 kB
PageTables:        41660 kB
NFS_Unstable:          0 kB
Bounce:                0 kB
WritebackTmp:          0 kB
CommitLimit:     1479712 kB
Committed_AS:   92096656 kB
VmallocTotal:     319488 kB
VmallocUsed:       19540 kB
VmallocChunk:     159756 kB
Time pass: 46 sec

---2015-12-09 13:43:55
MemTotal:        1386568 kB
MemFree:           31480 kB
Buffers:            9284 kB
Cached:           585632 kB
SwapCached:        12872 kB
Active:           527960 kB
Inactive:         540484 kB
Active(anon):     231712 kB
Inactive(anon):   245548 kB
Active(file):     296248 kB
Inactive(file):   294936 kB
Unevictable:        3132 kB
Mlocked:               0 kB
HighTotal:        849920 kB
HighFree:          11164 kB
LowTotal:         536648 kB
LowFree:           20316 kB
SwapTotal:        786428 kB
SwapFree:         676672 kB
Dirty:               336 kB
Writeback:             0 kB
AnonPages:        469408 kB
Mapped:           370856 kB
Shmem:               640 kB
Slab:              54204 kB
SReclaimable:      17940 kB
SUnreclaim:        36264 kB
KernelStack:       13640 kB
PageTables:        41688 kB
NFS_Unstable:          0 kB
Bounce:                0 kB
WritebackTmp:          0 kB
CommitLimit:     1479712 kB
Committed_AS:   92101168 kB
VmallocTotal:     319488 kB
VmallocUsed:       19500 kB
VmallocChunk:     159756 kB
Time pass: 50 sec

---2015-12-09 13:43:55
MemTotal:        1386568 kB
MemFree:           82220 kB
Buffers:            9292 kB
Cached:           585940 kB
SwapCached:        12872 kB
Active:           496488 kB
Inactive:         529636 kB
Active(anon):     195928 kB
Inactive(anon):   238608 kB
Active(file):     300560 kB
Inactive(file):   291028 kB
Unevictable:        3132 kB
Mlocked:               0 kB
HighTotal:        849920 kB
HighFree:          41584 kB
LowTotal:         536648 kB
LowFree:           40636 kB
SwapTotal:        786428 kB
SwapFree:         676676 kB
Dirty:                20 kB
Writeback:             0 kB
AnonPages:        426856 kB
Mapped:           340092 kB
Shmem:               512 kB
Slab:              54212 kB
SReclaimable:      17940 kB
SUnreclaim:        36272 kB
KernelStack:       12192 kB
PageTables:        35336 kB
NFS_Unstable:          0 kB
Bounce:                0 kB
WritebackTmp:          0 kB
CommitLimit:     1479712 kB
Committed_AS:   77176916 kB
VmallocTotal:     319488 kB
VmallocUsed:       19264 kB
VmallocChunk:     159756 kB
Time pass: 54 sec

---2015-12-09 13:43:55
MemTotal:        1386568 kB
MemFree:           68636 kB
Buffers:            9296 kB
Cached:           587232 kB
SwapCached:        12872 kB
Active:           498940 kB
Inactive:         530804 kB
Active(anon):     198340 kB
Inactive(anon):   238584 kB
Active(file):     300600 kB
Inactive(file):   292220 kB
Unevictable:        3132 kB
Mlocked:               0 kB
HighTotal:        849920 kB
HighFree:          28236 kB
LowTotal:         536648 kB
LowFree:           40400 kB
SwapTotal:        786428 kB
SwapFree:         676676 kB
Dirty:               228 kB
Writeback:             0 kB
AnonPages:        429256 kB
Mapped:           347564 kB
Shmem:               512 kB
Slab:              54272 kB
SReclaimable:      17940 kB
SUnreclaim:        36332 kB
KernelStack:       12264 kB
PageTables:        35368 kB
NFS_Unstable:          0 kB
Bounce:                0 kB
WritebackTmp:          0 kB
CommitLimit:     1479712 kB
Committed_AS:   77181404 kB
VmallocTotal:     319488 kB
VmallocUsed:       19344 kB
VmallocChunk:     159756 kB
Time pass: 59 sec

---2015-12-09 13:43:55
MemTotal:        1386568 kB
MemFree:           68680 kB
Buffers:            9304 kB
Cached:           587212 kB
SwapCached:        12872 kB
Active:           498984 kB
Inactive:         530852 kB
Active(anon):     198384 kB
Inactive(anon):   238580 kB
Active(file):     300600 kB
Inactive(file):   292272 kB
Unevictable:        3132 kB
Mlocked:               0 kB
HighTotal:        849920 kB
HighFree:          28032 kB
LowTotal:         536648 kB
LowFree:           40648 kB
SwapTotal:        786428 kB
SwapFree:         676676 kB
Dirty:                36 kB
Writeback:             0 kB
AnonPages:        429224 kB
Mapped:           347552 kB
Shmem:               512 kB
Slab:              53908 kB
SReclaimable:      17932 kB
SUnreclaim:        35976 kB
KernelStack:       12216 kB
PageTables:        35392 kB
NFS_Unstable:          0 kB
Bounce:                0 kB
WritebackTmp:          0 kB
CommitLimit:     1479712 kB
Committed_AS:   77181460 kB
VmallocTotal:     319488 kB
VmallocUsed:       19344 kB
VmallocChunk:     159756 kB
Time pass: 63 sec

---2015-12-09 13:43:55
MemTotal:        1386568 kB
MemFree:           55040 kB
Buffers:            9316 kB
Cached:           587928 kB
SwapCached:        12872 kB
Active:           504272 kB
Inactive:         531108 kB
Active(anon):     203200 kB
Inactive(anon):   238580 kB
Active(file):     301072 kB
Inactive(file):   292528 kB
Unevictable:        3132 kB
Mlocked:               0 kB
HighTotal:        849920 kB
HighFree:          15384 kB
LowTotal:         536648 kB
LowFree:           39656 kB
SwapTotal:        786428 kB
SwapFree:         676676 kB
Dirty:               512 kB
Writeback:             0 kB
AnonPages:        434088 kB
Mapped:           354152 kB
Shmem:               512 kB
Slab:              53772 kB
SReclaimable:      17988 kB
SUnreclaim:        35784 kB
KernelStack:       12216 kB
PageTables:        35400 kB
NFS_Unstable:          0 kB
Bounce:                0 kB
WritebackTmp:          0 kB
CommitLimit:     1479712 kB
Committed_AS:   77190220 kB
VmallocTotal:     319488 kB
VmallocUsed:       19368 kB
VmallocChunk:     159756 kB
Time pass: 66 sec

---2015-12-09 13:43:55
MemTotal:        1386568 kB
MemFree:           45552 kB
Buffers:            9316 kB
Cached:           590956 kB
SwapCached:        12872 kB
Active:           509796 kB
Inactive:         533968 kB
Active(anon):     208716 kB
Inactive(anon):   238532 kB
Active(file):     301080 kB
Inactive(file):   295436 kB
Unevictable:        3132 kB
Mlocked:               0 kB
HighTotal:        849920 kB
HighFree:           8744 kB
LowTotal:         536648 kB
LowFree:           36808 kB
SwapTotal:        786428 kB
SwapFree:         676684 kB
Dirty:                68 kB
Writeback:             0 kB
AnonPages:        439580 kB
Mapped:           356172 kB
Shmem:               512 kB
Slab:              54004 kB
SReclaimable:      17988 kB
SUnreclaim:        36016 kB
KernelStack:       12280 kB
PageTables:        35428 kB
NFS_Unstable:          0 kB
Bounce:                0 kB
WritebackTmp:          0 kB
CommitLimit:     1479712 kB
Committed_AS:   77198580 kB
VmallocTotal:     319488 kB
VmallocUsed:       19436 kB
VmallocChunk:     159756 kB
Time pass: 70 sec

---2015-12-09 13:43:55
MemTotal:        1386568 kB
MemFree:           47196 kB
Buffers:            9320 kB
Cached:           588396 kB
SwapCached:        12944 kB
Active:           512464 kB
Inactive:         531712 kB
Active(anon):     214700 kB
Inactive(anon):   235404 kB
Active(file):     297764 kB
Inactive(file):   296308 kB
Unevictable:        3132 kB
Mlocked:               0 kB
HighTotal:        849920 kB
HighFree:          13464 kB
LowTotal:         536648 kB
LowFree:           33732 kB
SwapTotal:        786428 kB
SwapFree:         675328 kB
Dirty:               316 kB
Writeback:             0 kB
AnonPages:        442328 kB
Mapped:           355812 kB
Shmem:               512 kB
Slab:              54344 kB
SReclaimable:      17980 kB
SUnreclaim:        36364 kB
KernelStack:       12256 kB
PageTables:        35424 kB
NFS_Unstable:          0 kB
Bounce:                0 kB
WritebackTmp:          0 kB
CommitLimit:     1479712 kB
Committed_AS:   77202904 kB
VmallocTotal:     319488 kB
VmallocUsed:       19368 kB
VmallocChunk:     159756 kB
Time pass: 75 sec

---2015-12-09 13:43:55
MemTotal:        1386568 kB
MemFree:           32920 kB
Buffers:            8524 kB
Cached:           575624 kB
SwapCached:        13048 kB
Active:           512908 kB
Inactive:         524876 kB
Active(anon):     221140 kB
Inactive(anon):   236368 kB
Active(file):     291768 kB
Inactive(file):   288508 kB
Unevictable:        3132 kB
Mlocked:               0 kB
HighTotal:        849920 kB
HighFree:          12104 kB
LowTotal:         536648 kB
LowFree:           20816 kB
SwapTotal:        786428 kB
SwapFree:         671384 kB
Dirty:               100 kB
Writeback:             0 kB
AnonPages:        449824 kB
Mapped:           351556 kB
Shmem:               660 kB
Slab:              54384 kB
SReclaimable:      17976 kB
SUnreclaim:        36408 kB
KernelStack:       12504 kB
PageTables:        35612 kB
NFS_Unstable:          0 kB
Bounce:                0 kB
WritebackTmp:          0 kB
CommitLimit:     1479712 kB
Committed_AS:   77221552 kB
VmallocTotal:     319488 kB
VmallocUsed:       19504 kB
VmallocChunk:     159756 kB
Time pass: 79 sec

---2015-12-09 13:43:55
MemTotal:        1386568 kB
MemFree:           38888 kB
Buffers:           10128 kB
Cached:           572740 kB
SwapCached:        13168 kB
Active:           483364 kB
Inactive:         519252 kB
Active(anon):     193504 kB
Inactive(anon):   230088 kB
Active(file):     289860 kB
Inactive(file):   289164 kB
Unevictable:        3132 kB
Mlocked:               0 kB
HighTotal:        849920 kB
HighFree:          18212 kB
LowTotal:         536648 kB
LowFree:           20676 kB
SwapTotal:        786428 kB
SwapFree:         668984 kB
Dirty:                60 kB
Writeback:             0 kB
AnonPages:        415656 kB
Mapped:           326156 kB
Shmem:               712 kB
Slab:              53920 kB
SReclaimable:      17984 kB
SUnreclaim:        35936 kB
KernelStack:       11400 kB
PageTables:        30156 kB
NFS_Unstable:          0 kB
Bounce:                0 kB
WritebackTmp:          0 kB
CommitLimit:     1479712 kB
Committed_AS:   63549240 kB
VmallocTotal:     319488 kB
VmallocUsed:       19504 kB
VmallocChunk:     159756 kB
Time pass: 83 sec

---2015-12-09 13:43:55
MemTotal:        1386568 kB
MemFree:           38040 kB
Buffers:           10144 kB
Cached:           572916 kB
SwapCached:        13172 kB
Active:           485144 kB
Inactive:         519444 kB
Active(anon):     195284 kB
Inactive(anon):   230136 kB
Active(file):     289860 kB
Inactive(file):   289308 kB
Unevictable:        3132 kB
Mlocked:               0 kB
HighTotal:        849920 kB
HighFree:          16916 kB
LowTotal:         536648 kB
LowFree:           21124 kB
SwapTotal:        786428 kB
SwapFree:         668984 kB
Dirty:                 0 kB
Writeback:             0 kB
AnonPages:        417496 kB
Mapped:           326280 kB
Shmem:               760 kB
Slab:              54048 kB
SReclaimable:      17984 kB
SUnreclaim:        36064 kB
KernelStack:       11344 kB
PageTables:        30188 kB
NFS_Unstable:          0 kB
Bounce:                0 kB
WritebackTmp:          0 kB
CommitLimit:     1479712 kB
Committed_AS:   63549644 kB
VmallocTotal:     319488 kB
VmallocUsed:       19436 kB
VmallocChunk:     159756 kB
Time pass: 87 sec

---2015-12-09 13:43:55
MemTotal:        1386568 kB
MemFree:           35064 kB
Buffers:           10160 kB
Cached:           572916 kB
SwapCached:        13172 kB
Active:           484940 kB
Inactive:         519464 kB
Active(anon):     195080 kB
Inactive(anon):   230140 kB
Active(file):     289860 kB
Inactive(file):   289324 kB
Unevictable:        3132 kB
Mlocked:               0 kB
HighTotal:        849920 kB
HighFree:          13924 kB
LowTotal:         536648 kB
LowFree:           21140 kB
SwapTotal:        786428 kB
SwapFree:         668988 kB
Dirty:                40 kB
Writeback:             0 kB
AnonPages:        417272 kB
Mapped:           326328 kB
Shmem:               760 kB
Slab:              54396 kB
SReclaimable:      18000 kB
SUnreclaim:        36396 kB
KernelStack:       11400 kB
PageTables:        30068 kB
NFS_Unstable:          0 kB
Bounce:                0 kB
WritebackTmp:          0 kB
CommitLimit:     1479712 kB
Committed_AS:   63553804 kB
VmallocTotal:     319488 kB
VmallocUsed:       19504 kB
VmallocChunk:     159756 kB
Time pass: 91 sec

---2015-12-09 13:43:55
MemTotal:        1386568 kB
MemFree:           34536 kB
Buffers:           10172 kB
Cached:           573008 kB
SwapCached:        13172 kB
Active:           485464 kB
Inactive:         519532 kB
Active(anon):     195580 kB
Inactive(anon):   230216 kB
Active(file):     289884 kB
Inactive(file):   289316 kB
Unevictable:        3132 kB
Mlocked:               0 kB
HighTotal:        849920 kB
HighFree:          12668 kB
LowTotal:         536648 kB
LowFree:           21868 kB
SwapTotal:        786428 kB
SwapFree:         668988 kB
Dirty:                 0 kB
Writeback:             0 kB
AnonPages:        417704 kB
Mapped:           326368 kB
Shmem:               848 kB
Slab:              54480 kB
SReclaimable:      18000 kB
SUnreclaim:        36480 kB
KernelStack:       11352 kB
PageTables:        30068 kB
NFS_Unstable:          0 kB
Bounce:                0 kB
WritebackTmp:          0 kB
CommitLimit:     1479712 kB
Committed_AS:   63554060 kB
VmallocTotal:     319488 kB
VmallocUsed:       19436 kB
VmallocChunk:     159756 kB
Time pass: 95 sec

---2015-12-09 13:43:55
MemTotal:        1386568 kB
MemFree:           32280 kB
Buffers:           10188 kB
Cached:           573036 kB
SwapCached:        13172 kB
Active:           487348 kB
Inactive:         519576 kB
Active(anon):     197464 kB
Inactive(anon):   230236 kB
Active(file):     289884 kB
Inactive(file):   289340 kB
Unevictable:        3132 kB
Mlocked:               0 kB
HighTotal:        849920 kB
HighFree:           9916 kB
LowTotal:         536648 kB
LowFree:           22364 kB
SwapTotal:        786428 kB
SwapFree:         668992 kB
Dirty:                40 kB
Writeback:             0 kB
AnonPages:        419616 kB
Mapped:           326436 kB
Shmem:               868 kB
Slab:              54280 kB
SReclaimable:      18000 kB
SUnreclaim:        36280 kB
KernelStack:       11400 kB
PageTables:        30184 kB
NFS_Unstable:          0 kB
Bounce:                0 kB
WritebackTmp:          0 kB
CommitLimit:     1479712 kB
Committed_AS:   63558236 kB
VmallocTotal:     319488 kB
VmallocUsed:       19504 kB
VmallocChunk:     159756 kB
Time pass: 98 sec

---2015-12-09 13:43:55
MemTotal:        1386568 kB
MemFree:           29192 kB
Buffers:           10204 kB
Cached:           572992 kB
SwapCached:        13168 kB
Active:           490444 kB
Inactive:         519332 kB
Active(anon):     200832 kB
Inactive(anon):   229652 kB
Active(file):     289612 kB
Inactive(file):   289680 kB
Unevictable:        3132 kB
Mlocked:               0 kB
HighTotal:        849920 kB
HighFree:           8976 kB
LowTotal:         536648 kB
LowFree:           20216 kB
SwapTotal:        786428 kB
SwapFree:         668536 kB
Dirty:                40 kB
Writeback:             0 kB
AnonPages:        422500 kB
Mapped:           326484 kB
Shmem:               868 kB
Slab:              54404 kB
SReclaimable:      18000 kB
SUnreclaim:        36404 kB
KernelStack:       11392 kB
PageTables:        30568 kB
NFS_Unstable:          0 kB
Bounce:                0 kB
WritebackTmp:          0 kB
CommitLimit:     1479712 kB
Committed_AS:   66243116 kB
VmallocTotal:     319488 kB
VmallocUsed:       19504 kB
VmallocChunk:     159756 kB
Time pass: 102 sec

---2015-12-09 13:43:55
MemTotal:        1386568 kB
MemFree:          145948 kB
Buffers:           10272 kB
Cached:           579664 kB
SwapCached:        13736 kB
Active:           436980 kB
Inactive:         511940 kB
Active(anon):     136608 kB
Inactive(anon):   226064 kB
Active(file):     300372 kB
Inactive(file):   285876 kB
Unevictable:        3132 kB
Mlocked:               0 kB
HighTotal:        849920 kB
HighFree:          84544 kB
LowTotal:         536648 kB
LowFree:           61404 kB
SwapTotal:        786428 kB
SwapFree:         666728 kB
Dirty:                60 kB
Writeback:             0 kB
AnonPages:        354880 kB
Mapped:           252788 kB
Shmem:               356 kB
Slab:              54748 kB
SReclaimable:      18000 kB
SUnreclaim:        36748 kB
KernelStack:       11224 kB
PageTables:        30564 kB
NFS_Unstable:          0 kB
Bounce:                0 kB
WritebackTmp:          0 kB
CommitLimit:     1479712 kB
Committed_AS:   68589444 kB
VmallocTotal:     319488 kB
VmallocUsed:       19188 kB
VmallocChunk:     159756 kB
Time pass: 106 sec

---2015-12-09 13:43:55
MemTotal:        1386568 kB
MemFree:          114132 kB
Buffers:           10468 kB
Cached:           580184 kB
SwapCached:        13824 kB
Active:           457924 kB
Inactive:         511280 kB
Active(anon):     156152 kB
Inactive(anon):   226032 kB
Active(file):     301772 kB
Inactive(file):   285248 kB
Unevictable:        3132 kB
Mlocked:               0 kB
HighTotal:        849920 kB
HighFree:          54156 kB
LowTotal:         536648 kB
LowFree:           59976 kB
SwapTotal:        786428 kB
SwapFree:         666744 kB
Dirty:              1024 kB
Writeback:             0 kB
AnonPages:        374176 kB
Mapped:           283776 kB
Shmem:               500 kB
Slab:              54624 kB
SReclaimable:      18008 kB
SUnreclaim:        36616 kB
KernelStack:       11320 kB
PageTables:        31060 kB
NFS_Unstable:          0 kB
Bounce:                0 kB
WritebackTmp:          0 kB
CommitLimit:     1479712 kB
Committed_AS:   67213408 kB
VmallocTotal:     319488 kB
VmallocUsed:       19320 kB
VmallocChunk:     159756 kB
Time pass: 110 sec

---2015-12-09 13:43:55
MemTotal:        1386568 kB
MemFree:           91860 kB
Buffers:           10468 kB
Cached:           580732 kB
SwapCached:        13856 kB
Active:           469740 kB
Inactive:         511472 kB
Active(anon):     167888 kB
Inactive(anon):   225832 kB
Active(file):     301852 kB
Inactive(file):   285640 kB
Unevictable:        3132 kB
Mlocked:               0 kB
HighTotal:        849920 kB
HighFree:          32180 kB
LowTotal:         536648 kB
LowFree:           59680 kB
SwapTotal:        786428 kB
SwapFree:         666832 kB
Dirty:               568 kB
Writeback:             0 kB
AnonPages:        385668 kB
Mapped:           292384 kB
Shmem:               504 kB
Slab:              54632 kB
SReclaimable:      18008 kB
SUnreclaim:        36624 kB
KernelStack:       11392 kB
PageTables:        31204 kB
NFS_Unstable:          0 kB
Bounce:                0 kB
WritebackTmp:          0 kB
CommitLimit:     1479712 kB
Committed_AS:   67232680 kB
VmallocTotal:     319488 kB
VmallocUsed:       19280 kB
VmallocChunk:     159756 kB
Time pass: 113 sec

---2015-12-09 13:43:55
MemTotal:        1386568 kB
MemFree:           79408 kB
Buffers:           10540 kB
Cached:           581192 kB
SwapCached:        13856 kB
Active:           472972 kB
Inactive:         511748 kB
Active(anon):     170844 kB
Inactive(anon):   225840 kB
Active(file):     302128 kB
Inactive(file):   285908 kB
Unevictable:        3132 kB
Mlocked:               0 kB
HighTotal:        849920 kB
HighFree:          20576 kB
LowTotal:         536648 kB
LowFree:           58832 kB
SwapTotal:        786428 kB
SwapFree:         666836 kB
Dirty:               312 kB
Writeback:             0 kB
AnonPages:        388788 kB
Mapped:           301556 kB
Shmem:               504 kB
Slab:              54544 kB
SReclaimable:      18008 kB
SUnreclaim:        36536 kB
KernelStack:       11328 kB
PageTables:        31244 kB
NFS_Unstable:          0 kB
Bounce:                0 kB
WritebackTmp:          0 kB
CommitLimit:     1479712 kB
Committed_AS:   67232888 kB
VmallocTotal:     319488 kB
VmallocUsed:       19308 kB
VmallocChunk:     159756 kB
Time pass: 117 sec

---2015-12-09 13:43:55
MemTotal:        1386568 kB
MemFree:           64880 kB
Buffers:           10548 kB
Cached:           581436 kB
SwapCached:        13864 kB
Active:           478224 kB
Inactive:         511680 kB
Active(anon):     175712 kB
Inactive(anon):   225844 kB
Active(file):     302512 kB
Inactive(file):   285836 kB
Unevictable:        3132 kB
Mlocked:               0 kB
HighTotal:        849920 kB
HighFree:          15248 kB
LowTotal:         536648 kB
LowFree:           49632 kB
SwapTotal:        786428 kB
SwapFree:         666844 kB
Dirty:               320 kB
Writeback:             0 kB
AnonPages:        393536 kB
Mapped:           310532 kB
Shmem:               504 kB
Slab:              54544 kB
SReclaimable:      18016 kB
SUnreclaim:        36528 kB
KernelStack:       11328 kB
PageTables:        31268 kB
NFS_Unstable:          0 kB
Bounce:                0 kB
WritebackTmp:          0 kB
CommitLimit:     1479712 kB
Committed_AS:   67233480 kB
VmallocTotal:     319488 kB
VmallocUsed:       19308 kB
VmallocChunk:     159756 kB
Time pass: 121 sec

---2015-12-09 13:43:55
MemTotal:        1386568 kB
MemFree:           50800 kB
Buffers:           10556 kB
Cached:           581472 kB
SwapCached:        13864 kB
Active:           481336 kB
Inactive:         511512 kB
Active(anon):     178588 kB
Inactive(anon):   225836 kB
Active(file):     302748 kB
Inactive(file):   285676 kB
Unevictable:        3132 kB
Mlocked:               0 kB
HighTotal:        849920 kB
HighFree:          12860 kB
LowTotal:         536648 kB
LowFree:           37940 kB
SwapTotal:        786428 kB
SwapFree:         666848 kB
Dirty:               792 kB
Writeback:             0 kB
AnonPages:        396388 kB
Mapped:           320168 kB
Shmem:               504 kB
Slab:              54472 kB
SReclaimable:      18016 kB
SUnreclaim:        36456 kB
KernelStack:       11328 kB
PageTables:        31300 kB
NFS_Unstable:          0 kB
Bounce:                0 kB
WritebackTmp:          0 kB
CommitLimit:     1479712 kB
Committed_AS:   67241760 kB
VmallocTotal:     319488 kB
VmallocUsed:       19332 kB
VmallocChunk:     159756 kB
Time pass: 124 sec

---2015-12-09 13:43:55
MemTotal:        1386568 kB
MemFree:           39724 kB
Buffers:           10556 kB
Cached:           581592 kB
SwapCached:        13864 kB
Active:           484492 kB
Inactive:         511584 kB
Active(anon):     181732 kB
Inactive(anon):   225832 kB
Active(file):     302760 kB
Inactive(file):   285752 kB
Unevictable:        3132 kB
Mlocked:               0 kB
HighTotal:        849920 kB
HighFree:          10376 kB
LowTotal:         536648 kB
LowFree:           29348 kB
SwapTotal:        786428 kB
SwapFree:         666848 kB
Dirty:               576 kB
Writeback:             0 kB
AnonPages:        399572 kB
Mapped:           326288 kB
Shmem:               504 kB
Slab:              54412 kB
SReclaimable:      18016 kB
SUnreclaim:        36396 kB
KernelStack:       11272 kB
PageTables:        31336 kB
NFS_Unstable:          0 kB
Bounce:                0 kB
WritebackTmp:          0 kB
CommitLimit:     1479712 kB
Committed_AS:   67246864 kB
VmallocTotal:     319488 kB
VmallocUsed:       19356 kB
VmallocChunk:     159756 kB
Time pass: 128 sec

---2015-12-09 13:43:55
MemTotal:        1386568 kB
MemFree:           39648 kB
Buffers:           10564 kB
Cached:           581592 kB
SwapCached:        13864 kB
Active:           484588 kB
Inactive:         511596 kB
Active(anon):     181828 kB
Inactive(anon):   225836 kB
Active(file):     302760 kB
Inactive(file):   285760 kB
Unevictable:        3132 kB
Mlocked:               0 kB
HighTotal:        849920 kB
HighFree:          10268 kB
LowTotal:         536648 kB
LowFree:           29380 kB
SwapTotal:        786428 kB
SwapFree:         666852 kB
Dirty:                 0 kB
Writeback:             0 kB
AnonPages:        399676 kB
Mapped:           326292 kB
Shmem:               504 kB
Slab:              54424 kB
SReclaimable:      18000 kB
SUnreclaim:        36424 kB
KernelStack:       11272 kB
PageTables:        31336 kB
NFS_Unstable:          0 kB
Bounce:                0 kB
WritebackTmp:          0 kB
CommitLimit:     1479712 kB
Committed_AS:   67246944 kB
VmallocTotal:     319488 kB
VmallocUsed:       19288 kB
VmallocChunk:     159756 kB
Time pass: 132 sec

---2015-12-09 13:43:55
MemTotal:        1386568 kB
MemFree:           36600 kB
Buffers:           10572 kB
Cached:           581584 kB
SwapCached:        13864 kB
Active:           485700 kB
Inactive:         511596 kB
Active(anon):     182940 kB
Inactive(anon):   225836 kB
Active(file):     302760 kB
Inactive(file):   285760 kB
Unevictable:        3132 kB
Mlocked:               0 kB
HighTotal:        849920 kB
HighFree:           8808 kB
LowTotal:         536648 kB
LowFree:           27792 kB
SwapTotal:        786428 kB
SwapFree:         666852 kB
Dirty:                 4 kB
Writeback:             0 kB
AnonPages:        400796 kB
Mapped:           326772 kB
Shmem:               504 kB
Slab:              54580 kB
SReclaimable:      17984 kB
SUnreclaim:        36596 kB
KernelStack:       11312 kB
PageTables:        31336 kB
NFS_Unstable:          0 kB
Bounce:                0 kB
WritebackTmp:          0 kB
CommitLimit:     1479712 kB
Committed_AS:   67247172 kB
VmallocTotal:     319488 kB
VmallocUsed:       19492 kB
VmallocChunk:     159756 kB
Time pass: 136 sec

---2015-12-09 13:43:55
MemTotal:        1386568 kB
MemFree:           32608 kB
Buffers:           10572 kB
Cached:           581940 kB
SwapCached:        13908 kB
Active:           489016 kB
Inactive:         511032 kB
Active(anon):     185288 kB
Inactive(anon):   226048 kB
Active(file):     303728 kB
Inactive(file):   284984 kB
Unevictable:        3132 kB
Mlocked:               0 kB
HighTotal:        849920 kB
HighFree:           9808 kB
LowTotal:         536648 kB
LowFree:           22800 kB
SwapTotal:        786428 kB
SwapFree:         666952 kB
Dirty:                32 kB
Writeback:             0 kB
AnonPages:        403092 kB
Mapped:           329504 kB
Shmem:               684 kB
Slab:              54572 kB
SReclaimable:      17984 kB
SUnreclaim:        36588 kB
KernelStack:       11608 kB
PageTables:        31504 kB
NFS_Unstable:          0 kB
Bounce:                0 kB
WritebackTmp:          0 kB
CommitLimit:     1479712 kB
Committed_AS:   67262696 kB
VmallocTotal:     319488 kB
VmallocUsed:       19492 kB
VmallocChunk:     159756 kB
Time pass: 140 sec

---2015-12-09 13:43:55
MemTotal:        1386568 kB
MemFree:           37884 kB
Buffers:           10516 kB
Cached:           575064 kB
SwapCached:        14016 kB
Active:           493704 kB
Inactive:         502588 kB
Active(anon):     192276 kB
Inactive(anon):   222068 kB
Active(file):     301428 kB
Inactive(file):   280520 kB
Unevictable:        3132 kB
Mlocked:               0 kB
HighTotal:        849920 kB
HighFree:          13752 kB
LowTotal:         536648 kB
LowFree:           24132 kB
SwapTotal:        786428 kB
SwapFree:         665316 kB
Dirty:                48 kB
Writeback:             0 kB
AnonPages:        406176 kB
Mapped:           327984 kB
Shmem:               500 kB
Slab:              54572 kB
SReclaimable:      17992 kB
SUnreclaim:        36580 kB
KernelStack:       11536 kB
PageTables:        31452 kB
NFS_Unstable:          0 kB
Bounce:                0 kB
WritebackTmp:          0 kB
CommitLimit:     1479712 kB
Committed_AS:   67264832 kB
VmallocTotal:     319488 kB
VmallocUsed:       19424 kB
VmallocChunk:     159756 kB
Time pass: 144 sec

---2015-12-09 13:43:55
MemTotal:        1386568 kB
MemFree:           31656 kB
Buffers:           10544 kB
Cached:           573320 kB
SwapCached:        14028 kB
Active:           498904 kB
Inactive:         501684 kB
Active(anon):     199084 kB
Inactive(anon):   221508 kB
Active(file):     299820 kB
Inactive(file):   280176 kB
Unevictable:        3132 kB
Mlocked:               0 kB
HighTotal:        849920 kB
HighFree:           8744 kB
LowTotal:         536648 kB
LowFree:           22912 kB
SwapTotal:        786428 kB
SwapFree:         664424 kB
Dirty:                48 kB
Writeback:             0 kB
AnonPages:        412248 kB
Mapped:           327168 kB
Shmem:               736 kB
Slab:              54700 kB
SReclaimable:      17992 kB
SUnreclaim:        36708 kB
KernelStack:       11624 kB
PageTables:        31556 kB
NFS_Unstable:          0 kB
Bounce:                0 kB
WritebackTmp:          0 kB
CommitLimit:     1479712 kB
Committed_AS:   67275160 kB
VmallocTotal:     319488 kB
VmallocUsed:       19492 kB
VmallocChunk:     159756 kB
Time pass: 148 sec

---2015-12-09 13:43:55
MemTotal:        1386568 kB
MemFree:           33940 kB
Buffers:           10592 kB
Cached:           573320 kB
SwapCached:        14028 kB
Active:           499752 kB
Inactive:         501728 kB
Active(anon):     199932 kB
Inactive(anon):   221504 kB
Active(file):     299820 kB
Inactive(file):   280224 kB
Unevictable:        3132 kB
Mlocked:               0 kB
HighTotal:        849920 kB
HighFree:          11248 kB
LowTotal:         536648 kB
LowFree:           22692 kB
SwapTotal:        786428 kB
SwapFree:         664424 kB
Dirty:                40 kB
Writeback:             0 kB
AnonPages:        413080 kB
Mapped:           324488 kB
Shmem:               736 kB
Slab:              54508 kB
SReclaimable:      17992 kB
SUnreclaim:        36516 kB
KernelStack:       11584 kB
PageTables:        31584 kB
NFS_Unstable:          0 kB
Bounce:                0 kB
WritebackTmp:          0 kB
CommitLimit:     1479712 kB
Committed_AS:   67283400 kB
VmallocTotal:     319488 kB
VmallocUsed:       19424 kB
VmallocChunk:     159756 kB
Time pass: 152 sec

---2015-12-09 13:43:55
MemTotal:        1386568 kB
MemFree:           33168 kB
Buffers:           10600 kB
Cached:           573356 kB
SwapCached:        14028 kB
Active:           499884 kB
Inactive:         502108 kB
Active(anon):     200088 kB
Inactive(anon):   221896 kB
Active(file):     299796 kB
Inactive(file):   280212 kB
Unevictable:        3132 kB
Mlocked:               0 kB
HighTotal:        849920 kB
HighFree:          10300 kB
LowTotal:         536648 kB
LowFree:           22868 kB
SwapTotal:        786428 kB
SwapFree:         664444 kB
Dirty:                28 kB
Writeback:             0 kB
AnonPages:        413704 kB
Mapped:           324548 kB
Shmem:               808 kB
Slab:              54632 kB
SReclaimable:      17992 kB
SUnreclaim:        36640 kB
KernelStack:       11584 kB
PageTables:        31588 kB
NFS_Unstable:          0 kB
Bounce:                0 kB
WritebackTmp:          0 kB
CommitLimit:     1479712 kB
Committed_AS:   67283560 kB
VmallocTotal:     319488 kB
VmallocUsed:       19424 kB
VmallocChunk:     159756 kB
Time pass: 157 sec

---2015-12-09 13:43:55
MemTotal:        1386568 kB
MemFree:           32212 kB
Buffers:           10616 kB
Cached:           573356 kB
SwapCached:        14028 kB
Active:           500492 kB
Inactive:         502120 kB
Active(anon):     200696 kB
Inactive(anon):   221884 kB
Active(file):     299796 kB
Inactive(file):   280236 kB
Unevictable:        3132 kB
Mlocked:               0 kB
HighTotal:        849920 kB
HighFree:           9524 kB
LowTotal:         536648 kB
LowFree:           22688 kB
SwapTotal:        786428 kB
SwapFree:         664468 kB
Dirty:                40 kB
Writeback:             0 kB
AnonPages:        414152 kB
Mapped:           324540 kB
Shmem:               808 kB
Slab:              54508 kB
SReclaimable:      17992 kB
SUnreclaim:        36516 kB
KernelStack:       11624 kB
PageTables:        31608 kB
NFS_Unstable:          0 kB
Bounce:                0 kB
WritebackTmp:          0 kB
CommitLimit:     1479712 kB
Committed_AS:   67287832 kB
VmallocTotal:     319488 kB
VmallocUsed:       19492 kB
VmallocChunk:     159756 kB
Time pass: 160 sec

---2015-12-09 13:43:55
MemTotal:        1386568 kB
MemFree:           31752 kB
Buffers:           10616 kB
Cached:           573392 kB
SwapCached:        14028 kB
Active:           500268 kB
Inactive:         502140 kB
Active(anon):     200472 kB
Inactive(anon):   221868 kB
Active(file):     299796 kB
Inactive(file):   280272 kB
Unevictable:        3132 kB
Mlocked:               0 kB
HighTotal:        849920 kB
HighFree:           9460 kB
LowTotal:         536648 kB
LowFree:           22292 kB
SwapTotal:        786428 kB
SwapFree:         664468 kB
Dirty:                 0 kB
Writeback:             0 kB
AnonPages:        414180 kB
Mapped:           324600 kB
Shmem:               808 kB
Slab:              54956 kB
SReclaimable:      17992 kB
SUnreclaim:        36964 kB
KernelStack:       11632 kB
PageTables:        31592 kB
NFS_Unstable:          0 kB
Bounce:                0 kB
WritebackTmp:          0 kB
CommitLimit:     1479712 kB
Committed_AS:   67287820 kB
VmallocTotal:     319488 kB
VmallocUsed:       19492 kB
VmallocChunk:     159756 kB
Time pass: 164 sec

---2015-12-09 13:43:55
MemTotal:        1386568 kB
MemFree:           31296 kB
Buffers:           10640 kB
Cached:           573404 kB
SwapCached:        14024 kB
Active:           500868 kB
Inactive:         502140 kB
Active(anon):     201072 kB
Inactive(anon):   221844 kB
Active(file):     299796 kB
Inactive(file):   280296 kB
Unevictable:        3132 kB
Mlocked:               0 kB
HighTotal:        849920 kB
HighFree:           8680 kB
LowTotal:         536648 kB
LowFree:           22616 kB
SwapTotal:        786428 kB
SwapFree:         664492 kB
Dirty:                40 kB
Writeback:             0 kB
AnonPages:        414644 kB
Mapped:           324604 kB
Shmem:               812 kB
Slab:              54796 kB
SReclaimable:      17992 kB
SUnreclaim:        36804 kB
KernelStack:       11624 kB
PageTables:        31596 kB
NFS_Unstable:          0 kB
Bounce:                0 kB
WritebackTmp:          0 kB
CommitLimit:     1479712 kB
Committed_AS:   67288028 kB
VmallocTotal:     319488 kB
VmallocUsed:       19492 kB
VmallocChunk:     159756 kB
Time pass: 168 sec

---2015-12-09 13:43:55
MemTotal:        1386568 kB
MemFree:           30856 kB
Buffers:           10664 kB
Cached:           573372 kB
SwapCached:        14024 kB
Active:           501060 kB
Inactive:         502104 kB
Active(anon):     201264 kB
Inactive(anon):   221808 kB
Active(file):     299796 kB
Inactive(file):   280296 kB
Unevictable:        3132 kB
Mlocked:               0 kB
HighTotal:        849920 kB
HighFree:           8840 kB
LowTotal:         536648 kB
LowFree:           22016 kB
SwapTotal:        786428 kB
SwapFree:         664504 kB
Dirty:                 0 kB
Writeback:             0 kB
AnonPages:        414684 kB
Mapped:           324608 kB
Shmem:               812 kB
Slab:              54988 kB
SReclaimable:      17992 kB
SUnreclaim:        36996 kB
KernelStack:       11624 kB
PageTables:        31596 kB
NFS_Unstable:          0 kB
Bounce:                0 kB
WritebackTmp:          0 kB
CommitLimit:     1479712 kB
Committed_AS:   67288076 kB
VmallocTotal:     319488 kB
VmallocUsed:       19492 kB
VmallocChunk:     159756 kB
Time pass: 172 sec

---2015-12-09 13:43:55
MemTotal:        1386568 kB
MemFree:           31384 kB
Buffers:           10664 kB
Cached:           573396 kB
SwapCached:        14024 kB
Active:           501268 kB
Inactive:         502020 kB
Active(anon):     201472 kB
Inactive(anon):   221700 kB
Active(file):     299796 kB
Inactive(file):   280320 kB
Unevictable:        3132 kB
Mlocked:               0 kB
HighTotal:        849920 kB
HighFree:           8692 kB
LowTotal:         536648 kB
LowFree:           22692 kB
SwapTotal:        786428 kB
SwapFree:         664508 kB
Dirty:                40 kB
Writeback:             0 kB
AnonPages:        414836 kB
Mapped:           324600 kB
Shmem:               812 kB
Slab:              54568 kB
SReclaimable:      17992 kB
SUnreclaim:        36576 kB
KernelStack:       11632 kB
PageTables:        31640 kB
NFS_Unstable:          0 kB
Bounce:                0 kB
WritebackTmp:          0 kB
CommitLimit:     1479712 kB
Committed_AS:   67288440 kB
VmallocTotal:     319488 kB
VmallocUsed:       19492 kB
VmallocChunk:     159756 kB
Time pass: 176 sec

---2015-12-09 13:43:55
MemTotal:        1386568 kB
MemFree:           31292 kB
Buffers:           10688 kB
Cached:           573396 kB
SwapCached:        14036 kB
Active:           501552 kB
Inactive:         502076 kB
Active(anon):     201756 kB
Inactive(anon):   221732 kB
Active(file):     299796 kB
Inactive(file):   280344 kB
Unevictable:        3132 kB
Mlocked:               0 kB
HighTotal:        849920 kB
HighFree:           8840 kB
LowTotal:         536648 kB
LowFree:           22452 kB
SwapTotal:        786428 kB
SwapFree:         664580 kB
Dirty:                36 kB
Writeback:             0 kB
AnonPages:        415136 kB
Mapped:           324548 kB
Shmem:               812 kB
Slab:              54828 kB
SReclaimable:      17992 kB
SUnreclaim:        36836 kB
KernelStack:       11624 kB
PageTables:        31492 kB
NFS_Unstable:          0 kB
Bounce:                0 kB
WritebackTmp:          0 kB
CommitLimit:     1479712 kB
Committed_AS:   67288544 kB
VmallocTotal:     319488 kB
VmallocUsed:       19424 kB
VmallocChunk:     159756 kB
Time pass: 180 sec

---2015-12-09 13:43:55
MemTotal:        1386568 kB
MemFree:           30076 kB
Buffers:           10688 kB
Cached:           573396 kB
SwapCached:        14036 kB
Active:           502388 kB
Inactive:         501988 kB
Active(anon):     202592 kB
Inactive(anon):   221644 kB
Active(file):     299796 kB
Inactive(file):   280344 kB
Unevictable:        3132 kB
Mlocked:               0 kB
HighTotal:        849920 kB
HighFree:           8624 kB
LowTotal:         536648 kB
LowFree:           21452 kB
SwapTotal:        786428 kB
SwapFree:         664580 kB
Dirty:                 0 kB
Writeback:             0 kB
AnonPages:        416128 kB
Mapped:           324596 kB
Shmem:               812 kB
Slab:              54732 kB
SReclaimable:      17992 kB
SUnreclaim:        36740 kB
KernelStack:       11616 kB
PageTables:        31596 kB
NFS_Unstable:          0 kB
Bounce:                0 kB
WritebackTmp:          0 kB
CommitLimit:     1479712 kB
Committed_AS:   67288616 kB
VmallocTotal:     319488 kB
VmallocUsed:       19492 kB
VmallocChunk:     159756 kB
Time pass: 184 sec

---2015-12-09 13:43:55
MemTotal:        1386568 kB
MemFree:           29724 kB
Buffers:           10736 kB
Cached:           573640 kB
SwapCached:        14040 kB
Active:           503060 kB
Inactive:         502272 kB
Active(anon):     203240 kB
Inactive(anon):   221660 kB
Active(file):     299820 kB
Inactive(file):   280612 kB
Unevictable:        3132 kB
Mlocked:               0 kB
HighTotal:        849920 kB
HighFree:           8804 kB
LowTotal:         536648 kB
LowFree:           20920 kB
SwapTotal:        786428 kB
SwapFree:         664644 kB
Dirty:                28 kB
Writeback:             0 kB
AnonPages:        416536 kB
Mapped:           324464 kB
Shmem:               812 kB
Slab:              54828 kB
SReclaimable:      18000 kB
SUnreclaim:        36828 kB
KernelStack:       11624 kB
PageTables:        31596 kB
NFS_Unstable:          0 kB
Bounce:                0 kB
WritebackTmp:          0 kB
CommitLimit:     1479712 kB
Committed_AS:   67288832 kB
VmallocTotal:     319488 kB
VmallocUsed:       19492 kB
VmallocChunk:     159756 kB
Time pass: 188 sec

---2015-12-09 13:43:55
MemTotal:        1386568 kB
MemFree:           33276 kB
Buffers:           10732 kB
Cached:           570824 kB
SwapCached:        14048 kB
Active:           498080 kB
Inactive:         502852 kB
Active(anon):     200640 kB
Inactive(anon):   222780 kB
Active(file):     297440 kB
Inactive(file):   280072 kB
Unevictable:        3132 kB
Mlocked:               0 kB
HighTotal:        849920 kB
HighFree:          11608 kB
LowTotal:         536648 kB
LowFree:           21668 kB
SwapTotal:        786428 kB
SwapFree:         663692 kB
Dirty:                 4 kB
Writeback:             0 kB
AnonPages:        415212 kB
Mapped:           323308 kB
Shmem:               812 kB
Slab:              54712 kB
SReclaimable:      18000 kB
SUnreclaim:        36712 kB
KernelStack:       11624 kB
PageTables:        31596 kB
NFS_Unstable:          0 kB
Bounce:                0 kB
WritebackTmp:          0 kB
CommitLimit:     1479712 kB
Committed_AS:   67288896 kB
VmallocTotal:     319488 kB
VmallocUsed:       19492 kB
VmallocChunk:     159756 kB
Time pass: 192 sec

---2015-12-09 13:43:55
MemTotal:        1386568 kB
MemFree:           34280 kB
Buffers:           10732 kB
Cached:           570748 kB
SwapCached:        13968 kB
Active:           498264 kB
Inactive:         502684 kB
Active(anon):     200824 kB
Inactive(anon):   222668 kB
Active(file):     297440 kB
Inactive(file):   280016 kB
Unevictable:        3132 kB
Mlocked:               0 kB
HighTotal:        849920 kB
HighFree:          11668 kB
LowTotal:         536648 kB
LowFree:           22612 kB
SwapTotal:        786428 kB
SwapFree:         663848 kB
Dirty:                 0 kB
Writeback:             0 kB
AnonPages:        414956 kB
Mapped:           323420 kB
Shmem:               812 kB
Slab:              54840 kB
SReclaimable:      18000 kB
SUnreclaim:        36840 kB
KernelStack:       11616 kB
PageTables:        31596 kB
NFS_Unstable:          0 kB
Bounce:                0 kB
WritebackTmp:          0 kB
CommitLimit:     1479712 kB
Committed_AS:   67289104 kB
VmallocTotal:     319488 kB
VmallocUsed:       19492 kB
VmallocChunk:     159756 kB
Time pass: 196 sec

---2015-12-09 13:43:55
MemTotal:        1386568 kB
MemFree:           33392 kB
Buffers:           10756 kB
Cached:           570640 kB
SwapCached:        14012 kB
Active:           499500 kB
Inactive:         502584 kB
Active(anon):     202060 kB
Inactive(anon):   222560 kB
Active(file):     297440 kB
Inactive(file):   280024 kB
Unevictable:        3132 kB
Mlocked:               0 kB
HighTotal:        849920 kB
HighFree:          10484 kB
LowTotal:         536648 kB
LowFree:           22908 kB
SwapTotal:        786428 kB
SwapFree:         664196 kB
Dirty:                28 kB
Writeback:             0 kB
AnonPages:        416448 kB
Mapped:           323296 kB
Shmem:               816 kB
Slab:              54580 kB
SReclaimable:      18000 kB
SUnreclaim:        36580 kB
KernelStack:       11472 kB
PageTables:        31588 kB
NFS_Unstable:          0 kB
Bounce:                0 kB
WritebackTmp:          0 kB
CommitLimit:     1479712 kB
Committed_AS:   67288168 kB
VmallocTotal:     319488 kB
VmallocUsed:       19492 kB
VmallocChunk:     159756 kB
Time pass: 200 sec

---2015-12-09 13:43:55
MemTotal:        1386568 kB
MemFree:           34468 kB
Buffers:           10756 kB
Cached:           570672 kB
SwapCached:        14012 kB
Active:           498796 kB
Inactive:         502608 kB
Active(anon):     201356 kB
Inactive(anon):   222568 kB
Active(file):     297440 kB
Inactive(file):   280040 kB
Unevictable:        3132 kB
Mlocked:               0 kB
HighTotal:        849920 kB
HighFree:           9932 kB
LowTotal:         536648 kB
LowFree:           24536 kB
SwapTotal:        786428 kB
SwapFree:         664200 kB
Dirty:                 0 kB
Writeback:             0 kB
AnonPages:        415412 kB
Mapped:           323456 kB
Shmem:               816 kB
Slab:              54764 kB
SReclaimable:      17992 kB
SUnreclaim:        36772 kB
KernelStack:       11200 kB
PageTables:        31520 kB
NFS_Unstable:          0 kB
Bounce:                0 kB
WritebackTmp:          0 kB
CommitLimit:     1479712 kB
Committed_AS:   67288112 kB
VmallocTotal:     319488 kB
VmallocUsed:       19492 kB
VmallocChunk:     159756 kB
Time pass: 204 sec

---2015-12-09 13:43:55
MemTotal:        1386568 kB
MemFree:           33036 kB
Buffers:           10780 kB
Cached:           570672 kB
SwapCached:        14012 kB
Active:           499204 kB
Inactive:         502632 kB
Active(anon):     201764 kB
Inactive(anon):   222568 kB
Active(file):     297440 kB
Inactive(file):   280064 kB
Unevictable:        3132 kB
Mlocked:               0 kB
HighTotal:        849920 kB
HighFree:           9056 kB
LowTotal:         536648 kB
LowFree:           23980 kB
SwapTotal:        786428 kB
SwapFree:         664208 kB
Dirty:                40 kB
Writeback:             0 kB
AnonPages:        416016 kB
Mapped:           323444 kB
Shmem:               816 kB
Slab:              54828 kB
SReclaimable:      17992 kB
SUnreclaim:        36836 kB
KernelStack:       11224 kB
PageTables:        31540 kB
NFS_Unstable:          0 kB
Bounce:                0 kB
WritebackTmp:          0 kB
CommitLimit:     1479712 kB
Committed_AS:   67288224 kB
VmallocTotal:     319488 kB
VmallocUsed:       19492 kB
VmallocChunk:     159756 kB
Time pass: 208 sec

---2015-12-09 13:43:55
MemTotal:        1386568 kB
MemFree:           32804 kB
Buffers:           10796 kB
Cached:           570664 kB
SwapCached:        14012 kB
Active:           499736 kB
Inactive:         502508 kB
Active(anon):     202296 kB
Inactive(anon):   222436 kB
Active(file):     297440 kB
Inactive(file):   280072 kB
Unevictable:        3132 kB
Mlocked:               0 kB
HighTotal:        849920 kB
HighFree:           8712 kB
LowTotal:         536648 kB
LowFree:           24092 kB
SwapTotal:        786428 kB
SwapFree:         664228 kB
Dirty:                32 kB
Writeback:             0 kB
AnonPages:        416672 kB
Mapped:           323444 kB
Shmem:               816 kB
Slab:              54828 kB
SReclaimable:      17992 kB
SUnreclaim:        36836 kB
KernelStack:       11192 kB
PageTables:        31532 kB
NFS_Unstable:          0 kB
Bounce:                0 kB
WritebackTmp:          0 kB
CommitLimit:     1479712 kB
Committed_AS:   67292440 kB
VmallocTotal:     319488 kB
VmallocUsed:       19492 kB
VmallocChunk:     159756 kB
Time pass: 212 sec

---2015-12-09 13:43:55
MemTotal:        1386568 kB
MemFree:           32292 kB
Buffers:           10796 kB
Cached:           570724 kB
SwapCached:        14012 kB
Active:           500800 kB
Inactive:         502564 kB
Active(anon):     203360 kB
Inactive(anon):   222432 kB
Active(file):     297440 kB
Inactive(file):   280132 kB
Unevictable:        3132 kB
Mlocked:               0 kB
HighTotal:        849920 kB
HighFree:           8784 kB
LowTotal:         536648 kB
LowFree:           23508 kB
SwapTotal:        786428 kB
SwapFree:         664228 kB
Dirty:                36 kB
Writeback:             0 kB
AnonPages:        417404 kB
Mapped:           323304 kB
Shmem:               816 kB
Slab:              54796 kB
SReclaimable:      17992 kB
SUnreclaim:        36804 kB
KernelStack:       11192 kB
PageTables:        31536 kB
NFS_Unstable:          0 kB
Bounce:                0 kB
WritebackTmp:          0 kB
CommitLimit:     1479712 kB
Committed_AS:   67292616 kB
VmallocTotal:     319488 kB
VmallocUsed:       19492 kB
VmallocChunk:     159756 kB
Time pass: 216 sec

---2015-12-09 13:43:55
MemTotal:        1386568 kB
MemFree:           30000 kB
Buffers:           10828 kB
Cached:           571992 kB
SwapCached:        14008 kB
Active:           501512 kB
Inactive:         503904 kB
Active(anon):     204064 kB
Inactive(anon):   222436 kB
Active(file):     297448 kB
Inactive(file):   281468 kB
Unevictable:        3132 kB
Mlocked:               0 kB
HighTotal:        849920 kB
HighFree:           8700 kB
LowTotal:         536648 kB
LowFree:           21300 kB
SwapTotal:        786428 kB
SwapFree:         664236 kB
Dirty:                48 kB
Writeback:             0 kB
AnonPages:        418016 kB
Mapped:           323676 kB
Shmem:               820 kB
Slab:              54728 kB
SReclaimable:      17992 kB
SUnreclaim:        36736 kB
KernelStack:       11272 kB
PageTables:        31988 kB
NFS_Unstable:          0 kB
Bounce:                0 kB
WritebackTmp:          0 kB
CommitLimit:     1479712 kB
Committed_AS:   68532608 kB
VmallocTotal:     319488 kB
VmallocUsed:       19492 kB
VmallocChunk:     159756 kB
Time pass: 220 sec

---2015-12-09 13:43:55
MemTotal:        1386568 kB
MemFree:           29584 kB
Buffers:           10828 kB
Cached:           572068 kB
SwapCached:        14008 kB
Active:           501448 kB
Inactive:         503848 kB
Active(anon):     203940 kB
Inactive(anon):   222416 kB
Active(file):     297508 kB
Inactive(file):   281432 kB
Unevictable:        3132 kB
Mlocked:               0 kB
HighTotal:        849920 kB
HighFree:           9372 kB
LowTotal:         536648 kB
LowFree:           20212 kB
SwapTotal:        786428 kB
SwapFree:         664252 kB
Dirty:                 0 kB
Writeback:             0 kB
AnonPages:        418020 kB
Mapped:           323788 kB
Shmem:               824 kB
Slab:              54764 kB
SReclaimable:      17992 kB
SUnreclaim:        36772 kB
KernelStack:       11272 kB
PageTables:        31992 kB
NFS_Unstable:          0 kB
Bounce:                0 kB
WritebackTmp:          0 kB
CommitLimit:     1479712 kB
Committed_AS:   68532704 kB
VmallocTotal:     319488 kB
VmallocUsed:       19492 kB
VmallocChunk:     159756 kB
Time pass: 224 sec

---2015-12-09 13:43:55
MemTotal:        1386568 kB
MemFree:           32212 kB
Buffers:           10860 kB
Cached:           572060 kB
SwapCached:        14008 kB
Active:           498796 kB
Inactive:         503852 kB
Active(anon):     201284 kB
Inactive(anon):   222400 kB
Active(file):     297512 kB
Inactive(file):   281452 kB
Unevictable:        3132 kB
Mlocked:               0 kB
HighTotal:        849920 kB
HighFree:          11024 kB
LowTotal:         536648 kB
LowFree:           21188 kB
SwapTotal:        786428 kB
SwapFree:         664256 kB
Dirty:                56 kB
Writeback:             0 kB
AnonPages:        415504 kB
Mapped:           323640 kB
Shmem:               824 kB
Slab:              54764 kB
SReclaimable:      17992 kB
SUnreclaim:        36772 kB
KernelStack:       11232 kB
PageTables:        32000 kB
NFS_Unstable:          0 kB
Bounce:                0 kB
WritebackTmp:          0 kB
CommitLimit:     1479712 kB
Committed_AS:   68533312 kB
VmallocTotal:     319488 kB
VmallocUsed:       19492 kB
VmallocChunk:     159756 kB
Time pass: 228 sec

---2015-12-09 13:43:55
MemTotal:        1386568 kB
MemFree:           31096 kB
Buffers:           10860 kB
Cached:           572068 kB
SwapCached:        14008 kB
Active:           499064 kB
Inactive:         503836 kB
Active(anon):     201552 kB
Inactive(anon):   222376 kB
Active(file):     297512 kB
Inactive(file):   281460 kB
Unevictable:        3132 kB
Mlocked:               0 kB
HighTotal:        849920 kB
HighFree:          10236 kB
LowTotal:         536648 kB
LowFree:           20860 kB
SwapTotal:        786428 kB
SwapFree:         664256 kB
Dirty:                 0 kB
Writeback:             0 kB
AnonPages:        415632 kB
Mapped:           323788 kB
Shmem:               824 kB
Slab:              54896 kB
SReclaimable:      17992 kB
SUnreclaim:        36904 kB
KernelStack:       11216 kB
PageTables:        31996 kB
NFS_Unstable:          0 kB
Bounce:                0 kB
WritebackTmp:          0 kB
CommitLimit:     1479712 kB
Committed_AS:   68533368 kB
VmallocTotal:     319488 kB
VmallocUsed:       19492 kB
VmallocChunk:     159756 kB
Time pass: 232 sec

---2015-12-09 13:43:55
MemTotal:        1386568 kB
MemFree:           31476 kB
Buffers:           10884 kB
Cached:           572072 kB
SwapCached:        14008 kB
Active:           499540 kB
Inactive:         503812 kB
Active(anon):     202028 kB
Inactive(anon):   222328 kB
Active(file):     297512 kB
Inactive(file):   281484 kB
Unevictable:        3132 kB
Mlocked:               0 kB
HighTotal:        849920 kB
HighFree:          10580 kB
LowTotal:         536648 kB
LowFree:           20896 kB
SwapTotal:        786428 kB
SwapFree:         664256 kB
Dirty:                52 kB
Writeback:             0 kB
AnonPages:        416120 kB
Mapped:           323644 kB
Shmem:               828 kB
Slab:              54840 kB
SReclaimable:      17992 kB
SUnreclaim:        36848 kB
KernelStack:       11216 kB
PageTables:        31996 kB
NFS_Unstable:          0 kB
Bounce:                0 kB
WritebackTmp:          0 kB
CommitLimit:     1479712 kB
Committed_AS:   68533552 kB
VmallocTotal:     319488 kB
VmallocUsed:       19492 kB
VmallocChunk:     159756 kB
Time pass: 236 sec

---2015-12-09 13:43:55
MemTotal:        1386568 kB
MemFree:           31472 kB
Buffers:           10900 kB
Cached:           572056 kB
SwapCached:        14008 kB
Active:           499176 kB
Inactive:         503712 kB
Active(anon):     201664 kB
Inactive(anon):   222228 kB
Active(file):     297512 kB
Inactive(file):   281484 kB
Unevictable:        3132 kB
Mlocked:               0 kB
HighTotal:        849920 kB
HighFree:           9516 kB
LowTotal:         536648 kB
LowFree:           21956 kB
SwapTotal:        786428 kB
SwapFree:         664256 kB
Dirty:                 0 kB
Writeback:             0 kB
AnonPages:        415620 kB
Mapped:           323788 kB
Shmem:               828 kB
Slab:              54832 kB
SReclaimable:      17992 kB
SUnreclaim:        36840 kB
KernelStack:       11208 kB
PageTables:        31984 kB
NFS_Unstable:          0 kB
Bounce:                0 kB
WritebackTmp:          0 kB
CommitLimit:     1479712 kB
Committed_AS:   68533664 kB
VmallocTotal:     319488 kB
VmallocUsed:       19492 kB
VmallocChunk:     159756 kB
Time pass: 240 sec

---2015-12-09 13:43:55
MemTotal:        1386568 kB
MemFree:           31556 kB
Buffers:           10900 kB
Cached:           572288 kB
SwapCached:        14008 kB
Active:           500252 kB
Inactive:         503932 kB
Active(anon):     202740 kB
Inactive(anon):   222432 kB
Active(file):     297512 kB
Inactive(file):   281500 kB
Unevictable:        3132 kB
Mlocked:               0 kB
HighTotal:        849920 kB
HighFree:           8888 kB
LowTotal:         536648 kB
LowFree:           22668 kB
SwapTotal:        786428 kB
SwapFree:         664260 kB
Dirty:                40 kB
Writeback:             0 kB
AnonPages:        416620 kB
Mapped:           323956 kB
Shmem:              1044 kB
Slab:              54580 kB
SReclaimable:      17992 kB
SUnreclaim:        36588 kB
KernelStack:       11200 kB
PageTables:        31992 kB
NFS_Unstable:          0 kB
Bounce:                0 kB
WritebackTmp:          0 kB
CommitLimit:     1479712 kB
Committed_AS:   68533712 kB
VmallocTotal:     319488 kB
VmallocUsed:       19424 kB
VmallocChunk:     159756 kB
Time pass: 244 sec

---2015-12-09 13:43:55
MemTotal:        1386568 kB
MemFree:           31236 kB
Buffers:           10924 kB
Cached:           572288 kB
SwapCached:        14008 kB
Active:           499816 kB
Inactive:         503884 kB
Active(anon):     202304 kB
Inactive(anon):   222360 kB
Active(file):     297512 kB
Inactive(file):   281524 kB
Unevictable:        3132 kB
Mlocked:               0 kB
HighTotal:        849920 kB
HighFree:           9104 kB
LowTotal:         536648 kB
LowFree:           22132 kB
SwapTotal:        786428 kB
SwapFree:         664268 kB
Dirty:                44 kB
Writeback:             0 kB
AnonPages:        416180 kB
Mapped:           323956 kB
Shmem:              1044 kB
Slab:              54804 kB
SReclaimable:      17992 kB
SUnreclaim:        36812 kB
KernelStack:       11208 kB
PageTables:        31980 kB
NFS_Unstable:          0 kB
Bounce:                0 kB
WritebackTmp:          0 kB
CommitLimit:     1479712 kB
Committed_AS:   68533944 kB
VmallocTotal:     319488 kB
VmallocUsed:       19424 kB
VmallocChunk:     159756 kB
Time pass: 248 sec

---2015-12-09 13:43:55
MemTotal:        1386568 kB
MemFree:           31260 kB
Buffers:           10924 kB
Cached:           572288 kB
SwapCached:        14008 kB
Active:           499412 kB
Inactive:         503872 kB
Active(anon):     201900 kB
Inactive(anon):   222348 kB
Active(file):     297512 kB
Inactive(file):   281524 kB
Unevictable:        3132 kB
Mlocked:               0 kB
HighTotal:        849920 kB
HighFree:           8936 kB
LowTotal:         536648 kB
LowFree:           22324 kB
SwapTotal:        786428 kB
SwapFree:         664284 kB
Dirty:                 0 kB
Writeback:             0 kB
AnonPages:        415872 kB
Mapped:           323860 kB
Shmem:              1044 kB
Slab:              54804 kB
SReclaimable:      17992 kB
SUnreclaim:        36812 kB
KernelStack:       11208 kB
PageTables:        31988 kB
NFS_Unstable:          0 kB
Bounce:                0 kB
WritebackTmp:          0 kB
CommitLimit:     1479712 kB
Committed_AS:   68533924 kB
VmallocTotal:     319488 kB
VmallocUsed:       19492 kB
VmallocChunk:     159756 kB
Time pass: 252 sec

---2015-12-09 13:43:55
MemTotal:        1386568 kB
MemFree:           31036 kB
Buffers:           10948 kB
Cached:           572272 kB
SwapCached:        14008 kB
Active:           499816 kB
Inactive:         503880 kB
Active(anon):     202304 kB
Inactive(anon):   222348 kB
Active(file):     297512 kB
Inactive(file):   281532 kB
Unevictable:        3132 kB
Mlocked:               0 kB
HighTotal:        849920 kB
HighFree:           8740 kB
LowTotal:         536648 kB
LowFree:           22296 kB
SwapTotal:        786428 kB
SwapFree:         664304 kB
Dirty:                28 kB
Writeback:             0 kB
AnonPages:        416200 kB
Mapped:           324008 kB
Shmem:              1044 kB
Slab:              54804 kB
SReclaimable:      17992 kB
SUnreclaim:        36812 kB
KernelStack:       11200 kB
PageTables:        31988 kB
NFS_Unstable:          0 kB
Bounce:                0 kB
WritebackTmp:          0 kB
CommitLimit:     1479712 kB
Committed_AS:   68534096 kB
VmallocTotal:     319488 kB
VmallocUsed:       19492 kB
VmallocChunk:     159756 kB
Time pass: 256 sec

---2015-12-09 13:43:55
MemTotal:        1386568 kB
MemFree:           31532 kB
Buffers:           10948 kB
Cached:           572296 kB
SwapCached:        14008 kB
Active:           499812 kB
Inactive:         503904 kB
Active(anon):     202300 kB
Inactive(anon):   222356 kB
Active(file):     297512 kB
Inactive(file):   281548 kB
Unevictable:        3132 kB
Mlocked:               0 kB
HighTotal:        849920 kB
HighFree:           9116 kB
LowTotal:         536648 kB
LowFree:           22416 kB
SwapTotal:        786428 kB
SwapFree:         664304 kB
Dirty:                 0 kB
Writeback:             0 kB
AnonPages:        416168 kB
Mapped:           323868 kB
Shmem:              1052 kB
Slab:              54836 kB
SReclaimable:      17992 kB
SUnreclaim:        36844 kB
KernelStack:       11200 kB
PageTables:        31988 kB
NFS_Unstable:          0 kB
Bounce:                0 kB
WritebackTmp:          0 kB
CommitLimit:     1479712 kB
Committed_AS:   68534360 kB
VmallocTotal:     319488 kB
VmallocUsed:       19492 kB
VmallocChunk:     159756 kB
Time pass: 260 sec

---2015-12-09 13:43:55
MemTotal:        1386568 kB
MemFree:           31640 kB
Buffers:           10972 kB
Cached:           572296 kB
SwapCached:        14008 kB
Active:           500108 kB
Inactive:         503904 kB
Active(anon):     202596 kB
Inactive(anon):   222332 kB
Active(file):     297512 kB
Inactive(file):   281572 kB
Unevictable:        3132 kB
Mlocked:               0 kB
HighTotal:        849920 kB
HighFree:           9752 kB
LowTotal:         536648 kB
LowFree:           21888 kB
SwapTotal:        786428 kB
SwapFree:         664308 kB
Dirty:                40 kB
Writeback:             0 kB
AnonPages:        416504 kB
Mapped:           323968 kB
Shmem:              1052 kB
Slab:              54868 kB
SReclaimable:      17992 kB
SUnreclaim:        36876 kB
KernelStack:       11216 kB
PageTables:        31992 kB
NFS_Unstable:          0 kB
Bounce:                0 kB
WritebackTmp:          0 kB
CommitLimit:     1479712 kB
Committed_AS:   68534424 kB
VmallocTotal:     319488 kB
VmallocUsed:       19424 kB
VmallocChunk:     159756 kB
Time pass: 264 sec

---2015-12-09 13:43:55
MemTotal:        1386568 kB
MemFree:           30304 kB
Buffers:           10988 kB
Cached:           572280 kB
SwapCached:        14008 kB
Active:           501392 kB
Inactive:         503904 kB
Active(anon):     203880 kB
Inactive(anon):   222332 kB
Active(file):     297512 kB
Inactive(file):   281572 kB
Unevictable:        3132 kB
Mlocked:               0 kB
HighTotal:        849920 kB
HighFree:           8696 kB
LowTotal:         536648 kB
LowFree:           21608 kB
SwapTotal:        786428 kB
SwapFree:         664312 kB
Dirty:                40 kB
Writeback:             0 kB
AnonPages:        417672 kB
Mapped:           324016 kB
Shmem:              1052 kB
Slab:              54772 kB
SReclaimable:      17992 kB
SUnreclaim:        36780 kB
KernelStack:       11200 kB
PageTables:        31984 kB
NFS_Unstable:          0 kB
Bounce:                0 kB
WritebackTmp:          0 kB
CommitLimit:     1479712 kB
Committed_AS:   68534636 kB
VmallocTotal:     319488 kB
VmallocUsed:       19492 kB
VmallocChunk:     159756 kB
Time pass: 268 sec

---2015-12-09 13:43:55
MemTotal:        1386568 kB
MemFree:           30852 kB
Buffers:           10988 kB
Cached:           572296 kB
SwapCached:        14008 kB
Active:           500484 kB
Inactive:         503904 kB
Active(anon):     202972 kB
Inactive(anon):   222316 kB
Active(file):     297512 kB
Inactive(file):   281588 kB
Unevictable:        3132 kB
Mlocked:               0 kB
HighTotal:        849920 kB
HighFree:           9296 kB
LowTotal:         536648 kB
LowFree:           21556 kB
SwapTotal:        786428 kB
SwapFree:         664312 kB
Dirty:                40 kB
Writeback:             0 kB
AnonPages:        416740 kB
Mapped:           324016 kB
Shmem:              1052 kB
Slab:              54932 kB
SReclaimable:      17992 kB
SUnreclaim:        36940 kB
KernelStack:       11200 kB
PageTables:        31988 kB
NFS_Unstable:          0 kB
Bounce:                0 kB
WritebackTmp:          0 kB
CommitLimit:     1479712 kB
Committed_AS:   68534744 kB
VmallocTotal:     319488 kB
VmallocUsed:       19492 kB
VmallocChunk:     159756 kB
Time pass: 272 sec

---2015-12-09 13:43:55
MemTotal:        1386568 kB
MemFree:           30100 kB
Buffers:           11012 kB
Cached:           572296 kB
SwapCached:        14008 kB
Active:           500704 kB
Inactive:         503904 kB
Active(anon):     203192 kB
Inactive(anon):   222300 kB
Active(file):     297512 kB
Inactive(file):   281604 kB
Unevictable:        3132 kB
Mlocked:               0 kB
HighTotal:        849920 kB
HighFree:           8964 kB
LowTotal:         536648 kB
LowFree:           21136 kB
SwapTotal:        786428 kB
SwapFree:         664324 kB
Dirty:                28 kB
Writeback:             0 kB
AnonPages:        416936 kB
Mapped:           324016 kB
Shmem:              1052 kB
Slab:              54868 kB
SReclaimable:      17992 kB
SUnreclaim:        36876 kB
KernelStack:       11224 kB
PageTables:        31988 kB
NFS_Unstable:          0 kB
Bounce:                0 kB
WritebackTmp:          0 kB
CommitLimit:     1479712 kB
Committed_AS:   68534944 kB
VmallocTotal:     319488 kB
VmallocUsed:       19492 kB
VmallocChunk:     159756 kB
Time pass: 276 sec

---2015-12-09 13:43:55
MemTotal:        1386568 kB
MemFree:           29824 kB
Buffers:           11012 kB
Cached:           572296 kB
SwapCached:        14008 kB
Active:           500756 kB
Inactive:         503912 kB
Active(anon):     203240 kB
Inactive(anon):   222304 kB
Active(file):     297516 kB
Inactive(file):   281608 kB
Unevictable:        3132 kB
Mlocked:               0 kB
HighTotal:        849920 kB
HighFree:           9152 kB
LowTotal:         536648 kB
LowFree:           20672 kB
SwapTotal:        786428 kB
SwapFree:         664328 kB
Dirty:                 0 kB
Writeback:             0 kB
AnonPages:        417096 kB
Mapped:           323864 kB
Shmem:              1052 kB
Slab:              54964 kB
SReclaimable:      17992 kB
SUnreclaim:        36972 kB
KernelStack:       11200 kB
PageTables:        31992 kB
NFS_Unstable:          0 kB
Bounce:                0 kB
WritebackTmp:          0 kB
CommitLimit:     1479712 kB
Committed_AS:   68535004 kB
VmallocTotal:     319488 kB
VmallocUsed:       19492 kB
VmallocChunk:     159756 kB
Time pass: 280 sec

---2015-12-09 13:43:55
MemTotal:        1386568 kB
MemFree:           29228 kB
Buffers:           11036 kB
Cached:           572296 kB
SwapCached:        14008 kB
Active:           501204 kB
Inactive:         503932 kB
Active(anon):     203688 kB
Inactive(anon):   222300 kB
Active(file):     297516 kB
Inactive(file):   281632 kB
Unevictable:        3132 kB
Mlocked:               0 kB
HighTotal:        849920 kB
HighFree:           9156 kB
LowTotal:         536648 kB
LowFree:           20072 kB
SwapTotal:        786428 kB
SwapFree:         664336 kB
Dirty:                40 kB
Writeback:             0 kB
AnonPages:        417320 kB
Mapped:           324012 kB
Shmem:              1052 kB
Slab:              54836 kB
SReclaimable:      17992 kB
SUnreclaim:        36844 kB
KernelStack:       11208 kB
PageTables:        31988 kB
NFS_Unstable:          0 kB
Bounce:                0 kB
WritebackTmp:          0 kB
CommitLimit:     1479712 kB
Committed_AS:   68535144 kB
VmallocTotal:     319488 kB
VmallocUsed:       19492 kB
VmallocChunk:     159756 kB
Time pass: 284 sec

---2015-12-09 13:43:55
MemTotal:        1386568 kB
MemFree:           29756 kB
Buffers:           11036 kB
Cached:           572296 kB
SwapCached:        14008 kB
Active:           500508 kB
Inactive:         503908 kB
Active(anon):     202992 kB
Inactive(anon):   222276 kB
Active(file):     297516 kB
Inactive(file):   281632 kB
Unevictable:        3132 kB
Mlocked:               0 kB
HighTotal:        849920 kB
HighFree:           8744 kB
LowTotal:         536648 kB
LowFree:           21012 kB
SwapTotal:        786428 kB
SwapFree:         664344 kB
Dirty:                 0 kB
Writeback:             0 kB
AnonPages:        416888 kB
Mapped:           324012 kB
Shmem:              1052 kB
Slab:              54612 kB
SReclaimable:      17992 kB
SUnreclaim:        36620 kB
KernelStack:       11192 kB
PageTables:        31988 kB
NFS_Unstable:          0 kB
Bounce:                0 kB
WritebackTmp:          0 kB
CommitLimit:     1479712 kB
Committed_AS:   68535440 kB
VmallocTotal:     319488 kB
VmallocUsed:       19492 kB
VmallocChunk:     159756 kB
Time pass: 288 sec

---2015-12-09 13:43:55
MemTotal:        1386568 kB
MemFree:           30168 kB
Buffers:           11044 kB
Cached:           572296 kB
SwapCached:        14008 kB
Active:           500924 kB
Inactive:         503916 kB
Active(anon):     203408 kB
Inactive(anon):   222276 kB
Active(file):     297516 kB
Inactive(file):   281640 kB
Unevictable:        3132 kB
Mlocked:               0 kB
HighTotal:        849920 kB
HighFree:           8892 kB
LowTotal:         536648 kB
LowFree:           21276 kB
SwapTotal:        786428 kB
SwapFree:         664344 kB
Dirty:                28 kB
Writeback:             0 kB
AnonPages:        417176 kB
Mapped:           323964 kB
Shmem:              1052 kB
Slab:              54768 kB
SReclaimable:      17992 kB
SUnreclaim:        36776 kB
KernelStack:       11184 kB
PageTables:        31988 kB
NFS_Unstable:          0 kB
Bounce:                0 kB
WritebackTmp:          0 kB
CommitLimit:     1479712 kB
Committed_AS:   68535520 kB
VmallocTotal:     319488 kB
VmallocUsed:       19424 kB
VmallocChunk:     159756 kB
Time pass: 292 sec

---2015-12-09 13:43:55
MemTotal:        1386568 kB
MemFree:           29164 kB
Buffers:           11044 kB
Cached:           572296 kB
SwapCached:        14008 kB
Active:           501388 kB
Inactive:         503916 kB
Active(anon):     203872 kB
Inactive(anon):   222276 kB
Active(file):     297516 kB
Inactive(file):   281640 kB
Unevictable:        3132 kB
Mlocked:               0 kB
HighTotal:        849920 kB
HighFree:           8808 kB
LowTotal:         536648 kB
LowFree:           20356 kB
SwapTotal:        786428 kB
SwapFree:         664344 kB
Dirty:                 0 kB
Writeback:             0 kB
AnonPages:        417504 kB
Mapped:           324012 kB
Shmem:              1052 kB
Slab:              54828 kB
SReclaimable:      17992 kB
SUnreclaim:        36836 kB
KernelStack:       11184 kB
PageTables:        31992 kB
NFS_Unstable:          0 kB
Bounce:                0 kB
WritebackTmp:          0 kB
CommitLimit:     1479712 kB
Committed_AS:   68535728 kB
VmallocTotal:     319488 kB
VmallocUsed:       19492 kB
VmallocChunk:     159756 kB
Time pass: 296 sec

---2015-12-09 13:43:55
MemTotal:        1386568 kB
MemFree:           28120 kB
Buffers:           11060 kB
Cached:           572296 kB
SwapCached:        14004 kB
Active:           502704 kB
Inactive:         503932 kB
Active(anon):     205188 kB
Inactive(anon):   222276 kB
Active(file):     297516 kB
Inactive(file):   281656 kB
Unevictable:        3132 kB
Mlocked:               0 kB
HighTotal:        849920 kB
HighFree:           8768 kB
LowTotal:         536648 kB
LowFree:           19352 kB
SwapTotal:        786428 kB
SwapFree:         664356 kB
Dirty:                40 kB
Writeback:             0 kB
AnonPages:        419164 kB
Mapped:           323864 kB
Shmem:              1052 kB
Slab:              54860 kB
SReclaimable:      17992 kB
SUnreclaim:        36868 kB
KernelStack:       11200 kB
PageTables:        31984 kB
NFS_Unstable:          0 kB
Bounce:                0 kB
WritebackTmp:          0 kB
CommitLimit:     1479712 kB
Committed_AS:   68535832 kB
VmallocTotal:     319488 kB
VmallocUsed:       19492 kB
VmallocChunk:     159756 kB
Time pass: 300 sec

---2015-12-09 13:43:55
MemTotal:        1386568 kB
MemFree:           29752 kB
Buffers:           11076 kB
Cached:           572296 kB
SwapCached:        14004 kB
Active:           500908 kB
Inactive:         503936 kB
Active(anon):     203392 kB
Inactive(anon):   222264 kB
Active(file):     297516 kB
Inactive(file):   281672 kB
Unevictable:        3132 kB
Mlocked:               0 kB
HighTotal:        849920 kB
HighFree:           9456 kB
LowTotal:         536648 kB
LowFree:           20296 kB
SwapTotal:        786428 kB
SwapFree:         664356 kB
Dirty:                40 kB
Writeback:             0 kB
AnonPages:        416948 kB
Mapped:           324012 kB
Shmem:              1052 kB
Slab:              54828 kB
SReclaimable:      17992 kB
SUnreclaim:        36836 kB
KernelStack:       11192 kB
PageTables:        31996 kB
NFS_Unstable:          0 kB
Bounce:                0 kB
WritebackTmp:          0 kB
CommitLimit:     1479712 kB
Committed_AS:   68536856 kB
VmallocTotal:     319488 kB
VmallocUsed:       19492 kB
VmallocChunk:     159756 kB
Time pass: 304 sec

---2015-12-09 13:43:55
MemTotal:        1386568 kB
MemFree:           31476 kB
Buffers:           11080 kB
Cached:           572292 kB
SwapCached:        14004 kB
Active:           498588 kB
Inactive:         503928 kB
Active(anon):     201072 kB
Inactive(anon):   222256 kB
Active(file):     297516 kB
Inactive(file):   281672 kB
Unevictable:        3132 kB
Mlocked:               0 kB
HighTotal:        849920 kB
HighFree:          10992 kB
LowTotal:         536648 kB
LowFree:           20484 kB
SwapTotal:        786428 kB
SwapFree:         664356 kB
Dirty:                 0 kB
Writeback:             0 kB
AnonPages:        414828 kB
Mapped:           323864 kB
Shmem:              1052 kB
Slab:              54732 kB
SReclaimable:      17992 kB
SUnreclaim:        36740 kB
KernelStack:       11200 kB
PageTables:        31964 kB
NFS_Unstable:          0 kB
Bounce:                0 kB
WritebackTmp:          0 kB
CommitLimit:     1479712 kB
Committed_AS:   68537216 kB
VmallocTotal:     319488 kB
VmallocUsed:       19492 kB
VmallocChunk:     159756 kB
Time pass: 308 sec

---2015-12-09 13:43:55
MemTotal:        1386568 kB
MemFree:           31680 kB
Buffers:           11100 kB
Cached:           572396 kB
SwapCached:        14004 kB
Active:           499428 kB
Inactive:         504020 kB
Active(anon):     201912 kB
Inactive(anon):   222324 kB
Active(file):     297516 kB
Inactive(file):   281696 kB
Unevictable:        3132 kB
Mlocked:               0 kB
HighTotal:        849920 kB
HighFree:          10036 kB
LowTotal:         536648 kB
LowFree:           21644 kB
SwapTotal:        786428 kB
SwapFree:         664356 kB
Dirty:                40 kB
Writeback:             0 kB
AnonPages:        415628 kB
Mapped:           324064 kB
Shmem:              1152 kB
Slab:              54796 kB
SReclaimable:      17992 kB
SUnreclaim:        36804 kB
KernelStack:       11192 kB
PageTables:        31996 kB
NFS_Unstable:          0 kB
Bounce:                0 kB
WritebackTmp:          0 kB
CommitLimit:     1479712 kB
Committed_AS:   68537296 kB
VmallocTotal:     319488 kB
VmallocUsed:       19424 kB
VmallocChunk:     159756 kB
Time pass: 312 sec

---2015-12-09 13:43:55
MemTotal:        1386568 kB
MemFree:           31248 kB
Buffers:           11116 kB
Cached:           572396 kB
SwapCached:        14004 kB
Active:           499384 kB
Inactive:         504052 kB
Active(anon):     201860 kB
Inactive(anon):   222356 kB
Active(file):     297524 kB
Inactive(file):   281696 kB
Unevictable:        3132 kB
Mlocked:               0 kB
HighTotal:        849920 kB
HighFree:           9764 kB
LowTotal:         536648 kB
LowFree:           21484 kB
SwapTotal:        786428 kB
SwapFree:         664356 kB
Dirty:                32 kB
Writeback:             0 kB
AnonPages:        415380 kB
Mapped:           323964 kB
Shmem:              1152 kB
Slab:              54924 kB
SReclaimable:      17992 kB
SUnreclaim:        36932 kB
KernelStack:       11192 kB
PageTables:        31996 kB
NFS_Unstable:          0 kB
Bounce:                0 kB
WritebackTmp:          0 kB
CommitLimit:     1479712 kB
Committed_AS:   68537456 kB
VmallocTotal:     319488 kB
VmallocUsed:       19492 kB
VmallocChunk:     159756 kB
Time pass: 316 sec

---2015-12-09 13:43:55
MemTotal:        1386568 kB
MemFree:           32400 kB
Buffers:           11116 kB
Cached:           572416 kB
SwapCached:        14004 kB
Active:           498716 kB
Inactive:         504088 kB
Active(anon):     201200 kB
Inactive(anon):   222376 kB
Active(file):     297516 kB
Inactive(file):   281712 kB
Unevictable:        3132 kB
Mlocked:               0 kB
HighTotal:        849920 kB
HighFree:           9248 kB
LowTotal:         536648 kB
LowFree:           23152 kB
SwapTotal:        786428 kB
SwapFree:         664356 kB
Dirty:                36 kB
Writeback:             0 kB
AnonPages:        414780 kB
Mapped:           324132 kB
Shmem:              1172 kB
Slab:              54792 kB
SReclaimable:      17992 kB
SUnreclaim:        36800 kB
KernelStack:       11192 kB
PageTables:        31996 kB
NFS_Unstable:          0 kB
Bounce:                0 kB
WritebackTmp:          0 kB
CommitLimit:     1479712 kB
Committed_AS:   68537616 kB
VmallocTotal:     319488 kB
VmallocUsed:       19492 kB
VmallocChunk:     159756 kB
Time pass: 320 sec

---2015-12-09 13:43:55
MemTotal:        1386568 kB
MemFree:           34744 kB
Buffers:            9468 kB
Cached:           570128 kB
SwapCached:        13992 kB
Active:           495536 kB
Inactive:         504312 kB
Active(anon):     200856 kB
Inactive(anon):   223700 kB
Active(file):     294680 kB
Inactive(file):   280612 kB
Unevictable:        3132 kB
Mlocked:               0 kB
HighTotal:        849920 kB
HighFree:           9624 kB
LowTotal:         536648 kB
LowFree:           25120 kB
SwapTotal:        786428 kB
SwapFree:         663488 kB
Dirty:                 4 kB
Writeback:             0 kB
AnonPages:        415864 kB
Mapped:           324164 kB
Shmem:              1172 kB
Slab:              55092 kB
SReclaimable:      17992 kB
SUnreclaim:        37100 kB
KernelStack:       11208 kB
PageTables:        31996 kB
NFS_Unstable:          0 kB
Bounce:                0 kB
WritebackTmp:          0 kB
CommitLimit:     1479712 kB
Committed_AS:   68538896 kB
VmallocTotal:     319488 kB
VmallocUsed:       19492 kB
VmallocChunk:     159756 kB
Time pass: 328 sec

---2015-12-09 13:43:55
MemTotal:        1386568 kB
MemFree:           33992 kB
Buffers:            9492 kB
Cached:           570232 kB
SwapCached:        13992 kB
Active:           495700 kB
Inactive:         504428 kB
Active(anon):     201028 kB
Inactive(anon):   223808 kB
Active(file):     294672 kB
Inactive(file):   280620 kB
Unevictable:        3132 kB
Mlocked:               0 kB
HighTotal:        849920 kB
HighFree:           9728 kB
LowTotal:         536648 kB
LowFree:           24264 kB
SwapTotal:        786428 kB
SwapFree:         663488 kB
Dirty:                28 kB
Writeback:             0 kB
AnonPages:        416024 kB
Mapped:           324292 kB
Shmem:              1300 kB
Slab:              55016 kB
SReclaimable:      17992 kB
SUnreclaim:        37024 kB
KernelStack:       11232 kB
PageTables:        32000 kB
NFS_Unstable:          0 kB
Bounce:                0 kB
WritebackTmp:          0 kB
CommitLimit:     1479712 kB
Committed_AS:   68538968 kB
VmallocTotal:     319488 kB
VmallocUsed:       19492 kB
VmallocChunk:     159756 kB
Time pass: 332 sec

---2015-12-09 13:43:55
MemTotal:        1386568 kB
MemFree:           34996 kB
Buffers:            9508 kB
Cached:           570292 kB
SwapCached:        13992 kB
Active:           495992 kB
Inactive:         504512 kB
Active(anon):     201312 kB
Inactive(anon):   223876 kB
Active(file):     294680 kB
Inactive(file):   280636 kB
Unevictable:        3132 kB
Mlocked:               0 kB
HighTotal:        849920 kB
HighFree:           9904 kB
LowTotal:         536648 kB
LowFree:           25092 kB
SwapTotal:        786428 kB
SwapFree:         663488 kB
Dirty:                56 kB
Writeback:             0 kB
AnonPages:        416564 kB
Mapped:           324196 kB
Shmem:              1352 kB
Slab:              55076 kB
SReclaimable:      17992 kB
SUnreclaim:        37084 kB
KernelStack:       11176 kB
PageTables:        32000 kB
NFS_Unstable:          0 kB
Bounce:                0 kB
WritebackTmp:          0 kB
CommitLimit:     1479712 kB
Committed_AS:   68539200 kB
VmallocTotal:     319488 kB
VmallocUsed:       19492 kB
VmallocChunk:     159756 kB
Time pass: 336 sec

---2015-12-09 13:43:55
MemTotal:        1386568 kB
MemFree:           33908 kB
Buffers:            9508 kB
Cached:           570308 kB
SwapCached:        13992 kB
Active:           495972 kB
Inactive:         504532 kB
Active(anon):     201292 kB
Inactive(anon):   223880 kB
Active(file):     294680 kB
Inactive(file):   280652 kB
Unevictable:        3132 kB
Mlocked:               0 kB
HighTotal:        849920 kB
HighFree:           9688 kB
LowTotal:         536648 kB
LowFree:           24220 kB
SwapTotal:        786428 kB
SwapFree:         663492 kB
Dirty:                 0 kB
Writeback:             0 kB
AnonPages:        416544 kB
Mapped:           324196 kB
Shmem:              1352 kB
Slab:              55172 kB
SReclaimable:      17992 kB
SUnreclaim:        37180 kB
KernelStack:       11208 kB
PageTables:        32004 kB
NFS_Unstable:          0 kB
Bounce:                0 kB
WritebackTmp:          0 kB
CommitLimit:     1479712 kB
Committed_AS:   68539244 kB
VmallocTotal:     319488 kB
VmallocUsed:       19492 kB
VmallocChunk:     159756 kB
Time pass: 340 sec

---2015-12-09 13:43:55
MemTotal:        1386568 kB
MemFree:           33420 kB
Buffers:            9532 kB
Cached:           570260 kB
SwapCached:        14040 kB
Active:           496564 kB
Inactive:         504556 kB
Active(anon):     201884 kB
Inactive(anon):   223880 kB
Active(file):     294680 kB
Inactive(file):   280676 kB
Unevictable:        3132 kB
Mlocked:               0 kB
HighTotal:        849920 kB
HighFree:           9268 kB
LowTotal:         536648 kB
LowFree:           24152 kB
SwapTotal:        786428 kB
SwapFree:         663496 kB
Dirty:                40 kB
Writeback:             0 kB
AnonPages:        416960 kB
Mapped:           324344 kB
Shmem:              1352 kB
Slab:              55332 kB
SReclaimable:      17992 kB
SUnreclaim:        37340 kB
KernelStack:       11216 kB
PageTables:        32000 kB
NFS_Unstable:          0 kB
Bounce:                0 kB
WritebackTmp:          0 kB
CommitLimit:     1479712 kB
Committed_AS:   68539384 kB
VmallocTotal:     319488 kB
VmallocUsed:       19492 kB
VmallocChunk:     159756 kB
Time pass: 344 sec

---2015-12-09 13:43:55
MemTotal:        1386568 kB
MemFree:           34684 kB
Buffers:            9544 kB
Cached:           570308 kB
SwapCached:        14040 kB
Active:           496428 kB
Inactive:         504616 kB
Active(anon):     201748 kB
Inactive(anon):   223928 kB
Active(file):     294680 kB
Inactive(file):   280688 kB
Unevictable:        3132 kB
Mlocked:               0 kB
HighTotal:        849920 kB
HighFree:          10072 kB
LowTotal:         536648 kB
LowFree:           24612 kB
SwapTotal:        786428 kB
SwapFree:         663496 kB
Dirty:                 0 kB
Writeback:             0 kB
AnonPages:        416904 kB
Mapped:           324296 kB
Shmem:              1352 kB
Slab:              54980 kB
SReclaimable:      17992 kB
SUnreclaim:        36988 kB
KernelStack:       11176 kB
PageTables:        32004 kB
NFS_Unstable:          0 kB
Bounce:                0 kB
WritebackTmp:          0 kB
CommitLimit:     1479712 kB
Committed_AS:   68539600 kB
VmallocTotal:     319488 kB
VmallocUsed:       19424 kB
VmallocChunk:     159756 kB
Time pass: 348 sec

---2015-12-09 13:43:55
MemTotal:        1386568 kB
MemFree:           33080 kB
Buffers:            9568 kB
Cached:           570308 kB
SwapCached:        14040 kB
Active:           496576 kB
Inactive:         504648 kB
Active(anon):     201896 kB
Inactive(anon):   223936 kB
Active(file):     294680 kB
Inactive(file):   280712 kB
Unevictable:        3132 kB
Mlocked:               0 kB
HighTotal:        849920 kB
HighFree:           9032 kB
LowTotal:         536648 kB
LowFree:           24048 kB
SwapTotal:        786428 kB
SwapFree:         663504 kB
Dirty:                40 kB
Writeback:             0 kB
AnonPages:        417136 kB
Mapped:           324344 kB
Shmem:              1352 kB
Slab:              55056 kB
SReclaimable:      17992 kB
SUnreclaim:        37064 kB
KernelStack:       11216 kB
PageTables:        32000 kB
NFS_Unstable:          0 kB
Bounce:                0 kB
WritebackTmp:          0 kB
CommitLimit:     1479712 kB
Committed_AS:   68539540 kB
VmallocTotal:     319488 kB
VmallocUsed:       19492 kB
VmallocChunk:     159756 kB
Time pass: 352 sec

---2015-12-09 13:43:55
MemTotal:        1386568 kB
MemFree:           32908 kB
Buffers:            9568 kB
Cached:           570716 kB
SwapCached:        14040 kB
Active:           496860 kB
Inactive:         505056 kB
Active(anon):     202180 kB
Inactive(anon):   223936 kB
Active(file):     294680 kB
Inactive(file):   281120 kB
Unevictable:        3132 kB
Mlocked:               0 kB
HighTotal:        849920 kB
HighFree:           9552 kB
LowTotal:         536648 kB
LowFree:           23356 kB
SwapTotal:        786428 kB
SwapFree:         663508 kB
Dirty:                 0 kB
Writeback:             0 kB
AnonPages:        417244 kB
Mapped:           324404 kB
Shmem:              1352 kB
Slab:              55060 kB
SReclaimable:      17992 kB
SUnreclaim:        37068 kB
KernelStack:       11208 kB
PageTables:        32000 kB
NFS_Unstable:          0 kB
Bounce:                0 kB
WritebackTmp:          0 kB
CommitLimit:     1479712 kB
Committed_AS:   68539816 kB
VmallocTotal:     319488 kB
VmallocUsed:       19492 kB
VmallocChunk:     159756 kB
Time pass: 356 sec

---2015-12-09 13:43:55
MemTotal:        1386568 kB
MemFree:           32840 kB
Buffers:            9592 kB
Cached:           570716 kB
SwapCached:        14036 kB
Active:           496588 kB
Inactive:         505084 kB
Active(anon):     201908 kB
Inactive(anon):   223940 kB
Active(file):     294680 kB
Inactive(file):   281144 kB
Unevictable:        3132 kB
Mlocked:               0 kB
HighTotal:        849920 kB
HighFree:           9260 kB
LowTotal:         536648 kB
LowFree:           23580 kB
SwapTotal:        786428 kB
SwapFree:         663708 kB
Dirty:                40 kB
Writeback:             0 kB
AnonPages:        417112 kB
Mapped:           324404 kB
