---2015-12-05 14:07:44
MemTotal:        2873608 kB
MemFree:           66552 kB
Buffers:           22740 kB
Cached:          1288580 kB
SwapCached:            0 kB
Active:          1303664 kB
Inactive:         952144 kB
Active(anon):     761732 kB
Inactive(anon):   192768 kB
Active(file):     541932 kB
Inactive(file):   759376 kB
Unevictable:        8104 kB
Mlocked:               0 kB
SwapTotal:        715328 kB
SwapFree:         715328 kB
Dirty:              6444 kB
Writeback:             0 kB
AnonPages:        952460 kB
Mapped:           478304 kB
Shmem:              1912 kB
Slab:              97076 kB
SReclaimable:      31208 kB
SUnreclaim:        65868 kB
KernelStack:       38032 kB
PageTables:        51636 kB
NFS_Unstable:          0 kB
Bounce:                0 kB
WritebackTmp:          0 kB
CommitLimit:     2152132 kB
Committed_AS:   131468912 kB
VmallocTotal:   251658176 kB
VmallocUsed:      140376 kB
VmallocChunk:   251427884 kB
Time pass: 3 sec

---2015-12-05 14:07:44
MemTotal:        2873608 kB
MemFree:          117980 kB
Buffers:           22956 kB
Cached:          1290216 kB
SwapCached:            0 kB
Active:          1273496 kB
Inactive:         939092 kB
Active(anon):     716684 kB
Inactive(anon):   192620 kB
Active(file):     556812 kB
Inactive(file):   746472 kB
Unevictable:        8104 kB
Mlocked:               0 kB
SwapTotal:        715328 kB
SwapFree:         715328 kB
Dirty:                48 kB
Writeback:             0 kB
AnonPages:        907616 kB
Mapped:           442760 kB
Shmem:              1784 kB
Slab:              96632 kB
SReclaimable:      31208 kB
SUnreclaim:        65424 kB
KernelStack:       35472 kB
PageTables:        47520 kB
NFS_Unstable:          0 kB
Bounce:                0 kB
WritebackTmp:          0 kB
CommitLimit:     2152132 kB
Committed_AS:   118339940 kB
VmallocTotal:   251658176 kB
VmallocUsed:      133100 kB
VmallocChunk:   251427884 kB
Time pass: 7 sec

---2015-12-05 14:07:44
MemTotal:        2873608 kB
MemFree:          110156 kB
Buffers:           23004 kB
Cached:          1290740 kB
SwapCached:            0 kB
Active:          1300488 kB
Inactive:         923604 kB
Active(anon):     727560 kB
Inactive(anon):   192392 kB
Active(file):     572928 kB
Inactive(file):   731212 kB
Unevictable:        8104 kB
Mlocked:               0 kB
SwapTotal:        715328 kB
SwapFree:         715328 kB
Dirty:               264 kB
Writeback:             0 kB
AnonPages:        918492 kB
Mapped:           454324 kB
Shmem:              1500 kB
Slab:              96140 kB
SReclaimable:      31212 kB
SUnreclaim:        64928 kB
KernelStack:       35504 kB
PageTables:        47384 kB
NFS_Unstable:          0 kB
Bounce:                0 kB
WritebackTmp:          0 kB
CommitLimit:     2152132 kB
Committed_AS:   117754980 kB
VmallocTotal:   251658176 kB
VmallocUsed:      132940 kB
VmallocChunk:   251419692 kB
Time pass: 11 sec

---2015-12-05 14:07:44
MemTotal:        2873608 kB
MemFree:           94816 kB
Buffers:           24600 kB
Cached:          1291064 kB
SwapCached:            0 kB
Active:          1310468 kB
Inactive:         923980 kB
Active(anon):     736068 kB
Inactive(anon):   192532 kB
Active(file):     574400 kB
Inactive(file):   731448 kB
Unevictable:        8104 kB
Mlocked:               0 kB
SwapTotal:        715328 kB
SwapFree:         715328 kB
Dirty:               948 kB
Writeback:            44 kB
AnonPages:        926916 kB
Mapped:           488364 kB
Shmem:              1712 kB
Slab:              96184 kB
SReclaimable:      31268 kB
SUnreclaim:        64916 kB
KernelStack:       35888 kB
PageTables:        47544 kB
NFS_Unstable:          0 kB
Bounce:                0 kB
WritebackTmp:          0 kB
CommitLimit:     2152132 kB
Committed_AS:   116745120 kB
VmallocTotal:   251658176 kB
VmallocUsed:      134256 kB
VmallocChunk:   251417644 kB
Time pass: 15 sec

---2015-12-05 14:07:44
MemTotal:        2873608 kB
MemFree:           85448 kB
Buffers:           24668 kB
Cached:          1296120 kB
SwapCached:            0 kB
Active:          1337860 kB
Inactive:         904524 kB
Active(anon):     739104 kB
Inactive(anon):   192728 kB
Active(file):     598756 kB
Inactive(file):   711796 kB
Unevictable:        8104 kB
Mlocked:               0 kB
SwapTotal:        715328 kB
SwapFree:         715328 kB
Dirty:              6500 kB
Writeback:             0 kB
AnonPages:        930080 kB
Mapped:           473160 kB
Shmem:              1912 kB
Slab:              96556 kB
SReclaimable:      31260 kB
SUnreclaim:        65296 kB
KernelStack:       37296 kB
PageTables:        48308 kB
NFS_Unstable:          0 kB
Bounce:                0 kB
WritebackTmp:          0 kB
CommitLimit:     2152132 kB
Committed_AS:   119767804 kB
VmallocTotal:   251658176 kB
VmallocUsed:      135276 kB
VmallocChunk:   251417644 kB
Time pass: 18 sec

---2015-12-05 14:07:44
MemTotal:        2873608 kB
MemFree:           64988 kB
Buffers:           23764 kB
Cached:          1169828 kB
SwapCached:            0 kB
Active:          1370000 kB
Inactive:         784556 kB
Active(anon):     780536 kB
Inactive(anon):   195292 kB
Active(file):     589464 kB
Inactive(file):   589264 kB
Unevictable:       13568 kB
Mlocked:               0 kB
SwapTotal:        715328 kB
SwapFree:         714160 kB
Dirty:              1200 kB
Writeback:             0 kB
AnonPages:        974620 kB
Mapped:           478104 kB
Shmem:              1440 kB
Slab:              98144 kB
SReclaimable:      32048 kB
SUnreclaim:        66096 kB
KernelStack:       38784 kB
PageTables:        49344 kB
NFS_Unstable:          0 kB
Bounce:                0 kB
WritebackTmp:          0 kB
CommitLimit:     2152132 kB
Committed_AS:   119270032 kB
VmallocTotal:   251658176 kB
VmallocUsed:      135880 kB
VmallocChunk:   251427884 kB
Time pass: 22 sec

---2015-12-05 14:07:44
MemTotal:        2873608 kB
MemFree:           92324 kB
Buffers:           24228 kB
Cached:          1112956 kB
SwapCached:            0 kB
Active:          1304568 kB
Inactive:         753204 kB
Active(anon):     738084 kB
Inactive(anon):   197548 kB
Active(file):     566484 kB
Inactive(file):   555656 kB
Unevictable:       13568 kB
Mlocked:               0 kB
SwapTotal:        715328 kB
SwapFree:         712616 kB
Dirty:              1564 kB
Writeback:             0 kB
AnonPages:        934428 kB
Mapped:           528572 kB
Shmem:              1092 kB
Slab:              97500 kB
SReclaimable:      31496 kB
SUnreclaim:        66004 kB
KernelStack:       37360 kB
PageTables:        49652 kB
NFS_Unstable:          0 kB
Bounce:                0 kB
WritebackTmp:          0 kB
CommitLimit:     2152132 kB
Committed_AS:   121574688 kB
VmallocTotal:   251658176 kB
VmallocUsed:      137292 kB
VmallocChunk:   251427884 kB
Time pass: 26 sec

---2015-12-05 14:07:44
MemTotal:        2873608 kB
MemFree:           78084 kB
Buffers:           24308 kB
Cached:          1113068 kB
SwapCached:            0 kB
Active:          1320408 kB
Inactive:         750444 kB
Active(anon):     750760 kB
Inactive(anon):   197588 kB
Active(file):     569648 kB
Inactive(file):   552856 kB
Unevictable:       13568 kB
Mlocked:               0 kB
SwapTotal:        715328 kB
SwapFree:         712616 kB
Dirty:               992 kB
Writeback:             0 kB
AnonPages:        947300 kB
Mapped:           553472 kB
Shmem:              1304 kB
Slab:              97136 kB
SReclaimable:      31368 kB
SUnreclaim:        65768 kB
KernelStack:       37328 kB
PageTables:        49284 kB
NFS_Unstable:          0 kB
Bounce:                0 kB
WritebackTmp:          0 kB
CommitLimit:     2152132 kB
Committed_AS:   119845448 kB
VmallocTotal:   251658176 kB
VmallocUsed:      135388 kB
VmallocChunk:   251427884 kB
Time pass: 30 sec

---2015-12-05 14:07:44
MemTotal:        2873608 kB
MemFree:           91024 kB
Buffers:           18344 kB
Cached:          1095456 kB
SwapCached:            0 kB
Active:          1311820 kB
Inactive:         748956 kB
Active(anon):     763516 kB
Inactive(anon):   198376 kB
Active(file):     548304 kB
Inactive(file):   550580 kB
Unevictable:       13568 kB
Mlocked:               0 kB
SwapTotal:        715328 kB
SwapFree:         711220 kB
Dirty:               216 kB
Writeback:            32 kB
AnonPages:        960912 kB
Mapped:           540212 kB
Shmem:              1472 kB
Slab:              97420 kB
SReclaimable:      31224 kB
SUnreclaim:        66196 kB
KernelStack:       38160 kB
PageTables:        49536 kB
NFS_Unstable:          0 kB
Bounce:                0 kB
WritebackTmp:          0 kB
CommitLimit:     2152132 kB
Committed_AS:   120525272 kB
VmallocTotal:   251658176 kB
VmallocUsed:      136568 kB
VmallocChunk:   251427884 kB
Time pass: 34 sec

---2015-12-05 14:07:44
MemTotal:        2873608 kB
MemFree:           83968 kB
Buffers:           18672 kB
Cached:          1108240 kB
SwapCached:            0 kB
Active:          1308444 kB
Inactive:         757564 kB
Active(anon):     755944 kB
Inactive(anon):   198372 kB
Active(file):     552500 kB
Inactive(file):   559192 kB
Unevictable:       13568 kB
Mlocked:               0 kB
SwapTotal:        715328 kB
SwapFree:         711220 kB
Dirty:               100 kB
Writeback:             0 kB
AnonPages:        953368 kB
Mapped:           550348 kB
Shmem:              1248 kB
Slab:              97480 kB
SReclaimable:      31288 kB
SUnreclaim:        66192 kB
KernelStack:       38544 kB
PageTables:        50652 kB
NFS_Unstable:          0 kB
Bounce:                0 kB
WritebackTmp:          0 kB
CommitLimit:     2152132 kB
Committed_AS:   124490916 kB
VmallocTotal:   251658176 kB
VmallocUsed:      137588 kB
VmallocChunk:   251427884 kB
Time pass: 38 sec

---2015-12-05 14:07:44
MemTotal:        2873608 kB
MemFree:           76696 kB
Buffers:           17976 kB
Cached:          1107976 kB
SwapCached:            0 kB
Active:          1332812 kB
Inactive:         751200 kB
Active(anon):     774584 kB
Inactive(anon):   198148 kB
Active(file):     558228 kB
Inactive(file):   553052 kB
Unevictable:       13568 kB
Mlocked:               0 kB
SwapTotal:        715328 kB
SwapFree:         711164 kB
Dirty:               640 kB
Writeback:             0 kB
AnonPages:        971488 kB
Mapped:           533700 kB
Shmem:              1104 kB
Slab:              98300 kB
SReclaimable:      31292 kB
SUnreclaim:        67008 kB
KernelStack:       38080 kB
PageTables:        50452 kB
NFS_Unstable:          0 kB
Bounce:                0 kB
WritebackTmp:          0 kB
CommitLimit:     2152132 kB
Committed_AS:   123275132 kB
VmallocTotal:   251658176 kB
VmallocUsed:      136400 kB
VmallocChunk:   251427884 kB
Time pass: 41 sec

---2015-12-05 14:07:44
MemTotal:        2873608 kB
MemFree:           62812 kB
Buffers:           15672 kB
Cached:           997512 kB
SwapCached:            0 kB
Active:          1325684 kB
Inactive:         695652 kB
Active(anon):     821960 kB
Inactive(anon):   200840 kB
Active(file):     503724 kB
Inactive(file):   494812 kB
Unevictable:       13568 kB
Mlocked:               0 kB
SwapTotal:        715328 kB
SwapFree:         709700 kB
Dirty:               744 kB
Writeback:             0 kB
AnonPages:       1021500 kB
Mapped:           559672 kB
Shmem:              1104 kB
Slab:              98360 kB
SReclaimable:      31496 kB
SUnreclaim:        66864 kB
KernelStack:       38816 kB
PageTables:        51880 kB
NFS_Unstable:          0 kB
Bounce:                0 kB
WritebackTmp:          0 kB
CommitLimit:     2152132 kB
Committed_AS:   125644272 kB
VmallocTotal:   251658176 kB
VmallocUsed:      137664 kB
VmallocChunk:   251427884 kB
Time pass: 45 sec

---2015-12-05 14:07:44
MemTotal:        2873608 kB
MemFree:           80208 kB
Buffers:           15664 kB
Cached:           994044 kB
SwapCached:            0 kB
Active:          1310824 kB
Inactive:         695248 kB
Active(anon):     808812 kB
Inactive(anon):   202272 kB
Active(file):     502012 kB
Inactive(file):   492976 kB
Unevictable:       13568 kB
Mlocked:               0 kB
SwapTotal:        715328 kB
SwapFree:         709632 kB
Dirty:               260 kB
Writeback:             0 kB
AnonPages:       1009840 kB
Mapped:           546872 kB
Shmem:              1116 kB
Slab:              98456 kB
SReclaimable:      31512 kB
SUnreclaim:        66944 kB
KernelStack:       38128 kB
PageTables:        50568 kB
NFS_Unstable:          0 kB
Bounce:                0 kB
WritebackTmp:          0 kB
CommitLimit:     2152132 kB
Committed_AS:   122625148 kB
VmallocTotal:   251658176 kB
VmallocUsed:      135624 kB
VmallocChunk:   251427884 kB
Time pass: 49 sec

---2015-12-05 14:07:44
MemTotal:        2873608 kB
MemFree:           66920 kB
Buffers:           15764 kB
Cached:           965356 kB
SwapCached:            0 kB
Active:          1327708 kB
Inactive:         678036 kB
Active(anon):     831044 kB
Inactive(anon):   209252 kB
Active(file):     496664 kB
Inactive(file):   468784 kB
Unevictable:       13568 kB
Mlocked:               0 kB
SwapTotal:        715328 kB
SwapFree:         708152 kB
Dirty:               780 kB
Writeback:             0 kB
AnonPages:       1038144 kB
Mapped:           582952 kB
Shmem:              2196 kB
Slab:              97332 kB
SReclaimable:      30452 kB
SUnreclaim:        66880 kB
KernelStack:       37920 kB
PageTables:        50160 kB
NFS_Unstable:          0 kB
Bounce:                0 kB
WritebackTmp:          0 kB
CommitLimit:     2152132 kB
Committed_AS:   120858320 kB
VmallocTotal:   251658176 kB
VmallocUsed:      134792 kB
VmallocChunk:   251427884 kB
Time pass: 52 sec

---2015-12-05 14:07:44
MemTotal:        2873608 kB
MemFree:           76856 kB
Buffers:           15332 kB
Cached:           943984 kB
SwapCached:            0 kB
Active:          1311712 kB
Inactive:         664700 kB
Active(anon):     823448 kB
Inactive(anon):   208324 kB
Active(file):     488264 kB
Inactive(file):   456376 kB
Unevictable:       13568 kB
Mlocked:               0 kB
SwapTotal:        715328 kB
SwapFree:         707084 kB
Dirty:              1488 kB
Writeback:             0 kB
AnonPages:       1030604 kB
Mapped:           604144 kB
Shmem:              1100 kB
Slab:              97832 kB
SReclaimable:      31092 kB
SUnreclaim:        66740 kB
KernelStack:       37744 kB
PageTables:        50304 kB
NFS_Unstable:          0 kB
Bounce:                0 kB
WritebackTmp:          0 kB
CommitLimit:     2152132 kB
Committed_AS:   120853012 kB
VmallocTotal:   251658176 kB
VmallocUsed:      134980 kB
VmallocChunk:   251427884 kB
Time pass: 56 sec

---2015-12-05 14:07:44
MemTotal:        2873608 kB
MemFree:           65836 kB
Buffers:           16416 kB
Cached:           929728 kB
SwapCached:            0 kB
Active:          1326048 kB
Inactive:         664444 kB
Active(anon):     848344 kB
Inactive(anon):   210948 kB
Active(file):     477704 kB
Inactive(file):   453496 kB
Unevictable:       13568 kB
Mlocked:               0 kB
SwapTotal:        715328 kB
SwapFree:         706348 kB
Dirty:               148 kB
Writeback:             0 kB
AnonPages:       1058644 kB
Mapped:           619016 kB
Shmem:              1120 kB
Slab:              98180 kB
SReclaimable:      31396 kB
SUnreclaim:        66784 kB
KernelStack:       37680 kB
PageTables:        50888 kB
NFS_Unstable:          0 kB
Bounce:                0 kB
WritebackTmp:          0 kB
CommitLimit:     2152132 kB
Committed_AS:   122091224 kB
VmallocTotal:   251658176 kB
VmallocUsed:      136000 kB
VmallocChunk:   251427884 kB
Time pass: 60 sec

---2015-12-05 14:07:44
MemTotal:        2873608 kB
MemFree:           67300 kB
Buffers:           16228 kB
Cached:           910640 kB
SwapCached:            0 kB
Active:          1318728 kB
Inactive:         662020 kB
Active(anon):     853040 kB
Inactive(anon):   215612 kB
Active(file):     465688 kB
Inactive(file):   446408 kB
Unevictable:       13568 kB
Mlocked:               0 kB
SwapTotal:        715328 kB
SwapFree:         704788 kB
Dirty:               212 kB
Writeback:             0 kB
AnonPages:       1067384 kB
Mapped:           630128 kB
Shmem:              1120 kB
Slab:              98424 kB
SReclaimable:      31596 kB
SUnreclaim:        66828 kB
KernelStack:       38528 kB
PageTables:        50572 kB
NFS_Unstable:          0 kB
Bounce:                0 kB
WritebackTmp:          0 kB
CommitLimit:     2152132 kB
Committed_AS:   120317004 kB
VmallocTotal:   251658176 kB
VmallocUsed:      135092 kB
VmallocChunk:   251427884 kB
Time pass: 64 sec

---2015-12-05 14:07:44
MemTotal:        2873608 kB
MemFree:          101188 kB
Buffers:           14612 kB
Cached:           907392 kB
SwapCached:            0 kB
Active:          1290484 kB
Inactive:         657044 kB
Active(anon):     825088 kB
Inactive(anon):   215124 kB
Active(file):     465396 kB
Inactive(file):   441920 kB
Unevictable:       13568 kB
Mlocked:               0 kB
SwapTotal:        715328 kB
SwapFree:         704428 kB
Dirty:                68 kB
Writeback:             0 kB
AnonPages:       1039144 kB
Mapped:           630128 kB
Shmem:              1120 kB
Slab:              98420 kB
SReclaimable:      31596 kB
SUnreclaim:        66824 kB
KernelStack:       38528 kB
PageTables:        50612 kB
NFS_Unstable:          0 kB
Bounce:                0 kB
WritebackTmp:          0 kB
CommitLimit:     2152132 kB
Committed_AS:   120317276 kB
VmallocTotal:   251658176 kB
VmallocUsed:      135092 kB
VmallocChunk:   251427884 kB
Time pass: 68 sec

---2015-12-05 14:07:44
MemTotal:        2873608 kB
MemFree:           70948 kB
Buffers:           14384 kB
Cached:           907764 kB
SwapCached:            0 kB
Active:          1299108 kB
Inactive:         656212 kB
Active(anon):     832860 kB
Inactive(anon):   215000 kB
Active(file):     466248 kB
Inactive(file):   441212 kB
Unevictable:       13568 kB
Mlocked:               0 kB
SwapTotal:        715328 kB
SwapFree:         704356 kB
Dirty:               608 kB
Writeback:             0 kB
AnonPages:       1046988 kB
Mapped:           645760 kB
Shmem:              1120 kB
Slab:              98436 kB
SReclaimable:      31612 kB
SUnreclaim:        66824 kB
KernelStack:       38544 kB
PageTables:        50672 kB
NFS_Unstable:          0 kB
Bounce:                0 kB
WritebackTmp:          0 kB
CommitLimit:     2152132 kB
Committed_AS:   120325956 kB
VmallocTotal:   251658176 kB
VmallocUsed:      135248 kB
VmallocChunk:   251427884 kB
Time pass: 72 sec

---2015-12-05 14:07:44
MemTotal:        2873608 kB
MemFree:           70256 kB
Buffers:           14388 kB
Cached:           895876 kB
SwapCached:            0 kB
Active:          1307044 kB
Inactive:         655220 kB
Active(anon):     853248 kB
Inactive(anon):   213144 kB
Active(file):     453796 kB
Inactive(file):   442076 kB
Unevictable:       13568 kB
Mlocked:               0 kB
SwapTotal:        715328 kB
SwapFree:         701964 kB
Dirty:               892 kB
Writeback:             0 kB
AnonPages:       1065492 kB
Mapped:           654416 kB
Shmem:              1120 kB
Slab:              98216 kB
SReclaimable:      31364 kB
SUnreclaim:        66852 kB
KernelStack:       38960 kB
PageTables:        51012 kB
NFS_Unstable:          0 kB
Bounce:                0 kB
WritebackTmp:          0 kB
CommitLimit:     2152132 kB
Committed_AS:   121571812 kB
VmallocTotal:   251658176 kB
VmallocUsed:      136268 kB
VmallocChunk:   251427884 kB
Time pass: 76 sec

---2015-12-05 14:07:44
MemTotal:        2873608 kB
MemFree:           67028 kB
Buffers:           14452 kB
Cached:           895700 kB
SwapCached:            4 kB
Active:          1311660 kB
Inactive:         654576 kB
Active(anon):     855872 kB
Inactive(anon):   215032 kB
Active(file):     455788 kB
Inactive(file):   439544 kB
Unevictable:       13568 kB
Mlocked:               0 kB
SwapTotal:        715328 kB
SwapFree:         701504 kB
Dirty:               156 kB
Writeback:             0 kB
AnonPages:       1069572 kB
Mapped:           655160 kB
Shmem:              1252 kB
Slab:              98024 kB
SReclaimable:      31168 kB
SUnreclaim:        66856 kB
KernelStack:       39168 kB
PageTables:        50736 kB
NFS_Unstable:          0 kB
Bounce:                0 kB
WritebackTmp:          0 kB
CommitLimit:     2152132 kB
Committed_AS:   119824684 kB
VmallocTotal:   251658176 kB
VmallocUsed:      137680 kB
VmallocChunk:   251427884 kB
Time pass: 80 sec

---2015-12-05 14:07:44
MemTotal:        2873608 kB
MemFree:           68876 kB
Buffers:           14452 kB
Cached:           885984 kB
SwapCached:            4 kB
Active:          1300124 kB
Inactive:         651820 kB
Active(anon):     853240 kB
Inactive(anon):   213324 kB
Active(file):     446884 kB
Inactive(file):   438496 kB
Unevictable:       13568 kB
Mlocked:               0 kB
SwapTotal:        715328 kB
SwapFree:         699004 kB
Dirty:                 4 kB
Writeback:             0 kB
AnonPages:       1065084 kB
Mapped:           655168 kB
Shmem:              1392 kB
Slab:              98392 kB
SReclaimable:      31520 kB
SUnreclaim:        66872 kB
KernelStack:       39152 kB
PageTables:        50896 kB
NFS_Unstable:          0 kB
Bounce:                0 kB
WritebackTmp:          0 kB
CommitLimit:     2152132 kB
Committed_AS:   119824504 kB
VmallocTotal:   251658176 kB
VmallocUsed:      137680 kB
VmallocChunk:   251427884 kB
Time pass: 84 sec

---2015-12-05 14:07:44
MemTotal:        2873608 kB
MemFree:           71432 kB
Buffers:           14460 kB
Cached:           885928 kB
SwapCached:            4 kB
Active:          1297000 kB
Inactive:         652020 kB
Active(anon):     850140 kB
Inactive(anon):   213512 kB
Active(file):     446860 kB
Inactive(file):   438508 kB
Unevictable:       13568 kB
Mlocked:               0 kB
SwapTotal:        715328 kB
SwapFree:         699004 kB
Dirty:                48 kB
Writeback:             0 kB
AnonPages:       1062128 kB
Mapped:           655248 kB
Shmem:              1452 kB
Slab:              98424 kB
SReclaimable:      31552 kB
SUnreclaim:        66872 kB
KernelStack:       39152 kB
PageTables:        50908 kB
NFS_Unstable:          0 kB
Bounce:                0 kB
WritebackTmp:          0 kB
CommitLimit:     2152132 kB
Committed_AS:   119828572 kB
VmallocTotal:   251658176 kB
VmallocUsed:      137680 kB
VmallocChunk:   251427884 kB
Time pass: 87 sec

---2015-12-05 14:07:44
MemTotal:        2873608 kB
MemFree:           66368 kB
Buffers:           14540 kB
Cached:           886260 kB
SwapCached:            4 kB
Active:          1301772 kB
Inactive:         652412 kB
Active(anon):     854892 kB
Inactive(anon):   213736 kB
Active(file):     446880 kB
Inactive(file):   438676 kB
Unevictable:       13568 kB
Mlocked:               0 kB
SwapTotal:        715328 kB
SwapFree:         699004 kB
Dirty:               100 kB
Writeback:             0 kB
AnonPages:       1066764 kB
Mapped:           656028 kB
Shmem:              1676 kB
Slab:              98456 kB
SReclaimable:      31568 kB
SUnreclaim:        66888 kB
KernelStack:       39376 kB
PageTables:        50956 kB
NFS_Unstable:          0 kB
Bounce:                0 kB
WritebackTmp:          0 kB
CommitLimit:     2152132 kB
Committed_AS:   119829500 kB
VmallocTotal:   251658176 kB
VmallocUsed:      137680 kB
VmallocChunk:   251427884 kB
Time pass: 91 sec

---2015-12-05 14:07:44
MemTotal:        2873608 kB
MemFree:           65612 kB
Buffers:           14540 kB
Cached:           886272 kB
SwapCached:            4 kB
Active:          1301848 kB
Inactive:         652424 kB
Active(anon):     854968 kB
Inactive(anon):   213748 kB
Active(file):     446880 kB
Inactive(file):   438676 kB
Unevictable:       13568 kB
Mlocked:               0 kB
SwapTotal:        715328 kB
SwapFree:         699004 kB
Dirty:                 0 kB
Writeback:             0 kB
AnonPages:       1067020 kB
Mapped:           656000 kB
Shmem:              1688 kB
Slab:              98452 kB
SReclaimable:      31568 kB
SUnreclaim:        66884 kB
KernelStack:       39344 kB
PageTables:        50928 kB
NFS_Unstable:          0 kB
Bounce:                0 kB
WritebackTmp:          0 kB
CommitLimit:     2152132 kB
Committed_AS:   119829484 kB
VmallocTotal:   251658176 kB
VmallocUsed:      137680 kB
VmallocChunk:   251427884 kB
Time pass: 95 sec

---2015-12-05 14:07:44
MemTotal:        2873608 kB
MemFree:           81516 kB
Buffers:           14524 kB
Cached:           885244 kB
SwapCached:            4 kB
Active:          1306564 kB
Inactive:         635176 kB
Active(anon):     843160 kB
Inactive(anon):   213500 kB
Active(file):     463404 kB
Inactive(file):   421676 kB
Unevictable:       13568 kB
Mlocked:               0 kB
SwapTotal:        715328 kB
SwapFree:         697712 kB
Dirty:                64 kB
Writeback:             0 kB
AnonPages:       1055504 kB
Mapped:           655724 kB
Shmem:              1120 kB
Slab:              98504 kB
SReclaimable:      31440 kB
SUnreclaim:        67064 kB
KernelStack:       39008 kB
PageTables:        50652 kB
NFS_Unstable:          0 kB
Bounce:                0 kB
WritebackTmp:          0 kB
CommitLimit:     2152132 kB
Committed_AS:   119806068 kB
VmallocTotal:   251658176 kB
VmallocUsed:      137668 kB
VmallocChunk:   251427884 kB
Time pass: 99 sec

---2015-12-05 14:07:44
MemTotal:        2873608 kB
MemFree:          319496 kB
Buffers:           14252 kB
Cached:           872580 kB
SwapCached:           20 kB
Active:          1218096 kB
Inactive:         623692 kB
Active(anon):     758284 kB
Inactive(anon):   211224 kB
Active(file):     459812 kB
Inactive(file):   412468 kB
Unevictable:       13568 kB
Mlocked:               0 kB
SwapTotal:        715328 kB
SwapFree:         695148 kB
Dirty:                56 kB
Writeback:             0 kB
AnonPages:        968652 kB
Mapped:           472848 kB
Shmem:               984 kB
Slab:              98264 kB
SReclaimable:      31448 kB
SUnreclaim:        66816 kB
KernelStack:       38048 kB
PageTables:        49560 kB
NFS_Unstable:          0 kB
Bounce:                0 kB
WritebackTmp:          0 kB
CommitLimit:     2152132 kB
Committed_AS:   119631916 kB
VmallocTotal:   251658176 kB
VmallocUsed:      136560 kB
VmallocChunk:   251427884 kB
Time pass: 103 sec

---2015-12-05 14:07:44
MemTotal:        2873608 kB
MemFree:          390888 kB
Buffers:           14268 kB
Cached:           873860 kB
SwapCached:           32 kB
Active:          1222880 kB
Inactive:         621768 kB
Active(anon):     760088 kB
Inactive(anon):   211204 kB
Active(file):     462792 kB
Inactive(file):   410564 kB
Unevictable:       13568 kB
Mlocked:               0 kB
SwapTotal:        715328 kB
SwapFree:         695148 kB
Dirty:               360 kB
Writeback:             0 kB
AnonPages:        970528 kB
Mapped:           441112 kB
Shmem:               984 kB
Slab:              98440 kB
SReclaimable:      31480 kB
SUnreclaim:        66960 kB
KernelStack:       38144 kB
PageTables:        49968 kB
NFS_Unstable:          0 kB
Bounce:                0 kB
WritebackTmp:          0 kB
CommitLimit:     2152132 kB
Committed_AS:   120911028 kB
VmallocTotal:   251658176 kB
VmallocUsed:      136788 kB
VmallocChunk:   251427884 kB
Time pass: 106 sec

---2015-12-05 14:07:44
MemTotal:        2873608 kB
MemFree:          261876 kB
Buffers:           15520 kB
Cached:           878224 kB
SwapCached:           64 kB
Active:          1266116 kB
Inactive:         625636 kB
Active(anon):     801512 kB
Inactive(anon):   211360 kB
Active(file):     464604 kB
Inactive(file):   414276 kB
Unevictable:       13568 kB
Mlocked:               0 kB
SwapTotal:        715328 kB
SwapFree:         695148 kB
Dirty:              1988 kB
Writeback:             4 kB
AnonPages:       1011808 kB
Mapped:           525724 kB
Shmem:              1120 kB
Slab:              98368 kB
SReclaimable:      31528 kB
SUnreclaim:        66840 kB
KernelStack:       39120 kB
PageTables:        51044 kB
NFS_Unstable:          0 kB
Bounce:                0 kB
WritebackTmp:          0 kB
CommitLimit:     2152132 kB
Committed_AS:   122751180 kB
VmallocTotal:   251658176 kB
VmallocUsed:      138576 kB
VmallocChunk:   251427884 kB
Time pass: 110 sec

---2015-12-05 14:07:44
MemTotal:        2873608 kB
MemFree:          189664 kB
Buffers:           15524 kB
Cached:           880512 kB
SwapCached:           64 kB
Active:          1269060 kB
Inactive:         626520 kB
Active(anon):     802856 kB
Inactive(anon):   211376 kB
Active(file):     466204 kB
Inactive(file):   415144 kB
Unevictable:       13568 kB
Mlocked:               0 kB
SwapTotal:        715328 kB
SwapFree:         695148 kB
Dirty:               764 kB
Writeback:             0 kB
AnonPages:       1012996 kB
Mapped:           587096 kB
Shmem:              1120 kB
Slab:              98444 kB
SReclaimable:      31544 kB
SUnreclaim:        66900 kB
KernelStack:       39088 kB
PageTables:        50876 kB
NFS_Unstable:          0 kB
Bounce:                0 kB
WritebackTmp:          0 kB
CommitLimit:     2152132 kB
Committed_AS:   121510196 kB
VmallocTotal:   251658176 kB
VmallocUsed:      135688 kB
VmallocChunk:   251427884 kB
Time pass: 114 sec

---2015-12-05 14:07:44
MemTotal:        2873608 kB
MemFree:          188952 kB
Buffers:           15532 kB
Cached:           880512 kB
SwapCached:           64 kB
Active:          1269216 kB
Inactive:         626528 kB
Active(anon):     803012 kB
Inactive(anon):   211376 kB
Active(file):     466204 kB
Inactive(file):   415152 kB
Unevictable:       13568 kB
Mlocked:               0 kB
SwapTotal:        715328 kB
SwapFree:         695148 kB
Dirty:               228 kB
Writeback:             0 kB
AnonPages:       1013424 kB
Mapped:           587184 kB
Shmem:              1120 kB
Slab:              98428 kB
SReclaimable:      31544 kB
SUnreclaim:        66884 kB
KernelStack:       39056 kB
PageTables:        50912 kB
NFS_Unstable:          0 kB
Bounce:                0 kB
WritebackTmp:          0 kB
CommitLimit:     2152132 kB
Committed_AS:   121510476 kB
VmallocTotal:   251658176 kB
VmallocUsed:      135688 kB
VmallocChunk:   251427884 kB
Time pass: 118 sec

---2015-12-05 14:07:44
MemTotal:        2873608 kB
MemFree:          194628 kB
Buffers:           15532 kB
Cached:           880644 kB
SwapCached:           64 kB
Active:          1255056 kB
Inactive:         625008 kB
Active(anon):     787200 kB
Inactive(anon):   211376 kB
Active(file):     467856 kB
Inactive(file):   413632 kB
Unevictable:       13568 kB
Mlocked:               0 kB
SwapTotal:        715328 kB
SwapFree:         695148 kB
Dirty:               276 kB
Writeback:             0 kB
AnonPages:        997620 kB
Mapped:           587980 kB
Shmem:              1120 kB
Slab:              98464 kB
SReclaimable:      31544 kB
SUnreclaim:        66920 kB
KernelStack:       38688 kB
PageTables:        50256 kB
NFS_Unstable:          0 kB
Bounce:                0 kB
WritebackTmp:          0 kB
CommitLimit:     2152132 kB
Committed_AS:   120258740 kB
VmallocTotal:   251658176 kB
VmallocUsed:      134616 kB
VmallocChunk:   251427884 kB
Time pass: 121 sec

---2015-12-05 14:07:44
MemTotal:        2873608 kB
MemFree:          164720 kB
Buffers:           15540 kB
Cached:           880680 kB
SwapCached:           64 kB
Active:          1261804 kB
Inactive:         624908 kB
Active(anon):     793804 kB
Inactive(anon):   211376 kB
Active(file):     468000 kB
Inactive(file):   413532 kB
Unevictable:       13568 kB
Mlocked:               0 kB
SwapTotal:        715328 kB
SwapFree:         695148 kB
Dirty:               544 kB
Writeback:             0 kB
AnonPages:       1004104 kB
Mapped:           601104 kB
Shmem:              1120 kB
Slab:              98460 kB
SReclaimable:      31556 kB
SUnreclaim:        66904 kB
KernelStack:       38176 kB
PageTables:        50152 kB
NFS_Unstable:          0 kB
Bounce:                0 kB
WritebackTmp:          0 kB
CommitLimit:     2152132 kB
Committed_AS:   120267232 kB
VmallocTotal:   251658176 kB
VmallocUsed:      134776 kB
VmallocChunk:   251427884 kB
Time pass: 125 sec

---2015-12-05 14:07:44
MemTotal:        2873608 kB
MemFree:          164784 kB
Buffers:           17092 kB
Cached:           880588 kB
SwapCached:           64 kB
Active:          1260020 kB
Inactive:         626312 kB
Active(anon):     792016 kB
Inactive(anon):   211376 kB
Active(file):     468004 kB
Inactive(file):   414936 kB
Unevictable:       13568 kB
Mlocked:               0 kB
SwapTotal:        715328 kB
SwapFree:         695148 kB
Dirty:               196 kB
Writeback:             0 kB
AnonPages:       1002348 kB
Mapped:           601968 kB
Shmem:              1120 kB
Slab:              98420 kB
SReclaimable:      31556 kB
SUnreclaim:        66864 kB
KernelStack:       38208 kB
PageTables:        50168 kB
NFS_Unstable:          0 kB
Bounce:                0 kB
WritebackTmp:          0 kB
CommitLimit:     2152132 kB
Committed_AS:   120267344 kB
VmallocTotal:   251658176 kB
VmallocUsed:      134776 kB
VmallocChunk:   251427884 kB
Time pass: 129 sec

---2015-12-05 14:07:44
MemTotal:        2873608 kB
MemFree:          158912 kB
Buffers:           17124 kB
Cached:           880708 kB
SwapCached:           88 kB
Active:          1265660 kB
Inactive:         626404 kB
Active(anon):     797524 kB
Inactive(anon):   211400 kB
Active(file):     468136 kB
Inactive(file):   415004 kB
Unevictable:       13568 kB
Mlocked:               0 kB
SwapTotal:        715328 kB
SwapFree:         695148 kB
Dirty:                60 kB
Writeback:             0 kB
AnonPages:       1007776 kB
Mapped:           608784 kB
Shmem:              1120 kB
Slab:              98400 kB
SReclaimable:      31556 kB
SUnreclaim:        66844 kB
KernelStack:       38336 kB
PageTables:        50376 kB
NFS_Unstable:          0 kB
Bounce:                0 kB
WritebackTmp:          0 kB
CommitLimit:     2152132 kB
Committed_AS:   120814264 kB
VmallocTotal:   251658176 kB
VmallocUsed:      134776 kB
VmallocChunk:   251427884 kB
Time pass: 133 sec

---2015-12-05 14:07:44
MemTotal:        2873608 kB
MemFree:          158424 kB
Buffers:           17124 kB
Cached:           880712 kB
SwapCached:           88 kB
Active:          1265168 kB
Inactive:         626400 kB
Active(anon):     797020 kB
Inactive(anon):   211400 kB
Active(file):     468148 kB
Inactive(file):   415000 kB
Unevictable:       13568 kB
Mlocked:               0 kB
SwapTotal:        715328 kB
SwapFree:         695148 kB
Dirty:                68 kB
Writeback:             0 kB
AnonPages:       1007272 kB
Mapped:           608980 kB
Shmem:              1120 kB
Slab:              98408 kB
SReclaimable:      31572 kB
SUnreclaim:        66836 kB
KernelStack:       38304 kB
PageTables:        50372 kB
NFS_Unstable:          0 kB
Bounce:                0 kB
WritebackTmp:          0 kB
CommitLimit:     2152132 kB
Committed_AS:   120814160 kB
VmallocTotal:   251658176 kB
VmallocUsed:      134776 kB
VmallocChunk:   251427884 kB
Time pass: 137 sec

---2015-12-05 14:07:44
MemTotal:        2873608 kB
MemFree:          161676 kB
Buffers:           17140 kB
Cached:           881180 kB
SwapCached:           88 kB
Active:          1263216 kB
Inactive:         626104 kB
Active(anon):     794448 kB
Inactive(anon):   211400 kB
Active(file):     468768 kB
Inactive(file):   414704 kB
Unevictable:       13568 kB
Mlocked:               0 kB
SwapTotal:        715328 kB
SwapFree:         695148 kB
Dirty:                56 kB
Writeback:             0 kB
AnonPages:       1004960 kB
Mapped:           607872 kB
Shmem:              1120 kB
Slab:              98268 kB
SReclaimable:      31572 kB
SUnreclaim:        66696 kB
KernelStack:       38112 kB
PageTables:        49808 kB
NFS_Unstable:          0 kB
Bounce:                0 kB
WritebackTmp:          0 kB
CommitLimit:     2152132 kB
Committed_AS:   119031612 kB
VmallocTotal:   251658176 kB
VmallocUsed:      133756 kB
VmallocChunk:   251427884 kB
Time pass: 141 sec

---2015-12-05 14:07:44
MemTotal:        2873608 kB
MemFree:          159404 kB
Buffers:           17148 kB
Cached:           881308 kB
SwapCached:           88 kB
Active:          1265160 kB
Inactive:         626392 kB
Active(anon):     796388 kB
Inactive(anon):   211396 kB
Active(file):     468772 kB
Inactive(file):   414996 kB
Unevictable:       13568 kB
Mlocked:               0 kB
SwapTotal:        715328 kB
SwapFree:         695148 kB
Dirty:                68 kB
Writeback:             0 kB
AnonPages:       1006740 kB
Mapped:           608068 kB
Shmem:              1120 kB
Slab:              98260 kB
SReclaimable:      31572 kB
SUnreclaim:        66688 kB
KernelStack:       38144 kB
PageTables:        49820 kB
NFS_Unstable:          0 kB
Bounce:                0 kB
WritebackTmp:          0 kB
CommitLimit:     2152132 kB
Committed_AS:   119031644 kB
VmallocTotal:   251658176 kB
VmallocUsed:      133756 kB
VmallocChunk:   251427884 kB
Time pass: 145 sec

---2015-12-05 14:07:44
MemTotal:        2873608 kB
MemFree:          145584 kB
Buffers:           17196 kB
Cached:           881476 kB
SwapCached:           88 kB
Active:          1278904 kB
Inactive:         625608 kB
Active(anon):     809140 kB
Inactive(anon):   211528 kB
Active(file):     469764 kB
Inactive(file):   414080 kB
Unevictable:       13568 kB
Mlocked:               0 kB
SwapTotal:        715328 kB
SwapFree:         695148 kB
Dirty:                 0 kB
Writeback:             0 kB
AnonPages:       1019180 kB
Mapped:           611000 kB
Shmem:              1260 kB
Slab:              98332 kB
SReclaimable:      31572 kB
SUnreclaim:        66760 kB
KernelStack:       38480 kB
PageTables:        50036 kB
NFS_Unstable:          0 kB
Bounce:                0 kB
WritebackTmp:          0 kB
CommitLimit:     2152132 kB
Committed_AS:   119067500 kB
VmallocTotal:   251658176 kB
VmallocUsed:      136188 kB
VmallocChunk:   251427884 kB
Time pass: 149 sec

---2015-12-05 14:07:44
MemTotal:        2873608 kB
MemFree:          143968 kB
Buffers:           17196 kB
Cached:           881616 kB
SwapCached:           88 kB
Active:          1279292 kB
Inactive:         625732 kB
Active(anon):     809512 kB
Inactive(anon):   211668 kB
Active(file):     469780 kB
Inactive(file):   414064 kB
Unevictable:       13568 kB
Mlocked:               0 kB
SwapTotal:        715328 kB
SwapFree:         695148 kB
Dirty:                 4 kB
Writeback:             0 kB
AnonPages:       1019776 kB
Mapped:           611156 kB
Shmem:              1400 kB
Slab:              98348 kB
SReclaimable:      31572 kB
SUnreclaim:        66776 kB
KernelStack:       38496 kB
PageTables:        50128 kB
NFS_Unstable:          0 kB
Bounce:                0 kB
WritebackTmp:          0 kB
CommitLimit:     2152132 kB
Committed_AS:   119067492 kB
VmallocTotal:   251658176 kB
VmallocUsed:      136188 kB
VmallocChunk:   251427884 kB
Time pass: 153 sec

---2015-12-05 14:07:44
MemTotal:        2873608 kB
MemFree:          143364 kB
Buffers:           17204 kB
Cached:           881632 kB
SwapCached:           88 kB
Active:          1279884 kB
Inactive:         625752 kB
Active(anon):     810104 kB
Inactive(anon):   211680 kB
Active(file):     469780 kB
Inactive(file):   414072 kB
Unevictable:       13568 kB
Mlocked:               0 kB
SwapTotal:        715328 kB
SwapFree:         695148 kB
Dirty:                44 kB
Writeback:             0 kB
AnonPages:       1020356 kB
Mapped:           611192 kB
Shmem:              1416 kB
Slab:              98356 kB
SReclaimable:      31572 kB
SUnreclaim:        66784 kB
KernelStack:       38496 kB
PageTables:        50124 kB
NFS_Unstable:          0 kB
Bounce:                0 kB
WritebackTmp:          0 kB
CommitLimit:     2152132 kB
Committed_AS:   119067524 kB
VmallocTotal:   251658176 kB
VmallocUsed:      136188 kB
VmallocChunk:   251427884 kB
Time pass: 157 sec

---2015-12-05 14:07:44
MemTotal:        2873608 kB
MemFree:          142804 kB
Buffers:           17212 kB
Cached:           881792 kB
SwapCached:           88 kB
Active:          1280340 kB
Inactive:         625916 kB
Active(anon):     810556 kB
Inactive(anon):   211844 kB
Active(file):     469784 kB
Inactive(file):   414072 kB
Unevictable:       13568 kB
Mlocked:               0 kB
SwapTotal:        715328 kB
SwapFree:         695148 kB
Dirty:                 8 kB
Writeback:             0 kB
AnonPages:       1020776 kB
Mapped:           611448 kB
Shmem:              1580 kB
Slab:              98344 kB
SReclaimable:      31572 kB
SUnreclaim:        66772 kB
KernelStack:       38496 kB
PageTables:        50156 kB
NFS_Unstable:          0 kB
Bounce:                0 kB
WritebackTmp:          0 kB
CommitLimit:     2152132 kB
Committed_AS:   119067524 kB
VmallocTotal:   251658176 kB
VmallocUsed:      136188 kB
VmallocChunk:   251427884 kB
Time pass: 160 sec

---2015-12-05 14:07:44
MemTotal:        2873608 kB
MemFree:          142656 kB
Buffers:           17212 kB
Cached:           882008 kB
SwapCached:           88 kB
Active:          1281720 kB
Inactive:         625956 kB
Active(anon):     811756 kB
Inactive(anon):   211388 kB
Active(file):     469964 kB
Inactive(file):   414568 kB
Unevictable:       13568 kB
Mlocked:               0 kB
SwapTotal:        715328 kB
SwapFree:         695148 kB
Dirty:                16 kB
Writeback:             0 kB
AnonPages:       1021688 kB
Mapped:           611676 kB
Shmem:              1120 kB
Slab:              98300 kB
SReclaimable:      31572 kB
SUnreclaim:        66728 kB
KernelStack:       38272 kB
PageTables:        49920 kB
NFS_Unstable:          0 kB
Bounce:                0 kB
WritebackTmp:          0 kB
CommitLimit:     2152132 kB
Committed_AS:   119040040 kB
VmallocTotal:   251658176 kB
VmallocUsed:      136188 kB
VmallocChunk:   251427884 kB
Time pass: 164 sec

---2015-12-05 14:07:44
MemTotal:        2873608 kB
MemFree:          135356 kB
Buffers:           17252 kB
Cached:           882200 kB
SwapCached:           88 kB
Active:          1288636 kB
Inactive:         626160 kB
Active(anon):     818648 kB
Inactive(anon):   211568 kB
Active(file):     469988 kB
Inactive(file):   414592 kB
Unevictable:       13568 kB
Mlocked:               0 kB
SwapTotal:        715328 kB
SwapFree:         695148 kB
Dirty:               132 kB
Writeback:             0 kB
AnonPages:       1028736 kB
Mapped:           612744 kB
Shmem:              1304 kB
Slab:              98212 kB
SReclaimable:      31492 kB
SUnreclaim:        66720 kB
KernelStack:       38480 kB
PageTables:        50060 kB
NFS_Unstable:          0 kB
Bounce:                0 kB
WritebackTmp:          0 kB
CommitLimit:     2152132 kB
Committed_AS:   119075572 kB
VmallocTotal:   251658176 kB
VmallocUsed:      136188 kB
VmallocChunk:   251427884 kB
Time pass: 168 sec

---2015-12-05 14:07:44
MemTotal:        2873608 kB
MemFree:          143136 kB
Buffers:           17284 kB
Cached:           882184 kB
SwapCached:           88 kB
Active:          1280128 kB
Inactive:         626160 kB
Active(anon):     810132 kB
Inactive(anon):   211532 kB
Active(file):     469996 kB
Inactive(file):   414628 kB
Unevictable:       13568 kB
Mlocked:               0 kB
SwapTotal:        715328 kB
SwapFree:         695148 kB
Dirty:                52 kB
Writeback:             0 kB
AnonPages:       1020132 kB
Mapped:           612860 kB
Shmem:              1276 kB
Slab:              98208 kB
SReclaimable:      31492 kB
SUnreclaim:        66716 kB
KernelStack:       38464 kB
PageTables:        50128 kB
NFS_Unstable:          0 kB
Bounce:                0 kB
WritebackTmp:          0 kB
CommitLimit:     2152132 kB
Committed_AS:   119079884 kB
VmallocTotal:   251658176 kB
VmallocUsed:      136188 kB
VmallocChunk:   251427884 kB
Time pass: 172 sec

---2015-12-05 14:07:44
MemTotal:        2873608 kB
MemFree:          141964 kB
Buffers:           17300 kB
Cached:           882332 kB
SwapCached:           88 kB
Active:          1280656 kB
Inactive:         626324 kB
Active(anon):     810660 kB
Inactive(anon):   211676 kB
Active(file):     469996 kB
Inactive(file):   414648 kB
Unevictable:       13568 kB
Mlocked:               0 kB
SwapTotal:        715328 kB
SwapFree:         695148 kB
Dirty:                16 kB
Writeback:             0 kB
AnonPages:       1021088 kB
Mapped:           613004 kB
Shmem:              1420 kB
Slab:              98124 kB
SReclaimable:      31412 kB
SUnreclaim:        66712 kB
KernelStack:       38464 kB
PageTables:        50128 kB
NFS_Unstable:          0 kB
Bounce:                0 kB
WritebackTmp:          0 kB
CommitLimit:     2152132 kB
Committed_AS:   119079876 kB
VmallocTotal:   251658176 kB
VmallocUsed:      136188 kB
VmallocChunk:   251427884 kB
Time pass: 176 sec

---2015-12-05 14:07:44
MemTotal:        2873608 kB
MemFree:          141064 kB
Buffers:           17300 kB
Cached:           882364 kB
SwapCached:           88 kB
Active:          1281112 kB
Inactive:         626352 kB
Active(anon):     811112 kB
Inactive(anon):   211708 kB
Active(file):     470000 kB
Inactive(file):   414644 kB
Unevictable:       13568 kB
Mlocked:               0 kB
SwapTotal:        715328 kB
SwapFree:         695148 kB
Dirty:                20 kB
Writeback:             0 kB
AnonPages:       1021344 kB
Mapped:           613080 kB
Shmem:              1452 kB
Slab:              98124 kB
SReclaimable:      31412 kB
SUnreclaim:        66712 kB
KernelStack:       38480 kB
PageTables:        50132 kB
NFS_Unstable:          0 kB
Bounce:                0 kB
WritebackTmp:          0 kB
CommitLimit:     2152132 kB
Committed_AS:   119079900 kB
VmallocTotal:   251658176 kB
VmallocUsed:      136188 kB
VmallocChunk:   251427884 kB
Time pass: 180 sec

---2015-12-05 14:07:44
MemTotal:        2873608 kB
MemFree:          141792 kB
Buffers:           17308 kB
Cached:           882376 kB
SwapCached:           88 kB
Active:          1280384 kB
Inactive:         626372 kB
Active(anon):     810384 kB
Inactive(anon):   211720 kB
Active(file):     470000 kB
Inactive(file):   414652 kB
Unevictable:       13568 kB
Mlocked:               0 kB
SwapTotal:        715328 kB
SwapFree:         695148 kB
Dirty:                 4 kB
Writeback:             0 kB
AnonPages:       1020592 kB
Mapped:           613108 kB
Shmem:              1464 kB
Slab:              98124 kB
SReclaimable:      31412 kB
SUnreclaim:        66712 kB
KernelStack:       38448 kB
PageTables:        50132 kB
NFS_Unstable:          0 kB
Bounce:                0 kB
WritebackTmp:          0 kB
CommitLimit:     2152132 kB
Committed_AS:   119079868 kB
VmallocTotal:   251658176 kB
VmallocUsed:      136188 kB
VmallocChunk:   251427884 kB
Time pass: 183 sec

---2015-12-05 14:07:44
MemTotal:        2873608 kB
MemFree:          151904 kB
Buffers:           17308 kB
Cached:           882040 kB
SwapCached:           88 kB
Active:          1271752 kB
Inactive:         626036 kB
Active(anon):     801748 kB
Inactive(anon):   211380 kB
Active(file):     470004 kB
Inactive(file):   414656 kB
Unevictable:       13568 kB
Mlocked:               0 kB
SwapTotal:        715328 kB
SwapFree:         695148 kB
Dirty:                12 kB
Writeback:             0 kB
AnonPages:       1011800 kB
Mapped:           612664 kB
Shmem:              1120 kB
Slab:              98016 kB
SReclaimable:      31348 kB
SUnreclaim:        66668 kB
KernelStack:       38080 kB
PageTables:        49936 kB
NFS_Unstable:          0 kB
Bounce:                0 kB
WritebackTmp:          0 kB
CommitLimit:     2152132 kB
Committed_AS:   119052476 kB
VmallocTotal:   251658176 kB
VmallocUsed:      136188 kB
VmallocChunk:   251427884 kB
Time pass: 187 sec

---2015-12-05 14:07:44
MemTotal:        2873608 kB
MemFree:          140612 kB
Buffers:           17332 kB
Cached:           882248 kB
SwapCached:           88 kB
Active:          1282280 kB
Inactive:         626256 kB
Active(anon):     812268 kB
Inactive(anon):   211576 kB
Active(file):     470012 kB
Inactive(file):   414680 kB
Unevictable:       13568 kB
Mlocked:               0 kB
SwapTotal:        715328 kB
SwapFree:         695148 kB
Dirty:                52 kB
Writeback:             0 kB
AnonPages:       1022492 kB
Mapped:           613064 kB
Shmem:              1320 kB
Slab:              98016 kB
SReclaimable:      31348 kB
SUnreclaim:        66668 kB
KernelStack:       38496 kB
PageTables:        50092 kB
NFS_Unstable:          0 kB
Bounce:                0 kB
WritebackTmp:          0 kB
CommitLimit:     2152132 kB
Committed_AS:   119088164 kB
VmallocTotal:   251658176 kB
VmallocUsed:      136188 kB
VmallocChunk:   251427884 kB
Time pass: 191 sec

---2015-12-05 14:07:44
MemTotal:        2873608 kB
MemFree:          141200 kB
Buffers:           17348 kB
Cached:           882280 kB
SwapCached:           88 kB
Active:          1281748 kB
Inactive:         626292 kB
Active(anon):     811736 kB
Inactive(anon):   211596 kB
Active(file):     470012 kB
Inactive(file):   414696 kB
Unevictable:       13568 kB
Mlocked:               0 kB
SwapTotal:        715328 kB
SwapFree:         695148 kB
Dirty:                56 kB
Writeback:             0 kB
AnonPages:       1022056 kB
Mapped:           613044 kB
Shmem:              1352 kB
Slab:              98016 kB
SReclaimable:      31348 kB
SUnreclaim:        66668 kB
KernelStack:       38512 kB
PageTables:        50060 kB
NFS_Unstable:          0 kB
Bounce:                0 kB
WritebackTmp:          0 kB
CommitLimit:     2152132 kB
Committed_AS:   119088152 kB
VmallocTotal:   251658176 kB
VmallocUsed:      136188 kB
VmallocChunk:   251427884 kB
Time pass: 195 sec

---2015-12-05 14:07:44
MemTotal:        2873608 kB
MemFree:          139540 kB
Buffers:           17372 kB
Cached:           882300 kB
SwapCached:           88 kB
Active:          1282932 kB
Inactive:         626344 kB
Active(anon):     812916 kB
Inactive(anon):   211640 kB
Active(file):     470016 kB
Inactive(file):   414704 kB
Unevictable:       13568 kB
Mlocked:               0 kB
SwapTotal:        715328 kB
SwapFree:         695148 kB
Dirty:                48 kB
Writeback:             0 kB
AnonPages:       1023288 kB
Mapped:           613180 kB
Shmem:              1384 kB
Slab:              98016 kB
SReclaimable:      31348 kB
SUnreclaim:        66668 kB
KernelStack:       38480 kB
PageTables:        50172 kB
NFS_Unstable:          0 kB
Bounce:                0 kB
WritebackTmp:          0 kB
CommitLimit:     2152132 kB
Committed_AS:   119092240 kB
VmallocTotal:   251658176 kB
VmallocUsed:      136188 kB
VmallocChunk:   251427884 kB
Time pass: 199 sec

---2015-12-05 14:07:44
MemTotal:        2873608 kB
MemFree:          138660 kB
Buffers:           17372 kB
Cached:           882488 kB
SwapCached:           88 kB
Active:          1283024 kB
Inactive:         626532 kB
Active(anon):     813008 kB
Inactive(anon):   211812 kB
Active(file):     470016 kB
Inactive(file):   414720 kB
Unevictable:       13568 kB
Mlocked:               0 kB
SwapTotal:        715328 kB
SwapFree:         695148 kB
Dirty:                 0 kB
Writeback:             0 kB
AnonPages:       1023208 kB
Mapped:           613548 kB
Shmem:              1556 kB
Slab:              98048 kB
SReclaimable:      31348 kB
SUnreclaim:        66700 kB
KernelStack:       38512 kB
PageTables:        50200 kB
NFS_Unstable:          0 kB
Bounce:                0 kB
WritebackTmp:          0 kB
CommitLimit:     2152132 kB
Committed_AS:   119092388 kB
VmallocTotal:   251658176 kB
VmallocUsed:      136188 kB
VmallocChunk:   251427884 kB
Time pass: 203 sec

---2015-12-05 14:07:44
MemTotal:        2873608 kB
MemFree:          138336 kB
Buffers:           17380 kB
Cached:           882492 kB
SwapCached:           88 kB
Active:          1283440 kB
Inactive:         626544 kB
Active(anon):     813424 kB
Inactive(anon):   211812 kB
Active(file):     470016 kB
Inactive(file):   414732 kB
Unevictable:       13568 kB
Mlocked:               0 kB
SwapTotal:        715328 kB
SwapFree:         695148 kB
Dirty:                52 kB
Writeback:             0 kB
AnonPages:       1023668 kB
Mapped:           613532 kB
Shmem:              1556 kB
Slab:              98048 kB
SReclaimable:      31348 kB
SUnreclaim:        66700 kB
KernelStack:       38496 kB
PageTables:        50172 kB
NFS_Unstable:          0 kB
Bounce:                0 kB
WritebackTmp:          0 kB
CommitLimit:     2152132 kB
Committed_AS:   119092404 kB
VmallocTotal:   251658176 kB
VmallocUsed:      136188 kB
VmallocChunk:   251427884 kB
Time pass: 207 sec

---2015-12-05 14:07:44
MemTotal:        2873608 kB
MemFree:          137984 kB
Buffers:           17412 kB
Cached:           882164 kB
SwapCached:           88 kB
Active:          1284004 kB
Inactive:         626240 kB
Active(anon):     813984 kB
Inactive(anon):   211492 kB
Active(file):     470020 kB
Inactive(file):   414748 kB
Unevictable:       13568 kB
Mlocked:               0 kB
SwapTotal:        715328 kB
SwapFree:         695148 kB
Dirty:                60 kB
Writeback:             0 kB
AnonPages:       1024304 kB
Mapped:           613236 kB
Shmem:              1240 kB
Slab:              98068 kB
SReclaimable:      31348 kB
SUnreclaim:        66720 kB
KernelStack:       38528 kB
PageTables:        50088 kB
NFS_Unstable:          0 kB
Bounce:                0 kB
WritebackTmp:          0 kB
CommitLimit:     2152132 kB
Committed_AS:   119092504 kB
VmallocTotal:   251658176 kB
VmallocUsed:      136188 kB
VmallocChunk:   251427884 kB
Time pass: 211 sec

---2015-12-05 14:07:44
MemTotal:        2873608 kB
MemFree:          136616 kB
Buffers:           17428 kB
Cached:           882248 kB
SwapCached:           88 kB
Active:          1284848 kB
Inactive:         626344 kB
Active(anon):     814828 kB
Inactive(anon):   211564 kB
Active(file):     470020 kB
Inactive(file):   414780 kB
Unevictable:       13568 kB
Mlocked:               0 kB
SwapTotal:        715328 kB
SwapFree:         695148 kB
Dirty:                60 kB
Writeback:             0 kB
AnonPages:       1025048 kB
Mapped:           613312 kB
Shmem:              1308 kB
Slab:              98068 kB
SReclaimable:      31348 kB
SUnreclaim:        66720 kB
KernelStack:       38512 kB
PageTables:        50092 kB
NFS_Unstable:          0 kB
Bounce:                0 kB
WritebackTmp:          0 kB
CommitLimit:     2152132 kB
Committed_AS:   119092508 kB
VmallocTotal:   251658176 kB
VmallocUsed:      136188 kB
VmallocChunk:   251427884 kB
Time pass: 215 sec

---2015-12-05 14:07:44
MemTotal:        2873608 kB
MemFree:          136632 kB
Buffers:           17444 kB
Cached:           882280 kB
SwapCached:           88 kB
Active:          1284660 kB
Inactive:         626392 kB
Active(anon):     814640 kB
Inactive(anon):   211596 kB
Active(file):     470020 kB
Inactive(file):   414796 kB
Unevictable:       13568 kB
Mlocked:               0 kB
SwapTotal:        715328 kB
SwapFree:         695148 kB
Dirty:                48 kB
Writeback:             0 kB
AnonPages:       1024792 kB
Mapped:           613212 kB
Shmem:              1340 kB
Slab:              98068 kB
SReclaimable:      31348 kB
SUnreclaim:        66720 kB
KernelStack:       38528 kB
PageTables:        50132 kB
NFS_Unstable:          0 kB
Bounce:                0 kB
WritebackTmp:          0 kB
CommitLimit:     2152132 kB
Committed_AS:   119092476 kB
VmallocTotal:   251658176 kB
VmallocUsed:      136188 kB
VmallocChunk:   251427884 kB
Time pass: 219 sec

---2015-12-05 14:07:44
MemTotal:        2873608 kB
MemFree:          137296 kB
Buffers:           17452 kB
Cached:           882272 kB
SwapCached:           88 kB
Active:          1284232 kB
Inactive:         626392 kB
Active(anon):     814212 kB
Inactive(anon):   211596 kB
Active(file):     470020 kB
Inactive(file):   414796 kB
Unevictable:       13568 kB
Mlocked:               0 kB
SwapTotal:        715328 kB
SwapFree:         695148 kB
Dirty:                 0 kB
Writeback:             0 kB
AnonPages:       1024400 kB
Mapped:           613360 kB
Shmem:              1340 kB
Slab:              98116 kB
SReclaimable:      31348 kB
SUnreclaim:        66768 kB
KernelStack:       38496 kB
PageTables:        50096 kB
NFS_Unstable:          0 kB
Bounce:                0 kB
WritebackTmp:          0 kB
CommitLimit:     2152132 kB
Committed_AS:   119092468 kB
VmallocTotal:   251658176 kB
VmallocUsed:      136188 kB
VmallocChunk:   251427884 kB
Time pass: 222 sec

---2015-12-05 14:07:44
MemTotal:        2873608 kB
MemFree:          137080 kB
Buffers:           17460 kB
Cached:           882280 kB
SwapCached:           88 kB
Active:          1284232 kB
Inactive:         626404 kB
Active(anon):     814212 kB
Inactive(anon):   211592 kB
Active(file):     470020 kB
Inactive(file):   414812 kB
Unevictable:       13568 kB
Mlocked:               0 kB
SwapTotal:        715328 kB
SwapFree:         695148 kB
Dirty:               132 kB
Writeback:             0 kB
AnonPages:       1024340 kB
Mapped:           613364 kB
Shmem:              1340 kB
Slab:              98116 kB
SReclaimable:      31348 kB
SUnreclaim:        66768 kB
KernelStack:       38496 kB
PageTables:        50096 kB
NFS_Unstable:          0 kB
Bounce:                0 kB
WritebackTmp:          0 kB
CommitLimit:     2152132 kB
Committed_AS:   119092484 kB
VmallocTotal:   251658176 kB
VmallocUsed:      136188 kB
VmallocChunk:   251427884 kB
Time pass: 226 sec

---2015-12-05 14:07:44
MemTotal:        2873608 kB
MemFree:          138696 kB
Buffers:           17468 kB
Cached:           882280 kB
SwapCached:           88 kB
Active:          1281940 kB
Inactive:         626412 kB
Active(anon):     811920 kB
Inactive(anon):   211592 kB
Active(file):     470020 kB
Inactive(file):   414820 kB
Unevictable:       13568 kB
Mlocked:               0 kB
SwapTotal:        715328 kB
SwapFree:         695148 kB
Dirty:                 0 kB
Writeback:             0 kB
AnonPages:       1022244 kB
Mapped:           613300 kB
Shmem:              1340 kB
Slab:              98244 kB
SReclaimable:      31348 kB
SUnreclaim:        66896 kB
KernelStack:       38512 kB
PageTables:        50104 kB
NFS_Unstable:          0 kB
Bounce:                0 kB
WritebackTmp:          0 kB
CommitLimit:     2152132 kB
Committed_AS:   119092516 kB
VmallocTotal:   251658176 kB
VmallocUsed:      136188 kB
VmallocChunk:   251427884 kB
Time pass: 230 sec

---2015-12-05 14:07:44
MemTotal:        2873608 kB
MemFree:          139624 kB
Buffers:           17476 kB
Cached:           882280 kB
SwapCached:           88 kB
Active:          1282168 kB
Inactive:         626420 kB
Active(anon):     812148 kB
Inactive(anon):   211592 kB
Active(file):     470020 kB
Inactive(file):   414828 kB
Unevictable:       13568 kB
Mlocked:               0 kB
SwapTotal:        715328 kB
SwapFree:         695148 kB
Dirty:                32 kB
Writeback:             0 kB
AnonPages:       1022216 kB
Mapped:           613384 kB
Shmem:              1340 kB
Slab:              98088 kB
SReclaimable:      31348 kB
SUnreclaim:        66740 kB
KernelStack:       38480 kB
PageTables:        50104 kB
NFS_Unstable:          0 kB
Bounce:                0 kB
WritebackTmp:          0 kB
CommitLimit:     2152132 kB
Committed_AS:   119092500 kB
VmallocTotal:   251658176 kB
VmallocUsed:      136188 kB
VmallocChunk:   251427884 kB
Time pass: 234 sec

---2015-12-05 14:07:44
MemTotal:        2873608 kB
MemFree:          139212 kB
Buffers:           17476 kB
Cached:           882280 kB
SwapCached:           88 kB
Active:          1282064 kB
Inactive:         626420 kB
Active(anon):     812044 kB
Inactive(anon):   211592 kB
Active(file):     470020 kB
Inactive(file):   414828 kB
Unevictable:       13568 kB
Mlocked:               0 kB
SwapTotal:        715328 kB
SwapFree:         695148 kB
Dirty:                 0 kB
Writeback:            32 kB
AnonPages:       1022300 kB
Mapped:           613392 kB
Shmem:              1340 kB
Slab:              98088 kB
SReclaimable:      31348 kB
SUnreclaim:        66740 kB
KernelStack:       38480 kB
PageTables:        50108 kB
NFS_Unstable:          0 kB
Bounce:                0 kB
WritebackTmp:          0 kB
CommitLimit:     2152132 kB
Committed_AS:   119092492 kB
VmallocTotal:   251658176 kB
VmallocUsed:      136188 kB
VmallocChunk:   251427884 kB
Time pass: 238 sec

---2015-12-05 14:07:44
MemTotal:        2873608 kB
MemFree:          139336 kB
Buffers:           17476 kB
Cached:           882280 kB
SwapCached:           88 kB
Active:          1281880 kB
Inactive:         626420 kB
Active(anon):     811860 kB
Inactive(anon):   211592 kB
Active(file):     470020 kB
Inactive(file):   414828 kB
Unevictable:       13568 kB
Mlocked:               0 kB
SwapTotal:        715328 kB
SwapFree:         695148 kB
Dirty:                 0 kB
Writeback:             0 kB
AnonPages:       1022124 kB
Mapped:           613440 kB
Shmem:              1340 kB
Slab:              98052 kB
SReclaimable:      31316 kB
SUnreclaim:        66736 kB
KernelStack:       38496 kB
PageTables:        50136 kB
NFS_Unstable:          0 kB
Bounce:                0 kB
WritebackTmp:          0 kB
CommitLimit:     2152132 kB
Committed_AS:   119092508 kB
VmallocTotal:   251658176 kB
VmallocUsed:      136188 kB
VmallocChunk:   251427884 kB
Time pass: 242 sec

---2015-12-05 14:07:44
MemTotal:        2873608 kB
MemFree:          137620 kB
Buffers:           17492 kB
Cached:           882264 kB
SwapCached:           88 kB
Active:          1284604 kB
Inactive:         626416 kB
Active(anon):     814580 kB
Inactive(anon):   211592 kB
Active(file):     470024 kB
Inactive(file):   414824 kB
Unevictable:       13568 kB
Mlocked:               0 kB
SwapTotal:        715328 kB
SwapFree:         695148 kB
Dirty:                 4 kB
Writeback:             0 kB
AnonPages:       1024840 kB
Mapped:           613064 kB
Shmem:              1340 kB
Slab:              98044 kB
SReclaimable:      31316 kB
SUnreclaim:        66728 kB
KernelStack:       38560 kB
PageTables:        50148 kB
NFS_Unstable:          0 kB
Bounce:                0 kB
WritebackTmp:          0 kB
CommitLimit:     2152132 kB
Committed_AS:   119069264 kB
VmallocTotal:   251658176 kB
VmallocUsed:      136188 kB
VmallocChunk:   251427884 kB
Time pass: 246 sec

---2015-12-05 14:07:44
MemTotal:        2873608 kB
MemFree:          133176 kB
Buffers:           17508 kB
Cached:           882328 kB
SwapCached:           88 kB
Active:          1287268 kB
Inactive:         626484 kB
Active(anon):     817244 kB
Inactive(anon):   211624 kB
Active(file):     470024 kB
Inactive(file):   414860 kB
Unevictable:       13568 kB
Mlocked:               0 kB
SwapTotal:        715328 kB
SwapFree:         695148 kB
Dirty:                 0 kB
Writeback:            16 kB
AnonPages:       1027540 kB
Mapped:           613484 kB
Shmem:              1384 kB
Slab:              98096 kB
SReclaimable:      31316 kB
SUnreclaim:        66780 kB
KernelStack:       38496 kB
PageTables:        50204 kB
NFS_Unstable:          0 kB
Bounce:                0 kB
WritebackTmp:          0 kB
CommitLimit:     2152132 kB
Committed_AS:   119100728 kB
VmallocTotal:   251658176 kB
VmallocUsed:      136188 kB
VmallocChunk:   251427884 kB
Time pass: 250 sec

---2015-12-05 14:07:44
MemTotal:        2873608 kB
MemFree:          132896 kB
Buffers:           17516 kB
Cached:           882360 kB
SwapCached:           88 kB
Active:          1287780 kB
Inactive:         626520 kB
Active(anon):     817752 kB
Inactive(anon):   211656 kB
Active(file):     470028 kB
Inactive(file):   414864 kB
Unevictable:       13568 kB
Mlocked:               0 kB
SwapTotal:        715328 kB
SwapFree:         695148 kB
Dirty:                44 kB
Writeback:             0 kB
AnonPages:       1027952 kB
Mapped:           613532 kB
Shmem:              1416 kB
Slab:              98112 kB
SReclaimable:      31316 kB
SUnreclaim:        66796 kB
KernelStack:       38496 kB
PageTables:        50200 kB
NFS_Unstable:          0 kB
Bounce:                0 kB
WritebackTmp:          0 kB
CommitLimit:     2152132 kB
Committed_AS:   119100812 kB
VmallocTotal:   251658176 kB
VmallocUsed:      136188 kB
VmallocChunk:   251427884 kB
Time pass: 254 sec

---2015-12-05 14:07:44
MemTotal:        2873608 kB
MemFree:          132296 kB
Buffers:           17516 kB
Cached:           882364 kB
SwapCached:           88 kB
Active:          1288284 kB
Inactive:         626524 kB
Active(anon):     818256 kB
Inactive(anon):   211660 kB
Active(file):     470028 kB
Inactive(file):   414864 kB
Unevictable:       13568 kB
Mlocked:               0 kB
SwapTotal:        715328 kB
SwapFree:         695148 kB
Dirty:                 4 kB
Writeback:             0 kB
AnonPages:       1028400 kB
Mapped:           613708 kB
Shmem:              1420 kB
Slab:              98052 kB
SReclaimable:      31316 kB
SUnreclaim:        66736 kB
KernelStack:       38496 kB
PageTables:        50256 kB
NFS_Unstable:          0 kB
Bounce:                0 kB
WritebackTmp:          0 kB
CommitLimit:     2152132 kB
Committed_AS:   119100820 kB
VmallocTotal:   251658176 kB
VmallocUsed:      136188 kB
VmallocChunk:   251427884 kB
Time pass: 258 sec

---2015-12-05 14:07:44
MemTotal:        2873608 kB
MemFree:          133280 kB
Buffers:           17532 kB
Cached:           882528 kB
SwapCached:           88 kB
Active:          1287120 kB
Inactive:         626700 kB
Active(anon):     817088 kB
Inactive(anon):   211820 kB
Active(file):     470032 kB
Inactive(file):   414880 kB
Unevictable:       13568 kB
Mlocked:               0 kB
SwapTotal:        715328 kB
SwapFree:         695148 kB
Dirty:                44 kB
Writeback:             0 kB
AnonPages:       1027276 kB
Mapped:           613740 kB
Shmem:              1580 kB
Slab:              98080 kB
SReclaimable:      31316 kB
SUnreclaim:        66764 kB
KernelStack:       38528 kB
PageTables:        50204 kB
NFS_Unstable:          0 kB
Bounce:                0 kB
WritebackTmp:          0 kB
CommitLimit:     2152132 kB
Committed_AS:   119100892 kB
VmallocTotal:   251658176 kB
VmallocUsed:      136188 kB
VmallocChunk:   251427884 kB
Time pass: 261 sec

---2015-12-05 14:07:44
MemTotal:        2873608 kB
MemFree:          136400 kB
Buffers:           17564 kB
Cached:           882228 kB
SwapCached:           88 kB
Active:          1285080 kB
Inactive:         626420 kB
Active(anon):     815048 kB
Inactive(anon):   211504 kB
Active(file):     470032 kB
Inactive(file):   414916 kB
Unevictable:       13568 kB
Mlocked:               0 kB
SwapTotal:        715328 kB
SwapFree:         695148 kB
Dirty:                80 kB
Writeback:             0 kB
AnonPages:       1025412 kB
Mapped:           613440 kB
Shmem:              1276 kB
Slab:              98016 kB
SReclaimable:      31316 kB
SUnreclaim:        66700 kB
KernelStack:       38496 kB
PageTables:        50124 kB
NFS_Unstable:          0 kB
Bounce:                0 kB
WritebackTmp:          0 kB
CommitLimit:     2152132 kB
Committed_AS:   119100940 kB
VmallocTotal:   251658176 kB
VmallocUsed:      136188 kB
VmallocChunk:   251427884 kB
Time pass: 265 sec

---2015-12-05 14:07:44
MemTotal:        2873608 kB
MemFree:          136944 kB
Buffers:           17580 kB
Cached:           882236 kB
SwapCached:           88 kB
Active:          1284564 kB
Inactive:         626444 kB
Active(anon):     814532 kB
Inactive(anon):   211512 kB
Active(file):     470032 kB
Inactive(file):   414932 kB
Unevictable:       13568 kB
Mlocked:               0 kB
SwapTotal:        715328 kB
SwapFree:         695148 kB
Dirty:                 0 kB
Writeback:             0 kB
AnonPages:       1024612 kB
Mapped:           613632 kB
Shmem:              1284 kB
Slab:              98016 kB
SReclaimable:      31316 kB
SUnreclaim:        66700 kB
KernelStack:       38480 kB
PageTables:        50184 kB
NFS_Unstable:          0 kB
Bounce:                0 kB
WritebackTmp:          0 kB
CommitLimit:     2152132 kB
Committed_AS:   119101004 kB
VmallocTotal:   251658176 kB
VmallocUsed:      136188 kB
VmallocChunk:   251427884 kB
Time pass: 269 sec

---2015-12-05 14:07:44
MemTotal:        2873608 kB
MemFree:          136964 kB
Buffers:           17588 kB
Cached:           882268 kB
SwapCached:           88 kB
Active:          1283796 kB
Inactive:         626484 kB
Active(anon):     813764 kB
Inactive(anon):   211544 kB
Active(file):     470032 kB
Inactive(file):   414940 kB
Unevictable:       13568 kB
Mlocked:               0 kB
SwapTotal:        715328 kB
SwapFree:         695148 kB
Dirty:                40 kB
Writeback:             0 kB
AnonPages:       1023936 kB
Mapped:           613496 kB
Shmem:              1316 kB
Slab:              98016 kB
SReclaimable:      31316 kB
SUnreclaim:        66700 kB
KernelStack:       38480 kB
PageTables:        50124 kB
NFS_Unstable:          0 kB
Bounce:                0 kB
WritebackTmp:          0 kB
CommitLimit:     2152132 kB
Committed_AS:   119100988 kB
VmallocTotal:   251658176 kB
VmallocUsed:      136188 kB
VmallocChunk:   251427884 kB
Time pass: 273 sec

---2015-12-05 14:07:44
MemTotal:        2873608 kB
MemFree:          135596 kB
Buffers:           17604 kB
Cached:           882268 kB
SwapCached:           88 kB
Active:          1285380 kB
Inactive:         626500 kB
Active(anon):     815348 kB
Inactive(anon):   211544 kB
Active(file):     470032 kB
Inactive(file):   414956 kB
Unevictable:       13568 kB
Mlocked:               0 kB
SwapTotal:        715328 kB
SwapFree:         695148 kB
Dirty:                52 kB
Writeback:             0 kB
AnonPages:       1025596 kB
Mapped:           613464 kB
Shmem:              1316 kB
Slab:              98016 kB
SReclaimable:      31316 kB
SUnreclaim:        66700 kB
KernelStack:       38512 kB
PageTables:        50096 kB
NFS_Unstable:          0 kB
Bounce:                0 kB
WritebackTmp:          0 kB
CommitLimit:     2152132 kB
Committed_AS:   119100972 kB
VmallocTotal:   251658176 kB
VmallocUsed:      136188 kB
VmallocChunk:   251427884 kB
Time pass: 277 sec

---2015-12-05 14:07:44
MemTotal:        2873608 kB
MemFree:          134848 kB
Buffers:           17612 kB
Cached:           882260 kB
SwapCached:           88 kB
Active:          1286400 kB
Inactive:         626500 kB
Active(anon):     816368 kB
Inactive(anon):   211544 kB
Active(file):     470032 kB
Inactive(file):   414956 kB
Unevictable:       13568 kB
Mlocked:               0 kB
SwapTotal:        715328 kB
SwapFree:         695148 kB
Dirty:                32 kB
Writeback:             0 kB
AnonPages:       1026372 kB
Mapped:           613556 kB
Shmem:              1316 kB
Slab:              98016 kB
SReclaimable:      31316 kB
SUnreclaim:        66700 kB
KernelStack:       38512 kB
PageTables:        50128 kB
NFS_Unstable:          0 kB
Bounce:                0 kB
WritebackTmp:          0 kB
CommitLimit:     2152132 kB
Committed_AS:   119101012 kB
VmallocTotal:   251658176 kB
VmallocUsed:      136188 kB
VmallocChunk:   251427884 kB
Time pass: 281 sec

---2015-12-05 14:07:44
MemTotal:        2873608 kB
MemFree:          135024 kB
Buffers:           17636 kB
Cached:           882268 kB
SwapCached:           88 kB
Active:          1286244 kB
Inactive:         626532 kB
Active(anon):     816212 kB
Inactive(anon):   211544 kB
Active(file):     470032 kB
Inactive(file):   414988 kB
Unevictable:       13568 kB
Mlocked:               0 kB
SwapTotal:        715328 kB
SwapFree:         695148 kB
Dirty:                88 kB
Writeback:             0 kB
AnonPages:       1026268 kB
Mapped:           613564 kB
Shmem:              1316 kB
Slab:              98012 kB
SReclaimable:      31316 kB
SUnreclaim:        66696 kB
KernelStack:       38528 kB
PageTables:        50128 kB
NFS_Unstable:          0 kB
Bounce:                0 kB
WritebackTmp:          0 kB
CommitLimit:     2152132 kB
Committed_AS:   119101084 kB
VmallocTotal:   251658176 kB
VmallocUsed:      136188 kB
VmallocChunk:   251427884 kB
Time pass: 285 sec

---2015-12-05 14:07:44
MemTotal:        2873608 kB
MemFree:          132780 kB
Buffers:           17660 kB
Cached:           882280 kB
SwapCached:           88 kB
Active:          1288560 kB
Inactive:         626564 kB
Active(anon):     818524 kB
Inactive(anon):   211544 kB
Active(file):     470036 kB
Inactive(file):   415020 kB
Unevictable:       13568 kB
Mlocked:               0 kB
SwapTotal:        715328 kB
SwapFree:         695148 kB
Dirty:               120 kB
Writeback:             0 kB
AnonPages:       1028712 kB
Mapped:           613572 kB
Shmem:              1316 kB
Slab:              98044 kB
SReclaimable:      31316 kB
SUnreclaim:        66728 kB
KernelStack:       38512 kB
PageTables:        50128 kB
NFS_Unstable:          0 kB
Bounce:                0 kB
WritebackTmp:          0 kB
CommitLimit:     2152132 kB
Committed_AS:   119101044 kB
VmallocTotal:   251658176 kB
VmallocUsed:      136188 kB
VmallocChunk:   251427884 kB
Time pass: 289 sec

---2015-12-05 14:07:44
MemTotal:        2873608 kB
MemFree:          132488 kB
Buffers:           17668 kB
Cached:           882272 kB
SwapCached:           88 kB
Active:          1288696 kB
Inactive:         626564 kB
Active(anon):     818660 kB
Inactive(anon):   211544 kB
Active(file):     470036 kB
Inactive(file):   415020 kB
Unevictable:       13568 kB
Mlocked:               0 kB
SwapTotal:        715328 kB
SwapFree:         695148 kB
Dirty:                32 kB
Writeback:             0 kB
AnonPages:       1028836 kB
Mapped:           613660 kB
Shmem:              1316 kB
Slab:              98040 kB
SReclaimable:      31316 kB
SUnreclaim:        66724 kB
KernelStack:       38496 kB
PageTables:        50152 kB
NFS_Unstable:          0 kB
Bounce:                0 kB
WritebackTmp:          0 kB
CommitLimit:     2152132 kB
Committed_AS:   119100996 kB
VmallocTotal:   251658176 kB
VmallocUsed:      136188 kB
VmallocChunk:   251427884 kB
Time pass: 293 sec

---2015-12-05 14:07:44
MemTotal:        2873608 kB
MemFree:          133056 kB
Buffers:           17668 kB
Cached:           882304 kB
SwapCached:           88 kB
Active:          1287900 kB
Inactive:         626596 kB
Active(anon):     817864 kB
Inactive(anon):   211568 kB
Active(file):     470036 kB
Inactive(file):   415028 kB
Unevictable:       13568 kB
Mlocked:               0 kB
SwapTotal:        715328 kB
SwapFree:         695148 kB
Dirty:                32 kB
Writeback:             0 kB
AnonPages:       1027892 kB
Mapped:           613616 kB
Shmem:              1340 kB
Slab:              97996 kB
SReclaimable:      31316 kB
SUnreclaim:        66680 kB
KernelStack:       38496 kB
PageTables:        50120 kB
NFS_Unstable:          0 kB
Bounce:                0 kB
WritebackTmp:          0 kB
CommitLimit:     2152132 kB
Committed_AS:   119100964 kB
VmallocTotal:   251658176 kB
VmallocUsed:      136188 kB
VmallocChunk:   251427884 kB
Time pass: 297 sec

---2015-12-05 14:07:44
MemTotal:        2873608 kB
MemFree:          128272 kB
Buffers:           17684 kB
Cached:           883252 kB
SwapCached:           92 kB
Active:          1291284 kB
Inactive:         627492 kB
Active(anon):     821216 kB
Inactive(anon):   211580 kB
Active(file):     470068 kB
Inactive(file):   415912 kB
Unevictable:       13568 kB
Mlocked:               0 kB
SwapTotal:        715328 kB
SwapFree:         695148 kB
Dirty:                36 kB
Writeback:             0 kB
AnonPages:       1031296 kB
Mapped:           614372 kB
Shmem:              1352 kB
Slab:              98080 kB
SReclaimable:      31316 kB
SUnreclaim:        66764 kB
KernelStack:       38768 kB
PageTables:        50604 kB
NFS_Unstable:          0 kB
Bounce:                0 kB
WritebackTmp:          0 kB
CommitLimit:     2152132 kB
Committed_AS:   120338360 kB
VmallocTotal:   251658176 kB
VmallocUsed:      137208 kB
VmallocChunk:   251427884 kB
Time pass: 301 sec

---2015-12-05 14:07:44
MemTotal:        2873608 kB
MemFree:          111060 kB
Buffers:           17792 kB
Cached:           895940 kB
SwapCached:           92 kB
Active:          1296312 kB
Inactive:         639980 kB
Active(anon):     826140 kB
Inactive(anon):   211568 kB
Active(file):     470172 kB
Inactive(file):   428412 kB
Unevictable:       13568 kB
Mlocked:               0 kB
SwapTotal:        715328 kB
SwapFree:         695148 kB
Dirty:               144 kB
Writeback:             0 kB
AnonPages:       1036456 kB
Mapped:           619692 kB
Shmem:              1344 kB
Slab:              98136 kB
SReclaimable:      31316 kB
SUnreclaim:        66820 kB
KernelStack:       38800 kB
PageTables:        50652 kB
NFS_Unstable:          0 kB
Bounce:                0 kB
WritebackTmp:          0 kB
CommitLimit:     2152132 kB
Committed_AS:   120338844 kB
VmallocTotal:   251658176 kB
VmallocUsed:      137208 kB
VmallocChunk:   251427884 kB
Time pass: 305 sec

---2015-12-05 14:07:44
MemTotal:        2873608 kB
MemFree:          105208 kB
Buffers:           17812 kB
Cached:           899576 kB
SwapCached:           92 kB
Active:          1297644 kB
Inactive:         643824 kB
Active(anon):     827460 kB
Inactive(anon):   211568 kB
Active(file):     470184 kB
Inactive(file):   432256 kB
Unevictable:       13568 kB
Mlocked:               0 kB
SwapTotal:        715328 kB
SwapFree:         695148 kB
Dirty:               176 kB
Writeback:             0 kB
AnonPages:       1037776 kB
Mapped:           621372 kB
Shmem:              1344 kB
Slab:              98204 kB
SReclaimable:      31316 kB
SUnreclaim:        66888 kB
KernelStack:       38832 kB
PageTables:        50660 kB
NFS_Unstable:          0 kB
Bounce:                0 kB
WritebackTmp:          0 kB
CommitLimit:     2152132 kB
Committed_AS:   120338964 kB
VmallocTotal:   251658176 kB
VmallocUsed:      137208 kB
VmallocChunk:   251427884 kB
Time pass: 309 sec

---2015-12-05 14:07:44
MemTotal:        2873608 kB
MemFree:          105452 kB
Buffers:           17828 kB
Cached:           899588 kB
SwapCached:           92 kB
Active:          1296424 kB
Inactive:         643852 kB
Active(anon):     826240 kB
Inactive(anon):   211572 kB
Active(file):     470184 kB
Inactive(file):   432280 kB
Unevictable:       13568 kB
Mlocked:               0 kB
SwapTotal:        715328 kB
SwapFree:         695148 kB
Dirty:               152 kB
Writeback:             0 kB
AnonPages:       1036540 kB
Mapped:           621440 kB
Shmem:              1348 kB
Slab:              98304 kB
SReclaimable:      31316 kB
SUnreclaim:        66988 kB
KernelStack:       38832 kB
PageTables:        50704 kB
NFS_Unstable:          0 kB
Bounce:                0 kB
WritebackTmp:          0 kB
CommitLimit:     2152132 kB
Committed_AS:   120338732 kB
VmallocTotal:   251658176 kB
VmallocUsed:      137208 kB
VmallocChunk:   251427884 kB
Time pass: 313 sec

---2015-12-05 14:07:44
MemTotal:        2873608 kB
MemFree:          105204 kB
Buffers:           17836 kB
Cached:           899588 kB
SwapCached:           92 kB
Active:          1296840 kB
Inactive:         643864 kB
Active(anon):     826656 kB
Inactive(anon):   211572 kB
Active(file):     470184 kB
Inactive(file):   432292 kB
Unevictable:       13568 kB
Mlocked:               0 kB
SwapTotal:        715328 kB
SwapFree:         695148 kB
Dirty:                32 kB
Writeback:             0 kB
AnonPages:       1036852 kB
Mapped:           621488 kB
Shmem:              1348 kB
Slab:              98280 kB
SReclaimable:      31316 kB
SUnreclaim:        66964 kB
KernelStack:       38832 kB
PageTables:        50708 kB
NFS_Unstable:          0 kB
Bounce:                0 kB
WritebackTmp:          0 kB
CommitLimit:     2152132 kB
Committed_AS:   120338740 kB
VmallocTotal:   251658176 kB
VmallocUsed:      137208 kB
VmallocChunk:   251427884 kB
Time pass: 317 sec

---2015-12-05 14:07:44
MemTotal:        2873608 kB
MemFree:          105088 kB
Buffers:           17852 kB
Cached:           899592 kB
SwapCached:           92 kB
Active:          1297160 kB
Inactive:         643916 kB
Active(anon):     826976 kB
Inactive(anon):   211576 kB
Active(file):     470184 kB
Inactive(file):   432340 kB
Unevictable:       13568 kB
Mlocked:               0 kB
SwapTotal:        715328 kB
SwapFree:         695148 kB
Dirty:                56 kB
Writeback:             0 kB
AnonPages:       1037284 kB
Mapped:           621496 kB
Shmem:              1352 kB
Slab:              98272 kB
SReclaimable:      31316 kB
SUnreclaim:        66956 kB
KernelStack:       38832 kB
PageTables:        50712 kB
NFS_Unstable:          0 kB
Bounce:                0 kB
WritebackTmp:          0 kB
CommitLimit:     2152132 kB
Committed_AS:   120338764 kB
VmallocTotal:   251658176 kB
VmallocUsed:      137208 kB
VmallocChunk:   251427884 kB
Time pass: 321 sec

---2015-12-05 14:07:44
MemTotal:        2873608 kB
MemFree:          110368 kB
Buffers:           17868 kB
Cached:           899596 kB
SwapCached:           92 kB
Active:          1292476 kB
Inactive:         643920 kB
Active(anon):     822284 kB
Inactive(anon):   211572 kB
Active(file):     470192 kB
Inactive(file):   432348 kB
Unevictable:       13568 kB
Mlocked:               0 kB
SwapTotal:        715328 kB
SwapFree:         695148 kB
Dirty:                60 kB
Writeback:             0 kB
AnonPages:       1032312 kB
Mapped:           620316 kB
Shmem:              1356 kB
Slab:              98208 kB
SReclaimable:      31316 kB
SUnreclaim:        66892 kB
KernelStack:       38624 kB
PageTables:        50092 kB
NFS_Unstable:          0 kB
Bounce:                0 kB
WritebackTmp:          0 kB
CommitLimit:     2152132 kB
Committed_AS:   118556120 kB
VmallocTotal:   251658176 kB
VmallocUsed:      136188 kB
VmallocChunk:   251427884 kB
Time pass: 325 sec

---2015-12-05 14:07:44
MemTotal:        2873608 kB
MemFree:          109768 kB
Buffers:           17876 kB
Cached:           899620 kB
SwapCached:           92 kB
Active:          1294080 kB
Inactive:         643948 kB
Active(anon):     823888 kB
Inactive(anon):   211600 kB
Active(file):     470192 kB
Inactive(file):   432348 kB
Unevictable:       13568 kB
Mlocked:               0 kB
SwapTotal:        715328 kB
SwapFree:         695148 kB
Dirty:                 0 kB
Writeback:             0 kB
AnonPages:       1034028 kB
Mapped:           620136 kB
Shmem:              1384 kB
Slab:              98188 kB
SReclaimable:      31316 kB
SUnreclaim:        66872 kB
KernelStack:       38608 kB
PageTables:        50092 kB
NFS_Unstable:          0 kB
Bounce:                0 kB
WritebackTmp:          0 kB
CommitLimit:     2152132 kB
Committed_AS:   118556136 kB
VmallocTotal:   251658176 kB
VmallocUsed:      136188 kB
VmallocChunk:   251427884 kB
Time pass: 329 sec

---2015-12-05 14:07:44
MemTotal:        2873608 kB
MemFree:          108860 kB
Buffers:           17876 kB
Cached:           899624 kB
SwapCached:           92 kB
Active:          1293880 kB
Inactive:         643956 kB
Active(anon):     823688 kB
Inactive(anon):   211600 kB
Active(file):     470192 kB
Inactive(file):   432356 kB
Unevictable:       13568 kB
Mlocked:               0 kB
SwapTotal:        715328 kB
SwapFree:         695148 kB
Dirty:                32 kB
Writeback:             0 kB
AnonPages:       1033848 kB
Mapped:           620280 kB
Shmem:              1384 kB
Slab:              98188 kB
SReclaimable:      31316 kB
SUnreclaim:        66872 kB
KernelStack:       38608 kB
PageTables:        50064 kB
NFS_Unstable:          0 kB
Bounce:                0 kB
WritebackTmp:          0 kB
CommitLimit:     2152132 kB
Committed_AS:   118556136 kB
VmallocTotal:   251658176 kB
VmallocUsed:      136188 kB
VmallocChunk:   251427884 kB
Time pass: 333 sec

---2015-12-05 14:07:44
MemTotal:        2873608 kB
MemFree:          108280 kB
Buffers:           17892 kB
Cached:           899624 kB
SwapCached:           92 kB
Active:          1294244 kB
Inactive:         643972 kB
Active(anon):     824052 kB
Inactive(anon):   211600 kB
Active(file):     470192 kB
Inactive(file):   432372 kB
Unevictable:       13568 kB
Mlocked:               0 kB
SwapTotal:        715328 kB
SwapFree:         695148 kB
Dirty:                40 kB
Writeback:             0 kB
AnonPages:       1034364 kB
Mapped:           620180 kB
Shmem:              1384 kB
Slab:              98196 kB
SReclaimable:      31316 kB
SUnreclaim:        66880 kB
KernelStack:       38608 kB
PageTables:        50092 kB
NFS_Unstable:          0 kB
Bounce:                0 kB
WritebackTmp:          0 kB
CommitLimit:     2152132 kB
Committed_AS:   118556144 kB
VmallocTotal:   251658176 kB
VmallocUsed:      136188 kB
VmallocChunk:   251427884 kB
Time pass: 336 sec

---2015-12-05 14:07:44
MemTotal:        2873608 kB
MemFree:          109076 kB
Buffers:           17900 kB
Cached:           899724 kB
SwapCached:           92 kB
Active:          1294060 kB
Inactive:         644072 kB
Active(anon):     823860 kB
Inactive(anon):   211600 kB
Active(file):     470200 kB
Inactive(file):   432472 kB
Unevictable:       13568 kB
Mlocked:               0 kB
SwapTotal:        715328 kB
SwapFree:         695148 kB
Dirty:                 0 kB
Writeback:             0 kB
AnonPages:       1034060 kB
Mapped:           620468 kB
Shmem:              1384 kB
Slab:              98180 kB
SReclaimable:      31316 kB
SUnreclaim:        66864 kB
KernelStack:       38640 kB
PageTables:        50104 kB
NFS_Unstable:          0 kB
Bounce:                0 kB
WritebackTmp:          0 kB
CommitLimit:     2152132 kB
Committed_AS:   118556088 kB
VmallocTotal:   251658176 kB
VmallocUsed:      136188 kB
VmallocChunk:   251427884 kB
Time pass: 340 sec

---2015-12-05 14:07:44
MemTotal:        2873608 kB
MemFree:          111132 kB
Buffers:           17900 kB
Cached:           899736 kB
SwapCached:           92 kB
Active:          1291636 kB
Inactive:         644084 kB
Active(anon):     821436 kB
Inactive(anon):   211604 kB
Active(file):     470200 kB
Inactive(file):   432480 kB
Unevictable:       13568 kB
Mlocked:               0 kB
SwapTotal:        715328 kB
SwapFree:         695148 kB
Dirty:                64 kB
Writeback:             0 kB
AnonPages:       1031604 kB
Mapped:           620484 kB
Shmem:              1388 kB
Slab:              98152 kB
SReclaimable:      31316 kB
SUnreclaim:        66836 kB
KernelStack:       38496 kB
PageTables:        50100 kB
NFS_Unstable:          0 kB
Bounce:                0 kB
WritebackTmp:          0 kB
CommitLimit:     2152132 kB
Committed_AS:   118555880 kB
VmallocTotal:   251658176 kB
VmallocUsed:      136188 kB
VmallocChunk:   251427884 kB
Time pass: 344 sec

---2015-12-05 14:07:44
MemTotal:        2873608 kB
MemFree:          110996 kB
Buffers:           17916 kB
Cached:           899736 kB
SwapCached:           92 kB
Active:          1292172 kB
Inactive:         644100 kB
Active(anon):     821972 kB
Inactive(anon):   211604 kB
Active(file):     470200 kB
Inactive(file):   432496 kB
Unevictable:       13568 kB
Mlocked:               0 kB
SwapTotal:        715328 kB
SwapFree:         695148 kB
Dirty:                88 kB
Writeback:             0 kB
AnonPages:       1032168 kB
Mapped:           620492 kB
Shmem:              1388 kB
Slab:              98144 kB
SReclaimable:      31316 kB
SUnreclaim:        66828 kB
KernelStack:       38528 kB
PageTables:        50096 kB
NFS_Unstable:          0 kB
Bounce:                0 kB
WritebackTmp:          0 kB
CommitLimit:     2152132 kB
Committed_AS:   118555936 kB
VmallocTotal:   251658176 kB
VmallocUsed:      136188 kB
VmallocChunk:   251427884 kB
Time pass: 348 sec

---2015-12-05 14:07:44
MemTotal:        2873608 kB
MemFree:          110508 kB
Buffers:           17916 kB
Cached:           899796 kB
SwapCached:           92 kB
Active:          1292268 kB
Inactive:         644160 kB
Active(anon):     822068 kB
Inactive(anon):   211604 kB
Active(file):     470200 kB
Inactive(file):   432556 kB
Unevictable:       13568 kB
Mlocked:               0 kB
SwapTotal:        715328 kB
SwapFree:         695148 kB
Dirty:                 0 kB
Writeback:             0 kB
AnonPages:       1032244 kB
Mapped:           620508 kB
Shmem:              1388 kB
Slab:              98144 kB
SReclaimable:      31316 kB
SUnreclaim:        66828 kB
KernelStack:       38512 kB
PageTables:        50092 kB
NFS_Unstable:          0 kB
Bounce:                0 kB
WritebackTmp:          0 kB
CommitLimit:     2152132 kB
Committed_AS:   118555888 kB
VmallocTotal:   251658176 kB
VmallocUsed:      136188 kB
VmallocChunk:   251427884 kB
Time pass: 352 sec

---2015-12-05 14:07:44
MemTotal:        2873608 kB
MemFree:          113152 kB
Buffers:           17924 kB
Cached:           899796 kB
SwapCached:           92 kB
Active:          1290372 kB
Inactive:         644168 kB
Active(anon):     820172 kB
Inactive(anon):   211604 kB
Active(file):     470200 kB
Inactive(file):   432564 kB
Unevictable:       13568 kB
Mlocked:               0 kB
SwapTotal:        715328 kB
SwapFree:         695148 kB
Dirty:                32 kB
Writeback:             0 kB
AnonPages:       1030272 kB
Mapped:           620516 kB
Shmem:              1388 kB
Slab:              98144 kB
SReclaimable:      31316 kB
SUnreclaim:        66828 kB
KernelStack:       38512 kB
PageTables:        50092 kB
NFS_Unstable:          0 kB
Bounce:                0 kB
WritebackTmp:          0 kB
CommitLimit:     2152132 kB
Committed_AS:   118555896 kB
VmallocTotal:   251658176 kB
VmallocUsed:      136188 kB
VmallocChunk:   251427884 kB
Time pass: 356 sec

---2015-12-05 14:07:44
MemTotal:        2873608 kB
MemFree:          113032 kB
Buffers:           17940 kB
Cached:           899832 kB
SwapCached:           92 kB
Active:          1290340 kB
Inactive:         644220 kB
Active(anon):     820140 kB
Inactive(anon):   211608 kB
Active(file):     470200 kB
Inactive(file):   432612 kB
Unevictable:       13568 kB
Mlocked:               0 kB
SwapTotal:        715328 kB
SwapFree:         695148 kB
Dirty:                36 kB
Writeback:             0 kB
AnonPages:       1030168 kB
Mapped:           620540 kB
Shmem:              1392 kB
Slab:              98144 kB
SReclaimable:      31316 kB
SUnreclaim:        66828 kB
KernelStack:       38512 kB
PageTables:        50096 kB
NFS_Unstable:          0 kB
Bounce:                0 kB
WritebackTmp:          0 kB
CommitLimit:     2152132 kB
Committed_AS:   118555816 kB
VmallocTotal:   251658176 kB
VmallocUsed:      136188 kB
VmallocChunk:   251427884 kB
Time pass: 360 sec

---2015-12-05 14:07:44
MemTotal:        2873608 kB
MemFree:          112668 kB
Buffers:           17940 kB
Cached:           899840 kB
SwapCached:           92 kB
Active:          1290344 kB
Inactive:         644228 kB
Active(anon):     820144 kB
Inactive(anon):   211608 kB
Active(file):     470200 kB
Inactive(file):   432620 kB
Unevictable:       13568 kB
Mlocked:               0 kB
SwapTotal:        715328 kB
SwapFree:         695148 kB
Dirty:                36 kB
Writeback:             0 kB
AnonPages:       1030296 kB
Mapped:           620552 kB
Shmem:              1392 kB
Slab:              98140 kB
SReclaimable:      31316 kB
SUnreclaim:        66824 kB
KernelStack:       38512 kB
PageTables:        50092 kB
NFS_Unstable:          0 kB
Bounce:                0 kB
WritebackTmp:          0 kB
CommitLimit:     2152132 kB
Committed_AS:   118555888 kB
VmallocTotal:   251658176 kB
VmallocUsed:      136188 kB
VmallocChunk:   251427884 kB
Time pass: 364 sec

---2015-12-05 14:07:44
MemTotal:        2873608 kB
MemFree:          113004 kB
Buffers:           17948 kB
Cached:           899868 kB
SwapCached:           92 kB
Active:          1290376 kB
Inactive:         644260 kB
Active(anon):     820172 kB
Inactive(anon):   211636 kB
Active(file):     470204 kB
Inactive(file):   432624 kB
Unevictable:       13568 kB
Mlocked:               0 kB
SwapTotal:        715328 kB
SwapFree:         695148 kB
Dirty:                36 kB
Writeback:             0 kB
AnonPages:       1030336 kB
Mapped:           620592 kB
Shmem:              1420 kB
Slab:              98140 kB
SReclaimable:      31316 kB
SUnreclaim:        66824 kB
KernelStack:       38480 kB
PageTables:        50124 kB
NFS_Unstable:          0 kB
Bounce:                0 kB
WritebackTmp:          0 kB
CommitLimit:     2152132 kB
Committed_AS:   118555824 kB
VmallocTotal:   251658176 kB
VmallocUsed:      136188 kB
VmallocChunk:   251427884 kB
Time pass: 368 sec

---2015-12-05 14:07:44
MemTotal:        2873608 kB
MemFree:          111784 kB
Buffers:           17972 kB
Cached:           899872 kB
SwapCached:           92 kB
Active:          1290816 kB
Inactive:         644288 kB
Active(anon):     820612 kB
Inactive(anon):   211640 kB
Active(file):     470204 kB
Inactive(file):   432648 kB
Unevictable:       13568 kB
Mlocked:               0 kB
SwapTotal:        715328 kB
SwapFree:         695148 kB
Dirty:                40 kB
Writeback:             0 kB
AnonPages:       1030608 kB
Mapped:           620604 kB
Shmem:              1424 kB
Slab:              98140 kB
SReclaimable:      31316 kB
SUnreclaim:        66824 kB
KernelStack:       38480 kB
PageTables:        50128 kB
NFS_Unstable:          0 kB
Bounce:                0 kB
WritebackTmp:          0 kB
CommitLimit:     2152132 kB
Committed_AS:   118555824 kB
VmallocTotal:   251658176 kB
VmallocUsed:      136188 kB
VmallocChunk:   251427884 kB
Time pass: 371 sec

---2015-12-05 14:07:44
MemTotal:        2873608 kB
MemFree:          112116 kB
Buffers:           17972 kB
Cached:           899872 kB
SwapCached:           92 kB
Active:          1290912 kB
Inactive:         644288 kB
Active(anon):     820708 kB
Inactive(anon):   211640 kB
Active(file):     470204 kB
Inactive(file):   432648 kB
Unevictable:       13568 kB
Mlocked:               0 kB
SwapTotal:        715328 kB
SwapFree:         695148 kB
Dirty:                 0 kB
Writeback:             0 kB
AnonPages:       1030716 kB
Mapped:           620608 kB
Shmem:              1424 kB
Slab:              98296 kB
SReclaimable:      31316 kB
SUnreclaim:        66980 kB
KernelStack:       38480 kB
PageTables:        50096 kB
NFS_Unstable:          0 kB
Bounce:                0 kB
WritebackTmp:          0 kB
CommitLimit:     2152132 kB
Committed_AS:   118555832 kB
VmallocTotal:   251658176 kB
VmallocUsed:      136188 kB
VmallocChunk:   251427884 kB
Time pass: 375 sec

---2015-12-05 14:07:44
MemTotal:        2873608 kB
MemFree:          111984 kB
Buffers:           17996 kB
Cached:           899868 kB
SwapCached:           92 kB
Active:          1290952 kB
Inactive:         644308 kB
Active(anon):     820748 kB
Inactive(anon):   211640 kB
Active(file):     470204 kB
Inactive(file):   432668 kB
Unevictable:       13568 kB
Mlocked:               0 kB
SwapTotal:        715328 kB
SwapFree:         695148 kB
Dirty:                56 kB
Writeback:             0 kB
AnonPages:       1030736 kB
Mapped:           620560 kB
Shmem:              1424 kB
Slab:              98140 kB
SReclaimable:      31316 kB
SUnreclaim:        66824 kB
KernelStack:       38448 kB
PageTables:        50048 kB
NFS_Unstable:          0 kB
Bounce:                0 kB
WritebackTmp:          0 kB
CommitLimit:     2152132 kB
Committed_AS:   118555880 kB
VmallocTotal:   251658176 kB
VmallocUsed:      136188 kB
VmallocChunk:   251427884 kB
Time pass: 379 sec

---2015-12-05 14:07:44
MemTotal:        2873608 kB
MemFree:          111984 kB
Buffers:           18012 kB
Cached:           899856 kB
SwapCached:           92 kB
Active:          1291064 kB
Inactive:         644308 kB
Active(anon):     820860 kB
Inactive(anon):   211636 kB
Active(file):     470204 kB
Inactive(file):   432672 kB
Unevictable:       13568 kB
Mlocked:               0 kB
SwapTotal:        715328 kB
SwapFree:         695148 kB
Dirty:                 0 kB
Writeback:             0 kB
AnonPages:       1030856 kB
Mapped:           620628 kB
Shmem:              1424 kB
Slab:              98140 kB
SReclaimable:      31316 kB
SUnreclaim:        66824 kB
KernelStack:       38496 kB
PageTables:        50104 kB
NFS_Unstable:          0 kB
Bounce:                0 kB
WritebackTmp:          0 kB
CommitLimit:     2152132 kB
Committed_AS:   118555912 kB
VmallocTotal:   251658176 kB
VmallocUsed:      136188 kB
VmallocChunk:   251427884 kB
Time pass: 383 sec

---2015-12-05 14:07:44
MemTotal:        2873608 kB
MemFree:          111600 kB
Buffers:           18012 kB
Cached:           899872 kB
SwapCached:           92 kB
Active:          1291384 kB
Inactive:         644324 kB
Active(anon):     821180 kB
Inactive(anon):   211636 kB
Active(file):     470204 kB
Inactive(file):   432688 kB
Unevictable:       13568 kB
Mlocked:               0 kB
SwapTotal:        715328 kB
SwapFree:         695148 kB
Dirty:                60 kB
Writeback:             0 kB
AnonPages:       1031208 kB
Mapped:           620652 kB
Shmem:              1424 kB
Slab:              98140 kB
SReclaimable:      31316 kB
SUnreclaim:        66824 kB
KernelStack:       38464 kB
PageTables:        50100 kB
NFS_Unstable:          0 kB
Bounce:                0 kB
WritebackTmp:          0 kB
CommitLimit:     2152132 kB
Committed_AS:   118555880 kB
VmallocTotal:   251658176 kB
VmallocUsed:      136188 kB
VmallocChunk:   251427884 kB
Time pass: 387 sec

---2015-12-05 14:07:44
MemTotal:        2873608 kB
MemFree:          111348 kB
Buffers:           18020 kB
Cached:           899872 kB
SwapCached:           92 kB
Active:          1291364 kB
Inactive:         644332 kB
Active(anon):     821160 kB
Inactive(anon):   211636 kB
Active(file):     470204 kB
Inactive(file):   432696 kB
Unevictable:       13568 kB
Mlocked:               0 kB
SwapTotal:        715328 kB
SwapFree:         695148 kB
Dirty:                32 kB
Writeback:             0 kB
AnonPages:       1031384 kB
Mapped:           620660 kB
Shmem:              1424 kB
Slab:              98140 kB
SReclaimable:      31316 kB
SUnreclaim:        66824 kB
KernelStack:       38480 kB
PageTables:        50100 kB
NFS_Unstable:          0 kB
Bounce:                0 kB
WritebackTmp:          0 kB
CommitLimit:     2152132 kB
Committed_AS:   118555912 kB
VmallocTotal:   251658176 kB
VmallocUsed:      136188 kB
VmallocChunk:   251427884 kB
Time pass: 391 sec

---2015-12-05 14:07:44
MemTotal:        2873608 kB
MemFree:          111020 kB
Buffers:           18036 kB
Cached:           899860 kB
SwapCached:           92 kB
Active:          1291796 kB
Inactive:         644336 kB
Active(anon):     821592 kB
Inactive(anon):   211640 kB
Active(file):     470204 kB
Inactive(file):   432696 kB
Unevictable:       13568 kB
Mlocked:               0 kB
SwapTotal:        715328 kB
SwapFree:         695148 kB
Dirty:                 0 kB
Writeback:             0 kB
AnonPages:       1031496 kB
Mapped:           620672 kB
Shmem:              1428 kB
Slab:              98172 kB
SReclaimable:      31316 kB
SUnreclaim:        66856 kB
KernelStack:       38496 kB
PageTables:        50100 kB
NFS_Unstable:          0 kB
Bounce:                0 kB
WritebackTmp:          0 kB
CommitLimit:     2152132 kB
Committed_AS:   118555888 kB
VmallocTotal:   251658176 kB
VmallocUsed:      136188 kB
VmallocChunk:   251427884 kB
Time pass: 395 sec

---2015-12-05 14:07:44
MemTotal:        2873608 kB
MemFree:          111140 kB
Buffers:           18036 kB
Cached:           899876 kB
SwapCached:           92 kB
Active:          1291612 kB
Inactive:         644352 kB
Active(anon):     821408 kB
Inactive(anon):   211640 kB
Active(file):     470204 kB
Inactive(file):   432712 kB
Unevictable:       13568 kB
Mlocked:               0 kB
SwapTotal:        715328 kB
SwapFree:         695148 kB
Dirty:                36 kB
Writeback:             0 kB
AnonPages:       1031636 kB
Mapped:           620688 kB
Shmem:              1428 kB
Slab:              98172 kB
SReclaimable:      31316 kB
SUnreclaim:        66856 kB
KernelStack:       38464 kB
PageTables:        50096 kB
NFS_Unstable:          0 kB
Bounce:                0 kB
WritebackTmp:          0 kB
CommitLimit:     2152132 kB
Committed_AS:   118555864 kB
VmallocTotal:   251658176 kB
VmallocUsed:      136188 kB
VmallocChunk:   251427884 kB
Time pass: 399 sec

---2015-12-05 14:07:44
MemTotal:        2873608 kB
MemFree:          110800 kB
Buffers:           18044 kB
