---2015-12-05 14:07:44
MemTotal:        2905316 kB
MemFree:           80180 kB
Buffers:           27116 kB
Cached:          1383544 kB
SwapCached:            0 kB
Active:          1315976 kB
Inactive:        1021364 kB
Active(anon):     807340 kB
Inactive(anon):   165312 kB
Active(file):     508636 kB
Inactive(file):   856052 kB
Unevictable:        7488 kB
Mlocked:               0 kB
SwapTotal:        720184 kB
SwapFree:         720184 kB
Dirty:               776 kB
Writeback:             0 kB
AnonPages:        933940 kB
Mapped:           545604 kB
Shmem:             38484 kB
Slab:             113244 kB
SReclaimable:      36048 kB
SUnreclaim:        77196 kB
KernelStack:       32832 kB
PageTables:        54820 kB
NFS_Unstable:          0 kB
Bounce:                0 kB
WritebackTmp:          0 kB
CommitLimit:     2172840 kB
Committed_AS:   92031916 kB
VmallocTotal:   251658176 kB
VmallocUsed:      135668 kB
VmallocChunk:   251420716 kB
Time pass: 3 sec

---2015-12-05 14:07:44
MemTotal:        2905316 kB
MemFree:           85228 kB
Buffers:           28600 kB
Cached:          1369956 kB
SwapCached:            0 kB
Active:          1327268 kB
Inactive:         998636 kB
Active(anon):     798264 kB
Inactive(anon):   175012 kB
Active(file):     529004 kB
Inactive(file):   823624 kB
Unevictable:        7488 kB
Mlocked:               0 kB
SwapTotal:        720184 kB
SwapFree:         720184 kB
Dirty:               568 kB
Writeback:             0 kB
AnonPages:        934776 kB
Mapped:           529212 kB
Shmem:             38440 kB
Slab:             120320 kB
SReclaimable:      36144 kB
SUnreclaim:        84176 kB
KernelStack:       31552 kB
PageTables:        57420 kB
NFS_Unstable:          0 kB
Bounce:                0 kB
WritebackTmp:          0 kB
CommitLimit:     2172840 kB
Committed_AS:   98104996 kB
VmallocTotal:   251658176 kB
VmallocUsed:      139772 kB
VmallocChunk:   251412524 kB
Time pass: 7 sec

---2015-12-05 14:07:44
MemTotal:        2905316 kB
MemFree:           77176 kB
Buffers:           29672 kB
Cached:          1345724 kB
SwapCached:            0 kB
Active:          1358156 kB
Inactive:         973616 kB
Active(anon):     821020 kB
Inactive(anon):   181416 kB
Active(file):     537136 kB
Inactive(file):   792200 kB
Unevictable:        7488 kB
Mlocked:               0 kB
SwapTotal:        720184 kB
SwapFree:         720184 kB
Dirty:               556 kB
Writeback:             0 kB
AnonPages:        964168 kB
Mapped:           558128 kB
Shmem:             38572 kB
Slab:             121228 kB
SReclaimable:      36064 kB
SUnreclaim:        85164 kB
KernelStack:       34384 kB
PageTables:        58124 kB
NFS_Unstable:          0 kB
Bounce:                0 kB
WritebackTmp:          0 kB
CommitLimit:     2172840 kB
Committed_AS:   97594184 kB
VmallocTotal:   251658176 kB
VmallocUsed:      139772 kB
VmallocChunk:   251412524 kB
Time pass: 11 sec

---2015-12-05 14:07:44
MemTotal:        2905316 kB
MemFree:           78820 kB
Buffers:           29764 kB
Cached:          1346184 kB
SwapCached:            0 kB
Active:          1359704 kB
Inactive:         969884 kB
Active(anon):     818168 kB
Inactive(anon):   181436 kB
Active(file):     541536 kB
Inactive(file):   788448 kB
Unevictable:        7488 kB
Mlocked:               0 kB
SwapTotal:        720184 kB
SwapFree:         720184 kB
Dirty:               968 kB
Writeback:             4 kB
AnonPages:        961020 kB
Mapped:           550396 kB
Shmem:             38592 kB
Slab:             121664 kB
SReclaimable:      36256 kB
SUnreclaim:        85408 kB
KernelStack:       33344 kB
PageTables:        59276 kB
NFS_Unstable:          0 kB
Bounce:                0 kB
WritebackTmp:          0 kB
CommitLimit:     2172840 kB
Committed_AS:   100103084 kB
VmallocTotal:   251658176 kB
VmallocUsed:      141812 kB
VmallocChunk:   251412524 kB
Time pass: 15 sec

---2015-12-05 14:07:44
MemTotal:        2905316 kB
MemFree:          115700 kB
Buffers:           29428 kB
Cached:          1317820 kB
SwapCached:            0 kB
Active:          1333664 kB
Inactive:         939648 kB
Active(anon):     789256 kB
Inactive(anon):   183476 kB
Active(file):     544408 kB
Inactive(file):   756172 kB
Unevictable:        7488 kB
Mlocked:               0 kB
SwapTotal:        720184 kB
SwapFree:         720184 kB
Dirty:               192 kB
Writeback:             0 kB
AnonPages:        934212 kB
Mapped:           553880 kB
Shmem:             38584 kB
Slab:             121772 kB
SReclaimable:      36320 kB
SUnreclaim:        85452 kB
KernelStack:       32464 kB
PageTables:        56876 kB
NFS_Unstable:          0 kB
Bounce:                0 kB
WritebackTmp:          0 kB
CommitLimit:     2172840 kB
Committed_AS:   95669960 kB
VmallocTotal:   251658176 kB
VmallocUsed:      137596 kB
VmallocChunk:   251412524 kB
Time pass: 18 sec

---2015-12-05 14:07:44
MemTotal:        2905316 kB
MemFree:           77744 kB
Buffers:           26764 kB
Cached:          1213884 kB
SwapCached:            0 kB
Active:          1357148 kB
Inactive:         847196 kB
Active(anon):     806936 kB
Inactive(anon):   203068 kB
Active(file):     550212 kB
Inactive(file):   644128 kB
Unevictable:        7488 kB
Mlocked:               0 kB
SwapTotal:        720184 kB
SwapFree:         720184 kB
Dirty:              1616 kB
Writeback:             0 kB
AnonPages:        971696 kB
Mapped:           609836 kB
Shmem:             38720 kB
Slab:             122004 kB
SReclaimable:      36556 kB
SUnreclaim:        85448 kB
KernelStack:       33600 kB
PageTables:        57916 kB
NFS_Unstable:          0 kB
Bounce:                0 kB
WritebackTmp:          0 kB
CommitLimit:     2172840 kB
Committed_AS:   95727452 kB
VmallocTotal:   251658176 kB
VmallocUsed:      138328 kB
VmallocChunk:   251412524 kB
Time pass: 22 sec

---2015-12-05 14:07:44
MemTotal:        2905316 kB
MemFree:          100440 kB
Buffers:           27040 kB
Cached:          1197884 kB
SwapCached:            0 kB
Active:          1320452 kB
Inactive:         828660 kB
Active(anon):     769244 kB
Inactive(anon):   195404 kB
Active(file):     551208 kB
Inactive(file):   633256 kB
Unevictable:        7488 kB
Mlocked:               0 kB
SwapTotal:        720184 kB
SwapFree:         720184 kB
Dirty:                76 kB
Writeback:             0 kB
AnonPages:        931736 kB
Mapped:           621320 kB
Shmem:             32972 kB
Slab:             121564 kB
SReclaimable:      36168 kB
SUnreclaim:        85396 kB
KernelStack:       33648 kB
PageTables:        57752 kB
NFS_Unstable:          0 kB
Bounce:                0 kB
WritebackTmp:          0 kB
CommitLimit:     2172840 kB
Committed_AS:   95681228 kB
VmallocTotal:   251658176 kB
VmallocUsed:      138548 kB
VmallocChunk:   251412524 kB
Time pass: 26 sec

---2015-12-05 14:07:44
MemTotal:        2905316 kB
MemFree:          101860 kB
Buffers:           27056 kB
Cached:          1197880 kB
SwapCached:            0 kB
Active:          1318932 kB
Inactive:         828668 kB
Active(anon):     767724 kB
Inactive(anon):   195404 kB
Active(file):     551208 kB
Inactive(file):   633264 kB
Unevictable:        7488 kB
Mlocked:               0 kB
SwapTotal:        720184 kB
SwapFree:         720184 kB
Dirty:               228 kB
Writeback:             0 kB
AnonPages:        930036 kB
Mapped:           621324 kB
Shmem:             32972 kB
Slab:             121588 kB
SReclaimable:      36248 kB
SUnreclaim:        85340 kB
KernelStack:       33680 kB
PageTables:        57752 kB
NFS_Unstable:          0 kB
Bounce:                0 kB
WritebackTmp:          0 kB
CommitLimit:     2172840 kB
Committed_AS:   95681228 kB
VmallocTotal:   251658176 kB
VmallocUsed:      138548 kB
VmallocChunk:   251412524 kB
Time pass: 30 sec

---2015-12-05 14:07:44
MemTotal:        2905316 kB
MemFree:          101424 kB
Buffers:           27064 kB
Cached:          1197908 kB
SwapCached:            0 kB
Active:          1320140 kB
Inactive:         828692 kB
Active(anon):     768916 kB
Inactive(anon):   195404 kB
Active(file):     551224 kB
Inactive(file):   633288 kB
Unevictable:        7488 kB
Mlocked:               0 kB
SwapTotal:        720184 kB
SwapFree:         720184 kB
Dirty:               188 kB
Writeback:             4 kB
AnonPages:        931244 kB
Mapped:           621344 kB
Shmem:             32972 kB
Slab:             121612 kB
SReclaimable:      36248 kB
SUnreclaim:        85364 kB
KernelStack:       33696 kB
PageTables:        57760 kB
NFS_Unstable:          0 kB
Bounce:                0 kB
WritebackTmp:          0 kB
CommitLimit:     2172840 kB
Committed_AS:   95707872 kB
VmallocTotal:   251658176 kB
VmallocUsed:      138548 kB
VmallocChunk:   251412524 kB
Time pass: 33 sec

---2015-12-05 14:07:44
MemTotal:        2905316 kB
MemFree:          109732 kB
Buffers:           27064 kB
Cached:          1198308 kB
SwapCached:            0 kB
Active:          1311768 kB
Inactive:         829032 kB
Active(anon):     760536 kB
Inactive(anon):   195464 kB
Active(file):     551232 kB
Inactive(file):   633568 kB
Unevictable:        7488 kB
Mlocked:               0 kB
SwapTotal:        720184 kB
SwapFree:         720184 kB
Dirty:                24 kB
Writeback:             0 kB
AnonPages:        922992 kB
Mapped:           610180 kB
Shmem:             33032 kB
Slab:             121676 kB
SReclaimable:      36248 kB
SUnreclaim:        85428 kB
KernelStack:       33648 kB
PageTables:        57140 kB
NFS_Unstable:          0 kB
Bounce:                0 kB
WritebackTmp:          0 kB
CommitLimit:     2172840 kB
Committed_AS:   94453200 kB
VmallocTotal:   251658176 kB
VmallocUsed:      137528 kB
VmallocChunk:   251412524 kB
Time pass: 37 sec

---2015-12-05 14:07:44
MemTotal:        2905316 kB
MemFree:          110136 kB
Buffers:           27072 kB
Cached:          1198432 kB
SwapCached:            0 kB
Active:          1311960 kB
Inactive:         829184 kB
Active(anon):     760708 kB
Inactive(anon):   195460 kB
Active(file):     551252 kB
Inactive(file):   633724 kB
Unevictable:        7488 kB
Mlocked:               0 kB
SwapTotal:        720184 kB
SwapFree:         720184 kB
Dirty:                52 kB
Writeback:             0 kB
AnonPages:        923100 kB
Mapped:           610128 kB
Shmem:             33032 kB
Slab:             121596 kB
SReclaimable:      36248 kB
SUnreclaim:        85348 kB
KernelStack:       33200 kB
PageTables:        57160 kB
NFS_Unstable:          0 kB
Bounce:                0 kB
WritebackTmp:          0 kB
CommitLimit:     2172840 kB
Committed_AS:   94453168 kB
VmallocTotal:   251658176 kB
VmallocUsed:      137528 kB
VmallocChunk:   251412524 kB
Time pass: 41 sec

---2015-12-05 14:07:44
MemTotal:        2905316 kB
MemFree:           75644 kB
Buffers:           28536 kB
Cached:          1183152 kB
SwapCached:            0 kB
Active:          1328940 kB
Inactive:         811848 kB
Active(anon):     774228 kB
Inactive(anon):   195464 kB
Active(file):     554712 kB
Inactive(file):   616384 kB
Unevictable:        7488 kB
Mlocked:               0 kB
SwapTotal:        720184 kB
SwapFree:         720184 kB
Dirty:               356 kB
Writeback:             0 kB
AnonPages:        936696 kB
Mapped:           621420 kB
Shmem:             33036 kB
Slab:             121684 kB
SReclaimable:      36168 kB
SUnreclaim:        85516 kB
KernelStack:       33216 kB
PageTables:        57020 kB
NFS_Unstable:          0 kB
Bounce:                0 kB
WritebackTmp:          0 kB
CommitLimit:     2172840 kB
Committed_AS:   93755220 kB
VmallocTotal:   251658176 kB
VmallocUsed:      137784 kB
VmallocChunk:   251412524 kB
Time pass: 45 sec

---2015-12-05 14:07:44
MemTotal:        2905316 kB
MemFree:           64568 kB
Buffers:           28552 kB
Cached:          1183400 kB
SwapCached:            0 kB
Active:          1334720 kB
Inactive:         811948 kB
Active(anon):     779784 kB
Inactive(anon):   195464 kB
Active(file):     554936 kB
Inactive(file):   616484 kB
Unevictable:        7488 kB
Mlocked:               0 kB
SwapTotal:        720184 kB
SwapFree:         720184 kB
Dirty:               332 kB
Writeback:             0 kB
AnonPages:        942020 kB
Mapped:           626940 kB
Shmem:             33036 kB
Slab:             121748 kB
SReclaimable:      36344 kB
SUnreclaim:        85404 kB
KernelStack:       33200 kB
PageTables:        57072 kB
NFS_Unstable:          0 kB
Bounce:                0 kB
WritebackTmp:          0 kB
CommitLimit:     2172840 kB
Committed_AS:   93766980 kB
VmallocTotal:   251658176 kB
VmallocUsed:      137832 kB
VmallocChunk:   251412524 kB
Time pass: 48 sec

---2015-12-05 14:07:44
MemTotal:        2905316 kB
MemFree:           67484 kB
Buffers:           26412 kB
Cached:          1128456 kB
SwapCached:            0 kB
Active:          1353136 kB
Inactive:         755112 kB
Active(anon):     797904 kB
Inactive(anon):   201068 kB
Active(file):     555232 kB
Inactive(file):   554044 kB
Unevictable:       12452 kB
Mlocked:               0 kB
SwapTotal:        720184 kB
SwapFree:         720156 kB
Dirty:              1596 kB
Writeback:             0 kB
AnonPages:        965728 kB
Mapped:           671916 kB
Shmem:             33012 kB
Slab:             121540 kB
SReclaimable:      36224 kB
SUnreclaim:        85316 kB
KernelStack:       33248 kB
PageTables:        57048 kB
NFS_Unstable:          0 kB
Bounce:                0 kB
WritebackTmp:          0 kB
CommitLimit:     2172840 kB
Committed_AS:   93783056 kB
VmallocTotal:   251658176 kB
VmallocUsed:      138128 kB
VmallocChunk:   251412524 kB
Time pass: 52 sec

---2015-12-05 14:07:44
MemTotal:        2905316 kB
MemFree:           80268 kB
Buffers:           26368 kB
Cached:          1117664 kB
SwapCached:            0 kB
Active:          1335616 kB
Inactive:         750384 kB
Active(anon):     786420 kB
Inactive(anon):   201020 kB
Active(file):     549196 kB
Inactive(file):   549364 kB
Unevictable:       12456 kB
Mlocked:               0 kB
SwapTotal:        720184 kB
SwapFree:         720156 kB
Dirty:                68 kB
Writeback:             0 kB
AnonPages:        954388 kB
Mapped:           676556 kB
Shmem:             33012 kB
Slab:             121224 kB
SReclaimable:      36048 kB
SUnreclaim:        85176 kB
KernelStack:       33008 kB
PageTables:        56404 kB
NFS_Unstable:          0 kB
Bounce:                0 kB
WritebackTmp:          0 kB
CommitLimit:     2172840 kB
Committed_AS:   92522276 kB
VmallocTotal:   251658176 kB
VmallocUsed:      137204 kB
VmallocChunk:   251412524 kB
Time pass: 56 sec

---2015-12-05 14:07:44
MemTotal:        2905316 kB
MemFree:           80236 kB
Buffers:           26368 kB
Cached:          1117684 kB
SwapCached:            0 kB
Active:          1335888 kB
Inactive:         750352 kB
Active(anon):     786644 kB
Inactive(anon):   201020 kB
Active(file):     549244 kB
Inactive(file):   549332 kB
Unevictable:       12456 kB
Mlocked:               0 kB
SwapTotal:        720184 kB
SwapFree:         720156 kB
Dirty:               108 kB
Writeback:             0 kB
AnonPages:        954676 kB
Mapped:           676568 kB
Shmem:             33012 kB
Slab:             121460 kB
SReclaimable:      36048 kB
SUnreclaim:        85412 kB
KernelStack:       33024 kB
PageTables:        56412 kB
NFS_Unstable:          0 kB
Bounce:                0 kB
WritebackTmp:          0 kB
CommitLimit:     2172840 kB
Committed_AS:   92522124 kB
VmallocTotal:   251658176 kB
VmallocUsed:      137204 kB
VmallocChunk:   251412524 kB
Time pass: 59 sec

---2015-12-05 14:07:44
MemTotal:        2905316 kB
MemFree:           72996 kB
Buffers:           26268 kB
Cached:          1107812 kB
SwapCached:            0 kB
Active:          1332480 kB
Inactive:         745224 kB
Active(anon):     788404 kB
Inactive(anon):   200804 kB
Active(file):     544076 kB
Inactive(file):   544420 kB
Unevictable:       12456 kB
Mlocked:               0 kB
SwapTotal:        720184 kB
SwapFree:         720156 kB
Dirty:               220 kB
Writeback:             0 kB
AnonPages:        956292 kB
Mapped:           682904 kB
Shmem:             33012 kB
Slab:             121516 kB
SReclaimable:      36288 kB
SUnreclaim:        85228 kB
KernelStack:       32976 kB
PageTables:        56436 kB
NFS_Unstable:          0 kB
Bounce:                0 kB
WritebackTmp:          0 kB
CommitLimit:     2172840 kB
Committed_AS:   92524016 kB
VmallocTotal:   251658176 kB
VmallocUsed:      137324 kB
VmallocChunk:   251412524 kB
Time pass: 63 sec

---2015-12-05 14:07:44
MemTotal:        2905316 kB
MemFree:           71516 kB
Buffers:           26276 kB
Cached:          1108820 kB
SwapCached:            0 kB
Active:          1333152 kB
Inactive:         746336 kB
Active(anon):     789052 kB
Inactive(anon):   200508 kB
Active(file):     544100 kB
Inactive(file):   545828 kB
Unevictable:       12456 kB
Mlocked:               0 kB
SwapTotal:        720184 kB
SwapFree:         720156 kB
Dirty:                68 kB
Writeback:             0 kB
AnonPages:        956704 kB
Mapped:           683388 kB
Shmem:             32716 kB
Slab:             121448 kB
SReclaimable:      36192 kB
SUnreclaim:        85256 kB
KernelStack:       32960 kB
PageTables:        56484 kB
NFS_Unstable:          0 kB
Bounce:                0 kB
WritebackTmp:          0 kB
CommitLimit:     2172840 kB
Committed_AS:   92549052 kB
VmallocTotal:   251658176 kB
VmallocUsed:      137324 kB
VmallocChunk:   251412524 kB
Time pass: 67 sec

---2015-12-05 14:07:44
MemTotal:        2905316 kB
MemFree:           72212 kB
Buffers:           26288 kB
Cached:          1109116 kB
SwapCached:            0 kB
Active:          1332604 kB
Inactive:         746560 kB
Active(anon):     788204 kB
Inactive(anon):   200508 kB
Active(file):     544400 kB
Inactive(file):   546052 kB
Unevictable:       12456 kB
Mlocked:               0 kB
SwapTotal:        720184 kB
SwapFree:         720156 kB
Dirty:               500 kB
Writeback:             0 kB
AnonPages:        956512 kB
Mapped:           683940 kB
Shmem:             32716 kB
Slab:             121448 kB
SReclaimable:      36192 kB
SUnreclaim:        85256 kB
KernelStack:       32928 kB
PageTables:        56488 kB
NFS_Unstable:          0 kB
Bounce:                0 kB
WritebackTmp:          0 kB
CommitLimit:     2172840 kB
Committed_AS:   92552636 kB
VmallocTotal:   251658176 kB
VmallocUsed:      137324 kB
VmallocChunk:   251412524 kB
Time pass: 70 sec

---2015-12-05 14:07:44
MemTotal:        2905316 kB
MemFree:           72680 kB
Buffers:           26156 kB
Cached:          1095424 kB
SwapCached:            0 kB
Active:          1317516 kB
Inactive:         738588 kB
Active(anon):     779352 kB
Inactive(anon):   200344 kB
Active(file):     538164 kB
Inactive(file):   538244 kB
Unevictable:       12456 kB
Mlocked:               0 kB
SwapTotal:        720184 kB
SwapFree:         720156 kB
Dirty:               648 kB
Writeback:             0 kB
AnonPages:        947084 kB
Mapped:           695144 kB
Shmem:             32716 kB
Slab:             121620 kB
SReclaimable:      36220 kB
SUnreclaim:        85400 kB
KernelStack:       32896 kB
PageTables:        56428 kB
NFS_Unstable:          0 kB
Bounce:                0 kB
WritebackTmp:          0 kB
CommitLimit:     2172840 kB
Committed_AS:   92553084 kB
VmallocTotal:   251658176 kB
VmallocUsed:      137500 kB
VmallocChunk:   251412524 kB
Time pass: 74 sec

---2015-12-05 14:07:44
MemTotal:        2905316 kB
MemFree:           68640 kB
Buffers:           26900 kB
Cached:          1078940 kB
SwapCached:            0 kB
Active:          1332268 kB
Inactive:         730648 kB
Active(anon):     802068 kB
Inactive(anon):   200272 kB
Active(file):     530200 kB
Inactive(file):   530376 kB
Unevictable:       12456 kB
Mlocked:               0 kB
SwapTotal:        720184 kB
SwapFree:         720156 kB
Dirty:               428 kB
Writeback:             0 kB
AnonPages:        969580 kB
Mapped:           698260 kB
Shmem:             32716 kB
Slab:             119180 kB
SReclaimable:      33808 kB
SUnreclaim:        85372 kB
KernelStack:       33056 kB
PageTables:        56492 kB
NFS_Unstable:          0 kB
Bounce:                0 kB
WritebackTmp:          0 kB
CommitLimit:     2172840 kB
Committed_AS:   92606600 kB
VmallocTotal:   251658176 kB
VmallocUsed:      139916 kB
VmallocChunk:   251412524 kB
Time pass: 78 sec

---2015-12-05 14:07:44
MemTotal:        2905316 kB
MemFree:           69524 kB
Buffers:           26916 kB
Cached:          1072440 kB
SwapCached:            0 kB
Active:          1331692 kB
Inactive:         728572 kB
Active(anon):     804792 kB
Inactive(anon):   201460 kB
Active(file):     526900 kB
Inactive(file):   527112 kB
Unevictable:       12456 kB
Mlocked:               0 kB
SwapTotal:        720184 kB
SwapFree:         720156 kB
Dirty:                 8 kB
Writeback:             0 kB
AnonPages:        973168 kB
Mapped:           698796 kB
Shmem:             32888 kB
Slab:             121548 kB
SReclaimable:      36096 kB
SUnreclaim:        85452 kB
KernelStack:       33312 kB
PageTables:        56796 kB
NFS_Unstable:          0 kB
Bounce:                0 kB
WritebackTmp:          0 kB
CommitLimit:     2172840 kB
Committed_AS:   92610108 kB
VmallocTotal:   251658176 kB
VmallocUsed:      139948 kB
VmallocChunk:   251412524 kB
Time pass: 81 sec

---2015-12-05 14:07:44
MemTotal:        2905316 kB
MemFree:           73816 kB
Buffers:           26572 kB
Cached:          1033488 kB
SwapCached:            0 kB
Active:          1313204 kB
Inactive:         709052 kB
Active(anon):     805792 kB
Inactive(anon):   201408 kB
Active(file):     507412 kB
Inactive(file):   507644 kB
Unevictable:       12456 kB
Mlocked:               0 kB
SwapTotal:        720184 kB
SwapFree:         719656 kB
Dirty:               112 kB
Writeback:             0 kB
AnonPages:        974548 kB
Mapped:           692536 kB
Shmem:             32548 kB
Slab:             121320 kB
SReclaimable:      35840 kB
SUnreclaim:        85480 kB
KernelStack:       33296 kB
PageTables:        56936 kB
NFS_Unstable:          0 kB
Bounce:                0 kB
WritebackTmp:          0 kB
CommitLimit:     2172840 kB
Committed_AS:   92612412 kB
VmallocTotal:   251658176 kB
VmallocUsed:      139948 kB
VmallocChunk:   251412524 kB
Time pass: 85 sec

---2015-12-05 14:07:44
MemTotal:        2905316 kB
MemFree:           71996 kB
Buffers:           26596 kB
Cached:          1033600 kB
SwapCached:            0 kB
Active:          1315024 kB
Inactive:         709152 kB
Active(anon):     807576 kB
Inactive(anon):   201412 kB
Active(file):     507448 kB
Inactive(file):   507740 kB
Unevictable:       12456 kB
Mlocked:               0 kB
SwapTotal:        720184 kB
SwapFree:         719656 kB
Dirty:               152 kB
Writeback:             0 kB
AnonPages:        976524 kB
Mapped:           692484 kB
Shmem:             32552 kB
Slab:             121452 kB
SReclaimable:      35936 kB
SUnreclaim:        85516 kB
KernelStack:       33264 kB
PageTables:        56912 kB
NFS_Unstable:          0 kB
Bounce:                0 kB
WritebackTmp:          0 kB
CommitLimit:     2172840 kB
Committed_AS:   92612384 kB
VmallocTotal:   251658176 kB
VmallocUsed:      139948 kB
VmallocChunk:   251412524 kB
Time pass: 89 sec

---2015-12-05 14:07:44
MemTotal:        2905316 kB
MemFree:           71152 kB
Buffers:           26596 kB
Cached:          1033848 kB
SwapCached:            0 kB
Active:          1315396 kB
Inactive:         709380 kB
Active(anon):     807932 kB
Inactive(anon):   201640 kB
Active(file):     507464 kB
Inactive(file):   507740 kB
Unevictable:       12456 kB
Mlocked:               0 kB
SwapTotal:        720184 kB
SwapFree:         719656 kB
Dirty:                12 kB
Writeback:             0 kB
AnonPages:        976644 kB
Mapped:           692720 kB
Shmem:             32784 kB
Slab:             121452 kB
SReclaimable:      35936 kB
SUnreclaim:        85516 kB
KernelStack:       33296 kB
PageTables:        56908 kB
NFS_Unstable:          0 kB
Bounce:                0 kB
WritebackTmp:          0 kB
CommitLimit:     2172840 kB
Committed_AS:   92612364 kB
VmallocTotal:   251658176 kB
VmallocUsed:      139948 kB
VmallocChunk:   251412524 kB
Time pass: 93 sec

---2015-12-05 14:07:44
MemTotal:        2905316 kB
MemFree:           70308 kB
Buffers:           26620 kB
Cached:          1033928 kB
SwapCached:            0 kB
Active:          1316516 kB
Inactive:         709416 kB
Active(anon):     808984 kB
Inactive(anon):   201700 kB
Active(file):     507532 kB
Inactive(file):   507716 kB
Unevictable:       12456 kB
Mlocked:               0 kB
SwapTotal:        720184 kB
SwapFree:         719656 kB
Dirty:                 8 kB
Writeback:             0 kB
AnonPages:        978080 kB
Mapped:           692804 kB
Shmem:             32844 kB
Slab:             121564 kB
SReclaimable:      35952 kB
SUnreclaim:        85612 kB
KernelStack:       33296 kB
PageTables:        56964 kB
NFS_Unstable:          0 kB
Bounce:                0 kB
WritebackTmp:          0 kB
CommitLimit:     2172840 kB
Committed_AS:   92638984 kB
VmallocTotal:   251658176 kB
VmallocUsed:      139948 kB
VmallocChunk:   251412524 kB
Time pass: 96 sec

---2015-12-05 14:07:44
MemTotal:        2905316 kB
MemFree:           68756 kB
Buffers:           26628 kB
Cached:          1034008 kB
SwapCached:            0 kB
Active:          1317556 kB
Inactive:         709480 kB
Active(anon):     810000 kB
Inactive(anon):   201712 kB
Active(file):     507556 kB
Inactive(file):   507768 kB
Unevictable:       12456 kB
Mlocked:               0 kB
SwapTotal:        720184 kB
SwapFree:         719656 kB
Dirty:               156 kB
Writeback:             0 kB
AnonPages:        978692 kB
Mapped:           693036 kB
Shmem:             32856 kB
Slab:             121568 kB
SReclaimable:      35952 kB
SUnreclaim:        85616 kB
KernelStack:       33312 kB
PageTables:        56956 kB
NFS_Unstable:          0 kB
Bounce:                0 kB
WritebackTmp:          0 kB
CommitLimit:     2172840 kB
Committed_AS:   92642656 kB
VmallocTotal:   251658176 kB
VmallocUsed:      139948 kB
VmallocChunk:   251412524 kB
Time pass: 100 sec

---2015-12-05 14:07:44
MemTotal:        2905316 kB
MemFree:          345104 kB
Buffers:           26500 kB
Cached:          1031676 kB
SwapCached:            0 kB
Active:          1222568 kB
Inactive:         711152 kB
Active(anon):     718024 kB
Inactive(anon):   203048 kB
Active(file):     504544 kB
Inactive(file):   508104 kB
Unevictable:       12456 kB
Mlocked:               0 kB
SwapTotal:        720184 kB
SwapFree:         719656 kB
Dirty:               424 kB
Writeback:             0 kB
AnonPages:        888524 kB
Mapped:           505484 kB
Shmem:             32600 kB
Slab:             121380 kB
SReclaimable:      35824 kB
SUnreclaim:        85556 kB
KernelStack:       32432 kB
PageTables:        54172 kB
NFS_Unstable:          0 kB
Bounce:                0 kB
WritebackTmp:          0 kB
CommitLimit:     2172840 kB
Committed_AS:   91533424 kB
VmallocTotal:   251658176 kB
VmallocUsed:      136296 kB
VmallocChunk:   251412524 kB
Time pass: 103 sec

---2015-12-05 14:07:44
MemTotal:        2905316 kB
MemFree:          281528 kB
Buffers:           27476 kB
Cached:          1032312 kB
SwapCached:            0 kB
Active:          1254616 kB
Inactive:         711124 kB
Active(anon):     747952 kB
Inactive(anon):   203044 kB
Active(file):     506664 kB
Inactive(file):   508080 kB
Unevictable:       12456 kB
Mlocked:               0 kB
SwapTotal:        720184 kB
SwapFree:         719656 kB
Dirty:              1056 kB
Writeback:             0 kB
AnonPages:        918244 kB
Mapped:           541204 kB
Shmem:             32660 kB
Slab:             121092 kB
SReclaimable:      35776 kB
SUnreclaim:        85316 kB
KernelStack:       32752 kB
PageTables:        55596 kB
NFS_Unstable:          0 kB
Bounce:                0 kB
WritebackTmp:          0 kB
CommitLimit:     2172840 kB
Committed_AS:   92347916 kB
VmallocTotal:   251658176 kB
VmallocUsed:      137600 kB
VmallocChunk:   251412524 kB
Time pass: 107 sec

---2015-12-05 14:07:44
MemTotal:        2905316 kB
MemFree:          207592 kB
Buffers:           27508 kB
Cached:          1034928 kB
SwapCached:            0 kB
Active:          1268856 kB
Inactive:         713388 kB
Active(anon):     761888 kB
Inactive(anon):   203048 kB
Active(file):     506968 kB
Inactive(file):   510340 kB
Unevictable:       12456 kB
Mlocked:               0 kB
SwapTotal:        720184 kB
SwapFree:         719656 kB
Dirty:               152 kB
Writeback:             0 kB
AnonPages:        932556 kB
Mapped:           584288 kB
Shmem:             32664 kB
Slab:             121052 kB
SReclaimable:      35844 kB
SUnreclaim:        85208 kB
KernelStack:       32736 kB
PageTables:        55772 kB
NFS_Unstable:          0 kB
Bounce:                0 kB
WritebackTmp:          0 kB
CommitLimit:     2172840 kB
Committed_AS:   92360568 kB
VmallocTotal:   251658176 kB
VmallocUsed:      138040 kB
VmallocChunk:   251412524 kB
Time pass: 111 sec

---2015-12-05 14:07:44
MemTotal:        2905316 kB
MemFree:          146144 kB
Buffers:           27520 kB
Cached:          1035768 kB
SwapCached:            0 kB
Active:          1272700 kB
Inactive:         712640 kB
Active(anon):     764124 kB
Inactive(anon):   203048 kB
Active(file):     508576 kB
Inactive(file):   509592 kB
Unevictable:       12456 kB
Mlocked:               0 kB
SwapTotal:        720184 kB
SwapFree:         719656 kB
Dirty:              1088 kB
Writeback:             0 kB
AnonPages:        934708 kB
Mapped:           638900 kB
Shmem:             32664 kB
Slab:             121196 kB
SReclaimable:      35844 kB
SUnreclaim:        85352 kB
KernelStack:       32736 kB
PageTables:        55880 kB
NFS_Unstable:          0 kB
Bounce:                0 kB
WritebackTmp:          0 kB
CommitLimit:     2172840 kB
Committed_AS:   92368848 kB
VmallocTotal:   251658176 kB
VmallocUsed:      138516 kB
VmallocChunk:   251412524 kB
Time pass: 114 sec

---2015-12-05 14:07:44
MemTotal:        2905316 kB
MemFree:          126044 kB
Buffers:           27528 kB
Cached:          1035816 kB
SwapCached:            0 kB
Active:          1275056 kB
Inactive:         712600 kB
Active(anon):     766332 kB
Inactive(anon):   203048 kB
Active(file):     508724 kB
Inactive(file):   509552 kB
Unevictable:       12456 kB
Mlocked:               0 kB
SwapTotal:        720184 kB
SwapFree:         719656 kB
Dirty:               204 kB
Writeback:             0 kB
AnonPages:        936800 kB
Mapped:           648596 kB
Shmem:             32664 kB
Slab:             121080 kB
SReclaimable:      35844 kB
SUnreclaim:        85236 kB
KernelStack:       32736 kB
PageTables:        55936 kB
NFS_Unstable:          0 kB
Bounce:                0 kB
WritebackTmp:          0 kB
CommitLimit:     2172840 kB
Committed_AS:   92369020 kB
VmallocTotal:   251658176 kB
VmallocUsed:      136236 kB
VmallocChunk:   251412524 kB
Time pass: 118 sec

---2015-12-05 14:07:44
MemTotal:        2905316 kB
MemFree:          126204 kB
Buffers:           27528 kB
Cached:          1035936 kB
SwapCached:            0 kB
Active:          1275172 kB
Inactive:         712604 kB
Active(anon):     766384 kB
Inactive(anon):   203048 kB
Active(file):     508788 kB
Inactive(file):   509556 kB
Unevictable:       12456 kB
Mlocked:               0 kB
SwapTotal:        720184 kB
SwapFree:         719656 kB
Dirty:                 4 kB
Writeback:             0 kB
AnonPages:        936764 kB
Mapped:           648804 kB
Shmem:             32664 kB
Slab:             121080 kB
SReclaimable:      35844 kB
SUnreclaim:        85236 kB
KernelStack:       32720 kB
PageTables:        55936 kB
NFS_Unstable:          0 kB
Bounce:                0 kB
WritebackTmp:          0 kB
CommitLimit:     2172840 kB
Committed_AS:   92368980 kB
VmallocTotal:   251658176 kB
VmallocUsed:      136236 kB
VmallocChunk:   251412524 kB
Time pass: 122 sec

---2015-12-05 14:07:44
MemTotal:        2905316 kB
MemFree:           96684 kB
Buffers:           27536 kB
Cached:          1036040 kB
SwapCached:            0 kB
Active:          1281948 kB
Inactive:         712652 kB
Active(anon):     773100 kB
Inactive(anon):   203108 kB
Active(file):     508848 kB
Inactive(file):   509544 kB
Unevictable:       12456 kB
Mlocked:               0 kB
SwapTotal:        720184 kB
SwapFree:         719656 kB
Dirty:                 4 kB
Writeback:            16 kB
AnonPages:        943568 kB
Mapped:           661548 kB
Shmem:             32724 kB
Slab:             121120 kB
SReclaimable:      35844 kB
SUnreclaim:        85276 kB
KernelStack:       32704 kB
PageTables:        55964 kB
NFS_Unstable:          0 kB
Bounce:                0 kB
WritebackTmp:          0 kB
CommitLimit:     2172840 kB
Committed_AS:   92404520 kB
VmallocTotal:   251658176 kB
VmallocUsed:      136416 kB
VmallocChunk:   251412524 kB
Time pass: 126 sec

---2015-12-05 14:07:44
MemTotal:        2905316 kB
MemFree:           95852 kB
Buffers:           27544 kB
Cached:          1036040 kB
SwapCached:            0 kB
Active:          1282056 kB
Inactive:         712652 kB
Active(anon):     773204 kB
Inactive(anon):   203108 kB
Active(file):     508852 kB
Inactive(file):   509544 kB
Unevictable:       12456 kB
Mlocked:               0 kB
SwapTotal:        720184 kB
SwapFree:         719656 kB
Dirty:                68 kB
Writeback:             0 kB
AnonPages:        943608 kB
Mapped:           661588 kB
Shmem:             32724 kB
Slab:             121124 kB
SReclaimable:      35844 kB
SUnreclaim:        85280 kB
KernelStack:       32720 kB
PageTables:        55960 kB
NFS_Unstable:          0 kB
Bounce:                0 kB
WritebackTmp:          0 kB
CommitLimit:     2172840 kB
Committed_AS:   92404660 kB
VmallocTotal:   251658176 kB
VmallocUsed:      136416 kB
VmallocChunk:   251412524 kB
Time pass: 130 sec

---2015-12-05 14:07:44
MemTotal:        2905316 kB
MemFree:           96180 kB
Buffers:           27552 kB
Cached:          1036044 kB
SwapCached:            0 kB
Active:          1281552 kB
Inactive:         712664 kB
Active(anon):     772700 kB
Inactive(anon):   203108 kB
Active(file):     508852 kB
Inactive(file):   509556 kB
Unevictable:       12456 kB
Mlocked:               0 kB
SwapTotal:        720184 kB
SwapFree:         719656 kB
Dirty:                 8 kB
Writeback:             0 kB
AnonPages:        943268 kB
Mapped:           661588 kB
Shmem:             32724 kB
Slab:             121168 kB
SReclaimable:      35844 kB
SUnreclaim:        85324 kB
KernelStack:       32720 kB
PageTables:        55960 kB
NFS_Unstable:          0 kB
Bounce:                0 kB
WritebackTmp:          0 kB
CommitLimit:     2172840 kB
Committed_AS:   92404648 kB
VmallocTotal:   251658176 kB
VmallocUsed:      136416 kB
VmallocChunk:   251412524 kB
Time pass: 133 sec

---2015-12-05 14:07:44
MemTotal:        2905316 kB
MemFree:           80880 kB
Buffers:           27552 kB
Cached:          1036088 kB
SwapCached:            0 kB
Active:          1286132 kB
Inactive:         712680 kB
Active(anon):     777244 kB
Inactive(anon):   203108 kB
Active(file):     508888 kB
Inactive(file):   509572 kB
Unevictable:       12456 kB
Mlocked:               0 kB
SwapTotal:        720184 kB
SwapFree:         719656 kB
Dirty:                36 kB
Writeback:             0 kB
AnonPages:        947888 kB
Mapped:           665216 kB
Shmem:             32724 kB
Slab:             121120 kB
SReclaimable:      35844 kB
SUnreclaim:        85276 kB
KernelStack:       32896 kB
PageTables:        55976 kB
NFS_Unstable:          0 kB
Bounce:                0 kB
WritebackTmp:          0 kB
CommitLimit:     2172840 kB
Committed_AS:   92405528 kB
VmallocTotal:   251658176 kB
VmallocUsed:      136416 kB
VmallocChunk:   251412524 kB
Time pass: 137 sec

---2015-12-05 14:07:44
MemTotal:        2905316 kB
MemFree:           79936 kB
Buffers:           27576 kB
Cached:          1036292 kB
SwapCached:            0 kB
Active:          1294800 kB
Inactive:         711888 kB
Active(anon):     784896 kB
Inactive(anon):   203240 kB
Active(file):     509904 kB
Inactive(file):   508648 kB
Unevictable:       12456 kB
Mlocked:               0 kB
SwapTotal:        720184 kB
SwapFree:         719656 kB
Dirty:                 4 kB
Writeback:             0 kB
AnonPages:        955372 kB
Mapped:           666560 kB
Shmem:             32860 kB
Slab:             121212 kB
SReclaimable:      35876 kB
SUnreclaim:        85336 kB
KernelStack:       33088 kB
PageTables:        56252 kB
NFS_Unstable:          0 kB
Bounce:                0 kB
WritebackTmp:          0 kB
CommitLimit:     2172840 kB
Committed_AS:   92441560 kB
VmallocTotal:   251658176 kB
VmallocUsed:      138864 kB
VmallocChunk:   251412524 kB
Time pass: 141 sec

---2015-12-05 14:07:44
MemTotal:        2905316 kB
MemFree:           77892 kB
Buffers:           27592 kB
Cached:          1036372 kB
SwapCached:            0 kB
Active:          1295504 kB
Inactive:         711976 kB
Active(anon):     785592 kB
Inactive(anon):   203324 kB
Active(file):     509912 kB
Inactive(file):   508652 kB
Unevictable:       12456 kB
Mlocked:               0 kB
SwapTotal:        720184 kB
SwapFree:         719656 kB
Dirty:                80 kB
Writeback:             0 kB
AnonPages:        955804 kB
Mapped:           666756 kB
Shmem:             32944 kB
Slab:             121208 kB
SReclaimable:      35876 kB
SUnreclaim:        85332 kB
KernelStack:       33104 kB
PageTables:        56424 kB
NFS_Unstable:          0 kB
Bounce:                0 kB
WritebackTmp:          0 kB
CommitLimit:     2172840 kB
Committed_AS:   92442120 kB
VmallocTotal:   251658176 kB
VmallocUsed:      138864 kB
VmallocChunk:   251412524 kB
Time pass: 145 sec

---2015-12-05 14:07:44
MemTotal:        2905316 kB
MemFree:           77180 kB
Buffers:           27600 kB
Cached:          1036388 kB
SwapCached:            0 kB
Active:          1296288 kB
Inactive:         712000 kB
Active(anon):     786376 kB
Inactive(anon):   203340 kB
Active(file):     509912 kB
Inactive(file):   508660 kB
Unevictable:       12456 kB
Mlocked:               0 kB
SwapTotal:        720184 kB
SwapFree:         719656 kB
Dirty:                20 kB
Writeback:             0 kB
AnonPages:        956624 kB
Mapped:           666776 kB
Shmem:             32960 kB
Slab:             121208 kB
SReclaimable:      35876 kB
SUnreclaim:        85332 kB
KernelStack:       33104 kB
PageTables:        56428 kB
NFS_Unstable:          0 kB
Bounce:                0 kB
WritebackTmp:          0 kB
CommitLimit:     2172840 kB
Committed_AS:   92442904 kB
VmallocTotal:   251658176 kB
VmallocUsed:      138864 kB
VmallocChunk:   251412524 kB
Time pass: 148 sec

---2015-12-05 14:07:44
MemTotal:        2905316 kB
MemFree:           69548 kB
Buffers:           27616 kB
Cached:          1036532 kB
SwapCached:            0 kB
Active:          1303812 kB
Inactive:         712144 kB
Active(anon):     793884 kB
Inactive(anon):   203436 kB
Active(file):     509928 kB
Inactive(file):   508708 kB
Unevictable:       12456 kB
Mlocked:               0 kB
SwapTotal:        720184 kB
SwapFree:         719656 kB
Dirty:               124 kB
Writeback:             0 kB
AnonPages:        964848 kB
Mapped:           668040 kB
Shmem:             33056 kB
Slab:             121224 kB
SReclaimable:      35876 kB
SUnreclaim:        85348 kB
KernelStack:       33136 kB
PageTables:        56432 kB
NFS_Unstable:          0 kB
Bounce:                0 kB
WritebackTmp:          0 kB
CommitLimit:     2172840 kB
Committed_AS:   92460324 kB
VmallocTotal:   251658176 kB
VmallocUsed:      138864 kB
VmallocChunk:   251412524 kB
Time pass: 152 sec

---2015-12-05 14:07:44
MemTotal:        2905316 kB
MemFree:           67760 kB
Buffers:           27672 kB
Cached:          1036432 kB
SwapCached:            0 kB
Active:          1310548 kB
Inactive:         711836 kB
Active(anon):     800360 kB
Inactive(anon):   202848 kB
Active(file):     510188 kB
Inactive(file):   508988 kB
Unevictable:       12456 kB
Mlocked:               0 kB
SwapTotal:        720184 kB
SwapFree:         719656 kB
Dirty:                 0 kB
Writeback:            52 kB
AnonPages:        970716 kB
Mapped:           667924 kB
Shmem:             32472 kB
Slab:             118492 kB
SReclaimable:      35892 kB
SUnreclaim:        82600 kB
KernelStack:       33120 kB
PageTables:        55992 kB
NFS_Unstable:          0 kB
Bounce:                0 kB
WritebackTmp:          0 kB
CommitLimit:     2172840 kB
Committed_AS:   92276080 kB
VmallocTotal:   251658176 kB
VmallocUsed:      138864 kB
VmallocChunk:   251412524 kB
Time pass: 156 sec

---2015-12-05 14:07:44
MemTotal:        2905316 kB
MemFree:           68392 kB
Buffers:           27680 kB
Cached:          1036520 kB
SwapCached:            0 kB
Active:          1308832 kB
Inactive:         711920 kB
Active(anon):     798628 kB
Inactive(anon):   202936 kB
Active(file):     510204 kB
Inactive(file):   508984 kB
Unevictable:       12456 kB
Mlocked:               0 kB
SwapTotal:        720184 kB
SwapFree:         719656 kB
Dirty:                32 kB
Writeback:             0 kB
AnonPages:        969128 kB
Mapped:           668012 kB
Shmem:             32556 kB
Slab:             118468 kB
SReclaimable:      35892 kB
SUnreclaim:        82576 kB
KernelStack:       33088 kB
PageTables:        55996 kB
NFS_Unstable:          0 kB
Bounce:                0 kB
WritebackTmp:          0 kB
CommitLimit:     2172840 kB
Committed_AS:   92276096 kB
VmallocTotal:   251658176 kB
VmallocUsed:      138864 kB
VmallocChunk:   251412524 kB
Time pass: 160 sec

---2015-12-05 14:07:44
MemTotal:        2905316 kB
MemFree:           68196 kB
Buffers:           27680 kB
Cached:          1036580 kB
SwapCached:            0 kB
Active:          1309328 kB
Inactive:         711976 kB
Active(anon):     799120 kB
Inactive(anon):   202984 kB
Active(file):     510208 kB
Inactive(file):   508992 kB
Unevictable:       12456 kB
Mlocked:               0 kB
SwapTotal:        720184 kB
SwapFree:         719656 kB
Dirty:                88 kB
Writeback:             0 kB
AnonPages:        969456 kB
Mapped:           668064 kB
Shmem:             32604 kB
Slab:             118484 kB
SReclaimable:      35908 kB
SUnreclaim:        82576 kB
KernelStack:       33088 kB
PageTables:        55988 kB
NFS_Unstable:          0 kB
Bounce:                0 kB
WritebackTmp:          0 kB
CommitLimit:     2172840 kB
Committed_AS:   92276072 kB
VmallocTotal:   251658176 kB
VmallocUsed:      138864 kB
VmallocChunk:   251412524 kB
Time pass: 163 sec

---2015-12-05 14:07:44
MemTotal:        2905316 kB
MemFree:           67904 kB
Buffers:           27688 kB
Cached:          1036684 kB
SwapCached:            0 kB
Active:          1309588 kB
Inactive:         712080 kB
Active(anon):     799372 kB
Inactive(anon):   203024 kB
Active(file):     510216 kB
Inactive(file):   509056 kB
Unevictable:       12456 kB
Mlocked:               0 kB
SwapTotal:        720184 kB
SwapFree:         719656 kB
Dirty:                16 kB
Writeback:             0 kB
AnonPages:        969748 kB
Mapped:           668108 kB
Shmem:             32644 kB
Slab:             118484 kB
SReclaimable:      35908 kB
SUnreclaim:        82576 kB
KernelStack:       33088 kB
PageTables:        55992 kB
NFS_Unstable:          0 kB
Bounce:                0 kB
WritebackTmp:          0 kB
CommitLimit:     2172840 kB
Committed_AS:   92276096 kB
VmallocTotal:   251658176 kB
VmallocUsed:      138864 kB
VmallocChunk:   251412524 kB
Time pass: 167 sec

---2015-12-05 14:07:44
MemTotal:        2905316 kB
MemFree:           79224 kB
Buffers:           27704 kB
Cached:          1036388 kB
SwapCached:            0 kB
Active:          1299008 kB
Inactive:         711708 kB
Active(anon):     788700 kB
Inactive(anon):   202692 kB
Active(file):     510308 kB
Inactive(file):   509016 kB
Unevictable:       12456 kB
Mlocked:               0 kB
SwapTotal:        720184 kB
SwapFree:         719656 kB
Dirty:                 0 kB
Writeback:            40 kB
AnonPages:        959184 kB
Mapped:           667660 kB
Shmem:             32308 kB
Slab:             118456 kB
SReclaimable:      35912 kB
SUnreclaim:        82544 kB
KernelStack:       32752 kB
PageTables:        55788 kB
NFS_Unstable:          0 kB
Bounce:                0 kB
WritebackTmp:          0 kB
CommitLimit:     2172840 kB
Committed_AS:   92247448 kB
VmallocTotal:   251658176 kB
VmallocUsed:      138864 kB
VmallocChunk:   251412524 kB
Time pass: 171 sec

---2015-12-05 14:07:44
MemTotal:        2905316 kB
MemFree:           79368 kB
Buffers:           27712 kB
Cached:          1036400 kB
SwapCached:            0 kB
Active:          1299312 kB
Inactive:         711728 kB
Active(anon):     789004 kB
Inactive(anon):   202692 kB
Active(file):     510308 kB
Inactive(file):   509036 kB
Unevictable:       12456 kB
Mlocked:               0 kB
SwapTotal:        720184 kB
SwapFree:         719656 kB
Dirty:                56 kB
Writeback:             0 kB
AnonPages:        959304 kB
Mapped:           667664 kB
Shmem:             32308 kB
Slab:             118456 kB
SReclaimable:      35912 kB
SUnreclaim:        82544 kB
KernelStack:       32688 kB
PageTables:        55788 kB
NFS_Unstable:          0 kB
Bounce:                0 kB
WritebackTmp:          0 kB
CommitLimit:     2172840 kB
Committed_AS:   92247448 kB
VmallocTotal:   251658176 kB
VmallocUsed:      138832 kB
VmallocChunk:   251412524 kB
Time pass: 175 sec

---2015-12-05 14:07:44
MemTotal:        2905316 kB
MemFree:           79632 kB
Buffers:           27712 kB
Cached:          1036400 kB
SwapCached:            0 kB
Active:          1299212 kB
Inactive:         711728 kB
Active(anon):     788900 kB
Inactive(anon):   202692 kB
Active(file):     510312 kB
Inactive(file):   509036 kB
Unevictable:       12456 kB
Mlocked:               0 kB
SwapTotal:        720184 kB
SwapFree:         719656 kB
Dirty:                 8 kB
Writeback:             0 kB
AnonPages:        959472 kB
Mapped:           667676 kB
Shmem:             32308 kB
Slab:             118456 kB
SReclaimable:      35912 kB
SUnreclaim:        82544 kB
KernelStack:       32688 kB
PageTables:        55784 kB
NFS_Unstable:          0 kB
Bounce:                0 kB
WritebackTmp:          0 kB
CommitLimit:     2172840 kB
Committed_AS:   92247436 kB
VmallocTotal:   251658176 kB
VmallocUsed:      138832 kB
VmallocChunk:   251412524 kB
Time pass: 179 sec

---2015-12-05 14:07:44
MemTotal:        2905316 kB
MemFree:           79300 kB
Buffers:           27720 kB
Cached:          1036404 kB
SwapCached:            0 kB
Active:          1299556 kB
Inactive:         711736 kB
Active(anon):     789240 kB
Inactive(anon):   202692 kB
Active(file):     510316 kB
Inactive(file):   509044 kB
Unevictable:       12456 kB
Mlocked:               0 kB
SwapTotal:        720184 kB
SwapFree:         719656 kB
Dirty:                 4 kB
Writeback:             0 kB
AnonPages:        959712 kB
Mapped:           667740 kB
Shmem:             32308 kB
Slab:             118456 kB
SReclaimable:      35912 kB
SUnreclaim:        82544 kB
KernelStack:       32720 kB
PageTables:        55812 kB
NFS_Unstable:          0 kB
Bounce:                0 kB
WritebackTmp:          0 kB
CommitLimit:     2172840 kB
Committed_AS:   92247412 kB
VmallocTotal:   251658176 kB
VmallocUsed:      138832 kB
VmallocChunk:   251412524 kB
Time pass: 183 sec

---2015-12-05 14:07:44
MemTotal:        2905316 kB
MemFree:           76628 kB
Buffers:           27728 kB
Cached:          1036476 kB
SwapCached:            0 kB
Active:          1302388 kB
Inactive:         711804 kB
Active(anon):     792064 kB
Inactive(anon):   202752 kB
Active(file):     510324 kB
Inactive(file):   509052 kB
Unevictable:       12456 kB
Mlocked:               0 kB
SwapTotal:        720184 kB
SwapFree:         719656 kB
Dirty:                36 kB
Writeback:             0 kB
AnonPages:        962536 kB
Mapped:           668420 kB
Shmem:             32368 kB
Slab:             118448 kB
SReclaimable:      35912 kB
SUnreclaim:        82536 kB
KernelStack:       32848 kB
PageTables:        56264 kB
NFS_Unstable:          0 kB
Bounce:                0 kB
WritebackTmp:          0 kB
CommitLimit:     2172840 kB
Committed_AS:   93002512 kB
VmallocTotal:   251658176 kB
VmallocUsed:      137436 kB
VmallocChunk:   251412524 kB
Time pass: 186 sec

---2015-12-05 14:07:44
MemTotal:        2905316 kB
MemFree:           66820 kB
Buffers:           27760 kB
Cached:          1033032 kB
SwapCached:            0 kB
Active:          1312232 kB
Inactive:         710892 kB
Active(anon):     804408 kB
Inactive(anon):   202832 kB
Active(file):     507824 kB
Inactive(file):   508060 kB
Unevictable:       12456 kB
Mlocked:               0 kB
SwapTotal:        720184 kB
SwapFree:         719576 kB
Dirty:               172 kB
Writeback:             0 kB
AnonPages:        974776 kB
Mapped:           668748 kB
Shmem:             32452 kB
Slab:             118448 kB
SReclaimable:      35912 kB
SUnreclaim:        82536 kB
KernelStack:       33248 kB
PageTables:        56500 kB
NFS_Unstable:          0 kB
Bounce:                0 kB
WritebackTmp:          0 kB
CommitLimit:     2172840 kB
Committed_AS:   93034340 kB
VmallocTotal:   251658176 kB
VmallocUsed:      139884 kB
VmallocChunk:   251412524 kB
Time pass: 190 sec

---2015-12-05 14:07:44
MemTotal:        2905316 kB
MemFree:           65808 kB
Buffers:           27784 kB
Cached:          1032264 kB
SwapCached:            0 kB
Active:          1313140 kB
Inactive:         710584 kB
Active(anon):     805752 kB
Inactive(anon):   202856 kB
Active(file):     507388 kB
Inactive(file):   507728 kB
Unevictable:       12456 kB
Mlocked:               0 kB
SwapTotal:        720184 kB
SwapFree:         719576 kB
Dirty:               100 kB
Writeback:             0 kB
AnonPages:        976288 kB
Mapped:           668796 kB
Shmem:             32476 kB
Slab:             118256 kB
SReclaimable:      35720 kB
SUnreclaim:        82536 kB
KernelStack:       33232 kB
PageTables:        56520 kB
NFS_Unstable:          0 kB
Bounce:                0 kB
WritebackTmp:          0 kB
CommitLimit:     2172840 kB
Committed_AS:   93034384 kB
VmallocTotal:   251658176 kB
VmallocUsed:      139884 kB
VmallocChunk:   251412524 kB
Time pass: 194 sec

---2015-12-05 14:07:44
MemTotal:        2905316 kB
MemFree:           66220 kB
Buffers:           27784 kB
Cached:          1032348 kB
SwapCached:            0 kB
Active:          1313044 kB
Inactive:         710652 kB
Active(anon):     805640 kB
Inactive(anon):   202888 kB
Active(file):     507404 kB
Inactive(file):   507764 kB
Unevictable:       12456 kB
Mlocked:               0 kB
SwapTotal:        720184 kB
SwapFree:         719576 kB
Dirty:                 8 kB
Writeback:             0 kB
AnonPages:        975968 kB
Mapped:           668828 kB
Shmem:             32508 kB
Slab:             118396 kB
SReclaimable:      35864 kB
SUnreclaim:        82532 kB
KernelStack:       33184 kB
PageTables:        56516 kB
NFS_Unstable:          0 kB
Bounce:                0 kB
WritebackTmp:          0 kB
CommitLimit:     2172840 kB
Committed_AS:   93034332 kB
VmallocTotal:   251658176 kB
VmallocUsed:      139884 kB
VmallocChunk:   251412524 kB
Time pass: 198 sec

---2015-12-05 14:07:44
MemTotal:        2905316 kB
MemFree:           66920 kB
Buffers:           27800 kB
Cached:          1032364 kB
SwapCached:            0 kB
Active:          1312784 kB
Inactive:         710668 kB
Active(anon):     805364 kB
Inactive(anon):   202888 kB
Active(file):     507420 kB
Inactive(file):   507780 kB
Unevictable:       12456 kB
Mlocked:               0 kB
SwapTotal:        720184 kB
SwapFree:         719576 kB
Dirty:                96 kB
Writeback:             0 kB
AnonPages:        975712 kB
Mapped:           668952 kB
Shmem:             32508 kB
Slab:             118332 kB
SReclaimable:      35864 kB
SUnreclaim:        82468 kB
KernelStack:       33168 kB
PageTables:        56520 kB
NFS_Unstable:          0 kB
Bounce:                0 kB
WritebackTmp:          0 kB
CommitLimit:     2172840 kB
Committed_AS:   93034264 kB
VmallocTotal:   251658176 kB
VmallocUsed:      139884 kB
VmallocChunk:   251412524 kB
Time pass: 201 sec

---2015-12-05 14:07:44
MemTotal:        2905316 kB
MemFree:           66596 kB
Buffers:           27800 kB
Cached:          1032364 kB
SwapCached:            0 kB
Active:          1312744 kB
Inactive:         710668 kB
Active(anon):     805324 kB
Inactive(anon):   202888 kB
Active(file):     507420 kB
Inactive(file):   507780 kB
Unevictable:       12456 kB
Mlocked:               0 kB
SwapTotal:        720184 kB
SwapFree:         719576 kB
Dirty:                 8 kB
Writeback:             0 kB
AnonPages:        975836 kB
Mapped:           668952 kB
Shmem:             32508 kB
Slab:             118300 kB
SReclaimable:      35864 kB
SUnreclaim:        82436 kB
KernelStack:       33168 kB
PageTables:        56520 kB
NFS_Unstable:          0 kB
Bounce:                0 kB
WritebackTmp:          0 kB
CommitLimit:     2172840 kB
Committed_AS:   93034264 kB
VmallocTotal:   251658176 kB
VmallocUsed:      139884 kB
VmallocChunk:   251412524 kB
Time pass: 205 sec

---2015-12-05 14:07:44
MemTotal:        2905316 kB
MemFree:           66116 kB
Buffers:           27808 kB
Cached:          1032400 kB
SwapCached:            0 kB
Active:          1313492 kB
Inactive:         710684 kB
Active(anon):     806068 kB
Inactive(anon):   202888 kB
Active(file):     507424 kB
Inactive(file):   507796 kB
Unevictable:       12456 kB
Mlocked:               0 kB
SwapTotal:        720184 kB
SwapFree:         719576 kB
Dirty:                44 kB
Writeback:             0 kB
AnonPages:        976592 kB
Mapped:           668952 kB
Shmem:             32508 kB
Slab:             118300 kB
SReclaimable:      35864 kB
SUnreclaim:        82436 kB
KernelStack:       33136 kB
PageTables:        56520 kB
NFS_Unstable:          0 kB
Bounce:                0 kB
WritebackTmp:          0 kB
CommitLimit:     2172840 kB
Committed_AS:   93034240 kB
VmallocTotal:   251658176 kB
VmallocUsed:      139884 kB
VmallocChunk:   251412524 kB
Time pass: 209 sec

---2015-12-05 14:07:44
MemTotal:        2905316 kB
MemFree:           65116 kB
Buffers:           27816 kB
Cached:          1032408 kB
SwapCached:            0 kB
Active:          1313960 kB
Inactive:         710716 kB
Active(anon):     806528 kB
Inactive(anon):   202888 kB
Active(file):     507432 kB
Inactive(file):   507828 kB
Unevictable:       12456 kB
Mlocked:               0 kB
SwapTotal:        720184 kB
SwapFree:         719576 kB
Dirty:                 4 kB
Writeback:             0 kB
AnonPages:        977172 kB
Mapped:           668956 kB
Shmem:             32508 kB
Slab:             118300 kB
SReclaimable:      35864 kB
SUnreclaim:        82436 kB
KernelStack:       33168 kB
PageTables:        56516 kB
NFS_Unstable:          0 kB
Bounce:                0 kB
WritebackTmp:          0 kB
CommitLimit:     2172840 kB
Committed_AS:   93034308 kB
VmallocTotal:   251658176 kB
VmallocUsed:      139884 kB
VmallocChunk:   251412524 kB
Time pass: 213 sec

---2015-12-05 14:07:44
MemTotal:        2905316 kB
MemFree:           64568 kB
Buffers:           27824 kB
Cached:          1032472 kB
SwapCached:            0 kB
Active:          1314480 kB
Inactive:         710780 kB
Active(anon):     807040 kB
Inactive(anon):   202948 kB
Active(file):     507440 kB
Inactive(file):   507832 kB
Unevictable:       12456 kB
Mlocked:               0 kB
SwapTotal:        720184 kB
SwapFree:         719576 kB
Dirty:                20 kB
Writeback:             0 kB
AnonPages:        977552 kB
Mapped:           669080 kB
Shmem:             32568 kB
Slab:             118300 kB
SReclaimable:      35864 kB
SUnreclaim:        82436 kB
KernelStack:       33200 kB
PageTables:        56596 kB
NFS_Unstable:          0 kB
Bounce:                0 kB
WritebackTmp:          0 kB
CommitLimit:     2172840 kB
Committed_AS:   93060960 kB
VmallocTotal:   251658176 kB
VmallocUsed:      139884 kB
VmallocChunk:   251412524 kB
Time pass: 216 sec

---2015-12-05 14:07:44
MemTotal:        2905316 kB
MemFree:           71236 kB
Buffers:           27832 kB
Cached:          1024540 kB
SwapCached:            0 kB
Active:          1312548 kB
Inactive:         706832 kB
Active(anon):     809084 kB
Inactive(anon):   202824 kB
Active(file):     503464 kB
Inactive(file):   504008 kB
Unevictable:       12456 kB
Mlocked:               0 kB
SwapTotal:        720184 kB
SwapFree:         719452 kB
Dirty:                24 kB
Writeback:             0 kB
AnonPages:        979340 kB
Mapped:           669180 kB
Shmem:             32444 kB
Slab:             118476 kB
SReclaimable:      36040 kB
SUnreclaim:        82436 kB
KernelStack:       33264 kB
PageTables:        56676 kB
NFS_Unstable:          0 kB
Bounce:                0 kB
WritebackTmp:          0 kB
CommitLimit:     2172840 kB
Committed_AS:   93072296 kB
VmallocTotal:   251658176 kB
VmallocUsed:      139884 kB
VmallocChunk:   251412524 kB
Time pass: 220 sec

---2015-12-05 14:07:44
MemTotal:        2905316 kB
MemFree:           70064 kB
Buffers:           27872 kB
Cached:          1025036 kB
SwapCached:            0 kB
Active:          1310344 kB
Inactive:         707304 kB
Active(anon):     806840 kB
Inactive(anon):   202736 kB
Active(file):     503504 kB
Inactive(file):   504568 kB
Unevictable:       12456 kB
Mlocked:               0 kB
SwapTotal:        720184 kB
SwapFree:         719452 kB
Dirty:               188 kB
Writeback:             8 kB
AnonPages:        977496 kB
Mapped:           668948 kB
Shmem:             32356 kB
Slab:             122336 kB
SReclaimable:      39564 kB
SUnreclaim:        82772 kB
KernelStack:       33248 kB
PageTables:        56600 kB
NFS_Unstable:          0 kB
Bounce:                0 kB
WritebackTmp:          0 kB
CommitLimit:     2172840 kB
Committed_AS:   93043124 kB
VmallocTotal:   251658176 kB
VmallocUsed:      139884 kB
VmallocChunk:   251412524 kB
Time pass: 224 sec

---2015-12-05 14:07:44
MemTotal:        2905316 kB
MemFree:           63840 kB
Buffers:           27896 kB
Cached:          1025244 kB
SwapCached:            0 kB
Active:          1315564 kB
Inactive:         707520 kB
Active(anon):     812024 kB
Inactive(anon):   202864 kB
Active(file):     503540 kB
Inactive(file):   504656 kB
Unevictable:       12456 kB
Mlocked:               0 kB
SwapTotal:        720184 kB
SwapFree:         719452 kB
Dirty:                 8 kB
Writeback:             0 kB
AnonPages:        982204 kB
Mapped:           669312 kB
Shmem:             32488 kB
Slab:             122236 kB
SReclaimable:      39436 kB
SUnreclaim:        82800 kB
KernelStack:       33168 kB
PageTables:        56676 kB
NFS_Unstable:          0 kB
Bounce:                0 kB
WritebackTmp:          0 kB
CommitLimit:     2172840 kB
Committed_AS:   93073856 kB
VmallocTotal:   251658176 kB
VmallocUsed:      139884 kB
VmallocChunk:   251412524 kB
Time pass: 228 sec

---2015-12-05 14:07:44
MemTotal:        2905316 kB
MemFree:           62436 kB
Buffers:           27904 kB
Cached:          1025276 kB
SwapCached:            0 kB
Active:          1316160 kB
Inactive:         707812 kB
Active(anon):     812616 kB
Inactive(anon):   203152 kB
Active(file):     503544 kB
Inactive(file):   504660 kB
Unevictable:       12456 kB
Mlocked:               0 kB
SwapTotal:        720184 kB
SwapFree:         719452 kB
Dirty:                16 kB
Writeback:             0 kB
AnonPages:        983060 kB
Mapped:           669404 kB
Shmem:             32520 kB
Slab:             122236 kB
SReclaimable:      39436 kB
SUnreclaim:        82800 kB
KernelStack:       33168 kB
PageTables:        56700 kB
NFS_Unstable:          0 kB
Bounce:                0 kB
WritebackTmp:          0 kB
CommitLimit:     2172840 kB
Committed_AS:   93074624 kB
VmallocTotal:   251658176 kB
VmallocUsed:      139884 kB
VmallocChunk:   251412524 kB
Time pass: 231 sec

---2015-12-05 14:07:44
MemTotal:        2905316 kB
MemFree:           66076 kB
Buffers:           27880 kB
Cached:          1021516 kB
SwapCached:            0 kB
Active:          1315132 kB
Inactive:         705428 kB
Active(anon):     812988 kB
Inactive(anon):   203156 kB
Active(file):     502144 kB
Inactive(file):   502272 kB
Unevictable:       12456 kB
Mlocked:               0 kB
SwapTotal:        720184 kB
SwapFree:         719452 kB
Dirty:                80 kB
Writeback:             0 kB
AnonPages:        983444 kB
Mapped:           669412 kB
Shmem:             32524 kB
Slab:             122188 kB
SReclaimable:      39388 kB
SUnreclaim:        82800 kB
KernelStack:       33168 kB
PageTables:        56700 kB
NFS_Unstable:          0 kB
Bounce:                0 kB
WritebackTmp:          0 kB
CommitLimit:     2172840 kB
Committed_AS:   93075124 kB
VmallocTotal:   251658176 kB
VmallocUsed:      139884 kB
VmallocChunk:   251412524 kB
Time pass: 235 sec

---2015-12-05 14:07:44
MemTotal:        2905316 kB
MemFree:           66208 kB
Buffers:           27888 kB
Cached:          1021692 kB
SwapCached:            0 kB
Active:          1314740 kB
Inactive:         705600 kB
Active(anon):     812584 kB
Inactive(anon):   203316 kB
Active(file):     502156 kB
Inactive(file):   502284 kB
Unevictable:       12456 kB
Mlocked:               0 kB
SwapTotal:        720184 kB
SwapFree:         719452 kB
Dirty:                28 kB
Writeback:             0 kB
AnonPages:        983104 kB
Mapped:           669580 kB
Shmem:             32684 kB
Slab:             122192 kB
SReclaimable:      39388 kB
SUnreclaim:        82804 kB
KernelStack:       33120 kB
PageTables:        56660 kB
NFS_Unstable:          0 kB
Bounce:                0 kB
WritebackTmp:          0 kB
CommitLimit:     2172840 kB
Committed_AS:   93075384 kB
VmallocTotal:   251658176 kB
VmallocUsed:      139884 kB
VmallocChunk:   251412524 kB
Time pass: 239 sec

---2015-12-05 14:07:44
MemTotal:        2905316 kB
MemFree:           68820 kB
Buffers:           27912 kB
Cached:          1021424 kB
SwapCached:            0 kB
Active:          1312936 kB
Inactive:         705316 kB
Active(anon):     810748 kB
Inactive(anon):   203012 kB
Active(file):     502188 kB
Inactive(file):   502304 kB
Unevictable:       12456 kB
Mlocked:               0 kB
SwapTotal:        720184 kB
SwapFree:         719452 kB
Dirty:               108 kB
Writeback:             0 kB
AnonPages:        981236 kB
Mapped:           669384 kB
Shmem:             32380 kB
Slab:             122156 kB
SReclaimable:      39384 kB
SUnreclaim:        82772 kB
KernelStack:       33184 kB
PageTables:        56600 kB
NFS_Unstable:          0 kB
Bounce:                0 kB
WritebackTmp:          0 kB
CommitLimit:     2172840 kB
Committed_AS:   93075424 kB
VmallocTotal:   251658176 kB
VmallocUsed:      139884 kB
VmallocChunk:   251412524 kB
Time pass: 243 sec

---2015-12-05 14:07:44
MemTotal:        2905316 kB
MemFree:           66964 kB
Buffers:           27928 kB
Cached:          1021548 kB
SwapCached:            0 kB
Active:          1314860 kB
Inactive:         705448 kB
Active(anon):     812660 kB
Inactive(anon):   203076 kB
Active(file):     502200 kB
Inactive(file):   502372 kB
Unevictable:       12456 kB
Mlocked:               0 kB
SwapTotal:        720184 kB
SwapFree:         719452 kB
Dirty:               172 kB
Writeback:             0 kB
AnonPages:        983584 kB
Mapped:           669468 kB
Shmem:             32444 kB
Slab:             122156 kB
SReclaimable:      39384 kB
SUnreclaim:        82772 kB
KernelStack:       33168 kB
PageTables:        56676 kB
NFS_Unstable:          0 kB
Bounce:                0 kB
WritebackTmp:          0 kB
CommitLimit:     2172840 kB
Committed_AS:   93102088 kB
VmallocTotal:   251658176 kB
VmallocUsed:      139884 kB
VmallocChunk:   251412524 kB
Time pass: 246 sec

---2015-12-05 14:07:44
MemTotal:        2905316 kB
MemFree:           66584 kB
Buffers:           27952 kB
Cached:          1021612 kB
SwapCached:            0 kB
Active:          1315256 kB
Inactive:         705524 kB
Active(anon):     813048 kB
Inactive(anon):   203104 kB
Active(file):     502208 kB
Inactive(file):   502420 kB
Unevictable:       12456 kB
Mlocked:               0 kB
SwapTotal:        720184 kB
SwapFree:         719452 kB
Dirty:               104 kB
Writeback:             0 kB
AnonPages:        983848 kB
Mapped:           669488 kB
Shmem:             32476 kB
Slab:             122156 kB
SReclaimable:      39384 kB
SUnreclaim:        82772 kB
KernelStack:       33168 kB
PageTables:        56648 kB
NFS_Unstable:          0 kB
Bounce:                0 kB
WritebackTmp:          0 kB
CommitLimit:     2172840 kB
Committed_AS:   93102072 kB
VmallocTotal:   251658176 kB
VmallocUsed:      139884 kB
VmallocChunk:   251412524 kB
Time pass: 250 sec

---2015-12-05 14:07:44
MemTotal:        2905316 kB
MemFree:           63984 kB
Buffers:           27960 kB
Cached:          1021664 kB
SwapCached:            0 kB
Active:          1317916 kB
Inactive:         705576 kB
Active(anon):     815696 kB
Inactive(anon):   203112 kB
Active(file):     502220 kB
Inactive(file):   502464 kB
Unevictable:       12456 kB
Mlocked:               0 kB
SwapTotal:        720184 kB
SwapFree:         719452 kB
Dirty:               104 kB
Writeback:             0 kB
AnonPages:        986460 kB
Mapped:           669500 kB
Shmem:             32480 kB
Slab:             122088 kB
SReclaimable:      39384 kB
SUnreclaim:        82704 kB
KernelStack:       33152 kB
PageTables:        56652 kB
NFS_Unstable:          0 kB
Bounce:                0 kB
WritebackTmp:          0 kB
CommitLimit:     2172840 kB
Committed_AS:   93102088 kB
VmallocTotal:   251658176 kB
VmallocUsed:      139884 kB
VmallocChunk:   251412524 kB
Time pass: 254 sec

---2015-12-05 14:07:44
MemTotal:        2905316 kB
MemFree:           63316 kB
Buffers:           27960 kB
Cached:          1021672 kB
SwapCached:            0 kB
Active:          1318980 kB
Inactive:         705576 kB
Active(anon):     816748 kB
Inactive(anon):   203112 kB
Active(file):     502232 kB
Inactive(file):   502464 kB
Unevictable:       12456 kB
Mlocked:               0 kB
SwapTotal:        720184 kB
SwapFree:         719452 kB
Dirty:                 8 kB
Writeback:             0 kB
AnonPages:        987348 kB
Mapped:           669504 kB
Shmem:             32480 kB
Slab:             122088 kB
SReclaimable:      39384 kB
SUnreclaim:        82704 kB
KernelStack:       33088 kB
PageTables:        56652 kB
NFS_Unstable:          0 kB
Bounce:                0 kB
WritebackTmp:          0 kB
CommitLimit:     2172840 kB
Committed_AS:   93102100 kB
VmallocTotal:   251658176 kB
VmallocUsed:      139884 kB
VmallocChunk:   251412524 kB
Time pass: 258 sec

---2015-12-05 14:07:44
MemTotal:        2905316 kB
MemFree:           66656 kB
Buffers:           27976 kB
Cached:          1017992 kB
SwapCached:            0 kB
Active:          1316312 kB
Inactive:         704732 kB
Active(anon):     815876 kB
Inactive(anon):   204136 kB
Active(file):     500436 kB
Inactive(file):   500596 kB
Unevictable:       12456 kB
Mlocked:               0 kB
SwapTotal:        720184 kB
SwapFree:         719452 kB
Dirty:               116 kB
Writeback:             0 kB
AnonPages:        987736 kB
Mapped:           669448 kB
Shmem:             32480 kB
Slab:             122056 kB
SReclaimable:      39384 kB
SUnreclaim:        82672 kB
KernelStack:       33088 kB
PageTables:        56652 kB
NFS_Unstable:          0 kB
Bounce:                0 kB
WritebackTmp:          0 kB
CommitLimit:     2172840 kB
Committed_AS:   93102076 kB
VmallocTotal:   251658176 kB
VmallocUsed:      139884 kB
VmallocChunk:   251412524 kB
Time pass: 261 sec

---2015-12-05 14:07:44
MemTotal:        2905316 kB
MemFree:           66168 kB
Buffers:           27976 kB
Cached:          1017992 kB
SwapCached:            0 kB
Active:          1317100 kB
Inactive:         704728 kB
Active(anon):     816660 kB
Inactive(anon):   204136 kB
Active(file):     500440 kB
Inactive(file):   500592 kB
Unevictable:       12456 kB
Mlocked:               0 kB
SwapTotal:        720184 kB
SwapFree:         719452 kB
Dirty:                 8 kB
Writeback:             0 kB
AnonPages:        988456 kB
Mapped:           669448 kB
Shmem:             32480 kB
Slab:             122056 kB
SReclaimable:      39384 kB
SUnreclaim:        82672 kB
KernelStack:       33088 kB
PageTables:        56652 kB
NFS_Unstable:          0 kB
Bounce:                0 kB
WritebackTmp:          0 kB
CommitLimit:     2172840 kB
Committed_AS:   93102100 kB
VmallocTotal:   251658176 kB
VmallocUsed:      139884 kB
VmallocChunk:   251412524 kB
Time pass: 265 sec

---2015-12-05 14:07:44
MemTotal:        2905316 kB
MemFree:           64184 kB
Buffers:           27984 kB
Cached:          1018028 kB
SwapCached:            0 kB
Active:          1318660 kB
Inactive:         704768 kB
Active(anon):     818220 kB
Inactive(anon):   204136 kB
Active(file):     500440 kB
Inactive(file):   500632 kB
Unevictable:       12456 kB
Mlocked:               0 kB
SwapTotal:        720184 kB
SwapFree:         719452 kB
Dirty:                48 kB
Writeback:             0 kB
AnonPages:        989824 kB
Mapped:           669448 kB
Shmem:             32480 kB
Slab:             122056 kB
SReclaimable:      39384 kB
SUnreclaim:        82672 kB
KernelStack:       33056 kB
PageTables:        56644 kB
NFS_Unstable:          0 kB
Bounce:                0 kB
WritebackTmp:          0 kB
CommitLimit:     2172840 kB
Committed_AS:   93102088 kB
VmallocTotal:   251658176 kB
VmallocUsed:      139884 kB
VmallocChunk:   251412524 kB
Time pass: 269 sec

---2015-12-05 14:07:44
MemTotal:        2905316 kB
MemFree:           68664 kB
Buffers:           28008 kB
Cached:          1018112 kB
SwapCached:            0 kB
Active:          1314100 kB
Inactive:         704868 kB
Active(anon):     813652 kB
Inactive(anon):   204132 kB
Active(file):     500448 kB
Inactive(file):   500736 kB
Unevictable:       12456 kB
Mlocked:               0 kB
SwapTotal:        720184 kB
SwapFree:         719452 kB
Dirty:                 0 kB
Writeback:             0 kB
AnonPages:        985368 kB
Mapped:           669484 kB
Shmem:             32480 kB
Slab:             122056 kB
SReclaimable:      39384 kB
SUnreclaim:        82672 kB
KernelStack:       33088 kB
PageTables:        56652 kB
NFS_Unstable:          0 kB
Bounce:                0 kB
WritebackTmp:          0 kB
CommitLimit:     2172840 kB
Committed_AS:   93102064 kB
VmallocTotal:   251658176 kB
VmallocUsed:      139884 kB
VmallocChunk:   251412524 kB
Time pass: 273 sec

---2015-12-05 14:07:44
MemTotal:        2905316 kB
MemFree:           74836 kB
Buffers:           28016 kB
Cached:          1018252 kB
SwapCached:            0 kB
Active:          1308084 kB
Inactive:         705004 kB
Active(anon):     807624 kB
Inactive(anon):   204216 kB
Active(file):     500460 kB
Inactive(file):   500788 kB
Unevictable:       12456 kB
Mlocked:               0 kB
SwapTotal:        720184 kB
SwapFree:         719452 kB
Dirty:               116 kB
Writeback:             0 kB
AnonPages:        979100 kB
Mapped:           669576 kB
Shmem:             32564 kB
Slab:             122056 kB
SReclaimable:      39384 kB
SUnreclaim:        82672 kB
KernelStack:       33024 kB
PageTables:        56700 kB
NFS_Unstable:          0 kB
Bounce:                0 kB
WritebackTmp:          0 kB
CommitLimit:     2172840 kB
Committed_AS:   93128604 kB
VmallocTotal:   251658176 kB
VmallocUsed:      139884 kB
VmallocChunk:   251412524 kB
Time pass: 276 sec

---2015-12-05 14:07:44
MemTotal:        2905316 kB
MemFree:           74564 kB
Buffers:           28024 kB
Cached:          1018256 kB
SwapCached:            0 kB
Active:          1307908 kB
Inactive:         705004 kB
Active(anon):     807448 kB
Inactive(anon):   204216 kB
Active(file):     500460 kB
Inactive(file):   500788 kB
Unevictable:       12456 kB
Mlocked:               0 kB
SwapTotal:        720184 kB
SwapFree:         719452 kB
Dirty:                32 kB
Writeback:             0 kB
AnonPages:        979120 kB
Mapped:           669580 kB
Shmem:             32564 kB
Slab:             122056 kB
SReclaimable:      39384 kB
SUnreclaim:        82672 kB
KernelStack:       33040 kB
PageTables:        56700 kB
NFS_Unstable:          0 kB
Bounce:                0 kB
WritebackTmp:          0 kB
CommitLimit:     2172840 kB
Committed_AS:   93128616 kB
VmallocTotal:   251658176 kB
VmallocUsed:      139884 kB
VmallocChunk:   251412524 kB
Time pass: 280 sec

---2015-12-05 14:07:44
MemTotal:        2905316 kB
MemFree:           74396 kB
Buffers:           28040 kB
Cached:          1018244 kB
SwapCached:            0 kB
Active:          1308424 kB
Inactive:         705016 kB
Active(anon):     807960 kB
Inactive(anon):   204220 kB
Active(file):     500464 kB
Inactive(file):   500796 kB
Unevictable:       12456 kB
Mlocked:               0 kB
SwapTotal:        720184 kB
SwapFree:         719452 kB
Dirty:                 4 kB
Writeback:             0 kB
AnonPages:        979468 kB
Mapped:           669584 kB
Shmem:             32568 kB
Slab:             122056 kB
SReclaimable:      39384 kB
SUnreclaim:        82672 kB
KernelStack:       33008 kB
PageTables:        56700 kB
NFS_Unstable:          0 kB
Bounce:                0 kB
WritebackTmp:          0 kB
CommitLimit:     2172840 kB
Committed_AS:   93128616 kB
VmallocTotal:   251658176 kB
VmallocUsed:      139884 kB
VmallocChunk:   251412524 kB
Time pass: 284 sec

---2015-12-05 14:07:44
MemTotal:        2905316 kB
MemFree:           73772 kB
Buffers:           28040 kB
Cached:          1018296 kB
SwapCached:            0 kB
Active:          1308680 kB
Inactive:         705060 kB
Active(anon):     808208 kB
Inactive(anon):   204224 kB
Active(file):     500472 kB
Inactive(file):   500836 kB
Unevictable:       12456 kB
Mlocked:               0 kB
SwapTotal:        720184 kB
SwapFree:         719452 kB
Dirty:               100 kB
Writeback:             0 kB
AnonPages:        979868 kB
Mapped:           669652 kB
Shmem:             32572 kB
Slab:             122056 kB
SReclaimable:      39384 kB
SUnreclaim:        82672 kB
KernelStack:       33056 kB
PageTables:        56752 kB
NFS_Unstable:          0 kB
Bounce:                0 kB
WritebackTmp:          0 kB
CommitLimit:     2172840 kB
Committed_AS:   93128896 kB
VmallocTotal:   251658176 kB
VmallocUsed:      139884 kB
VmallocChunk:   251412524 kB
Time pass: 288 sec

---2015-12-05 14:07:44
MemTotal:        2905316 kB
MemFree:           74024 kB
Buffers:           28048 kB
Cached:          1018296 kB
SwapCached:            0 kB
Active:          1308612 kB
Inactive:         705068 kB
Active(anon):     808140 kB
Inactive(anon):   204224 kB
Active(file):     500472 kB
Inactive(file):   500844 kB
Unevictable:       12456 kB
Mlocked:               0 kB
SwapTotal:        720184 kB
SwapFree:         719452 kB
Dirty:                52 kB
Writeback:             0 kB
AnonPages:        979828 kB
Mapped:           669652 kB
Shmem:             32572 kB
Slab:             122056 kB
SReclaimable:      39384 kB
SUnreclaim:        82672 kB
KernelStack:       33008 kB
PageTables:        56724 kB
NFS_Unstable:          0 kB
Bounce:                0 kB
WritebackTmp:          0 kB
CommitLimit:     2172840 kB
Committed_AS:   93128872 kB
VmallocTotal:   251658176 kB
VmallocUsed:      139884 kB
VmallocChunk:   251412524 kB
Time pass: 292 sec

---2015-12-05 14:07:44
MemTotal:        2905316 kB
MemFree:           73816 kB
Buffers:           28048 kB
Cached:          1018300 kB
SwapCached:            0 kB
Active:          1308700 kB
Inactive:         705068 kB
Active(anon):     808224 kB
Inactive(anon):   204224 kB
Active(file):     500476 kB
Inactive(file):   500844 kB
Unevictable:       12456 kB
Mlocked:               0 kB
SwapTotal:        720184 kB
SwapFree:         719452 kB
Dirty:                 4 kB
Writeback:             0 kB
AnonPages:        979956 kB
Mapped:           669596 kB
Shmem:             32572 kB
Slab:             122056 kB
SReclaimable:      39384 kB
SUnreclaim:        82672 kB
KernelStack:       33008 kB
PageTables:        56700 kB
NFS_Unstable:          0 kB
Bounce:                0 kB
WritebackTmp:          0 kB
CommitLimit:     2172840 kB
Committed_AS:   93128884 kB
VmallocTotal:   251658176 kB
VmallocUsed:      139884 kB
VmallocChunk:   251412524 kB
Time pass: 295 sec

---2015-12-05 14:07:44
MemTotal:        2905316 kB
MemFree:           73180 kB
Buffers:           28072 kB
Cached:          1018340 kB
SwapCached:            0 kB
Active:          1309472 kB
Inactive:         705128 kB
Active(anon):     808992 kB
Inactive(anon):   204228 kB
Active(file):     500480 kB
Inactive(file):   500900 kB
Unevictable:       12456 kB
Mlocked:               0 kB
SwapTotal:        720184 kB
SwapFree:         719452 kB
Dirty:               104 kB
Writeback:             0 kB
AnonPages:        980732 kB
Mapped:           669600 kB
Shmem:             32576 kB
Slab:             122056 kB
SReclaimable:      39384 kB
SUnreclaim:        82672 kB
KernelStack:       33008 kB
PageTables:        56696 kB
NFS_Unstable:          0 kB
Bounce:                0 kB
WritebackTmp:          0 kB
CommitLimit:     2172840 kB
Committed_AS:   93128860 kB
VmallocTotal:   251658176 kB
VmallocUsed:      139884 kB
VmallocChunk:   251412524 kB
Time pass: 299 sec

---2015-12-05 14:07:44
MemTotal:        2905316 kB
MemFree:           73112 kB
Buffers:           28080 kB
Cached:          1018348 kB
SwapCached:            0 kB
Active:          1309496 kB
Inactive:         705140 kB
Active(anon):     809012 kB
Inactive(anon):   204232 kB
Active(file):     500484 kB
Inactive(file):   500908 kB
Unevictable:       12456 kB
Mlocked:               0 kB
SwapTotal:        720184 kB
SwapFree:         719452 kB
Dirty:                64 kB
Writeback:             0 kB
AnonPages:        980792 kB
Mapped:           669616 kB
Shmem:             32580 kB
Slab:             122056 kB
SReclaimable:      39384 kB
SUnreclaim:        82672 kB
KernelStack:       32976 kB
PageTables:        56696 kB
NFS_Unstable:          0 kB
Bounce:                0 kB
WritebackTmp:          0 kB
CommitLimit:     2172840 kB
Committed_AS:   93128884 kB
VmallocTotal:   251658176 kB
VmallocUsed:      139884 kB
VmallocChunk:   251412524 kB
Time pass: 303 sec

---2015-12-05 14:07:44
MemTotal:        2905316 kB
MemFree:           71872 kB
Buffers:           28088 kB
Cached:          1018428 kB
SwapCached:            0 kB
Active:          1310604 kB
Inactive:         705228 kB
Active(anon):     810120 kB
Inactive(anon):   204320 kB
Active(file):     500484 kB
Inactive(file):   500908 kB
Unevictable:       12456 kB
Mlocked:               0 kB
SwapTotal:        720184 kB
SwapFree:         719452 kB
Dirty:                 4 kB
Writeback:             0 kB
AnonPages:        981852 kB
Mapped:           669704 kB
Shmem:             32668 kB
Slab:             122056 kB
SReclaimable:      39384 kB
SUnreclaim:        82672 kB
KernelStack:       33008 kB
PageTables:        56752 kB
NFS_Unstable:          0 kB
Bounce:                0 kB
WritebackTmp:          0 kB
CommitLimit:     2172840 kB
Committed_AS:   93155564 kB
VmallocTotal:   251658176 kB
VmallocUsed:      139884 kB
VmallocChunk:   251412524 kB
Time pass: 307 sec

---2015-12-05 14:07:44
MemTotal:        2905316 kB
MemFree:           70668 kB
Buffers:           28104 kB
Cached:          1018492 kB
SwapCached:            0 kB
Active:          1311492 kB
Inactive:         705288 kB
Active(anon):     810988 kB
Inactive(anon):   204320 kB
Active(file):     500504 kB
Inactive(file):   500968 kB
Unevictable:       12456 kB
Mlocked:               0 kB
SwapTotal:        720184 kB
SwapFree:         719452 kB
Dirty:                 8 kB
Writeback:             0 kB
AnonPages:        982616 kB
Mapped:           669712 kB
Shmem:             32668 kB
Slab:             122056 kB
SReclaimable:      39384 kB
SUnreclaim:        82672 kB
KernelStack:       33072 kB
PageTables:        56756 kB
NFS_Unstable:          0 kB
Bounce:                0 kB
WritebackTmp:          0 kB
CommitLimit:     2172840 kB
Committed_AS:   93155544 kB
VmallocTotal:   251658176 kB
VmallocUsed:      139884 kB
VmallocChunk:   251412524 kB
Time pass: 310 sec

---2015-12-05 14:07:44
MemTotal:        2905316 kB
MemFree:           70840 kB
Buffers:           28112 kB
Cached:          1018496 kB
SwapCached:            0 kB
Active:          1311308 kB
Inactive:         705292 kB
Active(anon):     810796 kB
Inactive(anon):   204320 kB
Active(file):     500512 kB
Inactive(file):   500972 kB
Unevictable:       12456 kB
Mlocked:               0 kB
SwapTotal:        720184 kB
SwapFree:         719452 kB
Dirty:                64 kB
Writeback:             0 kB
AnonPages:        982528 kB
Mapped:           669712 kB
Shmem:             32668 kB
Slab:             122056 kB
SReclaimable:      39384 kB
SUnreclaim:        82672 kB
KernelStack:       33024 kB
PageTables:        56760 kB
NFS_Unstable:          0 kB
Bounce:                0 kB
WritebackTmp:          0 kB
CommitLimit:     2172840 kB
Committed_AS:   93155564 kB
VmallocTotal:   251658176 kB
VmallocUsed:      139884 kB
VmallocChunk:   251412524 kB
Time pass: 314 sec

---2015-12-05 14:07:44
MemTotal:        2905316 kB
MemFree:           70840 kB
Buffers:           28112 kB
Cached:          1018496 kB
SwapCached:            0 kB
Active:          1311572 kB
Inactive:         705292 kB
Active(anon):     811060 kB
Inactive(anon):   204320 kB
Active(file):     500512 kB
Inactive(file):   500972 kB
Unevictable:       12456 kB
Mlocked:               0 kB
SwapTotal:        720184 kB
SwapFree:         719452 kB
Dirty:                48 kB
Writeback:             0 kB
AnonPages:        982664 kB
Mapped:           669712 kB
Shmem:             32668 kB
Slab:             122056 kB
SReclaimable:      39384 kB
SUnreclaim:        82672 kB
KernelStack:       33024 kB
PageTables:        56752 kB
NFS_Unstable:          0 kB
Bounce:                0 kB
WritebackTmp:          0 kB
CommitLimit:     2172840 kB
Committed_AS:   93155472 kB
VmallocTotal:   251658176 kB
VmallocUsed:      139884 kB
VmallocChunk:   251412524 kB
Time pass: 318 sec

---2015-12-05 14:07:44
MemTotal:        2905316 kB
MemFree:           70484 kB
Buffers:           28136 kB
Cached:          1018524 kB
SwapCached:            0 kB
Active:          1312036 kB
Inactive:         705344 kB
Active(anon):     811524 kB
Inactive(anon):   204320 kB
Active(file):     500512 kB
Inactive(file):   501024 kB
Unevictable:       12456 kB
Mlocked:               0 kB
SwapTotal:        720184 kB
SwapFree:         719452 kB
Dirty:                88 kB
Writeback:             0 kB
AnonPages:        983160 kB
Mapped:           669720 kB
Shmem:             32668 kB
Slab:             122056 kB
SReclaimable:      39384 kB
SUnreclaim:        82672 kB
KernelStack:       32976 kB
PageTables:        56748 kB
NFS_Unstable:          0 kB
Bounce:                0 kB
WritebackTmp:          0 kB
CommitLimit:     2172840 kB
Committed_AS:   93155380 kB
VmallocTotal:   251658176 kB
VmallocUsed:      139884 kB
VmallocChunk:   251412524 kB
Time pass: 321 sec

---2015-12-05 14:07:44
MemTotal:        2905316 kB
MemFree:           70648 kB
Buffers:           28136 kB
Cached:          1018532 kB
SwapCached:            0 kB
Active:          1311380 kB
Inactive:         705348 kB
Active(anon):     810864 kB
Inactive(anon):   204324 kB
Active(file):     500516 kB
Inactive(file):   501024 kB
Unevictable:       12456 kB
Mlocked:               0 kB
SwapTotal:        720184 kB
SwapFree:         719452 kB
Dirty:                 0 kB
Writeback:             0 kB
AnonPages:        982480 kB
Mapped:           669724 kB
Shmem:             32672 kB
Slab:             122056 kB
SReclaimable:      39384 kB
SUnreclaim:        82672 kB
KernelStack:       32944 kB
PageTables:        56748 kB
NFS_Unstable:          0 kB
Bounce:                0 kB
WritebackTmp:          0 kB
CommitLimit:     2172840 kB
Committed_AS:   93155352 kB
VmallocTotal:   251658176 kB
VmallocUsed:      139884 kB
VmallocChunk:   251412524 kB
Time pass: 325 sec

---2015-12-05 14:07:44
MemTotal:        2905316 kB
MemFree:           70368 kB
Buffers:           28152 kB
Cached:          1018536 kB
SwapCached:            0 kB
Active:          1311696 kB
Inactive:         705364 kB
Active(anon):     811176 kB
Inactive(anon):   204324 kB
Active(file):     500520 kB
Inactive(file):   501040 kB
Unevictable:       12456 kB
Mlocked:               0 kB
SwapTotal:        720184 kB
SwapFree:         719452 kB
Dirty:                60 kB
Writeback:             0 kB
AnonPages:        982868 kB
Mapped:           669728 kB
Shmem:             32672 kB
Slab:             122056 kB
SReclaimable:      39384 kB
SUnreclaim:        82672 kB
KernelStack:       32944 kB
PageTables:        56748 kB
NFS_Unstable:          0 kB
Bounce:                0 kB
WritebackTmp:          0 kB
CommitLimit:     2172840 kB
Committed_AS:   93155344 kB
VmallocTotal:   251658176 kB
VmallocUsed:      139884 kB
VmallocChunk:   251412524 kB
Time pass: 329 sec

---2015-12-05 14:07:44
MemTotal:        2905316 kB
MemFree:           69624 kB
Buffers:           28176 kB
Cached:          1018536 kB
SwapCached:            0 kB
Active:          1312540 kB
Inactive:         705376 kB
Active(anon):     812016 kB
Inactive(anon):   204324 kB
Active(file):     500524 kB
Inactive(file):   501052 kB
Unevictable:       12456 kB
Mlocked:               0 kB
SwapTotal:        720184 kB
SwapFree:         719452 kB
Dirty:                44 kB
Writeback:             0 kB
AnonPages:        983684 kB
Mapped:           669792 kB
Shmem:             32672 kB
Slab:             122056 kB
SReclaimable:      39384 kB
SUnreclaim:        82672 kB
KernelStack:       32960 kB
PageTables:        56772 kB
NFS_Unstable:          0 kB
Bounce:                0 kB
WritebackTmp:          0 kB
CommitLimit:     2172840 kB
Committed_AS:   93155356 kB
VmallocTotal:   251658176 kB
VmallocUsed:      139884 kB
VmallocChunk:   251412524 kB
Time pass: 333 sec

---2015-12-05 14:07:44
MemTotal:        2905316 kB
MemFree:           69180 kB
Buffers:           28176 kB
Cached:          1018632 kB
SwapCached:            0 kB
Active:          1312728 kB
Inactive:         705476 kB
Active(anon):     812200 kB
Inactive(anon):   204388 kB
Active(file):     500528 kB
Inactive(file):   501088 kB
Unevictable:       12456 kB
Mlocked:               0 kB
SwapTotal:        720184 kB
SwapFree:         719452 kB
Dirty:                92 kB
Writeback:             0 kB
AnonPages:        983928 kB
Mapped:           669860 kB
Shmem:             32736 kB
Slab:             122056 kB
SReclaimable:      39384 kB
SUnreclaim:        82672 kB
KernelStack:       32976 kB
PageTables:        56828 kB
NFS_Unstable:          0 kB
Bounce:                0 kB
WritebackTmp:          0 kB
CommitLimit:     2172840 kB
Committed_AS:   93181968 kB
VmallocTotal:   251658176 kB
VmallocUsed:      139884 kB
VmallocChunk:   251412524 kB
Time pass: 336 sec

---2015-12-05 14:07:44
MemTotal:        2905316 kB
MemFree:           68924 kB
Buffers:           28184 kB
Cached:          1018636 kB
SwapCached:            0 kB
Active:          1312920 kB
Inactive:         705484 kB
Active(anon):     812388 kB
Inactive(anon):   204388 kB
Active(file):     500532 kB
Inactive(file):   501096 kB
Unevictable:       12456 kB
Mlocked:               0 kB
SwapTotal:        720184 kB
SwapFree:         719452 kB
Dirty:                60 kB
Writeback:             0 kB
AnonPages:        984008 kB
Mapped:           669860 kB
Shmem:             32736 kB
Slab:             122056 kB
SReclaimable:      39384 kB
SUnreclaim:        82672 kB
KernelStack:       32992 kB
PageTables:        56824 kB
NFS_Unstable:          0 kB
Bounce:                0 kB
WritebackTmp:          0 kB
CommitLimit:     2172840 kB
Committed_AS:   93181992 kB
VmallocTotal:   251658176 kB
VmallocUsed:      139884 kB
VmallocChunk:   251412524 kB
Time pass: 340 sec

---2015-12-05 14:07:44
MemTotal:        2905316 kB
MemFree:           68576 kB
Buffers:           28208 kB
Cached:          1018648 kB
SwapCached:            0 kB
Active:          1313412 kB
Inactive:         705520 kB
Active(anon):     812880 kB
Inactive(anon):   204416 kB
Active(file):     500532 kB
Inactive(file):   501104 kB
Unevictable:       12456 kB
Mlocked:               0 kB
SwapTotal:        720184 kB
SwapFree:         719452 kB
Dirty:                16 kB
Writeback:             0 kB
AnonPages:        984760 kB
Mapped:           669828 kB
Shmem:             32764 kB
Slab:             122056 kB
SReclaimable:      39384 kB
SUnreclaim:        82672 kB
KernelStack:       32992 kB
PageTables:        56800 kB
NFS_Unstable:          0 kB
Bounce:                0 kB
WritebackTmp:          0 kB
CommitLimit:     2172840 kB
Committed_AS:   93181992 kB
VmallocTotal:   251658176 kB
VmallocUsed:      139884 kB
VmallocChunk:   251412524 kB
Time pass: 344 sec

---2015-12-05 14:07:44
MemTotal:        2905316 kB
MemFree:           68416 kB
Buffers:           28216 kB
Cached:          1018704 kB
SwapCached:            0 kB
Active:          1313812 kB
Inactive:         705580 kB
Active(anon):     813276 kB
Inactive(anon):   204420 kB
Active(file):     500536 kB
Inactive(file):   501160 kB
Unevictable:       12456 kB
Mlocked:               0 kB
SwapTotal:        720184 kB
SwapFree:         719452 kB
Dirty:                56 kB
Writeback:             0 kB
AnonPages:        984980 kB
Mapped:           669908 kB
Shmem:             32768 kB
Slab:             122056 kB
SReclaimable:      39384 kB
SUnreclaim:        82672 kB
KernelStack:       32928 kB
PageTables:        56808 kB
NFS_Unstable:          0 kB
Bounce:                0 kB
WritebackTmp:          0 kB
CommitLimit:     2172840 kB
Committed_AS:   93181980 kB
VmallocTotal:   251658176 kB
VmallocUsed:      139884 kB
VmallocChunk:   251412524 kB
Time pass: 348 sec

---2015-12-05 14:07:44
MemTotal:        2905316 kB
MemFree:           67404 kB
Buffers:           28216 kB
Cached:          1018704 kB
SwapCached:            0 kB
Active:          1313764 kB
Inactive:         705580 kB
Active(anon):     813228 kB
Inactive(anon):   204420 kB
Active(file):     500536 kB
Inactive(file):   501160 kB
Unevictable:       12456 kB
Mlocked:               0 kB
SwapTotal:        720184 kB
SwapFree:         719452 kB
Dirty:                56 kB
Writeback:             0 kB
AnonPages:        984816 kB
Mapped:           669836 kB
Shmem:             32768 kB
Slab:             122056 kB
SReclaimable:      39384 kB
SUnreclaim:        82672 kB
KernelStack:       32960 kB
PageTables:        56800 kB
NFS_Unstable:          0 kB
Bounce:                0 kB
WritebackTmp:          0 kB
CommitLimit:     2172840 kB
Committed_AS:   93181980 kB
VmallocTotal:   251658176 kB
VmallocUsed:      139884 kB
VmallocChunk:   251412524 kB
Time pass: 352 sec

---2015-12-05 14:07:44
MemTotal:        2905316 kB
MemFree:           68056 kB
Buffers:           28224 kB
Cached:          1018708 kB
SwapCached:            0 kB
Active:          1314072 kB
Inactive:         705588 kB
Active(anon):     813532 kB
Inactive(anon):   204420 kB
Active(file):     500540 kB
Inactive(file):   501168 kB
Unevictable:       12456 kB
Mlocked:               0 kB
SwapTotal:        720184 kB
SwapFree:         719452 kB
Dirty:                12 kB
Writeback:             0 kB
AnonPages:        984988 kB
Mapped:           669840 kB
Shmem:             32768 kB
Slab:             122056 kB
SReclaimable:      39384 kB
SUnreclaim:        82672 kB
KernelStack:       32944 kB
PageTables:        56800 kB
NFS_Unstable:          0 kB
Bounce:                0 kB
WritebackTmp:          0 kB
CommitLimit:     2172840 kB
Committed_AS:   93181972 kB
VmallocTotal:   251658176 kB
VmallocUsed:      139884 kB
VmallocChunk:   251412524 kB
Time pass: 355 sec

---2015-12-05 14:07:44
MemTotal:        2905316 kB
MemFree:           67364 kB
Buffers:           28240 kB
Cached:          1018740 kB
SwapCached:            0 kB
Active:          1314276 kB
Inactive:         705628 kB
Active(anon):     813728 kB
Inactive(anon):   204420 kB
Active(file):     500548 kB
Inactive(file):   501208 kB
Unevictable:       12456 kB
Mlocked:               0 kB
SwapTotal:        720184 kB
SwapFree:         719452 kB
Dirty:                 4 kB
Writeback:             0 kB
AnonPages:        985492 kB
Mapped:           669840 kB
Shmem:             32768 kB
Slab:             122056 kB
SReclaimable:      39384 kB
SUnreclaim:        82672 kB
KernelStack:       32944 kB
PageTables:        56800 kB
NFS_Unstable:          0 kB
Bounce:                0 kB
WritebackTmp:          0 kB
CommitLimit:     2172840 kB
Committed_AS:   93181940 kB
VmallocTotal:   251658176 kB
VmallocUsed:      139884 kB
VmallocChunk:   251412524 kB
Time pass: 359 sec

---2015-12-05 14:07:44
MemTotal:        2905316 kB
MemFree:           67340 kB
Buffers:           28248 kB
Cached:          1018744 kB
SwapCached:            0 kB
Active:          1314340 kB
Inactive:         705632 kB
Active(anon):     813784 kB
Inactive(anon):   204420 kB
Active(file):     500556 kB
Inactive(file):   501212 kB
Unevictable:       12456 kB
Mlocked:               0 kB
SwapTotal:        720184 kB
SwapFree:         719452 kB
Dirty:                 8 kB
Writeback:             0 kB
AnonPages:        985556 kB
Mapped:           669912 kB
Shmem:             32768 kB
Slab:             122052 kB
SReclaimable:      39384 kB
SUnreclaim:        82668 kB
KernelStack:       32912 kB
PageTables:        56836 kB
NFS_Unstable:          0 kB
Bounce:                0 kB
WritebackTmp:          0 kB
CommitLimit:     2172840 kB
Committed_AS:   93181900 kB
VmallocTotal:   251658176 kB
VmallocUsed:      139884 kB
VmallocChunk:   251412524 kB
Time pass: 363 sec

---2015-12-05 14:07:44
MemTotal:        2905316 kB
MemFree:           66980 kB
Buffers:           28256 kB
Cached:          1018800 kB
SwapCached:            0 kB
Active:          1315080 kB
Inactive:         705696 kB
Active(anon):     814524 kB
Inactive(anon):   204480 kB
Active(file):     500556 kB
Inactive(file):   501216 kB
Unevictable:       12456 kB
Mlocked:               0 kB
SwapTotal:        720184 kB
SwapFree:         719452 kB
Dirty:                16 kB
Writeback:             0 kB
AnonPages:        986304 kB
Mapped:           669972 kB
Shmem:             32828 kB
Slab:             122052 kB
SReclaimable:      39384 kB
SUnreclaim:        82668 kB
KernelStack:       32912 kB
PageTables:        56872 kB
NFS_Unstable:          0 kB
Bounce:                0 kB
WritebackTmp:          0 kB
CommitLimit:     2172840 kB
Committed_AS:   93208504 kB
VmallocTotal:   251658176 kB
VmallocUsed:      139884 kB
VmallocChunk:   251412524 kB
Time pass: 367 sec

---2015-12-05 14:07:44
MemTotal:        2905316 kB
MemFree:           65572 kB
Buffers:           28272 kB
Cached:          1018948 kB
SwapCached:            0 kB
Active:          1315808 kB
Inactive:         705844 kB
Active(anon):     815236 kB
Inactive(anon):   204484 kB
Active(file):     500572 kB
Inactive(file):   501360 kB
Unevictable:       12456 kB
Mlocked:               0 kB
SwapTotal:        720184 kB
SwapFree:         719452 kB
Dirty:               140 kB
Writeback:             0 kB
AnonPages:        987004 kB
Mapped:           670028 kB
Shmem:             32832 kB
Slab:             122052 kB
SReclaimable:      39384 kB
SUnreclaim:        82668 kB
KernelStack:       32896 kB
PageTables:        56872 kB
NFS_Unstable:          0 kB
Bounce:                0 kB
WritebackTmp:          0 kB
CommitLimit:     2172840 kB
Committed_AS:   93208464 kB
VmallocTotal:   251658176 kB
VmallocUsed:      139884 kB
VmallocChunk:   251412524 kB
Time pass: 370 sec

---2015-12-05 14:07:44
MemTotal:        2905316 kB
MemFree:           65292 kB
Buffers:           28280 kB
Cached:          1018948 kB
SwapCached:            0 kB
Active:          1315816 kB
Inactive:         705852 kB
Active(anon):     815244 kB
Inactive(anon):   204484 kB
Active(file):     500572 kB
Inactive(file):   501368 kB
Unevictable:       12456 kB
Mlocked:               0 kB
SwapTotal:        720184 kB
SwapFree:         719452 kB
Dirty:                60 kB
Writeback:             0 kB
AnonPages:        987012 kB
Mapped:           670028 kB
Shmem:             32832 kB
Slab:             122052 kB
SReclaimable:      39384 kB
SUnreclaim:        82668 kB
KernelStack:       32880 kB
PageTables:        56868 kB
NFS_Unstable:          0 kB
Bounce:                0 kB
WritebackTmp:          0 kB
CommitLimit:     2172840 kB
Committed_AS:   93208476 kB
VmallocTotal:   251658176 kB
VmallocUsed:      139884 kB
VmallocChunk:   251412524 kB
Time pass: 374 sec

---2015-12-05 14:07:44
MemTotal:        2905316 kB
MemFree:           65244 kB
Buffers:           28280 kB
Cached:          1018948 kB
SwapCached:            0 kB
Active:          1315704 kB
Inactive:         705852 kB
Active(anon):     815132 kB
Inactive(anon):   204484 kB
Active(file):     500572 kB
Inactive(file):   501368 kB
Unevictable:       12456 kB
Mlocked:               0 kB
SwapTotal:        720184 kB
SwapFree:         719452 kB
Dirty:                 4 kB
Writeback:             0 kB
AnonPages:        986888 kB
Mapped:           669968 kB
Shmem:             32832 kB
Slab:             122052 kB
SReclaimable:      39384 kB
SUnreclaim:        82668 kB
KernelStack:       32848 kB
PageTables:        56848 kB
NFS_Unstable:          0 kB
Bounce:                0 kB
WritebackTmp:          0 kB
CommitLimit:     2172840 kB
Committed_AS:   93208476 kB
VmallocTotal:   251658176 kB
VmallocUsed:      139884 kB
VmallocChunk:   251412524 kB
Time pass: 378 sec

---2015-12-05 14:07:44
MemTotal:        2905316 kB
MemFree:           65020 kB
Buffers:           28296 kB
Cached:          1019084 kB
SwapCached:            0 kB
Active:          1317108 kB
Inactive:         705992 kB
Active(anon):     816524 kB
Inactive(anon):   204484 kB
Active(file):     500584 kB
Inactive(file):   501508 kB
Unevictable:       12456 kB
Mlocked:               0 kB
SwapTotal:        720184 kB
SwapFree:         719452 kB
Dirty:               104 kB
Writeback:             0 kB
AnonPages:        988228 kB
Mapped:           670004 kB
Shmem:             32832 kB
Slab:             122052 kB
SReclaimable:      39384 kB
SUnreclaim:        82668 kB
KernelStack:       32848 kB
PageTables:        56848 kB
NFS_Unstable:          0 kB
Bounce:                0 kB
WritebackTmp:          0 kB
CommitLimit:     2172840 kB
Committed_AS:   93208732 kB
VmallocTotal:   251658176 kB
VmallocUsed:      139884 kB
VmallocChunk:   251412524 kB
Time pass: 382 sec

---2015-12-05 14:07:44
MemTotal:        2905316 kB
MemFree:           64160 kB
Buffers:           28304 kB
Cached:          1019092 kB
SwapCached:            0 kB
Active:          1317504 kB
Inactive:         705996 kB
Active(anon):     816908 kB
Inactive(anon):   204484 kB
Active(file):     500596 kB
Inactive(file):   501512 kB
Unevictable:       12456 kB
Mlocked:               0 kB
SwapTotal:        720184 kB
SwapFree:         719452 kB
Dirty:                32 kB
Writeback:             0 kB
AnonPages:        988836 kB
Mapped:           670008 kB
Shmem:             32832 kB
Slab:             122052 kB
SReclaimable:      39384 kB
SUnreclaim:        82668 kB
KernelStack:       32848 kB
PageTables:        56848 kB
NFS_Unstable:          0 kB
Bounce:                0 kB
WritebackTmp:          0 kB
CommitLimit:     2172840 kB
Committed_AS:   93208756 kB
VmallocTotal:   251658176 kB
VmallocUsed:      139884 kB
VmallocChunk:   251412524 kB
Time pass: 385 sec

---2015-12-05 14:07:44
MemTotal:        2905316 kB
MemFree:           64084 kB
Buffers:           28304 kB
Cached:          1019104 kB
SwapCached:            0 kB
Active:          1317580 kB
Inactive:         706004 kB
