---2015-12-05 14:07:44
MemTotal:        2873608 kB
MemFree:           70704 kB
Buffers:           22648 kB
Cached:          1309532 kB
SwapCached:            0 kB
Active:          1276792 kB
Inactive:         983776 kB
Active(anon):     744624 kB
Inactive(anon):   193780 kB
Active(file):     532168 kB
Inactive(file):   789996 kB
Unevictable:        8104 kB
Mlocked:               0 kB
SwapTotal:        715328 kB
SwapFree:         715328 kB
Dirty:              6504 kB
Writeback:             0 kB
AnonPages:        937096 kB
Mapped:           491052 kB
Shmem:              1916 kB
Slab:              96796 kB
SReclaimable:      32040 kB
SUnreclaim:        64756 kB
KernelStack:       37072 kB
PageTables:        49792 kB
NFS_Unstable:          0 kB
Bounce:                0 kB
WritebackTmp:          0 kB
CommitLimit:     2152132 kB
Committed_AS:   124885708 kB
VmallocTotal:   251658176 kB
VmallocUsed:      136272 kB
VmallocChunk:   251417644 kB
Time pass: 3 sec

---2015-12-05 14:07:44
MemTotal:        2873608 kB
MemFree:           85272 kB
Buffers:           22312 kB
Cached:          1286808 kB
SwapCached:            0 kB
Active:          1309676 kB
Inactive:         940340 kB
Active(anon):     757168 kB
Inactive(anon):   193564 kB
Active(file):     552508 kB
Inactive(file):   746776 kB
Unevictable:        8104 kB
Mlocked:               0 kB
SwapTotal:        715328 kB
SwapFree:         715328 kB
Dirty:               276 kB
Writeback:             0 kB
AnonPages:        949464 kB
Mapped:           485400 kB
Shmem:              1732 kB
Slab:              96724 kB
SReclaimable:      31900 kB
SUnreclaim:        64824 kB
KernelStack:       36368 kB
PageTables:        48464 kB
NFS_Unstable:          0 kB
Bounce:                0 kB
WritebackTmp:          0 kB
CommitLimit:     2152132 kB
Committed_AS:   121272020 kB
VmallocTotal:   251658176 kB
VmallocUsed:      134096 kB
VmallocChunk:   251417644 kB
Time pass: 7 sec

---2015-12-05 14:07:44
MemTotal:        2873608 kB
MemFree:           85964 kB
Buffers:           22392 kB
Cached:          1287168 kB
SwapCached:            0 kB
Active:          1318392 kB
Inactive:         928668 kB
Active(anon):     753780 kB
Inactive(anon):   193544 kB
Active(file):     564612 kB
Inactive(file):   735124 kB
Unevictable:        8104 kB
Mlocked:               0 kB
SwapTotal:        715328 kB
SwapFree:         715328 kB
Dirty:               860 kB
Writeback:             0 kB
AnonPages:        945976 kB
Mapped:           501944 kB
Shmem:              1720 kB
Slab:              96532 kB
SReclaimable:      31788 kB
SUnreclaim:        64744 kB
KernelStack:       36624 kB
PageTables:        49000 kB
NFS_Unstable:          0 kB
Bounce:                0 kB
WritebackTmp:          0 kB
CommitLimit:     2152132 kB
Committed_AS:   121340716 kB
VmallocTotal:   251658176 kB
VmallocUsed:      134232 kB
VmallocChunk:   251443756 kB
Time pass: 11 sec

---2015-12-05 14:07:44
MemTotal:        2873608 kB
MemFree:           90588 kB
Buffers:           23992 kB
Cached:          1292752 kB
SwapCached:            0 kB
Active:          1319416 kB
Inactive:         924708 kB
Active(anon):     743728 kB
Inactive(anon):   193668 kB
Active(file):     575688 kB
Inactive(file):   731040 kB
Unevictable:        8104 kB
Mlocked:               0 kB
SwapTotal:        715328 kB
SwapFree:         715328 kB
Dirty:              7296 kB
Writeback:           220 kB
AnonPages:        935944 kB
Mapped:           495896 kB
Shmem:              1852 kB
Slab:              96656 kB
SReclaimable:      31848 kB
SUnreclaim:        64808 kB
KernelStack:       36992 kB
PageTables:        48492 kB
NFS_Unstable:          0 kB
Bounce:                0 kB
WritebackTmp:          0 kB
CommitLimit:     2152132 kB
Committed_AS:   117405288 kB
VmallocTotal:   251658176 kB
VmallocUsed:      134232 kB
VmallocChunk:   251453996 kB
Time pass: 15 sec

---2015-12-05 14:07:44
MemTotal:        2873608 kB
MemFree:          124848 kB
Buffers:           24096 kB
Cached:          1292776 kB
SwapCached:            0 kB
Active:          1298728 kB
Inactive:         912384 kB
Active(anon):     710528 kB
Inactive(anon):   193672 kB
Active(file):     588200 kB
Inactive(file):   718712 kB
Unevictable:        8104 kB
Mlocked:               0 kB
SwapTotal:        715328 kB
SwapFree:         715328 kB
Dirty:              6460 kB
Writeback:             0 kB
AnonPages:        902436 kB
Mapped:           477008 kB
Shmem:              1856 kB
Slab:              96664 kB
SReclaimable:      31864 kB
SUnreclaim:        64800 kB
KernelStack:       36912 kB
PageTables:        47920 kB
NFS_Unstable:          0 kB
Bounce:                0 kB
WritebackTmp:          0 kB
CommitLimit:     2152132 kB
Committed_AS:   116842516 kB
VmallocTotal:   251658176 kB
VmallocUsed:      134096 kB
VmallocChunk:   251453996 kB
Time pass: 18 sec

---2015-12-05 14:07:44
MemTotal:        2873608 kB
MemFree:           65820 kB
Buffers:           24900 kB
Cached:          1208256 kB
SwapCached:            0 kB
Active:          1404984 kB
Inactive:         808408 kB
Active(anon):     795764 kB
Inactive(anon):   199332 kB
Active(file):     609220 kB
Inactive(file):   609076 kB
Unevictable:       13136 kB
Mlocked:               0 kB
SwapTotal:        715328 kB
SwapFree:         714684 kB
Dirty:              8120 kB
Writeback:             0 kB
AnonPages:        993840 kB
Mapped:           490120 kB
Shmem:              1628 kB
Slab:              97960 kB
SReclaimable:      32132 kB
SUnreclaim:        65828 kB
KernelStack:       38544 kB
PageTables:        51284 kB
NFS_Unstable:          0 kB
Bounce:                0 kB
WritebackTmp:          0 kB
CommitLimit:     2152132 kB
Committed_AS:   123010148 kB
VmallocTotal:   251658176 kB
VmallocUsed:      137824 kB
VmallocChunk:   251453996 kB
Time pass: 22 sec

---2015-12-05 14:07:44
MemTotal:        2873608 kB
MemFree:           74200 kB
Buffers:           24828 kB
Cached:          1173848 kB
SwapCached:            0 kB
Active:          1334156 kB
Inactive:         802056 kB
Active(anon):     752340 kB
Inactive(anon):   200684 kB
Active(file):     581816 kB
Inactive(file):   601372 kB
Unevictable:       13568 kB
Mlocked:               0 kB
SwapTotal:        715328 kB
SwapFree:         714400 kB
Dirty:               980 kB
Writeback:             0 kB
AnonPages:        951292 kB
Mapped:           520692 kB
Shmem:              1444 kB
Slab:              98484 kB
SReclaimable:      32100 kB
SUnreclaim:        66384 kB
KernelStack:       38960 kB
PageTables:        50008 kB
NFS_Unstable:          0 kB
Bounce:                0 kB
WritebackTmp:          0 kB
CommitLimit:     2152132 kB
Committed_AS:   118734124 kB
VmallocTotal:   251658176 kB
VmallocUsed:      135392 kB
VmallocChunk:   251453996 kB
Time pass: 26 sec

---2015-12-05 14:07:44
MemTotal:        2873608 kB
MemFree:          110248 kB
Buffers:           26064 kB
Cached:          1175432 kB
SwapCached:            0 kB
Active:          1306492 kB
Inactive:         801516 kB
Active(anon):     720848 kB
Inactive(anon):   200560 kB
Active(file):     585644 kB
Inactive(file):   600956 kB
Unevictable:       13568 kB
Mlocked:               0 kB
SwapTotal:        715328 kB
SwapFree:         714400 kB
Dirty:              1128 kB
Writeback:            28 kB
AnonPages:        920424 kB
Mapped:           501700 kB
Shmem:              1328 kB
Slab:              97828 kB
SReclaimable:      31920 kB
SUnreclaim:        65908 kB
KernelStack:       37008 kB
PageTables:        49124 kB
NFS_Unstable:          0 kB
Bounce:                0 kB
WritebackTmp:          0 kB
CommitLimit:     2152132 kB
Committed_AS:   119776508 kB
VmallocTotal:   251658176 kB
VmallocUsed:      135096 kB
VmallocChunk:   251453996 kB
Time pass: 30 sec

---2015-12-05 14:07:44
MemTotal:        2873608 kB
MemFree:           65856 kB
Buffers:           27092 kB
Cached:          1176028 kB
SwapCached:            0 kB
Active:          1349492 kB
Inactive:         799560 kB
Active(anon):     760284 kB
Inactive(anon):   200528 kB
Active(file):     589208 kB
Inactive(file):   599032 kB
Unevictable:       13568 kB
Mlocked:               0 kB
SwapTotal:        715328 kB
SwapFree:         714400 kB
Dirty:              1012 kB
Writeback:             0 kB
AnonPages:        959484 kB
Mapped:           534720 kB
Shmem:              1308 kB
Slab:              97932 kB
SReclaimable:      31960 kB
SUnreclaim:        65972 kB
KernelStack:       37392 kB
PageTables:        50520 kB
NFS_Unstable:          0 kB
Bounce:                0 kB
WritebackTmp:          0 kB
CommitLimit:     2152132 kB
Committed_AS:   121634216 kB
VmallocTotal:   251658176 kB
VmallocUsed:      136252 kB
VmallocChunk:   251453996 kB
Time pass: 33 sec

---2015-12-05 14:07:44
MemTotal:        2873608 kB
MemFree:           89484 kB
Buffers:           26752 kB
Cached:          1132352 kB
SwapCached:            0 kB
Active:          1371044 kB
Inactive:         754808 kB
Active(anon):     779812 kB
Inactive(anon):   201604 kB
Active(file):     591232 kB
Inactive(file):   553204 kB
Unevictable:       13568 kB
Mlocked:               0 kB
SwapTotal:        715328 kB
SwapFree:         714096 kB
Dirty:               136 kB
Writeback:             0 kB
AnonPages:        979892 kB
Mapped:           525576 kB
Shmem:              1240 kB
Slab:              98524 kB
SReclaimable:      32044 kB
SUnreclaim:        66480 kB
KernelStack:       38912 kB
PageTables:        50952 kB
NFS_Unstable:          0 kB
Bounce:                0 kB
WritebackTmp:          0 kB
CommitLimit:     2152132 kB
Committed_AS:   122869140 kB
VmallocTotal:   251658176 kB
VmallocUsed:      138452 kB
VmallocChunk:   251453996 kB
Time pass: 37 sec

---2015-12-05 14:07:44
MemTotal:        2873608 kB
MemFree:           81332 kB
Buffers:           26864 kB
Cached:          1156224 kB
SwapCached:            0 kB
Active:          1360116 kB
Inactive:         776528 kB
Active(anon):     766560 kB
Inactive(anon):   201616 kB
Active(file):     593556 kB
Inactive(file):   574912 kB
Unevictable:       13568 kB
Mlocked:               0 kB
SwapTotal:        715328 kB
SwapFree:         714096 kB
Dirty:               148 kB
Writeback:             0 kB
AnonPages:        966792 kB
Mapped:           531520 kB
Shmem:              1252 kB
Slab:              98040 kB
SReclaimable:      32024 kB
SUnreclaim:        66016 kB
KernelStack:       38240 kB
PageTables:        50612 kB
NFS_Unstable:          0 kB
Bounce:                0 kB
WritebackTmp:          0 kB
CommitLimit:     2152132 kB
Committed_AS:   122165372 kB
VmallocTotal:   251658176 kB
VmallocUsed:      136276 kB
VmallocChunk:   251453996 kB
Time pass: 41 sec

---2015-12-05 14:07:44
MemTotal:        2873608 kB
MemFree:           79620 kB
Buffers:           18588 kB
Cached:          1061388 kB
SwapCached:            0 kB
Active:          1352460 kB
Inactive:         739780 kB
Active(anon):     819872 kB
Inactive(anon):   207172 kB
Active(file):     532588 kB
Inactive(file):   532608 kB
Unevictable:       13568 kB
Mlocked:               0 kB
SwapTotal:        715328 kB
SwapFree:         711336 kB
Dirty:              1020 kB
Writeback:             0 kB
AnonPages:       1025784 kB
Mapped:           540616 kB
Shmem:              1136 kB
Slab:              98620 kB
SReclaimable:      31956 kB
SUnreclaim:        66664 kB
KernelStack:       38928 kB
PageTables:        51944 kB
NFS_Unstable:          0 kB
Bounce:                0 kB
WritebackTmp:          0 kB
CommitLimit:     2152132 kB
Committed_AS:   125774124 kB
VmallocTotal:   251658176 kB
VmallocUsed:      139548 kB
VmallocChunk:   251453996 kB
Time pass: 45 sec

---2015-12-05 14:07:44
MemTotal:        2873608 kB
MemFree:           74436 kB
Buffers:           18872 kB
Cached:          1040260 kB
SwapCached:            0 kB
Active:          1367684 kB
Inactive:         732088 kB
Active(anon):     843312 kB
Inactive(anon):   211960 kB
Active(file):     524372 kB
Inactive(file):   520128 kB
Unevictable:       13568 kB
Mlocked:               0 kB
SwapTotal:        715328 kB
SwapFree:         710964 kB
Dirty:               800 kB
Writeback:             0 kB
AnonPages:       1054228 kB
Mapped:           565348 kB
Shmem:              1132 kB
Slab:              98552 kB
SReclaimable:      31824 kB
SUnreclaim:        66728 kB
KernelStack:       39520 kB
PageTables:        52104 kB
NFS_Unstable:          0 kB
Bounce:                0 kB
WritebackTmp:          0 kB
CommitLimit:     2152132 kB
Committed_AS:   124002200 kB
VmallocTotal:   251658176 kB
VmallocUsed:      137508 kB
VmallocChunk:   251453996 kB
Time pass: 48 sec

---2015-12-05 14:07:44
MemTotal:        2873608 kB
MemFree:           64896 kB
Buffers:           17788 kB
Cached:          1028996 kB
SwapCached:            0 kB
Active:          1353680 kB
Inactive:         728096 kB
Active(anon):     837876 kB
Inactive(anon):   211840 kB
Active(file):     515804 kB
Inactive(file):   516256 kB
Unevictable:       13568 kB
Mlocked:               0 kB
SwapTotal:        715328 kB
SwapFree:         710760 kB
Dirty:              1124 kB
Writeback:             0 kB
AnonPages:       1048748 kB
Mapped:           602152 kB
Shmem:              1136 kB
Slab:              98592 kB
SReclaimable:      31960 kB
SUnreclaim:        66632 kB
KernelStack:       39504 kB
PageTables:        52168 kB
NFS_Unstable:          0 kB
Bounce:                0 kB
WritebackTmp:          0 kB
CommitLimit:     2152132 kB
Committed_AS:   124026104 kB
VmallocTotal:   251658176 kB
VmallocUsed:      137720 kB
VmallocChunk:   251453996 kB
Time pass: 52 sec

---2015-12-05 14:07:44
MemTotal:        2873608 kB
MemFree:           67392 kB
Buffers:           17500 kB
Cached:          1017936 kB
SwapCached:            0 kB
Active:          1342068 kB
Inactive:         720956 kB
Active(anon):     830940 kB
Inactive(anon):   211452 kB
Active(file):     511128 kB
Inactive(file):   509504 kB
Unevictable:       13568 kB
Mlocked:               0 kB
SwapTotal:        715328 kB
SwapFree:         710720 kB
Dirty:               128 kB
Writeback:             4 kB
AnonPages:       1041108 kB
Mapped:           635192 kB
Shmem:              1136 kB
Slab:              98744 kB
SReclaimable:      31960 kB
SUnreclaim:        66784 kB
KernelStack:       39520 kB
PageTables:        51448 kB
NFS_Unstable:          0 kB
Bounce:                0 kB
WritebackTmp:          0 kB
CommitLimit:     2152132 kB
Committed_AS:   121555484 kB
VmallocTotal:   251658176 kB
VmallocUsed:      135844 kB
VmallocChunk:   251453996 kB
Time pass: 56 sec

---2015-12-05 14:07:44
MemTotal:        2873608 kB
MemFree:           74900 kB
Buffers:           17500 kB
Cached:          1018248 kB
SwapCached:            0 kB
Active:          1352048 kB
Inactive:         702976 kB
Active(anon):     822544 kB
Inactive(anon):   211444 kB
Active(file):     529504 kB
Inactive(file):   491532 kB
Unevictable:       13568 kB
Mlocked:               0 kB
SwapTotal:        715328 kB
SwapFree:         710720 kB
Dirty:                 8 kB
Writeback:             0 kB
AnonPages:       1032944 kB
Mapped:           618708 kB
Shmem:              1132 kB
Slab:              98776 kB
SReclaimable:      31976 kB
SUnreclaim:        66800 kB
KernelStack:       39440 kB
PageTables:        51324 kB
NFS_Unstable:          0 kB
Bounce:                0 kB
WritebackTmp:          0 kB
CommitLimit:     2152132 kB
Committed_AS:   121551892 kB
VmallocTotal:   251658176 kB
VmallocUsed:      135844 kB
VmallocChunk:   251453996 kB
Time pass: 60 sec

---2015-12-05 14:07:44
MemTotal:        2873608 kB
MemFree:           65868 kB
Buffers:           17508 kB
Cached:          1010924 kB
SwapCached:            0 kB
Active:          1346472 kB
Inactive:         703332 kB
Active(anon):     824636 kB
Inactive(anon):   211032 kB
Active(file):     521836 kB
Inactive(file):   492300 kB
Unevictable:       13568 kB
Mlocked:               0 kB
SwapTotal:        715328 kB
SwapFree:         710308 kB
Dirty:               196 kB
Writeback:             0 kB
AnonPages:       1035056 kB
Mapped:           628328 kB
Shmem:               716 kB
Slab:              99076 kB
SReclaimable:      32328 kB
SUnreclaim:        66748 kB
KernelStack:       39440 kB
PageTables:        51344 kB
NFS_Unstable:          0 kB
Bounce:                0 kB
WritebackTmp:          0 kB
CommitLimit:     2152132 kB
Committed_AS:   121551972 kB
VmallocTotal:   251658176 kB
VmallocUsed:      135956 kB
VmallocChunk:   251453996 kB
Time pass: 64 sec

---2015-12-05 14:07:44
MemTotal:        2873608 kB
MemFree:           74512 kB
Buffers:           17500 kB
Cached:          1004476 kB
SwapCached:            0 kB
Active:          1339128 kB
Inactive:         703400 kB
Active(anon):     823828 kB
Inactive(anon):   210712 kB
Active(file):     515300 kB
Inactive(file):   492688 kB
Unevictable:       13568 kB
Mlocked:               0 kB
SwapTotal:        715328 kB
SwapFree:         709988 kB
Dirty:                92 kB
Writeback:             0 kB
AnonPages:       1034096 kB
Mapped:           628332 kB
Shmem:               420 kB
Slab:              98840 kB
SReclaimable:      31944 kB
SUnreclaim:        66896 kB
KernelStack:       39424 kB
PageTables:        51340 kB
NFS_Unstable:          0 kB
Bounce:                0 kB
WritebackTmp:          0 kB
CommitLimit:     2152132 kB
Committed_AS:   121551964 kB
VmallocTotal:   251658176 kB
VmallocUsed:      135956 kB
VmallocChunk:   251453996 kB
Time pass: 68 sec

---2015-12-05 14:07:44
MemTotal:        2873608 kB
MemFree:           65044 kB
Buffers:           17088 kB
Cached:           985192 kB
SwapCached:            0 kB
Active:          1329556 kB
Inactive:         700052 kB
Active(anon):     831508 kB
Inactive(anon):   209820 kB
Active(file):     498048 kB
Inactive(file):   490232 kB
Unevictable:       13568 kB
Mlocked:               0 kB
SwapTotal:        715328 kB
SwapFree:         709284 kB
Dirty:               528 kB
Writeback:            20 kB
AnonPages:       1041132 kB
Mapped:           642504 kB
Shmem:               420 kB
Slab:              99180 kB
SReclaimable:      32408 kB
SUnreclaim:        66772 kB
KernelStack:       39424 kB
PageTables:        51420 kB
NFS_Unstable:          0 kB
Bounce:                0 kB
WritebackTmp:          0 kB
CommitLimit:     2152132 kB
Committed_AS:   121561004 kB
VmallocTotal:   251658176 kB
VmallocUsed:      136116 kB
VmallocChunk:   251453996 kB
Time pass: 71 sec

---2015-12-05 14:07:44
MemTotal:        2873608 kB
MemFree:           66912 kB
Buffers:           17024 kB
Cached:           973724 kB
SwapCached:            0 kB
Active:          1330616 kB
Inactive:         698564 kB
Active(anon):     842208 kB
Inactive(anon):   210180 kB
Active(file):     488408 kB
Inactive(file):   488384 kB
Unevictable:       13568 kB
Mlocked:               0 kB
SwapTotal:        715328 kB
SwapFree:         708984 kB
Dirty:                 0 kB
Writeback:           220 kB
AnonPages:       1051880 kB
Mapped:           644376 kB
Shmem:               420 kB
Slab:              99144 kB
SReclaimable:      32184 kB
SUnreclaim:        66960 kB
KernelStack:       39488 kB
PageTables:        51392 kB
NFS_Unstable:          0 kB
Bounce:                0 kB
WritebackTmp:          0 kB
CommitLimit:     2152132 kB
Committed_AS:   121565268 kB
VmallocTotal:   251658176 kB
VmallocUsed:      136116 kB
VmallocChunk:   251453996 kB
Time pass: 75 sec

---2015-12-05 14:07:44
MemTotal:        2873608 kB
MemFree:           67748 kB
Buffers:           17004 kB
Cached:           961660 kB
SwapCached:           12 kB
Active:          1335252 kB
Inactive:         693184 kB
Active(anon):     851100 kB
Inactive(anon):   212792 kB
Active(file):     484152 kB
Inactive(file):   480392 kB
Unevictable:       13568 kB
Mlocked:               0 kB
SwapTotal:        715328 kB
SwapFree:         708608 kB
Dirty:               136 kB
Writeback:             0 kB
AnonPages:       1063228 kB
Mapped:           644132 kB
Shmem:               552 kB
Slab:              98908 kB
SReclaimable:      32008 kB
SUnreclaim:        66900 kB
KernelStack:       39744 kB
PageTables:        51664 kB
NFS_Unstable:          0 kB
Bounce:                0 kB
WritebackTmp:          0 kB
CommitLimit:     2152132 kB
Committed_AS:   121609136 kB
VmallocTotal:   251658176 kB
VmallocUsed:      138548 kB
VmallocChunk:   251453996 kB
Time pass: 79 sec

---2015-12-05 14:07:44
MemTotal:        2873608 kB
MemFree:           68708 kB
Buffers:           16876 kB
Cached:           933984 kB
SwapCached:           12 kB
Active:          1319868 kB
Inactive:         680356 kB
Active(anon):     850708 kB
Inactive(anon):   212992 kB
Active(file):     469160 kB
Inactive(file):   467364 kB
Unevictable:       13568 kB
Mlocked:               0 kB
SwapTotal:        715328 kB
SwapFree:         707664 kB
Dirty:                40 kB
Writeback:             0 kB
AnonPages:       1063156 kB
Mapped:           644036 kB
Shmem:               692 kB
Slab:              99192 kB
SReclaimable:      32056 kB
SUnreclaim:        67136 kB
KernelStack:       39712 kB
PageTables:        51808 kB
NFS_Unstable:          0 kB
Bounce:                0 kB
WritebackTmp:          0 kB
CommitLimit:     2152132 kB
Committed_AS:   121609044 kB
VmallocTotal:   251658176 kB
VmallocUsed:      138548 kB
VmallocChunk:   251453996 kB
Time pass: 82 sec

---2015-12-05 14:07:44
MemTotal:        2873608 kB
MemFree:           64536 kB
Buffers:           16900 kB
Cached:           934836 kB
SwapCached:           12 kB
Active:          1322812 kB
Inactive:         681280 kB
Active(anon):     853636 kB
Inactive(anon):   213048 kB
Active(file):     469176 kB
Inactive(file):   468232 kB
Unevictable:       13568 kB
Mlocked:               0 kB
SwapTotal:        715328 kB
SwapFree:         707664 kB
Dirty:                76 kB
Writeback:             0 kB
AnonPages:       1065916 kB
Mapped:           644184 kB
Shmem:               752 kB
Slab:              99020 kB
SReclaimable:      32056 kB
SUnreclaim:        66964 kB
KernelStack:       39680 kB
PageTables:        51820 kB
NFS_Unstable:          0 kB
Bounce:                0 kB
WritebackTmp:          0 kB
CommitLimit:     2152132 kB
Committed_AS:   121609028 kB
VmallocTotal:   251658176 kB
VmallocUsed:      138548 kB
VmallocChunk:   251453996 kB
Time pass: 86 sec

---2015-12-05 14:07:44
MemTotal:        2873608 kB
MemFree:           66060 kB
Buffers:           16916 kB
Cached:           935060 kB
SwapCached:           12 kB
Active:          1322704 kB
Inactive:         680636 kB
Active(anon):     852636 kB
Inactive(anon):   213272 kB
Active(file):     470068 kB
Inactive(file):   467364 kB
Unevictable:       13568 kB
Mlocked:               0 kB
SwapTotal:        715328 kB
SwapFree:         707664 kB
Dirty:                60 kB
Writeback:             0 kB
AnonPages:       1065020 kB
Mapped:           643388 kB
Shmem:               976 kB
Slab:              99032 kB
SReclaimable:      32056 kB
SUnreclaim:        66976 kB
KernelStack:       39456 kB
PageTables:        51384 kB
NFS_Unstable:          0 kB
Bounce:                0 kB
WritebackTmp:          0 kB
CommitLimit:     2152132 kB
Committed_AS:   120372888 kB
VmallocTotal:   251658176 kB
VmallocUsed:      137528 kB
VmallocChunk:   251453996 kB
Time pass: 90 sec

---2015-12-05 14:07:44
MemTotal:        2873608 kB
MemFree:           66132 kB
Buffers:           16916 kB
Cached:           935072 kB
SwapCached:           12 kB
Active:          1322668 kB
Inactive:         680648 kB
Active(anon):     852600 kB
Inactive(anon):   213284 kB
Active(file):     470068 kB
Inactive(file):   467364 kB
Unevictable:       13568 kB
Mlocked:               0 kB
SwapTotal:        715328 kB
SwapFree:         707664 kB
Dirty:                60 kB
Writeback:             0 kB
AnonPages:       1064916 kB
Mapped:           643448 kB
Shmem:               988 kB
Slab:              99028 kB
SReclaimable:      32056 kB
SUnreclaim:        66972 kB
KernelStack:       39424 kB
PageTables:        51416 kB
NFS_Unstable:          0 kB
Bounce:                0 kB
WritebackTmp:          0 kB
CommitLimit:     2152132 kB
Committed_AS:   120372760 kB
VmallocTotal:   251658176 kB
VmallocUsed:      137528 kB
VmallocChunk:   251453996 kB
Time pass: 94 sec

---2015-12-05 14:07:44
MemTotal:        2873608 kB
MemFree:           84620 kB
Buffers:           16704 kB
Cached:           931812 kB
SwapCached:           12 kB
Active:          1313364 kB
Inactive:         675068 kB
Active(anon):     840388 kB
Inactive(anon):   213548 kB
Active(file):     472976 kB
Inactive(file):   461520 kB
Unevictable:       13568 kB
Mlocked:               0 kB
SwapTotal:        715328 kB
SwapFree:         707444 kB
Dirty:                48 kB
Writeback:             4 kB
AnonPages:       1053512 kB
Mapped:           640464 kB
Shmem:               420 kB
Slab:              99060 kB
SReclaimable:      32008 kB
SUnreclaim:        67052 kB
KernelStack:       39040 kB
PageTables:        50812 kB
NFS_Unstable:          0 kB
Bounce:                0 kB
WritebackTmp:          0 kB
CommitLimit:     2152132 kB
Committed_AS:   120346028 kB
VmallocTotal:   251658176 kB
VmallocUsed:      137504 kB
VmallocChunk:   251453996 kB
Time pass: 98 sec

---2015-12-05 14:07:44
MemTotal:        2873608 kB
MemFree:          347576 kB
Buffers:           14928 kB
Cached:           902644 kB
SwapCached:           12 kB
Active:          1201828 kB
Inactive:         655136 kB
Active(anon):     743776 kB
Inactive(anon):   209524 kB
Active(file):     458052 kB
Inactive(file):   445612 kB
Unevictable:       13568 kB
Mlocked:               0 kB
SwapTotal:        715328 kB
SwapFree:         703996 kB
Dirty:               380 kB
Writeback:             0 kB
AnonPages:        953168 kB
Mapped:           472524 kB
Shmem:               284 kB
Slab:              98840 kB
SReclaimable:      32036 kB
SUnreclaim:        66804 kB
KernelStack:       37312 kB
PageTables:        48612 kB
NFS_Unstable:          0 kB
Bounce:                0 kB
WritebackTmp:          0 kB
CommitLimit:     2152132 kB
Committed_AS:   116609216 kB
VmallocTotal:   251658176 kB
VmallocUsed:      134528 kB
VmallocChunk:   251453996 kB
Time pass: 101 sec

---2015-12-05 14:07:44
MemTotal:        2873608 kB
MemFree:          347548 kB
Buffers:           14936 kB
Cached:           903176 kB
SwapCached:           36 kB
Active:          1201756 kB
Inactive:         655412 kB
Active(anon):     743480 kB
Inactive(anon):   209544 kB
Active(file):     458276 kB
Inactive(file):   445868 kB
Unevictable:       13568 kB
Mlocked:               0 kB
SwapTotal:        715328 kB
SwapFree:         703996 kB
Dirty:                 0 kB
Writeback:             0 kB
AnonPages:        952624 kB
Mapped:           472640 kB
Shmem:               284 kB
Slab:              98852 kB
SReclaimable:      32052 kB
SUnreclaim:        66800 kB
KernelStack:       37248 kB
PageTables:        48724 kB
NFS_Unstable:          0 kB
Bounce:                0 kB
WritebackTmp:          0 kB
CommitLimit:     2152132 kB
Committed_AS:   116610320 kB
VmallocTotal:   251658176 kB
VmallocUsed:      134528 kB
VmallocChunk:   251453996 kB
Time pass: 105 sec

---2015-12-05 14:07:44
MemTotal:        2873608 kB
MemFree:          263924 kB
Buffers:           15316 kB
Cached:           913724 kB
SwapCached:           36 kB
Active:          1279708 kB
Inactive:         652652 kB
Active(anon):     807560 kB
Inactive(anon):   210748 kB
Active(file):     472148 kB
Inactive(file):   441904 kB
Unevictable:       13568 kB
Mlocked:               0 kB
SwapTotal:        715328 kB
SwapFree:         703996 kB
Dirty:               912 kB
Writeback:             0 kB
AnonPages:       1011392 kB
Mapped:           521824 kB
Shmem:              1492 kB
Slab:              98816 kB
SReclaimable:      31972 kB
SUnreclaim:        66844 kB
KernelStack:       38672 kB
PageTables:        50372 kB
NFS_Unstable:          0 kB
Bounce:                0 kB
WritebackTmp:          0 kB
CommitLimit:     2152132 kB
Committed_AS:   119179436 kB
VmallocTotal:   251658176 kB
VmallocUsed:      136484 kB
VmallocChunk:   251453996 kB
Time pass: 110 sec

---2015-12-05 14:07:44
MemTotal:        2873608 kB
MemFree:          186540 kB
Buffers:           15316 kB
Cached:           916584 kB
SwapCached:           36 kB
Active:          1282592 kB
Inactive:         653364 kB
Active(anon):     808488 kB
Inactive(anon):   209676 kB
Active(file):     474104 kB
Inactive(file):   443688 kB
Unevictable:       13568 kB
Mlocked:               0 kB
SwapTotal:        715328 kB
SwapFree:         703996 kB
Dirty:              2196 kB
Writeback:             0 kB
AnonPages:       1017872 kB
Mapped:           587032 kB
Shmem:               420 kB
Slab:              98804 kB
SReclaimable:      31972 kB
SUnreclaim:        66832 kB
KernelStack:       38672 kB
PageTables:        50544 kB
NFS_Unstable:          0 kB
Bounce:                0 kB
WritebackTmp:          0 kB
CommitLimit:     2152132 kB
Committed_AS:   119183216 kB
VmallocTotal:   251658176 kB
VmallocUsed:      134652 kB
VmallocChunk:   251453996 kB
Time pass: 113 sec

---2015-12-05 14:07:44
MemTotal:        2873608 kB
MemFree:          184160 kB
Buffers:           15332 kB
Cached:           917136 kB
SwapCached:           36 kB
Active:          1284268 kB
Inactive:         653988 kB
Active(anon):     810100 kB
Inactive(anon):   209676 kB
Active(file):     474168 kB
Inactive(file):   444312 kB
Unevictable:       13568 kB
Mlocked:               0 kB
SwapTotal:        715328 kB
SwapFree:         703996 kB
Dirty:               148 kB
Writeback:             0 kB
AnonPages:       1019560 kB
Mapped:           587220 kB
Shmem:               420 kB
Slab:              98852 kB
SReclaimable:      31972 kB
SUnreclaim:        66880 kB
KernelStack:       38736 kB
PageTables:        50552 kB
NFS_Unstable:          0 kB
Bounce:                0 kB
WritebackTmp:          0 kB
CommitLimit:     2152132 kB
Committed_AS:   119184120 kB
VmallocTotal:   251658176 kB
VmallocUsed:      134652 kB
VmallocChunk:   251453996 kB
Time pass: 117 sec

---2015-12-05 14:07:44
MemTotal:        2873608 kB
MemFree:          167004 kB
Buffers:           15340 kB
Cached:           917272 kB
SwapCached:           36 kB
Active:          1286376 kB
Inactive:         653928 kB
Active(anon):     812004 kB
Inactive(anon):   209676 kB
Active(file):     474372 kB
Inactive(file):   444252 kB
Unevictable:       13568 kB
Mlocked:               0 kB
SwapTotal:        715328 kB
SwapFree:         703996 kB
Dirty:               208 kB
Writeback:             0 kB
AnonPages:       1021152 kB
Mapped:           597056 kB
Shmem:               420 kB
Slab:              98824 kB
SReclaimable:      31972 kB
SUnreclaim:        66852 kB
KernelStack:       38720 kB
PageTables:        50600 kB
NFS_Unstable:          0 kB
Bounce:                0 kB
WritebackTmp:          0 kB
CommitLimit:     2152132 kB
Committed_AS:   119184280 kB
VmallocTotal:   251658176 kB
VmallocUsed:      134760 kB
VmallocChunk:   251453996 kB
Time pass: 121 sec

---2015-12-05 14:07:44
MemTotal:        2873608 kB
MemFree:          134672 kB
Buffers:           15348 kB
Cached:           917280 kB
SwapCached:           36 kB
Active:          1292904 kB
Inactive:         653924 kB
Active(anon):     818512 kB
Inactive(anon):   209676 kB
Active(file):     474392 kB
Inactive(file):   444248 kB
Unevictable:       13568 kB
Mlocked:               0 kB
SwapTotal:        715328 kB
SwapFree:         703996 kB
Dirty:               496 kB
Writeback:             0 kB
AnonPages:       1027772 kB
Mapped:           610696 kB
Shmem:               416 kB
Slab:              98824 kB
SReclaimable:      31972 kB
SUnreclaim:        66852 kB
KernelStack:       38704 kB
PageTables:        50572 kB
NFS_Unstable:          0 kB
Bounce:                0 kB
WritebackTmp:          0 kB
CommitLimit:     2152132 kB
Committed_AS:   119184644 kB
VmallocTotal:   251658176 kB
VmallocUsed:      134920 kB
VmallocChunk:   251453996 kB
Time pass: 125 sec

---2015-12-05 14:07:44
MemTotal:        2873608 kB
MemFree:          134916 kB
Buffers:           15356 kB
Cached:           917328 kB
SwapCached:           36 kB
Active:          1292592 kB
Inactive:         653976 kB
Active(anon):     818196 kB
Inactive(anon):   209676 kB
Active(file):     474396 kB
Inactive(file):   444300 kB
Unevictable:       13568 kB
Mlocked:               0 kB
SwapTotal:        715328 kB
SwapFree:         703996 kB
Dirty:                 0 kB
Writeback:             0 kB
AnonPages:       1027424 kB
Mapped:           610888 kB
Shmem:               420 kB
Slab:              98824 kB
SReclaimable:      31972 kB
SUnreclaim:        66852 kB
KernelStack:       38736 kB
PageTables:        50592 kB
NFS_Unstable:          0 kB
Bounce:                0 kB
WritebackTmp:          0 kB
CommitLimit:     2152132 kB
Committed_AS:   119184884 kB
VmallocTotal:   251658176 kB
VmallocUsed:      134920 kB
VmallocChunk:   251453996 kB
Time pass: 129 sec

---2015-12-05 14:07:44
MemTotal:        2873608 kB
MemFree:          137080 kB
Buffers:           16916 kB
Cached:           917352 kB
SwapCached:           36 kB
Active:          1288916 kB
Inactive:         655492 kB
Active(anon):     814512 kB
Inactive(anon):   209676 kB
Active(file):     474404 kB
Inactive(file):   445816 kB
Unevictable:       13568 kB
Mlocked:               0 kB
SwapTotal:        715328 kB
SwapFree:         703996 kB
Dirty:                80 kB
Writeback:             0 kB
AnonPages:       1023808 kB
Mapped:           610904 kB
Shmem:               420 kB
Slab:              98792 kB
SReclaimable:      31972 kB
SUnreclaim:        66820 kB
KernelStack:       38704 kB
PageTables:        50592 kB
NFS_Unstable:          0 kB
Bounce:                0 kB
WritebackTmp:          0 kB
CommitLimit:     2152132 kB
Committed_AS:   119184900 kB
VmallocTotal:   251658176 kB
VmallocUsed:      134920 kB
VmallocChunk:   251453996 kB
Time pass: 134 sec

---2015-12-05 14:07:44
MemTotal:        2873608 kB
MemFree:          127132 kB
Buffers:           16948 kB
Cached:           917352 kB
SwapCached:           36 kB
Active:          1297588 kB
Inactive:         655444 kB
Active(anon):     823044 kB
Inactive(anon):   209676 kB
Active(file):     474544 kB
Inactive(file):   445768 kB
Unevictable:       13568 kB
Mlocked:               0 kB
SwapTotal:        715328 kB
SwapFree:         703996 kB
Dirty:                64 kB
Writeback:             0 kB
AnonPages:       1032336 kB
Mapped:           618376 kB
Shmem:               420 kB
Slab:              98824 kB
SReclaimable:      31972 kB
SUnreclaim:        66852 kB
KernelStack:       39072 kB
PageTables:        51220 kB
NFS_Unstable:          0 kB
Bounce:                0 kB
WritebackTmp:          0 kB
CommitLimit:     2152132 kB
Committed_AS:   120968052 kB
VmallocTotal:   251658176 kB
VmallocUsed:      135940 kB
VmallocChunk:   251453996 kB
Time pass: 140 sec

---2015-12-05 14:07:44
MemTotal:        2873608 kB
MemFree:          132208 kB
Buffers:           16988 kB
Cached:           917568 kB
SwapCached:           36 kB
Active:          1292848 kB
Inactive:         651492 kB
Active(anon):     814140 kB
Inactive(anon):   209816 kB
Active(file):     478708 kB
Inactive(file):   441676 kB
Unevictable:       13568 kB
Mlocked:               0 kB
SwapTotal:        715328 kB
SwapFree:         703996 kB
Dirty:                64 kB
Writeback:             0 kB
AnonPages:       1023580 kB
Mapped:           612236 kB
Shmem:               612 kB
Slab:              98792 kB
SReclaimable:      31972 kB
SUnreclaim:        66820 kB
KernelStack:       39008 kB
PageTables:        50724 kB
NFS_Unstable:          0 kB
Bounce:                0 kB
WritebackTmp:          0 kB
CommitLimit:     2152132 kB
Committed_AS:   119756528 kB
VmallocTotal:   251658176 kB
VmallocUsed:      137192 kB
VmallocChunk:   251453996 kB
Time pass: 146 sec

---2015-12-05 14:07:44
MemTotal:        2873608 kB
MemFree:          130448 kB
Buffers:           16996 kB
Cached:           917672 kB
SwapCached:           36 kB
Active:          1293496 kB
Inactive:         651608 kB
Active(anon):     814772 kB
Inactive(anon):   209940 kB
Active(file):     478724 kB
Inactive(file):   441668 kB
Unevictable:       13568 kB
Mlocked:               0 kB
SwapTotal:        715328 kB
SwapFree:         703996 kB
Dirty:                40 kB
Writeback:             0 kB
AnonPages:       1024068 kB
Mapped:           612424 kB
Shmem:               716 kB
Slab:              98808 kB
SReclaimable:      31988 kB
SUnreclaim:        66820 kB
KernelStack:       39040 kB
PageTables:        50796 kB
NFS_Unstable:          0 kB
Bounce:                0 kB
WritebackTmp:          0 kB
CommitLimit:     2152132 kB
Committed_AS:   119756556 kB
VmallocTotal:   251658176 kB
VmallocUsed:      137192 kB
VmallocChunk:   251453996 kB
Time pass: 150 sec

---2015-12-05 14:07:44
MemTotal:        2873608 kB
MemFree:          129392 kB
Buffers:           16996 kB
Cached:           917720 kB
SwapCached:           36 kB
Active:          1293980 kB
Inactive:         651676 kB
Active(anon):     815256 kB
Inactive(anon):   210008 kB
Active(file):     478724 kB
Inactive(file):   441668 kB
Unevictable:       13568 kB
Mlocked:               0 kB
SwapTotal:        715328 kB
SwapFree:         703996 kB
Dirty:                 8 kB
Writeback:             0 kB
AnonPages:       1024584 kB
Mapped:           612468 kB
Shmem:               756 kB
Slab:              98824 kB
SReclaimable:      32004 kB
SUnreclaim:        66820 kB
KernelStack:       38784 kB
PageTables:        50792 kB
NFS_Unstable:          0 kB
Bounce:                0 kB
WritebackTmp:          0 kB
CommitLimit:     2152132 kB
Committed_AS:   119756556 kB
VmallocTotal:   251658176 kB
VmallocUsed:      137192 kB
VmallocChunk:   251453996 kB
Time pass: 154 sec

---2015-12-05 14:07:44
MemTotal:        2873608 kB
MemFree:          139420 kB
Buffers:           17004 kB
Cached:           917512 kB
SwapCached:           36 kB
Active:          1285348 kB
Inactive:         651400 kB
Active(anon):     806476 kB
Inactive(anon):   209860 kB
Active(file):     478872 kB
Inactive(file):   441540 kB
Unevictable:       13568 kB
Mlocked:               0 kB
SwapTotal:        715328 kB
SwapFree:         703996 kB
Dirty:                12 kB
Writeback:             0 kB
AnonPages:       1015472 kB
Mapped:           612044 kB
Shmem:               536 kB
Slab:              98824 kB
SReclaimable:      32004 kB
SUnreclaim:        66820 kB
KernelStack:       38752 kB
PageTables:        50792 kB
NFS_Unstable:          0 kB
Bounce:                0 kB
WritebackTmp:          0 kB
CommitLimit:     2152132 kB
Committed_AS:   119729148 kB
VmallocTotal:   251658176 kB
VmallocUsed:      137192 kB
VmallocChunk:   251453996 kB
Time pass: 158 sec

---2015-12-05 14:07:44
MemTotal:        2873608 kB
MemFree:          140212 kB
Buffers:           17004 kB
Cached:           917400 kB
SwapCached:           36 kB
Active:          1285360 kB
Inactive:         651184 kB
Active(anon):     806452 kB
Inactive(anon):   209676 kB
Active(file):     478908 kB
Inactive(file):   441508 kB
Unevictable:       13568 kB
Mlocked:               0 kB
SwapTotal:        715328 kB
SwapFree:         703996 kB
Dirty:                 0 kB
Writeback:             0 kB
AnonPages:       1015820 kB
Mapped:           612072 kB
Shmem:               420 kB
Slab:              98836 kB
SReclaimable:      32004 kB
SUnreclaim:        66832 kB
KernelStack:       38416 kB
PageTables:        50580 kB
NFS_Unstable:          0 kB
Bounce:                0 kB
WritebackTmp:          0 kB
CommitLimit:     2152132 kB
Committed_AS:   119729064 kB
VmallocTotal:   251658176 kB
VmallocUsed:      137176 kB
VmallocChunk:   251453996 kB
Time pass: 162 sec

---2015-12-05 14:07:44
MemTotal:        2873608 kB
MemFree:          139800 kB
Buffers:           17012 kB
Cached:           917400 kB
SwapCached:           36 kB
Active:          1285552 kB
Inactive:         651188 kB
Active(anon):     806644 kB
Inactive(anon):   209676 kB
Active(file):     478908 kB
Inactive(file):   441512 kB
Unevictable:       13568 kB
Mlocked:               0 kB
SwapTotal:        715328 kB
SwapFree:         703996 kB
Dirty:                12 kB
Writeback:             0 kB
AnonPages:       1015856 kB
Mapped:           612108 kB
Shmem:               420 kB
Slab:              98836 kB
SReclaimable:      32004 kB
SUnreclaim:        66832 kB
KernelStack:       38432 kB
PageTables:        50588 kB
NFS_Unstable:          0 kB
Bounce:                0 kB
WritebackTmp:          0 kB
CommitLimit:     2152132 kB
Committed_AS:   119729024 kB
VmallocTotal:   251658176 kB
VmallocUsed:      137176 kB
VmallocChunk:   251453996 kB
Time pass: 165 sec

---2015-12-05 14:07:44
MemTotal:        2873608 kB
MemFree:          139548 kB
Buffers:           17012 kB
Cached:           917488 kB
SwapCached:           36 kB
Active:          1286152 kB
Inactive:         651252 kB
Active(anon):     807232 kB
Inactive(anon):   209680 kB
Active(file):     478920 kB
Inactive(file):   441572 kB
Unevictable:       13568 kB
Mlocked:               0 kB
SwapTotal:        715328 kB
SwapFree:         703996 kB
Dirty:                44 kB
Writeback:            32 kB
AnonPages:       1016644 kB
Mapped:           612124 kB
Shmem:               424 kB
Slab:              98836 kB
SReclaimable:      32004 kB
SUnreclaim:        66832 kB
KernelStack:       38432 kB
PageTables:        50588 kB
NFS_Unstable:          0 kB
Bounce:                0 kB
WritebackTmp:          0 kB
CommitLimit:     2152132 kB
Committed_AS:   119731040 kB
VmallocTotal:   251658176 kB
VmallocUsed:      137176 kB
VmallocChunk:   251453996 kB
Time pass: 169 sec

---2015-12-05 14:07:44
MemTotal:        2873608 kB
MemFree:          139104 kB
Buffers:           17012 kB
Cached:           917496 kB
SwapCached:           36 kB
Active:          1286440 kB
Inactive:         651276 kB
Active(anon):     807520 kB
Inactive(anon):   209680 kB
Active(file):     478920 kB
Inactive(file):   441596 kB
Unevictable:       13568 kB
Mlocked:               0 kB
SwapTotal:        715328 kB
SwapFree:         703996 kB
Dirty:                44 kB
Writeback:             0 kB
AnonPages:       1016720 kB
Mapped:           612272 kB
Shmem:               424 kB
Slab:              98740 kB
SReclaimable:      31908 kB
SUnreclaim:        66832 kB
KernelStack:       38352 kB
PageTables:        50580 kB
NFS_Unstable:          0 kB
Bounce:                0 kB
WritebackTmp:          0 kB
CommitLimit:     2152132 kB
Committed_AS:   119730944 kB
VmallocTotal:   251658176 kB
VmallocUsed:      134760 kB
VmallocChunk:   251453996 kB
Time pass: 173 sec

---2015-12-05 14:07:44
MemTotal:        2873608 kB
MemFree:          139108 kB
Buffers:           17036 kB
Cached:           917504 kB
SwapCached:           36 kB
Active:          1286480 kB
Inactive:         651300 kB
Active(anon):     807552 kB
Inactive(anon):   209680 kB
Active(file):     478928 kB
Inactive(file):   441620 kB
Unevictable:       13568 kB
Mlocked:               0 kB
SwapTotal:        715328 kB
SwapFree:         703996 kB
Dirty:                24 kB
Writeback:             0 kB
AnonPages:       1016828 kB
Mapped:           612212 kB
Shmem:               424 kB
Slab:              98740 kB
SReclaimable:      31908 kB
SUnreclaim:        66832 kB
KernelStack:       38304 kB
PageTables:        50548 kB
NFS_Unstable:          0 kB
Bounce:                0 kB
WritebackTmp:          0 kB
CommitLimit:     2152132 kB
Committed_AS:   119730816 kB
VmallocTotal:   251658176 kB
VmallocUsed:      134760 kB
VmallocChunk:   251453996 kB
Time pass: 177 sec

---2015-12-05 14:07:44
MemTotal:        2873608 kB
MemFree:          139248 kB
Buffers:           17036 kB
Cached:           917504 kB
SwapCached:           36 kB
Active:          1286364 kB
Inactive:         651300 kB
Active(anon):     807436 kB
Inactive(anon):   209680 kB
Active(file):     478928 kB
Inactive(file):   441620 kB
Unevictable:       13568 kB
Mlocked:               0 kB
SwapTotal:        715328 kB
SwapFree:         703996 kB
Dirty:                 0 kB
Writeback:             0 kB
AnonPages:       1016792 kB
Mapped:           612224 kB
Shmem:               424 kB
Slab:              98740 kB
SReclaimable:      31908 kB
SUnreclaim:        66832 kB
KernelStack:       38288 kB
PageTables:        50548 kB
NFS_Unstable:          0 kB
Bounce:                0 kB
WritebackTmp:          0 kB
CommitLimit:     2152132 kB
Committed_AS:   119730816 kB
VmallocTotal:   251658176 kB
VmallocUsed:      134760 kB
VmallocChunk:   251453996 kB
Time pass: 181 sec

---2015-12-05 14:07:44
MemTotal:        2873608 kB
MemFree:          139204 kB
Buffers:           17036 kB
Cached:           917504 kB
SwapCached:           36 kB
Active:          1286392 kB
Inactive:         651300 kB
Active(anon):     807464 kB
Inactive(anon):   209680 kB
Active(file):     478928 kB
Inactive(file):   441620 kB
Unevictable:       13568 kB
Mlocked:               0 kB
SwapTotal:        715328 kB
SwapFree:         703996 kB
Dirty:                 0 kB
Writeback:             0 kB
AnonPages:       1016808 kB
Mapped:           612316 kB
Shmem:               424 kB
Slab:              98740 kB
SReclaimable:      31908 kB
SUnreclaim:        66832 kB
KernelStack:       38288 kB
PageTables:        50580 kB
NFS_Unstable:          0 kB
Bounce:                0 kB
WritebackTmp:          0 kB
CommitLimit:     2152132 kB
Committed_AS:   119730792 kB
VmallocTotal:   251658176 kB
VmallocUsed:      134760 kB
VmallocChunk:   251453996 kB
Time pass: 185 sec

---2015-12-05 14:07:44
MemTotal:        2873608 kB
MemFree:          139400 kB
Buffers:           17036 kB
Cached:           917504 kB
SwapCached:           36 kB
Active:          1286500 kB
Inactive:         651300 kB
Active(anon):     807572 kB
Inactive(anon):   209680 kB
Active(file):     478928 kB
Inactive(file):   441620 kB
Unevictable:       13568 kB
Mlocked:               0 kB
SwapTotal:        715328 kB
SwapFree:         703996 kB
Dirty:                 0 kB
Writeback:             0 kB
AnonPages:       1016680 kB
Mapped:           612320 kB
Shmem:               424 kB
Slab:              98740 kB
SReclaimable:      31908 kB
SUnreclaim:        66832 kB
KernelStack:       38288 kB
PageTables:        50576 kB
NFS_Unstable:          0 kB
Bounce:                0 kB
WritebackTmp:          0 kB
CommitLimit:     2152132 kB
Committed_AS:   119730792 kB
VmallocTotal:   251658176 kB
VmallocUsed:      134760 kB
VmallocChunk:   251453996 kB
Time pass: 188 sec

---2015-12-05 14:07:44
MemTotal:        2873608 kB
MemFree:          118280 kB
Buffers:           17084 kB
Cached:           918084 kB
SwapCached:           36 kB
Active:          1307080 kB
Inactive:         651912 kB
Active(anon):     828140 kB
Inactive(anon):   209796 kB
Active(file):     478940 kB
Inactive(file):   442116 kB
Unevictable:       13568 kB
Mlocked:               0 kB
SwapTotal:        715328 kB
SwapFree:         703996 kB
Dirty:                76 kB
Writeback:             0 kB
AnonPages:       1037256 kB
Mapped:           614200 kB
Shmem:               544 kB
Slab:              98760 kB
SReclaimable:      31908 kB
SUnreclaim:        66852 kB
KernelStack:       38640 kB
PageTables:        50768 kB
NFS_Unstable:          0 kB
Bounce:                0 kB
WritebackTmp:          0 kB
CommitLimit:     2152132 kB
Committed_AS:   119770696 kB
VmallocTotal:   251658176 kB
VmallocUsed:      137192 kB
VmallocChunk:   251453996 kB
Time pass: 192 sec

---2015-12-05 14:07:44
MemTotal:        2873608 kB
MemFree:          116604 kB
Buffers:           17100 kB
Cached:           918152 kB
SwapCached:           36 kB
Active:          1307720 kB
Inactive:         651996 kB
Active(anon):     828780 kB
Inactive(anon):   209864 kB
Active(file):     478940 kB
Inactive(file):   442132 kB
Unevictable:       13568 kB
Mlocked:               0 kB
SwapTotal:        715328 kB
SwapFree:         703996 kB
Dirty:                 0 kB
Writeback:             0 kB
AnonPages:       1038056 kB
Mapped:           614276 kB
Shmem:               612 kB
Slab:              98748 kB
SReclaimable:      31908 kB
SUnreclaim:        66840 kB
KernelStack:       38672 kB
PageTables:        50764 kB
NFS_Unstable:          0 kB
Bounce:                0 kB
WritebackTmp:          0 kB
CommitLimit:     2152132 kB
Committed_AS:   119770788 kB
VmallocTotal:   251658176 kB
VmallocUsed:      137192 kB
VmallocChunk:   251453996 kB
Time pass: 196 sec

---2015-12-05 14:07:44
MemTotal:        2873608 kB
MemFree:          115044 kB
Buffers:           17108 kB
Cached:           918168 kB
SwapCached:           36 kB
Active:          1308464 kB
Inactive:         652004 kB
Active(anon):     829524 kB
Inactive(anon):   209864 kB
Active(file):     478940 kB
Inactive(file):   442140 kB
Unevictable:       13568 kB
Mlocked:               0 kB
SwapTotal:        715328 kB
SwapFree:         703996 kB
Dirty:                44 kB
Writeback:             0 kB
AnonPages:       1038876 kB
Mapped:           614328 kB
Shmem:               628 kB
Slab:              98724 kB
SReclaimable:      31908 kB
SUnreclaim:        66816 kB
KernelStack:       38672 kB
PageTables:        50800 kB
NFS_Unstable:          0 kB
Bounce:                0 kB
WritebackTmp:          0 kB
CommitLimit:     2152132 kB
Committed_AS:   119770780 kB
VmallocTotal:   251658176 kB
VmallocUsed:      137192 kB
VmallocChunk:   251453996 kB
Time pass: 200 sec

---2015-12-05 14:07:44
MemTotal:        2873608 kB
MemFree:          118288 kB
Buffers:           17116 kB
Cached:           918176 kB
SwapCached:           36 kB
Active:          1305796 kB
Inactive:         652036 kB
Active(anon):     826856 kB
Inactive(anon):   209896 kB
Active(file):     478940 kB
Inactive(file):   442140 kB
Unevictable:       13568 kB
Mlocked:               0 kB
SwapTotal:        715328 kB
SwapFree:         703996 kB
Dirty:                44 kB
Writeback:             0 kB
AnonPages:       1036228 kB
Mapped:           614248 kB
Shmem:               644 kB
Slab:              98712 kB
SReclaimable:      31908 kB
SUnreclaim:        66804 kB
KernelStack:       38416 kB
PageTables:        50336 kB
NFS_Unstable:          0 kB
Bounce:                0 kB
WritebackTmp:          0 kB
CommitLimit:     2152132 kB
Committed_AS:   118534532 kB
VmallocTotal:   251658176 kB
VmallocUsed:      136172 kB
VmallocChunk:   251453996 kB
Time pass: 204 sec

---2015-12-05 14:07:44
MemTotal:        2873608 kB
MemFree:          118516 kB
Buffers:           17116 kB
Cached:           918184 kB
SwapCached:           36 kB
Active:          1305772 kB
Inactive:         652044 kB
Active(anon):     826832 kB
Inactive(anon):   209896 kB
Active(file):     478940 kB
Inactive(file):   442148 kB
Unevictable:       13568 kB
Mlocked:               0 kB
SwapTotal:        715328 kB
SwapFree:         703996 kB
Dirty:                 4 kB
Writeback:             0 kB
AnonPages:       1036200 kB
Mapped:           614168 kB
Shmem:               644 kB
Slab:              98712 kB
SReclaimable:      31908 kB
SUnreclaim:        66804 kB
KernelStack:       38416 kB
PageTables:        50308 kB
NFS_Unstable:          0 kB
Bounce:                0 kB
WritebackTmp:          0 kB
CommitLimit:     2152132 kB
Committed_AS:   118534556 kB
VmallocTotal:   251658176 kB
VmallocUsed:      136172 kB
VmallocChunk:   251453996 kB
Time pass: 208 sec

---2015-12-05 14:07:44
MemTotal:        2873608 kB
MemFree:          117864 kB
Buffers:           17116 kB
Cached:           918184 kB
SwapCached:           36 kB
Active:          1305892 kB
Inactive:         652044 kB
Active(anon):     826952 kB
Inactive(anon):   209896 kB
Active(file):     478940 kB
Inactive(file):   442148 kB
Unevictable:       13568 kB
Mlocked:               0 kB
SwapTotal:        715328 kB
SwapFree:         703996 kB
Dirty:                 0 kB
Writeback:             0 kB
AnonPages:       1036356 kB
Mapped:           614176 kB
Shmem:               644 kB
Slab:              98712 kB
SReclaimable:      31908 kB
SUnreclaim:        66804 kB
KernelStack:       38416 kB
PageTables:        50304 kB
NFS_Unstable:          0 kB
Bounce:                0 kB
WritebackTmp:          0 kB
CommitLimit:     2152132 kB
Committed_AS:   118534544 kB
VmallocTotal:   251658176 kB
VmallocUsed:      136172 kB
VmallocChunk:   251453996 kB
Time pass: 211 sec

---2015-12-05 14:07:44
MemTotal:        2873608 kB
MemFree:          118324 kB
Buffers:           17116 kB
Cached:           918184 kB
SwapCached:           36 kB
Active:          1305848 kB
Inactive:         652044 kB
Active(anon):     826908 kB
Inactive(anon):   209896 kB
Active(file):     478940 kB
Inactive(file):   442148 kB
Unevictable:       13568 kB
Mlocked:               0 kB
SwapTotal:        715328 kB
SwapFree:         703996 kB
Dirty:                 0 kB
Writeback:             0 kB
AnonPages:       1036228 kB
Mapped:           614188 kB
Shmem:               644 kB
Slab:              98708 kB
SReclaimable:      31908 kB
SUnreclaim:        66800 kB
KernelStack:       38416 kB
PageTables:        50304 kB
NFS_Unstable:          0 kB
Bounce:                0 kB
WritebackTmp:          0 kB
CommitLimit:     2152132 kB
Committed_AS:   118534548 kB
VmallocTotal:   251658176 kB
VmallocUsed:      136172 kB
VmallocChunk:   251453996 kB
Time pass: 215 sec

---2015-12-05 14:07:44
MemTotal:        2873608 kB
MemFree:          118112 kB
Buffers:           17116 kB
Cached:           918184 kB
SwapCached:           36 kB
Active:          1305908 kB
Inactive:         652044 kB
Active(anon):     826968 kB
Inactive(anon):   209896 kB
Active(file):     478940 kB
Inactive(file):   442148 kB
Unevictable:       13568 kB
Mlocked:               0 kB
SwapTotal:        715328 kB
SwapFree:         703996 kB
Dirty:                 0 kB
Writeback:             0 kB
AnonPages:       1036316 kB
Mapped:           614116 kB
Shmem:               644 kB
Slab:              98708 kB
SReclaimable:      31908 kB
SUnreclaim:        66800 kB
KernelStack:       38416 kB
PageTables:        50280 kB
NFS_Unstable:          0 kB
Bounce:                0 kB
WritebackTmp:          0 kB
CommitLimit:     2152132 kB
Committed_AS:   118534552 kB
VmallocTotal:   251658176 kB
VmallocUsed:      136172 kB
VmallocChunk:   251453996 kB
Time pass: 219 sec

---2015-12-05 14:07:44
MemTotal:        2873608 kB
MemFree:          117936 kB
Buffers:           17116 kB
Cached:           918184 kB
SwapCached:           36 kB
Active:          1306256 kB
Inactive:         652044 kB
Active(anon):     827316 kB
Inactive(anon):   209896 kB
Active(file):     478940 kB
Inactive(file):   442148 kB
Unevictable:       13568 kB
Mlocked:               0 kB
SwapTotal:        715328 kB
SwapFree:         703996 kB
Dirty:                 0 kB
Writeback:             0 kB
AnonPages:       1036472 kB
Mapped:           614204 kB
Shmem:               644 kB
Slab:              98716 kB
SReclaimable:      31908 kB
SUnreclaim:        66808 kB
KernelStack:       38400 kB
PageTables:        50272 kB
NFS_Unstable:          0 kB
Bounce:                0 kB
WritebackTmp:          0 kB
CommitLimit:     2152132 kB
Committed_AS:   118534564 kB
VmallocTotal:   251658176 kB
VmallocUsed:      136172 kB
VmallocChunk:   251453996 kB
Time pass: 223 sec

---2015-12-05 14:07:44
MemTotal:        2873608 kB
MemFree:          117664 kB
Buffers:           17124 kB
Cached:           918176 kB
SwapCached:           36 kB
Active:          1306292 kB
Inactive:         652044 kB
Active(anon):     827352 kB
Inactive(anon):   209896 kB
Active(file):     478940 kB
Inactive(file):   442148 kB
Unevictable:       13568 kB
Mlocked:               0 kB
SwapTotal:        715328 kB
SwapFree:         703996 kB
Dirty:                 0 kB
Writeback:             0 kB
AnonPages:       1036892 kB
Mapped:           614220 kB
Shmem:               644 kB
Slab:              98720 kB
SReclaimable:      31908 kB
SUnreclaim:        66812 kB
KernelStack:       38400 kB
PageTables:        50272 kB
NFS_Unstable:          0 kB
Bounce:                0 kB
WritebackTmp:          0 kB
CommitLimit:     2152132 kB
Committed_AS:   118534556 kB
VmallocTotal:   251658176 kB
VmallocUsed:      136172 kB
VmallocChunk:   251453996 kB
Time pass: 227 sec

---2015-12-05 14:07:44
MemTotal:        2873608 kB
MemFree:          116192 kB
Buffers:           17164 kB
Cached:           918120 kB
SwapCached:           36 kB
Active:          1308084 kB
Inactive:         652024 kB
Active(anon):     829144 kB
Inactive(anon):   209828 kB
Active(file):     478940 kB
Inactive(file):   442196 kB
Unevictable:       13568 kB
Mlocked:               0 kB
SwapTotal:        715328 kB
SwapFree:         703996 kB
Dirty:               164 kB
Writeback:             0 kB
AnonPages:       1038256 kB
Mapped:           614180 kB
Shmem:               580 kB
Slab:              98704 kB
SReclaimable:      31908 kB
SUnreclaim:        66796 kB
KernelStack:       38416 kB
PageTables:        50300 kB
NFS_Unstable:          0 kB
Bounce:                0 kB
WritebackTmp:          0 kB
CommitLimit:     2152132 kB
Committed_AS:   118546900 kB
VmallocTotal:   251658176 kB
VmallocUsed:      136172 kB
VmallocChunk:   251453996 kB
Time pass: 230 sec

---2015-12-05 14:07:44
MemTotal:        2873608 kB
MemFree:          117012 kB
Buffers:           17164 kB
Cached:           918128 kB
SwapCached:           36 kB
Active:          1306776 kB
Inactive:         652032 kB
Active(anon):     827836 kB
Inactive(anon):   209836 kB
Active(file):     478940 kB
Inactive(file):   442196 kB
Unevictable:       13568 kB
Mlocked:               0 kB
SwapTotal:        715328 kB
SwapFree:         703996 kB
Dirty:                 0 kB
Writeback:             0 kB
AnonPages:       1036956 kB
Mapped:           614192 kB
Shmem:               588 kB
Slab:              98720 kB
SReclaimable:      31908 kB
SUnreclaim:        66812 kB
KernelStack:       38416 kB
PageTables:        50300 kB
NFS_Unstable:          0 kB
Bounce:                0 kB
WritebackTmp:          0 kB
CommitLimit:     2152132 kB
Committed_AS:   118546916 kB
VmallocTotal:   251658176 kB
VmallocUsed:      136172 kB
VmallocChunk:   251453996 kB
Time pass: 234 sec

---2015-12-05 14:07:44
MemTotal:        2873608 kB
MemFree:          116764 kB
Buffers:           17188 kB
Cached:           918136 kB
SwapCached:           36 kB
Active:          1307016 kB
Inactive:         652060 kB
Active(anon):     828072 kB
Inactive(anon):   209844 kB
Active(file):     478944 kB
Inactive(file):   442216 kB
Unevictable:       13568 kB
Mlocked:               0 kB
SwapTotal:        715328 kB
SwapFree:         703996 kB
Dirty:                52 kB
Writeback:             0 kB
AnonPages:       1037144 kB
Mapped:           614204 kB
Shmem:               596 kB
Slab:              98740 kB
SReclaimable:      31940 kB
SUnreclaim:        66800 kB
KernelStack:       38416 kB
PageTables:        50304 kB
NFS_Unstable:          0 kB
Bounce:                0 kB
WritebackTmp:          0 kB
CommitLimit:     2152132 kB
Committed_AS:   118546892 kB
VmallocTotal:   251658176 kB
VmallocUsed:      136172 kB
VmallocChunk:   251453996 kB
Time pass: 238 sec

---2015-12-05 14:07:44
MemTotal:        2873608 kB
MemFree:          116816 kB
Buffers:           17204 kB
Cached:           918132 kB
SwapCached:           36 kB
Active:          1307136 kB
Inactive:         652072 kB
Active(anon):     828192 kB
Inactive(anon):   209848 kB
Active(file):     478944 kB
Inactive(file):   442224 kB
Unevictable:       13568 kB
Mlocked:               0 kB
SwapTotal:        715328 kB
SwapFree:         703996 kB
Dirty:                64 kB
Writeback:             0 kB
AnonPages:       1037492 kB
Mapped:           614216 kB
Shmem:               600 kB
Slab:              98736 kB
SReclaimable:      31940 kB
SUnreclaim:        66796 kB
KernelStack:       38416 kB
PageTables:        50304 kB
NFS_Unstable:          0 kB
Bounce:                0 kB
WritebackTmp:          0 kB
CommitLimit:     2152132 kB
Committed_AS:   118546904 kB
VmallocTotal:   251658176 kB
VmallocUsed:      136172 kB
VmallocChunk:   251453996 kB
Time pass: 242 sec

---2015-12-05 14:07:44
MemTotal:        2873608 kB
MemFree:          116252 kB
Buffers:           17204 kB
Cached:           918140 kB
SwapCached:           36 kB
Active:          1307376 kB
Inactive:         652080 kB
Active(anon):     828432 kB
Inactive(anon):   209848 kB
Active(file):     478944 kB
Inactive(file):   442232 kB
Unevictable:       13568 kB
Mlocked:               0 kB
SwapTotal:        715328 kB
SwapFree:         703996 kB
Dirty:                24 kB
Writeback:             0 kB
AnonPages:       1037700 kB
Mapped:           614224 kB
Shmem:               600 kB
Slab:              98748 kB
SReclaimable:      31940 kB
SUnreclaim:        66808 kB
KernelStack:       38416 kB
PageTables:        50304 kB
NFS_Unstable:          0 kB
Bounce:                0 kB
WritebackTmp:          0 kB
CommitLimit:     2152132 kB
Committed_AS:   118546900 kB
VmallocTotal:   251658176 kB
VmallocUsed:      136172 kB
VmallocChunk:   251453996 kB
Time pass: 246 sec

---2015-12-05 14:07:44
MemTotal:        2873608 kB
MemFree:          116288 kB
Buffers:           17236 kB
Cached:           918140 kB
SwapCached:           36 kB
Active:          1307932 kB
Inactive:         652112 kB
Active(anon):     828988 kB
Inactive(anon):   209848 kB
Active(file):     478944 kB
Inactive(file):   442264 kB
Unevictable:       13568 kB
Mlocked:               0 kB
SwapTotal:        715328 kB
SwapFree:         703996 kB
Dirty:                64 kB
Writeback:             0 kB
AnonPages:       1038236 kB
Mapped:           614312 kB
Shmem:               600 kB
Slab:              98756 kB
SReclaimable:      31940 kB
SUnreclaim:        66816 kB
KernelStack:       38416 kB
PageTables:        50336 kB
NFS_Unstable:          0 kB
Bounce:                0 kB
WritebackTmp:          0 kB
CommitLimit:     2152132 kB
Committed_AS:   118546804 kB
VmallocTotal:   251658176 kB
VmallocUsed:      136172 kB
VmallocChunk:   251453996 kB
Time pass: 250 sec

---2015-12-05 14:07:44
MemTotal:        2873608 kB
MemFree:          115844 kB
Buffers:           17260 kB
Cached:           918148 kB
SwapCached:           36 kB
Active:          1308264 kB
Inactive:         652136 kB
Active(anon):     829320 kB
Inactive(anon):   209856 kB
Active(file):     478944 kB
Inactive(file):   442280 kB
Unevictable:       13568 kB
Mlocked:               0 kB
SwapTotal:        715328 kB
SwapFree:         703996 kB
Dirty:                52 kB
Writeback:             0 kB
AnonPages:       1038472 kB
Mapped:           614244 kB
Shmem:               608 kB
Slab:              98728 kB
SReclaimable:      31940 kB
SUnreclaim:        66788 kB
KernelStack:       38416 kB
PageTables:        50304 kB
NFS_Unstable:          0 kB
Bounce:                0 kB
WritebackTmp:          0 kB
CommitLimit:     2152132 kB
Committed_AS:   118546932 kB
VmallocTotal:   251658176 kB
VmallocUsed:      136172 kB
VmallocChunk:   251453996 kB
Time pass: 254 sec

---2015-12-05 14:07:44
MemTotal:        2873608 kB
MemFree:          115628 kB
Buffers:           17260 kB
Cached:           918152 kB
SwapCached:           36 kB
Active:          1308420 kB
Inactive:         652148 kB
Active(anon):     829476 kB
Inactive(anon):   209860 kB
Active(file):     478944 kB
Inactive(file):   442288 kB
Unevictable:       13568 kB
Mlocked:               0 kB
SwapTotal:        715328 kB
SwapFree:         703996 kB
Dirty:                 0 kB
Writeback:            24 kB
AnonPages:       1038588 kB
Mapped:           614260 kB
Shmem:               612 kB
Slab:              98728 kB
SReclaimable:      31940 kB
SUnreclaim:        66788 kB
KernelStack:       38416 kB
PageTables:        50300 kB
NFS_Unstable:          0 kB
Bounce:                0 kB
WritebackTmp:          0 kB
CommitLimit:     2152132 kB
Committed_AS:   118546980 kB
VmallocTotal:   251658176 kB
VmallocUsed:      136172 kB
VmallocChunk:   251453996 kB
Time pass: 258 sec

---2015-12-05 14:07:44
MemTotal:        2873608 kB
MemFree:          115360 kB
Buffers:           17284 kB
Cached:           918176 kB
SwapCached:           36 kB
Active:          1308940 kB
Inactive:         652188 kB
Active(anon):     829996 kB
Inactive(anon):   209876 kB
Active(file):     478944 kB
Inactive(file):   442312 kB
Unevictable:       13568 kB
Mlocked:               0 kB
SwapTotal:        715328 kB
SwapFree:         703996 kB
Dirty:                60 kB
Writeback:             0 kB
AnonPages:       1039116 kB
Mapped:           614288 kB
Shmem:               636 kB
Slab:              98732 kB
SReclaimable:      31940 kB
SUnreclaim:        66792 kB
KernelStack:       38416 kB
PageTables:        50304 kB
NFS_Unstable:          0 kB
Bounce:                0 kB
WritebackTmp:          0 kB
CommitLimit:     2152132 kB
Committed_AS:   118546940 kB
VmallocTotal:   251658176 kB
VmallocUsed:      136172 kB
VmallocChunk:   251453996 kB
Time pass: 261 sec

---2015-12-05 14:07:44
MemTotal:        2873608 kB
MemFree:          114444 kB
Buffers:           17292 kB
Cached:           918168 kB
SwapCached:           36 kB
Active:          1309388 kB
Inactive:         652176 kB
Active(anon):     830444 kB
Inactive(anon):   209864 kB
Active(file):     478944 kB
Inactive(file):   442312 kB
Unevictable:       13568 kB
Mlocked:               0 kB
SwapTotal:        715328 kB
SwapFree:         703996 kB
Dirty:                 0 kB
Writeback:             0 kB
AnonPages:       1039580 kB
Mapped:           614344 kB
Shmem:               636 kB
Slab:              98744 kB
SReclaimable:      31956 kB
SUnreclaim:        66788 kB
KernelStack:       38416 kB
PageTables:        50340 kB
NFS_Unstable:          0 kB
Bounce:                0 kB
WritebackTmp:          0 kB
CommitLimit:     2152132 kB
Committed_AS:   118546988 kB
VmallocTotal:   251658176 kB
VmallocUsed:      136172 kB
VmallocChunk:   251453996 kB
Time pass: 265 sec

---2015-12-05 14:07:44
MemTotal:        2873608 kB
MemFree:          114344 kB
Buffers:           17292 kB
Cached:           918180 kB
SwapCached:           36 kB
Active:          1309384 kB
Inactive:         652188 kB
Active(anon):     830440 kB
Inactive(anon):   209868 kB
Active(file):     478944 kB
Inactive(file):   442320 kB
Unevictable:       13568 kB
Mlocked:               0 kB
SwapTotal:        715328 kB
SwapFree:         703996 kB
Dirty:                32 kB
Writeback:             0 kB
AnonPages:       1039572 kB
Mapped:           614356 kB
Shmem:               640 kB
Slab:              98736 kB
SReclaimable:      31956 kB
SUnreclaim:        66780 kB
KernelStack:       38416 kB
PageTables:        50336 kB
NFS_Unstable:          0 kB
Bounce:                0 kB
WritebackTmp:          0 kB
CommitLimit:     2152132 kB
Committed_AS:   118547012 kB
VmallocTotal:   251658176 kB
VmallocUsed:      136172 kB
VmallocChunk:   251453996 kB
Time pass: 269 sec

---2015-12-05 14:07:44
MemTotal:        2873608 kB
MemFree:          114164 kB
Buffers:           17308 kB
Cached:           918180 kB
SwapCached:           36 kB
Active:          1309716 kB
Inactive:         652204 kB
Active(anon):     830772 kB
Inactive(anon):   209868 kB
Active(file):     478944 kB
Inactive(file):   442336 kB
Unevictable:       13568 kB
Mlocked:               0 kB
SwapTotal:        715328 kB
SwapFree:         703996 kB
Dirty:                44 kB
Writeback:             0 kB
AnonPages:       1039872 kB
Mapped:           614368 kB
Shmem:               640 kB
Slab:              98736 kB
SReclaimable:      31956 kB
SUnreclaim:        66780 kB
KernelStack:       38416 kB
PageTables:        50340 kB
NFS_Unstable:          0 kB
Bounce:                0 kB
WritebackTmp:          0 kB
CommitLimit:     2152132 kB
Committed_AS:   118547012 kB
VmallocTotal:   251658176 kB
VmallocUsed:      136172 kB
VmallocChunk:   251453996 kB
Time pass: 273 sec

---2015-12-05 14:07:44
MemTotal:        2873608 kB
MemFree:          114392 kB
Buffers:           17316 kB
Cached:           918176 kB
SwapCached:           36 kB
Active:          1309988 kB
Inactive:         652208 kB
Active(anon):     831044 kB
Inactive(anon):   209872 kB
Active(file):     478944 kB
Inactive(file):   442336 kB
Unevictable:       13568 kB
Mlocked:               0 kB
SwapTotal:        715328 kB
SwapFree:         703996 kB
Dirty:                 0 kB
Writeback:             0 kB
AnonPages:       1040164 kB
Mapped:           614380 kB
Shmem:               644 kB
Slab:              98736 kB
SReclaimable:      31956 kB
SUnreclaim:        66780 kB
KernelStack:       38416 kB
PageTables:        50336 kB
NFS_Unstable:          0 kB
Bounce:                0 kB
WritebackTmp:          0 kB
CommitLimit:     2152132 kB
Committed_AS:   118546996 kB
VmallocTotal:   251658176 kB
VmallocUsed:      136172 kB
VmallocChunk:   251453996 kB
Time pass: 276 sec

---2015-12-05 14:07:44
MemTotal:        2873608 kB
MemFree:          112928 kB
Buffers:           17324 kB
Cached:           918200 kB
SwapCached:           36 kB
Active:          1310560 kB
Inactive:         652240 kB
Active(anon):     831616 kB
Inactive(anon):   209872 kB
Active(file):     478944 kB
Inactive(file):   442368 kB
Unevictable:       13568 kB
Mlocked:               0 kB
SwapTotal:        715328 kB
SwapFree:         703996 kB
Dirty:                76 kB
Writeback:             0 kB
AnonPages:       1040900 kB
Mapped:           614324 kB
Shmem:               644 kB
Slab:              98736 kB
SReclaimable:      31956 kB
SUnreclaim:        66780 kB
KernelStack:       38416 kB
PageTables:        50304 kB
NFS_Unstable:          0 kB
Bounce:                0 kB
WritebackTmp:          0 kB
CommitLimit:     2152132 kB
Committed_AS:   118547092 kB
VmallocTotal:   251658176 kB
VmallocUsed:      136172 kB
VmallocChunk:   251453996 kB
Time pass: 280 sec

---2015-12-05 14:07:44
MemTotal:        2873608 kB
MemFree:          112364 kB
Buffers:           17348 kB
Cached:           918204 kB
SwapCached:           36 kB
Active:          1311084 kB
Inactive:         652264 kB
Active(anon):     832140 kB
Inactive(anon):   209872 kB
Active(file):     478944 kB
Inactive(file):   442392 kB
Unevictable:       13568 kB
Mlocked:               0 kB
SwapTotal:        715328 kB
SwapFree:         703996 kB
Dirty:                76 kB
Writeback:             0 kB
AnonPages:       1041376 kB
Mapped:           614376 kB
Shmem:               648 kB
Slab:              98740 kB
SReclaimable:      31956 kB
SUnreclaim:        66784 kB
KernelStack:       38416 kB
PageTables:        50340 kB
NFS_Unstable:          0 kB
Bounce:                0 kB
WritebackTmp:          0 kB
CommitLimit:     2152132 kB
Committed_AS:   118547004 kB
VmallocTotal:   251658176 kB
VmallocUsed:      136172 kB
VmallocChunk:   251453996 kB
Time pass: 284 sec

---2015-12-05 14:07:44
MemTotal:        2873608 kB
MemFree:          112012 kB
Buffers:           17348 kB
Cached:           918204 kB
SwapCached:           36 kB
Active:          1312304 kB
Inactive:         652268 kB
Active(anon):     833360 kB
Inactive(anon):   209876 kB
Active(file):     478944 kB
Inactive(file):   442392 kB
Unevictable:       13568 kB
Mlocked:               0 kB
SwapTotal:        715328 kB
SwapFree:         703996 kB
Dirty:                 0 kB
Writeback:            20 kB
AnonPages:       1042456 kB
Mapped:           614392 kB
Shmem:               648 kB
Slab:              98736 kB
SReclaimable:      31956 kB
SUnreclaim:        66780 kB
KernelStack:       38400 kB
PageTables:        50304 kB
NFS_Unstable:          0 kB
Bounce:                0 kB
WritebackTmp:          0 kB
CommitLimit:     2152132 kB
Committed_AS:   118547028 kB
VmallocTotal:   251658176 kB
VmallocUsed:      136172 kB
VmallocChunk:   251453996 kB
Time pass: 288 sec

---2015-12-05 14:07:44
MemTotal:        2873608 kB
MemFree:          111764 kB
Buffers:           17380 kB
Cached:           918376 kB
SwapCached:           36 kB
Active:          1311596 kB
Inactive:         652472 kB
Active(anon):     832652 kB
Inactive(anon):   209880 kB
Active(file):     478944 kB
Inactive(file):   442592 kB
Unevictable:       13568 kB
Mlocked:               0 kB
SwapTotal:        715328 kB
SwapFree:         703996 kB
Dirty:               108 kB
Writeback:             0 kB
AnonPages:       1041884 kB
Mapped:           614448 kB
Shmem:               652 kB
Slab:              98780 kB
SReclaimable:      31956 kB
SUnreclaim:        66824 kB
KernelStack:       38432 kB
PageTables:        50304 kB
NFS_Unstable:          0 kB
Bounce:                0 kB
WritebackTmp:          0 kB
CommitLimit:     2152132 kB
Committed_AS:   118547092 kB
VmallocTotal:   251658176 kB
VmallocUsed:      136172 kB
VmallocChunk:   251453996 kB
Time pass: 292 sec

---2015-12-05 14:07:44
MemTotal:        2873608 kB
MemFree:          119560 kB
Buffers:           17396 kB
Cached:           918404 kB
SwapCached:           36 kB
Active:          1303956 kB
Inactive:         652516 kB
Active(anon):     825012 kB
Inactive(anon):   209908 kB
Active(file):     478944 kB
Inactive(file):   442608 kB
Unevictable:       13568 kB
Mlocked:               0 kB
SwapTotal:        715328 kB
SwapFree:         703996 kB
Dirty:                44 kB
Writeback:             0 kB
AnonPages:       1034288 kB
Mapped:           614484 kB
Shmem:               680 kB
Slab:              98776 kB
SReclaimable:      31956 kB
SUnreclaim:        66820 kB
KernelStack:       38416 kB
PageTables:        50300 kB
NFS_Unstable:          0 kB
Bounce:                0 kB
WritebackTmp:          0 kB
CommitLimit:     2152132 kB
Committed_AS:   118547028 kB
VmallocTotal:   251658176 kB
VmallocUsed:      136172 kB
VmallocChunk:   251453996 kB
Time pass: 296 sec

---2015-12-05 14:07:44
MemTotal:        2873608 kB
MemFree:          120368 kB
Buffers:           17396 kB
Cached:           918404 kB
SwapCached:           36 kB
Active:          1302664 kB
Inactive:         652516 kB
Active(anon):     823720 kB
Inactive(anon):   209908 kB
Active(file):     478944 kB
Inactive(file):   442608 kB
Unevictable:       13568 kB
Mlocked:               0 kB
SwapTotal:        715328 kB
SwapFree:         703996 kB
Dirty:                44 kB
Writeback:             0 kB
AnonPages:       1033000 kB
Mapped:           614492 kB
Shmem:               680 kB
Slab:              98776 kB
SReclaimable:      31956 kB
SUnreclaim:        66820 kB
KernelStack:       38416 kB
PageTables:        50304 kB
NFS_Unstable:          0 kB
Bounce:                0 kB
WritebackTmp:          0 kB
CommitLimit:     2152132 kB
Committed_AS:   118547020 kB
VmallocTotal:   251658176 kB
VmallocUsed:      136172 kB
VmallocChunk:   251453996 kB
Time pass: 300 sec

---2015-12-05 14:07:44
MemTotal:        2873608 kB
MemFree:          120648 kB
Buffers:           17404 kB
Cached:           918404 kB
SwapCached:           36 kB
Active:          1302952 kB
Inactive:         652524 kB
Active(anon):     824008 kB
Inactive(anon):   209908 kB
Active(file):     478944 kB
Inactive(file):   442616 kB
Unevictable:       13568 kB
Mlocked:               0 kB
SwapTotal:        715328 kB
SwapFree:         703996 kB
Dirty:                32 kB
Writeback:             0 kB
AnonPages:       1033096 kB
Mapped:           614500 kB
Shmem:               680 kB
Slab:              98776 kB
SReclaimable:      31956 kB
SUnreclaim:        66820 kB
KernelStack:       38416 kB
PageTables:        50300 kB
NFS_Unstable:          0 kB
Bounce:                0 kB
WritebackTmp:          0 kB
CommitLimit:     2152132 kB
Committed_AS:   118547012 kB
VmallocTotal:   251658176 kB
VmallocUsed:      136172 kB
VmallocChunk:   251453996 kB
Time pass: 303 sec

---2015-12-05 14:07:44
MemTotal:        2873608 kB
MemFree:          119952 kB
Buffers:           17420 kB
Cached:           918388 kB
SwapCached:           36 kB
Active:          1303180 kB
Inactive:         652524 kB
Active(anon):     824236 kB
Inactive(anon):   209908 kB
Active(file):     478944 kB
Inactive(file):   442616 kB
Unevictable:       13568 kB
Mlocked:               0 kB
SwapTotal:        715328 kB
SwapFree:         703996 kB
Dirty:                 0 kB
Writeback:             0 kB
AnonPages:       1033252 kB
Mapped:           614500 kB
Shmem:               680 kB
Slab:              98776 kB
SReclaimable:      31956 kB
SUnreclaim:        66820 kB
KernelStack:       38432 kB
PageTables:        50300 kB
NFS_Unstable:          0 kB
Bounce:                0 kB
WritebackTmp:          0 kB
CommitLimit:     2152132 kB
Committed_AS:   118547004 kB
VmallocTotal:   251658176 kB
VmallocUsed:      136172 kB
VmallocChunk:   251453996 kB
Time pass: 307 sec

---2015-12-05 14:07:44
MemTotal:        2873608 kB
MemFree:          119860 kB
Buffers:           17420 kB
Cached:           918408 kB
SwapCached:           36 kB
Active:          1303320 kB
Inactive:         652544 kB
Active(anon):     824376 kB
Inactive(anon):   209912 kB
Active(file):     478944 kB
Inactive(file):   442632 kB
Unevictable:       13568 kB
Mlocked:               0 kB
SwapTotal:        715328 kB
SwapFree:         703996 kB
Dirty:                40 kB
Writeback:             0 kB
AnonPages:       1033556 kB
Mapped:           614428 kB
Shmem:               684 kB
Slab:              98776 kB
SReclaimable:      31956 kB
SUnreclaim:        66820 kB
KernelStack:       38416 kB
PageTables:        50272 kB
NFS_Unstable:          0 kB
Bounce:                0 kB
WritebackTmp:          0 kB
CommitLimit:     2152132 kB
Committed_AS:   118547028 kB
VmallocTotal:   251658176 kB
VmallocUsed:      136172 kB
VmallocChunk:   251453996 kB
Time pass: 311 sec

---2015-12-05 14:07:44
MemTotal:        2873608 kB
MemFree:          119756 kB
Buffers:           17444 kB
Cached:           918408 kB
SwapCached:           36 kB
Active:          1302864 kB
Inactive:         652568 kB
Active(anon):     823920 kB
Inactive(anon):   209912 kB
Active(file):     478944 kB
Inactive(file):   442656 kB
Unevictable:       13568 kB
Mlocked:               0 kB
SwapTotal:        715328 kB
SwapFree:         703996 kB
Dirty:                52 kB
Writeback:             0 kB
AnonPages:       1033356 kB
Mapped:           614440 kB
Shmem:               684 kB
Slab:              98776 kB
SReclaimable:      31956 kB
SUnreclaim:        66820 kB
KernelStack:       38416 kB
PageTables:        50272 kB
NFS_Unstable:          0 kB
Bounce:                0 kB
WritebackTmp:          0 kB
CommitLimit:     2152132 kB
Committed_AS:   118547060 kB
VmallocTotal:   251658176 kB
VmallocUsed:      136172 kB
VmallocChunk:   251453996 kB
Time pass: 315 sec

---2015-12-05 14:07:44
MemTotal:        2873608 kB
MemFree:          120228 kB
Buffers:           17452 kB
Cached:           918400 kB
SwapCached:           36 kB
Active:          1302880 kB
Inactive:         652568 kB
Active(anon):     823936 kB
Inactive(anon):   209912 kB
Active(file):     478944 kB
Inactive(file):   442656 kB
Unevictable:       13568 kB
Mlocked:               0 kB
SwapTotal:        715328 kB
SwapFree:         703996 kB
Dirty:                28 kB
Writeback:             0 kB
AnonPages:       1033200 kB
Mapped:           614528 kB
Shmem:               684 kB
Slab:              98784 kB
SReclaimable:      31956 kB
SUnreclaim:        66828 kB
KernelStack:       38400 kB
PageTables:        50304 kB
NFS_Unstable:          0 kB
Bounce:                0 kB
WritebackTmp:          0 kB
CommitLimit:     2152132 kB
Committed_AS:   118547060 kB
VmallocTotal:   251658176 kB
VmallocUsed:      136172 kB
VmallocChunk:   251453996 kB
Time pass: 319 sec

---2015-12-05 14:07:44
MemTotal:        2873608 kB
MemFree:          119368 kB
Buffers:           17468 kB
Cached:           918412 kB
SwapCached:           36 kB
Active:          1303456 kB
Inactive:         652592 kB
Active(anon):     824512 kB
Inactive(anon):   209912 kB
Active(file):     478944 kB
Inactive(file):   442680 kB
Unevictable:       13568 kB
Mlocked:               0 kB
SwapTotal:        715328 kB
SwapFree:         703996 kB
Dirty:                56 kB
Writeback:             0 kB
AnonPages:       1033800 kB
Mapped:           614584 kB
Shmem:               688 kB
Slab:              98752 kB
SReclaimable:      31956 kB
SUnreclaim:        66796 kB
KernelStack:       38384 kB
PageTables:        50332 kB
NFS_Unstable:          0 kB
Bounce:                0 kB
WritebackTmp:          0 kB
CommitLimit:     2152132 kB
Committed_AS:   118547000 kB
VmallocTotal:   251658176 kB
VmallocUsed:      136172 kB
VmallocChunk:   251453996 kB
Time pass: 322 sec

---2015-12-05 14:07:44
MemTotal:        2873608 kB
MemFree:          119528 kB
Buffers:           17476 kB
Cached:           918412 kB
SwapCached:           36 kB
Active:          1303584 kB
Inactive:         652600 kB
Active(anon):     824640 kB
Inactive(anon):   209912 kB
Active(file):     478944 kB
Inactive(file):   442688 kB
Unevictable:       13568 kB
Mlocked:               0 kB
SwapTotal:        715328 kB
SwapFree:         703996 kB
Dirty:                32 kB
Writeback:             0 kB
AnonPages:       1033804 kB
Mapped:           614508 kB
Shmem:               688 kB
Slab:              98748 kB
SReclaimable:      31956 kB
SUnreclaim:        66792 kB
KernelStack:       38384 kB
PageTables:        50304 kB
NFS_Unstable:          0 kB
Bounce:                0 kB
WritebackTmp:          0 kB
CommitLimit:     2152132 kB
Committed_AS:   118547052 kB
VmallocTotal:   251658176 kB
VmallocUsed:      136172 kB
VmallocChunk:   251453996 kB
Time pass: 326 sec

---2015-12-05 14:07:44
MemTotal:        2873608 kB
MemFree:          119588 kB
Buffers:           17476 kB
Cached:           918440 kB
SwapCached:           36 kB
Active:          1303672 kB
Inactive:         652628 kB
Active(anon):     824728 kB
Inactive(anon):   209940 kB
Active(file):     478944 kB
Inactive(file):   442688 kB
Unevictable:       13568 kB
Mlocked:               0 kB
SwapTotal:        715328 kB
SwapFree:         703996 kB
Dirty:                 0 kB
Writeback:            32 kB
AnonPages:       1034072 kB
Mapped:           614588 kB
Shmem:               716 kB
Slab:              98744 kB
SReclaimable:      31956 kB
SUnreclaim:        66788 kB
KernelStack:       38400 kB
PageTables:        50308 kB
NFS_Unstable:          0 kB
Bounce:                0 kB
WritebackTmp:          0 kB
CommitLimit:     2152132 kB
Committed_AS:   118547060 kB
VmallocTotal:   251658176 kB
VmallocUsed:      136172 kB
VmallocChunk:   251453996 kB
Time pass: 330 sec

---2015-12-05 14:07:44
MemTotal:        2873608 kB
MemFree:          118792 kB
Buffers:           17492 kB
Cached:           918444 kB
SwapCached:           36 kB
Active:          1304232 kB
Inactive:         652648 kB
Active(anon):     825288 kB
Inactive(anon):   209944 kB
Active(file):     478944 kB
Inactive(file):   442704 kB
Unevictable:       13568 kB
Mlocked:               0 kB
SwapTotal:        715328 kB
SwapFree:         703996 kB
Dirty:                40 kB
Writeback:             0 kB
AnonPages:       1034388 kB
Mapped:           614684 kB
Shmem:               720 kB
Slab:              98744 kB
SReclaimable:      31956 kB
SUnreclaim:        66788 kB
KernelStack:       38400 kB
PageTables:        50336 kB
NFS_Unstable:          0 kB
Bounce:                0 kB
WritebackTmp:          0 kB
CommitLimit:     2152132 kB
Committed_AS:   118547084 kB
VmallocTotal:   251658176 kB
VmallocUsed:      136172 kB
VmallocChunk:   251453996 kB
Time pass: 334 sec

---2015-12-05 14:07:44
MemTotal:        2873608 kB
MemFree:          118768 kB
Buffers:           17500 kB
Cached:           918444 kB
SwapCached:           36 kB
Active:          1304468 kB
Inactive:         652656 kB
Active(anon):     825524 kB
Inactive(anon):   209944 kB
Active(file):     478944 kB
Inactive(file):   442712 kB
Unevictable:       13568 kB
Mlocked:               0 kB
SwapTotal:        715328 kB
SwapFree:         703996 kB
Dirty:                32 kB
Writeback:             0 kB
AnonPages:       1034632 kB
Mapped:           614688 kB
Shmem:               720 kB
Slab:              98744 kB
SReclaimable:      31956 kB
SUnreclaim:        66788 kB
KernelStack:       38400 kB
PageTables:        50336 kB
NFS_Unstable:          0 kB
Bounce:                0 kB
WritebackTmp:          0 kB
CommitLimit:     2152132 kB
Committed_AS:   118547060 kB
VmallocTotal:   251658176 kB
VmallocUsed:      136172 kB
VmallocChunk:   251453996 kB
Time pass: 338 sec

---2015-12-05 14:07:44
MemTotal:        2873608 kB
MemFree:          118264 kB
Buffers:           17500 kB
Cached:           918444 kB
SwapCached:           36 kB
Active:          1304608 kB
Inactive:         652656 kB
Active(anon):     825664 kB
Inactive(anon):   209944 kB
Active(file):     478944 kB
Inactive(file):   442712 kB
Unevictable:       13568 kB
Mlocked:               0 kB
SwapTotal:        715328 kB
SwapFree:         703996 kB
Dirty:                 0 kB
Writeback:             0 kB
AnonPages:       1034752 kB
Mapped:           614700 kB
Shmem:               720 kB
Slab:              98744 kB
SReclaimable:      31956 kB
SUnreclaim:        66788 kB
KernelStack:       38384 kB
PageTables:        50336 kB
NFS_Unstable:          0 kB
Bounce:                0 kB
WritebackTmp:          0 kB
CommitLimit:     2152132 kB
Committed_AS:   118547012 kB
VmallocTotal:   251658176 kB
VmallocUsed:      136172 kB
VmallocChunk:   251453996 kB
Time pass: 341 sec

---2015-12-05 14:07:44
MemTotal:        2873608 kB
MemFree:          117076 kB
Buffers:           17516 kB
Cached:           918556 kB
SwapCached:           36 kB
Active:          1305988 kB
Inactive:         652788 kB
Active(anon):     827048 kB
Inactive(anon):   209944 kB
Active(file):     478940 kB
Inactive(file):   442844 kB
Unevictable:       13568 kB
Mlocked:               0 kB
SwapTotal:        715328 kB
SwapFree:         703996 kB
Dirty:                72 kB
Writeback:             0 kB
AnonPages:       1036432 kB
Mapped:           614768 kB
Shmem:               720 kB
Slab:              98816 kB
SReclaimable:      31956 kB
SUnreclaim:        66860 kB
KernelStack:       38368 kB
PageTables:        50348 kB
NFS_Unstable:          0 kB
Bounce:                0 kB
WritebackTmp:          0 kB
CommitLimit:     2152132 kB
Committed_AS:   118546996 kB
VmallocTotal:   251658176 kB
VmallocUsed:      136172 kB
VmallocChunk:   251453996 kB
Time pass: 345 sec

---2015-12-05 14:07:44
MemTotal:        2873608 kB
MemFree:          116320 kB
Buffers:           17524 kB
Cached:           918552 kB
SwapCached:           36 kB
Active:          1306168 kB
Inactive:         652788 kB
Active(anon):     827228 kB
Inactive(anon):   209944 kB
Active(file):     478940 kB
Inactive(file):   442844 kB
Unevictable:       13568 kB
Mlocked:               0 kB
SwapTotal:        715328 kB
SwapFree:         703996 kB
Dirty:                32 kB
Writeback:             0 kB
AnonPages:       1036512 kB
Mapped:           614684 kB
Shmem:               720 kB
Slab:              98780 kB
SReclaimable:      31956 kB
SUnreclaim:        66824 kB
KernelStack:       38368 kB
PageTables:        50316 kB
NFS_Unstable:          0 kB
Bounce:                0 kB
WritebackTmp:          0 kB
CommitLimit:     2152132 kB
Committed_AS:   118546972 kB
VmallocTotal:   251658176 kB
VmallocUsed:      136172 kB
VmallocChunk:   251453996 kB
Time pass: 349 sec

---2015-12-05 14:07:44
MemTotal:        2873608 kB
MemFree:          116720 kB
Buffers:           17524 kB
Cached:           918616 kB
SwapCached:           36 kB
Active:          1306160 kB
Inactive:         652852 kB
Active(anon):     827220 kB
Inactive(anon):   209944 kB
Active(file):     478940 kB
Inactive(file):   442908 kB
Unevictable:       13568 kB
Mlocked:               0 kB
SwapTotal:        715328 kB
SwapFree:         703996 kB
Dirty:                32 kB
Writeback:             0 kB
AnonPages:       1036500 kB
Mapped:           614700 kB
Shmem:               720 kB
Slab:              98752 kB
SReclaimable:      31956 kB
SUnreclaim:        66796 kB
KernelStack:       38352 kB
PageTables:        50308 kB
NFS_Unstable:          0 kB
Bounce:                0 kB
WritebackTmp:          0 kB
CommitLimit:     2152132 kB
Committed_AS:   118546924 kB
VmallocTotal:   251658176 kB
VmallocUsed:      136172 kB
VmallocChunk:   251453996 kB
Time pass: 353 sec

---2015-12-05 14:07:44
MemTotal:        2873608 kB
MemFree:          115988 kB
Buffers:           17540 kB
Cached:           918620 kB
SwapCached:           36 kB
Active:          1306576 kB
Inactive:         652872 kB
Active(anon):     827636 kB
Inactive(anon):   209944 kB
Active(file):     478940 kB
Inactive(file):   442928 kB
Unevictable:       13568 kB
Mlocked:               0 kB
SwapTotal:        715328 kB
SwapFree:         703996 kB
Dirty:                44 kB
Writeback:             0 kB
AnonPages:       1036876 kB
Mapped:           614804 kB
Shmem:               724 kB
Slab:              98748 kB
SReclaimable:      31956 kB
SUnreclaim:        66792 kB
KernelStack:       38352 kB
PageTables:        50336 kB
NFS_Unstable:          0 kB
Bounce:                0 kB
WritebackTmp:          0 kB
CommitLimit:     2152132 kB
Committed_AS:   118546940 kB
VmallocTotal:   251658176 kB
VmallocUsed:      136172 kB
VmallocChunk:   251453996 kB
Time pass: 357 sec

---2015-12-05 14:07:44
MemTotal:        2873608 kB
MemFree:          115780 kB
Buffers:           17616 kB
Cached:           918556 kB
SwapCached:           36 kB
Active:          1307172 kB
Inactive:         652876 kB
Active(anon):     828232 kB
Inactive(anon):   209948 kB
Active(file):     478940 kB
Inactive(file):   442928 kB
Unevictable:       13568 kB
Mlocked:               0 kB
SwapTotal:        715328 kB
SwapFree:         703996 kB
Dirty:                32 kB
Writeback:             0 kB
AnonPages:       1037764 kB
Mapped:           614816 kB
Shmem:               732 kB
Slab:              98748 kB
SReclaimable:      31956 kB
SUnreclaim:        66792 kB
KernelStack:       38352 kB
PageTables:        50340 kB
NFS_Unstable:          0 kB
Bounce:                0 kB
WritebackTmp:          0 kB
CommitLimit:     2152132 kB
Committed_AS:   118547292 kB
VmallocTotal:   251658176 kB
VmallocUsed:      136172 kB
VmallocChunk:   251453996 kB
Time pass: 361 sec

---2015-12-05 14:07:44
MemTotal:        2873608 kB
MemFree:          113876 kB
Buffers:           17616 kB
Cached:           918688 kB
SwapCached:           36 kB
Active:          1308648 kB
Inactive:         653020 kB
Active(anon):     829708 kB
Inactive(anon):   209956 kB
Active(file):     478940 kB
Inactive(file):   443064 kB
Unevictable:       13568 kB
Mlocked:               0 kB
SwapTotal:        715328 kB
SwapFree:         703996 kB
Dirty:                84 kB
Writeback:             0 kB
AnonPages:       1039228 kB
Mapped:           614872 kB
Shmem:               732 kB
Slab:              98756 kB
SReclaimable:      31956 kB
SUnreclaim:        66800 kB
KernelStack:       38320 kB
PageTables:        50316 kB
NFS_Unstable:          0 kB
Bounce:                0 kB
WritebackTmp:          0 kB
CommitLimit:     2152132 kB
Committed_AS:   118547268 kB
VmallocTotal:   251658176 kB
VmallocUsed:      136172 kB
VmallocChunk:   251453996 kB
Time pass: 365 sec

---2015-12-05 14:07:44
MemTotal:        2873608 kB
MemFree:          113744 kB
Buffers:           17640 kB
Cached:           918688 kB
SwapCached:           36 kB
Active:          1309080 kB
Inactive:         653044 kB
Active(anon):     830140 kB
Inactive(anon):   209956 kB
Active(file):     478940 kB
Inactive(file):   443088 kB
Unevictable:       13568 kB
Mlocked:               0 kB
SwapTotal:        715328 kB
SwapFree:         703996 kB
Dirty:                80 kB
Writeback:             0 kB
AnonPages:       1039412 kB
Mapped:           614768 kB
Shmem:               732 kB
Slab:              98744 kB
SReclaimable:      31956 kB
SUnreclaim:        66788 kB
KernelStack:       38368 kB
PageTables:        50308 kB
NFS_Unstable:          0 kB
Bounce:                0 kB
WritebackTmp:          0 kB
CommitLimit:     2152132 kB
Committed_AS:   118547268 kB
VmallocTotal:   251658176 kB
VmallocUsed:      136172 kB
VmallocChunk:   251453996 kB
Time pass: 369 sec

---2015-12-05 14:07:44
MemTotal:        2873608 kB
MemFree:          113284 kB
Buffers:           17648 kB
Cached:           918680 kB
SwapCached:           36 kB
Active:          1309156 kB
Inactive:         653044 kB
Active(anon):     830216 kB
Inactive(anon):   209956 kB
Active(file):     478940 kB
Inactive(file):   443088 kB
Unevictable:       13568 kB
Mlocked:               0 kB
SwapTotal:        715328 kB
SwapFree:         703996 kB
Dirty:                 0 kB
Writeback:             0 kB
AnonPages:       1039344 kB
Mapped:           614776 kB
Shmem:               732 kB
Slab:              98744 kB
SReclaimable:      31956 kB
SUnreclaim:        66788 kB
KernelStack:       38384 kB
PageTables:        50308 kB
NFS_Unstable:          0 kB
Bounce:                0 kB
WritebackTmp:          0 kB
CommitLimit:     2152132 kB
Committed_AS:   118547276 kB
VmallocTotal:   251658176 kB
VmallocUsed:      136172 kB
VmallocChunk:   251453996 kB
Time pass: 373 sec

---2015-12-05 14:07:44
MemTotal:        2873608 kB
MemFree:          113360 kB
Buffers:           17664 kB
Cached:           918688 kB
SwapCached:           36 kB
Active:          1309216 kB
Inactive:         653068 kB
Active(anon):     830276 kB
Inactive(anon):   209956 kB
Active(file):     478940 kB
Inactive(file):   443112 kB
Unevictable:       13568 kB
Mlocked:               0 kB
SwapTotal:        715328 kB
SwapFree:         703996 kB
Dirty:                60 kB
Writeback:             0 kB
AnonPages:       1039628 kB
Mapped:           614788 kB
Shmem:               732 kB
Slab:              98792 kB
SReclaimable:      31956 kB
SUnreclaim:        66836 kB
KernelStack:       38368 kB
PageTables:        50312 kB
NFS_Unstable:          0 kB
Bounce:                0 kB
WritebackTmp:          0 kB
CommitLimit:     2152132 kB
Committed_AS:   118547364 kB
VmallocTotal:   251658176 kB
VmallocUsed:      136172 kB
VmallocChunk:   251453996 kB
Time pass: 377 sec

---2015-12-05 14:07:44
MemTotal:        2873608 kB
MemFree:          113020 kB
Buffers:           17688 kB
Cached:           918688 kB
SwapCached:           36 kB
Active:          1309708 kB
Inactive:         653092 kB
Active(anon):     830768 kB
Inactive(anon):   209956 kB
Active(file):     478940 kB
Inactive(file):   443136 kB
Unevictable:       13568 kB
Mlocked:               0 kB
SwapTotal:        715328 kB
SwapFree:         703996 kB
Dirty:                60 kB
Writeback:             0 kB
AnonPages:       1040060 kB
Mapped:           614888 kB
Shmem:               732 kB
Slab:              98752 kB
SReclaimable:      31956 kB
SUnreclaim:        66796 kB
KernelStack:       38368 kB
PageTables:        50344 kB
NFS_Unstable:          0 kB
Bounce:                0 kB
WritebackTmp:          0 kB
CommitLimit:     2152132 kB
Committed_AS:   118547356 kB
VmallocTotal:   251658176 kB
VmallocUsed:      136172 kB
VmallocChunk:   251453996 kB
Time pass: 381 sec

---2015-12-05 14:07:44
MemTotal:        2873608 kB
MemFree:          112708 kB
Buffers:           17696 kB
Cached:           918680 kB
SwapCached:           36 kB
Active:          1310432 kB
Inactive:         653092 kB
Active(anon):     831492 kB
Inactive(anon):   209956 kB
Active(file):     478940 kB
Inactive(file):   443136 kB
Unevictable:       13568 kB
Mlocked:               0 kB
SwapTotal:        715328 kB
SwapFree:         703996 kB
Dirty:                 0 kB
Writeback:             0 kB
AnonPages:       1040720 kB
Mapped:           614908 kB
Shmem:               732 kB
Slab:              98768 kB
SReclaimable:      31956 kB
SUnreclaim:        66812 kB
KernelStack:       38368 kB
PageTables:        50344 kB
NFS_Unstable:          0 kB
Bounce:                0 kB
WritebackTmp:          0 kB
CommitLimit:     2152132 kB
Committed_AS:   118547364 kB
VmallocTotal:   251658176 kB
VmallocUsed:      136172 kB
VmallocChunk:   251453996 kB
Time pass: 385 sec

---2015-12-05 14:07:44
MemTotal:        2873608 kB
MemFree:          112208 kB
Buffers:           17696 kB
Cached:           918688 kB
SwapCached:           36 kB
Active:          1310292 kB
Inactive:         653100 kB
Active(anon):     831352 kB
Inactive(anon):   209956 kB
Active(file):     478940 kB
Inactive(file):   443144 kB
Unevictable:       13568 kB
Mlocked:               0 kB
SwapTotal:        715328 kB
SwapFree:         703996 kB
Dirty:                32 kB
Writeback:             0 kB
AnonPages:       1040436 kB
Mapped:           614920 kB
Shmem:               732 kB
Slab:              98752 kB
SReclaimable:      31956 kB
SUnreclaim:        66796 kB
KernelStack:       38368 kB
PageTables:        50344 kB
NFS_Unstable:          0 kB
Bounce:                0 kB
WritebackTmp:          0 kB
CommitLimit:     2152132 kB
Committed_AS:   118547356 kB
VmallocTotal:   251658176 kB
VmallocUsed:      136172 kB
VmallocChunk:   251453996 kB
Time pass: 388 sec

---2015-12-05 14:07:44
MemTotal:        2873608 kB
MemFree:          112448 kB
Buffers:           17712 kB
Cached:           918688 kB
SwapCached:           36 kB
Active:          1310276 kB
Inactive:         653116 kB
Active(anon):     831336 kB
Inactive(anon):   209956 kB
Active(file):     478940 kB
Inactive(file):   443160 kB
Unevictable:       13568 kB
Mlocked:               0 kB
SwapTotal:        715328 kB
SwapFree:         703996 kB
Dirty:                40 kB
Writeback:             0 kB
AnonPages:       1040628 kB
Mapped:           614844 kB
Shmem:               732 kB
Slab:              98764 kB
SReclaimable:      31972 kB
SUnreclaim:        66792 kB
KernelStack:       38368 kB
PageTables:        50312 kB
NFS_Unstable:          0 kB
Bounce:                0 kB
WritebackTmp:          0 kB
CommitLimit:     2152132 kB
Committed_AS:   118547348 kB
VmallocTotal:   251658176 kB
VmallocUsed:      136172 kB
VmallocChunk:   251453996 kB
Time pass: 392 sec

---2015-12-05 14:07:44
MemTotal:        2873608 kB
MemFree:          111524 kB
Buffers:           17720 kB
Cached:           918708 kB
SwapCached:           36 kB
Active:          1310612 kB
Inactive:         653136 kB
Active(anon):     831672 kB
Inactive(anon):   209972 kB
Active(file):     478940 kB
Inactive(file):   443164 kB
Unevictable:       13568 kB
Mlocked:               0 kB
SwapTotal:        715328 kB
SwapFree:         703996 kB
Dirty:                 8 kB
Writeback:             0 kB
AnonPages:       1040892 kB
Mapped:           614872 kB
Shmem:               752 kB
Slab:              98764 kB
SReclaimable:      31972 kB
SUnreclaim:        66792 kB
KernelStack:       38336 kB
PageTables:        50312 kB
NFS_Unstable:          0 kB
Bounce:                0 kB
WritebackTmp:          0 kB
CommitLimit:     2152132 kB
Committed_AS:   118547348 kB
VmallocTotal:   251658176 kB
VmallocUsed:      136172 kB
VmallocChunk:   251453996 kB
Time pass: 396 sec

---2015-12-05 14:07:44
MemTotal:        2873608 kB
MemFree:          111300 kB
Buffers:           17720 kB
Cached:           918712 kB
SwapCached:           36 kB
Active:          1310980 kB
Inactive:         653144 kB
Active(anon):     832040 kB
Inactive(anon):   209972 kB
Active(file):     478940 kB
Inactive(file):   443172 kB
Unevictable:       13568 kB
Mlocked:               0 kB
SwapTotal:        715328 kB
SwapFree:         703996 kB
Dirty:                44 kB
Writeback:             0 kB
AnonPages:       1041264 kB
Mapped:           614984 kB
Shmem:               752 kB
Slab:              98764 kB
SReclaimable:      31972 kB
SUnreclaim:        66792 kB
KernelStack:       38336 kB
PageTables:        50324 kB
NFS_Unstable:          0 kB
Bounce:                0 kB
WritebackTmp:          0 kB
CommitLimit:     2152132 kB
Committed_AS:   118547356 kB
VmallocTotal:   251658176 kB
VmallocUsed:      136172 kB
VmallocChunk:   251453996 kB
Time pass: 400 sec

---2015-12-05 14:07:44
MemTotal:        2873608 kB
MemFree:          110680 kB
Buffers:           17736 kB
