---2015-12-16 15:27:45
MemTotal:        1386568 kB
MemFree:           37508 kB
Buffers:           12864 kB
Cached:           609132 kB
SwapCached:         4060 kB
Active:           564252 kB
Inactive:         568476 kB
Active(anon):     251316 kB
Inactive(anon):   262924 kB
Active(file):     312936 kB
Inactive(file):   305552 kB
Unevictable:        3132 kB
Mlocked:               0 kB
HighTotal:        849920 kB
HighFree:          11632 kB
LowTotal:         536648 kB
LowFree:           25876 kB
SwapTotal:        786428 kB
SwapFree:         730168 kB
Dirty:                48 kB
Writeback:             0 kB
AnonPages:        512308 kB
Mapped:           317368 kB
Shmem:               376 kB
Slab:              53140 kB
SReclaimable:      17200 kB
SUnreclaim:        35940 kB
KernelStack:       13728 kB
PageTables:        43952 kB
NFS_Unstable:          0 kB
Bounce:                0 kB
WritebackTmp:          0 kB
CommitLimit:     1479712 kB
Committed_AS:   101978812 kB
VmallocTotal:     319488 kB
VmallocUsed:       21124 kB
VmallocChunk:     182284 kB
Time pass: 3 sec

---2015-12-16 15:27:45
MemTotal:        1386568 kB
MemFree:           38076 kB
Buffers:           12872 kB
Cached:           609196 kB
SwapCached:         4060 kB
Active:           563168 kB
Inactive:         568504 kB
Active(anon):     250192 kB
Inactive(anon):   262920 kB
Active(file):     312976 kB
Inactive(file):   305584 kB
Unevictable:        3132 kB
Mlocked:               0 kB
HighTotal:        849920 kB
HighFree:          12160 kB
LowTotal:         536648 kB
LowFree:           25916 kB
SwapTotal:        786428 kB
SwapFree:         730168 kB
Dirty:                32 kB
Writeback:             0 kB
AnonPages:        511164 kB
Mapped:           317464 kB
Shmem:               376 kB
Slab:              53164 kB
SReclaimable:      17300 kB
SUnreclaim:        35864 kB
KernelStack:       13752 kB
PageTables:        43612 kB
NFS_Unstable:          0 kB
Bounce:                0 kB
WritebackTmp:          0 kB
CommitLimit:     1479712 kB
Committed_AS:   100720928 kB
VmallocTotal:     319488 kB
VmallocUsed:       21192 kB
VmallocChunk:     182284 kB
Time pass: 7 sec

---2015-12-16 15:27:45
MemTotal:        1386568 kB
MemFree:           39480 kB
Buffers:           12872 kB
Cached:           609768 kB
SwapCached:         4060 kB
Active:           562616 kB
Inactive:         569048 kB
Active(anon):     249628 kB
Inactive(anon):   262920 kB
Active(file):     312988 kB
Inactive(file):   306128 kB
Unevictable:        3132 kB
Mlocked:               0 kB
HighTotal:        849920 kB
HighFree:          12440 kB
LowTotal:         536648 kB
LowFree:           27040 kB
SwapTotal:        786428 kB
SwapFree:         730168 kB
Dirty:                 0 kB
Writeback:             0 kB
AnonPages:        510580 kB
Mapped:           317476 kB
Shmem:               376 kB
Slab:              52784 kB
SReclaimable:      17196 kB
SUnreclaim:        35588 kB
KernelStack:       13696 kB
PageTables:        43700 kB
NFS_Unstable:          0 kB
Bounce:                0 kB
WritebackTmp:          0 kB
CommitLimit:     1479712 kB
Committed_AS:   100722160 kB
VmallocTotal:     319488 kB
VmallocUsed:       21124 kB
VmallocChunk:     182284 kB
Time pass: 11 sec

---2015-12-16 15:27:45
MemTotal:        1386568 kB
MemFree:           29632 kB
Buffers:            9664 kB
Cached:           520024 kB
SwapCached:         7456 kB
Active:           565948 kB
Inactive:         563924 kB
Active(anon):     303912 kB
Inactive(anon):   301696 kB
Active(file):     262036 kB
Inactive(file):   262228 kB
Unevictable:        3132 kB
Mlocked:               0 kB
HighTotal:        849920 kB
HighFree:           8804 kB
LowTotal:         536648 kB
LowFree:           20828 kB
SwapTotal:        786428 kB
SwapFree:         693332 kB
Dirty:                 0 kB
Writeback:             0 kB
AnonPages:        598380 kB
Mapped:           315672 kB
Shmem:              2180 kB
Slab:              54680 kB
SReclaimable:      17280 kB
SUnreclaim:        37400 kB
KernelStack:       13752 kB
PageTables:        43888 kB
NFS_Unstable:          0 kB
Bounce:                0 kB
WritebackTmp:          0 kB
CommitLimit:     1479712 kB
Committed_AS:   100965496 kB
VmallocTotal:     319488 kB
VmallocUsed:       21124 kB
VmallocChunk:     182284 kB
Time pass: 15 sec

---2015-12-16 15:27:45
MemTotal:        1386568 kB
MemFree:           69360 kB
Buffers:           10408 kB
Cached:           585780 kB
SwapCached:         9000 kB
Active:           468244 kB
Inactive:         604360 kB
Active(anon):     189896 kB
Inactive(anon):   290560 kB
Active(file):     278348 kB
Inactive(file):   313800 kB
Unevictable:        3132 kB
Mlocked:               0 kB
HighTotal:        849920 kB
HighFree:          29168 kB
LowTotal:         536648 kB
LowFree:           40192 kB
SwapTotal:        786428 kB
SwapFree:         686260 kB
Dirty:              1032 kB
Writeback:             0 kB
AnonPages:        473136 kB
Mapped:           336728 kB
Shmem:               528 kB
Slab:              53876 kB
SReclaimable:      17224 kB
SUnreclaim:        36652 kB
KernelStack:       13896 kB
PageTables:        39740 kB
NFS_Unstable:          0 kB
Bounce:                0 kB
WritebackTmp:          0 kB
CommitLimit:     1479712 kB
Committed_AS:   89596536 kB
VmallocTotal:     319488 kB
VmallocUsed:       20576 kB
VmallocChunk:     182284 kB
Time pass: 19 sec

---2015-12-16 15:27:45
MemTotal:        1386568 kB
MemFree:           55816 kB
Buffers:           10432 kB
Cached:           587984 kB
SwapCached:         9580 kB
Active:           469420 kB
Inactive:         602388 kB
Active(anon):     190792 kB
Inactive(anon):   286240 kB
Active(file):     278628 kB
Inactive(file):   316148 kB
Unevictable:        3132 kB
Mlocked:               0 kB
HighTotal:        849920 kB
HighFree:          24044 kB
LowTotal:         536648 kB
LowFree:           31772 kB
SwapTotal:        786428 kB
SwapFree:         690372 kB
Dirty:               208 kB
Writeback:             0 kB
AnonPages:        470416 kB
Mapped:           348604 kB
Shmem:               508 kB
Slab:              53892 kB
SReclaimable:      17240 kB
SUnreclaim:        36652 kB
KernelStack:       13592 kB
PageTables:        39892 kB
NFS_Unstable:          0 kB
Bounce:                0 kB
WritebackTmp:          0 kB
CommitLimit:     1479712 kB
Committed_AS:   89597124 kB
VmallocTotal:     319488 kB
VmallocUsed:       20504 kB
VmallocChunk:     182284 kB
Time pass: 24 sec

---2015-12-16 15:27:45
MemTotal:        1386568 kB
MemFree:           48176 kB
Buffers:           10276 kB
Cached:           582652 kB
SwapCached:         9576 kB
Active:           474052 kB
Inactive:         593136 kB
Active(anon):     195216 kB
Inactive(anon):   282692 kB
Active(file):     278836 kB
Inactive(file):   310444 kB
Unevictable:        3132 kB
Mlocked:               0 kB
HighTotal:        849920 kB
HighFree:          20612 kB
LowTotal:         536648 kB
LowFree:           27564 kB
SwapTotal:        786428 kB
SwapFree:         689008 kB
Dirty:               196 kB
Writeback:             0 kB
AnonPages:        471316 kB
Mapped:           360292 kB
Shmem:               508 kB
Slab:              53740 kB
SReclaimable:      17248 kB
SUnreclaim:        36492 kB
KernelStack:       13512 kB
PageTables:        39940 kB
NFS_Unstable:          0 kB
Bounce:                0 kB
WritebackTmp:          0 kB
CommitLimit:     1479712 kB
Committed_AS:   89605360 kB
VmallocTotal:     319488 kB
VmallocUsed:       20540 kB
VmallocChunk:     182284 kB
Time pass: 28 sec

---2015-12-16 15:27:45
MemTotal:        1386568 kB
MemFree:           53712 kB
Buffers:           10316 kB
Cached:           583104 kB
SwapCached:         9588 kB
Active:           470656 kB
Inactive:         588256 kB
Active(anon):     191752 kB
Inactive(anon):   277468 kB
Active(file):     278904 kB
Inactive(file):   310788 kB
Unevictable:        3132 kB
Mlocked:               0 kB
HighTotal:        849920 kB
HighFree:          27068 kB
LowTotal:         536648 kB
LowFree:           26644 kB
SwapTotal:        786428 kB
SwapFree:         689020 kB
Dirty:                 4 kB
Writeback:             0 kB
AnonPages:        462616 kB
Mapped:           358420 kB
Shmem:               508 kB
Slab:              53516 kB
SReclaimable:      17248 kB
SUnreclaim:        36268 kB
KernelStack:       13056 kB
PageTables:        38052 kB
NFS_Unstable:          0 kB
Bounce:                0 kB
WritebackTmp:          0 kB
CommitLimit:     1479712 kB
Committed_AS:   84635428 kB
VmallocTotal:     319488 kB
VmallocUsed:       19612 kB
VmallocChunk:     182284 kB
Time pass: 32 sec

---2015-12-16 15:27:45
MemTotal:        1386568 kB
MemFree:           52660 kB
Buffers:           10316 kB
Cached:           583828 kB
SwapCached:         9592 kB
Active:           471708 kB
Inactive:         588876 kB
Active(anon):     192784 kB
Inactive(anon):   277300 kB
Active(file):     278924 kB
Inactive(file):   311576 kB
Unevictable:        3132 kB
Mlocked:               0 kB
HighTotal:        849920 kB
HighFree:          25592 kB
LowTotal:         536648 kB
LowFree:           27068 kB
SwapTotal:        786428 kB
SwapFree:         689020 kB
Dirty:               384 kB
Writeback:             0 kB
AnonPages:        463580 kB
Mapped:           358916 kB
Shmem:               508 kB
Slab:              53312 kB
SReclaimable:      17248 kB
SUnreclaim:        36064 kB
KernelStack:       13080 kB
PageTables:        38068 kB
NFS_Unstable:          0 kB
Bounce:                0 kB
WritebackTmp:          0 kB
CommitLimit:     1479712 kB
Committed_AS:   84639828 kB
VmallocTotal:     319488 kB
VmallocUsed:       19680 kB
VmallocChunk:     182284 kB
Time pass: 36 sec

---2015-12-16 15:27:45
MemTotal:        1386568 kB
MemFree:           48604 kB
Buffers:           10324 kB
Cached:           585120 kB
SwapCached:         9604 kB
Active:           473040 kB
Inactive:         590188 kB
Active(anon):     194116 kB
Inactive(anon):   277308 kB
Active(file):     278924 kB
Inactive(file):   312880 kB
Unevictable:        3132 kB
Mlocked:               0 kB
HighTotal:        849920 kB
HighFree:          21400 kB
LowTotal:         536648 kB
LowFree:           27204 kB
SwapTotal:        786428 kB
SwapFree:         689020 kB
Dirty:               340 kB
Writeback:             0 kB
AnonPages:        464852 kB
Mapped:           360616 kB
Shmem:               508 kB
Slab:              53184 kB
SReclaimable:      17248 kB
SUnreclaim:        35936 kB
KernelStack:       13096 kB
PageTables:        38080 kB
NFS_Unstable:          0 kB
Bounce:                0 kB
WritebackTmp:          0 kB
CommitLimit:     1479712 kB
Committed_AS:   84640228 kB
VmallocTotal:     319488 kB
VmallocUsed:       19544 kB
VmallocChunk:     182284 kB
Time pass: 40 sec

---2015-12-16 15:27:45
MemTotal:        1386568 kB
MemFree:           45816 kB
Buffers:           10332 kB
Cached:           585168 kB
SwapCached:         9604 kB
Active:           473328 kB
Inactive:         590236 kB
Active(anon):     194404 kB
Inactive(anon):   277308 kB
Active(file):     278924 kB
Inactive(file):   312928 kB
Unevictable:        3132 kB
Mlocked:               0 kB
HighTotal:        849920 kB
HighFree:          19356 kB
LowTotal:         536648 kB
LowFree:           26460 kB
SwapTotal:        786428 kB
SwapFree:         689020 kB
Dirty:                52 kB
Writeback:             0 kB
AnonPages:        465148 kB
Mapped:           360844 kB
Shmem:               508 kB
Slab:              53692 kB
SReclaimable:      17248 kB
SUnreclaim:        36444 kB
KernelStack:       13088 kB
PageTables:        38080 kB
NFS_Unstable:          0 kB
Bounce:                0 kB
WritebackTmp:          0 kB
CommitLimit:     1479712 kB
Committed_AS:   84640460 kB
VmallocTotal:     319488 kB
VmallocUsed:       19544 kB
VmallocChunk:     182284 kB
Time pass: 43 sec

---2015-12-16 15:27:45
MemTotal:        1386568 kB
MemFree:           31208 kB
Buffers:           10332 kB
Cached:           582044 kB
SwapCached:         9632 kB
Active:           489400 kB
Inactive:         585512 kB
Active(anon):     210292 kB
Inactive(anon):   275952 kB
Active(file):     279108 kB
Inactive(file):   309560 kB
Unevictable:        3132 kB
Mlocked:               0 kB
HighTotal:        849920 kB
HighFree:          11988 kB
LowTotal:         536648 kB
LowFree:           19220 kB
SwapTotal:        786428 kB
SwapFree:         687984 kB
Dirty:               512 kB
Writeback:             0 kB
AnonPages:        479420 kB
Mapped:           365548 kB
Shmem:               508 kB
Slab:              53904 kB
SReclaimable:      17256 kB
SUnreclaim:        36648 kB
KernelStack:       13192 kB
PageTables:        38076 kB
NFS_Unstable:          0 kB
Bounce:                0 kB
WritebackTmp:          0 kB
CommitLimit:     1479712 kB
Committed_AS:   84653156 kB
VmallocTotal:     319488 kB
VmallocUsed:       19600 kB
VmallocChunk:     182284 kB
Time pass: 48 sec

---2015-12-16 15:27:45
MemTotal:        1386568 kB
MemFree:          121872 kB
Buffers:           10308 kB
Cached:           581320 kB
SwapCached:         9652 kB
Active:           444608 kB
Inactive:         547928 kB
Active(anon):     163984 kB
Inactive(anon):   240528 kB
Active(file):     280624 kB
Inactive(file):   307400 kB
Unevictable:        3132 kB
Mlocked:               0 kB
HighTotal:        849920 kB
HighFree:          63144 kB
LowTotal:         536648 kB
LowFree:           58728 kB
SwapTotal:        786428 kB
SwapFree:         686312 kB
Dirty:              6380 kB
Writeback:             0 kB
AnonPages:        397856 kB
Mapped:           310500 kB
Shmem:               500 kB
Slab:              53016 kB
SReclaimable:      17224 kB
SUnreclaim:        35792 kB
KernelStack:       10944 kB
PageTables:        29056 kB
NFS_Unstable:          0 kB
Bounce:                0 kB
WritebackTmp:          0 kB
CommitLimit:     1479712 kB
Committed_AS:   63524636 kB
VmallocTotal:     319488 kB
VmallocUsed:       16236 kB
VmallocChunk:     187404 kB
Time pass: 54 sec

---2015-12-16 15:27:45
MemTotal:        1386568 kB
MemFree:          120908 kB
Buffers:           10320 kB
Cached:           581360 kB
SwapCached:         9652 kB
Active:           445612 kB
Inactive:         547952 kB
Active(anon):     164988 kB
Inactive(anon):   240528 kB
Active(file):     280624 kB
Inactive(file):   307424 kB
Unevictable:        3132 kB
Mlocked:               0 kB
HighTotal:        849920 kB
HighFree:          62104 kB
LowTotal:         536648 kB
LowFree:           58804 kB
SwapTotal:        786428 kB
SwapFree:         686312 kB
Dirty:                52 kB
Writeback:             0 kB
AnonPages:        398852 kB
Mapped:           310496 kB
Shmem:               500 kB
Slab:              52916 kB
SReclaimable:      17220 kB
SUnreclaim:        35696 kB
KernelStack:       10944 kB
PageTables:        29056 kB
NFS_Unstable:          0 kB
Bounce:                0 kB
WritebackTmp:          0 kB
CommitLimit:     1479712 kB
Committed_AS:   63524788 kB
VmallocTotal:     319488 kB
VmallocUsed:       16304 kB
VmallocChunk:     187404 kB
Time pass: 58 sec

---2015-12-16 15:27:45
MemTotal:        1386568 kB
MemFree:          123184 kB
Buffers:           10336 kB
Cached:           583220 kB
SwapCached:         9644 kB
Active:           436156 kB
Inactive:         549296 kB
Active(anon):     154976 kB
Inactive(anon):   240552 kB
Active(file):     281180 kB
Inactive(file):   308744 kB
Unevictable:        3132 kB
Mlocked:               0 kB
HighTotal:        849920 kB
HighFree:          63116 kB
LowTotal:         536648 kB
LowFree:           60068 kB
SwapTotal:        786428 kB
SwapFree:         686344 kB
Dirty:               300 kB
Writeback:             0 kB
AnonPages:        388904 kB
Mapped:           314844 kB
Shmem:               500 kB
Slab:              53172 kB
SReclaimable:      17232 kB
SUnreclaim:        35940 kB
KernelStack:       10824 kB
PageTables:        28512 kB
NFS_Unstable:          0 kB
Bounce:                0 kB
WritebackTmp:          0 kB
CommitLimit:     1479712 kB
Committed_AS:   62265608 kB
VmallocTotal:     319488 kB
VmallocUsed:       16248 kB
VmallocChunk:     187404 kB
Time pass: 62 sec

---2015-12-16 15:27:45
MemTotal:        1386568 kB
MemFree:          122364 kB
Buffers:           10344 kB
Cached:           583220 kB
SwapCached:         9644 kB
Active:           436408 kB
Inactive:         549256 kB
Active(anon):     155228 kB
Inactive(anon):   240504 kB
Active(file):     281180 kB
Inactive(file):   308752 kB
Unevictable:        3132 kB
Mlocked:               0 kB
HighTotal:        849920 kB
HighFree:          62496 kB
LowTotal:         536648 kB
LowFree:           59868 kB
SwapTotal:        786428 kB
SwapFree:         686344 kB
Dirty:                68 kB
Writeback:             0 kB
AnonPages:        389092 kB
Mapped:           314892 kB
Shmem:               500 kB
Slab:              53072 kB
SReclaimable:      17232 kB
SUnreclaim:        35840 kB
KernelStack:       10840 kB
PageTables:        28512 kB
NFS_Unstable:          0 kB
Bounce:                0 kB
WritebackTmp:          0 kB
CommitLimit:     1479712 kB
Committed_AS:   62265848 kB
VmallocTotal:     319488 kB
VmallocUsed:       16316 kB
VmallocChunk:     187404 kB
Time pass: 66 sec

---2015-12-16 15:27:45
MemTotal:        1386568 kB
MemFree:          104712 kB
Buffers:           10352 kB
Cached:           584128 kB
SwapCached:         9644 kB
Active:           442728 kB
Inactive:         549792 kB
Active(anon):     161168 kB
Inactive(anon):   240504 kB
Active(file):     281560 kB
Inactive(file):   309288 kB
Unevictable:        3132 kB
Mlocked:               0 kB
HighTotal:        849920 kB
HighFree:          44732 kB
LowTotal:         536648 kB
LowFree:           59980 kB
SwapTotal:        786428 kB
SwapFree:         686360 kB
Dirty:                36 kB
Writeback:             0 kB
AnonPages:        395112 kB
Mapped:           324712 kB
Shmem:               500 kB
Slab:              53000 kB
SReclaimable:      17324 kB
SUnreclaim:        35676 kB
KernelStack:       10840 kB
PageTables:        28540 kB
NFS_Unstable:          0 kB
Bounce:                0 kB
WritebackTmp:          0 kB
CommitLimit:     1479712 kB
Committed_AS:   62266280 kB
VmallocTotal:     319488 kB
VmallocUsed:       16352 kB
VmallocChunk:     187404 kB
Time pass: 70 sec

---2015-12-16 15:27:45
MemTotal:        1386568 kB
MemFree:           87292 kB
Buffers:           10368 kB
Cached:           589448 kB
SwapCached:         9640 kB
Active:           452868 kB
Inactive:         555092 kB
Active(anon):     171268 kB
Inactive(anon):   240508 kB
Active(file):     281600 kB
Inactive(file):   314584 kB
Unevictable:        3132 kB
Mlocked:               0 kB
HighTotal:        849920 kB
HighFree:          28528 kB
LowTotal:         536648 kB
LowFree:           58764 kB
SwapTotal:        786428 kB
SwapFree:         686376 kB
Dirty:               280 kB
Writeback:             0 kB
AnonPages:        405276 kB
Mapped:           328184 kB
Shmem:               500 kB
Slab:              53288 kB
SReclaimable:      17316 kB
SUnreclaim:        35972 kB
KernelStack:       11000 kB
PageTables:        28572 kB
NFS_Unstable:          0 kB
Bounce:                0 kB
WritebackTmp:          0 kB
CommitLimit:     1479712 kB
Committed_AS:   62266584 kB
VmallocTotal:     319488 kB
VmallocUsed:       16488 kB
VmallocChunk:     187404 kB
Time pass: 74 sec

---2015-12-16 15:27:45
MemTotal:        1386568 kB
MemFree:           57340 kB
Buffers:           10436 kB
Cached:           592408 kB
SwapCached:         9884 kB
Active:           463348 kB
Inactive:         557992 kB
Active(anon):     181280 kB
Inactive(anon):   241012 kB
Active(file):     282068 kB
Inactive(file):   316980 kB
Unevictable:        3132 kB
Mlocked:               0 kB
HighTotal:        849920 kB
HighFree:           8824 kB
LowTotal:         536648 kB
LowFree:           48516 kB
SwapTotal:        786428 kB
SwapFree:         686548 kB
Dirty:               120 kB
Writeback:             0 kB
AnonPages:        415376 kB
Mapped:           326332 kB
Shmem:               660 kB
Slab:              53460 kB
SReclaimable:      17316 kB
SUnreclaim:        36144 kB
KernelStack:       11112 kB
PageTables:        28720 kB
NFS_Unstable:          0 kB
Bounce:                0 kB
WritebackTmp:          0 kB
CommitLimit:     1479712 kB
Committed_AS:   62280164 kB
VmallocTotal:     319488 kB
VmallocUsed:       16488 kB
VmallocChunk:     187404 kB
Time pass: 79 sec

---2015-12-16 15:27:45
MemTotal:        1386568 kB
MemFree:           32848 kB
Buffers:            9628 kB
Cached:           585024 kB
SwapCached:         9896 kB
Active:           464860 kB
Inactive:         547788 kB
Active(anon):     182752 kB
Inactive(anon):   239240 kB
Active(file):     282108 kB
Inactive(file):   308548 kB
Unevictable:        3132 kB
Mlocked:               0 kB
HighTotal:        849920 kB
HighFree:          13044 kB
LowTotal:         536648 kB
LowFree:           19804 kB
SwapTotal:        786428 kB
SwapFree:         685396 kB
Dirty:                 0 kB
Writeback:             0 kB
AnonPages:        415092 kB
Mapped:           326532 kB
Shmem:               864 kB
Slab:              53304 kB
SReclaimable:      17316 kB
SUnreclaim:        35988 kB
KernelStack:       11088 kB
PageTables:        28908 kB
NFS_Unstable:          0 kB
Bounce:                0 kB
WritebackTmp:          0 kB
CommitLimit:     1479712 kB
Committed_AS:   62284428 kB
VmallocTotal:     319488 kB
VmallocUsed:       16420 kB
VmallocChunk:     187404 kB
Time pass: 84 sec

---2015-12-16 15:27:45
MemTotal:        1386568 kB
MemFree:           32760 kB
Buffers:            9652 kB
Cached:           585016 kB
SwapCached:         9896 kB
Active:           465076 kB
Inactive:         547760 kB
Active(anon):     182932 kB
Inactive(anon):   239232 kB
Active(file):     282144 kB
Inactive(file):   308528 kB
Unevictable:        3132 kB
Mlocked:               0 kB
HighTotal:        849920 kB
HighFree:          12752 kB
LowTotal:         536648 kB
LowFree:           20008 kB
SwapTotal:        786428 kB
SwapFree:         685396 kB
Dirty:                80 kB
Writeback:             0 kB
AnonPages:        415208 kB
Mapped:           326580 kB
Shmem:               864 kB
Slab:              53456 kB
SReclaimable:      17316 kB
SUnreclaim:        36140 kB
KernelStack:       11080 kB
PageTables:        28884 kB
NFS_Unstable:          0 kB
Bounce:                0 kB
WritebackTmp:          0 kB
CommitLimit:     1479712 kB
Committed_AS:   62284516 kB
VmallocTotal:     319488 kB
VmallocUsed:       16488 kB
VmallocChunk:     187404 kB
Time pass: 89 sec

---2015-12-16 15:27:45
MemTotal:        1386568 kB
MemFree:           32940 kB
Buffers:            9668 kB
Cached:           585120 kB
SwapCached:         9896 kB
Active:           465192 kB
Inactive:         547828 kB
Active(anon):     183004 kB
Inactive(anon):   239280 kB
Active(file):     282188 kB
Inactive(file):   308548 kB
Unevictable:        3132 kB
Mlocked:               0 kB
HighTotal:        849920 kB
HighFree:          12460 kB
LowTotal:         536648 kB
LowFree:           20480 kB
SwapTotal:        786428 kB
SwapFree:         685396 kB
Dirty:                84 kB
Writeback:             0 kB
AnonPages:        415208 kB
Mapped:           326528 kB
Shmem:               916 kB
Slab:              53280 kB
SReclaimable:      17320 kB
SUnreclaim:        35960 kB
KernelStack:       11072 kB
PageTables:        28880 kB
NFS_Unstable:          0 kB
Bounce:                0 kB
WritebackTmp:          0 kB
CommitLimit:     1479712 kB
Committed_AS:   62284740 kB
VmallocTotal:     319488 kB
VmallocUsed:       16420 kB
VmallocChunk:     187404 kB
Time pass: 94 sec

---2015-12-16 15:27:45
MemTotal:        1386568 kB
MemFree:           31204 kB
Buffers:            9704 kB
Cached:           584848 kB
SwapCached:         9900 kB
Active:           466608 kB
Inactive:         547420 kB
Active(anon):     184360 kB
Inactive(anon):   239164 kB
Active(file):     282248 kB
Inactive(file):   308256 kB
Unevictable:        3132 kB
Mlocked:               0 kB
HighTotal:        849920 kB
HighFree:          10012 kB
LowTotal:         536648 kB
LowFree:           21192 kB
SwapTotal:        786428 kB
SwapFree:         685396 kB
Dirty:                64 kB
Writeback:             0 kB
AnonPages:        416560 kB
Mapped:           326652 kB
Shmem:               916 kB
Slab:              53328 kB
SReclaimable:      17332 kB
SUnreclaim:        35996 kB
KernelStack:       11088 kB
PageTables:        28896 kB
NFS_Unstable:          0 kB
Bounce:                0 kB
WritebackTmp:          0 kB
CommitLimit:     1479712 kB
Committed_AS:   62293020 kB
VmallocTotal:     319488 kB
VmallocUsed:       16488 kB
VmallocChunk:     187404 kB
Time pass: 98 sec

---2015-12-16 15:27:45
MemTotal:        1386568 kB
MemFree:           34524 kB
Buffers:            9488 kB
Cached:           581156 kB
SwapCached:        10252 kB
Active:           467544 kB
Inactive:         542508 kB
Active(anon):     185096 kB
Inactive(anon):   238388 kB
Active(file):     282448 kB
Inactive(file):   304120 kB
Unevictable:        3132 kB
Mlocked:               0 kB
HighTotal:        849920 kB
HighFree:          12636 kB
LowTotal:         536648 kB
LowFree:           21888 kB
SwapTotal:        786428 kB
SwapFree:         684844 kB
Dirty:                52 kB
Writeback:             0 kB
AnonPages:        416016 kB
Mapped:           326532 kB
Shmem:               944 kB
Slab:              53388 kB
SReclaimable:      17332 kB
SUnreclaim:        36056 kB
KernelStack:       11088 kB
PageTables:        28900 kB
NFS_Unstable:          0 kB
Bounce:                0 kB
WritebackTmp:          0 kB
CommitLimit:     1479712 kB
Committed_AS:   62292916 kB
VmallocTotal:     319488 kB
VmallocUsed:       16420 kB
VmallocChunk:     187404 kB
Time pass: 101 sec

---2015-12-16 15:27:45
MemTotal:        1386568 kB
MemFree:           35320 kB
Buffers:            9504 kB
Cached:           581224 kB
SwapCached:        10228 kB
Active:           467728 kB
Inactive:         542252 kB
Active(anon):     185208 kB
Inactive(anon):   238148 kB
Active(file):     282520 kB
Inactive(file):   304104 kB
Unevictable:        3132 kB
Mlocked:               0 kB
HighTotal:        849920 kB
HighFree:          12008 kB
LowTotal:         536648 kB
LowFree:           23312 kB
SwapTotal:        786428 kB
SwapFree:         684972 kB
Dirty:                 8 kB
Writeback:             0 kB
AnonPages:        415832 kB
Mapped:           326580 kB
Shmem:               944 kB
Slab:              53376 kB
SReclaimable:      17332 kB
SUnreclaim:        36044 kB
KernelStack:       10904 kB
PageTables:        28864 kB
NFS_Unstable:          0 kB
Bounce:                0 kB
WritebackTmp:          0 kB
CommitLimit:     1479712 kB
Committed_AS:   62292724 kB
VmallocTotal:     319488 kB
VmallocUsed:       16420 kB
VmallocChunk:     187404 kB
Time pass: 106 sec

---2015-12-16 15:27:45
MemTotal:        1386568 kB
MemFree:           35032 kB
Buffers:            9528 kB
Cached:           581252 kB
SwapCached:        10244 kB
Active:           467808 kB
Inactive:         542156 kB
Active(anon):     185252 kB
Inactive(anon):   238024 kB
Active(file):     282556 kB
Inactive(file):   304132 kB
Unevictable:        3132 kB
Mlocked:               0 kB
HighTotal:        849920 kB
HighFree:          10892 kB
LowTotal:         536648 kB
LowFree:           24140 kB
SwapTotal:        786428 kB
SwapFree:         685036 kB
Dirty:                88 kB
Writeback:             0 kB
AnonPages:        415756 kB
Mapped:           326564 kB
Shmem:               972 kB
Slab:              53464 kB
SReclaimable:      17332 kB
SUnreclaim:        36132 kB
KernelStack:       10776 kB
PageTables:        28860 kB
NFS_Unstable:          0 kB
Bounce:                0 kB
WritebackTmp:          0 kB
CommitLimit:     1479712 kB
Committed_AS:   62292516 kB
VmallocTotal:     319488 kB
VmallocUsed:       16488 kB
VmallocChunk:     187404 kB
Time pass: 110 sec

---2015-12-16 15:27:45
MemTotal:        1386568 kB
MemFree:           36724 kB
Buffers:            9536 kB
Cached:           581332 kB
SwapCached:        10244 kB
Active:           465812 kB
Inactive:         542080 kB
Active(anon):     183216 kB
Inactive(anon):   237916 kB
Active(file):     282596 kB
Inactive(file):   304164 kB
Unevictable:        3132 kB
Mlocked:               0 kB
HighTotal:        849920 kB
HighFree:          11972 kB
LowTotal:         536648 kB
LowFree:           24752 kB
SwapTotal:        786428 kB
SwapFree:         685080 kB
Dirty:                84 kB
Writeback:             0 kB
AnonPages:        413760 kB
Mapped:           326576 kB
Shmem:               976 kB
Slab:              53336 kB
SReclaimable:      17332 kB
SUnreclaim:        36004 kB
KernelStack:       10752 kB
PageTables:        28860 kB
NFS_Unstable:          0 kB
Bounce:                0 kB
WritebackTmp:          0 kB
CommitLimit:     1479712 kB
Committed_AS:   62292676 kB
VmallocTotal:     319488 kB
VmallocUsed:       16488 kB
VmallocChunk:     187404 kB
Time pass: 113 sec

---2015-12-16 15:27:45
MemTotal:        1386568 kB
MemFree:           36948 kB
Buffers:            9536 kB
Cached:           581376 kB
SwapCached:        10244 kB
Active:           465772 kB
Inactive:         542024 kB
Active(anon):     183124 kB
Inactive(anon):   237868 kB
Active(file):     282648 kB
Inactive(file):   304156 kB
Unevictable:        3132 kB
Mlocked:               0 kB
HighTotal:        849920 kB
HighFree:          12128 kB
LowTotal:         536648 kB
LowFree:           24820 kB
SwapTotal:        786428 kB
SwapFree:         685132 kB
Dirty:                28 kB
Writeback:             0 kB
AnonPages:        413516 kB
Mapped:           326668 kB
Shmem:               976 kB
Slab:              53316 kB
SReclaimable:      17332 kB
SUnreclaim:        35984 kB
KernelStack:       10744 kB
PageTables:        28868 kB
NFS_Unstable:          0 kB
Bounce:                0 kB
WritebackTmp:          0 kB
CommitLimit:     1479712 kB
Committed_AS:   62292676 kB
VmallocTotal:     319488 kB
VmallocUsed:       16488 kB
VmallocChunk:     187404 kB
Time pass: 117 sec

---2015-12-16 15:27:45
MemTotal:        1386568 kB
MemFree:           37272 kB
Buffers:            9544 kB
Cached:           581568 kB
SwapCached:        10232 kB
Active:           465952 kB
Inactive:         542088 kB
Active(anon):     183264 kB
Inactive(anon):   237916 kB
Active(file):     282688 kB
Inactive(file):   304172 kB
Unevictable:        3132 kB
Mlocked:               0 kB
HighTotal:        849920 kB
HighFree:          11900 kB
LowTotal:         536648 kB
LowFree:           25372 kB
SwapTotal:        786428 kB
SwapFree:         685172 kB
Dirty:                24 kB
Writeback:             0 kB
AnonPages:        413600 kB
Mapped:           326760 kB
Shmem:              1116 kB
Slab:              53216 kB
SReclaimable:      17332 kB
SUnreclaim:        35884 kB
KernelStack:       10688 kB
PageTables:        28832 kB
NFS_Unstable:          0 kB
Bounce:                0 kB
WritebackTmp:          0 kB
CommitLimit:     1479712 kB
Committed_AS:   62292796 kB
VmallocTotal:     319488 kB
VmallocUsed:       16420 kB
VmallocChunk:     187404 kB
Time pass: 121 sec

---2015-12-16 15:27:45
MemTotal:        1386568 kB
MemFree:           33964 kB
Buffers:            9608 kB
Cached:           582200 kB
SwapCached:        10228 kB
Active:           468352 kB
Inactive:         542524 kB
Active(anon):     185588 kB
Inactive(anon):   237820 kB
Active(file):     282764 kB
Inactive(file):   304704 kB
Unevictable:        3132 kB
Mlocked:               0 kB
HighTotal:        849920 kB
HighFree:           9140 kB
LowTotal:         536648 kB
LowFree:           24824 kB
SwapTotal:        786428 kB
SwapFree:         685180 kB
Dirty:                60 kB
Writeback:             0 kB
AnonPages:        415784 kB
Mapped:           327172 kB
Shmem:              1116 kB
Slab:              53220 kB
SReclaimable:      17332 kB
SUnreclaim:        35888 kB
KernelStack:       10712 kB
PageTables:        29300 kB
NFS_Unstable:          0 kB
Bounce:                0 kB
WritebackTmp:          0 kB
CommitLimit:     1479712 kB
Committed_AS:   63535240 kB
VmallocTotal:     319488 kB
VmallocUsed:       16488 kB
VmallocChunk:     187404 kB
Time pass: 125 sec

---2015-12-16 15:27:45
MemTotal:        1386568 kB
MemFree:           33728 kB
Buffers:            9616 kB
Cached:           583716 kB
SwapCached:        10228 kB
Active:           467608 kB
Inactive:         543880 kB
Active(anon):     184616 kB
Inactive(anon):   238960 kB
Active(file):     282992 kB
Inactive(file):   304920 kB
Unevictable:        3132 kB
Mlocked:               0 kB
HighTotal:        849920 kB
HighFree:          10280 kB
LowTotal:         536648 kB
LowFree:           23448 kB
SwapTotal:        786428 kB
SwapFree:         685184 kB
Dirty:                64 kB
Writeback:             0 kB
AnonPages:        414716 kB
Mapped:           328288 kB
Shmem:              2284 kB
Slab:              53288 kB
SReclaimable:      17332 kB
SUnreclaim:        35956 kB
KernelStack:       10792 kB
PageTables:        29304 kB
NFS_Unstable:          0 kB
Bounce:                0 kB
WritebackTmp:          0 kB
CommitLimit:     1479712 kB
Committed_AS:   63535444 kB
VmallocTotal:     319488 kB
VmallocUsed:       16420 kB
VmallocChunk:     187404 kB
Time pass: 129 sec

---2015-12-16 15:27:45
MemTotal:        1386568 kB
MemFree:           32832 kB
Buffers:            9624 kB
Cached:           583756 kB
SwapCached:        10228 kB
Active:           468876 kB
Inactive:         542920 kB
Active(anon):     185844 kB
Inactive(anon):   237988 kB
Active(file):     283032 kB
Inactive(file):   304932 kB
Unevictable:        3132 kB
Mlocked:               0 kB
HighTotal:        849920 kB
HighFree:           9824 kB
LowTotal:         536648 kB
LowFree:           23008 kB
SwapTotal:        786428 kB
SwapFree:         685192 kB
Dirty:                56 kB
Writeback:             0 kB
AnonPages:        414904 kB
Mapped:           328336 kB
Shmem:              2284 kB
Slab:              53256 kB
SReclaimable:      17332 kB
SUnreclaim:        35924 kB
KernelStack:       10792 kB
PageTables:        29304 kB
NFS_Unstable:          0 kB
Bounce:                0 kB
WritebackTmp:          0 kB
CommitLimit:     1479712 kB
Committed_AS:   63544500 kB
VmallocTotal:     319488 kB
VmallocUsed:       16488 kB
VmallocChunk:     187404 kB
Time pass: 133 sec

---2015-12-16 15:27:45
MemTotal:        1386568 kB
MemFree:           44428 kB
Buffers:            9624 kB
Cached:           582028 kB
SwapCached:        10228 kB
Active:           458428 kB
Inactive:         540828 kB
Active(anon):     175348 kB
Inactive(anon):   235888 kB
Active(file):     283080 kB
Inactive(file):   304940 kB
Unevictable:        3132 kB
Mlocked:               0 kB
HighTotal:        849920 kB
HighFree:          19756 kB
LowTotal:         536648 kB
LowFree:           24672 kB
SwapTotal:        786428 kB
SwapFree:         685252 kB
Dirty:                24 kB
Writeback:             0 kB
AnonPages:        404100 kB
Mapped:           326756 kB
Shmem:               500 kB
Slab:              53784 kB
SReclaimable:      17332 kB
SUnreclaim:        36452 kB
KernelStack:       10648 kB
PageTables:        29072 kB
NFS_Unstable:          0 kB
Bounce:                0 kB
WritebackTmp:          0 kB
CommitLimit:     1479712 kB
Committed_AS:   63525684 kB
VmallocTotal:     319488 kB
VmallocUsed:       16420 kB
VmallocChunk:     187404 kB
Time pass: 137 sec

---2015-12-16 15:27:45
MemTotal:        1386568 kB
MemFree:           40140 kB
Buffers:            9644 kB
Cached:           584840 kB
SwapCached:        10292 kB
Active:           459328 kB
Inactive:         543704 kB
Active(anon):     176176 kB
Inactive(anon):   235956 kB
Active(file):     283152 kB
Inactive(file):   307748 kB
Unevictable:        3132 kB
Mlocked:               0 kB
HighTotal:        849920 kB
HighFree:          16860 kB
LowTotal:         536648 kB
LowFree:           23280 kB
SwapTotal:        786428 kB
SwapFree:         685280 kB
Dirty:                40 kB
Writeback:             0 kB
AnonPages:        405224 kB
Mapped:           327388 kB
Shmem:               500 kB
Slab:              53784 kB
SReclaimable:      17332 kB
SUnreclaim:        36452 kB
KernelStack:       10464 kB
PageTables:        29088 kB
NFS_Unstable:          0 kB
Bounce:                0 kB
WritebackTmp:          0 kB
CommitLimit:     1479712 kB
Committed_AS:   63525844 kB
VmallocTotal:     319488 kB
VmallocUsed:       16352 kB
VmallocChunk:     187404 kB
Time pass: 140 sec

---2015-12-16 15:27:45
MemTotal:        1386568 kB
MemFree:          165652 kB
Buffers:            9584 kB
Cached:           584948 kB
SwapCached:        10468 kB
Active:           408184 kB
Inactive:         535572 kB
Active(anon):     117184 kB
Inactive(anon):   235540 kB
Active(file):     291000 kB
Inactive(file):   300032 kB
Unevictable:        3132 kB
Mlocked:               0 kB
HighTotal:        849920 kB
HighFree:         106300 kB
LowTotal:         536648 kB
LowFree:           59352 kB
SwapTotal:        786428 kB
SwapFree:         685120 kB
Dirty:                56 kB
Writeback:             0 kB
AnonPages:        345668 kB
Mapped:           246672 kB
Shmem:               368 kB
Slab:              53452 kB
SReclaimable:      17332 kB
SUnreclaim:        36120 kB
KernelStack:       10104 kB
PageTables:        29232 kB
NFS_Unstable:          0 kB
Bounce:                0 kB
WritebackTmp:          0 kB
CommitLimit:     1479712 kB
Committed_AS:   65872356 kB
VmallocTotal:     319488 kB
VmallocUsed:       15956 kB
VmallocChunk:     187404 kB
Time pass: 144 sec

---2015-12-16 15:27:45
MemTotal:        1386568 kB
MemFree:          167652 kB
Buffers:            9592 kB
Cached:           585072 kB
SwapCached:        10468 kB
Active:           406028 kB
Inactive:         535692 kB
Active(anon):     115020 kB
Inactive(anon):   235536 kB
Active(file):     291008 kB
Inactive(file):   300156 kB
Unevictable:        3132 kB
Mlocked:               0 kB
HighTotal:        849920 kB
HighFree:         108376 kB
LowTotal:         536648 kB
LowFree:           59276 kB
SwapTotal:        786428 kB
SwapFree:         685128 kB
Dirty:               176 kB
Writeback:             0 kB
AnonPages:        343532 kB
Mapped:           246772 kB
Shmem:               368 kB
Slab:              53388 kB
SReclaimable:      17332 kB
SUnreclaim:        36056 kB
KernelStack:       10056 kB
PageTables:        29288 kB
NFS_Unstable:          0 kB
Bounce:                0 kB
WritebackTmp:          0 kB
CommitLimit:     1479712 kB
Committed_AS:   65872756 kB
VmallocTotal:     319488 kB
VmallocUsed:       15956 kB
VmallocChunk:     187404 kB
Time pass: 148 sec

---2015-12-16 15:27:45
MemTotal:        1386568 kB
MemFree:          167016 kB
Buffers:            9600 kB
Cached:           585064 kB
SwapCached:        10468 kB
Active:           406072 kB
Inactive:         535700 kB
Active(anon):     115064 kB
Inactive(anon):   235544 kB
Active(file):     291008 kB
Inactive(file):   300156 kB
Unevictable:        3132 kB
Mlocked:               0 kB
HighTotal:        849920 kB
HighFree:         107704 kB
LowTotal:         536648 kB
LowFree:           59312 kB
SwapTotal:        786428 kB
SwapFree:         685128 kB
Dirty:                52 kB
Writeback:             0 kB
AnonPages:        343532 kB
Mapped:           246784 kB
Shmem:               368 kB
Slab:              53356 kB
SReclaimable:      17332 kB
SUnreclaim:        36024 kB
KernelStack:       10056 kB
PageTables:        29288 kB
NFS_Unstable:          0 kB
Bounce:                0 kB
WritebackTmp:          0 kB
CommitLimit:     1479712 kB
Committed_AS:   65872836 kB
VmallocTotal:     319488 kB
VmallocUsed:       16024 kB
VmallocChunk:     187404 kB
Time pass: 152 sec

---2015-12-16 15:27:45
MemTotal:        1386568 kB
MemFree:          167100 kB
Buffers:            9600 kB
Cached:           585072 kB
SwapCached:        10468 kB
Active:           406180 kB
Inactive:         535708 kB
Active(anon):     115172 kB
Inactive(anon):   235544 kB
Active(file):     291008 kB
Inactive(file):   300164 kB
Unevictable:        3132 kB
Mlocked:               0 kB
HighTotal:        849920 kB
HighFree:         107988 kB
LowTotal:         536648 kB
LowFree:           59112 kB
SwapTotal:        786428 kB
SwapFree:         685128 kB
Dirty:                44 kB
Writeback:             0 kB
AnonPages:        343704 kB
Mapped:           246788 kB
Shmem:               368 kB
Slab:              53484 kB
SReclaimable:      17332 kB
SUnreclaim:        36152 kB
KernelStack:       10056 kB
PageTables:        29288 kB
NFS_Unstable:          0 kB
Bounce:                0 kB
WritebackTmp:          0 kB
CommitLimit:     1479712 kB
Committed_AS:   65873076 kB
VmallocTotal:     319488 kB
VmallocUsed:       15956 kB
VmallocChunk:     187404 kB
Time pass: 156 sec

---2015-12-16 15:27:45
MemTotal:        1386568 kB
MemFree:          167128 kB
Buffers:            9600 kB
Cached:           585072 kB
SwapCached:        10468 kB
Active:           406236 kB
Inactive:         535688 kB
Active(anon):     115228 kB
Inactive(anon):   235524 kB
Active(file):     291008 kB
Inactive(file):   300164 kB
Unevictable:        3132 kB
Mlocked:               0 kB
HighTotal:        849920 kB
HighFree:         107984 kB
LowTotal:         536648 kB
LowFree:           59144 kB
SwapTotal:        786428 kB
SwapFree:         685128 kB
Dirty:                 0 kB
Writeback:             0 kB
AnonPages:        343744 kB
Mapped:           246788 kB
Shmem:               368 kB
Slab:              53452 kB
SReclaimable:      17332 kB
SUnreclaim:        36120 kB
KernelStack:       10056 kB
PageTables:        29288 kB
NFS_Unstable:          0 kB
Bounce:                0 kB
WritebackTmp:          0 kB
CommitLimit:     1479712 kB
Committed_AS:   65873156 kB
VmallocTotal:     319488 kB
VmallocUsed:       15956 kB
VmallocChunk:     187404 kB
Time pass: 159 sec

---2015-12-16 15:27:45
MemTotal:        1386568 kB
MemFree:          166416 kB
Buffers:            9600 kB
Cached:           585072 kB
SwapCached:        10468 kB
Active:           407308 kB
Inactive:         535648 kB
Active(anon):     116300 kB
Inactive(anon):   235484 kB
Active(file):     291008 kB
Inactive(file):   300164 kB
Unevictable:        3132 kB
Mlocked:               0 kB
HighTotal:        849920 kB
HighFree:         107288 kB
LowTotal:         536648 kB
LowFree:           59128 kB
SwapTotal:        786428 kB
SwapFree:         685128 kB
Dirty:                 0 kB
Writeback:             0 kB
AnonPages:        344752 kB
Mapped:           246940 kB
Shmem:               368 kB
Slab:              53452 kB
SReclaimable:      17332 kB
SUnreclaim:        36120 kB
KernelStack:       10024 kB
PageTables:        29320 kB
NFS_Unstable:          0 kB
Bounce:                0 kB
WritebackTmp:          0 kB
CommitLimit:     1479712 kB
Committed_AS:   65875664 kB
VmallocTotal:     319488 kB
VmallocUsed:       15956 kB
VmallocChunk:     187404 kB
Time pass: 163 sec

---2015-12-16 15:27:45
MemTotal:        1386568 kB
MemFree:          135096 kB
Buffers:            9676 kB
Cached:           586764 kB
SwapCached:        10524 kB
Active:           430864 kB
Inactive:         537072 kB
Active(anon):     139656 kB
Inactive(anon):   235548 kB
Active(file):     291208 kB
Inactive(file):   301524 kB
Unevictable:        3132 kB
Mlocked:               0 kB
HighTotal:        849920 kB
HighFree:          77072 kB
LowTotal:         536648 kB
LowFree:           58024 kB
SwapTotal:        786428 kB
SwapFree:         685164 kB
Dirty:               904 kB
Writeback:             0 kB
AnonPages:        368120 kB
Mapped:           273860 kB
Shmem:               500 kB
Slab:              53472 kB
SReclaimable:      17332 kB
SUnreclaim:        36140 kB
KernelStack:       10560 kB
PageTables:        30088 kB
NFS_Unstable:          0 kB
Bounce:                0 kB
WritebackTmp:          0 kB
CommitLimit:     1479712 kB
Committed_AS:   67180680 kB
VmallocTotal:     319488 kB
VmallocUsed:       16260 kB
VmallocChunk:     187404 kB
Time pass: 168 sec

---2015-12-16 15:27:45
MemTotal:        1386568 kB
MemFree:          104288 kB
Buffers:            9676 kB
Cached:           587052 kB
SwapCached:        10324 kB
Active:           451944 kB
Inactive:         536988 kB
Active(anon):     160664 kB
Inactive(anon):   235212 kB
Active(file):     291280 kB
Inactive(file):   301776 kB
Unevictable:        3132 kB
Mlocked:               0 kB
HighTotal:        849920 kB
HighFree:          49948 kB
LowTotal:         536648 kB
LowFree:           54340 kB
SwapTotal:        786428 kB
SwapFree:         688228 kB
Dirty:               460 kB
Writeback:             0 kB
AnonPages:        388752 kB
Mapped:           280068 kB
Shmem:               500 kB
Slab:              53692 kB
SReclaimable:      17332 kB
SUnreclaim:        36360 kB
KernelStack:       10672 kB
PageTables:        30080 kB
NFS_Unstable:          0 kB
Bounce:                0 kB
WritebackTmp:          0 kB
CommitLimit:     1479712 kB
Committed_AS:   67199384 kB
VmallocTotal:     319488 kB
VmallocUsed:       16284 kB
VmallocChunk:     187404 kB
Time pass: 172 sec

---2015-12-16 15:27:45
MemTotal:        1386568 kB
MemFree:           93060 kB
Buffers:            9684 kB
Cached:           587132 kB
SwapCached:        10324 kB
Active:           449148 kB
Inactive:         537076 kB
Active(anon):     157824 kB
Inactive(anon):   235216 kB
Active(file):     291324 kB
Inactive(file):   301860 kB
Unevictable:        3132 kB
Mlocked:               0 kB
HighTotal:        849920 kB
HighFree:          38460 kB
LowTotal:         536648 kB
LowFree:           54600 kB
SwapTotal:        786428 kB
SwapFree:         688232 kB
Dirty:               164 kB
Writeback:             0 kB
AnonPages:        385940 kB
Mapped:           293968 kB
Shmem:               500 kB
Slab:              53564 kB
SReclaimable:      17332 kB
SUnreclaim:        36232 kB
KernelStack:       10632 kB
PageTables:        30128 kB
NFS_Unstable:          0 kB
Bounce:                0 kB
WritebackTmp:          0 kB
CommitLimit:     1479712 kB
Committed_AS:   67199872 kB
VmallocTotal:     319488 kB
VmallocUsed:       16264 kB
VmallocChunk:     187404 kB
Time pass: 176 sec

---2015-12-16 15:27:45
MemTotal:        1386568 kB
MemFree:           65972 kB
Buffers:            9732 kB
Cached:           593868 kB
SwapCached:        10324 kB
Active:           465612 kB
Inactive:         530548 kB
Active(anon):     160944 kB
Inactive(anon):   235216 kB
Active(file):     304668 kB
Inactive(file):   295332 kB
Unevictable:        3132 kB
Mlocked:               0 kB
HighTotal:        849920 kB
HighFree:          17980 kB
LowTotal:         536648 kB
LowFree:           47992 kB
SwapTotal:        786428 kB
SwapFree:         688232 kB
Dirty:               112 kB
Writeback:             0 kB
AnonPages:        388840 kB
Mapped:           310532 kB
Shmem:               500 kB
Slab:              53616 kB
SReclaimable:      17420 kB
SUnreclaim:        36196 kB
KernelStack:       10648 kB
PageTables:        30208 kB
NFS_Unstable:          0 kB
Bounce:                0 kB
WritebackTmp:          0 kB
CommitLimit:     1479712 kB
Committed_AS:   67220600 kB
VmallocTotal:     319488 kB
VmallocUsed:       16428 kB
VmallocChunk:     187404 kB
Time pass: 180 sec

---2015-12-16 15:27:45
MemTotal:        1386568 kB
MemFree:           60032 kB
Buffers:            9740 kB
Cached:           593940 kB
SwapCached:        10324 kB
Active:           466640 kB
Inactive:         530444 kB
Active(anon):     161828 kB
Inactive(anon):   235216 kB
Active(file):     304812 kB
Inactive(file):   295228 kB
Unevictable:        3132 kB
Mlocked:               0 kB
HighTotal:        849920 kB
HighFree:          17544 kB
LowTotal:         536648 kB
LowFree:           42488 kB
SwapTotal:        786428 kB
SwapFree:         688232 kB
Dirty:               332 kB
Writeback:             0 kB
AnonPages:        389908 kB
Mapped:           314464 kB
Shmem:               500 kB
Slab:              53512 kB
SReclaimable:      17420 kB
SUnreclaim:        36092 kB
KernelStack:       10600 kB
PageTables:        30224 kB
NFS_Unstable:          0 kB
Bounce:                0 kB
WritebackTmp:          0 kB
CommitLimit:     1479712 kB
Committed_AS:   67220848 kB
VmallocTotal:     319488 kB
VmallocUsed:       16304 kB
VmallocChunk:     187404 kB
Time pass: 183 sec

---2015-12-16 15:27:45
MemTotal:        1386568 kB
MemFree:           43248 kB
Buffers:            9740 kB
Cached:           593952 kB
SwapCached:        10324 kB
Active:           472860 kB
Inactive:         530428 kB
Active(anon):     168032 kB
Inactive(anon):   235196 kB
Active(file):     304828 kB
Inactive(file):   295232 kB
Unevictable:        3132 kB
Mlocked:               0 kB
HighTotal:        849920 kB
HighFree:          11432 kB
LowTotal:         536648 kB
LowFree:           31816 kB
SwapTotal:        786428 kB
SwapFree:         688232 kB
Dirty:               660 kB
Writeback:             0 kB
AnonPages:        396092 kB
Mapped:           323728 kB
Shmem:               500 kB
Slab:              53484 kB
SReclaimable:      17424 kB
SUnreclaim:        36060 kB
KernelStack:       10600 kB
PageTables:        30252 kB
NFS_Unstable:          0 kB
Bounce:                0 kB
WritebackTmp:          0 kB
CommitLimit:     1479712 kB
Committed_AS:   67221288 kB
VmallocTotal:     319488 kB
VmallocUsed:       16272 kB
VmallocChunk:     187404 kB
Time pass: 187 sec

---2015-12-16 15:27:45
MemTotal:        1386568 kB
MemFree:           42416 kB
Buffers:            9756 kB
Cached:           593952 kB
SwapCached:        10324 kB
Active:           472924 kB
Inactive:         530440 kB
Active(anon):     168096 kB
Inactive(anon):   235192 kB
Active(file):     304828 kB
Inactive(file):   295248 kB
Unevictable:        3132 kB
Mlocked:               0 kB
HighTotal:        849920 kB
HighFree:          11160 kB
LowTotal:         536648 kB
LowFree:           31256 kB
SwapTotal:        786428 kB
SwapFree:         688232 kB
Dirty:                 0 kB
Writeback:             0 kB
AnonPages:        396152 kB
Mapped:           323716 kB
Shmem:               500 kB
Slab:              53916 kB
SReclaimable:      17408 kB
SUnreclaim:        36508 kB
KernelStack:       10624 kB
PageTables:        30204 kB
NFS_Unstable:          0 kB
Bounce:                0 kB
WritebackTmp:          0 kB
CommitLimit:     1479712 kB
Committed_AS:   67221368 kB
VmallocTotal:     319488 kB
VmallocUsed:       16340 kB
VmallocChunk:     187404 kB
Time pass: 191 sec

---2015-12-16 15:27:45
MemTotal:        1386568 kB
MemFree:           41204 kB
Buffers:            9764 kB
Cached:           593952 kB
SwapCached:        10324 kB
Active:           473608 kB
Inactive:         530448 kB
Active(anon):     168780 kB
Inactive(anon):   235192 kB
Active(file):     304828 kB
Inactive(file):   295256 kB
Unevictable:        3132 kB
Mlocked:               0 kB
HighTotal:        849920 kB
HighFree:          10248 kB
LowTotal:         536648 kB
LowFree:           30956 kB
SwapTotal:        786428 kB
SwapFree:         688232 kB
Dirty:                52 kB
Writeback:             0 kB
AnonPages:        396888 kB
Mapped:           323772 kB
Shmem:               500 kB
Slab:              53868 kB
SReclaimable:      17392 kB
SUnreclaim:        36476 kB
KernelStack:       10600 kB
PageTables:        30256 kB
NFS_Unstable:          0 kB
Bounce:                0 kB
WritebackTmp:          0 kB
CommitLimit:     1479712 kB
Committed_AS:   67221600 kB
VmallocTotal:     319488 kB
VmallocUsed:       16408 kB
VmallocChunk:     187404 kB
Time pass: 195 sec

---2015-12-16 15:27:45
MemTotal:        1386568 kB
MemFree:           30360 kB
Buffers:            9696 kB
Cached:           593952 kB
SwapCached:        10316 kB
Active:           483560 kB
Inactive:         529556 kB
Active(anon):     177952 kB
Inactive(anon):   235328 kB
Active(file):     305608 kB
Inactive(file):   294228 kB
Unevictable:        3132 kB
Mlocked:               0 kB
HighTotal:        849920 kB
HighFree:           8780 kB
LowTotal:         536648 kB
LowFree:           21580 kB
SwapTotal:        786428 kB
SwapFree:         688260 kB
Dirty:                64 kB
Writeback:             0 kB
AnonPages:        405988 kB
Mapped:           327324 kB
Shmem:               680 kB
Slab:              53888 kB
SReclaimable:      17392 kB
SUnreclaim:        36496 kB
KernelStack:       10928 kB
PageTables:        30416 kB
NFS_Unstable:          0 kB
Bounce:                0 kB
WritebackTmp:          0 kB
CommitLimit:     1479712 kB
Committed_AS:   67235136 kB
VmallocTotal:     319488 kB
VmallocUsed:       16476 kB
VmallocChunk:     187404 kB
Time pass: 199 sec

---2015-12-16 15:27:45
MemTotal:        1386568 kB
MemFree:           37448 kB
Buffers:            9736 kB
Cached:           583872 kB
SwapCached:        10328 kB
Active:           485268 kB
Inactive:         523220 kB
Active(anon):     188696 kB
Inactive(anon):   230216 kB
Active(file):     296572 kB
Inactive(file):   293004 kB
Unevictable:        3132 kB
Mlocked:               0 kB
HighTotal:        849920 kB
HighFree:          13676 kB
LowTotal:         536648 kB
LowFree:           23772 kB
SwapTotal:        786428 kB
SwapFree:         684676 kB
Dirty:                40 kB
Writeback:             0 kB
AnonPages:        411660 kB
Mapped:           325116 kB
Shmem:               900 kB
Slab:              54024 kB
SReclaimable:      17412 kB
SUnreclaim:        36612 kB
KernelStack:       10944 kB
PageTables:        30484 kB
NFS_Unstable:          0 kB
Bounce:                0 kB
WritebackTmp:          0 kB
CommitLimit:     1479712 kB
Committed_AS:   67247700 kB
VmallocTotal:     319488 kB
VmallocUsed:       16476 kB
VmallocChunk:     187404 kB
Time pass: 204 sec

---2015-12-16 15:27:45
MemTotal:        1386568 kB
MemFree:           37564 kB
Buffers:            9736 kB
Cached:           583892 kB
SwapCached:        10328 kB
Active:           486580 kB
Inactive:         523240 kB
Active(anon):     190008 kB
Inactive(anon):   230220 kB
Active(file):     296572 kB
Inactive(file):   293020 kB
Unevictable:        3132 kB
Mlocked:               0 kB
HighTotal:        849920 kB
HighFree:          12392 kB
LowTotal:         536648 kB
LowFree:           25172 kB
SwapTotal:        786428 kB
SwapFree:         684676 kB
Dirty:                 0 kB
Writeback:             0 kB
AnonPages:        412832 kB
Mapped:           325076 kB
Shmem:               904 kB
Slab:              53816 kB
SReclaimable:      17432 kB
SUnreclaim:        36384 kB
KernelStack:       10896 kB
PageTables:        30484 kB
NFS_Unstable:          0 kB
Bounce:                0 kB
WritebackTmp:          0 kB
CommitLimit:     1479712 kB
Committed_AS:   67247896 kB
VmallocTotal:     319488 kB
VmallocUsed:       16408 kB
VmallocChunk:     187404 kB
Time pass: 208 sec

---2015-12-16 15:27:45
MemTotal:        1386568 kB
MemFree:           37300 kB
Buffers:            9752 kB
Cached:           583896 kB
SwapCached:        10324 kB
Active:           486028 kB
Inactive:         523256 kB
Active(anon):     189456 kB
Inactive(anon):   230220 kB
Active(file):     296572 kB
Inactive(file):   293036 kB
Unevictable:        3132 kB
Mlocked:               0 kB
HighTotal:        849920 kB
HighFree:          11232 kB
LowTotal:         536648 kB
LowFree:           26068 kB
SwapTotal:        786428 kB
SwapFree:         684680 kB
Dirty:                36 kB
Writeback:             0 kB
AnonPages:        412132 kB
Mapped:           325004 kB
Shmem:               908 kB
Slab:              53936 kB
SReclaimable:      17432 kB
SUnreclaim:        36504 kB
KernelStack:       10904 kB
PageTables:        30484 kB
NFS_Unstable:          0 kB
Bounce:                0 kB
WritebackTmp:          0 kB
CommitLimit:     1479712 kB
Committed_AS:   67245132 kB
VmallocTotal:     319488 kB
VmallocUsed:       16408 kB
VmallocChunk:     187404 kB
Time pass: 212 sec

---2015-12-16 15:27:45
MemTotal:        1386568 kB
MemFree:           37868 kB
Buffers:            9776 kB
Cached:           583924 kB
SwapCached:        10324 kB
Active:           485280 kB
Inactive:         523296 kB
Active(anon):     188708 kB
Inactive(anon):   230236 kB
Active(file):     296572 kB
Inactive(file):   293060 kB
Unevictable:        3132 kB
Mlocked:               0 kB
HighTotal:        849920 kB
HighFree:          11308 kB
LowTotal:         536648 kB
LowFree:           26560 kB
SwapTotal:        786428 kB
SwapFree:         684688 kB
Dirty:                 0 kB
Writeback:             0 kB
AnonPages:        411644 kB
Mapped:           325124 kB
Shmem:               936 kB
Slab:              53868 kB
SReclaimable:      17432 kB
SUnreclaim:        36436 kB
KernelStack:       10928 kB
PageTables:        30512 kB
NFS_Unstable:          0 kB
Bounce:                0 kB
WritebackTmp:          0 kB
CommitLimit:     1479712 kB
Committed_AS:   67249624 kB
VmallocTotal:     319488 kB
VmallocUsed:       16476 kB
VmallocChunk:     187404 kB
Time pass: 216 sec

---2015-12-16 15:27:45
MemTotal:        1386568 kB
MemFree:           37468 kB
Buffers:            9800 kB
Cached:           583936 kB
SwapCached:        10324 kB
Active:           485520 kB
Inactive:         523332 kB
Active(anon):     188948 kB
Inactive(anon):   230264 kB
Active(file):     296572 kB
Inactive(file):   293068 kB
Unevictable:        3132 kB
Mlocked:               0 kB
HighTotal:        849920 kB
HighFree:          10828 kB
LowTotal:         536648 kB
LowFree:           26640 kB
SwapTotal:        786428 kB
SwapFree:         684720 kB
Dirty:                28 kB
Writeback:             0 kB
AnonPages:        411592 kB
Mapped:           325060 kB
Shmem:               964 kB
Slab:              53940 kB
SReclaimable:      17432 kB
SUnreclaim:        36508 kB
KernelStack:       10952 kB
PageTables:        30492 kB
NFS_Unstable:          0 kB
Bounce:                0 kB
WritebackTmp:          0 kB
CommitLimit:     1479712 kB
Committed_AS:   67249664 kB
VmallocTotal:     319488 kB
VmallocUsed:       16476 kB
VmallocChunk:     187404 kB
Time pass: 220 sec

---2015-12-16 15:27:45
MemTotal:        1386568 kB
MemFree:           36456 kB
Buffers:            9800 kB
Cached:           583952 kB
SwapCached:        10324 kB
Active:           486296 kB
Inactive:         523348 kB
Active(anon):     189724 kB
Inactive(anon):   230264 kB
Active(file):     296572 kB
Inactive(file):   293084 kB
Unevictable:        3132 kB
Mlocked:               0 kB
HighTotal:        849920 kB
HighFree:          10012 kB
LowTotal:         536648 kB
LowFree:           26444 kB
SwapTotal:        786428 kB
SwapFree:         684784 kB
Dirty:                 0 kB
Writeback:             0 kB
AnonPages:        412488 kB
Mapped:           325212 kB
Shmem:               964 kB
Slab:              53936 kB
SReclaimable:      17432 kB
SUnreclaim:        36504 kB
KernelStack:       10952 kB
PageTables:        30496 kB
NFS_Unstable:          0 kB
Bounce:                0 kB
WritebackTmp:          0 kB
CommitLimit:     1479712 kB
Committed_AS:   67249936 kB
VmallocTotal:     319488 kB
VmallocUsed:       16476 kB
VmallocChunk:     187404 kB
Time pass: 225 sec

---2015-12-16 15:27:45
MemTotal:        1386568 kB
MemFree:           36980 kB
Buffers:            9824 kB
Cached:           583952 kB
SwapCached:        10324 kB
Active:           485676 kB
Inactive:         523348 kB
Active(anon):     189104 kB
Inactive(anon):   230240 kB
Active(file):     296572 kB
Inactive(file):   293108 kB
Unevictable:        3132 kB
Mlocked:               0 kB
HighTotal:        849920 kB
HighFree:          10448 kB
LowTotal:         536648 kB
LowFree:           26532 kB
SwapTotal:        786428 kB
SwapFree:         684784 kB
Dirty:                32 kB
Writeback:             0 kB
AnonPages:        411816 kB
Mapped:           325212 kB
Shmem:               964 kB
Slab:              53936 kB
SReclaimable:      17432 kB
SUnreclaim:        36504 kB
KernelStack:       10944 kB
PageTables:        30496 kB
NFS_Unstable:          0 kB
Bounce:                0 kB
WritebackTmp:          0 kB
CommitLimit:     1479712 kB
Committed_AS:   67249976 kB
VmallocTotal:     319488 kB
VmallocUsed:       16476 kB
VmallocChunk:     187404 kB
Time pass: 228 sec

---2015-12-16 15:27:45
MemTotal:        1386568 kB
MemFree:           35792 kB
Buffers:            9824 kB
Cached:           583952 kB
SwapCached:        10324 kB
Active:           487040 kB
Inactive:         523312 kB
Active(anon):     190468 kB
Inactive(anon):   230204 kB
Active(file):     296572 kB
Inactive(file):   293108 kB
Unevictable:        3132 kB
Mlocked:               0 kB
HighTotal:        849920 kB
HighFree:           9204 kB
LowTotal:         536648 kB
LowFree:           26588 kB
SwapTotal:        786428 kB
SwapFree:         684784 kB
Dirty:                 0 kB
Writeback:             0 kB
AnonPages:        413196 kB
Mapped:           325064 kB
Shmem:               964 kB
Slab:              53868 kB
SReclaimable:      17432 kB
SUnreclaim:        36436 kB
KernelStack:       10944 kB
PageTables:        30492 kB
NFS_Unstable:          0 kB
Bounce:                0 kB
WritebackTmp:          0 kB
CommitLimit:     1479712 kB
Committed_AS:   67250040 kB
VmallocTotal:     319488 kB
VmallocUsed:       16476 kB
VmallocChunk:     187404 kB
Time pass: 233 sec

---2015-12-16 15:27:45
MemTotal:        1386568 kB
MemFree:           34692 kB
Buffers:            9840 kB
Cached:           584164 kB
SwapCached:        10328 kB
Active:           487668 kB
Inactive:         523436 kB
Active(anon):     191096 kB
Inactive(anon):   230100 kB
Active(file):     296572 kB
Inactive(file):   293336 kB
Unevictable:        3132 kB
Mlocked:               0 kB
HighTotal:        849920 kB
HighFree:           8708 kB
LowTotal:         536648 kB
LowFree:           25984 kB
SwapTotal:        786428 kB
SwapFree:         684784 kB
Dirty:                40 kB
Writeback:             0 kB
AnonPages:        413704 kB
Mapped:           325096 kB
Shmem:               964 kB
Slab:              53964 kB
SReclaimable:      17432 kB
SUnreclaim:        36532 kB
KernelStack:       10944 kB
PageTables:        30496 kB
NFS_Unstable:          0 kB
Bounce:                0 kB
WritebackTmp:          0 kB
CommitLimit:     1479712 kB
Committed_AS:   67250816 kB
VmallocTotal:     319488 kB
VmallocUsed:       16476 kB
VmallocChunk:     187404 kB
Time pass: 236 sec

---2015-12-16 15:27:45
MemTotal:        1386568 kB
MemFree:           35296 kB
Buffers:            9864 kB
Cached:           584228 kB
SwapCached:        10328 kB
Active:           487076 kB
Inactive:         523524 kB
Active(anon):     190504 kB
Inactive(anon):   230180 kB
Active(file):     296572 kB
Inactive(file):   293344 kB
Unevictable:        3132 kB
Mlocked:               0 kB
HighTotal:        849920 kB
HighFree:           9056 kB
LowTotal:         536648 kB
LowFree:           26240 kB
SwapTotal:        786428 kB
SwapFree:         684784 kB
Dirty:                32 kB
Writeback:             0 kB
AnonPages:        413124 kB
Mapped:           325324 kB
Shmem:              1044 kB
Slab:              54092 kB
SReclaimable:      17432 kB
SUnreclaim:        36660 kB
KernelStack:       10944 kB
PageTables:        30496 kB
NFS_Unstable:          0 kB
Bounce:                0 kB
WritebackTmp:          0 kB
CommitLimit:     1479712 kB
Committed_AS:   67250920 kB
VmallocTotal:     319488 kB
VmallocUsed:       16476 kB
VmallocChunk:     187404 kB
Time pass: 240 sec

---2015-12-16 15:27:45
MemTotal:        1386568 kB
MemFree:           35036 kB
Buffers:            9864 kB
Cached:           584244 kB
SwapCached:        10324 kB
Active:           487392 kB
Inactive:         523504 kB
Active(anon):     190820 kB
Inactive(anon):   230144 kB
Active(file):     296572 kB
Inactive(file):   293360 kB
Unevictable:        3132 kB
Mlocked:               0 kB
HighTotal:        849920 kB
HighFree:           8792 kB
LowTotal:         536648 kB
LowFree:           26244 kB
SwapTotal:        786428 kB
SwapFree:         684788 kB
Dirty:                 0 kB
Writeback:             0 kB
AnonPages:        413340 kB
Mapped:           325328 kB
Shmem:              1044 kB
Slab:              54052 kB
SReclaimable:      17432 kB
SUnreclaim:        36620 kB
KernelStack:       10944 kB
PageTables:        30496 kB
NFS_Unstable:          0 kB
Bounce:                0 kB
WritebackTmp:          0 kB
CommitLimit:     1479712 kB
Committed_AS:   67251116 kB
VmallocTotal:     319488 kB
VmallocUsed:       16476 kB
VmallocChunk:     187404 kB
Time pass: 244 sec

---2015-12-16 15:27:45
MemTotal:        1386568 kB
MemFree:           37216 kB
Buffers:            9888 kB
Cached:           583848 kB
SwapCached:        10324 kB
Active:           486680 kB
Inactive:         523104 kB
Active(anon):     189972 kB
Inactive(anon):   229760 kB
Active(file):     296708 kB
Inactive(file):   293344 kB
Unevictable:        3132 kB
Mlocked:               0 kB
HighTotal:        849920 kB
HighFree:          10284 kB
LowTotal:         536648 kB
LowFree:           26932 kB
SwapTotal:        786428 kB
SwapFree:         684788 kB
Dirty:                32 kB
Writeback:             0 kB
AnonPages:        412412 kB
Mapped:           324640 kB
Shmem:               600 kB
Slab:              53832 kB
SReclaimable:      17432 kB
SUnreclaim:        36400 kB
KernelStack:       10944 kB
PageTables:        30380 kB
NFS_Unstable:          0 kB
Bounce:                0 kB
WritebackTmp:          0 kB
CommitLimit:     1479712 kB
Committed_AS:   67242148 kB
VmallocTotal:     319488 kB
VmallocUsed:       16408 kB
VmallocChunk:     187404 kB
Time pass: 249 sec

---2015-12-16 15:27:45
MemTotal:        1386568 kB
MemFree:           36932 kB
Buffers:            9904 kB
Cached:           584188 kB
SwapCached:        10320 kB
Active:           487340 kB
Inactive:         523312 kB
Active(anon):     190596 kB
Inactive(anon):   229884 kB
Active(file):     296744 kB
Inactive(file):   293428 kB
Unevictable:        3132 kB
Mlocked:               0 kB
HighTotal:        849920 kB
HighFree:           9380 kB
LowTotal:         536648 kB
LowFree:           27552 kB
SwapTotal:        786428 kB
SwapFree:         684808 kB
Dirty:                40 kB
Writeback:             0 kB
AnonPages:        413208 kB
Mapped:           325024 kB
Shmem:               788 kB
Slab:              53832 kB
SReclaimable:      17432 kB
SUnreclaim:        36400 kB
KernelStack:       10912 kB
PageTables:        30464 kB
NFS_Unstable:          0 kB
Bounce:                0 kB
WritebackTmp:          0 kB
CommitLimit:     1479712 kB
Committed_AS:   67251360 kB
VmallocTotal:     319488 kB
VmallocUsed:       16408 kB
VmallocChunk:     187404 kB
Time pass: 253 sec

---2015-12-16 15:27:45
MemTotal:        1386568 kB
MemFree:           34444 kB
Buffers:            9968 kB
Cached:           584216 kB
SwapCached:        10320 kB
Active:           488276 kB
Inactive:         523404 kB
Active(anon):     191532 kB
Inactive(anon):   229928 kB
Active(file):     296744 kB
Inactive(file):   293476 kB
Unevictable:        3132 kB
Mlocked:               0 kB
HighTotal:        849920 kB
HighFree:           8720 kB
LowTotal:         536648 kB
LowFree:           25724 kB
SwapTotal:        786428 kB
SwapFree:         684828 kB
Dirty:                44 kB
Writeback:             0 kB
AnonPages:        414076 kB
Mapped:           325028 kB
Shmem:               832 kB
Slab:              53952 kB
SReclaimable:      17452 kB
SUnreclaim:        36500 kB
KernelStack:       10952 kB
PageTables:        30500 kB
NFS_Unstable:          0 kB
Bounce:                0 kB
WritebackTmp:          0 kB
CommitLimit:     1479712 kB
Committed_AS:   67255736 kB
VmallocTotal:     319488 kB
VmallocUsed:       16476 kB
VmallocChunk:     187404 kB
Time pass: 257 sec

---2015-12-16 15:27:45
MemTotal:        1386568 kB
MemFree:           35404 kB
Buffers:            9968 kB
Cached:           584308 kB
SwapCached:        10320 kB
Active:           488536 kB
Inactive:         523500 kB
Active(anon):     191792 kB
Inactive(anon):   230008 kB
Active(file):     296744 kB
Inactive(file):   293492 kB
Unevictable:        3132 kB
Mlocked:               0 kB
HighTotal:        849920 kB
HighFree:           9968 kB
LowTotal:         536648 kB
LowFree:           25436 kB
SwapTotal:        786428 kB
SwapFree:         684836 kB
Dirty:                40 kB
Writeback:             0 kB
AnonPages:        414336 kB
Mapped:           325208 kB
Shmem:               908 kB
Slab:              53888 kB
SReclaimable:      17452 kB
SUnreclaim:        36436 kB
KernelStack:       10888 kB
PageTables:        30500 kB
NFS_Unstable:          0 kB
Bounce:                0 kB
WritebackTmp:          0 kB
CommitLimit:     1479712 kB
Committed_AS:   67255824 kB
VmallocTotal:     319488 kB
VmallocUsed:       16408 kB
VmallocChunk:     187404 kB
Time pass: 261 sec

---2015-12-16 15:27:45
MemTotal:        1386568 kB
MemFree:           33204 kB
Buffers:            9984 kB
Cached:           584332 kB
SwapCached:        10316 kB
Active:           489580 kB
Inactive:         523532 kB
Active(anon):     192836 kB
Inactive(anon):   230008 kB
Active(file):     296744 kB
Inactive(file):   293524 kB
Unevictable:        3132 kB
Mlocked:               0 kB
HighTotal:        849920 kB
HighFree:           8784 kB
LowTotal:         536648 kB
LowFree:           24420 kB
SwapTotal:        786428 kB
SwapFree:         685036 kB
Dirty:                 0 kB
Writeback:             0 kB
AnonPages:        415608 kB
Mapped:           325220 kB
Shmem:               916 kB
Slab:              54076 kB
SReclaimable:      17452 kB
SUnreclaim:        36624 kB
KernelStack:       10912 kB
PageTables:        30460 kB
NFS_Unstable:          0 kB
Bounce:                0 kB
WritebackTmp:          0 kB
CommitLimit:     1479712 kB
Committed_AS:   67245628 kB
VmallocTotal:     319488 kB
VmallocUsed:       16476 kB
VmallocChunk:     187404 kB
Time pass: 266 sec

---2015-12-16 15:27:45
MemTotal:        1386568 kB
MemFree:           35164 kB
Buffers:           10008 kB
Cached:           584336 kB
SwapCached:        10316 kB
Active:           487436 kB
Inactive:         523560 kB
Active(anon):     190692 kB
Inactive(anon):   230020 kB
Active(file):     296744 kB
Inactive(file):   293540 kB
Unevictable:        3132 kB
Mlocked:               0 kB
HighTotal:        849920 kB
HighFree:          10548 kB
LowTotal:         536648 kB
LowFree:           24616 kB
SwapTotal:        786428 kB
SwapFree:         685036 kB
Dirty:                32 kB
Writeback:             0 kB
AnonPages:        413336 kB
Mapped:           325288 kB
Shmem:               928 kB
Slab:              54012 kB
SReclaimable:      17452 kB
SUnreclaim:        36560 kB
KernelStack:       10944 kB
PageTables:        30484 kB
NFS_Unstable:          0 kB
Bounce:                0 kB
WritebackTmp:          0 kB
CommitLimit:     1479712 kB
Committed_AS:   67245716 kB
VmallocTotal:     319488 kB
VmallocUsed:       16476 kB
VmallocChunk:     187404 kB
Time pass: 270 sec

---2015-12-16 15:27:45
MemTotal:        1386568 kB
MemFree:           36436 kB
Buffers:           10024 kB
Cached:           584380 kB
SwapCached:        10316 kB
Active:           486548 kB
Inactive:         523620 kB
Active(anon):     189804 kB
Inactive(anon):   230056 kB
Active(file):     296744 kB
Inactive(file):   293564 kB
Unevictable:        3132 kB
Mlocked:               0 kB
HighTotal:        849920 kB
HighFree:          11184 kB
LowTotal:         536648 kB
LowFree:           25252 kB
SwapTotal:        786428 kB
SwapFree:         685036 kB
Dirty:                32 kB
Writeback:             0 kB
AnonPages:        412304 kB
Mapped:           325276 kB
Shmem:               964 kB
Slab:              53916 kB
SReclaimable:      17452 kB
SUnreclaim:        36464 kB
KernelStack:       10880 kB
PageTables:        30484 kB
NFS_Unstable:          0 kB
Bounce:                0 kB
WritebackTmp:          0 kB
CommitLimit:     1479712 kB
Committed_AS:   67245932 kB
VmallocTotal:     319488 kB
VmallocUsed:       16408 kB
VmallocChunk:     187404 kB
Time pass: 274 sec

---2015-12-16 15:27:45
MemTotal:        1386568 kB
MemFree:           36236 kB
Buffers:           10024 kB
Cached:           584380 kB
SwapCached:        10316 kB
Active:           486508 kB
Inactive:         523620 kB
Active(anon):     189764 kB
Inactive(anon):   230056 kB
Active(file):     296744 kB
Inactive(file):   293564 kB
Unevictable:        3132 kB
Mlocked:               0 kB
HighTotal:        849920 kB
HighFree:          11140 kB
LowTotal:         536648 kB
LowFree:           25096 kB
SwapTotal:        786428 kB
SwapFree:         685036 kB
Dirty:                32 kB
Writeback:             0 kB
AnonPages:        412280 kB
Mapped:           325268 kB
Shmem:               964 kB
Slab:              53852 kB
SReclaimable:      17452 kB
SUnreclaim:        36400 kB
KernelStack:       10920 kB
PageTables:        30460 kB
NFS_Unstable:          0 kB
Bounce:                0 kB
WritebackTmp:          0 kB
CommitLimit:     1479712 kB
Committed_AS:   67246020 kB
VmallocTotal:     319488 kB
VmallocUsed:       16476 kB
VmallocChunk:     187404 kB
Time pass: 278 sec

---2015-12-16 15:27:45
MemTotal:        1386568 kB
MemFree:           35908 kB
Buffers:           10048 kB
Cached:           584376 kB
SwapCached:        10316 kB
Active:           486780 kB
Inactive:         523628 kB
Active(anon):     190024 kB
Inactive(anon):   230056 kB
Active(file):     296756 kB
Inactive(file):   293572 kB
Unevictable:        3132 kB
Mlocked:               0 kB
HighTotal:        849920 kB
HighFree:          10436 kB
LowTotal:         536648 kB
LowFree:           25472 kB
SwapTotal:        786428 kB
SwapFree:         685040 kB
Dirty:                28 kB
Writeback:            16 kB
AnonPages:        412732 kB
Mapped:           325276 kB
Shmem:               964 kB
Slab:              53916 kB
SReclaimable:      17452 kB
SUnreclaim:        36464 kB
KernelStack:       10920 kB
PageTables:        30484 kB
NFS_Unstable:          0 kB
Bounce:                0 kB
WritebackTmp:          0 kB
CommitLimit:     1479712 kB
Committed_AS:   67245984 kB
VmallocTotal:     319488 kB
VmallocUsed:       16408 kB
VmallocChunk:     187404 kB
Time pass: 282 sec

---2015-12-16 15:27:45
MemTotal:        1386568 kB
MemFree:           36440 kB
Buffers:           10056 kB
Cached:           584380 kB
SwapCached:        10316 kB
Active:           487192 kB
Inactive:         523656 kB
Active(anon):     190448 kB
Inactive(anon):   230060 kB
Active(file):     296744 kB
Inactive(file):   293596 kB
Unevictable:        3132 kB
Mlocked:               0 kB
HighTotal:        849920 kB
HighFree:          10660 kB
LowTotal:         536648 kB
LowFree:           25780 kB
SwapTotal:        786428 kB
SwapFree:         685040 kB
Dirty:                52 kB
Writeback:             0 kB
AnonPages:        412976 kB
Mapped:           325276 kB
Shmem:               964 kB
Slab:              53660 kB
SReclaimable:      17452 kB
SUnreclaim:        36208 kB
KernelStack:       10896 kB
PageTables:        30488 kB
NFS_Unstable:          0 kB
Bounce:                0 kB
WritebackTmp:          0 kB
CommitLimit:     1479712 kB
Committed_AS:   67246648 kB
VmallocTotal:     319488 kB
VmallocUsed:       16408 kB
VmallocChunk:     187404 kB
Time pass: 286 sec

---2015-12-16 15:27:45
MemTotal:        1386568 kB
MemFree:           35416 kB
Buffers:           10072 kB
Cached:           584380 kB
SwapCached:        10316 kB
Active:           487556 kB
Inactive:         523644 kB
Active(anon):     190812 kB
Inactive(anon):   230040 kB
Active(file):     296744 kB
Inactive(file):   293604 kB
Unevictable:        3132 kB
Mlocked:               0 kB
HighTotal:        849920 kB
HighFree:           9140 kB
LowTotal:         536648 kB
LowFree:           26276 kB
SwapTotal:        786428 kB
SwapFree:         685040 kB
Dirty:                60 kB
Writeback:             0 kB
AnonPages:        413524 kB
Mapped:           325328 kB
Shmem:               964 kB
Slab:              53980 kB
SReclaimable:      17452 kB
SUnreclaim:        36528 kB
KernelStack:       10952 kB
PageTables:        30508 kB
NFS_Unstable:          0 kB
Bounce:                0 kB
WritebackTmp:          0 kB
CommitLimit:     1479712 kB
Committed_AS:   67246860 kB
VmallocTotal:     319488 kB
VmallocUsed:       16476 kB
VmallocChunk:     187404 kB
Time pass: 290 sec

---2015-12-16 15:27:45
MemTotal:        1386568 kB
MemFree:           33736 kB
Buffers:           10072 kB
Cached:           584460 kB
SwapCached:        10316 kB
Active:           487432 kB
Inactive:         523732 kB
Active(anon):     190688 kB
Inactive(anon):   230120 kB
Active(file):     296744 kB
Inactive(file):   293612 kB
Unevictable:        3132 kB
Mlocked:               0 kB
HighTotal:        849920 kB
HighFree:           9372 kB
LowTotal:         536648 kB
LowFree:           24364 kB
SwapTotal:        786428 kB
SwapFree:         685040 kB
Dirty:                 0 kB
Writeback:             0 kB
AnonPages:        413104 kB
Mapped:           325384 kB
Shmem:              1044 kB
Slab:              53884 kB
SReclaimable:      17452 kB
SUnreclaim:        36432 kB
KernelStack:       10960 kB
PageTables:        30524 kB
NFS_Unstable:          0 kB
Bounce:                0 kB
WritebackTmp:          0 kB
CommitLimit:     1479712 kB
Committed_AS:   67247024 kB
VmallocTotal:     319488 kB
VmallocUsed:       16476 kB
VmallocChunk:     187404 kB
Time pass: 293 sec

---2015-12-16 15:27:45
MemTotal:        1386568 kB
MemFree:           34416 kB
Buffers:           10088 kB
Cached:           584460 kB
SwapCached:        10316 kB
Active:           487896 kB
Inactive:         523748 kB
Active(anon):     191152 kB
Inactive(anon):   230120 kB
Active(file):     296744 kB
Inactive(file):   293628 kB
Unevictable:        3132 kB
Mlocked:               0 kB
HighTotal:        849920 kB
HighFree:           9204 kB
LowTotal:         536648 kB
LowFree:           25212 kB
SwapTotal:        786428 kB
SwapFree:         685040 kB
Dirty:                36 kB
Writeback:             0 kB
AnonPages:        413548 kB
Mapped:           325252 kB
Shmem:              1044 kB
Slab:              54044 kB
SReclaimable:      17452 kB
SUnreclaim:        36592 kB
KernelStack:       10944 kB
PageTables:        30488 kB
NFS_Unstable:          0 kB
Bounce:                0 kB
WritebackTmp:          0 kB
CommitLimit:     1479712 kB
Committed_AS:   67247140 kB
VmallocTotal:     319488 kB
VmallocUsed:       16476 kB
VmallocChunk:     187404 kB
Time pass: 297 sec

---2015-12-16 15:27:45
MemTotal:        1386568 kB
MemFree:           33632 kB
Buffers:           10112 kB
Cached:           584444 kB
SwapCached:        10316 kB
Active:           488972 kB
Inactive:         523756 kB
Active(anon):     192228 kB
Inactive(anon):   230120 kB
Active(file):     296744 kB
Inactive(file):   293636 kB
Unevictable:        3132 kB
Mlocked:               0 kB
HighTotal:        849920 kB
HighFree:           8764 kB
LowTotal:         536648 kB
LowFree:           24868 kB
SwapTotal:        786428 kB
SwapFree:         685040 kB
Dirty:                 0 kB
Writeback:             0 kB
AnonPages:        414760 kB
Mapped:           325400 kB
Shmem:              1044 kB
Slab:              53852 kB
SReclaimable:      17452 kB
SUnreclaim:        36400 kB
KernelStack:       10936 kB
PageTables:        30488 kB
NFS_Unstable:          0 kB
Bounce:                0 kB
WritebackTmp:          0 kB
CommitLimit:     1479712 kB
Committed_AS:   67247212 kB
VmallocTotal:     319488 kB
VmallocUsed:       16476 kB
VmallocChunk:     187404 kB
Time pass: 301 sec

---2015-12-16 15:27:45
MemTotal:        1386568 kB
MemFree:           34392 kB
Buffers:           10112 kB
Cached:           584464 kB
SwapCached:        10316 kB
Active:           488616 kB
Inactive:         523776 kB
Active(anon):     191872 kB
Inactive(anon):   230124 kB
Active(file):     296744 kB
Inactive(file):   293652 kB
Unevictable:        3132 kB
Mlocked:               0 kB
HighTotal:        849920 kB
HighFree:           8744 kB
LowTotal:         536648 kB
LowFree:           25648 kB
SwapTotal:        786428 kB
SwapFree:         685040 kB
Dirty:                36 kB
Writeback:             0 kB
AnonPages:        414592 kB
Mapped:           325348 kB
Shmem:              1048 kB
Slab:              54076 kB
SReclaimable:      17452 kB
SUnreclaim:        36624 kB
KernelStack:       10920 kB
PageTables:        30464 kB
NFS_Unstable:          0 kB
Bounce:                0 kB
WritebackTmp:          0 kB
CommitLimit:     1479712 kB
Committed_AS:   67247484 kB
VmallocTotal:     319488 kB
VmallocUsed:       16476 kB
VmallocChunk:     187404 kB
Time pass: 305 sec

---2015-12-16 15:27:45
MemTotal:        1386568 kB
MemFree:           33704 kB
Buffers:           10136 kB
Cached:           584464 kB
SwapCached:        10316 kB
Active:           488124 kB
Inactive:         523792 kB
Active(anon):     191380 kB
Inactive(anon):   230116 kB
Active(file):     296744 kB
Inactive(file):   293676 kB
Unevictable:        3132 kB
Mlocked:               0 kB
HighTotal:        849920 kB
HighFree:           9100 kB
LowTotal:         536648 kB
LowFree:           24604 kB
SwapTotal:        786428 kB
SwapFree:         685040 kB
Dirty:                36 kB
Writeback:             0 kB
AnonPages:        413852 kB
Mapped:           325404 kB
Shmem:              1048 kB
Slab:              54112 kB
SReclaimable:      17452 kB
SUnreclaim:        36660 kB
KernelStack:       10968 kB
PageTables:        30488 kB
NFS_Unstable:          0 kB
Bounce:                0 kB
WritebackTmp:          0 kB
CommitLimit:     1479712 kB
Committed_AS:   67247504 kB
VmallocTotal:     319488 kB
VmallocUsed:       16476 kB
VmallocChunk:     187404 kB
Time pass: 309 sec

---2015-12-16 15:27:45
MemTotal:        1386568 kB
MemFree:           34396 kB
Buffers:           10136 kB
Cached:           584612 kB
SwapCached:        10316 kB
Active:           488256 kB
Inactive:         523940 kB
Active(anon):     191512 kB
Inactive(anon):   230264 kB
Active(file):     296744 kB
Inactive(file):   293676 kB
Unevictable:        3132 kB
Mlocked:               0 kB
HighTotal:        849920 kB
HighFree:           9636 kB
LowTotal:         536648 kB
LowFree:           24760 kB
SwapTotal:        786428 kB
SwapFree:         685040 kB
Dirty:                 0 kB
Writeback:             0 kB
AnonPages:        414032 kB
Mapped:           325552 kB
Shmem:              1196 kB
Slab:              54212 kB
SReclaimable:      17452 kB
SUnreclaim:        36760 kB
KernelStack:       10944 kB
PageTables:        30492 kB
NFS_Unstable:          0 kB
Bounce:                0 kB
WritebackTmp:          0 kB
CommitLimit:     1479712 kB
Committed_AS:   67251900 kB
VmallocTotal:     319488 kB
VmallocUsed:       16476 kB
VmallocChunk:     187404 kB
Time pass: 313 sec

---2015-12-16 15:27:45
MemTotal:        1386568 kB
MemFree:           34100 kB
Buffers:           10160 kB
Cached:           584612 kB
SwapCached:        10316 kB
Active:           488572 kB
Inactive:         523964 kB
Active(anon):     191828 kB
Inactive(anon):   230264 kB
Active(file):     296744 kB
Inactive(file):   293700 kB
Unevictable:        3132 kB
Mlocked:               0 kB
HighTotal:        849920 kB
HighFree:           9248 kB
LowTotal:         536648 kB
LowFree:           24852 kB
SwapTotal:        786428 kB
SwapFree:         685040 kB
Dirty:                32 kB
Writeback:             0 kB
AnonPages:        414476 kB
Mapped:           325452 kB
Shmem:              1196 kB
Slab:              53896 kB
SReclaimable:      17452 kB
SUnreclaim:        36444 kB
KernelStack:       10920 kB
PageTables:        30468 kB
NFS_Unstable:          0 kB
Bounce:                0 kB
WritebackTmp:          0 kB
CommitLimit:     1479712 kB
Committed_AS:   67251948 kB
VmallocTotal:     319488 kB
VmallocUsed:       16408 kB
VmallocChunk:     187404 kB
Time pass: 318 sec

---2015-12-16 15:27:45
MemTotal:        1386568 kB
MemFree:           33948 kB
Buffers:           10176 kB
Cached:           584596 kB
SwapCached:        10316 kB
Active:           488556 kB
Inactive:         523964 kB
Active(anon):     191812 kB
Inactive(anon):   230264 kB
Active(file):     296744 kB
Inactive(file):   293700 kB
Unevictable:        3132 kB
Mlocked:               0 kB
HighTotal:        849920 kB
HighFree:           9796 kB
LowTotal:         536648 kB
LowFree:           24152 kB
SwapTotal:        786428 kB
SwapFree:         685044 kB
Dirty:                 0 kB
Writeback:             0 kB
AnonPages:        414256 kB
Mapped:           325408 kB
Shmem:              1196 kB
Slab:              53928 kB
SReclaimable:      17452 kB
SUnreclaim:        36476 kB
KernelStack:       10912 kB
PageTables:        30496 kB
NFS_Unstable:          0 kB
Bounce:                0 kB
WritebackTmp:          0 kB
CommitLimit:     1479712 kB
Committed_AS:   67252044 kB
VmallocTotal:     319488 kB
VmallocUsed:       16476 kB
VmallocChunk:     187404 kB
Time pass: 321 sec

---2015-12-16 15:27:45
MemTotal:        1386568 kB
MemFree:           33868 kB
Buffers:           10176 kB
Cached:           584612 kB
SwapCached:        10316 kB
Active:           488852 kB
Inactive:         523980 kB
Active(anon):     192108 kB
Inactive(anon):   230264 kB
Active(file):     296744 kB
Inactive(file):   293716 kB
Unevictable:        3132 kB
Mlocked:               0 kB
HighTotal:        849920 kB
HighFree:           8792 kB
LowTotal:         536648 kB
LowFree:           25076 kB
SwapTotal:        786428 kB
SwapFree:         685048 kB
Dirty:                32 kB
Writeback:             0 kB
AnonPages:        414864 kB
Mapped:           325556 kB
Shmem:              1196 kB
Slab:              54056 kB
SReclaimable:      17452 kB
SUnreclaim:        36604 kB
KernelStack:       10936 kB
PageTables:        30492 kB
NFS_Unstable:          0 kB
Bounce:                0 kB
WritebackTmp:          0 kB
CommitLimit:     1479712 kB
Committed_AS:   67252164 kB
VmallocTotal:     319488 kB
VmallocUsed:       16476 kB
VmallocChunk:     187404 kB
Time pass: 325 sec

---2015-12-16 15:27:45
MemTotal:        1386568 kB
MemFree:           32780 kB
Buffers:           10200 kB
Cached:           584604 kB
SwapCached:        10316 kB
Active:           489360 kB
Inactive:         523996 kB
Active(anon):     192616 kB
Inactive(anon):   230264 kB
Active(file):     296744 kB
Inactive(file):   293732 kB
Unevictable:        3132 kB
Mlocked:               0 kB
HighTotal:        849920 kB
HighFree:           9568 kB
LowTotal:         536648 kB
LowFree:           23212 kB
SwapTotal:        786428 kB
SwapFree:         685048 kB
Dirty:                32 kB
Writeback:             0 kB
AnonPages:        415368 kB
Mapped:           325408 kB
Shmem:              1196 kB
Slab:              54088 kB
SReclaimable:      17452 kB
SUnreclaim:        36636 kB
KernelStack:       10944 kB
PageTables:        30492 kB
NFS_Unstable:          0 kB
Bounce:                0 kB
WritebackTmp:          0 kB
CommitLimit:     1479712 kB
Committed_AS:   67252364 kB
VmallocTotal:     319488 kB
VmallocUsed:       16476 kB
VmallocChunk:     187404 kB
Time pass: 329 sec

---2015-12-16 15:27:45
MemTotal:        1386568 kB
MemFree:           32732 kB
Buffers:           10200 kB
Cached:           584612 kB
SwapCached:        10316 kB
Active:           489464 kB
Inactive:         524004 kB
Active(anon):     192720 kB
Inactive(anon):   230264 kB
Active(file):     296744 kB
Inactive(file):   293740 kB
Unevictable:        3132 kB
Mlocked:               0 kB
HighTotal:        849920 kB
HighFree:           9160 kB
LowTotal:         536648 kB
LowFree:           23572 kB
SwapTotal:        786428 kB
SwapFree:         685048 kB
Dirty:                 0 kB
Writeback:             0 kB
AnonPages:        415236 kB
Mapped:           325556 kB
Shmem:              1196 kB
Slab:              53832 kB
SReclaimable:      17452 kB
SUnreclaim:        36380 kB
KernelStack:       10944 kB
PageTables:        30496 kB
NFS_Unstable:          0 kB
Bounce:                0 kB
WritebackTmp:          0 kB
CommitLimit:     1479712 kB
Committed_AS:   67252428 kB
VmallocTotal:     319488 kB
VmallocUsed:       16476 kB
VmallocChunk:     187404 kB
Time pass: 333 sec

---2015-12-16 15:27:45
MemTotal:        1386568 kB
MemFree:           32992 kB
Buffers:           10224 kB
Cached:           584604 kB
SwapCached:        10316 kB
Active:           488860 kB
Inactive:         523996 kB
Active(anon):     192116 kB
Inactive(anon):   230240 kB
Active(file):     296744 kB
Inactive(file):   293756 kB
Unevictable:        3132 kB
Mlocked:               0 kB
HighTotal:        849920 kB
HighFree:           9088 kB
LowTotal:         536648 kB
LowFree:           23904 kB
SwapTotal:        786428 kB
SwapFree:         685048 kB
Dirty:                32 kB
Writeback:             0 kB
AnonPages:        414544 kB
Mapped:           325508 kB
Shmem:              1196 kB
Slab:              54024 kB
SReclaimable:      17452 kB
SUnreclaim:        36572 kB
KernelStack:       10936 kB
PageTables:        30472 kB
NFS_Unstable:          0 kB
Bounce:                0 kB
WritebackTmp:          0 kB
CommitLimit:     1479712 kB
Committed_AS:   67250116 kB
VmallocTotal:     319488 kB
VmallocUsed:       16476 kB
VmallocChunk:     187404 kB
Time pass: 338 sec

---2015-12-16 15:27:45
MemTotal:        1386568 kB
MemFree:           35540 kB
Buffers:           10240 kB
Cached:           584596 kB
SwapCached:        10316 kB
Active:           486804 kB
Inactive:         524004 kB
Active(anon):     190060 kB
Inactive(anon):   230240 kB
Active(file):     296744 kB
Inactive(file):   293764 kB
Unevictable:        3132 kB
Mlocked:               0 kB
HighTotal:        849920 kB
HighFree:          10592 kB
LowTotal:         536648 kB
LowFree:           24948 kB
SwapTotal:        786428 kB
SwapFree:         685052 kB
Dirty:                 0 kB
Writeback:             0 kB
AnonPages:        412668 kB
Mapped:           325564 kB
Shmem:              1196 kB
Slab:              54056 kB
SReclaimable:      17452 kB
SUnreclaim:        36604 kB
KernelStack:       10936 kB
PageTables:        30496 kB
NFS_Unstable:          0 kB
Bounce:                0 kB
WritebackTmp:          0 kB
CommitLimit:     1479712 kB
Committed_AS:   67250260 kB
VmallocTotal:     319488 kB
VmallocUsed:       16476 kB
VmallocChunk:     187404 kB
Time pass: 341 sec

---2015-12-16 15:27:45
MemTotal:        1386568 kB
MemFree:           35136 kB
Buffers:           10240 kB
Cached:           584612 kB
SwapCached:        10312 kB
Active:           487008 kB
Inactive:         524024 kB
Active(anon):     190264 kB
Inactive(anon):   230244 kB
Active(file):     296744 kB
Inactive(file):   293780 kB
Unevictable:        3132 kB
Mlocked:               0 kB
HighTotal:        849920 kB
HighFree:          10232 kB
LowTotal:         536648 kB
LowFree:           24904 kB
SwapTotal:        786428 kB
SwapFree:         685056 kB
Dirty:                36 kB
Writeback:             0 kB
AnonPages:        412704 kB
Mapped:           325416 kB
Shmem:              1196 kB
Slab:              53800 kB
SReclaimable:      17452 kB
SUnreclaim:        36348 kB
KernelStack:       10928 kB
PageTables:        30496 kB
NFS_Unstable:          0 kB
Bounce:                0 kB
WritebackTmp:          0 kB
CommitLimit:     1479712 kB
Committed_AS:   67250476 kB
VmallocTotal:     319488 kB
VmallocUsed:       16476 kB
VmallocChunk:     187404 kB
Time pass: 345 sec

---2015-12-16 15:27:45
MemTotal:        1386568 kB
MemFree:           35392 kB
Buffers:           10264 kB
Cached:           584612 kB
SwapCached:        10312 kB
Active:           487016 kB
Inactive:         524048 kB
Active(anon):     190272 kB
Inactive(anon):   230244 kB
Active(file):     296744 kB
Inactive(file):   293804 kB
Unevictable:        3132 kB
Mlocked:               0 kB
HighTotal:        849920 kB
HighFree:          10212 kB
LowTotal:         536648 kB
LowFree:           25180 kB
SwapTotal:        786428 kB
SwapFree:         685056 kB
Dirty:                36 kB
Writeback:             0 kB
AnonPages:        412776 kB
Mapped:           325564 kB
Shmem:              1196 kB
Slab:              53704 kB
SReclaimable:      17452 kB
SUnreclaim:        36252 kB
KernelStack:       10952 kB
PageTables:        30492 kB
NFS_Unstable:          0 kB
Bounce:                0 kB
WritebackTmp:          0 kB
CommitLimit:     1479712 kB
Committed_AS:   67250424 kB
VmallocTotal:     319488 kB
VmallocUsed:       16476 kB
VmallocChunk:     187404 kB
Time pass: 349 sec

---2015-12-16 15:27:45
MemTotal:        1386568 kB
MemFree:           36092 kB
Buffers:           10264 kB
Cached:           584612 kB
SwapCached:        10312 kB
Active:           487288 kB
Inactive:         524044 kB
Active(anon):     190540 kB
Inactive(anon):   230244 kB
Active(file):     296748 kB
Inactive(file):   293800 kB
Unevictable:        3132 kB
Mlocked:               0 kB
HighTotal:        849920 kB
HighFree:          10656 kB
LowTotal:         536648 kB
LowFree:           25436 kB
SwapTotal:        786428 kB
SwapFree:         685064 kB
Dirty:                 0 kB
Writeback:             0 kB
AnonPages:        413116 kB
Mapped:           325460 kB
Shmem:              1196 kB
Slab:              53896 kB
SReclaimable:      17452 kB
SUnreclaim:        36444 kB
KernelStack:       10912 kB
PageTables:        30468 kB
NFS_Unstable:          0 kB
Bounce:                0 kB
WritebackTmp:          0 kB
CommitLimit:     1479712 kB
Committed_AS:   67250716 kB
VmallocTotal:     319488 kB
VmallocUsed:       16408 kB
VmallocChunk:     187404 kB
Time pass: 353 sec

---2015-12-16 15:27:45
MemTotal:        1386568 kB
MemFree:           33808 kB
Buffers:           10288 kB
Cached:           584600 kB
SwapCached:        10312 kB
Active:           488392 kB
Inactive:         523996 kB
Active(anon):     191640 kB
Inactive(anon):   230176 kB
Active(file):     296752 kB
Inactive(file):   293820 kB
Unevictable:        3132 kB
Mlocked:               0 kB
HighTotal:        849920 kB
HighFree:           8844 kB
LowTotal:         536648 kB
LowFree:           24964 kB
SwapTotal:        786428 kB
SwapFree:         685064 kB
Dirty:                36 kB
Writeback:             0 kB
AnonPages:        414184 kB
Mapped:           325512 kB
Shmem:              1196 kB
Slab:              53964 kB
SReclaimable:      17452 kB
SUnreclaim:        36512 kB
KernelStack:       10928 kB
PageTables:        30468 kB
NFS_Unstable:          0 kB
Bounce:                0 kB
WritebackTmp:          0 kB
CommitLimit:     1479712 kB
Committed_AS:   67250924 kB
VmallocTotal:     319488 kB
VmallocUsed:       16476 kB
VmallocChunk:     187404 kB
Time pass: 357 sec

---2015-12-16 15:27:45
MemTotal:        1386568 kB
MemFree:           33836 kB
Buffers:           10288 kB
Cached:           584616 kB
SwapCached:        10312 kB
Active:           488256 kB
Inactive:         524000 kB
Active(anon):     191504 kB
Inactive(anon):   230176 kB
Active(file):     296752 kB
Inactive(file):   293824 kB
Unevictable:        3132 kB
Mlocked:               0 kB
HighTotal:        849920 kB
HighFree:           8952 kB
LowTotal:         536648 kB
LowFree:           24884 kB
SwapTotal:        786428 kB
SwapFree:         685064 kB
Dirty:                 0 kB
Writeback:             0 kB
AnonPages:        413984 kB
Mapped:           325568 kB
Shmem:              1196 kB
Slab:              54028 kB
SReclaimable:      17452 kB
SUnreclaim:        36576 kB
KernelStack:       10928 kB
PageTables:        30492 kB
NFS_Unstable:          0 kB
Bounce:                0 kB
WritebackTmp:          0 kB
CommitLimit:     1479712 kB
Committed_AS:   67251028 kB
VmallocTotal:     319488 kB
VmallocUsed:       16476 kB
VmallocChunk:     187404 kB
Time pass: 361 sec

---2015-12-16 15:27:45
MemTotal:        1386568 kB
MemFree:           33504 kB
Buffers:           10304 kB
Cached:           584616 kB
SwapCached:        10312 kB
Active:           487800 kB
Inactive:         524016 kB
Active(anon):     191048 kB
Inactive(anon):   230176 kB
Active(file):     296752 kB
Inactive(file):   293840 kB
Unevictable:        3132 kB
Mlocked:               0 kB
HighTotal:        849920 kB
HighFree:           9180 kB
LowTotal:         536648 kB
LowFree:           24324 kB
SwapTotal:        786428 kB
SwapFree:         685064 kB
Dirty:                44 kB
Writeback:             0 kB
AnonPages:        413444 kB
Mapped:           325512 kB
