---2015-12-05 14:07:44
MemTotal:        2873608 kB
MemFree:          112852 kB
Buffers:           24588 kB
Cached:          1315412 kB
SwapCached:            0 kB
Active:          1296256 kB
Inactive:         924864 kB
Active(anon):     701800 kB
Inactive(anon):   189276 kB
Active(file):     594456 kB
Inactive(file):   735588 kB
Unevictable:        8104 kB
Mlocked:               0 kB
SwapTotal:        715328 kB
SwapFree:         715328 kB
Dirty:              6452 kB
Writeback:             8 kB
AnonPages:        890016 kB
Mapped:           477288 kB
Shmem:              1852 kB
Slab:              96696 kB
SReclaimable:      31728 kB
SUnreclaim:        64968 kB
KernelStack:       36560 kB
PageTables:        49072 kB
NFS_Unstable:          0 kB
Bounce:                0 kB
WritebackTmp:          0 kB
CommitLimit:     2152132 kB
Committed_AS:   120743568 kB
VmallocTotal:   251658176 kB
VmallocUsed:      135252 kB
VmallocChunk:   251444780 kB
Time pass: 3 sec

---2015-12-05 14:07:44
MemTotal:        2873608 kB
MemFree:          109556 kB
Buffers:           24700 kB
Cached:          1315712 kB
SwapCached:            0 kB
Active:          1324352 kB
Inactive:         902656 kB
Active(anon):     707304 kB
Inactive(anon):   189124 kB
Active(file):     617048 kB
Inactive(file):   713532 kB
Unevictable:        8104 kB
Mlocked:               0 kB
SwapTotal:        715328 kB
SwapFree:         715328 kB
Dirty:               144 kB
Writeback:             0 kB
AnonPages:        895104 kB
Mapped:           463048 kB
Shmem:              1728 kB
Slab:              96700 kB
SReclaimable:      31708 kB
SUnreclaim:        64992 kB
KernelStack:       36368 kB
PageTables:        48248 kB
NFS_Unstable:          0 kB
Bounce:                0 kB
WritebackTmp:          0 kB
CommitLimit:     2152132 kB
Committed_AS:   118393332 kB
VmallocTotal:   251658176 kB
VmallocUsed:      134096 kB
VmallocChunk:   251444780 kB
Time pass: 7 sec

---2015-12-05 14:07:44
MemTotal:        2873608 kB
MemFree:           85064 kB
Buffers:           24756 kB
Cached:          1316888 kB
SwapCached:            0 kB
Active:          1343472 kB
Inactive:         903140 kB
Active(anon):     725612 kB
Inactive(anon):   189156 kB
Active(file):     617860 kB
Inactive(file):   713984 kB
Unevictable:        8104 kB
Mlocked:               0 kB
SwapTotal:        715328 kB
SwapFree:         715328 kB
Dirty:                 0 kB
Writeback:           220 kB
AnonPages:        913296 kB
Mapped:           504084 kB
Shmem:              1696 kB
Slab:              96868 kB
SReclaimable:      31736 kB
SUnreclaim:        65132 kB
KernelStack:       36960 kB
PageTables:        49332 kB
NFS_Unstable:          0 kB
Bounce:                0 kB
WritebackTmp:          0 kB
CommitLimit:     2152132 kB
Committed_AS:   120787200 kB
VmallocTotal:   251658176 kB
VmallocUsed:      135252 kB
VmallocChunk:   251444780 kB
Time pass: 11 sec

---2015-12-05 14:07:44
MemTotal:        2873608 kB
MemFree:           62964 kB
Buffers:           24900 kB
Cached:          1335364 kB
SwapCached:            0 kB
Active:          1349536 kB
Inactive:         921272 kB
Active(anon):     731452 kB
Inactive(anon):   189240 kB
Active(file):     618084 kB
Inactive(file):   732032 kB
Unevictable:        8104 kB
Mlocked:               0 kB
SwapTotal:        715328 kB
SwapFree:         715328 kB
Dirty:              6492 kB
Writeback:             0 kB
AnonPages:        919308 kB
Mapped:           474712 kB
Shmem:              1856 kB
Slab:              97012 kB
SReclaimable:      31724 kB
SUnreclaim:        65288 kB
KernelStack:       36816 kB
PageTables:        48752 kB
NFS_Unstable:          0 kB
Bounce:                0 kB
WritebackTmp:          0 kB
CommitLimit:     2152132 kB
Committed_AS:   118427388 kB
VmallocTotal:   251658176 kB
VmallocUsed:      134232 kB
VmallocChunk:   251443756 kB
Time pass: 15 sec

---2015-12-05 14:07:44
MemTotal:        2873608 kB
MemFree:           73084 kB
Buffers:           25388 kB
Cached:          1323612 kB
SwapCached:            0 kB
Active:          1357520 kB
Inactive:         905192 kB
Active(anon):     734468 kB
Inactive(anon):   189112 kB
Active(file):     623052 kB
Inactive(file):   716080 kB
Unevictable:        8104 kB
Mlocked:               0 kB
SwapTotal:        715328 kB
SwapFree:         715328 kB
Dirty:               236 kB
Writeback:             0 kB
AnonPages:        921784 kB
Mapped:           479548 kB
Shmem:              1728 kB
Slab:              96652 kB
SReclaimable:      31616 kB
SUnreclaim:        65036 kB
KernelStack:       36832 kB
PageTables:        48052 kB
NFS_Unstable:          0 kB
Bounce:                0 kB
WritebackTmp:          0 kB
CommitLimit:     2152132 kB
Committed_AS:   116079380 kB
VmallocTotal:   251658176 kB
VmallocUsed:      133076 kB
VmallocChunk:   251427884 kB
Time pass: 18 sec

---2015-12-05 14:07:44
MemTotal:        2873608 kB
MemFree:           59256 kB
Buffers:           26304 kB
Cached:          1269692 kB
SwapCached:            0 kB
Active:          1381924 kB
Inactive:         829384 kB
Active(anon):     741196 kB
Inactive(anon):   189280 kB
Active(file):     640728 kB
Inactive(file):   640104 kB
Unevictable:       13076 kB
Mlocked:               0 kB
SwapTotal:        715328 kB
SwapFree:         715316 kB
Dirty:              1620 kB
Writeback:             0 kB
AnonPages:        929132 kB
Mapped:           472348 kB
Shmem:              1912 kB
Slab:              97524 kB
SReclaimable:      31728 kB
SUnreclaim:        65796 kB
KernelStack:       37392 kB
PageTables:        50600 kB
NFS_Unstable:          0 kB
Bounce:                0 kB
WritebackTmp:          0 kB
CommitLimit:     2152132 kB
Committed_AS:   123863336 kB
VmallocTotal:   251658176 kB
VmallocUsed:      136564 kB
VmallocChunk:   251415084 kB
Time pass: 22 sec

---2015-12-05 14:07:44
MemTotal:        2873608 kB
MemFree:           71048 kB
Buffers:           25712 kB
Cached:          1153300 kB
SwapCached:            0 kB
Active:          1363668 kB
Inactive:         778636 kB
Active(anon):     782312 kB
Inactive(anon):   195820 kB
Active(file):     581356 kB
Inactive(file):   582816 kB
Unevictable:       13568 kB
Mlocked:               0 kB
SwapTotal:        715328 kB
SwapFree:         714344 kB
Dirty:               320 kB
Writeback:             0 kB
AnonPages:        976984 kB
Mapped:           538472 kB
Shmem:              1356 kB
Slab:              97796 kB
SReclaimable:      31892 kB
SUnreclaim:        65904 kB
KernelStack:       38096 kB
PageTables:        50408 kB
NFS_Unstable:          0 kB
Bounce:                0 kB
WritebackTmp:          0 kB
CommitLimit:     2152132 kB
Committed_AS:   119851192 kB
VmallocTotal:   251658176 kB
VmallocUsed:      135388 kB
VmallocChunk:   251415084 kB
Time pass: 26 sec

---2015-12-05 14:07:44
MemTotal:        2873608 kB
MemFree:           94468 kB
Buffers:           25684 kB
Cached:          1157836 kB
SwapCached:            0 kB
Active:          1332424 kB
Inactive:         785764 kB
Active(anon):     752664 kB
Inactive(anon):   197152 kB
Active(file):     579760 kB
Inactive(file):   588612 kB
Unevictable:       13568 kB
Mlocked:               0 kB
SwapTotal:        715328 kB
SwapFree:         714048 kB
Dirty:               484 kB
Writeback:             0 kB
AnonPages:        948836 kB
Mapped:           520748 kB
Shmem:              1240 kB
Slab:              98436 kB
SReclaimable:      32140 kB
SUnreclaim:        66296 kB
KernelStack:       38256 kB
PageTables:        51556 kB
NFS_Unstable:          0 kB
Bounce:                0 kB
WritebackTmp:          0 kB
CommitLimit:     2152132 kB
Committed_AS:   125127844 kB
VmallocTotal:   251658176 kB
VmallocUsed:      139468 kB
VmallocChunk:   251415084 kB
Time pass: 30 sec

---2015-12-05 14:07:44
MemTotal:        2873608 kB
MemFree:           72484 kB
Buffers:           23544 kB
Cached:          1140716 kB
SwapCached:            0 kB
Active:          1373116 kB
Inactive:         776136 kB
Active(anon):     798724 kB
Inactive(anon):   201040 kB
Active(file):     574392 kB
Inactive(file):   575096 kB
Unevictable:       13568 kB
Mlocked:               0 kB
SwapTotal:        715328 kB
SwapFree:         713308 kB
Dirty:               516 kB
Writeback:             0 kB
AnonPages:        998752 kB
Mapped:           536436 kB
Shmem:              1112 kB
Slab:              96364 kB
SReclaimable:      29652 kB
SUnreclaim:        66712 kB
KernelStack:       38832 kB
PageTables:        52364 kB
NFS_Unstable:          0 kB
Bounce:                0 kB
WritebackTmp:          0 kB
CommitLimit:     2152132 kB
Committed_AS:   125703160 kB
VmallocTotal:   251658176 kB
VmallocUsed:      138280 kB
VmallocChunk:   251415084 kB
Time pass: 34 sec

---2015-12-05 14:07:44
MemTotal:        2873608 kB
MemFree:          105440 kB
Buffers:           20120 kB
Cached:          1131100 kB
SwapCached:            0 kB
Active:          1343208 kB
Inactive:         771312 kB
Active(anon):     774836 kB
Inactive(anon):   203168 kB
Active(file):     568372 kB
Inactive(file):   568144 kB
Unevictable:       13568 kB
Mlocked:               0 kB
SwapTotal:        715328 kB
SwapFree:         712892 kB
Dirty:               376 kB
Writeback:             0 kB
AnonPages:        976956 kB
Mapped:           549812 kB
Shmem:              1128 kB
Slab:              98820 kB
SReclaimable:      32356 kB
SUnreclaim:        66464 kB
KernelStack:       38816 kB
PageTables:        51588 kB
NFS_Unstable:          0 kB
Bounce:                0 kB
WritebackTmp:          0 kB
CommitLimit:     2152132 kB
Committed_AS:   122692704 kB
VmallocTotal:   251658176 kB
VmallocUsed:      136240 kB
VmallocChunk:   251415084 kB
Time pass: 38 sec

---2015-12-05 14:07:44
MemTotal:        2873608 kB
MemFree:           86376 kB
Buffers:           20120 kB
Cached:          1132956 kB
SwapCached:            0 kB
Active:          1333368 kB
Inactive:         771748 kB
Active(anon):     763968 kB
Inactive(anon):   203164 kB
Active(file):     569400 kB
Inactive(file):   568584 kB
Unevictable:       13568 kB
Mlocked:               0 kB
SwapTotal:        715328 kB
SwapFree:         712892 kB
Dirty:                 0 kB
Writeback:             0 kB
AnonPages:        965812 kB
Mapped:           540180 kB
Shmem:              1128 kB
Slab:              98836 kB
SReclaimable:      32356 kB
SUnreclaim:        66480 kB
KernelStack:       38848 kB
PageTables:        50576 kB
NFS_Unstable:          0 kB
Bounce:                0 kB
WritebackTmp:          0 kB
CommitLimit:     2152132 kB
Committed_AS:   119687920 kB
VmallocTotal:   251658176 kB
VmallocUsed:      135220 kB
VmallocChunk:   251415084 kB
Time pass: 42 sec

---2015-12-05 14:07:44
MemTotal:        2873608 kB
MemFree:           71700 kB
Buffers:           18272 kB
Cached:          1081796 kB
SwapCached:            0 kB
Active:          1325628 kB
Inactive:         745192 kB
Active(anon):     783016 kB
Inactive(anon):   202528 kB
Active(file):     542612 kB
Inactive(file):   542664 kB
Unevictable:       13568 kB
Mlocked:               0 kB
SwapTotal:        715328 kB
SwapFree:         712228 kB
Dirty:               348 kB
Writeback:             0 kB
AnonPages:        984532 kB
Mapped:           553368 kB
Shmem:              1128 kB
Slab:              98676 kB
SReclaimable:      32252 kB
SUnreclaim:        66424 kB
KernelStack:       38224 kB
PageTables:        50740 kB
NFS_Unstable:          0 kB
Bounce:                0 kB
WritebackTmp:          0 kB
CommitLimit:     2152132 kB
Committed_AS:   119700852 kB
VmallocTotal:   251658176 kB
VmallocUsed:      134444 kB
VmallocChunk:   251415084 kB
Time pass: 46 sec

---2015-12-05 14:07:44
MemTotal:        2873608 kB
MemFree:           67404 kB
Buffers:           18368 kB
Cached:          1082892 kB
SwapCached:            0 kB
Active:          1327784 kB
Inactive:         745920 kB
Active(anon):     784760 kB
Inactive(anon):   202384 kB
Active(file):     543024 kB
Inactive(file):   543536 kB
Unevictable:       13568 kB
Mlocked:               0 kB
SwapTotal:        715328 kB
SwapFree:         712228 kB
Dirty:               352 kB
Writeback:             0 kB
AnonPages:        986064 kB
Mapped:           554424 kB
Shmem:              1128 kB
Slab:              98884 kB
SReclaimable:      32248 kB
SUnreclaim:        66636 kB
KernelStack:       38672 kB
PageTables:        50848 kB
NFS_Unstable:          0 kB
Bounce:                0 kB
WritebackTmp:          0 kB
CommitLimit:     2152132 kB
Committed_AS:   119705360 kB
VmallocTotal:   251658176 kB
VmallocUsed:      134456 kB
VmallocChunk:   251415084 kB
Time pass: 49 sec

---2015-12-05 14:07:44
MemTotal:        2873608 kB
MemFree:           71288 kB
Buffers:           18320 kB
Cached:          1033984 kB
SwapCached:            0 kB
Active:          1328568 kB
Inactive:         722768 kB
Active(anon):     810424 kB
Inactive(anon):   204524 kB
Active(file):     518144 kB
Inactive(file):   518244 kB
Unevictable:       13568 kB
Mlocked:               0 kB
SwapTotal:        715328 kB
SwapFree:         711676 kB
Dirty:               956 kB
Writeback:             0 kB
AnonPages:       1013008 kB
Mapped:           592992 kB
Shmem:              2216 kB
Slab:              98960 kB
SReclaimable:      32072 kB
SUnreclaim:        66888 kB
KernelStack:       38832 kB
PageTables:        50824 kB
NFS_Unstable:          0 kB
Bounce:                0 kB
WritebackTmp:          0 kB
CommitLimit:     2152132 kB
Committed_AS:   119717632 kB
VmallocTotal:   251658176 kB
VmallocUsed:      134668 kB
VmallocChunk:   251415084 kB
Time pass: 53 sec

---2015-12-05 14:07:44
MemTotal:        2873608 kB
MemFree:           68120 kB
Buffers:           18336 kB
Cached:          1028128 kB
SwapCached:            0 kB
Active:          1324492 kB
Inactive:         720576 kB
Active(anon):     809900 kB
Inactive(anon):   204492 kB
Active(file):     514592 kB
Inactive(file):   516084 kB
Unevictable:       13568 kB
Mlocked:               0 kB
SwapTotal:        715328 kB
SwapFree:         711652 kB
Dirty:              1060 kB
Writeback:             0 kB
AnonPages:       1012220 kB
Mapped:           604684 kB
Shmem:              2220 kB
Slab:              99084 kB
SReclaimable:      32200 kB
SUnreclaim:        66884 kB
KernelStack:       38864 kB
PageTables:        50896 kB
NFS_Unstable:          0 kB
Bounce:                0 kB
WritebackTmp:          0 kB
CommitLimit:     2152132 kB
Committed_AS:   119717456 kB
VmallocTotal:   251658176 kB
VmallocUsed:      134760 kB
VmallocChunk:   251415084 kB
Time pass: 57 sec

---2015-12-05 14:07:44
MemTotal:        2873608 kB
MemFree:           67664 kB
Buffers:           18352 kB
Cached:          1027160 kB
SwapCached:            0 kB
Active:          1326064 kB
Inactive:         719560 kB
Active(anon):     811448 kB
Inactive(anon):   203404 kB
Active(file):     514616 kB
Inactive(file):   516156 kB
Unevictable:       13568 kB
Mlocked:               0 kB
SwapTotal:        715328 kB
SwapFree:         711652 kB
Dirty:                52 kB
Writeback:             0 kB
AnonPages:       1013848 kB
Mapped:           603620 kB
Shmem:              1132 kB
Slab:              99112 kB
SReclaimable:      32200 kB
SUnreclaim:        66912 kB
KernelStack:       38944 kB
PageTables:        50900 kB
NFS_Unstable:          0 kB
Bounce:                0 kB
WritebackTmp:          0 kB
CommitLimit:     2152132 kB
Committed_AS:   119713264 kB
VmallocTotal:   251658176 kB
VmallocUsed:      134760 kB
VmallocChunk:   251415084 kB
Time pass: 60 sec

---2015-12-05 14:07:44
MemTotal:        2873608 kB
MemFree:           68992 kB
Buffers:           18080 kB
Cached:          1011680 kB
SwapCached:            0 kB
Active:          1319360 kB
Inactive:         712268 kB
Active(anon):     811648 kB
Inactive(anon):   204940 kB
Active(file):     507712 kB
Inactive(file):   507328 kB
Unevictable:       13568 kB
Mlocked:               0 kB
SwapTotal:        715328 kB
SwapFree:         711652 kB
Dirty:               148 kB
Writeback:             0 kB
AnonPages:       1015404 kB
Mapped:           613456 kB
Shmem:              1132 kB
Slab:              98720 kB
SReclaimable:      31812 kB
SUnreclaim:        66908 kB
KernelStack:       38880 kB
PageTables:        50916 kB
NFS_Unstable:          0 kB
Bounce:                0 kB
WritebackTmp:          0 kB
CommitLimit:     2152132 kB
Committed_AS:   119713328 kB
VmallocTotal:   251658176 kB
VmallocUsed:      134872 kB
VmallocChunk:   251415084 kB
Time pass: 64 sec

---2015-12-05 14:07:44
MemTotal:        2873608 kB
MemFree:           68432 kB
Buffers:           18080 kB
Cached:          1011684 kB
SwapCached:            0 kB
Active:          1319528 kB
Inactive:         712288 kB
Active(anon):     811820 kB
Inactive(anon):   204940 kB
Active(file):     507708 kB
Inactive(file):   507348 kB
Unevictable:       13568 kB
Mlocked:               0 kB
SwapTotal:        715328 kB
SwapFree:         711652 kB
Dirty:                 0 kB
Writeback:             0 kB
AnonPages:       1015388 kB
Mapped:           613556 kB
Shmem:              1132 kB
Slab:              98724 kB
SReclaimable:      31812 kB
SUnreclaim:        66912 kB
KernelStack:       38880 kB
PageTables:        50944 kB
NFS_Unstable:          0 kB
Bounce:                0 kB
WritebackTmp:          0 kB
CommitLimit:     2152132 kB
Committed_AS:   119713480 kB
VmallocTotal:   251658176 kB
VmallocUsed:      134872 kB
VmallocChunk:   251415084 kB
Time pass: 68 sec

---2015-12-05 14:07:44
MemTotal:        2873608 kB
MemFree:           71328 kB
Buffers:           16364 kB
Cached:           985300 kB
SwapCached:            0 kB
Active:          1309640 kB
Inactive:         700392 kB
Active(anon):     816296 kB
Inactive(anon):   206772 kB
Active(file):     493344 kB
Inactive(file):   493620 kB
Unevictable:       13568 kB
Mlocked:               0 kB
SwapTotal:        715328 kB
SwapFree:         711444 kB
Dirty:               540 kB
Writeback:             0 kB
AnonPages:       1021964 kB
Mapped:           627708 kB
Shmem:              1132 kB
Slab:              98892 kB
SReclaimable:      31956 kB
SUnreclaim:        66936 kB
KernelStack:       38864 kB
PageTables:        50932 kB
NFS_Unstable:          0 kB
Bounce:                0 kB
WritebackTmp:          0 kB
CommitLimit:     2152132 kB
Committed_AS:   119721976 kB
VmallocTotal:   251658176 kB
VmallocUsed:      135032 kB
VmallocChunk:   251415084 kB
Time pass: 72 sec

---2015-12-05 14:07:44
MemTotal:        2873608 kB
MemFree:           65184 kB
Buffers:           16068 kB
Cached:           980860 kB
SwapCached:            0 kB
Active:          1318352 kB
Inactive:         698376 kB
Active(anon):     827716 kB
Inactive(anon):   206772 kB
Active(file):     490636 kB
Inactive(file):   491604 kB
Unevictable:       13568 kB
Mlocked:               0 kB
SwapTotal:        715328 kB
SwapFree:         711444 kB
Dirty:                 0 kB
Writeback:             0 kB
AnonPages:       1033652 kB
Mapped:           630932 kB
Shmem:              1132 kB
Slab:              99080 kB
SReclaimable:      32004 kB
SUnreclaim:        67076 kB
KernelStack:       38848 kB
PageTables:        50952 kB
NFS_Unstable:          0 kB
Bounce:                0 kB
WritebackTmp:          0 kB
CommitLimit:     2152132 kB
Committed_AS:   119722296 kB
VmallocTotal:   251658176 kB
VmallocUsed:      135032 kB
VmallocChunk:   251415084 kB
Time pass: 75 sec

---2015-12-05 14:07:44
MemTotal:        2873608 kB
MemFree:           68500 kB
Buffers:           16064 kB
Cached:           964984 kB
SwapCached:           12 kB
Active:          1322528 kB
Inactive:         692396 kB
Active(anon):     838700 kB
Inactive(anon):   209772 kB
Active(file):     483828 kB
Inactive(file):   482624 kB
Unevictable:       13568 kB
Mlocked:               0 kB
SwapTotal:        715328 kB
SwapFree:         711276 kB
Dirty:               164 kB
Writeback:             0 kB
AnonPages:       1047564 kB
Mapped:           632520 kB
Shmem:              1264 kB
Slab:              99140 kB
SReclaimable:      32068 kB
SUnreclaim:        67072 kB
KernelStack:       39168 kB
PageTables:        51196 kB
NFS_Unstable:          0 kB
Bounce:                0 kB
WritebackTmp:          0 kB
CommitLimit:     2152132 kB
Committed_AS:   119770304 kB
VmallocTotal:   251658176 kB
VmallocUsed:      137464 kB
VmallocChunk:   251415084 kB
Time pass: 79 sec

---2015-12-05 14:07:44
MemTotal:        2873608 kB
MemFree:           72412 kB
Buffers:           15568 kB
Cached:           936520 kB
SwapCached:           12 kB
Active:          1309012 kB
Inactive:         678460 kB
Active(anon):     840372 kB
Inactive(anon):   209984 kB
Active(file):     468640 kB
Inactive(file):   468476 kB
Unevictable:       13568 kB
Mlocked:               0 kB
SwapTotal:        715328 kB
SwapFree:         710980 kB
Dirty:                60 kB
Writeback:             0 kB
AnonPages:       1049044 kB
Mapped:           632080 kB
Shmem:              1404 kB
Slab:              99068 kB
SReclaimable:      32004 kB
SUnreclaim:        67064 kB
KernelStack:       39152 kB
PageTables:        51344 kB
NFS_Unstable:          0 kB
Bounce:                0 kB
WritebackTmp:          0 kB
CommitLimit:     2152132 kB
Committed_AS:   119770332 kB
VmallocTotal:   251658176 kB
VmallocUsed:      137464 kB
VmallocChunk:   251415084 kB
Time pass: 83 sec

---2015-12-05 14:07:44
MemTotal:        2873608 kB
MemFree:           71140 kB
Buffers:           15576 kB
Cached:           936580 kB
SwapCached:           12 kB
Active:          1310700 kB
Inactive:         678536 kB
Active(anon):     842056 kB
Inactive(anon):   210056 kB
Active(file):     468644 kB
Inactive(file):   468480 kB
Unevictable:       13568 kB
Mlocked:               0 kB
SwapTotal:        715328 kB
SwapFree:         710980 kB
Dirty:                32 kB
Writeback:             0 kB
AnonPages:       1050768 kB
Mapped:           632188 kB
Shmem:              1464 kB
Slab:              99212 kB
SReclaimable:      32148 kB
SUnreclaim:        67064 kB
KernelStack:       39120 kB
PageTables:        51344 kB
NFS_Unstable:          0 kB
Bounce:                0 kB
WritebackTmp:          0 kB
CommitLimit:     2152132 kB
Committed_AS:   119770164 kB
VmallocTotal:   251658176 kB
VmallocUsed:      137464 kB
VmallocChunk:   251415084 kB
Time pass: 86 sec

---2015-12-05 14:07:44
MemTotal:        2873608 kB
MemFree:           70024 kB
Buffers:           15592 kB
Cached:           936748 kB
SwapCached:           12 kB
Active:          1311276 kB
Inactive:         678660 kB
Active(anon):     842624 kB
Inactive(anon):   210172 kB
Active(file):     468652 kB
Inactive(file):   468488 kB
Unevictable:       13568 kB
Mlocked:               0 kB
SwapTotal:        715328 kB
SwapFree:         710980 kB
Dirty:                48 kB
Writeback:             0 kB
AnonPages:       1051160 kB
Mapped:           632356 kB
Shmem:              1632 kB
Slab:              99372 kB
SReclaimable:      32148 kB
SUnreclaim:        67224 kB
KernelStack:       39088 kB
PageTables:        51340 kB
NFS_Unstable:          0 kB
Bounce:                0 kB
WritebackTmp:          0 kB
CommitLimit:     2152132 kB
Committed_AS:   119774200 kB
VmallocTotal:   251658176 kB
VmallocUsed:      137464 kB
VmallocChunk:   251415084 kB
Time pass: 90 sec

---2015-12-05 14:07:44
MemTotal:        2873608 kB
MemFree:           69524 kB
Buffers:           15616 kB
Cached:           936816 kB
SwapCached:           12 kB
Active:          1311636 kB
Inactive:         678752 kB
Active(anon):     842940 kB
Inactive(anon):   210284 kB
Active(file):     468696 kB
Inactive(file):   468468 kB
Unevictable:       13568 kB
Mlocked:               0 kB
SwapTotal:        715328 kB
SwapFree:         710980 kB
Dirty:                76 kB
Writeback:             0 kB
AnonPages:       1051620 kB
Mapped:           632428 kB
Shmem:              1700 kB
Slab:              99416 kB
SReclaimable:      32308 kB
SUnreclaim:        67108 kB
KernelStack:       38976 kB
PageTables:        51340 kB
NFS_Unstable:          0 kB
Bounce:                0 kB
WritebackTmp:          0 kB
CommitLimit:     2152132 kB
Committed_AS:   119774164 kB
VmallocTotal:   251658176 kB
VmallocUsed:      137464 kB
VmallocChunk:   251415084 kB
Time pass: 94 sec

---2015-12-05 14:07:44
MemTotal:        2873608 kB
MemFree:           82672 kB
Buffers:           15616 kB
Cached:           938988 kB
SwapCached:           12 kB
Active:          1300212 kB
Inactive:         680872 kB
Active(anon):     831460 kB
Inactive(anon):   209720 kB
Active(file):     468752 kB
Inactive(file):   471152 kB
Unevictable:       13568 kB
Mlocked:               0 kB
SwapTotal:        715328 kB
SwapFree:         710980 kB
Dirty:                 4 kB
Writeback:             0 kB
AnonPages:       1040268 kB
Mapped:           632432 kB
Shmem:              1132 kB
Slab:              99584 kB
SReclaimable:      32308 kB
SUnreclaim:        67276 kB
KernelStack:       38608 kB
PageTables:        51004 kB
NFS_Unstable:          0 kB
Bounce:                0 kB
WritebackTmp:          0 kB
CommitLimit:     2152132 kB
Committed_AS:   119750592 kB
VmallocTotal:   251658176 kB
VmallocUsed:      137464 kB
VmallocChunk:   251415084 kB
Time pass: 98 sec

---2015-12-05 14:07:44
MemTotal:        2873608 kB
MemFree:          301728 kB
Buffers:           15468 kB
Cached:           923996 kB
SwapCached:           12 kB
Active:          1206340 kB
Inactive:         669080 kB
Active(anon):     741328 kB
Inactive(anon):   209220 kB
Active(file):     465012 kB
Inactive(file):   459860 kB
Unevictable:       13568 kB
Mlocked:               0 kB
SwapTotal:        715328 kB
SwapFree:         710836 kB
Dirty:               476 kB
Writeback:             0 kB
AnonPages:        949656 kB
Mapped:           469404 kB
Shmem:               996 kB
Slab:              99160 kB
SReclaimable:      32320 kB
SUnreclaim:        66840 kB
KernelStack:       37104 kB
PageTables:        48812 kB
NFS_Unstable:          0 kB
Bounce:                0 kB
WritebackTmp:          0 kB
CommitLimit:     2152132 kB
Committed_AS:   116552736 kB
VmallocTotal:   251658176 kB
VmallocUsed:      134492 kB
VmallocChunk:   251444780 kB
Time pass: 101 sec

---2015-12-05 14:07:44
MemTotal:        2873608 kB
MemFree:          366036 kB
Buffers:           15492 kB
Cached:           924976 kB
SwapCached:           12 kB
Active:          1222184 kB
Inactive:         664528 kB
Active(anon):     751784 kB
Inactive(anon):   209220 kB
Active(file):     470400 kB
Inactive(file):   455308 kB
Unevictable:       13568 kB
Mlocked:               0 kB
SwapTotal:        715328 kB
SwapFree:         710836 kB
Dirty:               748 kB
Writeback:             0 kB
AnonPages:        960292 kB
Mapped:           446776 kB
Shmem:               996 kB
Slab:              99308 kB
SReclaimable:      32320 kB
SUnreclaim:        66988 kB
KernelStack:       37392 kB
PageTables:        50012 kB
NFS_Unstable:          0 kB
Bounce:                0 kB
WritebackTmp:          0 kB
CommitLimit:     2152132 kB
Committed_AS:   119617120 kB
VmallocTotal:   251658176 kB
VmallocUsed:      135728 kB
VmallocChunk:   251444780 kB
Time pass: 105 sec

---2015-12-05 14:07:44
MemTotal:        2873608 kB
MemFree:          245184 kB
Buffers:           15532 kB
Cached:           927584 kB
SwapCached:           12 kB
Active:          1247972 kB
Inactive:         664948 kB
Active(anon):     775228 kB
Inactive(anon):   209356 kB
Active(file):     472744 kB
Inactive(file):   455592 kB
Unevictable:       13568 kB
Mlocked:               0 kB
SwapTotal:        715328 kB
SwapFree:         710836 kB
Dirty:              1292 kB
Writeback:             0 kB
AnonPages:        983360 kB
Mapped:           537268 kB
Shmem:              1132 kB
Slab:              98904 kB
SReclaimable:      32096 kB
SUnreclaim:        66808 kB
KernelStack:       38512 kB
PageTables:        50596 kB
NFS_Unstable:          0 kB
Bounce:                0 kB
WritebackTmp:          0 kB
CommitLimit:     2152132 kB
Committed_AS:   119663648 kB
VmallocTotal:   251658176 kB
VmallocUsed:      136616 kB
VmallocChunk:   251444780 kB
Time pass: 109 sec

---2015-12-05 14:07:44
MemTotal:        2873608 kB
MemFree:          176864 kB
Buffers:           15532 kB
Cached:           928608 kB
SwapCached:           12 kB
Active:          1261648 kB
Inactive:         664628 kB
Active(anon):     787500 kB
Inactive(anon):   209356 kB
Active(file):     474148 kB
Inactive(file):   455272 kB
Unevictable:       13568 kB
Mlocked:               0 kB
SwapTotal:        715328 kB
SwapFree:         710836 kB
Dirty:               724 kB
Writeback:            60 kB
AnonPages:        995924 kB
Mapped:           584908 kB
Shmem:              1132 kB
Slab:              98992 kB
SReclaimable:      32088 kB
SUnreclaim:        66904 kB
KernelStack:       38496 kB
PageTables:        50696 kB
NFS_Unstable:          0 kB
Bounce:                0 kB
WritebackTmp:          0 kB
CommitLimit:     2152132 kB
Committed_AS:   119667992 kB
VmallocTotal:   251658176 kB
VmallocUsed:      134604 kB
VmallocChunk:   251444780 kB
Time pass: 112 sec

---2015-12-05 14:07:44
MemTotal:        2873608 kB
MemFree:          177524 kB
Buffers:           15540 kB
Cached:           928608 kB
SwapCached:           12 kB
Active:          1261808 kB
Inactive:         664648 kB
Active(anon):     787652 kB
Inactive(anon):   209356 kB
Active(file):     474156 kB
Inactive(file):   455292 kB
Unevictable:       13568 kB
Mlocked:               0 kB
SwapTotal:        715328 kB
SwapFree:         710836 kB
Dirty:               828 kB
Writeback:             0 kB
AnonPages:        996112 kB
Mapped:           585008 kB
Shmem:              1132 kB
Slab:              98988 kB
SReclaimable:      32088 kB
SUnreclaim:        66900 kB
KernelStack:       38496 kB
PageTables:        50712 kB
NFS_Unstable:          0 kB
Bounce:                0 kB
WritebackTmp:          0 kB
CommitLimit:     2152132 kB
Committed_AS:   119668048 kB
VmallocTotal:   251658176 kB
VmallocUsed:      134604 kB
VmallocChunk:   251444780 kB
Time pass: 116 sec

---2015-12-05 14:07:44
MemTotal:        2873608 kB
MemFree:          158716 kB
Buffers:           15548 kB
Cached:           928732 kB
SwapCached:           12 kB
Active:          1266100 kB
Inactive:         664612 kB
Active(anon):     791776 kB
Inactive(anon):   209356 kB
Active(file):     474324 kB
Inactive(file):   455256 kB
Unevictable:       13568 kB
Mlocked:               0 kB
SwapTotal:        715328 kB
SwapFree:         710836 kB
Dirty:               148 kB
Writeback:             0 kB
AnonPages:       1000388 kB
Mapped:           594744 kB
Shmem:              1132 kB
Slab:              98992 kB
SReclaimable:      32088 kB
SUnreclaim:        66904 kB
KernelStack:       38464 kB
PageTables:        50788 kB
NFS_Unstable:          0 kB
Bounce:                0 kB
WritebackTmp:          0 kB
CommitLimit:     2152132 kB
Committed_AS:   119668048 kB
VmallocTotal:   251658176 kB
VmallocUsed:      134712 kB
VmallocChunk:   251444780 kB
Time pass: 120 sec

---2015-12-05 14:07:44
MemTotal:        2873608 kB
MemFree:          126288 kB
Buffers:           15672 kB
Cached:           928824 kB
SwapCached:           12 kB
Active:          1274940 kB
Inactive:         664544 kB
Active(anon):     800336 kB
Inactive(anon):   209356 kB
Active(file):     474604 kB
Inactive(file):   455188 kB
Unevictable:       13568 kB
Mlocked:               0 kB
SwapTotal:        715328 kB
SwapFree:         710836 kB
Dirty:               544 kB
Writeback:             0 kB
AnonPages:       1008904 kB
Mapped:           612892 kB
Shmem:              1136 kB
Slab:              99172 kB
SReclaimable:      32088 kB
SUnreclaim:        67084 kB
KernelStack:       38720 kB
PageTables:        50768 kB
NFS_Unstable:          0 kB
Bounce:                0 kB
WritebackTmp:          0 kB
CommitLimit:     2152132 kB
Committed_AS:   119676908 kB
VmallocTotal:   251658176 kB
VmallocUsed:      134860 kB
VmallocChunk:   251444780 kB
Time pass: 123 sec

---2015-12-05 14:07:44
MemTotal:        2873608 kB
MemFree:          127144 kB
Buffers:           17208 kB
Cached:           928852 kB
SwapCached:           12 kB
Active:          1271896 kB
Inactive:         666072 kB
Active(anon):     797272 kB
Inactive(anon):   209336 kB
Active(file):     474624 kB
Inactive(file):   456736 kB
Unevictable:       13568 kB
Mlocked:               0 kB
SwapTotal:        715328 kB
SwapFree:         710836 kB
Dirty:                84 kB
Writeback:             0 kB
AnonPages:       1005364 kB
Mapped:           614164 kB
Shmem:              1132 kB
Slab:              98980 kB
SReclaimable:      32072 kB
SUnreclaim:        66908 kB
KernelStack:       38560 kB
PageTables:        50820 kB
NFS_Unstable:          0 kB
Bounce:                0 kB
WritebackTmp:          0 kB
CommitLimit:     2152132 kB
Committed_AS:   119677128 kB
VmallocTotal:   251658176 kB
VmallocUsed:      134872 kB
VmallocChunk:   251444780 kB
Time pass: 127 sec

---2015-12-05 14:07:44
MemTotal:        2873608 kB
MemFree:          130684 kB
Buffers:           17216 kB
Cached:           928852 kB
SwapCached:           12 kB
Active:          1268316 kB
Inactive:         666068 kB
Active(anon):     793688 kB
Inactive(anon):   209336 kB
Active(file):     474628 kB
Inactive(file):   456732 kB
Unevictable:       13568 kB
Mlocked:               0 kB
SwapTotal:        715328 kB
SwapFree:         710836 kB
Dirty:                60 kB
Writeback:             0 kB
AnonPages:       1001920 kB
Mapped:           614216 kB
Shmem:              1132 kB
Slab:              98872 kB
SReclaimable:      32072 kB
SUnreclaim:        66800 kB
KernelStack:       38560 kB
PageTables:        50848 kB
NFS_Unstable:          0 kB
Bounce:                0 kB
WritebackTmp:          0 kB
CommitLimit:     2152132 kB
Committed_AS:   119677120 kB
VmallocTotal:   251658176 kB
VmallocUsed:      134872 kB
VmallocChunk:   251444780 kB
Time pass: 131 sec

---2015-12-05 14:07:44
MemTotal:        2873608 kB
MemFree:          129508 kB
Buffers:           17232 kB
Cached:           928848 kB
SwapCached:           12 kB
Active:          1268876 kB
Inactive:         666072 kB
Active(anon):     794240 kB
Inactive(anon):   209336 kB
Active(file):     474636 kB
Inactive(file):   456736 kB
Unevictable:       13568 kB
Mlocked:               0 kB
SwapTotal:        715328 kB
SwapFree:         710836 kB
Dirty:                 4 kB
Writeback:             0 kB
AnonPages:       1002360 kB
Mapped:           614400 kB
Shmem:              1132 kB
Slab:              98872 kB
SReclaimable:      32072 kB
SUnreclaim:        66800 kB
KernelStack:       38592 kB
PageTables:        50880 kB
NFS_Unstable:          0 kB
Bounce:                0 kB
WritebackTmp:          0 kB
CommitLimit:     2152132 kB
Committed_AS:   119677184 kB
VmallocTotal:   251658176 kB
VmallocUsed:      134872 kB
VmallocChunk:   251444780 kB
Time pass: 135 sec

---2015-12-05 14:07:44
MemTotal:        2873608 kB
MemFree:          135728 kB
Buffers:           17280 kB
Cached:           929016 kB
SwapCached:           12 kB
Active:          1268836 kB
Inactive:         663144 kB
Active(anon):     791056 kB
Inactive(anon):   209464 kB
Active(file):     477780 kB
Inactive(file):   453680 kB
Unevictable:       13568 kB
Mlocked:               0 kB
SwapTotal:        715328 kB
SwapFree:         710836 kB
Dirty:               104 kB
Writeback:             0 kB
AnonPages:        999344 kB
Mapped:           608392 kB
Shmem:              1268 kB
Slab:              98872 kB
SReclaimable:      32072 kB
SUnreclaim:        66800 kB
KernelStack:       38336 kB
PageTables:        50352 kB
NFS_Unstable:          0 kB
Bounce:                0 kB
WritebackTmp:          0 kB
CommitLimit:     2152132 kB
Committed_AS:   118465620 kB
VmallocTotal:   251658176 kB
VmallocUsed:      136124 kB
VmallocChunk:   251444780 kB
Time pass: 139 sec

---2015-12-05 14:07:44
MemTotal:        2873608 kB
MemFree:          133592 kB
Buffers:           17296 kB
Cached:           929156 kB
SwapCached:           12 kB
Active:          1270832 kB
Inactive:         662632 kB
Active(anon):     792396 kB
Inactive(anon):   209592 kB
Active(file):     478436 kB
Inactive(file):   453040 kB
Unevictable:       13568 kB
Mlocked:               0 kB
SwapTotal:        715328 kB
SwapFree:         710836 kB
Dirty:                52 kB
Writeback:             0 kB
AnonPages:       1000292 kB
Mapped:           608580 kB
Shmem:              1408 kB
Slab:              98884 kB
SReclaimable:      32072 kB
SUnreclaim:        66812 kB
KernelStack:       38288 kB
PageTables:        50396 kB
NFS_Unstable:          0 kB
Bounce:                0 kB
WritebackTmp:          0 kB
CommitLimit:     2152132 kB
Committed_AS:   118465628 kB
VmallocTotal:   251658176 kB
VmallocUsed:      136124 kB
VmallocChunk:   251444780 kB
Time pass: 142 sec

---2015-12-05 14:07:44
MemTotal:        2873608 kB
MemFree:          133008 kB
Buffers:           17304 kB
Cached:           929216 kB
SwapCached:           12 kB
Active:          1271060 kB
Inactive:         662712 kB
Active(anon):     792624 kB
Inactive(anon):   209660 kB
Active(file):     478436 kB
Inactive(file):   453052 kB
Unevictable:       13568 kB
Mlocked:               0 kB
SwapTotal:        715328 kB
SwapFree:         710836 kB
Dirty:                40 kB
Writeback:             0 kB
AnonPages:       1000784 kB
Mapped:           608644 kB
Shmem:              1464 kB
Slab:              98848 kB
SReclaimable:      32072 kB
SUnreclaim:        66776 kB
KernelStack:       38288 kB
PageTables:        50392 kB
NFS_Unstable:          0 kB
Bounce:                0 kB
WritebackTmp:          0 kB
CommitLimit:     2152132 kB
Committed_AS:   118465616 kB
VmallocTotal:   251658176 kB
VmallocUsed:      136124 kB
VmallocChunk:   251444780 kB
Time pass: 146 sec

---2015-12-05 14:07:44
MemTotal:        2873608 kB
MemFree:          132932 kB
Buffers:           17304 kB
Cached:           929316 kB
SwapCached:           12 kB
Active:          1271232 kB
Inactive:         662812 kB
Active(anon):     792796 kB
Inactive(anon):   209760 kB
Active(file):     478436 kB
Inactive(file):   453052 kB
Unevictable:       13568 kB
Mlocked:               0 kB
SwapTotal:        715328 kB
SwapFree:         710836 kB
Dirty:                40 kB
Writeback:             0 kB
AnonPages:       1001028 kB
Mapped:           608748 kB
Shmem:              1564 kB
Slab:              98848 kB
SReclaimable:      32072 kB
SUnreclaim:        66776 kB
KernelStack:       38288 kB
PageTables:        50392 kB
NFS_Unstable:          0 kB
Bounce:                0 kB
WritebackTmp:          0 kB
CommitLimit:     2152132 kB
Committed_AS:   118465600 kB
VmallocTotal:   251658176 kB
VmallocUsed:      136124 kB
VmallocChunk:   251444780 kB
Time pass: 150 sec

---2015-12-05 14:07:44
MemTotal:        2873608 kB
MemFree:          132212 kB
Buffers:           17312 kB
Cached:           929324 kB
SwapCached:           12 kB
Active:          1271756 kB
Inactive:         662824 kB
Active(anon):     793316 kB
Inactive(anon):   209768 kB
Active(file):     478440 kB
Inactive(file):   453056 kB
Unevictable:       13568 kB
Mlocked:               0 kB
SwapTotal:        715328 kB
SwapFree:         710836 kB
Dirty:                16 kB
Writeback:             0 kB
AnonPages:       1001420 kB
Mapped:           608768 kB
Shmem:              1572 kB
Slab:              98844 kB
SReclaimable:      32072 kB
SUnreclaim:        66772 kB
KernelStack:       38288 kB
PageTables:        50392 kB
NFS_Unstable:          0 kB
Bounce:                0 kB
WritebackTmp:          0 kB
CommitLimit:     2152132 kB
Committed_AS:   118465536 kB
VmallocTotal:   251658176 kB
VmallocUsed:      136124 kB
VmallocChunk:   251444780 kB
Time pass: 154 sec

---2015-12-05 14:07:44
MemTotal:        2873608 kB
MemFree:          132032 kB
Buffers:           17312 kB
Cached:           929324 kB
SwapCached:           12 kB
Active:          1271796 kB
Inactive:         662824 kB
Active(anon):     793356 kB
Inactive(anon):   209768 kB
Active(file):     478440 kB
Inactive(file):   453056 kB
Unevictable:       13568 kB
Mlocked:               0 kB
SwapTotal:        715328 kB
SwapFree:         710836 kB
Dirty:                 0 kB
Writeback:             0 kB
AnonPages:       1001580 kB
Mapped:           608776 kB
Shmem:              1572 kB
Slab:              98844 kB
SReclaimable:      32072 kB
SUnreclaim:        66772 kB
KernelStack:       38288 kB
PageTables:        50400 kB
NFS_Unstable:          0 kB
Bounce:                0 kB
WritebackTmp:          0 kB
CommitLimit:     2152132 kB
Committed_AS:   118465600 kB
VmallocTotal:   251658176 kB
VmallocUsed:      136124 kB
VmallocChunk:   251444780 kB
Time pass: 157 sec

---2015-12-05 14:07:44
MemTotal:        2873608 kB
MemFree:          130816 kB
Buffers:           17320 kB
Cached:           929336 kB
SwapCached:           12 kB
Active:          1272656 kB
Inactive:         662840 kB
Active(anon):     794212 kB
Inactive(anon):   209768 kB
Active(file):     478444 kB
Inactive(file):   453072 kB
Unevictable:       13568 kB
Mlocked:               0 kB
SwapTotal:        715328 kB
SwapFree:         710836 kB
Dirty:                52 kB
Writeback:             0 kB
AnonPages:       1002336 kB
Mapped:           608792 kB
Shmem:              1572 kB
Slab:              98848 kB
SReclaimable:      32072 kB
SUnreclaim:        66776 kB
KernelStack:       38288 kB
PageTables:        50400 kB
NFS_Unstable:          0 kB
Bounce:                0 kB
WritebackTmp:          0 kB
CommitLimit:     2152132 kB
Committed_AS:   118465664 kB
VmallocTotal:   251658176 kB
VmallocUsed:      136124 kB
VmallocChunk:   251444780 kB
Time pass: 161 sec

---2015-12-05 14:07:44
MemTotal:        2873608 kB
MemFree:          130428 kB
Buffers:           17328 kB
Cached:           929332 kB
SwapCached:           12 kB
Active:          1273200 kB
Inactive:         662840 kB
Active(anon):     794756 kB
Inactive(anon):   209768 kB
Active(file):     478444 kB
Inactive(file):   453072 kB
Unevictable:       13568 kB
Mlocked:               0 kB
SwapTotal:        715328 kB
SwapFree:         710836 kB
Dirty:                24 kB
Writeback:             0 kB
AnonPages:       1002852 kB
Mapped:           608812 kB
Shmem:              1572 kB
Slab:              98844 kB
SReclaimable:      32072 kB
SUnreclaim:        66772 kB
KernelStack:       38288 kB
PageTables:        50396 kB
NFS_Unstable:          0 kB
Bounce:                0 kB
WritebackTmp:          0 kB
CommitLimit:     2152132 kB
Committed_AS:   118465616 kB
VmallocTotal:   251658176 kB
VmallocUsed:      136124 kB
VmallocChunk:   251444780 kB
Time pass: 165 sec

---2015-12-05 14:07:44
MemTotal:        2873608 kB
MemFree:          127476 kB
Buffers:           17344 kB
Cached:           929056 kB
SwapCached:           12 kB
Active:          1277568 kB
Inactive:         662388 kB
Active(anon):     798932 kB
Inactive(anon):   209484 kB
Active(file):     478636 kB
Inactive(file):   452904 kB
Unevictable:       13568 kB
Mlocked:               0 kB
SwapTotal:        715328 kB
SwapFree:         710836 kB
Dirty:                84 kB
Writeback:             0 kB
AnonPages:       1007064 kB
Mapped:           610124 kB
Shmem:              1292 kB
Slab:              98904 kB
SReclaimable:      32072 kB
SUnreclaim:        66832 kB
KernelStack:       38240 kB
PageTables:        50372 kB
NFS_Unstable:          0 kB
Bounce:                0 kB
WritebackTmp:          0 kB
CommitLimit:     2152132 kB
Committed_AS:   118481908 kB
VmallocTotal:   251658176 kB
VmallocUsed:      136124 kB
VmallocChunk:   251444780 kB
Time pass: 169 sec

---2015-12-05 14:07:44
MemTotal:        2873608 kB
MemFree:          127168 kB
Buffers:           17376 kB
Cached:           929056 kB
SwapCached:           12 kB
Active:          1277684 kB
Inactive:         662400 kB
Active(anon):     799032 kB
Inactive(anon):   209468 kB
Active(file):     478652 kB
Inactive(file):   452932 kB
Unevictable:       13568 kB
Mlocked:               0 kB
SwapTotal:        715328 kB
SwapFree:         710836 kB
Dirty:                72 kB
Writeback:             0 kB
AnonPages:       1007004 kB
Mapped:           610148 kB
Shmem:              1280 kB
Slab:              98948 kB
SReclaimable:      32088 kB
SUnreclaim:        66860 kB
KernelStack:       38272 kB
PageTables:        50416 kB
NFS_Unstable:          0 kB
Bounce:                0 kB
WritebackTmp:          0 kB
CommitLimit:     2152132 kB
Committed_AS:   118481976 kB
VmallocTotal:   251658176 kB
VmallocUsed:      136124 kB
VmallocChunk:   251444780 kB
Time pass: 173 sec

---2015-12-05 14:07:44
MemTotal:        2873608 kB
MemFree:          126244 kB
Buffers:           17384 kB
Cached:           929140 kB
SwapCached:           12 kB
Active:          1278232 kB
Inactive:         662496 kB
Active(anon):     799580 kB
Inactive(anon):   209556 kB
Active(file):     478652 kB
Inactive(file):   452940 kB
Unevictable:       13568 kB
Mlocked:               0 kB
SwapTotal:        715328 kB
SwapFree:         710836 kB
Dirty:                24 kB
Writeback:             0 kB
AnonPages:       1007732 kB
Mapped:           610240 kB
Shmem:              1364 kB
Slab:              98944 kB
SReclaimable:      32088 kB
SUnreclaim:        66856 kB
KernelStack:       38240 kB
PageTables:        50416 kB
NFS_Unstable:          0 kB
Bounce:                0 kB
WritebackTmp:          0 kB
CommitLimit:     2152132 kB
Committed_AS:   118482024 kB
VmallocTotal:   251658176 kB
VmallocUsed:      136124 kB
VmallocChunk:   251444780 kB
Time pass: 176 sec

---2015-12-05 14:07:44
MemTotal:        2873608 kB
MemFree:          125252 kB
Buffers:           17392 kB
Cached:           929156 kB
SwapCached:           12 kB
Active:          1278672 kB
Inactive:         662520 kB
Active(anon):     800020 kB
Inactive(anon):   209572 kB
Active(file):     478652 kB
Inactive(file):   452948 kB
Unevictable:       13568 kB
Mlocked:               0 kB
SwapTotal:        715328 kB
SwapFree:         710836 kB
Dirty:                 0 kB
Writeback:            64 kB
AnonPages:       1008320 kB
Mapped:           610260 kB
Shmem:              1380 kB
Slab:              98944 kB
SReclaimable:      32088 kB
SUnreclaim:        66856 kB
KernelStack:       38240 kB
PageTables:        50412 kB
NFS_Unstable:          0 kB
Bounce:                0 kB
WritebackTmp:          0 kB
CommitLimit:     2152132 kB
Committed_AS:   118482040 kB
VmallocTotal:   251658176 kB
VmallocUsed:      136124 kB
VmallocChunk:   251444780 kB
Time pass: 180 sec

---2015-12-05 14:07:44
MemTotal:        2873608 kB
MemFree:          124832 kB
Buffers:           17392 kB
Cached:           929204 kB
SwapCached:           12 kB
Active:          1278912 kB
Inactive:         662568 kB
Active(anon):     800260 kB
Inactive(anon):   209616 kB
Active(file):     478652 kB
Inactive(file):   452952 kB
Unevictable:       13568 kB
Mlocked:               0 kB
SwapTotal:        715328 kB
SwapFree:         710836 kB
Dirty:                 8 kB
Writeback:             0 kB
AnonPages:       1008516 kB
Mapped:           610464 kB
Shmem:              1424 kB
Slab:              98944 kB
SReclaimable:      32088 kB
SUnreclaim:        66856 kB
KernelStack:       38240 kB
PageTables:        50484 kB
NFS_Unstable:          0 kB
Bounce:                0 kB
WritebackTmp:          0 kB
CommitLimit:     2152132 kB
Committed_AS:   118482032 kB
VmallocTotal:   251658176 kB
VmallocUsed:      136124 kB
VmallocChunk:   251444780 kB
Time pass: 184 sec

---2015-12-05 14:07:44
MemTotal:        2873608 kB
MemFree:          112136 kB
Buffers:           17416 kB
Cached:           928900 kB
SwapCached:           12 kB
Active:          1281712 kB
Inactive:         662284 kB
Active(anon):     803052 kB
Inactive(anon):   209328 kB
Active(file):     478660 kB
Inactive(file):   452956 kB
Unevictable:       13568 kB
Mlocked:               0 kB
SwapTotal:        715328 kB
SwapFree:         710836 kB
Dirty:                16 kB
Writeback:             0 kB
AnonPages:       1011324 kB
Mapped:           613032 kB
Shmem:              1132 kB
Slab:              98940 kB
SReclaimable:      32088 kB
SUnreclaim:        66852 kB
KernelStack:       37968 kB
PageTables:        50224 kB
NFS_Unstable:          0 kB
Bounce:                0 kB
WritebackTmp:          0 kB
CommitLimit:     2152132 kB
Committed_AS:   118486200 kB
VmallocTotal:   251658176 kB
VmallocUsed:      136156 kB
VmallocChunk:   251444780 kB
Time pass: 188 sec

---2015-12-05 14:07:44
MemTotal:        2873608 kB
MemFree:          123616 kB
Buffers:           17448 kB
Cached:           929104 kB
SwapCached:           12 kB
Active:          1280380 kB
Inactive:         662516 kB
Active(anon):     801720 kB
Inactive(anon):   209512 kB
Active(file):     478660 kB
Inactive(file):   453004 kB
Unevictable:       13568 kB
Mlocked:               0 kB
SwapTotal:        715328 kB
SwapFree:         710836 kB
Dirty:                56 kB
Writeback:             0 kB
AnonPages:       1009980 kB
Mapped:           610316 kB
Shmem:              1320 kB
Slab:              98984 kB
SReclaimable:      32088 kB
SUnreclaim:        66896 kB
KernelStack:       38256 kB
PageTables:        50384 kB
NFS_Unstable:          0 kB
Bounce:                0 kB
WritebackTmp:          0 kB
CommitLimit:     2152132 kB
Committed_AS:   118486208 kB
VmallocTotal:   251658176 kB
VmallocUsed:      136124 kB
VmallocChunk:   251444780 kB
Time pass: 192 sec

---2015-12-05 14:07:44
MemTotal:        2873608 kB
MemFree:          123016 kB
Buffers:           17464 kB
Cached:           929136 kB
SwapCached:           12 kB
Active:          1281856 kB
Inactive:         662548 kB
Active(anon):     803196 kB
Inactive(anon):   209528 kB
Active(file):     478660 kB
Inactive(file):   453020 kB
Unevictable:       13568 kB
Mlocked:               0 kB
SwapTotal:        715328 kB
SwapFree:         710836 kB
Dirty:                56 kB
Writeback:             0 kB
AnonPages:       1011284 kB
Mapped:           610436 kB
Shmem:              1352 kB
Slab:              99028 kB
SReclaimable:      32088 kB
SUnreclaim:        66940 kB
KernelStack:       38256 kB
PageTables:        50412 kB
NFS_Unstable:          0 kB
Bounce:                0 kB
WritebackTmp:          0 kB
CommitLimit:     2152132 kB
Committed_AS:   118486200 kB
VmallocTotal:   251658176 kB
VmallocUsed:      136124 kB
VmallocChunk:   251444780 kB
Time pass: 195 sec

---2015-12-05 14:07:44
MemTotal:        2873608 kB
MemFree:          122780 kB
Buffers:           17464 kB
Cached:           929136 kB
SwapCached:           12 kB
Active:          1281452 kB
Inactive:         662564 kB
Active(anon):     802792 kB
Inactive(anon):   209544 kB
Active(file):     478660 kB
Inactive(file):   453020 kB
Unevictable:       13568 kB
Mlocked:               0 kB
SwapTotal:        715328 kB
SwapFree:         710836 kB
Dirty:                60 kB
Writeback:             0 kB
AnonPages:       1011068 kB
Mapped:           610428 kB
Shmem:              1352 kB
Slab:              98988 kB
SReclaimable:      32088 kB
SUnreclaim:        66900 kB
KernelStack:       38272 kB
PageTables:        50392 kB
NFS_Unstable:          0 kB
Bounce:                0 kB
WritebackTmp:          0 kB
CommitLimit:     2152132 kB
Committed_AS:   118486296 kB
VmallocTotal:   251658176 kB
VmallocUsed:      136124 kB
VmallocChunk:   251444780 kB
Time pass: 199 sec

---2015-12-05 14:07:44
MemTotal:        2873608 kB
MemFree:          122516 kB
Buffers:           17472 kB
Cached:           929136 kB
SwapCached:           12 kB
Active:          1281336 kB
Inactive:         662572 kB
Active(anon):     802676 kB
Inactive(anon):   209544 kB
Active(file):     478660 kB
Inactive(file):   453028 kB
Unevictable:       13568 kB
Mlocked:               0 kB
SwapTotal:        715328 kB
SwapFree:         710836 kB
Dirty:                40 kB
Writeback:             0 kB
AnonPages:       1010848 kB
Mapped:           610472 kB
Shmem:              1352 kB
Slab:              98988 kB
SReclaimable:      32088 kB
SUnreclaim:        66900 kB
KernelStack:       38256 kB
PageTables:        50388 kB
NFS_Unstable:          0 kB
Bounce:                0 kB
WritebackTmp:          0 kB
CommitLimit:     2152132 kB
Committed_AS:   118486304 kB
VmallocTotal:   251658176 kB
VmallocUsed:      136124 kB
VmallocChunk:   251444780 kB
Time pass: 203 sec

---2015-12-05 14:07:44
MemTotal:        2873608 kB
MemFree:          122088 kB
Buffers:           17472 kB
Cached:           929136 kB
SwapCached:           12 kB
Active:          1281396 kB
Inactive:         662572 kB
Active(anon):     802736 kB
Inactive(anon):   209544 kB
Active(file):     478660 kB
Inactive(file):   453028 kB
Unevictable:       13568 kB
Mlocked:               0 kB
SwapTotal:        715328 kB
SwapFree:         710836 kB
Dirty:                 0 kB
Writeback:             0 kB
AnonPages:       1010880 kB
Mapped:           610352 kB
Shmem:              1352 kB
Slab:              98988 kB
SReclaimable:      32088 kB
SUnreclaim:        66900 kB
KernelStack:       38256 kB
PageTables:        50420 kB
NFS_Unstable:          0 kB
Bounce:                0 kB
WritebackTmp:          0 kB
CommitLimit:     2152132 kB
Committed_AS:   118486304 kB
VmallocTotal:   251658176 kB
VmallocUsed:      136124 kB
VmallocChunk:   251444780 kB
Time pass: 207 sec

---2015-12-05 14:07:44
MemTotal:        2873608 kB
MemFree:          122568 kB
Buffers:           17476 kB
Cached:           929136 kB
SwapCached:           12 kB
Active:          1281416 kB
Inactive:         662576 kB
Active(anon):     802756 kB
Inactive(anon):   209544 kB
Active(file):     478660 kB
Inactive(file):   453032 kB
Unevictable:       13568 kB
Mlocked:               0 kB
SwapTotal:        715328 kB
SwapFree:         710836 kB
Dirty:                 0 kB
Writeback:             0 kB
AnonPages:       1010868 kB
Mapped:           610576 kB
Shmem:              1352 kB
Slab:              98880 kB
SReclaimable:      31976 kB
SUnreclaim:        66904 kB
KernelStack:       38256 kB
PageTables:        50416 kB
NFS_Unstable:          0 kB
Bounce:                0 kB
WritebackTmp:          0 kB
CommitLimit:     2152132 kB
Committed_AS:   118486296 kB
VmallocTotal:   251658176 kB
VmallocUsed:      136124 kB
VmallocChunk:   251444780 kB
Time pass: 211 sec

---2015-12-05 14:07:44
MemTotal:        2873608 kB
MemFree:          122196 kB
Buffers:           17476 kB
Cached:           929136 kB
SwapCached:           12 kB
Active:          1281544 kB
Inactive:         662576 kB
Active(anon):     802884 kB
Inactive(anon):   209544 kB
Active(file):     478660 kB
Inactive(file):   453032 kB
Unevictable:       13568 kB
Mlocked:               0 kB
SwapTotal:        715328 kB
SwapFree:         710836 kB
Dirty:                 0 kB
Writeback:             0 kB
AnonPages:       1010984 kB
Mapped:           610584 kB
Shmem:              1352 kB
Slab:              98864 kB
SReclaimable:      31976 kB
SUnreclaim:        66888 kB
KernelStack:       38256 kB
PageTables:        50420 kB
NFS_Unstable:          0 kB
Bounce:                0 kB
WritebackTmp:          0 kB
CommitLimit:     2152132 kB
Committed_AS:   118486304 kB
VmallocTotal:   251658176 kB
VmallocUsed:      136124 kB
VmallocChunk:   251444780 kB
Time pass: 214 sec

---2015-12-05 14:07:44
MemTotal:        2873608 kB
MemFree:          122108 kB
Buffers:           17484 kB
Cached:           929136 kB
SwapCached:           12 kB
Active:          1281940 kB
Inactive:         662576 kB
Active(anon):     803272 kB
Inactive(anon):   209544 kB
Active(file):     478668 kB
Inactive(file):   453032 kB
Unevictable:       13568 kB
Mlocked:               0 kB
SwapTotal:        715328 kB
SwapFree:         710836 kB
Dirty:                36 kB
Writeback:             0 kB
AnonPages:       1011416 kB
Mapped:           610376 kB
Shmem:              1352 kB
Slab:              98860 kB
SReclaimable:      31976 kB
SUnreclaim:        66884 kB
KernelStack:       38256 kB
PageTables:        50424 kB
NFS_Unstable:          0 kB
Bounce:                0 kB
WritebackTmp:          0 kB
CommitLimit:     2152132 kB
Committed_AS:   118486344 kB
VmallocTotal:   251658176 kB
VmallocUsed:      136124 kB
VmallocChunk:   251444780 kB
Time pass: 218 sec

---2015-12-05 14:07:44
MemTotal:        2873608 kB
MemFree:          121956 kB
Buffers:           17492 kB
Cached:           929128 kB
SwapCached:           12 kB
Active:          1282448 kB
Inactive:         662576 kB
Active(anon):     803780 kB
Inactive(anon):   209544 kB
Active(file):     478668 kB
Inactive(file):   453032 kB
Unevictable:       13568 kB
Mlocked:               0 kB
SwapTotal:        715328 kB
SwapFree:         710836 kB
Dirty:                 0 kB
Writeback:             0 kB
AnonPages:       1012000 kB
Mapped:           610520 kB
Shmem:              1352 kB
Slab:              98860 kB
SReclaimable:      31976 kB
SUnreclaim:        66884 kB
KernelStack:       38256 kB
PageTables:        50388 kB
NFS_Unstable:          0 kB
Bounce:                0 kB
WritebackTmp:          0 kB
CommitLimit:     2152132 kB
Committed_AS:   118486304 kB
VmallocTotal:   251658176 kB
VmallocUsed:      136124 kB
VmallocChunk:   251444780 kB
Time pass: 222 sec

---2015-12-05 14:07:44
MemTotal:        2873608 kB
MemFree:          120016 kB
Buffers:           17548 kB
Cached:           929200 kB
SwapCached:           12 kB
Active:          1283836 kB
Inactive:         662696 kB
Active(anon):     805160 kB
Inactive(anon):   209588 kB
Active(file):     478676 kB
Inactive(file):   453108 kB
Unevictable:       13568 kB
Mlocked:               0 kB
SwapTotal:        715328 kB
SwapFree:         710836 kB
Dirty:               116 kB
Writeback:             0 kB
AnonPages:       1013432 kB
Mapped:           610584 kB
Shmem:              1396 kB
Slab:              98900 kB
SReclaimable:      31976 kB
SUnreclaim:        66924 kB
KernelStack:       38304 kB
PageTables:        50444 kB
NFS_Unstable:          0 kB
Bounce:                0 kB
WritebackTmp:          0 kB
CommitLimit:     2152132 kB
Committed_AS:   118486428 kB
VmallocTotal:   251658176 kB
VmallocUsed:      136124 kB
VmallocChunk:   251444780 kB
Time pass: 226 sec

---2015-12-05 14:07:44
MemTotal:        2873608 kB
MemFree:          119208 kB
Buffers:           17564 kB
Cached:           929400 kB
SwapCached:           12 kB
Active:          1284312 kB
Inactive:         662916 kB
Active(anon):     805640 kB
Inactive(anon):   209792 kB
Active(file):     478672 kB
Inactive(file):   453124 kB
Unevictable:       13568 kB
Mlocked:               0 kB
SwapTotal:        715328 kB
SwapFree:         710836 kB
Dirty:                20 kB
Writeback:             0 kB
AnonPages:       1013712 kB
Mapped:           610792 kB
Shmem:              1600 kB
Slab:              98784 kB
SReclaimable:      31896 kB
SUnreclaim:        66888 kB
KernelStack:       38256 kB
PageTables:        50448 kB
NFS_Unstable:          0 kB
Bounce:                0 kB
WritebackTmp:          0 kB
CommitLimit:     2152132 kB
Committed_AS:   118486424 kB
VmallocTotal:   251658176 kB
VmallocUsed:      136124 kB
VmallocChunk:   251444780 kB
Time pass: 229 sec

---2015-12-05 14:07:44
MemTotal:        2873608 kB
MemFree:          118452 kB
Buffers:           17572 kB
Cached:           929504 kB
SwapCached:           12 kB
Active:          1284628 kB
Inactive:         663024 kB
Active(anon):     805952 kB
Inactive(anon):   209896 kB
Active(file):     478676 kB
Inactive(file):   453128 kB
Unevictable:       13568 kB
Mlocked:               0 kB
SwapTotal:        715328 kB
SwapFree:         710836 kB
Dirty:                36 kB
Writeback:             0 kB
AnonPages:       1014020 kB
Mapped:           610904 kB
Shmem:              1704 kB
Slab:              98780 kB
SReclaimable:      31896 kB
SUnreclaim:        66884 kB
KernelStack:       38256 kB
PageTables:        50436 kB
NFS_Unstable:          0 kB
Bounce:                0 kB
WritebackTmp:          0 kB
CommitLimit:     2152132 kB
Committed_AS:   118486400 kB
VmallocTotal:   251658176 kB
VmallocUsed:      136124 kB
VmallocChunk:   251444780 kB
Time pass: 233 sec

---2015-12-05 14:07:44
MemTotal:        2873608 kB
MemFree:          117704 kB
Buffers:           17580 kB
Cached:           929504 kB
SwapCached:           12 kB
Active:          1285060 kB
Inactive:         663028 kB
Active(anon):     806384 kB
Inactive(anon):   209896 kB
Active(file):     478676 kB
Inactive(file):   453132 kB
Unevictable:       13568 kB
Mlocked:               0 kB
SwapTotal:        715328 kB
SwapFree:         710836 kB
Dirty:                12 kB
Writeback:            32 kB
AnonPages:       1014376 kB
Mapped:           611040 kB
Shmem:              1704 kB
Slab:              98780 kB
SReclaimable:      31896 kB
SUnreclaim:        66884 kB
KernelStack:       38256 kB
PageTables:        50504 kB
NFS_Unstable:          0 kB
Bounce:                0 kB
WritebackTmp:          0 kB
CommitLimit:     2152132 kB
Committed_AS:   118486400 kB
VmallocTotal:   251658176 kB
VmallocUsed:      136124 kB
VmallocChunk:   251444780 kB
Time pass: 237 sec

---2015-12-05 14:07:44
MemTotal:        2873608 kB
MemFree:          117912 kB
Buffers:           17580 kB
Cached:           929556 kB
SwapCached:           12 kB
Active:          1285104 kB
Inactive:         663084 kB
Active(anon):     806428 kB
Inactive(anon):   209944 kB
Active(file):     478676 kB
Inactive(file):   453140 kB
Unevictable:       13568 kB
Mlocked:               0 kB
SwapTotal:        715328 kB
SwapFree:         710836 kB
Dirty:                20 kB
Writeback:             0 kB
AnonPages:       1014668 kB
Mapped:           610964 kB
Shmem:              1752 kB
Slab:              98836 kB
SReclaimable:      31896 kB
SUnreclaim:        66940 kB
KernelStack:       38256 kB
PageTables:        50444 kB
NFS_Unstable:          0 kB
Bounce:                0 kB
WritebackTmp:          0 kB
CommitLimit:     2152132 kB
Committed_AS:   118486400 kB
VmallocTotal:   251658176 kB
VmallocUsed:      136124 kB
VmallocChunk:   251444780 kB
Time pass: 241 sec

---2015-12-05 14:07:44
MemTotal:        2873608 kB
MemFree:          117904 kB
Buffers:           17580 kB
Cached:           929560 kB
SwapCached:           12 kB
Active:          1285212 kB
Inactive:         663084 kB
Active(anon):     806532 kB
Inactive(anon):   209948 kB
Active(file):     478680 kB
Inactive(file):   453136 kB
Unevictable:       13568 kB
Mlocked:               0 kB
SwapTotal:        715328 kB
SwapFree:         710836 kB
Dirty:                 8 kB
Writeback:             0 kB
AnonPages:       1014728 kB
Mapped:           611028 kB
Shmem:              1756 kB
Slab:              98780 kB
SReclaimable:      31896 kB
SUnreclaim:        66884 kB
KernelStack:       38256 kB
PageTables:        50444 kB
NFS_Unstable:          0 kB
Bounce:                0 kB
WritebackTmp:          0 kB
CommitLimit:     2152132 kB
Committed_AS:   118486408 kB
VmallocTotal:   251658176 kB
VmallocUsed:      136124 kB
VmallocChunk:   251444780 kB
Time pass: 245 sec

---2015-12-05 14:07:44
MemTotal:        2873608 kB
MemFree:          117648 kB
Buffers:           17588 kB
Cached:           929560 kB
SwapCached:           12 kB
Active:          1285260 kB
Inactive:         663092 kB
Active(anon):     806580 kB
Inactive(anon):   209948 kB
Active(file):     478680 kB
Inactive(file):   453144 kB
Unevictable:       13568 kB
Mlocked:               0 kB
SwapTotal:        715328 kB
SwapFree:         710836 kB
Dirty:                 8 kB
Writeback:             0 kB
AnonPages:       1014896 kB
Mapped:           611040 kB
Shmem:              1756 kB
Slab:              98780 kB
SReclaimable:      31896 kB
SUnreclaim:        66884 kB
KernelStack:       38256 kB
PageTables:        50436 kB
NFS_Unstable:          0 kB
Bounce:                0 kB
WritebackTmp:          0 kB
CommitLimit:     2152132 kB
Committed_AS:   118486400 kB
VmallocTotal:   251658176 kB
VmallocUsed:      136124 kB
VmallocChunk:   251444780 kB
Time pass: 248 sec

---2015-12-05 14:07:44
MemTotal:        2873608 kB
MemFree:          117996 kB
Buffers:           17596 kB
Cached:           929556 kB
SwapCached:           12 kB
Active:          1285576 kB
Inactive:         663096 kB
Active(anon):     806896 kB
Inactive(anon):   209948 kB
Active(file):     478680 kB
Inactive(file):   453148 kB
Unevictable:       13568 kB
Mlocked:               0 kB
SwapTotal:        715328 kB
SwapFree:         710836 kB
Dirty:                 8 kB
Writeback:             0 kB
AnonPages:       1014992 kB
Mapped:           611044 kB
Shmem:              1756 kB
Slab:              98780 kB
SReclaimable:      31896 kB
SUnreclaim:        66884 kB
KernelStack:       38288 kB
PageTables:        50476 kB
NFS_Unstable:          0 kB
Bounce:                0 kB
WritebackTmp:          0 kB
CommitLimit:     2152132 kB
Committed_AS:   118486408 kB
VmallocTotal:   251658176 kB
VmallocUsed:      136124 kB
VmallocChunk:   251444780 kB
Time pass: 252 sec

---2015-12-05 14:07:44
MemTotal:        2873608 kB
MemFree:          114696 kB
Buffers:           17644 kB
Cached:           929096 kB
SwapCached:           12 kB
Active:          1289732 kB
Inactive:         662668 kB
Active(anon):     811048 kB
Inactive(anon):   209468 kB
Active(file):     478684 kB
Inactive(file):   453200 kB
Unevictable:       13568 kB
Mlocked:               0 kB
SwapTotal:        715328 kB
SwapFree:         710836 kB
Dirty:                84 kB
Writeback:             0 kB
AnonPages:       1019272 kB
Mapped:           610588 kB
Shmem:              1288 kB
Slab:              98808 kB
SReclaimable:      31912 kB
SUnreclaim:        66896 kB
KernelStack:       38256 kB
PageTables:        50420 kB
NFS_Unstable:          0 kB
Bounce:                0 kB
WritebackTmp:          0 kB
CommitLimit:     2152132 kB
Committed_AS:   118498844 kB
VmallocTotal:   251658176 kB
VmallocUsed:      136124 kB
VmallocChunk:   251444780 kB
Time pass: 256 sec

---2015-12-05 14:07:44
MemTotal:        2873608 kB
MemFree:          114360 kB
Buffers:           17644 kB
Cached:           929100 kB
SwapCached:           12 kB
Active:          1289408 kB
Inactive:         662680 kB
Active(anon):     810724 kB
Inactive(anon):   209480 kB
Active(file):     478684 kB
Inactive(file):   453200 kB
Unevictable:       13568 kB
Mlocked:               0 kB
SwapTotal:        715328 kB
SwapFree:         710836 kB
Dirty:                 8 kB
Writeback:             0 kB
AnonPages:       1018772 kB
Mapped:           610596 kB
Shmem:              1292 kB
Slab:              98844 kB
SReclaimable:      31912 kB
SUnreclaim:        66932 kB
KernelStack:       38272 kB
PageTables:        50428 kB
NFS_Unstable:          0 kB
Bounce:                0 kB
WritebackTmp:          0 kB
CommitLimit:     2152132 kB
Committed_AS:   118498856 kB
VmallocTotal:   251658176 kB
VmallocUsed:      136124 kB
VmallocChunk:   251444780 kB
Time pass: 260 sec

---2015-12-05 14:07:44
MemTotal:        2873608 kB
MemFree:          114504 kB
Buffers:           17652 kB
Cached:           929112 kB
SwapCached:           12 kB
Active:          1290196 kB
Inactive:         662692 kB
Active(anon):     811512 kB
Inactive(anon):   209484 kB
Active(file):     478684 kB
Inactive(file):   453208 kB
Unevictable:       13568 kB
Mlocked:               0 kB
SwapTotal:        715328 kB
SwapFree:         710836 kB
Dirty:                36 kB
Writeback:             0 kB
AnonPages:       1019616 kB
Mapped:           610612 kB
Shmem:              1304 kB
Slab:              98796 kB
SReclaimable:      31912 kB
SUnreclaim:        66884 kB
KernelStack:       38272 kB
PageTables:        50424 kB
NFS_Unstable:          0 kB
Bounce:                0 kB
WritebackTmp:          0 kB
CommitLimit:     2152132 kB
Committed_AS:   118498888 kB
VmallocTotal:   251658176 kB
VmallocUsed:      136124 kB
VmallocChunk:   251444780 kB
Time pass: 264 sec

---2015-12-05 14:07:44
MemTotal:        2873608 kB
MemFree:          112468 kB
Buffers:           17676 kB
Cached:           929124 kB
SwapCached:           12 kB
Active:          1292324 kB
Inactive:         662736 kB
Active(anon):     813640 kB
Inactive(anon):   209496 kB
Active(file):     478684 kB
Inactive(file):   453240 kB
Unevictable:       13568 kB
Mlocked:               0 kB
SwapTotal:        715328 kB
SwapFree:         710836 kB
Dirty:                24 kB
Writeback:             0 kB
AnonPages:       1021880 kB
Mapped:           610628 kB
Shmem:              1308 kB
Slab:              98796 kB
SReclaimable:      31912 kB
SUnreclaim:        66884 kB
KernelStack:       38272 kB
PageTables:        50424 kB
NFS_Unstable:          0 kB
Bounce:                0 kB
WritebackTmp:          0 kB
CommitLimit:     2152132 kB
Committed_AS:   118498920 kB
VmallocTotal:   251658176 kB
VmallocUsed:      136124 kB
VmallocChunk:   251444780 kB
Time pass: 267 sec

---2015-12-05 14:07:44
MemTotal:        2873608 kB
MemFree:          112064 kB
Buffers:           17676 kB
Cached:           929124 kB
SwapCached:           12 kB
Active:          1292120 kB
Inactive:         662736 kB
Active(anon):     813436 kB
Inactive(anon):   209496 kB
Active(file):     478684 kB
Inactive(file):   453240 kB
Unevictable:       13568 kB
Mlocked:               0 kB
SwapTotal:        715328 kB
SwapFree:         710836 kB
Dirty:                24 kB
Writeback:             0 kB
AnonPages:       1021704 kB
Mapped:           610592 kB
Shmem:              1308 kB
Slab:              98796 kB
SReclaimable:      31912 kB
SUnreclaim:        66884 kB
KernelStack:       38272 kB
PageTables:        50424 kB
NFS_Unstable:          0 kB
Bounce:                0 kB
WritebackTmp:          0 kB
CommitLimit:     2152132 kB
Committed_AS:   118498880 kB
VmallocTotal:   251658176 kB
VmallocUsed:      136124 kB
VmallocChunk:   251444780 kB
Time pass: 271 sec

---2015-12-05 14:07:44
MemTotal:        2873608 kB
MemFree:          110496 kB
Buffers:           17684 kB
Cached:           929124 kB
SwapCached:           12 kB
Active:          1293196 kB
Inactive:         662744 kB
Active(anon):     814512 kB
Inactive(anon):   209496 kB
Active(file):     478684 kB
Inactive(file):   453248 kB
Unevictable:       13568 kB
Mlocked:               0 kB
SwapTotal:        715328 kB
SwapFree:         710836 kB
Dirty:                 0 kB
Writeback:             0 kB
AnonPages:       1022536 kB
Mapped:           610776 kB
Shmem:              1308 kB
Slab:              98828 kB
SReclaimable:      31912 kB
SUnreclaim:        66916 kB
KernelStack:       38272 kB
PageTables:        50488 kB
NFS_Unstable:          0 kB
Bounce:                0 kB
WritebackTmp:          0 kB
CommitLimit:     2152132 kB
Committed_AS:   118498864 kB
VmallocTotal:   251658176 kB
VmallocUsed:      136124 kB
VmallocChunk:   251444780 kB
Time pass: 275 sec

---2015-12-05 14:07:44
MemTotal:        2873608 kB
MemFree:          109364 kB
Buffers:           17724 kB
Cached:           929120 kB
SwapCached:           12 kB
Active:          1294608 kB
Inactive:         662780 kB
Active(anon):     815928 kB
Inactive(anon):   209492 kB
Active(file):     478680 kB
Inactive(file):   453288 kB
Unevictable:       13568 kB
Mlocked:               0 kB
SwapTotal:        715328 kB
SwapFree:         710836 kB
Dirty:               128 kB
Writeback:             0 kB
AnonPages:       1024140 kB
Mapped:           610744 kB
Shmem:              1308 kB
Slab:              98820 kB
SReclaimable:      31912 kB
SUnreclaim:        66908 kB
KernelStack:       38288 kB
PageTables:        50456 kB
NFS_Unstable:          0 kB
Bounce:                0 kB
WritebackTmp:          0 kB
CommitLimit:     2152132 kB
Committed_AS:   118498968 kB
VmallocTotal:   251658176 kB
VmallocUsed:      136124 kB
VmallocChunk:   251444780 kB
Time pass: 278 sec

---2015-12-05 14:07:44
MemTotal:        2873608 kB
MemFree:          107996 kB
Buffers:           17724 kB
Cached:           929120 kB
SwapCached:           12 kB
Active:          1295900 kB
Inactive:         662780 kB
Active(anon):     817220 kB
Inactive(anon):   209492 kB
Active(file):     478680 kB
Inactive(file):   453288 kB
Unevictable:       13568 kB
Mlocked:               0 kB
SwapTotal:        715328 kB
SwapFree:         710836 kB
Dirty:                 0 kB
Writeback:             0 kB
AnonPages:       1025372 kB
Mapped:           610532 kB
Shmem:              1308 kB
Slab:              98972 kB
SReclaimable:      31912 kB
SUnreclaim:        67060 kB
KernelStack:       38304 kB
PageTables:        50496 kB
NFS_Unstable:          0 kB
Bounce:                0 kB
WritebackTmp:          0 kB
CommitLimit:     2152132 kB
Committed_AS:   118498944 kB
VmallocTotal:   251658176 kB
VmallocUsed:      136124 kB
VmallocChunk:   251444780 kB
Time pass: 282 sec

---2015-12-05 14:07:44
MemTotal:        2873608 kB
MemFree:          106596 kB
Buffers:           17732 kB
Cached:           929120 kB
SwapCached:           12 kB
Active:          1296820 kB
Inactive:         662788 kB
Active(anon):     818140 kB
Inactive(anon):   209492 kB
Active(file):     478680 kB
Inactive(file):   453296 kB
Unevictable:       13568 kB
Mlocked:               0 kB
SwapTotal:        715328 kB
SwapFree:         710836 kB
Dirty:                36 kB
Writeback:             0 kB
AnonPages:       1026296 kB
Mapped:           610756 kB
Shmem:              1308 kB
Slab:              98820 kB
SReclaimable:      31912 kB
SUnreclaim:        66908 kB
KernelStack:       38288 kB
PageTables:        50452 kB
NFS_Unstable:          0 kB
Bounce:                0 kB
WritebackTmp:          0 kB
CommitLimit:     2152132 kB
Committed_AS:   118498848 kB
VmallocTotal:   251658176 kB
VmallocUsed:      136124 kB
VmallocChunk:   251444780 kB
Time pass: 286 sec

---2015-12-05 14:07:44
MemTotal:        2873608 kB
MemFree:          107540 kB
Buffers:           17748 kB
Cached:           929148 kB
SwapCached:           12 kB
Active:          1296540 kB
Inactive:         662828 kB
Active(anon):     817860 kB
Inactive(anon):   209520 kB
Active(file):     478680 kB
Inactive(file):   453308 kB
Unevictable:       13568 kB
Mlocked:               0 kB
SwapTotal:        715328 kB
SwapFree:         710836 kB
Dirty:                40 kB
Writeback:             0 kB
AnonPages:       1026108 kB
Mapped:           610704 kB
Shmem:              1336 kB
Slab:              98832 kB
SReclaimable:      31912 kB
SUnreclaim:        66920 kB
KernelStack:       38256 kB
PageTables:        50420 kB
NFS_Unstable:          0 kB
Bounce:                0 kB
WritebackTmp:          0 kB
CommitLimit:     2152132 kB
Committed_AS:   118498840 kB
VmallocTotal:   251658176 kB
VmallocUsed:      136124 kB
VmallocChunk:   251444780 kB
Time pass: 290 sec

---2015-12-05 14:07:44
MemTotal:        2873608 kB
MemFree:          106188 kB
Buffers:           17748 kB
Cached:           929148 kB
SwapCached:           12 kB
Active:          1297232 kB
Inactive:         662832 kB
Active(anon):     818552 kB
Inactive(anon):   209520 kB
Active(file):     478680 kB
Inactive(file):   453312 kB
Unevictable:       13568 kB
Mlocked:               0 kB
SwapTotal:        715328 kB
SwapFree:         710836 kB
Dirty:                40 kB
Writeback:             0 kB
AnonPages:       1026684 kB
Mapped:           610712 kB
Shmem:              1336 kB
Slab:              98840 kB
SReclaimable:      31912 kB
SUnreclaim:        66928 kB
KernelStack:       38272 kB
PageTables:        50420 kB
NFS_Unstable:          0 kB
Bounce:                0 kB
WritebackTmp:          0 kB
CommitLimit:     2152132 kB
Committed_AS:   118498832 kB
VmallocTotal:   251658176 kB
VmallocUsed:      136124 kB
VmallocChunk:   251444780 kB
Time pass: 293 sec

---2015-12-05 14:07:44
MemTotal:        2873608 kB
MemFree:          106356 kB
Buffers:           17756 kB
Cached:           929152 kB
SwapCached:           12 kB
Active:          1297232 kB
Inactive:         662844 kB
Active(anon):     818552 kB
Inactive(anon):   209524 kB
Active(file):     478680 kB
Inactive(file):   453320 kB
Unevictable:       13568 kB
Mlocked:               0 kB
SwapTotal:        715328 kB
SwapFree:         710836 kB
Dirty:                32 kB
Writeback:             0 kB
AnonPages:       1026872 kB
Mapped:           610808 kB
Shmem:              1340 kB
Slab:              98820 kB
SReclaimable:      31912 kB
SUnreclaim:        66908 kB
KernelStack:       38256 kB
PageTables:        50452 kB
NFS_Unstable:          0 kB
Bounce:                0 kB
WritebackTmp:          0 kB
CommitLimit:     2152132 kB
Committed_AS:   118502928 kB
VmallocTotal:   251658176 kB
VmallocUsed:      136124 kB
VmallocChunk:   251444780 kB
Time pass: 297 sec

---2015-12-05 14:07:44
MemTotal:        2873608 kB
MemFree:          106464 kB
Buffers:           17756 kB
Cached:           929156 kB
SwapCached:           12 kB
Active:          1297680 kB
Inactive:         662848 kB
Active(anon):     819000 kB
Inactive(anon):   209528 kB
Active(file):     478680 kB
Inactive(file):   453320 kB
Unevictable:       13568 kB
Mlocked:               0 kB
SwapTotal:        715328 kB
SwapFree:         710836 kB
Dirty:                 0 kB
Writeback:             0 kB
AnonPages:       1026880 kB
Mapped:           610816 kB
Shmem:              1344 kB
Slab:              98820 kB
SReclaimable:      31912 kB
SUnreclaim:        66908 kB
KernelStack:       38256 kB
PageTables:        50452 kB
NFS_Unstable:          0 kB
Bounce:                0 kB
WritebackTmp:          0 kB
CommitLimit:     2152132 kB
Committed_AS:   118502944 kB
VmallocTotal:   251658176 kB
VmallocUsed:      136124 kB
VmallocChunk:   251444780 kB
Time pass: 301 sec

---2015-12-05 14:07:44
MemTotal:        2873608 kB
MemFree:           93832 kB
Buffers:           17788 kB
Cached:           931980 kB
SwapCached:           12 kB
Active:          1307460 kB
Inactive:         665136 kB
Active(anon):     828212 kB
Inactive(anon):   209544 kB
Active(file):     479248 kB
Inactive(file):   455592 kB
Unevictable:       13568 kB
Mlocked:               0 kB
SwapTotal:        715328 kB
SwapFree:         710836 kB
Dirty:                76 kB
Writeback:             0 kB
AnonPages:       1036296 kB
Mapped:           615624 kB
Shmem:              1360 kB
Slab:              98856 kB
SReclaimable:      31912 kB
SUnreclaim:        66944 kB
KernelStack:       38256 kB
PageTables:        50556 kB
NFS_Unstable:          0 kB
Bounce:                0 kB
WritebackTmp:          0 kB
CommitLimit:     2152132 kB
Committed_AS:   118519328 kB
VmallocTotal:   251658176 kB
VmallocUsed:      136124 kB
VmallocChunk:   251444780 kB
Time pass: 305 sec

---2015-12-05 14:07:44
MemTotal:        2873608 kB
MemFree:           67064 kB
Buffers:           17828 kB
Cached:           932024 kB
SwapCached:           12 kB
Active:          1331604 kB
Inactive:         664564 kB
Active(anon):     851700 kB
Inactive(anon):   209544 kB
Active(file):     479904 kB
Inactive(file):   455020 kB
Unevictable:       13568 kB
Mlocked:               0 kB
SwapTotal:        715328 kB
SwapFree:         710836 kB
Dirty:                84 kB
Writeback:             0 kB
AnonPages:       1059888 kB
Mapped:           624516 kB
Shmem:              1360 kB
Slab:              98888 kB
SReclaimable:      31912 kB
SUnreclaim:        66976 kB
KernelStack:       38944 kB
PageTables:        51264 kB
NFS_Unstable:          0 kB
Bounce:                0 kB
WritebackTmp:          0 kB
CommitLimit:     2152132 kB
Committed_AS:   119773800 kB
VmallocTotal:   251658176 kB
VmallocUsed:      137304 kB
VmallocChunk:   251444780 kB
Time pass: 309 sec

---2015-12-05 14:07:44
MemTotal:        2873608 kB
MemFree:           77872 kB
Buffers:           17828 kB
Cached:           932032 kB
SwapCached:           12 kB
Active:          1320324 kB
Inactive:         663636 kB
Active(anon):     839484 kB
Inactive(anon):   209552 kB
Active(file):     480840 kB
Inactive(file):   454084 kB
Unevictable:       13568 kB
Mlocked:               0 kB
SwapTotal:        715328 kB
SwapFree:         710836 kB
Dirty:                 0 kB
Writeback:             0 kB
AnonPages:       1047684 kB
Mapped:           624620 kB
Shmem:              1368 kB
Slab:              98912 kB
SReclaimable:      31912 kB
SUnreclaim:        67000 kB
KernelStack:       38976 kB
PageTables:        51264 kB
NFS_Unstable:          0 kB
Bounce:                0 kB
WritebackTmp:          0 kB
CommitLimit:     2152132 kB
Committed_AS:   119770944 kB
VmallocTotal:   251658176 kB
VmallocUsed:      137304 kB
VmallocChunk:   251444780 kB
Time pass: 312 sec

---2015-12-05 14:07:44
MemTotal:        2873608 kB
MemFree:           81652 kB
Buffers:           17868 kB
Cached:           932036 kB
SwapCached:           12 kB
Active:          1316444 kB
Inactive:         663680 kB
Active(anon):     835604 kB
Inactive(anon):   209556 kB
Active(file):     480840 kB
Inactive(file):   454124 kB
Unevictable:       13568 kB
Mlocked:               0 kB
SwapTotal:        715328 kB
SwapFree:         710836 kB
Dirty:                88 kB
Writeback:             0 kB
AnonPages:       1043700 kB
Mapped:           624672 kB
Shmem:              1372 kB
Slab:              98880 kB
SReclaimable:      31912 kB
SUnreclaim:        66968 kB
KernelStack:       39008 kB
PageTables:        51268 kB
NFS_Unstable:          0 kB
Bounce:                0 kB
WritebackTmp:          0 kB
CommitLimit:     2152132 kB
Committed_AS:   119771032 kB
VmallocTotal:   251658176 kB
VmallocUsed:      137304 kB
VmallocChunk:   251444780 kB
Time pass: 316 sec

---2015-12-05 14:07:44
MemTotal:        2873608 kB
MemFree:           78552 kB
Buffers:           17876 kB
Cached:           932056 kB
SwapCached:           12 kB
Active:          1320264 kB
Inactive:         663708 kB
Active(anon):     839424 kB
Inactive(anon):   209584 kB
Active(file):     480840 kB
Inactive(file):   454124 kB
Unevictable:       13568 kB
Mlocked:               0 kB
SwapTotal:        715328 kB
SwapFree:         710836 kB
Dirty:                 0 kB
Writeback:             0 kB
AnonPages:       1047544 kB
Mapped:           624624 kB
Shmem:              1400 kB
Slab:              98872 kB
SReclaimable:      31912 kB
SUnreclaim:        66960 kB
KernelStack:       38768 kB
PageTables:        50812 kB
NFS_Unstable:          0 kB
Bounce:                0 kB
WritebackTmp:          0 kB
CommitLimit:     2152132 kB
Committed_AS:   118534816 kB
VmallocTotal:   251658176 kB
VmallocUsed:      136284 kB
VmallocChunk:   251444780 kB
Time pass: 320 sec

---2015-12-05 14:07:44
MemTotal:        2873608 kB
MemFree:           77896 kB
Buffers:           17876 kB
Cached:           932064 kB
SwapCached:           12 kB
Active:          1320252 kB
Inactive:         663716 kB
Active(anon):     839412 kB
Inactive(anon):   209584 kB
Active(file):     480840 kB
Inactive(file):   454132 kB
Unevictable:       13568 kB
Mlocked:               0 kB
SwapTotal:        715328 kB
SwapFree:         710836 kB
Dirty:                 0 kB
Writeback:             0 kB
AnonPages:       1047668 kB
Mapped:           624640 kB
Shmem:              1400 kB
Slab:              98868 kB
SReclaimable:      31912 kB
SUnreclaim:        66956 kB
KernelStack:       38768 kB
PageTables:        50816 kB
NFS_Unstable:          0 kB
Bounce:                0 kB
WritebackTmp:          0 kB
CommitLimit:     2152132 kB
Committed_AS:   118534840 kB
VmallocTotal:   251658176 kB
VmallocUsed:      136284 kB
VmallocChunk:   251444780 kB
Time pass: 324 sec

---2015-12-05 14:07:44
MemTotal:        2873608 kB
MemFree:           78424 kB
Buffers:           17892 kB
Cached:           932064 kB
SwapCached:           12 kB
Active:          1320536 kB
Inactive:         663732 kB
Active(anon):     839696 kB
Inactive(anon):   209584 kB
Active(file):     480840 kB
Inactive(file):   454148 kB
Unevictable:       13568 kB
Mlocked:               0 kB
SwapTotal:        715328 kB
SwapFree:         710836 kB
Dirty:                40 kB
Writeback:             0 kB
AnonPages:       1047808 kB
Mapped:           624652 kB
Shmem:              1400 kB
Slab:              98888 kB
SReclaimable:      31912 kB
SUnreclaim:        66976 kB
KernelStack:       38768 kB
PageTables:        50816 kB
NFS_Unstable:          0 kB
Bounce:                0 kB
WritebackTmp:          0 kB
CommitLimit:     2152132 kB
Committed_AS:   118534848 kB
VmallocTotal:   251658176 kB
VmallocUsed:      136284 kB
VmallocChunk:   251444780 kB
Time pass: 327 sec

---2015-12-05 14:07:44
MemTotal:        2873608 kB
MemFree:           77888 kB
Buffers:           17900 kB
Cached:           932064 kB
SwapCached:           12 kB
Active:          1320848 kB
Inactive:         663732 kB
Active(anon):     840008 kB
Inactive(anon):   209584 kB
Active(file):     480840 kB
Inactive(file):   454148 kB
Unevictable:       13568 kB
Mlocked:               0 kB
SwapTotal:        715328 kB
SwapFree:         710836 kB
Dirty:                32 kB
Writeback:             0 kB
AnonPages:       1047892 kB
Mapped:           624772 kB
Shmem:              1400 kB
Slab:              98868 kB
SReclaimable:      31912 kB
SUnreclaim:        66956 kB
KernelStack:       38720 kB
PageTables:        50836 kB
NFS_Unstable:          0 kB
Bounce:                0 kB
WritebackTmp:          0 kB
CommitLimit:     2152132 kB
Committed_AS:   118534792 kB
VmallocTotal:   251658176 kB
VmallocUsed:      136284 kB
VmallocChunk:   251444780 kB
Time pass: 331 sec

---2015-12-05 14:07:44
MemTotal:        2873608 kB
MemFree:           76192 kB
Buffers:           17900 kB
Cached:           932152 kB
SwapCached:           12 kB
Active:          1322372 kB
Inactive:         663820 kB
Active(anon):     841524 kB
Inactive(anon):   209584 kB
Active(file):     480848 kB
Inactive(file):   454236 kB
Unevictable:       13568 kB
Mlocked:               0 kB
SwapTotal:        715328 kB
SwapFree:         710836 kB
Dirty:                32 kB
Writeback:             0 kB
AnonPages:       1049684 kB
Mapped:           624908 kB
Shmem:              1400 kB
Slab:              98868 kB
SReclaimable:      31912 kB
SUnreclaim:        66956 kB
KernelStack:       38736 kB
PageTables:        50844 kB
NFS_Unstable:          0 kB
Bounce:                0 kB
WritebackTmp:          0 kB
CommitLimit:     2152132 kB
Committed_AS:   118534784 kB
VmallocTotal:   251658176 kB
VmallocUsed:      136284 kB
VmallocChunk:   251444780 kB
Time pass: 335 sec

---2015-12-05 14:07:44
MemTotal:        2873608 kB
MemFree:           76488 kB
Buffers:           17916 kB
Cached:           932156 kB
SwapCached:           12 kB
Active:          1321668 kB
Inactive:         663840 kB
Active(anon):     840820 kB
Inactive(anon):   209588 kB
Active(file):     480848 kB
Inactive(file):   454252 kB
Unevictable:       13568 kB
Mlocked:               0 kB
SwapTotal:        715328 kB
SwapFree:         710836 kB
Dirty:                68 kB
Writeback:             0 kB
AnonPages:       1048912 kB
Mapped:           624840 kB
Shmem:              1404 kB
Slab:              98868 kB
SReclaimable:      31912 kB
SUnreclaim:        66956 kB
KernelStack:       38736 kB
PageTables:        50812 kB
NFS_Unstable:          0 kB
Bounce:                0 kB
WritebackTmp:          0 kB
CommitLimit:     2152132 kB
Committed_AS:   118534776 kB
VmallocTotal:   251658176 kB
VmallocUsed:      136284 kB
VmallocChunk:   251444780 kB
Time pass: 339 sec

---2015-12-05 14:07:44
MemTotal:        2873608 kB
MemFree:           76640 kB
Buffers:           17916 kB
Cached:           932216 kB
SwapCached:           12 kB
Active:          1321768 kB
Inactive:         663900 kB
Active(anon):     840920 kB
Inactive(anon):   209588 kB
Active(file):     480848 kB
Inactive(file):   454312 kB
Unevictable:       13568 kB
Mlocked:               0 kB
SwapTotal:        715328 kB
SwapFree:         710836 kB
Dirty:                 0 kB
Writeback:            20 kB
AnonPages:       1049044 kB
Mapped:           624940 kB
Shmem:              1404 kB
Slab:              98868 kB
SReclaimable:      31912 kB
SUnreclaim:        66956 kB
KernelStack:       38720 kB
PageTables:        50832 kB
NFS_Unstable:          0 kB
Bounce:                0 kB
WritebackTmp:          0 kB
CommitLimit:     2152132 kB
Committed_AS:   118534720 kB
VmallocTotal:   251658176 kB
VmallocUsed:      136284 kB
VmallocChunk:   251444780 kB
Time pass: 342 sec

---2015-12-05 14:07:44
MemTotal:        2873608 kB
MemFree:           76644 kB
Buffers:           17924 kB
Cached:           932216 kB
SwapCached:           12 kB
Active:          1322052 kB
Inactive:         663908 kB
Active(anon):     841204 kB
Inactive(anon):   209588 kB
Active(file):     480848 kB
Inactive(file):   454320 kB
Unevictable:       13568 kB
Mlocked:               0 kB
SwapTotal:        715328 kB
SwapFree:         710836 kB
Dirty:                32 kB
Writeback:             0 kB
AnonPages:       1049336 kB
Mapped:           624820 kB
Shmem:              1404 kB
Slab:              98896 kB
SReclaimable:      31912 kB
SUnreclaim:        66984 kB
KernelStack:       38720 kB
PageTables:        50804 kB
NFS_Unstable:          0 kB
Bounce:                0 kB
WritebackTmp:          0 kB
CommitLimit:     2152132 kB
Committed_AS:   118534712 kB
VmallocTotal:   251658176 kB
VmallocUsed:      136284 kB
VmallocChunk:   251444780 kB
Time pass: 346 sec

---2015-12-05 14:07:44
MemTotal:        2873608 kB
MemFree:           75884 kB
Buffers:           17940 kB
Cached:           932204 kB
SwapCached:           12 kB
Active:          1323024 kB
Inactive:         663912 kB
Active(anon):     842176 kB
Inactive(anon):   209592 kB
Active(file):     480848 kB
Inactive(file):   454320 kB
Unevictable:       13568 kB
Mlocked:               0 kB
SwapTotal:        715328 kB
SwapFree:         710836 kB
Dirty:                40 kB
Writeback:             0 kB
AnonPages:       1050248 kB
Mapped:           624872 kB
Shmem:              1408 kB
Slab:              99012 kB
SReclaimable:      31912 kB
SUnreclaim:        67100 kB
KernelStack:       38736 kB
PageTables:        50804 kB
NFS_Unstable:          0 kB
Bounce:                0 kB
WritebackTmp:          0 kB
CommitLimit:     2152132 kB
Committed_AS:   118534720 kB
VmallocTotal:   251658176 kB
VmallocUsed:      136284 kB
VmallocChunk:   251444780 kB
Time pass: 350 sec

---2015-12-05 14:07:44
MemTotal:        2873608 kB
MemFree:           73728 kB
Buffers:           17940 kB
Cached:           932760 kB
SwapCached:           12 kB
Active:          1323616 kB
Inactive:         664468 kB
Active(anon):     842768 kB
Inactive(anon):   209584 kB
Active(file):     480848 kB
Inactive(file):   454884 kB
Unevictable:       13568 kB
Mlocked:               0 kB
SwapTotal:        715328 kB
SwapFree:         710836 kB
Dirty:                92 kB
Writeback:             0 kB
AnonPages:       1050936 kB
Mapped:           625072 kB
Shmem:              1400 kB
Slab:              99012 kB
SReclaimable:      31912 kB
SUnreclaim:        67100 kB
KernelStack:       38736 kB
PageTables:        50832 kB
NFS_Unstable:          0 kB
Bounce:                0 kB
WritebackTmp:          0 kB
CommitLimit:     2152132 kB
Committed_AS:   118530648 kB
VmallocTotal:   251658176 kB
VmallocUsed:      136284 kB
VmallocChunk:   251444780 kB
Time pass: 354 sec

---2015-12-05 14:07:44
MemTotal:        2873608 kB
MemFree:           74236 kB
Buffers:           17948 kB
Cached:           932788 kB
SwapCached:           12 kB
Active:          1323576 kB
Inactive:         664504 kB
Active(anon):     842728 kB
Inactive(anon):   209612 kB
Active(file):     480848 kB
Inactive(file):   454892 kB
Unevictable:       13568 kB
Mlocked:               0 kB
SwapTotal:        715328 kB
SwapFree:         710836 kB
Dirty:                28 kB
Writeback:             0 kB
AnonPages:       1050752 kB
Mapped:           625104 kB
Shmem:              1428 kB
Slab:              99008 kB
SReclaimable:      31912 kB
SUnreclaim:        67096 kB
KernelStack:       38736 kB
PageTables:        50832 kB
NFS_Unstable:          0 kB
Bounce:                0 kB
WritebackTmp:          0 kB
CommitLimit:     2152132 kB
Committed_AS:   118530672 kB
VmallocTotal:   251658176 kB
VmallocUsed:      136284 kB
VmallocChunk:   251444780 kB
Time pass: 358 sec

---2015-12-05 14:07:44
MemTotal:        2873608 kB
MemFree:           74692 kB
Buffers:           17964 kB
Cached:           932800 kB
SwapCached:           12 kB
Active:          1323616 kB
Inactive:         664520 kB
Active(anon):     842760 kB
Inactive(anon):   209616 kB
Active(file):     480856 kB
Inactive(file):   454904 kB
Unevictable:       13568 kB
Mlocked:               0 kB
SwapTotal:        715328 kB
SwapFree:         710836 kB
Dirty:                36 kB
Writeback:             8 kB
AnonPages:       1050876 kB
Mapped:           625076 kB
Shmem:              1432 kB
Slab:              98916 kB
SReclaimable:      31912 kB
SUnreclaim:        67004 kB
KernelStack:       38736 kB
PageTables:        50832 kB
NFS_Unstable:          0 kB
Bounce:                0 kB
WritebackTmp:          0 kB
CommitLimit:     2152132 kB
Committed_AS:   118530664 kB
VmallocTotal:   251658176 kB
VmallocUsed:      136284 kB
VmallocChunk:   251444780 kB
Time pass: 361 sec

---2015-12-05 14:07:44
MemTotal:        2873608 kB
MemFree:           77672 kB
Buffers:           17964 kB
Cached:           933076 kB
SwapCached:           12 kB
Active:          1319308 kB
Inactive:         664588 kB
Active(anon):     838240 kB
Inactive(anon):   209616 kB
Active(file):     481068 kB
Inactive(file):   454972 kB
Unevictable:       13568 kB
Mlocked:               0 kB
SwapTotal:        715328 kB
SwapFree:         710836 kB
Dirty:                40 kB
Writeback:             0 kB
AnonPages:       1046564 kB
Mapped:           619036 kB
Shmem:              1432 kB
Slab:              99008 kB
SReclaimable:      31912 kB
SUnreclaim:        67096 kB
KernelStack:       38864 kB
PageTables:        51108 kB
NFS_Unstable:          0 kB
Bounce:                0 kB
WritebackTmp:          0 kB
CommitLimit:     2152132 kB
Committed_AS:   119761052 kB
VmallocTotal:   251658176 kB
VmallocUsed:      137304 kB
VmallocChunk:   251403820 kB
Time pass: 365 sec

---2015-12-05 14:07:44
MemTotal:        2873608 kB
MemFree:           77892 kB
Buffers:           17972 kB
Cached:           933076 kB
SwapCached:           12 kB
Active:          1319420 kB
Inactive:         664596 kB
Active(anon):     838352 kB
Inactive(anon):   209616 kB
Active(file):     481068 kB
Inactive(file):   454980 kB
Unevictable:       13568 kB
Mlocked:               0 kB
SwapTotal:        715328 kB
SwapFree:         710836 kB
Dirty:                44 kB
Writeback:             0 kB
AnonPages:       1046464 kB
Mapped:           619040 kB
Shmem:              1432 kB
Slab:              98992 kB
SReclaimable:      31912 kB
SUnreclaim:        67080 kB
KernelStack:       38864 kB
PageTables:        51136 kB
NFS_Unstable:          0 kB
Bounce:                0 kB
WritebackTmp:          0 kB
CommitLimit:     2152132 kB
Committed_AS:   119761364 kB
VmallocTotal:   251658176 kB
VmallocUsed:      137304 kB
VmallocChunk:   251403820 kB
Time pass: 369 sec

---2015-12-05 14:07:44
MemTotal:        2873608 kB
MemFree:           77780 kB
Buffers:           17972 kB
Cached:           933076 kB
SwapCached:           12 kB
Active:          1319600 kB
Inactive:         664596 kB
Active(anon):     838532 kB
Inactive(anon):   209616 kB
Active(file):     481068 kB
Inactive(file):   454980 kB
Unevictable:       13568 kB
Mlocked:               0 kB
SwapTotal:        715328 kB
SwapFree:         710836 kB
Dirty:                 0 kB
Writeback:             0 kB
AnonPages:       1046764 kB
Mapped:           619172 kB
Shmem:              1432 kB
Slab:              98992 kB
SReclaimable:      31912 kB
SUnreclaim:        67080 kB
KernelStack:       38864 kB
PageTables:        51200 kB
NFS_Unstable:          0 kB
Bounce:                0 kB
WritebackTmp:          0 kB
CommitLimit:     2152132 kB
Committed_AS:   119761380 kB
VmallocTotal:   251658176 kB
VmallocUsed:      137304 kB
VmallocChunk:   251403820 kB
Time pass: 373 sec

---2015-12-05 14:07:44
MemTotal:        2873608 kB
MemFree:           78108 kB
Buffers:           18004 kB
Cached:           933076 kB
SwapCached:           12 kB
Active:          1319128 kB
Inactive:         664584 kB
Active(anon):     838016 kB
Inactive(anon):   209616 kB
Active(file):     481112 kB
Inactive(file):   454968 kB
Unevictable:       13568 kB
Mlocked:               0 kB
SwapTotal:        715328 kB
SwapFree:         710836 kB
Dirty:                64 kB
Writeback:             0 kB
AnonPages:       1046100 kB
Mapped:           619052 kB
Shmem:              1432 kB
Slab:              99040 kB
SReclaimable:      31912 kB
SUnreclaim:        67128 kB
KernelStack:       38832 kB
PageTables:        51136 kB
NFS_Unstable:          0 kB
Bounce:                0 kB
WritebackTmp:          0 kB
CommitLimit:     2152132 kB
Committed_AS:   119761452 kB
VmallocTotal:   251658176 kB
VmallocUsed:      137304 kB
VmallocChunk:   251403820 kB
Time pass: 376 sec

---2015-12-05 14:07:44
MemTotal:        2873608 kB
MemFree:           81620 kB
Buffers:           18012 kB
Cached:           933072 kB
SwapCached:           12 kB
Active:          1316640 kB
Inactive:         664588 kB
Active(anon):     835528 kB
Inactive(anon):   209616 kB
Active(file):     481112 kB
Inactive(file):   454972 kB
Unevictable:       13568 kB
Mlocked:               0 kB
SwapTotal:        715328 kB
SwapFree:         710836 kB
Dirty:                36 kB
Writeback:             0 kB
AnonPages:       1043740 kB
Mapped:           616408 kB
Shmem:              1432 kB
Slab:              98992 kB
SReclaimable:      31912 kB
SUnreclaim:        67080 kB
KernelStack:       38816 kB
PageTables:        50700 kB
NFS_Unstable:          0 kB
Bounce:                0 kB
WritebackTmp:          0 kB
CommitLimit:     2152132 kB
Committed_AS:   118526052 kB
VmallocTotal:   251658176 kB
VmallocUsed:      136284 kB
VmallocChunk:   251403820 kB
Time pass: 380 sec

---2015-12-05 14:07:44
MemTotal:        2873608 kB
MemFree:           80860 kB
Buffers:           18012 kB
Cached:           933372 kB
SwapCached:           12 kB
Active:          1316808 kB
Inactive:         664848 kB
Active(anon):     835656 kB
Inactive(anon):   209620 kB
Active(file):     481152 kB
Inactive(file):   455228 kB
Unevictable:       13568 kB
Mlocked:               0 kB
SwapTotal:        715328 kB
SwapFree:         710836 kB
Dirty:                36 kB
Writeback:             0 kB
AnonPages:       1043936 kB
Mapped:           616476 kB
Shmem:              1436 kB
Slab:              98912 kB
SReclaimable:      31912 kB
SUnreclaim:        67000 kB
KernelStack:       38592 kB
PageTables:        50620 kB
NFS_Unstable:          0 kB
Bounce:                0 kB
WritebackTmp:          0 kB
CommitLimit:     2152132 kB
Committed_AS:   118526052 kB
VmallocTotal:   251658176 kB
VmallocUsed:      136284 kB
VmallocChunk:   251403820 kB
Time pass: 384 sec

---2015-12-05 14:07:44
MemTotal:        2873608 kB
MemFree:           80880 kB
Buffers:           18028 kB
Cached:           933384 kB
SwapCached:           12 kB
Active:          1317068 kB
Inactive:         664876 kB
Active(anon):     835916 kB
Inactive(anon):   209632 kB
Active(file):     481152 kB
Inactive(file):   455244 kB
Unevictable:       13568 kB
Mlocked:               0 kB
SwapTotal:        715328 kB
SwapFree:         710836 kB
Dirty:                36 kB
Writeback:             0 kB
AnonPages:       1044088 kB
Mapped:           616576 kB
Shmem:              1448 kB
Slab:              98896 kB
SReclaimable:      31912 kB
SUnreclaim:        66984 kB
KernelStack:       38592 kB
PageTables:        50656 kB
NFS_Unstable:          0 kB
Bounce:                0 kB
WritebackTmp:          0 kB
CommitLimit:     2152132 kB
Committed_AS:   118526028 kB
VmallocTotal:   251658176 kB
VmallocUsed:      136284 kB
VmallocChunk:   251403820 kB
Time pass: 387 sec

---2015-12-05 14:07:44
MemTotal:        2873608 kB
MemFree:           80564 kB
Buffers:           18036 kB
