---2015-12-05 14:07:44
MemTotal:        2873608 kB
MemFree:           96388 kB
Buffers:           22356 kB
Cached:          1307160 kB
SwapCached:            0 kB
Active:          1262612 kB
Inactive:         976572 kB
Active(anon):     728988 kB
Inactive(anon):   190472 kB
Active(file):     533624 kB
Inactive(file):   786100 kB
Unevictable:        8104 kB
Mlocked:               0 kB
SwapTotal:        715328 kB
SwapFree:         715328 kB
Dirty:              6240 kB
Writeback:             0 kB
AnonPages:        917768 kB
Mapped:           474288 kB
Shmem:              1844 kB
Slab:              97184 kB
SReclaimable:      31672 kB
SUnreclaim:        65512 kB
KernelStack:       37776 kB
PageTables:        48164 kB
NFS_Unstable:          0 kB
Bounce:                0 kB
WritebackTmp:          0 kB
CommitLimit:     2152132 kB
Committed_AS:   120305404 kB
VmallocTotal:   251658176 kB
VmallocUsed:      136256 kB
VmallocChunk:   251415596 kB
Time pass: 3 sec

---2015-12-05 14:07:44
MemTotal:        2873608 kB
MemFree:           75840 kB
Buffers:           22572 kB
Cached:          1310980 kB
SwapCached:            0 kB
Active:          1295480 kB
Inactive:         965448 kB
Active(anon):     746884 kB
Inactive(anon):   190316 kB
Active(file):     548596 kB
Inactive(file):   775132 kB
Unevictable:        8104 kB
Mlocked:               0 kB
SwapTotal:        715328 kB
SwapFree:         715328 kB
Dirty:                24 kB
Writeback:             0 kB
AnonPages:        935804 kB
Mapped:           460908 kB
Shmem:              1720 kB
Slab:              97184 kB
SReclaimable:      31752 kB
SUnreclaim:        65432 kB
KernelStack:       36880 kB
PageTables:        48592 kB
NFS_Unstable:          0 kB
Bounce:                0 kB
WritebackTmp:          0 kB
CommitLimit:     2152132 kB
Committed_AS:   122062660 kB
VmallocTotal:   251658176 kB
VmallocUsed:      136120 kB
VmallocChunk:   251415596 kB
Time pass: 7 sec

---2015-12-05 14:07:44
MemTotal:        2873608 kB
MemFree:           82612 kB
Buffers:           22720 kB
Cached:          1311200 kB
SwapCached:            0 kB
Active:          1296940 kB
Inactive:         958772 kB
Active(anon):     741300 kB
Inactive(anon):   190052 kB
Active(file):     555640 kB
Inactive(file):   768720 kB
Unevictable:        8104 kB
Mlocked:               0 kB
SwapTotal:        715328 kB
SwapFree:         715328 kB
Dirty:               312 kB
Writeback:             0 kB
AnonPages:        930060 kB
Mapped:           470632 kB
Shmem:              1456 kB
Slab:              96908 kB
SReclaimable:      31776 kB
SUnreclaim:        65132 kB
KernelStack:       36752 kB
PageTables:        47736 kB
NFS_Unstable:          0 kB
Bounce:                0 kB
WritebackTmp:          0 kB
CommitLimit:     2152132 kB
Committed_AS:   119055680 kB
VmallocTotal:   251658176 kB
VmallocUsed:      136120 kB
VmallocChunk:   251425836 kB
Time pass: 11 sec

---2015-12-05 14:07:44
MemTotal:        2873608 kB
MemFree:           73592 kB
Buffers:           24308 kB
Cached:          1312436 kB
SwapCached:            0 kB
Active:          1310488 kB
Inactive:         951576 kB
Active(anon):     744820 kB
Inactive(anon):   190236 kB
Active(file):     565668 kB
Inactive(file):   761340 kB
Unevictable:        8104 kB
Mlocked:               0 kB
SwapTotal:        715328 kB
SwapFree:         715328 kB
Dirty:              1008 kB
Writeback:             0 kB
AnonPages:        933772 kB
Mapped:           502004 kB
Shmem:              1640 kB
Slab:              96768 kB
SReclaimable:      31776 kB
SUnreclaim:        64992 kB
KernelStack:       36912 kB
PageTables:        47876 kB
NFS_Unstable:          0 kB
Bounce:                0 kB
WritebackTmp:          0 kB
CommitLimit:     2152132 kB
Committed_AS:   117988972 kB
VmallocTotal:   251658176 kB
VmallocUsed:      135236 kB
VmallocChunk:   251425836 kB
Time pass: 15 sec

---2015-12-05 14:07:44
MemTotal:        2873608 kB
MemFree:           90836 kB
Buffers:           24356 kB
Cached:          1322040 kB
SwapCached:            0 kB
Active:          1310184 kB
Inactive:         934636 kB
Active(anon):     718184 kB
Inactive(anon):   190436 kB
Active(file):     592000 kB
Inactive(file):   744200 kB
Unevictable:        8104 kB
Mlocked:               0 kB
SwapTotal:        715328 kB
SwapFree:         715328 kB
Dirty:              6316 kB
Writeback:             0 kB
AnonPages:        907216 kB
Mapped:           478132 kB
Shmem:              1844 kB
Slab:              96756 kB
SReclaimable:      31624 kB
SUnreclaim:        65132 kB
KernelStack:       37008 kB
PageTables:        48068 kB
NFS_Unstable:          0 kB
Bounce:                0 kB
WritebackTmp:          0 kB
CommitLimit:     2152132 kB
Committed_AS:   119774268 kB
VmallocTotal:   251658176 kB
VmallocUsed:      136256 kB
VmallocChunk:   251425836 kB
Time pass: 18 sec

---2015-12-05 14:07:44
MemTotal:        2873608 kB
MemFree:           66692 kB
Buffers:           24836 kB
Cached:          1215628 kB
SwapCached:            0 kB
Active:          1393352 kB
Inactive:         807972 kB
Active(anon):     781916 kB
Inactive(anon):   194208 kB
Active(file):     611436 kB
Inactive(file):   613764 kB
Unevictable:       13568 kB
Mlocked:               0 kB
SwapTotal:        715328 kB
SwapFree:         714632 kB
Dirty:              1404 kB
Writeback:             0 kB
AnonPages:        974980 kB
Mapped:           458028 kB
Shmem:              1256 kB
Slab:              95200 kB
SReclaimable:      29192 kB
SUnreclaim:        66008 kB
KernelStack:       38896 kB
PageTables:        49964 kB
NFS_Unstable:          0 kB
Bounce:                0 kB
WritebackTmp:          0 kB
CommitLimit:     2152132 kB
Committed_AS:   122979264 kB
VmallocTotal:   251658176 kB
VmallocUsed:      138544 kB
VmallocChunk:   251425836 kB
Time pass: 22 sec

---2015-12-05 14:07:44
MemTotal:        2873608 kB
MemFree:           73424 kB
Buffers:           25640 kB
Cached:          1171280 kB
SwapCached:            0 kB
Active:          1325196 kB
Inactive:         779532 kB
Active(anon):     724888 kB
Inactive(anon):   197708 kB
Active(file):     600308 kB
Inactive(file):   581824 kB
Unevictable:       13568 kB
Mlocked:               0 kB
SwapTotal:        715328 kB
SwapFree:         714364 kB
Dirty:              2624 kB
Writeback:             4 kB
AnonPages:        921672 kB
Mapped:           527968 kB
Shmem:              1220 kB
Slab:              97496 kB
SReclaimable:      31364 kB
SUnreclaim:        66132 kB
KernelStack:       37952 kB
PageTables:        49100 kB
NFS_Unstable:          0 kB
Bounce:                0 kB
WritebackTmp:          0 kB
CommitLimit:     2152132 kB
Committed_AS:   121605272 kB
VmallocTotal:   251658176 kB
VmallocUsed:      138288 kB
VmallocChunk:   251425836 kB
Time pass: 26 sec

---2015-12-05 14:07:44
MemTotal:        2873608 kB
MemFree:           73492 kB
Buffers:           25592 kB
Cached:          1129296 kB
SwapCached:            0 kB
Active:          1337724 kB
Inactive:         769484 kB
Active(anon):     770924 kB
Inactive(anon):   196596 kB
Active(file):     566800 kB
Inactive(file):   572888 kB
Unevictable:       13568 kB
Mlocked:               0 kB
SwapTotal:        715328 kB
SwapFree:         713488 kB
Dirty:              1124 kB
Writeback:             0 kB
AnonPages:        965988 kB
Mapped:           549556 kB
Shmem:              1292 kB
Slab:              97712 kB
SReclaimable:      31588 kB
SUnreclaim:        66124 kB
KernelStack:       39008 kB
PageTables:        49684 kB
NFS_Unstable:          0 kB
Bounce:                0 kB
WritebackTmp:          0 kB
CommitLimit:     2152132 kB
Committed_AS:   120541692 kB
VmallocTotal:   251658176 kB
VmallocUsed:      137428 kB
VmallocChunk:   251425836 kB
Time pass: 30 sec

---2015-12-05 14:07:44
MemTotal:        2873608 kB
MemFree:           85868 kB
Buffers:           25636 kB
Cached:          1140828 kB
SwapCached:            0 kB
Active:          1315116 kB
Inactive:         777764 kB
Active(anon):     744996 kB
Inactive(anon):   196408 kB
Active(file):     570120 kB
Inactive(file):   581356 kB
Unevictable:       13568 kB
Mlocked:               0 kB
SwapTotal:        715328 kB
SwapFree:         713488 kB
Dirty:               268 kB
Writeback:             0 kB
AnonPages:        940460 kB
Mapped:           535164 kB
Shmem:              1180 kB
Slab:              98172 kB
SReclaimable:      31620 kB
SUnreclaim:        66552 kB
KernelStack:       38416 kB
PageTables:        50888 kB
NFS_Unstable:          0 kB
Bounce:                0 kB
WritebackTmp:          0 kB
CommitLimit:     2152132 kB
Committed_AS:   126965424 kB
VmallocTotal:   251658176 kB
VmallocUsed:      140488 kB
VmallocChunk:   251425836 kB
Time pass: 34 sec

---2015-12-05 14:07:44
MemTotal:        2873608 kB
MemFree:           79788 kB
Buffers:           25340 kB
Cached:          1142424 kB
SwapCached:            0 kB
Active:          1340740 kB
Inactive:         770324 kB
Active(anon):     761748 kB
Inactive(anon):   196268 kB
Active(file):     578992 kB
Inactive(file):   574056 kB
Unevictable:       13568 kB
Mlocked:               0 kB
SwapTotal:        715328 kB
SwapFree:         713488 kB
Dirty:               380 kB
Writeback:             0 kB
AnonPages:        957100 kB
Mapped:           517184 kB
Shmem:              1052 kB
Slab:              98608 kB
SReclaimable:      31404 kB
SUnreclaim:        67204 kB
KernelStack:       39088 kB
PageTables:        50096 kB
NFS_Unstable:          0 kB
Bounce:                0 kB
WritebackTmp:          0 kB
CommitLimit:     2152132 kB
Committed_AS:   125034344 kB
VmallocTotal:   251658176 kB
VmallocUsed:      138280 kB
VmallocChunk:   251425836 kB
Time pass: 37 sec

---2015-12-05 14:07:44
MemTotal:        2873608 kB
MemFree:           63820 kB
Buffers:           20052 kB
Cached:          1139164 kB
SwapCached:            0 kB
Active:          1358520 kB
Inactive:         769104 kB
Active(anon):     786260 kB
Inactive(anon):   196700 kB
Active(file):     572260 kB
Inactive(file):   572404 kB
Unevictable:       13568 kB
Mlocked:               0 kB
SwapTotal:        715328 kB
SwapFree:         713280 kB
Dirty:               608 kB
Writeback:             0 kB
AnonPages:        982012 kB
Mapped:           529884 kB
Shmem:              1060 kB
Slab:              98700 kB
SReclaimable:      31604 kB
SUnreclaim:        67096 kB
KernelStack:       38992 kB
PageTables:        51112 kB
NFS_Unstable:          0 kB
Bounce:                0 kB
WritebackTmp:          0 kB
CommitLimit:     2152132 kB
Committed_AS:   125738648 kB
VmallocTotal:   251658176 kB
VmallocUsed:      139312 kB
VmallocChunk:   251425836 kB
Time pass: 41 sec

---2015-12-05 14:07:44
MemTotal:        2873608 kB
MemFree:           70900 kB
Buffers:           19612 kB
Cached:          1060620 kB
SwapCached:            0 kB
Active:          1329604 kB
Inactive:         733612 kB
Active(anon):     796900 kB
Inactive(anon):   200748 kB
Active(file):     532704 kB
Inactive(file):   532864 kB
Unevictable:       13568 kB
Mlocked:               0 kB
SwapTotal:        715328 kB
SwapFree:         712612 kB
Dirty:               420 kB
Writeback:             0 kB
AnonPages:        996520 kB
Mapped:           542432 kB
Shmem:              1060 kB
Slab:              98264 kB
SReclaimable:      31380 kB
SUnreclaim:        66884 kB
KernelStack:       38768 kB
PageTables:        50532 kB
NFS_Unstable:          0 kB
Bounce:                0 kB
WritebackTmp:          0 kB
CommitLimit:     2152132 kB
Committed_AS:   123289744 kB
VmallocTotal:   251658176 kB
VmallocUsed:      137516 kB
VmallocChunk:   251425836 kB
Time pass: 45 sec

---2015-12-05 14:07:44
MemTotal:        2873608 kB
MemFree:           72756 kB
Buffers:           19716 kB
Cached:          1061204 kB
SwapCached:            0 kB
Active:          1331956 kB
Inactive:         731776 kB
Active(anon):     796988 kB
Inactive(anon):   200744 kB
Active(file):     534968 kB
Inactive(file):   531032 kB
Unevictable:       13568 kB
Mlocked:               0 kB
SwapTotal:        715328 kB
SwapFree:         712612 kB
Dirty:               348 kB
Writeback:             4 kB
AnonPages:        996832 kB
Mapped:           548288 kB
Shmem:              1060 kB
Slab:              98248 kB
SReclaimable:      31508 kB
SUnreclaim:        66740 kB
KernelStack:       37808 kB
PageTables:        49376 kB
NFS_Unstable:          0 kB
Bounce:                0 kB
WritebackTmp:          0 kB
CommitLimit:     2152132 kB
Committed_AS:   120271308 kB
VmallocTotal:   251658176 kB
VmallocUsed:      135476 kB
VmallocChunk:   251425836 kB
Time pass: 48 sec

---2015-12-05 14:07:44
MemTotal:        2873608 kB
MemFree:           63932 kB
Buffers:           19292 kB
Cached:          1054820 kB
SwapCached:            0 kB
Active:          1360192 kB
Inactive:         711020 kB
Active(anon):     810528 kB
Inactive(anon):   202184 kB
Active(file):     549664 kB
Inactive(file):   508836 kB
Unevictable:       13568 kB
Mlocked:               0 kB
SwapTotal:        715328 kB
SwapFree:         711944 kB
Dirty:               420 kB
Writeback:             0 kB
AnonPages:       1010852 kB
Mapped:           543792 kB
Shmem:              2092 kB
Slab:              98792 kB
SReclaimable:      31540 kB
SUnreclaim:        67252 kB
KernelStack:       37888 kB
PageTables:        49420 kB
NFS_Unstable:          0 kB
Bounce:                0 kB
WritebackTmp:          0 kB
CommitLimit:     2152132 kB
Committed_AS:   120285400 kB
VmallocTotal:   251658176 kB
VmallocUsed:      135532 kB
VmallocChunk:   251425836 kB
Time pass: 52 sec

---2015-12-05 14:07:44
MemTotal:        2873608 kB
MemFree:           73756 kB
Buffers:           18448 kB
Cached:          1015856 kB
SwapCached:            0 kB
Active:          1314468 kB
Inactive:         714004 kB
Active(anon):     805864 kB
Inactive(anon):   203988 kB
Active(file):     508604 kB
Inactive(file):   510016 kB
Unevictable:       13568 kB
Mlocked:               0 kB
SwapTotal:        715328 kB
SwapFree:         710356 kB
Dirty:              1680 kB
Writeback:             0 kB
AnonPages:       1007804 kB
Mapped:           586616 kB
Shmem:              2096 kB
Slab:              98568 kB
SReclaimable:      31592 kB
SUnreclaim:        66976 kB
KernelStack:       37920 kB
PageTables:        49580 kB
NFS_Unstable:          0 kB
Bounce:                0 kB
WritebackTmp:          0 kB
CommitLimit:     2152132 kB
Committed_AS:   120293192 kB
VmallocTotal:   251658176 kB
VmallocUsed:      135852 kB
VmallocChunk:   251425836 kB
Time pass: 56 sec

---2015-12-05 14:07:44
MemTotal:        2873608 kB
MemFree:           68564 kB
Buffers:           17112 kB
Cached:           992288 kB
SwapCached:            0 kB
Active:          1338868 kB
Inactive:         699404 kB
Active(anon):     835744 kB
Inactive(anon):   207764 kB
Active(file):     503124 kB
Inactive(file):   491640 kB
Unevictable:       13568 kB
Mlocked:               0 kB
SwapTotal:        715328 kB
SwapFree:         710188 kB
Dirty:               220 kB
Writeback:             0 kB
AnonPages:       1042656 kB
Mapped:           608380 kB
Shmem:              1064 kB
Slab:              98460 kB
SReclaimable:      31404 kB
SUnreclaim:        67056 kB
KernelStack:       38480 kB
PageTables:        49684 kB
NFS_Unstable:          0 kB
Bounce:                0 kB
WritebackTmp:          0 kB
CommitLimit:     2152132 kB
Committed_AS:   119752520 kB
VmallocTotal:   251658176 kB
VmallocUsed:      135852 kB
VmallocChunk:   251425836 kB
Time pass: 60 sec

---2015-12-05 14:07:44
MemTotal:        2873608 kB
MemFree:           87760 kB
Buffers:           17112 kB
Cached:           985016 kB
SwapCached:            0 kB
Active:          1305936 kB
Inactive:         700276 kB
Active(anon):     808996 kB
Inactive(anon):   209720 kB
Active(file):     496940 kB
Inactive(file):   490556 kB
Unevictable:       13568 kB
Mlocked:               0 kB
SwapTotal:        715328 kB
SwapFree:         709964 kB
Dirty:               104 kB
Writeback:             0 kB
AnonPages:       1017756 kB
Mapped:           618024 kB
Shmem:              1064 kB
Slab:              98592 kB
SReclaimable:      31516 kB
SUnreclaim:        67076 kB
KernelStack:       38528 kB
PageTables:        49688 kB
NFS_Unstable:          0 kB
Bounce:                0 kB
WritebackTmp:          0 kB
CommitLimit:     2152132 kB
Committed_AS:   119752820 kB
VmallocTotal:   251658176 kB
VmallocUsed:      135964 kB
VmallocChunk:   251425836 kB
Time pass: 64 sec

---2015-12-05 14:07:44
MemTotal:        2873608 kB
MemFree:           87204 kB
Buffers:           17112 kB
Cached:           985140 kB
SwapCached:            0 kB
Active:          1305980 kB
Inactive:         700384 kB
Active(anon):     809032 kB
Inactive(anon):   209720 kB
Active(file):     496948 kB
Inactive(file):   490664 kB
Unevictable:       13568 kB
Mlocked:               0 kB
SwapTotal:        715328 kB
SwapFree:         709964 kB
Dirty:                 0 kB
Writeback:             0 kB
AnonPages:       1017828 kB
Mapped:           618188 kB
Shmem:              1064 kB
Slab:              98604 kB
SReclaimable:      31516 kB
SUnreclaim:        67088 kB
KernelStack:       38544 kB
PageTables:        49736 kB
NFS_Unstable:          0 kB
Bounce:                0 kB
WritebackTmp:          0 kB
CommitLimit:     2152132 kB
Committed_AS:   119752800 kB
VmallocTotal:   251658176 kB
VmallocUsed:      135964 kB
VmallocChunk:   251425836 kB
Time pass: 68 sec

---2015-12-05 14:07:44
MemTotal:        2873608 kB
MemFree:           69456 kB
Buffers:           17108 kB
Cached:           973296 kB
SwapCached:            0 kB
Active:          1305736 kB
Inactive:         695832 kB
Active(anon):     816628 kB
Inactive(anon):   209144 kB
Active(file):     489108 kB
Inactive(file):   486688 kB
Unevictable:       13568 kB
Mlocked:               0 kB
SwapTotal:        715328 kB
SwapFree:         709540 kB
Dirty:               596 kB
Writeback:             0 kB
AnonPages:       1024772 kB
Mapped:           632364 kB
Shmem:              1040 kB
Slab:              98820 kB
SReclaimable:      31692 kB
SUnreclaim:        67128 kB
KernelStack:       38560 kB
PageTables:        49836 kB
NFS_Unstable:          0 kB
Bounce:                0 kB
WritebackTmp:          0 kB
CommitLimit:     2152132 kB
Committed_AS:   119761256 kB
VmallocTotal:   251658176 kB
VmallocUsed:      136120 kB
VmallocChunk:   251425836 kB
Time pass: 72 sec

---2015-12-05 14:07:44
MemTotal:        2873608 kB
MemFree:           68408 kB
Buffers:           16748 kB
Cached:           958984 kB
SwapCached:            0 kB
Active:          1317116 kB
Inactive:         688592 kB
Active(anon):     835880 kB
Inactive(anon):   208780 kB
Active(file):     481236 kB
Inactive(file):   479812 kB
Unevictable:       13568 kB
Mlocked:               0 kB
SwapTotal:        715328 kB
SwapFree:         708776 kB
Dirty:               408 kB
Writeback:             0 kB
AnonPages:       1043648 kB
Mapped:           641280 kB
Shmem:              1040 kB
Slab:              98736 kB
SReclaimable:      31628 kB
SUnreclaim:        67108 kB
KernelStack:       39248 kB
PageTables:        50380 kB
NFS_Unstable:          0 kB
Bounce:                0 kB
WritebackTmp:          0 kB
CommitLimit:     2152132 kB
Committed_AS:   121003216 kB
VmallocTotal:   251658176 kB
VmallocUsed:      137140 kB
VmallocChunk:   251425836 kB
Time pass: 75 sec

---2015-12-05 14:07:44
MemTotal:        2873608 kB
MemFree:           68400 kB
Buffers:           16700 kB
Cached:           947696 kB
SwapCached:           12 kB
Active:          1319592 kB
Inactive:         686244 kB
Active(anon):     844796 kB
Inactive(anon):   211276 kB
Active(file):     474796 kB
Inactive(file):   474968 kB
Unevictable:       13568 kB
Mlocked:               0 kB
SwapTotal:        715328 kB
SwapFree:         708244 kB
Dirty:                 0 kB
Writeback:             0 kB
AnonPages:       1055176 kB
Mapped:           641200 kB
Shmem:              1064 kB
Slab:              98816 kB
SReclaimable:      31724 kB
SUnreclaim:        67092 kB
KernelStack:       39232 kB
PageTables:        50140 kB
NFS_Unstable:          0 kB
Bounce:                0 kB
WritebackTmp:          0 kB
CommitLimit:     2152132 kB
Committed_AS:   119810764 kB
VmallocTotal:   251658176 kB
VmallocUsed:      138552 kB
VmallocChunk:   251425836 kB
Time pass: 79 sec

---2015-12-05 14:07:44
MemTotal:        2873608 kB
MemFree:           67608 kB
Buffers:           16676 kB
Cached:           941324 kB
SwapCached:           12 kB
Active:          1317712 kB
Inactive:         682512 kB
Active(anon):     845336 kB
Inactive(anon):   211520 kB
Active(file):     472376 kB
Inactive(file):   470992 kB
Unevictable:       13568 kB
Mlocked:               0 kB
SwapTotal:        715328 kB
SwapFree:         708008 kB
Dirty:                 8 kB
Writeback:             0 kB
AnonPages:       1055876 kB
Mapped:           641392 kB
Shmem:              1188 kB
Slab:              99056 kB
SReclaimable:      31908 kB
SUnreclaim:        67148 kB
KernelStack:       39216 kB
PageTables:        50312 kB
NFS_Unstable:          0 kB
Bounce:                0 kB
WritebackTmp:          0 kB
CommitLimit:     2152132 kB
Committed_AS:   119810824 kB
VmallocTotal:   251658176 kB
VmallocUsed:      138552 kB
VmallocChunk:   251425836 kB
Time pass: 83 sec

---2015-12-05 14:07:44
MemTotal:        2873608 kB
MemFree:           67272 kB
Buffers:           16684 kB
Cached:           941420 kB
SwapCached:           12 kB
Active:          1317768 kB
Inactive:         682680 kB
Active(anon):     845468 kB
Inactive(anon):   211596 kB
Active(file):     472300 kB
Inactive(file):   471084 kB
Unevictable:       13568 kB
Mlocked:               0 kB
SwapTotal:        715328 kB
SwapFree:         708008 kB
Dirty:                52 kB
Writeback:             0 kB
AnonPages:       1055960 kB
Mapped:           641312 kB
Shmem:              1152 kB
Slab:              99036 kB
SReclaimable:      31932 kB
SUnreclaim:        67104 kB
KernelStack:       39200 kB
PageTables:        50300 kB
NFS_Unstable:          0 kB
Bounce:                0 kB
WritebackTmp:          0 kB
CommitLimit:     2152132 kB
Committed_AS:   119810804 kB
VmallocTotal:   251658176 kB
VmallocUsed:      138552 kB
VmallocChunk:   251425836 kB
Time pass: 86 sec

---2015-12-05 14:07:44
MemTotal:        2873608 kB
MemFree:           68752 kB
Buffers:           16620 kB
Cached:           934904 kB
SwapCached:           12 kB
Active:          1317848 kB
Inactive:         680744 kB
Active(anon):     849212 kB
Inactive(anon):   212792 kB
Active(file):     468636 kB
Inactive(file):   467952 kB
Unevictable:       13568 kB
Mlocked:               0 kB
SwapTotal:        715328 kB
SwapFree:         707956 kB
Dirty:                60 kB
Writeback:             0 kB
AnonPages:       1060556 kB
Mapped:           642212 kB
Shmem:              1368 kB
Slab:              99060 kB
SReclaimable:      31936 kB
SUnreclaim:        67124 kB
KernelStack:       39456 kB
PageTables:        50352 kB
NFS_Unstable:          0 kB
Bounce:                0 kB
WritebackTmp:          0 kB
CommitLimit:     2152132 kB
Committed_AS:   119811644 kB
VmallocTotal:   251658176 kB
VmallocUsed:      138552 kB
VmallocChunk:   251425836 kB
Time pass: 90 sec

---2015-12-05 14:07:44
MemTotal:        2873608 kB
MemFree:           68280 kB
Buffers:           16620 kB
Cached:           934916 kB
SwapCached:           12 kB
Active:          1317904 kB
Inactive:         680756 kB
Active(anon):     849268 kB
Inactive(anon):   212804 kB
Active(file):     468636 kB
Inactive(file):   467952 kB
Unevictable:       13568 kB
Mlocked:               0 kB
SwapTotal:        715328 kB
SwapFree:         707956 kB
Dirty:                60 kB
Writeback:             0 kB
AnonPages:       1060700 kB
Mapped:           642252 kB
Shmem:              1380 kB
Slab:              99064 kB
SReclaimable:      31936 kB
SUnreclaim:        67128 kB
KernelStack:       39456 kB
PageTables:        50348 kB
NFS_Unstable:          0 kB
Bounce:                0 kB
WritebackTmp:          0 kB
CommitLimit:     2152132 kB
Committed_AS:   119811724 kB
VmallocTotal:   251658176 kB
VmallocUsed:      138552 kB
VmallocChunk:   251425836 kB
Time pass: 94 sec

---2015-12-05 14:07:44
MemTotal:        2873608 kB
MemFree:           90372 kB
Buffers:           16652 kB
Cached:           930524 kB
SwapCached:           12 kB
Active:          1308144 kB
Inactive:         672760 kB
Active(anon):     835172 kB
Inactive(anon):   213008 kB
Active(file):     472972 kB
Inactive(file):   459752 kB
Unevictable:       13568 kB
Mlocked:               0 kB
SwapTotal:        715328 kB
SwapFree:         707716 kB
Dirty:               128 kB
Writeback:             0 kB
AnonPages:       1047316 kB
Mapped:           641188 kB
Shmem:               812 kB
Slab:              99116 kB
SReclaimable:      31768 kB
SUnreclaim:        67348 kB
KernelStack:       39088 kB
PageTables:        49964 kB
NFS_Unstable:          0 kB
Bounce:                0 kB
WritebackTmp:          0 kB
CommitLimit:     2152132 kB
Committed_AS:   119784504 kB
VmallocTotal:   251658176 kB
VmallocUsed:      138540 kB
VmallocChunk:   251425836 kB
Time pass: 98 sec

---2015-12-05 14:07:44
MemTotal:        2873608 kB
MemFree:          281396 kB
Buffers:           16700 kB
Cached:           930304 kB
SwapCached:           12 kB
Active:          1228136 kB
Inactive:         671100 kB
Active(anon):     753836 kB
Inactive(anon):   212636 kB
Active(file):     474300 kB
Inactive(file):   458464 kB
Unevictable:       13568 kB
Mlocked:               0 kB
SwapTotal:        715328 kB
SwapFree:         707676 kB
Dirty:               352 kB
Writeback:             0 kB
AnonPages:        965876 kB
Mapped:           480444 kB
Shmem:               668 kB
Slab:              98884 kB
SReclaimable:      31716 kB
SUnreclaim:        67168 kB
KernelStack:       38160 kB
PageTables:        48956 kB
NFS_Unstable:          0 kB
Bounce:                0 kB
WritebackTmp:          0 kB
CommitLimit:     2152132 kB
Committed_AS:   119614988 kB
VmallocTotal:   251658176 kB
VmallocUsed:      137592 kB
VmallocChunk:   251425836 kB
Time pass: 101 sec

---2015-12-05 14:07:44
MemTotal:        2873608 kB
MemFree:          276632 kB
Buffers:           16716 kB
Cached:           930584 kB
SwapCached:           12 kB
Active:          1230844 kB
Inactive:         671372 kB
Active(anon):     756516 kB
Inactive(anon):   212636 kB
Active(file):     474328 kB
Inactive(file):   458736 kB
Unevictable:       13568 kB
Mlocked:               0 kB
SwapTotal:        715328 kB
SwapFree:         707676 kB
Dirty:               132 kB
Writeback:             0 kB
AnonPages:        968848 kB
Mapped:           481964 kB
Shmem:               668 kB
Slab:              98904 kB
SReclaimable:      31716 kB
SUnreclaim:        67188 kB
KernelStack:       38176 kB
PageTables:        49672 kB
NFS_Unstable:          0 kB
Bounce:                0 kB
WritebackTmp:          0 kB
CommitLimit:     2152132 kB
Committed_AS:   124337980 kB
VmallocTotal:   251658176 kB
VmallocUsed:      139632 kB
VmallocChunk:   251425836 kB
Time pass: 105 sec

---2015-12-05 14:07:44
MemTotal:        2873608 kB
MemFree:          228828 kB
Buffers:           16828 kB
Cached:           932920 kB
SwapCached:           12 kB
Active:          1276708 kB
Inactive:         668844 kB
Active(anon):     797344 kB
Inactive(anon):   212768 kB
Active(file):     479364 kB
Inactive(file):   456076 kB
Unevictable:       13568 kB
Mlocked:               0 kB
SwapTotal:        715328 kB
SwapFree:         707676 kB
Dirty:              2048 kB
Writeback:             4 kB
AnonPages:       1009228 kB
Mapped:           538068 kB
Shmem:               804 kB
Slab:              98828 kB
SReclaimable:      31716 kB
SUnreclaim:        67112 kB
KernelStack:       39216 kB
PageTables:        50140 kB
NFS_Unstable:          0 kB
Bounce:                0 kB
WritebackTmp:          0 kB
CommitLimit:     2152132 kB
Committed_AS:   120956120 kB
VmallocTotal:   251658176 kB
VmallocUsed:      138636 kB
VmallocChunk:   251425836 kB
Time pass: 108 sec

---2015-12-05 14:07:44
MemTotal:        2873608 kB
MemFree:          163044 kB
Buffers:           16828 kB
Cached:           934096 kB
SwapCached:           12 kB
Active:          1277400 kB
Inactive:         668324 kB
Active(anon):     796404 kB
Inactive(anon):   212768 kB
Active(file):     480996 kB
Inactive(file):   455556 kB
Unevictable:       13568 kB
Mlocked:               0 kB
SwapTotal:        715328 kB
SwapFree:         707676 kB
Dirty:              1116 kB
Writeback:             0 kB
AnonPages:       1008344 kB
Mapped:           594820 kB
Shmem:               804 kB
Slab:              98912 kB
SReclaimable:      31732 kB
SUnreclaim:        67180 kB
KernelStack:       39200 kB
PageTables:        50316 kB
NFS_Unstable:          0 kB
Bounce:                0 kB
WritebackTmp:          0 kB
CommitLimit:     2152132 kB
Committed_AS:   120955116 kB
VmallocTotal:   251658176 kB
VmallocUsed:      136708 kB
VmallocChunk:   251425836 kB
Time pass: 112 sec

---2015-12-05 14:07:44
MemTotal:        2873608 kB
MemFree:          162156 kB
Buffers:           16836 kB
Cached:           934996 kB
SwapCached:           12 kB
Active:          1278472 kB
Inactive:         668516 kB
Active(anon):     796760 kB
Inactive(anon):   212768 kB
Active(file):     481712 kB
Inactive(file):   455748 kB
Unevictable:       13568 kB
Mlocked:               0 kB
SwapTotal:        715328 kB
SwapFree:         707676 kB
Dirty:               116 kB
Writeback:             0 kB
AnonPages:       1008696 kB
Mapped:           594876 kB
Shmem:               804 kB
Slab:              98872 kB
SReclaimable:      31732 kB
SUnreclaim:        67140 kB
KernelStack:       39184 kB
PageTables:        50376 kB
NFS_Unstable:          0 kB
Bounce:                0 kB
WritebackTmp:          0 kB
CommitLimit:     2152132 kB
Committed_AS:   121501408 kB
VmallocTotal:   251658176 kB
VmallocUsed:      136708 kB
VmallocChunk:   251425836 kB
Time pass: 116 sec

---2015-12-05 14:07:44
MemTotal:        2873608 kB
MemFree:          165828 kB
Buffers:           16844 kB
Cached:           935124 kB
SwapCached:           12 kB
Active:          1264636 kB
Inactive:         668056 kB
Active(anon):     782332 kB
Inactive(anon):   212768 kB
Active(file):     482304 kB
Inactive(file):   455288 kB
Unevictable:       13568 kB
Mlocked:               0 kB
SwapTotal:        715328 kB
SwapFree:         707676 kB
Dirty:               272 kB
Writeback:             0 kB
AnonPages:        994512 kB
Mapped:           595660 kB
Shmem:               804 kB
Slab:              98816 kB
SReclaimable:      31732 kB
SUnreclaim:        67084 kB
KernelStack:       38448 kB
PageTables:        49676 kB
NFS_Unstable:          0 kB
Bounce:                0 kB
WritebackTmp:          0 kB
CommitLimit:     2152132 kB
Committed_AS:   120249880 kB
VmallocTotal:   251658176 kB
VmallocUsed:      135636 kB
VmallocChunk:   251425836 kB
Time pass: 120 sec

---2015-12-05 14:07:44
MemTotal:        2873608 kB
MemFree:          136140 kB
Buffers:           16844 kB
Cached:           935136 kB
SwapCached:           12 kB
Active:          1271216 kB
Inactive:         668016 kB
Active(anon):     788856 kB
Inactive(anon):   212764 kB
Active(file):     482360 kB
Inactive(file):   455252 kB
Unevictable:       13568 kB
Mlocked:               0 kB
SwapTotal:        715328 kB
SwapFree:         707676 kB
Dirty:               448 kB
Writeback:             0 kB
AnonPages:       1000804 kB
Mapped:           608808 kB
Shmem:               800 kB
Slab:              98776 kB
SReclaimable:      31732 kB
SUnreclaim:        67044 kB
KernelStack:       38352 kB
PageTables:        49616 kB
NFS_Unstable:          0 kB
Bounce:                0 kB
WritebackTmp:          0 kB
CommitLimit:     2152132 kB
Committed_AS:   120250400 kB
VmallocTotal:   251658176 kB
VmallocUsed:      135796 kB
VmallocChunk:   251425836 kB
Time pass: 123 sec

---2015-12-05 14:07:44
MemTotal:        2873608 kB
MemFree:          129400 kB
Buffers:           18420 kB
Cached:           935152 kB
SwapCached:           12 kB
Active:          1275168 kB
Inactive:         669444 kB
Active(anon):     792652 kB
Inactive(anon):   212764 kB
Active(file):     482516 kB
Inactive(file):   456680 kB
Unevictable:       13568 kB
Mlocked:               0 kB
SwapTotal:        715328 kB
SwapFree:         707676 kB
Dirty:               224 kB
Writeback:             0 kB
AnonPages:       1004460 kB
Mapped:           616400 kB
Shmem:               804 kB
Slab:              98788 kB
SReclaimable:      31736 kB
SUnreclaim:        67052 kB
KernelStack:       38720 kB
PageTables:        49840 kB
NFS_Unstable:          0 kB
Bounce:                0 kB
WritebackTmp:          0 kB
CommitLimit:     2152132 kB
Committed_AS:   120797332 kB
VmallocTotal:   251658176 kB
VmallocUsed:      135808 kB
VmallocChunk:   251425836 kB
Time pass: 127 sec

---2015-12-05 14:07:44
MemTotal:        2873608 kB
MemFree:          129776 kB
Buffers:           18420 kB
Cached:           935156 kB
SwapCached:           12 kB
Active:          1275024 kB
Inactive:         669452 kB
Active(anon):     792508 kB
Inactive(anon):   212764 kB
Active(file):     482516 kB
Inactive(file):   456688 kB
Unevictable:       13568 kB
Mlocked:               0 kB
SwapTotal:        715328 kB
SwapFree:         707676 kB
Dirty:                 0 kB
Writeback:             0 kB
AnonPages:       1004256 kB
Mapped:           616440 kB
Shmem:               804 kB
Slab:              98752 kB
SReclaimable:      31736 kB
SUnreclaim:        67016 kB
KernelStack:       38464 kB
PageTables:        49764 kB
NFS_Unstable:          0 kB
Bounce:                0 kB
WritebackTmp:          0 kB
CommitLimit:     2152132 kB
Committed_AS:   120797260 kB
VmallocTotal:   251658176 kB
VmallocUsed:      135808 kB
VmallocChunk:   251425836 kB
Time pass: 131 sec

---2015-12-05 14:07:44
MemTotal:        2873608 kB
MemFree:          129624 kB
Buffers:           18420 kB
Cached:           935160 kB
SwapCached:           12 kB
Active:          1274328 kB
Inactive:         669452 kB
Active(anon):     791812 kB
Inactive(anon):   212764 kB
Active(file):     482516 kB
Inactive(file):   456688 kB
Unevictable:       13568 kB
Mlocked:               0 kB
SwapTotal:        715328 kB
SwapFree:         707676 kB
Dirty:                 4 kB
Writeback:             0 kB
AnonPages:       1003760 kB
Mapped:           616704 kB
Shmem:               804 kB
Slab:              98748 kB
SReclaimable:      31736 kB
SUnreclaim:        67012 kB
KernelStack:       38432 kB
PageTables:        49820 kB
NFS_Unstable:          0 kB
Bounce:                0 kB
WritebackTmp:          0 kB
CommitLimit:     2152132 kB
Committed_AS:   120797324 kB
VmallocTotal:   251658176 kB
VmallocUsed:      135808 kB
VmallocChunk:   251425836 kB
Time pass: 135 sec

---2015-12-05 14:07:44
MemTotal:        2873608 kB
MemFree:          118132 kB
Buffers:           18476 kB
Cached:           935796 kB
SwapCached:           12 kB
Active:          1285276 kB
Inactive:         669116 kB
Active(anon):     801744 kB
Inactive(anon):   212888 kB
Active(file):     483532 kB
Inactive(file):   456228 kB
Unevictable:       13568 kB
Mlocked:               0 kB
SwapTotal:        715328 kB
SwapFree:         707676 kB
Dirty:               116 kB
Writeback:             0 kB
AnonPages:       1013880 kB
Mapped:           619400 kB
Shmem:               936 kB
Slab:              98748 kB
SReclaimable:      31736 kB
SUnreclaim:        67012 kB
KernelStack:       38672 kB
PageTables:        49504 kB
NFS_Unstable:          0 kB
Bounce:                0 kB
WritebackTmp:          0 kB
CommitLimit:     2152132 kB
Committed_AS:   119050672 kB
VmallocTotal:   251658176 kB
VmallocUsed:      137220 kB
VmallocChunk:   251425836 kB
Time pass: 138 sec

---2015-12-05 14:07:44
MemTotal:        2873608 kB
MemFree:          115172 kB
Buffers:           18484 kB
Cached:           935876 kB
SwapCached:           12 kB
Active:          1287748 kB
Inactive:         669196 kB
Active(anon):     804200 kB
Inactive(anon):   212964 kB
Active(file):     483548 kB
Inactive(file):   456232 kB
Unevictable:       13568 kB
Mlocked:               0 kB
SwapTotal:        715328 kB
SwapFree:         707676 kB
Dirty:                72 kB
Writeback:             0 kB
AnonPages:       1016316 kB
Mapped:           619564 kB
Shmem:              1012 kB
Slab:              98716 kB
SReclaimable:      31736 kB
SUnreclaim:        66980 kB
KernelStack:       38640 kB
PageTables:        49536 kB
NFS_Unstable:          0 kB
Bounce:                0 kB
WritebackTmp:          0 kB
CommitLimit:     2152132 kB
Committed_AS:   119050880 kB
VmallocTotal:   251658176 kB
VmallocUsed:      137220 kB
VmallocChunk:   251425836 kB
Time pass: 142 sec

---2015-12-05 14:07:44
MemTotal:        2873608 kB
MemFree:          114704 kB
Buffers:           18484 kB
Cached:           936012 kB
SwapCached:           12 kB
Active:          1288144 kB
Inactive:         669332 kB
Active(anon):     804592 kB
Inactive(anon):   213104 kB
Active(file):     483552 kB
Inactive(file):   456228 kB
Unevictable:       13568 kB
Mlocked:               0 kB
SwapTotal:        715328 kB
SwapFree:         707680 kB
Dirty:                 4 kB
Writeback:             0 kB
AnonPages:       1016460 kB
Mapped:           619712 kB
Shmem:              1148 kB
Slab:              98708 kB
SReclaimable:      31736 kB
SUnreclaim:        66972 kB
KernelStack:       38640 kB
PageTables:        49544 kB
NFS_Unstable:          0 kB
Bounce:                0 kB
WritebackTmp:          0 kB
CommitLimit:     2152132 kB
Committed_AS:   119050876 kB
VmallocTotal:   251658176 kB
VmallocUsed:      137220 kB
VmallocChunk:   251425836 kB
Time pass: 146 sec

---2015-12-05 14:07:44
MemTotal:        2873608 kB
MemFree:          109348 kB
Buffers:           18508 kB
Cached:           938588 kB
SwapCached:           12 kB
Active:          1291456 kB
Inactive:         671416 kB
Active(anon):     807420 kB
Inactive(anon):   213104 kB
Active(file):     484036 kB
Inactive(file):   458312 kB
Unevictable:       13568 kB
Mlocked:               0 kB
SwapTotal:        715328 kB
SwapFree:         707680 kB
Dirty:                68 kB
Writeback:             0 kB
AnonPages:       1019424 kB
Mapped:           620040 kB
Shmem:              1176 kB
Slab:              98708 kB
SReclaimable:      31736 kB
SUnreclaim:        66972 kB
KernelStack:       38688 kB
PageTables:        49588 kB
NFS_Unstable:          0 kB
Bounce:                0 kB
WritebackTmp:          0 kB
CommitLimit:     2152132 kB
Committed_AS:   119051976 kB
VmallocTotal:   251658176 kB
VmallocUsed:      137220 kB
VmallocChunk:   251425836 kB
Time pass: 150 sec

---2015-12-05 14:07:44
MemTotal:        2873608 kB
MemFree:          101960 kB
Buffers:           18540 kB
Cached:           938368 kB
SwapCached:           12 kB
Active:          1299156 kB
Inactive:         671076 kB
Active(anon):     814936 kB
Inactive(anon):   212912 kB
Active(file):     484220 kB
Inactive(file):   458164 kB
Unevictable:       13568 kB
Mlocked:               0 kB
SwapTotal:        715328 kB
SwapFree:         707680 kB
Dirty:                96 kB
Writeback:             0 kB
AnonPages:       1026844 kB
Mapped:           621340 kB
Shmem:               956 kB
Slab:              98764 kB
SReclaimable:      31736 kB
SUnreclaim:        67028 kB
KernelStack:       38688 kB
PageTables:        49548 kB
NFS_Unstable:          0 kB
Bounce:                0 kB
WritebackTmp:          0 kB
CommitLimit:     2152132 kB
Committed_AS:   119072496 kB
VmallocTotal:   251658176 kB
VmallocUsed:      137220 kB
VmallocChunk:   251425836 kB
Time pass: 153 sec

---2015-12-05 14:07:44
MemTotal:        2873608 kB
MemFree:           99272 kB
Buffers:           18556 kB
Cached:           938360 kB
SwapCached:           12 kB
Active:          1301324 kB
Inactive:         671084 kB
Active(anon):     817104 kB
Inactive(anon):   212900 kB
Active(file):     484220 kB
Inactive(file):   458184 kB
Unevictable:       13568 kB
Mlocked:               0 kB
SwapTotal:        715328 kB
SwapFree:         707680 kB
Dirty:                60 kB
Writeback:             0 kB
AnonPages:       1029304 kB
Mapped:           621396 kB
Shmem:               944 kB
Slab:              98688 kB
SReclaimable:      31596 kB
SUnreclaim:        67092 kB
KernelStack:       38704 kB
PageTables:        49608 kB
NFS_Unstable:          0 kB
Bounce:                0 kB
WritebackTmp:          0 kB
CommitLimit:     2152132 kB
Committed_AS:   119072516 kB
VmallocTotal:   251658176 kB
VmallocUsed:      137220 kB
VmallocChunk:   251425836 kB
Time pass: 157 sec

---2015-12-05 14:07:44
MemTotal:        2873608 kB
MemFree:           97968 kB
Buffers:           18580 kB
Cached:           938520 kB
SwapCached:           12 kB
Active:          1302948 kB
Inactive:         671228 kB
Active(anon):     818692 kB
Inactive(anon):   212984 kB
Active(file):     484256 kB
Inactive(file):   458244 kB
Unevictable:       13568 kB
Mlocked:               0 kB
SwapTotal:        715328 kB
SwapFree:         707680 kB
Dirty:                68 kB
Writeback:             0 kB
AnonPages:       1030792 kB
Mapped:           621524 kB
Shmem:              1032 kB
Slab:              98688 kB
SReclaimable:      31596 kB
SUnreclaim:        67092 kB
KernelStack:       38688 kB
PageTables:        49608 kB
NFS_Unstable:          0 kB
Bounce:                0 kB
WritebackTmp:          0 kB
CommitLimit:     2152132 kB
Committed_AS:   119074656 kB
VmallocTotal:   251658176 kB
VmallocUsed:      137220 kB
VmallocChunk:   251425836 kB
Time pass: 161 sec

---2015-12-05 14:07:44
MemTotal:        2873608 kB
MemFree:           96268 kB
Buffers:           18580 kB
Cached:           938544 kB
SwapCached:           12 kB
Active:          1303664 kB
Inactive:         671252 kB
Active(anon):     819408 kB
Inactive(anon):   213008 kB
Active(file):     484256 kB
Inactive(file):   458244 kB
Unevictable:       13568 kB
Mlocked:               0 kB
SwapTotal:        715328 kB
SwapFree:         707680 kB
Dirty:                40 kB
Writeback:             0 kB
AnonPages:       1031556 kB
Mapped:           621592 kB
Shmem:              1056 kB
Slab:              98688 kB
SReclaimable:      31596 kB
SUnreclaim:        67092 kB
KernelStack:       38704 kB
PageTables:        49604 kB
NFS_Unstable:          0 kB
Bounce:                0 kB
WritebackTmp:          0 kB
CommitLimit:     2152132 kB
Committed_AS:   119074656 kB
VmallocTotal:   251658176 kB
VmallocUsed:      137220 kB
VmallocChunk:   251425836 kB
Time pass: 165 sec

---2015-12-05 14:07:44
MemTotal:        2873608 kB
MemFree:           96476 kB
Buffers:           18588 kB
Cached:           938608 kB
SwapCached:           12 kB
Active:          1303836 kB
Inactive:         671324 kB
Active(anon):     819580 kB
Inactive(anon):   213064 kB
Active(file):     484256 kB
Inactive(file):   458260 kB
Unevictable:       13568 kB
Mlocked:               0 kB
SwapTotal:        715328 kB
SwapFree:         707680 kB
Dirty:                32 kB
Writeback:             0 kB
AnonPages:       1031456 kB
Mapped:           621680 kB
Shmem:              1112 kB
Slab:              98688 kB
SReclaimable:      31596 kB
SUnreclaim:        67092 kB
KernelStack:       38656 kB
PageTables:        49608 kB
NFS_Unstable:          0 kB
Bounce:                0 kB
WritebackTmp:          0 kB
CommitLimit:     2152132 kB
Committed_AS:   119074568 kB
VmallocTotal:   251658176 kB
VmallocUsed:      137220 kB
VmallocChunk:   251425836 kB
Time pass: 169 sec

---2015-12-05 14:07:44
MemTotal:        2873608 kB
MemFree:          106556 kB
Buffers:           18596 kB
Cached:           938308 kB
SwapCached:           12 kB
Active:          1294792 kB
Inactive:         671032 kB
Active(anon):     810532 kB
Inactive(anon):   212764 kB
Active(file):     484260 kB
Inactive(file):   458268 kB
Unevictable:       13568 kB
Mlocked:               0 kB
SwapTotal:        715328 kB
SwapFree:         707680 kB
Dirty:                16 kB
Writeback:             0 kB
AnonPages:       1022536 kB
Mapped:           621284 kB
Shmem:               808 kB
Slab:              98688 kB
SReclaimable:      31596 kB
SUnreclaim:        67092 kB
KernelStack:       38496 kB
PageTables:        49424 kB
NFS_Unstable:          0 kB
Bounce:                0 kB
WritebackTmp:          0 kB
CommitLimit:     2152132 kB
Committed_AS:   119047168 kB
VmallocTotal:   251658176 kB
VmallocUsed:      137220 kB
VmallocChunk:   251425836 kB
Time pass: 172 sec

---2015-12-05 14:07:44
MemTotal:        2873608 kB
MemFree:          106764 kB
Buffers:           18612 kB
Cached:           938308 kB
SwapCached:           12 kB
Active:          1294492 kB
Inactive:         671048 kB
Active(anon):     810232 kB
Inactive(anon):   212764 kB
Active(file):     484260 kB
Inactive(file):   458284 kB
Unevictable:       13568 kB
Mlocked:               0 kB
SwapTotal:        715328 kB
SwapFree:         707680 kB
Dirty:                 0 kB
Writeback:            20 kB
AnonPages:       1022088 kB
Mapped:           621336 kB
Shmem:               808 kB
Slab:              98688 kB
SReclaimable:      31596 kB
SUnreclaim:        67092 kB
KernelStack:       38288 kB
PageTables:        49392 kB
NFS_Unstable:          0 kB
Bounce:                0 kB
WritebackTmp:          0 kB
CommitLimit:     2152132 kB
Committed_AS:   119047020 kB
VmallocTotal:   251658176 kB
VmallocUsed:      137204 kB
VmallocChunk:   251425836 kB
Time pass: 176 sec

---2015-12-05 14:07:44
MemTotal:        2873608 kB
MemFree:          107592 kB
Buffers:           18612 kB
Cached:           938308 kB
SwapCached:           12 kB
Active:          1294504 kB
Inactive:         671048 kB
Active(anon):     810244 kB
Inactive(anon):   212764 kB
Active(file):     484260 kB
Inactive(file):   458284 kB
Unevictable:       13568 kB
Mlocked:               0 kB
SwapTotal:        715328 kB
SwapFree:         707680 kB
Dirty:                 0 kB
Writeback:             0 kB
AnonPages:       1022208 kB
Mapped:           621248 kB
Shmem:               808 kB
Slab:              98688 kB
SReclaimable:      31596 kB
SUnreclaim:        67092 kB
KernelStack:       38304 kB
PageTables:        49440 kB
NFS_Unstable:          0 kB
Bounce:                0 kB
WritebackTmp:          0 kB
CommitLimit:     2152132 kB
Committed_AS:   119047044 kB
VmallocTotal:   251658176 kB
VmallocUsed:      137204 kB
VmallocChunk:   251425836 kB
Time pass: 180 sec

---2015-12-05 14:07:44
MemTotal:        2873608 kB
MemFree:          107028 kB
Buffers:           18616 kB
Cached:           938308 kB
SwapCached:           12 kB
Active:          1294636 kB
Inactive:         671048 kB
Active(anon):     810376 kB
Inactive(anon):   212764 kB
Active(file):     484260 kB
Inactive(file):   458284 kB
Unevictable:       13568 kB
Mlocked:               0 kB
SwapTotal:        715328 kB
SwapFree:         707680 kB
Dirty:                 0 kB
Writeback:             0 kB
AnonPages:       1022280 kB
Mapped:           621416 kB
Shmem:               808 kB
Slab:              98688 kB
SReclaimable:      31596 kB
SUnreclaim:        67092 kB
KernelStack:       38288 kB
PageTables:        49408 kB
NFS_Unstable:          0 kB
Bounce:                0 kB
WritebackTmp:          0 kB
CommitLimit:     2152132 kB
Committed_AS:   119047068 kB
VmallocTotal:   251658176 kB
VmallocUsed:      137204 kB
VmallocChunk:   251425836 kB
Time pass: 184 sec

---2015-12-05 14:07:44
MemTotal:        2873608 kB
MemFree:           94752 kB
Buffers:           18616 kB
Cached:           938308 kB
SwapCached:           12 kB
Active:          1303556 kB
Inactive:         671052 kB
Active(anon):     819296 kB
Inactive(anon):   212764 kB
Active(file):     484260 kB
Inactive(file):   458288 kB
Unevictable:       13568 kB
Mlocked:               0 kB
SwapTotal:        715328 kB
SwapFree:         707680 kB
Dirty:                 4 kB
Writeback:             0 kB
AnonPages:       1031312 kB
Mapped:           624524 kB
Shmem:               808 kB
Slab:              98688 kB
SReclaimable:      31596 kB
SUnreclaim:        67092 kB
KernelStack:       38288 kB
PageTables:        49408 kB
NFS_Unstable:          0 kB
Bounce:                0 kB
WritebackTmp:          0 kB
CommitLimit:     2152132 kB
Committed_AS:   119051228 kB
VmallocTotal:   251658176 kB
VmallocUsed:      134820 kB
VmallocChunk:   251425836 kB
Time pass: 188 sec

---2015-12-05 14:07:44
MemTotal:        2873608 kB
MemFree:           95624 kB
Buffers:           18664 kB
Cached:           938500 kB
SwapCached:           12 kB
Active:          1305236 kB
Inactive:         671268 kB
Active(anon):     820976 kB
Inactive(anon):   212940 kB
Active(file):     484260 kB
Inactive(file):   458328 kB
Unevictable:       13568 kB
Mlocked:               0 kB
SwapTotal:        715328 kB
SwapFree:         707680 kB
Dirty:                60 kB
Writeback:             0 kB
AnonPages:       1032652 kB
Mapped:           621836 kB
Shmem:               996 kB
Slab:              98676 kB
SReclaimable:      31596 kB
SUnreclaim:        67080 kB
KernelStack:       38688 kB
PageTables:        49568 kB
NFS_Unstable:          0 kB
Bounce:                0 kB
WritebackTmp:          0 kB
CommitLimit:     2152132 kB
Committed_AS:   119078756 kB
VmallocTotal:   251658176 kB
VmallocUsed:      137220 kB
VmallocChunk:   251403448 kB
Time pass: 191 sec

---2015-12-05 14:07:44
MemTotal:        2873608 kB
MemFree:           93616 kB
Buffers:           18664 kB
Cached:           938500 kB
SwapCached:           12 kB
Active:          1306364 kB
Inactive:         671280 kB
Active(anon):     822104 kB
Inactive(anon):   212940 kB
Active(file):     484260 kB
Inactive(file):   458340 kB
Unevictable:       13568 kB
Mlocked:               0 kB
SwapTotal:        715328 kB
SwapFree:         707680 kB
Dirty:                 0 kB
Writeback:             0 kB
AnonPages:       1034228 kB
Mapped:           621880 kB
Shmem:               996 kB
Slab:              98676 kB
SReclaimable:      31596 kB
SUnreclaim:        67080 kB
KernelStack:       38672 kB
PageTables:        49568 kB
NFS_Unstable:          0 kB
Bounce:                0 kB
WritebackTmp:          0 kB
CommitLimit:     2152132 kB
Committed_AS:   119078776 kB
VmallocTotal:   251658176 kB
VmallocUsed:      137220 kB
VmallocChunk:   251403448 kB
Time pass: 195 sec

---2015-12-05 14:07:44
MemTotal:        2873608 kB
MemFree:           93960 kB
Buffers:           18672 kB
Cached:           938532 kB
SwapCached:           12 kB
Active:          1306368 kB
Inactive:         671316 kB
Active(anon):     822104 kB
Inactive(anon):   212972 kB
Active(file):     484264 kB
Inactive(file):   458344 kB
Unevictable:       13568 kB
Mlocked:               0 kB
SwapTotal:        715328 kB
SwapFree:         707680 kB
Dirty:                44 kB
Writeback:             0 kB
AnonPages:       1033740 kB
Mapped:           622136 kB
Shmem:              1028 kB
Slab:              98676 kB
SReclaimable:      31596 kB
SUnreclaim:        67080 kB
KernelStack:       38672 kB
PageTables:        49600 kB
NFS_Unstable:          0 kB
Bounce:                0 kB
WritebackTmp:          0 kB
CommitLimit:     2152132 kB
Committed_AS:   119078712 kB
VmallocTotal:   251658176 kB
VmallocUsed:      137220 kB
VmallocChunk:   251403448 kB
Time pass: 199 sec

---2015-12-05 14:07:44
MemTotal:        2873608 kB
MemFree:           93644 kB
Buffers:           18672 kB
Cached:           938532 kB
SwapCached:           12 kB
Active:          1306224 kB
Inactive:         671316 kB
Active(anon):     821960 kB
Inactive(anon):   212972 kB
Active(file):     484264 kB
Inactive(file):   458344 kB
Unevictable:       13568 kB
Mlocked:               0 kB
SwapTotal:        715328 kB
SwapFree:         707680 kB
Dirty:                 0 kB
Writeback:             0 kB
AnonPages:       1033932 kB
Mapped:           622092 kB
Shmem:              1028 kB
Slab:              98676 kB
SReclaimable:      31596 kB
SUnreclaim:        67080 kB
KernelStack:       38672 kB
PageTables:        49576 kB
NFS_Unstable:          0 kB
Bounce:                0 kB
WritebackTmp:          0 kB
CommitLimit:     2152132 kB
Committed_AS:   119078768 kB
VmallocTotal:   251658176 kB
VmallocUsed:      137220 kB
VmallocChunk:   251403448 kB
Time pass: 202 sec

---2015-12-05 14:07:44
MemTotal:        2873608 kB
MemFree:           93888 kB
Buffers:           18680 kB
Cached:           938532 kB
SwapCached:           12 kB
Active:          1306316 kB
Inactive:         671324 kB
Active(anon):     822052 kB
Inactive(anon):   212972 kB
Active(file):     484264 kB
Inactive(file):   458352 kB
Unevictable:       13568 kB
Mlocked:               0 kB
SwapTotal:        715328 kB
SwapFree:         707680 kB
Dirty:                 4 kB
Writeback:             0 kB
AnonPages:       1033792 kB
Mapped:           622172 kB
Shmem:              1028 kB
Slab:              98676 kB
SReclaimable:      31596 kB
SUnreclaim:        67080 kB
KernelStack:       38688 kB
PageTables:        49616 kB
NFS_Unstable:          0 kB
Bounce:                0 kB
WritebackTmp:          0 kB
CommitLimit:     2152132 kB
Committed_AS:   119078776 kB
VmallocTotal:   251658176 kB
VmallocUsed:      137220 kB
VmallocChunk:   251403448 kB
Time pass: 206 sec

---2015-12-05 14:07:44
MemTotal:        2873608 kB
MemFree:           93712 kB
Buffers:           18680 kB
Cached:           938532 kB
SwapCached:           12 kB
Active:          1306296 kB
Inactive:         671324 kB
Active(anon):     822032 kB
Inactive(anon):   212972 kB
Active(file):     484264 kB
Inactive(file):   458352 kB
Unevictable:       13568 kB
Mlocked:               0 kB
SwapTotal:        715328 kB
SwapFree:         707680 kB
Dirty:                 0 kB
Writeback:             0 kB
AnonPages:       1034076 kB
Mapped:           622208 kB
Shmem:              1028 kB
Slab:              98676 kB
SReclaimable:      31596 kB
SUnreclaim:        67080 kB
KernelStack:       38624 kB
PageTables:        49628 kB
NFS_Unstable:          0 kB
Bounce:                0 kB
WritebackTmp:          0 kB
CommitLimit:     2152132 kB
Committed_AS:   119078768 kB
VmallocTotal:   251658176 kB
VmallocUsed:      137220 kB
VmallocChunk:   251403448 kB
Time pass: 210 sec

---2015-12-05 14:07:44
MemTotal:        2873608 kB
MemFree:           93792 kB
Buffers:           18680 kB
Cached:           938532 kB
SwapCached:           12 kB
Active:          1306344 kB
Inactive:         671324 kB
Active(anon):     822080 kB
Inactive(anon):   212972 kB
Active(file):     484264 kB
Inactive(file):   458352 kB
Unevictable:       13568 kB
Mlocked:               0 kB
SwapTotal:        715328 kB
SwapFree:         707680 kB
Dirty:                 0 kB
Writeback:             0 kB
AnonPages:       1033908 kB
Mapped:           622188 kB
Shmem:              1028 kB
Slab:              98676 kB
SReclaimable:      31596 kB
SUnreclaim:        67080 kB
KernelStack:       38656 kB
PageTables:        49588 kB
NFS_Unstable:          0 kB
Bounce:                0 kB
WritebackTmp:          0 kB
CommitLimit:     2152132 kB
Committed_AS:   119078800 kB
VmallocTotal:   251658176 kB
VmallocUsed:      137220 kB
VmallocChunk:   251403448 kB
Time pass: 214 sec

---2015-12-05 14:07:44
MemTotal:        2873608 kB
MemFree:           93480 kB
Buffers:           18680 kB
Cached:           938532 kB
SwapCached:           12 kB
Active:          1306400 kB
Inactive:         671324 kB
Active(anon):     822136 kB
Inactive(anon):   212972 kB
Active(file):     484264 kB
Inactive(file):   458352 kB
Unevictable:       13568 kB
Mlocked:               0 kB
SwapTotal:        715328 kB
SwapFree:         707680 kB
Dirty:                 0 kB
Writeback:             0 kB
AnonPages:       1034112 kB
Mapped:           622228 kB
Shmem:              1028 kB
Slab:              98676 kB
SReclaimable:      31596 kB
SUnreclaim:        67080 kB
KernelStack:       38656 kB
PageTables:        49588 kB
NFS_Unstable:          0 kB
Bounce:                0 kB
WritebackTmp:          0 kB
CommitLimit:     2152132 kB
Committed_AS:   119078784 kB
VmallocTotal:   251658176 kB
VmallocUsed:      137220 kB
VmallocChunk:   251403448 kB
Time pass: 217 sec

---2015-12-05 14:07:44
MemTotal:        2873608 kB
MemFree:           94980 kB
Buffers:           18688 kB
Cached:           938532 kB
SwapCached:           12 kB
Active:          1305472 kB
Inactive:         671332 kB
Active(anon):     821208 kB
Inactive(anon):   212972 kB
Active(file):     484264 kB
Inactive(file):   458360 kB
Unevictable:       13568 kB
Mlocked:               0 kB
SwapTotal:        715328 kB
SwapFree:         707680 kB
Dirty:                96 kB
Writeback:             0 kB
AnonPages:       1033416 kB
Mapped:           622040 kB
Shmem:              1028 kB
Slab:              98676 kB
SReclaimable:      31596 kB
SUnreclaim:        67080 kB
KernelStack:       38672 kB
PageTables:        49588 kB
NFS_Unstable:          0 kB
Bounce:                0 kB
WritebackTmp:          0 kB
CommitLimit:     2152132 kB
Committed_AS:   119078824 kB
VmallocTotal:   251658176 kB
VmallocUsed:      137220 kB
VmallocChunk:   251403448 kB
Time pass: 221 sec

---2015-12-05 14:07:44
MemTotal:        2873608 kB
MemFree:          103152 kB
Buffers:           18720 kB
Cached:           938644 kB
SwapCached:           12 kB
Active:          1296652 kB
Inactive:         671248 kB
Active(anon):     812388 kB
Inactive(anon):   212872 kB
Active(file):     484264 kB
Inactive(file):   458376 kB
Unevictable:       13568 kB
Mlocked:               0 kB
SwapTotal:        715328 kB
SwapFree:         707680 kB
Dirty:                56 kB
Writeback:             0 kB
AnonPages:       1024628 kB
Mapped:           622196 kB
Shmem:               936 kB
Slab:              98680 kB
SReclaimable:      31600 kB
SUnreclaim:        67080 kB
KernelStack:       38704 kB
PageTables:        49520 kB
NFS_Unstable:          0 kB
Bounce:                0 kB
WritebackTmp:          0 kB
CommitLimit:     2152132 kB
Committed_AS:   119087036 kB
VmallocTotal:   251658176 kB
VmallocUsed:      137220 kB
VmallocChunk:   251403448 kB
Time pass: 225 sec

---2015-12-05 14:07:44
MemTotal:        2873608 kB
MemFree:          101748 kB
Buffers:           18760 kB
Cached:           938620 kB
SwapCached:           12 kB
Active:          1297884 kB
Inactive:         671480 kB
Active(anon):     813616 kB
Inactive(anon):   213044 kB
Active(file):     484268 kB
Inactive(file):   458436 kB
Unevictable:       13568 kB
Mlocked:               0 kB
SwapTotal:        715328 kB
SwapFree:         707680 kB
Dirty:                92 kB
Writeback:             0 kB
AnonPages:       1025444 kB
Mapped:           622532 kB
Shmem:              1108 kB
Slab:              98680 kB
SReclaimable:      31600 kB
SUnreclaim:        67080 kB
KernelStack:       38672 kB
PageTables:        49708 kB
NFS_Unstable:          0 kB
Bounce:                0 kB
WritebackTmp:          0 kB
CommitLimit:     2152132 kB
Committed_AS:   119087048 kB
VmallocTotal:   251658176 kB
VmallocUsed:      137220 kB
VmallocChunk:   251403448 kB
Time pass: 229 sec

---2015-12-05 14:07:44
MemTotal:        2873608 kB
MemFree:          100816 kB
Buffers:           18768 kB
Cached:           938660 kB
SwapCached:           12 kB
Active:          1298232 kB
Inactive:         671524 kB
Active(anon):     813964 kB
Inactive(anon):   213080 kB
Active(file):     484268 kB
Inactive(file):   458444 kB
Unevictable:       13568 kB
Mlocked:               0 kB
SwapTotal:        715328 kB
SwapFree:         707680 kB
Dirty:                44 kB
Writeback:             0 kB
AnonPages:       1025920 kB
Mapped:           622564 kB
Shmem:              1144 kB
Slab:              98680 kB
SReclaimable:      31600 kB
SUnreclaim:        67080 kB
KernelStack:       38672 kB
PageTables:        49692 kB
NFS_Unstable:          0 kB
Bounce:                0 kB
WritebackTmp:          0 kB
CommitLimit:     2152132 kB
Committed_AS:   119087072 kB
VmallocTotal:   251658176 kB
VmallocUsed:      137220 kB
VmallocChunk:   251403448 kB
Time pass: 232 sec

---2015-12-05 14:07:44
MemTotal:        2873608 kB
MemFree:          100704 kB
Buffers:           18768 kB
Cached:           938676 kB
SwapCached:           12 kB
Active:          1298872 kB
Inactive:         671544 kB
Active(anon):     814604 kB
Inactive(anon):   213096 kB
Active(file):     484268 kB
Inactive(file):   458448 kB
Unevictable:       13568 kB
Mlocked:               0 kB
SwapTotal:        715328 kB
SwapFree:         707680 kB
Dirty:                44 kB
Writeback:             0 kB
AnonPages:       1026468 kB
Mapped:           622524 kB
Shmem:              1160 kB
Slab:              98696 kB
SReclaimable:      31600 kB
SUnreclaim:        67096 kB
KernelStack:       38672 kB
PageTables:        49652 kB
NFS_Unstable:          0 kB
Bounce:                0 kB
WritebackTmp:          0 kB
CommitLimit:     2152132 kB
Committed_AS:   119087072 kB
VmallocTotal:   251658176 kB
VmallocUsed:      137220 kB
VmallocChunk:   251403448 kB
Time pass: 236 sec

---2015-12-05 14:07:44
MemTotal:        2873608 kB
MemFree:          100324 kB
Buffers:           18776 kB
Cached:           938712 kB
SwapCached:           12 kB
Active:          1298860 kB
Inactive:         671588 kB
Active(anon):     814592 kB
Inactive(anon):   213132 kB
Active(file):     484268 kB
Inactive(file):   458456 kB
Unevictable:       13568 kB
Mlocked:               0 kB
SwapTotal:        715328 kB
SwapFree:         707680 kB
Dirty:                12 kB
Writeback:             0 kB
AnonPages:       1026404 kB
Mapped:           622676 kB
Shmem:              1196 kB
Slab:              98696 kB
SReclaimable:      31600 kB
SUnreclaim:        67096 kB
KernelStack:       38672 kB
PageTables:        49688 kB
NFS_Unstable:          0 kB
Bounce:                0 kB
WritebackTmp:          0 kB
CommitLimit:     2152132 kB
Committed_AS:   119087064 kB
VmallocTotal:   251658176 kB
VmallocUsed:      137220 kB
VmallocChunk:   251403448 kB
Time pass: 240 sec

---2015-12-05 14:07:44
MemTotal:        2873608 kB
MemFree:          100312 kB
Buffers:           18776 kB
Cached:           938712 kB
SwapCached:           12 kB
Active:          1299264 kB
Inactive:         671584 kB
Active(anon):     814992 kB
Inactive(anon):   213132 kB
Active(file):     484272 kB
Inactive(file):   458452 kB
Unevictable:       13568 kB
Mlocked:               0 kB
SwapTotal:        715328 kB
SwapFree:         707680 kB
Dirty:                 4 kB
Writeback:             0 kB
AnonPages:       1027096 kB
Mapped:           622664 kB
Shmem:              1196 kB
Slab:              98680 kB
SReclaimable:      31600 kB
SUnreclaim:        67080 kB
KernelStack:       38640 kB
PageTables:        49692 kB
NFS_Unstable:          0 kB
Bounce:                0 kB
WritebackTmp:          0 kB
CommitLimit:     2152132 kB
Committed_AS:   119087072 kB
VmallocTotal:   251658176 kB
VmallocUsed:      137220 kB
VmallocChunk:   251403448 kB
Time pass: 244 sec

---2015-12-05 14:07:44
MemTotal:        2873608 kB
MemFree:          100480 kB
Buffers:           18784 kB
Cached:           938824 kB
SwapCached:           12 kB
Active:          1299112 kB
Inactive:         671700 kB
Active(anon):     814840 kB
Inactive(anon):   213240 kB
Active(file):     484272 kB
Inactive(file):   458460 kB
Unevictable:       13568 kB
Mlocked:               0 kB
SwapTotal:        715328 kB
SwapFree:         707680 kB
Dirty:                12 kB
Writeback:             0 kB
AnonPages:       1026844 kB
Mapped:           622764 kB
Shmem:              1304 kB
Slab:              98680 kB
SReclaimable:      31600 kB
SUnreclaim:        67080 kB
KernelStack:       38640 kB
PageTables:        49696 kB
NFS_Unstable:          0 kB
Bounce:                0 kB
WritebackTmp:          0 kB
CommitLimit:     2152132 kB
Committed_AS:   119087056 kB
VmallocTotal:   251658176 kB
VmallocUsed:      137220 kB
VmallocChunk:   251403448 kB
Time pass: 248 sec

---2015-12-05 14:07:44
MemTotal:        2873608 kB
MemFree:           99520 kB
Buffers:           18800 kB
Cached:           938824 kB
SwapCached:           12 kB
Active:          1299596 kB
Inactive:         671720 kB
Active(anon):     815324 kB
Inactive(anon):   213240 kB
Active(file):     484272 kB
Inactive(file):   458480 kB
Unevictable:       13568 kB
Mlocked:               0 kB
SwapTotal:        715328 kB
SwapFree:         707680 kB
Dirty:                16 kB
Writeback:             0 kB
AnonPages:       1027132 kB
Mapped:           622796 kB
Shmem:              1304 kB
Slab:              98688 kB
SReclaimable:      31600 kB
SUnreclaim:        67088 kB
KernelStack:       38656 kB
PageTables:        49696 kB
NFS_Unstable:          0 kB
Bounce:                0 kB
WritebackTmp:          0 kB
CommitLimit:     2152132 kB
Committed_AS:   119087120 kB
VmallocTotal:   251658176 kB
VmallocUsed:      137220 kB
VmallocChunk:   251403448 kB
Time pass: 251 sec

---2015-12-05 14:07:44
MemTotal:        2873608 kB
MemFree:           96888 kB
Buffers:           18832 kB
Cached:           938480 kB
SwapCached:           12 kB
Active:          1303216 kB
Inactive:         671408 kB
Active(anon):     818940 kB
Inactive(anon):   212900 kB
Active(file):     484276 kB
Inactive(file):   458508 kB
Unevictable:       13568 kB
Mlocked:               0 kB
SwapTotal:        715328 kB
SwapFree:         707680 kB
Dirty:                 4 kB
Writeback:             0 kB
AnonPages:       1030612 kB
Mapped:           622468 kB
Shmem:               960 kB
Slab:              98680 kB
SReclaimable:      31600 kB
SUnreclaim:        67080 kB
KernelStack:       38688 kB
PageTables:        49628 kB
NFS_Unstable:          0 kB
Bounce:                0 kB
WritebackTmp:          0 kB
CommitLimit:     2152132 kB
Committed_AS:   119095320 kB
VmallocTotal:   251658176 kB
VmallocUsed:      137220 kB
VmallocChunk:   251403448 kB
Time pass: 255 sec

---2015-12-05 14:07:44
MemTotal:        2873608 kB
MemFree:           97120 kB
Buffers:           18832 kB
Cached:           938484 kB
SwapCached:           12 kB
Active:          1302736 kB
Inactive:         671408 kB
Active(anon):     818460 kB
Inactive(anon):   212900 kB
Active(file):     484276 kB
Inactive(file):   458508 kB
Unevictable:       13568 kB
Mlocked:               0 kB
SwapTotal:        715328 kB
SwapFree:         707680 kB
Dirty:                 4 kB
Writeback:             0 kB
AnonPages:       1030464 kB
Mapped:           622472 kB
Shmem:               964 kB
Slab:              98696 kB
SReclaimable:      31616 kB
SUnreclaim:        67080 kB
KernelStack:       38688 kB
PageTables:        49632 kB
NFS_Unstable:          0 kB
Bounce:                0 kB
WritebackTmp:          0 kB
CommitLimit:     2152132 kB
Committed_AS:   119095384 kB
VmallocTotal:   251658176 kB
VmallocUsed:      137220 kB
VmallocChunk:   251403448 kB
Time pass: 259 sec

---2015-12-05 14:07:44
MemTotal:        2873608 kB
MemFree:           96988 kB
Buffers:           18840 kB
Cached:           938492 kB
SwapCached:           12 kB
Active:          1303084 kB
Inactive:         671424 kB
Active(anon):     818808 kB
Inactive(anon):   212908 kB
Active(file):     484276 kB
Inactive(file):   458516 kB
Unevictable:       13568 kB
Mlocked:               0 kB
SwapTotal:        715328 kB
SwapFree:         707680 kB
Dirty:                36 kB
Writeback:             0 kB
AnonPages:       1030652 kB
Mapped:           622572 kB
Shmem:               972 kB
Slab:              98708 kB
SReclaimable:      31616 kB
SUnreclaim:        67092 kB
KernelStack:       38688 kB
PageTables:        49668 kB
NFS_Unstable:          0 kB
Bounce:                0 kB
WritebackTmp:          0 kB
CommitLimit:     2152132 kB
Committed_AS:   119095400 kB
VmallocTotal:   251658176 kB
VmallocUsed:      137220 kB
VmallocChunk:   251403448 kB
Time pass: 263 sec

---2015-12-05 14:07:44
MemTotal:        2873608 kB
MemFree:           95212 kB
Buffers:           18856 kB
Cached:           938500 kB
SwapCached:           12 kB
Active:          1304628 kB
Inactive:         671448 kB
Active(anon):     820352 kB
Inactive(anon):   212916 kB
Active(file):     484276 kB
Inactive(file):   458532 kB
Unevictable:       13568 kB
Mlocked:               0 kB
SwapTotal:        715328 kB
SwapFree:         707680 kB
Dirty:                44 kB
Writeback:             0 kB
AnonPages:       1032152 kB
Mapped:           622580 kB
Shmem:               980 kB
Slab:              98704 kB
SReclaimable:      31616 kB
SUnreclaim:        67088 kB
KernelStack:       38688 kB
PageTables:        49672 kB
NFS_Unstable:          0 kB
Bounce:                0 kB
WritebackTmp:          0 kB
CommitLimit:     2152132 kB
Committed_AS:   119095408 kB
VmallocTotal:   251658176 kB
VmallocUsed:      137220 kB
VmallocChunk:   251403448 kB
Time pass: 267 sec

---2015-12-05 14:07:44
MemTotal:        2873608 kB
MemFree:           95372 kB
Buffers:           18856 kB
Cached:           938504 kB
SwapCached:           12 kB
Active:          1304404 kB
Inactive:         671452 kB
Active(anon):     820128 kB
Inactive(anon):   212920 kB
Active(file):     484276 kB
Inactive(file):   458532 kB
Unevictable:       13568 kB
Mlocked:               0 kB
SwapTotal:        715328 kB
SwapFree:         707680 kB
Dirty:                44 kB
Writeback:             0 kB
AnonPages:       1031932 kB
Mapped:           622584 kB
Shmem:               984 kB
Slab:              98704 kB
SReclaimable:      31616 kB
SUnreclaim:        67088 kB
KernelStack:       38688 kB
PageTables:        49668 kB
NFS_Unstable:          0 kB
Bounce:                0 kB
WritebackTmp:          0 kB
CommitLimit:     2152132 kB
Committed_AS:   119095416 kB
VmallocTotal:   251658176 kB
VmallocUsed:      137220 kB
VmallocChunk:   251403448 kB
Time pass: 270 sec

---2015-12-05 14:07:44
MemTotal:        2873608 kB
MemFree:           94792 kB
Buffers:           18864 kB
Cached:           938504 kB
SwapCached:           12 kB
Active:          1305096 kB
Inactive:         671460 kB
Active(anon):     820820 kB
Inactive(anon):   212920 kB
Active(file):     484276 kB
Inactive(file):   458540 kB
Unevictable:       13568 kB
Mlocked:               0 kB
SwapTotal:        715328 kB
SwapFree:         707680 kB
Dirty:                32 kB
Writeback:             0 kB
AnonPages:       1032708 kB
Mapped:           622416 kB
Shmem:               984 kB
Slab:              98696 kB
SReclaimable:      31616 kB
SUnreclaim:        67080 kB
KernelStack:       38688 kB
PageTables:        49604 kB
NFS_Unstable:          0 kB
Bounce:                0 kB
WritebackTmp:          0 kB
CommitLimit:     2152132 kB
Committed_AS:   119095408 kB
VmallocTotal:   251658176 kB
VmallocUsed:      137220 kB
VmallocChunk:   251403448 kB
Time pass: 274 sec

---2015-12-05 14:07:44
MemTotal:        2873608 kB
MemFree:           94788 kB
Buffers:           18880 kB
Cached:           938488 kB
SwapCached:           12 kB
Active:          1304900 kB
Inactive:         671460 kB
Active(anon):     820624 kB
Inactive(anon):   212920 kB
Active(file):     484276 kB
Inactive(file):   458540 kB
Unevictable:       13568 kB
Mlocked:               0 kB
SwapTotal:        715328 kB
SwapFree:         707680 kB
Dirty:                 0 kB
Writeback:             0 kB
AnonPages:       1032696 kB
Mapped:           622500 kB
Shmem:               984 kB
Slab:              98696 kB
SReclaimable:      31616 kB
SUnreclaim:        67080 kB
KernelStack:       38688 kB
PageTables:        49636 kB
NFS_Unstable:          0 kB
Bounce:                0 kB
WritebackTmp:          0 kB
CommitLimit:     2152132 kB
Committed_AS:   119095416 kB
VmallocTotal:   251658176 kB
VmallocUsed:      137220 kB
VmallocChunk:   251403448 kB
Time pass: 278 sec

---2015-12-05 14:07:44
MemTotal:        2873608 kB
MemFree:           92088 kB
Buffers:           18912 kB
Cached:           938516 kB
SwapCached:           12 kB
Active:          1307708 kB
Inactive:         671516 kB
Active(anon):     823428 kB
Inactive(anon):   212920 kB
Active(file):     484280 kB
Inactive(file):   458596 kB
Unevictable:       13568 kB
Mlocked:               0 kB
SwapTotal:        715328 kB
SwapFree:         707680 kB
Dirty:               152 kB
Writeback:             0 kB
AnonPages:       1035416 kB
Mapped:           622508 kB
Shmem:               984 kB
Slab:              98696 kB
SReclaimable:      31616 kB
SUnreclaim:        67080 kB
KernelStack:       38752 kB
PageTables:        49636 kB
NFS_Unstable:          0 kB
Bounce:                0 kB
WritebackTmp:          0 kB
CommitLimit:     2152132 kB
Committed_AS:   119095544 kB
VmallocTotal:   251658176 kB
VmallocUsed:      137220 kB
VmallocChunk:   251403448 kB
Time pass: 282 sec

---2015-12-05 14:07:44
MemTotal:        2873608 kB
MemFree:           91048 kB
Buffers:           18912 kB
Cached:           938516 kB
SwapCached:           12 kB
Active:          1308696 kB
Inactive:         671516 kB
Active(anon):     824416 kB
Inactive(anon):   212920 kB
Active(file):     484280 kB
Inactive(file):   458596 kB
Unevictable:       13568 kB
Mlocked:               0 kB
SwapTotal:        715328 kB
SwapFree:         707680 kB
Dirty:                 0 kB
Writeback:             0 kB
AnonPages:       1036588 kB
Mapped:           622592 kB
Shmem:               984 kB
Slab:              98696 kB
SReclaimable:      31616 kB
SUnreclaim:        67080 kB
KernelStack:       38720 kB
PageTables:        49664 kB
NFS_Unstable:          0 kB
Bounce:                0 kB
WritebackTmp:          0 kB
CommitLimit:     2152132 kB
Committed_AS:   119095408 kB
VmallocTotal:   251658176 kB
VmallocUsed:      137220 kB
VmallocChunk:   251403448 kB
Time pass: 285 sec

---2015-12-05 14:07:44
MemTotal:        2873608 kB
MemFree:           90080 kB
Buffers:           18920 kB
Cached:           938544 kB
SwapCached:           12 kB
Active:          1309372 kB
Inactive:         671552 kB
Active(anon):     825092 kB
Inactive(anon):   212948 kB
Active(file):     484280 kB
Inactive(file):   458604 kB
Unevictable:       13568 kB
Mlocked:               0 kB
SwapTotal:        715328 kB
SwapFree:         707680 kB
Dirty:                36 kB
Writeback:             0 kB
AnonPages:       1036880 kB
Mapped:           622620 kB
Shmem:              1012 kB
Slab:              98696 kB
SReclaimable:      31616 kB
SUnreclaim:        67080 kB
KernelStack:       38704 kB
PageTables:        49664 kB
NFS_Unstable:          0 kB
Bounce:                0 kB
WritebackTmp:          0 kB
CommitLimit:     2152132 kB
Committed_AS:   119095392 kB
VmallocTotal:   251658176 kB
VmallocUsed:      137220 kB
VmallocChunk:   251403448 kB
Time pass: 289 sec

---2015-12-05 14:07:44
MemTotal:        2873608 kB
MemFree:           90400 kB
Buffers:           18936 kB
Cached:           938544 kB
SwapCached:           12 kB
Active:          1308588 kB
Inactive:         671568 kB
Active(anon):     824308 kB
Inactive(anon):   212948 kB
Active(file):     484280 kB
Inactive(file):   458620 kB
Unevictable:       13568 kB
Mlocked:               0 kB
SwapTotal:        715328 kB
SwapFree:         707680 kB
Dirty:                64 kB
Writeback:             0 kB
AnonPages:       1036232 kB
Mapped:           622620 kB
Shmem:              1012 kB
Slab:              98716 kB
SReclaimable:      31620 kB
SUnreclaim:        67096 kB
KernelStack:       38704 kB
PageTables:        49668 kB
NFS_Unstable:          0 kB
Bounce:                0 kB
WritebackTmp:          0 kB
CommitLimit:     2152132 kB
Committed_AS:   119095384 kB
VmallocTotal:   251658176 kB
VmallocUsed:      137220 kB
VmallocChunk:   251403448 kB
Time pass: 293 sec

---2015-12-05 14:07:44
MemTotal:        2873608 kB
MemFree:           90700 kB
Buffers:           18944 kB
Cached:           938548 kB
SwapCached:           12 kB
Active:          1308692 kB
Inactive:         671580 kB
Active(anon):     824412 kB
Inactive(anon):   212952 kB
Active(file):     484280 kB
Inactive(file):   458628 kB
Unevictable:       13568 kB
Mlocked:               0 kB
SwapTotal:        715328 kB
SwapFree:         707680 kB
Dirty:                32 kB
Writeback:             0 kB
AnonPages:       1036228 kB
Mapped:           622624 kB
Shmem:              1016 kB
Slab:              98716 kB
SReclaimable:      31620 kB
SUnreclaim:        67096 kB
KernelStack:       38704 kB
PageTables:        49668 kB
NFS_Unstable:          0 kB
Bounce:                0 kB
WritebackTmp:          0 kB
CommitLimit:     2152132 kB
Committed_AS:   119095392 kB
VmallocTotal:   251658176 kB
VmallocUsed:      137220 kB
VmallocChunk:   251403448 kB
Time pass: 297 sec

---2015-12-05 14:07:44
MemTotal:        2873608 kB
MemFree:           89996 kB
Buffers:           18944 kB
Cached:           938552 kB
SwapCached:           12 kB
Active:          1308920 kB
Inactive:         671584 kB
Active(anon):     824640 kB
Inactive(anon):   212956 kB
Active(file):     484280 kB
Inactive(file):   458628 kB
Unevictable:       13568 kB
Mlocked:               0 kB
SwapTotal:        715328 kB
SwapFree:         707680 kB
Dirty:                32 kB
Writeback:             0 kB
AnonPages:       1036632 kB
Mapped:           622588 kB
Shmem:              1020 kB
Slab:              98700 kB
SReclaimable:      31620 kB
SUnreclaim:        67080 kB
KernelStack:       38704 kB
PageTables:        49668 kB
NFS_Unstable:          0 kB
Bounce:                0 kB
WritebackTmp:          0 kB
CommitLimit:     2152132 kB
Committed_AS:   119095384 kB
VmallocTotal:   251658176 kB
VmallocUsed:      137220 kB
VmallocChunk:   251403448 kB
Time pass: 301 sec

---2015-12-05 14:07:44
MemTotal:        2873608 kB
MemFree:           90268 kB
Buffers:           18960 kB
Cached:           938552 kB
SwapCached:           12 kB
Active:          1309528 kB
Inactive:         671600 kB
Active(anon):     825248 kB
Inactive(anon):   212956 kB
Active(file):     484280 kB
Inactive(file):   458644 kB
Unevictable:       13568 kB
Mlocked:               0 kB
SwapTotal:        715328 kB
SwapFree:         707680 kB
Dirty:                40 kB
Writeback:             0 kB
AnonPages:       1037136 kB
Mapped:           622588 kB
Shmem:              1020 kB
Slab:              98704 kB
SReclaimable:      31620 kB
SUnreclaim:        67084 kB
KernelStack:       38704 kB
PageTables:        49664 kB
NFS_Unstable:          0 kB
Bounce:                0 kB
WritebackTmp:          0 kB
CommitLimit:     2152132 kB
Committed_AS:   119095376 kB
VmallocTotal:   251658176 kB
VmallocUsed:      137220 kB
VmallocChunk:   251403448 kB
Time pass: 304 sec

---2015-12-05 14:07:44
MemTotal:        2873608 kB
MemFree:           89868 kB
Buffers:           18968 kB
Cached:           938552 kB
SwapCached:           12 kB
Active:          1309552 kB
Inactive:         671608 kB
Active(anon):     825272 kB
Inactive(anon):   212956 kB
Active(file):     484280 kB
Inactive(file):   458652 kB
Unevictable:       13568 kB
Mlocked:               0 kB
SwapTotal:        715328 kB
SwapFree:         707680 kB
Dirty:                32 kB
Writeback:             0 kB
AnonPages:       1037288 kB
Mapped:           622588 kB
Shmem:              1020 kB
Slab:              98800 kB
SReclaimable:      31620 kB
SUnreclaim:        67180 kB
KernelStack:       38704 kB
PageTables:        49664 kB
NFS_Unstable:          0 kB
Bounce:                0 kB
WritebackTmp:          0 kB
CommitLimit:     2152132 kB
Committed_AS:   119095408 kB
VmallocTotal:   251658176 kB
VmallocUsed:      137220 kB
VmallocChunk:   251403448 kB
Time pass: 308 sec

---2015-12-05 14:07:44
MemTotal:        2873608 kB
MemFree:           89188 kB
Buffers:           18968 kB
Cached:           938556 kB
SwapCached:           12 kB
Active:          1310028 kB
Inactive:         671608 kB
Active(anon):     825748 kB
Inactive(anon):   212956 kB
Active(file):     484280 kB
Inactive(file):   458652 kB
Unevictable:       13568 kB
Mlocked:               0 kB
SwapTotal:        715328 kB
SwapFree:         707680 kB
Dirty:                32 kB
Writeback:             0 kB
AnonPages:       1037572 kB
Mapped:           622592 kB
Shmem:              1024 kB
Slab:              98700 kB
SReclaimable:      31620 kB
SUnreclaim:        67080 kB
KernelStack:       38704 kB
PageTables:        49672 kB
NFS_Unstable:          0 kB
Bounce:                0 kB
WritebackTmp:          0 kB
CommitLimit:     2152132 kB
Committed_AS:   119099480 kB
VmallocTotal:   251658176 kB
VmallocUsed:      137220 kB
VmallocChunk:   251403448 kB
Time pass: 312 sec

---2015-12-05 14:07:44
MemTotal:        2873608 kB
MemFree:           89120 kB
Buffers:           18984 kB
Cached:           938564 kB
SwapCached:           12 kB
Active:          1310480 kB
Inactive:         671616 kB
Active(anon):     826200 kB
Inactive(anon):   212956 kB
Active(file):     484280 kB
Inactive(file):   458660 kB
Unevictable:       13568 kB
Mlocked:               0 kB
SwapTotal:        715328 kB
SwapFree:         707680 kB
Dirty:                44 kB
Writeback:             0 kB
AnonPages:       1038168 kB
Mapped:           622600 kB
Shmem:              1032 kB
Slab:              98700 kB
SReclaimable:      31620 kB
SUnreclaim:        67080 kB
KernelStack:       38688 kB
PageTables:        49668 kB
NFS_Unstable:          0 kB
Bounce:                0 kB
WritebackTmp:          0 kB
CommitLimit:     2152132 kB
Committed_AS:   119099496 kB
VmallocTotal:   251658176 kB
VmallocUsed:      137220 kB
VmallocChunk:   251403448 kB
Time pass: 316 sec

---2015-12-05 14:07:44
MemTotal:        2873608 kB
MemFree:           89488 kB
Buffers:           18992 kB
Cached:           938584 kB
SwapCached:           12 kB
Active:          1310692 kB
Inactive:         671652 kB
Active(anon):     826412 kB
Inactive(anon):   212984 kB
Active(file):     484280 kB
Inactive(file):   458668 kB
Unevictable:       13568 kB
Mlocked:               0 kB
SwapTotal:        715328 kB
SwapFree:         707680 kB
Dirty:                 0 kB
Writeback:             0 kB
AnonPages:       1038196 kB
Mapped:           622712 kB
Shmem:              1060 kB
Slab:              98700 kB
SReclaimable:      31620 kB
SUnreclaim:        67080 kB
KernelStack:       38688 kB
PageTables:        49696 kB
NFS_Unstable:          0 kB
Bounce:                0 kB
WritebackTmp:          0 kB
CommitLimit:     2152132 kB
Committed_AS:   119099456 kB
VmallocTotal:   251658176 kB
VmallocUsed:      137220 kB
VmallocChunk:   251403448 kB
Time pass: 319 sec

---2015-12-05 14:07:44
MemTotal:        2873608 kB
MemFree:           88456 kB
Buffers:           18992 kB
Cached:           938592 kB
SwapCached:           12 kB
Active:          1310952 kB
Inactive:         671660 kB
Active(anon):     826672 kB
Inactive(anon):   212984 kB
Active(file):     484280 kB
Inactive(file):   458676 kB
Unevictable:       13568 kB
Mlocked:               0 kB
SwapTotal:        715328 kB
SwapFree:         707680 kB
Dirty:                32 kB
Writeback:             0 kB
AnonPages:       1038496 kB
Mapped:           622708 kB
Shmem:              1060 kB
Slab:              98700 kB
SReclaimable:      31620 kB
SUnreclaim:        67080 kB
KernelStack:       38672 kB
PageTables:        49676 kB
NFS_Unstable:          0 kB
Bounce:                0 kB
WritebackTmp:          0 kB
CommitLimit:     2152132 kB
Committed_AS:   119099472 kB
VmallocTotal:   251658176 kB
VmallocUsed:      137220 kB
VmallocChunk:   251403448 kB
Time pass: 323 sec

---2015-12-05 14:07:44
MemTotal:        2873608 kB
MemFree:           89024 kB
Buffers:           19008 kB
Cached:           938592 kB
SwapCached:           12 kB
Active:          1310856 kB
Inactive:         671676 kB
Active(anon):     826576 kB
Inactive(anon):   212984 kB
Active(file):     484280 kB
Inactive(file):   458692 kB
Unevictable:       13568 kB
Mlocked:               0 kB
SwapTotal:        715328 kB
SwapFree:         707680 kB
Dirty:                40 kB
Writeback:             0 kB
AnonPages:       1038604 kB
Mapped:           622716 kB
Shmem:              1060 kB
Slab:              98748 kB
SReclaimable:      31624 kB
SUnreclaim:        67124 kB
KernelStack:       38704 kB
PageTables:        49692 kB
NFS_Unstable:          0 kB
Bounce:                0 kB
WritebackTmp:          0 kB
CommitLimit:     2152132 kB
Committed_AS:   119099424 kB
VmallocTotal:   251658176 kB
VmallocUsed:      137220 kB
VmallocChunk:   251403448 kB
Time pass: 327 sec

---2015-12-05 14:07:44
MemTotal:        2873608 kB
MemFree:           88024 kB
Buffers:           19008 kB
Cached:           938592 kB
SwapCached:           12 kB
Active:          1310832 kB
Inactive:         671676 kB
Active(anon):     826552 kB
Inactive(anon):   212984 kB
Active(file):     484280 kB
Inactive(file):   458692 kB
Unevictable:       13568 kB
Mlocked:               0 kB
SwapTotal:        715328 kB
SwapFree:         707680 kB
Dirty:                40 kB
Writeback:             0 kB
AnonPages:       1038576 kB
Mapped:           622624 kB
Shmem:              1060 kB
Slab:              98736 kB
SReclaimable:      31624 kB
SUnreclaim:        67112 kB
KernelStack:       38672 kB
PageTables:        49648 kB
NFS_Unstable:          0 kB
Bounce:                0 kB
WritebackTmp:          0 kB
CommitLimit:     2152132 kB
Committed_AS:   119099416 kB
VmallocTotal:   251658176 kB
VmallocUsed:      137220 kB
VmallocChunk:   251403448 kB
Time pass: 331 sec

---2015-12-05 14:07:44
MemTotal:        2873608 kB
MemFree:           87748 kB
Buffers:           19016 kB
Cached:           938608 kB
SwapCached:           12 kB
Active:          1312016 kB
Inactive:         671684 kB
Active(anon):     827736 kB
Inactive(anon):   212984 kB
Active(file):     484280 kB
Inactive(file):   458700 kB
Unevictable:       13568 kB
Mlocked:               0 kB
SwapTotal:        715328 kB
SwapFree:         707680 kB
Dirty:                32 kB
Writeback:             0 kB
AnonPages:       1039552 kB
Mapped:           622712 kB
Shmem:              1060 kB
Slab:              98736 kB
SReclaimable:      31624 kB
SUnreclaim:        67112 kB
KernelStack:       38656 kB
PageTables:        49680 kB
NFS_Unstable:          0 kB
Bounce:                0 kB
WritebackTmp:          0 kB
CommitLimit:     2152132 kB
Committed_AS:   119099384 kB
VmallocTotal:   251658176 kB
VmallocUsed:      137220 kB
VmallocChunk:   251403448 kB
Time pass: 334 sec

---2015-12-05 14:07:44
MemTotal:        2873608 kB
MemFree:           86836 kB
Buffers:           19032 kB
Cached:           938676 kB
SwapCached:           12 kB
Active:          1312372 kB
Inactive:         671764 kB
Active(anon):     828092 kB
Inactive(anon):   212968 kB
Active(file):     484280 kB
Inactive(file):   458796 kB
Unevictable:       13568 kB
Mlocked:               0 kB
SwapTotal:        715328 kB
SwapFree:         707680 kB
Dirty:                76 kB
Writeback:             0 kB
AnonPages:       1039832 kB
Mapped:           622752 kB
Shmem:              1064 kB
Slab:              98736 kB
SReclaimable:      31624 kB
SUnreclaim:        67112 kB
KernelStack:       38640 kB
PageTables:        49684 kB
NFS_Unstable:          0 kB
Bounce:                0 kB
WritebackTmp:          0 kB
CommitLimit:     2152132 kB
Committed_AS:   119099272 kB
VmallocTotal:   251658176 kB
VmallocUsed:      137220 kB
VmallocChunk:   251403448 kB
Time pass: 338 sec

---2015-12-05 14:07:44
MemTotal:        2873608 kB
MemFree:           86660 kB
Buffers:           19032 kB
Cached:           938676 kB
SwapCached:           12 kB
Active:          1312552 kB
Inactive:         671764 kB
Active(anon):     828272 kB
Inactive(anon):   212968 kB
Active(file):     484280 kB
Inactive(file):   458796 kB
Unevictable:       13568 kB
Mlocked:               0 kB
SwapTotal:        715328 kB
SwapFree:         707680 kB
Dirty:                76 kB
Writeback:             0 kB
AnonPages:       1039832 kB
Mapped:           622752 kB
Shmem:              1064 kB
Slab:              98740 kB
SReclaimable:      31628 kB
SUnreclaim:        67112 kB
KernelStack:       38640 kB
PageTables:        49684 kB
NFS_Unstable:          0 kB
Bounce:                0 kB
WritebackTmp:          0 kB
CommitLimit:     2152132 kB
Committed_AS:   119099320 kB
VmallocTotal:   251658176 kB
VmallocUsed:      137220 kB
VmallocChunk:   251403448 kB
Time pass: 342 sec

---2015-12-05 14:07:44
MemTotal:        2873608 kB
MemFree:           86572 kB
Buffers:           19040 kB
Cached:           938736 kB
SwapCached:           12 kB
Active:          1312584 kB
Inactive:         671832 kB
Active(anon):     828304 kB
Inactive(anon):   212968 kB
Active(file):     484280 kB
Inactive(file):   458864 kB
Unevictable:       13568 kB
Mlocked:               0 kB
SwapTotal:        715328 kB
SwapFree:         707680 kB
Dirty:                32 kB
Writeback:             0 kB
AnonPages:       1040092 kB
Mapped:           622636 kB
Shmem:              1064 kB
Slab:              98740 kB
SReclaimable:      31628 kB
SUnreclaim:        67112 kB
KernelStack:       38624 kB
PageTables:        49648 kB
NFS_Unstable:          0 kB
Bounce:                0 kB
WritebackTmp:          0 kB
CommitLimit:     2152132 kB
Committed_AS:   119099304 kB
VmallocTotal:   251658176 kB
VmallocUsed:      137220 kB
VmallocChunk:   251403448 kB
Time pass: 346 sec

---2015-12-05 14:07:44
MemTotal:        2873608 kB
MemFree:           86028 kB
Buffers:           19040 kB
Cached:           938740 kB
SwapCached:           12 kB
Active:          1313564 kB
Inactive:         671836 kB
Active(anon):     829284 kB
Inactive(anon):   212972 kB
Active(file):     484280 kB
Inactive(file):   458864 kB
Unevictable:       13568 kB
Mlocked:               0 kB
SwapTotal:        715328 kB
SwapFree:         707680 kB
Dirty:                40 kB
Writeback:             0 kB
AnonPages:       1041480 kB
Mapped:           622724 kB
Shmem:              1068 kB
Slab:              98796 kB
SReclaimable:      31628 kB
SUnreclaim:        67168 kB
KernelStack:       38640 kB
PageTables:        49676 kB
NFS_Unstable:          0 kB
Bounce:                0 kB
WritebackTmp:          0 kB
CommitLimit:     2152132 kB
Committed_AS:   119099312 kB
VmallocTotal:   251658176 kB
VmallocUsed:      137220 kB
VmallocChunk:   251403448 kB
Time pass: 350 sec

---2015-12-05 14:07:44
MemTotal:        2873608 kB
MemFree:           83832 kB
Buffers:           19056 kB
Cached:           938764 kB
SwapCached:           12 kB
Active:          1315608 kB
Inactive:         671876 kB
Active(anon):     831328 kB
Inactive(anon):   212972 kB
Active(file):     484280 kB
Inactive(file):   458904 kB
Unevictable:       13568 kB
Mlocked:               0 kB
SwapTotal:        715328 kB
SwapFree:         707680 kB
Dirty:                96 kB
Writeback:             0 kB
AnonPages:       1043460 kB
Mapped:           622772 kB
Shmem:              1068 kB
Slab:              98792 kB
SReclaimable:      31628 kB
SUnreclaim:        67164 kB
KernelStack:       38640 kB
PageTables:        49676 kB
NFS_Unstable:          0 kB
Bounce:                0 kB
WritebackTmp:          0 kB
CommitLimit:     2152132 kB
Committed_AS:   119099328 kB
VmallocTotal:   251658176 kB
VmallocUsed:      137220 kB
VmallocChunk:   251403448 kB
Time pass: 353 sec

---2015-12-05 14:07:44
MemTotal:        2873608 kB
MemFree:           83764 kB
Buffers:           19064 kB
Cached:           938800 kB
SwapCached:           12 kB
Active:          1315280 kB
Inactive:         671920 kB
Active(anon):     831000 kB
Inactive(anon):   213000 kB
Active(file):     484280 kB
Inactive(file):   458920 kB
Unevictable:       13568 kB
Mlocked:               0 kB
SwapTotal:        715328 kB
SwapFree:         707680 kB
Dirty:                48 kB
Writeback:             0 kB
AnonPages:       1042976 kB
Mapped:           622764 kB
Shmem:              1096 kB
Slab:              98724 kB
SReclaimable:      31612 kB
SUnreclaim:        67112 kB
KernelStack:       38640 kB
PageTables:        49680 kB
NFS_Unstable:          0 kB
Bounce:                0 kB
WritebackTmp:          0 kB
CommitLimit:     2152132 kB
Committed_AS:   119099344 kB
VmallocTotal:   251658176 kB
VmallocUsed:      137220 kB
VmallocChunk:   251403448 kB
Time pass: 357 sec

---2015-12-05 14:07:44
MemTotal:        2873608 kB
MemFree:           83372 kB
Buffers:           19064 kB
Cached:           938804 kB
SwapCached:           12 kB
Active:          1315476 kB
Inactive:         671924 kB
Active(anon):     831196 kB
Inactive(anon):   213004 kB
Active(file):     484280 kB
Inactive(file):   458920 kB
Unevictable:       13568 kB
Mlocked:               0 kB
SwapTotal:        715328 kB
SwapFree:         707680 kB
Dirty:                 0 kB
Writeback:             0 kB
AnonPages:       1043208 kB
Mapped:           622768 kB
Shmem:              1100 kB
Slab:              98760 kB
SReclaimable:      31612 kB
SUnreclaim:        67148 kB
KernelStack:       38640 kB
PageTables:        49680 kB
NFS_Unstable:          0 kB
Bounce:                0 kB
WritebackTmp:          0 kB
CommitLimit:     2152132 kB
Committed_AS:   119099336 kB
VmallocTotal:   251658176 kB
VmallocUsed:      137220 kB
VmallocChunk:   251403448 kB
Time pass: 361 sec

---2015-12-05 14:07:44
MemTotal:        2873608 kB
MemFree:           83436 kB
Buffers:           19080 kB
Cached:           938808 kB
SwapCached:           12 kB
Active:          1315724 kB
Inactive:         671944 kB
Active(anon):     831444 kB
Inactive(anon):   213004 kB
Active(file):     484280 kB
Inactive(file):   458940 kB
Unevictable:       13568 kB
Mlocked:               0 kB
SwapTotal:        715328 kB
SwapFree:         707680 kB
Dirty:                56 kB
Writeback:             0 kB
AnonPages:       1043260 kB
Mapped:           622724 kB
Shmem:              1100 kB
Slab:              98724 kB
SReclaimable:      31612 kB
SUnreclaim:        67112 kB
KernelStack:       38640 kB
PageTables:        49656 kB
NFS_Unstable:          0 kB
Bounce:                0 kB
WritebackTmp:          0 kB
CommitLimit:     2152132 kB
Committed_AS:   119099336 kB
VmallocTotal:   251658176 kB
VmallocUsed:      137220 kB
VmallocChunk:   251403448 kB
Time pass: 365 sec

---2015-12-05 14:07:44
MemTotal:        2873608 kB
MemFree:           82584 kB
Buffers:           19088 kB
Cached:           938808 kB
SwapCached:           12 kB
Active:          1315948 kB
Inactive:         671952 kB
Active(anon):     831668 kB
Inactive(anon):   213004 kB
Active(file):     484280 kB
Inactive(file):   458948 kB
Unevictable:       13568 kB
Mlocked:               0 kB
SwapTotal:        715328 kB
SwapFree:         707680 kB
Dirty:                40 kB
Writeback:             0 kB
AnonPages:       1043604 kB
Mapped:           622808 kB
Shmem:              1100 kB
Slab:              98752 kB
SReclaimable:      31612 kB
SUnreclaim:        67140 kB
KernelStack:       38640 kB
PageTables:        49684 kB
NFS_Unstable:          0 kB
Bounce:                0 kB
WritebackTmp:          0 kB
CommitLimit:     2152132 kB
Committed_AS:   119099336 kB
VmallocTotal:   251658176 kB
VmallocUsed:      137220 kB
VmallocChunk:   251403448 kB
Time pass: 368 sec

---2015-12-05 14:07:44
MemTotal:        2873608 kB
MemFree:           82728 kB
Buffers:           19088 kB
Cached:           938808 kB
SwapCached:           12 kB
Active:          1316080 kB
Inactive:         671952 kB
Active(anon):     831800 kB
Inactive(anon):   213004 kB
Active(file):     484280 kB
Inactive(file):   458948 kB
Unevictable:       13568 kB
Mlocked:               0 kB
SwapTotal:        715328 kB
SwapFree:         707680 kB
Dirty:                40 kB
Writeback:             0 kB
AnonPages:       1043744 kB
Mapped:           622808 kB
Shmem:              1100 kB
Slab:              98764 kB
SReclaimable:      31612 kB
SUnreclaim:        67152 kB
KernelStack:       38640 kB
PageTables:        49684 kB
NFS_Unstable:          0 kB
Bounce:                0 kB
WritebackTmp:          0 kB
CommitLimit:     2152132 kB
Committed_AS:   119099344 kB
VmallocTotal:   251658176 kB
VmallocUsed:      137220 kB
VmallocChunk:   251403448 kB
Time pass: 372 sec

---2015-12-05 14:07:44
MemTotal:        2873608 kB
MemFree:           82360 kB
Buffers:           19104 kB
Cached:           938808 kB
SwapCached:           12 kB
Active:          1316676 kB
Inactive:         671968 kB
Active(anon):     832396 kB
Inactive(anon):   213004 kB
Active(file):     484280 kB
Inactive(file):   458964 kB
Unevictable:       13568 kB
Mlocked:               0 kB
SwapTotal:        715328 kB
SwapFree:         707680 kB
Dirty:                40 kB
Writeback:             0 kB
AnonPages:       1044136 kB
Mapped:           622808 kB
Shmem:              1100 kB
Slab:              98764 kB
SReclaimable:      31612 kB
SUnreclaim:        67152 kB
KernelStack:       38640 kB
PageTables:        49680 kB
NFS_Unstable:          0 kB
Bounce:                0 kB
WritebackTmp:          0 kB
CommitLimit:     2152132 kB
Committed_AS:   119099320 kB
VmallocTotal:   251658176 kB
VmallocUsed:      137220 kB
VmallocChunk:   251403448 kB
Time pass: 376 sec

---2015-12-05 14:07:44
MemTotal:        2873608 kB
MemFree:           82104 kB
Buffers:           19112 kB
Cached:           938800 kB
SwapCached:           12 kB
Active:          1316796 kB
Inactive:         671968 kB
Active(anon):     832516 kB
Inactive(anon):   213004 kB
Active(file):     484280 kB
Inactive(file):   458964 kB
Unevictable:       13568 kB
Mlocked:               0 kB
SwapTotal:        715328 kB
SwapFree:         707680 kB
Dirty:                 0 kB
Writeback:             0 kB
AnonPages:       1044296 kB
Mapped:           622808 kB
Shmem:              1100 kB
Slab:              98764 kB
SReclaimable:      31612 kB
SUnreclaim:        67152 kB
KernelStack:       38640 kB
PageTables:        49684 kB
NFS_Unstable:          0 kB
Bounce:                0 kB
WritebackTmp:          0 kB
CommitLimit:     2152132 kB
Committed_AS:   119099320 kB
VmallocTotal:   251658176 kB
VmallocUsed:      137220 kB
VmallocChunk:   251403448 kB
Time pass: 380 sec

---2015-12-05 14:07:44
MemTotal:        2873608 kB
MemFree:           82028 kB
Buffers:           19112 kB
Cached:           938812 kB
SwapCached:           12 kB
Active:          1317120 kB
Inactive:         671980 kB
Active(anon):     832840 kB
Inactive(anon):   213008 kB
Active(file):     484280 kB
Inactive(file):   458972 kB
Unevictable:       13568 kB
Mlocked:               0 kB
SwapTotal:        715328 kB
SwapFree:         707680 kB
Dirty:                32 kB
Writeback:             0 kB
AnonPages:       1044632 kB
Mapped:           622772 kB
Shmem:              1104 kB
Slab:              98724 kB
SReclaimable:      31612 kB
SUnreclaim:        67112 kB
KernelStack:       38640 kB
PageTables:        49652 kB
NFS_Unstable:          0 kB
Bounce:                0 kB
WritebackTmp:          0 kB
CommitLimit:     2152132 kB
Committed_AS:   119099336 kB
VmallocTotal:   251658176 kB
VmallocUsed:      137220 kB
VmallocChunk:   251403448 kB
Time pass: 383 sec

---2015-12-05 14:07:44
MemTotal:        2873608 kB
MemFree:           81648 kB
Buffers:           19128 kB
Cached:           938824 kB
SwapCached:           12 kB
Active:          1317104 kB
Inactive:         672008 kB
Active(anon):     832824 kB
Inactive(anon):   213020 kB
Active(file):     484280 kB
Inactive(file):   458988 kB
Unevictable:       13568 kB
Mlocked:               0 kB
SwapTotal:        715328 kB
SwapFree:         707680 kB
Dirty:                40 kB
Writeback:             0 kB
AnonPages:       1044776 kB
Mapped:           622784 kB
Shmem:              1116 kB
Slab:              98740 kB
SReclaimable:      31612 kB
SUnreclaim:        67128 kB
KernelStack:       38640 kB
PageTables:        49656 kB
NFS_Unstable:          0 kB
Bounce:                0 kB
WritebackTmp:          0 kB
CommitLimit:     2152132 kB
Committed_AS:   119099336 kB
VmallocTotal:   251658176 kB
VmallocUsed:      137220 kB
VmallocChunk:   251403448 kB
Time pass: 387 sec

---2015-12-05 14:07:44
MemTotal:        2873608 kB
MemFree:           81304 kB
Buffers:           19196 kB
