---2015-10-25 22:02:27
MemTotal:        1350964 kB
MemFree:           66804 kB
Buffers:           54936 kB
Cached:           420356 kB
SwapCached:            0 kB
Active:           819628 kB
Inactive:         175484 kB
Active(anon):     528180 kB
Inactive(anon):     4544 kB
Active(file):     291448 kB
Inactive(file):   170940 kB
Unevictable:        8304 kB
Mlocked:               0 kB
HighTotal:        802816 kB
HighFree:           1600 kB
LowTotal:         548148 kB
LowFree:           65204 kB
SwapTotal:             0 kB
SwapFree:              0 kB
Dirty:                28 kB
Writeback:             0 kB
AnonPages:        528324 kB
Mapped:           167132 kB
Shmem:              4600 kB
Slab:              36244 kB
SReclaimable:      13636 kB
SUnreclaim:        22608 kB
KernelStack:        8440 kB
PageTables:        15900 kB
NFS_Unstable:          0 kB
Bounce:                0 kB
WritebackTmp:          0 kB
CommitLimit:      675480 kB
Committed_AS:   34143340 kB
VmallocTotal:     253952 kB
VmallocUsed:       80460 kB
VmallocChunk:      49156 kB
Time pass: 3 sec

---2015-10-25 22:02:27
MemTotal:        1350964 kB
MemFree:           67332 kB
Buffers:           54952 kB
Cached:           420356 kB
SwapCached:            0 kB
Active:           819156 kB
Inactive:         175492 kB
Active(anon):     527704 kB
Inactive(anon):     4544 kB
Active(file):     291452 kB
Inactive(file):   170948 kB
Unevictable:        8304 kB
Mlocked:               0 kB
HighTotal:        802816 kB
HighFree:           2220 kB
LowTotal:         548148 kB
LowFree:           65112 kB
SwapTotal:             0 kB
SwapFree:              0 kB
Dirty:                64 kB
Writeback:             0 kB
AnonPages:        527748 kB
Mapped:           167180 kB
Shmem:              4600 kB
Slab:              36200 kB
SReclaimable:      13636 kB
SUnreclaim:        22564 kB
KernelStack:        8424 kB
PageTables:        15916 kB
NFS_Unstable:          0 kB
Bounce:                0 kB
WritebackTmp:          0 kB
CommitLimit:      675480 kB
Committed_AS:   34143380 kB
VmallocTotal:     253952 kB
VmallocUsed:       80460 kB
VmallocChunk:      49156 kB
Time pass: 7 sec

---2015-10-25 22:02:27
MemTotal:        1350964 kB
MemFree:           66960 kB
Buffers:           54952 kB
Cached:           420356 kB
SwapCached:            0 kB
Active:           819204 kB
Inactive:         175492 kB
Active(anon):     527748 kB
Inactive(anon):     4544 kB
Active(file):     291456 kB
Inactive(file):   170948 kB
Unevictable:        8304 kB
Mlocked:               0 kB
HighTotal:        802816 kB
HighFree:           1972 kB
LowTotal:         548148 kB
LowFree:           64988 kB
SwapTotal:             0 kB
SwapFree:              0 kB
Dirty:                 0 kB
Writeback:             0 kB
AnonPages:        527792 kB
Mapped:           167180 kB
Shmem:              4600 kB
Slab:              36196 kB
SReclaimable:      13636 kB
SUnreclaim:        22560 kB
KernelStack:        8424 kB
PageTables:        15916 kB
NFS_Unstable:          0 kB
Bounce:                0 kB
WritebackTmp:          0 kB
CommitLimit:      675480 kB
Committed_AS:   34142200 kB
VmallocTotal:     253952 kB
VmallocUsed:       80460 kB
VmallocChunk:      49156 kB
Time pass: 10 sec

---2015-10-25 22:02:27
MemTotal:        1350964 kB
MemFree:           66688 kB
Buffers:           54956 kB
Cached:           420360 kB
SwapCached:            0 kB
Active:           819212 kB
Inactive:         175488 kB
Active(anon):     527748 kB
Inactive(anon):     4544 kB
Active(file):     291464 kB
Inactive(file):   170944 kB
Unevictable:        8304 kB
Mlocked:               0 kB
HighTotal:        802816 kB
HighFree:           1600 kB
LowTotal:         548148 kB
LowFree:           65088 kB
SwapTotal:             0 kB
SwapFree:              0 kB
Dirty:                68 kB
Writeback:             0 kB
AnonPages:        527728 kB
Mapped:           167032 kB
Shmem:              4600 kB
Slab:              36228 kB
SReclaimable:      13636 kB
SUnreclaim:        22592 kB
KernelStack:        8424 kB
PageTables:        15912 kB
NFS_Unstable:          0 kB
Bounce:                0 kB
WritebackTmp:          0 kB
CommitLimit:      675480 kB
Committed_AS:   34142220 kB
VmallocTotal:     253952 kB
VmallocUsed:       80460 kB
VmallocChunk:      49156 kB
Time pass: 14 sec

---2015-10-25 22:02:27
MemTotal:        1350964 kB
MemFree:           66916 kB
Buffers:           54960 kB
Cached:           420360 kB
SwapCached:            0 kB
Active:           819404 kB
Inactive:         175492 kB
Active(anon):     527940 kB
Inactive(anon):     4544 kB
Active(file):     291464 kB
Inactive(file):   170948 kB
Unevictable:        8304 kB
Mlocked:               0 kB
HighTotal:        802816 kB
HighFree:           1600 kB
LowTotal:         548148 kB
LowFree:           65316 kB
SwapTotal:             0 kB
SwapFree:              0 kB
Dirty:                 0 kB
Writeback:             0 kB
AnonPages:        527956 kB
Mapped:           167180 kB
Shmem:              4600 kB
Slab:              36296 kB
SReclaimable:      13636 kB
SUnreclaim:        22660 kB
KernelStack:        8424 kB
PageTables:        15912 kB
NFS_Unstable:          0 kB
Bounce:                0 kB
WritebackTmp:          0 kB
CommitLimit:      675480 kB
Committed_AS:   34142292 kB
VmallocTotal:     253952 kB
VmallocUsed:       80460 kB
VmallocChunk:      49156 kB
Time pass: 18 sec

---2015-10-25 22:02:27
MemTotal:        1350964 kB
MemFree:           67656 kB
Buffers:           54964 kB
Cached:           420356 kB
SwapCached:            0 kB
Active:           819544 kB
Inactive:         175496 kB
Active(anon):     528080 kB
Inactive(anon):     4544 kB
Active(file):     291464 kB
Inactive(file):   170952 kB
Unevictable:        8304 kB
Mlocked:               0 kB
HighTotal:        802816 kB
HighFree:           1600 kB
LowTotal:         548148 kB
LowFree:           66056 kB
SwapTotal:             0 kB
SwapFree:              0 kB
Dirty:                 0 kB
Writeback:             0 kB
AnonPages:        527928 kB
Mapped:           167032 kB
Shmem:              4600 kB
Slab:              36196 kB
SReclaimable:      13636 kB
SUnreclaim:        22560 kB
KernelStack:        8424 kB
PageTables:        15916 kB
NFS_Unstable:          0 kB
Bounce:                0 kB
WritebackTmp:          0 kB
CommitLimit:      675480 kB
Committed_AS:   34142312 kB
VmallocTotal:     253952 kB
VmallocUsed:       80460 kB
VmallocChunk:      49156 kB
Time pass: 21 sec

---2015-10-25 22:02:27
MemTotal:        1350964 kB
MemFree:           66704 kB
Buffers:           54968 kB
Cached:           420360 kB
SwapCached:            0 kB
Active:           819760 kB
Inactive:         175488 kB
Active(anon):     528284 kB
Inactive(anon):     4544 kB
Active(file):     291476 kB
Inactive(file):   170944 kB
Unevictable:        8304 kB
Mlocked:               0 kB
HighTotal:        802816 kB
HighFree:           1600 kB
LowTotal:         548148 kB
LowFree:           65104 kB
SwapTotal:             0 kB
SwapFree:              0 kB
Dirty:                56 kB
Writeback:             0 kB
AnonPages:        528320 kB
Mapped:           167180 kB
Shmem:              4600 kB
Slab:              36164 kB
SReclaimable:      13636 kB
SUnreclaim:        22528 kB
KernelStack:        8424 kB
PageTables:        15916 kB
NFS_Unstable:          0 kB
Bounce:                0 kB
WritebackTmp:          0 kB
CommitLimit:      675480 kB
Committed_AS:   34142192 kB
VmallocTotal:     253952 kB
VmallocUsed:       80460 kB
VmallocChunk:      49156 kB
Time pass: 25 sec

---2015-10-25 22:02:27
MemTotal:        1350964 kB
MemFree:           66428 kB
Buffers:           54968 kB
Cached:           420360 kB
SwapCached:            0 kB
Active:           819760 kB
Inactive:         175492 kB
Active(anon):     528284 kB
Inactive(anon):     4544 kB
Active(file):     291476 kB
Inactive(file):   170948 kB
Unevictable:        8304 kB
Mlocked:               0 kB
HighTotal:        802816 kB
HighFree:           1600 kB
LowTotal:         548148 kB
LowFree:           64828 kB
SwapTotal:             0 kB
SwapFree:              0 kB
Dirty:                 0 kB
Writeback:             0 kB
AnonPages:        528232 kB
Mapped:           167032 kB
Shmem:              4600 kB
Slab:              36292 kB
SReclaimable:      13636 kB
SUnreclaim:        22656 kB
KernelStack:        8424 kB
PageTables:        15916 kB
NFS_Unstable:          0 kB
Bounce:                0 kB
WritebackTmp:          0 kB
CommitLimit:      675480 kB
Committed_AS:   34142184 kB
VmallocTotal:     253952 kB
VmallocUsed:       80460 kB
VmallocChunk:      49156 kB
Time pass: 28 sec

---2015-10-25 22:02:27
MemTotal:        1350964 kB
MemFree:           66284 kB
Buffers:           54980 kB
Cached:           420348 kB
SwapCached:            0 kB
Active:           819980 kB
Inactive:         175492 kB
Active(anon):     528504 kB
Inactive(anon):     4544 kB
Active(file):     291476 kB
Inactive(file):   170948 kB
Unevictable:        8304 kB
Mlocked:               0 kB
HighTotal:        802816 kB
HighFree:           1600 kB
LowTotal:         548148 kB
LowFree:           64684 kB
SwapTotal:             0 kB
SwapFree:              0 kB
Dirty:                32 kB
Writeback:             0 kB
AnonPages:        528504 kB
Mapped:           167180 kB
Shmem:              4600 kB
Slab:              36184 kB
SReclaimable:      13636 kB
SUnreclaim:        22548 kB
KernelStack:        8432 kB
PageTables:        15916 kB
NFS_Unstable:          0 kB
Bounce:                0 kB
WritebackTmp:          0 kB
CommitLimit:      675480 kB
Committed_AS:   34142172 kB
VmallocTotal:     253952 kB
VmallocUsed:       80460 kB
VmallocChunk:      49156 kB
Time pass: 32 sec

---2015-10-25 22:02:27
MemTotal:        1350964 kB
MemFree:           66544 kB
Buffers:           54980 kB
Cached:           420360 kB
SwapCached:            0 kB
Active:           819924 kB
Inactive:         175504 kB
Active(anon):     528448 kB
Inactive(anon):     4544 kB
Active(file):     291476 kB
Inactive(file):   170960 kB
Unevictable:        8304 kB
Mlocked:               0 kB
HighTotal:        802816 kB
HighFree:           1600 kB
LowTotal:         548148 kB
LowFree:           64944 kB
SwapTotal:             0 kB
SwapFree:              0 kB
Dirty:                 0 kB
Writeback:             0 kB
AnonPages:        528448 kB
Mapped:           167032 kB
Shmem:              4600 kB
Slab:              36328 kB
SReclaimable:      13636 kB
SUnreclaim:        22692 kB
KernelStack:        8432 kB
PageTables:        15912 kB
NFS_Unstable:          0 kB
Bounce:                0 kB
WritebackTmp:          0 kB
CommitLimit:      675480 kB
Committed_AS:   34142248 kB
VmallocTotal:     253952 kB
VmallocUsed:       80460 kB
VmallocChunk:      49156 kB
Time pass: 35 sec

---2015-10-25 22:02:27
MemTotal:        1350964 kB
MemFree:           66252 kB
Buffers:           54988 kB
Cached:           420360 kB
SwapCached:            0 kB
Active:           820040 kB
Inactive:         175512 kB
Active(anon):     528564 kB
Inactive(anon):     4544 kB
Active(file):     291476 kB
Inactive(file):   170968 kB
Unevictable:        8304 kB
Mlocked:               0 kB
HighTotal:        802816 kB
HighFree:           1600 kB
LowTotal:         548148 kB
LowFree:           64652 kB
SwapTotal:             0 kB
SwapFree:              0 kB
Dirty:                36 kB
Writeback:             0 kB
AnonPages:        528352 kB
Mapped:           167032 kB
Shmem:              4600 kB
Slab:              36264 kB
SReclaimable:      13636 kB
SUnreclaim:        22628 kB
KernelStack:        8424 kB
PageTables:        15916 kB
NFS_Unstable:          0 kB
Bounce:                0 kB
WritebackTmp:          0 kB
CommitLimit:      675480 kB
Committed_AS:   34142164 kB
VmallocTotal:     253952 kB
VmallocUsed:       80460 kB
VmallocChunk:      49156 kB
Time pass: 39 sec

---2015-10-25 22:02:27
MemTotal:        1350964 kB
MemFree:           65412 kB
Buffers:           54996 kB
Cached:           420360 kB
SwapCached:            0 kB
Active:           820392 kB
Inactive:         175512 kB
Active(anon):     528908 kB
Inactive(anon):     4544 kB
Active(file):     291484 kB
Inactive(file):   170968 kB
Unevictable:        8304 kB
Mlocked:               0 kB
HighTotal:        802816 kB
HighFree:           1724 kB
LowTotal:         548148 kB
LowFree:           63688 kB
SwapTotal:             0 kB
SwapFree:              0 kB
Dirty:                 0 kB
Writeback:             0 kB
AnonPages:        528900 kB
Mapped:           167180 kB
Shmem:              4600 kB
Slab:              36132 kB
SReclaimable:      13636 kB
SUnreclaim:        22496 kB
KernelStack:        8424 kB
PageTables:        15916 kB
NFS_Unstable:          0 kB
Bounce:                0 kB
WritebackTmp:          0 kB
CommitLimit:      675480 kB
Committed_AS:   34143312 kB
VmallocTotal:     253952 kB
VmallocUsed:       80460 kB
VmallocChunk:      49156 kB
Time pass: 43 sec

---2015-10-25 22:02:27
MemTotal:        1350964 kB
MemFree:           65332 kB
Buffers:           55004 kB
Cached:           420360 kB
SwapCached:            0 kB
Active:           820168 kB
Inactive:         175512 kB
Active(anon):     528684 kB
Inactive(anon):     4544 kB
Active(file):     291484 kB
Inactive(file):   170968 kB
Unevictable:        8304 kB
Mlocked:               0 kB
HighTotal:        802816 kB
HighFree:           1948 kB
LowTotal:         548148 kB
LowFree:           63384 kB
SwapTotal:             0 kB
SwapFree:              0 kB
Dirty:                28 kB
Writeback:             0 kB
AnonPages:        528596 kB
Mapped:           167032 kB
Shmem:              4600 kB
Slab:              36168 kB
SReclaimable:      13636 kB
SUnreclaim:        22532 kB
KernelStack:        8424 kB
PageTables:        15916 kB
NFS_Unstable:          0 kB
Bounce:                0 kB
WritebackTmp:          0 kB
CommitLimit:      675480 kB
Committed_AS:   34142252 kB
VmallocTotal:     253952 kB
VmallocUsed:       80460 kB
VmallocChunk:      49156 kB
Time pass: 46 sec

---2015-10-25 22:02:27
MemTotal:        1350964 kB
MemFree:           65720 kB
Buffers:           55016 kB
Cached:           420360 kB
SwapCached:            0 kB
Active:           820248 kB
Inactive:         175528 kB
Active(anon):     528760 kB
Inactive(anon):     4544 kB
Active(file):     291488 kB
Inactive(file):   170984 kB
Unevictable:        8304 kB
Mlocked:               0 kB
HighTotal:        802816 kB
HighFree:           1600 kB
LowTotal:         548148 kB
LowFree:           64120 kB
SwapTotal:             0 kB
SwapFree:              0 kB
Dirty:                36 kB
Writeback:             0 kB
AnonPages:        528760 kB
Mapped:           167180 kB
Shmem:              4600 kB
Slab:              36196 kB
SReclaimable:      13636 kB
SUnreclaim:        22560 kB
KernelStack:        8424 kB
PageTables:        15916 kB
NFS_Unstable:          0 kB
Bounce:                0 kB
WritebackTmp:          0 kB
CommitLimit:      675480 kB
Committed_AS:   34142204 kB
VmallocTotal:     253952 kB
VmallocUsed:       80460 kB
VmallocChunk:      49156 kB
Time pass: 50 sec

---2015-10-25 22:02:27
MemTotal:        1350964 kB
MemFree:           65276 kB
Buffers:           55016 kB
Cached:           420360 kB
SwapCached:            0 kB
Active:           820488 kB
Inactive:         175516 kB
Active(anon):     528988 kB
Inactive(anon):     4544 kB
Active(file):     291500 kB
Inactive(file):   170972 kB
Unevictable:        8304 kB
Mlocked:               0 kB
HighTotal:        802816 kB
HighFree:           1600 kB
LowTotal:         548148 kB
LowFree:           63676 kB
SwapTotal:             0 kB
SwapFree:              0 kB
Dirty:                36 kB
Writeback:             0 kB
AnonPages:        528988 kB
Mapped:           167180 kB
Shmem:              4600 kB
Slab:              36236 kB
SReclaimable:      13636 kB
SUnreclaim:        22600 kB
KernelStack:        8424 kB
PageTables:        15916 kB
NFS_Unstable:          0 kB
Bounce:                0 kB
WritebackTmp:          0 kB
CommitLimit:      675480 kB
Committed_AS:   34142352 kB
VmallocTotal:     253952 kB
VmallocUsed:       80460 kB
VmallocChunk:      49156 kB
Time pass: 54 sec

---2015-10-25 22:02:27
MemTotal:        1350964 kB
MemFree:           66496 kB
Buffers:           55020 kB
Cached:           420356 kB
SwapCached:            0 kB
Active:           820364 kB
Inactive:         175516 kB
Active(anon):     528864 kB
Inactive(anon):     4544 kB
Active(file):     291500 kB
Inactive(file):   170972 kB
Unevictable:        8304 kB
Mlocked:               0 kB
HighTotal:        802816 kB
HighFree:           1600 kB
LowTotal:         548148 kB
LowFree:           64896 kB
SwapTotal:             0 kB
SwapFree:              0 kB
Dirty:                 0 kB
Writeback:             0 kB
AnonPages:        528748 kB
Mapped:           167032 kB
Shmem:              4600 kB
Slab:              36144 kB
SReclaimable:      13636 kB
SUnreclaim:        22508 kB
KernelStack:        8424 kB
PageTables:        15912 kB
NFS_Unstable:          0 kB
Bounce:                0 kB
WritebackTmp:          0 kB
CommitLimit:      675480 kB
Committed_AS:   34142212 kB
VmallocTotal:     253952 kB
VmallocUsed:       80460 kB
VmallocChunk:      49156 kB
Time pass: 57 sec

---2015-10-25 22:02:27
MemTotal:        1350964 kB
MemFree:           66804 kB
Buffers:           55028 kB
Cached:           420360 kB
SwapCached:            0 kB
Active:           819884 kB
Inactive:         175520 kB
Active(anon):     528376 kB
Inactive(anon):     4544 kB
Active(file):     291508 kB
Inactive(file):   170976 kB
Unevictable:        8304 kB
Mlocked:               0 kB
HighTotal:        802816 kB
HighFree:           1600 kB
LowTotal:         548148 kB
LowFree:           65204 kB
SwapTotal:             0 kB
SwapFree:              0 kB
Dirty:                36 kB
Writeback:             0 kB
AnonPages:        528372 kB
Mapped:           167180 kB
Shmem:              4600 kB
Slab:              36164 kB
SReclaimable:      13636 kB
SUnreclaim:        22528 kB
KernelStack:        8424 kB
PageTables:        15916 kB
NFS_Unstable:          0 kB
Bounce:                0 kB
WritebackTmp:          0 kB
CommitLimit:      675480 kB
Committed_AS:   34142644 kB
VmallocTotal:     253952 kB
VmallocUsed:       80460 kB
VmallocChunk:      49156 kB
Time pass: 61 sec

---2015-10-25 22:02:27
MemTotal:        1350964 kB
MemFree:           67168 kB
Buffers:           55028 kB
Cached:           420360 kB
SwapCached:            0 kB
Active:           819840 kB
Inactive:         175520 kB
Active(anon):     528332 kB
Inactive(anon):     4544 kB
Active(file):     291508 kB
Inactive(file):   170976 kB
Unevictable:        8304 kB
Mlocked:               0 kB
HighTotal:        802816 kB
HighFree:           1600 kB
LowTotal:         548148 kB
LowFree:           65568 kB
SwapTotal:             0 kB
SwapFree:              0 kB
Dirty:                 0 kB
Writeback:             0 kB
AnonPages:        528180 kB
Mapped:           167180 kB
Shmem:              4600 kB
Slab:              36232 kB
SReclaimable:      13636 kB
SUnreclaim:        22596 kB
KernelStack:        8424 kB
PageTables:        15916 kB
NFS_Unstable:          0 kB
Bounce:                0 kB
WritebackTmp:          0 kB
CommitLimit:      675480 kB
Committed_AS:   34142640 kB
VmallocTotal:     253952 kB
VmallocUsed:       80460 kB
VmallocChunk:      49156 kB
Time pass: 64 sec

---2015-10-25 22:02:27
MemTotal:        1350964 kB
MemFree:           67276 kB
Buffers:           55032 kB
Cached:           420360 kB
SwapCached:            0 kB
Active:           819932 kB
Inactive:         175516 kB
Active(anon):     528416 kB
Inactive(anon):     4544 kB
Active(file):     291516 kB
Inactive(file):   170972 kB
Unevictable:        8304 kB
Mlocked:               0 kB
HighTotal:        802816 kB
HighFree:           1600 kB
LowTotal:         548148 kB
LowFree:           65676 kB
SwapTotal:             0 kB
SwapFree:              0 kB
Dirty:                36 kB
Writeback:             0 kB
AnonPages:        528400 kB
Mapped:           167032 kB
Shmem:              4600 kB
Slab:              36324 kB
SReclaimable:      13636 kB
SUnreclaim:        22688 kB
KernelStack:        8440 kB
PageTables:        15916 kB
NFS_Unstable:          0 kB
Bounce:                0 kB
WritebackTmp:          0 kB
CommitLimit:      675480 kB
Committed_AS:   34142628 kB
VmallocTotal:     253952 kB
VmallocUsed:       80460 kB
VmallocChunk:      49156 kB
Time pass: 68 sec

---2015-10-25 22:02:27
MemTotal:        1350964 kB
MemFree:           67144 kB
Buffers:           55040 kB
Cached:           420352 kB
SwapCached:            0 kB
Active:           819800 kB
Inactive:         175516 kB
Active(anon):     528284 kB
Inactive(anon):     4544 kB
Active(file):     291516 kB
Inactive(file):   170972 kB
Unevictable:        8304 kB
Mlocked:               0 kB
HighTotal:        802816 kB
HighFree:           1600 kB
LowTotal:         548148 kB
LowFree:           65544 kB
SwapTotal:             0 kB
SwapFree:              0 kB
Dirty:                 0 kB
Writeback:             0 kB
AnonPages:        528244 kB
Mapped:           167180 kB
Shmem:              4600 kB
Slab:              36228 kB
SReclaimable:      13636 kB
SUnreclaim:        22592 kB
KernelStack:        8432 kB
PageTables:        15916 kB
NFS_Unstable:          0 kB
Bounce:                0 kB
WritebackTmp:          0 kB
CommitLimit:      675480 kB
Committed_AS:   34142512 kB
VmallocTotal:     253952 kB
VmallocUsed:       80460 kB
VmallocChunk:      49156 kB
Time pass: 71 sec

---2015-10-25 22:02:27
MemTotal:        1350964 kB
MemFree:           67144 kB
Buffers:           55040 kB
Cached:           420360 kB
SwapCached:            0 kB
Active:           819240 kB
Inactive:         175524 kB
Active(anon):     527724 kB
Inactive(anon):     4544 kB
Active(file):     291516 kB
Inactive(file):   170980 kB
Unevictable:        8304 kB
Mlocked:               0 kB
HighTotal:        802816 kB
HighFree:           1848 kB
LowTotal:         548148 kB
LowFree:           65296 kB
SwapTotal:             0 kB
SwapFree:              0 kB
Dirty:                36 kB
Writeback:             0 kB
AnonPages:        527792 kB
Mapped:           167132 kB
Shmem:              4600 kB
Slab:              36260 kB
SReclaimable:      13636 kB
SUnreclaim:        22624 kB
KernelStack:        8440 kB
PageTables:        15900 kB
NFS_Unstable:          0 kB
Bounce:                0 kB
WritebackTmp:          0 kB
CommitLimit:      675480 kB
Committed_AS:   34142624 kB
VmallocTotal:     253952 kB
VmallocUsed:       80460 kB
VmallocChunk:      49156 kB
Time pass: 75 sec

---2015-10-25 22:02:27
MemTotal:        1350964 kB
MemFree:           67236 kB
Buffers:           55044 kB
Cached:           420360 kB
SwapCached:            0 kB
Active:           818964 kB
Inactive:         175524 kB
Active(anon):     527448 kB
Inactive(anon):     4544 kB
Active(file):     291516 kB
Inactive(file):   170980 kB
Unevictable:        8304 kB
Mlocked:               0 kB
HighTotal:        802816 kB
HighFree:           2700 kB
LowTotal:         548148 kB
LowFree:           64536 kB
SwapTotal:             0 kB
SwapFree:              0 kB
Dirty:                28 kB
Writeback:             0 kB
AnonPages:        527380 kB
Mapped:           167180 kB
Shmem:              4600 kB
Slab:              36228 kB
SReclaimable:      13636 kB
SUnreclaim:        22592 kB
KernelStack:        8424 kB
PageTables:        15912 kB
NFS_Unstable:          0 kB
Bounce:                0 kB
WritebackTmp:          0 kB
CommitLimit:      675480 kB
Committed_AS:   34141468 kB
VmallocTotal:     253952 kB
VmallocUsed:       80460 kB
VmallocChunk:      49156 kB
Time pass: 79 sec

---2015-10-25 22:02:27
MemTotal:        1350964 kB
MemFree:           67188 kB
Buffers:           55048 kB
Cached:           420360 kB
SwapCached:            0 kB
Active:           819012 kB
Inactive:         175528 kB
Active(anon):     527492 kB
Inactive(anon):     4544 kB
Active(file):     291520 kB
Inactive(file):   170984 kB
Unevictable:        8304 kB
Mlocked:               0 kB
HighTotal:        802816 kB
HighFree:           1600 kB
LowTotal:         548148 kB
LowFree:           65588 kB
SwapTotal:             0 kB
SwapFree:              0 kB
Dirty:                 0 kB
Writeback:             0 kB
AnonPages:        527716 kB
Mapped:           167180 kB
Shmem:              4600 kB
Slab:              36264 kB
SReclaimable:      13636 kB
SUnreclaim:        22628 kB
KernelStack:        8424 kB
PageTables:        15912 kB
NFS_Unstable:          0 kB
Bounce:                0 kB
WritebackTmp:          0 kB
CommitLimit:      675480 kB
Committed_AS:   34142612 kB
VmallocTotal:     253952 kB
VmallocUsed:       80460 kB
VmallocChunk:      49156 kB
Time pass: 83 sec

---2015-10-25 22:02:27
MemTotal:        1350964 kB
MemFree:          221348 kB
Buffers:           55208 kB
Cached:           419908 kB
SwapCached:            0 kB
Active:           747956 kB
Inactive:         175176 kB
Active(anon):     456380 kB
Inactive(anon):     3728 kB
Active(file):     291576 kB
Inactive(file):   171448 kB
Unevictable:        8304 kB
Mlocked:               0 kB
HighTotal:        802816 kB
HighFree:          89888 kB
LowTotal:         548148 kB
LowFree:          131460 kB
SwapTotal:             0 kB
SwapFree:              0 kB
Dirty:               204 kB
Writeback:           100 kB
AnonPages:        456332 kB
Mapped:           138296 kB
Shmem:              3780 kB
Slab:              36196 kB
SReclaimable:      13636 kB
SUnreclaim:        22560 kB
KernelStack:        7688 kB
PageTables:        14780 kB
NFS_Unstable:          0 kB
Bounce:                0 kB
WritebackTmp:          0 kB
CommitLimit:      675480 kB
Committed_AS:   33074744 kB
VmallocTotal:     253952 kB
VmallocUsed:       77356 kB
VmallocChunk:      56324 kB
Time pass: 87 sec

---2015-10-25 22:02:27
MemTotal:        1350964 kB
MemFree:          241708 kB
Buffers:           55228 kB
Cached:           419912 kB
SwapCached:            0 kB
Active:           750896 kB
Inactive:         175368 kB
Active(anon):     459480 kB
Inactive(anon):     3724 kB
Active(file):     291416 kB
Inactive(file):   171644 kB
Unevictable:        8304 kB
Mlocked:               0 kB
HighTotal:        802816 kB
HighFree:         101964 kB
LowTotal:         548148 kB
LowFree:          139744 kB
SwapTotal:             0 kB
SwapFree:              0 kB
Dirty:               652 kB
Writeback:             0 kB
AnonPages:        459528 kB
Mapped:           152304 kB
Shmem:              3776 kB
Slab:              36196 kB
SReclaimable:      13636 kB
SUnreclaim:        22560 kB
KernelStack:        7752 kB
PageTables:        15284 kB
NFS_Unstable:          0 kB
Bounce:                0 kB
WritebackTmp:          0 kB
CommitLimit:      675480 kB
Committed_AS:   33942592 kB
VmallocTotal:     253952 kB
VmallocUsed:       78500 kB
VmallocChunk:      56324 kB
Time pass: 90 sec

---2015-10-25 22:02:27
MemTotal:        1350964 kB
MemFree:          185104 kB
Buffers:           55228 kB
Cached:           420064 kB
SwapCached:            0 kB
Active:           761308 kB
Inactive:         175312 kB
Active(anon):     469684 kB
Inactive(anon):     3856 kB
Active(file):     291624 kB
Inactive(file):   171456 kB
Unevictable:        8304 kB
Mlocked:               0 kB
HighTotal:        802816 kB
HighFree:          56408 kB
LowTotal:         548148 kB
LowFree:          128696 kB
SwapTotal:             0 kB
SwapFree:              0 kB
Dirty:               960 kB
Writeback:             0 kB
AnonPages:        469660 kB
Mapped:           158744 kB
Shmem:              3908 kB
Slab:              36196 kB
SReclaimable:      13636 kB
SUnreclaim:        22560 kB
KernelStack:        8048 kB
PageTables:        15464 kB
NFS_Unstable:          0 kB
Bounce:                0 kB
WritebackTmp:          0 kB
CommitLimit:      675480 kB
Committed_AS:   34020268 kB
VmallocTotal:     253952 kB
VmallocUsed:       79256 kB
VmallocChunk:      56324 kB
Time pass: 94 sec

---2015-10-25 22:02:27
MemTotal:        1350964 kB
MemFree:          166632 kB
Buffers:           55228 kB
Cached:           420072 kB
SwapCached:            0 kB
Active:           764396 kB
Inactive:         175308 kB
Active(anon):     472760 kB
Inactive(anon):     3856 kB
Active(file):     291636 kB
Inactive(file):   171452 kB
Unevictable:        8304 kB
Mlocked:               0 kB
HighTotal:        802816 kB
HighFree:          45372 kB
LowTotal:         548148 kB
LowFree:          121260 kB
SwapTotal:             0 kB
SwapFree:              0 kB
Dirty:               432 kB
Writeback:             0 kB
AnonPages:        472732 kB
Mapped:           160116 kB
Shmem:              3908 kB
Slab:              36196 kB
SReclaimable:      13636 kB
SUnreclaim:        22560 kB
KernelStack:        8080 kB
PageTables:        15504 kB
NFS_Unstable:          0 kB
Bounce:                0 kB
WritebackTmp:          0 kB
CommitLimit:      675480 kB
Committed_AS:   34035520 kB
VmallocTotal:     253952 kB
VmallocUsed:       79256 kB
VmallocChunk:      56324 kB
Time pass: 97 sec

---2015-10-25 22:02:27
MemTotal:        1350964 kB
MemFree:          164232 kB
Buffers:           55232 kB
Cached:           420084 kB
SwapCached:            0 kB
Active:           764256 kB
Inactive:         175312 kB
Active(anon):     472620 kB
Inactive(anon):     3860 kB
Active(file):     291636 kB
Inactive(file):   171452 kB
Unevictable:        8304 kB
Mlocked:               0 kB
HighTotal:        802816 kB
HighFree:          45248 kB
LowTotal:         548148 kB
LowFree:          118984 kB
SwapTotal:             0 kB
SwapFree:              0 kB
Dirty:                76 kB
Writeback:             0 kB
AnonPages:        472524 kB
Mapped:           160248 kB
Shmem:              3912 kB
Slab:              36196 kB
SReclaimable:      13636 kB
SUnreclaim:        22560 kB
KernelStack:        8088 kB
PageTables:        15512 kB
NFS_Unstable:          0 kB
Bounce:                0 kB
WritebackTmp:          0 kB
CommitLimit:      675480 kB
Committed_AS:   34038416 kB
VmallocTotal:     253952 kB
VmallocUsed:       79256 kB
VmallocChunk:      56324 kB
Time pass: 101 sec

---2015-10-25 22:02:27
MemTotal:        1350964 kB
MemFree:          143520 kB
Buffers:           55248 kB
Cached:           420260 kB
SwapCached:            0 kB
Active:           779788 kB
Inactive:         175476 kB
Active(anon):     488112 kB
Inactive(anon):     3860 kB
Active(file):     291676 kB
Inactive(file):   171616 kB
Unevictable:        8304 kB
Mlocked:               0 kB
HighTotal:        802816 kB
HighFree:          29004 kB
LowTotal:         548148 kB
LowFree:          114516 kB
SwapTotal:             0 kB
SwapFree:              0 kB
Dirty:               380 kB
Writeback:             0 kB
AnonPages:        488124 kB
Mapped:           162048 kB
Shmem:              3912 kB
Slab:              36196 kB
SReclaimable:      13636 kB
SUnreclaim:        22560 kB
KernelStack:        8152 kB
PageTables:        15568 kB
NFS_Unstable:          0 kB
Bounce:                0 kB
WritebackTmp:          0 kB
CommitLimit:      675480 kB
Committed_AS:   34061148 kB
VmallocTotal:     253952 kB
VmallocUsed:       79256 kB
VmallocChunk:      56324 kB
Time pass: 105 sec

---2015-10-25 22:02:27
MemTotal:        1350964 kB
MemFree:          114900 kB
Buffers:           55248 kB
Cached:           420260 kB
SwapCached:            0 kB
Active:           781064 kB
Inactive:         175436 kB
Active(anon):     489348 kB
Inactive(anon):     3860 kB
Active(file):     291716 kB
Inactive(file):   171576 kB
Unevictable:        8304 kB
Mlocked:               0 kB
HighTotal:        802816 kB
HighFree:          13440 kB
LowTotal:         548148 kB
LowFree:          101460 kB
SwapTotal:             0 kB
SwapFree:              0 kB
Dirty:              3884 kB
Writeback:             0 kB
AnonPages:        489288 kB
Mapped:           162188 kB
Shmem:              3912 kB
Slab:              36196 kB
SReclaimable:      13636 kB
SUnreclaim:        22560 kB
KernelStack:        8152 kB
PageTables:        15620 kB
NFS_Unstable:          0 kB
Bounce:                0 kB
WritebackTmp:          0 kB
CommitLimit:      675480 kB
Committed_AS:   34087188 kB
VmallocTotal:     253952 kB
VmallocUsed:       79256 kB
VmallocChunk:      56324 kB
Time pass: 108 sec

---2015-10-25 22:02:27
MemTotal:        1350964 kB
MemFree:          110920 kB
Buffers:           55252 kB
Cached:           420420 kB
SwapCached:            0 kB
Active:           782448 kB
Inactive:         175704 kB
Active(anon):     490772 kB
Inactive(anon):     3860 kB
Active(file):     291676 kB
Inactive(file):   171844 kB
Unevictable:        8304 kB
Mlocked:               0 kB
HighTotal:        802816 kB
HighFree:           9660 kB
LowTotal:         548148 kB
LowFree:          101260 kB
SwapTotal:             0 kB
SwapFree:              0 kB
Dirty:               776 kB
Writeback:             0 kB
AnonPages:        490868 kB
Mapped:           162356 kB
Shmem:              3912 kB
Slab:              36228 kB
SReclaimable:      13636 kB
SUnreclaim:        22592 kB
KernelStack:        8152 kB
PageTables:        15628 kB
NFS_Unstable:          0 kB
Bounce:                0 kB
WritebackTmp:          0 kB
CommitLimit:      675480 kB
Committed_AS:   34091460 kB
VmallocTotal:     253952 kB
VmallocUsed:       79256 kB
VmallocChunk:      56324 kB
Time pass: 112 sec

---2015-10-25 22:02:27
MemTotal:        1350964 kB
MemFree:          109032 kB
Buffers:           55252 kB
Cached:           420440 kB
SwapCached:            0 kB
Active:           781700 kB
Inactive:         175612 kB
Active(anon):     489976 kB
Inactive(anon):     3860 kB
Active(file):     291724 kB
Inactive(file):   171752 kB
Unevictable:        8304 kB
Mlocked:               0 kB
HighTotal:        802816 kB
HighFree:           8124 kB
LowTotal:         548148 kB
LowFree:          100908 kB
SwapTotal:             0 kB
SwapFree:              0 kB
Dirty:               176 kB
Writeback:             0 kB
AnonPages:        489980 kB
Mapped:           162236 kB
Shmem:              3912 kB
Slab:              36228 kB
SReclaimable:      13636 kB
SUnreclaim:        22592 kB
KernelStack:        8152 kB
PageTables:        15640 kB
NFS_Unstable:          0 kB
Bounce:                0 kB
WritebackTmp:          0 kB
CommitLimit:      675480 kB
Committed_AS:   34092444 kB
VmallocTotal:     253952 kB
VmallocUsed:       79256 kB
VmallocChunk:      56324 kB
Time pass: 116 sec

---2015-10-25 22:02:27
MemTotal:        1350964 kB
MemFree:          109280 kB
Buffers:           55252 kB
Cached:           420440 kB
SwapCached:            0 kB
Active:           781676 kB
Inactive:         175608 kB
Active(anon):     489948 kB
Inactive(anon):     3860 kB
Active(file):     291728 kB
Inactive(file):   171748 kB
Unevictable:        8304 kB
Mlocked:               0 kB
HighTotal:        802816 kB
HighFree:           8396 kB
LowTotal:         548148 kB
LowFree:          100884 kB
SwapTotal:             0 kB
SwapFree:              0 kB
Dirty:               112 kB
Writeback:             0 kB
AnonPages:        490044 kB
Mapped:           162384 kB
Shmem:              3912 kB
Slab:              36228 kB
SReclaimable:      13636 kB
SUnreclaim:        22592 kB
KernelStack:        8152 kB
PageTables:        15636 kB
NFS_Unstable:          0 kB
Bounce:                0 kB
WritebackTmp:          0 kB
CommitLimit:      675480 kB
Committed_AS:   34092296 kB
VmallocTotal:     253952 kB
VmallocUsed:       79256 kB
VmallocChunk:      56324 kB
Time pass: 119 sec

---2015-10-25 22:02:27
MemTotal:        1350964 kB
MemFree:          101760 kB
Buffers:           55256 kB
Cached:           420440 kB
SwapCached:            0 kB
Active:           785056 kB
Inactive:         175596 kB
Active(anon):     493316 kB
Inactive(anon):     3860 kB
Active(file):     291740 kB
Inactive(file):   171736 kB
Unevictable:        8304 kB
Mlocked:               0 kB
HighTotal:        802816 kB
HighFree:           2124 kB
LowTotal:         548148 kB
LowFree:           99636 kB
SwapTotal:             0 kB
SwapFree:              0 kB
Dirty:               376 kB
Writeback:             0 kB
AnonPages:        493328 kB
Mapped:           162616 kB
Shmem:              3912 kB
Slab:              36228 kB
SReclaimable:      13636 kB
SUnreclaim:        22592 kB
KernelStack:        8152 kB
PageTables:        15636 kB
NFS_Unstable:          0 kB
Bounce:                0 kB
WritebackTmp:          0 kB
CommitLimit:      675480 kB
Committed_AS:   34099588 kB
VmallocTotal:     253952 kB
VmallocUsed:       79256 kB
VmallocChunk:      56324 kB
Time pass: 122 sec

---2015-10-25 22:02:27
MemTotal:        1350964 kB
MemFree:           99100 kB
Buffers:           55256 kB
Cached:           420452 kB
SwapCached:            0 kB
Active:           785548 kB
Inactive:         175600 kB
Active(anon):     493796 kB
Inactive(anon):     3860 kB
Active(file):     291752 kB
Inactive(file):   171740 kB
Unevictable:        8304 kB
Mlocked:               0 kB
HighTotal:        802816 kB
HighFree:           1600 kB
LowTotal:         548148 kB
LowFree:           97500 kB
SwapTotal:             0 kB
SwapFree:              0 kB
Dirty:                88 kB
Writeback:            56 kB
AnonPages:        493732 kB
Mapped:           162644 kB
Shmem:              3912 kB
Slab:              36244 kB
SReclaimable:      13636 kB
SUnreclaim:        22608 kB
KernelStack:        8160 kB
PageTables:        15664 kB
NFS_Unstable:          0 kB
Bounce:                0 kB
WritebackTmp:          0 kB
CommitLimit:      675480 kB
Committed_AS:   34102636 kB
VmallocTotal:     253952 kB
VmallocUsed:       79256 kB
VmallocChunk:      56324 kB
Time pass: 126 sec

---2015-10-25 22:02:27
MemTotal:        1350964 kB
MemFree:           98696 kB
Buffers:           55256 kB
Cached:           420452 kB
SwapCached:            0 kB
Active:           785648 kB
Inactive:         175600 kB
Active(anon):     493896 kB
Inactive(anon):     3860 kB
Active(file):     291752 kB
Inactive(file):   171740 kB
Unevictable:        8304 kB
Mlocked:               0 kB
HighTotal:        802816 kB
HighFree:           1600 kB
LowTotal:         548148 kB
LowFree:           97096 kB
SwapTotal:             0 kB
SwapFree:              0 kB
Dirty:                40 kB
Writeback:             0 kB
AnonPages:        493792 kB
Mapped:           162792 kB
Shmem:              3912 kB
Slab:              36244 kB
SReclaimable:      13636 kB
SUnreclaim:        22608 kB
KernelStack:        8160 kB
PageTables:        15664 kB
NFS_Unstable:          0 kB
Bounce:                0 kB
WritebackTmp:          0 kB
CommitLimit:      675480 kB
Committed_AS:   34102564 kB
VmallocTotal:     253952 kB
VmallocUsed:       79256 kB
VmallocChunk:      56324 kB
Time pass: 130 sec

---2015-10-25 22:02:27
MemTotal:        1350964 kB
MemFree:           98200 kB
Buffers:           55256 kB
Cached:           420452 kB
SwapCached:            0 kB
Active:           785904 kB
Inactive:         175600 kB
Active(anon):     494152 kB
Inactive(anon):     3860 kB
Active(file):     291752 kB
Inactive(file):   171740 kB
Unevictable:        8304 kB
Mlocked:               0 kB
HighTotal:        802816 kB
HighFree:           1600 kB
LowTotal:         548148 kB
LowFree:           96600 kB
SwapTotal:             0 kB
SwapFree:              0 kB
Dirty:                 4 kB
Writeback:             0 kB
AnonPages:        494156 kB
Mapped:           163484 kB
Shmem:              3912 kB
Slab:              36244 kB
SReclaimable:      13636 kB
SUnreclaim:        22608 kB
KernelStack:        8160 kB
PageTables:        15664 kB
NFS_Unstable:          0 kB
Bounce:                0 kB
WritebackTmp:          0 kB
CommitLimit:      675480 kB
Committed_AS:   34102888 kB
VmallocTotal:     253952 kB
VmallocUsed:       79256 kB
VmallocChunk:      56324 kB
Time pass: 133 sec

---2015-10-25 22:02:27
MemTotal:        1350964 kB
MemFree:           88220 kB
Buffers:           55264 kB
Cached:           420580 kB
SwapCached:            0 kB
Active:           795600 kB
Inactive:         175708 kB
Active(anon):     503824 kB
Inactive(anon):     3976 kB
Active(file):     291776 kB
Inactive(file):   171732 kB
Unevictable:        8304 kB
Mlocked:               0 kB
HighTotal:        802816 kB
HighFree:           1600 kB
LowTotal:         548148 kB
LowFree:           86620 kB
SwapTotal:             0 kB
SwapFree:              0 kB
Dirty:                56 kB
Writeback:             0 kB
AnonPages:        503728 kB
Mapped:           166064 kB
Shmem:              4032 kB
Slab:              36308 kB
SReclaimable:      13636 kB
SUnreclaim:        22672 kB
KernelStack:        8352 kB
PageTables:        15780 kB
NFS_Unstable:          0 kB
Bounce:                0 kB
WritebackTmp:          0 kB
CommitLimit:      675480 kB
Committed_AS:   34128124 kB
VmallocTotal:     253952 kB
VmallocUsed:       79452 kB
VmallocChunk:      56324 kB
Time pass: 136 sec

---2015-10-25 22:02:27
MemTotal:        1350964 kB
MemFree:           82888 kB
Buffers:           55264 kB
Cached:           420604 kB
SwapCached:            0 kB
Active:           797512 kB
Inactive:         175732 kB
Active(anon):     505736 kB
Inactive(anon):     4000 kB
Active(file):     291776 kB
Inactive(file):   171732 kB
Unevictable:        8304 kB
Mlocked:               0 kB
HighTotal:        802816 kB
HighFree:           1600 kB
LowTotal:         548148 kB
LowFree:           81288 kB
SwapTotal:             0 kB
SwapFree:              0 kB
Dirty:                 4 kB
Writeback:             0 kB
AnonPages:        505776 kB
Mapped:           166248 kB
Shmem:              4056 kB
Slab:              36308 kB
SReclaimable:      13636 kB
SUnreclaim:        22672 kB
KernelStack:        8368 kB
PageTables:        15860 kB
NFS_Unstable:          0 kB
Bounce:                0 kB
WritebackTmp:          0 kB
CommitLimit:      675480 kB
Committed_AS:   34132040 kB
VmallocTotal:     253952 kB
VmallocUsed:       79788 kB
VmallocChunk:      56324 kB
Time pass: 140 sec

---2015-10-25 22:02:27
MemTotal:        1350964 kB
MemFree:           79448 kB
Buffers:           55264 kB
Cached:           420560 kB
SwapCached:            0 kB
Active:           799616 kB
Inactive:         175680 kB
Active(anon):     507832 kB
Inactive(anon):     3956 kB
Active(file):     291784 kB
Inactive(file):   171724 kB
Unevictable:        8304 kB
Mlocked:               0 kB
HighTotal:        802816 kB
HighFree:           1600 kB
LowTotal:         548148 kB
LowFree:           77848 kB
SwapTotal:             0 kB
SwapFree:              0 kB
Dirty:                36 kB
Writeback:             0 kB
AnonPages:        507792 kB
Mapped:           166204 kB
Shmem:              4012 kB
Slab:              36308 kB
SReclaimable:      13636 kB
SUnreclaim:        22672 kB
KernelStack:        8368 kB
PageTables:        15812 kB
NFS_Unstable:          0 kB
Bounce:                0 kB
WritebackTmp:          0 kB
CommitLimit:      675480 kB
Committed_AS:   34135072 kB
VmallocTotal:     253952 kB
VmallocUsed:       80124 kB
VmallocChunk:      56324 kB
Time pass: 144 sec

---2015-10-25 22:02:27
MemTotal:        1350964 kB
MemFree:           55672 kB
Buffers:           55280 kB
Cached:           420464 kB
SwapCached:            0 kB
Active:           805532 kB
Inactive:         175600 kB
Active(anon):     513744 kB
Inactive(anon):     3860 kB
Active(file):     291788 kB
Inactive(file):   171740 kB
Unevictable:        8304 kB
Mlocked:               0 kB
HighTotal:        802816 kB
HighFree:           1600 kB
LowTotal:         548148 kB
LowFree:           54072 kB
SwapTotal:             0 kB
SwapFree:              0 kB
Dirty:                96 kB
Writeback:             0 kB
AnonPages:        513728 kB
Mapped:           165988 kB
Shmem:              3912 kB
Slab:              36308 kB
SReclaimable:      13636 kB
SUnreclaim:        22672 kB
KernelStack:        8400 kB
PageTables:        15908 kB
NFS_Unstable:          0 kB
Bounce:                0 kB
WritebackTmp:          0 kB
CommitLimit:      675480 kB
Committed_AS:   35152144 kB
VmallocTotal:     253952 kB
VmallocUsed:       79920 kB
VmallocChunk:      56324 kB
Time pass: 147 sec

---2015-10-25 22:02:27
MemTotal:        1350964 kB
MemFree:          224712 kB
Buffers:           55308 kB
Cached:           420328 kB
SwapCached:            0 kB
Active:           749184 kB
Inactive:         175380 kB
Active(anon):     457284 kB
Inactive(anon):     3724 kB
Active(file):     291900 kB
Inactive(file):   171656 kB
Unevictable:        8304 kB
Mlocked:               0 kB
HighTotal:        802816 kB
HighFree:         109280 kB
LowTotal:         548148 kB
LowFree:          115432 kB
SwapTotal:             0 kB
SwapFree:              0 kB
Dirty:               132 kB
Writeback:             0 kB
AnonPages:        457368 kB
Mapped:           138568 kB
Shmem:              3776 kB
Slab:              36328 kB
SReclaimable:      13636 kB
SUnreclaim:        22692 kB
KernelStack:        7768 kB
PageTables:        14848 kB
NFS_Unstable:          0 kB
Bounce:                0 kB
WritebackTmp:          0 kB
CommitLimit:      675480 kB
Committed_AS:   34066112 kB
VmallocTotal:     253952 kB
VmallocUsed:       77356 kB
VmallocChunk:      56324 kB
Time pass: 151 sec

---2015-10-25 22:02:27
MemTotal:        1350964 kB
MemFree:          217384 kB
Buffers:           55308 kB
Cached:           420328 kB
SwapCached:            0 kB
Active:           753004 kB
Inactive:         175380 kB
Active(anon):     461104 kB
Inactive(anon):     3724 kB
Active(file):     291900 kB
Inactive(file):   171656 kB
Unevictable:        8304 kB
Mlocked:               0 kB
HighTotal:        802816 kB
HighFree:         105760 kB
LowTotal:         548148 kB
LowFree:          111624 kB
SwapTotal:             0 kB
SwapFree:              0 kB
Dirty:                 0 kB
Writeback:             0 kB
AnonPages:        461096 kB
Mapped:           138624 kB
Shmem:              3776 kB
Slab:              36288 kB
SReclaimable:      13636 kB
SUnreclaim:        22652 kB
KernelStack:        7784 kB
PageTables:        14984 kB
NFS_Unstable:          0 kB
Bounce:                0 kB
WritebackTmp:          0 kB
CommitLimit:      675480 kB
Committed_AS:   34076636 kB
VmallocTotal:     253952 kB
VmallocUsed:       78376 kB
VmallocChunk:      56324 kB
Time pass: 154 sec

---2015-10-25 22:02:27
MemTotal:        1350964 kB
MemFree:          218304 kB
Buffers:           55308 kB
Cached:           420328 kB
SwapCached:            0 kB
Active:           752716 kB
Inactive:         175372 kB
Active(anon):     460808 kB
Inactive(anon):     3724 kB
Active(file):     291908 kB
Inactive(file):   171648 kB
Unevictable:        8304 kB
Mlocked:               0 kB
HighTotal:        802816 kB
HighFree:         106752 kB
LowTotal:         548148 kB
LowFree:          111552 kB
SwapTotal:             0 kB
SwapFree:              0 kB
Dirty:                44 kB
Writeback:             0 kB
AnonPages:        460992 kB
Mapped:           138564 kB
Shmem:              3776 kB
Slab:              36288 kB
SReclaimable:      13636 kB
SUnreclaim:        22652 kB
KernelStack:        7848 kB
PageTables:        15184 kB
NFS_Unstable:          0 kB
Bounce:                0 kB
WritebackTmp:          0 kB
CommitLimit:      675480 kB
Committed_AS:   35073744 kB
VmallocTotal:     253952 kB
VmallocUsed:       77356 kB
VmallocChunk:      56324 kB
Time pass: 157 sec

---2015-10-25 22:02:27
MemTotal:        1350964 kB
MemFree:          222184 kB
Buffers:           55308 kB
Cached:           420328 kB
SwapCached:            0 kB
Active:           747172 kB
Inactive:         175372 kB
Active(anon):     455264 kB
Inactive(anon):     3724 kB
Active(file):     291908 kB
Inactive(file):   171648 kB
Unevictable:        8304 kB
Mlocked:               0 kB
HighTotal:        802816 kB
HighFree:         110300 kB
LowTotal:         548148 kB
LowFree:          111884 kB
SwapTotal:             0 kB
SwapFree:              0 kB
Dirty:                 0 kB
Writeback:             0 kB
AnonPages:        455120 kB
Mapped:           138292 kB
Shmem:              3776 kB
Slab:              36284 kB
SReclaimable:      13636 kB
SUnreclaim:        22648 kB
KernelStack:        7696 kB
PageTables:        14792 kB
NFS_Unstable:          0 kB
Bounce:                0 kB
WritebackTmp:          0 kB
CommitLimit:      675480 kB
Committed_AS:   33074876 kB
VmallocTotal:     253952 kB
VmallocUsed:       77356 kB
VmallocChunk:      56324 kB
Time pass: 161 sec

---2015-10-25 22:02:27
MemTotal:        1350964 kB
MemFree:          222876 kB
Buffers:           55308 kB
Cached:           420328 kB
SwapCached:            0 kB
Active:           746432 kB
Inactive:         175372 kB
Active(anon):     454524 kB
Inactive(anon):     3724 kB
Active(file):     291908 kB
Inactive(file):   171648 kB
Unevictable:        8304 kB
Mlocked:               0 kB
HighTotal:        802816 kB
HighFree:         110720 kB
LowTotal:         548148 kB
LowFree:          112156 kB
SwapTotal:             0 kB
SwapFree:              0 kB
Dirty:                 0 kB
Writeback:             0 kB
AnonPages:        454564 kB
Mapped:           138440 kB
Shmem:              3776 kB
Slab:              36284 kB
SReclaimable:      13636 kB
SUnreclaim:        22648 kB
KernelStack:        7696 kB
PageTables:        14796 kB
NFS_Unstable:          0 kB
Bounce:                0 kB
WritebackTmp:          0 kB
CommitLimit:      675480 kB
Committed_AS:   33074848 kB
VmallocTotal:     253952 kB
VmallocUsed:       77356 kB
VmallocChunk:      56324 kB
Time pass: 164 sec

---2015-10-25 22:02:27
MemTotal:        1350964 kB
MemFree:          223232 kB
Buffers:           55308 kB
Cached:           420328 kB
SwapCached:            0 kB
Active:           746428 kB
Inactive:         175372 kB
Active(anon):     454520 kB
Inactive(anon):     3724 kB
Active(file):     291908 kB
Inactive(file):   171648 kB
Unevictable:        8304 kB
Mlocked:               0 kB
HighTotal:        802816 kB
HighFree:         110968 kB
LowTotal:         548148 kB
LowFree:          112264 kB
SwapTotal:             0 kB
SwapFree:              0 kB
Dirty:                 0 kB
Writeback:             0 kB
AnonPages:        454572 kB
Mapped:           138440 kB
Shmem:              3776 kB
Slab:              36284 kB
SReclaimable:      13636 kB
SUnreclaim:        22648 kB
KernelStack:        7696 kB
PageTables:        14776 kB
NFS_Unstable:          0 kB
Bounce:                0 kB
WritebackTmp:          0 kB
CommitLimit:      675480 kB
Committed_AS:   33074736 kB
VmallocTotal:     253952 kB
VmallocUsed:       77356 kB
VmallocChunk:      56324 kB
Time pass: 168 sec

---2015-10-25 22:02:27
MemTotal:        1350964 kB
MemFree:          223124 kB
Buffers:           55308 kB
Cached:           420328 kB
SwapCached:            0 kB
Active:           746484 kB
Inactive:         175372 kB
Active(anon):     454576 kB
Inactive(anon):     3724 kB
Active(file):     291908 kB
Inactive(file):   171648 kB
Unevictable:        8304 kB
Mlocked:               0 kB
HighTotal:        802816 kB
HighFree:         110968 kB
LowTotal:         548148 kB
LowFree:          112156 kB
SwapTotal:             0 kB
SwapFree:              0 kB
Dirty:                 0 kB
Writeback:             0 kB
AnonPages:        454664 kB
Mapped:           138440 kB
Shmem:              3776 kB
Slab:              36284 kB
SReclaimable:      13636 kB
SUnreclaim:        22648 kB
KernelStack:        7696 kB
PageTables:        14796 kB
NFS_Unstable:          0 kB
Bounce:                0 kB
WritebackTmp:          0 kB
CommitLimit:      675480 kB
Committed_AS:   33074812 kB
VmallocTotal:     253952 kB
VmallocUsed:       77356 kB
VmallocChunk:      56324 kB
Time pass: 171 sec

---2015-10-25 22:02:27
MemTotal:        1350964 kB
MemFree:          223084 kB
Buffers:           55308 kB
Cached:           420328 kB
SwapCached:            0 kB
Active:           746492 kB
Inactive:         175372 kB
Active(anon):     454584 kB
Inactive(anon):     3724 kB
Active(file):     291908 kB
Inactive(file):   171648 kB
Unevictable:        8304 kB
Mlocked:               0 kB
HighTotal:        802816 kB
HighFree:         110968 kB
LowTotal:         548148 kB
LowFree:          112116 kB
SwapTotal:             0 kB
SwapFree:              0 kB
Dirty:                 0 kB
Writeback:             0 kB
AnonPages:        454660 kB
Mapped:           138440 kB
Shmem:              3776 kB
Slab:              36284 kB
SReclaimable:      13636 kB
SUnreclaim:        22648 kB
KernelStack:        7696 kB
PageTables:        14780 kB
NFS_Unstable:          0 kB
Bounce:                0 kB
WritebackTmp:          0 kB
CommitLimit:      675480 kB
Committed_AS:   33074808 kB
VmallocTotal:     253952 kB
VmallocUsed:       77356 kB
VmallocChunk:      56324 kB
Time pass: 175 sec

---2015-10-25 22:02:27
MemTotal:        1350964 kB
MemFree:          238912 kB
Buffers:           55312 kB
Cached:           420324 kB
SwapCached:            0 kB
Active:           754180 kB
Inactive:         175372 kB
Active(anon):     462272 kB
Inactive(anon):     3724 kB
Active(file):     291908 kB
Inactive(file):   171648 kB
Unevictable:        8304 kB
Mlocked:               0 kB
HighTotal:        802816 kB
HighFree:          99500 kB
LowTotal:         548148 kB
LowFree:          139412 kB
SwapTotal:             0 kB
SwapFree:              0 kB
Dirty:                 0 kB
Writeback:             0 kB
AnonPages:        462172 kB
Mapped:           152300 kB
Shmem:              3776 kB
Slab:              36284 kB
SReclaimable:      13636 kB
SUnreclaim:        22648 kB
KernelStack:        7824 kB
PageTables:        15216 kB
NFS_Unstable:          0 kB
Bounce:                0 kB
WritebackTmp:          0 kB
CommitLimit:      675480 kB
Committed_AS:   33875968 kB
VmallocTotal:     253952 kB
VmallocUsed:       78384 kB
VmallocChunk:      53252 kB
Time pass: 178 sec

---2015-10-25 22:02:27
MemTotal:        1350964 kB
MemFree:          180576 kB
Buffers:           55316 kB
Cached:           420460 kB
SwapCached:            0 kB
Active:           766264 kB
Inactive:         175492 kB
Active(anon):     474336 kB
Inactive(anon):     3852 kB
Active(file):     291928 kB
Inactive(file):   171640 kB
Unevictable:        8304 kB
Mlocked:               0 kB
HighTotal:        802816 kB
HighFree:          52044 kB
LowTotal:         548148 kB
LowFree:          128532 kB
SwapTotal:             0 kB
SwapFree:              0 kB
Dirty:               932 kB
Writeback:             0 kB
AnonPages:        474240 kB
Mapped:           158804 kB
Shmem:              3904 kB
Slab:              36276 kB
SReclaimable:      13636 kB
SUnreclaim:        22640 kB
KernelStack:        8072 kB
PageTables:        15476 kB
NFS_Unstable:          0 kB
Bounce:                0 kB
WritebackTmp:          0 kB
CommitLimit:      675480 kB
Committed_AS:   34018096 kB
VmallocTotal:     253952 kB
VmallocUsed:       79256 kB
VmallocChunk:      53252 kB
Time pass: 182 sec

---2015-10-25 22:02:27
MemTotal:        1350964 kB
MemFree:          166536 kB
Buffers:           55320 kB
Cached:           420468 kB
SwapCached:            0 kB
Active:           768516 kB
Inactive:         175492 kB
Active(anon):     476576 kB
Inactive(anon):     3852 kB
Active(file):     291940 kB
Inactive(file):   171640 kB
Unevictable:        8304 kB
Mlocked:               0 kB
HighTotal:        802816 kB
HighFree:          45868 kB
LowTotal:         548148 kB
LowFree:          120668 kB
SwapTotal:             0 kB
SwapFree:              0 kB
Dirty:               212 kB
Writeback:             0 kB
AnonPages:        476496 kB
Mapped:           159968 kB
Shmem:              3904 kB
Slab:              36276 kB
SReclaimable:      13636 kB
SUnreclaim:        22640 kB
KernelStack:        8096 kB
PageTables:        15508 kB
NFS_Unstable:          0 kB
Bounce:                0 kB
WritebackTmp:          0 kB
CommitLimit:      675480 kB
Committed_AS:   34028580 kB
VmallocTotal:     253952 kB
VmallocUsed:       79256 kB
VmallocChunk:      53252 kB
Time pass: 185 sec

---2015-10-25 22:02:27
MemTotal:        1350964 kB
MemFree:          163524 kB
Buffers:           55320 kB
Cached:           420468 kB
SwapCached:            0 kB
Active:           768236 kB
Inactive:         175492 kB
Active(anon):     476296 kB
Inactive(anon):     3852 kB
Active(file):     291940 kB
Inactive(file):   171640 kB
Unevictable:        8304 kB
Mlocked:               0 kB
HighTotal:        802816 kB
HighFree:          45124 kB
LowTotal:         548148 kB
LowFree:          118400 kB
SwapTotal:             0 kB
SwapFree:              0 kB
Dirty:                 4 kB
Writeback:             0 kB
AnonPages:        476260 kB
Mapped:           160016 kB
Shmem:              3904 kB
Slab:              36276 kB
SReclaimable:      13636 kB
SUnreclaim:        22640 kB
KernelStack:        8096 kB
PageTables:        15512 kB
NFS_Unstable:          0 kB
Bounce:                0 kB
WritebackTmp:          0 kB
CommitLimit:      675480 kB
Committed_AS:   34032200 kB
VmallocTotal:     253952 kB
VmallocUsed:       79256 kB
VmallocChunk:      53252 kB
Time pass: 189 sec

---2015-10-25 22:02:27
MemTotal:        1350964 kB
MemFree:          146424 kB
Buffers:           55320 kB
Cached:           420648 kB
SwapCached:            0 kB
Active:           781240 kB
Inactive:         175648 kB
Active(anon):     489276 kB
Inactive(anon):     3856 kB
Active(file):     291964 kB
Inactive(file):   171792 kB
Unevictable:        8304 kB
Mlocked:               0 kB
HighTotal:        802816 kB
HighFree:          33000 kB
LowTotal:         548148 kB
LowFree:          113424 kB
SwapTotal:             0 kB
SwapFree:              0 kB
Dirty:               284 kB
Writeback:             0 kB
AnonPages:        489384 kB
Mapped:           161904 kB
Shmem:              3908 kB
Slab:              36244 kB
SReclaimable:      13636 kB
SUnreclaim:        22608 kB
KernelStack:        8152 kB
PageTables:        15556 kB
NFS_Unstable:          0 kB
Bounce:                0 kB
WritebackTmp:          0 kB
CommitLimit:      675480 kB
Committed_AS:   34051876 kB
VmallocTotal:     253952 kB
VmallocUsed:       79256 kB
VmallocChunk:      53252 kB
Time pass: 192 sec

---2015-10-25 22:02:27
MemTotal:        1350964 kB
MemFree:          115036 kB
Buffers:           55324 kB
Cached:           420652 kB
SwapCached:            0 kB
Active:           786496 kB
Inactive:         175692 kB
Active(anon):     494616 kB
Inactive(anon):     3856 kB
Active(file):     291880 kB
Inactive(file):   171836 kB
Unevictable:        8304 kB
Mlocked:               0 kB
HighTotal:        802816 kB
HighFree:          15168 kB
LowTotal:         548148 kB
LowFree:           99868 kB
SwapTotal:             0 kB
SwapFree:              0 kB
Dirty:              2576 kB
Writeback:             0 kB
AnonPages:        494604 kB
Mapped:           162188 kB
Shmem:              3908 kB
Slab:              36212 kB
SReclaimable:      13636 kB
SUnreclaim:        22576 kB
KernelStack:        8152 kB
PageTables:        15600 kB
NFS_Unstable:          0 kB
Bounce:                0 kB
WritebackTmp:          0 kB
CommitLimit:      675480 kB
Committed_AS:   34080080 kB
VmallocTotal:     253952 kB
VmallocUsed:       79256 kB
VmallocChunk:      53252 kB
Time pass: 196 sec

---2015-10-25 22:02:27
MemTotal:        1350964 kB
MemFree:          111704 kB
Buffers:           55324 kB
Cached:           420652 kB
SwapCached:            0 kB
Active:           785380 kB
Inactive:         175652 kB
Active(anon):     493412 kB
Inactive(anon):     3856 kB
Active(file):     291968 kB
Inactive(file):   171796 kB
Unevictable:        8304 kB
Mlocked:               0 kB
HighTotal:        802816 kB
HighFree:          12760 kB
LowTotal:         548148 kB
LowFree:           98944 kB
SwapTotal:             0 kB
SwapFree:              0 kB
Dirty:                 4 kB
Writeback:           116 kB
AnonPages:        493264 kB
Mapped:           162048 kB
Shmem:              3908 kB
Slab:              36212 kB
SReclaimable:      13636 kB
SUnreclaim:        22576 kB
KernelStack:        8152 kB
PageTables:        15620 kB
NFS_Unstable:          0 kB
Bounce:                0 kB
WritebackTmp:          0 kB
CommitLimit:      675480 kB
Committed_AS:   34082308 kB
VmallocTotal:     253952 kB
VmallocUsed:       79256 kB
VmallocChunk:      53252 kB
Time pass: 199 sec

---2015-10-25 22:02:27
MemTotal:        1350964 kB
MemFree:          102524 kB
Buffers:           55328 kB
Cached:           420656 kB
SwapCached:            0 kB
Active:           789376 kB
Inactive:         175656 kB
Active(anon):     497404 kB
Inactive(anon):     3856 kB
Active(file):     291972 kB
Inactive(file):   171800 kB
Unevictable:        8304 kB
Mlocked:               0 kB
HighTotal:        802816 kB
HighFree:           4280 kB
LowTotal:         548148 kB
LowFree:           98244 kB
SwapTotal:             0 kB
SwapFree:              0 kB
Dirty:               608 kB
Writeback:             0 kB
AnonPages:        497364 kB
Mapped:           162396 kB
Shmem:              3908 kB
Slab:              36232 kB
SReclaimable:      13636 kB
SUnreclaim:        22596 kB
KernelStack:        8152 kB
PageTables:        15644 kB
NFS_Unstable:          0 kB
Bounce:                0 kB
WritebackTmp:          0 kB
CommitLimit:      675480 kB
Committed_AS:   34092128 kB
VmallocTotal:     253952 kB
VmallocUsed:       79256 kB
VmallocChunk:      53252 kB
Time pass: 203 sec

---2015-10-25 22:02:27
MemTotal:        1350964 kB
MemFree:           94936 kB
Buffers:           55328 kB
Cached:           420788 kB
SwapCached:            0 kB
Active:           796220 kB
Inactive:         175768 kB
Active(anon):     504240 kB
Inactive(anon):     3972 kB
Active(file):     291980 kB
Inactive(file):   171796 kB
Unevictable:        8304 kB
Mlocked:               0 kB
HighTotal:        802816 kB
HighFree:           1600 kB
LowTotal:         548148 kB
LowFree:           93336 kB
SwapTotal:             0 kB
SwapFree:              0 kB
Dirty:                40 kB
Writeback:             0 kB
AnonPages:        504216 kB
Mapped:           165532 kB
Shmem:              4036 kB
Slab:              36224 kB
SReclaimable:      13636 kB
SUnreclaim:        22588 kB
KernelStack:        8344 kB
PageTables:        15752 kB
NFS_Unstable:          0 kB
Bounce:                0 kB
WritebackTmp:          0 kB
CommitLimit:      675480 kB
Committed_AS:   34114248 kB
VmallocTotal:     253952 kB
VmallocUsed:       79452 kB
VmallocChunk:      53252 kB
Time pass: 206 sec

---2015-10-25 22:02:27
MemTotal:        1350964 kB
MemFree:           89180 kB
Buffers:           55332 kB
Cached:           420760 kB
SwapCached:            0 kB
Active:           801684 kB
Inactive:         175732 kB
Active(anon):     509684 kB
Inactive(anon):     3952 kB
Active(file):     292000 kB
Inactive(file):   171780 kB
Unevictable:        8304 kB
Mlocked:               0 kB
HighTotal:        802816 kB
HighFree:           1600 kB
LowTotal:         548148 kB
LowFree:           87580 kB
SwapTotal:             0 kB
SwapFree:              0 kB
Dirty:                76 kB
Writeback:             0 kB
AnonPages:        509680 kB
Mapped:           165688 kB
Shmem:              4008 kB
Slab:              36224 kB
SReclaimable:      13636 kB
SUnreclaim:        22588 kB
KernelStack:        8344 kB
PageTables:        15748 kB
NFS_Unstable:          0 kB
Bounce:                0 kB
WritebackTmp:          0 kB
CommitLimit:      675480 kB
Committed_AS:   34115944 kB
VmallocTotal:     253952 kB
VmallocUsed:       79568 kB
VmallocChunk:      53252 kB
Time pass: 210 sec

---2015-10-25 22:02:27
MemTotal:        1350964 kB
MemFree:           79992 kB
Buffers:           55336 kB
Cached:           420972 kB
SwapCached:            0 kB
Active:           808836 kB
Inactive:         175780 kB
Active(anon):     516816 kB
Inactive(anon):     4012 kB
Active(file):     292020 kB
Inactive(file):   171768 kB
Unevictable:        8304 kB
Mlocked:               0 kB
HighTotal:        802816 kB
HighFree:           1600 kB
LowTotal:         548148 kB
LowFree:           78392 kB
SwapTotal:             0 kB
SwapFree:              0 kB
Dirty:                52 kB
Writeback:             0 kB
AnonPages:        516620 kB
Mapped:           165992 kB
Shmem:              4216 kB
Slab:              36292 kB
SReclaimable:      13636 kB
SUnreclaim:        22656 kB
KernelStack:        8392 kB
PageTables:        15864 kB
NFS_Unstable:          0 kB
Bounce:                0 kB
WritebackTmp:          0 kB
CommitLimit:      675480 kB
Committed_AS:   34128364 kB
VmallocTotal:     253952 kB
VmallocUsed:       79788 kB
VmallocChunk:      53252 kB
Time pass: 214 sec

---2015-10-25 22:02:27
MemTotal:        1350964 kB
MemFree:           78980 kB
Buffers:           55344 kB
Cached:           420968 kB
SwapCached:            0 kB
Active:           808900 kB
Inactive:         175932 kB
Active(anon):     516880 kB
Inactive(anon):     4156 kB
Active(file):     292020 kB
Inactive(file):   171776 kB
Unevictable:        8304 kB
Mlocked:               0 kB
HighTotal:        802816 kB
HighFree:           1600 kB
LowTotal:         548148 kB
LowFree:           77380 kB
SwapTotal:             0 kB
SwapFree:              0 kB
Dirty:                48 kB
Writeback:             0 kB
AnonPages:        516900 kB
Mapped:           165864 kB
Shmem:              4212 kB
Slab:              36344 kB
SReclaimable:      13636 kB
SUnreclaim:        22708 kB
KernelStack:        8384 kB
PageTables:        15864 kB
NFS_Unstable:          0 kB
Bounce:                0 kB
WritebackTmp:          0 kB
CommitLimit:      675480 kB
Committed_AS:   34128308 kB
VmallocTotal:     253952 kB
VmallocUsed:       79788 kB
VmallocChunk:      53252 kB
Time pass: 217 sec

---2015-10-25 22:02:27
MemTotal:        1350964 kB
MemFree:           79152 kB
Buffers:           55352 kB
Cached:           420968 kB
SwapCached:            0 kB
Active:           809328 kB
Inactive:         175940 kB
Active(anon):     517308 kB
Inactive(anon):     4164 kB
Active(file):     292020 kB
Inactive(file):   171776 kB
Unevictable:        8304 kB
Mlocked:               0 kB
HighTotal:        802816 kB
HighFree:           1600 kB
LowTotal:         548148 kB
LowFree:           77552 kB
SwapTotal:             0 kB
SwapFree:              0 kB
Dirty:                52 kB
Writeback:             0 kB
AnonPages:        517264 kB
Mapped:           166432 kB
Shmem:              4220 kB
Slab:              36328 kB
SReclaimable:      13636 kB
SUnreclaim:        22692 kB
KernelStack:        8384 kB
PageTables:        15864 kB
NFS_Unstable:          0 kB
Bounce:                0 kB
WritebackTmp:          0 kB
CommitLimit:      675480 kB
Committed_AS:   34128608 kB
VmallocTotal:     253952 kB
VmallocUsed:       79788 kB
VmallocChunk:      53252 kB
Time pass: 221 sec

---2015-10-25 22:02:27
MemTotal:        1350964 kB
MemFree:           79820 kB
Buffers:           55352 kB
Cached:           420976 kB
SwapCached:            0 kB
Active:           809748 kB
Inactive:         175940 kB
Active(anon):     517720 kB
Inactive(anon):     4164 kB
Active(file):     292028 kB
Inactive(file):   171776 kB
Unevictable:        8304 kB
Mlocked:               0 kB
HighTotal:        802816 kB
HighFree:           1600 kB
LowTotal:         548148 kB
LowFree:           78220 kB
SwapTotal:             0 kB
SwapFree:              0 kB
Dirty:               152 kB
Writeback:             0 kB
AnonPages:        517712 kB
Mapped:           166432 kB
Shmem:              4220 kB
Slab:              36324 kB
SReclaimable:      13636 kB
SUnreclaim:        22688 kB
KernelStack:        8384 kB
PageTables:        15868 kB
NFS_Unstable:          0 kB
Bounce:                0 kB
WritebackTmp:          0 kB
CommitLimit:      675480 kB
Committed_AS:   34129628 kB
VmallocTotal:     253952 kB
VmallocUsed:       79788 kB
VmallocChunk:      53252 kB
Time pass: 224 sec

---2015-10-25 22:02:27
MemTotal:        1350964 kB
MemFree:           79664 kB
Buffers:           55352 kB
Cached:           420984 kB
SwapCached:            0 kB
Active:           809132 kB
Inactive:         175940 kB
Active(anon):     517104 kB
Inactive(anon):     4164 kB
Active(file):     292028 kB
Inactive(file):   171776 kB
Unevictable:        8304 kB
Mlocked:               0 kB
HighTotal:        802816 kB
HighFree:           1600 kB
LowTotal:         548148 kB
LowFree:           78064 kB
SwapTotal:             0 kB
SwapFree:              0 kB
Dirty:                 0 kB
Writeback:             0 kB
AnonPages:        517028 kB
Mapped:           166444 kB
Shmem:              4228 kB
Slab:              36248 kB
SReclaimable:      13636 kB
SUnreclaim:        22612 kB
KernelStack:        8384 kB
PageTables:        15868 kB
NFS_Unstable:          0 kB
Bounce:                0 kB
WritebackTmp:          0 kB
CommitLimit:      675480 kB
Committed_AS:   34128180 kB
VmallocTotal:     253952 kB
VmallocUsed:       79788 kB
VmallocChunk:      53252 kB
Time pass: 228 sec

---2015-10-25 22:02:27
MemTotal:        1350964 kB
MemFree:           77908 kB
Buffers:           55356 kB
Cached:           421132 kB
SwapCached:            0 kB
Active:           811552 kB
Inactive:         176044 kB
Active(anon):     519516 kB
Inactive(anon):     4272 kB
Active(file):     292036 kB
Inactive(file):   171772 kB
Unevictable:        8304 kB
Mlocked:               0 kB
HighTotal:        802816 kB
HighFree:           1600 kB
LowTotal:         548148 kB
LowFree:           76308 kB
SwapTotal:             0 kB
SwapFree:              0 kB
Dirty:                36 kB
Writeback:             0 kB
AnonPages:        519416 kB
Mapped:           166592 kB
Shmem:              4376 kB
Slab:              36248 kB
SReclaimable:      13636 kB
SUnreclaim:        22612 kB
KernelStack:        8384 kB
PageTables:        15868 kB
NFS_Unstable:          0 kB
Bounce:                0 kB
WritebackTmp:          0 kB
CommitLimit:      675480 kB
Committed_AS:   34130236 kB
VmallocTotal:     253952 kB
VmallocUsed:       79788 kB
VmallocChunk:      53252 kB
Time pass: 232 sec

---2015-10-25 22:02:27
MemTotal:        1350964 kB
MemFree:           78156 kB
Buffers:           55364 kB
Cached:           421160 kB
SwapCached:            0 kB
Active:           809748 kB
Inactive:         176120 kB
Active(anon):     517712 kB
Inactive(anon):     4348 kB
Active(file):     292036 kB
Inactive(file):   171772 kB
Unevictable:        8304 kB
Mlocked:               0 kB
HighTotal:        802816 kB
HighFree:           1600 kB
LowTotal:         548148 kB
LowFree:           76556 kB
SwapTotal:             0 kB
SwapFree:              0 kB
Dirty:                28 kB
Writeback:             0 kB
AnonPages:        517724 kB
Mapped:           166620 kB
Shmem:              4404 kB
Slab:              36240 kB
SReclaimable:      13636 kB
SUnreclaim:        22604 kB
KernelStack:        8384 kB
PageTables:        15864 kB
NFS_Unstable:          0 kB
Bounce:                0 kB
WritebackTmp:          0 kB
CommitLimit:      675480 kB
Committed_AS:   34129256 kB
VmallocTotal:     253952 kB
VmallocUsed:       79788 kB
VmallocChunk:      53252 kB
Time pass: 235 sec

---2015-10-25 22:02:27
MemTotal:        1350964 kB
MemFree:           78008 kB
Buffers:           55368 kB
Cached:           421168 kB
SwapCached:            0 kB
Active:           810020 kB
Inactive:         176140 kB
Active(anon):     517984 kB
Inactive(anon):     4356 kB
Active(file):     292036 kB
Inactive(file):   171784 kB
Unevictable:        8304 kB
Mlocked:               0 kB
HighTotal:        802816 kB
HighFree:           1600 kB
LowTotal:         548148 kB
LowFree:           76408 kB
SwapTotal:             0 kB
SwapFree:              0 kB
Dirty:                40 kB
Writeback:             0 kB
AnonPages:        517860 kB
Mapped:           166480 kB
Shmem:              4412 kB
Slab:              36264 kB
SReclaimable:      13636 kB
SUnreclaim:        22628 kB
KernelStack:        8384 kB
PageTables:        15868 kB
NFS_Unstable:          0 kB
Bounce:                0 kB
WritebackTmp:          0 kB
CommitLimit:      675480 kB
Committed_AS:   34129344 kB
VmallocTotal:     253952 kB
VmallocUsed:       79788 kB
VmallocChunk:      53252 kB
Time pass: 239 sec

---2015-10-25 22:02:27
MemTotal:        1350964 kB
MemFree:           77860 kB
Buffers:           55368 kB
Cached:           421168 kB
SwapCached:            0 kB
Active:           810184 kB
Inactive:         176140 kB
Active(anon):     518148 kB
Inactive(anon):     4356 kB
Active(file):     292036 kB
Inactive(file):   171784 kB
Unevictable:        8304 kB
Mlocked:               0 kB
HighTotal:        802816 kB
HighFree:           1600 kB
LowTotal:         548148 kB
LowFree:           76260 kB
SwapTotal:             0 kB
SwapFree:              0 kB
Dirty:                 0 kB
Writeback:             0 kB
AnonPages:        518144 kB
Mapped:           166628 kB
Shmem:              4412 kB
Slab:              36264 kB
SReclaimable:      13636 kB
SUnreclaim:        22628 kB
KernelStack:        8368 kB
PageTables:        15860 kB
NFS_Unstable:          0 kB
Bounce:                0 kB
WritebackTmp:          0 kB
CommitLimit:      675480 kB
Committed_AS:   34129564 kB
VmallocTotal:     253952 kB
VmallocUsed:       79788 kB
VmallocChunk:      53252 kB
Time pass: 242 sec

---2015-10-25 22:02:27
MemTotal:        1350964 kB
MemFree:           78008 kB
Buffers:           55376 kB
Cached:           421168 kB
SwapCached:            0 kB
Active:           810200 kB
Inactive:         176136 kB
Active(anon):     518152 kB
Inactive(anon):     4356 kB
Active(file):     292048 kB
Inactive(file):   171780 kB
Unevictable:        8304 kB
Mlocked:               0 kB
HighTotal:        802816 kB
HighFree:           1600 kB
LowTotal:         548148 kB
LowFree:           76408 kB
SwapTotal:             0 kB
SwapFree:              0 kB
Dirty:                36 kB
Writeback:             0 kB
AnonPages:        518032 kB
Mapped:           166628 kB
Shmem:              4412 kB
Slab:              36264 kB
SReclaimable:      13636 kB
SUnreclaim:        22628 kB
KernelStack:        8368 kB
PageTables:        15864 kB
NFS_Unstable:          0 kB
Bounce:                0 kB
WritebackTmp:          0 kB
CommitLimit:      675480 kB
Committed_AS:   34129360 kB
VmallocTotal:     253952 kB
VmallocUsed:       79788 kB
VmallocChunk:      53252 kB
Time pass: 246 sec

---2015-10-25 22:02:27
MemTotal:        1350964 kB
MemFree:           78100 kB
Buffers:           55384 kB
Cached:           421168 kB
SwapCached:            0 kB
Active:           810268 kB
Inactive:         176136 kB
Active(anon):     518220 kB
Inactive(anon):     4356 kB
Active(file):     292048 kB
Inactive(file):   171780 kB
Unevictable:        8304 kB
Mlocked:               0 kB
HighTotal:        802816 kB
HighFree:           1600 kB
LowTotal:         548148 kB
LowFree:           76500 kB
SwapTotal:             0 kB
SwapFree:              0 kB
Dirty:                40 kB
Writeback:             0 kB
AnonPages:        518228 kB
Mapped:           166628 kB
Shmem:              4412 kB
Slab:              36300 kB
SReclaimable:      13636 kB
SUnreclaim:        22664 kB
KernelStack:        8368 kB
PageTables:        15864 kB
NFS_Unstable:          0 kB
Bounce:                0 kB
WritebackTmp:          0 kB
CommitLimit:      675480 kB
Committed_AS:   34129332 kB
VmallocTotal:     253952 kB
VmallocUsed:       79788 kB
VmallocChunk:      53252 kB
Time pass: 249 sec

---2015-10-25 22:02:27
MemTotal:        1350964 kB
MemFree:           78040 kB
Buffers:           55384 kB
Cached:           421168 kB
SwapCached:            0 kB
Active:           810476 kB
Inactive:         176144 kB
Active(anon):     518428 kB
Inactive(anon):     4356 kB
Active(file):     292048 kB
Inactive(file):   171788 kB
Unevictable:        8304 kB
Mlocked:               0 kB
HighTotal:        802816 kB
HighFree:           1972 kB
LowTotal:         548148 kB
LowFree:           76068 kB
SwapTotal:             0 kB
SwapFree:              0 kB
Dirty:                40 kB
Writeback:             0 kB
AnonPages:        518148 kB
Mapped:           166628 kB
Shmem:              4412 kB
Slab:              36312 kB
SReclaimable:      13636 kB
SUnreclaim:        22676 kB
KernelStack:        8368 kB
PageTables:        15860 kB
NFS_Unstable:          0 kB
Bounce:                0 kB
WritebackTmp:          0 kB
CommitLimit:      675480 kB
Committed_AS:   34129356 kB
VmallocTotal:     253952 kB
VmallocUsed:       79788 kB
VmallocChunk:      53252 kB
Time pass: 253 sec

---2015-10-25 22:02:27
MemTotal:        1350964 kB
MemFree:           78860 kB
Buffers:           55392 kB
Cached:           421168 kB
SwapCached:            0 kB
Active:           809328 kB
Inactive:         176144 kB
Active(anon):     517280 kB
Inactive(anon):     4356 kB
Active(file):     292048 kB
Inactive(file):   171788 kB
Unevictable:        8304 kB
Mlocked:               0 kB
HighTotal:        802816 kB
HighFree:           1600 kB
LowTotal:         548148 kB
LowFree:           77260 kB
SwapTotal:             0 kB
SwapFree:              0 kB
Dirty:                28 kB
Writeback:             0 kB
AnonPages:        517480 kB
Mapped:           166480 kB
Shmem:              4412 kB
Slab:              36284 kB
SReclaimable:      13636 kB
SUnreclaim:        22648 kB
KernelStack:        8368 kB
PageTables:        15864 kB
NFS_Unstable:          0 kB
Bounce:                0 kB
WritebackTmp:          0 kB
CommitLimit:      675480 kB
Committed_AS:   34129216 kB
VmallocTotal:     253952 kB
VmallocUsed:       79788 kB
VmallocChunk:      53252 kB
Time pass: 256 sec

---2015-10-25 22:02:27
MemTotal:        1350964 kB
MemFree:           77388 kB
Buffers:           55404 kB
Cached:           421168 kB
SwapCached:            0 kB
Active:           810540 kB
Inactive:         176160 kB
Active(anon):     518488 kB
Inactive(anon):     4356 kB
Active(file):     292052 kB
Inactive(file):   171804 kB
Unevictable:        8304 kB
Mlocked:               0 kB
HighTotal:        802816 kB
HighFree:           1600 kB
LowTotal:         548148 kB
LowFree:           75788 kB
SwapTotal:             0 kB
SwapFree:              0 kB
Dirty:                 0 kB
Writeback:             0 kB
AnonPages:        518360 kB
Mapped:           166580 kB
Shmem:              4412 kB
Slab:              36340 kB
SReclaimable:      13636 kB
SUnreclaim:        22704 kB
KernelStack:        8368 kB
PageTables:        15844 kB
NFS_Unstable:          0 kB
Bounce:                0 kB
WritebackTmp:          0 kB
CommitLimit:      675480 kB
Committed_AS:   34129192 kB
VmallocTotal:     253952 kB
VmallocUsed:       79788 kB
VmallocChunk:      53252 kB
Time pass: 260 sec

---2015-10-25 22:02:27
MemTotal:        1350964 kB
MemFree:           78304 kB
Buffers:           55412 kB
Cached:           421168 kB
SwapCached:            0 kB
Active:           810572 kB
Inactive:         176160 kB
Active(anon):     518520 kB
Inactive(anon):     4356 kB
Active(file):     292052 kB
Inactive(file):   171804 kB
Unevictable:        8304 kB
Mlocked:               0 kB
HighTotal:        802816 kB
HighFree:           1600 kB
LowTotal:         548148 kB
LowFree:           76704 kB
SwapTotal:             0 kB
SwapFree:              0 kB
Dirty:                28 kB
Writeback:             0 kB
AnonPages:        518404 kB
Mapped:           166480 kB
Shmem:              4412 kB
Slab:              36276 kB
SReclaimable:      13636 kB
SUnreclaim:        22640 kB
KernelStack:        8368 kB
PageTables:        15860 kB
NFS_Unstable:          0 kB
Bounce:                0 kB
WritebackTmp:          0 kB
CommitLimit:      675480 kB
Committed_AS:   34129396 kB
VmallocTotal:     253952 kB
VmallocUsed:       79788 kB
VmallocChunk:      53252 kB
Time pass: 263 sec

---2015-10-25 22:02:27
MemTotal:        1350964 kB
MemFree:           77840 kB
Buffers:           55428 kB
Cached:           421168 kB
SwapCached:            0 kB
Active:           811004 kB
Inactive:         176184 kB
Active(anon):     518952 kB
Inactive(anon):     4356 kB
Active(file):     292052 kB
Inactive(file):   171828 kB
Unevictable:        8304 kB
Mlocked:               0 kB
HighTotal:        802816 kB
HighFree:           1600 kB
LowTotal:         548148 kB
LowFree:           76240 kB
SwapTotal:             0 kB
SwapFree:              0 kB
Dirty:                 0 kB
Writeback:             0 kB
AnonPages:        518948 kB
Mapped:           166628 kB
Shmem:              4412 kB
Slab:              36228 kB
SReclaimable:      13636 kB
SUnreclaim:        22592 kB
KernelStack:        8368 kB
PageTables:        15856 kB
NFS_Unstable:          0 kB
Bounce:                0 kB
WritebackTmp:          0 kB
CommitLimit:      675480 kB
Committed_AS:   34129744 kB
VmallocTotal:     253952 kB
VmallocUsed:       79788 kB
VmallocChunk:      53252 kB
Time pass: 267 sec

---2015-10-25 22:02:27
MemTotal:        1350964 kB
MemFree:           77884 kB
Buffers:           55432 kB
Cached:           421168 kB
SwapCached:            0 kB
Active:           810916 kB
Inactive:         176184 kB
Active(anon):     518864 kB
Inactive(anon):     4356 kB
Active(file):     292052 kB
Inactive(file):   171828 kB
Unevictable:        8304 kB
Mlocked:               0 kB
HighTotal:        802816 kB
HighFree:           1600 kB
LowTotal:         548148 kB
LowFree:           76284 kB
SwapTotal:             0 kB
SwapFree:              0 kB
Dirty:                28 kB
Writeback:             0 kB
AnonPages:        518864 kB
Mapped:           166628 kB
Shmem:              4412 kB
Slab:              36308 kB
SReclaimable:      13636 kB
SUnreclaim:        22672 kB
KernelStack:        8368 kB
PageTables:        15860 kB
NFS_Unstable:          0 kB
Bounce:                0 kB
WritebackTmp:          0 kB
CommitLimit:      675480 kB
Committed_AS:   34129492 kB
VmallocTotal:     253952 kB
VmallocUsed:       79788 kB
VmallocChunk:      53252 kB
Time pass: 271 sec

---2015-10-25 22:02:27
MemTotal:        1350964 kB
MemFree:           77164 kB
Buffers:           55440 kB
Cached:           421168 kB
SwapCached:            0 kB
Active:           811076 kB
Inactive:         176200 kB
Active(anon):     519024 kB
Inactive(anon):     4356 kB
Active(file):     292052 kB
Inactive(file):   171844 kB
Unevictable:        8304 kB
Mlocked:               0 kB
HighTotal:        802816 kB
HighFree:           1600 kB
LowTotal:         548148 kB
LowFree:           75564 kB
SwapTotal:             0 kB
SwapFree:              0 kB
Dirty:                40 kB
Writeback:             0 kB
AnonPages:        518880 kB
Mapped:           166628 kB
Shmem:              4412 kB
Slab:              36260 kB
SReclaimable:      13636 kB
SUnreclaim:        22624 kB
KernelStack:        8368 kB
PageTables:        15856 kB
NFS_Unstable:          0 kB
Bounce:                0 kB
WritebackTmp:          0 kB
CommitLimit:      675480 kB
Committed_AS:   34129484 kB
VmallocTotal:     253952 kB
VmallocUsed:       79788 kB
VmallocChunk:      53252 kB
Time pass: 274 sec

---2015-10-25 22:02:27
MemTotal:        1350964 kB
MemFree:           77144 kB
Buffers:           55444 kB
Cached:           421168 kB
SwapCached:            0 kB
Active:           811284 kB
Inactive:         176196 kB
Active(anon):     519232 kB
Inactive(anon):     4356 kB
Active(file):     292052 kB
Inactive(file):   171840 kB
Unevictable:        8304 kB
Mlocked:               0 kB
HighTotal:        802816 kB
HighFree:           1600 kB
LowTotal:         548148 kB
LowFree:           75544 kB
SwapTotal:             0 kB
SwapFree:              0 kB
Dirty:                36 kB
Writeback:             0 kB
AnonPages:        519232 kB
Mapped:           166628 kB
Shmem:              4412 kB
Slab:              36356 kB
SReclaimable:      13636 kB
SUnreclaim:        22720 kB
KernelStack:        8368 kB
PageTables:        15864 kB
NFS_Unstable:          0 kB
Bounce:                0 kB
WritebackTmp:          0 kB
CommitLimit:      675480 kB
Committed_AS:   34129616 kB
VmallocTotal:     253952 kB
VmallocUsed:       79788 kB
VmallocChunk:      53252 kB
Time pass: 277 sec

---2015-10-25 22:02:27
MemTotal:        1350964 kB
MemFree:           77188 kB
Buffers:           55444 kB
Cached:           421168 kB
SwapCached:            0 kB
Active:           811508 kB
Inactive:         176200 kB
Active(anon):     519456 kB
Inactive(anon):     4356 kB
Active(file):     292052 kB
Inactive(file):   171844 kB
Unevictable:        8304 kB
Mlocked:               0 kB
HighTotal:        802816 kB
HighFree:           1600 kB
LowTotal:         548148 kB
LowFree:           75588 kB
SwapTotal:             0 kB
SwapFree:              0 kB
Dirty:                36 kB
Writeback:             0 kB
AnonPages:        519456 kB
Mapped:           166628 kB
Shmem:              4412 kB
Slab:              36312 kB
SReclaimable:      13636 kB
SUnreclaim:        22676 kB
KernelStack:        8368 kB
PageTables:        15868 kB
NFS_Unstable:          0 kB
Bounce:                0 kB
WritebackTmp:          0 kB
CommitLimit:      675480 kB
Committed_AS:   34129768 kB
VmallocTotal:     253952 kB
VmallocUsed:       79788 kB
VmallocChunk:      53252 kB
Time pass: 281 sec

---2015-10-25 22:02:27
MemTotal:        1350964 kB
MemFree:           77212 kB
Buffers:           55456 kB
Cached:           421160 kB
SwapCached:            0 kB
Active:           811596 kB
Inactive:         176200 kB
Active(anon):     519544 kB
Inactive(anon):     4356 kB
Active(file):     292052 kB
Inactive(file):   171844 kB
Unevictable:        8304 kB
Mlocked:               0 kB
HighTotal:        802816 kB
HighFree:           2076 kB
LowTotal:         548148 kB
LowFree:           75136 kB
SwapTotal:             0 kB
SwapFree:              0 kB
Dirty:                28 kB
Writeback:             0 kB
AnonPages:        519196 kB
Mapped:           166628 kB
Shmem:              4412 kB
Slab:              36340 kB
SReclaimable:      13636 kB
SUnreclaim:        22704 kB
KernelStack:        8368 kB
PageTables:        15868 kB
NFS_Unstable:          0 kB
Bounce:                0 kB
WritebackTmp:          0 kB
CommitLimit:      675480 kB
Committed_AS:   34129684 kB
VmallocTotal:     253952 kB
VmallocUsed:       79788 kB
VmallocChunk:      53252 kB
Time pass: 285 sec

---2015-10-25 22:02:27
MemTotal:        1350964 kB
MemFree:           76288 kB
Buffers:           55456 kB
Cached:           421168 kB
SwapCached:            0 kB
Active:           811664 kB
Inactive:         176208 kB
Active(anon):     519608 kB
Inactive(anon):     4356 kB
Active(file):     292056 kB
Inactive(file):   171852 kB
Unevictable:        8304 kB
Mlocked:               0 kB
HighTotal:        802816 kB
HighFree:           1600 kB
LowTotal:         548148 kB
LowFree:           74688 kB
SwapTotal:             0 kB
SwapFree:              0 kB
Dirty:                 0 kB
Writeback:             0 kB
AnonPages:        519520 kB
Mapped:           166480 kB
Shmem:              4412 kB
Slab:              36296 kB
SReclaimable:      13636 kB
SUnreclaim:        22660 kB
KernelStack:        8368 kB
PageTables:        15868 kB
NFS_Unstable:          0 kB
Bounce:                0 kB
WritebackTmp:          0 kB
CommitLimit:      675480 kB
Committed_AS:   34130652 kB
VmallocTotal:     253952 kB
VmallocUsed:       79788 kB
VmallocChunk:      53252 kB
Time pass: 288 sec

---2015-10-25 22:02:27
MemTotal:        1350964 kB
MemFree:           75676 kB
Buffers:           55460 kB
Cached:           421168 kB
SwapCached:            0 kB
Active:           811392 kB
Inactive:         176208 kB
Active(anon):     519336 kB
Inactive(anon):     4356 kB
Active(file):     292056 kB
Inactive(file):   171852 kB
Unevictable:        8304 kB
Mlocked:               0 kB
HighTotal:        802816 kB
HighFree:           1600 kB
LowTotal:         548148 kB
LowFree:           74076 kB
SwapTotal:             0 kB
SwapFree:              0 kB
Dirty:                28 kB
Writeback:             0 kB
AnonPages:        519416 kB
Mapped:           166628 kB
Shmem:              4412 kB
Slab:              36264 kB
SReclaimable:      13636 kB
SUnreclaim:        22628 kB
KernelStack:        8368 kB
PageTables:        15868 kB
NFS_Unstable:          0 kB
Bounce:                0 kB
WritebackTmp:          0 kB
CommitLimit:      675480 kB
Committed_AS:   34129448 kB
VmallocTotal:     253952 kB
VmallocUsed:       79788 kB
VmallocChunk:      53252 kB
Time pass: 292 sec

---2015-10-25 22:02:27
MemTotal:        1350964 kB
MemFree:           75768 kB
Buffers:           55472 kB
Cached:           421168 kB
SwapCached:            0 kB
Active:           811444 kB
Inactive:         176208 kB
Active(anon):     519384 kB
Inactive(anon):     4356 kB
Active(file):     292060 kB
Inactive(file):   171852 kB
Unevictable:        8304 kB
Mlocked:               0 kB
HighTotal:        802816 kB
HighFree:           2220 kB
LowTotal:         548148 kB
LowFree:           73548 kB
SwapTotal:             0 kB
SwapFree:              0 kB
Dirty:                 0 kB
Writeback:             0 kB
AnonPages:        519384 kB
Mapped:           166480 kB
Shmem:              4412 kB
Slab:              36296 kB
SReclaimable:      13636 kB
SUnreclaim:        22660 kB
KernelStack:        8368 kB
PageTables:        15868 kB
NFS_Unstable:          0 kB
Bounce:                0 kB
WritebackTmp:          0 kB
CommitLimit:      675480 kB
Committed_AS:   34129408 kB
VmallocTotal:     253952 kB
VmallocUsed:       79788 kB
VmallocChunk:      53252 kB
Time pass: 296 sec

---2015-10-25 22:02:27
MemTotal:        1350964 kB
MemFree:           76908 kB
Buffers:           55488 kB
Cached:           421168 kB
SwapCached:            0 kB
Active:           810840 kB
Inactive:         176224 kB
Active(anon):     518784 kB
Inactive(anon):     4356 kB
Active(file):     292056 kB
Inactive(file):   171868 kB
Unevictable:        8304 kB
Mlocked:               0 kB
HighTotal:        802816 kB
HighFree:           1600 kB
LowTotal:         548148 kB
LowFree:           75308 kB
SwapTotal:             0 kB
SwapFree:              0 kB
Dirty:                44 kB
Writeback:             0 kB
AnonPages:        518704 kB
Mapped:           166628 kB
Shmem:              4412 kB
Slab:              36264 kB
SReclaimable:      13636 kB
SUnreclaim:        22628 kB
KernelStack:        8376 kB
PageTables:        15868 kB
NFS_Unstable:          0 kB
Bounce:                0 kB
WritebackTmp:          0 kB
CommitLimit:      675480 kB
Committed_AS:   34129572 kB
VmallocTotal:     253952 kB
VmallocUsed:       79788 kB
VmallocChunk:      53252 kB
Time pass: 299 sec

---2015-10-25 22:02:27
MemTotal:        1350964 kB
MemFree:           76556 kB
Buffers:           55500 kB
Cached:           421168 kB
SwapCached:            0 kB
Active:           810744 kB
Inactive:         176248 kB
Active(anon):     518684 kB
Inactive(anon):     4356 kB
Active(file):     292060 kB
Inactive(file):   171892 kB
Unevictable:        8304 kB
Mlocked:               0 kB
HighTotal:        802816 kB
HighFree:           1600 kB
LowTotal:         548148 kB
LowFree:           74956 kB
SwapTotal:             0 kB
SwapFree:              0 kB
Dirty:                56 kB
Writeback:             0 kB
AnonPages:        518680 kB
Mapped:           166628 kB
Shmem:              4412 kB
Slab:              36300 kB
SReclaimable:      13636 kB
SUnreclaim:        22664 kB
KernelStack:        8376 kB
PageTables:        15868 kB
NFS_Unstable:          0 kB
Bounce:                0 kB
WritebackTmp:          0 kB
CommitLimit:      675480 kB
Committed_AS:   34129452 kB
VmallocTotal:     253952 kB
VmallocUsed:       79788 kB
VmallocChunk:      53252 kB
Time pass: 303 sec

---2015-10-25 22:02:27
MemTotal:        1350964 kB
MemFree:           76568 kB
Buffers:           55516 kB
Cached:           421168 kB
SwapCached:            0 kB
Active:           810980 kB
Inactive:         176256 kB
Active(anon):     518916 kB
Inactive(anon):     4356 kB
Active(file):     292064 kB
Inactive(file):   171900 kB
Unevictable:        8304 kB
Mlocked:               0 kB
HighTotal:        802816 kB
HighFree:           1600 kB
LowTotal:         548148 kB
LowFree:           74968 kB
SwapTotal:             0 kB
SwapFree:              0 kB
Dirty:                60 kB
Writeback:             0 kB
AnonPages:        518928 kB
Mapped:           166628 kB
Shmem:              4412 kB
Slab:              36232 kB
SReclaimable:      13636 kB
SUnreclaim:        22596 kB
KernelStack:        8376 kB
PageTables:        15868 kB
NFS_Unstable:          0 kB
Bounce:                0 kB
WritebackTmp:          0 kB
CommitLimit:      675480 kB
Committed_AS:   34129684 kB
VmallocTotal:     253952 kB
VmallocUsed:       79788 kB
VmallocChunk:      53252 kB
Time pass: 306 sec

---2015-10-25 22:02:27
MemTotal:        1350964 kB
MemFree:           76784 kB
Buffers:           55516 kB
Cached:           421168 kB
SwapCached:            0 kB
Active:           811040 kB
Inactive:         176256 kB
Active(anon):     518972 kB
Inactive(anon):     4356 kB
Active(file):     292068 kB
Inactive(file):   171900 kB
Unevictable:        8304 kB
Mlocked:               0 kB
HighTotal:        802816 kB
HighFree:           1600 kB
LowTotal:         548148 kB
LowFree:           75184 kB
SwapTotal:             0 kB
SwapFree:              0 kB
Dirty:                60 kB
Writeback:             0 kB
AnonPages:        518912 kB
Mapped:           166480 kB
Shmem:              4412 kB
Slab:              36304 kB
SReclaimable:      13636 kB
SUnreclaim:        22668 kB
KernelStack:        8384 kB
PageTables:        15868 kB
NFS_Unstable:          0 kB
Bounce:                0 kB
WritebackTmp:          0 kB
CommitLimit:      675480 kB
Committed_AS:   34129580 kB
VmallocTotal:     253952 kB
VmallocUsed:       79788 kB
VmallocChunk:      53252 kB
Time pass: 310 sec

---2015-10-25 22:02:27
MemTotal:        1350964 kB
MemFree:           76420 kB
Buffers:           55524 kB
Cached:           421168 kB
SwapCached:            0 kB
Active:           811244 kB
Inactive:         176264 kB
Active(anon):     519172 kB
Inactive(anon):     4356 kB
Active(file):     292072 kB
Inactive(file):   171908 kB
Unevictable:        8304 kB
Mlocked:               0 kB
HighTotal:        802816 kB
HighFree:           1600 kB
LowTotal:         548148 kB
LowFree:           74820 kB
SwapTotal:             0 kB
SwapFree:              0 kB
Dirty:                60 kB
Writeback:             0 kB
AnonPages:        519228 kB
Mapped:           166628 kB
Shmem:              4412 kB
Slab:              36264 kB
SReclaimable:      13636 kB
SUnreclaim:        22628 kB
KernelStack:        8392 kB
PageTables:        15860 kB
NFS_Unstable:          0 kB
Bounce:                0 kB
WritebackTmp:          0 kB
CommitLimit:      675480 kB
Committed_AS:   34129632 kB
VmallocTotal:     253952 kB
VmallocUsed:       79788 kB
VmallocChunk:      53252 kB
Time pass: 313 sec

---2015-10-25 22:02:27
MemTotal:        1350964 kB
MemFree:           76060 kB
Buffers:           55524 kB
Cached:           421168 kB
SwapCached:            0 kB
Active:           811428 kB
Inactive:         176260 kB
Active(anon):     519356 kB
Inactive(anon):     4356 kB
Active(file):     292072 kB
Inactive(file):   171904 kB
Unevictable:        8304 kB
Mlocked:               0 kB
HighTotal:        802816 kB
HighFree:           1600 kB
LowTotal:         548148 kB
LowFree:           74460 kB
SwapTotal:             0 kB
SwapFree:              0 kB
Dirty:                60 kB
Writeback:             0 kB
AnonPages:        519284 kB
Mapped:           166480 kB
Shmem:              4412 kB
Slab:              36268 kB
SReclaimable:      13636 kB
SUnreclaim:        22632 kB
KernelStack:        8384 kB
PageTables:        15860 kB
NFS_Unstable:          0 kB
Bounce:                0 kB
WritebackTmp:          0 kB
CommitLimit:      675480 kB
Committed_AS:   34130672 kB
VmallocTotal:     253952 kB
VmallocUsed:       79788 kB
VmallocChunk:      53252 kB
Time pass: 316 sec

---2015-10-25 22:02:27
MemTotal:        1350964 kB
MemFree:           76208 kB
Buffers:           55524 kB
Cached:           421168 kB
SwapCached:            0 kB
Active:           811416 kB
Inactive:         176260 kB
Active(anon):     519344 kB
Inactive(anon):     4356 kB
Active(file):     292072 kB
Inactive(file):   171904 kB
Unevictable:        8304 kB
Mlocked:               0 kB
HighTotal:        802816 kB
HighFree:           1600 kB
LowTotal:         548148 kB
LowFree:           74608 kB
SwapTotal:             0 kB
SwapFree:              0 kB
Dirty:                28 kB
Writeback:             0 kB
AnonPages:        519272 kB
Mapped:           166628 kB
Shmem:              4412 kB
Slab:              36368 kB
SReclaimable:      13636 kB
SUnreclaim:        22732 kB
KernelStack:        8384 kB
PageTables:        15864 kB
NFS_Unstable:          0 kB
Bounce:                0 kB
WritebackTmp:          0 kB
CommitLimit:      675480 kB
Committed_AS:   34130792 kB
VmallocTotal:     253952 kB
VmallocUsed:       79788 kB
VmallocChunk:      53252 kB
Time pass: 320 sec

---2015-10-25 22:02:27
MemTotal:        1350964 kB
MemFree:           75572 kB
Buffers:           55524 kB
Cached:           421168 kB
SwapCached:            0 kB
Active:           811264 kB
Inactive:         176256 kB
Active(anon):     519188 kB
Inactive(anon):     4356 kB
Active(file):     292076 kB
Inactive(file):   171900 kB
Unevictable:        8304 kB
Mlocked:               0 kB
HighTotal:        802816 kB
HighFree:           1600 kB
LowTotal:         548148 kB
LowFree:           73972 kB
SwapTotal:             0 kB
SwapFree:              0 kB
Dirty:                 0 kB
Writeback:             0 kB
AnonPages:        519220 kB
Mapped:           166628 kB
Shmem:              4412 kB
Slab:              36328 kB
SReclaimable:      13636 kB
SUnreclaim:        22692 kB
KernelStack:        8384 kB
PageTables:        15868 kB
NFS_Unstable:          0 kB
Bounce:                0 kB
WritebackTmp:          0 kB
CommitLimit:      675480 kB
Committed_AS:   34129544 kB
VmallocTotal:     253952 kB
VmallocUsed:       79788 kB
VmallocChunk:      53252 kB
Time pass: 324 sec

---2015-10-25 22:02:27
MemTotal:        1350964 kB
MemFree:           75900 kB
Buffers:           55524 kB
Cached:           421168 kB
SwapCached:            0 kB
Active:           811344 kB
Inactive:         176256 kB
Active(anon):     519268 kB
Inactive(anon):     4356 kB
Active(file):     292076 kB
Inactive(file):   171900 kB
Unevictable:        8304 kB
Mlocked:               0 kB
HighTotal:        802816 kB
HighFree:           1600 kB
LowTotal:         548148 kB
LowFree:           74300 kB
SwapTotal:             0 kB
SwapFree:              0 kB
Dirty:                32 kB
Writeback:             0 kB
AnonPages:        519128 kB
Mapped:           166480 kB
Shmem:              4412 kB
Slab:              36260 kB
SReclaimable:      13636 kB
SUnreclaim:        22624 kB
KernelStack:        8384 kB
PageTables:        15868 kB
NFS_Unstable:          0 kB
Bounce:                0 kB
WritebackTmp:          0 kB
CommitLimit:      675480 kB
Committed_AS:   34129544 kB
VmallocTotal:     253952 kB
VmallocUsed:       79788 kB
VmallocChunk:      53252 kB
Time pass: 327 sec

---2015-10-25 22:02:27
MemTotal:        1350964 kB
MemFree:           75844 kB
Buffers:           55528 kB
Cached:           421168 kB
SwapCached:            0 kB
Active:           811440 kB
Inactive:         176256 kB
Active(anon):     519364 kB
Inactive(anon):     4356 kB
Active(file):     292076 kB
Inactive(file):   171900 kB
Unevictable:        8304 kB
Mlocked:               0 kB
HighTotal:        802816 kB
HighFree:           2220 kB
LowTotal:         548148 kB
LowFree:           73624 kB
SwapTotal:             0 kB
SwapFree:              0 kB
Dirty:                44 kB
Writeback:             0 kB
AnonPages:        519220 kB
Mapped:           166480 kB
Shmem:              4412 kB
Slab:              36324 kB
SReclaimable:      13636 kB
