---2015-11-18 16:52:34
MemTotal:        2902232 kB
MemFree:          714648 kB
Buffers:           15464 kB
Cached:           996012 kB
SwapCached:            0 kB
Active:           850936 kB
Inactive:         820760 kB
Active(anon):     659324 kB
Inactive(anon):     4468 kB
Active(file):     191612 kB
Inactive(file):   816292 kB
Unevictable:           0 kB
Mlocked:               0 kB
HighTotal:       2311552 kB
HighFree:         276824 kB
LowTotal:         590680 kB
LowFree:          437824 kB
SwapTotal:       1048572 kB
SwapFree:        1048572 kB
Dirty:                 0 kB
Writeback:             0 kB
AnonPages:        660088 kB
Mapped:           267604 kB
Shmem:              3592 kB
Slab:              50692 kB
SReclaimable:      15388 kB
SUnreclaim:        35304 kB
KernelStack:       12856 kB
PageTables:        26924 kB
NFS_Unstable:          0 kB
Bounce:                0 kB
WritebackTmp:          0 kB
CommitLimit:     2499688 kB
Committed_AS:   61967216 kB
VmallocTotal:     385024 kB
VmallocUsed:      160564 kB
VmallocChunk:      68676 kB
Time pass: 3 sec

---2015-11-18 16:52:34
MemTotal:        2902232 kB
MemFree:          713936 kB
Buffers:           15464 kB
Cached:           996012 kB
SwapCached:            0 kB
Active:           851028 kB
Inactive:         820760 kB
Active(anon):     659416 kB
Inactive(anon):     4468 kB
Active(file):     191612 kB
Inactive(file):   816292 kB
Unevictable:           0 kB
Mlocked:               0 kB
HighTotal:       2311552 kB
HighFree:         275956 kB
LowTotal:         590680 kB
LowFree:          437980 kB
SwapTotal:       1048572 kB
SwapFree:        1048572 kB
Dirty:                 0 kB
Writeback:             0 kB
AnonPages:        660084 kB
Mapped:           267648 kB
Shmem:              3592 kB
Slab:              50684 kB
SReclaimable:      15388 kB
SUnreclaim:        35296 kB
KernelStack:       12856 kB
PageTables:        26940 kB
NFS_Unstable:          0 kB
Bounce:                0 kB
WritebackTmp:          0 kB
CommitLimit:     2499688 kB
Committed_AS:   61967600 kB
VmallocTotal:     385024 kB
VmallocUsed:      160564 kB
VmallocChunk:      68676 kB
Time pass: 6 sec

---2015-11-18 16:52:34
MemTotal:        2902232 kB
MemFree:          446668 kB
Buffers:           15684 kB
Cached:          1038868 kB
SwapCached:            0 kB
Active:           898324 kB
Inactive:         860952 kB
Active(anon):     703832 kB
Inactive(anon):     4592 kB
Active(file):     194492 kB
Inactive(file):   856360 kB
Unevictable:           0 kB
Mlocked:               0 kB
HighTotal:       2311552 kB
HighFree:          38056 kB
LowTotal:         590680 kB
LowFree:          408612 kB
SwapTotal:       1048572 kB
SwapFree:        1048572 kB
Dirty:              1264 kB
Writeback:             0 kB
AnonPages:        704636 kB
Mapped:           292536 kB
Shmem:              3716 kB
Slab:              50956 kB
SReclaimable:      15516 kB
SUnreclaim:        35440 kB
KernelStack:       13504 kB
PageTables:        27744 kB
NFS_Unstable:          0 kB
Bounce:                0 kB
WritebackTmp:          0 kB
CommitLimit:     2499688 kB
Committed_AS:   62829328 kB
VmallocTotal:     385024 kB
VmallocUsed:      162164 kB
VmallocChunk:      68676 kB
Time pass: 10 sec

---2015-11-18 16:52:34
MemTotal:        2902232 kB
MemFree:          400856 kB
Buffers:           15688 kB
Cached:          1039372 kB
SwapCached:            0 kB
Active:           885044 kB
Inactive:         861424 kB
Active(anon):     690512 kB
Inactive(anon):     4592 kB
Active(file):     194532 kB
Inactive(file):   856832 kB
Unevictable:           0 kB
Mlocked:               0 kB
HighTotal:       2311552 kB
HighFree:          44868 kB
LowTotal:         590680 kB
LowFree:          355988 kB
SwapTotal:       1048572 kB
SwapFree:        1048572 kB
Dirty:               136 kB
Writeback:             0 kB
AnonPages:        691456 kB
Mapped:           292928 kB
Shmem:              3716 kB
Slab:              51072 kB
SReclaimable:      15516 kB
SUnreclaim:        35556 kB
KernelStack:       13496 kB
PageTables:        27684 kB
NFS_Unstable:          0 kB
Bounce:                0 kB
WritebackTmp:          0 kB
CommitLimit:     2499688 kB
Committed_AS:   62825468 kB
VmallocTotal:     385024 kB
VmallocUsed:      162496 kB
VmallocChunk:      68676 kB
Time pass: 13 sec

---2015-11-18 16:52:34
MemTotal:        2902232 kB
MemFree:          400436 kB
Buffers:           15696 kB
Cached:          1039372 kB
SwapCached:            0 kB
Active:           884144 kB
Inactive:         861424 kB
Active(anon):     689612 kB
Inactive(anon):     4592 kB
Active(file):     194532 kB
Inactive(file):   856832 kB
Unevictable:           0 kB
Mlocked:               0 kB
HighTotal:       2311552 kB
HighFree:          44372 kB
LowTotal:         590680 kB
LowFree:          356064 kB
SwapTotal:       1048572 kB
SwapFree:        1048572 kB
Dirty:               260 kB
Writeback:             0 kB
AnonPages:        690408 kB
Mapped:           292980 kB
Shmem:              3716 kB
Slab:              51124 kB
SReclaimable:      15520 kB
SUnreclaim:        35604 kB
KernelStack:       13496 kB
PageTables:        27700 kB
NFS_Unstable:          0 kB
Bounce:                0 kB
WritebackTmp:          0 kB
CommitLimit:     2499688 kB
Committed_AS:   62825484 kB
VmallocTotal:     385024 kB
VmallocUsed:      162496 kB
VmallocChunk:      68676 kB
Time pass: 17 sec

---2015-11-18 16:52:34
MemTotal:        2902232 kB
MemFree:          374696 kB
Buffers:           15724 kB
Cached:          1042064 kB
SwapCached:            0 kB
Active:           897008 kB
Inactive:         858548 kB
Active(anon):     696936 kB
Inactive(anon):     4592 kB
Active(file):     200072 kB
Inactive(file):   853956 kB
Unevictable:           0 kB
Mlocked:               0 kB
HighTotal:       2311552 kB
HighFree:          38224 kB
LowTotal:         590680 kB
LowFree:          336472 kB
SwapTotal:       1048572 kB
SwapFree:        1048572 kB
Dirty:               112 kB
Writeback:             0 kB
AnonPages:        698592 kB
Mapped:           289672 kB
Shmem:              3716 kB
Slab:              51092 kB
SReclaimable:      15528 kB
SUnreclaim:        35564 kB
KernelStack:       13616 kB
PageTables:        27596 kB
NFS_Unstable:          0 kB
Bounce:                0 kB
WritebackTmp:          0 kB
CommitLimit:     2499688 kB
Committed_AS:   62820800 kB
VmallocTotal:     385024 kB
VmallocUsed:      162880 kB
VmallocChunk:      68676 kB
Time pass: 20 sec

---2015-11-18 16:52:34
MemTotal:        2902232 kB
MemFree:          352332 kB
Buffers:           15724 kB
Cached:          1042084 kB
SwapCached:            0 kB
Active:           904700 kB
Inactive:         858472 kB
Active(anon):     704468 kB
Inactive(anon):     4592 kB
Active(file):     200232 kB
Inactive(file):   853880 kB
Unevictable:           0 kB
Mlocked:               0 kB
HighTotal:       2311552 kB
HighFree:          37724 kB
LowTotal:         590680 kB
LowFree:          314608 kB
SwapTotal:       1048572 kB
SwapFree:        1048572 kB
Dirty:                 0 kB
Writeback:             0 kB
AnonPages:        705392 kB
Mapped:           290016 kB
Shmem:              3716 kB
Slab:              51144 kB
SReclaimable:      15536 kB
SUnreclaim:        35608 kB
KernelStack:       13624 kB
PageTables:        27840 kB
NFS_Unstable:          0 kB
Bounce:                0 kB
WritebackTmp:          0 kB
CommitLimit:     2499688 kB
Committed_AS:   62824692 kB
VmallocTotal:     385024 kB
VmallocUsed:      163256 kB
VmallocChunk:      68676 kB
Time pass: 24 sec

---2015-11-18 16:52:34
MemTotal:        2902232 kB
MemFree:          351516 kB
Buffers:           15732 kB
Cached:          1042132 kB
SwapCached:            0 kB
Active:           905044 kB
Inactive:         858524 kB
Active(anon):     704812 kB
Inactive(anon):     4596 kB
Active(file):     200232 kB
Inactive(file):   853928 kB
Unevictable:           0 kB
Mlocked:               0 kB
HighTotal:       2311552 kB
HighFree:          37724 kB
LowTotal:         590680 kB
LowFree:          313792 kB
SwapTotal:       1048572 kB
SwapFree:        1048572 kB
Dirty:               132 kB
Writeback:             0 kB
AnonPages:        705868 kB
Mapped:           290156 kB
Shmem:              3720 kB
Slab:              51172 kB
SReclaimable:      15536 kB
SUnreclaim:        35636 kB
KernelStack:       13632 kB
PageTables:        27764 kB
NFS_Unstable:          0 kB
Bounce:                0 kB
WritebackTmp:          0 kB
CommitLimit:     2499688 kB
Committed_AS:   62826620 kB
VmallocTotal:     385024 kB
VmallocUsed:      163144 kB
VmallocChunk:      68676 kB
Time pass: 27 sec

---2015-11-18 16:52:34
MemTotal:        2902232 kB
MemFree:          293176 kB
Buffers:           15756 kB
Cached:          1045700 kB
SwapCached:            0 kB
Active:           911028 kB
Inactive:         861704 kB
Active(anon):     710392 kB
Inactive(anon):     4596 kB
Active(file):     200636 kB
Inactive(file):   857108 kB
Unevictable:           0 kB
Mlocked:               0 kB
HighTotal:       2311552 kB
HighFree:          38220 kB
LowTotal:         590680 kB
LowFree:          254956 kB
SwapTotal:       1048572 kB
SwapFree:        1048572 kB
Dirty:              1356 kB
Writeback:             0 kB
AnonPages:        711100 kB
Mapped:           293484 kB
Shmem:              3720 kB
Slab:              51264 kB
SReclaimable:      15592 kB
SUnreclaim:        35672 kB
KernelStack:       13656 kB
PageTables:        27884 kB
NFS_Unstable:          0 kB
Bounce:                0 kB
WritebackTmp:          0 kB
CommitLimit:     2499688 kB
Committed_AS:   62841188 kB
VmallocTotal:     385024 kB
VmallocUsed:      163180 kB
VmallocChunk:      68676 kB
Time pass: 30 sec

---2015-11-18 16:52:34
MemTotal:        2902232 kB
MemFree:          292056 kB
Buffers:           15756 kB
Cached:          1046160 kB
SwapCached:            0 kB
Active:           911172 kB
Inactive:         862168 kB
Active(anon):     710528 kB
Inactive(anon):     4596 kB
Active(file):     200644 kB
Inactive(file):   857572 kB
Unevictable:           0 kB
Mlocked:               0 kB
HighTotal:       2311552 kB
HighFree:          38220 kB
LowTotal:         590680 kB
LowFree:          253836 kB
SwapTotal:       1048572 kB
SwapFree:        1048572 kB
Dirty:                28 kB
Writeback:             0 kB
AnonPages:        711420 kB
Mapped:           293716 kB
Shmem:              3720 kB
Slab:              51256 kB
SReclaimable:      15596 kB
SUnreclaim:        35660 kB
KernelStack:       13656 kB
PageTables:        27808 kB
NFS_Unstable:          0 kB
Bounce:                0 kB
WritebackTmp:          0 kB
CommitLimit:     2499688 kB
Committed_AS:   62841512 kB
VmallocTotal:     385024 kB
VmallocUsed:      163180 kB
VmallocChunk:      68676 kB
Time pass: 34 sec

---2015-11-18 16:52:34
MemTotal:        2902232 kB
MemFree:          291668 kB
Buffers:           15764 kB
Cached:          1046160 kB
SwapCached:            0 kB
Active:           911328 kB
Inactive:         862168 kB
Active(anon):     710684 kB
Inactive(anon):     4596 kB
Active(file):     200644 kB
Inactive(file):   857572 kB
Unevictable:           0 kB
Mlocked:               0 kB
HighTotal:       2311552 kB
HighFree:          38220 kB
LowTotal:         590680 kB
LowFree:          253448 kB
SwapTotal:       1048572 kB
SwapFree:        1048572 kB
Dirty:               100 kB
Writeback:             0 kB
AnonPages:        711604 kB
Mapped:           293760 kB
Shmem:              3720 kB
Slab:              51232 kB
SReclaimable:      15596 kB
SUnreclaim:        35636 kB
KernelStack:       13656 kB
PageTables:        27824 kB
NFS_Unstable:          0 kB
Bounce:                0 kB
WritebackTmp:          0 kB
CommitLimit:     2499688 kB
Committed_AS:   62841384 kB
VmallocTotal:     385024 kB
VmallocUsed:      163180 kB
VmallocChunk:      68676 kB
Time pass: 37 sec

---2015-11-18 16:52:34
MemTotal:        2902232 kB
MemFree:          279064 kB
Buffers:           15772 kB
Cached:          1046684 kB
SwapCached:            0 kB
Active:           913664 kB
Inactive:         862620 kB
Active(anon):     712984 kB
Inactive(anon):     4596 kB
Active(file):     200680 kB
Inactive(file):   858024 kB
Unevictable:           0 kB
Mlocked:               0 kB
HighTotal:       2311552 kB
HighFree:          38220 kB
LowTotal:         590680 kB
LowFree:          240844 kB
SwapTotal:       1048572 kB
SwapFree:        1048572 kB
Dirty:               248 kB
Writeback:             0 kB
AnonPages:        713888 kB
Mapped:           294156 kB
Shmem:              3720 kB
Slab:              51312 kB
SReclaimable:      15612 kB
SUnreclaim:        35700 kB
KernelStack:       13656 kB
PageTables:        27828 kB
NFS_Unstable:          0 kB
Bounce:                0 kB
WritebackTmp:          0 kB
CommitLimit:     2499688 kB
Committed_AS:   62844032 kB
VmallocTotal:     385024 kB
VmallocUsed:      163740 kB
VmallocChunk:      68676 kB
Time pass: 41 sec

---2015-11-18 16:52:34
MemTotal:        2902232 kB
MemFree:          260692 kB
Buffers:           15788 kB
Cached:          1047456 kB
SwapCached:            0 kB
Active:           924768 kB
Inactive:         863200 kB
Active(anon):     723956 kB
Inactive(anon):     4596 kB
Active(file):     200812 kB
Inactive(file):   858604 kB
Unevictable:           0 kB
Mlocked:               0 kB
HighTotal:       2311552 kB
HighFree:          38096 kB
LowTotal:         590680 kB
LowFree:          222596 kB
SwapTotal:       1048572 kB
SwapFree:        1048572 kB
Dirty:               392 kB
Writeback:             0 kB
AnonPages:        724772 kB
Mapped:           294156 kB
Shmem:              3720 kB
Slab:              51484 kB
SReclaimable:      15676 kB
SUnreclaim:        35808 kB
KernelStack:       13672 kB
PageTables:        27824 kB
NFS_Unstable:          0 kB
Bounce:                0 kB
WritebackTmp:          0 kB
CommitLimit:     2499688 kB
Committed_AS:   62855048 kB
VmallocTotal:     385024 kB
VmallocUsed:      163660 kB
VmallocChunk:      68676 kB
Time pass: 44 sec

---2015-11-18 16:52:34
MemTotal:        2902232 kB
MemFree:          237784 kB
Buffers:           15788 kB
Cached:          1047596 kB
SwapCached:            0 kB
Active:           920324 kB
Inactive:         862992 kB
Active(anon):     719044 kB
Inactive(anon):     4596 kB
Active(file):     201280 kB
Inactive(file):   858396 kB
Unevictable:           0 kB
Mlocked:               0 kB
HighTotal:       2311552 kB
HighFree:          38096 kB
LowTotal:         590680 kB
LowFree:          199688 kB
SwapTotal:       1048572 kB
SwapFree:        1048572 kB
Dirty:               616 kB
Writeback:             0 kB
AnonPages:        719888 kB
Mapped:           294212 kB
Shmem:              3720 kB
Slab:              52008 kB
SReclaimable:      15984 kB
SUnreclaim:        36024 kB
KernelStack:       13720 kB
PageTables:        27856 kB
NFS_Unstable:          0 kB
Bounce:                0 kB
WritebackTmp:          0 kB
CommitLimit:     2499688 kB
Committed_AS:   62849768 kB
VmallocTotal:     385024 kB
VmallocUsed:      163968 kB
VmallocChunk:      68676 kB
Time pass: 48 sec

---2015-11-18 16:52:34
MemTotal:        2902232 kB
MemFree:          209048 kB
Buffers:           15828 kB
Cached:          1052224 kB
SwapCached:            0 kB
Active:           934860 kB
Inactive:         867140 kB
Active(anon):     733124 kB
Inactive(anon):     4596 kB
Active(file):     201736 kB
Inactive(file):   862544 kB
Unevictable:           0 kB
Mlocked:               0 kB
HighTotal:       2311552 kB
HighFree:          38096 kB
LowTotal:         590680 kB
LowFree:          170952 kB
SwapTotal:       1048572 kB
SwapFree:        1048572 kB
Dirty:               368 kB
Writeback:             0 kB
AnonPages:        734088 kB
Mapped:           298512 kB
Shmem:              3720 kB
Slab:              51840 kB
SReclaimable:      15856 kB
SUnreclaim:        35984 kB
KernelStack:       13744 kB
PageTables:        27824 kB
NFS_Unstable:          0 kB
Bounce:                0 kB
WritebackTmp:          0 kB
CommitLimit:     2499688 kB
Committed_AS:   62879372 kB
VmallocTotal:     385024 kB
VmallocUsed:      167208 kB
VmallocChunk:      64572 kB
Time pass: 52 sec

---2015-11-18 16:52:34
MemTotal:        2902232 kB
MemFree:          203748 kB
Buffers:           15860 kB
Cached:          1052420 kB
SwapCached:            0 kB
Active:           940180 kB
Inactive:         867040 kB
Active(anon):     738076 kB
Inactive(anon):     4728 kB
Active(file):     202104 kB
Inactive(file):   862312 kB
Unevictable:           0 kB
Mlocked:               0 kB
HighTotal:       2311552 kB
HighFree:          38096 kB
LowTotal:         590680 kB
LowFree:          165652 kB
SwapTotal:       1048572 kB
SwapFree:        1048572 kB
Dirty:                60 kB
Writeback:             0 kB
AnonPages:        739124 kB
Mapped:           298712 kB
Shmem:              3860 kB
Slab:              51880 kB
SReclaimable:      15808 kB
SUnreclaim:        36072 kB
KernelStack:       13888 kB
PageTables:        27980 kB
NFS_Unstable:          0 kB
Bounce:                0 kB
WritebackTmp:          0 kB
CommitLimit:     2499688 kB
Committed_AS:   62883680 kB
VmallocTotal:     385024 kB
VmallocUsed:      167208 kB
VmallocChunk:      64572 kB
Time pass: 55 sec

---2015-11-18 16:52:34
MemTotal:        2902232 kB
MemFree:          192300 kB
Buffers:           15876 kB
Cached:          1052524 kB
SwapCached:            0 kB
Active:           941888 kB
Inactive:         867168 kB
Active(anon):     739784 kB
Inactive(anon):     4832 kB
Active(file):     202104 kB
Inactive(file):   862336 kB
Unevictable:           0 kB
Mlocked:               0 kB
HighTotal:       2311552 kB
HighFree:          38096 kB
LowTotal:         590680 kB
LowFree:          154204 kB
SwapTotal:       1048572 kB
SwapFree:        1048572 kB
Dirty:                 0 kB
Writeback:             0 kB
AnonPages:        740756 kB
Mapped:           298816 kB
Shmem:              3964 kB
Slab:              51912 kB
SReclaimable:      15808 kB
SUnreclaim:        36104 kB
KernelStack:       13888 kB
PageTables:        28112 kB
NFS_Unstable:          0 kB
Bounce:                0 kB
WritebackTmp:          0 kB
CommitLimit:     2499688 kB
Committed_AS:   62885484 kB
VmallocTotal:     385024 kB
VmallocUsed:      167208 kB
VmallocChunk:      64572 kB
Time pass: 59 sec

---2015-11-18 16:52:34
MemTotal:        2902232 kB
MemFree:          192068 kB
Buffers:           15900 kB
Cached:          1052604 kB
SwapCached:            0 kB
Active:           941672 kB
Inactive:         867272 kB
Active(anon):     739568 kB
Inactive(anon):     4936 kB
Active(file):     202104 kB
Inactive(file):   862336 kB
Unevictable:           0 kB
Mlocked:               0 kB
HighTotal:       2311552 kB
HighFree:          38096 kB
LowTotal:         590680 kB
LowFree:          153972 kB
SwapTotal:       1048572 kB
SwapFree:        1048572 kB
Dirty:                 0 kB
Writeback:             0 kB
AnonPages:        740996 kB
Mapped:           298964 kB
Shmem:              4068 kB
Slab:              51912 kB
SReclaimable:      15808 kB
SUnreclaim:        36104 kB
KernelStack:       13888 kB
PageTables:        28128 kB
NFS_Unstable:          0 kB
Bounce:                0 kB
WritebackTmp:          0 kB
CommitLimit:     2499688 kB
Committed_AS:   62885160 kB
VmallocTotal:     385024 kB
VmallocUsed:      167208 kB
VmallocChunk:      64572 kB
Time pass: 62 sec

---2015-11-18 16:52:34
MemTotal:        2902232 kB
MemFree:          192364 kB
Buffers:           15900 kB
Cached:          1052676 kB
SwapCached:            0 kB
Active:           941988 kB
Inactive:         867296 kB
Active(anon):     739884 kB
Inactive(anon):     4936 kB
Active(file):     202104 kB
Inactive(file):   862360 kB
Unevictable:           0 kB
Mlocked:               0 kB
HighTotal:       2311552 kB
HighFree:          38096 kB
LowTotal:         590680 kB
LowFree:          154268 kB
SwapTotal:       1048572 kB
SwapFree:        1048572 kB
Dirty:                36 kB
Writeback:             0 kB
AnonPages:        740800 kB
Mapped:           299012 kB
Shmem:              4116 kB
Slab:              51908 kB
SReclaimable:      15808 kB
SUnreclaim:        36100 kB
KernelStack:       13888 kB
PageTables:        28128 kB
NFS_Unstable:          0 kB
Bounce:                0 kB
WritebackTmp:          0 kB
CommitLimit:     2499688 kB
Committed_AS:   62885272 kB
VmallocTotal:     385024 kB
VmallocUsed:      167208 kB
VmallocChunk:      64572 kB
Time pass: 66 sec

---2015-11-18 16:52:34
MemTotal:        2902232 kB
MemFree:          191720 kB
Buffers:           15908 kB
Cached:          1052676 kB
SwapCached:            0 kB
Active:           941312 kB
Inactive:         867372 kB
Active(anon):     739208 kB
Inactive(anon):     4988 kB
Active(file):     202104 kB
Inactive(file):   862384 kB
Unevictable:           0 kB
Mlocked:               0 kB
HighTotal:       2311552 kB
HighFree:          38096 kB
LowTotal:         590680 kB
LowFree:          153624 kB
SwapTotal:       1048572 kB
SwapFree:        1048572 kB
Dirty:                28 kB
Writeback:             0 kB
AnonPages:        739820 kB
Mapped:           299012 kB
Shmem:              4116 kB
Slab:              51936 kB
SReclaimable:      15812 kB
SUnreclaim:        36124 kB
KernelStack:       13856 kB
PageTables:        28124 kB
NFS_Unstable:          0 kB
Bounce:                0 kB
WritebackTmp:          0 kB
CommitLimit:     2499688 kB
Committed_AS:   62885760 kB
VmallocTotal:     385024 kB
VmallocUsed:      167208 kB
VmallocChunk:      64572 kB
Time pass: 70 sec

---2015-11-18 16:52:34
MemTotal:        2902232 kB
MemFree:          190104 kB
Buffers:           15924 kB
Cached:          1052676 kB
SwapCached:            0 kB
Active:           943400 kB
Inactive:         867384 kB
Active(anon):     741292 kB
Inactive(anon):     4988 kB
Active(file):     202108 kB
Inactive(file):   862396 kB
Unevictable:           0 kB
Mlocked:               0 kB
HighTotal:       2311552 kB
HighFree:          38096 kB
LowTotal:         590680 kB
LowFree:          152008 kB
SwapTotal:       1048572 kB
SwapFree:        1048572 kB
Dirty:                44 kB
Writeback:             0 kB
AnonPages:        742212 kB
Mapped:           299052 kB
Shmem:              4116 kB
Slab:              51968 kB
SReclaimable:      15812 kB
SUnreclaim:        36156 kB
KernelStack:       13856 kB
PageTables:        28132 kB
NFS_Unstable:          0 kB
Bounce:                0 kB
WritebackTmp:          0 kB
CommitLimit:     2499688 kB
Committed_AS:   62887316 kB
VmallocTotal:     385024 kB
VmallocUsed:      167208 kB
VmallocChunk:      64572 kB
Time pass: 73 sec

---2015-11-18 16:52:34
MemTotal:        2902232 kB
MemFree:          190412 kB
Buffers:           15940 kB
Cached:          1052680 kB
SwapCached:            0 kB
Active:           943232 kB
Inactive:         867392 kB
Active(anon):     741124 kB
Inactive(anon):     4988 kB
Active(file):     202108 kB
Inactive(file):   862404 kB
Unevictable:           0 kB
Mlocked:               0 kB
HighTotal:       2311552 kB
HighFree:          38096 kB
LowTotal:         590680 kB
LowFree:          152316 kB
SwapTotal:       1048572 kB
SwapFree:        1048572 kB
Dirty:                36 kB
Writeback:             0 kB
AnonPages:        741992 kB
Mapped:           299012 kB
Shmem:              4120 kB
Slab:              52036 kB
SReclaimable:      15816 kB
SUnreclaim:        36220 kB
KernelStack:       13856 kB
PageTables:        28116 kB
NFS_Unstable:          0 kB
Bounce:                0 kB
WritebackTmp:          0 kB
CommitLimit:     2499688 kB
Committed_AS:   62887212 kB
VmallocTotal:     385024 kB
VmallocUsed:      167208 kB
VmallocChunk:      64572 kB
Time pass: 77 sec

---2015-11-18 16:52:34
MemTotal:        2902232 kB
MemFree:          189536 kB
Buffers:           15948 kB
Cached:          1052716 kB
SwapCached:            0 kB
Active:           944388 kB
Inactive:         867408 kB
Active(anon):     742280 kB
Inactive(anon):     4996 kB
Active(file):     202108 kB
Inactive(file):   862412 kB
Unevictable:           0 kB
Mlocked:               0 kB
HighTotal:       2311552 kB
HighFree:          38096 kB
LowTotal:         590680 kB
LowFree:          151440 kB
SwapTotal:       1048572 kB
SwapFree:        1048572 kB
Dirty:                28 kB
Writeback:             0 kB
AnonPages:        743020 kB
Mapped:           299052 kB
Shmem:              4156 kB
Slab:              51896 kB
SReclaimable:      15816 kB
SUnreclaim:        36080 kB
KernelStack:       13856 kB
PageTables:        28116 kB
NFS_Unstable:          0 kB
Bounce:                0 kB
WritebackTmp:          0 kB
CommitLimit:     2499688 kB
Committed_AS:   62888256 kB
VmallocTotal:     385024 kB
VmallocUsed:      167208 kB
VmallocChunk:      64572 kB
Time pass: 80 sec

---2015-11-18 16:52:34
MemTotal:        2902232 kB
MemFree:          188784 kB
Buffers:           15964 kB
Cached:          1052780 kB
SwapCached:            0 kB
Active:           944536 kB
Inactive:         867512 kB
Active(anon):     742428 kB
Inactive(anon):     5084 kB
Active(file):     202108 kB
Inactive(file):   862428 kB
Unevictable:           0 kB
Mlocked:               0 kB
HighTotal:       2311552 kB
HighFree:          38096 kB
LowTotal:         590680 kB
LowFree:          150688 kB
SwapTotal:       1048572 kB
SwapFree:        1048572 kB
Dirty:                36 kB
Writeback:             0 kB
AnonPages:        743144 kB
Mapped:           299160 kB
Shmem:              4220 kB
Slab:              51900 kB
SReclaimable:      15816 kB
SUnreclaim:        36084 kB
KernelStack:       13840 kB
PageTables:        28132 kB
NFS_Unstable:          0 kB
Bounce:                0 kB
WritebackTmp:          0 kB
CommitLimit:     2499688 kB
Committed_AS:   62888152 kB
VmallocTotal:     385024 kB
VmallocUsed:      167208 kB
VmallocChunk:      64572 kB
Time pass: 84 sec

---2015-11-18 16:52:34
MemTotal:        2902232 kB
MemFree:          189396 kB
Buffers:           15964 kB
Cached:          1052780 kB
SwapCached:            0 kB
Active:           943528 kB
Inactive:         867528 kB
Active(anon):     741420 kB
Inactive(anon):     5092 kB
Active(file):     202108 kB
Inactive(file):   862436 kB
Unevictable:           0 kB
Mlocked:               0 kB
HighTotal:       2311552 kB
HighFree:          38096 kB
LowTotal:         590680 kB
LowFree:          151300 kB
SwapTotal:       1048572 kB
SwapFree:        1048572 kB
Dirty:                 0 kB
Writeback:             0 kB
AnonPages:        742132 kB
Mapped:           299204 kB
Shmem:              4220 kB
Slab:              51908 kB
SReclaimable:      15816 kB
SUnreclaim:        36092 kB
KernelStack:       13832 kB
PageTables:        28148 kB
NFS_Unstable:          0 kB
Bounce:                0 kB
WritebackTmp:          0 kB
CommitLimit:     2499688 kB
Committed_AS:   62886952 kB
VmallocTotal:     385024 kB
VmallocUsed:      167208 kB
VmallocChunk:      64572 kB
Time pass: 87 sec

---2015-11-18 16:52:34
MemTotal:        2902232 kB
MemFree:          188924 kB
Buffers:           15972 kB
Cached:          1052792 kB
SwapCached:            0 kB
Active:           943448 kB
Inactive:         867528 kB
Active(anon):     741340 kB
Inactive(anon):     5092 kB
Active(file):     202108 kB
Inactive(file):   862436 kB
Unevictable:           0 kB
Mlocked:               0 kB
HighTotal:       2311552 kB
HighFree:          38096 kB
LowTotal:         590680 kB
LowFree:          150828 kB
SwapTotal:       1048572 kB
SwapFree:        1048572 kB
Dirty:                28 kB
Writeback:             0 kB
AnonPages:        742096 kB
Mapped:           299172 kB
Shmem:              4232 kB
Slab:              51928 kB
SReclaimable:      15820 kB
SUnreclaim:        36108 kB
KernelStack:       13832 kB
PageTables:        28132 kB
NFS_Unstable:          0 kB
Bounce:                0 kB
WritebackTmp:          0 kB
CommitLimit:     2499688 kB
Committed_AS:   62886980 kB
VmallocTotal:     385024 kB
VmallocUsed:      167208 kB
VmallocChunk:      64572 kB
Time pass: 91 sec

---2015-11-18 16:52:34
MemTotal:        2902232 kB
MemFree:          188752 kB
Buffers:           15972 kB
Cached:          1052864 kB
SwapCached:            0 kB
Active:           943652 kB
Inactive:         867620 kB
Active(anon):     741544 kB
Inactive(anon):     5176 kB
Active(file):     202108 kB
Inactive(file):   862444 kB
Unevictable:           0 kB
Mlocked:               0 kB
HighTotal:       2311552 kB
HighFree:          38096 kB
LowTotal:         590680 kB
LowFree:          150656 kB
SwapTotal:       1048572 kB
SwapFree:        1048572 kB
Dirty:                 0 kB
Writeback:             0 kB
AnonPages:        742252 kB
Mapped:           299288 kB
Shmem:              4304 kB
Slab:              51952 kB
SReclaimable:      15820 kB
SUnreclaim:        36132 kB
KernelStack:       13824 kB
PageTables:        28148 kB
NFS_Unstable:          0 kB
Bounce:                0 kB
WritebackTmp:          0 kB
CommitLimit:     2499688 kB
Committed_AS:   62886964 kB
VmallocTotal:     385024 kB
VmallocUsed:      167208 kB
VmallocChunk:      64572 kB
Time pass: 94 sec

---2015-11-18 16:52:34
MemTotal:        2902232 kB
MemFree:          188836 kB
Buffers:           15972 kB
Cached:          1052956 kB
SwapCached:            0 kB
Active:           943700 kB
Inactive:         867712 kB
Active(anon):     741592 kB
Inactive(anon):     5268 kB
Active(file):     202108 kB
Inactive(file):   862444 kB
Unevictable:           0 kB
Mlocked:               0 kB
HighTotal:       2311552 kB
HighFree:          38096 kB
LowTotal:         590680 kB
LowFree:          150740 kB
SwapTotal:       1048572 kB
SwapFree:        1048572 kB
Dirty:                 0 kB
Writeback:             0 kB
AnonPages:        742160 kB
Mapped:           299380 kB
Shmem:              4396 kB
Slab:              51928 kB
SReclaimable:      15820 kB
SUnreclaim:        36108 kB
KernelStack:       13824 kB
PageTables:        28148 kB
NFS_Unstable:          0 kB
Bounce:                0 kB
WritebackTmp:          0 kB
CommitLimit:     2499688 kB
Committed_AS:   62886880 kB
VmallocTotal:     385024 kB
VmallocUsed:      167208 kB
VmallocChunk:      64572 kB
Time pass: 97 sec

---2015-11-18 16:52:34
MemTotal:        2902232 kB
MemFree:          196616 kB
Buffers:           15980 kB
Cached:          1052448 kB
SwapCached:            0 kB
Active:           936892 kB
Inactive:         867148 kB
Active(anon):     734716 kB
Inactive(anon):     4596 kB
Active(file):     202176 kB
Inactive(file):   862552 kB
Unevictable:           0 kB
Mlocked:               0 kB
HighTotal:       2311552 kB
HighFree:          40452 kB
LowTotal:         590680 kB
LowFree:          156164 kB
SwapTotal:       1048572 kB
SwapFree:        1048572 kB
Dirty:                 4 kB
Writeback:             0 kB
AnonPages:        735728 kB
Mapped:           298480 kB
Shmem:              3720 kB
Slab:              51916 kB
SReclaimable:      15820 kB
SUnreclaim:        36096 kB
KernelStack:       13624 kB
PageTables:        27924 kB
NFS_Unstable:          0 kB
Bounce:                0 kB
WritebackTmp:          0 kB
CommitLimit:     2499688 kB
Committed_AS:   62863296 kB
VmallocTotal:     385024 kB
VmallocUsed:      165180 kB
VmallocChunk:      66624 kB
Time pass: 101 sec

---2015-11-18 16:52:34
MemTotal:        2902232 kB
MemFree:          457092 kB
Buffers:           16072 kB
Cached:          1052316 kB
SwapCached:            0 kB
Active:           897768 kB
Inactive:         862288 kB
Active(anon):     690968 kB
Inactive(anon):     4464 kB
Active(file):     206800 kB
Inactive(file):   857824 kB
Unevictable:           0 kB
Mlocked:               0 kB
HighTotal:       2311552 kB
HighFree:         121136 kB
LowTotal:         590680 kB
LowFree:          335956 kB
SwapTotal:       1048572 kB
SwapFree:        1048572 kB
Dirty:               680 kB
Writeback:             0 kB
AnonPages:        692672 kB
Mapped:           284256 kB
Shmem:              3588 kB
Slab:              51748 kB
SReclaimable:      15816 kB
SUnreclaim:        35932 kB
KernelStack:       12984 kB
PageTables:        27356 kB
NFS_Unstable:          0 kB
Bounce:                0 kB
WritebackTmp:          0 kB
CommitLimit:     2499688 kB
Committed_AS:   62013512 kB
VmallocTotal:     385024 kB
VmallocUsed:      162252 kB
VmallocChunk:      66624 kB
Time pass: 104 sec

---2015-11-18 16:52:34
MemTotal:        2902232 kB
MemFree:          293844 kB
Buffers:           16104 kB
Cached:          1053280 kB
SwapCached:            0 kB
Active:           927532 kB
Inactive:         862644 kB
Active(anon):     719908 kB
Inactive(anon):     4592 kB
Active(file):     207624 kB
Inactive(file):   858052 kB
Unevictable:           0 kB
Mlocked:               0 kB
HighTotal:       2311552 kB
HighFree:          38040 kB
LowTotal:         590680 kB
LowFree:          255804 kB
SwapTotal:       1048572 kB
SwapFree:        1048572 kB
Dirty:              1908 kB
Writeback:             0 kB
AnonPages:        720844 kB
Mapped:           295200 kB
Shmem:              3716 kB
Slab:              51792 kB
SReclaimable:      15840 kB
SUnreclaim:        35952 kB
KernelStack:       13672 kB
PageTables:        27692 kB
NFS_Unstable:          0 kB
Bounce:                0 kB
WritebackTmp:          0 kB
CommitLimit:     2499688 kB
Committed_AS:   62048184 kB
VmallocTotal:     385024 kB
VmallocUsed:      162880 kB
VmallocChunk:      66624 kB
Time pass: 107 sec

---2015-11-18 16:52:34
MemTotal:        2902232 kB
MemFree:          240788 kB
Buffers:           16104 kB
Cached:          1054240 kB
SwapCached:            0 kB
Active:           929480 kB
Inactive:         862164 kB
Active(anon):     720404 kB
Inactive(anon):     4592 kB
Active(file):     209076 kB
Inactive(file):   857572 kB
Unevictable:           0 kB
Mlocked:               0 kB
HighTotal:       2311552 kB
HighFree:          38484 kB
LowTotal:         590680 kB
LowFree:          202304 kB
SwapTotal:       1048572 kB
SwapFree:        1048572 kB
Dirty:               896 kB
Writeback:            76 kB
AnonPages:        721072 kB
Mapped:           295796 kB
Shmem:              3716 kB
Slab:              51744 kB
SReclaimable:      15848 kB
SUnreclaim:        35896 kB
KernelStack:       13600 kB
PageTables:        27692 kB
NFS_Unstable:          0 kB
Bounce:                0 kB
WritebackTmp:          0 kB
CommitLimit:     2499688 kB
Committed_AS:   62052364 kB
VmallocTotal:     385024 kB
VmallocUsed:      163332 kB
VmallocChunk:      66624 kB
Time pass: 111 sec

---2015-11-18 16:52:34
MemTotal:        2902232 kB
MemFree:          240948 kB
Buffers:           16112 kB
Cached:          1054240 kB
SwapCached:            0 kB
Active:           928480 kB
Inactive:         862164 kB
Active(anon):     719404 kB
Inactive(anon):     4592 kB
Active(file):     209076 kB
Inactive(file):   857572 kB
Unevictable:           0 kB
Mlocked:               0 kB
HighTotal:       2311552 kB
HighFree:          38608 kB
LowTotal:         590680 kB
LowFree:          202340 kB
SwapTotal:       1048572 kB
SwapFree:        1048572 kB
Dirty:              1024 kB
Writeback:             0 kB
AnonPages:        720112 kB
Mapped:           295796 kB
Shmem:              3716 kB
Slab:              51836 kB
SReclaimable:      15848 kB
SUnreclaim:        35988 kB
KernelStack:       13616 kB
PageTables:        27608 kB
NFS_Unstable:          0 kB
Bounce:                0 kB
WritebackTmp:          0 kB
CommitLimit:     2499688 kB
Committed_AS:   62052416 kB
VmallocTotal:     385024 kB
VmallocUsed:      163332 kB
VmallocChunk:      66624 kB
Time pass: 114 sec

---2015-11-18 16:52:34
MemTotal:        2902232 kB
MemFree:          236132 kB
Buffers:           16120 kB
Cached:          1054420 kB
SwapCached:            0 kB
Active:           930496 kB
Inactive:         862116 kB
Active(anon):     721176 kB
Inactive(anon):     4592 kB
Active(file):     209320 kB
Inactive(file):   857524 kB
Unevictable:           0 kB
Mlocked:               0 kB
HighTotal:       2311552 kB
HighFree:          37916 kB
LowTotal:         590680 kB
LowFree:          198216 kB
SwapTotal:       1048572 kB
SwapFree:        1048572 kB
Dirty:               272 kB
Writeback:             0 kB
AnonPages:        722072 kB
Mapped:           296028 kB
Shmem:              3716 kB
Slab:              51904 kB
SReclaimable:      15856 kB
SUnreclaim:        36048 kB
KernelStack:       13616 kB
PageTables:        27600 kB
NFS_Unstable:          0 kB
Bounce:                0 kB
WritebackTmp:          0 kB
CommitLimit:     2499688 kB
Committed_AS:   62054376 kB
VmallocTotal:     385024 kB
VmallocUsed:      163892 kB
VmallocChunk:      66624 kB
Time pass: 118 sec

---2015-11-18 16:52:34
MemTotal:        2902232 kB
MemFree:          235688 kB
Buffers:           16128 kB
Cached:          1054412 kB
SwapCached:            0 kB
Active:           930864 kB
Inactive:         862060 kB
Active(anon):     721488 kB
Inactive(anon):     4592 kB
Active(file):     209376 kB
Inactive(file):   857468 kB
Unevictable:           0 kB
Mlocked:               0 kB
HighTotal:       2311552 kB
HighFree:          37916 kB
LowTotal:         590680 kB
LowFree:          197772 kB
SwapTotal:       1048572 kB
SwapFree:        1048572 kB
Dirty:                 0 kB
Writeback:             0 kB
AnonPages:        722212 kB
Mapped:           296116 kB
Shmem:              3716 kB
Slab:              51936 kB
SReclaimable:      15856 kB
SUnreclaim:        36080 kB
KernelStack:       13616 kB
PageTables:        27632 kB
NFS_Unstable:          0 kB
Bounce:                0 kB
WritebackTmp:          0 kB
CommitLimit:     2499688 kB
Committed_AS:   62054420 kB
VmallocTotal:     385024 kB
VmallocUsed:      163892 kB
VmallocChunk:      66624 kB
Time pass: 121 sec

---2015-11-18 16:52:34
MemTotal:        2902232 kB
MemFree:          201540 kB
Buffers:           16136 kB
Cached:          1054436 kB
SwapCached:            0 kB
Active:           936572 kB
Inactive:         862060 kB
Active(anon):     727188 kB
Inactive(anon):     4592 kB
Active(file):     209384 kB
Inactive(file):   857468 kB
Unevictable:           0 kB
Mlocked:               0 kB
HighTotal:       2311552 kB
HighFree:          38040 kB
LowTotal:         590680 kB
LowFree:          163500 kB
SwapTotal:       1048572 kB
SwapFree:        1048572 kB
Dirty:               604 kB
Writeback:             0 kB
AnonPages:        728092 kB
Mapped:           296400 kB
Shmem:              3716 kB
Slab:              51892 kB
SReclaimable:      15868 kB
SUnreclaim:        36024 kB
KernelStack:       13616 kB
PageTables:        27600 kB
NFS_Unstable:          0 kB
Bounce:                0 kB
WritebackTmp:          0 kB
CommitLimit:     2499688 kB
Committed_AS:   62059744 kB
VmallocTotal:     385024 kB
VmallocUsed:      163984 kB
VmallocChunk:      66624 kB
Time pass: 125 sec

---2015-11-18 16:52:34
MemTotal:        2902232 kB
MemFree:          200748 kB
Buffers:           16144 kB
Cached:          1054436 kB
SwapCached:            0 kB
Active:           936532 kB
Inactive:         862084 kB
Active(anon):     727148 kB
Inactive(anon):     4592 kB
Active(file):     209384 kB
Inactive(file):   857492 kB
Unevictable:           0 kB
Mlocked:               0 kB
HighTotal:       2311552 kB
HighFree:          38040 kB
LowTotal:         590680 kB
LowFree:          162708 kB
SwapTotal:       1048572 kB
SwapFree:        1048572 kB
Dirty:                60 kB
Writeback:             0 kB
AnonPages:        728144 kB
Mapped:           296444 kB
Shmem:              3716 kB
Slab:              51864 kB
SReclaimable:      15868 kB
SUnreclaim:        35996 kB
KernelStack:       13616 kB
PageTables:        27616 kB
NFS_Unstable:          0 kB
Bounce:                0 kB
WritebackTmp:          0 kB
CommitLimit:     2499688 kB
Committed_AS:   62059592 kB
VmallocTotal:     385024 kB
VmallocUsed:      163984 kB
VmallocChunk:      66624 kB
Time pass: 128 sec

---2015-11-18 16:52:34
MemTotal:        2902232 kB
MemFree:          200632 kB
Buffers:           16144 kB
Cached:          1054436 kB
SwapCached:            0 kB
Active:           936652 kB
Inactive:         862092 kB
Active(anon):     727272 kB
Inactive(anon):     4592 kB
Active(file):     209380 kB
Inactive(file):   857500 kB
Unevictable:           0 kB
Mlocked:               0 kB
HighTotal:       2311552 kB
HighFree:          38040 kB
LowTotal:         590680 kB
LowFree:          162592 kB
SwapTotal:       1048572 kB
SwapFree:        1048572 kB
Dirty:                 4 kB
Writeback:             0 kB
AnonPages:        728200 kB
Mapped:           296444 kB
Shmem:              3716 kB
Slab:              51872 kB
SReclaimable:      15868 kB
SUnreclaim:        36004 kB
KernelStack:       13616 kB
PageTables:        27616 kB
NFS_Unstable:          0 kB
Bounce:                0 kB
WritebackTmp:          0 kB
CommitLimit:     2499688 kB
Committed_AS:   62059776 kB
VmallocTotal:     385024 kB
VmallocUsed:      163984 kB
VmallocChunk:      66624 kB
Time pass: 132 sec

---2015-11-18 16:52:34
MemTotal:        2902232 kB
MemFree:          190320 kB
Buffers:           16168 kB
Cached:          1054580 kB
SwapCached:            0 kB
Active:           946292 kB
Inactive:         862244 kB
Active(anon):     736912 kB
Inactive(anon):     4712 kB
Active(file):     209380 kB
Inactive(file):   857532 kB
Unevictable:           0 kB
Mlocked:               0 kB
HighTotal:       2311552 kB
HighFree:          38040 kB
LowTotal:         590680 kB
LowFree:          152280 kB
SwapTotal:       1048572 kB
SwapFree:        1048572 kB
Dirty:                60 kB
Writeback:             0 kB
AnonPages:        737936 kB
Mapped:           299432 kB
Shmem:              3856 kB
Slab:              51876 kB
SReclaimable:      15868 kB
SUnreclaim:        36008 kB
KernelStack:       13832 kB
PageTables:        27772 kB
NFS_Unstable:          0 kB
Bounce:                0 kB
WritebackTmp:          0 kB
CommitLimit:     2499688 kB
Committed_AS:   62086832 kB
VmallocTotal:     385024 kB
VmallocUsed:      166196 kB
VmallocChunk:      66624 kB
Time pass: 136 sec

---2015-11-18 16:52:34
MemTotal:        2902232 kB
MemFree:          179704 kB
Buffers:           16216 kB
Cached:          1054764 kB
SwapCached:            0 kB
Active:           954204 kB
Inactive:         862428 kB
Active(anon):     744820 kB
Inactive(anon):     4848 kB
Active(file):     209384 kB
Inactive(file):   857580 kB
Unevictable:           0 kB
Mlocked:               0 kB
HighTotal:       2311552 kB
HighFree:          38040 kB
LowTotal:         590680 kB
LowFree:          141664 kB
SwapTotal:       1048572 kB
SwapFree:        1048572 kB
Dirty:                64 kB
Writeback:             0 kB
AnonPages:        745896 kB
Mapped:           299988 kB
Shmem:              4036 kB
Slab:              51932 kB
SReclaimable:      15884 kB
SUnreclaim:        36048 kB
KernelStack:       13848 kB
PageTables:        27820 kB
NFS_Unstable:          0 kB
Bounce:                0 kB
WritebackTmp:          0 kB
CommitLimit:     2499688 kB
Committed_AS:   62093696 kB
VmallocTotal:     385024 kB
VmallocUsed:      166196 kB
VmallocChunk:      66624 kB
Time pass: 139 sec

---2015-11-18 16:52:34
MemTotal:        2902232 kB
MemFree:          176900 kB
Buffers:           16232 kB
Cached:          1054836 kB
SwapCached:            0 kB
Active:           956620 kB
Inactive:         862572 kB
Active(anon):     747236 kB
Inactive(anon):     4976 kB
Active(file):     209384 kB
Inactive(file):   857596 kB
Unevictable:           0 kB
Mlocked:               0 kB
HighTotal:       2311552 kB
HighFree:          38040 kB
LowTotal:         590680 kB
LowFree:          138860 kB
SwapTotal:       1048572 kB
SwapFree:        1048572 kB
Dirty:                 0 kB
Writeback:             0 kB
AnonPages:        748020 kB
Mapped:           300104 kB
Shmem:              4108 kB
Slab:              51928 kB
SReclaimable:      15888 kB
SUnreclaim:        36040 kB
KernelStack:       13840 kB
PageTables:        27848 kB
NFS_Unstable:          0 kB
Bounce:                0 kB
WritebackTmp:          0 kB
CommitLimit:     2499688 kB
Committed_AS:   62096716 kB
VmallocTotal:     385024 kB
VmallocUsed:      166196 kB
VmallocChunk:      66624 kB
Time pass: 143 sec

---2015-11-18 16:52:34
MemTotal:        2902232 kB
MemFree:          171984 kB
Buffers:           16264 kB
Cached:          1054920 kB
SwapCached:            0 kB
Active:           961060 kB
Inactive:         862664 kB
Active(anon):     751688 kB
Inactive(anon):     5044 kB
Active(file):     209372 kB
Inactive(file):   857620 kB
Unevictable:           0 kB
Mlocked:               0 kB
HighTotal:       2311552 kB
HighFree:          38040 kB
LowTotal:         590680 kB
LowFree:          133944 kB
SwapTotal:       1048572 kB
SwapFree:        1048572 kB
Dirty:                96 kB
Writeback:             0 kB
AnonPages:        752572 kB
Mapped:           300232 kB
Shmem:              4192 kB
Slab:              52040 kB
SReclaimable:      15896 kB
SUnreclaim:        36144 kB
KernelStack:       13912 kB
PageTables:        28124 kB
NFS_Unstable:          0 kB
Bounce:                0 kB
WritebackTmp:          0 kB
CommitLimit:     2499688 kB
Committed_AS:   62890556 kB
VmallocTotal:     385024 kB
VmallocUsed:      167216 kB
VmallocChunk:      66624 kB
Time pass: 146 sec

---2015-11-18 16:52:34
MemTotal:        2902232 kB
MemFree:          171132 kB
Buffers:           16264 kB
Cached:          1054924 kB
SwapCached:            0 kB
Active:           962568 kB
Inactive:         862708 kB
Active(anon):     753196 kB
Inactive(anon):     5068 kB
Active(file):     209372 kB
Inactive(file):   857640 kB
Unevictable:           0 kB
Mlocked:               0 kB
HighTotal:       2311552 kB
HighFree:          38040 kB
LowTotal:         590680 kB
LowFree:          133092 kB
SwapTotal:       1048572 kB
SwapFree:        1048572 kB
Dirty:                96 kB
Writeback:             0 kB
AnonPages:        753904 kB
Mapped:           300236 kB
Shmem:              4196 kB
Slab:              52068 kB
SReclaimable:      15896 kB
SUnreclaim:        36172 kB
KernelStack:       13912 kB
PageTables:        28128 kB
NFS_Unstable:          0 kB
Bounce:                0 kB
WritebackTmp:          0 kB
CommitLimit:     2499688 kB
Committed_AS:   62894840 kB
VmallocTotal:     385024 kB
VmallocUsed:      167216 kB
VmallocChunk:      66624 kB
Time pass: 150 sec

---2015-11-18 16:52:34
MemTotal:        2902232 kB
MemFree:          170664 kB
Buffers:           16288 kB
Cached:          1054928 kB
SwapCached:            0 kB
Active:           962640 kB
Inactive:         862736 kB
Active(anon):     753268 kB
Inactive(anon):     5072 kB
Active(file):     209372 kB
Inactive(file):   857664 kB
Unevictable:           0 kB
Mlocked:               0 kB
HighTotal:       2311552 kB
HighFree:          38040 kB
LowTotal:         590680 kB
LowFree:          132624 kB
SwapTotal:       1048572 kB
SwapFree:        1048572 kB
Dirty:                80 kB
Writeback:             0 kB
AnonPages:        754068 kB
Mapped:           300244 kB
Shmem:              4200 kB
Slab:              52040 kB
SReclaimable:      15880 kB
SUnreclaim:        36160 kB
KernelStack:       13912 kB
PageTables:        28128 kB
NFS_Unstable:          0 kB
Bounce:                0 kB
WritebackTmp:          0 kB
CommitLimit:     2499688 kB
Committed_AS:   62894768 kB
VmallocTotal:     385024 kB
VmallocUsed:      167216 kB
VmallocChunk:      66624 kB
Time pass: 153 sec

---2015-11-18 16:52:34
MemTotal:        2902232 kB
MemFree:          170000 kB
Buffers:           16288 kB
Cached:          1054988 kB
SwapCached:            0 kB
Active:           962064 kB
Inactive:         862760 kB
Active(anon):     752692 kB
Inactive(anon):     5084 kB
Active(file):     209372 kB
Inactive(file):   857676 kB
Unevictable:           0 kB
Mlocked:               0 kB
HighTotal:       2311552 kB
HighFree:          38040 kB
LowTotal:         590680 kB
LowFree:          131960 kB
SwapTotal:       1048572 kB
SwapFree:        1048572 kB
Dirty:                 0 kB
Writeback:             0 kB
AnonPages:        753540 kB
Mapped:           300312 kB
Shmem:              4224 kB
Slab:              52044 kB
SReclaimable:      15880 kB
SUnreclaim:        36164 kB
KernelStack:       13888 kB
PageTables:        28144 kB
NFS_Unstable:          0 kB
Bounce:                0 kB
WritebackTmp:          0 kB
CommitLimit:     2499688 kB
Committed_AS:   62893688 kB
VmallocTotal:     385024 kB
VmallocUsed:      167216 kB
VmallocChunk:      66624 kB
Time pass: 157 sec

---2015-11-18 16:52:34
MemTotal:        2902232 kB
MemFree:          168456 kB
Buffers:           16304 kB
Cached:          1054992 kB
SwapCached:            0 kB
Active:           963400 kB
Inactive:         862808 kB
Active(anon):     754024 kB
Inactive(anon):     5096 kB
Active(file):     209376 kB
Inactive(file):   857712 kB
Unevictable:           0 kB
Mlocked:               0 kB
HighTotal:       2311552 kB
HighFree:          38040 kB
LowTotal:         590680 kB
LowFree:          130416 kB
SwapTotal:       1048572 kB
SwapFree:        1048572 kB
Dirty:                44 kB
Writeback:             0 kB
AnonPages:        754836 kB
Mapped:           300320 kB
Shmem:              4228 kB
Slab:              52084 kB
SReclaimable:      15880 kB
SUnreclaim:        36204 kB
KernelStack:       13880 kB
PageTables:        28148 kB
NFS_Unstable:          0 kB
Bounce:                0 kB
WritebackTmp:          0 kB
CommitLimit:     2499688 kB
Committed_AS:   62894672 kB
VmallocTotal:     385024 kB
VmallocUsed:      167216 kB
VmallocChunk:      66624 kB
Time pass: 160 sec

---2015-11-18 16:52:34
MemTotal:        2902232 kB
MemFree:          167804 kB
Buffers:           16312 kB
Cached:          1054988 kB
SwapCached:            0 kB
Active:           963560 kB
Inactive:         862816 kB
Active(anon):     754184 kB
Inactive(anon):     5104 kB
Active(file):     209376 kB
Inactive(file):   857712 kB
Unevictable:           0 kB
Mlocked:               0 kB
HighTotal:       2311552 kB
HighFree:          38040 kB
LowTotal:         590680 kB
LowFree:          129764 kB
SwapTotal:       1048572 kB
SwapFree:        1048572 kB
Dirty:                 0 kB
Writeback:             0 kB
AnonPages:        755064 kB
Mapped:           300324 kB
Shmem:              4232 kB
Slab:              52096 kB
SReclaimable:      15880 kB
SUnreclaim:        36216 kB
KernelStack:       13880 kB
PageTables:        28144 kB
NFS_Unstable:          0 kB
Bounce:                0 kB
WritebackTmp:          0 kB
CommitLimit:     2499688 kB
Committed_AS:   62894724 kB
VmallocTotal:     385024 kB
VmallocUsed:      167216 kB
VmallocChunk:      66624 kB
Time pass: 164 sec

---2015-11-18 16:52:34
MemTotal:        2902232 kB
MemFree:          167408 kB
Buffers:           16328 kB
Cached:          1055028 kB
SwapCached:            0 kB
Active:           964536 kB
Inactive:         862628 kB
Active(anon):     754936 kB
Inactive(anon):     5104 kB
Active(file):     209600 kB
Inactive(file):   857524 kB
Unevictable:           0 kB
Mlocked:               0 kB
HighTotal:       2311552 kB
HighFree:          39528 kB
LowTotal:         590680 kB
LowFree:          127880 kB
SwapTotal:       1048572 kB
SwapFree:        1048572 kB
Dirty:                36 kB
Writeback:             0 kB
AnonPages:        755768 kB
Mapped:           300296 kB
Shmem:              4236 kB
Slab:              52164 kB
SReclaimable:      15880 kB
SUnreclaim:        36284 kB
KernelStack:       13880 kB
PageTables:        28148 kB
NFS_Unstable:          0 kB
Bounce:                0 kB
WritebackTmp:          0 kB
CommitLimit:     2499688 kB
Committed_AS:   62893996 kB
VmallocTotal:     385024 kB
VmallocUsed:      167216 kB
VmallocChunk:      66624 kB
Time pass: 167 sec

---2015-11-18 16:52:34
MemTotal:        2902232 kB
MemFree:          165896 kB
Buffers:           16328 kB
Cached:          1055636 kB
SwapCached:            0 kB
Active:           965356 kB
Inactive:         863148 kB
Active(anon):     755752 kB
Inactive(anon):     5612 kB
Active(file):     209604 kB
Inactive(file):   857536 kB
Unevictable:           0 kB
Mlocked:               0 kB
HighTotal:       2311552 kB
HighFree:          38164 kB
LowTotal:         590680 kB
LowFree:          127732 kB
SwapTotal:       1048572 kB
SwapFree:        1048572 kB
Dirty:                 0 kB
Writeback:             0 kB
AnonPages:        756524 kB
Mapped:           300904 kB
Shmem:              4844 kB
Slab:              52184 kB
SReclaimable:      15876 kB
SUnreclaim:        36308 kB
KernelStack:       13864 kB
PageTables:        28140 kB
NFS_Unstable:          0 kB
Bounce:                0 kB
WritebackTmp:          0 kB
CommitLimit:     2499688 kB
Committed_AS:   62894380 kB
VmallocTotal:     385024 kB
VmallocUsed:      167216 kB
VmallocChunk:      66624 kB
Time pass: 171 sec

---2015-11-18 16:52:34
MemTotal:        2902232 kB
MemFree:          165856 kB
Buffers:           16336 kB
Cached:          1055636 kB
SwapCached:            0 kB
Active:           964012 kB
Inactive:         863252 kB
Active(anon):     754408 kB
Inactive(anon):     5716 kB
Active(file):     209604 kB
Inactive(file):   857536 kB
Unevictable:           0 kB
Mlocked:               0 kB
HighTotal:       2311552 kB
HighFree:          38040 kB
LowTotal:         590680 kB
LowFree:          127816 kB
SwapTotal:       1048572 kB
SwapFree:        1048572 kB
Dirty:                40 kB
Writeback:             0 kB
AnonPages:        755328 kB
Mapped:           300904 kB
Shmem:              4844 kB
Slab:              52148 kB
SReclaimable:      15876 kB
SUnreclaim:        36272 kB
KernelStack:       13864 kB
PageTables:        28140 kB
NFS_Unstable:          0 kB
Bounce:                0 kB
WritebackTmp:          0 kB
CommitLimit:     2499688 kB
Committed_AS:   62893312 kB
VmallocTotal:     385024 kB
VmallocUsed:      167216 kB
VmallocChunk:      66624 kB
Time pass: 174 sec

---2015-11-18 16:52:34
MemTotal:        2902232 kB
MemFree:          165012 kB
Buffers:           16352 kB
Cached:          1055636 kB
SwapCached:            0 kB
Active:           964920 kB
Inactive:         863276 kB
Active(anon):     755316 kB
Inactive(anon):     5716 kB
Active(file):     209604 kB
Inactive(file):   857560 kB
Unevictable:           0 kB
Mlocked:               0 kB
HighTotal:       2311552 kB
HighFree:          38040 kB
LowTotal:         590680 kB
LowFree:          126972 kB
SwapTotal:       1048572 kB
SwapFree:        1048572 kB
Dirty:                 0 kB
Writeback:             0 kB
AnonPages:        756116 kB
Mapped:           300948 kB
Shmem:              4844 kB
Slab:              52120 kB
SReclaimable:      15876 kB
SUnreclaim:        36244 kB
KernelStack:       13872 kB
PageTables:        28156 kB
NFS_Unstable:          0 kB
Bounce:                0 kB
WritebackTmp:          0 kB
CommitLimit:     2499688 kB
Committed_AS:   62893676 kB
VmallocTotal:     385024 kB
VmallocUsed:      167216 kB
VmallocChunk:      66624 kB
Time pass: 178 sec

---2015-11-18 16:52:34
MemTotal:        2902232 kB
MemFree:          164776 kB
Buffers:           16376 kB
Cached:          1055636 kB
SwapCached:            0 kB
Active:           965108 kB
Inactive:         863304 kB
Active(anon):     755504 kB
Inactive(anon):     5716 kB
Active(file):     209604 kB
Inactive(file):   857588 kB
Unevictable:           0 kB
Mlocked:               0 kB
HighTotal:       2311552 kB
HighFree:          38040 kB
LowTotal:         590680 kB
LowFree:          126736 kB
SwapTotal:       1048572 kB
SwapFree:        1048572 kB
Dirty:                36 kB
Writeback:             0 kB
AnonPages:        756176 kB
Mapped:           300948 kB
Shmem:              4844 kB
Slab:              52116 kB
SReclaimable:      15876 kB
SUnreclaim:        36240 kB
KernelStack:       13872 kB
PageTables:        28156 kB
NFS_Unstable:          0 kB
Bounce:                0 kB
WritebackTmp:          0 kB
CommitLimit:     2499688 kB
Committed_AS:   62893732 kB
VmallocTotal:     385024 kB
VmallocUsed:      167216 kB
VmallocChunk:      66624 kB
Time pass: 181 sec

---2015-11-18 16:52:34
MemTotal:        2902232 kB
MemFree:          163376 kB
Buffers:           16376 kB
Cached:          1055636 kB
SwapCached:            0 kB
Active:           966336 kB
Inactive:         863280 kB
Active(anon):     756712 kB
Inactive(anon):     5716 kB
Active(file):     209624 kB
Inactive(file):   857564 kB
Unevictable:           0 kB
Mlocked:               0 kB
HighTotal:       2311552 kB
HighFree:          38164 kB
LowTotal:         590680 kB
LowFree:          125212 kB
SwapTotal:       1048572 kB
SwapFree:        1048572 kB
Dirty:                36 kB
Writeback:             0 kB
AnonPages:        757308 kB
Mapped:           300968 kB
Shmem:              4844 kB
Slab:              52124 kB
SReclaimable:      15876 kB
SUnreclaim:        36248 kB
KernelStack:       13840 kB
PageTables:        28160 kB
NFS_Unstable:          0 kB
Bounce:                0 kB
WritebackTmp:          0 kB
CommitLimit:     2499688 kB
Committed_AS:   62894064 kB
VmallocTotal:     385024 kB
VmallocUsed:      167216 kB
VmallocChunk:      66624 kB
Time pass: 185 sec

---2015-11-18 16:52:34
MemTotal:        2902232 kB
MemFree:          168580 kB
Buffers:           16384 kB
Cached:          1055680 kB
SwapCached:            0 kB
Active:           960156 kB
Inactive:         863332 kB
Active(anon):     750532 kB
Inactive(anon):     5760 kB
Active(file):     209624 kB
Inactive(file):   857572 kB
Unevictable:           0 kB
Mlocked:               0 kB
HighTotal:       2311552 kB
HighFree:          42600 kB
LowTotal:         590680 kB
LowFree:          125980 kB
SwapTotal:       1048572 kB
SwapFree:        1048572 kB
Dirty:                 0 kB
Writeback:             0 kB
AnonPages:        751108 kB
Mapped:           300968 kB
Shmem:              4888 kB
Slab:              52120 kB
SReclaimable:      15876 kB
SUnreclaim:        36244 kB
KernelStack:       13832 kB
PageTables:        28144 kB
NFS_Unstable:          0 kB
Bounce:                0 kB
WritebackTmp:          0 kB
CommitLimit:     2499688 kB
Committed_AS:   62893792 kB
VmallocTotal:     385024 kB
VmallocUsed:      167216 kB
VmallocChunk:      66624 kB
Time pass: 188 sec

---2015-11-18 16:52:34
MemTotal:        2902232 kB
MemFree:          168936 kB
Buffers:           16400 kB
Cached:          1055680 kB
SwapCached:            0 kB
Active:           960108 kB
Inactive:         863348 kB
Active(anon):     750484 kB
Inactive(anon):     5760 kB
Active(file):     209624 kB
Inactive(file):   857588 kB
Unevictable:           0 kB
Mlocked:               0 kB
HighTotal:       2311552 kB
HighFree:          41732 kB
LowTotal:         590680 kB
LowFree:          127204 kB
SwapTotal:       1048572 kB
SwapFree:        1048572 kB
Dirty:                36 kB
Writeback:             0 kB
AnonPages:        751024 kB
Mapped:           300968 kB
Shmem:              4888 kB
Slab:              52108 kB
SReclaimable:      15876 kB
SUnreclaim:        36232 kB
KernelStack:       13808 kB
PageTables:        28144 kB
NFS_Unstable:          0 kB
Bounce:                0 kB
WritebackTmp:          0 kB
CommitLimit:     2499688 kB
Committed_AS:   62893852 kB
VmallocTotal:     385024 kB
VmallocUsed:      167216 kB
VmallocChunk:      66624 kB
Time pass: 192 sec

---2015-11-18 16:52:34
MemTotal:        2902232 kB
MemFree:          169632 kB
Buffers:           16408 kB
Cached:          1055672 kB
SwapCached:            0 kB
Active:           959724 kB
Inactive:         863348 kB
Active(anon):     750100 kB
Inactive(anon):     5760 kB
Active(file):     209624 kB
Inactive(file):   857588 kB
Unevictable:           0 kB
Mlocked:               0 kB
HighTotal:       2311552 kB
HighFree:          40964 kB
LowTotal:         590680 kB
LowFree:          128668 kB
SwapTotal:       1048572 kB
SwapFree:        1048572 kB
Dirty:                 0 kB
Writeback:             0 kB
AnonPages:        750776 kB
Mapped:           301012 kB
Shmem:              4888 kB
Slab:              52128 kB
SReclaimable:      15876 kB
SUnreclaim:        36252 kB
KernelStack:       13808 kB
PageTables:        28160 kB
NFS_Unstable:          0 kB
Bounce:                0 kB
WritebackTmp:          0 kB
CommitLimit:     2499688 kB
Committed_AS:   62893556 kB
VmallocTotal:     385024 kB
VmallocUsed:      167216 kB
VmallocChunk:      66624 kB
Time pass: 195 sec

---2015-11-18 16:52:34
MemTotal:        2902232 kB
MemFree:          170156 kB
Buffers:           16424 kB
Cached:          1055680 kB
SwapCached:            0 kB
Active:           959440 kB
Inactive:         863372 kB
Active(anon):     749816 kB
Inactive(anon):     5760 kB
Active(file):     209624 kB
Inactive(file):   857612 kB
Unevictable:           0 kB
Mlocked:               0 kB
HighTotal:       2311552 kB
HighFree:          40096 kB
LowTotal:         590680 kB
LowFree:          130060 kB
SwapTotal:       1048572 kB
SwapFree:        1048572 kB
Dirty:                36 kB
Writeback:             0 kB
AnonPages:        750564 kB
Mapped:           300924 kB
Shmem:              4888 kB
Slab:              52140 kB
SReclaimable:      15876 kB
SUnreclaim:        36264 kB
KernelStack:       13792 kB
PageTables:        28128 kB
NFS_Unstable:          0 kB
Bounce:                0 kB
WritebackTmp:          0 kB
CommitLimit:     2499688 kB
Committed_AS:   62893272 kB
VmallocTotal:     385024 kB
VmallocUsed:      167216 kB
VmallocChunk:      66624 kB
Time pass: 198 sec

---2015-11-18 16:52:34
MemTotal:        2902232 kB
MemFree:          170064 kB
Buffers:           16424 kB
Cached:          1055680 kB
SwapCached:            0 kB
Active:           959436 kB
Inactive:         863372 kB
Active(anon):     749812 kB
Inactive(anon):     5760 kB
Active(file):     209624 kB
Inactive(file):   857612 kB
Unevictable:           0 kB
Mlocked:               0 kB
HighTotal:       2311552 kB
HighFree:          39176 kB
LowTotal:         590680 kB
LowFree:          130888 kB
SwapTotal:       1048572 kB
SwapFree:        1048572 kB
Dirty:                 0 kB
Writeback:             0 kB
AnonPages:        750368 kB
Mapped:           300968 kB
Shmem:              4888 kB
Slab:              52124 kB
SReclaimable:      15876 kB
SUnreclaim:        36248 kB
KernelStack:       13800 kB
PageTables:        28144 kB
NFS_Unstable:          0 kB
Bounce:                0 kB
WritebackTmp:          0 kB
CommitLimit:     2499688 kB
Committed_AS:   62893448 kB
VmallocTotal:     385024 kB
VmallocUsed:      167216 kB
VmallocChunk:      66624 kB
Time pass: 202 sec

---2015-11-18 16:52:34
MemTotal:        2902232 kB
MemFree:          169668 kB
Buffers:           16448 kB
Cached:          1055680 kB
SwapCached:            0 kB
Active:           960296 kB
Inactive:         863388 kB
Active(anon):     750672 kB
Inactive(anon):     5760 kB
Active(file):     209624 kB
Inactive(file):   857628 kB
Unevictable:           0 kB
Mlocked:               0 kB
HighTotal:       2311552 kB
HighFree:          38184 kB
LowTotal:         590680 kB
LowFree:          131484 kB
SwapTotal:       1048572 kB
SwapFree:        1048572 kB
Dirty:                36 kB
Writeback:             0 kB
AnonPages:        751296 kB
Mapped:           300968 kB
Shmem:              4888 kB
Slab:              52144 kB
SReclaimable:      15876 kB
SUnreclaim:        36268 kB
KernelStack:       13800 kB
PageTables:        28144 kB
NFS_Unstable:          0 kB
Bounce:                0 kB
WritebackTmp:          0 kB
CommitLimit:     2499688 kB
Committed_AS:   62894000 kB
VmallocTotal:     385024 kB
VmallocUsed:      167216 kB
VmallocChunk:      66624 kB
Time pass: 206 sec

---2015-11-18 16:52:34
MemTotal:        2902232 kB
MemFree:          169856 kB
Buffers:           16448 kB
Cached:          1055968 kB
SwapCached:            0 kB
Active:           960648 kB
Inactive:         863684 kB
Active(anon):     751024 kB
Inactive(anon):     6048 kB
Active(file):     209624 kB
Inactive(file):   857636 kB
Unevictable:           0 kB
Mlocked:               0 kB
HighTotal:       2311552 kB
HighFree:          38040 kB
LowTotal:         590680 kB
LowFree:          131816 kB
SwapTotal:       1048572 kB
SwapFree:        1048572 kB
Dirty:                 0 kB
Writeback:             0 kB
AnonPages:        751728 kB
Mapped:           301212 kB
Shmem:              5176 kB
Slab:              52176 kB
SReclaimable:      15876 kB
SUnreclaim:        36300 kB
KernelStack:       13792 kB
PageTables:        28132 kB
NFS_Unstable:          0 kB
Bounce:                0 kB
WritebackTmp:          0 kB
CommitLimit:     2499688 kB
Committed_AS:   62894064 kB
VmallocTotal:     385024 kB
VmallocUsed:      167216 kB
VmallocChunk:      66624 kB
Time pass: 209 sec

---2015-11-18 16:52:34
MemTotal:        2902232 kB
MemFree:          169392 kB
Buffers:           16456 kB
Cached:          1055968 kB
SwapCached:            0 kB
Active:           960228 kB
Inactive:         863684 kB
Active(anon):     750604 kB
Inactive(anon):     6048 kB
Active(file):     209624 kB
Inactive(file):   857636 kB
Unevictable:           0 kB
Mlocked:               0 kB
HighTotal:       2311552 kB
HighFree:          38288 kB
LowTotal:         590680 kB
LowFree:          131104 kB
SwapTotal:       1048572 kB
SwapFree:        1048572 kB
Dirty:                28 kB
Writeback:             0 kB
AnonPages:        751452 kB
Mapped:           301256 kB
Shmem:              5176 kB
Slab:              52208 kB
SReclaimable:      15876 kB
SUnreclaim:        36332 kB
KernelStack:       13784 kB
PageTables:        28144 kB
NFS_Unstable:          0 kB
Bounce:                0 kB
WritebackTmp:          0 kB
CommitLimit:     2499688 kB
Committed_AS:   62893816 kB
VmallocTotal:     385024 kB
VmallocUsed:      167216 kB
VmallocChunk:      66624 kB
Time pass: 213 sec

---2015-11-18 16:52:34
MemTotal:        2902232 kB
MemFree:          169508 kB
Buffers:           16472 kB
Cached:          1055968 kB
SwapCached:            0 kB
Active:           960560 kB
Inactive:         863708 kB
Active(anon):     750936 kB
Inactive(anon):     6048 kB
Active(file):     209624 kB
Inactive(file):   857660 kB
Unevictable:           0 kB
Mlocked:               0 kB
HighTotal:       2311552 kB
HighFree:          37916 kB
LowTotal:         590680 kB
LowFree:          131592 kB
SwapTotal:       1048572 kB
SwapFree:        1048572 kB
Dirty:                36 kB
Writeback:             0 kB
AnonPages:        751624 kB
Mapped:           301300 kB
Shmem:              5176 kB
Slab:              52132 kB
SReclaimable:      15876 kB
SUnreclaim:        36256 kB
KernelStack:       13784 kB
PageTables:        28160 kB
NFS_Unstable:          0 kB
Bounce:                0 kB
WritebackTmp:          0 kB
CommitLimit:     2499688 kB
Committed_AS:   62893828 kB
VmallocTotal:     385024 kB
VmallocUsed:      167216 kB
VmallocChunk:      66624 kB
Time pass: 216 sec

---2015-11-18 16:52:34
MemTotal:        2902232 kB
MemFree:          169492 kB
Buffers:           16488 kB
Cached:          1055968 kB
SwapCached:            0 kB
Active:           960484 kB
Inactive:         863716 kB
Active(anon):     750860 kB
Inactive(anon):     6048 kB
Active(file):     209624 kB
Inactive(file):   857668 kB
Unevictable:           0 kB
Mlocked:               0 kB
HighTotal:       2311552 kB
HighFree:          38040 kB
LowTotal:         590680 kB
LowFree:          131452 kB
SwapTotal:       1048572 kB
SwapFree:        1048572 kB
Dirty:                36 kB
Writeback:             0 kB
AnonPages:        751764 kB
Mapped:           301212 kB
Shmem:              5176 kB
Slab:              52168 kB
SReclaimable:      15876 kB
SUnreclaim:        36292 kB
KernelStack:       13784 kB
PageTables:        28128 kB
NFS_Unstable:          0 kB
Bounce:                0 kB
WritebackTmp:          0 kB
CommitLimit:     2499688 kB
Committed_AS:   62893892 kB
VmallocTotal:     385024 kB
VmallocUsed:      167216 kB
VmallocChunk:      66624 kB
Time pass: 219 sec

---2015-11-18 16:52:34
MemTotal:        2902232 kB
MemFree:          169508 kB
Buffers:           16488 kB
Cached:          1055968 kB
SwapCached:            0 kB
Active:           960584 kB
Inactive:         863724 kB
Active(anon):     750960 kB
Inactive(anon):     6048 kB
Active(file):     209624 kB
Inactive(file):   857676 kB
Unevictable:           0 kB
Mlocked:               0 kB
HighTotal:       2311552 kB
HighFree:          38908 kB
LowTotal:         590680 kB
LowFree:          130600 kB
SwapTotal:       1048572 kB
SwapFree:        1048572 kB
Dirty:                36 kB
Writeback:             0 kB
AnonPages:        751908 kB
Mapped:           301256 kB
Shmem:              5176 kB
Slab:              52168 kB
SReclaimable:      15876 kB
SUnreclaim:        36292 kB
KernelStack:       13784 kB
PageTables:        28144 kB
NFS_Unstable:          0 kB
Bounce:                0 kB
WritebackTmp:          0 kB
CommitLimit:     2499688 kB
Committed_AS:   62893904 kB
VmallocTotal:     385024 kB
VmallocUsed:      167216 kB
VmallocChunk:      66624 kB
Time pass: 223 sec

---2015-11-18 16:52:34
MemTotal:        2902232 kB
MemFree:          169628 kB
Buffers:           16504 kB
Cached:          1055968 kB
SwapCached:            0 kB
Active:           959924 kB
Inactive:         863740 kB
Active(anon):     750300 kB
Inactive(anon):     6048 kB
Active(file):     209624 kB
Inactive(file):   857692 kB
Unevictable:           0 kB
Mlocked:               0 kB
HighTotal:       2311552 kB
HighFree:          39228 kB
LowTotal:         590680 kB
LowFree:          130400 kB
SwapTotal:       1048572 kB
SwapFree:        1048572 kB
Dirty:                72 kB
Writeback:             0 kB
AnonPages:        751176 kB
Mapped:           301300 kB
Shmem:              5176 kB
Slab:              52212 kB
SReclaimable:      15876 kB
SUnreclaim:        36336 kB
KernelStack:       13792 kB
PageTables:        28160 kB
NFS_Unstable:          0 kB
Bounce:                0 kB
WritebackTmp:          0 kB
CommitLimit:     2499688 kB
Committed_AS:   62893060 kB
VmallocTotal:     385024 kB
VmallocUsed:      167216 kB
VmallocChunk:      66624 kB
Time pass: 226 sec

---2015-11-18 16:52:34
MemTotal:        2902232 kB
MemFree:          169132 kB
Buffers:           16528 kB
Cached:          1055968 kB
SwapCached:            0 kB
Active:           960760 kB
Inactive:         863760 kB
Active(anon):     751136 kB
Inactive(anon):     6048 kB
Active(file):     209624 kB
Inactive(file):   857712 kB
Unevictable:           0 kB
Mlocked:               0 kB
HighTotal:       2311552 kB
HighFree:          38680 kB
LowTotal:         590680 kB
LowFree:          130452 kB
SwapTotal:       1048572 kB
SwapFree:        1048572 kB
Dirty:                68 kB
Writeback:             0 kB
AnonPages:        751848 kB
Mapped:           301300 kB
Shmem:              5176 kB
Slab:              52164 kB
SReclaimable:      15876 kB
SUnreclaim:        36288 kB
KernelStack:       13792 kB
PageTables:        28160 kB
NFS_Unstable:          0 kB
Bounce:                0 kB
WritebackTmp:          0 kB
CommitLimit:     2499688 kB
Committed_AS:   62893508 kB
VmallocTotal:     385024 kB
VmallocUsed:      167216 kB
VmallocChunk:      66624 kB
Time pass: 230 sec

---2015-11-18 16:52:34
MemTotal:        2902232 kB
MemFree:          168936 kB
Buffers:           16528 kB
Cached:          1055968 kB
SwapCached:            0 kB
Active:           960572 kB
Inactive:         863764 kB
Active(anon):     750948 kB
Inactive(anon):     6048 kB
Active(file):     209624 kB
Inactive(file):   857716 kB
Unevictable:           0 kB
Mlocked:               0 kB
HighTotal:       2311552 kB
HighFree:          38648 kB
LowTotal:         590680 kB
LowFree:          130288 kB
SwapTotal:       1048572 kB
SwapFree:        1048572 kB
Dirty:                68 kB
Writeback:             0 kB
AnonPages:        751428 kB
Mapped:           301256 kB
Shmem:              5176 kB
Slab:              52160 kB
SReclaimable:      15876 kB
SUnreclaim:        36284 kB
KernelStack:       13800 kB
PageTables:        28144 kB
NFS_Unstable:          0 kB
Bounce:                0 kB
WritebackTmp:          0 kB
CommitLimit:     2499688 kB
Committed_AS:   62893612 kB
VmallocTotal:     385024 kB
VmallocUsed:      167216 kB
VmallocChunk:      66624 kB
Time pass: 234 sec

---2015-11-18 16:52:34
MemTotal:        2902232 kB
MemFree:          168556 kB
Buffers:           16536 kB
Cached:          1055968 kB
SwapCached:            0 kB
Active:           961768 kB
Inactive:         863772 kB
Active(anon):     752144 kB
Inactive(anon):     6048 kB
Active(file):     209624 kB
Inactive(file):   857724 kB
Unevictable:           0 kB
Mlocked:               0 kB
HighTotal:       2311552 kB
HighFree:          38504 kB
LowTotal:         590680 kB
LowFree:          130052 kB
SwapTotal:       1048572 kB
SwapFree:        1048572 kB
Dirty:                28 kB
Writeback:             0 kB
AnonPages:        752544 kB
Mapped:           301300 kB
Shmem:              5176 kB
Slab:              52176 kB
SReclaimable:      15876 kB
SUnreclaim:        36300 kB
KernelStack:       13808 kB
PageTables:        28168 kB
NFS_Unstable:          0 kB
Bounce:                0 kB
WritebackTmp:          0 kB
CommitLimit:     2499688 kB
Committed_AS:   62894744 kB
VmallocTotal:     385024 kB
VmallocUsed:      167216 kB
VmallocChunk:      66624 kB
Time pass: 237 sec

---2015-11-18 16:52:34
MemTotal:        2902232 kB
MemFree:          168048 kB
Buffers:           16552 kB
Cached:          1055968 kB
SwapCached:            0 kB
Active:           961184 kB
Inactive:         863788 kB
Active(anon):     751560 kB
Inactive(anon):     6048 kB
Active(file):     209624 kB
Inactive(file):   857740 kB
Unevictable:           0 kB
Mlocked:               0 kB
HighTotal:       2311552 kB
HighFree:          38008 kB
LowTotal:         590680 kB
LowFree:          130040 kB
SwapTotal:       1048572 kB
SwapFree:        1048572 kB
Dirty:                 0 kB
Writeback:             0 kB
AnonPages:        752180 kB
Mapped:           301300 kB
Shmem:              5176 kB
Slab:              52220 kB
SReclaimable:      15876 kB
SUnreclaim:        36344 kB
KernelStack:       13792 kB
PageTables:        28160 kB
NFS_Unstable:          0 kB
Bounce:                0 kB
WritebackTmp:          0 kB
CommitLimit:     2499688 kB
Committed_AS:   62893720 kB
VmallocTotal:     385024 kB
VmallocUsed:      167216 kB
VmallocChunk:      66624 kB
Time pass: 240 sec

---2015-11-18 16:52:34
MemTotal:        2902232 kB
MemFree:          168300 kB
Buffers:           16560 kB
Cached:          1055968 kB
SwapCached:            0 kB
Active:           960976 kB
Inactive:         863788 kB
Active(anon):     751352 kB
Inactive(anon):     6048 kB
Active(file):     209624 kB
Inactive(file):   857740 kB
Unevictable:           0 kB
Mlocked:               0 kB
HighTotal:       2311552 kB
HighFree:          39228 kB
LowTotal:         590680 kB
LowFree:          129072 kB
SwapTotal:       1048572 kB
SwapFree:        1048572 kB
Dirty:                32 kB
Writeback:             0 kB
AnonPages:        752016 kB
Mapped:           301256 kB
Shmem:              5176 kB
Slab:              52208 kB
SReclaimable:      15876 kB
SUnreclaim:        36332 kB
KernelStack:       13784 kB
PageTables:        28144 kB
NFS_Unstable:          0 kB
Bounce:                0 kB
WritebackTmp:          0 kB
CommitLimit:     2499688 kB
Committed_AS:   62893600 kB
VmallocTotal:     385024 kB
VmallocUsed:      167216 kB
VmallocChunk:      66624 kB
Time pass: 244 sec

---2015-11-18 16:52:34
MemTotal:        2902232 kB
MemFree:          168744 kB
Buffers:           16576 kB
Cached:          1055968 kB
SwapCached:            0 kB
Active:           961148 kB
Inactive:         863812 kB
Active(anon):     751524 kB
Inactive(anon):     6048 kB
Active(file):     209624 kB
Inactive(file):   857764 kB
Unevictable:           0 kB
Mlocked:               0 kB
HighTotal:       2311552 kB
HighFree:          39052 kB
LowTotal:         590680 kB
LowFree:          129692 kB
SwapTotal:       1048572 kB
SwapFree:        1048572 kB
Dirty:                44 kB
Writeback:             0 kB
AnonPages:        752136 kB
Mapped:           301300 kB
Shmem:              5176 kB
Slab:              52196 kB
SReclaimable:      15876 kB
SUnreclaim:        36320 kB
KernelStack:       13784 kB
PageTables:        28160 kB
NFS_Unstable:          0 kB
Bounce:                0 kB
WritebackTmp:          0 kB
CommitLimit:     2499688 kB
Committed_AS:   62893444 kB
VmallocTotal:     385024 kB
VmallocUsed:      167216 kB
VmallocChunk:      66624 kB
Time pass: 247 sec

---2015-11-18 16:52:34
MemTotal:        2902232 kB
MemFree:          168512 kB
Buffers:           16584 kB
Cached:          1055960 kB
SwapCached:            0 kB
Active:           961164 kB
Inactive:         863812 kB
Active(anon):     751540 kB
Inactive(anon):     6048 kB
Active(file):     209624 kB
Inactive(file):   857764 kB
Unevictable:           0 kB
Mlocked:               0 kB
HighTotal:       2311552 kB
HighFree:          38060 kB
LowTotal:         590680 kB
LowFree:          130452 kB
SwapTotal:       1048572 kB
SwapFree:        1048572 kB
Dirty:                 0 kB
Writeback:             0 kB
AnonPages:        752168 kB
Mapped:           301256 kB
Shmem:              5176 kB
Slab:              52188 kB
SReclaimable:      15876 kB
SUnreclaim:        36312 kB
KernelStack:       13784 kB
PageTables:        28144 kB
NFS_Unstable:          0 kB
Bounce:                0 kB
WritebackTmp:          0 kB
CommitLimit:     2499688 kB
Committed_AS:   62893368 kB
VmallocTotal:     385024 kB
VmallocUsed:      167216 kB
VmallocChunk:      66624 kB
Time pass: 251 sec

---2015-11-18 16:52:34
MemTotal:        2902232 kB
MemFree:          168440 kB
Buffers:           16600 kB
Cached:          1055968 kB
SwapCached:            0 kB
Active:           961308 kB
Inactive:         863836 kB
Active(anon):     751684 kB
Inactive(anon):     6048 kB
Active(file):     209624 kB
Inactive(file):   857788 kB
Unevictable:           0 kB
Mlocked:               0 kB
HighTotal:       2311552 kB
HighFree:          38060 kB
LowTotal:         590680 kB
LowFree:          130380 kB
SwapTotal:       1048572 kB
SwapFree:        1048572 kB
Dirty:                36 kB
Writeback:             0 kB
AnonPages:        752280 kB
Mapped:           301300 kB
Shmem:              5176 kB
Slab:              52200 kB
SReclaimable:      15876 kB
SUnreclaim:        36324 kB
KernelStack:       13784 kB
PageTables:        28160 kB
NFS_Unstable:          0 kB
Bounce:                0 kB
WritebackTmp:          0 kB
CommitLimit:     2499688 kB
Committed_AS:   62893464 kB
VmallocTotal:     385024 kB
VmallocUsed:      167216 kB
VmallocChunk:      66624 kB
Time pass: 254 sec

---2015-11-18 16:52:34
MemTotal:        2902232 kB
MemFree:          168296 kB
Buffers:           16600 kB
Cached:          1055968 kB
SwapCached:            0 kB
Active:           961872 kB
Inactive:         863836 kB
Active(anon):     752248 kB
Inactive(anon):     6048 kB
Active(file):     209624 kB
Inactive(file):   857788 kB
Unevictable:           0 kB
Mlocked:               0 kB
HighTotal:       2311552 kB
HighFree:          38060 kB
LowTotal:         590680 kB
LowFree:          130236 kB
SwapTotal:       1048572 kB
SwapFree:        1048572 kB
Dirty:                 0 kB
Writeback:             0 kB
AnonPages:        752876 kB
Mapped:           301344 kB
Shmem:              5176 kB
Slab:              52176 kB
SReclaimable:      15876 kB
SUnreclaim:        36300 kB
KernelStack:       13792 kB
PageTables:        28176 kB
NFS_Unstable:          0 kB
Bounce:                0 kB
WritebackTmp:          0 kB
CommitLimit:     2499688 kB
Committed_AS:   62893608 kB
VmallocTotal:     385024 kB
VmallocUsed:      167216 kB
VmallocChunk:      66624 kB
Time pass: 258 sec

---2015-11-18 16:52:34
MemTotal:        2902232 kB
MemFree:          167044 kB
Buffers:           16624 kB
Cached:          1055968 kB
SwapCached:            0 kB
Active:           962220 kB
Inactive:         863844 kB
Active(anon):     752596 kB
Inactive(anon):     6048 kB
Active(file):     209624 kB
Inactive(file):   857796 kB
Unevictable:           0 kB
Mlocked:               0 kB
HighTotal:       2311552 kB
HighFree:          38112 kB
LowTotal:         590680 kB
LowFree:          128932 kB
SwapTotal:       1048572 kB
SwapFree:        1048572 kB
Dirty:                36 kB
Writeback:             0 kB
AnonPages:        753160 kB
Mapped:           301300 kB
Shmem:              5176 kB
Slab:              52196 kB
SReclaimable:      15876 kB
SUnreclaim:        36320 kB
KernelStack:       13784 kB
PageTables:        28160 kB
NFS_Unstable:          0 kB
Bounce:                0 kB
WritebackTmp:          0 kB
CommitLimit:     2499688 kB
Committed_AS:   62893940 kB
VmallocTotal:     385024 kB
VmallocUsed:      167216 kB
VmallocChunk:      66624 kB
Time pass: 261 sec

---2015-11-18 16:52:34
MemTotal:        2902232 kB
MemFree:          168320 kB
Buffers:           16624 kB
Cached:          1055968 kB
SwapCached:            0 kB
Active:           960816 kB
Inactive:         863860 kB
Active(anon):     751192 kB
Inactive(anon):     6048 kB
Active(file):     209624 kB
Inactive(file):   857812 kB
Unevictable:           0 kB
Mlocked:               0 kB
HighTotal:       2311552 kB
HighFree:          38504 kB
LowTotal:         590680 kB
LowFree:          129816 kB
SwapTotal:       1048572 kB
SwapFree:        1048572 kB
Dirty:                 0 kB
Writeback:             0 kB
AnonPages:        752340 kB
Mapped:           301212 kB
Shmem:              5176 kB
Slab:              52200 kB
SReclaimable:      15876 kB
SUnreclaim:        36324 kB
KernelStack:       13784 kB
PageTables:        28132 kB
NFS_Unstable:          0 kB
Bounce:                0 kB
WritebackTmp:          0 kB
CommitLimit:     2499688 kB
Committed_AS:   62895220 kB
VmallocTotal:     385024 kB
VmallocUsed:      167216 kB
VmallocChunk:      66624 kB
Time pass: 265 sec

---2015-11-18 16:52:34
MemTotal:        2902232 kB
MemFree:          168036 kB
Buffers:           16632 kB
Cached:          1055968 kB
SwapCached:            0 kB
Active:           960556 kB
Inactive:         863860 kB
Active(anon):     750932 kB
Inactive(anon):     6048 kB
Active(file):     209624 kB
Inactive(file):   857812 kB
Unevictable:           0 kB
Mlocked:               0 kB
HighTotal:       2311552 kB
HighFree:          38132 kB
LowTotal:         590680 kB
LowFree:          129904 kB
SwapTotal:       1048572 kB
SwapFree:        1048572 kB
Dirty:                28 kB
Writeback:             0 kB
AnonPages:        751892 kB
Mapped:           301256 kB
Shmem:              5176 kB
Slab:              52164 kB
SReclaimable:      15876 kB
SUnreclaim:        36288 kB
KernelStack:       13784 kB
PageTables:        28148 kB
NFS_Unstable:          0 kB
Bounce:                0 kB
WritebackTmp:          0 kB
CommitLimit:     2499688 kB
Committed_AS:   62893696 kB
VmallocTotal:     385024 kB
VmallocUsed:      167216 kB
VmallocChunk:      66624 kB
Time pass: 268 sec

---2015-11-18 16:52:34
MemTotal:        2902232 kB
MemFree:          168336 kB
Buffers:           16648 kB
Cached:          1055968 kB
SwapCached:            0 kB
Active:           960452 kB
Inactive:         863884 kB
Active(anon):     750828 kB
Inactive(anon):     6048 kB
Active(file):     209624 kB
Inactive(file):   857836 kB
Unevictable:           0 kB
Mlocked:               0 kB
HighTotal:       2311552 kB
HighFree:          38660 kB
LowTotal:         590680 kB
LowFree:          129676 kB
SwapTotal:       1048572 kB
SwapFree:        1048572 kB
Dirty:                36 kB
Writeback:             0 kB
AnonPages:        751620 kB
Mapped:           301300 kB
Shmem:              5176 kB
Slab:              52204 kB
SReclaimable:      15876 kB
SUnreclaim:        36328 kB
KernelStack:       13784 kB
PageTables:        28164 kB
NFS_Unstable:          0 kB
Bounce:                0 kB
WritebackTmp:          0 kB
CommitLimit:     2499688 kB
Committed_AS:   62893736 kB
VmallocTotal:     385024 kB
VmallocUsed:      167216 kB
VmallocChunk:      66624 kB
Time pass: 272 sec

---2015-11-18 16:52:34
MemTotal:        2902232 kB
MemFree:          168236 kB
Buffers:           16656 kB
Cached:          1055968 kB
SwapCached:            0 kB
Active:           960604 kB
Inactive:         863884 kB
Active(anon):     750980 kB
Inactive(anon):     6048 kB
Active(file):     209624 kB
Inactive(file):   857836 kB
Unevictable:           0 kB
Mlocked:               0 kB
HighTotal:       2311552 kB
HighFree:          38236 kB
LowTotal:         590680 kB
LowFree:          130000 kB
SwapTotal:       1048572 kB
SwapFree:        1048572 kB
Dirty:                28 kB
Writeback:             0 kB
AnonPages:        751764 kB
Mapped:           301300 kB
Shmem:              5176 kB
Slab:              52268 kB
SReclaimable:      15876 kB
SUnreclaim:        36392 kB
KernelStack:       13784 kB
PageTables:        28164 kB
NFS_Unstable:          0 kB
Bounce:                0 kB
WritebackTmp:          0 kB
CommitLimit:     2499688 kB
Committed_AS:   62893844 kB
VmallocTotal:     385024 kB
VmallocUsed:      167216 kB
VmallocChunk:      66624 kB
Time pass: 275 sec

---2015-11-18 16:52:34
MemTotal:        2902232 kB
MemFree:          168820 kB
Buffers:           16672 kB
Cached:          1055968 kB
SwapCached:            0 kB
Active:           960848 kB
Inactive:         863908 kB
Active(anon):     751224 kB
Inactive(anon):     6048 kB
Active(file):     209624 kB
Inactive(file):   857860 kB
Unevictable:           0 kB
Mlocked:               0 kB
HighTotal:       2311552 kB
HighFree:          38928 kB
LowTotal:         590680 kB
LowFree:          129892 kB
SwapTotal:       1048572 kB
SwapFree:        1048572 kB
Dirty:                36 kB
Writeback:             0 kB
AnonPages:        751804 kB
Mapped:           301300 kB
Shmem:              5176 kB
Slab:              52264 kB
SReclaimable:      15876 kB
SUnreclaim:        36388 kB
KernelStack:       13784 kB
PageTables:        28160 kB
NFS_Unstable:          0 kB
Bounce:                0 kB
WritebackTmp:          0 kB
CommitLimit:     2499688 kB
Committed_AS:   62893812 kB
VmallocTotal:     385024 kB
VmallocUsed:      167216 kB
VmallocChunk:      66624 kB
Time pass: 279 sec

---2015-11-18 16:52:34
MemTotal:        2902232 kB
MemFree:          168536 kB
Buffers:           16680 kB
Cached:          1055968 kB
SwapCached:            0 kB
Active:           960912 kB
Inactive:         863908 kB
Active(anon):     751288 kB
Inactive(anon):     6048 kB
Active(file):     209624 kB
Inactive(file):   857860 kB
Unevictable:           0 kB
Mlocked:               0 kB
HighTotal:       2311552 kB
HighFree:          39372 kB
LowTotal:         590680 kB
LowFree:          129164 kB
SwapTotal:       1048572 kB
SwapFree:        1048572 kB
Dirty:                28 kB
Writeback:             0 kB
AnonPages:        751840 kB
Mapped:           301300 kB
Shmem:              5176 kB
Slab:              52244 kB
SReclaimable:      15876 kB
SUnreclaim:        36368 kB
KernelStack:       13784 kB
PageTables:        28164 kB
NFS_Unstable:          0 kB
Bounce:                0 kB
WritebackTmp:          0 kB
CommitLimit:     2499688 kB
Committed_AS:   62894032 kB
VmallocTotal:     385024 kB
VmallocUsed:      167216 kB
VmallocChunk:      66624 kB
Time pass: 282 sec

---2015-11-18 16:52:34
MemTotal:        2902232 kB
MemFree:          168552 kB
Buffers:           16696 kB
Cached:          1055952 kB
SwapCached:            0 kB
Active:           961236 kB
Inactive:         863916 kB
Active(anon):     751612 kB
Inactive(anon):     6048 kB
Active(file):     209624 kB
Inactive(file):   857868 kB
Unevictable:           0 kB
Mlocked:               0 kB
HighTotal:       2311552 kB
HighFree:          38596 kB
LowTotal:         590680 kB
LowFree:          129956 kB
SwapTotal:       1048572 kB
SwapFree:        1048572 kB
Dirty:                28 kB
Writeback:             0 kB
AnonPages:        751704 kB
Mapped:           301300 kB
Shmem:              5176 kB
Slab:              52232 kB
SReclaimable:      15876 kB
SUnreclaim:        36356 kB
KernelStack:       13792 kB
PageTables:        28164 kB
NFS_Unstable:          0 kB
Bounce:                0 kB
WritebackTmp:          0 kB
CommitLimit:     2499688 kB
Committed_AS:   62894048 kB
VmallocTotal:     385024 kB
VmallocUsed:      167216 kB
VmallocChunk:      66624 kB
Time pass: 286 sec

---2015-11-18 16:52:34
MemTotal:        2902232 kB
MemFree:          167868 kB
Buffers:           16696 kB
Cached:          1055968 kB
SwapCached:            0 kB
Active:           961204 kB
Inactive:         863932 kB
Active(anon):     751580 kB
Inactive(anon):     6048 kB
Active(file):     209624 kB
Inactive(file):   857884 kB
Unevictable:           0 kB
Mlocked:               0 kB
HighTotal:       2311552 kB
HighFree:          38380 kB
LowTotal:         590680 kB
LowFree:          129488 kB
SwapTotal:       1048572 kB
SwapFree:        1048572 kB
Dirty:                 0 kB
Writeback:             0 kB
AnonPages:        752120 kB
Mapped:           301300 kB
Shmem:              5176 kB
Slab:              52192 kB
SReclaimable:      15876 kB
SUnreclaim:        36316 kB
KernelStack:       13784 kB
PageTables:        28164 kB
NFS_Unstable:          0 kB
Bounce:                0 kB
WritebackTmp:          0 kB
CommitLimit:     2499688 kB
Committed_AS:   62894024 kB
VmallocTotal:     385024 kB
VmallocUsed:      167216 kB
VmallocChunk:      66624 kB
Time pass: 289 sec

---2015-11-18 16:52:34
MemTotal:        2902232 kB
MemFree:          167320 kB
Buffers:           16704 kB
Cached:          1055968 kB
SwapCached:            0 kB
Active:           961572 kB
Inactive:         863932 kB
Active(anon):     751948 kB
Inactive(anon):     6048 kB
Active(file):     209624 kB
Inactive(file):   857884 kB
Unevictable:           0 kB
Mlocked:               0 kB
HighTotal:       2311552 kB
HighFree:          37988 kB
LowTotal:         590680 kB
LowFree:          129332 kB
SwapTotal:       1048572 kB
SwapFree:        1048572 kB
Dirty:                28 kB
Writeback:             0 kB
AnonPages:        752928 kB
Mapped:           301256 kB
Shmem:              5176 kB
Slab:              52212 kB
SReclaimable:      15876 kB
SUnreclaim:        36336 kB
KernelStack:       13776 kB
PageTables:        28148 kB
NFS_Unstable:          0 kB
Bounce:                0 kB
WritebackTmp:          0 kB
CommitLimit:     2499688 kB
Committed_AS:   62895264 kB
VmallocTotal:     385024 kB
VmallocUsed:      167216 kB
VmallocChunk:      66624 kB
Time pass: 293 sec

---2015-11-18 16:52:34
MemTotal:        2902232 kB
MemFree:          166792 kB
Buffers:           16752 kB
Cached:          1055992 kB
SwapCached:            0 kB
Active:           962608 kB
Inactive:         864008 kB
Active(anon):     752980 kB
Inactive(anon):     6048 kB
Active(file):     209628 kB
Inactive(file):   857960 kB
Unevictable:           0 kB
Mlocked:               0 kB
HighTotal:       2311552 kB
HighFree:          38288 kB
LowTotal:         590680 kB
LowFree:          128504 kB
SwapTotal:       1048572 kB
SwapFree:        1048572 kB
Dirty:                80 kB
Writeback:             0 kB
AnonPages:        753840 kB
Mapped:           301208 kB
Shmem:              5176 kB
Slab:              52196 kB
SReclaimable:      15876 kB
SUnreclaim:        36320 kB
KernelStack:       13784 kB
PageTables:        28116 kB
NFS_Unstable:          0 kB
Bounce:                0 kB
WritebackTmp:          0 kB
CommitLimit:     2499688 kB
Committed_AS:   62895136 kB
VmallocTotal:     385024 kB
VmallocUsed:      167216 kB
VmallocChunk:      66624 kB
Time pass: 296 sec

---2015-11-18 16:52:34
MemTotal:        2902232 kB
MemFree:          168220 kB
Buffers:           16760 kB
Cached:          1055992 kB
SwapCached:            0 kB
Active:           961232 kB
Inactive:         864016 kB
Active(anon):     751604 kB
Inactive(anon):     6048 kB
Active(file):     209628 kB
Inactive(file):   857968 kB
Unevictable:           0 kB
Mlocked:               0 kB
HighTotal:       2311552 kB
HighFree:          38484 kB
LowTotal:         590680 kB
LowFree:          129736 kB
SwapTotal:       1048572 kB
SwapFree:        1048572 kB
Dirty:                56 kB
Writeback:             0 kB
AnonPages:        752316 kB
Mapped:           301208 kB
Shmem:              5176 kB
Slab:              52188 kB
SReclaimable:      15876 kB
SUnreclaim:        36312 kB
KernelStack:       13792 kB
PageTables:        28116 kB
NFS_Unstable:          0 kB
Bounce:                0 kB
WritebackTmp:          0 kB
CommitLimit:     2499688 kB
Committed_AS:   62894956 kB
VmallocTotal:     385024 kB
VmallocUsed:      167216 kB
VmallocChunk:      66624 kB
Time pass: 300 sec

---2015-11-18 16:52:34
MemTotal:        2902232 kB
MemFree:          167780 kB
Buffers:           16776 kB
Cached:          1055992 kB
SwapCached:            0 kB
Active:           961316 kB
Inactive:         864032 kB
Active(anon):     751688 kB
Inactive(anon):     6048 kB
Active(file):     209628 kB
Inactive(file):   857984 kB
Unevictable:           0 kB
Mlocked:               0 kB
HighTotal:       2311552 kB
HighFree:          39052 kB
LowTotal:         590680 kB
LowFree:          128728 kB
SwapTotal:       1048572 kB
SwapFree:        1048572 kB
Dirty:                 0 kB
Writeback:             0 kB
AnonPages:        752328 kB
Mapped:           301252 kB
Shmem:              5176 kB
Slab:              52184 kB
SReclaimable:      15876 kB
SUnreclaim:        36308 kB
KernelStack:       13792 kB
PageTables:        28132 kB
NFS_Unstable:          0 kB
Bounce:                0 kB
WritebackTmp:          0 kB
CommitLimit:     2499688 kB
Committed_AS:   62894992 kB
VmallocTotal:     385024 kB
VmallocUsed:      167216 kB
VmallocChunk:      66624 kB
Time pass: 304 sec

---2015-11-18 16:52:34
MemTotal:        2902232 kB
MemFree:          167992 kB
Buffers:           16776 kB
Cached:          1055992 kB
SwapCached:            0 kB
Active:           961512 kB
Inactive:         864032 kB
Active(anon):     751884 kB
Inactive(anon):     6048 kB
Active(file):     209628 kB
Inactive(file):   857984 kB
Unevictable:           0 kB
Mlocked:               0 kB
HighTotal:       2311552 kB
HighFree:          39248 kB
LowTotal:         590680 kB
LowFree:          128744 kB
SwapTotal:       1048572 kB
SwapFree:        1048572 kB
Dirty:                 0 kB
Writeback:             0 kB
AnonPages:        752448 kB
Mapped:           301296 kB
Shmem:              5176 kB
Slab:              52172 kB
SReclaimable:      15876 kB
SUnreclaim:        36296 kB
KernelStack:       13792 kB
PageTables:        28148 kB
NFS_Unstable:          0 kB
Bounce:                0 kB
WritebackTmp:          0 kB
CommitLimit:     2499688 kB
Committed_AS:   62894936 kB
VmallocTotal:     385024 kB
VmallocUsed:      167216 kB
VmallocChunk:      66624 kB
Time pass: 307 sec

---2015-11-18 16:52:34
MemTotal:        2902232 kB
MemFree:          167996 kB
Buffers:           16800 kB
Cached:          1055992 kB
SwapCached:            0 kB
Active:           961680 kB
Inactive:         864056 kB
Active(anon):     752052 kB
Inactive(anon):     6048 kB
Active(file):     209628 kB
Inactive(file):   858008 kB
Unevictable:           0 kB
Mlocked:               0 kB
HighTotal:       2311552 kB
HighFree:          38184 kB
LowTotal:         590680 kB
LowFree:          129812 kB
SwapTotal:       1048572 kB
SwapFree:        1048572 kB
Dirty:                36 kB
Writeback:             0 kB
AnonPages:        752600 kB
Mapped:           301296 kB
Shmem:              5176 kB
Slab:              52164 kB
SReclaimable:      15876 kB
SUnreclaim:        36288 kB
KernelStack:       13792 kB
PageTables:        28144 kB
NFS_Unstable:          0 kB
Bounce:                0 kB
WritebackTmp:          0 kB
CommitLimit:     2499688 kB
Committed_AS:   62894852 kB
VmallocTotal:     385024 kB
VmallocUsed:      167216 kB
VmallocChunk:      66624 kB
Time pass: 310 sec

---2015-11-18 16:52:34
MemTotal:        2902232 kB
MemFree:          167288 kB
Buffers:           16800 kB
Cached:          1055992 kB
SwapCached:            0 kB
Active:           961772 kB
Inactive:         864056 kB
Active(anon):     752144 kB
Inactive(anon):     6048 kB
Active(file):     209628 kB
Inactive(file):   858008 kB
Unevictable:           0 kB
Mlocked:               0 kB
HighTotal:       2311552 kB
HighFree:          37864 kB
LowTotal:         590680 kB
LowFree:          129424 kB
SwapTotal:       1048572 kB
SwapFree:        1048572 kB
Dirty:                 0 kB
Writeback:             0 kB
AnonPages:        752720 kB
Mapped:           301296 kB
