---2015-12-08 16:16:17
MemTotal:        2895588 kB
MemFree:          124640 kB
Buffers:           20160 kB
Cached:          1669260 kB
SwapCached:            0 kB
Active:           848212 kB
Inactive:        1403640 kB
Active(anon):     526268 kB
Inactive(anon):    40108 kB
Active(file):     321944 kB
Inactive(file):  1363532 kB
Unevictable:        2748 kB
Mlocked:               0 kB
HighTotal:       2306432 kB
HighFree:          38176 kB
LowTotal:         589156 kB
LowFree:           86464 kB
SwapTotal:       1048572 kB
SwapFree:        1048572 kB
Dirty:                 0 kB
Writeback:             0 kB
AnonPages:        565376 kB
Mapped:           349132 kB
Shmem:              1196 kB
Slab:              54276 kB
SReclaimable:      19696 kB
SUnreclaim:        34580 kB
KernelStack:       12040 kB
PageTables:        37412 kB
NFS_Unstable:          0 kB
Bounce:                0 kB
WritebackTmp:          0 kB
CommitLimit:     2496364 kB
Committed_AS:   83574976 kB
VmallocTotal:     385024 kB
VmallocUsed:      152536 kB
VmallocChunk:      66628 kB
Time pass: 3 sec

---2015-12-08 16:16:17
MemTotal:        2895588 kB
MemFree:          124276 kB
Buffers:           20160 kB
Cached:          1669260 kB
SwapCached:            0 kB
Active:           848268 kB
Inactive:        1403640 kB
Active(anon):     526324 kB
Inactive(anon):    40108 kB
Active(file):     321944 kB
Inactive(file):  1363532 kB
Unevictable:        2748 kB
Mlocked:               0 kB
HighTotal:       2306432 kB
HighFree:          38176 kB
LowTotal:         589156 kB
LowFree:           86100 kB
SwapTotal:       1048572 kB
SwapFree:        1048572 kB
Dirty:                 0 kB
Writeback:             0 kB
AnonPages:        565384 kB
Mapped:           349140 kB
Shmem:              1196 kB
Slab:              54276 kB
SReclaimable:      19696 kB
SUnreclaim:        34580 kB
KernelStack:       12040 kB
PageTables:        37412 kB
NFS_Unstable:          0 kB
Bounce:                0 kB
WritebackTmp:          0 kB
CommitLimit:     2496364 kB
Committed_AS:   83575204 kB
VmallocTotal:     385024 kB
VmallocUsed:      152536 kB
VmallocChunk:      66628 kB
Time pass: 7 sec

---2015-12-08 16:16:17
MemTotal:        2895588 kB
MemFree:          124272 kB
Buffers:           20160 kB
Cached:          1669260 kB
SwapCached:            0 kB
Active:           848388 kB
Inactive:        1403640 kB
Active(anon):     526444 kB
Inactive(anon):    40108 kB
Active(file):     321944 kB
Inactive(file):  1363532 kB
Unevictable:        2748 kB
Mlocked:               0 kB
HighTotal:       2306432 kB
HighFree:          38176 kB
LowTotal:         589156 kB
LowFree:           86096 kB
SwapTotal:       1048572 kB
SwapFree:        1048572 kB
Dirty:                 0 kB
Writeback:             0 kB
AnonPages:        565536 kB
Mapped:           349192 kB
Shmem:              1196 kB
Slab:              54288 kB
SReclaimable:      19696 kB
SUnreclaim:        34592 kB
KernelStack:       12040 kB
PageTables:        37432 kB
NFS_Unstable:          0 kB
Bounce:                0 kB
WritebackTmp:          0 kB
CommitLimit:     2496364 kB
Committed_AS:   83575300 kB
VmallocTotal:     385024 kB
VmallocUsed:      152536 kB
VmallocChunk:      66628 kB
Time pass: 10 sec

---2015-12-08 16:16:17
MemTotal:        2895588 kB
MemFree:          124160 kB
Buffers:           20160 kB
Cached:          1669260 kB
SwapCached:            0 kB
Active:           848488 kB
Inactive:        1403640 kB
Active(anon):     526544 kB
Inactive(anon):    40108 kB
Active(file):     321944 kB
Inactive(file):  1363532 kB
Unevictable:        2748 kB
Mlocked:               0 kB
HighTotal:       2306432 kB
HighFree:          38176 kB
LowTotal:         589156 kB
LowFree:           85984 kB
SwapTotal:       1048572 kB
SwapFree:        1048572 kB
Dirty:                 0 kB
Writeback:             0 kB
AnonPages:        565648 kB
Mapped:           349192 kB
Shmem:              1196 kB
Slab:              54276 kB
SReclaimable:      19696 kB
SUnreclaim:        34580 kB
KernelStack:       12040 kB
PageTables:        37432 kB
NFS_Unstable:          0 kB
Bounce:                0 kB
WritebackTmp:          0 kB
CommitLimit:     2496364 kB
Committed_AS:   83575556 kB
VmallocTotal:     385024 kB
VmallocUsed:      152536 kB
VmallocChunk:      66628 kB
Time pass: 14 sec

---2015-12-08 16:16:17
MemTotal:        2895588 kB
MemFree:          123680 kB
Buffers:           20160 kB
Cached:          1669260 kB
SwapCached:            0 kB
Active:           848572 kB
Inactive:        1403640 kB
Active(anon):     526628 kB
Inactive(anon):    40108 kB
Active(file):     321944 kB
Inactive(file):  1363532 kB
Unevictable:        2748 kB
Mlocked:               0 kB
HighTotal:       2306432 kB
HighFree:          38176 kB
LowTotal:         589156 kB
LowFree:           85504 kB
SwapTotal:       1048572 kB
SwapFree:        1048572 kB
Dirty:                 0 kB
Writeback:             0 kB
AnonPages:        565784 kB
Mapped:           349244 kB
Shmem:              1196 kB
Slab:              54276 kB
SReclaimable:      19696 kB
SUnreclaim:        34580 kB
KernelStack:       12040 kB
PageTables:        37452 kB
NFS_Unstable:          0 kB
Bounce:                0 kB
WritebackTmp:          0 kB
CommitLimit:     2496364 kB
Committed_AS:   83575632 kB
VmallocTotal:     385024 kB
VmallocUsed:      152536 kB
VmallocChunk:      66628 kB
Time pass: 17 sec

---2015-12-08 16:16:17
MemTotal:        2895588 kB
MemFree:          121876 kB
Buffers:           20160 kB
Cached:          1669260 kB
SwapCached:            0 kB
Active:           850508 kB
Inactive:        1403640 kB
Active(anon):     528564 kB
Inactive(anon):    40108 kB
Active(file):     321944 kB
Inactive(file):  1363532 kB
Unevictable:        2748 kB
Mlocked:               0 kB
HighTotal:       2306432 kB
HighFree:          38176 kB
LowTotal:         589156 kB
LowFree:           83700 kB
SwapTotal:       1048572 kB
SwapFree:        1048572 kB
Dirty:                 0 kB
Writeback:             0 kB
AnonPages:        567772 kB
Mapped:           349412 kB
Shmem:              1196 kB
Slab:              54284 kB
SReclaimable:      19696 kB
SUnreclaim:        34588 kB
KernelStack:       12040 kB
PageTables:        37452 kB
NFS_Unstable:          0 kB
Bounce:                0 kB
WritebackTmp:          0 kB
CommitLimit:     2496364 kB
Committed_AS:   83586704 kB
VmallocTotal:     385024 kB
VmallocUsed:      152536 kB
VmallocChunk:      66628 kB
Time pass: 21 sec

---2015-12-08 16:16:17
MemTotal:        2895588 kB
MemFree:           70096 kB
Buffers:           11000 kB
Cached:          1558276 kB
SwapCached:            0 kB
Active:           700340 kB
Inactive:        1469640 kB
Active(anon):     347416 kB
Inactive(anon):   257364 kB
Active(file):     352924 kB
Inactive(file):  1212276 kB
Unevictable:        2748 kB
Mlocked:               0 kB
HighTotal:       2306432 kB
HighFree:          37908 kB
LowTotal:         589156 kB
LowFree:           32188 kB
SwapTotal:       1048572 kB
SwapFree:        1048572 kB
Dirty:              1220 kB
Writeback:             4 kB
AnonPages:        603640 kB
Mapped:           371732 kB
Shmem:              1328 kB
Slab:              54528 kB
SReclaimable:      19860 kB
SUnreclaim:        34668 kB
KernelStack:       12728 kB
PageTables:        38592 kB
NFS_Unstable:          0 kB
Bounce:                0 kB
WritebackTmp:          0 kB
CommitLimit:     2496364 kB
Committed_AS:   84918664 kB
VmallocTotal:     385024 kB
VmallocUsed:      154104 kB
VmallocChunk:      66628 kB
Time pass: 24 sec

---2015-12-08 16:16:17
MemTotal:        2895588 kB
MemFree:           93828 kB
Buffers:           10380 kB
Cached:          1521296 kB
SwapCached:            0 kB
Active:           650492 kB
Inactive:        1460804 kB
Active(anon):     293336 kB
Inactive(anon):   290372 kB
Active(file):     357156 kB
Inactive(file):  1170432 kB
Unevictable:        2748 kB
Mlocked:               0 kB
HighTotal:       2306432 kB
HighFree:          58012 kB
LowTotal:         589156 kB
LowFree:           35816 kB
SwapTotal:       1048572 kB
SwapFree:        1048572 kB
Dirty:                 0 kB
Writeback:             0 kB
AnonPages:        582464 kB
Mapped:           370844 kB
Shmem:              1328 kB
Slab:              54460 kB
SReclaimable:      19860 kB
SUnreclaim:        34600 kB
KernelStack:       12712 kB
PageTables:        38388 kB
NFS_Unstable:          0 kB
Bounce:                0 kB
WritebackTmp:          0 kB
CommitLimit:     2496364 kB
Committed_AS:   84916028 kB
VmallocTotal:     385024 kB
VmallocUsed:      154292 kB
VmallocChunk:      66628 kB
Time pass: 28 sec

---2015-12-08 16:16:17
MemTotal:        2895588 kB
MemFree:           94744 kB
Buffers:           10396 kB
Cached:          1521296 kB
SwapCached:            0 kB
Active:           649260 kB
Inactive:        1460740 kB
Active(anon):     292104 kB
Inactive(anon):   290288 kB
Active(file):     357156 kB
Inactive(file):  1170452 kB
Unevictable:        2748 kB
Mlocked:               0 kB
HighTotal:       2306432 kB
HighFree:          58040 kB
LowTotal:         589156 kB
LowFree:           36704 kB
SwapTotal:       1048572 kB
SwapFree:        1048572 kB
Dirty:               124 kB
Writeback:             0 kB
AnonPages:        581364 kB
Mapped:           370844 kB
Shmem:              1328 kB
Slab:              54464 kB
SReclaimable:      19860 kB
SUnreclaim:        34604 kB
KernelStack:       12712 kB
PageTables:        38388 kB
NFS_Unstable:          0 kB
Bounce:                0 kB
WritebackTmp:          0 kB
CommitLimit:     2496364 kB
Committed_AS:   84916280 kB
VmallocTotal:     385024 kB
VmallocUsed:      154292 kB
VmallocChunk:      66628 kB
Time pass: 32 sec

---2015-12-08 16:16:17
MemTotal:        2895588 kB
MemFree:           94904 kB
Buffers:           10396 kB
Cached:          1521296 kB
SwapCached:            0 kB
Active:           649400 kB
Inactive:        1460724 kB
Active(anon):     292244 kB
Inactive(anon):   290268 kB
Active(file):     357156 kB
Inactive(file):  1170456 kB
Unevictable:        2748 kB
Mlocked:               0 kB
HighTotal:       2306432 kB
HighFree:          58060 kB
LowTotal:         589156 kB
LowFree:           36844 kB
SwapTotal:       1048572 kB
SwapFree:        1048572 kB
Dirty:               128 kB
Writeback:             0 kB
AnonPages:        581356 kB
Mapped:           370964 kB
Shmem:              1328 kB
Slab:              54468 kB
SReclaimable:      19860 kB
SUnreclaim:        34608 kB
KernelStack:       12712 kB
PageTables:        38408 kB
NFS_Unstable:          0 kB
Bounce:                0 kB
WritebackTmp:          0 kB
CommitLimit:     2496364 kB
Committed_AS:   84916480 kB
VmallocTotal:     385024 kB
VmallocUsed:      154292 kB
VmallocChunk:      66628 kB
Time pass: 35 sec

---2015-12-08 16:16:17
MemTotal:        2895588 kB
MemFree:           70312 kB
Buffers:           10284 kB
Cached:          1479452 kB
SwapCached:            0 kB
Active:           654428 kB
Inactive:        1429604 kB
Active(anon):     296088 kB
Inactive(anon):   302684 kB
Active(file):     358340 kB
Inactive(file):  1126920 kB
Unevictable:        2748 kB
Mlocked:               0 kB
HighTotal:       2306432 kB
HighFree:          38236 kB
LowTotal:         589156 kB
LowFree:           32076 kB
SwapTotal:       1048572 kB
SwapFree:        1048572 kB
Dirty:                 8 kB
Writeback:             0 kB
AnonPages:        597340 kB
Mapped:           372008 kB
Shmem:              1332 kB
Slab:              54464 kB
SReclaimable:      19860 kB
SUnreclaim:        34604 kB
KernelStack:       12768 kB
PageTables:        38452 kB
NFS_Unstable:          0 kB
Bounce:                0 kB
WritebackTmp:          0 kB
CommitLimit:     2496364 kB
Committed_AS:   84924692 kB
VmallocTotal:     385024 kB
VmallocUsed:      155028 kB
VmallocChunk:      66628 kB
Time pass: 39 sec

---2015-12-08 16:16:17
MemTotal:        2895588 kB
MemFree:           73808 kB
Buffers:           10264 kB
Cached:          1459112 kB
SwapCached:            0 kB
Active:           662348 kB
Inactive:        1412392 kB
Active(anon):     303120 kB
Inactive(anon):   306832 kB
Active(file):     359228 kB
Inactive(file):  1105560 kB
Unevictable:        2748 kB
Mlocked:               0 kB
HighTotal:       2306432 kB
HighFree:          41484 kB
LowTotal:         589156 kB
LowFree:           32324 kB
SwapTotal:       1048572 kB
SwapFree:        1048572 kB
Dirty:                 8 kB
Writeback:             0 kB
AnonPages:        609536 kB
Mapped:           372536 kB
Shmem:              1324 kB
Slab:              54432 kB
SReclaimable:      19860 kB
SUnreclaim:        34572 kB
KernelStack:       12920 kB
PageTables:        38600 kB
NFS_Unstable:          0 kB
Bounce:                0 kB
WritebackTmp:          0 kB
CommitLimit:     2496364 kB
Committed_AS:   84948252 kB
VmallocTotal:     385024 kB
VmallocUsed:      155028 kB
VmallocChunk:      66628 kB
Time pass: 42 sec

---2015-12-08 16:16:17
MemTotal:        2895588 kB
MemFree:           89484 kB
Buffers:           10240 kB
Cached:          1449120 kB
SwapCached:            0 kB
Active:           653568 kB
Inactive:        1406148 kB
Active(anon):     293864 kB
Inactive(anon):   310572 kB
Active(file):     359704 kB
Inactive(file):  1095576 kB
Unevictable:        2748 kB
Mlocked:               0 kB
HighTotal:       2306432 kB
HighFree:          53668 kB
LowTotal:         589156 kB
LowFree:           35816 kB
SwapTotal:       1048572 kB
SwapFree:        1048572 kB
Dirty:               104 kB
Writeback:             0 kB
AnonPages:        604048 kB
Mapped:           372760 kB
Shmem:              1332 kB
Slab:              54440 kB
SReclaimable:      19864 kB
SUnreclaim:        34576 kB
KernelStack:       12896 kB
PageTables:        38536 kB
NFS_Unstable:          0 kB
Bounce:                0 kB
WritebackTmp:          0 kB
CommitLimit:     2496364 kB
Committed_AS:   84938964 kB
VmallocTotal:     385024 kB
VmallocUsed:      154904 kB
VmallocChunk:      66628 kB
Time pass: 46 sec

---2015-12-08 16:16:17
MemTotal:        2895588 kB
MemFree:           73672 kB
Buffers:           10148 kB
Cached:          1408556 kB
SwapCached:            0 kB
Active:           674520 kB
Inactive:        1369288 kB
Active(anon):     313544 kB
Inactive(anon):   315600 kB
Active(file):     360976 kB
Inactive(file):  1053688 kB
Unevictable:        2748 kB
Mlocked:               0 kB
HighTotal:       2306432 kB
HighFree:          41280 kB
LowTotal:         589156 kB
LowFree:           32392 kB
SwapTotal:       1048572 kB
SwapFree:        1048572 kB
Dirty:              1372 kB
Writeback:             0 kB
AnonPages:        628412 kB
Mapped:           374044 kB
Shmem:              1328 kB
Slab:              54472 kB
SReclaimable:      19876 kB
SUnreclaim:        34596 kB
KernelStack:       12944 kB
PageTables:        38628 kB
NFS_Unstable:          0 kB
Bounce:                0 kB
WritebackTmp:          0 kB
CommitLimit:     2496364 kB
Committed_AS:   84949096 kB
VmallocTotal:     385024 kB
VmallocUsed:      155192 kB
VmallocChunk:      66628 kB
Time pass: 49 sec

---2015-12-08 16:16:17
MemTotal:        2895588 kB
MemFree:           87132 kB
Buffers:           10520 kB
Cached:          1391148 kB
SwapCached:            0 kB
Active:           659168 kB
Inactive:        1352064 kB
Active(anon):     297512 kB
Inactive(anon):   316132 kB
Active(file):     361656 kB
Inactive(file):  1035932 kB
Unevictable:        2748 kB
Mlocked:               0 kB
HighTotal:       2306432 kB
HighFree:          51984 kB
LowTotal:         589156 kB
LowFree:           35148 kB
SwapTotal:       1048572 kB
SwapFree:        1048572 kB
Dirty:                 0 kB
Writeback:             0 kB
AnonPages:        612552 kB
Mapped:           374312 kB
Shmem:              1328 kB
Slab:              54472 kB
SReclaimable:      19876 kB
SUnreclaim:        34596 kB
KernelStack:       12952 kB
PageTables:        38604 kB
NFS_Unstable:          0 kB
Bounce:                0 kB
WritebackTmp:          0 kB
CommitLimit:     2496364 kB
Committed_AS:   84937556 kB
VmallocTotal:     385024 kB
VmallocUsed:      155212 kB
VmallocChunk:      66628 kB
Time pass: 53 sec

---2015-12-08 16:16:17
MemTotal:        2895588 kB
MemFree:           86796 kB
Buffers:           10528 kB
Cached:          1391812 kB
SwapCached:            0 kB
Active:           659544 kB
Inactive:        1352724 kB
Active(anon):     297884 kB
Inactive(anon):   316128 kB
Active(file):     361660 kB
Inactive(file):  1036596 kB
Unevictable:        2748 kB
Mlocked:               0 kB
HighTotal:       2306432 kB
HighFree:          51736 kB
LowTotal:         589156 kB
LowFree:           35060 kB
SwapTotal:       1048572 kB
SwapFree:        1048572 kB
Dirty:                 0 kB
Writeback:             0 kB
AnonPages:        612980 kB
Mapped:           374768 kB
Shmem:              1328 kB
Slab:              54488 kB
SReclaimable:      19876 kB
SUnreclaim:        34612 kB
KernelStack:       12952 kB
PageTables:        38636 kB
NFS_Unstable:          0 kB
Bounce:                0 kB
WritebackTmp:          0 kB
CommitLimit:     2496364 kB
Committed_AS:   84937748 kB
VmallocTotal:     385024 kB
VmallocUsed:      155212 kB
VmallocChunk:      66628 kB
Time pass: 56 sec

---2015-12-08 16:16:17
MemTotal:        2895588 kB
MemFree:           76848 kB
Buffers:           10536 kB
Cached:          1391856 kB
SwapCached:            0 kB
Active:           662480 kB
Inactive:        1352760 kB
Active(anon):     300800 kB
Inactive(anon):   316128 kB
Active(file):     361680 kB
Inactive(file):  1036632 kB
Unevictable:        2748 kB
Mlocked:               0 kB
HighTotal:       2306432 kB
HighFree:          43376 kB
LowTotal:         589156 kB
LowFree:           33472 kB
SwapTotal:       1048572 kB
SwapFree:        1048572 kB
Dirty:                60 kB
Writeback:             0 kB
AnonPages:        615192 kB
Mapped:           374764 kB
Shmem:              1328 kB
Slab:              54512 kB
SReclaimable:      19876 kB
SUnreclaim:        34636 kB
KernelStack:       12952 kB
PageTables:        38612 kB
NFS_Unstable:          0 kB
Bounce:                0 kB
WritebackTmp:          0 kB
CommitLimit:     2496364 kB
Committed_AS:   84937900 kB
VmallocTotal:     385024 kB
VmallocUsed:      155228 kB
VmallocChunk:      66628 kB
Time pass: 60 sec

---2015-12-08 16:16:17
MemTotal:        2895588 kB
MemFree:           75364 kB
Buffers:           10536 kB
Cached:          1392048 kB
SwapCached:            0 kB
Active:           662892 kB
Inactive:        1352556 kB
Active(anon):     301208 kB
Inactive(anon):   315752 kB
Active(file):     361684 kB
Inactive(file):  1036804 kB
Unevictable:        2748 kB
Mlocked:               0 kB
HighTotal:       2306432 kB
HighFree:          41888 kB
LowTotal:         589156 kB
LowFree:           33476 kB
SwapTotal:       1048572 kB
SwapFree:        1048572 kB
Dirty:               200 kB
Writeback:             0 kB
AnonPages:        615944 kB
Mapped:           374852 kB
Shmem:              1328 kB
Slab:              54624 kB
SReclaimable:      19952 kB
SUnreclaim:        34672 kB
KernelStack:       12952 kB
PageTables:        38616 kB
NFS_Unstable:          0 kB
Bounce:                0 kB
WritebackTmp:          0 kB
CommitLimit:     2496364 kB
Committed_AS:   84938364 kB
VmallocTotal:     385024 kB
VmallocUsed:      155228 kB
VmallocChunk:      66628 kB
Time pass: 63 sec

---2015-12-08 16:16:17
MemTotal:        2895588 kB
MemFree:           73908 kB
Buffers:           10544 kB
Cached:          1392048 kB
SwapCached:            0 kB
Active:           663200 kB
Inactive:        1352576 kB
Active(anon):     301516 kB
Inactive(anon):   315744 kB
Active(file):     361684 kB
Inactive(file):  1036832 kB
Unevictable:        2748 kB
Mlocked:               0 kB
HighTotal:       2306432 kB
HighFree:          40400 kB
LowTotal:         589156 kB
LowFree:           33508 kB
SwapTotal:       1048572 kB
SwapFree:        1048572 kB
Dirty:                 0 kB
Writeback:             0 kB
AnonPages:        616148 kB
Mapped:           374856 kB
Shmem:              1328 kB
Slab:              54592 kB
SReclaimable:      19952 kB
SUnreclaim:        34640 kB
KernelStack:       12952 kB
PageTables:        38632 kB
NFS_Unstable:          0 kB
Bounce:                0 kB
WritebackTmp:          0 kB
CommitLimit:     2496364 kB
Committed_AS:   84938476 kB
VmallocTotal:     385024 kB
VmallocUsed:      155228 kB
VmallocChunk:      66628 kB
Time pass: 67 sec

---2015-12-08 16:16:17
MemTotal:        2895588 kB
MemFree:           74888 kB
Buffers:           10456 kB
Cached:          1325112 kB
SwapCached:            0 kB
Active:           669328 kB
Inactive:        1285864 kB
Active(anon):     306232 kB
Inactive(anon):   317468 kB
Active(file):     363096 kB
Inactive(file):   968396 kB
Unevictable:        2748 kB
Mlocked:               0 kB
HighTotal:       2306432 kB
HighFree:          41652 kB
LowTotal:         589156 kB
LowFree:           33236 kB
SwapTotal:       1048572 kB
SwapFree:        1048572 kB
Dirty:               588 kB
Writeback:             0 kB
AnonPages:        622492 kB
Mapped:           375196 kB
Shmem:              1328 kB
Slab:              54612 kB
SReclaimable:      19960 kB
SUnreclaim:        34652 kB
KernelStack:       13048 kB
PageTables:        38620 kB
NFS_Unstable:          0 kB
Bounce:                0 kB
WritebackTmp:          0 kB
CommitLimit:     2496364 kB
Committed_AS:   84937380 kB
VmallocTotal:     385024 kB
VmallocUsed:      155456 kB
VmallocChunk:      66628 kB
Time pass: 71 sec

---2015-12-08 16:16:17
MemTotal:        2895588 kB
MemFree:           74264 kB
Buffers:           10464 kB
Cached:          1316448 kB
SwapCached:            0 kB
Active:           678796 kB
Inactive:        1278404 kB
Active(anon):     315548 kB
Inactive(anon):   318872 kB
Active(file):     363248 kB
Inactive(file):   959532 kB
Unevictable:        2748 kB
Mlocked:               0 kB
HighTotal:       2306432 kB
HighFree:          41612 kB
LowTotal:         589156 kB
LowFree:           32652 kB
SwapTotal:       1048572 kB
SwapFree:        1048572 kB
Dirty:               332 kB
Writeback:             8 kB
AnonPages:        633320 kB
Mapped:           378828 kB
Shmem:              1328 kB
Slab:              54596 kB
SReclaimable:      19960 kB
SUnreclaim:        34636 kB
KernelStack:       13096 kB
PageTables:        38632 kB
NFS_Unstable:          0 kB
Bounce:                0 kB
WritebackTmp:          0 kB
CommitLimit:     2496364 kB
Committed_AS:   84950228 kB
VmallocTotal:     385024 kB
VmallocUsed:      155456 kB
VmallocChunk:      66628 kB
Time pass: 74 sec

---2015-12-08 16:16:17
MemTotal:        2895588 kB
MemFree:           69724 kB
Buffers:           10456 kB
Cached:          1310756 kB
SwapCached:            0 kB
Active:           687060 kB
Inactive:        1274636 kB
Active(anon):     323404 kB
Inactive(anon):   321328 kB
Active(file):     363656 kB
Inactive(file):   953308 kB
Unevictable:        2748 kB
Mlocked:               0 kB
HighTotal:       2306432 kB
HighFree:          38088 kB
LowTotal:         589156 kB
LowFree:           31636 kB
SwapTotal:       1048572 kB
SwapFree:        1048572 kB
Dirty:                68 kB
Writeback:             0 kB
AnonPages:        643436 kB
Mapped:           380092 kB
Shmem:              1492 kB
Slab:              54544 kB
SReclaimable:      19756 kB
SUnreclaim:        34788 kB
KernelStack:       13304 kB
PageTables:        38796 kB
NFS_Unstable:          0 kB
Bounce:                0 kB
WritebackTmp:          0 kB
CommitLimit:     2496364 kB
Committed_AS:   84966288 kB
VmallocTotal:     385024 kB
VmallocUsed:      157668 kB
VmallocChunk:      66628 kB
Time pass: 79 sec

---2015-12-08 16:16:17
MemTotal:        2895588 kB
MemFree:           75704 kB
Buffers:           10452 kB
Cached:          1280320 kB
SwapCached:            0 kB
Active:           686916 kB
Inactive:        1246896 kB
Active(anon):     322888 kB
Inactive(anon):   324440 kB
Active(file):     364028 kB
Inactive(file):   922456 kB
Unevictable:        2748 kB
Mlocked:               0 kB
HighTotal:       2306432 kB
HighFree:          40728 kB
LowTotal:         589156 kB
LowFree:           34976 kB
SwapTotal:       1048572 kB
SwapFree:        1048572 kB
Dirty:                76 kB
Writeback:             0 kB
AnonPages:        646300 kB
Mapped:           380144 kB
Shmem:              1540 kB
Slab:              54620 kB
SReclaimable:      19756 kB
SUnreclaim:        34864 kB
KernelStack:       13280 kB
PageTables:        38940 kB
NFS_Unstable:          0 kB
Bounce:                0 kB
WritebackTmp:          0 kB
CommitLimit:     2496364 kB
Committed_AS:   84970744 kB
VmallocTotal:     385024 kB
VmallocUsed:      157668 kB
VmallocChunk:      66628 kB
Time pass: 82 sec

---2015-12-08 16:16:17
MemTotal:        2895588 kB
MemFree:           74592 kB
Buffers:           10460 kB
Cached:          1280480 kB
SwapCached:            0 kB
Active:           687836 kB
Inactive:        1247012 kB
Active(anon):     323800 kB
Inactive(anon):   324564 kB
Active(file):     364036 kB
Inactive(file):   922448 kB
Unevictable:        2748 kB
Mlocked:               0 kB
HighTotal:       2306432 kB
HighFree:          39312 kB
LowTotal:         589156 kB
LowFree:           35280 kB
SwapTotal:       1048572 kB
SwapFree:        1048572 kB
Dirty:                36 kB
Writeback:             0 kB
AnonPages:        646440 kB
Mapped:           380336 kB
Shmem:              1700 kB
Slab:              54648 kB
SReclaimable:      19756 kB
SUnreclaim:        34892 kB
KernelStack:       13264 kB
PageTables:        38944 kB
NFS_Unstable:          0 kB
Bounce:                0 kB
WritebackTmp:          0 kB
CommitLimit:     2496364 kB
Committed_AS:   84970768 kB
VmallocTotal:     385024 kB
VmallocUsed:      157668 kB
VmallocChunk:      66628 kB
Time pass: 86 sec

---2015-12-08 16:16:17
MemTotal:        2895588 kB
MemFree:           73876 kB
Buffers:           10476 kB
Cached:          1280528 kB
SwapCached:            0 kB
Active:           687588 kB
Inactive:        1247072 kB
Active(anon):     323552 kB
Inactive(anon):   324600 kB
Active(file):     364036 kB
Inactive(file):   922472 kB
Unevictable:        2748 kB
Mlocked:               0 kB
HighTotal:       2306432 kB
HighFree:          39012 kB
LowTotal:         589156 kB
LowFree:           34864 kB
SwapTotal:       1048572 kB
SwapFree:        1048572 kB
Dirty:                 0 kB
Writeback:             0 kB
AnonPages:        646896 kB
Mapped:           380440 kB
Shmem:              1748 kB
Slab:              54652 kB
SReclaimable:      19756 kB
SUnreclaim:        34896 kB
KernelStack:       13264 kB
PageTables:        38968 kB
NFS_Unstable:          0 kB
Bounce:                0 kB
WritebackTmp:          0 kB
CommitLimit:     2496364 kB
Committed_AS:   84970856 kB
VmallocTotal:     385024 kB
VmallocUsed:      157668 kB
VmallocChunk:      66628 kB
Time pass: 90 sec

---2015-12-08 16:16:17
MemTotal:        2895588 kB
MemFree:           74224 kB
Buffers:           10484 kB
Cached:          1280528 kB
SwapCached:            0 kB
Active:           687712 kB
Inactive:        1247120 kB
Active(anon):     323676 kB
Inactive(anon):   324640 kB
Active(file):     364036 kB
Inactive(file):   922480 kB
Unevictable:        2748 kB
Mlocked:               0 kB
HighTotal:       2306432 kB
HighFree:          39064 kB
LowTotal:         589156 kB
LowFree:           35160 kB
SwapTotal:       1048572 kB
SwapFree:        1048572 kB
Dirty:                32 kB
Writeback:             0 kB
AnonPages:        646840 kB
Mapped:           380440 kB
Shmem:              1748 kB
Slab:              54652 kB
SReclaimable:      19748 kB
SUnreclaim:        34904 kB
KernelStack:       13264 kB
PageTables:        38968 kB
NFS_Unstable:          0 kB
Bounce:                0 kB
WritebackTmp:          0 kB
CommitLimit:     2496364 kB
Committed_AS:   84971144 kB
VmallocTotal:     385024 kB
VmallocUsed:      157668 kB
VmallocChunk:      66628 kB
Time pass: 93 sec

---2015-12-08 16:16:17
MemTotal:        2895588 kB
MemFree:           73852 kB
Buffers:           10500 kB
Cached:          1280528 kB
SwapCached:            0 kB
Active:           688520 kB
Inactive:        1247132 kB
Active(anon):     324484 kB
Inactive(anon):   324636 kB
Active(file):     364036 kB
Inactive(file):   922496 kB
Unevictable:        2748 kB
Mlocked:               0 kB
HighTotal:       2306432 kB
HighFree:          39384 kB
LowTotal:         589156 kB
LowFree:           34468 kB
SwapTotal:       1048572 kB
SwapFree:        1048572 kB
Dirty:                44 kB
Writeback:             0 kB
AnonPages:        647968 kB
Mapped:           380388 kB
Shmem:              1748 kB
Slab:              54644 kB
SReclaimable:      19748 kB
SUnreclaim:        34896 kB
KernelStack:       13264 kB
PageTables:        38852 kB
NFS_Unstable:          0 kB
Bounce:                0 kB
WritebackTmp:          0 kB
CommitLimit:     2496364 kB
Committed_AS:   84979392 kB
VmallocTotal:     385024 kB
VmallocUsed:      157668 kB
VmallocChunk:      66628 kB
Time pass: 97 sec

---2015-12-08 16:16:17
MemTotal:        2895588 kB
MemFree:           65616 kB
Buffers:           10516 kB
Cached:          1280528 kB
SwapCached:            0 kB
Active:           689236 kB
Inactive:        1247100 kB
Active(anon):     325216 kB
Inactive(anon):   324572 kB
Active(file):     364020 kB
Inactive(file):   922528 kB
Unevictable:        2748 kB
Mlocked:               0 kB
HighTotal:       2306432 kB
HighFree:          31168 kB
LowTotal:         589156 kB
LowFree:           34448 kB
SwapTotal:       1048572 kB
SwapFree:        1048572 kB
Dirty:                56 kB
Writeback:             0 kB
AnonPages:        648288 kB
Mapped:           380388 kB
Shmem:              1748 kB
Slab:              54644 kB
SReclaimable:      19748 kB
SUnreclaim:        34896 kB
KernelStack:       13256 kB
PageTables:        38948 kB
NFS_Unstable:          0 kB
Bounce:                0 kB
WritebackTmp:          0 kB
CommitLimit:     2496364 kB
Committed_AS:   84979452 kB
VmallocTotal:     385024 kB
VmallocUsed:      157668 kB
VmallocChunk:      66628 kB
Time pass: 100 sec

---2015-12-08 16:16:17
MemTotal:        2895588 kB
MemFree:           65328 kB
Buffers:           10516 kB
Cached:          1280536 kB
SwapCached:            0 kB
Active:           689260 kB
Inactive:        1247080 kB
Active(anon):     325240 kB
Inactive(anon):   324552 kB
Active(file):     364020 kB
Inactive(file):   922528 kB
Unevictable:        2748 kB
Mlocked:               0 kB
HighTotal:       2306432 kB
HighFree:          32036 kB
LowTotal:         589156 kB
LowFree:           33292 kB
SwapTotal:       1048572 kB
SwapFree:        1048572 kB
Dirty:                 0 kB
Writeback:             0 kB
AnonPages:        648504 kB
Mapped:           380452 kB
Shmem:              1756 kB
Slab:              54680 kB
SReclaimable:      19748 kB
SUnreclaim:        34932 kB
KernelStack:       13256 kB
PageTables:        38968 kB
NFS_Unstable:          0 kB
Bounce:                0 kB
WritebackTmp:          0 kB
CommitLimit:     2496364 kB
Committed_AS:   84979524 kB
VmallocTotal:     385024 kB
VmallocUsed:      157668 kB
VmallocChunk:      66628 kB
Time pass: 104 sec

---2015-12-08 16:16:17
MemTotal:        2895588 kB
MemFree:           74012 kB
Buffers:           10532 kB
Cached:          1268488 kB
SwapCached:            0 kB
Active:           690380 kB
Inactive:        1236520 kB
Active(anon):     326192 kB
Inactive(anon):   326244 kB
Active(file):     364188 kB
Inactive(file):   910276 kB
Unevictable:        2748 kB
Mlocked:               0 kB
HighTotal:       2306432 kB
HighFree:          41408 kB
LowTotal:         589156 kB
LowFree:           32604 kB
SwapTotal:       1048572 kB
SwapFree:        1048572 kB
Dirty:                40 kB
Writeback:             0 kB
AnonPages:        650720 kB
Mapped:           380700 kB
Shmem:              1792 kB
Slab:              54672 kB
SReclaimable:      19748 kB
SUnreclaim:        34924 kB
KernelStack:       13264 kB
PageTables:        39024 kB
NFS_Unstable:          0 kB
Bounce:                0 kB
WritebackTmp:          0 kB
CommitLimit:     2496364 kB
Committed_AS:   84982408 kB
VmallocTotal:     385024 kB
VmallocUsed:      157668 kB
VmallocChunk:      66628 kB
Time pass: 107 sec

---2015-12-08 16:16:17
MemTotal:        2895588 kB
MemFree:          393704 kB
Buffers:           10580 kB
Cached:          1260624 kB
SwapCached:            0 kB
Active:           608832 kB
Inactive:        1229000 kB
Active(anon):     243728 kB
Inactive(anon):   327004 kB
Active(file):     365104 kB
Inactive(file):   901996 kB
Unevictable:        2748 kB
Mlocked:               0 kB
HighTotal:       2306432 kB
HighFree:         304120 kB
LowTotal:         589156 kB
LowFree:           89584 kB
SwapTotal:       1048572 kB
SwapFree:        1048572 kB
Dirty:                68 kB
Writeback:             0 kB
AnonPages:        568876 kB
Mapped:           346448 kB
Shmem:              1324 kB
Slab:              54668 kB
SReclaimable:      19748 kB
SUnreclaim:        34920 kB
KernelStack:       12512 kB
PageTables:        37072 kB
NFS_Unstable:          0 kB
Bounce:                0 kB
WritebackTmp:          0 kB
CommitLimit:     2496364 kB
Committed_AS:   82347728 kB
VmallocTotal:     385024 kB
VmallocUsed:      151928 kB
VmallocChunk:      67652 kB
Time pass: 111 sec

---2015-12-08 16:16:17
MemTotal:        2895588 kB
MemFree:          393988 kB
Buffers:           10588 kB
Cached:          1260780 kB
SwapCached:            0 kB
Active:           608396 kB
Inactive:        1228728 kB
Active(anon):     243116 kB
Inactive(anon):   326632 kB
Active(file):     365280 kB
Inactive(file):   902096 kB
Unevictable:        2748 kB
Mlocked:               0 kB
HighTotal:       2306432 kB
HighFree:         304252 kB
LowTotal:         589156 kB
LowFree:           89736 kB
SwapTotal:       1048572 kB
SwapFree:        1048572 kB
Dirty:                 0 kB
Writeback:             0 kB
AnonPages:        568776 kB
Mapped:           346636 kB
Shmem:              1196 kB
Slab:              54684 kB
SReclaimable:      19744 kB
SUnreclaim:        34940 kB
KernelStack:       12472 kB
PageTables:        37104 kB
NFS_Unstable:          0 kB
Bounce:                0 kB
WritebackTmp:          0 kB
CommitLimit:     2496364 kB
Committed_AS:   82348032 kB
VmallocTotal:     385024 kB
VmallocUsed:      151928 kB
VmallocChunk:      67652 kB
Time pass: 115 sec

---2015-12-08 16:16:17
MemTotal:        2895588 kB
MemFree:          395404 kB
Buffers:           10588 kB
Cached:          1260780 kB
SwapCached:            0 kB
Active:           607108 kB
Inactive:        1228668 kB
Active(anon):     241800 kB
Inactive(anon):   326592 kB
Active(file):     365308 kB
Inactive(file):   902076 kB
Unevictable:        2748 kB
Mlocked:               0 kB
HighTotal:       2306432 kB
HighFree:         305528 kB
LowTotal:         589156 kB
LowFree:           89876 kB
SwapTotal:       1048572 kB
SwapFree:        1048572 kB
Dirty:                 0 kB
Writeback:             0 kB
AnonPages:        567800 kB
Mapped:           346776 kB
Shmem:              1196 kB
Slab:              54644 kB
SReclaimable:      19744 kB
SUnreclaim:        34900 kB
KernelStack:       12232 kB
PageTables:        37044 kB
NFS_Unstable:          0 kB
Bounce:                0 kB
WritebackTmp:          0 kB
CommitLimit:     2496364 kB
Committed_AS:   82348040 kB
VmallocTotal:     385024 kB
VmallocUsed:      151928 kB
VmallocChunk:      67652 kB
Time pass: 118 sec

---2015-12-08 16:16:17
MemTotal:        2895588 kB
MemFree:          395008 kB
Buffers:           10596 kB
Cached:          1260784 kB
SwapCached:            0 kB
Active:           607288 kB
Inactive:        1228720 kB
Active(anon):     241980 kB
Inactive(anon):   326592 kB
Active(file):     365308 kB
Inactive(file):   902128 kB
Unevictable:        2748 kB
Mlocked:               0 kB
HighTotal:       2306432 kB
HighFree:         305228 kB
LowTotal:         589156 kB
LowFree:           89780 kB
SwapTotal:       1048572 kB
SwapFree:        1048572 kB
Dirty:                76 kB
Writeback:             0 kB
AnonPages:        567836 kB
Mapped:           346776 kB
Shmem:              1196 kB
Slab:              54644 kB
SReclaimable:      19744 kB
SUnreclaim:        34900 kB
KernelStack:       12216 kB
PageTables:        37040 kB
NFS_Unstable:          0 kB
Bounce:                0 kB
WritebackTmp:          0 kB
CommitLimit:     2496364 kB
Committed_AS:   82348280 kB
VmallocTotal:     385024 kB
VmallocUsed:      151928 kB
VmallocChunk:      67652 kB
Time pass: 122 sec

---2015-12-08 16:16:17
MemTotal:        2895588 kB
MemFree:          394852 kB
Buffers:           10604 kB
Cached:          1261368 kB
SwapCached:            0 kB
Active:           607296 kB
Inactive:        1229112 kB
Active(anon):     241988 kB
Inactive(anon):   326984 kB
Active(file):     365308 kB
Inactive(file):   902128 kB
Unevictable:        2748 kB
Mlocked:               0 kB
HighTotal:       2306432 kB
HighFree:         304908 kB
LowTotal:         589156 kB
LowFree:           89944 kB
SwapTotal:       1048572 kB
SwapFree:        1048572 kB
Dirty:                12 kB
Writeback:             0 kB
AnonPages:        568156 kB
Mapped:           347316 kB
Shmem:              1780 kB
Slab:              54628 kB
SReclaimable:      19736 kB
SUnreclaim:        34892 kB
KernelStack:       12184 kB
PageTables:        37020 kB
NFS_Unstable:          0 kB
Bounce:                0 kB
WritebackTmp:          0 kB
CommitLimit:     2496364 kB
Committed_AS:   82348900 kB
VmallocTotal:     385024 kB
VmallocUsed:      151928 kB
VmallocChunk:      67652 kB
Time pass: 125 sec

---2015-12-08 16:16:17
MemTotal:        2895588 kB
MemFree:          357032 kB
Buffers:           11100 kB
Cached:          1261756 kB
SwapCached:            0 kB
Active:           629388 kB
Inactive:        1229044 kB
Active(anon):     263128 kB
Inactive(anon):   327036 kB
Active(file):     366260 kB
Inactive(file):   902008 kB
Unevictable:        2748 kB
Mlocked:               0 kB
HighTotal:       2306432 kB
HighFree:         267408 kB
LowTotal:         589156 kB
LowFree:           89624 kB
SwapTotal:       1048572 kB
SwapFree:        1048572 kB
Dirty:               732 kB
Writeback:             0 kB
AnonPages:        588788 kB
Mapped:           366616 kB
Shmem:              1712 kB
Slab:              54628 kB
SReclaimable:      19736 kB
SUnreclaim:        34892 kB
KernelStack:       12400 kB
PageTables:        37612 kB
NFS_Unstable:          0 kB
Bounce:                0 kB
WritebackTmp:          0 kB
CommitLimit:     2496364 kB
Committed_AS:   83654376 kB
VmallocTotal:     385024 kB
VmallocUsed:      153180 kB
VmallocChunk:      67652 kB
Time pass: 129 sec

---2015-12-08 16:16:17
MemTotal:        2895588 kB
MemFree:          216312 kB
Buffers:           11124 kB
Cached:          1262368 kB
SwapCached:            0 kB
Active:           650456 kB
Inactive:        1229408 kB
Active(anon):     283980 kB
Inactive(anon):   326996 kB
Active(file):     366476 kB
Inactive(file):   902412 kB
Unevictable:        2748 kB
Mlocked:               0 kB
HighTotal:       2306432 kB
HighFree:         128252 kB
LowTotal:         589156 kB
LowFree:           88060 kB
SwapTotal:       1048572 kB
SwapFree:        1048572 kB
Dirty:              1036 kB
Writeback:             0 kB
AnonPages:        609528 kB
Mapped:           371136 kB
Shmem:              1848 kB
Slab:              54644 kB
SReclaimable:      19776 kB
SUnreclaim:        34868 kB
KernelStack:       12920 kB
PageTables:        38216 kB
NFS_Unstable:          0 kB
Bounce:                0 kB
WritebackTmp:          0 kB
CommitLimit:     2496364 kB
Committed_AS:   83689316 kB
VmallocTotal:     385024 kB
VmallocUsed:      153592 kB
VmallocChunk:      67652 kB
Time pass: 132 sec

---2015-12-08 16:16:17
MemTotal:        2895588 kB
MemFree:          152704 kB
Buffers:           11124 kB
Cached:          1263560 kB
SwapCached:            0 kB
Active:           654568 kB
Inactive:        1228888 kB
Active(anon):     286388 kB
Inactive(anon):   326980 kB
Active(file):     368180 kB
Inactive(file):   901908 kB
Unevictable:        2748 kB
Mlocked:               0 kB
HighTotal:       2306432 kB
HighFree:          64728 kB
LowTotal:         589156 kB
LowFree:           87976 kB
SwapTotal:       1048572 kB
SwapFree:        1048572 kB
Dirty:               744 kB
Writeback:             0 kB
AnonPages:        611656 kB
Mapped:           371668 kB
Shmem:              1848 kB
Slab:              54644 kB
SReclaimable:      19784 kB
SUnreclaim:        34860 kB
KernelStack:       12912 kB
PageTables:        38140 kB
NFS_Unstable:          0 kB
Bounce:                0 kB
WritebackTmp:          0 kB
CommitLimit:     2496364 kB
Committed_AS:   83695060 kB
VmallocTotal:     385024 kB
VmallocUsed:      154164 kB
VmallocChunk:      67652 kB
Time pass: 136 sec

---2015-12-08 16:16:17
MemTotal:        2895588 kB
MemFree:          151920 kB
Buffers:           11132 kB
Cached:          1263560 kB
SwapCached:            0 kB
Active:           654124 kB
Inactive:        1228888 kB
Active(anon):     285944 kB
Inactive(anon):   326972 kB
Active(file):     368180 kB
Inactive(file):   901916 kB
Unevictable:        2748 kB
Mlocked:               0 kB
HighTotal:       2306432 kB
HighFree:          63984 kB
LowTotal:         589156 kB
LowFree:           87936 kB
SwapTotal:       1048572 kB
SwapFree:        1048572 kB
Dirty:               912 kB
Writeback:             0 kB
AnonPages:        611464 kB
Mapped:           371692 kB
Shmem:              1848 kB
Slab:              54660 kB
SReclaimable:      19784 kB
SUnreclaim:        34876 kB
KernelStack:       12912 kB
PageTables:        38108 kB
NFS_Unstable:          0 kB
Bounce:                0 kB
WritebackTmp:          0 kB
CommitLimit:     2496364 kB
Committed_AS:   83695368 kB
VmallocTotal:     385024 kB
VmallocUsed:      154164 kB
VmallocChunk:      67652 kB
Time pass: 139 sec

---2015-12-08 16:16:17
MemTotal:        2895588 kB
MemFree:          150732 kB
Buffers:           11140 kB
Cached:          1263848 kB
SwapCached:            0 kB
Active:           656704 kB
Inactive:        1228736 kB
Active(anon):     288260 kB
Inactive(anon):   326816 kB
Active(file):     368444 kB
Inactive(file):   901920 kB
Unevictable:        2748 kB
Mlocked:               0 kB
HighTotal:       2306432 kB
HighFree:          62764 kB
LowTotal:         589156 kB
LowFree:           87968 kB
SwapTotal:       1048572 kB
SwapFree:        1048572 kB
Dirty:               276 kB
Writeback:             0 kB
AnonPages:        613480 kB
Mapped:           371872 kB
Shmem:              1848 kB
Slab:              54644 kB
SReclaimable:      19784 kB
SUnreclaim:        34860 kB
KernelStack:       12864 kB
PageTables:        38076 kB
NFS_Unstable:          0 kB
Bounce:                0 kB
WritebackTmp:          0 kB
CommitLimit:     2496364 kB
Committed_AS:   83695528 kB
VmallocTotal:     385024 kB
VmallocUsed:      154180 kB
VmallocChunk:      67652 kB
Time pass: 143 sec

---2015-12-08 16:16:17
MemTotal:        2895588 kB
MemFree:          149724 kB
Buffers:           11140 kB
Cached:          1263884 kB
SwapCached:            0 kB
Active:           657416 kB
Inactive:        1228712 kB
Active(anon):     288884 kB
Inactive(anon):   326816 kB
Active(file):     368532 kB
Inactive(file):   901896 kB
Unevictable:        2748 kB
Mlocked:               0 kB
HighTotal:       2306432 kB
HighFree:          61648 kB
LowTotal:         589156 kB
LowFree:           88076 kB
SwapTotal:       1048572 kB
SwapFree:        1048572 kB
Dirty:                 0 kB
Writeback:             0 kB
AnonPages:        613904 kB
Mapped:           371932 kB
Shmem:              1848 kB
Slab:              54628 kB
SReclaimable:      19784 kB
SUnreclaim:        34844 kB
KernelStack:       12864 kB
PageTables:        38096 kB
NFS_Unstable:          0 kB
Bounce:                0 kB
WritebackTmp:          0 kB
CommitLimit:     2496364 kB
Committed_AS:   83695800 kB
VmallocTotal:     385024 kB
VmallocUsed:      154180 kB
VmallocChunk:      67652 kB
Time pass: 146 sec

---2015-12-08 16:16:17
MemTotal:        2895588 kB
MemFree:          114560 kB
Buffers:           11148 kB
Cached:          1264136 kB
SwapCached:            0 kB
Active:           661348 kB
Inactive:        1228832 kB
Active(anon):     292784 kB
Inactive(anon):   326708 kB
Active(file):     368564 kB
Inactive(file):   902124 kB
Unevictable:        2748 kB
Mlocked:               0 kB
HighTotal:       2306432 kB
HighFree:          45256 kB
LowTotal:         589156 kB
LowFree:           69304 kB
SwapTotal:       1048572 kB
SwapFree:        1048572 kB
Dirty:               580 kB
Writeback:             0 kB
AnonPages:        617648 kB
Mapped:           372464 kB
Shmem:              1848 kB
Slab:              54624 kB
SReclaimable:      19784 kB
SUnreclaim:        34840 kB
KernelStack:       12864 kB
PageTables:        38128 kB
NFS_Unstable:          0 kB
Bounce:                0 kB
WritebackTmp:          0 kB
CommitLimit:     2496364 kB
Committed_AS:   83699296 kB
VmallocTotal:     385024 kB
VmallocUsed:      154408 kB
VmallocChunk:      67652 kB
Time pass: 150 sec

---2015-12-08 16:16:17
MemTotal:        2895588 kB
MemFree:          113812 kB
Buffers:           11156 kB
Cached:          1264136 kB
SwapCached:            0 kB
Active:           660844 kB
Inactive:        1228816 kB
Active(anon):     292280 kB
Inactive(anon):   326684 kB
Active(file):     368564 kB
Inactive(file):   902132 kB
Unevictable:        2748 kB
Mlocked:               0 kB
HighTotal:       2306432 kB
HighFree:          44388 kB
LowTotal:         589156 kB
LowFree:           69424 kB
SwapTotal:       1048572 kB
SwapFree:        1048572 kB
Dirty:                32 kB
Writeback:             0 kB
AnonPages:        617292 kB
Mapped:           372388 kB
Shmem:              1848 kB
Slab:              54616 kB
SReclaimable:      19784 kB
SUnreclaim:        34832 kB
KernelStack:       12864 kB
PageTables:        38128 kB
NFS_Unstable:          0 kB
Bounce:                0 kB
WritebackTmp:          0 kB
CommitLimit:     2496364 kB
Committed_AS:   83695336 kB
VmallocTotal:     385024 kB
VmallocUsed:      154408 kB
VmallocChunk:      67652 kB
Time pass: 153 sec

---2015-12-08 16:16:17
MemTotal:        2895588 kB
MemFree:          113176 kB
Buffers:           11164 kB
Cached:          1264128 kB
SwapCached:            0 kB
Active:           660356 kB
Inactive:        1228804 kB
Active(anon):     291792 kB
Inactive(anon):   326672 kB
Active(file):     368564 kB
Inactive(file):   902132 kB
Unevictable:        2748 kB
Mlocked:               0 kB
HighTotal:       2306432 kB
HighFree:          43768 kB
LowTotal:         589156 kB
LowFree:           69408 kB
SwapTotal:       1048572 kB
SwapFree:        1048572 kB
Dirty:                 0 kB
Writeback:             0 kB
AnonPages:        617172 kB
Mapped:           372392 kB
Shmem:              1848 kB
Slab:              54616 kB
SReclaimable:      19784 kB
SUnreclaim:        34832 kB
KernelStack:       12864 kB
PageTables:        38128 kB
NFS_Unstable:          0 kB
Bounce:                0 kB
WritebackTmp:          0 kB
CommitLimit:     2496364 kB
Committed_AS:   83695544 kB
VmallocTotal:     385024 kB
VmallocUsed:      154408 kB
VmallocChunk:      67652 kB
Time pass: 157 sec

---2015-12-08 16:16:17
MemTotal:        2895588 kB
MemFree:          103048 kB
Buffers:           11180 kB
Cached:          1264660 kB
SwapCached:            0 kB
Active:           672316 kB
Inactive:        1229240 kB
Active(anon):     303748 kB
Inactive(anon):   326756 kB
Active(file):     368568 kB
Inactive(file):   902484 kB
Unevictable:        2748 kB
Mlocked:               0 kB
HighTotal:       2306432 kB
HighFree:          38192 kB
LowTotal:         589156 kB
LowFree:           64856 kB
SwapTotal:       1048572 kB
SwapFree:        1048572 kB
Dirty:                52 kB
Writeback:             0 kB
AnonPages:        628708 kB
Mapped:           376068 kB
Shmem:              2040 kB
Slab:              54608 kB
SReclaimable:      19776 kB
SUnreclaim:        34832 kB
KernelStack:       13104 kB
PageTables:        38252 kB
NFS_Unstable:          0 kB
Bounce:                0 kB
WritebackTmp:          0 kB
CommitLimit:     2496364 kB
Committed_AS:   83712332 kB
VmallocTotal:     385024 kB
VmallocUsed:      156620 kB
VmallocChunk:      67652 kB
Time pass: 161 sec

---2015-12-08 16:16:17
MemTotal:        2895588 kB
MemFree:           95136 kB
Buffers:           11228 kB
Cached:          1264872 kB
SwapCached:            0 kB
Active:           679904 kB
Inactive:        1229492 kB
Active(anon):     311336 kB
Inactive(anon):   326976 kB
Active(file):     368568 kB
Inactive(file):   902516 kB
Unevictable:        2748 kB
Mlocked:               0 kB
HighTotal:       2306432 kB
HighFree:          38988 kB
LowTotal:         589156 kB
LowFree:           56148 kB
SwapTotal:       1048572 kB
SwapFree:        1048572 kB
Dirty:                52 kB
Writeback:             0 kB
AnonPages:        636412 kB
Mapped:           376220 kB
Shmem:              2252 kB
Slab:              54612 kB
SReclaimable:      19776 kB
SUnreclaim:        34836 kB
KernelStack:       13104 kB
PageTables:        38300 kB
NFS_Unstable:          0 kB
Bounce:                0 kB
WritebackTmp:          0 kB
CommitLimit:     2496364 kB
Committed_AS:   83720876 kB
VmallocTotal:     385024 kB
VmallocUsed:      156620 kB
VmallocChunk:      67652 kB
Time pass: 165 sec

---2015-12-08 16:16:17
MemTotal:        2895588 kB
MemFree:           93728 kB
Buffers:           11244 kB
Cached:          1264884 kB
SwapCached:            0 kB
Active:           680968 kB
Inactive:        1229472 kB
Active(anon):     312400 kB
Inactive(anon):   326924 kB
Active(file):     368568 kB
Inactive(file):   902548 kB
Unevictable:        2748 kB
Mlocked:               0 kB
HighTotal:       2306432 kB
HighFree:          38616 kB
LowTotal:         589156 kB
LowFree:           55112 kB
SwapTotal:       1048572 kB
SwapFree:        1048572 kB
Dirty:                 0 kB
Writeback:             0 kB
AnonPages:        637300 kB
Mapped:           376284 kB
Shmem:              2264 kB
Slab:              54612 kB
SReclaimable:      19776 kB
SUnreclaim:        34836 kB
KernelStack:       13096 kB
PageTables:        38328 kB
NFS_Unstable:          0 kB
Bounce:                0 kB
WritebackTmp:          0 kB
CommitLimit:     2496364 kB
Committed_AS:   83720900 kB
VmallocTotal:     385024 kB
VmallocUsed:      156620 kB
VmallocChunk:      67652 kB
Time pass: 168 sec

---2015-12-08 16:16:17
MemTotal:        2895588 kB
MemFree:           92428 kB
Buffers:           11260 kB
Cached:          1264888 kB
SwapCached:            0 kB
Active:           681324 kB
Inactive:        1229376 kB
Active(anon):     312756 kB
Inactive(anon):   326812 kB
Active(file):     368568 kB
Inactive(file):   902564 kB
Unevictable:        2748 kB
Mlocked:               0 kB
HighTotal:       2306432 kB
HighFree:          38388 kB
LowTotal:         589156 kB
LowFree:           54040 kB
SwapTotal:       1048572 kB
SwapFree:        1048572 kB
Dirty:                40 kB
Writeback:             0 kB
AnonPages:        637644 kB
Mapped:           376312 kB
Shmem:              2268 kB
Slab:              54596 kB
SReclaimable:      19760 kB
SUnreclaim:        34836 kB
KernelStack:       13096 kB
PageTables:        38316 kB
NFS_Unstable:          0 kB
Bounce:                0 kB
WritebackTmp:          0 kB
CommitLimit:     2496364 kB
Committed_AS:   83724764 kB
VmallocTotal:     385024 kB
VmallocUsed:      156620 kB
VmallocChunk:      67652 kB
Time pass: 172 sec

---2015-12-08 16:16:17
MemTotal:        2895588 kB
MemFree:           93292 kB
Buffers:           11268 kB
Cached:          1264880 kB
SwapCached:            0 kB
Active:           679808 kB
Inactive:        1229216 kB
Active(anon):     311240 kB
Inactive(anon):   326652 kB
Active(file):     368568 kB
Inactive(file):   902564 kB
Unevictable:        2748 kB
Mlocked:               0 kB
HighTotal:       2306432 kB
HighFree:          39256 kB
LowTotal:         589156 kB
LowFree:           54036 kB
SwapTotal:       1048572 kB
SwapFree:        1048572 kB
Dirty:                40 kB
Writeback:             0 kB
AnonPages:        636248 kB
Mapped:           376372 kB
Shmem:              2268 kB
Slab:              54596 kB
SReclaimable:      19760 kB
SUnreclaim:        34836 kB
KernelStack:       13096 kB
PageTables:        38340 kB
NFS_Unstable:          0 kB
Bounce:                0 kB
WritebackTmp:          0 kB
CommitLimit:     2496364 kB
Committed_AS:   83724836 kB
VmallocTotal:     385024 kB
VmallocUsed:      156620 kB
VmallocChunk:      67652 kB
Time pass: 176 sec

---2015-12-08 16:16:17
MemTotal:        2895588 kB
MemFree:           93164 kB
Buffers:           11284 kB
Cached:          1264948 kB
SwapCached:            0 kB
Active:           680668 kB
Inactive:        1229300 kB
Active(anon):     312100 kB
Inactive(anon):   326712 kB
Active(file):     368568 kB
Inactive(file):   902588 kB
Unevictable:        2748 kB
Mlocked:               0 kB
HighTotal:       2306432 kB
HighFree:          37768 kB
LowTotal:         589156 kB
LowFree:           55396 kB
SwapTotal:       1048572 kB
SwapFree:        1048572 kB
Dirty:                40 kB
Writeback:             0 kB
AnonPages:        636912 kB
Mapped:           376436 kB
Shmem:              2328 kB
Slab:              54596 kB
SReclaimable:      19760 kB
SUnreclaim:        34836 kB
KernelStack:       13096 kB
PageTables:        38340 kB
NFS_Unstable:          0 kB
Bounce:                0 kB
WritebackTmp:          0 kB
CommitLimit:     2496364 kB
Committed_AS:   83724908 kB
VmallocTotal:     385024 kB
VmallocUsed:      156620 kB
VmallocChunk:      67652 kB
Time pass: 179 sec

---2015-12-08 16:16:17
MemTotal:        2895588 kB
MemFree:           92544 kB
Buffers:           11300 kB
Cached:          1264972 kB
SwapCached:            0 kB
Active:           681052 kB
Inactive:        1229340 kB
Active(anon):     312484 kB
Inactive(anon):   326736 kB
Active(file):     368568 kB
Inactive(file):   902604 kB
Unevictable:        2748 kB
Mlocked:               0 kB
HighTotal:       2306432 kB
HighFree:          37944 kB
LowTotal:         589156 kB
LowFree:           54600 kB
SwapTotal:       1048572 kB
SwapFree:        1048572 kB
Dirty:                40 kB
Writeback:             0 kB
AnonPages:        637200 kB
Mapped:           376460 kB
Shmem:              2352 kB
Slab:              54596 kB
SReclaimable:      19760 kB
SUnreclaim:        34836 kB
KernelStack:       13096 kB
PageTables:        38344 kB
NFS_Unstable:          0 kB
Bounce:                0 kB
WritebackTmp:          0 kB
CommitLimit:     2496364 kB
Committed_AS:   83725076 kB
VmallocTotal:     385024 kB
VmallocUsed:      156620 kB
VmallocChunk:      67652 kB
Time pass: 183 sec

---2015-12-08 16:16:17
MemTotal:        2895588 kB
MemFree:           93168 kB
Buffers:           11300 kB
Cached:          1264972 kB
SwapCached:            0 kB
Active:           680912 kB
Inactive:        1229340 kB
Active(anon):     312344 kB
Inactive(anon):   326736 kB
Active(file):     368568 kB
Inactive(file):   902604 kB
Unevictable:        2748 kB
Mlocked:               0 kB
HighTotal:       2306432 kB
HighFree:          38988 kB
LowTotal:         589156 kB
LowFree:           54180 kB
SwapTotal:       1048572 kB
SwapFree:        1048572 kB
Dirty:                40 kB
Writeback:             0 kB
AnonPages:        637012 kB
Mapped:           376484 kB
Shmem:              2352 kB
Slab:              54596 kB
SReclaimable:      19760 kB
SUnreclaim:        34836 kB
KernelStack:       13104 kB
PageTables:        38344 kB
NFS_Unstable:          0 kB
Bounce:                0 kB
WritebackTmp:          0 kB
CommitLimit:     2496364 kB
Committed_AS:   83725252 kB
VmallocTotal:     385024 kB
VmallocUsed:      156620 kB
VmallocChunk:      67652 kB
Time pass: 187 sec

---2015-12-08 16:16:17
MemTotal:        2895588 kB
MemFree:           96072 kB
Buffers:           11324 kB
Cached:          1264972 kB
SwapCached:            0 kB
Active:           680320 kB
Inactive:        1226384 kB
Active(anon):     311752 kB
Inactive(anon):   323764 kB
Active(file):     368568 kB
Inactive(file):   902620 kB
Unevictable:        2748 kB
Mlocked:               0 kB
HighTotal:       2306432 kB
HighFree:          41664 kB
LowTotal:         589156 kB
LowFree:           54408 kB
SwapTotal:       1048572 kB
SwapFree:        1048572 kB
Dirty:                44 kB
Writeback:             0 kB
AnonPages:        633284 kB
Mapped:           376432 kB
Shmem:              2352 kB
Slab:              54608 kB
SReclaimable:      19760 kB
SUnreclaim:        34848 kB
KernelStack:       13088 kB
PageTables:        38308 kB
NFS_Unstable:          0 kB
Bounce:                0 kB
WritebackTmp:          0 kB
CommitLimit:     2496364 kB
Committed_AS:   83719164 kB
VmallocTotal:     385024 kB
VmallocUsed:      156620 kB
VmallocChunk:      67652 kB
Time pass: 190 sec

---2015-12-08 16:16:17
MemTotal:        2895588 kB
MemFree:           95936 kB
Buffers:           11324 kB
Cached:          1264972 kB
SwapCached:            0 kB
Active:           680320 kB
Inactive:        1226364 kB
Active(anon):     311752 kB
Inactive(anon):   323736 kB
Active(file):     368568 kB
Inactive(file):   902628 kB
Unevictable:        2748 kB
Mlocked:               0 kB
HighTotal:       2306432 kB
HighFree:          41168 kB
LowTotal:         589156 kB
LowFree:           54768 kB
SwapTotal:       1048572 kB
SwapFree:        1048572 kB
Dirty:                 0 kB
Writeback:             0 kB
AnonPages:        633472 kB
Mapped:           376380 kB
Shmem:              2352 kB
Slab:              54620 kB
SReclaimable:      19760 kB
SUnreclaim:        34860 kB
KernelStack:       13064 kB
PageTables:        38288 kB
NFS_Unstable:          0 kB
Bounce:                0 kB
WritebackTmp:          0 kB
CommitLimit:     2496364 kB
Committed_AS:   83719460 kB
VmallocTotal:     385024 kB
VmallocUsed:      156620 kB
VmallocChunk:      67652 kB
Time pass: 194 sec

---2015-12-08 16:16:17
MemTotal:        2895588 kB
MemFree:           96764 kB
Buffers:           11348 kB
Cached:          1264956 kB
SwapCached:            0 kB
Active:           679768 kB
Inactive:        1226372 kB
Active(anon):     311200 kB
Inactive(anon):   323736 kB
Active(file):     368568 kB
Inactive(file):   902636 kB
Unevictable:        2748 kB
Mlocked:               0 kB
HighTotal:       2306432 kB
HighFree:          40816 kB
LowTotal:         589156 kB
LowFree:           55948 kB
SwapTotal:       1048572 kB
SwapFree:        1048572 kB
Dirty:                32 kB
Writeback:             0 kB
AnonPages:        632916 kB
Mapped:           376432 kB
Shmem:              2352 kB
Slab:              54652 kB
SReclaimable:      19760 kB
SUnreclaim:        34892 kB
KernelStack:       13064 kB
PageTables:        38308 kB
NFS_Unstable:          0 kB
Bounce:                0 kB
WritebackTmp:          0 kB
CommitLimit:     2496364 kB
Committed_AS:   83719596 kB
VmallocTotal:     385024 kB
VmallocUsed:      156620 kB
VmallocChunk:      67652 kB
Time pass: 198 sec

---2015-12-08 16:16:17
MemTotal:        2895588 kB
MemFree:           95184 kB
Buffers:           11348 kB
Cached:          1264972 kB
SwapCached:            0 kB
Active:           681248 kB
Inactive:        1226384 kB
Active(anon):     312680 kB
Inactive(anon):   323732 kB
Active(file):     368568 kB
Inactive(file):   902652 kB
Unevictable:        2748 kB
Mlocked:               0 kB
HighTotal:       2306432 kB
HighFree:          39256 kB
LowTotal:         589156 kB
LowFree:           55928 kB
SwapTotal:       1048572 kB
SwapFree:        1048572 kB
Dirty:                40 kB
Writeback:             0 kB
AnonPages:        634276 kB
Mapped:           376432 kB
Shmem:              2352 kB
Slab:              54652 kB
SReclaimable:      19760 kB
SUnreclaim:        34892 kB
KernelStack:       13064 kB
PageTables:        38308 kB
NFS_Unstable:          0 kB
Bounce:                0 kB
WritebackTmp:          0 kB
CommitLimit:     2496364 kB
Committed_AS:   83719684 kB
VmallocTotal:     385024 kB
VmallocUsed:      156620 kB
VmallocChunk:      67652 kB
Time pass: 202 sec

---2015-12-08 16:16:17
MemTotal:        2895588 kB
MemFree:           95416 kB
Buffers:           11364 kB
Cached:          1264988 kB
SwapCached:            0 kB
Active:           681652 kB
Inactive:        1226356 kB
Active(anon):     313084 kB
Inactive(anon):   323688 kB
Active(file):     368568 kB
Inactive(file):   902668 kB
Unevictable:        2748 kB
Mlocked:               0 kB
HighTotal:       2306432 kB
HighFree:          38068 kB
LowTotal:         589156 kB
LowFree:           57348 kB
SwapTotal:       1048572 kB
SwapFree:        1048572 kB
Dirty:                44 kB
Writeback:             0 kB
AnonPages:        634492 kB
Mapped:           376448 kB
Shmem:              2368 kB
Slab:              54652 kB
SReclaimable:      19760 kB
SUnreclaim:        34892 kB
KernelStack:       13064 kB
PageTables:        38308 kB
NFS_Unstable:          0 kB
Bounce:                0 kB
WritebackTmp:          0 kB
CommitLimit:     2496364 kB
Committed_AS:   83719964 kB
VmallocTotal:     385024 kB
VmallocUsed:      156620 kB
VmallocChunk:      67652 kB
Time pass: 205 sec

---2015-12-08 16:16:17
MemTotal:        2895588 kB
MemFree:           95872 kB
Buffers:           11372 kB
Cached:          1265108 kB
SwapCached:            0 kB
Active:           681352 kB
Inactive:        1226488 kB
Active(anon):     312800 kB
Inactive(anon):   323796 kB
Active(file):     368552 kB
Inactive(file):   902692 kB
Unevictable:        2748 kB
Mlocked:               0 kB
HighTotal:       2306432 kB
HighFree:          38068 kB
LowTotal:         589156 kB
LowFree:           57804 kB
SwapTotal:       1048572 kB
SwapFree:        1048572 kB
Dirty:                52 kB
Writeback:             0 kB
AnonPages:        634272 kB
Mapped:           376568 kB
Shmem:              2488 kB
Slab:              54636 kB
SReclaimable:      19760 kB
SUnreclaim:        34876 kB
KernelStack:       13064 kB
PageTables:        38308 kB
NFS_Unstable:          0 kB
Bounce:                0 kB
WritebackTmp:          0 kB
CommitLimit:     2496364 kB
Committed_AS:   83720020 kB
VmallocTotal:     385024 kB
VmallocUsed:      156620 kB
VmallocChunk:      67652 kB
Time pass: 209 sec

---2015-12-08 16:16:17
MemTotal:        2895588 kB
MemFree:           94268 kB
Buffers:           11388 kB
Cached:          1265108 kB
SwapCached:            0 kB
Active:           681664 kB
Inactive:        1226472 kB
Active(anon):     313112 kB
Inactive(anon):   323772 kB
Active(file):     368552 kB
Inactive(file):   902700 kB
Unevictable:        2748 kB
Mlocked:               0 kB
HighTotal:       2306432 kB
HighFree:          38564 kB
LowTotal:         589156 kB
LowFree:           55704 kB
SwapTotal:       1048572 kB
SwapFree:        1048572 kB
Dirty:                 4 kB
Writeback:             0 kB
AnonPages:        634616 kB
Mapped:           376620 kB
Shmem:              2488 kB
Slab:              54656 kB
SReclaimable:      19760 kB
SUnreclaim:        34896 kB
KernelStack:       13064 kB
PageTables:        38328 kB
NFS_Unstable:          0 kB
Bounce:                0 kB
WritebackTmp:          0 kB
CommitLimit:     2496364 kB
Committed_AS:   83720236 kB
VmallocTotal:     385024 kB
VmallocUsed:      156620 kB
VmallocChunk:      67652 kB
Time pass: 212 sec

---2015-12-08 16:16:17
MemTotal:        2895588 kB
MemFree:           94204 kB
Buffers:           11396 kB
Cached:          1265108 kB
SwapCached:            0 kB
Active:           682440 kB
Inactive:        1226476 kB
Active(anon):     313888 kB
Inactive(anon):   323768 kB
Active(file):     368552 kB
Inactive(file):   902708 kB
Unevictable:        2748 kB
Mlocked:               0 kB
HighTotal:       2306432 kB
HighFree:          38440 kB
LowTotal:         589156 kB
LowFree:           55764 kB
SwapTotal:       1048572 kB
SwapFree:        1048572 kB
Dirty:                 4 kB
Writeback:             0 kB
AnonPages:        635620 kB
Mapped:           376620 kB
Shmem:              2488 kB
Slab:              54612 kB
SReclaimable:      19760 kB
SUnreclaim:        34852 kB
KernelStack:       13064 kB
PageTables:        38328 kB
NFS_Unstable:          0 kB
Bounce:                0 kB
WritebackTmp:          0 kB
CommitLimit:     2496364 kB
Committed_AS:   83720388 kB
VmallocTotal:     385024 kB
VmallocUsed:      156620 kB
VmallocChunk:      67652 kB
Time pass: 216 sec

---2015-12-08 16:16:17
MemTotal:        2895588 kB
MemFree:           92864 kB
Buffers:           11412 kB
Cached:          1265108 kB
SwapCached:            0 kB
Active:           683192 kB
Inactive:        1226412 kB
Active(anon):     314640 kB
Inactive(anon):   323688 kB
Active(file):     368552 kB
Inactive(file):   902724 kB
Unevictable:        2748 kB
Mlocked:               0 kB
HighTotal:       2306432 kB
HighFree:          38440 kB
LowTotal:         589156 kB
LowFree:           54424 kB
SwapTotal:       1048572 kB
SwapFree:        1048572 kB
Dirty:                44 kB
Writeback:             0 kB
AnonPages:        635960 kB
Mapped:           376692 kB
Shmem:              2488 kB
Slab:              54612 kB
SReclaimable:      19760 kB
SUnreclaim:        34852 kB
KernelStack:       13064 kB
PageTables:        38348 kB
NFS_Unstable:          0 kB
Bounce:                0 kB
WritebackTmp:          0 kB
CommitLimit:     2496364 kB
Committed_AS:   83720476 kB
VmallocTotal:     385024 kB
VmallocUsed:      156620 kB
VmallocChunk:      67652 kB
Time pass: 219 sec

---2015-12-08 16:16:17
MemTotal:        2895588 kB
MemFree:           92824 kB
Buffers:           11420 kB
Cached:          1265112 kB
SwapCached:            0 kB
Active:           683096 kB
Inactive:        1226432 kB
Active(anon):     314544 kB
Inactive(anon):   323700 kB
Active(file):     368552 kB
Inactive(file):   902732 kB
Unevictable:        2748 kB
Mlocked:               0 kB
HighTotal:       2306432 kB
HighFree:          38316 kB
LowTotal:         589156 kB
LowFree:           54508 kB
SwapTotal:       1048572 kB
SwapFree:        1048572 kB
Dirty:                 4 kB
Writeback:             0 kB
AnonPages:        636296 kB
Mapped:           376656 kB
Shmem:              2500 kB
Slab:              54612 kB
SReclaimable:      19760 kB
SUnreclaim:        34852 kB
KernelStack:       13064 kB
PageTables:        38332 kB
NFS_Unstable:          0 kB
Bounce:                0 kB
WritebackTmp:          0 kB
CommitLimit:     2496364 kB
Committed_AS:   83720648 kB
VmallocTotal:     385024 kB
VmallocUsed:      156620 kB
VmallocChunk:      67652 kB
Time pass: 223 sec

---2015-12-08 16:16:17
MemTotal:        2895588 kB
MemFree:           92336 kB
Buffers:           11436 kB
Cached:          1265120 kB
SwapCached:            0 kB
Active:           683888 kB
Inactive:        1226448 kB
Active(anon):     315336 kB
Inactive(anon):   323700 kB
Active(file):     368552 kB
Inactive(file):   902748 kB
Unevictable:        2748 kB
Mlocked:               0 kB
HighTotal:       2306432 kB
HighFree:          38676 kB
LowTotal:         589156 kB
LowFree:           53660 kB
SwapTotal:       1048572 kB
SwapFree:        1048572 kB
Dirty:                44 kB
Writeback:             0 kB
AnonPages:        636540 kB
Mapped:           376708 kB
Shmem:              2500 kB
Slab:              54628 kB
SReclaimable:      19776 kB
SUnreclaim:        34852 kB
KernelStack:       13072 kB
PageTables:        38356 kB
NFS_Unstable:          0 kB
Bounce:                0 kB
WritebackTmp:          0 kB
CommitLimit:     2496364 kB
Committed_AS:   83724892 kB
VmallocTotal:     385024 kB
VmallocUsed:      156620 kB
VmallocChunk:      67652 kB
Time pass: 226 sec

---2015-12-08 16:16:17
MemTotal:        2895588 kB
MemFree:           92336 kB
Buffers:           11436 kB
Cached:          1265176 kB
SwapCached:            0 kB
Active:           683772 kB
Inactive:        1226512 kB
Active(anon):     315220 kB
Inactive(anon):   323756 kB
Active(file):     368552 kB
Inactive(file):   902756 kB
Unevictable:        2748 kB
Mlocked:               0 kB
HighTotal:       2306432 kB
HighFree:          39132 kB
LowTotal:         589156 kB
LowFree:           53204 kB
SwapTotal:       1048572 kB
SwapFree:        1048572 kB
Dirty:                 0 kB
Writeback:             0 kB
AnonPages:        636536 kB
Mapped:           376764 kB
Shmem:              2556 kB
Slab:              54628 kB
SReclaimable:      19776 kB
SUnreclaim:        34852 kB
KernelStack:       13064 kB
PageTables:        38356 kB
NFS_Unstable:          0 kB
Bounce:                0 kB
WritebackTmp:          0 kB
CommitLimit:     2496364 kB
Committed_AS:   83725012 kB
VmallocTotal:     385024 kB
VmallocUsed:      156620 kB
VmallocChunk:      67652 kB
Time pass: 230 sec

---2015-12-08 16:16:17
MemTotal:        2895588 kB
MemFree:           92388 kB
Buffers:           11444 kB
Cached:          1265176 kB
SwapCached:            0 kB
Active:           683196 kB
Inactive:        1226520 kB
Active(anon):     314644 kB
Inactive(anon):   323756 kB
Active(file):     368552 kB
Inactive(file):   902764 kB
Unevictable:        2748 kB
Mlocked:               0 kB
HighTotal:       2306432 kB
HighFree:          39008 kB
LowTotal:         589156 kB
LowFree:           53380 kB
SwapTotal:       1048572 kB
SwapFree:        1048572 kB
Dirty:                28 kB
Writeback:             0 kB
AnonPages:        636092 kB
Mapped:           376660 kB
Shmem:              2556 kB
Slab:              54628 kB
SReclaimable:      19776 kB
SUnreclaim:        34852 kB
KernelStack:       13064 kB
PageTables:        38312 kB
NFS_Unstable:          0 kB
Bounce:                0 kB
WritebackTmp:          0 kB
CommitLimit:     2496364 kB
Committed_AS:   83725292 kB
VmallocTotal:     385024 kB
VmallocUsed:      156620 kB
VmallocChunk:      67652 kB
Time pass: 233 sec

---2015-12-08 16:16:17
MemTotal:        2895588 kB
MemFree:           92428 kB
Buffers:           11460 kB
Cached:          1265176 kB
SwapCached:            0 kB
Active:           683036 kB
Inactive:        1226536 kB
Active(anon):     314484 kB
Inactive(anon):   323756 kB
Active(file):     368552 kB
Inactive(file):   902780 kB
Unevictable:        2748 kB
Mlocked:               0 kB
HighTotal:       2306432 kB
HighFree:          39080 kB
LowTotal:         589156 kB
LowFree:           53348 kB
SwapTotal:       1048572 kB
SwapFree:        1048572 kB
Dirty:                 0 kB
Writeback:             0 kB
AnonPages:        636280 kB
Mapped:           376712 kB
Shmem:              2556 kB
Slab:              54628 kB
SReclaimable:      19776 kB
SUnreclaim:        34852 kB
KernelStack:       13064 kB
PageTables:        38332 kB
NFS_Unstable:          0 kB
Bounce:                0 kB
WritebackTmp:          0 kB
CommitLimit:     2496364 kB
Committed_AS:   83725372 kB
VmallocTotal:     385024 kB
VmallocUsed:      156620 kB
VmallocChunk:      67652 kB
Time pass: 237 sec

---2015-12-08 16:16:17
MemTotal:        2895588 kB
MemFree:           92344 kB
Buffers:           11476 kB
Cached:          1265176 kB
SwapCached:            0 kB
Active:           682936 kB
Inactive:        1226552 kB
Active(anon):     314384 kB
Inactive(anon):   323756 kB
Active(file):     368552 kB
Inactive(file):   902796 kB
Unevictable:        2748 kB
Mlocked:               0 kB
HighTotal:       2306432 kB
HighFree:          38564 kB
LowTotal:         589156 kB
LowFree:           53780 kB
SwapTotal:       1048572 kB
SwapFree:        1048572 kB
Dirty:                40 kB
Writeback:             0 kB
AnonPages:        635868 kB
Mapped:           376660 kB
Shmem:              2556 kB
Slab:              54628 kB
SReclaimable:      19776 kB
SUnreclaim:        34852 kB
KernelStack:       13064 kB
PageTables:        38312 kB
NFS_Unstable:          0 kB
Bounce:                0 kB
WritebackTmp:          0 kB
CommitLimit:     2496364 kB
Committed_AS:   83725388 kB
VmallocTotal:     385024 kB
VmallocUsed:      156620 kB
VmallocChunk:      67652 kB
Time pass: 241 sec

---2015-12-08 16:16:17
MemTotal:        2895588 kB
MemFree:           92180 kB
Buffers:           11484 kB
Cached:          1265176 kB
SwapCached:            0 kB
Active:           683260 kB
Inactive:        1226560 kB
Active(anon):     314708 kB
Inactive(anon):   323756 kB
Active(file):     368552 kB
Inactive(file):   902804 kB
Unevictable:        2748 kB
Mlocked:               0 kB
HighTotal:       2306432 kB
HighFree:          38388 kB
LowTotal:         589156 kB
LowFree:           53792 kB
SwapTotal:       1048572 kB
SwapFree:        1048572 kB
Dirty:                28 kB
Writeback:             0 kB
AnonPages:        636160 kB
Mapped:           376660 kB
Shmem:              2556 kB
Slab:              54628 kB
SReclaimable:      19776 kB
SUnreclaim:        34852 kB
KernelStack:       13056 kB
PageTables:        38312 kB
NFS_Unstable:          0 kB
Bounce:                0 kB
WritebackTmp:          0 kB
CommitLimit:     2496364 kB
Committed_AS:   83725700 kB
VmallocTotal:     385024 kB
VmallocUsed:      156620 kB
VmallocChunk:      67652 kB
Time pass: 244 sec

---2015-12-08 16:16:17
MemTotal:        2895588 kB
MemFree:           91852 kB
Buffers:           11500 kB
Cached:          1265176 kB
SwapCached:            0 kB
Active:           683916 kB
Inactive:        1226576 kB
Active(anon):     315364 kB
Inactive(anon):   323756 kB
Active(file):     368552 kB
Inactive(file):   902820 kB
Unevictable:        2748 kB
Mlocked:               0 kB
HighTotal:       2306432 kB
HighFree:          38688 kB
LowTotal:         589156 kB
LowFree:           53164 kB
SwapTotal:       1048572 kB
SwapFree:        1048572 kB
Dirty:                36 kB
Writeback:             0 kB
AnonPages:        636692 kB
Mapped:           376660 kB
Shmem:              2556 kB
Slab:              54628 kB
SReclaimable:      19776 kB
SUnreclaim:        34852 kB
KernelStack:       13056 kB
PageTables:        38312 kB
NFS_Unstable:          0 kB
Bounce:                0 kB
WritebackTmp:          0 kB
CommitLimit:     2496364 kB
Committed_AS:   83725812 kB
VmallocTotal:     385024 kB
VmallocUsed:      156620 kB
VmallocChunk:      67652 kB
Time pass: 248 sec

---2015-12-08 16:16:17
MemTotal:        2895588 kB
MemFree:           91844 kB
Buffers:           11508 kB
Cached:          1265276 kB
SwapCached:            0 kB
Active:           683908 kB
Inactive:        1226680 kB
Active(anon):     315356 kB
Inactive(anon):   323752 kB
Active(file):     368552 kB
Inactive(file):   902928 kB
Unevictable:        2748 kB
Mlocked:               0 kB
HighTotal:       2306432 kB
HighFree:          38440 kB
LowTotal:         589156 kB
LowFree:           53404 kB
SwapTotal:       1048572 kB
SwapFree:        1048572 kB
Dirty:                60 kB
Writeback:             0 kB
AnonPages:        636680 kB
Mapped:           376664 kB
Shmem:              2556 kB
Slab:              54644 kB
SReclaimable:      19792 kB
SUnreclaim:        34852 kB
KernelStack:       13072 kB
PageTables:        38312 kB
NFS_Unstable:          0 kB
Bounce:                0 kB
WritebackTmp:          0 kB
CommitLimit:     2496364 kB
Committed_AS:   83726324 kB
VmallocTotal:     385024 kB
VmallocUsed:      156620 kB
VmallocChunk:      67652 kB
Time pass: 251 sec

---2015-12-08 16:16:17
MemTotal:        2895588 kB
MemFree:           91892 kB
Buffers:           11532 kB
Cached:          1265276 kB
SwapCached:            0 kB
Active:           684292 kB
Inactive:        1226704 kB
Active(anon):     315740 kB
Inactive(anon):   323752 kB
Active(file):     368552 kB
Inactive(file):   902952 kB
Unevictable:        2748 kB
Mlocked:               0 kB
HighTotal:       2306432 kB
HighFree:          39184 kB
LowTotal:         589156 kB
LowFree:           52708 kB
SwapTotal:       1048572 kB
SwapFree:        1048572 kB
Dirty:                64 kB
Writeback:             0 kB
AnonPages:        637252 kB
Mapped:           376664 kB
Shmem:              2556 kB
Slab:              54656 kB
SReclaimable:      19792 kB
SUnreclaim:        34864 kB
KernelStack:       13072 kB
PageTables:        38316 kB
NFS_Unstable:          0 kB
Bounce:                0 kB
WritebackTmp:          0 kB
CommitLimit:     2496364 kB
Committed_AS:   83726604 kB
VmallocTotal:     385024 kB
VmallocUsed:      156620 kB
VmallocChunk:      67652 kB
Time pass: 255 sec

---2015-12-08 16:16:17
MemTotal:        2895588 kB
MemFree:           91580 kB
Buffers:           11532 kB
Cached:          1265276 kB
SwapCached:            0 kB
Active:           684588 kB
Inactive:        1226704 kB
Active(anon):     316036 kB
Inactive(anon):   323752 kB
Active(file):     368552 kB
Inactive(file):   902952 kB
Unevictable:        2748 kB
Mlocked:               0 kB
HighTotal:       2306432 kB
HighFree:          38068 kB
LowTotal:         589156 kB
LowFree:           53512 kB
SwapTotal:       1048572 kB
SwapFree:        1048572 kB
Dirty:                64 kB
Writeback:             0 kB
AnonPages:        637488 kB
Mapped:           376716 kB
Shmem:              2556 kB
Slab:              54656 kB
SReclaimable:      19792 kB
SUnreclaim:        34864 kB
KernelStack:       13080 kB
PageTables:        38336 kB
NFS_Unstable:          0 kB
Bounce:                0 kB
WritebackTmp:          0 kB
CommitLimit:     2496364 kB
Committed_AS:   83726700 kB
VmallocTotal:     385024 kB
VmallocUsed:      156620 kB
VmallocChunk:      67652 kB
Time pass: 259 sec

---2015-12-08 16:16:17
MemTotal:        2895588 kB
MemFree:           91568 kB
Buffers:           11556 kB
Cached:          1265276 kB
SwapCached:            0 kB
Active:           685156 kB
Inactive:        1226728 kB
Active(anon):     316604 kB
Inactive(anon):   323752 kB
Active(file):     368552 kB
Inactive(file):   902976 kB
Unevictable:        2748 kB
Mlocked:               0 kB
HighTotal:       2306432 kB
HighFree:          38584 kB
LowTotal:         589156 kB
LowFree:           52984 kB
SwapTotal:       1048572 kB
SwapFree:        1048572 kB
Dirty:                36 kB
Writeback:             0 kB
AnonPages:        637948 kB
Mapped:           376664 kB
Shmem:              2556 kB
Slab:              54644 kB
SReclaimable:      19792 kB
SUnreclaim:        34852 kB
KernelStack:       13080 kB
PageTables:        38316 kB
NFS_Unstable:          0 kB
Bounce:                0 kB
WritebackTmp:          0 kB
CommitLimit:     2496364 kB
Committed_AS:   83726888 kB
VmallocTotal:     385024 kB
VmallocUsed:      156620 kB
VmallocChunk:      67652 kB
Time pass: 262 sec

---2015-12-08 16:16:17
MemTotal:        2895588 kB
MemFree:           87644 kB
Buffers:           11596 kB
Cached:          1265796 kB
SwapCached:            0 kB
Active:           687796 kB
Inactive:        1227272 kB
Active(anon):     319244 kB
Inactive(anon):   323744 kB
Active(file):     368552 kB
Inactive(file):   903528 kB
Unevictable:        2748 kB
Mlocked:               0 kB
HighTotal:       2306432 kB
HighFree:          38936 kB
LowTotal:         589156 kB
LowFree:           48708 kB
SwapTotal:       1048572 kB
SwapFree:        1048572 kB
Dirty:                72 kB
Writeback:             0 kB
AnonPages:        640632 kB
Mapped:           376872 kB
Shmem:              2556 kB
Slab:              54648 kB
SReclaimable:      19792 kB
SUnreclaim:        34856 kB
KernelStack:       13168 kB
PageTables:        38772 kB
NFS_Unstable:          0 kB
Bounce:                0 kB
WritebackTmp:          0 kB
CommitLimit:     2496364 kB
Committed_AS:   84975844 kB
VmallocTotal:     385024 kB
VmallocUsed:      157640 kB
VmallocChunk:      67652 kB
Time pass: 266 sec

---2015-12-08 16:16:17
MemTotal:        2895588 kB
MemFree:           87308 kB
Buffers:           11596 kB
Cached:          1265796 kB
SwapCached:            0 kB
Active:           687912 kB
Inactive:        1227280 kB
Active(anon):     319360 kB
Inactive(anon):   323744 kB
Active(file):     368552 kB
Inactive(file):   903536 kB
Unevictable:        2748 kB
Mlocked:               0 kB
HighTotal:       2306432 kB
HighFree:          38512 kB
LowTotal:         589156 kB
LowFree:           48796 kB
SwapTotal:       1048572 kB
SwapFree:        1048572 kB
Dirty:                76 kB
Writeback:             0 kB
AnonPages:        641128 kB
Mapped:           376872 kB
Shmem:              2556 kB
Slab:              54652 kB
SReclaimable:      19792 kB
SUnreclaim:        34860 kB
KernelStack:       13168 kB
PageTables:        38792 kB
NFS_Unstable:          0 kB
Bounce:                0 kB
WritebackTmp:          0 kB
CommitLimit:     2496364 kB
Committed_AS:   84975772 kB
VmallocTotal:     385024 kB
VmallocUsed:      157640 kB
VmallocChunk:      67652 kB
Time pass: 270 sec

---2015-12-08 16:16:17
MemTotal:        2895588 kB
MemFree:           87128 kB
Buffers:           11620 kB
Cached:          1265852 kB
SwapCached:            0 kB
Active:           687748 kB
Inactive:        1227320 kB
Active(anon):     319188 kB
Inactive(anon):   323744 kB
Active(file):     368560 kB
Inactive(file):   903576 kB
Unevictable:        2748 kB
Mlocked:               0 kB
HighTotal:       2306432 kB
HighFree:          38088 kB
LowTotal:         589156 kB
LowFree:           49040 kB
SwapTotal:       1048572 kB
SwapFree:        1048572 kB
Dirty:                32 kB
Writeback:             0 kB
AnonPages:        640652 kB
Mapped:           376944 kB
Shmem:              2556 kB
Slab:              54664 kB
SReclaimable:      19792 kB
SUnreclaim:        34872 kB
KernelStack:       13168 kB
PageTables:        38816 kB
NFS_Unstable:          0 kB
Bounce:                0 kB
WritebackTmp:          0 kB
CommitLimit:     2496364 kB
Committed_AS:   84975964 kB
VmallocTotal:     385024 kB
VmallocUsed:      157640 kB
VmallocChunk:      67652 kB
Time pass: 274 sec

---2015-12-08 16:16:17
MemTotal:        2895588 kB
MemFree:           86156 kB
Buffers:           11620 kB
Cached:          1265868 kB
SwapCached:            0 kB
Active:           687800 kB
Inactive:        1227260 kB
Active(anon):     319240 kB
Inactive(anon):   323668 kB
Active(file):     368560 kB
Inactive(file):   903592 kB
Unevictable:        2748 kB
Mlocked:               0 kB
HighTotal:       2306432 kB
HighFree:          38192 kB
LowTotal:         589156 kB
LowFree:           47964 kB
SwapTotal:       1048572 kB
SwapFree:        1048572 kB
Dirty:                 0 kB
Writeback:             0 kB
AnonPages:        640632 kB
Mapped:           376944 kB
Shmem:              2556 kB
Slab:              54664 kB
SReclaimable:      19792 kB
SUnreclaim:        34872 kB
KernelStack:       13168 kB
PageTables:        38820 kB
NFS_Unstable:          0 kB
Bounce:                0 kB
WritebackTmp:          0 kB
CommitLimit:     2496364 kB
Committed_AS:   84976108 kB
VmallocTotal:     385024 kB
VmallocUsed:      157640 kB
VmallocChunk:      67652 kB
Time pass: 278 sec

---2015-12-08 16:16:17
MemTotal:        2895588 kB
MemFree:           85844 kB
Buffers:           11628 kB
Cached:          1265868 kB
SwapCached:            0 kB
Active:           688020 kB
Inactive:        1227260 kB
Active(anon):     319460 kB
Inactive(anon):   323660 kB
Active(file):     368560 kB
Inactive(file):   903600 kB
Unevictable:        2748 kB
Mlocked:               0 kB
HighTotal:       2306432 kB
HighFree:          38192 kB
LowTotal:         589156 kB
LowFree:           47652 kB
SwapTotal:       1048572 kB
SwapFree:        1048572 kB
Dirty:                28 kB
Writeback:             0 kB
AnonPages:        640772 kB
Mapped:           376996 kB
Shmem:              2556 kB
Slab:              54660 kB
SReclaimable:      19792 kB
SUnreclaim:        34868 kB
KernelStack:       13168 kB
PageTables:        38840 kB
NFS_Unstable:          0 kB
Bounce:                0 kB
WritebackTmp:          0 kB
CommitLimit:     2496364 kB
Committed_AS:   84976204 kB
VmallocTotal:     385024 kB
VmallocUsed:      157640 kB
VmallocChunk:      67652 kB
Time pass: 281 sec

---2015-12-08 16:16:17
MemTotal:        2895588 kB
MemFree:           85596 kB
Buffers:           11644 kB
Cached:          1265916 kB
SwapCached:            0 kB
Active:           688400 kB
Inactive:        1227308 kB
Active(anon):     319840 kB
Inactive(anon):   323660 kB
Active(file):     368560 kB
Inactive(file):   903648 kB
Unevictable:        2748 kB
Mlocked:               0 kB
HighTotal:       2306432 kB
HighFree:          39184 kB
LowTotal:         589156 kB
LowFree:           46412 kB
SwapTotal:       1048572 kB
SwapFree:        1048572 kB
Dirty:                 0 kB
Writeback:             0 kB
AnonPages:        641216 kB
Mapped:           377044 kB
Shmem:              2604 kB
Slab:              54644 kB
SReclaimable:      19792 kB
SUnreclaim:        34852 kB
KernelStack:       13168 kB
PageTables:        38840 kB
NFS_Unstable:          0 kB
Bounce:                0 kB
WritebackTmp:          0 kB
CommitLimit:     2496364 kB
Committed_AS:   84976424 kB
VmallocTotal:     385024 kB
VmallocUsed:      157640 kB
VmallocChunk:      67652 kB
Time pass: 285 sec

---2015-12-08 16:16:17
MemTotal:        2895588 kB
MemFree:           86412 kB
Buffers:           11652 kB
Cached:          1265916 kB
SwapCached:            0 kB
Active:           688224 kB
Inactive:        1227364 kB
Active(anon):     319664 kB
Inactive(anon):   323708 kB
Active(file):     368560 kB
Inactive(file):   903656 kB
Unevictable:        2748 kB
Mlocked:               0 kB
HighTotal:       2306432 kB
HighFree:          38512 kB
LowTotal:         589156 kB
LowFree:           47900 kB
SwapTotal:       1048572 kB
SwapFree:        1048572 kB
Dirty:                28 kB
Writeback:             0 kB
AnonPages:        641264 kB
Mapped:           376992 kB
Shmem:              2604 kB
Slab:              54644 kB
SReclaimable:      19792 kB
SUnreclaim:        34852 kB
KernelStack:       13168 kB
PageTables:        38820 kB
NFS_Unstable:          0 kB
Bounce:                0 kB
WritebackTmp:          0 kB
CommitLimit:     2496364 kB
Committed_AS:   84976652 kB
VmallocTotal:     385024 kB
VmallocUsed:      157640 kB
VmallocChunk:      67652 kB
Time pass: 289 sec

---2015-12-08 16:16:17
MemTotal:        2895588 kB
MemFree:           86044 kB
Buffers:           11668 kB
Cached:          1265928 kB
SwapCached:            0 kB
Active:           688848 kB
Inactive:        1227392 kB
Active(anon):     320288 kB
Inactive(anon):   323720 kB
Active(file):     368560 kB
Inactive(file):   903672 kB
Unevictable:        2748 kB
Mlocked:               0 kB
HighTotal:       2306432 kB
HighFree:          38936 kB
LowTotal:         589156 kB
LowFree:           47108 kB
SwapTotal:       1048572 kB
SwapFree:        1048572 kB
Dirty:                36 kB
Writeback:             0 kB
AnonPages:        641708 kB
Mapped:           377004 kB
Shmem:              2616 kB
Slab:              54656 kB
SReclaimable:      19792 kB
SUnreclaim:        34864 kB
KernelStack:       13168 kB
PageTables:        38820 kB
NFS_Unstable:          0 kB
Bounce:                0 kB
WritebackTmp:          0 kB
CommitLimit:     2496364 kB
Committed_AS:   84976940 kB
VmallocTotal:     385024 kB
VmallocUsed:      157640 kB
VmallocChunk:      67652 kB
Time pass: 292 sec

---2015-12-08 16:16:17
MemTotal:        2895588 kB
MemFree:           86016 kB
Buffers:           11692 kB
Cached:          1265912 kB
SwapCached:            0 kB
Active:           688316 kB
Inactive:        1227384 kB
Active(anon):     319756 kB
Inactive(anon):   323712 kB
Active(file):     368560 kB
Inactive(file):   903672 kB
Unevictable:        2748 kB
Mlocked:               0 kB
HighTotal:       2306432 kB
HighFree:          38512 kB
LowTotal:         589156 kB
LowFree:           47504 kB
SwapTotal:       1048572 kB
SwapFree:        1048572 kB
Dirty:                28 kB
Writeback:             0 kB
AnonPages:        640964 kB
Mapped:           377060 kB
Shmem:              2616 kB
Slab:              54656 kB
SReclaimable:      19792 kB
SUnreclaim:        34864 kB
KernelStack:       13160 kB
PageTables:        38876 kB
NFS_Unstable:          0 kB
Bounce:                0 kB
WritebackTmp:          0 kB
CommitLimit:     2496364 kB
Committed_AS:   84970820 kB
VmallocTotal:     385024 kB
VmallocUsed:      157640 kB
VmallocChunk:      67652 kB
Time pass: 296 sec

---2015-12-08 16:16:17
MemTotal:        2895588 kB
MemFree:           89608 kB
Buffers:           11692 kB
Cached:          1265928 kB
SwapCached:            0 kB
Active:           684056 kB
Inactive:        1227176 kB
Active(anon):     315496 kB
Inactive(anon):   323480 kB
Active(file):     368560 kB
Inactive(file):   903696 kB
Unevictable:        2748 kB
Mlocked:               0 kB
HighTotal:       2306432 kB
HighFree:          39556 kB
LowTotal:         589156 kB
LowFree:           50052 kB
SwapTotal:       1048572 kB
SwapFree:        1048572 kB
Dirty:                36 kB
Writeback:             0 kB
AnonPages:        636428 kB
Mapped:           377060 kB
Shmem:              2616 kB
Slab:              54652 kB
SReclaimable:      19792 kB
SUnreclaim:        34860 kB
KernelStack:       13160 kB
PageTables:        38840 kB
NFS_Unstable:          0 kB
Bounce:                0 kB
WritebackTmp:          0 kB
CommitLimit:     2496364 kB
Committed_AS:   84962432 kB
VmallocTotal:     385024 kB
VmallocUsed:      157640 kB
VmallocChunk:      67652 kB
Time pass: 300 sec

---2015-12-08 16:16:17
MemTotal:        2895588 kB
MemFree:           89192 kB
Buffers:           11716 kB
Cached:          1265928 kB
SwapCached:            0 kB
Active:           684544 kB
Inactive:        1227176 kB
Active(anon):     315984 kB
Inactive(anon):   323456 kB
Active(file):     368560 kB
Inactive(file):   903720 kB
Unevictable:        2748 kB
Mlocked:               0 kB
HighTotal:       2306432 kB
HighFree:          38936 kB
LowTotal:         589156 kB
LowFree:           50256 kB
SwapTotal:       1048572 kB
SwapFree:        1048572 kB
Dirty:                40 kB
Writeback:             0 kB
AnonPages:        636924 kB
Mapped:           377004 kB
Shmem:              2616 kB
Slab:              54704 kB
SReclaimable:      19808 kB
SUnreclaim:        34896 kB
KernelStack:       13168 kB
PageTables:        38824 kB
NFS_Unstable:          0 kB
Bounce:                0 kB
WritebackTmp:          0 kB
CommitLimit:     2496364 kB
Committed_AS:   84971528 kB
VmallocTotal:     385024 kB
VmallocUsed:      157640 kB
VmallocChunk:      67652 kB
Time pass: 303 sec

---2015-12-08 16:16:17
MemTotal:        2895588 kB
MemFree:           89136 kB
Buffers:           11716 kB
Cached:          1265928 kB
SwapCached:            0 kB
Active:           684284 kB
Inactive:        1227176 kB
Active(anon):     315724 kB
Inactive(anon):   323456 kB
Active(file):     368560 kB
Inactive(file):   903720 kB
Unevictable:        2748 kB
Mlocked:               0 kB
HighTotal:       2306432 kB
HighFree:          38036 kB
LowTotal:         589156 kB
LowFree:           51100 kB
SwapTotal:       1048572 kB
SwapFree:        1048572 kB
Dirty:                40 kB
Writeback:             0 kB
AnonPages:        637000 kB
Mapped:           377004 kB
Shmem:              2616 kB
Slab:              54668 kB
SReclaimable:      19808 kB
SUnreclaim:        34860 kB
KernelStack:       13152 kB
PageTables:        38824 kB
NFS_Unstable:          0 kB
Bounce:                0 kB
WritebackTmp:          0 kB
CommitLimit:     2496364 kB
Committed_AS:   84962872 kB
VmallocTotal:     385024 kB
VmallocUsed:      157640 kB
VmallocChunk:      67652 kB
Time pass: 307 sec

---2015-12-08 16:16:17
MemTotal:        2895588 kB
MemFree:           89852 kB
Buffers:           11740 kB
Cached:          1265928 kB
SwapCached:            0 kB
Active:           684484 kB
Inactive:        1227200 kB
Active(anon):     315924 kB
Inactive(anon):   323456 kB
Active(file):     368560 kB
Inactive(file):   903744 kB
Unevictable:        2748 kB
Mlocked:               0 kB
HighTotal:       2306432 kB
HighFree:          38264 kB
LowTotal:         589156 kB
LowFree:           51588 kB
SwapTotal:       1048572 kB
SwapFree:        1048572 kB
Dirty:                36 kB
Writeback:             0 kB
AnonPages:        637344 kB
Mapped:           377004 kB
Shmem:              2616 kB
Slab:              54700 kB
SReclaimable:      19808 kB
SUnreclaim:        34892 kB
KernelStack:       13144 kB
PageTables:        38804 kB
NFS_Unstable:          0 kB
Bounce:                0 kB
WritebackTmp:          0 kB
CommitLimit:     2496364 kB
Committed_AS:   84962920 kB
VmallocTotal:     385024 kB
VmallocUsed:      157640 kB
VmallocChunk:      67652 kB
Time pass: 310 sec

---2015-12-08 16:16:17
MemTotal:        2895588 kB
MemFree:           89508 kB
Buffers:           11740 kB
Cached:          1265928 kB
SwapCached:            0 kB
Active:           684824 kB
Inactive:        1227200 kB
Active(anon):     316264 kB
Inactive(anon):   323456 kB
Active(file):     368560 kB
Inactive(file):   903744 kB
Unevictable:        2748 kB
Mlocked:               0 kB
HighTotal:       2306432 kB
HighFree:          38016 kB
LowTotal:         589156 kB
LowFree:           51492 kB
SwapTotal:       1048572 kB
SwapFree:        1048572 kB
Dirty:                 0 kB
Writeback:             0 kB
AnonPages:        637224 kB
Mapped:           377004 kB
Shmem:              2616 kB
Slab:              54672 kB
SReclaimable:      19808 kB
SUnreclaim:        34864 kB
KernelStack:       13144 kB
PageTables:        38804 kB
NFS_Unstable:          0 kB
Bounce:                0 kB
WritebackTmp:          0 kB
CommitLimit:     2496364 kB
Committed_AS:   84963224 kB
VmallocTotal:     385024 kB
VmallocUsed:      157640 kB
VmallocChunk:      67652 kB
Time pass: 314 sec

---2015-12-08 16:16:17
MemTotal:        2895588 kB
MemFree:           89484 kB
Buffers:           11748 kB
Cached:          1265928 kB
SwapCached:            0 kB
Active:           684976 kB
Inactive:        1227200 kB
Active(anon):     316416 kB
Inactive(anon):   323456 kB
Active(file):     368560 kB
Inactive(file):   903744 kB
Unevictable:        2748 kB
Mlocked:               0 kB
HighTotal:       2306432 kB
HighFree:          38120 kB
LowTotal:         589156 kB
LowFree:           51364 kB
SwapTotal:       1048572 kB
SwapFree:        1048572 kB
Dirty:                28 kB
Writeback:             0 kB
AnonPages:        637224 kB
Mapped:           377004 kB
Shmem:              2616 kB
Slab:              54672 kB
SReclaimable:      19808 kB
SUnreclaim:        34864 kB
KernelStack:       13144 kB
PageTables:        38804 kB
NFS_Unstable:          0 kB
Bounce:                0 kB
WritebackTmp:          0 kB
CommitLimit:     2496364 kB
Committed_AS:   84963296 kB
VmallocTotal:     385024 kB
VmallocUsed:      157640 kB
VmallocChunk:      67652 kB
Time pass: 318 sec

---2015-12-08 16:16:17
MemTotal:        2895588 kB
MemFree:           90008 kB
Buffers:           11764 kB
Cached:          1265928 kB
SwapCached:            0 kB
Active:           685172 kB
Inactive:        1227224 kB
Active(anon):     316612 kB
Inactive(anon):   323456 kB
Active(file):     368560 kB
Inactive(file):   903768 kB
Unevictable:        2748 kB
Mlocked:               0 kB
HighTotal:       2306432 kB
HighFree:          38864 kB
LowTotal:         589156 kB
LowFree:           51144 kB
SwapTotal:       1048572 kB
SwapFree:        1048572 kB
Dirty:                 0 kB
Writeback:             0 kB
AnonPages:        637464 kB
Mapped:           377004 kB
Shmem:              2616 kB
Slab:              54676 kB
SReclaimable:      19808 kB
SUnreclaim:        34868 kB
KernelStack:       13144 kB
PageTables:        38804 kB
NFS_Unstable:          0 kB
Bounce:                0 kB
WritebackTmp:          0 kB
CommitLimit:     2496364 kB
Committed_AS:   84963376 kB
VmallocTotal:     385024 kB
VmallocUsed:      157640 kB
VmallocChunk:      67652 kB
Time pass: 321 sec

---2015-12-08 16:16:17
MemTotal:        2895588 kB
MemFree:           89568 kB
Buffers:           11780 kB
Cached:          1265928 kB
SwapCached:            0 kB
Active:           685340 kB
Inactive:        1227232 kB
Active(anon):     316780 kB
Inactive(anon):   323456 kB
Active(file):     368560 kB
Inactive(file):   903776 kB
Unevictable:        2748 kB
Mlocked:               0 kB
HighTotal:       2306432 kB
HighFree:          38120 kB
LowTotal:         589156 kB
LowFree:           51448 kB
SwapTotal:       1048572 kB
SwapFree:        1048572 kB
Dirty:                32 kB
Writeback:             0 kB
AnonPages:        637588 kB
Mapped:           377004 kB
