---2015-12-05 14:07:44
MemTotal:        2905316 kB
MemFree:           83100 kB
Buffers:           27372 kB
Cached:          1395208 kB
SwapCached:            0 kB
Active:          1296928 kB
Inactive:        1031636 kB
Active(anon):     783256 kB
Inactive(anon):   164960 kB
Active(file):     513672 kB
Inactive(file):   866676 kB
Unevictable:        7800 kB
Mlocked:               0 kB
SwapTotal:        720184 kB
SwapFree:         720184 kB
Dirty:               192 kB
Writeback:             0 kB
AnonPages:        913628 kB
Mapped:           550668 kB
Shmem:             34428 kB
Slab:             118120 kB
SReclaimable:      35880 kB
SUnreclaim:        82240 kB
KernelStack:       33984 kB
PageTables:        59732 kB
NFS_Unstable:          0 kB
Bounce:                0 kB
WritebackTmp:          0 kB
CommitLimit:     2172840 kB
Committed_AS:   100380180 kB
VmallocTotal:   251658176 kB
VmallocUsed:      139732 kB
VmallocChunk:   251409452 kB
Time pass: 3 sec

---2015-12-05 14:07:44
MemTotal:        2905316 kB
MemFree:           91760 kB
Buffers:           27380 kB
Cached:          1395392 kB
SwapCached:            0 kB
Active:          1293464 kB
Inactive:        1027708 kB
Active(anon):     775672 kB
Inactive(anon):   164968 kB
Active(file):     517792 kB
Inactive(file):   862740 kB
Unevictable:        7800 kB
Mlocked:               0 kB
SwapTotal:        720184 kB
SwapFree:         720184 kB
Dirty:               376 kB
Writeback:             0 kB
AnonPages:        906468 kB
Mapped:           531100 kB
Shmem:             34440 kB
Slab:             120232 kB
SReclaimable:      35976 kB
SUnreclaim:        84256 kB
KernelStack:       32560 kB
PageTables:        56864 kB
NFS_Unstable:          0 kB
Bounce:                0 kB
WritebackTmp:          0 kB
CommitLimit:     2172840 kB
Committed_AS:   93818752 kB
VmallocTotal:   251658176 kB
VmallocUsed:      136672 kB
VmallocChunk:   251409452 kB
Time pass: 7 sec

---2015-12-05 14:07:44
MemTotal:        2905316 kB
MemFree:          110796 kB
Buffers:           27388 kB
Cached:          1395408 kB
SwapCached:            0 kB
Active:          1274184 kB
Inactive:        1027692 kB
Active(anon):     756352 kB
Inactive(anon):   164960 kB
Active(file):     517832 kB
Inactive(file):   862732 kB
Unevictable:        7800 kB
Mlocked:               0 kB
SwapTotal:        720184 kB
SwapFree:         720184 kB
Dirty:               140 kB
Writeback:             0 kB
AnonPages:        886908 kB
Mapped:           531164 kB
Shmem:             34432 kB
Slab:             120276 kB
SReclaimable:      35864 kB
SUnreclaim:        84412 kB
KernelStack:       32432 kB
PageTables:        57068 kB
NFS_Unstable:          0 kB
Bounce:                0 kB
WritebackTmp:          0 kB
CommitLimit:     2172840 kB
Committed_AS:   93816384 kB
VmallocTotal:   251658176 kB
VmallocUsed:      136672 kB
VmallocChunk:   251409452 kB
Time pass: 11 sec

---2015-12-05 14:07:44
MemTotal:        2905316 kB
MemFree:          110288 kB
Buffers:           27396 kB
Cached:          1395428 kB
SwapCached:            0 kB
Active:          1275108 kB
Inactive:        1027700 kB
Active(anon):     757256 kB
Inactive(anon):   164960 kB
Active(file):     517852 kB
Inactive(file):   862740 kB
Unevictable:        7800 kB
Mlocked:               0 kB
SwapTotal:        720184 kB
SwapFree:         720184 kB
Dirty:                64 kB
Writeback:             0 kB
AnonPages:        887928 kB
Mapped:           531240 kB
Shmem:             34432 kB
Slab:             120284 kB
SReclaimable:      35864 kB
SUnreclaim:        84420 kB
KernelStack:       32608 kB
PageTables:        57112 kB
NFS_Unstable:          0 kB
Bounce:                0 kB
WritebackTmp:          0 kB
CommitLimit:     2172840 kB
Committed_AS:   93816564 kB
VmallocTotal:   251658176 kB
VmallocUsed:      136672 kB
VmallocChunk:   251409452 kB
Time pass: 15 sec

---2015-12-05 14:07:44
MemTotal:        2905316 kB
MemFree:           72644 kB
Buffers:           27440 kB
Cached:          1399844 kB
SwapCached:            0 kB
Active:          1283320 kB
Inactive:        1031492 kB
Active(anon):     765204 kB
Inactive(anon):   164960 kB
Active(file):     518116 kB
Inactive(file):   866532 kB
Unevictable:        7800 kB
Mlocked:               0 kB
SwapTotal:        720184 kB
SwapFree:         720184 kB
Dirty:               116 kB
Writeback:             0 kB
AnonPages:        895996 kB
Mapped:           532332 kB
Shmem:             34432 kB
Slab:             120040 kB
SReclaimable:      35864 kB
SUnreclaim:        84176 kB
KernelStack:       32496 kB
PageTables:        57464 kB
NFS_Unstable:          0 kB
Bounce:                0 kB
WritebackTmp:          0 kB
CommitLimit:     2172840 kB
Committed_AS:   96740168 kB
VmallocTotal:   251658176 kB
VmallocUsed:      156292 kB
VmallocChunk:   251334916 kB
Time pass: 18 sec

---2015-12-05 14:07:44
MemTotal:        2905316 kB
MemFree:           58768 kB
Buffers:           28224 kB
Cached:          1267976 kB
SwapCached:            0 kB
Active:          1309692 kB
Inactive:         907384 kB
Active(anon):     779892 kB
Inactive(anon):   184036 kB
Active(file):     529800 kB
Inactive(file):   723348 kB
Unevictable:        7800 kB
Mlocked:               0 kB
SwapTotal:        720184 kB
SwapFree:         720184 kB
Dirty:              2244 kB
Writeback:             0 kB
AnonPages:        929868 kB
Mapped:           604592 kB
Shmem:             34568 kB
Slab:             120612 kB
SReclaimable:      36176 kB
SUnreclaim:        84436 kB
KernelStack:       33584 kB
PageTables:        57776 kB
NFS_Unstable:          0 kB
Bounce:                0 kB
WritebackTmp:          0 kB
CommitLimit:     2172840 kB
Committed_AS:   93394104 kB
VmallocTotal:   251658176 kB
VmallocUsed:      138228 kB
VmallocChunk:   251412524 kB
Time pass: 22 sec

---2015-12-05 14:07:44
MemTotal:        2905316 kB
MemFree:           79552 kB
Buffers:           25288 kB
Cached:          1235676 kB
SwapCached:            0 kB
Active:          1291888 kB
Inactive:         876572 kB
Active(anon):     760580 kB
Inactive(anon):   187372 kB
Active(file):     531308 kB
Inactive(file):   689200 kB
Unevictable:        7800 kB
Mlocked:               0 kB
SwapTotal:        720184 kB
SwapFree:         720184 kB
Dirty:               900 kB
Writeback:             0 kB
AnonPages:        915776 kB
Mapped:           621596 kB
Shmem:             32652 kB
Slab:             120160 kB
SReclaimable:      35836 kB
SUnreclaim:        84324 kB
KernelStack:       33696 kB
PageTables:        57740 kB
NFS_Unstable:          0 kB
Bounce:                0 kB
WritebackTmp:          0 kB
CommitLimit:     2172840 kB
Committed_AS:   93384464 kB
VmallocTotal:   251658176 kB
VmallocUsed:      138512 kB
VmallocChunk:   251412524 kB
Time pass: 25 sec

---2015-12-05 14:07:44
MemTotal:        2905316 kB
MemFree:           79256 kB
Buffers:           25304 kB
Cached:          1235712 kB
SwapCached:            0 kB
Active:          1292748 kB
Inactive:         876608 kB
Active(anon):     761424 kB
Inactive(anon):   187372 kB
Active(file):     531324 kB
Inactive(file):   689236 kB
Unevictable:        7800 kB
Mlocked:               0 kB
SwapTotal:        720184 kB
SwapFree:         720184 kB
Dirty:               152 kB
Writeback:             0 kB
AnonPages:        916108 kB
Mapped:           621616 kB
Shmem:             32652 kB
Slab:             120504 kB
SReclaimable:      35980 kB
SUnreclaim:        84524 kB
KernelStack:       33648 kB
PageTables:        57740 kB
NFS_Unstable:          0 kB
Bounce:                0 kB
WritebackTmp:          0 kB
CommitLimit:     2172840 kB
Committed_AS:   93384460 kB
VmallocTotal:   251658176 kB
VmallocUsed:      138512 kB
VmallocChunk:   251412524 kB
Time pass: 29 sec

---2015-12-05 14:07:44
MemTotal:        2905316 kB
MemFree:           77596 kB
Buffers:           25304 kB
Cached:          1235820 kB
SwapCached:            0 kB
Active:          1293768 kB
Inactive:         876708 kB
Active(anon):     762432 kB
Inactive(anon):   187432 kB
Active(file):     531336 kB
Inactive(file):   689276 kB
Unevictable:        7800 kB
Mlocked:               0 kB
SwapTotal:        720184 kB
SwapFree:         720184 kB
Dirty:                12 kB
Writeback:             0 kB
AnonPages:        917296 kB
Mapped:           621700 kB
Shmem:             32712 kB
Slab:             120508 kB
SReclaimable:      35996 kB
SUnreclaim:        84512 kB
KernelStack:       33632 kB
PageTables:        57788 kB
NFS_Unstable:          0 kB
Bounce:                0 kB
WritebackTmp:          0 kB
CommitLimit:     2172840 kB
Committed_AS:   93411220 kB
VmallocTotal:   251658176 kB
VmallocUsed:      138512 kB
VmallocChunk:   251412524 kB
Time pass: 33 sec

---2015-12-05 14:07:44
MemTotal:        2905316 kB
MemFree:           77472 kB
Buffers:           25320 kB
Cached:          1236284 kB
SwapCached:            0 kB
Active:          1294088 kB
Inactive:         877144 kB
Active(anon):     762744 kB
Inactive(anon):   187432 kB
Active(file):     531344 kB
Inactive(file):   689712 kB
Unevictable:        7800 kB
Mlocked:               0 kB
SwapTotal:        720184 kB
SwapFree:         720184 kB
Dirty:               100 kB
Writeback:             0 kB
AnonPages:        917464 kB
Mapped:           621932 kB
Shmem:             32712 kB
Slab:             120416 kB
SReclaimable:      35996 kB
SUnreclaim:        84420 kB
KernelStack:       33648 kB
PageTables:        57792 kB
NFS_Unstable:          0 kB
Bounce:                0 kB
WritebackTmp:          0 kB
CommitLimit:     2172840 kB
Committed_AS:   93411464 kB
VmallocTotal:   251658176 kB
VmallocUsed:      138512 kB
VmallocChunk:   251412524 kB
Time pass: 36 sec

---2015-12-05 14:07:44
MemTotal:        2905316 kB
MemFree:           76784 kB
Buffers:           25320 kB
Cached:          1236308 kB
SwapCached:            0 kB
Active:          1294532 kB
Inactive:         877192 kB
Active(anon):     763188 kB
Inactive(anon):   187432 kB
Active(file):     531344 kB
Inactive(file):   689760 kB
Unevictable:        7800 kB
Mlocked:               0 kB
SwapTotal:        720184 kB
SwapFree:         720184 kB
Dirty:                36 kB
Writeback:             0 kB
AnonPages:        917872 kB
Mapped:           622000 kB
Shmem:             32712 kB
Slab:             120440 kB
SReclaimable:      35996 kB
SUnreclaim:        84444 kB
KernelStack:       33664 kB
PageTables:        57816 kB
NFS_Unstable:          0 kB
Bounce:                0 kB
WritebackTmp:          0 kB
CommitLimit:     2172840 kB
Committed_AS:   93411468 kB
VmallocTotal:   251658176 kB
VmallocUsed:      138512 kB
VmallocChunk:   251412524 kB
Time pass: 40 sec

---2015-12-05 14:07:44
MemTotal:        2905316 kB
MemFree:           66580 kB
Buffers:           26692 kB
Cached:          1189484 kB
SwapCached:            0 kB
Active:          1307656 kB
Inactive:         832188 kB
Active(anon):     771364 kB
Inactive(anon):   193056 kB
Active(file):     536292 kB
Inactive(file):   639132 kB
Unevictable:        7800 kB
Mlocked:               0 kB
SwapTotal:        720184 kB
SwapFree:         720184 kB
Dirty:               380 kB
Writeback:             0 kB
AnonPages:        931604 kB
Mapped:           632980 kB
Shmem:             32716 kB
Slab:             120412 kB
SReclaimable:      35836 kB
SUnreclaim:        84576 kB
KernelStack:       33520 kB
PageTables:        57676 kB
NFS_Unstable:          0 kB
Bounce:                0 kB
WritebackTmp:          0 kB
CommitLimit:     2172840 kB
Committed_AS:   92713376 kB
VmallocTotal:   251658176 kB
VmallocUsed:      137748 kB
VmallocChunk:   251412524 kB
Time pass: 44 sec

---2015-12-05 14:07:44
MemTotal:        2905316 kB
MemFree:           71292 kB
Buffers:           26512 kB
Cached:          1177080 kB
SwapCached:            0 kB
Active:          1315804 kB
Inactive:         814404 kB
Active(anon):     772800 kB
Inactive(anon):   194332 kB
Active(file):     543004 kB
Inactive(file):   620072 kB
Unevictable:        7800 kB
Mlocked:               0 kB
SwapTotal:        720184 kB
SwapFree:         720184 kB
Dirty:                 0 kB
Writeback:            76 kB
AnonPages:        934504 kB
Mapped:           638488 kB
Shmem:             32716 kB
Slab:             120500 kB
SReclaimable:      35964 kB
SUnreclaim:        84536 kB
KernelStack:       33520 kB
PageTables:        57668 kB
NFS_Unstable:          0 kB
Bounce:                0 kB
WritebackTmp:          0 kB
CommitLimit:     2172840 kB
Committed_AS:   92724880 kB
VmallocTotal:   251658176 kB
VmallocUsed:      137796 kB
VmallocChunk:   251412524 kB
Time pass: 47 sec

---2015-12-05 14:07:44
MemTotal:        2905316 kB
MemFree:           68532 kB
Buffers:           25616 kB
Cached:          1159792 kB
SwapCached:            0 kB
Active:          1338504 kB
Inactive:         800088 kB
Active(anon):     794736 kB
Inactive(anon):   198932 kB
Active(file):     543768 kB
Inactive(file):   601156 kB
Unevictable:        7800 kB
Mlocked:               0 kB
SwapTotal:        720184 kB
SwapFree:         720184 kB
Dirty:               856 kB
Writeback:             0 kB
AnonPages:        960608 kB
Mapped:           650480 kB
Shmem:             32836 kB
Slab:             120300 kB
SReclaimable:      35788 kB
SUnreclaim:        84512 kB
KernelStack:       33680 kB
PageTables:        57560 kB
NFS_Unstable:          0 kB
Bounce:                0 kB
WritebackTmp:          0 kB
CommitLimit:     2172840 kB
Committed_AS:   92737040 kB
VmallocTotal:   251658176 kB
VmallocUsed:      137792 kB
VmallocChunk:   251412524 kB
Time pass: 51 sec

---2015-12-05 14:07:44
MemTotal:        2905316 kB
MemFree:           74744 kB
Buffers:           25336 kB
Cached:          1121800 kB
SwapCached:            0 kB
Active:          1332716 kB
Inactive:         758844 kB
Active(anon):     784240 kB
Inactive(anon):   200736 kB
Active(file):     548476 kB
Inactive(file):   558108 kB
Unevictable:        7800 kB
Mlocked:               0 kB
SwapTotal:        720184 kB
SwapFree:         720184 kB
Dirty:               928 kB
Writeback:             0 kB
AnonPages:        952352 kB
Mapped:           685788 kB
Shmem:             32720 kB
Slab:             120440 kB
SReclaimable:      35912 kB
SUnreclaim:        84528 kB
KernelStack:       33712 kB
PageTables:        57696 kB
NFS_Unstable:          0 kB
Bounce:                0 kB
WritebackTmp:          0 kB
CommitLimit:     2172840 kB
Committed_AS:   92731780 kB
VmallocTotal:   251658176 kB
VmallocUsed:      138120 kB
VmallocChunk:   251412524 kB
Time pass: 55 sec

---2015-12-05 14:07:44
MemTotal:        2905316 kB
MemFree:           75020 kB
Buffers:           25344 kB
Cached:          1121808 kB
SwapCached:            0 kB
Active:          1332400 kB
Inactive:         758880 kB
Active(anon):     783912 kB
Inactive(anon):   200736 kB
Active(file):     548488 kB
Inactive(file):   558144 kB
Unevictable:        7800 kB
Mlocked:               0 kB
SwapTotal:        720184 kB
SwapFree:         720184 kB
Dirty:                 8 kB
Writeback:             0 kB
AnonPages:        952000 kB
Mapped:           685776 kB
Shmem:             32720 kB
Slab:             120616 kB
SReclaimable:      35960 kB
SUnreclaim:        84656 kB
KernelStack:       33632 kB
PageTables:        57692 kB
NFS_Unstable:          0 kB
Bounce:                0 kB
WritebackTmp:          0 kB
CommitLimit:     2172840 kB
Committed_AS:   92731668 kB
VmallocTotal:   251658176 kB
VmallocUsed:      138120 kB
VmallocChunk:   251412524 kB
Time pass: 59 sec

---2015-12-05 14:07:44
MemTotal:        2905316 kB
MemFree:           69580 kB
Buffers:           25360 kB
Cached:          1107320 kB
SwapCached:            0 kB
Active:          1333640 kB
Inactive:         743928 kB
Active(anon):     789640 kB
Inactive(anon):   200784 kB
Active(file):     544000 kB
Inactive(file):   543144 kB
Unevictable:       12616 kB
Mlocked:               0 kB
SwapTotal:        720184 kB
SwapFree:         720156 kB
Dirty:               136 kB
Writeback:           120 kB
AnonPages:        957688 kB
Mapped:           691556 kB
Shmem:             32768 kB
Slab:             120672 kB
SReclaimable:      36120 kB
SUnreclaim:        84552 kB
KernelStack:       33616 kB
PageTables:        57788 kB
NFS_Unstable:          0 kB
Bounce:                0 kB
WritebackTmp:          0 kB
CommitLimit:     2172840 kB
Committed_AS:   92759376 kB
VmallocTotal:   251658176 kB
VmallocUsed:      138232 kB
VmallocChunk:   251412524 kB
Time pass: 62 sec

---2015-12-05 14:07:44
MemTotal:        2905316 kB
MemFree:           69528 kB
Buffers:           25368 kB
Cached:          1107248 kB
SwapCached:            0 kB
Active:          1333760 kB
Inactive:         743760 kB
Active(anon):     789612 kB
Inactive(anon):   200736 kB
Active(file):     544148 kB
Inactive(file):   543024 kB
Unevictable:       12692 kB
Mlocked:               0 kB
SwapTotal:        720184 kB
SwapFree:         720156 kB
Dirty:               264 kB
Writeback:             0 kB
AnonPages:        957716 kB
Mapped:           691568 kB
Shmem:             32752 kB
Slab:             120796 kB
SReclaimable:      36204 kB
SUnreclaim:        84592 kB
KernelStack:       33536 kB
PageTables:        57792 kB
NFS_Unstable:          0 kB
Bounce:                0 kB
WritebackTmp:          0 kB
CommitLimit:     2172840 kB
Committed_AS:   92759296 kB
VmallocTotal:   251658176 kB
VmallocUsed:      138232 kB
VmallocChunk:   251412524 kB
Time pass: 66 sec

---2015-12-05 14:07:44
MemTotal:        2905316 kB
MemFree:           71144 kB
Buffers:           25184 kB
Cached:          1080196 kB
SwapCached:            0 kB
Active:          1325368 kB
Inactive:         731116 kB
Active(anon):     795408 kB
Inactive(anon):   201272 kB
Active(file):     529960 kB
Inactive(file):   529844 kB
Unevictable:       12736 kB
Mlocked:               0 kB
SwapTotal:        720184 kB
SwapFree:         720156 kB
Dirty:               508 kB
Writeback:             0 kB
AnonPages:        963856 kB
Mapped:           703884 kB
Shmem:             32752 kB
Slab:             121076 kB
SReclaimable:      36236 kB
SUnreclaim:        84840 kB
KernelStack:       33552 kB
PageTables:        57632 kB
NFS_Unstable:          0 kB
Bounce:                0 kB
WritebackTmp:          0 kB
CommitLimit:     2172840 kB
Committed_AS:   92768296 kB
VmallocTotal:   251658176 kB
VmallocUsed:      138408 kB
VmallocChunk:   251412524 kB
Time pass: 70 sec

---2015-12-05 14:07:44
MemTotal:        2905316 kB
MemFree:           65496 kB
Buffers:           25904 kB
Cached:          1075568 kB
SwapCached:            0 kB
Active:          1332036 kB
Inactive:         729916 kB
Active(anon):     804888 kB
Inactive(anon):   201268 kB
Active(file):     527148 kB
Inactive(file):   528648 kB
Unevictable:       12768 kB
Mlocked:               0 kB
SwapTotal:        720184 kB
SwapFree:         720156 kB
Dirty:               368 kB
Writeback:             0 kB
AnonPages:        973548 kB
Mapped:           708940 kB
Shmem:             32752 kB
Slab:             120764 kB
SReclaimable:      36012 kB
SUnreclaim:        84752 kB
KernelStack:       33728 kB
PageTables:        57724 kB
NFS_Unstable:          0 kB
Bounce:                0 kB
WritebackTmp:          0 kB
CommitLimit:     2172840 kB
Committed_AS:   92775328 kB
VmallocTotal:   251658176 kB
VmallocUsed:      138408 kB
VmallocChunk:   251412524 kB
Time pass: 73 sec

---2015-12-05 14:07:44
MemTotal:        2905316 kB
MemFree:           68060 kB
Buffers:           25840 kB
Cached:          1059164 kB
SwapCached:            0 kB
Active:          1336932 kB
Inactive:         724084 kB
Active(anon):     817564 kB
Inactive(anon):   204512 kB
Active(file):     519368 kB
Inactive(file):   519572 kB
Unevictable:       12768 kB
Mlocked:               0 kB
SwapTotal:        720184 kB
SwapFree:         720156 kB
Dirty:               524 kB
Writeback:             0 kB
AnonPages:        989460 kB
Mapped:           707524 kB
Shmem:             32756 kB
Slab:             120884 kB
SReclaimable:      35900 kB
SUnreclaim:        84984 kB
KernelStack:       33888 kB
PageTables:        57876 kB
NFS_Unstable:          0 kB
Bounce:                0 kB
WritebackTmp:          0 kB
CommitLimit:     2172840 kB
Committed_AS:   92819868 kB
VmallocTotal:   251658176 kB
VmallocUsed:      140856 kB
VmallocChunk:   251412524 kB
Time pass: 77 sec

---2015-12-05 14:07:44
MemTotal:        2905316 kB
MemFree:           77900 kB
Buffers:           25696 kB
Cached:          1019140 kB
SwapCached:            0 kB
Active:          1313508 kB
Inactive:         704708 kB
Active(anon):     815196 kB
Inactive(anon):   204060 kB
Active(file):     498312 kB
Inactive(file):   500648 kB
Unevictable:       12768 kB
Mlocked:               0 kB
SwapTotal:        720184 kB
SwapFree:         720156 kB
Dirty:                40 kB
Writeback:             0 kB
AnonPages:        986396 kB
Mapped:           698652 kB
Shmem:             32992 kB
Slab:             120040 kB
SReclaimable:      35116 kB
SUnreclaim:        84924 kB
KernelStack:       33936 kB
PageTables:        57804 kB
NFS_Unstable:          0 kB
Bounce:                0 kB
WritebackTmp:          0 kB
CommitLimit:     2172840 kB
Committed_AS:   92820664 kB
VmallocTotal:   251658176 kB
VmallocUsed:      140856 kB
VmallocChunk:   251412524 kB
Time pass: 81 sec

---2015-12-05 14:07:44
MemTotal:        2905316 kB
MemFree:           76556 kB
Buffers:           25720 kB
Cached:          1019188 kB
SwapCached:            0 kB
Active:          1314900 kB
Inactive:         704952 kB
Active(anon):     816672 kB
Inactive(anon):   204124 kB
Active(file):     498228 kB
Inactive(file):   500828 kB
Unevictable:       12768 kB
Mlocked:               0 kB
SwapTotal:        720184 kB
SwapFree:         720156 kB
Dirty:               128 kB
Writeback:             0 kB
AnonPages:        987676 kB
Mapped:           698860 kB
Shmem:             33084 kB
Slab:             120724 kB
SReclaimable:      35772 kB
SUnreclaim:        84952 kB
KernelStack:       33936 kB
PageTables:        57960 kB
NFS_Unstable:          0 kB
Bounce:                0 kB
WritebackTmp:          0 kB
CommitLimit:     2172840 kB
Committed_AS:   92821072 kB
VmallocTotal:   251658176 kB
VmallocUsed:      140856 kB
VmallocChunk:   251412524 kB
Time pass: 84 sec

---2015-12-05 14:07:44
MemTotal:        2905316 kB
MemFree:           74244 kB
Buffers:           25728 kB
Cached:          1019204 kB
SwapCached:            0 kB
Active:          1316424 kB
Inactive:         704964 kB
Active(anon):     818184 kB
Inactive(anon):   204136 kB
Active(file):     498240 kB
Inactive(file):   500828 kB
Unevictable:       12768 kB
Mlocked:               0 kB
SwapTotal:        720184 kB
SwapFree:         720156 kB
Dirty:                76 kB
Writeback:            60 kB
AnonPages:        989036 kB
Mapped:           698872 kB
Shmem:             33096 kB
Slab:             120620 kB
SReclaimable:      35772 kB
SUnreclaim:        84848 kB
KernelStack:       34000 kB
PageTables:        58004 kB
NFS_Unstable:          0 kB
Bounce:                0 kB
WritebackTmp:          0 kB
CommitLimit:     2172840 kB
Committed_AS:   92824076 kB
VmallocTotal:   251658176 kB
VmallocUsed:      140856 kB
VmallocChunk:   251412524 kB
Time pass: 88 sec

---2015-12-05 14:07:44
MemTotal:        2905316 kB
MemFree:           72876 kB
Buffers:           25752 kB
Cached:          1019544 kB
SwapCached:            0 kB
Active:          1318036 kB
Inactive:         705268 kB
Active(anon):     819776 kB
Inactive(anon):   204404 kB
Active(file):     498260 kB
Inactive(file):   500864 kB
Unevictable:       12768 kB
Mlocked:               0 kB
SwapTotal:        720184 kB
SwapFree:         720156 kB
Dirty:               140 kB
Writeback:             0 kB
AnonPages:        990544 kB
Mapped:           699168 kB
Shmem:             33368 kB
Slab:             120580 kB
SReclaimable:      35772 kB
SUnreclaim:        84808 kB
KernelStack:       33952 kB
PageTables:        58028 kB
NFS_Unstable:          0 kB
Bounce:                0 kB
WritebackTmp:          0 kB
CommitLimit:     2172840 kB
Committed_AS:   92850780 kB
VmallocTotal:   251658176 kB
VmallocUsed:      140856 kB
VmallocChunk:   251412524 kB
Time pass: 92 sec

---2015-12-05 14:07:44
MemTotal:        2905316 kB
MemFree:           72544 kB
Buffers:           25752 kB
Cached:          1019572 kB
SwapCached:            0 kB
Active:          1317972 kB
Inactive:         705300 kB
Active(anon):     819680 kB
Inactive(anon):   204416 kB
Active(file):     498292 kB
Inactive(file):   500884 kB
Unevictable:       12768 kB
Mlocked:               0 kB
SwapTotal:        720184 kB
SwapFree:         720156 kB
Dirty:                28 kB
Writeback:             0 kB
AnonPages:        990816 kB
Mapped:           699184 kB
Shmem:             33380 kB
Slab:             120732 kB
SReclaimable:      35772 kB
SUnreclaim:        84960 kB
KernelStack:       33952 kB
PageTables:        58036 kB
NFS_Unstable:          0 kB
Bounce:                0 kB
WritebackTmp:          0 kB
CommitLimit:     2172840 kB
Committed_AS:   92850780 kB
VmallocTotal:   251658176 kB
VmallocUsed:      140856 kB
VmallocChunk:   251412524 kB
Time pass: 96 sec

---2015-12-05 14:07:44
MemTotal:        2905316 kB
MemFree:           84160 kB
Buffers:           25760 kB
Cached:          1021516 kB
SwapCached:            0 kB
Active:          1305668 kB
Inactive:         707096 kB
Active(anon):     807112 kB
Inactive(anon):   203852 kB
Active(file):     498556 kB
Inactive(file):   503244 kB
Unevictable:       12768 kB
Mlocked:               0 kB
SwapTotal:        720184 kB
SwapFree:         720156 kB
Dirty:               120 kB
Writeback:             0 kB
AnonPages:        978500 kB
Mapped:           699208 kB
Shmem:             32812 kB
Slab:             120692 kB
SReclaimable:      35756 kB
SUnreclaim:        84936 kB
KernelStack:       33696 kB
PageTables:        57628 kB
NFS_Unstable:          0 kB
Bounce:                0 kB
WritebackTmp:          0 kB
CommitLimit:     2172840 kB
Committed_AS:   92822140 kB
VmallocTotal:   251658176 kB
VmallocUsed:      140856 kB
VmallocChunk:   251412524 kB
Time pass: 99 sec

---2015-12-05 14:07:44
MemTotal:        2905316 kB
MemFree:          357836 kB
Buffers:           25800 kB
Cached:          1024032 kB
SwapCached:            0 kB
Active:          1221788 kB
Inactive:         709352 kB
Active(anon):     723064 kB
Inactive(anon):   204092 kB
Active(file):     498724 kB
Inactive(file):   505260 kB
Unevictable:       12768 kB
Mlocked:               0 kB
SwapTotal:        720184 kB
SwapFree:         720156 kB
Dirty:               280 kB
Writeback:             0 kB
AnonPages:        894292 kB
Mapped:           496676 kB
Shmem:             33064 kB
Slab:             120508 kB
SReclaimable:      35768 kB
SUnreclaim:        84740 kB
KernelStack:       31824 kB
PageTables:        55088 kB
NFS_Unstable:          0 kB
Bounce:                0 kB
WritebackTmp:          0 kB
CommitLimit:     2172840 kB
Committed_AS:   90693828 kB
VmallocTotal:   251658176 kB
VmallocUsed:      137188 kB
VmallocChunk:   251431468 kB
Time pass: 103 sec

---2015-12-05 14:07:44
MemTotal:        2905316 kB
MemFree:          253264 kB
Buffers:           25888 kB
Cached:          1026360 kB
SwapCached:            0 kB
Active:          1253336 kB
Inactive:         708312 kB
Active(anon):     751288 kB
Inactive(anon):   204224 kB
Active(file):     502048 kB
Inactive(file):   504088 kB
Unevictable:       12768 kB
Mlocked:               0 kB
SwapTotal:        720184 kB
SwapFree:         720156 kB
Dirty:              2184 kB
Writeback:             0 kB
AnonPages:        922620 kB
Mapped:           575916 kB
Shmem:             33200 kB
Slab:             120392 kB
SReclaimable:      35800 kB
SUnreclaim:        84592 kB
KernelStack:       32720 kB
PageTables:        56304 kB
NFS_Unstable:          0 kB
Bounce:                0 kB
WritebackTmp:          0 kB
CommitLimit:     2172840 kB
Committed_AS:   91508140 kB
VmallocTotal:   251658176 kB
VmallocUsed:      138908 kB
VmallocChunk:   251431468 kB
Time pass: 107 sec

---2015-12-05 14:07:44
MemTotal:        2905316 kB
MemFree:          170560 kB
Buffers:           25888 kB
Cached:          1028024 kB
SwapCached:            0 kB
Active:          1272584 kB
Inactive:         708620 kB
Active(anon):     769084 kB
Inactive(anon):   204228 kB
Active(file):     503500 kB
Inactive(file):   504392 kB
Unevictable:       12768 kB
Mlocked:               0 kB
SwapTotal:        720184 kB
SwapFree:         720156 kB
Dirty:              2040 kB
Writeback:             0 kB
AnonPages:        940084 kB
Mapped:           622416 kB
Shmem:             33200 kB
Slab:             120436 kB
SReclaimable:      35688 kB
SUnreclaim:        84748 kB
KernelStack:       32736 kB
PageTables:        56572 kB
NFS_Unstable:          0 kB
Bounce:                0 kB
WritebackTmp:          0 kB
CommitLimit:     2172840 kB
Committed_AS:   91527684 kB
VmallocTotal:   251658176 kB
VmallocUsed:      139384 kB
VmallocChunk:   251431468 kB
Time pass: 111 sec

---2015-12-05 14:07:44
MemTotal:        2905316 kB
MemFree:          159984 kB
Buffers:           25896 kB
Cached:          1028028 kB
SwapCached:            0 kB
Active:          1272684 kB
Inactive:         708636 kB
Active(anon):     769136 kB
Inactive(anon):   204228 kB
Active(file):     503548 kB
Inactive(file):   504408 kB
Unevictable:       12768 kB
Mlocked:               0 kB
SwapTotal:        720184 kB
SwapFree:         720156 kB
Dirty:               116 kB
Writeback:             0 kB
AnonPages:        940156 kB
Mapped:           631556 kB
Shmem:             33200 kB
Slab:             120468 kB
SReclaimable:      35688 kB
SUnreclaim:        84780 kB
KernelStack:       32640 kB
PageTables:        56604 kB
NFS_Unstable:          0 kB
Bounce:                0 kB
WritebackTmp:          0 kB
CommitLimit:     2172840 kB
Committed_AS:   91527728 kB
VmallocTotal:   251658176 kB
VmallocUsed:      137040 kB
VmallocChunk:   251431468 kB
Time pass: 114 sec

---2015-12-05 14:07:44
MemTotal:        2905316 kB
MemFree:          141128 kB
Buffers:           25904 kB
Cached:          1028180 kB
SwapCached:            0 kB
Active:          1275068 kB
Inactive:         708640 kB
Active(anon):     771368 kB
Inactive(anon):   204228 kB
Active(file):     503700 kB
Inactive(file):   504412 kB
Unevictable:       12768 kB
Mlocked:               0 kB
SwapTotal:        720184 kB
SwapFree:         720156 kB
Dirty:                80 kB
Writeback:            40 kB
AnonPages:        942420 kB
Mapped:           641324 kB
Shmem:             33200 kB
Slab:             120320 kB
SReclaimable:      35688 kB
SUnreclaim:        84632 kB
KernelStack:       32672 kB
PageTables:        56636 kB
NFS_Unstable:          0 kB
Bounce:                0 kB
WritebackTmp:          0 kB
CommitLimit:     2172840 kB
Committed_AS:   91529084 kB
VmallocTotal:   251658176 kB
VmallocUsed:      137164 kB
VmallocChunk:   251431468 kB
Time pass: 118 sec

---2015-12-05 14:07:44
MemTotal:        2905316 kB
MemFree:          112392 kB
Buffers:           25912 kB
Cached:          1028116 kB
SwapCached:            0 kB
Active:          1281696 kB
Inactive:         708484 kB
Active(anon):     777964 kB
Inactive(anon):   204228 kB
Active(file):     503732 kB
Inactive(file):   504256 kB
Unevictable:       12768 kB
Mlocked:               0 kB
SwapTotal:        720184 kB
SwapFree:         720156 kB
Dirty:               428 kB
Writeback:             0 kB
AnonPages:        949140 kB
Mapped:           652892 kB
Shmem:             33200 kB
Slab:             120484 kB
SReclaimable:      35688 kB
SUnreclaim:        84796 kB
KernelStack:       32672 kB
PageTables:        56648 kB
NFS_Unstable:          0 kB
Bounce:                0 kB
WritebackTmp:          0 kB
CommitLimit:     2172840 kB
Committed_AS:   91559112 kB
VmallocTotal:   251658176 kB
VmallocUsed:      137324 kB
VmallocChunk:   251431468 kB
Time pass: 122 sec

---2015-12-05 14:07:44
MemTotal:        2905316 kB
MemFree:          110964 kB
Buffers:           25920 kB
Cached:          1028292 kB
SwapCached:            0 kB
Active:          1281664 kB
Inactive:         708624 kB
Active(anon):     777832 kB
Inactive(anon):   204272 kB
Active(file):     503832 kB
Inactive(file):   504352 kB
Unevictable:       12768 kB
Mlocked:               0 kB
SwapTotal:        720184 kB
SwapFree:         720156 kB
Dirty:               544 kB
Writeback:             0 kB
AnonPages:        948832 kB
Mapped:           653836 kB
Shmem:             33260 kB
Slab:             120364 kB
SReclaimable:      35688 kB
SUnreclaim:        84676 kB
KernelStack:       32656 kB
PageTables:        56668 kB
NFS_Unstable:          0 kB
Bounce:                0 kB
WritebackTmp:          0 kB
CommitLimit:     2172840 kB
Committed_AS:   91559220 kB
VmallocTotal:   251658176 kB
VmallocUsed:      137348 kB
VmallocChunk:   251431468 kB
Time pass: 126 sec

---2015-12-05 14:07:44
MemTotal:        2905316 kB
MemFree:          110772 kB
Buffers:           25920 kB
Cached:          1028304 kB
SwapCached:            0 kB
Active:          1281232 kB
Inactive:         708632 kB
Active(anon):     777396 kB
Inactive(anon):   204272 kB
Active(file):     503836 kB
Inactive(file):   504360 kB
Unevictable:       12768 kB
Mlocked:               0 kB
SwapTotal:        720184 kB
SwapFree:         720156 kB
Dirty:                 4 kB
Writeback:             0 kB
AnonPages:        948404 kB
Mapped:           653908 kB
Shmem:             33260 kB
Slab:             120416 kB
SReclaimable:      35688 kB
SUnreclaim:        84728 kB
KernelStack:       32624 kB
PageTables:        56692 kB
NFS_Unstable:          0 kB
Bounce:                0 kB
WritebackTmp:          0 kB
CommitLimit:     2172840 kB
Committed_AS:   91559264 kB
VmallocTotal:   251658176 kB
VmallocUsed:      137348 kB
VmallocChunk:   251431468 kB
Time pass: 129 sec

---2015-12-05 14:07:44
MemTotal:        2905316 kB
MemFree:          109572 kB
Buffers:           25928 kB
Cached:          1028308 kB
SwapCached:            0 kB
Active:          1281496 kB
Inactive:         708640 kB
Active(anon):     777660 kB
Inactive(anon):   204272 kB
Active(file):     503836 kB
Inactive(file):   504368 kB
Unevictable:       12768 kB
Mlocked:               0 kB
SwapTotal:        720184 kB
SwapFree:         720156 kB
Dirty:                40 kB
Writeback:             0 kB
AnonPages:        948684 kB
Mapped:           654788 kB
Shmem:             33260 kB
Slab:             120392 kB
SReclaimable:      35688 kB
SUnreclaim:        84704 kB
KernelStack:       32640 kB
PageTables:        56668 kB
NFS_Unstable:          0 kB
Bounce:                0 kB
WritebackTmp:          0 kB
CommitLimit:     2172840 kB
Committed_AS:   91559236 kB
VmallocTotal:   251658176 kB
VmallocUsed:      137348 kB
VmallocChunk:   251431468 kB
Time pass: 133 sec

---2015-12-05 14:07:44
MemTotal:        2905316 kB
MemFree:           96680 kB
Buffers:           25944 kB
Cached:          1028556 kB
SwapCached:            0 kB
Active:          1292596 kB
Inactive:         707852 kB
Active(anon):     787708 kB
Inactive(anon):   204412 kB
Active(file):     504888 kB
Inactive(file):   503440 kB
Unevictable:       12768 kB
Mlocked:               0 kB
SwapTotal:        720184 kB
SwapFree:         720156 kB
Dirty:               196 kB
Writeback:             0 kB
AnonPages:        958808 kB
Mapped:           658664 kB
Shmem:             33404 kB
Slab:             120520 kB
SReclaimable:      35688 kB
SUnreclaim:        84832 kB
KernelStack:       33008 kB
PageTables:        56916 kB
NFS_Unstable:          0 kB
Bounce:                0 kB
WritebackTmp:          0 kB
CommitLimit:     2172840 kB
Committed_AS:   91596164 kB
VmallocTotal:   251658176 kB
VmallocUsed:      139796 kB
VmallocChunk:   251431468 kB
Time pass: 137 sec

---2015-12-05 14:07:44
MemTotal:        2905316 kB
MemFree:           97364 kB
Buffers:           25952 kB
Cached:          1028680 kB
SwapCached:            0 kB
Active:          1292776 kB
Inactive:         707972 kB
Active(anon):     787884 kB
Inactive(anon):   204532 kB
Active(file):     504892 kB
Inactive(file):   503440 kB
Unevictable:       12768 kB
Mlocked:               0 kB
SwapTotal:        720184 kB
SwapFree:         720156 kB
Dirty:                68 kB
Writeback:             0 kB
AnonPages:        958916 kB
Mapped:           658936 kB
Shmem:             33524 kB
Slab:             120456 kB
SReclaimable:      35688 kB
SUnreclaim:        84768 kB
KernelStack:       33008 kB
PageTables:        56916 kB
NFS_Unstable:          0 kB
Bounce:                0 kB
WritebackTmp:          0 kB
CommitLimit:     2172840 kB
Committed_AS:   91596976 kB
VmallocTotal:   251658176 kB
VmallocUsed:      139796 kB
VmallocChunk:   251431468 kB
Time pass: 141 sec

---2015-12-05 14:07:44
MemTotal:        2905316 kB
MemFree:           96484 kB
Buffers:           25952 kB
Cached:          1028708 kB
SwapCached:            0 kB
Active:          1293148 kB
Inactive:         708008 kB
Active(anon):     788256 kB
Inactive(anon):   204556 kB
Active(file):     504892 kB
Inactive(file):   503452 kB
Unevictable:       12768 kB
Mlocked:               0 kB
SwapTotal:        720184 kB
SwapFree:         720156 kB
Dirty:                12 kB
Writeback:             0 kB
AnonPages:        959232 kB
Mapped:           659020 kB
Shmem:             33548 kB
Slab:             120464 kB
SReclaimable:      35688 kB
SUnreclaim:        84776 kB
KernelStack:       33008 kB
PageTables:        56940 kB
NFS_Unstable:          0 kB
Bounce:                0 kB
WritebackTmp:          0 kB
CommitLimit:     2172840 kB
Committed_AS:   91596916 kB
VmallocTotal:   251658176 kB
VmallocUsed:      139796 kB
VmallocChunk:   251431468 kB
Time pass: 144 sec

---2015-12-05 14:07:44
MemTotal:        2905316 kB
MemFree:           95428 kB
Buffers:           25960 kB
Cached:          1028724 kB
SwapCached:            0 kB
Active:          1293540 kB
Inactive:         708024 kB
Active(anon):     788644 kB
Inactive(anon):   204572 kB
Active(file):     504896 kB
Inactive(file):   503452 kB
Unevictable:       12768 kB
Mlocked:               0 kB
SwapTotal:        720184 kB
SwapFree:         720156 kB
Dirty:                20 kB
Writeback:             0 kB
AnonPages:        959672 kB
Mapped:           658976 kB
Shmem:             33564 kB
Slab:             120464 kB
SReclaimable:      35688 kB
SUnreclaim:        84776 kB
KernelStack:       33056 kB
PageTables:        56916 kB
NFS_Unstable:          0 kB
Bounce:                0 kB
WritebackTmp:          0 kB
CommitLimit:     2172840 kB
Committed_AS:   91596916 kB
VmallocTotal:   251658176 kB
VmallocUsed:      139796 kB
VmallocChunk:   251431468 kB
Time pass: 148 sec

---2015-12-05 14:07:44
MemTotal:        2905316 kB
MemFree:           93020 kB
Buffers:           26000 kB
Cached:          1028900 kB
SwapCached:            0 kB
Active:          1300220 kB
Inactive:         708012 kB
Active(anon):     795092 kB
Inactive(anon):   204012 kB
Active(file):     505128 kB
Inactive(file):   504000 kB
Unevictable:       12768 kB
Mlocked:               0 kB
SwapTotal:        720184 kB
SwapFree:         720156 kB
Dirty:               204 kB
Writeback:             0 kB
AnonPages:        966280 kB
Mapped:           659716 kB
Shmem:             33000 kB
Slab:             117700 kB
SReclaimable:      35688 kB
SUnreclaim:        82012 kB
KernelStack:       33104 kB
PageTables:        56648 kB
NFS_Unstable:          0 kB
Bounce:                0 kB
WritebackTmp:          0 kB
CommitLimit:     2172840 kB
Committed_AS:   91400384 kB
VmallocTotal:   251658176 kB
VmallocUsed:      139796 kB
VmallocChunk:   251431468 kB
Time pass: 152 sec

---2015-12-05 14:07:44
MemTotal:        2905316 kB
MemFree:           82908 kB
Buffers:           26032 kB
Cached:          1029108 kB
SwapCached:            0 kB
Active:          1310124 kB
Inactive:         708172 kB
Active(anon):     804920 kB
Inactive(anon):   204072 kB
Active(file):     505204 kB
Inactive(file):   504100 kB
Unevictable:       12768 kB
Mlocked:               0 kB
SwapTotal:        720184 kB
SwapFree:         720156 kB
Dirty:               172 kB
Writeback:             0 kB
AnonPages:        976028 kB
Mapped:           660192 kB
Shmem:             33068 kB
Slab:             117508 kB
SReclaimable:      35704 kB
SUnreclaim:        81804 kB
KernelStack:       33040 kB
PageTables:        56672 kB
NFS_Unstable:          0 kB
Bounce:                0 kB
WritebackTmp:          0 kB
CommitLimit:     2172840 kB
Committed_AS:   91428932 kB
VmallocTotal:   251658176 kB
VmallocUsed:      139796 kB
VmallocChunk:   251431468 kB
Time pass: 156 sec

---2015-12-05 14:07:44
MemTotal:        2905316 kB
MemFree:           84192 kB
Buffers:           26040 kB
Cached:          1029152 kB
SwapCached:            0 kB
Active:          1308460 kB
Inactive:         708224 kB
Active(anon):     803256 kB
Inactive(anon):   204116 kB
Active(file):     505204 kB
Inactive(file):   504108 kB
Unevictable:       12768 kB
Mlocked:               0 kB
SwapTotal:        720184 kB
SwapFree:         720156 kB
Dirty:                68 kB
Writeback:             0 kB
AnonPages:        974376 kB
Mapped:           660244 kB
Shmem:             33112 kB
Slab:             117508 kB
SReclaimable:      35704 kB
SUnreclaim:        81804 kB
KernelStack:       33040 kB
PageTables:        56672 kB
NFS_Unstable:          0 kB
Bounce:                0 kB
WritebackTmp:          0 kB
CommitLimit:     2172840 kB
Committed_AS:   91428932 kB
VmallocTotal:   251658176 kB
VmallocUsed:      139796 kB
VmallocChunk:   251431468 kB
Time pass: 159 sec

---2015-12-05 14:07:44
MemTotal:        2905316 kB
MemFree:           81964 kB
Buffers:           26048 kB
Cached:          1029220 kB
SwapCached:            0 kB
Active:          1309940 kB
Inactive:         708292 kB
Active(anon):     804732 kB
Inactive(anon):   204168 kB
Active(file):     505208 kB
Inactive(file):   504124 kB
Unevictable:       12768 kB
Mlocked:               0 kB
SwapTotal:        720184 kB
SwapFree:         720156 kB
Dirty:                12 kB
Writeback:            40 kB
AnonPages:        975960 kB
Mapped:           660336 kB
Shmem:             33168 kB
Slab:             117508 kB
SReclaimable:      35704 kB
SUnreclaim:        81804 kB
KernelStack:       33008 kB
PageTables:        56676 kB
NFS_Unstable:          0 kB
Bounce:                0 kB
WritebackTmp:          0 kB
CommitLimit:     2172840 kB
Committed_AS:   91428932 kB
VmallocTotal:   251658176 kB
VmallocUsed:      139796 kB
VmallocChunk:   251431468 kB
Time pass: 163 sec

---2015-12-05 14:07:44
MemTotal:        2905316 kB
MemFree:           82416 kB
Buffers:           26064 kB
Cached:          1029312 kB
SwapCached:            0 kB
Active:          1309128 kB
Inactive:         708372 kB
Active(anon):     803888 kB
Inactive(anon):   204184 kB
Active(file):     505240 kB
Inactive(file):   504188 kB
Unevictable:       12768 kB
Mlocked:               0 kB
SwapTotal:        720184 kB
SwapFree:         720156 kB
Dirty:               104 kB
Writeback:             0 kB
AnonPages:        975068 kB
Mapped:           660368 kB
Shmem:             33180 kB
Slab:             117508 kB
SReclaimable:      35704 kB
SUnreclaim:        81804 kB
KernelStack:       33008 kB
PageTables:        56672 kB
NFS_Unstable:          0 kB
Bounce:                0 kB
WritebackTmp:          0 kB
CommitLimit:     2172840 kB
Committed_AS:   91428896 kB
VmallocTotal:   251658176 kB
VmallocUsed:      139796 kB
VmallocChunk:   251431468 kB
Time pass: 167 sec

---2015-12-05 14:07:44
MemTotal:        2905316 kB
MemFree:           92856 kB
Buffers:           26064 kB
Cached:          1028996 kB
SwapCached:            0 kB
Active:          1299732 kB
Inactive:         708036 kB
Active(anon):     794472 kB
Inactive(anon):   203852 kB
Active(file):     505260 kB
Inactive(file):   504184 kB
Unevictable:       12768 kB
Mlocked:               0 kB
SwapTotal:        720184 kB
SwapFree:         720156 kB
Dirty:                12 kB
Writeback:             0 kB
AnonPages:        965628 kB
Mapped:           659924 kB
Shmem:             32844 kB
Slab:             117456 kB
SReclaimable:      35704 kB
SUnreclaim:        81752 kB
KernelStack:       32672 kB
PageTables:        56484 kB
NFS_Unstable:          0 kB
Bounce:                0 kB
WritebackTmp:          0 kB
CommitLimit:     2172840 kB
Committed_AS:   91400304 kB
VmallocTotal:   251658176 kB
VmallocUsed:      139764 kB
VmallocChunk:   251431468 kB
Time pass: 171 sec

---2015-12-05 14:07:44
MemTotal:        2905316 kB
MemFree:           93320 kB
Buffers:           26072 kB
Cached:          1029008 kB
SwapCached:            0 kB
Active:          1300024 kB
Inactive:         708044 kB
Active(anon):     794748 kB
Inactive(anon):   203852 kB
Active(file):     505276 kB
Inactive(file):   504192 kB
Unevictable:       12768 kB
Mlocked:               0 kB
SwapTotal:        720184 kB
SwapFree:         720156 kB
Dirty:                36 kB
Writeback:             0 kB
AnonPages:        965928 kB
Mapped:           659932 kB
Shmem:             32844 kB
Slab:             117456 kB
SReclaimable:      35704 kB
SUnreclaim:        81752 kB
KernelStack:       32656 kB
PageTables:        56484 kB
NFS_Unstable:          0 kB
Bounce:                0 kB
WritebackTmp:          0 kB
CommitLimit:     2172840 kB
Committed_AS:   91400268 kB
VmallocTotal:   251658176 kB
VmallocUsed:      139764 kB
VmallocChunk:   251431468 kB
Time pass: 175 sec

---2015-12-05 14:07:44
MemTotal:        2905316 kB
MemFree:           93144 kB
Buffers:           26080 kB
Cached:          1029012 kB
SwapCached:            0 kB
Active:          1300216 kB
Inactive:         708048 kB
Active(anon):     794940 kB
Inactive(anon):   203852 kB
Active(file):     505276 kB
Inactive(file):   504196 kB
Unevictable:       12768 kB
Mlocked:               0 kB
SwapTotal:        720184 kB
SwapFree:         720156 kB
Dirty:                 8 kB
Writeback:             0 kB
AnonPages:        966064 kB
Mapped:           659936 kB
Shmem:             32844 kB
Slab:             117456 kB
SReclaimable:      35704 kB
SUnreclaim:        81752 kB
KernelStack:       32672 kB
PageTables:        56484 kB
NFS_Unstable:          0 kB
Bounce:                0 kB
WritebackTmp:          0 kB
CommitLimit:     2172840 kB
Committed_AS:   91400268 kB
VmallocTotal:   251658176 kB
VmallocUsed:      139764 kB
VmallocChunk:   251431468 kB
Time pass: 178 sec

---2015-12-05 14:07:44
MemTotal:        2905316 kB
MemFree:           93236 kB
Buffers:           26088 kB
Cached:          1029024 kB
SwapCached:            0 kB
Active:          1300424 kB
Inactive:         708072 kB
Active(anon):     795144 kB
Inactive(anon):   203864 kB
Active(file):     505280 kB
Inactive(file):   504208 kB
Unevictable:       12768 kB
Mlocked:               0 kB
SwapTotal:        720184 kB
SwapFree:         720156 kB
Dirty:                36 kB
Writeback:             0 kB
AnonPages:        966160 kB
Mapped:           659964 kB
Shmem:             32856 kB
Slab:             117456 kB
SReclaimable:      35704 kB
SUnreclaim:        81752 kB
KernelStack:       32656 kB
PageTables:        56508 kB
NFS_Unstable:          0 kB
Bounce:                0 kB
WritebackTmp:          0 kB
CommitLimit:     2172840 kB
Committed_AS:   91426880 kB
VmallocTotal:   251658176 kB
VmallocUsed:      139764 kB
VmallocChunk:   251431468 kB
Time pass: 182 sec

---2015-12-05 14:07:44
MemTotal:        2905316 kB
MemFree:           79856 kB
Buffers:           26088 kB
Cached:          1029072 kB
SwapCached:            0 kB
Active:          1310136 kB
Inactive:         708120 kB
Active(anon):     804856 kB
Inactive(anon):   203912 kB
Active(file):     505280 kB
Inactive(file):   504208 kB
Unevictable:       12768 kB
Mlocked:               0 kB
SwapTotal:        720184 kB
SwapFree:         720156 kB
Dirty:                32 kB
Writeback:             0 kB
AnonPages:        976156 kB
Mapped:           663148 kB
Shmem:             32904 kB
Slab:             117456 kB
SReclaimable:      35704 kB
SUnreclaim:        81752 kB
KernelStack:       32656 kB
PageTables:        56552 kB
NFS_Unstable:          0 kB
Bounce:                0 kB
WritebackTmp:          0 kB
CommitLimit:     2172840 kB
Committed_AS:   91430032 kB
VmallocTotal:   251658176 kB
VmallocUsed:      137380 kB
VmallocChunk:   251431468 kB
Time pass: 186 sec

---2015-12-05 14:07:44
MemTotal:        2905316 kB
MemFree:           80040 kB
Buffers:           26144 kB
Cached:          1029392 kB
SwapCached:            0 kB
Active:          1312860 kB
Inactive:         708408 kB
Active(anon):     807520 kB
Inactive(anon):   204072 kB
Active(file):     505340 kB
Inactive(file):   504336 kB
Unevictable:       12768 kB
Mlocked:               0 kB
SwapTotal:        720184 kB
SwapFree:         720156 kB
Dirty:               112 kB
Writeback:             0 kB
AnonPages:        978472 kB
Mapped:           660432 kB
Shmem:             33092 kB
Slab:             117468 kB
SReclaimable:      35704 kB
SUnreclaim:        81764 kB
KernelStack:       33040 kB
PageTables:        56700 kB
NFS_Unstable:          0 kB
Bounce:                0 kB
WritebackTmp:          0 kB
CommitLimit:     2172840 kB
Committed_AS:   91458640 kB
VmallocTotal:   251658176 kB
VmallocUsed:      139796 kB
VmallocChunk:   251411128 kB
Time pass: 190 sec

---2015-12-05 14:07:44
MemTotal:        2905316 kB
MemFree:           78848 kB
Buffers:           26144 kB
Cached:          1029392 kB
SwapCached:            0 kB
Active:          1313876 kB
Inactive:         708428 kB
Active(anon):     808532 kB
Inactive(anon):   204096 kB
Active(file):     505344 kB
Inactive(file):   504332 kB
Unevictable:       12768 kB
Mlocked:               0 kB
SwapTotal:        720184 kB
SwapFree:         720156 kB
Dirty:                 4 kB
Writeback:             0 kB
AnonPages:        979640 kB
Mapped:           660448 kB
Shmem:             33092 kB
Slab:             117484 kB
SReclaimable:      35720 kB
SUnreclaim:        81764 kB
KernelStack:       33040 kB
PageTables:        56696 kB
NFS_Unstable:          0 kB
Bounce:                0 kB
WritebackTmp:          0 kB
CommitLimit:     2172840 kB
Committed_AS:   91458672 kB
VmallocTotal:   251658176 kB
VmallocUsed:      139796 kB
VmallocChunk:   251411128 kB
Time pass: 193 sec

---2015-12-05 14:07:44
MemTotal:        2905316 kB
MemFree:           78696 kB
Buffers:           26152 kB
Cached:          1029428 kB
SwapCached:            0 kB
Active:          1313596 kB
Inactive:         708468 kB
Active(anon):     808248 kB
Inactive(anon):   204128 kB
Active(file):     505348 kB
Inactive(file):   504340 kB
Unevictable:       12768 kB
Mlocked:               0 kB
SwapTotal:        720184 kB
SwapFree:         720156 kB
Dirty:                64 kB
Writeback:             0 kB
AnonPages:        979248 kB
Mapped:           660488 kB
Shmem:             33124 kB
Slab:             117484 kB
SReclaimable:      35720 kB
SUnreclaim:        81764 kB
KernelStack:       33040 kB
PageTables:        56700 kB
NFS_Unstable:          0 kB
Bounce:                0 kB
WritebackTmp:          0 kB
CommitLimit:     2172840 kB
Committed_AS:   91458672 kB
VmallocTotal:   251658176 kB
VmallocUsed:      139796 kB
VmallocChunk:   251411128 kB
Time pass: 197 sec

---2015-12-05 14:07:44
MemTotal:        2905316 kB
MemFree:           77356 kB
Buffers:           26160 kB
Cached:          1029476 kB
SwapCached:            0 kB
Active:          1314612 kB
Inactive:         708504 kB
Active(anon):     809252 kB
Inactive(anon):   204128 kB
Active(file):     505360 kB
Inactive(file):   504376 kB
Unevictable:       12768 kB
Mlocked:               0 kB
SwapTotal:        720184 kB
SwapFree:         720156 kB
Dirty:                80 kB
Writeback:             0 kB
AnonPages:        980352 kB
Mapped:           660636 kB
Shmem:             33124 kB
Slab:             117452 kB
SReclaimable:      35720 kB
SUnreclaim:        81732 kB
KernelStack:       33024 kB
PageTables:        56700 kB
NFS_Unstable:          0 kB
Bounce:                0 kB
WritebackTmp:          0 kB
CommitLimit:     2172840 kB
Committed_AS:   91458672 kB
VmallocTotal:   251658176 kB
VmallocUsed:      139796 kB
VmallocChunk:   251411128 kB
Time pass: 201 sec

---2015-12-05 14:07:44
MemTotal:        2905316 kB
MemFree:           77716 kB
Buffers:           26168 kB
Cached:          1029480 kB
SwapCached:            0 kB
Active:          1314804 kB
Inactive:         708516 kB
Active(anon):     809436 kB
Inactive(anon):   204128 kB
Active(file):     505368 kB
Inactive(file):   504388 kB
Unevictable:       12768 kB
Mlocked:               0 kB
SwapTotal:        720184 kB
SwapFree:         720156 kB
Dirty:                44 kB
Writeback:             0 kB
AnonPages:        980416 kB
Mapped:           660588 kB
Shmem:             33124 kB
Slab:             117468 kB
SReclaimable:      35736 kB
SUnreclaim:        81732 kB
KernelStack:       33024 kB
PageTables:        56672 kB
NFS_Unstable:          0 kB
Bounce:                0 kB
WritebackTmp:          0 kB
CommitLimit:     2172840 kB
Committed_AS:   91458672 kB
VmallocTotal:   251658176 kB
VmallocUsed:      139796 kB
VmallocChunk:   251411128 kB
Time pass: 205 sec

---2015-12-05 14:07:44
MemTotal:        2905316 kB
MemFree:           77368 kB
Buffers:           26176 kB
Cached:          1029508 kB
SwapCached:            0 kB
Active:          1315844 kB
Inactive:         708540 kB
Active(anon):     810468 kB
Inactive(anon):   204128 kB
Active(file):     505376 kB
Inactive(file):   504412 kB
Unevictable:       12768 kB
Mlocked:               0 kB
SwapTotal:        720184 kB
SwapFree:         720156 kB
Dirty:                 0 kB
Writeback:             0 kB
AnonPages:        981576 kB
Mapped:           660592 kB
Shmem:             33124 kB
Slab:             117468 kB
SReclaimable:      35736 kB
SUnreclaim:        81732 kB
KernelStack:       33024 kB
PageTables:        56676 kB
NFS_Unstable:          0 kB
Bounce:                0 kB
WritebackTmp:          0 kB
CommitLimit:     2172840 kB
Committed_AS:   91458604 kB
VmallocTotal:   251658176 kB
VmallocUsed:      139796 kB
VmallocChunk:   251411128 kB
Time pass: 208 sec

---2015-12-05 14:07:44
MemTotal:        2905316 kB
MemFree:           76568 kB
Buffers:           26176 kB
Cached:          1029584 kB
SwapCached:            0 kB
Active:          1316492 kB
Inactive:         708608 kB
Active(anon):     811104 kB
Inactive(anon):   204176 kB
Active(file):     505388 kB
Inactive(file):   504432 kB
Unevictable:       12768 kB
Mlocked:               0 kB
SwapTotal:        720184 kB
SwapFree:         720156 kB
Dirty:                52 kB
Writeback:            12 kB
AnonPages:        982052 kB
Mapped:           660664 kB
Shmem:             33172 kB
Slab:             117356 kB
SReclaimable:      35624 kB
SUnreclaim:        81732 kB
KernelStack:       32944 kB
PageTables:        56712 kB
NFS_Unstable:          0 kB
Bounce:                0 kB
WritebackTmp:          0 kB
CommitLimit:     2172840 kB
Committed_AS:   91485192 kB
VmallocTotal:   251658176 kB
VmallocUsed:      139796 kB
VmallocChunk:   251411128 kB
Time pass: 212 sec

---2015-12-05 14:07:44
MemTotal:        2905316 kB
MemFree:           68908 kB
Buffers:           26192 kB
Cached:          1030036 kB
SwapCached:            0 kB
Active:          1318704 kB
Inactive:         708864 kB
Active(anon):     813160 kB
Inactive(anon):   204188 kB
Active(file):     505544 kB
Inactive(file):   504676 kB
Unevictable:       12768 kB
Mlocked:               0 kB
SwapTotal:        720184 kB
SwapFree:         720156 kB
Dirty:                44 kB
Writeback:             0 kB
AnonPages:        984268 kB
Mapped:           660848 kB
Shmem:             33184 kB
Slab:             120960 kB
SReclaimable:      38984 kB
SUnreclaim:        81976 kB
KernelStack:       33008 kB
PageTables:        56812 kB
NFS_Unstable:          0 kB
Bounce:                0 kB
WritebackTmp:          0 kB
CommitLimit:     2172840 kB
Committed_AS:   91496768 kB
VmallocTotal:   251658176 kB
VmallocUsed:      140816 kB
VmallocChunk:   251394604 kB
Time pass: 216 sec

---2015-12-05 14:07:44
MemTotal:        2905316 kB
MemFree:           69240 kB
Buffers:           26200 kB
Cached:          1030320 kB
SwapCached:            0 kB
Active:          1317884 kB
Inactive:         709148 kB
Active(anon):     812300 kB
Inactive(anon):   204188 kB
Active(file):     505584 kB
Inactive(file):   504960 kB
Unevictable:       12768 kB
Mlocked:               0 kB
SwapTotal:        720184 kB
SwapFree:         720156 kB
Dirty:                20 kB
Writeback:             0 kB
AnonPages:        983428 kB
Mapped:           660964 kB
Shmem:             33184 kB
Slab:             121484 kB
SReclaimable:      39464 kB
SUnreclaim:        82020 kB
KernelStack:       32976 kB
PageTables:        56772 kB
NFS_Unstable:          0 kB
Bounce:                0 kB
WritebackTmp:          0 kB
CommitLimit:     2172840 kB
Committed_AS:   91491136 kB
VmallocTotal:   251658176 kB
VmallocUsed:      139796 kB
VmallocChunk:   251411128 kB
Time pass: 219 sec

---2015-12-05 14:07:44
MemTotal:        2905316 kB
MemFree:           70292 kB
Buffers:           26216 kB
Cached:          1030244 kB
SwapCached:            0 kB
Active:          1316956 kB
Inactive:         709152 kB
Active(anon):     811348 kB
Inactive(anon):   204144 kB
Active(file):     505608 kB
Inactive(file):   505008 kB
Unevictable:       12768 kB
Mlocked:               0 kB
SwapTotal:        720184 kB
SwapFree:         720156 kB
Dirty:               128 kB
Writeback:             0 kB
AnonPages:        982392 kB
Mapped:           660876 kB
Shmem:             33072 kB
Slab:             121484 kB
SReclaimable:      39468 kB
SUnreclaim:        82016 kB
KernelStack:       33072 kB
PageTables:        56804 kB
NFS_Unstable:          0 kB
Bounce:                0 kB
WritebackTmp:          0 kB
CommitLimit:     2172840 kB
Committed_AS:   91495060 kB
VmallocTotal:   251658176 kB
VmallocUsed:      139796 kB
VmallocChunk:   251411128 kB
Time pass: 223 sec

---2015-12-05 14:07:44
MemTotal:        2905316 kB
MemFree:           68716 kB
Buffers:           26228 kB
Cached:          1030532 kB
SwapCached:            0 kB
Active:          1318248 kB
Inactive:         709352 kB
Active(anon):     812604 kB
Inactive(anon):   204316 kB
Active(file):     505644 kB
Inactive(file):   505036 kB
Unevictable:       12768 kB
Mlocked:               0 kB
SwapTotal:        720184 kB
SwapFree:         720156 kB
Dirty:               108 kB
Writeback:             0 kB
AnonPages:        983700 kB
Mapped:           661108 kB
Shmem:             33312 kB
Slab:             121476 kB
SReclaimable:      39468 kB
SUnreclaim:        82008 kB
KernelStack:       32960 kB
PageTables:        56804 kB
NFS_Unstable:          0 kB
Bounce:                0 kB
WritebackTmp:          0 kB
CommitLimit:     2172840 kB
Committed_AS:   91495052 kB
VmallocTotal:   251658176 kB
VmallocUsed:      139796 kB
VmallocChunk:   251411128 kB
Time pass: 227 sec

---2015-12-05 14:07:44
MemTotal:        2905316 kB
MemFree:           68000 kB
Buffers:           26236 kB
Cached:          1030536 kB
SwapCached:            0 kB
Active:          1319000 kB
Inactive:         709356 kB
Active(anon):     813348 kB
Inactive(anon):   204316 kB
Active(file):     505652 kB
Inactive(file):   505040 kB
Unevictable:       12768 kB
Mlocked:               0 kB
SwapTotal:        720184 kB
SwapFree:         720156 kB
Dirty:                60 kB
Writeback:             0 kB
AnonPages:        984188 kB
Mapped:           661112 kB
Shmem:             33312 kB
Slab:             121476 kB
SReclaimable:      39468 kB
SUnreclaim:        82008 kB
KernelStack:       32960 kB
PageTables:        56808 kB
NFS_Unstable:          0 kB
Bounce:                0 kB
WritebackTmp:          0 kB
CommitLimit:     2172840 kB
Committed_AS:   91495096 kB
VmallocTotal:   251658176 kB
VmallocUsed:      139796 kB
VmallocChunk:   251411128 kB
Time pass: 231 sec

---2015-12-05 14:07:44
MemTotal:        2905316 kB
MemFree:           67496 kB
Buffers:           26244 kB
Cached:          1030636 kB
SwapCached:            0 kB
Active:          1319132 kB
Inactive:         709452 kB
Active(anon):     813468 kB
Inactive(anon):   204400 kB
Active(file):     505664 kB
Inactive(file):   505052 kB
Unevictable:       12768 kB
Mlocked:               0 kB
SwapTotal:        720184 kB
SwapFree:         720156 kB
Dirty:                 8 kB
Writeback:             0 kB
AnonPages:        984308 kB
Mapped:           661212 kB
Shmem:             33396 kB
Slab:             121476 kB
SReclaimable:      39468 kB
SUnreclaim:        82008 kB
KernelStack:       32960 kB
PageTables:        56808 kB
NFS_Unstable:          0 kB
Bounce:                0 kB
WritebackTmp:          0 kB
CommitLimit:     2172840 kB
Committed_AS:   91495120 kB
VmallocTotal:   251658176 kB
VmallocUsed:      139796 kB
VmallocChunk:   251411128 kB
Time pass: 234 sec

---2015-12-05 14:07:44
MemTotal:        2905316 kB
MemFree:           66852 kB
Buffers:           26260 kB
Cached:          1023852 kB
SwapCached:            0 kB
Active:          1323516 kB
Inactive:         706720 kB
Active(anon):     821644 kB
Inactive(anon):   204800 kB
Active(file):     501872 kB
Inactive(file):   501920 kB
Unevictable:       12768 kB
Mlocked:               0 kB
SwapTotal:        720184 kB
SwapFree:         720156 kB
Dirty:               108 kB
Writeback:             0 kB
AnonPages:        993164 kB
Mapped:           661220 kB
Shmem:             33396 kB
Slab:             121492 kB
SReclaimable:      39484 kB
SUnreclaim:        82008 kB
KernelStack:       33008 kB
PageTables:        56816 kB
NFS_Unstable:          0 kB
Bounce:                0 kB
WritebackTmp:          0 kB
CommitLimit:     2172840 kB
Committed_AS:   91505884 kB
VmallocTotal:   251658176 kB
VmallocUsed:      139796 kB
VmallocChunk:   251411128 kB
Time pass: 238 sec

---2015-12-05 14:07:44
MemTotal:        2905316 kB
MemFree:           69712 kB
Buffers:           26276 kB
Cached:          1023568 kB
SwapCached:            0 kB
Active:          1321836 kB
Inactive:         706432 kB
Active(anon):     819928 kB
Inactive(anon):   204392 kB
Active(file):     501908 kB
Inactive(file):   502040 kB
Unevictable:       12768 kB
Mlocked:               0 kB
SwapTotal:        720184 kB
SwapFree:         720156 kB
Dirty:               136 kB
Writeback:             0 kB
AnonPages:        991268 kB
Mapped:           660964 kB
Shmem:             33128 kB
Slab:             121556 kB
SReclaimable:      39516 kB
SUnreclaim:        82040 kB
KernelStack:       32976 kB
PageTables:        56800 kB
NFS_Unstable:          0 kB
Bounce:                0 kB
WritebackTmp:          0 kB
CommitLimit:     2172840 kB
Committed_AS:   91532580 kB
VmallocTotal:   251658176 kB
VmallocUsed:      139796 kB
VmallocChunk:   251411128 kB
Time pass: 242 sec

---2015-12-05 14:07:44
MemTotal:        2905316 kB
MemFree:           67956 kB
Buffers:           26276 kB
Cached:          1023628 kB
SwapCached:            0 kB
Active:          1322468 kB
Inactive:         706492 kB
Active(anon):     820552 kB
Inactive(anon):   204460 kB
Active(file):     501916 kB
Inactive(file):   502032 kB
Unevictable:       12768 kB
Mlocked:               0 kB
SwapTotal:        720184 kB
SwapFree:         720156 kB
Dirty:                12 kB
Writeback:             0 kB
AnonPages:        991980 kB
Mapped:           661036 kB
Shmem:             33188 kB
Slab:             121556 kB
SReclaimable:      39516 kB
SUnreclaim:        82040 kB
KernelStack:       32944 kB
PageTables:        56840 kB
NFS_Unstable:          0 kB
Bounce:                0 kB
WritebackTmp:          0 kB
CommitLimit:     2172840 kB
Committed_AS:   91532580 kB
VmallocTotal:   251658176 kB
VmallocUsed:      139796 kB
VmallocChunk:   251411128 kB
Time pass: 246 sec

---2015-12-05 14:07:44
MemTotal:        2905316 kB
MemFree:           66976 kB
Buffers:           26284 kB
Cached:          1023640 kB
SwapCached:            0 kB
Active:          1323204 kB
Inactive:         706508 kB
Active(anon):     821284 kB
Inactive(anon):   204468 kB
Active(file):     501920 kB
Inactive(file):   502040 kB
Unevictable:       12768 kB
Mlocked:               0 kB
SwapTotal:        720184 kB
SwapFree:         720156 kB
Dirty:                 0 kB
Writeback:             0 kB
AnonPages:        992740 kB
Mapped:           661048 kB
Shmem:             33196 kB
Slab:             121556 kB
SReclaimable:      39516 kB
SUnreclaim:        82040 kB
KernelStack:       32928 kB
PageTables:        56840 kB
NFS_Unstable:          0 kB
Bounce:                0 kB
WritebackTmp:          0 kB
CommitLimit:     2172840 kB
Committed_AS:   91532592 kB
VmallocTotal:   251658176 kB
VmallocUsed:      139796 kB
VmallocChunk:   251411128 kB
Time pass: 249 sec

---2015-12-05 14:07:44
MemTotal:        2905316 kB
MemFree:           66344 kB
Buffers:           26308 kB
Cached:          1023620 kB
SwapCached:            0 kB
Active:          1324104 kB
Inactive:         706512 kB
Active(anon):     822184 kB
Inactive(anon):   204472 kB
Active(file):     501920 kB
Inactive(file):   502040 kB
Unevictable:       12768 kB
Mlocked:               0 kB
SwapTotal:        720184 kB
SwapFree:         720156 kB
Dirty:                 4 kB
Writeback:             0 kB
AnonPages:        993844 kB
Mapped:           661060 kB
Shmem:             33200 kB
Slab:             121556 kB
SReclaimable:      39516 kB
SUnreclaim:        82040 kB
KernelStack:       32944 kB
PageTables:        56836 kB
NFS_Unstable:          0 kB
Bounce:                0 kB
WritebackTmp:          0 kB
CommitLimit:     2172840 kB
Committed_AS:   91532580 kB
VmallocTotal:   251658176 kB
VmallocUsed:      139796 kB
VmallocChunk:   251411128 kB
Time pass: 253 sec

---2015-12-05 14:07:44
MemTotal:        2905316 kB
MemFree:           65156 kB
Buffers:           26308 kB
Cached:          1023816 kB
SwapCached:            0 kB
Active:          1325612 kB
Inactive:         706684 kB
Active(anon):     823672 kB
Inactive(anon):   204472 kB
Active(file):     501940 kB
Inactive(file):   502212 kB
Unevictable:       12768 kB
Mlocked:               0 kB
SwapTotal:        720184 kB
SwapFree:         720156 kB
Dirty:               116 kB
Writeback:             0 kB
AnonPages:        994688 kB
Mapped:           661112 kB
Shmem:             33200 kB
Slab:             121524 kB
SReclaimable:      39516 kB
SUnreclaim:        82008 kB
KernelStack:       32896 kB
PageTables:        56816 kB
NFS_Unstable:          0 kB
Bounce:                0 kB
WritebackTmp:          0 kB
CommitLimit:     2172840 kB
Committed_AS:   91532580 kB
VmallocTotal:   251658176 kB
VmallocUsed:      139796 kB
VmallocChunk:   251411128 kB
Time pass: 257 sec

---2015-12-05 14:07:44
MemTotal:        2905316 kB
MemFree:           74312 kB
Buffers:           26316 kB
Cached:          1023820 kB
SwapCached:            0 kB
Active:          1316084 kB
Inactive:         706692 kB
Active(anon):     814136 kB
Inactive(anon):   204472 kB
Active(file):     501948 kB
Inactive(file):   502220 kB
Unevictable:       12768 kB
Mlocked:               0 kB
SwapTotal:        720184 kB
SwapFree:         720156 kB
Dirty:                12 kB
Writeback:             0 kB
AnonPages:        985380 kB
Mapped:           661204 kB
Shmem:             33200 kB
Slab:             121524 kB
SReclaimable:      39516 kB
SUnreclaim:        82008 kB
KernelStack:       32896 kB
PageTables:        56820 kB
NFS_Unstable:          0 kB
Bounce:                0 kB
WritebackTmp:          0 kB
CommitLimit:     2172840 kB
Committed_AS:   91532568 kB
VmallocTotal:   251658176 kB
VmallocUsed:      139796 kB
VmallocChunk:   251411128 kB
Time pass: 261 sec

---2015-12-05 14:07:44
MemTotal:        2905316 kB
MemFree:           74372 kB
Buffers:           26324 kB
Cached:          1023852 kB
SwapCached:            0 kB
Active:          1316724 kB
Inactive:         706728 kB
Active(anon):     814772 kB
Inactive(anon):   204472 kB
Active(file):     501952 kB
Inactive(file):   502256 kB
Unevictable:       12768 kB
Mlocked:               0 kB
SwapTotal:        720184 kB
SwapFree:         720156 kB
Dirty:                72 kB
Writeback:             0 kB
AnonPages:        986264 kB
Mapped:           661216 kB
Shmem:             33200 kB
Slab:             121524 kB
SReclaimable:      39516 kB
SUnreclaim:        82008 kB
KernelStack:       32896 kB
PageTables:        56820 kB
NFS_Unstable:          0 kB
Bounce:                0 kB
WritebackTmp:          0 kB
CommitLimit:     2172840 kB
Committed_AS:   91532520 kB
VmallocTotal:   251658176 kB
VmallocUsed:      139796 kB
VmallocChunk:   251411128 kB
Time pass: 264 sec

---2015-12-05 14:07:44
MemTotal:        2905316 kB
MemFree:           70548 kB
Buffers:           26356 kB
Cached:          1023912 kB
SwapCached:            0 kB
Active:          1319368 kB
Inactive:         706780 kB
Active(anon):     817376 kB
Inactive(anon):   204472 kB
Active(file):     501992 kB
Inactive(file):   502308 kB
Unevictable:       12768 kB
Mlocked:               0 kB
SwapTotal:        720184 kB
SwapFree:         720156 kB
Dirty:               148 kB
Writeback:             0 kB
AnonPages:        988656 kB
Mapped:           661280 kB
Shmem:             33200 kB
Slab:             121576 kB
SReclaimable:      39516 kB
SUnreclaim:        82060 kB
KernelStack:       32864 kB
PageTables:        56844 kB
NFS_Unstable:          0 kB
Bounce:                0 kB
WritebackTmp:          0 kB
CommitLimit:     2172840 kB
Committed_AS:   91532580 kB
VmallocTotal:   251658176 kB
VmallocUsed:      139796 kB
VmallocChunk:   251411128 kB
Time pass: 268 sec

---2015-12-05 14:07:44
MemTotal:        2905316 kB
MemFree:           70376 kB
Buffers:           26364 kB
Cached:          1023948 kB
SwapCached:            0 kB
Active:          1320224 kB
Inactive:         706820 kB
Active(anon):     818228 kB
Inactive(anon):   204500 kB
Active(file):     501996 kB
Inactive(file):   502320 kB
Unevictable:       12768 kB
Mlocked:               0 kB
SwapTotal:        720184 kB
SwapFree:         720156 kB
Dirty:                68 kB
Writeback:             0 kB
AnonPages:        989576 kB
Mapped:           661268 kB
Shmem:             33228 kB
Slab:             121576 kB
SReclaimable:      39516 kB
SUnreclaim:        82060 kB
KernelStack:       32896 kB
PageTables:        56824 kB
NFS_Unstable:          0 kB
Bounce:                0 kB
WritebackTmp:          0 kB
CommitLimit:     2172840 kB
Committed_AS:   91559192 kB
VmallocTotal:   251658176 kB
VmallocUsed:      139796 kB
VmallocChunk:   251411128 kB
Time pass: 272 sec

---2015-12-05 14:07:44
MemTotal:        2905316 kB
MemFree:           69544 kB
Buffers:           26372 kB
Cached:          1024012 kB
SwapCached:            0 kB
Active:          1320456 kB
Inactive:         706888 kB
Active(anon):     818456 kB
Inactive(anon):   204560 kB
Active(file):     502000 kB
Inactive(file):   502328 kB
Unevictable:       12768 kB
Mlocked:               0 kB
SwapTotal:        720184 kB
SwapFree:         720156 kB
Dirty:                20 kB
Writeback:             0 kB
AnonPages:        989820 kB
Mapped:           661332 kB
Shmem:             33288 kB
Slab:             121576 kB
SReclaimable:      39516 kB
SUnreclaim:        82060 kB
KernelStack:       32896 kB
PageTables:        56876 kB
NFS_Unstable:          0 kB
Bounce:                0 kB
WritebackTmp:          0 kB
CommitLimit:     2172840 kB
Committed_AS:   91559168 kB
VmallocTotal:   251658176 kB
VmallocUsed:      139796 kB
VmallocChunk:   251411128 kB
Time pass: 276 sec

---2015-12-05 14:07:44
MemTotal:        2905316 kB
MemFree:           73448 kB
Buffers:           26396 kB
Cached:          1024096 kB
SwapCached:            0 kB
Active:          1316264 kB
Inactive:         706988 kB
Active(anon):     814256 kB
Inactive(anon):   204564 kB
Active(file):     502008 kB
Inactive(file):   502424 kB
Unevictable:       12768 kB
Mlocked:               0 kB
SwapTotal:        720184 kB
SwapFree:         720156 kB
Dirty:               140 kB
Writeback:             0 kB
AnonPages:        985648 kB
Mapped:           661368 kB
Shmem:             33292 kB
Slab:             121576 kB
SReclaimable:      39516 kB
SUnreclaim:        82060 kB
KernelStack:       32896 kB
PageTables:        56876 kB
NFS_Unstable:          0 kB
Bounce:                0 kB
WritebackTmp:          0 kB
CommitLimit:     2172840 kB
Committed_AS:   91559192 kB
VmallocTotal:   251658176 kB
VmallocUsed:      139796 kB
VmallocChunk:   251411128 kB
Time pass: 279 sec

---2015-12-05 14:07:44
MemTotal:        2905316 kB
MemFree:           79504 kB
Buffers:           26404 kB
Cached:          1024096 kB
SwapCached:            0 kB
Active:          1310224 kB
Inactive:         706992 kB
Active(anon):     808212 kB
Inactive(anon):   204564 kB
Active(file):     502012 kB
Inactive(file):   502428 kB
Unevictable:       12768 kB
Mlocked:               0 kB
SwapTotal:        720184 kB
SwapFree:         720156 kB
Dirty:                56 kB
Writeback:             0 kB
AnonPages:        979392 kB
Mapped:           661372 kB
Shmem:             33292 kB
Slab:             121576 kB
SReclaimable:      39516 kB
SUnreclaim:        82060 kB
KernelStack:       32880 kB
PageTables:        56864 kB
NFS_Unstable:          0 kB
Bounce:                0 kB
WritebackTmp:          0 kB
CommitLimit:     2172840 kB
Committed_AS:   91559204 kB
VmallocTotal:   251658176 kB
VmallocUsed:      139796 kB
VmallocChunk:   251411128 kB
Time pass: 283 sec

---2015-12-05 14:07:44
MemTotal:        2905316 kB
MemFree:           79556 kB
Buffers:           26404 kB
Cached:          1024100 kB
SwapCached:            0 kB
Active:          1310312 kB
Inactive:         706996 kB
Active(anon):     808300 kB
Inactive(anon):   204568 kB
Active(file):     502012 kB
Inactive(file):   502428 kB
Unevictable:       12768 kB
Mlocked:               0 kB
SwapTotal:        720184 kB
SwapFree:         720156 kB
Dirty:                 0 kB
Writeback:             0 kB
AnonPages:        979656 kB
Mapped:           661380 kB
Shmem:             33296 kB
Slab:             121576 kB
SReclaimable:      39516 kB
SUnreclaim:        82060 kB
KernelStack:       32864 kB
PageTables:        56872 kB
NFS_Unstable:          0 kB
Bounce:                0 kB
WritebackTmp:          0 kB
CommitLimit:     2172840 kB
Committed_AS:   91559204 kB
VmallocTotal:   251658176 kB
VmallocUsed:      139796 kB
VmallocChunk:   251411128 kB
Time pass: 287 sec

---2015-12-05 14:07:44
MemTotal:        2905316 kB
MemFree:           79264 kB
Buffers:           26428 kB
Cached:          1024132 kB
SwapCached:            0 kB
Active:          1310988 kB
Inactive:         707040 kB
Active(anon):     808964 kB
Inactive(anon):   204568 kB
Active(file):     502024 kB
Inactive(file):   502472 kB
Unevictable:       12768 kB
Mlocked:               0 kB
SwapTotal:        720184 kB
SwapFree:         720156 kB
Dirty:                92 kB
Writeback:             0 kB
AnonPages:        980192 kB
Mapped:           661400 kB
Shmem:             33296 kB
Slab:             121528 kB
SReclaimable:      39468 kB
SUnreclaim:        82060 kB
KernelStack:       32848 kB
PageTables:        56872 kB
NFS_Unstable:          0 kB
Bounce:                0 kB
WritebackTmp:          0 kB
CommitLimit:     2172840 kB
Committed_AS:   91559108 kB
VmallocTotal:   251658176 kB
VmallocUsed:      139796 kB
VmallocChunk:   251411128 kB
Time pass: 291 sec

---2015-12-05 14:07:44
MemTotal:        2905316 kB
MemFree:           78760 kB
Buffers:           26436 kB
Cached:          1024136 kB
SwapCached:            0 kB
Active:          1311632 kB
Inactive:         707052 kB
Active(anon):     809608 kB
Inactive(anon):   204572 kB
Active(file):     502024 kB
Inactive(file):   502480 kB
Unevictable:       12768 kB
Mlocked:               0 kB
SwapTotal:        720184 kB
SwapFree:         720156 kB
Dirty:                52 kB
Writeback:             0 kB
AnonPages:        980816 kB
Mapped:           661408 kB
Shmem:             33300 kB
Slab:             121528 kB
SReclaimable:      39468 kB
SUnreclaim:        82060 kB
KernelStack:       32848 kB
PageTables:        56868 kB
NFS_Unstable:          0 kB
Bounce:                0 kB
WritebackTmp:          0 kB
CommitLimit:     2172840 kB
Committed_AS:   91559096 kB
VmallocTotal:   251658176 kB
VmallocUsed:      139796 kB
VmallocChunk:   251411128 kB
Time pass: 295 sec

---2015-12-05 14:07:44
MemTotal:        2905316 kB
MemFree:           78268 kB
Buffers:           26436 kB
Cached:          1024168 kB
SwapCached:            0 kB
Active:          1311748 kB
Inactive:         707072 kB
Active(anon):     809716 kB
Inactive(anon):   204576 kB
Active(file):     502032 kB
Inactive(file):   502496 kB
Unevictable:       12768 kB
Mlocked:               0 kB
SwapTotal:        720184 kB
SwapFree:         720156 kB
Dirty:                 4 kB
Writeback:             0 kB
AnonPages:        981036 kB
Mapped:           661368 kB
Shmem:             33308 kB
Slab:             121528 kB
SReclaimable:      39468 kB
SUnreclaim:        82060 kB
KernelStack:       32848 kB
PageTables:        56848 kB
NFS_Unstable:          0 kB
Bounce:                0 kB
WritebackTmp:          0 kB
CommitLimit:     2172840 kB
Committed_AS:   91559156 kB
VmallocTotal:   251658176 kB
VmallocUsed:      139796 kB
VmallocChunk:   251411128 kB
Time pass: 298 sec

---2015-12-05 14:07:44
MemTotal:        2905316 kB
MemFree:           77436 kB
Buffers:           26460 kB
Cached:          1024212 kB
SwapCached:            0 kB
Active:          1312668 kB
Inactive:         707116 kB
Active(anon):     810636 kB
Inactive(anon):   204604 kB
Active(file):     502032 kB
Inactive(file):   502512 kB
Unevictable:       12768 kB
Mlocked:               0 kB
SwapTotal:        720184 kB
SwapFree:         720156 kB
Dirty:                88 kB
Writeback:            16 kB
AnonPages:        982196 kB
Mapped:           661452 kB
Shmem:             33332 kB
Slab:             121528 kB
SReclaimable:      39468 kB
SUnreclaim:        82060 kB
KernelStack:       32848 kB
PageTables:        56896 kB
NFS_Unstable:          0 kB
Bounce:                0 kB
WritebackTmp:          0 kB
CommitLimit:     2172840 kB
Committed_AS:   91585744 kB
VmallocTotal:   251658176 kB
VmallocUsed:      139796 kB
VmallocChunk:   251411128 kB
Time pass: 302 sec

---2015-12-05 14:07:44
MemTotal:        2905316 kB
MemFree:           76552 kB
Buffers:           26460 kB
Cached:          1024288 kB
SwapCached:            0 kB
Active:          1312948 kB
Inactive:         707212 kB
Active(anon):     810908 kB
Inactive(anon):   204668 kB
Active(file):     502040 kB
Inactive(file):   502544 kB
Unevictable:       12768 kB
Mlocked:               0 kB
SwapTotal:        720184 kB
SwapFree:         720156 kB
Dirty:                72 kB
Writeback:             0 kB
AnonPages:        982272 kB
Mapped:           661516 kB
Shmem:             33396 kB
Slab:             121524 kB
SReclaimable:      39468 kB
SUnreclaim:        82056 kB
KernelStack:       32848 kB
PageTables:        56920 kB
NFS_Unstable:          0 kB
Bounce:                0 kB
WritebackTmp:          0 kB
CommitLimit:     2172840 kB
Committed_AS:   91585720 kB
VmallocTotal:   251658176 kB
VmallocUsed:      139796 kB
VmallocChunk:   251411128 kB
Time pass: 306 sec

---2015-12-05 14:07:44
MemTotal:        2905316 kB
MemFree:           76700 kB
Buffers:           26468 kB
Cached:          1024288 kB
SwapCached:            0 kB
Active:          1313224 kB
Inactive:         707220 kB
Active(anon):     811184 kB
Inactive(anon):   204668 kB
Active(file):     502040 kB
Inactive(file):   502552 kB
Unevictable:       12768 kB
Mlocked:               0 kB
SwapTotal:        720184 kB
SwapFree:         720156 kB
Dirty:                 4 kB
Writeback:             0 kB
AnonPages:        982440 kB
Mapped:           661520 kB
Shmem:             33396 kB
Slab:             121524 kB
SReclaimable:      39468 kB
SUnreclaim:        82056 kB
KernelStack:       32848 kB
PageTables:        56920 kB
NFS_Unstable:          0 kB
Bounce:                0 kB
WritebackTmp:          0 kB
CommitLimit:     2172840 kB
Committed_AS:   91585732 kB
VmallocTotal:   251658176 kB
VmallocUsed:      139796 kB
VmallocChunk:   251411128 kB
Time pass: 309 sec

---2015-12-05 14:07:44
MemTotal:        2905316 kB
MemFree:           76440 kB
Buffers:           26492 kB
Cached:          1024316 kB
SwapCached:            0 kB
Active:          1313636 kB
Inactive:         707272 kB
Active(anon):     811596 kB
Inactive(anon):   204668 kB
Active(file):     502040 kB
Inactive(file):   502604 kB
Unevictable:       12768 kB
Mlocked:               0 kB
SwapTotal:        720184 kB
SwapFree:         720156 kB
Dirty:                96 kB
Writeback:             0 kB
AnonPages:        983004 kB
Mapped:           661524 kB
Shmem:             33396 kB
Slab:             121524 kB
SReclaimable:      39468 kB
SUnreclaim:        82056 kB
KernelStack:       32800 kB
PageTables:        56924 kB
NFS_Unstable:          0 kB
Bounce:                0 kB
WritebackTmp:          0 kB
CommitLimit:     2172840 kB
Committed_AS:   91585720 kB
VmallocTotal:   251658176 kB
VmallocUsed:      139796 kB
VmallocChunk:   251411128 kB
Time pass: 313 sec

---2015-12-05 14:07:44
MemTotal:        2905316 kB
MemFree:           75796 kB
Buffers:           26500 kB
Cached:          1024324 kB
SwapCached:            0 kB
Active:          1314284 kB
Inactive:         707280 kB
Active(anon):     812236 kB
Inactive(anon):   204668 kB
Active(file):     502048 kB
Inactive(file):   502612 kB
Unevictable:       12768 kB
Mlocked:               0 kB
SwapTotal:        720184 kB
SwapFree:         720156 kB
Dirty:               112 kB
Writeback:             0 kB
AnonPages:        983184 kB
Mapped:           661536 kB
Shmem:             33396 kB
Slab:             121524 kB
SReclaimable:      39468 kB
SUnreclaim:        82056 kB
KernelStack:       32832 kB
PageTables:        56924 kB
NFS_Unstable:          0 kB
Bounce:                0 kB
WritebackTmp:          0 kB
CommitLimit:     2172840 kB
Committed_AS:   91585704 kB
VmallocTotal:   251658176 kB
VmallocUsed:      139796 kB
VmallocChunk:   251411128 kB
Time pass: 317 sec

---2015-12-05 14:07:44
MemTotal:        2905316 kB
MemFree:           75220 kB
Buffers:           26500 kB
Cached:          1024336 kB
SwapCached:            0 kB
Active:          1314724 kB
Inactive:         707288 kB
Active(anon):     812672 kB
Inactive(anon):   204672 kB
Active(file):     502052 kB
Inactive(file):   502616 kB
Unevictable:       12768 kB
Mlocked:               0 kB
SwapTotal:        720184 kB
SwapFree:         720156 kB
Dirty:                16 kB
Writeback:             0 kB
AnonPages:        983776 kB
Mapped:           661624 kB
Shmem:             33400 kB
Slab:             121524 kB
SReclaimable:      39468 kB
SUnreclaim:        82056 kB
KernelStack:       32848 kB
PageTables:        56928 kB
NFS_Unstable:          0 kB
Bounce:                0 kB
WritebackTmp:          0 kB
CommitLimit:     2172840 kB
Committed_AS:   91585664 kB
VmallocTotal:   251658176 kB
VmallocUsed:      139796 kB
VmallocChunk:   251411128 kB
Time pass: 321 sec

---2015-12-05 14:07:44
MemTotal:        2905316 kB
MemFree:           74980 kB
Buffers:           26508 kB
Cached:          1024340 kB
SwapCached:            0 kB
Active:          1314120 kB
Inactive:         707292 kB
Active(anon):     812060 kB
Inactive(anon):   204672 kB
Active(file):     502060 kB
Inactive(file):   502620 kB
Unevictable:       12768 kB
Mlocked:               0 kB
SwapTotal:        720184 kB
SwapFree:         720156 kB
Dirty:                20 kB
Writeback:             0 kB
AnonPages:        983412 kB
Mapped:           661636 kB
Shmem:             33400 kB
Slab:             121524 kB
SReclaimable:      39468 kB
SUnreclaim:        82056 kB
KernelStack:       32832 kB
PageTables:        56932 kB
NFS_Unstable:          0 kB
Bounce:                0 kB
WritebackTmp:          0 kB
CommitLimit:     2172840 kB
Committed_AS:   91585720 kB
VmallocTotal:   251658176 kB
VmallocUsed:      139796 kB
VmallocChunk:   251411128 kB
Time pass: 324 sec

---2015-12-05 14:07:44
MemTotal:        2905316 kB
MemFree:           75156 kB
Buffers:           26532 kB
Cached:          1024380 kB
SwapCached:            0 kB
Active:          1314892 kB
Inactive:         707336 kB
Active(anon):     812824 kB
Inactive(anon):   204672 kB
Active(file):     502068 kB
Inactive(file):   502664 kB
Unevictable:       12768 kB
Mlocked:               0 kB
SwapTotal:        720184 kB
SwapFree:         720156 kB
Dirty:                68 kB
Writeback:             0 kB
AnonPages:        984196 kB
Mapped:           661652 kB
Shmem:             33400 kB
Slab:             121516 kB
SReclaimable:      39468 kB
SUnreclaim:        82048 kB
KernelStack:       32800 kB
PageTables:        56928 kB
NFS_Unstable:          0 kB
Bounce:                0 kB
WritebackTmp:          0 kB
CommitLimit:     2172840 kB
Committed_AS:   91585732 kB
VmallocTotal:   251658176 kB
VmallocUsed:      139796 kB
VmallocChunk:   251411128 kB
Time pass: 328 sec

---2015-12-05 14:07:44
MemTotal:        2905316 kB
MemFree:           73748 kB
Buffers:           26532 kB
Cached:          1024384 kB
SwapCached:            0 kB
Active:          1315608 kB
Inactive:         707348 kB
Active(anon):     813536 kB
Inactive(anon):   204676 kB
Active(file):     502072 kB
Inactive(file):   502672 kB
Unevictable:       12768 kB
Mlocked:               0 kB
SwapTotal:        720184 kB
SwapFree:         720156 kB
Dirty:                68 kB
Writeback:             0 kB
AnonPages:        984564 kB
Mapped:           661668 kB
Shmem:             33404 kB
Slab:             121516 kB
SReclaimable:      39468 kB
SUnreclaim:        82048 kB
KernelStack:       32832 kB
PageTables:        56928 kB
NFS_Unstable:          0 kB
Bounce:                0 kB
WritebackTmp:          0 kB
CommitLimit:     2172840 kB
Committed_AS:   91612356 kB
VmallocTotal:   251658176 kB
VmallocUsed:      139796 kB
VmallocChunk:   251411128 kB
Time pass: 332 sec

---2015-12-05 14:07:44
MemTotal:        2905316 kB
MemFree:           73868 kB
Buffers:           26540 kB
Cached:          1024448 kB
SwapCached:            0 kB
Active:          1315556 kB
Inactive:         707420 kB
Active(anon):     813484 kB
Inactive(anon):   204736 kB
Active(file):     502072 kB
Inactive(file):   502684 kB
Unevictable:       12768 kB
Mlocked:               0 kB
SwapTotal:        720184 kB
SwapFree:         720156 kB
Dirty:                24 kB
Writeback:             0 kB
AnonPages:        984884 kB
Mapped:           661732 kB
Shmem:             33464 kB
Slab:             121524 kB
SReclaimable:      39468 kB
SUnreclaim:        82056 kB
KernelStack:       32832 kB
PageTables:        56980 kB
NFS_Unstable:          0 kB
Bounce:                0 kB
WritebackTmp:          0 kB
CommitLimit:     2172840 kB
Committed_AS:   91612356 kB
VmallocTotal:   251658176 kB
VmallocUsed:      139796 kB
VmallocChunk:   251411128 kB
Time pass: 336 sec

---2015-12-05 14:07:44
MemTotal:        2905316 kB
MemFree:           72960 kB
Buffers:           26556 kB
Cached:          1024508 kB
SwapCached:            0 kB
Active:          1316336 kB
Inactive:         707480 kB
Active(anon):     814248 kB
Inactive(anon):   204764 kB
Active(file):     502088 kB
Inactive(file):   502716 kB
Unevictable:       12768 kB
Mlocked:               0 kB
SwapTotal:        720184 kB
SwapFree:         720156 kB
Dirty:                20 kB
Writeback:             0 kB
AnonPages:        985524 kB
Mapped:           661824 kB
Shmem:             33492 kB
Slab:             121524 kB
SReclaimable:      39468 kB
SUnreclaim:        82056 kB
KernelStack:       32832 kB
PageTables:        57004 kB
NFS_Unstable:          0 kB
Bounce:                0 kB
WritebackTmp:          0 kB
CommitLimit:     2172840 kB
Committed_AS:   91612344 kB
VmallocTotal:   251658176 kB
VmallocUsed:      139796 kB
VmallocChunk:   251411128 kB
Time pass: 339 sec

---2015-12-05 14:07:44
MemTotal:        2905316 kB
MemFree:           73032 kB
Buffers:           26564 kB
Cached:          1024516 kB
SwapCached:            0 kB
Active:          1316548 kB
Inactive:         707492 kB
Active(anon):     814456 kB
Inactive(anon):   204768 kB
Active(file):     502092 kB
Inactive(file):   502724 kB
Unevictable:       12768 kB
Mlocked:               0 kB
SwapTotal:        720184 kB
SwapFree:         720156 kB
Dirty:                68 kB
Writeback:             0 kB
AnonPages:        985720 kB
Mapped:           661780 kB
Shmem:             33496 kB
Slab:             121524 kB
SReclaimable:      39468 kB
SUnreclaim:        82056 kB
KernelStack:       32800 kB
PageTables:        56980 kB
NFS_Unstable:          0 kB
Bounce:                0 kB
WritebackTmp:          0 kB
CommitLimit:     2172840 kB
Committed_AS:   91612368 kB
VmallocTotal:   251658176 kB
VmallocUsed:      139796 kB
VmallocChunk:   251411128 kB
Time pass: 343 sec

---2015-12-05 14:07:44
MemTotal:        2905316 kB
MemFree:           72904 kB
Buffers:           26564 kB
Cached:          1024516 kB
SwapCached:            0 kB
Active:          1316584 kB
Inactive:         707492 kB
Active(anon):     814492 kB
Inactive(anon):   204768 kB
Active(file):     502092 kB
Inactive(file):   502724 kB
Unevictable:       12768 kB
Mlocked:               0 kB
SwapTotal:        720184 kB
SwapFree:         720156 kB
Dirty:                48 kB
Writeback:             0 kB
AnonPages:        985916 kB
Mapped:           661780 kB
Shmem:             33496 kB
Slab:             121524 kB
SReclaimable:      39468 kB
SUnreclaim:        82056 kB
KernelStack:       32832 kB
PageTables:        56980 kB
NFS_Unstable:          0 kB
Bounce:                0 kB
WritebackTmp:          0 kB
CommitLimit:     2172840 kB
Committed_AS:   91612368 kB
VmallocTotal:   251658176 kB
VmallocUsed:      139796 kB
VmallocChunk:   251411128 kB
Time pass: 347 sec

---2015-12-05 14:07:44
MemTotal:        2905316 kB
MemFree:           72108 kB
Buffers:           26588 kB
Cached:          1024552 kB
SwapCached:            0 kB
Active:          1317448 kB
Inactive:         707540 kB
Active(anon):     815344 kB
Inactive(anon):   204768 kB
Active(file):     502104 kB
Inactive(file):   502772 kB
Unevictable:       12768 kB
Mlocked:               0 kB
SwapTotal:        720184 kB
SwapFree:         720156 kB
Dirty:               112 kB
Writeback:             0 kB
AnonPages:        986416 kB
Mapped:           661788 kB
Shmem:             33496 kB
Slab:             121524 kB
SReclaimable:      39468 kB
SUnreclaim:        82056 kB
KernelStack:       32800 kB
PageTables:        56980 kB
NFS_Unstable:          0 kB
Bounce:                0 kB
WritebackTmp:          0 kB
CommitLimit:     2172840 kB
Committed_AS:   91612304 kB
VmallocTotal:   251658176 kB
VmallocUsed:      139796 kB
VmallocChunk:   251411128 kB
Time pass: 351 sec

---2015-12-05 14:07:44
MemTotal:        2905316 kB
MemFree:           71752 kB
Buffers:           26596 kB
Cached:          1024552 kB
SwapCached:            0 kB
Active:          1317492 kB
Inactive:         707536 kB
Active(anon):     815384 kB
Inactive(anon):   204768 kB
Active(file):     502108 kB
Inactive(file):   502768 kB
Unevictable:       12768 kB
Mlocked:               0 kB
SwapTotal:        720184 kB
SwapFree:         720156 kB
Dirty:                64 kB
Writeback:             0 kB
AnonPages:        986756 kB
Mapped:           661792 kB
Shmem:             33496 kB
Slab:             121524 kB
SReclaimable:      39468 kB
SUnreclaim:        82056 kB
KernelStack:       32784 kB
PageTables:        56980 kB
NFS_Unstable:          0 kB
Bounce:                0 kB
WritebackTmp:          0 kB
CommitLimit:     2172840 kB
Committed_AS:   91612324 kB
VmallocTotal:   251658176 kB
VmallocUsed:      139796 kB
VmallocChunk:   251411128 kB
Time pass: 354 sec

---2015-12-05 14:07:44
MemTotal:        2905316 kB
MemFree:           71684 kB
Buffers:           26596 kB
Cached:          1024660 kB
SwapCached:            0 kB
Active:          1317756 kB
Inactive:         707636 kB
Active(anon):     815632 kB
Inactive(anon):   204768 kB
Active(file):     502124 kB
Inactive(file):   502868 kB
Unevictable:       12768 kB
Mlocked:               0 kB
SwapTotal:        720184 kB
SwapFree:         720156 kB
Dirty:                80 kB
Writeback:             0 kB
AnonPages:        987000 kB
Mapped:           661836 kB
Shmem:             33496 kB
Slab:             121524 kB
SReclaimable:      39468 kB
SUnreclaim:        82056 kB
KernelStack:       32784 kB
PageTables:        56976 kB
NFS_Unstable:          0 kB
Bounce:                0 kB
WritebackTmp:          0 kB
CommitLimit:     2172840 kB
Committed_AS:   91612304 kB
VmallocTotal:   251658176 kB
VmallocUsed:      139796 kB
VmallocChunk:   251411128 kB
Time pass: 358 sec

---2015-12-05 14:07:44
MemTotal:        2905316 kB
MemFree:           70808 kB
Buffers:           26620 kB
Cached:          1024696 kB
SwapCached:            0 kB
Active:          1318716 kB
Inactive:         707692 kB
Active(anon):     816592 kB
Inactive(anon):   204772 kB
Active(file):     502124 kB
Inactive(file):   502920 kB
Unevictable:       12768 kB
Mlocked:               0 kB
SwapTotal:        720184 kB
SwapFree:         720156 kB
Dirty:               124 kB
Writeback:             8 kB
AnonPages:        988104 kB
Mapped:           661852 kB
Shmem:             33504 kB
Slab:             121524 kB
SReclaimable:      39468 kB
SUnreclaim:        82056 kB
KernelStack:       32800 kB
PageTables:        56988 kB
NFS_Unstable:          0 kB
Bounce:                0 kB
WritebackTmp:          0 kB
CommitLimit:     2172840 kB
Committed_AS:   91638948 kB
VmallocTotal:   251658176 kB
VmallocUsed:      139796 kB
VmallocChunk:   251411128 kB
Time pass: 362 sec

---2015-12-05 14:07:44
MemTotal:        2905316 kB
MemFree:           70088 kB
Buffers:           26620 kB
Cached:          1024732 kB
SwapCached:            0 kB
Active:          1318880 kB
Inactive:         707720 kB
Active(anon):     816748 kB
Inactive(anon):   204804 kB
Active(file):     502132 kB
Inactive(file):   502916 kB
Unevictable:       12768 kB
Mlocked:               0 kB
SwapTotal:        720184 kB
SwapFree:         720156 kB
Dirty:                 4 kB
Writeback:             0 kB
AnonPages:        988112 kB
Mapped:           661888 kB
Shmem:             33536 kB
Slab:             121524 kB
SReclaimable:      39468 kB
SUnreclaim:        82056 kB
KernelStack:       32768 kB
PageTables:        57008 kB
NFS_Unstable:          0 kB
Bounce:                0 kB
WritebackTmp:          0 kB
CommitLimit:     2172840 kB
Committed_AS:   91638880 kB
VmallocTotal:   251658176 kB
VmallocUsed:      139796 kB
VmallocChunk:   251411128 kB
Time pass: 366 sec

---2015-12-05 14:07:44
MemTotal:        2905316 kB
MemFree:           69796 kB
Buffers:           26628 kB
Cached:          1024736 kB
SwapCached:            0 kB
Active:          1319160 kB
Inactive:         707732 kB
Active(anon):     817028 kB
Inactive(anon):   204808 kB
Active(file):     502132 kB
Inactive(file):   502924 kB
Unevictable:       12768 kB
Mlocked:               0 kB
SwapTotal:        720184 kB
SwapFree:         720156 kB
Dirty:                 4 kB
Writeback:             0 kB
AnonPages:        988116 kB
Mapped:           661896 kB
Shmem:             33540 kB
Slab:             121524 kB
SReclaimable:      39468 kB
SUnreclaim:        82056 kB
KernelStack:       32768 kB
PageTables:        57008 kB
NFS_Unstable:          0 kB
Bounce:                0 kB
WritebackTmp:          0 kB
CommitLimit:     2172840 kB
Committed_AS:   91638880 kB
VmallocTotal:   251658176 kB
VmallocUsed:      139796 kB
VmallocChunk:   251411128 kB
Time pass: 369 sec

---2015-12-05 14:07:44
MemTotal:        2905316 kB
MemFree:           69340 kB
Buffers:           26652 kB
Cached:          1024768 kB
SwapCached:            0 kB
Active:          1319880 kB
Inactive:         707784 kB
Active(anon):     817744 kB
Inactive(anon):   204844 kB
Active(file):     502136 kB
Inactive(file):   502940 kB
Unevictable:       12768 kB
Mlocked:               0 kB
SwapTotal:        720184 kB
SwapFree:         720156 kB
Dirty:                60 kB
Writeback:             0 kB
AnonPages:        988960 kB
Mapped:           661948 kB
Shmem:             33572 kB
Slab:             121524 kB
SReclaimable:      39468 kB
SUnreclaim:        82056 kB
KernelStack:       32720 kB
PageTables:        57032 kB
NFS_Unstable:          0 kB
Bounce:                0 kB
WritebackTmp:          0 kB
CommitLimit:     2172840 kB
Committed_AS:   91638892 kB
VmallocTotal:   251658176 kB
VmallocUsed:      139796 kB
VmallocChunk:   251411128 kB
Time pass: 373 sec

---2015-12-05 14:07:44
MemTotal:        2905316 kB
MemFree:           68652 kB
Buffers:           26652 kB
Cached:          1024808 kB
SwapCached:            0 kB
Active:          1319948 kB
Inactive:         707816 kB
Active(anon):     817800 kB
Inactive(anon):   204844 kB
Active(file):     502148 kB
Inactive(file):   502972 kB
Unevictable:       12768 kB
Mlocked:               0 kB
SwapTotal:        720184 kB
SwapFree:         720156 kB
Dirty:                16 kB
Writeback:             0 kB
AnonPages:        989696 kB
Mapped:           661952 kB
Shmem:             33572 kB
Slab:             121524 kB
SReclaimable:      39468 kB
SUnreclaim:        82056 kB
KernelStack:       32768 kB
PageTables:        57028 kB
NFS_Unstable:          0 kB
Bounce:                0 kB
WritebackTmp:          0 kB
CommitLimit:     2172840 kB
Committed_AS:   91638904 kB
VmallocTotal:   251658176 kB
VmallocUsed:      139796 kB
VmallocChunk:   251411128 kB
Time pass: 377 sec

---2015-12-05 14:07:44
MemTotal:        2905316 kB
MemFree:           69292 kB
Buffers:           26660 kB
Cached:          1024808 kB
SwapCached:            0 kB
Active:          1320020 kB
Inactive:         707824 kB
Active(anon):     817872 kB
Inactive(anon):   204844 kB
Active(file):     502148 kB
Inactive(file):   502980 kB
Unevictable:       12768 kB
Mlocked:               0 kB
SwapTotal:        720184 kB
SwapFree:         720156 kB
Dirty:                56 kB
Writeback:             0 kB
AnonPages:        989084 kB
Mapped:           662040 kB
Shmem:             33572 kB
Slab:             121524 kB
SReclaimable:      39468 kB
SUnreclaim:        82056 kB
KernelStack:       32720 kB
PageTables:        57028 kB
NFS_Unstable:          0 kB
Bounce:                0 kB
WritebackTmp:          0 kB
CommitLimit:     2172840 kB
Committed_AS:   91638776 kB
VmallocTotal:   251658176 kB
VmallocUsed:      139796 kB
VmallocChunk:   251411128 kB
Time pass: 381 sec

---2015-12-05 14:07:44
MemTotal:        2905316 kB
MemFree:           68572 kB
Buffers:           26668 kB
Cached:          1024812 kB
SwapCached:            0 kB
Active:          1321232 kB
Inactive:         707832 kB
Active(anon):     819080 kB
Inactive(anon):   204844 kB
Active(file):     502152 kB
Inactive(file):   502988 kB
Unevictable:       12768 kB
Mlocked:               0 kB
SwapTotal:        720184 kB
SwapFree:         720156 kB
Dirty:                 0 kB
Writeback:             0 kB
AnonPages:        990280 kB
Mapped:           662052 kB
Shmem:             33572 kB
Slab:             121524 kB
SReclaimable:      39468 kB
SUnreclaim:        82056 kB
KernelStack:       32720 kB
PageTables:        57028 kB
NFS_Unstable:          0 kB
Bounce:                0 kB
WritebackTmp:          0 kB
CommitLimit:     2172840 kB
Committed_AS:   91638808 kB
VmallocTotal:   251658176 kB
VmallocUsed:      139796 kB
VmallocChunk:   251411128 kB
Time pass: 384 sec

---2015-12-05 14:07:44
MemTotal:        2905316 kB
MemFree:           68096 kB
Buffers:           26684 kB
Cached:          1024848 kB
SwapCached:            0 kB
Active:          1321288 kB
Inactive:         707872 kB
