---2015-12-09 10:41:11
MemTotal:        2905316 kB
MemFree:          118840 kB
Buffers:           26464 kB
Cached:          1401160 kB
SwapCached:            0 kB
Active:          1262028 kB
Inactive:        1028836 kB
Active(anon):     742912 kB
Inactive(anon):   158684 kB
Active(file):     519116 kB
Inactive(file):   870152 kB
Unevictable:        7488 kB
Mlocked:               0 kB
SwapTotal:        720184 kB
SwapFree:         720184 kB
Dirty:               488 kB
Writeback:             0 kB
AnonPages:        871156 kB
Mapped:           499728 kB
Shmem:             30868 kB
Slab:             116176 kB
SReclaimable:      36144 kB
SUnreclaim:        80032 kB
KernelStack:       31152 kB
PageTables:        56892 kB
NFS_Unstable:          0 kB
Bounce:                0 kB
WritebackTmp:          0 kB
CommitLimit:     2172840 kB
Committed_AS:   95570156 kB
VmallocTotal:   251658176 kB
VmallocUsed:      137616 kB
VmallocChunk:   251422764 kB
Time pass: 3 sec

---2015-12-09 10:41:11
MemTotal:        2905316 kB
MemFree:          121324 kB
Buffers:           26480 kB
Cached:          1401284 kB
SwapCached:            0 kB
Active:          1257024 kB
Inactive:        1028928 kB
Active(anon):     737860 kB
Inactive(anon):   158680 kB
Active(file):     519164 kB
Inactive(file):   870248 kB
Unevictable:        7488 kB
Mlocked:               0 kB
SwapTotal:        720184 kB
SwapFree:         720184 kB
Dirty:                24 kB
Writeback:             0 kB
AnonPages:        866056 kB
Mapped:           496784 kB
Shmem:             30864 kB
Slab:             119680 kB
SReclaimable:      36176 kB
SUnreclaim:        83504 kB
KernelStack:       30960 kB
PageTables:        56408 kB
NFS_Unstable:          0 kB
Bounce:                0 kB
WritebackTmp:          0 kB
CommitLimit:     2172840 kB
Committed_AS:   94323820 kB
VmallocTotal:   251658176 kB
VmallocUsed:      136596 kB
VmallocChunk:   251422764 kB
Time pass: 7 sec

---2015-12-09 10:41:11
MemTotal:        2905316 kB
MemFree:          120528 kB
Buffers:           26528 kB
Cached:          1401588 kB
SwapCached:            0 kB
Active:          1256832 kB
Inactive:        1029260 kB
Active(anon):     737492 kB
Inactive(anon):   158684 kB
Active(file):     519340 kB
Inactive(file):   870576 kB
Unevictable:        7488 kB
Mlocked:               0 kB
SwapTotal:        720184 kB
SwapFree:         720184 kB
Dirty:               108 kB
Writeback:             0 kB
AnonPages:        865520 kB
Mapped:           508680 kB
Shmem:             30860 kB
Slab:             119848 kB
SReclaimable:      36176 kB
SUnreclaim:        83672 kB
KernelStack:       31056 kB
PageTables:        56588 kB
NFS_Unstable:          0 kB
Bounce:                0 kB
WritebackTmp:          0 kB
CommitLimit:     2172840 kB
Committed_AS:   94853356 kB
VmallocTotal:   251658176 kB
VmallocUsed:      136732 kB
VmallocChunk:   251422764 kB
Time pass: 10 sec

---2015-12-09 10:41:11
MemTotal:        2905316 kB
MemFree:           83820 kB
Buffers:           26648 kB
Cached:          1401996 kB
SwapCached:            0 kB
Active:          1292580 kB
Inactive:        1029112 kB
Active(anon):     772720 kB
Inactive(anon):   158816 kB
Active(file):     519860 kB
Inactive(file):   870296 kB
Unevictable:        7488 kB
Mlocked:               0 kB
SwapTotal:        720184 kB
SwapFree:         720184 kB
Dirty:               784 kB
Writeback:             0 kB
AnonPages:        900660 kB
Mapped:           549736 kB
Shmem:             31000 kB
Slab:             120092 kB
SReclaimable:      36256 kB
SUnreclaim:        83836 kB
KernelStack:       32912 kB
PageTables:        56452 kB
NFS_Unstable:          0 kB
Bounce:                0 kB
WritebackTmp:          0 kB
CommitLimit:     2172840 kB
Committed_AS:   94674008 kB
VmallocTotal:   251658176 kB
VmallocUsed:      135712 kB
VmallocChunk:   251419692 kB
Time pass: 14 sec

---2015-12-09 10:41:11
MemTotal:        2905316 kB
MemFree:          105508 kB
Buffers:           26656 kB
Cached:          1403372 kB
SwapCached:            0 kB
Active:          1271004 kB
Inactive:        1029004 kB
Active(anon):     749684 kB
Inactive(anon):   158812 kB
Active(file):     521320 kB
Inactive(file):   870192 kB
Unevictable:        7488 kB
Mlocked:               0 kB
SwapTotal:        720184 kB
SwapFree:         720184 kB
Dirty:                36 kB
Writeback:             0 kB
AnonPages:        877688 kB
Mapped:           547644 kB
Shmem:             30996 kB
Slab:             119896 kB
SReclaimable:      36256 kB
SUnreclaim:        83640 kB
KernelStack:       32784 kB
PageTables:        55944 kB
NFS_Unstable:          0 kB
Bounce:                0 kB
WritebackTmp:          0 kB
CommitLimit:     2172840 kB
Committed_AS:   93418788 kB
VmallocTotal:   251658176 kB
VmallocUsed:      134692 kB
VmallocChunk:   251419692 kB
Time pass: 17 sec

---2015-12-09 10:41:11
MemTotal:        2905316 kB
MemFree:           75224 kB
Buffers:           27368 kB
Cached:          1308604 kB
SwapCached:            0 kB
Active:          1308868 kB
Inactive:         937500 kB
Active(anon):     769944 kB
Inactive(anon):   179300 kB
Active(file):     538924 kB
Inactive(file):   758200 kB
Unevictable:        7488 kB
Mlocked:               0 kB
SwapTotal:        720184 kB
SwapFree:         720184 kB
Dirty:              1480 kB
Writeback:             0 kB
AnonPages:        918540 kB
Mapped:           590348 kB
Shmem:             31132 kB
Slab:             117520 kB
SReclaimable:      33804 kB
SUnreclaim:        83716 kB
KernelStack:       33968 kB
PageTables:        57120 kB
NFS_Unstable:          0 kB
Bounce:                0 kB
WritebackTmp:          0 kB
CommitLimit:     2172840 kB
Committed_AS:   94236740 kB
VmallocTotal:   251658176 kB
VmallocUsed:      136976 kB
VmallocChunk:   251413548 kB
Time pass: 21 sec

---2015-12-09 10:41:11
MemTotal:        2905316 kB
MemFree:           69700 kB
Buffers:           27252 kB
Cached:          1265028 kB
SwapCached:            0 kB
Active:          1289112 kB
Inactive:         901368 kB
Active(anon):     749600 kB
Inactive(anon):   187236 kB
Active(file):     539512 kB
Inactive(file):   714132 kB
Unevictable:        7488 kB
Mlocked:               0 kB
SwapTotal:        720184 kB
SwapFree:         720184 kB
Dirty:                72 kB
Writeback:           108 kB
AnonPages:        905912 kB
Mapped:           637336 kB
Shmem:             31132 kB
Slab:             119800 kB
SReclaimable:      36140 kB
SUnreclaim:        83660 kB
KernelStack:       33984 kB
PageTables:        57244 kB
NFS_Unstable:          0 kB
Bounce:                0 kB
WritebackTmp:          0 kB
CommitLimit:     2172840 kB
Committed_AS:   94237196 kB
VmallocTotal:   251658176 kB
VmallocUsed:      137528 kB
VmallocChunk:   251413548 kB
Time pass: 25 sec

---2015-12-09 10:41:11
MemTotal:        2905316 kB
MemFree:           65136 kB
Buffers:           27304 kB
Cached:          1267004 kB
SwapCached:            0 kB
Active:          1291172 kB
Inactive:         903376 kB
Active(anon):     751628 kB
Inactive(anon):   187236 kB
Active(file):     539544 kB
Inactive(file):   716140 kB
Unevictable:        7488 kB
Mlocked:               0 kB
SwapTotal:        720184 kB
SwapFree:         720184 kB
Dirty:               260 kB
Writeback:             0 kB
AnonPages:        907916 kB
Mapped:           638564 kB
Shmem:             31132 kB
Slab:             120012 kB
SReclaimable:      36268 kB
SUnreclaim:        83744 kB
KernelStack:       34160 kB
PageTables:        57264 kB
NFS_Unstable:          0 kB
Bounce:                0 kB
WritebackTmp:          0 kB
CommitLimit:     2172840 kB
Committed_AS:   94239576 kB
VmallocTotal:   251658176 kB
VmallocUsed:      137528 kB
VmallocChunk:   251413548 kB
Time pass: 29 sec

---2015-12-09 10:41:11
MemTotal:        2905316 kB
MemFree:           68060 kB
Buffers:           27304 kB
Cached:          1266804 kB
SwapCached:            0 kB
Active:          1292092 kB
Inactive:         903148 kB
Active(anon):     752536 kB
Inactive(anon):   186968 kB
Active(file):     539556 kB
Inactive(file):   716180 kB
Unevictable:        7488 kB
Mlocked:               0 kB
SwapTotal:        720184 kB
SwapFree:         720184 kB
Dirty:                24 kB
Writeback:             0 kB
AnonPages:        908632 kB
Mapped:           638368 kB
Shmem:             30884 kB
Slab:             116424 kB
SReclaimable:      36268 kB
SUnreclaim:        80156 kB
KernelStack:       34128 kB
PageTables:        57044 kB
NFS_Unstable:          0 kB
Bounce:                0 kB
WritebackTmp:          0 kB
CommitLimit:     2172840 kB
Committed_AS:   94125220 kB
VmallocTotal:   251658176 kB
VmallocUsed:      137528 kB
VmallocChunk:   251413548 kB
Time pass: 33 sec

---2015-12-09 10:41:11
MemTotal:        2905316 kB
MemFree:           68884 kB
Buffers:           27312 kB
Cached:          1266784 kB
SwapCached:            0 kB
Active:          1291888 kB
Inactive:         903080 kB
Active(anon):     752316 kB
Inactive(anon):   186612 kB
Active(file):     539572 kB
Inactive(file):   716468 kB
Unevictable:        7488 kB
Mlocked:               0 kB
SwapTotal:        720184 kB
SwapFree:         720184 kB
Dirty:               136 kB
Writeback:             0 kB
AnonPages:        908084 kB
Mapped:           638208 kB
Shmem:             30528 kB
Slab:             116428 kB
SReclaimable:      36268 kB
SUnreclaim:        80160 kB
KernelStack:       34160 kB
PageTables:        57072 kB
NFS_Unstable:          0 kB
Bounce:                0 kB
WritebackTmp:          0 kB
CommitLimit:     2172840 kB
Committed_AS:   94123356 kB
VmallocTotal:   251658176 kB
VmallocUsed:      137528 kB
VmallocChunk:   251413548 kB
Time pass: 37 sec

---2015-12-09 10:41:11
MemTotal:        2905316 kB
MemFree:           71024 kB
Buffers:           27320 kB
Cached:          1266820 kB
SwapCached:            0 kB
Active:          1289184 kB
Inactive:         903156 kB
Active(anon):     749604 kB
Inactive(anon):   186612 kB
Active(file):     539580 kB
Inactive(file):   716544 kB
Unevictable:        7488 kB
Mlocked:               0 kB
SwapTotal:        720184 kB
SwapFree:         720184 kB
Dirty:                 8 kB
Writeback:             0 kB
AnonPages:        906016 kB
Mapped:           638180 kB
Shmem:             30528 kB
Slab:             116464 kB
SReclaimable:      36284 kB
SUnreclaim:        80180 kB
KernelStack:       34160 kB
PageTables:        57048 kB
NFS_Unstable:          0 kB
Bounce:                0 kB
WritebackTmp:          0 kB
CommitLimit:     2172840 kB
Committed_AS:   94123320 kB
VmallocTotal:   251658176 kB
VmallocUsed:      137528 kB
VmallocChunk:   251413548 kB
Time pass: 40 sec

---2015-12-09 10:41:11
MemTotal:        2905316 kB
MemFree:           66124 kB
Buffers:           25900 kB
Cached:          1223016 kB
SwapCached:            0 kB
Active:          1287692 kB
Inactive:         855600 kB
Active(anon):     745460 kB
Inactive(anon):   186872 kB
Active(file):     542232 kB
Inactive(file):   668728 kB
Unevictable:        7488 kB
Mlocked:               0 kB
SwapTotal:        720184 kB
SwapFree:         720184 kB
Dirty:               448 kB
Writeback:             4 kB
AnonPages:        901868 kB
Mapped:           649416 kB
Shmem:             30532 kB
Slab:             116408 kB
SReclaimable:      36192 kB
SUnreclaim:        80216 kB
KernelStack:       34224 kB
PageTables:        57384 kB
NFS_Unstable:          0 kB
Bounce:                0 kB
WritebackTmp:          0 kB
CommitLimit:     2172840 kB
Committed_AS:   94141156 kB
VmallocTotal:   251658176 kB
VmallocUsed:      137784 kB
VmallocChunk:   251413548 kB
Time pass: 44 sec

---2015-12-09 10:41:11
MemTotal:        2905316 kB
MemFree:           71260 kB
Buffers:           25852 kB
Cached:          1199608 kB
SwapCached:            0 kB
Active:          1294980 kB
Inactive:         833364 kB
Active(anon):     751952 kB
Inactive(anon):   188920 kB
Active(file):     543028 kB
Inactive(file):   644444 kB
Unevictable:        7488 kB
Mlocked:               0 kB
SwapTotal:        720184 kB
SwapFree:         720184 kB
Dirty:               396 kB
Writeback:             4 kB
AnonPages:        910264 kB
Mapped:           655148 kB
Shmem:             30532 kB
Slab:             116472 kB
SReclaimable:      36256 kB
SUnreclaim:        80216 kB
KernelStack:       34192 kB
PageTables:        57476 kB
NFS_Unstable:          0 kB
Bounce:                0 kB
WritebackTmp:          0 kB
CommitLimit:     2172840 kB
Committed_AS:   94163812 kB
VmallocTotal:   251658176 kB
VmallocUsed:      137832 kB
VmallocChunk:   251413548 kB
Time pass: 48 sec

---2015-12-09 10:41:11
MemTotal:        2905316 kB
MemFree:           66992 kB
Buffers:           25876 kB
Cached:          1204176 kB
SwapCached:            0 kB
Active:          1310632 kB
Inactive:         837500 kB
Active(anon):     767300 kB
Inactive(anon):   189068 kB
Active(file):     543332 kB
Inactive(file):   648432 kB
Unevictable:        7488 kB
Mlocked:               0 kB
SwapTotal:        720184 kB
SwapFree:         720184 kB
Dirty:               308 kB
Writeback:             0 kB
AnonPages:        926028 kB
Mapped:           653688 kB
Shmem:             30680 kB
Slab:             116564 kB
SReclaimable:      36336 kB
SUnreclaim:        80228 kB
KernelStack:       34384 kB
PageTables:        57380 kB
NFS_Unstable:          0 kB
Bounce:                0 kB
WritebackTmp:          0 kB
CommitLimit:     2172840 kB
Committed_AS:   94180200 kB
VmallocTotal:   251658176 kB
VmallocUsed:      137712 kB
VmallocChunk:   251413548 kB
Time pass: 51 sec

---2015-12-09 10:41:11
MemTotal:        2905316 kB
MemFree:           80212 kB
Buffers:           24664 kB
Cached:          1143312 kB
SwapCached:            0 kB
Active:          1318564 kB
Inactive:         769784 kB
Active(anon):     763420 kB
Inactive(anon):   195068 kB
Active(file):     555144 kB
Inactive(file):   574716 kB
Unevictable:        7488 kB
Mlocked:               0 kB
SwapTotal:        720184 kB
SwapFree:         720184 kB
Dirty:               540 kB
Writeback:             0 kB
AnonPages:        928048 kB
Mapped:           702904 kB
Shmem:             30536 kB
Slab:             116588 kB
SReclaimable:      36144 kB
SUnreclaim:        80444 kB
KernelStack:       34448 kB
PageTables:        57520 kB
NFS_Unstable:          0 kB
Bounce:                0 kB
WritebackTmp:          0 kB
CommitLimit:     2172840 kB
Committed_AS:   94178184 kB
VmallocTotal:   251658176 kB
VmallocUsed:      138144 kB
VmallocChunk:   251413548 kB
Time pass: 55 sec

---2015-12-09 10:41:11
MemTotal:        2905316 kB
MemFree:           89020 kB
Buffers:           24672 kB
Cached:          1143552 kB
SwapCached:            0 kB
Active:          1310916 kB
Inactive:         770108 kB
Active(anon):     755760 kB
Inactive(anon):   195068 kB
Active(file):     555156 kB
Inactive(file):   575040 kB
Unevictable:        7488 kB
Mlocked:               0 kB
SwapTotal:        720184 kB
SwapFree:         720184 kB
Dirty:               872 kB
Writeback:             0 kB
AnonPages:        920408 kB
Mapped:           695140 kB
Shmem:             30536 kB
Slab:             116700 kB
SReclaimable:      36256 kB
SUnreclaim:        80444 kB
KernelStack:       34144 kB
PageTables:        56736 kB
NFS_Unstable:          0 kB
Bounce:                0 kB
WritebackTmp:          0 kB
CommitLimit:     2172840 kB
Committed_AS:   92927196 kB
VmallocTotal:   251658176 kB
VmallocUsed:      137124 kB
VmallocChunk:   251413548 kB
Time pass: 59 sec

---2015-12-09 10:41:11
MemTotal:        2905316 kB
MemFree:           73392 kB
Buffers:           24648 kB
Cached:          1139884 kB
SwapCached:            0 kB
Active:          1313068 kB
Inactive:         766208 kB
Active(anon):     757740 kB
Inactive(anon):   195068 kB
Active(file):     555328 kB
Inactive(file):   571140 kB
Unevictable:        7488 kB
Mlocked:               0 kB
SwapTotal:        720184 kB
SwapFree:         720184 kB
Dirty:               220 kB
Writeback:             0 kB
AnonPages:        922364 kB
Mapped:           704756 kB
Shmem:             30536 kB
Slab:             116716 kB
SReclaimable:      36272 kB
SUnreclaim:        80444 kB
KernelStack:       34160 kB
PageTables:        56720 kB
NFS_Unstable:          0 kB
Bounce:                0 kB
WritebackTmp:          0 kB
CommitLimit:     2172840 kB
Committed_AS:   92954832 kB
VmallocTotal:   251658176 kB
VmallocUsed:      137248 kB
VmallocChunk:   251413548 kB
Time pass: 63 sec

---2015-12-09 10:41:11
MemTotal:        2905316 kB
MemFree:           73040 kB
Buffers:           24648 kB
Cached:          1140088 kB
SwapCached:            0 kB
Active:          1313332 kB
Inactive:         766392 kB
Active(anon):     757952 kB
Inactive(anon):   195128 kB
Active(file):     555380 kB
Inactive(file):   571264 kB
Unevictable:        7488 kB
Mlocked:               0 kB
SwapTotal:        720184 kB
SwapFree:         720184 kB
Dirty:                12 kB
Writeback:             0 kB
AnonPages:        922488 kB
Mapped:           705108 kB
Shmem:             30596 kB
Slab:             116732 kB
SReclaimable:      36272 kB
SUnreclaim:        80460 kB
KernelStack:       34128 kB
PageTables:        56816 kB
NFS_Unstable:          0 kB
Bounce:                0 kB
WritebackTmp:          0 kB
CommitLimit:     2172840 kB
Committed_AS:   92954924 kB
VmallocTotal:   251658176 kB
VmallocUsed:      137248 kB
VmallocChunk:   251413548 kB
Time pass: 66 sec

---2015-12-09 10:41:11
MemTotal:        2905316 kB
MemFree:           72760 kB
Buffers:           24656 kB
Cached:          1140100 kB
SwapCached:            0 kB
Active:          1313476 kB
Inactive:         766404 kB
Active(anon):     758084 kB
Inactive(anon):   195128 kB
Active(file):     555392 kB
Inactive(file):   571276 kB
Unevictable:        7488 kB
Mlocked:               0 kB
SwapTotal:        720184 kB
SwapFree:         720184 kB
Dirty:                52 kB
Writeback:             0 kB
AnonPages:        922828 kB
Mapped:           705072 kB
Shmem:             30596 kB
Slab:             116736 kB
SReclaimable:      36272 kB
SUnreclaim:        80464 kB
KernelStack:       34128 kB
PageTables:        56796 kB
NFS_Unstable:          0 kB
Bounce:                0 kB
WritebackTmp:          0 kB
CommitLimit:     2172840 kB
Committed_AS:   92955168 kB
VmallocTotal:   251658176 kB
VmallocUsed:      137248 kB
VmallocChunk:   251413548 kB
Time pass: 70 sec

---2015-12-09 10:41:11
MemTotal:        2905316 kB
MemFree:           72516 kB
Buffers:           25184 kB
Cached:          1113052 kB
SwapCached:            0 kB
Active:          1314268 kB
Inactive:         740388 kB
Active(anon):     764720 kB
Inactive(anon):   194720 kB
Active(file):     549548 kB
Inactive(file):   545668 kB
Unevictable:       12452 kB
Mlocked:               0 kB
SwapTotal:        720184 kB
SwapFree:         720156 kB
Dirty:               616 kB
Writeback:             0 kB
AnonPages:        928892 kB
Mapped:           718696 kB
Shmem:             30568 kB
Slab:             117136 kB
SReclaimable:      36476 kB
SUnreclaim:        80660 kB
KernelStack:       33952 kB
PageTables:        56760 kB
NFS_Unstable:          0 kB
Bounce:                0 kB
WritebackTmp:          0 kB
CommitLimit:     2172840 kB
Committed_AS:   92958788 kB
VmallocTotal:   251658176 kB
VmallocUsed:      137432 kB
VmallocChunk:   251413548 kB
Time pass: 74 sec

---2015-12-09 10:41:11
MemTotal:        2905316 kB
MemFree:           67616 kB
Buffers:           25208 kB
Cached:          1103396 kB
SwapCached:            0 kB
Active:          1323884 kB
Inactive:         737920 kB
Active(anon):     781216 kB
Inactive(anon):   195108 kB
Active(file):     542668 kB
Inactive(file):   542812 kB
Unevictable:       12452 kB
Mlocked:               0 kB
SwapTotal:        720184 kB
SwapFree:         720156 kB
Dirty:               432 kB
Writeback:             0 kB
AnonPages:        945828 kB
Mapped:           722632 kB
Shmem:             30568 kB
Slab:             117040 kB
SReclaimable:      36380 kB
SUnreclaim:        80660 kB
KernelStack:       34080 kB
PageTables:        56736 kB
NFS_Unstable:          0 kB
Bounce:                0 kB
WritebackTmp:          0 kB
CommitLimit:     2172840 kB
Committed_AS:   92971872 kB
VmallocTotal:   251658176 kB
VmallocUsed:      137432 kB
VmallocChunk:   251413548 kB
Time pass: 77 sec

---2015-12-09 10:41:11
MemTotal:        2905316 kB
MemFree:           65796 kB
Buffers:           25068 kB
Cached:          1098224 kB
SwapCached:            0 kB
Active:          1327500 kB
Inactive:         737024 kB
Active(anon):     787884 kB
Inactive(anon):   196508 kB
Active(file):     539616 kB
Inactive(file):   540516 kB
Unevictable:       12456 kB
Mlocked:               0 kB
SwapTotal:        720184 kB
SwapFree:         720156 kB
Dirty:                20 kB
Writeback:             0 kB
AnonPages:        953812 kB
Mapped:           721800 kB
Shmem:             30704 kB
Slab:             117100 kB
SReclaimable:      36444 kB
SUnreclaim:        80656 kB
KernelStack:       34320 kB
PageTables:        56984 kB
NFS_Unstable:          0 kB
Bounce:                0 kB
WritebackTmp:          0 kB
CommitLimit:     2172840 kB
Committed_AS:   93010492 kB
VmallocTotal:   251658176 kB
VmallocUsed:      139880 kB
VmallocChunk:   251413548 kB
Time pass: 81 sec

---2015-12-09 10:41:11
MemTotal:        2905316 kB
MemFree:           67300 kB
Buffers:           25020 kB
Cached:          1064364 kB
SwapCached:            0 kB
Active:          1311760 kB
Inactive:         720408 kB
Active(anon):     788924 kB
Inactive(anon):   197216 kB
Active(file):     522836 kB
Inactive(file):   523192 kB
Unevictable:       12456 kB
Mlocked:               0 kB
SwapTotal:        720184 kB
SwapFree:         720156 kB
Dirty:                48 kB
Writeback:             0 kB
AnonPages:        955668 kB
Mapped:           716208 kB
Shmem:             30900 kB
Slab:             116784 kB
SReclaimable:      36124 kB
SUnreclaim:        80660 kB
KernelStack:       34368 kB
PageTables:        57144 kB
NFS_Unstable:          0 kB
Bounce:                0 kB
WritebackTmp:          0 kB
CommitLimit:     2172840 kB
Committed_AS:   93010972 kB
VmallocTotal:   251658176 kB
VmallocUsed:      139880 kB
VmallocChunk:   251413548 kB
Time pass: 85 sec

---2015-12-09 10:41:11
MemTotal:        2905316 kB
MemFree:           66420 kB
Buffers:           25020 kB
Cached:          1064428 kB
SwapCached:            0 kB
Active:          1311876 kB
Inactive:         720440 kB
Active(anon):     789008 kB
Inactive(anon):   197216 kB
Active(file):     522868 kB
Inactive(file):   523224 kB
Unevictable:       12456 kB
Mlocked:               0 kB
SwapTotal:        720184 kB
SwapFree:         720156 kB
Dirty:               148 kB
Writeback:             0 kB
AnonPages:        955572 kB
Mapped:           716336 kB
Shmem:             30900 kB
Slab:             116864 kB
SReclaimable:      36204 kB
SUnreclaim:        80660 kB
KernelStack:       34288 kB
PageTables:        57152 kB
NFS_Unstable:          0 kB
Bounce:                0 kB
WritebackTmp:          0 kB
CommitLimit:     2172840 kB
Committed_AS:   93011560 kB
VmallocTotal:   251658176 kB
VmallocUsed:      139880 kB
VmallocChunk:   251413548 kB
Time pass: 89 sec

---2015-12-09 10:41:11
MemTotal:        2905316 kB
MemFree:           65116 kB
Buffers:           25028 kB
Cached:          1064684 kB
SwapCached:            0 kB
Active:          1312028 kB
Inactive:         720684 kB
Active(anon):     789140 kB
Inactive(anon):   197456 kB
Active(file):     522888 kB
Inactive(file):   523228 kB
Unevictable:       12456 kB
Mlocked:               0 kB
SwapTotal:        720184 kB
SwapFree:         720156 kB
Dirty:                64 kB
Writeback:            16 kB
AnonPages:        955484 kB
Mapped:           716640 kB
Shmem:             31140 kB
Slab:             116864 kB
SReclaimable:      36204 kB
SUnreclaim:        80660 kB
KernelStack:       34320 kB
PageTables:        57192 kB
NFS_Unstable:          0 kB
Bounce:                0 kB
WritebackTmp:          0 kB
CommitLimit:     2172840 kB
Committed_AS:   93040512 kB
VmallocTotal:   251658176 kB
VmallocUsed:      139880 kB
VmallocChunk:   251413548 kB
Time pass: 93 sec

---2015-12-09 10:41:11
MemTotal:        2905316 kB
MemFree:           64356 kB
Buffers:           25044 kB
Cached:          1064792 kB
SwapCached:            0 kB
Active:          1313188 kB
Inactive:         720784 kB
Active(anon):     790276 kB
Inactive(anon):   197512 kB
Active(file):     522912 kB
Inactive(file):   523272 kB
Unevictable:       12456 kB
Mlocked:               0 kB
SwapTotal:        720184 kB
SwapFree:         720156 kB
Dirty:                24 kB
Writeback:             0 kB
AnonPages:        956336 kB
Mapped:           716648 kB
Shmem:             31196 kB
Slab:             116864 kB
SReclaimable:      36204 kB
SUnreclaim:        80660 kB
KernelStack:       34320 kB
PageTables:        57200 kB
NFS_Unstable:          0 kB
Bounce:                0 kB
WritebackTmp:          0 kB
CommitLimit:     2172840 kB
Committed_AS:   93040524 kB
VmallocTotal:   251658176 kB
VmallocUsed:      139880 kB
VmallocChunk:   251413548 kB
Time pass: 97 sec

---2015-12-09 10:41:11
MemTotal:        2905316 kB
MemFree:           65544 kB
Buffers:           25032 kB
Cached:          1060656 kB
SwapCached:            0 kB
Active:          1313860 kB
Inactive:         719352 kB
Active(anon):     792820 kB
Inactive(anon):   198288 kB
Active(file):     521040 kB
Inactive(file):   521064 kB
Unevictable:       12456 kB
Mlocked:               0 kB
SwapTotal:        720184 kB
SwapFree:         720156 kB
Dirty:                44 kB
Writeback:             0 kB
AnonPages:        960084 kB
Mapped:           716660 kB
Shmem:             31196 kB
Slab:             116864 kB
SReclaimable:      36204 kB
SUnreclaim:        80660 kB
KernelStack:       34320 kB
PageTables:        57204 kB
NFS_Unstable:          0 kB
Bounce:                0 kB
WritebackTmp:          0 kB
CommitLimit:     2172840 kB
Committed_AS:   93044108 kB
VmallocTotal:   251658176 kB
VmallocUsed:      139880 kB
VmallocChunk:   251413548 kB
Time pass: 100 sec

---2015-12-09 10:41:11
MemTotal:        2905316 kB
MemFree:          357108 kB
Buffers:           25044 kB
Cached:          1058176 kB
SwapCached:            0 kB
Active:          1216404 kB
Inactive:         718552 kB
Active(anon):     697064 kB
Inactive(anon):   198220 kB
Active(file):     519340 kB
Inactive(file):   520332 kB
Unevictable:       12456 kB
Mlocked:               0 kB
SwapTotal:        720184 kB
SwapFree:         720156 kB
Dirty:               540 kB
Writeback:             0 kB
AnonPages:        864360 kB
Mapped:           531372 kB
Shmem:             30872 kB
Slab:             116684 kB
SReclaimable:      36204 kB
SUnreclaim:        80480 kB
KernelStack:       32960 kB
PageTables:        54348 kB
NFS_Unstable:          0 kB
Bounce:                0 kB
WritebackTmp:          0 kB
CommitLimit:     2172840 kB
Committed_AS:   90887684 kB
VmallocTotal:   251658176 kB
VmallocUsed:      136168 kB
VmallocChunk:   251419692 kB
Time pass: 104 sec

---2015-12-09 10:41:11
MemTotal:        2905316 kB
MemFree:          258940 kB
Buffers:           25116 kB
Cached:          1059544 kB
SwapCached:            0 kB
Active:          1259144 kB
Inactive:         718184 kB
Active(anon):     737716 kB
Inactive(anon):   198356 kB
Active(file):     521428 kB
Inactive(file):   519828 kB
Unevictable:       12456 kB
Mlocked:               0 kB
SwapTotal:        720184 kB
SwapFree:         720156 kB
Dirty:              1460 kB
Writeback:             0 kB
AnonPages:        905304 kB
Mapped:           593644 kB
Shmem:             31012 kB
Slab:             116704 kB
SReclaimable:      36268 kB
SUnreclaim:        80436 kB
KernelStack:       33744 kB
PageTables:        55488 kB
NFS_Unstable:          0 kB
Bounce:                0 kB
WritebackTmp:          0 kB
CommitLimit:     2172840 kB
Committed_AS:   91713412 kB
VmallocTotal:   251658176 kB
VmallocUsed:      137740 kB
VmallocChunk:   251419692 kB
Time pass: 108 sec

---2015-12-09 10:41:11
MemTotal:        2905316 kB
MemFree:          162752 kB
Buffers:           25424 kB
Cached:          1061812 kB
SwapCached:            0 kB
Active:          1275388 kB
Inactive:         719092 kB
Active(anon):     752360 kB
Inactive(anon):   198356 kB
Active(file):     523028 kB
Inactive(file):   520736 kB
Unevictable:       12456 kB
Mlocked:               0 kB
SwapTotal:        720184 kB
SwapFree:         720156 kB
Dirty:              2172 kB
Writeback:             0 kB
AnonPages:        919872 kB
Mapped:           656308 kB
Shmem:             31016 kB
Slab:             116752 kB
SReclaimable:      36336 kB
SUnreclaim:        80416 kB
KernelStack:       33760 kB
PageTables:        55780 kB
NFS_Unstable:          0 kB
Bounce:                0 kB
WritebackTmp:          0 kB
CommitLimit:     2172840 kB
Committed_AS:   91722732 kB
VmallocTotal:   251658176 kB
VmallocUsed:      138348 kB
VmallocChunk:   251419692 kB
Time pass: 112 sec

---2015-12-09 10:41:11
MemTotal:        2905316 kB
MemFree:          159984 kB
Buffers:           25456 kB
Cached:          1061824 kB
SwapCached:            0 kB
Active:          1267916 kB
Inactive:         719136 kB
Active(anon):     744888 kB
Inactive(anon):   198356 kB
Active(file):     523028 kB
Inactive(file):   520780 kB
Unevictable:       12456 kB
Mlocked:               0 kB
SwapTotal:        720184 kB
SwapFree:         720156 kB
Dirty:                 0 kB
Writeback:             0 kB
AnonPages:        912060 kB
Mapped:           665992 kB
Shmem:             31016 kB
Slab:             116744 kB
SReclaimable:      36336 kB
SUnreclaim:        80408 kB
KernelStack:       33744 kB
PageTables:        55832 kB
NFS_Unstable:          0 kB
Bounce:                0 kB
WritebackTmp:          0 kB
CommitLimit:     2172840 kB
Committed_AS:   91722892 kB
VmallocTotal:   251658176 kB
VmallocUsed:      138420 kB
VmallocChunk:   251419692 kB
Time pass: 115 sec

---2015-12-09 10:41:11
MemTotal:        2905316 kB
MemFree:          140628 kB
Buffers:           25456 kB
Cached:          1062052 kB
SwapCached:            0 kB
Active:          1270160 kB
Inactive:         719144 kB
Active(anon):     746924 kB
Inactive(anon):   198356 kB
Active(file):     523236 kB
Inactive(file):   520788 kB
Unevictable:       12456 kB
Mlocked:               0 kB
SwapTotal:        720184 kB
SwapFree:         720156 kB
Dirty:               272 kB
Writeback:             0 kB
AnonPages:        914148 kB
Mapped:           675828 kB
Shmem:             31016 kB
Slab:             116744 kB
SReclaimable:      36336 kB
SUnreclaim:        80408 kB
KernelStack:       33728 kB
PageTables:        55848 kB
NFS_Unstable:          0 kB
Bounce:                0 kB
WritebackTmp:          0 kB
CommitLimit:     2172840 kB
Committed_AS:   91724036 kB
VmallocTotal:   251658176 kB
VmallocUsed:      136140 kB
VmallocChunk:   251419692 kB
Time pass: 119 sec

---2015-12-09 10:41:11
MemTotal:        2905316 kB
MemFree:          104844 kB
Buffers:           25468 kB
Cached:          1065928 kB
SwapCached:            0 kB
Active:          1280844 kB
Inactive:         722924 kB
Active(anon):     757544 kB
Inactive(anon):   198416 kB
Active(file):     523300 kB
Inactive(file):   524508 kB
Unevictable:       12456 kB
Mlocked:               0 kB
SwapTotal:        720184 kB
SwapFree:         720156 kB
Dirty:               576 kB
Writeback:             0 kB
AnonPages:        924896 kB
Mapped:           687304 kB
Shmem:             31076 kB
Slab:             116736 kB
SReclaimable:      36336 kB
SUnreclaim:        80400 kB
KernelStack:       33776 kB
PageTables:        55840 kB
NFS_Unstable:          0 kB
Bounce:                0 kB
WritebackTmp:          0 kB
CommitLimit:     2172840 kB
Committed_AS:   91760568 kB
VmallocTotal:   251658176 kB
VmallocUsed:      136300 kB
VmallocChunk:   251419692 kB
Time pass: 123 sec

---2015-12-09 10:41:11
MemTotal:        2905316 kB
MemFree:          100956 kB
Buffers:           25476 kB
Cached:          1066316 kB
SwapCached:            0 kB
Active:          1281396 kB
Inactive:         723344 kB
Active(anon):     758072 kB
Inactive(anon):   198416 kB
Active(file):     523324 kB
Inactive(file):   524928 kB
Unevictable:       12456 kB
Mlocked:               0 kB
SwapTotal:        720184 kB
SwapFree:         720156 kB
Dirty:                88 kB
Writeback:             0 kB
AnonPages:        925552 kB
Mapped:           689708 kB
Shmem:             31076 kB
Slab:             116824 kB
SReclaimable:      36352 kB
SUnreclaim:        80472 kB
KernelStack:       33792 kB
PageTables:        55872 kB
NFS_Unstable:          0 kB
Bounce:                0 kB
WritebackTmp:          0 kB
CommitLimit:     2172840 kB
Committed_AS:   91761980 kB
VmallocTotal:   251658176 kB
VmallocUsed:      136324 kB
VmallocChunk:   251419692 kB
Time pass: 127 sec

---2015-12-09 10:41:11
MemTotal:        2905316 kB
MemFree:          101292 kB
Buffers:           25476 kB
Cached:          1066324 kB
SwapCached:            0 kB
Active:          1281120 kB
Inactive:         723356 kB
Active(anon):     757796 kB
Inactive(anon):   198416 kB
Active(file):     523324 kB
Inactive(file):   524940 kB
Unevictable:       12456 kB
Mlocked:               0 kB
SwapTotal:        720184 kB
SwapFree:         720156 kB
Dirty:                92 kB
Writeback:             0 kB
AnonPages:        925048 kB
Mapped:           689780 kB
Shmem:             31076 kB
Slab:             116824 kB
SReclaimable:      36352 kB
SUnreclaim:        80472 kB
KernelStack:       33776 kB
PageTables:        55900 kB
NFS_Unstable:          0 kB
Bounce:                0 kB
WritebackTmp:          0 kB
CommitLimit:     2172840 kB
Committed_AS:   91761988 kB
VmallocTotal:   251658176 kB
VmallocUsed:      136324 kB
VmallocChunk:   251419692 kB
Time pass: 131 sec

---2015-12-09 10:41:11
MemTotal:        2905316 kB
MemFree:           99544 kB
Buffers:           25484 kB
Cached:          1066332 kB
SwapCached:            0 kB
Active:          1281176 kB
Inactive:         723364 kB
Active(anon):     757844 kB
Inactive(anon):   198416 kB
Active(file):     523332 kB
Inactive(file):   524948 kB
Unevictable:       12456 kB
Mlocked:               0 kB
SwapTotal:        720184 kB
SwapFree:         720156 kB
Dirty:                36 kB
Writeback:             0 kB
AnonPages:        925300 kB
Mapped:           690240 kB
Shmem:             31076 kB
Slab:             116824 kB
SReclaimable:      36352 kB
SUnreclaim:        80472 kB
KernelStack:       33776 kB
PageTables:        55900 kB
NFS_Unstable:          0 kB
Bounce:                0 kB
WritebackTmp:          0 kB
CommitLimit:     2172840 kB
Committed_AS:   91762128 kB
VmallocTotal:   251658176 kB
VmallocUsed:      136324 kB
VmallocChunk:   251419692 kB
Time pass: 134 sec

---2015-12-09 10:41:11
MemTotal:        2905316 kB
MemFree:           83052 kB
Buffers:           25532 kB
Cached:          1066580 kB
SwapCached:            0 kB
Active:          1295928 kB
Inactive:         722612 kB
Active(anon):     771548 kB
Inactive(anon):   198560 kB
Active(file):     524380 kB
Inactive(file):   524052 kB
Unevictable:       12456 kB
Mlocked:               0 kB
SwapTotal:        720184 kB
SwapFree:         720156 kB
Dirty:               180 kB
Writeback:             0 kB
AnonPages:        938920 kB
Mapped:           693916 kB
Shmem:             31224 kB
Slab:             116892 kB
SReclaimable:      36352 kB
SUnreclaim:        80540 kB
KernelStack:       34192 kB
PageTables:        56120 kB
NFS_Unstable:          0 kB
Bounce:                0 kB
WritebackTmp:          0 kB
CommitLimit:     2172840 kB
Committed_AS:   91803224 kB
VmallocTotal:   251658176 kB
VmallocUsed:      138772 kB
VmallocChunk:   251419692 kB
Time pass: 138 sec

---2015-12-09 10:41:11
MemTotal:        2905316 kB
MemFree:           82608 kB
Buffers:           25532 kB
Cached:          1066764 kB
SwapCached:            0 kB
Active:          1296916 kB
Inactive:         722780 kB
Active(anon):     772520 kB
Inactive(anon):   198692 kB
Active(file):     524396 kB
Inactive(file):   524088 kB
Unevictable:       12456 kB
Mlocked:               0 kB
SwapTotal:        720184 kB
SwapFree:         720156 kB
Dirty:                12 kB
Writeback:             0 kB
AnonPages:        939968 kB
Mapped:           694160 kB
Shmem:             31356 kB
Slab:             116892 kB
SReclaimable:      36352 kB
SUnreclaim:        80540 kB
KernelStack:       34128 kB
PageTables:        56236 kB
NFS_Unstable:          0 kB
Bounce:                0 kB
WritebackTmp:          0 kB
CommitLimit:     2172840 kB
Committed_AS:   91803676 kB
VmallocTotal:   251658176 kB
VmallocUsed:      138772 kB
VmallocChunk:   251419692 kB
Time pass: 142 sec

---2015-12-09 10:41:11
MemTotal:        2905316 kB
MemFree:           81136 kB
Buffers:           25540 kB
Cached:          1066880 kB
SwapCached:            0 kB
Active:          1297448 kB
Inactive:         722904 kB
Active(anon):     773052 kB
Inactive(anon):   198808 kB
Active(file):     524396 kB
Inactive(file):   524096 kB
Unevictable:       12456 kB
Mlocked:               0 kB
SwapTotal:        720184 kB
SwapFree:         720156 kB
Dirty:                72 kB
Writeback:             0 kB
AnonPages:        940416 kB
Mapped:           694280 kB
Shmem:             31472 kB
Slab:             116892 kB
SReclaimable:      36352 kB
SUnreclaim:        80540 kB
KernelStack:       34160 kB
PageTables:        56236 kB
NFS_Unstable:          0 kB
Bounce:                0 kB
WritebackTmp:          0 kB
CommitLimit:     2172840 kB
Committed_AS:   91804172 kB
VmallocTotal:   251658176 kB
VmallocUsed:      138772 kB
VmallocChunk:   251419692 kB
Time pass: 146 sec

---2015-12-09 10:41:11
MemTotal:        2905316 kB
MemFree:           80600 kB
Buffers:           25548 kB
Cached:          1067004 kB
SwapCached:            0 kB
Active:          1297764 kB
Inactive:         723020 kB
Active(anon):     773356 kB
Inactive(anon):   198920 kB
Active(file):     524408 kB
Inactive(file):   524100 kB
Unevictable:       12456 kB
Mlocked:               0 kB
SwapTotal:        720184 kB
SwapFree:         720156 kB
Dirty:                44 kB
Writeback:             0 kB
AnonPages:        940296 kB
Mapped:           694492 kB
Shmem:             31584 kB
Slab:             116892 kB
SReclaimable:      36352 kB
SUnreclaim:        80540 kB
KernelStack:       34144 kB
PageTables:        56284 kB
NFS_Unstable:          0 kB
Bounce:                0 kB
WritebackTmp:          0 kB
CommitLimit:     2172840 kB
Committed_AS:   91804404 kB
VmallocTotal:   251658176 kB
VmallocUsed:      138772 kB
VmallocChunk:   251419692 kB
Time pass: 149 sec

---2015-12-09 10:41:11
MemTotal:        2905316 kB
MemFree:           74012 kB
Buffers:           25564 kB
Cached:          1066604 kB
SwapCached:            0 kB
Active:          1305792 kB
Inactive:         722436 kB
Active(anon):     781180 kB
Inactive(anon):   198476 kB
Active(file):     524612 kB
Inactive(file):   523960 kB
Unevictable:       12456 kB
Mlocked:               0 kB
SwapTotal:        720184 kB
SwapFree:         720156 kB
Dirty:                36 kB
Writeback:             0 kB
AnonPages:        948564 kB
Mapped:           695124 kB
Shmem:             31136 kB
Slab:             116828 kB
SReclaimable:      36352 kB
SUnreclaim:        80476 kB
KernelStack:       33984 kB
PageTables:        56160 kB
NFS_Unstable:          0 kB
Bounce:                0 kB
WritebackTmp:          0 kB
CommitLimit:     2172840 kB
Committed_AS:   91822876 kB
VmallocTotal:   251658176 kB
VmallocUsed:      138772 kB
VmallocChunk:   251419692 kB
Time pass: 153 sec

---2015-12-09 10:41:11
MemTotal:        2905316 kB
MemFree:           74072 kB
Buffers:           25572 kB
Cached:          1066660 kB
SwapCached:            0 kB
Active:          1306360 kB
Inactive:         722484 kB
Active(anon):     781728 kB
Inactive(anon):   198476 kB
Active(file):     524632 kB
Inactive(file):   524008 kB
Unevictable:       12456 kB
Mlocked:               0 kB
SwapTotal:        720184 kB
SwapFree:         720156 kB
Dirty:                56 kB
Writeback:             8 kB
AnonPages:        949136 kB
Mapped:           695052 kB
Shmem:             31136 kB
Slab:             116680 kB
SReclaimable:      36352 kB
SUnreclaim:        80328 kB
KernelStack:       33984 kB
PageTables:        56136 kB
NFS_Unstable:          0 kB
Bounce:                0 kB
WritebackTmp:          0 kB
CommitLimit:     2172840 kB
Committed_AS:   91822760 kB
VmallocTotal:   251658176 kB
VmallocUsed:      138740 kB
VmallocChunk:   251419692 kB
Time pass: 157 sec

---2015-12-09 10:41:11
MemTotal:        2905316 kB
MemFree:           73780 kB
Buffers:           25572 kB
Cached:          1066680 kB
SwapCached:            0 kB
Active:          1306776 kB
Inactive:         722488 kB
Active(anon):     782128 kB
Inactive(anon):   198476 kB
Active(file):     524648 kB
Inactive(file):   524012 kB
Unevictable:       12456 kB
Mlocked:               0 kB
SwapTotal:        720184 kB
SwapFree:         720156 kB
Dirty:                84 kB
Writeback:             0 kB
AnonPages:        949416 kB
Mapped:           695124 kB
Shmem:             31136 kB
Slab:             116680 kB
SReclaimable:      36352 kB
SUnreclaim:        80328 kB
KernelStack:       34000 kB
PageTables:        56160 kB
NFS_Unstable:          0 kB
Bounce:                0 kB
WritebackTmp:          0 kB
CommitLimit:     2172840 kB
Committed_AS:   91822784 kB
VmallocTotal:   251658176 kB
VmallocUsed:      138740 kB
VmallocChunk:   251419692 kB
Time pass: 160 sec

---2015-12-09 10:41:11
MemTotal:        2905316 kB
MemFree:           77024 kB
Buffers:           25588 kB
Cached:          1066696 kB
SwapCached:            0 kB
Active:          1300044 kB
Inactive:         722500 kB
Active(anon):     775376 kB
Inactive(anon):   198476 kB
Active(file):     524668 kB
Inactive(file):   524024 kB
Unevictable:       12456 kB
Mlocked:               0 kB
SwapTotal:        720184 kB
SwapFree:         720156 kB
Dirty:                52 kB
Writeback:             0 kB
AnonPages:        942840 kB
Mapped:           695368 kB
Shmem:             31136 kB
Slab:             116680 kB
SReclaimable:      36352 kB
SUnreclaim:        80328 kB
KernelStack:       33792 kB
PageTables:        56128 kB
NFS_Unstable:          0 kB
Bounce:                0 kB
WritebackTmp:          0 kB
CommitLimit:     2172840 kB
Committed_AS:   91822668 kB
VmallocTotal:   251658176 kB
VmallocUsed:      138768 kB
VmallocChunk:   251419692 kB
Time pass: 164 sec

---2015-12-09 10:41:11
MemTotal:        2905316 kB
MemFree:           77120 kB
Buffers:           25596 kB
Cached:          1066740 kB
SwapCached:            0 kB
Active:          1300712 kB
Inactive:         722508 kB
Active(anon):     776044 kB
Inactive(anon):   198476 kB
Active(file):     524668 kB
Inactive(file):   524032 kB
Unevictable:       12456 kB
Mlocked:               0 kB
SwapTotal:        720184 kB
SwapFree:         720156 kB
Dirty:                44 kB
Writeback:             0 kB
AnonPages:        943456 kB
Mapped:           695480 kB
Shmem:             31136 kB
Slab:             116680 kB
SReclaimable:      36352 kB
SUnreclaim:        80328 kB
KernelStack:       33792 kB
PageTables:        56128 kB
NFS_Unstable:          0 kB
Bounce:                0 kB
WritebackTmp:          0 kB
CommitLimit:     2172840 kB
Committed_AS:   91822624 kB
VmallocTotal:   251658176 kB
VmallocUsed:      136352 kB
VmallocChunk:   251419692 kB
Time pass: 168 sec

---2015-12-09 10:41:11
MemTotal:        2905316 kB
MemFree:           74240 kB
Buffers:           25596 kB
Cached:          1066764 kB
SwapCached:            0 kB
Active:          1303872 kB
Inactive:         722540 kB
Active(anon):     779168 kB
Inactive(anon):   198476 kB
Active(file):     524704 kB
Inactive(file):   524064 kB
Unevictable:       12456 kB
Mlocked:               0 kB
SwapTotal:        720184 kB
SwapFree:         720156 kB
Dirty:                80 kB
Writeback:             0 kB
AnonPages:        946608 kB
Mapped:           696144 kB
Shmem:             31136 kB
Slab:             116680 kB
SReclaimable:      36352 kB
SUnreclaim:        80328 kB
KernelStack:       33888 kB
PageTables:        56644 kB
NFS_Unstable:          0 kB
Bounce:                0 kB
WritebackTmp:          0 kB
CommitLimit:     2172840 kB
Committed_AS:   92550748 kB
VmallocTotal:   251658176 kB
VmallocUsed:      137372 kB
VmallocChunk:   251400236 kB
Time pass: 172 sec

---2015-12-09 10:41:11
MemTotal:        2905316 kB
MemFree:           72968 kB
Buffers:           25604 kB
Cached:          1066784 kB
SwapCached:            0 kB
Active:          1304228 kB
Inactive:         722552 kB
Active(anon):     779512 kB
Inactive(anon):   198476 kB
Active(file):     524716 kB
Inactive(file):   524076 kB
Unevictable:       12456 kB
Mlocked:               0 kB
SwapTotal:        720184 kB
SwapFree:         720156 kB
Dirty:                64 kB
Writeback:             0 kB
AnonPages:        946856 kB
Mapped:           696208 kB
Shmem:             31136 kB
Slab:             116680 kB
SReclaimable:      36352 kB
SUnreclaim:        80328 kB
KernelStack:       33872 kB
PageTables:        56696 kB
NFS_Unstable:          0 kB
Bounce:                0 kB
WritebackTmp:          0 kB
CommitLimit:     2172840 kB
Committed_AS:   92551340 kB
VmallocTotal:   251658176 kB
VmallocUsed:      137372 kB
VmallocChunk:   251400236 kB
Time pass: 176 sec

---2015-12-09 10:41:11
MemTotal:        2905316 kB
MemFree:           72528 kB
Buffers:           25612 kB
Cached:          1066780 kB
SwapCached:            0 kB
Active:          1304268 kB
Inactive:         722548 kB
Active(anon):     779544 kB
Inactive(anon):   198476 kB
Active(file):     524724 kB
Inactive(file):   524072 kB
Unevictable:       12456 kB
Mlocked:               0 kB
SwapTotal:        720184 kB
SwapFree:         720156 kB
Dirty:                 8 kB
Writeback:             0 kB
AnonPages:        946924 kB
Mapped:           696228 kB
Shmem:             31136 kB
Slab:             116680 kB
SReclaimable:      36352 kB
SUnreclaim:        80328 kB
KernelStack:       33904 kB
PageTables:        56696 kB
NFS_Unstable:          0 kB
Bounce:                0 kB
WritebackTmp:          0 kB
CommitLimit:     2172840 kB
Committed_AS:   92551328 kB
VmallocTotal:   251658176 kB
VmallocUsed:      137372 kB
VmallocChunk:   251400236 kB
Time pass: 180 sec

---2015-12-09 10:41:11
MemTotal:        2905316 kB
MemFree:           71936 kB
Buffers:           25612 kB
Cached:          1066848 kB
SwapCached:            0 kB
Active:          1304900 kB
Inactive:         722620 kB
Active(anon):     780176 kB
Inactive(anon):   198536 kB
Active(file):     524724 kB
Inactive(file):   524084 kB
Unevictable:       12456 kB
Mlocked:               0 kB
SwapTotal:        720184 kB
SwapFree:         720156 kB
Dirty:                 8 kB
Writeback:             0 kB
AnonPages:        947564 kB
Mapped:           696296 kB
Shmem:             31196 kB
Slab:             116680 kB
SReclaimable:      36352 kB
SUnreclaim:        80328 kB
KernelStack:       33904 kB
PageTables:        56740 kB
NFS_Unstable:          0 kB
Bounce:                0 kB
WritebackTmp:          0 kB
CommitLimit:     2172840 kB
Committed_AS:   92577980 kB
VmallocTotal:   251658176 kB
VmallocUsed:      137372 kB
VmallocChunk:   251400236 kB
Time pass: 183 sec

---2015-12-09 10:41:11
MemTotal:        2905316 kB
MemFree:           71416 kB
Buffers:           25620 kB
Cached:          1066856 kB
SwapCached:            0 kB
Active:          1305580 kB
Inactive:         722616 kB
Active(anon):     780848 kB
Inactive(anon):   198536 kB
Active(file):     524732 kB
Inactive(file):   524080 kB
Unevictable:       12456 kB
Mlocked:               0 kB
SwapTotal:        720184 kB
SwapFree:         720156 kB
Dirty:                28 kB
Writeback:             0 kB
AnonPages:        948448 kB
Mapped:           696240 kB
Shmem:             31196 kB
Slab:             116680 kB
SReclaimable:      36352 kB
SUnreclaim:        80328 kB
KernelStack:       33888 kB
PageTables:        56716 kB
NFS_Unstable:          0 kB
Bounce:                0 kB
WritebackTmp:          0 kB
CommitLimit:     2172840 kB
Committed_AS:   92577924 kB
VmallocTotal:   251658176 kB
VmallocUsed:      137372 kB
VmallocChunk:   251400236 kB
Time pass: 187 sec

---2015-12-09 10:41:11
MemTotal:        2905316 kB
MemFree:           72144 kB
Buffers:           25512 kB
Cached:          1053244 kB
SwapCached:            0 kB
Active:          1311896 kB
Inactive:         715700 kB
Active(anon):     794544 kB
Inactive(anon):   197948 kB
Active(file):     517352 kB
Inactive(file):   517752 kB
Unevictable:       12456 kB
Mlocked:               0 kB
SwapTotal:        720184 kB
SwapFree:         720156 kB
Dirty:               164 kB
Writeback:             0 kB
AnonPages:        961048 kB
Mapped:           699272 kB
Shmem:             31196 kB
Slab:             116600 kB
SReclaimable:      36272 kB
SUnreclaim:        80328 kB
KernelStack:       34032 kB
PageTables:        56720 kB
NFS_Unstable:          0 kB
Bounce:                0 kB
WritebackTmp:          0 kB
CommitLimit:     2172840 kB
Committed_AS:   92578044 kB
VmallocTotal:   251658176 kB
VmallocUsed:      137404 kB
VmallocChunk:   251400236 kB
Time pass: 191 sec

---2015-12-09 10:41:11
MemTotal:        2905316 kB
MemFree:           71304 kB
Buffers:           25528 kB
Cached:          1053336 kB
SwapCached:            0 kB
Active:          1312212 kB
Inactive:         715804 kB
Active(anon):     794856 kB
Inactive(anon):   197948 kB
Active(file):     517356 kB
Inactive(file):   517856 kB
Unevictable:       12456 kB
Mlocked:               0 kB
SwapTotal:        720184 kB
SwapFree:         720156 kB
Dirty:                 4 kB
Writeback:             0 kB
AnonPages:        961668 kB
Mapped:           699336 kB
Shmem:             31196 kB
Slab:             116568 kB
SReclaimable:      36272 kB
SUnreclaim:        80296 kB
KernelStack:       34048 kB
PageTables:        56744 kB
NFS_Unstable:          0 kB
Bounce:                0 kB
WritebackTmp:          0 kB
CommitLimit:     2172840 kB
Committed_AS:   92578044 kB
VmallocTotal:   251658176 kB
VmallocUsed:      137404 kB
VmallocChunk:   251400236 kB
Time pass: 194 sec

---2015-12-09 10:41:11
MemTotal:        2905316 kB
MemFree:           77972 kB
Buffers:           25536 kB
Cached:          1053376 kB
SwapCached:            0 kB
Active:          1309004 kB
Inactive:         715832 kB
Active(anon):     791632 kB
Inactive(anon):   197948 kB
Active(file):     517372 kB
Inactive(file):   517884 kB
Unevictable:       12456 kB
Mlocked:               0 kB
SwapTotal:        720184 kB
SwapFree:         720156 kB
Dirty:               100 kB
Writeback:             0 kB
AnonPages:        958460 kB
Mapped:           696276 kB
Shmem:             31196 kB
Slab:             116504 kB
SReclaimable:      36272 kB
SUnreclaim:        80232 kB
KernelStack:       33904 kB
PageTables:        56724 kB
NFS_Unstable:          0 kB
Bounce:                0 kB
WritebackTmp:          0 kB
CommitLimit:     2172840 kB
Committed_AS:   92577960 kB
VmallocTotal:   251658176 kB
VmallocUsed:      137372 kB
VmallocChunk:   251400236 kB
Time pass: 198 sec

---2015-12-09 10:41:11
MemTotal:        2905316 kB
MemFree:           82460 kB
Buffers:           25544 kB
Cached:          1053408 kB
SwapCached:            0 kB
Active:          1304456 kB
Inactive:         715856 kB
Active(anon):     787068 kB
Inactive(anon):   197948 kB
Active(file):     517388 kB
Inactive(file):   517908 kB
Unevictable:       12456 kB
Mlocked:               0 kB
SwapTotal:        720184 kB
SwapFree:         720156 kB
Dirty:               140 kB
Writeback:             0 kB
AnonPages:        953860 kB
Mapped:           696292 kB
Shmem:             31196 kB
Slab:             116472 kB
SReclaimable:      36272 kB
SUnreclaim:        80200 kB
KernelStack:       33872 kB
PageTables:        56724 kB
NFS_Unstable:          0 kB
Bounce:                0 kB
WritebackTmp:          0 kB
CommitLimit:     2172840 kB
Committed_AS:   92577956 kB
VmallocTotal:   251658176 kB
VmallocUsed:      137372 kB
VmallocChunk:   251400236 kB
Time pass: 202 sec

---2015-12-09 10:41:11
MemTotal:        2905316 kB
MemFree:           82332 kB
Buffers:           25552 kB
Cached:          1053412 kB
SwapCached:            0 kB
Active:          1304604 kB
Inactive:         715856 kB
Active(anon):     787212 kB
Inactive(anon):   197948 kB
Active(file):     517392 kB
Inactive(file):   517908 kB
Unevictable:       12456 kB
Mlocked:               0 kB
SwapTotal:        720184 kB
SwapFree:         720156 kB
Dirty:                48 kB
Writeback:             0 kB
AnonPages:        954036 kB
Mapped:           696312 kB
Shmem:             31196 kB
Slab:             116472 kB
SReclaimable:      36272 kB
SUnreclaim:        80200 kB
KernelStack:       33872 kB
PageTables:        56724 kB
NFS_Unstable:          0 kB
Bounce:                0 kB
WritebackTmp:          0 kB
CommitLimit:     2172840 kB
Committed_AS:   92577920 kB
VmallocTotal:   251658176 kB
VmallocUsed:      137372 kB
VmallocChunk:   251400236 kB
Time pass: 205 sec

---2015-12-09 10:41:11
MemTotal:        2905316 kB
MemFree:           81388 kB
Buffers:           25552 kB
Cached:          1053476 kB
SwapCached:            0 kB
Active:          1305884 kB
Inactive:         715916 kB
Active(anon):     788484 kB
Inactive(anon):   197948 kB
Active(file):     517400 kB
Inactive(file):   517968 kB
Unevictable:       12456 kB
Mlocked:               0 kB
SwapTotal:        720184 kB
SwapFree:         720156 kB
Dirty:                52 kB
Writeback:             0 kB
AnonPages:        955020 kB
Mapped:           696408 kB
Shmem:             31196 kB
Slab:             116472 kB
SReclaimable:      36272 kB
SUnreclaim:        80200 kB
KernelStack:       33872 kB
PageTables:        56752 kB
NFS_Unstable:          0 kB
Bounce:                0 kB
WritebackTmp:          0 kB
CommitLimit:     2172840 kB
Committed_AS:   92577920 kB
VmallocTotal:   251658176 kB
VmallocUsed:      137372 kB
VmallocChunk:   251400236 kB
Time pass: 209 sec

---2015-12-09 10:41:11
MemTotal:        2905316 kB
MemFree:           80272 kB
Buffers:           25576 kB
Cached:          1053568 kB
SwapCached:            0 kB
Active:          1306708 kB
Inactive:         716004 kB
Active(anon):     789276 kB
Inactive(anon):   198008 kB
Active(file):     517432 kB
Inactive(file):   517996 kB
Unevictable:       12456 kB
Mlocked:               0 kB
SwapTotal:        720184 kB
SwapFree:         720156 kB
Dirty:                16 kB
Writeback:             0 kB
AnonPages:        956008 kB
Mapped:           696492 kB
Shmem:             31256 kB
Slab:             116488 kB
SReclaimable:      36288 kB
SUnreclaim:        80200 kB
KernelStack:       33856 kB
PageTables:        56800 kB
NFS_Unstable:          0 kB
Bounce:                0 kB
WritebackTmp:          0 kB
CommitLimit:     2172840 kB
Committed_AS:   92604520 kB
VmallocTotal:   251658176 kB
VmallocUsed:      137372 kB
VmallocChunk:   251400236 kB
Time pass: 213 sec

---2015-12-09 10:41:11
MemTotal:        2905316 kB
MemFree:           73664 kB
Buffers:           25600 kB
Cached:          1053752 kB
SwapCached:            0 kB
Active:          1309284 kB
Inactive:         716040 kB
Active(anon):     791676 kB
Inactive(anon):   198008 kB
Active(file):     517608 kB
Inactive(file):   518032 kB
Unevictable:       12456 kB
Mlocked:               0 kB
SwapTotal:        720184 kB
SwapFree:         720156 kB
Dirty:                80 kB
Writeback:             0 kB
AnonPages:        958264 kB
Mapped:           696524 kB
Shmem:             31256 kB
Slab:             120088 kB
SReclaimable:      39444 kB
SUnreclaim:        80644 kB
KernelStack:       33856 kB
PageTables:        56876 kB
NFS_Unstable:          0 kB
Bounce:                0 kB
WritebackTmp:          0 kB
CommitLimit:     2172840 kB
Committed_AS:   92616076 kB
VmallocTotal:   251658176 kB
VmallocUsed:      138392 kB
VmallocChunk:   251400236 kB
Time pass: 217 sec

---2015-12-09 10:41:11
MemTotal:        2905316 kB
MemFree:           74604 kB
Buffers:           25600 kB
Cached:          1053904 kB
SwapCached:            0 kB
Active:          1308344 kB
Inactive:         716156 kB
Active(anon):     790728 kB
Inactive(anon):   198008 kB
Active(file):     517616 kB
Inactive(file):   518148 kB
Unevictable:       12456 kB
Mlocked:               0 kB
SwapTotal:        720184 kB
SwapFree:         720156 kB
Dirty:               104 kB
Writeback:             0 kB
AnonPages:        957684 kB
Mapped:           696536 kB
Shmem:             31256 kB
Slab:             120548 kB
SReclaimable:      40008 kB
SUnreclaim:        80540 kB
KernelStack:       33904 kB
PageTables:        56864 kB
NFS_Unstable:          0 kB
Bounce:                0 kB
WritebackTmp:          0 kB
CommitLimit:     2172840 kB
Committed_AS:   92610456 kB
VmallocTotal:   251658176 kB
VmallocUsed:      137372 kB
VmallocChunk:   251400236 kB
Time pass: 221 sec

---2015-12-09 10:41:11
MemTotal:        2905316 kB
MemFree:           75352 kB
Buffers:           25612 kB
Cached:          1053964 kB
SwapCached:            0 kB
Active:          1307420 kB
Inactive:         716236 kB
Active(anon):     789784 kB
Inactive(anon):   198008 kB
Active(file):     517636 kB
Inactive(file):   518228 kB
Unevictable:       12456 kB
Mlocked:               0 kB
SwapTotal:        720184 kB
SwapFree:         720156 kB
Dirty:                40 kB
Writeback:             0 kB
AnonPages:        956536 kB
Mapped:           696548 kB
Shmem:             31256 kB
Slab:             120616 kB
SReclaimable:      40044 kB
SUnreclaim:        80572 kB
KernelStack:       33840 kB
PageTables:        56804 kB
NFS_Unstable:          0 kB
Bounce:                0 kB
WritebackTmp:          0 kB
CommitLimit:     2172840 kB
Committed_AS:   92604508 kB
VmallocTotal:   251658176 kB
VmallocUsed:      137372 kB
VmallocChunk:   251400236 kB
Time pass: 224 sec

---2015-12-09 10:41:11
MemTotal:        2905316 kB
MemFree:           74884 kB
Buffers:           25620 kB
Cached:          1054076 kB
SwapCached:            0 kB
Active:          1308148 kB
Inactive:         716308 kB
Active(anon):     790488 kB
Inactive(anon):   198008 kB
Active(file):     517660 kB
Inactive(file):   518300 kB
Unevictable:       12456 kB
Mlocked:               0 kB
SwapTotal:        720184 kB
SwapFree:         720156 kB
Dirty:                 4 kB
Writeback:             0 kB
AnonPages:        957336 kB
Mapped:           696568 kB
Shmem:             31256 kB
Slab:             120620 kB
SReclaimable:      40048 kB
SUnreclaim:        80572 kB
KernelStack:       33856 kB
PageTables:        56788 kB
NFS_Unstable:          0 kB
Bounce:                0 kB
WritebackTmp:          0 kB
CommitLimit:     2172840 kB
Committed_AS:   92604788 kB
VmallocTotal:   251658176 kB
VmallocUsed:      137372 kB
VmallocChunk:   251400236 kB
Time pass: 228 sec

---2015-12-09 10:41:11
MemTotal:        2905316 kB
MemFree:           73668 kB
Buffers:           25628 kB
Cached:          1054076 kB
SwapCached:            0 kB
Active:          1308252 kB
Inactive:         716336 kB
Active(anon):     790592 kB
Inactive(anon):   198008 kB
Active(file):     517660 kB
Inactive(file):   518328 kB
Unevictable:       12456 kB
Mlocked:               0 kB
SwapTotal:        720184 kB
SwapFree:         720156 kB
Dirty:                64 kB
Writeback:             0 kB
AnonPages:        957492 kB
Mapped:           696636 kB
Shmem:             31256 kB
Slab:             120620 kB
SReclaimable:      40048 kB
SUnreclaim:        80572 kB
KernelStack:       33856 kB
PageTables:        56812 kB
NFS_Unstable:          0 kB
Bounce:                0 kB
WritebackTmp:          0 kB
CommitLimit:     2172840 kB
Committed_AS:   92604816 kB
VmallocTotal:   251658176 kB
VmallocUsed:      137372 kB
VmallocChunk:   251400236 kB
Time pass: 232 sec

---2015-12-09 10:41:11
MemTotal:        2905316 kB
MemFree:           74000 kB
Buffers:           25628 kB
Cached:          1054080 kB
SwapCached:            0 kB
Active:          1308304 kB
Inactive:         716344 kB
Active(anon):     790644 kB
Inactive(anon):   198008 kB
Active(file):     517660 kB
Inactive(file):   518336 kB
Unevictable:       12456 kB
Mlocked:               0 kB
SwapTotal:        720184 kB
SwapFree:         720156 kB
Dirty:                64 kB
Writeback:             0 kB
AnonPages:        957552 kB
Mapped:           696528 kB
Shmem:             31256 kB
Slab:             120620 kB
SReclaimable:      40048 kB
SUnreclaim:        80572 kB
KernelStack:       33840 kB
PageTables:        56788 kB
NFS_Unstable:          0 kB
Bounce:                0 kB
WritebackTmp:          0 kB
CommitLimit:     2172840 kB
Committed_AS:   92604804 kB
VmallocTotal:   251658176 kB
VmallocUsed:      137372 kB
VmallocChunk:   251400236 kB
Time pass: 236 sec

---2015-12-09 10:41:11
MemTotal:        2905316 kB
MemFree:           74420 kB
Buffers:           25636 kB
Cached:          1054080 kB
SwapCached:            0 kB
Active:          1308628 kB
Inactive:         716340 kB
Active(anon):     790964 kB
Inactive(anon):   198008 kB
Active(file):     517664 kB
Inactive(file):   518332 kB
Unevictable:       12456 kB
Mlocked:               0 kB
SwapTotal:        720184 kB
SwapFree:         720156 kB
Dirty:                16 kB
Writeback:             0 kB
AnonPages:        957720 kB
Mapped:           696584 kB
Shmem:             31256 kB
Slab:             120620 kB
SReclaimable:      40048 kB
SUnreclaim:        80572 kB
KernelStack:       33824 kB
PageTables:        56788 kB
NFS_Unstable:          0 kB
Bounce:                0 kB
WritebackTmp:          0 kB
CommitLimit:     2172840 kB
Committed_AS:   92604780 kB
VmallocTotal:   251658176 kB
VmallocUsed:      137372 kB
VmallocChunk:   251400236 kB
Time pass: 240 sec

---2015-12-09 10:41:11
MemTotal:        2905316 kB
MemFree:           73140 kB
Buffers:           25644 kB
Cached:          1054132 kB
SwapCached:            0 kB
Active:          1309752 kB
Inactive:         716408 kB
Active(anon):     792088 kB
Inactive(anon):   198068 kB
Active(file):     517664 kB
Inactive(file):   518340 kB
Unevictable:       12456 kB
Mlocked:               0 kB
SwapTotal:        720184 kB
SwapFree:         720156 kB
Dirty:                 8 kB
Writeback:             0 kB
AnonPages:        958728 kB
Mapped:           696712 kB
Shmem:             31316 kB
Slab:             120628 kB
SReclaimable:      40048 kB
SUnreclaim:        80580 kB
KernelStack:       33824 kB
PageTables:        56864 kB
NFS_Unstable:          0 kB
Bounce:                0 kB
WritebackTmp:          0 kB
CommitLimit:     2172840 kB
Committed_AS:   92631636 kB
VmallocTotal:   251658176 kB
VmallocUsed:      137372 kB
VmallocChunk:   251400236 kB
Time pass: 244 sec

---2015-12-09 10:41:11
MemTotal:        2905316 kB
MemFree:           72392 kB
Buffers:           25644 kB
Cached:          1054144 kB
SwapCached:            0 kB
Active:          1309776 kB
Inactive:         716416 kB
Active(anon):     792112 kB
Inactive(anon):   198068 kB
Active(file):     517664 kB
Inactive(file):   518348 kB
Unevictable:       12456 kB
Mlocked:               0 kB
SwapTotal:        720184 kB
SwapFree:         720156 kB
Dirty:                28 kB
Writeback:             0 kB
AnonPages:        958900 kB
Mapped:           696724 kB
Shmem:             31316 kB
Slab:             120628 kB
SReclaimable:      40048 kB
SUnreclaim:        80580 kB
KernelStack:       33776 kB
PageTables:        56864 kB
NFS_Unstable:          0 kB
Bounce:                0 kB
WritebackTmp:          0 kB
CommitLimit:     2172840 kB
Committed_AS:   92631600 kB
VmallocTotal:   251658176 kB
VmallocUsed:      137372 kB
VmallocChunk:   251400236 kB
Time pass: 247 sec

---2015-12-09 10:41:11
MemTotal:        2905316 kB
MemFree:           72180 kB
Buffers:           25652 kB
Cached:          1054160 kB
SwapCached:            0 kB
Active:          1310428 kB
Inactive:         716432 kB
Active(anon):     792752 kB
Inactive(anon):   198068 kB
Active(file):     517676 kB
Inactive(file):   518364 kB
Unevictable:       12456 kB
Mlocked:               0 kB
SwapTotal:        720184 kB
SwapFree:         720156 kB
Dirty:                44 kB
Writeback:             0 kB
AnonPages:        959392 kB
Mapped:           696672 kB
Shmem:             31316 kB
Slab:             120628 kB
SReclaimable:      40048 kB
SUnreclaim:        80580 kB
KernelStack:       33824 kB
PageTables:        56840 kB
NFS_Unstable:          0 kB
Bounce:                0 kB
WritebackTmp:          0 kB
CommitLimit:     2172840 kB
Committed_AS:   92631708 kB
VmallocTotal:   251658176 kB
VmallocUsed:      137372 kB
VmallocChunk:   251400236 kB
Time pass: 251 sec

---2015-12-09 10:41:11
MemTotal:        2905316 kB
MemFree:           71452 kB
Buffers:           25660 kB
Cached:          1054168 kB
SwapCached:            0 kB
Active:          1311552 kB
Inactive:         716428 kB
Active(anon):     793864 kB
Inactive(anon):   198068 kB
Active(file):     517688 kB
Inactive(file):   518360 kB
Unevictable:       12456 kB
Mlocked:               0 kB
SwapTotal:        720184 kB
SwapFree:         720156 kB
Dirty:                36 kB
Writeback:             0 kB
AnonPages:        960620 kB
Mapped:           696676 kB
Shmem:             31316 kB
Slab:             120596 kB
SReclaimable:      40048 kB
SUnreclaim:        80548 kB
KernelStack:       33808 kB
PageTables:        56840 kB
NFS_Unstable:          0 kB
Bounce:                0 kB
WritebackTmp:          0 kB
CommitLimit:     2172840 kB
Committed_AS:   92631696 kB
VmallocTotal:   251658176 kB
VmallocUsed:      137372 kB
VmallocChunk:   251400236 kB
Time pass: 255 sec

---2015-12-09 10:41:11
MemTotal:        2905316 kB
MemFree:           71144 kB
Buffers:           25668 kB
Cached:          1054216 kB
SwapCached:            0 kB
Active:          1311780 kB
Inactive:         716448 kB
Active(anon):     794072 kB
Inactive(anon):   198068 kB
Active(file):     517708 kB
Inactive(file):   518380 kB
Unevictable:       12456 kB
Mlocked:               0 kB
SwapTotal:        720184 kB
SwapFree:         720156 kB
Dirty:                20 kB
Writeback:             0 kB
AnonPages:        960848 kB
Mapped:           696724 kB
Shmem:             31316 kB
Slab:             120596 kB
SReclaimable:      40048 kB
SUnreclaim:        80548 kB
KernelStack:       33712 kB
PageTables:        56840 kB
NFS_Unstable:          0 kB
Bounce:                0 kB
WritebackTmp:          0 kB
CommitLimit:     2172840 kB
Committed_AS:   92631720 kB
VmallocTotal:   251658176 kB
VmallocUsed:      137372 kB
VmallocChunk:   251400236 kB
Time pass: 259 sec

---2015-12-09 10:41:11
MemTotal:        2905316 kB
MemFree:           70316 kB
Buffers:           25668 kB
Cached:          1054224 kB
SwapCached:            0 kB
Active:          1311908 kB
Inactive:         716472 kB
Active(anon):     794196 kB
Inactive(anon):   198068 kB
Active(file):     517712 kB
Inactive(file):   518404 kB
Unevictable:       12456 kB
Mlocked:               0 kB
SwapTotal:        720184 kB
SwapFree:         720156 kB
Dirty:                36 kB
Writeback:             0 kB
AnonPages:        961116 kB
Mapped:           696804 kB
Shmem:             31316 kB
Slab:             120596 kB
SReclaimable:      40048 kB
SUnreclaim:        80548 kB
KernelStack:       33712 kB
PageTables:        56848 kB
NFS_Unstable:          0 kB
Bounce:                0 kB
WritebackTmp:          0 kB
CommitLimit:     2172840 kB
Committed_AS:   92631744 kB
VmallocTotal:   251658176 kB
VmallocUsed:      137372 kB
VmallocChunk:   251400236 kB
Time pass: 263 sec

---2015-12-09 10:41:11
MemTotal:        2905316 kB
MemFree:           69348 kB
Buffers:           25676 kB
Cached:          1054260 kB
SwapCached:            0 kB
Active:          1313204 kB
Inactive:         716504 kB
Active(anon):     795480 kB
Inactive(anon):   198068 kB
Active(file):     517724 kB
Inactive(file):   518436 kB
Unevictable:       12456 kB
Mlocked:               0 kB
SwapTotal:        720184 kB
SwapFree:         720156 kB
Dirty:                64 kB
Writeback:             0 kB
AnonPages:        962268 kB
Mapped:           696800 kB
Shmem:             31316 kB
Slab:             120596 kB
SReclaimable:      40048 kB
SUnreclaim:        80548 kB
KernelStack:       33728 kB
PageTables:        56844 kB
NFS_Unstable:          0 kB
Bounce:                0 kB
WritebackTmp:          0 kB
CommitLimit:     2172840 kB
Committed_AS:   92631744 kB
VmallocTotal:   251658176 kB
VmallocUsed:      137372 kB
VmallocChunk:   251400236 kB
Time pass: 267 sec

---2015-12-09 10:41:11
MemTotal:        2905316 kB
MemFree:           69020 kB
Buffers:           25684 kB
Cached:          1054284 kB
SwapCached:            0 kB
Active:          1313476 kB
Inactive:         716528 kB
Active(anon):     795744 kB
Inactive(anon):   198068 kB
Active(file):     517732 kB
Inactive(file):   518460 kB
Unevictable:       12456 kB
Mlocked:               0 kB
SwapTotal:        720184 kB
SwapFree:         720156 kB
Dirty:                20 kB
Writeback:             0 kB
AnonPages:        962612 kB
Mapped:           696768 kB
Shmem:             31316 kB
Slab:             120596 kB
SReclaimable:      40048 kB
SUnreclaim:        80548 kB
KernelStack:       33728 kB
PageTables:        56836 kB
NFS_Unstable:          0 kB
Bounce:                0 kB
WritebackTmp:          0 kB
CommitLimit:     2172840 kB
Committed_AS:   92631756 kB
VmallocTotal:   251658176 kB
VmallocUsed:      137372 kB
VmallocChunk:   251400236 kB
Time pass: 271 sec

---2015-12-09 10:41:11
MemTotal:        2905316 kB
MemFree:           67836 kB
Buffers:           25692 kB
Cached:          1054344 kB
SwapCached:            0 kB
Active:          1314744 kB
Inactive:         716592 kB
Active(anon):     797004 kB
Inactive(anon):   198128 kB
Active(file):     517740 kB
Inactive(file):   518464 kB
Unevictable:       12456 kB
Mlocked:               0 kB
SwapTotal:        720184 kB
SwapFree:         720156 kB
Dirty:                36 kB
Writeback:             0 kB
AnonPages:        963792 kB
Mapped:           696852 kB
Shmem:             31376 kB
Slab:             120596 kB
SReclaimable:      40048 kB
SUnreclaim:        80548 kB
KernelStack:       33680 kB
PageTables:        56892 kB
NFS_Unstable:          0 kB
Bounce:                0 kB
WritebackTmp:          0 kB
CommitLimit:     2172840 kB
Committed_AS:   92658368 kB
VmallocTotal:   251658176 kB
VmallocUsed:      137372 kB
VmallocChunk:   251400236 kB
Time pass: 274 sec

---2015-12-09 10:41:11
MemTotal:        2905316 kB
MemFree:           67540 kB
Buffers:           25692 kB
Cached:          1054356 kB
SwapCached:            0 kB
Active:          1314868 kB
Inactive:         716600 kB
Active(anon):     797124 kB
Inactive(anon):   198128 kB
Active(file):     517744 kB
Inactive(file):   518472 kB
Unevictable:       12456 kB
Mlocked:               0 kB
SwapTotal:        720184 kB
SwapFree:         720156 kB
Dirty:                28 kB
Writeback:             0 kB
AnonPages:        963948 kB
Mapped:           696864 kB
Shmem:             31376 kB
Slab:             120596 kB
SReclaimable:      40048 kB
SUnreclaim:        80548 kB
KernelStack:       33680 kB
PageTables:        56892 kB
NFS_Unstable:          0 kB
Bounce:                0 kB
WritebackTmp:          0 kB
CommitLimit:     2172840 kB
Committed_AS:   92658356 kB
VmallocTotal:   251658176 kB
VmallocUsed:      137372 kB
VmallocChunk:   251400236 kB
Time pass: 278 sec

---2015-12-09 10:41:11
MemTotal:        2905316 kB
MemFree:           66764 kB
Buffers:           25708 kB
Cached:          1054400 kB
SwapCached:            0 kB
Active:          1316040 kB
Inactive:         716644 kB
Active(anon):     798280 kB
Inactive(anon):   198128 kB
Active(file):     517760 kB
Inactive(file):   518516 kB
Unevictable:       12456 kB
Mlocked:               0 kB
SwapTotal:        720184 kB
SwapFree:         720156 kB
Dirty:                76 kB
Writeback:             0 kB
AnonPages:        965056 kB
Mapped:           696872 kB
Shmem:             31376 kB
Slab:             120532 kB
SReclaimable:      40048 kB
SUnreclaim:        80484 kB
KernelStack:       33680 kB
PageTables:        56892 kB
NFS_Unstable:          0 kB
Bounce:                0 kB
WritebackTmp:          0 kB
CommitLimit:     2172840 kB
Committed_AS:   92658320 kB
VmallocTotal:   251658176 kB
VmallocUsed:      137372 kB
VmallocChunk:   251400236 kB
Time pass: 282 sec

---2015-12-09 10:41:11
MemTotal:        2905316 kB
MemFree:           66260 kB
Buffers:           25716 kB
Cached:          1054400 kB
SwapCached:            0 kB
Active:          1316292 kB
Inactive:         716644 kB
Active(anon):     798524 kB
Inactive(anon):   198128 kB
Active(file):     517768 kB
Inactive(file):   518516 kB
Unevictable:       12456 kB
Mlocked:               0 kB
SwapTotal:        720184 kB
SwapFree:         720156 kB
Dirty:                32 kB
Writeback:             0 kB
AnonPages:        965288 kB
Mapped:           696880 kB
Shmem:             31376 kB
Slab:             120532 kB
SReclaimable:      40048 kB
SUnreclaim:        80484 kB
KernelStack:       33696 kB
PageTables:        56888 kB
NFS_Unstable:          0 kB
Bounce:                0 kB
WritebackTmp:          0 kB
CommitLimit:     2172840 kB
Committed_AS:   92658320 kB
VmallocTotal:   251658176 kB
VmallocUsed:      137372 kB
VmallocChunk:   251400236 kB
Time pass: 286 sec

---2015-12-09 10:41:11
MemTotal:        2905316 kB
MemFree:           66152 kB
Buffers:           25716 kB
Cached:          1054408 kB
SwapCached:            0 kB
Active:          1316448 kB
Inactive:         716648 kB
Active(anon):     798676 kB
Inactive(anon):   198128 kB
Active(file):     517772 kB
Inactive(file):   518520 kB
Unevictable:       12456 kB
Mlocked:               0 kB
SwapTotal:        720184 kB
SwapFree:         720156 kB
Dirty:                36 kB
Writeback:             0 kB
AnonPages:        965468 kB
Mapped:           696896 kB
Shmem:             31376 kB
Slab:             120532 kB
SReclaimable:      40048 kB
SUnreclaim:        80484 kB
KernelStack:       33680 kB
PageTables:        56888 kB
NFS_Unstable:          0 kB
Bounce:                0 kB
WritebackTmp:          0 kB
CommitLimit:     2172840 kB
Committed_AS:   92658296 kB
VmallocTotal:   251658176 kB
VmallocUsed:      137372 kB
VmallocChunk:   251400236 kB
Time pass: 290 sec

---2015-12-09 10:41:11
MemTotal:        2905316 kB
MemFree:           65632 kB
Buffers:           25724 kB
Cached:          1054444 kB
SwapCached:            0 kB
Active:          1317764 kB
Inactive:         716684 kB
Active(anon):     799992 kB
Inactive(anon):   198128 kB
Active(file):     517772 kB
Inactive(file):   518556 kB
Unevictable:       12456 kB
Mlocked:               0 kB
SwapTotal:        720184 kB
SwapFree:         720156 kB
Dirty:                64 kB
Writeback:             0 kB
AnonPages:        966676 kB
Mapped:           696908 kB
Shmem:             31376 kB
Slab:             120532 kB
SReclaimable:      40048 kB
SUnreclaim:        80484 kB
KernelStack:       33696 kB
PageTables:        56888 kB
NFS_Unstable:          0 kB
Bounce:                0 kB
WritebackTmp:          0 kB
CommitLimit:     2172840 kB
Committed_AS:   92658260 kB
VmallocTotal:   251658176 kB
VmallocUsed:      137372 kB
VmallocChunk:   251400236 kB
Time pass: 293 sec

---2015-12-09 10:41:11
MemTotal:        2905316 kB
MemFree:           64864 kB
Buffers:           25732 kB
Cached:          1054444 kB
SwapCached:            0 kB
Active:          1317832 kB
Inactive:         716692 kB
Active(anon):     800056 kB
Inactive(anon):   198128 kB
Active(file):     517776 kB
Inactive(file):   518564 kB
Unevictable:       12456 kB
Mlocked:               0 kB
SwapTotal:        720184 kB
SwapFree:         720156 kB
Dirty:                24 kB
Writeback:             0 kB
AnonPages:        966848 kB
Mapped:           696908 kB
Shmem:             31376 kB
Slab:             120532 kB
SReclaimable:      40048 kB
SUnreclaim:        80484 kB
KernelStack:       33696 kB
PageTables:        56892 kB
NFS_Unstable:          0 kB
Bounce:                0 kB
WritebackTmp:          0 kB
CommitLimit:     2172840 kB
Committed_AS:   92658392 kB
VmallocTotal:   251658176 kB
VmallocUsed:      137372 kB
VmallocChunk:   251400236 kB
Time pass: 298 sec

---2015-12-09 10:41:11
MemTotal:        2905316 kB
MemFree:           64748 kB
Buffers:           25740 kB
Cached:          1054440 kB
SwapCached:            0 kB
Active:          1317776 kB
Inactive:         716692 kB
Active(anon):     800000 kB
Inactive(anon):   198128 kB
Active(file):     517776 kB
Inactive(file):   518564 kB
Unevictable:       12456 kB
Mlocked:               0 kB
SwapTotal:        720184 kB
SwapFree:         720156 kB
Dirty:                 4 kB
Writeback:             0 kB
AnonPages:        966892 kB
Mapped:           696912 kB
Shmem:             31376 kB
Slab:             120532 kB
SReclaimable:      40048 kB
SUnreclaim:        80484 kB
KernelStack:       33680 kB
PageTables:        56892 kB
NFS_Unstable:          0 kB
Bounce:                0 kB
WritebackTmp:          0 kB
CommitLimit:     2172840 kB
Committed_AS:   92658380 kB
VmallocTotal:   251658176 kB
VmallocUsed:      137372 kB
VmallocChunk:   251400236 kB
Time pass: 301 sec

---2015-12-09 10:41:11
MemTotal:        2905316 kB
MemFree:           62936 kB
Buffers:           25740 kB
Cached:          1054508 kB
SwapCached:            0 kB
Active:          1318960 kB
Inactive:         716764 kB
Active(anon):     801180 kB
Inactive(anon):   198188 kB
Active(file):     517780 kB
Inactive(file):   518576 kB
Unevictable:       12456 kB
Mlocked:               0 kB
SwapTotal:        720184 kB
SwapFree:         720156 kB
Dirty:                12 kB
Writeback:             0 kB
AnonPages:        967940 kB
Mapped:           696992 kB
Shmem:             31436 kB
Slab:             120516 kB
SReclaimable:      40048 kB
SUnreclaim:        80468 kB
KernelStack:       33664 kB
PageTables:        56940 kB
NFS_Unstable:          0 kB
Bounce:                0 kB
WritebackTmp:          0 kB
CommitLimit:     2172840 kB
Committed_AS:   92685180 kB
VmallocTotal:   251658176 kB
VmallocUsed:      137372 kB
VmallocChunk:   251400236 kB
Time pass: 305 sec

---2015-12-09 10:41:11
MemTotal:        2905316 kB
MemFree:           63036 kB
Buffers:           25748 kB
Cached:          1054508 kB
SwapCached:            0 kB
Active:          1319052 kB
Inactive:         716768 kB
Active(anon):     801272 kB
Inactive(anon):   198188 kB
Active(file):     517780 kB
Inactive(file):   518580 kB
Unevictable:       12456 kB
Mlocked:               0 kB
SwapTotal:        720184 kB
SwapFree:         720156 kB
Dirty:                20 kB
Writeback:             0 kB
AnonPages:        968084 kB
Mapped:           696996 kB
Shmem:             31436 kB
Slab:             120516 kB
SReclaimable:      40048 kB
SUnreclaim:        80468 kB
KernelStack:       33664 kB
PageTables:        56944 kB
NFS_Unstable:          0 kB
Bounce:                0 kB
WritebackTmp:          0 kB
CommitLimit:     2172840 kB
Committed_AS:   92685180 kB
VmallocTotal:   251658176 kB
VmallocUsed:      137372 kB
VmallocChunk:   251400236 kB
Time pass: 309 sec

---2015-12-09 10:41:11
MemTotal:        2905316 kB
MemFree:           67240 kB
Buffers:           25748 kB
Cached:          1050664 kB
SwapCached:            0 kB
Active:          1316604 kB
Inactive:         715700 kB
Active(anon):     800316 kB
Inactive(anon):   199468 kB
Active(file):     516288 kB
Inactive(file):   516232 kB
Unevictable:       12456 kB
Mlocked:               0 kB
SwapTotal:        720184 kB
SwapFree:         720156 kB
Dirty:                 8 kB
Writeback:             0 kB
AnonPages:        968204 kB
Mapped:           697008 kB
Shmem:             31436 kB
Slab:             120496 kB
SReclaimable:      40032 kB
SUnreclaim:        80464 kB
KernelStack:       33616 kB
PageTables:        56944 kB
NFS_Unstable:          0 kB
Bounce:                0 kB
WritebackTmp:          0 kB
CommitLimit:     2172840 kB
Committed_AS:   92685136 kB
VmallocTotal:   251658176 kB
VmallocUsed:      137372 kB
VmallocChunk:   251400236 kB
Time pass: 313 sec

---2015-12-09 10:41:11
MemTotal:        2905316 kB
MemFree:           67504 kB
Buffers:           25756 kB
Cached:          1050664 kB
SwapCached:            0 kB
Active:          1316636 kB
Inactive:         715708 kB
Active(anon):     800348 kB
Inactive(anon):   199468 kB
Active(file):     516288 kB
Inactive(file):   516240 kB
Unevictable:       12456 kB
Mlocked:               0 kB
SwapTotal:        720184 kB
SwapFree:         720156 kB
Dirty:                 4 kB
Writeback:             0 kB
AnonPages:        968608 kB
Mapped:           697012 kB
Shmem:             31436 kB
Slab:             120496 kB
SReclaimable:      40032 kB
SUnreclaim:        80464 kB
KernelStack:       33600 kB
PageTables:        56944 kB
NFS_Unstable:          0 kB
Bounce:                0 kB
WritebackTmp:          0 kB
CommitLimit:     2172840 kB
Committed_AS:   92685068 kB
VmallocTotal:   251658176 kB
VmallocUsed:      137372 kB
VmallocChunk:   251400236 kB
Time pass: 316 sec

---2015-12-09 10:41:11
MemTotal:        2905316 kB
MemFree:           67404 kB
Buffers:           25764 kB
Cached:          1050668 kB
SwapCached:            0 kB
Active:          1316800 kB
Inactive:         715708 kB
Active(anon):     800512 kB
Inactive(anon):   199468 kB
Active(file):     516288 kB
Inactive(file):   516240 kB
Unevictable:       12456 kB
Mlocked:               0 kB
SwapTotal:        720184 kB
SwapFree:         720156 kB
Dirty:                20 kB
Writeback:             0 kB
AnonPages:        968524 kB
Mapped:           697020 kB
Shmem:             31436 kB
Slab:             120496 kB
SReclaimable:      40032 kB
SUnreclaim:        80464 kB
KernelStack:       33584 kB
PageTables:        56948 kB
NFS_Unstable:          0 kB
Bounce:                0 kB
WritebackTmp:          0 kB
CommitLimit:     2172840 kB
Committed_AS:   92685040 kB
VmallocTotal:   251658176 kB
VmallocUsed:      137372 kB
VmallocChunk:   251400236 kB
Time pass: 320 sec

---2015-12-09 10:41:11
MemTotal:        2905316 kB
MemFree:           67264 kB
Buffers:           25772 kB
Cached:          1050680 kB
SwapCached:            0 kB
Active:          1316932 kB
Inactive:         715716 kB
Active(anon):     800640 kB
Inactive(anon):   199468 kB
Active(file):     516292 kB
Inactive(file):   516248 kB
Unevictable:       12456 kB
Mlocked:               0 kB
SwapTotal:        720184 kB
SwapFree:         720156 kB
Dirty:                12 kB
Writeback:             0 kB
AnonPages:        968684 kB
Mapped:           697024 kB
Shmem:             31436 kB
Slab:             120496 kB
SReclaimable:      40032 kB
SUnreclaim:        80464 kB
KernelStack:       33568 kB
PageTables:        56948 kB
NFS_Unstable:          0 kB
Bounce:                0 kB
WritebackTmp:          0 kB
CommitLimit:     2172840 kB
Committed_AS:   92685028 kB
VmallocTotal:   251658176 kB
VmallocUsed:      137372 kB
VmallocChunk:   251400236 kB
Time pass: 324 sec

---2015-12-09 10:41:11
MemTotal:        2905316 kB
MemFree:           67444 kB
Buffers:           25772 kB
Cached:          1050688 kB
SwapCached:            0 kB
Active:          1317244 kB
Inactive:         715744 kB
Active(anon):     800952 kB
Inactive(anon):   199468 kB
Active(file):     516292 kB
Inactive(file):   516276 kB
Unevictable:       12456 kB
Mlocked:               0 kB
SwapTotal:        720184 kB
SwapFree:         720156 kB
Dirty:                 8 kB
Writeback:             0 kB
AnonPages:        968912 kB
Mapped:           697052 kB
Shmem:             31436 kB
Slab:             120496 kB
SReclaimable:      40032 kB
SUnreclaim:        80464 kB
KernelStack:       33568 kB
PageTables:        56944 kB
NFS_Unstable:          0 kB
Bounce:                0 kB
WritebackTmp:          0 kB
CommitLimit:     2172840 kB
Committed_AS:   92684992 kB
VmallocTotal:   251658176 kB
VmallocUsed:      137372 kB
VmallocChunk:   251400236 kB
Time pass: 328 sec

---2015-12-09 10:41:11
MemTotal:        2905316 kB
MemFree:           66552 kB
Buffers:           25788 kB
Cached:          1050684 kB
SwapCached:            0 kB
Active:          1317400 kB
Inactive:         715752 kB
Active(anon):     801104 kB
Inactive(anon):   199468 kB
Active(file):     516296 kB
Inactive(file):   516284 kB
Unevictable:       12456 kB
Mlocked:               0 kB
SwapTotal:        720184 kB
SwapFree:         720156 kB
Dirty:                 4 kB
Writeback:             0 kB
AnonPages:        969112 kB
Mapped:           697080 kB
Shmem:             31436 kB
Slab:             120496 kB
SReclaimable:      40032 kB
SUnreclaim:        80464 kB
KernelStack:       33568 kB
PageTables:        56944 kB
NFS_Unstable:          0 kB
Bounce:                0 kB
WritebackTmp:          0 kB
CommitLimit:     2172840 kB
Committed_AS:   92684968 kB
VmallocTotal:   251658176 kB
VmallocUsed:      137372 kB
VmallocChunk:   251400236 kB
Time pass: 332 sec

---2015-12-09 10:41:11
MemTotal:        2905316 kB
MemFree:           65732 kB
Buffers:           25788 kB
Cached:          1050760 kB
SwapCached:            0 kB
Active:          1318332 kB
Inactive:         715824 kB
Active(anon):     802032 kB
Inactive(anon):   199528 kB
Active(file):     516300 kB
Inactive(file):   516296 kB
Unevictable:       12456 kB
Mlocked:               0 kB
SwapTotal:        720184 kB
SwapFree:         720156 kB
Dirty:                 4 kB
Writeback:             0 kB
AnonPages:        970176 kB
Mapped:           697156 kB
Shmem:             31496 kB
Slab:             120496 kB
SReclaimable:      40032 kB
SUnreclaim:        80464 kB
KernelStack:       33520 kB
PageTables:        57000 kB
NFS_Unstable:          0 kB
Bounce:                0 kB
WritebackTmp:          0 kB
CommitLimit:     2172840 kB
Committed_AS:   92711592 kB
VmallocTotal:   251658176 kB
VmallocUsed:      137372 kB
VmallocChunk:   251400236 kB
Time pass: 336 sec

---2015-12-09 10:41:11
MemTotal:        2905316 kB
MemFree:           65484 kB
Buffers:           25796 kB
Cached:          1050760 kB
SwapCached:            0 kB
Active:          1318688 kB
Inactive:         715828 kB
Active(anon):     802388 kB
Inactive(anon):   199528 kB
Active(file):     516300 kB
Inactive(file):   516300 kB
Unevictable:       12456 kB
Mlocked:               0 kB
SwapTotal:        720184 kB
SwapFree:         720156 kB
Dirty:                16 kB
Writeback:             0 kB
AnonPages:        970300 kB
Mapped:           697164 kB
Shmem:             31496 kB
Slab:             120496 kB
SReclaimable:      40032 kB
SUnreclaim:        80464 kB
KernelStack:       33520 kB
PageTables:        57000 kB
NFS_Unstable:          0 kB
Bounce:                0 kB
WritebackTmp:          0 kB
CommitLimit:     2172840 kB
Committed_AS:   92711540 kB
VmallocTotal:   251658176 kB
VmallocUsed:      137372 kB
VmallocChunk:   251400236 kB
Time pass: 340 sec

---2015-12-09 10:41:11
MemTotal:        2905316 kB
MemFree:           65492 kB
Buffers:           25804 kB
Cached:          1050760 kB
SwapCached:            0 kB
Active:          1318764 kB
Inactive:         715832 kB
Active(anon):     802464 kB
Inactive(anon):   199528 kB
Active(file):     516300 kB
Inactive(file):   516304 kB
Unevictable:       12456 kB
Mlocked:               0 kB
SwapTotal:        720184 kB
SwapFree:         720156 kB
Dirty:                 8 kB
Writeback:             0 kB
AnonPages:        970472 kB
Mapped:           697172 kB
Shmem:             31496 kB
Slab:             120496 kB
SReclaimable:      40032 kB
SUnreclaim:        80464 kB
KernelStack:       33536 kB
PageTables:        56996 kB
NFS_Unstable:          0 kB
Bounce:                0 kB
WritebackTmp:          0 kB
CommitLimit:     2172840 kB
Committed_AS:   92711580 kB
VmallocTotal:   251658176 kB
VmallocUsed:      137372 kB
VmallocChunk:   251400236 kB
Time pass: 344 sec

---2015-12-09 10:41:11
MemTotal:        2905316 kB
MemFree:           65056 kB
Buffers:           25804 kB
Cached:          1050764 kB
SwapCached:            0 kB
Active:          1318936 kB
Inactive:         715840 kB
Active(anon):     802632 kB
Inactive(anon):   199528 kB
Active(file):     516304 kB
Inactive(file):   516312 kB
Unevictable:       12456 kB
Mlocked:               0 kB
SwapTotal:        720184 kB
SwapFree:         720156 kB
Dirty:                 4 kB
Writeback:             0 kB
AnonPages:        970636 kB
Mapped:           697180 kB
Shmem:             31496 kB
Slab:             120496 kB
SReclaimable:      40032 kB
SUnreclaim:        80464 kB
KernelStack:       33520 kB
PageTables:        57000 kB
NFS_Unstable:          0 kB
Bounce:                0 kB
WritebackTmp:          0 kB
CommitLimit:     2172840 kB
Committed_AS:   92711580 kB
VmallocTotal:   251658176 kB
VmallocUsed:      137372 kB
VmallocChunk:   251400236 kB
Time pass: 347 sec

---2015-12-09 10:41:11
MemTotal:        2905316 kB
MemFree:           64940 kB
Buffers:           25812 kB
Cached:          1050768 kB
SwapCached:            0 kB
Active:          1319220 kB
Inactive:         715848 kB
Active(anon):     802912 kB
Inactive(anon):   199528 kB
Active(file):     516308 kB
Inactive(file):   516320 kB
Unevictable:       12456 kB
Mlocked:               0 kB
SwapTotal:        720184 kB
SwapFree:         720156 kB
Dirty:                20 kB
Writeback:             0 kB
AnonPages:        970972 kB
Mapped:           697184 kB
Shmem:             31496 kB
Slab:             120496 kB
SReclaimable:      40032 kB
SUnreclaim:        80464 kB
KernelStack:       33520 kB
PageTables:        57000 kB
NFS_Unstable:          0 kB
Bounce:                0 kB
WritebackTmp:          0 kB
CommitLimit:     2172840 kB
Committed_AS:   92711564 kB
VmallocTotal:   251658176 kB
VmallocUsed:      137372 kB
VmallocChunk:   251400236 kB
Time pass: 351 sec

---2015-12-09 10:41:11
MemTotal:        2905316 kB
MemFree:           64416 kB
Buffers:           25820 kB
Cached:          1050772 kB
SwapCached:            0 kB
Active:          1319716 kB
Inactive:         715852 kB
Active(anon):     803408 kB
Inactive(anon):   199528 kB
Active(file):     516308 kB
Inactive(file):   516324 kB
Unevictable:       12456 kB
Mlocked:               0 kB
SwapTotal:        720184 kB
SwapFree:         720156 kB
Dirty:                28 kB
Writeback:             0 kB
AnonPages:        971260 kB
Mapped:           697188 kB
Shmem:             31496 kB
Slab:             120496 kB
SReclaimable:      40032 kB
SUnreclaim:        80464 kB
KernelStack:       33552 kB
PageTables:        57000 kB
NFS_Unstable:          0 kB
Bounce:                0 kB
WritebackTmp:          0 kB
CommitLimit:     2172840 kB
Committed_AS:   92711624 kB
VmallocTotal:   251658176 kB
VmallocUsed:      137372 kB
VmallocChunk:   251400236 kB
Time pass: 355 sec

---2015-12-09 10:41:11
MemTotal:        2905316 kB
MemFree:           64400 kB
Buffers:           25820 kB
Cached:          1050784 kB
SwapCached:            0 kB
Active:          1320132 kB
Inactive:         715860 kB
Active(anon):     803812 kB
Inactive(anon):   199528 kB
Active(file):     516320 kB
Inactive(file):   516332 kB
Unevictable:       12456 kB
Mlocked:               0 kB
SwapTotal:        720184 kB
SwapFree:         720156 kB
Dirty:                12 kB
Writeback:             0 kB
AnonPages:        971756 kB
Mapped:           697208 kB
Shmem:             31496 kB
Slab:             120496 kB
SReclaimable:      40032 kB
SUnreclaim:        80464 kB
KernelStack:       33536 kB
PageTables:        57000 kB
NFS_Unstable:          0 kB
Bounce:                0 kB
WritebackTmp:          0 kB
CommitLimit:     2172840 kB
Committed_AS:   92711588 kB
VmallocTotal:   251658176 kB
VmallocUsed:      137372 kB
VmallocChunk:   251400236 kB
Time pass: 359 sec

---2015-12-09 10:41:11
MemTotal:        2905316 kB
MemFree:           63988 kB
Buffers:           25828 kB
Cached:          1050784 kB
SwapCached:            0 kB
Active:          1320000 kB
Inactive:         715864 kB
Active(anon):     803676 kB
Inactive(anon):   199528 kB
Active(file):     516324 kB
Inactive(file):   516336 kB
Unevictable:       12456 kB
Mlocked:               0 kB
SwapTotal:        720184 kB
SwapFree:         720156 kB
Dirty:                24 kB
Writeback:             0 kB
AnonPages:        971820 kB
Mapped:           697212 kB
Shmem:             31496 kB
Slab:             120496 kB
SReclaimable:      40032 kB
SUnreclaim:        80464 kB
KernelStack:       33568 kB
PageTables:        57000 kB
NFS_Unstable:          0 kB
Bounce:                0 kB
WritebackTmp:          0 kB
CommitLimit:     2172840 kB
Committed_AS:   92711580 kB
VmallocTotal:   251658176 kB
VmallocUsed:      137372 kB
VmallocChunk:   251400236 kB
Time pass: 363 sec

---2015-12-09 10:41:11
MemTotal:        2905316 kB
MemFree:           65400 kB
Buffers:           25836 kB
Cached:          1050460 kB
SwapCached:            0 kB
Active:          1319752 kB
Inactive:         715444 kB
Active(anon):     803420 kB
Inactive(anon):   198968 kB
Active(file):     516332 kB
Inactive(file):   516476 kB
Unevictable:       12456 kB
Mlocked:               0 kB
SwapTotal:        720184 kB
SwapFree:         720156 kB
Dirty:                 8 kB
Writeback:             0 kB
AnonPages:        971360 kB
Mapped:           696788 kB
Shmem:             31012 kB
Slab:             120504 kB
SReclaimable:      40032 kB
SUnreclaim:        80472 kB
KernelStack:       33504 kB
PageTables:        56576 kB
NFS_Unstable:          0 kB
Bounce:                0 kB
WritebackTmp:          0 kB
CommitLimit:     2172840 kB
Committed_AS:   92445608 kB
VmallocTotal:   251658176 kB
VmallocUsed:      137372 kB
VmallocChunk:   251400236 kB
Time pass: 368 sec

---2015-12-09 10:41:11
MemTotal:        2905316 kB
MemFree:           66728 kB
Buffers:           25844 kB
Cached:          1050908 kB
SwapCached:            0 kB
Active:          1317900 kB
Inactive:         715820 kB
Active(anon):     801564 kB
Inactive(anon):   198968 kB
Active(file):     516336 kB
Inactive(file):   516852 kB
Unevictable:       12456 kB
Mlocked:               0 kB
SwapTotal:        720184 kB
SwapFree:         720156 kB
Dirty:                64 kB
Writeback:             0 kB
AnonPages:        969576 kB
Mapped:           696960 kB
Shmem:             31012 kB
Slab:             120504 kB
SReclaimable:      40032 kB
SUnreclaim:        80472 kB
KernelStack:       33568 kB
PageTables:        56576 kB
NFS_Unstable:          0 kB
Bounce:                0 kB
WritebackTmp:          0 kB
CommitLimit:     2172840 kB
Committed_AS:   92445920 kB
VmallocTotal:   251658176 kB
VmallocUsed:      137372 kB
VmallocChunk:   251400236 kB
Time pass: 372 sec

---2015-12-09 10:41:11
MemTotal:        2905316 kB
MemFree:           66276 kB
Buffers:           25852 kB
Cached:          1050912 kB
SwapCached:            0 kB
Active:          1317964 kB
Inactive:         715876 kB
Active(anon):     801612 kB
Inactive(anon):   198968 kB
Active(file):     516352 kB
Inactive(file):   516908 kB
Unevictable:       12456 kB
Mlocked:               0 kB
SwapTotal:        720184 kB
SwapFree:         720156 kB
Dirty:                 4 kB
Writeback:             0 kB
AnonPages:        969712 kB
Mapped:           696968 kB
Shmem:             31012 kB
Slab:             120504 kB
SReclaimable:      40032 kB
SUnreclaim:        80472 kB
KernelStack:       33600 kB
PageTables:        56576 kB
NFS_Unstable:          0 kB
Bounce:                0 kB
WritebackTmp:          0 kB
CommitLimit:     2172840 kB
Committed_AS:   92445952 kB
VmallocTotal:   251658176 kB
VmallocUsed:      137372 kB
VmallocChunk:   251400236 kB
Time pass: 376 sec

---2015-12-09 10:41:11
MemTotal:        2905316 kB
MemFree:           66360 kB
Buffers:           25852 kB
Cached:          1050912 kB
SwapCached:            0 kB
Active:          1318256 kB
Inactive:         715912 kB
Active(anon):     801904 kB
Inactive(anon):   198968 kB
Active(file):     516352 kB
Inactive(file):   516944 kB
Unevictable:       12456 kB
Mlocked:               0 kB
SwapTotal:        720184 kB
SwapFree:         720156 kB
Dirty:                 4 kB
Writeback:             0 kB
AnonPages:        969844 kB
Mapped:           696972 kB
Shmem:             31012 kB
Slab:             120504 kB
SReclaimable:      40032 kB
SUnreclaim:        80472 kB
KernelStack:       33600 kB
PageTables:        56576 kB
NFS_Unstable:          0 kB
Bounce:                0 kB
WritebackTmp:          0 kB
CommitLimit:     2172840 kB
Committed_AS:   92445964 kB
VmallocTotal:   251658176 kB
VmallocUsed:      137372 kB
VmallocChunk:   251400236 kB
Time pass: 380 sec

---2015-12-09 10:41:11
MemTotal:        2905316 kB
MemFree:           65832 kB
Buffers:           25860 kB
Cached:          1050916 kB
SwapCached:            0 kB
Active:          1318448 kB
Inactive:         715924 kB
Active(anon):     802096 kB
Inactive(anon):   198968 kB
Active(file):     516352 kB
Inactive(file):   516956 kB
Unevictable:       12456 kB
Mlocked:               0 kB
SwapTotal:        720184 kB
SwapFree:         720156 kB
Dirty:                28 kB
Writeback:             0 kB
AnonPages:        969992 kB
Mapped:           696980 kB
Shmem:             31012 kB
Slab:             120504 kB
SReclaimable:      40032 kB
SUnreclaim:        80472 kB
KernelStack:       33600 kB
PageTables:        56572 kB
NFS_Unstable:          0 kB
Bounce:                0 kB
WritebackTmp:          0 kB
CommitLimit:     2172840 kB
Committed_AS:   92445948 kB
VmallocTotal:   251658176 kB
VmallocUsed:      137372 kB
VmallocChunk:   251400236 kB
Time pass: 385 sec

---2015-12-09 10:41:11
MemTotal:        2905316 kB
MemFree:           65872 kB
Buffers:           25868 kB
Cached:          1050920 kB
SwapCached:            0 kB
Active:          1318760 kB
Inactive:         715924 kB
Active(anon):     802404 kB
Inactive(anon):   198968 kB
Active(file):     516356 kB
Inactive(file):   516956 kB
Unevictable:       12456 kB
Mlocked:               0 kB
SwapTotal:        720184 kB
SwapFree:         720156 kB
Dirty:                28 kB
Writeback:             0 kB
AnonPages:        970328 kB
Mapped:           697020 kB
Shmem:             31012 kB
Slab:             120472 kB
SReclaimable:      40000 kB
SUnreclaim:        80472 kB
KernelStack:       33584 kB
PageTables:        56572 kB
NFS_Unstable:          0 kB
Bounce:                0 kB
WritebackTmp:          0 kB
CommitLimit:     2172840 kB
Committed_AS:   92445972 kB
VmallocTotal:   251658176 kB
VmallocUsed:      137372 kB
VmallocChunk:   251400236 kB
Time pass: 390 sec

---2015-12-09 10:41:11
MemTotal:        2905316 kB
MemFree:           65024 kB
Buffers:           25884 kB
Cached:          1051016 kB
SwapCached:            0 kB
Active:          1319408 kB
Inactive:         715996 kB
Active(anon):     803048 kB
Inactive(anon):   199028 kB
Active(file):     516360 kB
Inactive(file):   516968 kB
Unevictable:       12456 kB
Mlocked:               0 kB
SwapTotal:        720184 kB
SwapFree:         720156 kB
Dirty:                28 kB
Writeback:             0 kB
AnonPages:        971364 kB
Mapped:           697116 kB
Shmem:             31072 kB
Slab:             120472 kB
SReclaimable:      40000 kB
SUnreclaim:        80472 kB
KernelStack:       33568 kB
PageTables:        56624 kB
NFS_Unstable:          0 kB
Bounce:                0 kB
WritebackTmp:          0 kB
CommitLimit:     2172840 kB
Committed_AS:   92472584 kB
VmallocTotal:   251658176 kB
VmallocUsed:      137372 kB
VmallocChunk:   251400236 kB
Time pass: 396 sec

---2015-12-09 10:41:11
MemTotal:        2905316 kB
MemFree:           64440 kB
Buffers:           25892 kB
Cached:          1051024 kB
SwapCached:            0 kB
Active:          1319608 kB
Inactive:         716008 kB
