---2015-12-18 17:09:26
MemTotal:        1959952 kB
MemFree:          101952 kB
Buffers:            4836 kB
Cached:          1222664 kB
SwapCached:          392 kB
Active:           845728 kB
Inactive:         775868 kB
Active(anon):     235476 kB
Inactive(anon):   160552 kB
Active(file):     610252 kB
Inactive(file):   615316 kB
Unevictable:        1744 kB
Mlocked:               0 kB
HighTotal:       1372556 kB
HighFree:          32460 kB
LowTotal:         587396 kB
LowFree:           69492 kB
SwapTotal:        262140 kB
SwapFree:         251132 kB
Dirty:               180 kB
Writeback:             0 kB
AnonPages:        396012 kB
Mapped:           277976 kB
Shmem:               156 kB
Slab:              54952 kB
SReclaimable:      16832 kB
SUnreclaim:        38120 kB
KernelStack:       14968 kB
PageTables:        25692 kB
NFS_Unstable:          0 kB
Bounce:                0 kB
WritebackTmp:          0 kB
CommitLimit:     1242116 kB
Committed_AS:   55764072 kB
VmallocTotal:     409600 kB
VmallocUsed:       34880 kB
VmallocChunk:      98332 kB
Time pass: 3 sec

---2015-12-18 17:09:26
MemTotal:        1959952 kB
MemFree:          101628 kB
Buffers:            4836 kB
Cached:          1222664 kB
SwapCached:          392 kB
Active:           846368 kB
Inactive:         775848 kB
Active(anon):     236116 kB
Inactive(anon):   160532 kB
Active(file):     610252 kB
Inactive(file):   615316 kB
Unevictable:        1744 kB
Mlocked:               0 kB
HighTotal:       1372556 kB
HighFree:          32096 kB
LowTotal:         587396 kB
LowFree:           69532 kB
SwapTotal:        262140 kB
SwapFree:         251132 kB
Dirty:               180 kB
Writeback:             0 kB
AnonPages:        396532 kB
Mapped:           277976 kB
Shmem:               156 kB
Slab:              54792 kB
SReclaimable:      16840 kB
SUnreclaim:        37952 kB
KernelStack:       14968 kB
PageTables:        25692 kB
NFS_Unstable:          0 kB
Bounce:                0 kB
WritebackTmp:          0 kB
CommitLimit:     1242116 kB
Committed_AS:   55764572 kB
VmallocTotal:     409600 kB
VmallocUsed:       34880 kB
VmallocChunk:      98332 kB
Time pass: 6 sec

---2015-12-18 17:09:26
MemTotal:        1959952 kB
MemFree:          101068 kB
Buffers:            4836 kB
Cached:          1222664 kB
SwapCached:          392 kB
Active:           846716 kB
Inactive:         775844 kB
Active(anon):     236464 kB
Inactive(anon):   160528 kB
Active(file):     610252 kB
Inactive(file):   615316 kB
Unevictable:        1744 kB
Mlocked:               0 kB
HighTotal:       1372556 kB
HighFree:          31644 kB
LowTotal:         587396 kB
LowFree:           69424 kB
SwapTotal:        262140 kB
SwapFree:         251132 kB
Dirty:               180 kB
Writeback:             0 kB
AnonPages:        396596 kB
Mapped:           278028 kB
Shmem:               156 kB
Slab:              54776 kB
SReclaimable:      16840 kB
SUnreclaim:        37936 kB
KernelStack:       14984 kB
PageTables:        25708 kB
NFS_Unstable:          0 kB
Bounce:                0 kB
WritebackTmp:          0 kB
CommitLimit:     1242116 kB
Committed_AS:   55764584 kB
VmallocTotal:     409600 kB
VmallocUsed:       34880 kB
VmallocChunk:      98332 kB
Time pass: 10 sec

---2015-12-18 17:09:26
MemTotal:        1959952 kB
MemFree:          101224 kB
Buffers:            4836 kB
Cached:          1222664 kB
SwapCached:          392 kB
Active:           846560 kB
Inactive:         775844 kB
Active(anon):     236308 kB
Inactive(anon):   160528 kB
Active(file):     610252 kB
Inactive(file):   615316 kB
Unevictable:        1744 kB
Mlocked:               0 kB
HighTotal:       1372556 kB
HighFree:          31404 kB
LowTotal:         587396 kB
LowFree:           69820 kB
SwapTotal:        262140 kB
SwapFree:         251132 kB
Dirty:               180 kB
Writeback:             0 kB
AnonPages:        396660 kB
Mapped:           277980 kB
Shmem:               156 kB
Slab:              54588 kB
SReclaimable:      16840 kB
SUnreclaim:        37748 kB
KernelStack:       14968 kB
PageTables:        25672 kB
NFS_Unstable:          0 kB
Bounce:                0 kB
WritebackTmp:          0 kB
CommitLimit:     1242116 kB
Committed_AS:   55764780 kB
VmallocTotal:     409600 kB
VmallocUsed:       34880 kB
VmallocChunk:      98332 kB
Time pass: 14 sec

---2015-12-18 17:09:26
MemTotal:        1959952 kB
MemFree:          100336 kB
Buffers:            4836 kB
Cached:          1222664 kB
SwapCached:          392 kB
Active:           846696 kB
Inactive:         775844 kB
Active(anon):     236444 kB
Inactive(anon):   160528 kB
Active(file):     610252 kB
Inactive(file):   615316 kB
Unevictable:        1744 kB
Mlocked:               0 kB
HighTotal:       1372556 kB
HighFree:          31152 kB
LowTotal:         587396 kB
LowFree:           69184 kB
SwapTotal:        262140 kB
SwapFree:         251132 kB
Dirty:               180 kB
Writeback:             0 kB
AnonPages:        396720 kB
Mapped:           277976 kB
Shmem:               156 kB
Slab:              55128 kB
SReclaimable:      16840 kB
SUnreclaim:        38288 kB
KernelStack:       14968 kB
PageTables:        25692 kB
NFS_Unstable:          0 kB
Bounce:                0 kB
WritebackTmp:          0 kB
CommitLimit:     1242116 kB
Committed_AS:   55764868 kB
VmallocTotal:     409600 kB
VmallocUsed:       34880 kB
VmallocChunk:      98332 kB
Time pass: 17 sec

---2015-12-18 17:09:26
MemTotal:        1959952 kB
MemFree:          102108 kB
Buffers:            4836 kB
Cached:          1210912 kB
SwapCached:          472 kB
Active:           838532 kB
Inactive:         774340 kB
Active(anon):     239760 kB
Inactive(anon):   160020 kB
Active(file):     598772 kB
Inactive(file):   614320 kB
Unevictable:        1744 kB
Mlocked:               0 kB
HighTotal:       1372556 kB
HighFree:          39000 kB
LowTotal:         587396 kB
LowFree:           63108 kB
SwapTotal:        262140 kB
SwapFree:         249148 kB
Dirty:               180 kB
Writeback:             0 kB
AnonPages:        400372 kB
Mapped:           289508 kB
Shmem:               156 kB
Slab:              55496 kB
SReclaimable:      16976 kB
SUnreclaim:        38520 kB
KernelStack:       15000 kB
PageTables:        26124 kB
NFS_Unstable:          0 kB
Bounce:                0 kB
WritebackTmp:          0 kB
CommitLimit:     1242116 kB
Committed_AS:   56759012 kB
VmallocTotal:     409600 kB
VmallocUsed:       34880 kB
VmallocChunk:      98332 kB
Time pass: 21 sec

---2015-12-18 17:09:26
MemTotal:        1959952 kB
MemFree:           99420 kB
Buffers:            2852 kB
Cached:          1135288 kB
SwapCached:          508 kB
Active:           822396 kB
Inactive:         732956 kB
Active(anon):     255104 kB
Inactive(anon):   165272 kB
Active(file):     567292 kB
Inactive(file):   567684 kB
Unevictable:        1744 kB
Mlocked:               0 kB
HighTotal:       1372556 kB
HighFree:          39192 kB
LowTotal:         587396 kB
LowFree:           60228 kB
SwapTotal:        262140 kB
SwapFree:         236720 kB
Dirty:               312 kB
Writeback:             0 kB
AnonPages:        418844 kB
Mapped:           298140 kB
Shmem:              1392 kB
Slab:              55664 kB
SReclaimable:      16912 kB
SUnreclaim:        38752 kB
KernelStack:       15688 kB
PageTables:        26480 kB
NFS_Unstable:          0 kB
Bounce:                0 kB
WritebackTmp:          0 kB
CommitLimit:     1242116 kB
Committed_AS:   56771044 kB
VmallocTotal:     409600 kB
VmallocUsed:       34068 kB
VmallocChunk:      98332 kB
Time pass: 24 sec

---2015-12-18 17:09:26
MemTotal:        1959952 kB
MemFree:           93924 kB
Buffers:            2852 kB
Cached:          1081056 kB
SwapCached:          540 kB
Active:           798164 kB
Inactive:         710632 kB
Active(anon):     262608 kB
Inactive(anon):   164440 kB
Active(file):     535556 kB
Inactive(file):   546192 kB
Unevictable:        1744 kB
Mlocked:               0 kB
HighTotal:       1372556 kB
HighFree:          28152 kB
LowTotal:         587396 kB
LowFree:           65772 kB
SwapTotal:        262140 kB
SwapFree:         233240 kB
Dirty:               552 kB
Writeback:             4 kB
AnonPages:        426456 kB
Mapped:           315292 kB
Shmem:               268 kB
Slab:              55612 kB
SReclaimable:      17000 kB
SUnreclaim:        38612 kB
KernelStack:       15712 kB
PageTables:        26500 kB
NFS_Unstable:          0 kB
Bounce:                0 kB
WritebackTmp:          0 kB
CommitLimit:     1242116 kB
Committed_AS:   56782220 kB
VmallocTotal:     409600 kB
VmallocUsed:       34284 kB
VmallocChunk:      98332 kB
Time pass: 28 sec

---2015-12-18 17:09:26
MemTotal:        1959952 kB
MemFree:           86172 kB
Buffers:            2852 kB
Cached:          1081220 kB
SwapCached:          540 kB
Active:           789340 kB
Inactive:         710676 kB
Active(anon):     253736 kB
Inactive(anon):   164444 kB
Active(file):     535604 kB
Inactive(file):   546232 kB
Unevictable:        1744 kB
Mlocked:               0 kB
HighTotal:       1372556 kB
HighFree:          21712 kB
LowTotal:         587396 kB
LowFree:           64460 kB
SwapTotal:        262140 kB
SwapFree:         233244 kB
Dirty:               340 kB
Writeback:             4 kB
AnonPages:        417680 kB
Mapped:           326072 kB
Shmem:               268 kB
Slab:              55632 kB
SReclaimable:      17008 kB
SUnreclaim:        38624 kB
KernelStack:       15712 kB
PageTables:        26516 kB
NFS_Unstable:          0 kB
Bounce:                0 kB
WritebackTmp:          0 kB
CommitLimit:     1242116 kB
Committed_AS:   56774928 kB
VmallocTotal:     409600 kB
VmallocUsed:       34360 kB
VmallocChunk:      98332 kB
Time pass: 32 sec

---2015-12-18 17:09:26
MemTotal:        1959952 kB
MemFree:           85920 kB
Buffers:            2852 kB
Cached:          1081004 kB
SwapCached:          536 kB
Active:           789148 kB
Inactive:         710592 kB
Active(anon):     253560 kB
Inactive(anon):   164344 kB
Active(file):     535588 kB
Inactive(file):   546248 kB
Unevictable:        1744 kB
Mlocked:               0 kB
HighTotal:       1372556 kB
HighFree:          25072 kB
LowTotal:         587396 kB
LowFree:           60848 kB
SwapTotal:        262140 kB
SwapFree:         233248 kB
Dirty:               352 kB
Writeback:             0 kB
AnonPages:        417732 kB
Mapped:           326128 kB
Shmem:               268 kB
Slab:              56096 kB
SReclaimable:      16992 kB
SUnreclaim:        39104 kB
KernelStack:       15712 kB
PageTables:        26516 kB
NFS_Unstable:          0 kB
Bounce:                0 kB
WritebackTmp:          0 kB
CommitLimit:     1242116 kB
Committed_AS:   56775004 kB
VmallocTotal:     409600 kB
VmallocUsed:       34360 kB
VmallocChunk:      98332 kB
Time pass: 36 sec

---2015-12-18 17:09:26
MemTotal:        1959952 kB
MemFree:          102580 kB
Buffers:            2848 kB
Cached:          1066184 kB
SwapCached:          536 kB
Active:           786788 kB
Inactive:         698128 kB
Active(anon):     253164 kB
Inactive(anon):   164668 kB
Active(file):     533624 kB
Inactive(file):   533460 kB
Unevictable:        1744 kB
Mlocked:               0 kB
HighTotal:       1372556 kB
HighFree:          40352 kB
LowTotal:         587396 kB
LowFree:           62228 kB
SwapTotal:        262140 kB
SwapFree:         231908 kB
Dirty:               524 kB
Writeback:             0 kB
AnonPages:        417768 kB
Mapped:           324412 kB
Shmem:               268 kB
Slab:              55996 kB
SReclaimable:      16896 kB
SUnreclaim:        39100 kB
KernelStack:       15728 kB
PageTables:        26520 kB
NFS_Unstable:          0 kB
Bounce:                0 kB
WritebackTmp:          0 kB
CommitLimit:     1242116 kB
Committed_AS:   56776964 kB
VmallocTotal:     409600 kB
VmallocUsed:       34360 kB
VmallocChunk:      98332 kB
Time pass: 39 sec

---2015-12-18 17:09:26
MemTotal:        1959952 kB
MemFree:           83304 kB
Buffers:            2844 kB
Cached:          1033416 kB
SwapCached:          576 kB
Active:           780380 kB
Inactive:         682192 kB
Active(anon):     263252 kB
Inactive(anon):   165120 kB
Active(file):     517128 kB
Inactive(file):   517072 kB
Unevictable:        1744 kB
Mlocked:               0 kB
HighTotal:       1372556 kB
HighFree:          31224 kB
LowTotal:         587396 kB
LowFree:           52080 kB
SwapTotal:        262140 kB
SwapFree:         230028 kB
Dirty:               516 kB
Writeback:             0 kB
AnonPages:        428064 kB
Mapped:           331568 kB
Shmem:               268 kB
Slab:              55972 kB
SReclaimable:      16968 kB
SUnreclaim:        39004 kB
KernelStack:       15800 kB
PageTables:        26716 kB
NFS_Unstable:          0 kB
Bounce:                0 kB
WritebackTmp:          0 kB
CommitLimit:     1242116 kB
Committed_AS:   56784852 kB
VmallocTotal:     409600 kB
VmallocUsed:       34524 kB
VmallocChunk:      98332 kB
Time pass: 43 sec

---2015-12-18 17:09:26
MemTotal:        1959952 kB
MemFree:           85492 kB
Buffers:            2844 kB
Cached:          1033436 kB
SwapCached:          576 kB
Active:           779652 kB
Inactive:         682040 kB
Active(anon):     262356 kB
Inactive(anon):   165092 kB
Active(file):     517296 kB
Inactive(file):   516948 kB
Unevictable:        1744 kB
Mlocked:               0 kB
HighTotal:       1372556 kB
HighFree:          32136 kB
LowTotal:         587396 kB
LowFree:           53356 kB
SwapTotal:        262140 kB
SwapFree:         230036 kB
Dirty:               448 kB
Writeback:             0 kB
AnonPages:        426856 kB
Mapped:           331876 kB
Shmem:               268 kB
Slab:              56116 kB
SReclaimable:      17048 kB
SUnreclaim:        39068 kB
KernelStack:       15792 kB
PageTables:        26748 kB
NFS_Unstable:          0 kB
Bounce:                0 kB
WritebackTmp:          0 kB
CommitLimit:     1242116 kB
Committed_AS:   56785040 kB
VmallocTotal:     409600 kB
VmallocUsed:       34508 kB
VmallocChunk:      98332 kB
Time pass: 47 sec

---2015-12-18 17:09:26
MemTotal:        1959952 kB
MemFree:          101368 kB
Buffers:            2844 kB
Cached:          1001076 kB
SwapCached:          572 kB
Active:           776456 kB
Inactive:         668916 kB
Active(anon):     275628 kB
Inactive(anon):   167848 kB
Active(file):     500828 kB
Inactive(file):   501068 kB
Unevictable:        1744 kB
Mlocked:               0 kB
HighTotal:       1372556 kB
HighFree:          39824 kB
LowTotal:         587396 kB
LowFree:           61544 kB
SwapTotal:        262140 kB
SwapFree:         228048 kB
Dirty:               916 kB
Writeback:             0 kB
AnonPages:        443448 kB
Mapped:           337524 kB
Shmem:               268 kB
Slab:              56032 kB
SReclaimable:      17124 kB
SUnreclaim:        38908 kB
KernelStack:       15840 kB
PageTables:        26720 kB
NFS_Unstable:          0 kB
Bounce:                0 kB
WritebackTmp:          0 kB
CommitLimit:     1242116 kB
Committed_AS:   56802360 kB
VmallocTotal:     409600 kB
VmallocUsed:       34552 kB
VmallocChunk:      98332 kB
Time pass: 50 sec

---2015-12-18 17:09:26
MemTotal:        1959952 kB
MemFree:          123580 kB
Buffers:            2844 kB
Cached:           956608 kB
SwapCached:          572 kB
Active:           736944 kB
Inactive:         660528 kB
Active(anon):     271976 kB
Inactive(anon):   168056 kB
Active(file):     464968 kB
Inactive(file):   492472 kB
Unevictable:        1744 kB
Mlocked:               0 kB
HighTotal:       1372556 kB
HighFree:          37752 kB
LowTotal:         587396 kB
LowFree:           85828 kB
SwapTotal:        262140 kB
SwapFree:         227320 kB
Dirty:              1628 kB
Writeback:             0 kB
AnonPages:        439756 kB
Mapped:           354612 kB
Shmem:               268 kB
Slab:              55868 kB
SReclaimable:      16972 kB
SUnreclaim:        38896 kB
KernelStack:       15840 kB
PageTables:        26768 kB
NFS_Unstable:          0 kB
Bounce:                0 kB
WritebackTmp:          0 kB
CommitLimit:     1242116 kB
Committed_AS:   56799588 kB
VmallocTotal:     409600 kB
VmallocUsed:       34652 kB
VmallocChunk:      98332 kB
Time pass: 54 sec

---2015-12-18 17:09:26
MemTotal:        1959952 kB
MemFree:          123128 kB
Buffers:            2844 kB
Cached:           956996 kB
SwapCached:          572 kB
Active:           737328 kB
Inactive:         660804 kB
Active(anon):     272296 kB
Inactive(anon):   168056 kB
Active(file):     465032 kB
Inactive(file):   492748 kB
Unevictable:        1744 kB
Mlocked:               0 kB
HighTotal:       1372556 kB
HighFree:          37392 kB
LowTotal:         587396 kB
LowFree:           85736 kB
SwapTotal:        262140 kB
SwapFree:         227320 kB
Dirty:               660 kB
Writeback:             0 kB
AnonPages:        440092 kB
Mapped:           355140 kB
Shmem:               268 kB
Slab:              55800 kB
SReclaimable:      16972 kB
SUnreclaim:        38828 kB
KernelStack:       15856 kB
PageTables:        26796 kB
NFS_Unstable:          0 kB
Bounce:                0 kB
WritebackTmp:          0 kB
CommitLimit:     1242116 kB
Committed_AS:   56799636 kB
VmallocTotal:     409600 kB
VmallocUsed:       34652 kB
VmallocChunk:      98332 kB
Time pass: 58 sec

---2015-12-18 17:09:26
MemTotal:        1959952 kB
MemFree:          109024 kB
Buffers:            2844 kB
Cached:           957148 kB
SwapCached:          572 kB
Active:           738480 kB
Inactive:         660924 kB
Active(anon):     273420 kB
Inactive(anon):   168048 kB
Active(file):     465060 kB
Inactive(file):   492876 kB
Unevictable:        1744 kB
Mlocked:               0 kB
HighTotal:       1372556 kB
HighFree:          33760 kB
LowTotal:         587396 kB
LowFree:           75264 kB
SwapTotal:        262140 kB
SwapFree:         227320 kB
Dirty:               816 kB
Writeback:             0 kB
AnonPages:        441360 kB
Mapped:           357880 kB
Shmem:               268 kB
Slab:              56096 kB
SReclaimable:      17076 kB
SUnreclaim:        39020 kB
KernelStack:       15840 kB
PageTables:        26784 kB
NFS_Unstable:          0 kB
Bounce:                0 kB
WritebackTmp:          0 kB
CommitLimit:     1242116 kB
Committed_AS:   56801160 kB
VmallocTotal:     409600 kB
VmallocUsed:       34688 kB
VmallocChunk:      98332 kB
Time pass: 61 sec

---2015-12-18 17:09:26
MemTotal:        1959952 kB
MemFree:          105952 kB
Buffers:            2844 kB
Cached:           957584 kB
SwapCached:          572 kB
Active:           741464 kB
Inactive:         661288 kB
Active(anon):     276368 kB
Inactive(anon):   168040 kB
Active(file):     465096 kB
Inactive(file):   493248 kB
Unevictable:        1744 kB
Mlocked:               0 kB
HighTotal:       1372556 kB
HighFree:          30756 kB
LowTotal:         587396 kB
LowFree:           75196 kB
SwapTotal:        262140 kB
SwapFree:         227320 kB
Dirty:               684 kB
Writeback:             0 kB
AnonPages:        444340 kB
Mapped:           358096 kB
Shmem:               268 kB
Slab:              55984 kB
SReclaimable:      17084 kB
SUnreclaim:        38900 kB
KernelStack:       15840 kB
PageTables:        26812 kB
NFS_Unstable:          0 kB
Bounce:                0 kB
WritebackTmp:          0 kB
CommitLimit:     1242116 kB
Committed_AS:   56802056 kB
VmallocTotal:     409600 kB
VmallocUsed:       34688 kB
VmallocChunk:      98332 kB
Time pass: 65 sec

---2015-12-18 17:09:26
MemTotal:        1959952 kB
MemFree:          184728 kB
Buffers:            2844 kB
Cached:           844456 kB
SwapCached:          564 kB
Active:           721572 kB
Inactive:         573024 kB
Active(anon):     277900 kB
Inactive(anon):   171408 kB
Active(file):     443672 kB
Inactive(file):   401616 kB
Unevictable:        1744 kB
Mlocked:               0 kB
HighTotal:       1372556 kB
HighFree:          42184 kB
LowTotal:         587396 kB
LowFree:          142544 kB
SwapTotal:        262140 kB
SwapFree:         223580 kB
Dirty:              1368 kB
Writeback:             0 kB
AnonPages:        448548 kB
Mapped:           362244 kB
Shmem:               268 kB
Slab:              56016 kB
SReclaimable:      17020 kB
SUnreclaim:        38996 kB
KernelStack:       15848 kB
PageTables:        26816 kB
NFS_Unstable:          0 kB
Bounce:                0 kB
WritebackTmp:          0 kB
CommitLimit:     1242116 kB
Committed_AS:   56809448 kB
VmallocTotal:     409600 kB
VmallocUsed:       34800 kB
VmallocChunk:      98332 kB
Time pass: 69 sec

---2015-12-18 17:09:26
MemTotal:        1959952 kB
MemFree:          171716 kB
Buffers:            2844 kB
Cached:           850012 kB
SwapCached:          564 kB
Active:           728996 kB
Inactive:         578188 kB
Active(anon):     285204 kB
Inactive(anon):   171188 kB
Active(file):     443792 kB
Inactive(file):   407000 kB
Unevictable:        1744 kB
Mlocked:               0 kB
HighTotal:       1372556 kB
HighFree:          29544 kB
LowTotal:         587396 kB
LowFree:          142172 kB
SwapTotal:        262140 kB
SwapFree:         223580 kB
Dirty:              1088 kB
Writeback:             0 kB
AnonPages:        456244 kB
Mapped:           366348 kB
Shmem:               268 kB
Slab:              56460 kB
SReclaimable:      17116 kB
SUnreclaim:        39344 kB
KernelStack:       15952 kB
PageTables:        26908 kB
NFS_Unstable:          0 kB
Bounce:                0 kB
WritebackTmp:          0 kB
CommitLimit:     1242116 kB
Committed_AS:   56822744 kB
VmallocTotal:     409600 kB
VmallocUsed:       34800 kB
VmallocChunk:      98332 kB
Time pass: 72 sec

---2015-12-18 17:09:26
MemTotal:        1959952 kB
MemFree:          122980 kB
Buffers:            2848 kB
Cached:           851536 kB
SwapCached:         1296 kB
Active:           738832 kB
Inactive:         580496 kB
Active(anon):     294996 kB
Inactive(anon):   172088 kB
Active(file):     443836 kB
Inactive(file):   408408 kB
Unevictable:        1744 kB
Mlocked:               0 kB
HighTotal:       1372556 kB
HighFree:          24216 kB
LowTotal:         587396 kB
LowFree:           98764 kB
SwapTotal:        262140 kB
SwapFree:         223652 kB
Dirty:               860 kB
Writeback:             0 kB
AnonPages:        466556 kB
Mapped:           365388 kB
Shmem:               404 kB
Slab:              55476 kB
SReclaimable:      16868 kB
SUnreclaim:        38608 kB
KernelStack:       16032 kB
PageTables:        27020 kB
NFS_Unstable:          0 kB
Bounce:                0 kB
WritebackTmp:          0 kB
CommitLimit:     1242116 kB
Committed_AS:   56843372 kB
VmallocTotal:     409600 kB
VmallocUsed:       37212 kB
VmallocChunk:      98332 kB
Time pass: 76 sec

---2015-12-18 17:09:26
MemTotal:        1959952 kB
MemFree:           89312 kB
Buffers:            2848 kB
Cached:           851608 kB
SwapCached:         1296 kB
Active:           740848 kB
Inactive:         580568 kB
Active(anon):     296996 kB
Inactive(anon):   172160 kB
Active(file):     443852 kB
Inactive(file):   408408 kB
Unevictable:        1744 kB
Mlocked:               0 kB
HighTotal:       1372556 kB
HighFree:          19048 kB
LowTotal:         587396 kB
LowFree:           70264 kB
SwapTotal:        262140 kB
SwapFree:         223656 kB
Dirty:               860 kB
Writeback:             0 kB
AnonPages:        468756 kB
Mapped:           365000 kB
Shmem:               452 kB
Slab:              55688 kB
SReclaimable:      16868 kB
SUnreclaim:        38820 kB
KernelStack:       16000 kB
PageTables:        27188 kB
NFS_Unstable:          0 kB
Bounce:                0 kB
WritebackTmp:          0 kB
CommitLimit:     1242116 kB
Committed_AS:   56845024 kB
VmallocTotal:     409600 kB
VmallocUsed:       37212 kB
VmallocChunk:      98332 kB
Time pass: 80 sec

---2015-12-18 17:09:26
MemTotal:        1959952 kB
MemFree:           88176 kB
Buffers:            2848 kB
Cached:           851776 kB
SwapCached:         1296 kB
Active:           741908 kB
Inactive:         580716 kB
Active(anon):     298044 kB
Inactive(anon):   172308 kB
Active(file):     443864 kB
Inactive(file):   408408 kB
Unevictable:        1744 kB
Mlocked:               0 kB
HighTotal:       1372556 kB
HighFree:          19760 kB
LowTotal:         587396 kB
LowFree:           68416 kB
SwapTotal:        262140 kB
SwapFree:         223656 kB
Dirty:               868 kB
Writeback:             0 kB
AnonPages:        469636 kB
Mapped:           365152 kB
Shmem:               608 kB
Slab:              55564 kB
SReclaimable:      16868 kB
SUnreclaim:        38696 kB
KernelStack:       15944 kB
PageTables:        27180 kB
NFS_Unstable:          0 kB
Bounce:                0 kB
WritebackTmp:          0 kB
CommitLimit:     1242116 kB
Committed_AS:   56845560 kB
VmallocTotal:     409600 kB
VmallocUsed:       37212 kB
VmallocChunk:      98332 kB
Time pass: 84 sec

---2015-12-18 17:09:26
MemTotal:        1959952 kB
MemFree:           86508 kB
Buffers:            2848 kB
Cached:           851804 kB
SwapCached:         1296 kB
Active:           743108 kB
Inactive:         580732 kB
Active(anon):     299232 kB
Inactive(anon):   172308 kB
Active(file):     443876 kB
Inactive(file):   408424 kB
Unevictable:        1744 kB
Mlocked:               0 kB
HighTotal:       1372556 kB
HighFree:          20564 kB
LowTotal:         587396 kB
LowFree:           65944 kB
SwapTotal:        262140 kB
SwapFree:         223656 kB
Dirty:               860 kB
Writeback:             0 kB
AnonPages:        471012 kB
Mapped:           365220 kB
Shmem:               608 kB
Slab:              55824 kB
SReclaimable:      16868 kB
SUnreclaim:        38956 kB
KernelStack:       15960 kB
PageTables:        27196 kB
NFS_Unstable:          0 kB
Bounce:                0 kB
WritebackTmp:          0 kB
CommitLimit:     1242116 kB
Committed_AS:   56846668 kB
VmallocTotal:     409600 kB
VmallocUsed:       37212 kB
VmallocChunk:      98332 kB
Time pass: 88 sec

---2015-12-18 17:09:26
MemTotal:        1959952 kB
MemFree:           85364 kB
Buffers:            2848 kB
Cached:           851872 kB
SwapCached:         1296 kB
Active:           743720 kB
Inactive:         580788 kB
Active(anon):     299832 kB
Inactive(anon):   172360 kB
Active(file):     443888 kB
Inactive(file):   408428 kB
Unevictable:        1744 kB
Mlocked:               0 kB
HighTotal:       1372556 kB
HighFree:          21488 kB
LowTotal:         587396 kB
LowFree:           63876 kB
SwapTotal:        262140 kB
SwapFree:         223656 kB
Dirty:               864 kB
Writeback:             0 kB
AnonPages:        471480 kB
Mapped:           365248 kB
Shmem:               660 kB
Slab:              55756 kB
SReclaimable:      16868 kB
SUnreclaim:        38888 kB
KernelStack:       15960 kB
PageTables:        27184 kB
NFS_Unstable:          0 kB
Bounce:                0 kB
WritebackTmp:          0 kB
CommitLimit:     1242116 kB
Committed_AS:   56846876 kB
VmallocTotal:     409600 kB
VmallocUsed:       37212 kB
VmallocChunk:      98332 kB
Time pass: 92 sec

---2015-12-18 17:09:26
MemTotal:        1959952 kB
MemFree:           83996 kB
Buffers:            2848 kB
Cached:           851884 kB
SwapCached:         1296 kB
Active:           744772 kB
Inactive:         580784 kB
Active(anon):     300868 kB
Inactive(anon):   172360 kB
Active(file):     443904 kB
Inactive(file):   408424 kB
Unevictable:        1744 kB
Mlocked:               0 kB
HighTotal:       1372556 kB
HighFree:          22516 kB
LowTotal:         587396 kB
LowFree:           61480 kB
SwapTotal:        262140 kB
SwapFree:         223656 kB
Dirty:               856 kB
Writeback:             0 kB
AnonPages:        472616 kB
Mapped:           365256 kB
Shmem:               660 kB
Slab:              55760 kB
SReclaimable:      16868 kB
SUnreclaim:        38892 kB
KernelStack:       15960 kB
PageTables:        27200 kB
NFS_Unstable:          0 kB
Bounce:                0 kB
WritebackTmp:          0 kB
CommitLimit:     1242116 kB
Committed_AS:   56849068 kB
VmallocTotal:     409600 kB
VmallocUsed:       37212 kB
VmallocChunk:      98332 kB
Time pass: 95 sec

---2015-12-18 17:09:26
MemTotal:        1959952 kB
MemFree:           84796 kB
Buffers:            2848 kB
Cached:           851908 kB
SwapCached:         1296 kB
Active:           745040 kB
Inactive:         580792 kB
Active(anon):     301120 kB
Inactive(anon):   172368 kB
Active(file):     443920 kB
Inactive(file):   408424 kB
Unevictable:        1744 kB
Mlocked:               0 kB
HighTotal:       1372556 kB
HighFree:          23756 kB
LowTotal:         587396 kB
LowFree:           61040 kB
SwapTotal:        262140 kB
SwapFree:         223656 kB
Dirty:               872 kB
Writeback:             0 kB
AnonPages:        472896 kB
Mapped:           365264 kB
Shmem:               668 kB
Slab:              55696 kB
SReclaimable:      16868 kB
SUnreclaim:        38828 kB
KernelStack:       15960 kB
PageTables:        27200 kB
NFS_Unstable:          0 kB
Bounce:                0 kB
WritebackTmp:          0 kB
CommitLimit:     1242116 kB
Committed_AS:   56849120 kB
VmallocTotal:     409600 kB
VmallocUsed:       37212 kB
VmallocChunk:      98332 kB
Time pass: 99 sec

---2015-12-18 17:09:26
MemTotal:        1959952 kB
MemFree:           84304 kB
Buffers:            2848 kB
Cached:           851940 kB
SwapCached:         1296 kB
Active:           745292 kB
Inactive:         580812 kB
Active(anon):     301360 kB
Inactive(anon):   172388 kB
Active(file):     443932 kB
Inactive(file):   408424 kB
Unevictable:        1744 kB
Mlocked:               0 kB
HighTotal:       1372556 kB
HighFree:          23760 kB
LowTotal:         587396 kB
LowFree:           60544 kB
SwapTotal:        262140 kB
SwapFree:         223656 kB
Dirty:               868 kB
Writeback:             0 kB
AnonPages:        473096 kB
Mapped:           365284 kB
Shmem:               688 kB
Slab:              55660 kB
SReclaimable:      16868 kB
SUnreclaim:        38792 kB
KernelStack:       15960 kB
PageTables:        27184 kB
NFS_Unstable:          0 kB
Bounce:                0 kB
WritebackTmp:          0 kB
CommitLimit:     1242116 kB
Committed_AS:   56849180 kB
VmallocTotal:     409600 kB
VmallocUsed:       37212 kB
VmallocChunk:      98332 kB
Time pass: 103 sec

---2015-12-18 17:09:26
MemTotal:        1959952 kB
MemFree:           84104 kB
Buffers:            2848 kB
Cached:           851984 kB
SwapCached:         1296 kB
Active:           745548 kB
Inactive:         580840 kB
Active(anon):     301600 kB
Inactive(anon):   172416 kB
Active(file):     443948 kB
Inactive(file):   408424 kB
Unevictable:        1744 kB
Mlocked:               0 kB
HighTotal:       1372556 kB
HighFree:          23760 kB
LowTotal:         587396 kB
LowFree:           60344 kB
SwapTotal:        262140 kB
SwapFree:         223656 kB
Dirty:               868 kB
Writeback:             0 kB
AnonPages:        473328 kB
Mapped:           365336 kB
Shmem:               716 kB
Slab:              55756 kB
SReclaimable:      16868 kB
SUnreclaim:        38888 kB
KernelStack:       15960 kB
PageTables:        27168 kB
NFS_Unstable:          0 kB
Bounce:                0 kB
WritebackTmp:          0 kB
CommitLimit:     1242116 kB
Committed_AS:   56849224 kB
VmallocTotal:     409600 kB
VmallocUsed:       37212 kB
VmallocChunk:      98332 kB
Time pass: 107 sec

---2015-12-18 17:09:26
MemTotal:        1959952 kB
MemFree:           84492 kB
Buffers:            2848 kB
Cached:           852008 kB
SwapCached:         1296 kB
Active:           744616 kB
Inactive:         580852 kB
Active(anon):     300660 kB
Inactive(anon):   172420 kB
Active(file):     443956 kB
Inactive(file):   408432 kB
Unevictable:        1744 kB
Mlocked:               0 kB
HighTotal:       1372556 kB
HighFree:          23800 kB
LowTotal:         587396 kB
LowFree:           60692 kB
SwapTotal:        262140 kB
SwapFree:         223656 kB
Dirty:               876 kB
Writeback:             0 kB
AnonPages:        472336 kB
Mapped:           365316 kB
Shmem:               720 kB
Slab:              55692 kB
SReclaimable:      16868 kB
SUnreclaim:        38824 kB
KernelStack:       15960 kB
PageTables:        27184 kB
NFS_Unstable:          0 kB
Bounce:                0 kB
WritebackTmp:          0 kB
CommitLimit:     1242116 kB
Committed_AS:   56848156 kB
VmallocTotal:     409600 kB
VmallocUsed:       37212 kB
VmallocChunk:      98332 kB
Time pass: 111 sec

---2015-12-18 17:09:26
MemTotal:        1959952 kB
MemFree:           83596 kB
Buffers:            4000 kB
Cached:           852020 kB
SwapCached:         1296 kB
Active:           744868 kB
Inactive:         582008 kB
Active(anon):     300896 kB
Inactive(anon):   172424 kB
Active(file):     443972 kB
Inactive(file):   409584 kB
Unevictable:        1744 kB
Mlocked:               0 kB
HighTotal:       1372556 kB
HighFree:          23800 kB
LowTotal:         587396 kB
LowFree:           59796 kB
SwapTotal:        262140 kB
SwapFree:         223660 kB
Dirty:               888 kB
Writeback:             0 kB
AnonPages:        472640 kB
Mapped:           365316 kB
Shmem:               720 kB
Slab:              55628 kB
SReclaimable:      16868 kB
SUnreclaim:        38760 kB
KernelStack:       15952 kB
PageTables:        27184 kB
NFS_Unstable:          0 kB
Bounce:                0 kB
WritebackTmp:          0 kB
CommitLimit:     1242116 kB
Committed_AS:   56848132 kB
VmallocTotal:     409600 kB
VmallocUsed:       37212 kB
VmallocChunk:      98332 kB
Time pass: 114 sec

---2015-12-18 17:09:26
MemTotal:        1959952 kB
MemFree:           80224 kB
Buffers:            4000 kB
Cached:           853404 kB
SwapCached:         1296 kB
Active:           746616 kB
Inactive:         583332 kB
Active(anon):     302628 kB
Inactive(anon):   172416 kB
Active(file):     443988 kB
Inactive(file):   410916 kB
Unevictable:        1744 kB
Mlocked:               0 kB
HighTotal:       1372556 kB
HighFree:          23676 kB
LowTotal:         587396 kB
LowFree:           56548 kB
SwapTotal:        262140 kB
SwapFree:         223660 kB
Dirty:               880 kB
Writeback:             0 kB
AnonPages:        474608 kB
Mapped:           365420 kB
Shmem:               720 kB
Slab:              55632 kB
SReclaimable:      16868 kB
SUnreclaim:        38764 kB
KernelStack:       15976 kB
PageTables:        27192 kB
NFS_Unstable:          0 kB
Bounce:                0 kB
WritebackTmp:          0 kB
CommitLimit:     1242116 kB
Committed_AS:   56859136 kB
VmallocTotal:     409600 kB
VmallocUsed:       37212 kB
VmallocChunk:      98332 kB
Time pass: 118 sec

---2015-12-18 17:09:26
MemTotal:        1959952 kB
MemFree:          107028 kB
Buffers:            4000 kB
Cached:           842632 kB
SwapCached:         1296 kB
Active:           743696 kB
Inactive:         577656 kB
Active(anon):     303272 kB
Inactive(anon):   173460 kB
Active(file):     440424 kB
Inactive(file):   404196 kB
Unevictable:        1744 kB
Mlocked:               0 kB
HighTotal:       1372556 kB
HighFree:          32588 kB
LowTotal:         587396 kB
LowFree:           74440 kB
SwapTotal:        262140 kB
SwapFree:         223064 kB
Dirty:               860 kB
Writeback:             0 kB
AnonPages:        476868 kB
Mapped:           365588 kB
Shmem:               268 kB
Slab:              55344 kB
SReclaimable:      16692 kB
SUnreclaim:        38652 kB
KernelStack:       15984 kB
PageTables:        27224 kB
NFS_Unstable:          0 kB
Bounce:                0 kB
WritebackTmp:          0 kB
CommitLimit:     1242116 kB
Committed_AS:   58694328 kB
VmallocTotal:     409600 kB
VmallocUsed:       38232 kB
VmallocChunk:      98332 kB
Time pass: 122 sec

---2015-12-18 17:09:26
MemTotal:        1959952 kB
MemFree:          347192 kB
Buffers:            4000 kB
Cached:           843156 kB
SwapCached:         1304 kB
Active:           655132 kB
Inactive:         573772 kB
Active(anon):     210304 kB
Inactive(anon):   173324 kB
Active(file):     444828 kB
Inactive(file):   400448 kB
Unevictable:        1744 kB
Mlocked:               0 kB
HighTotal:       1372556 kB
HighFree:         196112 kB
LowTotal:         587396 kB
LowFree:          151080 kB
SwapTotal:        262140 kB
SwapFree:         223072 kB
Dirty:                84 kB
Writeback:             0 kB
AnonPages:        383472 kB
Mapped:           253888 kB
Shmem:               136 kB
Slab:              55836 kB
SReclaimable:      16812 kB
SUnreclaim:        39024 kB
KernelStack:       14864 kB
PageTables:        25068 kB
NFS_Unstable:          0 kB
Bounce:                0 kB
WritebackTmp:          0 kB
CommitLimit:     1242116 kB
Committed_AS:   54814216 kB
VmallocTotal:     409600 kB
VmallocUsed:       35384 kB
VmallocChunk:      98332 kB
Time pass: 125 sec

---2015-12-18 17:09:26
MemTotal:        1959952 kB
MemFree:          347236 kB
Buffers:            4000 kB
Cached:           843160 kB
SwapCached:         1300 kB
Active:           655044 kB
Inactive:         573772 kB
Active(anon):     210216 kB
Inactive(anon):   173324 kB
Active(file):     444828 kB
Inactive(file):   400448 kB
Unevictable:        1744 kB
Mlocked:               0 kB
HighTotal:       1372556 kB
HighFree:         196156 kB
LowTotal:         587396 kB
LowFree:          151080 kB
SwapTotal:        262140 kB
SwapFree:         223076 kB
Dirty:                88 kB
Writeback:             0 kB
AnonPages:        383156 kB
Mapped:           253888 kB
Shmem:               136 kB
Slab:              55820 kB
SReclaimable:      16812 kB
SUnreclaim:        39008 kB
KernelStack:       14864 kB
PageTables:        25068 kB
NFS_Unstable:          0 kB
Bounce:                0 kB
WritebackTmp:          0 kB
CommitLimit:     1242116 kB
Committed_AS:   54814244 kB
VmallocTotal:     409600 kB
VmallocUsed:       35384 kB
VmallocChunk:      98332 kB
Time pass: 129 sec

---2015-12-18 17:09:26
MemTotal:        1959952 kB
MemFree:          349836 kB
Buffers:            4000 kB
Cached:           843156 kB
SwapCached:         1292 kB
Active:           653428 kB
Inactive:         572636 kB
Active(anon):     208596 kB
Inactive(anon):   172192 kB
Active(file):     444832 kB
Inactive(file):   400444 kB
Unevictable:        1744 kB
Mlocked:               0 kB
HighTotal:       1372556 kB
HighFree:         195536 kB
LowTotal:         587396 kB
LowFree:          154300 kB
SwapTotal:        262140 kB
SwapFree:         223092 kB
Dirty:                32 kB
Writeback:             0 kB
AnonPages:        380620 kB
Mapped:           253888 kB
Shmem:               136 kB
Slab:              55720 kB
SReclaimable:      16812 kB
SUnreclaim:        38908 kB
KernelStack:       14864 kB
PageTables:        25072 kB
NFS_Unstable:          0 kB
Bounce:                0 kB
WritebackTmp:          0 kB
CommitLimit:     1242116 kB
Committed_AS:   54814372 kB
VmallocTotal:     409600 kB
VmallocUsed:       35384 kB
VmallocChunk:      98332 kB
Time pass: 133 sec

---2015-12-18 17:09:26
MemTotal:        1959952 kB
MemFree:          355188 kB
Buffers:            4000 kB
Cached:           843156 kB
SwapCached:         1292 kB
Active:           653564 kB
Inactive:         572632 kB
Active(anon):     208732 kB
Inactive(anon):   172188 kB
Active(file):     444832 kB
Inactive(file):   400444 kB
Unevictable:        1744 kB
Mlocked:               0 kB
HighTotal:       1372556 kB
HighFree:         195428 kB
LowTotal:         587396 kB
LowFree:          159760 kB
SwapTotal:        262140 kB
SwapFree:         223092 kB
Dirty:                32 kB
Writeback:             0 kB
AnonPages:        380612 kB
Mapped:           253860 kB
Shmem:               136 kB
Slab:              55664 kB
SReclaimable:      16812 kB
SUnreclaim:        38852 kB
KernelStack:       14696 kB
PageTables:        25088 kB
NFS_Unstable:          0 kB
Bounce:                0 kB
WritebackTmp:          0 kB
CommitLimit:     1242116 kB
Committed_AS:   54814460 kB
VmallocTotal:     409600 kB
VmallocUsed:       32976 kB
VmallocChunk:      98332 kB
Time pass: 136 sec

---2015-12-18 17:09:26
MemTotal:        1959952 kB
MemFree:          355220 kB
Buffers:            4000 kB
Cached:           843156 kB
SwapCached:         1292 kB
Active:           653668 kB
Inactive:         572632 kB
Active(anon):     208836 kB
Inactive(anon):   172188 kB
Active(file):     444832 kB
Inactive(file):   400444 kB
Unevictable:        1744 kB
Mlocked:               0 kB
HighTotal:       1372556 kB
HighFree:         195332 kB
LowTotal:         587396 kB
LowFree:          159888 kB
SwapTotal:        262140 kB
SwapFree:         223092 kB
Dirty:                32 kB
Writeback:             0 kB
AnonPages:        380880 kB
Mapped:           253888 kB
Shmem:               136 kB
Slab:              55532 kB
SReclaimable:      16812 kB
SUnreclaim:        38720 kB
KernelStack:       14696 kB
PageTables:        25072 kB
NFS_Unstable:          0 kB
Bounce:                0 kB
WritebackTmp:          0 kB
CommitLimit:     1242116 kB
Committed_AS:   54814532 kB
VmallocTotal:     409600 kB
VmallocUsed:       32976 kB
VmallocChunk:      98332 kB
Time pass: 140 sec

---2015-12-18 17:09:26
MemTotal:        1959952 kB
MemFree:          355300 kB
Buffers:            4000 kB
Cached:           843156 kB
SwapCached:         1292 kB
Active:           653736 kB
Inactive:         572632 kB
Active(anon):     208904 kB
Inactive(anon):   172188 kB
Active(file):     444832 kB
Inactive(file):   400444 kB
Unevictable:        1744 kB
Mlocked:               0 kB
HighTotal:       1372556 kB
HighFree:         195268 kB
LowTotal:         587396 kB
LowFree:          160032 kB
SwapTotal:        262140 kB
SwapFree:         223092 kB
Dirty:                32 kB
Writeback:             0 kB
AnonPages:        381012 kB
Mapped:           253888 kB
Shmem:               136 kB
Slab:              55392 kB
SReclaimable:      16812 kB
SUnreclaim:        38580 kB
KernelStack:       14696 kB
PageTables:        25072 kB
NFS_Unstable:          0 kB
Bounce:                0 kB
WritebackTmp:          0 kB
CommitLimit:     1242116 kB
Committed_AS:   54814496 kB
VmallocTotal:     409600 kB
VmallocUsed:       32976 kB
VmallocChunk:      98332 kB
Time pass: 143 sec

---2015-12-18 17:09:26
MemTotal:        1959952 kB
MemFree:          354588 kB
Buffers:            4000 kB
Cached:           843164 kB
SwapCached:         1292 kB
Active:           654224 kB
Inactive:         572636 kB
Active(anon):     209388 kB
Inactive(anon):   172188 kB
Active(file):     444836 kB
Inactive(file):   400448 kB
Unevictable:        1744 kB
Mlocked:               0 kB
HighTotal:       1372556 kB
HighFree:         194840 kB
LowTotal:         587396 kB
LowFree:          159748 kB
SwapTotal:        262140 kB
SwapFree:         223092 kB
Dirty:                40 kB
Writeback:             4 kB
AnonPages:        381436 kB
Mapped:           253888 kB
Shmem:               136 kB
Slab:              55764 kB
SReclaimable:      16812 kB
SUnreclaim:        38952 kB
KernelStack:       14696 kB
PageTables:        25072 kB
NFS_Unstable:          0 kB
Bounce:                0 kB
WritebackTmp:          0 kB
CommitLimit:     1242116 kB
Committed_AS:   54815052 kB
VmallocTotal:     409600 kB
VmallocUsed:       32976 kB
VmallocChunk:      98332 kB
Time pass: 147 sec

---2015-12-18 17:09:26
MemTotal:        1959952 kB
MemFree:          353912 kB
Buffers:            4000 kB
Cached:           843192 kB
SwapCached:         1292 kB
Active:           654996 kB
Inactive:         572620 kB
Active(anon):     210160 kB
Inactive(anon):   172180 kB
Active(file):     444836 kB
Inactive(file):   400440 kB
Unevictable:        1744 kB
Mlocked:               0 kB
HighTotal:       1372556 kB
HighFree:         194048 kB
LowTotal:         587396 kB
LowFree:          159864 kB
SwapTotal:        262140 kB
SwapFree:         223092 kB
Dirty:                48 kB
Writeback:             0 kB
AnonPages:        382148 kB
Mapped:           253968 kB
Shmem:               136 kB
Slab:              55760 kB
SReclaimable:      16812 kB
SUnreclaim:        38948 kB
KernelStack:       14696 kB
PageTables:        25072 kB
NFS_Unstable:          0 kB
Bounce:                0 kB
WritebackTmp:          0 kB
CommitLimit:     1242116 kB
Committed_AS:   54815468 kB
VmallocTotal:     409600 kB
VmallocUsed:       32976 kB
VmallocChunk:      98332 kB
Time pass: 150 sec

---2015-12-18 17:09:26
MemTotal:        1959952 kB
MemFree:          353664 kB
Buffers:            4000 kB
Cached:           843192 kB
SwapCached:         1292 kB
Active:           655064 kB
Inactive:         572656 kB
Active(anon):     210228 kB
Inactive(anon):   172180 kB
Active(file):     444836 kB
Inactive(file):   400476 kB
Unevictable:        1744 kB
Mlocked:               0 kB
HighTotal:       1372556 kB
HighFree:         193864 kB
LowTotal:         587396 kB
LowFree:          159800 kB
SwapTotal:        262140 kB
SwapFree:         223092 kB
Dirty:                76 kB
Writeback:             0 kB
AnonPages:        382288 kB
Mapped:           253912 kB
Shmem:               136 kB
Slab:              55756 kB
SReclaimable:      16812 kB
SUnreclaim:        38944 kB
KernelStack:       14680 kB
PageTables:        25056 kB
NFS_Unstable:          0 kB
Bounce:                0 kB
WritebackTmp:          0 kB
CommitLimit:     1242116 kB
Committed_AS:   54815564 kB
VmallocTotal:     409600 kB
VmallocUsed:       32976 kB
VmallocChunk:      98332 kB
Time pass: 154 sec

---2015-12-18 17:09:26
MemTotal:        1959952 kB
MemFree:          353732 kB
Buffers:            4000 kB
Cached:           843192 kB
SwapCached:         1292 kB
Active:           655336 kB
Inactive:         572656 kB
Active(anon):     210500 kB
Inactive(anon):   172180 kB
Active(file):     444836 kB
Inactive(file):   400476 kB
Unevictable:        1744 kB
Mlocked:               0 kB
HighTotal:       1372556 kB
HighFree:         193584 kB
LowTotal:         587396 kB
LowFree:          160148 kB
SwapTotal:        262140 kB
SwapFree:         223092 kB
Dirty:                76 kB
Writeback:             0 kB
AnonPages:        382540 kB
Mapped:           253972 kB
Shmem:               136 kB
Slab:              55620 kB
SReclaimable:      16812 kB
SUnreclaim:        38808 kB
KernelStack:       14696 kB
PageTables:        25072 kB
NFS_Unstable:          0 kB
Bounce:                0 kB
WritebackTmp:          0 kB
CommitLimit:     1242116 kB
Committed_AS:   54815604 kB
VmallocTotal:     409600 kB
VmallocUsed:       32976 kB
VmallocChunk:      98332 kB
Time pass: 158 sec

---2015-12-18 17:09:26
MemTotal:        1959952 kB
MemFree:          353956 kB
Buffers:            4000 kB
Cached:           843292 kB
SwapCached:         1292 kB
Active:           655192 kB
Inactive:         572724 kB
Active(anon):     210356 kB
Inactive(anon):   172180 kB
Active(file):     444836 kB
Inactive(file):   400544 kB
Unevictable:        1744 kB
Mlocked:               0 kB
HighTotal:       1372556 kB
HighFree:         190264 kB
LowTotal:         587396 kB
LowFree:          163692 kB
SwapTotal:        262140 kB
SwapFree:         223092 kB
Dirty:                76 kB
Writeback:             0 kB
AnonPages:        382328 kB
Mapped:           253976 kB
Shmem:               136 kB
Slab:              55556 kB
SReclaimable:      16812 kB
SUnreclaim:        38744 kB
KernelStack:       14696 kB
PageTables:        25072 kB
NFS_Unstable:          0 kB
Bounce:                0 kB
WritebackTmp:          0 kB
CommitLimit:     1242116 kB
Committed_AS:   54815484 kB
VmallocTotal:     409600 kB
VmallocUsed:       32976 kB
VmallocChunk:      98332 kB
Time pass: 161 sec

---2015-12-18 17:09:26
MemTotal:        1959952 kB
MemFree:          343960 kB
Buffers:            4000 kB
Cached:           843260 kB
SwapCached:         1344 kB
Active:           665004 kB
Inactive:         571292 kB
Active(anon):     218692 kB
Inactive(anon):   172180 kB
Active(file):     446312 kB
Inactive(file):   399112 kB
Unevictable:        1744 kB
Mlocked:               0 kB
HighTotal:       1372556 kB
HighFree:         180752 kB
LowTotal:         587396 kB
LowFree:          163208 kB
SwapTotal:        262140 kB
SwapFree:         223100 kB
Dirty:               808 kB
Writeback:             0 kB
AnonPages:        391028 kB
Mapped:           269916 kB
Shmem:               136 kB
Slab:              55472 kB
SReclaimable:      16812 kB
SUnreclaim:        38660 kB
KernelStack:       14824 kB
PageTables:        25532 kB
NFS_Unstable:          0 kB
Bounce:                0 kB
WritebackTmp:          0 kB
CommitLimit:     1242116 kB
Committed_AS:   55811760 kB
VmallocTotal:     409600 kB
VmallocUsed:       32976 kB
VmallocChunk:      98332 kB
Time pass: 165 sec

---2015-12-18 17:09:26
MemTotal:        1959952 kB
MemFree:          263264 kB
Buffers:            4000 kB
Cached:           843676 kB
SwapCached:         1352 kB
Active:           685560 kB
Inactive:         571240 kB
Active(anon):     238792 kB
Inactive(anon):   172348 kB
Active(file):     446768 kB
Inactive(file):   398892 kB
Unevictable:        1744 kB
Mlocked:               0 kB
HighTotal:       1372556 kB
HighFree:         129792 kB
LowTotal:         587396 kB
LowFree:          133472 kB
SwapTotal:        262140 kB
SwapFree:         223104 kB
Dirty:              1020 kB
Writeback:             0 kB
AnonPages:        410896 kB
Mapped:           285564 kB
Shmem:               272 kB
Slab:              56032 kB
SReclaimable:      16828 kB
SUnreclaim:        39204 kB
KernelStack:       15384 kB
PageTables:        26044 kB
NFS_Unstable:          0 kB
Bounce:                0 kB
WritebackTmp:          0 kB
CommitLimit:     1242116 kB
Committed_AS:   55829700 kB
VmallocTotal:     409600 kB
VmallocUsed:       33248 kB
VmallocChunk:      98332 kB
Time pass: 168 sec

---2015-12-18 17:09:26
MemTotal:        1959952 kB
MemFree:          221900 kB
Buffers:            4000 kB
Cached:           844592 kB
SwapCached:         1368 kB
Active:           706536 kB
Inactive:         569208 kB
Active(anon):     258172 kB
Inactive(anon):   171028 kB
Active(file):     448364 kB
Inactive(file):   398180 kB
Unevictable:        1744 kB
Mlocked:               0 kB
HighTotal:       1372556 kB
HighFree:         103200 kB
LowTotal:         587396 kB
LowFree:          118700 kB
SwapTotal:        262140 kB
SwapFree:         223104 kB
Dirty:               588 kB
Writeback:             0 kB
AnonPages:        428944 kB
Mapped:           290472 kB
Shmem:               268 kB
Slab:              55836 kB
SReclaimable:      16852 kB
SUnreclaim:        38984 kB
KernelStack:       15512 kB
PageTables:        26136 kB
NFS_Unstable:          0 kB
Bounce:                0 kB
WritebackTmp:          0 kB
CommitLimit:     1242116 kB
Committed_AS:   55845704 kB
VmallocTotal:     409600 kB
VmallocUsed:       33348 kB
VmallocChunk:      98332 kB
Time pass: 172 sec

---2015-12-18 17:09:26
MemTotal:        1959952 kB
MemFree:          174524 kB
Buffers:            4000 kB
Cached:           845664 kB
SwapCached:         1368 kB
Active:           711860 kB
Inactive:         568928 kB
Active(anon):     262112 kB
Inactive(anon):   171028 kB
Active(file):     449748 kB
Inactive(file):   397900 kB
Unevictable:        1744 kB
Mlocked:               0 kB
HighTotal:       1372556 kB
HighFree:          80004 kB
LowTotal:         587396 kB
LowFree:           94520 kB
SwapTotal:        262140 kB
SwapFree:         223104 kB
Dirty:              1264 kB
Writeback:             0 kB
AnonPages:        432484 kB
Mapped:           308064 kB
Shmem:               268 kB
Slab:              55732 kB
SReclaimable:      16860 kB
SUnreclaim:        38872 kB
KernelStack:       15496 kB
PageTables:        26208 kB
NFS_Unstable:          0 kB
Bounce:                0 kB
WritebackTmp:          0 kB
CommitLimit:     1242116 kB
Committed_AS:   55850716 kB
VmallocTotal:     409600 kB
VmallocUsed:       33524 kB
VmallocChunk:      98332 kB
Time pass: 176 sec

---2015-12-18 17:09:26
MemTotal:        1959952 kB
MemFree:          158864 kB
Buffers:            4000 kB
Cached:           845780 kB
SwapCached:         1368 kB
Active:           705456 kB
Inactive:         568892 kB
Active(anon):     255552 kB
Inactive(anon):   171028 kB
Active(file):     449904 kB
Inactive(file):   397864 kB
Unevictable:        1744 kB
Mlocked:               0 kB
HighTotal:       1372556 kB
HighFree:          64544 kB
LowTotal:         587396 kB
LowFree:           94320 kB
SwapTotal:        262140 kB
SwapFree:         223104 kB
Dirty:               676 kB
Writeback:             0 kB
AnonPages:        425956 kB
Mapped:           327228 kB
Shmem:               268 kB
Slab:              55852 kB
SReclaimable:      16860 kB
SUnreclaim:        38992 kB
KernelStack:       15496 kB
PageTables:        26260 kB
NFS_Unstable:          0 kB
Bounce:                0 kB
WritebackTmp:          0 kB
CommitLimit:     1242116 kB
Committed_AS:   55844084 kB
VmallocTotal:     409600 kB
VmallocUsed:       33596 kB
VmallocChunk:      98332 kB
Time pass: 179 sec

---2015-12-18 17:09:26
MemTotal:        1959952 kB
MemFree:          158116 kB
Buffers:            4000 kB
Cached:           845784 kB
SwapCached:         1368 kB
Active:           705752 kB
Inactive:         568888 kB
Active(anon):     255844 kB
Inactive(anon):   171024 kB
Active(file):     449908 kB
Inactive(file):   397864 kB
Unevictable:        1744 kB
Mlocked:               0 kB
HighTotal:       1372556 kB
HighFree:          63920 kB
LowTotal:         587396 kB
LowFree:           94196 kB
SwapTotal:        262140 kB
SwapFree:         223112 kB
Dirty:               588 kB
Writeback:             0 kB
AnonPages:        426424 kB
Mapped:           327400 kB
Shmem:               268 kB
Slab:              55868 kB
SReclaimable:      16860 kB
SUnreclaim:        39008 kB
KernelStack:       15496 kB
PageTables:        26264 kB
NFS_Unstable:          0 kB
Bounce:                0 kB
WritebackTmp:          0 kB
CommitLimit:     1242116 kB
Committed_AS:   55844084 kB
VmallocTotal:     409600 kB
VmallocUsed:       33596 kB
VmallocChunk:      98332 kB
Time pass: 183 sec

---2015-12-18 17:09:26
MemTotal:        1959952 kB
MemFree:          127412 kB
Buffers:            4000 kB
Cached:           845812 kB
SwapCached:         1368 kB
Active:           710112 kB
Inactive:         568908 kB
Active(anon):     260188 kB
Inactive(anon):   171032 kB
Active(file):     449924 kB
Inactive(file):   397876 kB
Unevictable:        1744 kB
Mlocked:               0 kB
HighTotal:       1372556 kB
HighFree:          33716 kB
LowTotal:         587396 kB
LowFree:           93696 kB
SwapTotal:        262140 kB
SwapFree:         223120 kB
Dirty:              1100 kB
Writeback:             0 kB
AnonPages:        430852 kB
Mapped:           350016 kB
Shmem:               268 kB
Slab:              55768 kB
SReclaimable:      16860 kB
SUnreclaim:        38908 kB
KernelStack:       15472 kB
PageTables:        26348 kB
NFS_Unstable:          0 kB
Bounce:                0 kB
WritebackTmp:          0 kB
CommitLimit:     1242116 kB
Committed_AS:   55848180 kB
VmallocTotal:     409600 kB
VmallocUsed:       33708 kB
VmallocChunk:      98332 kB
Time pass: 187 sec

---2015-12-18 17:09:26
MemTotal:        1959952 kB
MemFree:          127276 kB
Buffers:            4000 kB
Cached:           845812 kB
SwapCached:         1368 kB
Active:           710548 kB
Inactive:         568880 kB
Active(anon):     260600 kB
Inactive(anon):   171028 kB
Active(file):     449948 kB
Inactive(file):   397852 kB
Unevictable:        1744 kB
Mlocked:               0 kB
HighTotal:       1372556 kB
HighFree:          33352 kB
LowTotal:         587396 kB
LowFree:           93924 kB
SwapTotal:        262140 kB
SwapFree:         223120 kB
Dirty:               640 kB
Writeback:             0 kB
AnonPages:        431244 kB
Mapped:           350020 kB
Shmem:               268 kB
Slab:              55672 kB
SReclaimable:      16860 kB
SUnreclaim:        38812 kB
KernelStack:       15472 kB
PageTables:        26336 kB
NFS_Unstable:          0 kB
Bounce:                0 kB
WritebackTmp:          0 kB
CommitLimit:     1242116 kB
Committed_AS:   55847992 kB
VmallocTotal:     409600 kB
VmallocUsed:       33708 kB
VmallocChunk:      98332 kB
Time pass: 190 sec

---2015-12-18 17:09:26
MemTotal:        1959952 kB
MemFree:          127996 kB
Buffers:            4000 kB
Cached:           845812 kB
SwapCached:         1368 kB
Active:           710204 kB
Inactive:         568876 kB
Active(anon):     260256 kB
Inactive(anon):   171024 kB
Active(file):     449948 kB
Inactive(file):   397852 kB
Unevictable:        1744 kB
Mlocked:               0 kB
HighTotal:       1372556 kB
HighFree:          33744 kB
LowTotal:         587396 kB
LowFree:           94252 kB
SwapTotal:        262140 kB
SwapFree:         223120 kB
Dirty:               640 kB
Writeback:             0 kB
AnonPages:        430932 kB
Mapped:           350004 kB
Shmem:               268 kB
Slab:              55604 kB
SReclaimable:      16860 kB
SUnreclaim:        38744 kB
KernelStack:       15488 kB
PageTables:        26380 kB
NFS_Unstable:          0 kB
Bounce:                0 kB
WritebackTmp:          0 kB
CommitLimit:     1242116 kB
Committed_AS:   55848044 kB
VmallocTotal:     409600 kB
VmallocUsed:       33708 kB
VmallocChunk:      98332 kB
Time pass: 194 sec

---2015-12-18 17:09:26
MemTotal:        1959952 kB
MemFree:          121168 kB
Buffers:            4000 kB
Cached:           846768 kB
SwapCached:         1368 kB
Active:           716196 kB
Inactive:         568832 kB
Active(anon):     265264 kB
Inactive(anon):   171044 kB
Active(file):     450932 kB
Inactive(file):   397788 kB
Unevictable:        1744 kB
Mlocked:               0 kB
HighTotal:       1372556 kB
HighFree:          28936 kB
LowTotal:         587396 kB
LowFree:           92232 kB
SwapTotal:        262140 kB
SwapFree:         223124 kB
Dirty:               664 kB
Writeback:             0 kB
AnonPages:        436028 kB
Mapped:           351576 kB
Shmem:               288 kB
Slab:              55620 kB
SReclaimable:      16860 kB
SUnreclaim:        38760 kB
KernelStack:       15576 kB
PageTables:        26392 kB
NFS_Unstable:          0 kB
Bounce:                0 kB
WritebackTmp:          0 kB
CommitLimit:     1242116 kB
Committed_AS:   55865884 kB
VmallocTotal:     409600 kB
VmallocUsed:       36116 kB
VmallocChunk:      98332 kB
Time pass: 198 sec

---2015-12-18 17:09:26
MemTotal:        1959952 kB
MemFree:          120180 kB
Buffers:            4000 kB
Cached:           846824 kB
SwapCached:         1368 kB
Active:           718172 kB
Inactive:         568892 kB
Active(anon):     267232 kB
Inactive(anon):   171092 kB
Active(file):     450940 kB
Inactive(file):   397800 kB
Unevictable:        1744 kB
Mlocked:               0 kB
HighTotal:       1372556 kB
HighFree:          28216 kB
LowTotal:         587396 kB
LowFree:           91964 kB
SwapTotal:        262140 kB
SwapFree:         223124 kB
Dirty:               660 kB
Writeback:             0 kB
AnonPages:        437740 kB
Mapped:           349888 kB
Shmem:               340 kB
Slab:              55636 kB
SReclaimable:      16860 kB
SUnreclaim:        38776 kB
KernelStack:       15584 kB
PageTables:        26344 kB
NFS_Unstable:          0 kB
Bounce:                0 kB
WritebackTmp:          0 kB
CommitLimit:     1242116 kB
Committed_AS:   55867896 kB
VmallocTotal:     409600 kB
VmallocUsed:       36120 kB
VmallocChunk:      98332 kB
Time pass: 201 sec

---2015-12-18 17:09:26
MemTotal:        1959952 kB
MemFree:          118660 kB
Buffers:            4000 kB
Cached:           846832 kB
SwapCached:         1368 kB
Active:           719852 kB
Inactive:         568900 kB
Active(anon):     268912 kB
Inactive(anon):   171100 kB
Active(file):     450940 kB
Inactive(file):   397800 kB
Unevictable:        1744 kB
Mlocked:               0 kB
HighTotal:       1372556 kB
HighFree:          26808 kB
LowTotal:         587396 kB
LowFree:           91852 kB
SwapTotal:        262140 kB
SwapFree:         223124 kB
Dirty:               652 kB
Writeback:             0 kB
AnonPages:        439976 kB
Mapped:           349768 kB
Shmem:               348 kB
Slab:              55828 kB
SReclaimable:      16860 kB
SUnreclaim:        38968 kB
KernelStack:       15592 kB
PageTables:        26380 kB
NFS_Unstable:          0 kB
Bounce:                0 kB
WritebackTmp:          0 kB
CommitLimit:     1242116 kB
Committed_AS:   55870184 kB
VmallocTotal:     409600 kB
VmallocUsed:       36120 kB
VmallocChunk:      98332 kB
Time pass: 205 sec

---2015-12-18 17:09:26
MemTotal:        1959952 kB
MemFree:          118628 kB
Buffers:            4000 kB
Cached:           846844 kB
SwapCached:         1368 kB
Active:           719880 kB
Inactive:         568912 kB
Active(anon):     268940 kB
Inactive(anon):   171112 kB
Active(file):     450940 kB
Inactive(file):   397800 kB
Unevictable:        1744 kB
Mlocked:               0 kB
HighTotal:       1372556 kB
HighFree:          26584 kB
LowTotal:         587396 kB
LowFree:           92044 kB
SwapTotal:        262140 kB
SwapFree:         223124 kB
Dirty:               664 kB
Writeback:             0 kB
AnonPages:        439816 kB
Mapped:           349804 kB
Shmem:               360 kB
Slab:              55668 kB
SReclaimable:      16860 kB
SUnreclaim:        38808 kB
KernelStack:       15576 kB
PageTables:        26372 kB
NFS_Unstable:          0 kB
Bounce:                0 kB
WritebackTmp:          0 kB
CommitLimit:     1242116 kB
Committed_AS:   55870092 kB
VmallocTotal:     409600 kB
VmallocUsed:       36120 kB
VmallocChunk:      98332 kB
Time pass: 209 sec

---2015-12-18 17:09:26
MemTotal:        1959952 kB
MemFree:          117112 kB
Buffers:            4000 kB
Cached:           846932 kB
SwapCached:         1368 kB
Active:           721408 kB
Inactive:         568992 kB
Active(anon):     270468 kB
Inactive(anon):   171192 kB
Active(file):     450940 kB
Inactive(file):   397800 kB
Unevictable:        1744 kB
Mlocked:               0 kB
HighTotal:       1372556 kB
HighFree:          25096 kB
LowTotal:         587396 kB
LowFree:           92016 kB
SwapTotal:        262140 kB
SwapFree:         223124 kB
Dirty:               668 kB
Writeback:             0 kB
AnonPages:        441264 kB
Mapped:           349892 kB
Shmem:               448 kB
Slab:              55600 kB
SReclaimable:      16860 kB
SUnreclaim:        38740 kB
KernelStack:       15568 kB
PageTables:        26372 kB
NFS_Unstable:          0 kB
Bounce:                0 kB
WritebackTmp:          0 kB
CommitLimit:     1242116 kB
Committed_AS:   55870472 kB
VmallocTotal:     409600 kB
VmallocUsed:       36120 kB
VmallocChunk:      98332 kB
Time pass: 213 sec

---2015-12-18 17:09:26
MemTotal:        1959952 kB
MemFree:          115688 kB
Buffers:            4000 kB
Cached:           846948 kB
SwapCached:         1368 kB
Active:           722208 kB
Inactive:         569008 kB
Active(anon):     271268 kB
Inactive(anon):   171208 kB
Active(file):     450940 kB
Inactive(file):   397800 kB
Unevictable:        1744 kB
Mlocked:               0 kB
HighTotal:       1372556 kB
HighFree:          24932 kB
LowTotal:         587396 kB
LowFree:           90756 kB
SwapTotal:        262140 kB
SwapFree:         223124 kB
Dirty:               676 kB
Writeback:             0 kB
AnonPages:        441940 kB
Mapped:           349892 kB
Shmem:               464 kB
Slab:              55656 kB
SReclaimable:      16860 kB
SUnreclaim:        38796 kB
KernelStack:       15592 kB
PageTables:        26420 kB
NFS_Unstable:          0 kB
Bounce:                0 kB
WritebackTmp:          0 kB
CommitLimit:     1242116 kB
Committed_AS:   55871820 kB
VmallocTotal:     409600 kB
VmallocUsed:       36120 kB
VmallocChunk:      98332 kB
Time pass: 217 sec

---2015-12-18 17:09:26
MemTotal:        1959952 kB
MemFree:          115256 kB
Buffers:            4000 kB
Cached:           846948 kB
SwapCached:         1368 kB
Active:           722956 kB
Inactive:         569008 kB
Active(anon):     272016 kB
Inactive(anon):   171208 kB
Active(file):     450940 kB
Inactive(file):   397800 kB
Unevictable:        1744 kB
Mlocked:               0 kB
HighTotal:       1372556 kB
HighFree:          27304 kB
LowTotal:         587396 kB
LowFree:           87952 kB
SwapTotal:        262140 kB
SwapFree:         223124 kB
Dirty:               680 kB
Writeback:             0 kB
AnonPages:        442652 kB
Mapped:           349892 kB
Shmem:               464 kB
Slab:              55776 kB
SReclaimable:      16860 kB
SUnreclaim:        38916 kB
KernelStack:       15576 kB
PageTables:        26416 kB
NFS_Unstable:          0 kB
Bounce:                0 kB
WritebackTmp:          0 kB
CommitLimit:     1242116 kB
Committed_AS:   55871924 kB
VmallocTotal:     409600 kB
VmallocUsed:       36120 kB
VmallocChunk:      98332 kB
Time pass: 221 sec

---2015-12-18 17:09:26
MemTotal:        1959952 kB
MemFree:          115280 kB
Buffers:            4000 kB
Cached:           846964 kB
SwapCached:         1368 kB
Active:           723144 kB
Inactive:         569024 kB
Active(anon):     272204 kB
Inactive(anon):   171224 kB
Active(file):     450940 kB
Inactive(file):   397800 kB
Unevictable:        1744 kB
Mlocked:               0 kB
HighTotal:       1372556 kB
HighFree:          27292 kB
LowTotal:         587396 kB
LowFree:           87988 kB
SwapTotal:        262140 kB
SwapFree:         223124 kB
Dirty:               680 kB
Writeback:             0 kB
AnonPages:        442828 kB
Mapped:           349908 kB
Shmem:               480 kB
Slab:              55616 kB
SReclaimable:      16860 kB
SUnreclaim:        38756 kB
KernelStack:       15576 kB
PageTables:        26416 kB
NFS_Unstable:          0 kB
Bounce:                0 kB
WritebackTmp:          0 kB
CommitLimit:     1242116 kB
Committed_AS:   55872160 kB
VmallocTotal:     409600 kB
VmallocUsed:       36120 kB
VmallocChunk:      98332 kB
Time pass: 224 sec

---2015-12-18 17:09:26
MemTotal:        1959952 kB
MemFree:          115500 kB
Buffers:            4000 kB
Cached:           847304 kB
SwapCached:         1368 kB
Active:           722376 kB
Inactive:         569336 kB
Active(anon):     271448 kB
Inactive(anon):   171228 kB
Active(file):     450928 kB
Inactive(file):   398108 kB
Unevictable:        1744 kB
Mlocked:               0 kB
HighTotal:       1372556 kB
HighFree:          27644 kB
LowTotal:         587396 kB
LowFree:           87856 kB
SwapTotal:        262140 kB
SwapFree:         223124 kB
Dirty:               736 kB
Writeback:             0 kB
AnonPages:        442020 kB
Mapped:           349980 kB
Shmem:               524 kB
Slab:              55644 kB
SReclaimable:      16860 kB
SUnreclaim:        38784 kB
KernelStack:       15568 kB
PageTables:        26412 kB
NFS_Unstable:          0 kB
Bounce:                0 kB
WritebackTmp:          0 kB
CommitLimit:     1242116 kB
Committed_AS:   55872120 kB
VmallocTotal:     409600 kB
VmallocUsed:       36120 kB
VmallocChunk:      98332 kB
Time pass: 228 sec

---2015-12-18 17:09:26
MemTotal:        1959952 kB
MemFree:          119172 kB
Buffers:            4000 kB
Cached:           847304 kB
SwapCached:         1368 kB
Active:           718664 kB
Inactive:         569308 kB
Active(anon):     267724 kB
Inactive(anon):   171212 kB
Active(file):     450940 kB
Inactive(file):   398096 kB
Unevictable:        1744 kB
Mlocked:               0 kB
HighTotal:       1372556 kB
HighFree:          30896 kB
LowTotal:         587396 kB
LowFree:           88276 kB
SwapTotal:        262140 kB
SwapFree:         223124 kB
Dirty:               708 kB
Writeback:             0 kB
AnonPages:        438244 kB
Mapped:           349980 kB
Shmem:               524 kB
Slab:              55736 kB
SReclaimable:      16860 kB
SUnreclaim:        38876 kB
KernelStack:       15568 kB
PageTables:        26428 kB
NFS_Unstable:          0 kB
Bounce:                0 kB
WritebackTmp:          0 kB
CommitLimit:     1242116 kB
Committed_AS:   55872104 kB
VmallocTotal:     409600 kB
VmallocUsed:       36120 kB
VmallocChunk:      98332 kB
Time pass: 232 sec

---2015-12-18 17:09:26
MemTotal:        1959952 kB
MemFree:          118424 kB
Buffers:            4000 kB
Cached:           847312 kB
SwapCached:         1368 kB
Active:           718668 kB
Inactive:         569316 kB
Active(anon):     267728 kB
Inactive(anon):   171220 kB
Active(file):     450940 kB
Inactive(file):   398096 kB
Unevictable:        1744 kB
Mlocked:               0 kB
HighTotal:       1372556 kB
HighFree:          30140 kB
LowTotal:         587396 kB
LowFree:           88284 kB
SwapTotal:        262140 kB
SwapFree:         223124 kB
Dirty:               708 kB
Writeback:             0 kB
AnonPages:        438380 kB
Mapped:           349988 kB
Shmem:               532 kB
Slab:              55836 kB
SReclaimable:      16860 kB
SUnreclaim:        38976 kB
KernelStack:       15568 kB
PageTables:        26428 kB
NFS_Unstable:          0 kB
Bounce:                0 kB
WritebackTmp:          0 kB
CommitLimit:     1242116 kB
Committed_AS:   55872212 kB
VmallocTotal:     409600 kB
VmallocUsed:       36120 kB
VmallocChunk:      98332 kB
Time pass: 236 sec

---2015-12-18 17:09:26
MemTotal:        1959952 kB
MemFree:          118576 kB
Buffers:            4000 kB
Cached:           847312 kB
SwapCached:         1368 kB
Active:           718832 kB
Inactive:         569316 kB
Active(anon):     267892 kB
Inactive(anon):   171220 kB
Active(file):     450940 kB
Inactive(file):   398096 kB
Unevictable:        1744 kB
Mlocked:               0 kB
HighTotal:       1372556 kB
HighFree:          30008 kB
LowTotal:         587396 kB
LowFree:           88568 kB
SwapTotal:        262140 kB
SwapFree:         223124 kB
Dirty:               708 kB
Writeback:             0 kB
AnonPages:        438496 kB
Mapped:           349988 kB
Shmem:               532 kB
Slab:              55612 kB
SReclaimable:      16860 kB
SUnreclaim:        38752 kB
KernelStack:       15568 kB
PageTables:        26424 kB
NFS_Unstable:          0 kB
Bounce:                0 kB
WritebackTmp:          0 kB
CommitLimit:     1242116 kB
Committed_AS:   55872432 kB
VmallocTotal:     409600 kB
VmallocUsed:       36120 kB
VmallocChunk:      98332 kB
Time pass: 239 sec

---2015-12-18 17:09:26
MemTotal:        1959952 kB
MemFree:          118176 kB
Buffers:            4000 kB
Cached:           847312 kB
SwapCached:         1368 kB
Active:           719008 kB
Inactive:         569316 kB
Active(anon):     268068 kB
Inactive(anon):   171220 kB
Active(file):     450940 kB
Inactive(file):   398096 kB
Unevictable:        1744 kB
Mlocked:               0 kB
HighTotal:       1372556 kB
HighFree:          29736 kB
LowTotal:         587396 kB
LowFree:           88440 kB
SwapTotal:        262140 kB
SwapFree:         223124 kB
Dirty:               712 kB
Writeback:             0 kB
AnonPages:        438668 kB
Mapped:           349988 kB
Shmem:               532 kB
Slab:              55804 kB
SReclaimable:      16860 kB
SUnreclaim:        38944 kB
KernelStack:       15568 kB
PageTables:        26424 kB
NFS_Unstable:          0 kB
Bounce:                0 kB
WritebackTmp:          0 kB
CommitLimit:     1242116 kB
Committed_AS:   55872376 kB
VmallocTotal:     409600 kB
VmallocUsed:       36120 kB
VmallocChunk:      98332 kB
Time pass: 243 sec

---2015-12-18 17:09:26
MemTotal:        1959952 kB
MemFree:          118152 kB
Buffers:            4000 kB
Cached:           847436 kB
SwapCached:         1368 kB
Active:           719380 kB
Inactive:         569440 kB
Active(anon):     268440 kB
Inactive(anon):   171344 kB
Active(file):     450940 kB
Inactive(file):   398096 kB
Unevictable:        1744 kB
Mlocked:               0 kB
HighTotal:       1372556 kB
HighFree:          29576 kB
LowTotal:         587396 kB
LowFree:           88576 kB
SwapTotal:        262140 kB
SwapFree:         223124 kB
Dirty:               712 kB
Writeback:             0 kB
AnonPages:        438964 kB
Mapped:           350112 kB
Shmem:               656 kB
Slab:              55680 kB
SReclaimable:      16860 kB
SUnreclaim:        38820 kB
KernelStack:       15560 kB
PageTables:        26424 kB
NFS_Unstable:          0 kB
Bounce:                0 kB
WritebackTmp:          0 kB
CommitLimit:     1242116 kB
Committed_AS:   55872488 kB
VmallocTotal:     409600 kB
VmallocUsed:       36120 kB
VmallocChunk:      98332 kB
Time pass: 247 sec

---2015-12-18 17:09:26
MemTotal:        1959952 kB
MemFree:          117276 kB
Buffers:            4000 kB
Cached:           847680 kB
SwapCached:         1368 kB
Active:           719772 kB
Inactive:         569676 kB
Active(anon):     268824 kB
Inactive(anon):   171344 kB
Active(file):     450948 kB
Inactive(file):   398332 kB
Unevictable:        1744 kB
Mlocked:               0 kB
HighTotal:       1372556 kB
HighFree:          28872 kB
LowTotal:         587396 kB
LowFree:           88404 kB
SwapTotal:        262140 kB
SwapFree:         223124 kB
Dirty:               724 kB
Writeback:             0 kB
AnonPages:        439356 kB
Mapped:           350276 kB
Shmem:               656 kB
Slab:              55704 kB
SReclaimable:      16860 kB
SUnreclaim:        38844 kB
KernelStack:       15576 kB
PageTables:        26460 kB
NFS_Unstable:          0 kB
Bounce:                0 kB
WritebackTmp:          0 kB
CommitLimit:     1242116 kB
Committed_AS:   55872652 kB
VmallocTotal:     409600 kB
VmallocUsed:       36120 kB
VmallocChunk:      98332 kB
Time pass: 250 sec

---2015-12-18 17:09:26
MemTotal:        1959952 kB
MemFree:          117088 kB
Buffers:            4000 kB
Cached:           847684 kB
SwapCached:         1368 kB
Active:           719908 kB
Inactive:         569680 kB
Active(anon):     268960 kB
Inactive(anon):   171348 kB
Active(file):     450948 kB
Inactive(file):   398332 kB
Unevictable:        1744 kB
Mlocked:               0 kB
HighTotal:       1372556 kB
HighFree:          28748 kB
LowTotal:         587396 kB
LowFree:           88340 kB
SwapTotal:        262140 kB
SwapFree:         223124 kB
Dirty:               724 kB
Writeback:             0 kB
AnonPages:        439480 kB
Mapped:           350304 kB
Shmem:               660 kB
Slab:              55804 kB
SReclaimable:      16860 kB
SUnreclaim:        38944 kB
KernelStack:       15560 kB
PageTables:        26444 kB
NFS_Unstable:          0 kB
Bounce:                0 kB
WritebackTmp:          0 kB
CommitLimit:     1242116 kB
Committed_AS:   55872740 kB
VmallocTotal:     409600 kB
VmallocUsed:       36120 kB
VmallocChunk:      98332 kB
Time pass: 254 sec

---2015-12-18 17:09:26
MemTotal:        1959952 kB
MemFree:          116932 kB
Buffers:            4000 kB
Cached:           847700 kB
SwapCached:         1368 kB
Active:           720124 kB
Inactive:         569696 kB
Active(anon):     269176 kB
Inactive(anon):   171364 kB
Active(file):     450948 kB
Inactive(file):   398332 kB
Unevictable:        1744 kB
Mlocked:               0 kB
HighTotal:       1372556 kB
HighFree:          28528 kB
LowTotal:         587396 kB
LowFree:           88404 kB
SwapTotal:        262140 kB
SwapFree:         223124 kB
Dirty:               720 kB
Writeback:             0 kB
AnonPages:        439700 kB
Mapped:           350296 kB
Shmem:               676 kB
Slab:              55832 kB
SReclaimable:      16860 kB
SUnreclaim:        38972 kB
KernelStack:       15576 kB
PageTables:        26460 kB
NFS_Unstable:          0 kB
Bounce:                0 kB
WritebackTmp:          0 kB
CommitLimit:     1242116 kB
Committed_AS:   55872832 kB
VmallocTotal:     409600 kB
VmallocUsed:       36120 kB
VmallocChunk:      98332 kB
Time pass: 258 sec

---2015-12-18 17:09:26
MemTotal:        1959952 kB
MemFree:          116960 kB
Buffers:            4000 kB
Cached:           847700 kB
SwapCached:         1368 kB
Active:           720320 kB
Inactive:         569696 kB
Active(anon):     269372 kB
Inactive(anon):   171364 kB
Active(file):     450948 kB
Inactive(file):   398332 kB
Unevictable:        1744 kB
Mlocked:               0 kB
HighTotal:       1372556 kB
HighFree:          28572 kB
LowTotal:         587396 kB
LowFree:           88388 kB
SwapTotal:        262140 kB
SwapFree:         223124 kB
Dirty:               724 kB
Writeback:             0 kB
AnonPages:        440168 kB
Mapped:           350296 kB
Shmem:               676 kB
Slab:              55704 kB
SReclaimable:      16860 kB
SUnreclaim:        38844 kB
KernelStack:       15576 kB
PageTables:        26460 kB
NFS_Unstable:          0 kB
Bounce:                0 kB
WritebackTmp:          0 kB
CommitLimit:     1242116 kB
Committed_AS:   55872956 kB
VmallocTotal:     409600 kB
VmallocUsed:       36120 kB
VmallocChunk:      98332 kB
Time pass: 261 sec

---2015-12-18 17:09:26
MemTotal:        1959952 kB
MemFree:          115816 kB
Buffers:            4000 kB
Cached:           847716 kB
SwapCached:         1368 kB
Active:           720760 kB
Inactive:         569712 kB
Active(anon):     269812 kB
Inactive(anon):   171380 kB
Active(file):     450948 kB
Inactive(file):   398332 kB
Unevictable:        1744 kB
Mlocked:               0 kB
HighTotal:       1372556 kB
HighFree:          27540 kB
LowTotal:         587396 kB
LowFree:           88276 kB
SwapTotal:        262140 kB
SwapFree:         223124 kB
Dirty:               720 kB
Writeback:             0 kB
AnonPages:        440412 kB
Mapped:           350312 kB
Shmem:               692 kB
Slab:              55832 kB
SReclaimable:      16860 kB
SUnreclaim:        38972 kB
KernelStack:       15576 kB
PageTables:        26464 kB
NFS_Unstable:          0 kB
Bounce:                0 kB
WritebackTmp:          0 kB
CommitLimit:     1242116 kB
Committed_AS:   55874292 kB
VmallocTotal:     409600 kB
VmallocUsed:       36120 kB
VmallocChunk:      98332 kB
Time pass: 265 sec

---2015-12-18 17:09:26
MemTotal:        1959952 kB
MemFree:          115516 kB
Buffers:            4000 kB
Cached:           847788 kB
SwapCached:         1368 kB
Active:           721252 kB
Inactive:         569732 kB
Active(anon):     270292 kB
Inactive(anon):   171380 kB
Active(file):     450960 kB
Inactive(file):   398352 kB
Unevictable:        1744 kB
Mlocked:               0 kB
HighTotal:       1372556 kB
HighFree:          27192 kB
LowTotal:         587396 kB
LowFree:           88324 kB
SwapTotal:        262140 kB
SwapFree:         223124 kB
Dirty:               792 kB
Writeback:             0 kB
AnonPages:        440828 kB
Mapped:           350344 kB
Shmem:               692 kB
Slab:              55704 kB
SReclaimable:      16860 kB
SUnreclaim:        38844 kB
KernelStack:       15592 kB
PageTables:        26464 kB
NFS_Unstable:          0 kB
Bounce:                0 kB
WritebackTmp:          0 kB
CommitLimit:     1242116 kB
Committed_AS:   55873148 kB
VmallocTotal:     409600 kB
VmallocUsed:       36120 kB
VmallocChunk:      98332 kB
Time pass: 269 sec

---2015-12-18 17:09:26
MemTotal:        1959952 kB
MemFree:          114824 kB
Buffers:            4000 kB
Cached:           847828 kB
SwapCached:         1368 kB
Active:           721508 kB
Inactive:         569824 kB
Active(anon):     270560 kB
Inactive(anon):   171380 kB
Active(file):     450948 kB
Inactive(file):   398444 kB
Unevictable:        1744 kB
Mlocked:               0 kB
HighTotal:       1372556 kB
HighFree:          26700 kB
LowTotal:         587396 kB
LowFree:           88124 kB
SwapTotal:        262140 kB
SwapFree:         223124 kB
Dirty:               716 kB
Writeback:             0 kB
AnonPages:        441116 kB
Mapped:           350316 kB
Shmem:               692 kB
Slab:              55752 kB
SReclaimable:      16860 kB
SUnreclaim:        38892 kB
KernelStack:       15576 kB
PageTables:        26468 kB
NFS_Unstable:          0 kB
Bounce:                0 kB
WritebackTmp:          0 kB
CommitLimit:     1242116 kB
Committed_AS:   55873544 kB
VmallocTotal:     409600 kB
VmallocUsed:       36120 kB
VmallocChunk:      98332 kB
Time pass: 272 sec

---2015-12-18 17:09:26
MemTotal:        1959952 kB
MemFree:          114272 kB
Buffers:            4000 kB
Cached:           847828 kB
SwapCached:         1368 kB
Active:           722072 kB
Inactive:         569824 kB
Active(anon):     271124 kB
Inactive(anon):   171380 kB
Active(file):     450948 kB
Inactive(file):   398444 kB
Unevictable:        1744 kB
Mlocked:               0 kB
HighTotal:       1372556 kB
HighFree:          26212 kB
LowTotal:         587396 kB
LowFree:           88060 kB
SwapTotal:        262140 kB
SwapFree:         223124 kB
Dirty:               720 kB
Writeback:             0 kB
AnonPages:        441692 kB
Mapped:           350336 kB
Shmem:               692 kB
Slab:              55808 kB
SReclaimable:      16860 kB
SUnreclaim:        38948 kB
KernelStack:       15576 kB
PageTables:        26464 kB
NFS_Unstable:          0 kB
Bounce:                0 kB
WritebackTmp:          0 kB
CommitLimit:     1242116 kB
Committed_AS:   55873800 kB
VmallocTotal:     409600 kB
VmallocUsed:       36120 kB
VmallocChunk:      98332 kB
Time pass: 276 sec

---2015-12-18 17:09:26
MemTotal:        1959952 kB
MemFree:          113820 kB
Buffers:            4000 kB
Cached:           847828 kB
SwapCached:         1368 kB
Active:           722344 kB
Inactive:         569824 kB
Active(anon):     271396 kB
Inactive(anon):   171380 kB
Active(file):     450948 kB
Inactive(file):   398444 kB
Unevictable:        1744 kB
Mlocked:               0 kB
HighTotal:       1372556 kB
HighFree:          24436 kB
LowTotal:         587396 kB
LowFree:           89384 kB
SwapTotal:        262140 kB
SwapFree:         223124 kB
Dirty:               724 kB
Writeback:             0 kB
AnonPages:        441672 kB
Mapped:           350336 kB
Shmem:               692 kB
Slab:              55736 kB
SReclaimable:      16860 kB
SUnreclaim:        38876 kB
KernelStack:       15576 kB
PageTables:        26464 kB
NFS_Unstable:          0 kB
Bounce:                0 kB
WritebackTmp:          0 kB
CommitLimit:     1242116 kB
Committed_AS:   55873912 kB
VmallocTotal:     409600 kB
VmallocUsed:       36120 kB
VmallocChunk:      98332 kB
Time pass: 280 sec

---2015-12-18 17:09:26
MemTotal:        1959952 kB
MemFree:          113828 kB
Buffers:            4000 kB
Cached:           847828 kB
SwapCached:         1368 kB
Active:           722536 kB
Inactive:         569824 kB
Active(anon):     271588 kB
Inactive(anon):   171380 kB
Active(file):     450948 kB
Inactive(file):   398444 kB
Unevictable:        1744 kB
Mlocked:               0 kB
HighTotal:       1372556 kB
HighFree:          24808 kB
LowTotal:         587396 kB
LowFree:           89020 kB
SwapTotal:        262140 kB
SwapFree:         223124 kB
Dirty:               724 kB
Writeback:             0 kB
AnonPages:        442196 kB
Mapped:           350336 kB
Shmem:               692 kB
Slab:              55768 kB
SReclaimable:      16860 kB
SUnreclaim:        38908 kB
KernelStack:       15576 kB
PageTables:        26464 kB
NFS_Unstable:          0 kB
Bounce:                0 kB
WritebackTmp:          0 kB
CommitLimit:     1242116 kB
Committed_AS:   55874052 kB
VmallocTotal:     409600 kB
VmallocUsed:       36120 kB
VmallocChunk:      98332 kB
Time pass: 283 sec

---2015-12-18 17:09:26
MemTotal:        1959952 kB
MemFree:          113252 kB
Buffers:            4000 kB
Cached:           847828 kB
SwapCached:         1368 kB
Active:           723012 kB
Inactive:         569824 kB
Active(anon):     272064 kB
Inactive(anon):   171380 kB
Active(file):     450948 kB
Inactive(file):   398444 kB
Unevictable:        1744 kB
Mlocked:               0 kB
HighTotal:       1372556 kB
HighFree:          25056 kB
LowTotal:         587396 kB
LowFree:           88196 kB
SwapTotal:        262140 kB
SwapFree:         223124 kB
Dirty:               732 kB
Writeback:             0 kB
AnonPages:        442652 kB
Mapped:           350336 kB
Shmem:               692 kB
Slab:              55768 kB
SReclaimable:      16860 kB
SUnreclaim:        38908 kB
KernelStack:       15584 kB
PageTables:        26464 kB
NFS_Unstable:          0 kB
Bounce:                0 kB
WritebackTmp:          0 kB
CommitLimit:     1242116 kB
Committed_AS:   55873964 kB
VmallocTotal:     409600 kB
VmallocUsed:       36120 kB
VmallocChunk:      98332 kB
Time pass: 287 sec

---2015-12-18 17:09:26
MemTotal:        1959952 kB
MemFree:          112768 kB
Buffers:            4000 kB
Cached:           847848 kB
SwapCached:         1368 kB
Active:           723624 kB
Inactive:         569840 kB
Active(anon):     272672 kB
Inactive(anon):   171380 kB
Active(file):     450952 kB
Inactive(file):   398460 kB
Unevictable:        1744 kB
Mlocked:               0 kB
HighTotal:       1372556 kB
HighFree:          24560 kB
LowTotal:         587396 kB
LowFree:           88208 kB
SwapTotal:        262140 kB
SwapFree:         223124 kB
Dirty:               744 kB
Writeback:             0 kB
AnonPages:        443224 kB
Mapped:           350360 kB
Shmem:               692 kB
Slab:              55736 kB
SReclaimable:      16860 kB
SUnreclaim:        38876 kB
KernelStack:       15584 kB
PageTables:        26448 kB
NFS_Unstable:          0 kB
Bounce:                0 kB
WritebackTmp:          0 kB
CommitLimit:     1242116 kB
Committed_AS:   55874392 kB
VmallocTotal:     409600 kB
VmallocUsed:       36120 kB
VmallocChunk:      98332 kB
Time pass: 291 sec

---2015-12-18 17:09:26
MemTotal:        1959952 kB
MemFree:          111448 kB
Buffers:            4000 kB
Cached:           848196 kB
SwapCached:         1368 kB
Active:           724288 kB
Inactive:         570188 kB
Active(anon):     273336 kB
Inactive(anon):   171380 kB
Active(file):     450952 kB
Inactive(file):   398808 kB
Unevictable:        1744 kB
Mlocked:               0 kB
HighTotal:       1372556 kB
HighFree:          24560 kB
LowTotal:         587396 kB
LowFree:           86888 kB
SwapTotal:        262140 kB
SwapFree:         223124 kB
Dirty:               736 kB
Writeback:             0 kB
AnonPages:        443876 kB
Mapped:           350380 kB
Shmem:               692 kB
Slab:              55824 kB
SReclaimable:      16860 kB
SUnreclaim:        38964 kB
KernelStack:       15600 kB
PageTables:        26448 kB
NFS_Unstable:          0 kB
Bounce:                0 kB
WritebackTmp:          0 kB
CommitLimit:     1242116 kB
Committed_AS:   55874560 kB
VmallocTotal:     409600 kB
VmallocUsed:       36120 kB
VmallocChunk:      98332 kB
Time pass: 295 sec

---2015-12-18 17:09:26
MemTotal:        1959952 kB
MemFree:          110812 kB
Buffers:            4000 kB
Cached:           848196 kB
SwapCached:         1368 kB
Active:           724688 kB
Inactive:         570188 kB
Active(anon):     273736 kB
Inactive(anon):   171380 kB
Active(file):     450952 kB
Inactive(file):   398808 kB
Unevictable:        1744 kB
Mlocked:               0 kB
HighTotal:       1372556 kB
HighFree:          24808 kB
LowTotal:         587396 kB
LowFree:           86004 kB
SwapTotal:        262140 kB
SwapFree:         223124 kB
Dirty:               736 kB
Writeback:             0 kB
AnonPages:        444228 kB
Mapped:           350380 kB
Shmem:               692 kB
Slab:              55736 kB
SReclaimable:      16828 kB
SUnreclaim:        38908 kB
KernelStack:       15584 kB
PageTables:        26448 kB
NFS_Unstable:          0 kB
Bounce:                0 kB
WritebackTmp:          0 kB
CommitLimit:     1242116 kB
Committed_AS:   55874644 kB
VmallocTotal:     409600 kB
VmallocUsed:       36120 kB
VmallocChunk:      98332 kB
Time pass: 299 sec

---2015-12-18 17:09:26
MemTotal:        1959952 kB
MemFree:          110844 kB
Buffers:            4000 kB
Cached:           848200 kB
SwapCached:         1368 kB
Active:           725044 kB
Inactive:         570188 kB
Active(anon):     274088 kB
Inactive(anon):   171380 kB
Active(file):     450956 kB
Inactive(file):   398808 kB
Unevictable:        1744 kB
Mlocked:               0 kB
HighTotal:       1372556 kB
HighFree:          25304 kB
LowTotal:         587396 kB
LowFree:           85540 kB
SwapTotal:        262140 kB
SwapFree:         223124 kB
Dirty:               744 kB
Writeback:             0 kB
AnonPages:        444644 kB
Mapped:           350356 kB
Shmem:               692 kB
Slab:              55672 kB
SReclaimable:      16828 kB
SUnreclaim:        38844 kB
KernelStack:       15600 kB
PageTables:        26468 kB
NFS_Unstable:          0 kB
Bounce:                0 kB
WritebackTmp:          0 kB
CommitLimit:     1242116 kB
Committed_AS:   55874732 kB
VmallocTotal:     409600 kB
VmallocUsed:       36120 kB
VmallocChunk:      98332 kB
Time pass: 303 sec

---2015-12-18 17:09:26
MemTotal:        1959952 kB
MemFree:          110072 kB
Buffers:            4000 kB
Cached:           848284 kB
SwapCached:         1368 kB
Active:           725484 kB
Inactive:         570272 kB
Active(anon):     274528 kB
Inactive(anon):   171464 kB
Active(file):     450956 kB
Inactive(file):   398808 kB
Unevictable:        1744 kB
Mlocked:               0 kB
HighTotal:       1372556 kB
HighFree:          24812 kB
LowTotal:         587396 kB
LowFree:           85260 kB
SwapTotal:        262140 kB
SwapFree:         223124 kB
Dirty:               736 kB
Writeback:             0 kB
AnonPages:        445084 kB
Mapped:           350440 kB
Shmem:               776 kB
Slab:              55704 kB
SReclaimable:      16828 kB
SUnreclaim:        38876 kB
KernelStack:       15600 kB
PageTables:        26472 kB
NFS_Unstable:          0 kB
Bounce:                0 kB
WritebackTmp:          0 kB
CommitLimit:     1242116 kB
Committed_AS:   55874800 kB
VmallocTotal:     409600 kB
VmallocUsed:       36120 kB
VmallocChunk:      98332 kB
Time pass: 307 sec

---2015-12-18 17:09:26
MemTotal:        1959952 kB
MemFree:          109648 kB
Buffers:            4000 kB
Cached:           848284 kB
SwapCached:         1368 kB
Active:           725860 kB
Inactive:         570272 kB
Active(anon):     274904 kB
Inactive(anon):   171464 kB
Active(file):     450956 kB
Inactive(file):   398808 kB
Unevictable:        1744 kB
Mlocked:               0 kB
HighTotal:       1372556 kB
HighFree:          24316 kB
LowTotal:         587396 kB
LowFree:           85332 kB
SwapTotal:        262140 kB
SwapFree:         223124 kB
Dirty:               736 kB
Writeback:             0 kB
AnonPages:        445484 kB
Mapped:           350440 kB
Shmem:               776 kB
Slab:              55608 kB
SReclaimable:      16828 kB
SUnreclaim:        38780 kB
KernelStack:       15600 kB
PageTables:        26476 kB
NFS_Unstable:          0 kB
Bounce:                0 kB
WritebackTmp:          0 kB
CommitLimit:     1242116 kB
Committed_AS:   55874876 kB
VmallocTotal:     409600 kB
VmallocUsed:       36120 kB
VmallocChunk:      98332 kB
Time pass: 311 sec

---2015-12-18 17:09:26
MemTotal:        1959952 kB
MemFree:          109304 kB
Buffers:            4000 kB
Cached:           848284 kB
SwapCached:         1368 kB
Active:           726268 kB
Inactive:         570272 kB
Active(anon):     275312 kB
Inactive(anon):   171464 kB
Active(file):     450956 kB
Inactive(file):   398808 kB
Unevictable:        1744 kB
Mlocked:               0 kB
HighTotal:       1372556 kB
HighFree:          24192 kB
LowTotal:         587396 kB
LowFree:           85112 kB
SwapTotal:        262140 kB
SwapFree:         223124 kB
Dirty:               736 kB
Writeback:             0 kB
AnonPages:        445732 kB
Mapped:           350440 kB
Shmem:               776 kB
Slab:              55708 kB
SReclaimable:      16828 kB
SUnreclaim:        38880 kB
KernelStack:       15600 kB
PageTables:        26472 kB
NFS_Unstable:          0 kB
Bounce:                0 kB
WritebackTmp:          0 kB
CommitLimit:     1242116 kB
Committed_AS:   55874936 kB
VmallocTotal:     409600 kB
VmallocUsed:       36120 kB
VmallocChunk:      98332 kB
Time pass: 315 sec

---2015-12-18 17:09:26
MemTotal:        1959952 kB
MemFree:          109496 kB
Buffers:            4000 kB
Cached:           848284 kB
SwapCached:         1368 kB
Active:           726452 kB
Inactive:         570272 kB
Active(anon):     275496 kB
Inactive(anon):   171464 kB
Active(file):     450956 kB
Inactive(file):   398808 kB
Unevictable:        1744 kB
Mlocked:               0 kB
HighTotal:       1372556 kB
HighFree:          24192 kB
LowTotal:         587396 kB
LowFree:           85304 kB
SwapTotal:        262140 kB
SwapFree:         223124 kB
Dirty:               736 kB
Writeback:             0 kB
AnonPages:        446140 kB
Mapped:           350444 kB
Shmem:               776 kB
Slab:              55740 kB
SReclaimable:      16828 kB
SUnreclaim:        38912 kB
KernelStack:       15600 kB
PageTables:        26476 kB
NFS_Unstable:          0 kB
Bounce:                0 kB
WritebackTmp:          0 kB
CommitLimit:     1242116 kB
Committed_AS:   55875076 kB
VmallocTotal:     409600 kB
VmallocUsed:       36120 kB
VmallocChunk:      98332 kB
Time pass: 318 sec

---2015-12-18 17:09:26
MemTotal:        1959952 kB
MemFree:          109748 kB
Buffers:            4000 kB
Cached:           848284 kB
SwapCached:         1368 kB
Active:           726864 kB
Inactive:         570272 kB
Active(anon):     275908 kB
Inactive(anon):   171464 kB
Active(file):     450956 kB
Inactive(file):   398808 kB
Unevictable:        1744 kB
Mlocked:               0 kB
HighTotal:       1372556 kB
HighFree:          24936 kB
LowTotal:         587396 kB
LowFree:           84812 kB
SwapTotal:        262140 kB
SwapFree:         223124 kB
Dirty:               740 kB
Writeback:             0 kB
AnonPages:        446460 kB
Mapped:           350468 kB
Shmem:               776 kB
Slab:              55740 kB
SReclaimable:      16828 kB
SUnreclaim:        38912 kB
KernelStack:       15584 kB
PageTables:        26460 kB
NFS_Unstable:          0 kB
Bounce:                0 kB
WritebackTmp:          0 kB
CommitLimit:     1242116 kB
Committed_AS:   55875172 kB
VmallocTotal:     409600 kB
VmallocUsed:       36120 kB
VmallocChunk:      98332 kB
Time pass: 322 sec

---2015-12-18 17:09:26
MemTotal:        1959952 kB
MemFree:          108812 kB
Buffers:            4000 kB
Cached:           848284 kB
SwapCached:         1368 kB
Active:           727108 kB
Inactive:         570272 kB
Active(anon):     276152 kB
Inactive(anon):   171464 kB
Active(file):     450956 kB
Inactive(file):   398808 kB
Unevictable:        1744 kB
Mlocked:               0 kB
HighTotal:       1372556 kB
HighFree:          25060 kB
LowTotal:         587396 kB
LowFree:           83752 kB
SwapTotal:        262140 kB
SwapFree:         223124 kB
Dirty:               736 kB
Writeback:             0 kB
AnonPages:        446808 kB
Mapped:           350444 kB
Shmem:               776 kB
Slab:              55772 kB
SReclaimable:      16828 kB
SUnreclaim:        38944 kB
KernelStack:       15600 kB
PageTables:        26476 kB
NFS_Unstable:          0 kB
Bounce:                0 kB
WritebackTmp:          0 kB
CommitLimit:     1242116 kB
Committed_AS:   55875232 kB
VmallocTotal:     409600 kB
VmallocUsed:       36120 kB
VmallocChunk:      98332 kB
Time pass: 326 sec

---2015-12-18 17:09:26
MemTotal:        1959952 kB
MemFree:          107976 kB
Buffers:            4000 kB
Cached:           848284 kB
SwapCached:         1368 kB
Active:           727376 kB
Inactive:         570272 kB
Active(anon):     276420 kB
Inactive(anon):   171464 kB
Active(file):     450956 kB
Inactive(file):   398808 kB
Unevictable:        1744 kB
Mlocked:               0 kB
HighTotal:       1372556 kB
HighFree:          24316 kB
LowTotal:         587396 kB
LowFree:           83660 kB
SwapTotal:        262140 kB
SwapFree:         223124 kB
Dirty:               740 kB
Writeback:             0 kB
AnonPages:        447112 kB
Mapped:           350444 kB
Shmem:               776 kB
Slab:              55768 kB
SReclaimable:      16828 kB
SUnreclaim:        38940 kB
KernelStack:       15608 kB
PageTables:        26476 kB
NFS_Unstable:          0 kB
Bounce:                0 kB
WritebackTmp:          0 kB
CommitLimit:     1242116 kB
Committed_AS:   55875336 kB
VmallocTotal:     409600 kB
VmallocUsed:       36120 kB
VmallocChunk:      98332 kB
Time pass: 329 sec

---2015-12-18 17:09:26
MemTotal:        1959952 kB
MemFree:          108036 kB
Buffers:            4000 kB
Cached:           848284 kB
SwapCached:         1368 kB
Active:           728016 kB
Inactive:         570272 kB
Active(anon):     277060 kB
Inactive(anon):   171464 kB
Active(file):     450956 kB
Inactive(file):   398808 kB
Unevictable:        1744 kB
Mlocked:               0 kB
HighTotal:       1372556 kB
HighFree:          24564 kB
LowTotal:         587396 kB
LowFree:           83472 kB
SwapTotal:        262140 kB
SwapFree:         223124 kB
Dirty:               736 kB
Writeback:             0 kB
AnonPages:        447504 kB
Mapped:           350444 kB
