---2015-12-05 14:07:44
MemTotal:        2905316 kB
MemFree:           69028 kB
Buffers:           26328 kB
Cached:          1390652 kB
SwapCached:            0 kB
Active:          1325036 kB
Inactive:        1020684 kB
Active(anon):     807248 kB
Inactive(anon):   165944 kB
Active(file):     517788 kB
Inactive(file):   854740 kB
Unevictable:        7800 kB
Mlocked:               0 kB
SwapTotal:        720184 kB
SwapFree:         720184 kB
Dirty:               580 kB
Writeback:             0 kB
AnonPages:        937212 kB
Mapped:           553904 kB
Shmem:             36648 kB
Slab:             113836 kB
SReclaimable:      36244 kB
SUnreclaim:        77592 kB
KernelStack:       32608 kB
PageTables:        56844 kB
NFS_Unstable:          0 kB
Bounce:                0 kB
WritebackTmp:          0 kB
CommitLimit:     2172840 kB
Committed_AS:   93493064 kB
VmallocTotal:   251658176 kB
VmallocUsed:      137712 kB
VmallocChunk:   251434028 kB
Time pass: 3 sec

---2015-12-05 14:07:44
MemTotal:        2905316 kB
MemFree:           87500 kB
Buffers:           26796 kB
Cached:          1391768 kB
SwapCached:            0 kB
Active:          1306976 kB
Inactive:        1022052 kB
Active(anon):     788532 kB
Inactive(anon):   166452 kB
Active(file):     518444 kB
Inactive(file):   855600 kB
Unevictable:        7800 kB
Mlocked:               0 kB
SwapTotal:        720184 kB
SwapFree:         720184 kB
Dirty:               244 kB
Writeback:             0 kB
AnonPages:        918564 kB
Mapped:           512520 kB
Shmem:             36648 kB
Slab:             113772 kB
SReclaimable:      35860 kB
SUnreclaim:        77912 kB
KernelStack:       31312 kB
PageTables:        56768 kB
NFS_Unstable:          0 kB
Bounce:                0 kB
WritebackTmp:          0 kB
CommitLimit:     2172840 kB
Committed_AS:   95589260 kB
VmallocTotal:   251658176 kB
VmallocUsed:      137576 kB
VmallocChunk:   251434028 kB
Time pass: 7 sec

---2015-12-05 14:07:44
MemTotal:        2905316 kB
MemFree:          114164 kB
Buffers:           26796 kB
Cached:          1391676 kB
SwapCached:            0 kB
Active:          1280816 kB
Inactive:        1022016 kB
Active(anon):     762352 kB
Inactive(anon):   166324 kB
Active(file):     518464 kB
Inactive(file):   855692 kB
Unevictable:        7800 kB
Mlocked:               0 kB
SwapTotal:        720184 kB
SwapFree:         720184 kB
Dirty:               272 kB
Writeback:             0 kB
AnonPages:        892104 kB
Mapped:           501840 kB
Shmem:             36516 kB
Slab:             113832 kB
SReclaimable:      35892 kB
SUnreclaim:        77940 kB
KernelStack:       30944 kB
PageTables:        56400 kB
NFS_Unstable:          0 kB
Bounce:                0 kB
WritebackTmp:          0 kB
CommitLimit:     2172840 kB
Committed_AS:   94336916 kB
VmallocTotal:   251658176 kB
VmallocUsed:      136556 kB
VmallocChunk:   251434028 kB
Time pass: 11 sec

---2015-12-05 14:07:44
MemTotal:        2905316 kB
MemFree:          118860 kB
Buffers:           26804 kB
Cached:          1392800 kB
SwapCached:            0 kB
Active:          1276604 kB
Inactive:        1023156 kB
Active(anon):     758120 kB
Inactive(anon):   166324 kB
Active(file):     518484 kB
Inactive(file):   856832 kB
Unevictable:        7800 kB
Mlocked:               0 kB
SwapTotal:        720184 kB
SwapFree:         720184 kB
Dirty:               124 kB
Writeback:             0 kB
AnonPages:        888264 kB
Mapped:           499428 kB
Shmem:             36516 kB
Slab:             114012 kB
SReclaimable:      35892 kB
SUnreclaim:        78120 kB
KernelStack:       30592 kB
PageTables:        55296 kB
NFS_Unstable:          0 kB
Bounce:                0 kB
WritebackTmp:          0 kB
CommitLimit:     2172840 kB
Committed_AS:   92361700 kB
VmallocTotal:   251658176 kB
VmallocUsed:      134516 kB
VmallocChunk:   251434028 kB
Time pass: 15 sec

---2015-12-05 14:07:44
MemTotal:        2905316 kB
MemFree:          122408 kB
Buffers:           26812 kB
Cached:          1393524 kB
SwapCached:            0 kB
Active:          1272660 kB
Inactive:        1023756 kB
Active(anon):     754168 kB
Inactive(anon):   166324 kB
Active(file):     518492 kB
Inactive(file):   857432 kB
Unevictable:        7800 kB
Mlocked:               0 kB
SwapTotal:        720184 kB
SwapFree:         720184 kB
Dirty:                52 kB
Writeback:             0 kB
AnonPages:        884208 kB
Mapped:           500396 kB
Shmem:             36516 kB
Slab:             114220 kB
SReclaimable:      35892 kB
SUnreclaim:        78328 kB
KernelStack:       30352 kB
PageTables:        55624 kB
NFS_Unstable:          0 kB
Bounce:                0 kB
WritebackTmp:          0 kB
CommitLimit:     2172840 kB
Committed_AS:   95807532 kB
VmallocTotal:   251658176 kB
VmallocUsed:      134516 kB
VmallocChunk:   251434028 kB
Time pass: 18 sec

---2015-12-05 14:07:44
MemTotal:        2905316 kB
MemFree:           65496 kB
Buffers:           27124 kB
Cached:          1289912 kB
SwapCached:            0 kB
Active:          1303016 kB
Inactive:         926272 kB
Active(anon):     769088 kB
Inactive(anon):   187708 kB
Active(file):     533928 kB
Inactive(file):   738564 kB
Unevictable:        7800 kB
Mlocked:               0 kB
SwapTotal:        720184 kB
SwapFree:         720184 kB
Dirty:              2264 kB
Writeback:             4 kB
AnonPages:        920336 kB
Mapped:           570896 kB
Shmem:             36652 kB
Slab:             113916 kB
SReclaimable:      35980 kB
SUnreclaim:        77936 kB
KernelStack:       31520 kB
PageTables:        56532 kB
NFS_Unstable:          0 kB
Bounce:                0 kB
WritebackTmp:          0 kB
CommitLimit:     2172840 kB
Committed_AS:   93187836 kB
VmallocTotal:   251658176 kB
VmallocUsed:      135976 kB
VmallocChunk:   251426860 kB
Time pass: 22 sec

---2015-12-05 14:07:44
MemTotal:        2905316 kB
MemFree:          108408 kB
Buffers:           27088 kB
Cached:          1265160 kB
SwapCached:            0 kB
Active:          1266480 kB
Inactive:         905120 kB
Active(anon):     732132 kB
Inactive(anon):   185928 kB
Active(file):     534348 kB
Inactive(file):   719192 kB
Unevictable:        7800 kB
Mlocked:               0 kB
SwapTotal:        720184 kB
SwapFree:         720184 kB
Dirty:               828 kB
Writeback:             0 kB
AnonPages:        887216 kB
Mapped:           566708 kB
Shmem:             30904 kB
Slab:             114180 kB
SReclaimable:      36236 kB
SUnreclaim:        77944 kB
KernelStack:       31488 kB
PageTables:        56328 kB
NFS_Unstable:          0 kB
Bounce:                0 kB
WritebackTmp:          0 kB
CommitLimit:     2172840 kB
Committed_AS:   93141432 kB
VmallocTotal:   251658176 kB
VmallocUsed:      136120 kB
VmallocChunk:   251426860 kB
Time pass: 25 sec

---2015-12-05 14:07:44
MemTotal:        2905316 kB
MemFree:          108788 kB
Buffers:           27104 kB
Cached:          1265164 kB
SwapCached:            0 kB
Active:          1266280 kB
Inactive:         905128 kB
Active(anon):     731920 kB
Inactive(anon):   185928 kB
Active(file):     534360 kB
Inactive(file):   719200 kB
Unevictable:        7800 kB
Mlocked:               0 kB
SwapTotal:        720184 kB
SwapFree:         720184 kB
Dirty:               124 kB
Writeback:             0 kB
AnonPages:        886952 kB
Mapped:           567220 kB
Shmem:             30904 kB
Slab:             114248 kB
SReclaimable:      36236 kB
SUnreclaim:        78012 kB
KernelStack:       31504 kB
PageTables:        56328 kB
NFS_Unstable:          0 kB
Bounce:                0 kB
WritebackTmp:          0 kB
CommitLimit:     2172840 kB
Committed_AS:   93141432 kB
VmallocTotal:   251658176 kB
VmallocUsed:      136120 kB
VmallocChunk:   251426860 kB
Time pass: 29 sec

---2015-12-05 14:07:44
MemTotal:        2905316 kB
MemFree:           81376 kB
Buffers:           27112 kB
Cached:          1266268 kB
SwapCached:            0 kB
Active:          1266916 kB
Inactive:         906184 kB
Active(anon):     732504 kB
Inactive(anon):   185988 kB
Active(file):     534412 kB
Inactive(file):   720196 kB
Unevictable:        7800 kB
Mlocked:               0 kB
SwapTotal:        720184 kB
SwapFree:         720184 kB
Dirty:                32 kB
Writeback:             4 kB
AnonPages:        887552 kB
Mapped:           576936 kB
Shmem:             30964 kB
Slab:             114196 kB
SReclaimable:      36124 kB
SUnreclaim:        78072 kB
KernelStack:       31328 kB
PageTables:        55896 kB
NFS_Unstable:          0 kB
Bounce:                0 kB
WritebackTmp:          0 kB
CommitLimit:     2172840 kB
Committed_AS:   92441412 kB
VmallocTotal:   251658176 kB
VmallocUsed:      135328 kB
VmallocChunk:   251426860 kB
Time pass: 33 sec

---2015-12-05 14:07:44
MemTotal:        2905316 kB
MemFree:           81296 kB
Buffers:           27120 kB
Cached:          1266276 kB
SwapCached:            0 kB
Active:          1267152 kB
Inactive:         906204 kB
Active(anon):     732732 kB
Inactive(anon):   185988 kB
Active(file):     534420 kB
Inactive(file):   720216 kB
Unevictable:        7800 kB
Mlocked:               0 kB
SwapTotal:        720184 kB
SwapFree:         720184 kB
Dirty:               108 kB
Writeback:             0 kB
AnonPages:        887804 kB
Mapped:           577216 kB
Shmem:             30964 kB
Slab:             114088 kB
SReclaimable:      36124 kB
SUnreclaim:        77964 kB
KernelStack:       31360 kB
PageTables:        55924 kB
NFS_Unstable:          0 kB
Bounce:                0 kB
WritebackTmp:          0 kB
CommitLimit:     2172840 kB
Committed_AS:   92441384 kB
VmallocTotal:   251658176 kB
VmallocUsed:      135328 kB
VmallocChunk:   251426860 kB
Time pass: 37 sec

---2015-12-05 14:07:44
MemTotal:        2905316 kB
MemFree:           79424 kB
Buffers:           28656 kB
Cached:          1266340 kB
SwapCached:            0 kB
Active:          1267284 kB
Inactive:         907740 kB
Active(anon):     732860 kB
Inactive(anon):   185988 kB
Active(file):     534424 kB
Inactive(file):   721752 kB
Unevictable:        7800 kB
Mlocked:               0 kB
SwapTotal:        720184 kB
SwapFree:         720184 kB
Dirty:                12 kB
Writeback:             0 kB
AnonPages:        887788 kB
Mapped:           577272 kB
Shmem:             30964 kB
Slab:             114092 kB
SReclaimable:      36124 kB
SUnreclaim:        77968 kB
KernelStack:       31360 kB
PageTables:        55928 kB
NFS_Unstable:          0 kB
Bounce:                0 kB
WritebackTmp:          0 kB
CommitLimit:     2172840 kB
Committed_AS:   92441344 kB
VmallocTotal:   251658176 kB
VmallocUsed:      135328 kB
VmallocChunk:   251426860 kB
Time pass: 40 sec

---2015-12-05 14:07:44
MemTotal:        2905316 kB
MemFree:           66700 kB
Buffers:           25736 kB
Cached:          1219064 kB
SwapCached:            0 kB
Active:          1282616 kB
Inactive:         856772 kB
Active(anon):     746172 kB
Inactive(anon):   187272 kB
Active(file):     536444 kB
Inactive(file):   669500 kB
Unevictable:        7800 kB
Mlocked:               0 kB
SwapTotal:        720184 kB
SwapFree:         720184 kB
Dirty:               356 kB
Writeback:             0 kB
AnonPages:        902320 kB
Mapped:           588764 kB
Shmem:             30968 kB
Slab:             113612 kB
SReclaimable:      35628 kB
SUnreclaim:        77984 kB
KernelStack:       31392 kB
PageTables:        56236 kB
NFS_Unstable:          0 kB
Bounce:                0 kB
WritebackTmp:          0 kB
CommitLimit:     2172840 kB
Committed_AS:   92469960 kB
VmallocTotal:   251658176 kB
VmallocUsed:      135596 kB
VmallocChunk:   251426860 kB
Time pass: 44 sec

---2015-12-05 14:07:44
MemTotal:        2905316 kB
MemFree:           77728 kB
Buffers:           25856 kB
Cached:          1156368 kB
SwapCached:            0 kB
Active:          1326992 kB
Inactive:         794500 kB
Active(anon):     780676 kB
Inactive(anon):   197648 kB
Active(file):     546316 kB
Inactive(file):   596852 kB
Unevictable:        7800 kB
Mlocked:               0 kB
SwapTotal:        720184 kB
SwapFree:         720184 kB
Dirty:               588 kB
Writeback:             0 kB
AnonPages:        947048 kB
Mapped:           637512 kB
Shmem:             31232 kB
Slab:             114264 kB
SReclaimable:      36048 kB
SUnreclaim:        78216 kB
KernelStack:       33392 kB
PageTables:        56748 kB
NFS_Unstable:          0 kB
Bounce:                0 kB
WritebackTmp:          0 kB
CommitLimit:     2172840 kB
Committed_AS:   93041012 kB
VmallocTotal:   251658176 kB
VmallocUsed:      135780 kB
VmallocChunk:   251426860 kB
Time pass: 48 sec

---2015-12-05 14:07:44
MemTotal:        2905316 kB
MemFree:           62600 kB
Buffers:           24848 kB
Cached:          1135696 kB
SwapCached:            0 kB
Active:          1341148 kB
Inactive:         768916 kB
Active(anon):     788176 kB
Inactive(anon):   200580 kB
Active(file):     552972 kB
Inactive(file):   568336 kB
Unevictable:        7800 kB
Mlocked:               0 kB
SwapTotal:        720184 kB
SwapFree:         720184 kB
Dirty:              2176 kB
Writeback:             0 kB
AnonPages:        957836 kB
Mapped:           671836 kB
Shmem:             31100 kB
Slab:             114464 kB
SReclaimable:      36128 kB
SUnreclaim:        78336 kB
KernelStack:       33856 kB
PageTables:        56744 kB
NFS_Unstable:          0 kB
Bounce:                0 kB
WritebackTmp:          0 kB
CommitLimit:     2172840 kB
Committed_AS:   93051712 kB
VmallocTotal:   251658176 kB
VmallocUsed:      135992 kB
VmallocChunk:   251426860 kB
Time pass: 51 sec

---2015-12-05 14:07:44
MemTotal:        2905316 kB
MemFree:           73584 kB
Buffers:           24712 kB
Cached:          1119048 kB
SwapCached:            0 kB
Active:          1325016 kB
Inactive:         752320 kB
Active(anon):     773764 kB
Inactive(anon):   200696 kB
Active(file):     551252 kB
Inactive(file):   551624 kB
Unevictable:        9792 kB
Mlocked:               0 kB
SwapTotal:        720184 kB
SwapFree:         720172 kB
Dirty:               728 kB
Writeback:             0 kB
AnonPages:        943564 kB
Mapped:           691644 kB
Shmem:             31088 kB
Slab:             114512 kB
SReclaimable:      36176 kB
SUnreclaim:        78336 kB
KernelStack:       33808 kB
PageTables:        56936 kB
NFS_Unstable:          0 kB
Bounce:                0 kB
WritebackTmp:          0 kB
CommitLimit:     2172840 kB
Committed_AS:   93040288 kB
VmallocTotal:   251658176 kB
VmallocUsed:      136184 kB
VmallocChunk:   251426860 kB
Time pass: 55 sec

---2015-12-05 14:07:44
MemTotal:        2905316 kB
MemFree:           69640 kB
Buffers:           24720 kB
Cached:          1120960 kB
SwapCached:            0 kB
Active:          1328556 kB
Inactive:         754192 kB
Active(anon):     777296 kB
Inactive(anon):   200688 kB
Active(file):     551260 kB
Inactive(file):   553504 kB
Unevictable:        9792 kB
Mlocked:               0 kB
SwapTotal:        720184 kB
SwapFree:         720172 kB
Dirty:               196 kB
Writeback:             0 kB
AnonPages:        946920 kB
Mapped:           691940 kB
Shmem:             31088 kB
Slab:             114572 kB
SReclaimable:      36240 kB
SUnreclaim:        78332 kB
KernelStack:       33840 kB
PageTables:        56936 kB
NFS_Unstable:          0 kB
Bounce:                0 kB
WritebackTmp:          0 kB
CommitLimit:     2172840 kB
Committed_AS:   93041544 kB
VmallocTotal:   251658176 kB
VmallocUsed:      136184 kB
VmallocChunk:   251426860 kB
Time pass: 59 sec

---2015-12-05 14:07:44
MemTotal:        2905316 kB
MemFree:           77708 kB
Buffers:           24504 kB
Cached:          1093144 kB
SwapCached:            0 kB
Active:          1322740 kB
Inactive:         736844 kB
Active(anon):     785812 kB
Inactive(anon):   199752 kB
Active(file):     536928 kB
Inactive(file):   537092 kB
Unevictable:       12768 kB
Mlocked:               0 kB
SwapTotal:        720184 kB
SwapFree:         720156 kB
Dirty:               180 kB
Writeback:             0 kB
AnonPages:        954864 kB
Mapped:           701444 kB
Shmem:             30860 kB
Slab:             114112 kB
SReclaimable:      36204 kB
SUnreclaim:        77908 kB
KernelStack:       34032 kB
PageTables:        56832 kB
NFS_Unstable:          0 kB
Bounce:                0 kB
WritebackTmp:          0 kB
CommitLimit:     2172840 kB
Committed_AS:   92950520 kB
VmallocTotal:   251658176 kB
VmallocUsed:      136320 kB
VmallocChunk:   251426860 kB
Time pass: 63 sec

---2015-12-05 14:07:44
MemTotal:        2905316 kB
MemFree:           80680 kB
Buffers:           24504 kB
Cached:          1093156 kB
SwapCached:            0 kB
Active:          1320232 kB
Inactive:         736744 kB
Active(anon):     783196 kB
Inactive(anon):   199752 kB
Active(file):     537036 kB
Inactive(file):   536992 kB
Unevictable:       12768 kB
Mlocked:               0 kB
SwapTotal:        720184 kB
SwapFree:         720156 kB
Dirty:               184 kB
Writeback:             0 kB
AnonPages:        952204 kB
Mapped:           701452 kB
Shmem:             30860 kB
Slab:             114200 kB
SReclaimable:      36316 kB
SUnreclaim:        77884 kB
KernelStack:       34048 kB
PageTables:        56832 kB
NFS_Unstable:          0 kB
Bounce:                0 kB
WritebackTmp:          0 kB
CommitLimit:     2172840 kB
Committed_AS:   92950480 kB
VmallocTotal:   251658176 kB
VmallocUsed:      136320 kB
VmallocChunk:   251426860 kB
Time pass: 67 sec

---2015-12-05 14:07:44
MemTotal:        2905316 kB
MemFree:           80944 kB
Buffers:           24512 kB
Cached:          1092728 kB
SwapCached:            0 kB
Active:          1319656 kB
Inactive:         736444 kB
Active(anon):     782596 kB
Inactive(anon):   199456 kB
Active(file):     537060 kB
Inactive(file):   536988 kB
Unevictable:       12768 kB
Mlocked:               0 kB
SwapTotal:        720184 kB
SwapFree:         720156 kB
Dirty:               112 kB
Writeback:             0 kB
AnonPages:        951360 kB
Mapped:           701080 kB
Shmem:             30420 kB
Slab:             114200 kB
SReclaimable:      36316 kB
SUnreclaim:        77884 kB
KernelStack:       34048 kB
PageTables:        56840 kB
NFS_Unstable:          0 kB
Bounce:                0 kB
WritebackTmp:          0 kB
CommitLimit:     2172840 kB
Committed_AS:   92948484 kB
VmallocTotal:   251658176 kB
VmallocUsed:      136320 kB
VmallocChunk:   251426860 kB
Time pass: 70 sec

---2015-12-05 14:07:44
MemTotal:        2905316 kB
MemFree:           73572 kB
Buffers:           24484 kB
Cached:          1072844 kB
SwapCached:            0 kB
Active:          1316708 kB
Inactive:         726232 kB
Active(anon):     789720 kB
Inactive(anon):   199164 kB
Active(file):     526988 kB
Inactive(file):   527068 kB
Unevictable:       12768 kB
Mlocked:               0 kB
SwapTotal:        720184 kB
SwapFree:         720156 kB
Dirty:               548 kB
Writeback:             0 kB
AnonPages:        958480 kB
Mapped:           711088 kB
Shmem:             30504 kB
Slab:             114468 kB
SReclaimable:      36364 kB
SUnreclaim:        78104 kB
KernelStack:       34048 kB
PageTables:        56744 kB
NFS_Unstable:          0 kB
Bounce:                0 kB
WritebackTmp:          0 kB
CommitLimit:     2172840 kB
Committed_AS:   92950428 kB
VmallocTotal:   251658176 kB
VmallocUsed:      136480 kB
VmallocChunk:   251426860 kB
Time pass: 74 sec

---2015-12-05 14:07:44
MemTotal:        2905316 kB
MemFree:           67420 kB
Buffers:           24548 kB
Cached:          1076092 kB
SwapCached:            0 kB
Active:          1319428 kB
Inactive:         729440 kB
Active(anon):     792336 kB
Inactive(anon):   199164 kB
Active(file):     527092 kB
Inactive(file):   530276 kB
Unevictable:       12768 kB
Mlocked:               0 kB
SwapTotal:        720184 kB
SwapFree:         720156 kB
Dirty:               200 kB
Writeback:             0 kB
AnonPages:        960728 kB
Mapped:           715708 kB
Shmem:             30504 kB
Slab:             114504 kB
SReclaimable:      36380 kB
SUnreclaim:        78124 kB
KernelStack:       34192 kB
PageTables:        56772 kB
NFS_Unstable:          0 kB
Bounce:                0 kB
WritebackTmp:          0 kB
CommitLimit:     2172840 kB
Committed_AS:   92969080 kB
VmallocTotal:   251658176 kB
VmallocUsed:      136480 kB
VmallocChunk:   251426860 kB
Time pass: 78 sec

---2015-12-05 14:07:44
MemTotal:        2905316 kB
MemFree:           65140 kB
Buffers:           24564 kB
Cached:          1076144 kB
SwapCached:            0 kB
Active:          1321304 kB
Inactive:         729480 kB
Active(anon):     794188 kB
Inactive(anon):   199164 kB
Active(file):     527116 kB
Inactive(file):   530316 kB
Unevictable:       12768 kB
Mlocked:               0 kB
SwapTotal:        720184 kB
SwapFree:         720156 kB
Dirty:               184 kB
Writeback:             0 kB
AnonPages:        962712 kB
Mapped:           715776 kB
Shmem:             30504 kB
Slab:             114616 kB
SReclaimable:      36380 kB
SUnreclaim:        78236 kB
KernelStack:       34192 kB
PageTables:        56800 kB
NFS_Unstable:          0 kB
Bounce:                0 kB
WritebackTmp:          0 kB
CommitLimit:     2172840 kB
Committed_AS:   92970312 kB
VmallocTotal:   251658176 kB
VmallocUsed:      136480 kB
VmallocChunk:   251426860 kB
Time pass: 81 sec

---2015-12-05 14:07:44
MemTotal:        2905316 kB
MemFree:           66616 kB
Buffers:           24544 kB
Cached:          1075128 kB
SwapCached:            0 kB
Active:          1321632 kB
Inactive:         728228 kB
Active(anon):     794492 kB
Inactive(anon):   199164 kB
Active(file):     527140 kB
Inactive(file):   529064 kB
Unevictable:       12768 kB
Mlocked:               0 kB
SwapTotal:        720184 kB
SwapFree:         720156 kB
Dirty:                96 kB
Writeback:             0 kB
AnonPages:        963156 kB
Mapped:           715804 kB
Shmem:             30504 kB
Slab:             114492 kB
SReclaimable:      36396 kB
SUnreclaim:        78096 kB
KernelStack:       34224 kB
PageTables:        56804 kB
NFS_Unstable:          0 kB
Bounce:                0 kB
WritebackTmp:          0 kB
CommitLimit:     2172840 kB
Committed_AS:   92970412 kB
VmallocTotal:   251658176 kB
VmallocUsed:      136480 kB
VmallocChunk:   251426860 kB
Time pass: 85 sec

---2015-12-05 14:07:44
MemTotal:        2905316 kB
MemFree:           71544 kB
Buffers:           24532 kB
Cached:          1072444 kB
SwapCached:            0 kB
Active:          1316548 kB
Inactive:         726012 kB
Active(anon):     789840 kB
Inactive(anon):   199164 kB
Active(file):     526708 kB
Inactive(file):   526848 kB
Unevictable:       12768 kB
Mlocked:               0 kB
SwapTotal:        720184 kB
SwapFree:         720156 kB
Dirty:                60 kB
Writeback:             0 kB
AnonPages:        958472 kB
Mapped:           714780 kB
Shmem:             30504 kB
Slab:             114364 kB
SReclaimable:      36300 kB
SUnreclaim:        78064 kB
KernelStack:       34064 kB
PageTables:        56872 kB
NFS_Unstable:          0 kB
Bounce:                0 kB
WritebackTmp:          0 kB
CommitLimit:     2172840 kB
Committed_AS:   92972676 kB
VmallocTotal:   251658176 kB
VmallocUsed:      136508 kB
VmallocChunk:   251426860 kB
Time pass: 89 sec

---2015-12-05 14:07:44
MemTotal:        2905316 kB
MemFree:           70904 kB
Buffers:           24532 kB
Cached:          1072504 kB
SwapCached:            0 kB
Active:          1317512 kB
Inactive:         726192 kB
Active(anon):     790776 kB
Inactive(anon):   199224 kB
Active(file):     526736 kB
Inactive(file):   526968 kB
Unevictable:       12768 kB
Mlocked:               0 kB
SwapTotal:        720184 kB
SwapFree:         720156 kB
Dirty:                 8 kB
Writeback:             0 kB
AnonPages:        959348 kB
Mapped:           715088 kB
Shmem:             30564 kB
Slab:             114368 kB
SReclaimable:      36300 kB
SUnreclaim:        78068 kB
KernelStack:       34016 kB
PageTables:        56944 kB
NFS_Unstable:          0 kB
Bounce:                0 kB
WritebackTmp:          0 kB
CommitLimit:     2172840 kB
Committed_AS:   92999332 kB
VmallocTotal:   251658176 kB
VmallocUsed:      136508 kB
VmallocChunk:   251426860 kB
Time pass: 93 sec

---2015-12-05 14:07:44
MemTotal:        2905316 kB
MemFree:           70596 kB
Buffers:           24540 kB
Cached:          1072512 kB
SwapCached:            0 kB
Active:          1317760 kB
Inactive:         726196 kB
Active(anon):     791024 kB
Inactive(anon):   199224 kB
Active(file):     526736 kB
Inactive(file):   526972 kB
Unevictable:       12768 kB
Mlocked:               0 kB
SwapTotal:        720184 kB
SwapFree:         720156 kB
Dirty:                56 kB
Writeback:             0 kB
AnonPages:        959576 kB
Mapped:           715096 kB
Shmem:             30564 kB
Slab:             114408 kB
SReclaimable:      36300 kB
SUnreclaim:        78108 kB
KernelStack:       34048 kB
PageTables:        56944 kB
NFS_Unstable:          0 kB
Bounce:                0 kB
WritebackTmp:          0 kB
CommitLimit:     2172840 kB
Committed_AS:   92999320 kB
VmallocTotal:   251658176 kB
VmallocUsed:      136508 kB
VmallocChunk:   251426860 kB
Time pass: 97 sec

---2015-12-05 14:07:44
MemTotal:        2905316 kB
MemFree:           68484 kB
Buffers:           24548 kB
Cached:          1072904 kB
SwapCached:            0 kB
Active:          1319972 kB
Inactive:         726544 kB
Active(anon):     793216 kB
Inactive(anon):   199224 kB
Active(file):     526756 kB
Inactive(file):   527320 kB
Unevictable:       12768 kB
Mlocked:               0 kB
SwapTotal:        720184 kB
SwapFree:         720156 kB
Dirty:                36 kB
Writeback:             0 kB
AnonPages:        961968 kB
Mapped:           715132 kB
Shmem:             30564 kB
Slab:             114392 kB
SReclaimable:      36300 kB
SUnreclaim:        78092 kB
KernelStack:       34080 kB
PageTables:        56920 kB
NFS_Unstable:          0 kB
Bounce:                0 kB
WritebackTmp:          0 kB
CommitLimit:     2172840 kB
Committed_AS:   93003024 kB
VmallocTotal:   251658176 kB
VmallocUsed:      136508 kB
VmallocChunk:   251426860 kB
Time pass: 100 sec

---2015-12-05 14:07:44
MemTotal:        2905316 kB
MemFree:          351040 kB
Buffers:           24480 kB
Cached:          1061876 kB
SwapCached:            0 kB
Active:          1236900 kB
Inactive:         720640 kB
Active(anon):     715556 kB
Inactive(anon):   199412 kB
Active(file):     521344 kB
Inactive(file):   521228 kB
Unevictable:       12768 kB
Mlocked:               0 kB
SwapTotal:        720184 kB
SwapFree:         720156 kB
Dirty:               272 kB
Writeback:             0 kB
AnonPages:        884108 kB
Mapped:           534336 kB
Shmem:             30716 kB
Slab:             114244 kB
SReclaimable:      36156 kB
SUnreclaim:        78088 kB
KernelStack:       33600 kB
PageTables:        54596 kB
NFS_Unstable:          0 kB
Bounce:                0 kB
WritebackTmp:          0 kB
CommitLimit:     2172840 kB
Committed_AS:   91409204 kB
VmallocTotal:   251658176 kB
VmallocUsed:      132828 kB
VmallocChunk:   251453484 kB
Time pass: 104 sec

---2015-12-05 14:07:44
MemTotal:        2905316 kB
MemFree:          251392 kB
Buffers:           25632 kB
Cached:          1064024 kB
SwapCached:            0 kB
Active:          1269552 kB
Inactive:         720892 kB
Active(anon):     744952 kB
Inactive(anon):   199612 kB
Active(file):     524600 kB
Inactive(file):   521280 kB
Unevictable:       12768 kB
Mlocked:               0 kB
SwapTotal:        720184 kB
SwapFree:         720156 kB
Dirty:              2312 kB
Writeback:             0 kB
AnonPages:        913844 kB
Mapped:           594952 kB
Shmem:             30948 kB
Slab:             114444 kB
SReclaimable:      36236 kB
SUnreclaim:        78208 kB
KernelStack:       33648 kB
PageTables:        55620 kB
NFS_Unstable:          0 kB
Bounce:                0 kB
WritebackTmp:          0 kB
CommitLimit:     2172840 kB
Committed_AS:   92223344 kB
VmallocTotal:   251658176 kB
VmallocUsed:      134384 kB
VmallocChunk:   251453484 kB
Time pass: 107 sec

---2015-12-05 14:07:44
MemTotal:        2905316 kB
MemFree:          174136 kB
Buffers:           25640 kB
Cached:          1065060 kB
SwapCached:            0 kB
Active:          1291580 kB
Inactive:         721584 kB
Active(anon):     766628 kB
Inactive(anon):   199612 kB
Active(file):     524952 kB
Inactive(file):   521972 kB
Unevictable:       12768 kB
Mlocked:               0 kB
SwapTotal:        720184 kB
SwapFree:         720156 kB
Dirty:              1604 kB
Writeback:             0 kB
AnonPages:        935120 kB
Mapped:           634120 kB
Shmem:             30952 kB
Slab:             114364 kB
SReclaimable:      36288 kB
SUnreclaim:        78076 kB
KernelStack:       33696 kB
PageTables:        55972 kB
NFS_Unstable:          0 kB
Bounce:                0 kB
WritebackTmp:          0 kB
CommitLimit:     2172840 kB
Committed_AS:   92243776 kB
VmallocTotal:   251658176 kB
VmallocUsed:      134788 kB
VmallocChunk:   251453484 kB
Time pass: 111 sec

---2015-12-05 14:07:44
MemTotal:        2905316 kB
MemFree:          141896 kB
Buffers:           25644 kB
Cached:          1065812 kB
SwapCached:            0 kB
Active:          1286916 kB
Inactive:         721144 kB
Active(anon):     760716 kB
Inactive(anon):   199612 kB
Active(file):     526200 kB
Inactive(file):   521532 kB
Unevictable:       12768 kB
Mlocked:               0 kB
SwapTotal:        720184 kB
SwapFree:         720156 kB
Dirty:               684 kB
Writeback:             0 kB
AnonPages:        929560 kB
Mapped:           669208 kB
Shmem:             30952 kB
Slab:             114544 kB
SReclaimable:      36288 kB
SUnreclaim:        78256 kB
KernelStack:       33680 kB
PageTables:        56088 kB
NFS_Unstable:          0 kB
Bounce:                0 kB
WritebackTmp:          0 kB
CommitLimit:     2172840 kB
Committed_AS:   92243964 kB
VmallocTotal:   251658176 kB
VmallocUsed:      135100 kB
VmallocChunk:   251453484 kB
Time pass: 115 sec

---2015-12-05 14:07:44
MemTotal:        2905316 kB
MemFree:          122264 kB
Buffers:           25652 kB
Cached:          1065964 kB
SwapCached:            0 kB
Active:          1289632 kB
Inactive:         721096 kB
Active(anon):     763220 kB
Inactive(anon):   199612 kB
Active(file):     526412 kB
Inactive(file):   521484 kB
Unevictable:       12768 kB
Mlocked:               0 kB
SwapTotal:        720184 kB
SwapFree:         720156 kB
Dirty:               224 kB
Writeback:             0 kB
AnonPages:        931832 kB
Mapped:           679000 kB
Shmem:             30952 kB
Slab:             114520 kB
SReclaimable:      36288 kB
SUnreclaim:        78232 kB
KernelStack:       33648 kB
PageTables:        56124 kB
NFS_Unstable:          0 kB
Bounce:                0 kB
WritebackTmp:          0 kB
CommitLimit:     2172840 kB
Committed_AS:   92245484 kB
VmallocTotal:   251658176 kB
VmallocUsed:      135224 kB
VmallocChunk:   251453484 kB
Time pass: 119 sec

---2015-12-05 14:07:44
MemTotal:        2905316 kB
MemFree:          122232 kB
Buffers:           25660 kB
Cached:          1066040 kB
SwapCached:            0 kB
Active:          1290276 kB
Inactive:         721156 kB
Active(anon):     763844 kB
Inactive(anon):   199672 kB
Active(file):     526432 kB
Inactive(file):   521484 kB
Unevictable:       12768 kB
Mlocked:               0 kB
SwapTotal:        720184 kB
SwapFree:         720156 kB
Dirty:               256 kB
Writeback:             0 kB
AnonPages:        932436 kB
Mapped:           679072 kB
Shmem:             31012 kB
Slab:             114544 kB
SReclaimable:      36288 kB
SUnreclaim:        78256 kB
KernelStack:       33696 kB
PageTables:        56172 kB
NFS_Unstable:          0 kB
Bounce:                0 kB
WritebackTmp:          0 kB
CommitLimit:     2172840 kB
Committed_AS:   92272068 kB
VmallocTotal:   251658176 kB
VmallocUsed:      135224 kB
VmallocChunk:   251453484 kB
Time pass: 123 sec

---2015-12-05 14:07:44
MemTotal:        2905316 kB
MemFree:           87592 kB
Buffers:           25660 kB
Cached:          1066104 kB
SwapCached:            0 kB
Active:          1297348 kB
Inactive:         721168 kB
Active(anon):     770860 kB
Inactive(anon):   199672 kB
Active(file):     526488 kB
Inactive(file):   521496 kB
Unevictable:       12768 kB
Mlocked:               0 kB
SwapTotal:        720184 kB
SwapFree:         720156 kB
Dirty:               584 kB
Writeback:             0 kB
AnonPages:        939624 kB
Mapped:           691952 kB
Shmem:             31012 kB
Slab:             114600 kB
SReclaimable:      36288 kB
SUnreclaim:        78312 kB
KernelStack:       33680 kB
PageTables:        56156 kB
NFS_Unstable:          0 kB
Bounce:                0 kB
WritebackTmp:          0 kB
CommitLimit:     2172840 kB
Committed_AS:   92275604 kB
VmallocTotal:   251658176 kB
VmallocUsed:      135424 kB
VmallocChunk:   251453484 kB
Time pass: 126 sec

---2015-12-05 14:07:44
MemTotal:        2905316 kB
MemFree:           87420 kB
Buffers:           25676 kB
Cached:          1066100 kB
SwapCached:            0 kB
Active:          1297404 kB
Inactive:         721176 kB
Active(anon):     770916 kB
Inactive(anon):   199672 kB
Active(file):     526488 kB
Inactive(file):   521504 kB
Unevictable:       12768 kB
Mlocked:               0 kB
SwapTotal:        720184 kB
SwapFree:         720156 kB
Dirty:                76 kB
Writeback:             0 kB
AnonPages:        939620 kB
Mapped:           692200 kB
Shmem:             31012 kB
Slab:             114604 kB
SReclaimable:      36288 kB
SUnreclaim:        78316 kB
KernelStack:       33680 kB
PageTables:        56156 kB
NFS_Unstable:          0 kB
Bounce:                0 kB
WritebackTmp:          0 kB
CommitLimit:     2172840 kB
Committed_AS:   92275616 kB
VmallocTotal:   251658176 kB
VmallocUsed:      135424 kB
VmallocChunk:   251453484 kB
Time pass: 130 sec

---2015-12-05 14:07:44
MemTotal:        2905316 kB
MemFree:           86000 kB
Buffers:           25684 kB
Cached:          1066108 kB
SwapCached:            0 kB
Active:          1297552 kB
Inactive:         721184 kB
Active(anon):     771060 kB
Inactive(anon):   199672 kB
Active(file):     526492 kB
Inactive(file):   521512 kB
Unevictable:       12768 kB
Mlocked:               0 kB
SwapTotal:        720184 kB
SwapFree:         720156 kB
Dirty:                 4 kB
Writeback:             0 kB
AnonPages:        939708 kB
Mapped:           692252 kB
Shmem:             31012 kB
Slab:             114604 kB
SReclaimable:      36288 kB
SUnreclaim:        78316 kB
KernelStack:       33680 kB
PageTables:        56180 kB
NFS_Unstable:          0 kB
Bounce:                0 kB
WritebackTmp:          0 kB
CommitLimit:     2172840 kB
Committed_AS:   92275616 kB
VmallocTotal:   251658176 kB
VmallocUsed:      135424 kB
VmallocChunk:   251453484 kB
Time pass: 134 sec

---2015-12-05 14:07:44
MemTotal:        2905316 kB
MemFree:           77368 kB
Buffers:           25700 kB
Cached:          1066136 kB
SwapCached:            0 kB
Active:          1298896 kB
Inactive:         721200 kB
Active(anon):     772380 kB
Inactive(anon):   199664 kB
Active(file):     526516 kB
Inactive(file):   521536 kB
Unevictable:       12768 kB
Mlocked:               0 kB
SwapTotal:        720184 kB
SwapFree:         720156 kB
Dirty:                68 kB
Writeback:             0 kB
AnonPages:        941352 kB
Mapped:           693940 kB
Shmem:             31012 kB
Slab:             114604 kB
SReclaimable:      36288 kB
SUnreclaim:        78316 kB
KernelStack:       33776 kB
PageTables:        56136 kB
NFS_Unstable:          0 kB
Bounce:                0 kB
WritebackTmp:          0 kB
CommitLimit:     2172840 kB
Committed_AS:   92277080 kB
VmallocTotal:   251658176 kB
VmallocUsed:      135424 kB
VmallocChunk:   251453484 kB
Time pass: 138 sec

---2015-12-05 14:07:44
MemTotal:        2905316 kB
MemFree:           74588 kB
Buffers:           25716 kB
Cached:          1066220 kB
SwapCached:            0 kB
Active:          1308908 kB
Inactive:         721264 kB
Active(anon):     782368 kB
Inactive(anon):   199664 kB
Active(file):     526540 kB
Inactive(file):   521600 kB
Unevictable:       12768 kB
Mlocked:               0 kB
SwapTotal:        720184 kB
SwapFree:         720156 kB
Dirty:               136 kB
Writeback:             0 kB
AnonPages:        951516 kB
Mapped:           696536 kB
Shmem:             31012 kB
Slab:             114640 kB
SReclaimable:      36288 kB
SUnreclaim:        78352 kB
KernelStack:       33920 kB
PageTables:        56196 kB
NFS_Unstable:          0 kB
Bounce:                0 kB
WritebackTmp:          0 kB
CommitLimit:     2172840 kB
Committed_AS:   92288740 kB
VmallocTotal:   251658176 kB
VmallocUsed:      135424 kB
VmallocChunk:   251453484 kB
Time pass: 141 sec

---2015-12-05 14:07:44
MemTotal:        2905316 kB
MemFree:           69540 kB
Buffers:           25740 kB
Cached:          1061136 kB
SwapCached:            0 kB
Active:          1313792 kB
Inactive:         721224 kB
Active(anon):     792416 kB
Inactive(anon):   199624 kB
Active(file):     521376 kB
Inactive(file):   521600 kB
Unevictable:       12768 kB
Mlocked:               0 kB
SwapTotal:        720184 kB
SwapFree:         720156 kB
Dirty:                64 kB
Writeback:             0 kB
AnonPages:        960984 kB
Mapped:           697624 kB
Shmem:             31132 kB
Slab:             114500 kB
SReclaimable:      36176 kB
SUnreclaim:        78324 kB
KernelStack:       34176 kB
PageTables:        56432 kB
NFS_Unstable:          0 kB
Bounce:                0 kB
WritebackTmp:          0 kB
CommitLimit:     2172840 kB
Committed_AS:   92328384 kB
VmallocTotal:   251658176 kB
VmallocUsed:      137872 kB
VmallocChunk:   251410616 kB
Time pass: 145 sec

---2015-12-05 14:07:44
MemTotal:        2905316 kB
MemFree:           69128 kB
Buffers:           25748 kB
Cached:          1061172 kB
SwapCached:            0 kB
Active:          1313792 kB
Inactive:         721264 kB
Active(anon):     792412 kB
Inactive(anon):   199656 kB
Active(file):     521380 kB
Inactive(file):   521608 kB
Unevictable:       12768 kB
Mlocked:               0 kB
SwapTotal:        720184 kB
SwapFree:         720156 kB
Dirty:                20 kB
Writeback:             0 kB
AnonPages:        961188 kB
Mapped:           697672 kB
Shmem:             31164 kB
Slab:             114392 kB
SReclaimable:      36064 kB
SUnreclaim:        78328 kB
KernelStack:       34032 kB
PageTables:        56424 kB
NFS_Unstable:          0 kB
Bounce:                0 kB
WritebackTmp:          0 kB
CommitLimit:     2172840 kB
Committed_AS:   92328844 kB
VmallocTotal:   251658176 kB
VmallocUsed:      137872 kB
VmallocChunk:   251410616 kB
Time pass: 149 sec

---2015-12-05 14:07:44
MemTotal:        2905316 kB
MemFree:           67092 kB
Buffers:           25748 kB
Cached:          1061336 kB
SwapCached:            0 kB
Active:          1315900 kB
Inactive:         721424 kB
Active(anon):     794516 kB
Inactive(anon):   199780 kB
Active(file):     521384 kB
Inactive(file):   521644 kB
Unevictable:       12768 kB
Mlocked:               0 kB
SwapTotal:        720184 kB
SwapFree:         720156 kB
Dirty:                80 kB
Writeback:             0 kB
AnonPages:        963204 kB
Mapped:           697860 kB
Shmem:             31288 kB
Slab:             114440 kB
SReclaimable:      36064 kB
SUnreclaim:        78376 kB
KernelStack:       34048 kB
PageTables:        56476 kB
NFS_Unstable:          0 kB
Bounce:                0 kB
WritebackTmp:          0 kB
CommitLimit:     2172840 kB
Committed_AS:   92356212 kB
VmallocTotal:   251658176 kB
VmallocUsed:      137872 kB
VmallocChunk:   251410616 kB
Time pass: 153 sec

---2015-12-05 14:07:44
MemTotal:        2905316 kB
MemFree:           66888 kB
Buffers:           25756 kB
Cached:          1061396 kB
SwapCached:            0 kB
Active:          1315744 kB
Inactive:         721464 kB
Active(anon):     794332 kB
Inactive(anon):   199784 kB
Active(file):     521412 kB
Inactive(file):   521680 kB
Unevictable:       12768 kB
Mlocked:               0 kB
SwapTotal:        720184 kB
SwapFree:         720156 kB
Dirty:                60 kB
Writeback:             0 kB
AnonPages:        962972 kB
Mapped:           697884 kB
Shmem:             31292 kB
Slab:             114412 kB
SReclaimable:      36064 kB
SUnreclaim:        78348 kB
KernelStack:       34048 kB
PageTables:        56476 kB
NFS_Unstable:          0 kB
Bounce:                0 kB
WritebackTmp:          0 kB
CommitLimit:     2172840 kB
Committed_AS:   92356200 kB
VmallocTotal:   251658176 kB
VmallocUsed:      137872 kB
VmallocChunk:   251410616 kB
Time pass: 156 sec

---2015-12-05 14:07:44
MemTotal:        2905316 kB
MemFree:           65580 kB
Buffers:           25728 kB
Cached:          1058296 kB
SwapCached:            0 kB
Active:          1319616 kB
Inactive:         720520 kB
Active(anon):     800540 kB
Inactive(anon):   199616 kB
Active(file):     519076 kB
Inactive(file):   520904 kB
Unevictable:       12768 kB
Mlocked:               0 kB
SwapTotal:        720184 kB
SwapFree:         720156 kB
Dirty:                44 kB
Writeback:             0 kB
AnonPages:        968708 kB
Mapped:           697756 kB
Shmem:             31292 kB
Slab:             114576 kB
SReclaimable:      36208 kB
SUnreclaim:        78368 kB
KernelStack:       34112 kB
PageTables:        56488 kB
NFS_Unstable:          0 kB
Bounce:                0 kB
WritebackTmp:          0 kB
CommitLimit:     2172840 kB
Committed_AS:   92363464 kB
VmallocTotal:   251658176 kB
VmallocUsed:      137872 kB
VmallocChunk:   251410616 kB
Time pass: 160 sec

---2015-12-05 14:07:44
MemTotal:        2905316 kB
MemFree:           64332 kB
Buffers:           25736 kB
Cached:          1058360 kB
SwapCached:            0 kB
Active:          1320052 kB
Inactive:         720684 kB
Active(anon):     801084 kB
Inactive(anon):   199616 kB
Active(file):     518968 kB
Inactive(file):   521068 kB
Unevictable:       12768 kB
Mlocked:               0 kB
SwapTotal:        720184 kB
SwapFree:         720156 kB
Dirty:                92 kB
Writeback:             0 kB
AnonPages:        969348 kB
Mapped:           697812 kB
Shmem:             31292 kB
Slab:             114464 kB
SReclaimable:      36096 kB
SUnreclaim:        78368 kB
KernelStack:       34112 kB
PageTables:        56488 kB
NFS_Unstable:          0 kB
Bounce:                0 kB
WritebackTmp:          0 kB
CommitLimit:     2172840 kB
Committed_AS:   92363476 kB
VmallocTotal:   251658176 kB
VmallocUsed:      137872 kB
VmallocChunk:   251410616 kB
Time pass: 164 sec

---2015-12-05 14:07:44
MemTotal:        2905316 kB
MemFree:           63792 kB
Buffers:           25744 kB
Cached:          1058372 kB
SwapCached:            0 kB
Active:          1320608 kB
Inactive:         720684 kB
Active(anon):     801620 kB
Inactive(anon):   199616 kB
Active(file):     518988 kB
Inactive(file):   521068 kB
Unevictable:       12768 kB
Mlocked:               0 kB
SwapTotal:        720184 kB
SwapFree:         720156 kB
Dirty:                72 kB
Writeback:            36 kB
AnonPages:        969712 kB
Mapped:           697884 kB
Shmem:             31292 kB
Slab:             114488 kB
SReclaimable:      36096 kB
SUnreclaim:        78392 kB
KernelStack:       34096 kB
PageTables:        56540 kB
NFS_Unstable:          0 kB
Bounce:                0 kB
WritebackTmp:          0 kB
CommitLimit:     2172840 kB
Committed_AS:   92363436 kB
VmallocTotal:   251658176 kB
VmallocUsed:      137872 kB
VmallocChunk:   251410616 kB
Time pass: 168 sec

---2015-12-05 14:07:44
MemTotal:        2905316 kB
MemFree:           63172 kB
Buffers:           25744 kB
Cached:          1058388 kB
SwapCached:            0 kB
Active:          1320564 kB
Inactive:         720688 kB
Active(anon):     801568 kB
Inactive(anon):   199612 kB
Active(file):     518996 kB
Inactive(file):   521076 kB
Unevictable:       12768 kB
Mlocked:               0 kB
SwapTotal:        720184 kB
SwapFree:         720156 kB
Dirty:                28 kB
Writeback:             0 kB
AnonPages:        969908 kB
Mapped:           697900 kB
Shmem:             31292 kB
Slab:             114476 kB
SReclaimable:      36096 kB
SUnreclaim:        78380 kB
KernelStack:       34064 kB
PageTables:        56540 kB
NFS_Unstable:          0 kB
Bounce:                0 kB
WritebackTmp:          0 kB
CommitLimit:     2172840 kB
Committed_AS:   92363424 kB
VmallocTotal:   251658176 kB
VmallocUsed:      137872 kB
VmallocChunk:   251410616 kB
Time pass: 172 sec

---2015-12-05 14:07:44
MemTotal:        2905316 kB
MemFree:           62692 kB
Buffers:           25752 kB
Cached:          1058392 kB
SwapCached:            0 kB
Active:          1320388 kB
Inactive:         720696 kB
Active(anon):     801388 kB
Inactive(anon):   199612 kB
Active(file):     519000 kB
Inactive(file):   521084 kB
Unevictable:       12768 kB
Mlocked:               0 kB
SwapTotal:        720184 kB
SwapFree:         720156 kB
Dirty:                32 kB
Writeback:             0 kB
AnonPages:        969812 kB
Mapped:           697836 kB
Shmem:             31292 kB
Slab:             114616 kB
SReclaimable:      36096 kB
SUnreclaim:        78520 kB
KernelStack:       34112 kB
PageTables:        56488 kB
NFS_Unstable:          0 kB
Bounce:                0 kB
WritebackTmp:          0 kB
CommitLimit:     2172840 kB
Committed_AS:   92363448 kB
VmallocTotal:   251658176 kB
VmallocUsed:      137872 kB
VmallocChunk:   251410616 kB
Time pass: 176 sec

---2015-12-05 14:07:44
MemTotal:        2905316 kB
MemFree:           62400 kB
Buffers:           25676 kB
Cached:          1050404 kB
SwapCached:            0 kB
Active:          1325656 kB
Inactive:         716852 kB
Active(anon):     809860 kB
Inactive(anon):   200892 kB
Active(file):     515796 kB
Inactive(file):   515960 kB
Unevictable:       12768 kB
Mlocked:               0 kB
SwapTotal:        720184 kB
SwapFree:         720156 kB
Dirty:                40 kB
Writeback:             0 kB
AnonPages:        979452 kB
Mapped:           698524 kB
Shmem:             31292 kB
Slab:             114468 kB
SReclaimable:      36096 kB
SUnreclaim:        78372 kB
KernelStack:       34288 kB
PageTables:        57016 kB
NFS_Unstable:          0 kB
Bounce:                0 kB
WritebackTmp:          0 kB
CommitLimit:     2172840 kB
Committed_AS:   93106788 kB
VmallocTotal:   251658176 kB
VmallocUsed:      138892 kB
VmallocChunk:   251410616 kB
Time pass: 179 sec

---2015-12-05 14:07:44
MemTotal:        2905316 kB
MemFree:           68520 kB
Buffers:           25684 kB
Cached:          1043624 kB
SwapCached:            0 kB
Active:          1321976 kB
Inactive:         714744 kB
Active(anon):     809424 kB
Inactive(anon):   202252 kB
Active(file):     512552 kB
Inactive(file):   512492 kB
Unevictable:       12768 kB
Mlocked:               0 kB
SwapTotal:        720184 kB
SwapFree:         720156 kB
Dirty:                20 kB
Writeback:             0 kB
AnonPages:        980376 kB
Mapped:           696724 kB
Shmem:             31496 kB
Slab:             114504 kB
SReclaimable:      36144 kB
SUnreclaim:        78360 kB
KernelStack:       34224 kB
PageTables:        57164 kB
NFS_Unstable:          0 kB
Bounce:                0 kB
WritebackTmp:          0 kB
CommitLimit:     2172840 kB
Committed_AS:   93135264 kB
VmallocTotal:   251658176 kB
VmallocUsed:      138892 kB
VmallocChunk:   251410616 kB
Time pass: 183 sec

---2015-12-05 14:07:44
MemTotal:        2905316 kB
MemFree:           66956 kB
Buffers:           25692 kB
Cached:          1043632 kB
SwapCached:            0 kB
Active:          1323004 kB
Inactive:         714752 kB
Active(anon):     810444 kB
Inactive(anon):   202252 kB
Active(file):     512560 kB
Inactive(file):   512500 kB
Unevictable:       12768 kB
Mlocked:               0 kB
SwapTotal:        720184 kB
SwapFree:         720156 kB
Dirty:                92 kB
Writeback:             0 kB
AnonPages:        981200 kB
Mapped:           696792 kB
Shmem:             31496 kB
Slab:             114520 kB
SReclaimable:      36160 kB
SUnreclaim:        78360 kB
KernelStack:       34224 kB
PageTables:        57208 kB
NFS_Unstable:          0 kB
Bounce:                0 kB
WritebackTmp:          0 kB
CommitLimit:     2172840 kB
Committed_AS:   93135240 kB
VmallocTotal:   251658176 kB
VmallocUsed:      138892 kB
VmallocChunk:   251410616 kB
Time pass: 187 sec

---2015-12-05 14:07:44
MemTotal:        2905316 kB
MemFree:           66660 kB
Buffers:           25692 kB
Cached:          1043748 kB
SwapCached:            0 kB
Active:          1322936 kB
Inactive:         714856 kB
Active(anon):     810364 kB
Inactive(anon):   202356 kB
Active(file):     512572 kB
Inactive(file):   512500 kB
Unevictable:       12768 kB
Mlocked:               0 kB
SwapTotal:        720184 kB
SwapFree:         720156 kB
Dirty:                24 kB
Writeback:             0 kB
AnonPages:        980964 kB
Mapped:           696908 kB
Shmem:             31600 kB
Slab:             114660 kB
SReclaimable:      36160 kB
SUnreclaim:        78500 kB
KernelStack:       34192 kB
PageTables:        57204 kB
NFS_Unstable:          0 kB
Bounce:                0 kB
WritebackTmp:          0 kB
CommitLimit:     2172840 kB
Committed_AS:   93135240 kB
VmallocTotal:   251658176 kB
VmallocUsed:      138892 kB
VmallocChunk:   251410616 kB
Time pass: 191 sec

---2015-12-05 14:07:44
MemTotal:        2905316 kB
MemFree:           66164 kB
Buffers:           25700 kB
Cached:          1043796 kB
SwapCached:            0 kB
Active:          1323644 kB
Inactive:         714892 kB
Active(anon):     811056 kB
Inactive(anon):   202352 kB
Active(file):     512588 kB
Inactive(file):   512540 kB
Unevictable:       12768 kB
Mlocked:               0 kB
SwapTotal:        720184 kB
SwapFree:         720156 kB
Dirty:                 4 kB
Writeback:             0 kB
AnonPages:        981808 kB
Mapped:           696916 kB
Shmem:             31600 kB
Slab:             114512 kB
SReclaimable:      36160 kB
SUnreclaim:        78352 kB
KernelStack:       34224 kB
PageTables:        57208 kB
NFS_Unstable:          0 kB
Bounce:                0 kB
WritebackTmp:          0 kB
CommitLimit:     2172840 kB
Committed_AS:   93135204 kB
VmallocTotal:   251658176 kB
VmallocUsed:      138892 kB
VmallocChunk:   251410616 kB
Time pass: 194 sec

---2015-12-05 14:07:44
MemTotal:        2905316 kB
MemFree:           73800 kB
Buffers:           25644 kB
Cached:          1026548 kB
SwapCached:            0 kB
Active:          1309016 kB
Inactive:         706236 kB
Active(anon):     804752 kB
Inactive(anon):   202232 kB
Active(file):     504264 kB
Inactive(file):   504004 kB
Unevictable:       12768 kB
Mlocked:               0 kB
SwapTotal:        720184 kB
SwapFree:         720152 kB
Dirty:                80 kB
Writeback:             0 kB
AnonPages:        975568 kB
Mapped:           690700 kB
Shmem:             31156 kB
Slab:             114676 kB
SReclaimable:      36304 kB
SUnreclaim:        78372 kB
KernelStack:       34240 kB
PageTables:        57032 kB
NFS_Unstable:          0 kB
Bounce:                0 kB
WritebackTmp:          0 kB
CommitLimit:     2172840 kB
Committed_AS:   93106904 kB
VmallocTotal:   251658176 kB
VmallocUsed:      138892 kB
VmallocChunk:   251410616 kB
Time pass: 198 sec

---2015-12-05 14:07:44
MemTotal:        2905316 kB
MemFree:           68100 kB
Buffers:           25660 kB
Cached:          1026884 kB
SwapCached:            0 kB
Active:          1313540 kB
Inactive:         706528 kB
Active(anon):     809220 kB
Inactive(anon):   202424 kB
Active(file):     504320 kB
Inactive(file):   504104 kB
Unevictable:       12768 kB
Mlocked:               0 kB
SwapTotal:        720184 kB
SwapFree:         720152 kB
Dirty:               164 kB
Writeback:             0 kB
AnonPages:        980448 kB
Mapped:           690904 kB
Shmem:             31352 kB
Slab:             114668 kB
SReclaimable:      36320 kB
SUnreclaim:        78348 kB
KernelStack:       34240 kB
PageTables:        57160 kB
NFS_Unstable:          0 kB
Bounce:                0 kB
WritebackTmp:          0 kB
CommitLimit:     2172840 kB
Committed_AS:   93135312 kB
VmallocTotal:   251658176 kB
VmallocUsed:      138892 kB
VmallocChunk:   251410616 kB
Time pass: 202 sec

---2015-12-05 14:07:44
MemTotal:        2905316 kB
MemFree:           66668 kB
Buffers:           25668 kB
Cached:          1026944 kB
SwapCached:            0 kB
Active:          1315104 kB
Inactive:         706576 kB
Active(anon):     810764 kB
Inactive(anon):   202440 kB
Active(file):     504340 kB
Inactive(file):   504136 kB
Unevictable:       12768 kB
Mlocked:               0 kB
SwapTotal:        720184 kB
SwapFree:         720152 kB
Dirty:                72 kB
Writeback:             0 kB
AnonPages:        981676 kB
Mapped:           690988 kB
Shmem:             31368 kB
Slab:             114668 kB
SReclaimable:      36320 kB
SUnreclaim:        78348 kB
KernelStack:       34240 kB
PageTables:        57184 kB
NFS_Unstable:          0 kB
Bounce:                0 kB
WritebackTmp:          0 kB
CommitLimit:     2172840 kB
Committed_AS:   93135408 kB
VmallocTotal:   251658176 kB
VmallocUsed:      138892 kB
VmallocChunk:   251410616 kB
Time pass: 206 sec

---2015-12-05 14:07:44
MemTotal:        2905316 kB
MemFree:           66224 kB
Buffers:           25668 kB
Cached:          1027024 kB
SwapCached:            0 kB
Active:          1315508 kB
Inactive:         706656 kB
Active(anon):     811164 kB
Inactive(anon):   202520 kB
Active(file):     504344 kB
Inactive(file):   504136 kB
Unevictable:       12768 kB
Mlocked:               0 kB
SwapTotal:        720184 kB
SwapFree:         720152 kB
Dirty:                 0 kB
Writeback:             0 kB
AnonPages:        982284 kB
Mapped:           691068 kB
Shmem:             31444 kB
Slab:             114668 kB
SReclaimable:      36336 kB
SUnreclaim:        78332 kB
KernelStack:       34240 kB
PageTables:        57192 kB
NFS_Unstable:          0 kB
Bounce:                0 kB
WritebackTmp:          0 kB
CommitLimit:     2172840 kB
Committed_AS:   93135376 kB
VmallocTotal:   251658176 kB
VmallocUsed:      138892 kB
VmallocChunk:   251410616 kB
Time pass: 209 sec

---2015-12-05 14:07:44
MemTotal:        2905316 kB
MemFree:           65992 kB
Buffers:           25676 kB
Cached:          1027116 kB
SwapCached:            0 kB
Active:          1315260 kB
Inactive:         706732 kB
Active(anon):     810892 kB
Inactive(anon):   202596 kB
Active(file):     504368 kB
Inactive(file):   504136 kB
Unevictable:       12768 kB
Mlocked:               0 kB
SwapTotal:        720184 kB
SwapFree:         720152 kB
Dirty:                60 kB
Writeback:             0 kB
AnonPages:        981900 kB
Mapped:           691192 kB
Shmem:             31520 kB
Slab:             114728 kB
SReclaimable:      36336 kB
SUnreclaim:        78392 kB
KernelStack:       34176 kB
PageTables:        57208 kB
NFS_Unstable:          0 kB
Bounce:                0 kB
WritebackTmp:          0 kB
CommitLimit:     2172840 kB
Committed_AS:   93162000 kB
VmallocTotal:   251658176 kB
VmallocUsed:      138892 kB
VmallocChunk:   251410616 kB
Time pass: 213 sec

---2015-12-05 14:07:44
MemTotal:        2905316 kB
MemFree:           70180 kB
Buffers:           25692 kB
Cached:          1027732 kB
SwapCached:            0 kB
Active:          1308288 kB
Inactive:         707200 kB
Active(anon):     803752 kB
Inactive(anon):   202268 kB
Active(file):     504536 kB
Inactive(file):   504932 kB
Unevictable:       12768 kB
Mlocked:               0 kB
SwapTotal:        720184 kB
SwapFree:         720152 kB
Dirty:                52 kB
Writeback:             0 kB
AnonPages:        974996 kB
Mapped:           690944 kB
Shmem:             31188 kB
Slab:             118344 kB
SReclaimable:      39644 kB
SUnreclaim:        78700 kB
KernelStack:       33936 kB
PageTables:        57100 kB
NFS_Unstable:          0 kB
Bounce:                0 kB
WritebackTmp:          0 kB
CommitLimit:     2172840 kB
Committed_AS:   93144992 kB
VmallocTotal:   251658176 kB
VmallocUsed:      138892 kB
VmallocChunk:   251410616 kB
Time pass: 217 sec

---2015-12-05 14:07:44
MemTotal:        2905316 kB
MemFree:           71560 kB
Buffers:           25700 kB
Cached:          1028072 kB
SwapCached:            0 kB
Active:          1306096 kB
Inactive:         707468 kB
Active(anon):     801536 kB
Inactive(anon):   202268 kB
Active(file):     504560 kB
Inactive(file):   505200 kB
Unevictable:       12768 kB
Mlocked:               0 kB
SwapTotal:        720184 kB
SwapFree:         720152 kB
Dirty:                48 kB
Writeback:             0 kB
AnonPages:        972832 kB
Mapped:           691040 kB
Shmem:             31188 kB
Slab:             118552 kB
SReclaimable:      39848 kB
SUnreclaim:        78704 kB
KernelStack:       33824 kB
PageTables:        57056 kB
NFS_Unstable:          0 kB
Bounce:                0 kB
WritebackTmp:          0 kB
CommitLimit:     2172840 kB
Committed_AS:   93133316 kB
VmallocTotal:   251658176 kB
VmallocUsed:      138860 kB
VmallocChunk:   251410616 kB
Time pass: 221 sec

---2015-12-05 14:07:44
MemTotal:        2905316 kB
MemFree:           71852 kB
Buffers:           25708 kB
Cached:          1028068 kB
SwapCached:            0 kB
Active:          1306420 kB
Inactive:         707516 kB
Active(anon):     801848 kB
Inactive(anon):   202268 kB
Active(file):     504572 kB
Inactive(file):   505248 kB
Unevictable:       12768 kB
Mlocked:               0 kB
SwapTotal:        720184 kB
SwapFree:         720152 kB
Dirty:                56 kB
Writeback:             0 kB
AnonPages:        972828 kB
Mapped:           691040 kB
Shmem:             31188 kB
Slab:             118552 kB
SReclaimable:      39848 kB
SUnreclaim:        78704 kB
KernelStack:       33760 kB
PageTables:        57012 kB
NFS_Unstable:          0 kB
Bounce:                0 kB
WritebackTmp:          0 kB
CommitLimit:     2172840 kB
Committed_AS:   93133304 kB
VmallocTotal:   251658176 kB
VmallocUsed:      138860 kB
VmallocChunk:   251410616 kB
Time pass: 225 sec

---2015-12-05 14:07:44
MemTotal:        2905316 kB
MemFree:           71380 kB
Buffers:           25716 kB
Cached:          1028084 kB
SwapCached:            0 kB
Active:          1306700 kB
Inactive:         707532 kB
Active(anon):     802120 kB
Inactive(anon):   202268 kB
Active(file):     504580 kB
Inactive(file):   505264 kB
Unevictable:       12768 kB
Mlocked:               0 kB
SwapTotal:        720184 kB
SwapFree:         720152 kB
Dirty:                60 kB
Writeback:             0 kB
AnonPages:        973216 kB
Mapped:           691164 kB
Shmem:             31188 kB
Slab:             118540 kB
SReclaimable:      39848 kB
SUnreclaim:        78692 kB
KernelStack:       33760 kB
PageTables:        57008 kB
NFS_Unstable:          0 kB
Bounce:                0 kB
WritebackTmp:          0 kB
CommitLimit:     2172840 kB
Committed_AS:   93133292 kB
VmallocTotal:   251658176 kB
VmallocUsed:      139880 kB
VmallocChunk:   251400236 kB
Time pass: 228 sec

---2015-12-05 14:07:44
MemTotal:        2905316 kB
MemFree:           70960 kB
Buffers:           25724 kB
Cached:          1028092 kB
SwapCached:            0 kB
Active:          1306908 kB
Inactive:         707528 kB
Active(anon):     802320 kB
Inactive(anon):   202268 kB
Active(file):     504588 kB
Inactive(file):   505260 kB
Unevictable:       12768 kB
Mlocked:               0 kB
SwapTotal:        720184 kB
SwapFree:         720152 kB
Dirty:                64 kB
Writeback:             0 kB
AnonPages:        973460 kB
Mapped:           691168 kB
Shmem:             31188 kB
Slab:             118544 kB
SReclaimable:      39852 kB
SUnreclaim:        78692 kB
KernelStack:       33760 kB
PageTables:        57008 kB
NFS_Unstable:          0 kB
Bounce:                0 kB
WritebackTmp:          0 kB
CommitLimit:     2172840 kB
Committed_AS:   93133280 kB
VmallocTotal:   251658176 kB
VmallocUsed:      137464 kB
VmallocChunk:   251400236 kB
Time pass: 232 sec

---2015-12-05 14:07:44
MemTotal:        2905316 kB
MemFree:           71036 kB
Buffers:           25724 kB
Cached:          1028100 kB
SwapCached:            0 kB
Active:          1307136 kB
Inactive:         707532 kB
Active(anon):     802536 kB
Inactive(anon):   202268 kB
Active(file):     504600 kB
Inactive(file):   505264 kB
Unevictable:       12768 kB
Mlocked:               0 kB
SwapTotal:        720184 kB
SwapFree:         720152 kB
Dirty:                12 kB
Writeback:             0 kB
AnonPages:        973624 kB
Mapped:           691176 kB
Shmem:             31188 kB
Slab:             118548 kB
SReclaimable:      39856 kB
SUnreclaim:        78692 kB
KernelStack:       33760 kB
PageTables:        57008 kB
NFS_Unstable:          0 kB
Bounce:                0 kB
WritebackTmp:          0 kB
CommitLimit:     2172840 kB
Committed_AS:   93133316 kB
VmallocTotal:   251658176 kB
VmallocUsed:      137464 kB
VmallocChunk:   251400236 kB
Time pass: 236 sec

---2015-12-05 14:07:44
MemTotal:        2905316 kB
MemFree:           70704 kB
Buffers:           25740 kB
Cached:          1028112 kB
SwapCached:            0 kB
Active:          1307568 kB
Inactive:         707556 kB
Active(anon):     802964 kB
Inactive(anon):   202268 kB
Active(file):     504604 kB
Inactive(file):   505288 kB
Unevictable:       12768 kB
Mlocked:               0 kB
SwapTotal:        720184 kB
SwapFree:         720152 kB
Dirty:                52 kB
Writeback:             0 kB
AnonPages:        973932 kB
Mapped:           691260 kB
Shmem:             31188 kB
Slab:             118560 kB
SReclaimable:      39856 kB
SUnreclaim:        78704 kB
KernelStack:       33712 kB
PageTables:        57036 kB
NFS_Unstable:          0 kB
Bounce:                0 kB
WritebackTmp:          0 kB
CommitLimit:     2172840 kB
Committed_AS:   93133304 kB
VmallocTotal:   251658176 kB
VmallocUsed:      137464 kB
VmallocChunk:   251400236 kB
Time pass: 240 sec

---2015-12-05 14:07:44
MemTotal:        2905316 kB
MemFree:           70700 kB
Buffers:           25740 kB
Cached:          1028172 kB
SwapCached:            0 kB
Active:          1308216 kB
Inactive:         707604 kB
Active(anon):     803608 kB
Inactive(anon):   202316 kB
Active(file):     504608 kB
Inactive(file):   505288 kB
Unevictable:       12768 kB
Mlocked:               0 kB
SwapTotal:        720184 kB
SwapFree:         720152 kB
Dirty:                24 kB
Writeback:             0 kB
AnonPages:        974916 kB
Mapped:           691252 kB
Shmem:             31236 kB
Slab:             118408 kB
SReclaimable:      39716 kB
SUnreclaim:        78692 kB
KernelStack:       33744 kB
PageTables:        57052 kB
NFS_Unstable:          0 kB
Bounce:                0 kB
WritebackTmp:          0 kB
CommitLimit:     2172840 kB
Committed_AS:   93159940 kB
VmallocTotal:   251658176 kB
VmallocUsed:      137464 kB
VmallocChunk:   251400236 kB
Time pass: 244 sec

---2015-12-05 14:07:44
MemTotal:        2905316 kB
MemFree:           69184 kB
Buffers:           25748 kB
Cached:          1028200 kB
SwapCached:            0 kB
Active:          1308616 kB
Inactive:         707628 kB
Active(anon):     803996 kB
Inactive(anon):   202328 kB
Active(file):     504620 kB
Inactive(file):   505300 kB
Unevictable:       12768 kB
Mlocked:               0 kB
SwapTotal:        720184 kB
SwapFree:         720152 kB
Dirty:                52 kB
Writeback:             0 kB
AnonPages:        975084 kB
Mapped:           691340 kB
Shmem:             31248 kB
Slab:             118412 kB
SReclaimable:      39716 kB
SUnreclaim:        78696 kB
KernelStack:       33712 kB
PageTables:        57092 kB
NFS_Unstable:          0 kB
Bounce:                0 kB
WritebackTmp:          0 kB
CommitLimit:     2172840 kB
Committed_AS:   93159964 kB
VmallocTotal:   251658176 kB
VmallocUsed:      137464 kB
VmallocChunk:   251400236 kB
Time pass: 247 sec

---2015-12-05 14:07:44
MemTotal:        2905316 kB
MemFree:           68580 kB
Buffers:           25756 kB
Cached:          1028252 kB
SwapCached:            0 kB
Active:          1310004 kB
Inactive:         707640 kB
Active(anon):     805376 kB
Inactive(anon):   202328 kB
Active(file):     504628 kB
Inactive(file):   505312 kB
Unevictable:       12768 kB
Mlocked:               0 kB
SwapTotal:        720184 kB
SwapFree:         720152 kB
Dirty:                44 kB
Writeback:             0 kB
AnonPages:        976384 kB
Mapped:           691364 kB
Shmem:             31248 kB
Slab:             118380 kB
SReclaimable:      39716 kB
SUnreclaim:        78664 kB
KernelStack:       33712 kB
PageTables:        57092 kB
NFS_Unstable:          0 kB
Bounce:                0 kB
WritebackTmp:          0 kB
CommitLimit:     2172840 kB
Committed_AS:   93159916 kB
VmallocTotal:   251658176 kB
VmallocUsed:      137464 kB
VmallocChunk:   251400236 kB
Time pass: 251 sec

---2015-12-05 14:07:44
MemTotal:        2905316 kB
MemFree:           67572 kB
Buffers:           25764 kB
Cached:          1028268 kB
SwapCached:            0 kB
Active:          1310148 kB
Inactive:         707688 kB
Active(anon):     805508 kB
Inactive(anon):   202328 kB
Active(file):     504640 kB
Inactive(file):   505360 kB
Unevictable:       12768 kB
Mlocked:               0 kB
SwapTotal:        720184 kB
SwapFree:         720152 kB
Dirty:                32 kB
Writeback:             0 kB
AnonPages:        976724 kB
Mapped:           691380 kB
Shmem:             31248 kB
Slab:             118380 kB
SReclaimable:      39716 kB
SUnreclaim:        78664 kB
KernelStack:       33648 kB
PageTables:        57092 kB
NFS_Unstable:          0 kB
Bounce:                0 kB
WritebackTmp:          0 kB
CommitLimit:     2172840 kB
Committed_AS:   93159940 kB
VmallocTotal:   251658176 kB
VmallocUsed:      137464 kB
VmallocChunk:   251400236 kB
Time pass: 255 sec

---2015-12-05 14:07:44
MemTotal:        2905316 kB
MemFree:           67780 kB
Buffers:           25764 kB
Cached:          1028276 kB
SwapCached:            0 kB
Active:          1310336 kB
Inactive:         707692 kB
Active(anon):     805684 kB
Inactive(anon):   202328 kB
Active(file):     504652 kB
Inactive(file):   505364 kB
Unevictable:       12768 kB
Mlocked:               0 kB
SwapTotal:        720184 kB
SwapFree:         720152 kB
Dirty:                48 kB
Writeback:             0 kB
AnonPages:        976832 kB
Mapped:           691384 kB
Shmem:             31248 kB
Slab:             118380 kB
SReclaimable:      39716 kB
SUnreclaim:        78664 kB
KernelStack:       33600 kB
PageTables:        57092 kB
NFS_Unstable:          0 kB
Bounce:                0 kB
WritebackTmp:          0 kB
CommitLimit:     2172840 kB
Committed_AS:   93159884 kB
VmallocTotal:   251658176 kB
VmallocUsed:      137464 kB
VmallocChunk:   251400236 kB
Time pass: 259 sec

---2015-12-05 14:07:44
MemTotal:        2905316 kB
MemFree:           66828 kB
Buffers:           25772 kB
Cached:          1028288 kB
SwapCached:            0 kB
Active:          1311360 kB
Inactive:         707696 kB
Active(anon):     806700 kB
Inactive(anon):   202328 kB
Active(file):     504660 kB
Inactive(file):   505368 kB
Unevictable:       12768 kB
Mlocked:               0 kB
SwapTotal:        720184 kB
SwapFree:         720152 kB
Dirty:                28 kB
Writeback:             0 kB
AnonPages:        977932 kB
Mapped:           691396 kB
Shmem:             31248 kB
Slab:             118376 kB
SReclaimable:      39716 kB
SUnreclaim:        78660 kB
KernelStack:       33584 kB
PageTables:        57092 kB
NFS_Unstable:          0 kB
Bounce:                0 kB
WritebackTmp:          0 kB
CommitLimit:     2172840 kB
Committed_AS:   93159868 kB
VmallocTotal:   251658176 kB
VmallocUsed:      137464 kB
VmallocChunk:   251400236 kB
Time pass: 262 sec

---2015-12-05 14:07:44
MemTotal:        2905316 kB
MemFree:           66192 kB
Buffers:           25796 kB
Cached:          1028336 kB
SwapCached:            0 kB
Active:          1311992 kB
Inactive:         707748 kB
Active(anon):     807304 kB
Inactive(anon):   202328 kB
Active(file):     504688 kB
Inactive(file):   505420 kB
Unevictable:       12768 kB
Mlocked:               0 kB
SwapTotal:        720184 kB
SwapFree:         720152 kB
Dirty:                48 kB
Writeback:             0 kB
AnonPages:        978344 kB
Mapped:           691408 kB
Shmem:             31248 kB
Slab:             118372 kB
SReclaimable:      39716 kB
SUnreclaim:        78656 kB
KernelStack:       33568 kB
PageTables:        57088 kB
NFS_Unstable:          0 kB
Bounce:                0 kB
WritebackTmp:          0 kB
CommitLimit:     2172840 kB
Committed_AS:   93159856 kB
VmallocTotal:   251658176 kB
VmallocUsed:      137464 kB
VmallocChunk:   251400236 kB
Time pass: 266 sec

---2015-12-05 14:07:44
MemTotal:        2905316 kB
MemFree:           65648 kB
Buffers:           25796 kB
Cached:          1028356 kB
SwapCached:            0 kB
Active:          1312176 kB
Inactive:         707764 kB
Active(anon):     807476 kB
Inactive(anon):   202328 kB
Active(file):     504700 kB
Inactive(file):   505436 kB
Unevictable:       12768 kB
Mlocked:               0 kB
SwapTotal:        720184 kB
SwapFree:         720152 kB
Dirty:                64 kB
Writeback:             0 kB
AnonPages:        978568 kB
Mapped:           691424 kB
Shmem:             31248 kB
Slab:             118372 kB
SReclaimable:      39716 kB
SUnreclaim:        78656 kB
KernelStack:       33600 kB
PageTables:        57092 kB
NFS_Unstable:          0 kB
Bounce:                0 kB
WritebackTmp:          0 kB
CommitLimit:     2172840 kB
Committed_AS:   93159856 kB
VmallocTotal:   251658176 kB
VmallocUsed:      137464 kB
VmallocChunk:   251400236 kB
Time pass: 270 sec

---2015-12-05 14:07:44
MemTotal:        2905316 kB
MemFree:           64456 kB
Buffers:           25804 kB
Cached:          1028432 kB
SwapCached:            0 kB
Active:          1313604 kB
Inactive:         707832 kB
Active(anon):     808892 kB
Inactive(anon):   202388 kB
Active(file):     504712 kB
Inactive(file):   505444 kB
Unevictable:       12768 kB
Mlocked:               0 kB
SwapTotal:        720184 kB
SwapFree:         720152 kB
Dirty:                56 kB
Writeback:             0 kB
AnonPages:        980036 kB
Mapped:           691524 kB
Shmem:             31308 kB
Slab:             118372 kB
SReclaimable:      39716 kB
SUnreclaim:        78656 kB
KernelStack:       33632 kB
PageTables:        57144 kB
NFS_Unstable:          0 kB
Bounce:                0 kB
WritebackTmp:          0 kB
CommitLimit:     2172840 kB
Committed_AS:   93186472 kB
VmallocTotal:   251658176 kB
VmallocUsed:      137464 kB
VmallocChunk:   251400236 kB
Time pass: 274 sec

---2015-12-05 14:07:44
MemTotal:        2905316 kB
MemFree:           64324 kB
Buffers:           25812 kB
Cached:          1028436 kB
SwapCached:            0 kB
Active:          1313692 kB
Inactive:         707836 kB
Active(anon):     808972 kB
Inactive(anon):   202388 kB
Active(file):     504720 kB
Inactive(file):   505448 kB
Unevictable:       12768 kB
Mlocked:               0 kB
SwapTotal:        720184 kB
SwapFree:         720152 kB
Dirty:                32 kB
Writeback:             0 kB
AnonPages:        980176 kB
Mapped:           691472 kB
Shmem:             31308 kB
Slab:             118380 kB
SReclaimable:      39716 kB
SUnreclaim:        78664 kB
KernelStack:       33616 kB
PageTables:        57104 kB
NFS_Unstable:          0 kB
Bounce:                0 kB
WritebackTmp:          0 kB
CommitLimit:     2172840 kB
Committed_AS:   93186564 kB
VmallocTotal:   251658176 kB
VmallocUsed:      137464 kB
VmallocChunk:   251400236 kB
Time pass: 278 sec

---2015-12-05 14:07:44
MemTotal:        2905316 kB
MemFree:           63744 kB
Buffers:           25820 kB
Cached:          1028444 kB
SwapCached:            0 kB
Active:          1314184 kB
Inactive:         707840 kB
Active(anon):     809460 kB
Inactive(anon):   202388 kB
Active(file):     504724 kB
Inactive(file):   505452 kB
Unevictable:       12768 kB
Mlocked:               0 kB
SwapTotal:        720184 kB
SwapFree:         720152 kB
Dirty:                52 kB
Writeback:             0 kB
AnonPages:        980444 kB
Mapped:           691548 kB
Shmem:             31308 kB
Slab:             118392 kB
SReclaimable:      39716 kB
SUnreclaim:        78676 kB
KernelStack:       33648 kB
PageTables:        57144 kB
NFS_Unstable:          0 kB
Bounce:                0 kB
WritebackTmp:          0 kB
CommitLimit:     2172840 kB
Committed_AS:   93186576 kB
VmallocTotal:   251658176 kB
VmallocUsed:      137464 kB
VmallocChunk:   251400236 kB
Time pass: 282 sec

---2015-12-05 14:07:44
MemTotal:        2905316 kB
MemFree:           63484 kB
Buffers:           25828 kB
Cached:          1028440 kB
SwapCached:            0 kB
Active:          1314232 kB
Inactive:         707840 kB
Active(anon):     809504 kB
Inactive(anon):   202388 kB
Active(file):     504728 kB
Inactive(file):   505452 kB
Unevictable:       12768 kB
Mlocked:               0 kB
SwapTotal:        720184 kB
SwapFree:         720152 kB
Dirty:                16 kB
Writeback:             0 kB
AnonPages:        980616 kB
Mapped:           691556 kB
Shmem:             31308 kB
Slab:             118372 kB
SReclaimable:      39716 kB
SUnreclaim:        78656 kB
KernelStack:       33648 kB
PageTables:        57144 kB
NFS_Unstable:          0 kB
Bounce:                0 kB
WritebackTmp:          0 kB
CommitLimit:     2172840 kB
Committed_AS:   93186552 kB
VmallocTotal:   251658176 kB
VmallocUsed:      137464 kB
VmallocChunk:   251400236 kB
Time pass: 286 sec

---2015-12-05 14:07:44
MemTotal:        2905316 kB
MemFree:           63448 kB
Buffers:           25828 kB
Cached:          1028456 kB
SwapCached:            0 kB
Active:          1314368 kB
Inactive:         707856 kB
Active(anon):     809628 kB
Inactive(anon):   202388 kB
Active(file):     504740 kB
Inactive(file):   505468 kB
Unevictable:       12768 kB
Mlocked:               0 kB
SwapTotal:        720184 kB
SwapFree:         720152 kB
Dirty:                12 kB
Writeback:             0 kB
AnonPages:        980716 kB
Mapped:           691560 kB
Shmem:             31308 kB
Slab:             118412 kB
SReclaimable:      39716 kB
SUnreclaim:        78696 kB
KernelStack:       33648 kB
PageTables:        57140 kB
NFS_Unstable:          0 kB
Bounce:                0 kB
WritebackTmp:          0 kB
CommitLimit:     2172840 kB
Committed_AS:   93186552 kB
VmallocTotal:   251658176 kB
VmallocUsed:      137464 kB
VmallocChunk:   251400236 kB
Time pass: 289 sec

---2015-12-05 14:07:44
MemTotal:        2905316 kB
MemFree:           63092 kB
Buffers:           25836 kB
Cached:          1028460 kB
SwapCached:            0 kB
Active:          1314508 kB
Inactive:         707856 kB
Active(anon):     809760 kB
Inactive(anon):   202388 kB
Active(file):     504748 kB
Inactive(file):   505468 kB
Unevictable:       12768 kB
Mlocked:               0 kB
SwapTotal:        720184 kB
SwapFree:         720152 kB
Dirty:                 4 kB
Writeback:             0 kB
AnonPages:        980928 kB
Mapped:           691572 kB
Shmem:             31308 kB
Slab:             118372 kB
SReclaimable:      39716 kB
SUnreclaim:        78656 kB
KernelStack:       33648 kB
PageTables:        57140 kB
NFS_Unstable:          0 kB
Bounce:                0 kB
WritebackTmp:          0 kB
CommitLimit:     2172840 kB
Committed_AS:   93186552 kB
VmallocTotal:   251658176 kB
VmallocUsed:      137464 kB
VmallocChunk:   251400236 kB
Time pass: 293 sec

---2015-12-05 14:07:44
MemTotal:        2905316 kB
MemFree:           62960 kB
Buffers:           25844 kB
Cached:          1028472 kB
SwapCached:            0 kB
Active:          1314800 kB
Inactive:         707864 kB
Active(anon):     810052 kB
Inactive(anon):   202388 kB
Active(file):     504748 kB
Inactive(file):   505476 kB
Unevictable:       12768 kB
Mlocked:               0 kB
SwapTotal:        720184 kB
SwapFree:         720152 kB
Dirty:                40 kB
Writeback:             0 kB
AnonPages:        981128 kB
Mapped:           691576 kB
Shmem:             31308 kB
Slab:             118372 kB
SReclaimable:      39716 kB
SUnreclaim:        78656 kB
KernelStack:       33664 kB
PageTables:        57144 kB
NFS_Unstable:          0 kB
Bounce:                0 kB
WritebackTmp:          0 kB
CommitLimit:     2172840 kB
Committed_AS:   93186504 kB
VmallocTotal:   251658176 kB
VmallocUsed:      137464 kB
VmallocChunk:   251400236 kB
Time pass: 297 sec

---2015-12-05 14:07:44
MemTotal:        2905316 kB
MemFree:           66568 kB
Buffers:           25844 kB
Cached:          1024816 kB
SwapCached:            0 kB
Active:          1314012 kB
Inactive:         706040 kB
Active(anon):     810824 kB
Inactive(anon):   202704 kB
Active(file):     503188 kB
Inactive(file):   503336 kB
Unevictable:       12768 kB
Mlocked:               0 kB
SwapTotal:        720184 kB
SwapFree:         720152 kB
Dirty:                 8 kB
Writeback:            16 kB
AnonPages:        982168 kB
Mapped:           691616 kB
Shmem:             31368 kB
Slab:             118404 kB
SReclaimable:      39716 kB
SUnreclaim:        78688 kB
KernelStack:       33632 kB
PageTables:        57196 kB
NFS_Unstable:          0 kB
Bounce:                0 kB
WritebackTmp:          0 kB
CommitLimit:     2172840 kB
Committed_AS:   93213188 kB
VmallocTotal:   251658176 kB
VmallocUsed:      137464 kB
VmallocChunk:   251400236 kB
Time pass: 301 sec

---2015-12-05 14:07:44
MemTotal:        2905316 kB
MemFree:           66088 kB
Buffers:           25852 kB
Cached:          1024824 kB
SwapCached:            0 kB
Active:          1314120 kB
Inactive:         706040 kB
Active(anon):     810924 kB
Inactive(anon):   202704 kB
Active(file):     503196 kB
Inactive(file):   503336 kB
Unevictable:       12768 kB
Mlocked:               0 kB
SwapTotal:        720184 kB
SwapFree:         720152 kB
Dirty:                32 kB
Writeback:             0 kB
AnonPages:        982324 kB
Mapped:           691624 kB
Shmem:             31368 kB
Slab:             118432 kB
SReclaimable:      39716 kB
SUnreclaim:        78716 kB
KernelStack:       33616 kB
PageTables:        57196 kB
NFS_Unstable:          0 kB
Bounce:                0 kB
WritebackTmp:          0 kB
CommitLimit:     2172840 kB
Committed_AS:   93213152 kB
VmallocTotal:   251658176 kB
VmallocUsed:      137464 kB
VmallocChunk:   251400236 kB
Time pass: 305 sec

---2015-12-05 14:07:44
MemTotal:        2905316 kB
MemFree:           66236 kB
Buffers:           25860 kB
Cached:          1024824 kB
SwapCached:            0 kB
Active:          1314220 kB
Inactive:         706052 kB
Active(anon):     811024 kB
Inactive(anon):   202704 kB
Active(file):     503196 kB
Inactive(file):   503348 kB
Unevictable:       12768 kB
Mlocked:               0 kB
SwapTotal:        720184 kB
SwapFree:         720152 kB
Dirty:                 4 kB
Writeback:             0 kB
AnonPages:        982360 kB
Mapped:           691628 kB
Shmem:             31368 kB
Slab:             118520 kB
SReclaimable:      39716 kB
SUnreclaim:        78804 kB
KernelStack:       33616 kB
PageTables:        57196 kB
NFS_Unstable:          0 kB
Bounce:                0 kB
WritebackTmp:          0 kB
CommitLimit:     2172840 kB
Committed_AS:   93213084 kB
VmallocTotal:   251658176 kB
VmallocUsed:      137464 kB
VmallocChunk:   251400236 kB
Time pass: 309 sec

---2015-12-05 14:07:44
MemTotal:        2905316 kB
MemFree:           65716 kB
Buffers:           25868 kB
Cached:          1024824 kB
SwapCached:            0 kB
Active:          1314328 kB
Inactive:         706052 kB
Active(anon):     811128 kB
Inactive(anon):   202704 kB
Active(file):     503200 kB
Inactive(file):   503348 kB
Unevictable:       12768 kB
Mlocked:               0 kB
SwapTotal:        720184 kB
SwapFree:         720152 kB
Dirty:                16 kB
Writeback:             0 kB
AnonPages:        982776 kB
Mapped:           691644 kB
Shmem:             31368 kB
Slab:             118372 kB
SReclaimable:      39716 kB
SUnreclaim:        78656 kB
KernelStack:       33616 kB
PageTables:        57196 kB
NFS_Unstable:          0 kB
Bounce:                0 kB
WritebackTmp:          0 kB
CommitLimit:     2172840 kB
Committed_AS:   93213044 kB
VmallocTotal:   251658176 kB
VmallocUsed:      137464 kB
VmallocChunk:   251400236 kB
Time pass: 313 sec

---2015-12-05 14:07:44
MemTotal:        2905316 kB
MemFree:           65972 kB
Buffers:           25868 kB
Cached:          1024832 kB
SwapCached:            0 kB
Active:          1314804 kB
Inactive:         706064 kB
Active(anon):     811600 kB
Inactive(anon):   202704 kB
Active(file):     503204 kB
Inactive(file):   503360 kB
Unevictable:       12768 kB
Mlocked:               0 kB
SwapTotal:        720184 kB
SwapFree:         720152 kB
Dirty:                 8 kB
Writeback:             0 kB
AnonPages:        982820 kB
Mapped:           691660 kB
Shmem:             31368 kB
Slab:             118372 kB
SReclaimable:      39716 kB
SUnreclaim:        78656 kB
KernelStack:       33584 kB
PageTables:        57192 kB
NFS_Unstable:          0 kB
Bounce:                0 kB
WritebackTmp:          0 kB
CommitLimit:     2172840 kB
Committed_AS:   93212980 kB
VmallocTotal:   251658176 kB
VmallocUsed:      137464 kB
VmallocChunk:   251400236 kB
Time pass: 316 sec

---2015-12-05 14:07:44
MemTotal:        2905316 kB
MemFree:           65780 kB
Buffers:           25876 kB
Cached:          1024836 kB
SwapCached:            0 kB
Active:          1314928 kB
Inactive:         706068 kB
Active(anon):     811724 kB
Inactive(anon):   202704 kB
Active(file):     503204 kB
Inactive(file):   503364 kB
Unevictable:       12768 kB
Mlocked:               0 kB
SwapTotal:        720184 kB
SwapFree:         720152 kB
Dirty:                28 kB
Writeback:             0 kB
AnonPages:        982948 kB
Mapped:           691672 kB
Shmem:             31368 kB
Slab:             118372 kB
SReclaimable:      39716 kB
SUnreclaim:        78656 kB
KernelStack:       33552 kB
PageTables:        57188 kB
NFS_Unstable:          0 kB
Bounce:                0 kB
WritebackTmp:          0 kB
CommitLimit:     2172840 kB
Committed_AS:   93212968 kB
VmallocTotal:   251658176 kB
VmallocUsed:      137464 kB
VmallocChunk:   251400236 kB
Time pass: 320 sec

---2015-12-05 14:07:44
MemTotal:        2905316 kB
MemFree:           66048 kB
Buffers:           25884 kB
Cached:          1024848 kB
SwapCached:            0 kB
Active:          1315260 kB
Inactive:         706084 kB
Active(anon):     812048 kB
Inactive(anon):   202704 kB
Active(file):     503212 kB
Inactive(file):   503380 kB
Unevictable:       12768 kB
Mlocked:               0 kB
SwapTotal:        720184 kB
SwapFree:         720152 kB
Dirty:                 4 kB
Writeback:             0 kB
AnonPages:        983240 kB
Mapped:           691704 kB
Shmem:             31368 kB
Slab:             118368 kB
SReclaimable:      39716 kB
SUnreclaim:        78652 kB
KernelStack:       33568 kB
PageTables:        57192 kB
NFS_Unstable:          0 kB
Bounce:                0 kB
WritebackTmp:          0 kB
CommitLimit:     2172840 kB
Committed_AS:   93212932 kB
VmallocTotal:   251658176 kB
VmallocUsed:      137464 kB
VmallocChunk:   251400236 kB
Time pass: 324 sec

---2015-12-05 14:07:44
MemTotal:        2905316 kB
MemFree:           65412 kB
Buffers:           25892 kB
Cached:          1024856 kB
SwapCached:            0 kB
Active:          1315332 kB
Inactive:         706092 kB
Active(anon):     812112 kB
Inactive(anon):   202704 kB
Active(file):     503220 kB
Inactive(file):   503388 kB
Unevictable:       12768 kB
Mlocked:               0 kB
SwapTotal:        720184 kB
SwapFree:         720152 kB
Dirty:                36 kB
Writeback:             0 kB
AnonPages:        983436 kB
Mapped:           691712 kB
Shmem:             31368 kB
Slab:             118368 kB
SReclaimable:      39716 kB
SUnreclaim:        78652 kB
KernelStack:       33552 kB
PageTables:        57196 kB
NFS_Unstable:          0 kB
Bounce:                0 kB
WritebackTmp:          0 kB
CommitLimit:     2172840 kB
Committed_AS:   93213008 kB
VmallocTotal:   251658176 kB
VmallocUsed:      137464 kB
VmallocChunk:   251400236 kB
Time pass: 328 sec

---2015-12-05 14:07:44
MemTotal:        2905316 kB
MemFree:           63424 kB
Buffers:           25900 kB
Cached:          1024968 kB
SwapCached:            0 kB
Active:          1317524 kB
Inactive:         706184 kB
Active(anon):     814280 kB
Inactive(anon):   202764 kB
Active(file):     503244 kB
Inactive(file):   503420 kB
Unevictable:       12768 kB
Mlocked:               0 kB
SwapTotal:        720184 kB
SwapFree:         720152 kB
Dirty:                88 kB
Writeback:             0 kB
AnonPages:        985628 kB
Mapped:           691868 kB
Shmem:             31428 kB
Slab:             118348 kB
SReclaimable:      39716 kB
SUnreclaim:        78632 kB
KernelStack:       33520 kB
PageTables:        57248 kB
NFS_Unstable:          0 kB
Bounce:                0 kB
WritebackTmp:          0 kB
CommitLimit:     2172840 kB
Committed_AS:   93239856 kB
VmallocTotal:   251658176 kB
VmallocUsed:      137464 kB
VmallocChunk:   251400236 kB
Time pass: 332 sec

---2015-12-05 14:07:44
MemTotal:        2905316 kB
MemFree:           62872 kB
Buffers:           25900 kB
Cached:          1024968 kB
SwapCached:            0 kB
Active:          1317724 kB
Inactive:         706192 kB
Active(anon):     814480 kB
Inactive(anon):   202764 kB
Active(file):     503244 kB
Inactive(file):   503428 kB
Unevictable:       12768 kB
Mlocked:               0 kB
SwapTotal:        720184 kB
SwapFree:         720152 kB
Dirty:                 8 kB
Writeback:             0 kB
AnonPages:        985864 kB
Mapped:           691876 kB
Shmem:             31428 kB
Slab:             118344 kB
SReclaimable:      39716 kB
SUnreclaim:        78628 kB
KernelStack:       33520 kB
PageTables:        57276 kB
NFS_Unstable:          0 kB
Bounce:                0 kB
WritebackTmp:          0 kB
CommitLimit:     2172840 kB
Committed_AS:   93239792 kB
VmallocTotal:   251658176 kB
VmallocUsed:      137464 kB
VmallocChunk:   251400236 kB
Time pass: 336 sec

---2015-12-05 14:07:44
MemTotal:        2905316 kB
MemFree:           70204 kB
Buffers:           25908 kB
Cached:          1021300 kB
SwapCached:            0 kB
Active:          1315452 kB
Inactive:         704980 kB
Active(anon):     813924 kB
Inactive(anon):   203476 kB
Active(file):     501528 kB
Inactive(file):   501504 kB
Unevictable:       12768 kB
Mlocked:               0 kB
SwapTotal:        720184 kB
SwapFree:         720128 kB
Dirty:                52 kB
Writeback:             0 kB
AnonPages:        985992 kB
Mapped:           691820 kB
Shmem:             31404 kB
Slab:             114908 kB
SReclaimable:      36528 kB
SUnreclaim:        78380 kB
KernelStack:       33520 kB
PageTables:        57224 kB
NFS_Unstable:          0 kB
Bounce:                0 kB
WritebackTmp:          0 kB
CommitLimit:     2172840 kB
Committed_AS:   93239804 kB
VmallocTotal:   251658176 kB
VmallocUsed:      137464 kB
VmallocChunk:   251400236 kB
Time pass: 340 sec

---2015-12-05 14:07:44
MemTotal:        2905316 kB
MemFree:           69360 kB
Buffers:           25916 kB
Cached:          1021336 kB
SwapCached:            0 kB
Active:          1316588 kB
Inactive:         705008 kB
Active(anon):     815052 kB
Inactive(anon):   203476 kB
Active(file):     501536 kB
Inactive(file):   501532 kB
Unevictable:       12768 kB
Mlocked:               0 kB
SwapTotal:        720184 kB
SwapFree:         720128 kB
Dirty:                 4 kB
Writeback:             0 kB
AnonPages:        987240 kB
Mapped:           691832 kB
Shmem:             31404 kB
Slab:             114764 kB
SReclaimable:      36384 kB
SUnreclaim:        78380 kB
KernelStack:       33520 kB
PageTables:        57224 kB
NFS_Unstable:          0 kB
Bounce:                0 kB
WritebackTmp:          0 kB
CommitLimit:     2172840 kB
Committed_AS:   93239788 kB
VmallocTotal:   251658176 kB
VmallocUsed:      137464 kB
VmallocChunk:   251400236 kB
Time pass: 343 sec

---2015-12-05 14:07:44
MemTotal:        2905316 kB
MemFree:           69340 kB
Buffers:           25916 kB
Cached:          1021356 kB
SwapCached:            0 kB
Active:          1316864 kB
Inactive:         705032 kB
Active(anon):     815320 kB
Inactive(anon):   203476 kB
Active(file):     501544 kB
Inactive(file):   501556 kB
Unevictable:       12768 kB
Mlocked:               0 kB
SwapTotal:        720184 kB
SwapFree:         720128 kB
Dirty:                 4 kB
Writeback:             0 kB
AnonPages:        987376 kB
Mapped:           691844 kB
Shmem:             31404 kB
Slab:             114764 kB
SReclaimable:      36384 kB
SUnreclaim:        78380 kB
KernelStack:       33504 kB
PageTables:        57224 kB
NFS_Unstable:          0 kB
Bounce:                0 kB
WritebackTmp:          0 kB
CommitLimit:     2172840 kB
Committed_AS:   93239776 kB
VmallocTotal:   251658176 kB
VmallocUsed:      137464 kB
VmallocChunk:   251400236 kB
Time pass: 347 sec

---2015-12-05 14:07:44
MemTotal:        2905316 kB
MemFree:           69044 kB
Buffers:           25924 kB
Cached:          1021360 kB
SwapCached:            0 kB
Active:          1316864 kB
Inactive:         705036 kB
Active(anon):     815320 kB
Inactive(anon):   203476 kB
Active(file):     501544 kB
Inactive(file):   501560 kB
Unevictable:       12768 kB
Mlocked:               0 kB
SwapTotal:        720184 kB
SwapFree:         720128 kB
Dirty:                28 kB
Writeback:             0 kB
AnonPages:        987580 kB
Mapped:           691852 kB
Shmem:             31404 kB
Slab:             114788 kB
SReclaimable:      36384 kB
SUnreclaim:        78404 kB
KernelStack:       33488 kB
PageTables:        57224 kB
NFS_Unstable:          0 kB
Bounce:                0 kB
WritebackTmp:          0 kB
CommitLimit:     2172840 kB
Committed_AS:   93239736 kB
VmallocTotal:   251658176 kB
VmallocUsed:      137464 kB
VmallocChunk:   251400236 kB
Time pass: 351 sec

---2015-12-05 14:07:44
MemTotal:        2905316 kB
MemFree:           68572 kB
Buffers:           25932 kB
Cached:          1021360 kB
SwapCached:            0 kB
Active:          1317256 kB
Inactive:         705048 kB
Active(anon):     815708 kB
Inactive(anon):   203476 kB
Active(file):     501548 kB
Inactive(file):   501572 kB
Unevictable:       12768 kB
Mlocked:               0 kB
SwapTotal:        720184 kB
SwapFree:         720128 kB
Dirty:                 4 kB
Writeback:             0 kB
AnonPages:        987688 kB
Mapped:           691852 kB
Shmem:             31404 kB
Slab:             114788 kB
SReclaimable:      36384 kB
SUnreclaim:        78404 kB
KernelStack:       33488 kB
PageTables:        57224 kB
NFS_Unstable:          0 kB
Bounce:                0 kB
WritebackTmp:          0 kB
CommitLimit:     2172840 kB
Committed_AS:   93239748 kB
VmallocTotal:   251658176 kB
VmallocUsed:      137464 kB
VmallocChunk:   251400236 kB
Time pass: 355 sec

---2015-12-05 14:07:44
MemTotal:        2905316 kB
MemFree:           67944 kB
Buffers:           25940 kB
Cached:          1021372 kB
SwapCached:            0 kB
Active:          1317568 kB
Inactive:         705056 kB
Active(anon):     816008 kB
Inactive(anon):   203476 kB
Active(file):     501560 kB
Inactive(file):   501580 kB
Unevictable:       12768 kB
Mlocked:               0 kB
SwapTotal:        720184 kB
SwapFree:         720128 kB
Dirty:                36 kB
Writeback:             0 kB
AnonPages:        988244 kB
Mapped:           691860 kB
Shmem:             31404 kB
Slab:             114804 kB
SReclaimable:      36384 kB
SUnreclaim:        78420 kB
KernelStack:       33456 kB
PageTables:        57224 kB
NFS_Unstable:          0 kB
Bounce:                0 kB
WritebackTmp:          0 kB
CommitLimit:     2172840 kB
Committed_AS:   93239684 kB
VmallocTotal:   251658176 kB
VmallocUsed:      137464 kB
VmallocChunk:   251400236 kB
Time pass: 359 sec

---2015-12-05 14:07:44
MemTotal:        2905316 kB
MemFree:           67016 kB
Buffers:           25940 kB
Cached:          1021432 kB
SwapCached:            0 kB
Active:          1318652 kB
Inactive:         705116 kB
Active(anon):     817092 kB
Inactive(anon):   203536 kB
Active(file):     501560 kB
Inactive(file):   501580 kB
Unevictable:       12768 kB
Mlocked:               0 kB
SwapTotal:        720184 kB
SwapFree:         720128 kB
Dirty:                 4 kB
Writeback:             0 kB
AnonPages:        989156 kB
Mapped:           691928 kB
Shmem:             31464 kB
Slab:             114604 kB
SReclaimable:      36192 kB
SUnreclaim:        78412 kB
KernelStack:       33488 kB
PageTables:        57276 kB
NFS_Unstable:          0 kB
Bounce:                0 kB
WritebackTmp:          0 kB
CommitLimit:     2172840 kB
Committed_AS:   93266372 kB
VmallocTotal:   251658176 kB
VmallocUsed:      137464 kB
VmallocChunk:   251400236 kB
Time pass: 363 sec

---2015-12-05 14:07:44
MemTotal:        2905316 kB
MemFree:           66924 kB
Buffers:           25948 kB
Cached:          1021436 kB
SwapCached:            0 kB
Active:          1318836 kB
Inactive:         705124 kB
Active(anon):     817272 kB
Inactive(anon):   203536 kB
Active(file):     501564 kB
Inactive(file):   501588 kB
Unevictable:       12768 kB
Mlocked:               0 kB
SwapTotal:        720184 kB
SwapFree:         720128 kB
Dirty:                 4 kB
Writeback:             0 kB
AnonPages:        989376 kB
Mapped:           691940 kB
Shmem:             31464 kB
Slab:             114592 kB
SReclaimable:      36192 kB
SUnreclaim:        78400 kB
KernelStack:       33488 kB
PageTables:        57276 kB
NFS_Unstable:          0 kB
Bounce:                0 kB
WritebackTmp:          0 kB
CommitLimit:     2172840 kB
Committed_AS:   93266336 kB
VmallocTotal:   251658176 kB
VmallocUsed:      137464 kB
VmallocChunk:   251400236 kB
Time pass: 366 sec

---2015-12-05 14:07:44
MemTotal:        2905316 kB
MemFree:           66752 kB
Buffers:           25956 kB
Cached:          1021440 kB
SwapCached:            0 kB
Active:          1319444 kB
Inactive:         705128 kB
Active(anon):     817876 kB
Inactive(anon):   203536 kB
Active(file):     501568 kB
Inactive(file):   501592 kB
Unevictable:       12768 kB
Mlocked:               0 kB
SwapTotal:        720184 kB
SwapFree:         720128 kB
Dirty:                 0 kB
Writeback:             0 kB
AnonPages:        989836 kB
Mapped:           691944 kB
Shmem:             31464 kB
Slab:             114580 kB
SReclaimable:      36192 kB
SUnreclaim:        78388 kB
KernelStack:       33536 kB
PageTables:        57276 kB
NFS_Unstable:          0 kB
Bounce:                0 kB
WritebackTmp:          0 kB
CommitLimit:     2172840 kB
Committed_AS:   93266408 kB
VmallocTotal:   251658176 kB
VmallocUsed:      137464 kB
VmallocChunk:   251400236 kB
Time pass: 370 sec

---2015-12-05 14:07:44
MemTotal:        2905316 kB
MemFree:           66260 kB
Buffers:           25964 kB
Cached:          1021440 kB
SwapCached:            0 kB
Active:          1319496 kB
Inactive:         705128 kB
Active(anon):     817920 kB
Inactive(anon):   203536 kB
Active(file):     501576 kB
Inactive(file):   501592 kB
Unevictable:       12768 kB
Mlocked:               0 kB
SwapTotal:        720184 kB
SwapFree:         720128 kB
Dirty:                12 kB
Writeback:             0 kB
AnonPages:        989980 kB
Mapped:           691948 kB
Shmem:             31464 kB
Slab:             114592 kB
SReclaimable:      36192 kB
SUnreclaim:        78400 kB
KernelStack:       33536 kB
PageTables:        57276 kB
NFS_Unstable:          0 kB
Bounce:                0 kB
WritebackTmp:          0 kB
CommitLimit:     2172840 kB
Committed_AS:   93266444 kB
VmallocTotal:   251658176 kB
VmallocUsed:      137464 kB
VmallocChunk:   251400236 kB
Time pass: 374 sec

---2015-12-05 14:07:44
MemTotal:        2905316 kB
MemFree:           65896 kB
Buffers:           25964 kB
Cached:          1021460 kB
SwapCached:            0 kB
Active:          1319588 kB
Inactive:         705140 kB
Active(anon):     818008 kB
Inactive(anon):   203536 kB
Active(file):     501580 kB
Inactive(file):   501604 kB
Unevictable:       12768 kB
Mlocked:               0 kB
SwapTotal:        720184 kB
SwapFree:         720128 kB
Dirty:                20 kB
Writeback:             0 kB
AnonPages:        990220 kB
Mapped:           691956 kB
Shmem:             31464 kB
Slab:             114600 kB
SReclaimable:      36192 kB
SUnreclaim:        78408 kB
KernelStack:       33568 kB
PageTables:        57272 kB
NFS_Unstable:          0 kB
Bounce:                0 kB
WritebackTmp:          0 kB
CommitLimit:     2172840 kB
Committed_AS:   93266456 kB
VmallocTotal:   251658176 kB
VmallocUsed:      137464 kB
VmallocChunk:   251400236 kB
Time pass: 378 sec

---2015-12-05 14:07:44
MemTotal:        2905316 kB
MemFree:           66160 kB
Buffers:           25972 kB
Cached:          1021464 kB
SwapCached:            0 kB
Active:          1319932 kB
Inactive:         705144 kB
Active(anon):     818340 kB
Inactive(anon):   203536 kB
Active(file):     501592 kB
Inactive(file):   501608 kB
Unevictable:       12768 kB
Mlocked:               0 kB
SwapTotal:        720184 kB
SwapFree:         720128 kB
Dirty:                36 kB
Writeback:             0 kB
AnonPages:        990392 kB
Mapped:           691960 kB
Shmem:             31464 kB
Slab:             114576 kB
SReclaimable:      36192 kB
SUnreclaim:        78384 kB
KernelStack:       33536 kB
PageTables:        57280 kB
NFS_Unstable:          0 kB
Bounce:                0 kB
WritebackTmp:          0 kB
CommitLimit:     2172840 kB
Committed_AS:   93266468 kB
VmallocTotal:   251658176 kB
VmallocUsed:      137464 kB
VmallocChunk:   251400236 kB
Time pass: 382 sec

---2015-12-05 14:07:44
MemTotal:        2905316 kB
MemFree:           65664 kB
Buffers:           25980 kB
Cached:          1021468 kB
SwapCached:            0 kB
Active:          1319972 kB
Inactive:         705152 kB
Active(anon):     818380 kB
Inactive(anon):   203536 kB
Active(file):     501592 kB
Inactive(file):   501616 kB
Unevictable:       12768 kB
Mlocked:               0 kB
SwapTotal:        720184 kB
SwapFree:         720128 kB
Dirty:                28 kB
Writeback:             0 kB
AnonPages:        990608 kB
Mapped:           691968 kB
Shmem:             31464 kB
Slab:             114588 kB
SReclaimable:      36192 kB
SUnreclaim:        78396 kB
KernelStack:       33504 kB
PageTables:        57276 kB
NFS_Unstable:          0 kB
Bounce:                0 kB
WritebackTmp:          0 kB
CommitLimit:     2172840 kB
Committed_AS:   93266480 kB
VmallocTotal:   251658176 kB
VmallocUsed:      137464 kB
VmallocChunk:   251400236 kB
Time pass: 386 sec

---2015-12-05 14:07:44
MemTotal:        2905316 kB
MemFree:           68724 kB
Buffers:           25996 kB
Cached:          1021704 kB
SwapCached:            0 kB
Active:          1316892 kB
Inactive:         705380 kB
Active(anon):     815288 kB
Inactive(anon):   203536 kB
Active(file):     501604 kB
Inactive(file):   501844 kB
Unevictable:       12768 kB
Mlocked:               0 kB
SwapTotal:        720184 kB
SwapFree:         720128 kB
Dirty:               120 kB
Writeback:             0 kB
AnonPages:        987364 kB
Mapped:           692076 kB
Shmem:             31464 kB
Slab:             114612 kB
SReclaimable:      36192 kB
SUnreclaim:        78420 kB
KernelStack:       33536 kB
PageTables:        57300 kB
NFS_Unstable:          0 kB
Bounce:                0 kB
WritebackTmp:          0 kB
CommitLimit:     2172840 kB
Committed_AS:   93266404 kB
VmallocTotal:   251658176 kB
VmallocUsed:      137464 kB
VmallocChunk:   251400236 kB
Time pass: 390 sec

---2015-12-05 14:07:44
MemTotal:        2905316 kB
MemFree:           75100 kB
Buffers:           26004 kB
Cached:          1021172 kB
SwapCached:            0 kB
Active:          1311184 kB
Inactive:         704860 kB
