---2015-12-09 10:41:11
MemTotal:        2905316 kB
MemFree:           81720 kB
Buffers:           26300 kB
Cached:          1382528 kB
SwapCached:            0 kB
Active:          1326220 kB
Inactive:        1006944 kB
Active(anon):     799780 kB
Inactive(anon):   165156 kB
Active(file):     526440 kB
Inactive(file):   841788 kB
Unevictable:        7800 kB
Mlocked:               0 kB
SwapTotal:        720184 kB
SwapFree:         720184 kB
Dirty:               248 kB
Writeback:             0 kB
AnonPages:        932452 kB
Mapped:           537064 kB
Shmem:             32800 kB
Slab:             119368 kB
SReclaimable:      35764 kB
SUnreclaim:        83604 kB
KernelStack:       32704 kB
PageTables:        55620 kB
NFS_Unstable:          0 kB
Bounce:                0 kB
WritebackTmp:          0 kB
CommitLimit:     2172840 kB
Committed_AS:   92763860 kB
VmallocTotal:   251658176 kB
VmallocUsed:      137660 kB
VmallocChunk:   251430444 kB
Time pass: 3 sec

---2015-12-09 10:41:11
MemTotal:        2905316 kB
MemFree:          112628 kB
Buffers:           26384 kB
Cached:          1373520 kB
SwapCached:            0 kB
Active:          1304904 kB
Inactive:         998068 kB
Active(anon):     776976 kB
Inactive(anon):   166560 kB
Active(file):     527928 kB
Inactive(file):   831508 kB
Unevictable:        7800 kB
Mlocked:               0 kB
SwapTotal:        720184 kB
SwapFree:         720184 kB
Dirty:                68 kB
Writeback:             0 kB
AnonPages:        911168 kB
Mapped:           502396 kB
Shmem:             32668 kB
Slab:             119276 kB
SReclaimable:      35844 kB
SUnreclaim:        83432 kB
KernelStack:       31632 kB
PageTables:        56696 kB
NFS_Unstable:          0 kB
Bounce:                0 kB
WritebackTmp:          0 kB
CommitLimit:     2172840 kB
Committed_AS:   96083348 kB
VmallocTotal:   251658176 kB
VmallocUsed:      138544 kB
VmallocChunk:   251420204 kB
Time pass: 7 sec

---2015-12-09 10:41:11
MemTotal:        2905316 kB
MemFree:          126416 kB
Buffers:           26392 kB
Cached:          1373528 kB
SwapCached:            0 kB
Active:          1292128 kB
Inactive:         998060 kB
Active(anon):     764176 kB
Inactive(anon):   166560 kB
Active(file):     527952 kB
Inactive(file):   831500 kB
Unevictable:        7800 kB
Mlocked:               0 kB
SwapTotal:        720184 kB
SwapFree:         720184 kB
Dirty:                96 kB
Writeback:             0 kB
AnonPages:        898372 kB
Mapped:           500464 kB
Shmem:             32668 kB
Slab:             119220 kB
SReclaimable:      35844 kB
SUnreclaim:        83376 kB
KernelStack:       31072 kB
PageTables:        55976 kB
NFS_Unstable:          0 kB
Bounce:                0 kB
WritebackTmp:          0 kB
CommitLimit:     2172840 kB
Committed_AS:   93581996 kB
VmallocTotal:   251658176 kB
VmallocUsed:      136504 kB
VmallocChunk:   251420204 kB
Time pass: 11 sec

---2015-12-09 10:41:11
MemTotal:        2905316 kB
MemFree:          132872 kB
Buffers:           26392 kB
Cached:          1375320 kB
SwapCached:            0 kB
Active:          1285076 kB
Inactive:         999692 kB
Active(anon):     757096 kB
Inactive(anon):   166560 kB
Active(file):     527980 kB
Inactive(file):   833132 kB
Unevictable:        7800 kB
Mlocked:               0 kB
SwapTotal:        720184 kB
SwapFree:         720184 kB
Dirty:               140 kB
Writeback:             0 kB
AnonPages:        891444 kB
Mapped:           488788 kB
Shmem:             32668 kB
Slab:             119220 kB
SReclaimable:      35844 kB
SUnreclaim:        83376 kB
KernelStack:       30608 kB
PageTables:        55228 kB
NFS_Unstable:          0 kB
Bounce:                0 kB
WritebackTmp:          0 kB
CommitLimit:     2172840 kB
Committed_AS:   92326600 kB
VmallocTotal:   251658176 kB
VmallocUsed:      135484 kB
VmallocChunk:   251420204 kB
Time pass: 15 sec

---2015-12-09 10:41:11
MemTotal:        2905316 kB
MemFree:           69544 kB
Buffers:           26860 kB
Cached:          1358820 kB
SwapCached:            0 kB
Active:          1334240 kB
Inactive:         982676 kB
Active(anon):     803072 kB
Inactive(anon):   168992 kB
Active(file):     531168 kB
Inactive(file):   813684 kB
Unevictable:        7800 kB
Mlocked:               0 kB
SwapTotal:        720184 kB
SwapFree:         720184 kB
Dirty:               520 kB
Writeback:             0 kB
AnonPages:        939520 kB
Mapped:           530848 kB
Shmem:             32796 kB
Slab:             119148 kB
SReclaimable:      35364 kB
SUnreclaim:        83784 kB
KernelStack:       32704 kB
PageTables:        57644 kB
NFS_Unstable:          0 kB
Bounce:                0 kB
WritebackTmp:          0 kB
CommitLimit:     2172840 kB
Committed_AS:   99076420 kB
VmallocTotal:   251658176 kB
VmallocUsed:      139576 kB
VmallocChunk:   251420204 kB
Time pass: 18 sec

---2015-12-09 10:41:11
MemTotal:        2905316 kB
MemFree:           68144 kB
Buffers:           27508 kB
Cached:          1240004 kB
SwapCached:            0 kB
Active:          1338944 kB
Inactive:         877940 kB
Active(anon):     797848 kB
Inactive(anon):   192296 kB
Active(file):     541096 kB
Inactive(file):   685644 kB
Unevictable:        7800 kB
Mlocked:               0 kB
SwapTotal:        720184 kB
SwapFree:         720184 kB
Dirty:               316 kB
Writeback:             0 kB
AnonPages:        949268 kB
Mapped:           599944 kB
Shmem:             32932 kB
Slab:             120132 kB
SReclaimable:      36116 kB
SUnreclaim:        84016 kB
KernelStack:       33712 kB
PageTables:        56808 kB
NFS_Unstable:          0 kB
Bounce:                0 kB
WritebackTmp:          0 kB
CommitLimit:     2172840 kB
Committed_AS:   93704096 kB
VmallocTotal:   251658176 kB
VmallocUsed:      137232 kB
VmallocChunk:   251420204 kB
Time pass: 22 sec

---2015-12-09 10:41:11
MemTotal:        2905316 kB
MemFree:           74916 kB
Buffers:           27500 kB
Cached:          1234488 kB
SwapCached:            0 kB
Active:          1307408 kB
Inactive:         874132 kB
Active(anon):     766200 kB
Inactive(anon):   194088 kB
Active(file):     541208 kB
Inactive(file):   680044 kB
Unevictable:        7800 kB
Mlocked:               0 kB
SwapTotal:        720184 kB
SwapFree:         720184 kB
Dirty:               392 kB
Writeback:             0 kB
AnonPages:        927500 kB
Mapped:           616840 kB
Shmem:             32932 kB
Slab:             120104 kB
SReclaimable:      36244 kB
SUnreclaim:        83860 kB
KernelStack:       33568 kB
PageTables:        56388 kB
NFS_Unstable:          0 kB
Bounce:                0 kB
WritebackTmp:          0 kB
CommitLimit:     2172840 kB
Committed_AS:   92969696 kB
VmallocTotal:   251658176 kB
VmallocUsed:      136456 kB
VmallocChunk:   251420204 kB
Time pass: 26 sec

---2015-12-09 10:41:11
MemTotal:        2905316 kB
MemFree:           74748 kB
Buffers:           27524 kB
Cached:          1235960 kB
SwapCached:            0 kB
Active:          1309320 kB
Inactive:         875588 kB
Active(anon):     768092 kB
Inactive(anon):   193864 kB
Active(file):     541228 kB
Inactive(file):   681724 kB
Unevictable:        7800 kB
Mlocked:               0 kB
SwapTotal:        720184 kB
SwapFree:         720184 kB
Dirty:               204 kB
Writeback:             0 kB
AnonPages:        929404 kB
Mapped:           617000 kB
Shmem:             32728 kB
Slab:             117428 kB
SReclaimable:      36244 kB
SUnreclaim:        81184 kB
KernelStack:       33616 kB
PageTables:        56248 kB
NFS_Unstable:          0 kB
Bounce:                0 kB
WritebackTmp:          0 kB
CommitLimit:     2172840 kB
Committed_AS:   92880700 kB
VmallocTotal:   251658176 kB
VmallocUsed:      136456 kB
VmallocChunk:   251420204 kB
Time pass: 29 sec

---2015-12-09 10:41:11
MemTotal:        2905316 kB
MemFree:           66664 kB
Buffers:           27564 kB
Cached:          1239856 kB
SwapCached:            0 kB
Active:          1312684 kB
Inactive:         879516 kB
Active(anon):     771440 kB
Inactive(anon):   193864 kB
Active(file):     541244 kB
Inactive(file):   685652 kB
Unevictable:        7800 kB
Mlocked:               0 kB
SwapTotal:        720184 kB
SwapFree:         720184 kB
Dirty:                40 kB
Writeback:             0 kB
AnonPages:        932668 kB
Mapped:           618088 kB
Shmem:             32732 kB
Slab:             117420 kB
SReclaimable:      36244 kB
SUnreclaim:        81176 kB
KernelStack:       33792 kB
PageTables:        56300 kB
NFS_Unstable:          0 kB
Bounce:                0 kB
WritebackTmp:          0 kB
CommitLimit:     2172840 kB
Committed_AS:   92883212 kB
VmallocTotal:   251658176 kB
VmallocUsed:      136468 kB
VmallocChunk:   251420204 kB
Time pass: 33 sec

---2015-12-09 10:41:11
MemTotal:        2905316 kB
MemFree:           68320 kB
Buffers:           27564 kB
Cached:          1239924 kB
SwapCached:            0 kB
Active:          1310528 kB
Inactive:         879560 kB
Active(anon):     769268 kB
Inactive(anon):   193864 kB
Active(file):     541260 kB
Inactive(file):   685696 kB
Unevictable:        7800 kB
Mlocked:               0 kB
SwapTotal:        720184 kB
SwapFree:         720184 kB
Dirty:               120 kB
Writeback:             0 kB
AnonPages:        930360 kB
Mapped:           618072 kB
Shmem:             32728 kB
Slab:             117428 kB
SReclaimable:      36244 kB
SUnreclaim:        81184 kB
KernelStack:       33824 kB
PageTables:        56272 kB
NFS_Unstable:          0 kB
Bounce:                0 kB
WritebackTmp:          0 kB
CommitLimit:     2172840 kB
Committed_AS:   92883248 kB
VmallocTotal:   251658176 kB
VmallocUsed:      136468 kB
VmallocChunk:   251420204 kB
Time pass: 37 sec

---2015-12-09 10:41:11
MemTotal:        2905316 kB
MemFree:           65460 kB
Buffers:           29108 kB
Cached:          1239972 kB
SwapCached:            0 kB
Active:          1311880 kB
Inactive:         880936 kB
Active(anon):     770612 kB
Inactive(anon):   193864 kB
Active(file):     541268 kB
Inactive(file):   687072 kB
Unevictable:        7800 kB
Mlocked:               0 kB
SwapTotal:        720184 kB
SwapFree:         720184 kB
Dirty:               108 kB
Writeback:             0 kB
AnonPages:        931948 kB
Mapped:           618076 kB
Shmem:             32728 kB
Slab:             117428 kB
SReclaimable:      36244 kB
SUnreclaim:        81184 kB
KernelStack:       33840 kB
PageTables:        56276 kB
NFS_Unstable:          0 kB
Bounce:                0 kB
WritebackTmp:          0 kB
CommitLimit:     2172840 kB
Committed_AS:   92883248 kB
VmallocTotal:   251658176 kB
VmallocUsed:      136468 kB
VmallocChunk:   251420204 kB
Time pass: 40 sec

---2015-12-09 10:41:11
MemTotal:        2905316 kB
MemFree:           65864 kB
Buffers:           26104 kB
Cached:          1179656 kB
SwapCached:            0 kB
Active:          1330556 kB
Inactive:         815208 kB
Active(anon):     784352 kB
Inactive(anon):   196172 kB
Active(file):     546204 kB
Inactive(file):   619036 kB
Unevictable:        7800 kB
Mlocked:               0 kB
SwapTotal:        720184 kB
SwapFree:         720184 kB
Dirty:               308 kB
Writeback:             0 kB
AnonPages:        947812 kB
Mapped:           629580 kB
Shmem:             32732 kB
Slab:             116928 kB
SReclaimable:      35732 kB
SUnreclaim:        81196 kB
KernelStack:       33824 kB
PageTables:        56676 kB
NFS_Unstable:          0 kB
Bounce:                0 kB
WritebackTmp:          0 kB
CommitLimit:     2172840 kB
Committed_AS:   92912564 kB
VmallocTotal:   251658176 kB
VmallocUsed:      136724 kB
VmallocChunk:   251420204 kB
Time pass: 44 sec

---2015-12-09 10:41:11
MemTotal:        2905316 kB
MemFree:           69052 kB
Buffers:           26060 kB
Cached:          1167928 kB
SwapCached:            0 kB
Active:          1334044 kB
Inactive:         803212 kB
Active(anon):     786224 kB
Inactive(anon):   197452 kB
Active(file):     547820 kB
Inactive(file):   605760 kB
Unevictable:        7800 kB
Mlocked:               0 kB
SwapTotal:        720184 kB
SwapFree:         720184 kB
Dirty:               168 kB
Writeback:             0 kB
AnonPages:        950908 kB
Mapped:           635164 kB
Shmem:             32732 kB
Slab:             117580 kB
SReclaimable:      36372 kB
SUnreclaim:        81208 kB
KernelStack:       33872 kB
PageTables:        56732 kB
NFS_Unstable:          0 kB
Bounce:                0 kB
WritebackTmp:          0 kB
CommitLimit:     2172840 kB
Committed_AS:   92924240 kB
VmallocTotal:   251658176 kB
VmallocUsed:      136772 kB
VmallocChunk:   251420204 kB
Time pass: 48 sec

---2015-12-09 10:41:11
MemTotal:        2905316 kB
MemFree:           67976 kB
Buffers:           24140 kB
Cached:          1131028 kB
SwapCached:            0 kB
Active:          1366896 kB
Inactive:         760968 kB
Active(anon):     810980 kB
Inactive(anon):   202704 kB
Active(file):     555916 kB
Inactive(file):   558264 kB
Unevictable:        7800 kB
Mlocked:               0 kB
SwapTotal:        720184 kB
SwapFree:         720184 kB
Dirty:              1856 kB
Writeback:             0 kB
AnonPages:        981188 kB
Mapped:           660948 kB
Shmem:             32736 kB
Slab:             114708 kB
SReclaimable:      33316 kB
SUnreclaim:        81392 kB
KernelStack:       34048 kB
PageTables:        56652 kB
NFS_Unstable:          0 kB
Bounce:                0 kB
WritebackTmp:          0 kB
CommitLimit:     2172840 kB
Committed_AS:   92941352 kB
VmallocTotal:   251658176 kB
VmallocUsed:      136900 kB
VmallocChunk:   251420204 kB
Time pass: 51 sec

---2015-12-09 10:41:11
MemTotal:        2905316 kB
MemFree:           73376 kB
Buffers:           24052 kB
Cached:          1117172 kB
SwapCached:            0 kB
Active:          1345720 kB
Inactive:         749808 kB
Active(anon):     796584 kB
Inactive(anon):   203192 kB
Active(file):     549136 kB
Inactive(file):   546616 kB
Unevictable:       12764 kB
Mlocked:               0 kB
SwapTotal:        720184 kB
SwapFree:         720156 kB
Dirty:               708 kB
Writeback:             0 kB
AnonPages:        967224 kB
Mapped:           680556 kB
Shmem:             32708 kB
Slab:             117784 kB
SReclaimable:      36308 kB
SUnreclaim:        81476 kB
KernelStack:       34128 kB
PageTables:        56740 kB
NFS_Unstable:          0 kB
Bounce:                0 kB
WritebackTmp:          0 kB
CommitLimit:     2172840 kB
Committed_AS:   92930408 kB
VmallocTotal:   251658176 kB
VmallocUsed:      137068 kB
VmallocChunk:   251420204 kB
Time pass: 55 sec

---2015-12-09 10:41:11
MemTotal:        2905316 kB
MemFree:           72012 kB
Buffers:           24068 kB
Cached:          1118416 kB
SwapCached:            0 kB
Active:          1345964 kB
Inactive:         750932 kB
Active(anon):     796692 kB
Inactive(anon):   203252 kB
Active(file):     549272 kB
Inactive(file):   547680 kB
Unevictable:       12764 kB
Mlocked:               0 kB
SwapTotal:        720184 kB
SwapFree:         720156 kB
Dirty:               172 kB
Writeback:             0 kB
AnonPages:        967400 kB
Mapped:           681428 kB
Shmem:             32768 kB
Slab:             117800 kB
SReclaimable:      36324 kB
SUnreclaim:        81476 kB
KernelStack:       34112 kB
PageTables:        56788 kB
NFS_Unstable:          0 kB
Bounce:                0 kB
WritebackTmp:          0 kB
CommitLimit:     2172840 kB
Committed_AS:   92956968 kB
VmallocTotal:   251658176 kB
VmallocUsed:      137068 kB
VmallocChunk:   251420204 kB
Time pass: 59 sec

---2015-12-09 10:41:11
MemTotal:        2905316 kB
MemFree:           75340 kB
Buffers:           24568 kB
Cached:          1097272 kB
SwapCached:            0 kB
Active:          1338176 kB
Inactive:         741036 kB
Active(anon):     800072 kB
Inactive(anon):   202848 kB
Active(file):     538104 kB
Inactive(file):   538188 kB
Unevictable:       12768 kB
Mlocked:               0 kB
SwapTotal:        720184 kB
SwapFree:         720156 kB
Dirty:               148 kB
Writeback:             0 kB
AnonPages:        970224 kB
Mapped:           690788 kB
Shmem:             32768 kB
Slab:             117724 kB
SReclaimable:      36196 kB
SUnreclaim:        81528 kB
KernelStack:       34032 kB
PageTables:        56816 kB
NFS_Unstable:          0 kB
Bounce:                0 kB
WritebackTmp:          0 kB
CommitLimit:     2172840 kB
Committed_AS:   92958260 kB
VmallocTotal:   251658176 kB
VmallocUsed:      137204 kB
VmallocChunk:   251420204 kB
Time pass: 63 sec

---2015-12-09 10:41:11
MemTotal:        2905316 kB
MemFree:           74824 kB
Buffers:           24576 kB
Cached:          1097288 kB
SwapCached:            0 kB
Active:          1338596 kB
Inactive:         741052 kB
Active(anon):     800484 kB
Inactive(anon):   202848 kB
Active(file):     538112 kB
Inactive(file):   538204 kB
Unevictable:       12768 kB
Mlocked:               0 kB
SwapTotal:        720184 kB
SwapFree:         720156 kB
Dirty:               236 kB
Writeback:             0 kB
AnonPages:        970580 kB
Mapped:           690836 kB
Shmem:             32768 kB
Slab:             117756 kB
SReclaimable:      36228 kB
SUnreclaim:        81528 kB
KernelStack:       34048 kB
PageTables:        56812 kB
NFS_Unstable:          0 kB
Bounce:                0 kB
WritebackTmp:          0 kB
CommitLimit:     2172840 kB
Committed_AS:   92958312 kB
VmallocTotal:   251658176 kB
VmallocUsed:      137204 kB
VmallocChunk:   251420204 kB
Time pass: 67 sec

---2015-12-09 10:41:11
MemTotal:        2905316 kB
MemFree:           74620 kB
Buffers:           25268 kB
Cached:          1071168 kB
SwapCached:            0 kB
Active:          1332076 kB
Inactive:         729284 kB
Active(anon):     806592 kB
Inactive(anon):   203860 kB
Active(file):     525484 kB
Inactive(file):   525424 kB
Unevictable:       12768 kB
Mlocked:               0 kB
SwapTotal:        720184 kB
SwapFree:         720156 kB
Dirty:               632 kB
Writeback:             0 kB
AnonPages:        977648 kB
Mapped:           697244 kB
Shmem:             32768 kB
Slab:             117732 kB
SReclaimable:      36100 kB
SUnreclaim:        81632 kB
KernelStack:       34112 kB
PageTables:        56764 kB
NFS_Unstable:          0 kB
Bounce:                0 kB
WritebackTmp:          0 kB
CommitLimit:     2172840 kB
Committed_AS:   92961972 kB
VmallocTotal:   251658176 kB
VmallocUsed:      137364 kB
VmallocChunk:   251420204 kB
Time pass: 71 sec

---2015-12-09 10:41:11
MemTotal:        2905316 kB
MemFree:           63388 kB
Buffers:           25276 kB
Cached:          1073728 kB
SwapCached:            0 kB
Active:          1339108 kB
Inactive:         731792 kB
Active(anon):     813592 kB
Inactive(anon):   203740 kB
Active(file):     525516 kB
Inactive(file):   528052 kB
Unevictable:       12768 kB
Mlocked:               0 kB
SwapTotal:        720184 kB
SwapFree:         720156 kB
Dirty:               240 kB
Writeback:             0 kB
AnonPages:        984792 kB
Mapped:           702628 kB
Shmem:             32768 kB
Slab:             117800 kB
SReclaimable:      36148 kB
SUnreclaim:        81652 kB
KernelStack:       34240 kB
PageTables:        56740 kB
NFS_Unstable:          0 kB
Bounce:                0 kB
WritebackTmp:          0 kB
CommitLimit:     2172840 kB
Committed_AS:   92971816 kB
VmallocTotal:   251658176 kB
VmallocUsed:      137388 kB
VmallocChunk:   251420204 kB
Time pass: 74 sec

---2015-12-09 10:41:11
MemTotal:        2905316 kB
MemFree:           65960 kB
Buffers:           25312 kB
Cached:          1063824 kB
SwapCached:            0 kB
Active:          1343388 kB
Inactive:         726888 kB
Active(anon):     821692 kB
Inactive(anon):   205004 kB
Active(file):     521696 kB
Inactive(file):   521884 kB
Unevictable:       12768 kB
Mlocked:               0 kB
SwapTotal:        720184 kB
SwapFree:         720156 kB
Dirty:               104 kB
Writeback:             0 kB
AnonPages:        993808 kB
Mapped:           702884 kB
Shmem:             32768 kB
Slab:             117776 kB
SReclaimable:      36148 kB
SUnreclaim:        81628 kB
KernelStack:       34128 kB
PageTables:        56788 kB
NFS_Unstable:          0 kB
Bounce:                0 kB
WritebackTmp:          0 kB
CommitLimit:     2172840 kB
Committed_AS:   92981960 kB
VmallocTotal:   251658176 kB
VmallocUsed:      137388 kB
VmallocChunk:   251420204 kB
Time pass: 78 sec

---2015-12-09 10:41:11
MemTotal:        2905316 kB
MemFree:           63220 kB
Buffers:           25328 kB
Cached:          1063836 kB
SwapCached:            0 kB
Active:          1346492 kB
Inactive:         727040 kB
Active(anon):     824772 kB
Inactive(anon):   205132 kB
Active(file):     521720 kB
Inactive(file):   521908 kB
Unevictable:       12768 kB
Mlocked:               0 kB
SwapTotal:        720184 kB
SwapFree:         720156 kB
Dirty:               164 kB
Writeback:             0 kB
AnonPages:        997440 kB
Mapped:           702860 kB
Shmem:             32768 kB
Slab:             117744 kB
SReclaimable:      36148 kB
SUnreclaim:        81596 kB
KernelStack:       34080 kB
PageTables:        56768 kB
NFS_Unstable:          0 kB
Bounce:                0 kB
WritebackTmp:          0 kB
CommitLimit:     2172840 kB
Committed_AS:   92984344 kB
VmallocTotal:   251658176 kB
VmallocUsed:      137388 kB
VmallocChunk:   251420204 kB
Time pass: 82 sec

---2015-12-09 10:41:11
MemTotal:        2905316 kB
MemFree:           69480 kB
Buffers:           25336 kB
Cached:          1060196 kB
SwapCached:            0 kB
Active:          1337560 kB
Inactive:         726188 kB
Active(anon):     817596 kB
Inactive(anon):   206156 kB
Active(file):     519964 kB
Inactive(file):   520032 kB
Unevictable:       12768 kB
Mlocked:               0 kB
SwapTotal:        720184 kB
SwapFree:         720156 kB
Dirty:                92 kB
Writeback:             0 kB
AnonPages:        991324 kB
Mapped:           703168 kB
Shmem:             32768 kB
Slab:             117616 kB
SReclaimable:      36020 kB
SUnreclaim:        81596 kB
KernelStack:       33968 kB
PageTables:        56860 kB
NFS_Unstable:          0 kB
Bounce:                0 kB
WritebackTmp:          0 kB
CommitLimit:     2172840 kB
Committed_AS:   92984988 kB
VmallocTotal:   251658176 kB
VmallocUsed:      137416 kB
VmallocChunk:   251420204 kB
Time pass: 86 sec

---2015-12-09 10:41:11
MemTotal:        2905316 kB
MemFree:           69256 kB
Buffers:           25344 kB
Cached:          1060212 kB
SwapCached:            0 kB
Active:          1338064 kB
Inactive:         726180 kB
Active(anon):     818088 kB
Inactive(anon):   206156 kB
Active(file):     519976 kB
Inactive(file):   520024 kB
Unevictable:       12768 kB
Mlocked:               0 kB
SwapTotal:        720184 kB
SwapFree:         720156 kB
Dirty:                20 kB
Writeback:             0 kB
AnonPages:        991480 kB
Mapped:           703308 kB
Shmem:             32768 kB
Slab:             117620 kB
SReclaimable:      36020 kB
SUnreclaim:        81600 kB
KernelStack:       33904 kB
PageTables:        56880 kB
NFS_Unstable:          0 kB
Bounce:                0 kB
WritebackTmp:          0 kB
CommitLimit:     2172840 kB
Committed_AS:   93011588 kB
VmallocTotal:   251658176 kB
VmallocUsed:      137416 kB
VmallocChunk:   251420204 kB
Time pass: 89 sec

---2015-12-09 10:41:11
MemTotal:        2905316 kB
MemFree:           68904 kB
Buffers:           25344 kB
Cached:          1060624 kB
SwapCached:            0 kB
Active:          1338184 kB
Inactive:         726576 kB
Active(anon):     818176 kB
Inactive(anon):   205860 kB
Active(file):     520008 kB
Inactive(file):   520716 kB
Unevictable:       12768 kB
Mlocked:               0 kB
SwapTotal:        720184 kB
SwapFree:         720156 kB
Dirty:                12 kB
Writeback:             0 kB
AnonPages:        991568 kB
Mapped:           703112 kB
Shmem:             32472 kB
Slab:             117572 kB
SReclaimable:      36020 kB
SUnreclaim:        81552 kB
KernelStack:       33936 kB
PageTables:        56936 kB
NFS_Unstable:          0 kB
Bounce:                0 kB
WritebackTmp:          0 kB
CommitLimit:     2172840 kB
Committed_AS:   93009644 kB
VmallocTotal:   251658176 kB
VmallocUsed:      137416 kB
VmallocChunk:   251420204 kB
Time pass: 93 sec

---2015-12-09 10:41:11
MemTotal:        2905316 kB
MemFree:           83588 kB
Buffers:           25352 kB
Cached:          1060628 kB
SwapCached:            0 kB
Active:          1323388 kB
Inactive:         726584 kB
Active(anon):     803372 kB
Inactive(anon):   205860 kB
Active(file):     520016 kB
Inactive(file):   520724 kB
Unevictable:       12768 kB
Mlocked:               0 kB
SwapTotal:        720184 kB
SwapFree:         720156 kB
Dirty:                52 kB
Writeback:             0 kB
AnonPages:        976624 kB
Mapped:           703064 kB
Shmem:             32472 kB
Slab:             117572 kB
SReclaimable:      36020 kB
SUnreclaim:        81552 kB
KernelStack:       33888 kB
PageTables:        56908 kB
NFS_Unstable:          0 kB
Bounce:                0 kB
WritebackTmp:          0 kB
CommitLimit:     2172840 kB
Committed_AS:   93009620 kB
VmallocTotal:   251658176 kB
VmallocUsed:      137416 kB
VmallocChunk:   251420204 kB
Time pass: 97 sec

---2015-12-09 10:41:11
MemTotal:        2905316 kB
MemFree:           86676 kB
Buffers:           25360 kB
Cached:          1061148 kB
SwapCached:            0 kB
Active:          1325216 kB
Inactive:         726920 kB
Active(anon):     805036 kB
Inactive(anon):   205860 kB
Active(file):     520180 kB
Inactive(file):   521060 kB
Unevictable:       12768 kB
Mlocked:               0 kB
SwapTotal:        720184 kB
SwapFree:         720156 kB
Dirty:                84 kB
Writeback:             0 kB
AnonPages:        978612 kB
Mapped:           700760 kB
Shmem:             32472 kB
Slab:             117540 kB
SReclaimable:      36020 kB
SUnreclaim:        81520 kB
KernelStack:       33952 kB
PageTables:        56776 kB
NFS_Unstable:          0 kB
Bounce:                0 kB
WritebackTmp:          0 kB
CommitLimit:     2172840 kB
Committed_AS:   93010196 kB
VmallocTotal:   251658176 kB
VmallocUsed:      137356 kB
VmallocChunk:   251420204 kB
Time pass: 100 sec

---2015-12-09 10:41:11
MemTotal:        2905316 kB
MemFree:          352832 kB
Buffers:           25356 kB
Cached:          1056912 kB
SwapCached:            0 kB
Active:          1246152 kB
Inactive:         725396 kB
Active(anon):     728748 kB
Inactive(anon):   207940 kB
Active(file):     517404 kB
Inactive(file):   517456 kB
Unevictable:       12768 kB
Mlocked:               0 kB
SwapTotal:        720184 kB
SwapFree:         720156 kB
Dirty:                 0 kB
Writeback:             0 kB
AnonPages:        902228 kB
Mapped:           524272 kB
Shmem:             34636 kB
Slab:             117376 kB
SReclaimable:      36020 kB
SUnreclaim:        81356 kB
KernelStack:       32576 kB
PageTables:        54536 kB
NFS_Unstable:          0 kB
Bounce:                0 kB
WritebackTmp:          0 kB
CommitLimit:     2172840 kB
Committed_AS:   90902692 kB
VmallocTotal:   251658176 kB
VmallocUsed:      133752 kB
VmallocChunk:   251420204 kB
Time pass: 104 sec

---2015-12-09 10:41:11
MemTotal:        2905316 kB
MemFree:          236100 kB
Buffers:           25708 kB
Cached:          1058204 kB
SwapCached:            0 kB
Active:          1277236 kB
Inactive:         724844 kB
Active(anon):     757772 kB
Inactive(anon):   208076 kB
Active(file):     519464 kB
Inactive(file):   516768 kB
Unevictable:       12768 kB
Mlocked:               0 kB
SwapTotal:        720184 kB
SwapFree:         720156 kB
Dirty:              2212 kB
Writeback:             0 kB
AnonPages:        931336 kB
Mapped:           598140 kB
Shmem:             34772 kB
Slab:             117260 kB
SReclaimable:      36016 kB
SUnreclaim:        81244 kB
KernelStack:       33632 kB
PageTables:        55640 kB
NFS_Unstable:          0 kB
Bounce:                0 kB
WritebackTmp:          0 kB
CommitLimit:     2172840 kB
Committed_AS:   91724408 kB
VmallocTotal:   251658176 kB
VmallocUsed:      135424 kB
VmallocChunk:   251420204 kB
Time pass: 108 sec

---2015-12-09 10:41:11
MemTotal:        2905316 kB
MemFree:          166404 kB
Buffers:           25716 kB
Cached:          1059688 kB
SwapCached:            0 kB
Active:          1294412 kB
Inactive:         725860 kB
Active(anon):     773972 kB
Inactive(anon):   208076 kB
Active(file):     520440 kB
Inactive(file):   517784 kB
Unevictable:       12768 kB
Mlocked:               0 kB
SwapTotal:        720184 kB
SwapFree:         720156 kB
Dirty:              1064 kB
Writeback:             0 kB
AnonPages:        947512 kB
Mapped:           635368 kB
Shmem:             34776 kB
Slab:             117280 kB
SReclaimable:      36064 kB
SUnreclaim:        81216 kB
KernelStack:       33792 kB
PageTables:        55880 kB
NFS_Unstable:          0 kB
Bounce:                0 kB
WritebackTmp:          0 kB
CommitLimit:     2172840 kB
Committed_AS:   91735116 kB
VmallocTotal:   251658176 kB
VmallocUsed:      135792 kB
VmallocChunk:   251420204 kB
Time pass: 111 sec

---2015-12-09 10:41:11
MemTotal:        2905316 kB
MemFree:          137564 kB
Buffers:           26052 kB
Cached:          1060868 kB
SwapCached:            0 kB
Active:          1297384 kB
Inactive:         726392 kB
Active(anon):     776360 kB
Inactive(anon):   208072 kB
Active(file):     521024 kB
Inactive(file):   518320 kB
Unevictable:       12768 kB
Mlocked:               0 kB
SwapTotal:        720184 kB
SwapFree:         720156 kB
Dirty:                28 kB
Writeback:             0 kB
AnonPages:        949708 kB
Mapped:           659508 kB
Shmem:             34776 kB
Slab:             117264 kB
SReclaimable:      36064 kB
SUnreclaim:        81200 kB
KernelStack:       33840 kB
PageTables:        55960 kB
NFS_Unstable:          0 kB
Bounce:                0 kB
WritebackTmp:          0 kB
CommitLimit:     2172840 kB
Committed_AS:   91737412 kB
VmallocTotal:   251658176 kB
VmallocUsed:      136008 kB
VmallocChunk:   251420204 kB
Time pass: 115 sec

---2015-12-09 10:41:11
MemTotal:        2905316 kB
MemFree:          117232 kB
Buffers:           26060 kB
Cached:          1061028 kB
SwapCached:            0 kB
Active:          1299764 kB
Inactive:         726304 kB
Active(anon):     778504 kB
Inactive(anon):   208072 kB
Active(file):     521260 kB
Inactive(file):   518232 kB
Unevictable:       12768 kB
Mlocked:               0 kB
SwapTotal:        720184 kB
SwapFree:         720156 kB
Dirty:               292 kB
Writeback:             0 kB
AnonPages:        952076 kB
Mapped:           669768 kB
Shmem:             34776 kB
Slab:             117236 kB
SReclaimable:      36064 kB
SUnreclaim:        81172 kB
KernelStack:       33776 kB
PageTables:        56000 kB
NFS_Unstable:          0 kB
Bounce:                0 kB
WritebackTmp:          0 kB
CommitLimit:     2172840 kB
Committed_AS:   91742712 kB
VmallocTotal:   251658176 kB
VmallocUsed:      136144 kB
VmallocChunk:   251420204 kB
Time pass: 119 sec

---2015-12-09 10:41:11
MemTotal:        2905316 kB
MemFree:           89764 kB
Buffers:           26068 kB
Cached:          1061112 kB
SwapCached:            0 kB
Active:          1305864 kB
Inactive:         726424 kB
Active(anon):     784592 kB
Inactive(anon):   208132 kB
Active(file):     521272 kB
Inactive(file):   518292 kB
Unevictable:       12768 kB
Mlocked:               0 kB
SwapTotal:        720184 kB
SwapFree:         720156 kB
Dirty:               324 kB
Writeback:             0 kB
AnonPages:        957848 kB
Mapped:           680904 kB
Shmem:             34836 kB
Slab:             117236 kB
SReclaimable:      36064 kB
SUnreclaim:        81172 kB
KernelStack:       33808 kB
PageTables:        56048 kB
NFS_Unstable:          0 kB
Bounce:                0 kB
WritebackTmp:          0 kB
CommitLimit:     2172840 kB
Committed_AS:   91768560 kB
VmallocTotal:   251658176 kB
VmallocUsed:      136304 kB
VmallocChunk:   251420204 kB
Time pass: 123 sec

---2015-12-09 10:41:11
MemTotal:        2905316 kB
MemFree:           87036 kB
Buffers:           26076 kB
Cached:          1061804 kB
SwapCached:            0 kB
Active:          1306068 kB
Inactive:         727076 kB
Active(anon):     784744 kB
Inactive(anon):   208132 kB
Active(file):     521324 kB
Inactive(file):   518944 kB
Unevictable:       12768 kB
Mlocked:               0 kB
SwapTotal:        720184 kB
SwapFree:         720156 kB
Dirty:                12 kB
Writeback:             0 kB
AnonPages:        958140 kB
Mapped:           683152 kB
Shmem:             34836 kB
Slab:             117336 kB
SReclaimable:      36080 kB
SUnreclaim:        81256 kB
KernelStack:       33792 kB
PageTables:        56028 kB
NFS_Unstable:          0 kB
Bounce:                0 kB
WritebackTmp:          0 kB
CommitLimit:     2172840 kB
Committed_AS:   91768824 kB
VmallocTotal:   251658176 kB
VmallocUsed:      136328 kB
VmallocChunk:   251420204 kB
Time pass: 126 sec

---2015-12-09 10:41:11
MemTotal:        2905316 kB
MemFree:           77324 kB
Buffers:           26088 kB
Cached:          1065688 kB
SwapCached:            0 kB
Active:          1311620 kB
Inactive:         730944 kB
Active(anon):     790280 kB
Inactive(anon):   208132 kB
Active(file):     521340 kB
Inactive(file):   522812 kB
Unevictable:       12768 kB
Mlocked:               0 kB
SwapTotal:        720184 kB
SwapFree:         720156 kB
Dirty:               100 kB
Writeback:             0 kB
AnonPages:        963580 kB
Mapped:           684200 kB
Shmem:             34836 kB
Slab:             117336 kB
SReclaimable:      36080 kB
SUnreclaim:        81256 kB
KernelStack:       33840 kB
PageTables:        56072 kB
NFS_Unstable:          0 kB
Bounce:                0 kB
WritebackTmp:          0 kB
CommitLimit:     2172840 kB
Committed_AS:   91776096 kB
VmallocTotal:   251658176 kB
VmallocUsed:      136328 kB
VmallocChunk:   251420204 kB
Time pass: 130 sec

---2015-12-09 10:41:11
MemTotal:        2905316 kB
MemFree:           75068 kB
Buffers:           26096 kB
Cached:          1065696 kB
SwapCached:            0 kB
Active:          1311816 kB
Inactive:         730960 kB
Active(anon):     790468 kB
Inactive(anon):   208132 kB
Active(file):     521348 kB
Inactive(file):   522828 kB
Unevictable:       12768 kB
Mlocked:               0 kB
SwapTotal:        720184 kB
SwapFree:         720156 kB
Dirty:               120 kB
Writeback:             0 kB
AnonPages:        963828 kB
Mapped:           685084 kB
Shmem:             34836 kB
Slab:             117336 kB
SReclaimable:      36080 kB
SUnreclaim:        81256 kB
KernelStack:       33840 kB
PageTables:        56076 kB
NFS_Unstable:          0 kB
Bounce:                0 kB
WritebackTmp:          0 kB
CommitLimit:     2172840 kB
Committed_AS:   91776072 kB
VmallocTotal:   251658176 kB
VmallocUsed:      136328 kB
VmallocChunk:   251420204 kB
Time pass: 134 sec

---2015-12-09 10:41:11
MemTotal:        2905316 kB
MemFree:           65700 kB
Buffers:           26112 kB
Cached:          1063636 kB
SwapCached:            0 kB
Active:          1321444 kB
Inactive:         730100 kB
Active(anon):     801272 kB
Inactive(anon):   208284 kB
Active(file):     520172 kB
Inactive(file):   521816 kB
Unevictable:       12768 kB
Mlocked:               0 kB
SwapTotal:        720184 kB
SwapFree:         720156 kB
Dirty:               200 kB
Writeback:             0 kB
AnonPages:        974548 kB
Mapped:           688388 kB
Shmem:             34992 kB
Slab:             117376 kB
SReclaimable:      36080 kB
SUnreclaim:        81296 kB
KernelStack:       34240 kB
PageTables:        56304 kB
NFS_Unstable:          0 kB
Bounce:                0 kB
WritebackTmp:          0 kB
CommitLimit:     2172840 kB
Committed_AS:   91814972 kB
VmallocTotal:   251658176 kB
VmallocUsed:      138776 kB
VmallocChunk:   251420204 kB
Time pass: 138 sec

---2015-12-09 10:41:11
MemTotal:        2905316 kB
MemFree:           67844 kB
Buffers:           26120 kB
Cached:          1061840 kB
SwapCached:            0 kB
Active:          1320316 kB
Inactive:         728380 kB
Active(anon):     800224 kB
Inactive(anon):   208344 kB
Active(file):     520092 kB
Inactive(file):   520036 kB
Unevictable:       12768 kB
Mlocked:               0 kB
SwapTotal:        720184 kB
SwapFree:         720156 kB
Dirty:                64 kB
Writeback:             0 kB
AnonPages:        973560 kB
Mapped:           688496 kB
Shmem:             35064 kB
Slab:             117300 kB
SReclaimable:      36000 kB
SUnreclaim:        81300 kB
KernelStack:       34224 kB
PageTables:        56304 kB
NFS_Unstable:          0 kB
Bounce:                0 kB
WritebackTmp:          0 kB
CommitLimit:     2172840 kB
Committed_AS:   91815424 kB
VmallocTotal:   251658176 kB
VmallocUsed:      138776 kB
VmallocChunk:   251420204 kB
Time pass: 142 sec

---2015-12-09 10:41:11
MemTotal:        2905316 kB
MemFree:           67628 kB
Buffers:           26120 kB
Cached:          1061864 kB
SwapCached:            0 kB
Active:          1320952 kB
Inactive:         728392 kB
Active(anon):     800840 kB
Inactive(anon):   208360 kB
Active(file):     520112 kB
Inactive(file):   520032 kB
Unevictable:       12768 kB
Mlocked:               0 kB
SwapTotal:        720184 kB
SwapFree:         720156 kB
Dirty:                96 kB
Writeback:             0 kB
AnonPages:        974152 kB
Mapped:           688560 kB
Shmem:             35068 kB
Slab:             117328 kB
SReclaimable:      36016 kB
SUnreclaim:        81312 kB
KernelStack:       34208 kB
PageTables:        56332 kB
NFS_Unstable:          0 kB
Bounce:                0 kB
WritebackTmp:          0 kB
CommitLimit:     2172840 kB
Committed_AS:   91816192 kB
VmallocTotal:   251658176 kB
VmallocUsed:      138776 kB
VmallocChunk:   251420204 kB
Time pass: 146 sec

---2015-12-09 10:41:11
MemTotal:        2905316 kB
MemFree:           65996 kB
Buffers:           26128 kB
Cached:          1061868 kB
SwapCached:            0 kB
Active:          1322244 kB
Inactive:         728404 kB
Active(anon):     802128 kB
Inactive(anon):   208360 kB
Active(file):     520116 kB
Inactive(file):   520044 kB
Unevictable:       12768 kB
Mlocked:               0 kB
SwapTotal:        720184 kB
SwapFree:         720156 kB
Dirty:                52 kB
Writeback:             0 kB
AnonPages:        975604 kB
Mapped:           688568 kB
Shmem:             35068 kB
Slab:             117328 kB
SReclaimable:      36016 kB
SUnreclaim:        81312 kB
KernelStack:       34208 kB
PageTables:        56332 kB
NFS_Unstable:          0 kB
Bounce:                0 kB
WritebackTmp:          0 kB
CommitLimit:     2172840 kB
Committed_AS:   91850672 kB
VmallocTotal:   251658176 kB
VmallocUsed:      138776 kB
VmallocChunk:   251420204 kB
Time pass: 149 sec

---2015-12-09 10:41:11
MemTotal:        2905316 kB
MemFree:           66952 kB
Buffers:           26160 kB
Cached:          1054180 kB
SwapCached:            0 kB
Active:          1327236 kB
Inactive:         724652 kB
Active(anon):     811044 kB
Inactive(anon):   208336 kB
Active(file):     516192 kB
Inactive(file):   516316 kB
Unevictable:       12768 kB
Mlocked:               0 kB
SwapTotal:        720184 kB
SwapFree:         720156 kB
Dirty:               172 kB
Writeback:             0 kB
AnonPages:        984176 kB
Mapped:           690052 kB
Shmem:             35056 kB
Slab:             117200 kB
SReclaimable:      35920 kB
SUnreclaim:        81280 kB
KernelStack:       34208 kB
PageTables:        56400 kB
NFS_Unstable:          0 kB
Bounce:                0 kB
WritebackTmp:          0 kB
CommitLimit:     2172840 kB
Committed_AS:   91863420 kB
VmallocTotal:   251658176 kB
VmallocUsed:      138776 kB
VmallocChunk:   251420204 kB
Time pass: 153 sec

---2015-12-09 10:41:11
MemTotal:        2905316 kB
MemFree:           68768 kB
Buffers:           26120 kB
Cached:          1047432 kB
SwapCached:            0 kB
Active:          1328208 kB
Inactive:         721200 kB
Active(anon):     815272 kB
Inactive(anon):   208336 kB
Active(file):     512936 kB
Inactive(file):   512864 kB
Unevictable:       12768 kB
Mlocked:               0 kB
SwapTotal:        720184 kB
SwapFree:         720156 kB
Dirty:               188 kB
Writeback:             0 kB
AnonPages:        988636 kB
Mapped:           688820 kB
Shmem:             35072 kB
Slab:             117268 kB
SReclaimable:      36016 kB
SUnreclaim:        81252 kB
KernelStack:       34160 kB
PageTables:        56440 kB
NFS_Unstable:          0 kB
Bounce:                0 kB
WritebackTmp:          0 kB
CommitLimit:     2172840 kB
Committed_AS:   91863576 kB
VmallocTotal:   251658176 kB
VmallocUsed:      138776 kB
VmallocChunk:   251420204 kB
Time pass: 157 sec

---2015-12-09 10:41:11
MemTotal:        2905316 kB
MemFree:           68008 kB
Buffers:           26120 kB
Cached:          1047540 kB
SwapCached:            0 kB
Active:          1328936 kB
Inactive:         721124 kB
Active(anon):     815992 kB
Inactive(anon):   208300 kB
Active(file):     512944 kB
Inactive(file):   512824 kB
Unevictable:       12768 kB
Mlocked:               0 kB
SwapTotal:        720184 kB
SwapFree:         720156 kB
Dirty:                 0 kB
Writeback:             0 kB
AnonPages:        989160 kB
Mapped:           688944 kB
Shmem:             35124 kB
Slab:             117140 kB
SReclaimable:      35888 kB
SUnreclaim:        81252 kB
KernelStack:       34192 kB
PageTables:        56468 kB
NFS_Unstable:          0 kB
Bounce:                0 kB
WritebackTmp:          0 kB
CommitLimit:     2172840 kB
Committed_AS:   91863624 kB
VmallocTotal:   251658176 kB
VmallocUsed:      138776 kB
VmallocChunk:   251420204 kB
Time pass: 161 sec

---2015-12-09 10:41:11
MemTotal:        2905316 kB
MemFree:           67080 kB
Buffers:           26128 kB
Cached:          1047600 kB
SwapCached:            0 kB
Active:          1329880 kB
Inactive:         721184 kB
Active(anon):     816928 kB
Inactive(anon):   208348 kB
Active(file):     512952 kB
Inactive(file):   512836 kB
Unevictable:       12768 kB
Mlocked:               0 kB
SwapTotal:        720184 kB
SwapFree:         720156 kB
Dirty:                92 kB
Writeback:             0 kB
AnonPages:        990132 kB
Mapped:           689056 kB
Shmem:             35172 kB
Slab:             117136 kB
SReclaimable:      35888 kB
SUnreclaim:        81248 kB
KernelStack:       34256 kB
PageTables:        56496 kB
NFS_Unstable:          0 kB
Bounce:                0 kB
WritebackTmp:          0 kB
CommitLimit:     2172840 kB
Committed_AS:   91863624 kB
VmallocTotal:   251658176 kB
VmallocUsed:      138776 kB
VmallocChunk:   251420204 kB
Time pass: 164 sec

---2015-12-09 10:41:11
MemTotal:        2905316 kB
MemFree:           66728 kB
Buffers:           26136 kB
Cached:          1047672 kB
SwapCached:            0 kB
Active:          1330208 kB
Inactive:         721248 kB
Active(anon):     817240 kB
Inactive(anon):   208364 kB
Active(file):     512968 kB
Inactive(file):   512884 kB
Unevictable:       12768 kB
Mlocked:               0 kB
SwapTotal:        720184 kB
SwapFree:         720156 kB
Dirty:                64 kB
Writeback:             0 kB
AnonPages:        990300 kB
Mapped:           689084 kB
Shmem:             35188 kB
Slab:             117128 kB
SReclaimable:      35888 kB
SUnreclaim:        81240 kB
KernelStack:       34208 kB
PageTables:        56492 kB
NFS_Unstable:          0 kB
Bounce:                0 kB
WritebackTmp:          0 kB
CommitLimit:     2172840 kB
Committed_AS:   91863588 kB
VmallocTotal:   251658176 kB
VmallocUsed:      138776 kB
VmallocChunk:   251420204 kB
Time pass: 168 sec

---2015-12-09 10:41:11
MemTotal:        2905316 kB
MemFree:           73472 kB
Buffers:           26144 kB
Cached:          1047404 kB
SwapCached:            0 kB
Active:          1323276 kB
Inactive:         720964 kB
Active(anon):     810280 kB
Inactive(anon):   208076 kB
Active(file):     512996 kB
Inactive(file):   512888 kB
Unevictable:       12768 kB
Mlocked:               0 kB
SwapTotal:        720184 kB
SwapFree:         720156 kB
Dirty:                76 kB
Writeback:             0 kB
AnonPages:        983428 kB
Mapped:           689292 kB
Shmem:             34896 kB
Slab:             117128 kB
SReclaimable:      35888 kB
SUnreclaim:        81240 kB
KernelStack:       33968 kB
PageTables:        56768 kB
NFS_Unstable:          0 kB
Bounce:                0 kB
WritebackTmp:          0 kB
CommitLimit:     2172840 kB
Committed_AS:   92563256 kB
VmallocTotal:   251658176 kB
VmallocUsed:      139796 kB
VmallocChunk:   251420204 kB
Time pass: 172 sec

---2015-12-09 10:41:11
MemTotal:        2905316 kB
MemFree:           74116 kB
Buffers:           26144 kB
Cached:          1047412 kB
SwapCached:            0 kB
Active:          1323372 kB
Inactive:         720964 kB
Active(anon):     810368 kB
Inactive(anon):   208076 kB
Active(file):     513004 kB
Inactive(file):   512888 kB
Unevictable:       12768 kB
Mlocked:               0 kB
SwapTotal:        720184 kB
SwapFree:         720156 kB
Dirty:                88 kB
Writeback:             0 kB
AnonPages:        983608 kB
Mapped:           689308 kB
Shmem:             34896 kB
Slab:             117128 kB
SReclaimable:      35888 kB
SUnreclaim:        81240 kB
KernelStack:       33920 kB
PageTables:        56760 kB
NFS_Unstable:          0 kB
Bounce:                0 kB
WritebackTmp:          0 kB
CommitLimit:     2172840 kB
Committed_AS:   92563152 kB
VmallocTotal:   251658176 kB
VmallocUsed:      139764 kB
VmallocChunk:   251420204 kB
Time pass: 176 sec

---2015-12-09 10:41:11
MemTotal:        2905316 kB
MemFree:           73924 kB
Buffers:           26152 kB
Cached:          1047416 kB
SwapCached:            0 kB
Active:          1323552 kB
Inactive:         720972 kB
Active(anon):     810544 kB
Inactive(anon):   208076 kB
Active(file):     513008 kB
Inactive(file):   512896 kB
Unevictable:       12768 kB
Mlocked:               0 kB
SwapTotal:        720184 kB
SwapFree:         720156 kB
Dirty:                48 kB
Writeback:             0 kB
AnonPages:        984016 kB
Mapped:           689300 kB
Shmem:             34896 kB
Slab:             117128 kB
SReclaimable:      35888 kB
SUnreclaim:        81240 kB
KernelStack:       33952 kB
PageTables:        56792 kB
NFS_Unstable:          0 kB
Bounce:                0 kB
WritebackTmp:          0 kB
CommitLimit:     2172840 kB
Committed_AS:   92590020 kB
VmallocTotal:   251658176 kB
VmallocUsed:      139764 kB
VmallocChunk:   251420204 kB
Time pass: 180 sec

---2015-12-09 10:41:11
MemTotal:        2905316 kB
MemFree:           73952 kB
Buffers:           26160 kB
Cached:          1047484 kB
SwapCached:            0 kB
Active:          1323760 kB
Inactive:         721032 kB
Active(anon):     810752 kB
Inactive(anon):   208136 kB
Active(file):     513008 kB
Inactive(file):   512896 kB
Unevictable:       12768 kB
Mlocked:               0 kB
SwapTotal:        720184 kB
SwapFree:         720156 kB
Dirty:                36 kB
Writeback:             0 kB
AnonPages:        983940 kB
Mapped:           689364 kB
Shmem:             34956 kB
Slab:             117128 kB
SReclaimable:      35888 kB
SUnreclaim:        81240 kB
KernelStack:       33952 kB
PageTables:        56844 kB
NFS_Unstable:          0 kB
Bounce:                0 kB
WritebackTmp:          0 kB
CommitLimit:     2172840 kB
Committed_AS:   92590020 kB
VmallocTotal:   251658176 kB
VmallocUsed:      139764 kB
VmallocChunk:   251420204 kB
Time pass: 183 sec

---2015-12-09 10:41:11
MemTotal:        2905316 kB
MemFree:           63144 kB
Buffers:           26168 kB
Cached:          1047492 kB
SwapCached:            0 kB
Active:          1331536 kB
Inactive:         721048 kB
Active(anon):     818512 kB
Inactive(anon):   208136 kB
Active(file):     513024 kB
Inactive(file):   512912 kB
Unevictable:       12768 kB
Mlocked:               0 kB
SwapTotal:        720184 kB
SwapFree:         720156 kB
Dirty:                56 kB
Writeback:             0 kB
AnonPages:        991664 kB
Mapped:           692484 kB
Shmem:             34956 kB
Slab:             117128 kB
SReclaimable:      35888 kB
SUnreclaim:        81240 kB
KernelStack:       34000 kB
PageTables:        56844 kB
NFS_Unstable:          0 kB
Bounce:                0 kB
WritebackTmp:          0 kB
CommitLimit:     2172840 kB
Committed_AS:   92590140 kB
VmallocTotal:   251658176 kB
VmallocUsed:      137380 kB
VmallocChunk:   251420204 kB
Time pass: 187 sec

---2015-12-09 10:41:11
MemTotal:        2905316 kB
MemFree:           69312 kB
Buffers:           26100 kB
Cached:          1041744 kB
SwapCached:            0 kB
Active:          1333580 kB
Inactive:         717244 kB
Active(anon):     822688 kB
Inactive(anon):   208204 kB
Active(file):     510892 kB
Inactive(file):   509040 kB
Unevictable:       12768 kB
Mlocked:               0 kB
SwapTotal:        720184 kB
SwapFree:         720156 kB
Dirty:                56 kB
Writeback:             0 kB
AnonPages:        995984 kB
Mapped:           687824 kB
Shmem:             35140 kB
Slab:             117084 kB
SReclaimable:      35872 kB
SUnreclaim:        81212 kB
KernelStack:       34272 kB
PageTables:        57052 kB
NFS_Unstable:          0 kB
Bounce:                0 kB
WritebackTmp:          0 kB
CommitLimit:     2172840 kB
Committed_AS:   92624644 kB
VmallocTotal:   251658176 kB
VmallocUsed:      139796 kB
VmallocChunk:   251420204 kB
Time pass: 191 sec

---2015-12-09 10:41:11
MemTotal:        2905316 kB
MemFree:           77360 kB
Buffers:           25948 kB
Cached:          1017368 kB
SwapCached:            0 kB
Active:          1321256 kB
Inactive:         705552 kB
Active(anon):     823864 kB
Inactive(anon):   207208 kB
Active(file):     497392 kB
Inactive(file):   498344 kB
Unevictable:       12768 kB
Mlocked:               0 kB
SwapTotal:        720184 kB
SwapFree:         719616 kB
Dirty:               136 kB
Writeback:             0 kB
AnonPages:        996436 kB
Mapped:           682420 kB
Shmem:             34812 kB
Slab:             116820 kB
SReclaimable:      35616 kB
SUnreclaim:        81204 kB
KernelStack:       34272 kB
PageTables:        57192 kB
NFS_Unstable:          0 kB
Bounce:                0 kB
WritebackTmp:          0 kB
CommitLimit:     2172840 kB
Committed_AS:   92624608 kB
VmallocTotal:   251658176 kB
VmallocUsed:      139796 kB
VmallocChunk:   251420204 kB
Time pass: 195 sec

---2015-12-09 10:41:11
MemTotal:        2905316 kB
MemFree:           76624 kB
Buffers:           25956 kB
Cached:          1017384 kB
SwapCached:            0 kB
Active:          1322572 kB
Inactive:         705564 kB
Active(anon):     825168 kB
Inactive(anon):   207212 kB
Active(file):     497404 kB
Inactive(file):   498352 kB
Unevictable:       12768 kB
Mlocked:               0 kB
SwapTotal:        720184 kB
SwapFree:         719616 kB
Dirty:               100 kB
Writeback:             0 kB
AnonPages:        997732 kB
Mapped:           682408 kB
Shmem:             34816 kB
Slab:             116884 kB
SReclaimable:      35680 kB
SUnreclaim:        81204 kB
KernelStack:       34304 kB
PageTables:        57184 kB
NFS_Unstable:          0 kB
Bounce:                0 kB
WritebackTmp:          0 kB
CommitLimit:     2172840 kB
Committed_AS:   92624600 kB
VmallocTotal:   251658176 kB
VmallocUsed:      139796 kB
VmallocChunk:   251420204 kB
Time pass: 199 sec

---2015-12-09 10:41:11
MemTotal:        2905316 kB
MemFree:           68232 kB
Buffers:           25988 kB
Cached:          1018188 kB
SwapCached:            0 kB
Active:          1329212 kB
Inactive:         706380 kB
Active(anon):     831792 kB
Inactive(anon):   207956 kB
Active(file):     497420 kB
Inactive(file):   498424 kB
Unevictable:       12768 kB
Mlocked:               0 kB
SwapTotal:        720184 kB
SwapFree:         719616 kB
Dirty:               152 kB
Writeback:             0 kB
AnonPages:       1004280 kB
Mapped:           683228 kB
Shmem:             35560 kB
Slab:             116884 kB
SReclaimable:      35680 kB
SUnreclaim:        81204 kB
KernelStack:       34336 kB
PageTables:        57192 kB
NFS_Unstable:          0 kB
Bounce:                0 kB
WritebackTmp:          0 kB
CommitLimit:     2172840 kB
Committed_AS:   92633096 kB
VmallocTotal:   251658176 kB
VmallocUsed:      139796 kB
VmallocChunk:   251420204 kB
Time pass: 202 sec

---2015-12-09 10:41:11
MemTotal:        2905316 kB
MemFree:           71812 kB
Buffers:           25988 kB
Cached:          1017280 kB
SwapCached:            0 kB
Active:          1328256 kB
Inactive:         705428 kB
Active(anon):     830788 kB
Inactive(anon):   206964 kB
Active(file):     497468 kB
Inactive(file):   498464 kB
Unevictable:       12768 kB
Mlocked:               0 kB
SwapTotal:        720184 kB
SwapFree:         719616 kB
Dirty:                 0 kB
Writeback:             0 kB
AnonPages:       1003280 kB
Mapped:           682244 kB
Shmem:             34568 kB
Slab:             116884 kB
SReclaimable:      35680 kB
SUnreclaim:        81204 kB
KernelStack:       34304 kB
PageTables:        57028 kB
NFS_Unstable:          0 kB
Bounce:                0 kB
WritebackTmp:          0 kB
CommitLimit:     2172840 kB
Committed_AS:   92638812 kB
VmallocTotal:   251658176 kB
VmallocUsed:      139796 kB
VmallocChunk:   251420204 kB
Time pass: 206 sec

---2015-12-09 10:41:11
MemTotal:        2905316 kB
MemFree:           70000 kB
Buffers:           26004 kB
Cached:          1017364 kB
SwapCached:            0 kB
Active:          1329828 kB
Inactive:         705520 kB
Active(anon):     832356 kB
Inactive(anon):   207036 kB
Active(file):     497472 kB
Inactive(file):   498484 kB
Unevictable:       12768 kB
Mlocked:               0 kB
SwapTotal:        720184 kB
SwapFree:         719616 kB
Dirty:               104 kB
Writeback:             0 kB
AnonPages:       1004924 kB
Mapped:           682392 kB
Shmem:             34640 kB
Slab:             116884 kB
SReclaimable:      35680 kB
SUnreclaim:        81204 kB
KernelStack:       34304 kB
PageTables:        57100 kB
NFS_Unstable:          0 kB
Bounce:                0 kB
WritebackTmp:          0 kB
CommitLimit:     2172840 kB
Committed_AS:   92665664 kB
VmallocTotal:   251658176 kB
VmallocUsed:      139796 kB
VmallocChunk:   251420204 kB
Time pass: 210 sec

---2015-12-09 10:41:11
MemTotal:        2905316 kB
MemFree:           63288 kB
Buffers:           26008 kB
Cached:          1018000 kB
SwapCached:            0 kB
Active:          1332100 kB
Inactive:         705788 kB
Active(anon):     834476 kB
Inactive(anon):   207052 kB
Active(file):     497624 kB
Inactive(file):   498736 kB
Unevictable:       12768 kB
Mlocked:               0 kB
SwapTotal:        720184 kB
SwapFree:         719616 kB
Dirty:                24 kB
Writeback:             0 kB
AnonPages:       1006848 kB
Mapped:           682492 kB
Shmem:             34660 kB
Slab:             120520 kB
SReclaimable:      39008 kB
SUnreclaim:        81512 kB
KernelStack:       34336 kB
PageTables:        57200 kB
NFS_Unstable:          0 kB
Bounce:                0 kB
WritebackTmp:          0 kB
CommitLimit:     2172840 kB
Committed_AS:   92677184 kB
VmallocTotal:   251658176 kB
VmallocUsed:      140816 kB
VmallocChunk:   251420204 kB
Time pass: 214 sec

---2015-12-09 10:41:11
MemTotal:        2905316 kB
MemFree:           70328 kB
Buffers:           26020 kB
Cached:          1011024 kB
SwapCached:            0 kB
Active:          1327260 kB
Inactive:         703492 kB
Active(anon):     832544 kB
Inactive(anon):   208516 kB
Active(file):     494716 kB
Inactive(file):   494976 kB
Unevictable:       12768 kB
Mlocked:               0 kB
SwapTotal:        720184 kB
SwapFree:         719416 kB
Dirty:                48 kB
Writeback:             0 kB
AnonPages:       1006492 kB
Mapped:           682532 kB
Shmem:             34460 kB
Slab:             120948 kB
SReclaimable:      39576 kB
SUnreclaim:        81372 kB
KernelStack:       34336 kB
PageTables:        57172 kB
NFS_Unstable:          0 kB
Bounce:                0 kB
WritebackTmp:          0 kB
CommitLimit:     2172840 kB
Committed_AS:   92671552 kB
VmallocTotal:   251658176 kB
VmallocUsed:      139796 kB
VmallocChunk:   251420204 kB
Time pass: 218 sec

---2015-12-09 10:41:11
MemTotal:        2905316 kB
MemFree:           71300 kB
Buffers:           26028 kB
Cached:          1011100 kB
SwapCached:            0 kB
Active:          1326336 kB
Inactive:         703664 kB
Active(anon):     831584 kB
Inactive(anon):   208516 kB
Active(file):     494752 kB
Inactive(file):   495148 kB
Unevictable:       12768 kB
Mlocked:               0 kB
SwapTotal:        720184 kB
SwapFree:         719416 kB
Dirty:                 0 kB
Writeback:             0 kB
AnonPages:       1005640 kB
Mapped:           682612 kB
Shmem:             34460 kB
Slab:             121164 kB
SReclaimable:      39624 kB
SUnreclaim:        81540 kB
KernelStack:       34272 kB
PageTables:        57088 kB
NFS_Unstable:          0 kB
Bounce:                0 kB
WritebackTmp:          0 kB
CommitLimit:     2172840 kB
Committed_AS:   92665592 kB
VmallocTotal:   251658176 kB
VmallocUsed:      139796 kB
VmallocChunk:   251420204 kB
Time pass: 221 sec

---2015-12-09 10:41:11
MemTotal:        2905316 kB
MemFree:           71544 kB
Buffers:           26036 kB
Cached:          1011108 kB
SwapCached:            0 kB
Active:          1326504 kB
Inactive:         703676 kB
Active(anon):     831748 kB
Inactive(anon):   208520 kB
Active(file):     494756 kB
Inactive(file):   495156 kB
Unevictable:       12768 kB
Mlocked:               0 kB
SwapTotal:        720184 kB
SwapFree:         719416 kB
Dirty:                80 kB
Writeback:             0 kB
AnonPages:       1006204 kB
Mapped:           682624 kB
Shmem:             34464 kB
Slab:             121164 kB
SReclaimable:      39624 kB
SUnreclaim:        81540 kB
KernelStack:       34224 kB
PageTables:        57084 kB
NFS_Unstable:          0 kB
Bounce:                0 kB
WritebackTmp:          0 kB
CommitLimit:     2172840 kB
Committed_AS:   92665640 kB
VmallocTotal:   251658176 kB
VmallocUsed:      139796 kB
VmallocChunk:   251420204 kB
Time pass: 225 sec

---2015-12-09 10:41:11
MemTotal:        2905316 kB
MemFree:           70372 kB
Buffers:           26036 kB
Cached:          1011116 kB
SwapCached:            0 kB
Active:          1327000 kB
Inactive:         703676 kB
Active(anon):     832236 kB
Inactive(anon):   208520 kB
Active(file):     494764 kB
Inactive(file):   495156 kB
Unevictable:       12768 kB
Mlocked:               0 kB
SwapTotal:        720184 kB
SwapFree:         719416 kB
Dirty:                76 kB
Writeback:             0 kB
AnonPages:       1006352 kB
Mapped:           682692 kB
Shmem:             34464 kB
Slab:             121144 kB
SReclaimable:      39624 kB
SUnreclaim:        81520 kB
KernelStack:       34224 kB
PageTables:        57104 kB
NFS_Unstable:          0 kB
Bounce:                0 kB
WritebackTmp:          0 kB
CommitLimit:     2172840 kB
Committed_AS:   92665628 kB
VmallocTotal:   251658176 kB
VmallocUsed:      139796 kB
VmallocChunk:   251420204 kB
Time pass: 229 sec

---2015-12-09 10:41:11
MemTotal:        2905316 kB
MemFree:           70180 kB
Buffers:           26044 kB
Cached:          1011120 kB
SwapCached:            0 kB
Active:          1327168 kB
Inactive:         703684 kB
Active(anon):     832400 kB
Inactive(anon):   208520 kB
Active(file):     494768 kB
Inactive(file):   495164 kB
Unevictable:       12768 kB
Mlocked:               0 kB
SwapTotal:        720184 kB
SwapFree:         719416 kB
Dirty:                12 kB
Writeback:             0 kB
AnonPages:       1006504 kB
Mapped:           682696 kB
Shmem:             34464 kB
Slab:             121144 kB
SReclaimable:      39624 kB
SUnreclaim:        81520 kB
KernelStack:       34192 kB
PageTables:        57104 kB
NFS_Unstable:          0 kB
Bounce:                0 kB
WritebackTmp:          0 kB
CommitLimit:     2172840 kB
Committed_AS:   92665616 kB
VmallocTotal:   251658176 kB
VmallocUsed:      139796 kB
VmallocChunk:   251420204 kB
Time pass: 233 sec

---2015-12-09 10:41:11
MemTotal:        2905316 kB
MemFree:           70084 kB
Buffers:           26052 kB
Cached:          1011124 kB
SwapCached:            0 kB
Active:          1327780 kB
Inactive:         703684 kB
Active(anon):     833008 kB
Inactive(anon):   208520 kB
Active(file):     494772 kB
Inactive(file):   495164 kB
Unevictable:       12768 kB
Mlocked:               0 kB
SwapTotal:        720184 kB
SwapFree:         719416 kB
Dirty:                36 kB
Writeback:             0 kB
AnonPages:       1007160 kB
Mapped:           682712 kB
Shmem:             34464 kB
Slab:             121144 kB
SReclaimable:      39624 kB
SUnreclaim:        81520 kB
KernelStack:       34208 kB
PageTables:        57124 kB
NFS_Unstable:          0 kB
Bounce:                0 kB
WritebackTmp:          0 kB
CommitLimit:     2172840 kB
Committed_AS:   92665628 kB
VmallocTotal:   251658176 kB
VmallocUsed:      139796 kB
VmallocChunk:   251420204 kB
Time pass: 237 sec

---2015-12-09 10:41:11
MemTotal:        2905316 kB
MemFree:           73296 kB
Buffers:           26084 kB
Cached:          1011212 kB
SwapCached:            0 kB
Active:          1324412 kB
Inactive:         703740 kB
Active(anon):     829612 kB
Inactive(anon):   208532 kB
Active(file):     494800 kB
Inactive(file):   495208 kB
Unevictable:       12768 kB
Mlocked:               0 kB
SwapTotal:        720184 kB
SwapFree:         719416 kB
Dirty:               140 kB
Writeback:             0 kB
AnonPages:       1003776 kB
Mapped:           682664 kB
Shmem:             34512 kB
Slab:             121156 kB
SReclaimable:      39624 kB
SUnreclaim:        81532 kB
KernelStack:       34240 kB
PageTables:        57132 kB
NFS_Unstable:          0 kB
Bounce:                0 kB
WritebackTmp:          0 kB
CommitLimit:     2172840 kB
Committed_AS:   92694920 kB
VmallocTotal:   251658176 kB
VmallocUsed:      139796 kB
VmallocChunk:   251420204 kB
Time pass: 240 sec

---2015-12-09 10:41:11
MemTotal:        2905316 kB
MemFree:           71652 kB
Buffers:           26084 kB
Cached:          1011464 kB
SwapCached:            0 kB
Active:          1325236 kB
Inactive:         704016 kB
Active(anon):     830420 kB
Inactive(anon):   208740 kB
Active(file):     494816 kB
Inactive(file):   495276 kB
Unevictable:       12768 kB
Mlocked:               0 kB
SwapTotal:        720184 kB
SwapFree:         719416 kB
Dirty:                16 kB
Writeback:             0 kB
AnonPages:       1004460 kB
Mapped:           682888 kB
Shmem:             34684 kB
Slab:             121160 kB
SReclaimable:      39640 kB
SUnreclaim:        81520 kB
KernelStack:       34240 kB
PageTables:        57192 kB
NFS_Unstable:          0 kB
Bounce:                0 kB
WritebackTmp:          0 kB
CommitLimit:     2172840 kB
Committed_AS:   92694896 kB
VmallocTotal:   251658176 kB
VmallocUsed:      139796 kB
VmallocChunk:   251420204 kB
Time pass: 244 sec

---2015-12-09 10:41:11
MemTotal:        2905316 kB
MemFree:           71388 kB
Buffers:           26092 kB
Cached:          1011540 kB
SwapCached:            0 kB
Active:          1326024 kB
Inactive:         704092 kB
Active(anon):     831196 kB
Inactive(anon):   208800 kB
Active(file):     494828 kB
Inactive(file):   495292 kB
Unevictable:       12768 kB
Mlocked:               0 kB
SwapTotal:        720184 kB
SwapFree:         719416 kB
Dirty:                84 kB
Writeback:             0 kB
AnonPages:       1005228 kB
Mapped:           682988 kB
Shmem:             34744 kB
Slab:             121128 kB
SReclaimable:      39640 kB
SUnreclaim:        81488 kB
KernelStack:       34240 kB
PageTables:        57188 kB
NFS_Unstable:          0 kB
Bounce:                0 kB
WritebackTmp:          0 kB
CommitLimit:     2172840 kB
Committed_AS:   92694884 kB
VmallocTotal:   251658176 kB
VmallocUsed:      139796 kB
VmallocChunk:   251420204 kB
Time pass: 248 sec

---2015-12-09 10:41:11
MemTotal:        2905316 kB
MemFree:           70068 kB
Buffers:           26100 kB
Cached:          1011616 kB
SwapCached:            0 kB
Active:          1326952 kB
Inactive:         704144 kB
Active(anon):     832092 kB
Inactive(anon):   208824 kB
Active(file):     494860 kB
Inactive(file):   495320 kB
Unevictable:       12768 kB
Mlocked:               0 kB
SwapTotal:        720184 kB
SwapFree:         719416 kB
Dirty:               144 kB
Writeback:             0 kB
AnonPages:       1006168 kB
Mapped:           683024 kB
Shmem:             34768 kB
Slab:             121064 kB
SReclaimable:      39640 kB
SUnreclaim:        81424 kB
KernelStack:       34096 kB
PageTables:        57184 kB
NFS_Unstable:          0 kB
Bounce:                0 kB
WritebackTmp:          0 kB
CommitLimit:     2172840 kB
Committed_AS:   92694852 kB
VmallocTotal:   251658176 kB
VmallocUsed:      139796 kB
VmallocChunk:   251420204 kB
Time pass: 252 sec

---2015-12-09 10:41:11
MemTotal:        2905316 kB
MemFree:           69328 kB
Buffers:           26140 kB
Cached:          1009620 kB
SwapCached:            0 kB
Active:          1332184 kB
Inactive:         703984 kB
Active(anon):     837896 kB
Inactive(anon):   209828 kB
Active(file):     494288 kB
Inactive(file):   494156 kB
Unevictable:       12768 kB
Mlocked:               0 kB
SwapTotal:        720184 kB
SwapFree:         719416 kB
Dirty:               132 kB
Writeback:             0 kB
AnonPages:       1013084 kB
Mapped:           682808 kB
Shmem:             34548 kB
Slab:             117180 kB
SReclaimable:      35948 kB
SUnreclaim:        81232 kB
KernelStack:       34144 kB
PageTables:        57200 kB
NFS_Unstable:          0 kB
Bounce:                0 kB
WritebackTmp:          0 kB
CommitLimit:     2172840 kB
Committed_AS:   92704856 kB
VmallocTotal:   251658176 kB
VmallocUsed:      139796 kB
VmallocChunk:   251420204 kB
Time pass: 256 sec

---2015-12-09 10:41:11
MemTotal:        2905316 kB
MemFree:           69828 kB
Buffers:           26140 kB
Cached:          1009656 kB
SwapCached:            0 kB
Active:          1332032 kB
Inactive:         703908 kB
Active(anon):     837704 kB
Inactive(anon):   209700 kB
Active(file):     494328 kB
Inactive(file):   494208 kB
Unevictable:       12768 kB
Mlocked:               0 kB
SwapTotal:        720184 kB
SwapFree:         719416 kB
Dirty:                12 kB
Writeback:             0 kB
AnonPages:       1013000 kB
Mapped:           682760 kB
Shmem:             34492 kB
Slab:             116556 kB
SReclaimable:      35920 kB
SUnreclaim:        80636 kB
KernelStack:       34160 kB
PageTables:        57168 kB
NFS_Unstable:          0 kB
Bounce:                0 kB
WritebackTmp:          0 kB
CommitLimit:     2172840 kB
Committed_AS:   92704896 kB
VmallocTotal:   251658176 kB
VmallocUsed:      139796 kB
VmallocChunk:   251420204 kB
Time pass: 259 sec

---2015-12-09 10:41:11
MemTotal:        2905316 kB
MemFree:           68340 kB
Buffers:           26164 kB
Cached:          1009696 kB
SwapCached:            0 kB
Active:          1333820 kB
Inactive:         703956 kB
Active(anon):     839476 kB
Inactive(anon):   209708 kB
Active(file):     494344 kB
Inactive(file):   494248 kB
Unevictable:       12768 kB
Mlocked:               0 kB
SwapTotal:        720184 kB
SwapFree:         719416 kB
Dirty:                92 kB
Writeback:             0 kB
AnonPages:       1014664 kB
Mapped:           682844 kB
Shmem:             34500 kB
Slab:             116476 kB
SReclaimable:      35920 kB
SUnreclaim:        80556 kB
KernelStack:       34160 kB
PageTables:        57188 kB
NFS_Unstable:          0 kB
Bounce:                0 kB
WritebackTmp:          0 kB
CommitLimit:     2172840 kB
Committed_AS:   92704964 kB
VmallocTotal:   251658176 kB
VmallocUsed:      139796 kB
VmallocChunk:   251420204 kB
Time pass: 263 sec

---2015-12-09 10:41:11
MemTotal:        2905316 kB
MemFree:           72232 kB
Buffers:           26164 kB
Cached:          1009768 kB
SwapCached:            0 kB
Active:          1330112 kB
Inactive:         704012 kB
Active(anon):     835756 kB
Inactive(anon):   209712 kB
Active(file):     494356 kB
Inactive(file):   494300 kB
Unevictable:       12768 kB
Mlocked:               0 kB
SwapTotal:        720184 kB
SwapFree:         719416 kB
Dirty:               104 kB
Writeback:             0 kB
AnonPages:       1011028 kB
Mapped:           682824 kB
Shmem:             34508 kB
Slab:             116440 kB
SReclaimable:      35920 kB
SUnreclaim:        80520 kB
KernelStack:       34128 kB
PageTables:        57164 kB
NFS_Unstable:          0 kB
Bounce:                0 kB
WritebackTmp:          0 kB
CommitLimit:     2172840 kB
Committed_AS:   92704928 kB
VmallocTotal:   251658176 kB
VmallocUsed:      139796 kB
VmallocChunk:   251420204 kB
Time pass: 267 sec

---2015-12-09 10:41:11
MemTotal:        2905316 kB
MemFree:           76472 kB
Buffers:           26172 kB
Cached:          1009844 kB
SwapCached:            0 kB
Active:          1325276 kB
Inactive:         704088 kB
Active(anon):     830912 kB
Inactive(anon):   209776 kB
Active(file):     494364 kB
Inactive(file):   494312 kB
Unevictable:       12768 kB
Mlocked:               0 kB
SwapTotal:        720184 kB
SwapFree:         719416 kB
Dirty:                72 kB
Writeback:             0 kB
AnonPages:       1006268 kB
Mapped:           682948 kB
Shmem:             34572 kB
Slab:             116440 kB
SReclaimable:      35920 kB
SUnreclaim:        80520 kB
KernelStack:       34144 kB
PageTables:        57248 kB
NFS_Unstable:          0 kB
Bounce:                0 kB
WritebackTmp:          0 kB
CommitLimit:     2172840 kB
Committed_AS:   92731868 kB
VmallocTotal:   251658176 kB
VmallocUsed:      139796 kB
VmallocChunk:   251420204 kB
Time pass: 270 sec

---2015-12-09 10:41:11
MemTotal:        2905316 kB
MemFree:           76188 kB
Buffers:           26196 kB
Cached:          1009840 kB
SwapCached:            0 kB
Active:          1325844 kB
Inactive:         704096 kB
Active(anon):     831468 kB
Inactive(anon):   209776 kB
Active(file):     494376 kB
Inactive(file):   494320 kB
Unevictable:       12768 kB
Mlocked:               0 kB
SwapTotal:        720184 kB
SwapFree:         719416 kB
Dirty:                44 kB
Writeback:             0 kB
AnonPages:       1006632 kB
Mapped:           682896 kB
Shmem:             34572 kB
Slab:             116376 kB
SReclaimable:      35920 kB
SUnreclaim:        80456 kB
KernelStack:       34160 kB
PageTables:        57224 kB
NFS_Unstable:          0 kB
Bounce:                0 kB
WritebackTmp:          0 kB
CommitLimit:     2172840 kB
Committed_AS:   92731844 kB
VmallocTotal:   251658176 kB
VmallocUsed:      139796 kB
VmallocChunk:   251420204 kB
Time pass: 274 sec

---2015-12-09 10:41:11
MemTotal:        2905316 kB
MemFree:           75672 kB
Buffers:           26196 kB
Cached:          1009896 kB
SwapCached:            0 kB
Active:          1326116 kB
Inactive:         704132 kB
Active(anon):     831720 kB
Inactive(anon):   209776 kB
Active(file):     494396 kB
Inactive(file):   494356 kB
Unevictable:       12768 kB
Mlocked:               0 kB
SwapTotal:        720184 kB
SwapFree:         719416 kB
Dirty:                 4 kB
Writeback:             0 kB
AnonPages:       1006692 kB
Mapped:           682904 kB
Shmem:             34572 kB
Slab:             116384 kB
SReclaimable:      35920 kB
SUnreclaim:        80464 kB
KernelStack:       34144 kB
PageTables:        57224 kB
NFS_Unstable:          0 kB
Bounce:                0 kB
WritebackTmp:          0 kB
CommitLimit:     2172840 kB
Committed_AS:   92731820 kB
VmallocTotal:   251658176 kB
VmallocUsed:      139796 kB
VmallocChunk:   251420204 kB
Time pass: 278 sec

---2015-12-09 10:41:11
MemTotal:        2905316 kB
MemFree:           74616 kB
Buffers:           26212 kB
Cached:          1009904 kB
SwapCached:            0 kB
Active:          1327596 kB
Inactive:         704152 kB
Active(anon):     833196 kB
Inactive(anon):   209776 kB
Active(file):     494400 kB
Inactive(file):   494376 kB
Unevictable:       12768 kB
Mlocked:               0 kB
SwapTotal:        720184 kB
SwapFree:         719416 kB
Dirty:                88 kB
Writeback:             0 kB
AnonPages:       1008376 kB
Mapped:           682920 kB
Shmem:             34572 kB
Slab:             116380 kB
SReclaimable:      35920 kB
SUnreclaim:        80460 kB
KernelStack:       34112 kB
PageTables:        57224 kB
NFS_Unstable:          0 kB
Bounce:                0 kB
WritebackTmp:          0 kB
CommitLimit:     2172840 kB
Committed_AS:   92731844 kB
VmallocTotal:   251658176 kB
VmallocUsed:      139796 kB
VmallocChunk:   251420204 kB
Time pass: 282 sec

---2015-12-09 10:41:11
MemTotal:        2905316 kB
MemFree:           72704 kB
Buffers:           26212 kB
Cached:          1009956 kB
SwapCached:            0 kB
Active:          1328988 kB
Inactive:         704196 kB
Active(anon):     834580 kB
Inactive(anon):   209788 kB
Active(file):     494408 kB
Inactive(file):   494408 kB
Unevictable:       12768 kB
Mlocked:               0 kB
SwapTotal:        720184 kB
SwapFree:         719416 kB
Dirty:                 8 kB
Writeback:             0 kB
AnonPages:       1009896 kB
Mapped:           682936 kB
Shmem:             34584 kB
Slab:             116380 kB
SReclaimable:      35920 kB
SUnreclaim:        80460 kB
KernelStack:       34112 kB
PageTables:        57224 kB
NFS_Unstable:          0 kB
Bounce:                0 kB
WritebackTmp:          0 kB
CommitLimit:     2172840 kB
Committed_AS:   92731856 kB
VmallocTotal:   251658176 kB
VmallocUsed:      139808 kB
VmallocChunk:   251420204 kB
Time pass: 285 sec

---2015-12-09 10:41:11
MemTotal:        2905316 kB
MemFree:           70704 kB
Buffers:           26236 kB
Cached:          1010064 kB
SwapCached:            0 kB
Active:          1330720 kB
Inactive:         704292 kB
Active(anon):     836276 kB
Inactive(anon):   209812 kB
Active(file):     494444 kB
Inactive(file):   494480 kB
Unevictable:       12768 kB
Mlocked:               0 kB
SwapTotal:        720184 kB
SwapFree:         719416 kB
Dirty:                 4 kB
Writeback:             0 kB
AnonPages:       1011680 kB
Mapped:           682976 kB
Shmem:             34608 kB
Slab:             116284 kB
SReclaimable:      35920 kB
SUnreclaim:        80364 kB
KernelStack:       34128 kB
PageTables:        57224 kB
NFS_Unstable:          0 kB
Bounce:                0 kB
WritebackTmp:          0 kB
CommitLimit:     2172840 kB
Committed_AS:   92731808 kB
VmallocTotal:   251658176 kB
VmallocUsed:      139808 kB
VmallocChunk:   251420204 kB
Time pass: 289 sec

---2015-12-09 10:41:11
MemTotal:        2905316 kB
MemFree:           70160 kB
Buffers:           26244 kB
Cached:          1010068 kB
SwapCached:            0 kB
Active:          1330744 kB
Inactive:         704300 kB
Active(anon):     836296 kB
Inactive(anon):   209812 kB
Active(file):     494448 kB
Inactive(file):   494488 kB
Unevictable:       12768 kB
Mlocked:               0 kB
SwapTotal:        720184 kB
SwapFree:         719416 kB
Dirty:                76 kB
Writeback:             0 kB
AnonPages:       1011504 kB
Mapped:           683044 kB
Shmem:             34608 kB
Slab:             116284 kB
SReclaimable:      35920 kB
SUnreclaim:        80364 kB
KernelStack:       34128 kB
PageTables:        57248 kB
NFS_Unstable:          0 kB
Bounce:                0 kB
WritebackTmp:          0 kB
CommitLimit:     2172840 kB
Committed_AS:   92731808 kB
VmallocTotal:   251658176 kB
VmallocUsed:      139808 kB
VmallocChunk:   251420204 kB
Time pass: 293 sec

---2015-12-09 10:41:11
MemTotal:        2905316 kB
MemFree:           69332 kB
Buffers:           26252 kB
Cached:          1010068 kB
SwapCached:            0 kB
Active:          1332052 kB
Inactive:         704300 kB
Active(anon):     837596 kB
Inactive(anon):   209816 kB
Active(file):     494456 kB
Inactive(file):   494484 kB
Unevictable:       12768 kB
Mlocked:               0 kB
SwapTotal:        720184 kB
SwapFree:         719416 kB
Dirty:                12 kB
Writeback:             0 kB
AnonPages:       1012644 kB
Mapped:           683052 kB
Shmem:             34612 kB
Slab:             116284 kB
SReclaimable:      35920 kB
SUnreclaim:        80364 kB
KernelStack:       34128 kB
PageTables:        57244 kB
NFS_Unstable:          0 kB
Bounce:                0 kB
WritebackTmp:          0 kB
CommitLimit:     2172840 kB
Committed_AS:   92731832 kB
VmallocTotal:   251658176 kB
VmallocUsed:      139808 kB
VmallocChunk:   251420204 kB
Time pass: 297 sec

---2015-12-09 10:41:11
MemTotal:        2905316 kB
MemFree:           67356 kB
Buffers:           26268 kB
Cached:          1010160 kB
SwapCached:            0 kB
Active:          1333468 kB
Inactive:         704376 kB
Active(anon):     838996 kB
Inactive(anon):   209812 kB
Active(file):     494472 kB
Inactive(file):   494564 kB
Unevictable:       12768 kB
Mlocked:               0 kB
SwapTotal:        720184 kB
SwapFree:         719416 kB
Dirty:                16 kB
Writeback:             0 kB
AnonPages:       1014244 kB
Mapped:           683072 kB
Shmem:             34624 kB
Slab:             116284 kB
SReclaimable:      35920 kB
SUnreclaim:        80364 kB
KernelStack:       34128 kB
PageTables:        57256 kB
NFS_Unstable:          0 kB
Bounce:                0 kB
WritebackTmp:          0 kB
CommitLimit:     2172840 kB
Committed_AS:   92758468 kB
VmallocTotal:   251658176 kB
VmallocUsed:      139808 kB
VmallocChunk:   251420204 kB
Time pass: 300 sec

---2015-12-09 10:41:11
MemTotal:        2905316 kB
MemFree:           66776 kB
Buffers:           26276 kB
Cached:          1010216 kB
SwapCached:            0 kB
Active:          1333964 kB
Inactive:         704448 kB
Active(anon):     839488 kB
Inactive(anon):   209876 kB
Active(file):     494476 kB
Inactive(file):   494572 kB
Unevictable:       12768 kB
Mlocked:               0 kB
SwapTotal:        720184 kB
SwapFree:         719416 kB
Dirty:                80 kB
Writeback:             0 kB
AnonPages:       1014696 kB
Mapped:           683128 kB
Shmem:             34676 kB
Slab:             116284 kB
SReclaimable:      35920 kB
SUnreclaim:        80364 kB
KernelStack:       34128 kB
PageTables:        57296 kB
NFS_Unstable:          0 kB
Bounce:                0 kB
WritebackTmp:          0 kB
CommitLimit:     2172840 kB
Committed_AS:   92758432 kB
VmallocTotal:   251658176 kB
VmallocUsed:      139808 kB
VmallocChunk:   251420204 kB
Time pass: 304 sec

---2015-12-09 10:41:11
MemTotal:        2905316 kB
MemFree:           66380 kB
Buffers:           26276 kB
Cached:          1010224 kB
SwapCached:            0 kB
Active:          1334176 kB
Inactive:         704448 kB
Active(anon):     839692 kB
Inactive(anon):   209876 kB
Active(file):     494484 kB
Inactive(file):   494572 kB
Unevictable:       12768 kB
Mlocked:               0 kB
SwapTotal:        720184 kB
SwapFree:         719416 kB
Dirty:                20 kB
Writeback:             0 kB
AnonPages:       1015060 kB
Mapped:           683164 kB
Shmem:             34676 kB
Slab:             116284 kB
SReclaimable:      35920 kB
SUnreclaim:        80364 kB
KernelStack:       34080 kB
PageTables:        57300 kB
NFS_Unstable:          0 kB
Bounce:                0 kB
WritebackTmp:          0 kB
CommitLimit:     2172840 kB
Committed_AS:   92758428 kB
VmallocTotal:   251658176 kB
VmallocUsed:      139808 kB
VmallocChunk:   251420204 kB
Time pass: 308 sec

---2015-12-09 10:41:11
MemTotal:        2905316 kB
MemFree:           66108 kB
Buffers:           26300 kB
Cached:          1010264 kB
SwapCached:            0 kB
Active:          1335132 kB
Inactive:         704504 kB
Active(anon):     840640 kB
Inactive(anon):   209880 kB
Active(file):     494492 kB
Inactive(file):   494624 kB
Unevictable:       12768 kB
Mlocked:               0 kB
SwapTotal:        720184 kB
SwapFree:         719416 kB
Dirty:               120 kB
Writeback:             0 kB
AnonPages:       1015876 kB
Mapped:           683180 kB
Shmem:             34680 kB
Slab:             116284 kB
SReclaimable:      35920 kB
SUnreclaim:        80364 kB
KernelStack:       34080 kB
PageTables:        57296 kB
NFS_Unstable:          0 kB
Bounce:                0 kB
WritebackTmp:          0 kB
CommitLimit:     2172840 kB
Committed_AS:   92758384 kB
VmallocTotal:   251658176 kB
VmallocUsed:      139808 kB
VmallocChunk:   251420204 kB
Time pass: 312 sec

---2015-12-09 10:41:11
MemTotal:        2905316 kB
MemFree:           64880 kB
Buffers:           26308 kB
Cached:          1010312 kB
SwapCached:            0 kB
Active:          1336300 kB
Inactive:         704528 kB
Active(anon):     841784 kB
Inactive(anon):   209880 kB
Active(file):     494516 kB
Inactive(file):   494648 kB
Unevictable:       12768 kB
Mlocked:               0 kB
SwapTotal:        720184 kB
SwapFree:         719416 kB
Dirty:                20 kB
Writeback:             0 kB
AnonPages:       1017028 kB
Mapped:           683132 kB
Shmem:             34680 kB
Slab:             116280 kB
SReclaimable:      35920 kB
SUnreclaim:        80360 kB
KernelStack:       34096 kB
PageTables:        57276 kB
NFS_Unstable:          0 kB
Bounce:                0 kB
WritebackTmp:          0 kB
CommitLimit:     2172840 kB
Committed_AS:   92758372 kB
VmallocTotal:   251658176 kB
VmallocUsed:      139808 kB
VmallocChunk:   251420204 kB
Time pass: 316 sec

---2015-12-09 10:41:11
MemTotal:        2905316 kB
MemFree:           65192 kB
Buffers:           26308 kB
Cached:          1010352 kB
SwapCached:            0 kB
Active:          1336228 kB
Inactive:         704552 kB
Active(anon):     841688 kB
Inactive(anon):   209884 kB
Active(file):     494540 kB
Inactive(file):   494668 kB
Unevictable:       12768 kB
Mlocked:               0 kB
SwapTotal:        720184 kB
SwapFree:         719416 kB
Dirty:                92 kB
Writeback:             0 kB
AnonPages:       1016668 kB
Mapped:           683128 kB
Shmem:             34684 kB
Slab:             116280 kB
SReclaimable:      35920 kB
SUnreclaim:        80360 kB
KernelStack:       34000 kB
PageTables:        57260 kB
NFS_Unstable:          0 kB
Bounce:                0 kB
WritebackTmp:          0 kB
CommitLimit:     2172840 kB
Committed_AS:   92758248 kB
VmallocTotal:   251658176 kB
VmallocUsed:      139808 kB
VmallocChunk:   251420204 kB
Time pass: 319 sec

---2015-12-09 10:41:11
MemTotal:        2905316 kB
MemFree:           64196 kB
Buffers:           26332 kB
Cached:          1010412 kB
SwapCached:            0 kB
Active:          1336936 kB
Inactive:         704620 kB
Active(anon):     842384 kB
Inactive(anon):   209912 kB
Active(file):     494552 kB
Inactive(file):   494708 kB
Unevictable:       12768 kB
Mlocked:               0 kB
SwapTotal:        720184 kB
SwapFree:         719416 kB
Dirty:               108 kB
Writeback:             0 kB
AnonPages:       1017472 kB
Mapped:           683248 kB
Shmem:             34712 kB
Slab:             116280 kB
SReclaimable:      35920 kB
SUnreclaim:        80360 kB
KernelStack:       33984 kB
PageTables:        57288 kB
NFS_Unstable:          0 kB
Bounce:                0 kB
WritebackTmp:          0 kB
CommitLimit:     2172840 kB
Committed_AS:   92758232 kB
VmallocTotal:   251658176 kB
VmallocUsed:      139808 kB
VmallocChunk:   251420204 kB
Time pass: 323 sec

---2015-12-09 10:41:11
MemTotal:        2905316 kB
MemFree:           62884 kB
Buffers:           26332 kB
Cached:          1010476 kB
SwapCached:            0 kB
Active:          1337820 kB
Inactive:         704672 kB
Active(anon):     843252 kB
Inactive(anon):   209912 kB
Active(file):     494568 kB
Inactive(file):   494760 kB
Unevictable:       12768 kB
Mlocked:               0 kB
SwapTotal:        720184 kB
SwapFree:         719416 kB
Dirty:                56 kB
Writeback:             0 kB
AnonPages:       1018576 kB
Mapped:           683204 kB
Shmem:             34712 kB
Slab:             116248 kB
SReclaimable:      35920 kB
SUnreclaim:        80328 kB
KernelStack:       33968 kB
PageTables:        57264 kB
NFS_Unstable:          0 kB
Bounce:                0 kB
WritebackTmp:          0 kB
CommitLimit:     2172840 kB
Committed_AS:   92758196 kB
VmallocTotal:   251658176 kB
VmallocUsed:      139808 kB
VmallocChunk:   251420204 kB
Time pass: 327 sec

---2015-12-09 10:41:11
MemTotal:        2905316 kB
MemFree:           65576 kB
Buffers:           26348 kB
Cached:          1006792 kB
SwapCached:            0 kB
Active:          1336168 kB
Inactive:         703816 kB
Active(anon):     843400 kB
Inactive(anon):   210936 kB
Active(file):     492768 kB
Inactive(file):   492880 kB
Unevictable:       12768 kB
Mlocked:               0 kB
SwapTotal:        720184 kB
SwapFree:         719416 kB
Dirty:                60 kB
Writeback:             0 kB
AnonPages:       1019580 kB
Mapped:           683044 kB
Shmem:             34724 kB
Slab:             116248 kB
SReclaimable:      35920 kB
SUnreclaim:        80328 kB
KernelStack:       34000 kB
PageTables:        57272 kB
NFS_Unstable:          0 kB
Bounce:                0 kB
WritebackTmp:          0 kB
CommitLimit:     2172840 kB
Committed_AS:   92785108 kB
VmallocTotal:   251658176 kB
VmallocUsed:      139808 kB
VmallocChunk:   251420204 kB
Time pass: 331 sec

---2015-12-09 10:41:11
MemTotal:        2905316 kB
MemFree:           65680 kB
Buffers:           26364 kB
Cached:          1006844 kB
SwapCached:            0 kB
Active:          1336532 kB
Inactive:         703892 kB
Active(anon):     843760 kB
Inactive(anon):   210996 kB
Active(file):     492772 kB
Inactive(file):   492896 kB
Unevictable:       12768 kB
Mlocked:               0 kB
SwapTotal:        720184 kB
SwapFree:         719416 kB
Dirty:                96 kB
Writeback:             0 kB
AnonPages:       1020128 kB
Mapped:           683104 kB
Shmem:             34772 kB
Slab:             116256 kB
SReclaimable:      35920 kB
SUnreclaim:        80336 kB
KernelStack:       34000 kB
PageTables:        57320 kB
NFS_Unstable:          0 kB
Bounce:                0 kB
WritebackTmp:          0 kB
CommitLimit:     2172840 kB
Committed_AS:   92785088 kB
VmallocTotal:   251658176 kB
VmallocUsed:      139808 kB
VmallocChunk:   251420204 kB
Time pass: 334 sec

---2015-12-09 10:41:11
MemTotal:        2905316 kB
MemFree:           65964 kB
Buffers:           26364 kB
Cached:          1006884 kB
SwapCached:            0 kB
Active:          1336364 kB
Inactive:         703916 kB
Active(anon):     843576 kB
Inactive(anon):   211000 kB
Active(file):     492788 kB
Inactive(file):   492916 kB
Unevictable:       12768 kB
Mlocked:               0 kB
SwapTotal:        720184 kB
SwapFree:         719416 kB
Dirty:                12 kB
Writeback:             0 kB
AnonPages:       1019892 kB
Mapped:           683112 kB
Shmem:             34776 kB
Slab:             116256 kB
SReclaimable:      35920 kB
SUnreclaim:        80336 kB
KernelStack:       34000 kB
PageTables:        57316 kB
NFS_Unstable:          0 kB
Bounce:                0 kB
WritebackTmp:          0 kB
CommitLimit:     2172840 kB
Committed_AS:   92785072 kB
VmallocTotal:   251658176 kB
VmallocUsed:      139808 kB
VmallocChunk:   251420204 kB
Time pass: 338 sec

---2015-12-09 10:41:11
MemTotal:        2905316 kB
MemFree:           64852 kB
Buffers:           26372 kB
Cached:          1006892 kB
SwapCached:            0 kB
Active:          1337344 kB
Inactive:         703932 kB
Active(anon):     844556 kB
Inactive(anon):   211000 kB
Active(file):     492788 kB
Inactive(file):   492932 kB
Unevictable:       12768 kB
Mlocked:               0 kB
SwapTotal:        720184 kB
SwapFree:         719416 kB
Dirty:                76 kB
Writeback:             0 kB
AnonPages:       1021008 kB
Mapped:           683120 kB
Shmem:             34776 kB
Slab:             116256 kB
SReclaimable:      35920 kB
SUnreclaim:        80336 kB
KernelStack:       33984 kB
PageTables:        57320 kB
NFS_Unstable:          0 kB
Bounce:                0 kB
WritebackTmp:          0 kB
CommitLimit:     2172840 kB
Committed_AS:   92785060 kB
VmallocTotal:   251658176 kB
VmallocUsed:      139808 kB
VmallocChunk:   251420204 kB
Time pass: 342 sec

---2015-12-09 10:41:11
MemTotal:        2905316 kB
MemFree:           64464 kB
Buffers:           26380 kB
Cached:          1006904 kB
SwapCached:            0 kB
Active:          1337056 kB
Inactive:         703940 kB
Active(anon):     844256 kB
Inactive(anon):   211000 kB
Active(file):     492800 kB
Inactive(file):   492940 kB
Unevictable:       12768 kB
Mlocked:               0 kB
SwapTotal:        720184 kB
SwapFree:         719416 kB
Dirty:                28 kB
Writeback:             0 kB
AnonPages:       1020640 kB
Mapped:           683128 kB
Shmem:             34776 kB
Slab:             116256 kB
SReclaimable:      35920 kB
SUnreclaim:        80336 kB
KernelStack:       33952 kB
PageTables:        57320 kB
NFS_Unstable:          0 kB
Bounce:                0 kB
WritebackTmp:          0 kB
CommitLimit:     2172840 kB
Committed_AS:   92785068 kB
VmallocTotal:   251658176 kB
VmallocUsed:      139808 kB
VmallocChunk:   251420204 kB
Time pass: 346 sec

---2015-12-09 10:41:11
MemTotal:        2905316 kB
MemFree:           63500 kB
Buffers:           26396 kB
Cached:          1006936 kB
SwapCached:            0 kB
Active:          1337608 kB
Inactive:         703972 kB
Active(anon):     844792 kB
Inactive(anon):   211004 kB
Active(file):     492816 kB
Inactive(file):   492968 kB
Unevictable:       12768 kB
Mlocked:               0 kB
SwapTotal:        720184 kB
SwapFree:         719416 kB
Dirty:               108 kB
Writeback:             0 kB
AnonPages:       1021108 kB
Mapped:           683140 kB
Shmem:             34780 kB
Slab:             116256 kB
SReclaimable:      35920 kB
SUnreclaim:        80336 kB
KernelStack:       33936 kB
PageTables:        57316 kB
NFS_Unstable:          0 kB
Bounce:                0 kB
WritebackTmp:          0 kB
CommitLimit:     2172840 kB
Committed_AS:   92785028 kB
VmallocTotal:   251658176 kB
VmallocUsed:      139808 kB
VmallocChunk:   251420204 kB
Time pass: 350 sec

---2015-12-09 10:41:11
MemTotal:        2905316 kB
MemFree:           63692 kB
Buffers:           26404 kB
Cached:          1006944 kB
SwapCached:            0 kB
Active:          1337976 kB
Inactive:         703984 kB
Active(anon):     845156 kB
Inactive(anon):   211004 kB
Active(file):     492820 kB
Inactive(file):   492980 kB
Unevictable:       12768 kB
Mlocked:               0 kB
SwapTotal:        720184 kB
SwapFree:         719416 kB
Dirty:                64 kB
Writeback:             0 kB
AnonPages:       1021492 kB
Mapped:           683144 kB
Shmem:             34780 kB
Slab:             116260 kB
SReclaimable:      35920 kB
SUnreclaim:        80340 kB
KernelStack:       33920 kB
PageTables:        57316 kB
NFS_Unstable:          0 kB
Bounce:                0 kB
WritebackTmp:          0 kB
CommitLimit:     2172840 kB
Committed_AS:   92785028 kB
VmallocTotal:   251658176 kB
VmallocUsed:      139808 kB
VmallocChunk:   251420204 kB
Time pass: 353 sec

---2015-12-09 10:41:11
MemTotal:        2905316 kB
MemFree:           63144 kB
Buffers:           26412 kB
Cached:          1006976 kB
SwapCached:            0 kB
Active:          1338368 kB
Inactive:         704016 kB
Active(anon):     845540 kB
Inactive(anon):   211032 kB
Active(file):     492828 kB
Inactive(file):   492984 kB
Unevictable:       12768 kB
Mlocked:               0 kB
SwapTotal:        720184 kB
SwapFree:         719416 kB
Dirty:                12 kB
Writeback:             0 kB
AnonPages:       1021784 kB
Mapped:           683240 kB
Shmem:             34808 kB
Slab:             116264 kB
SReclaimable:      35920 kB
SUnreclaim:        80344 kB
KernelStack:       33920 kB
PageTables:        57340 kB
NFS_Unstable:          0 kB
Bounce:                0 kB
WritebackTmp:          0 kB
CommitLimit:     2172840 kB
Committed_AS:   92785000 kB
VmallocTotal:   251658176 kB
VmallocUsed:      139808 kB
VmallocChunk:   251420204 kB
Time pass: 357 sec

---2015-12-09 10:41:11
MemTotal:        2905316 kB
MemFree:           68140 kB
Buffers:           26416 kB
Cached:          1002892 kB
SwapCached:            0 kB
Active:          1335752 kB
Inactive:         702332 kB
Active(anon):     844808 kB
Inactive(anon):   210960 kB
Active(file):     490944 kB
Inactive(file):   491372 kB
Unevictable:       12768 kB
Mlocked:               0 kB
SwapTotal:        720184 kB
SwapFree:         719416 kB
Dirty:                 4 kB
Writeback:             0 kB
AnonPages:       1021624 kB
Mapped:           682552 kB
Shmem:             34224 kB
Slab:             116392 kB
SReclaimable:      36080 kB
SUnreclaim:        80312 kB
KernelStack:       33888 kB
PageTables:        56828 kB
NFS_Unstable:          0 kB
Bounce:                0 kB
WritebackTmp:          0 kB
CommitLimit:     2172840 kB
Committed_AS:   92524892 kB
VmallocTotal:   251658176 kB
VmallocUsed:      139808 kB
VmallocChunk:   251420204 kB
Time pass: 361 sec

---2015-12-09 10:41:11
MemTotal:        2905316 kB
MemFree:           67784 kB
Buffers:           26424 kB
Cached:          1002904 kB
SwapCached:            0 kB
Active:          1336144 kB
Inactive:         702344 kB
Active(anon):     845192 kB
Inactive(anon):   210960 kB
Active(file):     490952 kB
Inactive(file):   491384 kB
Unevictable:       12768 kB
Mlocked:               0 kB
SwapTotal:        720184 kB
SwapFree:         719416 kB
Dirty:               100 kB
Writeback:             0 kB
AnonPages:       1022016 kB
Mapped:           682556 kB
Shmem:             34224 kB
Slab:             116392 kB
SReclaimable:      36080 kB
SUnreclaim:        80312 kB
KernelStack:       33952 kB
PageTables:        56832 kB
NFS_Unstable:          0 kB
Bounce:                0 kB
WritebackTmp:          0 kB
CommitLimit:     2172840 kB
Committed_AS:   92524896 kB
VmallocTotal:   251658176 kB
VmallocUsed:      139808 kB
VmallocChunk:   251420204 kB
Time pass: 365 sec

---2015-12-09 10:41:11
MemTotal:        2905316 kB
MemFree:           69876 kB
Buffers:           26424 kB
Cached:          1002908 kB
SwapCached:            0 kB
Active:          1334040 kB
Inactive:         702344 kB
Active(anon):     843084 kB
Inactive(anon):   210960 kB
Active(file):     490956 kB
Inactive(file):   491384 kB
Unevictable:       12768 kB
Mlocked:               0 kB
SwapTotal:        720184 kB
SwapFree:         719416 kB
Dirty:                 4 kB
Writeback:             0 kB
AnonPages:       1019832 kB
Mapped:           682596 kB
Shmem:             34224 kB
Slab:             116392 kB
SReclaimable:      36080 kB
SUnreclaim:        80312 kB
KernelStack:       33952 kB
PageTables:        56832 kB
NFS_Unstable:          0 kB
Bounce:                0 kB
WritebackTmp:          0 kB
CommitLimit:     2172840 kB
Committed_AS:   92524936 kB
VmallocTotal:   251658176 kB
VmallocUsed:      139808 kB
VmallocChunk:   251420204 kB
Time pass: 368 sec

---2015-12-09 10:41:11
MemTotal:        2905316 kB
MemFree:           69756 kB
Buffers:           26448 kB
Cached:          1002940 kB
SwapCached:            0 kB
Active:          1334680 kB
Inactive:         702396 kB
Active(anon):     843720 kB
Inactive(anon):   210960 kB
Active(file):     490960 kB
Inactive(file):   491436 kB
Unevictable:       12768 kB
Mlocked:               0 kB
SwapTotal:        720184 kB
SwapFree:         719416 kB
Dirty:                20 kB
Writeback:             0 kB
AnonPages:       1020444 kB
Mapped:           682604 kB
Shmem:             34224 kB
Slab:             116392 kB
SReclaimable:      36080 kB
SUnreclaim:        80312 kB
KernelStack:       33936 kB
PageTables:        56832 kB
NFS_Unstable:          0 kB
Bounce:                0 kB
WritebackTmp:          0 kB
CommitLimit:     2172840 kB
Committed_AS:   92524948 kB
VmallocTotal:   251658176 kB
VmallocUsed:      139808 kB
VmallocChunk:   251420204 kB
Time pass: 372 sec

---2015-12-09 10:41:11
MemTotal:        2905316 kB
MemFree:           69328 kB
Buffers:           26456 kB
Cached:          1002940 kB
SwapCached:            0 kB
Active:          1335008 kB
Inactive:         702392 kB
Active(anon):     844044 kB
Inactive(anon):   210960 kB
Active(file):     490964 kB
Inactive(file):   491432 kB
Unevictable:       12768 kB
Mlocked:               0 kB
SwapTotal:        720184 kB
SwapFree:         719416 kB
Dirty:                68 kB
Writeback:             0 kB
AnonPages:       1020756 kB
Mapped:           682616 kB
Shmem:             34224 kB
Slab:             116392 kB
SReclaimable:      36080 kB
SUnreclaim:        80312 kB
KernelStack:       33936 kB
PageTables:        56832 kB
NFS_Unstable:          0 kB
Bounce:                0 kB
WritebackTmp:          0 kB
CommitLimit:     2172840 kB
Committed_AS:   92524960 kB
VmallocTotal:   251658176 kB
VmallocUsed:      139808 kB
VmallocChunk:   251420204 kB
Time pass: 376 sec

---2015-12-09 10:41:11
MemTotal:        2905316 kB
MemFree:           68376 kB
Buffers:           26456 kB
Cached:          1003424 kB
SwapCached:            0 kB
Active:          1335428 kB
Inactive:         702860 kB
Active(anon):     844440 kB
Inactive(anon):   210960 kB
Active(file):     490988 kB
Inactive(file):   491900 kB
Unevictable:       12768 kB
Mlocked:               0 kB
SwapTotal:        720184 kB
SwapFree:         719416 kB
Dirty:                76 kB
Writeback:             0 kB
AnonPages:       1021012 kB
Mapped:           682784 kB
Shmem:             34224 kB
Slab:             116392 kB
SReclaimable:      36080 kB
SUnreclaim:        80312 kB
KernelStack:       33968 kB
PageTables:        56832 kB
NFS_Unstable:          0 kB
Bounce:                0 kB
WritebackTmp:          0 kB
CommitLimit:     2172840 kB
Committed_AS:   92525012 kB
VmallocTotal:   251658176 kB
VmallocUsed:      139808 kB
VmallocChunk:   251420204 kB
Time pass: 380 sec

---2015-12-09 10:41:11
MemTotal:        2905316 kB
MemFree:           67704 kB
Buffers:           26480 kB
Cached:          1003456 kB
SwapCached:            0 kB
Active:          1336200 kB
Inactive:         702912 kB
Active(anon):     845208 kB
Inactive(anon):   210960 kB
Active(file):     490992 kB
Inactive(file):   491952 kB
Unevictable:       12768 kB
Mlocked:               0 kB
SwapTotal:        720184 kB
SwapFree:         719416 kB
Dirty:               120 kB
Writeback:             0 kB
AnonPages:       1021932 kB
Mapped:           682792 kB
Shmem:             34224 kB
Slab:             116388 kB
SReclaimable:      36080 kB
SUnreclaim:        80308 kB
KernelStack:       34000 kB
PageTables:        56832 kB
NFS_Unstable:          0 kB
Bounce:                0 kB
WritebackTmp:          0 kB
CommitLimit:     2172840 kB
Committed_AS:   92525060 kB
VmallocTotal:   251658176 kB
VmallocUsed:      139808 kB
VmallocChunk:   251420204 kB
Time pass: 384 sec

---2015-12-09 10:41:11
MemTotal:        2905316 kB
MemFree:           68172 kB
Buffers:           26480 kB
Cached:          1003460 kB
SwapCached:            0 kB
Active:          1336096 kB
Inactive:         702916 kB
Active(anon):     845104 kB
Inactive(anon):   210964 kB
Active(file):     490992 kB
Inactive(file):   491952 kB
Unevictable:       12768 kB
Mlocked:               0 kB
SwapTotal:        720184 kB
SwapFree:         719416 kB
Dirty:                 4 kB
Writeback:             0 kB
AnonPages:       1021828 kB
Mapped:           682800 kB
Shmem:             34228 kB
Slab:             116256 kB
SReclaimable:      35952 kB
SUnreclaim:        80304 kB
KernelStack:       33968 kB
PageTables:        56832 kB
NFS_Unstable:          0 kB
Bounce:                0 kB
WritebackTmp:          0 kB
CommitLimit:     2172840 kB
Committed_AS:   92525016 kB
VmallocTotal:   251658176 kB
VmallocUsed:      139808 kB
VmallocChunk:   251420204 kB
Time pass: 387 sec

---2015-12-09 10:41:11
MemTotal:        2905316 kB
MemFree:           67060 kB
Buffers:           26496 kB
Cached:          1003536 kB
SwapCached:            0 kB
Active:          1336576 kB
Inactive:         703004 kB
