---2015-12-16 17:19:16
MemTotal:        1959952 kB
MemFree:           91600 kB
Buffers:            5644 kB
Cached:          1238628 kB
SwapCached:          560 kB
Active:           839728 kB
Inactive:         790852 kB
Active(anon):     232148 kB
Inactive(anon):   155272 kB
Active(file):     607580 kB
Inactive(file):   635580 kB
Unevictable:         968 kB
Mlocked:               0 kB
HighTotal:       1372556 kB
HighFree:          31092 kB
LowTotal:         587396 kB
LowFree:           60508 kB
SwapTotal:        262140 kB
SwapFree:         242560 kB
Dirty:               140 kB
Writeback:             0 kB
AnonPages:        387388 kB
Mapped:           279220 kB
Shmem:               144 kB
Slab:              54908 kB
SReclaimable:      16808 kB
SUnreclaim:        38100 kB
KernelStack:       14992 kB
PageTables:        26180 kB
NFS_Unstable:          0 kB
Bounce:                0 kB
WritebackTmp:          0 kB
CommitLimit:     1242116 kB
Committed_AS:   55760968 kB
VmallocTotal:     409600 kB
VmallocUsed:       35404 kB
VmallocChunk:      81948 kB
Time pass: 3 sec

---2015-12-16 17:19:16
MemTotal:        1959952 kB
MemFree:           91584 kB
Buffers:            5644 kB
Cached:          1238628 kB
SwapCached:          560 kB
Active:           839840 kB
Inactive:         790840 kB
Active(anon):     232260 kB
Inactive(anon):   155260 kB
Active(file):     607580 kB
Inactive(file):   635580 kB
Unevictable:         968 kB
Mlocked:               0 kB
HighTotal:       1372556 kB
HighFree:          30988 kB
LowTotal:         587396 kB
LowFree:           60596 kB
SwapTotal:        262140 kB
SwapFree:         242560 kB
Dirty:               140 kB
Writeback:             0 kB
AnonPages:        387508 kB
Mapped:           279220 kB
Shmem:               144 kB
Slab:              54848 kB
SReclaimable:      16816 kB
SUnreclaim:        38032 kB
KernelStack:       14992 kB
PageTables:        26180 kB
NFS_Unstable:          0 kB
Bounce:                0 kB
WritebackTmp:          0 kB
CommitLimit:     1242116 kB
Committed_AS:   55761152 kB
VmallocTotal:     409600 kB
VmallocUsed:       35404 kB
VmallocChunk:      81948 kB
Time pass: 7 sec

---2015-12-16 17:19:16
MemTotal:        1959952 kB
MemFree:           91400 kB
Buffers:            5644 kB
Cached:          1238628 kB
SwapCached:          560 kB
Active:           840020 kB
Inactive:         790840 kB
Active(anon):     232440 kB
Inactive(anon):   155260 kB
Active(file):     607580 kB
Inactive(file):   635580 kB
Unevictable:         968 kB
Mlocked:               0 kB
HighTotal:       1372556 kB
HighFree:          30832 kB
LowTotal:         587396 kB
LowFree:           60568 kB
SwapTotal:        262140 kB
SwapFree:         242560 kB
Dirty:               140 kB
Writeback:             0 kB
AnonPages:        387684 kB
Mapped:           279220 kB
Shmem:               144 kB
Slab:              54680 kB
SReclaimable:      16816 kB
SUnreclaim:        37864 kB
KernelStack:       14992 kB
PageTables:        26180 kB
NFS_Unstable:          0 kB
Bounce:                0 kB
WritebackTmp:          0 kB
CommitLimit:     1242116 kB
Committed_AS:   55761244 kB
VmallocTotal:     409600 kB
VmallocUsed:       35404 kB
VmallocChunk:      81948 kB
Time pass: 10 sec

---2015-12-16 17:19:16
MemTotal:        1959952 kB
MemFree:           91256 kB
Buffers:            5644 kB
Cached:          1238628 kB
SwapCached:          560 kB
Active:           840480 kB
Inactive:         790840 kB
Active(anon):     232900 kB
Inactive(anon):   155260 kB
Active(file):     607580 kB
Inactive(file):   635580 kB
Unevictable:         968 kB
Mlocked:               0 kB
HighTotal:       1372556 kB
HighFree:          30496 kB
LowTotal:         587396 kB
LowFree:           60760 kB
SwapTotal:        262140 kB
SwapFree:         242560 kB
Dirty:               140 kB
Writeback:             0 kB
AnonPages:        388292 kB
Mapped:           279220 kB
Shmem:               144 kB
Slab:              54628 kB
SReclaimable:      16816 kB
SUnreclaim:        37812 kB
KernelStack:       14992 kB
PageTables:        26180 kB
NFS_Unstable:          0 kB
Bounce:                0 kB
WritebackTmp:          0 kB
CommitLimit:     1242116 kB
Committed_AS:   55761676 kB
VmallocTotal:     409600 kB
VmallocUsed:       35404 kB
VmallocChunk:      81948 kB
Time pass: 14 sec

---2015-12-16 17:19:16
MemTotal:        1959952 kB
MemFree:           90460 kB
Buffers:            5644 kB
Cached:          1238628 kB
SwapCached:          560 kB
Active:           840932 kB
Inactive:         790840 kB
Active(anon):     233352 kB
Inactive(anon):   155260 kB
Active(file):     607580 kB
Inactive(file):   635580 kB
Unevictable:         968 kB
Mlocked:               0 kB
HighTotal:       1372556 kB
HighFree:          30340 kB
LowTotal:         587396 kB
LowFree:           60120 kB
SwapTotal:        262140 kB
SwapFree:         242560 kB
Dirty:               140 kB
Writeback:             0 kB
AnonPages:        388464 kB
Mapped:           279228 kB
Shmem:               144 kB
Slab:              55288 kB
SReclaimable:      16816 kB
SUnreclaim:        38472 kB
KernelStack:       14992 kB
PageTables:        26180 kB
NFS_Unstable:          0 kB
Bounce:                0 kB
WritebackTmp:          0 kB
CommitLimit:     1242116 kB
Committed_AS:   55761816 kB
VmallocTotal:     409600 kB
VmallocUsed:       35404 kB
VmallocChunk:      81948 kB
Time pass: 18 sec

---2015-12-16 17:19:16
MemTotal:        1959952 kB
MemFree:           98828 kB
Buffers:            4824 kB
Cached:          1175500 kB
SwapCached:          736 kB
Active:           828120 kB
Inactive:         752480 kB
Active(anon):     244672 kB
Inactive(anon):   159276 kB
Active(file):     583448 kB
Inactive(file):   593204 kB
Unevictable:        1744 kB
Mlocked:               0 kB
HighTotal:       1372556 kB
HighFree:          36504 kB
LowTotal:         587396 kB
LowFree:           62324 kB
SwapTotal:        262140 kB
SwapFree:         239560 kB
Dirty:               792 kB
Writeback:             0 kB
AnonPages:        404284 kB
Mapped:           299912 kB
Shmem:              1120 kB
Slab:              54592 kB
SReclaimable:      15824 kB
SUnreclaim:        38768 kB
KernelStack:       15240 kB
PageTables:        26668 kB
NFS_Unstable:          0 kB
Bounce:                0 kB
WritebackTmp:          0 kB
CommitLimit:     1242116 kB
Committed_AS:   56765220 kB
VmallocTotal:     409600 kB
VmallocUsed:       35540 kB
VmallocChunk:      81948 kB
Time pass: 22 sec

---2015-12-16 17:19:16
MemTotal:        1959952 kB
MemFree:           91324 kB
Buffers:            2904 kB
Cached:          1119540 kB
SwapCached:          812 kB
Active:           816712 kB
Inactive:         721180 kB
Active(anon):     257176 kB
Inactive(anon):   161320 kB
Active(file):     559536 kB
Inactive(file):   559860 kB
Unevictable:        1744 kB
Mlocked:               0 kB
HighTotal:       1372556 kB
HighFree:          35036 kB
LowTotal:         587396 kB
LowFree:           56288 kB
SwapTotal:        262140 kB
SwapFree:         231700 kB
Dirty:               460 kB
Writeback:             0 kB
AnonPages:        416964 kB
Mapped:           296584 kB
Shmem:              1344 kB
Slab:              55668 kB
SReclaimable:      16844 kB
SUnreclaim:        38824 kB
KernelStack:       15648 kB
PageTables:        26876 kB
NFS_Unstable:          0 kB
Bounce:                0 kB
WritebackTmp:          0 kB
CommitLimit:     1242116 kB
Committed_AS:   56770700 kB
VmallocTotal:     409600 kB
VmallocUsed:       34704 kB
VmallocChunk:      81948 kB
Time pass: 25 sec

---2015-12-16 17:19:16
MemTotal:        1959952 kB
MemFree:           90120 kB
Buffers:            2904 kB
Cached:          1105948 kB
SwapCached:          816 kB
Active:           801108 kB
Inactive:         715928 kB
Active(anon):     248008 kB
Inactive(anon):   162180 kB
Active(file):     553100 kB
Inactive(file):   553748 kB
Unevictable:        1744 kB
Mlocked:               0 kB
HighTotal:       1372556 kB
HighFree:          36392 kB
LowTotal:         587396 kB
LowFree:           53728 kB
SwapTotal:        262140 kB
SwapFree:         231372 kB
Dirty:               292 kB
Writeback:             0 kB
AnonPages:        410044 kB
Mapped:           307772 kB
Shmem:               256 kB
Slab:              55624 kB
SReclaimable:      17004 kB
SUnreclaim:        38620 kB
KernelStack:       15616 kB
PageTables:        26996 kB
NFS_Unstable:          0 kB
Bounce:                0 kB
WritebackTmp:          0 kB
CommitLimit:     1242116 kB
Committed_AS:   56767420 kB
VmallocTotal:     409600 kB
VmallocUsed:       34852 kB
VmallocChunk:      81948 kB
Time pass: 30 sec

---2015-12-16 17:19:16
MemTotal:        1959952 kB
MemFree:           89444 kB
Buffers:            2904 kB
Cached:          1106104 kB
SwapCached:          816 kB
Active:           801252 kB
Inactive:         716048 kB
Active(anon):     248152 kB
Inactive(anon):   162180 kB
Active(file):     553100 kB
Inactive(file):   553868 kB
Unevictable:        1744 kB
Mlocked:               0 kB
HighTotal:       1372556 kB
HighFree:          35680 kB
LowTotal:         587396 kB
LowFree:           53764 kB
SwapTotal:        262140 kB
SwapFree:         231372 kB
Dirty:               300 kB
Writeback:             0 kB
AnonPages:        410068 kB
Mapped:           307896 kB
Shmem:               256 kB
Slab:              55436 kB
SReclaimable:      17004 kB
SUnreclaim:        38432 kB
KernelStack:       15632 kB
PageTables:        27012 kB
NFS_Unstable:          0 kB
Bounce:                0 kB
WritebackTmp:          0 kB
CommitLimit:     1242116 kB
Committed_AS:   56767436 kB
VmallocTotal:     409600 kB
VmallocUsed:       34852 kB
VmallocChunk:      81948 kB
Time pass: 33 sec

---2015-12-16 17:19:16
MemTotal:        1959952 kB
MemFree:           88332 kB
Buffers:            2904 kB
Cached:          1106104 kB
SwapCached:          816 kB
Active:           801324 kB
Inactive:         716048 kB
Active(anon):     248224 kB
Inactive(anon):   162176 kB
Active(file):     553100 kB
Inactive(file):   553872 kB
Unevictable:        1744 kB
Mlocked:               0 kB
HighTotal:       1372556 kB
HighFree:          35392 kB
LowTotal:         587396 kB
LowFree:           52940 kB
SwapTotal:        262140 kB
SwapFree:         231372 kB
Dirty:               320 kB
Writeback:             0 kB
AnonPages:        410136 kB
Mapped:           307892 kB
Shmem:               256 kB
Slab:              55996 kB
SReclaimable:      17004 kB
SUnreclaim:        38992 kB
KernelStack:       15632 kB
PageTables:        27012 kB
NFS_Unstable:          0 kB
Bounce:                0 kB
WritebackTmp:          0 kB
CommitLimit:     1242116 kB
Committed_AS:   56767820 kB
VmallocTotal:     409600 kB
VmallocUsed:       34852 kB
VmallocChunk:      81948 kB
Time pass: 37 sec

---2015-12-16 17:19:16
MemTotal:        1959952 kB
MemFree:          104496 kB
Buffers:            2820 kB
Cached:          1027652 kB
SwapCached:          840 kB
Active:           771608 kB
Inactive:         676232 kB
Active(anon):     257404 kB
Inactive(anon):   162128 kB
Active(file):     514204 kB
Inactive(file):   514104 kB
Unevictable:        1744 kB
Mlocked:               0 kB
HighTotal:       1372556 kB
HighFree:          45096 kB
LowTotal:         587396 kB
LowFree:           59400 kB
SwapTotal:        262140 kB
SwapFree:         228772 kB
Dirty:               380 kB
Writeback:             0 kB
AnonPages:        419904 kB
Mapped:           313152 kB
Shmem:               256 kB
Slab:              56244 kB
SReclaimable:      17196 kB
SUnreclaim:        39048 kB
KernelStack:       15656 kB
PageTables:        27068 kB
NFS_Unstable:          0 kB
Bounce:                0 kB
WritebackTmp:          0 kB
CommitLimit:     1242116 kB
Committed_AS:   56776364 kB
VmallocTotal:     409600 kB
VmallocUsed:       35016 kB
VmallocChunk:      81948 kB
Time pass: 41 sec

---2015-12-16 17:19:16
MemTotal:        1959952 kB
MemFree:          104268 kB
Buffers:            2820 kB
Cached:          1027572 kB
SwapCached:          840 kB
Active:           771628 kB
Inactive:         676336 kB
Active(anon):     257276 kB
Inactive(anon):   162308 kB
Active(file):     514352 kB
Inactive(file):   514028 kB
Unevictable:        1744 kB
Mlocked:               0 kB
HighTotal:       1372556 kB
HighFree:          44724 kB
LowTotal:         587396 kB
LowFree:           59544 kB
SwapTotal:        262140 kB
SwapFree:         228772 kB
Dirty:               316 kB
Writeback:             0 kB
AnonPages:        419908 kB
Mapped:           313456 kB
Shmem:               256 kB
Slab:              56212 kB
SReclaimable:      17212 kB
SUnreclaim:        39000 kB
KernelStack:       15688 kB
PageTables:        27212 kB
NFS_Unstable:          0 kB
Bounce:                0 kB
WritebackTmp:          0 kB
CommitLimit:     1242116 kB
Committed_AS:   56776336 kB
VmallocTotal:     409600 kB
VmallocUsed:       35016 kB
VmallocChunk:      81948 kB
Time pass: 44 sec

---2015-12-16 17:19:16
MemTotal:        1959952 kB
MemFree:           82396 kB
Buffers:            2820 kB
Cached:          1058780 kB
SwapCached:          840 kB
Active:           782592 kB
Inactive:         703652 kB
Active(anon):     264928 kB
Inactive(anon):   162532 kB
Active(file):     517664 kB
Inactive(file):   541120 kB
Unevictable:        1744 kB
Mlocked:               0 kB
HighTotal:       1372556 kB
HighFree:          24196 kB
LowTotal:         587396 kB
LowFree:           58200 kB
SwapTotal:        262140 kB
SwapFree:         228784 kB
Dirty:               432 kB
Writeback:             0 kB
AnonPages:        427440 kB
Mapped:           307140 kB
Shmem:               260 kB
Slab:              56528 kB
SReclaimable:      17148 kB
SUnreclaim:        39380 kB
KernelStack:       15704 kB
PageTables:        27196 kB
NFS_Unstable:          0 kB
Bounce:                0 kB
WritebackTmp:          0 kB
CommitLimit:     1242116 kB
Committed_AS:   56785416 kB
VmallocTotal:     409600 kB
VmallocUsed:       34932 kB
VmallocChunk:      81948 kB
Time pass: 48 sec

---2015-12-16 17:19:16
MemTotal:        1959952 kB
MemFree:          109528 kB
Buffers:            2792 kB
Cached:          1004644 kB
SwapCached:          840 kB
Active:           775300 kB
Inactive:         664232 kB
Active(anon):     267536 kB
Inactive(anon):   166364 kB
Active(file):     507764 kB
Inactive(file):   497868 kB
Unevictable:        1744 kB
Mlocked:               0 kB
HighTotal:       1372556 kB
HighFree:          49896 kB
LowTotal:         587396 kB
LowFree:           59632 kB
SwapTotal:        262140 kB
SwapFree:         225500 kB
Dirty:               928 kB
Writeback:             0 kB
AnonPages:        434268 kB
Mapped:           316352 kB
Shmem:               260 kB
Slab:              56324 kB
SReclaimable:      17152 kB
SUnreclaim:        39172 kB
KernelStack:       15752 kB
PageTables:        27272 kB
NFS_Unstable:          0 kB
Bounce:                0 kB
WritebackTmp:          0 kB
CommitLimit:     1242116 kB
Committed_AS:   56795076 kB
VmallocTotal:     409600 kB
VmallocUsed:       35092 kB
VmallocChunk:      81948 kB
Time pass: 52 sec

---2015-12-16 17:19:16
MemTotal:        1959952 kB
MemFree:          105812 kB
Buffers:            2792 kB
Cached:          1005512 kB
SwapCached:          840 kB
Active:           774492 kB
Inactive:         664968 kB
Active(anon):     266692 kB
Inactive(anon):   166212 kB
Active(file):     507800 kB
Inactive(file):   498756 kB
Unevictable:        1744 kB
Mlocked:               0 kB
HighTotal:       1372556 kB
HighFree:          48956 kB
LowTotal:         587396 kB
LowFree:           56856 kB
SwapTotal:        262140 kB
SwapFree:         225500 kB
Dirty:               540 kB
Writeback:             0 kB
AnonPages:        433068 kB
Mapped:           317816 kB
Shmem:               260 kB
Slab:              56168 kB
SReclaimable:      17168 kB
SUnreclaim:        39000 kB
KernelStack:       15752 kB
PageTables:        27292 kB
NFS_Unstable:          0 kB
Bounce:                0 kB
WritebackTmp:          0 kB
CommitLimit:     1242116 kB
Committed_AS:   56793796 kB
VmallocTotal:     409600 kB
VmallocUsed:       35104 kB
VmallocChunk:      81948 kB
Time pass: 56 sec

---2015-12-16 17:19:16
MemTotal:        1959952 kB
MemFree:          102952 kB
Buffers:            2792 kB
Cached:          1005696 kB
SwapCached:          840 kB
Active:           775472 kB
Inactive:         665208 kB
Active(anon):     267796 kB
Inactive(anon):   166476 kB
Active(file):     507676 kB
Inactive(file):   498732 kB
Unevictable:        1744 kB
Mlocked:               0 kB
HighTotal:       1372556 kB
HighFree:          47004 kB
LowTotal:         587396 kB
LowFree:           55948 kB
SwapTotal:        262140 kB
SwapFree:         225500 kB
Dirty:               564 kB
Writeback:             0 kB
AnonPages:        433728 kB
Mapped:           319120 kB
Shmem:               260 kB
Slab:              56328 kB
SReclaimable:      17168 kB
SUnreclaim:        39160 kB
KernelStack:       15752 kB
PageTables:        27292 kB
NFS_Unstable:          0 kB
Bounce:                0 kB
WritebackTmp:          0 kB
CommitLimit:     1242116 kB
Committed_AS:   56803344 kB
VmallocTotal:     409600 kB
VmallocUsed:       35104 kB
VmallocChunk:      81948 kB
Time pass: 60 sec

---2015-12-16 17:19:16
MemTotal:        1959952 kB
MemFree:           88064 kB
Buffers:            2792 kB
Cached:          1005788 kB
SwapCached:          840 kB
Active:           775812 kB
Inactive:         665296 kB
Active(anon):     268088 kB
Inactive(anon):   166472 kB
Active(file):     507724 kB
Inactive(file):   498824 kB
Unevictable:        1744 kB
Mlocked:               0 kB
HighTotal:       1372556 kB
HighFree:          31996 kB
LowTotal:         587396 kB
LowFree:           56068 kB
SwapTotal:        262140 kB
SwapFree:         225500 kB
Dirty:               644 kB
Writeback:             0 kB
AnonPages:        434464 kB
Mapped:           331636 kB
Shmem:               260 kB
Slab:              55920 kB
SReclaimable:      17168 kB
SUnreclaim:        38752 kB
KernelStack:       15760 kB
PageTables:        27320 kB
NFS_Unstable:          0 kB
Bounce:                0 kB
WritebackTmp:          0 kB
CommitLimit:     1242116 kB
Committed_AS:   56795664 kB
VmallocTotal:     409600 kB
VmallocUsed:       35156 kB
VmallocChunk:      81948 kB
Time pass: 63 sec

---2015-12-16 17:19:16
MemTotal:        1959952 kB
MemFree:           87264 kB
Buffers:            2792 kB
Cached:          1005788 kB
SwapCached:          840 kB
Active:           775980 kB
Inactive:         665264 kB
Active(anon):     268224 kB
Inactive(anon):   166472 kB
Active(file):     507756 kB
Inactive(file):   498792 kB
Unevictable:        1744 kB
Mlocked:               0 kB
HighTotal:       1372556 kB
HighFree:          31580 kB
LowTotal:         587396 kB
LowFree:           55684 kB
SwapTotal:        262140 kB
SwapFree:         225500 kB
Dirty:               404 kB
Writeback:             0 kB
AnonPages:        434616 kB
Mapped:           331640 kB
Shmem:               260 kB
Slab:              56332 kB
SReclaimable:      17168 kB
SUnreclaim:        39164 kB
KernelStack:       15760 kB
PageTables:        27320 kB
NFS_Unstable:          0 kB
Bounce:                0 kB
WritebackTmp:          0 kB
CommitLimit:     1242116 kB
Committed_AS:   56795792 kB
VmallocTotal:     409600 kB
VmallocUsed:       35156 kB
VmallocChunk:      81948 kB
Time pass: 67 sec

---2015-12-16 17:19:16
MemTotal:        1959952 kB
MemFree:          109708 kB
Buffers:            2792 kB
Cached:           975716 kB
SwapCached:          840 kB
Active:           764024 kB
Inactive:         651084 kB
Active(anon):     270680 kB
Inactive(anon):   168476 kB
Active(file):     493344 kB
Inactive(file):   482608 kB
Unevictable:        1744 kB
Mlocked:               0 kB
HighTotal:       1372556 kB
HighFree:          46544 kB
LowTotal:         587396 kB
LowFree:           63164 kB
SwapTotal:        262140 kB
SwapFree:         223392 kB
Dirty:              1168 kB
Writeback:            12 kB
AnonPages:        438832 kB
Mapped:           335488 kB
Shmem:               260 kB
Slab:              56364 kB
SReclaimable:      17040 kB
SUnreclaim:        39324 kB
KernelStack:       15776 kB
PageTables:        27368 kB
NFS_Unstable:          0 kB
Bounce:                0 kB
WritebackTmp:          0 kB
CommitLimit:     1242116 kB
Committed_AS:   56801924 kB
VmallocTotal:     409600 kB
VmallocUsed:       35196 kB
VmallocChunk:      81948 kB
Time pass: 71 sec

---2015-12-16 17:19:16
MemTotal:        1959952 kB
MemFree:           87740 kB
Buffers:            2792 kB
Cached:           980600 kB
SwapCached:          840 kB
Active:           772408 kB
Inactive:         655948 kB
Active(anon):     278700 kB
Inactive(anon):   168456 kB
Active(file):     493708 kB
Inactive(file):   487492 kB
Unevictable:        1744 kB
Mlocked:               0 kB
HighTotal:       1372556 kB
HighFree:          24916 kB
LowTotal:         587396 kB
LowFree:           62824 kB
SwapTotal:        262140 kB
SwapFree:         223392 kB
Dirty:               956 kB
Writeback:             0 kB
AnonPages:        447152 kB
Mapped:           342416 kB
Shmem:               260 kB
Slab:              56268 kB
SReclaimable:      17080 kB
SUnreclaim:        39188 kB
KernelStack:       15808 kB
PageTables:        27380 kB
NFS_Unstable:          0 kB
Bounce:                0 kB
WritebackTmp:          0 kB
CommitLimit:     1242116 kB
Committed_AS:   56815500 kB
VmallocTotal:     409600 kB
VmallocUsed:       35232 kB
VmallocChunk:      81948 kB
Time pass: 75 sec

---2015-12-16 17:19:16
MemTotal:        1959952 kB
MemFree:          101576 kB
Buffers:            2784 kB
Cached:           943936 kB
SwapCached:         1512 kB
Active:           755612 kB
Inactive:         642120 kB
Active(anon):     282456 kB
Inactive(anon):   170696 kB
Active(file):     473156 kB
Inactive(file):   471424 kB
Unevictable:        1744 kB
Mlocked:               0 kB
HighTotal:       1372556 kB
HighFree:          39404 kB
LowTotal:         587396 kB
LowFree:           62172 kB
SwapTotal:        262140 kB
SwapFree:         221232 kB
Dirty:               720 kB
Writeback:             0 kB
AnonPages:        452732 kB
Mapped:           340944 kB
Shmem:               396 kB
Slab:              55528 kB
SReclaimable:      16776 kB
SUnreclaim:        38752 kB
KernelStack:       15888 kB
PageTables:        27536 kB
NFS_Unstable:          0 kB
Bounce:                0 kB
WritebackTmp:          0 kB
CommitLimit:     1242116 kB
Committed_AS:   56834912 kB
VmallocTotal:     409600 kB
VmallocUsed:       37640 kB
VmallocChunk:      81948 kB
Time pass: 81 sec

---2015-12-16 17:19:16
MemTotal:        1959952 kB
MemFree:          101724 kB
Buffers:            2784 kB
Cached:           918200 kB
SwapCached:         1512 kB
Active:           743916 kB
Inactive:         631968 kB
Active(anon):     285152 kB
Inactive(anon):   172092 kB
Active(file):     458764 kB
Inactive(file):   459876 kB
Unevictable:        1744 kB
Mlocked:               0 kB
HighTotal:       1372556 kB
HighFree:          39948 kB
LowTotal:         587396 kB
LowFree:           61776 kB
SwapTotal:        262140 kB
SwapFree:         219984 kB
Dirty:               720 kB
Writeback:             0 kB
AnonPages:        456600 kB
Mapped:           341008 kB
Shmem:               600 kB
Slab:              55400 kB
SReclaimable:      16784 kB
SUnreclaim:        38616 kB
KernelStack:       15872 kB
PageTables:        27700 kB
NFS_Unstable:          0 kB
Bounce:                0 kB
WritebackTmp:          0 kB
CommitLimit:     1242116 kB
Committed_AS:   56838284 kB
VmallocTotal:     409600 kB
VmallocUsed:       37640 kB
VmallocChunk:      81948 kB
Time pass: 86 sec

---2015-12-16 17:19:16
MemTotal:        1959952 kB
MemFree:          101656 kB
Buffers:            2784 kB
Cached:           918200 kB
SwapCached:         1512 kB
Active:           744052 kB
Inactive:         631988 kB
Active(anon):     285288 kB
Inactive(anon):   172112 kB
Active(file):     458764 kB
Inactive(file):   459876 kB
Unevictable:        1744 kB
Mlocked:               0 kB
HighTotal:       1372556 kB
HighFree:          38740 kB
LowTotal:         587396 kB
LowFree:           62916 kB
SwapTotal:        262140 kB
SwapFree:         219984 kB
Dirty:               720 kB
Writeback:             0 kB
AnonPages:        456716 kB
Mapped:           340984 kB
Shmem:               600 kB
Slab:              55504 kB
SReclaimable:      16792 kB
SUnreclaim:        38712 kB
KernelStack:       15888 kB
PageTables:        27712 kB
NFS_Unstable:          0 kB
Bounce:                0 kB
WritebackTmp:          0 kB
CommitLimit:     1242116 kB
Committed_AS:   56838276 kB
VmallocTotal:     409600 kB
VmallocUsed:       37640 kB
VmallocChunk:      81948 kB
Time pass: 91 sec

---2015-12-16 17:19:16
MemTotal:        1959952 kB
MemFree:           96396 kB
Buffers:            2784 kB
Cached:           918252 kB
SwapCached:         1512 kB
Active:           744616 kB
Inactive:         632040 kB
Active(anon):     285852 kB
Inactive(anon):   172164 kB
Active(file):     458764 kB
Inactive(file):   459876 kB
Unevictable:        1744 kB
Mlocked:               0 kB
HighTotal:       1372556 kB
HighFree:          35144 kB
LowTotal:         587396 kB
LowFree:           61252 kB
SwapTotal:        262140 kB
SwapFree:         219984 kB
Dirty:               720 kB
Writeback:             0 kB
AnonPages:        457152 kB
Mapped:           341152 kB
Shmem:               652 kB
Slab:              55344 kB
SReclaimable:      16792 kB
SUnreclaim:        38552 kB
KernelStack:       15888 kB
PageTables:        27708 kB
NFS_Unstable:          0 kB
Bounce:                0 kB
WritebackTmp:          0 kB
CommitLimit:     1242116 kB
Committed_AS:   56838424 kB
VmallocTotal:     409600 kB
VmallocUsed:       37640 kB
VmallocChunk:      81948 kB
Time pass: 94 sec

---2015-12-16 17:19:16
MemTotal:        1959952 kB
MemFree:           92076 kB
Buffers:            2784 kB
Cached:           918252 kB
SwapCached:         1512 kB
Active:           744664 kB
Inactive:         632036 kB
Active(anon):     285900 kB
Inactive(anon):   172160 kB
Active(file):     458764 kB
Inactive(file):   459876 kB
Unevictable:        1744 kB
Mlocked:               0 kB
HighTotal:       1372556 kB
HighFree:          31032 kB
LowTotal:         587396 kB
LowFree:           61044 kB
SwapTotal:        262140 kB
SwapFree:         219984 kB
Dirty:               720 kB
Writeback:             0 kB
AnonPages:        457328 kB
Mapped:           341104 kB
Shmem:               652 kB
Slab:              55432 kB
SReclaimable:      16792 kB
SUnreclaim:        38640 kB
KernelStack:       15888 kB
PageTables:        27616 kB
NFS_Unstable:          0 kB
Bounce:                0 kB
WritebackTmp:          0 kB
CommitLimit:     1242116 kB
Committed_AS:   56840552 kB
VmallocTotal:     409600 kB
VmallocUsed:       37640 kB
VmallocChunk:      81948 kB
Time pass: 98 sec

---2015-12-16 17:19:16
MemTotal:        1959952 kB
MemFree:           87416 kB
Buffers:            2784 kB
Cached:           918252 kB
SwapCached:         1512 kB
Active:           744768 kB
Inactive:         632036 kB
Active(anon):     286004 kB
Inactive(anon):   172160 kB
Active(file):     458764 kB
Inactive(file):   459876 kB
Unevictable:        1744 kB
Mlocked:               0 kB
HighTotal:       1372556 kB
HighFree:          31576 kB
LowTotal:         587396 kB
LowFree:           55840 kB
SwapTotal:        262140 kB
SwapFree:         219984 kB
Dirty:               720 kB
Writeback:             0 kB
AnonPages:        457532 kB
Mapped:           341120 kB
Shmem:               652 kB
Slab:              55632 kB
SReclaimable:      16792 kB
SUnreclaim:        38840 kB
KernelStack:       15888 kB
PageTables:        27744 kB
NFS_Unstable:          0 kB
Bounce:                0 kB
WritebackTmp:          0 kB
CommitLimit:     1242116 kB
Committed_AS:   56840548 kB
VmallocTotal:     409600 kB
VmallocUsed:       37640 kB
VmallocChunk:      81948 kB
Time pass: 102 sec

---2015-12-16 17:19:16
MemTotal:        1959952 kB
MemFree:           87588 kB
Buffers:            2784 kB
Cached:           918280 kB
SwapCached:         1512 kB
Active:           744860 kB
Inactive:         632064 kB
Active(anon):     286096 kB
Inactive(anon):   172188 kB
Active(file):     458764 kB
Inactive(file):   459876 kB
Unevictable:        1744 kB
Mlocked:               0 kB
HighTotal:       1372556 kB
HighFree:          31652 kB
LowTotal:         587396 kB
LowFree:           55936 kB
SwapTotal:        262140 kB
SwapFree:         219984 kB
Dirty:               720 kB
Writeback:             0 kB
AnonPages:        457536 kB
Mapped:           341084 kB
Shmem:               680 kB
Slab:              55496 kB
SReclaimable:      16792 kB
SUnreclaim:        38704 kB
KernelStack:       15888 kB
PageTables:        27748 kB
NFS_Unstable:          0 kB
Bounce:                0 kB
WritebackTmp:          0 kB
CommitLimit:     1242116 kB
Committed_AS:   56840556 kB
VmallocTotal:     409600 kB
VmallocUsed:       37640 kB
VmallocChunk:      81948 kB
Time pass: 106 sec

---2015-12-16 17:19:16
MemTotal:        1959952 kB
MemFree:          105000 kB
Buffers:            1612 kB
Cached:           894640 kB
SwapCached:         1512 kB
Active:           729384 kB
Inactive:         621840 kB
Active(anon):     282664 kB
Inactive(anon):   174760 kB
Active(file):     446720 kB
Inactive(file):   447080 kB
Unevictable:        1744 kB
Mlocked:               0 kB
HighTotal:       1372556 kB
HighFree:          44376 kB
LowTotal:         587396 kB
LowFree:           60624 kB
SwapTotal:        262140 kB
SwapFree:         218652 kB
Dirty:               936 kB
Writeback:             0 kB
AnonPages:        456612 kB
Mapped:           346992 kB
Shmem:               708 kB
Slab:              55556 kB
SReclaimable:      16768 kB
SUnreclaim:        38788 kB
KernelStack:       15872 kB
PageTables:        27740 kB
NFS_Unstable:          0 kB
Bounce:                0 kB
WritebackTmp:          0 kB
CommitLimit:     1242116 kB
Committed_AS:   56840772 kB
VmallocTotal:     409600 kB
VmallocUsed:       37676 kB
VmallocChunk:      81948 kB
Time pass: 110 sec

---2015-12-16 17:19:16
MemTotal:        1959952 kB
MemFree:          100728 kB
Buffers:            2764 kB
Cached:           897516 kB
SwapCached:         1512 kB
Active:           725640 kB
Inactive:         625672 kB
Active(anon):     278720 kB
Inactive(anon):   174316 kB
Active(file):     446920 kB
Inactive(file):   451356 kB
Unevictable:        1744 kB
Mlocked:               0 kB
HighTotal:       1372556 kB
HighFree:          41772 kB
LowTotal:         587396 kB
LowFree:           58956 kB
SwapTotal:        262140 kB
SwapFree:         218656 kB
Dirty:               740 kB
Writeback:             0 kB
AnonPages:        452864 kB
Mapped:           346412 kB
Shmem:               260 kB
Slab:              55908 kB
SReclaimable:      16816 kB
SUnreclaim:        39092 kB
KernelStack:       15728 kB
PageTables:        27436 kB
NFS_Unstable:          0 kB
Bounce:                0 kB
WritebackTmp:          0 kB
CommitLimit:     1242116 kB
Committed_AS:   56827816 kB
VmallocTotal:     409600 kB
VmallocUsed:       37656 kB
VmallocChunk:      81948 kB
Time pass: 114 sec

---2015-12-16 17:19:16
MemTotal:        1959952 kB
MemFree:          332452 kB
Buffers:            2764 kB
Cached:           884344 kB
SwapCached:         1532 kB
Active:           647016 kB
Inactive:         616680 kB
Active(anon):     204408 kB
Inactive(anon):   173992 kB
Active(file):     442608 kB
Inactive(file):   442688 kB
Unevictable:        1744 kB
Mlocked:               0 kB
HighTotal:       1372556 kB
HighFree:         196068 kB
LowTotal:         587396 kB
LowFree:          136384 kB
SwapTotal:        262140 kB
SwapFree:         218032 kB
Dirty:               464 kB
Writeback:             0 kB
AnonPages:        378232 kB
Mapped:           258644 kB
Shmem:               124 kB
Slab:              55908 kB
SReclaimable:      16800 kB
SUnreclaim:        39108 kB
KernelStack:       14992 kB
PageTables:        25640 kB
NFS_Unstable:          0 kB
Bounce:                0 kB
WritebackTmp:          0 kB
CommitLimit:     1242116 kB
Committed_AS:   54814884 kB
VmallocTotal:     409600 kB
VmallocUsed:       35908 kB
VmallocChunk:      81948 kB
Time pass: 119 sec

---2015-12-16 17:19:16
MemTotal:        1959952 kB
MemFree:          334368 kB
Buffers:            2764 kB
Cached:           884312 kB
SwapCached:         1524 kB
Active:           645856 kB
Inactive:         615752 kB
Active(anon):     203248 kB
Inactive(anon):   173008 kB
Active(file):     442608 kB
Inactive(file):   442744 kB
Unevictable:        1744 kB
Mlocked:               0 kB
HighTotal:       1372556 kB
HighFree:         196772 kB
LowTotal:         587396 kB
LowFree:          137596 kB
SwapTotal:        262140 kB
SwapFree:         218048 kB
Dirty:               436 kB
Writeback:             0 kB
AnonPages:        376116 kB
Mapped:           258644 kB
Shmem:               124 kB
Slab:              55832 kB
SReclaimable:      16800 kB
SUnreclaim:        39032 kB
KernelStack:       14992 kB
PageTables:        25640 kB
NFS_Unstable:          0 kB
Bounce:                0 kB
WritebackTmp:          0 kB
CommitLimit:     1242116 kB
Committed_AS:   54814788 kB
VmallocTotal:     409600 kB
VmallocUsed:       35908 kB
VmallocChunk:      81948 kB
Time pass: 123 sec

---2015-12-16 17:19:16
MemTotal:        1959952 kB
MemFree:          334204 kB
Buffers:            2764 kB
Cached:           884312 kB
SwapCached:         1524 kB
Active:           645972 kB
Inactive:         615744 kB
Active(anon):     203356 kB
Inactive(anon):   173008 kB
Active(file):     442616 kB
Inactive(file):   442736 kB
Unevictable:        1744 kB
Mlocked:               0 kB
HighTotal:       1372556 kB
HighFree:         196704 kB
LowTotal:         587396 kB
LowFree:          137500 kB
SwapTotal:        262140 kB
SwapFree:         218048 kB
Dirty:               260 kB
Writeback:             0 kB
AnonPages:        376152 kB
Mapped:           258644 kB
Shmem:               124 kB
Slab:              56032 kB
SReclaimable:      16800 kB
SUnreclaim:        39232 kB
KernelStack:       14992 kB
PageTables:        25640 kB
NFS_Unstable:          0 kB
Bounce:                0 kB
WritebackTmp:          0 kB
CommitLimit:     1242116 kB
Committed_AS:   54815060 kB
VmallocTotal:     409600 kB
VmallocUsed:       35908 kB
VmallocChunk:      81948 kB
Time pass: 126 sec

---2015-12-16 17:19:16
MemTotal:        1959952 kB
MemFree:          339108 kB
Buffers:            2764 kB
Cached:           884304 kB
SwapCached:         1524 kB
Active:           646140 kB
Inactive:         615460 kB
Active(anon):     203532 kB
Inactive(anon):   172852 kB
Active(file):     442608 kB
Inactive(file):   442608 kB
Unevictable:        1744 kB
Mlocked:               0 kB
HighTotal:       1372556 kB
HighFree:         196544 kB
LowTotal:         587396 kB
LowFree:          142564 kB
SwapTotal:        262140 kB
SwapFree:         218048 kB
Dirty:               220 kB
Writeback:             0 kB
AnonPages:        376172 kB
Mapped:           258652 kB
Shmem:               124 kB
Slab:              55844 kB
SReclaimable:      16800 kB
SUnreclaim:        39044 kB
KernelStack:       14888 kB
PageTables:        25684 kB
NFS_Unstable:          0 kB
Bounce:                0 kB
WritebackTmp:          0 kB
CommitLimit:     1242116 kB
Committed_AS:   54815140 kB
VmallocTotal:     409600 kB
VmallocUsed:       33500 kB
VmallocChunk:      81948 kB
Time pass: 130 sec

---2015-12-16 17:19:16
MemTotal:        1959952 kB
MemFree:          339448 kB
Buffers:            2764 kB
Cached:           884304 kB
SwapCached:         1524 kB
Active:           646272 kB
Inactive:         615460 kB
Active(anon):     203664 kB
Inactive(anon):   172852 kB
Active(file):     442608 kB
Inactive(file):   442608 kB
Unevictable:        1744 kB
Mlocked:               0 kB
HighTotal:       1372556 kB
HighFree:         196580 kB
LowTotal:         587396 kB
LowFree:          142868 kB
SwapTotal:        262140 kB
SwapFree:         218048 kB
Dirty:               220 kB
Writeback:             0 kB
AnonPages:        376260 kB
Mapped:           258632 kB
Shmem:               124 kB
Slab:              55820 kB
SReclaimable:      16800 kB
SUnreclaim:        39020 kB
KernelStack:       14872 kB
PageTables:        25656 kB
NFS_Unstable:          0 kB
Bounce:                0 kB
WritebackTmp:          0 kB
CommitLimit:     1242116 kB
Committed_AS:   54815136 kB
VmallocTotal:     409600 kB
VmallocUsed:       33500 kB
VmallocChunk:      81948 kB
Time pass: 134 sec

---2015-12-16 17:19:16
MemTotal:        1959952 kB
MemFree:          339236 kB
Buffers:            2764 kB
Cached:           884304 kB
SwapCached:         1524 kB
Active:           646460 kB
Inactive:         615460 kB
Active(anon):     203852 kB
Inactive(anon):   172852 kB
Active(file):     442608 kB
Inactive(file):   442608 kB
Unevictable:        1744 kB
Mlocked:               0 kB
HighTotal:       1372556 kB
HighFree:         196360 kB
LowTotal:         587396 kB
LowFree:          142876 kB
SwapTotal:        262140 kB
SwapFree:         218048 kB
Dirty:               220 kB
Writeback:             0 kB
AnonPages:        376468 kB
Mapped:           258660 kB
Shmem:               124 kB
Slab:              55772 kB
SReclaimable:      16800 kB
SUnreclaim:        38972 kB
KernelStack:       14888 kB
PageTables:        25684 kB
NFS_Unstable:          0 kB
Bounce:                0 kB
WritebackTmp:          0 kB
CommitLimit:     1242116 kB
Committed_AS:   54815420 kB
VmallocTotal:     409600 kB
VmallocUsed:       33500 kB
VmallocChunk:      81948 kB
Time pass: 137 sec

---2015-12-16 17:19:16
MemTotal:        1959952 kB
MemFree:          338968 kB
Buffers:            2764 kB
Cached:           884304 kB
SwapCached:         1524 kB
Active:           646684 kB
Inactive:         615456 kB
Active(anon):     204076 kB
Inactive(anon):   172848 kB
Active(file):     442608 kB
Inactive(file):   442608 kB
Unevictable:        1744 kB
Mlocked:               0 kB
HighTotal:       1372556 kB
HighFree:         196188 kB
LowTotal:         587396 kB
LowFree:          142780 kB
SwapTotal:        262140 kB
SwapFree:         218048 kB
Dirty:               220 kB
Writeback:             0 kB
AnonPages:        376608 kB
Mapped:           258672 kB
Shmem:               124 kB
Slab:              55768 kB
SReclaimable:      16800 kB
SUnreclaim:        38968 kB
KernelStack:       14904 kB
PageTables:        25692 kB
NFS_Unstable:          0 kB
Bounce:                0 kB
WritebackTmp:          0 kB
CommitLimit:     1242116 kB
Committed_AS:   54815388 kB
VmallocTotal:     409600 kB
VmallocUsed:       33500 kB
VmallocChunk:      81948 kB
Time pass: 141 sec

---2015-12-16 17:19:16
MemTotal:        1959952 kB
MemFree:          338860 kB
Buffers:            2764 kB
Cached:           884304 kB
SwapCached:         1524 kB
Active:           646812 kB
Inactive:         615456 kB
Active(anon):     204204 kB
Inactive(anon):   172848 kB
Active(file):     442608 kB
Inactive(file):   442608 kB
Unevictable:        1744 kB
Mlocked:               0 kB
HighTotal:       1372556 kB
HighFree:         196076 kB
LowTotal:         587396 kB
LowFree:          142784 kB
SwapTotal:        262140 kB
SwapFree:         218048 kB
Dirty:               220 kB
Writeback:             0 kB
AnonPages:        376752 kB
Mapped:           258660 kB
Shmem:               124 kB
Slab:              55768 kB
SReclaimable:      16800 kB
SUnreclaim:        38968 kB
KernelStack:       14888 kB
PageTables:        25684 kB
NFS_Unstable:          0 kB
Bounce:                0 kB
WritebackTmp:          0 kB
CommitLimit:     1242116 kB
Committed_AS:   54815588 kB
VmallocTotal:     409600 kB
VmallocUsed:       33500 kB
VmallocChunk:      81948 kB
Time pass: 144 sec

---2015-12-16 17:19:16
MemTotal:        1959952 kB
MemFree:          338696 kB
Buffers:            2764 kB
Cached:           884320 kB
SwapCached:         1524 kB
Active:           646984 kB
Inactive:         615472 kB
Active(anon):     204376 kB
Inactive(anon):   172848 kB
Active(file):     442608 kB
Inactive(file):   442624 kB
Unevictable:        1744 kB
Mlocked:               0 kB
HighTotal:       1372556 kB
HighFree:         195896 kB
LowTotal:         587396 kB
LowFree:          142800 kB
SwapTotal:        262140 kB
SwapFree:         218048 kB
Dirty:               224 kB
Writeback:             0 kB
AnonPages:        376940 kB
Mapped:           258660 kB
Shmem:               124 kB
Slab:              55724 kB
SReclaimable:      16800 kB
SUnreclaim:        38924 kB
KernelStack:       14888 kB
PageTables:        25684 kB
NFS_Unstable:          0 kB
Bounce:                0 kB
WritebackTmp:          0 kB
CommitLimit:     1242116 kB
Committed_AS:   54815696 kB
VmallocTotal:     409600 kB
VmallocUsed:       33500 kB
VmallocChunk:      81948 kB
Time pass: 148 sec

---2015-12-16 17:19:16
MemTotal:        1959952 kB
MemFree:          246796 kB
Buffers:            2764 kB
Cached:           885100 kB
SwapCached:         1580 kB
Active:           682960 kB
Inactive:         614280 kB
Active(anon):     238280 kB
Inactive(anon):   173032 kB
Active(file):     444680 kB
Inactive(file):   441248 kB
Unevictable:        1744 kB
Mlocked:               0 kB
HighTotal:       1372556 kB
HighFree:         136884 kB
LowTotal:         587396 kB
LowFree:          109912 kB
SwapTotal:        262140 kB
SwapFree:         218052 kB
Dirty:               992 kB
Writeback:             0 kB
AnonPages:        411080 kB
Mapped:           287296 kB
Shmem:               256 kB
Slab:              55816 kB
SReclaimable:      16848 kB
SUnreclaim:        38968 kB
KernelStack:       15536 kB
PageTables:        26524 kB
NFS_Unstable:          0 kB
Bounce:                0 kB
WritebackTmp:          0 kB
CommitLimit:     1242116 kB
Committed_AS:   55835836 kB
VmallocTotal:     409600 kB
VmallocUsed:       33764 kB
VmallocChunk:      81948 kB
Time pass: 153 sec

---2015-12-16 17:19:16
MemTotal:        1959952 kB
MemFree:          214376 kB
Buffers:            2764 kB
Cached:           886492 kB
SwapCached:         1620 kB
Active:           691800 kB
Inactive:         614072 kB
Active(anon):     246868 kB
Inactive(anon):   171796 kB
Active(file):     444932 kB
Inactive(file):   442276 kB
Unevictable:        1744 kB
Mlocked:               0 kB
HighTotal:       1372556 kB
HighFree:         120612 kB
LowTotal:         587396 kB
LowFree:           93764 kB
SwapTotal:        262140 kB
SwapFree:         218052 kB
Dirty:              1580 kB
Writeback:             0 kB
AnonPages:        418048 kB
Mapped:           293752 kB
Shmem:               260 kB
Slab:              56132 kB
SReclaimable:      16872 kB
SUnreclaim:        39260 kB
KernelStack:       15616 kB
PageTables:        26640 kB
NFS_Unstable:          0 kB
Bounce:                0 kB
WritebackTmp:          0 kB
CommitLimit:     1242116 kB
Committed_AS:   55843492 kB
VmallocTotal:     409600 kB
VmallocUsed:       33864 kB
VmallocChunk:      81948 kB
Time pass: 156 sec

---2015-12-16 17:19:16
MemTotal:        1959952 kB
MemFree:          153088 kB
Buffers:            2764 kB
Cached:           893580 kB
SwapCached:         1620 kB
Active:           699516 kB
Inactive:         619820 kB
Active(anon):     253204 kB
Inactive(anon):   171796 kB
Active(file):     446312 kB
Inactive(file):   448024 kB
Unevictable:        1744 kB
Mlocked:               0 kB
HighTotal:       1372556 kB
HighFree:          78684 kB
LowTotal:         587396 kB
LowFree:           74404 kB
SwapTotal:        262140 kB
SwapFree:         218052 kB
Dirty:              7520 kB
Writeback:             0 kB
AnonPages:        424620 kB
Mapped:           322388 kB
Shmem:               260 kB
Slab:              56084 kB
SReclaimable:      16880 kB
SUnreclaim:        39204 kB
KernelStack:       15616 kB
PageTables:        26764 kB
NFS_Unstable:          0 kB
Bounce:                0 kB
WritebackTmp:          0 kB
CommitLimit:     1242116 kB
Committed_AS:   55854788 kB
VmallocTotal:     409600 kB
VmallocUsed:       34064 kB
VmallocChunk:      81948 kB
Time pass: 160 sec

---2015-12-16 17:19:16
MemTotal:        1959952 kB
MemFree:          144368 kB
Buffers:            2764 kB
Cached:           893900 kB
SwapCached:         1620 kB
Active:           694856 kB
Inactive:         619896 kB
Active(anon):     248284 kB
Inactive(anon):   171796 kB
Active(file):     446572 kB
Inactive(file):   448100 kB
Unevictable:        1744 kB
Mlocked:               0 kB
HighTotal:       1372556 kB
HighFree:          70080 kB
LowTotal:         587396 kB
LowFree:           74288 kB
SwapTotal:        262140 kB
SwapFree:         218052 kB
Dirty:               716 kB
Writeback:             0 kB
AnonPages:        419632 kB
Mapped:           333260 kB
Shmem:               260 kB
Slab:              56140 kB
SReclaimable:      16880 kB
SUnreclaim:        39260 kB
KernelStack:       15608 kB
PageTables:        26764 kB
NFS_Unstable:          0 kB
Bounce:                0 kB
WritebackTmp:          0 kB
CommitLimit:     1242116 kB
Committed_AS:   55853612 kB
VmallocTotal:     409600 kB
VmallocUsed:       34100 kB
VmallocChunk:      81948 kB
Time pass: 164 sec

---2015-12-16 17:19:16
MemTotal:        1959952 kB
MemFree:          143948 kB
Buffers:            2764 kB
Cached:           893900 kB
SwapCached:         1620 kB
Active:           695232 kB
Inactive:         619900 kB
Active(anon):     248660 kB
Inactive(anon):   171796 kB
Active(file):     446572 kB
Inactive(file):   448104 kB
Unevictable:        1744 kB
Mlocked:               0 kB
HighTotal:       1372556 kB
HighFree:          69816 kB
LowTotal:         587396 kB
LowFree:           74132 kB
SwapTotal:        262140 kB
SwapFree:         218052 kB
Dirty:               720 kB
Writeback:             0 kB
AnonPages:        419980 kB
Mapped:           333340 kB
Shmem:               260 kB
Slab:              56200 kB
SReclaimable:      16880 kB
SUnreclaim:        39320 kB
KernelStack:       15624 kB
PageTables:        26760 kB
NFS_Unstable:          0 kB
Bounce:                0 kB
WritebackTmp:          0 kB
CommitLimit:     1242116 kB
Committed_AS:   55845128 kB
VmallocTotal:     409600 kB
VmallocUsed:       34100 kB
VmallocChunk:      81948 kB
Time pass: 168 sec

---2015-12-16 17:19:16
MemTotal:        1959952 kB
MemFree:          126544 kB
Buffers:            2764 kB
Cached:           893908 kB
SwapCached:         1620 kB
Active:           707972 kB
Inactive:         619804 kB
Active(anon):     261316 kB
Inactive(anon):   171796 kB
Active(file):     446656 kB
Inactive(file):   448008 kB
Unevictable:        1744 kB
Mlocked:               0 kB
HighTotal:       1372556 kB
HighFree:          52512 kB
LowTotal:         587396 kB
LowFree:           74032 kB
SwapTotal:        262140 kB
SwapFree:         218052 kB
Dirty:               820 kB
Writeback:             0 kB
AnonPages:        432648 kB
Mapped:           338928 kB
Shmem:               260 kB
Slab:              56076 kB
SReclaimable:      16880 kB
SUnreclaim:        39196 kB
KernelStack:       15616 kB
PageTables:        26788 kB
NFS_Unstable:          0 kB
Bounce:                0 kB
WritebackTmp:          0 kB
CommitLimit:     1242116 kB
Committed_AS:   55857532 kB
VmallocTotal:     409600 kB
VmallocUsed:       34112 kB
VmallocChunk:      81948 kB
Time pass: 172 sec

---2015-12-16 17:19:16
MemTotal:        1959952 kB
MemFree:          121172 kB
Buffers:            2764 kB
Cached:           893928 kB
SwapCached:         1620 kB
Active:           701232 kB
Inactive:         619788 kB
Active(anon):     254548 kB
Inactive(anon):   171788 kB
Active(file):     446684 kB
Inactive(file):   448000 kB
Unevictable:        1744 kB
Mlocked:               0 kB
HighTotal:       1372556 kB
HighFree:          46952 kB
LowTotal:         587396 kB
LowFree:           74220 kB
SwapTotal:        262140 kB
SwapFree:         218052 kB
Dirty:               672 kB
Writeback:             0 kB
AnonPages:        425788 kB
Mapped:           347680 kB
Shmem:               260 kB
Slab:              56172 kB
SReclaimable:      16888 kB
SUnreclaim:        39284 kB
KernelStack:       15632 kB
PageTables:        26816 kB
NFS_Unstable:          0 kB
Bounce:                0 kB
WritebackTmp:          0 kB
CommitLimit:     1242116 kB
Committed_AS:   55849248 kB
VmallocTotal:     409600 kB
VmallocUsed:       34176 kB
VmallocChunk:      81948 kB
Time pass: 176 sec

---2015-12-16 17:19:16
MemTotal:        1959952 kB
MemFree:          120092 kB
Buffers:            2764 kB
Cached:           894056 kB
SwapCached:         1620 kB
Active:           701652 kB
Inactive:         619916 kB
Active(anon):     254968 kB
Inactive(anon):   171788 kB
Active(file):     446684 kB
Inactive(file):   448128 kB
Unevictable:        1744 kB
Mlocked:               0 kB
HighTotal:       1372556 kB
HighFree:          46008 kB
LowTotal:         587396 kB
LowFree:           74084 kB
SwapTotal:        262140 kB
SwapFree:         218052 kB
Dirty:               672 kB
Writeback:             0 kB
AnonPages:        426088 kB
Mapped:           347736 kB
Shmem:               260 kB
Slab:              56408 kB
SReclaimable:      16896 kB
SUnreclaim:        39512 kB
KernelStack:       15648 kB
PageTables:        26828 kB
NFS_Unstable:          0 kB
Bounce:                0 kB
WritebackTmp:          0 kB
CommitLimit:     1242116 kB
Committed_AS:   55849336 kB
VmallocTotal:     409600 kB
VmallocUsed:       34176 kB
VmallocChunk:      81948 kB
Time pass: 180 sec

---2015-12-16 17:19:16
MemTotal:        1959952 kB
MemFree:          116660 kB
Buffers:            2764 kB
Cached:           894096 kB
SwapCached:         1620 kB
Active:           706360 kB
Inactive:         619132 kB
Active(anon):     258852 kB
Inactive(anon):   171792 kB
Active(file):     447508 kB
Inactive(file):   447340 kB
Unevictable:        1744 kB
Mlocked:               0 kB
HighTotal:       1372556 kB
HighFree:          44760 kB
LowTotal:         587396 kB
LowFree:           71900 kB
SwapTotal:        262140 kB
SwapFree:         218052 kB
Dirty:               672 kB
Writeback:             0 kB
AnonPages:        430108 kB
Mapped:           350580 kB
Shmem:               264 kB
Slab:              56104 kB
SReclaimable:      16896 kB
SUnreclaim:        39208 kB
KernelStack:       15776 kB
PageTables:        26940 kB
NFS_Unstable:          0 kB
Bounce:                0 kB
WritebackTmp:          0 kB
CommitLimit:     1242116 kB
Committed_AS:   55871512 kB
VmallocTotal:     409600 kB
VmallocUsed:       34176 kB
VmallocChunk:      81948 kB
Time pass: 184 sec

---2015-12-16 17:19:16
MemTotal:        1959952 kB
MemFree:          110016 kB
Buffers:            2764 kB
Cached:           894444 kB
SwapCached:         1620 kB
Active:           711252 kB
Inactive:         619316 kB
Active(anon):     263580 kB
Inactive(anon):   172088 kB
Active(file):     447672 kB
Inactive(file):   447228 kB
Unevictable:        1744 kB
Mlocked:               0 kB
HighTotal:       1372556 kB
HighFree:          38404 kB
LowTotal:         587396 kB
LowFree:           71612 kB
SwapTotal:        262140 kB
SwapFree:         218052 kB
Dirty:               672 kB
Writeback:             0 kB
AnonPages:        435052 kB
Mapped:           350980 kB
Shmem:               564 kB
Slab:              55824 kB
SReclaimable:      16896 kB
SUnreclaim:        38928 kB
KernelStack:       15816 kB
PageTables:        27040 kB
NFS_Unstable:          0 kB
Bounce:                0 kB
WritebackTmp:          0 kB
CommitLimit:     1242116 kB
Committed_AS:   55875264 kB
VmallocTotal:     409600 kB
VmallocUsed:       34176 kB
VmallocChunk:      81948 kB
Time pass: 189 sec

---2015-12-16 17:19:16
MemTotal:        1959952 kB
MemFree:          108536 kB
Buffers:            2764 kB
Cached:           894544 kB
SwapCached:         1620 kB
Active:           711788 kB
Inactive:         619412 kB
Active(anon):     264112 kB
Inactive(anon):   172184 kB
Active(file):     447676 kB
Inactive(file):   447228 kB
Unevictable:        1744 kB
Mlocked:               0 kB
HighTotal:       1372556 kB
HighFree:          37740 kB
LowTotal:         587396 kB
LowFree:           70796 kB
SwapTotal:        262140 kB
SwapFree:         218052 kB
Dirty:               680 kB
Writeback:             0 kB
AnonPages:        435564 kB
Mapped:           351052 kB
Shmem:               660 kB
Slab:              55856 kB
SReclaimable:      16896 kB
SUnreclaim:        38960 kB
KernelStack:       15816 kB
PageTables:        27056 kB
NFS_Unstable:          0 kB
Bounce:                0 kB
WritebackTmp:          0 kB
CommitLimit:     1242116 kB
Committed_AS:   55875272 kB
VmallocTotal:     409600 kB
VmallocUsed:       34176 kB
VmallocChunk:      81948 kB
Time pass: 193 sec

---2015-12-16 17:19:16
MemTotal:        1959952 kB
MemFree:          108188 kB
Buffers:            2764 kB
Cached:           894572 kB
SwapCached:         1620 kB
Active:           712452 kB
Inactive:         619440 kB
Active(anon):     264776 kB
Inactive(anon):   172212 kB
Active(file):     447676 kB
Inactive(file):   447228 kB
Unevictable:        1744 kB
Mlocked:               0 kB
HighTotal:       1372556 kB
HighFree:          37368 kB
LowTotal:         587396 kB
LowFree:           70820 kB
SwapTotal:        262140 kB
SwapFree:         218052 kB
Dirty:               676 kB
Writeback:             0 kB
AnonPages:        436124 kB
Mapped:           351152 kB
Shmem:               688 kB
Slab:              55856 kB
SReclaimable:      16896 kB
SUnreclaim:        38960 kB
KernelStack:       15816 kB
PageTables:        27056 kB
NFS_Unstable:          0 kB
Bounce:                0 kB
WritebackTmp:          0 kB
CommitLimit:     1242116 kB
Committed_AS:   55875736 kB
VmallocTotal:     409600 kB
VmallocUsed:       34176 kB
VmallocChunk:      81948 kB
Time pass: 197 sec

---2015-12-16 17:19:16
MemTotal:        1959952 kB
MemFree:           95684 kB
Buffers:            2764 kB
Cached:           894460 kB
SwapCached:         1620 kB
Active:           724584 kB
Inactive:         619328 kB
Active(anon):     276904 kB
Inactive(anon):   172100 kB
Active(file):     447680 kB
Inactive(file):   447228 kB
Unevictable:        1744 kB
Mlocked:               0 kB
HighTotal:       1372556 kB
HighFree:          25152 kB
LowTotal:         587396 kB
LowFree:           70532 kB
SwapTotal:        262140 kB
SwapFree:         218056 kB
Dirty:               676 kB
Writeback:             0 kB
AnonPages:        448360 kB
Mapped:           351172 kB
Shmem:               572 kB
Slab:              55900 kB
SReclaimable:      16896 kB
SUnreclaim:        39004 kB
KernelStack:       15848 kB
PageTables:        27076 kB
NFS_Unstable:          0 kB
Bounce:                0 kB
WritebackTmp:          0 kB
CommitLimit:     1242116 kB
Committed_AS:   55890868 kB
VmallocTotal:     409600 kB
VmallocUsed:       34176 kB
VmallocChunk:      81948 kB
Time pass: 201 sec

---2015-12-16 17:19:16
MemTotal:        1959952 kB
MemFree:           87264 kB
Buffers:            3084 kB
Cached:           899728 kB
SwapCached:         1620 kB
Active:           729568 kB
Inactive:         624788 kB
Active(anon):     281768 kB
Inactive(anon):   172120 kB
Active(file):     447800 kB
Inactive(file):   452668 kB
Unevictable:        1744 kB
Mlocked:               0 kB
HighTotal:       1372556 kB
HighFree:          27340 kB
LowTotal:         587396 kB
LowFree:           59924 kB
SwapTotal:        262140 kB
SwapFree:         218056 kB
Dirty:               712 kB
Writeback:             0 kB
AnonPages:        453128 kB
Mapped:           348644 kB
Shmem:               600 kB
Slab:              55896 kB
SReclaimable:      16896 kB
SUnreclaim:        39000 kB
KernelStack:       15832 kB
PageTables:        27076 kB
NFS_Unstable:          0 kB
Bounce:                0 kB
WritebackTmp:          0 kB
CommitLimit:     1242116 kB
Committed_AS:   55892488 kB
VmallocTotal:     409600 kB
VmallocUsed:       34176 kB
VmallocChunk:      81948 kB
Time pass: 206 sec

---2015-12-16 17:19:16
MemTotal:        1959952 kB
MemFree:           85580 kB
Buffers:            3084 kB
Cached:           899836 kB
SwapCached:         1620 kB
Active:           734880 kB
Inactive:         621188 kB
Active(anon):     283392 kB
Inactive(anon):   172120 kB
Active(file):     451488 kB
Inactive(file):   449068 kB
Unevictable:        1744 kB
Mlocked:               0 kB
HighTotal:       1372556 kB
HighFree:          24868 kB
LowTotal:         587396 kB
LowFree:           60712 kB
SwapTotal:        262140 kB
SwapFree:         218056 kB
Dirty:               764 kB
Writeback:             0 kB
AnonPages:        454832 kB
Mapped:           348664 kB
Shmem:               620 kB
Slab:              55760 kB
SReclaimable:      16896 kB
SUnreclaim:        38864 kB
KernelStack:       15832 kB
PageTables:        27096 kB
NFS_Unstable:          0 kB
Bounce:                0 kB
WritebackTmp:          0 kB
CommitLimit:     1242116 kB
Committed_AS:   55902788 kB
VmallocTotal:     409600 kB
VmallocUsed:       34176 kB
VmallocChunk:      81948 kB
Time pass: 211 sec

---2015-12-16 17:19:16
MemTotal:        1959952 kB
MemFree:           83372 kB
Buffers:            3084 kB
Cached:           899844 kB
SwapCached:         1620 kB
Active:           737036 kB
Inactive:         621180 kB
Active(anon):     285536 kB
Inactive(anon):   172124 kB
Active(file):     451500 kB
Inactive(file):   449056 kB
Unevictable:        1744 kB
Mlocked:               0 kB
HighTotal:       1372556 kB
HighFree:          24500 kB
LowTotal:         587396 kB
LowFree:           58872 kB
SwapTotal:        262140 kB
SwapFree:         218056 kB
Dirty:               756 kB
Writeback:             0 kB
AnonPages:        456992 kB
Mapped:           348636 kB
Shmem:               628 kB
Slab:              55796 kB
SReclaimable:      16896 kB
SUnreclaim:        38900 kB
KernelStack:       15840 kB
PageTables:        27108 kB
NFS_Unstable:          0 kB
Bounce:                0 kB
WritebackTmp:          0 kB
CommitLimit:     1242116 kB
Committed_AS:   55903484 kB
VmallocTotal:     409600 kB
VmallocUsed:       34176 kB
VmallocChunk:      81948 kB
Time pass: 216 sec

---2015-12-16 17:19:16
MemTotal:        1959952 kB
MemFree:          124128 kB
Buffers:            3084 kB
Cached:           886108 kB
SwapCached:         1620 kB
Active:           727696 kB
Inactive:         615220 kB
Active(anon):     283848 kB
Inactive(anon):   172272 kB
Active(file):     443848 kB
Inactive(file):   442948 kB
Unevictable:        1744 kB
Mlocked:               0 kB
HighTotal:       1372556 kB
HighFree:          41480 kB
LowTotal:         587396 kB
LowFree:           82648 kB
SwapTotal:        262140 kB
SwapFree:         217544 kB
Dirty:               752 kB
Writeback:             0 kB
AnonPages:        455272 kB
Mapped:           348852 kB
Shmem:               652 kB
Slab:              55752 kB
SReclaimable:      16792 kB
SUnreclaim:        38960 kB
KernelStack:       15832 kB
PageTables:        27124 kB
NFS_Unstable:          0 kB
Bounce:                0 kB
WritebackTmp:          0 kB
CommitLimit:     1242116 kB
Committed_AS:   55900080 kB
VmallocTotal:     409600 kB
VmallocUsed:       34176 kB
VmallocChunk:      81948 kB
Time pass: 220 sec

---2015-12-16 17:19:16
MemTotal:        1959952 kB
MemFree:          127944 kB
Buffers:            3084 kB
Cached:           886120 kB
SwapCached:         1620 kB
Active:           723400 kB
Inactive:         615232 kB
Active(anon):     279552 kB
Inactive(anon):   172284 kB
Active(file):     443848 kB
Inactive(file):   442948 kB
Unevictable:        1744 kB
Mlocked:               0 kB
HighTotal:       1372556 kB
HighFree:          43668 kB
LowTotal:         587396 kB
LowFree:           84276 kB
SwapTotal:        262140 kB
SwapFree:         217544 kB
Dirty:               768 kB
Writeback:             0 kB
AnonPages:        450784 kB
Mapped:           348864 kB
Shmem:               664 kB
Slab:              55720 kB
SReclaimable:      16888 kB
SUnreclaim:        38832 kB
KernelStack:       15840 kB
PageTables:        27120 kB
NFS_Unstable:          0 kB
Bounce:                0 kB
WritebackTmp:          0 kB
CommitLimit:     1242116 kB
Committed_AS:   55900196 kB
VmallocTotal:     409600 kB
VmallocUsed:       34176 kB
VmallocChunk:      81948 kB
Time pass: 224 sec

---2015-12-16 17:19:16
MemTotal:        1959952 kB
MemFree:          127764 kB
Buffers:            3084 kB
Cached:           886148 kB
SwapCached:         1620 kB
Active:           723532 kB
Inactive:         615260 kB
Active(anon):     279684 kB
Inactive(anon):   172312 kB
Active(file):     443848 kB
Inactive(file):   442948 kB
Unevictable:        1744 kB
Mlocked:               0 kB
HighTotal:       1372556 kB
HighFree:          42452 kB
LowTotal:         587396 kB
LowFree:           85312 kB
SwapTotal:        262140 kB
SwapFree:         217544 kB
Dirty:               768 kB
Writeback:             0 kB
AnonPages:        450836 kB
Mapped:           348892 kB
Shmem:               692 kB
Slab:              55844 kB
SReclaimable:      16888 kB
SUnreclaim:        38956 kB
KernelStack:       16008 kB
PageTables:        27124 kB
NFS_Unstable:          0 kB
Bounce:                0 kB
WritebackTmp:          0 kB
CommitLimit:     1242116 kB
Committed_AS:   55900136 kB
VmallocTotal:     409600 kB
VmallocUsed:       34176 kB
VmallocChunk:      81948 kB
Time pass: 228 sec

---2015-12-16 17:19:16
MemTotal:        1959952 kB
MemFree:          126488 kB
Buffers:            3084 kB
Cached:           886156 kB
SwapCached:         1620 kB
Active:           724512 kB
Inactive:         615264 kB
Active(anon):     280660 kB
Inactive(anon):   172316 kB
Active(file):     443852 kB
Inactive(file):   442948 kB
Unevictable:        1744 kB
Mlocked:               0 kB
HighTotal:       1372556 kB
HighFree:          40192 kB
LowTotal:         587396 kB
LowFree:           86296 kB
SwapTotal:        262140 kB
SwapFree:         217544 kB
Dirty:               768 kB
Writeback:             0 kB
AnonPages:        452036 kB
Mapped:           349120 kB
Shmem:               696 kB
Slab:              55840 kB
SReclaimable:      16888 kB
SUnreclaim:        38952 kB
KernelStack:       15832 kB
PageTables:        26968 kB
NFS_Unstable:          0 kB
Bounce:                0 kB
WritebackTmp:          0 kB
CommitLimit:     1242116 kB
Committed_AS:   55900368 kB
VmallocTotal:     409600 kB
VmallocUsed:       34176 kB
VmallocChunk:      81948 kB
Time pass: 232 sec

---2015-12-16 17:19:16
MemTotal:        1959952 kB
MemFree:          125580 kB
Buffers:            3084 kB
Cached:           886156 kB
SwapCached:         1620 kB
Active:           726580 kB
Inactive:         615264 kB
Active(anon):     282728 kB
Inactive(anon):   172316 kB
Active(file):     443852 kB
Inactive(file):   442948 kB
Unevictable:        1744 kB
Mlocked:               0 kB
HighTotal:       1372556 kB
HighFree:          39180 kB
LowTotal:         587396 kB
LowFree:           86400 kB
SwapTotal:        262140 kB
SwapFree:         217544 kB
Dirty:               756 kB
Writeback:             0 kB
AnonPages:        454376 kB
Mapped:           352240 kB
Shmem:               696 kB
Slab:              55784 kB
SReclaimable:      16896 kB
SUnreclaim:        38888 kB
KernelStack:       15944 kB
PageTables:        27460 kB
NFS_Unstable:          0 kB
Bounce:                0 kB
WritebackTmp:          0 kB
CommitLimit:     1242116 kB
Committed_AS:   56860000 kB
VmallocTotal:     409600 kB
VmallocUsed:       35196 kB
VmallocChunk:      81948 kB
Time pass: 236 sec

---2015-12-16 17:19:16
MemTotal:        1959952 kB
MemFree:          125484 kB
Buffers:            3084 kB
Cached:           886160 kB
SwapCached:         1620 kB
Active:           726056 kB
Inactive:         615268 kB
Active(anon):     282204 kB
Inactive(anon):   172320 kB
Active(file):     443852 kB
Inactive(file):   442948 kB
Unevictable:        1744 kB
Mlocked:               0 kB
HighTotal:       1372556 kB
HighFree:          38688 kB
LowTotal:         587396 kB
LowFree:           86796 kB
SwapTotal:        262140 kB
SwapFree:         217544 kB
Dirty:               756 kB
Writeback:             0 kB
AnonPages:        453472 kB
Mapped:           349308 kB
Shmem:               700 kB
Slab:              55884 kB
SReclaimable:      16900 kB
SUnreclaim:        38984 kB
KernelStack:       15824 kB
PageTables:        27112 kB
NFS_Unstable:          0 kB
Bounce:                0 kB
WritebackTmp:          0 kB
CommitLimit:     1242116 kB
Committed_AS:   55900428 kB
VmallocTotal:     409600 kB
VmallocUsed:       34176 kB
VmallocChunk:      81948 kB
Time pass: 240 sec

---2015-12-16 17:19:16
MemTotal:        1959952 kB
MemFree:          124512 kB
Buffers:            3084 kB
Cached:           886160 kB
SwapCached:         1620 kB
Active:           727200 kB
Inactive:         615272 kB
Active(anon):     283352 kB
Inactive(anon):   172320 kB
Active(file):     443848 kB
Inactive(file):   442952 kB
Unevictable:        1744 kB
Mlocked:               0 kB
HighTotal:       1372556 kB
HighFree:          37700 kB
LowTotal:         587396 kB
LowFree:           86812 kB
SwapTotal:        262140 kB
SwapFree:         217544 kB
Dirty:               776 kB
Writeback:             0 kB
AnonPages:        454804 kB
Mapped:           349284 kB
Shmem:               700 kB
Slab:              55792 kB
SReclaimable:      16912 kB
SUnreclaim:        38880 kB
KernelStack:       15824 kB
PageTables:        27132 kB
NFS_Unstable:          0 kB
Bounce:                0 kB
WritebackTmp:          0 kB
CommitLimit:     1242116 kB
Committed_AS:   55900676 kB
VmallocTotal:     409600 kB
VmallocUsed:       34176 kB
VmallocChunk:      81948 kB
Time pass: 244 sec

---2015-12-16 17:19:16
MemTotal:        1959952 kB
MemFree:          123536 kB
Buffers:            3084 kB
Cached:           886164 kB
SwapCached:         1620 kB
Active:           728368 kB
Inactive:         615272 kB
Active(anon):     284520 kB
Inactive(anon):   172316 kB
Active(file):     443848 kB
Inactive(file):   442956 kB
Unevictable:        1744 kB
Mlocked:               0 kB
HighTotal:       1372556 kB
HighFree:          35720 kB
LowTotal:         587396 kB
LowFree:           87816 kB
SwapTotal:        262140 kB
SwapFree:         217544 kB
Dirty:               784 kB
Writeback:             0 kB
AnonPages:        455928 kB
Mapped:           349304 kB
Shmem:               700 kB
Slab:              55956 kB
SReclaimable:      16908 kB
SUnreclaim:        39048 kB
KernelStack:       15832 kB
PageTables:        27124 kB
NFS_Unstable:          0 kB
Bounce:                0 kB
WritebackTmp:          0 kB
CommitLimit:     1242116 kB
Committed_AS:   55900744 kB
VmallocTotal:     409600 kB
VmallocUsed:       34176 kB
VmallocChunk:      81948 kB
Time pass: 247 sec

---2015-12-16 17:19:16
MemTotal:        1959952 kB
MemFree:          121380 kB
Buffers:            3084 kB
Cached:           886380 kB
SwapCached:         1620 kB
Active:           729668 kB
Inactive:         615484 kB
Active(anon):     285816 kB
Inactive(anon):   172316 kB
Active(file):     443852 kB
Inactive(file):   443168 kB
Unevictable:        1744 kB
Mlocked:               0 kB
HighTotal:       1372556 kB
HighFree:          33344 kB
LowTotal:         587396 kB
LowFree:           88036 kB
SwapTotal:        262140 kB
SwapFree:         217544 kB
Dirty:               788 kB
Writeback:             0 kB
AnonPages:        457276 kB
Mapped:           349396 kB
Shmem:               700 kB
Slab:              55728 kB
SReclaimable:      16908 kB
SUnreclaim:        38820 kB
KernelStack:       15840 kB
PageTables:        27124 kB
NFS_Unstable:          0 kB
Bounce:                0 kB
WritebackTmp:          0 kB
CommitLimit:     1242116 kB
Committed_AS:   55900864 kB
VmallocTotal:     409600 kB
VmallocUsed:       34176 kB
VmallocChunk:      81948 kB
Time pass: 251 sec

---2015-12-16 17:19:16
MemTotal:        1959952 kB
MemFree:          119576 kB
Buffers:            3084 kB
Cached:           886380 kB
SwapCached:         1620 kB
Active:           731080 kB
Inactive:         615480 kB
Active(anon):     287224 kB
Inactive(anon):   172316 kB
Active(file):     443856 kB
Inactive(file):   443164 kB
Unevictable:        1744 kB
Mlocked:               0 kB
HighTotal:       1372556 kB
HighFree:          31480 kB
LowTotal:         587396 kB
LowFree:           88096 kB
SwapTotal:        262140 kB
SwapFree:         217544 kB
Dirty:               768 kB
Writeback:             0 kB
AnonPages:        458684 kB
Mapped:           349480 kB
Shmem:               700 kB
Slab:              55824 kB
SReclaimable:      16908 kB
SUnreclaim:        38916 kB
KernelStack:       15968 kB
PageTables:        27192 kB
NFS_Unstable:          0 kB
Bounce:                0 kB
WritebackTmp:          0 kB
CommitLimit:     1242116 kB
Committed_AS:   55900976 kB
VmallocTotal:     409600 kB
VmallocUsed:       34176 kB
VmallocChunk:      81948 kB
Time pass: 255 sec

---2015-12-16 17:19:16
MemTotal:        1959952 kB
MemFree:          119764 kB
Buffers:            3084 kB
Cached:           886380 kB
SwapCached:         1620 kB
Active:           731408 kB
Inactive:         615484 kB
Active(anon):     287556 kB
Inactive(anon):   172316 kB
Active(file):     443852 kB
Inactive(file):   443168 kB
Unevictable:        1744 kB
Mlocked:               0 kB
HighTotal:       1372556 kB
HighFree:          31388 kB
LowTotal:         587396 kB
LowFree:           88376 kB
SwapTotal:        262140 kB
SwapFree:         217544 kB
Dirty:               788 kB
Writeback:             0 kB
AnonPages:        459000 kB
Mapped:           349252 kB
Shmem:               700 kB
Slab:              55760 kB
SReclaimable:      16908 kB
SUnreclaim:        38852 kB
KernelStack:       15840 kB
PageTables:        27128 kB
NFS_Unstable:          0 kB
Bounce:                0 kB
WritebackTmp:          0 kB
CommitLimit:     1242116 kB
Committed_AS:   55901172 kB
VmallocTotal:     409600 kB
VmallocUsed:       34176 kB
VmallocChunk:      81948 kB
Time pass: 259 sec

---2015-12-16 17:19:16
MemTotal:        1959952 kB
MemFree:          118220 kB
Buffers:            3084 kB
Cached:           886380 kB
SwapCached:         1620 kB
Active:           732700 kB
Inactive:         615484 kB
Active(anon):     288848 kB
Inactive(anon):   172316 kB
Active(file):     443852 kB
Inactive(file):   443168 kB
Unevictable:        1744 kB
Mlocked:               0 kB
HighTotal:       1372556 kB
HighFree:          29880 kB
LowTotal:         587396 kB
LowFree:           88340 kB
SwapTotal:        262140 kB
SwapFree:         217544 kB
Dirty:               788 kB
Writeback:             0 kB
AnonPages:        460292 kB
Mapped:           349328 kB
Shmem:               700 kB
Slab:              55924 kB
SReclaimable:      16908 kB
SUnreclaim:        39016 kB
KernelStack:       15840 kB
PageTables:        27124 kB
NFS_Unstable:          0 kB
Bounce:                0 kB
WritebackTmp:          0 kB
CommitLimit:     1242116 kB
Committed_AS:   55901260 kB
VmallocTotal:     409600 kB
VmallocUsed:       34176 kB
VmallocChunk:      81948 kB
Time pass: 264 sec

---2015-12-16 17:19:16
MemTotal:        1959952 kB
MemFree:          117696 kB
Buffers:            3084 kB
Cached:           886380 kB
SwapCached:         1620 kB
Active:           732632 kB
Inactive:         615472 kB
Active(anon):     288780 kB
Inactive(anon):   172304 kB
Active(file):     443852 kB
Inactive(file):   443168 kB
Unevictable:        1744 kB
Mlocked:               0 kB
HighTotal:       1372556 kB
HighFree:          29504 kB
LowTotal:         587396 kB
LowFree:           88192 kB
SwapTotal:        262140 kB
SwapFree:         217544 kB
Dirty:               788 kB
Writeback:             0 kB
AnonPages:        460208 kB
Mapped:           349332 kB
Shmem:               700 kB
Slab:              55860 kB
SReclaimable:      16908 kB
SUnreclaim:        38952 kB
KernelStack:       15840 kB
PageTables:        27128 kB
NFS_Unstable:          0 kB
Bounce:                0 kB
WritebackTmp:          0 kB
CommitLimit:     1242116 kB
Committed_AS:   55901260 kB
VmallocTotal:     409600 kB
VmallocUsed:       34176 kB
VmallocChunk:      81948 kB
Time pass: 268 sec

---2015-12-16 17:19:16
MemTotal:        1959952 kB
MemFree:          123684 kB
Buffers:            3084 kB
Cached:           886380 kB
SwapCached:         1620 kB
Active:           727064 kB
Inactive:         615452 kB
Active(anon):     283212 kB
Inactive(anon):   172284 kB
Active(file):     443852 kB
Inactive(file):   443168 kB
Unevictable:        1744 kB
Mlocked:               0 kB
HighTotal:       1372556 kB
HighFree:          35436 kB
LowTotal:         587396 kB
LowFree:           88248 kB
SwapTotal:        262140 kB
SwapFree:         217544 kB
Dirty:               796 kB
Writeback:             0 kB
AnonPages:        454460 kB
Mapped:           349332 kB
Shmem:               700 kB
Slab:              55864 kB
SReclaimable:      16916 kB
SUnreclaim:        38948 kB
KernelStack:       15856 kB
PageTables:        27124 kB
NFS_Unstable:          0 kB
Bounce:                0 kB
WritebackTmp:          0 kB
CommitLimit:     1242116 kB
Committed_AS:   55898964 kB
VmallocTotal:     409600 kB
VmallocUsed:       34176 kB
VmallocChunk:      81948 kB
Time pass: 271 sec

---2015-12-16 17:19:16
MemTotal:        1959952 kB
MemFree:          125276 kB
Buffers:            3084 kB
Cached:           886388 kB
SwapCached:         1620 kB
Active:           725708 kB
Inactive:         615456 kB
Active(anon):     281856 kB
Inactive(anon):   172288 kB
Active(file):     443852 kB
Inactive(file):   443168 kB
Unevictable:        1744 kB
Mlocked:               0 kB
HighTotal:       1372556 kB
HighFree:          36760 kB
LowTotal:         587396 kB
LowFree:           88516 kB
SwapTotal:        262140 kB
SwapFree:         217544 kB
Dirty:               808 kB
Writeback:             0 kB
AnonPages:        453136 kB
Mapped:           349340 kB
Shmem:               708 kB
Slab:              55928 kB
SReclaimable:      16916 kB
SUnreclaim:        39012 kB
KernelStack:       15856 kB
PageTables:        27124 kB
NFS_Unstable:          0 kB
Bounce:                0 kB
WritebackTmp:          0 kB
CommitLimit:     1242116 kB
Committed_AS:   55899068 kB
VmallocTotal:     409600 kB
VmallocUsed:       34176 kB
VmallocChunk:      81948 kB
Time pass: 275 sec

---2015-12-16 17:19:16
MemTotal:        1959952 kB
MemFree:          124500 kB
Buffers:            3084 kB
Cached:           886392 kB
SwapCached:         1620 kB
Active:           726476 kB
Inactive:         615468 kB
Active(anon):     282632 kB
Inactive(anon):   172292 kB
Active(file):     443844 kB
Inactive(file):   443176 kB
Unevictable:        1744 kB
Mlocked:               0 kB
HighTotal:       1372556 kB
HighFree:          35928 kB
LowTotal:         587396 kB
LowFree:           88572 kB
SwapTotal:        262140 kB
SwapFree:         217544 kB
Dirty:               808 kB
Writeback:             0 kB
AnonPages:        453956 kB
Mapped:           349380 kB
Shmem:               712 kB
Slab:              55836 kB
SReclaimable:      16916 kB
SUnreclaim:        38920 kB
KernelStack:       16008 kB
PageTables:        27060 kB
NFS_Unstable:          0 kB
Bounce:                0 kB
WritebackTmp:          0 kB
CommitLimit:     1242116 kB
Committed_AS:   55899176 kB
VmallocTotal:     409600 kB
VmallocUsed:       34176 kB
VmallocChunk:      81948 kB
Time pass: 279 sec

---2015-12-16 17:19:16
MemTotal:        1959952 kB
MemFree:          124852 kB
Buffers:            3084 kB
Cached:           886444 kB
SwapCached:         1620 kB
Active:           727120 kB
Inactive:         615468 kB
Active(anon):     283268 kB
Inactive(anon):   172300 kB
Active(file):     443852 kB
Inactive(file):   443168 kB
Unevictable:        1744 kB
Mlocked:               0 kB
HighTotal:       1372556 kB
HighFree:          36428 kB
LowTotal:         587396 kB
LowFree:           88424 kB
SwapTotal:        262140 kB
SwapFree:         217544 kB
Dirty:               792 kB
Writeback:             0 kB
AnonPages:        454756 kB
Mapped:           349396 kB
Shmem:               764 kB
Slab:              55900 kB
SReclaimable:      16916 kB
SUnreclaim:        38984 kB
KernelStack:       15864 kB
PageTables:        27280 kB
NFS_Unstable:          0 kB
Bounce:                0 kB
WritebackTmp:          0 kB
CommitLimit:     1242116 kB
Committed_AS:   56848656 kB
VmallocTotal:     409600 kB
VmallocUsed:       34176 kB
VmallocChunk:      81948 kB
Time pass: 283 sec

---2015-12-16 17:19:16
MemTotal:        1959952 kB
MemFree:          123544 kB
Buffers:            3084 kB
Cached:           886444 kB
SwapCached:         1620 kB
Active:           727472 kB
Inactive:         615512 kB
Active(anon):     283620 kB
Inactive(anon):   172344 kB
Active(file):     443852 kB
Inactive(file):   443168 kB
Unevictable:        1744 kB
Mlocked:               0 kB
HighTotal:       1372556 kB
HighFree:          34900 kB
LowTotal:         587396 kB
LowFree:           88644 kB
SwapTotal:        262140 kB
SwapFree:         217544 kB
Dirty:               792 kB
Writeback:             0 kB
AnonPages:        455024 kB
Mapped:           349396 kB
Shmem:               764 kB
Slab:              55780 kB
SReclaimable:      16924 kB
SUnreclaim:        38856 kB
KernelStack:       15864 kB
PageTables:        27124 kB
NFS_Unstable:          0 kB
Bounce:                0 kB
WritebackTmp:          0 kB
CommitLimit:     1242116 kB
Committed_AS:   55899224 kB
VmallocTotal:     409600 kB
VmallocUsed:       34176 kB
VmallocChunk:      81948 kB
Time pass: 287 sec

---2015-12-16 17:19:16
MemTotal:        1959952 kB
MemFree:          132036 kB
Buffers:            3084 kB
Cached:           887784 kB
SwapCached:         1620 kB
Active:           721928 kB
Inactive:         612936 kB
Active(anon):     274164 kB
Inactive(anon):   172340 kB
Active(file):     447764 kB
Inactive(file):   440596 kB
Unevictable:        1744 kB
Mlocked:               0 kB
HighTotal:       1372556 kB
HighFree:          42008 kB
LowTotal:         587396 kB
LowFree:           90028 kB
SwapTotal:        262140 kB
SwapFree:         217544 kB
Dirty:               816 kB
Writeback:             0 kB
AnonPages:        445588 kB
Mapped:           343808 kB
Shmem:               764 kB
Slab:              55944 kB
SReclaimable:      16932 kB
SUnreclaim:        39012 kB
KernelStack:       15680 kB
PageTables:        26980 kB
NFS_Unstable:          0 kB
Bounce:                0 kB
WritebackTmp:          0 kB
CommitLimit:     1242116 kB
Committed_AS:   55897560 kB
VmallocTotal:     409600 kB
VmallocUsed:       34176 kB
VmallocChunk:      81948 kB
Time pass: 291 sec

---2015-12-16 17:19:16
MemTotal:        1959952 kB
MemFree:          131080 kB
Buffers:            3084 kB
Cached:           887788 kB
SwapCached:         1620 kB
Active:           722896 kB
Inactive:         612752 kB
Active(anon):     275124 kB
Inactive(anon):   172160 kB
Active(file):     447772 kB
Inactive(file):   440592 kB
Unevictable:        1744 kB
Mlocked:               0 kB
HighTotal:       1372556 kB
HighFree:          40876 kB
LowTotal:         587396 kB
LowFree:           90204 kB
SwapTotal:        262140 kB
SwapFree:         217544 kB
Dirty:               820 kB
Writeback:             0 kB
AnonPages:        446160 kB
Mapped:           343816 kB
Shmem:               764 kB
Slab:              55888 kB
SReclaimable:      16940 kB
SUnreclaim:        38948 kB
KernelStack:       15696 kB
PageTables:        27004 kB
NFS_Unstable:          0 kB
Bounce:                0 kB
WritebackTmp:          0 kB
CommitLimit:     1242116 kB
Committed_AS:   55897612 kB
VmallocTotal:     409600 kB
VmallocUsed:       34176 kB
VmallocChunk:      81948 kB
Time pass: 296 sec

---2015-12-16 17:19:16
MemTotal:        1959952 kB
MemFree:          130348 kB
Buffers:            3084 kB
Cached:           887788 kB
SwapCached:         1620 kB
Active:           723992 kB
Inactive:         612752 kB
Active(anon):     276220 kB
Inactive(anon):   172160 kB
Active(file):     447772 kB
Inactive(file):   440592 kB
Unevictable:        1744 kB
Mlocked:               0 kB
HighTotal:       1372556 kB
HighFree:          39888 kB
LowTotal:         587396 kB
LowFree:           90460 kB
SwapTotal:        262140 kB
SwapFree:         217544 kB
Dirty:               836 kB
Writeback:             0 kB
AnonPages:        447256 kB
Mapped:           343816 kB
Shmem:               764 kB
Slab:              55856 kB
SReclaimable:      16940 kB
SUnreclaim:        38916 kB
KernelStack:       15688 kB
PageTables:        27000 kB
NFS_Unstable:          0 kB
Bounce:                0 kB
WritebackTmp:          0 kB
CommitLimit:     1242116 kB
Committed_AS:   55897628 kB
VmallocTotal:     409600 kB
VmallocUsed:       34176 kB
VmallocChunk:      81948 kB
Time pass: 299 sec

---2015-12-16 17:19:16
MemTotal:        1959952 kB
MemFree:          129112 kB
Buffers:            3084 kB
Cached:           887788 kB
SwapCached:         1620 kB
Active:           725160 kB
Inactive:         612752 kB
Active(anon):     277388 kB
Inactive(anon):   172160 kB
Active(file):     447772 kB
Inactive(file):   440592 kB
Unevictable:        1744 kB
Mlocked:               0 kB
HighTotal:       1372556 kB
HighFree:          38592 kB
LowTotal:         587396 kB
LowFree:           90520 kB
SwapTotal:        262140 kB
SwapFree:         217544 kB
Dirty:               836 kB
Writeback:             0 kB
AnonPages:        448472 kB
Mapped:           343816 kB
Shmem:               764 kB
Slab:              55868 kB
SReclaimable:      16940 kB
SUnreclaim:        38928 kB
KernelStack:       15688 kB
PageTables:        26996 kB
NFS_Unstable:          0 kB
Bounce:                0 kB
WritebackTmp:          0 kB
CommitLimit:     1242116 kB
Committed_AS:   55897760 kB
VmallocTotal:     409600 kB
VmallocUsed:       34176 kB
VmallocChunk:      81948 kB
Time pass: 303 sec

---2015-12-16 17:19:16
MemTotal:        1959952 kB
MemFree:          128712 kB
Buffers:            3084 kB
Cached:           887788 kB
SwapCached:         1620 kB
Active:           725956 kB
Inactive:         612752 kB
Active(anon):     278184 kB
Inactive(anon):   172160 kB
Active(file):     447772 kB
Inactive(file):   440592 kB
Unevictable:        1744 kB
Mlocked:               0 kB
HighTotal:       1372556 kB
HighFree:          38584 kB
LowTotal:         587396 kB
LowFree:           90128 kB
SwapTotal:        262140 kB
SwapFree:         217544 kB
Dirty:               820 kB
Writeback:             0 kB
AnonPages:        449460 kB
Mapped:           343624 kB
Shmem:               764 kB
Slab:              55932 kB
SReclaimable:      16940 kB
SUnreclaim:        38992 kB
KernelStack:       15816 kB
PageTables:        27068 kB
NFS_Unstable:          0 kB
Bounce:                0 kB
WritebackTmp:          0 kB
CommitLimit:     1242116 kB
Committed_AS:   55897816 kB
VmallocTotal:     409600 kB
VmallocUsed:       34176 kB
VmallocChunk:      81948 kB
Time pass: 307 sec

---2015-12-16 17:19:16
MemTotal:        1959952 kB
MemFree:          127384 kB
Buffers:            3084 kB
Cached:           887788 kB
SwapCached:         1620 kB
Active:           726768 kB
Inactive:         612752 kB
Active(anon):     278996 kB
Inactive(anon):   172160 kB
Active(file):     447772 kB
Inactive(file):   440592 kB
Unevictable:        1744 kB
Mlocked:               0 kB
HighTotal:       1372556 kB
HighFree:          36924 kB
LowTotal:         587396 kB
LowFree:           90460 kB
SwapTotal:        262140 kB
SwapFree:         217544 kB
Dirty:               820 kB
Writeback:             0 kB
AnonPages:        450520 kB
Mapped:           343816 kB
Shmem:               764 kB
Slab:              55868 kB
SReclaimable:      16940 kB
SUnreclaim:        38928 kB
KernelStack:       15688 kB
PageTables:        26996 kB
NFS_Unstable:          0 kB
Bounce:                0 kB
WritebackTmp:          0 kB
CommitLimit:     1242116 kB
Committed_AS:   55898172 kB
VmallocTotal:     409600 kB
VmallocUsed:       34176 kB
VmallocChunk:      81948 kB
Time pass: 311 sec

---2015-12-16 17:19:16
MemTotal:        1959952 kB
MemFree:          126660 kB
Buffers:            3084 kB
Cached:           887824 kB
SwapCached:         1620 kB
Active:           727432 kB
Inactive:         612784 kB
Active(anon):     279656 kB
Inactive(anon):   172196 kB
Active(file):     447776 kB
Inactive(file):   440588 kB
Unevictable:        1744 kB
Mlocked:               0 kB
HighTotal:       1372556 kB
HighFree:          36076 kB
LowTotal:         587396 kB
LowFree:           90584 kB
SwapTotal:        262140 kB
SwapFree:         217544 kB
Dirty:               816 kB
Writeback:             0 kB
AnonPages:        451000 kB
Mapped:           343904 kB
Shmem:               800 kB
Slab:              55808 kB
SReclaimable:      16940 kB
SUnreclaim:        38868 kB
KernelStack:       15688 kB
PageTables:        26996 kB
NFS_Unstable:          0 kB
Bounce:                0 kB
WritebackTmp:          0 kB
CommitLimit:     1242116 kB
Committed_AS:   55898280 kB
VmallocTotal:     409600 kB
VmallocUsed:       34176 kB
VmallocChunk:      81948 kB
Time pass: 315 sec

---2015-12-16 17:19:16
MemTotal:        1959952 kB
MemFree:          125264 kB
Buffers:            3084 kB
Cached:           887876 kB
SwapCached:         1620 kB
Active:           728888 kB
Inactive:         612840 kB
Active(anon):     281116 kB
Inactive(anon):   172248 kB
Active(file):     447772 kB
Inactive(file):   440592 kB
Unevictable:        1744 kB
Mlocked:               0 kB
HighTotal:       1372556 kB
HighFree:          34616 kB
LowTotal:         587396 kB
LowFree:           90648 kB
SwapTotal:        262140 kB
SwapFree:         217544 kB
Dirty:               836 kB
Writeback:             0 kB
AnonPages:        452116 kB
Mapped:           343836 kB
Shmem:               852 kB
Slab:              55808 kB
SReclaimable:      16940 kB
SUnreclaim:        38868 kB
KernelStack:       15688 kB
PageTables:        27000 kB
NFS_Unstable:          0 kB
Bounce:                0 kB
WritebackTmp:          0 kB
CommitLimit:     1242116 kB
Committed_AS:   55898496 kB
VmallocTotal:     409600 kB
VmallocUsed:       34176 kB
VmallocChunk:      81948 kB
Time pass: 319 sec

---2015-12-16 17:19:16
MemTotal:        1959952 kB
MemFree:          123900 kB
Buffers:            3084 kB
Cached:           888056 kB
SwapCached:         1620 kB
Active:           729688 kB
Inactive:         613020 kB
Active(anon):     281916 kB
Inactive(anon):   172284 kB
Active(file):     447772 kB
Inactive(file):   440736 kB
Unevictable:        1744 kB
Mlocked:               0 kB
HighTotal:       1372556 kB
HighFree:          33376 kB
LowTotal:         587396 kB
LowFree:           90524 kB
SwapTotal:        262140 kB
SwapFree:         217544 kB
Dirty:               836 kB
Writeback:             0 kB
AnonPages:        453192 kB
Mapped:           343988 kB
Shmem:               888 kB
Slab:              55816 kB
SReclaimable:      16940 kB
SUnreclaim:        38876 kB
KernelStack:       15688 kB
PageTables:        27020 kB
NFS_Unstable:          0 kB
Bounce:                0 kB
WritebackTmp:          0 kB
CommitLimit:     1242116 kB
Committed_AS:   55898252 kB
VmallocTotal:     409600 kB
VmallocUsed:       34176 kB
VmallocChunk:      81948 kB
Time pass: 324 sec

---2015-12-16 17:19:16
MemTotal:        1959952 kB
MemFree:          123136 kB
Buffers:            3084 kB
Cached:           888056 kB
SwapCached:         1620 kB
Active:           731140 kB
Inactive:         613020 kB
Active(anon):     283368 kB
Inactive(anon):   172284 kB
Active(file):     447772 kB
Inactive(file):   440736 kB
Unevictable:        1744 kB
Mlocked:               0 kB
HighTotal:       1372556 kB
HighFree:          32544 kB
LowTotal:         587396 kB
LowFree:           90592 kB
SwapTotal:        262140 kB
SwapFree:         217544 kB
Dirty:               836 kB
Writeback:             0 kB
AnonPages:        454500 kB
Mapped:           343964 kB
Shmem:               888 kB
Slab:              55952 kB
SReclaimable:      16940 kB
SUnreclaim:        39012 kB
KernelStack:       15688 kB
PageTables:        27012 kB
NFS_Unstable:          0 kB
Bounce:                0 kB
WritebackTmp:          0 kB
CommitLimit:     1242116 kB
Committed_AS:   55898596 kB
VmallocTotal:     409600 kB
VmallocUsed:       34176 kB
VmallocChunk:      81948 kB
Time pass: 328 sec

---2015-12-16 17:19:16
MemTotal:        1959952 kB
MemFree:          121492 kB
Buffers:            3084 kB
Cached:           888056 kB
SwapCached:         1620 kB
Active:           732216 kB
Inactive:         613020 kB
Active(anon):     284448 kB
Inactive(anon):   172284 kB
Active(file):     447768 kB
Inactive(file):   440736 kB
Unevictable:        1744 kB
Mlocked:               0 kB
HighTotal:       1372556 kB
HighFree:          31288 kB
LowTotal:         587396 kB
LowFree:           90204 kB
SwapTotal:        262140 kB
SwapFree:         217544 kB
Dirty:               824 kB
Writeback:             0 kB
AnonPages:        455660 kB
Mapped:           344100 kB
Shmem:               888 kB
Slab:              55952 kB
SReclaimable:      16940 kB
SUnreclaim:        39012 kB
KernelStack:       15816 kB
PageTables:        27084 kB
NFS_Unstable:          0 kB
Bounce:                0 kB
WritebackTmp:          0 kB
CommitLimit:     1242116 kB
Committed_AS:   55898552 kB
VmallocTotal:     409600 kB
VmallocUsed:       34176 kB
VmallocChunk:      81948 kB
Time pass: 332 sec

---2015-12-16 17:19:16
MemTotal:        1959952 kB
MemFree:          120724 kB
Buffers:            3084 kB
Cached:           888072 kB
SwapCached:         1620 kB
Active:           733408 kB
Inactive:         613032 kB
Active(anon):     285632 kB
Inactive(anon):   172300 kB
Active(file):     447776 kB
Inactive(file):   440732 kB
Unevictable:        1744 kB
Mlocked:               0 kB
HighTotal:       1372556 kB
HighFree:          30384 kB
LowTotal:         587396 kB
LowFree:           90340 kB
SwapTotal:        262140 kB
SwapFree:         217544 kB
Dirty:               816 kB
Writeback:             0 kB
AnonPages:        456736 kB
Mapped:           347192 kB
Shmem:               904 kB
Slab:              55916 kB
SReclaimable:      16940 kB
SUnreclaim:        38976 kB
KernelStack:       15680 kB
PageTables:        27308 kB
NFS_Unstable:          0 kB
Bounce:                0 kB
WritebackTmp:          0 kB
CommitLimit:     1242116 kB
Committed_AS:   56858484 kB
VmallocTotal:     409600 kB
VmallocUsed:       35196 kB
VmallocChunk:      81948 kB
Time pass: 335 sec

---2015-12-16 17:19:16
MemTotal:        1959952 kB
MemFree:          121596 kB
Buffers:            3084 kB
Cached:           888132 kB
SwapCached:         1620 kB
Active:           731684 kB
Inactive:         613096 kB
Active(anon):     283912 kB
Inactive(anon):   172300 kB
Active(file):     447772 kB
Inactive(file):   440796 kB
Unevictable:        1744 kB
Mlocked:               0 kB
HighTotal:       1372556 kB
HighFree:          31108 kB
LowTotal:         587396 kB
LowFree:           90488 kB
SwapTotal:        262140 kB
SwapFree:         217544 kB
Dirty:               836 kB
Writeback:             0 kB
AnonPages:        455104 kB
Mapped:           343992 kB
Shmem:               904 kB
Slab:              55920 kB
SReclaimable:      16940 kB
SUnreclaim:        38980 kB
KernelStack:       15680 kB
PageTables:        27012 kB
NFS_Unstable:          0 kB
Bounce:                0 kB
WritebackTmp:          0 kB
CommitLimit:     1242116 kB
Committed_AS:   55898888 kB
VmallocTotal:     409600 kB
VmallocUsed:       34176 kB
VmallocChunk:      81948 kB
Time pass: 339 sec

---2015-12-16 17:19:16
MemTotal:        1959952 kB
MemFree:          130376 kB
Buffers:            3084 kB
Cached:           888132 kB
SwapCached:         1620 kB
Active:           722916 kB
Inactive:         613096 kB
Active(anon):     275144 kB
Inactive(anon):   172300 kB
Active(file):     447772 kB
Inactive(file):   440796 kB
Unevictable:        1744 kB
Mlocked:               0 kB
HighTotal:       1372556 kB
HighFree:          39756 kB
LowTotal:         587396 kB
LowFree:           90620 kB
SwapTotal:        262140 kB
SwapFree:         217544 kB
Dirty:               836 kB
Writeback:             0 kB
AnonPages:        446364 kB
Mapped:           343992 kB
Shmem:               904 kB
Slab:              55984 kB
SReclaimable:      16940 kB
SUnreclaim:        39044 kB
KernelStack:       15680 kB
PageTables:        27012 kB
NFS_Unstable:          0 kB
Bounce:                0 kB
WritebackTmp:          0 kB
CommitLimit:     1242116 kB
Committed_AS:   55899016 kB
VmallocTotal:     409600 kB
VmallocUsed:       34176 kB
VmallocChunk:      81948 kB
Time pass: 344 sec

---2015-12-16 17:19:16
MemTotal:        1959952 kB
MemFree:          130924 kB
Buffers:            3084 kB
Cached:           888132 kB
SwapCached:         1620 kB
Active:           723276 kB
Inactive:         613096 kB
Active(anon):     275504 kB
Inactive(anon):   172300 kB
Active(file):     447772 kB
Inactive(file):   440796 kB
Unevictable:        1744 kB
Mlocked:               0 kB
HighTotal:       1372556 kB
HighFree:          40300 kB
LowTotal:         587396 kB
LowFree:           90624 kB
SwapTotal:        262140 kB
SwapFree:         217544 kB
Dirty:               836 kB
Writeback:             0 kB
AnonPages:        446552 kB
Mapped:           343984 kB
Shmem:               904 kB
Slab:              55856 kB
SReclaimable:      16940 kB
SUnreclaim:        38916 kB
KernelStack:       15680 kB
PageTables:        27016 kB
NFS_Unstable:          0 kB
Bounce:                0 kB
WritebackTmp:          0 kB
CommitLimit:     1242116 kB
Committed_AS:   55899072 kB
VmallocTotal:     409600 kB
VmallocUsed:       34176 kB
VmallocChunk:      81948 kB
Time pass: 347 sec

---2015-12-16 17:19:16
MemTotal:        1959952 kB
MemFree:          130496 kB
Buffers:            3084 kB
Cached:           888156 kB
SwapCached:         1620 kB
Active:           723764 kB
Inactive:         613120 kB
Active(anon):     275992 kB
Inactive(anon):   172300 kB
Active(file):     447772 kB
Inactive(file):   440820 kB
Unevictable:        1744 kB
Mlocked:               0 kB
HighTotal:       1372556 kB
HighFree:          39680 kB
LowTotal:         587396 kB
LowFree:           90816 kB
SwapTotal:        262140 kB
SwapFree:         217544 kB
Dirty:               856 kB
Writeback:             0 kB
AnonPages:        447212 kB
Mapped:           343984 kB
Shmem:               904 kB
Slab:              55912 kB
SReclaimable:      16900 kB
SUnreclaim:        39012 kB
KernelStack:       15680 kB
PageTables:        27016 kB
NFS_Unstable:          0 kB
Bounce:                0 kB
WritebackTmp:          0 kB
CommitLimit:     1242116 kB
Committed_AS:   55899152 kB
VmallocTotal:     409600 kB
VmallocUsed:       34176 kB
VmallocChunk:      81948 kB
Time pass: 352 sec

---2015-12-16 17:19:16
MemTotal:        1959952 kB
MemFree:          129088 kB
Buffers:            3084 kB
Cached:           888156 kB
SwapCached:         1620 kB
Active:           724964 kB
Inactive:         613120 kB
Active(anon):     277192 kB
Inactive(anon):   172300 kB
Active(file):     447772 kB
Inactive(file):   440820 kB
Unevictable:        1744 kB
Mlocked:               0 kB
HighTotal:       1372556 kB
HighFree:          37960 kB
LowTotal:         587396 kB
LowFree:           91128 kB
SwapTotal:        262140 kB
SwapFree:         217544 kB
Dirty:               856 kB
Writeback:             0 kB
AnonPages:        448396 kB
Mapped:           344008 kB
Shmem:               904 kB
Slab:              55828 kB
SReclaimable:      16900 kB
SUnreclaim:        38928 kB
KernelStack:       15664 kB
PageTables:        27000 kB
NFS_Unstable:          0 kB
Bounce:                0 kB
WritebackTmp:          0 kB
CommitLimit:     1242116 kB
Committed_AS:   55899344 kB
VmallocTotal:     409600 kB
VmallocUsed:       34176 kB
VmallocChunk:      81948 kB
Time pass: 356 sec

---2015-12-16 17:19:16
MemTotal:        1959952 kB
MemFree:          128368 kB
Buffers:            3084 kB
Cached:           888156 kB
SwapCached:         1620 kB
Active:           725944 kB
Inactive:         613120 kB
Active(anon):     278172 kB
Inactive(anon):   172300 kB
Active(file):     447772 kB
Inactive(file):   440820 kB
Unevictable:        1744 kB
Mlocked:               0 kB
HighTotal:       1372556 kB
HighFree:          37540 kB
LowTotal:         587396 kB
LowFree:           90828 kB
SwapTotal:        262140 kB
SwapFree:         217544 kB
Dirty:               856 kB
Writeback:             0 kB
AnonPages:        449260 kB
Mapped:           343964 kB
