---2015-12-05 14:07:44
MemTotal:        2873608 kB
MemFree:          106704 kB
Buffers:           23656 kB
Cached:          1283648 kB
SwapCached:            0 kB
Active:          1301240 kB
Inactive:         928784 kB
Active(anon):     738900 kB
Inactive(anon):   193776 kB
Active(file):     562340 kB
Inactive(file):   735008 kB
Unevictable:        8104 kB
Mlocked:               0 kB
SwapTotal:        718400 kB
SwapFree:         718400 kB
Dirty:              6412 kB
Writeback:             0 kB
AnonPages:        931020 kB
Mapped:           453056 kB
Shmem:              1844 kB
Slab:              96432 kB
SReclaimable:      31080 kB
SUnreclaim:        65352 kB
KernelStack:       36816 kB
PageTables:        47560 kB
NFS_Unstable:          0 kB
Bounce:                0 kB
WritebackTmp:          0 kB
CommitLimit:     2155204 kB
Committed_AS:   117870012 kB
VmallocTotal:   251658176 kB
VmallocUsed:      134112 kB
VmallocChunk:   251425836 kB
Time pass: 3 sec

---2015-12-05 14:07:44
MemTotal:        2873608 kB
MemFree:           73260 kB
Buffers:           23940 kB
Cached:          1288876 kB
SwapCached:            0 kB
Active:          1340016 kB
Inactive:         923392 kB
Active(anon):     766780 kB
Inactive(anon):   193644 kB
Active(file):     573236 kB
Inactive(file):   729748 kB
Unevictable:        8104 kB
Mlocked:               0 kB
SwapTotal:        718400 kB
SwapFree:         718400 kB
Dirty:                52 kB
Writeback:             0 kB
AnonPages:        958952 kB
Mapped:           470372 kB
Shmem:              1728 kB
Slab:              96608 kB
SReclaimable:      31388 kB
SUnreclaim:        65220 kB
KernelStack:       36400 kB
PageTables:        48756 kB
NFS_Unstable:          0 kB
Bounce:                0 kB
WritebackTmp:          0 kB
CommitLimit:     2155204 kB
Committed_AS:   119625436 kB
VmallocTotal:   251658176 kB
VmallocUsed:      135132 kB
VmallocChunk:   251415596 kB
Time pass: 7 sec

---2015-12-05 14:07:44
MemTotal:        2873608 kB
MemFree:           87492 kB
Buffers:           24008 kB
Cached:          1288824 kB
SwapCached:            0 kB
Active:          1340288 kB
Inactive:         906412 kB
Active(anon):     750056 kB
Inactive(anon):   193568 kB
Active(file):     590232 kB
Inactive(file):   712844 kB
Unevictable:        8104 kB
Mlocked:               0 kB
SwapTotal:        718400 kB
SwapFree:         718400 kB
Dirty:              1024 kB
Writeback:             0 kB
AnonPages:        941884 kB
Mapped:           489016 kB
Shmem:              1652 kB
Slab:              96440 kB
SReclaimable:      31436 kB
SUnreclaim:        65004 kB
KernelStack:       36224 kB
PageTables:        48620 kB
NFS_Unstable:          0 kB
Bounce:                0 kB
WritebackTmp:          0 kB
CommitLimit:     2155204 kB
Committed_AS:   119125848 kB
VmallocTotal:   251658176 kB
VmallocUsed:      135268 kB
VmallocChunk:   251415596 kB
Time pass: 11 sec

---2015-12-05 14:07:44
MemTotal:        2873608 kB
MemFree:           98000 kB
Buffers:           25540 kB
Cached:          1268488 kB
SwapCached:            0 kB
Active:          1376364 kB
Inactive:         860328 kB
Active(anon):     756164 kB
Inactive(anon):   196456 kB
Active(file):     620200 kB
Inactive(file):   663872 kB
Unevictable:        8104 kB
Mlocked:               0 kB
SwapTotal:        718400 kB
SwapFree:         718400 kB
Dirty:              6544 kB
Writeback:             0 kB
AnonPages:        950844 kB
Mapped:           474516 kB
Shmem:              1852 kB
Slab:              96608 kB
SReclaimable:      31240 kB
SUnreclaim:        65368 kB
KernelStack:       36816 kB
PageTables:        48816 kB
NFS_Unstable:          0 kB
Bounce:                0 kB
WritebackTmp:          0 kB
CommitLimit:     2155204 kB
Committed_AS:   119292628 kB
VmallocTotal:   251658176 kB
VmallocUsed:      137308 kB
VmallocChunk:   251415596 kB
Time pass: 15 sec

---2015-12-05 14:07:44
MemTotal:        2873608 kB
MemFree:           66368 kB
Buffers:           25680 kB
Cached:          1269640 kB
SwapCached:            0 kB
Active:          1405312 kB
Inactive:         859980 kB
Active(anon):     783488 kB
Inactive(anon):   196448 kB
Active(file):     621824 kB
Inactive(file):   663532 kB
Unevictable:        8104 kB
Mlocked:               0 kB
SwapTotal:        718400 kB
SwapFree:         718400 kB
Dirty:               124 kB
Writeback:             0 kB
AnonPages:        978252 kB
Mapped:           498768 kB
Shmem:              1852 kB
Slab:              97460 kB
SReclaimable:      31352 kB
SUnreclaim:        66108 kB
KernelStack:       37760 kB
PageTables:        49536 kB
NFS_Unstable:          0 kB
Bounce:                0 kB
WritebackTmp:          0 kB
CommitLimit:     2155204 kB
Committed_AS:   120530172 kB
VmallocTotal:   251658176 kB
VmallocUsed:      137308 kB
VmallocChunk:   251422764 kB
Time pass: 18 sec

---2015-12-05 14:07:44
MemTotal:        2873608 kB
MemFree:           62704 kB
Buffers:           25300 kB
Cached:          1181072 kB
SwapCached:            0 kB
Active:          1390172 kB
Inactive:         794472 kB
Active(anon):     794708 kB
Inactive(anon):   198880 kB
Active(file):     595464 kB
Inactive(file):   595592 kB
Unevictable:       13568 kB
Mlocked:               0 kB
SwapTotal:        718400 kB
SwapFree:         717400 kB
Dirty:              1880 kB
Writeback:             0 kB
AnonPages:        992908 kB
Mapped:           455224 kB
Shmem:              1112 kB
Slab:              95368 kB
SReclaimable:      29240 kB
SUnreclaim:        66128 kB
KernelStack:       37344 kB
PageTables:        49748 kB
NFS_Unstable:          0 kB
Bounce:                0 kB
WritebackTmp:          0 kB
CommitLimit:     2155204 kB
Committed_AS:   121152308 kB
VmallocTotal:   251658176 kB
VmallocUsed:      136688 kB
VmallocChunk:   251422764 kB
Time pass: 22 sec

---2015-12-05 14:07:44
MemTotal:        2873608 kB
MemFree:           72632 kB
Buffers:           24936 kB
Cached:          1111420 kB
SwapCached:            0 kB
Active:          1335232 kB
Inactive:         767956 kB
Active(anon):     778716 kB
Inactive(anon):   202940 kB
Active(file):     556516 kB
Inactive(file):   565016 kB
Unevictable:       13568 kB
Mlocked:               0 kB
SwapTotal:        718400 kB
SwapFree:         716840 kB
Dirty:              2456 kB
Writeback:             0 kB
AnonPages:        980768 kB
Mapped:           551616 kB
Shmem:              1164 kB
Slab:              97676 kB
SReclaimable:      31896 kB
SUnreclaim:        65780 kB
KernelStack:       38208 kB
PageTables:        49600 kB
NFS_Unstable:          0 kB
Bounce:                0 kB
WritebackTmp:          0 kB
CommitLimit:     2155204 kB
Committed_AS:   118804328 kB
VmallocTotal:   251658176 kB
VmallocUsed:      136420 kB
VmallocChunk:   251422764 kB
Time pass: 26 sec

---2015-12-05 14:07:44
MemTotal:        2873608 kB
MemFree:           63908 kB
Buffers:           25904 kB
Cached:          1098688 kB
SwapCached:            0 kB
Active:          1353100 kB
Inactive:         757884 kB
Active(anon):     798272 kB
Inactive(anon):   202948 kB
Active(file):     554828 kB
Inactive(file):   554936 kB
Unevictable:       13568 kB
Mlocked:               0 kB
SwapTotal:        718400 kB
SwapFree:         716796 kB
Dirty:               412 kB
Writeback:             4 kB
AnonPages:       1000704 kB
Mapped:           564332 kB
Shmem:              1180 kB
Slab:              98500 kB
SReclaimable:      31688 kB
SUnreclaim:        66812 kB
KernelStack:       39712 kB
PageTables:        52600 kB
NFS_Unstable:          0 kB
Bounce:                0 kB
WritebackTmp:          0 kB
CommitLimit:     2155204 kB
Committed_AS:   126630980 kB
VmallocTotal:   251658176 kB
VmallocUsed:      141520 kB
VmallocChunk:   251422764 kB
Time pass: 30 sec

---2015-12-05 14:07:44
MemTotal:        2873608 kB
MemFree:           68724 kB
Buffers:           18820 kB
Cached:          1099804 kB
SwapCached:            0 kB
Active:          1362436 kB
Inactive:         755952 kB
Active(anon):     810860 kB
Inactive(anon):   203628 kB
Active(file):     551576 kB
Inactive(file):   552324 kB
Unevictable:       13568 kB
Mlocked:               0 kB
SwapTotal:        718400 kB
SwapFree:         716480 kB
Dirty:               256 kB
Writeback:             0 kB
AnonPages:       1013844 kB
Mapped:           526228 kB
Shmem:              1056 kB
Slab:              98748 kB
SReclaimable:      31524 kB
SUnreclaim:        67224 kB
KernelStack:       38880 kB
PageTables:        52292 kB
NFS_Unstable:          0 kB
Bounce:                0 kB
WritebackTmp:          0 kB
CommitLimit:     2155204 kB
Committed_AS:   128098032 kB
VmallocTotal:   251658176 kB
VmallocUsed:      140364 kB
VmallocChunk:   251422764 kB
Time pass: 34 sec

---2015-12-05 14:07:44
MemTotal:        2873608 kB
MemFree:           67872 kB
Buffers:           20532 kB
Cached:          1106388 kB
SwapCached:            0 kB
Active:          1365340 kB
Inactive:         757588 kB
Active(anon):     806936 kB
Inactive(anon):   203632 kB
Active(file):     558404 kB
Inactive(file):   553956 kB
Unevictable:       13568 kB
Mlocked:               0 kB
SwapTotal:        718400 kB
SwapFree:         716480 kB
Dirty:                64 kB
Writeback:             0 kB
AnonPages:       1009548 kB
Mapped:           530376 kB
Shmem:              1140 kB
Slab:              98824 kB
SReclaimable:      31904 kB
SUnreclaim:        66920 kB
KernelStack:       38656 kB
PageTables:        51252 kB
NFS_Unstable:          0 kB
Bounce:                0 kB
WritebackTmp:          0 kB
CommitLimit:     2155204 kB
Committed_AS:   124558492 kB
VmallocTotal:   251658176 kB
VmallocUsed:      138292 kB
VmallocChunk:   251422764 kB
Time pass: 37 sec

---2015-12-05 14:07:44
MemTotal:        2873608 kB
MemFree:           66360 kB
Buffers:           19268 kB
Cached:          1073284 kB
SwapCached:            0 kB
Active:          1398856 kB
Inactive:         727700 kB
Active(anon):     838788 kB
Inactive(anon):   209952 kB
Active(file):     560068 kB
Inactive(file):   517748 kB
Unevictable:       13568 kB
Mlocked:               0 kB
SwapTotal:        718400 kB
SwapFree:         715536 kB
Dirty:               596 kB
Writeback:            72 kB
AnonPages:       1047680 kB
Mapped:           557068 kB
Shmem:              1064 kB
Slab:              98896 kB
SReclaimable:      31892 kB
SUnreclaim:        67004 kB
KernelStack:       39568 kB
PageTables:        51840 kB
NFS_Unstable:          0 kB
Bounce:                0 kB
WritebackTmp:          0 kB
CommitLimit:     2155204 kB
Committed_AS:   124028596 kB
VmallocTotal:   251658176 kB
VmallocUsed:      138304 kB
VmallocChunk:   251422764 kB
Time pass: 41 sec

---2015-12-05 14:07:44
MemTotal:        2873608 kB
MemFree:          107288 kB
Buffers:           16108 kB
Cached:           983012 kB
SwapCached:            0 kB
Active:          1309156 kB
Inactive:         703056 kB
Active(anon):     816736 kB
Inactive(anon):   211020 kB
Active(file):     492420 kB
Inactive(file):   492036 kB
Unevictable:       13568 kB
Mlocked:               0 kB
SwapTotal:        718400 kB
SwapFree:         712928 kB
Dirty:               320 kB
Writeback:             0 kB
AnonPages:       1026520 kB
Mapped:           562972 kB
Shmem:              1060 kB
Slab:              98848 kB
SReclaimable:      31716 kB
SUnreclaim:        67132 kB
KernelStack:       39232 kB
PageTables:        51576 kB
NFS_Unstable:          0 kB
Bounce:                0 kB
WritebackTmp:          0 kB
CommitLimit:     2155204 kB
Committed_AS:   122264416 kB
VmallocTotal:   251658176 kB
VmallocUsed:      137528 kB
VmallocChunk:   251422764 kB
Time pass: 45 sec

---2015-12-05 14:07:44
MemTotal:        2873608 kB
MemFree:          110004 kB
Buffers:           16172 kB
Cached:           983256 kB
SwapCached:            0 kB
Active:          1306660 kB
Inactive:         702996 kB
Active(anon):     813864 kB
Inactive(anon):   210992 kB
Active(file):     492796 kB
Inactive(file):   492004 kB
Unevictable:       13568 kB
Mlocked:               0 kB
SwapTotal:        718400 kB
SwapFree:         712928 kB
Dirty:               132 kB
Writeback:             0 kB
AnonPages:       1024152 kB
Mapped:           560968 kB
Shmem:              1060 kB
Slab:              98776 kB
SReclaimable:      31748 kB
SUnreclaim:        67028 kB
KernelStack:       39200 kB
PageTables:        51104 kB
NFS_Unstable:          0 kB
Bounce:                0 kB
WritebackTmp:          0 kB
CommitLimit:     2155204 kB
Committed_AS:   121029428 kB
VmallocTotal:   251658176 kB
VmallocUsed:      136508 kB
VmallocChunk:   251422764 kB
Time pass: 49 sec

---2015-12-05 14:07:44
MemTotal:        2873608 kB
MemFree:          105672 kB
Buffers:           16480 kB
Cached:           985300 kB
SwapCached:            0 kB
Active:          1320832 kB
Inactive:         705416 kB
Active(anon):     828432 kB
Inactive(anon):   212048 kB
Active(file):     492400 kB
Inactive(file):   493368 kB
Unevictable:       13568 kB
Mlocked:               0 kB
SwapTotal:        718400 kB
SwapFree:         712928 kB
Dirty:               140 kB
Writeback:             0 kB
AnonPages:       1038720 kB
Mapped:           555816 kB
Shmem:              2116 kB
Slab:              99184 kB
SReclaimable:      31748 kB
SUnreclaim:        67436 kB
KernelStack:       39216 kB
PageTables:        51052 kB
NFS_Unstable:          0 kB
Bounce:                0 kB
WritebackTmp:          0 kB
CommitLimit:     2155204 kB
Committed_AS:   121034164 kB
VmallocTotal:   251658176 kB
VmallocUsed:      136412 kB
VmallocChunk:   251422764 kB
Time pass: 52 sec

---2015-12-05 14:07:44
MemTotal:        2873608 kB
MemFree:           73024 kB
Buffers:           16468 kB
Cached:           954100 kB
SwapCached:            0 kB
Active:          1321612 kB
Inactive:         685788 kB
Active(anon):     840392 kB
Inactive(anon):   212132 kB
Active(file):     481220 kB
Inactive(file):   473656 kB
Unevictable:       13568 kB
Mlocked:               0 kB
SwapTotal:        718400 kB
SwapFree:         712256 kB
Dirty:              1480 kB
Writeback:             0 kB
AnonPages:       1050192 kB
Mapped:           617892 kB
Shmem:              2124 kB
Slab:              98800 kB
SReclaimable:      31684 kB
SUnreclaim:        67116 kB
KernelStack:       39472 kB
PageTables:        51208 kB
NFS_Unstable:          0 kB
Bounce:                0 kB
WritebackTmp:          0 kB
CommitLimit:     2155204 kB
Committed_AS:   121044532 kB
VmallocTotal:   251658176 kB
VmallocUsed:      136884 kB
VmallocChunk:   251422764 kB
Time pass: 56 sec

---2015-12-05 14:07:44
MemTotal:        2873608 kB
MemFree:           72676 kB
Buffers:           16476 kB
Cached:           953096 kB
SwapCached:            0 kB
Active:          1323016 kB
Inactive:         684788 kB
Active(anon):     841796 kB
Inactive(anon):   211072 kB
Active(file):     481220 kB
Inactive(file):   473716 kB
Unevictable:       13568 kB
Mlocked:               0 kB
SwapTotal:        718400 kB
SwapFree:         712256 kB
Dirty:                76 kB
Writeback:             0 kB
AnonPages:       1051592 kB
Mapped:           616876 kB
Shmem:              1064 kB
Slab:              98964 kB
SReclaimable:      31748 kB
SUnreclaim:        67216 kB
KernelStack:       39440 kB
PageTables:        51192 kB
NFS_Unstable:          0 kB
Bounce:                0 kB
WritebackTmp:          0 kB
CommitLimit:     2155204 kB
Committed_AS:   121040404 kB
VmallocTotal:   251658176 kB
VmallocUsed:      136884 kB
VmallocChunk:   251422764 kB
Time pass: 60 sec

---2015-12-05 14:07:44
MemTotal:        2873608 kB
MemFree:           72308 kB
Buffers:           16352 kB
Cached:           940396 kB
SwapCached:            0 kB
Active:          1318948 kB
Inactive:         677344 kB
Active(anon):     841576 kB
Inactive(anon):   212600 kB
Active(file):     477372 kB
Inactive(file):   464744 kB
Unevictable:       13568 kB
Mlocked:               0 kB
SwapTotal:        718400 kB
SwapFree:         711780 kB
Dirty:               156 kB
Writeback:             0 kB
AnonPages:       1053180 kB
Mapped:           623888 kB
Shmem:              1064 kB
Slab:              99044 kB
SReclaimable:      31844 kB
SUnreclaim:        67200 kB
KernelStack:       39440 kB
PageTables:        51252 kB
NFS_Unstable:          0 kB
Bounce:                0 kB
WritebackTmp:          0 kB
CommitLimit:     2155204 kB
Committed_AS:   121040468 kB
VmallocTotal:   251658176 kB
VmallocUsed:      136996 kB
VmallocChunk:   251422764 kB
Time pass: 64 sec

---2015-12-05 14:07:44
MemTotal:        2873608 kB
MemFree:           72264 kB
Buffers:           16360 kB
Cached:           940704 kB
SwapCached:            0 kB
Active:          1318988 kB
Inactive:         677580 kB
Active(anon):     841616 kB
Inactive(anon):   212596 kB
Active(file):     477372 kB
Inactive(file):   464984 kB
Unevictable:       13568 kB
Mlocked:               0 kB
SwapTotal:        718400 kB
SwapFree:         711780 kB
Dirty:                 0 kB
Writeback:             0 kB
AnonPages:       1053336 kB
Mapped:           624076 kB
Shmem:              1064 kB
Slab:              99060 kB
SReclaimable:      31860 kB
SUnreclaim:        67200 kB
KernelStack:       39424 kB
PageTables:        51256 kB
NFS_Unstable:          0 kB
Bounce:                0 kB
WritebackTmp:          0 kB
CommitLimit:     2155204 kB
Committed_AS:   121040428 kB
VmallocTotal:   251658176 kB
VmallocUsed:      136996 kB
VmallocChunk:   251422764 kB
Time pass: 67 sec

---2015-12-05 14:07:44
MemTotal:        2873608 kB
MemFree:           70340 kB
Buffers:           16084 kB
Cached:           918064 kB
SwapCached:            0 kB
Active:          1308192 kB
Inactive:         671072 kB
Active(anon):     846736 kB
Inactive(anon):   213280 kB
Active(file):     461456 kB
Inactive(file):   457792 kB
Unevictable:       13568 kB
Mlocked:               0 kB
SwapTotal:        718400 kB
SwapFree:         710412 kB
Dirty:               492 kB
Writeback:             0 kB
AnonPages:       1059060 kB
Mapped:           636332 kB
Shmem:              1064 kB
Slab:              98912 kB
SReclaimable:      31684 kB
SUnreclaim:        67228 kB
KernelStack:       39424 kB
PageTables:        51352 kB
NFS_Unstable:          0 kB
Bounce:                0 kB
WritebackTmp:          0 kB
CommitLimit:     2155204 kB
Committed_AS:   121041168 kB
VmallocTotal:   251658176 kB
VmallocUsed:      137152 kB
VmallocChunk:   251422764 kB
Time pass: 71 sec

---2015-12-05 14:07:44
MemTotal:        2873608 kB
MemFree:           63572 kB
Buffers:           16080 kB
Cached:           915980 kB
SwapCached:            0 kB
Active:          1317432 kB
Inactive:         668988 kB
Active(anon):     856316 kB
Inactive(anon):   213068 kB
Active(file):     461116 kB
Inactive(file):   455920 kB
Unevictable:       13568 kB
Mlocked:               0 kB
SwapTotal:        718400 kB
SwapFree:         710016 kB
Dirty:               224 kB
Writeback:             0 kB
AnonPages:       1068472 kB
Mapped:           639384 kB
Shmem:              1064 kB
Slab:              99076 kB
SReclaimable:      31700 kB
SUnreclaim:        67376 kB
KernelStack:       39520 kB
PageTables:        51292 kB
NFS_Unstable:          0 kB
Bounce:                0 kB
WritebackTmp:          0 kB
CommitLimit:     2155204 kB
Committed_AS:   121049484 kB
VmallocTotal:   251658176 kB
VmallocUsed:      137152 kB
VmallocChunk:   251422764 kB
Time pass: 75 sec

---2015-12-05 14:07:44
MemTotal:        2873608 kB
MemFree:           62856 kB
Buffers:           16156 kB
Cached:           904440 kB
SwapCached:            4 kB
Active:          1323168 kB
Inactive:         667152 kB
Active(anon):     868424 kB
Inactive(anon):   216208 kB
Active(file):     454744 kB
Inactive(file):   450944 kB
Unevictable:       13568 kB
Mlocked:               0 kB
SwapTotal:        718400 kB
SwapFree:         709140 kB
Dirty:               104 kB
Writeback:             0 kB
AnonPages:       1083472 kB
Mapped:           640164 kB
Shmem:              1064 kB
Slab:              98984 kB
SReclaimable:      31700 kB
SUnreclaim:        67284 kB
KernelStack:       39568 kB
PageTables:        51392 kB
NFS_Unstable:          0 kB
Bounce:                0 kB
WritebackTmp:          0 kB
CommitLimit:     2155204 kB
Committed_AS:   121093452 kB
VmallocTotal:   251658176 kB
VmallocUsed:      139584 kB
VmallocChunk:   251422764 kB
Time pass: 78 sec

---2015-12-05 14:07:44
MemTotal:        2873608 kB
MemFree:           66532 kB
Buffers:           16088 kB
Cached:           899284 kB
SwapCached:            4 kB
Active:          1318024 kB
Inactive:         667672 kB
Active(anon):     867856 kB
Inactive(anon):   217112 kB
Active(file):     450168 kB
Inactive(file):   450560 kB
Unevictable:       13568 kB
Mlocked:               0 kB
SwapTotal:        718400 kB
SwapFree:         708704 kB
Dirty:               156 kB
Writeback:             0 kB
AnonPages:       1084156 kB
Mapped:           640180 kB
Shmem:              1076 kB
Slab:              98824 kB
SReclaimable:      31588 kB
SUnreclaim:        67236 kB
KernelStack:       39728 kB
PageTables:        51496 kB
NFS_Unstable:          0 kB
Bounce:                0 kB
WritebackTmp:          0 kB
CommitLimit:     2155204 kB
Committed_AS:   121093312 kB
VmallocTotal:   251658176 kB
VmallocUsed:      139584 kB
VmallocChunk:   251422764 kB
Time pass: 82 sec

---2015-12-05 14:07:44
MemTotal:        2873608 kB
MemFree:           69136 kB
Buffers:           15944 kB
Cached:           893444 kB
SwapCached:            4 kB
Active:          1314232 kB
Inactive:         663724 kB
Active(anon):     866100 kB
Inactive(anon):   217140 kB
Active(file):     448132 kB
Inactive(file):   446584 kB
Unevictable:       13568 kB
Mlocked:               0 kB
SwapTotal:        718400 kB
SwapFree:         708572 kB
Dirty:                52 kB
Writeback:             0 kB
AnonPages:       1082284 kB
Mapped:           637792 kB
Shmem:              1104 kB
Slab:              98808 kB
SReclaimable:      31588 kB
SUnreclaim:        67220 kB
KernelStack:       39456 kB
PageTables:        51164 kB
NFS_Unstable:          0 kB
Bounce:                0 kB
WritebackTmp:          0 kB
CommitLimit:     2155204 kB
Committed_AS:   119857132 kB
VmallocTotal:   251658176 kB
VmallocUsed:      138564 kB
VmallocChunk:   251422764 kB
Time pass: 86 sec

---2015-12-05 14:07:44
MemTotal:        2873608 kB
MemFree:           67864 kB
Buffers:           15960 kB
Cached:           893608 kB
SwapCached:            4 kB
Active:          1315848 kB
Inactive:         663892 kB
Active(anon):     867716 kB
Inactive(anon):   217296 kB
Active(file):     448132 kB
Inactive(file):   446596 kB
Unevictable:       13568 kB
Mlocked:               0 kB
SwapTotal:        718400 kB
SwapFree:         708572 kB
Dirty:                40 kB
Writeback:             0 kB
AnonPages:       1083972 kB
Mapped:           638076 kB
Shmem:              1272 kB
Slab:              98836 kB
SReclaimable:      31588 kB
SUnreclaim:        67248 kB
KernelStack:       39408 kB
PageTables:        51196 kB
NFS_Unstable:          0 kB
Bounce:                0 kB
WritebackTmp:          0 kB
CommitLimit:     2155204 kB
Committed_AS:   119861220 kB
VmallocTotal:   251658176 kB
VmallocUsed:      138564 kB
VmallocChunk:   251422764 kB
Time pass: 90 sec

---2015-12-05 14:07:44
MemTotal:        2873608 kB
MemFree:           67652 kB
Buffers:           15960 kB
Cached:           893680 kB
SwapCached:            4 kB
Active:          1315776 kB
Inactive:         663976 kB
Active(anon):     867644 kB
Inactive(anon):   217376 kB
Active(file):     448132 kB
Inactive(file):   446600 kB
Unevictable:       13568 kB
Mlocked:               0 kB
SwapTotal:        718400 kB
SwapFree:         708572 kB
Dirty:                44 kB
Writeback:             0 kB
AnonPages:       1083760 kB
Mapped:           638128 kB
Shmem:              1340 kB
Slab:              98768 kB
SReclaimable:      31588 kB
SUnreclaim:        67180 kB
KernelStack:       39376 kB
PageTables:        51200 kB
NFS_Unstable:          0 kB
Bounce:                0 kB
WritebackTmp:          0 kB
CommitLimit:     2155204 kB
Committed_AS:   119861148 kB
VmallocTotal:   251658176 kB
VmallocUsed:      138564 kB
VmallocChunk:   251422764 kB
Time pass: 93 sec

---2015-12-05 14:07:44
MemTotal:        2873608 kB
MemFree:          104932 kB
Buffers:           15668 kB
Cached:           886376 kB
SwapCached:            4 kB
Active:          1300220 kB
Inactive:         649356 kB
Active(anon):     843316 kB
Inactive(anon):   218144 kB
Active(file):     456904 kB
Inactive(file):   431212 kB
Unevictable:       13568 kB
Mlocked:               0 kB
SwapTotal:        718400 kB
SwapFree:         708048 kB
Dirty:               140 kB
Writeback:             0 kB
AnonPages:       1060932 kB
Mapped:           635152 kB
Shmem:               356 kB
Slab:              99044 kB
SReclaimable:      31748 kB
SUnreclaim:        67296 kB
KernelStack:       38672 kB
PageTables:        50728 kB
NFS_Unstable:          0 kB
Bounce:                0 kB
WritebackTmp:          0 kB
CommitLimit:     2155204 kB
Committed_AS:   120365372 kB
VmallocTotal:   251658176 kB
VmallocUsed:      138392 kB
VmallocChunk:   251422764 kB
Time pass: 97 sec

---2015-12-05 14:07:44
MemTotal:        2873608 kB
MemFree:          312464 kB
Buffers:           15752 kB
Cached:           887552 kB
SwapCached:            4 kB
Active:          1210600 kB
Inactive:         645696 kB
Active(anon):     748876 kB
Inactive(anon):   217836 kB
Active(file):     461724 kB
Inactive(file):   427860 kB
Unevictable:       13568 kB
Mlocked:               0 kB
SwapTotal:        718400 kB
SwapFree:         708048 kB
Dirty:               352 kB
Writeback:             0 kB
AnonPages:        966688 kB
Mapped:           470604 kB
Shmem:               220 kB
Slab:              98920 kB
SReclaimable:      31892 kB
SUnreclaim:        67028 kB
KernelStack:       37056 kB
PageTables:        48388 kB
NFS_Unstable:          0 kB
Bounce:                0 kB
WritebackTmp:          0 kB
CommitLimit:     2155204 kB
Committed_AS:   117168284 kB
VmallocTotal:   251658176 kB
VmallocUsed:      135392 kB
VmallocChunk:   251422764 kB
Time pass: 101 sec

---2015-12-05 14:07:44
MemTotal:        2873608 kB
MemFree:          311120 kB
Buffers:           15760 kB
Cached:           887876 kB
SwapCached:            4 kB
Active:          1212572 kB
Inactive:         645912 kB
Active(anon):     750836 kB
Inactive(anon):   217832 kB
Active(file):     461736 kB
Inactive(file):   428080 kB
Unevictable:       13568 kB
Mlocked:               0 kB
SwapTotal:        718400 kB
SwapFree:         708048 kB
Dirty:               628 kB
Writeback:             0 kB
AnonPages:        968728 kB
Mapped:           470596 kB
Shmem:               220 kB
Slab:              98816 kB
SReclaimable:      31892 kB
SUnreclaim:        66924 kB
KernelStack:       37056 kB
PageTables:        48412 kB
NFS_Unstable:          0 kB
Bounce:                0 kB
WritebackTmp:          0 kB
CommitLimit:     2155204 kB
Committed_AS:   119492660 kB
VmallocTotal:   251658176 kB
VmallocUsed:      135392 kB
VmallocChunk:   251422764 kB
Time pass: 104 sec

---2015-12-05 14:07:44
MemTotal:        2873608 kB
MemFree:          249080 kB
Buffers:           16780 kB
Cached:           895224 kB
SwapCached:            4 kB
Active:          1256044 kB
Inactive:         648328 kB
Active(anon):     788356 kB
Inactive(anon):   217940 kB
Active(file):     467688 kB
Inactive(file):   430388 kB
Unevictable:       13568 kB
Mlocked:               0 kB
SwapTotal:        718400 kB
SwapFree:         708048 kB
Dirty:              2044 kB
Writeback:             0 kB
AnonPages:       1006056 kB
Mapped:           534908 kB
Shmem:               356 kB
Slab:              98760 kB
SReclaimable:      31892 kB
SUnreclaim:        66868 kB
KernelStack:       38288 kB
PageTables:        49588 kB
NFS_Unstable:          0 kB
Bounce:                0 kB
WritebackTmp:          0 kB
CommitLimit:     2155204 kB
Committed_AS:   118506180 kB
VmallocTotal:   251658176 kB
VmallocUsed:      136488 kB
VmallocChunk:   251422764 kB
Time pass: 108 sec

---2015-12-05 14:07:44
MemTotal:        2873608 kB
MemFree:          180352 kB
Buffers:           16784 kB
Cached:           896028 kB
SwapCached:            4 kB
Active:          1266684 kB
Inactive:         647736 kB
Active(anon):     797624 kB
Inactive(anon):   217940 kB
Active(file):     469060 kB
Inactive(file):   429796 kB
Unevictable:       13568 kB
Mlocked:               0 kB
SwapTotal:        718400 kB
SwapFree:         708048 kB
Dirty:               908 kB
Writeback:             0 kB
AnonPages:       1015296 kB
Mapped:           585340 kB
Shmem:               356 kB
Slab:              98864 kB
SReclaimable:      31924 kB
SUnreclaim:        66940 kB
KernelStack:       38288 kB
PageTables:        49720 kB
NFS_Unstable:          0 kB
Bounce:                0 kB
WritebackTmp:          0 kB
CommitLimit:     2155204 kB
Committed_AS:   118505964 kB
VmallocTotal:   251658176 kB
VmallocUsed:      134508 kB
VmallocChunk:   251422764 kB
Time pass: 112 sec

---2015-12-05 14:07:44
MemTotal:        2873608 kB
MemFree:          180652 kB
Buffers:           16792 kB
Cached:           896028 kB
SwapCached:            4 kB
Active:          1266868 kB
Inactive:         647736 kB
Active(anon):     797808 kB
Inactive(anon):   217940 kB
Active(file):     469060 kB
Inactive(file):   429796 kB
Unevictable:       13568 kB
Mlocked:               0 kB
SwapTotal:        718400 kB
SwapFree:         708048 kB
Dirty:                 0 kB
Writeback:            72 kB
AnonPages:       1015296 kB
Mapped:           585432 kB
Shmem:               356 kB
Slab:              98868 kB
SReclaimable:      31928 kB
SUnreclaim:        66940 kB
KernelStack:       38272 kB
PageTables:        49740 kB
NFS_Unstable:          0 kB
Bounce:                0 kB
WritebackTmp:          0 kB
CommitLimit:     2155204 kB
Committed_AS:   118505924 kB
VmallocTotal:   251658176 kB
VmallocUsed:      134508 kB
VmallocChunk:   251422764 kB
Time pass: 116 sec

---2015-12-05 14:07:44
MemTotal:        2873608 kB
MemFree:          158700 kB
Buffers:           16792 kB
Cached:           897520 kB
SwapCached:            4 kB
Active:          1271996 kB
Inactive:         648896 kB
Active(anon):     802596 kB
Inactive(anon):   217936 kB
Active(file):     469400 kB
Inactive(file):   430960 kB
Unevictable:       13568 kB
Mlocked:               0 kB
SwapTotal:        718400 kB
SwapFree:         708048 kB
Dirty:               100 kB
Writeback:             0 kB
AnonPages:       1019992 kB
Mapped:           596440 kB
Shmem:               356 kB
Slab:              99028 kB
SReclaimable:      31928 kB
SUnreclaim:        67100 kB
KernelStack:       38448 kB
PageTables:        50312 kB
NFS_Unstable:          0 kB
Bounce:                0 kB
WritebackTmp:          0 kB
CommitLimit:     2155204 kB
Committed_AS:   120288580 kB
VmallocTotal:   251658176 kB
VmallocUsed:      135636 kB
VmallocChunk:   251422764 kB
Time pass: 119 sec

---2015-12-05 14:07:44
MemTotal:        2873608 kB
MemFree:          129140 kB
Buffers:           16800 kB
Cached:           897588 kB
SwapCached:            4 kB
Active:          1277984 kB
Inactive:         648932 kB
Active(anon):     808520 kB
Inactive(anon):   217936 kB
Active(file):     469464 kB
Inactive(file):   430996 kB
Unevictable:       13568 kB
Mlocked:               0 kB
SwapTotal:        718400 kB
SwapFree:         708048 kB
Dirty:               376 kB
Writeback:             0 kB
AnonPages:       1026172 kB
Mapped:           609716 kB
Shmem:               356 kB
Slab:              99004 kB
SReclaimable:      31928 kB
SUnreclaim:        67076 kB
KernelStack:       38464 kB
PageTables:        50412 kB
NFS_Unstable:          0 kB
Bounce:                0 kB
WritebackTmp:          0 kB
CommitLimit:     2155204 kB
Committed_AS:   120297276 kB
VmallocTotal:   251658176 kB
VmallocUsed:      135796 kB
VmallocChunk:   251422764 kB
Time pass: 123 sec

---2015-12-05 14:07:44
MemTotal:        2873608 kB
MemFree:          131180 kB
Buffers:           18352 kB
Cached:           897736 kB
SwapCached:            4 kB
Active:          1274816 kB
Inactive:         650608 kB
Active(anon):     805328 kB
Inactive(anon):   217936 kB
Active(file):     469488 kB
Inactive(file):   432672 kB
Unevictable:       13568 kB
Mlocked:               0 kB
SwapTotal:        718400 kB
SwapFree:         708048 kB
Dirty:                36 kB
Writeback:            80 kB
AnonPages:       1022772 kB
Mapped:           610572 kB
Shmem:               356 kB
Slab:              99012 kB
SReclaimable:      31928 kB
SUnreclaim:        67084 kB
KernelStack:       38400 kB
PageTables:        50300 kB
NFS_Unstable:          0 kB
Bounce:                0 kB
WritebackTmp:          0 kB
CommitLimit:     2155204 kB
Committed_AS:   120297388 kB
VmallocTotal:   251658176 kB
VmallocUsed:      135796 kB
VmallocChunk:   251422764 kB
Time pass: 127 sec

---2015-12-05 14:07:44
MemTotal:        2873608 kB
MemFree:          132976 kB
Buffers:           18352 kB
Cached:           897748 kB
SwapCached:            4 kB
Active:          1271316 kB
Inactive:         650620 kB
Active(anon):     801828 kB
Inactive(anon):   217936 kB
Active(file):     469488 kB
Inactive(file):   432684 kB
Unevictable:       13568 kB
Mlocked:               0 kB
SwapTotal:        718400 kB
SwapFree:         708048 kB
Dirty:                64 kB
Writeback:             0 kB
AnonPages:       1019384 kB
Mapped:           610684 kB
Shmem:               356 kB
Slab:              98916 kB
SReclaimable:      31928 kB
SUnreclaim:        66988 kB
KernelStack:       38448 kB
PageTables:        50332 kB
NFS_Unstable:          0 kB
Bounce:                0 kB
WritebackTmp:          0 kB
CommitLimit:     2155204 kB
Committed_AS:   120297356 kB
VmallocTotal:   251658176 kB
VmallocUsed:      135808 kB
VmallocChunk:   251422764 kB
Time pass: 130 sec

---2015-12-05 14:07:44
MemTotal:        2873608 kB
MemFree:          131888 kB
Buffers:           18360 kB
Cached:           897752 kB
SwapCached:            4 kB
Active:          1271556 kB
Inactive:         650632 kB
Active(anon):     802064 kB
Inactive(anon):   217936 kB
Active(file):     469492 kB
Inactive(file):   432696 kB
Unevictable:       13568 kB
Mlocked:               0 kB
SwapTotal:        718400 kB
SwapFree:         708048 kB
Dirty:                48 kB
Writeback:             0 kB
AnonPages:       1019596 kB
Mapped:           610860 kB
Shmem:               356 kB
Slab:              98912 kB
SReclaimable:      31928 kB
SUnreclaim:        66984 kB
KernelStack:       38448 kB
PageTables:        50340 kB
NFS_Unstable:          0 kB
Bounce:                0 kB
WritebackTmp:          0 kB
CommitLimit:     2155204 kB
Committed_AS:   120297420 kB
VmallocTotal:   251658176 kB
VmallocUsed:      135808 kB
VmallocChunk:   251422764 kB
Time pass: 134 sec

---2015-12-05 14:07:44
MemTotal:        2873608 kB
MemFree:          118328 kB
Buffers:           18400 kB
Cached:           897912 kB
SwapCached:            4 kB
Active:          1284380 kB
Inactive:         649824 kB
Active(anon):     813884 kB
Inactive(anon):   218064 kB
Active(file):     470496 kB
Inactive(file):   431760 kB
Unevictable:       13568 kB
Mlocked:               0 kB
SwapTotal:        718400 kB
SwapFree:         708048 kB
Dirty:                76 kB
Writeback:             0 kB
AnonPages:       1031480 kB
Mapped:           614336 kB
Shmem:               488 kB
Slab:              98996 kB
SReclaimable:      31928 kB
SUnreclaim:        67068 kB
KernelStack:       38880 kB
PageTables:        50580 kB
NFS_Unstable:          0 kB
Bounce:                0 kB
WritebackTmp:          0 kB
CommitLimit:     2155204 kB
Committed_AS:   120333268 kB
VmallocTotal:   251658176 kB
VmallocUsed:      138240 kB
VmallocChunk:   251422764 kB
Time pass: 138 sec

---2015-12-05 14:07:44
MemTotal:        2873608 kB
MemFree:          117020 kB
Buffers:           18400 kB
Cached:           897992 kB
SwapCached:            4 kB
Active:          1284848 kB
Inactive:         649904 kB
Active(anon):     814352 kB
Inactive(anon):   218140 kB
Active(file):     470496 kB
Inactive(file):   431764 kB
Unevictable:       13568 kB
Mlocked:               0 kB
SwapTotal:        718400 kB
SwapFree:         708048 kB
Dirty:                 0 kB
Writeback:             0 kB
AnonPages:       1032144 kB
Mapped:           614480 kB
Shmem:               564 kB
Slab:              99012 kB
SReclaimable:      31928 kB
SUnreclaim:        67084 kB
KernelStack:       38880 kB
PageTables:        50628 kB
NFS_Unstable:          0 kB
Bounce:                0 kB
WritebackTmp:          0 kB
CommitLimit:     2155204 kB
Committed_AS:   120333280 kB
VmallocTotal:   251658176 kB
VmallocUsed:      138240 kB
VmallocChunk:   251422764 kB
Time pass: 142 sec

---2015-12-05 14:07:44
MemTotal:        2873608 kB
MemFree:          116588 kB
Buffers:           18408 kB
Cached:           898128 kB
SwapCached:            4 kB
Active:          1285580 kB
Inactive:         650044 kB
Active(anon):     815080 kB
Inactive(anon):   218276 kB
Active(file):     470500 kB
Inactive(file):   431768 kB
Unevictable:       13568 kB
Mlocked:               0 kB
SwapTotal:        718400 kB
SwapFree:         708048 kB
Dirty:                44 kB
Writeback:             0 kB
AnonPages:       1032796 kB
Mapped:           614592 kB
Shmem:               700 kB
Slab:              99012 kB
SReclaimable:      31928 kB
SUnreclaim:        67084 kB
KernelStack:       38880 kB
PageTables:        50636 kB
NFS_Unstable:          0 kB
Bounce:                0 kB
WritebackTmp:          0 kB
CommitLimit:     2155204 kB
Committed_AS:   120333268 kB
VmallocTotal:   251658176 kB
VmallocUsed:      138240 kB
VmallocChunk:   251422764 kB
Time pass: 145 sec

---2015-12-05 14:07:44
MemTotal:        2873608 kB
MemFree:          116548 kB
Buffers:           18408 kB
Cached:           898160 kB
SwapCached:            4 kB
Active:          1285824 kB
Inactive:         650076 kB
Active(anon):     815324 kB
Inactive(anon):   218304 kB
Active(file):     470500 kB
Inactive(file):   431772 kB
Unevictable:       13568 kB
Mlocked:               0 kB
SwapTotal:        718400 kB
SwapFree:         708048 kB
Dirty:                 8 kB
Writeback:             0 kB
AnonPages:       1032912 kB
Mapped:           614648 kB
Shmem:               728 kB
Slab:              99012 kB
SReclaimable:      31928 kB
SUnreclaim:        67084 kB
KernelStack:       38880 kB
PageTables:        50632 kB
NFS_Unstable:          0 kB
Bounce:                0 kB
WritebackTmp:          0 kB
CommitLimit:     2155204 kB
Committed_AS:   120333268 kB
VmallocTotal:   251658176 kB
VmallocUsed:      138240 kB
VmallocChunk:   251422764 kB
Time pass: 149 sec

---2015-12-05 14:07:44
MemTotal:        2873608 kB
MemFree:          113136 kB
Buffers:           18448 kB
Cached:           897772 kB
SwapCached:            4 kB
Active:          1290920 kB
Inactive:         649532 kB
Active(anon):     820228 kB
Inactive(anon):   217928 kB
Active(file):     470692 kB
Inactive(file):   431604 kB
Unevictable:       13568 kB
Mlocked:               0 kB
SwapTotal:        718400 kB
SwapFree:         708048 kB
Dirty:                64 kB
Writeback:             0 kB
AnonPages:       1038060 kB
Mapped:           615820 kB
Shmem:               356 kB
Slab:              99048 kB
SReclaimable:      31944 kB
SUnreclaim:        67104 kB
KernelStack:       38624 kB
PageTables:        50476 kB
NFS_Unstable:          0 kB
Bounce:                0 kB
WritebackTmp:          0 kB
CommitLimit:     2155204 kB
Committed_AS:   120322420 kB
VmallocTotal:   251658176 kB
VmallocUsed:      138240 kB
VmallocChunk:   251422764 kB
Time pass: 153 sec

---2015-12-05 14:07:44
MemTotal:        2873608 kB
MemFree:          105972 kB
Buffers:           18464 kB
Cached:           898016 kB
SwapCached:            4 kB
Active:          1296208 kB
Inactive:         649776 kB
Active(anon):     825508 kB
Inactive(anon):   218144 kB
Active(file):     470700 kB
Inactive(file):   431632 kB
Unevictable:       13568 kB
Mlocked:               0 kB
SwapTotal:        718400 kB
SwapFree:         708048 kB
Dirty:                64 kB
Writeback:             0 kB
AnonPages:       1043108 kB
Mapped:           616188 kB
Shmem:               580 kB
Slab:              99024 kB
SReclaimable:      31944 kB
SUnreclaim:        67080 kB
KernelStack:       38880 kB
PageTables:        50656 kB
NFS_Unstable:          0 kB
Bounce:                0 kB
WritebackTmp:          0 kB
CommitLimit:     2155204 kB
Committed_AS:   120353900 kB
VmallocTotal:   251658176 kB
VmallocUsed:      138240 kB
VmallocChunk:   251422764 kB
Time pass: 157 sec

---2015-12-05 14:07:44
MemTotal:        2873608 kB
MemFree:          104492 kB
Buffers:           18472 kB
Cached:           898132 kB
SwapCached:            4 kB
Active:          1297492 kB
Inactive:         649904 kB
Active(anon):     826792 kB
Inactive(anon):   218196 kB
Active(file):     470700 kB
Inactive(file):   431708 kB
Unevictable:       13568 kB
Mlocked:               0 kB
SwapTotal:        718400 kB
SwapFree:         708048 kB
Dirty:                92 kB
Writeback:             0 kB
AnonPages:       1044360 kB
Mapped:           616264 kB
Shmem:               628 kB
Slab:              99024 kB
SReclaimable:      31944 kB
SUnreclaim:        67080 kB
KernelStack:       38864 kB
PageTables:        50708 kB
NFS_Unstable:          0 kB
Bounce:                0 kB
WritebackTmp:          0 kB
CommitLimit:     2155204 kB
Committed_AS:   120355972 kB
VmallocTotal:   251658176 kB
VmallocUsed:      138240 kB
VmallocChunk:   251422764 kB
Time pass: 161 sec

---2015-12-05 14:07:44
MemTotal:        2873608 kB
MemFree:          104580 kB
Buffers:           18472 kB
Cached:           898188 kB
SwapCached:            4 kB
Active:          1297128 kB
Inactive:         649960 kB
Active(anon):     826428 kB
Inactive(anon):   218236 kB
Active(file):     470700 kB
Inactive(file):   431724 kB
Unevictable:       13568 kB
Mlocked:               0 kB
SwapTotal:        718400 kB
SwapFree:         708048 kB
Dirty:                 0 kB
Writeback:             0 kB
AnonPages:       1043912 kB
Mapped:           616360 kB
Shmem:               668 kB
Slab:              99024 kB
SReclaimable:      31944 kB
SUnreclaim:        67080 kB
KernelStack:       38896 kB
PageTables:        50668 kB
NFS_Unstable:          0 kB
Bounce:                0 kB
WritebackTmp:          0 kB
CommitLimit:     2155204 kB
Committed_AS:   120355972 kB
VmallocTotal:   251658176 kB
VmallocUsed:      138240 kB
VmallocChunk:   251422764 kB
Time pass: 164 sec

---2015-12-05 14:07:44
MemTotal:        2873608 kB
MemFree:          104992 kB
Buffers:           18480 kB
Cached:           898188 kB
SwapCached:            4 kB
Active:          1296472 kB
Inactive:         649968 kB
Active(anon):     825772 kB
Inactive(anon):   218236 kB
Active(file):     470700 kB
Inactive(file):   431732 kB
Unevictable:       13568 kB
Mlocked:               0 kB
SwapTotal:        718400 kB
SwapFree:         708048 kB
Dirty:                12 kB
Writeback:             0 kB
AnonPages:       1043144 kB
Mapped:           616500 kB
Shmem:               668 kB
Slab:              99024 kB
SReclaimable:      31944 kB
SUnreclaim:        67080 kB
KernelStack:       38784 kB
PageTables:        50692 kB
NFS_Unstable:          0 kB
Bounce:                0 kB
WritebackTmp:          0 kB
CommitLimit:     2155204 kB
Committed_AS:   120355900 kB
VmallocTotal:   251658176 kB
VmallocUsed:      138240 kB
VmallocChunk:   251422764 kB
Time pass: 168 sec

---2015-12-05 14:07:44
MemTotal:        2873608 kB
MemFree:          115564 kB
Buffers:           18480 kB
Cached:           897884 kB
SwapCached:            4 kB
Active:          1287532 kB
Inactive:         649664 kB
Active(anon):     816828 kB
Inactive(anon):   217932 kB
Active(file):     470704 kB
Inactive(file):   431732 kB
Unevictable:       13568 kB
Mlocked:               0 kB
SwapTotal:        718400 kB
SwapFree:         708048 kB
Dirty:                 0 kB
Writeback:             0 kB
AnonPages:       1034380 kB
Mapped:           616096 kB
Shmem:               360 kB
Slab:              99028 kB
SReclaimable:      31944 kB
SUnreclaim:        67084 kB
KernelStack:       38448 kB
PageTables:        50508 kB
NFS_Unstable:          0 kB
Bounce:                0 kB
WritebackTmp:          0 kB
CommitLimit:     2155204 kB
Committed_AS:   120328336 kB
VmallocTotal:   251658176 kB
VmallocUsed:      138224 kB
VmallocChunk:   251422764 kB
Time pass: 172 sec

---2015-12-05 14:07:44
MemTotal:        2873608 kB
MemFree:          115676 kB
Buffers:           18488 kB
Cached:           897884 kB
SwapCached:            4 kB
Active:          1287692 kB
Inactive:         649664 kB
Active(anon):     816988 kB
Inactive(anon):   217932 kB
Active(file):     470704 kB
Inactive(file):   431732 kB
Unevictable:       13568 kB
Mlocked:               0 kB
SwapTotal:        718400 kB
SwapFree:         708048 kB
Dirty:                12 kB
Writeback:             0 kB
AnonPages:       1034648 kB
Mapped:           616044 kB
Shmem:               360 kB
Slab:              99024 kB
SReclaimable:      31944 kB
SUnreclaim:        67080 kB
KernelStack:       38432 kB
PageTables:        50480 kB
NFS_Unstable:          0 kB
Bounce:                0 kB
WritebackTmp:          0 kB
CommitLimit:     2155204 kB
Committed_AS:   120328304 kB
VmallocTotal:   251658176 kB
VmallocUsed:      138224 kB
VmallocChunk:   251422764 kB
Time pass: 176 sec

---2015-12-05 14:07:44
MemTotal:        2873608 kB
MemFree:          115568 kB
Buffers:           18488 kB
Cached:           897884 kB
SwapCached:            4 kB
Active:          1287872 kB
Inactive:         649672 kB
Active(anon):     817168 kB
Inactive(anon):   217932 kB
Active(file):     470704 kB
Inactive(file):   431740 kB
Unevictable:       13568 kB
Mlocked:               0 kB
SwapTotal:        718400 kB
SwapFree:         708048 kB
Dirty:                 0 kB
Writeback:             0 kB
AnonPages:       1034760 kB
Mapped:           616156 kB
Shmem:               360 kB
Slab:              99024 kB
SReclaimable:      31944 kB
SUnreclaim:        67080 kB
KernelStack:       38448 kB
PageTables:        50512 kB
NFS_Unstable:          0 kB
Bounce:                0 kB
WritebackTmp:          0 kB
CommitLimit:     2155204 kB
Committed_AS:   120328288 kB
VmallocTotal:   251658176 kB
VmallocUsed:      138224 kB
VmallocChunk:   251422764 kB
Time pass: 180 sec

---2015-12-05 14:07:44
MemTotal:        2873608 kB
MemFree:          115452 kB
Buffers:           18488 kB
Cached:           897884 kB
SwapCached:            4 kB
Active:          1287860 kB
Inactive:         649672 kB
Active(anon):     817156 kB
Inactive(anon):   217932 kB
Active(file):     470704 kB
Inactive(file):   431740 kB
Unevictable:       13568 kB
Mlocked:               0 kB
SwapTotal:        718400 kB
SwapFree:         708048 kB
Dirty:                 0 kB
Writeback:             0 kB
AnonPages:       1034792 kB
Mapped:           615876 kB
Shmem:               360 kB
Slab:              99024 kB
SReclaimable:      31944 kB
SUnreclaim:        67080 kB
KernelStack:       38448 kB
PageTables:        50476 kB
NFS_Unstable:          0 kB
Bounce:                0 kB
WritebackTmp:          0 kB
CommitLimit:     2155204 kB
Committed_AS:   120328288 kB
VmallocTotal:   251658176 kB
VmallocUsed:      138224 kB
VmallocChunk:   251422764 kB
Time pass: 183 sec

---2015-12-05 14:07:44
MemTotal:        2873608 kB
MemFree:          103528 kB
Buffers:           18488 kB
Cached:           897888 kB
SwapCached:            4 kB
Active:          1296888 kB
Inactive:         649676 kB
Active(anon):     826184 kB
Inactive(anon):   217932 kB
Active(file):     470704 kB
Inactive(file):   431744 kB
Unevictable:       13568 kB
Mlocked:               0 kB
SwapTotal:        718400 kB
SwapFree:         708048 kB
Dirty:                 8 kB
Writeback:             0 kB
AnonPages:       1043856 kB
Mapped:           619216 kB
Shmem:               360 kB
Slab:              99024 kB
SReclaimable:      31944 kB
SUnreclaim:        67080 kB
KernelStack:       38496 kB
PageTables:        50476 kB
NFS_Unstable:          0 kB
Bounce:                0 kB
WritebackTmp:          0 kB
CommitLimit:     2155204 kB
Committed_AS:   120328360 kB
VmallocTotal:   251658176 kB
VmallocUsed:      135840 kB
VmallocChunk:   251422764 kB
Time pass: 187 sec

---2015-12-05 14:07:44
MemTotal:        2873608 kB
MemFree:          103076 kB
Buffers:           18536 kB
Cached:           898076 kB
SwapCached:            4 kB
Active:          1299604 kB
Inactive:         649884 kB
Active(anon):     828896 kB
Inactive(anon):   218096 kB
Active(file):     470708 kB
Inactive(file):   431788 kB
Unevictable:       13568 kB
Mlocked:               0 kB
SwapTotal:        718400 kB
SwapFree:         708048 kB
Dirty:                56 kB
Writeback:             0 kB
AnonPages:       1046328 kB
Mapped:           616476 kB
Shmem:               548 kB
Slab:              99024 kB
SReclaimable:      31944 kB
SUnreclaim:        67080 kB
KernelStack:       38832 kB
PageTables:        50632 kB
NFS_Unstable:          0 kB
Bounce:                0 kB
WritebackTmp:          0 kB
CommitLimit:     2155204 kB
Committed_AS:   120360020 kB
VmallocTotal:   251658176 kB
VmallocUsed:      138240 kB
VmallocChunk:   251422764 kB
Time pass: 191 sec

---2015-12-05 14:07:44
MemTotal:        2873608 kB
MemFree:          101400 kB
Buffers:           18536 kB
Cached:           898076 kB
SwapCached:            4 kB
Active:          1300448 kB
Inactive:         649904 kB
Active(anon):     829740 kB
Inactive(anon):   218116 kB
Active(file):     470708 kB
Inactive(file):   431788 kB
Unevictable:       13568 kB
Mlocked:               0 kB
SwapTotal:        718400 kB
SwapFree:         708048 kB
Dirty:                 0 kB
Writeback:             0 kB
AnonPages:       1047804 kB
Mapped:           616564 kB
Shmem:               548 kB
Slab:              99024 kB
SReclaimable:      31944 kB
SUnreclaim:        67080 kB
KernelStack:       38848 kB
PageTables:        50636 kB
NFS_Unstable:          0 kB
Bounce:                0 kB
WritebackTmp:          0 kB
CommitLimit:     2155204 kB
Committed_AS:   120360012 kB
VmallocTotal:   251658176 kB
VmallocUsed:      138240 kB
VmallocChunk:   251422764 kB
Time pass: 194 sec

---2015-12-05 14:07:44
MemTotal:        2873608 kB
MemFree:          106412 kB
Buffers:           18544 kB
Cached:           898108 kB
SwapCached:            4 kB
Active:          1296360 kB
Inactive:         649944 kB
Active(anon):     825652 kB
Inactive(anon):   218148 kB
Active(file):     470708 kB
Inactive(file):   431796 kB
Unevictable:       13568 kB
Mlocked:               0 kB
SwapTotal:        718400 kB
SwapFree:         708048 kB
Dirty:                44 kB
Writeback:             0 kB
AnonPages:       1042980 kB
Mapped:           616688 kB
Shmem:               580 kB
Slab:              98984 kB
SReclaimable:      31960 kB
SUnreclaim:        67024 kB
KernelStack:       38592 kB
PageTables:        50012 kB
NFS_Unstable:          0 kB
Bounce:                0 kB
WritebackTmp:          0 kB
CommitLimit:     2155204 kB
Committed_AS:   118577184 kB
VmallocTotal:   251658176 kB
VmallocUsed:      137220 kB
VmallocChunk:   251422764 kB
Time pass: 198 sec

---2015-12-05 14:07:44
MemTotal:        2873608 kB
MemFree:          107020 kB
Buffers:           18544 kB
Cached:           898108 kB
SwapCached:            4 kB
Active:          1296388 kB
Inactive:         649944 kB
Active(anon):     825680 kB
Inactive(anon):   218148 kB
Active(file):     470708 kB
Inactive(file):   431796 kB
Unevictable:       13568 kB
Mlocked:               0 kB
SwapTotal:        718400 kB
SwapFree:         708048 kB
Dirty:                 0 kB
Writeback:             0 kB
AnonPages:       1043120 kB
Mapped:           616804 kB
Shmem:               580 kB
Slab:              98808 kB
SReclaimable:      31832 kB
SUnreclaim:        66976 kB
KernelStack:       38560 kB
PageTables:        50044 kB
NFS_Unstable:          0 kB
Bounce:                0 kB
WritebackTmp:          0 kB
CommitLimit:     2155204 kB
Committed_AS:   118577192 kB
VmallocTotal:   251658176 kB
VmallocUsed:      137220 kB
VmallocChunk:   251422764 kB
Time pass: 202 sec

---2015-12-05 14:07:44
MemTotal:        2873608 kB
MemFree:          107348 kB
Buffers:           18552 kB
Cached:           898108 kB
SwapCached:            4 kB
Active:          1296308 kB
Inactive:         649952 kB
Active(anon):     825600 kB
Inactive(anon):   218148 kB
Active(file):     470708 kB
Inactive(file):   431804 kB
Unevictable:       13568 kB
Mlocked:               0 kB
SwapTotal:        718400 kB
SwapFree:         708048 kB
Dirty:                 4 kB
Writeback:             0 kB
AnonPages:       1043044 kB
Mapped:           616808 kB
Shmem:               580 kB
Slab:              98804 kB
SReclaimable:      31832 kB
SUnreclaim:        66972 kB
KernelStack:       38560 kB
PageTables:        50048 kB
NFS_Unstable:          0 kB
Bounce:                0 kB
WritebackTmp:          0 kB
CommitLimit:     2155204 kB
Committed_AS:   118577192 kB
VmallocTotal:   251658176 kB
VmallocUsed:      137220 kB
VmallocChunk:   251422764 kB
Time pass: 206 sec

---2015-12-05 14:07:44
MemTotal:        2873608 kB
MemFree:          107136 kB
Buffers:           18552 kB
Cached:           898108 kB
SwapCached:            4 kB
Active:          1296208 kB
Inactive:         649952 kB
Active(anon):     825500 kB
Inactive(anon):   218148 kB
Active(file):     470708 kB
Inactive(file):   431804 kB
Unevictable:       13568 kB
Mlocked:               0 kB
SwapTotal:        718400 kB
SwapFree:         708048 kB
Dirty:                 0 kB
Writeback:             0 kB
AnonPages:       1043108 kB
Mapped:           616872 kB
Shmem:               580 kB
Slab:              98740 kB
SReclaimable:      31768 kB
SUnreclaim:        66972 kB
KernelStack:       38560 kB
PageTables:        50052 kB
NFS_Unstable:          0 kB
Bounce:                0 kB
WritebackTmp:          0 kB
CommitLimit:     2155204 kB
Committed_AS:   118577208 kB
VmallocTotal:   251658176 kB
VmallocUsed:      137220 kB
VmallocChunk:   251422764 kB
Time pass: 210 sec

---2015-12-05 14:07:44
MemTotal:        2873608 kB
MemFree:          106932 kB
Buffers:           18552 kB
Cached:           898108 kB
SwapCached:            4 kB
Active:          1296276 kB
Inactive:         649952 kB
Active(anon):     825568 kB
Inactive(anon):   218148 kB
Active(file):     470708 kB
Inactive(file):   431804 kB
Unevictable:       13568 kB
Mlocked:               0 kB
SwapTotal:        718400 kB
SwapFree:         708048 kB
Dirty:                 0 kB
Writeback:             0 kB
AnonPages:       1043208 kB
Mapped:           616896 kB
Shmem:               580 kB
Slab:              98740 kB
SReclaimable:      31768 kB
SUnreclaim:        66972 kB
KernelStack:       38560 kB
PageTables:        50048 kB
NFS_Unstable:          0 kB
Bounce:                0 kB
WritebackTmp:          0 kB
CommitLimit:     2155204 kB
Committed_AS:   118577248 kB
VmallocTotal:   251658176 kB
VmallocUsed:      137220 kB
VmallocChunk:   251422764 kB
Time pass: 213 sec

---2015-12-05 14:07:44
MemTotal:        2873608 kB
MemFree:          106688 kB
Buffers:           18560 kB
Cached:           898108 kB
SwapCached:            4 kB
Active:          1296924 kB
Inactive:         649956 kB
Active(anon):     826216 kB
Inactive(anon):   218144 kB
Active(file):     470708 kB
Inactive(file):   431812 kB
Unevictable:       13568 kB
Mlocked:               0 kB
SwapTotal:        718400 kB
SwapFree:         708048 kB
Dirty:                 4 kB
Writeback:             0 kB
AnonPages:       1043696 kB
Mapped:           616932 kB
Shmem:               580 kB
Slab:              98600 kB
SReclaimable:      31624 kB
SUnreclaim:        66976 kB
KernelStack:       38560 kB
PageTables:        50056 kB
NFS_Unstable:          0 kB
Bounce:                0 kB
WritebackTmp:          0 kB
CommitLimit:     2155204 kB
Committed_AS:   118577280 kB
VmallocTotal:   251658176 kB
VmallocUsed:      137220 kB
VmallocChunk:   251422764 kB
Time pass: 217 sec

---2015-12-05 14:07:44
MemTotal:        2873608 kB
MemFree:          106252 kB
Buffers:           18560 kB
Cached:           898124 kB
SwapCached:            4 kB
Active:          1297188 kB
Inactive:         649972 kB
Active(anon):     826480 kB
Inactive(anon):   218144 kB
Active(file):     470708 kB
Inactive(file):   431828 kB
Unevictable:       13568 kB
Mlocked:               0 kB
SwapTotal:        718400 kB
SwapFree:         708048 kB
Dirty:                44 kB
Writeback:             0 kB
AnonPages:       1043880 kB
Mapped:           617004 kB
Shmem:               580 kB
Slab:              98596 kB
SReclaimable:      31624 kB
SUnreclaim:        66972 kB
KernelStack:       38544 kB
PageTables:        50056 kB
NFS_Unstable:          0 kB
Bounce:                0 kB
WritebackTmp:          0 kB
CommitLimit:     2155204 kB
Committed_AS:   118577248 kB
VmallocTotal:   251658176 kB
VmallocUsed:      137220 kB
VmallocChunk:   251422764 kB
Time pass: 221 sec

---2015-12-05 14:07:44
MemTotal:        2873608 kB
MemFree:          106044 kB
Buffers:           18592 kB
Cached:           898116 kB
SwapCached:            4 kB
Active:          1297472 kB
Inactive:         649988 kB
Active(anon):     826764 kB
Inactive(anon):   218144 kB
Active(file):     470708 kB
Inactive(file):   431844 kB
Unevictable:       13568 kB
Mlocked:               0 kB
SwapTotal:        718400 kB
SwapFree:         708048 kB
Dirty:                52 kB
Writeback:             8 kB
AnonPages:       1044444 kB
Mapped:           616736 kB
Shmem:               588 kB
Slab:              98596 kB
SReclaimable:      31624 kB
SUnreclaim:        66972 kB
KernelStack:       38560 kB
PageTables:        50024 kB
NFS_Unstable:          0 kB
Bounce:                0 kB
WritebackTmp:          0 kB
CommitLimit:     2155204 kB
Committed_AS:   118585416 kB
VmallocTotal:   251658176 kB
VmallocUsed:      137220 kB
VmallocChunk:   251422764 kB
Time pass: 224 sec

---2015-12-05 14:07:44
MemTotal:        2873608 kB
MemFree:          104000 kB
Buffers:           18632 kB
Cached:           898212 kB
SwapCached:            4 kB
Active:          1299012 kB
Inactive:         650108 kB
Active(anon):     828300 kB
Inactive(anon):   218204 kB
Active(file):     470712 kB
Inactive(file):   431904 kB
Unevictable:       13568 kB
Mlocked:               0 kB
SwapTotal:        718400 kB
SwapFree:         708048 kB
Dirty:               100 kB
Writeback:             0 kB
AnonPages:       1045924 kB
Mapped:           617072 kB
Shmem:               660 kB
Slab:              98624 kB
SReclaimable:      31640 kB
SUnreclaim:        66984 kB
KernelStack:       38544 kB
PageTables:        50076 kB
NFS_Unstable:          0 kB
Bounce:                0 kB
WritebackTmp:          0 kB
CommitLimit:     2155204 kB
Committed_AS:   118585504 kB
VmallocTotal:   251658176 kB
VmallocUsed:      137220 kB
VmallocChunk:   251422764 kB
Time pass: 228 sec

---2015-12-05 14:07:44
MemTotal:        2873608 kB
MemFree:          104292 kB
Buffers:           18640 kB
Cached:           898248 kB
SwapCached:            4 kB
Active:          1299424 kB
Inactive:         650144 kB
Active(anon):     828712 kB
Inactive(anon):   218240 kB
Active(file):     470712 kB
Inactive(file):   431904 kB
Unevictable:       13568 kB
Mlocked:               0 kB
SwapTotal:        718400 kB
SwapFree:         708048 kB
Dirty:                40 kB
Writeback:             0 kB
AnonPages:       1046288 kB
Mapped:           617136 kB
Shmem:               696 kB
Slab:              98612 kB
SReclaimable:      31640 kB
SUnreclaim:        66972 kB
KernelStack:       38544 kB
PageTables:        50076 kB
NFS_Unstable:          0 kB
Bounce:                0 kB
WritebackTmp:          0 kB
CommitLimit:     2155204 kB
Committed_AS:   118585504 kB
VmallocTotal:   251658176 kB
VmallocUsed:      137220 kB
VmallocChunk:   251422764 kB
Time pass: 232 sec

---2015-12-05 14:07:44
MemTotal:        2873608 kB
MemFree:          103688 kB
Buffers:           18640 kB
Cached:           898264 kB
SwapCached:            4 kB
Active:          1299632 kB
Inactive:         650168 kB
Active(anon):     828920 kB
Inactive(anon):   218256 kB
Active(file):     470712 kB
Inactive(file):   431912 kB
Unevictable:       13568 kB
Mlocked:               0 kB
SwapTotal:        718400 kB
SwapFree:         708048 kB
Dirty:                44 kB
Writeback:             0 kB
AnonPages:       1046372 kB
Mapped:           617176 kB
Shmem:               712 kB
Slab:              98612 kB
SReclaimable:      31640 kB
SUnreclaim:        66972 kB
KernelStack:       38544 kB
PageTables:        50076 kB
NFS_Unstable:          0 kB
Bounce:                0 kB
WritebackTmp:          0 kB
CommitLimit:     2155204 kB
Committed_AS:   118585488 kB
VmallocTotal:   251658176 kB
VmallocUsed:      137220 kB
VmallocChunk:   251422764 kB
Time pass: 235 sec

---2015-12-05 14:07:44
MemTotal:        2873608 kB
MemFree:          102964 kB
Buffers:           18648 kB
Cached:           898276 kB
SwapCached:            4 kB
Active:          1299880 kB
Inactive:         650188 kB
Active(anon):     829168 kB
Inactive(anon):   218268 kB
Active(file):     470712 kB
Inactive(file):   431920 kB
Unevictable:       13568 kB
Mlocked:               0 kB
SwapTotal:        718400 kB
SwapFree:         708048 kB
Dirty:                 4 kB
Writeback:             0 kB
AnonPages:       1046628 kB
Mapped:           617304 kB
Shmem:               724 kB
Slab:              98612 kB
SReclaimable:      31640 kB
SUnreclaim:        66972 kB
KernelStack:       38544 kB
PageTables:        50104 kB
NFS_Unstable:          0 kB
Bounce:                0 kB
WritebackTmp:          0 kB
CommitLimit:     2155204 kB
Committed_AS:   118585488 kB
VmallocTotal:   251658176 kB
VmallocUsed:      137220 kB
VmallocChunk:   251422764 kB
Time pass: 239 sec

---2015-12-05 14:07:44
MemTotal:        2873608 kB
MemFree:          102628 kB
Buffers:           18648 kB
Cached:           898280 kB
SwapCached:            4 kB
Active:          1300220 kB
Inactive:         650188 kB
Active(anon):     829504 kB
Inactive(anon):   218268 kB
Active(file):     470716 kB
Inactive(file):   431920 kB
Unevictable:       13568 kB
Mlocked:               0 kB
SwapTotal:        718400 kB
SwapFree:         708048 kB
Dirty:                12 kB
Writeback:             0 kB
AnonPages:       1047036 kB
Mapped:           617328 kB
Shmem:               724 kB
Slab:              98612 kB
SReclaimable:      31640 kB
SUnreclaim:        66972 kB
KernelStack:       38560 kB
PageTables:        50100 kB
NFS_Unstable:          0 kB
Bounce:                0 kB
WritebackTmp:          0 kB
CommitLimit:     2155204 kB
Committed_AS:   118585496 kB
VmallocTotal:   251658176 kB
VmallocUsed:      137220 kB
VmallocChunk:   251422764 kB
Time pass: 243 sec

---2015-12-05 14:07:44
MemTotal:        2873608 kB
MemFree:          102444 kB
Buffers:           18656 kB
Cached:           898412 kB
SwapCached:            4 kB
Active:          1300296 kB
Inactive:         650328 kB
Active(anon):     829580 kB
Inactive(anon):   218400 kB
Active(file):     470716 kB
Inactive(file):   431928 kB
Unevictable:       13568 kB
Mlocked:               0 kB
SwapTotal:        718400 kB
SwapFree:         708048 kB
Dirty:                12 kB
Writeback:             0 kB
AnonPages:       1047172 kB
Mapped:           617416 kB
Shmem:               856 kB
Slab:              98612 kB
SReclaimable:      31640 kB
SUnreclaim:        66972 kB
KernelStack:       38528 kB
PageTables:        50076 kB
NFS_Unstable:          0 kB
Bounce:                0 kB
WritebackTmp:          0 kB
CommitLimit:     2155204 kB
Committed_AS:   118585488 kB
VmallocTotal:   251658176 kB
VmallocUsed:      137220 kB
VmallocChunk:   251422764 kB
Time pass: 247 sec

---2015-12-05 14:07:44
MemTotal:        2873608 kB
MemFree:          102504 kB
Buffers:           18656 kB
Cached:           898416 kB
SwapCached:            4 kB
Active:          1300304 kB
Inactive:         650328 kB
Active(anon):     829584 kB
Inactive(anon):   218400 kB
Active(file):     470720 kB
Inactive(file):   431928 kB
Unevictable:       13568 kB
Mlocked:               0 kB
SwapTotal:        718400 kB
SwapFree:         708048 kB
Dirty:                20 kB
Writeback:             0 kB
AnonPages:       1046984 kB
Mapped:           617568 kB
Shmem:               856 kB
Slab:              98612 kB
SReclaimable:      31640 kB
SUnreclaim:        66972 kB
KernelStack:       38528 kB
PageTables:        50128 kB
NFS_Unstable:          0 kB
Bounce:                0 kB
WritebackTmp:          0 kB
CommitLimit:     2155204 kB
Committed_AS:   118585488 kB
VmallocTotal:   251658176 kB
VmallocUsed:      137220 kB
VmallocChunk:   251422764 kB
Time pass: 250 sec

---2015-12-05 14:07:44
MemTotal:        2873608 kB
MemFree:           96896 kB
Buffers:           18680 kB
Cached:           898400 kB
SwapCached:            4 kB
Active:          1306376 kB
Inactive:         650336 kB
Active(anon):     835656 kB
Inactive(anon):   218400 kB
Active(file):     470720 kB
Inactive(file):   431936 kB
Unevictable:       13568 kB
Mlocked:               0 kB
SwapTotal:        718400 kB
SwapFree:         708048 kB
Dirty:                12 kB
Writeback:             0 kB
AnonPages:       1053080 kB
Mapped:           617468 kB
Shmem:               856 kB
Slab:              98612 kB
SReclaimable:      31640 kB
SUnreclaim:        66972 kB
KernelStack:       38576 kB
PageTables:        50080 kB
NFS_Unstable:          0 kB
Bounce:                0 kB
WritebackTmp:          0 kB
CommitLimit:     2155204 kB
Committed_AS:   118585488 kB
VmallocTotal:   251658176 kB
VmallocUsed:      137220 kB
VmallocChunk:   251422764 kB
Time pass: 254 sec

---2015-12-05 14:07:44
MemTotal:        2873608 kB
MemFree:           99604 kB
Buffers:           18696 kB
Cached:           898076 kB
SwapCached:            4 kB
Active:          1304088 kB
Inactive:         650028 kB
Active(anon):     833368 kB
Inactive(anon):   218060 kB
Active(file):     470720 kB
Inactive(file):   431968 kB
Unevictable:       13568 kB
Mlocked:               0 kB
SwapTotal:        718400 kB
SwapFree:         708048 kB
Dirty:                56 kB
Writeback:             0 kB
AnonPages:       1050964 kB
Mapped:           617156 kB
Shmem:               516 kB
Slab:              98660 kB
SReclaimable:      31640 kB
SUnreclaim:        67020 kB
KernelStack:       38560 kB
PageTables:        50044 kB
NFS_Unstable:          0 kB
Bounce:                0 kB
WritebackTmp:          0 kB
CommitLimit:     2155204 kB
Committed_AS:   118585584 kB
VmallocTotal:   251658176 kB
VmallocUsed:      137220 kB
VmallocChunk:   251422764 kB
Time pass: 258 sec

---2015-12-05 14:07:44
MemTotal:        2873608 kB
MemFree:           99232 kB
Buffers:           18704 kB
Cached:           898084 kB
SwapCached:            4 kB
Active:          1304404 kB
Inactive:         650044 kB
Active(anon):     833684 kB
Inactive(anon):   218068 kB
Active(file):     470720 kB
Inactive(file):   431976 kB
Unevictable:       13568 kB
Mlocked:               0 kB
SwapTotal:        718400 kB
SwapFree:         708048 kB
Dirty:                36 kB
Writeback:             0 kB
AnonPages:       1051128 kB
Mapped:           617220 kB
Shmem:               524 kB
Slab:              98640 kB
SReclaimable:      31640 kB
SUnreclaim:        67000 kB
KernelStack:       38576 kB
PageTables:        50044 kB
NFS_Unstable:          0 kB
Bounce:                0 kB
WritebackTmp:          0 kB
CommitLimit:     2155204 kB
Committed_AS:   118585592 kB
VmallocTotal:   251658176 kB
VmallocUsed:      137220 kB
VmallocChunk:   251422764 kB
Time pass: 262 sec

---2015-12-05 14:07:44
MemTotal:        2873608 kB
MemFree:           98556 kB
Buffers:           18720 kB
Cached:           898068 kB
SwapCached:            4 kB
Active:          1305704 kB
Inactive:         650052 kB
Active(anon):     834992 kB
Inactive(anon):   218076 kB
Active(file):     470712 kB
Inactive(file):   431976 kB
Unevictable:       13568 kB
Mlocked:               0 kB
SwapTotal:        718400 kB
SwapFree:         708048 kB
Dirty:                36 kB
Writeback:             0 kB
AnonPages:       1052484 kB
Mapped:           617216 kB
Shmem:               532 kB
Slab:              98628 kB
SReclaimable:      31640 kB
SUnreclaim:        66988 kB
KernelStack:       38608 kB
PageTables:        50044 kB
NFS_Unstable:          0 kB
Bounce:                0 kB
WritebackTmp:          0 kB
CommitLimit:     2155204 kB
Committed_AS:   118585584 kB
VmallocTotal:   251658176 kB
VmallocUsed:      137220 kB
VmallocChunk:   251422764 kB
Time pass: 266 sec

---2015-12-05 14:07:44
MemTotal:        2873608 kB
MemFree:           97596 kB
Buffers:           18720 kB
Cached:           898096 kB
SwapCached:            4 kB
Active:          1305800 kB
Inactive:         650072 kB
Active(anon):     835080 kB
Inactive(anon):   218080 kB
Active(file):     470720 kB
Inactive(file):   431992 kB
Unevictable:       13568 kB
Mlocked:               0 kB
SwapTotal:        718400 kB
SwapFree:         708048 kB
Dirty:                 0 kB
Writeback:             0 kB
AnonPages:       1052440 kB
Mapped:           617304 kB
Shmem:               536 kB
Slab:              98628 kB
SReclaimable:      31640 kB
SUnreclaim:        66988 kB
KernelStack:       38592 kB
PageTables:        50076 kB
NFS_Unstable:          0 kB
Bounce:                0 kB
WritebackTmp:          0 kB
CommitLimit:     2155204 kB
Committed_AS:   118585656 kB
VmallocTotal:   251658176 kB
VmallocUsed:      137220 kB
VmallocChunk:   251422764 kB
Time pass: 269 sec

---2015-12-05 14:07:44
MemTotal:        2873608 kB
MemFree:           97328 kB
Buffers:           18728 kB
Cached:           898096 kB
SwapCached:            4 kB
Active:          1305636 kB
Inactive:         650080 kB
Active(anon):     834916 kB
Inactive(anon):   218080 kB
Active(file):     470720 kB
Inactive(file):   432000 kB
Unevictable:       13568 kB
Mlocked:               0 kB
SwapTotal:        718400 kB
SwapFree:         708048 kB
Dirty:                32 kB
Writeback:             0 kB
AnonPages:       1052468 kB
Mapped:           617304 kB
Shmem:               536 kB
Slab:              98628 kB
SReclaimable:      31640 kB
SUnreclaim:        66988 kB
KernelStack:       38592 kB
PageTables:        50072 kB
NFS_Unstable:          0 kB
Bounce:                0 kB
WritebackTmp:          0 kB
CommitLimit:     2155204 kB
Committed_AS:   118585648 kB
VmallocTotal:   251658176 kB
VmallocUsed:      137220 kB
VmallocChunk:   251422764 kB
Time pass: 273 sec

---2015-12-05 14:07:44
MemTotal:        2873608 kB
MemFree:           95776 kB
Buffers:           18760 kB
Cached:           898088 kB
SwapCached:            4 kB
Active:          1307796 kB
Inactive:         650108 kB
Active(anon):     837084 kB
Inactive(anon):   218080 kB
Active(file):     470712 kB
Inactive(file):   432028 kB
Unevictable:       13568 kB
Mlocked:               0 kB
SwapTotal:        718400 kB
SwapFree:         708048 kB
Dirty:               120 kB
Writeback:             0 kB
AnonPages:       1054684 kB
Mapped:           617220 kB
Shmem:               536 kB
Slab:              98632 kB
SReclaimable:      31640 kB
SUnreclaim:        66992 kB
KernelStack:       38608 kB
PageTables:        50040 kB
NFS_Unstable:          0 kB
Bounce:                0 kB
WritebackTmp:          0 kB
CommitLimit:     2155204 kB
Committed_AS:   118585712 kB
VmallocTotal:   251658176 kB
VmallocUsed:      137220 kB
VmallocChunk:   251422764 kB
Time pass: 277 sec

---2015-12-05 14:07:44
MemTotal:        2873608 kB
MemFree:           96660 kB
Buffers:           18784 kB
Cached:           898104 kB
SwapCached:            4 kB
Active:          1307632 kB
Inactive:         650148 kB
Active(anon):     836920 kB
Inactive(anon):   218076 kB
Active(file):     470712 kB
Inactive(file):   432072 kB
Unevictable:       13568 kB
Mlocked:               0 kB
SwapTotal:        718400 kB
SwapFree:         708048 kB
Dirty:               172 kB
Writeback:             0 kB
AnonPages:       1054440 kB
Mapped:           617140 kB
Shmem:               536 kB
Slab:              98656 kB
SReclaimable:      31640 kB
SUnreclaim:        67016 kB
KernelStack:       38592 kB
PageTables:        50012 kB
NFS_Unstable:          0 kB
Bounce:                0 kB
WritebackTmp:          0 kB
CommitLimit:     2155204 kB
Committed_AS:   118585688 kB
VmallocTotal:   251658176 kB
VmallocUsed:      137220 kB
VmallocChunk:   251422764 kB
Time pass: 281 sec

---2015-12-05 14:07:44
MemTotal:        2873608 kB
MemFree:           98708 kB
Buffers:           18784 kB
Cached:           898116 kB
SwapCached:            4 kB
Active:          1305240 kB
Inactive:         650160 kB
Active(anon):     834528 kB
Inactive(anon):   218088 kB
Active(file):     470712 kB
Inactive(file):   432072 kB
Unevictable:       13568 kB
Mlocked:               0 kB
SwapTotal:        718400 kB
SwapFree:         708048 kB
Dirty:                 0 kB
Writeback:             0 kB
AnonPages:       1052176 kB
Mapped:           617236 kB
Shmem:               548 kB
Slab:              98640 kB
SReclaimable:      31640 kB
SUnreclaim:        67000 kB
KernelStack:       38592 kB
PageTables:        50040 kB
NFS_Unstable:          0 kB
Bounce:                0 kB
WritebackTmp:          0 kB
CommitLimit:     2155204 kB
Committed_AS:   118585624 kB
VmallocTotal:   251658176 kB
VmallocUsed:      137220 kB
VmallocChunk:   251422764 kB
Time pass: 284 sec

---2015-12-05 14:07:44
MemTotal:        2873608 kB
MemFree:           97524 kB
Buffers:           18792 kB
Cached:           898144 kB
SwapCached:            4 kB
Active:          1305772 kB
Inactive:         650196 kB
Active(anon):     835060 kB
Inactive(anon):   218112 kB
Active(file):     470712 kB
Inactive(file):   432084 kB
Unevictable:       13568 kB
Mlocked:               0 kB
SwapTotal:        718400 kB
SwapFree:         708048 kB
Dirty:                44 kB
Writeback:             0 kB
AnonPages:       1052616 kB
Mapped:           617260 kB
Shmem:               572 kB
Slab:              98640 kB
SReclaimable:      31640 kB
SUnreclaim:        67000 kB
KernelStack:       38576 kB
PageTables:        50044 kB
NFS_Unstable:          0 kB
Bounce:                0 kB
WritebackTmp:          0 kB
CommitLimit:     2155204 kB
Committed_AS:   118585624 kB
VmallocTotal:   251658176 kB
VmallocUsed:      137220 kB
VmallocChunk:   251422764 kB
Time pass: 288 sec

---2015-12-05 14:07:44
MemTotal:        2873608 kB
MemFree:           97800 kB
Buffers:           18808 kB
Cached:           898144 kB
SwapCached:            4 kB
Active:          1305608 kB
Inactive:         650212 kB
Active(anon):     834896 kB
Inactive(anon):   218112 kB
Active(file):     470712 kB
Inactive(file):   432100 kB
Unevictable:       13568 kB
Mlocked:               0 kB
SwapTotal:        718400 kB
SwapFree:         708048 kB
Dirty:                 0 kB
Writeback:             0 kB
AnonPages:       1052344 kB
Mapped:           617304 kB
Shmem:               572 kB
Slab:              98624 kB
SReclaimable:      31640 kB
SUnreclaim:        66984 kB
KernelStack:       38576 kB
PageTables:        50072 kB
NFS_Unstable:          0 kB
Bounce:                0 kB
WritebackTmp:          0 kB
CommitLimit:     2155204 kB
Committed_AS:   118585616 kB
VmallocTotal:   251658176 kB
VmallocUsed:      137220 kB
VmallocChunk:   251422764 kB
Time pass: 292 sec

---2015-12-05 14:07:44
MemTotal:        2873608 kB
MemFree:           97280 kB
Buffers:           18816 kB
Cached:           898148 kB
SwapCached:            4 kB
Active:          1305768 kB
Inactive:         650224 kB
Active(anon):     835056 kB
Inactive(anon):   218116 kB
Active(file):     470712 kB
Inactive(file):   432108 kB
Unevictable:       13568 kB
Mlocked:               0 kB
SwapTotal:        718400 kB
SwapFree:         708048 kB
Dirty:                32 kB
Writeback:             0 kB
AnonPages:       1052700 kB
Mapped:           617264 kB
Shmem:               576 kB
Slab:              98624 kB
SReclaimable:      31640 kB
SUnreclaim:        66984 kB
KernelStack:       38576 kB
PageTables:        50040 kB
NFS_Unstable:          0 kB
Bounce:                0 kB
WritebackTmp:          0 kB
CommitLimit:     2155204 kB
Committed_AS:   118585608 kB
VmallocTotal:   251658176 kB
VmallocUsed:      137220 kB
VmallocChunk:   251422764 kB
Time pass: 296 sec

---2015-12-05 14:07:44
MemTotal:        2873608 kB
MemFree:           97256 kB
Buffers:           18816 kB
Cached:           898148 kB
SwapCached:            4 kB
Active:          1305800 kB
Inactive:         650224 kB
Active(anon):     835088 kB
Inactive(anon):   218116 kB
Active(file):     470712 kB
Inactive(file):   432108 kB
Unevictable:       13568 kB
Mlocked:               0 kB
SwapTotal:        718400 kB
SwapFree:         708048 kB
Dirty:                32 kB
Writeback:             0 kB
AnonPages:       1052516 kB
Mapped:           617348 kB
Shmem:               576 kB
Slab:              98624 kB
SReclaimable:      31640 kB
SUnreclaim:        66984 kB
KernelStack:       38576 kB
PageTables:        50068 kB
NFS_Unstable:          0 kB
Bounce:                0 kB
WritebackTmp:          0 kB
CommitLimit:     2155204 kB
Committed_AS:   118585608 kB
VmallocTotal:   251658176 kB
VmallocUsed:      137220 kB
VmallocChunk:   251422764 kB
Time pass: 299 sec

---2015-12-05 14:07:44
MemTotal:        2873608 kB
MemFree:           96860 kB
Buffers:           18832 kB
Cached:           898152 kB
SwapCached:            4 kB
Active:          1306004 kB
Inactive:         650244 kB
Active(anon):     835292 kB
Inactive(anon):   218120 kB
Active(file):     470712 kB
Inactive(file):   432124 kB
Unevictable:       13568 kB
Mlocked:               0 kB
SwapTotal:        718400 kB
SwapFree:         708048 kB
Dirty:                40 kB
Writeback:             0 kB
AnonPages:       1052728 kB
Mapped:           617216 kB
Shmem:               580 kB
Slab:              98624 kB
SReclaimable:      31640 kB
SUnreclaim:        66984 kB
KernelStack:       38576 kB
PageTables:        50096 kB
NFS_Unstable:          0 kB
Bounce:                0 kB
WritebackTmp:          0 kB
CommitLimit:     2155204 kB
Committed_AS:   118585616 kB
VmallocTotal:   251658176 kB
VmallocUsed:      137220 kB
VmallocChunk:   251422764 kB
Time pass: 303 sec

---2015-12-05 14:07:44
MemTotal:        2873608 kB
MemFree:           95892 kB
Buffers:           18840 kB
Cached:           898152 kB
SwapCached:            4 kB
Active:          1306580 kB
Inactive:         650248 kB
Active(anon):     835868 kB
Inactive(anon):   218120 kB
Active(file):     470712 kB
Inactive(file):   432128 kB
Unevictable:       13568 kB
Mlocked:               0 kB
SwapTotal:        718400 kB
SwapFree:         708048 kB
Dirty:                32 kB
Writeback:             0 kB
AnonPages:       1053304 kB
Mapped:           617268 kB
Shmem:               580 kB
Slab:              98632 kB
SReclaimable:      31640 kB
SUnreclaim:        66992 kB
KernelStack:       38576 kB
PageTables:        50040 kB
NFS_Unstable:          0 kB
Bounce:                0 kB
WritebackTmp:          0 kB
CommitLimit:     2155204 kB
Committed_AS:   118585600 kB
VmallocTotal:   251658176 kB
VmallocUsed:      137220 kB
VmallocChunk:   251422764 kB
Time pass: 307 sec

---2015-12-05 14:07:44
MemTotal:        2873608 kB
MemFree:           96208 kB
Buffers:           18840 kB
Cached:           898152 kB
SwapCached:            4 kB
Active:          1306508 kB
Inactive:         650252 kB
Active(anon):     835796 kB
Inactive(anon):   218120 kB
Active(file):     470712 kB
Inactive(file):   432132 kB
Unevictable:       13568 kB
Mlocked:               0 kB
SwapTotal:        718400 kB
SwapFree:         708048 kB
Dirty:                32 kB
Writeback:             0 kB
AnonPages:       1053220 kB
Mapped:           617396 kB
Shmem:               580 kB
Slab:              98632 kB
SReclaimable:      31640 kB
SUnreclaim:        66992 kB
KernelStack:       38576 kB
PageTables:        50104 kB
NFS_Unstable:          0 kB
Bounce:                0 kB
WritebackTmp:          0 kB
CommitLimit:     2155204 kB
Committed_AS:   118585608 kB
VmallocTotal:   251658176 kB
VmallocUsed:      137220 kB
VmallocChunk:   251422764 kB
Time pass: 310 sec

---2015-12-05 14:07:44
MemTotal:        2873608 kB
MemFree:           95936 kB
Buffers:           18856 kB
Cached:           898156 kB
SwapCached:            4 kB
Active:          1307296 kB
Inactive:         650264 kB
Active(anon):     836584 kB
Inactive(anon):   218124 kB
Active(file):     470712 kB
Inactive(file):   432140 kB
Unevictable:       13568 kB
Mlocked:               0 kB
SwapTotal:        718400 kB
SwapFree:         708048 kB
Dirty:                40 kB
Writeback:             0 kB
AnonPages:       1054104 kB
Mapped:           617316 kB
Shmem:               584 kB
Slab:              98624 kB
SReclaimable:      31640 kB
SUnreclaim:        66984 kB
KernelStack:       38576 kB
PageTables:        50080 kB
NFS_Unstable:          0 kB
Bounce:                0 kB
WritebackTmp:          0 kB
CommitLimit:     2155204 kB
Committed_AS:   118585624 kB
VmallocTotal:   251658176 kB
VmallocUsed:      137220 kB
VmallocChunk:   251422764 kB
Time pass: 314 sec

---2015-12-05 14:07:44
MemTotal:        2873608 kB
MemFree:           95740 kB
Buffers:           18856 kB
Cached:           898160 kB
SwapCached:            4 kB
Active:          1307356 kB
Inactive:         650276 kB
Active(anon):     836644 kB
Inactive(anon):   218128 kB
Active(file):     470712 kB
Inactive(file):   432148 kB
Unevictable:       13568 kB
Mlocked:               0 kB
SwapTotal:        718400 kB
SwapFree:         708048 kB
Dirty:                40 kB
Writeback:             0 kB
AnonPages:       1054096 kB
Mapped:           617280 kB
Shmem:               588 kB
Slab:              98624 kB
SReclaimable:      31640 kB
SUnreclaim:        66984 kB
KernelStack:       38576 kB
PageTables:        50080 kB
NFS_Unstable:          0 kB
Bounce:                0 kB
WritebackTmp:          0 kB
CommitLimit:     2155204 kB
Committed_AS:   118589728 kB
VmallocTotal:   251658176 kB
VmallocUsed:      137220 kB
VmallocChunk:   251422764 kB
Time pass: 318 sec

---2015-12-05 14:07:44
MemTotal:        2873608 kB
MemFree:           94620 kB
Buffers:           18864 kB
Cached:           898188 kB
SwapCached:            4 kB
Active:          1307764 kB
Inactive:         650312 kB
Active(anon):     837052 kB
Inactive(anon):   218156 kB
Active(file):     470712 kB
Inactive(file):   432156 kB
Unevictable:       13568 kB
Mlocked:               0 kB
SwapTotal:        718400 kB
SwapFree:         708048 kB
Dirty:                32 kB
Writeback:             0 kB
AnonPages:       1054516 kB
Mapped:           617364 kB
Shmem:               616 kB
Slab:              98624 kB
SReclaimable:      31640 kB
SUnreclaim:        66984 kB
KernelStack:       38592 kB
PageTables:        50084 kB
NFS_Unstable:          0 kB
Bounce:                0 kB
WritebackTmp:          0 kB
CommitLimit:     2155204 kB
Committed_AS:   118589728 kB
VmallocTotal:   251658176 kB
VmallocUsed:      137220 kB
VmallocChunk:   251422764 kB
Time pass: 322 sec

---2015-12-05 14:07:44
MemTotal:        2873608 kB
MemFree:           95452 kB
Buffers:           18880 kB
Cached:           898188 kB
SwapCached:            4 kB
Active:          1307592 kB
Inactive:         650328 kB
Active(anon):     836880 kB
Inactive(anon):   218156 kB
Active(file):     470712 kB
Inactive(file):   432172 kB
Unevictable:       13568 kB
Mlocked:               0 kB
SwapTotal:        718400 kB
SwapFree:         708048 kB
Dirty:                40 kB
Writeback:             0 kB
AnonPages:       1054496 kB
Mapped:           617404 kB
Shmem:               616 kB
Slab:              98624 kB
SReclaimable:      31640 kB
SUnreclaim:        66984 kB
KernelStack:       38592 kB
PageTables:        50080 kB
NFS_Unstable:          0 kB
Bounce:                0 kB
WritebackTmp:          0 kB
CommitLimit:     2155204 kB
Committed_AS:   118589704 kB
VmallocTotal:   251658176 kB
VmallocUsed:      137220 kB
VmallocChunk:   251422764 kB
Time pass: 326 sec

---2015-12-05 14:07:44
MemTotal:        2873608 kB
MemFree:           94708 kB
Buffers:           18880 kB
Cached:           898188 kB
SwapCached:            4 kB
Active:          1308616 kB
Inactive:         650328 kB
Active(anon):     837904 kB
Inactive(anon):   218156 kB
Active(file):     470712 kB
Inactive(file):   432172 kB
Unevictable:       13568 kB
Mlocked:               0 kB
SwapTotal:        718400 kB
SwapFree:         708048 kB
Dirty:                40 kB
Writeback:             0 kB
AnonPages:       1055624 kB
Mapped:           617404 kB
Shmem:               616 kB
Slab:              98624 kB
SReclaimable:      31640 kB
SUnreclaim:        66984 kB
KernelStack:       38592 kB
PageTables:        50088 kB
NFS_Unstable:          0 kB
Bounce:                0 kB
WritebackTmp:          0 kB
CommitLimit:     2155204 kB
Committed_AS:   118589752 kB
VmallocTotal:   251658176 kB
VmallocUsed:      137220 kB
VmallocChunk:   251422764 kB
Time pass: 329 sec

---2015-12-05 14:07:44
MemTotal:        2873608 kB
MemFree:           93744 kB
Buffers:           18888 kB
Cached:           898296 kB
SwapCached:            4 kB
Active:          1308892 kB
Inactive:         650448 kB
Active(anon):     838184 kB
Inactive(anon):   218156 kB
Active(file):     470708 kB
Inactive(file):   432292 kB
Unevictable:       13568 kB
Mlocked:               0 kB
SwapTotal:        718400 kB
SwapFree:         708048 kB
Dirty:                64 kB
Writeback:             0 kB
AnonPages:       1055772 kB
Mapped:           617440 kB
Shmem:               616 kB
Slab:              98624 kB
SReclaimable:      31640 kB
SUnreclaim:        66984 kB
KernelStack:       38608 kB
PageTables:        50092 kB
NFS_Unstable:          0 kB
Bounce:                0 kB
WritebackTmp:          0 kB
CommitLimit:     2155204 kB
Committed_AS:   118589776 kB
VmallocTotal:   251658176 kB
VmallocUsed:      137220 kB
VmallocChunk:   251422764 kB
Time pass: 333 sec

---2015-12-05 14:07:44
MemTotal:        2873608 kB
MemFree:           93396 kB
Buffers:           18888 kB
Cached:           898300 kB
SwapCached:            4 kB
Active:          1308940 kB
Inactive:         650452 kB
Active(anon):     838232 kB
Inactive(anon):   218160 kB
Active(file):     470708 kB
Inactive(file):   432292 kB
Unevictable:       13568 kB
Mlocked:               0 kB
SwapTotal:        718400 kB
SwapFree:         708048 kB
Dirty:                 0 kB
Writeback:             0 kB
AnonPages:       1055860 kB
Mapped:           617444 kB
Shmem:               620 kB
Slab:              98624 kB
SReclaimable:      31640 kB
SUnreclaim:        66984 kB
KernelStack:       38560 kB
PageTables:        50092 kB
NFS_Unstable:          0 kB
Bounce:                0 kB
WritebackTmp:          0 kB
CommitLimit:     2155204 kB
Committed_AS:   118589744 kB
VmallocTotal:   251658176 kB
VmallocUsed:      137220 kB
VmallocChunk:   251422764 kB
Time pass: 337 sec

---2015-12-05 14:07:44
MemTotal:        2873608 kB
MemFree:           94844 kB
Buffers:           18904 kB
Cached:           898308 kB
SwapCached:            4 kB
Active:          1308652 kB
Inactive:         650476 kB
Active(anon):     837944 kB
Inactive(anon):   218160 kB
Active(file):     470708 kB
Inactive(file):   432316 kB
Unevictable:       13568 kB
Mlocked:               0 kB
SwapTotal:        718400 kB
SwapFree:         708048 kB
Dirty:                40 kB
Writeback:             0 kB
AnonPages:       1055532 kB
Mapped:           617448 kB
Shmem:               620 kB
Slab:              98624 kB
SReclaimable:      31640 kB
SUnreclaim:        66984 kB
KernelStack:       38560 kB
PageTables:        50096 kB
NFS_Unstable:          0 kB
Bounce:                0 kB
WritebackTmp:          0 kB
CommitLimit:     2155204 kB
Committed_AS:   118589664 kB
VmallocTotal:   251658176 kB
VmallocUsed:      137220 kB
VmallocChunk:   251422764 kB
Time pass: 341 sec

---2015-12-05 14:07:44
MemTotal:        2873608 kB
MemFree:           94048 kB
Buffers:           18912 kB
Cached:           898368 kB
SwapCached:            4 kB
Active:          1308808 kB
Inactive:         650536 kB
Active(anon):     838100 kB
Inactive(anon):   218160 kB
Active(file):     470708 kB
Inactive(file):   432376 kB
Unevictable:       13568 kB
Mlocked:               0 kB
SwapTotal:        718400 kB
SwapFree:         708048 kB
Dirty:                32 kB
Writeback:             0 kB
AnonPages:       1055604 kB
Mapped:           617540 kB
Shmem:               620 kB
Slab:              98640 kB
SReclaimable:      31640 kB
SUnreclaim:        67000 kB
KernelStack:       38544 kB
PageTables:        50112 kB
NFS_Unstable:          0 kB
Bounce:                0 kB
WritebackTmp:          0 kB
CommitLimit:     2155204 kB
Committed_AS:   118589624 kB
VmallocTotal:   251658176 kB
VmallocUsed:      137220 kB
VmallocChunk:   251422764 kB
Time pass: 344 sec

---2015-12-05 14:07:44
MemTotal:        2873608 kB
MemFree:           92944 kB
Buffers:           18980 kB
Cached:           898372 kB
SwapCached:            4 kB
Active:          1310020 kB
Inactive:         650616 kB
Active(anon):     839312 kB
Inactive(anon):   218164 kB
Active(file):     470708 kB
Inactive(file):   432452 kB
Unevictable:       13568 kB
Mlocked:               0 kB
SwapTotal:        718400 kB
SwapFree:         708048 kB
Dirty:                72 kB
Writeback:             0 kB
AnonPages:       1056688 kB
Mapped:           617500 kB
Shmem:               624 kB
Slab:              98640 kB
SReclaimable:      31640 kB
SUnreclaim:        67000 kB
KernelStack:       38560 kB
PageTables:        50084 kB
NFS_Unstable:          0 kB
Bounce:                0 kB
WritebackTmp:          0 kB
CommitLimit:     2155204 kB
Committed_AS:   118589896 kB
VmallocTotal:   251658176 kB
VmallocUsed:      137220 kB
VmallocChunk:   251422764 kB
Time pass: 348 sec

---2015-12-05 14:07:44
MemTotal:        2873608 kB
MemFree:           91344 kB
Buffers:           18996 kB
Cached:           898408 kB
SwapCached:            4 kB
Active:          1311548 kB
Inactive:         650668 kB
Active(anon):     840840 kB
Inactive(anon):   218164 kB
Active(file):     470708 kB
Inactive(file):   432504 kB
Unevictable:       13568 kB
Mlocked:               0 kB
SwapTotal:        718400 kB
SwapFree:         708048 kB
Dirty:                64 kB
Writeback:             0 kB
AnonPages:       1058248 kB
Mapped:           617508 kB
Shmem:               624 kB
Slab:              98640 kB
SReclaimable:      31640 kB
SUnreclaim:        67000 kB
KernelStack:       38576 kB
PageTables:        50088 kB
NFS_Unstable:          0 kB
Bounce:                0 kB
WritebackTmp:          0 kB
CommitLimit:     2155204 kB
Committed_AS:   118589928 kB
VmallocTotal:   251658176 kB
VmallocUsed:      137220 kB
VmallocChunk:   251422764 kB
Time pass: 352 sec

---2015-12-05 14:07:44
MemTotal:        2873608 kB
MemFree:           90776 kB
Buffers:           19004 kB
Cached:           898436 kB
SwapCached:            4 kB
Active:          1311520 kB
Inactive:         650704 kB
Active(anon):     840812 kB
Inactive(anon):   218192 kB
Active(file):     470708 kB
Inactive(file):   432512 kB
Unevictable:       13568 kB
Mlocked:               0 kB
SwapTotal:        718400 kB
SwapFree:         708048 kB
Dirty:                40 kB
Writeback:             0 kB
AnonPages:       1058260 kB
Mapped:           617452 kB
Shmem:               652 kB
Slab:              98636 kB
SReclaimable:      31640 kB
SUnreclaim:        66996 kB
KernelStack:       38576 kB
PageTables:        50064 kB
NFS_Unstable:          0 kB
Bounce:                0 kB
WritebackTmp:          0 kB
CommitLimit:     2155204 kB
Committed_AS:   118589936 kB
VmallocTotal:   251658176 kB
VmallocUsed:      137220 kB
VmallocChunk:   251422764 kB
Time pass: 356 sec

---2015-12-05 14:07:44
MemTotal:        2873608 kB
MemFree:           90228 kB
Buffers:           19004 kB
Cached:           898440 kB
SwapCached:            4 kB
Active:          1311464 kB
Inactive:         650708 kB
Active(anon):     840756 kB
Inactive(anon):   218196 kB
Active(file):     470708 kB
Inactive(file):   432512 kB
Unevictable:       13568 kB
Mlocked:               0 kB
SwapTotal:        718400 kB
SwapFree:         708048 kB
Dirty:                40 kB
Writeback:             0 kB
AnonPages:       1058420 kB
Mapped:           617584 kB
Shmem:               656 kB
Slab:              98636 kB
SReclaimable:      31640 kB
SUnreclaim:        66996 kB
KernelStack:       38608 kB
PageTables:        50168 kB
NFS_Unstable:          0 kB
Bounce:                0 kB
WritebackTmp:          0 kB
CommitLimit:     2155204 kB
Committed_AS:   118589936 kB
VmallocTotal:   251658176 kB
VmallocUsed:      137220 kB
VmallocChunk:   251422764 kB
Time pass: 360 sec

---2015-12-05 14:07:44
MemTotal:        2873608 kB
MemFree:           90580 kB
Buffers:           19020 kB
Cached:           898448 kB
SwapCached:            4 kB
Active:          1311564 kB
Inactive:         650720 kB
Active(anon):     840844 kB
Inactive(anon):   218196 kB
Active(file):     470720 kB
Inactive(file):   432524 kB
Unevictable:       13568 kB
Mlocked:               0 kB
SwapTotal:        718400 kB
SwapFree:         708048 kB
Dirty:                64 kB
Writeback:             0 kB
AnonPages:       1058540 kB
Mapped:           617540 kB
Shmem:               656 kB
Slab:              98636 kB
SReclaimable:      31640 kB
SUnreclaim:        66996 kB
KernelStack:       38576 kB
PageTables:        50096 kB
NFS_Unstable:          0 kB
Bounce:                0 kB
WritebackTmp:          0 kB
CommitLimit:     2155204 kB
Committed_AS:   118589968 kB
VmallocTotal:   251658176 kB
VmallocUsed:      137220 kB
VmallocChunk:   251422764 kB
Time pass: 363 sec

---2015-12-05 14:07:44
MemTotal:        2873608 kB
MemFree:           90240 kB
Buffers:           19036 kB
Cached:           898448 kB
SwapCached:            4 kB
Active:          1311896 kB
Inactive:         650728 kB
Active(anon):     841176 kB
Inactive(anon):   218196 kB
Active(file):     470720 kB
Inactive(file):   432532 kB
Unevictable:       13568 kB
Mlocked:               0 kB
SwapTotal:        718400 kB
SwapFree:         708048 kB
Dirty:                20 kB
Writeback:             0 kB
AnonPages:       1058680 kB
Mapped:           617456 kB
Shmem:               656 kB
Slab:              98636 kB
SReclaimable:      31640 kB
SUnreclaim:        66996 kB
KernelStack:       38576 kB
PageTables:        50060 kB
NFS_Unstable:          0 kB
Bounce:                0 kB
WritebackTmp:          0 kB
CommitLimit:     2155204 kB
Committed_AS:   118589960 kB
VmallocTotal:   251658176 kB
VmallocUsed:      137220 kB
VmallocChunk:   251422764 kB
Time pass: 367 sec

---2015-12-05 14:07:44
MemTotal:        2873608 kB
MemFree:           90420 kB
Buffers:           19036 kB
Cached:           898448 kB
SwapCached:            4 kB
Active:          1311924 kB
Inactive:         650736 kB
Active(anon):     841204 kB
Inactive(anon):   218196 kB
Active(file):     470720 kB
Inactive(file):   432540 kB
Unevictable:       13568 kB
Mlocked:               0 kB
SwapTotal:        718400 kB
SwapFree:         708048 kB
Dirty:                 0 kB
Writeback:             0 kB
AnonPages:       1058720 kB
Mapped:           617364 kB
Shmem:               656 kB
Slab:              98636 kB
SReclaimable:      31640 kB
SUnreclaim:        66996 kB
KernelStack:       38576 kB
PageTables:        50124 kB
NFS_Unstable:          0 kB
Bounce:                0 kB
WritebackTmp:          0 kB
CommitLimit:     2155204 kB
Committed_AS:   118589936 kB
VmallocTotal:   251658176 kB
VmallocUsed:      137220 kB
VmallocChunk:   251422764 kB
Time pass: 371 sec

---2015-12-05 14:07:44
MemTotal:        2873608 kB
MemFree:           90056 kB
Buffers:           19052 kB
Cached:           898448 kB
SwapCached:            4 kB
Active:          1312144 kB
Inactive:         650748 kB
Active(anon):     841424 kB
Inactive(anon):   218196 kB
Active(file):     470720 kB
Inactive(file):   432552 kB
Unevictable:       13568 kB
Mlocked:               0 kB
SwapTotal:        718400 kB
SwapFree:         708048 kB
Dirty:                40 kB
Writeback:             0 kB
AnonPages:       1058904 kB
Mapped:           617584 kB
Shmem:               656 kB
Slab:              98636 kB
SReclaimable:      31640 kB
SUnreclaim:        66996 kB
KernelStack:       38592 kB
PageTables:        50120 kB
NFS_Unstable:          0 kB
Bounce:                0 kB
WritebackTmp:          0 kB
CommitLimit:     2155204 kB
Committed_AS:   118589960 kB
VmallocTotal:   251658176 kB
VmallocUsed:      137220 kB
VmallocChunk:   251422764 kB
Time pass: 374 sec

---2015-12-05 14:07:44
MemTotal:        2873608 kB
MemFree:           89204 kB
Buffers:           19052 kB
Cached:           898448 kB
SwapCached:            4 kB
Active:          1312500 kB
Inactive:         650752 kB
Active(anon):     841780 kB
Inactive(anon):   218196 kB
Active(file):     470720 kB
Inactive(file):   432556 kB
Unevictable:       13568 kB
Mlocked:               0 kB
SwapTotal:        718400 kB
SwapFree:         708048 kB
Dirty:                40 kB
Writeback:             0 kB
AnonPages:       1059144 kB
Mapped:           617584 kB
Shmem:               656 kB
Slab:              98656 kB
SReclaimable:      31640 kB
SUnreclaim:        67016 kB
KernelStack:       38592 kB
PageTables:        50120 kB
NFS_Unstable:          0 kB
Bounce:                0 kB
WritebackTmp:          0 kB
CommitLimit:     2155204 kB
Committed_AS:   118589920 kB
VmallocTotal:   251658176 kB
VmallocUsed:      137220 kB
VmallocChunk:   251422764 kB
Time pass: 378 sec

---2015-12-05 14:07:44
MemTotal:        2873608 kB
MemFree:           90144 kB
Buffers:           19060 kB
Cached:           898448 kB
SwapCached:            4 kB
Active:          1312460 kB
Inactive:         650760 kB
Active(anon):     841740 kB
Inactive(anon):   218196 kB
Active(file):     470720 kB
Inactive(file):   432564 kB
Unevictable:       13568 kB
Mlocked:               0 kB
SwapTotal:        718400 kB
SwapFree:         708048 kB
Dirty:                32 kB
Writeback:             0 kB
AnonPages:       1059420 kB
Mapped:           617512 kB
Shmem:               656 kB
Slab:              98636 kB
SReclaimable:      31640 kB
SUnreclaim:        66996 kB
KernelStack:       38592 kB
PageTables:        50060 kB
NFS_Unstable:          0 kB
Bounce:                0 kB
WritebackTmp:          0 kB
CommitLimit:     2155204 kB
Committed_AS:   118589968 kB
VmallocTotal:   251658176 kB
VmallocUsed:      137220 kB
VmallocChunk:   251422764 kB
Time pass: 382 sec

---2015-12-05 14:07:44
MemTotal:        2873608 kB
MemFree:           89588 kB
Buffers:           19076 kB
Cached:           898452 kB
SwapCached:            4 kB
Active:          1312784 kB
Inactive:         650776 kB
Active(anon):     842064 kB
Inactive(anon):   218200 kB
Active(file):     470720 kB
Inactive(file):   432576 kB
Unevictable:       13568 kB
Mlocked:               0 kB
SwapTotal:        718400 kB
SwapFree:         708048 kB
Dirty:                44 kB
Writeback:             0 kB
AnonPages:       1059472 kB
Mapped:           617516 kB
Shmem:               660 kB
Slab:              98636 kB
SReclaimable:      31640 kB
SUnreclaim:        66996 kB
KernelStack:       38592 kB
PageTables:        50060 kB
NFS_Unstable:          0 kB
Bounce:                0 kB
WritebackTmp:          0 kB
CommitLimit:     2155204 kB
Committed_AS:   118589952 kB
VmallocTotal:   251658176 kB
VmallocUsed:      137220 kB
VmallocChunk:   251422764 kB
Time pass: 386 sec

---2015-12-05 14:07:44
MemTotal:        2873608 kB
MemFree:           89424 kB
Buffers:           19076 kB
