---2015-12-18 17:09:26
MemTotal:        1421560 kB
MemFree:           46956 kB
Buffers:           11536 kB
Cached:           834644 kB
SwapCached:            0 kB
Active:           648276 kB
Inactive:         553876 kB
Active(anon):     357576 kB
Inactive(anon):      528 kB
Active(file):     290700 kB
Inactive(file):   553348 kB
Unevictable:        1516 kB
Mlocked:               0 kB
HighTotal:        885760 kB
HighFree:          14868 kB
LowTotal:         535800 kB
LowFree:           32088 kB
SwapTotal:             0 kB
SwapFree:              0 kB
Dirty:                 0 kB
Writeback:             0 kB
AnonPages:        357632 kB
Mapped:           338364 kB
Shmem:               616 kB
Slab:              43468 kB
SReclaimable:      13972 kB
SUnreclaim:        29496 kB
KernelStack:       10528 kB
PageTables:        27072 kB
NFS_Unstable:          0 kB
Bounce:                0 kB
WritebackTmp:          0 kB
CommitLimit:      710780 kB
Committed_AS:   36748648 kB
VmallocTotal:     460800 kB
VmallocUsed:       16316 kB
VmallocChunk:     170012 kB
Time pass: 3 sec

---2015-12-18 17:09:26
MemTotal:        1421560 kB
MemFree:           46456 kB
Buffers:           11536 kB
Cached:           834652 kB
SwapCached:            0 kB
Active:           648408 kB
Inactive:         553884 kB
Active(anon):     357708 kB
Inactive(anon):      528 kB
Active(file):     290700 kB
Inactive(file):   553356 kB
Unevictable:        1516 kB
Mlocked:               0 kB
HighTotal:        885760 kB
HighFree:          14508 kB
LowTotal:         535800 kB
LowFree:           31948 kB
SwapTotal:             0 kB
SwapFree:              0 kB
Dirty:                 0 kB
Writeback:             0 kB
AnonPages:        357792 kB
Mapped:           338368 kB
Shmem:               616 kB
Slab:              43344 kB
SReclaimable:      13972 kB
SUnreclaim:        29372 kB
KernelStack:       10528 kB
PageTables:        27072 kB
NFS_Unstable:          0 kB
Bounce:                0 kB
WritebackTmp:          0 kB
CommitLimit:      710780 kB
Committed_AS:   36748736 kB
VmallocTotal:     460800 kB
VmallocUsed:       16316 kB
VmallocChunk:     170012 kB
Time pass: 6 sec

---2015-12-18 17:09:26
MemTotal:        1421560 kB
MemFree:           46004 kB
Buffers:           11536 kB
Cached:           834652 kB
SwapCached:            0 kB
Active:           648520 kB
Inactive:         553884 kB
Active(anon):     357820 kB
Inactive(anon):      528 kB
Active(file):     290700 kB
Inactive(file):   553356 kB
Unevictable:        1516 kB
Mlocked:               0 kB
HighTotal:        885760 kB
HighFree:          14216 kB
LowTotal:         535800 kB
LowFree:           31788 kB
SwapTotal:             0 kB
SwapFree:              0 kB
Dirty:                 0 kB
Writeback:             0 kB
AnonPages:        357824 kB
Mapped:           338220 kB
Shmem:               616 kB
Slab:              43572 kB
SReclaimable:      13972 kB
SUnreclaim:        29600 kB
KernelStack:       10528 kB
PageTables:        27072 kB
NFS_Unstable:          0 kB
Bounce:                0 kB
WritebackTmp:          0 kB
CommitLimit:      710780 kB
Committed_AS:   36748776 kB
VmallocTotal:     460800 kB
VmallocUsed:       16316 kB
VmallocChunk:     170012 kB
Time pass: 10 sec

---2015-12-18 17:09:26
MemTotal:        1421560 kB
MemFree:           45692 kB
Buffers:           11536 kB
Cached:           834652 kB
SwapCached:            0 kB
Active:           648684 kB
Inactive:         553884 kB
Active(anon):     357984 kB
Inactive(anon):      528 kB
Active(file):     290700 kB
Inactive(file):   553356 kB
Unevictable:        1516 kB
Mlocked:               0 kB
HighTotal:        885760 kB
HighFree:          14004 kB
LowTotal:         535800 kB
LowFree:           31688 kB
SwapTotal:             0 kB
SwapFree:              0 kB
Dirty:                 0 kB
Writeback:             0 kB
AnonPages:        358084 kB
Mapped:           338224 kB
Shmem:               616 kB
Slab:              43496 kB
SReclaimable:      13972 kB
SUnreclaim:        29524 kB
KernelStack:       10504 kB
PageTables:        27060 kB
NFS_Unstable:          0 kB
Bounce:                0 kB
WritebackTmp:          0 kB
CommitLimit:      710780 kB
Committed_AS:   36748936 kB
VmallocTotal:     460800 kB
VmallocUsed:       16316 kB
VmallocChunk:     170012 kB
Time pass: 14 sec

---2015-12-18 17:09:26
MemTotal:        1421560 kB
MemFree:           46224 kB
Buffers:           11536 kB
Cached:           834660 kB
SwapCached:            0 kB
Active:           648880 kB
Inactive:         553884 kB
Active(anon):     358180 kB
Inactive(anon):      528 kB
Active(file):     290700 kB
Inactive(file):   553356 kB
Unevictable:        1516 kB
Mlocked:               0 kB
HighTotal:        885760 kB
HighFree:          14376 kB
LowTotal:         535800 kB
LowFree:           31848 kB
SwapTotal:             0 kB
SwapFree:              0 kB
Dirty:                 0 kB
Writeback:             0 kB
AnonPages:        358248 kB
Mapped:           338224 kB
Shmem:               616 kB
Slab:              43400 kB
SReclaimable:      13972 kB
SUnreclaim:        29428 kB
KernelStack:       10504 kB
PageTables:        27060 kB
NFS_Unstable:          0 kB
Bounce:                0 kB
WritebackTmp:          0 kB
CommitLimit:      710780 kB
Committed_AS:   36748980 kB
VmallocTotal:     460800 kB
VmallocUsed:       16316 kB
VmallocChunk:     170012 kB
Time pass: 17 sec

---2015-12-18 17:09:26
MemTotal:        1421560 kB
MemFree:           45768 kB
Buffers:           11536 kB
Cached:           834660 kB
SwapCached:            0 kB
Active:           649104 kB
Inactive:         553892 kB
Active(anon):     358404 kB
Inactive(anon):      528 kB
Active(file):     290700 kB
Inactive(file):   553364 kB
Unevictable:        1516 kB
Mlocked:               0 kB
HighTotal:        885760 kB
HighFree:          14016 kB
LowTotal:         535800 kB
LowFree:           31752 kB
SwapTotal:             0 kB
SwapFree:              0 kB
Dirty:                 0 kB
Writeback:             0 kB
AnonPages:        358444 kB
Mapped:           338372 kB
Shmem:               616 kB
Slab:              43504 kB
SReclaimable:      13972 kB
SUnreclaim:        29532 kB
KernelStack:       10504 kB
PageTables:        27060 kB
NFS_Unstable:          0 kB
Bounce:                0 kB
WritebackTmp:          0 kB
CommitLimit:      710780 kB
Committed_AS:   36749188 kB
VmallocTotal:     460800 kB
VmallocUsed:       16316 kB
VmallocChunk:     170012 kB
Time pass: 21 sec

---2015-12-18 17:09:26
MemTotal:        1421560 kB
MemFree:           22616 kB
Buffers:           10740 kB
Cached:           835244 kB
SwapCached:            0 kB
Active:           670792 kB
Inactive:         543224 kB
Active(anon):     370008 kB
Inactive(anon):      628 kB
Active(file):     300784 kB
Inactive(file):   542596 kB
Unevictable:        1516 kB
Mlocked:               0 kB
HighTotal:        885760 kB
HighFree:           6808 kB
LowTotal:         535800 kB
LowFree:           15808 kB
SwapTotal:             0 kB
SwapFree:              0 kB
Dirty:               880 kB
Writeback:             0 kB
AnonPages:        369976 kB
Mapped:           363156 kB
Shmem:               764 kB
Slab:              42672 kB
SReclaimable:      13164 kB
SUnreclaim:        29508 kB
KernelStack:       10672 kB
PageTables:        27700 kB
NFS_Unstable:          0 kB
Bounce:                0 kB
WritebackTmp:          0 kB
CommitLimit:      710780 kB
Committed_AS:   37571688 kB
VmallocTotal:     460800 kB
VmallocUsed:       17472 kB
VmallocChunk:     170012 kB
Time pass: 24 sec

---2015-12-18 17:09:26
MemTotal:        1421560 kB
MemFree:           25388 kB
Buffers:           10808 kB
Cached:           818472 kB
SwapCached:            0 kB
Active:           676336 kB
Inactive:         522040 kB
Active(anon):     370700 kB
Inactive(anon):      656 kB
Active(file):     305636 kB
Inactive(file):   521384 kB
Unevictable:        1516 kB
Mlocked:               0 kB
HighTotal:        885760 kB
HighFree:           8260 kB
LowTotal:         535800 kB
LowFree:           17128 kB
SwapTotal:             0 kB
SwapFree:              0 kB
Dirty:                12 kB
Writeback:             0 kB
AnonPages:        370680 kB
Mapped:           358304 kB
Shmem:               744 kB
Slab:              43328 kB
SReclaimable:      13956 kB
SUnreclaim:        29372 kB
KernelStack:       11008 kB
PageTables:        27692 kB
NFS_Unstable:          0 kB
Bounce:                0 kB
WritebackTmp:          0 kB
CommitLimit:      710780 kB
Committed_AS:   37577172 kB
VmallocTotal:     460800 kB
VmallocUsed:       17504 kB
VmallocChunk:     170012 kB
Time pass: 28 sec

---2015-12-18 17:09:26
MemTotal:        1421560 kB
MemFree:           23772 kB
Buffers:           10760 kB
Cached:           804160 kB
SwapCached:            0 kB
Active:           679520 kB
Inactive:         506840 kB
Active(anon):     373044 kB
Inactive(anon):      656 kB
Active(file):     306476 kB
Inactive(file):   506184 kB
Unevictable:        1516 kB
Mlocked:               0 kB
HighTotal:        885760 kB
HighFree:           4524 kB
LowTotal:         535800 kB
LowFree:           19248 kB
SwapTotal:             0 kB
SwapFree:              0 kB
Dirty:               156 kB
Writeback:             0 kB
AnonPages:        372900 kB
Mapped:           369484 kB
Shmem:               744 kB
Slab:              43540 kB
SReclaimable:      13956 kB
SUnreclaim:        29584 kB
KernelStack:       11000 kB
PageTables:        27716 kB
NFS_Unstable:          0 kB
Bounce:                0 kB
WritebackTmp:          0 kB
CommitLimit:      710780 kB
Committed_AS:   37482064 kB
VmallocTotal:     460800 kB
VmallocUsed:       17552 kB
VmallocChunk:     170012 kB
Time pass: 31 sec

---2015-12-18 17:09:26
MemTotal:        1421560 kB
MemFree:           28628 kB
Buffers:           10764 kB
Cached:           792276 kB
SwapCached:            0 kB
Active:           677584 kB
Inactive:         495940 kB
Active(anon):     372088 kB
Inactive(anon):      656 kB
Active(file):     305496 kB
Inactive(file):   495284 kB
Unevictable:        1516 kB
Mlocked:               0 kB
HighTotal:        885760 kB
HighFree:          10588 kB
LowTotal:         535800 kB
LowFree:           18040 kB
SwapTotal:             0 kB
SwapFree:              0 kB
Dirty:               132 kB
Writeback:             0 kB
AnonPages:        371976 kB
Mapped:           374456 kB
Shmem:               744 kB
Slab:              43332 kB
SReclaimable:      13796 kB
SUnreclaim:        29536 kB
KernelStack:       11000 kB
PageTables:        27732 kB
NFS_Unstable:          0 kB
Bounce:                0 kB
WritebackTmp:          0 kB
CommitLimit:      710780 kB
Committed_AS:   37480880 kB
VmallocTotal:     460800 kB
VmallocUsed:       17600 kB
VmallocChunk:     170012 kB
Time pass: 35 sec

---2015-12-18 17:09:26
MemTotal:        1421560 kB
MemFree:           26020 kB
Buffers:           10772 kB
Cached:           792720 kB
SwapCached:            0 kB
Active:           681720 kB
Inactive:         496236 kB
Active(anon):     376224 kB
Inactive(anon):      656 kB
Active(file):     305496 kB
Inactive(file):   495580 kB
Unevictable:        1516 kB
Mlocked:               0 kB
HighTotal:        885760 kB
HighFree:           4332 kB
LowTotal:         535800 kB
LowFree:           21688 kB
SwapTotal:             0 kB
SwapFree:              0 kB
Dirty:                32 kB
Writeback:             0 kB
AnonPages:        376172 kB
Mapped:           372728 kB
Shmem:               744 kB
Slab:              43528 kB
SReclaimable:      13940 kB
SUnreclaim:        29588 kB
KernelStack:       11000 kB
PageTables:        27732 kB
NFS_Unstable:          0 kB
Bounce:                0 kB
WritebackTmp:          0 kB
CommitLimit:      710780 kB
Committed_AS:   37487676 kB
VmallocTotal:     460800 kB
VmallocUsed:       17588 kB
VmallocChunk:     170012 kB
Time pass: 38 sec

---2015-12-18 17:09:26
MemTotal:        1421560 kB
MemFree:           24696 kB
Buffers:           10716 kB
Cached:           783428 kB
SwapCached:            0 kB
Active:           683228 kB
Inactive:         485192 kB
Active(anon):     376024 kB
Inactive(anon):      656 kB
Active(file):     307204 kB
Inactive(file):   484536 kB
Unevictable:        1516 kB
Mlocked:               0 kB
HighTotal:        885760 kB
HighFree:           6608 kB
LowTotal:         535800 kB
LowFree:           18088 kB
SwapTotal:             0 kB
SwapFree:              0 kB
Dirty:               364 kB
Writeback:             0 kB
AnonPages:        376184 kB
Mapped:           377464 kB
Shmem:               744 kB
Slab:              43412 kB
SReclaimable:      13948 kB
SUnreclaim:        29464 kB
KernelStack:       11032 kB
PageTables:        27764 kB
NFS_Unstable:          0 kB
Bounce:                0 kB
WritebackTmp:          0 kB
CommitLimit:      710780 kB
Committed_AS:   37516776 kB
VmallocTotal:     460800 kB
VmallocUsed:       17736 kB
VmallocChunk:     170012 kB
Time pass: 42 sec

---2015-12-18 17:09:26
MemTotal:        1421560 kB
MemFree:           23740 kB
Buffers:           10724 kB
Cached:           780216 kB
SwapCached:            0 kB
Active:           686328 kB
Inactive:         481144 kB
Active(anon):     378136 kB
Inactive(anon):      656 kB
Active(file):     308192 kB
Inactive(file):   480488 kB
Unevictable:        1516 kB
Mlocked:               0 kB
HighTotal:        885760 kB
HighFree:           4788 kB
LowTotal:         535800 kB
LowFree:           18952 kB
SwapTotal:             0 kB
SwapFree:              0 kB
Dirty:                56 kB
Writeback:             0 kB
AnonPages:        378288 kB
Mapped:           378148 kB
Shmem:               744 kB
Slab:              43624 kB
SReclaimable:      13964 kB
SUnreclaim:        29660 kB
KernelStack:       11032 kB
PageTables:        27804 kB
NFS_Unstable:          0 kB
Bounce:                0 kB
WritebackTmp:          0 kB
CommitLimit:      710780 kB
Committed_AS:   37519724 kB
VmallocTotal:     460800 kB
VmallocUsed:       17736 kB
VmallocChunk:     170012 kB
Time pass: 45 sec

---2015-12-18 17:09:26
MemTotal:        1421560 kB
MemFree:           22880 kB
Buffers:           10724 kB
Cached:           780220 kB
SwapCached:            0 kB
Active:           687972 kB
Inactive:         481144 kB
Active(anon):     379776 kB
Inactive(anon):      656 kB
Active(file):     308196 kB
Inactive(file):   480488 kB
Unevictable:        1516 kB
Mlocked:               0 kB
HighTotal:        885760 kB
HighFree:           4424 kB
LowTotal:         535800 kB
LowFree:           18456 kB
SwapTotal:             0 kB
SwapFree:              0 kB
Dirty:                 4 kB
Writeback:             0 kB
AnonPages:        379816 kB
Mapped:           378328 kB
Shmem:               744 kB
Slab:              43648 kB
SReclaimable:      13964 kB
SUnreclaim:        29684 kB
KernelStack:       11072 kB
PageTables:        27800 kB
NFS_Unstable:          0 kB
Bounce:                0 kB
WritebackTmp:          0 kB
CommitLimit:      710780 kB
Committed_AS:   37521612 kB
VmallocTotal:     460800 kB
VmallocUsed:       17736 kB
VmallocChunk:     170012 kB
Time pass: 49 sec

---2015-12-18 17:09:26
MemTotal:        1421560 kB
MemFree:           20692 kB
Buffers:           10736 kB
Cached:           758656 kB
SwapCached:            0 kB
Active:           707804 kB
Inactive:         454428 kB
Active(anon):     394564 kB
Inactive(anon):      656 kB
Active(file):     313240 kB
Inactive(file):   453772 kB
Unevictable:        1516 kB
Mlocked:               0 kB
HighTotal:        885760 kB
HighFree:           5812 kB
LowTotal:         535800 kB
LowFree:           14880 kB
SwapTotal:             0 kB
SwapFree:              0 kB
Dirty:              1044 kB
Writeback:             0 kB
AnonPages:        394488 kB
Mapped:           384924 kB
Shmem:               744 kB
Slab:              42568 kB
SReclaimable:      12904 kB
SUnreclaim:        29664 kB
KernelStack:       11072 kB
PageTables:        27836 kB
NFS_Unstable:          0 kB
Bounce:                0 kB
WritebackTmp:          0 kB
CommitLimit:      710780 kB
Committed_AS:   37536380 kB
VmallocTotal:     460800 kB
VmallocUsed:       17732 kB
VmallocChunk:     170012 kB
Time pass: 54 sec

---2015-12-18 17:09:26
MemTotal:        1421560 kB
MemFree:           20932 kB
Buffers:           10600 kB
Cached:           748236 kB
SwapCached:            0 kB
Active:           712376 kB
Inactive:         441156 kB
Active(anon):     396396 kB
Inactive(anon):      656 kB
Active(file):     315980 kB
Inactive(file):   440500 kB
Unevictable:        1516 kB
Mlocked:               0 kB
HighTotal:        885760 kB
HighFree:           5728 kB
LowTotal:         535800 kB
LowFree:           15204 kB
SwapTotal:             0 kB
SwapFree:              0 kB
Dirty:               868 kB
Writeback:             0 kB
AnonPages:        396372 kB
Mapped:           390576 kB
Shmem:               744 kB
Slab:              43628 kB
SReclaimable:      13912 kB
SUnreclaim:        29716 kB
KernelStack:       11088 kB
PageTables:        27880 kB
NFS_Unstable:          0 kB
Bounce:                0 kB
WritebackTmp:          0 kB
CommitLimit:      710780 kB
Committed_AS:   37537924 kB
VmallocTotal:     460800 kB
VmallocUsed:       17744 kB
VmallocChunk:     170012 kB
Time pass: 57 sec

---2015-12-18 17:09:26
MemTotal:        1421560 kB
MemFree:           19460 kB
Buffers:           10608 kB
Cached:           748324 kB
SwapCached:            0 kB
Active:           712936 kB
Inactive:         441336 kB
Active(anon):     396952 kB
Inactive(anon):      656 kB
Active(file):     315984 kB
Inactive(file):   440680 kB
Unevictable:        1516 kB
Mlocked:               0 kB
HighTotal:        885760 kB
HighFree:           4484 kB
LowTotal:         535800 kB
LowFree:           14976 kB
SwapTotal:             0 kB
SwapFree:              0 kB
Dirty:                60 kB
Writeback:             0 kB
AnonPages:        397076 kB
Mapped:           390844 kB
Shmem:               744 kB
Slab:              43732 kB
SReclaimable:      13984 kB
SUnreclaim:        29748 kB
KernelStack:       11088 kB
PageTables:        27880 kB
NFS_Unstable:          0 kB
Bounce:                0 kB
WritebackTmp:          0 kB
CommitLimit:      710780 kB
Committed_AS:   37538368 kB
VmallocTotal:     460800 kB
VmallocUsed:       17744 kB
VmallocChunk:     170012 kB
Time pass: 61 sec

---2015-12-18 17:09:26
MemTotal:        1421560 kB
MemFree:           35744 kB
Buffers:           10212 kB
Cached:           738240 kB
SwapCached:            0 kB
Active:           706912 kB
Inactive:         427912 kB
Active(anon):     387976 kB
Inactive(anon):      656 kB
Active(file):     318936 kB
Inactive(file):   427256 kB
Unevictable:        1516 kB
Mlocked:               0 kB
HighTotal:        885760 kB
HighFree:          13176 kB
LowTotal:         535800 kB
LowFree:           22568 kB
SwapTotal:             0 kB
SwapFree:              0 kB
Dirty:               224 kB
Writeback:             0 kB
AnonPages:        388108 kB
Mapped:           387000 kB
Shmem:               744 kB
Slab:              43676 kB
SReclaimable:      13880 kB
SUnreclaim:        29796 kB
KernelStack:       10976 kB
PageTables:        27672 kB
NFS_Unstable:          0 kB
Bounce:                0 kB
WritebackTmp:          0 kB
CommitLimit:      710780 kB
Committed_AS:   37552124 kB
VmallocTotal:     460800 kB
VmallocUsed:       16736 kB
VmallocChunk:     170012 kB
Time pass: 64 sec

---2015-12-18 17:09:26
MemTotal:        1421560 kB
MemFree:           36628 kB
Buffers:           10212 kB
Cached:           738432 kB
SwapCached:            0 kB
Active:           705720 kB
Inactive:         428096 kB
Active(anon):     386776 kB
Inactive(anon):      656 kB
Active(file):     318944 kB
Inactive(file):   427440 kB
Unevictable:        1516 kB
Mlocked:               0 kB
HighTotal:        885760 kB
HighFree:          14060 kB
LowTotal:         535800 kB
LowFree:           22568 kB
SwapTotal:             0 kB
SwapFree:              0 kB
Dirty:                 0 kB
Writeback:             0 kB
AnonPages:        386880 kB
Mapped:           387096 kB
Shmem:               744 kB
Slab:              43636 kB
SReclaimable:      13904 kB
SUnreclaim:        29732 kB
KernelStack:       10904 kB
PageTables:        27712 kB
NFS_Unstable:          0 kB
Bounce:                0 kB
WritebackTmp:          0 kB
CommitLimit:      710780 kB
Committed_AS:   37552112 kB
VmallocTotal:     460800 kB
VmallocUsed:       16736 kB
VmallocChunk:     170012 kB
Time pass: 68 sec

---2015-12-18 17:09:26
MemTotal:        1421560 kB
MemFree:           19180 kB
Buffers:           10220 kB
Cached:           739112 kB
SwapCached:            0 kB
Active:           713244 kB
Inactive:         428332 kB
Active(anon):     393848 kB
Inactive(anon):      656 kB
Active(file):     319396 kB
Inactive(file):   427676 kB
Unevictable:        1516 kB
Mlocked:               0 kB
HighTotal:        885760 kB
HighFree:           4568 kB
LowTotal:         535800 kB
LowFree:           14612 kB
SwapTotal:             0 kB
SwapFree:              0 kB
Dirty:               568 kB
Writeback:             0 kB
AnonPages:        393916 kB
Mapped:           395808 kB
Shmem:               744 kB
Slab:              43932 kB
SReclaimable:      14000 kB
SUnreclaim:        29932 kB
KernelStack:       10888 kB
PageTables:        27740 kB
NFS_Unstable:          0 kB
Bounce:                0 kB
WritebackTmp:          0 kB
CommitLimit:      710780 kB
Committed_AS:   37543024 kB
VmallocTotal:     460800 kB
VmallocUsed:       16760 kB
VmallocChunk:     170012 kB
Time pass: 71 sec

---2015-12-18 17:09:26
MemTotal:        1421560 kB
MemFree:           18692 kB
Buffers:            9884 kB
Cached:           735852 kB
SwapCached:            0 kB
Active:           723084 kB
Inactive:         422328 kB
Active(anon):     401280 kB
Inactive(anon):      656 kB
Active(file):     321804 kB
Inactive(file):   421672 kB
Unevictable:        1516 kB
Mlocked:               0 kB
HighTotal:        885760 kB
HighFree:           4412 kB
LowTotal:         535800 kB
LowFree:           14280 kB
SwapTotal:             0 kB
SwapFree:              0 kB
Dirty:               312 kB
Writeback:             0 kB
AnonPages:        401368 kB
Mapped:           398996 kB
Shmem:               744 kB
Slab:              43752 kB
SReclaimable:      13896 kB
SUnreclaim:        29856 kB
KernelStack:       10944 kB
PageTables:        27768 kB
NFS_Unstable:          0 kB
Bounce:                0 kB
WritebackTmp:          0 kB
CommitLimit:      710780 kB
Committed_AS:   37556500 kB
VmallocTotal:     460800 kB
VmallocUsed:       16760 kB
VmallocChunk:     170012 kB
Time pass: 78 sec

---2015-12-18 17:09:26
MemTotal:        1421560 kB
MemFree:           14316 kB
Buffers:            9900 kB
Cached:           717252 kB
SwapCached:            0 kB
Active:           727852 kB
Inactive:         401504 kB
Active(anon):     403812 kB
Inactive(anon):      812 kB
Active(file):     324040 kB
Inactive(file):   400692 kB
Unevictable:        1516 kB
Mlocked:               0 kB
HighTotal:        885760 kB
HighFree:           5152 kB
LowTotal:         535800 kB
LowFree:            9164 kB
SwapTotal:             0 kB
SwapFree:              0 kB
Dirty:                 8 kB
Writeback:             0 kB
AnonPages:        403920 kB
Mapped:           397692 kB
Shmem:               904 kB
Slab:              44044 kB
SReclaimable:      13960 kB
SUnreclaim:        30084 kB
KernelStack:       11096 kB
PageTables:        27928 kB
NFS_Unstable:          0 kB
Bounce:                0 kB
WritebackTmp:          0 kB
CommitLimit:      710780 kB
Committed_AS:   37571500 kB
VmallocTotal:     460800 kB
VmallocUsed:       19168 kB
VmallocChunk:     170012 kB
Time pass: 87 sec

---2015-12-18 17:09:26
MemTotal:        1421560 kB
MemFree:           20892 kB
Buffers:            9872 kB
Cached:           678576 kB
SwapCached:            0 kB
Active:           729332 kB
Inactive:         363716 kB
Active(anon):     407072 kB
Inactive(anon):      908 kB
Active(file):     322260 kB
Inactive(file):   362808 kB
Unevictable:        2380 kB
Mlocked:               0 kB
HighTotal:        885760 kB
HighFree:           5244 kB
LowTotal:         535800 kB
LowFree:           15648 kB
SwapTotal:             0 kB
SwapFree:              0 kB
Dirty:                56 kB
Writeback:             0 kB
AnonPages:        407216 kB
Mapped:           396712 kB
Shmem:              1000 kB
Slab:              43856 kB
SReclaimable:      13880 kB
SUnreclaim:        29976 kB
KernelStack:       11104 kB
PageTables:        28088 kB
NFS_Unstable:          0 kB
Bounce:                0 kB
WritebackTmp:          0 kB
CommitLimit:      710780 kB
Committed_AS:   37572760 kB
VmallocTotal:     460800 kB
VmallocUsed:       19168 kB
VmallocChunk:     170012 kB
Time pass: 94 sec

---2015-12-18 17:09:26
MemTotal:        1421560 kB
MemFree:           26744 kB
Buffers:            9880 kB
Cached:           667836 kB
SwapCached:            0 kB
Active:           731840 kB
Inactive:         354200 kB
Active(anon):     411004 kB
Inactive(anon):      908 kB
Active(file):     320836 kB
Inactive(file):   353292 kB
Unevictable:        2588 kB
Mlocked:               0 kB
HighTotal:        885760 kB
HighFree:           9176 kB
LowTotal:         535800 kB
LowFree:           17568 kB
SwapTotal:             0 kB
SwapFree:              0 kB
Dirty:                56 kB
Writeback:             0 kB
AnonPages:        411000 kB
Mapped:           396716 kB
Shmem:              1000 kB
Slab:              43768 kB
SReclaimable:      13808 kB
SUnreclaim:        29960 kB
KernelStack:       11104 kB
PageTables:        28096 kB
NFS_Unstable:          0 kB
Bounce:                0 kB
WritebackTmp:          0 kB
CommitLimit:      710780 kB
Committed_AS:   37575908 kB
VmallocTotal:     460800 kB
VmallocUsed:       19168 kB
VmallocChunk:     170012 kB
Time pass: 98 sec

---2015-12-18 17:09:26
MemTotal:        1421560 kB
MemFree:           22132 kB
Buffers:            9896 kB
Cached:           667880 kB
SwapCached:            0 kB
Active:           734124 kB
Inactive:         354112 kB
Active(anon):     413140 kB
Inactive(anon):      952 kB
Active(file):     320984 kB
Inactive(file):   353160 kB
Unevictable:        2588 kB
Mlocked:               0 kB
HighTotal:        885760 kB
HighFree:           6428 kB
LowTotal:         535800 kB
LowFree:           15704 kB
SwapTotal:             0 kB
SwapFree:              0 kB
Dirty:                 8 kB
Writeback:             0 kB
AnonPages:        413260 kB
Mapped:           396612 kB
Shmem:              1044 kB
Slab:              43888 kB
SReclaimable:      13896 kB
SUnreclaim:        29992 kB
KernelStack:       11112 kB
PageTables:        27992 kB
NFS_Unstable:          0 kB
Bounce:                0 kB
WritebackTmp:          0 kB
CommitLimit:      710780 kB
Committed_AS:   37577880 kB
VmallocTotal:     460800 kB
VmallocUsed:       19168 kB
VmallocChunk:     170012 kB
Time pass: 102 sec

---2015-12-18 17:09:26
MemTotal:        1421560 kB
MemFree:           20888 kB
Buffers:            9912 kB
Cached:           668240 kB
SwapCached:            0 kB
Active:           734324 kB
Inactive:         354440 kB
Active(anon):     413324 kB
Inactive(anon):      964 kB
Active(file):     321000 kB
Inactive(file):   353476 kB
Unevictable:        2588 kB
Mlocked:               0 kB
HighTotal:        885760 kB
HighFree:           5024 kB
LowTotal:         535800 kB
LowFree:           15864 kB
SwapTotal:             0 kB
SwapFree:              0 kB
Dirty:                60 kB
Writeback:             0 kB
AnonPages:        413460 kB
Mapped:           396780 kB
Shmem:              1056 kB
Slab:              44112 kB
SReclaimable:      13896 kB
SUnreclaim:        30216 kB
KernelStack:       11112 kB
PageTables:        27948 kB
NFS_Unstable:          0 kB
Bounce:                0 kB
WritebackTmp:          0 kB
CommitLimit:      710780 kB
Committed_AS:   37579784 kB
VmallocTotal:     460800 kB
VmallocUsed:       19168 kB
VmallocChunk:     170012 kB
Time pass: 106 sec

---2015-12-18 17:09:26
MemTotal:        1421560 kB
MemFree:           22972 kB
Buffers:            9912 kB
Cached:           668156 kB
SwapCached:            0 kB
Active:           733664 kB
Inactive:         354360 kB
Active(anon):     412632 kB
Inactive(anon):      656 kB
Active(file):     321032 kB
Inactive(file):   353704 kB
Unevictable:        2588 kB
Mlocked:               0 kB
HighTotal:        885760 kB
HighFree:           6408 kB
LowTotal:         535800 kB
LowFree:           16564 kB
SwapTotal:             0 kB
SwapFree:              0 kB
Dirty:                60 kB
Writeback:             0 kB
AnonPages:        412652 kB
Mapped:           396468 kB
Shmem:               744 kB
Slab:              44032 kB
SReclaimable:      13896 kB
SUnreclaim:        30136 kB
KernelStack:       10976 kB
PageTables:        27860 kB
NFS_Unstable:          0 kB
Bounce:                0 kB
WritebackTmp:          0 kB
CommitLimit:      710780 kB
Committed_AS:   37566448 kB
VmallocTotal:     460800 kB
VmallocUsed:       19168 kB
VmallocChunk:     170012 kB
Time pass: 109 sec

---2015-12-18 17:09:26
MemTotal:        1421560 kB
MemFree:           93880 kB
Buffers:            9968 kB
Cached:           668692 kB
SwapCached:            0 kB
Active:           665244 kB
Inactive:         352548 kB
Active(anon):     341808 kB
Inactive(anon):      656 kB
Active(file):     323436 kB
Inactive(file):   351892 kB
Unevictable:        2588 kB
Mlocked:               0 kB
HighTotal:        885760 kB
HighFree:          55116 kB
LowTotal:         535800 kB
LowFree:           38764 kB
SwapTotal:             0 kB
SwapFree:              0 kB
Dirty:                44 kB
Writeback:             0 kB
AnonPages:        341760 kB
Mapped:           314488 kB
Shmem:               744 kB
Slab:              43920 kB
SReclaimable:      13904 kB
SUnreclaim:        30016 kB
KernelStack:       10552 kB
PageTables:        26356 kB
NFS_Unstable:          0 kB
Bounce:                0 kB
WritebackTmp:          0 kB
CommitLimit:      710780 kB
Committed_AS:   36126412 kB
VmallocTotal:     460800 kB
VmallocUsed:       19168 kB
VmallocChunk:     170012 kB
Time pass: 113 sec

---2015-12-18 17:09:26
MemTotal:        1421560 kB
MemFree:          163864 kB
Buffers:            9976 kB
Cached:           668744 kB
SwapCached:            0 kB
Active:           664920 kB
Inactive:         352532 kB
Active(anon):     341408 kB
Inactive(anon):      528 kB
Active(file):     323512 kB
Inactive(file):   352004 kB
Unevictable:        2588 kB
Mlocked:               0 kB
HighTotal:        885760 kB
HighFree:          92952 kB
LowTotal:         535800 kB
LowFree:           70912 kB
SwapTotal:             0 kB
SwapFree:              0 kB
Dirty:                60 kB
Writeback:             0 kB
AnonPages:        341352 kB
Mapped:           314872 kB
Shmem:               616 kB
Slab:              43852 kB
SReclaimable:      13904 kB
SUnreclaim:        29948 kB
KernelStack:       10264 kB
PageTables:        26300 kB
NFS_Unstable:          0 kB
Bounce:                0 kB
WritebackTmp:          0 kB
CommitLimit:      710780 kB
Committed_AS:   36125396 kB
VmallocTotal:     460800 kB
VmallocUsed:       17840 kB
VmallocChunk:     170012 kB
Time pass: 116 sec

---2015-12-18 17:09:26
MemTotal:        1421560 kB
MemFree:          168456 kB
Buffers:            9976 kB
Cached:           668752 kB
SwapCached:            0 kB
Active:           660504 kB
Inactive:         352536 kB
Active(anon):     336988 kB
Inactive(anon):      528 kB
Active(file):     323516 kB
Inactive(file):   352008 kB
Unevictable:        2588 kB
Mlocked:               0 kB
HighTotal:        885760 kB
HighFree:          93472 kB
LowTotal:         535800 kB
LowFree:           74984 kB
SwapTotal:             0 kB
SwapFree:              0 kB
Dirty:                 0 kB
Writeback:             0 kB
AnonPages:        337024 kB
Mapped:           314872 kB
Shmem:               616 kB
Slab:              43744 kB
SReclaimable:      13904 kB
SUnreclaim:        29840 kB
KernelStack:       10264 kB
PageTables:        26292 kB
NFS_Unstable:          0 kB
Bounce:                0 kB
WritebackTmp:          0 kB
CommitLimit:      710780 kB
Committed_AS:   36087740 kB
VmallocTotal:     460800 kB
VmallocUsed:       17840 kB
VmallocChunk:     170012 kB
Time pass: 120 sec

---2015-12-18 17:09:26
MemTotal:        1421560 kB
MemFree:          168340 kB
Buffers:            9984 kB
Cached:           668752 kB
SwapCached:            0 kB
Active:           660644 kB
Inactive:         352536 kB
Active(anon):     337128 kB
Inactive(anon):      528 kB
Active(file):     323516 kB
Inactive(file):   352008 kB
Unevictable:        2588 kB
Mlocked:               0 kB
HighTotal:        885760 kB
HighFree:          93484 kB
LowTotal:         535800 kB
LowFree:           74856 kB
SwapTotal:             0 kB
SwapFree:              0 kB
Dirty:                36 kB
Writeback:             0 kB
AnonPages:        337156 kB
Mapped:           314728 kB
Shmem:               616 kB
Slab:              43836 kB
SReclaimable:      13904 kB
SUnreclaim:        29932 kB
KernelStack:       10264 kB
PageTables:        26292 kB
NFS_Unstable:          0 kB
Bounce:                0 kB
WritebackTmp:          0 kB
CommitLimit:      710780 kB
Committed_AS:   36087944 kB
VmallocTotal:     460800 kB
VmallocUsed:       15432 kB
VmallocChunk:     170012 kB
Time pass: 123 sec

---2015-12-18 17:09:26
MemTotal:        1421560 kB
MemFree:          168324 kB
Buffers:            9984 kB
Cached:           668752 kB
SwapCached:            0 kB
Active:           660752 kB
Inactive:         352544 kB
Active(anon):     337236 kB
Inactive(anon):      528 kB
Active(file):     323516 kB
Inactive(file):   352016 kB
Unevictable:        2588 kB
Mlocked:               0 kB
HighTotal:        885760 kB
HighFree:          93344 kB
LowTotal:         535800 kB
LowFree:           74980 kB
SwapTotal:             0 kB
SwapFree:              0 kB
Dirty:                36 kB
Writeback:             0 kB
AnonPages:        337252 kB
Mapped:           314728 kB
Shmem:               616 kB
Slab:              43836 kB
SReclaimable:      13904 kB
SUnreclaim:        29932 kB
KernelStack:       10264 kB
PageTables:        26292 kB
NFS_Unstable:          0 kB
Bounce:                0 kB
WritebackTmp:          0 kB
CommitLimit:      710780 kB
Committed_AS:   36088028 kB
VmallocTotal:     460800 kB
VmallocUsed:       15432 kB
VmallocChunk:     170012 kB
Time pass: 127 sec

---2015-12-18 17:09:26
MemTotal:        1421560 kB
MemFree:          168212 kB
Buffers:            9984 kB
Cached:           669228 kB
SwapCached:            0 kB
Active:           660212 kB
Inactive:         353020 kB
Active(anon):     336696 kB
Inactive(anon):      528 kB
Active(file):     323516 kB
Inactive(file):   352492 kB
Unevictable:        2588 kB
Mlocked:               0 kB
HighTotal:        885760 kB
HighFree:          93168 kB
LowTotal:         535800 kB
LowFree:           75044 kB
SwapTotal:             0 kB
SwapFree:              0 kB
Dirty:                 0 kB
Writeback:             0 kB
AnonPages:        336804 kB
Mapped:           314760 kB
Shmem:               616 kB
Slab:              43772 kB
SReclaimable:      13904 kB
SUnreclaim:        29868 kB
KernelStack:       10264 kB
PageTables:        26292 kB
NFS_Unstable:          0 kB
Bounce:                0 kB
WritebackTmp:          0 kB
CommitLimit:      710780 kB
Committed_AS:   36088084 kB
VmallocTotal:     460800 kB
VmallocUsed:       15432 kB
VmallocChunk:     170012 kB
Time pass: 131 sec

---2015-12-18 17:09:26
MemTotal:        1421560 kB
MemFree:          168188 kB
Buffers:            9984 kB
Cached:           669228 kB
SwapCached:            0 kB
Active:           660312 kB
Inactive:         353020 kB
Active(anon):     336796 kB
Inactive(anon):      528 kB
Active(file):     323516 kB
Inactive(file):   352492 kB
Unevictable:        2588 kB
Mlocked:               0 kB
HighTotal:        885760 kB
HighFree:          93148 kB
LowTotal:         535800 kB
LowFree:           75040 kB
SwapTotal:             0 kB
SwapFree:              0 kB
Dirty:                 0 kB
Writeback:             0 kB
AnonPages:        336888 kB
Mapped:           314760 kB
Shmem:               616 kB
Slab:              43900 kB
SReclaimable:      13904 kB
SUnreclaim:        29996 kB
KernelStack:       10264 kB
PageTables:        26292 kB
NFS_Unstable:          0 kB
Bounce:                0 kB
WritebackTmp:          0 kB
CommitLimit:      710780 kB
Committed_AS:   36088300 kB
VmallocTotal:     460800 kB
VmallocUsed:       15432 kB
VmallocChunk:     170012 kB
Time pass: 134 sec

---2015-12-18 17:09:26
MemTotal:        1421560 kB
MemFree:          168056 kB
Buffers:            9984 kB
Cached:           669228 kB
SwapCached:            0 kB
Active:           660436 kB
Inactive:         353020 kB
Active(anon):     336920 kB
Inactive(anon):      528 kB
Active(file):     323516 kB
Inactive(file):   352492 kB
Unevictable:        2588 kB
Mlocked:               0 kB
HighTotal:        885760 kB
HighFree:          92920 kB
LowTotal:         535800 kB
LowFree:           75136 kB
SwapTotal:             0 kB
SwapFree:              0 kB
Dirty:                 0 kB
Writeback:             0 kB
AnonPages:        337004 kB
Mapped:           314760 kB
Shmem:               616 kB
Slab:              43804 kB
SReclaimable:      13904 kB
SUnreclaim:        29900 kB
KernelStack:       10264 kB
PageTables:        26292 kB
NFS_Unstable:          0 kB
Bounce:                0 kB
WritebackTmp:          0 kB
CommitLimit:      710780 kB
Committed_AS:   36088372 kB
VmallocTotal:     460800 kB
VmallocUsed:       15432 kB
VmallocChunk:     170012 kB
Time pass: 138 sec

---2015-12-18 17:09:26
MemTotal:        1421560 kB
MemFree:          167916 kB
Buffers:            9984 kB
Cached:           669228 kB
SwapCached:            0 kB
Active:           660708 kB
Inactive:         353020 kB
Active(anon):     337192 kB
Inactive(anon):      528 kB
Active(file):     323516 kB
Inactive(file):   352492 kB
Unevictable:        2588 kB
Mlocked:               0 kB
HighTotal:        885760 kB
HighFree:          92724 kB
LowTotal:         535800 kB
LowFree:           75192 kB
SwapTotal:             0 kB
SwapFree:              0 kB
Dirty:                 0 kB
Writeback:             0 kB
AnonPages:        337128 kB
Mapped:           314908 kB
Shmem:               616 kB
Slab:              43772 kB
SReclaimable:      13904 kB
SUnreclaim:        29868 kB
KernelStack:       10264 kB
PageTables:        26292 kB
NFS_Unstable:          0 kB
Bounce:                0 kB
WritebackTmp:          0 kB
CommitLimit:      710780 kB
Committed_AS:   36088536 kB
VmallocTotal:     460800 kB
VmallocUsed:       15432 kB
VmallocChunk:     170012 kB
Time pass: 141 sec

---2015-12-18 17:09:26
MemTotal:        1421560 kB
MemFree:          167892 kB
Buffers:            9984 kB
Cached:           669228 kB
SwapCached:            0 kB
Active:           660724 kB
Inactive:         353020 kB
Active(anon):     337208 kB
Inactive(anon):      528 kB
Active(file):     323516 kB
Inactive(file):   352492 kB
Unevictable:        2588 kB
Mlocked:               0 kB
HighTotal:        885760 kB
HighFree:          92668 kB
LowTotal:         535800 kB
LowFree:           75224 kB
SwapTotal:             0 kB
SwapFree:              0 kB
Dirty:                 0 kB
Writeback:             0 kB
AnonPages:        337264 kB
Mapped:           314760 kB
Shmem:               616 kB
Slab:              43716 kB
SReclaimable:      13912 kB
SUnreclaim:        29804 kB
KernelStack:       10264 kB
PageTables:        26292 kB
NFS_Unstable:          0 kB
Bounce:                0 kB
WritebackTmp:          0 kB
CommitLimit:      710780 kB
Committed_AS:   36088576 kB
VmallocTotal:     460800 kB
VmallocUsed:       15432 kB
VmallocChunk:     170012 kB
Time pass: 145 sec

---2015-12-18 17:09:26
MemTotal:        1421560 kB
MemFree:          167788 kB
Buffers:            9984 kB
Cached:           669228 kB
SwapCached:            0 kB
Active:           660812 kB
Inactive:         353020 kB
Active(anon):     337296 kB
Inactive(anon):      528 kB
Active(file):     323516 kB
Inactive(file):   352492 kB
Unevictable:        2588 kB
Mlocked:               0 kB
HighTotal:        885760 kB
HighFree:          92588 kB
LowTotal:         535800 kB
LowFree:           75200 kB
SwapTotal:             0 kB
SwapFree:              0 kB
Dirty:                 0 kB
Writeback:             0 kB
AnonPages:        337436 kB
Mapped:           314764 kB
Shmem:               616 kB
Slab:              43716 kB
SReclaimable:      13912 kB
SUnreclaim:        29804 kB
KernelStack:       10272 kB
PageTables:        26300 kB
NFS_Unstable:          0 kB
Bounce:                0 kB
WritebackTmp:          0 kB
CommitLimit:      710780 kB
Committed_AS:   36088732 kB
VmallocTotal:     460800 kB
VmallocUsed:       15432 kB
VmallocChunk:     170012 kB
Time pass: 148 sec

---2015-12-18 17:09:26
MemTotal:        1421560 kB
MemFree:          167648 kB
Buffers:            9984 kB
Cached:           669228 kB
SwapCached:            0 kB
Active:           661108 kB
Inactive:         353020 kB
Active(anon):     337592 kB
Inactive(anon):      528 kB
Active(file):     323516 kB
Inactive(file):   352492 kB
Unevictable:        2588 kB
Mlocked:               0 kB
HighTotal:        885760 kB
HighFree:          92392 kB
LowTotal:         535800 kB
LowFree:           75256 kB
SwapTotal:             0 kB
SwapFree:              0 kB
Dirty:                 0 kB
Writeback:             0 kB
AnonPages:        337624 kB
Mapped:           314908 kB
Shmem:               616 kB
Slab:              43680 kB
SReclaimable:      13912 kB
SUnreclaim:        29768 kB
KernelStack:       10264 kB
PageTables:        26296 kB
NFS_Unstable:          0 kB
Bounce:                0 kB
WritebackTmp:          0 kB
CommitLimit:      710780 kB
Committed_AS:   36088948 kB
VmallocTotal:     460800 kB
VmallocUsed:       15432 kB
VmallocChunk:     170012 kB
Time pass: 152 sec

---2015-12-18 17:09:26
MemTotal:        1421560 kB
MemFree:          167568 kB
Buffers:            9984 kB
Cached:           669228 kB
SwapCached:            0 kB
Active:           661112 kB
Inactive:         353020 kB
Active(anon):     337596 kB
Inactive(anon):      528 kB
Active(file):     323516 kB
Inactive(file):   352492 kB
Unevictable:        2588 kB
Mlocked:               0 kB
HighTotal:        885760 kB
HighFree:          92284 kB
LowTotal:         535800 kB
LowFree:           75284 kB
SwapTotal:             0 kB
SwapFree:              0 kB
Dirty:                 0 kB
Writeback:             0 kB
AnonPages:        337756 kB
Mapped:           314908 kB
Shmem:               616 kB
Slab:              43788 kB
SReclaimable:      13912 kB
SUnreclaim:        29876 kB
KernelStack:       10264 kB
PageTables:        26292 kB
NFS_Unstable:          0 kB
Bounce:                0 kB
WritebackTmp:          0 kB
CommitLimit:      710780 kB
Committed_AS:   36089012 kB
VmallocTotal:     460800 kB
VmallocUsed:       15432 kB
VmallocChunk:     170012 kB
Time pass: 155 sec

---2015-12-18 17:09:26
MemTotal:        1421560 kB
MemFree:          167404 kB
Buffers:            9984 kB
Cached:           669228 kB
SwapCached:            0 kB
Active:           661492 kB
Inactive:         353020 kB
Active(anon):     337976 kB
Inactive(anon):      528 kB
Active(file):     323516 kB
Inactive(file):   352492 kB
Unevictable:        2588 kB
Mlocked:               0 kB
HighTotal:        885760 kB
HighFree:          92160 kB
LowTotal:         535800 kB
LowFree:           75244 kB
SwapTotal:             0 kB
SwapFree:              0 kB
Dirty:                 0 kB
Writeback:             0 kB
AnonPages:        338016 kB
Mapped:           314760 kB
Shmem:               616 kB
Slab:              43840 kB
SReclaimable:      13912 kB
SUnreclaim:        29928 kB
KernelStack:       10272 kB
PageTables:        26292 kB
NFS_Unstable:          0 kB
Bounce:                0 kB
WritebackTmp:          0 kB
CommitLimit:      710780 kB
Committed_AS:   36089060 kB
VmallocTotal:     460800 kB
VmallocUsed:       15432 kB
VmallocChunk:     170012 kB
Time pass: 159 sec

---2015-12-18 17:09:26
MemTotal:        1421560 kB
MemFree:          168372 kB
Buffers:            9984 kB
Cached:           669228 kB
SwapCached:            0 kB
Active:           660612 kB
Inactive:         353020 kB
Active(anon):     337096 kB
Inactive(anon):      528 kB
Active(file):     323516 kB
Inactive(file):   352492 kB
Unevictable:        2588 kB
Mlocked:               0 kB
HighTotal:        885760 kB
HighFree:          93024 kB
LowTotal:         535800 kB
LowFree:           75348 kB
SwapTotal:             0 kB
SwapFree:              0 kB
Dirty:                 0 kB
Writeback:             0 kB
AnonPages:        336992 kB
Mapped:           314464 kB
Shmem:               616 kB
Slab:              43724 kB
SReclaimable:      13912 kB
SUnreclaim:        29812 kB
KernelStack:       10264 kB
PageTables:        26292 kB
NFS_Unstable:          0 kB
Bounce:                0 kB
WritebackTmp:          0 kB
CommitLimit:      710780 kB
Committed_AS:   36089216 kB
VmallocTotal:     460800 kB
VmallocUsed:       15432 kB
VmallocChunk:     170012 kB
Time pass: 162 sec

---2015-12-18 17:09:26
MemTotal:        1421560 kB
MemFree:          166840 kB
Buffers:            9984 kB
Cached:           669228 kB
SwapCached:            0 kB
Active:           662040 kB
Inactive:         353020 kB
Active(anon):     338524 kB
Inactive(anon):      528 kB
Active(file):     323516 kB
Inactive(file):   352492 kB
Unevictable:        2588 kB
Mlocked:               0 kB
HighTotal:        885760 kB
HighFree:          91620 kB
LowTotal:         535800 kB
LowFree:           75220 kB
SwapTotal:             0 kB
SwapFree:              0 kB
Dirty:                 0 kB
Writeback:             0 kB
AnonPages:        338612 kB
Mapped:           314612 kB
Shmem:               616 kB
Slab:              43788 kB
SReclaimable:      13912 kB
SUnreclaim:        29876 kB
KernelStack:       10264 kB
PageTables:        26292 kB
NFS_Unstable:          0 kB
Bounce:                0 kB
WritebackTmp:          0 kB
CommitLimit:      710780 kB
Committed_AS:   36091708 kB
VmallocTotal:     460800 kB
VmallocUsed:       15432 kB
VmallocChunk:     170012 kB
Time pass: 166 sec

---2015-12-18 17:09:26
MemTotal:        1421560 kB
MemFree:          133180 kB
Buffers:           10084 kB
Cached:           670868 kB
SwapCached:            0 kB
Active:           682744 kB
Inactive:         353588 kB
Active(anon):     358080 kB
Inactive(anon):      660 kB
Active(file):     324664 kB
Inactive(file):   352928 kB
Unevictable:        2588 kB
Mlocked:               0 kB
HighTotal:        885760 kB
HighFree:          59360 kB
LowTotal:         535800 kB
LowFree:           73820 kB
SwapTotal:             0 kB
SwapFree:              0 kB
Dirty:               848 kB
Writeback:             0 kB
AnonPages:        358164 kB
Mapped:           342112 kB
Shmem:               748 kB
Slab:              43784 kB
SReclaimable:      13912 kB
SUnreclaim:        29872 kB
KernelStack:       10768 kB
PageTables:        27100 kB
NFS_Unstable:          0 kB
Bounce:                0 kB
WritebackTmp:          0 kB
CommitLimit:      710780 kB
Committed_AS:   36936156 kB
VmallocTotal:     460800 kB
VmallocUsed:       16588 kB
VmallocChunk:     170012 kB
Time pass: 169 sec

---2015-12-18 17:09:26
MemTotal:        1421560 kB
MemFree:          112816 kB
Buffers:           10096 kB
Cached:           671156 kB
SwapCached:            0 kB
Active:           695072 kB
Inactive:         353336 kB
Active(anon):     369832 kB
Inactive(anon):      660 kB
Active(file):     325240 kB
Inactive(file):   352676 kB
Unevictable:        2588 kB
Mlocked:               0 kB
HighTotal:        885760 kB
HighFree:          41976 kB
LowTotal:         535800 kB
LowFree:           70840 kB
SwapTotal:             0 kB
SwapFree:              0 kB
Dirty:               276 kB
Writeback:             0 kB
AnonPages:        369884 kB
Mapped:           346280 kB
Shmem:               748 kB
Slab:              43808 kB
SReclaimable:      13920 kB
SUnreclaim:        29888 kB
KernelStack:       10792 kB
PageTables:        27160 kB
NFS_Unstable:          0 kB
Bounce:                0 kB
WritebackTmp:          0 kB
CommitLimit:      710780 kB
Committed_AS:   36882180 kB
VmallocTotal:     460800 kB
VmallocUsed:       16600 kB
VmallocChunk:     170012 kB
Time pass: 173 sec

---2015-12-18 17:09:26
MemTotal:        1421560 kB
MemFree:           87496 kB
Buffers:           10104 kB
Cached:           671564 kB
SwapCached:            0 kB
Active:           701840 kB
Inactive:         353696 kB
Active(anon):     376548 kB
Inactive(anon):      660 kB
Active(file):     325292 kB
Inactive(file):   353036 kB
Unevictable:        2588 kB
Mlocked:               0 kB
HighTotal:        885760 kB
HighFree:          19580 kB
LowTotal:         535800 kB
LowFree:           67916 kB
SwapTotal:             0 kB
SwapFree:              0 kB
Dirty:               112 kB
Writeback:             0 kB
AnonPages:        376676 kB
Mapped:           357996 kB
Shmem:               748 kB
Slab:              43752 kB
SReclaimable:      13928 kB
SUnreclaim:        29824 kB
KernelStack:       10848 kB
PageTables:        27220 kB
NFS_Unstable:          0 kB
Bounce:                0 kB
WritebackTmp:          0 kB
CommitLimit:      710780 kB
Committed_AS:   36884432 kB
VmallocTotal:     460800 kB
VmallocUsed:       16660 kB
VmallocChunk:     170012 kB
Time pass: 176 sec

---2015-12-18 17:09:26
MemTotal:        1421560 kB
MemFree:           69916 kB
Buffers:           10104 kB
Cached:           672284 kB
SwapCached:            0 kB
Active:           704368 kB
Inactive:         353112 kB
Active(anon):     377768 kB
Inactive(anon):      660 kB
Active(file):     326600 kB
Inactive(file):   352452 kB
Unevictable:        2588 kB
Mlocked:               0 kB
HighTotal:        885760 kB
HighFree:           4672 kB
LowTotal:         535800 kB
LowFree:           65244 kB
SwapTotal:             0 kB
SwapFree:              0 kB
Dirty:              1008 kB
Writeback:             0 kB
AnonPages:        377676 kB
Mapped:           373236 kB
Shmem:               748 kB
Slab:              43848 kB
SReclaimable:      13928 kB
SUnreclaim:        29920 kB
KernelStack:       10840 kB
PageTables:        27264 kB
NFS_Unstable:          0 kB
Bounce:                0 kB
WritebackTmp:          0 kB
CommitLimit:      710780 kB
Committed_AS:   36885584 kB
VmallocTotal:     460800 kB
VmallocUsed:       16688 kB
VmallocChunk:     170012 kB
Time pass: 180 sec

---2015-12-18 17:09:26
MemTotal:        1421560 kB
MemFree:           60336 kB
Buffers:           10112 kB
Cached:           672396 kB
SwapCached:            0 kB
Active:           706076 kB
Inactive:         353088 kB
Active(anon):     379332 kB
Inactive(anon):      660 kB
Active(file):     326744 kB
Inactive(file):   352428 kB
Unevictable:        2588 kB
Mlocked:               0 kB
HighTotal:        885760 kB
HighFree:           4424 kB
LowTotal:         535800 kB
LowFree:           55912 kB
SwapTotal:             0 kB
SwapFree:              0 kB
Dirty:               132 kB
Writeback:             0 kB
AnonPages:        379376 kB
Mapped:           381388 kB
Shmem:               748 kB
Slab:              43728 kB
SReclaimable:      13936 kB
SUnreclaim:        29792 kB
KernelStack:       10840 kB
PageTables:        27284 kB
NFS_Unstable:          0 kB
Bounce:                0 kB
WritebackTmp:          0 kB
CommitLimit:      710780 kB
Committed_AS:   36887232 kB
VmallocTotal:     460800 kB
VmallocUsed:       16712 kB
VmallocChunk:     170012 kB
Time pass: 183 sec

---2015-12-18 17:09:26
MemTotal:        1421560 kB
MemFree:           56592 kB
Buffers:           10120 kB
Cached:           672512 kB
SwapCached:            0 kB
Active:           709160 kB
Inactive:         353080 kB
Active(anon):     382416 kB
Inactive(anon):      660 kB
Active(file):     326744 kB
Inactive(file):   352420 kB
Unevictable:        2588 kB
Mlocked:               0 kB
HighTotal:        885760 kB
HighFree:           5796 kB
LowTotal:         535800 kB
LowFree:           50796 kB
SwapTotal:             0 kB
SwapFree:              0 kB
Dirty:               616 kB
Writeback:             0 kB
AnonPages:        382212 kB
Mapped:           382584 kB
Shmem:               752 kB
Slab:              43900 kB
SReclaimable:      13952 kB
SUnreclaim:        29948 kB
KernelStack:       10824 kB
PageTables:        27296 kB
NFS_Unstable:          0 kB
Bounce:                0 kB
WritebackTmp:          0 kB
CommitLimit:      710780 kB
Committed_AS:   36889924 kB
VmallocTotal:     460800 kB
VmallocUsed:       16712 kB
VmallocChunk:     170012 kB
Time pass: 187 sec

---2015-12-18 17:09:26
MemTotal:        1421560 kB
MemFree:           47260 kB
Buffers:           10120 kB
Cached:           672412 kB
SwapCached:            0 kB
Active:           710144 kB
Inactive:         353096 kB
Active(anon):     383384 kB
Inactive(anon):      660 kB
Active(file):     326760 kB
Inactive(file):   352436 kB
Unevictable:        2588 kB
Mlocked:               0 kB
HighTotal:        885760 kB
HighFree:           4784 kB
LowTotal:         535800 kB
LowFree:           42476 kB
SwapTotal:             0 kB
SwapFree:              0 kB
Dirty:               596 kB
Writeback:             0 kB
AnonPages:        383320 kB
Mapped:           389964 kB
Shmem:               748 kB
Slab:              43816 kB
SReclaimable:      13952 kB
SUnreclaim:        29864 kB
KernelStack:       10808 kB
PageTables:        27304 kB
NFS_Unstable:          0 kB
Bounce:                0 kB
WritebackTmp:          0 kB
CommitLimit:      710780 kB
Committed_AS:   36891456 kB
VmallocTotal:     460800 kB
VmallocUsed:       16736 kB
VmallocChunk:     170012 kB
Time pass: 190 sec

---2015-12-18 17:09:26
MemTotal:        1421560 kB
MemFree:           46388 kB
Buffers:           10128 kB
Cached:           672412 kB
SwapCached:            0 kB
Active:           710128 kB
Inactive:         353104 kB
Active(anon):     383368 kB
Inactive(anon):      660 kB
Active(file):     326760 kB
Inactive(file):   352444 kB
Unevictable:        2588 kB
Mlocked:               0 kB
HighTotal:        885760 kB
HighFree:           4516 kB
LowTotal:         535800 kB
LowFree:           41872 kB
SwapTotal:             0 kB
SwapFree:              0 kB
Dirty:                32 kB
Writeback:             0 kB
AnonPages:        383432 kB
Mapped:           389860 kB
Shmem:               748 kB
Slab:              43868 kB
SReclaimable:      13952 kB
SUnreclaim:        29916 kB
KernelStack:       10808 kB
PageTables:        27304 kB
NFS_Unstable:          0 kB
Bounce:                0 kB
WritebackTmp:          0 kB
CommitLimit:      710780 kB
Committed_AS:   36891456 kB
VmallocTotal:     460800 kB
VmallocUsed:       16736 kB
VmallocChunk:     170012 kB
Time pass: 194 sec

---2015-12-18 17:09:26
MemTotal:        1421560 kB
MemFree:           45980 kB
Buffers:           10136 kB
Cached:           672404 kB
SwapCached:            0 kB
Active:           710288 kB
Inactive:         353104 kB
Active(anon):     383528 kB
Inactive(anon):      660 kB
Active(file):     326760 kB
Inactive(file):   352444 kB
Unevictable:        2588 kB
Mlocked:               0 kB
HighTotal:        885760 kB
HighFree:           4396 kB
LowTotal:         535800 kB
LowFree:           41584 kB
SwapTotal:             0 kB
SwapFree:              0 kB
Dirty:                32 kB
Writeback:             0 kB
AnonPages:        383560 kB
Mapped:           389892 kB
Shmem:               748 kB
Slab:              43868 kB
SReclaimable:      13952 kB
SUnreclaim:        29916 kB
KernelStack:       10816 kB
PageTables:        27308 kB
NFS_Unstable:          0 kB
Bounce:                0 kB
WritebackTmp:          0 kB
CommitLimit:      710780 kB
Committed_AS:   36891544 kB
VmallocTotal:     460800 kB
VmallocUsed:       16736 kB
VmallocChunk:     170012 kB
Time pass: 197 sec

---2015-12-18 17:09:26
MemTotal:        1421560 kB
MemFree:           43328 kB
Buffers:           10148 kB
Cached:           673188 kB
SwapCached:            0 kB
Active:           714984 kB
Inactive:         352880 kB
Active(anon):     387208 kB
Inactive(anon):      728 kB
Active(file):     327776 kB
Inactive(file):   352152 kB
Unevictable:        2588 kB
Mlocked:               0 kB
HighTotal:        885760 kB
HighFree:           4744 kB
LowTotal:         535800 kB
LowFree:           38584 kB
SwapTotal:             0 kB
SwapFree:              0 kB
Dirty:                 0 kB
Writeback:             0 kB
AnonPages:        387320 kB
Mapped:           391392 kB
Shmem:               820 kB
Slab:              43936 kB
SReclaimable:      13952 kB
SUnreclaim:        29984 kB
KernelStack:       10912 kB
PageTables:        27376 kB
NFS_Unstable:          0 kB
Bounce:                0 kB
WritebackTmp:          0 kB
CommitLimit:      710780 kB
Committed_AS:   36940236 kB
VmallocTotal:     460800 kB
VmallocUsed:       19144 kB
VmallocChunk:     170012 kB
Time pass: 202 sec

---2015-12-18 17:09:26
MemTotal:        1421560 kB
MemFree:           42480 kB
Buffers:           10208 kB
Cached:           673188 kB
SwapCached:            0 kB
Active:           716652 kB
Inactive:         352936 kB
Active(anon):     388872 kB
Inactive(anon):      736 kB
Active(file):     327780 kB
Inactive(file):   352200 kB
Unevictable:        2588 kB
Mlocked:               0 kB
HighTotal:        885760 kB
HighFree:           4384 kB
LowTotal:         535800 kB
LowFree:           38096 kB
SwapTotal:             0 kB
SwapFree:              0 kB
Dirty:                40 kB
Writeback:             0 kB
AnonPages:        388956 kB
Mapped:           389384 kB
Shmem:               828 kB
Slab:              43940 kB
SReclaimable:      13952 kB
SUnreclaim:        29988 kB
KernelStack:       10968 kB
PageTables:        27392 kB
NFS_Unstable:          0 kB
Bounce:                0 kB
WritebackTmp:          0 kB
CommitLimit:      710780 kB
Committed_AS:   36909580 kB
VmallocTotal:     460800 kB
VmallocUsed:       19144 kB
VmallocChunk:     170012 kB
Time pass: 209 sec

---2015-12-18 17:09:26
MemTotal:        1421560 kB
MemFree:           41608 kB
Buffers:           10208 kB
Cached:           673216 kB
SwapCached:            0 kB
Active:           717724 kB
Inactive:         352964 kB
Active(anon):     389944 kB
Inactive(anon):      748 kB
Active(file):     327780 kB
Inactive(file):   352216 kB
Unevictable:        2588 kB
Mlocked:               0 kB
HighTotal:        885760 kB
HighFree:           4348 kB
LowTotal:         535800 kB
LowFree:           37260 kB
SwapTotal:             0 kB
SwapFree:              0 kB
Dirty:                 0 kB
Writeback:             0 kB
AnonPages:        389836 kB
Mapped:           389400 kB
Shmem:               840 kB
Slab:              43936 kB
SReclaimable:      13952 kB
SUnreclaim:        29984 kB
KernelStack:       10944 kB
PageTables:        27392 kB
NFS_Unstable:          0 kB
Bounce:                0 kB
WritebackTmp:          0 kB
CommitLimit:      710780 kB
Committed_AS:   36910032 kB
VmallocTotal:     460800 kB
VmallocUsed:       19144 kB
VmallocChunk:     170012 kB
Time pass: 213 sec

---2015-12-18 17:09:26
MemTotal:        1421560 kB
MemFree:           40900 kB
Buffers:           10216 kB
Cached:           673256 kB
SwapCached:            0 kB
Active:           718192 kB
Inactive:         352996 kB
Active(anon):     390396 kB
Inactive(anon):      788 kB
Active(file):     327796 kB
Inactive(file):   352208 kB
Unevictable:        2588 kB
Mlocked:               0 kB
HighTotal:        885760 kB
HighFree:           4360 kB
LowTotal:         535800 kB
LowFree:           36540 kB
SwapTotal:             0 kB
SwapFree:              0 kB
Dirty:                36 kB
Writeback:             0 kB
AnonPages:        390492 kB
Mapped:           389472 kB
Shmem:               880 kB
Slab:              44028 kB
SReclaimable:      13952 kB
SUnreclaim:        30076 kB
KernelStack:       10944 kB
PageTables:        27416 kB
NFS_Unstable:          0 kB
Bounce:                0 kB
WritebackTmp:          0 kB
CommitLimit:      710780 kB
Committed_AS:   36910544 kB
VmallocTotal:     460800 kB
VmallocUsed:       19144 kB
VmallocChunk:     170012 kB
Time pass: 218 sec

---2015-12-18 17:09:26
MemTotal:        1421560 kB
MemFree:           40636 kB
Buffers:           10240 kB
Cached:           673256 kB
SwapCached:            0 kB
Active:           718884 kB
Inactive:         353012 kB
Active(anon):     391088 kB
Inactive(anon):      788 kB
Active(file):     327796 kB
Inactive(file):   352224 kB
Unevictable:        2588 kB
Mlocked:               0 kB
HighTotal:        885760 kB
HighFree:           4380 kB
LowTotal:         535800 kB
LowFree:           36256 kB
SwapTotal:             0 kB
SwapFree:              0 kB
Dirty:                48 kB
Writeback:             0 kB
AnonPages:        391180 kB
Mapped:           389484 kB
Shmem:               880 kB
Slab:              44084 kB
SReclaimable:      14056 kB
SUnreclaim:        30028 kB
KernelStack:       10944 kB
PageTables:        27416 kB
NFS_Unstable:          0 kB
Bounce:                0 kB
WritebackTmp:          0 kB
CommitLimit:      710780 kB
Committed_AS:   36910716 kB
VmallocTotal:     460800 kB
VmallocUsed:       19144 kB
VmallocChunk:     170012 kB
Time pass: 221 sec

---2015-12-18 17:09:26
MemTotal:        1421560 kB
MemFree:           39920 kB
Buffers:           10240 kB
Cached:           673260 kB
SwapCached:            0 kB
Active:           719152 kB
Inactive:         353024 kB
Active(anon):     391356 kB
Inactive(anon):      792 kB
Active(file):     327796 kB
Inactive(file):   352232 kB
Unevictable:        2588 kB
Mlocked:               0 kB
HighTotal:        885760 kB
HighFree:           4344 kB
LowTotal:         535800 kB
LowFree:           35576 kB
SwapTotal:             0 kB
SwapFree:              0 kB
Dirty:                52 kB
Writeback:             0 kB
AnonPages:        391284 kB
Mapped:           389340 kB
Shmem:               884 kB
Slab:              43924 kB
SReclaimable:      14056 kB
SUnreclaim:        29868 kB
KernelStack:       10944 kB
PageTables:        27416 kB
NFS_Unstable:          0 kB
Bounce:                0 kB
WritebackTmp:          0 kB
CommitLimit:      710780 kB
Committed_AS:   36910872 kB
VmallocTotal:     460800 kB
VmallocUsed:       19144 kB
VmallocChunk:     170012 kB
Time pass: 225 sec

---2015-12-18 17:09:26
MemTotal:        1421560 kB
MemFree:           39864 kB
Buffers:           10248 kB
Cached:           673284 kB
SwapCached:            0 kB
Active:           719140 kB
Inactive:         353056 kB
Active(anon):     391344 kB
Inactive(anon):      816 kB
Active(file):     327796 kB
Inactive(file):   352240 kB
Unevictable:        2588 kB
Mlocked:               0 kB
HighTotal:        885760 kB
HighFree:           4344 kB
LowTotal:         535800 kB
LowFree:           35520 kB
SwapTotal:             0 kB
SwapFree:              0 kB
Dirty:                32 kB
Writeback:             0 kB
AnonPages:        391392 kB
Mapped:           389472 kB
Shmem:               908 kB
Slab:              44152 kB
SReclaimable:      14056 kB
SUnreclaim:        30096 kB
KernelStack:       10920 kB
PageTables:        27400 kB
NFS_Unstable:          0 kB
Bounce:                0 kB
WritebackTmp:          0 kB
CommitLimit:      710780 kB
Committed_AS:   36911040 kB
VmallocTotal:     460800 kB
VmallocUsed:       19144 kB
VmallocChunk:     170012 kB
Time pass: 230 sec

---2015-12-18 17:09:26
MemTotal:        1421560 kB
MemFree:           38764 kB
Buffers:           10264 kB
Cached:           673284 kB
SwapCached:            0 kB
Active:           719900 kB
Inactive:         353072 kB
Active(anon):     392104 kB
Inactive(anon):      816 kB
Active(file):     327796 kB
Inactive(file):   352256 kB
Unevictable:        2588 kB
Mlocked:               0 kB
HighTotal:        885760 kB
HighFree:           4344 kB
LowTotal:         535800 kB
LowFree:           34420 kB
SwapTotal:             0 kB
SwapFree:              0 kB
Dirty:                48 kB
Writeback:             0 kB
AnonPages:        392052 kB
Mapped:           389524 kB
Shmem:               908 kB
Slab:              44052 kB
SReclaimable:      14056 kB
SUnreclaim:        29996 kB
KernelStack:       10936 kB
PageTables:        27416 kB
NFS_Unstable:          0 kB
Bounce:                0 kB
WritebackTmp:          0 kB
CommitLimit:      710780 kB
Committed_AS:   36911160 kB
VmallocTotal:     460800 kB
VmallocUsed:       19144 kB
VmallocChunk:     170012 kB
Time pass: 233 sec

---2015-12-18 17:09:26
MemTotal:        1421560 kB
MemFree:           38852 kB
Buffers:           10264 kB
Cached:           673288 kB
SwapCached:            0 kB
Active:           720032 kB
Inactive:         353076 kB
Active(anon):     392236 kB
Inactive(anon):      820 kB
Active(file):     327796 kB
Inactive(file):   352256 kB
Unevictable:        2588 kB
Mlocked:               0 kB
HighTotal:        885760 kB
HighFree:           4384 kB
LowTotal:         535800 kB
LowFree:           34468 kB
SwapTotal:             0 kB
SwapFree:              0 kB
Dirty:                 0 kB
Writeback:             0 kB
AnonPages:        392160 kB
Mapped:           389532 kB
Shmem:               912 kB
Slab:              44024 kB
SReclaimable:      14056 kB
SUnreclaim:        29968 kB
KernelStack:       10936 kB
PageTables:        27416 kB
NFS_Unstable:          0 kB
Bounce:                0 kB
WritebackTmp:          0 kB
CommitLimit:      710780 kB
Committed_AS:   36911232 kB
VmallocTotal:     460800 kB
VmallocUsed:       19144 kB
VmallocChunk:     170012 kB
Time pass: 237 sec

---2015-12-18 17:09:26
MemTotal:        1421560 kB
MemFree:           39124 kB
Buffers:           10272 kB
Cached:           673288 kB
SwapCached:            0 kB
Active:           719264 kB
Inactive:         353084 kB
Active(anon):     391468 kB
Inactive(anon):      820 kB
Active(file):     327796 kB
Inactive(file):   352264 kB
Unevictable:        2588 kB
Mlocked:               0 kB
HighTotal:        885760 kB
HighFree:           4436 kB
LowTotal:         535800 kB
LowFree:           34688 kB
SwapTotal:             0 kB
SwapFree:              0 kB
Dirty:                36 kB
Writeback:             0 kB
AnonPages:        391328 kB
Mapped:           389528 kB
Shmem:               912 kB
Slab:              43992 kB
SReclaimable:      14056 kB
SUnreclaim:        29936 kB
KernelStack:       10936 kB
PageTables:        27412 kB
NFS_Unstable:          0 kB
Bounce:                0 kB
WritebackTmp:          0 kB
CommitLimit:      710780 kB
Committed_AS:   36911440 kB
VmallocTotal:     460800 kB
VmallocUsed:       19144 kB
VmallocChunk:     170012 kB
Time pass: 240 sec

---2015-12-18 17:09:26
MemTotal:        1421560 kB
MemFree:           39096 kB
Buffers:           10288 kB
Cached:           673288 kB
SwapCached:            0 kB
Active:           719816 kB
Inactive:         353100 kB
Active(anon):     392020 kB
Inactive(anon):      820 kB
Active(file):     327796 kB
Inactive(file):   352280 kB
Unevictable:        2588 kB
Mlocked:               0 kB
HighTotal:        885760 kB
HighFree:           4352 kB
LowTotal:         535800 kB
LowFree:           34744 kB
SwapTotal:             0 kB
SwapFree:              0 kB
Dirty:                48 kB
Writeback:             0 kB
AnonPages:        392076 kB
Mapped:           389476 kB
Shmem:               912 kB
Slab:              44076 kB
SReclaimable:      14056 kB
SUnreclaim:        30020 kB
KernelStack:       10920 kB
PageTables:        27396 kB
NFS_Unstable:          0 kB
Bounce:                0 kB
WritebackTmp:          0 kB
CommitLimit:      710780 kB
Committed_AS:   36912228 kB
VmallocTotal:     460800 kB
VmallocUsed:       19144 kB
VmallocChunk:     170012 kB
Time pass: 244 sec

---2015-12-18 17:09:26
MemTotal:        1421560 kB
MemFree:           38884 kB
Buffers:           10288 kB
Cached:           673356 kB
SwapCached:            0 kB
Active:           719340 kB
Inactive:         353168 kB
Active(anon):     391544 kB
Inactive(anon):      888 kB
Active(file):     327796 kB
Inactive(file):   352280 kB
Unevictable:        2588 kB
Mlocked:               0 kB
HighTotal:        885760 kB
HighFree:           4364 kB
LowTotal:         535800 kB
LowFree:           34520 kB
SwapTotal:             0 kB
SwapFree:              0 kB
Dirty:                52 kB
Writeback:             0 kB
AnonPages:        391716 kB
Mapped:           389596 kB
Shmem:               980 kB
Slab:              44064 kB
SReclaimable:      14056 kB
SUnreclaim:        30008 kB
KernelStack:       10944 kB
PageTables:        27400 kB
NFS_Unstable:          0 kB
Bounce:                0 kB
WritebackTmp:          0 kB
CommitLimit:      710780 kB
Committed_AS:   36911652 kB
VmallocTotal:     460800 kB
VmallocUsed:       19144 kB
VmallocChunk:     170012 kB
Time pass: 248 sec

---2015-12-18 17:09:26
MemTotal:        1421560 kB
MemFree:           40544 kB
Buffers:           10296 kB
Cached:           673476 kB
SwapCached:            0 kB
Active:           717600 kB
Inactive:         353296 kB
Active(anon):     389804 kB
Inactive(anon):      888 kB
Active(file):     327796 kB
Inactive(file):   352408 kB
Unevictable:        2588 kB
Mlocked:               0 kB
HighTotal:        885760 kB
HighFree:           4872 kB
LowTotal:         535800 kB
LowFree:           35672 kB
SwapTotal:             0 kB
SwapFree:              0 kB
Dirty:                44 kB
Writeback:             0 kB
AnonPages:        389764 kB
Mapped:           389640 kB
Shmem:               980 kB
Slab:              44044 kB
SReclaimable:      14056 kB
SUnreclaim:        29988 kB
KernelStack:       10936 kB
PageTables:        27412 kB
NFS_Unstable:          0 kB
Bounce:                0 kB
WritebackTmp:          0 kB
CommitLimit:      710780 kB
Committed_AS:   36909784 kB
VmallocTotal:     460800 kB
VmallocUsed:       19144 kB
VmallocChunk:     170012 kB
Time pass: 252 sec

---2015-12-18 17:09:26
MemTotal:        1421560 kB
MemFree:           41404 kB
Buffers:           10304 kB
Cached:           673480 kB
SwapCached:            0 kB
Active:           717112 kB
Inactive:         353308 kB
Active(anon):     389316 kB
Inactive(anon):      892 kB
Active(file):     327796 kB
Inactive(file):   352416 kB
Unevictable:        2588 kB
Mlocked:               0 kB
HighTotal:        885760 kB
HighFree:           4912 kB
LowTotal:         535800 kB
LowFree:           36492 kB
SwapTotal:             0 kB
SwapFree:              0 kB
Dirty:                16 kB
Writeback:             0 kB
AnonPages:        389312 kB
Mapped:           389592 kB
Shmem:               984 kB
Slab:              43980 kB
SReclaimable:      14056 kB
SUnreclaim:        29924 kB
KernelStack:       10912 kB
PageTables:        27396 kB
NFS_Unstable:          0 kB
Bounce:                0 kB
WritebackTmp:          0 kB
CommitLimit:      710780 kB
Committed_AS:   36909916 kB
VmallocTotal:     460800 kB
VmallocUsed:       19144 kB
VmallocChunk:     170012 kB
Time pass: 257 sec

---2015-12-18 17:09:26
MemTotal:        1421560 kB
MemFree:           40188 kB
Buffers:           10320 kB
Cached:           673488 kB
SwapCached:            0 kB
Active:           717792 kB
Inactive:         353332 kB
Active(anon):     389996 kB
Inactive(anon):      900 kB
Active(file):     327796 kB
Inactive(file):   352432 kB
Unevictable:        2588 kB
Mlocked:               0 kB
HighTotal:        885760 kB
HighFree:           4540 kB
LowTotal:         535800 kB
LowFree:           35648 kB
SwapTotal:             0 kB
SwapFree:              0 kB
Dirty:                 4 kB
Writeback:             0 kB
AnonPages:        389940 kB
Mapped:           389600 kB
Shmem:               992 kB
Slab:              44032 kB
SReclaimable:      14056 kB
SUnreclaim:        29976 kB
KernelStack:       10912 kB
PageTables:        27396 kB
NFS_Unstable:          0 kB
Bounce:                0 kB
WritebackTmp:          0 kB
CommitLimit:      710780 kB
Committed_AS:   36909852 kB
VmallocTotal:     460800 kB
VmallocUsed:       19144 kB
VmallocChunk:     170012 kB
Time pass: 262 sec

---2015-12-18 17:09:26
MemTotal:        1421560 kB
MemFree:           40492 kB
Buffers:           10328 kB
Cached:           673480 kB
SwapCached:            0 kB
Active:           718076 kB
Inactive:         353332 kB
Active(anon):     390280 kB
Inactive(anon):      900 kB
Active(file):     327796 kB
Inactive(file):   352432 kB
Unevictable:        2588 kB
Mlocked:               0 kB
HighTotal:        885760 kB
HighFree:           4444 kB
LowTotal:         535800 kB
LowFree:           36048 kB
SwapTotal:             0 kB
SwapFree:              0 kB
Dirty:                 8 kB
Writeback:             0 kB
AnonPages:        390300 kB
Mapped:           389500 kB
Shmem:               992 kB
Slab:              44124 kB
SReclaimable:      14056 kB
SUnreclaim:        30068 kB
KernelStack:       10920 kB
PageTables:        27400 kB
NFS_Unstable:          0 kB
Bounce:                0 kB
WritebackTmp:          0 kB
CommitLimit:      710780 kB
Committed_AS:   36910560 kB
VmallocTotal:     460800 kB
VmallocUsed:       19144 kB
VmallocChunk:     170012 kB
Time pass: 266 sec

---2015-12-18 17:09:26
MemTotal:        1421560 kB
MemFree:           41036 kB
Buffers:           10328 kB
Cached:           673488 kB
SwapCached:            0 kB
Active:           718264 kB
Inactive:         353340 kB
Active(anon):     390468 kB
Inactive(anon):      900 kB
Active(file):     327796 kB
Inactive(file):   352440 kB
Unevictable:        2588 kB
Mlocked:               0 kB
HighTotal:        885760 kB
HighFree:           4560 kB
LowTotal:         535800 kB
LowFree:           36476 kB
SwapTotal:             0 kB
SwapFree:              0 kB
Dirty:                 0 kB
Writeback:             0 kB
AnonPages:        390460 kB
Mapped:           389596 kB
Shmem:               992 kB
Slab:              44092 kB
SReclaimable:      14056 kB
SUnreclaim:        30036 kB
KernelStack:       10904 kB
PageTables:        27384 kB
NFS_Unstable:          0 kB
Bounce:                0 kB
WritebackTmp:          0 kB
CommitLimit:      710780 kB
Committed_AS:   36910736 kB
VmallocTotal:     460800 kB
VmallocUsed:       19144 kB
VmallocChunk:     170012 kB
Time pass: 270 sec

---2015-12-18 17:09:26
MemTotal:        1421560 kB
MemFree:           39652 kB
Buffers:           10352 kB
Cached:           673608 kB
SwapCached:            0 kB
Active:           719552 kB
Inactive:         353484 kB
Active(anon):     391756 kB
Inactive(anon):      900 kB
Active(file):     327796 kB
Inactive(file):   352584 kB
Unevictable:        2588 kB
Mlocked:               0 kB
HighTotal:        885760 kB
HighFree:           4440 kB
LowTotal:         535800 kB
LowFree:           35212 kB
SwapTotal:             0 kB
SwapFree:              0 kB
Dirty:                56 kB
Writeback:             0 kB
AnonPages:        391716 kB
Mapped:           389716 kB
Shmem:               992 kB
Slab:              44096 kB
SReclaimable:      14056 kB
SUnreclaim:        30040 kB
KernelStack:       10928 kB
PageTables:        27420 kB
NFS_Unstable:          0 kB
Bounce:                0 kB
WritebackTmp:          0 kB
CommitLimit:      710780 kB
Committed_AS:   36910668 kB
VmallocTotal:     460800 kB
VmallocUsed:       19144 kB
VmallocChunk:     170012 kB
Time pass: 273 sec

---2015-12-18 17:09:26
MemTotal:        1421560 kB
MemFree:           38864 kB
Buffers:           10352 kB
Cached:           673608 kB
SwapCached:            0 kB
Active:           719588 kB
Inactive:         353484 kB
Active(anon):     391792 kB
Inactive(anon):      900 kB
Active(file):     327796 kB
Inactive(file):   352584 kB
Unevictable:        2588 kB
Mlocked:               0 kB
HighTotal:        885760 kB
HighFree:           4456 kB
LowTotal:         535800 kB
LowFree:           34408 kB
SwapTotal:             0 kB
SwapFree:              0 kB
Dirty:                 0 kB
Writeback:             0 kB
AnonPages:        391888 kB
Mapped:           389732 kB
Shmem:               992 kB
Slab:              44000 kB
SReclaimable:      14056 kB
SUnreclaim:        29944 kB
KernelStack:       10920 kB
PageTables:        27400 kB
NFS_Unstable:          0 kB
Bounce:                0 kB
WritebackTmp:          0 kB
CommitLimit:      710780 kB
Committed_AS:   36910756 kB
VmallocTotal:     460800 kB
VmallocUsed:       19144 kB
VmallocChunk:     170012 kB
Time pass: 277 sec

---2015-12-18 17:09:26
MemTotal:        1421560 kB
MemFree:           38628 kB
Buffers:           10360 kB
Cached:           673608 kB
SwapCached:            0 kB
Active:           719636 kB
Inactive:         353492 kB
Active(anon):     391840 kB
Inactive(anon):      900 kB
Active(file):     327796 kB
Inactive(file):   352592 kB
Unevictable:        2588 kB
Mlocked:               0 kB
HighTotal:        885760 kB
HighFree:           4392 kB
LowTotal:         535800 kB
LowFree:           34236 kB
SwapTotal:             0 kB
SwapFree:              0 kB
Dirty:                28 kB
Writeback:             0 kB
AnonPages:        391828 kB
Mapped:           389584 kB
Shmem:               992 kB
Slab:              44096 kB
SReclaimable:      14056 kB
SUnreclaim:        30040 kB
KernelStack:       10920 kB
PageTables:        27400 kB
NFS_Unstable:          0 kB
Bounce:                0 kB
WritebackTmp:          0 kB
CommitLimit:      710780 kB
Committed_AS:   36910932 kB
VmallocTotal:     460800 kB
VmallocUsed:       19144 kB
VmallocChunk:     170012 kB
Time pass: 280 sec

---2015-12-18 17:09:26
MemTotal:        1421560 kB
MemFree:           38696 kB
Buffers:           10376 kB
Cached:           673596 kB
SwapCached:            0 kB
Active:           719864 kB
Inactive:         353492 kB
Active(anon):     392064 kB
Inactive(anon):      900 kB
Active(file):     327800 kB
Inactive(file):   352592 kB
Unevictable:        2588 kB
Mlocked:               0 kB
HighTotal:        885760 kB
HighFree:           4452 kB
LowTotal:         535800 kB
LowFree:           34244 kB
SwapTotal:             0 kB
SwapFree:              0 kB
Dirty:                 4 kB
Writeback:             0 kB
AnonPages:        392188 kB
Mapped:           389732 kB
Shmem:               992 kB
Slab:              44064 kB
SReclaimable:      14056 kB
SUnreclaim:        30008 kB
KernelStack:       10920 kB
PageTables:        27400 kB
NFS_Unstable:          0 kB
Bounce:                0 kB
WritebackTmp:          0 kB
CommitLimit:      710780 kB
Committed_AS:   36911024 kB
VmallocTotal:     460800 kB
VmallocUsed:       19144 kB
VmallocChunk:     170012 kB
Time pass: 284 sec

---2015-12-18 17:09:26
MemTotal:        1421560 kB
MemFree:           38864 kB
Buffers:           10384 kB
Cached:           673612 kB
SwapCached:            0 kB
Active:           720056 kB
Inactive:         353516 kB
Active(anon):     392256 kB
Inactive(anon):      900 kB
Active(file):     327800 kB
Inactive(file):   352616 kB
Unevictable:        2588 kB
Mlocked:               0 kB
HighTotal:        885760 kB
HighFree:           4664 kB
LowTotal:         535800 kB
LowFree:           34200 kB
SwapTotal:             0 kB
SwapFree:              0 kB
Dirty:                68 kB
Writeback:             0 kB
AnonPages:        392224 kB
Mapped:           389584 kB
Shmem:               992 kB
Slab:              44128 kB
SReclaimable:      14056 kB
SUnreclaim:        30072 kB
KernelStack:       10928 kB
PageTables:        27404 kB
NFS_Unstable:          0 kB
Bounce:                0 kB
WritebackTmp:          0 kB
CommitLimit:      710780 kB
Committed_AS:   36911596 kB
VmallocTotal:     460800 kB
VmallocUsed:       19144 kB
VmallocChunk:     170012 kB
Time pass: 288 sec

---2015-12-18 17:09:26
MemTotal:        1421560 kB
MemFree:           38260 kB
Buffers:           10384 kB
Cached:           673612 kB
SwapCached:            0 kB
Active:           720700 kB
Inactive:         353516 kB
Active(anon):     392900 kB
Inactive(anon):      900 kB
Active(file):     327800 kB
Inactive(file):   352616 kB
Unevictable:        2588 kB
Mlocked:               0 kB
HighTotal:        885760 kB
HighFree:           4420 kB
LowTotal:         535800 kB
LowFree:           33840 kB
SwapTotal:             0 kB
SwapFree:              0 kB
Dirty:                 0 kB
Writeback:             0 kB
AnonPages:        392964 kB
Mapped:           389584 kB
Shmem:               992 kB
Slab:              44148 kB
SReclaimable:      14056 kB
SUnreclaim:        30092 kB
KernelStack:       10928 kB
PageTables:        27404 kB
NFS_Unstable:          0 kB
Bounce:                0 kB
WritebackTmp:          0 kB
CommitLimit:      710780 kB
Committed_AS:   36911824 kB
VmallocTotal:     460800 kB
VmallocUsed:       19144 kB
VmallocChunk:     170012 kB
Time pass: 292 sec

---2015-12-18 17:09:26
MemTotal:        1421560 kB
MemFree:           37508 kB
Buffers:           10400 kB
Cached:           673604 kB
SwapCached:            0 kB
Active:           721116 kB
Inactive:         353524 kB
Active(anon):     393316 kB
Inactive(anon):      900 kB
Active(file):     327800 kB
Inactive(file):   352624 kB
Unevictable:        2588 kB
Mlocked:               0 kB
HighTotal:        885760 kB
HighFree:           4404 kB
LowTotal:         535800 kB
LowFree:           33104 kB
SwapTotal:             0 kB
SwapFree:              0 kB
Dirty:                28 kB
Writeback:             0 kB
AnonPages:        393476 kB
Mapped:           389732 kB
Shmem:               992 kB
Slab:              44080 kB
SReclaimable:      14056 kB
SUnreclaim:        30024 kB
KernelStack:       10928 kB
PageTables:        27408 kB
NFS_Unstable:          0 kB
Bounce:                0 kB
WritebackTmp:          0 kB
CommitLimit:      710780 kB
Committed_AS:   36911952 kB
VmallocTotal:     460800 kB
VmallocUsed:       19144 kB
VmallocChunk:     170012 kB
Time pass: 296 sec

---2015-12-18 17:09:26
MemTotal:        1421560 kB
MemFree:           37248 kB
Buffers:           10408 kB
Cached:           673612 kB
SwapCached:            0 kB
Active:           721648 kB
Inactive:         353540 kB
Active(anon):     393848 kB
Inactive(anon):      900 kB
Active(file):     327800 kB
Inactive(file):   352640 kB
Unevictable:        2588 kB
Mlocked:               0 kB
HighTotal:        885760 kB
HighFree:           4452 kB
LowTotal:         535800 kB
LowFree:           32796 kB
SwapTotal:             0 kB
SwapFree:              0 kB
Dirty:                 0 kB
Writeback:             0 kB
AnonPages:        393980 kB
Mapped:           389732 kB
Shmem:               992 kB
Slab:              44020 kB
SReclaimable:      14056 kB
SUnreclaim:        29964 kB
KernelStack:       10928 kB
PageTables:        27408 kB
NFS_Unstable:          0 kB
Bounce:                0 kB
WritebackTmp:          0 kB
CommitLimit:      710780 kB
Committed_AS:   36912164 kB
VmallocTotal:     460800 kB
VmallocUsed:       19144 kB
VmallocChunk:     170012 kB
Time pass: 300 sec

---2015-12-18 17:09:26
MemTotal:        1421560 kB
MemFree:           37168 kB
Buffers:           10416 kB
Cached:           673612 kB
SwapCached:            0 kB
Active:           721648 kB
Inactive:         353548 kB
Active(anon):     393848 kB
Inactive(anon):      900 kB
Active(file):     327800 kB
Inactive(file):   352648 kB
Unevictable:        2588 kB
Mlocked:               0 kB
HighTotal:        885760 kB
HighFree:           4452 kB
LowTotal:         535800 kB
LowFree:           32716 kB
SwapTotal:             0 kB
SwapFree:              0 kB
Dirty:                40 kB
Writeback:             0 kB
AnonPages:        394072 kB
Mapped:           389732 kB
Shmem:               992 kB
Slab:              44300 kB
SReclaimable:      14056 kB
SUnreclaim:        30244 kB
KernelStack:       10928 kB
PageTables:        27408 kB
NFS_Unstable:          0 kB
Bounce:                0 kB
WritebackTmp:          0 kB
CommitLimit:      710780 kB
Committed_AS:   36912244 kB
VmallocTotal:     460800 kB
VmallocUsed:       19144 kB
VmallocChunk:     170012 kB
Time pass: 304 sec

---2015-12-18 17:09:26
MemTotal:        1421560 kB
MemFree:           36620 kB
Buffers:           10424 kB
Cached:           673640 kB
SwapCached:            0 kB
Active:           721760 kB
Inactive:         353584 kB
Active(anon):     393960 kB
Inactive(anon):      936 kB
Active(file):     327800 kB
Inactive(file):   352648 kB
Unevictable:        2588 kB
Mlocked:               0 kB
HighTotal:        885760 kB
HighFree:           4452 kB
LowTotal:         535800 kB
LowFree:           32168 kB
SwapTotal:             0 kB
SwapFree:              0 kB
Dirty:                40 kB
Writeback:             0 kB
AnonPages:        394024 kB
Mapped:           389772 kB
Shmem:              1028 kB
Slab:              44012 kB
SReclaimable:      14056 kB
SUnreclaim:        29956 kB
KernelStack:       10928 kB
PageTables:        27408 kB
NFS_Unstable:          0 kB
Bounce:                0 kB
WritebackTmp:          0 kB
CommitLimit:      710780 kB
Committed_AS:   36912328 kB
VmallocTotal:     460800 kB
VmallocUsed:       19144 kB
VmallocChunk:     170012 kB
Time pass: 309 sec

---2015-12-18 17:09:26
MemTotal:        1421560 kB
MemFree:           36436 kB
Buffers:           10440 kB
Cached:           673648 kB
SwapCached:            0 kB
Active:           722472 kB
Inactive:         353608 kB
Active(anon):     394672 kB
Inactive(anon):      936 kB
Active(file):     327800 kB
Inactive(file):   352672 kB
Unevictable:        2588 kB
Mlocked:               0 kB
HighTotal:        885760 kB
HighFree:           4504 kB
LowTotal:         535800 kB
LowFree:           31932 kB
SwapTotal:             0 kB
SwapFree:              0 kB
Dirty:                44 kB
Writeback:             0 kB
AnonPages:        394676 kB
Mapped:           389736 kB
Shmem:              1028 kB
Slab:              44176 kB
SReclaimable:      14056 kB
SUnreclaim:        30120 kB
KernelStack:       10912 kB
PageTables:        27392 kB
NFS_Unstable:          0 kB
Bounce:                0 kB
WritebackTmp:          0 kB
CommitLimit:      710780 kB
Committed_AS:   36912516 kB
VmallocTotal:     460800 kB
VmallocUsed:       19144 kB
VmallocChunk:     170012 kB
Time pass: 313 sec

---2015-12-18 17:09:26
MemTotal:        1421560 kB
MemFree:           38504 kB
Buffers:           10448 kB
Cached:           673756 kB
SwapCached:            0 kB
Active:           719468 kB
Inactive:         353724 kB
Active(anon):     391668 kB
Inactive(anon):      936 kB
Active(file):     327800 kB
Inactive(file):   352788 kB
Unevictable:        2588 kB
Mlocked:               0 kB
HighTotal:        885760 kB
HighFree:           4336 kB
LowTotal:         535800 kB
LowFree:           34168 kB
SwapTotal:             0 kB
SwapFree:              0 kB
Dirty:                40 kB
Writeback:             0 kB
AnonPages:        391656 kB
Mapped:           389772 kB
Shmem:              1028 kB
Slab:              44100 kB
SReclaimable:      14056 kB
SUnreclaim:        30044 kB
KernelStack:       10928 kB
PageTables:        27388 kB
NFS_Unstable:          0 kB
Bounce:                0 kB
WritebackTmp:          0 kB
CommitLimit:      710780 kB
Committed_AS:   36910628 kB
VmallocTotal:     460800 kB
VmallocUsed:       19144 kB
VmallocChunk:     170012 kB
Time pass: 317 sec

---2015-12-18 17:09:26
MemTotal:        1421560 kB
MemFree:           37956 kB
Buffers:           10448 kB
Cached:           673756 kB
SwapCached:            0 kB
Active:           719572 kB
Inactive:         353724 kB
Active(anon):     391772 kB
Inactive(anon):      936 kB
Active(file):     327800 kB
Inactive(file):   352788 kB
Unevictable:        2588 kB
Mlocked:               0 kB
HighTotal:        885760 kB
HighFree:           4344 kB
LowTotal:         535800 kB
LowFree:           33612 kB
SwapTotal:             0 kB
SwapFree:              0 kB
Dirty:                 0 kB
Writeback:             0 kB
AnonPages:        391768 kB
Mapped:           389828 kB
Shmem:              1028 kB
Slab:              44068 kB
SReclaimable:      14056 kB
SUnreclaim:        30012 kB
KernelStack:       10928 kB
PageTables:        27404 kB
NFS_Unstable:          0 kB
Bounce:                0 kB
WritebackTmp:          0 kB
CommitLimit:      710780 kB
Committed_AS:   36910792 kB
VmallocTotal:     460800 kB
VmallocUsed:       19144 kB
VmallocChunk:     170012 kB
Time pass: 321 sec

---2015-12-18 17:09:26
MemTotal:        1421560 kB
MemFree:           37872 kB
Buffers:           10472 kB
Cached:           673724 kB
SwapCached:            0 kB
Active:           719972 kB
Inactive:         353732 kB
Active(anon):     392188 kB
Inactive(anon):      936 kB
Active(file):     327784 kB
Inactive(file):   352796 kB
Unevictable:        2588 kB
Mlocked:               0 kB
HighTotal:        885760 kB
HighFree:           4344 kB
LowTotal:         535800 kB
LowFree:           33528 kB
SwapTotal:             0 kB
SwapFree:              0 kB
Dirty:                52 kB
Writeback:            12 kB
AnonPages:        392120 kB
Mapped:           389852 kB
Shmem:              1028 kB
Slab:              44072 kB
SReclaimable:      14056 kB
SUnreclaim:        30016 kB
KernelStack:       10944 kB
PageTables:        27412 kB
NFS_Unstable:          0 kB
Bounce:                0 kB
WritebackTmp:          0 kB
CommitLimit:      710780 kB
Committed_AS:   36910876 kB
VmallocTotal:     460800 kB
VmallocUsed:       19144 kB
VmallocChunk:     170012 kB
Time pass: 324 sec

---2015-12-18 17:09:26
MemTotal:        1421560 kB
MemFree:           38444 kB
Buffers:           10472 kB
Cached:           673756 kB
SwapCached:            0 kB
Active:           719804 kB
Inactive:         353748 kB
Active(anon):     392004 kB
Inactive(anon):      936 kB
Active(file):     327800 kB
Inactive(file):   352812 kB
Unevictable:        2588 kB
Mlocked:               0 kB
HighTotal:        885760 kB
HighFree:           4944 kB
LowTotal:         535800 kB
LowFree:           33500 kB
SwapTotal:             0 kB
SwapFree:              0 kB
Dirty:                52 kB
Writeback:             0 kB
AnonPages:        392076 kB
Mapped:           389844 kB
Shmem:              1028 kB
Slab:              44104 kB
SReclaimable:      14056 kB
SUnreclaim:        30048 kB
KernelStack:       10928 kB
PageTables:        27404 kB
NFS_Unstable:          0 kB
Bounce:                0 kB
WritebackTmp:          0 kB
CommitLimit:      710780 kB
Committed_AS:   36910948 kB
VmallocTotal:     460800 kB
VmallocUsed:       19144 kB
VmallocChunk:     170012 kB
Time pass: 328 sec

---2015-12-18 17:09:26
MemTotal:        1421560 kB
MemFree:           38032 kB
Buffers:           10480 kB
Cached:           673840 kB
SwapCached:            0 kB
Active:           719344 kB
Inactive:         353840 kB
Active(anon):     391544 kB
Inactive(anon):      936 kB
Active(file):     327800 kB
Inactive(file):   352904 kB
Unevictable:        2588 kB
Mlocked:               0 kB
HighTotal:        885760 kB
HighFree:           4392 kB
LowTotal:         535800 kB
LowFree:           33640 kB
SwapTotal:             0 kB
SwapFree:              0 kB
Dirty:                40 kB
Writeback:             0 kB
AnonPages:        391496 kB
Mapped:           389856 kB
Shmem:              1028 kB
Slab:              44212 kB
SReclaimable:      14056 kB
SUnreclaim:        30156 kB
KernelStack:       10928 kB
PageTables:        27404 kB
NFS_Unstable:          0 kB
Bounce:                0 kB
WritebackTmp:          0 kB
CommitLimit:      710780 kB
Committed_AS:   36911736 kB
VmallocTotal:     460800 kB
VmallocUsed:       19144 kB
VmallocChunk:     170012 kB
Time pass: 332 sec

---2015-12-18 17:09:26
MemTotal:        1421560 kB
MemFree:           38692 kB
Buffers:           10480 kB
Cached:           673840 kB
SwapCached:            0 kB
Active:           718848 kB
Inactive:         353840 kB
Active(anon):     391048 kB
Inactive(anon):      936 kB
Active(file):     327800 kB
Inactive(file):   352904 kB
Unevictable:        2588 kB
Mlocked:               0 kB
HighTotal:        885760 kB
HighFree:           4400 kB
LowTotal:         535800 kB
LowFree:           34292 kB
SwapTotal:             0 kB
SwapFree:              0 kB
Dirty:                 0 kB
Writeback:             0 kB
AnonPages:        391024 kB
Mapped:           389856 kB
Shmem:              1028 kB
Slab:              44152 kB
SReclaimable:      14056 kB
SUnreclaim:        30096 kB
KernelStack:       10928 kB
PageTables:        27404 kB
NFS_Unstable:          0 kB
Bounce:                0 kB
WritebackTmp:          0 kB
CommitLimit:      710780 kB
Committed_AS:   36910608 kB
VmallocTotal:     460800 kB
VmallocUsed:       19144 kB
VmallocChunk:     170012 kB
Time pass: 336 sec

---2015-12-18 17:09:26
MemTotal:        1421560 kB
MemFree:           38120 kB
Buffers:           10496 kB
Cached:           673840 kB
SwapCached:            0 kB
Active:           719704 kB
Inactive:         353856 kB
Active(anon):     391904 kB
Inactive(anon):      936 kB
Active(file):     327800 kB
Inactive(file):   352920 kB
Unevictable:        2588 kB
Mlocked:               0 kB
HighTotal:        885760 kB
HighFree:           4400 kB
LowTotal:         535800 kB
LowFree:           33720 kB
SwapTotal:             0 kB
SwapFree:              0 kB
Dirty:                40 kB
Writeback:             0 kB
AnonPages:        391936 kB
Mapped:           389804 kB
Shmem:              1028 kB
Slab:              44144 kB
SReclaimable:      14056 kB
SUnreclaim:        30088 kB
KernelStack:       10928 kB
PageTables:        27388 kB
NFS_Unstable:          0 kB
Bounce:                0 kB
WritebackTmp:          0 kB
CommitLimit:      710780 kB
Committed_AS:   36911312 kB
VmallocTotal:     460800 kB
VmallocUsed:       19144 kB
VmallocChunk:     170012 kB
Time pass: 339 sec

---2015-12-18 17:09:26
MemTotal:        1421560 kB
MemFree:           39252 kB
Buffers:           10504 kB
Cached:           673840 kB
SwapCached:            0 kB
Active:           719560 kB
Inactive:         353864 kB
Active(anon):     391760 kB
Inactive(anon):      936 kB
Active(file):     327800 kB
Inactive(file):   352928 kB
Unevictable:        2588 kB
Mlocked:               0 kB
HighTotal:        885760 kB
HighFree:           4900 kB
LowTotal:         535800 kB
LowFree:           34352 kB
SwapTotal:             0 kB
SwapFree:              0 kB
Dirty:                32 kB
Writeback:             0 kB
AnonPages:        391744 kB
Mapped:           389708 kB
Shmem:              1028 kB
Slab:              44268 kB
SReclaimable:      14056 kB
SUnreclaim:        30212 kB
KernelStack:       10928 kB
PageTables:        27404 kB
NFS_Unstable:          0 kB
Bounce:                0 kB
WritebackTmp:          0 kB
CommitLimit:      710780 kB
Committed_AS:   36911484 kB
VmallocTotal:     460800 kB
VmallocUsed:       19144 kB
VmallocChunk:     170012 kB
Time pass: 344 sec

---2015-12-18 17:09:26
MemTotal:        1421560 kB
MemFree:           38680 kB
Buffers:           10528 kB
Cached:           673816 kB
SwapCached:            0 kB
Active:           719988 kB
Inactive:         353864 kB
Active(anon):     392188 kB
Inactive(anon):      936 kB
Active(file):     327800 kB
Inactive(file):   352928 kB
Unevictable:        2588 kB
Mlocked:               0 kB
HighTotal:        885760 kB
HighFree:           4524 kB
LowTotal:         535800 kB
LowFree:           34156 kB
SwapTotal:             0 kB
SwapFree:              0 kB
Dirty:                 0 kB
Writeback:             0 kB
AnonPages:        392164 kB
Mapped:           389708 kB
Shmem:              1028 kB
Slab:              44168 kB
SReclaimable:      14056 kB
SUnreclaim:        30112 kB
KernelStack:       10928 kB
PageTables:        27396 kB
NFS_Unstable:          0 kB
Bounce:                0 kB
WritebackTmp:          0 kB
CommitLimit:      710780 kB
Committed_AS:   36911564 kB
VmallocTotal:     460800 kB
VmallocUsed:       19144 kB
VmallocChunk:     170012 kB
Time pass: 348 sec

---2015-12-18 17:09:26
MemTotal:        1421560 kB
MemFree:           38496 kB
Buffers:           10528 kB
Cached:           673844 kB
SwapCached:            0 kB
Active:           720376 kB
Inactive:         353892 kB
Active(anon):     392576 kB
Inactive(anon):      936 kB
Active(file):     327800 kB
Inactive(file):   352956 kB
Unevictable:        2588 kB
Mlocked:               0 kB
HighTotal:        885760 kB
HighFree:           4448 kB
LowTotal:         535800 kB
LowFree:           34048 kB
SwapTotal:             0 kB
SwapFree:              0 kB
Dirty:                48 kB
Writeback:             0 kB
AnonPages:        392568 kB
Mapped:           389856 kB
