---2015-12-10 12:23:27
MemTotal:        2582696 kB
MemFree:          120892 kB
Buffers:           17788 kB
Cached:          1293628 kB
SwapCached:            0 kB
Active:          1073780 kB
Inactive:         972424 kB
Active(anon):     588056 kB
Inactive(anon):   151700 kB
Active(file):     485724 kB
Inactive(file):   820724 kB
Unevictable:        2988 kB
Mlocked:               0 kB
SwapTotal:        524284 kB
SwapFree:         524284 kB
Dirty:               136 kB
Writeback:            36 kB
AnonPages:        737844 kB
Mapped:           413088 kB
Shmem:              1884 kB
Slab:             101564 kB
SReclaimable:      31816 kB
SUnreclaim:        69748 kB
KernelStack:       37376 kB
PageTables:        39220 kB
NFS_Unstable:          0 kB
Bounce:                0 kB
WritebackTmp:          0 kB
CommitLimit:     1815632 kB
Committed_AS:   114168516 kB
VmallocTotal:   251658176 kB
VmallocUsed:      118912 kB
VmallocChunk:   251372964 kB
Time pass: 3 sec

---2015-12-10 12:23:27
MemTotal:        2582696 kB
MemFree:          120720 kB
Buffers:           17788 kB
Cached:          1293692 kB
SwapCached:            0 kB
Active:          1073876 kB
Inactive:         972572 kB
Active(anon):     588148 kB
Inactive(anon):   151684 kB
Active(file):     485728 kB
Inactive(file):   820888 kB
Unevictable:        2988 kB
Mlocked:               0 kB
SwapTotal:        524284 kB
SwapFree:         524284 kB
Dirty:               176 kB
Writeback:             0 kB
AnonPages:        738092 kB
Mapped:           413144 kB
Shmem:              1876 kB
Slab:             101412 kB
SReclaimable:      31820 kB
SUnreclaim:        69592 kB
KernelStack:       37328 kB
PageTables:        39216 kB
NFS_Unstable:          0 kB
Bounce:                0 kB
WritebackTmp:          0 kB
CommitLimit:     1815632 kB
Committed_AS:   114168516 kB
VmallocTotal:   251658176 kB
VmallocUsed:      118912 kB
VmallocChunk:   251372964 kB
Time pass: 7 sec

---2015-12-10 12:23:27
MemTotal:        2582696 kB
MemFree:          120664 kB
Buffers:           17788 kB
Cached:          1293692 kB
SwapCached:            0 kB
Active:          1074292 kB
Inactive:         972572 kB
Active(anon):     588564 kB
Inactive(anon):   151684 kB
Active(file):     485728 kB
Inactive(file):   820888 kB
Unevictable:        2988 kB
Mlocked:               0 kB
SwapTotal:        524284 kB
SwapFree:         524284 kB
Dirty:               188 kB
Writeback:             0 kB
AnonPages:        738412 kB
Mapped:           413228 kB
Shmem:              1876 kB
Slab:             101412 kB
SReclaimable:      31820 kB
SUnreclaim:        69592 kB
KernelStack:       37328 kB
PageTables:        39248 kB
NFS_Unstable:          0 kB
Bounce:                0 kB
WritebackTmp:          0 kB
CommitLimit:     1815632 kB
Committed_AS:   114168516 kB
VmallocTotal:   251658176 kB
VmallocUsed:      118912 kB
VmallocChunk:   251372964 kB
Time pass: 11 sec

---2015-12-10 12:23:27
MemTotal:        2582696 kB
MemFree:          120512 kB
Buffers:           17788 kB
Cached:          1293692 kB
SwapCached:            0 kB
Active:          1074796 kB
Inactive:         972572 kB
Active(anon):     589068 kB
Inactive(anon):   151684 kB
Active(file):     485728 kB
Inactive(file):   820888 kB
Unevictable:        2988 kB
Mlocked:               0 kB
SwapTotal:        524284 kB
SwapFree:         524284 kB
Dirty:               188 kB
Writeback:             0 kB
AnonPages:        738808 kB
Mapped:           413144 kB
Shmem:              1876 kB
Slab:             101432 kB
SReclaimable:      31836 kB
SUnreclaim:        69596 kB
KernelStack:       37296 kB
PageTables:        39216 kB
NFS_Unstable:          0 kB
Bounce:                0 kB
WritebackTmp:          0 kB
CommitLimit:     1815632 kB
Committed_AS:   114168524 kB
VmallocTotal:   251658176 kB
VmallocUsed:      118912 kB
VmallocChunk:   251372964 kB
Time pass: 15 sec

---2015-12-10 12:23:27
MemTotal:        2582696 kB
MemFree:          118292 kB
Buffers:           17788 kB
Cached:          1291844 kB
SwapCached:            0 kB
Active:          1080100 kB
Inactive:         970648 kB
Active(anon):     594372 kB
Inactive(anon):   151684 kB
Active(file):     485728 kB
Inactive(file):   818964 kB
Unevictable:        2988 kB
Mlocked:               0 kB
SwapTotal:        524284 kB
SwapFree:         524284 kB
Dirty:               192 kB
Writeback:             0 kB
AnonPages:        744304 kB
Mapped:           413192 kB
Shmem:              1876 kB
Slab:             101424 kB
SReclaimable:      31836 kB
SUnreclaim:        69588 kB
KernelStack:       37328 kB
PageTables:        39220 kB
NFS_Unstable:          0 kB
Bounce:                0 kB
WritebackTmp:          0 kB
CommitLimit:     1815632 kB
Committed_AS:   114180572 kB
VmallocTotal:   251658176 kB
VmallocUsed:      118912 kB
VmallocChunk:   251372964 kB
Time pass: 19 sec

---2015-12-10 12:23:27
MemTotal:        2582696 kB
MemFree:          106712 kB
Buffers:           13244 kB
Cached:          1108852 kB
SwapCached:            0 kB
Active:          1113128 kB
Inactive:         792580 kB
Active(anon):     631252 kB
Inactive(anon):   157988 kB
Active(file):     481876 kB
Inactive(file):   634592 kB
Unevictable:        2988 kB
Mlocked:               0 kB
SwapTotal:        524284 kB
SwapFree:         524284 kB
Dirty:               356 kB
Writeback:           880 kB
AnonPages:        786832 kB
Mapped:           447068 kB
Shmem:              2552 kB
Slab:             101640 kB
SReclaimable:      31620 kB
SUnreclaim:        70020 kB
KernelStack:       38640 kB
PageTables:        40420 kB
NFS_Unstable:          0 kB
Bounce:                0 kB
WritebackTmp:          0 kB
CommitLimit:     1815632 kB
Committed_AS:   115491572 kB
VmallocTotal:   251658176 kB
VmallocUsed:      128884 kB
VmallocChunk:   251372964 kB
Time pass: 22 sec

---2015-12-10 12:23:27
MemTotal:        2582696 kB
MemFree:          128640 kB
Buffers:           13244 kB
Cached:          1093980 kB
SwapCached:            0 kB
Active:          1093736 kB
Inactive:         778960 kB
Active(anon):     611744 kB
Inactive(anon):   158648 kB
Active(file):     481992 kB
Inactive(file):   620312 kB
Unevictable:        2988 kB
Mlocked:               0 kB
SwapTotal:        524284 kB
SwapFree:         524284 kB
Dirty:              1220 kB
Writeback:             0 kB
AnonPages:        768544 kB
Mapped:           439296 kB
Shmem:              2008 kB
Slab:             101876 kB
SReclaimable:      31720 kB
SUnreclaim:        70156 kB
KernelStack:       38640 kB
PageTables:        40268 kB
NFS_Unstable:          0 kB
Bounce:                0 kB
WritebackTmp:          0 kB
CommitLimit:     1815632 kB
Committed_AS:   115503916 kB
VmallocTotal:   251658176 kB
VmallocUsed:      120952 kB
VmallocChunk:   251372964 kB
Time pass: 27 sec

---2015-12-10 12:23:27
MemTotal:        2582696 kB
MemFree:          127796 kB
Buffers:           13244 kB
Cached:          1094204 kB
SwapCached:            0 kB
Active:          1093836 kB
Inactive:         779012 kB
Active(anon):     611776 kB
Inactive(anon):   158648 kB
Active(file):     482060 kB
Inactive(file):   620364 kB
Unevictable:        2988 kB
Mlocked:               0 kB
SwapTotal:        524284 kB
SwapFree:         524284 kB
Dirty:               320 kB
Writeback:            32 kB
AnonPages:        768416 kB
Mapped:           439284 kB
Shmem:              2008 kB
Slab:             101940 kB
SReclaimable:      31740 kB
SUnreclaim:        70200 kB
KernelStack:       38640 kB
PageTables:        40304 kB
NFS_Unstable:          0 kB
Bounce:                0 kB
WritebackTmp:          0 kB
CommitLimit:     1815632 kB
Committed_AS:   115503916 kB
VmallocTotal:   251658176 kB
VmallocUsed:      120952 kB
VmallocChunk:   251372964 kB
Time pass: 31 sec

---2015-12-10 12:23:27
MemTotal:        2582696 kB
MemFree:          127124 kB
Buffers:           13244 kB
Cached:          1094216 kB
SwapCached:            0 kB
Active:          1094184 kB
Inactive:         779036 kB
Active(anon):     612120 kB
Inactive(anon):   158648 kB
Active(file):     482064 kB
Inactive(file):   620388 kB
Unevictable:        2988 kB
Mlocked:               0 kB
SwapTotal:        524284 kB
SwapFree:         524284 kB
Dirty:               352 kB
Writeback:             0 kB
AnonPages:        768812 kB
Mapped:           439512 kB
Shmem:              2008 kB
Slab:             102076 kB
SReclaimable:      31868 kB
SUnreclaim:        70208 kB
KernelStack:       38640 kB
PageTables:        40276 kB
NFS_Unstable:          0 kB
Bounce:                0 kB
WritebackTmp:          0 kB
CommitLimit:     1815632 kB
Committed_AS:   115503908 kB
VmallocTotal:   251658176 kB
VmallocUsed:      120952 kB
VmallocChunk:   251372964 kB
Time pass: 34 sec

---2015-12-10 12:23:27
MemTotal:        2582696 kB
MemFree:          107300 kB
Buffers:           12604 kB
Cached:          1019272 kB
SwapCached:            0 kB
Active:          1108048 kB
Inactive:         707608 kB
Active(anon):     630196 kB
Inactive(anon):   158648 kB
Active(file):     477852 kB
Inactive(file):   548960 kB
Unevictable:        2988 kB
Mlocked:               0 kB
SwapTotal:        524284 kB
SwapFree:         524284 kB
Dirty:               368 kB
Writeback:             0 kB
AnonPages:        786840 kB
Mapped:           439824 kB
Shmem:              2008 kB
Slab:             102088 kB
SReclaimable:      31940 kB
SUnreclaim:        70148 kB
KernelStack:       38800 kB
PageTables:        40680 kB
NFS_Unstable:          0 kB
Bounce:                0 kB
WritebackTmp:          0 kB
CommitLimit:     1815632 kB
Committed_AS:   115509084 kB
VmallocTotal:   251658176 kB
VmallocUsed:      121216 kB
VmallocChunk:   251372964 kB
Time pass: 38 sec

---2015-12-10 12:23:27
MemTotal:        2582696 kB
MemFree:          105768 kB
Buffers:           12604 kB
Cached:          1018360 kB
SwapCached:            0 kB
Active:          1109828 kB
Inactive:         706624 kB
Active(anon):     631892 kB
Inactive(anon):   158648 kB
Active(file):     477936 kB
Inactive(file):   547976 kB
Unevictable:        2988 kB
Mlocked:               0 kB
SwapTotal:        524284 kB
SwapFree:         524284 kB
Dirty:               512 kB
Writeback:             0 kB
AnonPages:        788664 kB
Mapped:           439996 kB
Shmem:              2008 kB
Slab:             102368 kB
SReclaimable:      32108 kB
SUnreclaim:        70260 kB
KernelStack:       38784 kB
PageTables:        40676 kB
NFS_Unstable:          0 kB
Bounce:                0 kB
WritebackTmp:          0 kB
CommitLimit:     1815632 kB
Committed_AS:   115509108 kB
VmallocTotal:   251658176 kB
VmallocUsed:      121216 kB
VmallocChunk:   251372964 kB
Time pass: 42 sec

---2015-12-10 12:23:27
MemTotal:        2582696 kB
MemFree:          116356 kB
Buffers:           12604 kB
Cached:          1015152 kB
SwapCached:            0 kB
Active:          1118224 kB
Inactive:         703344 kB
Active(anon):     640188 kB
Inactive(anon):   158652 kB
Active(file):     478036 kB
Inactive(file):   544692 kB
Unevictable:        2988 kB
Mlocked:               0 kB
SwapTotal:        524284 kB
SwapFree:         524284 kB
Dirty:               708 kB
Writeback:             0 kB
AnonPages:        797208 kB
Mapped:           443628 kB
Shmem:              2012 kB
Slab:             102440 kB
SReclaimable:      32112 kB
SUnreclaim:        70328 kB
KernelStack:       38784 kB
PageTables:        40556 kB
NFS_Unstable:          0 kB
Bounce:                0 kB
WritebackTmp:          0 kB
CommitLimit:     1815632 kB
Committed_AS:   115511308 kB
VmallocTotal:   251658176 kB
VmallocUsed:      121084 kB
VmallocChunk:   251372964 kB
Time pass: 45 sec

---2015-12-10 12:23:27
MemTotal:        2582696 kB
MemFree:          109120 kB
Buffers:           11276 kB
Cached:           981252 kB
SwapCached:            0 kB
Active:          1124608 kB
Inactive:         670796 kB
Active(anon):     644504 kB
Inactive(anon):   163388 kB
Active(file):     480104 kB
Inactive(file):   507408 kB
Unevictable:        2988 kB
Mlocked:               0 kB
SwapTotal:        524284 kB
SwapFree:         524284 kB
Dirty:              1188 kB
Writeback:             0 kB
AnonPages:        805936 kB
Mapped:           460144 kB
Shmem:              2012 kB
Slab:             102392 kB
SReclaimable:      32120 kB
SUnreclaim:        70272 kB
KernelStack:       38976 kB
PageTables:        40712 kB
NFS_Unstable:          0 kB
Bounce:                0 kB
WritebackTmp:          0 kB
CommitLimit:     1815632 kB
Committed_AS:   115519620 kB
VmallocTotal:   251658176 kB
VmallocUsed:      121536 kB
VmallocChunk:   251372964 kB
Time pass: 49 sec

---2015-12-10 12:23:27
MemTotal:        2582696 kB
MemFree:          105984 kB
Buffers:           11276 kB
Cached:           982364 kB
SwapCached:            0 kB
Active:          1124936 kB
Inactive:         671760 kB
Active(anon):     644764 kB
Inactive(anon):   163388 kB
Active(file):     480172 kB
Inactive(file):   508372 kB
Unevictable:        2988 kB
Mlocked:               0 kB
SwapTotal:        524284 kB
SwapFree:         524284 kB
Dirty:               556 kB
Writeback:             0 kB
AnonPages:        806356 kB
Mapped:           460732 kB
Shmem:              2012 kB
Slab:             102272 kB
SReclaimable:      32040 kB
SUnreclaim:        70232 kB
KernelStack:       38848 kB
PageTables:        40708 kB
NFS_Unstable:          0 kB
Bounce:                0 kB
WritebackTmp:          0 kB
CommitLimit:     1815632 kB
Committed_AS:   115519652 kB
VmallocTotal:   251658176 kB
VmallocUsed:      121536 kB
VmallocChunk:   251372964 kB
Time pass: 53 sec

---2015-12-10 12:23:27
MemTotal:        2582696 kB
MemFree:          106392 kB
Buffers:           10864 kB
Cached:           979028 kB
SwapCached:            0 kB
Active:          1126292 kB
Inactive:         668092 kB
Active(anon):     646104 kB
Inactive(anon):   163388 kB
Active(file):     480188 kB
Inactive(file):   504704 kB
Unevictable:        2988 kB
Mlocked:               0 kB
SwapTotal:        524284 kB
SwapFree:         524284 kB
Dirty:               612 kB
Writeback:             0 kB
AnonPages:        807624 kB
Mapped:           460916 kB
Shmem:              2012 kB
Slab:             102276 kB
SReclaimable:      32040 kB
SUnreclaim:        70236 kB
KernelStack:       38848 kB
PageTables:        40680 kB
NFS_Unstable:          0 kB
Bounce:                0 kB
WritebackTmp:          0 kB
CommitLimit:     1815632 kB
Committed_AS:   115519692 kB
VmallocTotal:   251658176 kB
VmallocUsed:      121536 kB
VmallocChunk:   251372964 kB
Time pass: 57 sec

---2015-12-10 12:23:27
MemTotal:        2582696 kB
MemFree:          115944 kB
Buffers:           10628 kB
Cached:           955084 kB
SwapCached:            0 kB
Active:          1121944 kB
Inactive:         649628 kB
Active(anon):     646960 kB
Inactive(anon):   163900 kB
Active(file):     474984 kB
Inactive(file):   485728 kB
Unevictable:        2988 kB
Mlocked:               0 kB
SwapTotal:        524284 kB
SwapFree:         524284 kB
Dirty:               776 kB
Writeback:             0 kB
AnonPages:        808808 kB
Mapped:           461868 kB
Shmem:              2012 kB
Slab:             102692 kB
SReclaimable:      32300 kB
SUnreclaim:        70392 kB
KernelStack:       38864 kB
PageTables:        40732 kB
NFS_Unstable:          0 kB
Bounce:                0 kB
WritebackTmp:          0 kB
CommitLimit:     1815632 kB
Committed_AS:   115519796 kB
VmallocTotal:   251658176 kB
VmallocUsed:      121632 kB
VmallocChunk:   251372964 kB
Time pass: 60 sec

---2015-12-10 12:23:27
MemTotal:        2582696 kB
MemFree:          124436 kB
Buffers:           10628 kB
Cached:           955416 kB
SwapCached:            0 kB
Active:          1112824 kB
Inactive:         649900 kB
Active(anon):     637780 kB
Inactive(anon):   163900 kB
Active(file):     475044 kB
Inactive(file):   486000 kB
Unevictable:        2988 kB
Mlocked:               0 kB
SwapTotal:        524284 kB
SwapFree:         524284 kB
Dirty:               592 kB
Writeback:             0 kB
AnonPages:        799600 kB
Mapped:           454544 kB
Shmem:              2012 kB
Slab:             102788 kB
SReclaimable:      32316 kB
SUnreclaim:        70472 kB
KernelStack:       38192 kB
PageTables:        40656 kB
NFS_Unstable:          0 kB
Bounce:                0 kB
WritebackTmp:          0 kB
CommitLimit:     1815632 kB
Committed_AS:   116064196 kB
VmallocTotal:   251658176 kB
VmallocUsed:      121644 kB
VmallocChunk:   251372964 kB
Time pass: 64 sec

---2015-12-10 12:23:27
MemTotal:        2582696 kB
MemFree:          110668 kB
Buffers:            9060 kB
Cached:           934564 kB
SwapCached:            0 kB
Active:          1112164 kB
Inactive:         632508 kB
Active(anon):     643080 kB
Inactive(anon):   163468 kB
Active(file):     469084 kB
Inactive(file):   469040 kB
Unevictable:        3916 kB
Mlocked:               0 kB
SwapTotal:        524284 kB
SwapFree:         523856 kB
Dirty:               744 kB
Writeback:             0 kB
AnonPages:        804992 kB
Mapped:           459116 kB
Shmem:              1584 kB
Slab:             101820 kB
SReclaimable:      31460 kB
SUnreclaim:        70360 kB
KernelStack:       38240 kB
PageTables:        40620 kB
NFS_Unstable:          0 kB
Bounce:                0 kB
WritebackTmp:          0 kB
CommitLimit:     1815632 kB
Committed_AS:   116073084 kB
VmallocTotal:   251658176 kB
VmallocUsed:      121792 kB
VmallocChunk:   251372964 kB
Time pass: 68 sec

---2015-12-10 12:23:27
MemTotal:        2582696 kB
MemFree:          107076 kB
Buffers:            9060 kB
Cached:           939484 kB
SwapCached:            0 kB
Active:          1124044 kB
Inactive:         637352 kB
Active(anon):     654632 kB
Inactive(anon):   163720 kB
Active(file):     469412 kB
Inactive(file):   473632 kB
Unevictable:        3916 kB
Mlocked:               0 kB
SwapTotal:        524284 kB
SwapFree:         523856 kB
Dirty:              1000 kB
Writeback:             0 kB
AnonPages:        816808 kB
Mapped:           462884 kB
Shmem:              1584 kB
Slab:             102032 kB
SReclaimable:      31560 kB
SUnreclaim:        70472 kB
KernelStack:       38352 kB
PageTables:        40636 kB
NFS_Unstable:          0 kB
Bounce:                0 kB
WritebackTmp:          0 kB
CommitLimit:     1815632 kB
Committed_AS:   116077292 kB
VmallocTotal:   251658176 kB
VmallocUsed:      121792 kB
VmallocChunk:   251372964 kB
Time pass: 72 sec

---2015-12-10 12:23:27
MemTotal:        2582696 kB
MemFree:          106948 kB
Buffers:            7172 kB
Cached:           909864 kB
SwapCached:            0 kB
Active:          1119236 kB
Inactive:         621680 kB
Active(anon):     663404 kB
Inactive(anon):   165904 kB
Active(file):     455832 kB
Inactive(file):   455776 kB
Unevictable:        3916 kB
Mlocked:               0 kB
SwapTotal:        524284 kB
SwapFree:         523480 kB
Dirty:               768 kB
Writeback:             0 kB
AnonPages:        828000 kB
Mapped:           460888 kB
Shmem:              1468 kB
Slab:             102616 kB
SReclaimable:      32016 kB
SUnreclaim:        70600 kB
KernelStack:       38624 kB
PageTables:        40852 kB
NFS_Unstable:          0 kB
Bounce:                0 kB
WritebackTmp:          0 kB
CommitLimit:     1815632 kB
Committed_AS:   116117148 kB
VmallocTotal:   251658176 kB
VmallocUsed:      124324 kB
VmallocChunk:   251372964 kB
Time pass: 77 sec

---2015-12-10 12:23:27
MemTotal:        2582696 kB
MemFree:          107076 kB
Buffers:            7164 kB
Cached:           907284 kB
SwapCached:            0 kB
Active:          1118152 kB
Inactive:         620676 kB
Active(anon):     663708 kB
Inactive(anon):   166096 kB
Active(file):     454444 kB
Inactive(file):   454580 kB
Unevictable:        3916 kB
Mlocked:               0 kB
SwapTotal:        524284 kB
SwapFree:         523480 kB
Dirty:               784 kB
Writeback:             0 kB
AnonPages:        828288 kB
Mapped:           460876 kB
Shmem:              1508 kB
Slab:             102220 kB
SReclaimable:      31760 kB
SUnreclaim:        70460 kB
KernelStack:       38608 kB
PageTables:        40916 kB
NFS_Unstable:          0 kB
Bounce:                0 kB
WritebackTmp:          0 kB
CommitLimit:     1815632 kB
Committed_AS:   116121220 kB
VmallocTotal:   251658176 kB
VmallocUsed:      124324 kB
VmallocChunk:   251372964 kB
Time pass: 80 sec

---2015-12-10 12:23:27
MemTotal:        2582696 kB
MemFree:          106856 kB
Buffers:            7164 kB
Cached:           883932 kB
SwapCached:            0 kB
Active:          1107500 kB
Inactive:         608828 kB
Active(anon):     664668 kB
Inactive(anon):   166120 kB
Active(file):     442832 kB
Inactive(file):   442708 kB
Unevictable:        3916 kB
Mlocked:               0 kB
SwapTotal:        524284 kB
SwapFree:         522720 kB
Dirty:               772 kB
Writeback:             0 kB
AnonPages:        829052 kB
Mapped:           459492 kB
Shmem:              1640 kB
Slab:             102276 kB
SReclaimable:      31688 kB
SUnreclaim:        70588 kB
KernelStack:       38576 kB
PageTables:        41012 kB
NFS_Unstable:          0 kB
Bounce:                0 kB
WritebackTmp:          0 kB
CommitLimit:     1815632 kB
Committed_AS:   116121092 kB
VmallocTotal:   251658176 kB
VmallocUsed:      124324 kB
VmallocChunk:   251372964 kB
Time pass: 84 sec

---2015-12-10 12:23:27
MemTotal:        2582696 kB
MemFree:          116272 kB
Buffers:            7164 kB
Cached:           875272 kB
SwapCached:            0 kB
Active:          1102132 kB
Inactive:         605656 kB
Active(anon):     663960 kB
Inactive(anon):   167052 kB
Active(file):     438172 kB
Inactive(file):   438604 kB
Unevictable:        3916 kB
Mlocked:               0 kB
SwapTotal:        524284 kB
SwapFree:         522292 kB
Dirty:               768 kB
Writeback:             0 kB
AnonPages:        829352 kB
Mapped:           459136 kB
Shmem:              1672 kB
Slab:             101804 kB
SReclaimable:      31484 kB
SUnreclaim:        70320 kB
KernelStack:       38576 kB
PageTables:        41016 kB
NFS_Unstable:          0 kB
Bounce:                0 kB
WritebackTmp:          0 kB
CommitLimit:     1815632 kB
Committed_AS:   116120876 kB
VmallocTotal:   251658176 kB
VmallocUsed:      124324 kB
VmallocChunk:   251372964 kB
Time pass: 89 sec

---2015-12-10 12:23:27
MemTotal:        2582696 kB
MemFree:          115252 kB
Buffers:            7164 kB
Cached:           875428 kB
SwapCached:            0 kB
Active:          1103064 kB
Inactive:         605884 kB
Active(anon):     664892 kB
Inactive(anon):   167052 kB
Active(file):     438172 kB
Inactive(file):   438832 kB
Unevictable:        3916 kB
Mlocked:               0 kB
SwapTotal:        524284 kB
SwapFree:         522292 kB
Dirty:               768 kB
Writeback:             0 kB
AnonPages:        830232 kB
Mapped:           459356 kB
Shmem:              1672 kB
Slab:             101888 kB
SReclaimable:      31492 kB
SUnreclaim:        70396 kB
KernelStack:       38592 kB
PageTables:        41012 kB
NFS_Unstable:          0 kB
Bounce:                0 kB
WritebackTmp:          0 kB
CommitLimit:     1815632 kB
Committed_AS:   116129284 kB
VmallocTotal:   251658176 kB
VmallocUsed:      124324 kB
VmallocChunk:   251372964 kB
Time pass: 93 sec

---2015-12-10 12:23:27
MemTotal:        2582696 kB
MemFree:          115352 kB
Buffers:            7164 kB
Cached:           875444 kB
SwapCached:            0 kB
Active:          1103200 kB
Inactive:         605832 kB
Active(anon):     665024 kB
Inactive(anon):   166996 kB
Active(file):     438176 kB
Inactive(file):   438836 kB
Unevictable:        3916 kB
Mlocked:               0 kB
SwapTotal:        524284 kB
SwapFree:         522292 kB
Dirty:               772 kB
Writeback:             0 kB
AnonPages:        830412 kB
Mapped:           459292 kB
Shmem:              1680 kB
Slab:             101988 kB
SReclaimable:      31504 kB
SUnreclaim:        70484 kB
KernelStack:       38544 kB
PageTables:        40996 kB
NFS_Unstable:          0 kB
Bounce:                0 kB
WritebackTmp:          0 kB
CommitLimit:     1815632 kB
Committed_AS:   116129284 kB
VmallocTotal:   251658176 kB
VmallocUsed:      124324 kB
VmallocChunk:   251372964 kB
Time pass: 97 sec

---2015-12-10 12:23:27
MemTotal:        2582696 kB
MemFree:          114384 kB
Buffers:            7172 kB
Cached:           875464 kB
SwapCached:            0 kB
Active:          1103324 kB
Inactive:         605860 kB
Active(anon):     665148 kB
Inactive(anon):   167016 kB
Active(file):     438176 kB
Inactive(file):   438844 kB
Unevictable:        3916 kB
Mlocked:               0 kB
SwapTotal:        524284 kB
SwapFree:         522292 kB
Dirty:               788 kB
Writeback:             0 kB
AnonPages:        830496 kB
Mapped:           459404 kB
Shmem:              1700 kB
Slab:             102132 kB
SReclaimable:      31508 kB
SUnreclaim:        70624 kB
KernelStack:       38576 kB
PageTables:        41028 kB
NFS_Unstable:          0 kB
Bounce:                0 kB
WritebackTmp:          0 kB
CommitLimit:     1815632 kB
Committed_AS:   116129300 kB
VmallocTotal:   251658176 kB
VmallocUsed:      124324 kB
VmallocChunk:   251372964 kB
Time pass: 101 sec

---2015-12-10 12:23:27
MemTotal:        2582696 kB
MemFree:          114200 kB
Buffers:            7172 kB
Cached:           875464 kB
SwapCached:            0 kB
Active:          1103508 kB
Inactive:         605860 kB
Active(anon):     665332 kB
Inactive(anon):   167016 kB
Active(file):     438176 kB
Inactive(file):   438844 kB
Unevictable:        3916 kB
Mlocked:               0 kB
SwapTotal:        524284 kB
SwapFree:         522292 kB
Dirty:               768 kB
Writeback:             0 kB
AnonPages:        830652 kB
Mapped:           459404 kB
Shmem:              1700 kB
Slab:             101920 kB
SReclaimable:      31512 kB
SUnreclaim:        70408 kB
KernelStack:       38592 kB
PageTables:        41024 kB
NFS_Unstable:          0 kB
Bounce:                0 kB
WritebackTmp:          0 kB
CommitLimit:     1815632 kB
Committed_AS:   116129252 kB
VmallocTotal:   251658176 kB
VmallocUsed:      124324 kB
VmallocChunk:   251372964 kB
Time pass: 104 sec

---2015-12-10 12:23:27
MemTotal:        2582696 kB
MemFree:          115736 kB
Buffers:            7172 kB
Cached:           875496 kB
SwapCached:            0 kB
Active:          1101996 kB
Inactive:         605892 kB
Active(anon):     663820 kB
Inactive(anon):   167048 kB
Active(file):     438176 kB
Inactive(file):   438844 kB
Unevictable:        3916 kB
Mlocked:               0 kB
SwapTotal:        524284 kB
SwapFree:         522292 kB
Dirty:               768 kB
Writeback:             0 kB
AnonPages:        829180 kB
Mapped:           459436 kB
Shmem:              1732 kB
Slab:             102088 kB
SReclaimable:      31528 kB
SUnreclaim:        70560 kB
KernelStack:       38496 kB
PageTables:        41024 kB
NFS_Unstable:          0 kB
Bounce:                0 kB
WritebackTmp:          0 kB
CommitLimit:     1815632 kB
Committed_AS:   116129252 kB
VmallocTotal:   251658176 kB
VmallocUsed:      124324 kB
VmallocChunk:   251372964 kB
Time pass: 108 sec

---2015-12-10 12:23:27
MemTotal:        2582696 kB
MemFree:          116028 kB
Buffers:            7172 kB
Cached:           875496 kB
SwapCached:            0 kB
Active:          1101956 kB
Inactive:         605892 kB
Active(anon):     663780 kB
Inactive(anon):   167048 kB
Active(file):     438176 kB
Inactive(file):   438844 kB
Unevictable:        3916 kB
Mlocked:               0 kB
SwapTotal:        524284 kB
SwapFree:         522292 kB
Dirty:               768 kB
Writeback:             0 kB
AnonPages:        829136 kB
Mapped:           459436 kB
Shmem:              1732 kB
Slab:             101956 kB
SReclaimable:      31532 kB
SUnreclaim:        70424 kB
KernelStack:       38496 kB
PageTables:        41024 kB
NFS_Unstable:          0 kB
Bounce:                0 kB
WritebackTmp:          0 kB
CommitLimit:     1815632 kB
Committed_AS:   116129232 kB
VmallocTotal:   251658176 kB
VmallocUsed:      124324 kB
VmallocChunk:   251372964 kB
Time pass: 112 sec

---2015-12-10 12:23:27
MemTotal:        2582696 kB
MemFree:          115592 kB
Buffers:            7172 kB
Cached:           875580 kB
SwapCached:            0 kB
Active:          1102724 kB
Inactive:         605972 kB
Active(anon):     664544 kB
Inactive(anon):   167048 kB
Active(file):     438180 kB
Inactive(file):   438924 kB
Unevictable:        3916 kB
Mlocked:               0 kB
SwapTotal:        524284 kB
SwapFree:         522292 kB
Dirty:               768 kB
Writeback:             0 kB
AnonPages:        830008 kB
Mapped:           459476 kB
Shmem:              1732 kB
Slab:             101964 kB
SReclaimable:      31532 kB
SUnreclaim:        70432 kB
KernelStack:       38496 kB
PageTables:        41024 kB
NFS_Unstable:          0 kB
Bounce:                0 kB
WritebackTmp:          0 kB
CommitLimit:     1815632 kB
Committed_AS:   116129236 kB
VmallocTotal:   251658176 kB
VmallocUsed:      124324 kB
VmallocChunk:   251372964 kB
Time pass: 116 sec

---2015-12-10 12:23:27
MemTotal:        2582696 kB
MemFree:          122048 kB
Buffers:            7172 kB
Cached:           879280 kB
SwapCached:            0 kB
Active:          1093752 kB
Inactive:         608148 kB
Active(anon):     654024 kB
Inactive(anon):   166892 kB
Active(file):     439728 kB
Inactive(file):   441256 kB
Unevictable:        3916 kB
Mlocked:               0 kB
SwapTotal:        524284 kB
SwapFree:         522292 kB
Dirty:               880 kB
Writeback:             0 kB
AnonPages:        819028 kB
Mapped:           459152 kB
Shmem:              1432 kB
Slab:             102400 kB
SReclaimable:      31532 kB
SUnreclaim:        70868 kB
KernelStack:       38528 kB
PageTables:        40892 kB
NFS_Unstable:          0 kB
Bounce:                0 kB
WritebackTmp:          0 kB
CommitLimit:     1815632 kB
Committed_AS:   116101908 kB
VmallocTotal:   251658176 kB
VmallocUsed:      124212 kB
VmallocChunk:   251372964 kB
Time pass: 120 sec

---2015-12-10 12:23:27
MemTotal:        2582696 kB
MemFree:          427256 kB
Buffers:            7172 kB
Cached:           860284 kB
SwapCached:            0 kB
Active:          1014232 kB
Inactive:         596432 kB
Active(anon):     582460 kB
Inactive(anon):   165820 kB
Active(file):     431772 kB
Inactive(file):   430612 kB
Unevictable:        3916 kB
Mlocked:               0 kB
SwapTotal:        524284 kB
SwapFree:         521748 kB
Dirty:                20 kB
Writeback:             0 kB
AnonPages:        747024 kB
Mapped:           382460 kB
Shmem:              1144 kB
Slab:             101360 kB
SReclaimable:      31108 kB
SUnreclaim:        70252 kB
KernelStack:       36576 kB
PageTables:        38768 kB
NFS_Unstable:          0 kB
Bounce:                0 kB
WritebackTmp:          0 kB
CommitLimit:     1815632 kB
Committed_AS:   112945052 kB
VmallocTotal:   251658176 kB
VmallocUsed:      120472 kB
VmallocChunk:   251372964 kB
Time pass: 123 sec

---2015-12-10 12:23:27
MemTotal:        2582696 kB
MemFree:          438100 kB
Buffers:            7172 kB
Cached:           860964 kB
SwapCached:            0 kB
Active:          1003036 kB
Inactive:         597108 kB
Active(anon):     571252 kB
Inactive(anon):   165820 kB
Active(file):     431784 kB
Inactive(file):   431288 kB
Unevictable:        3916 kB
Mlocked:               0 kB
SwapTotal:        524284 kB
SwapFree:         521748 kB
Dirty:               492 kB
Writeback:            20 kB
AnonPages:        735964 kB
Mapped:           382000 kB
Shmem:              1144 kB
Slab:             101384 kB
SReclaimable:      31172 kB
SUnreclaim:        70212 kB
KernelStack:       36544 kB
PageTables:        38764 kB
NFS_Unstable:          0 kB
Bounce:                0 kB
WritebackTmp:          0 kB
CommitLimit:     1815632 kB
Committed_AS:   112943108 kB
VmallocTotal:   251658176 kB
VmallocUsed:      120472 kB
VmallocChunk:   251372964 kB
Time pass: 127 sec

---2015-12-10 12:23:27
MemTotal:        2582696 kB
MemFree:          433144 kB
Buffers:            7172 kB
Cached:           860960 kB
SwapCached:            0 kB
Active:          1007660 kB
Inactive:         597092 kB
Active(anon):     575860 kB
Inactive(anon):   165816 kB
Active(file):     431800 kB
Inactive(file):   431276 kB
Unevictable:        3916 kB
Mlocked:               0 kB
SwapTotal:        524284 kB
SwapFree:         521748 kB
Dirty:                52 kB
Writeback:             0 kB
AnonPages:        740812 kB
Mapped:           383152 kB
Shmem:              1140 kB
Slab:             101384 kB
SReclaimable:      31172 kB
SUnreclaim:        70212 kB
KernelStack:       36592 kB
PageTables:        39076 kB
NFS_Unstable:          0 kB
Bounce:                0 kB
WritebackTmp:          0 kB
CommitLimit:     1815632 kB
Committed_AS:   116441304 kB
VmallocTotal:   251658176 kB
VmallocUsed:      121492 kB
VmallocChunk:   251372964 kB
Time pass: 131 sec

---2015-12-10 12:23:27
MemTotal:        2582696 kB
MemFree:          236700 kB
Buffers:            7172 kB
Cached:           862156 kB
SwapCached:            0 kB
Active:          1038556 kB
Inactive:         592484 kB
Active(anon):     600952 kB
Inactive(anon):   165948 kB
Active(file):     437604 kB
Inactive(file):   426536 kB
Unevictable:        3916 kB
Mlocked:               0 kB
SwapTotal:        524284 kB
SwapFree:         521748 kB
Dirty:              1728 kB
Writeback:             0 kB
AnonPages:        765436 kB
Mapped:           415916 kB
Shmem:              1272 kB
Slab:             101544 kB
SReclaimable:      31232 kB
SUnreclaim:        70312 kB
KernelStack:       37856 kB
PageTables:        39852 kB
NFS_Unstable:          0 kB
Bounce:                0 kB
WritebackTmp:          0 kB
CommitLimit:     1815632 kB
Committed_AS:   114264148 kB
VmallocTotal:   251658176 kB
VmallocUsed:      119972 kB
VmallocChunk:   251372964 kB
Time pass: 134 sec

---2015-12-10 12:23:27
MemTotal:        2582696 kB
MemFree:          165684 kB
Buffers:            7172 kB
Cached:           863804 kB
SwapCached:            0 kB
Active:          1061936 kB
Inactive:         592472 kB
Active(anon):     622684 kB
Inactive(anon):   165948 kB
Active(file):     439252 kB
Inactive(file):   426524 kB
Unevictable:        3916 kB
Mlocked:               0 kB
SwapTotal:        524284 kB
SwapFree:         521748 kB
Dirty:              1400 kB
Writeback:             0 kB
AnonPages:        787580 kB
Mapped:           457912 kB
Shmem:              1276 kB
Slab:             101780 kB
SReclaimable:      31304 kB
SUnreclaim:        70476 kB
KernelStack:       37984 kB
PageTables:        40032 kB
NFS_Unstable:          0 kB
Bounce:                0 kB
WritebackTmp:          0 kB
CommitLimit:     1815632 kB
Committed_AS:   114277580 kB
VmallocTotal:   251658176 kB
VmallocUsed:      120308 kB
VmallocChunk:   251372964 kB
Time pass: 138 sec

---2015-12-10 12:23:27
MemTotal:        2582696 kB
MemFree:          162952 kB
Buffers:            7172 kB
Cached:           863864 kB
SwapCached:            0 kB
Active:          1053816 kB
Inactive:         592480 kB
Active(anon):     614504 kB
Inactive(anon):   165948 kB
Active(file):     439312 kB
Inactive(file):   426532 kB
Unevictable:        3916 kB
Mlocked:               0 kB
SwapTotal:        524284 kB
SwapFree:         521748 kB
Dirty:              1416 kB
Writeback:             0 kB
AnonPages:        779248 kB
Mapped:           467000 kB
Shmem:              1276 kB
Slab:             101660 kB
SReclaimable:      31320 kB
SUnreclaim:        70340 kB
KernelStack:       37984 kB
PageTables:        40052 kB
NFS_Unstable:          0 kB
Bounce:                0 kB
WritebackTmp:          0 kB
CommitLimit:     1815632 kB
Committed_AS:   114277668 kB
VmallocTotal:   251658176 kB
VmallocUsed:      120380 kB
VmallocChunk:   251372964 kB
Time pass: 142 sec

---2015-12-10 12:23:27
MemTotal:        2582696 kB
MemFree:          146280 kB
Buffers:            7172 kB
Cached:           864072 kB
SwapCached:            0 kB
Active:          1056052 kB
Inactive:         592348 kB
Active(anon):     616424 kB
Inactive(anon):   165948 kB
Active(file):     439628 kB
Inactive(file):   426400 kB
Unevictable:        3916 kB
Mlocked:               0 kB
SwapTotal:        524284 kB
SwapFree:         521748 kB
Dirty:               728 kB
Writeback:             0 kB
AnonPages:        781104 kB
Mapped:           476704 kB
Shmem:              1276 kB
Slab:             101660 kB
SReclaimable:      31320 kB
SUnreclaim:        70340 kB
KernelStack:       37984 kB
PageTables:        40096 kB
NFS_Unstable:          0 kB
Bounce:                0 kB
WritebackTmp:          0 kB
CommitLimit:     1815632 kB
Committed_AS:   114277684 kB
VmallocTotal:   251658176 kB
VmallocUsed:      120476 kB
VmallocChunk:   251372964 kB
Time pass: 146 sec

---2015-12-10 12:23:27
MemTotal:        2582696 kB
MemFree:          125224 kB
Buffers:            7172 kB
Cached:           865004 kB
SwapCached:            0 kB
Active:          1068628 kB
Inactive:         593264 kB
Active(anon):     628968 kB
Inactive(anon):   165948 kB
Active(file):     439660 kB
Inactive(file):   427316 kB
Unevictable:        3916 kB
Mlocked:               0 kB
SwapTotal:        524284 kB
SwapFree:         521748 kB
Dirty:               868 kB
Writeback:             0 kB
AnonPages:        793800 kB
Mapped:           482120 kB
Shmem:              1276 kB
Slab:             101920 kB
SReclaimable:      31320 kB
SUnreclaim:        70600 kB
KernelStack:       37968 kB
PageTables:        40092 kB
NFS_Unstable:          0 kB
Bounce:                0 kB
WritebackTmp:          0 kB
CommitLimit:     1815632 kB
Committed_AS:   114286020 kB
VmallocTotal:   251658176 kB
VmallocUsed:      120496 kB
VmallocChunk:   251372964 kB
Time pass: 149 sec

---2015-12-10 12:23:27
MemTotal:        2582696 kB
MemFree:          121948 kB
Buffers:            7172 kB
Cached:           864976 kB
SwapCached:            0 kB
Active:          1059888 kB
Inactive:         593272 kB
Active(anon):     620272 kB
Inactive(anon):   165944 kB
Active(file):     439616 kB
Inactive(file):   427328 kB
Unevictable:        3916 kB
Mlocked:               0 kB
SwapTotal:        524284 kB
SwapFree:         521744 kB
Dirty:               672 kB
Writeback:             0 kB
AnonPages:        785024 kB
Mapped:           490316 kB
Shmem:              1276 kB
Slab:             101784 kB
SReclaimable:      31352 kB
SUnreclaim:        70432 kB
KernelStack:       37968 kB
PageTables:        40060 kB
NFS_Unstable:          0 kB
Bounce:                0 kB
WritebackTmp:          0 kB
CommitLimit:     1815632 kB
Committed_AS:   114286500 kB
VmallocTotal:   251658176 kB
VmallocUsed:      120628 kB
VmallocChunk:   251372964 kB
Time pass: 153 sec

---2015-12-10 12:23:27
MemTotal:        2582696 kB
MemFree:          120736 kB
Buffers:            7172 kB
Cached:           865260 kB
SwapCached:            0 kB
Active:          1060396 kB
Inactive:         593524 kB
Active(anon):     620780 kB
Inactive(anon):   165944 kB
Active(file):     439616 kB
Inactive(file):   427580 kB
Unevictable:        3916 kB
Mlocked:               0 kB
SwapTotal:        524284 kB
SwapFree:         521744 kB
Dirty:               680 kB
Writeback:             0 kB
AnonPages:        785544 kB
Mapped:           490348 kB
Shmem:              1276 kB
Slab:             101776 kB
SReclaimable:      31352 kB
SUnreclaim:        70424 kB
KernelStack:       37968 kB
PageTables:        40060 kB
NFS_Unstable:          0 kB
Bounce:                0 kB
WritebackTmp:          0 kB
CommitLimit:     1815632 kB
Committed_AS:   114286596 kB
VmallocTotal:   251658176 kB
VmallocUsed:      120628 kB
VmallocChunk:   251372964 kB
Time pass: 157 sec

---2015-12-10 12:23:27
MemTotal:        2582696 kB
MemFree:          114092 kB
Buffers:            7180 kB
Cached:           865256 kB
SwapCached:            0 kB
Active:          1066704 kB
Inactive:         593572 kB
Active(anon):     627088 kB
Inactive(anon):   165944 kB
Active(file):     439616 kB
Inactive(file):   427628 kB
Unevictable:        3916 kB
Mlocked:               0 kB
SwapTotal:        524284 kB
SwapFree:         521744 kB
Dirty:               688 kB
Writeback:             0 kB
AnonPages:        791724 kB
Mapped:           492452 kB
Shmem:              1276 kB
Slab:             101752 kB
SReclaimable:      31352 kB
SUnreclaim:        70400 kB
KernelStack:       38064 kB
PageTables:        40128 kB
NFS_Unstable:          0 kB
Bounce:                0 kB
WritebackTmp:          0 kB
CommitLimit:     1815632 kB
Committed_AS:   114286604 kB
VmallocTotal:   251658176 kB
VmallocUsed:      120628 kB
VmallocChunk:   251372964 kB
Time pass: 161 sec

---2015-12-10 12:23:27
MemTotal:        2582696 kB
MemFree:          106772 kB
Buffers:            7220 kB
Cached:           874472 kB
SwapCached:            8 kB
Active:          1088884 kB
Inactive:         604368 kB
Active(anon):     651212 kB
Inactive(anon):   166112 kB
Active(file):     437672 kB
Inactive(file):   438256 kB
Unevictable:        3916 kB
Mlocked:               0 kB
SwapTotal:        524284 kB
SwapFree:         521620 kB
Dirty:               684 kB
Writeback:             0 kB
AnonPages:        815612 kB
Mapped:           500796 kB
Shmem:              1672 kB
Slab:              99348 kB
SReclaimable:      28736 kB
SUnreclaim:        70612 kB
KernelStack:       38496 kB
PageTables:        41196 kB
NFS_Unstable:          0 kB
Bounce:                0 kB
WritebackTmp:          0 kB
CommitLimit:     1815632 kB
Committed_AS:   117353620 kB
VmallocTotal:   251658176 kB
VmallocUsed:      125200 kB
VmallocChunk:   251372964 kB
Time pass: 166 sec

---2015-12-10 12:23:27
MemTotal:        2582696 kB
MemFree:          107116 kB
Buffers:            6756 kB
Cached:           885872 kB
SwapCached:            8 kB
Active:          1113604 kB
Inactive:         614776 kB
Active(anon):     673048 kB
Inactive(anon):   168392 kB
Active(file):     440556 kB
Inactive(file):   446384 kB
Unevictable:        3916 kB
Mlocked:               0 kB
SwapTotal:        524284 kB
SwapFree:         521620 kB
Dirty:               840 kB
Writeback:            16 kB
AnonPages:        840084 kB
Mapped:           494892 kB
Shmem:              1764 kB
Slab:             102536 kB
SReclaimable:      31620 kB
SUnreclaim:        70916 kB
KernelStack:       39824 kB
PageTables:        40632 kB
NFS_Unstable:          0 kB
Bounce:                0 kB
WritebackTmp:          0 kB
CommitLimit:     1815632 kB
Committed_AS:   114533752 kB
VmallocTotal:   251658176 kB
VmallocUsed:      124180 kB
VmallocChunk:   251372964 kB
Time pass: 170 sec

---2015-12-10 12:23:27
MemTotal:        2582696 kB
MemFree:          109444 kB
Buffers:            6756 kB
Cached:           883564 kB
SwapCached:            8 kB
Active:          1114216 kB
Inactive:         612604 kB
Active(anon):     673532 kB
Inactive(anon):   168576 kB
Active(file):     440684 kB
Inactive(file):   444028 kB
Unevictable:        3916 kB
Mlocked:               0 kB
SwapTotal:        524284 kB
SwapFree:         521620 kB
Dirty:               892 kB
Writeback:             0 kB
AnonPages:        840504 kB
Mapped:           495232 kB
Shmem:              1692 kB
Slab:             102652 kB
SReclaimable:      31672 kB
SUnreclaim:        70980 kB
KernelStack:       39792 kB
PageTables:        40688 kB
NFS_Unstable:          0 kB
Bounce:                0 kB
WritebackTmp:          0 kB
CommitLimit:     1815632 kB
Committed_AS:   114497240 kB
VmallocTotal:   251658176 kB
VmallocUsed:      124180 kB
VmallocChunk:   251372964 kB
Time pass: 174 sec

---2015-12-10 12:23:27
MemTotal:        2582696 kB
MemFree:          112696 kB
Buffers:            6756 kB
Cached:           884196 kB
SwapCached:            8 kB
Active:          1108748 kB
Inactive:         613196 kB
Active(anon):     668060 kB
Inactive(anon):   168548 kB
Active(file):     440688 kB
Inactive(file):   444648 kB
Unevictable:        3916 kB
Mlocked:               0 kB
SwapTotal:        524284 kB
SwapFree:         521620 kB
Dirty:               888 kB
Writeback:             0 kB
AnonPages:        834936 kB
Mapped:           495492 kB
Shmem:              1700 kB
Slab:             102712 kB
SReclaimable:      31692 kB
SUnreclaim:        71020 kB
KernelStack:       39920 kB
PageTables:        40780 kB
NFS_Unstable:          0 kB
Bounce:                0 kB
WritebackTmp:          0 kB
CommitLimit:     1815632 kB
Committed_AS:   114505128 kB
VmallocTotal:   251658176 kB
VmallocUsed:      124220 kB
VmallocChunk:   251372964 kB
Time pass: 178 sec

---2015-12-10 12:23:27
MemTotal:        2582696 kB
MemFree:          116504 kB
Buffers:            6756 kB
Cached:           885280 kB
SwapCached:            8 kB
Active:          1106008 kB
Inactive:         614260 kB
Active(anon):     665300 kB
Inactive(anon):   168548 kB
Active(file):     440708 kB
Inactive(file):   445712 kB
Unevictable:        3916 kB
Mlocked:               0 kB
SwapTotal:        524284 kB
SwapFree:         521620 kB
Dirty:               892 kB
Writeback:             0 kB
AnonPages:        832488 kB
Mapped:           489540 kB
Shmem:              1700 kB
Slab:             102772 kB
SReclaimable:      31696 kB
SUnreclaim:        71076 kB
KernelStack:       39488 kB
PageTables:        40532 kB
NFS_Unstable:          0 kB
Bounce:                0 kB
WritebackTmp:          0 kB
CommitLimit:     1815632 kB
Committed_AS:   113270424 kB
VmallocTotal:   251658176 kB
VmallocUsed:      123192 kB
VmallocChunk:   251372964 kB
Time pass: 181 sec

---2015-12-10 12:23:27
MemTotal:        2582696 kB
MemFree:          107272 kB
Buffers:            6756 kB
Cached:           879100 kB
SwapCached:            8 kB
Active:          1120504 kB
Inactive:         609636 kB
Active(anon):     680488 kB
Inactive(anon):   169588 kB
Active(file):     440016 kB
Inactive(file):   440048 kB
Unevictable:        3916 kB
Mlocked:               0 kB
SwapTotal:        524284 kB
SwapFree:         521536 kB
Dirty:               916 kB
Writeback:             0 kB
AnonPages:        848284 kB
Mapped:           495976 kB
Shmem:              1716 kB
Slab:             102992 kB
SReclaimable:      31868 kB
SUnreclaim:        71124 kB
KernelStack:       40464 kB
PageTables:        40792 kB
NFS_Unstable:          0 kB
Bounce:                0 kB
WritebackTmp:          0 kB
CommitLimit:     1815632 kB
Committed_AS:   114522284 kB
VmallocTotal:   251658176 kB
VmallocUsed:      124196 kB
VmallocChunk:   251372964 kB
Time pass: 185 sec

---2015-12-10 12:23:27
MemTotal:        2582696 kB
MemFree:          107252 kB
Buffers:            6756 kB
Cached:           875776 kB
SwapCached:            8 kB
Active:          1119512 kB
Inactive:         608704 kB
Active(anon):     681088 kB
Inactive(anon):   170396 kB
Active(file):     438424 kB
Inactive(file):   438308 kB
Unevictable:        3916 kB
Mlocked:               0 kB
SwapTotal:        524284 kB
SwapFree:         521500 kB
Dirty:               888 kB
Writeback:             0 kB
AnonPages:        849396 kB
Mapped:           496160 kB
Shmem:              1724 kB
Slab:             103064 kB
SReclaimable:      31888 kB
SUnreclaim:        71176 kB
KernelStack:       40080 kB
PageTables:        40900 kB
NFS_Unstable:          0 kB
Bounce:                0 kB
WritebackTmp:          0 kB
CommitLimit:     1815632 kB
Committed_AS:   114509640 kB
VmallocTotal:   251658176 kB
VmallocUsed:      124220 kB
VmallocChunk:   251372964 kB
Time pass: 189 sec

---2015-12-10 12:23:27
MemTotal:        2582696 kB
MemFree:          108132 kB
Buffers:            6756 kB
Cached:           873060 kB
SwapCached:            8 kB
Active:          1118920 kB
Inactive:         607944 kB
Active(anon):     682060 kB
Inactive(anon):   170808 kB
Active(file):     436860 kB
Inactive(file):   437136 kB
Unevictable:        3916 kB
Mlocked:               0 kB
SwapTotal:        524284 kB
SwapFree:         521492 kB
Dirty:               932 kB
Writeback:             0 kB
AnonPages:        850636 kB
Mapped:           496380 kB
Shmem:              1744 kB
Slab:             103100 kB
SReclaimable:      31892 kB
SUnreclaim:        71208 kB
KernelStack:       40080 kB
PageTables:        40960 kB
NFS_Unstable:          0 kB
Bounce:                0 kB
WritebackTmp:          0 kB
CommitLimit:     1815632 kB
Committed_AS:   114523912 kB
VmallocTotal:   251658176 kB
VmallocUsed:      124220 kB
VmallocChunk:   251372964 kB
Time pass: 194 sec

---2015-12-10 12:23:27
MemTotal:        2582696 kB
MemFree:          111744 kB
Buffers:            6756 kB
Cached:           873152 kB
SwapCached:            8 kB
Active:          1115236 kB
Inactive:         607688 kB
Active(anon):     677956 kB
Inactive(anon):   170716 kB
Active(file):     437280 kB
Inactive(file):   436972 kB
Unevictable:        3916 kB
Mlocked:               0 kB
SwapTotal:        524284 kB
SwapFree:         521492 kB
Dirty:               976 kB
Writeback:            16 kB
AnonPages:        846964 kB
Mapped:           496192 kB
Shmem:              1740 kB
Slab:             102980 kB
SReclaimable:      31764 kB
SUnreclaim:        71216 kB
KernelStack:       40048 kB
PageTables:        40868 kB
NFS_Unstable:          0 kB
Bounce:                0 kB
WritebackTmp:          0 kB
CommitLimit:     1815632 kB
Committed_AS:   114503472 kB
VmallocTotal:   251658176 kB
VmallocUsed:      124220 kB
VmallocChunk:   251372964 kB
Time pass: 198 sec

---2015-12-10 12:23:27
MemTotal:        2582696 kB
MemFree:          124728 kB
Buffers:            6756 kB
Cached:           873140 kB
SwapCached:            8 kB
Active:          1112436 kB
Inactive:         600988 kB
Active(anon):     668472 kB
Inactive(anon):   170700 kB
Active(file):     443964 kB
Inactive(file):   430288 kB
Unevictable:        3916 kB
Mlocked:               0 kB
SwapTotal:        524284 kB
SwapFree:         521492 kB
Dirty:               976 kB
Writeback:             0 kB
AnonPages:        837496 kB
Mapped:           489452 kB
Shmem:              1728 kB
Slab:             103100 kB
SReclaimable:      31760 kB
SUnreclaim:        71340 kB
KernelStack:       39232 kB
PageTables:        40376 kB
NFS_Unstable:          0 kB
Bounce:                0 kB
WritebackTmp:          0 kB
CommitLimit:     1815632 kB
Committed_AS:   113255776 kB
VmallocTotal:   251658176 kB
VmallocUsed:      123160 kB
VmallocChunk:   251372964 kB
Time pass: 202 sec

---2015-12-10 12:23:27
MemTotal:        2582696 kB
MemFree:          114124 kB
Buffers:            6756 kB
Cached:           873984 kB
SwapCached:            8 kB
Active:          1121116 kB
Inactive:         601836 kB
Active(anon):     677156 kB
Inactive(anon):   170700 kB
Active(file):     443960 kB
Inactive(file):   431136 kB
Unevictable:        3916 kB
Mlocked:               0 kB
SwapTotal:        524284 kB
SwapFree:         521492 kB
Dirty:               968 kB
Writeback:             0 kB
AnonPages:        846400 kB
Mapped:           496344 kB
Shmem:              1728 kB
Slab:             103204 kB
SReclaimable:      31648 kB
SUnreclaim:        71556 kB
KernelStack:       40176 kB
PageTables:        40896 kB
NFS_Unstable:          0 kB
Bounce:                0 kB
WritebackTmp:          0 kB
CommitLimit:     1815632 kB
Committed_AS:   114514472 kB
VmallocTotal:   251658176 kB
VmallocUsed:      124180 kB
VmallocChunk:   251372964 kB
Time pass: 205 sec

---2015-12-10 12:23:27
MemTotal:        2582696 kB
MemFree:          116336 kB
Buffers:            6756 kB
Cached:           873992 kB
SwapCached:            8 kB
Active:          1117984 kB
Inactive:         601832 kB
Active(anon):     674016 kB
Inactive(anon):   170704 kB
Active(file):     443968 kB
Inactive(file):   431128 kB
Unevictable:        3916 kB
Mlocked:               0 kB
SwapTotal:        524284 kB
SwapFree:         521492 kB
Dirty:               940 kB
Writeback:             0 kB
AnonPages:        843100 kB
Mapped:           496520 kB
Shmem:              1736 kB
Slab:             103236 kB
SReclaimable:      31644 kB
SUnreclaim:        71592 kB
KernelStack:       40096 kB
PageTables:        40932 kB
NFS_Unstable:          0 kB
Bounce:                0 kB
WritebackTmp:          0 kB
CommitLimit:     1815632 kB
Committed_AS:   114514384 kB
VmallocTotal:   251658176 kB
VmallocUsed:      124180 kB
VmallocChunk:   251372964 kB
Time pass: 209 sec

---2015-12-10 12:23:27
MemTotal:        2582696 kB
MemFree:          125708 kB
Buffers:            6756 kB
Cached:           874100 kB
SwapCached:            8 kB
Active:          1109548 kB
Inactive:         601932 kB
Active(anon):     665572 kB
Inactive(anon):   170712 kB
Active(file):     443976 kB
Inactive(file):   431220 kB
Unevictable:        3916 kB
Mlocked:               0 kB
SwapTotal:        524284 kB
SwapFree:         521492 kB
Dirty:               944 kB
Writeback:             0 kB
AnonPages:        834640 kB
Mapped:           496520 kB
Shmem:              1744 kB
Slab:             103108 kB
SReclaimable:      31660 kB
SUnreclaim:        71448 kB
KernelStack:       40080 kB
PageTables:        40888 kB
NFS_Unstable:          0 kB
Bounce:                0 kB
WritebackTmp:          0 kB
CommitLimit:     1815632 kB
Committed_AS:   114514384 kB
VmallocTotal:   251658176 kB
VmallocUsed:      124180 kB
VmallocChunk:   251372964 kB
Time pass: 213 sec

---2015-12-10 12:23:27
MemTotal:        2582696 kB
MemFree:          123924 kB
Buffers:            6756 kB
Cached:           876040 kB
SwapCached:            8 kB
Active:          1109744 kB
Inactive:         603828 kB
Active(anon):     665776 kB
Inactive(anon):   170732 kB
Active(file):     443968 kB
Inactive(file):   433096 kB
Unevictable:        3916 kB
Mlocked:               0 kB
SwapTotal:        524284 kB
SwapFree:         521492 kB
Dirty:               976 kB
Writeback:             0 kB
AnonPages:        834836 kB
Mapped:           496744 kB
Shmem:              1768 kB
Slab:             103084 kB
SReclaimable:      31660 kB
SUnreclaim:        71424 kB
KernelStack:       40144 kB
PageTables:        40904 kB
NFS_Unstable:          0 kB
Bounce:                0 kB
WritebackTmp:          0 kB
CommitLimit:     1815632 kB
Committed_AS:   114514400 kB
VmallocTotal:   251658176 kB
VmallocUsed:      124180 kB
VmallocChunk:   251372964 kB
Time pass: 217 sec

---2015-12-10 12:23:27
MemTotal:        2582696 kB
MemFree:          132276 kB
Buffers:            6756 kB
Cached:           876076 kB
SwapCached:            8 kB
Active:          1101640 kB
Inactive:         603892 kB
Active(anon):     657656 kB
Inactive(anon):   170756 kB
Active(file):     443984 kB
Inactive(file):   433136 kB
Unevictable:        3916 kB
Mlocked:               0 kB
SwapTotal:        524284 kB
SwapFree:         521492 kB
Dirty:               956 kB
Writeback:             0 kB
AnonPages:        826672 kB
Mapped:           489924 kB
Shmem:              1796 kB
Slab:             103028 kB
SReclaimable:      31660 kB
SUnreclaim:        71368 kB
KernelStack:       39552 kB
PageTables:        40400 kB
NFS_Unstable:          0 kB
Bounce:                0 kB
WritebackTmp:          0 kB
CommitLimit:     1815632 kB
Committed_AS:   113258372 kB
VmallocTotal:   251658176 kB
VmallocUsed:      123160 kB
VmallocChunk:   251372964 kB
Time pass: 221 sec

---2015-12-10 12:23:27
MemTotal:        2582696 kB
MemFree:          115244 kB
Buffers:            6764 kB
Cached:           876104 kB
SwapCached:            8 kB
Active:          1117504 kB
Inactive:         603900 kB
Active(anon):     673500 kB
Inactive(anon):   170776 kB
Active(file):     444004 kB
Inactive(file):   433124 kB
Unevictable:        3916 kB
Mlocked:               0 kB
SwapTotal:        524284 kB
SwapFree:         521492 kB
Dirty:              1000 kB
Writeback:             0 kB
AnonPages:        842440 kB
Mapped:           496616 kB
Shmem:              1820 kB
Slab:             103092 kB
SReclaimable:      31656 kB
SUnreclaim:        71436 kB
KernelStack:       40192 kB
PageTables:        40920 kB
NFS_Unstable:          0 kB
Bounce:                0 kB
WritebackTmp:          0 kB
CommitLimit:     1815632 kB
Committed_AS:   114514464 kB
VmallocTotal:   251658176 kB
VmallocUsed:      124220 kB
VmallocChunk:   251372964 kB
Time pass: 225 sec

---2015-12-10 12:23:27
MemTotal:        2582696 kB
MemFree:          113844 kB
Buffers:            6764 kB
Cached:           876216 kB
SwapCached:            8 kB
Active:          1118060 kB
Inactive:         604012 kB
Active(anon):     674048 kB
Inactive(anon):   170764 kB
Active(file):     444012 kB
Inactive(file):   433248 kB
Unevictable:        3916 kB
Mlocked:               0 kB
SwapTotal:        524284 kB
SwapFree:         521492 kB
Dirty:               952 kB
Writeback:             0 kB
AnonPages:        842960 kB
Mapped:           496824 kB
Shmem:              1804 kB
Slab:             103108 kB
SReclaimable:      31656 kB
SUnreclaim:        71452 kB
KernelStack:       40176 kB
PageTables:        40952 kB
NFS_Unstable:          0 kB
Bounce:                0 kB
WritebackTmp:          0 kB
CommitLimit:     1815632 kB
Committed_AS:   114514400 kB
VmallocTotal:   251658176 kB
VmallocUsed:      124220 kB
VmallocChunk:   251372964 kB
Time pass: 229 sec

---2015-12-10 12:23:27
MemTotal:        2582696 kB
MemFree:          113504 kB
Buffers:            6764 kB
Cached:           876356 kB
SwapCached:            8 kB
Active:          1118072 kB
Inactive:         604152 kB
Active(anon):     674060 kB
Inactive(anon):   170876 kB
Active(file):     444012 kB
Inactive(file):   433276 kB
Unevictable:        3916 kB
Mlocked:               0 kB
SwapTotal:        524284 kB
SwapFree:         521492 kB
Dirty:               952 kB
Writeback:             0 kB
AnonPages:        842992 kB
Mapped:           496940 kB
Shmem:              1916 kB
Slab:             103096 kB
SReclaimable:      31660 kB
SUnreclaim:        71436 kB
KernelStack:       40144 kB
PageTables:        40952 kB
NFS_Unstable:          0 kB
Bounce:                0 kB
WritebackTmp:          0 kB
CommitLimit:     1815632 kB
Committed_AS:   114514320 kB
VmallocTotal:   251658176 kB
VmallocUsed:      124220 kB
VmallocChunk:   251372964 kB
Time pass: 234 sec

---2015-12-10 12:23:27
MemTotal:        2582696 kB
MemFree:          113348 kB
Buffers:            6764 kB
Cached:           876356 kB
SwapCached:            8 kB
Active:          1118764 kB
Inactive:         604152 kB
Active(anon):     674752 kB
Inactive(anon):   170876 kB
Active(file):     444012 kB
Inactive(file):   433276 kB
Unevictable:        3916 kB
Mlocked:               0 kB
SwapTotal:        524284 kB
SwapFree:         521492 kB
Dirty:               952 kB
Writeback:             0 kB
AnonPages:        843804 kB
Mapped:           496856 kB
Shmem:              1916 kB
Slab:             103136 kB
SReclaimable:      31660 kB
SUnreclaim:        71476 kB
KernelStack:       40096 kB
PageTables:        40924 kB
NFS_Unstable:          0 kB
Bounce:                0 kB
WritebackTmp:          0 kB
CommitLimit:     1815632 kB
Committed_AS:   114514200 kB
VmallocTotal:   251658176 kB
VmallocUsed:      124220 kB
VmallocChunk:   251372964 kB
Time pass: 238 sec

---2015-12-10 12:23:27
MemTotal:        2582696 kB
MemFree:          120040 kB
Buffers:            6764 kB
Cached:           877132 kB
SwapCached:            8 kB
Active:          1113684 kB
Inactive:         604924 kB
Active(anon):     669668 kB
Inactive(anon):   170888 kB
Active(file):     444016 kB
Inactive(file):   434036 kB
Unevictable:        3916 kB
Mlocked:               0 kB
SwapTotal:        524284 kB
SwapFree:         521492 kB
Dirty:               960 kB
Writeback:             0 kB
AnonPages:        838712 kB
Mapped:           490264 kB
Shmem:              1928 kB
Slab:             103092 kB
SReclaimable:      31660 kB
SUnreclaim:        71432 kB
KernelStack:       39376 kB
PageTables:        40468 kB
NFS_Unstable:          0 kB
Bounce:                0 kB
WritebackTmp:          0 kB
CommitLimit:     1815632 kB
Committed_AS:   113266608 kB
VmallocTotal:   251658176 kB
VmallocUsed:      123160 kB
VmallocChunk:   251372964 kB
Time pass: 241 sec

---2015-12-10 12:23:27
MemTotal:        2582696 kB
MemFree:          114308 kB
Buffers:            6764 kB
Cached:           874516 kB
SwapCached:            8 kB
Active:          1117696 kB
Inactive:         604956 kB
Active(anon):     676496 kB
Inactive(anon):   170712 kB
Active(file):     441200 kB
Inactive(file):   434244 kB
Unevictable:        3916 kB
Mlocked:               0 kB
SwapTotal:        524284 kB
SwapFree:         521308 kB
Dirty:               964 kB
Writeback:             0 kB
AnonPages:        845260 kB
Mapped:           497012 kB
Shmem:              1920 kB
Slab:             103340 kB
SReclaimable:      31868 kB
SUnreclaim:        71472 kB
KernelStack:       40192 kB
PageTables:        40956 kB
NFS_Unstable:          0 kB
Bounce:                0 kB
WritebackTmp:          0 kB
CommitLimit:     1815632 kB
Committed_AS:   114526816 kB
VmallocTotal:   251658176 kB
VmallocUsed:      124220 kB
VmallocChunk:   251372964 kB
Time pass: 245 sec

---2015-12-10 12:23:27
MemTotal:        2582696 kB
MemFree:          111720 kB
Buffers:            6764 kB
Cached:           874516 kB
SwapCached:            8 kB
Active:          1119320 kB
Inactive:         604956 kB
Active(anon):     678120 kB
Inactive(anon):   170712 kB
Active(file):     441200 kB
Inactive(file):   434244 kB
Unevictable:        3916 kB
Mlocked:               0 kB
SwapTotal:        524284 kB
SwapFree:         521308 kB
Dirty:               964 kB
Writeback:             0 kB
AnonPages:        846940 kB
Mapped:           497016 kB
Shmem:              1920 kB
Slab:             103364 kB
SReclaimable:      31872 kB
SUnreclaim:        71492 kB
KernelStack:       40176 kB
PageTables:        40960 kB
NFS_Unstable:          0 kB
Bounce:                0 kB
WritebackTmp:          0 kB
CommitLimit:     1815632 kB
Committed_AS:   114526792 kB
VmallocTotal:   251658176 kB
VmallocUsed:      124232 kB
VmallocChunk:   251372964 kB
Time pass: 249 sec

---2015-12-10 12:23:27
MemTotal:        2582696 kB
MemFree:          110664 kB
Buffers:            6764 kB
Cached:           874600 kB
SwapCached:            8 kB
Active:          1118952 kB
Inactive:         605040 kB
Active(anon):     677752 kB
Inactive(anon):   170796 kB
Active(file):     441200 kB
Inactive(file):   434244 kB
Unevictable:        3916 kB
Mlocked:               0 kB
SwapTotal:        524284 kB
SwapFree:         521308 kB
Dirty:               976 kB
Writeback:             0 kB
AnonPages:        846548 kB
Mapped:           497100 kB
Shmem:              2004 kB
Slab:             103536 kB
SReclaimable:      32020 kB
SUnreclaim:        71516 kB
KernelStack:       40192 kB
PageTables:        40960 kB
NFS_Unstable:          0 kB
Bounce:                0 kB
WritebackTmp:          0 kB
CommitLimit:     1815632 kB
Committed_AS:   114526776 kB
VmallocTotal:   251658176 kB
VmallocUsed:      124232 kB
VmallocChunk:   251372964 kB
Time pass: 253 sec

---2015-12-10 12:23:27
MemTotal:        2582696 kB
MemFree:          108808 kB
Buffers:            6764 kB
Cached:           874808 kB
SwapCached:            8 kB
Active:          1120220 kB
Inactive:         605236 kB
Active(anon):     679008 kB
Inactive(anon):   170796 kB
Active(file):     441212 kB
Inactive(file):   434440 kB
Unevictable:        3916 kB
Mlocked:               0 kB
SwapTotal:        524284 kB
SwapFree:         521308 kB
Dirty:              1188 kB
Writeback:             0 kB
AnonPages:        847812 kB
Mapped:           497136 kB
Shmem:              2004 kB
Slab:             103492 kB
SReclaimable:      32024 kB
SUnreclaim:        71468 kB
KernelStack:       40192 kB
PageTables:        40964 kB
NFS_Unstable:          0 kB
Bounce:                0 kB
WritebackTmp:          0 kB
CommitLimit:     1815632 kB
Committed_AS:   114526784 kB
VmallocTotal:   251658176 kB
VmallocUsed:      124232 kB
VmallocChunk:   251372964 kB
Time pass: 257 sec

---2015-12-10 12:23:27
MemTotal:        2582696 kB
MemFree:          116480 kB
Buffers:            6764 kB
Cached:           875468 kB
SwapCached:            8 kB
Active:          1115680 kB
Inactive:         604368 kB
Active(anon):     672944 kB
Inactive(anon):   170804 kB
Active(file):     442736 kB
Inactive(file):   433564 kB
Unevictable:        3916 kB
Mlocked:               0 kB
SwapTotal:        524284 kB
SwapFree:         521308 kB
Dirty:              1060 kB
Writeback:             0 kB
AnonPages:        841720 kB
Mapped:           490508 kB
Shmem:              2016 kB
Slab:             103340 kB
SReclaimable:      31896 kB
SUnreclaim:        71444 kB
KernelStack:       39408 kB
PageTables:        40468 kB
NFS_Unstable:          0 kB
Bounce:                0 kB
WritebackTmp:          0 kB
CommitLimit:     1815632 kB
Committed_AS:   113279136 kB
VmallocTotal:   251658176 kB
VmallocUsed:      123172 kB
VmallocChunk:   251372964 kB
Time pass: 261 sec

---2015-12-10 12:23:27
MemTotal:        2582696 kB
MemFree:          112664 kB
Buffers:            6764 kB
Cached:           872432 kB
SwapCached:          104 kB
Active:          1118136 kB
Inactive:         605972 kB
Active(anon):     679508 kB
Inactive(anon):   171328 kB
Active(file):     438628 kB
Inactive(file):   434644 kB
Unevictable:        3916 kB
Mlocked:               0 kB
SwapTotal:        524284 kB
SwapFree:         521080 kB
Dirty:               992 kB
Writeback:             0 kB
AnonPages:        848684 kB
Mapped:           497396 kB
Shmem:              2008 kB
Slab:             102932 kB
SReclaimable:      31496 kB
SUnreclaim:        71436 kB
KernelStack:       40192 kB
PageTables:        40972 kB
NFS_Unstable:          0 kB
Bounce:                0 kB
WritebackTmp:          0 kB
CommitLimit:     1815632 kB
Committed_AS:   114538952 kB
VmallocTotal:   251658176 kB
VmallocUsed:      124192 kB
VmallocChunk:   251372964 kB
Time pass: 265 sec

---2015-12-10 12:23:27
MemTotal:        2582696 kB
MemFree:          120276 kB
Buffers:            6764 kB
Cached:           872432 kB
SwapCached:          104 kB
Active:          1109984 kB
Inactive:         605964 kB
Active(anon):     671348 kB
Inactive(anon):   171328 kB
Active(file):     438636 kB
Inactive(file):   434636 kB
Unevictable:        3916 kB
Mlocked:               0 kB
SwapTotal:        524284 kB
SwapFree:         521080 kB
Dirty:               984 kB
Writeback:             0 kB
AnonPages:        840712 kB
Mapped:           497396 kB
Shmem:              2008 kB
Slab:             103164 kB
SReclaimable:      31664 kB
SUnreclaim:        71500 kB
KernelStack:       40176 kB
PageTables:        40976 kB
NFS_Unstable:          0 kB
Bounce:                0 kB
WritebackTmp:          0 kB
CommitLimit:     1815632 kB
Committed_AS:   114538824 kB
VmallocTotal:   251658176 kB
VmallocUsed:      124192 kB
VmallocChunk:   251372964 kB
Time pass: 269 sec

---2015-12-10 12:23:27
MemTotal:        2582696 kB
MemFree:          120260 kB
Buffers:            6764 kB
Cached:           872432 kB
SwapCached:          104 kB
Active:          1110244 kB
Inactive:         605964 kB
Active(anon):     671608 kB
Inactive(anon):   171328 kB
Active(file):     438636 kB
Inactive(file):   434636 kB
Unevictable:        3916 kB
Mlocked:               0 kB
SwapTotal:        524284 kB
SwapFree:         521080 kB
Dirty:               988 kB
Writeback:             0 kB
AnonPages:        840780 kB
Mapped:           497396 kB
Shmem:              2008 kB
Slab:             103172 kB
SReclaimable:      31664 kB
SUnreclaim:        71508 kB
KernelStack:       40208 kB
PageTables:        40972 kB
NFS_Unstable:          0 kB
Bounce:                0 kB
WritebackTmp:          0 kB
CommitLimit:     1815632 kB
Committed_AS:   114538808 kB
VmallocTotal:   251658176 kB
VmallocUsed:      124192 kB
VmallocChunk:   251372964 kB
Time pass: 273 sec

---2015-12-10 12:23:27
MemTotal:        2582696 kB
MemFree:          119116 kB
Buffers:            6764 kB
Cached:           872432 kB
SwapCached:          104 kB
Active:          1111128 kB
Inactive:         605964 kB
Active(anon):     672492 kB
Inactive(anon):   171328 kB
Active(file):     438636 kB
Inactive(file):   434636 kB
Unevictable:        3916 kB
Mlocked:               0 kB
SwapTotal:        524284 kB
SwapFree:         521080 kB
Dirty:               984 kB
Writeback:             0 kB
AnonPages:        842396 kB
Mapped:           497396 kB
Shmem:              2008 kB
Slab:             103168 kB
SReclaimable:      31668 kB
SUnreclaim:        71500 kB
KernelStack:       40176 kB
PageTables:        40976 kB
NFS_Unstable:          0 kB
Bounce:                0 kB
WritebackTmp:          0 kB
CommitLimit:     1815632 kB
Committed_AS:   114538824 kB
VmallocTotal:   251658176 kB
VmallocUsed:      124192 kB
VmallocChunk:   251372964 kB
Time pass: 277 sec

---2015-12-10 12:23:27
MemTotal:        2582696 kB
MemFree:          128136 kB
Buffers:            6764 kB
Cached:           872436 kB
SwapCached:          104 kB
Active:          1103124 kB
Inactive:         605920 kB
Active(anon):     664440 kB
Inactive(anon):   171328 kB
Active(file):     438684 kB
Inactive(file):   434592 kB
Unevictable:        3916 kB
Mlocked:               0 kB
SwapTotal:        524284 kB
SwapFree:         521080 kB
Dirty:               984 kB
Writeback:             0 kB
AnonPages:        833748 kB
Mapped:           490676 kB
Shmem:              2008 kB
Slab:             103252 kB
SReclaimable:      31672 kB
SUnreclaim:        71580 kB
KernelStack:       39392 kB
PageTables:        40496 kB
NFS_Unstable:          0 kB
Bounce:                0 kB
WritebackTmp:          0 kB
CommitLimit:     1815632 kB
Committed_AS:   113290904 kB
VmallocTotal:   251658176 kB
VmallocUsed:      123172 kB
VmallocChunk:   251372964 kB
Time pass: 281 sec

---2015-12-10 12:23:27
MemTotal:        2582696 kB
MemFree:          110168 kB
Buffers:            6772 kB
Cached:           872452 kB
SwapCached:          104 kB
Active:          1120296 kB
Inactive:         605948 kB
Active(anon):     681620 kB
Inactive(anon):   171340 kB
Active(file):     438676 kB
Inactive(file):   434608 kB
Unevictable:        3916 kB
Mlocked:               0 kB
SwapTotal:        524284 kB
SwapFree:         521080 kB
Dirty:              1004 kB
Writeback:             0 kB
AnonPages:        851260 kB
Mapped:           497428 kB
Shmem:              2024 kB
Slab:             103284 kB
SReclaimable:      31728 kB
SUnreclaim:        71556 kB
KernelStack:       40272 kB
PageTables:        41012 kB
NFS_Unstable:          0 kB
Bounce:                0 kB
WritebackTmp:          0 kB
CommitLimit:     1815632 kB
Committed_AS:   114555432 kB
VmallocTotal:   251658176 kB
VmallocUsed:      124192 kB
VmallocChunk:   251372964 kB
Time pass: 284 sec

---2015-12-10 12:23:27
MemTotal:        2582696 kB
MemFree:          109736 kB
Buffers:            6772 kB
Cached:           872452 kB
SwapCached:          104 kB
Active:          1120520 kB
Inactive:         605948 kB
Active(anon):     681844 kB
Inactive(anon):   171340 kB
Active(file):     438676 kB
Inactive(file):   434608 kB
Unevictable:        3916 kB
Mlocked:               0 kB
SwapTotal:        524284 kB
SwapFree:         521080 kB
Dirty:              1004 kB
Writeback:             0 kB
AnonPages:        851132 kB
Mapped:           497428 kB
Shmem:              2024 kB
Slab:             103268 kB
SReclaimable:      31728 kB
SUnreclaim:        71540 kB
KernelStack:       40256 kB
PageTables:        41012 kB
NFS_Unstable:          0 kB
Bounce:                0 kB
WritebackTmp:          0 kB
CommitLimit:     1815632 kB
Committed_AS:   114555408 kB
VmallocTotal:   251658176 kB
VmallocUsed:      124192 kB
VmallocChunk:   251372964 kB
Time pass: 289 sec

---2015-12-10 12:23:27
MemTotal:        2582696 kB
MemFree:          108772 kB
Buffers:            6772 kB
Cached:           872452 kB
SwapCached:          104 kB
Active:          1120752 kB
Inactive:         605940 kB
Active(anon):     682068 kB
Inactive(anon):   171340 kB
Active(file):     438684 kB
Inactive(file):   434600 kB
Unevictable:        3916 kB
Mlocked:               0 kB
SwapTotal:        524284 kB
SwapFree:         521080 kB
Dirty:               984 kB
Writeback:             0 kB
AnonPages:        851416 kB
Mapped:           497460 kB
Shmem:              2024 kB
Slab:             103292 kB
SReclaimable:      31728 kB
SUnreclaim:        71564 kB
KernelStack:       40192 kB
PageTables:        41016 kB
NFS_Unstable:          0 kB
Bounce:                0 kB
WritebackTmp:          0 kB
CommitLimit:     1815632 kB
Committed_AS:   114555368 kB
VmallocTotal:   251658176 kB
VmallocUsed:      124192 kB
VmallocChunk:   251372964 kB
Time pass: 293 sec

---2015-12-10 12:23:27
MemTotal:        2582696 kB
MemFree:          118224 kB
Buffers:            6772 kB
Cached:           872588 kB
SwapCached:          104 kB
Active:          1113936 kB
Inactive:         606068 kB
Active(anon):     675244 kB
Inactive(anon):   171476 kB
Active(file):     438692 kB
Inactive(file):   434592 kB
Unevictable:        3916 kB
Mlocked:               0 kB
SwapTotal:        524284 kB
SwapFree:         521080 kB
Dirty:               988 kB
Writeback:             4 kB
AnonPages:        844712 kB
Mapped:           490792 kB
Shmem:              2160 kB
Slab:             103340 kB
SReclaimable:      31728 kB
SUnreclaim:        71612 kB
KernelStack:       40048 kB
PageTables:        40560 kB
NFS_Unstable:          0 kB
Bounce:                0 kB
WritebackTmp:          0 kB
CommitLimit:     1815632 kB
Committed_AS:   113299392 kB
VmallocTotal:   251658176 kB
VmallocUsed:      123172 kB
VmallocChunk:   251372964 kB
Time pass: 297 sec

---2015-12-10 12:23:27
MemTotal:        2582696 kB
MemFree:          111168 kB
Buffers:            6772 kB
Cached:           872588 kB
SwapCached:          104 kB
Active:          1119532 kB
Inactive:         606076 kB
Active(anon):     680848 kB
Inactive(anon):   171476 kB
Active(file):     438684 kB
Inactive(file):   434600 kB
Unevictable:        3916 kB
Mlocked:               0 kB
SwapTotal:        524284 kB
SwapFree:         521080 kB
Dirty:               980 kB
Writeback:             0 kB
AnonPages:        850552 kB
Mapped:           496144 kB
Shmem:              2160 kB
Slab:             103268 kB
SReclaimable:      31728 kB
SUnreclaim:        71540 kB
KernelStack:       39392 kB
PageTables:        40740 kB
NFS_Unstable:          0 kB
Bounce:                0 kB
WritebackTmp:          0 kB
CommitLimit:     1815632 kB
Committed_AS:   114549488 kB
VmallocTotal:   251658176 kB
VmallocUsed:      124192 kB
VmallocChunk:   251372964 kB
Time pass: 301 sec

---2015-12-10 12:23:27
MemTotal:        2582696 kB
MemFree:          106496 kB
Buffers:            6772 kB
Cached:           862472 kB
SwapCached:          104 kB
Active:          1122056 kB
Inactive:         606688 kB
Active(anon):     692328 kB
Inactive(anon):   173248 kB
Active(file):     429728 kB
Inactive(file):   433440 kB
Unevictable:        3916 kB
Mlocked:               0 kB
SwapTotal:        524284 kB
SwapFree:         520764 kB
Dirty:               972 kB
Writeback:             0 kB
AnonPages:        863416 kB
Mapped:           497616 kB
Shmem:              2160 kB
Slab:             103384 kB
SReclaimable:      31768 kB
SUnreclaim:        71616 kB
KernelStack:       40240 kB
PageTables:        41048 kB
NFS_Unstable:          0 kB
Bounce:                0 kB
WritebackTmp:          0 kB
CommitLimit:     1815632 kB
Committed_AS:   114563824 kB
VmallocTotal:   251658176 kB
VmallocUsed:      124192 kB
VmallocChunk:   251372964 kB
Time pass: 305 sec

---2015-12-10 12:23:27
MemTotal:        2582696 kB
MemFree:          111300 kB
Buffers:            6772 kB
Cached:           863308 kB
SwapCached:          104 kB
Active:          1116108 kB
Inactive:         607504 kB
Active(anon):     686380 kB
Inactive(anon):   173232 kB
Active(file):     429728 kB
Inactive(file):   434272 kB
Unevictable:        3916 kB
Mlocked:               0 kB
SwapTotal:        524284 kB
SwapFree:         520764 kB
Dirty:               984 kB
Writeback:             0 kB
AnonPages:        857644 kB
Mapped:           497612 kB
Shmem:              2148 kB
Slab:             103516 kB
SReclaimable:      31852 kB
SUnreclaim:        71664 kB
KernelStack:       40192 kB
PageTables:        41056 kB
NFS_Unstable:          0 kB
Bounce:                0 kB
WritebackTmp:          0 kB
CommitLimit:     1815632 kB
Committed_AS:   114563912 kB
VmallocTotal:   251658176 kB
VmallocUsed:      124192 kB
VmallocChunk:   251372964 kB
Time pass: 309 sec

---2015-12-10 12:23:27
MemTotal:        2582696 kB
MemFree:          115140 kB
Buffers:            6772 kB
Cached:           863308 kB
SwapCached:          104 kB
Active:          1111460 kB
Inactive:         607504 kB
Active(anon):     681732 kB
Inactive(anon):   173232 kB
Active(file):     429728 kB
Inactive(file):   434272 kB
Unevictable:        3916 kB
Mlocked:               0 kB
SwapTotal:        524284 kB
SwapFree:         520764 kB
Dirty:               984 kB
Writeback:             0 kB
AnonPages:        852848 kB
Mapped:           497656 kB
Shmem:              2148 kB
Slab:             103548 kB
SReclaimable:      31852 kB
SUnreclaim:        71696 kB
KernelStack:       40208 kB
PageTables:        41060 kB
NFS_Unstable:          0 kB
Bounce:                0 kB
WritebackTmp:          0 kB
CommitLimit:     1815632 kB
Committed_AS:   114563920 kB
VmallocTotal:   251658176 kB
VmallocUsed:      124192 kB
VmallocChunk:   251372964 kB
Time pass: 314 sec

---2015-12-10 12:23:27
MemTotal:        2582696 kB
MemFree:          122640 kB
Buffers:            6772 kB
Cached:           863952 kB
SwapCached:          104 kB
Active:          1105636 kB
Inactive:         608100 kB
Active(anon):     675844 kB
Inactive(anon):   173232 kB
Active(file):     429792 kB
Inactive(file):   434868 kB
Unevictable:        3916 kB
Mlocked:               0 kB
SwapTotal:        524284 kB
SwapFree:         520764 kB
Dirty:              1772 kB
Writeback:             0 kB
AnonPages:        846800 kB
Mapped:           490912 kB
Shmem:              2148 kB
Slab:             103620 kB
SReclaimable:      31860 kB
SUnreclaim:        71760 kB
KernelStack:       39632 kB
PageTables:        40580 kB
NFS_Unstable:          0 kB
Bounce:                0 kB
WritebackTmp:          0 kB
CommitLimit:     1815632 kB
Committed_AS:   113307808 kB
VmallocTotal:   251658176 kB
VmallocUsed:      123172 kB
VmallocChunk:   251372964 kB
Time pass: 318 sec

---2015-12-10 12:23:27
MemTotal:        2582696 kB
MemFree:          126264 kB
Buffers:            6772 kB
Cached:           863892 kB
SwapCached:          104 kB
Active:          1100852 kB
Inactive:         608048 kB
Active(anon):     671084 kB
Inactive(anon):   173232 kB
Active(file):     429768 kB
Inactive(file):   434816 kB
Unevictable:        3916 kB
Mlocked:               0 kB
SwapTotal:        524284 kB
SwapFree:         520764 kB
Dirty:              1720 kB
Writeback:             0 kB
AnonPages:        842232 kB
Mapped:           497740 kB
Shmem:              2164 kB
Slab:             103652 kB
SReclaimable:      31884 kB
SUnreclaim:        71768 kB
KernelStack:       40272 kB
PageTables:        41104 kB
NFS_Unstable:          0 kB
Bounce:                0 kB
WritebackTmp:          0 kB
CommitLimit:     1815632 kB
Committed_AS:   114568168 kB
VmallocTotal:   251658176 kB
VmallocUsed:      124192 kB
VmallocChunk:   251372964 kB
Time pass: 323 sec

---2015-12-10 12:23:27
MemTotal:        2582696 kB
MemFree:          130468 kB
Buffers:            6772 kB
Cached:           863900 kB
SwapCached:          104 kB
Active:          1096600 kB
Inactive:         608044 kB
Active(anon):     666824 kB
Inactive(anon):   173232 kB
Active(file):     429776 kB
Inactive(file):   434812 kB
Unevictable:        3916 kB
Mlocked:               0 kB
SwapTotal:        524284 kB
SwapFree:         520764 kB
Dirty:              1692 kB
Writeback:             0 kB
AnonPages:        837884 kB
Mapped:           497704 kB
Shmem:              2168 kB
Slab:             103664 kB
SReclaimable:      31884 kB
SUnreclaim:        71780 kB
KernelStack:       40192 kB
PageTables:        41088 kB
NFS_Unstable:          0 kB
Bounce:                0 kB
WritebackTmp:          0 kB
CommitLimit:     1815632 kB
Committed_AS:   114568112 kB
VmallocTotal:   251658176 kB
VmallocUsed:      124192 kB
VmallocChunk:   251372964 kB
Time pass: 327 sec

---2015-12-10 12:23:27
MemTotal:        2582696 kB
MemFree:          129284 kB
Buffers:            6772 kB
Cached:           863900 kB
SwapCached:          104 kB
Active:          1096664 kB
Inactive:         608040 kB
Active(anon):     666884 kB
Inactive(anon):   173232 kB
Active(file):     429780 kB
Inactive(file):   434808 kB
Unevictable:        3916 kB
Mlocked:               0 kB
SwapTotal:        524284 kB
SwapFree:         520764 kB
Dirty:              1692 kB
Writeback:             0 kB
AnonPages:        837984 kB
Mapped:           497704 kB
Shmem:              2168 kB
Slab:             103660 kB
SReclaimable:      31884 kB
SUnreclaim:        71776 kB
KernelStack:       40224 kB
PageTables:        41072 kB
NFS_Unstable:          0 kB
Bounce:                0 kB
WritebackTmp:          0 kB
CommitLimit:     1815632 kB
Committed_AS:   114568096 kB
VmallocTotal:   251658176 kB
VmallocUsed:      124192 kB
VmallocChunk:   251372964 kB
Time pass: 331 sec

---2015-12-10 12:23:27
MemTotal:        2582696 kB
MemFree:          128568 kB
Buffers:            6772 kB
Cached:           863900 kB
SwapCached:          104 kB
Active:          1097116 kB
Inactive:         608040 kB
Active(anon):     667336 kB
Inactive(anon):   173232 kB
Active(file):     429780 kB
Inactive(file):   434808 kB
Unevictable:        3916 kB
Mlocked:               0 kB
SwapTotal:        524284 kB
SwapFree:         520764 kB
Dirty:              1696 kB
Writeback:             0 kB
AnonPages:        838472 kB
Mapped:           497620 kB
Shmem:              2168 kB
Slab:             103668 kB
SReclaimable:      31884 kB
SUnreclaim:        71784 kB
KernelStack:       40208 kB
PageTables:        41048 kB
NFS_Unstable:          0 kB
Bounce:                0 kB
WritebackTmp:          0 kB
CommitLimit:     1815632 kB
Committed_AS:   114568104 kB
VmallocTotal:   251658176 kB
VmallocUsed:      124192 kB
VmallocChunk:   251372964 kB
Time pass: 335 sec

---2015-12-10 12:23:27
MemTotal:        2582696 kB
MemFree:          136692 kB
Buffers:            6772 kB
Cached:           863900 kB
SwapCached:          104 kB
Active:          1089956 kB
Inactive:         608040 kB
Active(anon):     660176 kB
Inactive(anon):   173232 kB
Active(file):     429780 kB
Inactive(file):   434808 kB
Unevictable:        3916 kB
Mlocked:               0 kB
SwapTotal:        524284 kB
SwapFree:         520764 kB
Dirty:              1696 kB
Writeback:             0 kB
AnonPages:        831072 kB
Mapped:           490944 kB
Shmem:              2168 kB
Slab:             103588 kB
SReclaimable:      31876 kB
SUnreclaim:        71712 kB
KernelStack:       39584 kB
PageTables:        40600 kB
NFS_Unstable:          0 kB
Bounce:                0 kB
WritebackTmp:          0 kB
CommitLimit:     1815632 kB
Committed_AS:   113316208 kB
VmallocTotal:   251658176 kB
VmallocUsed:      123172 kB
VmallocChunk:   251372964 kB
Time pass: 338 sec

---2015-12-10 12:23:27
MemTotal:        2582696 kB
MemFree:          118864 kB
Buffers:            6772 kB
Cached:           863924 kB
SwapCached:          104 kB
Active:          1107368 kB
Inactive:         608060 kB
Active(anon):     677588 kB
Inactive(anon):   173248 kB
Active(file):     429780 kB
Inactive(file):   434812 kB
Unevictable:        3916 kB
Mlocked:               0 kB
SwapTotal:        524284 kB
SwapFree:         520764 kB
Dirty:              1728 kB
Writeback:             4 kB
AnonPages:        848616 kB
Mapped:           497752 kB
Shmem:              2184 kB
Slab:             103692 kB
SReclaimable:      31876 kB
SUnreclaim:        71816 kB
KernelStack:       40320 kB
PageTables:        41068 kB
NFS_Unstable:          0 kB
Bounce:                0 kB
WritebackTmp:          0 kB
CommitLimit:     1815632 kB
Committed_AS:   114576608 kB
VmallocTotal:   251658176 kB
VmallocUsed:      124192 kB
VmallocChunk:   251372964 kB
Time pass: 342 sec

---2015-12-10 12:23:27
MemTotal:        2582696 kB
MemFree:          118912 kB
Buffers:            6780 kB
Cached:           863920 kB
SwapCached:          104 kB
Active:          1107168 kB
Inactive:         608060 kB
Active(anon):     677388 kB
Inactive(anon):   173248 kB
Active(file):     429780 kB
Inactive(file):   434812 kB
Unevictable:        3916 kB
Mlocked:               0 kB
SwapTotal:        524284 kB
SwapFree:         520764 kB
Dirty:              1712 kB
Writeback:             0 kB
AnonPages:        848536 kB
Mapped:           497752 kB
Shmem:              2184 kB
Slab:             103780 kB
SReclaimable:      31908 kB
SUnreclaim:        71872 kB
KernelStack:       40208 kB
PageTables:        41088 kB
NFS_Unstable:          0 kB
Bounce:                0 kB
WritebackTmp:          0 kB
CommitLimit:     1815632 kB
Committed_AS:   114576528 kB
VmallocTotal:   251658176 kB
VmallocUsed:      124192 kB
VmallocChunk:   251372964 kB
Time pass: 345 sec

---2015-12-10 12:23:27
MemTotal:        2582696 kB
MemFree:          118896 kB
Buffers:            6780 kB
Cached:           863920 kB
SwapCached:          104 kB
Active:          1107336 kB
Inactive:         608068 kB
Active(anon):     677556 kB
Inactive(anon):   173248 kB
Active(file):     429780 kB
Inactive(file):   434820 kB
Unevictable:        3916 kB
Mlocked:               0 kB
SwapTotal:        524284 kB
SwapFree:         520764 kB
Dirty:              1696 kB
Writeback:             0 kB
AnonPages:        848456 kB
Mapped:           497752 kB
Shmem:              2184 kB
Slab:             103760 kB
SReclaimable:      31908 kB
SUnreclaim:        71852 kB
KernelStack:       40208 kB
PageTables:        41096 kB
NFS_Unstable:          0 kB
Bounce:                0 kB
WritebackTmp:          0 kB
CommitLimit:     1815632 kB
Committed_AS:   114576392 kB
VmallocTotal:   251658176 kB
VmallocUsed:      124192 kB
VmallocChunk:   251372964 kB
Time pass: 349 sec

---2015-12-10 12:23:27
MemTotal:        2582696 kB
MemFree:          118000 kB
Buffers:            6780 kB
Cached:           863920 kB
SwapCached:          104 kB
Active:          1107436 kB
Inactive:         608068 kB
Active(anon):     677656 kB
Inactive(anon):   173248 kB
Active(file):     429780 kB
Inactive(file):   434820 kB
Unevictable:        3916 kB
Mlocked:               0 kB
SwapTotal:        524284 kB
SwapFree:         520764 kB
Dirty:              1696 kB
Writeback:             0 kB
AnonPages:        848800 kB
Mapped:           497756 kB
Shmem:              2184 kB
Slab:             103720 kB
SReclaimable:      31908 kB
SUnreclaim:        71812 kB
KernelStack:       40160 kB
PageTables:        41096 kB
NFS_Unstable:          0 kB
Bounce:                0 kB
WritebackTmp:          0 kB
CommitLimit:     1815632 kB
Committed_AS:   114576416 kB
VmallocTotal:   251658176 kB
VmallocUsed:      124192 kB
VmallocChunk:   251372964 kB
Time pass: 354 sec

---2015-12-10 12:23:27
MemTotal:        2582696 kB
MemFree:          126296 kB
Buffers:            6780 kB
Cached:           863920 kB
SwapCached:          104 kB
Active:          1100944 kB
Inactive:         608060 kB
Active(anon):     671164 kB
Inactive(anon):   173240 kB
Active(file):     429780 kB
Inactive(file):   434820 kB
Unevictable:        3916 kB
Mlocked:               0 kB
SwapTotal:        524284 kB
SwapFree:         520764 kB
Dirty:              1696 kB
Writeback:             0 kB
AnonPages:        842216 kB
Mapped:           491024 kB
Shmem:              2184 kB
Slab:             103752 kB
SReclaimable:      31908 kB
SUnreclaim:        71844 kB
KernelStack:       39376 kB
PageTables:        40608 kB
NFS_Unstable:          0 kB
Bounce:                0 kB
WritebackTmp:          0 kB
CommitLimit:     1815632 kB
Committed_AS:   113324396 kB
VmallocTotal:   251658176 kB
VmallocUsed:      123172 kB
VmallocChunk:   251372964 kB
Time pass: 358 sec

---2015-12-10 12:23:27
MemTotal:        2582696 kB
MemFree:          116956 kB
Buffers:            6780 kB
Cached:           864152 kB
SwapCached:          104 kB
Active:          1108136 kB
Inactive:         608300 kB
Active(anon):     678364 kB
Inactive(anon):   173256 kB
Active(file):     429772 kB
Inactive(file):   435044 kB
Unevictable:        3916 kB
Mlocked:               0 kB
SwapTotal:        524284 kB
SwapFree:         520764 kB
Dirty:              1724 kB
Writeback:             0 kB
AnonPages:        849288 kB
Mapped:           497824 kB
Shmem:              2200 kB
Slab:             103868 kB
SReclaimable:      31924 kB
SUnreclaim:        71944 kB
KernelStack:       40256 kB
PageTables:        41120 kB
NFS_Unstable:          0 kB
Bounce:                0 kB
WritebackTmp:          0 kB
CommitLimit:     1815632 kB
Committed_AS:   114584728 kB
VmallocTotal:   251658176 kB
VmallocUsed:      124192 kB
VmallocChunk:   251372964 kB
Time pass: 362 sec

---2015-12-10 12:23:27
MemTotal:        2582696 kB
MemFree:          127624 kB
Buffers:            6780 kB
Cached:           864152 kB
SwapCached:          104 kB
Active:          1096748 kB
Inactive:         608292 kB
Active(anon):     666968 kB
Inactive(anon):   173256 kB
Active(file):     429780 kB
Inactive(file):   435036 kB
Unevictable:        3916 kB
Mlocked:               0 kB
SwapTotal:        524284 kB
SwapFree:         520764 kB
Dirty:              1696 kB
Writeback:             0 kB
AnonPages:        838048 kB
Mapped:           497912 kB
Shmem:              2200 kB
Slab:             103780 kB
SReclaimable:      31828 kB
SUnreclaim:        71952 kB
KernelStack:       40224 kB
PageTables:        41140 kB
NFS_Unstable:          0 kB
Bounce:                0 kB
WritebackTmp:          0 kB
CommitLimit:     1815632 kB
Committed_AS:   114584616 kB
VmallocTotal:   251658176 kB
VmallocUsed:      124192 kB
VmallocChunk:   251372964 kB
Time pass: 365 sec

---2015-12-10 12:23:27
MemTotal:        2582696 kB
MemFree:          128900 kB
Buffers:            6780 kB
Cached:           864152 kB
SwapCached:          104 kB
Active:          1095912 kB
Inactive:         608292 kB
Active(anon):     666132 kB
Inactive(anon):   173256 kB
Active(file):     429780 kB
Inactive(file):   435036 kB
Unevictable:        3916 kB
Mlocked:               0 kB
SwapTotal:        524284 kB
SwapFree:         520764 kB
Dirty:              1696 kB
Writeback:             0 kB
AnonPages:        837096 kB
Mapped:           497828 kB
Shmem:              2200 kB
Slab:             103868 kB
SReclaimable:      31844 kB
SUnreclaim:        72024 kB
KernelStack:       40224 kB
PageTables:        41112 kB
NFS_Unstable:          0 kB
Bounce:                0 kB
WritebackTmp:          0 kB
CommitLimit:     1815632 kB
Committed_AS:   114584584 kB
VmallocTotal:   251658176 kB
VmallocUsed:      124192 kB
VmallocChunk:   251372964 kB
Time pass: 369 sec

---2015-12-10 12:23:27
MemTotal:        2582696 kB
MemFree:          128684 kB
Buffers:            6780 kB
Cached:           864152 kB
SwapCached:          104 kB
Active:          1096900 kB
Inactive:         608292 kB
Active(anon):     667120 kB
Inactive(anon):   173256 kB
Active(file):     429780 kB
Inactive(file):   435036 kB
Unevictable:        3916 kB
Mlocked:               0 kB
SwapTotal:        524284 kB
SwapFree:         520764 kB
Dirty:              1696 kB
Writeback:             0 kB
AnonPages:        838160 kB
Mapped:           497828 kB
Shmem:              2200 kB
Slab:             103808 kB
SReclaimable:      31844 kB
SUnreclaim:        71964 kB
KernelStack:       40224 kB
PageTables:        41112 kB
NFS_Unstable:          0 kB
Bounce:                0 kB
WritebackTmp:          0 kB
CommitLimit:     1815632 kB
Committed_AS:   114584584 kB
VmallocTotal:   251658176 kB
VmallocUsed:      124192 kB
VmallocChunk:   251372964 kB
Time pass: 373 sec

---2015-12-10 12:23:27
MemTotal:        2582696 kB
MemFree:          136584 kB
Buffers:            6780 kB
Cached:           864532 kB
SwapCached:          104 kB
Active:          1089892 kB
Inactive:         608648 kB
Active(anon):     660088 kB
Inactive(anon):   173256 kB
Active(file):     429804 kB
Inactive(file):   435392 kB
Unevictable:        3916 kB
Mlocked:               0 kB
SwapTotal:        524284 kB
SwapFree:         520764 kB
Dirty:              2220 kB
Writeback:             0 kB
AnonPages:        830940 kB
Mapped:           491128 kB
Shmem:              2200 kB
Slab:             103752 kB
SReclaimable:      31828 kB
SUnreclaim:        71924 kB
KernelStack:       39408 kB
PageTables:        40640 kB
NFS_Unstable:          0 kB
Bounce:                0 kB
WritebackTmp:          0 kB
CommitLimit:     1815632 kB
Committed_AS:   113332560 kB
VmallocTotal:   251658176 kB
VmallocUsed:      123172 kB
VmallocChunk:   251372964 kB
Time pass: 377 sec

---2015-12-10 12:23:27
MemTotal:        2582696 kB
MemFree:          122004 kB
Buffers:            6780 kB
Cached:           864468 kB
SwapCached:          100 kB
Active:          1103632 kB
Inactive:         608568 kB
Active(anon):     673812 kB
Inactive(anon):   173272 kB
Active(file):     429820 kB
Inactive(file):   435296 kB
Unevictable:        3916 kB
Mlocked:               0 kB
SwapTotal:        524284 kB
SwapFree:         520768 kB
Dirty:              1732 kB
Writeback:             8 kB
AnonPages:        844792 kB
Mapped:           497844 kB
Shmem:              2216 kB
Slab:             103780 kB
SReclaimable:      31828 kB
SUnreclaim:        71952 kB
KernelStack:       40224 kB
PageTables:        41148 kB
NFS_Unstable:          0 kB
Bounce:                0 kB
WritebackTmp:          0 kB
CommitLimit:     1815632 kB
Committed_AS:   114592912 kB
VmallocTotal:   251658176 kB
VmallocUsed:      124192 kB
VmallocChunk:   251372964 kB
Time pass: 381 sec

---2015-12-10 12:23:27
MemTotal:        2582696 kB
MemFree:          123500 kB
Buffers:            6780 kB
Cached:           864468 kB
SwapCached:          100 kB
Active:          1103128 kB
Inactive:         608568 kB
Active(anon):     673308 kB
Inactive(anon):   173272 kB
Active(file):     429820 kB
Inactive(file):   435296 kB
Unevictable:        3916 kB
Mlocked:               0 kB
SwapTotal:        524284 kB
SwapFree:         520768 kB
Dirty:              1736 kB
Writeback:             0 kB
AnonPages:        844380 kB
Mapped:           497848 kB
Shmem:              2216 kB
Slab:             103748 kB
SReclaimable:      31828 kB
SUnreclaim:        71920 kB
KernelStack:       40208 kB
PageTables:        41132 kB
NFS_Unstable:          0 kB
Bounce:                0 kB
WritebackTmp:          0 kB
CommitLimit:     1815632 kB
Committed_AS:   114592920 kB
VmallocTotal:   251658176 kB
VmallocUsed:      124192 kB
VmallocChunk:   251372964 kB
Time pass: 385 sec

---2015-12-10 12:23:27
MemTotal:        2582696 kB
MemFree:          124688 kB
Buffers:            6780 kB
Cached:           864468 kB
SwapCached:          100 kB
Active:          1102772 kB
Inactive:         608568 kB
Active(anon):     672952 kB
Inactive(anon):   173272 kB
Active(file):     429820 kB
Inactive(file):   435296 kB
Unevictable:        3916 kB
Mlocked:               0 kB
SwapTotal:        524284 kB
SwapFree:         520768 kB
Dirty:              1736 kB
Writeback:             0 kB
AnonPages:        844044 kB
Mapped:           497848 kB
Shmem:              2216 kB
Slab:             103740 kB
SReclaimable:      31828 kB
SUnreclaim:        71912 kB
KernelStack:       40224 kB
PageTables:        41124 kB
NFS_Unstable:          0 kB
Bounce:                0 kB
WritebackTmp:          0 kB
CommitLimit:     1815632 kB
Committed_AS:   114592888 kB
VmallocTotal:   251658176 kB
VmallocUsed:      124192 kB
VmallocChunk:   251372964 kB
Time pass: 389 sec

---2015-12-10 12:23:27
MemTotal:        2582696 kB
MemFree:          125044 kB
Buffers:            6780 kB
Cached:           864468 kB
SwapCached:          100 kB
Active:          1103124 kB
Inactive:         608568 kB
Active(anon):     673304 kB
Inactive(anon):   173272 kB
Active(file):     429820 kB
Inactive(file):   435296 kB
Unevictable:        3916 kB
Mlocked:               0 kB
SwapTotal:        524284 kB
SwapFree:         520768 kB
Dirty:              1740 kB
Writeback:             8 kB
AnonPages:        844492 kB
Mapped:           497860 kB
Shmem:              2216 kB
Slab:             103744 kB
SReclaimable:      31832 kB
SUnreclaim:        71912 kB
KernelStack:       40240 kB
