---2015-12-03 16:46:11
MemTotal:        1860984 kB
MemFree:          230772 kB
Buffers:           10836 kB
Cached:           802076 kB
SwapCached:         8816 kB
Active:           647692 kB
Inactive:         676844 kB
Active(anon):     468000 kB
Inactive(anon):    46360 kB
Active(file):     179692 kB
Inactive(file):   630484 kB
Unevictable:           0 kB
Mlocked:               0 kB
HighTotal:       1436668 kB
HighFree:          26964 kB
LowTotal:         424316 kB
LowFree:          203808 kB
SwapTotal:        716796 kB
SwapFree:         627608 kB
Dirty:                 0 kB
Writeback:             0 kB
AnonPages:        509776 kB
Mapped:           201712 kB
Shmem:              2756 kB
Slab:              44040 kB
SReclaimable:      14128 kB
SUnreclaim:        29912 kB
KernelStack:       10800 kB
PageTables:        23444 kB
NFS_Unstable:          0 kB
Bounce:                0 kB
WritebackTmp:          0 kB
CommitLimit:     1647288 kB
Committed_AS:   55384596 kB
VmallocTotal:     458752 kB
VmallocUsed:      112060 kB
VmallocChunk:     156676 kB
Time pass: 3 sec

---2015-12-03 16:46:11
MemTotal:        1860984 kB
MemFree:          233276 kB
Buffers:           10836 kB
Cached:           802076 kB
SwapCached:         8844 kB
Active:           641152 kB
Inactive:         679364 kB
Active(anon):     461460 kB
Inactive(anon):    48880 kB
Active(file):     179692 kB
Inactive(file):   630484 kB
Unevictable:           0 kB
Mlocked:               0 kB
HighTotal:       1436668 kB
HighFree:          28548 kB
LowTotal:         424316 kB
LowFree:          204728 kB
SwapTotal:        716796 kB
SwapFree:         623524 kB
Dirty:                 0 kB
Writeback:             0 kB
AnonPages:        505732 kB
Mapped:           201712 kB
Shmem:              2756 kB
Slab:              44136 kB
SReclaimable:      14144 kB
SUnreclaim:        29992 kB
KernelStack:       10800 kB
PageTables:        23444 kB
NFS_Unstable:          0 kB
Bounce:                0 kB
WritebackTmp:          0 kB
CommitLimit:     1647288 kB
Committed_AS:   55384588 kB
VmallocTotal:     458752 kB
VmallocUsed:      112060 kB
VmallocChunk:     156676 kB
Time pass: 7 sec

---2015-12-03 16:46:11
MemTotal:        1860984 kB
MemFree:          233108 kB
Buffers:           10836 kB
Cached:           802068 kB
SwapCached:         8852 kB
Active:           641216 kB
Inactive:         679352 kB
Active(anon):     461512 kB
Inactive(anon):    48880 kB
Active(file):     179704 kB
Inactive(file):   630472 kB
Unevictable:           0 kB
Mlocked:               0 kB
HighTotal:       1436668 kB
HighFree:          28548 kB
LowTotal:         424316 kB
LowFree:          204560 kB
SwapTotal:        716796 kB
SwapFree:         623528 kB
Dirty:                 0 kB
Writeback:             0 kB
AnonPages:        505764 kB
Mapped:           201712 kB
Shmem:              2756 kB
Slab:              44124 kB
SReclaimable:      14136 kB
SUnreclaim:        29988 kB
KernelStack:       10792 kB
PageTables:        23444 kB
NFS_Unstable:          0 kB
Bounce:                0 kB
WritebackTmp:          0 kB
CommitLimit:     1647288 kB
Committed_AS:   55384596 kB
VmallocTotal:     458752 kB
VmallocUsed:      112060 kB
VmallocChunk:     156676 kB
Time pass: 10 sec

---2015-12-03 16:46:11
MemTotal:        1860984 kB
MemFree:          234540 kB
Buffers:           10916 kB
Cached:           802292 kB
SwapCached:         8804 kB
Active:           637192 kB
Inactive:         680872 kB
Active(anon):     457340 kB
Inactive(anon):    50252 kB
Active(file):     179852 kB
Inactive(file):   630620 kB
Unevictable:           0 kB
Mlocked:               0 kB
HighTotal:       1436668 kB
HighFree:          30056 kB
LowTotal:         424316 kB
LowFree:          204484 kB
SwapTotal:        716796 kB
SwapFree:         619560 kB
Dirty:               180 kB
Writeback:             0 kB
AnonPages:        502876 kB
Mapped:           201784 kB
Shmem:              2756 kB
Slab:              44188 kB
SReclaimable:      14204 kB
SUnreclaim:        29984 kB
KernelStack:       10848 kB
PageTables:        23460 kB
NFS_Unstable:          0 kB
Bounce:                0 kB
WritebackTmp:          0 kB
CommitLimit:     1647288 kB
Committed_AS:   55384888 kB
VmallocTotal:     458752 kB
VmallocUsed:      112060 kB
VmallocChunk:     156676 kB
Time pass: 14 sec

---2015-12-03 16:46:11
MemTotal:        1860984 kB
MemFree:          238920 kB
Buffers:           10916 kB
Cached:           802292 kB
SwapCached:         8844 kB
Active:           632104 kB
Inactive:         681928 kB
Active(anon):     452248 kB
Inactive(anon):    51312 kB
Active(file):     179856 kB
Inactive(file):   630616 kB
Unevictable:           0 kB
Mlocked:               0 kB
HighTotal:       1436668 kB
HighFree:          33648 kB
LowTotal:         424316 kB
LowFree:          205272 kB
SwapTotal:        716796 kB
SwapFree:         615464 kB
Dirty:                 0 kB
Writeback:             0 kB
AnonPages:        499016 kB
Mapped:           201784 kB
Shmem:              2756 kB
Slab:              44188 kB
SReclaimable:      14224 kB
SUnreclaim:        29964 kB
KernelStack:       10848 kB
PageTables:        23456 kB
NFS_Unstable:          0 kB
Bounce:                0 kB
WritebackTmp:          0 kB
CommitLimit:     1647288 kB
Committed_AS:   55384880 kB
VmallocTotal:     458752 kB
VmallocUsed:      112060 kB
VmallocChunk:     156676 kB
Time pass: 17 sec

---2015-12-03 16:46:11
MemTotal:        1860984 kB
MemFree:          234524 kB
Buffers:           10924 kB
Cached:           802292 kB
SwapCached:         8852 kB
Active:           634912 kB
Inactive:         681940 kB
Active(anon):     455052 kB
Inactive(anon):    51320 kB
Active(file):     179860 kB
Inactive(file):   630620 kB
Unevictable:           0 kB
Mlocked:               0 kB
HighTotal:       1436668 kB
HighFree:          30176 kB
LowTotal:         424316 kB
LowFree:          204348 kB
SwapTotal:        716796 kB
SwapFree:         615464 kB
Dirty:                28 kB
Writeback:             0 kB
AnonPages:        501916 kB
Mapped:           201788 kB
Shmem:              2756 kB
Slab:              44264 kB
SReclaimable:      14224 kB
SUnreclaim:        30040 kB
KernelStack:       10864 kB
PageTables:        23572 kB
NFS_Unstable:          0 kB
Bounce:                0 kB
WritebackTmp:          0 kB
CommitLimit:     1647288 kB
Committed_AS:   56382496 kB
VmallocTotal:     458752 kB
VmallocUsed:      112060 kB
VmallocChunk:     156676 kB
Time pass: 21 sec

---2015-12-03 16:46:11
MemTotal:        1860984 kB
MemFree:          150368 kB
Buffers:           11160 kB
Cached:           838080 kB
SwapCached:        10916 kB
Active:           648724 kB
Inactive:         721116 kB
Active(anon):     468216 kB
Inactive(anon):    55220 kB
Active(file):     180508 kB
Inactive(file):   665896 kB
Unevictable:           0 kB
Mlocked:               0 kB
HighTotal:       1436668 kB
HighFree:           2580 kB
LowTotal:         424316 kB
LowFree:          147788 kB
SwapTotal:        716796 kB
SwapFree:         611852 kB
Dirty:               908 kB
Writeback:             0 kB
AnonPages:        518172 kB
Mapped:           222992 kB
Shmem:              2888 kB
Slab:              44448 kB
SReclaimable:      14352 kB
SUnreclaim:        30096 kB
KernelStack:       11360 kB
PageTables:        24120 kB
NFS_Unstable:          0 kB
Bounce:                0 kB
WritebackTmp:          0 kB
CommitLimit:     1647288 kB
Committed_AS:   56241268 kB
VmallocTotal:     458752 kB
VmallocUsed:      113232 kB
VmallocChunk:     156676 kB
Time pass: 24 sec

---2015-12-03 16:46:11
MemTotal:        1860984 kB
MemFree:           84408 kB
Buffers:           11160 kB
Cached:           840044 kB
SwapCached:        13064 kB
Active:           661512 kB
Inactive:         726356 kB
Active(anon):     480780 kB
Inactive(anon):    58752 kB
Active(file):     180732 kB
Inactive(file):   667604 kB
Unevictable:           0 kB
Mlocked:               0 kB
HighTotal:       1436668 kB
HighFree:           2560 kB
LowTotal:         424316 kB
LowFree:           81848 kB
SwapTotal:        716796 kB
SwapFree:         613248 kB
Dirty:              1720 kB
Writeback:             0 kB
AnonPages:        534164 kB
Mapped:           228060 kB
Shmem:              2888 kB
Slab:              44552 kB
SReclaimable:      14416 kB
SUnreclaim:        30136 kB
KernelStack:       11424 kB
PageTables:        24276 kB
NFS_Unstable:          0 kB
Bounce:                0 kB
WritebackTmp:          0 kB
CommitLimit:     1647288 kB
Committed_AS:   56253124 kB
VmallocTotal:     458752 kB
VmallocUsed:      113460 kB
VmallocChunk:     156676 kB
Time pass: 28 sec

---2015-12-03 16:46:11
MemTotal:        1860984 kB
MemFree:           69496 kB
Buffers:           11180 kB
Cached:           840044 kB
SwapCached:        13040 kB
Active:           653604 kB
Inactive:         726360 kB
Active(anon):     472860 kB
Inactive(anon):    58756 kB
Active(file):     180744 kB
Inactive(file):   667604 kB
Unevictable:           0 kB
Mlocked:               0 kB
HighTotal:       1436668 kB
HighFree:           3560 kB
LowTotal:         424316 kB
LowFree:           65936 kB
SwapTotal:        716796 kB
SwapFree:         613276 kB
Dirty:                88 kB
Writeback:             0 kB
AnonPages:        526288 kB
Mapped:           229712 kB
Shmem:              2888 kB
Slab:              44588 kB
SReclaimable:      14408 kB
SUnreclaim:        30180 kB
KernelStack:       11328 kB
PageTables:        24320 kB
NFS_Unstable:          0 kB
Bounce:                0 kB
WritebackTmp:          0 kB
CommitLimit:     1647288 kB
Committed_AS:   56245104 kB
VmallocTotal:     458752 kB
VmallocUsed:      113568 kB
VmallocChunk:     156676 kB
Time pass: 31 sec

---2015-12-03 16:46:11
MemTotal:        1860984 kB
MemFree:           72704 kB
Buffers:           11180 kB
Cached:           840052 kB
SwapCached:        13040 kB
Active:           648500 kB
Inactive:         727404 kB
Active(anon):     467756 kB
Inactive(anon):    59784 kB
Active(file):     180744 kB
Inactive(file):   667620 kB
Unevictable:           0 kB
Mlocked:               0 kB
HighTotal:       1436668 kB
HighFree:           6164 kB
LowTotal:         424316 kB
LowFree:           66540 kB
SwapTotal:        716796 kB
SwapFree:         609168 kB
Dirty:                 4 kB
Writeback:             0 kB
AnonPages:        522184 kB
Mapped:           229780 kB
Shmem:              2888 kB
Slab:              44592 kB
SReclaimable:      14416 kB
SUnreclaim:        30176 kB
KernelStack:       11320 kB
PageTables:        24320 kB
NFS_Unstable:          0 kB
Bounce:                0 kB
WritebackTmp:          0 kB
CommitLimit:     1647288 kB
Committed_AS:   56245080 kB
VmallocTotal:     458752 kB
VmallocUsed:      113568 kB
VmallocChunk:     156676 kB
Time pass: 35 sec

---2015-12-03 16:46:11
MemTotal:        1860984 kB
MemFree:           51292 kB
Buffers:           11188 kB
Cached:           840124 kB
SwapCached:        13064 kB
Active:           652256 kB
Inactive:         727480 kB
Active(anon):     471492 kB
Inactive(anon):    59796 kB
Active(file):     180764 kB
Inactive(file):   667684 kB
Unevictable:           0 kB
Mlocked:               0 kB
HighTotal:       1436668 kB
HighFree:           2508 kB
LowTotal:         424316 kB
LowFree:           48784 kB
SwapTotal:        716796 kB
SwapFree:         609168 kB
Dirty:                56 kB
Writeback:             0 kB
AnonPages:        525848 kB
Mapped:           230192 kB
Shmem:              2888 kB
Slab:              44592 kB
SReclaimable:      14416 kB
SUnreclaim:        30176 kB
KernelStack:       11392 kB
PageTables:        24348 kB
NFS_Unstable:          0 kB
Bounce:                0 kB
WritebackTmp:          0 kB
CommitLimit:     1647288 kB
Committed_AS:   56248336 kB
VmallocTotal:     458752 kB
VmallocUsed:      113568 kB
VmallocChunk:     156676 kB
Time pass: 39 sec

---2015-12-03 16:46:11
MemTotal:        1860984 kB
MemFree:           33972 kB
Buffers:           11188 kB
Cached:           841120 kB
SwapCached:        14028 kB
Active:           661056 kB
Inactive:         729872 kB
Active(anon):     480144 kB
Inactive(anon):    61344 kB
Active(file):     180912 kB
Inactive(file):   668528 kB
Unevictable:           0 kB
Mlocked:               0 kB
HighTotal:       1436668 kB
HighFree:           2616 kB
LowTotal:         424316 kB
LowFree:           31356 kB
SwapTotal:        716796 kB
SwapFree:         609752 kB
Dirty:                 8 kB
Writeback:             0 kB
AnonPages:        535204 kB
Mapped:           231708 kB
Shmem:              2888 kB
Slab:              44480 kB
SReclaimable:      14432 kB
SUnreclaim:        30048 kB
KernelStack:       11368 kB
PageTables:        24504 kB
NFS_Unstable:          0 kB
Bounce:                0 kB
WritebackTmp:          0 kB
CommitLimit:     1647288 kB
Committed_AS:   56251448 kB
VmallocTotal:     458752 kB
VmallocUsed:      113608 kB
VmallocChunk:     156676 kB
Time pass: 42 sec

---2015-12-03 16:46:11
MemTotal:        1860984 kB
MemFree:           41640 kB
Buffers:           11196 kB
Cached:           841116 kB
SwapCached:        14036 kB
Active:           661392 kB
Inactive:         729876 kB
Active(anon):     480472 kB
Inactive(anon):    61348 kB
Active(file):     180920 kB
Inactive(file):   668528 kB
Unevictable:           0 kB
Mlocked:               0 kB
HighTotal:       1436668 kB
HighFree:           9540 kB
LowTotal:         424316 kB
LowFree:           32100 kB
SwapTotal:        716796 kB
SwapFree:         609752 kB
Dirty:                64 kB
Writeback:             0 kB
AnonPages:        535520 kB
Mapped:           231724 kB
Shmem:              2888 kB
Slab:              44460 kB
SReclaimable:      14416 kB
SUnreclaim:        30044 kB
KernelStack:       11344 kB
PageTables:        24512 kB
NFS_Unstable:          0 kB
Bounce:                0 kB
WritebackTmp:          0 kB
CommitLimit:     1647288 kB
Committed_AS:   56253472 kB
VmallocTotal:     458752 kB
VmallocUsed:      113608 kB
VmallocChunk:     156676 kB
Time pass: 46 sec

---2015-12-03 16:46:11
MemTotal:        1860984 kB
MemFree:           31656 kB
Buffers:           11212 kB
Cached:           842724 kB
SwapCached:        14048 kB
Active:           670716 kB
Inactive:         732136 kB
Active(anon):     489504 kB
Inactive(anon):    62296 kB
Active(file):     181212 kB
Inactive(file):   669840 kB
Unevictable:           0 kB
Mlocked:               0 kB
HighTotal:       1436668 kB
HighFree:           3516 kB
LowTotal:         424316 kB
LowFree:           28140 kB
SwapTotal:        716796 kB
SwapFree:         605656 kB
Dirty:               644 kB
Writeback:             0 kB
AnonPages:        545620 kB
Mapped:           235080 kB
Shmem:              2892 kB
Slab:              44800 kB
SReclaimable:      14544 kB
SUnreclaim:        30256 kB
KernelStack:       11432 kB
PageTables:        24520 kB
NFS_Unstable:          0 kB
Bounce:                0 kB
WritebackTmp:          0 kB
CommitLimit:     1647288 kB
Committed_AS:   56268332 kB
VmallocTotal:     458752 kB
VmallocUsed:      113616 kB
VmallocChunk:     156676 kB
Time pass: 49 sec

---2015-12-03 16:46:11
MemTotal:        1860984 kB
MemFree:           37596 kB
Buffers:            7708 kB
Cached:           799952 kB
SwapCached:        14048 kB
Active:           583096 kB
Inactive:         773152 kB
Active(anon):     385576 kB
Inactive(anon):   166764 kB
Active(file):     197520 kB
Inactive(file):   606388 kB
Unevictable:         860 kB
Mlocked:               0 kB
HighTotal:       1436668 kB
HighFree:          12488 kB
LowTotal:         424316 kB
LowFree:           25108 kB
SwapTotal:        716796 kB
SwapFree:         605656 kB
Dirty:                 0 kB
Writeback:             0 kB
AnonPages:        546044 kB
Mapped:           260332 kB
Shmem:              2892 kB
Slab:              44752 kB
SReclaimable:      14524 kB
SUnreclaim:        30228 kB
KernelStack:       11368 kB
PageTables:        24596 kB
NFS_Unstable:          0 kB
Bounce:                0 kB
WritebackTmp:          0 kB
CommitLimit:     1647288 kB
Committed_AS:   56267896 kB
VmallocTotal:     458752 kB
VmallocUsed:      113808 kB
VmallocChunk:     156676 kB
Time pass: 53 sec

---2015-12-03 16:46:11
MemTotal:        1860984 kB
MemFree:           37332 kB
Buffers:            7732 kB
Cached:           800132 kB
SwapCached:        14048 kB
Active:           583104 kB
Inactive:         773324 kB
Active(anon):     385584 kB
Inactive(anon):   166736 kB
Active(file):     197520 kB
Inactive(file):   606588 kB
Unevictable:         860 kB
Mlocked:               0 kB
HighTotal:       1436668 kB
HighFree:          12240 kB
LowTotal:         424316 kB
LowFree:           25092 kB
SwapTotal:        716796 kB
SwapFree:         605656 kB
Dirty:                80 kB
Writeback:             0 kB
AnonPages:        546012 kB
Mapped:           260336 kB
Shmem:              2892 kB
Slab:              44756 kB
SReclaimable:      14524 kB
SUnreclaim:        30232 kB
KernelStack:       11384 kB
PageTables:        24596 kB
NFS_Unstable:          0 kB
Bounce:                0 kB
WritebackTmp:          0 kB
CommitLimit:     1647288 kB
Committed_AS:   56267896 kB
VmallocTotal:     458752 kB
VmallocUsed:      113808 kB
VmallocChunk:     156676 kB
Time pass: 56 sec

---2015-12-03 16:46:11
MemTotal:        1860984 kB
MemFree:           39204 kB
Buffers:            6612 kB
Cached:           784424 kB
SwapCached:        14052 kB
Active:           585484 kB
Inactive:         755064 kB
Active(anon):     386396 kB
Inactive(anon):   166868 kB
Active(file):     199088 kB
Inactive(file):   588196 kB
Unevictable:         860 kB
Mlocked:               0 kB
HighTotal:       1436668 kB
HighFree:          13716 kB
LowTotal:         424316 kB
LowFree:           25488 kB
SwapTotal:        716796 kB
SwapFree:         605656 kB
Dirty:               240 kB
Writeback:             0 kB
AnonPages:        547000 kB
Mapped:           270440 kB
Shmem:              2892 kB
Slab:              44784 kB
SReclaimable:      14548 kB
SUnreclaim:        30236 kB
KernelStack:       11384 kB
PageTables:        24632 kB
NFS_Unstable:          0 kB
Bounce:                0 kB
WritebackTmp:          0 kB
CommitLimit:     1647288 kB
Committed_AS:   56268860 kB
VmallocTotal:     458752 kB
VmallocUsed:      113848 kB
VmallocChunk:     156676 kB
Time pass: 60 sec

---2015-12-03 16:46:11
MemTotal:        1860984 kB
MemFree:           42676 kB
Buffers:            6620 kB
Cached:           784416 kB
SwapCached:        14052 kB
Active:           584872 kB
Inactive:         751536 kB
Active(anon):     385784 kB
Inactive(anon):   163340 kB
Active(file):     199088 kB
Inactive(file):   588196 kB
Unevictable:         860 kB
Mlocked:               0 kB
HighTotal:       1436668 kB
HighFree:          16568 kB
LowTotal:         424316 kB
LowFree:           26108 kB
SwapTotal:        716796 kB
SwapFree:         601452 kB
Dirty:                24 kB
Writeback:             0 kB
AnonPages:        542840 kB
Mapped:           270452 kB
Shmem:              2892 kB
Slab:              44788 kB
SReclaimable:      14548 kB
SUnreclaim:        30240 kB
KernelStack:       11384 kB
PageTables:        24632 kB
NFS_Unstable:          0 kB
Bounce:                0 kB
WritebackTmp:          0 kB
CommitLimit:     1647288 kB
Committed_AS:   56268860 kB
VmallocTotal:     458752 kB
VmallocUsed:      113848 kB
VmallocChunk:     156676 kB
Time pass: 64 sec

---2015-12-03 16:46:11
MemTotal:        1860984 kB
MemFree:           56672 kB
Buffers:            6108 kB
Cached:           779564 kB
SwapCached:        14060 kB
Active:           597276 kB
Inactive:         745720 kB
Active(anon):     392720 kB
Inactive(anon):   168464 kB
Active(file):     204556 kB
Inactive(file):   577256 kB
Unevictable:         860 kB
Mlocked:               0 kB
HighTotal:       1436668 kB
HighFree:           6428 kB
LowTotal:         424316 kB
LowFree:           50244 kB
SwapTotal:        716796 kB
SwapFree:         601524 kB
Dirty:               496 kB
Writeback:             0 kB
AnonPages:        555072 kB
Mapped:           268568 kB
Shmem:              2892 kB
Slab:              44892 kB
SReclaimable:      14548 kB
SUnreclaim:        30344 kB
KernelStack:       11480 kB
PageTables:        24656 kB
NFS_Unstable:          0 kB
Bounce:                0 kB
WritebackTmp:          0 kB
CommitLimit:     1647288 kB
Committed_AS:   56280624 kB
VmallocTotal:     458752 kB
VmallocUsed:      113844 kB
VmallocChunk:     156676 kB
Time pass: 67 sec

---2015-12-03 16:46:11
MemTotal:        1860984 kB
MemFree:           32452 kB
Buffers:            5996 kB
Cached:           778852 kB
SwapCached:        14048 kB
Active:           591028 kB
Inactive:         741444 kB
Active(anon):     385940 kB
Inactive(anon):   165512 kB
Active(file):     205088 kB
Inactive(file):   575932 kB
Unevictable:         860 kB
Mlocked:               0 kB
HighTotal:       1436668 kB
HighFree:           5932 kB
LowTotal:         424316 kB
LowFree:           26520 kB
SwapTotal:        716796 kB
SwapFree:         597444 kB
Dirty:                60 kB
Writeback:             0 kB
AnonPages:        545460 kB
Mapped:           273636 kB
Shmem:              2892 kB
Slab:              44932 kB
SReclaimable:      14564 kB
SUnreclaim:        30368 kB
KernelStack:       11424 kB
PageTables:        24676 kB
NFS_Unstable:          0 kB
Bounce:                0 kB
WritebackTmp:          0 kB
CommitLimit:     1647288 kB
Committed_AS:   56280576 kB
VmallocTotal:     458752 kB
VmallocUsed:      113944 kB
VmallocChunk:     156676 kB
Time pass: 70 sec

---2015-12-03 16:46:11
MemTotal:        1860984 kB
MemFree:           30428 kB
Buffers:            5380 kB
Cached:           770224 kB
SwapCached:        14056 kB
Active:           601836 kB
Inactive:         733992 kB
Active(anon):     395008 kB
Inactive(anon):   168972 kB
Active(file):     206828 kB
Inactive(file):   565020 kB
Unevictable:         860 kB
Mlocked:               0 kB
HighTotal:       1436668 kB
HighFree:           4840 kB
LowTotal:         424316 kB
LowFree:           25588 kB
SwapTotal:        716796 kB
SwapFree:         597444 kB
Dirty:                 0 kB
Writeback:             0 kB
AnonPages:        557744 kB
Mapped:           274732 kB
Shmem:              2892 kB
Slab:              45180 kB
SReclaimable:      14632 kB
SUnreclaim:        30548 kB
KernelStack:       11520 kB
PageTables:        24704 kB
NFS_Unstable:          0 kB
Bounce:                0 kB
WritebackTmp:          0 kB
CommitLimit:     1647288 kB
Committed_AS:   56293808 kB
VmallocTotal:     458752 kB
VmallocUsed:      113944 kB
VmallocChunk:     156676 kB
Time pass: 74 sec

---2015-12-03 16:46:11
MemTotal:        1860984 kB
MemFree:           36180 kB
Buffers:            5076 kB
Cached:           744724 kB
SwapCached:        14140 kB
Active:           605572 kB
Inactive:         706388 kB
Active(anon):     398628 kB
Inactive(anon):   167408 kB
Active(file):     206944 kB
Inactive(file):   538980 kB
Unevictable:         860 kB
Mlocked:               0 kB
HighTotal:       1436668 kB
HighFree:          12304 kB
LowTotal:         424316 kB
LowFree:           23876 kB
SwapTotal:        716796 kB
SwapFree:         593244 kB
Dirty:                92 kB
Writeback:             0 kB
AnonPages:        559592 kB
Mapped:           274000 kB
Shmem:              3016 kB
Slab:              45484 kB
SReclaimable:      14672 kB
SUnreclaim:        30812 kB
KernelStack:       11632 kB
PageTables:        24836 kB
NFS_Unstable:          0 kB
Bounce:                0 kB
WritebackTmp:          0 kB
CommitLimit:     1647288 kB
Committed_AS:   56312908 kB
VmallocTotal:     458752 kB
VmallocUsed:      118344 kB
VmallocChunk:     156676 kB
Time pass: 78 sec

---2015-12-03 16:46:11
MemTotal:        1860984 kB
MemFree:           34272 kB
Buffers:            5092 kB
Cached:           718048 kB
SwapCached:        14140 kB
Active:           603408 kB
Inactive:         678504 kB
Active(anon):     396384 kB
Inactive(anon):   166320 kB
Active(file):     207024 kB
Inactive(file):   512184 kB
Unevictable:         860 kB
Mlocked:               0 kB
HighTotal:       1436668 kB
HighFree:           8720 kB
LowTotal:         424316 kB
LowFree:           25552 kB
SwapTotal:        716796 kB
SwapFree:         589104 kB
Dirty:                 0 kB
Writeback:             0 kB
AnonPages:        556460 kB
Mapped:           274056 kB
Shmem:              3072 kB
Slab:              45620 kB
SReclaimable:      14780 kB
SUnreclaim:        30840 kB
KernelStack:       11624 kB
PageTables:        25044 kB
NFS_Unstable:          0 kB
Bounce:                0 kB
WritebackTmp:          0 kB
CommitLimit:     1647288 kB
Committed_AS:   56313388 kB
VmallocTotal:     458752 kB
VmallocUsed:      122184 kB
VmallocChunk:     156676 kB
Time pass: 81 sec

---2015-12-03 16:46:11
MemTotal:        1860984 kB
MemFree:           34788 kB
Buffers:            5092 kB
Cached:           718152 kB
SwapCached:        14140 kB
Active:           602732 kB
Inactive:         678640 kB
Active(anon):     395708 kB
Inactive(anon):   166440 kB
Active(file):     207024 kB
Inactive(file):   512200 kB
Unevictable:         860 kB
Mlocked:               0 kB
HighTotal:       1436668 kB
HighFree:           9196 kB
LowTotal:         424316 kB
LowFree:           25592 kB
SwapTotal:        716796 kB
SwapFree:         589112 kB
Dirty:                48 kB
Writeback:             0 kB
AnonPages:        555608 kB
Mapped:           274144 kB
Shmem:              3160 kB
Slab:              45628 kB
SReclaimable:      14800 kB
SUnreclaim:        30828 kB
KernelStack:       11632 kB
PageTables:        25040 kB
NFS_Unstable:          0 kB
Bounce:                0 kB
WritebackTmp:          0 kB
CommitLimit:     1647288 kB
Committed_AS:   56312272 kB
VmallocTotal:     458752 kB
VmallocUsed:      122184 kB
VmallocChunk:     156676 kB
Time pass: 85 sec

---2015-12-03 16:46:11
MemTotal:        1860984 kB
MemFree:           33240 kB
Buffers:            5100 kB
Cached:           718152 kB
SwapCached:        14140 kB
Active:           603804 kB
Inactive:         678640 kB
Active(anon):     396780 kB
Inactive(anon):   166440 kB
Active(file):     207024 kB
Inactive(file):   512200 kB
Unevictable:         860 kB
Mlocked:               0 kB
HighTotal:       1436668 kB
HighFree:           7848 kB
LowTotal:         424316 kB
LowFree:           25392 kB
SwapTotal:        716796 kB
SwapFree:         589112 kB
Dirty:                52 kB
Writeback:             0 kB
AnonPages:        556684 kB
Mapped:           274176 kB
Shmem:              3160 kB
Slab:              45736 kB
SReclaimable:      14800 kB
SUnreclaim:        30936 kB
KernelStack:       11632 kB
PageTables:        25040 kB
NFS_Unstable:          0 kB
Bounce:                0 kB
WritebackTmp:          0 kB
CommitLimit:     1647288 kB
Committed_AS:   56313192 kB
VmallocTotal:     458752 kB
VmallocUsed:      122184 kB
VmallocChunk:     156676 kB
Time pass: 88 sec

---2015-12-03 16:46:11
MemTotal:        1860984 kB
MemFree:           33000 kB
Buffers:            5116 kB
Cached:           718152 kB
SwapCached:        14140 kB
Active:           604120 kB
Inactive:         678664 kB
Active(anon):     397096 kB
Inactive(anon):   166440 kB
Active(file):     207024 kB
Inactive(file):   512224 kB
Unevictable:         860 kB
Mlocked:               0 kB
HighTotal:       1436668 kB
HighFree:           7860 kB
LowTotal:         424316 kB
LowFree:           25140 kB
SwapTotal:        716796 kB
SwapFree:         589112 kB
Dirty:                40 kB
Writeback:             0 kB
AnonPages:        557016 kB
Mapped:           274180 kB
Shmem:              3160 kB
Slab:              45864 kB
SReclaimable:      14800 kB
SUnreclaim:        31064 kB
KernelStack:       11632 kB
PageTables:        25040 kB
NFS_Unstable:          0 kB
Bounce:                0 kB
WritebackTmp:          0 kB
CommitLimit:     1647288 kB
Committed_AS:   56313264 kB
VmallocTotal:     458752 kB
VmallocUsed:      122184 kB
VmallocChunk:     156676 kB
Time pass: 92 sec

---2015-12-03 16:46:11
MemTotal:        1860984 kB
MemFree:          120296 kB
Buffers:            5164 kB
Cached:           716260 kB
SwapCached:        14196 kB
Active:           588928 kB
Inactive:         673112 kB
Active(anon):     380880 kB
Inactive(anon):   163468 kB
Active(file):     208048 kB
Inactive(file):   509644 kB
Unevictable:         860 kB
Mlocked:               0 kB
HighTotal:       1436668 kB
HighFree:          57156 kB
LowTotal:         424316 kB
LowFree:           63140 kB
SwapTotal:        716796 kB
SwapFree:         585136 kB
Dirty:                 8 kB
Writeback:             0 kB
AnonPages:        537972 kB
Mapped:           272256 kB
Shmem:              2892 kB
Slab:              45784 kB
SReclaimable:      14756 kB
SUnreclaim:        31028 kB
KernelStack:       11432 kB
PageTables:        24320 kB
NFS_Unstable:          0 kB
Bounce:                0 kB
WritebackTmp:          0 kB
CommitLimit:     1647288 kB
Committed_AS:   55487884 kB
VmallocTotal:     458752 kB
VmallocUsed:      113508 kB
VmallocChunk:     156676 kB
Time pass: 95 sec

---2015-12-03 16:46:11
MemTotal:        1860984 kB
MemFree:          332176 kB
Buffers:            5164 kB
Cached:           716264 kB
SwapCached:        14180 kB
Active:           534808 kB
Inactive:         673020 kB
Active(anon):     326620 kB
Inactive(anon):   163396 kB
Active(file):     208188 kB
Inactive(file):   509624 kB
Unevictable:         860 kB
Mlocked:               0 kB
HighTotal:       1436668 kB
HighFree:         149292 kB
LowTotal:         424316 kB
LowFree:          182884 kB
SwapTotal:        716796 kB
SwapFree:         585176 kB
Dirty:                 0 kB
Writeback:             0 kB
AnonPages:        483792 kB
Mapped:           200776 kB
Shmem:              2756 kB
Slab:              45504 kB
SReclaimable:      14744 kB
SUnreclaim:        30760 kB
KernelStack:       10760 kB
PageTables:        23276 kB
NFS_Unstable:          0 kB
Bounce:                0 kB
WritebackTmp:          0 kB
CommitLimit:     1647288 kB
Committed_AS:   54598140 kB
VmallocTotal:     458752 kB
VmallocUsed:      111660 kB
VmallocChunk:     156676 kB
Time pass: 99 sec

---2015-12-03 16:46:11
MemTotal:        1860984 kB
MemFree:          335800 kB
Buffers:            5172 kB
Cached:           716264 kB
SwapCached:        14004 kB
Active:           536176 kB
Inactive:         667548 kB
Active(anon):     327988 kB
Inactive(anon):   157916 kB
Active(file):     208188 kB
Inactive(file):   509632 kB
Unevictable:         860 kB
Mlocked:               0 kB
HighTotal:       1436668 kB
HighFree:         152280 kB
LowTotal:         424316 kB
LowFree:          183520 kB
SwapTotal:        716796 kB
SwapFree:         581236 kB
Dirty:                24 kB
Writeback:             0 kB
AnonPages:        479856 kB
Mapped:           200776 kB
Shmem:              2756 kB
Slab:              45476 kB
SReclaimable:      14744 kB
SUnreclaim:        30732 kB
KernelStack:       10760 kB
PageTables:        23276 kB
NFS_Unstable:          0 kB
Bounce:                0 kB
WritebackTmp:          0 kB
CommitLimit:     1647288 kB
Committed_AS:   54598140 kB
VmallocTotal:     458752 kB
VmallocUsed:      111660 kB
VmallocChunk:     156676 kB
Time pass: 102 sec

---2015-12-03 16:46:11
MemTotal:        1860984 kB
MemFree:          335800 kB
Buffers:            5172 kB
Cached:           716260 kB
SwapCached:        14008 kB
Active:           536172 kB
Inactive:         667548 kB
Active(anon):     327984 kB
Inactive(anon):   157916 kB
Active(file):     208188 kB
Inactive(file):   509632 kB
Unevictable:         860 kB
Mlocked:               0 kB
HighTotal:       1436668 kB
HighFree:         152280 kB
LowTotal:         424316 kB
LowFree:          183520 kB
SwapTotal:        716796 kB
SwapFree:         581236 kB
Dirty:                24 kB
Writeback:             0 kB
AnonPages:        479852 kB
Mapped:           200776 kB
Shmem:              2756 kB
Slab:              45476 kB
SReclaimable:      14744 kB
SUnreclaim:        30732 kB
KernelStack:       10752 kB
PageTables:        23276 kB
NFS_Unstable:          0 kB
Bounce:                0 kB
WritebackTmp:          0 kB
CommitLimit:     1647288 kB
Committed_AS:   54598108 kB
VmallocTotal:     458752 kB
VmallocUsed:      111660 kB
VmallocChunk:     156676 kB
Time pass: 106 sec

---2015-12-03 16:46:11
MemTotal:        1860984 kB
MemFree:          335808 kB
Buffers:            5172 kB
Cached:           716264 kB
SwapCached:        14008 kB
Active:           536200 kB
Inactive:         667552 kB
Active(anon):     328012 kB
Inactive(anon):   157920 kB
Active(file):     208188 kB
Inactive(file):   509632 kB
Unevictable:         860 kB
Mlocked:               0 kB
HighTotal:       1436668 kB
HighFree:         152280 kB
LowTotal:         424316 kB
LowFree:          183528 kB
SwapTotal:        716796 kB
SwapFree:         581236 kB
Dirty:                 0 kB
Writeback:             0 kB
AnonPages:        479852 kB
Mapped:           200776 kB
Shmem:              2756 kB
Slab:              45476 kB
SReclaimable:      14744 kB
SUnreclaim:        30732 kB
KernelStack:       10752 kB
PageTables:        23276 kB
NFS_Unstable:          0 kB
Bounce:                0 kB
WritebackTmp:          0 kB
CommitLimit:     1647288 kB
Committed_AS:   54598116 kB
VmallocTotal:     458752 kB
VmallocUsed:      111660 kB
VmallocChunk:     156676 kB
Time pass: 110 sec

---2015-12-03 16:46:11
MemTotal:        1860984 kB
MemFree:          290948 kB
Buffers:            5648 kB
Cached:           716572 kB
SwapCached:        13884 kB
Active:           557848 kB
Inactive:         660604 kB
Active(anon):     349184 kB
Inactive(anon):   150716 kB
Active(file):     208664 kB
Inactive(file):   509888 kB
Unevictable:         860 kB
Mlocked:               0 kB
HighTotal:       1436668 kB
HighFree:         122148 kB
LowTotal:         424316 kB
LowFree:          168800 kB
SwapTotal:        716796 kB
SwapFree:         577616 kB
Dirty:               844 kB
Writeback:             0 kB
AnonPages:        493988 kB
Mapped:           221728 kB
Shmem:              2888 kB
Slab:              45540 kB
SReclaimable:      14816 kB
SUnreclaim:        30724 kB
KernelStack:       11280 kB
PageTables:        23956 kB
NFS_Unstable:          0 kB
Bounce:                0 kB
WritebackTmp:          0 kB
CommitLimit:     1647288 kB
Committed_AS:   55452204 kB
VmallocTotal:     458752 kB
VmallocUsed:      112816 kB
VmallocChunk:     156676 kB
Time pass: 113 sec

---2015-12-03 16:46:11
MemTotal:        1860984 kB
MemFree:          231516 kB
Buffers:            5688 kB
Cached:           717536 kB
SwapCached:        13896 kB
Active:           581220 kB
Inactive:         660268 kB
Active(anon):     371216 kB
Inactive(anon):   150808 kB
Active(file):     210004 kB
Inactive(file):   509460 kB
Unevictable:         860 kB
Mlocked:               0 kB
HighTotal:       1436668 kB
HighFree:          77776 kB
LowTotal:         424316 kB
LowFree:          153740 kB
SwapTotal:        716796 kB
SwapFree:         577644 kB
Dirty:              1792 kB
Writeback:             0 kB
AnonPages:        516132 kB
Mapped:           226796 kB
Shmem:              2892 kB
Slab:              45544 kB
SReclaimable:      14824 kB
SUnreclaim:        30720 kB
KernelStack:       11464 kB
PageTables:        24096 kB
NFS_Unstable:          0 kB
Bounce:                0 kB
WritebackTmp:          0 kB
CommitLimit:     1647288 kB
Committed_AS:   55475076 kB
VmallocTotal:     458752 kB
VmallocUsed:      112928 kB
VmallocChunk:     156676 kB
Time pass: 117 sec

---2015-12-03 16:46:11
MemTotal:        1860984 kB
MemFree:          190092 kB
Buffers:            5696 kB
Cached:           717820 kB
SwapCached:        13896 kB
Active:           580592 kB
Inactive:         660312 kB
Active(anon):     370328 kB
Inactive(anon):   150812 kB
Active(file):     210264 kB
Inactive(file):   509500 kB
Unevictable:         860 kB
Mlocked:               0 kB
HighTotal:       1436668 kB
HighFree:          46580 kB
LowTotal:         424316 kB
LowFree:          143512 kB
SwapTotal:        716796 kB
SwapFree:         577648 kB
Dirty:               412 kB
Writeback:             0 kB
AnonPages:        515084 kB
Mapped:           232736 kB
Shmem:              2892 kB
Slab:              45532 kB
SReclaimable:      14800 kB
SUnreclaim:        30732 kB
KernelStack:       11296 kB
PageTables:        24156 kB
NFS_Unstable:          0 kB
Bounce:                0 kB
WritebackTmp:          0 kB
CommitLimit:     1647288 kB
Committed_AS:   55474028 kB
VmallocTotal:     458752 kB
VmallocUsed:      113144 kB
VmallocChunk:     156676 kB
Time pass: 120 sec

---2015-12-03 16:46:11
MemTotal:        1860984 kB
MemFree:          142776 kB
Buffers:            5720 kB
Cached:           719964 kB
SwapCached:        13808 kB
Active:           591720 kB
Inactive:         656856 kB
Active(anon):     377360 kB
Inactive(anon):   149184 kB
Active(file):     214360 kB
Inactive(file):   507672 kB
Unevictable:         860 kB
Mlocked:               0 kB
HighTotal:       1436668 kB
HighFree:          35436 kB
LowTotal:         424316 kB
LowFree:          107340 kB
SwapTotal:        716796 kB
SwapFree:         573572 kB
Dirty:               224 kB
Writeback:             0 kB
AnonPages:        520564 kB
Mapped:           236208 kB
Shmem:              2892 kB
Slab:              45496 kB
SReclaimable:      14788 kB
SUnreclaim:        30708 kB
KernelStack:       11304 kB
PageTables:        24240 kB
NFS_Unstable:          0 kB
Bounce:                0 kB
WritebackTmp:          0 kB
CommitLimit:     1647288 kB
Committed_AS:   55483216 kB
VmallocTotal:     458752 kB
VmallocUsed:      113304 kB
VmallocChunk:     156676 kB
Time pass: 123 sec

---2015-12-03 16:46:11
MemTotal:        1860984 kB
MemFree:          143692 kB
Buffers:            5720 kB
Cached:           719940 kB
SwapCached:        13808 kB
Active:           583804 kB
Inactive:         656656 kB
Active(anon):     369388 kB
Inactive(anon):   149164 kB
Active(file):     214416 kB
Inactive(file):   507492 kB
Unevictable:         860 kB
Mlocked:               0 kB
HighTotal:       1436668 kB
HighFree:          43528 kB
LowTotal:         424316 kB
LowFree:          100164 kB
SwapTotal:        716796 kB
SwapFree:         573572 kB
Dirty:               228 kB
Writeback:             0 kB
AnonPages:        512612 kB
Mapped:           237520 kB
Shmem:              2892 kB
Slab:              45376 kB
SReclaimable:      14740 kB
SUnreclaim:        30636 kB
KernelStack:       11256 kB
PageTables:        24268 kB
NFS_Unstable:          0 kB
Bounce:                0 kB
WritebackTmp:          0 kB
CommitLimit:     1647288 kB
Committed_AS:   55475168 kB
VmallocTotal:     458752 kB
VmallocUsed:      113344 kB
VmallocChunk:     156676 kB
Time pass: 127 sec

---2015-12-03 16:46:11
MemTotal:        1860984 kB
MemFree:          127472 kB
Buffers:            5728 kB
Cached:           719944 kB
SwapCached:        13824 kB
Active:           586380 kB
Inactive:         655188 kB
Active(anon):     371960 kB
Inactive(anon):   147680 kB
Active(file):     214420 kB
Inactive(file):   507508 kB
Unevictable:         860 kB
Mlocked:               0 kB
HighTotal:       1436668 kB
HighFree:          37368 kB
LowTotal:         424316 kB
LowFree:           90104 kB
SwapTotal:        716796 kB
SwapFree:         569436 kB
Dirty:                 0 kB
Writeback:             0 kB
AnonPages:        513620 kB
Mapped:           239816 kB
Shmem:              2892 kB
Slab:              45372 kB
SReclaimable:      14732 kB
SUnreclaim:        30640 kB
KernelStack:       11352 kB
PageTables:        24268 kB
NFS_Unstable:          0 kB
Bounce:                0 kB
WritebackTmp:          0 kB
CommitLimit:     1647288 kB
Committed_AS:   55479716 kB
VmallocTotal:     458752 kB
VmallocUsed:      113440 kB
VmallocChunk:     156676 kB
Time pass: 130 sec

---2015-12-03 16:46:11
MemTotal:        1860984 kB
MemFree:          129276 kB
Buffers:            5728 kB
Cached:           719956 kB
SwapCached:        13828 kB
Active:           586704 kB
Inactive:         655208 kB
Active(anon):     372284 kB
Inactive(anon):   147696 kB
Active(file):     214420 kB
Inactive(file):   507512 kB
Unevictable:         860 kB
Mlocked:               0 kB
HighTotal:       1436668 kB
HighFree:          38900 kB
LowTotal:         424316 kB
LowFree:           90376 kB
SwapTotal:        716796 kB
SwapFree:         569440 kB
Dirty:                 8 kB
Writeback:             0 kB
AnonPages:        514040 kB
Mapped:           240280 kB
Shmem:              2892 kB
Slab:              45324 kB
SReclaimable:      14708 kB
SUnreclaim:        30616 kB
KernelStack:       11256 kB
PageTables:        24288 kB
NFS_Unstable:          0 kB
Bounce:                0 kB
WritebackTmp:          0 kB
CommitLimit:     1647288 kB
Committed_AS:   55480048 kB
VmallocTotal:     458752 kB
VmallocUsed:      113440 kB
VmallocChunk:     156676 kB
Time pass: 134 sec

---2015-12-03 16:46:11
MemTotal:        1860984 kB
MemFree:          132120 kB
Buffers:            5736 kB
Cached:           719956 kB
SwapCached:        13712 kB
Active:           584152 kB
Inactive:         653740 kB
Active(anon):     369732 kB
Inactive(anon):   146220 kB
Active(file):     214420 kB
Inactive(file):   507520 kB
Unevictable:         860 kB
Mlocked:               0 kB
HighTotal:       1436668 kB
HighFree:          40880 kB
LowTotal:         424316 kB
LowFree:           91240 kB
SwapTotal:        716796 kB
SwapFree:         565460 kB
Dirty:                44 kB
Writeback:             0 kB
AnonPages:        510084 kB
Mapped:           240280 kB
Shmem:              2892 kB
Slab:              45328 kB
SReclaimable:      14708 kB
SUnreclaim:        30620 kB
KernelStack:       11256 kB
PageTables:        24288 kB
NFS_Unstable:          0 kB
Bounce:                0 kB
WritebackTmp:          0 kB
CommitLimit:     1647288 kB
Committed_AS:   55480048 kB
VmallocTotal:     458752 kB
VmallocUsed:      113440 kB
VmallocChunk:     156676 kB
Time pass: 138 sec

---2015-12-03 16:46:11
MemTotal:        1860984 kB
MemFree:          130032 kB
Buffers:            5736 kB
Cached:           719956 kB
SwapCached:        13252 kB
Active:           586112 kB
Inactive:         653436 kB
Active(anon):     371688 kB
Inactive(anon):   145920 kB
Active(file):     214424 kB
Inactive(file):   507516 kB
Unevictable:         860 kB
Mlocked:               0 kB
HighTotal:       1436668 kB
HighFree:          38604 kB
LowTotal:         424316 kB
LowFree:           91428 kB
SwapTotal:        716796 kB
SwapFree:         561716 kB
Dirty:                 4 kB
Writeback:             0 kB
AnonPages:        512432 kB
Mapped:           241760 kB
Shmem:              2892 kB
Slab:              45384 kB
SReclaimable:      14796 kB
SUnreclaim:        30588 kB
KernelStack:       11440 kB
PageTables:        24300 kB
NFS_Unstable:          0 kB
Bounce:                0 kB
WritebackTmp:          0 kB
CommitLimit:     1647288 kB
Committed_AS:   55494140 kB
VmallocTotal:     458752 kB
VmallocUsed:      113440 kB
VmallocChunk:     156676 kB
Time pass: 141 sec

---2015-12-03 16:46:11
MemTotal:        1860984 kB
MemFree:          108316 kB
Buffers:            5784 kB
Cached:           720104 kB
SwapCached:        13252 kB
Active:           596072 kB
Inactive:         653504 kB
Active(anon):     381520 kB
Inactive(anon):   146064 kB
Active(file):     214552 kB
Inactive(file):   507440 kB
Unevictable:         860 kB
Mlocked:               0 kB
HighTotal:       1436668 kB
HighFree:          32216 kB
LowTotal:         424316 kB
LowFree:           76100 kB
SwapTotal:        716796 kB
SwapFree:         561720 kB
Dirty:                48 kB
Writeback:             0 kB
AnonPages:        522040 kB
Mapped:           242376 kB
Shmem:              3036 kB
Slab:              45484 kB
SReclaimable:      14804 kB
SUnreclaim:        30680 kB
KernelStack:       11616 kB
PageTables:        24480 kB
NFS_Unstable:          0 kB
Bounce:                0 kB
WritebackTmp:          0 kB
CommitLimit:     1647288 kB
Committed_AS:   55518064 kB
VmallocTotal:     458752 kB
VmallocUsed:      117244 kB
VmallocChunk:     156676 kB
Time pass: 145 sec

---2015-12-03 16:46:11
MemTotal:        1860984 kB
MemFree:           99580 kB
Buffers:            5816 kB
Cached:           720236 kB
SwapCached:        13104 kB
Active:           597424 kB
Inactive:         653368 kB
Active(anon):     382872 kB
Inactive(anon):   145896 kB
Active(file):     214552 kB
Inactive(file):   507472 kB
Unevictable:         860 kB
Mlocked:               0 kB
HighTotal:       1436668 kB
HighFree:          29224 kB
LowTotal:         424316 kB
LowFree:           70356 kB
SwapTotal:        716796 kB
SwapFree:         557776 kB
Dirty:                48 kB
Writeback:             0 kB
AnonPages:        523204 kB
Mapped:           240884 kB
Shmem:              3172 kB
Slab:              45568 kB
SReclaimable:      14760 kB
SUnreclaim:        30808 kB
KernelStack:       11568 kB
PageTables:        24544 kB
NFS_Unstable:          0 kB
Bounce:                0 kB
WritebackTmp:          0 kB
CommitLimit:     1647288 kB
Committed_AS:   55522680 kB
VmallocTotal:     458752 kB
VmallocUsed:      118044 kB
VmallocChunk:     156676 kB
Time pass: 148 sec

---2015-12-03 16:46:11
MemTotal:        1860984 kB
MemFree:           99924 kB
Buffers:            5832 kB
Cached:           720472 kB
SwapCached:        13096 kB
Active:           596968 kB
Inactive:         653620 kB
Active(anon):     382416 kB
Inactive(anon):   146132 kB
Active(file):     214552 kB
Inactive(file):   507488 kB
Unevictable:         860 kB
Mlocked:               0 kB
HighTotal:       1436668 kB
HighFree:          29472 kB
LowTotal:         424316 kB
LowFree:           70452 kB
SwapTotal:        716796 kB
SwapFree:         557788 kB
Dirty:                 0 kB
Writeback:             0 kB
AnonPages:        522840 kB
Mapped:           241116 kB
Shmem:              3404 kB
Slab:              45540 kB
SReclaimable:      14764 kB
SUnreclaim:        30776 kB
KernelStack:       11568 kB
PageTables:        24544 kB
NFS_Unstable:          0 kB
Bounce:                0 kB
WritebackTmp:          0 kB
CommitLimit:     1647288 kB
Committed_AS:   55521836 kB
VmallocTotal:     458752 kB
VmallocUsed:      118044 kB
VmallocChunk:     156676 kB
Time pass: 152 sec

---2015-12-03 16:46:11
MemTotal:        1860984 kB
MemFree:          102052 kB
Buffers:            5840 kB
Cached:           720472 kB
SwapCached:        13108 kB
Active:           594504 kB
Inactive:         652628 kB
Active(anon):     379952 kB
Inactive(anon):   145140 kB
Active(file):     214552 kB
Inactive(file):   507488 kB
Unevictable:         860 kB
Mlocked:               0 kB
HighTotal:       1436668 kB
HighFree:          31064 kB
LowTotal:         424316 kB
LowFree:           70988 kB
SwapTotal:        716796 kB
SwapFree:         553700 kB
Dirty:                28 kB
Writeback:             0 kB
AnonPages:        519312 kB
Mapped:           241116 kB
Shmem:              3404 kB
Slab:              45496 kB
SReclaimable:      14772 kB
SUnreclaim:        30724 kB
KernelStack:       11568 kB
PageTables:        24544 kB
NFS_Unstable:          0 kB
Bounce:                0 kB
WritebackTmp:          0 kB
CommitLimit:     1647288 kB
Committed_AS:   55521720 kB
VmallocTotal:     458752 kB
VmallocUsed:      118044 kB
VmallocChunk:     156676 kB
Time pass: 156 sec

---2015-12-03 16:46:11
MemTotal:        1860984 kB
MemFree:          101652 kB
Buffers:            5856 kB
Cached:           720472 kB
SwapCached:        13096 kB
Active:           594980 kB
Inactive:         652652 kB
Active(anon):     380428 kB
Inactive(anon):   145140 kB
Active(file):     214552 kB
Inactive(file):   507512 kB
Unevictable:         860 kB
Mlocked:               0 kB
HighTotal:       1436668 kB
HighFree:          30668 kB
LowTotal:         424316 kB
LowFree:           70984 kB
SwapTotal:        716796 kB
SwapFree:         553712 kB
Dirty:                36 kB
Writeback:             0 kB
AnonPages:        519836 kB
Mapped:           241116 kB
Shmem:              3404 kB
Slab:              45552 kB
SReclaimable:      14780 kB
SUnreclaim:        30772 kB
KernelStack:       11568 kB
PageTables:        24544 kB
NFS_Unstable:          0 kB
Bounce:                0 kB
WritebackTmp:          0 kB
CommitLimit:     1647288 kB
Committed_AS:   55522120 kB
VmallocTotal:     458752 kB
VmallocUsed:      118044 kB
VmallocChunk:     156676 kB
Time pass: 159 sec

---2015-12-03 16:46:11
MemTotal:        1860984 kB
MemFree:          104656 kB
Buffers:            5864 kB
Cached:           720484 kB
SwapCached:        13100 kB
Active:           590628 kB
Inactive:         652392 kB
Active(anon):     376076 kB
Inactive(anon):   144872 kB
Active(file):     214552 kB
Inactive(file):   507520 kB
Unevictable:         860 kB
Mlocked:               0 kB
HighTotal:       1436668 kB
HighFree:          33304 kB
LowTotal:         424316 kB
LowFree:           71352 kB
SwapTotal:        716796 kB
SwapFree:         549612 kB
Dirty:                28 kB
Writeback:             0 kB
AnonPages:        515280 kB
Mapped:           241128 kB
Shmem:              3416 kB
Slab:              45700 kB
SReclaimable:      14796 kB
SUnreclaim:        30904 kB
KernelStack:       11568 kB
PageTables:        24548 kB
NFS_Unstable:          0 kB
Bounce:                0 kB
WritebackTmp:          0 kB
CommitLimit:     1647288 kB
Committed_AS:   55521572 kB
VmallocTotal:     458752 kB
VmallocUsed:      118044 kB
VmallocChunk:     156676 kB
Time pass: 163 sec

---2015-12-03 16:46:11
MemTotal:        1860984 kB
MemFree:          104844 kB
Buffers:            5880 kB
Cached:           720484 kB
SwapCached:        13120 kB
Active:           590736 kB
Inactive:         652432 kB
Active(anon):     376184 kB
Inactive(anon):   144900 kB
Active(file):     214552 kB
Inactive(file):   507532 kB
Unevictable:         860 kB
Mlocked:               0 kB
HighTotal:       1436668 kB
HighFree:          33504 kB
LowTotal:         424316 kB
LowFree:           71340 kB
SwapTotal:        716796 kB
SwapFree:         549624 kB
Dirty:                44 kB
Writeback:             0 kB
AnonPages:        515344 kB
Mapped:           241128 kB
Shmem:              3416 kB
Slab:              45744 kB
SReclaimable:      14788 kB
SUnreclaim:        30956 kB
KernelStack:       11568 kB
PageTables:        24544 kB
NFS_Unstable:          0 kB
Bounce:                0 kB
WritebackTmp:          0 kB
CommitLimit:     1647288 kB
Committed_AS:   55521544 kB
VmallocTotal:     458752 kB
VmallocUsed:      118044 kB
VmallocChunk:     156676 kB
Time pass: 166 sec

---2015-12-03 16:46:11
MemTotal:        1860984 kB
MemFree:          108392 kB
Buffers:            5888 kB
Cached:           720484 kB
SwapCached:        13124 kB
Active:           586836 kB
Inactive:         652152 kB
Active(anon):     372284 kB
Inactive(anon):   144616 kB
Active(file):     214552 kB
Inactive(file):   507536 kB
Unevictable:         860 kB
Mlocked:               0 kB
HighTotal:       1436668 kB
HighFree:          36596 kB
LowTotal:         424316 kB
LowFree:           71796 kB
SwapTotal:        716796 kB
SwapFree:         545472 kB
Dirty:                28 kB
Writeback:             0 kB
AnonPages:        511204 kB
Mapped:           241128 kB
Shmem:              3416 kB
Slab:              45732 kB
SReclaimable:      14852 kB
SUnreclaim:        30880 kB
KernelStack:       11568 kB
PageTables:        24544 kB
NFS_Unstable:          0 kB
Bounce:                0 kB
WritebackTmp:          0 kB
CommitLimit:     1647288 kB
Committed_AS:   55521448 kB
VmallocTotal:     458752 kB
VmallocUsed:      118044 kB
VmallocChunk:     156676 kB
Time pass: 170 sec

---2015-12-03 16:46:11
MemTotal:        1860984 kB
MemFree:          107700 kB
Buffers:            5904 kB
Cached:           720484 kB
SwapCached:        13128 kB
Active:           586928 kB
Inactive:         652188 kB
Active(anon):     372376 kB
Inactive(anon):   144628 kB
Active(file):     214552 kB
Inactive(file):   507560 kB
Unevictable:         860 kB
Mlocked:               0 kB
HighTotal:       1436668 kB
HighFree:          36012 kB
LowTotal:         424316 kB
LowFree:           71688 kB
SwapTotal:        716796 kB
SwapFree:         545484 kB
Dirty:                40 kB
Writeback:             0 kB
AnonPages:        511292 kB
Mapped:           241148 kB
Shmem:              3416 kB
Slab:              45784 kB
SReclaimable:      14852 kB
SUnreclaim:        30932 kB
KernelStack:       11560 kB
PageTables:        24544 kB
NFS_Unstable:          0 kB
Bounce:                0 kB
WritebackTmp:          0 kB
CommitLimit:     1647288 kB
Committed_AS:   55521484 kB
VmallocTotal:     458752 kB
VmallocUsed:      118044 kB
VmallocChunk:     156676 kB
Time pass: 173 sec

---2015-12-03 16:46:11
MemTotal:        1860984 kB
MemFree:          107964 kB
Buffers:            5904 kB
Cached:           720484 kB
SwapCached:        13128 kB
Active:           587112 kB
Inactive:         652196 kB
Active(anon):     372560 kB
Inactive(anon):   144636 kB
Active(file):     214552 kB
Inactive(file):   507560 kB
Unevictable:         860 kB
Mlocked:               0 kB
HighTotal:       1436668 kB
HighFree:          36260 kB
LowTotal:         424316 kB
LowFree:           71704 kB
SwapTotal:        716796 kB
SwapFree:         545492 kB
Dirty:                 4 kB
Writeback:             0 kB
AnonPages:        511488 kB
Mapped:           241152 kB
Shmem:              3416 kB
Slab:              45740 kB
SReclaimable:      14852 kB
SUnreclaim:        30888 kB
KernelStack:       11544 kB
PageTables:        24548 kB
NFS_Unstable:          0 kB
Bounce:                0 kB
WritebackTmp:          0 kB
CommitLimit:     1647288 kB
Committed_AS:   55521600 kB
VmallocTotal:     458752 kB
VmallocUsed:      118044 kB
VmallocChunk:     156676 kB
Time pass: 177 sec

---2015-12-03 16:46:11
MemTotal:        1860984 kB
MemFree:          107500 kB
Buffers:            5928 kB
Cached:           720468 kB
SwapCached:        13128 kB
Active:           588012 kB
Inactive:         652204 kB
Active(anon):     373460 kB
Inactive(anon):   144636 kB
Active(file):     214552 kB
Inactive(file):   507568 kB
Unevictable:         860 kB
Mlocked:               0 kB
HighTotal:       1436668 kB
HighFree:          35572 kB
LowTotal:         424316 kB
LowFree:           71928 kB
SwapTotal:        716796 kB
SwapFree:         545496 kB
Dirty:                32 kB
Writeback:             0 kB
AnonPages:        512640 kB
Mapped:           241152 kB
Shmem:              3416 kB
Slab:              45716 kB
SReclaimable:      14856 kB
SUnreclaim:        30860 kB
KernelStack:       11560 kB
PageTables:        24544 kB
NFS_Unstable:          0 kB
Bounce:                0 kB
WritebackTmp:          0 kB
CommitLimit:     1647288 kB
Committed_AS:   55522528 kB
VmallocTotal:     458752 kB
VmallocUsed:      118044 kB
VmallocChunk:     156676 kB
Time pass: 180 sec

---2015-12-03 16:46:11
MemTotal:        1860984 kB
MemFree:          108336 kB
Buffers:            5928 kB
Cached:           720484 kB
SwapCached:        13128 kB
Active:           586972 kB
Inactive:         652232 kB
Active(anon):     372420 kB
Inactive(anon):   144648 kB
Active(file):     214552 kB
Inactive(file):   507584 kB
Unevictable:         860 kB
Mlocked:               0 kB
HighTotal:       1436668 kB
HighFree:          36308 kB
LowTotal:         424316 kB
LowFree:           72028 kB
SwapTotal:        716796 kB
SwapFree:         545504 kB
Dirty:                36 kB
Writeback:             0 kB
AnonPages:        511460 kB
Mapped:           241152 kB
Shmem:              3416 kB
Slab:              45680 kB
SReclaimable:      14832 kB
SUnreclaim:        30848 kB
KernelStack:       11552 kB
PageTables:        24544 kB
NFS_Unstable:          0 kB
Bounce:                0 kB
WritebackTmp:          0 kB
CommitLimit:     1647288 kB
Committed_AS:   55521868 kB
VmallocTotal:     458752 kB
VmallocUsed:      118044 kB
VmallocChunk:     156676 kB
Time pass: 184 sec

---2015-12-03 16:46:11
MemTotal:        1860984 kB
MemFree:          112364 kB
Buffers:            5936 kB
Cached:           720484 kB
SwapCached:        13128 kB
Active:           583228 kB
Inactive:         651940 kB
Active(anon):     368676 kB
Inactive(anon):   144356 kB
Active(file):     214552 kB
Inactive(file):   507584 kB
Unevictable:         860 kB
Mlocked:               0 kB
HighTotal:       1436668 kB
HighFree:          39768 kB
LowTotal:         424316 kB
LowFree:           72596 kB
SwapTotal:        716796 kB
SwapFree:         541384 kB
Dirty:                28 kB
Writeback:             0 kB
AnonPages:        507392 kB
Mapped:           241152 kB
Shmem:              3416 kB
Slab:              45740 kB
SReclaimable:      14776 kB
SUnreclaim:        30964 kB
KernelStack:       11552 kB
PageTables:        24544 kB
NFS_Unstable:          0 kB
Bounce:                0 kB
WritebackTmp:          0 kB
CommitLimit:     1647288 kB
Committed_AS:   55521432 kB
VmallocTotal:     458752 kB
VmallocUsed:      118044 kB
VmallocChunk:     156676 kB
Time pass: 187 sec

---2015-12-03 16:46:11
MemTotal:        1860984 kB
MemFree:          111348 kB
Buffers:            5936 kB
Cached:           720484 kB
SwapCached:        13128 kB
Active:           583480 kB
Inactive:         651948 kB
Active(anon):     368928 kB
Inactive(anon):   144356 kB
Active(file):     214552 kB
Inactive(file):   507592 kB
Unevictable:         860 kB
Mlocked:               0 kB
HighTotal:       1436668 kB
HighFree:          38940 kB
LowTotal:         424316 kB
LowFree:           72408 kB
SwapTotal:        716796 kB
SwapFree:         541384 kB
Dirty:                 0 kB
Writeback:             0 kB
AnonPages:        507596 kB
Mapped:           241152 kB
Shmem:              3416 kB
Slab:              45760 kB
SReclaimable:      14776 kB
SUnreclaim:        30984 kB
KernelStack:       11552 kB
PageTables:        24544 kB
NFS_Unstable:          0 kB
Bounce:                0 kB
WritebackTmp:          0 kB
CommitLimit:     1647288 kB
Committed_AS:   55521668 kB
VmallocTotal:     458752 kB
VmallocUsed:      118044 kB
VmallocChunk:     156676 kB
Time pass: 191 sec

---2015-12-03 16:46:11
MemTotal:        1860984 kB
MemFree:          113724 kB
Buffers:            5936 kB
Cached:           720484 kB
SwapCached:        13128 kB
Active:           579528 kB
Inactive:         651668 kB
Active(anon):     364976 kB
Inactive(anon):   144076 kB
Active(file):     214552 kB
Inactive(file):   507592 kB
Unevictable:         860 kB
Mlocked:               0 kB
HighTotal:       1436668 kB
HighFree:          40836 kB
LowTotal:         424316 kB
LowFree:           72888 kB
SwapTotal:        716796 kB
SwapFree:         537228 kB
Dirty:                 0 kB
Writeback:             0 kB
AnonPages:        503356 kB
Mapped:           241152 kB
Shmem:              3416 kB
Slab:              45708 kB
SReclaimable:      14776 kB
SUnreclaim:        30932 kB
KernelStack:       11552 kB
PageTables:        24544 kB
NFS_Unstable:          0 kB
Bounce:                0 kB
WritebackTmp:          0 kB
CommitLimit:     1647288 kB
Committed_AS:   55521508 kB
VmallocTotal:     458752 kB
VmallocUsed:      118044 kB
VmallocChunk:     156676 kB
Time pass: 194 sec

---2015-12-03 16:46:11
MemTotal:        1860984 kB
MemFree:          114016 kB
Buffers:            5936 kB
Cached:           720484 kB
SwapCached:        13140 kB
Active:           579580 kB
Inactive:         651728 kB
Active(anon):     365028 kB
Inactive(anon):   144136 kB
Active(file):     214552 kB
Inactive(file):   507592 kB
Unevictable:         860 kB
Mlocked:               0 kB
HighTotal:       1436668 kB
HighFree:          41132 kB
LowTotal:         424316 kB
LowFree:           72884 kB
SwapTotal:        716796 kB
SwapFree:         537272 kB
Dirty:                 0 kB
Writeback:             0 kB
AnonPages:        503512 kB
Mapped:           241152 kB
Shmem:              3416 kB
Slab:              45704 kB
SReclaimable:      14784 kB
SUnreclaim:        30920 kB
KernelStack:       11544 kB
PageTables:        24544 kB
NFS_Unstable:          0 kB
Bounce:                0 kB
WritebackTmp:          0 kB
CommitLimit:     1647288 kB
Committed_AS:   55521612 kB
VmallocTotal:     458752 kB
VmallocUsed:      118044 kB
VmallocChunk:     156676 kB
Time pass: 198 sec

---2015-12-03 16:46:11
MemTotal:        1860984 kB
MemFree:          114256 kB
Buffers:            5936 kB
Cached:           720600 kB
SwapCached:        13140 kB
Active:           575744 kB
Inactive:         651460 kB
Active(anon):     361192 kB
Inactive(anon):   143868 kB
Active(file):     214552 kB
Inactive(file):   507592 kB
Unevictable:         860 kB
Mlocked:               0 kB
HighTotal:       1436668 kB
HighFree:          41328 kB
LowTotal:         424316 kB
LowFree:           72928 kB
SwapTotal:        716796 kB
SwapFree:         533100 kB
Dirty:                 0 kB
Writeback:             0 kB
AnonPages:        499412 kB
Mapped:           241152 kB
Shmem:              3416 kB
Slab:              45684 kB
SReclaimable:      14792 kB
SUnreclaim:        30892 kB
KernelStack:       11600 kB
PageTables:        24544 kB
NFS_Unstable:          0 kB
Bounce:                0 kB
WritebackTmp:          0 kB
CommitLimit:     1647288 kB
Committed_AS:   55521660 kB
VmallocTotal:     458752 kB
VmallocUsed:      118068 kB
VmallocChunk:     156676 kB
Time pass: 201 sec

---2015-12-03 16:46:11
MemTotal:        1860984 kB
MemFree:          115212 kB
Buffers:            5936 kB
Cached:           720576 kB
SwapCached:        13140 kB
Active:           575708 kB
Inactive:         651560 kB
Active(anon):     361156 kB
Inactive(anon):   143876 kB
Active(file):     214552 kB
Inactive(file):   507684 kB
Unevictable:         860 kB
Mlocked:               0 kB
HighTotal:       1436668 kB
HighFree:          41724 kB
LowTotal:         424316 kB
LowFree:           73488 kB
SwapTotal:        716796 kB
SwapFree:         533112 kB
Dirty:                 0 kB
Writeback:             0 kB
AnonPages:        499320 kB
Mapped:           241164 kB
Shmem:              3416 kB
Slab:              45568 kB
SReclaimable:      14792 kB
SUnreclaim:        30776 kB
KernelStack:       11520 kB
PageTables:        24544 kB
NFS_Unstable:          0 kB
Bounce:                0 kB
WritebackTmp:          0 kB
CommitLimit:     1647288 kB
Committed_AS:   55521544 kB
VmallocTotal:     458752 kB
VmallocUsed:      118068 kB
VmallocChunk:     156676 kB
Time pass: 205 sec

---2015-12-03 16:46:11
MemTotal:        1860984 kB
MemFree:          113400 kB
Buffers:            5936 kB
Cached:           720576 kB
SwapCached:        13140 kB
Active:           575376 kB
Inactive:         651056 kB
Active(anon):     360824 kB
Inactive(anon):   143372 kB
Active(file):     214552 kB
Inactive(file):   507684 kB
Unevictable:         860 kB
Mlocked:               0 kB
HighTotal:       1436668 kB
HighFree:          40064 kB
LowTotal:         424316 kB
LowFree:           73336 kB
SwapTotal:        716796 kB
SwapFree:         531120 kB
Dirty:                 0 kB
Writeback:             0 kB
AnonPages:        498616 kB
Mapped:           241164 kB
Shmem:              3416 kB
Slab:              45776 kB
SReclaimable:      14776 kB
SUnreclaim:        31000 kB
KernelStack:       11544 kB
PageTables:        24544 kB
NFS_Unstable:          0 kB
Bounce:                0 kB
WritebackTmp:          0 kB
CommitLimit:     1647288 kB
Committed_AS:   55522696 kB
VmallocTotal:     458752 kB
VmallocUsed:      118068 kB
VmallocChunk:     156676 kB
Time pass: 208 sec

---2015-12-03 16:46:11
MemTotal:        1860984 kB
MemFree:          116152 kB
Buffers:            5936 kB
Cached:           720576 kB
SwapCached:        13140 kB
Active:           573312 kB
Inactive:         651176 kB
Active(anon):     358760 kB
Inactive(anon):   143492 kB
Active(file):     214552 kB
Inactive(file):   507684 kB
Unevictable:         860 kB
Mlocked:               0 kB
HighTotal:       1436668 kB
HighFree:          42240 kB
LowTotal:         424316 kB
LowFree:           73912 kB
SwapTotal:        716796 kB
SwapFree:         528944 kB
Dirty:                 0 kB
Writeback:             0 kB
AnonPages:        496620 kB
Mapped:           241164 kB
Shmem:              3416 kB
Slab:              45576 kB
SReclaimable:      14776 kB
SUnreclaim:        30800 kB
KernelStack:       11496 kB
PageTables:        24548 kB
NFS_Unstable:          0 kB
Bounce:                0 kB
WritebackTmp:          0 kB
CommitLimit:     1647288 kB
Committed_AS:   55522740 kB
VmallocTotal:     458752 kB
VmallocUsed:      118068 kB
VmallocChunk:     156676 kB
Time pass: 212 sec

---2015-12-03 16:46:11
MemTotal:        1860984 kB
MemFree:          116044 kB
Buffers:            5936 kB
Cached:           720576 kB
SwapCached:        13140 kB
Active:           573088 kB
Inactive:         651180 kB
Active(anon):     358536 kB
Inactive(anon):   143496 kB
Active(file):     214552 kB
Inactive(file):   507684 kB
Unevictable:         860 kB
Mlocked:               0 kB
HighTotal:       1436668 kB
HighFree:          42072 kB
LowTotal:         424316 kB
LowFree:           73972 kB
SwapTotal:        716796 kB
SwapFree:         528948 kB
Dirty:                 0 kB
Writeback:             0 kB
AnonPages:        496352 kB
Mapped:           241164 kB
Shmem:              3416 kB
Slab:              45600 kB
SReclaimable:      14776 kB
SUnreclaim:        30824 kB
KernelStack:       11536 kB
PageTables:        24548 kB
NFS_Unstable:          0 kB
Bounce:                0 kB
WritebackTmp:          0 kB
CommitLimit:     1647288 kB
Committed_AS:   55522652 kB
VmallocTotal:     458752 kB
VmallocUsed:      118068 kB
VmallocChunk:     156676 kB
Time pass: 215 sec

---2015-12-03 16:46:11
MemTotal:        1860984 kB
MemFree:          118036 kB
Buffers:            5936 kB
Cached:           720576 kB
SwapCached:        13140 kB
Active:           570432 kB
Inactive:         649896 kB
Active(anon):     355880 kB
Inactive(anon):   142212 kB
Active(file):     214552 kB
Inactive(file):   507684 kB
Unevictable:         860 kB
Mlocked:               0 kB
HighTotal:       1436668 kB
HighFree:          43464 kB
LowTotal:         424316 kB
LowFree:           74572 kB
SwapTotal:        716796 kB
SwapFree:         524844 kB
Dirty:                 0 kB
Writeback:             0 kB
AnonPages:        492392 kB
Mapped:           241164 kB
Shmem:              3416 kB
Slab:              45700 kB
SReclaimable:      14776 kB
SUnreclaim:        30924 kB
KernelStack:       11544 kB
PageTables:        24548 kB
NFS_Unstable:          0 kB
Bounce:                0 kB
WritebackTmp:          0 kB
CommitLimit:     1647288 kB
Committed_AS:   55522692 kB
VmallocTotal:     458752 kB
VmallocUsed:      118068 kB
VmallocChunk:     156676 kB
Time pass: 219 sec

---2015-12-03 16:46:11
MemTotal:        1860984 kB
MemFree:          119328 kB
Buffers:            5936 kB
Cached:           720572 kB
SwapCached:        13144 kB
Active:           568856 kB
Inactive:         648632 kB
Active(anon):     354304 kB
Inactive(anon):   140948 kB
Active(file):     214552 kB
Inactive(file):   507684 kB
Unevictable:         860 kB
Mlocked:               0 kB
HighTotal:       1436668 kB
HighFree:          44620 kB
LowTotal:         424316 kB
LowFree:           74708 kB
SwapTotal:        716796 kB
SwapFree:         522188 kB
Dirty:                 0 kB
Writeback:             0 kB
AnonPages:        489656 kB
Mapped:           241164 kB
Shmem:              3416 kB
Slab:              45536 kB
SReclaimable:      14768 kB
SUnreclaim:        30768 kB
KernelStack:       11496 kB
PageTables:        24548 kB
NFS_Unstable:          0 kB
Bounce:                0 kB
WritebackTmp:          0 kB
CommitLimit:     1647288 kB
Committed_AS:   55522620 kB
VmallocTotal:     458752 kB
VmallocUsed:      118068 kB
VmallocChunk:     156676 kB
Time pass: 222 sec

---2015-12-03 16:46:11
MemTotal:        1860984 kB
MemFree:          120580 kB
Buffers:            5936 kB
Cached:           720576 kB
SwapCached:        13140 kB
Active:           567804 kB
Inactive:         648392 kB
Active(anon):     353252 kB
Inactive(anon):   140708 kB
Active(file):     214552 kB
Inactive(file):   507684 kB
Unevictable:         860 kB
Mlocked:               0 kB
HighTotal:       1436668 kB
HighFree:          45900 kB
LowTotal:         424316 kB
LowFree:           74680 kB
SwapTotal:        716796 kB
SwapFree:         520672 kB
Dirty:                 0 kB
Writeback:             0 kB
AnonPages:        488256 kB
Mapped:           241164 kB
Shmem:              3416 kB
Slab:              45540 kB
SReclaimable:      14776 kB
SUnreclaim:        30764 kB
KernelStack:       11536 kB
PageTables:        24548 kB
NFS_Unstable:          0 kB
Bounce:                0 kB
WritebackTmp:          0 kB
CommitLimit:     1647288 kB
Committed_AS:   55522840 kB
VmallocTotal:     458752 kB
VmallocUsed:      118068 kB
VmallocChunk:     156676 kB
Time pass: 226 sec

---2015-12-03 16:46:11
MemTotal:        1860984 kB
MemFree:          118120 kB
Buffers:            5944 kB
Cached:           720524 kB
SwapCached:        13352 kB
Active:           568612 kB
Inactive:         647160 kB
Active(anon):     354060 kB
Inactive(anon):   139452 kB
Active(file):     214552 kB
Inactive(file):   507708 kB
Unevictable:         860 kB
Mlocked:               0 kB
HighTotal:       1436668 kB
HighFree:          43224 kB
LowTotal:         424316 kB
LowFree:           74896 kB
SwapTotal:        716796 kB
SwapFree:         516528 kB
Dirty:                 0 kB
Writeback:             0 kB
AnonPages:        487752 kB
Mapped:           241356 kB
Shmem:              3416 kB
Slab:              45616 kB
SReclaimable:      14776 kB
SUnreclaim:        30840 kB
KernelStack:       11576 kB
PageTables:        24784 kB
NFS_Unstable:          0 kB
Bounce:                0 kB
WritebackTmp:          0 kB
CommitLimit:     1647288 kB
Committed_AS:   56311368 kB
VmallocTotal:     458752 kB
VmallocUsed:      119088 kB
VmallocChunk:     156676 kB
Time pass: 229 sec

---2015-12-03 16:46:11
MemTotal:        1860984 kB
MemFree:          117364 kB
Buffers:            5952 kB
Cached:           720604 kB
SwapCached:        13352 kB
Active:           569184 kB
Inactive:         647300 kB
Active(anon):     354628 kB
Inactive(anon):   139572 kB
Active(file):     214556 kB
Inactive(file):   507728 kB
Unevictable:         860 kB
Mlocked:               0 kB
HighTotal:       1436668 kB
HighFree:          42524 kB
LowTotal:         424316 kB
LowFree:           74840 kB
SwapTotal:        716796 kB
SwapFree:         516536 kB
Dirty:                40 kB
Writeback:             0 kB
AnonPages:        488184 kB
Mapped:           241372 kB
Shmem:              3416 kB
Slab:              45680 kB
SReclaimable:      14776 kB
SUnreclaim:        30904 kB
KernelStack:       11632 kB
PageTables:        24832 kB
NFS_Unstable:          0 kB
Bounce:                0 kB
WritebackTmp:          0 kB
CommitLimit:     1647288 kB
Committed_AS:   56311500 kB
VmallocTotal:     458752 kB
VmallocUsed:      119088 kB
VmallocChunk:     156676 kB
Time pass: 233 sec

---2015-12-03 16:46:11
MemTotal:        1860984 kB
MemFree:          119272 kB
Buffers:            5952 kB
Cached:           720604 kB
SwapCached:        13352 kB
Active:           565272 kB
Inactive:         646964 kB
Active(anon):     350712 kB
Inactive(anon):   139244 kB
Active(file):     214560 kB
Inactive(file):   507720 kB
Unevictable:         860 kB
Mlocked:               0 kB
HighTotal:       1436668 kB
HighFree:          44632 kB
LowTotal:         424316 kB
LowFree:           74640 kB
SwapTotal:        716796 kB
SwapFree:         512352 kB
Dirty:                40 kB
Writeback:             0 kB
AnonPages:        484112 kB
Mapped:           241372 kB
Shmem:              3416 kB
Slab:              45712 kB
SReclaimable:      14860 kB
SUnreclaim:        30852 kB
KernelStack:       11616 kB
PageTables:        24828 kB
NFS_Unstable:          0 kB
Bounce:                0 kB
WritebackTmp:          0 kB
CommitLimit:     1647288 kB
Committed_AS:   56311512 kB
VmallocTotal:     458752 kB
VmallocUsed:      119088 kB
VmallocChunk:     156676 kB
Time pass: 236 sec

---2015-12-03 16:46:11
MemTotal:        1860984 kB
MemFree:          120472 kB
Buffers:            5960 kB
Cached:           720604 kB
SwapCached:        13352 kB
Active:           565452 kB
Inactive:         646964 kB
Active(anon):     350892 kB
Inactive(anon):   139244 kB
Active(file):     214560 kB
Inactive(file):   507720 kB
Unevictable:         860 kB
Mlocked:               0 kB
HighTotal:       1436668 kB
HighFree:          44912 kB
LowTotal:         424316 kB
LowFree:           75560 kB
SwapTotal:        716796 kB
SwapFree:         512356 kB
Dirty:                 0 kB
Writeback:             0 kB
AnonPages:        484260 kB
Mapped:           241372 kB
Shmem:              3416 kB
Slab:              45672 kB
SReclaimable:      14784 kB
SUnreclaim:        30888 kB
KernelStack:       11568 kB
PageTables:        24828 kB
NFS_Unstable:          0 kB
Bounce:                0 kB
WritebackTmp:          0 kB
CommitLimit:     1647288 kB
Committed_AS:   56311332 kB
VmallocTotal:     458752 kB
VmallocUsed:      119088 kB
VmallocChunk:     156676 kB
Time pass: 240 sec

---2015-12-03 16:46:11
MemTotal:        1860984 kB
MemFree:          119512 kB
Buffers:            5960 kB
Cached:           720576 kB
SwapCached:        13380 kB
Active:           565480 kB
Inactive:         646980 kB
Active(anon):     350920 kB
Inactive(anon):   139252 kB
Active(file):     214560 kB
Inactive(file):   507728 kB
Unevictable:         860 kB
Mlocked:               0 kB
HighTotal:       1436668 kB
HighFree:          44348 kB
LowTotal:         424316 kB
LowFree:           75164 kB
SwapTotal:        716796 kB
SwapFree:         512372 kB
Dirty:                 0 kB
Writeback:             0 kB
AnonPages:        484256 kB
Mapped:           241372 kB
Shmem:              3416 kB
Slab:              45772 kB
SReclaimable:      14792 kB
SUnreclaim:        30980 kB
KernelStack:       11616 kB
PageTables:        24828 kB
NFS_Unstable:          0 kB
Bounce:                0 kB
WritebackTmp:          0 kB
CommitLimit:     1647288 kB
Committed_AS:   56311404 kB
VmallocTotal:     458752 kB
VmallocUsed:      119088 kB
VmallocChunk:     156676 kB
Time pass: 243 sec

---2015-12-03 16:46:11
MemTotal:        1860984 kB
MemFree:          122776 kB
Buffers:            5960 kB
Cached:           720604 kB
SwapCached:        13380 kB
Active:           562872 kB
Inactive:         645604 kB
Active(anon):     348312 kB
Inactive(anon):   137876 kB
Active(file):     214560 kB
Inactive(file):   507728 kB
Unevictable:         860 kB
Mlocked:               0 kB
HighTotal:       1436668 kB
HighFree:          46636 kB
LowTotal:         424316 kB
LowFree:           76140 kB
SwapTotal:        716796 kB
SwapFree:         508200 kB
Dirty:                 0 kB
Writeback:             0 kB
AnonPages:        480292 kB
Mapped:           241372 kB
Shmem:              3416 kB
Slab:              45704 kB
SReclaimable:      14788 kB
SUnreclaim:        30916 kB
KernelStack:       11616 kB
PageTables:        24828 kB
NFS_Unstable:          0 kB
Bounce:                0 kB
WritebackTmp:          0 kB
CommitLimit:     1647288 kB
Committed_AS:   56311392 kB
VmallocTotal:     458752 kB
VmallocUsed:      119088 kB
VmallocChunk:     156676 kB
Time pass: 247 sec

---2015-12-03 16:46:11
MemTotal:        1860984 kB
MemFree:          122032 kB
Buffers:            5960 kB
Cached:           720604 kB
SwapCached:        13380 kB
Active:           563428 kB
Inactive:         645612 kB
Active(anon):     348868 kB
Inactive(anon):   137884 kB
Active(file):     214560 kB
Inactive(file):   507728 kB
Unevictable:         860 kB
Mlocked:               0 kB
HighTotal:       1436668 kB
HighFree:          46204 kB
LowTotal:         424316 kB
LowFree:           75828 kB
SwapTotal:        716796 kB
SwapFree:         508208 kB
Dirty:                 4 kB
Writeback:             0 kB
AnonPages:        480848 kB
Mapped:           241372 kB
Shmem:              3416 kB
Slab:              45832 kB
SReclaimable:      14788 kB
SUnreclaim:        31044 kB
KernelStack:       11616 kB
PageTables:        24828 kB
NFS_Unstable:          0 kB
Bounce:                0 kB
WritebackTmp:          0 kB
CommitLimit:     1647288 kB
Committed_AS:   56311580 kB
VmallocTotal:     458752 kB
VmallocUsed:      119088 kB
VmallocChunk:     156676 kB
Time pass: 250 sec

---2015-12-03 16:46:11
MemTotal:        1860984 kB
MemFree:          124872 kB
Buffers:            5960 kB
Cached:           720604 kB
SwapCached:        13380 kB
Active:           560736 kB
Inactive:         644408 kB
Active(anon):     346176 kB
Inactive(anon):   136680 kB
Active(file):     214560 kB
Inactive(file):   507728 kB
Unevictable:         860 kB
Mlocked:               0 kB
HighTotal:       1436668 kB
HighFree:          48480 kB
LowTotal:         424316 kB
LowFree:           76392 kB
SwapTotal:        716796 kB
SwapFree:         504084 kB
Dirty:                 4 kB
Writeback:             0 kB
AnonPages:        476980 kB
Mapped:           241376 kB
Shmem:              3416 kB
Slab:              45836 kB
SReclaimable:      14788 kB
SUnreclaim:        31048 kB
KernelStack:       11600 kB
PageTables:        24828 kB
NFS_Unstable:          0 kB
Bounce:                0 kB
WritebackTmp:          0 kB
CommitLimit:     1647288 kB
Committed_AS:   56311600 kB
VmallocTotal:     458752 kB
VmallocUsed:      119088 kB
VmallocChunk:     156676 kB
Time pass: 254 sec

---2015-12-03 16:46:11
MemTotal:        1860984 kB
MemFree:          124844 kB
Buffers:            5968 kB
Cached:           720604 kB
SwapCached:        13400 kB
Active:           561072 kB
Inactive:         644444 kB
Active(anon):     346512 kB
Inactive(anon):   136708 kB
Active(file):     214560 kB
Inactive(file):   507736 kB
Unevictable:         860 kB
Mlocked:               0 kB
HighTotal:       1436668 kB
HighFree:          48400 kB
LowTotal:         424316 kB
LowFree:           76444 kB
SwapTotal:        716796 kB
SwapFree:         504096 kB
Dirty:                 4 kB
Writeback:             0 kB
AnonPages:        477232 kB
Mapped:           241376 kB
Shmem:              3416 kB
Slab:              45836 kB
SReclaimable:      14788 kB
SUnreclaim:        31048 kB
KernelStack:       11536 kB
PageTables:        24828 kB
NFS_Unstable:          0 kB
Bounce:                0 kB
WritebackTmp:          0 kB
CommitLimit:     1647288 kB
Committed_AS:   56311768 kB
VmallocTotal:     458752 kB
VmallocUsed:      119088 kB
VmallocChunk:     156676 kB
Time pass: 257 sec

---2015-12-03 16:46:11
MemTotal:        1860984 kB
MemFree:          124696 kB
Buffers:            5968 kB
Cached:           720604 kB
SwapCached:        13400 kB
Active:           561088 kB
Inactive:         644472 kB
Active(anon):     346528 kB
Inactive(anon):   136736 kB
Active(file):     214560 kB
Inactive(file):   507736 kB
Unevictable:         860 kB
Mlocked:               0 kB
HighTotal:       1436668 kB
HighFree:          48276 kB
LowTotal:         424316 kB
LowFree:           76420 kB
SwapTotal:        716796 kB
SwapFree:         504124 kB
Dirty:                 0 kB
Writeback:             0 kB
AnonPages:        477340 kB
Mapped:           241376 kB
Shmem:              3416 kB
Slab:              45824 kB
SReclaimable:      14780 kB
SUnreclaim:        31044 kB
KernelStack:       11600 kB
PageTables:        24828 kB
NFS_Unstable:          0 kB
Bounce:                0 kB
WritebackTmp:          0 kB
CommitLimit:     1647288 kB
Committed_AS:   56311724 kB
VmallocTotal:     458752 kB
VmallocUsed:      119088 kB
VmallocChunk:     156676 kB
Time pass: 261 sec

---2015-12-03 16:46:11
MemTotal:        1860984 kB
MemFree:          126308 kB
Buffers:            5968 kB
Cached:           720604 kB
SwapCached:        13400 kB
Active:           558256 kB
Inactive:         643412 kB
Active(anon):     343696 kB
Inactive(anon):   135676 kB
Active(file):     214560 kB
Inactive(file):   507736 kB
Unevictable:         860 kB
Mlocked:               0 kB
HighTotal:       1436668 kB
HighFree:          50136 kB
LowTotal:         424316 kB
LowFree:           76172 kB
SwapTotal:        716796 kB
SwapFree:         499972 kB
Dirty:                 0 kB
Writeback:             0 kB
AnonPages:        473508 kB
Mapped:           241376 kB
Shmem:              3416 kB
Slab:              45912 kB
SReclaimable:      14780 kB
SUnreclaim:        31132 kB
KernelStack:       11600 kB
PageTables:        24828 kB
NFS_Unstable:          0 kB
Bounce:                0 kB
WritebackTmp:          0 kB
CommitLimit:     1647288 kB
Committed_AS:   56311804 kB
VmallocTotal:     458752 kB
VmallocUsed:      119088 kB
VmallocChunk:     156676 kB
Time pass: 264 sec

---2015-12-03 16:46:11
MemTotal:        1860984 kB
MemFree:          127084 kB
Buffers:            5968 kB
Cached:           720604 kB
SwapCached:        13400 kB
Active:           558340 kB
Inactive:         643420 kB
Active(anon):     343780 kB
Inactive(anon):   135684 kB
Active(file):     214560 kB
Inactive(file):   507736 kB
Unevictable:         860 kB
Mlocked:               0 kB
HighTotal:       1436668 kB
HighFree:          50224 kB
LowTotal:         424316 kB
LowFree:           76860 kB
SwapTotal:        716796 kB
SwapFree:         499980 kB
Dirty:                 0 kB
Writeback:             0 kB
AnonPages:        473560 kB
Mapped:           241376 kB
Shmem:              3416 kB
Slab:              45804 kB
SReclaimable:      14796 kB
SUnreclaim:        31008 kB
KernelStack:       11600 kB
PageTables:        24832 kB
NFS_Unstable:          0 kB
Bounce:                0 kB
WritebackTmp:          0 kB
CommitLimit:     1647288 kB
Committed_AS:   56311776 kB
VmallocTotal:     458752 kB
VmallocUsed:      119088 kB
VmallocChunk:     156676 kB
Time pass: 268 sec

---2015-12-03 16:46:11
MemTotal:        1860984 kB
MemFree:          127344 kB
Buffers:            5968 kB
Cached:           720604 kB
SwapCached:        13400 kB
Active:           558324 kB
Inactive:         643424 kB
Active(anon):     343764 kB
Inactive(anon):   135688 kB
Active(file):     214560 kB
Inactive(file):   507736 kB
Unevictable:         860 kB
Mlocked:               0 kB
HighTotal:       1436668 kB
HighFree:          50528 kB
LowTotal:         424316 kB
LowFree:           76816 kB
SwapTotal:        716796 kB
SwapFree:         499988 kB
Dirty:                 0 kB
Writeback:             0 kB
AnonPages:        473412 kB
Mapped:           241376 kB
Shmem:              3416 kB
Slab:              45780 kB
SReclaimable:      14796 kB
SUnreclaim:        30984 kB
KernelStack:       11616 kB
PageTables:        24832 kB
NFS_Unstable:          0 kB
Bounce:                0 kB
WritebackTmp:          0 kB
CommitLimit:     1647288 kB
Committed_AS:   56311740 kB
VmallocTotal:     458752 kB
VmallocUsed:      119088 kB
VmallocChunk:     156676 kB
Time pass: 271 sec

---2015-12-03 16:46:11
MemTotal:        1860984 kB
MemFree:          127264 kB
Buffers:            5968 kB
Cached:           720600 kB
SwapCached:        13404 kB
Active:           558016 kB
Inactive:         643308 kB
Active(anon):     343456 kB
Inactive(anon):   135572 kB
Active(file):     214560 kB
Inactive(file):   507736 kB
Unevictable:         860 kB
Mlocked:               0 kB
HighTotal:       1436668 kB
HighFree:          50164 kB
LowTotal:         424316 kB
LowFree:           77100 kB
SwapTotal:        716796 kB
SwapFree:         499436 kB
Dirty:                 0 kB
Writeback:             0 kB
AnonPages:        473224 kB
Mapped:           241376 kB
Shmem:              3416 kB
Slab:              45656 kB
SReclaimable:      14792 kB
SUnreclaim:        30864 kB
KernelStack:       11552 kB
PageTables:        24832 kB
NFS_Unstable:          0 kB
Bounce:                0 kB
WritebackTmp:          0 kB
CommitLimit:     1647288 kB
Committed_AS:   56311788 kB
VmallocTotal:     458752 kB
VmallocUsed:      119088 kB
VmallocChunk:     156676 kB
Time pass: 275 sec

---2015-12-03 16:46:11
MemTotal:        1860984 kB
MemFree:          128540 kB
Buffers:            5968 kB
Cached:           720608 kB
SwapCached:        13400 kB
Active:           555544 kB
Inactive:         642412 kB
Active(anon):     340984 kB
Inactive(anon):   134676 kB
Active(file):     214560 kB
Inactive(file):   507736 kB
Unevictable:         860 kB
Mlocked:               0 kB
HighTotal:       1436668 kB
HighFree:          51100 kB
LowTotal:         424316 kB
LowFree:           77440 kB
SwapTotal:        716796 kB
SwapFree:         495844 kB
Dirty:                 0 kB
Writeback:             0 kB
AnonPages:        469704 kB
Mapped:           241376 kB
Shmem:              3416 kB
Slab:              45736 kB
SReclaimable:      14800 kB
SUnreclaim:        30936 kB
KernelStack:       11600 kB
PageTables:        24832 kB
NFS_Unstable:          0 kB
Bounce:                0 kB
WritebackTmp:          0 kB
CommitLimit:     1647288 kB
Committed_AS:   56311712 kB
VmallocTotal:     458752 kB
VmallocUsed:      119088 kB
VmallocChunk:     156676 kB
Time pass: 278 sec

---2015-12-03 16:46:11
MemTotal:        1860984 kB
MemFree:          128904 kB
Buffers:            5968 kB
Cached:           720620 kB
SwapCached:        13400 kB
Active:           555380 kB
Inactive:         642436 kB
Active(anon):     340820 kB
Inactive(anon):   134700 kB
Active(file):     214560 kB
Inactive(file):   507736 kB
Unevictable:         860 kB
Mlocked:               0 kB
HighTotal:       1436668 kB
HighFree:          51496 kB
LowTotal:         424316 kB
LowFree:           77408 kB
SwapTotal:        716796 kB
SwapFree:         495844 kB
Dirty:                 0 kB
Writeback:             0 kB
AnonPages:        469580 kB
Mapped:           241392 kB
Shmem:              3432 kB
Slab:              45776 kB
SReclaimable:      14800 kB
SUnreclaim:        30976 kB
KernelStack:       11600 kB
PageTables:        24832 kB
NFS_Unstable:          0 kB
Bounce:                0 kB
WritebackTmp:          0 kB
CommitLimit:     1647288 kB
Committed_AS:   56311420 kB
VmallocTotal:     458752 kB
VmallocUsed:      119088 kB
VmallocChunk:     156676 kB
Time pass: 282 sec

---2015-12-03 16:46:11
MemTotal:        1860984 kB
MemFree:          130696 kB
Buffers:            5968 kB
Cached:           720616 kB
SwapCached:        13388 kB
Active:           552416 kB
Inactive:         641604 kB
Active(anon):     337856 kB
Inactive(anon):   133868 kB
Active(file):     214560 kB
Inactive(file):   507736 kB
Unevictable:         860 kB
Mlocked:               0 kB
HighTotal:       1436668 kB
HighFree:          52840 kB
LowTotal:         424316 kB
LowFree:           77856 kB
SwapTotal:        716796 kB
SwapFree:         491720 kB
Dirty:                 0 kB
Writeback:             0 kB
AnonPages:        465760 kB
Mapped:           241392 kB
Shmem:              3432 kB
Slab:              45736 kB
SReclaimable:      14776 kB
SUnreclaim:        30960 kB
KernelStack:       11608 kB
PageTables:        24832 kB
NFS_Unstable:          0 kB
Bounce:                0 kB
WritebackTmp:          0 kB
CommitLimit:     1647288 kB
Committed_AS:   56311568 kB
VmallocTotal:     458752 kB
VmallocUsed:      119088 kB
VmallocChunk:     156676 kB
Time pass: 285 sec

---2015-12-03 16:46:11
MemTotal:        1860984 kB
MemFree:          130072 kB
Buffers:            5968 kB
Cached:           720620 kB
SwapCached:        13388 kB
Active:           552584 kB
Inactive:         641620 kB
Active(anon):     338024 kB
Inactive(anon):   133884 kB
Active(file):     214560 kB
Inactive(file):   507736 kB
Unevictable:         860 kB
Mlocked:               0 kB
HighTotal:       1436668 kB
HighFree:          52420 kB
LowTotal:         424316 kB
LowFree:           77652 kB
SwapTotal:        716796 kB
SwapFree:         491732 kB
Dirty:                 0 kB
Writeback:             0 kB
AnonPages:        465980 kB
Mapped:           241392 kB
Shmem:              3432 kB
Slab:              45780 kB
SReclaimable:      14776 kB
SUnreclaim:        31004 kB
KernelStack:       11600 kB
PageTables:        24832 kB
NFS_Unstable:          0 kB
Bounce:                0 kB
WritebackTmp:          0 kB
CommitLimit:     1647288 kB
Committed_AS:   56311648 kB
VmallocTotal:     458752 kB
VmallocUsed:      119088 kB
VmallocChunk:     156676 kB
Time pass: 289 sec

---2015-12-03 16:46:11
MemTotal:        1860984 kB
MemFree:          132868 kB
Buffers:            5968 kB
Cached:           720620 kB
SwapCached:        13388 kB
Active:           550212 kB
Inactive:         640208 kB
Active(anon):     335652 kB
Inactive(anon):   132472 kB
Active(file):     214560 kB
Inactive(file):   507736 kB
Unevictable:         860 kB
Mlocked:               0 kB
HighTotal:       1436668 kB
HighFree:          54876 kB
LowTotal:         424316 kB
LowFree:           77992 kB
SwapTotal:        716796 kB
SwapFree:         487656 kB
Dirty:                 0 kB
Writeback:             0 kB
AnonPages:        462148 kB
Mapped:           241392 kB
Shmem:              3432 kB
Slab:              45888 kB
SReclaimable:      14816 kB
SUnreclaim:        31072 kB
KernelStack:       11600 kB
PageTables:        24832 kB
NFS_Unstable:          0 kB
Bounce:                0 kB
WritebackTmp:          0 kB
CommitLimit:     1647288 kB
Committed_AS:   56311664 kB
VmallocTotal:     458752 kB
VmallocUsed:      119088 kB
VmallocChunk:     156676 kB
Time pass: 292 sec

---2015-12-03 16:46:11
MemTotal:        1860984 kB
MemFree:          133640 kB
Buffers:            5968 kB
Cached:           720616 kB
SwapCached:        13412 kB
Active:           548880 kB
Inactive:         639476 kB
Active(anon):     334320 kB
Inactive(anon):   131740 kB
Active(file):     214560 kB
Inactive(file):   507736 kB
Unevictable:         860 kB
Mlocked:               0 kB
HighTotal:       1436668 kB
HighFree:          55240 kB
LowTotal:         424316 kB
LowFree:           78400 kB
SwapTotal:        716796 kB
SwapFree:         485600 kB
Dirty:                 0 kB
Writeback:             0 kB
AnonPages:        460128 kB
Mapped:           241392 kB
Shmem:              3432 kB
Slab:              45880 kB
SReclaimable:      14824 kB
SUnreclaim:        31056 kB
KernelStack:       11544 kB
PageTables:        24832 kB
NFS_Unstable:          0 kB
Bounce:                0 kB
WritebackTmp:          0 kB
CommitLimit:     1647288 kB
Committed_AS:   56311640 kB
VmallocTotal:     458752 kB
VmallocUsed:      119088 kB
VmallocChunk:     156676 kB
Time pass: 296 sec

---2015-12-03 16:46:11
MemTotal:        1860984 kB
MemFree:          135840 kB
Buffers:            5968 kB
Cached:           720620 kB
SwapCached:        13024 kB
Active:           547332 kB
Inactive:         638944 kB
Active(anon):     332772 kB
Inactive(anon):   131208 kB
Active(file):     214560 kB
Inactive(file):   507736 kB
Unevictable:         860 kB
Mlocked:               0 kB
HighTotal:       1436668 kB
HighFree:          56528 kB
LowTotal:         424316 kB
LowFree:           79312 kB
SwapTotal:        716796 kB
SwapFree:         483888 kB
Dirty:                 0 kB
Writeback:             0 kB
AnonPages:        458092 kB
Mapped:           241392 kB
Shmem:              3432 kB
Slab:              45772 kB
SReclaimable:      14784 kB
SUnreclaim:        30988 kB
KernelStack:       11544 kB
PageTables:        24832 kB
NFS_Unstable:          0 kB
Bounce:                0 kB
WritebackTmp:          0 kB
CommitLimit:     1647288 kB
Committed_AS:   56311536 kB
VmallocTotal:     458752 kB
VmallocUsed:      119088 kB
VmallocChunk:     156676 kB
Time pass: 299 sec

---2015-12-03 16:46:11
MemTotal:        1860984 kB
MemFree:          136352 kB
Buffers:            5968 kB
Cached:           720620 kB
SwapCached:        13024 kB
Active:           547544 kB
Inactive:         638980 kB
Active(anon):     332984 kB
Inactive(anon):   131244 kB
Active(file):     214560 kB
Inactive(file):   507736 kB
Unevictable:         860 kB
Mlocked:               0 kB
HighTotal:       1436668 kB
HighFree:          56928 kB
LowTotal:         424316 kB
LowFree:           79424 kB
SwapTotal:        716796 kB
SwapFree:         483924 kB
Dirty:                 0 kB
Writeback:             0 kB
AnonPages:        458460 kB
Mapped:           241392 kB
Shmem:              3432 kB
Slab:              45764 kB
SReclaimable:      14776 kB
SUnreclaim:        30988 kB
KernelStack:       11544 kB
PageTables:        24832 kB
NFS_Unstable:          0 kB
Bounce:                0 kB
WritebackTmp:          0 kB
CommitLimit:     1647288 kB
Committed_AS:   56311572 kB
VmallocTotal:     458752 kB
VmallocUsed:      119088 kB
VmallocChunk:     156676 kB
Time pass: 303 sec

---2015-12-03 16:46:11
MemTotal:        1860984 kB
MemFree:          138088 kB
Buffers:            5968 kB
Cached:           720620 kB
SwapCached:        12732 kB
Active:           544900 kB
Inactive:         637732 kB
Active(anon):     330340 kB
Inactive(anon):   129996 kB
Active(file):     214560 kB
Inactive(file):   507736 kB
Unevictable:         860 kB
Mlocked:               0 kB
HighTotal:       1436668 kB
HighFree:          57568 kB
LowTotal:         424316 kB
LowFree:           80520 kB
SwapTotal:        716796 kB
SwapFree:         480104 kB
Dirty:                 0 kB
Writeback:             0 kB
AnonPages:        454792 kB
Mapped:           241368 kB
Shmem:              3432 kB
Slab:              45956 kB
SReclaimable:      14880 kB
SUnreclaim:        31076 kB
KernelStack:       11592 kB
PageTables:        24832 kB
NFS_Unstable:          0 kB
Bounce:                0 kB
WritebackTmp:          0 kB
CommitLimit:     1647288 kB
Committed_AS:   56311592 kB
VmallocTotal:     458752 kB
VmallocUsed:      119088 kB
VmallocChunk:     156676 kB
Time pass: 306 sec

---2015-12-03 16:46:11
MemTotal:        1860984 kB
MemFree:          137604 kB
Buffers:            5968 kB
Cached:           720620 kB
SwapCached:        13084 kB
Active:           545108 kB
Inactive:         638120 kB
Active(anon):     330548 kB
Inactive(anon):   130384 kB
Active(file):     214560 kB
Inactive(file):   507736 kB
Unevictable:         860 kB
Mlocked:               0 kB
HighTotal:       1436668 kB
HighFree:          57004 kB
LowTotal:         424316 kB
LowFree:           80600 kB
SwapTotal:        716796 kB
SwapFree:         480148 kB
Dirty:                 0 kB
Writeback:             0 kB
AnonPages:        455348 kB
Mapped:           241368 kB
Shmem:              3432 kB
Slab:              45848 kB
SReclaimable:      14880 kB
SUnreclaim:        30968 kB
KernelStack:       11600 kB
PageTables:        24832 kB
NFS_Unstable:          0 kB
Bounce:                0 kB
WritebackTmp:          0 kB
CommitLimit:     1647288 kB
Committed_AS:   56311624 kB
VmallocTotal:     458752 kB
VmallocUsed:      119088 kB
VmallocChunk:     156676 kB
Time pass: 310 sec

---2015-12-03 16:46:11
MemTotal:        1860984 kB
MemFree:          138940 kB
Buffers:            5984 kB
Cached:           720620 kB
SwapCached:        13988 kB
Active:           543412 kB
Inactive:         638124 kB
Active(anon):     328844 kB
Inactive(anon):   130388 kB
Active(file):     214568 kB
Inactive(file):   507736 kB
Unevictable:         860 kB
Mlocked:               0 kB
HighTotal:       1436668 kB
HighFree:          57732 kB
LowTotal:         424316 kB
LowFree:           81208 kB
SwapTotal:        716796 kB
SwapFree:         476388 kB
Dirty:                72 kB
Writeback:             0 kB
AnonPages:        453668 kB
Mapped:           241364 kB
Shmem:              3432 kB
Slab:              45820 kB
SReclaimable:      14784 kB
SUnreclaim:        31036 kB
KernelStack:       11608 kB
PageTables:        24836 kB
NFS_Unstable:          0 kB
Bounce:                0 kB
WritebackTmp:          0 kB
CommitLimit:     1647288 kB
Committed_AS:   56311644 kB
VmallocTotal:     458752 kB
VmallocUsed:      119088 kB
VmallocChunk:     156676 kB
Time pass: 314 sec

---2015-12-03 16:46:11
MemTotal:        1860984 kB
MemFree:          140116 kB
Buffers:            5984 kB
Cached:           720620 kB
SwapCached:        13988 kB
Active:           541640 kB
Inactive:         636040 kB
Active(anon):     327072 kB
Inactive(anon):   128296 kB
Active(file):     214568 kB
Inactive(file):   507744 kB
Unevictable:         860 kB
Mlocked:               0 kB
HighTotal:       1436668 kB
HighFree:          58384 kB
LowTotal:         424316 kB
LowFree:           81732 kB
SwapTotal:        716796 kB
SwapFree:         472220 kB
Dirty:                 0 kB
Writeback:             0 kB
AnonPages:        449744 kB
Mapped:           241364 kB
