---2015-12-08 17:44:29
MemTotal:        2582696 kB
MemFree:          114172 kB
Buffers:           12728 kB
Cached:          1133696 kB
SwapCached:            0 kB
Active:          1164468 kB
Inactive:         794476 kB
Active(anon):     650912 kB
Inactive(anon):   166796 kB
Active(file):     513556 kB
Inactive(file):   627680 kB
Unevictable:        2988 kB
Mlocked:               0 kB
SwapTotal:        524284 kB
SwapFree:         524284 kB
Dirty:               256 kB
Writeback:             0 kB
AnonPages:        815496 kB
Mapped:           450132 kB
Shmem:              2268 kB
Slab:             102932 kB
SReclaimable:      31624 kB
SUnreclaim:        71308 kB
KernelStack:       39328 kB
PageTables:        40836 kB
NFS_Unstable:          0 kB
Bounce:                0 kB
WritebackTmp:          0 kB
CommitLimit:     1815632 kB
Committed_AS:   116065364 kB
VmallocTotal:   251658176 kB
VmallocUsed:      120416 kB
VmallocChunk:   251464100 kB
Time pass: 3 sec

---2015-12-08 17:44:29
MemTotal:        2582696 kB
MemFree:          112004 kB
Buffers:           12728 kB
Cached:          1133848 kB
SwapCached:            0 kB
Active:          1167420 kB
Inactive:         794552 kB
Active(anon):     653872 kB
Inactive(anon):   166796 kB
Active(file):     513548 kB
Inactive(file):   627756 kB
Unevictable:        2988 kB
Mlocked:               0 kB
SwapTotal:        524284 kB
SwapFree:         524284 kB
Dirty:               200 kB
Writeback:             0 kB
AnonPages:        818308 kB
Mapped:           450204 kB
Shmem:              2268 kB
Slab:             102928 kB
SReclaimable:      31628 kB
SUnreclaim:        71300 kB
KernelStack:       39360 kB
PageTables:        40868 kB
NFS_Unstable:          0 kB
Bounce:                0 kB
WritebackTmp:          0 kB
CommitLimit:     1815632 kB
Committed_AS:   116065380 kB
VmallocTotal:   251658176 kB
VmallocUsed:      120416 kB
VmallocChunk:   251464100 kB
Time pass: 7 sec

---2015-12-08 17:44:29
MemTotal:        2582696 kB
MemFree:          111620 kB
Buffers:           12728 kB
Cached:          1134108 kB
SwapCached:            0 kB
Active:          1167740 kB
Inactive:         794816 kB
Active(anon):     654180 kB
Inactive(anon):   166796 kB
Active(file):     513560 kB
Inactive(file):   628020 kB
Unevictable:        2988 kB
Mlocked:               0 kB
SwapTotal:        524284 kB
SwapFree:         524284 kB
Dirty:               468 kB
Writeback:             0 kB
AnonPages:        818692 kB
Mapped:           450236 kB
Shmem:              2268 kB
Slab:             102952 kB
SReclaimable:      31644 kB
SUnreclaim:        71308 kB
KernelStack:       39360 kB
PageTables:        40868 kB
NFS_Unstable:          0 kB
Bounce:                0 kB
WritebackTmp:          0 kB
CommitLimit:     1815632 kB
Committed_AS:   116065388 kB
VmallocTotal:   251658176 kB
VmallocUsed:      120416 kB
VmallocChunk:   251464100 kB
Time pass: 11 sec

---2015-12-08 17:44:29
MemTotal:        2582696 kB
MemFree:          112320 kB
Buffers:           12728 kB
Cached:          1134108 kB
SwapCached:            0 kB
Active:          1167992 kB
Inactive:         794816 kB
Active(anon):     654432 kB
Inactive(anon):   166796 kB
Active(file):     513560 kB
Inactive(file):   628020 kB
Unevictable:        2988 kB
Mlocked:               0 kB
SwapTotal:        524284 kB
SwapFree:         524284 kB
Dirty:               280 kB
Writeback:             0 kB
AnonPages:        819012 kB
Mapped:           450184 kB
Shmem:              2268 kB
Slab:             102848 kB
SReclaimable:      31644 kB
SUnreclaim:        71204 kB
KernelStack:       39344 kB
PageTables:        40828 kB
NFS_Unstable:          0 kB
Bounce:                0 kB
WritebackTmp:          0 kB
CommitLimit:     1815632 kB
Committed_AS:   116065324 kB
VmallocTotal:   251658176 kB
VmallocUsed:      120416 kB
VmallocChunk:   251464100 kB
Time pass: 15 sec

---2015-12-08 17:44:29
MemTotal:        2582696 kB
MemFree:          112176 kB
Buffers:           12728 kB
Cached:          1134108 kB
SwapCached:            0 kB
Active:          1168388 kB
Inactive:         794816 kB
Active(anon):     654828 kB
Inactive(anon):   166796 kB
Active(file):     513560 kB
Inactive(file):   628020 kB
Unevictable:        2988 kB
Mlocked:               0 kB
SwapTotal:        524284 kB
SwapFree:         524284 kB
Dirty:               280 kB
Writeback:             0 kB
AnonPages:        819240 kB
Mapped:           450016 kB
Shmem:              2268 kB
Slab:             102848 kB
SReclaimable:      31644 kB
SUnreclaim:        71204 kB
KernelStack:       39344 kB
PageTables:        40868 kB
NFS_Unstable:          0 kB
Bounce:                0 kB
WritebackTmp:          0 kB
CommitLimit:     1815632 kB
Committed_AS:   116065340 kB
VmallocTotal:   251658176 kB
VmallocUsed:      120416 kB
VmallocChunk:   251464100 kB
Time pass: 18 sec

---2015-12-08 17:44:29
MemTotal:        2582696 kB
MemFree:          115856 kB
Buffers:            9084 kB
Cached:          1026484 kB
SwapCached:            0 kB
Active:          1202320 kB
Inactive:         689792 kB
Active(anon):     687364 kB
Inactive(anon):   175472 kB
Active(file):     514956 kB
Inactive(file):   514320 kB
Unevictable:        3668 kB
Mlocked:               0 kB
SwapTotal:        524284 kB
SwapFree:         524284 kB
Dirty:              1220 kB
Writeback:             0 kB
AnonPages:        860244 kB
Mapped:           496152 kB
Shmem:              2624 kB
Slab:             102888 kB
SReclaimable:      31556 kB
SUnreclaim:        71332 kB
KernelStack:       40544 kB
PageTables:        41888 kB
NFS_Unstable:          0 kB
Bounce:                0 kB
WritebackTmp:          0 kB
CommitLimit:     1815632 kB
Committed_AS:   117380892 kB
VmallocTotal:   251658176 kB
VmallocUsed:      122100 kB
VmallocChunk:   251464100 kB
Time pass: 23 sec

---2015-12-08 17:44:29
MemTotal:        2582696 kB
MemFree:          134856 kB
Buffers:            7208 kB
Cached:          1013784 kB
SwapCached:            0 kB
Active:          1175252 kB
Inactive:         683540 kB
Active(anon):     668652 kB
Inactive(anon):   174800 kB
Active(file):     506600 kB
Inactive(file):   508740 kB
Unevictable:        3916 kB
Mlocked:               0 kB
SwapTotal:        524284 kB
SwapFree:         523888 kB
Dirty:               624 kB
Writeback:             0 kB
AnonPages:        841780 kB
Mapped:           497160 kB
Shmem:              1724 kB
Slab:             103076 kB
SReclaimable:      31652 kB
SUnreclaim:        71424 kB
KernelStack:       40496 kB
PageTables:        41952 kB
NFS_Unstable:          0 kB
Bounce:                0 kB
WritebackTmp:          0 kB
CommitLimit:     1815632 kB
Committed_AS:   117376956 kB
VmallocTotal:   251658176 kB
VmallocUsed:      122344 kB
VmallocChunk:   251464100 kB
Time pass: 27 sec

---2015-12-08 17:44:29
MemTotal:        2582696 kB
MemFree:          128688 kB
Buffers:            7208 kB
Cached:          1014876 kB
SwapCached:            0 kB
Active:          1180976 kB
Inactive:         684024 kB
Active(anon):     673980 kB
Inactive(anon):   174804 kB
Active(file):     506996 kB
Inactive(file):   509220 kB
Unevictable:        3916 kB
Mlocked:               0 kB
SwapTotal:        524284 kB
SwapFree:         523888 kB
Dirty:               308 kB
Writeback:             0 kB
AnonPages:        847568 kB
Mapped:           497288 kB
Shmem:              1732 kB
Slab:             102992 kB
SReclaimable:      31672 kB
SUnreclaim:        71320 kB
KernelStack:       40544 kB
PageTables:        41972 kB
NFS_Unstable:          0 kB
Bounce:                0 kB
WritebackTmp:          0 kB
CommitLimit:     1815632 kB
Committed_AS:   117377044 kB
VmallocTotal:   251658176 kB
VmallocUsed:      122344 kB
VmallocChunk:   251464100 kB
Time pass: 30 sec

---2015-12-08 17:44:29
MemTotal:        2582696 kB
MemFree:          130996 kB
Buffers:            7208 kB
Cached:          1014848 kB
SwapCached:            0 kB
Active:          1177968 kB
Inactive:         684372 kB
Active(anon):     671128 kB
Inactive(anon):   174800 kB
Active(file):     506840 kB
Inactive(file):   509572 kB
Unevictable:        3916 kB
Mlocked:               0 kB
SwapTotal:        524284 kB
SwapFree:         523888 kB
Dirty:               336 kB
Writeback:             0 kB
AnonPages:        844284 kB
Mapped:           497420 kB
Shmem:              1724 kB
Slab:             102976 kB
SReclaimable:      31696 kB
SUnreclaim:        71280 kB
KernelStack:       40512 kB
PageTables:        41968 kB
NFS_Unstable:          0 kB
Bounce:                0 kB
WritebackTmp:          0 kB
CommitLimit:     1815632 kB
Committed_AS:   117376956 kB
VmallocTotal:   251658176 kB
VmallocUsed:      122344 kB
VmallocChunk:   251464100 kB
Time pass: 34 sec

---2015-12-08 17:44:29
MemTotal:        2582696 kB
MemFree:          115480 kB
Buffers:            6844 kB
Cached:           938932 kB
SwapCached:            0 kB
Active:          1146608 kB
Inactive:         644420 kB
Active(anon):     676476 kB
Inactive(anon):   173992 kB
Active(file):     470132 kB
Inactive(file):   470428 kB
Unevictable:        3916 kB
Mlocked:               0 kB
SwapTotal:        524284 kB
SwapFree:         523236 kB
Dirty:               368 kB
Writeback:             0 kB
AnonPages:        849196 kB
Mapped:           483548 kB
Shmem:              1304 kB
Slab:             103180 kB
SReclaimable:      31808 kB
SUnreclaim:        71372 kB
KernelStack:       40608 kB
PageTables:        42276 kB
NFS_Unstable:          0 kB
Bounce:                0 kB
WritebackTmp:          0 kB
CommitLimit:     1815632 kB
Committed_AS:   117377908 kB
VmallocTotal:   251658176 kB
VmallocUsed:      122440 kB
VmallocChunk:   251464100 kB
Time pass: 38 sec

---2015-12-08 17:44:29
MemTotal:        2582696 kB
MemFree:          113108 kB
Buffers:            6844 kB
Cached:           938952 kB
SwapCached:            0 kB
Active:          1148204 kB
Inactive:         644440 kB
Active(anon):     678072 kB
Inactive(anon):   173992 kB
Active(file):     470132 kB
Inactive(file):   470448 kB
Unevictable:        3916 kB
Mlocked:               0 kB
SwapTotal:        524284 kB
SwapFree:         523236 kB
Dirty:               428 kB
Writeback:             0 kB
AnonPages:        850748 kB
Mapped:           483584 kB
Shmem:              1304 kB
Slab:             103276 kB
SReclaimable:      31896 kB
SUnreclaim:        71380 kB
KernelStack:       40592 kB
PageTables:        42304 kB
NFS_Unstable:          0 kB
Bounce:                0 kB
WritebackTmp:          0 kB
CommitLimit:     1815632 kB
Committed_AS:   117377940 kB
VmallocTotal:   251658176 kB
VmallocUsed:      122440 kB
VmallocChunk:   251464100 kB
Time pass: 41 sec

---2015-12-08 17:44:29
MemTotal:        2582696 kB
MemFree:          121436 kB
Buffers:            6844 kB
Cached:           940168 kB
SwapCached:            0 kB
Active:          1158228 kB
Inactive:         645416 kB
Active(anon):     687956 kB
Inactive(anon):   173996 kB
Active(file):     470272 kB
Inactive(file):   471420 kB
Unevictable:        3916 kB
Mlocked:               0 kB
SwapTotal:        524284 kB
SwapFree:         523236 kB
Dirty:               596 kB
Writeback:             0 kB
AnonPages:        860692 kB
Mapped:           485448 kB
Shmem:              1308 kB
Slab:             103212 kB
SReclaimable:      31924 kB
SUnreclaim:        71288 kB
KernelStack:       40624 kB
PageTables:        42140 kB
NFS_Unstable:          0 kB
Bounce:                0 kB
WritebackTmp:          0 kB
CommitLimit:     1815632 kB
Committed_AS:   117380180 kB
VmallocTotal:   251658176 kB
VmallocUsed:      122284 kB
VmallocChunk:   251464100 kB
Time pass: 45 sec

---2015-12-08 17:44:29
MemTotal:        2582696 kB
MemFree:          117260 kB
Buffers:            6752 kB
Cached:           884416 kB
SwapCached:            0 kB
Active:          1137292 kB
Inactive:         618684 kB
Active(anon):     694376 kB
Inactive(anon):   175660 kB
Active(file):     442916 kB
Inactive(file):   443024 kB
Unevictable:        3916 kB
Mlocked:               0 kB
SwapTotal:        524284 kB
SwapFree:         522824 kB
Dirty:               528 kB
Writeback:             0 kB
AnonPages:        868736 kB
Mapped:           530704 kB
Shmem:              1308 kB
Slab:              99620 kB
SReclaimable:      28380 kB
SUnreclaim:        71240 kB
KernelStack:       40720 kB
PageTables:        42320 kB
NFS_Unstable:          0 kB
Bounce:                0 kB
WritebackTmp:          0 kB
CommitLimit:     1815632 kB
Committed_AS:   117392564 kB
VmallocTotal:   251658176 kB
VmallocUsed:      122760 kB
VmallocChunk:   251464100 kB
Time pass: 49 sec

---2015-12-08 17:44:29
MemTotal:        2582696 kB
MemFree:          114560 kB
Buffers:            6752 kB
Cached:           883524 kB
SwapCached:            0 kB
Active:          1136968 kB
Inactive:         618484 kB
Active(anon):     694756 kB
Inactive(anon):   175644 kB
Active(file):     442212 kB
Inactive(file):   442840 kB
Unevictable:        3916 kB
Mlocked:               0 kB
SwapTotal:        524284 kB
SwapFree:         522816 kB
Dirty:               576 kB
Writeback:             0 kB
AnonPages:        869268 kB
Mapped:           531096 kB
Shmem:              1308 kB
Slab:             102576 kB
SReclaimable:      31284 kB
SUnreclaim:        71292 kB
KernelStack:       40688 kB
PageTables:        42276 kB
NFS_Unstable:          0 kB
Bounce:                0 kB
WritebackTmp:          0 kB
CommitLimit:     1815632 kB
Committed_AS:   117392564 kB
VmallocTotal:   251658176 kB
VmallocUsed:      122760 kB
VmallocChunk:   251464100 kB
Time pass: 53 sec

---2015-12-08 17:44:29
MemTotal:        2582696 kB
MemFree:          117196 kB
Buffers:            6752 kB
Cached:           880136 kB
SwapCached:            0 kB
Active:          1136904 kB
Inactive:         616532 kB
Active(anon):     695912 kB
Inactive(anon):   175644 kB
Active(file):     440992 kB
Inactive(file):   440888 kB
Unevictable:        3916 kB
Mlocked:               0 kB
SwapTotal:        524284 kB
SwapFree:         522784 kB
Dirty:               552 kB
Writeback:             0 kB
AnonPages:        870464 kB
Mapped:           531080 kB
Shmem:              1308 kB
Slab:              99632 kB
SReclaimable:      28304 kB
SUnreclaim:        71328 kB
KernelStack:       40688 kB
PageTables:        42292 kB
NFS_Unstable:          0 kB
Bounce:                0 kB
WritebackTmp:          0 kB
CommitLimit:     1815632 kB
Committed_AS:   117392740 kB
VmallocTotal:   251658176 kB
VmallocUsed:      122760 kB
VmallocChunk:   251464100 kB
Time pass: 56 sec

---2015-12-08 17:44:29
MemTotal:        2582696 kB
MemFree:          114648 kB
Buffers:            6752 kB
Cached:           868376 kB
SwapCached:            0 kB
Active:          1131524 kB
Inactive:         611040 kB
Active(anon):     696464 kB
Inactive(anon):   176184 kB
Active(file):     435060 kB
Inactive(file):   434856 kB
Unevictable:        3916 kB
Mlocked:               0 kB
SwapTotal:        524284 kB
SwapFree:         522580 kB
Dirty:               792 kB
Writeback:             0 kB
AnonPages:        871328 kB
Mapped:           540828 kB
Shmem:              1308 kB
Slab:             102836 kB
SReclaimable:      31544 kB
SUnreclaim:        71292 kB
KernelStack:       40704 kB
PageTables:        42316 kB
NFS_Unstable:          0 kB
Bounce:                0 kB
WritebackTmp:          0 kB
CommitLimit:     1815632 kB
Committed_AS:   117392740 kB
VmallocTotal:   251658176 kB
VmallocUsed:      122856 kB
VmallocChunk:   251464100 kB
Time pass: 60 sec

---2015-12-08 17:44:29
MemTotal:        2582696 kB
MemFree:          115640 kB
Buffers:            6752 kB
Cached:           868032 kB
SwapCached:            0 kB
Active:          1131500 kB
Inactive:         610928 kB
Active(anon):     696684 kB
Inactive(anon):   176184 kB
Active(file):     434816 kB
Inactive(file):   434744 kB
Unevictable:        3916 kB
Mlocked:               0 kB
SwapTotal:        524284 kB
SwapFree:         522580 kB
Dirty:               576 kB
Writeback:             0 kB
AnonPages:        871488 kB
Mapped:           540832 kB
Shmem:              1308 kB
Slab:             102672 kB
SReclaimable:      31372 kB
SUnreclaim:        71300 kB
KernelStack:       40688 kB
PageTables:        42316 kB
NFS_Unstable:          0 kB
Bounce:                0 kB
WritebackTmp:          0 kB
CommitLimit:     1815632 kB
Committed_AS:   117392740 kB
VmallocTotal:   251658176 kB
VmallocUsed:      122856 kB
VmallocChunk:   251464100 kB
Time pass: 64 sec

---2015-12-08 17:44:29
MemTotal:        2582696 kB
MemFree:          119792 kB
Buffers:            6748 kB
Cached:           844584 kB
SwapCached:            0 kB
Active:          1123916 kB
Inactive:         600832 kB
Active(anon):     700884 kB
Inactive(anon):   177776 kB
Active(file):     423032 kB
Inactive(file):   423056 kB
Unevictable:        3916 kB
Mlocked:               0 kB
SwapTotal:        524284 kB
SwapFree:         522496 kB
Dirty:              1452 kB
Writeback:             0 kB
AnonPages:        877236 kB
Mapped:           550380 kB
Shmem:              1256 kB
Slab:             102696 kB
SReclaimable:      31308 kB
SUnreclaim:        71388 kB
KernelStack:       40720 kB
PageTables:        42252 kB
NFS_Unstable:          0 kB
Bounce:                0 kB
WritebackTmp:          0 kB
CommitLimit:     1815632 kB
Committed_AS:   117393388 kB
VmallocTotal:   251658176 kB
VmallocUsed:      123020 kB
VmallocChunk:   251464100 kB
Time pass: 67 sec

---2015-12-08 17:44:29
MemTotal:        2582696 kB
MemFree:          110148 kB
Buffers:            6748 kB
Cached:           839788 kB
SwapCached:            8 kB
Active:          1133000 kB
Inactive:         599184 kB
Active(anon):     712896 kB
Inactive(anon):   178032 kB
Active(file):     420104 kB
Inactive(file):   421152 kB
Unevictable:        3916 kB
Mlocked:               0 kB
SwapTotal:        524284 kB
SwapFree:         522496 kB
Dirty:              1208 kB
Writeback:             0 kB
AnonPages:        889616 kB
Mapped:           554664 kB
Shmem:              1256 kB
Slab:             102280 kB
SReclaimable:      30320 kB
SUnreclaim:        71960 kB
KernelStack:       40864 kB
PageTables:        42280 kB
NFS_Unstable:          0 kB
Bounce:                0 kB
WritebackTmp:          0 kB
CommitLimit:     1815632 kB
Committed_AS:   117436028 kB
VmallocTotal:   251658176 kB
VmallocUsed:      125544 kB
VmallocChunk:   251464100 kB
Time pass: 71 sec

---2015-12-08 17:44:29
MemTotal:        2582696 kB
MemFree:          111320 kB
Buffers:            6408 kB
Cached:           826552 kB
SwapCached:            8 kB
Active:          1133420 kB
Inactive:         593692 kB
Active(anon):     719692 kB
Inactive(anon):   179912 kB
Active(file):     413728 kB
Inactive(file):   413780 kB
Unevictable:        3916 kB
Mlocked:               0 kB
SwapTotal:        524284 kB
SwapFree:         522464 kB
Dirty:               748 kB
Writeback:             0 kB
AnonPages:        898256 kB
Mapped:           555428 kB
Shmem:              1392 kB
Slab:              99964 kB
SReclaimable:      28308 kB
SUnreclaim:        71656 kB
KernelStack:       41120 kB
PageTables:        42496 kB
NFS_Unstable:          0 kB
Bounce:                0 kB
WritebackTmp:          0 kB
CommitLimit:     1815632 kB
Committed_AS:   117445448 kB
VmallocTotal:   251658176 kB
VmallocUsed:      125552 kB
VmallocChunk:   251464100 kB
Time pass: 75 sec

---2015-12-08 17:44:29
MemTotal:        2582696 kB
MemFree:          109552 kB
Buffers:            6408 kB
Cached:           795396 kB
SwapCached:            8 kB
Active:          1118512 kB
Inactive:         578532 kB
Active(anon):     720000 kB
Inactive(anon):   180924 kB
Active(file):     398512 kB
Inactive(file):   397608 kB
Unevictable:        3916 kB
Mlocked:               0 kB
SwapTotal:        524284 kB
SwapFree:         522044 kB
Dirty:               740 kB
Writeback:             0 kB
AnonPages:        899356 kB
Mapped:           555400 kB
Shmem:              1556 kB
Slab:             103212 kB
SReclaimable:      31420 kB
SUnreclaim:        71792 kB
KernelStack:       41104 kB
PageTables:        42660 kB
NFS_Unstable:          0 kB
Bounce:                0 kB
WritebackTmp:          0 kB
CommitLimit:     1815632 kB
Committed_AS:   117445516 kB
VmallocTotal:   251658176 kB
VmallocUsed:      125552 kB
VmallocChunk:   251464100 kB
Time pass: 80 sec

---2015-12-08 17:44:29
MemTotal:        2582696 kB
MemFree:          109456 kB
Buffers:            6408 kB
Cached:           794372 kB
SwapCached:            8 kB
Active:          1120444 kB
Inactive:         577404 kB
Active(anon):     721740 kB
Inactive(anon):   180800 kB
Active(file):     398704 kB
Inactive(file):   396604 kB
Unevictable:        3916 kB
Mlocked:               0 kB
SwapTotal:        524284 kB
SwapFree:         521956 kB
Dirty:               744 kB
Writeback:             0 kB
AnonPages:        901064 kB
Mapped:           555436 kB
Shmem:              1556 kB
Slab:             103320 kB
SReclaimable:      31528 kB
SUnreclaim:        71792 kB
KernelStack:       41056 kB
PageTables:        42668 kB
NFS_Unstable:          0 kB
Bounce:                0 kB
WritebackTmp:          0 kB
CommitLimit:     1815632 kB
Committed_AS:   117449444 kB
VmallocTotal:   251658176 kB
VmallocUsed:      125552 kB
VmallocChunk:   251464100 kB
Time pass: 84 sec

---2015-12-08 17:44:29
MemTotal:        2582696 kB
MemFree:          109004 kB
Buffers:            6408 kB
Cached:           793944 kB
SwapCached:            8 kB
Active:          1120728 kB
Inactive:         577412 kB
Active(anon):     722508 kB
Inactive(anon):   180808 kB
Active(file):     398220 kB
Inactive(file):   396604 kB
Unevictable:        3920 kB
Mlocked:               0 kB
SwapTotal:        524284 kB
SwapFree:         521916 kB
Dirty:               740 kB
Writeback:             0 kB
AnonPages:        901724 kB
Mapped:           555488 kB
Shmem:              1608 kB
Slab:             102952 kB
SReclaimable:      31188 kB
SUnreclaim:        71764 kB
KernelStack:       41056 kB
PageTables:        42664 kB
NFS_Unstable:          0 kB
Bounce:                0 kB
WritebackTmp:          0 kB
CommitLimit:     1815632 kB
Committed_AS:   117457692 kB
VmallocTotal:   251658176 kB
VmallocUsed:      125552 kB
VmallocChunk:   251464100 kB
Time pass: 87 sec

---2015-12-08 17:44:29
MemTotal:        2582696 kB
MemFree:          109112 kB
Buffers:            6408 kB
Cached:           793028 kB
SwapCached:            8 kB
Active:          1120008 kB
Inactive:         577352 kB
Active(anon):     722632 kB
Inactive(anon):   180752 kB
Active(file):     397376 kB
Inactive(file):   396600 kB
Unevictable:        3920 kB
Mlocked:               0 kB
SwapTotal:        524284 kB
SwapFree:         521840 kB
Dirty:               740 kB
Writeback:             0 kB
AnonPages:        901844 kB
Mapped:           555488 kB
Shmem:              1608 kB
Slab:             102888 kB
SReclaimable:      31308 kB
SUnreclaim:        71580 kB
KernelStack:       41056 kB
PageTables:        42676 kB
NFS_Unstable:          0 kB
Bounce:                0 kB
WritebackTmp:          0 kB
CommitLimit:     1815632 kB
Committed_AS:   117457700 kB
VmallocTotal:   251658176 kB
VmallocUsed:      125552 kB
VmallocChunk:   251464100 kB
Time pass: 91 sec

---2015-12-08 17:44:29
MemTotal:        2582696 kB
MemFree:          109700 kB
Buffers:            6408 kB
Cached:           791672 kB
SwapCached:            8 kB
Active:          1120336 kB
Inactive:         575768 kB
Active(anon):     722908 kB
Inactive(anon):   180828 kB
Active(file):     397428 kB
Inactive(file):   394940 kB
Unevictable:        3920 kB
Mlocked:               0 kB
SwapTotal:        524284 kB
SwapFree:         521688 kB
Dirty:               740 kB
Writeback:             0 kB
AnonPages:        902000 kB
Mapped:           555460 kB
Shmem:              1608 kB
Slab:             103388 kB
SReclaimable:      31428 kB
SUnreclaim:        71960 kB
KernelStack:       41056 kB
PageTables:        42676 kB
NFS_Unstable:          0 kB
Bounce:                0 kB
WritebackTmp:          0 kB
CommitLimit:     1815632 kB
Committed_AS:   117457700 kB
VmallocTotal:   251658176 kB
VmallocUsed:      125552 kB
VmallocChunk:   251464100 kB
Time pass: 95 sec

---2015-12-08 17:44:29
MemTotal:        2582696 kB
MemFree:          111116 kB
Buffers:            6416 kB
Cached:           790992 kB
SwapCached:            8 kB
Active:          1120260 kB
Inactive:         575400 kB
Active(anon):     722888 kB
Inactive(anon):   180892 kB
Active(file):     397372 kB
Inactive(file):   394508 kB
Unevictable:        3920 kB
Mlocked:               0 kB
SwapTotal:        524284 kB
SwapFree:         521636 kB
Dirty:               740 kB
Writeback:             0 kB
AnonPages:        902152 kB
Mapped:           555488 kB
Shmem:              1636 kB
Slab:             102908 kB
SReclaimable:      31140 kB
SUnreclaim:        71768 kB
KernelStack:       41024 kB
PageTables:        42680 kB
NFS_Unstable:          0 kB
Bounce:                0 kB
WritebackTmp:          0 kB
CommitLimit:     1815632 kB
Committed_AS:   117457708 kB
VmallocTotal:   251658176 kB
VmallocUsed:      125552 kB
VmallocChunk:   251464100 kB
Time pass: 99 sec

---2015-12-08 17:44:29
MemTotal:        2582696 kB
MemFree:          113480 kB
Buffers:            6416 kB
Cached:           790992 kB
SwapCached:            8 kB
Active:          1117856 kB
Inactive:         575924 kB
Active(anon):     721152 kB
Inactive(anon):   180776 kB
Active(file):     396704 kB
Inactive(file):   395148 kB
Unevictable:        3920 kB
Mlocked:               0 kB
SwapTotal:        524284 kB
SwapFree:         521568 kB
Dirty:               740 kB
Writeback:             0 kB
AnonPages:        900232 kB
Mapped:           555364 kB
Shmem:              1636 kB
Slab:             103248 kB
SReclaimable:      31444 kB
SUnreclaim:        71804 kB
KernelStack:       41024 kB
PageTables:        42664 kB
NFS_Unstable:          0 kB
Bounce:                0 kB
WritebackTmp:          0 kB
CommitLimit:     1815632 kB
Committed_AS:   117457700 kB
VmallocTotal:   251658176 kB
VmallocUsed:      125552 kB
VmallocChunk:   251464100 kB
Time pass: 103 sec

---2015-12-08 17:44:29
MemTotal:        2582696 kB
MemFree:          122544 kB
Buffers:            6416 kB
Cached:           789804 kB
SwapCached:            8 kB
Active:          1110936 kB
Inactive:         574160 kB
Active(anon):     713828 kB
Inactive(anon):   180664 kB
Active(file):     397108 kB
Inactive(file):   393496 kB
Unevictable:        3920 kB
Mlocked:               0 kB
SwapTotal:        524284 kB
SwapFree:         521452 kB
Dirty:               740 kB
Writeback:             0 kB
AnonPages:        892856 kB
Mapped:           555416 kB
Shmem:              1668 kB
Slab:             103080 kB
SReclaimable:      31324 kB
SUnreclaim:        71756 kB
KernelStack:       40992 kB
PageTables:        42664 kB
NFS_Unstable:          0 kB
Bounce:                0 kB
WritebackTmp:          0 kB
CommitLimit:     1815632 kB
Committed_AS:   117457668 kB
VmallocTotal:   251658176 kB
VmallocUsed:      125552 kB
VmallocChunk:   251464100 kB
Time pass: 107 sec

---2015-12-08 17:44:29
MemTotal:        2582696 kB
MemFree:          123264 kB
Buffers:            6416 kB
Cached:           789380 kB
SwapCached:            8 kB
Active:          1111428 kB
Inactive:         573292 kB
Active(anon):     713968 kB
Inactive(anon):   180544 kB
Active(file):     397460 kB
Inactive(file):   392748 kB
Unevictable:        3920 kB
Mlocked:               0 kB
SwapTotal:        524284 kB
SwapFree:         521392 kB
Dirty:               740 kB
Writeback:             0 kB
AnonPages:        892868 kB
Mapped:           555480 kB
Shmem:              1668 kB
Slab:             103044 kB
SReclaimable:      31360 kB
SUnreclaim:        71684 kB
KernelStack:       40992 kB
PageTables:        42668 kB
NFS_Unstable:          0 kB
Bounce:                0 kB
WritebackTmp:          0 kB
CommitLimit:     1815632 kB
Committed_AS:   117457644 kB
VmallocTotal:   251658176 kB
VmallocUsed:      125552 kB
VmallocChunk:   251464100 kB
Time pass: 110 sec

---2015-12-08 17:44:29
MemTotal:        2582696 kB
MemFree:          132536 kB
Buffers:            6416 kB
Cached:           790568 kB
SwapCached:            8 kB
Active:          1102120 kB
Inactive:         573272 kB
Active(anon):     703540 kB
Inactive(anon):   180064 kB
Active(file):     398580 kB
Inactive(file):   393208 kB
Unevictable:        3920 kB
Mlocked:               0 kB
SwapTotal:        524284 kB
SwapFree:         521364 kB
Dirty:               744 kB
Writeback:             0 kB
AnonPages:        882772 kB
Mapped:           555060 kB
Shmem:              1216 kB
Slab:             103092 kB
SReclaimable:      31536 kB
SUnreclaim:        71556 kB
KernelStack:       40528 kB
PageTables:        42284 kB
NFS_Unstable:          0 kB
Bounce:                0 kB
WritebackTmp:          0 kB
CommitLimit:     1815632 kB
Committed_AS:   117430344 kB
VmallocTotal:   251658176 kB
VmallocUsed:      125452 kB
VmallocChunk:   251464100 kB
Time pass: 114 sec

---2015-12-08 17:44:29
MemTotal:        2582696 kB
MemFree:          397884 kB
Buffers:            6416 kB
Cached:           790684 kB
SwapCached:            8 kB
Active:          1028408 kB
Inactive:         570424 kB
Active(anon):     626892 kB
Inactive(anon):   180128 kB
Active(file):     401516 kB
Inactive(file):   390296 kB
Unevictable:        3920 kB
Mlocked:               0 kB
SwapTotal:        524284 kB
SwapFree:         521328 kB
Dirty:               136 kB
Writeback:             0 kB
AnonPages:        805852 kB
Mapped:           418796 kB
Shmem:              1340 kB
Slab:             102824 kB
SReclaimable:      31276 kB
SUnreclaim:        71548 kB
KernelStack:       38992 kB
PageTables:        40288 kB
NFS_Unstable:          0 kB
Bounce:                0 kB
WritebackTmp:          0 kB
CommitLimit:     1815632 kB
Committed_AS:   114813384 kB
VmallocTotal:   251658176 kB
VmallocUsed:      121736 kB
VmallocChunk:   251464100 kB
Time pass: 118 sec

---2015-12-08 17:44:29
MemTotal:        2582696 kB
MemFree:          407044 kB
Buffers:            6416 kB
Cached:           791136 kB
SwapCached:            8 kB
Active:          1018852 kB
Inactive:         570896 kB
Active(anon):     617328 kB
Inactive(anon):   180128 kB
Active(file):     401524 kB
Inactive(file):   390768 kB
Unevictable:        3920 kB
Mlocked:               0 kB
SwapTotal:        524284 kB
SwapFree:         521328 kB
Dirty:               500 kB
Writeback:             0 kB
AnonPages:        796352 kB
Mapped:           418880 kB
Shmem:              1340 kB
Slab:             102836 kB
SReclaimable:      31292 kB
SUnreclaim:        71544 kB
KernelStack:       38976 kB
PageTables:        40316 kB
NFS_Unstable:          0 kB
Bounce:                0 kB
WritebackTmp:          0 kB
CommitLimit:     1815632 kB
Committed_AS:   114813376 kB
VmallocTotal:   251658176 kB
VmallocUsed:      121736 kB
VmallocChunk:   251464100 kB
Time pass: 121 sec

---2015-12-08 17:44:29
MemTotal:        2582696 kB
MemFree:          406456 kB
Buffers:            6416 kB
Cached:           791108 kB
SwapCached:            8 kB
Active:          1019688 kB
Inactive:         570868 kB
Active(anon):     618164 kB
Inactive(anon):   180128 kB
Active(file):     401524 kB
Inactive(file):   390740 kB
Unevictable:        3920 kB
Mlocked:               0 kB
SwapTotal:        524284 kB
SwapFree:         521328 kB
Dirty:                92 kB
Writeback:             0 kB
AnonPages:        797012 kB
Mapped:           419104 kB
Shmem:              1340 kB
Slab:             102836 kB
SReclaimable:      31292 kB
SUnreclaim:        71544 kB
KernelStack:       38992 kB
PageTables:        40320 kB
NFS_Unstable:          0 kB
Bounce:                0 kB
WritebackTmp:          0 kB
CommitLimit:     1815632 kB
Committed_AS:   114825340 kB
VmallocTotal:   251658176 kB
VmallocUsed:      121736 kB
VmallocChunk:   251464100 kB
Time pass: 125 sec

---2015-12-08 17:44:29
MemTotal:        2582696 kB
MemFree:          218504 kB
Buffers:            6416 kB
Cached:           792688 kB
SwapCached:            8 kB
Active:          1066040 kB
Inactive:         567100 kB
Active(anon):     659240 kB
Inactive(anon):   179996 kB
Active(file):     406800 kB
Inactive(file):   387104 kB
Unevictable:        3920 kB
Mlocked:               0 kB
SwapTotal:        524284 kB
SwapFree:         521328 kB
Dirty:              1244 kB
Writeback:             0 kB
AnonPages:        837992 kB
Mapped:           497608 kB
Shmem:              1212 kB
Slab:             102988 kB
SReclaimable:      31324 kB
SUnreclaim:        71664 kB
KernelStack:       40048 kB
PageTables:        41312 kB
NFS_Unstable:          0 kB
Bounce:                0 kB
WritebackTmp:          0 kB
CommitLimit:     1815632 kB
Committed_AS:   116143208 kB
VmallocTotal:   251658176 kB
VmallocUsed:      121020 kB
VmallocChunk:   251464100 kB
Time pass: 129 sec

---2015-12-08 17:44:29
MemTotal:        2582696 kB
MemFree:          151944 kB
Buffers:            6416 kB
Cached:           793464 kB
SwapCached:            8 kB
Active:          1078200 kB
Inactive:         566432 kB
Active(anon):     669820 kB
Inactive(anon):   180000 kB
Active(file):     408380 kB
Inactive(file):   386432 kB
Unevictable:        3920 kB
Mlocked:               0 kB
SwapTotal:        524284 kB
SwapFree:         521328 kB
Dirty:              2996 kB
Writeback:             0 kB
AnonPages:        848860 kB
Mapped:           546860 kB
Shmem:              1216 kB
Slab:             103072 kB
SReclaimable:      31420 kB
SUnreclaim:        71652 kB
KernelStack:       40208 kB
PageTables:        41516 kB
NFS_Unstable:          0 kB
Bounce:                0 kB
WritebackTmp:          0 kB
CommitLimit:     1815632 kB
Committed_AS:   116146416 kB
VmallocTotal:   251658176 kB
VmallocUsed:      121428 kB
VmallocChunk:   251464100 kB
Time pass: 132 sec

---2015-12-08 17:44:29
MemTotal:        2582696 kB
MemFree:          138412 kB
Buffers:            6416 kB
Cached:           793864 kB
SwapCached:            8 kB
Active:          1072760 kB
Inactive:         566472 kB
Active(anon):     664160 kB
Inactive(anon):   179944 kB
Active(file):     408600 kB
Inactive(file):   386528 kB
Unevictable:        3920 kB
Mlocked:               0 kB
SwapTotal:        524284 kB
SwapFree:         521292 kB
Dirty:               708 kB
Writeback:             0 kB
AnonPages:        842844 kB
Mapped:           567416 kB
Shmem:              1216 kB
Slab:             103008 kB
SReclaimable:      31424 kB
SUnreclaim:        71584 kB
KernelStack:       40208 kB
PageTables:        41588 kB
NFS_Unstable:          0 kB
Bounce:                0 kB
WritebackTmp:          0 kB
CommitLimit:     1815632 kB
Committed_AS:   116146656 kB
VmallocTotal:   251658176 kB
VmallocUsed:      121596 kB
VmallocChunk:   251464100 kB
Time pass: 136 sec

---2015-12-08 17:44:29
MemTotal:        2582696 kB
MemFree:          169668 kB
Buffers:            6416 kB
Cached:           793948 kB
SwapCached:            8 kB
Active:          1069692 kB
Inactive:         566088 kB
Active(anon):     660640 kB
Inactive(anon):   179912 kB
Active(file):     409052 kB
Inactive(file):   386176 kB
Unevictable:        3920 kB
Mlocked:               0 kB
SwapTotal:        524284 kB
SwapFree:         521260 kB
Dirty:               760 kB
Writeback:             0 kB
AnonPages:        839348 kB
Mapped:           577248 kB
Shmem:              1216 kB
Slab:             103012 kB
SReclaimable:      31424 kB
SUnreclaim:        71588 kB
KernelStack:       40208 kB
PageTables:        41612 kB
NFS_Unstable:          0 kB
Bounce:                0 kB
WritebackTmp:          0 kB
CommitLimit:     1815632 kB
Committed_AS:   116146624 kB
VmallocTotal:   251658176 kB
VmallocUsed:      121692 kB
VmallocChunk:   251464100 kB
Time pass: 139 sec

---2015-12-08 17:44:29
MemTotal:        2582696 kB
MemFree:          170064 kB
Buffers:            6416 kB
Cached:           793964 kB
SwapCached:            8 kB
Active:          1069816 kB
Inactive:         566092 kB
Active(anon):     660760 kB
Inactive(anon):   179912 kB
Active(file):     409056 kB
Inactive(file):   386180 kB
Unevictable:        3920 kB
Mlocked:               0 kB
SwapTotal:        524284 kB
SwapFree:         521260 kB
Dirty:               744 kB
Writeback:             0 kB
AnonPages:        839440 kB
Mapped:           577340 kB
Shmem:              1216 kB
Slab:             103012 kB
SReclaimable:      31424 kB
SUnreclaim:        71588 kB
KernelStack:       40208 kB
PageTables:        41640 kB
NFS_Unstable:          0 kB
Bounce:                0 kB
WritebackTmp:          0 kB
CommitLimit:     1815632 kB
Committed_AS:   116146696 kB
VmallocTotal:   251658176 kB
VmallocUsed:      121692 kB
VmallocChunk:   251464100 kB
Time pass: 143 sec

---2015-12-08 17:44:29
MemTotal:        2582696 kB
MemFree:          118156 kB
Buffers:            6416 kB
Cached:           793684 kB
SwapCached:            8 kB
Active:          1072444 kB
Inactive:         565964 kB
Active(anon):     663600 kB
Inactive(anon):   179844 kB
Active(file):     408844 kB
Inactive(file):   386120 kB
Unevictable:        3920 kB
Mlocked:               0 kB
SwapTotal:        524284 kB
SwapFree:         521204 kB
Dirty:              1144 kB
Writeback:             0 kB
AnonPages:        842172 kB
Mapped:           585868 kB
Shmem:              1216 kB
Slab:             103124 kB
SReclaimable:      31376 kB
SUnreclaim:        71748 kB
KernelStack:       40208 kB
PageTables:        41596 kB
NFS_Unstable:          0 kB
Bounce:                0 kB
WritebackTmp:          0 kB
CommitLimit:     1815632 kB
Committed_AS:   116147236 kB
VmallocTotal:   251658176 kB
VmallocUsed:      121860 kB
VmallocChunk:   251464100 kB
Time pass: 147 sec

---2015-12-08 17:44:29
MemTotal:        2582696 kB
MemFree:          117372 kB
Buffers:            6416 kB
Cached:           793684 kB
SwapCached:            8 kB
Active:          1072396 kB
Inactive:         565952 kB
Active(anon):     663544 kB
Inactive(anon):   179840 kB
Active(file):     408852 kB
Inactive(file):   386112 kB
Unevictable:        3920 kB
Mlocked:               0 kB
SwapTotal:        524284 kB
SwapFree:         521204 kB
Dirty:               692 kB
Writeback:             0 kB
AnonPages:        842188 kB
Mapped:           585820 kB
Shmem:              1216 kB
Slab:             103124 kB
SReclaimable:      31376 kB
SUnreclaim:        71748 kB
KernelStack:       40208 kB
PageTables:        41632 kB
NFS_Unstable:          0 kB
Bounce:                0 kB
WritebackTmp:          0 kB
CommitLimit:     1815632 kB
Committed_AS:   116147432 kB
VmallocTotal:   251658176 kB
VmallocUsed:      121860 kB
VmallocChunk:   251464100 kB
Time pass: 151 sec

---2015-12-08 17:44:29
MemTotal:        2582696 kB
MemFree:          116704 kB
Buffers:            6416 kB
Cached:           793684 kB
SwapCached:            8 kB
Active:          1072248 kB
Inactive:         565952 kB
Active(anon):     663396 kB
Inactive(anon):   179840 kB
Active(file):     408852 kB
Inactive(file):   386112 kB
Unevictable:        3920 kB
Mlocked:               0 kB
SwapTotal:        524284 kB
SwapFree:         521204 kB
Dirty:               692 kB
Writeback:             0 kB
AnonPages:        842140 kB
Mapped:           585760 kB
Shmem:              1216 kB
Slab:             103176 kB
SReclaimable:      31424 kB
SUnreclaim:        71752 kB
KernelStack:       40208 kB
PageTables:        41604 kB
NFS_Unstable:          0 kB
Bounce:                0 kB
WritebackTmp:          0 kB
CommitLimit:     1815632 kB
Committed_AS:   116147416 kB
VmallocTotal:   251658176 kB
VmallocUsed:      121860 kB
VmallocChunk:   251464100 kB
Time pass: 154 sec

---2015-12-08 17:44:29
MemTotal:        2582696 kB
MemFree:          109332 kB
Buffers:            6416 kB
Cached:           793680 kB
SwapCached:            8 kB
Active:          1083120 kB
Inactive:         564760 kB
Active(anon):     673280 kB
Inactive(anon):   179992 kB
Active(file):     409840 kB
Inactive(file):   384768 kB
Unevictable:        3920 kB
Mlocked:               0 kB
SwapTotal:        524284 kB
SwapFree:         521144 kB
Dirty:               720 kB
Writeback:             0 kB
AnonPages:        851948 kB
Mapped:           588980 kB
Shmem:              1372 kB
Slab:             103464 kB
SReclaimable:      31404 kB
SUnreclaim:        72060 kB
KernelStack:       40592 kB
PageTables:        41844 kB
NFS_Unstable:          0 kB
Bounce:                0 kB
WritebackTmp:          0 kB
CommitLimit:     1815632 kB
Committed_AS:   116187264 kB
VmallocTotal:   251658176 kB
VmallocUsed:      124392 kB
VmallocChunk:   251464100 kB
Time pass: 158 sec

---2015-12-08 17:44:29
MemTotal:        2582696 kB
MemFree:          111664 kB
Buffers:            6424 kB
Cached:           792356 kB
SwapCached:            8 kB
Active:          1084620 kB
Inactive:         562228 kB
Active(anon):     674000 kB
Inactive(anon):   179380 kB
Active(file):     410620 kB
Inactive(file):   382848 kB
Unevictable:        3920 kB
Mlocked:               0 kB
SwapTotal:        524284 kB
SwapFree:         520548 kB
Dirty:               720 kB
Writeback:             0 kB
AnonPages:        852016 kB
Mapped:           589560 kB
Shmem:              1392 kB
Slab:             103292 kB
SReclaimable:      31356 kB
SUnreclaim:        71936 kB
KernelStack:       40576 kB
PageTables:        41888 kB
NFS_Unstable:          0 kB
Bounce:                0 kB
WritebackTmp:          0 kB
CommitLimit:     1815632 kB
Committed_AS:   116187232 kB
VmallocTotal:   251658176 kB
VmallocUsed:      124392 kB
VmallocChunk:   251464100 kB
Time pass: 162 sec

---2015-12-08 17:44:29
MemTotal:        2582696 kB
MemFree:          110056 kB
Buffers:            6424 kB
Cached:           792532 kB
SwapCached:            8 kB
Active:          1086128 kB
Inactive:         562400 kB
Active(anon):     675504 kB
Inactive(anon):   179428 kB
Active(file):     410624 kB
Inactive(file):   382972 kB
Unevictable:        3920 kB
Mlocked:               0 kB
SwapTotal:        524284 kB
SwapFree:         520548 kB
Dirty:               692 kB
Writeback:             0 kB
AnonPages:        853536 kB
Mapped:           589612 kB
Shmem:              1440 kB
Slab:             103480 kB
SReclaimable:      31504 kB
SUnreclaim:        71976 kB
KernelStack:       40576 kB
PageTables:        41884 kB
NFS_Unstable:          0 kB
Bounce:                0 kB
WritebackTmp:          0 kB
CommitLimit:     1815632 kB
Committed_AS:   116187264 kB
VmallocTotal:   251658176 kB
VmallocUsed:      124392 kB
VmallocChunk:   251464100 kB
Time pass: 166 sec

---2015-12-08 17:44:29
MemTotal:        2582696 kB
MemFree:          108996 kB
Buffers:            6424 kB
Cached:           792748 kB
SwapCached:            8 kB
Active:          1086104 kB
Inactive:         562612 kB
Active(anon):     675476 kB
Inactive(anon):   179644 kB
Active(file):     410628 kB
Inactive(file):   382968 kB
Unevictable:        3920 kB
Mlocked:               0 kB
SwapTotal:        524284 kB
SwapFree:         520548 kB
Dirty:               696 kB
Writeback:             0 kB
AnonPages:        853744 kB
Mapped:           589836 kB
Shmem:              1656 kB
Slab:             103560 kB
SReclaimable:      31504 kB
SUnreclaim:        72056 kB
KernelStack:       40576 kB
PageTables:        41888 kB
NFS_Unstable:          0 kB
Bounce:                0 kB
WritebackTmp:          0 kB
CommitLimit:     1815632 kB
Committed_AS:   116187224 kB
VmallocTotal:   251658176 kB
VmallocUsed:      124404 kB
VmallocChunk:   251464100 kB
Time pass: 169 sec

---2015-12-08 17:44:29
MemTotal:        2582696 kB
MemFree:          110100 kB
Buffers:            6424 kB
Cached:           788612 kB
SwapCached:            8 kB
Active:          1096596 kB
Inactive:         559168 kB
Active(anon):     687784 kB
Inactive(anon):   178196 kB
Active(file):     408812 kB
Inactive(file):   380972 kB
Unevictable:        3920 kB
Mlocked:               0 kB
SwapTotal:        524284 kB
SwapFree:         519544 kB
Dirty:               712 kB
Writeback:             0 kB
AnonPages:        864440 kB
Mapped:           589712 kB
Shmem:              1376 kB
Slab:             100172 kB
SReclaimable:      28400 kB
SUnreclaim:        71772 kB
KernelStack:       40304 kB
PageTables:        41928 kB
NFS_Unstable:          0 kB
Bounce:                0 kB
WritebackTmp:          0 kB
CommitLimit:     1815632 kB
Committed_AS:   116211164 kB
VmallocTotal:   251658176 kB
VmallocUsed:      124404 kB
VmallocChunk:   251464100 kB
Time pass: 173 sec

---2015-12-08 17:44:29
MemTotal:        2582696 kB
MemFree:          106380 kB
Buffers:            6464 kB
Cached:           780040 kB
SwapCached:            8 kB
Active:          1107080 kB
Inactive:         569632 kB
Active(anon):     716436 kB
Inactive(anon):   178756 kB
Active(file):     390644 kB
Inactive(file):   390876 kB
Unevictable:        3920 kB
Mlocked:               0 kB
SwapTotal:        524284 kB
SwapFree:         516108 kB
Dirty:               804 kB
Writeback:             0 kB
AnonPages:        894892 kB
Mapped:           604952 kB
Shmem:               804 kB
Slab:             103704 kB
SReclaimable:      31176 kB
SUnreclaim:        72528 kB
KernelStack:       41952 kB
PageTables:        43396 kB
NFS_Unstable:          0 kB
Bounce:                0 kB
WritebackTmp:          0 kB
CommitLimit:     1815632 kB
Committed_AS:   120519844 kB
VmallocTotal:   251658176 kB
VmallocUsed:      127472 kB
VmallocChunk:   251464100 kB
Time pass: 177 sec

---2015-12-08 17:44:29
MemTotal:        2582696 kB
MemFree:          106040 kB
Buffers:            6464 kB
Cached:           781080 kB
SwapCached:            8 kB
Active:          1115860 kB
Inactive:         572856 kB
Active(anon):     724368 kB
Inactive(anon):   181724 kB
Active(file):     391492 kB
Inactive(file):   391132 kB
Unevictable:        3920 kB
Mlocked:               0 kB
SwapTotal:        524284 kB
SwapFree:         515976 kB
Dirty:               880 kB
Writeback:             0 kB
AnonPages:        904880 kB
Mapped:           604040 kB
Shmem:              1000 kB
Slab:             103720 kB
SReclaimable:      31168 kB
SUnreclaim:        72552 kB
KernelStack:       41824 kB
PageTables:        42948 kB
NFS_Unstable:          0 kB
Bounce:                0 kB
WritebackTmp:          0 kB
CommitLimit:     1815632 kB
Committed_AS:   118191396 kB
VmallocTotal:   251658176 kB
VmallocUsed:      126444 kB
VmallocChunk:   251442084 kB
Time pass: 181 sec

---2015-12-08 17:44:29
MemTotal:        2582696 kB
MemFree:          109036 kB
Buffers:            6472 kB
Cached:           781436 kB
SwapCached:            8 kB
Active:          1112528 kB
Inactive:         574348 kB
Active(anon):     722312 kB
Inactive(anon):   181664 kB
Active(file):     390216 kB
Inactive(file):   392684 kB
Unevictable:        3920 kB
Mlocked:               0 kB
SwapTotal:        524284 kB
SwapFree:         515976 kB
Dirty:               908 kB
Writeback:             0 kB
AnonPages:        903220 kB
Mapped:           604472 kB
Shmem:               944 kB
Slab:             103844 kB
SReclaimable:      31268 kB
SUnreclaim:        72576 kB
KernelStack:       41936 kB
PageTables:        43016 kB
NFS_Unstable:          0 kB
Bounce:                0 kB
WritebackTmp:          0 kB
CommitLimit:     1815632 kB
Committed_AS:   118170364 kB
VmallocTotal:   251658176 kB
VmallocUsed:      126444 kB
VmallocChunk:   251442084 kB
Time pass: 185 sec

---2015-12-08 17:44:29
MemTotal:        2582696 kB
MemFree:          108784 kB
Buffers:            6472 kB
Cached:           779680 kB
SwapCached:            8 kB
Active:          1115204 kB
Inactive:         572696 kB
Active(anon):     724980 kB
Inactive(anon):   181684 kB
Active(file):     390224 kB
Inactive(file):   391012 kB
Unevictable:        3920 kB
Mlocked:               0 kB
SwapTotal:        524284 kB
SwapFree:         515976 kB
Dirty:              1192 kB
Writeback:             0 kB
AnonPages:        905624 kB
Mapped:           604856 kB
Shmem:               968 kB
Slab:             103852 kB
SReclaimable:      31300 kB
SUnreclaim:        72552 kB
KernelStack:       41792 kB
PageTables:        43040 kB
NFS_Unstable:          0 kB
Bounce:                0 kB
WritebackTmp:          0 kB
CommitLimit:     1815632 kB
Committed_AS:   118180300 kB
VmallocTotal:   251658176 kB
VmallocUsed:      126444 kB
VmallocChunk:   251442084 kB
Time pass: 189 sec

---2015-12-08 17:44:29
MemTotal:        2582696 kB
MemFree:          116748 kB
Buffers:            6472 kB
Cached:           780080 kB
SwapCached:            8 kB
Active:          1113236 kB
Inactive:         568188 kB
Active(anon):     718076 kB
Inactive(anon):   181684 kB
Active(file):     395160 kB
Inactive(file):   386504 kB
Unevictable:        3920 kB
Mlocked:               0 kB
SwapTotal:        524284 kB
SwapFree:         515976 kB
Dirty:               940 kB
Writeback:             0 kB
AnonPages:        898788 kB
Mapped:           598148 kB
Shmem:               968 kB
Slab:             103884 kB
SReclaimable:      31308 kB
SUnreclaim:        72576 kB
KernelStack:       41152 kB
PageTables:        42576 kB
NFS_Unstable:          0 kB
Bounce:                0 kB
WritebackTmp:          0 kB
CommitLimit:     1815632 kB
Committed_AS:   116932412 kB
VmallocTotal:   251658176 kB
VmallocUsed:      125424 kB
VmallocChunk:   251442084 kB
Time pass: 193 sec

---2015-12-08 17:44:29
MemTotal:        2582696 kB
MemFree:          112172 kB
Buffers:            6464 kB
Cached:           773080 kB
SwapCached:           12 kB
Active:          1119144 kB
Inactive:         567744 kB
Active(anon):     728092 kB
Inactive(anon):   184448 kB
Active(file):     391052 kB
Inactive(file):   383296 kB
Unevictable:        3920 kB
Mlocked:               0 kB
SwapTotal:        524284 kB
SwapFree:         515104 kB
Dirty:               956 kB
Writeback:             0 kB
AnonPages:        911820 kB
Mapped:           604928 kB
Shmem:              1004 kB
Slab:             104308 kB
SReclaimable:      31424 kB
SUnreclaim:        72884 kB
KernelStack:       41808 kB
PageTables:        43064 kB
NFS_Unstable:          0 kB
Bounce:                0 kB
WritebackTmp:          0 kB
CommitLimit:     1815632 kB
Committed_AS:   118188372 kB
VmallocTotal:   251658176 kB
VmallocUsed:      126484 kB
VmallocChunk:   251432868 kB
Time pass: 196 sec

---2015-12-08 17:44:29
MemTotal:        2582696 kB
MemFree:          113220 kB
Buffers:            6464 kB
Cached:           773144 kB
SwapCached:           12 kB
Active:          1118224 kB
Inactive:         567892 kB
Active(anon):     727104 kB
Inactive(anon):   184448 kB
Active(file):     391120 kB
Inactive(file):   383444 kB
Unevictable:        3920 kB
Mlocked:               0 kB
SwapTotal:        524284 kB
SwapFree:         515104 kB
Dirty:               952 kB
Writeback:             0 kB
AnonPages:        910800 kB
Mapped:           605024 kB
Shmem:               984 kB
Slab:             104372 kB
SReclaimable:      31580 kB
SUnreclaim:        72792 kB
KernelStack:       41808 kB
PageTables:        43064 kB
NFS_Unstable:          0 kB
Bounce:                0 kB
WritebackTmp:          0 kB
CommitLimit:     1815632 kB
Committed_AS:   118188452 kB
VmallocTotal:   251658176 kB
VmallocUsed:      126484 kB
VmallocChunk:   251432868 kB
Time pass: 200 sec

---2015-12-08 17:44:29
MemTotal:        2582696 kB
MemFree:          112840 kB
Buffers:            6464 kB
Cached:           773144 kB
SwapCached:           12 kB
Active:          1118520 kB
Inactive:         567892 kB
Active(anon):     727400 kB
Inactive(anon):   184448 kB
Active(file):     391120 kB
Inactive(file):   383444 kB
Unevictable:        3920 kB
Mlocked:               0 kB
SwapTotal:        524284 kB
SwapFree:         515104 kB
Dirty:               952 kB
Writeback:             0 kB
AnonPages:        910920 kB
Mapped:           604952 kB
Shmem:               984 kB
Slab:             104396 kB
SReclaimable:      31580 kB
SUnreclaim:        72816 kB
KernelStack:       41808 kB
PageTables:        43036 kB
NFS_Unstable:          0 kB
Bounce:                0 kB
WritebackTmp:          0 kB
CommitLimit:     1815632 kB
Committed_AS:   118188436 kB
VmallocTotal:   251658176 kB
VmallocUsed:      126484 kB
VmallocChunk:   251432868 kB
Time pass: 204 sec

---2015-12-08 17:44:29
MemTotal:        2582696 kB
MemFree:          110184 kB
Buffers:            6464 kB
Cached:           775184 kB
SwapCached:           12 kB
Active:          1119632 kB
Inactive:         569932 kB
Active(anon):     728512 kB
Inactive(anon):   184448 kB
Active(file):     391120 kB
Inactive(file):   385484 kB
Unevictable:        3920 kB
Mlocked:               0 kB
SwapTotal:        524284 kB
SwapFree:         515104 kB
Dirty:               964 kB
Writeback:             0 kB
AnonPages:        912008 kB
Mapped:           605288 kB
Shmem:               984 kB
Slab:             104508 kB
SReclaimable:      31588 kB
SUnreclaim:        72920 kB
KernelStack:       41856 kB
PageTables:        43068 kB
NFS_Unstable:          0 kB
Bounce:                0 kB
WritebackTmp:          0 kB
CommitLimit:     1815632 kB
Committed_AS:   118188476 kB
VmallocTotal:   251658176 kB
VmallocUsed:      126484 kB
VmallocChunk:   251432868 kB
Time pass: 207 sec

---2015-12-08 17:44:29
MemTotal:        2582696 kB
MemFree:          116208 kB
Buffers:            6464 kB
Cached:           775116 kB
SwapCached:           12 kB
Active:          1124324 kB
Inactive:         561456 kB
Active(anon):     724536 kB
Inactive(anon):   184576 kB
Active(file):     399788 kB
Inactive(file):   376880 kB
Unevictable:        3920 kB
Mlocked:               0 kB
SwapTotal:        524284 kB
SwapFree:         515104 kB
Dirty:               960 kB
Writeback:             0 kB
AnonPages:        908240 kB
Mapped:           598692 kB
Shmem:               992 kB
Slab:             104192 kB
SReclaimable:      31500 kB
SUnreclaim:        72692 kB
KernelStack:       41184 kB
PageTables:        42604 kB
NFS_Unstable:          0 kB
Bounce:                0 kB
WritebackTmp:          0 kB
CommitLimit:     1815632 kB
Committed_AS:   116940820 kB
VmallocTotal:   251658176 kB
VmallocUsed:      125424 kB
VmallocChunk:   251442084 kB
Time pass: 211 sec

---2015-12-08 17:44:29
MemTotal:        2582696 kB
MemFree:          110860 kB
Buffers:            6464 kB
Cached:           773012 kB
SwapCached:           12 kB
Active:          1128896 kB
Inactive:         560340 kB
Active(anon):     730568 kB
Inactive(anon):   184104 kB
Active(file):     398328 kB
Inactive(file):   376236 kB
Unevictable:        3920 kB
Mlocked:               0 kB
SwapTotal:        524284 kB
SwapFree:         514728 kB
Dirty:               960 kB
Writeback:             0 kB
AnonPages:        913420 kB
Mapped:           605692 kB
Shmem:               992 kB
Slab:             104228 kB
SReclaimable:      31516 kB
SUnreclaim:        72712 kB
KernelStack:       42032 kB
PageTables:        43128 kB
NFS_Unstable:          0 kB
Bounce:                0 kB
WritebackTmp:          0 kB
CommitLimit:     1815632 kB
Committed_AS:   118199356 kB
VmallocTotal:   251658176 kB
VmallocUsed:      126444 kB
VmallocChunk:   251442084 kB
Time pass: 215 sec

---2015-12-08 17:44:29
MemTotal:        2582696 kB
MemFree:          120232 kB
Buffers:            6464 kB
Cached:           773024 kB
SwapCached:           12 kB
Active:          1119656 kB
Inactive:         560352 kB
Active(anon):     721328 kB
Inactive(anon):   184104 kB
Active(file):     398328 kB
Inactive(file):   376248 kB
Unevictable:        3920 kB
Mlocked:               0 kB
SwapTotal:        524284 kB
SwapFree:         514728 kB
Dirty:               964 kB
Writeback:             0 kB
AnonPages:        904284 kB
Mapped:           605736 kB
Shmem:               992 kB
Slab:             104344 kB
SReclaimable:      31576 kB
SUnreclaim:        72768 kB
KernelStack:       41920 kB
PageTables:        43120 kB
NFS_Unstable:          0 kB
Bounce:                0 kB
WritebackTmp:          0 kB
CommitLimit:     1815632 kB
Committed_AS:   118199308 kB
VmallocTotal:   251658176 kB
VmallocUsed:      126444 kB
VmallocChunk:   251442084 kB
Time pass: 219 sec

---2015-12-08 17:44:29
MemTotal:        2582696 kB
MemFree:          119960 kB
Buffers:            6472 kB
Cached:           773024 kB
SwapCached:           12 kB
Active:          1119736 kB
Inactive:         560360 kB
Active(anon):     721408 kB
Inactive(anon):   184104 kB
Active(file):     398328 kB
Inactive(file):   376256 kB
Unevictable:        3920 kB
Mlocked:               0 kB
SwapTotal:        524284 kB
SwapFree:         514728 kB
Dirty:               984 kB
Writeback:             0 kB
AnonPages:        904532 kB
Mapped:           605748 kB
Shmem:               992 kB
Slab:             104328 kB
SReclaimable:      31576 kB
SUnreclaim:        72752 kB
KernelStack:       41920 kB
PageTables:        43124 kB
NFS_Unstable:          0 kB
Bounce:                0 kB
WritebackTmp:          0 kB
CommitLimit:     1815632 kB
Committed_AS:   118199308 kB
VmallocTotal:   251658176 kB
VmallocUsed:      126444 kB
VmallocChunk:   251442084 kB
Time pass: 223 sec

---2015-12-08 17:44:29
MemTotal:        2582696 kB
MemFree:          119536 kB
Buffers:            6472 kB
Cached:           773160 kB
SwapCached:           12 kB
Active:          1120168 kB
Inactive:         560496 kB
Active(anon):     721840 kB
Inactive(anon):   184240 kB
Active(file):     398328 kB
Inactive(file):   376256 kB
Unevictable:        3920 kB
Mlocked:               0 kB
SwapTotal:        524284 kB
SwapFree:         514728 kB
Dirty:               964 kB
Writeback:             0 kB
AnonPages:        904996 kB
Mapped:           605888 kB
Shmem:              1128 kB
Slab:             104328 kB
SReclaimable:      31576 kB
SUnreclaim:        72752 kB
KernelStack:       41920 kB
PageTables:        43120 kB
NFS_Unstable:          0 kB
Bounce:                0 kB
WritebackTmp:          0 kB
CommitLimit:     1815632 kB
Committed_AS:   118199284 kB
VmallocTotal:   251658176 kB
VmallocUsed:      126444 kB
VmallocChunk:   251442084 kB
Time pass: 227 sec

---2015-12-08 17:44:29
MemTotal:        2582696 kB
MemFree:          126948 kB
Buffers:            6472 kB
Cached:           773956 kB
SwapCached:           12 kB
Active:          1113256 kB
Inactive:         560820 kB
Active(anon):     714564 kB
Inactive(anon):   184308 kB
Active(file):     398692 kB
Inactive(file):   376512 kB
Unevictable:        3920 kB
Mlocked:               0 kB
SwapTotal:        524284 kB
SwapFree:         514728 kB
Dirty:              1000 kB
Writeback:            36 kB
AnonPages:        897776 kB
Mapped:           599256 kB
Shmem:              1196 kB
Slab:             104348 kB
SReclaimable:      31572 kB
SUnreclaim:        72776 kB
KernelStack:       41136 kB
PageTables:        42652 kB
NFS_Unstable:          0 kB
Bounce:                0 kB
WritebackTmp:          0 kB
CommitLimit:     1815632 kB
Committed_AS:   116943244 kB
VmallocTotal:   251658176 kB
VmallocUsed:      125424 kB
VmallocChunk:   251442084 kB
Time pass: 231 sec

---2015-12-08 17:44:29
MemTotal:        2582696 kB
MemFree:          109508 kB
Buffers:            6472 kB
Cached:           774064 kB
SwapCached:           12 kB
Active:          1129916 kB
Inactive:         561032 kB
Active(anon):     731228 kB
Inactive(anon):   184308 kB
Active(file):     398688 kB
Inactive(file):   376724 kB
Unevictable:        3920 kB
Mlocked:               0 kB
SwapTotal:        524284 kB
SwapFree:         514728 kB
Dirty:              1004 kB
Writeback:             0 kB
AnonPages:        914448 kB
Mapped:           605980 kB
Shmem:              1204 kB
Slab:             104476 kB
SReclaimable:      31568 kB
SUnreclaim:        72908 kB
KernelStack:       42048 kB
PageTables:        43152 kB
NFS_Unstable:          0 kB
Bounce:                0 kB
WritebackTmp:          0 kB
CommitLimit:     1815632 kB
Committed_AS:   118207820 kB
VmallocTotal:   251658176 kB
VmallocUsed:      126444 kB
VmallocChunk:   251442084 kB
Time pass: 234 sec

---2015-12-08 17:44:29
MemTotal:        2582696 kB
MemFree:          109724 kB
Buffers:            6472 kB
Cached:           774192 kB
SwapCached:           12 kB
Active:          1128556 kB
Inactive:         561144 kB
Active(anon):     729852 kB
Inactive(anon):   184316 kB
Active(file):     398704 kB
Inactive(file):   376828 kB
Unevictable:        3920 kB
Mlocked:               0 kB
SwapTotal:        524284 kB
SwapFree:         514728 kB
Dirty:               980 kB
Writeback:             0 kB
AnonPages:        912976 kB
Mapped:           606108 kB
Shmem:              1212 kB
Slab:             104492 kB
SReclaimable:      31508 kB
SUnreclaim:        72984 kB
KernelStack:       41984 kB
PageTables:        43200 kB
NFS_Unstable:          0 kB
Bounce:                0 kB
WritebackTmp:          0 kB
CommitLimit:     1815632 kB
Committed_AS:   118207828 kB
VmallocTotal:   251658176 kB
VmallocUsed:      126444 kB
VmallocChunk:   251442084 kB
Time pass: 238 sec

---2015-12-08 17:44:29
MemTotal:        2582696 kB
MemFree:          109116 kB
Buffers:            6472 kB
Cached:           774228 kB
SwapCached:           12 kB
Active:          1128996 kB
Inactive:         561180 kB
Active(anon):     730292 kB
Inactive(anon):   184316 kB
Active(file):     398704 kB
Inactive(file):   376864 kB
Unevictable:        3920 kB
Mlocked:               0 kB
SwapTotal:        524284 kB
SwapFree:         514728 kB
Dirty:               976 kB
Writeback:             0 kB
AnonPages:        913420 kB
Mapped:           606104 kB
Shmem:              1212 kB
Slab:             104596 kB
SReclaimable:      31508 kB
SUnreclaim:        73088 kB
KernelStack:       41936 kB
PageTables:        43132 kB
NFS_Unstable:          0 kB
Bounce:                0 kB
WritebackTmp:          0 kB
CommitLimit:     1815632 kB
Committed_AS:   118207660 kB
VmallocTotal:   251658176 kB
VmallocUsed:      126444 kB
VmallocChunk:   251442084 kB
Time pass: 242 sec

---2015-12-08 17:44:29
MemTotal:        2582696 kB
MemFree:          108744 kB
Buffers:            6472 kB
Cached:           774228 kB
SwapCached:           12 kB
Active:          1129764 kB
Inactive:         561180 kB
Active(anon):     731060 kB
Inactive(anon):   184316 kB
Active(file):     398704 kB
Inactive(file):   376864 kB
Unevictable:        3920 kB
Mlocked:               0 kB
SwapTotal:        524284 kB
SwapFree:         514728 kB
Dirty:               976 kB
Writeback:             0 kB
AnonPages:        914280 kB
Mapped:           606204 kB
Shmem:              1212 kB
Slab:             104376 kB
SReclaimable:      31512 kB
SUnreclaim:        72864 kB
KernelStack:       41872 kB
PageTables:        43160 kB
NFS_Unstable:          0 kB
Bounce:                0 kB
WritebackTmp:          0 kB
CommitLimit:     1815632 kB
Committed_AS:   118211620 kB
VmallocTotal:   251658176 kB
VmallocUsed:      126444 kB
VmallocChunk:   251442084 kB
Time pass: 245 sec

---2015-12-08 17:44:29
MemTotal:        2582696 kB
MemFree:          117600 kB
Buffers:            6472 kB
Cached:           774488 kB
SwapCached:           12 kB
Active:          1122880 kB
Inactive:         561404 kB
Active(anon):     724144 kB
Inactive(anon):   184312 kB
Active(file):     398736 kB
Inactive(file):   377092 kB
Unevictable:        3920 kB
Mlocked:               0 kB
SwapTotal:        524284 kB
SwapFree:         514728 kB
Dirty:              1244 kB
Writeback:             0 kB
AnonPages:        907292 kB
Mapped:           599420 kB
Shmem:              1212 kB
Slab:             104356 kB
SReclaimable:      31508 kB
SUnreclaim:        72848 kB
KernelStack:       41184 kB
PageTables:        42700 kB
NFS_Unstable:          0 kB
Bounce:                0 kB
WritebackTmp:          0 kB
CommitLimit:     1815632 kB
Committed_AS:   116955508 kB
VmallocTotal:   251658176 kB
VmallocUsed:      125424 kB
VmallocChunk:   251442084 kB
Time pass: 249 sec

---2015-12-08 17:44:29
MemTotal:        2582696 kB
MemFree:          111496 kB
Buffers:            6472 kB
Cached:           772688 kB
SwapCached:           12 kB
Active:          1132400 kB
Inactive:         560428 kB
Active(anon):     734776 kB
Inactive(anon):   183992 kB
Active(file):     397624 kB
Inactive(file):   376436 kB
Unevictable:        3920 kB
Mlocked:               0 kB
SwapTotal:        524284 kB
SwapFree:         514484 kB
Dirty:              1072 kB
Writeback:            20 kB
AnonPages:        917796 kB
Mapped:           606036 kB
Shmem:              1216 kB
Slab:             101212 kB
SReclaimable:      28436 kB
SUnreclaim:        72776 kB
KernelStack:       41552 kB
PageTables:        43044 kB
NFS_Unstable:          0 kB
Bounce:                0 kB
WritebackTmp:          0 kB
CommitLimit:     1815632 kB
Committed_AS:   118211692 kB
VmallocTotal:   251658176 kB
VmallocUsed:      126484 kB
VmallocChunk:   251442084 kB
Time pass: 253 sec

---2015-12-08 17:44:29
MemTotal:        2582696 kB
MemFree:          118988 kB
Buffers:            6472 kB
Cached:           772512 kB
SwapCached:           12 kB
Active:          1120804 kB
Inactive:         560820 kB
Active(anon):     723384 kB
Inactive(anon):   184408 kB
Active(file):     397420 kB
Inactive(file):   376412 kB
Unevictable:        3920 kB
Mlocked:               0 kB
SwapTotal:        524284 kB
SwapFree:         514460 kB
Dirty:              1012 kB
Writeback:             0 kB
AnonPages:        906356 kB
Mapped:           606336 kB
Shmem:              1232 kB
Slab:             104248 kB
SReclaimable:      31400 kB
SUnreclaim:        72848 kB
KernelStack:       42000 kB
PageTables:        43116 kB
NFS_Unstable:          0 kB
Bounce:                0 kB
WritebackTmp:          0 kB
CommitLimit:     1815632 kB
Committed_AS:   118215924 kB
VmallocTotal:   251658176 kB
VmallocUsed:      126444 kB
VmallocChunk:   251442084 kB
Time pass: 257 sec

---2015-12-08 17:44:29
MemTotal:        2582696 kB
MemFree:          119120 kB
Buffers:            6472 kB
Cached:           772512 kB
SwapCached:           12 kB
Active:          1120888 kB
Inactive:         560820 kB
Active(anon):     723468 kB
Inactive(anon):   184408 kB
Active(file):     397420 kB
Inactive(file):   376412 kB
Unevictable:        3920 kB
Mlocked:               0 kB
SwapTotal:        524284 kB
SwapFree:         514460 kB
Dirty:              1016 kB
Writeback:             0 kB
AnonPages:        906664 kB
Mapped:           606376 kB
Shmem:              1232 kB
Slab:             104256 kB
SReclaimable:      31420 kB
SUnreclaim:        72836 kB
KernelStack:       42000 kB
PageTables:        43104 kB
NFS_Unstable:          0 kB
Bounce:                0 kB
WritebackTmp:          0 kB
CommitLimit:     1815632 kB
Committed_AS:   118215924 kB
VmallocTotal:   251658176 kB
VmallocUsed:      126444 kB
VmallocChunk:   251442084 kB
Time pass: 261 sec

---2015-12-08 17:44:29
MemTotal:        2582696 kB
MemFree:          118072 kB
Buffers:            6472 kB
Cached:           772512 kB
SwapCached:           12 kB
Active:          1121288 kB
Inactive:         560820 kB
Active(anon):     723868 kB
Inactive(anon):   184408 kB
Active(file):     397420 kB
Inactive(file):   376412 kB
Unevictable:        3920 kB
Mlocked:               0 kB
SwapTotal:        524284 kB
SwapFree:         514460 kB
Dirty:              1016 kB
Writeback:             0 kB
AnonPages:        906836 kB
Mapped:           606360 kB
Shmem:              1232 kB
Slab:             104276 kB
SReclaimable:      31428 kB
SUnreclaim:        72848 kB
KernelStack:       42000 kB
PageTables:        43120 kB
NFS_Unstable:          0 kB
Bounce:                0 kB
WritebackTmp:          0 kB
CommitLimit:     1815632 kB
Committed_AS:   118215932 kB
VmallocTotal:   251658176 kB
VmallocUsed:      126444 kB
VmallocChunk:   251442084 kB
Time pass: 265 sec

---2015-12-08 17:44:29
MemTotal:        2582696 kB
MemFree:          127868 kB
Buffers:            6472 kB
Cached:           772512 kB
SwapCached:           12 kB
Active:          1115532 kB
Inactive:         559284 kB
Active(anon):     716576 kB
Inactive(anon):   184404 kB
Active(file):     398956 kB
Inactive(file):   374880 kB
Unevictable:        3920 kB
Mlocked:               0 kB
SwapTotal:        524284 kB
SwapFree:         514460 kB
Dirty:              1024 kB
Writeback:             0 kB
AnonPages:        899892 kB
Mapped:           599596 kB
Shmem:              1228 kB
Slab:             104284 kB
SReclaimable:      31432 kB
SUnreclaim:        72852 kB
KernelStack:       41312 kB
PageTables:        42704 kB
NFS_Unstable:          0 kB
Bounce:                0 kB
WritebackTmp:          0 kB
CommitLimit:     1815632 kB
Committed_AS:   116963908 kB
VmallocTotal:   251658176 kB
VmallocUsed:      125424 kB
VmallocChunk:   251442084 kB
Time pass: 268 sec

---2015-12-08 17:44:29
MemTotal:        2582696 kB
MemFree:          112756 kB
Buffers:            6472 kB
Cached:           772740 kB
SwapCached:           20 kB
Active:          1129932 kB
Inactive:         559436 kB
Active(anon):     730964 kB
Inactive(anon):   184412 kB
Active(file):     398968 kB
Inactive(file):   375024 kB
Unevictable:        3920 kB
Mlocked:               0 kB
SwapTotal:        524284 kB
SwapFree:         514460 kB
Dirty:              1032 kB
Writeback:             0 kB
AnonPages:        913992 kB
Mapped:           606372 kB
Shmem:              1228 kB
Slab:             104332 kB
SReclaimable:      31432 kB
SUnreclaim:        72900 kB
KernelStack:       42224 kB
PageTables:        43220 kB
NFS_Unstable:          0 kB
Bounce:                0 kB
WritebackTmp:          0 kB
CommitLimit:     1815632 kB
Committed_AS:   118219268 kB
VmallocTotal:   251658176 kB
VmallocUsed:      126500 kB
VmallocChunk:   251442084 kB
Time pass: 272 sec

---2015-12-08 17:44:29
MemTotal:        2582696 kB
MemFree:          110464 kB
Buffers:            6472 kB
Cached:           772740 kB
SwapCached:           20 kB
Active:          1131168 kB
Inactive:         559484 kB
Active(anon):     732200 kB
Inactive(anon):   184404 kB
Active(file):     398968 kB
Inactive(file):   375080 kB
Unevictable:        3920 kB
Mlocked:               0 kB
SwapTotal:        524284 kB
SwapFree:         514460 kB
Dirty:              1016 kB
Writeback:             0 kB
AnonPages:        915292 kB
Mapped:           606420 kB
Shmem:              1244 kB
Slab:             104464 kB
SReclaimable:      31476 kB
SUnreclaim:        72988 kB
KernelStack:       41888 kB
PageTables:        43160 kB
NFS_Unstable:          0 kB
Bounce:                0 kB
WritebackTmp:          0 kB
CommitLimit:     1815632 kB
Committed_AS:   118227596 kB
VmallocTotal:   251658176 kB
VmallocUsed:      126444 kB
VmallocChunk:   251442084 kB
Time pass: 276 sec

---2015-12-08 17:44:29
MemTotal:        2582696 kB
MemFree:          116580 kB
Buffers:            6472 kB
Cached:           772744 kB
SwapCached:           20 kB
Active:          1124564 kB
Inactive:         559484 kB
Active(anon):     725596 kB
Inactive(anon):   184400 kB
Active(file):     398968 kB
Inactive(file):   375084 kB
Unevictable:        3920 kB
Mlocked:               0 kB
SwapTotal:        524284 kB
SwapFree:         514460 kB
Dirty:              1020 kB
Writeback:             0 kB
AnonPages:        908672 kB
Mapped:           606564 kB
Shmem:              1244 kB
Slab:             104492 kB
SReclaimable:      31480 kB
SUnreclaim:        73012 kB
KernelStack:       41872 kB
PageTables:        43188 kB
NFS_Unstable:          0 kB
Bounce:                0 kB
WritebackTmp:          0 kB
CommitLimit:     1815632 kB
Committed_AS:   118227540 kB
VmallocTotal:   251658176 kB
VmallocUsed:      126444 kB
VmallocChunk:   251442084 kB
Time pass: 279 sec

---2015-12-08 17:44:29
MemTotal:        2582696 kB
MemFree:          116700 kB
Buffers:            6480 kB
Cached:           772744 kB
SwapCached:           20 kB
Active:          1124416 kB
Inactive:         559492 kB
Active(anon):     725448 kB
Inactive(anon):   184400 kB
Active(file):     398968 kB
Inactive(file):   375092 kB
Unevictable:        3920 kB
Mlocked:               0 kB
SwapTotal:        524284 kB
SwapFree:         514460 kB
Dirty:              1036 kB
Writeback:             0 kB
AnonPages:        908684 kB
Mapped:           606580 kB
Shmem:              1244 kB
Slab:             104640 kB
SReclaimable:      31484 kB
SUnreclaim:        73156 kB
KernelStack:       41872 kB
PageTables:        43188 kB
NFS_Unstable:          0 kB
Bounce:                0 kB
WritebackTmp:          0 kB
CommitLimit:     1815632 kB
Committed_AS:   118227564 kB
VmallocTotal:   251658176 kB
VmallocUsed:      126444 kB
VmallocChunk:   251442084 kB
Time pass: 283 sec

---2015-12-08 17:44:29
MemTotal:        2582696 kB
MemFree:          126020 kB
Buffers:            6480 kB
Cached:           772744 kB
SwapCached:          168 kB
Active:          1116972 kB
Inactive:         559644 kB
Active(anon):     718004 kB
Inactive(anon):   184552 kB
Active(file):     398968 kB
Inactive(file):   375092 kB
Unevictable:        3920 kB
Mlocked:               0 kB
SwapTotal:        524284 kB
SwapFree:         514480 kB
Dirty:              1016 kB
Writeback:             0 kB
AnonPages:        901372 kB
Mapped:           599804 kB
Shmem:              1244 kB
Slab:             104536 kB
SReclaimable:      31484 kB
SUnreclaim:        73052 kB
KernelStack:       41264 kB
PageTables:        42724 kB
NFS_Unstable:          0 kB
Bounce:                0 kB
WritebackTmp:          0 kB
CommitLimit:     1815632 kB
Committed_AS:   116971516 kB
VmallocTotal:   251658176 kB
VmallocUsed:      125424 kB
VmallocChunk:   251442084 kB
Time pass: 287 sec

---2015-12-08 17:44:29
MemTotal:        2582696 kB
MemFree:          109912 kB
Buffers:            6480 kB
Cached:           772744 kB
SwapCached:          168 kB
Active:          1130980 kB
Inactive:         559616 kB
Active(anon):     731984 kB
Inactive(anon):   184552 kB
Active(file):     398996 kB
Inactive(file):   375064 kB
Unevictable:        3920 kB
Mlocked:               0 kB
SwapTotal:        524284 kB
SwapFree:         514480 kB
Dirty:              1036 kB
Writeback:             0 kB
AnonPages:        915564 kB
Mapped:           606140 kB
Shmem:              1244 kB
Slab:             104476 kB
SReclaimable:      31480 kB
SUnreclaim:        72996 kB
KernelStack:       42288 kB
PageTables:        43156 kB
NFS_Unstable:          0 kB
Bounce:                0 kB
WritebackTmp:          0 kB
CommitLimit:     1815632 kB
Committed_AS:   118225312 kB
VmallocTotal:   251658176 kB
VmallocUsed:      126452 kB
VmallocChunk:   251442084 kB
Time pass: 291 sec

---2015-12-08 17:44:29
MemTotal:        2582696 kB
MemFree:          109672 kB
Buffers:            6480 kB
Cached:           770760 kB
SwapCached:          168 kB
Active:          1132716 kB
Inactive:         558932 kB
Active(anon):     735344 kB
Inactive(anon):   184252 kB
Active(file):     397372 kB
Inactive(file):   374680 kB
Unevictable:        3920 kB
Mlocked:               0 kB
SwapTotal:        524284 kB
SwapFree:         514272 kB
Dirty:              1016 kB
Writeback:             0 kB
AnonPages:        918196 kB
Mapped:           606712 kB
Shmem:              1268 kB
Slab:             104676 kB
SReclaimable:      31524 kB
SUnreclaim:        73152 kB
KernelStack:       41872 kB
PageTables:        43280 kB
NFS_Unstable:          0 kB
Bounce:                0 kB
WritebackTmp:          0 kB
CommitLimit:     1815632 kB
Committed_AS:   118231852 kB
VmallocTotal:   251658176 kB
VmallocUsed:      126444 kB
VmallocChunk:   251442084 kB
Time pass: 295 sec

---2015-12-08 17:44:29
MemTotal:        2582696 kB
MemFree:          109556 kB
Buffers:            6480 kB
Cached:           770760 kB
SwapCached:          168 kB
Active:          1132932 kB
Inactive:         558932 kB
Active(anon):     735560 kB
Inactive(anon):   184252 kB
Active(file):     397372 kB
Inactive(file):   374680 kB
Unevictable:        3920 kB
Mlocked:               0 kB
SwapTotal:        524284 kB
SwapFree:         514272 kB
Dirty:              1016 kB
Writeback:             0 kB
AnonPages:        918580 kB
Mapped:           606724 kB
Shmem:              1268 kB
Slab:             104684 kB
SReclaimable:      31524 kB
SUnreclaim:        73160 kB
KernelStack:       41840 kB
PageTables:        43280 kB
NFS_Unstable:          0 kB
Bounce:                0 kB
WritebackTmp:          0 kB
CommitLimit:     1815632 kB
Committed_AS:   118231748 kB
VmallocTotal:   251658176 kB
VmallocUsed:      126444 kB
VmallocChunk:   251442084 kB
Time pass: 299 sec

---2015-12-08 17:44:29
MemTotal:        2582696 kB
MemFree:          108484 kB
Buffers:            6480 kB
Cached:           770760 kB
SwapCached:          168 kB
Active:          1133116 kB
Inactive:         558932 kB
Active(anon):     735744 kB
Inactive(anon):   184252 kB
Active(file):     397372 kB
Inactive(file):   374680 kB
Unevictable:        3920 kB
Mlocked:               0 kB
SwapTotal:        524284 kB
SwapFree:         514272 kB
Dirty:              1016 kB
Writeback:             0 kB
AnonPages:        918784 kB
Mapped:           606516 kB
Shmem:              1268 kB
Slab:             104700 kB
SReclaimable:      31524 kB
SUnreclaim:        73176 kB
KernelStack:       41840 kB
PageTables:        43280 kB
NFS_Unstable:          0 kB
Bounce:                0 kB
WritebackTmp:          0 kB
CommitLimit:     1815632 kB
Committed_AS:   118231732 kB
VmallocTotal:   251658176 kB
VmallocUsed:      126444 kB
VmallocChunk:   251442084 kB
Time pass: 304 sec

---2015-12-08 17:44:29
MemTotal:        2582696 kB
MemFree:          117572 kB
Buffers:            6480 kB
Cached:           771024 kB
SwapCached:          168 kB
Active:          1126392 kB
Inactive:         559180 kB
Active(anon):     729004 kB
Inactive(anon):   184244 kB
Active(file):     397388 kB
Inactive(file):   374936 kB
Unevictable:        3920 kB
Mlocked:               0 kB
SwapTotal:        524284 kB
SwapFree:         514272 kB
Dirty:              1288 kB
Writeback:             0 kB
AnonPages:        912048 kB
Mapped:           599888 kB
Shmem:              1260 kB
Slab:             104632 kB
SReclaimable:      31524 kB
SUnreclaim:        73108 kB
KernelStack:       41008 kB
PageTables:        42676 kB
NFS_Unstable:          0 kB
Bounce:                0 kB
WritebackTmp:          0 kB
CommitLimit:     1815632 kB
Committed_AS:   116979764 kB
VmallocTotal:   251658176 kB
VmallocUsed:      125424 kB
VmallocChunk:   251442084 kB
Time pass: 308 sec

---2015-12-08 17:44:29
MemTotal:        2582696 kB
MemFree:          110092 kB
Buffers:            6464 kB
Cached:           764192 kB
SwapCached:          168 kB
Active:          1136336 kB
Inactive:         559808 kB
Active(anon):     744696 kB
Inactive(anon):   186148 kB
Active(file):     391640 kB
Inactive(file):   373660 kB
Unevictable:        3920 kB
Mlocked:               0 kB
SwapTotal:        524284 kB
SwapFree:         513268 kB
Dirty:              1088 kB
Writeback:            20 kB
AnonPages:        929508 kB
Mapped:           606920 kB
Shmem:              1272 kB
Slab:             101900 kB
SReclaimable:      28796 kB
SUnreclaim:        73104 kB
KernelStack:       42016 kB
PageTables:        43312 kB
NFS_Unstable:          0 kB
Bounce:                0 kB
WritebackTmp:          0 kB
CommitLimit:     1815632 kB
Committed_AS:   118257244 kB
VmallocTotal:   251658176 kB
VmallocUsed:      126476 kB
VmallocChunk:   251442084 kB
Time pass: 312 sec

---2015-12-08 17:44:29
MemTotal:        2582696 kB
MemFree:          107948 kB
Buffers:            6464 kB
Cached:           764064 kB
SwapCached:          168 kB
Active:          1135776 kB
Inactive:         559768 kB
Active(anon):     744096 kB
Inactive(anon):   186092 kB
Active(file):     391680 kB
Inactive(file):   373676 kB
Unevictable:        3920 kB
Mlocked:               0 kB
SwapTotal:        524284 kB
SwapFree:         513268 kB
Dirty:              1052 kB
Writeback:             0 kB
AnonPages:        928904 kB
Mapped:           606744 kB
Shmem:              1252 kB
Slab:             104820 kB
SReclaimable:      31696 kB
SUnreclaim:        73124 kB
KernelStack:       41856 kB
PageTables:        43248 kB
NFS_Unstable:          0 kB
Bounce:                0 kB
WritebackTmp:          0 kB
CommitLimit:     1815632 kB
Committed_AS:   118240004 kB
VmallocTotal:   251658176 kB
VmallocUsed:      126444 kB
VmallocChunk:   251442084 kB
Time pass: 315 sec

---2015-12-08 17:44:29
MemTotal:        2582696 kB
MemFree:          115252 kB
Buffers:            6464 kB
Cached:           760184 kB
SwapCached:          168 kB
Active:          1131112 kB
Inactive:         559224 kB
Active(anon):     741932 kB
Inactive(anon):   186916 kB
Active(file):     389180 kB
Inactive(file):   372308 kB
Unevictable:        3920 kB
Mlocked:               0 kB
SwapTotal:        524284 kB
SwapFree:         512772 kB
Dirty:              1044 kB
Writeback:             0 kB
AnonPages:        927512 kB
Mapped:           606756 kB
Shmem:              1240 kB
Slab:             104816 kB
SReclaimable:      31696 kB
SUnreclaim:        73120 kB
KernelStack:       41856 kB
PageTables:        43248 kB
NFS_Unstable:          0 kB
Bounce:                0 kB
WritebackTmp:          0 kB
CommitLimit:     1815632 kB
Committed_AS:   118240020 kB
VmallocTotal:   251658176 kB
VmallocUsed:      126444 kB
VmallocChunk:   251442084 kB
Time pass: 319 sec

---2015-12-08 17:44:29
MemTotal:        2582696 kB
MemFree:          110800 kB
Buffers:            6464 kB
Cached:           762808 kB
SwapCached:          168 kB
Active:          1132196 kB
Inactive:         561852 kB
Active(anon):     743020 kB
Inactive(anon):   186916 kB
Active(file):     389176 kB
Inactive(file):   374936 kB
Unevictable:        3920 kB
Mlocked:               0 kB
SwapTotal:        524284 kB
SwapFree:         512772 kB
Dirty:              1040 kB
Writeback:             0 kB
AnonPages:        928672 kB
Mapped:           607296 kB
Shmem:              1240 kB
Slab:             104992 kB
SReclaimable:      31700 kB
SUnreclaim:        73292 kB
KernelStack:       41840 kB
PageTables:        43256 kB
NFS_Unstable:          0 kB
Bounce:                0 kB
WritebackTmp:          0 kB
CommitLimit:     1815632 kB
Committed_AS:   118240220 kB
VmallocTotal:   251658176 kB
VmallocUsed:      126444 kB
VmallocChunk:   251442084 kB
Time pass: 323 sec

---2015-12-08 17:44:29
MemTotal:        2582696 kB
MemFree:          118468 kB
Buffers:            6464 kB
Cached:           763412 kB
SwapCached:          168 kB
Active:          1124100 kB
Inactive:         562332 kB
Active(anon):     734812 kB
Inactive(anon):   186884 kB
Active(file):     389288 kB
Inactive(file):   375448 kB
Unevictable:        3920 kB
Mlocked:               0 kB
SwapTotal:        524284 kB
SwapFree:         512772 kB
Dirty:              1044 kB
Writeback:             0 kB
AnonPages:        920636 kB
Mapped:           600688 kB
Shmem:              1220 kB
Slab:             104936 kB
SReclaimable:      31696 kB
SUnreclaim:        73240 kB
KernelStack:       41088 kB
PageTables:        42740 kB
NFS_Unstable:          0 kB
Bounce:                0 kB
WritebackTmp:          0 kB
CommitLimit:     1815632 kB
Committed_AS:   116978020 kB
VmallocTotal:   251658176 kB
VmallocUsed:      125424 kB
VmallocChunk:   251442084 kB
Time pass: 328 sec

---2015-12-08 17:44:29
MemTotal:        2582696 kB
MemFree:          129900 kB
Buffers:            6464 kB
Cached:           763804 kB
SwapCached:          172 kB
Active:          1113648 kB
Inactive:         562728 kB
Active(anon):     724360 kB
Inactive(anon):   186888 kB
Active(file):     389288 kB
Inactive(file):   375840 kB
Unevictable:        3920 kB
Mlocked:               0 kB
SwapTotal:        524284 kB
SwapFree:         512772 kB
Dirty:              1068 kB
Writeback:             0 kB
AnonPages:        910016 kB
Mapped:           607100 kB
Shmem:              1220 kB
Slab:             104992 kB
SReclaimable:      31728 kB
SUnreclaim:        73264 kB
KernelStack:       42512 kB
PageTables:        43084 kB
NFS_Unstable:          0 kB
Bounce:                0 kB
WritebackTmp:          0 kB
CommitLimit:     1815632 kB
Committed_AS:   118234108 kB
VmallocTotal:   251658176 kB
VmallocUsed:      126484 kB
VmallocChunk:   251431844 kB
Time pass: 332 sec

---2015-12-08 17:44:29
MemTotal:        2582696 kB
MemFree:          127988 kB
Buffers:            6464 kB
Cached:           763868 kB
SwapCached:          172 kB
Active:          1114432 kB
Inactive:         562784 kB
Active(anon):     725136 kB
Inactive(anon):   186904 kB
Active(file):     389296 kB
Inactive(file):   375880 kB
Unevictable:        3920 kB
Mlocked:               0 kB
SwapTotal:        524284 kB
SwapFree:         512772 kB
Dirty:              1044 kB
Writeback:             0 kB
AnonPages:        910680 kB
Mapped:           607520 kB
Shmem:              1236 kB
Slab:             105196 kB
SReclaimable:      31744 kB
SUnreclaim:        73452 kB
KernelStack:       41840 kB
PageTables:        43272 kB
NFS_Unstable:          0 kB
Bounce:                0 kB
WritebackTmp:          0 kB
CommitLimit:     1815632 kB
Committed_AS:   118242572 kB
VmallocTotal:   251658176 kB
VmallocUsed:      126444 kB
VmallocChunk:   251431844 kB
Time pass: 336 sec

---2015-12-08 17:44:29
MemTotal:        2582696 kB
MemFree:          131696 kB
Buffers:            6464 kB
Cached:           763880 kB
SwapCached:          172 kB
Active:          1109784 kB
Inactive:         562796 kB
Active(anon):     720488 kB
Inactive(anon):   186904 kB
Active(file):     389296 kB
Inactive(file):   375892 kB
Unevictable:        3920 kB
Mlocked:               0 kB
SwapTotal:        524284 kB
SwapFree:         512772 kB
Dirty:              1048 kB
Writeback:             0 kB
AnonPages:        906144 kB
Mapped:           607576 kB
Shmem:              1236 kB
Slab:             105204 kB
SReclaimable:      31744 kB
SUnreclaim:        73460 kB
KernelStack:       41856 kB
PageTables:        43272 kB
NFS_Unstable:          0 kB
Bounce:                0 kB
WritebackTmp:          0 kB
CommitLimit:     1815632 kB
Committed_AS:   118242700 kB
VmallocTotal:   251658176 kB
VmallocUsed:      126444 kB
VmallocChunk:   251431844 kB
Time pass: 340 sec

---2015-12-08 17:44:29
MemTotal:        2582696 kB
MemFree:          131252 kB
Buffers:            6464 kB
Cached:           763880 kB
SwapCached:          172 kB
Active:          1110096 kB
Inactive:         562796 kB
Active(anon):     720800 kB
Inactive(anon):   186904 kB
Active(file):     389296 kB
Inactive(file):   375892 kB
Unevictable:        3920 kB
Mlocked:               0 kB
SwapTotal:        524284 kB
SwapFree:         512772 kB
Dirty:              1044 kB
Writeback:             0 kB
AnonPages:        906220 kB
Mapped:           607660 kB
Shmem:              1236 kB
Slab:             105220 kB
SReclaimable:      31760 kB
SUnreclaim:        73460 kB
KernelStack:       41888 kB
PageTables:        43300 kB
NFS_Unstable:          0 kB
Bounce:                0 kB
WritebackTmp:          0 kB
CommitLimit:     1815632 kB
Committed_AS:   118242716 kB
VmallocTotal:   251658176 kB
VmallocUsed:      126444 kB
VmallocChunk:   251431844 kB
Time pass: 344 sec

---2015-12-08 17:44:29
MemTotal:        2582696 kB
MemFree:          140940 kB
Buffers:            6472 kB
Cached:           763880 kB
SwapCached:          172 kB
Active:          1103196 kB
Inactive:         562696 kB
Active(anon):     713804 kB
Inactive(anon):   186892 kB
Active(file):     389392 kB
Inactive(file):   375804 kB
Unevictable:        3920 kB
Mlocked:               0 kB
SwapTotal:        524284 kB
SwapFree:         512772 kB
Dirty:              1060 kB
Writeback:             0 kB
AnonPages:        899448 kB
Mapped:           600852 kB
Shmem:              1236 kB
Slab:             104960 kB
SReclaimable:      31632 kB
SUnreclaim:        73328 kB
KernelStack:       41168 kB
PageTables:        42768 kB
NFS_Unstable:          0 kB
Bounce:                0 kB
WritebackTmp:          0 kB
CommitLimit:     1815632 kB
Committed_AS:   116986628 kB
VmallocTotal:   251658176 kB
VmallocUsed:      125424 kB
VmallocChunk:   251442084 kB
Time pass: 347 sec

---2015-12-08 17:44:29
MemTotal:        2582696 kB
MemFree:          120104 kB
Buffers:            6472 kB
Cached:           763896 kB
SwapCached:          172 kB
Active:          1121200 kB
Inactive:         562712 kB
Active(anon):     731816 kB
Inactive(anon):   186900 kB
Active(file):     389384 kB
Inactive(file):   375812 kB
Unevictable:        3920 kB
Mlocked:               0 kB
SwapTotal:        524284 kB
SwapFree:         512772 kB
Dirty:              1052 kB
Writeback:             0 kB
AnonPages:        917324 kB
Mapped:           607668 kB
Shmem:              1252 kB
Slab:             105000 kB
SReclaimable:      31632 kB
SUnreclaim:        73368 kB
KernelStack:       41920 kB
PageTables:        43308 kB
NFS_Unstable:          0 kB
Bounce:                0 kB
WritebackTmp:          0 kB
CommitLimit:     1815632 kB
Committed_AS:   118251212 kB
VmallocTotal:   251658176 kB
VmallocUsed:      126444 kB
VmallocChunk:   251442084 kB
Time pass: 351 sec

---2015-12-08 17:44:29
MemTotal:        2582696 kB
MemFree:          119884 kB
Buffers:            6472 kB
Cached:           763896 kB
SwapCached:          172 kB
Active:          1122072 kB
Inactive:         562712 kB
Active(anon):     732688 kB
Inactive(anon):   186900 kB
Active(file):     389384 kB
Inactive(file):   375812 kB
Unevictable:        3920 kB
Mlocked:               0 kB
SwapTotal:        524284 kB
SwapFree:         512772 kB
Dirty:              1052 kB
Writeback:             0 kB
AnonPages:        918208 kB
Mapped:           607468 kB
Shmem:              1252 kB
Slab:             105024 kB
SReclaimable:      31648 kB
SUnreclaim:        73376 kB
KernelStack:       41872 kB
PageTables:        43312 kB
NFS_Unstable:          0 kB
Bounce:                0 kB
WritebackTmp:          0 kB
CommitLimit:     1815632 kB
Committed_AS:   118255140 kB
VmallocTotal:   251658176 kB
VmallocUsed:      126444 kB
VmallocChunk:   251442084 kB
Time pass: 355 sec

---2015-12-08 17:44:29
MemTotal:        2582696 kB
MemFree:          119868 kB
Buffers:            6472 kB
Cached:           763896 kB
SwapCached:          172 kB
Active:          1121944 kB
Inactive:         562704 kB
Active(anon):     732552 kB
Inactive(anon):   186900 kB
Active(file):     389392 kB
Inactive(file):   375804 kB
Unevictable:        3920 kB
Mlocked:               0 kB
SwapTotal:        524284 kB
SwapFree:         512772 kB
Dirty:              1044 kB
Writeback:             0 kB
AnonPages:        918236 kB
Mapped:           607664 kB
Shmem:              1252 kB
Slab:             105000 kB
SReclaimable:      31648 kB
SUnreclaim:        73352 kB
KernelStack:       41904 kB
PageTables:        43296 kB
NFS_Unstable:          0 kB
Bounce:                0 kB
WritebackTmp:          0 kB
CommitLimit:     1815632 kB
Committed_AS:   118255172 kB
VmallocTotal:   251658176 kB
VmallocUsed:      126444 kB
VmallocChunk:   251442084 kB
Time pass: 359 sec

---2015-12-08 17:44:29
MemTotal:        2582696 kB
MemFree:          120448 kB
Buffers:            6472 kB
Cached:           763896 kB
SwapCached:          172 kB
Active:          1121548 kB
Inactive:         562684 kB
Active(anon):     732156 kB
Inactive(anon):   186880 kB
Active(file):     389392 kB
Inactive(file):   375804 kB
Unevictable:        3920 kB
Mlocked:               0 kB
SwapTotal:        524284 kB
SwapFree:         512772 kB
Dirty:              1044 kB
Writeback:             0 kB
AnonPages:        918136 kB
Mapped:           607592 kB
Shmem:              1252 kB
Slab:             105000 kB
SReclaimable:      31648 kB
SUnreclaim:        73352 kB
KernelStack:       41904 kB
PageTables:        43264 kB
NFS_Unstable:          0 kB
Bounce:                0 kB
WritebackTmp:          0 kB
CommitLimit:     1815632 kB
Committed_AS:   118255300 kB
VmallocTotal:   251658176 kB
VmallocUsed:      126444 kB
VmallocChunk:   251442084 kB
Time pass: 363 sec

---2015-12-08 17:44:29
MemTotal:        2582696 kB
MemFree:          128212 kB
Buffers:            6472 kB
Cached:           763992 kB
SwapCached:          172 kB
Active:          1115352 kB
Inactive:         562764 kB
Active(anon):     725944 kB
Inactive(anon):   186880 kB
Active(file):     389408 kB
Inactive(file):   375884 kB
Unevictable:        3920 kB
Mlocked:               0 kB
SwapTotal:        524284 kB
SwapFree:         512772 kB
Dirty:              1128 kB
Writeback:             0 kB
AnonPages:        911364 kB
Mapped:           601024 kB
Shmem:              1252 kB
Slab:             105032 kB
SReclaimable:      31648 kB
SUnreclaim:        73384 kB
KernelStack:       41248 kB
PageTables:        42800 kB
NFS_Unstable:          0 kB
Bounce:                0 kB
WritebackTmp:          0 kB
CommitLimit:     1815632 kB
Committed_AS:   116999052 kB
VmallocTotal:   251658176 kB
VmallocUsed:      125424 kB
VmallocChunk:   251442084 kB
Time pass: 368 sec

---2015-12-08 17:44:29
MemTotal:        2582696 kB
MemFree:          119248 kB
Buffers:            6472 kB
Cached:           764376 kB
SwapCached:          172 kB
Active:          1122264 kB
Inactive:         563232 kB
Active(anon):     732872 kB
Inactive(anon):   186888 kB
Active(file):     389392 kB
Inactive(file):   376344 kB
Unevictable:        3920 kB
Mlocked:               0 kB
SwapTotal:        524284 kB
SwapFree:         512772 kB
Dirty:              1048 kB
Writeback:             0 kB
AnonPages:        918308 kB
Mapped:           607756 kB
Shmem:              1268 kB
Slab:             105188 kB
SReclaimable:      31648 kB
SUnreclaim:        73540 kB
KernelStack:       42048 kB
PageTables:        43372 kB
NFS_Unstable:          0 kB
Bounce:                0 kB
WritebackTmp:          0 kB
CommitLimit:     1815632 kB
Committed_AS:   118263452 kB
VmallocTotal:   251658176 kB
VmallocUsed:      126444 kB
VmallocChunk:   251442084 kB
Time pass: 371 sec

---2015-12-08 17:44:29
MemTotal:        2582696 kB
MemFree:          130092 kB
Buffers:            6472 kB
Cached:           764464 kB
SwapCached:          172 kB
Active:          1110540 kB
Inactive:         563244 kB
Active(anon):     721148 kB
Inactive(anon):   186888 kB
Active(file):     389392 kB
Inactive(file):   376356 kB
Unevictable:        3920 kB
Mlocked:               0 kB
SwapTotal:        524284 kB
SwapFree:         512772 kB
Dirty:              1048 kB
Writeback:             0 kB
AnonPages:        906492 kB
Mapped:           607916 kB
Shmem:              1268 kB
Slab:             105196 kB
SReclaimable:      31648 kB
SUnreclaim:        73548 kB
KernelStack:       41920 kB
PageTables:        43344 kB
NFS_Unstable:          0 kB
Bounce:                0 kB
WritebackTmp:          0 kB
CommitLimit:     1815632 kB
Committed_AS:   118263436 kB
VmallocTotal:   251658176 kB
VmallocUsed:      126444 kB
VmallocChunk:   251442084 kB
Time pass: 375 sec

---2015-12-08 17:44:29
MemTotal:        2582696 kB
MemFree:          130380 kB
Buffers:            6472 kB
Cached:           764464 kB
SwapCached:          172 kB
Active:          1110652 kB
Inactive:         563240 kB
Active(anon):     721256 kB
Inactive(anon):   186888 kB
Active(file):     389396 kB
Inactive(file):   376352 kB
Unevictable:        3920 kB
Mlocked:               0 kB
SwapTotal:        524284 kB
SwapFree:         512772 kB
Dirty:              1052 kB
Writeback:             0 kB
AnonPages:        906840 kB
Mapped:           607932 kB
Shmem:              1268 kB
Slab:             105196 kB
SReclaimable:      31648 kB
SUnreclaim:        73548 kB
KernelStack:       41920 kB
PageTables:        43340 kB
NFS_Unstable:          0 kB
Bounce:                0 kB
WritebackTmp:          0 kB
CommitLimit:     1815632 kB
Committed_AS:   118263388 kB
VmallocTotal:   251658176 kB
VmallocUsed:      126444 kB
VmallocChunk:   251442084 kB
Time pass: 379 sec

---2015-12-08 17:44:29
MemTotal:        2582696 kB
MemFree:          130740 kB
Buffers:            6472 kB
Cached:           764464 kB
SwapCached:          172 kB
Active:          1110932 kB
Inactive:         563240 kB
Active(anon):     721536 kB
Inactive(anon):   186888 kB
Active(file):     389396 kB
Inactive(file):   376352 kB
Unevictable:        3920 kB
Mlocked:               0 kB
SwapTotal:        524284 kB
SwapFree:         512772 kB
Dirty:              1056 kB
Writeback:             0 kB
AnonPages:        907112 kB
Mapped:           607956 kB
Shmem:              1268 kB
Slab:             105180 kB
SReclaimable:      31648 kB
SUnreclaim:        73532 kB
KernelStack:       41920 kB
