---2015-10-25 15:24:01
MemTotal:        2899420 kB
MemFree:          136984 kB
Buffers:           80620 kB
Cached:           786024 kB
SwapCached:         1368 kB
Active:          1458552 kB
Inactive:         535816 kB
Active(anon):     909164 kB
Inactive(anon):   233252 kB
Active(file):     549388 kB
Inactive(file):   302564 kB
Unevictable:       13556 kB
Mlocked:               0 kB
SwapTotal:        721780 kB
SwapFree:         660228 kB
Dirty:                 0 kB
Writeback:             0 kB
AnonPages:       1140348 kB
Mapped:           372420 kB
Shmem:              1132 kB
Slab:             102252 kB
SReclaimable:      33588 kB
SUnreclaim:        68664 kB
KernelStack:       36768 kB
PageTables:        45036 kB
NFS_Unstable:          0 kB
Bounce:                0 kB
WritebackTmp:          0 kB
CommitLimit:     2171488 kB
Committed_AS:   104348888 kB
VmallocTotal:   251658176 kB
VmallocUsed:      124996 kB
VmallocChunk:   251456044 kB
Time pass: 3 sec

---2015-10-25 15:24:01
MemTotal:        2899420 kB
MemFree:          136536 kB
Buffers:           80620 kB
Cached:           786028 kB
SwapCached:         1368 kB
Active:          1458652 kB
Inactive:         535824 kB
Active(anon):     909264 kB
Inactive(anon):   233252 kB
Active(file):     549388 kB
Inactive(file):   302572 kB
Unevictable:       13556 kB
Mlocked:               0 kB
SwapTotal:        721780 kB
SwapFree:         660228 kB
Dirty:                12 kB
Writeback:             0 kB
AnonPages:       1140336 kB
Mapped:           372420 kB
Shmem:              1132 kB
Slab:             102172 kB
SReclaimable:      33588 kB
SUnreclaim:        68584 kB
KernelStack:       36768 kB
PageTables:        45032 kB
NFS_Unstable:          0 kB
Bounce:                0 kB
WritebackTmp:          0 kB
CommitLimit:     2171488 kB
Committed_AS:   104348840 kB
VmallocTotal:   251658176 kB
VmallocUsed:      124996 kB
VmallocChunk:   251456044 kB
Time pass: 7 sec

---2015-10-25 15:24:01
MemTotal:        2899420 kB
MemFree:          136564 kB
Buffers:           80620 kB
Cached:           786028 kB
SwapCached:         1368 kB
Active:          1458812 kB
Inactive:         535824 kB
Active(anon):     909424 kB
Inactive(anon):   233252 kB
Active(file):     549388 kB
Inactive(file):   302572 kB
Unevictable:       13556 kB
Mlocked:               0 kB
SwapTotal:        721780 kB
SwapFree:         660228 kB
Dirty:                 0 kB
Writeback:             0 kB
AnonPages:       1140576 kB
Mapped:           372284 kB
Shmem:              1132 kB
Slab:             102172 kB
SReclaimable:      33588 kB
SUnreclaim:        68584 kB
KernelStack:       36784 kB
PageTables:        45064 kB
NFS_Unstable:          0 kB
Bounce:                0 kB
WritebackTmp:          0 kB
CommitLimit:     2171488 kB
Committed_AS:   104348824 kB
VmallocTotal:   251658176 kB
VmallocUsed:      124996 kB
VmallocChunk:   251456044 kB
Time pass: 11 sec

---2015-10-25 15:24:01
MemTotal:        2899420 kB
MemFree:          136368 kB
Buffers:           80620 kB
Cached:           786028 kB
SwapCached:         1368 kB
Active:          1459104 kB
Inactive:         535824 kB
Active(anon):     909716 kB
Inactive(anon):   233252 kB
Active(file):     549388 kB
Inactive(file):   302572 kB
Unevictable:       13556 kB
Mlocked:               0 kB
SwapTotal:        721780 kB
SwapFree:         660228 kB
Dirty:                 0 kB
Writeback:             0 kB
AnonPages:       1140764 kB
Mapped:           372432 kB
Shmem:              1132 kB
Slab:             102172 kB
SReclaimable:      33588 kB
SUnreclaim:        68584 kB
KernelStack:       36784 kB
PageTables:        45036 kB
NFS_Unstable:          0 kB
Bounce:                0 kB
WritebackTmp:          0 kB
CommitLimit:     2171488 kB
Committed_AS:   104348832 kB
VmallocTotal:   251658176 kB
VmallocUsed:      124996 kB
VmallocChunk:   251456044 kB
Time pass: 14 sec

---2015-10-25 15:24:01
MemTotal:        2899420 kB
MemFree:          136140 kB
Buffers:           80620 kB
Cached:           786028 kB
SwapCached:         1368 kB
Active:          1459180 kB
Inactive:         535824 kB
Active(anon):     909792 kB
Inactive(anon):   233252 kB
Active(file):     549388 kB
Inactive(file):   302572 kB
Unevictable:       13556 kB
Mlocked:               0 kB
SwapTotal:        721780 kB
SwapFree:         660228 kB
Dirty:                 0 kB
Writeback:             0 kB
AnonPages:       1140936 kB
Mapped:           372204 kB
Shmem:              1132 kB
Slab:             102172 kB
SReclaimable:      33588 kB
SUnreclaim:        68584 kB
KernelStack:       36784 kB
PageTables:        45032 kB
NFS_Unstable:          0 kB
Bounce:                0 kB
WritebackTmp:          0 kB
CommitLimit:     2171488 kB
Committed_AS:   104348816 kB
VmallocTotal:   251658176 kB
VmallocUsed:      124996 kB
VmallocChunk:   251456044 kB
Time pass: 18 sec

---2015-10-25 15:24:01
MemTotal:        2899420 kB
MemFree:          136248 kB
Buffers:           80620 kB
Cached:           786028 kB
SwapCached:         1368 kB
Active:          1459436 kB
Inactive:         535824 kB
Active(anon):     910048 kB
Inactive(anon):   233252 kB
Active(file):     549388 kB
Inactive(file):   302572 kB
Unevictable:       13556 kB
Mlocked:               0 kB
SwapTotal:        721780 kB
SwapFree:         660228 kB
Dirty:                 0 kB
Writeback:             0 kB
AnonPages:       1141100 kB
Mapped:           372424 kB
Shmem:              1132 kB
Slab:             102172 kB
SReclaimable:      33588 kB
SUnreclaim:        68584 kB
KernelStack:       36784 kB
PageTables:        45040 kB
NFS_Unstable:          0 kB
Bounce:                0 kB
WritebackTmp:          0 kB
CommitLimit:     2171488 kB
Committed_AS:   104348792 kB
VmallocTotal:   251658176 kB
VmallocUsed:      124996 kB
VmallocChunk:   251456044 kB
Time pass: 22 sec

---2015-10-25 15:24:01
MemTotal:        2899420 kB
MemFree:          135752 kB
Buffers:           80620 kB
Cached:           786028 kB
SwapCached:         1368 kB
Active:          1459672 kB
Inactive:         535824 kB
Active(anon):     910284 kB
Inactive(anon):   233252 kB
Active(file):     549388 kB
Inactive(file):   302572 kB
Unevictable:       13556 kB
Mlocked:               0 kB
SwapTotal:        721780 kB
SwapFree:         660228 kB
Dirty:                 0 kB
Writeback:             0 kB
AnonPages:       1141264 kB
Mapped:           372420 kB
Shmem:              1132 kB
Slab:             102172 kB
SReclaimable:      33588 kB
SUnreclaim:        68584 kB
KernelStack:       36784 kB
PageTables:        45036 kB
NFS_Unstable:          0 kB
Bounce:                0 kB
WritebackTmp:          0 kB
CommitLimit:     2171488 kB
Committed_AS:   104348824 kB
VmallocTotal:   251658176 kB
VmallocUsed:      124996 kB
VmallocChunk:   251456044 kB
Time pass: 26 sec

---2015-10-25 15:24:01
MemTotal:        2899420 kB
MemFree:          135500 kB
Buffers:           80620 kB
Cached:           786028 kB
SwapCached:         1368 kB
Active:          1459600 kB
Inactive:         535824 kB
Active(anon):     910212 kB
Inactive(anon):   233252 kB
Active(file):     549388 kB
Inactive(file):   302572 kB
Unevictable:       13556 kB
Mlocked:               0 kB
SwapTotal:        721780 kB
SwapFree:         660228 kB
Dirty:                 0 kB
Writeback:             0 kB
AnonPages:       1141376 kB
Mapped:           372200 kB
Shmem:              1132 kB
Slab:             102172 kB
SReclaimable:      33588 kB
SUnreclaim:        68584 kB
KernelStack:       36784 kB
PageTables:        45036 kB
NFS_Unstable:          0 kB
Bounce:                0 kB
WritebackTmp:          0 kB
CommitLimit:     2171488 kB
Committed_AS:   104348832 kB
VmallocTotal:   251658176 kB
VmallocUsed:      124996 kB
VmallocChunk:   251456044 kB
Time pass: 29 sec

---2015-10-25 15:24:01
MemTotal:        2899420 kB
MemFree:          135324 kB
Buffers:           80620 kB
Cached:           786028 kB
SwapCached:         1368 kB
Active:          1459844 kB
Inactive:         535824 kB
Active(anon):     910456 kB
Inactive(anon):   233252 kB
Active(file):     549388 kB
Inactive(file):   302572 kB
Unevictable:       13556 kB
Mlocked:               0 kB
SwapTotal:        721780 kB
SwapFree:         660228 kB
Dirty:                 0 kB
Writeback:             0 kB
AnonPages:       1141648 kB
Mapped:           372200 kB
Shmem:              1132 kB
Slab:             102172 kB
SReclaimable:      33588 kB
SUnreclaim:        68584 kB
KernelStack:       36768 kB
PageTables:        45036 kB
NFS_Unstable:          0 kB
Bounce:                0 kB
WritebackTmp:          0 kB
CommitLimit:     2171488 kB
Committed_AS:   104348824 kB
VmallocTotal:   251658176 kB
VmallocUsed:      124996 kB
VmallocChunk:   251456044 kB
Time pass: 33 sec

---2015-10-25 15:24:01
MemTotal:        2899420 kB
MemFree:          135212 kB
Buffers:           80620 kB
Cached:           786028 kB
SwapCached:         1368 kB
Active:          1460076 kB
Inactive:         535824 kB
Active(anon):     910688 kB
Inactive(anon):   233252 kB
Active(file):     549388 kB
Inactive(file):   302572 kB
Unevictable:       13556 kB
Mlocked:               0 kB
SwapTotal:        721780 kB
SwapFree:         660228 kB
Dirty:                 0 kB
Writeback:             0 kB
AnonPages:       1141824 kB
Mapped:           372420 kB
Shmem:              1132 kB
Slab:             102172 kB
SReclaimable:      33588 kB
SUnreclaim:        68584 kB
KernelStack:       36768 kB
PageTables:        45032 kB
NFS_Unstable:          0 kB
Bounce:                0 kB
WritebackTmp:          0 kB
CommitLimit:     2171488 kB
Committed_AS:   104348808 kB
VmallocTotal:   251658176 kB
VmallocUsed:      124996 kB
VmallocChunk:   251456044 kB
Time pass: 37 sec

---2015-10-25 15:24:01
MemTotal:        2899420 kB
MemFree:          135180 kB
Buffers:           80620 kB
Cached:           786028 kB
SwapCached:         1368 kB
Active:          1460188 kB
Inactive:         535824 kB
Active(anon):     910800 kB
Inactive(anon):   233252 kB
Active(file):     549388 kB
Inactive(file):   302572 kB
Unevictable:       13556 kB
Mlocked:               0 kB
SwapTotal:        721780 kB
SwapFree:         660228 kB
Dirty:                 0 kB
Writeback:             0 kB
AnonPages:       1141980 kB
Mapped:           372420 kB
Shmem:              1132 kB
Slab:             102172 kB
SReclaimable:      33588 kB
SUnreclaim:        68584 kB
KernelStack:       36768 kB
PageTables:        45036 kB
NFS_Unstable:          0 kB
Bounce:                0 kB
WritebackTmp:          0 kB
CommitLimit:     2171488 kB
Committed_AS:   104348784 kB
VmallocTotal:   251658176 kB
VmallocUsed:      124996 kB
VmallocChunk:   251456044 kB
Time pass: 41 sec

---2015-10-25 15:24:01
MemTotal:        2899420 kB
MemFree:          135012 kB
Buffers:           80620 kB
Cached:           786028 kB
SwapCached:         1368 kB
Active:          1460568 kB
Inactive:         535824 kB
Active(anon):     911180 kB
Inactive(anon):   233252 kB
Active(file):     549388 kB
Inactive(file):   302572 kB
Unevictable:       13556 kB
Mlocked:               0 kB
SwapTotal:        721780 kB
SwapFree:         660228 kB
Dirty:                 0 kB
Writeback:             0 kB
AnonPages:       1142368 kB
Mapped:           372284 kB
Shmem:              1132 kB
Slab:             102172 kB
SReclaimable:      33588 kB
SUnreclaim:        68584 kB
KernelStack:       36784 kB
PageTables:        45068 kB
NFS_Unstable:          0 kB
Bounce:                0 kB
WritebackTmp:          0 kB
CommitLimit:     2171488 kB
Committed_AS:   104348768 kB
VmallocTotal:   251658176 kB
VmallocUsed:      124996 kB
VmallocChunk:   251456044 kB
Time pass: 45 sec

---2015-10-25 15:24:01
MemTotal:        2899420 kB
MemFree:          134528 kB
Buffers:           80620 kB
Cached:           786028 kB
SwapCached:         1368 kB
Active:          1460504 kB
Inactive:         535824 kB
Active(anon):     911116 kB
Inactive(anon):   233252 kB
Active(file):     549388 kB
Inactive(file):   302572 kB
Unevictable:       13556 kB
Mlocked:               0 kB
SwapTotal:        721780 kB
SwapFree:         660228 kB
Dirty:                 0 kB
Writeback:             0 kB
AnonPages:       1142356 kB
Mapped:           372200 kB
Shmem:              1132 kB
Slab:             102172 kB
SReclaimable:      33588 kB
SUnreclaim:        68584 kB
KernelStack:       36768 kB
PageTables:        45036 kB
NFS_Unstable:          0 kB
Bounce:                0 kB
WritebackTmp:          0 kB
CommitLimit:     2171488 kB
Committed_AS:   104348768 kB
VmallocTotal:   251658176 kB
VmallocUsed:      124996 kB
VmallocChunk:   251456044 kB
Time pass: 48 sec

---2015-10-25 15:24:01
MemTotal:        2899420 kB
MemFree:          134404 kB
Buffers:           80620 kB
Cached:           786028 kB
SwapCached:         1368 kB
Active:          1460836 kB
Inactive:         535824 kB
Active(anon):     911448 kB
Inactive(anon):   233252 kB
Active(file):     549388 kB
Inactive(file):   302572 kB
Unevictable:       13556 kB
Mlocked:               0 kB
SwapTotal:        721780 kB
SwapFree:         660228 kB
Dirty:                 0 kB
Writeback:             0 kB
AnonPages:       1142728 kB
Mapped:           372420 kB
Shmem:              1132 kB
Slab:             102172 kB
SReclaimable:      33588 kB
SUnreclaim:        68584 kB
KernelStack:       36784 kB
PageTables:        45044 kB
NFS_Unstable:          0 kB
Bounce:                0 kB
WritebackTmp:          0 kB
CommitLimit:     2171488 kB
Committed_AS:   104348832 kB
VmallocTotal:   251658176 kB
VmallocUsed:      124996 kB
VmallocChunk:   251456044 kB
Time pass: 52 sec

---2015-10-25 15:24:01
MemTotal:        2899420 kB
MemFree:          134344 kB
Buffers:           80620 kB
Cached:           786028 kB
SwapCached:         1368 kB
Active:          1460940 kB
Inactive:         535824 kB
Active(anon):     911552 kB
Inactive(anon):   233252 kB
Active(file):     549388 kB
Inactive(file):   302572 kB
Unevictable:       13556 kB
Mlocked:               0 kB
SwapTotal:        721780 kB
SwapFree:         660228 kB
Dirty:                 0 kB
Writeback:             0 kB
AnonPages:       1142728 kB
Mapped:           372192 kB
Shmem:              1132 kB
Slab:             102172 kB
SReclaimable:      33588 kB
SUnreclaim:        68584 kB
KernelStack:       36768 kB
PageTables:        45032 kB
NFS_Unstable:          0 kB
Bounce:                0 kB
WritebackTmp:          0 kB
CommitLimit:     2171488 kB
Committed_AS:   104348824 kB
VmallocTotal:   251658176 kB
VmallocUsed:      124996 kB
VmallocChunk:   251456044 kB
Time pass: 56 sec

---2015-10-25 15:24:01
MemTotal:        2899420 kB
MemFree:          133716 kB
Buffers:           80628 kB
Cached:           786032 kB
SwapCached:         1368 kB
Active:          1461724 kB
Inactive:         535832 kB
Active(anon):     912336 kB
Inactive(anon):   233252 kB
Active(file):     549388 kB
Inactive(file):   302580 kB
Unevictable:       13556 kB
Mlocked:               0 kB
SwapTotal:        721780 kB
SwapFree:         660228 kB
Dirty:                44 kB
Writeback:             0 kB
AnonPages:       1143572 kB
Mapped:           372200 kB
Shmem:              1132 kB
Slab:             102172 kB
SReclaimable:      33588 kB
SUnreclaim:        68584 kB
KernelStack:       36752 kB
PageTables:        45036 kB
NFS_Unstable:          0 kB
Bounce:                0 kB
WritebackTmp:          0 kB
CommitLimit:     2171488 kB
Committed_AS:   104348792 kB
VmallocTotal:   251658176 kB
VmallocUsed:      124996 kB
VmallocChunk:   251456044 kB
Time pass: 60 sec

---2015-10-25 15:24:01
MemTotal:        2899420 kB
MemFree:          133296 kB
Buffers:           80628 kB
Cached:           786032 kB
SwapCached:         1368 kB
Active:          1461924 kB
Inactive:         535836 kB
Active(anon):     912536 kB
Inactive(anon):   233252 kB
Active(file):     549388 kB
Inactive(file):   302584 kB
Unevictable:       13556 kB
Mlocked:               0 kB
SwapTotal:        721780 kB
SwapFree:         660228 kB
Dirty:                44 kB
Writeback:             0 kB
AnonPages:       1143732 kB
Mapped:           372424 kB
Shmem:              1132 kB
Slab:             102172 kB
SReclaimable:      33588 kB
SUnreclaim:        68584 kB
KernelStack:       36784 kB
PageTables:        45032 kB
NFS_Unstable:          0 kB
Bounce:                0 kB
WritebackTmp:          0 kB
CommitLimit:     2171488 kB
Committed_AS:   104348808 kB
VmallocTotal:   251658176 kB
VmallocUsed:      124996 kB
VmallocChunk:   251456044 kB
Time pass: 63 sec

---2015-10-25 15:24:01
MemTotal:        2899420 kB
MemFree:          133000 kB
Buffers:           80628 kB
Cached:           786032 kB
SwapCached:         1368 kB
Active:          1461936 kB
Inactive:         535836 kB
Active(anon):     912548 kB
Inactive(anon):   233252 kB
Active(file):     549388 kB
Inactive(file):   302584 kB
Unevictable:       13556 kB
Mlocked:               0 kB
SwapTotal:        721780 kB
SwapFree:         660228 kB
Dirty:                 0 kB
Writeback:             0 kB
AnonPages:       1143680 kB
Mapped:           372200 kB
Shmem:              1132 kB
Slab:             102172 kB
SReclaimable:      33588 kB
SUnreclaim:        68584 kB
KernelStack:       36768 kB
PageTables:        45028 kB
NFS_Unstable:          0 kB
Bounce:                0 kB
WritebackTmp:          0 kB
CommitLimit:     2171488 kB
Committed_AS:   104348832 kB
VmallocTotal:   251658176 kB
VmallocUsed:      124996 kB
VmallocChunk:   251456044 kB
Time pass: 67 sec

---2015-10-25 15:24:01
MemTotal:        2899420 kB
MemFree:          133316 kB
Buffers:           80632 kB
Cached:           786032 kB
SwapCached:         1368 kB
Active:          1462332 kB
Inactive:         535840 kB
Active(anon):     912944 kB
Inactive(anon):   233252 kB
Active(file):     549388 kB
Inactive(file):   302588 kB
Unevictable:       13556 kB
Mlocked:               0 kB
SwapTotal:        721780 kB
SwapFree:         660228 kB
Dirty:                 0 kB
Writeback:             0 kB
AnonPages:       1144188 kB
Mapped:           372412 kB
Shmem:              1132 kB
Slab:             102172 kB
SReclaimable:      33588 kB
SUnreclaim:        68584 kB
KernelStack:       36784 kB
PageTables:        45036 kB
NFS_Unstable:          0 kB
Bounce:                0 kB
WritebackTmp:          0 kB
CommitLimit:     2171488 kB
Committed_AS:   104348832 kB
VmallocTotal:   251658176 kB
VmallocUsed:      124996 kB
VmallocChunk:   251456044 kB
Time pass: 71 sec

---2015-10-25 15:24:01
MemTotal:        2899420 kB
MemFree:          132844 kB
Buffers:           80632 kB
Cached:           786032 kB
SwapCached:         1368 kB
Active:          1462412 kB
Inactive:         535840 kB
Active(anon):     913024 kB
Inactive(anon):   233252 kB
Active(file):     549388 kB
Inactive(file):   302588 kB
Unevictable:       13556 kB
Mlocked:               0 kB
SwapTotal:        721780 kB
SwapFree:         660228 kB
Dirty:                 0 kB
Writeback:             0 kB
AnonPages:       1144196 kB
Mapped:           372420 kB
Shmem:              1132 kB
Slab:             102172 kB
SReclaimable:      33588 kB
SUnreclaim:        68584 kB
KernelStack:       36784 kB
PageTables:        45032 kB
NFS_Unstable:          0 kB
Bounce:                0 kB
WritebackTmp:          0 kB
CommitLimit:     2171488 kB
Committed_AS:   104348792 kB
VmallocTotal:   251658176 kB
VmallocUsed:      124996 kB
VmallocChunk:   251456044 kB
Time pass: 75 sec

---2015-10-25 15:24:01
MemTotal:        2899420 kB
MemFree:          133124 kB
Buffers:           80632 kB
Cached:           786032 kB
SwapCached:         1368 kB
Active:          1462756 kB
Inactive:         535840 kB
Active(anon):     913368 kB
Inactive(anon):   233252 kB
Active(file):     549388 kB
Inactive(file):   302588 kB
Unevictable:       13556 kB
Mlocked:               0 kB
SwapTotal:        721780 kB
SwapFree:         660228 kB
Dirty:                 0 kB
Writeback:             0 kB
AnonPages:       1144392 kB
Mapped:           372420 kB
Shmem:              1132 kB
Slab:             102172 kB
SReclaimable:      33588 kB
SUnreclaim:        68584 kB
KernelStack:       36768 kB
PageTables:        45036 kB
NFS_Unstable:          0 kB
Bounce:                0 kB
WritebackTmp:          0 kB
CommitLimit:     2171488 kB
Committed_AS:   104348816 kB
VmallocTotal:   251658176 kB
VmallocUsed:      124996 kB
VmallocChunk:   251456044 kB
Time pass: 78 sec

---2015-10-25 15:24:01
MemTotal:        2899420 kB
MemFree:          132256 kB
Buffers:           80632 kB
Cached:           786032 kB
SwapCached:         1368 kB
Active:          1462844 kB
Inactive:         535840 kB
Active(anon):     913456 kB
Inactive(anon):   233252 kB
Active(file):     549388 kB
Inactive(file):   302588 kB
Unevictable:       13556 kB
Mlocked:               0 kB
SwapTotal:        721780 kB
SwapFree:         660228 kB
Dirty:                 0 kB
Writeback:             0 kB
AnonPages:       1144744 kB
Mapped:           372420 kB
Shmem:              1132 kB
Slab:             102172 kB
SReclaimable:      33588 kB
SUnreclaim:        68584 kB
KernelStack:       36768 kB
PageTables:        45032 kB
NFS_Unstable:          0 kB
Bounce:                0 kB
WritebackTmp:          0 kB
CommitLimit:     2171488 kB
Committed_AS:   104348808 kB
VmallocTotal:   251658176 kB
VmallocUsed:      124996 kB
VmallocChunk:   251456044 kB
Time pass: 82 sec

---2015-10-25 15:24:01
MemTotal:        2899420 kB
MemFree:          127584 kB
Buffers:           80632 kB
Cached:           786032 kB
SwapCached:         1368 kB
Active:          1467956 kB
Inactive:         535840 kB
Active(anon):     918568 kB
Inactive(anon):   233252 kB
Active(file):     549388 kB
Inactive(file):   302588 kB
Unevictable:       13556 kB
Mlocked:               0 kB
SwapTotal:        721780 kB
SwapFree:         660228 kB
Dirty:                 0 kB
Writeback:             0 kB
AnonPages:       1149912 kB
Mapped:           373532 kB
Shmem:              1132 kB
Slab:             102172 kB
SReclaimable:      33588 kB
SUnreclaim:        68584 kB
KernelStack:       36800 kB
PageTables:        45276 kB
NFS_Unstable:          0 kB
Bounce:                0 kB
WritebackTmp:          0 kB
CommitLimit:     2171488 kB
Committed_AS:   107835100 kB
VmallocTotal:   251658176 kB
VmallocUsed:      126016 kB
VmallocChunk:   251456044 kB
Time pass: 86 sec

---2015-10-25 15:24:01
MemTotal:        2899420 kB
MemFree:          128720 kB
Buffers:           80632 kB
Cached:           786032 kB
SwapCached:         1368 kB
Active:          1467728 kB
Inactive:         535816 kB
Active(anon):     918316 kB
Inactive(anon):   233252 kB
Active(file):     549412 kB
Inactive(file):   302564 kB
Unevictable:       13556 kB
Mlocked:               0 kB
SwapTotal:        721780 kB
SwapFree:         660228 kB
Dirty:                 0 kB
Writeback:             0 kB
AnonPages:       1149312 kB
Mapped:           373044 kB
Shmem:              1132 kB
Slab:             102172 kB
SReclaimable:      33588 kB
SUnreclaim:        68584 kB
KernelStack:       36784 kB
PageTables:        45344 kB
NFS_Unstable:          0 kB
Bounce:                0 kB
WritebackTmp:          0 kB
CommitLimit:     2171488 kB
Committed_AS:   107845644 kB
VmallocTotal:   251658176 kB
VmallocUsed:      124996 kB
VmallocChunk:   251456044 kB
Time pass: 90 sec

---2015-10-25 15:24:01
MemTotal:        2899420 kB
MemFree:          112600 kB
Buffers:           80860 kB
Cached:           786024 kB
SwapCached:         1368 kB
Active:          1506500 kB
Inactive:         535948 kB
Active(anon):     957024 kB
Inactive(anon):   233312 kB
Active(file):     549476 kB
Inactive(file):   302636 kB
Unevictable:       13556 kB
Mlocked:               0 kB
SwapTotal:        721780 kB
SwapFree:         660228 kB
Dirty:              1596 kB
Writeback:             0 kB
AnonPages:       1188056 kB
Mapped:           436496 kB
Shmem:              1264 kB
Slab:             102192 kB
SReclaimable:      33592 kB
SUnreclaim:        68600 kB
KernelStack:       38880 kB
PageTables:        46948 kB
NFS_Unstable:          0 kB
Bounce:                0 kB
WritebackTmp:          0 kB
CommitLimit:     2171488 kB
Committed_AS:   107467272 kB
VmallocTotal:   251658176 kB
VmallocUsed:      126916 kB
VmallocChunk:   251456044 kB
Time pass: 93 sec

---2015-10-25 15:24:01
MemTotal:        2899420 kB
MemFree:           89812 kB
Buffers:           80868 kB
Cached:           785488 kB
SwapCached:         1368 kB
Active:          1499184 kB
Inactive:         535924 kB
Active(anon):     950144 kB
Inactive(anon):   233316 kB
Active(file):     549040 kB
Inactive(file):   302608 kB
Unevictable:       13556 kB
Mlocked:               0 kB
SwapTotal:        721780 kB
SwapFree:         660228 kB
Dirty:              2344 kB
Writeback:             0 kB
AnonPages:       1181188 kB
Mapped:           467056 kB
Shmem:              1268 kB
Slab:             102256 kB
SReclaimable:      33592 kB
SUnreclaim:        68664 kB
KernelStack:       39024 kB
PageTables:        46988 kB
NFS_Unstable:          0 kB
Bounce:                0 kB
WritebackTmp:          0 kB
CommitLimit:     2171488 kB
Committed_AS:   107456152 kB
VmallocTotal:   251658176 kB
VmallocUsed:      127168 kB
VmallocChunk:   251456044 kB
Time pass: 98 sec

---2015-10-25 15:24:01
MemTotal:        2899420 kB
MemFree:           68076 kB
Buffers:           80880 kB
Cached:           784664 kB
SwapCached:         1368 kB
Active:          1486428 kB
Inactive:         539068 kB
Active(anon):     939488 kB
Inactive(anon):   235288 kB
Active(file):     546940 kB
Inactive(file):   303780 kB
Unevictable:       13556 kB
Mlocked:               0 kB
SwapTotal:        721780 kB
SwapFree:         659824 kB
Dirty:               216 kB
Writeback:             0 kB
AnonPages:       1172656 kB
Mapped:           496552 kB
Shmem:              1268 kB
Slab:             102276 kB
SReclaimable:      33596 kB
SUnreclaim:        68680 kB
KernelStack:       39024 kB
PageTables:        47120 kB
NFS_Unstable:          0 kB
Bounce:                0 kB
WritebackTmp:          0 kB
CommitLimit:     2171488 kB
Committed_AS:   107466536 kB
VmallocTotal:   251658176 kB
VmallocUsed:      127440 kB
VmallocChunk:   251456044 kB
Time pass: 101 sec

---2015-10-25 15:24:01
MemTotal:        2899420 kB
MemFree:           68740 kB
Buffers:           80892 kB
Cached:           784676 kB
SwapCached:         1368 kB
Active:          1486960 kB
Inactive:         539080 kB
Active(anon):     940008 kB
Inactive(anon):   235292 kB
Active(file):     546952 kB
Inactive(file):   303788 kB
Unevictable:       13556 kB
Mlocked:               0 kB
SwapTotal:        721780 kB
SwapFree:         659824 kB
Dirty:               144 kB
Writeback:             0 kB
AnonPages:       1173000 kB
Mapped:           496588 kB
Shmem:              1272 kB
Slab:             102380 kB
SReclaimable:      33600 kB
SUnreclaim:        68780 kB
KernelStack:       39056 kB
PageTables:        47144 kB
NFS_Unstable:          0 kB
Bounce:                0 kB
WritebackTmp:          0 kB
CommitLimit:     2171488 kB
Committed_AS:   107466560 kB
VmallocTotal:   251658176 kB
VmallocUsed:      127440 kB
VmallocChunk:   251456044 kB
Time pass: 105 sec

---2015-10-25 15:24:01
MemTotal:        2899420 kB
MemFree:           68224 kB
Buffers:           80900 kB
Cached:           784676 kB
SwapCached:         1368 kB
Active:          1487120 kB
Inactive:         539080 kB
Active(anon):     940168 kB
Inactive(anon):   235292 kB
Active(file):     546952 kB
Inactive(file):   303788 kB
Unevictable:       13556 kB
Mlocked:               0 kB
SwapTotal:        721780 kB
SwapFree:         659824 kB
Dirty:                36 kB
Writeback:             0 kB
AnonPages:       1173188 kB
Mapped:           496588 kB
Shmem:              1272 kB
Slab:             102388 kB
SReclaimable:      33600 kB
SUnreclaim:        68788 kB
KernelStack:       39056 kB
PageTables:        47148 kB
NFS_Unstable:          0 kB
Bounce:                0 kB
WritebackTmp:          0 kB
CommitLimit:     2171488 kB
Committed_AS:   107466544 kB
VmallocTotal:   251658176 kB
VmallocUsed:      127440 kB
VmallocChunk:   251456044 kB
Time pass: 109 sec

---2015-10-25 15:24:01
MemTotal:        2899420 kB
MemFree:           66200 kB
Buffers:           79924 kB
Cached:           781232 kB
SwapCached:         1368 kB
Active:          1476948 kB
Inactive:         546168 kB
Active(anon):     940692 kB
Inactive(anon):   235912 kB
Active(file):     536256 kB
Inactive(file):   310256 kB
Unevictable:       13556 kB
Mlocked:               0 kB
SwapTotal:        721780 kB
SwapFree:         658232 kB
Dirty:               632 kB
Writeback:             0 kB
AnonPages:       1174308 kB
Mapped:           498464 kB
Shmem:              1272 kB
Slab:             102124 kB
SReclaimable:      33340 kB
SUnreclaim:        68784 kB
KernelStack:       39056 kB
PageTables:        47164 kB
NFS_Unstable:          0 kB
Bounce:                0 kB
WritebackTmp:          0 kB
CommitLimit:     2171488 kB
Committed_AS:   107466600 kB
VmallocTotal:   251658176 kB
VmallocUsed:      127512 kB
VmallocChunk:   251456044 kB
Time pass: 112 sec

---2015-10-25 15:24:01
MemTotal:        2899420 kB
MemFree:           66072 kB
Buffers:           79924 kB
Cached:           781188 kB
SwapCached:         1368 kB
Active:          1477136 kB
Inactive:         546164 kB
Active(anon):     940996 kB
Inactive(anon):   235912 kB
Active(file):     536140 kB
Inactive(file):   310252 kB
Unevictable:       13556 kB
Mlocked:               0 kB
SwapTotal:        721780 kB
SwapFree:         658232 kB
Dirty:               620 kB
Writeback:             0 kB
AnonPages:       1174668 kB
Mapped:           498500 kB
Shmem:              1272 kB
Slab:             102188 kB
SReclaimable:      33404 kB
SUnreclaim:        68784 kB
KernelStack:       39056 kB
PageTables:        47148 kB
NFS_Unstable:          0 kB
Bounce:                0 kB
WritebackTmp:          0 kB
CommitLimit:     2171488 kB
Committed_AS:   107466712 kB
VmallocTotal:   251658176 kB
VmallocUsed:      127512 kB
VmallocChunk:   251456044 kB
Time pass: 116 sec

---2015-10-25 15:24:01
MemTotal:        2899420 kB
MemFree:           65584 kB
Buffers:           79928 kB
Cached:           781188 kB
SwapCached:         1368 kB
Active:          1477556 kB
Inactive:         546164 kB
Active(anon):     941412 kB
Inactive(anon):   235912 kB
Active(file):     536144 kB
Inactive(file):   310252 kB
Unevictable:       13556 kB
Mlocked:               0 kB
SwapTotal:        721780 kB
SwapFree:         658232 kB
Dirty:               116 kB
Writeback:             0 kB
AnonPages:       1174852 kB
Mapped:           498552 kB
Shmem:              1272 kB
Slab:             102188 kB
SReclaimable:      33404 kB
SUnreclaim:        68784 kB
KernelStack:       39056 kB
PageTables:        47200 kB
NFS_Unstable:          0 kB
Bounce:                0 kB
WritebackTmp:          0 kB
CommitLimit:     2171488 kB
Committed_AS:   107466704 kB
VmallocTotal:   251658176 kB
VmallocUsed:      127512 kB
VmallocChunk:   251456044 kB
Time pass: 120 sec

---2015-10-25 15:24:01
MemTotal:        2899420 kB
MemFree:           69248 kB
Buffers:           79728 kB
Cached:           762436 kB
SwapCached:         1368 kB
Active:          1446884 kB
Inactive:         558652 kB
Active(anon):     941196 kB
Inactive(anon):   236984 kB
Active(file):     505688 kB
Inactive(file):   321668 kB
Unevictable:       13556 kB
Mlocked:               0 kB
SwapTotal:        721780 kB
SwapFree:         654472 kB
Dirty:               556 kB
Writeback:             0 kB
AnonPages:       1176188 kB
Mapped:           510956 kB
Shmem:              1272 kB
Slab:             101912 kB
SReclaimable:      33132 kB
SUnreclaim:        68780 kB
KernelStack:       39056 kB
PageTables:        47196 kB
NFS_Unstable:          0 kB
Bounce:                0 kB
WritebackTmp:          0 kB
CommitLimit:     2171488 kB
Committed_AS:   107466864 kB
VmallocTotal:   251658176 kB
VmallocUsed:      127684 kB
VmallocChunk:   251456044 kB
Time pass: 124 sec

---2015-10-25 15:24:01
MemTotal:        2899420 kB
MemFree:           72124 kB
Buffers:           79732 kB
Cached:           762432 kB
SwapCached:         1368 kB
Active:          1443792 kB
Inactive:         558656 kB
Active(anon):     938104 kB
Inactive(anon):   236984 kB
Active(file):     505688 kB
Inactive(file):   321672 kB
Unevictable:       13556 kB
Mlocked:               0 kB
SwapTotal:        721780 kB
SwapFree:         654472 kB
Dirty:               116 kB
Writeback:             0 kB
AnonPages:       1172732 kB
Mapped:           511652 kB
Shmem:              1272 kB
Slab:             102136 kB
SReclaimable:      33324 kB
SUnreclaim:        68812 kB
KernelStack:       39056 kB
PageTables:        47188 kB
NFS_Unstable:          0 kB
Bounce:                0 kB
WritebackTmp:          0 kB
CommitLimit:     2171488 kB
Committed_AS:   107467000 kB
VmallocTotal:   251658176 kB
VmallocUsed:      127684 kB
VmallocChunk:   251456044 kB
Time pass: 128 sec

---2015-10-25 15:24:01
MemTotal:        2899420 kB
MemFree:           72288 kB
Buffers:           79732 kB
Cached:           762436 kB
SwapCached:         1368 kB
Active:          1443828 kB
Inactive:         558656 kB
Active(anon):     938136 kB
Inactive(anon):   236984 kB
Active(file):     505692 kB
Inactive(file):   321672 kB
Unevictable:       13556 kB
Mlocked:               0 kB
SwapTotal:        721780 kB
SwapFree:         654472 kB
Dirty:                 0 kB
Writeback:             0 kB
AnonPages:       1173000 kB
Mapped:           511660 kB
Shmem:              1272 kB
Slab:             102140 kB
SReclaimable:      33324 kB
SUnreclaim:        68816 kB
KernelStack:       39056 kB
PageTables:        47188 kB
NFS_Unstable:          0 kB
Bounce:                0 kB
WritebackTmp:          0 kB
CommitLimit:     2171488 kB
Committed_AS:   107466992 kB
VmallocTotal:   251658176 kB
VmallocUsed:      127684 kB
VmallocChunk:   251456044 kB
Time pass: 132 sec

---2015-10-25 15:24:01
MemTotal:        2899420 kB
MemFree:           74848 kB
Buffers:           79708 kB
Cached:           756060 kB
SwapCached:         1368 kB
Active:          1446664 kB
Inactive:         555044 kB
Active(anon):     944872 kB
Inactive(anon):   235896 kB
Active(file):     501792 kB
Inactive(file):   319148 kB
Unevictable:       13556 kB
Mlocked:               0 kB
SwapTotal:        721780 kB
SwapFree:         653212 kB
Dirty:                44 kB
Writeback:             0 kB
AnonPages:       1178652 kB
Mapped:           509752 kB
Shmem:              1272 kB
Slab:             102344 kB
SReclaimable:      33436 kB
SUnreclaim:        68908 kB
KernelStack:       39184 kB
PageTables:        47236 kB
NFS_Unstable:          0 kB
Bounce:                0 kB
WritebackTmp:          0 kB
CommitLimit:     2171488 kB
Committed_AS:   107467008 kB
VmallocTotal:   251658176 kB
VmallocUsed:      127684 kB
VmallocChunk:   251456044 kB
Time pass: 136 sec

---2015-10-25 15:24:01
MemTotal:        2899420 kB
MemFree:           77128 kB
Buffers:           79640 kB
Cached:           749484 kB
SwapCached:         1368 kB
Active:          1442380 kB
Inactive:         559168 kB
Active(anon):     948544 kB
Inactive(anon):   238808 kB
Active(file):     493836 kB
Inactive(file):   320360 kB
Unevictable:       13556 kB
Mlocked:               0 kB
SwapTotal:        721780 kB
SwapFree:         651912 kB
Dirty:                 0 kB
Writeback:             0 kB
AnonPages:       1185048 kB
Mapped:           508916 kB
Shmem:              1416 kB
Slab:             102212 kB
SReclaimable:      33452 kB
SUnreclaim:        68760 kB
KernelStack:       39424 kB
PageTables:        47400 kB
NFS_Unstable:          0 kB
Bounce:                0 kB
WritebackTmp:          0 kB
CommitLimit:     2171488 kB
Committed_AS:   107502632 kB
VmallocTotal:   251658176 kB
VmallocUsed:      130116 kB
VmallocChunk:   251456044 kB
Time pass: 140 sec

---2015-10-25 15:24:01
MemTotal:        2899420 kB
MemFree:           76416 kB
Buffers:           79648 kB
Cached:           749908 kB
SwapCached:         1368 kB
Active:          1442676 kB
Inactive:         559564 kB
Active(anon):     948984 kB
Inactive(anon):   238716 kB
Active(file):     493692 kB
Inactive(file):   320848 kB
Unevictable:       13556 kB
Mlocked:               0 kB
SwapTotal:        721780 kB
SwapFree:         651912 kB
Dirty:                 0 kB
Writeback:             0 kB
AnonPages:       1185124 kB
Mapped:           508996 kB
Shmem:              1456 kB
Slab:             102268 kB
SReclaimable:      33468 kB
SUnreclaim:        68800 kB
KernelStack:       39424 kB
PageTables:        47448 kB
NFS_Unstable:          0 kB
Bounce:                0 kB
WritebackTmp:          0 kB
CommitLimit:     2171488 kB
Committed_AS:   107502828 kB
VmallocTotal:   251658176 kB
VmallocUsed:      130116 kB
VmallocChunk:   251456044 kB
Time pass: 144 sec

---2015-10-25 15:24:01
MemTotal:        2899420 kB
MemFree:           75372 kB
Buffers:           79648 kB
Cached:           749924 kB
SwapCached:         1368 kB
Active:          1443704 kB
Inactive:         559584 kB
Active(anon):     950012 kB
Inactive(anon):   238728 kB
Active(file):     493692 kB
Inactive(file):   320856 kB
Unevictable:       13556 kB
Mlocked:               0 kB
SwapTotal:        721780 kB
SwapFree:         651912 kB
Dirty:                28 kB
Writeback:             0 kB
AnonPages:       1186156 kB
Mapped:           509012 kB
Shmem:              1468 kB
Slab:             102260 kB
SReclaimable:      33468 kB
SUnreclaim:        68792 kB
KernelStack:       39424 kB
PageTables:        47448 kB
NFS_Unstable:          0 kB
Bounce:                0 kB
WritebackTmp:          0 kB
CommitLimit:     2171488 kB
Committed_AS:   107502808 kB
VmallocTotal:   251658176 kB
VmallocUsed:      130116 kB
VmallocChunk:   251456044 kB
Time pass: 147 sec

---2015-10-25 15:24:01
MemTotal:        2899420 kB
MemFree:           74292 kB
Buffers:           79652 kB
Cached:           749976 kB
SwapCached:         1368 kB
Active:          1444796 kB
Inactive:         559640 kB
Active(anon):     951104 kB
Inactive(anon):   238780 kB
Active(file):     493692 kB
Inactive(file):   320860 kB
Unevictable:       13556 kB
Mlocked:               0 kB
SwapTotal:        721780 kB
SwapFree:         651912 kB
Dirty:                 0 kB
Writeback:             0 kB
AnonPages:       1187256 kB
Mapped:           509064 kB
Shmem:              1520 kB
Slab:             102264 kB
SReclaimable:      33464 kB
SUnreclaim:        68800 kB
KernelStack:       39424 kB
PageTables:        47456 kB
NFS_Unstable:          0 kB
Bounce:                0 kB
WritebackTmp:          0 kB
CommitLimit:     2171488 kB
Committed_AS:   107502768 kB
VmallocTotal:   251658176 kB
VmallocUsed:      130116 kB
VmallocChunk:   251456044 kB
Time pass: 151 sec

---2015-10-25 15:24:01
MemTotal:        2899420 kB
MemFree:           72872 kB
Buffers:           79652 kB
Cached:           749976 kB
SwapCached:         1368 kB
Active:          1445372 kB
Inactive:         559640 kB
Active(anon):     951680 kB
Inactive(anon):   238780 kB
Active(file):     493692 kB
Inactive(file):   320860 kB
Unevictable:       13556 kB
Mlocked:               0 kB
SwapTotal:        721780 kB
SwapFree:         651912 kB
Dirty:                 0 kB
Writeback:             0 kB
AnonPages:       1187956 kB
Mapped:           509064 kB
Shmem:              1520 kB
Slab:             102256 kB
SReclaimable:      33464 kB
SUnreclaim:        68792 kB
KernelStack:       39392 kB
PageTables:        47452 kB
NFS_Unstable:          0 kB
Bounce:                0 kB
WritebackTmp:          0 kB
CommitLimit:     2171488 kB
Committed_AS:   107502744 kB
VmallocTotal:   251658176 kB
VmallocUsed:      130116 kB
VmallocChunk:   251456044 kB
Time pass: 155 sec

---2015-10-25 15:24:01
MemTotal:        2899420 kB
MemFree:          225828 kB
Buffers:           68116 kB
Cached:           723216 kB
SwapCached:         1368 kB
Active:          1358096 kB
Inactive:         566824 kB
Active(anon):     909060 kB
Inactive(anon):   239344 kB
Active(file):     449036 kB
Inactive(file):   327480 kB
Unevictable:       13556 kB
Mlocked:               0 kB
SwapTotal:        721780 kB
SwapFree:         644920 kB
Dirty:              1072 kB
Writeback:             0 kB
AnonPages:       1146372 kB
Mapped:           362756 kB
Shmem:              1268 kB
Slab:             102360 kB
SReclaimable:      33448 kB
SUnreclaim:        68912 kB
KernelStack:       38592 kB
PageTables:        46756 kB
NFS_Unstable:          0 kB
Bounce:                0 kB
WritebackTmp:          0 kB
CommitLimit:     2171488 kB
Committed_AS:   110879788 kB
VmallocTotal:   251658176 kB
VmallocUsed:      129432 kB
VmallocChunk:   251456044 kB
Time pass: 159 sec

---2015-10-25 15:24:01
MemTotal:        2899420 kB
MemFree:          234640 kB
Buffers:           68120 kB
Cached:           723572 kB
SwapCached:         1368 kB
Active:          1350292 kB
Inactive:         565392 kB
Active(anon):     899480 kB
Inactive(anon):   239204 kB
Active(file):     450812 kB
Inactive(file):   326188 kB
Unevictable:       13556 kB
Mlocked:               0 kB
SwapTotal:        721780 kB
SwapFree:         644920 kB
Dirty:                84 kB
Writeback:             0 kB
AnonPages:       1136464 kB
Mapped:           362152 kB
Shmem:              1136 kB
Slab:             102356 kB
SReclaimable:      33576 kB
SUnreclaim:        68780 kB
KernelStack:       38256 kB
PageTables:        46228 kB
NFS_Unstable:          0 kB
Bounce:                0 kB
WritebackTmp:          0 kB
CommitLimit:     2171488 kB
Committed_AS:   107372864 kB
VmallocTotal:   251658176 kB
VmallocUsed:      129416 kB
VmallocChunk:   251456044 kB
Time pass: 162 sec

---2015-10-25 15:24:01
MemTotal:        2899420 kB
MemFree:          237304 kB
Buffers:           68120 kB
Cached:           723576 kB
SwapCached:         1368 kB
Active:          1347080 kB
Inactive:         565396 kB
Active(anon):     896268 kB
Inactive(anon):   239204 kB
Active(file):     450812 kB
Inactive(file):   326192 kB
Unevictable:       13556 kB
Mlocked:               0 kB
SwapTotal:        721780 kB
SwapFree:         644920 kB
Dirty:                84 kB
Writeback:             0 kB
AnonPages:       1133168 kB
Mapped:           361804 kB
Shmem:              1136 kB
Slab:             102424 kB
SReclaimable:      33576 kB
SUnreclaim:        68848 kB
KernelStack:       37856 kB
PageTables:        46364 kB
NFS_Unstable:          0 kB
Bounce:                0 kB
WritebackTmp:          0 kB
CommitLimit:     2171488 kB
Committed_AS:   107369252 kB
VmallocTotal:   251658176 kB
VmallocUsed:      129416 kB
VmallocChunk:   251456044 kB
Time pass: 166 sec

---2015-10-25 15:24:01
MemTotal:        2899420 kB
MemFree:          237968 kB
Buffers:           68128 kB
Cached:           723576 kB
SwapCached:         1368 kB
Active:          1347068 kB
Inactive:         565404 kB
Active(anon):     896256 kB
Inactive(anon):   239204 kB
Active(file):     450812 kB
Inactive(file):   326200 kB
Unevictable:       13556 kB
Mlocked:               0 kB
SwapTotal:        721780 kB
SwapFree:         644920 kB
Dirty:                28 kB
Writeback:             0 kB
AnonPages:       1133260 kB
Mapped:           361808 kB
Shmem:              1136 kB
Slab:             102360 kB
SReclaimable:      33576 kB
SUnreclaim:        68784 kB
KernelStack:       38080 kB
PageTables:        46364 kB
NFS_Unstable:          0 kB
Bounce:                0 kB
WritebackTmp:          0 kB
CommitLimit:     2171488 kB
Committed_AS:   107369052 kB
VmallocTotal:   251658176 kB
VmallocUsed:      129416 kB
VmallocChunk:   251456044 kB
Time pass: 170 sec

---2015-10-25 15:24:01
MemTotal:        2899420 kB
MemFree:          237852 kB
Buffers:           68128 kB
Cached:           723576 kB
SwapCached:         1368 kB
Active:          1347168 kB
Inactive:         565404 kB
Active(anon):     896356 kB
Inactive(anon):   239204 kB
Active(file):     450812 kB
Inactive(file):   326200 kB
Unevictable:       13556 kB
Mlocked:               0 kB
SwapTotal:        721780 kB
SwapFree:         644920 kB
Dirty:                 0 kB
Writeback:             0 kB
AnonPages:       1133456 kB
Mapped:           361812 kB
Shmem:              1136 kB
Slab:             102340 kB
SReclaimable:      33576 kB
SUnreclaim:        68764 kB
KernelStack:       38064 kB
PageTables:        46360 kB
NFS_Unstable:          0 kB
Bounce:                0 kB
WritebackTmp:          0 kB
CommitLimit:     2171488 kB
Committed_AS:   107369052 kB
VmallocTotal:   251658176 kB
VmallocUsed:      127000 kB
VmallocChunk:   251456044 kB
Time pass: 173 sec

---2015-10-25 15:24:01
MemTotal:        2899420 kB
MemFree:          237304 kB
Buffers:           68128 kB
Cached:           723576 kB
SwapCached:         1368 kB
Active:          1347756 kB
Inactive:         565404 kB
Active(anon):     896944 kB
Inactive(anon):   239204 kB
Active(file):     450812 kB
Inactive(file):   326200 kB
Unevictable:       13556 kB
Mlocked:               0 kB
SwapTotal:        721780 kB
SwapFree:         644920 kB
Dirty:                 0 kB
Writeback:             0 kB
AnonPages:       1134156 kB
Mapped:           361728 kB
Shmem:              1136 kB
Slab:             102340 kB
SReclaimable:      33576 kB
SUnreclaim:        68764 kB
KernelStack:       38096 kB
PageTables:        46332 kB
NFS_Unstable:          0 kB
Bounce:                0 kB
WritebackTmp:          0 kB
CommitLimit:     2171488 kB
Committed_AS:   107369116 kB
VmallocTotal:   251658176 kB
VmallocUsed:      127000 kB
VmallocChunk:   251456044 kB
Time pass: 177 sec

---2015-10-25 15:24:01
MemTotal:        2899420 kB
MemFree:          290948 kB
Buffers:           68160 kB
Cached:           723744 kB
SwapCached:         1392 kB
Active:          1375676 kB
Inactive:         558204 kB
Active(anon):     917516 kB
Inactive(anon):   239352 kB
Active(file):     458160 kB
Inactive(file):   318852 kB
Unevictable:       13556 kB
Mlocked:               0 kB
SwapTotal:        721780 kB
SwapFree:         644920 kB
Dirty:               912 kB
Writeback:             8 kB
AnonPages:       1154440 kB
Mapped:           350796 kB
Shmem:              1140 kB
Slab:             102484 kB
SReclaimable:      33576 kB
SUnreclaim:        68908 kB
KernelStack:       38128 kB
PageTables:        47024 kB
NFS_Unstable:          0 kB
Bounce:                0 kB
WritebackTmp:          0 kB
CommitLimit:     2171488 kB
Committed_AS:   108664796 kB
VmallocTotal:   251658176 kB
VmallocUsed:      127356 kB
VmallocChunk:   251456044 kB
Time pass: 181 sec

---2015-10-25 15:24:01
MemTotal:        2899420 kB
MemFree:          226776 kB
Buffers:           68160 kB
Cached:           723456 kB
SwapCached:         1392 kB
Active:          1384372 kB
Inactive:         557564 kB
Active(anon):     925788 kB
Inactive(anon):   239356 kB
Active(file):     458584 kB
Inactive(file):   318208 kB
Unevictable:       13556 kB
Mlocked:               0 kB
SwapTotal:        721780 kB
SwapFree:         644920 kB
Dirty:               156 kB
Writeback:             0 kB
AnonPages:       1162892 kB
Mapped:           406664 kB
Shmem:              1268 kB
Slab:             102432 kB
SReclaimable:      33608 kB
SUnreclaim:        68824 kB
KernelStack:       39152 kB
PageTables:        47456 kB
NFS_Unstable:          0 kB
Bounce:                0 kB
WritebackTmp:          0 kB
CommitLimit:     2171488 kB
Committed_AS:   108689404 kB
VmallocTotal:   251658176 kB
VmallocUsed:      127848 kB
VmallocChunk:   251456044 kB
Time pass: 185 sec

---2015-10-25 15:24:01
MemTotal:        2899420 kB
MemFree:          228524 kB
Buffers:           68160 kB
Cached:           723492 kB
SwapCached:         1392 kB
Active:          1383128 kB
Inactive:         557592 kB
Active(anon):     924536 kB
Inactive(anon):   239360 kB
Active(file):     458592 kB
Inactive(file):   318232 kB
Unevictable:       13556 kB
Mlocked:               0 kB
SwapTotal:        721780 kB
SwapFree:         644920 kB
Dirty:                76 kB
Writeback:             0 kB
AnonPages:       1161480 kB
Mapped:           408232 kB
Shmem:              1272 kB
Slab:             102416 kB
SReclaimable:      33608 kB
SUnreclaim:        68808 kB
KernelStack:       39216 kB
PageTables:        47480 kB
NFS_Unstable:          0 kB
Bounce:                0 kB
WritebackTmp:          0 kB
CommitLimit:     2171488 kB
Committed_AS:   108675220 kB
VmallocTotal:   251658176 kB
VmallocUsed:      127848 kB
VmallocChunk:   251456044 kB
Time pass: 188 sec

---2015-10-25 15:24:01
MemTotal:        2899420 kB
MemFree:          166436 kB
Buffers:           68160 kB
Cached:           723672 kB
SwapCached:         1392 kB
Active:          1388660 kB
Inactive:         557700 kB
Active(anon):     930000 kB
Inactive(anon):   239360 kB
Active(file):     458660 kB
Inactive(file):   318340 kB
Unevictable:       13556 kB
Mlocked:               0 kB
SwapTotal:        721780 kB
SwapFree:         644920 kB
Dirty:              1384 kB
Writeback:             0 kB
AnonPages:       1167140 kB
Mapped:           459308 kB
Shmem:              1272 kB
Slab:             102456 kB
SReclaimable:      33608 kB
SUnreclaim:        68848 kB
KernelStack:       39264 kB
PageTables:        47608 kB
NFS_Unstable:          0 kB
Bounce:                0 kB
WritebackTmp:          0 kB
CommitLimit:     2171488 kB
Committed_AS:   108691812 kB
VmallocTotal:   251658176 kB
VmallocUsed:      128324 kB
VmallocChunk:   251456044 kB
Time pass: 192 sec

---2015-10-25 15:24:01
MemTotal:        2899420 kB
MemFree:          166544 kB
Buffers:           68164 kB
Cached:           723672 kB
SwapCached:         1392 kB
Active:          1388852 kB
Inactive:         557704 kB
Active(anon):     930192 kB
Inactive(anon):   239360 kB
Active(file):     458660 kB
Inactive(file):   318344 kB
Unevictable:       13556 kB
Mlocked:               0 kB
SwapTotal:        721780 kB
SwapFree:         644920 kB
Dirty:               844 kB
Writeback:             0 kB
AnonPages:       1167272 kB
Mapped:           459088 kB
Shmem:              1272 kB
Slab:             102424 kB
SReclaimable:      33608 kB
SUnreclaim:        68816 kB
KernelStack:       39264 kB
PageTables:        47604 kB
NFS_Unstable:          0 kB
Bounce:                0 kB
WritebackTmp:          0 kB
CommitLimit:     2171488 kB
Committed_AS:   108691788 kB
VmallocTotal:   251658176 kB
VmallocUsed:      128324 kB
VmallocChunk:   251456044 kB
Time pass: 196 sec

---2015-10-25 15:24:01
MemTotal:        2899420 kB
MemFree:          151264 kB
Buffers:           68164 kB
Cached:           723800 kB
SwapCached:         1392 kB
Active:          1391748 kB
Inactive:         557748 kB
Active(anon):     933128 kB
Inactive(anon):   239360 kB
Active(file):     458620 kB
Inactive(file):   318388 kB
Unevictable:       13556 kB
Mlocked:               0 kB
SwapTotal:        721780 kB
SwapFree:         644920 kB
Dirty:               360 kB
Writeback:             0 kB
AnonPages:       1170340 kB
Mapped:           467092 kB
Shmem:              1272 kB
Slab:             102424 kB
SReclaimable:      33608 kB
SUnreclaim:        68816 kB
KernelStack:       39264 kB
PageTables:        47624 kB
NFS_Unstable:          0 kB
Bounce:                0 kB
WritebackTmp:          0 kB
CommitLimit:     2171488 kB
Committed_AS:   108691924 kB
VmallocTotal:   251658176 kB
VmallocUsed:      128388 kB
VmallocChunk:   251456044 kB
Time pass: 199 sec

---2015-10-25 15:24:01
MemTotal:        2899420 kB
MemFree:          124684 kB
Buffers:           68168 kB
Cached:           723800 kB
SwapCached:         1392 kB
Active:          1395956 kB
Inactive:         557732 kB
Active(anon):     937208 kB
Inactive(anon):   239360 kB
Active(file):     458748 kB
Inactive(file):   318372 kB
Unevictable:       13556 kB
Mlocked:               0 kB
SwapTotal:        721780 kB
SwapFree:         644920 kB
Dirty:               520 kB
Writeback:             0 kB
AnonPages:       1174308 kB
Mapped:           481132 kB
Shmem:              1272 kB
Slab:             102432 kB
SReclaimable:      33624 kB
SUnreclaim:        68808 kB
KernelStack:       39264 kB
PageTables:        47628 kB
NFS_Unstable:          0 kB
Bounce:                0 kB
WritebackTmp:          0 kB
CommitLimit:     2171488 kB
Committed_AS:   108692228 kB
VmallocTotal:   251658176 kB
VmallocUsed:      128536 kB
VmallocChunk:   251456044 kB
Time pass: 203 sec

---2015-10-25 15:24:01
MemTotal:        2899420 kB
MemFree:          114812 kB
Buffers:           68172 kB
Cached:           723804 kB
SwapCached:         1392 kB
Active:          1397748 kB
Inactive:         557752 kB
Active(anon):     938992 kB
Inactive(anon):   239360 kB
Active(file):     458756 kB
Inactive(file):   318392 kB
Unevictable:       13556 kB
Mlocked:               0 kB
SwapTotal:        721780 kB
SwapFree:         644920 kB
Dirty:               156 kB
Writeback:             0 kB
AnonPages:       1176388 kB
Mapped:           482808 kB
Shmem:              1272 kB
Slab:             102404 kB
SReclaimable:      33624 kB
SUnreclaim:        68780 kB
KernelStack:       39264 kB
PageTables:        47688 kB
NFS_Unstable:          0 kB
Bounce:                0 kB
WritebackTmp:          0 kB
CommitLimit:     2171488 kB
Committed_AS:   108692212 kB
VmallocTotal:   251658176 kB
VmallocUsed:      128536 kB
VmallocChunk:   251456044 kB
Time pass: 207 sec

---2015-10-25 15:24:01
MemTotal:        2899420 kB
MemFree:          109056 kB
Buffers:           68196 kB
Cached:           724048 kB
SwapCached:         1392 kB
Active:          1409844 kB
Inactive:         557964 kB
Active(anon):     951060 kB
Inactive(anon):   239500 kB
Active(file):     458784 kB
Inactive(file):   318464 kB
Unevictable:       13556 kB
Mlocked:               0 kB
SwapTotal:        721780 kB
SwapFree:         644920 kB
Dirty:                92 kB
Writeback:             0 kB
AnonPages:       1187984 kB
Mapped:           485088 kB
Shmem:              1440 kB
Slab:             102444 kB
SReclaimable:      33640 kB
SUnreclaim:        68804 kB
KernelStack:       39648 kB
PageTables:        47872 kB
NFS_Unstable:          0 kB
Bounce:                0 kB
WritebackTmp:          0 kB
CommitLimit:     2171488 kB
Committed_AS:   108724024 kB
VmallocTotal:   251658176 kB
VmallocUsed:      130968 kB
VmallocChunk:   251456044 kB
Time pass: 211 sec

---2015-10-25 15:24:01
MemTotal:        2899420 kB
MemFree:          106696 kB
Buffers:           68208 kB
Cached:           724208 kB
SwapCached:         1392 kB
Active:          1412184 kB
Inactive:         558160 kB
Active(anon):     953400 kB
Inactive(anon):   239684 kB
Active(file):     458784 kB
Inactive(file):   318476 kB
Unevictable:       13556 kB
Mlocked:               0 kB
SwapTotal:        721780 kB
SwapFree:         644920 kB
Dirty:                 0 kB
Writeback:             0 kB
AnonPages:       1190440 kB
Mapped:           485276 kB
Shmem:              1600 kB
Slab:             102436 kB
SReclaimable:      33640 kB
SUnreclaim:        68796 kB
KernelStack:       39648 kB
PageTables:        47960 kB
NFS_Unstable:          0 kB
Bounce:                0 kB
WritebackTmp:          0 kB
CommitLimit:     2171488 kB
Committed_AS:   108728100 kB
VmallocTotal:   251658176 kB
VmallocUsed:      130968 kB
VmallocChunk:   251456044 kB
Time pass: 215 sec

---2015-10-25 15:24:01
MemTotal:        2899420 kB
MemFree:          105524 kB
Buffers:           68232 kB
Cached:           724208 kB
SwapCached:         1392 kB
Active:          1413180 kB
Inactive:         558184 kB
Active(anon):     954396 kB
Inactive(anon):   239684 kB
Active(file):     458784 kB
Inactive(file):   318500 kB
Unevictable:       13556 kB
Mlocked:               0 kB
SwapTotal:        721780 kB
SwapFree:         644920 kB
Dirty:                52 kB
Writeback:             0 kB
AnonPages:       1191456 kB
Mapped:           485712 kB
Shmem:              1600 kB
Slab:             102448 kB
SReclaimable:      33640 kB
SUnreclaim:        68808 kB
KernelStack:       39648 kB
PageTables:        47912 kB
NFS_Unstable:          0 kB
Bounce:                0 kB
WritebackTmp:          0 kB
CommitLimit:     2171488 kB
Committed_AS:   108728132 kB
VmallocTotal:   251658176 kB
VmallocUsed:      130968 kB
VmallocChunk:   251456044 kB
Time pass: 219 sec

---2015-10-25 15:24:01
MemTotal:        2899420 kB
MemFree:          104016 kB
Buffers:           68232 kB
Cached:           724244 kB
SwapCached:         1392 kB
Active:          1414340 kB
Inactive:         558220 kB
Active(anon):     955556 kB
Inactive(anon):   239720 kB
Active(file):     458784 kB
Inactive(file):   318500 kB
Unevictable:       13556 kB
Mlocked:               0 kB
SwapTotal:        721780 kB
SwapFree:         644920 kB
Dirty:                 0 kB
Writeback:             0 kB
AnonPages:       1192452 kB
Mapped:           485748 kB
Shmem:              1636 kB
Slab:             102436 kB
SReclaimable:      33640 kB
SUnreclaim:        68796 kB
KernelStack:       39648 kB
PageTables:        47956 kB
NFS_Unstable:          0 kB
Bounce:                0 kB
WritebackTmp:          0 kB
CommitLimit:     2171488 kB
Committed_AS:   108728128 kB
VmallocTotal:   251658176 kB
VmallocUsed:      130968 kB
VmallocChunk:   251456044 kB
Time pass: 223 sec

---2015-10-25 15:24:01
MemTotal:        2899420 kB
MemFree:          103264 kB
Buffers:           68236 kB
Cached:           724244 kB
SwapCached:         1392 kB
Active:          1415104 kB
Inactive:         558220 kB
Active(anon):     956316 kB
Inactive(anon):   239720 kB
Active(file):     458788 kB
Inactive(file):   318500 kB
Unevictable:       13556 kB
Mlocked:               0 kB
SwapTotal:        721780 kB
SwapFree:         644920 kB
Dirty:                32 kB
Writeback:             0 kB
AnonPages:       1193336 kB
Mapped:           485664 kB
Shmem:              1636 kB
Slab:             102440 kB
SReclaimable:      33640 kB
SUnreclaim:        68800 kB
KernelStack:       39648 kB
PageTables:        47932 kB
NFS_Unstable:          0 kB
Bounce:                0 kB
WritebackTmp:          0 kB
CommitLimit:     2171488 kB
Committed_AS:   108728124 kB
VmallocTotal:   251658176 kB
VmallocUsed:      130968 kB
VmallocChunk:   251456044 kB
Time pass: 227 sec

---2015-10-25 15:24:01
MemTotal:        2899420 kB
MemFree:          102388 kB
Buffers:           68236 kB
Cached:           724244 kB
SwapCached:         1392 kB
Active:          1415436 kB
Inactive:         558220 kB
Active(anon):     956648 kB
Inactive(anon):   239720 kB
Active(file):     458788 kB
Inactive(file):   318500 kB
Unevictable:       13556 kB
Mlocked:               0 kB
SwapTotal:        721780 kB
SwapFree:         644920 kB
Dirty:                 0 kB
Writeback:             0 kB
AnonPages:       1193740 kB
Mapped:           485748 kB
Shmem:              1636 kB
Slab:             102440 kB
SReclaimable:      33640 kB
SUnreclaim:        68800 kB
KernelStack:       39648 kB
PageTables:        47964 kB
NFS_Unstable:          0 kB
Bounce:                0 kB
WritebackTmp:          0 kB
CommitLimit:     2171488 kB
Committed_AS:   108728132 kB
VmallocTotal:   251658176 kB
VmallocUsed:      130968 kB
VmallocChunk:   251456044 kB
Time pass: 230 sec

---2015-10-25 15:24:01
MemTotal:        2899420 kB
MemFree:          102084 kB
Buffers:           68236 kB
Cached:           724244 kB
SwapCached:         1392 kB
Active:          1415840 kB
Inactive:         558220 kB
Active(anon):     957052 kB
Inactive(anon):   239720 kB
Active(file):     458788 kB
Inactive(file):   318500 kB
Unevictable:       13556 kB
Mlocked:               0 kB
SwapTotal:        721780 kB
SwapFree:         644920 kB
Dirty:                 0 kB
Writeback:             0 kB
AnonPages:       1194168 kB
Mapped:           485580 kB
Shmem:              1636 kB
Slab:             102456 kB
SReclaimable:      33640 kB
SUnreclaim:        68816 kB
KernelStack:       39648 kB
PageTables:        47896 kB
NFS_Unstable:          0 kB
Bounce:                0 kB
WritebackTmp:          0 kB
CommitLimit:     2171488 kB
Committed_AS:   108728132 kB
VmallocTotal:   251658176 kB
VmallocUsed:      130968 kB
VmallocChunk:   251456044 kB
Time pass: 234 sec

---2015-10-25 15:24:01
MemTotal:        2899420 kB
MemFree:          101604 kB
Buffers:           68236 kB
Cached:           724244 kB
SwapCached:         1392 kB
Active:          1416592 kB
Inactive:         558220 kB
Active(anon):     957804 kB
Inactive(anon):   239720 kB
Active(file):     458788 kB
Inactive(file):   318500 kB
Unevictable:       13556 kB
Mlocked:               0 kB
SwapTotal:        721780 kB
SwapFree:         644920 kB
Dirty:                 0 kB
Writeback:             0 kB
AnonPages:       1194976 kB
Mapped:           485664 kB
Shmem:              1636 kB
Slab:             102436 kB
SReclaimable:      33640 kB
SUnreclaim:        68796 kB
KernelStack:       39648 kB
PageTables:        47932 kB
NFS_Unstable:          0 kB
Bounce:                0 kB
WritebackTmp:          0 kB
CommitLimit:     2171488 kB
Committed_AS:   108728140 kB
VmallocTotal:   251658176 kB
VmallocUsed:      130968 kB
VmallocChunk:   251456044 kB
Time pass: 238 sec

---2015-10-25 15:24:01
MemTotal:        2899420 kB
MemFree:          100504 kB
Buffers:           68240 kB
Cached:           724244 kB
SwapCached:         1392 kB
Active:          1417768 kB
Inactive:         558212 kB
Active(anon):     958968 kB
Inactive(anon):   239720 kB
Active(file):     458800 kB
Inactive(file):   318492 kB
Unevictable:       13556 kB
Mlocked:               0 kB
SwapTotal:        721780 kB
SwapFree:         644920 kB
Dirty:                40 kB
Writeback:             0 kB
AnonPages:       1196380 kB
Mapped:           485664 kB
Shmem:              1636 kB
Slab:             102584 kB
SReclaimable:      33640 kB
SUnreclaim:        68944 kB
KernelStack:       39616 kB
PageTables:        47936 kB
NFS_Unstable:          0 kB
Bounce:                0 kB
WritebackTmp:          0 kB
CommitLimit:     2171488 kB
Committed_AS:   108732244 kB
VmallocTotal:   251658176 kB
VmallocUsed:      130968 kB
VmallocChunk:   251456044 kB
Time pass: 242 sec

---2015-10-25 15:24:01
MemTotal:        2899420 kB
MemFree:           99628 kB
Buffers:           68244 kB
Cached:           724244 kB
SwapCached:         1392 kB
Active:          1418132 kB
Inactive:         558188 kB
Active(anon):     959304 kB
Inactive(anon):   239720 kB
Active(file):     458828 kB
Inactive(file):   318468 kB
Unevictable:       13556 kB
Mlocked:               0 kB
SwapTotal:        721780 kB
SwapFree:         644920 kB
Dirty:                84 kB
Writeback:             0 kB
AnonPages:       1196400 kB
Mapped:           485664 kB
Shmem:              1636 kB
Slab:             102436 kB
SReclaimable:      33640 kB
SUnreclaim:        68796 kB
KernelStack:       39616 kB
PageTables:        47936 kB
NFS_Unstable:          0 kB
Bounce:                0 kB
WritebackTmp:          0 kB
CommitLimit:     2171488 kB
Committed_AS:   108732132 kB
VmallocTotal:   251658176 kB
VmallocUsed:      130968 kB
VmallocChunk:   251456044 kB
Time pass: 246 sec

---2015-10-25 15:24:01
MemTotal:        2899420 kB
MemFree:           98772 kB
Buffers:           68244 kB
Cached:           724532 kB
SwapCached:         1392 kB
Active:          1418988 kB
Inactive:         558476 kB
Active(anon):     960160 kB
Inactive(anon):   240008 kB
Active(file):     458828 kB
Inactive(file):   318468 kB
Unevictable:       13556 kB
Mlocked:               0 kB
SwapTotal:        721780 kB
SwapFree:         644920 kB
Dirty:                 0 kB
Writeback:             0 kB
AnonPages:       1197100 kB
Mapped:           485952 kB
Shmem:              1924 kB
Slab:             102436 kB
SReclaimable:      33640 kB
SUnreclaim:        68796 kB
KernelStack:       39616 kB
PageTables:        47936 kB
NFS_Unstable:          0 kB
Bounce:                0 kB
WritebackTmp:          0 kB
CommitLimit:     2171488 kB
Committed_AS:   108732092 kB
VmallocTotal:   251658176 kB
VmallocUsed:      130968 kB
VmallocChunk:   251456044 kB
Time pass: 250 sec

---2015-10-25 15:24:01
MemTotal:        2899420 kB
MemFree:           98436 kB
Buffers:           68244 kB
Cached:           724532 kB
SwapCached:         1392 kB
Active:          1419212 kB
Inactive:         558476 kB
Active(anon):     960384 kB
Inactive(anon):   240008 kB
Active(file):     458828 kB
Inactive(file):   318468 kB
Unevictable:       13556 kB
Mlocked:               0 kB
SwapTotal:        721780 kB
SwapFree:         644920 kB
Dirty:                 0 kB
Writeback:             0 kB
AnonPages:       1197636 kB
Mapped:           485952 kB
Shmem:              1924 kB
Slab:             102436 kB
SReclaimable:      33640 kB
SUnreclaim:        68796 kB
KernelStack:       39616 kB
PageTables:        47936 kB
NFS_Unstable:          0 kB
Bounce:                0 kB
WritebackTmp:          0 kB
CommitLimit:     2171488 kB
Committed_AS:   108732172 kB
VmallocTotal:   251658176 kB
VmallocUsed:      130968 kB
VmallocChunk:   251456044 kB
Time pass: 254 sec

---2015-10-25 15:24:01
MemTotal:        2899420 kB
MemFree:           97228 kB
Buffers:           68244 kB
Cached:           724532 kB
SwapCached:         1392 kB
Active:          1420524 kB
Inactive:         558472 kB
Active(anon):     961692 kB
Inactive(anon):   240008 kB
Active(file):     458832 kB
Inactive(file):   318464 kB
Unevictable:       13556 kB
Mlocked:               0 kB
SwapTotal:        721780 kB
SwapFree:         644920 kB
Dirty:                 0 kB
Writeback:             0 kB
AnonPages:       1198704 kB
Mapped:           486036 kB
Shmem:              1924 kB
Slab:             102436 kB
SReclaimable:      33640 kB
SUnreclaim:        68796 kB
KernelStack:       39616 kB
PageTables:        47968 kB
NFS_Unstable:          0 kB
Bounce:                0 kB
WritebackTmp:          0 kB
CommitLimit:     2171488 kB
Committed_AS:   108732164 kB
VmallocTotal:   251658176 kB
VmallocUsed:      130968 kB
VmallocChunk:   251456044 kB
Time pass: 257 sec

---2015-10-25 15:24:01
MemTotal:        2899420 kB
MemFree:           96016 kB
Buffers:           68252 kB
Cached:           724532 kB
SwapCached:         1392 kB
Active:          1421300 kB
Inactive:         558480 kB
Active(anon):     962468 kB
Inactive(anon):   240008 kB
Active(file):     458832 kB
Inactive(file):   318472 kB
Unevictable:       13556 kB
Mlocked:               0 kB
SwapTotal:        721780 kB
SwapFree:         644920 kB
Dirty:                48 kB
Writeback:             0 kB
AnonPages:       1199652 kB
Mapped:           486036 kB
Shmem:              1924 kB
Slab:             102436 kB
SReclaimable:      33640 kB
SUnreclaim:        68796 kB
KernelStack:       39616 kB
PageTables:        47964 kB
NFS_Unstable:          0 kB
Bounce:                0 kB
WritebackTmp:          0 kB
CommitLimit:     2171488 kB
Committed_AS:   108732164 kB
VmallocTotal:   251658176 kB
VmallocUsed:      130968 kB
VmallocChunk:   251456044 kB
Time pass: 261 sec

---2015-10-25 15:24:01
MemTotal:        2899420 kB
MemFree:           96148 kB
Buffers:           68252 kB
Cached:           724532 kB
SwapCached:         1392 kB
Active:          1421524 kB
Inactive:         558480 kB
Active(anon):     962692 kB
Inactive(anon):   240008 kB
Active(file):     458832 kB
Inactive(file):   318472 kB
Unevictable:       13556 kB
Mlocked:               0 kB
SwapTotal:        721780 kB
SwapFree:         644920 kB
Dirty:                 0 kB
Writeback:             0 kB
AnonPages:       1199804 kB
Mapped:           486036 kB
Shmem:              1924 kB
Slab:             102436 kB
SReclaimable:      33640 kB
SUnreclaim:        68796 kB
KernelStack:       39616 kB
PageTables:        47972 kB
NFS_Unstable:          0 kB
Bounce:                0 kB
WritebackTmp:          0 kB
CommitLimit:     2171488 kB
Committed_AS:   108732172 kB
VmallocTotal:   251658176 kB
VmallocUsed:      130968 kB
VmallocChunk:   251456044 kB
Time pass: 265 sec

---2015-10-25 15:24:01
MemTotal:        2899420 kB
MemFree:           96128 kB
Buffers:           68252 kB
Cached:           724532 kB
SwapCached:         1392 kB
Active:          1421424 kB
Inactive:         558472 kB
Active(anon):     962584 kB
Inactive(anon):   240008 kB
Active(file):     458840 kB
Inactive(file):   318464 kB
Unevictable:       13556 kB
Mlocked:               0 kB
SwapTotal:        721780 kB
SwapFree:         644920 kB
Dirty:                32 kB
Writeback:             0 kB
AnonPages:       1199640 kB
Mapped:           485952 kB
Shmem:              1924 kB
Slab:             102444 kB
SReclaimable:      33640 kB
SUnreclaim:        68804 kB
KernelStack:       39616 kB
PageTables:        47940 kB
NFS_Unstable:          0 kB
Bounce:                0 kB
WritebackTmp:          0 kB
CommitLimit:     2171488 kB
Committed_AS:   108732172 kB
VmallocTotal:   251658176 kB
VmallocUsed:      130968 kB
VmallocChunk:   251456044 kB
Time pass: 269 sec

---2015-10-25 15:24:01
MemTotal:        2899420 kB
MemFree:           95152 kB
Buffers:           68252 kB
Cached:           724532 kB
SwapCached:         1392 kB
Active:          1422388 kB
Inactive:         558472 kB
Active(anon):     963548 kB
Inactive(anon):   240008 kB
Active(file):     458840 kB
Inactive(file):   318464 kB
Unevictable:       13556 kB
Mlocked:               0 kB
SwapTotal:        721780 kB
SwapFree:         644920 kB
Dirty:                 0 kB
Writeback:             0 kB
AnonPages:       1200608 kB
Mapped:           486040 kB
Shmem:              1924 kB
Slab:             102448 kB
SReclaimable:      33640 kB
SUnreclaim:        68808 kB
KernelStack:       39616 kB
PageTables:        47968 kB
NFS_Unstable:          0 kB
Bounce:                0 kB
WritebackTmp:          0 kB
CommitLimit:     2171488 kB
Committed_AS:   108732164 kB
VmallocTotal:   251658176 kB
VmallocUsed:      130968 kB
VmallocChunk:   251456044 kB
Time pass: 273 sec

---2015-10-25 15:24:01
MemTotal:        2899420 kB
MemFree:           94848 kB
Buffers:           68252 kB
Cached:           724532 kB
SwapCached:         1392 kB
Active:          1422240 kB
Inactive:         558472 kB
Active(anon):     963400 kB
Inactive(anon):   240008 kB
Active(file):     458840 kB
Inactive(file):   318464 kB
Unevictable:       13556 kB
Mlocked:               0 kB
SwapTotal:        721780 kB
SwapFree:         644920 kB
Dirty:                 0 kB
Writeback:             0 kB
AnonPages:       1200468 kB
Mapped:           486036 kB
Shmem:              1924 kB
Slab:             102444 kB
SReclaimable:      33640 kB
SUnreclaim:        68804 kB
KernelStack:       39616 kB
PageTables:        47980 kB
NFS_Unstable:          0 kB
Bounce:                0 kB
WritebackTmp:          0 kB
CommitLimit:     2171488 kB
Committed_AS:   108732164 kB
VmallocTotal:   251658176 kB
VmallocUsed:      130968 kB
VmallocChunk:   251456044 kB
Time pass: 276 sec

---2015-10-25 15:24:01
MemTotal:        2899420 kB
MemFree:           94248 kB
Buffers:           68264 kB
Cached:           724532 kB
SwapCached:         1392 kB
Active:          1422916 kB
Inactive:         558484 kB
Active(anon):     964076 kB
Inactive(anon):   240008 kB
Active(file):     458840 kB
Inactive(file):   318476 kB
Unevictable:       13556 kB
Mlocked:               0 kB
SwapTotal:        721780 kB
SwapFree:         644920 kB
Dirty:                44 kB
Writeback:             0 kB
AnonPages:       1201052 kB
Mapped:           485956 kB
Shmem:              1924 kB
Slab:             102444 kB
SReclaimable:      33640 kB
SUnreclaim:        68804 kB
KernelStack:       39616 kB
PageTables:        47952 kB
NFS_Unstable:          0 kB
Bounce:                0 kB
WritebackTmp:          0 kB
CommitLimit:     2171488 kB
Committed_AS:   108732148 kB
VmallocTotal:   251658176 kB
VmallocUsed:      130968 kB
VmallocChunk:   251456044 kB
Time pass: 280 sec

---2015-10-25 15:24:01
MemTotal:        2899420 kB
MemFree:           94420 kB
Buffers:           68264 kB
Cached:           724532 kB
SwapCached:         1392 kB
Active:          1422836 kB
Inactive:         558484 kB
Active(anon):     963996 kB
Inactive(anon):   240008 kB
Active(file):     458840 kB
Inactive(file):   318476 kB
Unevictable:       13556 kB
Mlocked:               0 kB
SwapTotal:        721780 kB
SwapFree:         644920 kB
Dirty:                44 kB
Writeback:             0 kB
AnonPages:       1201092 kB
Mapped:           485952 kB
Shmem:              1924 kB
Slab:             102588 kB
SReclaimable:      33640 kB
SUnreclaim:        68948 kB
KernelStack:       39616 kB
PageTables:        47952 kB
NFS_Unstable:          0 kB
Bounce:                0 kB
WritebackTmp:          0 kB
CommitLimit:     2171488 kB
Committed_AS:   108732156 kB
VmallocTotal:   251658176 kB
VmallocUsed:      130968 kB
VmallocChunk:   251456044 kB
Time pass: 284 sec

---2015-10-25 15:24:01
MemTotal:        2899420 kB
MemFree:           94768 kB
Buffers:           68268 kB
Cached:           724532 kB
SwapCached:         1392 kB
Active:          1422712 kB
Inactive:         558484 kB
Active(anon):     963868 kB
Inactive(anon):   240008 kB
Active(file):     458844 kB
Inactive(file):   318476 kB
Unevictable:       13556 kB
Mlocked:               0 kB
SwapTotal:        721780 kB
SwapFree:         644920 kB
Dirty:                28 kB
Writeback:             0 kB
AnonPages:       1200976 kB
Mapped:           485952 kB
Shmem:              1924 kB
Slab:             102440 kB
SReclaimable:      33640 kB
SUnreclaim:        68800 kB
KernelStack:       39616 kB
PageTables:        47952 kB
NFS_Unstable:          0 kB
Bounce:                0 kB
WritebackTmp:          0 kB
CommitLimit:     2171488 kB
Committed_AS:   108736260 kB
VmallocTotal:   251658176 kB
VmallocUsed:      130968 kB
VmallocChunk:   251456044 kB
Time pass: 288 sec

---2015-10-25 15:24:01
MemTotal:        2899420 kB
MemFree:           94492 kB
Buffers:           68268 kB
Cached:           724532 kB
SwapCached:         1392 kB
Active:          1422920 kB
Inactive:         558484 kB
Active(anon):     964076 kB
Inactive(anon):   240008 kB
Active(file):     458844 kB
Inactive(file):   318476 kB
Unevictable:       13556 kB
Mlocked:               0 kB
SwapTotal:        721780 kB
SwapFree:         644920 kB
Dirty:                 0 kB
Writeback:             0 kB
AnonPages:       1201100 kB
Mapped:           485816 kB
Shmem:              1924 kB
Slab:             102440 kB
SReclaimable:      33640 kB
SUnreclaim:        68800 kB
KernelStack:       39616 kB
PageTables:        47976 kB
NFS_Unstable:          0 kB
Bounce:                0 kB
WritebackTmp:          0 kB
CommitLimit:     2171488 kB
Committed_AS:   108736268 kB
VmallocTotal:   251658176 kB
VmallocUsed:      130968 kB
VmallocChunk:   251456044 kB
Time pass: 291 sec

---2015-10-25 15:24:01
MemTotal:        2899420 kB
MemFree:           93296 kB
Buffers:           68284 kB
Cached:           724516 kB
SwapCached:         1392 kB
Active:          1424160 kB
Inactive:         558484 kB
Active(anon):     965316 kB
Inactive(anon):   240008 kB
Active(file):     458844 kB
Inactive(file):   318476 kB
Unevictable:       13556 kB
Mlocked:               0 kB
SwapTotal:        721780 kB
SwapFree:         644920 kB
Dirty:                44 kB
Writeback:             0 kB
AnonPages:       1202140 kB
Mapped:           485956 kB
Shmem:              1924 kB
Slab:             102468 kB
SReclaimable:      33640 kB
SUnreclaim:        68828 kB
KernelStack:       39616 kB
PageTables:        47972 kB
NFS_Unstable:          0 kB
Bounce:                0 kB
WritebackTmp:          0 kB
CommitLimit:     2171488 kB
Committed_AS:   108736260 kB
VmallocTotal:   251658176 kB
VmallocUsed:      130968 kB
VmallocChunk:   251456044 kB
Time pass: 295 sec

---2015-10-25 15:24:01
MemTotal:        2899420 kB
MemFree:           93024 kB
Buffers:           68284 kB
Cached:           724532 kB
SwapCached:         1392 kB
Active:          1424316 kB
Inactive:         558500 kB
Active(anon):     965472 kB
Inactive(anon):   240008 kB
Active(file):     458844 kB
Inactive(file):   318492 kB
Unevictable:       13556 kB
Mlocked:               0 kB
SwapTotal:        721780 kB
SwapFree:         644920 kB
Dirty:                44 kB
Writeback:             0 kB
AnonPages:       1202264 kB
Mapped:           485952 kB
Shmem:              1924 kB
Slab:             102436 kB
SReclaimable:      33640 kB
SUnreclaim:        68796 kB
KernelStack:       39616 kB
PageTables:        47956 kB
NFS_Unstable:          0 kB
Bounce:                0 kB
WritebackTmp:          0 kB
CommitLimit:     2171488 kB
Committed_AS:   108736244 kB
VmallocTotal:   251658176 kB
VmallocUsed:      130968 kB
VmallocChunk:   251456044 kB
Time pass: 299 sec

---2015-10-25 15:24:01
MemTotal:        2899420 kB
MemFree:           92836 kB
Buffers:           68300 kB
Cached:           724532 kB
SwapCached:         1392 kB
Active:          1425368 kB
Inactive:         558496 kB
Active(anon):     966504 kB
Inactive(anon):   240008 kB
Active(file):     458864 kB
Inactive(file):   318488 kB
Unevictable:       13556 kB
Mlocked:               0 kB
SwapTotal:        721780 kB
SwapFree:         644920 kB
Dirty:                92 kB
Writeback:             0 kB
AnonPages:       1203444 kB
Mapped:           485952 kB
Shmem:              1924 kB
Slab:             102480 kB
SReclaimable:      33640 kB
SUnreclaim:        68840 kB
KernelStack:       39648 kB
PageTables:        47952 kB
NFS_Unstable:          0 kB
Bounce:                0 kB
WritebackTmp:          0 kB
CommitLimit:     2171488 kB
Committed_AS:   108736348 kB
VmallocTotal:   251658176 kB
VmallocUsed:      130968 kB
VmallocChunk:   251456044 kB
Time pass: 303 sec

---2015-10-25 15:24:01
MemTotal:        2899420 kB
MemFree:           92516 kB
Buffers:           68308 kB
Cached:           724528 kB
SwapCached:         1392 kB
Active:          1425024 kB
Inactive:         558496 kB
Active(anon):     966160 kB
Inactive(anon):   240008 kB
Active(file):     458864 kB
Inactive(file):   318488 kB
Unevictable:       13556 kB
Mlocked:               0 kB
SwapTotal:        721780 kB
SwapFree:         644920 kB
Dirty:                40 kB
Writeback:             0 kB
AnonPages:       1203164 kB
Mapped:           485952 kB
Shmem:              1924 kB
Slab:             102440 kB
SReclaimable:      33640 kB
SUnreclaim:        68800 kB
KernelStack:       39632 kB
PageTables:        47960 kB
NFS_Unstable:          0 kB
Bounce:                0 kB
WritebackTmp:          0 kB
CommitLimit:     2171488 kB
Committed_AS:   108736284 kB
VmallocTotal:   251658176 kB
VmallocUsed:      130968 kB
VmallocChunk:   251456044 kB
Time pass: 306 sec

---2015-10-25 15:24:01
MemTotal:        2899420 kB
MemFree:           92720 kB
Buffers:           68308 kB
Cached:           724532 kB
SwapCached:         1392 kB
Active:          1425056 kB
Inactive:         558504 kB
Active(anon):     966192 kB
Inactive(anon):   240008 kB
Active(file):     458864 kB
Inactive(file):   318496 kB
Unevictable:       13556 kB
Mlocked:               0 kB
SwapTotal:        721780 kB
SwapFree:         644920 kB
Dirty:                40 kB
Writeback:             0 kB
AnonPages:       1203304 kB
Mapped:           485952 kB
Shmem:              1924 kB
Slab:             102444 kB
SReclaimable:      33640 kB
SUnreclaim:        68804 kB
KernelStack:       39632 kB
PageTables:        47952 kB
NFS_Unstable:          0 kB
Bounce:                0 kB
WritebackTmp:          0 kB
CommitLimit:     2171488 kB
Committed_AS:   108736292 kB
VmallocTotal:   251658176 kB
VmallocUsed:      130968 kB
VmallocChunk:   251456044 kB
Time pass: 310 sec

---2015-10-25 15:24:01
MemTotal:        2899420 kB
MemFree:           92208 kB
Buffers:           68308 kB
Cached:           724532 kB
SwapCached:         1392 kB
Active:          1425204 kB
Inactive:         558504 kB
Active(anon):     966340 kB
Inactive(anon):   240008 kB
Active(file):     458864 kB
Inactive(file):   318496 kB
Unevictable:       13556 kB
Mlocked:               0 kB
SwapTotal:        721780 kB
SwapFree:         644920 kB
Dirty:                 0 kB
Writeback:             0 kB
AnonPages:       1203288 kB
Mapped:           485996 kB
Shmem:              1924 kB
Slab:             102448 kB
SReclaimable:      33640 kB
SUnreclaim:        68808 kB
KernelStack:       39632 kB
PageTables:        47988 kB
NFS_Unstable:          0 kB
Bounce:                0 kB
WritebackTmp:          0 kB
CommitLimit:     2171488 kB
Committed_AS:   108736284 kB
VmallocTotal:   251658176 kB
VmallocUsed:      130968 kB
VmallocChunk:   251456044 kB
Time pass: 314 sec

---2015-10-25 15:24:01
MemTotal:        2899420 kB
MemFree:           91896 kB
Buffers:           68320 kB
Cached:           724532 kB
SwapCached:         1392 kB
Active:          1425804 kB
Inactive:         558512 kB
Active(anon):     966936 kB
Inactive(anon):   240008 kB
Active(file):     458868 kB
Inactive(file):   318504 kB
Unevictable:       13556 kB
Mlocked:               0 kB
SwapTotal:        721780 kB
SwapFree:         644920 kB
Dirty:                44 kB
Writeback:             0 kB
AnonPages:       1203632 kB
Mapped:           485952 kB
Shmem:              1924 kB
Slab:             102440 kB
SReclaimable:      33640 kB
SUnreclaim:        68800 kB
KernelStack:       39632 kB
PageTables:        47960 kB
NFS_Unstable:          0 kB
Bounce:                0 kB
WritebackTmp:          0 kB
CommitLimit:     2171488 kB
Committed_AS:   108736284 kB
VmallocTotal:   251658176 kB
VmallocUsed:      130968 kB
VmallocChunk:   251456044 kB
Time pass: 318 sec

---2015-10-25 15:24:01
MemTotal:        2899420 kB
MemFree:           91848 kB
Buffers:           68328 kB
Cached:           724532 kB
SwapCached:         1392 kB
Active:          1425944 kB
Inactive:         558520 kB
Active(anon):     967076 kB
Inactive(anon):   240008 kB
Active(file):     458868 kB
Inactive(file):   318512 kB
Unevictable:       13556 kB
Mlocked:               0 kB
SwapTotal:        721780 kB
SwapFree:         644920 kB
Dirty:                28 kB
Writeback:             0 kB
AnonPages:       1204116 kB
Mapped:           485952 kB
Shmem:              1924 kB
Slab:             102440 kB
SReclaimable:      33640 kB
SUnreclaim:        68800 kB
KernelStack:       39632 kB
PageTables:        47956 kB
NFS_Unstable:          0 kB
Bounce:                0 kB
WritebackTmp:          0 kB
CommitLimit:     2171488 kB
Committed_AS:   108736292 kB
VmallocTotal:   251658176 kB
VmallocUsed:      130968 kB
VmallocChunk:   251456044 kB
Time pass: 322 sec

---2015-10-25 15:24:01
MemTotal:        2899420 kB
MemFree:           90820 kB
Buffers:           68416 kB
Cached:           724552 kB
SwapCached:         1392 kB
Active:          1427016 kB
Inactive:         558576 kB
Active(anon):     968096 kB
Inactive(anon):   240008 kB
Active(file):     458920 kB
Inactive(file):   318568 kB
Unevictable:       13556 kB
Mlocked:               0 kB
SwapTotal:        721780 kB
SwapFree:         644920 kB
Dirty:                76 kB
Writeback:             4 kB
AnonPages:       1205208 kB
Mapped:           485960 kB
Shmem:              1924 kB
Slab:             102380 kB
SReclaimable:      33576 kB
SUnreclaim:        68804 kB
KernelStack:       39616 kB
PageTables:        48024 kB
NFS_Unstable:          0 kB
Bounce:                0 kB
WritebackTmp:          0 kB
CommitLimit:     2171488 kB
Committed_AS:   108736284 kB
VmallocTotal:   251658176 kB
VmallocUsed:      130968 kB
VmallocChunk:   251456044 kB
Time pass: 325 sec

---2015-10-25 15:24:01
MemTotal:        2899420 kB
MemFree:           88864 kB
Buffers:           68416 kB
Cached:           724552 kB
SwapCached:         1392 kB
Active:          1427456 kB
Inactive:         558576 kB
Active(anon):     968536 kB
Inactive(anon):   240008 kB
Active(file):     458920 kB
Inactive(file):   318568 kB
Unevictable:       13556 kB
Mlocked:               0 kB
SwapTotal:        721780 kB
SwapFree:         644920 kB
Dirty:                 0 kB
Writeback:             4 kB
AnonPages:       1205716 kB
Mapped:           486004 kB
Shmem:              1924 kB
Slab:             102416 kB
SReclaimable:      33576 kB
SUnreclaim:        68840 kB
KernelStack:       39648 kB
PageTables:        47996 kB
NFS_Unstable:          0 kB
Bounce:                0 kB
WritebackTmp:          0 kB
CommitLimit:     2171488 kB
Committed_AS:   108736340 kB
VmallocTotal:   251658176 kB
VmallocUsed:      130980 kB
VmallocChunk:   251456044 kB
Time pass: 329 sec

---2015-10-25 15:24:01
MemTotal:        2899420 kB
MemFree:           88840 kB
Buffers:           68428 kB
Cached:           724552 kB
SwapCached:         1392 kB
Active:          1427720 kB
Inactive:         558588 kB
Active(anon):     968800 kB
Inactive(anon):   240008 kB
Active(file):     458920 kB
Inactive(file):   318580 kB
Unevictable:       13556 kB
Mlocked:               0 kB
SwapTotal:        721780 kB
SwapFree:         644920 kB
Dirty:                72 kB
Writeback:             4 kB
AnonPages:       1205808 kB
Mapped:           485972 kB
Shmem:              1924 kB
Slab:             102380 kB
SReclaimable:      33576 kB
SUnreclaim:        68804 kB
KernelStack:       39632 kB
PageTables:        48016 kB
NFS_Unstable:          0 kB
Bounce:                0 kB
WritebackTmp:          0 kB
CommitLimit:     2171488 kB
Committed_AS:   108736348 kB
VmallocTotal:   251658176 kB
VmallocUsed:      130980 kB
VmallocChunk:   251456044 kB
Time pass: 333 sec

---2015-10-25 15:24:01
MemTotal:        2899420 kB
MemFree:           88812 kB
Buffers:           68428 kB
Cached:           724552 kB
SwapCached:         1392 kB
Active:          1427632 kB
Inactive:         558588 kB
Active(anon):     968712 kB
Inactive(anon):   240008 kB
Active(file):     458920 kB
Inactive(file):   318580 kB
Unevictable:       13556 kB
Mlocked:               0 kB
SwapTotal:        721780 kB
SwapFree:         644920 kB
Dirty:                 0 kB
Writeback:             4 kB
AnonPages:       1205668 kB
Mapped:           485972 kB
Shmem:              1924 kB
Slab:             102380 kB
SReclaimable:      33576 kB
SUnreclaim:        68804 kB
KernelStack:       39632 kB
PageTables:        48020 kB
NFS_Unstable:          0 kB
Bounce:                0 kB
WritebackTmp:          0 kB
CommitLimit:     2171488 kB
Committed_AS:   108736316 kB
VmallocTotal:   251658176 kB
VmallocUsed:      130980 kB
VmallocChunk:   251456044 kB
Time pass: 337 sec

---2015-10-25 15:24:01
MemTotal:        2899420 kB
MemFree:           88196 kB
Buffers:           68428 kB
Cached:           724552 kB
SwapCached:         1392 kB
Active:          1428268 kB
Inactive:         558584 kB
Active(anon):     969344 kB
Inactive(anon):   240008 kB
Active(file):     458924 kB
Inactive(file):   318576 kB
Unevictable:       13556 kB
Mlocked:               0 kB
SwapTotal:        721780 kB
SwapFree:         644920 kB
Dirty:                32 kB
Writeback:             4 kB
AnonPages:       1206540 kB
Mapped:           485972 kB
Shmem:              1924 kB
Slab:             102380 kB
SReclaimable:      33576 kB
SUnreclaim:        68804 kB
KernelStack:       39632 kB
PageTables:        48024 kB
NFS_Unstable:          0 kB
Bounce:                0 kB
WritebackTmp:          0 kB
CommitLimit:     2171488 kB
Committed_AS:   108736340 kB
VmallocTotal:   251658176 kB
VmallocUsed:      130980 kB
VmallocChunk:   251456044 kB
Time pass: 341 sec

---2015-10-25 15:24:01
MemTotal:        2899420 kB
MemFree:           87736 kB
Buffers:           68428 kB
Cached:           724552 kB
SwapCached:         1392 kB
Active:          1428120 kB
Inactive:         558572 kB
Active(anon):     969184 kB
Inactive(anon):   240008 kB
Active(file):     458936 kB
Inactive(file):   318564 kB
Unevictable:       13556 kB
Mlocked:               0 kB
SwapTotal:        721780 kB
SwapFree:         644920 kB
Dirty:                 8 kB
Writeback:             4 kB
AnonPages:       1206412 kB
Mapped:           485980 kB
Shmem:              1924 kB
Slab:             102404 kB
SReclaimable:      33576 kB
SUnreclaim:        68828 kB
KernelStack:       39632 kB
PageTables:        48024 kB
NFS_Unstable:          0 kB
Bounce:                0 kB
WritebackTmp:          0 kB
CommitLimit:     2171488 kB
Committed_AS:   108736340 kB
VmallocTotal:   251658176 kB
VmallocUsed:      130980 kB
VmallocChunk:   251456044 kB
Time pass: 345 sec

---2015-10-25 15:24:01
MemTotal:        2899420 kB
MemFree:           88148 kB
Buffers:           68436 kB
Cached:           724552 kB
SwapCached:         1392 kB
Active:          1428708 kB
Inactive:         558572 kB
Active(anon):     969764 kB
Inactive(anon):   240008 kB
Active(file):     458944 kB
Inactive(file):   318564 kB
Unevictable:       13556 kB
Mlocked:               0 kB
SwapTotal:        721780 kB
SwapFree:         644920 kB
Dirty:                36 kB
Writeback:             4 kB
AnonPages:       1206724 kB
Mapped:           485980 kB
Shmem:              1924 kB
Slab:             102404 kB
SReclaimable:      33576 kB
SUnreclaim:        68828 kB
KernelStack:       39632 kB
PageTables:        48020 kB
NFS_Unstable:          0 kB
Bounce:                0 kB
WritebackTmp:          0 kB
CommitLimit:     2171488 kB
Committed_AS:   108736332 kB
VmallocTotal:   251658176 kB
VmallocUsed:      130980 kB
VmallocChunk:   251456044 kB
Time pass: 349 sec

---2015-10-25 15:24:01
MemTotal:        2899420 kB
MemFree:           87272 kB
Buffers:           68440 kB
Cached:           724552 kB
SwapCached:         1392 kB
Active:          1429136 kB
Inactive:         558560 kB
Active(anon):     970176 kB
Inactive(anon):   240008 kB
Active(file):     458960 kB
Inactive(file):   318552 kB
Unevictable:       13556 kB
Mlocked:               0 kB
SwapTotal:        721780 kB
SwapFree:         644920 kB
Dirty:                12 kB
Writeback:             4 kB
AnonPages:       1207116 kB
Mapped:           485996 kB
Shmem:              1924 kB
Slab:             102460 kB
SReclaimable:      33576 kB
SUnreclaim:        68884 kB
KernelStack:       39632 kB
PageTables:        48020 kB
NFS_Unstable:          0 kB
Bounce:                0 kB
WritebackTmp:          0 kB
CommitLimit:     2171488 kB
Committed_AS:   108736332 kB
VmallocTotal:   251658176 kB
VmallocUsed:      130980 kB
VmallocChunk:   251456044 kB
Time pass: 353 sec

---2015-10-25 15:24:01
MemTotal:        2899420 kB
MemFree:           87184 kB
Buffers:           68448 kB
Cached:           724548 kB
SwapCached:         1392 kB
Active:          1429336 kB
Inactive:         558556 kB
Active(anon):     970372 kB
Inactive(anon):   240008 kB
Active(file):     458964 kB
Inactive(file):   318548 kB
Unevictable:       13556 kB
Mlocked:               0 kB
SwapTotal:        721780 kB
SwapFree:         644920 kB
Dirty:                44 kB
Writeback:             4 kB
AnonPages:       1207340 kB
Mapped:           485996 kB
Shmem:              1924 kB
Slab:             102408 kB
SReclaimable:      33576 kB
SUnreclaim:        68832 kB
KernelStack:       39632 kB
PageTables:        48024 kB
NFS_Unstable:          0 kB
Bounce:                0 kB
WritebackTmp:          0 kB
CommitLimit:     2171488 kB
Committed_AS:   108736340 kB
VmallocTotal:   251658176 kB
VmallocUsed:      130980 kB
VmallocChunk:   251456044 kB
Time pass: 357 sec

---2015-10-25 15:24:01
MemTotal:        2899420 kB
MemFree:           86956 kB
Buffers:           68448 kB
Cached:           724552 kB
SwapCached:         1392 kB
Active:          1429180 kB
Inactive:         558564 kB
Active(anon):     970216 kB
Inactive(anon):   240008 kB
Active(file):     458964 kB
Inactive(file):   318556 kB
Unevictable:       13556 kB
Mlocked:               0 kB
SwapTotal:        721780 kB
SwapFree:         644920 kB
Dirty:                32 kB
Writeback:             4 kB
AnonPages:       1207364 kB
Mapped:           485996 kB
Shmem:              1924 kB
Slab:             102404 kB
SReclaimable:      33576 kB
SUnreclaim:        68828 kB
KernelStack:       39632 kB
PageTables:        48016 kB
NFS_Unstable:          0 kB
Bounce:                0 kB
WritebackTmp:          0 kB
CommitLimit:     2171488 kB
Committed_AS:   108736324 kB
VmallocTotal:   251658176 kB
VmallocUsed:      130980 kB
VmallocChunk:   251456044 kB
Time pass: 360 sec

---2015-10-25 15:24:01
MemTotal:        2899420 kB
MemFree:           86544 kB
Buffers:           68448 kB
Cached:           724552 kB
SwapCached:         1392 kB
Active:          1430060 kB
Inactive:         558564 kB
Active(anon):     971096 kB
Inactive(anon):   240008 kB
Active(file):     458964 kB
Inactive(file):   318556 kB
Unevictable:       13556 kB
Mlocked:               0 kB
SwapTotal:        721780 kB
SwapFree:         644920 kB
Dirty:                 0 kB
Writeback:             4 kB
AnonPages:       1208344 kB
Mapped:           485996 kB
Shmem:              1924 kB
Slab:             102544 kB
SReclaimable:      33576 kB
SUnreclaim:        68968 kB
KernelStack:       39616 kB
PageTables:        48016 kB
NFS_Unstable:          0 kB
Bounce:                0 kB
WritebackTmp:          0 kB
CommitLimit:     2171488 kB
Committed_AS:   108736340 kB
VmallocTotal:   251658176 kB
VmallocUsed:      130980 kB
VmallocChunk:   251456044 kB
Time pass: 364 sec

---2015-10-25 15:24:01
MemTotal:        2899420 kB
MemFree:           86024 kB
Buffers:           68460 kB
Cached:           724552 kB
SwapCached:         1392 kB
Active:          1430332 kB
Inactive:         558564 kB
Active(anon):     971356 kB
Inactive(anon):   240008 kB
Active(file):     458976 kB
Inactive(file):   318556 kB
Unevictable:       13556 kB
Mlocked:               0 kB
SwapTotal:        721780 kB
SwapFree:         644920 kB
Dirty:               100 kB
Writeback:             4 kB
AnonPages:       1208360 kB
Mapped:           486008 kB
Shmem:              1924 kB
Slab:             102408 kB
SReclaimable:      33576 kB
SUnreclaim:        68832 kB
KernelStack:       39616 kB
PageTables:        48020 kB
NFS_Unstable:          0 kB
Bounce:                0 kB
WritebackTmp:          0 kB
CommitLimit:     2171488 kB
Committed_AS:   108736340 kB
VmallocTotal:   251658176 kB
VmallocUsed:      130980 kB
VmallocChunk:   251456044 kB
Time pass: 368 sec

---2015-10-25 15:24:01
MemTotal:        2899420 kB
MemFree:           85976 kB
Buffers:           68460 kB
Cached:           724552 kB
SwapCached:         1392 kB
Active:          1430984 kB
Inactive:         558564 kB
Active(anon):     972008 kB
Inactive(anon):   240008 kB
Active(file):     458976 kB
Inactive(file):   318556 kB
Unevictable:       13556 kB
Mlocked:               0 kB
SwapTotal:        721780 kB
SwapFree:         644920 kB
Dirty:                 0 kB
Writeback:             4 kB
AnonPages:       1208996 kB
Mapped:           486024 kB
Shmem:              1924 kB
Slab:             102396 kB
SReclaimable:      33576 kB
SUnreclaim:        68820 kB
KernelStack:       39632 kB
PageTables:        48024 kB
NFS_Unstable:          0 kB
Bounce:                0 kB
WritebackTmp:          0 kB
CommitLimit:     2171488 kB
Committed_AS:   108736316 kB
VmallocTotal:   251658176 kB
VmallocUsed:      130980 kB
VmallocChunk:   251456044 kB
Time pass: 372 sec

---2015-10-25 15:24:01
MemTotal:        2899420 kB
MemFree:           85096 kB
Buffers:           68484 kB
Cached:           724552 kB
SwapCached:         1392 kB
Active:          1430736 kB
Inactive:         558584 kB
Active(anon):     971760 kB
Inactive(anon):   240004 kB
Active(file):     458976 kB
Inactive(file):   318580 kB
Unevictable:       13556 kB
Mlocked:               0 kB
SwapTotal:        721780 kB
SwapFree:         644920 kB
Dirty:                56 kB
Writeback:             0 kB
AnonPages:       1208896 kB
Mapped:           486024 kB
Shmem:              1924 kB
Slab:             102416 kB
SReclaimable:      33576 kB
SUnreclaim:        68840 kB
KernelStack:       39632 kB
PageTables:        47956 kB
NFS_Unstable:          0 kB
Bounce:                0 kB
WritebackTmp:          0 kB
CommitLimit:     2171488 kB
Committed_AS:   108736300 kB
VmallocTotal:   251658176 kB
VmallocUsed:      130980 kB
VmallocChunk:   251456044 kB
Time pass: 375 sec

---2015-10-25 15:24:01
MemTotal:        2899420 kB
MemFree:           85412 kB
Buffers:           68484 kB
Cached:           724552 kB
SwapCached:         1392 kB
Active:          1430920 kB
Inactive:         558584 kB
Active(anon):     971944 kB
Inactive(anon):   240004 kB
Active(file):     458976 kB
Inactive(file):   318580 kB
Unevictable:       13556 kB
Mlocked:               0 kB
SwapTotal:        721780 kB
SwapFree:         644920 kB
Dirty:                 0 kB
Writeback:             0 kB
AnonPages:       1209204 kB
Mapped:           486112 kB
Shmem:              1924 kB
Slab:             102416 kB
SReclaimable:      33576 kB
SUnreclaim:        68840 kB
KernelStack:       39632 kB
PageTables:        47980 kB
NFS_Unstable:          0 kB
Bounce:                0 kB
WritebackTmp:          0 kB
CommitLimit:     2171488 kB
Committed_AS:   108736292 kB
VmallocTotal:   251658176 kB
VmallocUsed:      130980 kB
VmallocChunk:   251456044 kB
Time pass: 379 sec

---2015-10-25 15:24:01
MemTotal:        2899420 kB
MemFree:           84952 kB
Buffers:           68488 kB
Cached:           724552 kB
SwapCached:         1392 kB
Active:          1431476 kB
Inactive:         558584 kB
Active(anon):     972496 kB
Inactive(anon):   240004 kB
Active(file):     458980 kB
Inactive(file):   318580 kB
Unevictable:       13556 kB
Mlocked:               0 kB
SwapTotal:        721780 kB
SwapFree:         644920 kB
Dirty:                28 kB
Writeback:             0 kB
AnonPages:       1209496 kB
Mapped:           486116 kB
Shmem:              1924 kB
Slab:             102404 kB
SReclaimable:      33576 kB
SUnreclaim:        68828 kB
KernelStack:       39632 kB
PageTables:        47984 kB
NFS_Unstable:          0 kB
Bounce:                0 kB
WritebackTmp:          0 kB
CommitLimit:     2171488 kB
Committed_AS:   108736292 kB
VmallocTotal:   251658176 kB
VmallocUsed:      130980 kB
VmallocChunk:   251456044 kB
Time pass: 383 sec

---2015-10-25 15:24:01
MemTotal:        2899420 kB
MemFree:           84588 kB
Buffers:           68504 kB
Cached:           724536 kB
SwapCached:         1392 kB
Active:          1431956 kB
Inactive:         558584 kB
Active(anon):     972976 kB
Inactive(anon):   240004 kB
Active(file):     458980 kB
Inactive(file):   318580 kB
Unevictable:       13556 kB
Mlocked:               0 kB
SwapTotal:        721780 kB
SwapFree:         644920 kB
Dirty:                 0 kB
Writeback:             0 kB
AnonPages:       1210152 kB
Mapped:           486128 kB
Shmem:              1924 kB
Slab:             102404 kB
SReclaimable:      33576 kB
SUnreclaim:        68828 kB
KernelStack:       39632 kB
PageTables:        47984 kB
NFS_Unstable:          0 kB
Bounce:                0 kB
WritebackTmp:          0 kB
CommitLimit:     2171488 kB
Committed_AS:   108736292 kB
VmallocTotal:   251658176 kB
VmallocUsed:      130980 kB
VmallocChunk:   251456044 kB
Time pass: 387 sec

---2015-10-25 15:24:01
MemTotal:        2899420 kB
MemFree:           84272 kB
Buffers:           68504 kB
Cached:           724552 kB
SwapCached:         1392 kB
Active:          1432088 kB
Inactive:         558600 kB
Active(anon):     973108 kB
Inactive(anon):   240004 kB
Active(file):     458980 kB
Inactive(file):   318596 kB
Unevictable:       13556 kB
Mlocked:               0 kB
SwapTotal:        721780 kB
SwapFree:         644920 kB
Dirty:                40 kB
Writeback:             0 kB
AnonPages:       1210164 kB
Mapped:           486240 kB
Shmem:              1924 kB
Slab:             102404 kB
SReclaimable:      33576 kB
SUnreclaim:        68828 kB
KernelStack:       39616 kB
PageTables:        48016 kB
NFS_Unstable:          0 kB
Bounce:                0 kB
WritebackTmp:          0 kB
CommitLimit:     2171488 kB
Committed_AS:   108736308 kB
VmallocTotal:   251658176 kB
VmallocUsed:      130980 kB
VmallocChunk:   251456044 kB
Time pass: 390 sec

---2015-10-25 15:24:01
MemTotal:        2899420 kB
MemFree:           84508 kB
Buffers:           68508 kB
