---2015-10-26 12:50:36
MemTotal:        1745540 kB
MemFree:          191532 kB
Buffers:            8700 kB
Cached:           381852 kB
SwapCached:        37372 kB
Active:           437504 kB
Inactive:         566432 kB
Active(anon):     270384 kB
Inactive(anon):   348640 kB
Active(file):     167120 kB
Inactive(file):   217792 kB
Unevictable:        3816 kB
Mlocked:               0 kB
HighTotal:       1217536 kB
HighFree:          97236 kB
LowTotal:         528004 kB
LowFree:           94296 kB
SwapTotal:       1310716 kB
SwapFree:         630184 kB
Dirty:                 0 kB
Writeback:             0 kB
AnonPages:        591940 kB
Mapped:           160188 kB
Shmem:              1824 kB
Slab:              63056 kB
SReclaimable:      16032 kB
SUnreclaim:        47024 kB
KernelStack:       15304 kB
PageTables:        51880 kB
NFS_Unstable:          0 kB
Bounce:                0 kB
WritebackTmp:          0 kB
CommitLimit:     2183484 kB
Committed_AS:   123980108 kB
VmallocTotal:     311296 kB
VmallocUsed:       22524 kB
VmallocChunk:     151564 kB
Time pass: 3 sec

---2015-10-26 12:50:36
MemTotal:        1745540 kB
MemFree:          191384 kB
Buffers:            8708 kB
Cached:           381852 kB
SwapCached:        37372 kB
Active:           437596 kB
Inactive:         566432 kB
Active(anon):     270476 kB
Inactive(anon):   348640 kB
Active(file):     167120 kB
Inactive(file):   217792 kB
Unevictable:        3816 kB
Mlocked:               0 kB
HighTotal:       1217536 kB
HighFree:          96892 kB
LowTotal:         528004 kB
LowFree:           94492 kB
SwapTotal:       1310716 kB
SwapFree:         630184 kB
Dirty:                 4 kB
Writeback:             0 kB
AnonPages:        592124 kB
Mapped:           160192 kB
Shmem:              1824 kB
Slab:              62976 kB
SReclaimable:      16024 kB
SUnreclaim:        46952 kB
KernelStack:       15304 kB
PageTables:        51880 kB
NFS_Unstable:          0 kB
Bounce:                0 kB
WritebackTmp:          0 kB
CommitLimit:     2183484 kB
Committed_AS:   123980188 kB
VmallocTotal:     311296 kB
VmallocUsed:       22524 kB
VmallocChunk:     151564 kB
Time pass: 7 sec

---2015-10-26 12:50:36
MemTotal:        1745540 kB
MemFree:          191480 kB
Buffers:            8708 kB
Cached:           381852 kB
SwapCached:        37372 kB
Active:           437788 kB
Inactive:         566440 kB
Active(anon):     270668 kB
Inactive(anon):   348640 kB
Active(file):     167120 kB
Inactive(file):   217800 kB
Unevictable:        3816 kB
Mlocked:               0 kB
HighTotal:       1217536 kB
HighFree:          96864 kB
LowTotal:         528004 kB
LowFree:           94616 kB
SwapTotal:       1310716 kB
SwapFree:         630184 kB
Dirty:                 4 kB
Writeback:             0 kB
AnonPages:        592252 kB
Mapped:           160192 kB
Shmem:              1824 kB
Slab:              62972 kB
SReclaimable:      16024 kB
SUnreclaim:        46948 kB
KernelStack:       15304 kB
PageTables:        51880 kB
NFS_Unstable:          0 kB
Bounce:                0 kB
WritebackTmp:          0 kB
CommitLimit:     2183484 kB
Committed_AS:   123980396 kB
VmallocTotal:     311296 kB
VmallocUsed:       22524 kB
VmallocChunk:     151564 kB
Time pass: 11 sec

---2015-10-26 12:50:36
MemTotal:        1745540 kB
MemFree:          191280 kB
Buffers:            8708 kB
Cached:           381852 kB
SwapCached:        37372 kB
Active:           438028 kB
Inactive:         566440 kB
Active(anon):     270908 kB
Inactive(anon):   348640 kB
Active(file):     167120 kB
Inactive(file):   217800 kB
Unevictable:        3816 kB
Mlocked:               0 kB
HighTotal:       1217536 kB
HighFree:          96672 kB
LowTotal:         528004 kB
LowFree:           94608 kB
SwapTotal:       1310716 kB
SwapFree:         630184 kB
Dirty:                 0 kB
Writeback:             0 kB
AnonPages:        592464 kB
Mapped:           160192 kB
Shmem:              1824 kB
Slab:              62972 kB
SReclaimable:      16024 kB
SUnreclaim:        46948 kB
KernelStack:       15312 kB
PageTables:        51880 kB
NFS_Unstable:          0 kB
Bounce:                0 kB
WritebackTmp:          0 kB
CommitLimit:     2183484 kB
Committed_AS:   123980508 kB
VmallocTotal:     311296 kB
VmallocUsed:       22524 kB
VmallocChunk:     151564 kB
Time pass: 14 sec

---2015-10-26 12:50:36
MemTotal:        1745540 kB
MemFree:          191140 kB
Buffers:            8708 kB
Cached:           381852 kB
SwapCached:        37372 kB
Active:           438220 kB
Inactive:         566440 kB
Active(anon):     271100 kB
Inactive(anon):   348640 kB
Active(file):     167120 kB
Inactive(file):   217800 kB
Unevictable:        3816 kB
Mlocked:               0 kB
HighTotal:       1217536 kB
HighFree:          96532 kB
LowTotal:         528004 kB
LowFree:           94608 kB
SwapTotal:       1310716 kB
SwapFree:         630184 kB
Dirty:                 0 kB
Writeback:             0 kB
AnonPages:        592564 kB
Mapped:           160192 kB
Shmem:              1824 kB
Slab:              62972 kB
SReclaimable:      16024 kB
SUnreclaim:        46948 kB
KernelStack:       15312 kB
PageTables:        51876 kB
NFS_Unstable:          0 kB
Bounce:                0 kB
WritebackTmp:          0 kB
CommitLimit:     2183484 kB
Committed_AS:   123980676 kB
VmallocTotal:     311296 kB
VmallocUsed:       22524 kB
VmallocChunk:     151564 kB
Time pass: 18 sec

---2015-10-26 12:50:36
MemTotal:        1745540 kB
MemFree:          190864 kB
Buffers:            8708 kB
Cached:           381852 kB
SwapCached:        37372 kB
Active:           438208 kB
Inactive:         566440 kB
Active(anon):     271088 kB
Inactive(anon):   348640 kB
Active(file):     167120 kB
Inactive(file):   217800 kB
Unevictable:        3816 kB
Mlocked:               0 kB
HighTotal:       1217536 kB
HighFree:          96380 kB
LowTotal:         528004 kB
LowFree:           94484 kB
SwapTotal:       1310716 kB
SwapFree:         630184 kB
Dirty:                 0 kB
Writeback:             0 kB
AnonPages:        592688 kB
Mapped:           160192 kB
Shmem:              1824 kB
Slab:              62972 kB
SReclaimable:      16024 kB
SUnreclaim:        46948 kB
KernelStack:       15312 kB
PageTables:        51876 kB
NFS_Unstable:          0 kB
Bounce:                0 kB
WritebackTmp:          0 kB
CommitLimit:     2183484 kB
Committed_AS:   123980796 kB
VmallocTotal:     311296 kB
VmallocUsed:       22524 kB
VmallocChunk:     151564 kB
Time pass: 22 sec

---2015-10-26 12:50:36
MemTotal:        1745540 kB
MemFree:          190812 kB
Buffers:            8708 kB
Cached:           381852 kB
SwapCached:        37372 kB
Active:           438296 kB
Inactive:         566440 kB
Active(anon):     271176 kB
Inactive(anon):   348640 kB
Active(file):     167120 kB
Inactive(file):   217800 kB
Unevictable:        3816 kB
Mlocked:               0 kB
HighTotal:       1217536 kB
HighFree:          96328 kB
LowTotal:         528004 kB
LowFree:           94484 kB
SwapTotal:       1310716 kB
SwapFree:         630184 kB
Dirty:                 0 kB
Writeback:             0 kB
AnonPages:        592796 kB
Mapped:           160192 kB
Shmem:              1824 kB
Slab:              62972 kB
SReclaimable:      16024 kB
SUnreclaim:        46948 kB
KernelStack:       15312 kB
PageTables:        51876 kB
NFS_Unstable:          0 kB
Bounce:                0 kB
WritebackTmp:          0 kB
CommitLimit:     2183484 kB
Committed_AS:   123980868 kB
VmallocTotal:     311296 kB
VmallocUsed:       22524 kB
VmallocChunk:     151564 kB
Time pass: 26 sec

---2015-10-26 12:50:36
MemTotal:        1745540 kB
MemFree:          190664 kB
Buffers:            8708 kB
Cached:           381852 kB
SwapCached:        37372 kB
Active:           438584 kB
Inactive:         566440 kB
Active(anon):     271464 kB
Inactive(anon):   348640 kB
Active(file):     167120 kB
Inactive(file):   217800 kB
Unevictable:        3816 kB
Mlocked:               0 kB
HighTotal:       1217536 kB
HighFree:          96180 kB
LowTotal:         528004 kB
LowFree:           94484 kB
SwapTotal:       1310716 kB
SwapFree:         630188 kB
Dirty:                 0 kB
Writeback:             0 kB
AnonPages:        592996 kB
Mapped:           160192 kB
Shmem:              1824 kB
Slab:              62972 kB
SReclaimable:      16024 kB
SUnreclaim:        46948 kB
KernelStack:       15312 kB
PageTables:        51876 kB
NFS_Unstable:          0 kB
Bounce:                0 kB
WritebackTmp:          0 kB
CommitLimit:     2183484 kB
Committed_AS:   123980956 kB
VmallocTotal:     311296 kB
VmallocUsed:       22524 kB
VmallocChunk:     151564 kB
Time pass: 29 sec

---2015-10-26 12:50:36
MemTotal:        1745540 kB
MemFree:          190600 kB
Buffers:            8708 kB
Cached:           381852 kB
SwapCached:        37372 kB
Active:           438572 kB
Inactive:         566444 kB
Active(anon):     271452 kB
Inactive(anon):   348644 kB
Active(file):     167120 kB
Inactive(file):   217800 kB
Unevictable:        3816 kB
Mlocked:               0 kB
HighTotal:       1217536 kB
HighFree:          95984 kB
LowTotal:         528004 kB
LowFree:           94616 kB
SwapTotal:       1310716 kB
SwapFree:         630188 kB
Dirty:                 0 kB
Writeback:             0 kB
AnonPages:        593052 kB
Mapped:           160192 kB
Shmem:              1824 kB
Slab:              62972 kB
SReclaimable:      16024 kB
SUnreclaim:        46948 kB
KernelStack:       15304 kB
PageTables:        51876 kB
NFS_Unstable:          0 kB
Bounce:                0 kB
WritebackTmp:          0 kB
CommitLimit:     2183484 kB
Committed_AS:   123981108 kB
VmallocTotal:     311296 kB
VmallocUsed:       22524 kB
VmallocChunk:     151564 kB
Time pass: 33 sec

---2015-10-26 12:50:36
MemTotal:        1745540 kB
MemFree:          190504 kB
Buffers:            8708 kB
Cached:           381852 kB
SwapCached:        37372 kB
Active:           438808 kB
Inactive:         566444 kB
Active(anon):     271688 kB
Inactive(anon):   348644 kB
Active(file):     167120 kB
Inactive(file):   217800 kB
Unevictable:        3816 kB
Mlocked:               0 kB
HighTotal:       1217536 kB
HighFree:          95888 kB
LowTotal:         528004 kB
LowFree:           94616 kB
SwapTotal:       1310716 kB
SwapFree:         630188 kB
Dirty:                 0 kB
Writeback:             0 kB
AnonPages:        593216 kB
Mapped:           160192 kB
Shmem:              1824 kB
Slab:              62972 kB
SReclaimable:      16024 kB
SUnreclaim:        46948 kB
KernelStack:       15304 kB
PageTables:        51876 kB
NFS_Unstable:          0 kB
Bounce:                0 kB
WritebackTmp:          0 kB
CommitLimit:     2183484 kB
Committed_AS:   123981196 kB
VmallocTotal:     311296 kB
VmallocUsed:       22524 kB
VmallocChunk:     151564 kB
Time pass: 37 sec

---2015-10-26 12:50:36
MemTotal:        1745540 kB
MemFree:          190208 kB
Buffers:            8708 kB
Cached:           381852 kB
SwapCached:        37372 kB
Active:           438960 kB
Inactive:         566444 kB
Active(anon):     271840 kB
Inactive(anon):   348644 kB
Active(file):     167120 kB
Inactive(file):   217800 kB
Unevictable:        3816 kB
Mlocked:               0 kB
HighTotal:       1217536 kB
HighFree:          95592 kB
LowTotal:         528004 kB
LowFree:           94616 kB
SwapTotal:       1310716 kB
SwapFree:         630188 kB
Dirty:                 0 kB
Writeback:             0 kB
AnonPages:        593268 kB
Mapped:           160192 kB
Shmem:              1824 kB
Slab:              62972 kB
SReclaimable:      16024 kB
SUnreclaim:        46948 kB
KernelStack:       15304 kB
PageTables:        51876 kB
NFS_Unstable:          0 kB
Bounce:                0 kB
WritebackTmp:          0 kB
CommitLimit:     2183484 kB
Committed_AS:   123981388 kB
VmallocTotal:     311296 kB
VmallocUsed:       22524 kB
VmallocChunk:     151564 kB
Time pass: 41 sec

---2015-10-26 12:50:36
MemTotal:        1745540 kB
MemFree:          190164 kB
Buffers:            8708 kB
Cached:           381852 kB
SwapCached:        37372 kB
Active:           439136 kB
Inactive:         566444 kB
Active(anon):     272016 kB
Inactive(anon):   348644 kB
Active(file):     167120 kB
Inactive(file):   217800 kB
Unevictable:        3816 kB
Mlocked:               0 kB
HighTotal:       1217536 kB
HighFree:          95548 kB
LowTotal:         528004 kB
LowFree:           94616 kB
SwapTotal:       1310716 kB
SwapFree:         630188 kB
Dirty:                 0 kB
Writeback:             0 kB
AnonPages:        593476 kB
Mapped:           160316 kB
Shmem:              1824 kB
Slab:              62972 kB
SReclaimable:      16024 kB
SUnreclaim:        46948 kB
KernelStack:       15304 kB
PageTables:        51876 kB
NFS_Unstable:          0 kB
Bounce:                0 kB
WritebackTmp:          0 kB
CommitLimit:     2183484 kB
Committed_AS:   123981484 kB
VmallocTotal:     311296 kB
VmallocUsed:       22524 kB
VmallocChunk:     151564 kB
Time pass: 45 sec

---2015-10-26 12:50:36
MemTotal:        1745540 kB
MemFree:          190064 kB
Buffers:            8708 kB
Cached:           381852 kB
SwapCached:        37372 kB
Active:           439136 kB
Inactive:         566444 kB
Active(anon):     272016 kB
Inactive(anon):   348644 kB
Active(file):     167120 kB
Inactive(file):   217800 kB
Unevictable:        3816 kB
Mlocked:               0 kB
HighTotal:       1217536 kB
HighFree:          95504 kB
LowTotal:         528004 kB
LowFree:           94560 kB
SwapTotal:       1310716 kB
SwapFree:         630188 kB
Dirty:                 0 kB
Writeback:             0 kB
AnonPages:        593504 kB
Mapped:           160316 kB
Shmem:              1824 kB
Slab:              62972 kB
SReclaimable:      16024 kB
SUnreclaim:        46948 kB
KernelStack:       15304 kB
PageTables:        51884 kB
NFS_Unstable:          0 kB
Bounce:                0 kB
WritebackTmp:          0 kB
CommitLimit:     2183484 kB
Committed_AS:   123981668 kB
VmallocTotal:     311296 kB
VmallocUsed:       22524 kB
VmallocChunk:     151564 kB
Time pass: 48 sec

---2015-10-26 12:50:36
MemTotal:        1745540 kB
MemFree:          189984 kB
Buffers:            8708 kB
Cached:           381852 kB
SwapCached:        37372 kB
Active:           439288 kB
Inactive:         566444 kB
Active(anon):     272168 kB
Inactive(anon):   348644 kB
Active(file):     167120 kB
Inactive(file):   217800 kB
Unevictable:        3816 kB
Mlocked:               0 kB
HighTotal:       1217536 kB
HighFree:          95368 kB
LowTotal:         528004 kB
LowFree:           94616 kB
SwapTotal:       1310716 kB
SwapFree:         630188 kB
Dirty:                 0 kB
Writeback:             0 kB
AnonPages:        593688 kB
Mapped:           160192 kB
Shmem:              1824 kB
Slab:              62972 kB
SReclaimable:      16024 kB
SUnreclaim:        46948 kB
KernelStack:       15304 kB
PageTables:        51880 kB
NFS_Unstable:          0 kB
Bounce:                0 kB
WritebackTmp:          0 kB
CommitLimit:     2183484 kB
Committed_AS:   123981788 kB
VmallocTotal:     311296 kB
VmallocUsed:       22524 kB
VmallocChunk:     151564 kB
Time pass: 52 sec

---2015-10-26 12:50:36
MemTotal:        1745540 kB
MemFree:          189740 kB
Buffers:            8708 kB
Cached:           381852 kB
SwapCached:        37372 kB
Active:           439412 kB
Inactive:         566444 kB
Active(anon):     272292 kB
Inactive(anon):   348644 kB
Active(file):     167120 kB
Inactive(file):   217800 kB
Unevictable:        3816 kB
Mlocked:               0 kB
HighTotal:       1217536 kB
HighFree:          95132 kB
LowTotal:         528004 kB
LowFree:           94608 kB
SwapTotal:       1310716 kB
SwapFree:         630188 kB
Dirty:                 0 kB
Writeback:             0 kB
AnonPages:        593900 kB
Mapped:           160192 kB
Shmem:              1824 kB
Slab:              62972 kB
SReclaimable:      16024 kB
SUnreclaim:        46948 kB
KernelStack:       15312 kB
PageTables:        51880 kB
NFS_Unstable:          0 kB
Bounce:                0 kB
WritebackTmp:          0 kB
CommitLimit:     2183484 kB
Committed_AS:   123981868 kB
VmallocTotal:     311296 kB
VmallocUsed:       22524 kB
VmallocChunk:     151564 kB
Time pass: 56 sec

---2015-10-26 12:50:36
MemTotal:        1745540 kB
MemFree:          189348 kB
Buffers:            8708 kB
Cached:           381852 kB
SwapCached:        37372 kB
Active:           439676 kB
Inactive:         566444 kB
Active(anon):     272556 kB
Inactive(anon):   348644 kB
Active(file):     167120 kB
Inactive(file):   217800 kB
Unevictable:        3816 kB
Mlocked:               0 kB
HighTotal:       1217536 kB
HighFree:          94864 kB
LowTotal:         528004 kB
LowFree:           94484 kB
SwapTotal:       1310716 kB
SwapFree:         630192 kB
Dirty:                 0 kB
Writeback:             0 kB
AnonPages:        594104 kB
Mapped:           160192 kB
Shmem:              1824 kB
Slab:              62972 kB
SReclaimable:      16024 kB
SUnreclaim:        46948 kB
KernelStack:       15312 kB
PageTables:        51880 kB
NFS_Unstable:          0 kB
Bounce:                0 kB
WritebackTmp:          0 kB
CommitLimit:     2183484 kB
Committed_AS:   123982068 kB
VmallocTotal:     311296 kB
VmallocUsed:       22524 kB
VmallocChunk:     151564 kB
Time pass: 60 sec

---2015-10-26 12:50:36
MemTotal:        1745540 kB
MemFree:          189264 kB
Buffers:            8708 kB
Cached:           381852 kB
SwapCached:        37372 kB
Active:           439776 kB
Inactive:         566448 kB
Active(anon):     272656 kB
Inactive(anon):   348648 kB
Active(file):     167120 kB
Inactive(file):   217800 kB
Unevictable:        3816 kB
Mlocked:               0 kB
HighTotal:       1217536 kB
HighFree:          94780 kB
LowTotal:         528004 kB
LowFree:           94484 kB
SwapTotal:       1310716 kB
SwapFree:         630192 kB
Dirty:                 0 kB
Writeback:             0 kB
AnonPages:        594216 kB
Mapped:           160192 kB
Shmem:              1824 kB
Slab:              62972 kB
SReclaimable:      16024 kB
SUnreclaim:        46948 kB
KernelStack:       15312 kB
PageTables:        51880 kB
NFS_Unstable:          0 kB
Bounce:                0 kB
WritebackTmp:          0 kB
CommitLimit:     2183484 kB
Committed_AS:   123982148 kB
VmallocTotal:     311296 kB
VmallocUsed:       22524 kB
VmallocChunk:     151564 kB
Time pass: 64 sec

---2015-10-26 12:50:36
MemTotal:        1745540 kB
MemFree:          189020 kB
Buffers:            8708 kB
Cached:           381852 kB
SwapCached:        37372 kB
Active:           440032 kB
Inactive:         566448 kB
Active(anon):     272912 kB
Inactive(anon):   348648 kB
Active(file):     167120 kB
Inactive(file):   217800 kB
Unevictable:        3816 kB
Mlocked:               0 kB
HighTotal:       1217536 kB
HighFree:          94392 kB
LowTotal:         528004 kB
LowFree:           94628 kB
SwapTotal:       1310716 kB
SwapFree:         630192 kB
Dirty:                 0 kB
Writeback:             0 kB
AnonPages:        594356 kB
Mapped:           160316 kB
Shmem:              1824 kB
Slab:              62972 kB
SReclaimable:      16024 kB
SUnreclaim:        46948 kB
KernelStack:       15312 kB
PageTables:        51880 kB
NFS_Unstable:          0 kB
Bounce:                0 kB
WritebackTmp:          0 kB
CommitLimit:     2183484 kB
Committed_AS:   123982236 kB
VmallocTotal:     311296 kB
VmallocUsed:       22524 kB
VmallocChunk:     151564 kB
Time pass: 67 sec

---2015-10-26 12:50:36
MemTotal:        1745540 kB
MemFree:          188904 kB
Buffers:            8708 kB
Cached:           381852 kB
SwapCached:        37372 kB
Active:           440084 kB
Inactive:         566448 kB
Active(anon):     272964 kB
Inactive(anon):   348648 kB
Active(file):     167120 kB
Inactive(file):   217800 kB
Unevictable:        3816 kB
Mlocked:               0 kB
HighTotal:       1217536 kB
HighFree:          94408 kB
LowTotal:         528004 kB
LowFree:           94496 kB
SwapTotal:       1310716 kB
SwapFree:         630192 kB
Dirty:                 0 kB
Writeback:             0 kB
AnonPages:        594388 kB
Mapped:           160316 kB
Shmem:              1824 kB
Slab:              62972 kB
SReclaimable:      16024 kB
SUnreclaim:        46948 kB
KernelStack:       15312 kB
PageTables:        51884 kB
NFS_Unstable:          0 kB
Bounce:                0 kB
WritebackTmp:          0 kB
CommitLimit:     2183484 kB
Committed_AS:   123982444 kB
VmallocTotal:     311296 kB
VmallocUsed:       22524 kB
VmallocChunk:     151564 kB
Time pass: 71 sec

---2015-10-26 12:50:36
MemTotal:        1745540 kB
MemFree:          188936 kB
Buffers:            8708 kB
Cached:           381852 kB
SwapCached:        37372 kB
Active:           440244 kB
Inactive:         566448 kB
Active(anon):     273124 kB
Inactive(anon):   348648 kB
Active(file):     167120 kB
Inactive(file):   217800 kB
Unevictable:        3816 kB
Mlocked:               0 kB
HighTotal:       1217536 kB
HighFree:          94288 kB
LowTotal:         528004 kB
LowFree:           94648 kB
SwapTotal:       1310716 kB
SwapFree:         630192 kB
Dirty:                 0 kB
Writeback:             0 kB
AnonPages:        594576 kB
Mapped:           160316 kB
Shmem:              1824 kB
Slab:              62972 kB
SReclaimable:      16024 kB
SUnreclaim:        46948 kB
KernelStack:       15304 kB
PageTables:        51880 kB
NFS_Unstable:          0 kB
Bounce:                0 kB
WritebackTmp:          0 kB
CommitLimit:     2183484 kB
Committed_AS:   123982484 kB
VmallocTotal:     311296 kB
VmallocUsed:       22524 kB
VmallocChunk:     151564 kB
Time pass: 75 sec

---2015-10-26 12:50:36
MemTotal:        1745540 kB
MemFree:          188976 kB
Buffers:            8708 kB
Cached:           381852 kB
SwapCached:        37372 kB
Active:           440252 kB
Inactive:         566448 kB
Active(anon):     273132 kB
Inactive(anon):   348648 kB
Active(file):     167120 kB
Inactive(file):   217800 kB
Unevictable:        3816 kB
Mlocked:               0 kB
HighTotal:       1217536 kB
HighFree:          94464 kB
LowTotal:         528004 kB
LowFree:           94512 kB
SwapTotal:       1310716 kB
SwapFree:         630192 kB
Dirty:                 0 kB
Writeback:             0 kB
AnonPages:        594700 kB
Mapped:           160192 kB
Shmem:              1824 kB
Slab:              62972 kB
SReclaimable:      16024 kB
SUnreclaim:        46948 kB
KernelStack:       15304 kB
PageTables:        51880 kB
NFS_Unstable:          0 kB
Bounce:                0 kB
WritebackTmp:          0 kB
CommitLimit:     2183484 kB
Committed_AS:   123982556 kB
VmallocTotal:     311296 kB
VmallocUsed:       22524 kB
VmallocChunk:     151564 kB
Time pass: 79 sec

---2015-10-26 12:50:36
MemTotal:        1745540 kB
MemFree:          188000 kB
Buffers:            8708 kB
Cached:           381852 kB
SwapCached:        37372 kB
Active:           440436 kB
Inactive:         566444 kB
Active(anon):     273312 kB
Inactive(anon):   348648 kB
Active(file):     167124 kB
Inactive(file):   217796 kB
Unevictable:        3816 kB
Mlocked:               0 kB
HighTotal:       1217536 kB
HighFree:          93792 kB
LowTotal:         528004 kB
LowFree:           94208 kB
SwapTotal:       1310716 kB
SwapFree:         630208 kB
Dirty:                 0 kB
Writeback:             0 kB
AnonPages:        594792 kB
Mapped:           160196 kB
Shmem:              1824 kB
Slab:              62972 kB
SReclaimable:      16024 kB
SUnreclaim:        46948 kB
KernelStack:       15296 kB
PageTables:        51940 kB
NFS_Unstable:          0 kB
Bounce:                0 kB
WritebackTmp:          0 kB
CommitLimit:     2183484 kB
Committed_AS:   123982748 kB
VmallocTotal:     311296 kB
VmallocUsed:       22524 kB
VmallocChunk:     151564 kB
Time pass: 82 sec

---2015-10-26 12:50:36
MemTotal:        1745540 kB
MemFree:          150980 kB
Buffers:            8708 kB
Cached:           382036 kB
SwapCached:        37372 kB
Active:           443936 kB
Inactive:         566440 kB
Active(anon):     276796 kB
Inactive(anon):   348660 kB
Active(file):     167140 kB
Inactive(file):   217780 kB
Unevictable:        3816 kB
Mlocked:               0 kB
HighTotal:       1217536 kB
HighFree:          72084 kB
LowTotal:         528004 kB
LowFree:           78896 kB
SwapTotal:       1310716 kB
SwapFree:         630316 kB
Dirty:                 0 kB
Writeback:             0 kB
AnonPages:        598460 kB
Mapped:           162016 kB
Shmem:              1824 kB
Slab:              62972 kB
SReclaimable:      16024 kB
SUnreclaim:        46948 kB
KernelStack:       15328 kB
PageTables:        52440 kB
NFS_Unstable:          0 kB
Bounce:                0 kB
WritebackTmp:          0 kB
CommitLimit:     2183484 kB
Committed_AS:   125230084 kB
VmallocTotal:     311296 kB
VmallocUsed:       23744 kB
VmallocChunk:     151564 kB
Time pass: 86 sec

---2015-10-26 12:50:36
MemTotal:        1745540 kB
MemFree:           91656 kB
Buffers:            9544 kB
Cached:           382492 kB
SwapCached:        37560 kB
Active:           478240 kB
Inactive:         563464 kB
Active(anon):     306296 kB
Inactive(anon):   349144 kB
Active(file):     171944 kB
Inactive(file):   214320 kB
Unevictable:        3816 kB
Mlocked:               0 kB
HighTotal:       1217536 kB
HighFree:          24548 kB
LowTotal:         528004 kB
LowFree:           67108 kB
SwapTotal:       1310716 kB
SwapFree:         630488 kB
Dirty:              1184 kB
Writeback:             0 kB
AnonPages:        628124 kB
Mapped:           226660 kB
Shmem:              1956 kB
Slab:              62944 kB
SReclaimable:      16024 kB
SUnreclaim:        46920 kB
KernelStack:       15800 kB
PageTables:        52972 kB
NFS_Unstable:          0 kB
Bounce:                0 kB
WritebackTmp:          0 kB
CommitLimit:     2183484 kB
Committed_AS:   125586596 kB
VmallocTotal:     311296 kB
VmallocUsed:       23960 kB
VmallocChunk:     151564 kB
Time pass: 90 sec

---2015-10-26 12:50:36
MemTotal:        1745540 kB
MemFree:           47512 kB
Buffers:            9568 kB
Cached:           377024 kB
SwapCached:        37088 kB
Active:           500192 kB
Inactive:         549584 kB
Active(anon):     324588 kB
Inactive(anon):   344292 kB
Active(file):     175604 kB
Inactive(file):   205292 kB
Unevictable:        3816 kB
Mlocked:               0 kB
HighTotal:       1217536 kB
HighFree:          20716 kB
LowTotal:         528004 kB
LowFree:           26796 kB
SwapTotal:       1310716 kB
SwapFree:         630556 kB
Dirty:              3504 kB
Writeback:             0 kB
AnonPages:        641052 kB
Mapped:           255100 kB
Shmem:              1960 kB
Slab:              62928 kB
SReclaimable:      16024 kB
SUnreclaim:        46904 kB
KernelStack:       15944 kB
PageTables:        53068 kB
NFS_Unstable:          0 kB
Bounce:                0 kB
WritebackTmp:          0 kB
CommitLimit:     2183484 kB
Committed_AS:   125598164 kB
VmallocTotal:     311296 kB
VmallocUsed:       24252 kB
VmallocChunk:     151564 kB
Time pass: 94 sec

---2015-10-26 12:50:36
MemTotal:        1745540 kB
MemFree:           53628 kB
Buffers:            9568 kB
Cached:           366128 kB
SwapCached:        35264 kB
Active:           499088 kB
Inactive:         536368 kB
Active(anon):     321960 kB
Inactive(anon):   343576 kB
Active(file):     177128 kB
Inactive(file):   192792 kB
Unevictable:        3816 kB
Mlocked:               0 kB
HighTotal:       1217536 kB
HighFree:          25748 kB
LowTotal:         528004 kB
LowFree:           27880 kB
SwapTotal:       1310716 kB
SwapFree:         630200 kB
Dirty:                 0 kB
Writeback:             0 kB
AnonPages:        638260 kB
Mapped:           266112 kB
Shmem:              1960 kB
Slab:              63060 kB
SReclaimable:      16040 kB
SUnreclaim:        47020 kB
KernelStack:       15856 kB
PageTables:        53172 kB
NFS_Unstable:          0 kB
Bounce:                0 kB
WritebackTmp:          0 kB
CommitLimit:     2183484 kB
Committed_AS:   125606380 kB
VmallocTotal:     311296 kB
VmallocUsed:       24172 kB
VmallocChunk:     151564 kB
Time pass: 97 sec

---2015-10-26 12:50:36
MemTotal:        1745540 kB
MemFree:           53576 kB
Buffers:            9576 kB
Cached:           366128 kB
SwapCached:        35264 kB
Active:           499296 kB
Inactive:         536352 kB
Active(anon):     322168 kB
Inactive(anon):   343560 kB
Active(file):     177128 kB
Inactive(file):   192792 kB
Unevictable:        3816 kB
Mlocked:               0 kB
HighTotal:       1217536 kB
HighFree:          25696 kB
LowTotal:         528004 kB
LowFree:           27880 kB
SwapTotal:       1310716 kB
SwapFree:         630200 kB
Dirty:               128 kB
Writeback:             0 kB
AnonPages:        638504 kB
Mapped:           266116 kB
Shmem:              1960 kB
Slab:              63060 kB
SReclaimable:      16040 kB
SUnreclaim:        47020 kB
KernelStack:       15856 kB
PageTables:        53172 kB
NFS_Unstable:          0 kB
Bounce:                0 kB
WritebackTmp:          0 kB
CommitLimit:     2183484 kB
Committed_AS:   125606532 kB
VmallocTotal:     311296 kB
VmallocUsed:       24172 kB
VmallocChunk:     151564 kB
Time pass: 101 sec

---2015-10-26 12:50:36
MemTotal:        1745540 kB
MemFree:           53580 kB
Buffers:            9576 kB
Cached:           366128 kB
SwapCached:        35264 kB
Active:           499456 kB
Inactive:         536348 kB
Active(anon):     322328 kB
Inactive(anon):   343548 kB
Active(file):     177128 kB
Inactive(file):   192800 kB
Unevictable:        3816 kB
Mlocked:               0 kB
HighTotal:       1217536 kB
HighFree:          25692 kB
LowTotal:         528004 kB
LowFree:           27888 kB
SwapTotal:       1310716 kB
SwapFree:         630200 kB
Dirty:                 0 kB
Writeback:             0 kB
AnonPages:        638632 kB
Mapped:           266244 kB
Shmem:              1960 kB
Slab:              63060 kB
SReclaimable:      16040 kB
SUnreclaim:        47020 kB
KernelStack:       15856 kB
PageTables:        53172 kB
NFS_Unstable:          0 kB
Bounce:                0 kB
WritebackTmp:          0 kB
CommitLimit:     2183484 kB
Committed_AS:   125606552 kB
VmallocTotal:     311296 kB
VmallocUsed:       24172 kB
VmallocChunk:     151564 kB
Time pass: 105 sec

---2015-10-26 12:50:36
MemTotal:        1745540 kB
MemFree:           47816 kB
Buffers:            9576 kB
Cached:           360316 kB
SwapCached:        35036 kB
Active:           503180 kB
Inactive:         529460 kB
Active(anon):     326480 kB
Inactive(anon):   342044 kB
Active(file):     176700 kB
Inactive(file):   187416 kB
Unevictable:        3816 kB
Mlocked:               0 kB
HighTotal:       1217536 kB
HighFree:          19184 kB
LowTotal:         528004 kB
LowFree:           28632 kB
SwapTotal:       1310716 kB
SwapFree:         630196 kB
Dirty:               688 kB
Writeback:             0 kB
AnonPages:        641120 kB
Mapped:           273604 kB
Shmem:              1960 kB
Slab:              62976 kB
SReclaimable:      16004 kB
SUnreclaim:        46972 kB
KernelStack:       15856 kB
PageTables:        53192 kB
NFS_Unstable:          0 kB
Bounce:                0 kB
WritebackTmp:          0 kB
CommitLimit:     2183484 kB
Committed_AS:   125606880 kB
VmallocTotal:     311296 kB
VmallocUsed:       24188 kB
VmallocChunk:     151564 kB
Time pass: 109 sec

---2015-10-26 12:50:36
MemTotal:        1745540 kB
MemFree:           48092 kB
Buffers:            9584 kB
Cached:           360316 kB
SwapCached:        35036 kB
Active:           503248 kB
Inactive:         529452 kB
Active(anon):     326548 kB
Inactive(anon):   342032 kB
Active(file):     176700 kB
Inactive(file):   187420 kB
Unevictable:        3816 kB
Mlocked:               0 kB
HighTotal:       1217536 kB
HighFree:          19460 kB
LowTotal:         528004 kB
LowFree:           28632 kB
SwapTotal:       1310716 kB
SwapFree:         630196 kB
Dirty:                36 kB
Writeback:             0 kB
AnonPages:        641200 kB
Mapped:           273604 kB
Shmem:              1960 kB
Slab:              62976 kB
SReclaimable:      16004 kB
SUnreclaim:        46972 kB
KernelStack:       15856 kB
PageTables:        53192 kB
NFS_Unstable:          0 kB
Bounce:                0 kB
WritebackTmp:          0 kB
CommitLimit:     2183484 kB
Committed_AS:   125607052 kB
VmallocTotal:     311296 kB
VmallocUsed:       24188 kB
VmallocChunk:     151564 kB
Time pass: 113 sec

---2015-10-26 12:50:36
MemTotal:        1745540 kB
MemFree:           47948 kB
Buffers:            9584 kB
Cached:           360320 kB
SwapCached:        35036 kB
Active:           503428 kB
Inactive:         529456 kB
Active(anon):     326728 kB
Inactive(anon):   342028 kB
Active(file):     176700 kB
Inactive(file):   187428 kB
Unevictable:        3816 kB
Mlocked:               0 kB
HighTotal:       1217536 kB
HighFree:          19284 kB
LowTotal:         528004 kB
LowFree:           28664 kB
SwapTotal:       1310716 kB
SwapFree:         630196 kB
Dirty:                40 kB
Writeback:             0 kB
AnonPages:        641396 kB
Mapped:           273700 kB
Shmem:              1960 kB
Slab:              62976 kB
SReclaimable:      16004 kB
SUnreclaim:        46972 kB
KernelStack:       15840 kB
PageTables:        53144 kB
NFS_Unstable:          0 kB
Bounce:                0 kB
WritebackTmp:          0 kB
CommitLimit:     2183484 kB
Committed_AS:   125607140 kB
VmallocTotal:     311296 kB
VmallocUsed:       24188 kB
VmallocChunk:     151564 kB
Time pass: 117 sec

---2015-10-26 12:50:36
MemTotal:        1745540 kB
MemFree:           53652 kB
Buffers:            9592 kB
Cached:           338772 kB
SwapCached:        31920 kB
Active:           503620 kB
Inactive:         505436 kB
Active(anon):     327164 kB
Inactive(anon):   339304 kB
Active(file):     176456 kB
Inactive(file):   166132 kB
Unevictable:        3816 kB
Mlocked:               0 kB
HighTotal:       1217536 kB
HighFree:          26252 kB
LowTotal:         528004 kB
LowFree:           27400 kB
SwapTotal:       1310716 kB
SwapFree:         627952 kB
Dirty:               560 kB
Writeback:             0 kB
AnonPages:        638852 kB
Mapped:           290628 kB
Shmem:              1960 kB
Slab:              62976 kB
SReclaimable:      16004 kB
SUnreclaim:        46972 kB
KernelStack:       15840 kB
PageTables:        53256 kB
NFS_Unstable:          0 kB
Bounce:                0 kB
WritebackTmp:          0 kB
CommitLimit:     2183484 kB
Committed_AS:   125615828 kB
VmallocTotal:     311296 kB
VmallocUsed:       24288 kB
VmallocChunk:     151564 kB
Time pass: 121 sec

---2015-10-26 12:50:36
MemTotal:        1745540 kB
MemFree:           53684 kB
Buffers:            9600 kB
Cached:           338772 kB
SwapCached:        31920 kB
Active:           503824 kB
Inactive:         505424 kB
Active(anon):     327368 kB
Inactive(anon):   339292 kB
Active(file):     176456 kB
Inactive(file):   166132 kB
Unevictable:        3816 kB
Mlocked:               0 kB
HighTotal:       1217536 kB
HighFree:          26028 kB
LowTotal:         528004 kB
LowFree:           27656 kB
SwapTotal:       1310716 kB
SwapFree:         627956 kB
Dirty:                32 kB
Writeback:             0 kB
AnonPages:        639156 kB
Mapped:           290892 kB
Shmem:              1960 kB
Slab:              62992 kB
SReclaimable:      16020 kB
SUnreclaim:        46972 kB
KernelStack:       15840 kB
PageTables:        53256 kB
NFS_Unstable:          0 kB
Bounce:                0 kB
WritebackTmp:          0 kB
CommitLimit:     2183484 kB
Committed_AS:   125615916 kB
VmallocTotal:     311296 kB
VmallocUsed:       24288 kB
VmallocChunk:     151564 kB
Time pass: 125 sec

---2015-10-26 12:50:36
MemTotal:        1745540 kB
MemFree:           53456 kB
Buffers:            9600 kB
Cached:           338772 kB
SwapCached:        31920 kB
Active:           504120 kB
Inactive:         505436 kB
Active(anon):     327664 kB
Inactive(anon):   339296 kB
Active(file):     176456 kB
Inactive(file):   166140 kB
Unevictable:        3816 kB
Mlocked:               0 kB
HighTotal:       1217536 kB
HighFree:          25936 kB
LowTotal:         528004 kB
LowFree:           27520 kB
SwapTotal:       1310716 kB
SwapFree:         627956 kB
Dirty:                 0 kB
Writeback:            32 kB
AnonPages:        639320 kB
Mapped:           290892 kB
Shmem:              1960 kB
Slab:              62992 kB
SReclaimable:      16020 kB
SUnreclaim:        46972 kB
KernelStack:       15840 kB
PageTables:        53256 kB
NFS_Unstable:          0 kB
Bounce:                0 kB
WritebackTmp:          0 kB
CommitLimit:     2183484 kB
Committed_AS:   125616116 kB
VmallocTotal:     311296 kB
VmallocUsed:       24288 kB
VmallocChunk:     151564 kB
Time pass: 129 sec

---2015-10-26 12:50:36
MemTotal:        1745540 kB
MemFree:           53216 kB
Buffers:            9600 kB
Cached:           338772 kB
SwapCached:        31920 kB
Active:           504256 kB
Inactive:         505436 kB
Active(anon):     327800 kB
Inactive(anon):   339296 kB
Active(file):     176456 kB
Inactive(file):   166140 kB
Unevictable:        3816 kB
Mlocked:               0 kB
HighTotal:       1217536 kB
HighFree:          25696 kB
LowTotal:         528004 kB
LowFree:           27520 kB
SwapTotal:       1310716 kB
SwapFree:         627960 kB
Dirty:                 0 kB
Writeback:             0 kB
AnonPages:        639488 kB
Mapped:           290892 kB
Shmem:              1960 kB
Slab:              62992 kB
SReclaimable:      16020 kB
SUnreclaim:        46972 kB
KernelStack:       15840 kB
PageTables:        53256 kB
NFS_Unstable:          0 kB
Bounce:                0 kB
WritebackTmp:          0 kB
CommitLimit:     2183484 kB
Committed_AS:   125616188 kB
VmallocTotal:     311296 kB
VmallocUsed:       24288 kB
VmallocChunk:     151564 kB
Time pass: 132 sec

---2015-10-26 12:50:36
MemTotal:        1745540 kB
MemFree:           53348 kB
Buffers:            9600 kB
Cached:           338772 kB
SwapCached:        31920 kB
Active:           504356 kB
Inactive:         505392 kB
Active(anon):     327900 kB
Inactive(anon):   339252 kB
Active(file):     176456 kB
Inactive(file):   166140 kB
Unevictable:        3816 kB
Mlocked:               0 kB
HighTotal:       1217536 kB
HighFree:          25580 kB
LowTotal:         528004 kB
LowFree:           27768 kB
SwapTotal:       1310716 kB
SwapFree:         627972 kB
Dirty:                 0 kB
Writeback:             0 kB
AnonPages:        639564 kB
Mapped:           291016 kB
Shmem:              1960 kB
Slab:              62992 kB
SReclaimable:      16020 kB
SUnreclaim:        46972 kB
KernelStack:       15840 kB
PageTables:        53260 kB
NFS_Unstable:          0 kB
Bounce:                0 kB
WritebackTmp:          0 kB
CommitLimit:     2183484 kB
Committed_AS:   125616168 kB
VmallocTotal:     311296 kB
VmallocUsed:       24288 kB
VmallocChunk:     151564 kB
Time pass: 136 sec

---2015-10-26 12:50:36
MemTotal:        1745540 kB
MemFree:           53072 kB
Buffers:            9600 kB
Cached:           338772 kB
SwapCached:        31920 kB
Active:           504528 kB
Inactive:         505384 kB
Active(anon):     328072 kB
Inactive(anon):   339244 kB
Active(file):     176456 kB
Inactive(file):   166140 kB
Unevictable:        3816 kB
Mlocked:               0 kB
HighTotal:       1217536 kB
HighFree:          25312 kB
LowTotal:         528004 kB
LowFree:           27760 kB
SwapTotal:       1310716 kB
SwapFree:         627988 kB
Dirty:                 0 kB
Writeback:             0 kB
AnonPages:        639816 kB
Mapped:           291016 kB
Shmem:              1960 kB
Slab:              62992 kB
SReclaimable:      16020 kB
SUnreclaim:        46972 kB
KernelStack:       15848 kB
PageTables:        53260 kB
NFS_Unstable:          0 kB
Bounce:                0 kB
WritebackTmp:          0 kB
CommitLimit:     2183484 kB
Committed_AS:   125616876 kB
VmallocTotal:     311296 kB
VmallocUsed:       24288 kB
VmallocChunk:     151564 kB
Time pass: 140 sec

---2015-10-26 12:50:36
MemTotal:        1745540 kB
MemFree:           52864 kB
Buffers:            9600 kB
Cached:           338772 kB
SwapCached:        31920 kB
Active:           504716 kB
Inactive:         505392 kB
Active(anon):     328260 kB
Inactive(anon):   339252 kB
Active(file):     176456 kB
Inactive(file):   166140 kB
Unevictable:        3816 kB
Mlocked:               0 kB
HighTotal:       1217536 kB
HighFree:          25092 kB
LowTotal:         528004 kB
LowFree:           27772 kB
SwapTotal:       1310716 kB
SwapFree:         627988 kB
Dirty:                 0 kB
Writeback:             0 kB
AnonPages:        639920 kB
Mapped:           290892 kB
Shmem:              1960 kB
Slab:              62992 kB
SReclaimable:      16020 kB
SUnreclaim:        46972 kB
KernelStack:       15848 kB
PageTables:        53260 kB
NFS_Unstable:          0 kB
Bounce:                0 kB
WritebackTmp:          0 kB
CommitLimit:     2183484 kB
Committed_AS:   125616956 kB
VmallocTotal:     311296 kB
VmallocUsed:       24288 kB
VmallocChunk:     151564 kB
Time pass: 144 sec

---2015-10-26 12:50:36
MemTotal:        1745540 kB
MemFree:           33572 kB
Buffers:            8108 kB
Cached:           307044 kB
SwapCached:        29148 kB
Active:           511328 kB
Inactive:         504188 kB
Active(anon):     352496 kB
Inactive(anon):   352492 kB
Active(file):     158832 kB
Inactive(file):   151696 kB
Unevictable:        3816 kB
Mlocked:               0 kB
HighTotal:       1217536 kB
HighFree:           9004 kB
LowTotal:         528004 kB
LowFree:           24568 kB
SwapTotal:       1310716 kB
SwapFree:         624428 kB
Dirty:                 8 kB
Writeback:            16 kB
AnonPages:        677128 kB
Mapped:           290048 kB
Shmem:               672 kB
Slab:              63200 kB
SReclaimable:      16040 kB
SUnreclaim:        47160 kB
KernelStack:       16248 kB
PageTables:        55448 kB
NFS_Unstable:          0 kB
Bounce:                0 kB
WritebackTmp:          0 kB
CommitLimit:     2183484 kB
Committed_AS:   134281812 kB
VmallocTotal:     311296 kB
VmallocUsed:       24468 kB
VmallocChunk:     151564 kB
Time pass: 148 sec

---2015-10-26 12:50:36
MemTotal:        1745540 kB
MemFree:          278476 kB
Buffers:            8124 kB
Cached:           307268 kB
SwapCached:        29564 kB
Active:           438220 kB
Inactive:         493888 kB
Active(anon):     276368 kB
Inactive(anon):   344248 kB
Active(file):     161852 kB
Inactive(file):   149640 kB
Unevictable:        3816 kB
Mlocked:               0 kB
HighTotal:       1217536 kB
HighFree:         175632 kB
LowTotal:         528004 kB
LowFree:          102844 kB
SwapTotal:       1310716 kB
SwapFree:         623016 kB
Dirty:                52 kB
Writeback:             0 kB
AnonPages:        593360 kB
Mapped:           156416 kB
Shmem:                84 kB
Slab:              62996 kB
SReclaimable:      16036 kB
SUnreclaim:        46960 kB
KernelStack:       15440 kB
PageTables:        52468 kB
NFS_Unstable:          0 kB
Bounce:                0 kB
WritebackTmp:          0 kB
CommitLimit:     2183484 kB
Committed_AS:   126861356 kB
VmallocTotal:     311296 kB
VmallocUsed:       22592 kB
VmallocChunk:     151564 kB
Time pass: 151 sec

---2015-10-26 12:50:36
MemTotal:        1745540 kB
MemFree:          285976 kB
Buffers:            8124 kB
Cached:           307780 kB
SwapCached:        29564 kB
Active:           429940 kB
Inactive:         494404 kB
Active(anon):     268084 kB
Inactive(anon):   344256 kB
Active(file):     161856 kB
Inactive(file):   150148 kB
Unevictable:        3816 kB
Mlocked:               0 kB
HighTotal:       1217536 kB
HighFree:         182696 kB
LowTotal:         528004 kB
LowFree:          103280 kB
SwapTotal:       1310716 kB
SwapFree:         623028 kB
Dirty:                52 kB
Writeback:             0 kB
AnonPages:        584784 kB
Mapped:           152412 kB
Shmem:                84 kB
Slab:              62992 kB
SReclaimable:      16036 kB
SUnreclaim:        46956 kB
KernelStack:       15352 kB
PageTables:        51912 kB
NFS_Unstable:          0 kB
Bounce:                0 kB
WritebackTmp:          0 kB
CommitLimit:     2183484 kB
Committed_AS:   123988740 kB
VmallocTotal:     311296 kB
VmallocUsed:       22524 kB
VmallocChunk:     151564 kB
Time pass: 155 sec

---2015-10-26 12:50:36
MemTotal:        1745540 kB
MemFree:          284196 kB
Buffers:            8132 kB
Cached:           307780 kB
SwapCached:        29564 kB
Active:           432192 kB
Inactive:         494332 kB
Active(anon):     270336 kB
Inactive(anon):   344176 kB
Active(file):     161856 kB
Inactive(file):   150156 kB
Unevictable:        3816 kB
Mlocked:               0 kB
HighTotal:       1217536 kB
HighFree:         181112 kB
LowTotal:         528004 kB
LowFree:          103084 kB
SwapTotal:       1310716 kB
SwapFree:         623032 kB
Dirty:                44 kB
Writeback:             0 kB
AnonPages:        587168 kB
Mapped:           156764 kB
Shmem:                84 kB
Slab:              62988 kB
SReclaimable:      16036 kB
SUnreclaim:        46952 kB
KernelStack:       15392 kB
PageTables:        52316 kB
NFS_Unstable:          0 kB
Bounce:                0 kB
WritebackTmp:          0 kB
CommitLimit:     2183484 kB
Committed_AS:   125425008 kB
VmallocTotal:     311296 kB
VmallocUsed:       22524 kB
VmallocChunk:     151564 kB
Time pass: 158 sec

---2015-10-26 12:50:36
MemTotal:        1745540 kB
MemFree:          288604 kB
Buffers:            8140 kB
Cached:           307780 kB
SwapCached:        29564 kB
Active:           427556 kB
Inactive:         494336 kB
Active(anon):     265700 kB
Inactive(anon):   344180 kB
Active(file):     161856 kB
Inactive(file):   150156 kB
Unevictable:        3816 kB
Mlocked:               0 kB
HighTotal:       1217536 kB
HighFree:         185308 kB
LowTotal:         528004 kB
LowFree:          103296 kB
SwapTotal:       1310716 kB
SwapFree:         623032 kB
Dirty:                 0 kB
Writeback:             0 kB
AnonPages:        582516 kB
Mapped:           152320 kB
Shmem:                84 kB
Slab:              62988 kB
SReclaimable:      16036 kB
SUnreclaim:        46952 kB
KernelStack:       15320 kB
PageTables:        51888 kB
NFS_Unstable:          0 kB
Bounce:                0 kB
WritebackTmp:          0 kB
CommitLimit:     2183484 kB
Committed_AS:   123984100 kB
VmallocTotal:     311296 kB
VmallocUsed:       22524 kB
VmallocChunk:     151564 kB
Time pass: 162 sec

---2015-10-26 12:50:36
MemTotal:        1745540 kB
MemFree:          288628 kB
Buffers:            8140 kB
Cached:           307780 kB
SwapCached:        29564 kB
Active:           427536 kB
Inactive:         494344 kB
Active(anon):     265680 kB
Inactive(anon):   344180 kB
Active(file):     161856 kB
Inactive(file):   150164 kB
Unevictable:        3816 kB
Mlocked:               0 kB
HighTotal:       1217536 kB
HighFree:         185332 kB
LowTotal:         528004 kB
LowFree:          103296 kB
SwapTotal:       1310716 kB
SwapFree:         623036 kB
Dirty:                12 kB
Writeback:             0 kB
AnonPages:        582616 kB
Mapped:           152196 kB
Shmem:                84 kB
Slab:              62988 kB
SReclaimable:      16036 kB
SUnreclaim:        46952 kB
KernelStack:       15320 kB
PageTables:        51888 kB
NFS_Unstable:          0 kB
Bounce:                0 kB
WritebackTmp:          0 kB
CommitLimit:     2183484 kB
Committed_AS:   123984164 kB
VmallocTotal:     311296 kB
VmallocUsed:       22524 kB
VmallocChunk:     151564 kB
Time pass: 166 sec

---2015-10-26 12:50:36
MemTotal:        1745540 kB
MemFree:          288712 kB
Buffers:            8140 kB
Cached:           307780 kB
SwapCached:        29580 kB
Active:           427732 kB
Inactive:         494368 kB
Active(anon):     265876 kB
Inactive(anon):   344204 kB
Active(file):     161856 kB
Inactive(file):   150164 kB
Unevictable:        3816 kB
Mlocked:               0 kB
HighTotal:       1217536 kB
HighFree:         185284 kB
LowTotal:         528004 kB
LowFree:          103428 kB
SwapTotal:       1310716 kB
SwapFree:         623040 kB
Dirty:                 0 kB
Writeback:             0 kB
AnonPages:        582788 kB
Mapped:           152196 kB
Shmem:                84 kB
Slab:              62988 kB
SReclaimable:      16036 kB
SUnreclaim:        46952 kB
KernelStack:       15312 kB
PageTables:        51884 kB
NFS_Unstable:          0 kB
Bounce:                0 kB
WritebackTmp:          0 kB
CommitLimit:     2183484 kB
Committed_AS:   123984324 kB
VmallocTotal:     311296 kB
VmallocUsed:       22524 kB
VmallocChunk:     151564 kB
Time pass: 170 sec

---2015-10-26 12:50:36
MemTotal:        1745540 kB
MemFree:          288532 kB
Buffers:            8140 kB
Cached:           307780 kB
SwapCached:        29580 kB
Active:           427828 kB
Inactive:         494368 kB
Active(anon):     265972 kB
Inactive(anon):   344204 kB
Active(file):     161856 kB
Inactive(file):   150164 kB
Unevictable:        3816 kB
Mlocked:               0 kB
HighTotal:       1217536 kB
HighFree:         185104 kB
LowTotal:         528004 kB
LowFree:          103428 kB
SwapTotal:       1310716 kB
SwapFree:         623040 kB
Dirty:                 0 kB
Writeback:             0 kB
AnonPages:        582856 kB
Mapped:           152268 kB
Shmem:                84 kB
Slab:              62988 kB
SReclaimable:      16036 kB
SUnreclaim:        46952 kB
KernelStack:       15312 kB
PageTables:        51868 kB
NFS_Unstable:          0 kB
Bounce:                0 kB
WritebackTmp:          0 kB
CommitLimit:     2183484 kB
Committed_AS:   123984404 kB
VmallocTotal:     311296 kB
VmallocUsed:       22524 kB
VmallocChunk:     151564 kB
Time pass: 174 sec

---2015-10-26 12:50:36
MemTotal:        1745540 kB
MemFree:          288292 kB
Buffers:            8140 kB
Cached:           307780 kB
SwapCached:        29580 kB
Active:           428048 kB
Inactive:         494352 kB
Active(anon):     266192 kB
Inactive(anon):   344188 kB
Active(file):     161856 kB
Inactive(file):   150164 kB
Unevictable:        3816 kB
Mlocked:               0 kB
HighTotal:       1217536 kB
HighFree:         184840 kB
LowTotal:         528004 kB
LowFree:          103452 kB
SwapTotal:       1310716 kB
SwapFree:         623040 kB
Dirty:                 0 kB
Writeback:             0 kB
AnonPages:        583032 kB
Mapped:           152268 kB
Shmem:                84 kB
Slab:              62988 kB
SReclaimable:      16036 kB
SUnreclaim:        46952 kB
KernelStack:       15304 kB
PageTables:        51868 kB
NFS_Unstable:          0 kB
Bounce:                0 kB
WritebackTmp:          0 kB
CommitLimit:     2183484 kB
Committed_AS:   123984540 kB
VmallocTotal:     311296 kB
VmallocUsed:       22524 kB
VmallocChunk:     151564 kB
Time pass: 177 sec

---2015-10-26 12:50:36
MemTotal:        1745540 kB
MemFree:          285516 kB
Buffers:            8148 kB
Cached:           310748 kB
SwapCached:        29580 kB
Active:           428292 kB
Inactive:         496852 kB
Active(anon):     266428 kB
Inactive(anon):   343728 kB
Active(file):     161864 kB
Inactive(file):   153124 kB
Unevictable:        3816 kB
Mlocked:               0 kB
HighTotal:       1217536 kB
HighFree:         182096 kB
LowTotal:         528004 kB
LowFree:          103420 kB
SwapTotal:       1310716 kB
SwapFree:         623076 kB
Dirty:                28 kB
Writeback:             0 kB
AnonPages:        582808 kB
Mapped:           152376 kB
Shmem:                84 kB
Slab:              62988 kB
SReclaimable:      16036 kB
SUnreclaim:        46952 kB
KernelStack:       15320 kB
PageTables:        51884 kB
NFS_Unstable:          0 kB
Bounce:                0 kB
WritebackTmp:          0 kB
CommitLimit:     2183484 kB
Committed_AS:   123984012 kB
VmallocTotal:     311296 kB
VmallocUsed:       22524 kB
VmallocChunk:     151564 kB
Time pass: 181 sec

---2015-10-26 12:50:36
MemTotal:        1745540 kB
MemFree:          285372 kB
Buffers:            8156 kB
Cached:           310740 kB
SwapCached:        29580 kB
Active:           435124 kB
Inactive:         489236 kB
Active(anon):     273192 kB
Inactive(anon):   336172 kB
Active(file):     161932 kB
Inactive(file):   153064 kB
Unevictable:        3816 kB
Mlocked:               0 kB
HighTotal:       1217536 kB
HighFree:         182684 kB
LowTotal:         528004 kB
LowFree:          102688 kB
SwapTotal:       1310716 kB
SwapFree:         623176 kB
Dirty:                 0 kB
Writeback:             0 kB
AnonPages:        582172 kB
Mapped:           157156 kB
Shmem:                84 kB
Slab:              62988 kB
SReclaimable:      16036 kB
SUnreclaim:        46952 kB
KernelStack:       15320 kB
PageTables:        52580 kB
NFS_Unstable:          0 kB
Bounce:                0 kB
WritebackTmp:          0 kB
CommitLimit:     2183484 kB
Committed_AS:   126667832 kB
VmallocTotal:     311296 kB
VmallocUsed:       22660 kB
VmallocChunk:     151564 kB
Time pass: 185 sec

---2015-10-26 12:50:36
MemTotal:        1745540 kB
MemFree:          211568 kB
Buffers:            8264 kB
Cached:           315596 kB
SwapCached:        29780 kB
Active:           461492 kB
Inactive:         492568 kB
Active(anon):     297516 kB
Inactive(anon):   336716 kB
Active(file):     163976 kB
Inactive(file):   155852 kB
Unevictable:        3816 kB
Mlocked:               0 kB
HighTotal:       1217536 kB
HighFree:         118408 kB
LowTotal:         528004 kB
LowFree:           93160 kB
SwapTotal:       1310716 kB
SwapFree:         623548 kB
Dirty:              1144 kB
Writeback:             0 kB
AnonPages:        606592 kB
Mapped:           209292 kB
Shmem:               216 kB
Slab:              62984 kB
SReclaimable:      16036 kB
SUnreclaim:        46948 kB
KernelStack:       15816 kB
PageTables:        52940 kB
NFS_Unstable:          0 kB
Bounce:                0 kB
WritebackTmp:          0 kB
CommitLimit:     2183484 kB
Committed_AS:   125579640 kB
VmallocTotal:     311296 kB
VmallocUsed:       22896 kB
VmallocChunk:     151564 kB
Time pass: 189 sec

---2015-10-26 12:50:36
MemTotal:        1745540 kB
MemFree:          172572 kB
Buffers:            8264 kB
Cached:           315908 kB
SwapCached:        29792 kB
Active:           473908 kB
Inactive:         492976 kB
Active(anon):     309960 kB
Inactive(anon):   336720 kB
Active(file):     163948 kB
Inactive(file):   156256 kB
Unevictable:        3816 kB
Mlocked:               0 kB
HighTotal:       1217536 kB
HighFree:          79020 kB
LowTotal:         528004 kB
LowFree:           93552 kB
SwapTotal:       1310716 kB
SwapFree:         623628 kB
Dirty:              1236 kB
Writeback:             0 kB
AnonPages:        619052 kB
Mapped:           230588 kB
Shmem:               220 kB
Slab:              62964 kB
SReclaimable:      16020 kB
SUnreclaim:        46944 kB
KernelStack:       15896 kB
PageTables:        53016 kB
NFS_Unstable:          0 kB
Bounce:                0 kB
WritebackTmp:          0 kB
CommitLimit:     2183484 kB
Committed_AS:   125591572 kB
VmallocTotal:     311296 kB
VmallocUsed:       23056 kB
VmallocChunk:     151564 kB
Time pass: 193 sec

---2015-10-26 12:50:36
MemTotal:        1745540 kB
MemFree:          152972 kB
Buffers:            8272 kB
Cached:           315972 kB
SwapCached:        29792 kB
Active:           473744 kB
Inactive:         492828 kB
Active(anon):     309644 kB
Inactive(anon):   336720 kB
Active(file):     164100 kB
Inactive(file):   156108 kB
Unevictable:        3816 kB
Mlocked:               0 kB
HighTotal:       1217536 kB
HighFree:          59448 kB
LowTotal:         528004 kB
LowFree:           93524 kB
SwapTotal:       1310716 kB
SwapFree:         623628 kB
Dirty:              1520 kB
Writeback:             0 kB
AnonPages:        618588 kB
Mapped:           250912 kB
Shmem:               220 kB
Slab:              62964 kB
SReclaimable:      16020 kB
SUnreclaim:        46944 kB
KernelStack:       15840 kB
PageTables:        53100 kB
NFS_Unstable:          0 kB
Bounce:                0 kB
WritebackTmp:          0 kB
CommitLimit:     2183484 kB
Committed_AS:   125599844 kB
VmallocTotal:     311296 kB
VmallocUsed:       23092 kB
VmallocChunk:     151564 kB
Time pass: 197 sec

---2015-10-26 12:50:36
MemTotal:        1745540 kB
MemFree:          153216 kB
Buffers:            8280 kB
Cached:           315972 kB
SwapCached:        29792 kB
Active:           473828 kB
Inactive:         492832 kB
Active(anon):     309728 kB
Inactive(anon):   336720 kB
Active(file):     164100 kB
Inactive(file):   156112 kB
Unevictable:        3816 kB
Mlocked:               0 kB
HighTotal:       1217536 kB
HighFree:          59576 kB
LowTotal:         528004 kB
LowFree:           93640 kB
SwapTotal:       1310716 kB
SwapFree:         623628 kB
Dirty:                 0 kB
Writeback:             0 kB
AnonPages:        618776 kB
Mapped:           250804 kB
Shmem:               220 kB
Slab:              62996 kB
SReclaimable:      16020 kB
SUnreclaim:        46976 kB
KernelStack:       15840 kB
PageTables:        53120 kB
NFS_Unstable:          0 kB
Bounce:                0 kB
WritebackTmp:          0 kB
CommitLimit:     2183484 kB
Committed_AS:   125600004 kB
VmallocTotal:     311296 kB
VmallocUsed:       23092 kB
VmallocChunk:     151564 kB
Time pass: 200 sec

---2015-10-26 12:50:36
MemTotal:        1745540 kB
MemFree:          140848 kB
Buffers:            8280 kB
Cached:           316324 kB
SwapCached:        29796 kB
Active:           475980 kB
Inactive:         493176 kB
Active(anon):     311876 kB
Inactive(anon):   336744 kB
Active(file):     164104 kB
Inactive(file):   156432 kB
Unevictable:        3816 kB
Mlocked:               0 kB
HighTotal:       1217536 kB
HighFree:          47436 kB
LowTotal:         528004 kB
LowFree:           93412 kB
SwapTotal:       1310716 kB
SwapFree:         623648 kB
Dirty:               356 kB
Writeback:             0 kB
AnonPages:        621036 kB
Mapped:           258440 kB
Shmem:               220 kB
Slab:              62988 kB
SReclaimable:      16020 kB
SUnreclaim:        46968 kB
KernelStack:       15840 kB
PageTables:        53144 kB
NFS_Unstable:          0 kB
Bounce:                0 kB
WritebackTmp:          0 kB
CommitLimit:     2183484 kB
Committed_AS:   125600276 kB
VmallocTotal:     311296 kB
VmallocUsed:       23108 kB
VmallocChunk:     151564 kB
Time pass: 204 sec

---2015-10-26 12:50:36
MemTotal:        1745540 kB
MemFree:          123800 kB
Buffers:            8288 kB
Cached:           316396 kB
SwapCached:        29796 kB
Active:           488116 kB
Inactive:         493128 kB
Active(anon):     324012 kB
Inactive(anon):   336744 kB
Active(file):     164104 kB
Inactive(file):   156384 kB
Unevictable:        3816 kB
Mlocked:               0 kB
HighTotal:       1217536 kB
HighFree:          30668 kB
LowTotal:         528004 kB
LowFree:           93132 kB
SwapTotal:       1310716 kB
SwapFree:         623648 kB
Dirty:               372 kB
Writeback:             0 kB
AnonPages:        633184 kB
Mapped:           261800 kB
Shmem:               220 kB
Slab:              62988 kB
SReclaimable:      16020 kB
SUnreclaim:        46968 kB
KernelStack:       15848 kB
PageTables:        53144 kB
NFS_Unstable:          0 kB
Bounce:                0 kB
WritebackTmp:          0 kB
CommitLimit:     2183484 kB
Committed_AS:   125608548 kB
VmallocTotal:     311296 kB
VmallocUsed:       23244 kB
VmallocChunk:     151564 kB
Time pass: 208 sec

---2015-10-26 12:50:36
MemTotal:        1745540 kB
MemFree:          115684 kB
Buffers:            8288 kB
Cached:           316332 kB
SwapCached:        29796 kB
Active:           482460 kB
Inactive:         493208 kB
Active(anon):     318340 kB
Inactive(anon):   336744 kB
Active(file):     164120 kB
Inactive(file):   156464 kB
Unevictable:        3816 kB
Mlocked:               0 kB
HighTotal:       1217536 kB
HighFree:          26500 kB
LowTotal:         528004 kB
LowFree:           89184 kB
SwapTotal:       1310716 kB
SwapFree:         623648 kB
Dirty:               516 kB
Writeback:             0 kB
AnonPages:        627492 kB
Mapped:           272924 kB
Shmem:               220 kB
Slab:              62988 kB
SReclaimable:      16020 kB
SUnreclaim:        46968 kB
KernelStack:       15848 kB
PageTables:        53200 kB
NFS_Unstable:          0 kB
Bounce:                0 kB
WritebackTmp:          0 kB
CommitLimit:     2183484 kB
Committed_AS:   125609108 kB
VmallocTotal:     311296 kB
VmallocUsed:       23192 kB
VmallocChunk:     151564 kB
Time pass: 211 sec

---2015-10-26 12:50:36
MemTotal:        1745540 kB
MemFree:           61092 kB
Buffers:            8312 kB
Cached:           317700 kB
SwapCached:        29920 kB
Active:           495584 kB
Inactive:         494704 kB
Active(anon):     331460 kB
Inactive(anon):   337016 kB
Active(file):     164124 kB
Inactive(file):   157688 kB
Unevictable:        3816 kB
Mlocked:               0 kB
HighTotal:       1217536 kB
HighFree:          18988 kB
LowTotal:         528004 kB
LowFree:           42104 kB
SwapTotal:       1310716 kB
SwapFree:         623656 kB
Dirty:                88 kB
Writeback:             0 kB
AnonPages:        640504 kB
Mapped:           275788 kB
Shmem:               384 kB
Slab:              63044 kB
SReclaimable:      16036 kB
SUnreclaim:        47008 kB
KernelStack:       16144 kB
PageTables:        53396 kB
NFS_Unstable:          0 kB
Bounce:                0 kB
WritebackTmp:          0 kB
CommitLimit:     2183484 kB
Committed_AS:   125649400 kB
VmallocTotal:     311296 kB
VmallocUsed:       23260 kB
VmallocChunk:     151564 kB
Time pass: 216 sec

---2015-10-26 12:50:36
MemTotal:        1745540 kB
MemFree:           45396 kB
Buffers:            9276 kB
Cached:           307672 kB
SwapCached:        29512 kB
Active:           501304 kB
Inactive:         497780 kB
Active(anon):     343304 kB
Inactive(anon):   343196 kB
Active(file):     158000 kB
Inactive(file):   154584 kB
Unevictable:        3816 kB
Mlocked:               0 kB
HighTotal:       1217536 kB
HighFree:          21112 kB
LowTotal:         528004 kB
LowFree:           24284 kB
SwapTotal:       1310716 kB
SwapFree:         621128 kB
Dirty:                32 kB
Writeback:             0 kB
AnonPages:        658644 kB
Mapped:           280872 kB
Shmem:               436 kB
Slab:              63364 kB
SReclaimable:      16036 kB
SUnreclaim:        47328 kB
KernelStack:       16448 kB
PageTables:        54068 kB
NFS_Unstable:          0 kB
Bounce:                0 kB
WritebackTmp:          0 kB
CommitLimit:     2183484 kB
Committed_AS:   127191380 kB
VmallocTotal:     311296 kB
VmallocUsed:       23260 kB
VmallocChunk:     151564 kB
Time pass: 224 sec

---2015-10-26 12:50:36
MemTotal:        1745540 kB
MemFree:           44388 kB
Buffers:            9308 kB
Cached:           307632 kB
SwapCached:        29512 kB
Active:           503208 kB
Inactive:         497784 kB
Active(anon):     345196 kB
Inactive(anon):   343108 kB
Active(file):     158012 kB
Inactive(file):   154676 kB
Unevictable:        3816 kB
Mlocked:               0 kB
HighTotal:       1217536 kB
HighFree:          19744 kB
LowTotal:         528004 kB
LowFree:           24644 kB
SwapTotal:       1310716 kB
SwapFree:         621128 kB
Dirty:                 0 kB
Writeback:             0 kB
AnonPages:        660384 kB
Mapped:           280808 kB
Shmem:               436 kB
Slab:              63324 kB
SReclaimable:      16036 kB
SUnreclaim:        47288 kB
KernelStack:       16440 kB
PageTables:        54056 kB
NFS_Unstable:          0 kB
Bounce:                0 kB
WritebackTmp:          0 kB
CommitLimit:     2183484 kB
Committed_AS:   127192484 kB
VmallocTotal:     311296 kB
VmallocUsed:       23260 kB
VmallocChunk:     151564 kB
Time pass: 230 sec

---2015-10-26 12:50:36
MemTotal:        1745540 kB
MemFree:           56304 kB
Buffers:            9304 kB
Cached:           300192 kB
SwapCached:        29004 kB
Active:           502632 kB
Inactive:         488564 kB
Active(anon):     338356 kB
Inactive(anon):   347604 kB
Active(file):     164276 kB
Inactive(file):   140960 kB
Unevictable:        3816 kB
Mlocked:               0 kB
HighTotal:       1217536 kB
HighFree:          25092 kB
LowTotal:         528004 kB
LowFree:           31212 kB
SwapTotal:       1310716 kB
SwapFree:         614332 kB
Dirty:                92 kB
Writeback:             0 kB
AnonPages:        657952 kB
Mapped:           273996 kB
Shmem:               444 kB
Slab:              63288 kB
SReclaimable:      16036 kB
SUnreclaim:        47252 kB
KernelStack:       16136 kB
PageTables:        53500 kB
NFS_Unstable:          0 kB
Bounce:                0 kB
WritebackTmp:          0 kB
CommitLimit:     2183484 kB
Committed_AS:   125685088 kB
VmallocTotal:     311296 kB
VmallocUsed:       23260 kB
VmallocChunk:     151564 kB
Time pass: 235 sec

---2015-10-26 12:50:36
MemTotal:        1745540 kB
MemFree:           49592 kB
Buffers:            9312 kB
Cached:           300520 kB
SwapCached:        29016 kB
Active:           510164 kB
Inactive:         487260 kB
Active(anon):     345080 kB
Inactive(anon):   346772 kB
Active(file):     165084 kB
Inactive(file):   140488 kB
Unevictable:        3816 kB
Mlocked:               0 kB
HighTotal:       1217536 kB
HighFree:          20024 kB
LowTotal:         528004 kB
LowFree:           29568 kB
SwapTotal:       1310716 kB
SwapFree:         614352 kB
Dirty:                92 kB
Writeback:             0 kB
AnonPages:        663816 kB
Mapped:           280872 kB
Shmem:               444 kB
Slab:              63352 kB
SReclaimable:      16036 kB
SUnreclaim:        47316 kB
KernelStack:       16456 kB
PageTables:        54120 kB
NFS_Unstable:          0 kB
Bounce:                0 kB
WritebackTmp:          0 kB
CommitLimit:     2183484 kB
Committed_AS:   127220204 kB
VmallocTotal:     311296 kB
VmallocUsed:       23260 kB
VmallocChunk:     151564 kB
Time pass: 239 sec

---2015-10-26 12:50:36
MemTotal:        1745540 kB
MemFree:           52160 kB
Buffers:            9320 kB
Cached:           300524 kB
SwapCached:        29016 kB
Active:           506640 kB
Inactive:         487284 kB
Active(anon):     341556 kB
Inactive(anon):   346788 kB
Active(file):     165084 kB
Inactive(file):   140496 kB
Unevictable:        3816 kB
Mlocked:               0 kB
HighTotal:       1217536 kB
HighFree:          22632 kB
LowTotal:         528004 kB
LowFree:           29528 kB
SwapTotal:       1310716 kB
SwapFree:         614368 kB
Dirty:                52 kB
Writeback:             0 kB
AnonPages:        660364 kB
Mapped:           280836 kB
Shmem:               448 kB
Slab:              63356 kB
SReclaimable:      16036 kB
SUnreclaim:        47320 kB
KernelStack:       16440 kB
PageTables:        54104 kB
NFS_Unstable:          0 kB
Bounce:                0 kB
WritebackTmp:          0 kB
CommitLimit:     2183484 kB
Committed_AS:   127221492 kB
VmallocTotal:     311296 kB
VmallocUsed:       23260 kB
VmallocChunk:     151564 kB
Time pass: 243 sec

---2015-10-26 12:50:36
MemTotal:        1745540 kB
MemFree:           50468 kB
Buffers:            9328 kB
Cached:           300528 kB
SwapCached:        29016 kB
Active:           507832 kB
Inactive:         487296 kB
Active(anon):     342748 kB
Inactive(anon):   346792 kB
Active(file):     165084 kB
Inactive(file):   140504 kB
Unevictable:        3816 kB
Mlocked:               0 kB
HighTotal:       1217536 kB
HighFree:          21004 kB
LowTotal:         528004 kB
LowFree:           29464 kB
SwapTotal:       1310716 kB
SwapFree:         614372 kB
Dirty:                28 kB
Writeback:             0 kB
AnonPages:        661480 kB
Mapped:           280768 kB
Shmem:               452 kB
Slab:              63228 kB
SReclaimable:      16036 kB
SUnreclaim:        47192 kB
KernelStack:       16448 kB
PageTables:        54120 kB
NFS_Unstable:          0 kB
Bounce:                0 kB
WritebackTmp:          0 kB
CommitLimit:     2183484 kB
Committed_AS:   127221564 kB
VmallocTotal:     311296 kB
VmallocUsed:       23260 kB
VmallocChunk:     151564 kB
Time pass: 247 sec

---2015-10-26 12:50:36
MemTotal:        1745540 kB
MemFree:           49228 kB
Buffers:            9336 kB
Cached:           300528 kB
SwapCached:        29016 kB
Active:           509116 kB
Inactive:         487284 kB
Active(anon):     344028 kB
Inactive(anon):   346776 kB
Active(file):     165088 kB
Inactive(file):   140508 kB
Unevictable:        3816 kB
Mlocked:               0 kB
HighTotal:       1217536 kB
HighFree:          20208 kB
LowTotal:         528004 kB
LowFree:           29020 kB
SwapTotal:       1310716 kB
SwapFree:         614372 kB
Dirty:                32 kB
Writeback:             0 kB
AnonPages:        663028 kB
Mapped:           280768 kB
Shmem:               452 kB
Slab:              63324 kB
SReclaimable:      16036 kB
SUnreclaim:        47288 kB
KernelStack:       16432 kB
PageTables:        54128 kB
NFS_Unstable:          0 kB
Bounce:                0 kB
WritebackTmp:          0 kB
CommitLimit:     2183484 kB
Committed_AS:   127223936 kB
VmallocTotal:     311296 kB
VmallocUsed:       23328 kB
VmallocChunk:     151564 kB
Time pass: 251 sec

---2015-10-26 12:50:36
MemTotal:        1745540 kB
MemFree:           45760 kB
Buffers:            9360 kB
Cached:           299828 kB
SwapCached:        28776 kB
Active:           513028 kB
Inactive:         487084 kB
Active(anon):     347324 kB
Inactive(anon):   347868 kB
Active(file):     165704 kB
Inactive(file):   139216 kB
Unevictable:        3816 kB
Mlocked:               0 kB
HighTotal:       1217536 kB
HighFree:          20432 kB
LowTotal:         528004 kB
LowFree:           25328 kB
SwapTotal:       1310716 kB
SwapFree:         613412 kB
Dirty:               120 kB
Writeback:             0 kB
AnonPages:        667132 kB
Mapped:           280660 kB
Shmem:               452 kB
Slab:              63340 kB
SReclaimable:      16036 kB
SUnreclaim:        47304 kB
KernelStack:       16488 kB
PageTables:        54124 kB
NFS_Unstable:          0 kB
Bounce:                0 kB
WritebackTmp:          0 kB
CommitLimit:     2183484 kB
Committed_AS:   127225176 kB
VmallocTotal:     311296 kB
VmallocUsed:       24280 kB
VmallocChunk:     151564 kB
Time pass: 258 sec

---2015-10-26 12:50:36
MemTotal:        1745540 kB
MemFree:           45608 kB
Buffers:            9368 kB
Cached:           299820 kB
SwapCached:        28776 kB
Active:           513144 kB
Inactive:         487064 kB
Active(anon):     347440 kB
Inactive(anon):   347848 kB
Active(file):     165704 kB
Inactive(file):   139216 kB
Unevictable:        3816 kB
Mlocked:               0 kB
HighTotal:       1217536 kB
HighFree:          20044 kB
LowTotal:         528004 kB
LowFree:           25564 kB
SwapTotal:       1310716 kB
SwapFree:         613416 kB
Dirty:                 0 kB
Writeback:             0 kB
AnonPages:        667304 kB
Mapped:           280752 kB
Shmem:               452 kB
Slab:              63368 kB
SReclaimable:      16036 kB
SUnreclaim:        47332 kB
KernelStack:       16424 kB
PageTables:        54108 kB
NFS_Unstable:          0 kB
Bounce:                0 kB
WritebackTmp:          0 kB
CommitLimit:     2183484 kB
Committed_AS:   127225412 kB
VmallocTotal:     311296 kB
VmallocUsed:       24280 kB
VmallocChunk:     151564 kB
Time pass: 262 sec

---2015-10-26 12:50:36
MemTotal:        1745540 kB
MemFree:           44804 kB
Buffers:            9376 kB
Cached:           298616 kB
SwapCached:        28776 kB
Active:           513788 kB
Inactive:         486172 kB
Active(anon):     348208 kB
Inactive(anon):   348028 kB
Active(file):     165580 kB
Inactive(file):   138144 kB
Unevictable:        3816 kB
Mlocked:               0 kB
HighTotal:       1217536 kB
HighFree:          19596 kB
LowTotal:         528004 kB
LowFree:           25208 kB
SwapTotal:       1310716 kB
SwapFree:         613376 kB
Dirty:                48 kB
Writeback:             0 kB
AnonPages:        668236 kB
Mapped:           280588 kB
Shmem:               452 kB
Slab:              63376 kB
SReclaimable:      16036 kB
SUnreclaim:        47340 kB
KernelStack:       16448 kB
PageTables:        54124 kB
NFS_Unstable:          0 kB
Bounce:                0 kB
WritebackTmp:          0 kB
CommitLimit:     2183484 kB
Committed_AS:   127225452 kB
VmallocTotal:     311296 kB
VmallocUsed:       24348 kB
VmallocChunk:     151564 kB
Time pass: 267 sec

---2015-10-26 12:50:36
MemTotal:        1745540 kB
MemFree:           56296 kB
Buffers:            9376 kB
Cached:           298624 kB
SwapCached:        28776 kB
Active:           503884 kB
Inactive:         486180 kB
Active(anon):     338304 kB
Inactive(anon):   348032 kB
Active(file):     165580 kB
Inactive(file):   138148 kB
Unevictable:        3816 kB
Mlocked:               0 kB
HighTotal:       1217536 kB
HighFree:          27296 kB
LowTotal:         528004 kB
LowFree:           29000 kB
SwapTotal:       1310716 kB
SwapFree:         613376 kB
Dirty:                 4 kB
Writeback:             0 kB
AnonPages:        658192 kB
Mapped:           273868 kB
Shmem:               452 kB
Slab:              63432 kB
SReclaimable:      16036 kB
SUnreclaim:        47396 kB
KernelStack:       16312 kB
PageTables:        53524 kB
NFS_Unstable:          0 kB
Bounce:                0 kB
WritebackTmp:          0 kB
CommitLimit:     2183484 kB
Committed_AS:   125690296 kB
VmallocTotal:     311296 kB
VmallocUsed:       23260 kB
VmallocChunk:     151564 kB
Time pass: 271 sec

---2015-10-26 12:50:36
MemTotal:        1745540 kB
MemFree:           46228 kB
Buffers:            9548 kB
Cached:           298568 kB
SwapCached:        28776 kB
Active:           512428 kB
Inactive:         486288 kB
Active(anon):     346848 kB
Inactive(anon):   348020 kB
Active(file):     165580 kB
Inactive(file):   138268 kB
Unevictable:        3816 kB
Mlocked:               0 kB
HighTotal:       1217536 kB
HighFree:          18572 kB
LowTotal:         528004 kB
LowFree:           27656 kB
SwapTotal:       1310716 kB
SwapFree:         613380 kB
Dirty:                48 kB
Writeback:             0 kB
AnonPages:        666944 kB
Mapped:           278980 kB
Shmem:               452 kB
Slab:              63368 kB
SReclaimable:      16036 kB
SUnreclaim:        47332 kB
KernelStack:       16120 kB
PageTables:        54080 kB
NFS_Unstable:          0 kB
Bounce:                0 kB
WritebackTmp:          0 kB
CommitLimit:     2183484 kB
Committed_AS:   127224068 kB
VmallocTotal:     311296 kB
VmallocUsed:       24348 kB
VmallocChunk:     151564 kB
Time pass: 275 sec

---2015-10-26 12:50:36
MemTotal:        1745540 kB
MemFree:           44168 kB
Buffers:            9508 kB
Cached:           296700 kB
SwapCached:        28812 kB
Active:           516312 kB
Inactive:         485956 kB
Active(anon):     350848 kB
Inactive(anon):   349480 kB
Active(file):     165464 kB
Inactive(file):   136476 kB
Unevictable:        3816 kB
Mlocked:               0 kB
HighTotal:       1217536 kB
HighFree:          19776 kB
LowTotal:         528004 kB
LowFree:           24392 kB
SwapTotal:       1310716 kB
SwapFree:         613220 kB
Dirty:               104 kB
Writeback:             0 kB
AnonPages:        672156 kB
Mapped:           280268 kB
Shmem:               452 kB
Slab:              63308 kB
SReclaimable:      16036 kB
SUnreclaim:        47272 kB
KernelStack:       16456 kB
PageTables:        54140 kB
NFS_Unstable:          0 kB
Bounce:                0 kB
WritebackTmp:          0 kB
CommitLimit:     2183484 kB
Committed_AS:   127230612 kB
VmallocTotal:     311296 kB
VmallocUsed:       24280 kB
VmallocChunk:     151564 kB
Time pass: 279 sec

---2015-10-26 12:50:36
MemTotal:        1745540 kB
MemFree:           47640 kB
Buffers:            9508 kB
Cached:           296708 kB
SwapCached:        28812 kB
Active:           512728 kB
Inactive:         485960 kB
Active(anon):     347264 kB
Inactive(anon):   349476 kB
Active(file):     165464 kB
Inactive(file):   136484 kB
Unevictable:        3816 kB
Mlocked:               0 kB
HighTotal:       1217536 kB
HighFree:          21424 kB
LowTotal:         528004 kB
LowFree:           26216 kB
SwapTotal:       1310716 kB
SwapFree:         613220 kB
Dirty:                76 kB
Writeback:             0 kB
AnonPages:        668696 kB
Mapped:           280160 kB
Shmem:               452 kB
Slab:              63308 kB
SReclaimable:      16036 kB
SUnreclaim:        47272 kB
KernelStack:       16456 kB
PageTables:        54136 kB
NFS_Unstable:          0 kB
Bounce:                0 kB
WritebackTmp:          0 kB
CommitLimit:     2183484 kB
Committed_AS:   127230748 kB
VmallocTotal:     311296 kB
VmallocUsed:       24280 kB
VmallocChunk:     151564 kB
Time pass: 283 sec

---2015-10-26 12:50:36
MemTotal:        1745540 kB
MemFree:           47700 kB
Buffers:            9516 kB
Cached:           296700 kB
SwapCached:        28812 kB
Active:           512524 kB
Inactive:         485964 kB
Active(anon):     347060 kB
Inactive(anon):   349480 kB
Active(file):     165464 kB
Inactive(file):   136484 kB
Unevictable:        3816 kB
Mlocked:               0 kB
HighTotal:       1217536 kB
HighFree:          20992 kB
LowTotal:         528004 kB
LowFree:           26708 kB
SwapTotal:       1310716 kB
SwapFree:         613224 kB
Dirty:                 0 kB
Writeback:             0 kB
AnonPages:        668636 kB
Mapped:           280344 kB
Shmem:               452 kB
Slab:              63280 kB
SReclaimable:      16036 kB
SUnreclaim:        47244 kB
KernelStack:       16448 kB
PageTables:        54140 kB
NFS_Unstable:          0 kB
Bounce:                0 kB
WritebackTmp:          0 kB
CommitLimit:     2183484 kB
Committed_AS:   127231884 kB
VmallocTotal:     311296 kB
VmallocUsed:       24348 kB
VmallocChunk:     151564 kB
Time pass: 286 sec

---2015-10-26 12:50:36
MemTotal:        1745540 kB
MemFree:           58396 kB
Buffers:            9516 kB
Cached:           296708 kB
SwapCached:        28812 kB
Active:           502228 kB
Inactive:         485900 kB
Active(anon):     336764 kB
Inactive(anon):   349408 kB
Active(file):     165464 kB
Inactive(file):   136492 kB
Unevictable:        3816 kB
Mlocked:               0 kB
HighTotal:       1217536 kB
HighFree:          28224 kB
LowTotal:         528004 kB
LowFree:           30172 kB
SwapTotal:       1310716 kB
SwapFree:         613232 kB
Dirty:                16 kB
Writeback:             0 kB
AnonPages:        658080 kB
Mapped:           273408 kB
Shmem:               452 kB
Slab:              63248 kB
SReclaimable:      16036 kB
SUnreclaim:        47212 kB
KernelStack:       16448 kB
PageTables:        53548 kB
NFS_Unstable:          0 kB
Bounce:                0 kB
WritebackTmp:          0 kB
CommitLimit:     2183484 kB
Committed_AS:   125694564 kB
VmallocTotal:     311296 kB
VmallocUsed:       23328 kB
VmallocChunk:     151564 kB
Time pass: 290 sec

---2015-10-26 12:50:36
MemTotal:        1745540 kB
MemFree:           56052 kB
Buffers:            9532 kB
Cached:           296752 kB
SwapCached:        28812 kB
Active:           505168 kB
Inactive:         485964 kB
Active(anon):     339704 kB
Inactive(anon):   349456 kB
Active(file):     165464 kB
Inactive(file):   136508 kB
Unevictable:        3816 kB
Mlocked:               0 kB
HighTotal:       1217536 kB
HighFree:          25464 kB
LowTotal:         528004 kB
LowFree:           30588 kB
SwapTotal:       1310716 kB
SwapFree:         613236 kB
Dirty:                52 kB
Writeback:             0 kB
AnonPages:        661472 kB
Mapped:           275960 kB
Shmem:               496 kB
Slab:              63312 kB
SReclaimable:      16036 kB
SUnreclaim:        47276 kB
KernelStack:       16112 kB
PageTables:        53932 kB
NFS_Unstable:          0 kB
Bounce:                0 kB
WritebackTmp:          0 kB
CommitLimit:     2183484 kB
Committed_AS:   127210440 kB
VmallocTotal:     311296 kB
VmallocUsed:       24348 kB
VmallocChunk:     151564 kB
Time pass: 294 sec

---2015-10-26 12:50:36
MemTotal:        1745540 kB
MemFree:           44688 kB
Buffers:            9532 kB
Cached:           296772 kB
SwapCached:        28812 kB
Active:           516696 kB
Inactive:         485964 kB
Active(anon):     351232 kB
Inactive(anon):   349456 kB
Active(file):     165464 kB
Inactive(file):   136508 kB
Unevictable:        3816 kB
Mlocked:               0 kB
HighTotal:       1217536 kB
HighFree:          19004 kB
LowTotal:         528004 kB
LowFree:           25684 kB
SwapTotal:       1310716 kB
SwapFree:         613248 kB
Dirty:                20 kB
Writeback:             0 kB
AnonPages:        672528 kB
Mapped:           280216 kB
Shmem:               516 kB
Slab:              63376 kB
SReclaimable:      16036 kB
SUnreclaim:        47340 kB
KernelStack:       16432 kB
PageTables:        54144 kB
NFS_Unstable:          0 kB
Bounce:                0 kB
WritebackTmp:          0 kB
CommitLimit:     2183484 kB
Committed_AS:   127233272 kB
VmallocTotal:     311296 kB
VmallocUsed:       24280 kB
VmallocChunk:     151564 kB
Time pass: 298 sec

---2015-10-26 12:50:36
MemTotal:        1745540 kB
MemFree:           44452 kB
Buffers:            9540 kB
Cached:           296776 kB
SwapCached:        28812 kB
Active:           516696 kB
Inactive:         485980 kB
Active(anon):     351232 kB
Inactive(anon):   349464 kB
Active(file):     165464 kB
Inactive(file):   136516 kB
Unevictable:        3816 kB
Mlocked:               0 kB
HighTotal:       1217536 kB
HighFree:          18644 kB
LowTotal:         528004 kB
LowFree:           25808 kB
SwapTotal:       1310716 kB
SwapFree:         613252 kB
Dirty:                 0 kB
Writeback:             0 kB
AnonPages:        672472 kB
Mapped:           280344 kB
Shmem:               520 kB
Slab:              63312 kB
SReclaimable:      16036 kB
SUnreclaim:        47276 kB
KernelStack:       16424 kB
PageTables:        54148 kB
NFS_Unstable:          0 kB
Bounce:                0 kB
WritebackTmp:          0 kB
CommitLimit:     2183484 kB
Committed_AS:   127234476 kB
VmallocTotal:     311296 kB
VmallocUsed:       24280 kB
VmallocChunk:     151564 kB
Time pass: 302 sec

---2015-10-26 12:50:36
MemTotal:        1745540 kB
MemFree:           43740 kB
Buffers:            9560 kB
Cached:           296756 kB
SwapCached:        28812 kB
Active:           517144 kB
Inactive:         485980 kB
Active(anon):     351680 kB
Inactive(anon):   349464 kB
Active(file):     165464 kB
Inactive(file):   136516 kB
Unevictable:        3816 kB
Mlocked:               0 kB
HighTotal:       1217536 kB
HighFree:          18644 kB
LowTotal:         528004 kB
LowFree:           25096 kB
SwapTotal:       1310716 kB
SwapFree:         613256 kB
Dirty:                 0 kB
Writeback:             0 kB
AnonPages:        673108 kB
Mapped:           280232 kB
Shmem:               520 kB
Slab:              63376 kB
SReclaimable:      16036 kB
SUnreclaim:        47340 kB
KernelStack:       16432 kB
PageTables:        54144 kB
NFS_Unstable:          0 kB
Bounce:                0 kB
WritebackTmp:          0 kB
CommitLimit:     2183484 kB
Committed_AS:   127234628 kB
VmallocTotal:     311296 kB
VmallocUsed:       24280 kB
VmallocChunk:     151564 kB
Time pass: 306 sec

---2015-10-26 12:50:36
MemTotal:        1745540 kB
MemFree:           53808 kB
Buffers:            9516 kB
Cached:           296372 kB
SwapCached:        28812 kB
Active:           507216 kB
Inactive:         486128 kB
Active(anon):     342328 kB
Inactive(anon):   349464 kB
Active(file):     164888 kB
Inactive(file):   136664 kB
Unevictable:        3816 kB
Mlocked:               0 kB
HighTotal:       1217536 kB
HighFree:          25352 kB
LowTotal:         528004 kB
LowFree:           28456 kB
SwapTotal:       1310716 kB
SwapFree:         613256 kB
Dirty:                56 kB
Writeback:             0 kB
AnonPages:        663532 kB
Mapped:           273320 kB
Shmem:               520 kB
Slab:              63368 kB
SReclaimable:      16028 kB
SUnreclaim:        47340 kB
KernelStack:       16320 kB
PageTables:        53524 kB
NFS_Unstable:          0 kB
Bounce:                0 kB
WritebackTmp:          0 kB
CommitLimit:     2183484 kB
Committed_AS:   125697696 kB
VmallocTotal:     311296 kB
VmallocUsed:       23260 kB
VmallocChunk:     151564 kB
Time pass: 310 sec

---2015-10-26 12:50:36
MemTotal:        1745540 kB
MemFree:           52452 kB
Buffers:            9524 kB
Cached:           296604 kB
SwapCached:        28812 kB
Active:           508132 kB
Inactive:         486244 kB
Active(anon):     343240 kB
Inactive(anon):   349348 kB
Active(file):     164892 kB
Inactive(file):   136896 kB
Unevictable:        3816 kB
Mlocked:               0 kB
HighTotal:       1217536 kB
HighFree:          24456 kB
LowTotal:         528004 kB
LowFree:           27996 kB
SwapTotal:       1310716 kB
SwapFree:         613260 kB
Dirty:                68 kB
Writeback:             0 kB
AnonPages:        664544 kB
Mapped:           279936 kB
Shmem:               524 kB
Slab:              63372 kB
SReclaimable:      16028 kB
SUnreclaim:        47344 kB
KernelStack:       16392 kB
PageTables:        54112 kB
NFS_Unstable:          0 kB
Bounce:                0 kB
WritebackTmp:          0 kB
CommitLimit:     2183484 kB
Committed_AS:   127205628 kB
VmallocTotal:     311296 kB
VmallocUsed:       23260 kB
VmallocChunk:     151564 kB
Time pass: 319 sec

---2015-10-26 12:50:36
MemTotal:        1745540 kB
MemFree:           52312 kB
Buffers:            9532 kB
Cached:           296604 kB
SwapCached:        28812 kB
Active:           509928 kB
Inactive:         484620 kB
Active(anon):     343500 kB
Inactive(anon):   349252 kB
Active(file):     166428 kB
Inactive(file):   135368 kB
Unevictable:        3816 kB
Mlocked:               0 kB
HighTotal:       1217536 kB
HighFree:          24468 kB
LowTotal:         528004 kB
LowFree:           27844 kB
SwapTotal:       1310716 kB
SwapFree:         613260 kB
Dirty:                48 kB
Writeback:             0 kB
AnonPages:        664620 kB
Mapped:           279824 kB
Shmem:               524 kB
Slab:              63308 kB
SReclaimable:      16028 kB
SUnreclaim:        47280 kB
KernelStack:       16440 kB
PageTables:        54112 kB
NFS_Unstable:          0 kB
Bounce:                0 kB
WritebackTmp:          0 kB
CommitLimit:     2183484 kB
Committed_AS:   127205828 kB
VmallocTotal:     311296 kB
VmallocUsed:       23260 kB
VmallocChunk:     151564 kB
Time pass: 323 sec

---2015-10-26 12:50:36
MemTotal:        1745540 kB
MemFree:           51896 kB
Buffers:            9540 kB
Cached:           296604 kB
SwapCached:        28812 kB
Active:           510092 kB
Inactive:         484624 kB
Active(anon):     343664 kB
Inactive(anon):   349248 kB
Active(file):     166428 kB
Inactive(file):   135376 kB
Unevictable:        3816 kB
Mlocked:               0 kB
HighTotal:       1217536 kB
HighFree:          24104 kB
LowTotal:         528004 kB
LowFree:           27792 kB
SwapTotal:       1310716 kB
SwapFree:         613260 kB
Dirty:                 4 kB
Writeback:             0 kB
AnonPages:        664780 kB
Mapped:           279948 kB
Shmem:               524 kB
Slab:              63272 kB
SReclaimable:      16028 kB
SUnreclaim:        47244 kB
KernelStack:       16448 kB
PageTables:        54112 kB
NFS_Unstable:          0 kB
Bounce:                0 kB
WritebackTmp:          0 kB
CommitLimit:     2183484 kB
Committed_AS:   127205916 kB
VmallocTotal:     311296 kB
VmallocUsed:       23260 kB
VmallocChunk:     151564 kB
Time pass: 327 sec

---2015-10-26 12:50:36
MemTotal:        1745540 kB
MemFree:           63056 kB
Buffers:            9556 kB
Cached:           296892 kB
SwapCached:        28812 kB
Active:           499176 kB
Inactive:         484928 kB
Active(anon):     332748 kB
Inactive(anon):   349248 kB
Active(file):     166428 kB
Inactive(file):   135680 kB
Unevictable:        3816 kB
Mlocked:               0 kB
HighTotal:       1217536 kB
HighFree:          34160 kB
LowTotal:         528004 kB
LowFree:           28896 kB
SwapTotal:       1310716 kB
SwapFree:         613268 kB
Dirty:                60 kB
Writeback:             0 kB
AnonPages:        653912 kB
Mapped:           273216 kB
Shmem:               524 kB
Slab:              63340 kB
SReclaimable:      16028 kB
SUnreclaim:        47312 kB
KernelStack:       16168 kB
PageTables:        53492 kB
NFS_Unstable:          0 kB
Bounce:                0 kB
WritebackTmp:          0 kB
CommitLimit:     2183484 kB
Committed_AS:   125670472 kB
VmallocTotal:     311296 kB
VmallocUsed:       23260 kB
VmallocChunk:     151564 kB
Time pass: 330 sec

---2015-10-26 12:50:36
MemTotal:        1745540 kB
MemFree:           53504 kB
Buffers:            9572 kB
Cached:           296884 kB
SwapCached:        28812 kB
Active:           508016 kB
Inactive:         484868 kB
Active(anon):     341512 kB
Inactive(anon):   349256 kB
Active(file):     166504 kB
Inactive(file):   135612 kB
Unevictable:        3816 kB
Mlocked:               0 kB
HighTotal:       1217536 kB
HighFree:          26176 kB
LowTotal:         528004 kB
LowFree:           27328 kB
SwapTotal:       1310716 kB
SwapFree:         613280 kB
Dirty:                16 kB
Writeback:             0 kB
AnonPages:        662668 kB
Mapped:           278836 kB
Shmem:               524 kB
Slab:              63404 kB
SReclaimable:      16028 kB
SUnreclaim:        47376 kB
KernelStack:       16240 kB
PageTables:        54064 kB
NFS_Unstable:          0 kB
Bounce:                0 kB
WritebackTmp:          0 kB
CommitLimit:     2183484 kB
Committed_AS:   127204388 kB
VmallocTotal:     311296 kB
VmallocUsed:       23328 kB
VmallocChunk:     151564 kB
Time pass: 334 sec

---2015-10-26 12:50:36
MemTotal:        1745540 kB
MemFree:           49192 kB
Buffers:            9572 kB
Cached:           296936 kB
SwapCached:        28812 kB
Active:           513416 kB
Inactive:         484920 kB
Active(anon):     346900 kB
Inactive(anon):   349268 kB
Active(file):     166516 kB
Inactive(file):   135652 kB
Unevictable:        3816 kB
Mlocked:               0 kB
HighTotal:       1217536 kB
HighFree:          20700 kB
LowTotal:         528004 kB
LowFree:           28492 kB
SwapTotal:       1310716 kB
SwapFree:         613288 kB
Dirty:                60 kB
Writeback:             0 kB
AnonPages:        668036 kB
Mapped:           279964 kB
Shmem:               524 kB
Slab:              63308 kB
SReclaimable:      16028 kB
SUnreclaim:        47280 kB
KernelStack:       16392 kB
PageTables:        54128 kB
NFS_Unstable:          0 kB
Bounce:                0 kB
WritebackTmp:          0 kB
CommitLimit:     2183484 kB
Committed_AS:   127209068 kB
VmallocTotal:     311296 kB
VmallocUsed:       23260 kB
VmallocChunk:     151564 kB
Time pass: 338 sec

---2015-10-26 12:50:36
MemTotal:        1745540 kB
MemFree:           55576 kB
Buffers:            9580 kB
Cached:           296936 kB
SwapCached:        28812 kB
Active:           505980 kB
Inactive:         484932 kB
Active(anon):     339464 kB
Inactive(anon):   349272 kB
Active(file):     166516 kB
Inactive(file):   135660 kB
Unevictable:        3816 kB
Mlocked:               0 kB
HighTotal:       1217536 kB
HighFree:          25424 kB
LowTotal:         528004 kB
LowFree:           30152 kB
SwapTotal:       1310716 kB
SwapFree:         613292 kB
Dirty:                 0 kB
Writeback:             0 kB
AnonPages:        660728 kB
Mapped:           279852 kB
Shmem:               524 kB
Slab:              63212 kB
SReclaimable:      16028 kB
SUnreclaim:        47184 kB
KernelStack:       16448 kB
PageTables:        54124 kB
NFS_Unstable:          0 kB
Bounce:                0 kB
WritebackTmp:          0 kB
CommitLimit:     2183484 kB
Committed_AS:   127209212 kB
VmallocTotal:     311296 kB
VmallocUsed:       23260 kB
VmallocChunk:     151564 kB
Time pass: 342 sec

---2015-10-26 12:50:36
MemTotal:        1745540 kB
MemFree:           56000 kB
Buffers:            9588 kB
Cached:           296936 kB
SwapCached:        28812 kB
Active:           506144 kB
Inactive:         484924 kB
Active(anon):     339628 kB
Inactive(anon):   349256 kB
Active(file):     166516 kB
Inactive(file):   135668 kB
Unevictable:        3816 kB
Mlocked:               0 kB
HighTotal:       1217536 kB
HighFree:          25460 kB
LowTotal:         528004 kB
LowFree:           30540 kB
SwapTotal:       1310716 kB
SwapFree:         613300 kB
Dirty:                28 kB
Writeback:             0 kB
AnonPages:        660732 kB
Mapped:           279852 kB
Shmem:               524 kB
Slab:              63368 kB
SReclaimable:      16028 kB
SUnreclaim:        47340 kB
KernelStack:       16472 kB
PageTables:        54128 kB
NFS_Unstable:          0 kB
Bounce:                0 kB
WritebackTmp:          0 kB
CommitLimit:     2183484 kB
Committed_AS:   127209340 kB
VmallocTotal:     311296 kB
VmallocUsed:       23328 kB
VmallocChunk:     151564 kB
Time pass: 346 sec

---2015-10-26 12:50:36
MemTotal:        1745540 kB
MemFree:           67112 kB
Buffers:            9604 kB
Cached:           297376 kB
SwapCached:        28812 kB
Active:           494976 kB
Inactive:         485336 kB
Active(anon):     328460 kB
Inactive(anon):   349292 kB
Active(file):     166516 kB
Inactive(file):   136044 kB
Unevictable:        3816 kB
Mlocked:               0 kB
HighTotal:       1217536 kB
HighFree:          36008 kB
LowTotal:         528004 kB
LowFree:           31104 kB
SwapTotal:       1310716 kB
SwapFree:         613344 kB
Dirty:                64 kB
Writeback:             0 kB
AnonPages:        649632 kB
Mapped:           273112 kB
Shmem:               524 kB
Slab:              63336 kB
SReclaimable:      16028 kB
SUnreclaim:        47308 kB
KernelStack:       16120 kB
PageTables:        53512 kB
NFS_Unstable:          0 kB
Bounce:                0 kB
WritebackTmp:          0 kB
CommitLimit:     2183484 kB
Committed_AS:   125666776 kB
VmallocTotal:     311296 kB
VmallocUsed:       23260 kB
VmallocChunk:     151564 kB
Time pass: 350 sec

---2015-10-26 12:50:36
MemTotal:        1745540 kB
MemFree:           52812 kB
Buffers:            9612 kB
Cached:           297376 kB
SwapCached:        28812 kB
Active:           508200 kB
Inactive:         485400 kB
Active(anon):     341684 kB
Inactive(anon):   349268 kB
Active(file):     166516 kB
Inactive(file):   136132 kB
Unevictable:        3816 kB
Mlocked:               0 kB
HighTotal:       1217536 kB
HighFree:          22952 kB
LowTotal:         528004 kB
LowFree:           29860 kB
SwapTotal:       1310716 kB
SwapFree:         613344 kB
Dirty:                96 kB
Writeback:             0 kB
AnonPages:        662920 kB
Mapped:           279868 kB
Shmem:               524 kB
Slab:              63400 kB
SReclaimable:      16028 kB
SUnreclaim:        47372 kB
KernelStack:       16504 kB
PageTables:        54112 kB
NFS_Unstable:          0 kB
Bounce:                0 kB
WritebackTmp:          0 kB
CommitLimit:     2183484 kB
Committed_AS:   127204636 kB
VmallocTotal:     311296 kB
VmallocUsed:       23260 kB
VmallocChunk:     151564 kB
Time pass: 354 sec

---2015-10-26 12:50:36
MemTotal:        1745540 kB
MemFree:           55856 kB
Buffers:            9612 kB
Cached:           297376 kB
SwapCached:        28812 kB
Active:           504560 kB
Inactive:         485400 kB
Active(anon):     338044 kB
Inactive(anon):   349268 kB
Active(file):     166516 kB
Inactive(file):   136132 kB
Unevictable:        3816 kB
Mlocked:               0 kB
HighTotal:       1217536 kB
HighFree:          25296 kB
LowTotal:         528004 kB
LowFree:           30560 kB
SwapTotal:       1310716 kB
SwapFree:         613344 kB
Dirty:                 0 kB
Writeback:             0 kB
AnonPages:        659324 kB
Mapped:           280044 kB
Shmem:               524 kB
Slab:              63368 kB
SReclaimable:      16028 kB
SUnreclaim:        47340 kB
KernelStack:       16456 kB
PageTables:        54124 kB
NFS_Unstable:          0 kB
Bounce:                0 kB
WritebackTmp:          0 kB
CommitLimit:     2183484 kB
Committed_AS:   127204724 kB
VmallocTotal:     311296 kB
VmallocUsed:       23328 kB
VmallocChunk:     151564 kB
Time pass: 358 sec

---2015-10-26 12:50:36
MemTotal:        1745540 kB
MemFree:           56900 kB
Buffers:            9620 kB
Cached:           297376 kB
SwapCached:        28812 kB
Active:           504148 kB
Inactive:         485412 kB
Active(anon):     337632 kB
Inactive(anon):   349272 kB
Active(file):     166516 kB
Inactive(file):   136140 kB
Unevictable:        3816 kB
Mlocked:               0 kB
HighTotal:       1217536 kB
HighFree:          25960 kB
LowTotal:         528004 kB
LowFree:           30940 kB
SwapTotal:       1310716 kB
SwapFree:         613356 kB
Dirty:                28 kB
Writeback:             0 kB
AnonPages:        658856 kB
Mapped:           279872 kB
Shmem:               524 kB
Slab:              63300 kB
SReclaimable:      16028 kB
SUnreclaim:        47272 kB
KernelStack:       16456 kB
PageTables:        54124 kB
NFS_Unstable:          0 kB
Bounce:                0 kB
WritebackTmp:          0 kB
CommitLimit:     2183484 kB
Committed_AS:   127204796 kB
VmallocTotal:     311296 kB
VmallocUsed:       23260 kB
VmallocChunk:     151564 kB
Time pass: 362 sec

---2015-10-26 12:50:36
MemTotal:        1745540 kB
MemFree:           57200 kB
Buffers:            9628 kB
Cached:           297376 kB
SwapCached:        28812 kB
Active:           504684 kB
Inactive:         485432 kB
Active(anon):     338168 kB
Inactive(anon):   349284 kB
Active(file):     166516 kB
Inactive(file):   136148 kB
Unevictable:        3816 kB
Mlocked:               0 kB
HighTotal:       1217536 kB
HighFree:          26140 kB
LowTotal:         528004 kB
LowFree:           31060 kB
SwapTotal:       1310716 kB
SwapFree:         613360 kB
Dirty:                 4 kB
Writeback:             0 kB
AnonPages:        659356 kB
Mapped:           279944 kB
Shmem:               524 kB
Slab:              63264 kB
SReclaimable:      16028 kB
SUnreclaim:        47236 kB
KernelStack:       16432 kB
PageTables:        54112 kB
NFS_Unstable:          0 kB
Bounce:                0 kB
WritebackTmp:          0 kB
CommitLimit:     2183484 kB
Committed_AS:   127205972 kB
VmallocTotal:     311296 kB
VmallocUsed:       23260 kB
VmallocChunk:     151564 kB
Time pass: 366 sec

---2015-10-26 12:50:36
MemTotal:        1745540 kB
MemFree:           68492 kB
Buffers:            9628 kB
Cached:           297376 kB
SwapCached:        28812 kB
Active:           493984 kB
Inactive:         485432 kB
Active(anon):     327468 kB
Inactive(anon):   349284 kB
Active(file):     166516 kB
Inactive(file):   136148 kB
Unevictable:        3816 kB
Mlocked:               0 kB
HighTotal:       1217536 kB
HighFree:          36660 kB
LowTotal:         528004 kB
LowFree:           31832 kB
SwapTotal:       1310716 kB
SwapFree:         613364 kB
Dirty:                 0 kB
Writeback:             0 kB
AnonPages:        648536 kB
Mapped:           273272 kB
Shmem:               524 kB
Slab:              63232 kB
SReclaimable:      16028 kB
SUnreclaim:        47204 kB
KernelStack:       16120 kB
PageTables:        53516 kB
NFS_Unstable:          0 kB
Bounce:                0 kB
WritebackTmp:          0 kB
CommitLimit:     2183484 kB
Committed_AS:   125669580 kB
VmallocTotal:     311296 kB
VmallocUsed:       23260 kB
VmallocChunk:     151564 kB
Time pass: 371 sec

---2015-10-26 12:50:36
MemTotal:        1745540 kB
MemFree:           53072 kB
Buffers:            9636 kB
Cached:           297376 kB
SwapCached:        28812 kB
Active:           508644 kB
Inactive:         485440 kB
Active(anon):     342128 kB
Inactive(anon):   349284 kB
Active(file):     166516 kB
Inactive(file):   136156 kB
Unevictable:        3816 kB
Mlocked:               0 kB
HighTotal:       1217536 kB
HighFree:          22164 kB
LowTotal:         528004 kB
LowFree:           30908 kB
SwapTotal:       1310716 kB
SwapFree:         613364 kB
Dirty:                48 kB
Writeback:             0 kB
AnonPages:        663324 kB
Mapped:           279924 kB
