---2015-12-10 23:35:48
MemTotal:        2873608 kB
MemFree:          113572 kB
Buffers:           23212 kB
Cached:          1285776 kB
SwapCached:            0 kB
Active:          1316140 kB
Inactive:         910108 kB
Active(anon):     732176 kB
Inactive(anon):   194896 kB
Active(file):     583964 kB
Inactive(file):   715212 kB
Unevictable:        8088 kB
Mlocked:               0 kB
SwapTotal:        715328 kB
SwapFree:         715328 kB
Dirty:              6572 kB
Writeback:             0 kB
AnonPages:        925376 kB
Mapped:           449068 kB
Shmem:              1788 kB
Slab:              97292 kB
SReclaimable:      31748 kB
SUnreclaim:        65544 kB
KernelStack:       37136 kB
PageTables:        48320 kB
NFS_Unstable:          0 kB
Bounce:                0 kB
WritebackTmp:          0 kB
CommitLimit:     2152132 kB
Committed_AS:   120133848 kB
VmallocTotal:   251658176 kB
VmallocUsed:      134076 kB
VmallocChunk:   251415084 kB
Time pass: 4 sec

---2015-12-10 23:35:48
MemTotal:        2873608 kB
MemFree:           91484 kB
Buffers:           23596 kB
Cached:          1287176 kB
SwapCached:            0 kB
Active:          1340180 kB
Inactive:         907592 kB
Active(anon):     752008 kB
Inactive(anon):   194816 kB
Active(file):     588172 kB
Inactive(file):   712776 kB
Unevictable:        8088 kB
Mlocked:               0 kB
SwapTotal:        715328 kB
SwapFree:         715328 kB
Dirty:               248 kB
Writeback:             0 kB
AnonPages:        945104 kB
Mapped:           464784 kB
Shmem:              1736 kB
Slab:              96908 kB
SReclaimable:      31760 kB
SUnreclaim:        65148 kB
KernelStack:       36816 kB
PageTables:        48304 kB
NFS_Unstable:          0 kB
Bounce:                0 kB
WritebackTmp:          0 kB
CommitLimit:     2152132 kB
Committed_AS:   119577124 kB
VmallocTotal:   251658176 kB
VmallocUsed:      134076 kB
VmallocChunk:   251415084 kB
Time pass: 8 sec

---2015-12-10 23:35:48
MemTotal:        2873608 kB
MemFree:           84556 kB
Buffers:           25184 kB
Cached:          1287400 kB
SwapCached:            0 kB
Active:          1348828 kB
Inactive:         903760 kB
Active(anon):     755040 kB
Inactive(anon):   195000 kB
Active(file):     593788 kB
Inactive(file):   708760 kB
Unevictable:        8088 kB
Mlocked:               0 kB
SwapTotal:        715328 kB
SwapFree:         715328 kB
Dirty:              1024 kB
Writeback:             0 kB
AnonPages:        948500 kB
Mapped:           497224 kB
Shmem:              1928 kB
Slab:              96864 kB
SReclaimable:      31880 kB
SUnreclaim:        64984 kB
KernelStack:       36992 kB
PageTables:        48860 kB
NFS_Unstable:          0 kB
Bounce:                0 kB
WritebackTmp:          0 kB
CommitLimit:     2152132 kB
Committed_AS:   119234408 kB
VmallocTotal:   251658176 kB
VmallocUsed:      135232 kB
VmallocChunk:   251415084 kB
Time pass: 12 sec

---2015-12-10 23:35:48
MemTotal:        2873608 kB
MemFree:           79820 kB
Buffers:           25328 kB
Cached:          1309308 kB
SwapCached:            0 kB
Active:          1357776 kB
Inactive:         899828 kB
Active(anon):     737980 kB
Inactive(anon):   194932 kB
Active(file):     619796 kB
Inactive(file):   704896 kB
Unevictable:        8088 kB
Mlocked:               0 kB
SwapTotal:        715328 kB
SwapFree:         715328 kB
Dirty:                44 kB
Writeback:             0 kB
AnonPages:        931148 kB
Mapped:           474564 kB
Shmem:              1864 kB
Slab:              97348 kB
SReclaimable:      31972 kB
SUnreclaim:        65376 kB
KernelStack:       36736 kB
PageTables:        48656 kB
NFS_Unstable:          0 kB
Bounce:                0 kB
WritebackTmp:          0 kB
CommitLimit:     2152132 kB
Committed_AS:   119201884 kB
VmallocTotal:   251658176 kB
VmallocUsed:      135232 kB
VmallocChunk:   251416108 kB
Time pass: 16 sec

---2015-12-10 23:35:48
MemTotal:        2873608 kB
MemFree:           88404 kB
Buffers:           25440 kB
Cached:          1281572 kB
SwapCached:            0 kB
Active:          1409976 kB
Inactive:         841968 kB
Active(anon):     759704 kB
Inactive(anon):   195060 kB
Active(file):     650272 kB
Inactive(file):   646908 kB
Unevictable:        8088 kB
Mlocked:               0 kB
SwapTotal:        715328 kB
SwapFree:         715328 kB
Dirty:               376 kB
Writeback:             0 kB
AnonPages:        953192 kB
Mapped:           469224 kB
Shmem:              1732 kB
Slab:              97616 kB
SReclaimable:      32100 kB
SUnreclaim:        65516 kB
KernelStack:       36848 kB
PageTables:        47952 kB
NFS_Unstable:          0 kB
Bounce:                0 kB
WritebackTmp:          0 kB
CommitLimit:     2152132 kB
Committed_AS:   119646024 kB
VmallocTotal:   251658176 kB
VmallocUsed:      134076 kB
VmallocChunk:   251416108 kB
Time pass: 20 sec

---2015-12-10 23:35:48
MemTotal:        2873608 kB
MemFree:           77148 kB
Buffers:           26636 kB
Cached:          1214928 kB
SwapCached:            0 kB
Active:          1380264 kB
Inactive:         810688 kB
Active(anon):     767372 kB
Inactive(anon):   196952 kB
Active(file):     612892 kB
Inactive(file):   613736 kB
Unevictable:       13552 kB
Mlocked:               0 kB
SwapTotal:        715328 kB
SwapFree:         714036 kB
Dirty:              1416 kB
Writeback:             0 kB
AnonPages:        963172 kB
Mapped:           476536 kB
Shmem:              1184 kB
Slab:              98324 kB
SReclaimable:      32088 kB
SUnreclaim:        66236 kB
KernelStack:       37824 kB
PageTables:        49408 kB
NFS_Unstable:          0 kB
Bounce:                0 kB
WritebackTmp:          0 kB
CommitLimit:     2152132 kB
Committed_AS:   120922864 kB
VmallocTotal:   251658176 kB
VmallocUsed:      134564 kB
VmallocChunk:   251416108 kB
Time pass: 23 sec

---2015-12-10 23:35:48
MemTotal:        2873608 kB
MemFree:           78044 kB
Buffers:           25380 kB
Cached:          1125632 kB
SwapCached:            0 kB
Active:          1363860 kB
Inactive:         763180 kB
Active(anon):     789876 kB
Inactive(anon):   201076 kB
Active(file):     573984 kB
Inactive(file):   562104 kB
Unevictable:       13552 kB
Mlocked:               0 kB
SwapTotal:        715328 kB
SwapFree:         713640 kB
Dirty:               260 kB
Writeback:             0 kB
AnonPages:        989716 kB
Mapped:           545860 kB
Shmem:              1372 kB
Slab:              98204 kB
SReclaimable:      32112 kB
SUnreclaim:        66092 kB
KernelStack:       38960 kB
PageTables:        50132 kB
NFS_Unstable:          0 kB
Bounce:                0 kB
WritebackTmp:          0 kB
CommitLimit:     2152132 kB
Committed_AS:   119997452 kB
VmallocTotal:   251658176 kB
VmallocUsed:      137432 kB
VmallocChunk:   251416108 kB
Time pass: 27 sec

---2015-12-10 23:35:48
MemTotal:        2873608 kB
MemFree:           80468 kB
Buffers:           25936 kB
Cached:          1142220 kB
SwapCached:            0 kB
Active:          1349456 kB
Inactive:         777156 kB
Active(anon):     772384 kB
Inactive(anon):   200964 kB
Active(file):     577072 kB
Inactive(file):   576192 kB
Unevictable:       13552 kB
Mlocked:               0 kB
SwapTotal:        715328 kB
SwapFree:         713640 kB
Dirty:                96 kB
Writeback:             0 kB
AnonPages:        972484 kB
Mapped:           534352 kB
Shmem:              1260 kB
Slab:              98588 kB
SReclaimable:      32292 kB
SUnreclaim:        66296 kB
KernelStack:       38448 kB
PageTables:        50268 kB
NFS_Unstable:          0 kB
Bounce:                0 kB
WritebackTmp:          0 kB
CommitLimit:     2152132 kB
Committed_AS:   121082816 kB
VmallocTotal:   251658176 kB
VmallocUsed:      137432 kB
VmallocChunk:   251418156 kB
Time pass: 31 sec

---2015-12-10 23:35:48
MemTotal:        2873608 kB
MemFree:           71916 kB
Buffers:           19784 kB
Cached:          1160024 kB
SwapCached:            0 kB
Active:          1358980 kB
Inactive:         781760 kB
Active(anon):     774892 kB
Inactive(anon):   200768 kB
Active(file):     584088 kB
Inactive(file):   580992 kB
Unevictable:       13552 kB
Mlocked:               0 kB
SwapTotal:        715328 kB
SwapFree:         713640 kB
Dirty:               524 kB
Writeback:             0 kB
AnonPages:        974576 kB
Mapped:           521648 kB
Shmem:              1108 kB
Slab:              98920 kB
SReclaimable:      32212 kB
SUnreclaim:        66708 kB
KernelStack:       38288 kB
PageTables:        50464 kB
NFS_Unstable:          0 kB
Bounce:                0 kB
WritebackTmp:          0 kB
CommitLimit:     2152132 kB
Committed_AS:   122745628 kB
VmallocTotal:   251658176 kB
VmallocUsed:      136244 kB
VmallocChunk:   251418156 kB
Time pass: 34 sec

---2015-12-10 23:35:48
MemTotal:        2873608 kB
MemFree:           76476 kB
Buffers:           19536 kB
Cached:          1093828 kB
SwapCached:            0 kB
Active:          1378704 kB
Inactive:         758972 kB
Active(anon):     829584 kB
Inactive(anon):   209388 kB
Active(file):     549120 kB
Inactive(file):   549584 kB
Unevictable:       13552 kB
Mlocked:               0 kB
SwapTotal:        715328 kB
SwapFree:         712404 kB
Dirty:               368 kB
Writeback:             0 kB
AnonPages:       1038368 kB
Mapped:           544436 kB
Shmem:               892 kB
Slab:              99056 kB
SReclaimable:      32100 kB
SUnreclaim:        66956 kB
KernelStack:       39488 kB
PageTables:        51680 kB
NFS_Unstable:          0 kB
Bounce:                0 kB
WritebackTmp:          0 kB
CommitLimit:     2152132 kB
Committed_AS:   124542640 kB
VmallocTotal:   251658176 kB
VmallocUsed:      137264 kB
VmallocChunk:   251418156 kB
Time pass: 38 sec

---2015-12-10 23:35:48
MemTotal:        2873608 kB
MemFree:          105516 kB
Buffers:           19536 kB
Cached:          1089456 kB
SwapCached:            0 kB
Active:          1355128 kB
Inactive:         754500 kB
Active(anon):     804748 kB
Inactive(anon):   210564 kB
Active(file):     550380 kB
Inactive(file):   543936 kB
Unevictable:       13552 kB
Mlocked:               0 kB
SwapTotal:        715328 kB
SwapFree:         712404 kB
Dirty:                40 kB
Writeback:             0 kB
AnonPages:       1014072 kB
Mapped:           545220 kB
Shmem:              1124 kB
Slab:              99024 kB
SReclaimable:      32180 kB
SUnreclaim:        66844 kB
KernelStack:       39200 kB
PageTables:        51532 kB
NFS_Unstable:          0 kB
Bounce:                0 kB
WritebackTmp:          0 kB
CommitLimit:     2152132 kB
Committed_AS:   123861592 kB
VmallocTotal:   251658176 kB
VmallocUsed:      136244 kB
VmallocChunk:   251418156 kB
Time pass: 42 sec

---2015-12-10 23:35:48
MemTotal:        2873608 kB
MemFree:           65744 kB
Buffers:           18048 kB
Cached:          1028540 kB
SwapCached:            0 kB
Active:          1348916 kB
Inactive:         726080 kB
Active(anon):     832744 kB
Inactive(anon):   210052 kB
Active(file):     516172 kB
Inactive(file):   516028 kB
Unevictable:       13552 kB
Mlocked:               0 kB
SwapTotal:        715328 kB
SwapFree:         711940 kB
Dirty:               432 kB
Writeback:             8 kB
AnonPages:       1041640 kB
Mapped:           575544 kB
Shmem:              1124 kB
Slab:              98764 kB
SReclaimable:      32100 kB
SUnreclaim:        66664 kB
KernelStack:       38816 kB
PageTables:        50836 kB
NFS_Unstable:          0 kB
Bounce:                0 kB
WritebackTmp:          0 kB
CommitLimit:     2152132 kB
Committed_AS:   120319388 kB
VmallocTotal:   251658176 kB
VmallocUsed:      134448 kB
VmallocChunk:   251418156 kB
Time pass: 45 sec

---2015-12-10 23:35:48
MemTotal:        2873608 kB
MemFree:           75964 kB
Buffers:           18160 kB
Cached:          1028972 kB
SwapCached:            0 kB
Active:          1364796 kB
Inactive:         700420 kB
Active(anon):     822820 kB
Inactive(anon):   209940 kB
Active(file):     541976 kB
Inactive(file):   490480 kB
Unevictable:       13552 kB
Mlocked:               0 kB
SwapTotal:        715328 kB
SwapFree:         711940 kB
Dirty:               584 kB
Writeback:             0 kB
AnonPages:       1031572 kB
Mapped:           558372 kB
Shmem:              1124 kB
Slab:              98732 kB
SReclaimable:      32132 kB
SUnreclaim:        66600 kB
KernelStack:       38832 kB
PageTables:        50788 kB
NFS_Unstable:          0 kB
Bounce:                0 kB
WritebackTmp:          0 kB
CommitLimit:     2152132 kB
Committed_AS:   120318864 kB
VmallocTotal:   251658176 kB
VmallocUsed:      134448 kB
VmallocChunk:   251418156 kB
Time pass: 49 sec

---2015-12-10 23:35:48
MemTotal:        2873608 kB
MemFree:           68196 kB
Buffers:           16312 kB
Cached:          1004908 kB
SwapCached:            0 kB
Active:          1353388 kB
Inactive:         701596 kB
Active(anon):     838996 kB
Inactive(anon):   209712 kB
Active(file):     514392 kB
Inactive(file):   491884 kB
Unevictable:       13556 kB
Mlocked:               0 kB
SwapTotal:        715328 kB
SwapFree:         710464 kB
Dirty:              1192 kB
Writeback:             0 kB
AnonPages:       1047396 kB
Mapped:           590604 kB
Shmem:              1128 kB
Slab:              98436 kB
SReclaimable:      31908 kB
SUnreclaim:        66528 kB
KernelStack:       39136 kB
PageTables:        50768 kB
NFS_Unstable:          0 kB
Bounce:                0 kB
WritebackTmp:          0 kB
CommitLimit:     2152132 kB
Committed_AS:   120328656 kB
VmallocTotal:   251658176 kB
VmallocUsed:      134624 kB
VmallocChunk:   251418156 kB
Time pass: 53 sec

---2015-12-10 23:35:48
MemTotal:        2873608 kB
MemFree:           79324 kB
Buffers:           16328 kB
Cached:           987004 kB
SwapCached:            0 kB
Active:          1332988 kB
Inactive:         696156 kB
Active(anon):     830376 kB
Inactive(anon):   209816 kB
Active(file):     502612 kB
Inactive(file):   486340 kB
Unevictable:       13564 kB
Mlocked:               0 kB
SwapTotal:        715328 kB
SwapFree:         709664 kB
Dirty:               124 kB
Writeback:             0 kB
AnonPages:       1039576 kB
Mapped:           607772 kB
Shmem:               764 kB
Slab:              98876 kB
SReclaimable:      31984 kB
SUnreclaim:        66892 kB
KernelStack:       39120 kB
PageTables:        50852 kB
NFS_Unstable:          0 kB
Bounce:                0 kB
WritebackTmp:          0 kB
CommitLimit:     2152132 kB
Committed_AS:   120328344 kB
VmallocTotal:   251658176 kB
VmallocUsed:      134788 kB
VmallocChunk:   251418156 kB
Time pass: 57 sec

---2015-12-10 23:35:48
MemTotal:        2873608 kB
MemFree:           78892 kB
Buffers:           16328 kB
Cached:           987012 kB
SwapCached:            0 kB
Active:          1333164 kB
Inactive:         696216 kB
Active(anon):     830552 kB
Inactive(anon):   209816 kB
Active(file):     502612 kB
Inactive(file):   486400 kB
Unevictable:       13564 kB
Mlocked:               0 kB
SwapTotal:        715328 kB
SwapFree:         709664 kB
Dirty:               136 kB
Writeback:             0 kB
AnonPages:       1039740 kB
Mapped:           607780 kB
Shmem:               764 kB
Slab:              98860 kB
SReclaimable:      31984 kB
SUnreclaim:        66876 kB
KernelStack:       39152 kB
PageTables:        50892 kB
NFS_Unstable:          0 kB
Bounce:                0 kB
WritebackTmp:          0 kB
CommitLimit:     2152132 kB
Committed_AS:   120328328 kB
VmallocTotal:   251658176 kB
VmallocUsed:      134788 kB
VmallocChunk:   251418156 kB
Time pass: 60 sec

---2015-12-10 23:35:48
MemTotal:        2873608 kB
MemFree:           67800 kB
Buffers:           16336 kB
Cached:           984700 kB
SwapCached:            0 kB
Active:          1331512 kB
Inactive:         697052 kB
Active(anon):     831660 kB
Inactive(anon):   210300 kB
Active(file):     499852 kB
Inactive(file):   486752 kB
Unevictable:       13564 kB
Mlocked:               0 kB
SwapTotal:        715328 kB
SwapFree:         709556 kB
Dirty:               120 kB
Writeback:             0 kB
AnonPages:       1041164 kB
Mapped:           616868 kB
Shmem:               764 kB
Slab:              98632 kB
SReclaimable:      31984 kB
SUnreclaim:        66648 kB
KernelStack:       39088 kB
PageTables:        50872 kB
NFS_Unstable:          0 kB
Bounce:                0 kB
WritebackTmp:          0 kB
CommitLimit:     2152132 kB
Committed_AS:   120328432 kB
VmallocTotal:   251658176 kB
VmallocUsed:      134872 kB
VmallocChunk:   251418156 kB
Time pass: 64 sec

---2015-12-10 23:35:48
MemTotal:        2873608 kB
MemFree:           67988 kB
Buffers:           16356 kB
Cached:           984700 kB
SwapCached:            0 kB
Active:          1331596 kB
Inactive:         697164 kB
Active(anon):     831744 kB
Inactive(anon):   210300 kB
Active(file):     499852 kB
Inactive(file):   486864 kB
Unevictable:       13564 kB
Mlocked:               0 kB
SwapTotal:        715328 kB
SwapFree:         709556 kB
Dirty:                 0 kB
Writeback:             0 kB
AnonPages:       1041268 kB
Mapped:           616868 kB
Shmem:               764 kB
Slab:              98632 kB
SReclaimable:      31984 kB
SUnreclaim:        66648 kB
KernelStack:       39088 kB
PageTables:        50876 kB
NFS_Unstable:          0 kB
Bounce:                0 kB
WritebackTmp:          0 kB
CommitLimit:     2152132 kB
Committed_AS:   120328368 kB
VmallocTotal:   251658176 kB
VmallocUsed:      134872 kB
VmallocChunk:   251418156 kB
Time pass: 68 sec

---2015-12-10 23:35:48
MemTotal:        2873608 kB
MemFree:           71188 kB
Buffers:           15836 kB
Cached:           958616 kB
SwapCached:            0 kB
Active:          1325976 kB
Inactive:         681168 kB
Active(anon):     835648 kB
Inactive(anon):   211312 kB
Active(file):     490328 kB
Inactive(file):   469856 kB
Unevictable:       13568 kB
Mlocked:               0 kB
SwapTotal:        715328 kB
SwapFree:         708140 kB
Dirty:                40 kB
Writeback:            56 kB
AnonPages:       1046468 kB
Mapped:           628072 kB
Shmem:               696 kB
Slab:              98704 kB
SReclaimable:      32000 kB
SUnreclaim:        66704 kB
KernelStack:       39088 kB
PageTables:        50884 kB
NFS_Unstable:          0 kB
Bounce:                0 kB
WritebackTmp:          0 kB
CommitLimit:     2152132 kB
Committed_AS:   120328840 kB
VmallocTotal:   251658176 kB
VmallocUsed:      135024 kB
VmallocChunk:   251418156 kB
Time pass: 72 sec

---2015-12-10 23:35:48
MemTotal:        2873608 kB
MemFree:           66968 kB
Buffers:           15864 kB
Cached:           955184 kB
SwapCached:            0 kB
Active:          1331436 kB
Inactive:         680912 kB
Active(anon):     844676 kB
Inactive(anon):   210844 kB
Active(file):     486760 kB
Inactive(file):   470068 kB
Unevictable:       13568 kB
Mlocked:               0 kB
SwapTotal:        715328 kB
SwapFree:         707720 kB
Dirty:               352 kB
Writeback:             0 kB
AnonPages:       1055028 kB
Mapped:           630876 kB
Shmem:               476 kB
Slab:              99052 kB
SReclaimable:      32208 kB
SUnreclaim:        66844 kB
KernelStack:       39168 kB
PageTables:        50904 kB
NFS_Unstable:          0 kB
Bounce:                0 kB
WritebackTmp:          0 kB
CommitLimit:     2152132 kB
Committed_AS:   120333160 kB
VmallocTotal:   251658176 kB
VmallocUsed:      135024 kB
VmallocChunk:   251418156 kB
Time pass: 75 sec

---2015-12-10 23:35:48
MemTotal:        2873608 kB
MemFree:           63620 kB
Buffers:           15780 kB
Cached:           945224 kB
SwapCached:           12 kB
Active:          1338524 kB
Inactive:         678464 kB
Active(anon):     856836 kB
Inactive(anon):   213396 kB
Active(file):     481688 kB
Inactive(file):   465068 kB
Unevictable:       13568 kB
Mlocked:               0 kB
SwapTotal:        715328 kB
SwapFree:         706884 kB
Dirty:               348 kB
Writeback:             0 kB
AnonPages:       1069624 kB
Mapped:           631884 kB
Shmem:               680 kB
Slab:              99260 kB
SReclaimable:      32240 kB
SUnreclaim:        67020 kB
KernelStack:       39392 kB
PageTables:        51144 kB
NFS_Unstable:          0 kB
Bounce:                0 kB
WritebackTmp:          0 kB
CommitLimit:     2152132 kB
Committed_AS:   120377044 kB
VmallocTotal:   251658176 kB
VmallocUsed:      137456 kB
VmallocChunk:   251418156 kB
Time pass: 79 sec

---2015-12-10 23:35:48
MemTotal:        2873608 kB
MemFree:           64304 kB
Buffers:           15740 kB
Cached:           921640 kB
SwapCached:           12 kB
Active:          1325420 kB
Inactive:         668192 kB
Active(anon):     856244 kB
Inactive(anon):   214248 kB
Active(file):     469176 kB
Inactive(file):   453944 kB
Unevictable:       13568 kB
Mlocked:               0 kB
SwapTotal:        715328 kB
SwapFree:         705212 kB
Dirty:                 0 kB
Writeback:             0 kB
AnonPages:       1069732 kB
Mapped:           631392 kB
Shmem:               692 kB
Slab:              99156 kB
SReclaimable:      32288 kB
SUnreclaim:        66868 kB
KernelStack:       39296 kB
PageTables:        51280 kB
NFS_Unstable:          0 kB
Bounce:                0 kB
WritebackTmp:          0 kB
CommitLimit:     2152132 kB
Committed_AS:   120381024 kB
VmallocTotal:   251658176 kB
VmallocUsed:      137456 kB
VmallocChunk:   251418156 kB
Time pass: 83 sec

---2015-12-10 23:35:48
MemTotal:        2873608 kB
MemFree:           67764 kB
Buffers:           15656 kB
Cached:           916440 kB
SwapCached:           12 kB
Active:          1325604 kB
Inactive:         663800 kB
Active(anon):     857064 kB
Inactive(anon):   214564 kB
Active(file):     468540 kB
Inactive(file):   449236 kB
Unevictable:       13568 kB
Mlocked:               0 kB
SwapTotal:        715328 kB
SwapFree:         704716 kB
Dirty:                68 kB
Writeback:             0 kB
AnonPages:       1070980 kB
Mapped:           631264 kB
Shmem:               752 kB
Slab:              99228 kB
SReclaimable:      32288 kB
SUnreclaim:        66940 kB
KernelStack:       39280 kB
PageTables:        51276 kB
NFS_Unstable:          0 kB
Bounce:                0 kB
WritebackTmp:          0 kB
CommitLimit:     2152132 kB
Committed_AS:   120381004 kB
VmallocTotal:   251658176 kB
VmallocUsed:      137456 kB
VmallocChunk:   251418156 kB
Time pass: 87 sec

---2015-12-10 23:35:48
MemTotal:        2873608 kB
MemFree:           67736 kB
Buffers:           15664 kB
Cached:           916664 kB
SwapCached:           12 kB
Active:          1326032 kB
Inactive:         664032 kB
Active(anon):     857492 kB
Inactive(anon):   214788 kB
Active(file):     468540 kB
Inactive(file):   449244 kB
Unevictable:       13568 kB
Mlocked:               0 kB
SwapTotal:        715328 kB
SwapFree:         704716 kB
Dirty:                32 kB
Writeback:             0 kB
AnonPages:       1071192 kB
Mapped:           631588 kB
Shmem:               976 kB
Slab:              99344 kB
SReclaimable:      32288 kB
SUnreclaim:        67056 kB
KernelStack:       39216 kB
PageTables:        51316 kB
NFS_Unstable:          0 kB
Bounce:                0 kB
WritebackTmp:          0 kB
CommitLimit:     2152132 kB
Committed_AS:   120380884 kB
VmallocTotal:   251658176 kB
VmallocUsed:      137456 kB
VmallocChunk:   251418156 kB
Time pass: 91 sec

---2015-12-10 23:35:48
MemTotal:        2873608 kB
MemFree:           65836 kB
Buffers:           15688 kB
Cached:           917268 kB
SwapCached:           12 kB
Active:          1327268 kB
Inactive:         664616 kB
Active(anon):     858684 kB
Inactive(anon):   214800 kB
Active(file):     468584 kB
Inactive(file):   449816 kB
Unevictable:       13568 kB
Mlocked:               0 kB
SwapTotal:        715328 kB
SwapFree:         704716 kB
Dirty:                84 kB
Writeback:             0 kB
AnonPages:       1072360 kB
Mapped:           631760 kB
Shmem:               988 kB
Slab:              99220 kB
SReclaimable:      32288 kB
SUnreclaim:        66932 kB
KernelStack:       39200 kB
PageTables:        51316 kB
NFS_Unstable:          0 kB
Bounce:                0 kB
WritebackTmp:          0 kB
CommitLimit:     2152132 kB
Committed_AS:   120380820 kB
VmallocTotal:   251658176 kB
VmallocUsed:      137456 kB
VmallocChunk:   251418156 kB
Time pass: 95 sec

---2015-12-10 23:35:48
MemTotal:        2873608 kB
MemFree:           92992 kB
Buffers:           15600 kB
Cached:           913032 kB
SwapCached:           12 kB
Active:          1321740 kB
Inactive:         655224 kB
Active(anon):     847732 kB
Inactive(anon):   214804 kB
Active(file):     474008 kB
Inactive(file):   440420 kB
Unevictable:       13568 kB
Mlocked:               0 kB
SwapTotal:        715328 kB
SwapFree:         704232 kB
Dirty:               200 kB
Writeback:             0 kB
AnonPages:       1062140 kB
Mapped:           628072 kB
Shmem:               420 kB
Slab:              99288 kB
SReclaimable:      32176 kB
SUnreclaim:        67112 kB
KernelStack:       38784 kB
PageTables:        50960 kB
NFS_Unstable:          0 kB
Bounce:                0 kB
WritebackTmp:          0 kB
CommitLimit:     2152132 kB
Committed_AS:   122677848 kB
VmallocTotal:   251658176 kB
VmallocUsed:      137376 kB
VmallocChunk:   251418156 kB
Time pass: 98 sec

---2015-12-10 23:35:48
MemTotal:        2873608 kB
MemFree:          358536 kB
Buffers:           13044 kB
Cached:           869616 kB
SwapCached:           12 kB
Active:          1205144 kB
Inactive:         625140 kB
Active(anon):     752788 kB
Inactive(anon):   208692 kB
Active(file):     452356 kB
Inactive(file):   416448 kB
Unevictable:       13568 kB
Mlocked:               0 kB
SwapTotal:        715328 kB
SwapFree:         699644 kB
Dirty:                 4 kB
Writeback:             0 kB
AnonPages:        961168 kB
Mapped:           467488 kB
Shmem:               284 kB
Slab:              99060 kB
SReclaimable:      32096 kB
SUnreclaim:        66964 kB
KernelStack:       37248 kB
PageTables:        48548 kB
NFS_Unstable:          0 kB
Bounce:                0 kB
WritebackTmp:          0 kB
CommitLimit:     2152132 kB
Committed_AS:   116611916 kB
VmallocTotal:   251658176 kB
VmallocUsed:      134492 kB
VmallocChunk:   251418156 kB
Time pass: 102 sec

---2015-12-10 23:35:48
MemTotal:        2873608 kB
MemFree:          388848 kB
Buffers:           13460 kB
Cached:           872760 kB
SwapCached:           52 kB
Active:          1233212 kB
Inactive:         622976 kB
Active(anon):     775356 kB
Inactive(anon):   209760 kB
Active(file):     457856 kB
Inactive(file):   413216 kB
Unevictable:       13568 kB
Mlocked:               0 kB
SwapTotal:        715328 kB
SwapFree:         699644 kB
Dirty:              1324 kB
Writeback:             0 kB
AnonPages:        983976 kB
Mapped:           450528 kB
Shmem:              1384 kB
Slab:              99308 kB
SReclaimable:      32208 kB
SUnreclaim:        67100 kB
KernelStack:       37904 kB
PageTables:        49072 kB
NFS_Unstable:          0 kB
Bounce:                0 kB
WritebackTmp:          0 kB
CommitLimit:     2152132 kB
Committed_AS:   117913096 kB
VmallocTotal:   251658176 kB
VmallocUsed:      134912 kB
VmallocChunk:   251418156 kB
Time pass: 106 sec

---2015-12-10 23:35:48
MemTotal:        2873608 kB
MemFree:          274392 kB
Buffers:           13496 kB
Cached:           876976 kB
SwapCached:           72 kB
Active:          1273524 kB
Inactive:         625692 kB
Active(anon):     814072 kB
Inactive(anon):   210012 kB
Active(file):     459452 kB
Inactive(file):   415680 kB
Unevictable:       13568 kB
Mlocked:               0 kB
SwapTotal:        715328 kB
SwapFree:         699644 kB
Dirty:              2244 kB
Writeback:             0 kB
AnonPages:       1022660 kB
Mapped:           527684 kB
Shmem:              1576 kB
Slab:              99436 kB
SReclaimable:      32240 kB
SUnreclaim:        67196 kB
KernelStack:       38528 kB
PageTables:        50060 kB
NFS_Unstable:          0 kB
Bounce:                0 kB
WritebackTmp:          0 kB
CommitLimit:     2152132 kB
Committed_AS:   119736364 kB
VmallocTotal:   251658176 kB
VmallocUsed:      136532 kB
VmallocChunk:   251418156 kB
Time pass: 109 sec

---2015-12-10 23:35:48
MemTotal:        2873608 kB
MemFree:          204076 kB
Buffers:           13684 kB
Cached:           877712 kB
SwapCached:           72 kB
Active:          1278412 kB
Inactive:         625084 kB
Active(anon):     817216 kB
Inactive(anon):   208872 kB
Active(file):     461196 kB
Inactive(file):   416212 kB
Unevictable:       13568 kB
Mlocked:               0 kB
SwapTotal:        715328 kB
SwapFree:         699644 kB
Dirty:               868 kB
Writeback:             0 kB
AnonPages:       1025420 kB
Mapped:           584980 kB
Shmem:               420 kB
Slab:              99276 kB
SReclaimable:      32164 kB
SUnreclaim:        67112 kB
KernelStack:       38864 kB
PageTables:        50504 kB
NFS_Unstable:          0 kB
Bounce:                0 kB
WritebackTmp:          0 kB
CommitLimit:     2152132 kB
Committed_AS:   119732380 kB
VmallocTotal:   251658176 kB
VmallocUsed:      134628 kB
VmallocChunk:   251418156 kB
Time pass: 113 sec

---2015-12-10 23:35:48
MemTotal:        2873608 kB
MemFree:          203864 kB
Buffers:           13692 kB
Cached:           877704 kB
SwapCached:           72 kB
Active:          1278556 kB
Inactive:         625084 kB
Active(anon):     817360 kB
Inactive(anon):   208872 kB
Active(file):     461196 kB
Inactive(file):   416212 kB
Unevictable:       13568 kB
Mlocked:               0 kB
SwapTotal:        715328 kB
SwapFree:         699644 kB
Dirty:               208 kB
Writeback:             0 kB
AnonPages:       1025620 kB
Mapped:           585080 kB
Shmem:               420 kB
Slab:              99272 kB
SReclaimable:      32164 kB
SUnreclaim:        67108 kB
KernelStack:       38864 kB
PageTables:        50556 kB
NFS_Unstable:          0 kB
Bounce:                0 kB
WritebackTmp:          0 kB
CommitLimit:     2152132 kB
Committed_AS:   119732508 kB
VmallocTotal:   251658176 kB
VmallocUsed:      134628 kB
VmallocChunk:   251418156 kB
Time pass: 117 sec

---2015-12-10 23:35:48
MemTotal:        2873608 kB
MemFree:          188376 kB
Buffers:           13700 kB
Cached:           877728 kB
SwapCached:           72 kB
Active:          1281784 kB
Inactive:         625108 kB
Active(anon):     820580 kB
Inactive(anon):   208872 kB
Active(file):     461204 kB
Inactive(file):   416236 kB
Unevictable:       13568 kB
Mlocked:               0 kB
SwapTotal:        715328 kB
SwapFree:         699644 kB
Dirty:               176 kB
Writeback:             8 kB
AnonPages:       1028936 kB
Mapped:           594040 kB
Shmem:               420 kB
Slab:              99236 kB
SReclaimable:      32164 kB
SUnreclaim:        67072 kB
KernelStack:       38864 kB
PageTables:        50536 kB
NFS_Unstable:          0 kB
Bounce:                0 kB
WritebackTmp:          0 kB
CommitLimit:     2152132 kB
Committed_AS:   119732540 kB
VmallocTotal:   251658176 kB
VmallocUsed:      134712 kB
VmallocChunk:   251418156 kB
Time pass: 121 sec

---2015-12-10 23:35:48
MemTotal:        2873608 kB
MemFree:          164928 kB
Buffers:           13740 kB
Cached:           877776 kB
SwapCached:           96 kB
Active:          1306284 kB
Inactive:         625036 kB
Active(anon):     844900 kB
Inactive(anon):   208896 kB
Active(file):     461384 kB
Inactive(file):   416140 kB
Unevictable:       13568 kB
Mlocked:               0 kB
SwapTotal:        715328 kB
SwapFree:         699644 kB
Dirty:               472 kB
Writeback:             0 kB
AnonPages:       1053420 kB
Mapped:           600888 kB
Shmem:               420 kB
Slab:              99236 kB
SReclaimable:      32164 kB
SUnreclaim:        67072 kB
KernelStack:       39216 kB
PageTables:        51192 kB
NFS_Unstable:          0 kB
Bounce:                0 kB
WritebackTmp:          0 kB
CommitLimit:     2152132 kB
Committed_AS:   121523936 kB
VmallocTotal:   251658176 kB
VmallocUsed:      135732 kB
VmallocChunk:   251418156 kB
Time pass: 125 sec

---2015-12-10 23:35:48
MemTotal:        2873608 kB
MemFree:          150088 kB
Buffers:           15276 kB
Cached:           878160 kB
SwapCached:           96 kB
Active:          1294832 kB
Inactive:         626920 kB
Active(anon):     833432 kB
Inactive(anon):   208896 kB
Active(file):     461400 kB
Inactive(file):   418024 kB
Unevictable:       13568 kB
Mlocked:               0 kB
SwapTotal:        715328 kB
SwapFree:         699644 kB
Dirty:                 0 kB
Writeback:           124 kB
AnonPages:       1041672 kB
Mapped:           614604 kB
Shmem:               420 kB
Slab:              99360 kB
SReclaimable:      32164 kB
SUnreclaim:        67196 kB
KernelStack:       39280 kB
PageTables:        51176 kB
NFS_Unstable:          0 kB
Bounce:                0 kB
WritebackTmp:          0 kB
CommitLimit:     2152132 kB
Committed_AS:   121524492 kB
VmallocTotal:   251658176 kB
VmallocUsed:      135884 kB
VmallocChunk:   251418156 kB
Time pass: 129 sec

---2015-12-10 23:35:48
MemTotal:        2873608 kB
MemFree:          150796 kB
Buffers:           15292 kB
Cached:           878152 kB
SwapCached:           96 kB
Active:          1294712 kB
Inactive:         626944 kB
Active(anon):     833308 kB
Inactive(anon):   208896 kB
Active(file):     461404 kB
Inactive(file):   418048 kB
Unevictable:       13568 kB
Mlocked:               0 kB
SwapTotal:        715328 kB
SwapFree:         699644 kB
Dirty:                64 kB
Writeback:             0 kB
AnonPages:       1041648 kB
Mapped:           614624 kB
Shmem:               420 kB
Slab:              99380 kB
SReclaimable:      32164 kB
SUnreclaim:        67216 kB
KernelStack:       39248 kB
PageTables:        51196 kB
NFS_Unstable:          0 kB
Bounce:                0 kB
WritebackTmp:          0 kB
CommitLimit:     2152132 kB
Committed_AS:   121524564 kB
VmallocTotal:   251658176 kB
VmallocUsed:      135884 kB
VmallocChunk:   251418156 kB
Time pass: 133 sec

---2015-12-10 23:35:48
MemTotal:        2873608 kB
MemFree:          173932 kB
Buffers:           15300 kB
Cached:           878836 kB
SwapCached:           96 kB
Active:          1275052 kB
Inactive:         626732 kB
Active(anon):     812740 kB
Inactive(anon):   208896 kB
Active(file):     462312 kB
Inactive(file):   417836 kB
Unevictable:       13568 kB
Mlocked:               0 kB
SwapTotal:        715328 kB
SwapFree:         699644 kB
Dirty:                92 kB
Writeback:             0 kB
AnonPages:       1020964 kB
Mapped:           605684 kB
Shmem:               420 kB
Slab:              99356 kB
SReclaimable:      32164 kB
SUnreclaim:        67192 kB
KernelStack:       38528 kB
PageTables:        50468 kB
NFS_Unstable:          0 kB
Bounce:                0 kB
WritebackTmp:          0 kB
CommitLimit:     2152132 kB
Committed_AS:   120273028 kB
VmallocTotal:   251658176 kB
VmallocUsed:      134704 kB
VmallocChunk:   251418156 kB
Time pass: 136 sec

---2015-12-10 23:35:48
MemTotal:        2873608 kB
MemFree:          162584 kB
Buffers:           15340 kB
Cached:           878916 kB
SwapCached:           96 kB
Active:          1283976 kB
Inactive:         625852 kB
Active(anon):     820664 kB
Inactive(anon):   208972 kB
Active(file):     463312 kB
Inactive(file):   416880 kB
Unevictable:       13568 kB
Mlocked:               0 kB
SwapTotal:        715328 kB
SwapFree:         699644 kB
Dirty:                88 kB
Writeback:             0 kB
AnonPages:       1029248 kB
Mapped:           608636 kB
Shmem:               496 kB
Slab:              99360 kB
SReclaimable:      32164 kB
SUnreclaim:        67196 kB
KernelStack:       38944 kB
PageTables:        50624 kB
NFS_Unstable:          0 kB
Bounce:                0 kB
WritebackTmp:          0 kB
CommitLimit:     2152132 kB
Committed_AS:   120304760 kB
VmallocTotal:   251658176 kB
VmallocUsed:      137136 kB
VmallocChunk:   251418156 kB
Time pass: 140 sec

---2015-12-10 23:35:48
MemTotal:        2873608 kB
MemFree:          162164 kB
Buffers:           15348 kB
Cached:           879068 kB
SwapCached:           96 kB
Active:          1284616 kB
Inactive:         625980 kB
Active(anon):     821284 kB
Inactive(anon):   209096 kB
Active(file):     463332 kB
Inactive(file):   416884 kB
Unevictable:       13568 kB
Mlocked:               0 kB
SwapTotal:        715328 kB
SwapFree:         699644 kB
Dirty:                 0 kB
Writeback:             0 kB
AnonPages:       1029800 kB
Mapped:           609040 kB
Shmem:               632 kB
Slab:              99376 kB
SReclaimable:      32164 kB
SUnreclaim:        67212 kB
KernelStack:       38864 kB
PageTables:        50696 kB
NFS_Unstable:          0 kB
Bounce:                0 kB
WritebackTmp:          0 kB
CommitLimit:     2152132 kB
Committed_AS:   120304800 kB
VmallocTotal:   251658176 kB
VmallocUsed:      137136 kB
VmallocChunk:   251418156 kB
Time pass: 144 sec

---2015-12-10 23:35:48
MemTotal:        2873608 kB
MemFree:          159760 kB
Buffers:           15356 kB
Cached:           879224 kB
SwapCached:           96 kB
Active:          1285112 kB
Inactive:         626152 kB
Active(anon):     821780 kB
Inactive(anon):   209260 kB
Active(file):     463332 kB
Inactive(file):   416892 kB
Unevictable:       13568 kB
Mlocked:               0 kB
SwapTotal:        715328 kB
SwapFree:         699644 kB
Dirty:                48 kB
Writeback:             0 kB
AnonPages:       1030228 kB
Mapped:           609188 kB
Shmem:               788 kB
Slab:              99404 kB
SReclaimable:      32164 kB
SUnreclaim:        67240 kB
KernelStack:       38864 kB
PageTables:        50848 kB
NFS_Unstable:          0 kB
Bounce:                0 kB
WritebackTmp:          0 kB
CommitLimit:     2152132 kB
Committed_AS:   120304776 kB
VmallocTotal:   251658176 kB
VmallocUsed:      137136 kB
VmallocChunk:   251418156 kB
Time pass: 148 sec

---2015-12-10 23:35:48
MemTotal:        2873608 kB
MemFree:          159456 kB
Buffers:           15364 kB
Cached:           879284 kB
SwapCached:           96 kB
Active:          1286188 kB
Inactive:         626216 kB
Active(anon):     822852 kB
Inactive(anon):   209316 kB
Active(file):     463336 kB
Inactive(file):   416900 kB
Unevictable:       13568 kB
Mlocked:               0 kB
SwapTotal:        715328 kB
SwapFree:         699644 kB
Dirty:                12 kB
Writeback:             0 kB
AnonPages:       1031144 kB
Mapped:           609304 kB
Shmem:               844 kB
Slab:              99416 kB
SReclaimable:      32164 kB
SUnreclaim:        67252 kB
KernelStack:       38864 kB
PageTables:        50852 kB
NFS_Unstable:          0 kB
Bounce:                0 kB
WritebackTmp:          0 kB
CommitLimit:     2152132 kB
Committed_AS:   120308944 kB
VmallocTotal:   251658176 kB
VmallocUsed:      137136 kB
VmallocChunk:   251418156 kB
Time pass: 152 sec

---2015-12-10 23:35:48
MemTotal:        2873608 kB
MemFree:          157404 kB
Buffers:           15396 kB
Cached:           878844 kB
SwapCached:           96 kB
Active:          1290020 kB
Inactive:         625624 kB
Active(anon):     826504 kB
Inactive(anon):   208888 kB
Active(file):     463516 kB
Inactive(file):   416736 kB
Unevictable:       13568 kB
Mlocked:               0 kB
SwapTotal:        715328 kB
SwapFree:         699644 kB
Dirty:                72 kB
Writeback:             0 kB
AnonPages:       1034828 kB
Mapped:           610360 kB
Shmem:               420 kB
Slab:              99408 kB
SReclaimable:      32164 kB
SUnreclaim:        67244 kB
KernelStack:       38640 kB
PageTables:        50588 kB
NFS_Unstable:          0 kB
Bounce:                0 kB
WritebackTmp:          0 kB
CommitLimit:     2152132 kB
Committed_AS:   120293976 kB
VmallocTotal:   251658176 kB
VmallocUsed:      137136 kB
VmallocChunk:   251418156 kB
Time pass: 156 sec

---2015-12-10 23:35:48
MemTotal:        2873608 kB
MemFree:          149404 kB
Buffers:           15412 kB
Cached:           879088 kB
SwapCached:           96 kB
Active:          1297440 kB
Inactive:         625872 kB
Active(anon):     833916 kB
Inactive(anon):   209108 kB
Active(file):     463524 kB
Inactive(file):   416764 kB
Unevictable:       13568 kB
Mlocked:               0 kB
SwapTotal:        715328 kB
SwapFree:         699644 kB
Dirty:               100 kB
Writeback:             0 kB
AnonPages:       1042464 kB
Mapped:           610776 kB
Shmem:               644 kB
Slab:              99416 kB
SReclaimable:      32164 kB
SUnreclaim:        67252 kB
KernelStack:       38880 kB
PageTables:        50800 kB
NFS_Unstable:          0 kB
Bounce:                0 kB
WritebackTmp:          0 kB
CommitLimit:     2152132 kB
Committed_AS:   120329616 kB
VmallocTotal:   251658176 kB
VmallocUsed:      137136 kB
VmallocChunk:   251418156 kB
Time pass: 160 sec

---2015-12-10 23:35:48
MemTotal:        2873608 kB
MemFree:          149476 kB
Buffers:           15420 kB
Cached:           879112 kB
SwapCached:           96 kB
Active:          1297684 kB
Inactive:         625904 kB
Active(anon):     834160 kB
Inactive(anon):   209136 kB
Active(file):     463524 kB
Inactive(file):   416768 kB
Unevictable:       13568 kB
Mlocked:               0 kB
SwapTotal:        715328 kB
SwapFree:         699644 kB
Dirty:                52 kB
Writeback:             0 kB
AnonPages:       1042508 kB
Mapped:           610808 kB
Shmem:               672 kB
Slab:              99416 kB
SReclaimable:      32164 kB
SUnreclaim:        67252 kB
KernelStack:       38864 kB
PageTables:        50796 kB
NFS_Unstable:          0 kB
Bounce:                0 kB
WritebackTmp:          0 kB
CommitLimit:     2152132 kB
Committed_AS:   120329616 kB
VmallocTotal:   251658176 kB
VmallocUsed:      137136 kB
VmallocChunk:   251418156 kB
Time pass: 163 sec

---2015-12-10 23:35:48
MemTotal:        2873608 kB
MemFree:          148460 kB
Buffers:           15420 kB
Cached:           879192 kB
SwapCached:          100 kB
Active:          1297636 kB
Inactive:         626004 kB
Active(anon):     834112 kB
Inactive(anon):   209224 kB
Active(file):     463524 kB
Inactive(file):   416780 kB
Unevictable:       13568 kB
Mlocked:               0 kB
SwapTotal:        715328 kB
SwapFree:         699660 kB
Dirty:                56 kB
Writeback:             0 kB
AnonPages:       1042636 kB
Mapped:           610888 kB
Shmem:               740 kB
Slab:              99416 kB
SReclaimable:      32164 kB
SUnreclaim:        67252 kB
KernelStack:       38816 kB
PageTables:        50792 kB
NFS_Unstable:          0 kB
Bounce:                0 kB
WritebackTmp:          0 kB
CommitLimit:     2152132 kB
Committed_AS:   120329496 kB
VmallocTotal:   251658176 kB
VmallocUsed:      137136 kB
VmallocChunk:   251418156 kB
Time pass: 167 sec

---2015-12-10 23:35:48
MemTotal:        2873608 kB
MemFree:          148772 kB
Buffers:           15428 kB
Cached:           879208 kB
SwapCached:          100 kB
Active:          1297012 kB
Inactive:         626028 kB
Active(anon):     833488 kB
Inactive(anon):   209240 kB
Active(file):     463524 kB
Inactive(file):   416788 kB
Unevictable:       13568 kB
Mlocked:               0 kB
SwapTotal:        715328 kB
SwapFree:         699660 kB
Dirty:                 8 kB
Writeback:             0 kB
AnonPages:       1041792 kB
Mapped:           610964 kB
Shmem:               756 kB
Slab:              99416 kB
SReclaimable:      32164 kB
SUnreclaim:        67252 kB
KernelStack:       38720 kB
PageTables:        50772 kB
NFS_Unstable:          0 kB
Bounce:                0 kB
WritebackTmp:          0 kB
CommitLimit:     2152132 kB
Committed_AS:   120329296 kB
VmallocTotal:   251658176 kB
VmallocUsed:      137136 kB
VmallocChunk:   251418156 kB
Time pass: 171 sec

---2015-12-10 23:35:48
MemTotal:        2873608 kB
MemFree:          159016 kB
Buffers:           15428 kB
Cached:           878876 kB
SwapCached:          100 kB
Active:          1288108 kB
Inactive:         625696 kB
Active(anon):     824580 kB
Inactive(anon):   208908 kB
Active(file):     463528 kB
Inactive(file):   416788 kB
Unevictable:       13568 kB
Mlocked:               0 kB
SwapTotal:        715328 kB
SwapFree:         699660 kB
Dirty:                 0 kB
Writeback:             0 kB
AnonPages:       1033000 kB
Mapped:           610356 kB
Shmem:               420 kB
Slab:              99368 kB
SReclaimable:      32164 kB
SUnreclaim:        67204 kB
KernelStack:       38352 kB
PageTables:        50600 kB
NFS_Unstable:          0 kB
Bounce:                0 kB
WritebackTmp:          0 kB
CommitLimit:     2152132 kB
Committed_AS:   120301772 kB
VmallocTotal:   251658176 kB
VmallocUsed:      137120 kB
VmallocChunk:   251418156 kB
Time pass: 175 sec

---2015-12-10 23:35:48
MemTotal:        2873608 kB
MemFree:          159016 kB
Buffers:           15436 kB
Cached:           878876 kB
SwapCached:          100 kB
Active:          1288220 kB
Inactive:         625696 kB
Active(anon):     824692 kB
Inactive(anon):   208908 kB
Active(file):     463528 kB
Inactive(file):   416788 kB
Unevictable:       13568 kB
Mlocked:               0 kB
SwapTotal:        715328 kB
SwapFree:         699660 kB
Dirty:                12 kB
Writeback:             0 kB
AnonPages:       1033168 kB
Mapped:           610588 kB
Shmem:               420 kB
Slab:              99368 kB
SReclaimable:      32164 kB
SUnreclaim:        67204 kB
KernelStack:       38352 kB
PageTables:        50600 kB
NFS_Unstable:          0 kB
Bounce:                0 kB
WritebackTmp:          0 kB
CommitLimit:     2152132 kB
Committed_AS:   120301708 kB
VmallocTotal:   251658176 kB
VmallocUsed:      137120 kB
VmallocChunk:   251418156 kB
Time pass: 179 sec

---2015-12-10 23:35:48
MemTotal:        2873608 kB
MemFree:          159552 kB
Buffers:           15436 kB
Cached:           878876 kB
SwapCached:          100 kB
Active:          1288080 kB
Inactive:         625704 kB
Active(anon):     824552 kB
Inactive(anon):   208908 kB
Active(file):     463528 kB
Inactive(file):   416796 kB
Unevictable:       13568 kB
Mlocked:               0 kB
SwapTotal:        715328 kB
SwapFree:         699660 kB
Dirty:                 0 kB
Writeback:             0 kB
AnonPages:       1033000 kB
Mapped:           610512 kB
Shmem:               420 kB
Slab:              99420 kB
SReclaimable:      32164 kB
SUnreclaim:        67256 kB
KernelStack:       38352 kB
PageTables:        50568 kB
NFS_Unstable:          0 kB
Bounce:                0 kB
WritebackTmp:          0 kB
CommitLimit:     2152132 kB
Committed_AS:   120301684 kB
VmallocTotal:   251658176 kB
VmallocUsed:      137120 kB
VmallocChunk:   251418156 kB
Time pass: 183 sec

---2015-12-10 23:35:48
MemTotal:        2873608 kB
MemFree:          159344 kB
Buffers:           15436 kB
Cached:           878876 kB
SwapCached:          100 kB
Active:          1288124 kB
Inactive:         625704 kB
Active(anon):     824596 kB
Inactive(anon):   208908 kB
Active(file):     463528 kB
Inactive(file):   416796 kB
Unevictable:       13568 kB
Mlocked:               0 kB
SwapTotal:        715328 kB
SwapFree:         699660 kB
Dirty:                 0 kB
Writeback:             0 kB
AnonPages:       1033128 kB
Mapped:           610296 kB
Shmem:               420 kB
Slab:              99484 kB
SReclaimable:      32164 kB
SUnreclaim:        67320 kB
KernelStack:       38352 kB
PageTables:        50572 kB
NFS_Unstable:          0 kB
Bounce:                0 kB
WritebackTmp:          0 kB
CommitLimit:     2152132 kB
Committed_AS:   120301676 kB
VmallocTotal:   251658176 kB
VmallocUsed:      134704 kB
VmallocChunk:   251418156 kB
Time pass: 187 sec

---2015-12-10 23:35:48
MemTotal:        2873608 kB
MemFree:          152360 kB
Buffers:           15452 kB
Cached:           878868 kB
SwapCached:          100 kB
Active:          1296764 kB
Inactive:         625708 kB
Active(anon):     833232 kB
Inactive(anon):   208912 kB
Active(file):     463532 kB
Inactive(file):   416796 kB
Unevictable:       13568 kB
Mlocked:               0 kB
SwapTotal:        715328 kB
SwapFree:         699660 kB
Dirty:                 8 kB
Writeback:             0 kB
AnonPages:       1041728 kB
Mapped:           610528 kB
Shmem:               424 kB
Slab:              99368 kB
SReclaimable:      32164 kB
SUnreclaim:        67204 kB
KernelStack:       38496 kB
PageTables:        50588 kB
NFS_Unstable:          0 kB
Bounce:                0 kB
WritebackTmp:          0 kB
CommitLimit:     2152132 kB
Committed_AS:   120307452 kB
VmallocTotal:   251658176 kB
VmallocUsed:      137120 kB
VmallocChunk:   251418156 kB
Time pass: 191 sec

---2015-12-10 23:35:48
MemTotal:        2873608 kB
MemFree:          147984 kB
Buffers:           15484 kB
Cached:           879232 kB
SwapCached:          100 kB
Active:          1298844 kB
Inactive:         626092 kB
Active(anon):     835308 kB
Inactive(anon):   209248 kB
Active(file):     463536 kB
Inactive(file):   416844 kB
Unevictable:       13568 kB
Mlocked:               0 kB
SwapTotal:        715328 kB
SwapFree:         699660 kB
Dirty:                80 kB
Writeback:             0 kB
AnonPages:       1043636 kB
Mapped:           611024 kB
Shmem:               768 kB
Slab:              99356 kB
SReclaimable:      32164 kB
SUnreclaim:        67192 kB
KernelStack:       38720 kB
PageTables:        50776 kB
NFS_Unstable:          0 kB
Bounce:                0 kB
WritebackTmp:          0 kB
CommitLimit:     2152132 kB
Committed_AS:   120333440 kB
VmallocTotal:   251658176 kB
VmallocUsed:      137136 kB
VmallocChunk:   251418156 kB
Time pass: 195 sec

---2015-12-10 23:35:48
MemTotal:        2873608 kB
MemFree:          149340 kB
Buffers:           15484 kB
Cached:           879324 kB
SwapCached:          100 kB
Active:          1296832 kB
Inactive:         626168 kB
Active(anon):     833280 kB
Inactive(anon):   209340 kB
Active(file):     463552 kB
Inactive(file):   416828 kB
Unevictable:       13568 kB
Mlocked:               0 kB
SwapTotal:        715328 kB
SwapFree:         699660 kB
Dirty:                 4 kB
Writeback:             0 kB
AnonPages:       1041936 kB
Mapped:           611100 kB
Shmem:               860 kB
Slab:              99352 kB
SReclaimable:      32164 kB
SUnreclaim:        67188 kB
KernelStack:       38512 kB
PageTables:        50408 kB
NFS_Unstable:          0 kB
Bounce:                0 kB
WritebackTmp:          0 kB
CommitLimit:     2152132 kB
Committed_AS:   119097272 kB
VmallocTotal:   251658176 kB
VmallocUsed:      136116 kB
VmallocChunk:   251418156 kB
Time pass: 198 sec

---2015-12-10 23:35:48
MemTotal:        2873608 kB
MemFree:          147824 kB
Buffers:           15492 kB
Cached:           879364 kB
SwapCached:          100 kB
Active:          1297892 kB
Inactive:         626216 kB
Active(anon):     834340 kB
Inactive(anon):   209380 kB
Active(file):     463552 kB
Inactive(file):   416836 kB
Unevictable:       13568 kB
Mlocked:               0 kB
SwapTotal:        715328 kB
SwapFree:         699660 kB
Dirty:                44 kB
Writeback:             0 kB
AnonPages:       1042952 kB
Mapped:           611224 kB
Shmem:               900 kB
Slab:              99352 kB
SReclaimable:      32164 kB
SUnreclaim:        67188 kB
KernelStack:       38512 kB
PageTables:        50444 kB
NFS_Unstable:          0 kB
Bounce:                0 kB
WritebackTmp:          0 kB
CommitLimit:     2152132 kB
Committed_AS:   119097296 kB
VmallocTotal:   251658176 kB
VmallocUsed:      136116 kB
VmallocChunk:   251418156 kB
Time pass: 202 sec

---2015-12-10 23:35:48
MemTotal:        2873608 kB
MemFree:          140220 kB
Buffers:           15532 kB
Cached:           879584 kB
SwapCached:          100 kB
Active:          1306180 kB
Inactive:         626472 kB
Active(anon):     842624 kB
Inactive(anon):   209612 kB
Active(file):     463556 kB
Inactive(file):   416860 kB
Unevictable:       13568 kB
Mlocked:               0 kB
SwapTotal:        715328 kB
SwapFree:         699660 kB
Dirty:                52 kB
Writeback:             0 kB
AnonPages:       1050852 kB
Mapped:           611460 kB
Shmem:              1132 kB
Slab:              99364 kB
SReclaimable:      32164 kB
SUnreclaim:        67200 kB
KernelStack:       38560 kB
PageTables:        50448 kB
NFS_Unstable:          0 kB
Bounce:                0 kB
WritebackTmp:          0 kB
CommitLimit:     2152132 kB
Committed_AS:   119101424 kB
VmallocTotal:   251658176 kB
VmallocUsed:      136116 kB
VmallocChunk:   251418156 kB
Time pass: 206 sec

---2015-12-10 23:35:48
MemTotal:        2873608 kB
MemFree:          143428 kB
Buffers:           15548 kB
Cached:           879052 kB
SwapCached:          100 kB
Active:          1303704 kB
Inactive:         625944 kB
Active(anon):     840140 kB
Inactive(anon):   209060 kB
Active(file):     463564 kB
Inactive(file):   416884 kB
Unevictable:       13568 kB
Mlocked:               0 kB
SwapTotal:        715328 kB
SwapFree:         699660 kB
Dirty:                60 kB
Writeback:             0 kB
AnonPages:       1048616 kB
Mapped:           610840 kB
Shmem:               584 kB
Slab:              99364 kB
SReclaimable:      32180 kB
SUnreclaim:        67184 kB
KernelStack:       38544 kB
PageTables:        50276 kB
NFS_Unstable:          0 kB
Bounce:                0 kB
WritebackTmp:          0 kB
CommitLimit:     2152132 kB
Committed_AS:   119101404 kB
VmallocTotal:   251658176 kB
VmallocUsed:      136116 kB
VmallocChunk:   251418156 kB
Time pass: 210 sec

---2015-12-10 23:35:48
MemTotal:        2873608 kB
MemFree:          143408 kB
Buffers:           15548 kB
Cached:           879060 kB
SwapCached:          100 kB
Active:          1303464 kB
Inactive:         625940 kB
Active(anon):     839896 kB
Inactive(anon):   209060 kB
Active(file):     463568 kB
Inactive(file):   416880 kB
Unevictable:       13568 kB
Mlocked:               0 kB
SwapTotal:        715328 kB
SwapFree:         699660 kB
Dirty:                 0 kB
Writeback:             0 kB
AnonPages:       1048356 kB
Mapped:           610944 kB
Shmem:               592 kB
Slab:              99364 kB
SReclaimable:      32180 kB
SUnreclaim:        67184 kB
KernelStack:       38544 kB
PageTables:        50344 kB
NFS_Unstable:          0 kB
Bounce:                0 kB
WritebackTmp:          0 kB
CommitLimit:     2152132 kB
Committed_AS:   119101456 kB
VmallocTotal:   251658176 kB
VmallocUsed:      136116 kB
VmallocChunk:   251418156 kB
Time pass: 214 sec

---2015-12-10 23:35:48
MemTotal:        2873608 kB
MemFree:          142396 kB
Buffers:           15568 kB
Cached:           879072 kB
SwapCached:          100 kB
Active:          1303808 kB
Inactive:         625984 kB
Active(anon):     840240 kB
Inactive(anon):   209084 kB
Active(file):     463568 kB
Inactive(file):   416900 kB
Unevictable:       13568 kB
Mlocked:               0 kB
SwapTotal:        715328 kB
SwapFree:         699660 kB
Dirty:                52 kB
Writeback:             0 kB
AnonPages:       1048584 kB
Mapped:           610952 kB
Shmem:               604 kB
Slab:              99364 kB
SReclaimable:      32180 kB
SUnreclaim:        67184 kB
KernelStack:       38528 kB
PageTables:        50324 kB
NFS_Unstable:          0 kB
Bounce:                0 kB
WritebackTmp:          0 kB
CommitLimit:     2152132 kB
Committed_AS:   119101512 kB
VmallocTotal:   251658176 kB
VmallocUsed:      136116 kB
VmallocChunk:   251418156 kB
Time pass: 217 sec

---2015-12-10 23:35:48
MemTotal:        2873608 kB
MemFree:          142892 kB
Buffers:           15576 kB
Cached:           879068 kB
SwapCached:          100 kB
Active:          1304192 kB
Inactive:         625984 kB
Active(anon):     840624 kB
Inactive(anon):   209084 kB
Active(file):     463568 kB
Inactive(file):   416900 kB
Unevictable:       13568 kB
Mlocked:               0 kB
SwapTotal:        715328 kB
SwapFree:         699660 kB
Dirty:                 8 kB
Writeback:             0 kB
AnonPages:       1048928 kB
Mapped:           610928 kB
Shmem:               604 kB
Slab:              99364 kB
SReclaimable:      32180 kB
SUnreclaim:        67184 kB
KernelStack:       38544 kB
PageTables:        50284 kB
NFS_Unstable:          0 kB
Bounce:                0 kB
WritebackTmp:          0 kB
CommitLimit:     2152132 kB
Committed_AS:   119101632 kB
VmallocTotal:   251658176 kB
VmallocUsed:      136116 kB
VmallocChunk:   251418156 kB
Time pass: 221 sec

---2015-12-10 23:35:48
MemTotal:        2873608 kB
MemFree:          141988 kB
Buffers:           15576 kB
Cached:           879076 kB
SwapCached:          100 kB
Active:          1304448 kB
Inactive:         625996 kB
Active(anon):     840880 kB
Inactive(anon):   209088 kB
Active(file):     463568 kB
Inactive(file):   416908 kB
Unevictable:       13568 kB
Mlocked:               0 kB
SwapTotal:        715328 kB
SwapFree:         699660 kB
Dirty:                 8 kB
Writeback:             0 kB
AnonPages:       1049296 kB
Mapped:           611024 kB
Shmem:               608 kB
Slab:              99364 kB
SReclaimable:      32180 kB
SUnreclaim:        67184 kB
KernelStack:       38544 kB
PageTables:        50312 kB
NFS_Unstable:          0 kB
Bounce:                0 kB
WritebackTmp:          0 kB
CommitLimit:     2152132 kB
Committed_AS:   119101584 kB
VmallocTotal:   251658176 kB
VmallocUsed:      136116 kB
VmallocChunk:   251418156 kB
Time pass: 225 sec

---2015-12-10 23:35:48
MemTotal:        2873608 kB
MemFree:          140864 kB
Buffers:           15584 kB
Cached:           879076 kB
SwapCached:          100 kB
Active:          1305932 kB
Inactive:         626004 kB
Active(anon):     842364 kB
Inactive(anon):   209088 kB
Active(file):     463568 kB
Inactive(file):   416916 kB
Unevictable:       13568 kB
Mlocked:               0 kB
SwapTotal:        715328 kB
SwapFree:         699660 kB
Dirty:                 0 kB
Writeback:             0 kB
AnonPages:       1050992 kB
Mapped:           611032 kB
Shmem:               608 kB
Slab:              99364 kB
SReclaimable:      32180 kB
SUnreclaim:        67184 kB
KernelStack:       38560 kB
PageTables:        50316 kB
NFS_Unstable:          0 kB
Bounce:                0 kB
WritebackTmp:          0 kB
CommitLimit:     2152132 kB
Committed_AS:   119101616 kB
VmallocTotal:   251658176 kB
VmallocUsed:      136116 kB
VmallocChunk:   251418156 kB
Time pass: 229 sec

---2015-12-10 23:35:48
MemTotal:        2873608 kB
MemFree:          142504 kB
Buffers:           15592 kB
Cached:           879076 kB
SwapCached:          100 kB
Active:          1304704 kB
Inactive:         626012 kB
Active(anon):     841136 kB
Inactive(anon):   209088 kB
Active(file):     463568 kB
Inactive(file):   416924 kB
Unevictable:       13568 kB
Mlocked:               0 kB
SwapTotal:        715328 kB
SwapFree:         699660 kB
Dirty:                36 kB
Writeback:             0 kB
AnonPages:       1049396 kB
Mapped:           610956 kB
Shmem:               608 kB
Slab:              99364 kB
SReclaimable:      32180 kB
SUnreclaim:        67184 kB
KernelStack:       38560 kB
PageTables:        50292 kB
NFS_Unstable:          0 kB
Bounce:                0 kB
WritebackTmp:          0 kB
CommitLimit:     2152132 kB
Committed_AS:   119101608 kB
VmallocTotal:   251658176 kB
VmallocUsed:      136116 kB
VmallocChunk:   251418156 kB
Time pass: 233 sec

---2015-12-10 23:35:48
MemTotal:        2873608 kB
MemFree:          141380 kB
Buffers:           15592 kB
Cached:           879076 kB
SwapCached:          100 kB
Active:          1304864 kB
Inactive:         626008 kB
Active(anon):     841296 kB
Inactive(anon):   209084 kB
Active(file):     463568 kB
Inactive(file):   416924 kB
Unevictable:       13568 kB
Mlocked:               0 kB
SwapTotal:        715328 kB
SwapFree:         699660 kB
Dirty:                 0 kB
Writeback:             0 kB
AnonPages:       1049752 kB
Mapped:           611048 kB
Shmem:               608 kB
Slab:              99364 kB
SReclaimable:      32180 kB
SUnreclaim:        67184 kB
KernelStack:       38560 kB
PageTables:        50324 kB
NFS_Unstable:          0 kB
Bounce:                0 kB
WritebackTmp:          0 kB
CommitLimit:     2152132 kB
Committed_AS:   119101616 kB
VmallocTotal:   251658176 kB
VmallocUsed:      136116 kB
VmallocChunk:   251418156 kB
Time pass: 237 sec

---2015-12-10 23:35:48
MemTotal:        2873608 kB
MemFree:          140956 kB
Buffers:           15592 kB
Cached:           879084 kB
SwapCached:          100 kB
Active:          1305932 kB
Inactive:         626016 kB
Active(anon):     842364 kB
Inactive(anon):   209092 kB
Active(file):     463568 kB
Inactive(file):   416924 kB
Unevictable:       13568 kB
Mlocked:               0 kB
SwapTotal:        715328 kB
SwapFree:         699660 kB
Dirty:                 0 kB
Writeback:             0 kB
AnonPages:       1050652 kB
Mapped:           611060 kB
Shmem:               616 kB
Slab:              99364 kB
SReclaimable:      32180 kB
SUnreclaim:        67184 kB
KernelStack:       38544 kB
PageTables:        50324 kB
NFS_Unstable:          0 kB
Bounce:                0 kB
WritebackTmp:          0 kB
CommitLimit:     2152132 kB
Committed_AS:   119101616 kB
VmallocTotal:   251658176 kB
VmallocUsed:      136116 kB
VmallocChunk:   251418156 kB
Time pass: 241 sec

---2015-12-10 23:35:48
MemTotal:        2873608 kB
MemFree:          141772 kB
Buffers:           15656 kB
Cached:           879076 kB
SwapCached:          100 kB
Active:          1304300 kB
Inactive:         626060 kB
Active(anon):     840732 kB
Inactive(anon):   209088 kB
Active(file):     463568 kB
Inactive(file):   416972 kB
Unevictable:       13568 kB
Mlocked:               0 kB
SwapTotal:        715328 kB
SwapFree:         699660 kB
Dirty:                64 kB
Writeback:             0 kB
AnonPages:       1049252 kB
Mapped:           610908 kB
Shmem:               612 kB
Slab:              99356 kB
SReclaimable:      32180 kB
SUnreclaim:        67176 kB
KernelStack:       38640 kB
PageTables:        50340 kB
NFS_Unstable:          0 kB
Bounce:                0 kB
WritebackTmp:          0 kB
CommitLimit:     2152132 kB
Committed_AS:   119109864 kB
VmallocTotal:   251658176 kB
VmallocUsed:      136116 kB
VmallocChunk:   251418156 kB
Time pass: 244 sec

---2015-12-10 23:35:48
MemTotal:        2873608 kB
MemFree:          140948 kB
Buffers:           15656 kB
Cached:           879160 kB
SwapCached:          100 kB
Active:          1305192 kB
Inactive:         626148 kB
Active(anon):     841616 kB
Inactive(anon):   209152 kB
Active(file):     463576 kB
Inactive(file):   416996 kB
Unevictable:       13568 kB
Mlocked:               0 kB
SwapTotal:        715328 kB
SwapFree:         699660 kB
Dirty:                 0 kB
Writeback:             0 kB
AnonPages:       1049956 kB
Mapped:           611068 kB
Shmem:               676 kB
Slab:              99360 kB
SReclaimable:      32180 kB
SUnreclaim:        67180 kB
KernelStack:       38560 kB
PageTables:        50372 kB
NFS_Unstable:          0 kB
Bounce:                0 kB
WritebackTmp:          0 kB
CommitLimit:     2152132 kB
Committed_AS:   119109912 kB
VmallocTotal:   251658176 kB
VmallocUsed:      136116 kB
VmallocChunk:   251418156 kB
Time pass: 249 sec

---2015-12-10 23:35:48
MemTotal:        2873608 kB
MemFree:          140364 kB
Buffers:           15680 kB
Cached:           879172 kB
SwapCached:          100 kB
Active:          1305524 kB
Inactive:         626180 kB
Active(anon):     841944 kB
Inactive(anon):   209156 kB
Active(file):     463580 kB
Inactive(file):   417024 kB
Unevictable:       13568 kB
Mlocked:               0 kB
SwapTotal:        715328 kB
SwapFree:         699660 kB
Dirty:                44 kB
Writeback:             0 kB
AnonPages:       1050088 kB
Mapped:           611088 kB
Shmem:               680 kB
Slab:              99356 kB
SReclaimable:      32180 kB
SUnreclaim:        67176 kB
KernelStack:       38592 kB
PageTables:        50368 kB
NFS_Unstable:          0 kB
Bounce:                0 kB
WritebackTmp:          0 kB
CommitLimit:     2152132 kB
Committed_AS:   119109920 kB
VmallocTotal:   251658176 kB
VmallocUsed:      136116 kB
VmallocChunk:   251418156 kB
Time pass: 253 sec

---2015-12-10 23:35:48
MemTotal:        2873608 kB
MemFree:          140748 kB
Buffers:           15680 kB
Cached:           879208 kB
SwapCached:          100 kB
Active:          1305748 kB
Inactive:         626216 kB
Active(anon):     842168 kB
Inactive(anon):   209176 kB
Active(file):     463580 kB
Inactive(file):   417040 kB
Unevictable:       13568 kB
Mlocked:               0 kB
SwapTotal:        715328 kB
SwapFree:         699660 kB
Dirty:                 0 kB
Writeback:             0 kB
AnonPages:       1050452 kB
Mapped:           611112 kB
Shmem:               700 kB
Slab:              99308 kB
SReclaimable:      32100 kB
SUnreclaim:        67208 kB
KernelStack:       38560 kB
PageTables:        50372 kB
NFS_Unstable:          0 kB
Bounce:                0 kB
WritebackTmp:          0 kB
CommitLimit:     2152132 kB
Committed_AS:   119109976 kB
VmallocTotal:   251658176 kB
VmallocUsed:      136116 kB
VmallocChunk:   251418156 kB
Time pass: 257 sec

---2015-12-10 23:35:48
MemTotal:        2873608 kB
MemFree:          140596 kB
Buffers:           15688 kB
Cached:           879212 kB
SwapCached:          100 kB
Active:          1305884 kB
Inactive:         626224 kB
Active(anon):     842300 kB
Inactive(anon):   209176 kB
Active(file):     463584 kB
Inactive(file):   417048 kB
Unevictable:       13568 kB
Mlocked:               0 kB
SwapTotal:        715328 kB
SwapFree:         699660 kB
Dirty:                44 kB
Writeback:             0 kB
AnonPages:       1050836 kB
Mapped:           611120 kB
Shmem:               700 kB
Slab:              99276 kB
SReclaimable:      32100 kB
SUnreclaim:        67176 kB
KernelStack:       38576 kB
PageTables:        50368 kB
NFS_Unstable:          0 kB
Bounce:                0 kB
WritebackTmp:          0 kB
CommitLimit:     2152132 kB
Committed_AS:   119110008 kB
VmallocTotal:   251658176 kB
VmallocUsed:      136116 kB
VmallocChunk:   251418156 kB
Time pass: 261 sec

---2015-12-10 23:35:48
MemTotal:        2873608 kB
MemFree:          140128 kB
Buffers:           15696 kB
Cached:           879492 kB
SwapCached:          100 kB
Active:          1306240 kB
Inactive:         626512 kB
Active(anon):     842656 kB
Inactive(anon):   209456 kB
Active(file):     463584 kB
Inactive(file):   417056 kB
Unevictable:       13568 kB
Mlocked:               0 kB
SwapTotal:        715328 kB
SwapFree:         699660 kB
Dirty:                 0 kB
Writeback:            40 kB
AnonPages:       1051068 kB
Mapped:           611412 kB
Shmem:               980 kB
Slab:              99276 kB
SReclaimable:      32100 kB
SUnreclaim:        67176 kB
KernelStack:       38576 kB
PageTables:        50364 kB
NFS_Unstable:          0 kB
Bounce:                0 kB
WritebackTmp:          0 kB
CommitLimit:     2152132 kB
Committed_AS:   119110008 kB
VmallocTotal:   251658176 kB
VmallocUsed:      136116 kB
VmallocChunk:   251418156 kB
Time pass: 265 sec

---2015-12-10 23:35:48
MemTotal:        2873608 kB
MemFree:          139796 kB
Buffers:           15696 kB
Cached:           879756 kB
SwapCached:          100 kB
Active:          1305836 kB
Inactive:         626776 kB
Active(anon):     842252 kB
Inactive(anon):   209720 kB
Active(file):     463584 kB
Inactive(file):   417056 kB
Unevictable:       13568 kB
Mlocked:               0 kB
SwapTotal:        715328 kB
SwapFree:         699660 kB
Dirty:                 4 kB
Writeback:             0 kB
AnonPages:       1050728 kB
Mapped:           611688 kB
Shmem:              1244 kB
Slab:              99276 kB
SReclaimable:      32100 kB
SUnreclaim:        67176 kB
KernelStack:       38576 kB
PageTables:        50368 kB
NFS_Unstable:          0 kB
Bounce:                0 kB
WritebackTmp:          0 kB
CommitLimit:     2152132 kB
Committed_AS:   119109984 kB
VmallocTotal:   251658176 kB
VmallocUsed:      136116 kB
VmallocChunk:   251418156 kB
Time pass: 269 sec

---2015-12-10 23:35:48
MemTotal:        2873608 kB
MemFree:          135052 kB
Buffers:           15720 kB
Cached:           879732 kB
SwapCached:          100 kB
Active:          1311120 kB
Inactive:         626784 kB
Active(anon):     847544 kB
Inactive(anon):   209720 kB
Active(file):     463576 kB
Inactive(file):   417064 kB
Unevictable:       13568 kB
Mlocked:               0 kB
SwapTotal:        715328 kB
SwapFree:         699660 kB
Dirty:                40 kB
Writeback:             0 kB
AnonPages:       1056020 kB
Mapped:           611788 kB
Shmem:              1244 kB
Slab:              99284 kB
SReclaimable:      32100 kB
SUnreclaim:        67184 kB
KernelStack:       38640 kB
PageTables:        50392 kB
NFS_Unstable:          0 kB
Bounce:                0 kB
WritebackTmp:          0 kB
CommitLimit:     2152132 kB
Committed_AS:   119110000 kB
VmallocTotal:   251658176 kB
VmallocUsed:      136116 kB
VmallocChunk:   251418156 kB
Time pass: 272 sec

---2015-12-10 23:35:48
MemTotal:        2873608 kB
MemFree:          137028 kB
Buffers:           15752 kB
Cached:           879084 kB
SwapCached:          100 kB
Active:          1310068 kB
Inactive:         626156 kB
Active(anon):     846480 kB
Inactive(anon):   209052 kB
Active(file):     463588 kB
Inactive(file):   417104 kB
Unevictable:       13568 kB
Mlocked:               0 kB
SwapTotal:        715328 kB
SwapFree:         699664 kB
Dirty:               120 kB
Writeback:            28 kB
AnonPages:       1055136 kB
Mapped:           611068 kB
Shmem:               576 kB
Slab:              99276 kB
SReclaimable:      32100 kB
SUnreclaim:        67176 kB
KernelStack:       38672 kB
PageTables:        50324 kB
NFS_Unstable:          0 kB
Bounce:                0 kB
WritebackTmp:          0 kB
CommitLimit:     2152132 kB
Committed_AS:   119110184 kB
VmallocTotal:   251658176 kB
VmallocUsed:      136116 kB
VmallocChunk:   251418156 kB
Time pass: 276 sec

---2015-12-10 23:35:48
MemTotal:        2873608 kB
MemFree:          134532 kB
Buffers:           15768 kB
Cached:           879100 kB
SwapCached:          100 kB
Active:          1312212 kB
Inactive:         626188 kB
Active(anon):     848624 kB
Inactive(anon):   209068 kB
Active(file):     463588 kB
Inactive(file):   417120 kB
Unevictable:       13568 kB
Mlocked:               0 kB
SwapTotal:        715328 kB
SwapFree:         699664 kB
Dirty:                80 kB
Writeback:             0 kB
AnonPages:       1056904 kB
Mapped:           611100 kB
Shmem:               592 kB
Slab:              99284 kB
SReclaimable:      32100 kB
SUnreclaim:        67184 kB
KernelStack:       38656 kB
PageTables:        50336 kB
NFS_Unstable:          0 kB
Bounce:                0 kB
WritebackTmp:          0 kB
CommitLimit:     2152132 kB
Committed_AS:   119110208 kB
VmallocTotal:   251658176 kB
VmallocUsed:      136116 kB
VmallocChunk:   251418156 kB
Time pass: 280 sec

---2015-12-10 23:35:48
MemTotal:        2873608 kB
MemFree:          134020 kB
Buffers:           15776 kB
Cached:           879060 kB
SwapCached:          100 kB
Active:          1312824 kB
Inactive:         626212 kB
Active(anon):     849288 kB
Inactive(anon):   209072 kB
Active(file):     463536 kB
Inactive(file):   417140 kB
Unevictable:       13568 kB
Mlocked:               0 kB
SwapTotal:        715328 kB
SwapFree:         699664 kB
Dirty:                 0 kB
Writeback:             0 kB
AnonPages:       1058016 kB
Mapped:           610956 kB
Shmem:               592 kB
Slab:              99288 kB
SReclaimable:      32100 kB
SUnreclaim:        67188 kB
KernelStack:       38608 kB
PageTables:        50352 kB
NFS_Unstable:          0 kB
Bounce:                0 kB
WritebackTmp:          0 kB
CommitLimit:     2152132 kB
Committed_AS:   119110116 kB
VmallocTotal:   251658176 kB
VmallocUsed:      136116 kB
VmallocChunk:   251418156 kB
Time pass: 284 sec

---2015-12-10 23:35:48
MemTotal:        2873608 kB
MemFree:          133716 kB
Buffers:           15784 kB
Cached:           879072 kB
SwapCached:          100 kB
Active:          1313000 kB
Inactive:         626232 kB
Active(anon):     849464 kB
Inactive(anon):   209076 kB
Active(file):     463536 kB
Inactive(file):   417156 kB
Unevictable:       13568 kB
Mlocked:               0 kB
SwapTotal:        715328 kB
SwapFree:         699664 kB
Dirty:                68 kB
Writeback:             0 kB
AnonPages:       1057760 kB
Mapped:           611108 kB
Shmem:               596 kB
Slab:              99276 kB
SReclaimable:      32100 kB
SUnreclaim:        67176 kB
KernelStack:       38592 kB
PageTables:        50316 kB
NFS_Unstable:          0 kB
Bounce:                0 kB
WritebackTmp:          0 kB
CommitLimit:     2152132 kB
Committed_AS:   119110104 kB
VmallocTotal:   251658176 kB
VmallocUsed:      136116 kB
VmallocChunk:   251418156 kB
Time pass: 287 sec

---2015-12-10 23:35:48
MemTotal:        2873608 kB
MemFree:          133572 kB
Buffers:           15792 kB
Cached:           879072 kB
SwapCached:          100 kB
Active:          1313212 kB
Inactive:         626240 kB
Active(anon):     849676 kB
Inactive(anon):   209076 kB
Active(file):     463536 kB
Inactive(file):   417164 kB
Unevictable:       13568 kB
Mlocked:               0 kB
SwapTotal:        715328 kB
SwapFree:         699664 kB
Dirty:                32 kB
Writeback:             0 kB
AnonPages:       1058160 kB
Mapped:           611160 kB
Shmem:               596 kB
Slab:              99292 kB
SReclaimable:      32100 kB
SUnreclaim:        67192 kB
KernelStack:       38592 kB
PageTables:        50352 kB
NFS_Unstable:          0 kB
Bounce:                0 kB
WritebackTmp:          0 kB
CommitLimit:     2152132 kB
Committed_AS:   119110084 kB
VmallocTotal:   251658176 kB
VmallocUsed:      136116 kB
VmallocChunk:   251418156 kB
Time pass: 291 sec

---2015-12-10 23:35:48
MemTotal:        2873608 kB
MemFree:          133416 kB
Buffers:           15792 kB
Cached:           879072 kB
SwapCached:          100 kB
Active:          1312960 kB
Inactive:         626240 kB
Active(anon):     849424 kB
Inactive(anon):   209076 kB
Active(file):     463536 kB
Inactive(file):   417164 kB
Unevictable:       13568 kB
Mlocked:               0 kB
SwapTotal:        715328 kB
SwapFree:         699664 kB
Dirty:                32 kB
Writeback:             0 kB
AnonPages:       1057872 kB
Mapped:           611120 kB
Shmem:               596 kB
Slab:              99280 kB
SReclaimable:      32100 kB
SUnreclaim:        67180 kB
KernelStack:       38592 kB
PageTables:        50320 kB
NFS_Unstable:          0 kB
Bounce:                0 kB
WritebackTmp:          0 kB
CommitLimit:     2152132 kB
Committed_AS:   119110080 kB
VmallocTotal:   251658176 kB
VmallocUsed:      136116 kB
VmallocChunk:   251418156 kB
Time pass: 295 sec

---2015-12-10 23:35:48
MemTotal:        2873608 kB
MemFree:          133344 kB
Buffers:           15808 kB
Cached:           879072 kB
SwapCached:          100 kB
Active:          1313184 kB
Inactive:         626256 kB
Active(anon):     849648 kB
Inactive(anon):   209076 kB
Active(file):     463536 kB
Inactive(file):   417180 kB
Unevictable:       13568 kB
Mlocked:               0 kB
SwapTotal:        715328 kB
SwapFree:         699664 kB
Dirty:                40 kB
Writeback:             0 kB
AnonPages:       1058052 kB
Mapped:           611212 kB
Shmem:               596 kB
Slab:              99280 kB
SReclaimable:      32100 kB
SUnreclaim:        67180 kB
KernelStack:       38592 kB
PageTables:        50352 kB
NFS_Unstable:          0 kB
Bounce:                0 kB
WritebackTmp:          0 kB
CommitLimit:     2152132 kB
Committed_AS:   119110064 kB
VmallocTotal:   251658176 kB
VmallocUsed:      136116 kB
VmallocChunk:   251418156 kB
Time pass: 299 sec

---2015-12-10 23:35:48
MemTotal:        2873608 kB
MemFree:          132308 kB
Buffers:           15816 kB
Cached:           879072 kB
SwapCached:          100 kB
Active:          1313992 kB
Inactive:         626256 kB
Active(anon):     850456 kB
Inactive(anon):   209076 kB
Active(file):     463536 kB
Inactive(file):   417180 kB
Unevictable:       13568 kB
Mlocked:               0 kB
SwapTotal:        715328 kB
SwapFree:         699664 kB
Dirty:                 0 kB
Writeback:             0 kB
AnonPages:       1058880 kB
Mapped:           611216 kB
Shmem:               596 kB
Slab:              99280 kB
SReclaimable:      32100 kB
SUnreclaim:        67180 kB
KernelStack:       38592 kB
PageTables:        50356 kB
NFS_Unstable:          0 kB
Bounce:                0 kB
WritebackTmp:          0 kB
CommitLimit:     2152132 kB
Committed_AS:   119110064 kB
VmallocTotal:   251658176 kB
VmallocUsed:      136116 kB
VmallocChunk:   251418156 kB
Time pass: 302 sec

---2015-12-10 23:35:48
MemTotal:        2873608 kB
MemFree:          131452 kB
Buffers:           15816 kB
Cached:           879100 kB
SwapCached:          100 kB
Active:          1315152 kB
Inactive:         626292 kB
Active(anon):     851616 kB
Inactive(anon):   209104 kB
Active(file):     463536 kB
Inactive(file):   417188 kB
Unevictable:       13568 kB
Mlocked:               0 kB
SwapTotal:        715328 kB
SwapFree:         699664 kB
Dirty:                32 kB
Writeback:             0 kB
AnonPages:       1060044 kB
Mapped:           611252 kB
Shmem:               624 kB
Slab:              99280 kB
SReclaimable:      32100 kB
SUnreclaim:        67180 kB
KernelStack:       38592 kB
PageTables:        50352 kB
NFS_Unstable:          0 kB
Bounce:                0 kB
WritebackTmp:          0 kB
CommitLimit:     2152132 kB
Committed_AS:   119110072 kB
VmallocTotal:   251658176 kB
VmallocUsed:      136116 kB
VmallocChunk:   251418156 kB
Time pass: 306 sec

---2015-12-10 23:35:48
MemTotal:        2873608 kB
MemFree:          130444 kB
Buffers:           15832 kB
Cached:           879100 kB
SwapCached:          100 kB
Active:          1316008 kB
Inactive:         626308 kB
Active(anon):     852472 kB
Inactive(anon):   209104 kB
Active(file):     463536 kB
Inactive(file):   417204 kB
Unevictable:       13568 kB
Mlocked:               0 kB
SwapTotal:        715328 kB
SwapFree:         699664 kB
Dirty:                44 kB
Writeback:             0 kB
AnonPages:       1060772 kB
Mapped:           611172 kB
Shmem:               624 kB
Slab:              99296 kB
SReclaimable:      32100 kB
SUnreclaim:        67196 kB
KernelStack:       38592 kB
PageTables:        50328 kB
NFS_Unstable:          0 kB
Bounce:                0 kB
WritebackTmp:          0 kB
CommitLimit:     2152132 kB
Committed_AS:   119110072 kB
VmallocTotal:   251658176 kB
VmallocUsed:      136116 kB
VmallocChunk:   251418156 kB
Time pass: 310 sec

---2015-12-10 23:35:48
MemTotal:        2873608 kB
MemFree:          130556 kB
Buffers:           15848 kB
Cached:           879104 kB
SwapCached:          100 kB
Active:          1316028 kB
Inactive:         626328 kB
Active(anon):     852492 kB
Inactive(anon):   209108 kB
Active(file):     463536 kB
Inactive(file):   417220 kB
Unevictable:       13568 kB
Mlocked:               0 kB
SwapTotal:        715328 kB
SwapFree:         699664 kB
Dirty:                 0 kB
Writeback:             0 kB
AnonPages:       1060800 kB
Mapped:           611176 kB
Shmem:               628 kB
Slab:              99280 kB
SReclaimable:      32100 kB
SUnreclaim:        67180 kB
KernelStack:       38576 kB
PageTables:        50328 kB
NFS_Unstable:          0 kB
Bounce:                0 kB
WritebackTmp:          0 kB
CommitLimit:     2152132 kB
Committed_AS:   119110024 kB
VmallocTotal:   251658176 kB
VmallocUsed:      136116 kB
VmallocChunk:   251418156 kB
Time pass: 314 sec

---2015-12-10 23:35:48
MemTotal:        2873608 kB
MemFree:          129672 kB
Buffers:           15848 kB
Cached:           879104 kB
SwapCached:          100 kB
Active:          1316440 kB
Inactive:         626328 kB
Active(anon):     852904 kB
Inactive(anon):   209108 kB
Active(file):     463536 kB
Inactive(file):   417220 kB
Unevictable:       13568 kB
Mlocked:               0 kB
SwapTotal:        715328 kB
SwapFree:         699664 kB
Dirty:                 0 kB
Writeback:             0 kB
AnonPages:       1061356 kB
Mapped:           611292 kB
Shmem:               628 kB
Slab:              99280 kB
SReclaimable:      32100 kB
SUnreclaim:        67180 kB
KernelStack:       38576 kB
PageTables:        50344 kB
NFS_Unstable:          0 kB
Bounce:                0 kB
WritebackTmp:          0 kB
CommitLimit:     2152132 kB
Committed_AS:   119110048 kB
VmallocTotal:   251658176 kB
VmallocUsed:      136116 kB
VmallocChunk:   251418156 kB
Time pass: 317 sec

---2015-12-10 23:35:48
MemTotal:        2873608 kB
MemFree:          129704 kB
Buffers:           15872 kB
Cached:           879108 kB
SwapCached:          100 kB
Active:          1317448 kB
Inactive:         626356 kB
Active(anon):     853912 kB
Inactive(anon):   209112 kB
Active(file):     463536 kB
Inactive(file):   417244 kB
Unevictable:       13568 kB
Mlocked:               0 kB
SwapTotal:        715328 kB
SwapFree:         699664 kB
Dirty:                64 kB
Writeback:             0 kB
AnonPages:       1062196 kB
Mapped:           611284 kB
Shmem:               632 kB
Slab:              99320 kB
SReclaimable:      32100 kB
SUnreclaim:        67220 kB
KernelStack:       38592 kB
PageTables:        50360 kB
NFS_Unstable:          0 kB
Bounce:                0 kB
WritebackTmp:          0 kB
CommitLimit:     2152132 kB
Committed_AS:   119110072 kB
VmallocTotal:   251658176 kB
VmallocUsed:      136116 kB
VmallocChunk:   251418156 kB
Time pass: 321 sec

---2015-12-10 23:35:48
MemTotal:        2873608 kB
MemFree:          129056 kB
Buffers:           15872 kB
Cached:           879108 kB
SwapCached:          100 kB
Active:          1317332 kB
Inactive:         626356 kB
Active(anon):     853796 kB
Inactive(anon):   209112 kB
Active(file):     463536 kB
Inactive(file):   417244 kB
Unevictable:       13568 kB
Mlocked:               0 kB
SwapTotal:        715328 kB
SwapFree:         699664 kB
Dirty:                 0 kB
Writeback:             0 kB
AnonPages:       1062168 kB
Mapped:           611380 kB
Shmem:               632 kB
Slab:              99320 kB
SReclaimable:      32100 kB
SUnreclaim:        67220 kB
KernelStack:       38592 kB
PageTables:        50388 kB
NFS_Unstable:          0 kB
Bounce:                0 kB
WritebackTmp:          0 kB
CommitLimit:     2152132 kB
Committed_AS:   119110136 kB
VmallocTotal:   251658176 kB
VmallocUsed:      136116 kB
VmallocChunk:   251418156 kB
Time pass: 325 sec

---2015-12-10 23:35:48
MemTotal:        2873608 kB
MemFree:          128732 kB
Buffers:           15880 kB
Cached:           879108 kB
SwapCached:          100 kB
Active:          1317796 kB
Inactive:         626364 kB
Active(anon):     854260 kB
Inactive(anon):   209112 kB
Active(file):     463536 kB
Inactive(file):   417252 kB
Unevictable:       13568 kB
Mlocked:               0 kB
SwapTotal:        715328 kB
SwapFree:         699664 kB
Dirty:                32 kB
Writeback:             0 kB
AnonPages:       1062640 kB
Mapped:           611312 kB
Shmem:               632 kB
Slab:              99280 kB
SReclaimable:      32100 kB
SUnreclaim:        67180 kB
KernelStack:       38592 kB
PageTables:        50364 kB
NFS_Unstable:          0 kB
Bounce:                0 kB
WritebackTmp:          0 kB
CommitLimit:     2152132 kB
Committed_AS:   119110152 kB
VmallocTotal:   251658176 kB
VmallocUsed:      136116 kB
VmallocChunk:   251418156 kB
Time pass: 329 sec

---2015-12-10 23:35:48
MemTotal:        2873608 kB
MemFree:          126988 kB
Buffers:           15896 kB
Cached:           879312 kB
SwapCached:          100 kB
Active:          1319168 kB
Inactive:         626396 kB
Active(anon):     855468 kB
Inactive(anon):   209120 kB
Active(file):     463700 kB
Inactive(file):   417276 kB
Unevictable:       13568 kB
Mlocked:               0 kB
SwapTotal:        715328 kB
SwapFree:         699664 kB
Dirty:                40 kB
Writeback:             0 kB
AnonPages:       1063860 kB
Mapped:           612504 kB
Shmem:               640 kB
Slab:              99292 kB
SReclaimable:      32100 kB
SUnreclaim:        67192 kB
KernelStack:       38816 kB
PageTables:        50804 kB
NFS_Unstable:          0 kB
Bounce:                0 kB
WritebackTmp:          0 kB
CommitLimit:     2152132 kB
Committed_AS:   120346140 kB
VmallocTotal:   251658176 kB
VmallocUsed:      137136 kB
VmallocChunk:   251418156 kB
Time pass: 333 sec

---2015-12-10 23:35:48
MemTotal:        2873608 kB
MemFree:          125680 kB
Buffers:           15896 kB
Cached:           879452 kB
SwapCached:          100 kB
Active:          1320536 kB
Inactive:         626556 kB
Active(anon):     856836 kB
Inactive(anon):   209120 kB
Active(file):     463700 kB
Inactive(file):   417436 kB
Unevictable:       13568 kB
Mlocked:               0 kB
SwapTotal:        715328 kB
SwapFree:         699664 kB
Dirty:                40 kB
Writeback:             0 kB
AnonPages:       1065260 kB
Mapped:           612588 kB
Shmem:               644 kB
Slab:              99280 kB
SReclaimable:      32100 kB
SUnreclaim:        67180 kB
KernelStack:       38720 kB
PageTables:        50804 kB
NFS_Unstable:          0 kB
Bounce:                0 kB
WritebackTmp:          0 kB
CommitLimit:     2152132 kB
Committed_AS:   120346092 kB
VmallocTotal:   251658176 kB
VmallocUsed:      137136 kB
VmallocChunk:   251418156 kB
Time pass: 337 sec

---2015-12-10 23:35:48
MemTotal:        2873608 kB
MemFree:          131384 kB
Buffers:           15904 kB
Cached:           879480 kB
SwapCached:          100 kB
Active:          1314260 kB
Inactive:         626592 kB
Active(anon):     850560 kB
Inactive(anon):   209148 kB
Active(file):     463700 kB
Inactive(file):   417444 kB
Unevictable:       13568 kB
Mlocked:               0 kB
SwapTotal:        715328 kB
SwapFree:         699664 kB
Dirty:                64 kB
Writeback:             0 kB
AnonPages:       1058896 kB
Mapped:           612748 kB
Shmem:               672 kB
Slab:              99280 kB
SReclaimable:      32100 kB
SUnreclaim:        67180 kB
KernelStack:       38688 kB
PageTables:        50880 kB
NFS_Unstable:          0 kB
Bounce:                0 kB
WritebackTmp:          0 kB
CommitLimit:     2152132 kB
Committed_AS:   120346108 kB
VmallocTotal:   251658176 kB
VmallocUsed:      137136 kB
VmallocChunk:   251418156 kB
Time pass: 341 sec

---2015-12-10 23:35:48
MemTotal:        2873608 kB
MemFree:          130916 kB
Buffers:           15920 kB
Cached:           879544 kB
SwapCached:          100 kB
Active:          1314624 kB
Inactive:         626632 kB
Active(anon):     850912 kB
Inactive(anon):   209148 kB
Active(file):     463712 kB
Inactive(file):   417484 kB
Unevictable:       13568 kB
Mlocked:               0 kB
SwapTotal:        715328 kB
SwapFree:         699664 kB
Dirty:                12 kB
Writeback:             4 kB
AnonPages:       1059436 kB
Mapped:           612632 kB
Shmem:               672 kB
Slab:              99280 kB
SReclaimable:      32100 kB
SUnreclaim:        67180 kB
KernelStack:       38704 kB
PageTables:        50820 kB
NFS_Unstable:          0 kB
Bounce:                0 kB
WritebackTmp:          0 kB
CommitLimit:     2152132 kB
Committed_AS:   120346052 kB
VmallocTotal:   251658176 kB
VmallocUsed:      137136 kB
VmallocChunk:   251418156 kB
Time pass: 344 sec

---2015-12-10 23:35:48
MemTotal:        2873608 kB
MemFree:          130140 kB
Buffers:           15920 kB
Cached:           879540 kB
SwapCached:          100 kB
Active:          1314740 kB
Inactive:         626668 kB
Active(anon):     851040 kB
Inactive(anon):   209148 kB
Active(file):     463700 kB
Inactive(file):   417520 kB
Unevictable:       13568 kB
Mlocked:               0 kB
SwapTotal:        715328 kB
SwapFree:         699664 kB
Dirty:                44 kB
Writeback:             0 kB
AnonPages:       1059540 kB
Mapped:           612636 kB
Shmem:               672 kB
Slab:              99280 kB
SReclaimable:      32100 kB
SUnreclaim:        67180 kB
KernelStack:       38704 kB
PageTables:        50808 kB
NFS_Unstable:          0 kB
Bounce:                0 kB
WritebackTmp:          0 kB
CommitLimit:     2152132 kB
Committed_AS:   120346068 kB
VmallocTotal:   251658176 kB
VmallocUsed:      137136 kB
VmallocChunk:   251418156 kB
Time pass: 348 sec

---2015-12-10 23:35:48
MemTotal:        2873608 kB
MemFree:          128956 kB
Buffers:           15928 kB
Cached:           879540 kB
SwapCached:          100 kB
Active:          1315552 kB
Inactive:         626676 kB
Active(anon):     851852 kB
Inactive(anon):   209148 kB
Active(file):     463700 kB
Inactive(file):   417528 kB
Unevictable:       13568 kB
Mlocked:               0 kB
SwapTotal:        715328 kB
SwapFree:         699664 kB
Dirty:                72 kB
Writeback:             0 kB
AnonPages:       1060124 kB
Mapped:           612644 kB
Shmem:               672 kB
Slab:              99280 kB
SReclaimable:      32100 kB
SUnreclaim:        67180 kB
KernelStack:       38704 kB
PageTables:        50808 kB
NFS_Unstable:          0 kB
Bounce:                0 kB
WritebackTmp:          0 kB
CommitLimit:     2152132 kB
Committed_AS:   120346076 kB
VmallocTotal:   251658176 kB
VmallocUsed:      137136 kB
VmallocChunk:   251418156 kB
Time pass: 352 sec

---2015-12-10 23:35:48
MemTotal:        2873608 kB
MemFree:          129464 kB
Buffers:           15932 kB
Cached:           879540 kB
SwapCached:          100 kB
Active:          1315956 kB
Inactive:         626680 kB
Active(anon):     852256 kB
Inactive(anon):   209152 kB
Active(file):     463700 kB
Inactive(file):   417528 kB
Unevictable:       13568 kB
Mlocked:               0 kB
SwapTotal:        715328 kB
SwapFree:         699664 kB
Dirty:                 0 kB
Writeback:             0 kB
AnonPages:       1060388 kB
Mapped:           612652 kB
Shmem:               676 kB
Slab:              99280 kB
SReclaimable:      32100 kB
SUnreclaim:        67180 kB
KernelStack:       38704 kB
PageTables:        50808 kB
NFS_Unstable:          0 kB
Bounce:                0 kB
WritebackTmp:          0 kB
CommitLimit:     2152132 kB
Committed_AS:   120346060 kB
VmallocTotal:   251658176 kB
VmallocUsed:      137136 kB
VmallocChunk:   251418156 kB
Time pass: 356 sec

---2015-12-10 23:35:48
MemTotal:        2873608 kB
MemFree:          129880 kB
Buffers:           15944 kB
Cached:           879544 kB
SwapCached:          100 kB
Active:          1315068 kB
Inactive:         626696 kB
Active(anon):     851368 kB
Inactive(anon):   209152 kB
Active(file):     463700 kB
Inactive(file):   417544 kB
Unevictable:       13568 kB
Mlocked:               0 kB
SwapTotal:        715328 kB
SwapFree:         699664 kB
Dirty:                52 kB
Writeback:             0 kB
AnonPages:       1059704 kB
Mapped:           612656 kB
Shmem:               676 kB
Slab:              99372 kB
SReclaimable:      32100 kB
SUnreclaim:        67272 kB
KernelStack:       38704 kB
PageTables:        50808 kB
NFS_Unstable:          0 kB
Bounce:                0 kB
WritebackTmp:          0 kB
CommitLimit:     2152132 kB
Committed_AS:   120346060 kB
VmallocTotal:   251658176 kB
VmallocUsed:      137136 kB
VmallocChunk:   251418156 kB
Time pass: 360 sec

---2015-12-10 23:35:48
MemTotal:        2873608 kB
MemFree:          130244 kB
Buffers:           15952 kB
Cached:           879544 kB
SwapCached:          100 kB
Active:          1315116 kB
Inactive:         626704 kB
Active(anon):     851416 kB
Inactive(anon):   209152 kB
Active(file):     463700 kB
Inactive(file):   417552 kB
Unevictable:       13568 kB
Mlocked:               0 kB
SwapTotal:        715328 kB
SwapFree:         699664 kB
Dirty:                28 kB
Writeback:             0 kB
AnonPages:       1059824 kB
Mapped:           612668 kB
Shmem:               676 kB
Slab:              99324 kB
SReclaimable:      32100 kB
SUnreclaim:        67224 kB
KernelStack:       38704 kB
PageTables:        50812 kB
NFS_Unstable:          0 kB
Bounce:                0 kB
WritebackTmp:          0 kB
CommitLimit:     2152132 kB
Committed_AS:   120346060 kB
VmallocTotal:   251658176 kB
VmallocUsed:      137136 kB
VmallocChunk:   251418156 kB
Time pass: 363 sec

---2015-12-10 23:35:48
MemTotal:        2873608 kB
MemFree:          130020 kB
Buffers:           15952 kB
Cached:           879548 kB
SwapCached:          100 kB
Active:          1315512 kB
Inactive:         626708 kB
Active(anon):     851812 kB
Inactive(anon):   209156 kB
Active(file):     463700 kB
Inactive(file):   417552 kB
Unevictable:       13568 kB
Mlocked:               0 kB
SwapTotal:        715328 kB
SwapFree:         699664 kB
Dirty:                 4 kB
Writeback:             0 kB
AnonPages:       1060244 kB
Mapped:           612724 kB
Shmem:               680 kB
Slab:              99280 kB
SReclaimable:      32100 kB
SUnreclaim:        67180 kB
KernelStack:       38704 kB
PageTables:        50840 kB
NFS_Unstable:          0 kB
Bounce:                0 kB
WritebackTmp:          0 kB
CommitLimit:     2152132 kB
Committed_AS:   120346052 kB
VmallocTotal:   251658176 kB
VmallocUsed:      137136 kB
VmallocChunk:   251418156 kB
Time pass: 367 sec

---2015-12-10 23:35:48
MemTotal:        2873608 kB
MemFree:          129972 kB
Buffers:           15968 kB
Cached:           879548 kB
SwapCached:          100 kB
Active:          1315704 kB
Inactive:         626724 kB
Active(anon):     852004 kB
Inactive(anon):   209156 kB
Active(file):     463700 kB
Inactive(file):   417568 kB
Unevictable:       13568 kB
Mlocked:               0 kB
SwapTotal:        715328 kB
SwapFree:         699664 kB
Dirty:                48 kB
Writeback:             0 kB
AnonPages:       1060368 kB
Mapped:           612592 kB
Shmem:               680 kB
Slab:              99280 kB
SReclaimable:      32100 kB
SUnreclaim:        67180 kB
KernelStack:       38704 kB
PageTables:        50868 kB
NFS_Unstable:          0 kB
Bounce:                0 kB
WritebackTmp:          0 kB
CommitLimit:     2152132 kB
Committed_AS:   120346052 kB
VmallocTotal:   251658176 kB
VmallocUsed:      137136 kB
VmallocChunk:   251418156 kB
Time pass: 371 sec

---2015-12-10 23:35:48
MemTotal:        2873608 kB
MemFree:          129496 kB
Buffers:           15984 kB
Cached:           879576 kB
SwapCached:          100 kB
Active:          1315912 kB
Inactive:         626768 kB
Active(anon):     852212 kB
Inactive(anon):   209184 kB
Active(file):     463700 kB
Inactive(file):   417584 kB
Unevictable:       13568 kB
Mlocked:               0 kB
SwapTotal:        715328 kB
SwapFree:         699664 kB
Dirty:                52 kB
Writeback:             0 kB
AnonPages:       1060496 kB
Mapped:           612764 kB
Shmem:               708 kB
Slab:              99168 kB
SReclaimable:      31988 kB
SUnreclaim:        67180 kB
KernelStack:       38704 kB
PageTables:        50840 kB
NFS_Unstable:          0 kB
Bounce:                0 kB
WritebackTmp:          0 kB
CommitLimit:     2152132 kB
Committed_AS:   120346140 kB
VmallocTotal:   251658176 kB
VmallocUsed:      137136 kB
VmallocChunk:   251418156 kB
Time pass: 375 sec

---2015-12-10 23:35:48
MemTotal:        2873608 kB
MemFree:          133156 kB
Buffers:           15984 kB
Cached:           879580 kB
SwapCached:          100 kB
Active:          1312708 kB
Inactive:         626592 kB
Active(anon):     848828 kB
Inactive(anon):   209188 kB
Active(file):     463880 kB
Inactive(file):   417404 kB
Unevictable:       13568 kB
Mlocked:               0 kB
SwapTotal:        715328 kB
SwapFree:         699664 kB
Dirty:                 0 kB
Writeback:             0 kB
AnonPages:       1057284 kB
Mapped:           611172 kB
Shmem:               712 kB
Slab:              99076 kB
SReclaimable:      31988 kB
SUnreclaim:        67088 kB
KernelStack:       38416 kB
PageTables:        50244 kB
NFS_Unstable:          0 kB
Bounce:                0 kB
WritebackTmp:          0 kB
CommitLimit:     2152132 kB
Committed_AS:   118563376 kB
VmallocTotal:   251658176 kB
VmallocUsed:      136116 kB
VmallocChunk:   251418156 kB
Time pass: 378 sec

---2015-12-10 23:35:48
MemTotal:        2873608 kB
MemFree:          132864 kB
Buffers:           16008 kB
Cached:           879580 kB
SwapCached:          100 kB
Active:          1313208 kB
Inactive:         626616 kB
Active(anon):     849328 kB
Inactive(anon):   209188 kB
Active(file):     463880 kB
Inactive(file):   417428 kB
Unevictable:       13568 kB
Mlocked:               0 kB
SwapTotal:        715328 kB
SwapFree:         699664 kB
Dirty:                64 kB
Writeback:             0 kB
AnonPages:       1057620 kB
Mapped:           611176 kB
Shmem:               712 kB
Slab:              99068 kB
SReclaimable:      31988 kB
SUnreclaim:        67080 kB
KernelStack:       38448 kB
PageTables:        50244 kB
NFS_Unstable:          0 kB
Bounce:                0 kB
WritebackTmp:          0 kB
CommitLimit:     2152132 kB
Committed_AS:   118563368 kB
VmallocTotal:   251658176 kB
VmallocUsed:      136116 kB
VmallocChunk:   251418156 kB
Time pass: 382 sec

---2015-12-10 23:35:48
MemTotal:        2873608 kB
MemFree:          131772 kB
Buffers:           16016 kB
Cached:           879580 kB
SwapCached:          100 kB
Active:          1313288 kB
Inactive:         626624 kB
Active(anon):     849408 kB
Inactive(anon):   209188 kB
Active(file):     463880 kB
Inactive(file):   417436 kB
Unevictable:       13568 kB
Mlocked:               0 kB
SwapTotal:        715328 kB
SwapFree:         699664 kB
Dirty:                36 kB
Writeback:             0 kB
AnonPages:       1057812 kB
Mapped:           611184 kB
Shmem:               712 kB
Slab:              99068 kB
SReclaimable:      31988 kB
SUnreclaim:        67080 kB
KernelStack:       38416 kB
PageTables:        50244 kB
NFS_Unstable:          0 kB
Bounce:                0 kB
WritebackTmp:          0 kB
CommitLimit:     2152132 kB
Committed_AS:   118563408 kB
VmallocTotal:   251658176 kB
VmallocUsed:      136128 kB
VmallocChunk:   251418156 kB
Time pass: 386 sec

---2015-12-10 23:35:48
MemTotal:        2873608 kB
MemFree:          132052 kB
Buffers:           16016 kB
Cached:           879580 kB
SwapCached:          100 kB
Active:          1313376 kB
Inactive:         626624 kB
Active(anon):     849496 kB
Inactive(anon):   209188 kB
Active(file):     463880 kB
Inactive(file):   417436 kB
Unevictable:       13568 kB
Mlocked:               0 kB
SwapTotal:        715328 kB
SwapFree:         699664 kB
Dirty:                36 kB
Writeback:             0 kB
AnonPages:       1057860 kB
Mapped:           611272 kB
Shmem:               712 kB
Slab:              99064 kB
SReclaimable:      31988 kB
SUnreclaim:        67076 kB
KernelStack:       38448 kB
PageTables:        50276 kB
NFS_Unstable:          0 kB
Bounce:                0 kB
WritebackTmp:          0 kB
CommitLimit:     2152132 kB
Committed_AS:   118563408 kB
VmallocTotal:   251658176 kB
VmallocUsed:      136128 kB
VmallocChunk:   251418156 kB
Time pass: 390 sec

---2015-12-10 23:35:48
MemTotal:        2873608 kB
MemFree:          132112 kB
Buffers:           16032 kB
Cached:           879580 kB
SwapCached:          100 kB
Active:          1313652 kB
Inactive:         626640 kB
Active(anon):     849772 kB
Inactive(anon):   209188 kB
Active(file):     463880 kB
Inactive(file):   417452 kB
Unevictable:       13568 kB
Mlocked:               0 kB
SwapTotal:        715328 kB
SwapFree:         699664 kB
Dirty:                44 kB
Writeback:             0 kB
AnonPages:       1058028 kB
Mapped:           611248 kB
Shmem:               712 kB
Slab:              99064 kB
SReclaimable:      31988 kB
SUnreclaim:        67076 kB
KernelStack:       38448 kB
PageTables:        50244 kB
NFS_Unstable:          0 kB
Bounce:                0 kB
WritebackTmp:          0 kB
CommitLimit:     2152132 kB
Committed_AS:   118563384 kB
VmallocTotal:   251658176 kB
VmallocUsed:      136128 kB
VmallocChunk:   251418156 kB
Time pass: 394 sec

---2015-12-10 23:35:48
MemTotal:        2873608 kB
MemFree:          131168 kB
Buffers:           16040 kB
