---2015-10-23 20:34:50
MemTotal:        1386500 kB
MemFree:          271972 kB
Buffers:           47612 kB
Cached:           386132 kB
SwapCached:        33004 kB
Active:           316692 kB
Inactive:         476868 kB
Active(anon):      95804 kB
Inactive(anon):   266704 kB
Active(file):     220888 kB
Inactive(file):   210164 kB
Unevictable:        2528 kB
Mlocked:               0 kB
HighTotal:        849920 kB
HighFree:         151692 kB
LowTotal:         536580 kB
LowFree:          120280 kB
SwapTotal:       1048572 kB
SwapFree:         891876 kB
Dirty:                44 kB
Writeback:             0 kB
AnonPages:        358296 kB
Mapped:           133764 kB
Shmem:               164 kB
Slab:              53028 kB
SReclaimable:      16256 kB
SUnreclaim:        36772 kB
KernelStack:        9920 kB
PageTables:        17452 kB
NFS_Unstable:          0 kB
Bounce:                0 kB
WritebackTmp:          0 kB
CommitLimit:     1741820 kB
Committed_AS:   40625916 kB
VmallocTotal:     319488 kB
VmallocUsed:       15944 kB
VmallocChunk:     195596 kB
Time pass: 3 sec

---2015-10-23 20:34:50
MemTotal:        1386500 kB
MemFree:          272356 kB
Buffers:           47616 kB
Cached:           386128 kB
SwapCached:        33004 kB
Active:           316288 kB
Inactive:         476856 kB
Active(anon):      95400 kB
Inactive(anon):   266692 kB
Active(file):     220888 kB
Inactive(file):   210164 kB
Unevictable:        2528 kB
Mlocked:               0 kB
HighTotal:        849920 kB
HighFree:         152076 kB
LowTotal:         536580 kB
LowFree:          120280 kB
SwapTotal:       1048572 kB
SwapFree:         891876 kB
Dirty:                 0 kB
Writeback:             0 kB
AnonPages:        357880 kB
Mapped:           133764 kB
Shmem:               164 kB
Slab:              53028 kB
SReclaimable:      16256 kB
SUnreclaim:        36772 kB
KernelStack:        9920 kB
PageTables:        17452 kB
NFS_Unstable:          0 kB
Bounce:                0 kB
WritebackTmp:          0 kB
CommitLimit:     1741820 kB
Committed_AS:   40625896 kB
VmallocTotal:     319488 kB
VmallocUsed:       15944 kB
VmallocChunk:     195596 kB
Time pass: 7 sec

---2015-10-23 20:34:50
MemTotal:        1386500 kB
MemFree:          272404 kB
Buffers:           47616 kB
Cached:           386132 kB
SwapCached:        33004 kB
Active:           316264 kB
Inactive:         476856 kB
Active(anon):      95372 kB
Inactive(anon):   266692 kB
Active(file):     220892 kB
Inactive(file):   210164 kB
Unevictable:        2528 kB
Mlocked:               0 kB
HighTotal:        849920 kB
HighFree:         152124 kB
LowTotal:         536580 kB
LowFree:          120280 kB
SwapTotal:       1048572 kB
SwapFree:         891876 kB
Dirty:                60 kB
Writeback:             0 kB
AnonPages:        357892 kB
Mapped:           133764 kB
Shmem:               164 kB
Slab:              53028 kB
SReclaimable:      16256 kB
SUnreclaim:        36772 kB
KernelStack:        9920 kB
PageTables:        17452 kB
NFS_Unstable:          0 kB
Bounce:                0 kB
WritebackTmp:          0 kB
CommitLimit:     1741820 kB
Committed_AS:   40625848 kB
VmallocTotal:     319488 kB
VmallocUsed:       15944 kB
VmallocChunk:     195596 kB
Time pass: 10 sec

---2015-10-23 20:34:50
MemTotal:        1386500 kB
MemFree:          271872 kB
Buffers:           47616 kB
Cached:           386132 kB
SwapCached:        33004 kB
Active:           316288 kB
Inactive:         476856 kB
Active(anon):      95396 kB
Inactive(anon):   266692 kB
Active(file):     220892 kB
Inactive(file):   210164 kB
Unevictable:        2528 kB
Mlocked:               0 kB
HighTotal:        849920 kB
HighFree:         151752 kB
LowTotal:         536580 kB
LowFree:          120120 kB
SwapTotal:       1048572 kB
SwapFree:         891876 kB
Dirty:                 0 kB
Writeback:             0 kB
AnonPages:        357888 kB
Mapped:           133764 kB
Shmem:               164 kB
Slab:              53188 kB
SReclaimable:      16256 kB
SUnreclaim:        36932 kB
KernelStack:        9920 kB
PageTables:        17452 kB
NFS_Unstable:          0 kB
Bounce:                0 kB
WritebackTmp:          0 kB
CommitLimit:     1741820 kB
Committed_AS:   40625848 kB
VmallocTotal:     319488 kB
VmallocUsed:       15944 kB
VmallocChunk:     195596 kB
Time pass: 14 sec

---2015-10-23 20:34:50
MemTotal:        1386500 kB
MemFree:          272152 kB
Buffers:           47616 kB
Cached:           386132 kB
SwapCached:        33004 kB
Active:           316400 kB
Inactive:         476856 kB
Active(anon):      95508 kB
Inactive(anon):   266692 kB
Active(file):     220892 kB
Inactive(file):   210164 kB
Unevictable:        2528 kB
Mlocked:               0 kB
HighTotal:        849920 kB
HighFree:         152064 kB
LowTotal:         536580 kB
LowFree:          120088 kB
SwapTotal:       1048572 kB
SwapFree:         891876 kB
Dirty:                 0 kB
Writeback:             0 kB
AnonPages:        357968 kB
Mapped:           133764 kB
Shmem:               164 kB
Slab:              53184 kB
SReclaimable:      16256 kB
SUnreclaim:        36928 kB
KernelStack:        9936 kB
PageTables:        17480 kB
NFS_Unstable:          0 kB
Bounce:                0 kB
WritebackTmp:          0 kB
CommitLimit:     1741820 kB
Committed_AS:   40625916 kB
VmallocTotal:     319488 kB
VmallocUsed:       15944 kB
VmallocChunk:     195596 kB
Time pass: 18 sec

---2015-10-23 20:34:50
MemTotal:        1386500 kB
MemFree:          272164 kB
Buffers:           47616 kB
Cached:           386132 kB
SwapCached:        33004 kB
Active:           316340 kB
Inactive:         476856 kB
Active(anon):      95448 kB
Inactive(anon):   266692 kB
Active(file):     220892 kB
Inactive(file):   210164 kB
Unevictable:        2528 kB
Mlocked:               0 kB
HighTotal:        849920 kB
HighFree:         152012 kB
LowTotal:         536580 kB
LowFree:          120152 kB
SwapTotal:       1048572 kB
SwapFree:         891876 kB
Dirty:                 0 kB
Writeback:             0 kB
AnonPages:        357952 kB
Mapped:           133720 kB
Shmem:               164 kB
Slab:              53184 kB
SReclaimable:      16256 kB
SUnreclaim:        36928 kB
KernelStack:        9904 kB
PageTables:        17436 kB
NFS_Unstable:          0 kB
Bounce:                0 kB
WritebackTmp:          0 kB
CommitLimit:     1741820 kB
Committed_AS:   40625848 kB
VmallocTotal:     319488 kB
VmallocUsed:       15944 kB
VmallocChunk:     195596 kB
Time pass: 21 sec

---2015-10-23 20:34:50
MemTotal:        1386500 kB
MemFree:          272152 kB
Buffers:           47616 kB
Cached:           386132 kB
SwapCached:        33004 kB
Active:           316288 kB
Inactive:         476856 kB
Active(anon):      95396 kB
Inactive(anon):   266692 kB
Active(file):     220892 kB
Inactive(file):   210164 kB
Unevictable:        2528 kB
Mlocked:               0 kB
HighTotal:        849920 kB
HighFree:         152124 kB
LowTotal:         536580 kB
LowFree:          120028 kB
SwapTotal:       1048572 kB
SwapFree:         891876 kB
Dirty:                 0 kB
Writeback:             0 kB
AnonPages:        357940 kB
Mapped:           133764 kB
Shmem:               164 kB
Slab:              53152 kB
SReclaimable:      16256 kB
SUnreclaim:        36896 kB
KernelStack:        9920 kB
PageTables:        17448 kB
NFS_Unstable:          0 kB
Bounce:                0 kB
WritebackTmp:          0 kB
CommitLimit:     1741820 kB
Committed_AS:   40625916 kB
VmallocTotal:     319488 kB
VmallocUsed:       15944 kB
VmallocChunk:     195596 kB
Time pass: 25 sec

---2015-10-23 20:34:50
MemTotal:        1386500 kB
MemFree:          271732 kB
Buffers:           47616 kB
Cached:           386132 kB
SwapCached:        33004 kB
Active:           316316 kB
Inactive:         476856 kB
Active(anon):      95424 kB
Inactive(anon):   266692 kB
Active(file):     220892 kB
Inactive(file):   210164 kB
Unevictable:        2528 kB
Mlocked:               0 kB
HighTotal:        849920 kB
HighFree:         151852 kB
LowTotal:         536580 kB
LowFree:          119880 kB
SwapTotal:       1048572 kB
SwapFree:         891876 kB
Dirty:                 0 kB
Writeback:             0 kB
AnonPages:        357940 kB
Mapped:           133764 kB
Shmem:               164 kB
Slab:              53152 kB
SReclaimable:      16256 kB
SUnreclaim:        36896 kB
KernelStack:        9920 kB
PageTables:        17452 kB
NFS_Unstable:          0 kB
Bounce:                0 kB
WritebackTmp:          0 kB
CommitLimit:     1741820 kB
Committed_AS:   40625916 kB
VmallocTotal:     319488 kB
VmallocUsed:       15944 kB
VmallocChunk:     195596 kB
Time pass: 29 sec

---2015-10-23 20:34:50
MemTotal:        1386500 kB
MemFree:          271656 kB
Buffers:           47616 kB
Cached:           386132 kB
SwapCached:        33004 kB
Active:           316340 kB
Inactive:         476856 kB
Active(anon):      95448 kB
Inactive(anon):   266692 kB
Active(file):     220892 kB
Inactive(file):   210164 kB
Unevictable:        2528 kB
Mlocked:               0 kB
HighTotal:        849920 kB
HighFree:         151628 kB
LowTotal:         536580 kB
LowFree:          120028 kB
SwapTotal:       1048572 kB
SwapFree:         891876 kB
Dirty:                 0 kB
Writeback:             0 kB
AnonPages:        357940 kB
Mapped:           133764 kB
Shmem:               164 kB
Slab:              53152 kB
SReclaimable:      16256 kB
SUnreclaim:        36896 kB
KernelStack:        9920 kB
PageTables:        17452 kB
NFS_Unstable:          0 kB
Bounce:                0 kB
WritebackTmp:          0 kB
CommitLimit:     1741820 kB
Committed_AS:   40625848 kB
VmallocTotal:     319488 kB
VmallocUsed:       15944 kB
VmallocChunk:     195596 kB
Time pass: 32 sec

---2015-10-23 20:34:50
MemTotal:        1386500 kB
MemFree:          271928 kB
Buffers:           47616 kB
Cached:           386132 kB
SwapCached:        33004 kB
Active:           316312 kB
Inactive:         476856 kB
Active(anon):      95420 kB
Inactive(anon):   266692 kB
Active(file):     220892 kB
Inactive(file):   210164 kB
Unevictable:        2528 kB
Mlocked:               0 kB
HighTotal:        849920 kB
HighFree:         152024 kB
LowTotal:         536580 kB
LowFree:          119904 kB
SwapTotal:       1048572 kB
SwapFree:         891876 kB
Dirty:                 0 kB
Writeback:             0 kB
AnonPages:        357940 kB
Mapped:           133764 kB
Shmem:               164 kB
Slab:              53152 kB
SReclaimable:      16256 kB
SUnreclaim:        36896 kB
KernelStack:        9920 kB
PageTables:        17452 kB
NFS_Unstable:          0 kB
Bounce:                0 kB
WritebackTmp:          0 kB
CommitLimit:     1741820 kB
Committed_AS:   40625916 kB
VmallocTotal:     319488 kB
VmallocUsed:       15944 kB
VmallocChunk:     195596 kB
Time pass: 36 sec

---2015-10-23 20:34:50
MemTotal:        1386500 kB
MemFree:          271876 kB
Buffers:           47616 kB
Cached:           386132 kB
SwapCached:        33004 kB
Active:           316336 kB
Inactive:         476856 kB
Active(anon):      95444 kB
Inactive(anon):   266692 kB
Active(file):     220892 kB
Inactive(file):   210164 kB
Unevictable:        2528 kB
Mlocked:               0 kB
HighTotal:        849920 kB
HighFree:         151972 kB
LowTotal:         536580 kB
LowFree:          119904 kB
SwapTotal:       1048572 kB
SwapFree:         891876 kB
Dirty:                 0 kB
Writeback:             0 kB
AnonPages:        357940 kB
Mapped:           133764 kB
Shmem:               164 kB
Slab:              53152 kB
SReclaimable:      16256 kB
SUnreclaim:        36896 kB
KernelStack:        9920 kB
PageTables:        17452 kB
NFS_Unstable:          0 kB
Bounce:                0 kB
WritebackTmp:          0 kB
CommitLimit:     1741820 kB
Committed_AS:   40625848 kB
VmallocTotal:     319488 kB
VmallocUsed:       15944 kB
VmallocChunk:     195596 kB
Time pass: 40 sec

---2015-10-23 20:34:50
MemTotal:        1386500 kB
MemFree:          272000 kB
Buffers:           47616 kB
Cached:           386132 kB
SwapCached:        33004 kB
Active:           316292 kB
Inactive:         476856 kB
Active(anon):      95400 kB
Inactive(anon):   266692 kB
Active(file):     220892 kB
Inactive(file):   210164 kB
Unevictable:        2528 kB
Mlocked:               0 kB
HighTotal:        849920 kB
HighFree:         152128 kB
LowTotal:         536580 kB
LowFree:          119872 kB
SwapTotal:       1048572 kB
SwapFree:         891876 kB
Dirty:                 0 kB
Writeback:             0 kB
AnonPages:        357856 kB
Mapped:           133764 kB
Shmem:               164 kB
Slab:              53152 kB
SReclaimable:      16256 kB
SUnreclaim:        36896 kB
KernelStack:        9920 kB
PageTables:        17432 kB
NFS_Unstable:          0 kB
Bounce:                0 kB
WritebackTmp:          0 kB
CommitLimit:     1741820 kB
Committed_AS:   40625912 kB
VmallocTotal:     319488 kB
VmallocUsed:       15944 kB
VmallocChunk:     195596 kB
Time pass: 43 sec

---2015-10-23 20:34:50
MemTotal:        1386500 kB
MemFree:          271968 kB
Buffers:           47616 kB
Cached:           386132 kB
SwapCached:        33004 kB
Active:           316292 kB
Inactive:         476856 kB
Active(anon):      95400 kB
Inactive(anon):   266692 kB
Active(file):     220892 kB
Inactive(file):   210164 kB
Unevictable:        2528 kB
Mlocked:               0 kB
HighTotal:        849920 kB
HighFree:         152016 kB
LowTotal:         536580 kB
LowFree:          119952 kB
SwapTotal:       1048572 kB
SwapFree:         891876 kB
Dirty:                 0 kB
Writeback:             0 kB
AnonPages:        357924 kB
Mapped:           133764 kB
Shmem:               164 kB
Slab:              53120 kB
SReclaimable:      16256 kB
SUnreclaim:        36864 kB
KernelStack:        9904 kB
PageTables:        17452 kB
NFS_Unstable:          0 kB
Bounce:                0 kB
WritebackTmp:          0 kB
CommitLimit:     1741820 kB
Committed_AS:   40625824 kB
VmallocTotal:     319488 kB
VmallocUsed:       15944 kB
VmallocChunk:     195596 kB
Time pass: 47 sec

---2015-10-23 20:34:50
MemTotal:        1386500 kB
MemFree:          271888 kB
Buffers:           47616 kB
Cached:           386132 kB
SwapCached:        33004 kB
Active:           316296 kB
Inactive:         476856 kB
Active(anon):      95404 kB
Inactive(anon):   266692 kB
Active(file):     220892 kB
Inactive(file):   210164 kB
Unevictable:        2528 kB
Mlocked:               0 kB
HighTotal:        849920 kB
HighFree:         151996 kB
LowTotal:         536580 kB
LowFree:          119892 kB
SwapTotal:       1048572 kB
SwapFree:         891876 kB
Dirty:                 0 kB
Writeback:             0 kB
AnonPages:        357924 kB
Mapped:           133764 kB
Shmem:               164 kB
Slab:              53056 kB
SReclaimable:      16256 kB
SUnreclaim:        36800 kB
KernelStack:        9904 kB
PageTables:        17452 kB
NFS_Unstable:          0 kB
Bounce:                0 kB
WritebackTmp:          0 kB
CommitLimit:     1741820 kB
Committed_AS:   40625744 kB
VmallocTotal:     319488 kB
VmallocUsed:       15944 kB
VmallocChunk:     195596 kB
Time pass: 51 sec

---2015-10-23 20:34:50
MemTotal:        1386500 kB
MemFree:          271884 kB
Buffers:           47616 kB
Cached:           386132 kB
SwapCached:        33004 kB
Active:           316324 kB
Inactive:         476856 kB
Active(anon):      95432 kB
Inactive(anon):   266692 kB
Active(file):     220892 kB
Inactive(file):   210164 kB
Unevictable:        2528 kB
Mlocked:               0 kB
HighTotal:        849920 kB
HighFree:         151992 kB
LowTotal:         536580 kB
LowFree:          119892 kB
SwapTotal:       1048572 kB
SwapFree:         891876 kB
Dirty:                 0 kB
Writeback:             0 kB
AnonPages:        357924 kB
Mapped:           133764 kB
Shmem:               164 kB
Slab:              53056 kB
SReclaimable:      16256 kB
SUnreclaim:        36800 kB
KernelStack:        9904 kB
PageTables:        17452 kB
NFS_Unstable:          0 kB
Bounce:                0 kB
WritebackTmp:          0 kB
CommitLimit:     1741820 kB
Committed_AS:   40625880 kB
VmallocTotal:     319488 kB
VmallocUsed:       15944 kB
VmallocChunk:     195596 kB
Time pass: 54 sec

---2015-10-23 20:34:50
MemTotal:        1386500 kB
MemFree:          271668 kB
Buffers:           47616 kB
Cached:           386132 kB
SwapCached:        33004 kB
Active:           316292 kB
Inactive:         476856 kB
Active(anon):      95400 kB
Inactive(anon):   266692 kB
Active(file):     220892 kB
Inactive(file):   210164 kB
Unevictable:        2528 kB
Mlocked:               0 kB
HighTotal:        849920 kB
HighFree:         151744 kB
LowTotal:         536580 kB
LowFree:          119924 kB
SwapTotal:       1048572 kB
SwapFree:         891876 kB
Dirty:                 0 kB
Writeback:             0 kB
AnonPages:        357924 kB
Mapped:           133764 kB
Shmem:               164 kB
Slab:              53024 kB
SReclaimable:      16256 kB
SUnreclaim:        36768 kB
KernelStack:        9904 kB
PageTables:        17452 kB
NFS_Unstable:          0 kB
Bounce:                0 kB
WritebackTmp:          0 kB
CommitLimit:     1741820 kB
Committed_AS:   40625868 kB
VmallocTotal:     319488 kB
VmallocUsed:       15944 kB
VmallocChunk:     195596 kB
Time pass: 58 sec

---2015-10-23 20:34:50
MemTotal:        1386500 kB
MemFree:          271852 kB
Buffers:           47616 kB
Cached:           386132 kB
SwapCached:        33004 kB
Active:           316320 kB
Inactive:         476856 kB
Active(anon):      95428 kB
Inactive(anon):   266692 kB
Active(file):     220892 kB
Inactive(file):   210164 kB
Unevictable:        2528 kB
Mlocked:               0 kB
HighTotal:        849920 kB
HighFree:         151868 kB
LowTotal:         536580 kB
LowFree:          119984 kB
SwapTotal:       1048572 kB
SwapFree:         891876 kB
Dirty:                 0 kB
Writeback:             0 kB
AnonPages:        357932 kB
Mapped:           133764 kB
Shmem:               164 kB
Slab:              53088 kB
SReclaimable:      16256 kB
SUnreclaim:        36832 kB
KernelStack:        9904 kB
PageTables:        17452 kB
NFS_Unstable:          0 kB
Bounce:                0 kB
WritebackTmp:          0 kB
CommitLimit:     1741820 kB
Committed_AS:   40625868 kB
VmallocTotal:     319488 kB
VmallocUsed:       15944 kB
VmallocChunk:     195596 kB
Time pass: 61 sec

---2015-10-23 20:34:50
MemTotal:        1386500 kB
MemFree:          271860 kB
Buffers:           47616 kB
Cached:           386132 kB
SwapCached:        33004 kB
Active:           316256 kB
Inactive:         476856 kB
Active(anon):      95364 kB
Inactive(anon):   266692 kB
Active(file):     220892 kB
Inactive(file):   210164 kB
Unevictable:        2528 kB
Mlocked:               0 kB
HighTotal:        849920 kB
HighFree:         151992 kB
LowTotal:         536580 kB
LowFree:          119868 kB
SwapTotal:       1048572 kB
SwapFree:         891876 kB
Dirty:                 0 kB
Writeback:             0 kB
AnonPages:        358028 kB
Mapped:           133764 kB
Shmem:               164 kB
Slab:              53088 kB
SReclaimable:      16256 kB
SUnreclaim:        36832 kB
KernelStack:        9856 kB
PageTables:        17516 kB
NFS_Unstable:          0 kB
Bounce:                0 kB
WritebackTmp:          0 kB
CommitLimit:     1741820 kB
Committed_AS:   40625868 kB
VmallocTotal:     319488 kB
VmallocUsed:       15944 kB
VmallocChunk:     195596 kB
Time pass: 65 sec

---2015-10-23 20:34:50
MemTotal:        1386500 kB
MemFree:          271836 kB
Buffers:           47616 kB
Cached:           386132 kB
SwapCached:        33004 kB
Active:           316300 kB
Inactive:         476856 kB
Active(anon):      95408 kB
Inactive(anon):   266692 kB
Active(file):     220892 kB
Inactive(file):   210164 kB
Unevictable:        2528 kB
Mlocked:               0 kB
HighTotal:        849920 kB
HighFree:         151868 kB
LowTotal:         536580 kB
LowFree:          119968 kB
SwapTotal:       1048572 kB
SwapFree:         891876 kB
Dirty:                 0 kB
Writeback:             0 kB
AnonPages:        357924 kB
Mapped:           133764 kB
Shmem:               164 kB
Slab:              53088 kB
SReclaimable:      16256 kB
SUnreclaim:        36832 kB
KernelStack:        9904 kB
PageTables:        17452 kB
NFS_Unstable:          0 kB
Bounce:                0 kB
WritebackTmp:          0 kB
CommitLimit:     1741820 kB
Committed_AS:   40625800 kB
VmallocTotal:     319488 kB
VmallocUsed:       15944 kB
VmallocChunk:     195596 kB
Time pass: 69 sec

---2015-10-23 20:34:50
MemTotal:        1386500 kB
MemFree:          271884 kB
Buffers:           47616 kB
Cached:           386132 kB
SwapCached:        33004 kB
Active:           316376 kB
Inactive:         476856 kB
Active(anon):      95484 kB
Inactive(anon):   266692 kB
Active(file):     220892 kB
Inactive(file):   210164 kB
Unevictable:        2528 kB
Mlocked:               0 kB
HighTotal:        849920 kB
HighFree:         151868 kB
LowTotal:         536580 kB
LowFree:          120016 kB
SwapTotal:       1048572 kB
SwapFree:         891876 kB
Dirty:                 0 kB
Writeback:             0 kB
AnonPages:        358072 kB
Mapped:           133764 kB
Shmem:               164 kB
Slab:              53056 kB
SReclaimable:      16256 kB
SUnreclaim:        36800 kB
KernelStack:        9904 kB
PageTables:        17452 kB
NFS_Unstable:          0 kB
Bounce:                0 kB
WritebackTmp:          0 kB
CommitLimit:     1741820 kB
Committed_AS:   40625788 kB
VmallocTotal:     319488 kB
VmallocUsed:       15944 kB
VmallocChunk:     195596 kB
Time pass: 72 sec

---2015-10-23 20:34:50
MemTotal:        1386500 kB
MemFree:          271884 kB
Buffers:           47616 kB
Cached:           386132 kB
SwapCached:        33004 kB
Active:           316360 kB
Inactive:         476856 kB
Active(anon):      95468 kB
Inactive(anon):   266692 kB
Active(file):     220892 kB
Inactive(file):   210164 kB
Unevictable:        2528 kB
Mlocked:               0 kB
HighTotal:        849920 kB
HighFree:         151868 kB
LowTotal:         536580 kB
LowFree:          120016 kB
SwapTotal:       1048572 kB
SwapFree:         891876 kB
Dirty:                 0 kB
Writeback:             0 kB
AnonPages:        357972 kB
Mapped:           133768 kB
Shmem:               164 kB
Slab:              53056 kB
SReclaimable:      16256 kB
SUnreclaim:        36800 kB
KernelStack:        9904 kB
PageTables:        17452 kB
NFS_Unstable:          0 kB
Bounce:                0 kB
WritebackTmp:          0 kB
CommitLimit:     1741820 kB
Committed_AS:   40625832 kB
VmallocTotal:     319488 kB
VmallocUsed:       15944 kB
VmallocChunk:     195596 kB
Time pass: 76 sec

---2015-10-23 20:34:50
MemTotal:        1386500 kB
MemFree:          271612 kB
Buffers:           47616 kB
Cached:           386132 kB
SwapCached:        33004 kB
Active:           316348 kB
Inactive:         476856 kB
Active(anon):      95456 kB
Inactive(anon):   266692 kB
Active(file):     220892 kB
Inactive(file):   210164 kB
Unevictable:        2528 kB
Mlocked:               0 kB
HighTotal:        849920 kB
HighFree:         151644 kB
LowTotal:         536580 kB
LowFree:          119968 kB
SwapTotal:       1048572 kB
SwapFree:         891876 kB
Dirty:                 0 kB
Writeback:             0 kB
AnonPages:        357976 kB
Mapped:           133764 kB
Shmem:               164 kB
Slab:              53056 kB
SReclaimable:      16256 kB
SUnreclaim:        36800 kB
KernelStack:        9904 kB
PageTables:        17452 kB
NFS_Unstable:          0 kB
Bounce:                0 kB
WritebackTmp:          0 kB
CommitLimit:     1741820 kB
Committed_AS:   40625868 kB
VmallocTotal:     319488 kB
VmallocUsed:       15944 kB
VmallocChunk:     195596 kB
Time pass: 80 sec

---2015-10-23 20:34:50
MemTotal:        1386500 kB
MemFree:          271528 kB
Buffers:           47616 kB
Cached:           386132 kB
SwapCached:        33004 kB
Active:           316248 kB
Inactive:         476856 kB
Active(anon):      95356 kB
Inactive(anon):   266692 kB
Active(file):     220892 kB
Inactive(file):   210164 kB
Unevictable:        2528 kB
Mlocked:               0 kB
HighTotal:        849920 kB
HighFree:         151756 kB
LowTotal:         536580 kB
LowFree:          119772 kB
SwapTotal:       1048572 kB
SwapFree:         891876 kB
Dirty:                 0 kB
Writeback:             0 kB
AnonPages:        357972 kB
Mapped:           133764 kB
Shmem:               164 kB
Slab:              53184 kB
SReclaimable:      16256 kB
SUnreclaim:        36928 kB
KernelStack:        9888 kB
PageTables:        17436 kB
NFS_Unstable:          0 kB
Bounce:                0 kB
WritebackTmp:          0 kB
CommitLimit:     1741820 kB
Committed_AS:   40625860 kB
VmallocTotal:     319488 kB
VmallocUsed:       15944 kB
VmallocChunk:     195596 kB
Time pass: 83 sec

---2015-10-23 20:34:50
MemTotal:        1386500 kB
MemFree:          271696 kB
Buffers:           47616 kB
Cached:           386132 kB
SwapCached:        33004 kB
Active:           316348 kB
Inactive:         476856 kB
Active(anon):      95456 kB
Inactive(anon):   266692 kB
Active(file):     220892 kB
Inactive(file):   210164 kB
Unevictable:        2528 kB
Mlocked:               0 kB
HighTotal:        849920 kB
HighFree:         151744 kB
LowTotal:         536580 kB
LowFree:          119952 kB
SwapTotal:       1048572 kB
SwapFree:         891876 kB
Dirty:                 0 kB
Writeback:             0 kB
AnonPages:        357976 kB
Mapped:           133768 kB
Shmem:               164 kB
Slab:              53120 kB
SReclaimable:      16256 kB
SUnreclaim:        36864 kB
KernelStack:        9904 kB
PageTables:        17452 kB
NFS_Unstable:          0 kB
Bounce:                0 kB
WritebackTmp:          0 kB
CommitLimit:     1741820 kB
Committed_AS:   40625868 kB
VmallocTotal:     319488 kB
VmallocUsed:       15944 kB
VmallocChunk:     195596 kB
Time pass: 87 sec

---2015-10-23 20:34:50
MemTotal:        1386500 kB
MemFree:          271896 kB
Buffers:           47616 kB
Cached:           386132 kB
SwapCached:        33004 kB
Active:           316392 kB
Inactive:         476856 kB
Active(anon):      95500 kB
Inactive(anon):   266692 kB
Active(file):     220892 kB
Inactive(file):   210164 kB
Unevictable:        2528 kB
Mlocked:               0 kB
HighTotal:        849920 kB
HighFree:         151788 kB
LowTotal:         536580 kB
LowFree:          120108 kB
SwapTotal:       1048572 kB
SwapFree:         891876 kB
Dirty:                 0 kB
Writeback:             0 kB
AnonPages:        357980 kB
Mapped:           133768 kB
Shmem:               164 kB
Slab:              53088 kB
SReclaimable:      16256 kB
SUnreclaim:        36832 kB
KernelStack:        9904 kB
PageTables:        17452 kB
NFS_Unstable:          0 kB
Bounce:                0 kB
WritebackTmp:          0 kB
CommitLimit:     1741820 kB
Committed_AS:   40625916 kB
VmallocTotal:     319488 kB
VmallocUsed:       15944 kB
VmallocChunk:     195596 kB
Time pass: 91 sec

---2015-10-23 20:34:50
MemTotal:        1386500 kB
MemFree:          240376 kB
Buffers:           47632 kB
Cached:           386432 kB
SwapCached:        33004 kB
Active:           339432 kB
Inactive:         477152 kB
Active(anon):     118520 kB
Inactive(anon):   266984 kB
Active(file):     220912 kB
Inactive(file):   210168 kB
Unevictable:        2528 kB
Mlocked:               0 kB
HighTotal:        849920 kB
HighFree:         123392 kB
LowTotal:         536580 kB
LowFree:          116984 kB
SwapTotal:       1048572 kB
SwapFree:         891876 kB
Dirty:               928 kB
Writeback:             0 kB
AnonPages:        381212 kB
Mapped:           157276 kB
Shmem:               456 kB
Slab:              53096 kB
SReclaimable:      16256 kB
SUnreclaim:        36840 kB
KernelStack:       10432 kB
PageTables:        18304 kB
NFS_Unstable:          0 kB
Bounce:                0 kB
WritebackTmp:          0 kB
CommitLimit:     1741820 kB
Committed_AS:   42284064 kB
VmallocTotal:     319488 kB
VmallocUsed:       18164 kB
VmallocChunk:     195596 kB
Time pass: 96 sec

---2015-10-23 20:34:50
MemTotal:        1386500 kB
MemFree:          221036 kB
Buffers:           47644 kB
Cached:           387116 kB
SwapCached:        33004 kB
Active:           348332 kB
Inactive:         477804 kB
Active(anon):     127384 kB
Inactive(anon):   266828 kB
Active(file):     220948 kB
Inactive(file):   210976 kB
Unevictable:        2528 kB
Mlocked:               0 kB
HighTotal:        849920 kB
HighFree:         111984 kB
LowTotal:         536580 kB
LowFree:          109052 kB
SwapTotal:       1048572 kB
SwapFree:         891876 kB
Dirty:               544 kB
Writeback:             0 kB
AnonPages:        389812 kB
Mapped:           163412 kB
Shmem:               300 kB
Slab:              53376 kB
SReclaimable:      16276 kB
SUnreclaim:        37100 kB
KernelStack:       10512 kB
PageTables:        18396 kB
NFS_Unstable:          0 kB
Bounce:                0 kB
WritebackTmp:          0 kB
CommitLimit:     1741820 kB
Committed_AS:   42292252 kB
VmallocTotal:     319488 kB
VmallocUsed:       18184 kB
VmallocChunk:     195596 kB
Time pass: 100 sec

---2015-10-23 20:34:50
MemTotal:        1386500 kB
MemFree:          189332 kB
Buffers:           47660 kB
Cached:           387240 kB
SwapCached:        33004 kB
Active:           353484 kB
Inactive:         478076 kB
Active(anon):     132660 kB
Inactive(anon):   266828 kB
Active(file):     220824 kB
Inactive(file):   211248 kB
Unevictable:        2528 kB
Mlocked:               0 kB
HighTotal:        849920 kB
HighFree:          99136 kB
LowTotal:         536580 kB
LowFree:           90196 kB
SwapTotal:       1048572 kB
SwapFree:         891876 kB
Dirty:              2228 kB
Writeback:             0 kB
AnonPages:        395256 kB
Mapped:           169224 kB
Shmem:               300 kB
Slab:              53332 kB
SReclaimable:      16296 kB
SUnreclaim:        37036 kB
KernelStack:       10528 kB
PageTables:        18472 kB
NFS_Unstable:          0 kB
Bounce:                0 kB
WritebackTmp:          0 kB
CommitLimit:     1741820 kB
Committed_AS:   42297872 kB
VmallocTotal:     319488 kB
VmallocUsed:       18228 kB
VmallocChunk:     195596 kB
Time pass: 103 sec

---2015-10-23 20:34:50
MemTotal:        1386500 kB
MemFree:          174200 kB
Buffers:           47664 kB
Cached:           387240 kB
SwapCached:        33004 kB
Active:           354680 kB
Inactive:         478084 kB
Active(anon):     133860 kB
Inactive(anon):   266828 kB
Active(file):     220820 kB
Inactive(file):   211256 kB
Unevictable:        2528 kB
Mlocked:               0 kB
HighTotal:        849920 kB
HighFree:          96432 kB
LowTotal:         536580 kB
LowFree:           77768 kB
SwapTotal:       1048572 kB
SwapFree:         891876 kB
Dirty:              4484 kB
Writeback:             0 kB
AnonPages:        396508 kB
Mapped:           171496 kB
Shmem:               300 kB
Slab:              53364 kB
SReclaimable:      16296 kB
SUnreclaim:        37068 kB
KernelStack:       10528 kB
PageTables:        18500 kB
NFS_Unstable:          0 kB
Bounce:                0 kB
WritebackTmp:          0 kB
CommitLimit:     1741820 kB
Committed_AS:   42298880 kB
VmallocTotal:     319488 kB
VmallocUsed:       18240 kB
VmallocChunk:     195596 kB
Time pass: 107 sec

---2015-10-23 20:34:50
MemTotal:        1386500 kB
MemFree:          173996 kB
Buffers:           47664 kB
Cached:           387240 kB
SwapCached:        33004 kB
Active:           354696 kB
Inactive:         478084 kB
Active(anon):     133876 kB
Inactive(anon):   266828 kB
Active(file):     220820 kB
Inactive(file):   211256 kB
Unevictable:        2528 kB
Mlocked:               0 kB
HighTotal:        849920 kB
HighFree:          96392 kB
LowTotal:         536580 kB
LowFree:           77604 kB
SwapTotal:       1048572 kB
SwapFree:         891876 kB
Dirty:                 0 kB
Writeback:             0 kB
AnonPages:        396456 kB
Mapped:           171480 kB
Shmem:               300 kB
Slab:              53436 kB
SReclaimable:      16300 kB
SUnreclaim:        37136 kB
KernelStack:       10528 kB
PageTables:        18504 kB
NFS_Unstable:          0 kB
Bounce:                0 kB
WritebackTmp:          0 kB
CommitLimit:     1741820 kB
Committed_AS:   42298848 kB
VmallocTotal:     319488 kB
VmallocUsed:       18240 kB
VmallocChunk:     195596 kB
Time pass: 111 sec

---2015-10-23 20:34:50
MemTotal:        1386500 kB
MemFree:          171200 kB
Buffers:           47668 kB
Cached:           387236 kB
SwapCached:        33004 kB
Active:           355120 kB
Inactive:         478084 kB
Active(anon):     134300 kB
Inactive(anon):   266828 kB
Active(file):     220820 kB
Inactive(file):   211256 kB
Unevictable:        2528 kB
Mlocked:               0 kB
HighTotal:        849920 kB
HighFree:          94296 kB
LowTotal:         536580 kB
LowFree:           76904 kB
SwapTotal:       1048572 kB
SwapFree:         891876 kB
Dirty:                 0 kB
Writeback:             0 kB
AnonPages:        397092 kB
Mapped:           171972 kB
Shmem:               300 kB
Slab:              53500 kB
SReclaimable:      16300 kB
SUnreclaim:        37200 kB
KernelStack:       10528 kB
PageTables:        18504 kB
NFS_Unstable:          0 kB
Bounce:                0 kB
WritebackTmp:          0 kB
CommitLimit:     1741820 kB
Committed_AS:   42298720 kB
VmallocTotal:     319488 kB
VmallocUsed:       18240 kB
VmallocChunk:     195596 kB
Time pass: 114 sec

---2015-10-23 20:34:50
MemTotal:        1386500 kB
MemFree:          167392 kB
Buffers:           47668 kB
Cached:           387440 kB
SwapCached:        33004 kB
Active:           356628 kB
Inactive:         478280 kB
Active(anon):     135800 kB
Inactive(anon):   266828 kB
Active(file):     220828 kB
Inactive(file):   211452 kB
Unevictable:        2528 kB
Mlocked:               0 kB
HighTotal:        849920 kB
HighFree:          92024 kB
LowTotal:         536580 kB
LowFree:           75368 kB
SwapTotal:       1048572 kB
SwapFree:         891876 kB
Dirty:               748 kB
Writeback:             0 kB
AnonPages:        398504 kB
Mapped:           173300 kB
Shmem:               300 kB
Slab:              53500 kB
SReclaimable:      16300 kB
SUnreclaim:        37200 kB
KernelStack:       10528 kB
PageTables:        18516 kB
NFS_Unstable:          0 kB
Bounce:                0 kB
WritebackTmp:          0 kB
CommitLimit:     1741820 kB
Committed_AS:   42300476 kB
VmallocTotal:     319488 kB
VmallocUsed:       18240 kB
VmallocChunk:     195596 kB
Time pass: 118 sec

---2015-10-23 20:34:50
MemTotal:        1386500 kB
MemFree:          166988 kB
Buffers:           47672 kB
Cached:           387440 kB
SwapCached:        33004 kB
Active:           356644 kB
Inactive:         478276 kB
Active(anon):     135812 kB
Inactive(anon):   266828 kB
Active(file):     220832 kB
Inactive(file):   211448 kB
Unevictable:        2528 kB
Mlocked:               0 kB
HighTotal:        849920 kB
HighFree:          91744 kB
LowTotal:         536580 kB
LowFree:           75244 kB
SwapTotal:       1048572 kB
SwapFree:         891876 kB
Dirty:                48 kB
Writeback:             0 kB
AnonPages:        398400 kB
Mapped:           173300 kB
Shmem:               300 kB
Slab:              53500 kB
SReclaimable:      16300 kB
SUnreclaim:        37200 kB
KernelStack:       10528 kB
PageTables:        18516 kB
NFS_Unstable:          0 kB
Bounce:                0 kB
WritebackTmp:          0 kB
CommitLimit:     1741820 kB
Committed_AS:   42300288 kB
VmallocTotal:     319488 kB
VmallocUsed:       18240 kB
VmallocChunk:     195596 kB
Time pass: 121 sec

---2015-10-23 20:34:50
MemTotal:        1386500 kB
MemFree:          164500 kB
Buffers:           47672 kB
Cached:           387452 kB
SwapCached:        33004 kB
Active:           359288 kB
Inactive:         478276 kB
Active(anon):     138452 kB
Inactive(anon):   266828 kB
Active(file):     220836 kB
Inactive(file):   211448 kB
Unevictable:        2528 kB
Mlocked:               0 kB
HighTotal:        849920 kB
HighFree:          89264 kB
LowTotal:         536580 kB
LowFree:           75236 kB
SwapTotal:       1048572 kB
SwapFree:         891876 kB
Dirty:               360 kB
Writeback:             0 kB
AnonPages:        401284 kB
Mapped:           173316 kB
Shmem:               300 kB
Slab:              53500 kB
SReclaimable:      16300 kB
SUnreclaim:        37200 kB
KernelStack:       10536 kB
PageTables:        18516 kB
NFS_Unstable:          0 kB
Bounce:                0 kB
WritebackTmp:          0 kB
CommitLimit:     1741820 kB
Committed_AS:   42303384 kB
VmallocTotal:     319488 kB
VmallocUsed:       18240 kB
VmallocChunk:     195596 kB
Time pass: 125 sec

---2015-10-23 20:34:50
MemTotal:        1386500 kB
MemFree:          154984 kB
Buffers:           47672 kB
Cached:           387460 kB
SwapCached:        33004 kB
Active:           361368 kB
Inactive:         478280 kB
Active(anon):     140516 kB
Inactive(anon):   266828 kB
Active(file):     220852 kB
Inactive(file):   211452 kB
Unevictable:        2528 kB
Mlocked:               0 kB
HighTotal:        849920 kB
HighFree:          79684 kB
LowTotal:         536580 kB
LowFree:           75300 kB
SwapTotal:       1048572 kB
SwapFree:         891876 kB
Dirty:               520 kB
Writeback:             0 kB
AnonPages:        403124 kB
Mapped:           179492 kB
Shmem:               300 kB
Slab:              53436 kB
SReclaimable:      16300 kB
SUnreclaim:        37136 kB
KernelStack:       10536 kB
PageTables:        18540 kB
NFS_Unstable:          0 kB
Bounce:                0 kB
WritebackTmp:          0 kB
CommitLimit:     1741820 kB
Committed_AS:   42304608 kB
VmallocTotal:     319488 kB
VmallocUsed:       18264 kB
VmallocChunk:     195596 kB
Time pass: 128 sec

---2015-10-23 20:34:50
MemTotal:        1386500 kB
MemFree:          154324 kB
Buffers:           47680 kB
Cached:           387460 kB
SwapCached:        33004 kB
Active:           361320 kB
Inactive:         478284 kB
Active(anon):     140468 kB
Inactive(anon):   266828 kB
Active(file):     220852 kB
Inactive(file):   211456 kB
Unevictable:        2528 kB
Mlocked:               0 kB
HighTotal:        849920 kB
HighFree:          79348 kB
LowTotal:         536580 kB
LowFree:           74976 kB
SwapTotal:       1048572 kB
SwapFree:         891876 kB
Dirty:                28 kB
Writeback:             0 kB
AnonPages:        403020 kB
Mapped:           179492 kB
Shmem:               300 kB
Slab:              53644 kB
SReclaimable:      16300 kB
SUnreclaim:        37344 kB
KernelStack:       10544 kB
PageTables:        18540 kB
NFS_Unstable:          0 kB
Bounce:                0 kB
WritebackTmp:          0 kB
CommitLimit:     1741820 kB
Committed_AS:   42304540 kB
VmallocTotal:     319488 kB
VmallocUsed:       18264 kB
VmallocChunk:     195596 kB
Time pass: 132 sec

---2015-10-23 20:34:50
MemTotal:        1386500 kB
MemFree:          153828 kB
Buffers:           47688 kB
Cached:           387452 kB
SwapCached:        33004 kB
Active:           361352 kB
Inactive:         478288 kB
Active(anon):     140500 kB
Inactive(anon):   266828 kB
Active(file):     220852 kB
Inactive(file):   211460 kB
Unevictable:        2528 kB
Mlocked:               0 kB
HighTotal:        849920 kB
HighFree:          78852 kB
LowTotal:         536580 kB
LowFree:           74976 kB
SwapTotal:       1048572 kB
SwapFree:         891876 kB
Dirty:                 0 kB
Writeback:             0 kB
AnonPages:        403120 kB
Mapped:           179492 kB
Shmem:               300 kB
Slab:              53628 kB
SReclaimable:      16300 kB
SUnreclaim:        37328 kB
KernelStack:       10544 kB
PageTables:        18540 kB
NFS_Unstable:          0 kB
Bounce:                0 kB
WritebackTmp:          0 kB
CommitLimit:     1741820 kB
Committed_AS:   42304480 kB
VmallocTotal:     319488 kB
VmallocUsed:       18264 kB
VmallocChunk:     195596 kB
Time pass: 136 sec

---2015-10-23 20:34:50
MemTotal:        1386500 kB
MemFree:          148012 kB
Buffers:           47704 kB
Cached:           387720 kB
SwapCached:        33004 kB
Active:           368588 kB
Inactive:         478564 kB
Active(anon):     147732 kB
Inactive(anon):   266980 kB
Active(file):     220856 kB
Inactive(file):   211584 kB
Unevictable:        2528 kB
Mlocked:               0 kB
HighTotal:        849920 kB
HighFree:          72812 kB
LowTotal:         536580 kB
LowFree:           75200 kB
SwapTotal:       1048572 kB
SwapFree:         891876 kB
Dirty:                64 kB
Writeback:             0 kB
AnonPages:        410436 kB
Mapped:           181872 kB
Shmem:               456 kB
Slab:              53504 kB
SReclaimable:      16300 kB
SUnreclaim:        37204 kB
KernelStack:       10736 kB
PageTables:        18672 kB
NFS_Unstable:          0 kB
Bounce:                0 kB
WritebackTmp:          0 kB
CommitLimit:     1741820 kB
Committed_AS:   42329928 kB
VmallocTotal:     319488 kB
VmallocUsed:       20672 kB
VmallocChunk:     176792 kB
Time pass: 139 sec

---2015-10-23 20:34:50
MemTotal:        1386500 kB
MemFree:          147036 kB
Buffers:           47704 kB
Cached:           387836 kB
SwapCached:        33004 kB
Active:           369268 kB
Inactive:         478676 kB
Active(anon):     148408 kB
Inactive(anon):   267092 kB
Active(file):     220860 kB
Inactive(file):   211584 kB
Unevictable:        2528 kB
Mlocked:               0 kB
HighTotal:        849920 kB
HighFree:          72052 kB
LowTotal:         536580 kB
LowFree:           74984 kB
SwapTotal:       1048572 kB
SwapFree:         891876 kB
Dirty:                 8 kB
Writeback:             0 kB
AnonPages:        411064 kB
Mapped:           181992 kB
Shmem:               568 kB
Slab:              53476 kB
SReclaimable:      16300 kB
SUnreclaim:        37176 kB
KernelStack:       10736 kB
PageTables:        18752 kB
NFS_Unstable:          0 kB
Bounce:                0 kB
WritebackTmp:          0 kB
CommitLimit:     1741820 kB
Committed_AS:   42330504 kB
VmallocTotal:     319488 kB
VmallocUsed:       20672 kB
VmallocChunk:     176792 kB
Time pass: 143 sec

---2015-10-23 20:34:50
MemTotal:        1386500 kB
MemFree:          145780 kB
Buffers:           47712 kB
Cached:           387932 kB
SwapCached:        33004 kB
Active:           369600 kB
Inactive:         478772 kB
Active(anon):     148740 kB
Inactive(anon):   267180 kB
Active(file):     220860 kB
Inactive(file):   211592 kB
Unevictable:        2528 kB
Mlocked:               0 kB
HighTotal:        849920 kB
HighFree:          71360 kB
LowTotal:         536580 kB
LowFree:           74420 kB
SwapTotal:       1048572 kB
SwapFree:         891876 kB
Dirty:                36 kB
Writeback:             0 kB
AnonPages:        411408 kB
Mapped:           182088 kB
Shmem:               664 kB
Slab:              53380 kB
SReclaimable:      16300 kB
SUnreclaim:        37080 kB
KernelStack:       10744 kB
PageTables:        18756 kB
NFS_Unstable:          0 kB
Bounce:                0 kB
WritebackTmp:          0 kB
CommitLimit:     1741820 kB
Committed_AS:   42330552 kB
VmallocTotal:     319488 kB
VmallocUsed:       20672 kB
VmallocChunk:     176792 kB
Time pass: 147 sec

---2015-10-23 20:34:50
MemTotal:        1386500 kB
MemFree:          141496 kB
Buffers:           47728 kB
Cached:           387568 kB
SwapCached:        33004 kB
Active:           376032 kB
Inactive:         478420 kB
Active(anon):     155156 kB
Inactive(anon):   266828 kB
Active(file):     220876 kB
Inactive(file):   211592 kB
Unevictable:        2528 kB
Mlocked:               0 kB
HighTotal:        849920 kB
HighFree:          65856 kB
LowTotal:         536580 kB
LowFree:           75640 kB
SwapTotal:       1048572 kB
SwapFree:         891876 kB
Dirty:                60 kB
Writeback:             0 kB
AnonPages:        417888 kB
Mapped:           182608 kB
Shmem:               300 kB
Slab:              53580 kB
SReclaimable:      16308 kB
SUnreclaim:        37272 kB
KernelStack:       10664 kB
PageTables:        18664 kB
NFS_Unstable:          0 kB
Bounce:                0 kB
WritebackTmp:          0 kB
CommitLimit:     1741820 kB
Committed_AS:   42336156 kB
VmallocTotal:     319488 kB
VmallocUsed:       20672 kB
VmallocChunk:     195596 kB
Time pass: 150 sec

---2015-10-23 20:34:50
MemTotal:        1386500 kB
MemFree:          135888 kB
Buffers:           47776 kB
Cached:           387780 kB
SwapCached:        33004 kB
Active:           380252 kB
Inactive:         478676 kB
Active(anon):     159368 kB
Inactive(anon):   267044 kB
Active(file):     220884 kB
Inactive(file):   211632 kB
Unevictable:        2528 kB
Mlocked:               0 kB
HighTotal:        849920 kB
HighFree:          61048 kB
LowTotal:         536580 kB
LowFree:           74840 kB
SwapTotal:       1048572 kB
SwapFree:         891876 kB
Dirty:                56 kB
Writeback:             0 kB
AnonPages:        422152 kB
Mapped:           183156 kB
Shmem:               520 kB
Slab:              53452 kB
SReclaimable:      16308 kB
SUnreclaim:        37144 kB
KernelStack:       10752 kB
PageTables:        18744 kB
NFS_Unstable:          0 kB
Bounce:                0 kB
WritebackTmp:          0 kB
CommitLimit:     1741820 kB
Committed_AS:   42340004 kB
VmallocTotal:     319488 kB
VmallocUsed:       20672 kB
VmallocChunk:     152216 kB
Time pass: 154 sec

---2015-10-23 20:34:50
MemTotal:        1386500 kB
MemFree:          126300 kB
Buffers:           47824 kB
Cached:           387548 kB
SwapCached:        33004 kB
Active:           389400 kB
Inactive:         478520 kB
Active(anon):     168500 kB
Inactive(anon):   266836 kB
Active(file):     220900 kB
Inactive(file):   211684 kB
Unevictable:        2528 kB
Mlocked:               0 kB
HighTotal:        849920 kB
HighFree:          53248 kB
LowTotal:         536580 kB
LowFree:           73052 kB
SwapTotal:       1048572 kB
SwapFree:         891876 kB
Dirty:               116 kB
Writeback:             0 kB
AnonPages:        431336 kB
Mapped:           185336 kB
Shmem:               260 kB
Slab:              53732 kB
SReclaimable:      16308 kB
SUnreclaim:        37424 kB
KernelStack:       10880 kB
PageTables:        19160 kB
NFS_Unstable:          0 kB
Bounce:                0 kB
WritebackTmp:          0 kB
CommitLimit:     1741820 kB
Committed_AS:   44135372 kB
VmallocTotal:     319488 kB
VmallocUsed:       18276 kB
VmallocChunk:     195596 kB
Time pass: 158 sec

---2015-10-23 20:34:50
MemTotal:        1386500 kB
MemFree:          260156 kB
Buffers:           47848 kB
Cached:           387452 kB
SwapCached:        33004 kB
Active:           323932 kB
Inactive:         478400 kB
Active(anon):     103032 kB
Inactive(anon):   266692 kB
Active(file):     220900 kB
Inactive(file):   211708 kB
Unevictable:        2528 kB
Mlocked:               0 kB
HighTotal:        849920 kB
HighFree:         141072 kB
LowTotal:         536580 kB
LowFree:          119084 kB
SwapTotal:       1048572 kB
SwapFree:         891880 kB
Dirty:                28 kB
Writeback:             0 kB
AnonPages:        365704 kB
Mapped:           140464 kB
Shmem:               164 kB
Slab:              53536 kB
SReclaimable:      16308 kB
SUnreclaim:        37228 kB
KernelStack:       10232 kB
PageTables:        18088 kB
NFS_Unstable:          0 kB
Bounce:                0 kB
WritebackTmp:          0 kB
CommitLimit:     1741820 kB
Committed_AS:   42229524 kB
VmallocTotal:     319488 kB
VmallocUsed:       16964 kB
VmallocChunk:     195596 kB
Time pass: 162 sec

---2015-10-23 20:34:50
MemTotal:        1386500 kB
MemFree:          261828 kB
Buffers:           47848 kB
Cached:           387452 kB
SwapCached:        33004 kB
Active:           323364 kB
Inactive:         478404 kB
Active(anon):     102464 kB
Inactive(anon):   266696 kB
Active(file):     220900 kB
Inactive(file):   211708 kB
Unevictable:        2528 kB
Mlocked:               0 kB
HighTotal:        849920 kB
HighFree:         142188 kB
LowTotal:         536580 kB
LowFree:          119640 kB
SwapTotal:       1048572 kB
SwapFree:         891880 kB
Dirty:                28 kB
Writeback:             0 kB
AnonPages:        365388 kB
Mapped:           140348 kB
Shmem:               164 kB
Slab:              53572 kB
SReclaimable:      16308 kB
SUnreclaim:        37264 kB
KernelStack:       10256 kB
PageTables:        18056 kB
NFS_Unstable:          0 kB
Bounce:                0 kB
WritebackTmp:          0 kB
CommitLimit:     1741820 kB
Committed_AS:   42230104 kB
VmallocTotal:     319488 kB
VmallocUsed:       16964 kB
VmallocChunk:     195596 kB
Time pass: 166 sec

---2015-10-23 20:34:50
MemTotal:        1386500 kB
MemFree:          262380 kB
Buffers:           47852 kB
Cached:           387452 kB
SwapCached:        33004 kB
Active:           323212 kB
Inactive:         478404 kB
Active(anon):     102312 kB
Inactive(anon):   266696 kB
Active(file):     220900 kB
Inactive(file):   211708 kB
Unevictable:        2528 kB
Mlocked:               0 kB
HighTotal:        849920 kB
HighFree:         142528 kB
LowTotal:         536580 kB
LowFree:          119852 kB
SwapTotal:       1048572 kB
SwapFree:         891880 kB
Dirty:                28 kB
Writeback:             0 kB
AnonPages:        364840 kB
Mapped:           140292 kB
Shmem:               164 kB
Slab:              53500 kB
SReclaimable:      16308 kB
SUnreclaim:        37192 kB
KernelStack:       10104 kB
PageTables:        18024 kB
NFS_Unstable:          0 kB
Bounce:                0 kB
WritebackTmp:          0 kB
CommitLimit:     1741820 kB
Committed_AS:   42229500 kB
VmallocTotal:     319488 kB
VmallocUsed:       16964 kB
VmallocChunk:     195596 kB
Time pass: 169 sec

---2015-10-23 20:34:50
MemTotal:        1386500 kB
MemFree:          262484 kB
Buffers:           47852 kB
Cached:           387452 kB
SwapCached:        33004 kB
Active:           323208 kB
Inactive:         478404 kB
Active(anon):     102304 kB
Inactive(anon):   266696 kB
Active(file):     220904 kB
Inactive(file):   211708 kB
Unevictable:        2528 kB
Mlocked:               0 kB
HighTotal:        849920 kB
HighFree:         142632 kB
LowTotal:         536580 kB
LowFree:          119852 kB
SwapTotal:       1048572 kB
SwapFree:         891880 kB
Dirty:                 0 kB
Writeback:             0 kB
AnonPages:        364844 kB
Mapped:           140292 kB
Shmem:               164 kB
Slab:              53500 kB
SReclaimable:      16308 kB
SUnreclaim:        37192 kB
KernelStack:       10104 kB
PageTables:        18028 kB
NFS_Unstable:          0 kB
Bounce:                0 kB
WritebackTmp:          0 kB
CommitLimit:     1741820 kB
Committed_AS:   42229560 kB
VmallocTotal:     319488 kB
VmallocUsed:       16964 kB
VmallocChunk:     195596 kB
Time pass: 173 sec

---2015-10-23 20:34:50
MemTotal:        1386500 kB
MemFree:          262592 kB
Buffers:           47852 kB
Cached:           387452 kB
SwapCached:        33004 kB
Active:           323276 kB
Inactive:         478404 kB
Active(anon):     102372 kB
Inactive(anon):   266696 kB
Active(file):     220904 kB
Inactive(file):   211708 kB
Unevictable:        2528 kB
Mlocked:               0 kB
HighTotal:        849920 kB
HighFree:         142708 kB
LowTotal:         536580 kB
LowFree:          119884 kB
SwapTotal:       1048572 kB
SwapFree:         891880 kB
Dirty:                 0 kB
Writeback:             0 kB
AnonPages:        364904 kB
Mapped:           140292 kB
Shmem:               164 kB
Slab:              53472 kB
SReclaimable:      16308 kB
SUnreclaim:        37164 kB
KernelStack:       10104 kB
PageTables:        18024 kB
NFS_Unstable:          0 kB
Bounce:                0 kB
WritebackTmp:          0 kB
CommitLimit:     1741820 kB
Committed_AS:   42229560 kB
VmallocTotal:     319488 kB
VmallocUsed:       16964 kB
VmallocChunk:     195596 kB
Time pass: 176 sec

---2015-10-23 20:34:50
MemTotal:        1386500 kB
MemFree:          262468 kB
Buffers:           47852 kB
Cached:           387452 kB
SwapCached:        33004 kB
Active:           323312 kB
Inactive:         478404 kB
Active(anon):     102408 kB
Inactive(anon):   266696 kB
Active(file):     220904 kB
Inactive(file):   211708 kB
Unevictable:        2528 kB
Mlocked:               0 kB
HighTotal:        849920 kB
HighFree:         142460 kB
LowTotal:         536580 kB
LowFree:          120008 kB
SwapTotal:       1048572 kB
SwapFree:         891880 kB
Dirty:                 0 kB
Writeback:             0 kB
AnonPages:        364944 kB
Mapped:           140292 kB
Shmem:               164 kB
Slab:              53468 kB
SReclaimable:      16308 kB
SUnreclaim:        37160 kB
KernelStack:       10104 kB
PageTables:        18024 kB
NFS_Unstable:          0 kB
Bounce:                0 kB
WritebackTmp:          0 kB
CommitLimit:     1741820 kB
Committed_AS:   42229556 kB
VmallocTotal:     319488 kB
VmallocUsed:       16964 kB
VmallocChunk:     195596 kB
Time pass: 180 sec

---2015-10-23 20:34:50
MemTotal:        1386500 kB
MemFree:          262396 kB
Buffers:           47852 kB
Cached:           387452 kB
SwapCached:        33004 kB
Active:           323408 kB
Inactive:         478404 kB
Active(anon):     102504 kB
Inactive(anon):   266696 kB
Active(file):     220904 kB
Inactive(file):   211708 kB
Unevictable:        2528 kB
Mlocked:               0 kB
HighTotal:        849920 kB
HighFree:         142232 kB
LowTotal:         536580 kB
LowFree:          120164 kB
SwapTotal:       1048572 kB
SwapFree:         891880 kB
Dirty:                 0 kB
Writeback:             0 kB
AnonPages:        364980 kB
Mapped:           140292 kB
Shmem:               164 kB
Slab:              53436 kB
SReclaimable:      16308 kB
SUnreclaim:        37128 kB
KernelStack:       10104 kB
PageTables:        18024 kB
NFS_Unstable:          0 kB
Bounce:                0 kB
WritebackTmp:          0 kB
CommitLimit:     1741820 kB
Committed_AS:   42229552 kB
VmallocTotal:     319488 kB
VmallocUsed:       16964 kB
VmallocChunk:     195596 kB
Time pass: 184 sec

---2015-10-23 20:34:50
MemTotal:        1386500 kB
MemFree:          236848 kB
Buffers:           47884 kB
Cached:           387588 kB
SwapCached:        33004 kB
Active:           342028 kB
Inactive:         478544 kB
Active(anon):     121096 kB
Inactive(anon):   266828 kB
Active(file):     220932 kB
Inactive(file):   211716 kB
Unevictable:        2528 kB
Mlocked:               0 kB
HighTotal:        849920 kB
HighFree:         119852 kB
LowTotal:         536580 kB
LowFree:          116996 kB
SwapTotal:       1048572 kB
SwapFree:         891880 kB
Dirty:               872 kB
Writeback:             0 kB
AnonPages:        383596 kB
Mapped:           162056 kB
Shmem:               296 kB
Slab:              53740 kB
SReclaimable:      16308 kB
SUnreclaim:        37432 kB
KernelStack:       10520 kB
PageTables:        18620 kB
NFS_Unstable:          0 kB
Bounce:                0 kB
WritebackTmp:          0 kB
CommitLimit:     1741820 kB
Committed_AS:   43089640 kB
VmallocTotal:     319488 kB
VmallocUsed:       17132 kB
VmallocChunk:     195596 kB
Time pass: 187 sec

---2015-10-23 20:34:50
MemTotal:        1386500 kB
MemFree:          224384 kB
Buffers:           47884 kB
Cached:           387596 kB
SwapCached:        33004 kB
Active:           345184 kB
Inactive:         478544 kB
Active(anon):     124244 kB
Inactive(anon):   266828 kB
Active(file):     220940 kB
Inactive(file):   211716 kB
Unevictable:        2528 kB
Mlocked:               0 kB
HighTotal:        849920 kB
HighFree:         116232 kB
LowTotal:         536580 kB
LowFree:          108152 kB
SwapTotal:       1048572 kB
SwapFree:         891880 kB
Dirty:               184 kB
Writeback:             0 kB
AnonPages:        386888 kB
Mapped:           164260 kB
Shmem:               296 kB
Slab:              53612 kB
SReclaimable:      16308 kB
SUnreclaim:        37304 kB
KernelStack:       10544 kB
PageTables:        18656 kB
NFS_Unstable:          0 kB
Bounce:                0 kB
WritebackTmp:          0 kB
CommitLimit:     1741820 kB
Committed_AS:   43092636 kB
VmallocTotal:     319488 kB
VmallocUsed:       17164 kB
VmallocChunk:     195596 kB
Time pass: 191 sec

---2015-10-23 20:34:50
MemTotal:        1386500 kB
MemFree:          223892 kB
Buffers:           47892 kB
Cached:           387608 kB
SwapCached:        33004 kB
Active:           345028 kB
Inactive:         478556 kB
Active(anon):     124088 kB
Inactive(anon):   266828 kB
Active(file):     220940 kB
Inactive(file):   211728 kB
Unevictable:        2528 kB
Mlocked:               0 kB
HighTotal:        849920 kB
HighFree:         116160 kB
LowTotal:         536580 kB
LowFree:          107732 kB
SwapTotal:       1048572 kB
SwapFree:         891880 kB
Dirty:               264 kB
Writeback:             0 kB
AnonPages:        386692 kB
Mapped:           164472 kB
Shmem:               300 kB
Slab:              53616 kB
SReclaimable:      16308 kB
SUnreclaim:        37308 kB
KernelStack:       10552 kB
PageTables:        18660 kB
NFS_Unstable:          0 kB
Bounce:                0 kB
WritebackTmp:          0 kB
CommitLimit:     1741820 kB
Committed_AS:   43094776 kB
VmallocTotal:     319488 kB
VmallocUsed:       17164 kB
VmallocChunk:     195596 kB
Time pass: 194 sec

---2015-10-23 20:34:50
MemTotal:        1386500 kB
MemFree:          196764 kB
Buffers:           47892 kB
Cached:           387780 kB
SwapCached:        33004 kB
Active:           356164 kB
Inactive:         478928 kB
Active(anon):     135548 kB
Inactive(anon):   266832 kB
Active(file):     220616 kB
Inactive(file):   212096 kB
Unevictable:        2528 kB
Mlocked:               0 kB
HighTotal:        849920 kB
HighFree:          94468 kB
LowTotal:         536580 kB
LowFree:          102296 kB
SwapTotal:       1048572 kB
SwapFree:         891880 kB
Dirty:              1148 kB
Writeback:             0 kB
AnonPages:        398404 kB
Mapped:           175064 kB
Shmem:               300 kB
Slab:              53712 kB
SReclaimable:      16308 kB
SUnreclaim:        37404 kB
KernelStack:       10592 kB
PageTables:        18720 kB
NFS_Unstable:          0 kB
Bounce:                0 kB
WritebackTmp:          0 kB
CommitLimit:     1741820 kB
Committed_AS:   43106084 kB
VmallocTotal:     319488 kB
VmallocUsed:       17172 kB
VmallocChunk:     195596 kB
Time pass: 198 sec

---2015-10-23 20:34:50
MemTotal:        1386500 kB
MemFree:          180504 kB
Buffers:           47900 kB
Cached:           387780 kB
SwapCached:        33004 kB
Active:           361800 kB
Inactive:         478612 kB
Active(anon):     140768 kB
Inactive(anon):   266832 kB
Active(file):     221032 kB
Inactive(file):   211780 kB
Unevictable:        2528 kB
Mlocked:               0 kB
HighTotal:        849920 kB
HighFree:          89232 kB
LowTotal:         536580 kB
LowFree:           91272 kB
SwapTotal:       1048572 kB
SwapFree:         891880 kB
Dirty:              1540 kB
Writeback:             0 kB
AnonPages:        403492 kB
Mapped:           176460 kB
Shmem:               300 kB
Slab:              53712 kB
SReclaimable:      16308 kB
SUnreclaim:        37404 kB
KernelStack:       10624 kB
PageTables:        18768 kB
NFS_Unstable:          0 kB
Bounce:                0 kB
WritebackTmp:          0 kB
CommitLimit:     1741820 kB
Committed_AS:   43111200 kB
VmallocTotal:     319488 kB
VmallocUsed:       17184 kB
VmallocChunk:     195596 kB
Time pass: 201 sec

---2015-10-23 20:34:50
MemTotal:        1386500 kB
MemFree:          169416 kB
Buffers:           47908 kB
Cached:           387880 kB
SwapCached:        33004 kB
Active:           361192 kB
Inactive:         478724 kB
Active(anon):     140124 kB
Inactive(anon):   266832 kB
Active(file):     221068 kB
Inactive(file):   211892 kB
Unevictable:        2528 kB
Mlocked:               0 kB
HighTotal:        849920 kB
HighFree:          87768 kB
LowTotal:         536580 kB
LowFree:           81648 kB
SwapTotal:       1048572 kB
SwapFree:         891880 kB
Dirty:                60 kB
Writeback:             0 kB
AnonPages:        402716 kB
Mapped:           177928 kB
Shmem:               300 kB
Slab:              53668 kB
SReclaimable:      16308 kB
SUnreclaim:        37360 kB
KernelStack:       10592 kB
PageTables:        18800 kB
NFS_Unstable:          0 kB
Bounce:                0 kB
WritebackTmp:          0 kB
CommitLimit:     1741820 kB
Committed_AS:   43110200 kB
VmallocTotal:     319488 kB
VmallocUsed:       17184 kB
VmallocChunk:     195596 kB
Time pass: 205 sec

---2015-10-23 20:34:50
MemTotal:        1386500 kB
MemFree:          158964 kB
Buffers:           47908 kB
Cached:           387896 kB
SwapCached:        33004 kB
Active:           364952 kB
Inactive:         478732 kB
Active(anon):     143876 kB
Inactive(anon):   266832 kB
Active(file):     221076 kB
Inactive(file):   211900 kB
Unevictable:        2528 kB
Mlocked:               0 kB
HighTotal:        849920 kB
HighFree:          83732 kB
LowTotal:         536580 kB
LowFree:           75232 kB
SwapTotal:       1048572 kB
SwapFree:         891880 kB
Dirty:               508 kB
Writeback:             0 kB
AnonPages:        406444 kB
Mapped:           178628 kB
Shmem:               300 kB
Slab:              53636 kB
SReclaimable:      16324 kB
SUnreclaim:        37312 kB
KernelStack:       10592 kB
PageTables:        18820 kB
NFS_Unstable:          0 kB
Bounce:                0 kB
WritebackTmp:          0 kB
CommitLimit:     1741820 kB
Committed_AS:   43113724 kB
VmallocTotal:     319488 kB
VmallocUsed:       17208 kB
VmallocChunk:     195596 kB
Time pass: 208 sec

---2015-10-23 20:34:50
MemTotal:        1386500 kB
MemFree:          158704 kB
Buffers:           47912 kB
Cached:           387896 kB
SwapCached:        33004 kB
Active:           365720 kB
Inactive:         478728 kB
Active(anon):     144640 kB
Inactive(anon):   266832 kB
Active(file):     221080 kB
Inactive(file):   211896 kB
Unevictable:        2528 kB
Mlocked:               0 kB
HighTotal:        849920 kB
HighFree:          83436 kB
LowTotal:         536580 kB
LowFree:           75268 kB
SwapTotal:       1048572 kB
SwapFree:         891880 kB
Dirty:               564 kB
Writeback:             0 kB
AnonPages:        407272 kB
Mapped:           177740 kB
Shmem:               300 kB
Slab:              53576 kB
SReclaimable:      16324 kB
SUnreclaim:        37252 kB
KernelStack:       10592 kB
PageTables:        18820 kB
NFS_Unstable:          0 kB
Bounce:                0 kB
WritebackTmp:          0 kB
CommitLimit:     1741820 kB
Committed_AS:   43117112 kB
VmallocTotal:     319488 kB
VmallocUsed:       17208 kB
VmallocChunk:     195596 kB
Time pass: 212 sec

---2015-10-23 20:34:50
MemTotal:        1386500 kB
MemFree:          152952 kB
Buffers:           47928 kB
Cached:           388068 kB
SwapCached:        33004 kB
Active:           372792 kB
Inactive:         478912 kB
Active(anon):     151708 kB
Inactive(anon):   266996 kB
Active(file):     221084 kB
Inactive(file):   211916 kB
Unevictable:        2528 kB
Mlocked:               0 kB
HighTotal:        849920 kB
HighFree:          77944 kB
LowTotal:         536580 kB
LowFree:           75008 kB
SwapTotal:       1048572 kB
SwapFree:         891880 kB
Dirty:               100 kB
Writeback:             0 kB
AnonPages:        414540 kB
Mapped:           179816 kB
Shmem:               468 kB
Slab:              53720 kB
SReclaimable:      16340 kB
SUnreclaim:        37380 kB
KernelStack:       10784 kB
PageTables:        18936 kB
NFS_Unstable:          0 kB
Bounce:                0 kB
WritebackTmp:          0 kB
CommitLimit:     1741820 kB
Committed_AS:   43139820 kB
VmallocTotal:     319488 kB
VmallocUsed:       17208 kB
VmallocChunk:     195596 kB
Time pass: 216 sec

---2015-10-23 20:34:50
MemTotal:        1386500 kB
MemFree:          148256 kB
Buffers:           47960 kB
Cached:           388136 kB
SwapCached:        33004 kB
Active:           379012 kB
Inactive:         479004 kB
Active(anon):     157928 kB
Inactive(anon):   267052 kB
Active(file):     221084 kB
Inactive(file):   211952 kB
Unevictable:        2528 kB
Mlocked:               0 kB
HighTotal:        849920 kB
HighFree:          73420 kB
LowTotal:         536580 kB
LowFree:           74836 kB
SwapTotal:       1048572 kB
SwapFree:         891880 kB
Dirty:                44 kB
Writeback:             0 kB
AnonPages:        420740 kB
Mapped:           178452 kB
Shmem:               524 kB
Slab:              53624 kB
SReclaimable:      16340 kB
SUnreclaim:        37284 kB
KernelStack:       10808 kB
PageTables:        19008 kB
NFS_Unstable:          0 kB
Bounce:                0 kB
WritebackTmp:          0 kB
CommitLimit:     1741820 kB
Committed_AS:   43144884 kB
VmallocTotal:     319488 kB
VmallocUsed:       17208 kB
VmallocChunk:     195596 kB
Time pass: 221 sec

---2015-10-23 20:34:50
MemTotal:        1386500 kB
MemFree:          144124 kB
Buffers:           47976 kB
Cached:           388144 kB
SwapCached:        33004 kB
Active:           383096 kB
Inactive:         479032 kB
Active(anon):     162008 kB
Inactive(anon):   267060 kB
Active(file):     221088 kB
Inactive(file):   211972 kB
Unevictable:        2528 kB
Mlocked:               0 kB
HighTotal:        849920 kB
HighFree:          69392 kB
LowTotal:         536580 kB
LowFree:           74732 kB
SwapTotal:       1048572 kB
SwapFree:         891880 kB
Dirty:                40 kB
Writeback:             0 kB
AnonPages:        424688 kB
Mapped:           178928 kB
Shmem:               532 kB
Slab:              53696 kB
SReclaimable:      16348 kB
SUnreclaim:        37348 kB
KernelStack:       10824 kB
PageTables:        19036 kB
NFS_Unstable:          0 kB
Bounce:                0 kB
WritebackTmp:          0 kB
CommitLimit:     1741820 kB
Committed_AS:   43148696 kB
VmallocTotal:     319488 kB
VmallocUsed:       17208 kB
VmallocChunk:     195596 kB
Time pass: 225 sec

---2015-10-23 20:34:50
MemTotal:        1386500 kB
MemFree:          142904 kB
Buffers:           48000 kB
Cached:           388144 kB
SwapCached:        33004 kB
Active:           383416 kB
Inactive:         479056 kB
Active(anon):     162328 kB
Inactive(anon):   267084 kB
Active(file):     221088 kB
Inactive(file):   211972 kB
Unevictable:        2528 kB
Mlocked:               0 kB
HighTotal:        849920 kB
HighFree:          68324 kB
LowTotal:         536580 kB
LowFree:           74580 kB
SwapTotal:       1048572 kB
SwapFree:         891880 kB
Dirty:                 0 kB
Writeback:             0 kB
AnonPages:        425160 kB
Mapped:           178952 kB
Shmem:               556 kB
Slab:              53920 kB
SReclaimable:      16348 kB
SUnreclaim:        37572 kB
KernelStack:       10824 kB
PageTables:        19032 kB
NFS_Unstable:          0 kB
Bounce:                0 kB
WritebackTmp:          0 kB
CommitLimit:     1741820 kB
Committed_AS:   43148780 kB
VmallocTotal:     319488 kB
VmallocUsed:       17208 kB
VmallocChunk:     195596 kB
Time pass: 229 sec

---2015-10-23 20:34:50
MemTotal:        1386500 kB
MemFree:          142188 kB
Buffers:           48000 kB
Cached:           388176 kB
SwapCached:        33004 kB
Active:           384664 kB
Inactive:         479088 kB
Active(anon):     163576 kB
Inactive(anon):   267092 kB
Active(file):     221088 kB
Inactive(file):   211996 kB
Unevictable:        2528 kB
Mlocked:               0 kB
HighTotal:        849920 kB
HighFree:          67468 kB
LowTotal:         536580 kB
LowFree:           74720 kB
SwapTotal:       1048572 kB
SwapFree:         891880 kB
Dirty:                40 kB
Writeback:             0 kB
AnonPages:        426444 kB
Mapped:           178964 kB
Shmem:               564 kB
Slab:              53664 kB
SReclaimable:      16348 kB
SUnreclaim:        37316 kB
KernelStack:       10824 kB
PageTables:        19040 kB
NFS_Unstable:          0 kB
Bounce:                0 kB
WritebackTmp:          0 kB
CommitLimit:     1741820 kB
Committed_AS:   43150484 kB
VmallocTotal:     319488 kB
VmallocUsed:       17208 kB
VmallocChunk:     195596 kB
Time pass: 233 sec

---2015-10-23 20:34:50
MemTotal:        1386500 kB
MemFree:          142240 kB
Buffers:           48004 kB
Cached:           388460 kB
SwapCached:        33004 kB
Active:           383952 kB
Inactive:         479372 kB
Active(anon):     162860 kB
Inactive(anon):   267376 kB
Active(file):     221092 kB
Inactive(file):   211996 kB
Unevictable:        2528 kB
Mlocked:               0 kB
HighTotal:        849920 kB
HighFree:          67776 kB
LowTotal:         536580 kB
LowFree:           74464 kB
SwapTotal:       1048572 kB
SwapFree:         891880 kB
Dirty:                28 kB
Writeback:             0 kB
AnonPages:        425524 kB
Mapped:           179256 kB
Shmem:               848 kB
Slab:              53824 kB
SReclaimable:      16348 kB
SUnreclaim:        37476 kB
KernelStack:       10840 kB
PageTables:        19036 kB
NFS_Unstable:          0 kB
Bounce:                0 kB
WritebackTmp:          0 kB
CommitLimit:     1741820 kB
Committed_AS:   43148780 kB
VmallocTotal:     319488 kB
VmallocUsed:       17208 kB
VmallocChunk:     195596 kB
Time pass: 236 sec

---2015-10-23 20:34:50
MemTotal:        1386500 kB
MemFree:          140908 kB
Buffers:           48016 kB
Cached:           388464 kB
SwapCached:        33004 kB
Active:           385052 kB
Inactive:         479384 kB
Active(anon):     163956 kB
Inactive(anon):   267380 kB
Active(file):     221096 kB
Inactive(file):   212004 kB
Unevictable:        2528 kB
Mlocked:               0 kB
HighTotal:        849920 kB
HighFree:          66528 kB
LowTotal:         536580 kB
LowFree:           74380 kB
SwapTotal:       1048572 kB
SwapFree:         891880 kB
Dirty:                 0 kB
Writeback:             0 kB
AnonPages:        426664 kB
Mapped:           179260 kB
Shmem:               852 kB
Slab:              53760 kB
SReclaimable:      16348 kB
SUnreclaim:        37412 kB
KernelStack:       10840 kB
PageTables:        19036 kB
NFS_Unstable:          0 kB
Bounce:                0 kB
WritebackTmp:          0 kB
CommitLimit:     1741820 kB
Committed_AS:   43149556 kB
VmallocTotal:     319488 kB
VmallocUsed:       17208 kB
VmallocChunk:     195596 kB
Time pass: 240 sec

---2015-10-23 20:34:50
MemTotal:        1386500 kB
MemFree:          140788 kB
Buffers:           48032 kB
Cached:           388464 kB
SwapCached:        33004 kB
Active:           385148 kB
Inactive:         479400 kB
Active(anon):     164052 kB
Inactive(anon):   267380 kB
Active(file):     221096 kB
Inactive(file):   212020 kB
Unevictable:        2528 kB
Mlocked:               0 kB
HighTotal:        849920 kB
HighFree:          66532 kB
LowTotal:         536580 kB
LowFree:           74256 kB
SwapTotal:       1048572 kB
SwapFree:         891880 kB
Dirty:                36 kB
Writeback:             0 kB
AnonPages:        426872 kB
Mapped:           179216 kB
Shmem:               852 kB
Slab:              53792 kB
SReclaimable:      16348 kB
SUnreclaim:        37444 kB
KernelStack:       10824 kB
PageTables:        19020 kB
NFS_Unstable:          0 kB
Bounce:                0 kB
WritebackTmp:          0 kB
CommitLimit:     1741820 kB
Committed_AS:   43150884 kB
VmallocTotal:     319488 kB
VmallocUsed:       17208 kB
VmallocChunk:     195596 kB
Time pass: 244 sec

---2015-10-23 20:34:50
MemTotal:        1386500 kB
MemFree:          140452 kB
Buffers:           48044 kB
Cached:           388464 kB
SwapCached:        33004 kB
Active:           385512 kB
Inactive:         479408 kB
Active(anon):     164416 kB
Inactive(anon):   267380 kB
Active(file):     221096 kB
Inactive(file):   212028 kB
Unevictable:        2528 kB
Mlocked:               0 kB
HighTotal:        849920 kB
HighFree:          66148 kB
LowTotal:         536580 kB
LowFree:           74304 kB
SwapTotal:       1048572 kB
SwapFree:         891880 kB
Dirty:                36 kB
Writeback:             0 kB
AnonPages:        427016 kB
Mapped:           179260 kB
Shmem:               852 kB
Slab:              53760 kB
SReclaimable:      16348 kB
SUnreclaim:        37412 kB
KernelStack:       10816 kB
PageTables:        19036 kB
NFS_Unstable:          0 kB
Bounce:                0 kB
WritebackTmp:          0 kB
CommitLimit:     1741820 kB
Committed_AS:   43150660 kB
VmallocTotal:     319488 kB
VmallocUsed:       17208 kB
VmallocChunk:     195596 kB
Time pass: 249 sec

---2015-10-23 20:34:50
MemTotal:        1386500 kB
MemFree:          140296 kB
Buffers:           48056 kB
Cached:           388464 kB
SwapCached:        33004 kB
Active:           385636 kB
Inactive:         479416 kB
Active(anon):     164532 kB
Inactive(anon):   267380 kB
Active(file):     221104 kB
Inactive(file):   212036 kB
Unevictable:        2528 kB
Mlocked:               0 kB
HighTotal:        849920 kB
HighFree:          66032 kB
LowTotal:         536580 kB
LowFree:           74264 kB
SwapTotal:       1048572 kB
SwapFree:         891880 kB
Dirty:                 0 kB
Writeback:             0 kB
AnonPages:        427372 kB
Mapped:           179260 kB
Shmem:               852 kB
Slab:              53792 kB
SReclaimable:      16348 kB
SUnreclaim:        37444 kB
KernelStack:       10824 kB
PageTables:        19036 kB
NFS_Unstable:          0 kB
Bounce:                0 kB
WritebackTmp:          0 kB
CommitLimit:     1741820 kB
Committed_AS:   43150476 kB
VmallocTotal:     319488 kB
VmallocUsed:       17208 kB
VmallocChunk:     195596 kB
Time pass: 253 sec

---2015-10-23 20:34:50
MemTotal:        1386500 kB
MemFree:          140180 kB
Buffers:           48064 kB
Cached:           388480 kB
SwapCached:        33004 kB
Active:           385756 kB
Inactive:         479440 kB
Active(anon):     164652 kB
Inactive(anon):   267396 kB
Active(file):     221104 kB
Inactive(file):   212044 kB
Unevictable:        2528 kB
Mlocked:               0 kB
HighTotal:        849920 kB
HighFree:          65932 kB
LowTotal:         536580 kB
LowFree:           74248 kB
SwapTotal:       1048572 kB
SwapFree:         891880 kB
Dirty:                28 kB
Writeback:             0 kB
AnonPages:        427240 kB
Mapped:           179276 kB
Shmem:               868 kB
Slab:              53792 kB
SReclaimable:      16348 kB
SUnreclaim:        37444 kB
KernelStack:       10816 kB
PageTables:        19036 kB
NFS_Unstable:          0 kB
Bounce:                0 kB
WritebackTmp:          0 kB
CommitLimit:     1741820 kB
Committed_AS:   43149396 kB
VmallocTotal:     319488 kB
VmallocUsed:       17208 kB
VmallocChunk:     195596 kB
Time pass: 256 sec

---2015-10-23 20:34:50
MemTotal:        1386500 kB
MemFree:          140728 kB
Buffers:           48076 kB
Cached:           388480 kB
SwapCached:        33004 kB
Active:           385044 kB
Inactive:         479448 kB
Active(anon):     163936 kB
Inactive(anon):   267396 kB
Active(file):     221108 kB
Inactive(file):   212052 kB
Unevictable:        2528 kB
Mlocked:               0 kB
HighTotal:        849920 kB
HighFree:          66736 kB
LowTotal:         536580 kB
LowFree:           73992 kB
SwapTotal:       1048572 kB
SwapFree:         891880 kB
Dirty:                 0 kB
Writeback:             8 kB
AnonPages:        426772 kB
Mapped:           179280 kB
Shmem:               868 kB
Slab:              53696 kB
SReclaimable:      16348 kB
SUnreclaim:        37348 kB
KernelStack:       10816 kB
PageTables:        19032 kB
NFS_Unstable:          0 kB
Bounce:                0 kB
WritebackTmp:          0 kB
CommitLimit:     1741820 kB
Committed_AS:   43149412 kB
VmallocTotal:     319488 kB
VmallocUsed:       17208 kB
VmallocChunk:     195596 kB
Time pass: 260 sec

---2015-10-23 20:34:50
MemTotal:        1386500 kB
MemFree:          140840 kB
Buffers:           48084 kB
Cached:           388480 kB
SwapCached:        33004 kB
Active:           385192 kB
Inactive:         479456 kB
Active(anon):     164084 kB
Inactive(anon):   267396 kB
Active(file):     221108 kB
Inactive(file):   212060 kB
Unevictable:        2528 kB
Mlocked:               0 kB
HighTotal:        849920 kB
HighFree:          66688 kB
LowTotal:         536580 kB
LowFree:           74152 kB
SwapTotal:       1048572 kB
SwapFree:         891880 kB
Dirty:                28 kB
Writeback:             0 kB
AnonPages:        426912 kB
Mapped:           179280 kB
Shmem:               868 kB
Slab:              53632 kB
SReclaimable:      16348 kB
SUnreclaim:        37284 kB
KernelStack:       10832 kB
PageTables:        19036 kB
NFS_Unstable:          0 kB
Bounce:                0 kB
WritebackTmp:          0 kB
CommitLimit:     1741820 kB
Committed_AS:   43150608 kB
VmallocTotal:     319488 kB
VmallocUsed:       17208 kB
VmallocChunk:     195596 kB
Time pass: 264 sec

---2015-10-23 20:34:50
MemTotal:        1386500 kB
MemFree:          140528 kB
Buffers:           48096 kB
Cached:           388480 kB
SwapCached:        33004 kB
Active:           385520 kB
Inactive:         479464 kB
Active(anon):     164408 kB
Inactive(anon):   267396 kB
Active(file):     221112 kB
Inactive(file):   212068 kB
Unevictable:        2528 kB
Mlocked:               0 kB
HighTotal:        849920 kB
HighFree:          66520 kB
LowTotal:         536580 kB
LowFree:           74008 kB
SwapTotal:       1048572 kB
SwapFree:         891880 kB
Dirty:                 0 kB
Writeback:             0 kB
AnonPages:        427180 kB
Mapped:           179236 kB
Shmem:               868 kB
Slab:              53824 kB
SReclaimable:      16348 kB
SUnreclaim:        37476 kB
KernelStack:       10816 kB
PageTables:        19024 kB
NFS_Unstable:          0 kB
Bounce:                0 kB
WritebackTmp:          0 kB
CommitLimit:     1741820 kB
Committed_AS:   43149668 kB
VmallocTotal:     319488 kB
VmallocUsed:       17208 kB
VmallocChunk:     195596 kB
Time pass: 268 sec

---2015-10-23 20:34:50
MemTotal:        1386500 kB
MemFree:          139940 kB
Buffers:           48104 kB
Cached:           388480 kB
SwapCached:        33004 kB
Active:           385620 kB
Inactive:         479472 kB
Active(anon):     164508 kB
Inactive(anon):   267396 kB
Active(file):     221112 kB
Inactive(file):   212076 kB
Unevictable:        2528 kB
Mlocked:               0 kB
HighTotal:        849920 kB
HighFree:          65820 kB
LowTotal:         536580 kB
LowFree:           74120 kB
SwapTotal:       1048572 kB
SwapFree:         891880 kB
Dirty:                28 kB
Writeback:             0 kB
AnonPages:        427248 kB
Mapped:           179236 kB
Shmem:               868 kB
Slab:              53696 kB
SReclaimable:      16348 kB
SUnreclaim:        37348 kB
KernelStack:       10832 kB
PageTables:        19024 kB
NFS_Unstable:          0 kB
Bounce:                0 kB
WritebackTmp:          0 kB
CommitLimit:     1741820 kB
Committed_AS:   43150792 kB
VmallocTotal:     319488 kB
VmallocUsed:       17208 kB
VmallocChunk:     195596 kB
Time pass: 272 sec

---2015-10-23 20:34:50
MemTotal:        1386500 kB
MemFree:          139892 kB
Buffers:           48108 kB
Cached:           388480 kB
SwapCached:        33004 kB
Active:           385892 kB
Inactive:         479464 kB
Active(anon):     164768 kB
Inactive(anon):   267396 kB
Active(file):     221124 kB
Inactive(file):   212068 kB
Unevictable:        2528 kB
Mlocked:               0 kB
HighTotal:        849920 kB
HighFree:          65828 kB
LowTotal:         536580 kB
LowFree:           74064 kB
SwapTotal:       1048572 kB
SwapFree:         891880 kB
Dirty:                 0 kB
Writeback:             0 kB
AnonPages:        427344 kB
Mapped:           179280 kB
Shmem:               868 kB
Slab:              53728 kB
SReclaimable:      16348 kB
SUnreclaim:        37380 kB
KernelStack:       10816 kB
PageTables:        19040 kB
NFS_Unstable:          0 kB
Bounce:                0 kB
WritebackTmp:          0 kB
CommitLimit:     1741820 kB
Committed_AS:   43149656 kB
VmallocTotal:     319488 kB
VmallocUsed:       17208 kB
VmallocChunk:     195596 kB
Time pass: 276 sec

---2015-10-23 20:34:50
MemTotal:        1386500 kB
MemFree:          139364 kB
Buffers:           48112 kB
Cached:           388500 kB
SwapCached:        33004 kB
Active:           385808 kB
Inactive:         479484 kB
Active(anon):     164680 kB
Inactive(anon):   267416 kB
Active(file):     221128 kB
Inactive(file):   212068 kB
Unevictable:        2528 kB
Mlocked:               0 kB
HighTotal:        849920 kB
HighFree:          65340 kB
LowTotal:         536580 kB
LowFree:           74024 kB
SwapTotal:       1048572 kB
SwapFree:         891880 kB
Dirty:                28 kB
Writeback:             0 kB
AnonPages:        427348 kB
Mapped:           179300 kB
Shmem:               888 kB
Slab:              53792 kB
SReclaimable:      16348 kB
SUnreclaim:        37444 kB
KernelStack:       10816 kB
PageTables:        19040 kB
NFS_Unstable:          0 kB
Bounce:                0 kB
WritebackTmp:          0 kB
CommitLimit:     1741820 kB
Committed_AS:   43149560 kB
VmallocTotal:     319488 kB
VmallocUsed:       17208 kB
VmallocChunk:     195596 kB
Time pass: 280 sec

---2015-10-23 20:34:50
MemTotal:        1386500 kB
MemFree:          139276 kB
Buffers:           48120 kB
Cached:           388500 kB
SwapCached:        33004 kB
Active:           385940 kB
Inactive:         479484 kB
Active(anon):     164804 kB
Inactive(anon):   267416 kB
Active(file):     221136 kB
Inactive(file):   212068 kB
Unevictable:        2528 kB
Mlocked:               0 kB
HighTotal:        849920 kB
HighFree:          65276 kB
LowTotal:         536580 kB
LowFree:           74000 kB
SwapTotal:       1048572 kB
SwapFree:         891880 kB
Dirty:                 0 kB
Writeback:             0 kB
AnonPages:        427560 kB
Mapped:           179300 kB
Shmem:               888 kB
Slab:              53792 kB
SReclaimable:      16348 kB
SUnreclaim:        37444 kB
KernelStack:       10816 kB
PageTables:        19044 kB
NFS_Unstable:          0 kB
Bounce:                0 kB
WritebackTmp:          0 kB
CommitLimit:     1741820 kB
Committed_AS:   43149784 kB
VmallocTotal:     319488 kB
VmallocUsed:       17208 kB
VmallocChunk:     195596 kB
Time pass: 283 sec

---2015-10-23 20:34:50
MemTotal:        1386500 kB
MemFree:          139948 kB
Buffers:           48120 kB
Cached:           388500 kB
SwapCached:        33004 kB
Active:           385972 kB
Inactive:         479484 kB
Active(anon):     164836 kB
Inactive(anon):   267416 kB
Active(file):     221136 kB
Inactive(file):   212068 kB
Unevictable:        2528 kB
Mlocked:               0 kB
HighTotal:        849920 kB
HighFree:          65760 kB
LowTotal:         536580 kB
LowFree:           74188 kB
SwapTotal:       1048572 kB
SwapFree:         891880 kB
Dirty:                 0 kB
Writeback:             0 kB
AnonPages:        427564 kB
Mapped:           179300 kB
Shmem:               888 kB
Slab:              53728 kB
SReclaimable:      16348 kB
SUnreclaim:        37380 kB
KernelStack:       10816 kB
PageTables:        19040 kB
NFS_Unstable:          0 kB
Bounce:                0 kB
WritebackTmp:          0 kB
CommitLimit:     1741820 kB
Committed_AS:   43149648 kB
VmallocTotal:     319488 kB
VmallocUsed:       17208 kB
VmallocChunk:     195596 kB
Time pass: 287 sec

---2015-10-23 20:34:50
MemTotal:        1386500 kB
MemFree:          139484 kB
Buffers:           48132 kB
Cached:           388500 kB
SwapCached:        33004 kB
Active:           386344 kB
Inactive:         479484 kB
Active(anon):     165196 kB
Inactive(anon):   267416 kB
Active(file):     221148 kB
Inactive(file):   212068 kB
Unevictable:        2528 kB
Mlocked:               0 kB
HighTotal:        849920 kB
HighFree:          65468 kB
LowTotal:         536580 kB
LowFree:           74016 kB
SwapTotal:       1048572 kB
SwapFree:         891880 kB
Dirty:                36 kB
Writeback:             0 kB
AnonPages:        427824 kB
Mapped:           179300 kB
Shmem:               888 kB
Slab:              53792 kB
SReclaimable:      16348 kB
SUnreclaim:        37444 kB
KernelStack:       10824 kB
PageTables:        19040 kB
NFS_Unstable:          0 kB
Bounce:                0 kB
WritebackTmp:          0 kB
CommitLimit:     1741820 kB
Committed_AS:   43149740 kB
VmallocTotal:     319488 kB
VmallocUsed:       17208 kB
VmallocChunk:     195596 kB
Time pass: 291 sec

---2015-10-23 20:34:50
MemTotal:        1386500 kB
MemFree:          139748 kB
Buffers:           48136 kB
Cached:           388496 kB
SwapCached:        33004 kB
Active:           386392 kB
Inactive:         479484 kB
Active(anon):     165244 kB
Inactive(anon):   267416 kB
Active(file):     221148 kB
Inactive(file):   212068 kB
Unevictable:        2528 kB
Mlocked:               0 kB
HighTotal:        849920 kB
HighFree:          65724 kB
LowTotal:         536580 kB
LowFree:           74024 kB
SwapTotal:       1048572 kB
SwapFree:         891880 kB
Dirty:                 0 kB
Writeback:             0 kB
AnonPages:        427868 kB
Mapped:           179300 kB
Shmem:               888 kB
Slab:              53760 kB
SReclaimable:      16348 kB
SUnreclaim:        37412 kB
KernelStack:       10824 kB
PageTables:        19040 kB
NFS_Unstable:          0 kB
Bounce:                0 kB
WritebackTmp:          0 kB
CommitLimit:     1741820 kB
Committed_AS:   43149660 kB
VmallocTotal:     319488 kB
VmallocUsed:       17208 kB
VmallocChunk:     195596 kB
Time pass: 295 sec

---2015-10-23 20:34:50
MemTotal:        1386500 kB
MemFree:          139368 kB
Buffers:           48148 kB
Cached:           388520 kB
SwapCached:        33004 kB
Active:           386316 kB
Inactive:         479512 kB
Active(anon):     165160 kB
Inactive(anon):   267436 kB
Active(file):     221156 kB
Inactive(file):   212076 kB
Unevictable:        2528 kB
Mlocked:               0 kB
HighTotal:        849920 kB
HighFree:          65352 kB
LowTotal:         536580 kB
LowFree:           74016 kB
SwapTotal:       1048572 kB
SwapFree:         891880 kB
Dirty:                36 kB
Writeback:             0 kB
AnonPages:        427908 kB
Mapped:           179320 kB
Shmem:               908 kB
Slab:              53792 kB
SReclaimable:      16348 kB
SUnreclaim:        37444 kB
KernelStack:       10824 kB
PageTables:        19040 kB
NFS_Unstable:          0 kB
Bounce:                0 kB
WritebackTmp:          0 kB
CommitLimit:     1741820 kB
Committed_AS:   43149628 kB
VmallocTotal:     319488 kB
VmallocUsed:       17208 kB
VmallocChunk:     195596 kB
Time pass: 298 sec

---2015-10-23 20:34:50
MemTotal:        1386500 kB
MemFree:          139464 kB
Buffers:           48148 kB
Cached:           388520 kB
SwapCached:        33004 kB
Active:           386560 kB
Inactive:         479512 kB
Active(anon):     165404 kB
Inactive(anon):   267436 kB
Active(file):     221156 kB
Inactive(file):   212076 kB
Unevictable:        2528 kB
Mlocked:               0 kB
HighTotal:        849920 kB
HighFree:          65188 kB
LowTotal:         536580 kB
LowFree:           74276 kB
SwapTotal:       1048572 kB
SwapFree:         891880 kB
Dirty:                 0 kB
Writeback:             0 kB
AnonPages:        428128 kB
Mapped:           179320 kB
Shmem:               908 kB
Slab:              53632 kB
SReclaimable:      16348 kB
SUnreclaim:        37284 kB
KernelStack:       10824 kB
PageTables:        19036 kB
NFS_Unstable:          0 kB
Bounce:                0 kB
WritebackTmp:          0 kB
CommitLimit:     1741820 kB
Committed_AS:   43149632 kB
VmallocTotal:     319488 kB
VmallocUsed:       17208 kB
VmallocChunk:     195596 kB
Time pass: 302 sec

---2015-10-23 20:34:50
MemTotal:        1386500 kB
MemFree:          138696 kB
Buffers:           48180 kB
Cached:           388512 kB
SwapCached:        33004 kB
Active:           386916 kB
Inactive:         479536 kB
Active(anon):     165760 kB
Inactive(anon):   267436 kB
Active(file):     221156 kB
Inactive(file):   212100 kB
Unevictable:        2528 kB
Mlocked:               0 kB
HighTotal:        849920 kB
HighFree:          64656 kB
LowTotal:         536580 kB
LowFree:           74040 kB
SwapTotal:       1048572 kB
SwapFree:         891880 kB
Dirty:                36 kB
Writeback:             0 kB
AnonPages:        428540 kB
Mapped:           179320 kB
Shmem:               908 kB
Slab:              53728 kB
SReclaimable:      16348 kB
SUnreclaim:        37380 kB
KernelStack:       10824 kB
PageTables:        19040 kB
NFS_Unstable:          0 kB
Bounce:                0 kB
WritebackTmp:          0 kB
CommitLimit:     1741820 kB
Committed_AS:   43149820 kB
VmallocTotal:     319488 kB
VmallocUsed:       17208 kB
VmallocChunk:     195596 kB
Time pass: 306 sec

---2015-10-23 20:34:50
MemTotal:        1386500 kB
MemFree:          139684 kB
Buffers:           48180 kB
Cached:           388520 kB
SwapCached:        33004 kB
Active:           386540 kB
Inactive:         479544 kB
Active(anon):     165384 kB
Inactive(anon):   267436 kB
Active(file):     221156 kB
Inactive(file):   212108 kB
Unevictable:        2528 kB
Mlocked:               0 kB
HighTotal:        849920 kB
HighFree:          65512 kB
LowTotal:         536580 kB
LowFree:           74172 kB
SwapTotal:       1048572 kB
SwapFree:         891880 kB
Dirty:                 0 kB
Writeback:             0 kB
AnonPages:        428184 kB
Mapped:           179320 kB
Shmem:               908 kB
Slab:              53760 kB
SReclaimable:      16348 kB
SUnreclaim:        37412 kB
KernelStack:       10824 kB
PageTables:        19040 kB
NFS_Unstable:          0 kB
Bounce:                0 kB
WritebackTmp:          0 kB
CommitLimit:     1741820 kB
Committed_AS:   43148808 kB
VmallocTotal:     319488 kB
VmallocUsed:       17208 kB
VmallocChunk:     195596 kB
Time pass: 309 sec

---2015-10-23 20:34:50
MemTotal:        1386500 kB
MemFree:          138688 kB
Buffers:           48188 kB
Cached:           388552 kB
SwapCached:        33004 kB
Active:           386872 kB
Inactive:         479584 kB
Active(anon):     165716 kB
Inactive(anon):   267468 kB
Active(file):     221156 kB
Inactive(file):   212116 kB
Unevictable:        2528 kB
Mlocked:               0 kB
HighTotal:        849920 kB
HighFree:          64648 kB
LowTotal:         536580 kB
LowFree:           74040 kB
SwapTotal:       1048572 kB
SwapFree:         891880 kB
Dirty:                32 kB
Writeback:             0 kB
AnonPages:        428492 kB
Mapped:           179352 kB
Shmem:               940 kB
Slab:              53728 kB
SReclaimable:      16348 kB
SUnreclaim:        37380 kB
KernelStack:       10832 kB
PageTables:        19040 kB
NFS_Unstable:          0 kB
Bounce:                0 kB
WritebackTmp:          0 kB
CommitLimit:     1741820 kB
Committed_AS:   43149188 kB
VmallocTotal:     319488 kB
VmallocUsed:       17208 kB
VmallocChunk:     195596 kB
Time pass: 313 sec

---2015-10-23 20:34:50
MemTotal:        1386500 kB
MemFree:          138516 kB
Buffers:           48188 kB
Cached:           388552 kB
SwapCached:        33004 kB
Active:           387428 kB
Inactive:         479584 kB
Active(anon):     166272 kB
Inactive(anon):   267468 kB
Active(file):     221156 kB
Inactive(file):   212116 kB
Unevictable:        2528 kB
Mlocked:               0 kB
HighTotal:        849920 kB
HighFree:          64384 kB
LowTotal:         536580 kB
LowFree:           74132 kB
SwapTotal:       1048572 kB
SwapFree:         891880 kB
Dirty:                32 kB
Writeback:             0 kB
AnonPages:        428856 kB
Mapped:           179352 kB
Shmem:               940 kB
Slab:              53760 kB
SReclaimable:      16348 kB
SUnreclaim:        37412 kB
KernelStack:       10840 kB
PageTables:        19040 kB
NFS_Unstable:          0 kB
Bounce:                0 kB
WritebackTmp:          0 kB
CommitLimit:     1741820 kB
Committed_AS:   43149476 kB
VmallocTotal:     319488 kB
VmallocUsed:       17208 kB
VmallocChunk:     195596 kB
Time pass: 316 sec

---2015-10-23 20:34:50
MemTotal:        1386500 kB
MemFree:          138588 kB
Buffers:           48188 kB
Cached:           388596 kB
SwapCached:        33004 kB
Active:           387260 kB
Inactive:         479628 kB
Active(anon):     166104 kB
Inactive(anon):   267512 kB
Active(file):     221156 kB
Inactive(file):   212116 kB
Unevictable:        2528 kB
Mlocked:               0 kB
HighTotal:        849920 kB
HighFree:          64404 kB
LowTotal:         536580 kB
LowFree:           74184 kB
SwapTotal:       1048572 kB
SwapFree:         891880 kB
Dirty:                 0 kB
Writeback:             0 kB
AnonPages:        428676 kB
Mapped:           179396 kB
Shmem:               984 kB
Slab:              53600 kB
SReclaimable:      16348 kB
SUnreclaim:        37252 kB
KernelStack:       10824 kB
PageTables:        19040 kB
NFS_Unstable:          0 kB
Bounce:                0 kB
WritebackTmp:          0 kB
CommitLimit:     1741820 kB
Committed_AS:   43149348 kB
VmallocTotal:     319488 kB
VmallocUsed:       17208 kB
VmallocChunk:     195596 kB
Time pass: 320 sec

---2015-10-23 20:34:50
MemTotal:        1386500 kB
MemFree:          138480 kB
Buffers:           48188 kB
Cached:           388596 kB
SwapCached:        33004 kB
Active:           387312 kB
Inactive:         479628 kB
Active(anon):     166156 kB
Inactive(anon):   267512 kB
Active(file):     221156 kB
Inactive(file):   212116 kB
Unevictable:        2528 kB
Mlocked:               0 kB
HighTotal:        849920 kB
HighFree:          64424 kB
LowTotal:         536580 kB
LowFree:           74056 kB
SwapTotal:       1048572 kB
SwapFree:         891880 kB
Dirty:                 0 kB
Writeback:             0 kB
AnonPages:        428788 kB
Mapped:           179396 kB
Shmem:               984 kB
Slab:              53728 kB
SReclaimable:      16348 kB
SUnreclaim:        37380 kB
KernelStack:       10824 kB
PageTables:        19040 kB
NFS_Unstable:          0 kB
Bounce:                0 kB
WritebackTmp:          0 kB
CommitLimit:     1741820 kB
Committed_AS:   43149256 kB
VmallocTotal:     319488 kB
VmallocUsed:       17208 kB
VmallocChunk:     195596 kB
Time pass: 324 sec

---2015-10-23 20:34:50
MemTotal:        1386500 kB
MemFree:          138000 kB
Buffers:           48188 kB
Cached:           388596 kB
SwapCached:        33004 kB
Active:           387616 kB
Inactive:         479628 kB
Active(anon):     166460 kB
Inactive(anon):   267512 kB
Active(file):     221156 kB
Inactive(file):   212116 kB
Unevictable:        2528 kB
Mlocked:               0 kB
HighTotal:        849920 kB
HighFree:          64048 kB
LowTotal:         536580 kB
LowFree:           73952 kB
SwapTotal:       1048572 kB
SwapFree:         891880 kB
Dirty:                 0 kB
Writeback:             0 kB
AnonPages:        429088 kB
Mapped:           179396 kB
Shmem:               984 kB
Slab:              53856 kB
SReclaimable:      16348 kB
SUnreclaim:        37508 kB
KernelStack:       10824 kB
PageTables:        19044 kB
NFS_Unstable:          0 kB
Bounce:                0 kB
WritebackTmp:          0 kB
CommitLimit:     1741820 kB
Committed_AS:   43149492 kB
VmallocTotal:     319488 kB
VmallocUsed:       17208 kB
VmallocChunk:     195596 kB
Time pass: 327 sec

---2015-10-23 20:34:50
MemTotal:        1386500 kB
MemFree:          137600 kB
Buffers:           48204 kB
Cached:           388596 kB
SwapCached:        33004 kB
Active:           387832 kB
Inactive:         479644 kB
Active(anon):     166676 kB
Inactive(anon):   267512 kB
Active(file):     221156 kB
Inactive(file):   212132 kB
Unevictable:        2528 kB
Mlocked:               0 kB
HighTotal:        849920 kB
HighFree:          63700 kB
LowTotal:         536580 kB
LowFree:           73900 kB
SwapTotal:       1048572 kB
SwapFree:         891880 kB
Dirty:                40 kB
Writeback:             0 kB
AnonPages:        429444 kB
Mapped:           179396 kB
Shmem:               984 kB
Slab:              53764 kB
SReclaimable:      16348 kB
SUnreclaim:        37416 kB
KernelStack:       10824 kB
PageTables:        19040 kB
NFS_Unstable:          0 kB
Bounce:                0 kB
WritebackTmp:          0 kB
CommitLimit:     1741820 kB
Committed_AS:   43149660 kB
VmallocTotal:     319488 kB
VmallocUsed:       17208 kB
VmallocChunk:     195596 kB
Time pass: 331 sec

---2015-10-23 20:34:50
MemTotal:        1386500 kB
MemFree:          137328 kB
Buffers:           48212 kB
Cached:           388724 kB
SwapCached:        33004 kB
Active:           388296 kB
Inactive:         479780 kB
Active(anon):     167140 kB
Inactive(anon):   267648 kB
Active(file):     221156 kB
Inactive(file):   212132 kB
Unevictable:        2528 kB
Mlocked:               0 kB
HighTotal:        849920 kB
HighFree:          63200 kB
LowTotal:         536580 kB
LowFree:           74128 kB
SwapTotal:       1048572 kB
SwapFree:         891880 kB
Dirty:                 0 kB
Writeback:             0 kB
AnonPages:        429772 kB
Mapped:           179532 kB
Shmem:              1120 kB
Slab:              53636 kB
SReclaimable:      16348 kB
SUnreclaim:        37288 kB
KernelStack:       10824 kB
PageTables:        19040 kB
NFS_Unstable:          0 kB
Bounce:                0 kB
WritebackTmp:          0 kB
CommitLimit:     1741820 kB
Committed_AS:   43149924 kB
VmallocTotal:     319488 kB
VmallocUsed:       17208 kB
VmallocChunk:     195596 kB
Time pass: 335 sec

---2015-10-23 20:34:50
MemTotal:        1386500 kB
MemFree:          137492 kB
Buffers:           48212 kB
Cached:           388732 kB
SwapCached:        33004 kB
Active:           388024 kB
Inactive:         479788 kB
Active(anon):     166868 kB
Inactive(anon):   267648 kB
Active(file):     221156 kB
Inactive(file):   212140 kB
Unevictable:        2528 kB
Mlocked:               0 kB
HighTotal:        849920 kB
HighFree:          63444 kB
LowTotal:         536580 kB
LowFree:           74048 kB
SwapTotal:       1048572 kB
SwapFree:         891880 kB
Dirty:                28 kB
Writeback:             0 kB
AnonPages:        429552 kB
Mapped:           179532 kB
Shmem:              1120 kB
Slab:              53764 kB
SReclaimable:      16348 kB
SUnreclaim:        37416 kB
KernelStack:       10824 kB
PageTables:        19040 kB
NFS_Unstable:          0 kB
Bounce:                0 kB
WritebackTmp:          0 kB
CommitLimit:     1741820 kB
Committed_AS:   43149540 kB
VmallocTotal:     319488 kB
VmallocUsed:       17208 kB
VmallocChunk:     195596 kB
Time pass: 338 sec

---2015-10-23 20:34:50
MemTotal:        1386500 kB
MemFree:          137136 kB
Buffers:           48228 kB
Cached:           388732 kB
SwapCached:        33004 kB
Active:           387952 kB
Inactive:         479804 kB
Active(anon):     166796 kB
Inactive(anon):   267648 kB
Active(file):     221156 kB
Inactive(file):   212156 kB
Unevictable:        2528 kB
Mlocked:               0 kB
HighTotal:        849920 kB
HighFree:          63268 kB
LowTotal:         536580 kB
LowFree:           73868 kB
SwapTotal:       1048572 kB
SwapFree:         891880 kB
Dirty:                36 kB
Writeback:             0 kB
AnonPages:        429520 kB
Mapped:           179532 kB
Shmem:              1120 kB
Slab:              53796 kB
SReclaimable:      16348 kB
SUnreclaim:        37448 kB
KernelStack:       10824 kB
PageTables:        19040 kB
NFS_Unstable:          0 kB
Bounce:                0 kB
WritebackTmp:          0 kB
CommitLimit:     1741820 kB
Committed_AS:   43149500 kB
VmallocTotal:     319488 kB
VmallocUsed:       17208 kB
VmallocChunk:     195596 kB
Time pass: 342 sec

---2015-10-23 20:34:50
MemTotal:        1386500 kB
MemFree:          137224 kB
Buffers:           48228 kB
Cached:           388732 kB
SwapCached:        33004 kB
Active:           387880 kB
Inactive:         479804 kB
Active(anon):     166724 kB
Inactive(anon):   267648 kB
Active(file):     221156 kB
Inactive(file):   212156 kB
Unevictable:        2528 kB
Mlocked:               0 kB
HighTotal:        849920 kB
HighFree:          63476 kB
LowTotal:         536580 kB
LowFree:           73748 kB
SwapTotal:       1048572 kB
SwapFree:         891880 kB
Dirty:                36 kB
Writeback:             0 kB
AnonPages:        429448 kB
Mapped:           179532 kB
Shmem:              1120 kB
Slab:              53924 kB
SReclaimable:      16348 kB
