---2015-12-16 17:12:00
MemTotal:        2905316 kB
MemFree:          113484 kB
Buffers:           28520 kB
Cached:          1454876 kB
SwapCached:            0 kB
Active:          1241812 kB
Inactive:        1073104 kB
Active(anon):     722644 kB
Inactive(anon):   140928 kB
Active(file):     519168 kB
Inactive(file):   932176 kB
Unevictable:        7484 kB
Mlocked:               0 kB
SwapTotal:        720184 kB
SwapFree:         720184 kB
Dirty:                76 kB
Writeback:             0 kB
AnonPages:        839016 kB
Mapped:           538744 kB
Shmem:             24548 kB
Slab:             112108 kB
SReclaimable:      36324 kB
SUnreclaim:        75784 kB
KernelStack:       32544 kB
PageTables:        54796 kB
NFS_Unstable:          0 kB
Bounce:                0 kB
WritebackTmp:          0 kB
CommitLimit:     2172840 kB
Committed_AS:   91544156 kB
VmallocTotal:   251658176 kB
VmallocUsed:      134576 kB
VmallocChunk:   251427372 kB
Time pass: 13 sec

---2015-12-16 17:12:00
MemTotal:        2905316 kB
MemFree:          115064 kB
Buffers:           28836 kB
Cached:          1456300 kB
SwapCached:            0 kB
Active:          1240980 kB
Inactive:        1074496 kB
Active(anon):     721464 kB
Inactive(anon):   140928 kB
Active(file):     519516 kB
Inactive(file):   933568 kB
Unevictable:        7484 kB
Mlocked:               0 kB
SwapTotal:        720184 kB
SwapFree:         720184 kB
Dirty:               240 kB
Writeback:             0 kB
AnonPages:        837852 kB
Mapped:           534572 kB
Shmem:             24548 kB
Slab:             111984 kB
SReclaimable:      36340 kB
SUnreclaim:        75644 kB
KernelStack:       32304 kB
PageTables:        53524 kB
NFS_Unstable:          0 kB
Bounce:                0 kB
WritebackTmp:          0 kB
CommitLimit:     2172840 kB
Committed_AS:   89569820 kB
VmallocTotal:   251658176 kB
VmallocUsed:      132536 kB
VmallocChunk:   251427372 kB
Time pass: 17 sec

---2015-12-16 17:12:00
MemTotal:        2905316 kB
MemFree:           52740 kB
Buffers:           30000 kB
Cached:          1395148 kB
SwapCached:            0 kB
Active:          1289776 kB
Inactive:        1013560 kB
Active(anon):     752712 kB
Inactive(anon):   157968 kB
Active(file):     537064 kB
Inactive(file):   855592 kB
Unevictable:        7484 kB
Mlocked:               0 kB
SwapTotal:        720184 kB
SwapFree:         720184 kB
Dirty:              1544 kB
Writeback:             0 kB
AnonPages:        886296 kB
Mapped:           560356 kB
Shmem:             24696 kB
Slab:             111956 kB
SReclaimable:      36228 kB
SUnreclaim:        75728 kB
KernelStack:       33264 kB
PageTables:        54820 kB
NFS_Unstable:          0 kB
Bounce:                0 kB
WritebackTmp:          0 kB
CommitLimit:     2172840 kB
Committed_AS:   90386756 kB
VmallocTotal:   251658176 kB
VmallocUsed:      133672 kB
VmallocChunk:   251427372 kB
Time pass: 21 sec

---2015-12-16 17:12:00
MemTotal:        2905316 kB
MemFree:           78620 kB
Buffers:           29536 kB
Cached:          1313748 kB
SwapCached:            0 kB
Active:          1260380 kB
Inactive:         940404 kB
Active(anon):     716792 kB
Inactive(anon):   170904 kB
Active(file):     543588 kB
Inactive(file):   769500 kB
Unevictable:        7484 kB
Mlocked:               0 kB
SwapTotal:        720184 kB
SwapFree:         720184 kB
Dirty:               120 kB
Writeback:             0 kB
AnonPages:        864936 kB
Mapped:           628728 kB
Shmem:             22704 kB
Slab:             112140 kB
SReclaimable:      36276 kB
SUnreclaim:        75864 kB
KernelStack:       33488 kB
PageTables:        54784 kB
NFS_Unstable:          0 kB
Bounce:                0 kB
WritebackTmp:          0 kB
CommitLimit:     2172840 kB
Committed_AS:   90387100 kB
VmallocTotal:   251658176 kB
VmallocUsed:      134404 kB
VmallocChunk:   251427372 kB
Time pass: 25 sec

---2015-12-16 17:12:00
MemTotal:        2905316 kB
MemFree:           80264 kB
Buffers:           29552 kB
Cached:          1313764 kB
SwapCached:            0 kB
Active:          1259252 kB
Inactive:         940196 kB
Active(anon):     715628 kB
Inactive(anon):   170764 kB
Active(file):     543624 kB
Inactive(file):   769432 kB
Unevictable:        7484 kB
Mlocked:               0 kB
SwapTotal:        720184 kB
SwapFree:         720184 kB
Dirty:               232 kB
Writeback:             0 kB
AnonPages:        863600 kB
Mapped:           628744 kB
Shmem:             22768 kB
Slab:             112548 kB
SReclaimable:      36532 kB
SUnreclaim:        76016 kB
KernelStack:       33520 kB
PageTables:        54800 kB
NFS_Unstable:          0 kB
Bounce:                0 kB
WritebackTmp:          0 kB
CommitLimit:     2172840 kB
Committed_AS:   90387032 kB
VmallocTotal:   251658176 kB
VmallocUsed:      134404 kB
VmallocChunk:   251427372 kB
Time pass: 29 sec

---2015-12-16 17:12:00
MemTotal:        2905316 kB
MemFree:           78780 kB
Buffers:           29560 kB
Cached:          1313784 kB
SwapCached:            0 kB
Active:          1259384 kB
Inactive:         940224 kB
Active(anon):     715752 kB
Inactive(anon):   170764 kB
Active(file):     543632 kB
Inactive(file):   769460 kB
Unevictable:        7484 kB
Mlocked:               0 kB
SwapTotal:        720184 kB
SwapFree:         720184 kB
Dirty:               164 kB
Writeback:             0 kB
AnonPages:        863888 kB
Mapped:           628800 kB
Shmem:             22768 kB
Slab:             112364 kB
SReclaimable:      36532 kB
SUnreclaim:        75832 kB
KernelStack:       33520 kB
PageTables:        54800 kB
NFS_Unstable:          0 kB
Bounce:                0 kB
WritebackTmp:          0 kB
CommitLimit:     2172840 kB
Committed_AS:   90387008 kB
VmallocTotal:   251658176 kB
VmallocUsed:      134416 kB
VmallocChunk:   251427372 kB
Time pass: 32 sec

---2015-12-16 17:12:00
MemTotal:        2905316 kB
MemFree:           79124 kB
Buffers:           29568 kB
Cached:          1313836 kB
SwapCached:            0 kB
Active:          1260052 kB
Inactive:         940200 kB
Active(anon):     716336 kB
Inactive(anon):   170764 kB
Active(file):     543716 kB
Inactive(file):   769436 kB
Unevictable:        7484 kB
Mlocked:               0 kB
SwapTotal:        720184 kB
SwapFree:         720184 kB
Dirty:                68 kB
Writeback:             0 kB
AnonPages:        864200 kB
Mapped:           628888 kB
Shmem:             22768 kB
Slab:             112360 kB
SReclaimable:      36548 kB
SUnreclaim:        75812 kB
KernelStack:       33520 kB
PageTables:        54800 kB
NFS_Unstable:          0 kB
Bounce:                0 kB
WritebackTmp:          0 kB
CommitLimit:     2172840 kB
Committed_AS:   90390004 kB
VmallocTotal:   251658176 kB
VmallocUsed:      134416 kB
VmallocChunk:   251427372 kB
Time pass: 36 sec

---2015-12-16 17:12:00
MemTotal:        2905316 kB
MemFree:           75976 kB
Buffers:           29584 kB
Cached:          1315868 kB
SwapCached:            0 kB
Active:          1260076 kB
Inactive:         942180 kB
Active(anon):     716352 kB
Inactive(anon):   170764 kB
Active(file):     543724 kB
Inactive(file):   771416 kB
Unevictable:        7484 kB
Mlocked:               0 kB
SwapTotal:        720184 kB
SwapFree:         720184 kB
Dirty:                72 kB
Writeback:             0 kB
AnonPages:        864500 kB
Mapped:           629204 kB
Shmem:             22768 kB
Slab:             112408 kB
SReclaimable:      36564 kB
SUnreclaim:        75844 kB
KernelStack:       33600 kB
PageTables:        54828 kB
NFS_Unstable:          0 kB
Bounce:                0 kB
WritebackTmp:          0 kB
CommitLimit:     2172840 kB
Committed_AS:   90387460 kB
VmallocTotal:   251658176 kB
VmallocUsed:      134416 kB
VmallocChunk:   251427372 kB
Time pass: 40 sec

---2015-12-16 17:12:00
MemTotal:        2905316 kB
MemFree:           74264 kB
Buffers:           31120 kB
Cached:          1315940 kB
SwapCached:            0 kB
Active:          1260804 kB
Inactive:         943812 kB
Active(anon):     717056 kB
Inactive(anon):   170764 kB
Active(file):     543748 kB
Inactive(file):   773048 kB
Unevictable:        7484 kB
Mlocked:               0 kB
SwapTotal:        720184 kB
SwapFree:         720184 kB
Dirty:               148 kB
Writeback:             0 kB
AnonPages:        864948 kB
Mapped:           629236 kB
Shmem:             22768 kB
Slab:             112348 kB
SReclaimable:      36564 kB
SUnreclaim:        75784 kB
KernelStack:       33568 kB
PageTables:        54812 kB
NFS_Unstable:          0 kB
Bounce:                0 kB
WritebackTmp:          0 kB
CommitLimit:     2172840 kB
Committed_AS:   90387508 kB
VmallocTotal:   251658176 kB
VmallocUsed:      134416 kB
VmallocChunk:   251427372 kB
Time pass: 44 sec

---2015-12-16 17:12:00
MemTotal:        2905316 kB
MemFree:           73948 kB
Buffers:           31128 kB
Cached:          1315932 kB
SwapCached:            0 kB
Active:          1260724 kB
Inactive:         943824 kB
Active(anon):     716976 kB
Inactive(anon):   170764 kB
Active(file):     543748 kB
Inactive(file):   773060 kB
Unevictable:        7484 kB
Mlocked:               0 kB
SwapTotal:        720184 kB
SwapFree:         720184 kB
Dirty:                76 kB
Writeback:             0 kB
AnonPages:        864988 kB
Mapped:           629252 kB
Shmem:             22768 kB
Slab:             112408 kB
SReclaimable:      36564 kB
SUnreclaim:        75844 kB
KernelStack:       33536 kB
PageTables:        54812 kB
NFS_Unstable:          0 kB
Bounce:                0 kB
WritebackTmp:          0 kB
CommitLimit:     2172840 kB
Committed_AS:   90387452 kB
VmallocTotal:   251658176 kB
VmallocUsed:      134416 kB
VmallocChunk:   251427372 kB
Time pass: 47 sec

---2015-12-16 17:12:00
MemTotal:        2905316 kB
MemFree:           71108 kB
Buffers:           29504 kB
Cached:          1258096 kB
SwapCached:            0 kB
Active:          1263540 kB
Inactive:         891400 kB
Active(anon):     718064 kB
Inactive(anon):   179724 kB
Active(file):     545476 kB
Inactive(file):   711676 kB
Unevictable:        7484 kB
Mlocked:               0 kB
SwapTotal:        720184 kB
SwapFree:         720184 kB
Dirty:               296 kB
Writeback:             8 kB
AnonPages:        875396 kB
Mapped:           640684 kB
Shmem:             22772 kB
Slab:             110000 kB
SReclaimable:      34084 kB
SUnreclaim:        75916 kB
KernelStack:       33552 kB
PageTables:        54996 kB
NFS_Unstable:          0 kB
Bounce:                0 kB
WritebackTmp:          0 kB
CommitLimit:     2172840 kB
Committed_AS:   90405892 kB
VmallocTotal:   251658176 kB
VmallocUsed:      134672 kB
VmallocChunk:   251427372 kB
Time pass: 51 sec

---2015-12-16 17:12:00
MemTotal:        2905316 kB
MemFree:           66912 kB
Buffers:           27844 kB
Cached:          1250820 kB
SwapCached:            0 kB
Active:          1268516 kB
Inactive:         883248 kB
Active(anon):     722620 kB
Inactive(anon):   180752 kB
Active(file):     545896 kB
Inactive(file):   702496 kB
Unevictable:        7484 kB
Mlocked:               0 kB
SwapTotal:        720184 kB
SwapFree:         720184 kB
Dirty:               104 kB
Writeback:             0 kB
AnonPages:        880760 kB
Mapped:           641472 kB
Shmem:             22772 kB
Slab:             112308 kB
SReclaimable:      36532 kB
SUnreclaim:        75776 kB
KernelStack:       33584 kB
PageTables:        55240 kB
NFS_Unstable:          0 kB
Bounce:                0 kB
WritebackTmp:          0 kB
CommitLimit:     2172840 kB
Committed_AS:   90416976 kB
VmallocTotal:   251658176 kB
VmallocUsed:      134672 kB
VmallocChunk:   251427372 kB
Time pass: 55 sec

---2015-12-16 17:12:00
MemTotal:        2905316 kB
MemFree:           73300 kB
Buffers:           27748 kB
Cached:          1235744 kB
SwapCached:            0 kB
Active:          1271704 kB
Inactive:         868856 kB
Active(anon):     725292 kB
Inactive(anon):   182032 kB
Active(file):     546412 kB
Inactive(file):   686824 kB
Unevictable:        7484 kB
Mlocked:               0 kB
SwapTotal:        720184 kB
SwapFree:         720184 kB
Dirty:                20 kB
Writeback:             0 kB
AnonPages:        884720 kB
Mapped:           648336 kB
Shmem:             22772 kB
Slab:             112336 kB
SReclaimable:      36516 kB
SUnreclaim:        75820 kB
KernelStack:       33552 kB
PageTables:        55124 kB
NFS_Unstable:          0 kB
Bounce:                0 kB
WritebackTmp:          0 kB
CommitLimit:     2172840 kB
Committed_AS:   90428484 kB
VmallocTotal:   251658176 kB
VmallocUsed:      134732 kB
VmallocChunk:   251427372 kB
Time pass: 59 sec

---2015-12-16 17:12:00
MemTotal:        2905316 kB
MemFree:           75500 kB
Buffers:           27756 kB
Cached:          1235748 kB
SwapCached:            0 kB
Active:          1268936 kB
Inactive:         868852 kB
Active(anon):     722520 kB
Inactive(anon):   182032 kB
Active(file):     546416 kB
Inactive(file):   686820 kB
Unevictable:        7484 kB
Mlocked:               0 kB
SwapTotal:        720184 kB
SwapFree:         720184 kB
Dirty:                36 kB
Writeback:             0 kB
AnonPages:        882320 kB
Mapped:           650416 kB
Shmem:             22772 kB
Slab:             112496 kB
SReclaimable:      36516 kB
SUnreclaim:        75980 kB
KernelStack:       33424 kB
PageTables:        55120 kB
NFS_Unstable:          0 kB
Bounce:                0 kB
WritebackTmp:          0 kB
CommitLimit:     2172840 kB
Committed_AS:   90426240 kB
VmallocTotal:   251658176 kB
VmallocUsed:      134744 kB
VmallocChunk:   251427372 kB
Time pass: 62 sec

---2015-12-16 17:12:00
MemTotal:        2905316 kB
MemFree:           69708 kB
Buffers:           26512 kB
Cached:          1197956 kB
SwapCached:            0 kB
Active:          1298140 kB
Inactive:         824232 kB
Active(anon):     742856 kB
Inactive(anon):   185360 kB
Active(file):     555284 kB
Inactive(file):   638872 kB
Unevictable:        7484 kB
Mlocked:               0 kB
SwapTotal:        720184 kB
SwapFree:         720184 kB
Dirty:              1448 kB
Writeback:             0 kB
AnonPages:        905724 kB
Mapped:           685852 kB
Shmem:             22776 kB
Slab:             110704 kB
SReclaimable:      34660 kB
SUnreclaim:        76044 kB
KernelStack:       33504 kB
PageTables:        55224 kB
NFS_Unstable:          0 kB
Bounce:                0 kB
WritebackTmp:          0 kB
CommitLimit:     2172840 kB
Committed_AS:   90438584 kB
VmallocTotal:   251658176 kB
VmallocUsed:      134960 kB
VmallocChunk:   251427372 kB
Time pass: 66 sec

---2015-12-16 17:12:00
MemTotal:        2905316 kB
MemFree:           70036 kB
Buffers:           26308 kB
Cached:          1177856 kB
SwapCached:            0 kB
Active:          1296620 kB
Inactive:         804268 kB
Active(anon):     739704 kB
Inactive(anon):   187280 kB
Active(file):     556916 kB
Inactive(file):   616988 kB
Unevictable:        7484 kB
Mlocked:               0 kB
SwapTotal:        720184 kB
SwapFree:         720184 kB
Dirty:              6332 kB
Writeback:             0 kB
AnonPages:        904356 kB
Mapped:           705348 kB
Shmem:             22776 kB
Slab:             112536 kB
SReclaimable:      36580 kB
SUnreclaim:        75956 kB
KernelStack:       33488 kB
PageTables:        55328 kB
NFS_Unstable:          0 kB
Bounce:                0 kB
WritebackTmp:          0 kB
CommitLimit:     2172840 kB
Committed_AS:   90445840 kB
VmallocTotal:   251658176 kB
VmallocUsed:      135136 kB
VmallocChunk:   251427372 kB
Time pass: 70 sec

---2015-12-16 17:12:00
MemTotal:        2905316 kB
MemFree:           66740 kB
Buffers:           26324 kB
Cached:          1177872 kB
SwapCached:            0 kB
Active:          1297096 kB
Inactive:         804276 kB
Active(anon):     740172 kB
Inactive(anon):   187280 kB
Active(file):     556924 kB
Inactive(file):   616996 kB
Unevictable:        7484 kB
Mlocked:               0 kB
SwapTotal:        720184 kB
SwapFree:         720184 kB
Dirty:                80 kB
Writeback:             0 kB
AnonPages:        904836 kB
Mapped:           705524 kB
Shmem:             22776 kB
Slab:             112508 kB
SReclaimable:      36516 kB
SUnreclaim:        75992 kB
KernelStack:       33488 kB
PageTables:        55308 kB
NFS_Unstable:          0 kB
Bounce:                0 kB
WritebackTmp:          0 kB
CommitLimit:     2172840 kB
Committed_AS:   90446204 kB
VmallocTotal:   251658176 kB
VmallocUsed:      135136 kB
VmallocChunk:   251427372 kB
Time pass: 74 sec

---2015-12-16 17:12:00
MemTotal:        2905316 kB
MemFree:           66316 kB
Buffers:           26324 kB
Cached:          1177896 kB
SwapCached:            0 kB
Active:          1297860 kB
Inactive:         804304 kB
Active(anon):     740924 kB
Inactive(anon):   187280 kB
Active(file):     556936 kB
Inactive(file):   617024 kB
Unevictable:        7484 kB
Mlocked:               0 kB
SwapTotal:        720184 kB
SwapFree:         720184 kB
Dirty:               128 kB
Writeback:             0 kB
AnonPages:        905320 kB
Mapped:           705536 kB
Shmem:             22776 kB
Slab:             112544 kB
SReclaimable:      36516 kB
SUnreclaim:        76028 kB
KernelStack:       33504 kB
PageTables:        55308 kB
NFS_Unstable:          0 kB
Bounce:                0 kB
WritebackTmp:          0 kB
CommitLimit:     2172840 kB
Committed_AS:   90446200 kB
VmallocTotal:   251658176 kB
VmallocUsed:      135136 kB
VmallocChunk:   251427372 kB
Time pass: 77 sec

---2015-12-16 17:12:00
MemTotal:        2905316 kB
MemFree:           65300 kB
Buffers:           26568 kB
Cached:          1169304 kB
SwapCached:            0 kB
Active:          1309124 kB
Inactive:         795424 kB
Active(anon):     751740 kB
Inactive(anon):   187280 kB
Active(file):     557384 kB
Inactive(file):   608144 kB
Unevictable:        7484 kB
Mlocked:               0 kB
SwapTotal:        720184 kB
SwapFree:         720184 kB
Dirty:               236 kB
Writeback:             0 kB
AnonPages:        916856 kB
Mapped:           705364 kB
Shmem:             22776 kB
Slab:             112532 kB
SReclaimable:      36516 kB
SUnreclaim:        76016 kB
KernelStack:       33488 kB
PageTables:        55308 kB
NFS_Unstable:          0 kB
Bounce:                0 kB
WritebackTmp:          0 kB
CommitLimit:     2172840 kB
Committed_AS:   90447764 kB
VmallocTotal:   251658176 kB
VmallocUsed:      135136 kB
VmallocChunk:   251427372 kB
Time pass: 81 sec

---2015-12-16 17:12:00
MemTotal:        2905316 kB
MemFree:           69032 kB
Buffers:           26460 kB
Cached:          1144708 kB
SwapCached:            0 kB
Active:          1299088 kB
Inactive:         769640 kB
Active(anon):     740028 kB
Inactive(anon):   187792 kB
Active(file):     559060 kB
Inactive(file):   581848 kB
Unevictable:        7484 kB
Mlocked:               0 kB
SwapTotal:        720184 kB
SwapFree:         720184 kB
Dirty:                68 kB
Writeback:             0 kB
AnonPages:        904976 kB
Mapped:           718176 kB
Shmem:             22776 kB
Slab:             112412 kB
SReclaimable:      36372 kB
SUnreclaim:        76040 kB
KernelStack:       33456 kB
PageTables:        55204 kB
NFS_Unstable:          0 kB
Bounce:                0 kB
WritebackTmp:          0 kB
CommitLimit:     2172840 kB
Committed_AS:   90449068 kB
VmallocTotal:   251658176 kB
VmallocUsed:      135300 kB
VmallocChunk:   251427372 kB
Time pass: 85 sec

---2015-12-16 17:12:00
MemTotal:        2905316 kB
MemFree:           64712 kB
Buffers:           26380 kB
Cached:          1134164 kB
SwapCached:            0 kB
Active:          1318384 kB
Inactive:         758032 kB
Active(anon):     757828 kB
Inactive(anon):   188304 kB
Active(file):     560556 kB
Inactive(file):   569728 kB
Unevictable:        7484 kB
Mlocked:               0 kB
SwapTotal:        720184 kB
SwapFree:         720184 kB
Dirty:                40 kB
Writeback:             0 kB
AnonPages:        923788 kB
Mapped:           721920 kB
Shmem:             22776 kB
Slab:             112304 kB
SReclaimable:      36260 kB
SUnreclaim:        76044 kB
KernelStack:       33648 kB
PageTables:        55252 kB
NFS_Unstable:          0 kB
Bounce:                0 kB
WritebackTmp:          0 kB
CommitLimit:     2172840 kB
Committed_AS:   90454936 kB
VmallocTotal:   251658176 kB
VmallocUsed:      135300 kB
VmallocChunk:   251427372 kB
Time pass: 89 sec

---2015-12-16 17:12:00
MemTotal:        2905316 kB
MemFree:           64612 kB
Buffers:           26388 kB
Cached:          1134240 kB
SwapCached:            0 kB
Active:          1318088 kB
Inactive:         758072 kB
Active(anon):     757516 kB
Inactive(anon):   188296 kB
Active(file):     560572 kB
Inactive(file):   569776 kB
Unevictable:        7484 kB
Mlocked:               0 kB
SwapTotal:        720184 kB
SwapFree:         720184 kB
Dirty:                96 kB
Writeback:             0 kB
AnonPages:        922984 kB
Mapped:           721964 kB
Shmem:             22776 kB
Slab:             112540 kB
SReclaimable:      36484 kB
SUnreclaim:        76056 kB
KernelStack:       33616 kB
PageTables:        55256 kB
NFS_Unstable:          0 kB
Bounce:                0 kB
WritebackTmp:          0 kB
CommitLimit:     2172840 kB
Committed_AS:   90455028 kB
VmallocTotal:   251658176 kB
VmallocUsed:      135300 kB
VmallocChunk:   251427372 kB
Time pass: 93 sec

---2015-12-16 17:12:00
MemTotal:        2905316 kB
MemFree:           74780 kB
Buffers:           26240 kB
Cached:          1126464 kB
SwapCached:            0 kB
Active:          1312412 kB
Inactive:         751308 kB
Active(anon):     751444 kB
Inactive(anon):   189832 kB
Active(file):     560968 kB
Inactive(file):   561476 kB
Unevictable:        7484 kB
Mlocked:               0 kB
SwapTotal:        720184 kB
SwapFree:         720184 kB
Dirty:                20 kB
Writeback:             0 kB
AnonPages:        918532 kB
Mapped:           722268 kB
Shmem:             22776 kB
Slab:             112584 kB
SReclaimable:      36484 kB
SUnreclaim:        76100 kB
KernelStack:       33584 kB
PageTables:        55320 kB
NFS_Unstable:          0 kB
Bounce:                0 kB
WritebackTmp:          0 kB
CommitLimit:     2172840 kB
Committed_AS:   90456264 kB
VmallocTotal:   251658176 kB
VmallocUsed:      135328 kB
VmallocChunk:   251427372 kB
Time pass: 97 sec

---2015-12-16 17:12:00
MemTotal:        2905316 kB
MemFree:           74832 kB
Buffers:           26240 kB
Cached:          1126528 kB
SwapCached:            0 kB
Active:          1312380 kB
Inactive:         751360 kB
Active(anon):     751408 kB
Inactive(anon):   189828 kB
Active(file):     560972 kB
Inactive(file):   561532 kB
Unevictable:        7484 kB
Mlocked:               0 kB
SwapTotal:        720184 kB
SwapFree:         720184 kB
Dirty:                 0 kB
Writeback:             0 kB
AnonPages:        918476 kB
Mapped:           722360 kB
Shmem:             22776 kB
Slab:             112532 kB
SReclaimable:      36484 kB
SUnreclaim:        76048 kB
KernelStack:       33472 kB
PageTables:        55316 kB
NFS_Unstable:          0 kB
Bounce:                0 kB
WritebackTmp:          0 kB
CommitLimit:     2172840 kB
Committed_AS:   90456112 kB
VmallocTotal:   251658176 kB
VmallocUsed:      135328 kB
VmallocChunk:   251427372 kB
Time pass: 100 sec

---2015-12-16 17:12:00
MemTotal:        2905316 kB
MemFree:           75272 kB
Buffers:           26248 kB
Cached:          1126528 kB
SwapCached:            0 kB
Active:          1312344 kB
Inactive:         751368 kB
Active(anon):     751372 kB
Inactive(anon):   189828 kB
Active(file):     560972 kB
Inactive(file):   561540 kB
Unevictable:        7484 kB
Mlocked:               0 kB
SwapTotal:        720184 kB
SwapFree:         720184 kB
Dirty:                36 kB
Writeback:             0 kB
AnonPages:        918552 kB
Mapped:           722380 kB
Shmem:             22776 kB
Slab:             112564 kB
SReclaimable:      36484 kB
SUnreclaim:        76080 kB
KernelStack:       33456 kB
PageTables:        55312 kB
NFS_Unstable:          0 kB
Bounce:                0 kB
WritebackTmp:          0 kB
CommitLimit:     2172840 kB
Committed_AS:   90456136 kB
VmallocTotal:   251658176 kB
VmallocUsed:      135328 kB
VmallocChunk:   251427372 kB
Time pass: 105 sec

---2015-12-16 17:12:00
MemTotal:        2905316 kB
MemFree:           74284 kB
Buffers:           26256 kB
Cached:          1127132 kB
SwapCached:            0 kB
Active:          1313012 kB
Inactive:         751948 kB
Active(anon):     752032 kB
Inactive(anon):   189828 kB
Active(file):     560980 kB
Inactive(file):   562120 kB
Unevictable:        7484 kB
Mlocked:               0 kB
SwapTotal:        720184 kB
SwapFree:         720184 kB
Dirty:                28 kB
Writeback:             0 kB
AnonPages:        919100 kB
Mapped:           722444 kB
Shmem:             22776 kB
Slab:             112580 kB
SReclaimable:      36484 kB
SUnreclaim:        76096 kB
KernelStack:       33472 kB
PageTables:        55312 kB
NFS_Unstable:          0 kB
Bounce:                0 kB
WritebackTmp:          0 kB
CommitLimit:     2172840 kB
Committed_AS:   90456164 kB
VmallocTotal:   251658176 kB
VmallocUsed:      135328 kB
VmallocChunk:   251427372 kB
Time pass: 109 sec

---2015-12-16 17:12:00
MemTotal:        2905316 kB
MemFree:           73012 kB
Buffers:           26256 kB
Cached:          1125576 kB
SwapCached:            0 kB
Active:          1317720 kB
Inactive:         750808 kB
Active(anon):     758056 kB
Inactive(anon):   190340 kB
Active(file):     559664 kB
Inactive(file):   560468 kB
Unevictable:        8924 kB
Mlocked:               0 kB
SwapTotal:        720184 kB
SwapFree:         720184 kB
Dirty:               120 kB
Writeback:             0 kB
AnonPages:        925676 kB
Mapped:           721756 kB
Shmem:             22776 kB
Slab:             113044 kB
SReclaimable:      36964 kB
SUnreclaim:        76080 kB
KernelStack:       33520 kB
PageTables:        55288 kB
NFS_Unstable:          0 kB
Bounce:                0 kB
WritebackTmp:          0 kB
CommitLimit:     2172840 kB
Committed_AS:   90461332 kB
VmallocTotal:   251658176 kB
VmallocUsed:      135292 kB
VmallocChunk:   251427372 kB
Time pass: 112 sec

---2015-12-16 17:12:00
MemTotal:        2905316 kB
MemFree:          333828 kB
Buffers:           26192 kB
Cached:          1113720 kB
SwapCached:            0 kB
Active:          1235804 kB
Inactive:         741968 kB
Active(anon):     682812 kB
Inactive(anon):   190400 kB
Active(file):     552992 kB
Inactive(file):   551568 kB
Unevictable:       12328 kB
Mlocked:               0 kB
SwapTotal:        720184 kB
SwapFree:         720156 kB
Dirty:                 0 kB
Writeback:           144 kB
AnonPages:        849752 kB
Mapped:           546968 kB
Shmem:             23128 kB
Slab:             112880 kB
SReclaimable:      36884 kB
SUnreclaim:        75996 kB
KernelStack:       32672 kB
PageTables:        53096 kB
NFS_Unstable:          0 kB
Bounce:                0 kB
WritebackTmp:          0 kB
CommitLimit:     2172840 kB
Committed_AS:   87826888 kB
VmallocTotal:   251658176 kB
VmallocUsed:      131784 kB
VmallocChunk:   251427372 kB
Time pass: 116 sec

---2015-12-16 17:12:00
MemTotal:        2905316 kB
MemFree:          249052 kB
Buffers:           26304 kB
Cached:          1116868 kB
SwapCached:            0 kB
Active:          1271416 kB
Inactive:         743276 kB
Active(anon):     716756 kB
Inactive(anon):   190548 kB
Active(file):     554660 kB
Inactive(file):   552728 kB
Unevictable:       12448 kB
Mlocked:               0 kB
SwapTotal:        720184 kB
SwapFree:         720156 kB
Dirty:              1676 kB
Writeback:             0 kB
AnonPages:        883904 kB
Mapped:           582856 kB
Shmem:             23332 kB
Slab:             112776 kB
SReclaimable:      36756 kB
SUnreclaim:        76020 kB
KernelStack:       33360 kB
PageTables:        54024 kB
NFS_Unstable:          0 kB
Bounce:                0 kB
WritebackTmp:          0 kB
CommitLimit:     2172840 kB
Committed_AS:   88646720 kB
VmallocTotal:   251658176 kB
VmallocUsed:      133120 kB
VmallocChunk:   251427372 kB
Time pass: 120 sec

---2015-12-16 17:12:00
MemTotal:        2905316 kB
MemFree:          184800 kB
Buffers:           26572 kB
Cached:          1117928 kB
SwapCached:            0 kB
Active:          1283188 kB
Inactive:         744748 kB
Active(anon):     728644 kB
Inactive(anon):   190016 kB
Active(file):     554544 kB
Inactive(file):   554732 kB
Unevictable:       12448 kB
Mlocked:               0 kB
SwapTotal:        720184 kB
SwapFree:         720156 kB
Dirty:               896 kB
Writeback:             0 kB
AnonPages:        896068 kB
Mapped:           633584 kB
Shmem:             22752 kB
Slab:             113164 kB
SReclaimable:      36772 kB
SUnreclaim:        76392 kB
KernelStack:       33360 kB
PageTables:        54228 kB
NFS_Unstable:          0 kB
Bounce:                0 kB
WritebackTmp:          0 kB
CommitLimit:     2172840 kB
Committed_AS:   88655156 kB
VmallocTotal:   251658176 kB
VmallocUsed:      133552 kB
VmallocChunk:   251427372 kB
Time pass: 124 sec

---2015-12-16 17:12:00
MemTotal:        2905316 kB
MemFree:          105404 kB
Buffers:           26584 kB
Cached:          1125324 kB
SwapCached:            0 kB
Active:          1310856 kB
Inactive:         738304 kB
Active(anon):     742436 kB
Inactive(anon):   190016 kB
Active(file):     568420 kB
Inactive(file):   548288 kB
Unevictable:       12448 kB
Mlocked:               0 kB
SwapTotal:        720184 kB
SwapFree:         720156 kB
Dirty:              7180 kB
Writeback:             0 kB
AnonPages:        909952 kB
Mapped:           674240 kB
Shmem:             22752 kB
Slab:             112940 kB
SReclaimable:      36772 kB
SUnreclaim:        76168 kB
KernelStack:       33392 kB
PageTables:        54432 kB
NFS_Unstable:          0 kB
Bounce:                0 kB
WritebackTmp:          0 kB
CommitLimit:     2172840 kB
Committed_AS:   88670612 kB
VmallocTotal:   251658176 kB
VmallocUsed:      133988 kB
VmallocChunk:   251427372 kB
Time pass: 128 sec

---2015-12-16 17:12:00
MemTotal:        2905316 kB
MemFree:           90068 kB
Buffers:           26592 kB
Cached:          1125324 kB
SwapCached:            0 kB
Active:          1312660 kB
Inactive:         738300 kB
Active(anon):     744228 kB
Inactive(anon):   190016 kB
Active(file):     568432 kB
Inactive(file):   548284 kB
Unevictable:       12448 kB
Mlocked:               0 kB
SwapTotal:        720184 kB
SwapFree:         720156 kB
Dirty:                 8 kB
Writeback:            72 kB
AnonPages:        911584 kB
Mapped:           683472 kB
Shmem:             22752 kB
Slab:             112976 kB
SReclaimable:      36772 kB
SUnreclaim:        76204 kB
KernelStack:       33392 kB
PageTables:        54476 kB
NFS_Unstable:          0 kB
Bounce:                0 kB
WritebackTmp:          0 kB
CommitLimit:     2172840 kB
Committed_AS:   88671864 kB
VmallocTotal:   251658176 kB
VmallocUsed:      134084 kB
VmallocChunk:   251427372 kB
Time pass: 131 sec

---2015-12-16 17:12:00
MemTotal:        2905316 kB
MemFree:           87392 kB
Buffers:           26600 kB
Cached:          1125404 kB
SwapCached:            0 kB
Active:          1304944 kB
Inactive:         738372 kB
Active(anon):     736496 kB
Inactive(anon):   190016 kB
Active(file):     568448 kB
Inactive(file):   548356 kB
Unevictable:       12448 kB
Mlocked:               0 kB
SwapTotal:        720184 kB
SwapFree:         720156 kB
Dirty:               108 kB
Writeback:             0 kB
AnonPages:        903932 kB
Mapped:           692072 kB
Shmem:             22752 kB
Slab:             112744 kB
SReclaimable:      36628 kB
SUnreclaim:        76116 kB
KernelStack:       33376 kB
PageTables:        54508 kB
NFS_Unstable:          0 kB
Bounce:                0 kB
WritebackTmp:          0 kB
CommitLimit:     2172840 kB
Committed_AS:   88671864 kB
VmallocTotal:   251658176 kB
VmallocUsed:      134156 kB
VmallocChunk:   251427372 kB
Time pass: 136 sec

---2015-12-16 17:12:00
MemTotal:        2905316 kB
MemFree:           86744 kB
Buffers:           26608 kB
Cached:          1125416 kB
SwapCached:            0 kB
Active:          1305148 kB
Inactive:         738376 kB
Active(anon):     736688 kB
Inactive(anon):   190016 kB
Active(file):     568460 kB
Inactive(file):   548360 kB
Unevictable:       12448 kB
Mlocked:               0 kB
SwapTotal:        720184 kB
SwapFree:         720156 kB
Dirty:                80 kB
Writeback:             0 kB
AnonPages:        904100 kB
Mapped:           692148 kB
Shmem:             22752 kB
Slab:             112736 kB
SReclaimable:      36628 kB
SUnreclaim:        76108 kB
KernelStack:       33376 kB
PageTables:        54504 kB
NFS_Unstable:          0 kB
Bounce:                0 kB
WritebackTmp:          0 kB
CommitLimit:     2172840 kB
Committed_AS:   88671852 kB
VmallocTotal:   251658176 kB
VmallocUsed:      134156 kB
VmallocChunk:   251427372 kB
Time pass: 139 sec

---2015-12-16 17:12:00
MemTotal:        2905316 kB
MemFree:           76460 kB
Buffers:           26544 kB
Cached:          1111116 kB
SwapCached:            0 kB
Active:          1296956 kB
Inactive:         738020 kB
Active(anon):     743076 kB
Inactive(anon):   189444 kB
Active(file):     553880 kB
Inactive(file):   548576 kB
Unevictable:       12452 kB
Mlocked:               0 kB
SwapTotal:        720184 kB
SwapFree:         720156 kB
Dirty:               544 kB
Writeback:             0 kB
AnonPages:        910000 kB
Mapped:           704496 kB
Shmem:             22752 kB
Slab:             112912 kB
SReclaimable:      36628 kB
SUnreclaim:        76284 kB
KernelStack:       33344 kB
PageTables:        54500 kB
NFS_Unstable:          0 kB
Bounce:                0 kB
WritebackTmp:          0 kB
CommitLimit:     2172840 kB
Committed_AS:   88675684 kB
VmallocTotal:   251658176 kB
VmallocUsed:      134312 kB
VmallocChunk:   251427372 kB
Time pass: 143 sec

---2015-12-16 17:12:00
MemTotal:        2905316 kB
MemFree:           76664 kB
Buffers:           26552 kB
Cached:          1111116 kB
SwapCached:            0 kB
Active:          1296556 kB
Inactive:         738028 kB
Active(anon):     742676 kB
Inactive(anon):   189444 kB
Active(file):     553880 kB
Inactive(file):   548584 kB
Unevictable:       12452 kB
Mlocked:               0 kB
SwapTotal:        720184 kB
SwapFree:         720156 kB
Dirty:                 4 kB
Writeback:             0 kB
AnonPages:        909532 kB
Mapped:           704516 kB
Shmem:             22752 kB
Slab:             112920 kB
SReclaimable:      36628 kB
SUnreclaim:        76292 kB
KernelStack:       33376 kB
PageTables:        54500 kB
NFS_Unstable:          0 kB
Bounce:                0 kB
WritebackTmp:          0 kB
CommitLimit:     2172840 kB
Committed_AS:   88675712 kB
VmallocTotal:   251658176 kB
VmallocUsed:      134312 kB
VmallocChunk:   251427372 kB
Time pass: 147 sec

---2015-12-16 17:12:00
MemTotal:        2905316 kB
MemFree:           75500 kB
Buffers:           26560 kB
Cached:          1111124 kB
SwapCached:            0 kB
Active:          1296976 kB
Inactive:         738040 kB
Active(anon):     743096 kB
Inactive(anon):   189444 kB
Active(file):     553880 kB
Inactive(file):   548596 kB
Unevictable:       12452 kB
Mlocked:               0 kB
SwapTotal:        720184 kB
SwapFree:         720156 kB
Dirty:                52 kB
Writeback:             0 kB
AnonPages:        909932 kB
Mapped:           705220 kB
Shmem:             22752 kB
Slab:             112904 kB
SReclaimable:      36628 kB
SUnreclaim:        76276 kB
KernelStack:       33392 kB
PageTables:        54500 kB
NFS_Unstable:          0 kB
Bounce:                0 kB
WritebackTmp:          0 kB
CommitLimit:     2172840 kB
Committed_AS:   88675736 kB
VmallocTotal:   251658176 kB
VmallocUsed:      134312 kB
VmallocChunk:   251427372 kB
Time pass: 151 sec

---2015-12-16 17:12:00
MemTotal:        2905316 kB
MemFree:           66824 kB
Buffers:           26552 kB
Cached:          1106712 kB
SwapCached:            0 kB
Active:          1304824 kB
Inactive:         739044 kB
Active(anon):     756716 kB
Inactive(anon):   189188 kB
Active(file):     548108 kB
Inactive(file):   549856 kB
Unevictable:       12452 kB
Mlocked:               0 kB
SwapTotal:        720184 kB
SwapFree:         720156 kB
Dirty:               156 kB
Writeback:             0 kB
AnonPages:        923140 kB
Mapped:           707560 kB
Shmem:             22820 kB
Slab:             112732 kB
SReclaimable:      36452 kB
SUnreclaim:        76280 kB
KernelStack:       33792 kB
PageTables:        54604 kB
NFS_Unstable:          0 kB
Bounce:                0 kB
WritebackTmp:          0 kB
CommitLimit:     2172840 kB
Committed_AS:   88709396 kB
VmallocTotal:   251658176 kB
VmallocUsed:      136760 kB
VmallocChunk:   251407032 kB
Time pass: 154 sec

---2015-12-16 17:12:00
MemTotal:        2905316 kB
MemFree:           67844 kB
Buffers:           26552 kB
Cached:          1105072 kB
SwapCached:            0 kB
Active:          1305320 kB
Inactive:         738272 kB
Active(anon):     757236 kB
Inactive(anon):   190192 kB
Active(file):     548084 kB
Inactive(file):   548080 kB
Unevictable:       12452 kB
Mlocked:               0 kB
SwapTotal:        720184 kB
SwapFree:         720156 kB
Dirty:                24 kB
Writeback:             0 kB
AnonPages:        924472 kB
Mapped:           708080 kB
Shmem:             23008 kB
Slab:             112724 kB
SReclaimable:      36452 kB
SUnreclaim:        76272 kB
KernelStack:       33728 kB
PageTables:        54788 kB
NFS_Unstable:          0 kB
Bounce:                0 kB
WritebackTmp:          0 kB
CommitLimit:     2172840 kB
Committed_AS:   88709888 kB
VmallocTotal:   251658176 kB
VmallocUsed:      136760 kB
VmallocChunk:   251407032 kB
Time pass: 159 sec

---2015-12-16 17:12:00
MemTotal:        2905316 kB
MemFree:           68928 kB
Buffers:           26560 kB
Cached:          1104964 kB
SwapCached:            0 kB
Active:          1304528 kB
Inactive:         738036 kB
Active(anon):     756440 kB
Inactive(anon):   189944 kB
Active(file):     548088 kB
Inactive(file):   548092 kB
Unevictable:       12452 kB
Mlocked:               0 kB
SwapTotal:        720184 kB
SwapFree:         720156 kB
Dirty:                56 kB
Writeback:             0 kB
AnonPages:        923656 kB
Mapped:           707992 kB
Shmem:             22892 kB
Slab:             112732 kB
SReclaimable:      36452 kB
SUnreclaim:        76280 kB
KernelStack:       33728 kB
PageTables:        54788 kB
NFS_Unstable:          0 kB
Bounce:                0 kB
WritebackTmp:          0 kB
CommitLimit:     2172840 kB
Committed_AS:   88709772 kB
VmallocTotal:   251658176 kB
VmallocUsed:      136760 kB
VmallocChunk:   251407032 kB
Time pass: 165 sec

---2015-12-16 17:12:00
MemTotal:        2905316 kB
MemFree:           72416 kB
Buffers:           26608 kB
Cached:          1098116 kB
SwapCached:            0 kB
Active:          1305044 kB
Inactive:         735244 kB
Active(anon):     760308 kB
Inactive(anon):   190260 kB
Active(file):     544736 kB
Inactive(file):   544984 kB
Unevictable:       12452 kB
Mlocked:               0 kB
SwapTotal:        720184 kB
SwapFree:         720156 kB
Dirty:               120 kB
Writeback:             0 kB
AnonPages:        928392 kB
Mapped:           707996 kB
Shmem:             22480 kB
Slab:             112912 kB
SReclaimable:      36612 kB
SUnreclaim:        76300 kB
KernelStack:       33760 kB
PageTables:        55236 kB
NFS_Unstable:          0 kB
Bounce:                0 kB
WritebackTmp:          0 kB
CommitLimit:     2172840 kB
Committed_AS:   89454556 kB
VmallocTotal:   251658176 kB
VmallocUsed:      137780 kB
VmallocChunk:   251407032 kB
Time pass: 170 sec

---2015-12-16 17:12:00
MemTotal:        2905316 kB
MemFree:           66892 kB
Buffers:           26624 kB
Cached:          1098508 kB
SwapCached:            0 kB
Active:          1309372 kB
Inactive:         735280 kB
Active(anon):     764356 kB
Inactive(anon):   190224 kB
Active(file):     545016 kB
Inactive(file):   545056 kB
Unevictable:       12452 kB
Mlocked:               0 kB
SwapTotal:        720184 kB
SwapFree:         720156 kB
Dirty:                40 kB
Writeback:             0 kB
AnonPages:        931936 kB
Mapped:           708528 kB
Shmem:             22608 kB
Slab:             112800 kB
SReclaimable:      36484 kB
SUnreclaim:        76316 kB
KernelStack:       33872 kB
PageTables:        55344 kB
NFS_Unstable:          0 kB
Bounce:                0 kB
WritebackTmp:          0 kB
CommitLimit:     2172840 kB
Committed_AS:   89456940 kB
VmallocTotal:   251658176 kB
VmallocUsed:      137780 kB
VmallocChunk:   251407032 kB
Time pass: 174 sec

---2015-12-16 17:12:00
MemTotal:        2905316 kB
MemFree:           66064 kB
Buffers:           26632 kB
Cached:          1098556 kB
SwapCached:            0 kB
Active:          1309540 kB
Inactive:         735332 kB
Active(anon):     764520 kB
Inactive(anon):   190264 kB
Active(file):     545020 kB
Inactive(file):   545068 kB
Unevictable:       12452 kB
Mlocked:               0 kB
SwapTotal:        720184 kB
SwapFree:         720156 kB
Dirty:                76 kB
Writeback:             0 kB
AnonPages:        932260 kB
Mapped:           708596 kB
Shmem:             22648 kB
Slab:             112800 kB
SReclaimable:      36484 kB
SUnreclaim:        76316 kB
KernelStack:       33840 kB
PageTables:        55364 kB
NFS_Unstable:          0 kB
Bounce:                0 kB
WritebackTmp:          0 kB
CommitLimit:     2172840 kB
Committed_AS:   89457096 kB
VmallocTotal:   251658176 kB
VmallocUsed:      137780 kB
VmallocChunk:   251407032 kB
Time pass: 178 sec

---2015-12-16 17:12:00
MemTotal:        2905316 kB
MemFree:           66400 kB
Buffers:           26640 kB
Cached:          1098628 kB
SwapCached:            0 kB
Active:          1309864 kB
Inactive:         735416 kB
Active(anon):     764832 kB
Inactive(anon):   190336 kB
Active(file):     545032 kB
Inactive(file):   545080 kB
Unevictable:       12452 kB
Mlocked:               0 kB
SwapTotal:        720184 kB
SwapFree:         720156 kB
Dirty:                 0 kB
Writeback:            24 kB
AnonPages:        932484 kB
Mapped:           708716 kB
Shmem:             22704 kB
Slab:             112820 kB
SReclaimable:      36484 kB
SUnreclaim:        76336 kB
KernelStack:       33872 kB
PageTables:        55356 kB
NFS_Unstable:          0 kB
Bounce:                0 kB
WritebackTmp:          0 kB
CommitLimit:     2172840 kB
Committed_AS:   89457256 kB
VmallocTotal:   251658176 kB
VmallocUsed:      137780 kB
VmallocChunk:   251407032 kB
Time pass: 182 sec

---2015-12-16 17:12:00
MemTotal:        2905316 kB
MemFree:           66516 kB
Buffers:           26640 kB
Cached:          1098640 kB
SwapCached:            0 kB
Active:          1309360 kB
Inactive:         735416 kB
Active(anon):     764316 kB
Inactive(anon):   190336 kB
Active(file):     545044 kB
Inactive(file):   545080 kB
Unevictable:       12452 kB
Mlocked:               0 kB
SwapTotal:        720184 kB
SwapFree:         720156 kB
Dirty:                28 kB
Writeback:             0 kB
AnonPages:        931904 kB
Mapped:           708744 kB
Shmem:             22704 kB
Slab:             112936 kB
SReclaimable:      36484 kB
SUnreclaim:        76452 kB
KernelStack:       33824 kB
PageTables:        55364 kB
NFS_Unstable:          0 kB
Bounce:                0 kB
WritebackTmp:          0 kB
CommitLimit:     2172840 kB
Committed_AS:   89457276 kB
VmallocTotal:   251658176 kB
VmallocUsed:      137780 kB
VmallocChunk:   251407032 kB
Time pass: 186 sec

---2015-12-16 17:12:00
MemTotal:        2905316 kB
MemFree:           76740 kB
Buffers:           26648 kB
Cached:          1098352 kB
SwapCached:            0 kB
Active:          1300244 kB
Inactive:         735124 kB
Active(anon):     755188 kB
Inactive(anon):   190032 kB
Active(file):     545056 kB
Inactive(file):   545092 kB
Unevictable:       12452 kB
Mlocked:               0 kB
SwapTotal:        720184 kB
SwapFree:         720156 kB
Dirty:                44 kB
Writeback:             0 kB
AnonPages:        922792 kB
Mapped:           708368 kB
Shmem:             22400 kB
Slab:             112780 kB
SReclaimable:      36484 kB
SUnreclaim:        76296 kB
KernelStack:       33440 kB
PageTables:        55160 kB
NFS_Unstable:          0 kB
Bounce:                0 kB
WritebackTmp:          0 kB
CommitLimit:     2172840 kB
Committed_AS:   89428656 kB
VmallocTotal:   251658176 kB
VmallocUsed:      137748 kB
VmallocChunk:   251407032 kB
Time pass: 190 sec

---2015-12-16 17:12:00
MemTotal:        2905316 kB
MemFree:           76924 kB
Buffers:           26664 kB
Cached:          1098360 kB
SwapCached:            0 kB
Active:          1300460 kB
Inactive:         735144 kB
Active(anon):     755400 kB
Inactive(anon):   190032 kB
Active(file):     545060 kB
Inactive(file):   545112 kB
Unevictable:       12452 kB
Mlocked:               0 kB
SwapTotal:        720184 kB
SwapFree:         720156 kB
Dirty:                44 kB
Writeback:             0 kB
AnonPages:        923036 kB
Mapped:           708412 kB
Shmem:             22400 kB
Slab:             112780 kB
SReclaimable:      36484 kB
SUnreclaim:        76296 kB
KernelStack:       33440 kB
PageTables:        55164 kB
NFS_Unstable:          0 kB
Bounce:                0 kB
WritebackTmp:          0 kB
CommitLimit:     2172840 kB
Committed_AS:   89428620 kB
VmallocTotal:   251658176 kB
VmallocUsed:      137748 kB
VmallocChunk:   251407032 kB
Time pass: 195 sec

---2015-12-16 17:12:00
MemTotal:        2905316 kB
MemFree:           77004 kB
Buffers:           26672 kB
Cached:          1098388 kB
SwapCached:            0 kB
Active:          1300896 kB
Inactive:         735160 kB
Active(anon):     755820 kB
Inactive(anon):   190032 kB
Active(file):     545076 kB
Inactive(file):   545128 kB
Unevictable:       12452 kB
Mlocked:               0 kB
SwapTotal:        720184 kB
SwapFree:         720156 kB
Dirty:                52 kB
Writeback:             0 kB
AnonPages:        923644 kB
Mapped:           708500 kB
Shmem:             22400 kB
Slab:             112812 kB
SReclaimable:      36484 kB
SUnreclaim:        76328 kB
KernelStack:       33440 kB
PageTables:        55164 kB
NFS_Unstable:          0 kB
Bounce:                0 kB
WritebackTmp:          0 kB
CommitLimit:     2172840 kB
Committed_AS:   89428620 kB
VmallocTotal:   251658176 kB
VmallocUsed:      137748 kB
VmallocChunk:   251407032 kB
Time pass: 199 sec

---2015-12-16 17:12:00
MemTotal:        2905316 kB
MemFree:           76264 kB
Buffers:           26672 kB
Cached:          1098400 kB
SwapCached:            0 kB
Active:          1301224 kB
Inactive:         735168 kB
Active(anon):     756140 kB
Inactive(anon):   190032 kB
Active(file):     545084 kB
Inactive(file):   545136 kB
Unevictable:       12452 kB
Mlocked:               0 kB
SwapTotal:        720184 kB
SwapFree:         720156 kB
Dirty:                12 kB
Writeback:             0 kB
AnonPages:        923796 kB
Mapped:           708528 kB
Shmem:             22400 kB
Slab:             112796 kB
SReclaimable:      36484 kB
SUnreclaim:        76312 kB
KernelStack:       33472 kB
PageTables:        55164 kB
NFS_Unstable:          0 kB
Bounce:                0 kB
WritebackTmp:          0 kB
CommitLimit:     2172840 kB
Committed_AS:   89428596 kB
VmallocTotal:   251658176 kB
VmallocUsed:      135332 kB
VmallocChunk:   251427372 kB
Time pass: 204 sec

---2015-12-16 17:12:00
MemTotal:        2905316 kB
MemFree:           64964 kB
Buffers:           26728 kB
Cached:          1095112 kB
SwapCached:            0 kB
Active:          1314604 kB
Inactive:         734120 kB
Active(anon):     770364 kB
Inactive(anon):   191536 kB
Active(file):     544240 kB
Inactive(file):   542584 kB
Unevictable:       12452 kB
Mlocked:               0 kB
SwapTotal:        720184 kB
SwapFree:         720156 kB
Dirty:                 8 kB
Writeback:             0 kB
AnonPages:        939224 kB
Mapped:           708524 kB
Shmem:             22564 kB
Slab:             112864 kB
SReclaimable:      36484 kB
SUnreclaim:        76380 kB
KernelStack:       33872 kB
PageTables:        55320 kB
NFS_Unstable:          0 kB
Bounce:                0 kB
WritebackTmp:          0 kB
CommitLimit:     2172840 kB
Committed_AS:   89457864 kB
VmallocTotal:   251658176 kB
VmallocUsed:      137780 kB
VmallocChunk:   251412664 kB
Time pass: 207 sec

---2015-12-16 17:12:00
MemTotal:        2905316 kB
MemFree:           67568 kB
Buffers:           26736 kB
Cached:          1091896 kB
SwapCached:            0 kB
Active:          1311188 kB
Inactive:         734444 kB
Active(anon):     769424 kB
Inactive(anon):   192616 kB
Active(file):     541764 kB
Inactive(file):   541828 kB
Unevictable:       12452 kB
Mlocked:               0 kB
SwapTotal:        720184 kB
SwapFree:         720156 kB
Dirty:               112 kB
Writeback:             0 kB
AnonPages:        939744 kB
Mapped:           708372 kB
Shmem:             22588 kB
Slab:             112800 kB
SReclaimable:      36404 kB
SUnreclaim:        76396 kB
KernelStack:       33856 kB
PageTables:        55320 kB
NFS_Unstable:          0 kB
Bounce:                0 kB
WritebackTmp:          0 kB
CommitLimit:     2172840 kB
Committed_AS:   89457888 kB
VmallocTotal:   251658176 kB
VmallocUsed:      137780 kB
VmallocChunk:   251412664 kB
Time pass: 211 sec

---2015-12-16 17:12:00
MemTotal:        2905316 kB
MemFree:           69604 kB
Buffers:           26744 kB
Cached:          1087596 kB
SwapCached:            0 kB
Active:          1310524 kB
Inactive:         732576 kB
Active(anon):     770840 kB
Inactive(anon):   193028 kB
Active(file):     539684 kB
Inactive(file):   539548 kB
Unevictable:       12452 kB
Mlocked:               0 kB
SwapTotal:        720184 kB
SwapFree:         720156 kB
Dirty:                32 kB
Writeback:             0 kB
AnonPages:        941104 kB
Mapped:           708280 kB
Shmem:             22620 kB
Slab:             113448 kB
SReclaimable:      36712 kB
SUnreclaim:        76736 kB
KernelStack:       33920 kB
PageTables:        55404 kB
NFS_Unstable:          0 kB
Bounce:                0 kB
WritebackTmp:          0 kB
CommitLimit:     2172840 kB
Committed_AS:   89469288 kB
VmallocTotal:   251658176 kB
VmallocUsed:      138800 kB
VmallocChunk:   251403820 kB
Time pass: 215 sec

---2015-12-16 17:12:00
MemTotal:        2905316 kB
MemFree:           66832 kB
Buffers:           26752 kB
Cached:          1087792 kB
SwapCached:            0 kB
Active:          1309336 kB
Inactive:         732904 kB
Active(anon):     769740 kB
Inactive(anon):   193028 kB
Active(file):     539596 kB
Inactive(file):   539876 kB
Unevictable:       12452 kB
Mlocked:               0 kB
SwapTotal:        720184 kB
SwapFree:         720156 kB
Dirty:               168 kB
Writeback:             0 kB
AnonPages:        940248 kB
Mapped:           708328 kB
Shmem:             22620 kB
Slab:             117080 kB
SReclaimable:      40360 kB
SUnreclaim:        76720 kB
KernelStack:       33840 kB
PageTables:        55344 kB
NFS_Unstable:          0 kB
Bounce:                0 kB
WritebackTmp:          0 kB
CommitLimit:     2172840 kB
Committed_AS:   89463776 kB
VmallocTotal:   251658176 kB
VmallocUsed:      137780 kB
VmallocChunk:   251412664 kB
Time pass: 221 sec

---2015-12-16 17:12:00
MemTotal:        2905316 kB
MemFree:           68448 kB
Buffers:           26760 kB
Cached:          1087800 kB
SwapCached:            0 kB
Active:          1308272 kB
Inactive:         732900 kB
Active(anon):     768656 kB
Inactive(anon):   193028 kB
Active(file):     539616 kB
Inactive(file):   539872 kB
Unevictable:       12452 kB
Mlocked:               0 kB
SwapTotal:        720184 kB
SwapFree:         720156 kB
Dirty:                16 kB
Writeback:             0 kB
AnonPages:        939096 kB
Mapped:           708284 kB
Shmem:             22620 kB
Slab:             117076 kB
SReclaimable:      40360 kB
SUnreclaim:        76716 kB
KernelStack:       33744 kB
PageTables:        55296 kB
NFS_Unstable:          0 kB
Bounce:                0 kB
WritebackTmp:          0 kB
CommitLimit:     2172840 kB
Committed_AS:   89457840 kB
VmallocTotal:   251658176 kB
VmallocUsed:      137780 kB
VmallocChunk:   251412664 kB
Time pass: 225 sec

---2015-12-16 17:12:00
MemTotal:        2905316 kB
MemFree:           68184 kB
Buffers:           26768 kB
Cached:          1087804 kB
SwapCached:            0 kB
Active:          1308416 kB
Inactive:         732908 kB
Active(anon):     768796 kB
Inactive(anon):   193028 kB
Active(file):     539620 kB
Inactive(file):   539880 kB
Unevictable:       12452 kB
Mlocked:               0 kB
SwapTotal:        720184 kB
SwapFree:         720156 kB
Dirty:                40 kB
Writeback:             0 kB
AnonPages:        939360 kB
Mapped:           708368 kB
Shmem:             22620 kB
Slab:             117036 kB
SReclaimable:      40360 kB
SUnreclaim:        76676 kB
KernelStack:       33776 kB
PageTables:        55316 kB
NFS_Unstable:          0 kB
Bounce:                0 kB
WritebackTmp:          0 kB
CommitLimit:     2172840 kB
Committed_AS:   89457828 kB
VmallocTotal:   251658176 kB
VmallocUsed:      137780 kB
VmallocChunk:   251412664 kB
Time pass: 229 sec

---2015-12-16 17:12:00
MemTotal:        2905316 kB
MemFree:           67612 kB
Buffers:           26776 kB
Cached:          1087808 kB
SwapCached:            0 kB
Active:          1308620 kB
Inactive:         732912 kB
Active(anon):     768992 kB
Inactive(anon):   193028 kB
Active(file):     539628 kB
Inactive(file):   539884 kB
Unevictable:       12452 kB
Mlocked:               0 kB
SwapTotal:        720184 kB
SwapFree:         720156 kB
Dirty:                28 kB
Writeback:             0 kB
AnonPages:        939572 kB
Mapped:           708400 kB
Shmem:             22620 kB
Slab:             117044 kB
SReclaimable:      40360 kB
SUnreclaim:        76684 kB
KernelStack:       33744 kB
PageTables:        55320 kB
NFS_Unstable:          0 kB
Bounce:                0 kB
WritebackTmp:          0 kB
CommitLimit:     2172840 kB
Committed_AS:   89457840 kB
VmallocTotal:   251658176 kB
VmallocUsed:      137780 kB
VmallocChunk:   251412664 kB
Time pass: 233 sec

---2015-12-16 17:12:00
MemTotal:        2905316 kB
MemFree:           67576 kB
Buffers:           26784 kB
Cached:          1087808 kB
SwapCached:            0 kB
Active:          1308748 kB
Inactive:         732912 kB
Active(anon):     769112 kB
Inactive(anon):   193028 kB
Active(file):     539636 kB
Inactive(file):   539884 kB
Unevictable:       12452 kB
Mlocked:               0 kB
SwapTotal:        720184 kB
SwapFree:         720156 kB
Dirty:                36 kB
Writeback:             0 kB
AnonPages:        939580 kB
Mapped:           708360 kB
Shmem:             22620 kB
Slab:             117084 kB
SReclaimable:      40360 kB
SUnreclaim:        76724 kB
KernelStack:       33744 kB
PageTables:        55296 kB
NFS_Unstable:          0 kB
Bounce:                0 kB
WritebackTmp:          0 kB
CommitLimit:     2172840 kB
Committed_AS:   89457840 kB
VmallocTotal:   251658176 kB
VmallocUsed:      137780 kB
VmallocChunk:   251412664 kB
Time pass: 238 sec

---2015-12-16 17:12:00
MemTotal:        2905316 kB
MemFree:           64192 kB
Buffers:           26824 kB
Cached:          1087948 kB
SwapCached:            0 kB
Active:          1311756 kB
Inactive:         733040 kB
Active(anon):     772068 kB
Inactive(anon):   193044 kB
Active(file):     539688 kB
Inactive(file):   539996 kB
Unevictable:       12452 kB
Mlocked:               0 kB
SwapTotal:        720184 kB
SwapFree:         720156 kB
Dirty:               220 kB
Writeback:             0 kB
AnonPages:        942468 kB
Mapped:           708488 kB
Shmem:             22636 kB
Slab:             116960 kB
SReclaimable:      40248 kB
SUnreclaim:        76712 kB
KernelStack:       33760 kB
PageTables:        55396 kB
NFS_Unstable:          0 kB
Bounce:                0 kB
WritebackTmp:          0 kB
CommitLimit:     2172840 kB
Committed_AS:   89467948 kB
VmallocTotal:   251658176 kB
VmallocUsed:      137780 kB
VmallocChunk:   251412664 kB
Time pass: 242 sec

---2015-12-16 17:12:00
MemTotal:        2905316 kB
MemFree:           63924 kB
Buffers:           26824 kB
Cached:          1088016 kB
SwapCached:            0 kB
Active:          1312148 kB
Inactive:         733100 kB
Active(anon):     772452 kB
Inactive(anon):   193064 kB
Active(file):     539696 kB
Inactive(file):   540036 kB
Unevictable:       12452 kB
Mlocked:               0 kB
SwapTotal:        720184 kB
SwapFree:         720156 kB
Dirty:                40 kB
Writeback:             0 kB
AnonPages:        942960 kB
Mapped:           708532 kB
Shmem:             22656 kB
Slab:             116940 kB
SReclaimable:      40248 kB
SUnreclaim:        76692 kB
KernelStack:       33744 kB
PageTables:        55396 kB
NFS_Unstable:          0 kB
Bounce:                0 kB
WritebackTmp:          0 kB
CommitLimit:     2172840 kB
Committed_AS:   89467908 kB
VmallocTotal:   251658176 kB
VmallocUsed:      137780 kB
VmallocChunk:   251412664 kB
Time pass: 246 sec

---2015-12-16 17:12:00
MemTotal:        2905316 kB
MemFree:           62596 kB
Buffers:           26840 kB
Cached:          1088128 kB
SwapCached:            0 kB
Active:          1313276 kB
Inactive:         733200 kB
Active(anon):     773560 kB
Inactive(anon):   193148 kB
Active(file):     539716 kB
Inactive(file):   540052 kB
Unevictable:       12452 kB
Mlocked:               0 kB
SwapTotal:        720184 kB
SwapFree:         720156 kB
Dirty:               104 kB
Writeback:             0 kB
AnonPages:        944104 kB
Mapped:           708692 kB
Shmem:             22748 kB
Slab:             116984 kB
SReclaimable:      40248 kB
SUnreclaim:        76736 kB
KernelStack:       33744 kB
PageTables:        55392 kB
NFS_Unstable:          0 kB
Bounce:                0 kB
WritebackTmp:          0 kB
CommitLimit:     2172840 kB
Committed_AS:   89467896 kB
VmallocTotal:   251658176 kB
VmallocUsed:      137780 kB
VmallocChunk:   251412664 kB
Time pass: 252 sec

---2015-12-16 17:12:00
MemTotal:        2905316 kB
MemFree:           69172 kB
Buffers:           26876 kB
Cached:          1081032 kB
SwapCached:            0 kB
Active:          1310776 kB
Inactive:         729992 kB
Active(anon):     774416 kB
Inactive(anon):   193600 kB
Active(file):     536360 kB
Inactive(file):   536392 kB
Unevictable:       12452 kB
Mlocked:               0 kB
SwapTotal:        720184 kB
SwapFree:         720156 kB
Dirty:               164 kB
Writeback:             0 kB
AnonPages:        945424 kB
Mapped:           705912 kB
Shmem:             22696 kB
Slab:             116980 kB
SReclaimable:      40232 kB
SUnreclaim:        76748 kB
KernelStack:       33792 kB
PageTables:        55404 kB
NFS_Unstable:          0 kB
Bounce:                0 kB
WritebackTmp:          0 kB
CommitLimit:     2172840 kB
Committed_AS:   89480244 kB
VmallocTotal:   251658176 kB
VmallocUsed:      137780 kB
VmallocChunk:   251412664 kB
Time pass: 256 sec

---2015-12-16 17:12:00
MemTotal:        2905316 kB
MemFree:           76212 kB
Buffers:           26884 kB
Cached:          1081004 kB
SwapCached:            0 kB
Active:          1303984 kB
Inactive:         729980 kB
Active(anon):     767552 kB
Inactive(anon):   193540 kB
Active(file):     536432 kB
Inactive(file):   536440 kB
Unevictable:       12452 kB
Mlocked:               0 kB
SwapTotal:        720184 kB
SwapFree:         720156 kB
Dirty:                88 kB
Writeback:             0 kB
AnonPages:        938736 kB
Mapped:           706092 kB
Shmem:             22564 kB
Slab:             116920 kB
SReclaimable:      40232 kB
SUnreclaim:        76688 kB
KernelStack:       33760 kB
PageTables:        55372 kB
NFS_Unstable:          0 kB
Bounce:                0 kB
WritebackTmp:          0 kB
CommitLimit:     2172840 kB
Committed_AS:   89480280 kB
VmallocTotal:   251658176 kB
VmallocUsed:      137780 kB
VmallocChunk:   251412664 kB
Time pass: 262 sec

---2015-12-16 17:12:00
MemTotal:        2905316 kB
MemFree:           75220 kB
Buffers:           26884 kB
Cached:          1081032 kB
SwapCached:            0 kB
Active:          1305204 kB
Inactive:         730004 kB
Active(anon):     768768 kB
Inactive(anon):   193548 kB
Active(file):     536436 kB
Inactive(file):   536456 kB
Unevictable:       12452 kB
Mlocked:               0 kB
SwapTotal:        720184 kB
SwapFree:         720156 kB
Dirty:                88 kB
Writeback:             0 kB
AnonPages:        939856 kB
Mapped:           706128 kB
Shmem:             22572 kB
Slab:             117000 kB
SReclaimable:      40232 kB
SUnreclaim:        76768 kB
KernelStack:       33760 kB
PageTables:        55372 kB
NFS_Unstable:          0 kB
Bounce:                0 kB
WritebackTmp:          0 kB
CommitLimit:     2172840 kB
Committed_AS:   89480316 kB
VmallocTotal:   251658176 kB
VmallocUsed:      137780 kB
VmallocChunk:   251412664 kB
Time pass: 266 sec

---2015-12-16 17:12:00
MemTotal:        2905316 kB
MemFree:           72672 kB
Buffers:           26908 kB
Cached:          1081084 kB
SwapCached:            0 kB
Active:          1307144 kB
Inactive:         730056 kB
Active(anon):     770684 kB
Inactive(anon):   193552 kB
Active(file):     536460 kB
Inactive(file):   536504 kB
Unevictable:       12452 kB
Mlocked:               0 kB
SwapTotal:        720184 kB
SwapFree:         720156 kB
Dirty:                24 kB
Writeback:             0 kB
AnonPages:        941480 kB
Mapped:           706176 kB
Shmem:             22576 kB
Slab:             117096 kB
SReclaimable:      40232 kB
SUnreclaim:        76864 kB
KernelStack:       33792 kB
PageTables:        55376 kB
NFS_Unstable:          0 kB
Bounce:                0 kB
WritebackTmp:          0 kB
CommitLimit:     2172840 kB
Committed_AS:   89480328 kB
VmallocTotal:   251658176 kB
VmallocUsed:      137780 kB
VmallocChunk:   251412664 kB
Time pass: 271 sec

---2015-12-16 17:12:00
MemTotal:        2905316 kB
MemFree:           72020 kB
Buffers:           26916 kB
Cached:          1081088 kB
SwapCached:            0 kB
Active:          1307116 kB
Inactive:         730068 kB
Active(anon):     770656 kB
Inactive(anon):   193552 kB
Active(file):     536460 kB
Inactive(file):   536516 kB
Unevictable:       12452 kB
Mlocked:               0 kB
SwapTotal:        720184 kB
SwapFree:         720156 kB
Dirty:                64 kB
Writeback:             0 kB
AnonPages:        941796 kB
Mapped:           706200 kB
Shmem:             22576 kB
Slab:             117000 kB
SReclaimable:      40232 kB
SUnreclaim:        76768 kB
KernelStack:       33776 kB
PageTables:        55372 kB
NFS_Unstable:          0 kB
Bounce:                0 kB
WritebackTmp:          0 kB
CommitLimit:     2172840 kB
Committed_AS:   89480304 kB
VmallocTotal:   251658176 kB
VmallocUsed:      137792 kB
VmallocChunk:   251412664 kB
Time pass: 275 sec

---2015-12-16 17:12:00
MemTotal:        2905316 kB
MemFree:           71652 kB
Buffers:           26940 kB
Cached:          1081076 kB
SwapCached:            0 kB
Active:          1307876 kB
Inactive:         730072 kB
Active(anon):     771408 kB
Inactive(anon):   193552 kB
Active(file):     536468 kB
Inactive(file):   536520 kB
Unevictable:       12452 kB
Mlocked:               0 kB
SwapTotal:        720184 kB
SwapFree:         720156 kB
Dirty:                 4 kB
Writeback:             0 kB
AnonPages:        942496 kB
Mapped:           706224 kB
Shmem:             22576 kB
Slab:             116968 kB
SReclaimable:      40232 kB
SUnreclaim:        76736 kB
KernelStack:       33760 kB
PageTables:        55372 kB
NFS_Unstable:          0 kB
Bounce:                0 kB
WritebackTmp:          0 kB
CommitLimit:     2172840 kB
Committed_AS:   89480304 kB
VmallocTotal:   251658176 kB
VmallocUsed:      137792 kB
VmallocChunk:   251412664 kB
Time pass: 279 sec

---2015-12-16 17:12:00
MemTotal:        2905316 kB
MemFree:           71500 kB
Buffers:           26948 kB
Cached:          1081132 kB
SwapCached:            0 kB
Active:          1307616 kB
Inactive:         730120 kB
Active(anon):     771132 kB
Inactive(anon):   193552 kB
Active(file):     536484 kB
Inactive(file):   536568 kB
Unevictable:       12452 kB
Mlocked:               0 kB
SwapTotal:        720184 kB
SwapFree:         720156 kB
Dirty:                 4 kB
Writeback:             0 kB
AnonPages:        942104 kB
Mapped:           706260 kB
Shmem:             22576 kB
Slab:             116956 kB
SReclaimable:      40232 kB
SUnreclaim:        76724 kB
KernelStack:       33808 kB
PageTables:        55376 kB
NFS_Unstable:          0 kB
Bounce:                0 kB
WritebackTmp:          0 kB
CommitLimit:     2172840 kB
Committed_AS:   89480340 kB
VmallocTotal:   251658176 kB
VmallocUsed:      137792 kB
VmallocChunk:   251412664 kB
Time pass: 283 sec

---2015-12-16 17:12:00
MemTotal:        2905316 kB
MemFree:           71532 kB
Buffers:           26956 kB
Cached:          1081124 kB
SwapCached:            0 kB
Active:          1308288 kB
Inactive:         730120 kB
Active(anon):     771804 kB
Inactive(anon):   193552 kB
Active(file):     536484 kB
Inactive(file):   536568 kB
Unevictable:       12452 kB
Mlocked:               0 kB
SwapTotal:        720184 kB
SwapFree:         720156 kB
Dirty:                 4 kB
Writeback:             0 kB
AnonPages:        942856 kB
Mapped:           706280 kB
Shmem:             22576 kB
Slab:             116984 kB
SReclaimable:      40232 kB
SUnreclaim:        76752 kB
KernelStack:       33776 kB
PageTables:        55368 kB
NFS_Unstable:          0 kB
Bounce:                0 kB
WritebackTmp:          0 kB
CommitLimit:     2172840 kB
Committed_AS:   89480292 kB
VmallocTotal:   251658176 kB
VmallocUsed:      137792 kB
VmallocChunk:   251412664 kB
Time pass: 287 sec

---2015-12-16 17:12:00
MemTotal:        2905316 kB
MemFree:           69604 kB
Buffers:           26972 kB
Cached:          1081160 kB
SwapCached:            0 kB
Active:          1310232 kB
Inactive:         730156 kB
Active(anon):     773740 kB
Inactive(anon):   193580 kB
Active(file):     536492 kB
Inactive(file):   536576 kB
Unevictable:       12452 kB
Mlocked:               0 kB
SwapTotal:        720184 kB
SwapFree:         720156 kB
Dirty:                16 kB
Writeback:             0 kB
AnonPages:        944796 kB
Mapped:           706368 kB
Shmem:             22604 kB
Slab:             116948 kB
SReclaimable:      40232 kB
SUnreclaim:        76716 kB
KernelStack:       33776 kB
PageTables:        55372 kB
NFS_Unstable:          0 kB
Bounce:                0 kB
WritebackTmp:          0 kB
CommitLimit:     2172840 kB
Committed_AS:   89480280 kB
VmallocTotal:   251658176 kB
VmallocUsed:      137792 kB
VmallocChunk:   251412664 kB
Time pass: 291 sec

---2015-12-16 17:12:00
MemTotal:        2905316 kB
MemFree:           68928 kB
Buffers:           26972 kB
Cached:          1081208 kB
SwapCached:            0 kB
Active:          1310720 kB
Inactive:         730196 kB
Active(anon):     774212 kB
Inactive(anon):   193580 kB
Active(file):     536508 kB
Inactive(file):   536616 kB
Unevictable:       12452 kB
Mlocked:               0 kB
SwapTotal:        720184 kB
SwapFree:         720156 kB
Dirty:                16 kB
Writeback:             0 kB
AnonPages:        945152 kB
Mapped:           706396 kB
Shmem:             22604 kB
Slab:             116964 kB
SReclaimable:      40232 kB
SUnreclaim:        76732 kB
KernelStack:       33776 kB
PageTables:        55376 kB
NFS_Unstable:          0 kB
Bounce:                0 kB
WritebackTmp:          0 kB
CommitLimit:     2172840 kB
Committed_AS:   89480376 kB
VmallocTotal:   251658176 kB
VmallocUsed:      137792 kB
VmallocChunk:   251412664 kB
Time pass: 295 sec

---2015-12-16 17:12:00
MemTotal:        2905316 kB
MemFree:           67936 kB
Buffers:           26980 kB
Cached:          1081268 kB
SwapCached:            0 kB
Active:          1311216 kB
Inactive:         730248 kB
Active(anon):     774692 kB
Inactive(anon):   193584 kB
Active(file):     536524 kB
Inactive(file):   536664 kB
Unevictable:       12452 kB
Mlocked:               0 kB
SwapTotal:        720184 kB
SwapFree:         720156 kB
Dirty:                16 kB
Writeback:             0 kB
AnonPages:        945780 kB
Mapped:           706444 kB
Shmem:             22608 kB
Slab:             116940 kB
SReclaimable:      40232 kB
SUnreclaim:        76708 kB
KernelStack:       33696 kB
PageTables:        55360 kB
NFS_Unstable:          0 kB
Bounce:                0 kB
WritebackTmp:          0 kB
CommitLimit:     2172840 kB
Committed_AS:   89480316 kB
VmallocTotal:   251658176 kB
VmallocUsed:      137792 kB
VmallocChunk:   251412664 kB
Time pass: 301 sec

---2015-12-16 17:12:00
MemTotal:        2905316 kB
MemFree:           67000 kB
Buffers:           27004 kB
Cached:          1081312 kB
SwapCached:            0 kB
Active:          1312480 kB
Inactive:         730300 kB
Active(anon):     775940 kB
Inactive(anon):   193588 kB
Active(file):     536540 kB
Inactive(file):   536712 kB
Unevictable:       12452 kB
Mlocked:               0 kB
SwapTotal:        720184 kB
SwapFree:         720156 kB
Dirty:                 0 kB
Writeback:             0 kB
AnonPages:        946916 kB
Mapped:           706468 kB
Shmem:             22612 kB
Slab:             117124 kB
SReclaimable:      40232 kB
SUnreclaim:        76892 kB
KernelStack:       33680 kB
PageTables:        55376 kB
NFS_Unstable:          0 kB
Bounce:                0 kB
WritebackTmp:          0 kB
CommitLimit:     2172840 kB
Committed_AS:   89480252 kB
VmallocTotal:   251658176 kB
VmallocUsed:      137792 kB
VmallocChunk:   251412664 kB
Time pass: 305 sec

---2015-12-16 17:12:00
MemTotal:        2905316 kB
MemFree:           66708 kB
Buffers:           27012 kB
Cached:          1081316 kB
SwapCached:            0 kB
Active:          1312496 kB
Inactive:         730308 kB
Active(anon):     775952 kB
Inactive(anon):   193588 kB
Active(file):     536544 kB
Inactive(file):   536720 kB
Unevictable:       12452 kB
Mlocked:               0 kB
SwapTotal:        720184 kB
SwapFree:         720156 kB
Dirty:                56 kB
Writeback:             0 kB
AnonPages:        947048 kB
Mapped:           706484 kB
Shmem:             22612 kB
Slab:             117004 kB
SReclaimable:      40232 kB
SUnreclaim:        76772 kB
KernelStack:       33680 kB
PageTables:        55372 kB
NFS_Unstable:          0 kB
Bounce:                0 kB
WritebackTmp:          0 kB
CommitLimit:     2172840 kB
Committed_AS:   89480276 kB
VmallocTotal:   251658176 kB
VmallocUsed:      137792 kB
VmallocChunk:   251412664 kB
Time pass: 309 sec

---2015-12-16 17:12:00
MemTotal:        2905316 kB
MemFree:           65512 kB
Buffers:           27012 kB
Cached:          1081320 kB
SwapCached:            0 kB
Active:          1312884 kB
Inactive:         730312 kB
Active(anon):     776340 kB
Inactive(anon):   193592 kB
Active(file):     536544 kB
Inactive(file):   536720 kB
Unevictable:       12452 kB
Mlocked:               0 kB
SwapTotal:        720184 kB
SwapFree:         720156 kB
Dirty:                 4 kB
Writeback:             0 kB
AnonPages:        947444 kB
Mapped:           706516 kB
Shmem:             22616 kB
Slab:             116952 kB
SReclaimable:      40232 kB
SUnreclaim:        76720 kB
KernelStack:       33712 kB
PageTables:        55372 kB
NFS_Unstable:          0 kB
Bounce:                0 kB
WritebackTmp:          0 kB
CommitLimit:     2172840 kB
Committed_AS:   89480200 kB
VmallocTotal:   251658176 kB
VmallocUsed:      137792 kB
VmallocChunk:   251412664 kB
Time pass: 313 sec

---2015-12-16 17:12:00
MemTotal:        2905316 kB
MemFree:           64776 kB
Buffers:           27036 kB
Cached:          1081404 kB
SwapCached:            0 kB
Active:          1314536 kB
Inactive:         730400 kB
Active(anon):     777972 kB
Inactive(anon):   193600 kB
Active(file):     536564 kB
Inactive(file):   536800 kB
Unevictable:       12452 kB
Mlocked:               0 kB
SwapTotal:        720184 kB
SwapFree:         720156 kB
Dirty:                16 kB
Writeback:             0 kB
AnonPages:        949152 kB
Mapped:           706548 kB
Shmem:             22624 kB
Slab:             116976 kB
SReclaimable:      40232 kB
SUnreclaim:        76744 kB
KernelStack:       33648 kB
PageTables:        55368 kB
NFS_Unstable:          0 kB
Bounce:                0 kB
WritebackTmp:          0 kB
CommitLimit:     2172840 kB
Committed_AS:   89480232 kB
VmallocTotal:   251658176 kB
VmallocUsed:      137792 kB
VmallocChunk:   251412664 kB
Time pass: 317 sec

---2015-12-16 17:12:00
MemTotal:        2905316 kB
MemFree:           64032 kB
Buffers:           27044 kB
Cached:          1081448 kB
SwapCached:            0 kB
Active:          1314752 kB
Inactive:         730436 kB
Active(anon):     778172 kB
Inactive(anon):   193628 kB
Active(file):     536580 kB
Inactive(file):   536808 kB
Unevictable:       12452 kB
Mlocked:               0 kB
SwapTotal:        720184 kB
SwapFree:         720156 kB
Dirty:                88 kB
Writeback:             0 kB
AnonPages:        949244 kB
Mapped:           706604 kB
Shmem:             22652 kB
Slab:             117048 kB
SReclaimable:      40232 kB
SUnreclaim:        76816 kB
KernelStack:       33616 kB
PageTables:        55368 kB
NFS_Unstable:          0 kB
Bounce:                0 kB
WritebackTmp:          0 kB
CommitLimit:     2172840 kB
Committed_AS:   89480208 kB
VmallocTotal:   251658176 kB
VmallocUsed:      137792 kB
VmallocChunk:   251412664 kB
Time pass: 321 sec

---2015-12-16 17:12:00
MemTotal:        2905316 kB
MemFree:           63208 kB
Buffers:           27060 kB
Cached:          1081476 kB
SwapCached:            0 kB
Active:          1315248 kB
Inactive:         730460 kB
Active(anon):     778648 kB
Inactive(anon):   193628 kB
Active(file):     536600 kB
Inactive(file):   536832 kB
Unevictable:       12452 kB
Mlocked:               0 kB
SwapTotal:        720184 kB
SwapFree:         720156 kB
Dirty:               112 kB
Writeback:             0 kB
AnonPages:        949432 kB
Mapped:           706644 kB
Shmem:             22652 kB
Slab:             117052 kB
SReclaimable:      40232 kB
SUnreclaim:        76820 kB
KernelStack:       33616 kB
PageTables:        55364 kB
NFS_Unstable:          0 kB
Bounce:                0 kB
WritebackTmp:          0 kB
CommitLimit:     2172840 kB
Committed_AS:   89480176 kB
VmallocTotal:   251658176 kB
VmallocUsed:      137792 kB
VmallocChunk:   251412664 kB
Time pass: 327 sec

---2015-12-16 17:12:00
MemTotal:        2905316 kB
MemFree:           74428 kB
Buffers:           27080 kB
Cached:          1073868 kB
SwapCached:            0 kB
Active:          1311644 kB
Inactive:         727704 kB
Active(anon):     778656 kB
Inactive(anon):   194848 kB
Active(file):     532988 kB
Inactive(file):   532856 kB
Unevictable:       12452 kB
Mlocked:               0 kB
SwapTotal:        720184 kB
SwapFree:         720156 kB
Dirty:                 0 kB
Writeback:             0 kB
AnonPages:        950820 kB
Mapped:           706356 kB
Shmem:             22652 kB
Slab:             113160 kB
SReclaimable:      36584 kB
SUnreclaim:        76576 kB
KernelStack:       33600 kB
PageTables:        55368 kB
NFS_Unstable:          0 kB
Bounce:                0 kB
WritebackTmp:          0 kB
CommitLimit:     2172840 kB
Committed_AS:   89480152 kB
VmallocTotal:   251658176 kB
VmallocUsed:      137792 kB
VmallocChunk:   251412664 kB
Time pass: 333 sec

---2015-12-16 17:12:00
MemTotal:        2905316 kB
MemFree:           74972 kB
Buffers:           27088 kB
Cached:          1073872 kB
SwapCached:            0 kB
Active:          1311724 kB
Inactive:         727712 kB
Active(anon):     778732 kB
Inactive(anon):   194848 kB
Active(file):     532992 kB
Inactive(file):   532864 kB
Unevictable:       12452 kB
Mlocked:               0 kB
SwapTotal:        720184 kB
SwapFree:         720156 kB
Dirty:                40 kB
Writeback:             0 kB
AnonPages:        951060 kB
Mapped:           706380 kB
Shmem:             22652 kB
Slab:             113168 kB
SReclaimable:      36600 kB
SUnreclaim:        76568 kB
KernelStack:       33632 kB
PageTables:        55364 kB
NFS_Unstable:          0 kB
Bounce:                0 kB
WritebackTmp:          0 kB
CommitLimit:     2172840 kB
Committed_AS:   89480128 kB
VmallocTotal:   251658176 kB
VmallocUsed:      137792 kB
VmallocChunk:   251412664 kB
Time pass: 336 sec

---2015-12-16 17:12:00
MemTotal:        2905316 kB
MemFree:           74036 kB
Buffers:           27104 kB
Cached:          1073908 kB
SwapCached:            0 kB
Active:          1312456 kB
Inactive:         727736 kB
Active(anon):     779452 kB
Inactive(anon):   194852 kB
Active(file):     533004 kB
Inactive(file):   532884 kB
Unevictable:       12452 kB
Mlocked:               0 kB
SwapTotal:        720184 kB
SwapFree:         720156 kB
Dirty:               108 kB
Writeback:             0 kB
AnonPages:        951724 kB
Mapped:           706408 kB
Shmem:             22656 kB
Slab:             113188 kB
SReclaimable:      36600 kB
SUnreclaim:        76588 kB
KernelStack:       33632 kB
PageTables:        55372 kB
NFS_Unstable:          0 kB
Bounce:                0 kB
WritebackTmp:          0 kB
CommitLimit:     2172840 kB
Committed_AS:   89480140 kB
VmallocTotal:   251658176 kB
VmallocUsed:      137792 kB
VmallocChunk:   251412664 kB
Time pass: 340 sec

---2015-12-16 17:12:00
MemTotal:        2905316 kB
MemFree:           73676 kB
Buffers:           27112 kB
Cached:          1073900 kB
SwapCached:            0 kB
Active:          1312528 kB
Inactive:         727752 kB
Active(anon):     779524 kB
Inactive(anon):   194852 kB
Active(file):     533004 kB
Inactive(file):   532900 kB
Unevictable:       12452 kB
Mlocked:               0 kB
SwapTotal:        720184 kB
SwapFree:         720156 kB
Dirty:                 4 kB
Writeback:             0 kB
AnonPages:        951880 kB
Mapped:           706428 kB
Shmem:             22656 kB
Slab:             113188 kB
SReclaimable:      36600 kB
SUnreclaim:        76588 kB
KernelStack:       33632 kB
PageTables:        55368 kB
NFS_Unstable:          0 kB
Bounce:                0 kB
WritebackTmp:          0 kB
CommitLimit:     2172840 kB
Committed_AS:   89480128 kB
VmallocTotal:   251658176 kB
VmallocUsed:      137792 kB
VmallocChunk:   251412664 kB
Time pass: 344 sec

---2015-12-16 17:12:00
MemTotal:        2905316 kB
MemFree:           73048 kB
Buffers:           27112 kB
Cached:          1073916 kB
SwapCached:            0 kB
Active:          1313248 kB
Inactive:         727764 kB
Active(anon):     780240 kB
Inactive(anon):   194856 kB
Active(file):     533008 kB
Inactive(file):   532908 kB
Unevictable:       12452 kB
Mlocked:               0 kB
SwapTotal:        720184 kB
SwapFree:         720156 kB
Dirty:                 8 kB
Writeback:             0 kB
AnonPages:        952532 kB
Mapped:           706476 kB
Shmem:             22660 kB
Slab:             113112 kB
SReclaimable:      36600 kB
SUnreclaim:        76512 kB
KernelStack:       33600 kB
PageTables:        55368 kB
NFS_Unstable:          0 kB
Bounce:                0 kB
WritebackTmp:          0 kB
CommitLimit:     2172840 kB
Committed_AS:   89480192 kB
VmallocTotal:   251658176 kB
VmallocUsed:      137792 kB
VmallocChunk:   251412664 kB
Time pass: 350 sec

---2015-12-16 17:12:00
MemTotal:        2905316 kB
MemFree:           71660 kB
Buffers:           27136 kB
Cached:          1073956 kB
SwapCached:            0 kB
Active:          1314404 kB
Inactive:         727812 kB
Active(anon):     781384 kB
Inactive(anon):   194856 kB
Active(file):     533020 kB
Inactive(file):   532956 kB
Unevictable:       12452 kB
Mlocked:               0 kB
SwapTotal:        720184 kB
SwapFree:         720156 kB
Dirty:                20 kB
Writeback:             0 kB
AnonPages:        953720 kB
Mapped:           706492 kB
Shmem:             22660 kB
Slab:             113104 kB
SReclaimable:      36600 kB
SUnreclaim:        76504 kB
KernelStack:       33632 kB
PageTables:        55368 kB
NFS_Unstable:          0 kB
Bounce:                0 kB
WritebackTmp:          0 kB
CommitLimit:     2172840 kB
Committed_AS:   89480132 kB
VmallocTotal:   251658176 kB
VmallocUsed:      137792 kB
VmallocChunk:   251412664 kB
Time pass: 354 sec

---2015-12-16 17:12:00
MemTotal:        2905316 kB
MemFree:           70836 kB
Buffers:           27144 kB
Cached:          1073984 kB
SwapCached:            0 kB
Active:          1315060 kB
Inactive:         727848 kB
Active(anon):     782036 kB
Inactive(anon):   194884 kB
Active(file):     533024 kB
Inactive(file):   532964 kB
Unevictable:       12452 kB
Mlocked:               0 kB
SwapTotal:        720184 kB
SwapFree:         720156 kB
Dirty:                 8 kB
Writeback:             0 kB
AnonPages:        954052 kB
Mapped:           706540 kB
Shmem:             22688 kB
Slab:             113108 kB
SReclaimable:      36600 kB
SUnreclaim:        76508 kB
KernelStack:       33648 kB
PageTables:        55368 kB
NFS_Unstable:          0 kB
Bounce:                0 kB
WritebackTmp:          0 kB
CommitLimit:     2172840 kB
Committed_AS:   89480184 kB
VmallocTotal:   251658176 kB
VmallocUsed:      137792 kB
VmallocChunk:   251412664 kB
Time pass: 359 sec

---2015-12-16 17:12:00
MemTotal:        2905316 kB
MemFree:           69404 kB
Buffers:           27168 kB
Cached:          1074428 kB
SwapCached:            0 kB
Active:          1316380 kB
Inactive:         728268 kB
Active(anon):     783308 kB
Inactive(anon):   194888 kB
Active(file):     533072 kB
Inactive(file):   533380 kB
Unevictable:       12452 kB
Mlocked:               0 kB
SwapTotal:        720184 kB
SwapFree:         720156 kB
Dirty:                 4 kB
Writeback:             0 kB
AnonPages:        955756 kB
Mapped:           706744 kB
Shmem:             22692 kB
Slab:             113088 kB
SReclaimable:      36600 kB
SUnreclaim:        76488 kB
KernelStack:       33728 kB
PageTables:        55372 kB
NFS_Unstable:          0 kB
Bounce:                0 kB
WritebackTmp:          0 kB
CommitLimit:     2172840 kB
Committed_AS:   89480304 kB
VmallocTotal:   251658176 kB
VmallocUsed:      137792 kB
VmallocChunk:   251412664 kB
Time pass: 363 sec

---2015-12-16 17:12:00
MemTotal:        2905316 kB
MemFree:           68256 kB
Buffers:           27176 kB
Cached:          1074484 kB
SwapCached:            0 kB
Active:          1316924 kB
Inactive:         728316 kB
Active(anon):     783836 kB
Inactive(anon):   194888 kB
Active(file):     533088 kB
Inactive(file):   533428 kB
Unevictable:       12452 kB
Mlocked:               0 kB
SwapTotal:        720184 kB
SwapFree:         720156 kB
Dirty:               156 kB
Writeback:             0 kB
AnonPages:        956212 kB
Mapped:           706776 kB
Shmem:             22692 kB
Slab:             113088 kB
SReclaimable:      36600 kB
SUnreclaim:        76488 kB
KernelStack:       33760 kB
PageTables:        55372 kB
NFS_Unstable:          0 kB
Bounce:                0 kB
WritebackTmp:          0 kB
CommitLimit:     2172840 kB
Committed_AS:   89480224 kB
VmallocTotal:   251658176 kB
VmallocUsed:      137792 kB
VmallocChunk:   251412664 kB
Time pass: 367 sec

---2015-12-16 17:12:00
MemTotal:        2905316 kB
MemFree:           67724 kB
Buffers:           27184 kB
Cached:          1074484 kB
SwapCached:            0 kB
Active:          1317472 kB
Inactive:         728316 kB
Active(anon):     784384 kB
Inactive(anon):   194888 kB
Active(file):     533088 kB
Inactive(file):   533428 kB
Unevictable:       12452 kB
Mlocked:               0 kB
SwapTotal:        720184 kB
SwapFree:         720156 kB
Dirty:                 4 kB
Writeback:             0 kB
AnonPages:        956828 kB
Mapped:           706800 kB
Shmem:             22692 kB
Slab:             113160 kB
SReclaimable:      36600 kB
SUnreclaim:        76560 kB
KernelStack:       33728 kB
PageTables:        55372 kB
NFS_Unstable:          0 kB
Bounce:                0 kB
WritebackTmp:          0 kB
CommitLimit:     2172840 kB
Committed_AS:   89480308 kB
VmallocTotal:   251658176 kB
VmallocUsed:      137792 kB
VmallocChunk:   251412664 kB
Time pass: 371 sec

---2015-12-16 17:12:00
MemTotal:        2905316 kB
MemFree:           68096 kB
Buffers:           27184 kB
Cached:          1074488 kB
SwapCached:            0 kB
Active:          1317248 kB
Inactive:         728324 kB
Active(anon):     784156 kB
Inactive(anon):   194888 kB
Active(file):     533092 kB
Inactive(file):   533436 kB
Unevictable:       12452 kB
Mlocked:               0 kB
SwapTotal:        720184 kB
SwapFree:         720156 kB
Dirty:                32 kB
Writeback:             0 kB
AnonPages:        956624 kB
Mapped:           706824 kB
Shmem:             22692 kB
Slab:             113064 kB
SReclaimable:      36600 kB
SUnreclaim:        76464 kB
KernelStack:       33712 kB
PageTables:        55372 kB
NFS_Unstable:          0 kB
Bounce:                0 kB
WritebackTmp:          0 kB
CommitLimit:     2172840 kB
Committed_AS:   89480280 kB
VmallocTotal:   251658176 kB
VmallocUsed:      137792 kB
VmallocChunk:   251412664 kB
Time pass: 375 sec

---2015-12-16 17:12:00
MemTotal:        2905316 kB
MemFree:           67128 kB
Buffers:           27200 kB
Cached:          1074516 kB
SwapCached:            0 kB
Active:          1318304 kB
Inactive:         728360 kB
Active(anon):     785204 kB
Inactive(anon):   194888 kB
Active(file):     533100 kB
Inactive(file):   533472 kB
Unevictable:       12452 kB
Mlocked:               0 kB
SwapTotal:        720184 kB
SwapFree:         720156 kB
Dirty:                12 kB
Writeback:             0 kB
AnonPages:        957436 kB
Mapped:           706852 kB
Shmem:             22692 kB
Slab:             113124 kB
SReclaimable:      36600 kB
SUnreclaim:        76524 kB
KernelStack:       33696 kB
PageTables:        55368 kB
NFS_Unstable:          0 kB
Bounce:                0 kB
WritebackTmp:          0 kB
CommitLimit:     2172840 kB
Committed_AS:   89480280 kB
VmallocTotal:   251658176 kB
VmallocUsed:      137792 kB
VmallocChunk:   251412664 kB
Time pass: 379 sec

---2015-12-16 17:12:00
MemTotal:        2905316 kB
MemFree:           67132 kB
Buffers:           27208 kB
Cached:          1074520 kB
SwapCached:            0 kB
Active:          1318632 kB
Inactive:         728368 kB
Active(anon):     785528 kB
Inactive(anon):   194888 kB
Active(file):     533104 kB
Inactive(file):   533480 kB
Unevictable:       12452 kB
Mlocked:               0 kB
SwapTotal:        720184 kB
SwapFree:         720156 kB
Dirty:                 4 kB
Writeback:            12 kB
AnonPages:        957708 kB
Mapped:           706880 kB
Shmem:             22692 kB
Slab:             113120 kB
SReclaimable:      36600 kB
SUnreclaim:        76520 kB
KernelStack:       33696 kB
PageTables:        55364 kB
NFS_Unstable:          0 kB
Bounce:                0 kB
WritebackTmp:          0 kB
CommitLimit:     2172840 kB
Committed_AS:   89480264 kB
VmallocTotal:   251658176 kB
VmallocUsed:      137792 kB
VmallocChunk:   251412664 kB
Time pass: 383 sec

---2015-12-16 17:12:00
MemTotal:        2905316 kB
MemFree:           69108 kB
Buffers:           27232 kB
Cached:          1074500 kB
SwapCached:            0 kB
Active:          1315540 kB
Inactive:         728372 kB
Active(anon):     782436 kB
Inactive(anon):   194892 kB
Active(file):     533104 kB
Inactive(file):   533480 kB
Unevictable:       12452 kB
Mlocked:               0 kB
SwapTotal:        720184 kB
SwapFree:         720156 kB
Dirty:                 4 kB
Writeback:             0 kB
AnonPages:        954760 kB
Mapped:           706904 kB
Shmem:             22696 kB
Slab:             113140 kB
SReclaimable:      36600 kB
SUnreclaim:        76540 kB
KernelStack:       33664 kB
PageTables:        55368 kB
NFS_Unstable:          0 kB
Bounce:                0 kB
WritebackTmp:          0 kB
CommitLimit:     2172840 kB
Committed_AS:   89480276 kB
VmallocTotal:   251658176 kB
VmallocUsed:      137804 kB
VmallocChunk:   251412664 kB
Time pass: 388 sec

---2015-12-16 17:12:00
MemTotal:        2905316 kB
MemFree:           68164 kB
Buffers:           27232 kB
Cached:          1074584 kB
SwapCached:            0 kB
Active:          1315988 kB
Inactive:         728436 kB
Active(anon):     782872 kB
Inactive(anon):   194896 kB
Active(file):     533116 kB
Inactive(file):   533540 kB
Unevictable:       12452 kB
Mlocked:               0 kB
SwapTotal:        720184 kB
SwapFree:         720156 kB
Dirty:                16 kB
Writeback:             0 kB
AnonPages:        955024 kB
Mapped:           706956 kB
Shmem:             22708 kB
Slab:             113076 kB
SReclaimable:      36600 kB
SUnreclaim:        76476 kB
KernelStack:       33712 kB
PageTables:        55372 kB
NFS_Unstable:          0 kB
Bounce:                0 kB
WritebackTmp:          0 kB
CommitLimit:     2172840 kB
Committed_AS:   89480264 kB
VmallocTotal:   251658176 kB
VmallocUsed:      137804 kB
VmallocChunk:   251412664 kB
Time pass: 392 sec

---2015-12-16 17:12:00
MemTotal:        2905316 kB
MemFree:           75944 kB
Buffers:           27240 kB
Cached:          1074588 kB
SwapCached:            0 kB
Active:          1308132 kB
Inactive:         728444 kB
Active(anon):     775012 kB
Inactive(anon):   194896 kB
Active(file):     533120 kB
Inactive(file):   533548 kB
Unevictable:       12452 kB
Mlocked:               0 kB
SwapTotal:        720184 kB
SwapFree:         720156 kB
Dirty:                48 kB
Writeback:             0 kB
AnonPages:        947696 kB
Mapped:           707028 kB
Shmem:             22708 kB
Slab:             113092 kB
SReclaimable:      36600 kB
SUnreclaim:        76492 kB
KernelStack:       33728 kB
PageTables:        55376 kB
NFS_Unstable:          0 kB
Bounce:                0 kB
WritebackTmp:          0 kB
CommitLimit:     2172840 kB
Committed_AS:   89480240 kB
VmallocTotal:   251658176 kB
VmallocUsed:      137804 kB
VmallocChunk:   251412664 kB
Time pass: 395 sec

---2015-12-16 17:12:00
MemTotal:        2905316 kB
MemFree:           75124 kB
Buffers:           27264 kB
Cached:          1074572 kB
SwapCached:            0 kB
Active:          1309556 kB
Inactive:         728452 kB
Active(anon):     776436 kB
Inactive(anon):   194896 kB
Active(file):     533120 kB
Inactive(file):   533556 kB
Unevictable:       12452 kB
Mlocked:               0 kB
SwapTotal:        720184 kB
SwapFree:         720156 kB
Dirty:                 8 kB
Writeback:             0 kB
AnonPages:        948568 kB
Mapped:           707052 kB
Shmem:             22708 kB
Slab:             113068 kB
SReclaimable:      36600 kB
SUnreclaim:        76468 kB
KernelStack:       33728 kB
PageTables:        55372 kB
NFS_Unstable:          0 kB
Bounce:                0 kB
WritebackTmp:          0 kB
CommitLimit:     2172840 kB
Committed_AS:   89480240 kB
VmallocTotal:   251658176 kB
VmallocUsed:      137804 kB
VmallocChunk:   251412664 kB
Time pass: 399 sec

---2015-12-16 17:12:00
MemTotal:        2905316 kB
MemFree:           74712 kB
Buffers:           27264 kB
Cached:          1074624 kB
SwapCached:            0 kB
Active:          1309656 kB
Inactive:         728496 kB
Active(anon):     776528 kB
Inactive(anon):   194896 kB
Active(file):     533128 kB
Inactive(file):   533600 kB
Unevictable:       12452 kB
Mlocked:               0 kB
SwapTotal:        720184 kB
SwapFree:         720156 kB
Dirty:                 4 kB
Writeback:             0 kB
AnonPages:        948856 kB
Mapped:           707080 kB
Shmem:             22708 kB
Slab:             113072 kB
SReclaimable:      36600 kB
SUnreclaim:        76472 kB
KernelStack:       33664 kB
PageTables:        55376 kB
NFS_Unstable:          0 kB
Bounce:                0 kB
WritebackTmp:          0 kB
CommitLimit:     2172840 kB
Committed_AS:   89480264 kB
VmallocTotal:   251658176 kB
VmallocUsed:      137804 kB
VmallocChunk:   251412664 kB
Time pass: 404 sec

---2015-12-16 17:12:00
MemTotal:        2905316 kB
MemFree:           74268 kB
Buffers:           27280 kB
Cached:          1074632 kB
SwapCached:            0 kB
Active:          1310036 kB
Inactive:         728516 kB
Active(anon):     776904 kB
Inactive(anon):   194896 kB
Active(file):     533132 kB
Inactive(file):   533620 kB
Unevictable:       12452 kB
Mlocked:               0 kB
SwapTotal:        720184 kB
SwapFree:         720156 kB
Dirty:                76 kB
Writeback:             0 kB
AnonPages:        949084 kB
Mapped:           707116 kB
Shmem:             22708 kB
Slab:             113112 kB
SReclaimable:      36600 kB
SUnreclaim:        76512 kB
KernelStack:       33696 kB
PageTables:        55372 kB
NFS_Unstable:          0 kB
Bounce:                0 kB
WritebackTmp:          0 kB
CommitLimit:     2172840 kB
Committed_AS:   89480264 kB
VmallocTotal:   251658176 kB
VmallocUsed:      137804 kB
VmallocChunk:   251412664 kB
Time pass: 408 sec

---2015-12-16 17:12:00
MemTotal:        2905316 kB
MemFree:           74488 kB
Buffers:           27280 kB
Cached:          1074632 kB
SwapCached:            0 kB
Active:          1310156 kB
Inactive:         728512 kB
Active(anon):     777020 kB
Inactive(anon):   194896 kB
Active(file):     533136 kB
Inactive(file):   533616 kB
Unevictable:       12452 kB
Mlocked:               0 kB
SwapTotal:        720184 kB
SwapFree:         720156 kB
Dirty:                 8 kB
Writeback:             0 kB
AnonPages:        949248 kB
Mapped:           707136 kB
Shmem:             22708 kB
Slab:             113112 kB
SReclaimable:      36600 kB
SUnreclaim:        76512 kB
KernelStack:       33696 kB
PageTables:        55372 kB
NFS_Unstable:          0 kB
Bounce:                0 kB
WritebackTmp:          0 kB
CommitLimit:     2172840 kB
Committed_AS:   89480276 kB
VmallocTotal:   251658176 kB
VmallocUsed:      137804 kB
VmallocChunk:   251412664 kB
Time pass: 412 sec

---2015-12-16 17:12:00
MemTotal:        2905316 kB
MemFree:           74004 kB
Buffers:           27304 kB
Cached:          1074644 kB
SwapCached:            0 kB
Active:          1310308 kB
Inactive:         728548 kB
Active(anon):     777172 kB
Inactive(anon):   194896 kB
Active(file):     533136 kB
Inactive(file):   533652 kB
Unevictable:       12452 kB
Mlocked:               0 kB
SwapTotal:        720184 kB
SwapFree:         720156 kB
Dirty:                56 kB
Writeback:             0 kB
AnonPages:        949560 kB
Mapped:           707160 kB
Shmem:             22708 kB
Slab:             113152 kB
SReclaimable:      36600 kB
SUnreclaim:        76552 kB
KernelStack:       33664 kB
PageTables:        55372 kB
NFS_Unstable:          0 kB
Bounce:                0 kB
WritebackTmp:          0 kB
CommitLimit:     2172840 kB
Committed_AS:   89480224 kB
VmallocTotal:   251658176 kB
VmallocUsed:      137804 kB
VmallocChunk:   251412664 kB
Time pass: 416 sec

---2015-12-16 17:12:00
MemTotal:        2905316 kB
MemFree:           73048 kB
Buffers:           27312 kB
Cached:          1074668 kB
SwapCached:            0 kB
Active:          1310996 kB
Inactive:         728564 kB
Active(anon):     777844 kB
Inactive(anon):   194896 kB
Active(file):     533152 kB
Inactive(file):   533668 kB
Unevictable:       12452 kB
Mlocked:               0 kB
SwapTotal:        720184 kB
SwapFree:         720156 kB
Dirty:                20 kB
Writeback:             0 kB
AnonPages:        950240 kB
Mapped:           707200 kB
Shmem:             22708 kB
Slab:             113144 kB
SReclaimable:      36616 kB
SUnreclaim:        76528 kB
KernelStack:       33712 kB
PageTables:        55372 kB
NFS_Unstable:          0 kB
Bounce:                0 kB
WritebackTmp:          0 kB
CommitLimit:     2172840 kB
Committed_AS:   89480224 kB
VmallocTotal:   251658176 kB
VmallocUsed:      137804 kB
VmallocChunk:   251412664 kB
Time pass: 421 sec

---2015-12-16 17:12:00
MemTotal:        2905316 kB
MemFree:           72196 kB
Buffers:           27312 kB
Cached:          1074700 kB
SwapCached:            0 kB
Active:          1311932 kB
Inactive:         728592 kB
Active(anon):     778776 kB
Inactive(anon):   194916 kB
Active(file):     533156 kB
Inactive(file):   533676 kB
Unevictable:       12452 kB
Mlocked:               0 kB
SwapTotal:        720184 kB
SwapFree:         720156 kB
Dirty:                 4 kB
Writeback:             0 kB
AnonPages:        951104 kB
Mapped:           707268 kB
Shmem:             22728 kB
Slab:             113192 kB
SReclaimable:      36616 kB
SUnreclaim:        76576 kB
KernelStack:       33632 kB
PageTables:        55372 kB
NFS_Unstable:          0 kB
Bounce:                0 kB
WritebackTmp:          0 kB
CommitLimit:     2172840 kB
Committed_AS:   89480240 kB
VmallocTotal:   251658176 kB
VmallocUsed:      137804 kB
VmallocChunk:   251412664 kB
Time pass: 426 sec

---2015-12-16 17:12:00
MemTotal:        2905316 kB
MemFree:           71072 kB
Buffers:           27336 kB
Cached:          1074816 kB
SwapCached:            0 kB
Active:          1312900 kB
Inactive:         728720 kB
Active(anon):     779732 kB
Inactive(anon):   195000 kB
Active(file):     533168 kB
Inactive(file):   533720 kB
Unevictable:       12452 kB
Mlocked:               0 kB
SwapTotal:        720184 kB
SwapFree:         720156 kB
Dirty:                32 kB
Writeback:             0 kB
AnonPages:        952040 kB
Mapped:           707384 kB
Shmem:             22812 kB
Slab:             113140 kB
SReclaimable:      36616 kB
SUnreclaim:        76524 kB
KernelStack:       33632 kB
PageTables:        55372 kB
NFS_Unstable:          0 kB
Bounce:                0 kB
WritebackTmp:          0 kB
CommitLimit:     2172840 kB
Committed_AS:   89480252 kB
VmallocTotal:   251658176 kB
VmallocUsed:      137804 kB
VmallocChunk:   251412664 kB
Time pass: 430 sec

---2015-12-16 17:12:00
MemTotal:        2905316 kB
MemFree:           71020 kB
Buffers:           27344 kB
Cached:          1074820 kB
SwapCached:            0 kB
Active:          1313176 kB
Inactive:         728728 kB
Active(anon):     780004 kB
Inactive(anon):   195004 kB
Active(file):     533172 kB
Inactive(file):   533724 kB
Unevictable:       12452 kB
Mlocked:               0 kB
SwapTotal:        720184 kB
SwapFree:         720156 kB
Dirty:                44 kB
Writeback:             0 kB
AnonPages:        952304 kB
Mapped:           707416 kB
Shmem:             22816 kB
Slab:             113200 kB
SReclaimable:      36616 kB
SUnreclaim:        76584 kB
KernelStack:       33664 kB
PageTables:        55376 kB
NFS_Unstable:          0 kB
Bounce:                0 kB
WritebackTmp:          0 kB
CommitLimit:     2172840 kB
Committed_AS:   89480252 kB
VmallocTotal:   251658176 kB
VmallocUsed:      137804 kB
VmallocChunk:   251412664 kB
Time pass: 435 sec

---2015-12-16 17:12:00
MemTotal:        2905316 kB
MemFree:           69888 kB
Buffers:           27368 kB
Cached:          1074808 kB
SwapCached:            0 kB
Active:          1314368 kB
Inactive:         728736 kB
Active(anon):     781192 kB
Inactive(anon):   195004 kB
Active(file):     533176 kB
Inactive(file):   533732 kB
Unevictable:       12452 kB
Mlocked:               0 kB
SwapTotal:        720184 kB
SwapFree:         720156 kB
Dirty:                 8 kB
Writeback:             0 kB
AnonPages:        953432 kB
Mapped:           707480 kB
Shmem:             22816 kB
Slab:             113120 kB
SReclaimable:      36616 kB
SUnreclaim:        76504 kB
KernelStack:       33664 kB
PageTables:        55380 kB
NFS_Unstable:          0 kB
Bounce:                0 kB
WritebackTmp:          0 kB
CommitLimit:     2172840 kB
Committed_AS:   89480240 kB
VmallocTotal:   251658176 kB
VmallocUsed:      137804 kB
VmallocChunk:   251412664 kB
Time pass: 439 sec

---2015-12-16 17:12:00
MemTotal:        2905316 kB
MemFree:           70512 kB
Buffers:           27368 kB
Cached:          1074856 kB
SwapCached:            0 kB
Active:          1314228 kB
