---2015-12-05 14:07:44
MemTotal:        2873608 kB
MemFree:           89468 kB
Buffers:           24184 kB
Cached:          1290128 kB
SwapCached:            0 kB
Active:          1350448 kB
Inactive:         892156 kB
Active(anon):     746580 kB
Inactive(anon):   191672 kB
Active(file):     603868 kB
Inactive(file):   700484 kB
Unevictable:        8104 kB
Mlocked:               0 kB
SwapTotal:        715328 kB
SwapFree:         715328 kB
Dirty:              6064 kB
Writeback:             0 kB
AnonPages:        936336 kB
Mapped:           497660 kB
Shmem:              1856 kB
Slab:              96536 kB
SReclaimable:      31560 kB
SUnreclaim:        64976 kB
KernelStack:       37824 kB
PageTables:        48288 kB
NFS_Unstable:          0 kB
Bounce:                0 kB
WritebackTmp:          0 kB
CommitLimit:     2152132 kB
Committed_AS:   117413280 kB
VmallocTotal:   251658176 kB
VmallocUsed:      134236 kB
VmallocChunk:   251437100 kB
Time pass: 3 sec

---2015-12-05 14:07:44
MemTotal:        2873608 kB
MemFree:           97532 kB
Buffers:           24448 kB
Cached:          1307600 kB
SwapCached:            0 kB
Active:          1329672 kB
Inactive:         908328 kB
Active(anon):     724280 kB
Inactive(anon):   191672 kB
Active(file):     605392 kB
Inactive(file):   716656 kB
Unevictable:        8104 kB
Mlocked:               0 kB
SwapTotal:        715328 kB
SwapFree:         715328 kB
Dirty:               256 kB
Writeback:             0 kB
AnonPages:        913840 kB
Mapped:           482156 kB
Shmem:              1856 kB
Slab:              96768 kB
SReclaimable:      31704 kB
SUnreclaim:        65064 kB
KernelStack:       37456 kB
PageTables:        47348 kB
NFS_Unstable:          0 kB
Bounce:                0 kB
WritebackTmp:          0 kB
CommitLimit:     2152132 kB
Committed_AS:   115072484 kB
VmallocTotal:   251658176 kB
VmallocUsed:      133080 kB
VmallocChunk:   251426860 kB
Time pass: 7 sec

---2015-12-05 14:07:44
MemTotal:        2873608 kB
MemFree:          120272 kB
Buffers:           25532 kB
Cached:          1307464 kB
SwapCached:            0 kB
Active:          1309852 kB
Inactive:         907404 kB
Active(anon):     702548 kB
Inactive(anon):   191344 kB
Active(file):     607304 kB
Inactive(file):   716060 kB
Unevictable:        8104 kB
Mlocked:               0 kB
SwapTotal:        715328 kB
SwapFree:         715328 kB
Dirty:               196 kB
Writeback:             0 kB
AnonPages:        892692 kB
Mapped:           465792 kB
Shmem:              1528 kB
Slab:              96896 kB
SReclaimable:      31740 kB
SUnreclaim:        65156 kB
KernelStack:       35376 kB
PageTables:        48572 kB
NFS_Unstable:          0 kB
Bounce:                0 kB
WritebackTmp:          0 kB
CommitLimit:     2152132 kB
Committed_AS:   120965828 kB
VmallocTotal:   251658176 kB
VmallocUsed:      135980 kB
VmallocChunk:   251414572 kB
Time pass: 11 sec

---2015-12-05 14:07:44
MemTotal:        2873608 kB
MemFree:           69716 kB
Buffers:           25608 kB
Cached:          1283044 kB
SwapCached:            0 kB
Active:          1384504 kB
Inactive:         876992 kB
Active(anon):     768828 kB
Inactive(anon):   193896 kB
Active(file):     615676 kB
Inactive(file):   683096 kB
Unevictable:        8104 kB
Mlocked:               0 kB
SwapTotal:        715328 kB
SwapFree:         715328 kB
Dirty:              1140 kB
Writeback:             0 kB
AnonPages:        961016 kB
Mapped:           498064 kB
Shmem:              1776 kB
Slab:              97184 kB
SReclaimable:      31948 kB
SUnreclaim:        65236 kB
KernelStack:       37488 kB
PageTables:        48888 kB
NFS_Unstable:          0 kB
Bounce:                0 kB
WritebackTmp:          0 kB
CommitLimit:     2152132 kB
Committed_AS:   119288708 kB
VmallocTotal:   251658176 kB
VmallocUsed:      136276 kB
VmallocChunk:   251414572 kB
Time pass: 15 sec

---2015-12-05 14:07:44
MemTotal:        2873608 kB
MemFree:           82524 kB
Buffers:           25668 kB
Cached:          1284840 kB
SwapCached:            0 kB
Active:          1370384 kB
Inactive:         878008 kB
Active(anon):     753900 kB
Inactive(anon):   193908 kB
Active(file):     616484 kB
Inactive(file):   684100 kB
Unevictable:        8104 kB
Mlocked:               0 kB
SwapTotal:        715328 kB
SwapFree:         715328 kB
Dirty:               236 kB
Writeback:             0 kB
AnonPages:        946412 kB
Mapped:           502672 kB
Shmem:              1872 kB
Slab:              97600 kB
SReclaimable:      31884 kB
SUnreclaim:        65716 kB
KernelStack:       37664 kB
PageTables:        49144 kB
NFS_Unstable:          0 kB
Bounce:                0 kB
WritebackTmp:          0 kB
CommitLimit:     2152132 kB
Committed_AS:   119767288 kB
VmallocTotal:   251658176 kB
VmallocUsed:      135256 kB
VmallocChunk:   251427884 kB
Time pass: 19 sec

---2015-12-05 14:07:44
MemTotal:        2873608 kB
MemFree:           68900 kB
Buffers:           25280 kB
Cached:          1202056 kB
SwapCached:            0 kB
Active:          1419540 kB
Inactive:         791236 kB
Active(anon):     798016 kB
Inactive(anon):   200504 kB
Active(file):     621524 kB
Inactive(file):   590732 kB
Unevictable:       13568 kB
Mlocked:               0 kB
SwapTotal:        715328 kB
SwapFree:         714216 kB
Dirty:              1328 kB
Writeback:             0 kB
AnonPages:        997484 kB
Mapped:           466416 kB
Shmem:              1128 kB
Slab:              96176 kB
SReclaimable:      29488 kB
SUnreclaim:        66688 kB
KernelStack:       39088 kB
PageTables:        51796 kB
NFS_Unstable:          0 kB
Bounce:                0 kB
WritebackTmp:          0 kB
CommitLimit:     2152132 kB
Committed_AS:   127487124 kB
VmallocTotal:   251658176 kB
VmallocUsed:      138672 kB
VmallocChunk:   251427884 kB
Time pass: 22 sec

---2015-12-05 14:07:44
MemTotal:        2873608 kB
MemFree:          111400 kB
Buffers:           18604 kB
Cached:          1127312 kB
SwapCached:            0 kB
Active:          1341420 kB
Inactive:         762876 kB
Active(anon):     769156 kB
Inactive(anon):   203952 kB
Active(file):     572264 kB
Inactive(file):   558924 kB
Unevictable:       13568 kB
Mlocked:               0 kB
SwapTotal:        715328 kB
SwapFree:         712664 kB
Dirty:               264 kB
Writeback:            12 kB
AnonPages:        971832 kB
Mapped:           515132 kB
Shmem:              1128 kB
Slab:              98172 kB
SReclaimable:      31504 kB
SUnreclaim:        66668 kB
KernelStack:       38224 kB
PageTables:        50228 kB
NFS_Unstable:          0 kB
Bounce:                0 kB
WritebackTmp:          0 kB
CommitLimit:     2152132 kB
Committed_AS:   122738412 kB
VmallocTotal:   251658176 kB
VmallocUsed:      136244 kB
VmallocChunk:   251439148 kB
Time pass: 26 sec

---2015-12-05 14:07:44
MemTotal:        2873608 kB
MemFree:           63576 kB
Buffers:           18988 kB
Cached:          1124624 kB
SwapCached:            0 kB
Active:          1388800 kB
Inactive:         761800 kB
Active(anon):     818140 kB
Inactive(anon):   203528 kB
Active(file):     570660 kB
Inactive(file):   558272 kB
Unevictable:       13568 kB
Mlocked:               0 kB
SwapTotal:        715328 kB
SwapFree:         712348 kB
Dirty:               576 kB
Writeback:             4 kB
AnonPages:       1020796 kB
Mapped:           552140 kB
Shmem:              1112 kB
Slab:              98208 kB
SReclaimable:      31584 kB
SUnreclaim:        66624 kB
KernelStack:       39440 kB
PageTables:        51612 kB
NFS_Unstable:          0 kB
Bounce:                0 kB
WritebackTmp:          0 kB
CommitLimit:     2152132 kB
Committed_AS:   124000268 kB
VmallocTotal:   251658176 kB
VmallocUsed:      137264 kB
VmallocChunk:   251439148 kB
Time pass: 30 sec

---2015-12-05 14:07:44
MemTotal:        2873608 kB
MemFree:          100552 kB
Buffers:           18180 kB
Cached:          1113796 kB
SwapCached:            0 kB
Active:          1349528 kB
Inactive:         763928 kB
Active(anon):     789976 kB
Inactive(anon):   206200 kB
Active(file):     559552 kB
Inactive(file):   557728 kB
Unevictable:       13568 kB
Mlocked:               0 kB
SwapTotal:        715328 kB
SwapFree:         711988 kB
Dirty:                68 kB
Writeback:             0 kB
AnonPages:        995112 kB
Mapped:           552616 kB
Shmem:              1128 kB
Slab:              98224 kB
SReclaimable:      31632 kB
SUnreclaim:        66592 kB
KernelStack:       39488 kB
PageTables:        51736 kB
NFS_Unstable:          0 kB
Bounce:                0 kB
WritebackTmp:          0 kB
CommitLimit:     2152132 kB
Committed_AS:   124006156 kB
VmallocTotal:   251658176 kB
VmallocUsed:      137264 kB
VmallocChunk:   251439148 kB
Time pass: 34 sec

---2015-12-05 14:07:44
MemTotal:        2873608 kB
MemFree:          110452 kB
Buffers:           18188 kB
Cached:          1113968 kB
SwapCached:            0 kB
Active:          1341964 kB
Inactive:         763504 kB
Active(anon):     781820 kB
Inactive(anon):   206192 kB
Active(file):     560144 kB
Inactive(file):   557312 kB
Unevictable:       13568 kB
Mlocked:               0 kB
SwapTotal:        715328 kB
SwapFree:         711988 kB
Dirty:                56 kB
Writeback:             0 kB
AnonPages:        986924 kB
Mapped:           548560 kB
Shmem:              1128 kB
Slab:              98160 kB
SReclaimable:      31648 kB
SUnreclaim:        66512 kB
KernelStack:       39024 kB
PageTables:        50736 kB
NFS_Unstable:          0 kB
Bounce:                0 kB
WritebackTmp:          0 kB
CommitLimit:     2152132 kB
Committed_AS:   121534008 kB
VmallocTotal:   251658176 kB
VmallocUsed:      135224 kB
VmallocChunk:   251439148 kB
Time pass: 37 sec

---2015-12-05 14:07:44
MemTotal:        2873608 kB
MemFree:          115372 kB
Buffers:           18236 kB
Cached:          1114132 kB
SwapCached:            0 kB
Active:          1336676 kB
Inactive:         763696 kB
Active(anon):     776508 kB
Inactive(anon):   206192 kB
Active(file):     560168 kB
Inactive(file):   557504 kB
Unevictable:       13568 kB
Mlocked:               0 kB
SwapTotal:        715328 kB
SwapFree:         711988 kB
Dirty:                88 kB
Writeback:             0 kB
AnonPages:        981532 kB
Mapped:           549132 kB
Shmem:              1128 kB
Slab:              97992 kB
SReclaimable:      31648 kB
SUnreclaim:        66344 kB
KernelStack:       39216 kB
PageTables:        50808 kB
NFS_Unstable:          0 kB
Bounce:                0 kB
WritebackTmp:          0 kB
CommitLimit:     2152132 kB
Committed_AS:   121535220 kB
VmallocTotal:   251658176 kB
VmallocUsed:      135224 kB
VmallocChunk:   251439148 kB
Time pass: 41 sec

---2015-12-05 14:07:44
MemTotal:        2873608 kB
MemFree:           71176 kB
Buffers:           16812 kB
Cached:          1045016 kB
SwapCached:            0 kB
Active:          1341564 kB
Inactive:         728864 kB
Active(anon):     818112 kB
Inactive(anon):   205092 kB
Active(file):     523452 kB
Inactive(file):   523772 kB
Unevictable:       13568 kB
Mlocked:               0 kB
SwapTotal:        715328 kB
SwapFree:         711056 kB
Dirty:               440 kB
Writeback:             0 kB
AnonPages:       1022292 kB
Mapped:           564456 kB
Shmem:              1128 kB
Slab:              98624 kB
SReclaimable:      31920 kB
SUnreclaim:        66704 kB
KernelStack:       39728 kB
PageTables:        51792 kB
NFS_Unstable:          0 kB
Bounce:                0 kB
WritebackTmp:          0 kB
CommitLimit:     2152132 kB
Committed_AS:   125720028 kB
VmallocTotal:   251658176 kB
VmallocUsed:      136488 kB
VmallocChunk:   251439148 kB
Time pass: 45 sec

---2015-12-05 14:07:44
MemTotal:        2873608 kB
MemFree:           71164 kB
Buffers:           16852 kB
Cached:          1045180 kB
SwapCached:            0 kB
Active:          1343556 kB
Inactive:         727028 kB
Active(anon):     818156 kB
Inactive(anon):   205092 kB
Active(file):     525400 kB
Inactive(file):   521936 kB
Unevictable:       13568 kB
Mlocked:               0 kB
SwapTotal:        715328 kB
SwapFree:         711056 kB
Dirty:               400 kB
Writeback:             0 kB
AnonPages:       1022240 kB
Mapped:           564604 kB
Shmem:              1128 kB
Slab:              98436 kB
SReclaimable:      31936 kB
SUnreclaim:        66500 kB
KernelStack:       39696 kB
PageTables:        51840 kB
NFS_Unstable:          0 kB
Bounce:                0 kB
WritebackTmp:          0 kB
CommitLimit:     2152132 kB
Committed_AS:   123343276 kB
VmallocTotal:   251658176 kB
VmallocUsed:      136488 kB
VmallocChunk:   251439148 kB
Time pass: 49 sec

---2015-12-05 14:07:44
MemTotal:        2873608 kB
MemFree:           66392 kB
Buffers:           16536 kB
Cached:          1014468 kB
SwapCached:            0 kB
Active:          1353048 kB
Inactive:         719752 kB
Active(anon):     845500 kB
Inactive(anon):   212124 kB
Active(file):     507548 kB
Inactive(file):   507628 kB
Unevictable:       13568 kB
Mlocked:               0 kB
SwapTotal:        715328 kB
SwapFree:         710716 kB
Dirty:               664 kB
Writeback:             0 kB
AnonPages:       1055476 kB
Mapped:           582348 kB
Shmem:              2180 kB
Slab:              98600 kB
SReclaimable:      31852 kB
SUnreclaim:        66748 kB
KernelStack:       39872 kB
PageTables:        51836 kB
NFS_Unstable:          0 kB
Bounce:                0 kB
WritebackTmp:          0 kB
CommitLimit:     2152132 kB
Committed_AS:   123365788 kB
VmallocTotal:   251658176 kB
VmallocUsed:      136544 kB
VmallocChunk:   251439148 kB
Time pass: 53 sec

---2015-12-05 14:07:44
MemTotal:        2873608 kB
MemFree:           75732 kB
Buffers:           15168 kB
Cached:           985552 kB
SwapCached:            0 kB
Active:          1333412 kB
Inactive:         702960 kB
Active(anon):     838124 kB
Inactive(anon):   212220 kB
Active(file):     495288 kB
Inactive(file):   490740 kB
Unevictable:       13568 kB
Mlocked:               0 kB
SwapTotal:        715328 kB
SwapFree:         710632 kB
Dirty:                56 kB
Writeback:             0 kB
AnonPages:       1049324 kB
Mapped:           629164 kB
Shmem:              1124 kB
Slab:              98608 kB
SReclaimable:      31804 kB
SUnreclaim:        66804 kB
KernelStack:       39808 kB
PageTables:        52236 kB
NFS_Unstable:          0 kB
Bounce:                0 kB
WritebackTmp:          0 kB
CommitLimit:     2152132 kB
Committed_AS:   123358072 kB
VmallocTotal:   251658176 kB
VmallocUsed:      136804 kB
VmallocChunk:   251439148 kB
Time pass: 57 sec

---2015-12-05 14:07:44
MemTotal:        2873608 kB
MemFree:           74452 kB
Buffers:           15184 kB
Cached:           985552 kB
SwapCached:            0 kB
Active:          1334008 kB
Inactive:         702960 kB
Active(anon):     838720 kB
Inactive(anon):   212220 kB
Active(file):     495288 kB
Inactive(file):   490740 kB
Unevictable:       13568 kB
Mlocked:               0 kB
SwapTotal:        715328 kB
SwapFree:         710632 kB
Dirty:                64 kB
Writeback:            76 kB
AnonPages:       1049952 kB
Mapped:           629172 kB
Shmem:              1124 kB
Slab:              98616 kB
SReclaimable:      31852 kB
SUnreclaim:        66764 kB
KernelStack:       39792 kB
PageTables:        52228 kB
NFS_Unstable:          0 kB
Bounce:                0 kB
WritebackTmp:          0 kB
CommitLimit:     2152132 kB
Committed_AS:   123357952 kB
VmallocTotal:   251658176 kB
VmallocUsed:      136804 kB
VmallocChunk:   251439148 kB
Time pass: 61 sec

---2015-12-05 14:07:44
MemTotal:        2873608 kB
MemFree:           80428 kB
Buffers:           15176 kB
Cached:           973068 kB
SwapCached:            0 kB
Active:          1321752 kB
Inactive:         698560 kB
Active(anon):     834792 kB
Inactive(anon):   212020 kB
Active(file):     486960 kB
Inactive(file):   486540 kB
Unevictable:       13568 kB
Mlocked:               0 kB
SwapTotal:        715328 kB
SwapFree:         710444 kB
Dirty:               268 kB
Writeback:             0 kB
AnonPages:       1045688 kB
Mapped:           632660 kB
Shmem:              1124 kB
Slab:              98552 kB
SReclaimable:      31756 kB
SUnreclaim:        66796 kB
KernelStack:       39392 kB
PageTables:        51604 kB
NFS_Unstable:          0 kB
Bounce:                0 kB
WritebackTmp:          0 kB
CommitLimit:     2152132 kB
Committed_AS:   121574932 kB
VmallocTotal:   251658176 kB
VmallocUsed:      135896 kB
VmallocChunk:   251439148 kB
Time pass: 65 sec

---2015-12-05 14:07:44
MemTotal:        2873608 kB
MemFree:           80372 kB
Buffers:           15192 kB
Cached:           973068 kB
SwapCached:            0 kB
Active:          1322344 kB
Inactive:         698512 kB
Active(anon):     835276 kB
Inactive(anon):   212020 kB
Active(file):     487068 kB
Inactive(file):   486492 kB
Unevictable:       13568 kB
Mlocked:               0 kB
SwapTotal:        715328 kB
SwapFree:         710444 kB
Dirty:                12 kB
Writeback:             0 kB
AnonPages:       1046092 kB
Mapped:           632672 kB
Shmem:              1124 kB
Slab:              98552 kB
SReclaimable:      31756 kB
SUnreclaim:        66796 kB
KernelStack:       39392 kB
PageTables:        51600 kB
NFS_Unstable:          0 kB
Bounce:                0 kB
WritebackTmp:          0 kB
CommitLimit:     2152132 kB
Committed_AS:   121574980 kB
VmallocTotal:   251658176 kB
VmallocUsed:      135896 kB
VmallocChunk:   251439148 kB
Time pass: 69 sec

---2015-12-05 14:07:44
MemTotal:        2873608 kB
MemFree:           85952 kB
Buffers:           14804 kB
Cached:           950068 kB
SwapCached:            0 kB
Active:          1308752 kB
Inactive:         687404 kB
Active(anon):     833652 kB
Inactive(anon):   212324 kB
Active(file):     475100 kB
Inactive(file):   475080 kB
Unevictable:       13568 kB
Mlocked:               0 kB
SwapTotal:        715328 kB
SwapFree:         710088 kB
Dirty:               584 kB
Writeback:             0 kB
AnonPages:       1044924 kB
Mapped:           644948 kB
Shmem:              1124 kB
Slab:              98916 kB
SReclaimable:      31996 kB
SUnreclaim:        66920 kB
KernelStack:       39360 kB
PageTables:        50936 kB
NFS_Unstable:          0 kB
Bounce:                0 kB
WritebackTmp:          0 kB
CommitLimit:     2152132 kB
Committed_AS:   119788528 kB
VmallocTotal:   251658176 kB
VmallocUsed:      135036 kB
VmallocChunk:   251439148 kB
Time pass: 72 sec

---2015-12-05 14:07:44
MemTotal:        2873608 kB
MemFree:           76016 kB
Buffers:           14836 kB
Cached:           952908 kB
SwapCached:            0 kB
Active:          1344428 kB
Inactive:         661812 kB
Active(anon):     840936 kB
Inactive(anon):   212312 kB
Active(file):     503492 kB
Inactive(file):   449500 kB
Unevictable:       13568 kB
Mlocked:               0 kB
SwapTotal:        715328 kB
SwapFree:         710088 kB
Dirty:               392 kB
Writeback:             0 kB
AnonPages:       1052564 kB
Mapped:           631988 kB
Shmem:              1124 kB
Slab:              98824 kB
SReclaimable:      32028 kB
SUnreclaim:        66796 kB
KernelStack:       39104 kB
PageTables:        50664 kB
NFS_Unstable:          0 kB
Bounce:                0 kB
WritebackTmp:          0 kB
CommitLimit:     2152132 kB
Committed_AS:   119800952 kB
VmallocTotal:   251658176 kB
VmallocUsed:      135036 kB
VmallocChunk:   251439148 kB
Time pass: 76 sec

---2015-12-05 14:07:44
MemTotal:        2873608 kB
MemFree:           70092 kB
Buffers:           14868 kB
Cached:           948584 kB
SwapCached:           12 kB
Active:          1349296 kB
Inactive:         663296 kB
Active(anon):     851148 kB
Inactive(anon):   212704 kB
Active(file):     498148 kB
Inactive(file):   450592 kB
Unevictable:       13568 kB
Mlocked:               0 kB
SwapTotal:        715328 kB
SwapFree:         709692 kB
Dirty:               332 kB
Writeback:             0 kB
AnonPages:       1062960 kB
Mapped:           632656 kB
Shmem:              1260 kB
Slab:              98072 kB
SReclaimable:      31068 kB
SUnreclaim:        67004 kB
KernelStack:       39392 kB
PageTables:        50888 kB
NFS_Unstable:          0 kB
Bounce:                0 kB
WritebackTmp:          0 kB
CommitLimit:     2152132 kB
Committed_AS:   119836668 kB
VmallocTotal:   251658176 kB
VmallocUsed:      137468 kB
VmallocChunk:   251439148 kB
Time pass: 80 sec

---2015-12-05 14:07:44
MemTotal:        2873608 kB
MemFree:           68272 kB
Buffers:           14744 kB
Cached:           928700 kB
SwapCached:           12 kB
Active:          1337324 kB
Inactive:         653748 kB
Active(anon):     849928 kB
Inactive(anon):   212724 kB
Active(file):     487396 kB
Inactive(file):   441024 kB
Unevictable:       13568 kB
Mlocked:               0 kB
SwapTotal:        715328 kB
SwapFree:         708532 kB
Dirty:                48 kB
Writeback:             0 kB
AnonPages:       1061452 kB
Mapped:           631772 kB
Shmem:              1456 kB
Slab:              98700 kB
SReclaimable:      31820 kB
SUnreclaim:        66880 kB
KernelStack:       39360 kB
PageTables:        51052 kB
NFS_Unstable:          0 kB
Bounce:                0 kB
WritebackTmp:          0 kB
CommitLimit:     2152132 kB
Committed_AS:   119840760 kB
VmallocTotal:   251658176 kB
VmallocUsed:      137468 kB
VmallocChunk:   251439148 kB
Time pass: 84 sec

---2015-12-05 14:07:44
MemTotal:        2873608 kB
MemFree:           68704 kB
Buffers:           14768 kB
Cached:           921604 kB
SwapCached:           12 kB
Active:          1341672 kB
Inactive:         649700 kB
Active(anon):     856276 kB
Inactive(anon):   213748 kB
Active(file):     485396 kB
Inactive(file):   435952 kB
Unevictable:       13568 kB
Mlocked:               0 kB
SwapTotal:        715328 kB
SwapFree:         708188 kB
Dirty:                40 kB
Writeback:           212 kB
AnonPages:       1068884 kB
Mapped:           637616 kB
Shmem:              1456 kB
Slab:              98640 kB
SReclaimable:      31804 kB
SUnreclaim:        66836 kB
KernelStack:       39376 kB
PageTables:        51204 kB
NFS_Unstable:          0 kB
Bounce:                0 kB
WritebackTmp:          0 kB
CommitLimit:     2152132 kB
Committed_AS:   120388048 kB
VmallocTotal:   251658176 kB
VmallocUsed:      137468 kB
VmallocChunk:   251439148 kB
Time pass: 88 sec

---2015-12-05 14:07:44
MemTotal:        2873608 kB
MemFree:           72116 kB
Buffers:           14784 kB
Cached:           921840 kB
SwapCached:           12 kB
Active:          1337588 kB
Inactive:         649936 kB
Active(anon):     852176 kB
Inactive(anon):   213984 kB
Active(file):     485412 kB
Inactive(file):   435952 kB
Unevictable:       13568 kB
Mlocked:               0 kB
SwapTotal:        715328 kB
SwapFree:         708188 kB
Dirty:               116 kB
Writeback:             0 kB
AnonPages:       1064568 kB
Mapped:           637924 kB
Shmem:              1692 kB
Slab:              98640 kB
SReclaimable:      31804 kB
SUnreclaim:        66836 kB
KernelStack:       39328 kB
PageTables:        51264 kB
NFS_Unstable:          0 kB
Bounce:                0 kB
WritebackTmp:          0 kB
CommitLimit:     2152132 kB
Committed_AS:   120392112 kB
VmallocTotal:   251658176 kB
VmallocUsed:      137468 kB
VmallocChunk:   251439148 kB
Time pass: 92 sec

---2015-12-05 14:07:44
MemTotal:        2873608 kB
MemFree:           71036 kB
Buffers:           14792 kB
Cached:           921840 kB
SwapCached:           12 kB
Active:          1337616 kB
Inactive:         649940 kB
Active(anon):     852204 kB
Inactive(anon):   213980 kB
Active(file):     485412 kB
Inactive(file):   435960 kB
Unevictable:       13568 kB
Mlocked:               0 kB
SwapTotal:        715328 kB
SwapFree:         708188 kB
Dirty:                32 kB
Writeback:             0 kB
AnonPages:       1064708 kB
Mapped:           637764 kB
Shmem:              1692 kB
Slab:              98680 kB
SReclaimable:      31804 kB
SUnreclaim:        66876 kB
KernelStack:       39360 kB
PageTables:        51204 kB
NFS_Unstable:          0 kB
Bounce:                0 kB
WritebackTmp:          0 kB
CommitLimit:     2152132 kB
Committed_AS:   120392288 kB
VmallocTotal:   251658176 kB
VmallocUsed:      137468 kB
VmallocChunk:   251439148 kB
Time pass: 96 sec

---2015-12-05 14:07:44
MemTotal:        2873608 kB
MemFree:           83116 kB
Buffers:           14808 kB
Cached:           923216 kB
SwapCached:           12 kB
Active:          1331488 kB
Inactive:         649664 kB
Active(anon):     844408 kB
Inactive(anon):   213412 kB
Active(file):     487080 kB
Inactive(file):   436252 kB
Unevictable:       13568 kB
Mlocked:               0 kB
SwapTotal:        715328 kB
SwapFree:         708188 kB
Dirty:                52 kB
Writeback:             0 kB
AnonPages:       1057060 kB
Mapped:           638088 kB
Shmem:              1124 kB
Slab:              98756 kB
SReclaimable:      31804 kB
SUnreclaim:        66952 kB
KernelStack:       39024 kB
PageTables:        50908 kB
NFS_Unstable:          0 kB
Bounce:                0 kB
WritebackTmp:          0 kB
CommitLimit:     2152132 kB
Committed_AS:   120369164 kB
VmallocTotal:   251658176 kB
VmallocUsed:      137448 kB
VmallocChunk:   251439148 kB
Time pass: 99 sec

---2015-12-05 14:07:44
MemTotal:        2873608 kB
MemFree:          353968 kB
Buffers:           12648 kB
Cached:           892056 kB
SwapCached:           12 kB
Active:          1204000 kB
Inactive:         631772 kB
Active(anon):     735564 kB
Inactive(anon):   210168 kB
Active(file):     468436 kB
Inactive(file):   421604 kB
Unevictable:       13568 kB
Mlocked:               0 kB
SwapTotal:        715328 kB
SwapFree:         705668 kB
Dirty:               428 kB
Writeback:             0 kB
AnonPages:        944684 kB
Mapped:           465640 kB
Shmem:               988 kB
Slab:              98644 kB
SReclaimable:      31728 kB
SUnreclaim:        66916 kB
KernelStack:       37024 kB
PageTables:        48504 kB
NFS_Unstable:          0 kB
Bounce:                0 kB
WritebackTmp:          0 kB
CommitLimit:     2152132 kB
Committed_AS:   117701988 kB
VmallocTotal:   251658176 kB
VmallocUsed:      134324 kB
VmallocChunk:   251439148 kB
Time pass: 103 sec

---2015-12-05 14:07:44
MemTotal:        2873608 kB
MemFree:          403364 kB
Buffers:           12684 kB
Cached:           893008 kB
SwapCached:           12 kB
Active:          1230352 kB
Inactive:         622556 kB
Active(anon):     751764 kB
Inactive(anon):   210164 kB
Active(file):     478588 kB
Inactive(file):   412392 kB
Unevictable:       13568 kB
Mlocked:               0 kB
SwapTotal:        715328 kB
SwapFree:         705668 kB
Dirty:              1016 kB
Writeback:            20 kB
AnonPages:        960804 kB
Mapped:           442512 kB
Shmem:               988 kB
Slab:              98908 kB
SReclaimable:      31872 kB
SUnreclaim:        67036 kB
KernelStack:       37328 kB
PageTables:        49164 kB
NFS_Unstable:          0 kB
Bounce:                0 kB
WritebackTmp:          0 kB
CommitLimit:     2152132 kB
Committed_AS:   118988344 kB
VmallocTotal:   251658176 kB
VmallocUsed:      134688 kB
VmallocChunk:   251439148 kB
Time pass: 107 sec

---2015-12-05 14:07:44
MemTotal:        2873608 kB
MemFree:          293124 kB
Buffers:           12840 kB
Cached:           895492 kB
SwapCached:           12 kB
Active:          1256708 kB
Inactive:         623492 kB
Active(anon):     776260 kB
Inactive(anon):   210300 kB
Active(file):     480448 kB
Inactive(file):   413192 kB
Unevictable:       13568 kB
Mlocked:               0 kB
SwapTotal:        715328 kB
SwapFree:         705668 kB
Dirty:               908 kB
Writeback:           204 kB
AnonPages:        985752 kB
Mapped:           525348 kB
Shmem:              1124 kB
Slab:              98788 kB
SReclaimable:      31936 kB
SUnreclaim:        66852 kB
KernelStack:       38208 kB
PageTables:        49780 kB
NFS_Unstable:          0 kB
Bounce:                0 kB
WritebackTmp:          0 kB
CommitLimit:     2152132 kB
Committed_AS:   119031148 kB
VmallocTotal:   251658176 kB
VmallocUsed:      135372 kB
VmallocChunk:   251439148 kB
Time pass: 111 sec

---2015-12-05 14:07:44
MemTotal:        2873608 kB
MemFree:          222948 kB
Buffers:           14376 kB
Cached:           896484 kB
SwapCached:           12 kB
Active:          1264572 kB
Inactive:         624284 kB
Active(anon):     782376 kB
Inactive(anon):   210300 kB
Active(file):     482196 kB
Inactive(file):   413984 kB
Unevictable:       13568 kB
Mlocked:               0 kB
SwapTotal:        715328 kB
SwapFree:         705668 kB
Dirty:              2124 kB
Writeback:             0 kB
AnonPages:        991712 kB
Mapped:           579948 kB
Shmem:              1124 kB
Slab:              98692 kB
SReclaimable:      31824 kB
SUnreclaim:        66868 kB
KernelStack:       38144 kB
PageTables:        49864 kB
NFS_Unstable:          0 kB
Bounce:                0 kB
WritebackTmp:          0 kB
CommitLimit:     2152132 kB
Committed_AS:   119036948 kB
VmallocTotal:   251658176 kB
VmallocUsed:      133420 kB
VmallocChunk:   251439148 kB
Time pass: 114 sec

---2015-12-05 14:07:44
MemTotal:        2873608 kB
MemFree:          221140 kB
Buffers:           14392 kB
Cached:           896700 kB
SwapCached:           12 kB
Active:          1265404 kB
Inactive:         624476 kB
Active(anon):     783180 kB
Inactive(anon):   210300 kB
Active(file):     482224 kB
Inactive(file):   414176 kB
Unevictable:       13568 kB
Mlocked:               0 kB
SwapTotal:        715328 kB
SwapFree:         705668 kB
Dirty:               148 kB
Writeback:             0 kB
AnonPages:        992420 kB
Mapped:           580092 kB
Shmem:              1124 kB
Slab:              98672 kB
SReclaimable:      31824 kB
SUnreclaim:        66848 kB
KernelStack:       38144 kB
PageTables:        49860 kB
NFS_Unstable:          0 kB
Bounce:                0 kB
WritebackTmp:          0 kB
CommitLimit:     2152132 kB
Committed_AS:   119037052 kB
VmallocTotal:   251658176 kB
VmallocUsed:      133420 kB
VmallocChunk:   251439148 kB
Time pass: 118 sec

---2015-12-05 14:07:44
MemTotal:        2873608 kB
MemFree:          206624 kB
Buffers:           14416 kB
Cached:           896836 kB
SwapCached:           12 kB
Active:          1266488 kB
Inactive:         624432 kB
Active(anon):     784068 kB
Inactive(anon):   210300 kB
Active(file):     482420 kB
Inactive(file):   414132 kB
Unevictable:       13568 kB
Mlocked:               0 kB
SwapTotal:        715328 kB
SwapFree:         705668 kB
Dirty:               208 kB
Writeback:             0 kB
AnonPages:        993260 kB
Mapped:           589840 kB
Shmem:              1124 kB
Slab:              98672 kB
SReclaimable:      31824 kB
SUnreclaim:        66848 kB
KernelStack:       38144 kB
PageTables:        49888 kB
NFS_Unstable:          0 kB
Bounce:                0 kB
WritebackTmp:          0 kB
CommitLimit:     2152132 kB
Committed_AS:   119037108 kB
VmallocTotal:   251658176 kB
VmallocUsed:      133528 kB
VmallocChunk:   251439148 kB
Time pass: 122 sec

---2015-12-05 14:07:44
MemTotal:        2873608 kB
MemFree:          176340 kB
Buffers:           14416 kB
Cached:           896860 kB
SwapCached:           12 kB
Active:          1273128 kB
Inactive:         624416 kB
Active(anon):     790660 kB
Inactive(anon):   210300 kB
Active(file):     482468 kB
Inactive(file):   414116 kB
Unevictable:       13568 kB
Mlocked:               0 kB
SwapTotal:        715328 kB
SwapFree:         705668 kB
Dirty:               536 kB
Writeback:             0 kB
AnonPages:        999860 kB
Mapped:           603696 kB
Shmem:              1124 kB
Slab:              98672 kB
SReclaimable:      31824 kB
SUnreclaim:        66848 kB
KernelStack:       38160 kB
PageTables:        49888 kB
NFS_Unstable:          0 kB
Bounce:                0 kB
WritebackTmp:          0 kB
CommitLimit:     2152132 kB
Committed_AS:   119045900 kB
VmallocTotal:   251658176 kB
VmallocUsed:      133688 kB
VmallocChunk:   251439148 kB
Time pass: 126 sec

---2015-12-05 14:07:44
MemTotal:        2873608 kB
MemFree:          178988 kB
Buffers:           14424 kB
Cached:           897036 kB
SwapCached:           12 kB
Active:          1270916 kB
Inactive:         624536 kB
Active(anon):     788444 kB
Inactive(anon):   210300 kB
Active(file):     482472 kB
Inactive(file):   414236 kB
Unevictable:       13568 kB
Mlocked:               0 kB
SwapTotal:        715328 kB
SwapFree:         705668 kB
Dirty:                 0 kB
Writeback:             0 kB
AnonPages:        997516 kB
Mapped:           603796 kB
Shmem:              1124 kB
Slab:              98672 kB
SReclaimable:      31824 kB
SUnreclaim:        66848 kB
KernelStack:       38160 kB
PageTables:        49884 kB
NFS_Unstable:          0 kB
Bounce:                0 kB
WritebackTmp:          0 kB
CommitLimit:     2152132 kB
Committed_AS:   119045972 kB
VmallocTotal:   251658176 kB
VmallocUsed:      133688 kB
VmallocChunk:   251439148 kB
Time pass: 130 sec

---2015-12-05 14:07:44
MemTotal:        2873608 kB
MemFree:          179376 kB
Buffers:           14424 kB
Cached:           897036 kB
SwapCached:           12 kB
Active:          1270708 kB
Inactive:         624596 kB
Active(anon):     788236 kB
Inactive(anon):   210300 kB
Active(file):     482472 kB
Inactive(file):   414296 kB
Unevictable:       13568 kB
Mlocked:               0 kB
SwapTotal:        715328 kB
SwapFree:         705668 kB
Dirty:                 0 kB
Writeback:             0 kB
AnonPages:        997428 kB
Mapped:           603936 kB
Shmem:              1124 kB
Slab:              98704 kB
SReclaimable:      31824 kB
SUnreclaim:        66880 kB
KernelStack:       38128 kB
PageTables:        49896 kB
NFS_Unstable:          0 kB
Bounce:                0 kB
WritebackTmp:          0 kB
CommitLimit:     2152132 kB
Committed_AS:   119045940 kB
VmallocTotal:   251658176 kB
VmallocUsed:      133688 kB
VmallocChunk:   251439148 kB
Time pass: 134 sec

---2015-12-05 14:07:44
MemTotal:        2873608 kB
MemFree:          177216 kB
Buffers:           14432 kB
Cached:           897044 kB
SwapCached:           12 kB
Active:          1270988 kB
Inactive:         624592 kB
Active(anon):     788508 kB
Inactive(anon):   210300 kB
Active(file):     482480 kB
Inactive(file):   414292 kB
Unevictable:       13568 kB
Mlocked:               0 kB
SwapTotal:        715328 kB
SwapFree:         705668 kB
Dirty:                44 kB
Writeback:             0 kB
AnonPages:        997672 kB
Mapped:           604008 kB
Shmem:              1124 kB
Slab:              98696 kB
SReclaimable:      31824 kB
SUnreclaim:        66872 kB
KernelStack:       38160 kB
PageTables:        49920 kB
NFS_Unstable:          0 kB
Bounce:                0 kB
WritebackTmp:          0 kB
CommitLimit:     2152132 kB
Committed_AS:   119045980 kB
VmallocTotal:   251658176 kB
VmallocUsed:      133688 kB
VmallocChunk:   251439148 kB
Time pass: 137 sec

---2015-12-05 14:07:44
MemTotal:        2873608 kB
MemFree:          162760 kB
Buffers:           14464 kB
Cached:           897236 kB
SwapCached:           12 kB
Active:          1285148 kB
Inactive:         623788 kB
Active(anon):     801676 kB
Inactive(anon):   210436 kB
Active(file):     483472 kB
Inactive(file):   413352 kB
Unevictable:       13568 kB
Mlocked:               0 kB
SwapTotal:        715328 kB
SwapFree:         705668 kB
Dirty:                 0 kB
Writeback:             0 kB
AnonPages:       1010784 kB
Mapped:           607180 kB
Shmem:              1308 kB
Slab:              98772 kB
SReclaimable:      31824 kB
SUnreclaim:        66948 kB
KernelStack:       38528 kB
PageTables:        50112 kB
NFS_Unstable:          0 kB
Bounce:                0 kB
WritebackTmp:          0 kB
CommitLimit:     2152132 kB
Committed_AS:   119089944 kB
VmallocTotal:   251658176 kB
VmallocUsed:      136120 kB
VmallocChunk:   251439148 kB
Time pass: 141 sec

---2015-12-05 14:07:44
MemTotal:        2873608 kB
MemFree:          160780 kB
Buffers:           14472 kB
Cached:           897556 kB
SwapCached:           12 kB
Active:          1285668 kB
Inactive:         624160 kB
Active(anon):     802196 kB
Inactive(anon):   210800 kB
Active(file):     483472 kB
Inactive(file):   413360 kB
Unevictable:       13568 kB
Mlocked:               0 kB
SwapTotal:        715328 kB
SwapFree:         705668 kB
Dirty:                 4 kB
Writeback:             0 kB
AnonPages:       1011352 kB
Mapped:           607608 kB
Shmem:              1628 kB
Slab:              98772 kB
SReclaimable:      31824 kB
SUnreclaim:        66948 kB
KernelStack:       38528 kB
PageTables:        50228 kB
NFS_Unstable:          0 kB
Bounce:                0 kB
WritebackTmp:          0 kB
CommitLimit:     2152132 kB
Committed_AS:   119089972 kB
VmallocTotal:   251658176 kB
VmallocUsed:      136120 kB
VmallocChunk:   251439148 kB
Time pass: 145 sec

---2015-12-05 14:07:44
MemTotal:        2873608 kB
MemFree:          160536 kB
Buffers:           14472 kB
Cached:           897732 kB
SwapCached:           12 kB
Active:          1286200 kB
Inactive:         624332 kB
Active(anon):     802724 kB
Inactive(anon):   210964 kB
Active(file):     483476 kB
Inactive(file):   413368 kB
Unevictable:       13568 kB
Mlocked:               0 kB
SwapTotal:        715328 kB
SwapFree:         705668 kB
Dirty:                48 kB
Writeback:             0 kB
AnonPages:       1011864 kB
Mapped:           607784 kB
Shmem:              1792 kB
Slab:              98724 kB
SReclaimable:      31824 kB
SUnreclaim:        66900 kB
KernelStack:       38528 kB
PageTables:        50256 kB
NFS_Unstable:          0 kB
Bounce:                0 kB
WritebackTmp:          0 kB
CommitLimit:     2152132 kB
Committed_AS:   119089956 kB
VmallocTotal:   251658176 kB
VmallocUsed:      136120 kB
VmallocChunk:   251439148 kB
Time pass: 149 sec

---2015-12-05 14:07:44
MemTotal:        2873608 kB
MemFree:          159700 kB
Buffers:           14480 kB
Cached:           898004 kB
SwapCached:           12 kB
Active:          1286396 kB
Inactive:         624612 kB
Active(anon):     802920 kB
Inactive(anon):   211236 kB
Active(file):     483476 kB
Inactive(file):   413376 kB
Unevictable:       13568 kB
Mlocked:               0 kB
SwapTotal:        715328 kB
SwapFree:         705668 kB
Dirty:                16 kB
Writeback:             0 kB
AnonPages:       1012060 kB
Mapped:           608024 kB
Shmem:              2064 kB
Slab:              98724 kB
SReclaimable:      31824 kB
SUnreclaim:        66900 kB
KernelStack:       38528 kB
PageTables:        50224 kB
NFS_Unstable:          0 kB
Bounce:                0 kB
WritebackTmp:          0 kB
CommitLimit:     2152132 kB
Committed_AS:   119089964 kB
VmallocTotal:   251658176 kB
VmallocUsed:      136120 kB
VmallocChunk:   251439148 kB
Time pass: 153 sec

---2015-12-05 14:07:44
MemTotal:        2873608 kB
MemFree:          161664 kB
Buffers:           14496 kB
Cached:           897208 kB
SwapCached:           12 kB
Active:          1287376 kB
Inactive:         623836 kB
Active(anon):     803760 kB
Inactive(anon):   210604 kB
Active(file):     483616 kB
Inactive(file):   413232 kB
Unevictable:       13568 kB
Mlocked:               0 kB
SwapTotal:        715328 kB
SwapFree:         705668 kB
Dirty:                 4 kB
Writeback:             4 kB
AnonPages:       1013064 kB
Mapped:           607724 kB
Shmem:              1288 kB
Slab:              98720 kB
SReclaimable:      31824 kB
SUnreclaim:        66896 kB
KernelStack:       38480 kB
PageTables:        50280 kB
NFS_Unstable:          0 kB
Bounce:                0 kB
WritebackTmp:          0 kB
CommitLimit:     2152132 kB
Committed_AS:   119062520 kB
VmallocTotal:   251658176 kB
VmallocUsed:      136120 kB
VmallocChunk:   251439148 kB
Time pass: 157 sec

---2015-12-05 14:07:44
MemTotal:        2873608 kB
MemFree:          152840 kB
Buffers:           14560 kB
Cached:           897184 kB
SwapCached:           12 kB
Active:          1295140 kB
Inactive:         623632 kB
Active(anon):     811424 kB
Inactive(anon):   210428 kB
Active(file):     483716 kB
Inactive(file):   413204 kB
Unevictable:       13568 kB
Mlocked:               0 kB
SwapTotal:        715328 kB
SwapFree:         705668 kB
Dirty:                84 kB
Writeback:             0 kB
AnonPages:       1020744 kB
Mapped:           608852 kB
Shmem:              1256 kB
Slab:              98704 kB
SReclaimable:      31824 kB
SUnreclaim:        66880 kB
KernelStack:       38560 kB
PageTables:        50200 kB
NFS_Unstable:          0 kB
Bounce:                0 kB
WritebackTmp:          0 kB
CommitLimit:     2152132 kB
Committed_AS:   119094116 kB
VmallocTotal:   251658176 kB
VmallocUsed:      136120 kB
VmallocChunk:   251439148 kB
Time pass: 160 sec

---2015-12-05 14:07:44
MemTotal:        2873608 kB
MemFree:          150868 kB
Buffers:           14560 kB
Cached:           897328 kB
SwapCached:           12 kB
Active:          1295864 kB
Inactive:         623776 kB
Active(anon):     812148 kB
Inactive(anon):   210556 kB
Active(file):     483716 kB
Inactive(file):   413220 kB
Unevictable:       13568 kB
Mlocked:               0 kB
SwapTotal:        715328 kB
SwapFree:         705668 kB
Dirty:                 4 kB
Writeback:             0 kB
AnonPages:       1021436 kB
Mapped:           609048 kB
Shmem:              1384 kB
Slab:              98708 kB
SReclaimable:      31824 kB
SUnreclaim:        66884 kB
KernelStack:       38544 kB
PageTables:        50212 kB
NFS_Unstable:          0 kB
Bounce:                0 kB
WritebackTmp:          0 kB
CommitLimit:     2152132 kB
Committed_AS:   119094204 kB
VmallocTotal:   251658176 kB
VmallocUsed:      136120 kB
VmallocChunk:   251439148 kB
Time pass: 164 sec

---2015-12-05 14:07:44
MemTotal:        2873608 kB
MemFree:          149444 kB
Buffers:           14568 kB
Cached:           897388 kB
SwapCached:           12 kB
Active:          1297096 kB
Inactive:         623844 kB
Active(anon):     813380 kB
Inactive(anon):   210612 kB
Active(file):     483716 kB
Inactive(file):   413232 kB
Unevictable:       13568 kB
Mlocked:               0 kB
SwapTotal:        715328 kB
SwapFree:         705668 kB
Dirty:               100 kB
Writeback:             0 kB
AnonPages:       1022448 kB
Mapped:           608980 kB
Shmem:              1440 kB
Slab:              98708 kB
SReclaimable:      31824 kB
SUnreclaim:        66884 kB
KernelStack:       38496 kB
PageTables:        50236 kB
NFS_Unstable:          0 kB
Bounce:                0 kB
WritebackTmp:          0 kB
CommitLimit:     2152132 kB
Committed_AS:   119094172 kB
VmallocTotal:   251658176 kB
VmallocUsed:      136120 kB
VmallocChunk:   251439148 kB
Time pass: 168 sec

---2015-12-05 14:07:44
MemTotal:        2873608 kB
MemFree:          150136 kB
Buffers:           14576 kB
Cached:           897408 kB
SwapCached:           12 kB
Active:          1296972 kB
Inactive:         623872 kB
Active(anon):     813256 kB
Inactive(anon):   210632 kB
Active(file):     483716 kB
Inactive(file):   413240 kB
Unevictable:       13568 kB
Mlocked:               0 kB
SwapTotal:        715328 kB
SwapFree:         705668 kB
Dirty:                12 kB
Writeback:             0 kB
AnonPages:       1022480 kB
Mapped:           609228 kB
Shmem:              1460 kB
Slab:              98716 kB
SReclaimable:      31824 kB
SUnreclaim:        66892 kB
KernelStack:       38480 kB
PageTables:        50236 kB
NFS_Unstable:          0 kB
Bounce:                0 kB
WritebackTmp:          0 kB
CommitLimit:     2152132 kB
Committed_AS:   119094140 kB
VmallocTotal:   251658176 kB
VmallocUsed:      136120 kB
VmallocChunk:   251439148 kB
Time pass: 172 sec

---2015-12-05 14:07:44
MemTotal:        2873608 kB
MemFree:          160752 kB
Buffers:           14576 kB
Cached:           897076 kB
SwapCached:           12 kB
Active:          1287256 kB
Inactive:         623532 kB
Active(anon):     803532 kB
Inactive(anon):   210296 kB
Active(file):     483724 kB
Inactive(file):   413236 kB
Unevictable:       13568 kB
Mlocked:               0 kB
SwapTotal:        715328 kB
SwapFree:         705668 kB
Dirty:                20 kB
Writeback:             0 kB
AnonPages:       1012720 kB
Mapped:           608788 kB
Shmem:              1124 kB
Slab:              98708 kB
SReclaimable:      31824 kB
SUnreclaim:        66884 kB
KernelStack:       38080 kB
PageTables:        50024 kB
NFS_Unstable:          0 kB
Bounce:                0 kB
WritebackTmp:          0 kB
CommitLimit:     2152132 kB
Committed_AS:   119066784 kB
VmallocTotal:   251658176 kB
VmallocUsed:      136120 kB
VmallocChunk:   251439148 kB
Time pass: 176 sec

---2015-12-05 14:07:44
MemTotal:        2873608 kB
MemFree:          161244 kB
Buffers:           14576 kB
Cached:           897076 kB
SwapCached:           12 kB
Active:          1287252 kB
Inactive:         623532 kB
Active(anon):     803528 kB
Inactive(anon):   210296 kB
Active(file):     483724 kB
Inactive(file):   413236 kB
Unevictable:       13568 kB
Mlocked:               0 kB
SwapTotal:        715328 kB
SwapFree:         705668 kB
Dirty:                 8 kB
Writeback:             0 kB
AnonPages:       1012856 kB
Mapped:           608704 kB
Shmem:              1124 kB
Slab:              98708 kB
SReclaimable:      31824 kB
SUnreclaim:        66884 kB
KernelStack:       38112 kB
PageTables:        49992 kB
NFS_Unstable:          0 kB
Bounce:                0 kB
WritebackTmp:          0 kB
CommitLimit:     2152132 kB
Committed_AS:   119066576 kB
VmallocTotal:   251658176 kB
VmallocUsed:      136104 kB
VmallocChunk:   251439148 kB
Time pass: 180 sec

---2015-12-05 14:07:44
MemTotal:        2873608 kB
MemFree:          161116 kB
Buffers:           14600 kB
Cached:           897076 kB
SwapCached:           12 kB
Active:          1287392 kB
Inactive:         623556 kB
Active(anon):     803668 kB
Inactive(anon):   210296 kB
Active(file):     483724 kB
Inactive(file):   413260 kB
Unevictable:       13568 kB
Mlocked:               0 kB
SwapTotal:        715328 kB
SwapFree:         705668 kB
Dirty:                40 kB
Writeback:             0 kB
AnonPages:       1012832 kB
Mapped:           608796 kB
Shmem:              1124 kB
Slab:              98708 kB
SReclaimable:      31824 kB
SUnreclaim:        66884 kB
KernelStack:       38112 kB
PageTables:        50020 kB
NFS_Unstable:          0 kB
Bounce:                0 kB
WritebackTmp:          0 kB
CommitLimit:     2152132 kB
Committed_AS:   119066648 kB
VmallocTotal:   251658176 kB
VmallocUsed:      136104 kB
VmallocChunk:   251439148 kB
Time pass: 184 sec

---2015-12-05 14:07:44
MemTotal:        2873608 kB
MemFree:          160804 kB
Buffers:           14608 kB
Cached:           897076 kB
SwapCached:           12 kB
Active:          1287672 kB
Inactive:         623564 kB
Active(anon):     803948 kB
Inactive(anon):   210296 kB
Active(file):     483724 kB
Inactive(file):   413268 kB
Unevictable:       13568 kB
Mlocked:               0 kB
SwapTotal:        715328 kB
SwapFree:         705668 kB
Dirty:                44 kB
Writeback:             4 kB
AnonPages:       1012972 kB
Mapped:           608804 kB
Shmem:              1124 kB
Slab:              98708 kB
SReclaimable:      31824 kB
SUnreclaim:        66884 kB
KernelStack:       38128 kB
PageTables:        50020 kB
NFS_Unstable:          0 kB
Bounce:                0 kB
WritebackTmp:          0 kB
CommitLimit:     2152132 kB
Committed_AS:   119066680 kB
VmallocTotal:   251658176 kB
VmallocUsed:      136104 kB
VmallocChunk:   251439148 kB
Time pass: 188 sec

---2015-12-05 14:07:44
MemTotal:        2873608 kB
MemFree:          151216 kB
Buffers:           14608 kB
Cached:           897228 kB
SwapCached:           12 kB
Active:          1297740 kB
Inactive:         623700 kB
Active(anon):     814016 kB
Inactive(anon):   210432 kB
Active(file):     483724 kB
Inactive(file):   413268 kB
Unevictable:       13568 kB
Mlocked:               0 kB
SwapTotal:        715328 kB
SwapFree:         705668 kB
Dirty:                48 kB
Writeback:             0 kB
AnonPages:       1023040 kB
Mapped:           608964 kB
Shmem:              1276 kB
Slab:              98732 kB
SReclaimable:      31824 kB
SUnreclaim:        66908 kB
KernelStack:       38480 kB
PageTables:        50140 kB
NFS_Unstable:          0 kB
Bounce:                0 kB
WritebackTmp:          0 kB
CommitLimit:     2152132 kB
Committed_AS:   119102472 kB
VmallocTotal:   251658176 kB
VmallocUsed:      136120 kB
VmallocChunk:   251439148 kB
Time pass: 192 sec

---2015-12-05 14:07:44
MemTotal:        2873608 kB
MemFree:          149848 kB
Buffers:           14616 kB
Cached:           897264 kB
SwapCached:           12 kB
Active:          1297884 kB
Inactive:         623744 kB
Active(anon):     814160 kB
Inactive(anon):   210468 kB
Active(file):     483724 kB
Inactive(file):   413276 kB
Unevictable:       13568 kB
Mlocked:               0 kB
SwapTotal:        715328 kB
SwapFree:         705668 kB
Dirty:                 4 kB
Writeback:             0 kB
AnonPages:       1023396 kB
Mapped:           609104 kB
Shmem:              1312 kB
Slab:              98652 kB
SReclaimable:      31744 kB
SUnreclaim:        66908 kB
KernelStack:       38512 kB
PageTables:        50168 kB
NFS_Unstable:          0 kB
Bounce:                0 kB
WritebackTmp:          0 kB
CommitLimit:     2152132 kB
Committed_AS:   119102476 kB
VmallocTotal:   251658176 kB
VmallocUsed:      136120 kB
VmallocChunk:   251439148 kB
Time pass: 195 sec

---2015-12-05 14:07:44
MemTotal:        2873608 kB
MemFree:          149332 kB
Buffers:           14632 kB
Cached:           897296 kB
SwapCached:           12 kB
Active:          1297904 kB
Inactive:         623792 kB
Active(anon):     814180 kB
Inactive(anon):   210500 kB
Active(file):     483724 kB
Inactive(file):   413292 kB
Unevictable:       13568 kB
Mlocked:               0 kB
SwapTotal:        715328 kB
SwapFree:         705668 kB
Dirty:                52 kB
Writeback:             0 kB
AnonPages:       1023088 kB
Mapped:           609160 kB
Shmem:              1344 kB
Slab:              98644 kB
SReclaimable:      31744 kB
SUnreclaim:        66900 kB
KernelStack:       38512 kB
PageTables:        50212 kB
NFS_Unstable:          0 kB
Bounce:                0 kB
WritebackTmp:          0 kB
CommitLimit:     2152132 kB
Committed_AS:   119106556 kB
VmallocTotal:   251658176 kB
VmallocUsed:      136120 kB
VmallocChunk:   251439148 kB
Time pass: 199 sec

---2015-12-05 14:07:44
MemTotal:        2873608 kB
MemFree:          149664 kB
Buffers:           14640 kB
Cached:           897300 kB
SwapCached:           12 kB
Active:          1297460 kB
Inactive:         623800 kB
Active(anon):     813732 kB
Inactive(anon):   210500 kB
Active(file):     483728 kB
Inactive(file):   413300 kB
Unevictable:       13568 kB
Mlocked:               0 kB
SwapTotal:        715328 kB
SwapFree:         705668 kB
Dirty:                44 kB
Writeback:             0 kB
AnonPages:       1022732 kB
Mapped:           609356 kB
Shmem:              1344 kB
Slab:              98620 kB
SReclaimable:      31744 kB
SUnreclaim:        66876 kB
KernelStack:       38464 kB
PageTables:        50208 kB
NFS_Unstable:          0 kB
Bounce:                0 kB
WritebackTmp:          0 kB
CommitLimit:     2152132 kB
Committed_AS:   119106556 kB
VmallocTotal:   251658176 kB
VmallocUsed:      136120 kB
VmallocChunk:   251439148 kB
Time pass: 204 sec

---2015-12-05 14:07:44
MemTotal:        2873608 kB
MemFree:          149572 kB
Buffers:           14648 kB
Cached:           897300 kB
SwapCached:           12 kB
Active:          1297516 kB
Inactive:         623808 kB
Active(anon):     813788 kB
Inactive(anon):   210500 kB
Active(file):     483728 kB
Inactive(file):   413308 kB
Unevictable:       13568 kB
Mlocked:               0 kB
SwapTotal:        715328 kB
SwapFree:         705668 kB
Dirty:                16 kB
Writeback:             0 kB
AnonPages:       1022964 kB
Mapped:           609280 kB
Shmem:              1344 kB
Slab:              98616 kB
SReclaimable:      31744 kB
SUnreclaim:        66872 kB
KernelStack:       38512 kB
PageTables:        50176 kB
NFS_Unstable:          0 kB
Bounce:                0 kB
WritebackTmp:          0 kB
CommitLimit:     2152132 kB
Committed_AS:   119106572 kB
VmallocTotal:   251658176 kB
VmallocUsed:      136120 kB
VmallocChunk:   251439148 kB
Time pass: 208 sec

---2015-12-05 14:07:44
MemTotal:        2873608 kB
MemFree:          149280 kB
Buffers:           14648 kB
Cached:           897300 kB
SwapCached:           12 kB
Active:          1297572 kB
Inactive:         623808 kB
Active(anon):     813844 kB
Inactive(anon):   210500 kB
Active(file):     483728 kB
Inactive(file):   413308 kB
Unevictable:       13568 kB
Mlocked:               0 kB
SwapTotal:        715328 kB
SwapFree:         705668 kB
Dirty:                 0 kB
Writeback:             0 kB
AnonPages:       1022868 kB
Mapped:           609208 kB
Shmem:              1344 kB
Slab:              98644 kB
SReclaimable:      31744 kB
SUnreclaim:        66900 kB
KernelStack:       38464 kB
PageTables:        50144 kB
NFS_Unstable:          0 kB
Bounce:                0 kB
WritebackTmp:          0 kB
CommitLimit:     2152132 kB
Committed_AS:   119106556 kB
VmallocTotal:   251658176 kB
VmallocUsed:      136120 kB
VmallocChunk:   251439148 kB
Time pass: 215 sec

---2015-12-05 14:07:44
MemTotal:        2873608 kB
MemFree:          149248 kB
Buffers:           14648 kB
Cached:           897300 kB
SwapCached:           12 kB
Active:          1297500 kB
Inactive:         623808 kB
Active(anon):     813772 kB
Inactive(anon):   210500 kB
Active(file):     483728 kB
Inactive(file):   413308 kB
Unevictable:       13568 kB
Mlocked:               0 kB
SwapTotal:        715328 kB
SwapFree:         705668 kB
Dirty:                 0 kB
Writeback:             0 kB
AnonPages:       1023012 kB
Mapped:           609292 kB
Shmem:              1344 kB
Slab:              98616 kB
SReclaimable:      31744 kB
SUnreclaim:        66872 kB
KernelStack:       38432 kB
PageTables:        50144 kB
NFS_Unstable:          0 kB
Bounce:                0 kB
WritebackTmp:          0 kB
CommitLimit:     2152132 kB
Committed_AS:   119106564 kB
VmallocTotal:   251658176 kB
VmallocUsed:      136120 kB
VmallocChunk:   251439148 kB
Time pass: 221 sec

---2015-12-05 14:07:44
MemTotal:        2873608 kB
MemFree:          150304 kB
Buffers:           14664 kB
Cached:           897284 kB
SwapCached:           12 kB
Active:          1297936 kB
Inactive:         623808 kB
Active(anon):     814208 kB
Inactive(anon):   210500 kB
Active(file):     483728 kB
Inactive(file):   413308 kB
Unevictable:       13568 kB
Mlocked:               0 kB
SwapTotal:        715328 kB
SwapFree:         705668 kB
Dirty:                 0 kB
Writeback:             0 kB
AnonPages:       1023552 kB
Mapped:           609180 kB
Shmem:              1344 kB
Slab:              98616 kB
SReclaimable:      31744 kB
SUnreclaim:        66872 kB
KernelStack:       38512 kB
PageTables:        50180 kB
NFS_Unstable:          0 kB
Bounce:                0 kB
WritebackTmp:          0 kB
CommitLimit:     2152132 kB
Committed_AS:   119091464 kB
VmallocTotal:   251658176 kB
VmallocUsed:      136120 kB
VmallocChunk:   251439148 kB
Time pass: 225 sec

---2015-12-05 14:07:44
MemTotal:        2873608 kB
MemFree:          144600 kB
Buffers:           14688 kB
Cached:           897344 kB
SwapCached:           12 kB
Active:          1301480 kB
Inactive:         623888 kB
Active(anon):     817752 kB
Inactive(anon):   210540 kB
Active(file):     483728 kB
Inactive(file):   413348 kB
Unevictable:       13568 kB
Mlocked:               0 kB
SwapTotal:        715328 kB
SwapFree:         705668 kB
Dirty:                80 kB
Writeback:             0 kB
AnonPages:       1027116 kB
Mapped:           609472 kB
Shmem:              1388 kB
Slab:              98632 kB
SReclaimable:      31744 kB
SUnreclaim:        66888 kB
KernelStack:       38448 kB
PageTables:        50268 kB
NFS_Unstable:          0 kB
Bounce:                0 kB
WritebackTmp:          0 kB
CommitLimit:     2152132 kB
Committed_AS:   119118948 kB
VmallocTotal:   251658176 kB
VmallocUsed:      136120 kB
VmallocChunk:   251439148 kB
Time pass: 230 sec

---2015-12-05 14:07:44
MemTotal:        2873608 kB
MemFree:          143400 kB
Buffers:           14696 kB
Cached:           897384 kB
SwapCached:           12 kB
Active:          1302224 kB
Inactive:         623936 kB
Active(anon):     818496 kB
Inactive(anon):   210576 kB
Active(file):     483728 kB
Inactive(file):   413360 kB
Unevictable:       13568 kB
Mlocked:               0 kB
SwapTotal:        715328 kB
SwapFree:         705668 kB
Dirty:                40 kB
Writeback:             0 kB
AnonPages:       1027832 kB
Mapped:           609600 kB
Shmem:              1424 kB
Slab:              98628 kB
SReclaimable:      31744 kB
SUnreclaim:        66884 kB
KernelStack:       38448 kB
PageTables:        50300 kB
NFS_Unstable:          0 kB
Bounce:                0 kB
WritebackTmp:          0 kB
CommitLimit:     2152132 kB
Committed_AS:   119118940 kB
VmallocTotal:   251658176 kB
VmallocUsed:      136120 kB
VmallocChunk:   251439148 kB
Time pass: 235 sec

---2015-12-05 14:07:44
MemTotal:        2873608 kB
MemFree:          142976 kB
Buffers:           14704 kB
Cached:           897544 kB
SwapCached:           12 kB
Active:          1303008 kB
Inactive:         624100 kB
Active(anon):     819276 kB
Inactive(anon):   210736 kB
Active(file):     483732 kB
Inactive(file):   413364 kB
Unevictable:       13568 kB
Mlocked:               0 kB
SwapTotal:        715328 kB
SwapFree:         705668 kB
Dirty:                60 kB
Writeback:             0 kB
AnonPages:       1028488 kB
Mapped:           609684 kB
Shmem:              1584 kB
Slab:              98656 kB
SReclaimable:      31744 kB
SUnreclaim:        66912 kB
KernelStack:       38464 kB
PageTables:        50268 kB
NFS_Unstable:          0 kB
Bounce:                0 kB
WritebackTmp:          0 kB
CommitLimit:     2152132 kB
Committed_AS:   119118996 kB
VmallocTotal:   251658176 kB
VmallocUsed:      136120 kB
VmallocChunk:   251439148 kB
Time pass: 239 sec

---2015-12-05 14:07:44
MemTotal:        2873608 kB
MemFree:          147444 kB
Buffers:           14720 kB
Cached:           897084 kB
SwapCached:           12 kB
Active:          1299528 kB
Inactive:         623660 kB
Active(anon):     815796 kB
Inactive(anon):   210280 kB
Active(file):     483732 kB
Inactive(file):   413380 kB
Unevictable:       13568 kB
Mlocked:               0 kB
SwapTotal:        715328 kB
SwapFree:         705668 kB
Dirty:                52 kB
Writeback:             0 kB
AnonPages:       1024824 kB
Mapped:           609064 kB
Shmem:              1124 kB
Slab:              98624 kB
SReclaimable:      31744 kB
SUnreclaim:        66880 kB
KernelStack:       38192 kB
PageTables:        50048 kB
NFS_Unstable:          0 kB
Bounce:                0 kB
WritebackTmp:          0 kB
CommitLimit:     2152132 kB
Committed_AS:   119119108 kB
VmallocTotal:   251658176 kB
VmallocUsed:      136120 kB
VmallocChunk:   251439148 kB
Time pass: 243 sec

---2015-12-05 14:07:44
MemTotal:        2873608 kB
MemFree:          145488 kB
Buffers:           14768 kB
Cached:           897244 kB
SwapCached:           12 kB
Active:          1301292 kB
Inactive:         623860 kB
Active(anon):     817556 kB
Inactive(anon):   210432 kB
Active(file):     483736 kB
Inactive(file):   413428 kB
Unevictable:       13568 kB
Mlocked:               0 kB
SwapTotal:        715328 kB
SwapFree:         705668 kB
Dirty:               136 kB
Writeback:             0 kB
AnonPages:       1026752 kB
Mapped:           609388 kB
Shmem:              1280 kB
Slab:              98644 kB
SReclaimable:      31744 kB
SUnreclaim:        66900 kB
KernelStack:       38448 kB
PageTables:        50208 kB
NFS_Unstable:          0 kB
Bounce:                0 kB
WritebackTmp:          0 kB
CommitLimit:     2152132 kB
Committed_AS:   119119124 kB
VmallocTotal:   251658176 kB
VmallocUsed:      136120 kB
VmallocChunk:   251439148 kB
Time pass: 247 sec

---2015-12-05 14:07:44
MemTotal:        2873608 kB
MemFree:          145892 kB
Buffers:           14768 kB
Cached:           897252 kB
SwapCached:           12 kB
Active:          1300960 kB
Inactive:         623868 kB
Active(anon):     817224 kB
Inactive(anon):   210440 kB
Active(file):     483736 kB
Inactive(file):   413428 kB
Unevictable:       13568 kB
Mlocked:               0 kB
SwapTotal:        715328 kB
SwapFree:         705668 kB
Dirty:                 0 kB
Writeback:             0 kB
AnonPages:       1026600 kB
Mapped:           609396 kB
Shmem:              1288 kB
Slab:              98628 kB
SReclaimable:      31744 kB
SUnreclaim:        66884 kB
KernelStack:       38416 kB
PageTables:        50212 kB
NFS_Unstable:          0 kB
Bounce:                0 kB
WritebackTmp:          0 kB
CommitLimit:     2152132 kB
Committed_AS:   119119148 kB
VmallocTotal:   251658176 kB
VmallocUsed:      136120 kB
VmallocChunk:   251439148 kB
Time pass: 251 sec

---2015-12-05 14:07:44
MemTotal:        2873608 kB
MemFree:          143144 kB
Buffers:           14784 kB
Cached:           897300 kB
SwapCached:           12 kB
Active:          1302952 kB
Inactive:         623928 kB
Active(anon):     819212 kB
Inactive(anon):   210472 kB
Active(file):     483740 kB
Inactive(file):   413456 kB
Unevictable:       13568 kB
Mlocked:               0 kB
SwapTotal:        715328 kB
SwapFree:         705668 kB
Dirty:                52 kB
Writeback:             0 kB
AnonPages:       1028292 kB
Mapped:           609524 kB
Shmem:              1320 kB
Slab:              98636 kB
SReclaimable:      31744 kB
SUnreclaim:        66892 kB
KernelStack:       38448 kB
PageTables:        50240 kB
NFS_Unstable:          0 kB
Bounce:                0 kB
WritebackTmp:          0 kB
CommitLimit:     2152132 kB
Committed_AS:   119119116 kB
VmallocTotal:   251658176 kB
VmallocUsed:      136120 kB
VmallocChunk:   251439148 kB
Time pass: 255 sec

---2015-12-05 14:07:44
MemTotal:        2873608 kB
MemFree:          142672 kB
Buffers:           14800 kB
Cached:           897300 kB
SwapCached:           12 kB
Active:          1303744 kB
Inactive:         623936 kB
Active(anon):     820004 kB
Inactive(anon):   210472 kB
Active(file):     483740 kB
Inactive(file):   413464 kB
Unevictable:       13568 kB
Mlocked:               0 kB
SwapTotal:        715328 kB
SwapFree:         705668 kB
Dirty:                96 kB
Writeback:             0 kB
AnonPages:       1029128 kB
Mapped:           609460 kB
Shmem:              1320 kB
Slab:              98620 kB
SReclaimable:      31744 kB
SUnreclaim:        66876 kB
KernelStack:       38464 kB
PageTables:        50208 kB
NFS_Unstable:          0 kB
Bounce:                0 kB
WritebackTmp:          0 kB
CommitLimit:     2152132 kB
Committed_AS:   119119124 kB
VmallocTotal:   251658176 kB
VmallocUsed:      136120 kB
VmallocChunk:   251439148 kB
Time pass: 259 sec

---2015-12-05 14:07:44
MemTotal:        2873608 kB
MemFree:          142928 kB
Buffers:           14800 kB
Cached:           897300 kB
SwapCached:           12 kB
Active:          1302944 kB
Inactive:         623944 kB
Active(anon):     819204 kB
Inactive(anon):   210472 kB
Active(file):     483740 kB
Inactive(file):   413472 kB
Unevictable:       13568 kB
Mlocked:               0 kB
SwapTotal:        715328 kB
SwapFree:         705668 kB
Dirty:                 0 kB
Writeback:             0 kB
AnonPages:       1028336 kB
Mapped:           609324 kB
Shmem:              1320 kB
Slab:              98620 kB
SReclaimable:      31744 kB
SUnreclaim:        66876 kB
KernelStack:       38464 kB
PageTables:        50236 kB
NFS_Unstable:          0 kB
Bounce:                0 kB
WritebackTmp:          0 kB
CommitLimit:     2152132 kB
Committed_AS:   119119136 kB
VmallocTotal:   251658176 kB
VmallocUsed:      136120 kB
VmallocChunk:   251439148 kB
Time pass: 262 sec

---2015-12-05 14:07:44
MemTotal:        2873608 kB
MemFree:          142788 kB
Buffers:           14824 kB
Cached:           897312 kB
SwapCached:           12 kB
Active:          1304152 kB
Inactive:         623980 kB
Active(anon):     820412 kB
Inactive(anon):   210472 kB
Active(file):     483740 kB
Inactive(file):   413508 kB
Unevictable:       13568 kB
Mlocked:               0 kB
SwapTotal:        715328 kB
SwapFree:         705668 kB
Dirty:                32 kB
Writeback:            28 kB
AnonPages:       1029796 kB
Mapped:           609460 kB
Shmem:              1320 kB
Slab:              98620 kB
SReclaimable:      31744 kB
SUnreclaim:        66876 kB
KernelStack:       38448 kB
PageTables:        50208 kB
NFS_Unstable:          0 kB
Bounce:                0 kB
WritebackTmp:          0 kB
CommitLimit:     2152132 kB
Committed_AS:   119119172 kB
VmallocTotal:   251658176 kB
VmallocUsed:      136120 kB
VmallocChunk:   251439148 kB
Time pass: 266 sec

---2015-12-05 14:07:44
MemTotal:        2873608 kB
MemFree:          142088 kB
Buffers:           14840 kB
Cached:           897288 kB
SwapCached:           12 kB
Active:          1304680 kB
Inactive:         623976 kB
Active(anon):     820948 kB
Inactive(anon):   210472 kB
Active(file):     483732 kB
Inactive(file):   413504 kB
Unevictable:       13568 kB
Mlocked:               0 kB
SwapTotal:        715328 kB
SwapFree:         705668 kB
Dirty:                 8 kB
Writeback:             0 kB
AnonPages:       1030076 kB
Mapped:           609464 kB
Shmem:              1320 kB
Slab:              98620 kB
SReclaimable:      31744 kB
SUnreclaim:        66876 kB
KernelStack:       38480 kB
PageTables:        50212 kB
NFS_Unstable:          0 kB
Bounce:                0 kB
WritebackTmp:          0 kB
CommitLimit:     2152132 kB
Committed_AS:   119119180 kB
VmallocTotal:   251658176 kB
VmallocUsed:      136120 kB
VmallocChunk:   251439148 kB
Time pass: 270 sec

---2015-12-05 14:07:44
MemTotal:        2873608 kB
MemFree:          141608 kB
Buffers:           14840 kB
Cached:           897300 kB
SwapCached:           12 kB
Active:          1305036 kB
Inactive:         623984 kB
Active(anon):     821296 kB
Inactive(anon):   210472 kB
Active(file):     483740 kB
Inactive(file):   413512 kB
Unevictable:       13568 kB
Mlocked:               0 kB
SwapTotal:        715328 kB
SwapFree:         705668 kB
Dirty:                52 kB
Writeback:             0 kB
AnonPages:       1030312 kB
Mapped:           609472 kB
Shmem:              1320 kB
Slab:              98620 kB
SReclaimable:      31744 kB
SUnreclaim:        66876 kB
KernelStack:       38480 kB
PageTables:        50208 kB
NFS_Unstable:          0 kB
Bounce:                0 kB
WritebackTmp:          0 kB
CommitLimit:     2152132 kB
Committed_AS:   119119156 kB
VmallocTotal:   251658176 kB
VmallocUsed:      136120 kB
VmallocChunk:   251439148 kB
Time pass: 274 sec

---2015-12-05 14:07:44
MemTotal:        2873608 kB
MemFree:          141864 kB
Buffers:           14848 kB
Cached:           897324 kB
SwapCached:           12 kB
Active:          1304664 kB
Inactive:         624016 kB
Active(anon):     820924 kB
Inactive(anon):   210496 kB
Active(file):     483740 kB
Inactive(file):   413520 kB
Unevictable:       13568 kB
Mlocked:               0 kB
SwapTotal:        715328 kB
SwapFree:         705668 kB
Dirty:                32 kB
Writeback:             0 kB
AnonPages:       1029952 kB
Mapped:           609500 kB
Shmem:              1344 kB
Slab:              98620 kB
SReclaimable:      31744 kB
SUnreclaim:        66876 kB
KernelStack:       38448 kB
PageTables:        50216 kB
NFS_Unstable:          0 kB
Bounce:                0 kB
WritebackTmp:          0 kB
CommitLimit:     2152132 kB
Committed_AS:   119119124 kB
VmallocTotal:   251658176 kB
VmallocUsed:      136120 kB
VmallocChunk:   251439148 kB
Time pass: 278 sec

---2015-12-05 14:07:44
MemTotal:        2873608 kB
MemFree:          141512 kB
Buffers:           14864 kB
Cached:           897324 kB
SwapCached:           12 kB
Active:          1305004 kB
Inactive:         624032 kB
Active(anon):     821264 kB
Inactive(anon):   210496 kB
Active(file):     483740 kB
Inactive(file):   413536 kB
Unevictable:       13568 kB
Mlocked:               0 kB
SwapTotal:        715328 kB
SwapFree:         705668 kB
Dirty:                40 kB
Writeback:             0 kB
AnonPages:       1030316 kB
Mapped:           609572 kB
Shmem:              1344 kB
Slab:              98624 kB
SReclaimable:      31744 kB
SUnreclaim:        66880 kB
KernelStack:       38416 kB
PageTables:        50208 kB
NFS_Unstable:          0 kB
Bounce:                0 kB
WritebackTmp:          0 kB
CommitLimit:     2152132 kB
Committed_AS:   119119124 kB
VmallocTotal:   251658176 kB
VmallocUsed:      136120 kB
VmallocChunk:   251439148 kB
Time pass: 282 sec

---2015-12-05 14:07:44
MemTotal:        2873608 kB
MemFree:          138364 kB
Buffers:           14864 kB
Cached:           897480 kB
SwapCached:           12 kB
Active:          1307668 kB
Inactive:         624020 kB
Active(anon):     823760 kB
Inactive(anon):   210500 kB
Active(file):     483908 kB
Inactive(file):   413520 kB
Unevictable:       13568 kB
Mlocked:               0 kB
SwapTotal:        715328 kB
SwapFree:         705668 kB
Dirty:                40 kB
Writeback:             0 kB
AnonPages:       1033108 kB
Mapped:           610876 kB
Shmem:              1348 kB
Slab:              98616 kB
SReclaimable:      31744 kB
SUnreclaim:        66872 kB
KernelStack:       38688 kB
PageTables:        50704 kB
NFS_Unstable:          0 kB
Bounce:                0 kB
WritebackTmp:          0 kB
CommitLimit:     2152132 kB
Committed_AS:   120355128 kB
VmallocTotal:   251658176 kB
VmallocUsed:      137140 kB
VmallocChunk:   251439148 kB
Time pass: 286 sec

---2015-12-05 14:07:44
MemTotal:        2873608 kB
MemFree:          137788 kB
Buffers:           14872 kB
Cached:           897484 kB
SwapCached:           12 kB
Active:          1307348 kB
Inactive:         624032 kB
Active(anon):     823440 kB
Inactive(anon):   210504 kB
Active(file):     483908 kB
Inactive(file):   413528 kB
Unevictable:       13568 kB
Mlocked:               0 kB
SwapTotal:        715328 kB
SwapFree:         705668 kB
Dirty:                36 kB
Writeback:             0 kB
AnonPages:       1032560 kB
Mapped:           610968 kB
Shmem:              1352 kB
Slab:              98620 kB
SReclaimable:      31744 kB
SUnreclaim:        66876 kB
KernelStack:       38656 kB
PageTables:        50752 kB
NFS_Unstable:          0 kB
Bounce:                0 kB
WritebackTmp:          0 kB
CommitLimit:     2152132 kB
Committed_AS:   120355344 kB
VmallocTotal:   251658176 kB
VmallocUsed:      137140 kB
VmallocChunk:   251439148 kB
Time pass: 289 sec

---2015-12-05 14:07:44
MemTotal:        2873608 kB
MemFree:          137736 kB
Buffers:           14872 kB
Cached:           897484 kB
SwapCached:           12 kB
Active:          1307588 kB
Inactive:         624032 kB
Active(anon):     823680 kB
Inactive(anon):   210504 kB
Active(file):     483908 kB
Inactive(file):   413528 kB
Unevictable:       13568 kB
Mlocked:               0 kB
SwapTotal:        715328 kB
SwapFree:         705668 kB
Dirty:                 0 kB
Writeback:             0 kB
AnonPages:       1032684 kB
Mapped:           610896 kB
Shmem:              1352 kB
Slab:              98620 kB
SReclaimable:      31744 kB
SUnreclaim:        66876 kB
KernelStack:       38656 kB
PageTables:        50716 kB
NFS_Unstable:          0 kB
Bounce:                0 kB
WritebackTmp:          0 kB
CommitLimit:     2152132 kB
Committed_AS:   120355320 kB
VmallocTotal:   251658176 kB
VmallocUsed:      137140 kB
VmallocChunk:   251439148 kB
Time pass: 293 sec

---2015-12-05 14:07:44
MemTotal:        2873608 kB
MemFree:          137832 kB
Buffers:           14888 kB
Cached:           897484 kB
SwapCached:           12 kB
Active:          1308048 kB
Inactive:         624044 kB
Active(anon):     824140 kB
Inactive(anon):   210500 kB
Active(file):     483908 kB
Inactive(file):   413544 kB
Unevictable:       13568 kB
Mlocked:               0 kB
SwapTotal:        715328 kB
SwapFree:         705668 kB
Dirty:                44 kB
Writeback:             0 kB
AnonPages:       1033184 kB
Mapped:           610856 kB
Shmem:              1352 kB
Slab:              98632 kB
SReclaimable:      31744 kB
SUnreclaim:        66888 kB
KernelStack:       38656 kB
PageTables:        50720 kB
NFS_Unstable:          0 kB
Bounce:                0 kB
WritebackTmp:          0 kB
CommitLimit:     2152132 kB
Committed_AS:   120355304 kB
VmallocTotal:   251658176 kB
VmallocUsed:      137140 kB
VmallocChunk:   251439148 kB
Time pass: 297 sec

---2015-12-05 14:07:44
MemTotal:        2873608 kB
MemFree:          137100 kB
Buffers:           14896 kB
Cached:           897488 kB
SwapCached:           12 kB
Active:          1308192 kB
Inactive:         624056 kB
Active(anon):     824284 kB
Inactive(anon):   210504 kB
Active(file):     483908 kB
Inactive(file):   413552 kB
Unevictable:       13568 kB
Mlocked:               0 kB
SwapTotal:        715328 kB
SwapFree:         705668 kB
Dirty:                32 kB
Writeback:             0 kB
AnonPages:       1033472 kB
Mapped:           610912 kB
Shmem:              1356 kB
Slab:              98628 kB
SReclaimable:      31744 kB
SUnreclaim:        66884 kB
KernelStack:       38656 kB
PageTables:        50720 kB
NFS_Unstable:          0 kB
Bounce:                0 kB
WritebackTmp:          0 kB
CommitLimit:     2152132 kB
Committed_AS:   120355320 kB
VmallocTotal:   251658176 kB
VmallocUsed:      137140 kB
VmallocChunk:   251439148 kB
Time pass: 301 sec

---2015-12-05 14:07:44
MemTotal:        2873608 kB
MemFree:          138032 kB
Buffers:           14920 kB
Cached:           897504 kB
SwapCached:           12 kB
Active:          1307372 kB
Inactive:         624096 kB
Active(anon):     823464 kB
Inactive(anon):   210508 kB
Active(file):     483908 kB
Inactive(file):   413588 kB
Unevictable:       13568 kB
Mlocked:               0 kB
SwapTotal:        715328 kB
SwapFree:         705668 kB
Dirty:                 0 kB
Writeback:            12 kB
AnonPages:       1032720 kB
Mapped:           610844 kB
Shmem:              1360 kB
Slab:              98668 kB
SReclaimable:      31744 kB
SUnreclaim:        66924 kB
KernelStack:       38688 kB
PageTables:        50704 kB
NFS_Unstable:          0 kB
Bounce:                0 kB
WritebackTmp:          0 kB
CommitLimit:     2152132 kB
Committed_AS:   120355432 kB
VmallocTotal:   251658176 kB
VmallocUsed:      137140 kB
VmallocChunk:   251439148 kB
Time pass: 305 sec

---2015-12-05 14:07:44
MemTotal:        2873608 kB
MemFree:          142628 kB
Buffers:           14936 kB
Cached:           897528 kB
SwapCached:           12 kB
Active:          1303804 kB
Inactive:         624128 kB
Active(anon):     819888 kB
Inactive(anon):   210536 kB
Active(file):     483916 kB
Inactive(file):   413592 kB
Unevictable:       13568 kB
Mlocked:               0 kB
SwapTotal:        715328 kB
SwapFree:         705668 kB
Dirty:               128 kB
Writeback:             0 kB
AnonPages:       1029084 kB
Mapped:           609524 kB
Shmem:              1388 kB
Slab:              98548 kB
SReclaimable:      31744 kB
SUnreclaim:        66804 kB
KernelStack:       38352 kB
PageTables:        50104 kB
NFS_Unstable:          0 kB
Bounce:                0 kB
WritebackTmp:          0 kB
CommitLimit:     2152132 kB
Committed_AS:   118572620 kB
VmallocTotal:   251658176 kB
VmallocUsed:      136120 kB
VmallocChunk:   251439148 kB
Time pass: 309 sec

---2015-12-05 14:07:44
MemTotal:        2873608 kB
MemFree:          149408 kB
Buffers:           14944 kB
Cached:           897528 kB
SwapCached:           12 kB
Active:          1297072 kB
Inactive:         624136 kB
Active(anon):     813156 kB
Inactive(anon):   210536 kB
Active(file):     483916 kB
Inactive(file):   413600 kB
Unevictable:       13568 kB
Mlocked:               0 kB
SwapTotal:        715328 kB
SwapFree:         705668 kB
Dirty:                32 kB
Writeback:             0 kB
AnonPages:       1022420 kB
Mapped:           609528 kB
Shmem:              1388 kB
Slab:              98484 kB
SReclaimable:      31744 kB
SUnreclaim:        66740 kB
KernelStack:       38384 kB
PageTables:        50108 kB
NFS_Unstable:          0 kB
Bounce:                0 kB
WritebackTmp:          0 kB
CommitLimit:     2152132 kB
Committed_AS:   118572588 kB
VmallocTotal:   251658176 kB
VmallocUsed:      136120 kB
VmallocChunk:   251439148 kB
Time pass: 313 sec

---2015-12-05 14:07:44
MemTotal:        2873608 kB
MemFree:          150088 kB
Buffers:           14944 kB
Cached:           897528 kB
SwapCached:           12 kB
Active:          1296948 kB
Inactive:         624136 kB
Active(anon):     813032 kB
Inactive(anon):   210536 kB
Active(file):     483916 kB
Inactive(file):   413600 kB
Unevictable:       13568 kB
Mlocked:               0 kB
SwapTotal:        715328 kB
SwapFree:         705668 kB
Dirty:                32 kB
Writeback:             0 kB
AnonPages:       1022036 kB
Mapped:           609636 kB
Shmem:              1388 kB
Slab:              98468 kB
SReclaimable:      31744 kB
SUnreclaim:        66724 kB
KernelStack:       38384 kB
PageTables:        50140 kB
NFS_Unstable:          0 kB
Bounce:                0 kB
WritebackTmp:          0 kB
CommitLimit:     2152132 kB
Committed_AS:   118572572 kB
VmallocTotal:   251658176 kB
VmallocUsed:      136120 kB
VmallocChunk:   251439148 kB
Time pass: 317 sec

---2015-12-05 14:07:44
MemTotal:        2873608 kB
MemFree:          148536 kB
Buffers:           14960 kB
Cached:           897528 kB
SwapCached:           12 kB
Active:          1298268 kB
Inactive:         624152 kB
Active(anon):     814352 kB
Inactive(anon):   210536 kB
Active(file):     483916 kB
Inactive(file):   413616 kB
Unevictable:       13568 kB
Mlocked:               0 kB
SwapTotal:        715328 kB
SwapFree:         705668 kB
Dirty:                44 kB
Writeback:             0 kB
AnonPages:       1023612 kB
Mapped:           609860 kB
Shmem:              1388 kB
Slab:              98472 kB
SReclaimable:      31744 kB
SUnreclaim:        66728 kB
KernelStack:       38384 kB
PageTables:        50136 kB
NFS_Unstable:          0 kB
Bounce:                0 kB
WritebackTmp:          0 kB
CommitLimit:     2152132 kB
Committed_AS:   118572580 kB
VmallocTotal:   251658176 kB
VmallocUsed:      136120 kB
VmallocChunk:   251439148 kB
Time pass: 320 sec

---2015-12-05 14:07:44
MemTotal:        2873608 kB
MemFree:          147400 kB
Buffers:           14968 kB
Cached:           897632 kB
SwapCached:           12 kB
Active:          1298812 kB
Inactive:         624264 kB
Active(anon):     814896 kB
Inactive(anon):   210540 kB
Active(file):     483916 kB
Inactive(file):   413724 kB
Unevictable:       13568 kB
Mlocked:               0 kB
SwapTotal:        715328 kB
SwapFree:         705668 kB
Dirty:                72 kB
Writeback:             0 kB
AnonPages:       1024076 kB
Mapped:           610024 kB
Shmem:              1392 kB
Slab:              98464 kB
SReclaimable:      31744 kB
SUnreclaim:        66720 kB
KernelStack:       38352 kB
PageTables:        50144 kB
NFS_Unstable:          0 kB
Bounce:                0 kB
WritebackTmp:          0 kB
CommitLimit:     2152132 kB
Committed_AS:   118572508 kB
VmallocTotal:   251658176 kB
VmallocUsed:      136120 kB
VmallocChunk:   251439148 kB
Time pass: 324 sec

---2015-12-05 14:07:44
MemTotal:        2873608 kB
MemFree:          148104 kB
Buffers:           14968 kB
Cached:           897648 kB
SwapCached:           12 kB
Active:          1298596 kB
Inactive:         624268 kB
Active(anon):     814680 kB
Inactive(anon):   210528 kB
Active(file):     483916 kB
Inactive(file):   413740 kB
Unevictable:       13568 kB
Mlocked:               0 kB
SwapTotal:        715328 kB
SwapFree:         705668 kB
Dirty:                72 kB
Writeback:             0 kB
AnonPages:       1023696 kB
Mapped:           610032 kB
Shmem:              1392 kB
Slab:              98464 kB
SReclaimable:      31744 kB
SUnreclaim:        66720 kB
KernelStack:       38352 kB
PageTables:        50144 kB
NFS_Unstable:          0 kB
Bounce:                0 kB
WritebackTmp:          0 kB
CommitLimit:     2152132 kB
Committed_AS:   118572524 kB
VmallocTotal:   251658176 kB
VmallocUsed:      136120 kB
VmallocChunk:   251439148 kB
Time pass: 328 sec

---2015-12-05 14:07:44
MemTotal:        2873608 kB
MemFree:          147396 kB
Buffers:           14984 kB
Cached:           897648 kB
SwapCached:           12 kB
Active:          1298860 kB
Inactive:         624284 kB
Active(anon):     814944 kB
Inactive(anon):   210528 kB
Active(file):     483916 kB
Inactive(file):   413756 kB
Unevictable:       13568 kB
Mlocked:               0 kB
SwapTotal:        715328 kB
SwapFree:         705668 kB
Dirty:                40 kB
Writeback:             0 kB
AnonPages:       1024152 kB
Mapped:           610040 kB
Shmem:              1392 kB
Slab:              98464 kB
SReclaimable:      31744 kB
SUnreclaim:        66720 kB
KernelStack:       38352 kB
PageTables:        50144 kB
NFS_Unstable:          0 kB
Bounce:                0 kB
WritebackTmp:          0 kB
CommitLimit:     2152132 kB
Committed_AS:   118572500 kB
VmallocTotal:   251658176 kB
VmallocUsed:      136120 kB
VmallocChunk:   251439148 kB
Time pass: 332 sec

---2015-12-05 14:07:44
MemTotal:        2873608 kB
MemFree:          147560 kB
Buffers:           14992 kB
Cached:           897712 kB
SwapCached:           12 kB
Active:          1298880 kB
Inactive:         624356 kB
Active(anon):     814964 kB
Inactive(anon):   210532 kB
Active(file):     483916 kB
Inactive(file):   413824 kB
Unevictable:       13568 kB
Mlocked:               0 kB
SwapTotal:        715328 kB
SwapFree:         705668 kB
Dirty:                 0 kB
Writeback:             0 kB
AnonPages:       1024272 kB
Mapped:           610060 kB
Shmem:              1396 kB
Slab:              98476 kB
SReclaimable:      31744 kB
SUnreclaim:        66732 kB
KernelStack:       38336 kB
PageTables:        50144 kB
NFS_Unstable:          0 kB
Bounce:                0 kB
WritebackTmp:          0 kB
CommitLimit:     2152132 kB
Committed_AS:   118572516 kB
VmallocTotal:   251658176 kB
VmallocUsed:      136120 kB
VmallocChunk:   251439148 kB
Time pass: 336 sec

---2015-12-05 14:07:44
MemTotal:        2873608 kB
MemFree:          147024 kB
Buffers:           14992 kB
Cached:           897712 kB
SwapCached:           12 kB
Active:          1298912 kB
Inactive:         624356 kB
Active(anon):     814996 kB
Inactive(anon):   210532 kB
Active(file):     483916 kB
Inactive(file):   413824 kB
Unevictable:       13568 kB
Mlocked:               0 kB
SwapTotal:        715328 kB
SwapFree:         705668 kB
Dirty:                32 kB
Writeback:             0 kB
AnonPages:       1024132 kB
Mapped:           610052 kB
Shmem:              1396 kB
Slab:              98476 kB
SReclaimable:      31744 kB
SUnreclaim:        66732 kB
KernelStack:       38336 kB
PageTables:        50120 kB
NFS_Unstable:          0 kB
Bounce:                0 kB
WritebackTmp:          0 kB
CommitLimit:     2152132 kB
Committed_AS:   118572476 kB
VmallocTotal:   251658176 kB
VmallocUsed:      136120 kB
VmallocChunk:   251439148 kB
Time pass: 340 sec

---2015-12-05 14:07:44
MemTotal:        2873608 kB
MemFree:          146724 kB
Buffers:           15008 kB
Cached:           897712 kB
SwapCached:           12 kB
Active:          1299352 kB
Inactive:         624372 kB
Active(anon):     815436 kB
Inactive(anon):   210532 kB
Active(file):     483916 kB
Inactive(file):   413840 kB
Unevictable:       13568 kB
Mlocked:               0 kB
SwapTotal:        715328 kB
SwapFree:         705668 kB
Dirty:                40 kB
Writeback:             0 kB
AnonPages:       1024428 kB
Mapped:           610000 kB
Shmem:              1396 kB
Slab:              98476 kB
SReclaimable:      31744 kB
SUnreclaim:        66732 kB
KernelStack:       38336 kB
PageTables:        50108 kB
NFS_Unstable:          0 kB
Bounce:                0 kB
WritebackTmp:          0 kB
CommitLimit:     2152132 kB
Committed_AS:   118572468 kB
VmallocTotal:   251658176 kB
VmallocUsed:      136120 kB
VmallocChunk:   251439148 kB
Time pass: 344 sec

---2015-12-05 14:07:44
MemTotal:        2873608 kB
MemFree:          146372 kB
Buffers:           15008 kB
Cached:           897740 kB
SwapCached:           12 kB
Active:          1299584 kB
Inactive:         624400 kB
Active(anon):     815668 kB
Inactive(anon):   210560 kB
Active(file):     483916 kB
Inactive(file):   413840 kB
Unevictable:       13568 kB
Mlocked:               0 kB
SwapTotal:        715328 kB
SwapFree:         705668 kB
Dirty:                 0 kB
Writeback:             4 kB
AnonPages:       1024904 kB
Mapped:           610040 kB
Shmem:              1424 kB
Slab:              98476 kB
SReclaimable:      31744 kB
SUnreclaim:        66732 kB
KernelStack:       38336 kB
PageTables:        50108 kB
NFS_Unstable:          0 kB
Bounce:                0 kB
WritebackTmp:          0 kB
CommitLimit:     2152132 kB
Committed_AS:   118572468 kB
VmallocTotal:   251658176 kB
VmallocUsed:      136120 kB
VmallocChunk:   251439148 kB
Time pass: 347 sec

---2015-12-05 14:07:44
MemTotal:        2873608 kB
MemFree:          146348 kB
Buffers:           15016 kB
Cached:           897744 kB
SwapCached:           12 kB
Active:          1299472 kB
Inactive:         624412 kB
Active(anon):     815556 kB
Inactive(anon):   210564 kB
Active(file):     483916 kB
Inactive(file):   413848 kB
Unevictable:       13568 kB
Mlocked:               0 kB
SwapTotal:        715328 kB
SwapFree:         705668 kB
Dirty:                32 kB
Writeback:             0 kB
AnonPages:       1024908 kB
Mapped:           610012 kB
Shmem:              1428 kB
Slab:              98484 kB
SReclaimable:      31744 kB
SUnreclaim:        66740 kB
KernelStack:       38336 kB
PageTables:        50112 kB
NFS_Unstable:          0 kB
Bounce:                0 kB
WritebackTmp:          0 kB
CommitLimit:     2152132 kB
Committed_AS:   118572476 kB
VmallocTotal:   251658176 kB
VmallocUsed:      136120 kB
VmallocChunk:   251439148 kB
Time pass: 351 sec

---2015-12-05 14:07:44
MemTotal:        2873608 kB
MemFree:          146752 kB
Buffers:           15032 kB
Cached:           897744 kB
SwapCached:           12 kB
Active:          1299796 kB
Inactive:         624428 kB
Active(anon):     815880 kB
Inactive(anon):   210564 kB
Active(file):     483916 kB
Inactive(file):   413864 kB
Unevictable:       13568 kB
Mlocked:               0 kB
SwapTotal:        715328 kB
SwapFree:         705668 kB
Dirty:                40 kB
Writeback:             0 kB
AnonPages:       1025244 kB
Mapped:           610028 kB
Shmem:              1428 kB
Slab:              98500 kB
SReclaimable:      31744 kB
SUnreclaim:        66756 kB
KernelStack:       38336 kB
PageTables:        50112 kB
NFS_Unstable:          0 kB
Bounce:                0 kB
WritebackTmp:          0 kB
CommitLimit:     2152132 kB
Committed_AS:   118572468 kB
VmallocTotal:   251658176 kB
VmallocUsed:      136120 kB
VmallocChunk:   251439148 kB
Time pass: 355 sec

---2015-12-05 14:07:44
MemTotal:        2873608 kB
MemFree:          146304 kB
Buffers:           15040 kB
Cached:           897740 kB
SwapCached:           12 kB
Active:          1299696 kB
Inactive:         624432 kB
Active(anon):     815780 kB
Inactive(anon):   210564 kB
Active(file):     483916 kB
Inactive(file):   413868 kB
Unevictable:       13568 kB
Mlocked:               0 kB
SwapTotal:        715328 kB
SwapFree:         705668 kB
Dirty:                32 kB
Writeback:             0 kB
AnonPages:       1025240 kB
Mapped:           610032 kB
Shmem:              1428 kB
Slab:              98476 kB
SReclaimable:      31744 kB
SUnreclaim:        66732 kB
KernelStack:       38336 kB
PageTables:        50112 kB
NFS_Unstable:          0 kB
Bounce:                0 kB
WritebackTmp:          0 kB
CommitLimit:     2152132 kB
Committed_AS:   118572460 kB
VmallocTotal:   251658176 kB
VmallocUsed:      136120 kB
VmallocChunk:   251439148 kB
Time pass: 359 sec

---2015-12-05 14:07:44
MemTotal:        2873608 kB
MemFree:          146476 kB
Buffers:           15056 kB
Cached:           897744 kB
SwapCached:           12 kB
Active:          1299980 kB
Inactive:         624452 kB
Active(anon):     816064 kB
Inactive(anon):   210564 kB
Active(file):     483916 kB
Inactive(file):   413888 kB
Unevictable:       13568 kB
Mlocked:               0 kB
SwapTotal:        715328 kB
SwapFree:         705668 kB
Dirty:                60 kB
Writeback:             0 kB
AnonPages:       1025388 kB
Mapped:           610040 kB
Shmem:              1428 kB
Slab:              98476 kB
SReclaimable:      31744 kB
SUnreclaim:        66732 kB
KernelStack:       38336 kB
PageTables:        50112 kB
NFS_Unstable:          0 kB
Bounce:                0 kB
WritebackTmp:          0 kB
CommitLimit:     2152132 kB
Committed_AS:   118572516 kB
VmallocTotal:   251658176 kB
VmallocUsed:      136120 kB
VmallocChunk:   251439148 kB
Time pass: 363 sec

---2015-12-05 14:07:44
MemTotal:        2873608 kB
MemFree:          152172 kB
Buffers:           15072 kB
Cached:           898524 kB
SwapCached:           12 kB
Active:          1293308 kB
Inactive:         624856 kB
Active(anon):     809000 kB
Inactive(anon):   210564 kB
Active(file):     484308 kB
Inactive(file):   414292 kB
Unevictable:       13568 kB
Mlocked:               0 kB
SwapTotal:        715328 kB
SwapFree:         705668 kB
Dirty:               124 kB
Writeback:             0 kB
AnonPages:       1018332 kB
Mapped:           610152 kB
Shmem:              1428 kB
Slab:              98468 kB
SReclaimable:      31744 kB
SUnreclaim:        66724 kB
KernelStack:       38304 kB
PageTables:        50080 kB
NFS_Unstable:          0 kB
Bounce:                0 kB
WritebackTmp:          0 kB
CommitLimit:     2152132 kB
Committed_AS:   118572540 kB
VmallocTotal:   251658176 kB
VmallocUsed:      136120 kB
VmallocChunk:   251439148 kB
Time pass: 367 sec

---2015-12-05 14:07:44
MemTotal:        2873608 kB
MemFree:          157624 kB
Buffers:           15072 kB
Cached:           898548 kB
SwapCached:           12 kB
Active:          1288436 kB
Inactive:         624880 kB
Active(anon):     804128 kB
Inactive(anon):   210564 kB
Active(file):     484308 kB
Inactive(file):   414316 kB
Unevictable:       13568 kB
Mlocked:               0 kB
SwapTotal:        715328 kB
SwapFree:         705668 kB
Dirty:                 0 kB
Writeback:             0 kB
AnonPages:       1013192 kB
Mapped:           610160 kB
Shmem:              1428 kB
Slab:              98468 kB
SReclaimable:      31744 kB
SUnreclaim:        66724 kB
KernelStack:       38352 kB
PageTables:        50076 kB
NFS_Unstable:          0 kB
Bounce:                0 kB
WritebackTmp:          0 kB
CommitLimit:     2152132 kB
Committed_AS:   118572604 kB
VmallocTotal:   251658176 kB
VmallocUsed:      136120 kB
VmallocChunk:   251439148 kB
Time pass: 371 sec

---2015-12-05 14:07:44
MemTotal:        2873608 kB
MemFree:          161996 kB
Buffers:           15080 kB
Cached:           898552 kB
SwapCached:           12 kB
Active:          1283660 kB
Inactive:         624892 kB
Active(anon):     799352 kB
Inactive(anon):   210568 kB
Active(file):     484308 kB
Inactive(file):   414324 kB
Unevictable:       13568 kB
Mlocked:               0 kB
SwapTotal:        715328 kB
SwapFree:         705668 kB
Dirty:                32 kB
Writeback:             0 kB
AnonPages:       1008540 kB
Mapped:           610176 kB
Shmem:              1432 kB
Slab:              98468 kB
SReclaimable:      31744 kB
SUnreclaim:        66724 kB
KernelStack:       38352 kB
PageTables:        50076 kB
NFS_Unstable:          0 kB
Bounce:                0 kB
WritebackTmp:          0 kB
CommitLimit:     2152132 kB
Committed_AS:   118572588 kB
VmallocTotal:   251658176 kB
VmallocUsed:      136120 kB
VmallocChunk:   251439148 kB
Time pass: 375 sec

---2015-12-05 14:07:44
MemTotal:        2873608 kB
MemFree:          162500 kB
Buffers:           15096 kB
Cached:           898552 kB
SwapCached:           12 kB
Active:          1283832 kB
Inactive:         624908 kB
Active(anon):     799524 kB
Inactive(anon):   210568 kB
Active(file):     484308 kB
Inactive(file):   414340 kB
Unevictable:       13568 kB
Mlocked:               0 kB
SwapTotal:        715328 kB
SwapFree:         705668 kB
Dirty:                40 kB
Writeback:             0 kB
AnonPages:       1008536 kB
Mapped:           610184 kB
Shmem:              1432 kB
Slab:              98468 kB
SReclaimable:      31744 kB
SUnreclaim:        66724 kB
KernelStack:       38352 kB
PageTables:        50080 kB
NFS_Unstable:          0 kB
Bounce:                0 kB
WritebackTmp:          0 kB
CommitLimit:     2152132 kB
Committed_AS:   118572612 kB
VmallocTotal:   251658176 kB
VmallocUsed:      136120 kB
VmallocChunk:   251439148 kB
Time pass: 379 sec

---2015-12-05 14:07:44
MemTotal:        2873608 kB
MemFree:          161588 kB
Buffers:           15104 kB
Cached:           898548 kB
SwapCached:           12 kB
Active:          1283936 kB
Inactive:         624912 kB
Active(anon):     799628 kB
Inactive(anon):   210568 kB
Active(file):     484308 kB
Inactive(file):   414344 kB
Unevictable:       13568 kB
Mlocked:               0 kB
SwapTotal:        715328 kB
SwapFree:         705668 kB
Dirty:                36 kB
Writeback:             0 kB
AnonPages:       1008808 kB
Mapped:           610184 kB
Shmem:              1432 kB
Slab:              98500 kB
SReclaimable:      31744 kB
SUnreclaim:        66756 kB
KernelStack:       38336 kB
PageTables:        50084 kB
NFS_Unstable:          0 kB
Bounce:                0 kB
WritebackTmp:          0 kB
CommitLimit:     2152132 kB
Committed_AS:   118572564 kB
VmallocTotal:   251658176 kB
VmallocUsed:      136120 kB
VmallocChunk:   251439148 kB
Time pass: 383 sec

---2015-12-05 14:07:44
MemTotal:        2873608 kB
MemFree:          161532 kB
Buffers:           15104 kB
Cached:           898656 kB
SwapCached:           12 kB
Active:          1284056 kB
Inactive:         625020 kB
Active(anon):     799748 kB
Inactive(anon):   210568 kB
Active(file):     484308 kB
Inactive(file):   414452 kB
Unevictable:       13568 kB
Mlocked:               0 kB
SwapTotal:        715328 kB
SwapFree:         705668 kB
Dirty:                40 kB
Writeback:             0 kB
AnonPages:       1008884 kB
Mapped:           610236 kB
Shmem:              1432 kB
Slab:              98468 kB
SReclaimable:      31744 kB
SUnreclaim:        66724 kB
KernelStack:       38368 kB
PageTables:        50080 kB
NFS_Unstable:          0 kB
Bounce:                0 kB
WritebackTmp:          0 kB
CommitLimit:     2152132 kB
Committed_AS:   118572580 kB
VmallocTotal:   251658176 kB
VmallocUsed:      136120 kB
VmallocChunk:   251439148 kB
Time pass: 387 sec

---2015-12-05 14:07:44
MemTotal:        2873608 kB
MemFree:          161556 kB
Buffers:           15104 kB
Cached:           898656 kB
SwapCached:           12 kB
Active:          1284120 kB
Inactive:         625020 kB
Active(anon):     799812 kB
Inactive(anon):   210568 kB
Active(file):     484308 kB
Inactive(file):   414452 kB
Unevictable:       13568 kB
Mlocked:               0 kB
SwapTotal:        715328 kB
SwapFree:         705668 kB
Dirty:                 4 kB
Writeback:             0 kB
AnonPages:       1008984 kB
Mapped:           610244 kB
Shmem:              1432 kB
Slab:              98468 kB
SReclaimable:      31744 kB
SUnreclaim:        66724 kB
KernelStack:       38336 kB
PageTables:        50080 kB
NFS_Unstable:          0 kB
Bounce:                0 kB
WritebackTmp:          0 kB
CommitLimit:     2152132 kB
Committed_AS:   118572596 kB
VmallocTotal:   251658176 kB
VmallocUsed:      136120 kB
VmallocChunk:   251439148 kB
Time pass: 391 sec

---2015-12-05 14:07:44
MemTotal:        2873608 kB
MemFree:          161164 kB
Buffers:           15120 kB
Cached:           898656 kB
SwapCached:           12 kB
Active:          1284164 kB
Inactive:         625024 kB
Active(anon):     799844 kB
Inactive(anon):   210568 kB
Active(file):     484320 kB
Inactive(file):   414456 kB
Unevictable:       13568 kB
Mlocked:               0 kB
SwapTotal:        715328 kB
SwapFree:         705668 kB
Dirty:                52 kB
Writeback:             0 kB
AnonPages:       1008988 kB
Mapped:           610332 kB
Shmem:              1432 kB
Slab:              98468 kB
SReclaimable:      31744 kB
SUnreclaim:        66724 kB
KernelStack:       38368 kB
PageTables:        50108 kB
NFS_Unstable:          0 kB
Bounce:                0 kB
WritebackTmp:          0 kB
CommitLimit:     2152132 kB
Committed_AS:   118572604 kB
VmallocTotal:   251658176 kB
VmallocUsed:      136120 kB
VmallocChunk:   251439148 kB
Time pass: 395 sec

---2015-12-05 14:07:44
MemTotal:        2873608 kB
MemFree:          160372 kB
Buffers:           15128 kB
Cached:           898656 kB
SwapCached:           12 kB
Active:          1285140 kB
Inactive:         625032 kB
Active(anon):     800820 kB
Inactive(anon):   210568 kB
Active(file):     484320 kB
Inactive(file):   414464 kB
Unevictable:       13568 kB
Mlocked:               0 kB
SwapTotal:        715328 kB
SwapFree:         705668 kB
Dirty:                 0 kB
Writeback:            60 kB
AnonPages:       1010000 kB
Mapped:           610340 kB
Shmem:              1432 kB
Slab:              98468 kB
SReclaimable:      31744 kB
SUnreclaim:        66724 kB
KernelStack:       38384 kB
PageTables:        50108 kB
NFS_Unstable:          0 kB
Bounce:                0 kB
WritebackTmp:          0 kB
CommitLimit:     2152132 kB
Committed_AS:   118572604 kB
VmallocTotal:   251658176 kB
VmallocUsed:      136120 kB
VmallocChunk:   251439148 kB
Time pass: 399 sec

---2015-12-05 14:07:44
MemTotal:        2873608 kB
MemFree:          160724 kB
Buffers:           15144 kB
Cached:           898656 kB
SwapCached:           12 kB
Active:          1284812 kB
Inactive:         625040 kB
Active(anon):     800492 kB
Inactive(anon):   210568 kB
Active(file):     484320 kB
Inactive(file):   414472 kB
Unevictable:       13568 kB
Mlocked:               0 kB
SwapTotal:        715328 kB
SwapFree:         705668 kB
Dirty:                44 kB
Writeback:             0 kB
AnonPages:       1009484 kB
Mapped:           610272 kB
Shmem:              1432 kB
Slab:              98468 kB
SReclaimable:      31744 kB
SUnreclaim:        66724 kB
KernelStack:       38368 kB
PageTables:        50084 kB
NFS_Unstable:          0 kB
Bounce:                0 kB
WritebackTmp:          0 kB
CommitLimit:     2152132 kB
Committed_AS:   118572596 kB
VmallocTotal:   251658176 kB
VmallocUsed:      136120 kB
VmallocChunk:   251439148 kB
Time pass: 402 sec

---2015-12-05 14:07:44
MemTotal:        2873608 kB
MemFree:          160928 kB
Buffers:           15144 kB
Cached:           898656 kB
SwapCached:           12 kB
Active:          1284580 kB
Inactive:         625048 kB
Active(anon):     800260 kB
Inactive(anon):   210568 kB
Active(file):     484320 kB
Inactive(file):   414480 kB
Unevictable:       13568 kB
Mlocked:               0 kB
SwapTotal:        715328 kB
SwapFree:         705668 kB
Dirty:                44 kB
Writeback:             0 kB
AnonPages:       1009504 kB
Mapped:           610192 kB
Shmem:              1432 kB
Slab:              98468 kB
SReclaimable:      31744 kB
SUnreclaim:        66724 kB
KernelStack:       38384 kB
PageTables:        50048 kB
NFS_Unstable:          0 kB
Bounce:                0 kB
WritebackTmp:          0 kB
CommitLimit:     2152132 kB
Committed_AS:   118572556 kB
VmallocTotal:   251658176 kB
VmallocUsed:      136120 kB
VmallocChunk:   251439148 kB
Time pass: 406 sec

---2015-12-05 14:07:44
MemTotal:        2873608 kB
MemFree:          161364 kB
Buffers:           15152 kB
