---2015-11-24 16:21:55
MemTotal:        2582696 kB
MemFree:          286372 kB
Buffers:           15260 kB
Cached:          1011320 kB
SwapCached:            0 kB
Active:          1034344 kB
Inactive:         706120 kB
Active(anon):     576184 kB
Inactive(anon):   178300 kB
Active(file):     458160 kB
Inactive(file):   527820 kB
Unevictable:        2968 kB
Mlocked:               0 kB
SwapTotal:        524284 kB
SwapFree:         524284 kB
Dirty:               108 kB
Writeback:             0 kB
AnonPages:        716908 kB
Mapped:           387252 kB
Shmem:             37632 kB
Slab:             101436 kB
SReclaimable:      31496 kB
SUnreclaim:        69940 kB
KernelStack:       36512 kB
PageTables:        38496 kB
NFS_Unstable:          0 kB
Bounce:                0 kB
WritebackTmp:          0 kB
CommitLimit:     1815632 kB
Committed_AS:   110699692 kB
VmallocTotal:   251658176 kB
VmallocUsed:      117368 kB
VmallocChunk:   251439524 kB
Time pass: 3 sec

---2015-11-24 16:21:55
MemTotal:        2582696 kB
MemFree:          286576 kB
Buffers:           15260 kB
Cached:          1011336 kB
SwapCached:            0 kB
Active:          1034688 kB
Inactive:         706056 kB
Active(anon):     576448 kB
Inactive(anon):   178300 kB
Active(file):     458240 kB
Inactive(file):   527756 kB
Unevictable:        2968 kB
Mlocked:               0 kB
SwapTotal:        524284 kB
SwapFree:         524284 kB
Dirty:               108 kB
Writeback:             0 kB
AnonPages:        717068 kB
Mapped:           387284 kB
Shmem:             37632 kB
Slab:             101484 kB
SReclaimable:      31496 kB
SUnreclaim:        69988 kB
KernelStack:       36512 kB
PageTables:        38476 kB
NFS_Unstable:          0 kB
Bounce:                0 kB
WritebackTmp:          0 kB
CommitLimit:     1815632 kB
Committed_AS:   110699692 kB
VmallocTotal:   251658176 kB
VmallocUsed:      117368 kB
VmallocChunk:   251439524 kB
Time pass: 7 sec

---2015-11-24 16:21:55
MemTotal:        2582696 kB
MemFree:          286036 kB
Buffers:           15260 kB
Cached:          1011336 kB
SwapCached:            0 kB
Active:          1035792 kB
Inactive:         706028 kB
Active(anon):     577524 kB
Inactive(anon):   178300 kB
Active(file):     458268 kB
Inactive(file):   527728 kB
Unevictable:        2968 kB
Mlocked:               0 kB
SwapTotal:        524284 kB
SwapFree:         524284 kB
Dirty:               108 kB
Writeback:             0 kB
AnonPages:        718316 kB
Mapped:           387484 kB
Shmem:             37632 kB
Slab:             101328 kB
SReclaimable:      31496 kB
SUnreclaim:        69832 kB
KernelStack:       36544 kB
PageTables:        38508 kB
NFS_Unstable:          0 kB
Bounce:                0 kB
WritebackTmp:          0 kB
CommitLimit:     1815632 kB
Committed_AS:   110711708 kB
VmallocTotal:   251658176 kB
VmallocUsed:      117368 kB
VmallocChunk:   251439524 kB
Time pass: 10 sec

---2015-11-24 16:21:55
MemTotal:        2582696 kB
MemFree:          159660 kB
Buffers:           15260 kB
Cached:          1011624 kB
SwapCached:            0 kB
Active:          1052452 kB
Inactive:         703920 kB
Active(anon):     591788 kB
Inactive(anon):   178432 kB
Active(file):     460664 kB
Inactive(file):   525488 kB
Unevictable:        2968 kB
Mlocked:               0 kB
SwapTotal:        524284 kB
SwapFree:         524284 kB
Dirty:               188 kB
Writeback:             0 kB
AnonPages:        732412 kB
Mapped:           444744 kB
Shmem:             37764 kB
Slab:             101624 kB
SReclaimable:      31580 kB
SUnreclaim:        70044 kB
KernelStack:       37632 kB
PageTables:        39680 kB
NFS_Unstable:          0 kB
Bounce:                0 kB
WritebackTmp:          0 kB
CommitLimit:     1815632 kB
Committed_AS:   112019020 kB
VmallocTotal:   251658176 kB
VmallocUsed:      119156 kB
VmallocChunk:   251439524 kB
Time pass: 14 sec

---2015-11-24 16:21:55
MemTotal:        2582696 kB
MemFree:          154836 kB
Buffers:           15260 kB
Cached:          1012332 kB
SwapCached:            0 kB
Active:          1042924 kB
Inactive:         703240 kB
Active(anon):     580872 kB
Inactive(anon):   178432 kB
Active(file):     462052 kB
Inactive(file):   524808 kB
Unevictable:        2968 kB
Mlocked:               0 kB
SwapTotal:        524284 kB
SwapFree:         524284 kB
Dirty:               484 kB
Writeback:             0 kB
AnonPages:        721360 kB
Mapped:           467248 kB
Shmem:             37764 kB
Slab:             101556 kB
SReclaimable:      31648 kB
SUnreclaim:        69908 kB
KernelStack:       37664 kB
PageTables:        39636 kB
NFS_Unstable:          0 kB
Bounce:                0 kB
WritebackTmp:          0 kB
CommitLimit:     1815632 kB
Committed_AS:   112027408 kB
VmallocTotal:   251658176 kB
VmallocUsed:      119636 kB
VmallocChunk:   251439524 kB
Time pass: 17 sec

---2015-11-24 16:21:55
MemTotal:        2582696 kB
MemFree:          155220 kB
Buffers:           15260 kB
Cached:          1012384 kB
SwapCached:            0 kB
Active:          1042984 kB
Inactive:         703240 kB
Active(anon):     580932 kB
Inactive(anon):   178432 kB
Active(file):     462052 kB
Inactive(file):   524808 kB
Unevictable:        2968 kB
Mlocked:               0 kB
SwapTotal:        524284 kB
SwapFree:         524284 kB
Dirty:               340 kB
Writeback:             0 kB
AnonPages:        721520 kB
Mapped:           467252 kB
Shmem:             37764 kB
Slab:             101648 kB
SReclaimable:      31648 kB
SUnreclaim:        70000 kB
KernelStack:       37664 kB
PageTables:        39640 kB
NFS_Unstable:          0 kB
Bounce:                0 kB
WritebackTmp:          0 kB
CommitLimit:     1815632 kB
Committed_AS:   112027400 kB
VmallocTotal:   251658176 kB
VmallocUsed:      119636 kB
VmallocChunk:   251439524 kB
Time pass: 21 sec

---2015-11-24 16:21:55
MemTotal:        2582696 kB
MemFree:          119584 kB
Buffers:           15260 kB
Cached:          1014476 kB
SwapCached:            0 kB
Active:          1052976 kB
Inactive:         705444 kB
Active(anon):     590984 kB
Inactive(anon):   178432 kB
Active(file):     461992 kB
Inactive(file):   527012 kB
Unevictable:        2968 kB
Mlocked:               0 kB
SwapTotal:        524284 kB
SwapFree:         524284 kB
Dirty:               288 kB
Writeback:             0 kB
AnonPages:        731664 kB
Mapped:           472624 kB
Shmem:             37764 kB
Slab:             102004 kB
SReclaimable:      31900 kB
SUnreclaim:        70104 kB
KernelStack:       37776 kB
PageTables:        39968 kB
NFS_Unstable:          0 kB
Bounce:                0 kB
WritebackTmp:          0 kB
CommitLimit:     1815632 kB
Committed_AS:   112028312 kB
VmallocTotal:   251658176 kB
VmallocUsed:      119748 kB
VmallocChunk:   251439524 kB
Time pass: 25 sec

---2015-11-24 16:21:55
MemTotal:        2582696 kB
MemFree:          123008 kB
Buffers:           15260 kB
Cached:          1010528 kB
SwapCached:            0 kB
Active:          1054276 kB
Inactive:         701560 kB
Active(anon):     592348 kB
Inactive(anon):   178432 kB
Active(file):     461928 kB
Inactive(file):   523128 kB
Unevictable:        2968 kB
Mlocked:               0 kB
SwapTotal:        524284 kB
SwapFree:         524284 kB
Dirty:               364 kB
Writeback:             0 kB
AnonPages:        732992 kB
Mapped:           472820 kB
Shmem:             37764 kB
Slab:             101864 kB
SReclaimable:      31900 kB
SUnreclaim:        69964 kB
KernelStack:       37744 kB
PageTables:        40032 kB
NFS_Unstable:          0 kB
Bounce:                0 kB
WritebackTmp:          0 kB
CommitLimit:     1815632 kB
Committed_AS:   112032376 kB
VmallocTotal:   251658176 kB
VmallocUsed:      119732 kB
VmallocChunk:   251439524 kB
Time pass: 28 sec

---2015-11-24 16:21:55
MemTotal:        2582696 kB
MemFree:          128120 kB
Buffers:           15268 kB
Cached:          1010616 kB
SwapCached:            0 kB
Active:          1054588 kB
Inactive:         701656 kB
Active(anon):     592660 kB
Inactive(anon):   178432 kB
Active(file):     461928 kB
Inactive(file):   523224 kB
Unevictable:        2968 kB
Mlocked:               0 kB
SwapTotal:        524284 kB
SwapFree:         524284 kB
Dirty:               264 kB
Writeback:             0 kB
AnonPages:        733320 kB
Mapped:           473128 kB
Shmem:             37764 kB
Slab:             101916 kB
SReclaimable:      31900 kB
SUnreclaim:        70016 kB
KernelStack:       37744 kB
PageTables:        39876 kB
NFS_Unstable:          0 kB
Bounce:                0 kB
WritebackTmp:          0 kB
CommitLimit:     1815632 kB
Committed_AS:   112032368 kB
VmallocTotal:   251658176 kB
VmallocUsed:      119696 kB
VmallocChunk:   251439524 kB
Time pass: 32 sec

---2015-11-24 16:21:55
MemTotal:        2582696 kB
MemFree:          134344 kB
Buffers:           15268 kB
Cached:          1010624 kB
SwapCached:            0 kB
Active:          1048024 kB
Inactive:         701664 kB
Active(anon):     586096 kB
Inactive(anon):   178432 kB
Active(file):     461928 kB
Inactive(file):   523232 kB
Unevictable:        2968 kB
Mlocked:               0 kB
SwapTotal:        524284 kB
SwapFree:         524284 kB
Dirty:               284 kB
Writeback:             0 kB
AnonPages:        726628 kB
Mapped:           473140 kB
Shmem:             37764 kB
Slab:             101916 kB
SReclaimable:      31900 kB
SUnreclaim:        70016 kB
KernelStack:       37744 kB
PageTables:        39872 kB
NFS_Unstable:          0 kB
Bounce:                0 kB
WritebackTmp:          0 kB
CommitLimit:     1815632 kB
Committed_AS:   112032392 kB
VmallocTotal:   251658176 kB
VmallocUsed:      119696 kB
VmallocChunk:   251439524 kB
Time pass: 36 sec

---2015-11-24 16:21:55
MemTotal:        2582696 kB
MemFree:          105900 kB
Buffers:           15268 kB
Cached:          1006720 kB
SwapCached:            0 kB
Active:          1073900 kB
Inactive:         698032 kB
Active(anon):     611988 kB
Inactive(anon):   178432 kB
Active(file):     461912 kB
Inactive(file):   519600 kB
Unevictable:        2968 kB
Mlocked:               0 kB
SwapTotal:        524284 kB
SwapFree:         524284 kB
Dirty:              1584 kB
Writeback:             0 kB
AnonPages:        752672 kB
Mapped:           468216 kB
Shmem:             37764 kB
Slab:             101664 kB
SReclaimable:      31800 kB
SUnreclaim:        69864 kB
KernelStack:       37936 kB
PageTables:        39908 kB
NFS_Unstable:          0 kB
Bounce:                0 kB
WritebackTmp:          0 kB
CommitLimit:     1815632 kB
Committed_AS:   112040856 kB
VmallocTotal:   251658176 kB
VmallocUsed:      119928 kB
VmallocChunk:   251439524 kB
Time pass: 39 sec

---2015-11-24 16:21:55
MemTotal:        2582696 kB
MemFree:          110128 kB
Buffers:           15268 kB
Cached:           999204 kB
SwapCached:            0 kB
Active:          1061700 kB
Inactive:         694412 kB
Active(anon):     604016 kB
Inactive(anon):   178432 kB
Active(file):     457684 kB
Inactive(file):   515980 kB
Unevictable:        2968 kB
Mlocked:               0 kB
SwapTotal:        524284 kB
SwapFree:         524284 kB
Dirty:               520 kB
Writeback:             0 kB
AnonPages:        744968 kB
Mapped:           470884 kB
Shmem:             37764 kB
Slab:             101840 kB
SReclaimable:      31748 kB
SUnreclaim:        70092 kB
KernelStack:       37888 kB
PageTables:        39908 kB
NFS_Unstable:          0 kB
Bounce:                0 kB
WritebackTmp:          0 kB
CommitLimit:     1815632 kB
Committed_AS:   112040888 kB
VmallocTotal:   251658176 kB
VmallocUsed:      120028 kB
VmallocChunk:   251439524 kB
Time pass: 43 sec

---2015-11-24 16:21:55
MemTotal:        2582696 kB
MemFree:          113216 kB
Buffers:           15268 kB
Cached:           994888 kB
SwapCached:            0 kB
Active:          1061780 kB
Inactive:         690328 kB
Active(anon):     604288 kB
Inactive(anon):   178432 kB
Active(file):     457492 kB
Inactive(file):   511896 kB
Unevictable:        2968 kB
Mlocked:               0 kB
SwapTotal:        524284 kB
SwapFree:         524284 kB
Dirty:               300 kB
Writeback:             0 kB
AnonPages:        745092 kB
Mapped:           470992 kB
Shmem:             37764 kB
Slab:             102332 kB
SReclaimable:      32188 kB
SUnreclaim:        70144 kB
KernelStack:       37888 kB
PageTables:        39956 kB
NFS_Unstable:          0 kB
Bounce:                0 kB
WritebackTmp:          0 kB
CommitLimit:     1815632 kB
Committed_AS:   112040904 kB
VmallocTotal:   251658176 kB
VmallocUsed:      120028 kB
VmallocChunk:   251439524 kB
Time pass: 47 sec

---2015-11-24 16:21:55
MemTotal:        2582696 kB
MemFree:          113420 kB
Buffers:           15268 kB
Cached:           995020 kB
SwapCached:            0 kB
Active:          1062072 kB
Inactive:         690436 kB
Active(anon):     604572 kB
Inactive(anon):   178432 kB
Active(file):     457500 kB
Inactive(file):   512004 kB
Unevictable:        2968 kB
Mlocked:               0 kB
SwapTotal:        524284 kB
SwapFree:         524284 kB
Dirty:               488 kB
Writeback:             0 kB
AnonPages:        745284 kB
Mapped:           470996 kB
Shmem:             37764 kB
Slab:             102392 kB
SReclaimable:      32252 kB
SUnreclaim:        70140 kB
KernelStack:       37888 kB
PageTables:        39960 kB
NFS_Unstable:          0 kB
Bounce:                0 kB
WritebackTmp:          0 kB
CommitLimit:     1815632 kB
Committed_AS:   112040888 kB
VmallocTotal:   251658176 kB
VmallocUsed:      120028 kB
VmallocChunk:   251439524 kB
Time pass: 50 sec

---2015-11-24 16:21:55
MemTotal:        2582696 kB
MemFree:          112640 kB
Buffers:           15268 kB
Cached:           995020 kB
SwapCached:            0 kB
Active:          1062040 kB
Inactive:         690488 kB
Active(anon):     604540 kB
Inactive(anon):   178432 kB
Active(file):     457500 kB
Inactive(file):   512056 kB
Unevictable:        2968 kB
Mlocked:               0 kB
SwapTotal:        524284 kB
SwapFree:         524284 kB
Dirty:               488 kB
Writeback:             0 kB
AnonPages:        745296 kB
Mapped:           471000 kB
Shmem:             37764 kB
Slab:             102560 kB
SReclaimable:      32268 kB
SUnreclaim:        70292 kB
KernelStack:       37888 kB
PageTables:        39960 kB
NFS_Unstable:          0 kB
Bounce:                0 kB
WritebackTmp:          0 kB
CommitLimit:     1815632 kB
Committed_AS:   112040880 kB
VmallocTotal:   251658176 kB
VmallocUsed:      120028 kB
VmallocChunk:   251439524 kB
Time pass: 54 sec

---2015-11-24 16:21:55
MemTotal:        2582696 kB
MemFree:          112292 kB
Buffers:           15268 kB
Cached:           995020 kB
SwapCached:            0 kB
Active:          1062220 kB
Inactive:         690488 kB
Active(anon):     604720 kB
Inactive(anon):   178432 kB
Active(file):     457500 kB
Inactive(file):   512056 kB
Unevictable:        2968 kB
Mlocked:               0 kB
SwapTotal:        524284 kB
SwapFree:         524284 kB
Dirty:               488 kB
Writeback:             0 kB
AnonPages:        745432 kB
Mapped:           471004 kB
Shmem:             37764 kB
Slab:             102560 kB
SReclaimable:      32268 kB
SUnreclaim:        70292 kB
KernelStack:       37888 kB
PageTables:        39956 kB
NFS_Unstable:          0 kB
Bounce:                0 kB
WritebackTmp:          0 kB
CommitLimit:     1815632 kB
Committed_AS:   112040896 kB
VmallocTotal:   251658176 kB
VmallocUsed:      120028 kB
VmallocChunk:   251439524 kB
Time pass: 57 sec

---2015-11-24 16:21:55
MemTotal:        2582696 kB
MemFree:          107556 kB
Buffers:           15268 kB
Cached:           991020 kB
SwapCached:            0 kB
Active:          1065072 kB
Inactive:         686788 kB
Active(anon):     607928 kB
Inactive(anon):   178432 kB
Active(file):     457144 kB
Inactive(file):   508356 kB
Unevictable:        2968 kB
Mlocked:               0 kB
SwapTotal:        524284 kB
SwapFree:         524284 kB
Dirty:               716 kB
Writeback:             0 kB
AnonPages:        748688 kB
Mapped:           471060 kB
Shmem:             37764 kB
Slab:             102520 kB
SReclaimable:      32268 kB
SUnreclaim:        70252 kB
KernelStack:       37888 kB
PageTables:        39960 kB
NFS_Unstable:          0 kB
Bounce:                0 kB
WritebackTmp:          0 kB
CommitLimit:     1815632 kB
Committed_AS:   112040968 kB
VmallocTotal:   251658176 kB
VmallocUsed:      120052 kB
VmallocChunk:   251439524 kB
Time pass: 61 sec

---2015-11-24 16:21:55
MemTotal:        2582696 kB
MemFree:          107196 kB
Buffers:           15268 kB
Cached:           991020 kB
SwapCached:            0 kB
Active:          1065464 kB
Inactive:         686764 kB
Active(anon):     608296 kB
Inactive(anon):   178432 kB
Active(file):     457168 kB
Inactive(file):   508332 kB
Unevictable:        2968 kB
Mlocked:               0 kB
SwapTotal:        524284 kB
SwapFree:         524284 kB
Dirty:               512 kB
Writeback:             0 kB
AnonPages:        748852 kB
Mapped:           471144 kB
Shmem:             37764 kB
Slab:             102520 kB
SReclaimable:      32268 kB
SUnreclaim:        70252 kB
KernelStack:       37888 kB
PageTables:        39996 kB
NFS_Unstable:          0 kB
Bounce:                0 kB
WritebackTmp:          0 kB
CommitLimit:     1815632 kB
Committed_AS:   112040968 kB
VmallocTotal:   251658176 kB
VmallocUsed:      120052 kB
VmallocChunk:   251439524 kB
Time pass: 65 sec

---2015-11-24 16:21:55
MemTotal:        2582696 kB
MemFree:          110552 kB
Buffers:           15268 kB
Cached:           987024 kB
SwapCached:            0 kB
Active:          1065552 kB
Inactive:         682932 kB
Active(anon):     608548 kB
Inactive(anon):   178432 kB
Active(file):     457004 kB
Inactive(file):   504500 kB
Unevictable:        2968 kB
Mlocked:               0 kB
SwapTotal:        524284 kB
SwapFree:         524284 kB
Dirty:               512 kB
Writeback:             0 kB
AnonPages:        749100 kB
Mapped:           471088 kB
Shmem:             37764 kB
Slab:             102504 kB
SReclaimable:      32268 kB
SUnreclaim:        70236 kB
KernelStack:       37888 kB
PageTables:        39988 kB
NFS_Unstable:          0 kB
Bounce:                0 kB
WritebackTmp:          0 kB
CommitLimit:     1815632 kB
Committed_AS:   112040944 kB
VmallocTotal:   251658176 kB
VmallocUsed:      120052 kB
VmallocChunk:   251439524 kB
Time pass: 68 sec

---2015-11-24 16:21:55
MemTotal:        2582696 kB
MemFree:          110648 kB
Buffers:           15268 kB
Cached:           987024 kB
SwapCached:            0 kB
Active:          1065512 kB
Inactive:         682988 kB
Active(anon):     608508 kB
Inactive(anon):   178432 kB
Active(file):     457004 kB
Inactive(file):   504556 kB
Unevictable:        2968 kB
Mlocked:               0 kB
SwapTotal:        524284 kB
SwapFree:         524284 kB
Dirty:               512 kB
Writeback:             0 kB
AnonPages:        749228 kB
Mapped:           471004 kB
Shmem:             37764 kB
Slab:             102480 kB
SReclaimable:      32300 kB
SUnreclaim:        70180 kB
KernelStack:       37856 kB
PageTables:        39960 kB
NFS_Unstable:          0 kB
Bounce:                0 kB
WritebackTmp:          0 kB
CommitLimit:     1815632 kB
Committed_AS:   112040920 kB
VmallocTotal:   251658176 kB
VmallocUsed:      120052 kB
VmallocChunk:   251439524 kB
Time pass: 72 sec

---2015-11-24 16:21:55
MemTotal:        2582696 kB
MemFree:          109660 kB
Buffers:           15268 kB
Cached:           987024 kB
SwapCached:            0 kB
Active:          1065648 kB
Inactive:         682988 kB
Active(anon):     608644 kB
Inactive(anon):   178432 kB
Active(file):     457004 kB
Inactive(file):   504556 kB
Unevictable:        2968 kB
Mlocked:               0 kB
SwapTotal:        524284 kB
SwapFree:         524284 kB
Dirty:               516 kB
Writeback:             0 kB
AnonPages:        749424 kB
Mapped:           471008 kB
Shmem:             37764 kB
Slab:             102632 kB
SReclaimable:      32300 kB
SUnreclaim:        70332 kB
KernelStack:       37824 kB
PageTables:        39964 kB
NFS_Unstable:          0 kB
Bounce:                0 kB
WritebackTmp:          0 kB
CommitLimit:     1815632 kB
Committed_AS:   112040912 kB
VmallocTotal:   251658176 kB
VmallocUsed:      120052 kB
VmallocChunk:   251439524 kB
Time pass: 76 sec

---2015-11-24 16:21:55
MemTotal:        2582696 kB
MemFree:          432100 kB
Buffers:           13260 kB
Cached:           936232 kB
SwapCached:            0 kB
Active:          1044664 kB
Inactive:         604480 kB
Active(anon):     562848 kB
Inactive(anon):   178300 kB
Active(file):     481816 kB
Inactive(file):   426180 kB
Unevictable:        3852 kB
Mlocked:               0 kB
SwapTotal:        524284 kB
SwapFree:         524284 kB
Dirty:               520 kB
Writeback:             4 kB
AnonPages:        703604 kB
Mapped:           379824 kB
Shmem:             37632 kB
Slab:             101444 kB
SReclaimable:      31588 kB
SUnreclaim:        69856 kB
KernelStack:       36464 kB
PageTables:        38028 kB
NFS_Unstable:          0 kB
Bounce:                0 kB
WritebackTmp:          0 kB
CommitLimit:     1815632 kB
Committed_AS:   111252364 kB
VmallocTotal:   251658176 kB
VmallocUsed:      116348 kB
VmallocChunk:   251439524 kB
Time pass: 79 sec

---2015-11-24 16:21:55
MemTotal:        2582696 kB
MemFree:          433132 kB
Buffers:           13260 kB
Cached:           937148 kB
SwapCached:            0 kB
Active:          1042152 kB
Inactive:         605224 kB
Active(anon):     560160 kB
Inactive(anon):   178300 kB
Active(file):     481992 kB
Inactive(file):   426924 kB
Unevictable:        3852 kB
Mlocked:               0 kB
SwapTotal:        524284 kB
SwapFree:         524284 kB
Dirty:               944 kB
Writeback:             0 kB
AnonPages:        700740 kB
Mapped:           379896 kB
Shmem:             37632 kB
Slab:             101584 kB
SReclaimable:      31732 kB
SUnreclaim:        69852 kB
KernelStack:       36112 kB
PageTables:        38028 kB
NFS_Unstable:          0 kB
Bounce:                0 kB
WritebackTmp:          0 kB
CommitLimit:     1815632 kB
Committed_AS:   108922888 kB
VmallocTotal:   251658176 kB
VmallocUsed:      116348 kB
VmallocChunk:   251439524 kB
Time pass: 83 sec

---2015-11-24 16:21:55
MemTotal:        2582696 kB
MemFree:          431464 kB
Buffers:           13260 kB
Cached:           937880 kB
SwapCached:            0 kB
Active:          1043404 kB
Inactive:         606036 kB
Active(anon):     561408 kB
Inactive(anon):   178300 kB
Active(file):     481996 kB
Inactive(file):   427736 kB
Unevictable:        3852 kB
Mlocked:               0 kB
SwapTotal:        524284 kB
SwapFree:         524284 kB
Dirty:              1064 kB
Writeback:             0 kB
AnonPages:        702120 kB
Mapped:           379940 kB
Shmem:             37632 kB
Slab:             101584 kB
SReclaimable:      31732 kB
SUnreclaim:        69852 kB
KernelStack:       36112 kB
PageTables:        38028 kB
NFS_Unstable:          0 kB
Bounce:                0 kB
WritebackTmp:          0 kB
CommitLimit:     1815632 kB
Committed_AS:   108922792 kB
VmallocTotal:   251658176 kB
VmallocUsed:      116348 kB
VmallocChunk:   251439524 kB
Time pass: 86 sec

---2015-11-24 16:21:55
MemTotal:        2582696 kB
MemFree:          430560 kB
Buffers:           13260 kB
Cached:           937996 kB
SwapCached:            0 kB
Active:          1043780 kB
Inactive:         606056 kB
Active(anon):     561764 kB
Inactive(anon):   178300 kB
Active(file):     482016 kB
Inactive(file):   427756 kB
Unevictable:        3852 kB
Mlocked:               0 kB
SwapTotal:        524284 kB
SwapFree:         524284 kB
Dirty:               608 kB
Writeback:             0 kB
AnonPages:        702444 kB
Mapped:           379984 kB
Shmem:             37632 kB
Slab:             101580 kB
SReclaimable:      31732 kB
SUnreclaim:        69848 kB
KernelStack:       36096 kB
PageTables:        38032 kB
NFS_Unstable:          0 kB
Bounce:                0 kB
WritebackTmp:          0 kB
CommitLimit:     1815632 kB
Committed_AS:   108922704 kB
VmallocTotal:   251658176 kB
VmallocUsed:      116348 kB
VmallocChunk:   251439524 kB
Time pass: 90 sec

---2015-11-24 16:21:55
MemTotal:        2582696 kB
MemFree:          430412 kB
Buffers:           13268 kB
Cached:           937988 kB
SwapCached:            0 kB
Active:          1043956 kB
Inactive:         606056 kB
Active(anon):     561940 kB
Inactive(anon):   178300 kB
Active(file):     482016 kB
Inactive(file):   427756 kB
Unevictable:        3852 kB
Mlocked:               0 kB
SwapTotal:        524284 kB
SwapFree:         524284 kB
Dirty:               564 kB
Writeback:             0 kB
AnonPages:        702644 kB
Mapped:           379984 kB
Shmem:             37632 kB
Slab:             101580 kB
SReclaimable:      31732 kB
SUnreclaim:        69848 kB
KernelStack:       36096 kB
PageTables:        38032 kB
NFS_Unstable:          0 kB
Bounce:                0 kB
WritebackTmp:          0 kB
CommitLimit:     1815632 kB
Committed_AS:   108922712 kB
VmallocTotal:   251658176 kB
VmallocUsed:      116348 kB
VmallocChunk:   251439524 kB
Time pass: 94 sec

---2015-11-24 16:21:55
MemTotal:        2582696 kB
MemFree:          261860 kB
Buffers:           13268 kB
Cached:           938140 kB
SwapCached:            0 kB
Active:          1078128 kB
Inactive:         606068 kB
Active(anon):     595972 kB
Inactive(anon):   178432 kB
Active(file):     482156 kB
Inactive(file):   427636 kB
Unevictable:        3852 kB
Mlocked:               0 kB
SwapTotal:        524284 kB
SwapFree:         524284 kB
Dirty:                 0 kB
Writeback:             0 kB
AnonPages:        736676 kB
Mapped:           408380 kB
Shmem:             37764 kB
Slab:             101776 kB
SReclaimable:      31752 kB
SUnreclaim:        70024 kB
KernelStack:       37232 kB
PageTables:        38984 kB
NFS_Unstable:          0 kB
Bounce:                0 kB
WritebackTmp:          0 kB
CommitLimit:     1815632 kB
Committed_AS:   110237784 kB
VmallocTotal:   251658176 kB
VmallocUsed:      117768 kB
VmallocChunk:   251439524 kB
Time pass: 97 sec

---2015-11-24 16:21:55
MemTotal:        2582696 kB
MemFree:          188352 kB
Buffers:           13268 kB
Cached:           937728 kB
SwapCached:            0 kB
Active:          1071016 kB
Inactive:         605700 kB
Active(anon):     588904 kB
Inactive(anon):   178432 kB
Active(file):     482112 kB
Inactive(file):   427268 kB
Unevictable:        3852 kB
Mlocked:               0 kB
SwapTotal:        524284 kB
SwapFree:         524284 kB
Dirty:               896 kB
Writeback:             0 kB
AnonPages:        729372 kB
Mapped:           445884 kB
Shmem:             37764 kB
Slab:             101712 kB
SReclaimable:      31800 kB
SUnreclaim:        69912 kB
KernelStack:       37264 kB
PageTables:        39124 kB
NFS_Unstable:          0 kB
Bounce:                0 kB
WritebackTmp:          0 kB
CommitLimit:     1815632 kB
Committed_AS:   110246148 kB
VmallocTotal:   251658176 kB
VmallocUsed:      118468 kB
VmallocChunk:   251439524 kB
Time pass: 101 sec

---2015-11-24 16:21:55
MemTotal:        2582696 kB
MemFree:          138072 kB
Buffers:           13268 kB
Cached:           939852 kB
SwapCached:            0 kB
Active:          1091952 kB
Inactive:         606356 kB
Active(anon):     608508 kB
Inactive(anon):   178432 kB
Active(file):     483444 kB
Inactive(file):   427924 kB
Unevictable:        3852 kB
Mlocked:               0 kB
SwapTotal:        524284 kB
SwapFree:         524284 kB
Dirty:              2636 kB
Writeback:             0 kB
AnonPages:        749364 kB
Mapped:           462296 kB
Shmem:             37764 kB
Slab:             101896 kB
SReclaimable:      31760 kB
SUnreclaim:        70136 kB
KernelStack:       37424 kB
PageTables:        39264 kB
NFS_Unstable:          0 kB
Bounce:                0 kB
WritebackTmp:          0 kB
CommitLimit:     1815632 kB
Committed_AS:   110263572 kB
VmallocTotal:   251658176 kB
VmallocUsed:      118688 kB
VmallocChunk:   251439524 kB
Time pass: 105 sec

---2015-11-24 16:21:55
MemTotal:        2582696 kB
MemFree:          118292 kB
Buffers:           13268 kB
Cached:           940328 kB
SwapCached:            0 kB
Active:          1086140 kB
Inactive:         606328 kB
Active(anon):     602132 kB
Inactive(anon):   178432 kB
Active(file):     484008 kB
Inactive(file):   427896 kB
Unevictable:        3852 kB
Mlocked:               0 kB
SwapTotal:        524284 kB
SwapFree:         524284 kB
Dirty:              2380 kB
Writeback:             0 kB
AnonPages:        742620 kB
Mapped:           487724 kB
Shmem:             37764 kB
Slab:             101764 kB
SReclaimable:      31760 kB
SUnreclaim:        70004 kB
KernelStack:       37424 kB
PageTables:        39372 kB
NFS_Unstable:          0 kB
Bounce:                0 kB
WritebackTmp:          0 kB
CommitLimit:     1815632 kB
Committed_AS:   110271972 kB
VmallocTotal:   251658176 kB
VmallocUsed:      118876 kB
VmallocChunk:   251439524 kB
Time pass: 109 sec

---2015-11-24 16:21:55
MemTotal:        2582696 kB
MemFree:          117848 kB
Buffers:           13268 kB
Cached:           940300 kB
SwapCached:            0 kB
Active:          1086156 kB
Inactive:         606348 kB
Active(anon):     602120 kB
Inactive(anon):   178432 kB
Active(file):     484036 kB
Inactive(file):   427916 kB
Unevictable:        3852 kB
Mlocked:               0 kB
SwapTotal:        524284 kB
SwapFree:         524284 kB
Dirty:               364 kB
Writeback:             0 kB
AnonPages:        742920 kB
Mapped:           487832 kB
Shmem:             37764 kB
Slab:             101756 kB
SReclaimable:      31760 kB
SUnreclaim:        69996 kB
KernelStack:       37424 kB
PageTables:        39376 kB
NFS_Unstable:          0 kB
Bounce:                0 kB
WritebackTmp:          0 kB
CommitLimit:     1815632 kB
Committed_AS:   110271964 kB
VmallocTotal:   251658176 kB
VmallocUsed:      118876 kB
VmallocChunk:   251439524 kB
Time pass: 112 sec

---2015-11-24 16:21:55
MemTotal:        2582696 kB
MemFree:          129748 kB
Buffers:           13268 kB
Cached:           940820 kB
SwapCached:            0 kB
Active:          1093476 kB
Inactive:         606504 kB
Active(anon):     609108 kB
Inactive(anon):   178420 kB
Active(file):     484368 kB
Inactive(file):   428084 kB
Unevictable:        3884 kB
Mlocked:               0 kB
SwapTotal:        524284 kB
SwapFree:         524272 kB
Dirty:              1036 kB
Writeback:             0 kB
AnonPages:        749884 kB
Mapped:           489600 kB
Shmem:             37752 kB
Slab:             101912 kB
SReclaimable:      31760 kB
SUnreclaim:        70152 kB
KernelStack:       37424 kB
PageTables:        39388 kB
NFS_Unstable:          0 kB
Bounce:                0 kB
WritebackTmp:          0 kB
CommitLimit:     1815632 kB
Committed_AS:   110272436 kB
VmallocTotal:   251658176 kB
VmallocUsed:      119056 kB
VmallocChunk:   251439524 kB
Time pass: 116 sec

---2015-11-24 16:21:55
MemTotal:        2582696 kB
MemFree:          130468 kB
Buffers:           13268 kB
Cached:           941008 kB
SwapCached:            0 kB
Active:          1093016 kB
Inactive:         606564 kB
Active(anon):     608520 kB
Inactive(anon):   178420 kB
Active(file):     484496 kB
Inactive(file):   428144 kB
Unevictable:        3884 kB
Mlocked:               0 kB
SwapTotal:        524284 kB
SwapFree:         524272 kB
Dirty:               544 kB
Writeback:             0 kB
AnonPages:        749224 kB
Mapped:           489560 kB
Shmem:             37752 kB
Slab:             101872 kB
SReclaimable:      31764 kB
SUnreclaim:        70108 kB
KernelStack:       37424 kB
PageTables:        39360 kB
NFS_Unstable:          0 kB
Bounce:                0 kB
WritebackTmp:          0 kB
CommitLimit:     1815632 kB
Committed_AS:   110272396 kB
VmallocTotal:   251658176 kB
VmallocUsed:      119056 kB
VmallocChunk:   251439524 kB
Time pass: 120 sec

---2015-11-24 16:21:55
MemTotal:        2582696 kB
MemFree:          130016 kB
Buffers:           13268 kB
Cached:           941008 kB
SwapCached:            0 kB
Active:          1092688 kB
Inactive:         606564 kB
Active(anon):     608192 kB
Inactive(anon):   178420 kB
Active(file):     484496 kB
Inactive(file):   428144 kB
Unevictable:        3884 kB
Mlocked:               0 kB
SwapTotal:        524284 kB
SwapFree:         524272 kB
Dirty:               540 kB
Writeback:             0 kB
AnonPages:        748932 kB
Mapped:           489348 kB
Shmem:             37752 kB
Slab:             101864 kB
SReclaimable:      31764 kB
SUnreclaim:        70100 kB
KernelStack:       37424 kB
PageTables:        39360 kB
NFS_Unstable:          0 kB
Bounce:                0 kB
WritebackTmp:          0 kB
CommitLimit:     1815632 kB
Committed_AS:   110272460 kB
VmallocTotal:   251658176 kB
VmallocUsed:      119056 kB
VmallocChunk:   251439524 kB
Time pass: 123 sec

---2015-11-24 16:21:55
MemTotal:        2582696 kB
MemFree:          108016 kB
Buffers:           13244 kB
Cached:           937008 kB
SwapCached:            0 kB
Active:          1098944 kB
Inactive:         610844 kB
Active(anon):     622764 kB
Inactive(anon):   178420 kB
Active(file):     476180 kB
Inactive(file):   432424 kB
Unevictable:        3896 kB
Mlocked:               0 kB
SwapTotal:        524284 kB
SwapFree:         523912 kB
Dirty:               552 kB
Writeback:             0 kB
AnonPages:        763584 kB
Mapped:           494708 kB
Shmem:             37756 kB
Slab:             102068 kB
SReclaimable:      31788 kB
SUnreclaim:        70280 kB
KernelStack:       38128 kB
PageTables:        40044 kB
NFS_Unstable:          0 kB
Bounce:                0 kB
WritebackTmp:          0 kB
CommitLimit:     1815632 kB
Committed_AS:   112080880 kB
VmallocTotal:   251658176 kB
VmallocUsed:      122608 kB
VmallocChunk:   251439524 kB
Time pass: 127 sec

---2015-11-24 16:21:55
MemTotal:        2582696 kB
MemFree:          109360 kB
Buffers:           13284 kB
Cached:           930412 kB
SwapCached:            0 kB
Active:          1101276 kB
Inactive:         609952 kB
Active(anon):     630512 kB
Inactive(anon):   178236 kB
Active(file):     470764 kB
Inactive(file):   431716 kB
Unevictable:        3896 kB
Mlocked:               0 kB
SwapTotal:        524284 kB
SwapFree:         523520 kB
Dirty:               616 kB
Writeback:             0 kB
AnonPages:        771504 kB
Mapped:           495712 kB
Shmem:             37576 kB
Slab:             102388 kB
SReclaimable:      32016 kB
SUnreclaim:        70372 kB
KernelStack:       38368 kB
PageTables:        40052 kB
NFS_Unstable:          0 kB
Bounce:                0 kB
WritebackTmp:          0 kB
CommitLimit:     1815632 kB
Committed_AS:   112084984 kB
VmallocTotal:   251658176 kB
VmallocUsed:      122608 kB
VmallocChunk:   251439524 kB
Time pass: 131 sec

---2015-11-24 16:21:55
MemTotal:        2582696 kB
MemFree:          112804 kB
Buffers:           13276 kB
Cached:           927024 kB
SwapCached:            0 kB
Active:          1102408 kB
Inactive:         609388 kB
Active(anon):     634912 kB
Inactive(anon):   177900 kB
Active(file):     467496 kB
Inactive(file):   431488 kB
Unevictable:        3896 kB
Mlocked:               0 kB
SwapTotal:        524284 kB
SwapFree:         523332 kB
Dirty:               596 kB
Writeback:             0 kB
AnonPages:        775648 kB
Mapped:           495844 kB
Shmem:             37176 kB
Slab:             102452 kB
SReclaimable:      32016 kB
SUnreclaim:        70436 kB
KernelStack:       38016 kB
PageTables:        39984 kB
NFS_Unstable:          0 kB
Bounce:                0 kB
WritebackTmp:          0 kB
CommitLimit:     1815632 kB
Committed_AS:   112093188 kB
VmallocTotal:   251658176 kB
VmallocUsed:      122608 kB
VmallocChunk:   251439524 kB
Time pass: 135 sec

---2015-11-24 16:21:55
MemTotal:        2582696 kB
MemFree:          112468 kB
Buffers:           13276 kB
Cached:           926904 kB
SwapCached:            0 kB
Active:          1103016 kB
Inactive:         609400 kB
Active(anon):     635472 kB
Inactive(anon):   177900 kB
Active(file):     467544 kB
Inactive(file):   431500 kB
Unevictable:        3896 kB
Mlocked:               0 kB
SwapTotal:        524284 kB
SwapFree:         523332 kB
Dirty:               596 kB
Writeback:             0 kB
AnonPages:        775956 kB
Mapped:           495996 kB
Shmem:             37240 kB
Slab:             102464 kB
SReclaimable:      32048 kB
SUnreclaim:        70416 kB
KernelStack:       38128 kB
PageTables:        40156 kB
NFS_Unstable:          0 kB
Bounce:                0 kB
WritebackTmp:          0 kB
CommitLimit:     1815632 kB
Committed_AS:   112097396 kB
VmallocTotal:   251658176 kB
VmallocUsed:      122608 kB
VmallocChunk:   251439524 kB
Time pass: 139 sec

---2015-11-24 16:21:55
MemTotal:        2582696 kB
MemFree:          111412 kB
Buffers:           13276 kB
Cached:           926908 kB
SwapCached:            0 kB
Active:          1104204 kB
Inactive:         609404 kB
Active(anon):     636660 kB
Inactive(anon):   177904 kB
Active(file):     467544 kB
Inactive(file):   431500 kB
Unevictable:        3896 kB
Mlocked:               0 kB
SwapTotal:        524284 kB
SwapFree:         523332 kB
Dirty:               596 kB
Writeback:             0 kB
AnonPages:        777296 kB
Mapped:           496004 kB
Shmem:             37244 kB
Slab:             102664 kB
SReclaimable:      32064 kB
SUnreclaim:        70600 kB
KernelStack:       38128 kB
PageTables:        40160 kB
NFS_Unstable:          0 kB
Bounce:                0 kB
WritebackTmp:          0 kB
CommitLimit:     1815632 kB
Committed_AS:   112097388 kB
VmallocTotal:   251658176 kB
VmallocUsed:      122608 kB
VmallocChunk:   251439524 kB
Time pass: 142 sec

---2015-11-24 16:21:55
MemTotal:        2582696 kB
MemFree:          109180 kB
Buffers:           13276 kB
Cached:           926908 kB
SwapCached:            0 kB
Active:          1106964 kB
Inactive:         609344 kB
Active(anon):     639424 kB
Inactive(anon):   177840 kB
Active(file):     467540 kB
Inactive(file):   431504 kB
Unevictable:        3896 kB
Mlocked:               0 kB
SwapTotal:        524284 kB
SwapFree:         523332 kB
Dirty:               616 kB
Writeback:             0 kB
AnonPages:        780136 kB
Mapped:           495924 kB
Shmem:             37244 kB
Slab:             102556 kB
SReclaimable:      31952 kB
SUnreclaim:        70604 kB
KernelStack:       38112 kB
PageTables:        40164 kB
NFS_Unstable:          0 kB
Bounce:                0 kB
WritebackTmp:          0 kB
CommitLimit:     1815632 kB
Committed_AS:   112097436 kB
VmallocTotal:   251658176 kB
VmallocUsed:      122608 kB
VmallocChunk:   251439524 kB
Time pass: 146 sec

---2015-11-24 16:21:55
MemTotal:        2582696 kB
MemFree:          110972 kB
Buffers:           13276 kB
Cached:           925472 kB
SwapCached:            0 kB
Active:          1106140 kB
Inactive:         609388 kB
Active(anon):     640080 kB
Inactive(anon):   177768 kB
Active(file):     466060 kB
Inactive(file):   431620 kB
Unevictable:        3896 kB
Mlocked:               0 kB
SwapTotal:        524284 kB
SwapFree:         523260 kB
Dirty:               616 kB
Writeback:             0 kB
AnonPages:        780748 kB
Mapped:           495784 kB
Shmem:             37172 kB
Slab:             102476 kB
SReclaimable:      31972 kB
SUnreclaim:        70504 kB
KernelStack:       38144 kB
PageTables:        40168 kB
NFS_Unstable:          0 kB
Bounce:                0 kB
WritebackTmp:          0 kB
CommitLimit:     1815632 kB
Committed_AS:   112097436 kB
VmallocTotal:   251658176 kB
VmallocUsed:      122608 kB
VmallocChunk:   251439524 kB
Time pass: 150 sec

---2015-11-24 16:21:55
MemTotal:        2582696 kB
MemFree:          112800 kB
Buffers:           13276 kB
Cached:           922480 kB
SwapCached:            0 kB
Active:          1104508 kB
Inactive:         609448 kB
Active(anon):     641500 kB
Inactive(anon):   177612 kB
Active(file):     463008 kB
Inactive(file):   431836 kB
Unevictable:        3896 kB
Mlocked:               0 kB
SwapTotal:        524284 kB
SwapFree:         523104 kB
Dirty:               608 kB
Writeback:             0 kB
AnonPages:        782160 kB
Mapped:           495900 kB
Shmem:             37016 kB
Slab:             102456 kB
SReclaimable:      31968 kB
SUnreclaim:        70488 kB
KernelStack:       38288 kB
PageTables:        40156 kB
NFS_Unstable:          0 kB
Bounce:                0 kB
WritebackTmp:          0 kB
CommitLimit:     1815632 kB
Committed_AS:   112097372 kB
VmallocTotal:   251658176 kB
VmallocUsed:      122608 kB
VmallocChunk:   251439524 kB
Time pass: 154 sec

---2015-11-24 16:21:55
MemTotal:        2582696 kB
MemFree:          107044 kB
Buffers:           13284 kB
Cached:           922532 kB
SwapCached:            0 kB
Active:          1109408 kB
Inactive:         609516 kB
Active(anon):     646408 kB
Inactive(anon):   177632 kB
Active(file):     463000 kB
Inactive(file):   431884 kB
Unevictable:        3896 kB
Mlocked:               0 kB
SwapTotal:        524284 kB
SwapFree:         523104 kB
Dirty:               660 kB
Writeback:             0 kB
AnonPages:        787240 kB
Mapped:           500124 kB
Shmem:             37036 kB
Slab:             102684 kB
SReclaimable:      31968 kB
SUnreclaim:        70716 kB
KernelStack:       38368 kB
PageTables:        40572 kB
NFS_Unstable:          0 kB
Bounce:                0 kB
WritebackTmp:          0 kB
CommitLimit:     1815632 kB
Committed_AS:   113339424 kB
VmallocTotal:   251658176 kB
VmallocUsed:      123628 kB
VmallocChunk:   251439524 kB
Time pass: 157 sec

---2015-11-24 16:21:55
MemTotal:        2582696 kB
MemFree:          109284 kB
Buffers:           13284 kB
Cached:           922540 kB
SwapCached:            0 kB
Active:          1107044 kB
Inactive:         609520 kB
Active(anon):     644040 kB
Inactive(anon):   177640 kB
Active(file):     463004 kB
Inactive(file):   431880 kB
Unevictable:        3896 kB
Mlocked:               0 kB
SwapTotal:        524284 kB
SwapFree:         523104 kB
Dirty:               668 kB
Writeback:             0 kB
AnonPages:        785188 kB
Mapped:           496076 kB
Shmem:             37044 kB
Slab:             102680 kB
SReclaimable:      31968 kB
SUnreclaim:        70712 kB
KernelStack:       38112 kB
PageTables:        40200 kB
NFS_Unstable:          0 kB
Bounce:                0 kB
WritebackTmp:          0 kB
CommitLimit:     1815632 kB
Committed_AS:   112097372 kB
VmallocTotal:   251658176 kB
VmallocUsed:      122608 kB
VmallocChunk:   251439524 kB
Time pass: 161 sec

---2015-11-24 16:21:55
MemTotal:        2582696 kB
MemFree:          109952 kB
Buffers:           13284 kB
Cached:           922568 kB
SwapCached:            0 kB
Active:          1107072 kB
Inactive:         609536 kB
Active(anon):     644056 kB
Inactive(anon):   177640 kB
Active(file):     463016 kB
Inactive(file):   431896 kB
Unevictable:        3896 kB
Mlocked:               0 kB
SwapTotal:        524284 kB
SwapFree:         523104 kB
Dirty:               744 kB
Writeback:             0 kB
AnonPages:        784720 kB
Mapped:           495796 kB
Shmem:             37044 kB
Slab:             102596 kB
SReclaimable:      31972 kB
SUnreclaim:        70624 kB
KernelStack:       38096 kB
PageTables:        40164 kB
NFS_Unstable:          0 kB
Bounce:                0 kB
WritebackTmp:          0 kB
CommitLimit:     1815632 kB
Committed_AS:   112097292 kB
VmallocTotal:   251658176 kB
VmallocUsed:      122608 kB
VmallocChunk:   251439524 kB
Time pass: 164 sec

---2015-11-24 16:21:55
MemTotal:        2582696 kB
MemFree:          111684 kB
Buffers:           13284 kB
Cached:           919708 kB
SwapCached:            0 kB
Active:          1104680 kB
Inactive:         609552 kB
Active(anon):     644660 kB
Inactive(anon):   177472 kB
Active(file):     460020 kB
Inactive(file):   432080 kB
Unevictable:        3896 kB
Mlocked:               0 kB
SwapTotal:        524284 kB
SwapFree:         522936 kB
Dirty:               664 kB
Writeback:             0 kB
AnonPages:        785108 kB
Mapped:           495992 kB
Shmem:             36824 kB
Slab:             102604 kB
SReclaimable:      31972 kB
SUnreclaim:        70632 kB
KernelStack:       38128 kB
PageTables:        40148 kB
NFS_Unstable:          0 kB
Bounce:                0 kB
WritebackTmp:          0 kB
CommitLimit:     1815632 kB
Committed_AS:   112097356 kB
VmallocTotal:   251658176 kB
VmallocUsed:      122608 kB
VmallocChunk:   251439524 kB
Time pass: 168 sec

---2015-11-24 16:21:55
MemTotal:        2582696 kB
MemFree:          110300 kB
Buffers:           13284 kB
Cached:           919756 kB
SwapCached:            0 kB
Active:          1105916 kB
Inactive:         609724 kB
Active(anon):     645908 kB
Inactive(anon):   177632 kB
Active(file):     460008 kB
Inactive(file):   432092 kB
Unevictable:        3896 kB
Mlocked:               0 kB
SwapTotal:        524284 kB
SwapFree:         522936 kB
Dirty:               668 kB
Writeback:             0 kB
AnonPages:        786356 kB
Mapped:           496064 kB
Shmem:             37044 kB
Slab:             102420 kB
SReclaimable:      31820 kB
SUnreclaim:        70600 kB
KernelStack:       38224 kB
PageTables:        40180 kB
NFS_Unstable:          0 kB
Bounce:                0 kB
WritebackTmp:          0 kB
CommitLimit:     1815632 kB
Committed_AS:   112097404 kB
VmallocTotal:   251658176 kB
VmallocUsed:      122608 kB
VmallocChunk:   251439524 kB
Time pass: 171 sec

---2015-11-24 16:21:55
MemTotal:        2582696 kB
MemFree:          107064 kB
Buffers:           13284 kB
Cached:           919788 kB
SwapCached:            0 kB
Active:          1108916 kB
Inactive:         609764 kB
Active(anon):     648916 kB
Inactive(anon):   177664 kB
Active(file):     460000 kB
Inactive(file):   432100 kB
Unevictable:        3896 kB
Mlocked:               0 kB
SwapTotal:        524284 kB
SwapFree:         522936 kB
Dirty:               664 kB
Writeback:             0 kB
AnonPages:        789552 kB
Mapped:           499072 kB
Shmem:             37076 kB
Slab:             102464 kB
SReclaimable:      31820 kB
SUnreclaim:        70644 kB
KernelStack:       38112 kB
PageTables:        40444 kB
NFS_Unstable:          0 kB
Bounce:                0 kB
WritebackTmp:          0 kB
CommitLimit:     1815632 kB
Committed_AS:   113341172 kB
VmallocTotal:   251658176 kB
VmallocUsed:      123628 kB
VmallocChunk:   251439524 kB
Time pass: 175 sec

---2015-11-24 16:21:55
MemTotal:        2582696 kB
MemFree:          112612 kB
Buffers:           13284 kB
Cached:           916800 kB
SwapCached:            0 kB
Active:          1104408 kB
Inactive:         609768 kB
Active(anon):     647400 kB
Inactive(anon):   177496 kB
Active(file):     457008 kB
Inactive(file):   432272 kB
Unevictable:        3896 kB
Mlocked:               0 kB
SwapTotal:        524284 kB
SwapFree:         522768 kB
Dirty:               648 kB
Writeback:             0 kB
AnonPages:        788000 kB
Mapped:           496304 kB
Shmem:             36908 kB
Slab:             102432 kB
SReclaimable:      31820 kB
SUnreclaim:        70612 kB
KernelStack:       38112 kB
PageTables:        40184 kB
NFS_Unstable:          0 kB
Bounce:                0 kB
WritebackTmp:          0 kB
CommitLimit:     1815632 kB
Committed_AS:   112101420 kB
VmallocTotal:   251658176 kB
VmallocUsed:      122608 kB
VmallocChunk:   251439524 kB
Time pass: 178 sec

---2015-11-24 16:21:55
MemTotal:        2582696 kB
MemFree:          113364 kB
Buffers:           13284 kB
Cached:           917952 kB
SwapCached:            0 kB
Active:          1102480 kB
Inactive:         610932 kB
Active(anon):     645484 kB
Inactive(anon):   177492 kB
Active(file):     456996 kB
Inactive(file):   433440 kB
Unevictable:        3896 kB
Mlocked:               0 kB
SwapTotal:        524284 kB
SwapFree:         522768 kB
Dirty:               680 kB
Writeback:             0 kB
AnonPages:        785992 kB
Mapped:           496316 kB
Shmem:             36904 kB
Slab:             102556 kB
SReclaimable:      31820 kB
SUnreclaim:        70736 kB
KernelStack:       38096 kB
PageTables:        40144 kB
NFS_Unstable:          0 kB
Bounce:                0 kB
WritebackTmp:          0 kB
CommitLimit:     1815632 kB
Committed_AS:   112097844 kB
VmallocTotal:   251658176 kB
VmallocUsed:      122608 kB
VmallocChunk:   251439524 kB
Time pass: 182 sec

---2015-11-24 16:21:55
MemTotal:        2582696 kB
MemFree:          120616 kB
Buffers:           13284 kB
Cached:           918848 kB
SwapCached:            0 kB
Active:          1093288 kB
Inactive:         611828 kB
Active(anon):     636292 kB
Inactive(anon):   177492 kB
Active(file):     456996 kB
Inactive(file):   434336 kB
Unevictable:        3896 kB
Mlocked:               0 kB
SwapTotal:        524284 kB
SwapFree:         522768 kB
Dirty:               704 kB
Writeback:             0 kB
AnonPages:        776812 kB
Mapped:           496468 kB
Shmem:             36904 kB
Slab:             102492 kB
SReclaimable:      31820 kB
SUnreclaim:        70672 kB
KernelStack:       38224 kB
PageTables:        40164 kB
NFS_Unstable:          0 kB
Bounce:                0 kB
WritebackTmp:          0 kB
CommitLimit:     1815632 kB
Committed_AS:   112097880 kB
VmallocTotal:   251658176 kB
VmallocUsed:      122608 kB
VmallocChunk:   251439524 kB
Time pass: 186 sec

---2015-11-24 16:21:55
MemTotal:        2582696 kB
MemFree:          120512 kB
Buffers:           13284 kB
Cached:           918900 kB
SwapCached:            0 kB
Active:          1093192 kB
Inactive:         611856 kB
Active(anon):     636172 kB
Inactive(anon):   177544 kB
Active(file):     457020 kB
Inactive(file):   434312 kB
Unevictable:        3896 kB
Mlocked:               0 kB
SwapTotal:        524284 kB
SwapFree:         522768 kB
Dirty:               692 kB
Writeback:             0 kB
AnonPages:        776920 kB
Mapped:           496368 kB
Shmem:             36956 kB
Slab:             102448 kB
SReclaimable:      31820 kB
SUnreclaim:        70628 kB
KernelStack:       38352 kB
PageTables:        40188 kB
NFS_Unstable:          0 kB
Bounce:                0 kB
WritebackTmp:          0 kB
CommitLimit:     1815632 kB
Committed_AS:   112097892 kB
VmallocTotal:   251658176 kB
VmallocUsed:      122608 kB
VmallocChunk:   251439524 kB
Time pass: 189 sec

---2015-11-24 16:21:55
MemTotal:        2582696 kB
MemFree:          116412 kB
Buffers:           13284 kB
Cached:           918900 kB
SwapCached:            0 kB
Active:          1097972 kB
Inactive:         611860 kB
Active(anon):     640956 kB
Inactive(anon):   177544 kB
Active(file):     457016 kB
Inactive(file):   434316 kB
Unevictable:        3896 kB
Mlocked:               0 kB
SwapTotal:        524284 kB
SwapFree:         522768 kB
Dirty:               684 kB
Writeback:             0 kB
AnonPages:        781540 kB
Mapped:           500844 kB
Shmem:             36956 kB
Slab:             102500 kB
SReclaimable:      31820 kB
SUnreclaim:        70680 kB
KernelStack:       38416 kB
PageTables:        40592 kB
NFS_Unstable:          0 kB
Bounce:                0 kB
WritebackTmp:          0 kB
CommitLimit:     1815632 kB
Committed_AS:   113339928 kB
VmallocTotal:   251658176 kB
VmallocUsed:      123628 kB
VmallocChunk:   251426212 kB
Time pass: 193 sec

---2015-11-24 16:21:55
MemTotal:        2582696 kB
MemFree:          119896 kB
Buffers:           13284 kB
Cached:           918900 kB
SwapCached:            0 kB
Active:          1094536 kB
Inactive:         611860 kB
Active(anon):     637520 kB
Inactive(anon):   177544 kB
Active(file):     457016 kB
Inactive(file):   434316 kB
Unevictable:        3896 kB
Mlocked:               0 kB
SwapTotal:        524284 kB
SwapFree:         522768 kB
Dirty:               684 kB
Writeback:             0 kB
AnonPages:        778248 kB
Mapped:           496480 kB
Shmem:             36956 kB
Slab:             102456 kB
SReclaimable:      31820 kB
SUnreclaim:        70636 kB
KernelStack:       38160 kB
PageTables:        40148 kB
NFS_Unstable:          0 kB
Bounce:                0 kB
WritebackTmp:          0 kB
CommitLimit:     1815632 kB
Committed_AS:   112097852 kB
VmallocTotal:   251658176 kB
VmallocUsed:      122608 kB
VmallocChunk:   251439524 kB
Time pass: 197 sec

---2015-11-24 16:21:55
MemTotal:        2582696 kB
MemFree:          118464 kB
Buffers:           13284 kB
Cached:           918900 kB
SwapCached:            0 kB
Active:          1095820 kB
Inactive:         611864 kB
Active(anon):     638808 kB
Inactive(anon):   177544 kB
Active(file):     457012 kB
Inactive(file):   434320 kB
Unevictable:        3896 kB
Mlocked:               0 kB
SwapTotal:        524284 kB
SwapFree:         522768 kB
Dirty:               704 kB
Writeback:             0 kB
AnonPages:        779444 kB
Mapped:           496532 kB
Shmem:             36956 kB
Slab:             102428 kB
SReclaimable:      31820 kB
SUnreclaim:        70608 kB
KernelStack:       38160 kB
PageTables:        40196 kB
NFS_Unstable:          0 kB
Bounce:                0 kB
WritebackTmp:          0 kB
CommitLimit:     1815632 kB
Committed_AS:   112097940 kB
VmallocTotal:   251658176 kB
VmallocUsed:      122608 kB
VmallocChunk:   251439524 kB
Time pass: 201 sec

---2015-11-24 16:21:55
MemTotal:        2582696 kB
MemFree:          117928 kB
Buffers:           13284 kB
Cached:           918900 kB
SwapCached:            0 kB
Active:          1096736 kB
Inactive:         611864 kB
Active(anon):     639724 kB
Inactive(anon):   177544 kB
Active(file):     457012 kB
Inactive(file):   434320 kB
Unevictable:        3896 kB
Mlocked:               0 kB
SwapTotal:        524284 kB
SwapFree:         522768 kB
Dirty:               704 kB
Writeback:             0 kB
AnonPages:        780172 kB
Mapped:           496520 kB
Shmem:             36956 kB
Slab:             102436 kB
SReclaimable:      31820 kB
SUnreclaim:        70616 kB
KernelStack:       38192 kB
PageTables:        40200 kB
NFS_Unstable:          0 kB
Bounce:                0 kB
WritebackTmp:          0 kB
CommitLimit:     1815632 kB
Committed_AS:   112097980 kB
VmallocTotal:   251658176 kB
VmallocUsed:      122608 kB
VmallocChunk:   251439524 kB
Time pass: 204 sec

---2015-11-24 16:21:55
MemTotal:        2582696 kB
MemFree:          116296 kB
Buffers:           13284 kB
Cached:           918900 kB
SwapCached:            0 kB
Active:          1097988 kB
Inactive:         611852 kB
Active(anon):     640964 kB
Inactive(anon):   177544 kB
Active(file):     457024 kB
Inactive(file):   434308 kB
Unevictable:        3896 kB
Mlocked:               0 kB
SwapTotal:        524284 kB
SwapFree:         522768 kB
Dirty:               684 kB
Writeback:             0 kB
AnonPages:        781484 kB
Mapped:           496508 kB
Shmem:             36956 kB
Slab:             102388 kB
SReclaimable:      31772 kB
SUnreclaim:        70616 kB
KernelStack:       38352 kB
PageTables:        40192 kB
NFS_Unstable:          0 kB
Bounce:                0 kB
WritebackTmp:          0 kB
CommitLimit:     1815632 kB
Committed_AS:   112097824 kB
VmallocTotal:   251658176 kB
VmallocUsed:      122608 kB
VmallocChunk:   251439524 kB
Time pass: 208 sec

---2015-11-24 16:21:55
MemTotal:        2582696 kB
MemFree:          110488 kB
Buffers:           13284 kB
Cached:           918904 kB
SwapCached:            0 kB
Active:          1103136 kB
Inactive:         611864 kB
Active(anon):     646120 kB
Inactive(anon):   177544 kB
Active(file):     457016 kB
Inactive(file):   434320 kB
Unevictable:        3896 kB
Mlocked:               0 kB
SwapTotal:        524284 kB
SwapFree:         522768 kB
Dirty:               688 kB
Writeback:             0 kB
AnonPages:        786732 kB
Mapped:           500776 kB
Shmem:             36956 kB
Slab:             102540 kB
SReclaimable:      31772 kB
SUnreclaim:        70768 kB
KernelStack:       38432 kB
PageTables:        40592 kB
NFS_Unstable:          0 kB
Bounce:                0 kB
WritebackTmp:          0 kB
CommitLimit:     1815632 kB
Committed_AS:   113339996 kB
VmallocTotal:   251658176 kB
VmallocUsed:      123628 kB
VmallocChunk:   251411876 kB
Time pass: 211 sec

---2015-11-24 16:21:55
MemTotal:        2582696 kB
MemFree:          114024 kB
Buffers:           13284 kB
Cached:           918932 kB
SwapCached:            0 kB
Active:          1099804 kB
Inactive:         611888 kB
Active(anon):     642784 kB
Inactive(anon):   177572 kB
Active(file):     457020 kB
Inactive(file):   434316 kB
Unevictable:        3896 kB
Mlocked:               0 kB
SwapTotal:        524284 kB
SwapFree:         522768 kB
Dirty:               680 kB
Writeback:             0 kB
AnonPages:        783560 kB
Mapped:           496720 kB
Shmem:             36984 kB
Slab:             102500 kB
SReclaimable:      31772 kB
SUnreclaim:        70728 kB
KernelStack:       38320 kB
PageTables:        40216 kB
NFS_Unstable:          0 kB
Bounce:                0 kB
WritebackTmp:          0 kB
CommitLimit:     1815632 kB
Committed_AS:   112097940 kB
VmallocTotal:   251658176 kB
VmallocUsed:      122608 kB
VmallocChunk:   251439524 kB
Time pass: 215 sec

---2015-11-24 16:21:55
MemTotal:        2582696 kB
MemFree:          115292 kB
Buffers:           13292 kB
Cached:           918932 kB
SwapCached:            0 kB
Active:          1099516 kB
Inactive:         611904 kB
Active(anon):     642504 kB
Inactive(anon):   177572 kB
Active(file):     457012 kB
Inactive(file):   434332 kB
Unevictable:        3896 kB
Mlocked:               0 kB
SwapTotal:        524284 kB
SwapFree:         522768 kB
Dirty:               720 kB
Writeback:             0 kB
AnonPages:        783100 kB
Mapped:           496584 kB
Shmem:             36984 kB
Slab:             102336 kB
SReclaimable:      31776 kB
SUnreclaim:        70560 kB
KernelStack:       38176 kB
PageTables:        40196 kB
NFS_Unstable:          0 kB
Bounce:                0 kB
WritebackTmp:          0 kB
CommitLimit:     1815632 kB
Committed_AS:   112098036 kB
VmallocTotal:   251658176 kB
VmallocUsed:      122608 kB
VmallocChunk:   251439524 kB
Time pass: 218 sec

---2015-11-24 16:21:55
MemTotal:        2582696 kB
MemFree:          116368 kB
Buffers:           13292 kB
Cached:           918932 kB
SwapCached:            0 kB
Active:          1098212 kB
Inactive:         611904 kB
Active(anon):     641200 kB
Inactive(anon):   177572 kB
Active(file):     457012 kB
Inactive(file):   434332 kB
Unevictable:        3896 kB
Mlocked:               0 kB
SwapTotal:        524284 kB
SwapFree:         522768 kB
Dirty:               736 kB
Writeback:             0 kB
AnonPages:        781788 kB
Mapped:           496724 kB
Shmem:             36984 kB
Slab:             102572 kB
SReclaimable:      31776 kB
SUnreclaim:        70796 kB
KernelStack:       38288 kB
PageTables:        40168 kB
NFS_Unstable:          0 kB
Bounce:                0 kB
WritebackTmp:          0 kB
CommitLimit:     1815632 kB
Committed_AS:   112097500 kB
VmallocTotal:   251658176 kB
VmallocUsed:      122608 kB
VmallocChunk:   251439524 kB
Time pass: 222 sec

---2015-11-24 16:21:55
MemTotal:        2582696 kB
MemFree:          115152 kB
Buffers:           13292 kB
Cached:           919744 kB
SwapCached:            0 kB
Active:          1098668 kB
Inactive:         612704 kB
Active(anon):     641644 kB
Inactive(anon):   177572 kB
Active(file):     457024 kB
Inactive(file):   435132 kB
Unevictable:        3896 kB
Mlocked:               0 kB
SwapTotal:        524284 kB
SwapFree:         522768 kB
Dirty:              1540 kB
Writeback:             0 kB
AnonPages:        782524 kB
Mapped:           496520 kB
Shmem:             36984 kB
Slab:             102392 kB
SReclaimable:      31776 kB
SUnreclaim:        70616 kB
KernelStack:       38512 kB
PageTables:        40164 kB
NFS_Unstable:          0 kB
Bounce:                0 kB
WritebackTmp:          0 kB
CommitLimit:     1815632 kB
Committed_AS:   112097352 kB
VmallocTotal:   251658176 kB
VmallocUsed:      122608 kB
VmallocChunk:   251439524 kB
Time pass: 225 sec

---2015-11-24 16:21:55
MemTotal:        2582696 kB
MemFree:          117960 kB
Buffers:           13292 kB
Cached:           919744 kB
SwapCached:            0 kB
Active:          1095408 kB
Inactive:         612696 kB
Active(anon):     638376 kB
Inactive(anon):   177572 kB
Active(file):     457032 kB
Inactive(file):   435124 kB
Unevictable:        3896 kB
Mlocked:               0 kB
SwapTotal:        524284 kB
SwapFree:         522768 kB
Dirty:               732 kB
Writeback:             0 kB
AnonPages:        778960 kB
Mapped:           500120 kB
Shmem:             36984 kB
Slab:             102388 kB
SReclaimable:      31776 kB
SUnreclaim:        70612 kB
KernelStack:       38176 kB
PageTables:        40412 kB
NFS_Unstable:          0 kB
Bounce:                0 kB
WritebackTmp:          0 kB
CommitLimit:     1815632 kB
Committed_AS:   113337372 kB
VmallocTotal:   251658176 kB
VmallocUsed:      123628 kB
VmallocChunk:   251439524 kB
Time pass: 229 sec

---2015-11-24 16:21:55
MemTotal:        2582696 kB
MemFree:          119596 kB
Buffers:           13292 kB
Cached:           919744 kB
SwapCached:            0 kB
Active:          1093916 kB
Inactive:         612688 kB
Active(anon):     636876 kB
Inactive(anon):   177572 kB
Active(file):     457040 kB
Inactive(file):   435116 kB
Unevictable:        3896 kB
Mlocked:               0 kB
SwapTotal:        524284 kB
SwapFree:         522768 kB
Dirty:               720 kB
Writeback:             0 kB
AnonPages:        777492 kB
Mapped:           496712 kB
Shmem:             36984 kB
Slab:             102360 kB
SReclaimable:      31776 kB
SUnreclaim:        70584 kB
KernelStack:       38160 kB
PageTables:        40184 kB
NFS_Unstable:          0 kB
Bounce:                0 kB
WritebackTmp:          0 kB
CommitLimit:     1815632 kB
Committed_AS:   112097408 kB
VmallocTotal:   251658176 kB
VmallocUsed:      122608 kB
VmallocChunk:   251439524 kB
Time pass: 233 sec

---2015-11-24 16:21:55
MemTotal:        2582696 kB
MemFree:          118396 kB
Buffers:           13292 kB
Cached:           919744 kB
SwapCached:            0 kB
Active:          1095232 kB
Inactive:         612700 kB
Active(anon):     638204 kB
Inactive(anon):   177572 kB
Active(file):     457028 kB
Inactive(file):   435128 kB
Unevictable:        3896 kB
Mlocked:               0 kB
SwapTotal:        524284 kB
SwapFree:         522768 kB
Dirty:               756 kB
Writeback:             0 kB
AnonPages:        778716 kB
Mapped:           496600 kB
Shmem:             36984 kB
Slab:             102352 kB
SReclaimable:      31776 kB
SUnreclaim:        70576 kB
KernelStack:       38192 kB
PageTables:        40196 kB
NFS_Unstable:          0 kB
Bounce:                0 kB
WritebackTmp:          0 kB
CommitLimit:     1815632 kB
Committed_AS:   112097272 kB
VmallocTotal:   251658176 kB
VmallocUsed:      122608 kB
VmallocChunk:   251439524 kB
Time pass: 237 sec

---2015-11-24 16:21:55
MemTotal:        2582696 kB
MemFree:          118720 kB
Buffers:           13292 kB
Cached:           919744 kB
SwapCached:            0 kB
Active:          1095028 kB
Inactive:         612700 kB
Active(anon):     638000 kB
Inactive(anon):   177572 kB
Active(file):     457028 kB
Inactive(file):   435128 kB
Unevictable:        3896 kB
Mlocked:               0 kB
SwapTotal:        524284 kB
SwapFree:         522768 kB
Dirty:               752 kB
Writeback:             0 kB
AnonPages:        778648 kB
Mapped:           496508 kB
Shmem:             36984 kB
Slab:             102404 kB
SReclaimable:      31776 kB
SUnreclaim:        70628 kB
KernelStack:       38176 kB
PageTables:        40192 kB
NFS_Unstable:          0 kB
Bounce:                0 kB
WritebackTmp:          0 kB
CommitLimit:     1815632 kB
Committed_AS:   112097412 kB
VmallocTotal:   251658176 kB
VmallocUsed:      122608 kB
VmallocChunk:   251439524 kB
Time pass: 240 sec

---2015-11-24 16:21:55
MemTotal:        2582696 kB
MemFree:          117756 kB
Buffers:           13292 kB
Cached:           919744 kB
SwapCached:            0 kB
Active:          1096172 kB
Inactive:         612692 kB
Active(anon):     639140 kB
Inactive(anon):   177572 kB
Active(file):     457032 kB
Inactive(file):   435120 kB
Unevictable:        3896 kB
Mlocked:               0 kB
SwapTotal:        524284 kB
SwapFree:         522768 kB
Dirty:               740 kB
Writeback:             0 kB
AnonPages:        779516 kB
Mapped:           496592 kB
Shmem:             36984 kB
Slab:             102468 kB
SReclaimable:      31776 kB
SUnreclaim:        70692 kB
KernelStack:       38528 kB
PageTables:        40164 kB
NFS_Unstable:          0 kB
Bounce:                0 kB
WritebackTmp:          0 kB
CommitLimit:     1815632 kB
Committed_AS:   112097372 kB
VmallocTotal:   251658176 kB
VmallocUsed:      122608 kB
VmallocChunk:   251439524 kB
Time pass: 244 sec

---2015-11-24 16:21:55
MemTotal:        2582696 kB
MemFree:          115060 kB
Buffers:           13292 kB
Cached:           919744 kB
SwapCached:            0 kB
Active:          1098276 kB
Inactive:         612684 kB
Active(anon):     641236 kB
Inactive(anon):   177572 kB
Active(file):     457040 kB
Inactive(file):   435112 kB
Unevictable:        3896 kB
Mlocked:               0 kB
SwapTotal:        524284 kB
SwapFree:         522768 kB
Dirty:               720 kB
Writeback:             0 kB
AnonPages:        782112 kB
Mapped:           497316 kB
Shmem:             36984 kB
Slab:             102416 kB
SReclaimable:      31776 kB
SUnreclaim:        70640 kB
KernelStack:       38176 kB
PageTables:        40444 kB
NFS_Unstable:          0 kB
Bounce:                0 kB
WritebackTmp:          0 kB
CommitLimit:     1815632 kB
Committed_AS:   113337276 kB
VmallocTotal:   251658176 kB
VmallocUsed:      123628 kB
VmallocChunk:   251439524 kB
Time pass: 247 sec

---2015-11-24 16:21:55
MemTotal:        2582696 kB
MemFree:          115796 kB
Buffers:           13292 kB
Cached:           919744 kB
SwapCached:            0 kB
Active:          1097332 kB
Inactive:         612700 kB
Active(anon):     640304 kB
Inactive(anon):   177572 kB
Active(file):     457028 kB
Inactive(file):   435128 kB
Unevictable:        3896 kB
Mlocked:               0 kB
SwapTotal:        524284 kB
SwapFree:         522768 kB
Dirty:               752 kB
Writeback:             0 kB
AnonPages:        780716 kB
Mapped:           496604 kB
Shmem:             36984 kB
Slab:             102368 kB
SReclaimable:      31776 kB
SUnreclaim:        70592 kB
KernelStack:       38224 kB
PageTables:        40200 kB
NFS_Unstable:          0 kB
Bounce:                0 kB
WritebackTmp:          0 kB
CommitLimit:     1815632 kB
Committed_AS:   112097508 kB
VmallocTotal:   251658176 kB
VmallocUsed:      122608 kB
VmallocChunk:   251439524 kB
Time pass: 251 sec

---2015-11-24 16:21:55
MemTotal:        2582696 kB
MemFree:          115676 kB
Buffers:           13292 kB
Cached:           919744 kB
SwapCached:            0 kB
Active:          1097948 kB
Inactive:         612700 kB
Active(anon):     640920 kB
Inactive(anon):   177572 kB
Active(file):     457028 kB
Inactive(file):   435128 kB
Unevictable:        3896 kB
Mlocked:               0 kB
SwapTotal:        524284 kB
SwapFree:         522768 kB
Dirty:               736 kB
Writeback:             0 kB
AnonPages:        781676 kB
Mapped:           496604 kB
Shmem:             36984 kB
Slab:             102372 kB
SReclaimable:      31776 kB
SUnreclaim:        70596 kB
KernelStack:       38192 kB
PageTables:        40200 kB
NFS_Unstable:          0 kB
Bounce:                0 kB
WritebackTmp:          0 kB
CommitLimit:     1815632 kB
Committed_AS:   112097316 kB
VmallocTotal:   251658176 kB
VmallocUsed:      122608 kB
VmallocChunk:   251439524 kB
Time pass: 254 sec

---2015-11-24 16:21:55
MemTotal:        2582696 kB
MemFree:          113904 kB
Buffers:           13292 kB
Cached:           919744 kB
SwapCached:            0 kB
Active:          1099412 kB
Inactive:         612692 kB
Active(anon):     642376 kB
Inactive(anon):   177572 kB
Active(file):     457036 kB
Inactive(file):   435120 kB
Unevictable:        3896 kB
Mlocked:               0 kB
SwapTotal:        524284 kB
SwapFree:         522768 kB
Dirty:               724 kB
Writeback:             0 kB
AnonPages:        782916 kB
Mapped:           496708 kB
Shmem:             36984 kB
Slab:             102468 kB
SReclaimable:      31776 kB
SUnreclaim:        70692 kB
KernelStack:       38304 kB
PageTables:        40172 kB
NFS_Unstable:          0 kB
Bounce:                0 kB
WritebackTmp:          0 kB
CommitLimit:     1815632 kB
Committed_AS:   112097388 kB
VmallocTotal:   251658176 kB
VmallocUsed:      122608 kB
VmallocChunk:   251439524 kB
Time pass: 258 sec

---2015-11-24 16:21:55
MemTotal:        2582696 kB
MemFree:          109344 kB
Buffers:           13292 kB
Cached:           919744 kB
SwapCached:            0 kB
Active:          1103336 kB
Inactive:         612692 kB
Active(anon):     646300 kB
Inactive(anon):   177572 kB
Active(file):     457036 kB
Inactive(file):   435120 kB
Unevictable:        3896 kB
Mlocked:               0 kB
SwapTotal:        524284 kB
SwapFree:         522768 kB
Dirty:               740 kB
Writeback:             0 kB
AnonPages:        786908 kB
Mapped:           501052 kB
Shmem:             36984 kB
Slab:             102356 kB
SReclaimable:      31776 kB
SUnreclaim:        70580 kB
KernelStack:       38544 kB
PageTables:        40616 kB
NFS_Unstable:          0 kB
Bounce:                0 kB
WritebackTmp:          0 kB
CommitLimit:     1815632 kB
Committed_AS:   113339348 kB
VmallocTotal:   251658176 kB
VmallocUsed:      123628 kB
VmallocChunk:   251439524 kB
Time pass: 261 sec

---2015-11-24 16:21:55
MemTotal:        2582696 kB
MemFree:          112980 kB
Buffers:           13292 kB
Cached:           919744 kB
SwapCached:            0 kB
Active:          1100808 kB
Inactive:         612700 kB
Active(anon):     643780 kB
Inactive(anon):   177572 kB
Active(file):     457028 kB
Inactive(file):   435128 kB
Unevictable:        3896 kB
Mlocked:               0 kB
SwapTotal:        524284 kB
SwapFree:         522768 kB
Dirty:               736 kB
Writeback:             0 kB
AnonPages:        784408 kB
Mapped:           496612 kB
Shmem:             36984 kB
Slab:             102468 kB
SReclaimable:      31776 kB
SUnreclaim:        70692 kB
KernelStack:       38176 kB
PageTables:        40200 kB
NFS_Unstable:          0 kB
Bounce:                0 kB
WritebackTmp:          0 kB
CommitLimit:     1815632 kB
Committed_AS:   112097436 kB
VmallocTotal:   251658176 kB
VmallocUsed:      122608 kB
VmallocChunk:   251439524 kB
Time pass: 265 sec

---2015-11-24 16:21:55
MemTotal:        2582696 kB
MemFree:          111620 kB
Buffers:           13292 kB
Cached:           919744 kB
SwapCached:            0 kB
Active:          1101628 kB
Inactive:         612700 kB
Active(anon):     644600 kB
Inactive(anon):   177572 kB
Active(file):     457028 kB
Inactive(file):   435128 kB
Unevictable:        3896 kB
Mlocked:               0 kB
SwapTotal:        524284 kB
SwapFree:         522768 kB
Dirty:               784 kB
Writeback:             0 kB
AnonPages:        785284 kB
Mapped:           496612 kB
Shmem:             36984 kB
Slab:             102456 kB
SReclaimable:      31776 kB
SUnreclaim:        70680 kB
KernelStack:       38160 kB
PageTables:        40196 kB
NFS_Unstable:          0 kB
Bounce:                0 kB
WritebackTmp:          0 kB
CommitLimit:     1815632 kB
Committed_AS:   112097396 kB
VmallocTotal:   251658176 kB
VmallocUsed:      122608 kB
VmallocChunk:   251439524 kB
Time pass: 269 sec

---2015-11-24 16:21:55
MemTotal:        2582696 kB
MemFree:          111112 kB
Buffers:           13292 kB
Cached:           919748 kB
SwapCached:            0 kB
Active:          1102696 kB
Inactive:         612696 kB
Active(anon):     645664 kB
Inactive(anon):   177572 kB
Active(file):     457032 kB
Inactive(file):   435124 kB
Unevictable:        3896 kB
Mlocked:               0 kB
SwapTotal:        524284 kB
SwapFree:         522768 kB
Dirty:               736 kB
Writeback:            48 kB
AnonPages:        786224 kB
Mapped:           496640 kB
Shmem:             36984 kB
Slab:             102500 kB
SReclaimable:      31776 kB
SUnreclaim:        70724 kB
KernelStack:       38192 kB
PageTables:        40172 kB
NFS_Unstable:          0 kB
Bounce:                0 kB
WritebackTmp:          0 kB
CommitLimit:     1815632 kB
Committed_AS:   112097384 kB
VmallocTotal:   251658176 kB
VmallocUsed:      122608 kB
VmallocChunk:   251439524 kB
Time pass: 272 sec

---2015-11-24 16:21:55
MemTotal:        2582696 kB
MemFree:          112228 kB
Buffers:           13292 kB
Cached:           916760 kB
SwapCached:            0 kB
Active:          1100936 kB
Inactive:         612660 kB
Active(anon):     646852 kB
Inactive(anon):   177404 kB
Active(file):     454084 kB
Inactive(file):   435256 kB
Unevictable:        3896 kB
Mlocked:               0 kB
SwapTotal:        524284 kB
SwapFree:         522600 kB
Dirty:               744 kB
Writeback:             0 kB
AnonPages:        787484 kB
Mapped:           496472 kB
Shmem:             36816 kB
Slab:             102452 kB
SReclaimable:      31776 kB
SUnreclaim:        70676 kB
KernelStack:       38272 kB
PageTables:        40160 kB
NFS_Unstable:          0 kB
Bounce:                0 kB
WritebackTmp:          0 kB
CommitLimit:     1815632 kB
Committed_AS:   112097348 kB
VmallocTotal:   251658176 kB
VmallocUsed:      122608 kB
VmallocChunk:   251439524 kB
Time pass: 276 sec

---2015-11-24 16:21:55
MemTotal:        2582696 kB
MemFree:          107064 kB
Buffers:           13300 kB
Cached:           916908 kB
SwapCached:            0 kB
Active:          1105636 kB
Inactive:         612816 kB
Active(anon):     651552 kB
Inactive(anon):   177404 kB
Active(file):     454084 kB
Inactive(file):   435412 kB
Unevictable:        3896 kB
Mlocked:               0 kB
SwapTotal:        524284 kB
SwapFree:         522600 kB
Dirty:               752 kB
Writeback:             0 kB
AnonPages:        792288 kB
Mapped:           500912 kB
Shmem:             36816 kB
Slab:             102584 kB
SReclaimable:      31776 kB
SUnreclaim:        70808 kB
KernelStack:       38464 kB
PageTables:        40604 kB
NFS_Unstable:          0 kB
Bounce:                0 kB
WritebackTmp:          0 kB
CommitLimit:     1815632 kB
Committed_AS:   113339336 kB
VmallocTotal:   251658176 kB
VmallocUsed:      123628 kB
VmallocChunk:   251439524 kB
Time pass: 279 sec

---2015-11-24 16:21:55
MemTotal:        2582696 kB
MemFree:          110872 kB
Buffers:           13300 kB
Cached:           917128 kB
SwapCached:            0 kB
Active:          1102504 kB
Inactive:         612960 kB
Active(anon):     648416 kB
Inactive(anon):   177404 kB
Active(file):     454088 kB
Inactive(file):   435556 kB
Unevictable:        3896 kB
Mlocked:               0 kB
SwapTotal:        524284 kB
SwapFree:         522600 kB
Dirty:               940 kB
Writeback:            20 kB
AnonPages:        788964 kB
Mapped:           496580 kB
Shmem:             36816 kB
Slab:             102600 kB
SReclaimable:      31776 kB
SUnreclaim:        70824 kB
KernelStack:       38208 kB
PageTables:        40204 kB
NFS_Unstable:          0 kB
Bounce:                0 kB
WritebackTmp:          0 kB
CommitLimit:     1815632 kB
Committed_AS:   112097364 kB
VmallocTotal:   251658176 kB
VmallocUsed:      122608 kB
VmallocChunk:   251439524 kB
Time pass: 283 sec

---2015-11-24 16:21:55
MemTotal:        2582696 kB
MemFree:          109608 kB
Buffers:           13300 kB
Cached:           917124 kB
SwapCached:            0 kB
Active:          1103360 kB
Inactive:         613040 kB
Active(anon):     649284 kB
Inactive(anon):   177412 kB
Active(file):     454076 kB
Inactive(file):   435628 kB
Unevictable:        3896 kB
Mlocked:               0 kB
SwapTotal:        524284 kB
SwapFree:         522600 kB
Dirty:               960 kB
Writeback:             0 kB
AnonPages:        789884 kB
Mapped:           496640 kB
Shmem:             36824 kB
Slab:             102452 kB
SReclaimable:      31776 kB
SUnreclaim:        70676 kB
KernelStack:       38144 kB
PageTables:        40200 kB
NFS_Unstable:          0 kB
Bounce:                0 kB
WritebackTmp:          0 kB
CommitLimit:     1815632 kB
Committed_AS:   112097212 kB
VmallocTotal:   251658176 kB
VmallocUsed:      122608 kB
VmallocChunk:   251439524 kB
Time pass: 286 sec

---2015-11-24 16:21:55
MemTotal:        2582696 kB
MemFree:          111012 kB
Buffers:           13300 kB
Cached:           914244 kB
SwapCached:            0 kB
Active:          1101752 kB
Inactive:         612988 kB
Active(anon):     650620 kB
Inactive(anon):   177240 kB
Active(file):     451132 kB
Inactive(file):   435748 kB
Unevictable:        3896 kB
Mlocked:               0 kB
SwapTotal:        524284 kB
SwapFree:         522448 kB
Dirty:               752 kB
Writeback:             0 kB
AnonPages:        791160 kB
Mapped:           496252 kB
Shmem:             36768 kB
Slab:             102460 kB
SReclaimable:      31752 kB
SUnreclaim:        70708 kB
KernelStack:       38176 kB
PageTables:        40192 kB
NFS_Unstable:          0 kB
Bounce:                0 kB
WritebackTmp:          0 kB
CommitLimit:     1815632 kB
Committed_AS:   112097292 kB
VmallocTotal:   251658176 kB
VmallocUsed:      122608 kB
VmallocChunk:   251439524 kB
Time pass: 290 sec

---2015-11-24 16:21:55
MemTotal:        2582696 kB
MemFree:          110664 kB
Buffers:           13300 kB
Cached:           914344 kB
SwapCached:            0 kB
Active:          1102804 kB
Inactive:         613080 kB
Active(anon):     651664 kB
Inactive(anon):   177240 kB
Active(file):     451140 kB
Inactive(file):   435840 kB
Unevictable:        3896 kB
Mlocked:               0 kB
SwapTotal:        524284 kB
SwapFree:         522448 kB
Dirty:               740 kB
Writeback:             0 kB
AnonPages:        792120 kB
Mapped:           496212 kB
Shmem:             36768 kB
Slab:             102408 kB
SReclaimable:      31880 kB
SUnreclaim:        70528 kB
KernelStack:       38144 kB
PageTables:        40200 kB
NFS_Unstable:          0 kB
Bounce:                0 kB
WritebackTmp:          0 kB
CommitLimit:     1815632 kB
Committed_AS:   112097300 kB
VmallocTotal:   251658176 kB
VmallocUsed:      122608 kB
VmallocChunk:   251439524 kB
Time pass: 294 sec

---2015-11-24 16:21:55
MemTotal:        2582696 kB
MemFree:          109492 kB
Buffers:           13300 kB
Cached:           914344 kB
SwapCached:            0 kB
Active:          1104036 kB
Inactive:         613084 kB
Active(anon):     652900 kB
Inactive(anon):   177240 kB
Active(file):     451136 kB
Inactive(file):   435844 kB
Unevictable:        3896 kB
Mlocked:               0 kB
SwapTotal:        524284 kB
SwapFree:         522448 kB
Dirty:               732 kB
Writeback:             0 kB
AnonPages:        793656 kB
Mapped:           496156 kB
Shmem:             36768 kB
Slab:             102416 kB
SReclaimable:      31880 kB
SUnreclaim:        70536 kB
KernelStack:       38416 kB
PageTables:        40160 kB
NFS_Unstable:          0 kB
Bounce:                0 kB
WritebackTmp:          0 kB
CommitLimit:     1815632 kB
Committed_AS:   112097200 kB
VmallocTotal:   251658176 kB
VmallocUsed:      122608 kB
VmallocChunk:   251439524 kB
Time pass: 297 sec

---2015-11-24 16:21:55
MemTotal:        2582696 kB
MemFree:          109040 kB
Buffers:           13300 kB
Cached:           914416 kB
SwapCached:            0 kB
Active:          1104440 kB
Inactive:         613160 kB
Active(anon):     653308 kB
Inactive(anon):   177312 kB
Active(file):     451132 kB
Inactive(file):   435848 kB
Unevictable:        3896 kB
Mlocked:               0 kB
SwapTotal:        524284 kB
SwapFree:         522448 kB
Dirty:               740 kB
Writeback:             0 kB
AnonPages:        793744 kB
Mapped:           496440 kB
Shmem:             36840 kB
Slab:             102536 kB
SReclaimable:      31896 kB
SUnreclaim:        70640 kB
KernelStack:       38144 kB
PageTables:        40200 kB
NFS_Unstable:          0 kB
Bounce:                0 kB
WritebackTmp:          0 kB
CommitLimit:     1815632 kB
Committed_AS:   112097356 kB
VmallocTotal:   251658176 kB
VmallocUsed:      122608 kB
VmallocChunk:   251439524 kB
Time pass: 302 sec

---2015-11-24 16:21:55
MemTotal:        2582696 kB
MemFree:          110324 kB
Buffers:           12796 kB
Cached:           911532 kB
SwapCached:            0 kB
Active:          1102320 kB
Inactive:         613060 kB
Active(anon):     654696 kB
Inactive(anon):   177100 kB
Active(file):     447624 kB
Inactive(file):   435960 kB
Unevictable:        3896 kB
Mlocked:               0 kB
SwapTotal:        524284 kB
SwapFree:         522344 kB
Dirty:               736 kB
Writeback:             0 kB
AnonPages:        795076 kB
Mapped:           496400 kB
Shmem:             36848 kB
Slab:             102588 kB
SReclaimable:      31900 kB
SUnreclaim:        70688 kB
KernelStack:       38144 kB
PageTables:        40204 kB
NFS_Unstable:          0 kB
Bounce:                0 kB
WritebackTmp:          0 kB
CommitLimit:     1815632 kB
Committed_AS:   112097324 kB
VmallocTotal:   251658176 kB
VmallocUsed:      122608 kB
VmallocChunk:   251439524 kB
Time pass: 306 sec

---2015-11-24 16:21:55
MemTotal:        2582696 kB
MemFree:          110368 kB
Buffers:           12796 kB
Cached:           911536 kB
SwapCached:            0 kB
Active:          1102948 kB
Inactive:         613064 kB
Active(anon):     655324 kB
Inactive(anon):   177100 kB
Active(file):     447624 kB
Inactive(file):   435964 kB
Unevictable:        3896 kB
Mlocked:               0 kB
SwapTotal:        524284 kB
SwapFree:         522344 kB
Dirty:               736 kB
Writeback:             0 kB
AnonPages:        795448 kB
Mapped:           496400 kB
Shmem:             36848 kB
Slab:             102504 kB
SReclaimable:      31916 kB
SUnreclaim:        70588 kB
KernelStack:       38144 kB
PageTables:        40212 kB
NFS_Unstable:          0 kB
Bounce:                0 kB
WritebackTmp:          0 kB
CommitLimit:     1815632 kB
Committed_AS:   112097372 kB
VmallocTotal:   251658176 kB
VmallocUsed:      122608 kB
VmallocChunk:   251439524 kB
Time pass: 309 sec

---2015-11-24 16:21:55
MemTotal:        2582696 kB
MemFree:          110820 kB
Buffers:           12796 kB
Cached:           911536 kB
SwapCached:            0 kB
Active:          1102460 kB
Inactive:         613064 kB
Active(anon):     654836 kB
Inactive(anon):   177100 kB
Active(file):     447624 kB
Inactive(file):   435964 kB
Unevictable:        3896 kB
Mlocked:               0 kB
SwapTotal:        524284 kB
SwapFree:         522344 kB
Dirty:               736 kB
Writeback:             0 kB
AnonPages:        795108 kB
Mapped:           496400 kB
Shmem:             36848 kB
Slab:             102452 kB
SReclaimable:      31916 kB
SUnreclaim:        70536 kB
KernelStack:       38144 kB
PageTables:        40208 kB
NFS_Unstable:          0 kB
Bounce:                0 kB
WritebackTmp:          0 kB
CommitLimit:     1815632 kB
Committed_AS:   112097444 kB
VmallocTotal:   251658176 kB
VmallocUsed:      122608 kB
VmallocChunk:   251439524 kB
Time pass: 313 sec

---2015-11-24 16:21:55
MemTotal:        2582696 kB
MemFree:          123368 kB
Buffers:           12796 kB
Cached:           911536 kB
SwapCached:            0 kB
Active:          1089420 kB
Inactive:         613056 kB
Active(anon):     641788 kB
Inactive(anon):   177100 kB
Active(file):     447632 kB
Inactive(file):   435956 kB
Unevictable:        3896 kB
Mlocked:               0 kB
SwapTotal:        524284 kB
SwapFree:         522344 kB
Dirty:               740 kB
Writeback:             0 kB
AnonPages:        781932 kB
Mapped:           496492 kB
Shmem:             36848 kB
Slab:             102472 kB
SReclaimable:      31916 kB
SUnreclaim:        70556 kB
KernelStack:       38128 kB
PageTables:        40204 kB
NFS_Unstable:          0 kB
Bounce:                0 kB
WritebackTmp:          0 kB
CommitLimit:     1815632 kB
Committed_AS:   112097372 kB
VmallocTotal:   251658176 kB
VmallocUsed:      122608 kB
VmallocChunk:   251439524 kB
Time pass: 317 sec

---2015-11-24 16:21:55
MemTotal:        2582696 kB
MemFree:          123864 kB
Buffers:           12796 kB
Cached:           911536 kB
SwapCached:            0 kB
Active:          1088544 kB
Inactive:         613056 kB
Active(anon):     640912 kB
Inactive(anon):   177100 kB
Active(file):     447632 kB
Inactive(file):   435956 kB
Unevictable:        3896 kB
Mlocked:               0 kB
SwapTotal:        524284 kB
SwapFree:         522344 kB
Dirty:               740 kB
Writeback:             0 kB
AnonPages:        781084 kB
Mapped:           496504 kB
Shmem:             36848 kB
Slab:             102476 kB
SReclaimable:      31916 kB
SUnreclaim:        70560 kB
KernelStack:       38480 kB
PageTables:        40180 kB
NFS_Unstable:          0 kB
Bounce:                0 kB
WritebackTmp:          0 kB
CommitLimit:     1815632 kB
Committed_AS:   112097284 kB
VmallocTotal:   251658176 kB
VmallocUsed:      122608 kB
VmallocChunk:   251439524 kB
Time pass: 320 sec

---2015-11-24 16:21:55
MemTotal:        2582696 kB
MemFree:          124488 kB
Buffers:           12796 kB
Cached:           911556 kB
SwapCached:            0 kB
Active:          1088104 kB
Inactive:         613072 kB
Active(anon):     640468 kB
Inactive(anon):   177120 kB
Active(file):     447636 kB
Inactive(file):   435952 kB
Unevictable:        3896 kB
Mlocked:               0 kB
SwapTotal:        524284 kB
SwapFree:         522344 kB
Dirty:               720 kB
Writeback:             0 kB
AnonPages:        780740 kB
Mapped:           496532 kB
Shmem:             36868 kB
Slab:             102440 kB
SReclaimable:      31916 kB
SUnreclaim:        70524 kB
KernelStack:       38224 kB
PageTables:        40200 kB
NFS_Unstable:          0 kB
Bounce:                0 kB
WritebackTmp:          0 kB
CommitLimit:     1815632 kB
Committed_AS:   112097292 kB
VmallocTotal:   251658176 kB
VmallocUsed:      122608 kB
VmallocChunk:   251439524 kB
Time pass: 324 sec

---2015-11-24 16:21:55
MemTotal:        2582696 kB
MemFree:          123792 kB
Buffers:           12796 kB
Cached:           911556 kB
SwapCached:            0 kB
Active:          1088992 kB
Inactive:         613076 kB
Active(anon):     641360 kB
Inactive(anon):   177120 kB
Active(file):     447632 kB
Inactive(file):   435956 kB
Unevictable:        3896 kB
Mlocked:               0 kB
SwapTotal:        524284 kB
SwapFree:         522344 kB
Dirty:               788 kB
Writeback:             0 kB
AnonPages:        781492 kB
Mapped:           496424 kB
Shmem:             36868 kB
Slab:             102752 kB
SReclaimable:      31916 kB
SUnreclaim:        70836 kB
KernelStack:       38192 kB
PageTables:        40200 kB
NFS_Unstable:          0 kB
Bounce:                0 kB
WritebackTmp:          0 kB
CommitLimit:     1815632 kB
Committed_AS:   112097392 kB
VmallocTotal:   251658176 kB
VmallocUsed:      122608 kB
VmallocChunk:   251439524 kB
Time pass: 327 sec

---2015-11-24 16:21:55
MemTotal:        2582696 kB
MemFree:          122988 kB
Buffers:           12796 kB
Cached:           911556 kB
SwapCached:            0 kB
Active:          1089808 kB
Inactive:         613084 kB
Active(anon):     642184 kB
Inactive(anon):   177120 kB
Active(file):     447624 kB
Inactive(file):   435964 kB
Unevictable:        3896 kB
Mlocked:               0 kB
SwapTotal:        524284 kB
SwapFree:         522344 kB
Dirty:               800 kB
Writeback:             0 kB
AnonPages:        782412 kB
Mapped:           496340 kB
Shmem:             36868 kB
Slab:             102576 kB
SReclaimable:      31916 kB
SUnreclaim:        70660 kB
KernelStack:       38144 kB
PageTables:        40180 kB
NFS_Unstable:          0 kB
Bounce:                0 kB
WritebackTmp:          0 kB
CommitLimit:     1815632 kB
Committed_AS:   112097216 kB
VmallocTotal:   251658176 kB
VmallocUsed:      122608 kB
VmallocChunk:   251439524 kB
Time pass: 331 sec

---2015-11-24 16:21:55
MemTotal:        2582696 kB
MemFree:          121428 kB
Buffers:           12796 kB
Cached:           911560 kB
SwapCached:            0 kB
Active:          1091112 kB
Inactive:         613080 kB
Active(anon):     643480 kB
Inactive(anon):   177120 kB
Active(file):     447632 kB
Inactive(file):   435960 kB
Unevictable:        3896 kB
Mlocked:               0 kB
SwapTotal:        524284 kB
SwapFree:         522344 kB
Dirty:               720 kB
Writeback:             0 kB
AnonPages:        783932 kB
Mapped:           496196 kB
Shmem:             36868 kB
Slab:             102596 kB
SReclaimable:      31916 kB
SUnreclaim:        70680 kB
KernelStack:       38064 kB
PageTables:        40200 kB
NFS_Unstable:          0 kB
Bounce:                0 kB
WritebackTmp:          0 kB
CommitLimit:     1815632 kB
Committed_AS:   112097416 kB
VmallocTotal:   251658176 kB
VmallocUsed:      122608 kB
VmallocChunk:   251439524 kB
Time pass: 334 sec

---2015-11-24 16:21:55
MemTotal:        2582696 kB
MemFree:          117204 kB
Buffers:           12796 kB
Cached:           911560 kB
SwapCached:            0 kB
Active:          1095912 kB
Inactive:         613096 kB
Active(anon):     648296 kB
Inactive(anon):   177120 kB
Active(file):     447616 kB
Inactive(file):   435976 kB
Unevictable:        3896 kB
Mlocked:               0 kB
SwapTotal:        524284 kB
SwapFree:         522344 kB
Dirty:               744 kB
Writeback:             0 kB
AnonPages:        788964 kB
Mapped:           500640 kB
Shmem:             36868 kB
Slab:             102664 kB
SReclaimable:      31916 kB
SUnreclaim:        70748 kB
KernelStack:       38176 kB
PageTables:        40436 kB
NFS_Unstable:          0 kB
Bounce:                0 kB
WritebackTmp:          0 kB
CommitLimit:     1815632 kB
Committed_AS:   113339472 kB
VmallocTotal:   251658176 kB
VmallocUsed:      123628 kB
VmallocChunk:   251416996 kB
Time pass: 338 sec

---2015-11-24 16:21:55
MemTotal:        2582696 kB
MemFree:          121016 kB
Buffers:           12804 kB
Cached:           911560 kB
SwapCached:            0 kB
Active:          1092564 kB
Inactive:         613096 kB
Active(anon):     644940 kB
Inactive(anon):   177120 kB
Active(file):     447624 kB
Inactive(file):   435976 kB
Unevictable:        3896 kB
Mlocked:               0 kB
SwapTotal:        524284 kB
SwapFree:         522344 kB
Dirty:               748 kB
Writeback:             0 kB
AnonPages:        785244 kB
Mapped:           496428 kB
Shmem:             36868 kB
Slab:             102544 kB
SReclaimable:      31932 kB
SUnreclaim:        70612 kB
KernelStack:       38144 kB
PageTables:        40208 kB
NFS_Unstable:          0 kB
Bounce:                0 kB
WritebackTmp:          0 kB
CommitLimit:     1815632 kB
Committed_AS:   112097364 kB
VmallocTotal:   251658176 kB
VmallocUsed:      122608 kB
VmallocChunk:   251439524 kB
Time pass: 342 sec

---2015-11-24 16:21:55
MemTotal:        2582696 kB
MemFree:          119312 kB
Buffers:           12804 kB
Cached:           911680 kB
SwapCached:            0 kB
Active:          1093884 kB
Inactive:         613064 kB
Active(anon):     646108 kB
Inactive(anon):   177120 kB
Active(file):     447776 kB
Inactive(file):   435944 kB
Unevictable:        3896 kB
Mlocked:               0 kB
SwapTotal:        524284 kB
SwapFree:         522344 kB
Dirty:               988 kB
Writeback:             0 kB
AnonPages:        786388 kB
Mapped:           496568 kB
Shmem:             36868 kB
Slab:             102704 kB
SReclaimable:      31948 kB
SUnreclaim:        70756 kB
KernelStack:       38176 kB
PageTables:        40176 kB
NFS_Unstable:          0 kB
Bounce:                0 kB
WritebackTmp:          0 kB
CommitLimit:     1815632 kB
Committed_AS:   112097436 kB
VmallocTotal:   251658176 kB
VmallocUsed:      122608 kB
VmallocChunk:   251439524 kB
Time pass: 346 sec

---2015-11-24 16:21:55
MemTotal:        2582696 kB
MemFree:          118396 kB
Buffers:           12804 kB
Cached:           911680 kB
SwapCached:            0 kB
Active:          1094600 kB
Inactive:         613072 kB
Active(anon):     646832 kB
Inactive(anon):   177120 kB
Active(file):     447768 kB
Inactive(file):   435952 kB
Unevictable:        3896 kB
Mlocked:               0 kB
SwapTotal:        524284 kB
SwapFree:         522344 kB
Dirty:               984 kB
Writeback:             0 kB
AnonPages:        787088 kB
Mapped:           496432 kB
Shmem:             36868 kB
Slab:             102624 kB
SReclaimable:      31948 kB
SUnreclaim:        70676 kB
KernelStack:       38144 kB
PageTables:        40212 kB
NFS_Unstable:          0 kB
Bounce:                0 kB
WritebackTmp:          0 kB
CommitLimit:     1815632 kB
Committed_AS:   112097348 kB
VmallocTotal:   251658176 kB
VmallocUsed:      122608 kB
VmallocChunk:   251439524 kB
Time pass: 349 sec

---2015-11-24 16:21:55
MemTotal:        2582696 kB
MemFree:          117604 kB
Buffers:           12804 kB
Cached:           911680 kB
SwapCached:            0 kB
Active:          1095008 kB
Inactive:         613064 kB
Active(anon):     647232 kB
Inactive(anon):   177120 kB
Active(file):     447776 kB
Inactive(file):   435944 kB
Unevictable:        3896 kB
Mlocked:               0 kB
SwapTotal:        524284 kB
SwapFree:         522344 kB
Dirty:               972 kB
Writeback:             0 kB
AnonPages:        787636 kB
Mapped:           496296 kB
Shmem:             36868 kB
Slab:             102568 kB
SReclaimable:      31952 kB
SUnreclaim:        70616 kB
KernelStack:       38256 kB
PageTables:        40180 kB
NFS_Unstable:          0 kB
Bounce:                0 kB
WritebackTmp:          0 kB
CommitLimit:     1815632 kB
Committed_AS:   112097268 kB
VmallocTotal:   251658176 kB
VmallocUsed:      122608 kB
VmallocChunk:   251439524 kB
Time pass: 354 sec

---2015-11-24 16:21:55
MemTotal:        2582696 kB
MemFree:          122044 kB
Buffers:           12804 kB
Cached:           911680 kB
SwapCached:            0 kB
Active:          1090912 kB
Inactive:         613064 kB
Active(anon):     643136 kB
Inactive(anon):   177120 kB
Active(file):     447776 kB
Inactive(file):   435944 kB
Unevictable:        3896 kB
Mlocked:               0 kB
SwapTotal:        524284 kB
SwapFree:         522344 kB
Dirty:               992 kB
Writeback:             0 kB
AnonPages:        783416 kB
Mapped:           496380 kB
Shmem:             36868 kB
Slab:             102552 kB
SReclaimable:      31960 kB
SUnreclaim:        70592 kB
KernelStack:       38176 kB
PageTables:        40208 kB
NFS_Unstable:          0 kB
Bounce:                0 kB
WritebackTmp:          0 kB
CommitLimit:     1815632 kB
Committed_AS:   112097180 kB
VmallocTotal:   251658176 kB
VmallocUsed:      122608 kB
VmallocChunk:   251439524 kB
Time pass: 357 sec

---2015-11-24 16:21:55
MemTotal:        2582696 kB
MemFree:          121276 kB
Buffers:           12804 kB
Cached:           911680 kB
SwapCached:            0 kB
Active:          1091264 kB
Inactive:         613064 kB
Active(anon):     643488 kB
Inactive(anon):   177120 kB
Active(file):     447776 kB
Inactive(file):   435944 kB
Unevictable:        3896 kB
Mlocked:               0 kB
SwapTotal:        524284 kB
SwapFree:         522344 kB
Dirty:               988 kB
Writeback:             0 kB
AnonPages:        783616 kB
Mapped:           496452 kB
Shmem:             36868 kB
Slab:             102552 kB
SReclaimable:      31960 kB
SUnreclaim:        70592 kB
KernelStack:       38176 kB
PageTables:        40208 kB
NFS_Unstable:          0 kB
Bounce:                0 kB
WritebackTmp:          0 kB
CommitLimit:     1815632 kB
Committed_AS:   112097368 kB
VmallocTotal:   251658176 kB
VmallocUsed:      122608 kB
VmallocChunk:   251439524 kB
Time pass: 362 sec

---2015-11-24 16:21:55
MemTotal:        2582696 kB
MemFree:          120220 kB
Buffers:           12804 kB
Cached:           911672 kB
SwapCached:            0 kB
Active:          1092428 kB
Inactive:         613060 kB
Active(anon):     644656 kB
Inactive(anon):   177120 kB
Active(file):     447772 kB
Inactive(file):   435940 kB
Unevictable:        3896 kB
Mlocked:               0 kB
SwapTotal:        524284 kB
SwapFree:         522344 kB
Dirty:               984 kB
Writeback:             0 kB
AnonPages:        785052 kB
Mapped:           496492 kB
Shmem:             36868 kB
Slab:             102568 kB
SReclaimable:      31960 kB
SUnreclaim:        70608 kB
KernelStack:       38496 kB
