---2015-10-23 20:34:50
MemTotal:        2746844 kB
MemFree:          363752 kB
Buffers:           28236 kB
Cached:           655668 kB
SwapCached:         8496 kB
Active:           728000 kB
Inactive:         675792 kB
Active(anon):     360836 kB
Inactive(anon):   372600 kB
Active(file):     367164 kB
Inactive(file):   303192 kB
Unevictable:       20976 kB
Mlocked:           13004 kB
SwapTotal:       1310716 kB
SwapFree:        1103260 kB
Dirty:                16 kB
Writeback:             0 kB
AnonPages:        735072 kB
Mapped:           291200 kB
Shmem:              1072 kB
Slab:             109088 kB
SReclaimable:      31088 kB
SUnreclaim:        78000 kB
KernelStack:       27632 kB
PageTables:        50804 kB
NFS_Unstable:          0 kB
Bounce:                0 kB
WritebackTmp:          0 kB
CommitLimit:     2684136 kB
Committed_AS:   127113092 kB
VmallocTotal:   251658176 kB
VmallocUsed:      316832 kB
VmallocChunk:   247561408 kB
Time pass: 3 sec

---2015-10-23 20:34:50
MemTotal:        2746844 kB
MemFree:          363740 kB
Buffers:           28236 kB
Cached:           655668 kB
SwapCached:         8496 kB
Active:           728272 kB
Inactive:         675708 kB
Active(anon):     361016 kB
Inactive(anon):   372600 kB
Active(file):     367256 kB
Inactive(file):   303108 kB
Unevictable:       20976 kB
Mlocked:           13004 kB
SwapTotal:       1310716 kB
SwapFree:        1103260 kB
Dirty:                16 kB
Writeback:             0 kB
AnonPages:        735468 kB
Mapped:           291244 kB
Shmem:              1072 kB
Slab:             109084 kB
SReclaimable:      31088 kB
SUnreclaim:        77996 kB
KernelStack:       27728 kB
PageTables:        50844 kB
NFS_Unstable:          0 kB
Bounce:                0 kB
WritebackTmp:          0 kB
CommitLimit:     2684136 kB
Committed_AS:   127113060 kB
VmallocTotal:   251658176 kB
VmallocUsed:      316832 kB
VmallocChunk:   247561408 kB
Time pass: 6 sec

---2015-10-23 20:34:50
MemTotal:        2746844 kB
MemFree:          372064 kB
Buffers:           28236 kB
Cached:           655668 kB
SwapCached:         8496 kB
Active:           722512 kB
Inactive:         674336 kB
Active(anon):     353884 kB
Inactive(anon):   372600 kB
Active(file):     368628 kB
Inactive(file):   301736 kB
Unevictable:       20976 kB
Mlocked:           13004 kB
SwapTotal:       1310716 kB
SwapFree:        1103260 kB
Dirty:                 0 kB
Writeback:             0 kB
AnonPages:        727980 kB
Mapped:           284416 kB
Shmem:              1072 kB
Slab:             109084 kB
SReclaimable:      31088 kB
SUnreclaim:        77996 kB
KernelStack:       27728 kB
PageTables:        50228 kB
NFS_Unstable:          0 kB
Bounce:                0 kB
WritebackTmp:          0 kB
CommitLimit:     2684136 kB
Committed_AS:   125870740 kB
VmallocTotal:   251658176 kB
VmallocUsed:      315812 kB
VmallocChunk:   247561408 kB
Time pass: 10 sec

---2015-10-23 20:34:50
MemTotal:        2746844 kB
MemFree:          373760 kB
Buffers:           28252 kB
Cached:           655664 kB
SwapCached:         8496 kB
Active:           721476 kB
Inactive:         674248 kB
Active(anon):     352748 kB
Inactive(anon):   372600 kB
Active(file):     368728 kB
Inactive(file):   301648 kB
Unevictable:       20976 kB
Mlocked:           13004 kB
SwapTotal:       1310716 kB
SwapFree:        1103260 kB
Dirty:                48 kB
Writeback:             0 kB
AnonPages:        726972 kB
Mapped:           284380 kB
Shmem:              1068 kB
Slab:             109080 kB
SReclaimable:      31088 kB
SUnreclaim:        77992 kB
KernelStack:       27264 kB
PageTables:        50228 kB
NFS_Unstable:          0 kB
Bounce:                0 kB
WritebackTmp:          0 kB
CommitLimit:     2684136 kB
Committed_AS:   125870620 kB
VmallocTotal:   251658176 kB
VmallocUsed:      315812 kB
VmallocChunk:   247561408 kB
Time pass: 14 sec

---2015-10-23 20:34:50
MemTotal:        2746844 kB
MemFree:          374144 kB
Buffers:           28256 kB
Cached:           655660 kB
SwapCached:         8496 kB
Active:           720992 kB
Inactive:         674244 kB
Active(anon):     352264 kB
Inactive(anon):   372592 kB
Active(file):     368728 kB
Inactive(file):   301652 kB
Unevictable:       20976 kB
Mlocked:           13004 kB
SwapTotal:       1310716 kB
SwapFree:        1103260 kB
Dirty:                44 kB
Writeback:             0 kB
AnonPages:        726496 kB
Mapped:           284380 kB
Shmem:              1068 kB
Slab:             109080 kB
SReclaimable:      31088 kB
SUnreclaim:        77992 kB
KernelStack:       27264 kB
PageTables:        50264 kB
NFS_Unstable:          0 kB
Bounce:                0 kB
WritebackTmp:          0 kB
CommitLimit:     2684136 kB
Committed_AS:   125870628 kB
VmallocTotal:   251658176 kB
VmallocUsed:      315812 kB
VmallocChunk:   247561408 kB
Time pass: 17 sec

---2015-10-23 20:34:50
MemTotal:        2746844 kB
MemFree:          372308 kB
Buffers:           28256 kB
Cached:           655664 kB
SwapCached:         8496 kB
Active:           722612 kB
Inactive:         674244 kB
Active(anon):     353880 kB
Inactive(anon):   372592 kB
Active(file):     368732 kB
Inactive(file):   301652 kB
Unevictable:       20976 kB
Mlocked:           13004 kB
SwapTotal:       1310716 kB
SwapFree:        1103260 kB
Dirty:                44 kB
Writeback:             0 kB
AnonPages:        728352 kB
Mapped:           284380 kB
Shmem:              1068 kB
Slab:             109080 kB
SReclaimable:      31088 kB
SUnreclaim:        77992 kB
KernelStack:       27232 kB
PageTables:        50228 kB
NFS_Unstable:          0 kB
Bounce:                0 kB
WritebackTmp:          0 kB
CommitLimit:     2684136 kB
Committed_AS:   125870472 kB
VmallocTotal:   251658176 kB
VmallocUsed:      315812 kB
VmallocChunk:   247561408 kB
Time pass: 21 sec

---2015-10-23 20:34:50
MemTotal:        2746844 kB
MemFree:          372276 kB
Buffers:           28256 kB
Cached:           655668 kB
SwapCached:         8496 kB
Active:           723332 kB
Inactive:         674244 kB
Active(anon):     354600 kB
Inactive(anon):   372592 kB
Active(file):     368732 kB
Inactive(file):   301652 kB
Unevictable:       20976 kB
Mlocked:           13004 kB
SwapTotal:       1310716 kB
SwapFree:        1103260 kB
Dirty:                 0 kB
Writeback:             0 kB
AnonPages:        728792 kB
Mapped:           284468 kB
Shmem:              1072 kB
Slab:             109080 kB
SReclaimable:      31088 kB
SUnreclaim:        77992 kB
KernelStack:       27200 kB
PageTables:        50260 kB
NFS_Unstable:          0 kB
Bounce:                0 kB
WritebackTmp:          0 kB
CommitLimit:     2684136 kB
Committed_AS:   125870504 kB
VmallocTotal:   251658176 kB
VmallocUsed:      315812 kB
VmallocChunk:   247561408 kB
Time pass: 24 sec

---2015-10-23 20:34:50
MemTotal:        2746844 kB
MemFree:          372052 kB
Buffers:           28256 kB
Cached:           655668 kB
SwapCached:         8496 kB
Active:           723528 kB
Inactive:         674244 kB
Active(anon):     354796 kB
Inactive(anon):   372592 kB
Active(file):     368732 kB
Inactive(file):   301652 kB
Unevictable:       20976 kB
Mlocked:           13004 kB
SwapTotal:       1310716 kB
SwapFree:        1103260 kB
Dirty:                 0 kB
Writeback:             0 kB
AnonPages:        729080 kB
Mapped:           284468 kB
Shmem:              1072 kB
Slab:             109080 kB
SReclaimable:      31088 kB
SUnreclaim:        77992 kB
KernelStack:       27200 kB
PageTables:        50260 kB
NFS_Unstable:          0 kB
Bounce:                0 kB
WritebackTmp:          0 kB
CommitLimit:     2684136 kB
Committed_AS:   125870496 kB
VmallocTotal:   251658176 kB
VmallocUsed:      315812 kB
VmallocChunk:   247561408 kB
Time pass: 28 sec

---2015-10-23 20:34:50
MemTotal:        2746844 kB
MemFree:          371328 kB
Buffers:           28256 kB
Cached:           655668 kB
SwapCached:         8496 kB
Active:           723920 kB
Inactive:         674244 kB
Active(anon):     355188 kB
Inactive(anon):   372592 kB
Active(file):     368732 kB
Inactive(file):   301652 kB
Unevictable:       20976 kB
Mlocked:           13004 kB
SwapTotal:       1310716 kB
SwapFree:        1103260 kB
Dirty:                 0 kB
Writeback:             0 kB
AnonPages:        729208 kB
Mapped:           284552 kB
Shmem:              1072 kB
Slab:             109080 kB
SReclaimable:      31088 kB
SUnreclaim:        77992 kB
KernelStack:       27200 kB
PageTables:        50292 kB
NFS_Unstable:          0 kB
Bounce:                0 kB
WritebackTmp:          0 kB
CommitLimit:     2684136 kB
Committed_AS:   125870512 kB
VmallocTotal:   251658176 kB
VmallocUsed:      315812 kB
VmallocChunk:   247561408 kB
Time pass: 32 sec

---2015-10-23 20:34:50
MemTotal:        2746844 kB
MemFree:          371576 kB
Buffers:           28256 kB
Cached:           655668 kB
SwapCached:         8496 kB
Active:           724348 kB
Inactive:         674244 kB
Active(anon):     355616 kB
Inactive(anon):   372592 kB
Active(file):     368732 kB
Inactive(file):   301652 kB
Unevictable:       20976 kB
Mlocked:           13004 kB
SwapTotal:       1310716 kB
SwapFree:        1103260 kB
Dirty:                 0 kB
Writeback:             0 kB
AnonPages:        729580 kB
Mapped:           284552 kB
Shmem:              1072 kB
Slab:             109080 kB
SReclaimable:      31088 kB
SUnreclaim:        77992 kB
KernelStack:       27200 kB
PageTables:        50296 kB
NFS_Unstable:          0 kB
Bounce:                0 kB
WritebackTmp:          0 kB
CommitLimit:     2684136 kB
Committed_AS:   125870512 kB
VmallocTotal:   251658176 kB
VmallocUsed:      315812 kB
VmallocChunk:   247561408 kB
Time pass: 35 sec

---2015-10-23 20:34:50
MemTotal:        2746844 kB
MemFree:          370424 kB
Buffers:           28256 kB
Cached:           655668 kB
SwapCached:         8496 kB
Active:           724572 kB
Inactive:         674244 kB
Active(anon):     355840 kB
Inactive(anon):   372592 kB
Active(file):     368732 kB
Inactive(file):   301652 kB
Unevictable:       20976 kB
Mlocked:           13004 kB
SwapTotal:       1310716 kB
SwapFree:        1103260 kB
Dirty:                 0 kB
Writeback:             0 kB
AnonPages:        729820 kB
Mapped:           284552 kB
Shmem:              1072 kB
Slab:             109080 kB
SReclaimable:      31088 kB
SUnreclaim:        77992 kB
KernelStack:       27200 kB
PageTables:        50300 kB
NFS_Unstable:          0 kB
Bounce:                0 kB
WritebackTmp:          0 kB
CommitLimit:     2684136 kB
Committed_AS:   125870504 kB
VmallocTotal:   251658176 kB
VmallocUsed:      315812 kB
VmallocChunk:   247561408 kB
Time pass: 39 sec

---2015-10-23 20:34:50
MemTotal:        2746844 kB
MemFree:          370964 kB
Buffers:           28256 kB
Cached:           655668 kB
SwapCached:         8496 kB
Active:           724696 kB
Inactive:         674244 kB
Active(anon):     355964 kB
Inactive(anon):   372592 kB
Active(file):     368732 kB
Inactive(file):   301652 kB
Unevictable:       20976 kB
Mlocked:           13004 kB
SwapTotal:       1310716 kB
SwapFree:        1103260 kB
Dirty:                 0 kB
Writeback:             0 kB
AnonPages:        730100 kB
Mapped:           284552 kB
Shmem:              1072 kB
Slab:             109080 kB
SReclaimable:      31088 kB
SUnreclaim:        77992 kB
KernelStack:       27200 kB
PageTables:        50296 kB
NFS_Unstable:          0 kB
Bounce:                0 kB
WritebackTmp:          0 kB
CommitLimit:     2684136 kB
Committed_AS:   125870504 kB
VmallocTotal:   251658176 kB
VmallocUsed:      315812 kB
VmallocChunk:   247561408 kB
Time pass: 42 sec

---2015-10-23 20:34:50
MemTotal:        2746844 kB
MemFree:          371484 kB
Buffers:           28256 kB
Cached:           655668 kB
SwapCached:         8496 kB
Active:           723220 kB
Inactive:         674244 kB
Active(anon):     354488 kB
Inactive(anon):   372592 kB
Active(file):     368732 kB
Inactive(file):   301652 kB
Unevictable:       20976 kB
Mlocked:           13004 kB
SwapTotal:       1310716 kB
SwapFree:        1103260 kB
Dirty:                 0 kB
Writeback:             0 kB
AnonPages:        728636 kB
Mapped:           284384 kB
Shmem:              1072 kB
Slab:             109072 kB
SReclaimable:      31088 kB
SUnreclaim:        77984 kB
KernelStack:       27200 kB
PageTables:        50236 kB
NFS_Unstable:          0 kB
Bounce:                0 kB
WritebackTmp:          0 kB
CommitLimit:     2684136 kB
Committed_AS:   125870504 kB
VmallocTotal:   251658176 kB
VmallocUsed:      315812 kB
VmallocChunk:   247561408 kB
Time pass: 46 sec

---2015-10-23 20:34:50
MemTotal:        2746844 kB
MemFree:          381772 kB
Buffers:           28256 kB
Cached:           655668 kB
SwapCached:         8496 kB
Active:           712940 kB
Inactive:         674244 kB
Active(anon):     344208 kB
Inactive(anon):   372592 kB
Active(file):     368732 kB
Inactive(file):   301652 kB
Unevictable:       20976 kB
Mlocked:           13004 kB
SwapTotal:       1310716 kB
SwapFree:        1103260 kB
Dirty:                 0 kB
Writeback:             0 kB
AnonPages:        718484 kB
Mapped:           284384 kB
Shmem:              1072 kB
Slab:             109052 kB
SReclaimable:      31088 kB
SUnreclaim:        77964 kB
KernelStack:       27200 kB
PageTables:        50232 kB
NFS_Unstable:          0 kB
Bounce:                0 kB
WritebackTmp:          0 kB
CommitLimit:     2684136 kB
Committed_AS:   125870496 kB
VmallocTotal:   251658176 kB
VmallocUsed:      315812 kB
VmallocChunk:   247561408 kB
Time pass: 50 sec

---2015-10-23 20:34:50
MemTotal:        2746844 kB
MemFree:          382200 kB
Buffers:           28256 kB
Cached:           655668 kB
SwapCached:         8496 kB
Active:           713412 kB
Inactive:         674244 kB
Active(anon):     344680 kB
Inactive(anon):   372592 kB
Active(file):     368732 kB
Inactive(file):   301652 kB
Unevictable:       20976 kB
Mlocked:           13004 kB
SwapTotal:       1310716 kB
SwapFree:        1103260 kB
Dirty:                 0 kB
Writeback:             0 kB
AnonPages:        718776 kB
Mapped:           284468 kB
Shmem:              1072 kB
Slab:             109052 kB
SReclaimable:      31088 kB
SUnreclaim:        77964 kB
KernelStack:       27200 kB
PageTables:        50236 kB
NFS_Unstable:          0 kB
Bounce:                0 kB
WritebackTmp:          0 kB
CommitLimit:     2684136 kB
Committed_AS:   125870504 kB
VmallocTotal:   251658176 kB
VmallocUsed:      315812 kB
VmallocChunk:   247561408 kB
Time pass: 53 sec

---2015-10-23 20:34:50
MemTotal:        2746844 kB
MemFree:          381300 kB
Buffers:           28256 kB
Cached:           655668 kB
SwapCached:         8496 kB
Active:           713804 kB
Inactive:         674244 kB
Active(anon):     345072 kB
Inactive(anon):   372592 kB
Active(file):     368732 kB
Inactive(file):   301652 kB
Unevictable:       20976 kB
Mlocked:           13004 kB
SwapTotal:       1310716 kB
SwapFree:        1103260 kB
Dirty:                 0 kB
Writeback:             0 kB
AnonPages:        719008 kB
Mapped:           284552 kB
Shmem:              1072 kB
Slab:             109052 kB
SReclaimable:      31088 kB
SUnreclaim:        77964 kB
KernelStack:       27200 kB
PageTables:        50288 kB
NFS_Unstable:          0 kB
Bounce:                0 kB
WritebackTmp:          0 kB
CommitLimit:     2684136 kB
Committed_AS:   125870496 kB
VmallocTotal:   251658176 kB
VmallocUsed:      315812 kB
VmallocChunk:   247561408 kB
Time pass: 57 sec

---2015-10-23 20:34:50
MemTotal:        2746844 kB
MemFree:          381372 kB
Buffers:           28256 kB
Cached:           655668 kB
SwapCached:         8496 kB
Active:           713732 kB
Inactive:         674244 kB
Active(anon):     345000 kB
Inactive(anon):   372592 kB
Active(file):     368732 kB
Inactive(file):   301652 kB
Unevictable:       20976 kB
Mlocked:           13004 kB
SwapTotal:       1310716 kB
SwapFree:        1103260 kB
Dirty:                 0 kB
Writeback:             0 kB
AnonPages:        719100 kB
Mapped:           284552 kB
Shmem:              1072 kB
Slab:             109052 kB
SReclaimable:      31088 kB
SUnreclaim:        77964 kB
KernelStack:       27200 kB
PageTables:        50288 kB
NFS_Unstable:          0 kB
Bounce:                0 kB
WritebackTmp:          0 kB
CommitLimit:     2684136 kB
Committed_AS:   125870504 kB
VmallocTotal:   251658176 kB
VmallocUsed:      315812 kB
VmallocChunk:   247561408 kB
Time pass: 60 sec

---2015-10-23 20:34:50
MemTotal:        2746844 kB
MemFree:          381660 kB
Buffers:           28256 kB
Cached:           655668 kB
SwapCached:         8496 kB
Active:           713972 kB
Inactive:         674244 kB
Active(anon):     345240 kB
Inactive(anon):   372592 kB
Active(file):     368732 kB
Inactive(file):   301652 kB
Unevictable:       20976 kB
Mlocked:           13004 kB
SwapTotal:       1310716 kB
SwapFree:        1103260 kB
Dirty:                 0 kB
Writeback:             0 kB
AnonPages:        719328 kB
Mapped:           284552 kB
Shmem:              1072 kB
Slab:             109052 kB
SReclaimable:      31088 kB
SUnreclaim:        77964 kB
KernelStack:       27200 kB
PageTables:        50292 kB
NFS_Unstable:          0 kB
Bounce:                0 kB
WritebackTmp:          0 kB
CommitLimit:     2684136 kB
Committed_AS:   125870496 kB
VmallocTotal:   251658176 kB
VmallocUsed:      315812 kB
VmallocChunk:   247561408 kB
Time pass: 64 sec

---2015-10-23 20:34:50
MemTotal:        2746844 kB
MemFree:          381196 kB
Buffers:           28256 kB
Cached:           655668 kB
SwapCached:         8496 kB
Active:           714016 kB
Inactive:         674244 kB
Active(anon):     345284 kB
Inactive(anon):   372592 kB
Active(file):     368732 kB
Inactive(file):   301652 kB
Unevictable:       20976 kB
Mlocked:           13004 kB
SwapTotal:       1310716 kB
SwapFree:        1103260 kB
Dirty:                 0 kB
Writeback:             0 kB
AnonPages:        719428 kB
Mapped:           284552 kB
Shmem:              1072 kB
Slab:             109052 kB
SReclaimable:      31088 kB
SUnreclaim:        77964 kB
KernelStack:       27200 kB
PageTables:        50292 kB
NFS_Unstable:          0 kB
Bounce:                0 kB
WritebackTmp:          0 kB
CommitLimit:     2684136 kB
Committed_AS:   125870496 kB
VmallocTotal:   251658176 kB
VmallocUsed:      315812 kB
VmallocChunk:   247561408 kB
Time pass: 67 sec

---2015-10-23 20:34:50
MemTotal:        2746844 kB
MemFree:          394856 kB
Buffers:           28264 kB
Cached:           655664 kB
SwapCached:         8496 kB
Active:           704868 kB
Inactive:         671344 kB
Active(anon):     333236 kB
Inactive(anon):   372592 kB
Active(file):     371632 kB
Inactive(file):   298752 kB
Unevictable:       20976 kB
Mlocked:           13004 kB
SwapTotal:       1310716 kB
SwapFree:        1103260 kB
Dirty:                 0 kB
Writeback:             0 kB
AnonPages:        707836 kB
Mapped:           278652 kB
Shmem:              1076 kB
Slab:             108964 kB
SReclaimable:      31088 kB
SUnreclaim:        77876 kB
KernelStack:       26960 kB
PageTables:        48348 kB
NFS_Unstable:          0 kB
Bounce:                0 kB
WritebackTmp:          0 kB
CommitLimit:     2684136 kB
Committed_AS:   120488432 kB
VmallocTotal:   251658176 kB
VmallocUsed:      312752 kB
VmallocChunk:   247561408 kB
Time pass: 71 sec

---2015-10-23 20:34:50
MemTotal:        2746844 kB
MemFree:          395516 kB
Buffers:           28272 kB
Cached:           655668 kB
SwapCached:         8496 kB
Active:           705060 kB
Inactive:         671284 kB
Active(anon):     333352 kB
Inactive(anon):   372592 kB
Active(file):     371708 kB
Inactive(file):   298692 kB
Unevictable:       20976 kB
Mlocked:           13004 kB
SwapTotal:       1310716 kB
SwapFree:        1103260 kB
Dirty:                44 kB
Writeback:             0 kB
AnonPages:        707792 kB
Mapped:           278572 kB
Shmem:              1072 kB
Slab:             108888 kB
SReclaimable:      31088 kB
SUnreclaim:        77800 kB
KernelStack:       26624 kB
PageTables:        48172 kB
NFS_Unstable:          0 kB
Bounce:                0 kB
WritebackTmp:          0 kB
CommitLimit:     2684136 kB
Committed_AS:   120488376 kB
VmallocTotal:   251658176 kB
VmallocUsed:      312752 kB
VmallocChunk:   247561408 kB
Time pass: 74 sec

---2015-10-23 20:34:50
MemTotal:        2746844 kB
MemFree:          395420 kB
Buffers:           28280 kB
Cached:           655668 kB
SwapCached:         8496 kB
Active:           705344 kB
Inactive:         671284 kB
Active(anon):     333636 kB
Inactive(anon):   372592 kB
Active(file):     371708 kB
Inactive(file):   298692 kB
Unevictable:       20976 kB
Mlocked:           13004 kB
SwapTotal:       1310716 kB
SwapFree:        1103260 kB
Dirty:                40 kB
Writeback:             0 kB
AnonPages:        707920 kB
Mapped:           278572 kB
Shmem:              1072 kB
Slab:             108868 kB
SReclaimable:      31088 kB
SUnreclaim:        77780 kB
KernelStack:       26544 kB
PageTables:        48172 kB
NFS_Unstable:          0 kB
Bounce:                0 kB
WritebackTmp:          0 kB
CommitLimit:     2684136 kB
Committed_AS:   120488392 kB
VmallocTotal:   251658176 kB
VmallocUsed:      312752 kB
VmallocChunk:   247561408 kB
Time pass: 78 sec

---2015-10-23 20:34:50
MemTotal:        2746844 kB
MemFree:          393644 kB
Buffers:           28280 kB
Cached:           655668 kB
SwapCached:         8496 kB
Active:           707096 kB
Inactive:         671292 kB
Active(anon):     335388 kB
Inactive(anon):   372592 kB
Active(file):     371708 kB
Inactive(file):   298700 kB
Unevictable:       20976 kB
Mlocked:           13004 kB
SwapTotal:       1310716 kB
SwapFree:        1103260 kB
Dirty:                40 kB
Writeback:             0 kB
AnonPages:        709428 kB
Mapped:           278656 kB
Shmem:              1072 kB
Slab:             108868 kB
SReclaimable:      31088 kB
SUnreclaim:        77780 kB
KernelStack:       26368 kB
PageTables:        48204 kB
NFS_Unstable:          0 kB
Bounce:                0 kB
WritebackTmp:          0 kB
CommitLimit:     2684136 kB
Committed_AS:   120488392 kB
VmallocTotal:   251658176 kB
VmallocUsed:      312752 kB
VmallocChunk:   247561408 kB
Time pass: 82 sec

---2015-10-23 20:34:50
MemTotal:        2746844 kB
MemFree:          394356 kB
Buffers:           28280 kB
Cached:           655668 kB
SwapCached:         8496 kB
Active:           706384 kB
Inactive:         671292 kB
Active(anon):     334676 kB
Inactive(anon):   372592 kB
Active(file):     371708 kB
Inactive(file):   298700 kB
Unevictable:       20976 kB
Mlocked:           13004 kB
SwapTotal:       1310716 kB
SwapFree:        1103260 kB
Dirty:                 0 kB
Writeback:             0 kB
AnonPages:        708908 kB
Mapped:           278656 kB
Shmem:              1072 kB
Slab:             108868 kB
SReclaimable:      31088 kB
SUnreclaim:        77780 kB
KernelStack:       26368 kB
PageTables:        48204 kB
NFS_Unstable:          0 kB
Bounce:                0 kB
WritebackTmp:          0 kB
CommitLimit:     2684136 kB
Committed_AS:   120488376 kB
VmallocTotal:   251658176 kB
VmallocUsed:      312752 kB
VmallocChunk:   247561408 kB
Time pass: 85 sec

---2015-10-23 20:34:50
MemTotal:        2746844 kB
MemFree:          388564 kB
Buffers:           28304 kB
Cached:           655644 kB
SwapCached:         8496 kB
Active:           711288 kB
Inactive:         671272 kB
Active(anon):     339560 kB
Inactive(anon):   372592 kB
Active(file):     371728 kB
Inactive(file):   298680 kB
Unevictable:       20976 kB
Mlocked:           13004 kB
SwapTotal:       1310716 kB
SwapFree:        1103260 kB
Dirty:                 0 kB
Writeback:             0 kB
AnonPages:        713788 kB
Mapped:           283012 kB
Shmem:              1072 kB
Slab:             108868 kB
SReclaimable:      31088 kB
SUnreclaim:        77780 kB
KernelStack:       26544 kB
PageTables:        49100 kB
NFS_Unstable:          0 kB
Bounce:                0 kB
WritebackTmp:          0 kB
CommitLimit:     2684136 kB
Committed_AS:   124075716 kB
VmallocTotal:   251658176 kB
VmallocUsed:      314792 kB
VmallocChunk:   247561408 kB
Time pass: 89 sec

---2015-10-23 20:34:50
MemTotal:        2746844 kB
MemFree:          382892 kB
Buffers:           28304 kB
Cached:           655376 kB
SwapCached:         8496 kB
Active:           717896 kB
Inactive:         670880 kB
Active(anon):     345948 kB
Inactive(anon):   372396 kB
Active(file):     371948 kB
Inactive(file):   298484 kB
Unevictable:       20976 kB
Mlocked:           13004 kB
SwapTotal:       1310716 kB
SwapFree:        1103260 kB
Dirty:               120 kB
Writeback:             0 kB
AnonPages:        720576 kB
Mapped:           293340 kB
Shmem:               780 kB
Slab:             108840 kB
SReclaimable:      31088 kB
SUnreclaim:        77752 kB
KernelStack:       26768 kB
PageTables:        49700 kB
NFS_Unstable:          0 kB
Bounce:                0 kB
WritebackTmp:          0 kB
CommitLimit:     2684136 kB
Committed_AS:   125358616 kB
VmallocTotal:   251658176 kB
VmallocUsed:      315556 kB
VmallocChunk:   247561408 kB
Time pass: 92 sec

---2015-10-23 20:34:50
MemTotal:        2746844 kB
MemFree:          254644 kB
Buffers:           28808 kB
Cached:           655392 kB
SwapCached:         8500 kB
Active:           745836 kB
Inactive:         667604 kB
Active(anon):     370304 kB
Inactive(anon):   372356 kB
Active(file):     375532 kB
Inactive(file):   295248 kB
Unevictable:       20976 kB
Mlocked:           13004 kB
SwapTotal:       1310716 kB
SwapFree:        1103264 kB
Dirty:               336 kB
Writeback:             0 kB
AnonPages:        744212 kB
Mapped:           315240 kB
Shmem:               944 kB
Slab:             108820 kB
SReclaimable:      31088 kB
SUnreclaim:        77732 kB
KernelStack:       28032 kB
PageTables:        50404 kB
NFS_Unstable:          0 kB
Bounce:                0 kB
WritebackTmp:          0 kB
CommitLimit:     2684136 kB
Committed_AS:   125411096 kB
VmallocTotal:   251658176 kB
VmallocUsed:      316744 kB
VmallocChunk:   247561408 kB
Time pass: 96 sec

---2015-10-23 20:34:50
MemTotal:        2746844 kB
MemFree:          182124 kB
Buffers:           28828 kB
Cached:           655972 kB
SwapCached:         8500 kB
Active:           755588 kB
Inactive:         666216 kB
Active(anon):     378212 kB
Inactive(anon):   372208 kB
Active(file):     377376 kB
Inactive(file):   294008 kB
Unevictable:       20976 kB
Mlocked:           13004 kB
SwapTotal:       1310716 kB
SwapFree:        1103264 kB
Dirty:              3504 kB
Writeback:             0 kB
AnonPages:        752760 kB
Mapped:           315744 kB
Shmem:               948 kB
Slab:             108820 kB
SReclaimable:      31100 kB
SUnreclaim:        77720 kB
KernelStack:       28336 kB
PageTables:        50592 kB
NFS_Unstable:          0 kB
Bounce:                0 kB
WritebackTmp:          0 kB
CommitLimit:     2684136 kB
Committed_AS:   125421404 kB
VmallocTotal:   251658176 kB
VmallocUsed:      318796 kB
VmallocChunk:   247561408 kB
Time pass: 100 sec

---2015-10-23 20:34:50
MemTotal:        2746844 kB
MemFree:          174020 kB
Buffers:           28864 kB
Cached:           655976 kB
SwapCached:         8500 kB
Active:           762620 kB
Inactive:         666236 kB
Active(anon):     385236 kB
Inactive(anon):   372196 kB
Active(file):     377384 kB
Inactive(file):   294040 kB
Unevictable:       20976 kB
Mlocked:           13004 kB
SwapTotal:       1310716 kB
SwapFree:        1103264 kB
Dirty:                48 kB
Writeback:             0 kB
AnonPages:        760000 kB
Mapped:           321472 kB
Shmem:               948 kB
Slab:             108780 kB
SReclaimable:      31104 kB
SUnreclaim:        77676 kB
KernelStack:       28496 kB
PageTables:        50940 kB
NFS_Unstable:          0 kB
Bounce:                0 kB
WritebackTmp:          0 kB
CommitLimit:     2684136 kB
Committed_AS:   126663220 kB
VmallocTotal:   251658176 kB
VmallocUsed:      319816 kB
VmallocChunk:   247561408 kB
Time pass: 104 sec

---2015-10-23 20:34:50
MemTotal:        2746844 kB
MemFree:          172728 kB
Buffers:           28864 kB
Cached:           655976 kB
SwapCached:         8500 kB
Active:           763128 kB
Inactive:         666236 kB
Active(anon):     385744 kB
Inactive(anon):   372196 kB
Active(file):     377384 kB
Inactive(file):   294040 kB
Unevictable:       20976 kB
Mlocked:           13004 kB
SwapTotal:       1310716 kB
SwapFree:        1103264 kB
Dirty:                 4 kB
Writeback:             0 kB
AnonPages:        760060 kB
Mapped:           321568 kB
Shmem:               948 kB
Slab:             108780 kB
SReclaimable:      31104 kB
SUnreclaim:        77676 kB
KernelStack:       28464 kB
PageTables:        50980 kB
NFS_Unstable:          0 kB
Bounce:                0 kB
WritebackTmp:          0 kB
CommitLimit:     2684136 kB
Committed_AS:   126663236 kB
VmallocTotal:   251658176 kB
VmallocUsed:      319816 kB
VmallocChunk:   247561408 kB
Time pass: 107 sec

---2015-10-23 20:34:50
MemTotal:        2746844 kB
MemFree:          173568 kB
Buffers:           28872 kB
Cached:           655976 kB
SwapCached:         8500 kB
Active:           762060 kB
Inactive:         666244 kB
Active(anon):     384676 kB
Inactive(anon):   372196 kB
Active(file):     377384 kB
Inactive(file):   294048 kB
Unevictable:       20976 kB
Mlocked:           13004 kB
SwapTotal:       1310716 kB
SwapFree:        1103264 kB
Dirty:                92 kB
Writeback:             0 kB
AnonPages:        758708 kB
Mapped:           321536 kB
Shmem:               948 kB
Slab:             108780 kB
SReclaimable:      31104 kB
SUnreclaim:        77676 kB
KernelStack:       28608 kB
PageTables:        51008 kB
NFS_Unstable:          0 kB
Bounce:                0 kB
WritebackTmp:          0 kB
CommitLimit:     2684136 kB
Committed_AS:   126662924 kB
VmallocTotal:   251658176 kB
VmallocUsed:      319816 kB
VmallocChunk:   247561408 kB
Time pass: 111 sec

---2015-10-23 20:34:50
MemTotal:        2746844 kB
MemFree:          148204 kB
Buffers:           28880 kB
Cached:           656168 kB
SwapCached:         8500 kB
Active:           764620 kB
Inactive:         666496 kB
Active(anon):     387316 kB
Inactive(anon):   372196 kB
Active(file):     377304 kB
Inactive(file):   294300 kB
Unevictable:       20976 kB
Mlocked:           13004 kB
SwapTotal:       1310716 kB
SwapFree:        1103264 kB
Dirty:               472 kB
Writeback:             0 kB
AnonPages:        761748 kB
Mapped:           321720 kB
Shmem:               948 kB
Slab:             108788 kB
SReclaimable:      31104 kB
SUnreclaim:        77684 kB
KernelStack:       28640 kB
PageTables:        50988 kB
NFS_Unstable:          0 kB
Bounce:                0 kB
WritebackTmp:          0 kB
CommitLimit:     2684136 kB
Committed_AS:   126662932 kB
VmallocTotal:   251658176 kB
VmallocUsed:      319896 kB
VmallocChunk:   247561408 kB
Time pass: 115 sec

---2015-10-23 20:34:50
MemTotal:        2746844 kB
MemFree:          145028 kB
Buffers:           28892 kB
Cached:           656160 kB
SwapCached:         8500 kB
Active:           767788 kB
Inactive:         666408 kB
Active(anon):     390364 kB
Inactive(anon):   372196 kB
Active(file):     377424 kB
Inactive(file):   294212 kB
Unevictable:       20976 kB
Mlocked:           13004 kB
SwapTotal:       1310716 kB
SwapFree:        1103264 kB
Dirty:               720 kB
Writeback:             8 kB
AnonPages:        764424 kB
Mapped:           322068 kB
Shmem:               948 kB
Slab:             108812 kB
SReclaimable:      31108 kB
SUnreclaim:        77704 kB
KernelStack:       28848 kB
PageTables:        51000 kB
NFS_Unstable:          0 kB
Bounce:                0 kB
WritebackTmp:          0 kB
CommitLimit:     2684136 kB
Committed_AS:   126663780 kB
VmallocTotal:   251658176 kB
VmallocUsed:      319896 kB
VmallocChunk:   247561408 kB
Time pass: 118 sec

---2015-10-23 20:34:50
MemTotal:        2746844 kB
MemFree:          143568 kB
Buffers:           28892 kB
Cached:           656188 kB
SwapCached:         8500 kB
Active:           768308 kB
Inactive:         666432 kB
Active(anon):     390880 kB
Inactive(anon):   372196 kB
Active(file):     377428 kB
Inactive(file):   294236 kB
Unevictable:       20976 kB
Mlocked:           13004 kB
SwapTotal:       1310716 kB
SwapFree:        1103264 kB
Dirty:                56 kB
Writeback:             0 kB
AnonPages:        764776 kB
Mapped:           322368 kB
Shmem:               948 kB
Slab:             108808 kB
SReclaimable:      31108 kB
SUnreclaim:        77700 kB
KernelStack:       28800 kB
PageTables:        51044 kB
NFS_Unstable:          0 kB
Bounce:                0 kB
WritebackTmp:          0 kB
CommitLimit:     2684136 kB
Committed_AS:   126663972 kB
VmallocTotal:   251658176 kB
VmallocUsed:      319896 kB
VmallocChunk:   247561408 kB
Time pass: 122 sec

---2015-10-23 20:34:50
MemTotal:        2746844 kB
MemFree:          117728 kB
Buffers:           28900 kB
Cached:           656212 kB
SwapCached:         8500 kB
Active:           773580 kB
Inactive:         666440 kB
Active(anon):     396128 kB
Inactive(anon):   372196 kB
Active(file):     377452 kB
Inactive(file):   294244 kB
Unevictable:       20976 kB
Mlocked:           13004 kB
SwapTotal:       1310716 kB
SwapFree:        1103264 kB
Dirty:               528 kB
Writeback:             0 kB
AnonPages:        770196 kB
Mapped:           322632 kB
Shmem:               948 kB
Slab:             108804 kB
SReclaimable:      31108 kB
SUnreclaim:        77696 kB
KernelStack:       28896 kB
PageTables:        51040 kB
NFS_Unstable:          0 kB
Bounce:                0 kB
WritebackTmp:          0 kB
CommitLimit:     2684136 kB
Committed_AS:   126672332 kB
VmallocTotal:   251658176 kB
VmallocUsed:      319956 kB
VmallocChunk:   247561408 kB
Time pass: 125 sec

---2015-10-23 20:34:50
MemTotal:        2746844 kB
MemFree:          116396 kB
Buffers:           28908 kB
Cached:           656212 kB
SwapCached:         8500 kB
Active:           774400 kB
Inactive:         666444 kB
Active(anon):     396952 kB
Inactive(anon):   372196 kB
Active(file):     377448 kB
Inactive(file):   294248 kB
Unevictable:       20976 kB
Mlocked:           13004 kB
SwapTotal:       1310716 kB
SwapFree:        1103264 kB
Dirty:                20 kB
Writeback:             0 kB
AnonPages:        770768 kB
Mapped:           323008 kB
Shmem:               948 kB
Slab:             108808 kB
SReclaimable:      31108 kB
SUnreclaim:        77700 kB
KernelStack:       28896 kB
PageTables:        51036 kB
NFS_Unstable:          0 kB
Bounce:                0 kB
WritebackTmp:          0 kB
CommitLimit:     2684136 kB
Committed_AS:   126672364 kB
VmallocTotal:   251658176 kB
VmallocUsed:      319956 kB
VmallocChunk:   247561408 kB
Time pass: 129 sec

---2015-10-23 20:34:50
MemTotal:        2746844 kB
MemFree:          115932 kB
Buffers:           28928 kB
Cached:           656216 kB
SwapCached:         8500 kB
Active:           774884 kB
Inactive:         666464 kB
Active(anon):     397432 kB
Inactive(anon):   372192 kB
Active(file):     377452 kB
Inactive(file):   294272 kB
Unevictable:       20976 kB
Mlocked:           13004 kB
SwapTotal:       1310716 kB
SwapFree:        1103264 kB
Dirty:                76 kB
Writeback:             0 kB
AnonPages:        771480 kB
Mapped:           323012 kB
Shmem:               952 kB
Slab:             108808 kB
SReclaimable:      31108 kB
SUnreclaim:        77700 kB
KernelStack:       28896 kB
PageTables:        51040 kB
NFS_Unstable:          0 kB
Bounce:                0 kB
WritebackTmp:          0 kB
CommitLimit:     2684136 kB
Committed_AS:   126672596 kB
VmallocTotal:   251658176 kB
VmallocUsed:      319956 kB
VmallocChunk:   247561408 kB
Time pass: 132 sec

---2015-10-23 20:34:50
MemTotal:        2746844 kB
MemFree:          113828 kB
Buffers:           28928 kB
Cached:           656212 kB
SwapCached:         8500 kB
Active:           776848 kB
Inactive:         666460 kB
Active(anon):     399392 kB
Inactive(anon):   372192 kB
Active(file):     377456 kB
Inactive(file):   294268 kB
Unevictable:       20976 kB
Mlocked:           13004 kB
SwapTotal:       1310716 kB
SwapFree:        1103264 kB
Dirty:                84 kB
Writeback:             0 kB
AnonPages:        773568 kB
Mapped:           324696 kB
Shmem:               948 kB
Slab:             108808 kB
SReclaimable:      31108 kB
SUnreclaim:        77700 kB
KernelStack:       28880 kB
PageTables:        51048 kB
NFS_Unstable:          0 kB
Bounce:                0 kB
WritebackTmp:          0 kB
CommitLimit:     2684136 kB
Committed_AS:   126672596 kB
VmallocTotal:   251658176 kB
VmallocUsed:      319956 kB
VmallocChunk:   247561408 kB
Time pass: 136 sec

---2015-10-23 20:34:50
MemTotal:        2746844 kB
MemFree:          101792 kB
Buffers:           28944 kB
Cached:           656396 kB
SwapCached:         8500 kB
Active:           788436 kB
Inactive:         666628 kB
Active(anon):     410968 kB
Inactive(anon):   372352 kB
Active(file):     377468 kB
Inactive(file):   294276 kB
Unevictable:       20976 kB
Mlocked:           13004 kB
SwapTotal:       1310716 kB
SwapFree:        1103264 kB
Dirty:                96 kB
Writeback:             0 kB
AnonPages:        785432 kB
Mapped:           327160 kB
Shmem:              1128 kB
Slab:             108812 kB
SReclaimable:      31108 kB
SUnreclaim:        77704 kB
KernelStack:       29376 kB
PageTables:        51176 kB
NFS_Unstable:          0 kB
Bounce:                0 kB
WritebackTmp:          0 kB
CommitLimit:     2684136 kB
Committed_AS:   126688556 kB
VmallocTotal:   251658176 kB
VmallocUsed:      322036 kB
VmallocChunk:   247561408 kB
Time pass: 140 sec

---2015-10-23 20:34:50
MemTotal:        2746844 kB
MemFree:           99840 kB
Buffers:           28960 kB
Cached:           656420 kB
SwapCached:         8500 kB
Active:           789844 kB
Inactive:         666684 kB
Active(anon):     412376 kB
Inactive(anon):   372392 kB
Active(file):     377468 kB
Inactive(file):   294292 kB
Unevictable:       20976 kB
Mlocked:           13004 kB
SwapTotal:       1310716 kB
SwapFree:        1103264 kB
Dirty:                 0 kB
Writeback:             0 kB
AnonPages:        786556 kB
Mapped:           327188 kB
Shmem:              1152 kB
Slab:             108816 kB
SReclaimable:      31108 kB
SUnreclaim:        77708 kB
KernelStack:       29376 kB
PageTables:        51204 kB
NFS_Unstable:          0 kB
Bounce:                0 kB
WritebackTmp:          0 kB
CommitLimit:     2684136 kB
Committed_AS:   126688600 kB
VmallocTotal:   251658176 kB
VmallocUsed:      317940 kB
VmallocChunk:   247561408 kB
Time pass: 145 sec

---2015-10-23 20:34:50
MemTotal:        2746844 kB
MemFree:           98764 kB
Buffers:           28964 kB
Cached:           656452 kB
SwapCached:         8500 kB
Active:           790868 kB
Inactive:         666716 kB
Active(anon):     413396 kB
Inactive(anon):   372424 kB
Active(file):     377472 kB
Inactive(file):   294292 kB
Unevictable:       20976 kB
Mlocked:           13004 kB
SwapTotal:       1310716 kB
SwapFree:        1103264 kB
Dirty:                40 kB
Writeback:             0 kB
AnonPages:        787568 kB
Mapped:           327220 kB
Shmem:              1184 kB
Slab:             108848 kB
SReclaimable:      31108 kB
SUnreclaim:        77740 kB
KernelStack:       29344 kB
PageTables:        51200 kB
NFS_Unstable:          0 kB
Bounce:                0 kB
WritebackTmp:          0 kB
CommitLimit:     2684136 kB
Committed_AS:   126688592 kB
VmallocTotal:   251658176 kB
VmallocUsed:      317940 kB
VmallocChunk:   247561408 kB
Time pass: 149 sec

---2015-10-23 20:34:50
MemTotal:        2746844 kB
MemFree:           90072 kB
Buffers:           28964 kB
Cached:           656500 kB
SwapCached:         8500 kB
Active:           798044 kB
Inactive:         666764 kB
Active(anon):     420572 kB
Inactive(anon):   372472 kB
Active(file):     377472 kB
Inactive(file):   294292 kB
Unevictable:       20976 kB
Mlocked:           13004 kB
SwapTotal:       1310716 kB
SwapFree:        1103264 kB
Dirty:                 0 kB
Writeback:             0 kB
AnonPages:        794840 kB
Mapped:           328112 kB
Shmem:              1232 kB
Slab:             108864 kB
SReclaimable:      31108 kB
SUnreclaim:        77756 kB
KernelStack:       29344 kB
PageTables:        51444 kB
NFS_Unstable:          0 kB
Bounce:                0 kB
WritebackTmp:          0 kB
CommitLimit:     2684136 kB
Committed_AS:   131907336 kB
VmallocTotal:   251658176 kB
VmallocUsed:      317940 kB
VmallocChunk:   247561408 kB
Time pass: 152 sec

---2015-10-23 20:34:50
MemTotal:        2746844 kB
MemFree:          382944 kB
Buffers:           28980 kB
Cached:           651748 kB
SwapCached:         8472 kB
Active:           726208 kB
Inactive:         679560 kB
Active(anon):     346732 kB
Inactive(anon):   391848 kB
Active(file):     379476 kB
Inactive(file):   287712 kB
Unevictable:       20976 kB
Mlocked:           13004 kB
SwapTotal:       1310716 kB
SwapFree:        1102064 kB
Dirty:                56 kB
Writeback:             0 kB
AnonPages:        740756 kB
Mapped:           287312 kB
Shmem:              1072 kB
Slab:             109248 kB
SReclaimable:      31108 kB
SUnreclaim:        78140 kB
KernelStack:       27824 kB
PageTables:        50344 kB
NFS_Unstable:          0 kB
Bounce:                0 kB
WritebackTmp:          0 kB
CommitLimit:     2684136 kB
Committed_AS:   132256604 kB
VmallocTotal:   251658176 kB
VmallocUsed:      315804 kB
VmallocChunk:   247561408 kB
Time pass: 156 sec

---2015-10-23 20:34:50
MemTotal:        2746844 kB
MemFree:          396972 kB
Buffers:           28988 kB
Cached:           652000 kB
SwapCached:         8472 kB
Active:           711520 kB
Inactive:         679764 kB
Active(anon):     332044 kB
Inactive(anon):   391792 kB
Active(file):     379476 kB
Inactive(file):   287972 kB
Unevictable:       20976 kB
Mlocked:           13004 kB
SwapTotal:       1310716 kB
SwapFree:        1102064 kB
Dirty:               368 kB
Writeback:             0 kB
AnonPages:        725404 kB
Mapped:           284496 kB
Shmem:              1072 kB
Slab:             109216 kB
SReclaimable:      31108 kB
SUnreclaim:        78108 kB
KernelStack:       28208 kB
PageTables:        50136 kB
NFS_Unstable:          0 kB
Bounce:                0 kB
WritebackTmp:          0 kB
CommitLimit:     2684136 kB
Committed_AS:   125871296 kB
VmallocTotal:   251658176 kB
VmallocUsed:      315804 kB
VmallocChunk:   247561408 kB
Time pass: 159 sec

---2015-10-23 20:34:50
MemTotal:        2746844 kB
MemFree:          381404 kB
Buffers:           28992 kB
Cached:           652000 kB
SwapCached:         8472 kB
Active:           726484 kB
Inactive:         679752 kB
Active(anon):     347004 kB
Inactive(anon):   391780 kB
Active(file):     379480 kB
Inactive(file):   287972 kB
Unevictable:       20976 kB
Mlocked:           13004 kB
SwapTotal:       1310716 kB
SwapFree:        1102064 kB
Dirty:                84 kB
Writeback:             0 kB
AnonPages:        741024 kB
Mapped:           287192 kB
Shmem:              1072 kB
Slab:             109216 kB
SReclaimable:      31108 kB
SUnreclaim:        78108 kB
KernelStack:       27936 kB
PageTables:        51476 kB
NFS_Unstable:          0 kB
Bounce:                0 kB
WritebackTmp:          0 kB
CommitLimit:     2684136 kB
Committed_AS:   137200108 kB
VmallocTotal:   251658176 kB
VmallocUsed:      318864 kB
VmallocChunk:   247561408 kB
Time pass: 163 sec

---2015-10-23 20:34:50
MemTotal:        2746844 kB
MemFree:          395560 kB
Buffers:           28992 kB
Cached:           652000 kB
SwapCached:         8472 kB
Active:           712196 kB
Inactive:         679748 kB
Active(anon):     332716 kB
Inactive(anon):   391776 kB
Active(file):     379480 kB
Inactive(file):   287972 kB
Unevictable:       20976 kB
Mlocked:           13004 kB
SwapTotal:       1310716 kB
SwapFree:        1102064 kB
Dirty:                84 kB
Writeback:             0 kB
AnonPages:        726204 kB
Mapped:           284688 kB
Shmem:              1072 kB
Slab:             109212 kB
SReclaimable:      31108 kB
SUnreclaim:        78104 kB
KernelStack:       27952 kB
PageTables:        50728 kB
NFS_Unstable:          0 kB
Bounce:                0 kB
WritebackTmp:          0 kB
CommitLimit:     2684136 kB
Committed_AS:   127665020 kB
VmallocTotal:   251658176 kB
VmallocUsed:      316824 kB
VmallocChunk:   247561408 kB
Time pass: 167 sec

---2015-10-23 20:34:50
MemTotal:        2746844 kB
MemFree:          396296 kB
Buffers:           29000 kB
Cached:           652000 kB
SwapCached:         8472 kB
Active:           711728 kB
Inactive:         679736 kB
Active(anon):     332248 kB
Inactive(anon):   391756 kB
Active(file):     379480 kB
Inactive(file):   287980 kB
Unevictable:       20976 kB
Mlocked:           13004 kB
SwapTotal:       1310716 kB
SwapFree:        1102064 kB
Dirty:                32 kB
Writeback:             0 kB
AnonPages:        725764 kB
Mapped:           284880 kB
Shmem:              1072 kB
Slab:             109212 kB
SReclaimable:      31108 kB
SUnreclaim:        78104 kB
KernelStack:       27856 kB
PageTables:        50576 kB
NFS_Unstable:          0 kB
Bounce:                0 kB
WritebackTmp:          0 kB
CommitLimit:     2684136 kB
Committed_AS:   127665076 kB
VmallocTotal:   251658176 kB
VmallocUsed:      316824 kB
VmallocChunk:   247561408 kB
Time pass: 171 sec

---2015-10-23 20:34:50
MemTotal:        2746844 kB
MemFree:          395476 kB
Buffers:           29000 kB
Cached:           651952 kB
SwapCached:         8520 kB
Active:           712224 kB
Inactive:         679736 kB
Active(anon):     332744 kB
Inactive(anon):   391756 kB
Active(file):     379480 kB
Inactive(file):   287980 kB
Unevictable:       20976 kB
Mlocked:           13004 kB
SwapTotal:       1310716 kB
SwapFree:        1102064 kB
Dirty:                 0 kB
Writeback:             0 kB
AnonPages:        726124 kB
Mapped:           285232 kB
Shmem:              1072 kB
Slab:             109212 kB
SReclaimable:      31108 kB
SUnreclaim:        78104 kB
KernelStack:       27872 kB
PageTables:        50944 kB
NFS_Unstable:          0 kB
Bounce:                0 kB
WritebackTmp:          0 kB
CommitLimit:     2684136 kB
Committed_AS:   128906088 kB
VmallocTotal:   251658176 kB
VmallocUsed:      317844 kB
VmallocChunk:   247561408 kB
Time pass: 175 sec

---2015-10-23 20:34:50
MemTotal:        2746844 kB
MemFree:          390364 kB
Buffers:           29000 kB
Cached:           651988 kB
SwapCached:         8536 kB
Active:           717156 kB
Inactive:         679784 kB
Active(anon):     337676 kB
Inactive(anon):   391804 kB
Active(file):     379480 kB
Inactive(file):   287980 kB
Unevictable:       20976 kB
Mlocked:           13004 kB
SwapTotal:       1310716 kB
SwapFree:        1102064 kB
Dirty:                 0 kB
Writeback:             0 kB
AnonPages:        730988 kB
Mapped:           286612 kB
Shmem:              1072 kB
Slab:             109212 kB
SReclaimable:      31108 kB
SUnreclaim:        78104 kB
KernelStack:       28000 kB
PageTables:        51164 kB
NFS_Unstable:          0 kB
Bounce:                0 kB
WritebackTmp:          0 kB
CommitLimit:     2684136 kB
Committed_AS:   128907332 kB
VmallocTotal:   251658176 kB
VmallocUsed:      317844 kB
VmallocChunk:   247561408 kB
Time pass: 178 sec

---2015-10-23 20:34:50
MemTotal:        2746844 kB
MemFree:          392196 kB
Buffers:           29008 kB
Cached:           651988 kB
SwapCached:         8536 kB
Active:           714880 kB
Inactive:         679788 kB
Active(anon):     335400 kB
Inactive(anon):   391808 kB
Active(file):     379480 kB
Inactive(file):   287980 kB
Unevictable:       20976 kB
Mlocked:           13004 kB
SwapTotal:       1310716 kB
SwapFree:        1102064 kB
Dirty:                 4 kB
Writeback:             0 kB
AnonPages:        728676 kB
Mapped:           286640 kB
Shmem:              1072 kB
Slab:             109212 kB
SReclaimable:      31108 kB
SUnreclaim:        78104 kB
KernelStack:       28016 kB
PageTables:        51184 kB
NFS_Unstable:          0 kB
Bounce:                0 kB
WritebackTmp:          0 kB
CommitLimit:     2684136 kB
Committed_AS:   128906284 kB
VmallocTotal:   251658176 kB
VmallocUsed:      317844 kB
VmallocChunk:   247561408 kB
Time pass: 182 sec

---2015-10-23 20:34:50
MemTotal:        2746844 kB
MemFree:          389928 kB
Buffers:           29008 kB
Cached:           652000 kB
SwapCached:         8536 kB
Active:           716884 kB
Inactive:         679800 kB
Active(anon):     337404 kB
Inactive(anon):   391812 kB
Active(file):     379480 kB
Inactive(file):   287988 kB
Unevictable:       20976 kB
Mlocked:           13004 kB
SwapTotal:       1310716 kB
SwapFree:        1102064 kB
Dirty:                 4 kB
Writeback:             0 kB
AnonPages:        730744 kB
Mapped:           286956 kB
Shmem:              1072 kB
Slab:             109212 kB
SReclaimable:      31108 kB
SUnreclaim:        78104 kB
KernelStack:       28224 kB
PageTables:        51744 kB
NFS_Unstable:          0 kB
Bounce:                0 kB
WritebackTmp:          0 kB
CommitLimit:     2684136 kB
Committed_AS:   130699800 kB
VmallocTotal:   251658176 kB
VmallocUsed:      318864 kB
VmallocChunk:   247561408 kB
Time pass: 185 sec

---2015-10-23 20:34:50
MemTotal:        2746844 kB
MemFree:          292116 kB
Buffers:           29024 kB
Cached:           651880 kB
SwapCached:         8552 kB
Active:           752952 kB
Inactive:         679056 kB
Active(anon):     372900 kB
Inactive(anon):   391616 kB
Active(file):     380052 kB
Inactive(file):   287440 kB
Unevictable:       20976 kB
Mlocked:           13004 kB
SwapTotal:       1310716 kB
SwapFree:        1102068 kB
Dirty:              1040 kB
Writeback:             0 kB
AnonPages:        766724 kB
Mapped:           317844 kB
Shmem:               944 kB
Slab:             109216 kB
SReclaimable:      31100 kB
SUnreclaim:        78116 kB
KernelStack:       29376 kB
PageTables:        52688 kB
NFS_Unstable:          0 kB
Bounce:                0 kB
WritebackTmp:          0 kB
CommitLimit:     2684136 kB
Committed_AS:   132026680 kB
VmallocTotal:   251658176 kB
VmallocUsed:      324844 kB
VmallocChunk:   247561408 kB
Time pass: 189 sec

---2015-10-23 20:34:50
MemTotal:        2746844 kB
MemFree:          267636 kB
Buffers:           29052 kB
Cached:           651564 kB
SwapCached:         8552 kB
Active:           743264 kB
Inactive:         678672 kB
Active(anon):     363152 kB
Inactive(anon):   391588 kB
Active(file):     380112 kB
Inactive(file):   287084 kB
Unevictable:       20976 kB
Mlocked:           13004 kB
SwapTotal:       1310716 kB
SwapFree:        1102068 kB
Dirty:               432 kB
Writeback:             0 kB
AnonPages:        756704 kB
Mapped:           319928 kB
Shmem:               948 kB
Slab:             109172 kB
SReclaimable:      31100 kB
SUnreclaim:        78072 kB
KernelStack:       29440 kB
PageTables:        52832 kB
NFS_Unstable:          0 kB
Bounce:                0 kB
WritebackTmp:          0 kB
CommitLimit:     2684136 kB
Committed_AS:   132028568 kB
VmallocTotal:   251658176 kB
VmallocUsed:      324984 kB
VmallocChunk:   247561408 kB
Time pass: 193 sec

---2015-10-23 20:34:50
MemTotal:        2746844 kB
MemFree:          202076 kB
Buffers:           29064 kB
Cached:           651804 kB
SwapCached:         8552 kB
Active:           750032 kB
Inactive:         678872 kB
Active(anon):     369876 kB
Inactive(anon):   391576 kB
Active(file):     380156 kB
Inactive(file):   287296 kB
Unevictable:       20976 kB
Mlocked:           13004 kB
SwapTotal:       1310716 kB
SwapFree:        1102068 kB
Dirty:              1600 kB
Writeback:             0 kB
AnonPages:        763600 kB
Mapped:           323396 kB
Shmem:               948 kB
Slab:             109212 kB
SReclaimable:      31100 kB
SUnreclaim:        78112 kB
KernelStack:       29600 kB
PageTables:        52784 kB
NFS_Unstable:          0 kB
Bounce:                0 kB
WritebackTmp:          0 kB
CommitLimit:     2684136 kB
Committed_AS:   132037096 kB
VmallocTotal:   251658176 kB
VmallocUsed:      327496 kB
VmallocChunk:   247561408 kB
Time pass: 196 sec

---2015-10-23 20:34:50
MemTotal:        2746844 kB
MemFree:          201704 kB
Buffers:           29072 kB
Cached:           651804 kB
SwapCached:         8552 kB
Active:           750656 kB
Inactive:         678872 kB
Active(anon):     370500 kB
Inactive(anon):   391576 kB
Active(file):     380156 kB
Inactive(file):   287296 kB
Unevictable:       20976 kB
Mlocked:           13004 kB
SwapTotal:       1310716 kB
SwapFree:        1102068 kB
Dirty:              1684 kB
Writeback:             0 kB
AnonPages:        763996 kB
Mapped:           323480 kB
Shmem:               948 kB
Slab:             109212 kB
SReclaimable:      31100 kB
SUnreclaim:        78112 kB
KernelStack:       29600 kB
PageTables:        52812 kB
NFS_Unstable:          0 kB
Bounce:                0 kB
WritebackTmp:          0 kB
CommitLimit:     2684136 kB
Committed_AS:   132037136 kB
VmallocTotal:   251658176 kB
VmallocUsed:      327496 kB
VmallocChunk:   247561408 kB
Time pass: 200 sec

---2015-10-23 20:34:50
MemTotal:        2746844 kB
MemFree:          202608 kB
Buffers:           29072 kB
Cached:           651804 kB
SwapCached:         8552 kB
Active:           750204 kB
Inactive:         678832 kB
Active(anon):     370048 kB
Inactive(anon):   391528 kB
Active(file):     380156 kB
Inactive(file):   287304 kB
Unevictable:       20976 kB
Mlocked:           13004 kB
SwapTotal:       1310716 kB
SwapFree:        1102068 kB
Dirty:                84 kB
Writeback:             0 kB
AnonPages:        763332 kB
Mapped:           323480 kB
Shmem:               948 kB
Slab:             109244 kB
SReclaimable:      31100 kB
SUnreclaim:        78144 kB
KernelStack:       29600 kB
PageTables:        52808 kB
NFS_Unstable:          0 kB
Bounce:                0 kB
WritebackTmp:          0 kB
CommitLimit:     2684136 kB
Committed_AS:   132037104 kB
VmallocTotal:   251658176 kB
VmallocUsed:      327496 kB
VmallocChunk:   247561408 kB
Time pass: 203 sec

---2015-10-23 20:34:50
MemTotal:        2746844 kB
MemFree:          187756 kB
Buffers:           29076 kB
Cached:           651912 kB
SwapCached:         8552 kB
Active:           752204 kB
Inactive:         678928 kB
Active(anon):     372068 kB
Inactive(anon):   391496 kB
Active(file):     380136 kB
Inactive(file):   287432 kB
Unevictable:       20976 kB
Mlocked:           13004 kB
SwapTotal:       1310716 kB
SwapFree:        1102068 kB
Dirty:               344 kB
Writeback:             0 kB
AnonPages:        765904 kB
Mapped:           323500 kB
Shmem:               948 kB
Slab:             109244 kB
SReclaimable:      31100 kB
SUnreclaim:        78144 kB
KernelStack:       29600 kB
PageTables:        52776 kB
NFS_Unstable:          0 kB
Bounce:                0 kB
WritebackTmp:          0 kB
CommitLimit:     2684136 kB
Committed_AS:   132045336 kB
VmallocTotal:   251658176 kB
VmallocUsed:      327544 kB
VmallocChunk:   247561408 kB
Time pass: 207 sec

---2015-10-23 20:34:50
MemTotal:        2746844 kB
MemFree:          163364 kB
Buffers:           29076 kB
Cached:           651920 kB
SwapCached:         8552 kB
Active:           757908 kB
Inactive:         678580 kB
Active(anon):     377428 kB
Inactive(anon):   391496 kB
Active(file):     380480 kB
Inactive(file):   287084 kB
Unevictable:       20976 kB
Mlocked:           13004 kB
SwapTotal:       1310716 kB
SwapFree:        1102068 kB
Dirty:               600 kB
Writeback:             0 kB
AnonPages:        770920 kB
Mapped:           323508 kB
Shmem:               948 kB
Slab:             109244 kB
SReclaimable:      31100 kB
SUnreclaim:        78144 kB
KernelStack:       29600 kB
PageTables:        52792 kB
NFS_Unstable:          0 kB
Bounce:                0 kB
WritebackTmp:          0 kB
CommitLimit:     2684136 kB
Committed_AS:   132045688 kB
VmallocTotal:   251658176 kB
VmallocUsed:      327592 kB
VmallocChunk:   247561408 kB
Time pass: 211 sec

---2015-10-23 20:34:50
MemTotal:        2746844 kB
MemFree:          162032 kB
Buffers:           29076 kB
Cached:           651920 kB
SwapCached:         8552 kB
Active:           759116 kB
Inactive:         678556 kB
Active(anon):     378612 kB
Inactive(anon):   391496 kB
Active(file):     380504 kB
Inactive(file):   287060 kB
Unevictable:       20976 kB
Mlocked:           13004 kB
SwapTotal:       1310716 kB
SwapFree:        1102068 kB
Dirty:               476 kB
Writeback:             0 kB
AnonPages:        771740 kB
Mapped:           323780 kB
Shmem:               948 kB
Slab:             109244 kB
SReclaimable:      31100 kB
SUnreclaim:        78144 kB
KernelStack:       29600 kB
PageTables:        52820 kB
NFS_Unstable:          0 kB
Bounce:                0 kB
WritebackTmp:          0 kB
CommitLimit:     2684136 kB
Committed_AS:   132045856 kB
VmallocTotal:   251658176 kB
VmallocUsed:      327592 kB
VmallocChunk:   247561408 kB
Time pass: 214 sec

---2015-10-23 20:34:50
MemTotal:        2746844 kB
MemFree:          149512 kB
Buffers:           29096 kB
Cached:           652120 kB
SwapCached:         8552 kB
Active:           770084 kB
Inactive:         678764 kB
Active(anon):     389560 kB
Inactive(anon):   391684 kB
Active(file):     380524 kB
Inactive(file):   287080 kB
Unevictable:       20976 kB
Mlocked:           13004 kB
SwapTotal:       1310716 kB
SwapFree:        1102068 kB
Dirty:                92 kB
Writeback:             0 kB
AnonPages:        783064 kB
Mapped:           326816 kB
Shmem:              1144 kB
Slab:             109256 kB
SReclaimable:      31100 kB
SUnreclaim:        78156 kB
KernelStack:       30064 kB
PageTables:        52932 kB
NFS_Unstable:          0 kB
Bounce:                0 kB
WritebackTmp:          0 kB
CommitLimit:     2684136 kB
Committed_AS:   132061828 kB
VmallocTotal:   251658176 kB
VmallocUsed:      329672 kB
VmallocChunk:   247561408 kB
Time pass: 218 sec

---2015-10-23 20:34:50
MemTotal:        2746844 kB
MemFree:          134104 kB
Buffers:           29112 kB
Cached:           652508 kB
SwapCached:         8552 kB
Active:           783832 kB
Inactive:         679048 kB
Active(anon):     403188 kB
Inactive(anon):   391728 kB
Active(file):     380644 kB
Inactive(file):   287320 kB
Unevictable:       20976 kB
Mlocked:           13004 kB
SwapTotal:       1310716 kB
SwapFree:        1102068 kB
Dirty:               132 kB
Writeback:             0 kB
AnonPages:        796880 kB
Mapped:           334376 kB
Shmem:              1188 kB
Slab:             109416 kB
SReclaimable:      31100 kB
SUnreclaim:        78316 kB
KernelStack:       30704 kB
PageTables:        53552 kB
NFS_Unstable:          0 kB
Bounce:                0 kB
WritebackTmp:          0 kB
CommitLimit:     2684136 kB
Committed_AS:   133328588 kB
VmallocTotal:   251658176 kB
VmallocUsed:      334788 kB
VmallocChunk:   247561408 kB
Time pass: 223 sec

---2015-10-23 20:34:50
MemTotal:        2746844 kB
MemFree:          143432 kB
Buffers:           29116 kB
Cached:           652532 kB
SwapCached:         8552 kB
Active:           773888 kB
Inactive:         679068 kB
Active(anon):     393236 kB
Inactive(anon):   391756 kB
Active(file):     380652 kB
Inactive(file):   287312 kB
Unevictable:       20976 kB
Mlocked:           13004 kB
SwapTotal:       1310716 kB
SwapFree:        1102068 kB
Dirty:                48 kB
Writeback:             0 kB
AnonPages:        786608 kB
Mapped:           334960 kB
Shmem:              1216 kB
Slab:             109436 kB
SReclaimable:      31100 kB
SUnreclaim:        78336 kB
KernelStack:       30784 kB
PageTables:        53576 kB
NFS_Unstable:          0 kB
Bounce:                0 kB
WritebackTmp:          0 kB
CommitLimit:     2684136 kB
Committed_AS:   133328708 kB
VmallocTotal:   251658176 kB
VmallocUsed:      334788 kB
VmallocChunk:   247561408 kB
Time pass: 227 sec

---2015-10-23 20:34:50
MemTotal:        2746844 kB
MemFree:          141232 kB
Buffers:           29116 kB
Cached:           652560 kB
SwapCached:         8552 kB
Active:           775868 kB
Inactive:         679092 kB
Active(anon):     395212 kB
Inactive(anon):   391780 kB
Active(file):     380656 kB
Inactive(file):   287312 kB
Unevictable:       20976 kB
Mlocked:           13004 kB
SwapTotal:       1310716 kB
SwapFree:        1102068 kB
Dirty:                48 kB
Writeback:             0 kB
AnonPages:        788796 kB
Mapped:           335064 kB
Shmem:              1240 kB
Slab:             109432 kB
SReclaimable:      31100 kB
SUnreclaim:        78332 kB
KernelStack:       30784 kB
PageTables:        53572 kB
NFS_Unstable:          0 kB
Bounce:                0 kB
WritebackTmp:          0 kB
CommitLimit:     2684136 kB
Committed_AS:   133329072 kB
VmallocTotal:   251658176 kB
VmallocUsed:      334788 kB
VmallocChunk:   247561408 kB
Time pass: 231 sec

---2015-10-23 20:34:50
MemTotal:        2746844 kB
MemFree:          145280 kB
Buffers:           29140 kB
Cached:           652616 kB
SwapCached:         8552 kB
Active:           774808 kB
Inactive:         678152 kB
Active(anon):     393140 kB
Inactive(anon):   391828 kB
Active(file):     381668 kB
Inactive(file):   286324 kB
Unevictable:       20976 kB
Mlocked:           13004 kB
SwapTotal:       1310716 kB
SwapFree:        1102068 kB
Dirty:                92 kB
Writeback:             0 kB
AnonPages:        786436 kB
Mapped:           328112 kB
Shmem:              1296 kB
Slab:             109412 kB
SReclaimable:      31100 kB
SUnreclaim:        78312 kB
KernelStack:       30144 kB
PageTables:        53000 kB
NFS_Unstable:          0 kB
Bounce:                0 kB
WritebackTmp:          0 kB
CommitLimit:     2684136 kB
Committed_AS:   132066296 kB
VmallocTotal:   251658176 kB
VmallocUsed:      333768 kB
VmallocChunk:   247561408 kB
Time pass: 234 sec

---2015-10-23 20:34:50
MemTotal:        2746844 kB
MemFree:          135968 kB
Buffers:           29140 kB
Cached:           652656 kB
SwapCached:         8552 kB
Active:           782840 kB
Inactive:         678192 kB
Active(anon):     401172 kB
Inactive(anon):   391868 kB
Active(file):     381668 kB
Inactive(file):   286324 kB
Unevictable:       20976 kB
Mlocked:           13004 kB
SwapTotal:       1310716 kB
SwapFree:        1102068 kB
Dirty:                92 kB
Writeback:             0 kB
AnonPages:        794556 kB
Mapped:           334112 kB
Shmem:              1336 kB
Slab:             109412 kB
SReclaimable:      31100 kB
SUnreclaim:        78312 kB
KernelStack:       30096 kB
PageTables:        53284 kB
NFS_Unstable:          0 kB
Bounce:                0 kB
WritebackTmp:          0 kB
CommitLimit:     2684136 kB
Committed_AS:   133327612 kB
VmallocTotal:   251658176 kB
VmallocUsed:      334788 kB
VmallocChunk:   247561408 kB
Time pass: 238 sec

---2015-10-23 20:34:50
MemTotal:        2746844 kB
MemFree:          133584 kB
Buffers:           29144 kB
Cached:           652656 kB
SwapCached:         8552 kB
Active:           784024 kB
Inactive:         678188 kB
Active(anon):     402356 kB
Inactive(anon):   391860 kB
Active(file):     381668 kB
Inactive(file):   286328 kB
Unevictable:       20976 kB
Mlocked:           13004 kB
SwapTotal:       1310716 kB
SwapFree:        1102068 kB
Dirty:               108 kB
Writeback:             0 kB
AnonPages:        795688 kB
Mapped:           335204 kB
Shmem:              1336 kB
Slab:             109484 kB
SReclaimable:      31100 kB
SUnreclaim:        78384 kB
KernelStack:       30784 kB
PageTables:        53612 kB
NFS_Unstable:          0 kB
Bounce:                0 kB
WritebackTmp:          0 kB
CommitLimit:     2684136 kB
Committed_AS:   133332948 kB
VmallocTotal:   251658176 kB
VmallocUsed:      334788 kB
VmallocChunk:   247561408 kB
Time pass: 242 sec

---2015-10-23 20:34:50
MemTotal:        2746844 kB
MemFree:          134656 kB
Buffers:           29148 kB
Cached:           652656 kB
SwapCached:         8552 kB
Active:           782988 kB
Inactive:         678168 kB
Active(anon):     401312 kB
Inactive(anon):   391844 kB
Active(file):     381676 kB
Inactive(file):   286324 kB
Unevictable:       20976 kB
Mlocked:           13004 kB
SwapTotal:       1310716 kB
SwapFree:        1102068 kB
Dirty:                44 kB
Writeback:             0 kB
AnonPages:        794764 kB
Mapped:           335140 kB
Shmem:              1336 kB
Slab:             109488 kB
SReclaimable:      31100 kB
SUnreclaim:        78388 kB
KernelStack:       30816 kB
PageTables:        53600 kB
NFS_Unstable:          0 kB
Bounce:                0 kB
WritebackTmp:          0 kB
CommitLimit:     2684136 kB
Committed_AS:   133333080 kB
VmallocTotal:   251658176 kB
VmallocUsed:      334788 kB
VmallocChunk:   247561408 kB
Time pass: 245 sec

---2015-10-23 20:34:50
MemTotal:        2746844 kB
MemFree:          134384 kB
Buffers:           29152 kB
Cached:           652656 kB
SwapCached:         8552 kB
Active:           783980 kB
Inactive:         678168 kB
Active(anon):     402304 kB
Inactive(anon):   391844 kB
Active(file):     381676 kB
Inactive(file):   286324 kB
Unevictable:       20976 kB
Mlocked:           13004 kB
SwapTotal:       1310716 kB
SwapFree:        1102068 kB
Dirty:                 0 kB
Writeback:             0 kB
AnonPages:        796088 kB
Mapped:           335228 kB
Shmem:              1336 kB
Slab:             109504 kB
SReclaimable:      31100 kB
SUnreclaim:        78404 kB
KernelStack:       30816 kB
PageTables:        53628 kB
NFS_Unstable:          0 kB
Bounce:                0 kB
WritebackTmp:          0 kB
CommitLimit:     2684136 kB
Committed_AS:   133333320 kB
VmallocTotal:   251658176 kB
VmallocUsed:      334788 kB
VmallocChunk:   247561408 kB
Time pass: 249 sec

---2015-10-23 20:34:50
MemTotal:        2746844 kB
MemFree:          134068 kB
Buffers:           29176 kB
Cached:           652660 kB
SwapCached:         8552 kB
Active:           783784 kB
Inactive:         678184 kB
Active(anon):     402096 kB
Inactive(anon):   391840 kB
Active(file):     381688 kB
Inactive(file):   286344 kB
Unevictable:       20976 kB
Mlocked:           13004 kB
SwapTotal:       1310716 kB
SwapFree:        1102068 kB
Dirty:                68 kB
Writeback:             0 kB
AnonPages:        795532 kB
Mapped:           335204 kB
Shmem:              1340 kB
Slab:             109488 kB
SReclaimable:      31100 kB
SUnreclaim:        78388 kB
KernelStack:       30784 kB
PageTables:        53604 kB
NFS_Unstable:          0 kB
Bounce:                0 kB
WritebackTmp:          0 kB
CommitLimit:     2684136 kB
Committed_AS:   133333440 kB
VmallocTotal:   251658176 kB
VmallocUsed:      334788 kB
VmallocChunk:   247561408 kB
Time pass: 252 sec

---2015-10-23 20:34:50
MemTotal:        2746844 kB
MemFree:          141268 kB
Buffers:           29192 kB
Cached:           652656 kB
SwapCached:         8552 kB
Active:           777132 kB
Inactive:         678184 kB
Active(anon):     395444 kB
Inactive(anon):   391828 kB
Active(file):     381688 kB
Inactive(file):   286356 kB
Unevictable:       20976 kB
Mlocked:           13004 kB
SwapTotal:       1310716 kB
SwapFree:        1102068 kB
Dirty:               100 kB
Writeback:             0 kB
AnonPages:        788628 kB
Mapped:           328244 kB
Shmem:              1336 kB
Slab:             109444 kB
SReclaimable:      31100 kB
SUnreclaim:        78344 kB
KernelStack:       30064 kB
PageTables:        53040 kB
NFS_Unstable:          0 kB
Bounce:                0 kB
WritebackTmp:          0 kB
CommitLimit:     2684136 kB
Committed_AS:   132070196 kB
VmallocTotal:   251658176 kB
VmallocUsed:      333768 kB
VmallocChunk:   247561408 kB
Time pass: 256 sec

---2015-10-23 20:34:50
MemTotal:        2746844 kB
MemFree:          138268 kB
Buffers:           29200 kB
Cached:           652656 kB
SwapCached:         8552 kB
Active:           781820 kB
Inactive:         676728 kB
Active(anon):     400128 kB
Inactive(anon):   390372 kB
Active(file):     381692 kB
Inactive(file):   286356 kB
Unevictable:       20976 kB
Mlocked:           13004 kB
SwapTotal:       1310716 kB
SwapFree:        1102068 kB
Dirty:               104 kB
Writeback:             0 kB
AnonPages:        791772 kB
Mapped:           335196 kB
Shmem:              1336 kB
Slab:             109508 kB
SReclaimable:      31100 kB
SUnreclaim:        78408 kB
KernelStack:       30720 kB
PageTables:        53584 kB
NFS_Unstable:          0 kB
Bounce:                0 kB
WritebackTmp:          0 kB
CommitLimit:     2684136 kB
Committed_AS:   133332948 kB
VmallocTotal:   251658176 kB
VmallocUsed:      334788 kB
VmallocChunk:   247561408 kB
Time pass: 260 sec

---2015-10-23 20:34:50
MemTotal:        2746844 kB
MemFree:          136524 kB
Buffers:           29200 kB
Cached:           652656 kB
SwapCached:         8552 kB
Active:           782580 kB
Inactive:         676744 kB
Active(anon):     400900 kB
Inactive(anon):   390372 kB
Active(file):     381680 kB
Inactive(file):   286372 kB
Unevictable:       20976 kB
Mlocked:           13004 kB
SwapTotal:       1310716 kB
SwapFree:        1102068 kB
Dirty:               120 kB
Writeback:             0 kB
AnonPages:        792600 kB
Mapped:           335144 kB
Shmem:              1336 kB
Slab:             109548 kB
SReclaimable:      31100 kB
SUnreclaim:        78448 kB
KernelStack:       30784 kB
PageTables:        53640 kB
NFS_Unstable:          0 kB
Bounce:                0 kB
WritebackTmp:          0 kB
CommitLimit:     2684136 kB
Committed_AS:   133333048 kB
VmallocTotal:   251658176 kB
VmallocUsed:      334788 kB
VmallocChunk:   247561408 kB
Time pass: 263 sec

---2015-10-23 20:34:50
MemTotal:        2746844 kB
MemFree:          136532 kB
Buffers:           29204 kB
Cached:           652656 kB
SwapCached:         8552 kB
Active:           783208 kB
Inactive:         676744 kB
Active(anon):     401524 kB
Inactive(anon):   390372 kB
Active(file):     381684 kB
Inactive(file):   286372 kB
Unevictable:       20976 kB
Mlocked:           13004 kB
SwapTotal:       1310716 kB
SwapFree:        1102068 kB
Dirty:                28 kB
Writeback:             0 kB
AnonPages:        793200 kB
Mapped:           335148 kB
Shmem:              1336 kB
Slab:             109560 kB
SReclaimable:      31100 kB
SUnreclaim:        78460 kB
KernelStack:       30768 kB
PageTables:        53636 kB
NFS_Unstable:          0 kB
Bounce:                0 kB
WritebackTmp:          0 kB
CommitLimit:     2684136 kB
Committed_AS:   133332976 kB
VmallocTotal:   251658176 kB
VmallocUsed:      334788 kB
VmallocChunk:   247561408 kB
Time pass: 267 sec

---2015-10-23 20:34:50
MemTotal:        2746844 kB
MemFree:          135200 kB
Buffers:           29212 kB
Cached:           652656 kB
SwapCached:         8552 kB
Active:           784396 kB
Inactive:         676740 kB
Active(anon):     402708 kB
Inactive(anon):   390372 kB
Active(file):     381688 kB
Inactive(file):   286368 kB
Unevictable:       20976 kB
Mlocked:           13004 kB
SwapTotal:       1310716 kB
SwapFree:        1102068 kB
Dirty:                44 kB
Writeback:             0 kB
AnonPages:        794792 kB
Mapped:           335200 kB
Shmem:              1336 kB
Slab:             109576 kB
SReclaimable:      31100 kB
SUnreclaim:        78476 kB
KernelStack:       30768 kB
PageTables:        53608 kB
NFS_Unstable:          0 kB
Bounce:                0 kB
WritebackTmp:          0 kB
CommitLimit:     2684136 kB
Committed_AS:   133333416 kB
VmallocTotal:   251658176 kB
VmallocUsed:      334788 kB
VmallocChunk:   247561408 kB
Time pass: 271 sec

---2015-10-23 20:34:50
MemTotal:        2746844 kB
MemFree:          144256 kB
Buffers:           29212 kB
Cached:           652648 kB
SwapCached:         8552 kB
Active:           775512 kB
Inactive:         676732 kB
Active(anon):     393816 kB
Inactive(anon):   390364 kB
Active(file):     381696 kB
Inactive(file):   286368 kB
Unevictable:       20976 kB
Mlocked:           13004 kB
SwapTotal:       1310716 kB
SwapFree:        1102068 kB
Dirty:                56 kB
Writeback:             0 kB
AnonPages:        785604 kB
Mapped:           328376 kB
Shmem:              1328 kB
Slab:             109568 kB
SReclaimable:      31100 kB
SUnreclaim:        78468 kB
KernelStack:       30096 kB
PageTables:        53024 kB
NFS_Unstable:          0 kB
Bounce:                0 kB
WritebackTmp:          0 kB
CommitLimit:     2684136 kB
Committed_AS:   132068552 kB
VmallocTotal:   251658176 kB
VmallocUsed:      333768 kB
VmallocChunk:   247561408 kB
Time pass: 275 sec

---2015-10-23 20:34:50
MemTotal:        2746844 kB
MemFree:          143124 kB
Buffers:           29220 kB
Cached:           652652 kB
SwapCached:         8552 kB
Active:           775876 kB
Inactive:         676732 kB
Active(anon):     394172 kB
Inactive(anon):   390364 kB
Active(file):     381704 kB
Inactive(file):   286368 kB
Unevictable:       20976 kB
Mlocked:           13004 kB
SwapTotal:       1310716 kB
SwapFree:        1102068 kB
Dirty:                60 kB
Writeback:             0 kB
AnonPages:        786160 kB
Mapped:           335480 kB
Shmem:              1332 kB
Slab:             109532 kB
SReclaimable:      31100 kB
SUnreclaim:        78432 kB
KernelStack:       30720 kB
PageTables:        53588 kB
NFS_Unstable:          0 kB
Bounce:                0 kB
WritebackTmp:          0 kB
CommitLimit:     2684136 kB
Committed_AS:   133331188 kB
VmallocTotal:   251658176 kB
VmallocUsed:      334788 kB
VmallocChunk:   247561408 kB
Time pass: 279 sec

---2015-10-23 20:34:50
MemTotal:        2746844 kB
MemFree:          142808 kB
Buffers:           29224 kB
Cached:           652664 kB
SwapCached:         8552 kB
Active:           776196 kB
Inactive:         676760 kB
Active(anon):     394500 kB
Inactive(anon):   390376 kB
Active(file):     381696 kB
Inactive(file):   286384 kB
Unevictable:       20976 kB
Mlocked:           13004 kB
SwapTotal:       1310716 kB
SwapFree:        1102068 kB
Dirty:                48 kB
Writeback:             0 kB
AnonPages:        786216 kB
Mapped:           335296 kB
Shmem:              1344 kB
Slab:             109516 kB
SReclaimable:      31100 kB
SUnreclaim:        78416 kB
KernelStack:       30752 kB
PageTables:        53612 kB
NFS_Unstable:          0 kB
Bounce:                0 kB
WritebackTmp:          0 kB
CommitLimit:     2684136 kB
Committed_AS:   133331336 kB
VmallocTotal:   251658176 kB
VmallocUsed:      334788 kB
VmallocChunk:   247561408 kB
Time pass: 286 sec

---2015-10-23 20:34:50
MemTotal:        2746844 kB
MemFree:          141588 kB
Buffers:           29224 kB
Cached:           652664 kB
SwapCached:         8552 kB
Active:           777184 kB
Inactive:         676752 kB
Active(anon):     395484 kB
Inactive(anon):   390376 kB
Active(file):     381700 kB
Inactive(file):   286376 kB
Unevictable:       20976 kB
Mlocked:           13004 kB
SwapTotal:       1310716 kB
SwapFree:        1102068 kB
Dirty:                 0 kB
Writeback:             0 kB
AnonPages:        786944 kB
Mapped:           335512 kB
Shmem:              1344 kB
Slab:             109540 kB
SReclaimable:      31100 kB
SUnreclaim:        78440 kB
KernelStack:       30768 kB
PageTables:        53632 kB
NFS_Unstable:          0 kB
Bounce:                0 kB
WritebackTmp:          0 kB
CommitLimit:     2684136 kB
Committed_AS:   133331600 kB
VmallocTotal:   251658176 kB
VmallocUsed:      334788 kB
VmallocChunk:   247561408 kB
Time pass: 289 sec

---2015-10-23 20:34:50
MemTotal:        2746844 kB
MemFree:          150552 kB
Buffers:           29240 kB
Cached:           652664 kB
SwapCached:         8552 kB
Active:           769320 kB
Inactive:         676768 kB
Active(anon):     387620 kB
Inactive(anon):   390376 kB
Active(file):     381700 kB
Inactive(file):   286392 kB
Unevictable:       20976 kB
Mlocked:           13004 kB
SwapTotal:       1310716 kB
SwapFree:        1102068 kB
Dirty:                56 kB
Writeback:             0 kB
AnonPages:        779344 kB
Mapped:           328404 kB
Shmem:              1344 kB
Slab:             109456 kB
SReclaimable:      31100 kB
SUnreclaim:        78356 kB
KernelStack:       30112 kB
PageTables:        53060 kB
NFS_Unstable:          0 kB
Bounce:                0 kB
WritebackTmp:          0 kB
CommitLimit:     2684136 kB
Committed_AS:   132068552 kB
VmallocTotal:   251658176 kB
VmallocUsed:      333768 kB
VmallocChunk:   247561408 kB
Time pass: 293 sec

---2015-10-23 20:34:50
MemTotal:        2746844 kB
MemFree:          142788 kB
Buffers:           29248 kB
Cached:           652704 kB
SwapCached:         8552 kB
Active:           776808 kB
Inactive:         676800 kB
Active(anon):     395096 kB
Inactive(anon):   390412 kB
Active(file):     381712 kB
Inactive(file):   286388 kB
Unevictable:       20976 kB
Mlocked:           13004 kB
SwapTotal:       1310716 kB
SwapFree:        1102068 kB
Dirty:                64 kB
Writeback:             0 kB
AnonPages:        787440 kB
Mapped:           334848 kB
Shmem:              1388 kB
Slab:             109468 kB
SReclaimable:      31100 kB
SUnreclaim:        78368 kB
KernelStack:       30608 kB
PageTables:        53564 kB
NFS_Unstable:          0 kB
Bounce:                0 kB
WritebackTmp:          0 kB
CommitLimit:     2684136 kB
Committed_AS:   133329980 kB
VmallocTotal:   251658176 kB
VmallocUsed:      334788 kB
VmallocChunk:   247561408 kB
Time pass: 296 sec

---2015-10-23 20:34:50
MemTotal:        2746844 kB
MemFree:          139116 kB
Buffers:           29248 kB
Cached:           652704 kB
SwapCached:         8552 kB
Active:           780424 kB
Inactive:         676812 kB
Active(anon):     398724 kB
Inactive(anon):   390412 kB
Active(file):     381700 kB
Inactive(file):   286400 kB
Unevictable:       20976 kB
Mlocked:           13004 kB
SwapTotal:       1310716 kB
SwapFree:        1102068 kB
Dirty:                80 kB
Writeback:             0 kB
AnonPages:        790444 kB
Mapped:           335472 kB
Shmem:              1388 kB
Slab:             109516 kB
SReclaimable:      31100 kB
SUnreclaim:        78416 kB
KernelStack:       30736 kB
PageTables:        53648 kB
NFS_Unstable:          0 kB
Bounce:                0 kB
WritebackTmp:          0 kB
CommitLimit:     2684136 kB
Committed_AS:   133331132 kB
VmallocTotal:   251658176 kB
VmallocUsed:      334788 kB
VmallocChunk:   247561408 kB
Time pass: 300 sec

---2015-10-23 20:34:50
MemTotal:        2746844 kB
MemFree:          138284 kB
Buffers:           29256 kB
Cached:           652708 kB
SwapCached:         8552 kB
Active:           780640 kB
Inactive:         676820 kB
Active(anon):     398940 kB
Inactive(anon):   390412 kB
Active(file):     381700 kB
Inactive(file):   286408 kB
Unevictable:       20976 kB
Mlocked:           13004 kB
SwapTotal:       1310716 kB
SwapFree:        1102068 kB
Dirty:                52 kB
Writeback:             0 kB
AnonPages:        790780 kB
Mapped:           335500 kB
Shmem:              1388 kB
Slab:             109540 kB
SReclaimable:      31100 kB
SUnreclaim:        78440 kB
KernelStack:       30752 kB
PageTables:        53652 kB
NFS_Unstable:          0 kB
Bounce:                0 kB
WritebackTmp:          0 kB
CommitLimit:     2684136 kB
Committed_AS:   133331108 kB
VmallocTotal:   251658176 kB
VmallocUsed:      334788 kB
VmallocChunk:   247561408 kB
Time pass: 304 sec

---2015-10-23 20:34:50
MemTotal:        2746844 kB
MemFree:          137872 kB
Buffers:           29268 kB
Cached:           652708 kB
SwapCached:         8552 kB
Active:           781744 kB
Inactive:         676828 kB
Active(anon):     400040 kB
Inactive(anon):   390412 kB
Active(file):     381704 kB
Inactive(file):   286416 kB
Unevictable:       20976 kB
Mlocked:           13004 kB
SwapTotal:       1310716 kB
SwapFree:        1102068 kB
Dirty:                 0 kB
Writeback:             0 kB
AnonPages:        791912 kB
Mapped:           335556 kB
Shmem:              1388 kB
Slab:             109544 kB
SReclaimable:      31100 kB
SUnreclaim:        78444 kB
KernelStack:       30752 kB
PageTables:        53652 kB
NFS_Unstable:          0 kB
Bounce:                0 kB
WritebackTmp:          0 kB
CommitLimit:     2684136 kB
Committed_AS:   133331444 kB
VmallocTotal:   251658176 kB
VmallocUsed:      334788 kB
VmallocChunk:   247561408 kB
Time pass: 308 sec

---2015-10-23 20:34:50
MemTotal:        2746844 kB
MemFree:          145172 kB
Buffers:           29272 kB
Cached:           652732 kB
SwapCached:         8552 kB
Active:           775212 kB
Inactive:         676864 kB
Active(anon):     393504 kB
Inactive(anon):   390412 kB
Active(file):     381708 kB
Inactive(file):   286452 kB
Unevictable:       20976 kB
Mlocked:           13004 kB
SwapTotal:       1310716 kB
SwapFree:        1102068 kB
Dirty:                96 kB
Writeback:             0 kB
AnonPages:        785688 kB
Mapped:           328436 kB
Shmem:              1380 kB
Slab:             109512 kB
SReclaimable:      31100 kB
SUnreclaim:        78412 kB
KernelStack:       30256 kB
PageTables:        53032 kB
NFS_Unstable:          0 kB
Bounce:                0 kB
WritebackTmp:          0 kB
CommitLimit:     2684136 kB
Committed_AS:   132068880 kB
VmallocTotal:   251658176 kB
VmallocUsed:      333768 kB
VmallocChunk:   247561408 kB
Time pass: 311 sec

---2015-10-23 20:34:50
MemTotal:        2746844 kB
MemFree:          144180 kB
Buffers:           29292 kB
Cached:           652704 kB
SwapCached:         8552 kB
Active:           775792 kB
Inactive:         676844 kB
Active(anon):     394084 kB
Inactive(anon):   390412 kB
Active(file):     381708 kB
Inactive(file):   286432 kB
Unevictable:       20976 kB
Mlocked:           13004 kB
SwapTotal:       1310716 kB
SwapFree:        1102068 kB
Dirty:                88 kB
Writeback:             0 kB
AnonPages:        785816 kB
Mapped:           328524 kB
Shmem:              1388 kB
Slab:             109512 kB
SReclaimable:      31100 kB
SUnreclaim:        78412 kB
KernelStack:       30096 kB
PageTables:        53064 kB
NFS_Unstable:          0 kB
Bounce:                0 kB
WritebackTmp:          0 kB
CommitLimit:     2684136 kB
Committed_AS:   132068956 kB
VmallocTotal:   251658176 kB
VmallocUsed:      333768 kB
VmallocChunk:   247561408 kB
Time pass: 315 sec

---2015-10-23 20:34:50
MemTotal:        2746844 kB
MemFree:          134720 kB
Buffers:           29300 kB
Cached:           652720 kB
SwapCached:         8552 kB
Active:           784860 kB
Inactive:         676848 kB
Active(anon):     403140 kB
Inactive(anon):   390424 kB
Active(file):     381720 kB
Inactive(file):   286424 kB
Unevictable:       20976 kB
Mlocked:           13004 kB
SwapTotal:       1310716 kB
SwapFree:        1102068 kB
Dirty:               112 kB
Writeback:             0 kB
AnonPages:        795320 kB
Mapped:           335604 kB
Shmem:              1400 kB
Slab:             109568 kB
SReclaimable:      31100 kB
SUnreclaim:        78468 kB
KernelStack:       30720 kB
PageTables:        53600 kB
NFS_Unstable:          0 kB
Bounce:                0 kB
WritebackTmp:          0 kB
CommitLimit:     2684136 kB
Committed_AS:   133330544 kB
VmallocTotal:   251658176 kB
VmallocUsed:      334788 kB
VmallocChunk:   247561408 kB
Time pass: 318 sec

---2015-10-23 20:34:50
MemTotal:        2746844 kB
MemFree:          138228 kB
Buffers:           29300 kB
Cached:           652720 kB
SwapCached:         8552 kB
Active:           780516 kB
Inactive:         676868 kB
Active(anon):     398808 kB
Inactive(anon):   390424 kB
Active(file):     381708 kB
Inactive(file):   286444 kB
Unevictable:       20976 kB
Mlocked:           13004 kB
SwapTotal:       1310716 kB
SwapFree:        1102068 kB
Dirty:                 0 kB
Writeback:             0 kB
AnonPages:        790732 kB
Mapped:           335476 kB
Shmem:              1400 kB
Slab:             109576 kB
SReclaimable:      31100 kB
SUnreclaim:        78476 kB
KernelStack:       30752 kB
PageTables:        53624 kB
NFS_Unstable:          0 kB
Bounce:                0 kB
WritebackTmp:          0 kB
CommitLimit:     2684136 kB
Committed_AS:   133330792 kB
VmallocTotal:   251658176 kB
VmallocUsed:      334788 kB
VmallocChunk:   247561408 kB
Time pass: 322 sec

---2015-10-23 20:34:50
MemTotal:        2746844 kB
MemFree:          137408 kB
Buffers:           29300 kB
Cached:           652720 kB
SwapCached:         8552 kB
Active:           781188 kB
Inactive:         676868 kB
Active(anon):     399480 kB
Inactive(anon):   390424 kB
Active(file):     381708 kB
Inactive(file):   286444 kB
Unevictable:       20976 kB
Mlocked:           13004 kB
SwapTotal:       1310716 kB
SwapFree:        1102068 kB
Dirty:                 0 kB
Writeback:             0 kB
AnonPages:        791112 kB
Mapped:           335564 kB
Shmem:              1400 kB
Slab:             109584 kB
SReclaimable:      31100 kB
SUnreclaim:        78484 kB
KernelStack:       30784 kB
PageTables:        53652 kB
NFS_Unstable:          0 kB
Bounce:                0 kB
WritebackTmp:          0 kB
CommitLimit:     2684136 kB
Committed_AS:   133331136 kB
VmallocTotal:   251658176 kB
VmallocUsed:      334788 kB
VmallocChunk:   247561408 kB
Time pass: 326 sec

---2015-10-23 20:34:50
MemTotal:        2746844 kB
MemFree:          136832 kB
Buffers:           29308 kB
Cached:           652720 kB
SwapCached:         8552 kB
Active:           781588 kB
Inactive:         676876 kB
Active(anon):     399880 kB
Inactive(anon):   390424 kB
Active(file):     381708 kB
Inactive(file):   286452 kB
Unevictable:       20976 kB
Mlocked:           13004 kB
SwapTotal:       1310716 kB
SwapFree:        1102068 kB
Dirty:                24 kB
Writeback:             0 kB
AnonPages:        791776 kB
Mapped:           335628 kB
Shmem:              1400 kB
Slab:             109612 kB
SReclaimable:      31100 kB
SUnreclaim:        78512 kB
KernelStack:       30800 kB
PageTables:        53652 kB
NFS_Unstable:          0 kB
Bounce:                0 kB
WritebackTmp:          0 kB
CommitLimit:     2684136 kB
Committed_AS:   133331192 kB
VmallocTotal:   251658176 kB
VmallocUsed:      334788 kB
VmallocChunk:   247561408 kB
Time pass: 329 sec

---2015-10-23 20:34:50
MemTotal:        2746844 kB
MemFree:          145660 kB
Buffers:           29308 kB
Cached:           652720 kB
SwapCached:         8552 kB
Active:           774424 kB
Inactive:         676876 kB
Active(anon):     392716 kB
Inactive(anon):   390424 kB
Active(file):     381708 kB
Inactive(file):   286452 kB
Unevictable:       20976 kB
Mlocked:           13004 kB
SwapTotal:       1310716 kB
SwapFree:        1102068 kB
Dirty:                16 kB
Writeback:             0 kB
AnonPages:        784176 kB
Mapped:           328580 kB
Shmem:              1400 kB
Slab:             109536 kB
SReclaimable:      31100 kB
SUnreclaim:        78436 kB
KernelStack:       30112 kB
PageTables:        53056 kB
NFS_Unstable:          0 kB
Bounce:                0 kB
WritebackTmp:          0 kB
CommitLimit:     2684136 kB
Committed_AS:   132068020 kB
VmallocTotal:   251658176 kB
VmallocUsed:      333768 kB
VmallocChunk:   247561408 kB
Time pass: 333 sec

---2015-10-23 20:34:50
MemTotal:        2746844 kB
MemFree:          136336 kB
Buffers:           29316 kB
Cached:           652752 kB
SwapCached:         8552 kB
Active:           783584 kB
Inactive:         676908 kB
Active(anon):     401868 kB
Inactive(anon):   390452 kB
Active(file):     381716 kB
Inactive(file):   286456 kB
Unevictable:       20976 kB
Mlocked:           13004 kB
SwapTotal:       1310716 kB
SwapFree:        1102068 kB
Dirty:               116 kB
Writeback:             0 kB
AnonPages:        793808 kB
Mapped:           335596 kB
Shmem:              1432 kB
Slab:             109476 kB
SReclaimable:      31100 kB
SUnreclaim:        78376 kB
KernelStack:       30752 kB
PageTables:        53592 kB
NFS_Unstable:          0 kB
Bounce:                0 kB
WritebackTmp:          0 kB
CommitLimit:     2684136 kB
Committed_AS:   133330508 kB
VmallocTotal:   251658176 kB
VmallocUsed:      334788 kB
VmallocChunk:   247561408 kB
Time pass: 337 sec

---2015-10-23 20:34:50
MemTotal:        2746844 kB
MemFree:          133748 kB
Buffers:           29316 kB
Cached:           652752 kB
SwapCached:         8552 kB
Active:           784844 kB
Inactive:         676912 kB
Active(anon):     403136 kB
Inactive(anon):   390452 kB
Active(file):     381708 kB
Inactive(file):   286460 kB
Unevictable:       20976 kB
Mlocked:           13004 kB
SwapTotal:       1310716 kB
SwapFree:        1102068 kB
Dirty:                 0 kB
Writeback:             0 kB
AnonPages:        794848 kB
Mapped:           335584 kB
Shmem:              1432 kB
Slab:             109512 kB
SReclaimable:      31100 kB
SUnreclaim:        78412 kB
KernelStack:       30816 kB
PageTables:        53684 kB
NFS_Unstable:          0 kB
Bounce:                0 kB
WritebackTmp:          0 kB
CommitLimit:     2684136 kB
Committed_AS:   133330744 kB
VmallocTotal:   251658176 kB
VmallocUsed:      334788 kB
VmallocChunk:   247561408 kB
Time pass: 340 sec

---2015-10-23 20:34:50
MemTotal:        2746844 kB
MemFree:          133232 kB
Buffers:           29340 kB
Cached:           652752 kB
SwapCached:         8552 kB
Active:           785340 kB
Inactive:         676936 kB
Active(anon):     403632 kB
Inactive(anon):   390452 kB
Active(file):     381708 kB
Inactive(file):   286484 kB
Unevictable:       20976 kB
Mlocked:           13004 kB
SwapTotal:       1310716 kB
SwapFree:        1102068 kB
Dirty:                76 kB
Writeback:             0 kB
AnonPages:        795264 kB
Mapped:           335592 kB
Shmem:              1432 kB
Slab:             109552 kB
SReclaimable:      31100 kB
SUnreclaim:        78452 kB
KernelStack:       30784 kB
PageTables:        53648 kB
NFS_Unstable:          0 kB
Bounce:                0 kB
WritebackTmp:          0 kB
CommitLimit:     2684136 kB
Committed_AS:   133330712 kB
VmallocTotal:   251658176 kB
VmallocUsed:      334788 kB
VmallocChunk:   247561408 kB
Time pass: 344 sec

---2015-10-23 20:34:50
MemTotal:        2746844 kB
MemFree:          132788 kB
Buffers:           29348 kB
Cached:           652752 kB
SwapCached:         8552 kB
Active:           785952 kB
Inactive:         676936 kB
Active(anon):     404244 kB
Inactive(anon):   390452 kB
Active(file):     381708 kB
Inactive(file):   286484 kB
Unevictable:       20976 kB
Mlocked:           13004 kB
SwapTotal:       1310716 kB
SwapFree:        1102068 kB
Dirty:                28 kB
Writeback:             0 kB
AnonPages:        796252 kB
Mapped:           335644 kB
Shmem:              1432 kB
Slab:             109568 kB
SReclaimable:      31100 kB
SUnreclaim:        78468 kB
KernelStack:       30784 kB
PageTables:        53648 kB
NFS_Unstable:          0 kB
Bounce:                0 kB
WritebackTmp:          0 kB
CommitLimit:     2684136 kB
Committed_AS:   133331080 kB
VmallocTotal:   251658176 kB
VmallocUsed:      334788 kB
VmallocChunk:   247561408 kB
Time pass: 348 sec

---2015-10-23 20:34:50
MemTotal:        2746844 kB
MemFree:          141980 kB
Buffers:           29348 kB
Cached:           652752 kB
SwapCached:         8552 kB
Active:           778300 kB
Inactive:         676944 kB
Active(anon):     396592 kB
Inactive(anon):   390452 kB
Active(file):     381708 kB
Inactive(file):   286492 kB
Unevictable:       20976 kB
Mlocked:           13004 kB
SwapTotal:       1310716 kB
SwapFree:        1102068 kB
Dirty:                40 kB
Writeback:             0 kB
AnonPages:        788428 kB
Mapped:           328528 kB
Shmem:              1432 kB
Slab:             109564 kB
SReclaimable:      31100 kB
SUnreclaim:        78464 kB
KernelStack:       30096 kB
PageTables:        53032 kB
NFS_Unstable:          0 kB
Bounce:                0 kB
WritebackTmp:          0 kB
CommitLimit:     2684136 kB
Committed_AS:   132068060 kB
VmallocTotal:   251658176 kB
VmallocUsed:      333768 kB
VmallocChunk:   247561408 kB
Time pass: 351 sec

---2015-10-23 20:34:50
MemTotal:        2746844 kB
MemFree:          130664 kB
Buffers:           29352 kB
Cached:           652752 kB
SwapCached:         8552 kB
Active:           789492 kB
Inactive:         676940 kB
Active(anon):     407776 kB
Inactive(anon):   390452 kB
Active(file):     381716 kB
Inactive(file):   286488 kB
Unevictable:       20976 kB
Mlocked:           13004 kB
SwapTotal:       1310716 kB
SwapFree:        1102068 kB
Dirty:                16 kB
Writeback:             0 kB
AnonPages:        799860 kB
Mapped:           335548 kB
Shmem:              1432 kB
Slab:             109568 kB
SReclaimable:      31100 kB
SUnreclaim:        78468 kB
KernelStack:       30752 kB
PageTables:        53588 kB
NFS_Unstable:          0 kB
Bounce:                0 kB
WritebackTmp:          0 kB
CommitLimit:     2684136 kB
Committed_AS:   133330664 kB
VmallocTotal:   251658176 kB
VmallocUsed:      334788 kB
VmallocChunk:   247561408 kB
Time pass: 355 sec

---2015-10-23 20:34:50
MemTotal:        2746844 kB
MemFree:          128716 kB
Buffers:           29368 kB
Cached:           652752 kB
SwapCached:         8552 kB
Active:           790088 kB
Inactive:         676968 kB
Active(anon):     408380 kB
Inactive(anon):   390452 kB
Active(file):     381708 kB
Inactive(file):   286516 kB
Unevictable:       20976 kB
Mlocked:           13004 kB
SwapTotal:       1310716 kB
SwapFree:        1102068 kB
Dirty:               116 kB
Writeback:             0 kB
AnonPages:        800032 kB
Mapped:           335524 kB
Shmem:              1432 kB
Slab:             109568 kB
SReclaimable:      31100 kB
SUnreclaim:        78468 kB
KernelStack:       30784 kB
PageTables:        53640 kB
NFS_Unstable:          0 kB
Bounce:                0 kB
WritebackTmp:          0 kB
CommitLimit:     2684136 kB
Committed_AS:   133330776 kB
VmallocTotal:   251658176 kB
VmallocUsed:      334788 kB
VmallocChunk:   247561408 kB
Time pass: 359 sec

---2015-10-23 20:34:50
MemTotal:        2746844 kB
MemFree:          128076 kB
Buffers:           29368 kB
Cached:           652752 kB
SwapCached:         8552 kB
Active:           790700 kB
Inactive:         676960 kB
Active(anon):     408988 kB
Inactive(anon):   390452 kB
Active(file):     381712 kB
Inactive(file):   286508 kB
Unevictable:       20976 kB
Mlocked:           13004 kB
SwapTotal:       1310716 kB
SwapFree:        1102068 kB
Dirty:                 0 kB
Writeback:             0 kB
AnonPages:        800520 kB
Mapped:           335668 kB
Shmem:              1432 kB
Slab:             109576 kB
SReclaimable:      31100 kB
SUnreclaim:        78476 kB
KernelStack:       30784 kB
PageTables:        53672 kB
NFS_Unstable:          0 kB
Bounce:                0 kB
WritebackTmp:          0 kB
CommitLimit:     2684136 kB
Committed_AS:   133330848 kB
VmallocTotal:   251658176 kB
VmallocUsed:      334788 kB
VmallocChunk:   247561408 kB
Time pass: 363 sec

---2015-10-23 20:34:50
MemTotal:        2746844 kB
MemFree:          127496 kB
Buffers:           29376 kB
Cached:           652752 kB
SwapCached:         8552 kB
Active:           792000 kB
Inactive:         676968 kB
Active(anon):     410288 kB
Inactive(anon):   390452 kB
Active(file):     381712 kB
Inactive(file):   286516 kB
Unevictable:       20976 kB
Mlocked:           13004 kB
SwapTotal:       1310716 kB
SwapFree:        1102068 kB
Dirty:                44 kB
Writeback:             0 kB
AnonPages:        802172 kB
Mapped:           335564 kB
Shmem:              1432 kB
Slab:             109556 kB
SReclaimable:      31100 kB
SUnreclaim:        78456 kB
KernelStack:       30784 kB
PageTables:        53624 kB
NFS_Unstable:          0 kB
Bounce:                0 kB
WritebackTmp:          0 kB
CommitLimit:     2684136 kB
Committed_AS:   133331192 kB
VmallocTotal:   251658176 kB
VmallocUsed:      334788 kB
VmallocChunk:   247561408 kB
Time pass: 366 sec

---2015-10-23 20:34:50
MemTotal:        2746844 kB
MemFree:          133724 kB
Buffers:           29376 kB
Cached:           652844 kB
SwapCached:         8552 kB
Active:           785064 kB
Inactive:         677056 kB
Active(anon):     403352 kB
Inactive(anon):   390452 kB
Active(file):     381712 kB
Inactive(file):   286604 kB
Unevictable:       20976 kB
Mlocked:           13004 kB
SwapTotal:       1310716 kB
SwapFree:        1102068 kB
Dirty:                12 kB
Writeback:             0 kB
AnonPages:        794896 kB
Mapped:           328540 kB
Shmem:              1432 kB
Slab:             109496 kB
SReclaimable:      31100 kB
SUnreclaim:        78396 kB
KernelStack:       30416 kB
PageTables:        53040 kB
NFS_Unstable:          0 kB
Bounce:                0 kB
WritebackTmp:          0 kB
CommitLimit:     2684136 kB
Committed_AS:   132068272 kB
VmallocTotal:   251658176 kB
VmallocUsed:      333768 kB
VmallocChunk:   247561408 kB
Time pass: 370 sec

---2015-10-23 20:34:50
MemTotal:        2746844 kB
MemFree:          124828 kB
Buffers:           29392 kB
Cached:           653000 kB
SwapCached:         8552 kB
Active:           793888 kB
Inactive:         677216 kB
Active(anon):     412172 kB
Inactive(anon):   390596 kB
Active(file):     381716 kB
Inactive(file):   286620 kB
Unevictable:       20976 kB
Mlocked:           13004 kB
SwapTotal:       1310716 kB
SwapFree:        1102068 kB
Dirty:                68 kB
Writeback:             0 kB
AnonPages:        804272 kB
Mapped:           335528 kB
Shmem:              1588 kB
Slab:             109496 kB
SReclaimable:      31100 kB
SUnreclaim:        78396 kB
KernelStack:       30240 kB
PageTables:        53508 kB
NFS_Unstable:          0 kB
Bounce:                0 kB
WritebackTmp:          0 kB
CommitLimit:     2684136 kB
Committed_AS:   133330272 kB
VmallocTotal:   251658176 kB
VmallocUsed:      334788 kB
VmallocChunk:   247561408 kB
Time pass: 374 sec

---2015-10-23 20:34:50
MemTotal:        2746844 kB
MemFree:          126504 kB
Buffers:           29400 kB
Cached:           652992 kB
SwapCached:         8552 kB
Active:           791788 kB
Inactive:         677200 kB
Active(anon):     410060 kB
Inactive(anon):   390596 kB
Active(file):     381728 kB
Inactive(file):   286604 kB
Unevictable:       20976 kB
Mlocked:           13004 kB
SwapTotal:       1310716 kB
SwapFree:        1102068 kB
Dirty:               108 kB
Writeback:             0 kB
AnonPages:        802124 kB
Mapped:           335796 kB
Shmem:              1588 kB
Slab:             109532 kB
SReclaimable:      31100 kB
SUnreclaim:        78432 kB
KernelStack:       30688 kB
PageTables:        53588 kB
NFS_Unstable:          0 kB
Bounce:                0 kB
WritebackTmp:          0 kB
CommitLimit:     2684136 kB
Committed_AS:   133330728 kB
VmallocTotal:   251658176 kB
VmallocUsed:      334788 kB
VmallocChunk:   247561408 kB
Time pass: 377 sec

---2015-10-23 20:34:50
MemTotal:        2746844 kB
MemFree:          126100 kB
Buffers:           29416 kB
Cached:           653000 kB
SwapCached:         8552 kB
Active:           792132 kB
Inactive:         677240 kB
Active(anon):     410416 kB
Inactive(anon):   390596 kB
Active(file):     381716 kB
Inactive(file):   286644 kB
Unevictable:       20976 kB
Mlocked:           13004 kB
SwapTotal:       1310716 kB
SwapFree:        1102068 kB
Dirty:               108 kB
Writeback:             0 kB
AnonPages:        801984 kB
Mapped:           335760 kB
Shmem:              1588 kB
Slab:             109552 kB
SReclaimable:      31100 kB
SUnreclaim:        78452 kB
KernelStack:       30784 kB
PageTables:        53652 kB
NFS_Unstable:          0 kB
Bounce:                0 kB
WritebackTmp:          0 kB
CommitLimit:     2684136 kB
Committed_AS:   133330888 kB
VmallocTotal:   251658176 kB
VmallocUsed:      334788 kB
VmallocChunk:   247561408 kB
Time pass: 381 sec

---2015-10-23 20:34:50
MemTotal:        2746844 kB
MemFree:          125540 kB
Buffers:           29424 kB
