---2015-12-08 15:44:45
MemTotal:        2905316 kB
MemFree:          133572 kB
Buffers:           27336 kB
Cached:          1411256 kB
SwapCached:            0 kB
Active:          1247512 kB
Inactive:        1031156 kB
Active(anon):     724848 kB
Inactive(anon):   144524 kB
Active(file):     522664 kB
Inactive(file):   886632 kB
Unevictable:        7488 kB
Mlocked:               0 kB
SwapTotal:        720184 kB
SwapFree:         720184 kB
Dirty:               172 kB
Writeback:             0 kB
AnonPages:        847588 kB
Mapped:           494148 kB
Shmem:             21808 kB
Slab:             112324 kB
SReclaimable:      35844 kB
SUnreclaim:        76480 kB
KernelStack:       30720 kB
PageTables:        55740 kB
NFS_Unstable:          0 kB
Bounce:                0 kB
WritebackTmp:          0 kB
CommitLimit:     2172840 kB
Committed_AS:   93555236 kB
VmallocTotal:   251658176 kB
VmallocUsed:      135496 kB
VmallocChunk:   251429220 kB
Time pass: 3 sec

---2015-12-08 15:44:45
MemTotal:        2905316 kB
MemFree:          139056 kB
Buffers:           27344 kB
Cached:          1411344 kB
SwapCached:            0 kB
Active:          1241548 kB
Inactive:        1031224 kB
Active(anon):     718856 kB
Inactive(anon):   144532 kB
Active(file):     522692 kB
Inactive(file):   886692 kB
Unevictable:        7488 kB
Mlocked:               0 kB
SwapTotal:        720184 kB
SwapFree:         720184 kB
Dirty:                32 kB
Writeback:             0 kB
AnonPages:        841732 kB
Mapped:           494064 kB
Shmem:             21812 kB
Slab:             112260 kB
SReclaimable:      35844 kB
SUnreclaim:        76416 kB
KernelStack:       30720 kB
PageTables:        55796 kB
NFS_Unstable:          0 kB
Bounce:                0 kB
WritebackTmp:          0 kB
CommitLimit:     2172840 kB
Committed_AS:   93555404 kB
VmallocTotal:   251658176 kB
VmallocUsed:      136516 kB
VmallocChunk:   251429220 kB
Time pass: 7 sec

---2015-12-08 15:44:45
MemTotal:        2905316 kB
MemFree:          139764 kB
Buffers:           27344 kB
Cached:          1411788 kB
SwapCached:            0 kB
Active:          1240676 kB
Inactive:        1031588 kB
Active(anon):     717964 kB
Inactive(anon):   144532 kB
Active(file):     522712 kB
Inactive(file):   887056 kB
Unevictable:        7488 kB
Mlocked:               0 kB
SwapTotal:        720184 kB
SwapFree:         720184 kB
Dirty:               108 kB
Writeback:             0 kB
AnonPages:        840672 kB
Mapped:           494216 kB
Shmem:             21812 kB
Slab:             112368 kB
SReclaimable:      35860 kB
SUnreclaim:        76508 kB
KernelStack:       30752 kB
PageTables:        55848 kB
NFS_Unstable:          0 kB
Bounce:                0 kB
WritebackTmp:          0 kB
CommitLimit:     2172840 kB
Committed_AS:   93555364 kB
VmallocTotal:   251658176 kB
VmallocUsed:      136516 kB
VmallocChunk:   251429220 kB
Time pass: 10 sec

---2015-12-08 15:44:45
MemTotal:        2905316 kB
MemFree:          139604 kB
Buffers:           27352 kB
Cached:          1411836 kB
SwapCached:            0 kB
Active:          1241056 kB
Inactive:        1031692 kB
Active(anon):     718332 kB
Inactive(anon):   144532 kB
Active(file):     522724 kB
Inactive(file):   887160 kB
Unevictable:        7488 kB
Mlocked:               0 kB
SwapTotal:        720184 kB
SwapFree:         720184 kB
Dirty:                72 kB
Writeback:             0 kB
AnonPages:        841016 kB
Mapped:           494268 kB
Shmem:             21812 kB
Slab:             112564 kB
SReclaimable:      35876 kB
SUnreclaim:        76688 kB
KernelStack:       30704 kB
PageTables:        55844 kB
NFS_Unstable:          0 kB
Bounce:                0 kB
WritebackTmp:          0 kB
CommitLimit:     2172840 kB
Committed_AS:   93555284 kB
VmallocTotal:   251658176 kB
VmallocUsed:      136516 kB
VmallocChunk:   251429220 kB
Time pass: 14 sec

---2015-12-08 15:44:45
MemTotal:        2905316 kB
MemFree:          139040 kB
Buffers:           27368 kB
Cached:          1413256 kB
SwapCached:            0 kB
Active:          1240504 kB
Inactive:        1033084 kB
Active(anon):     717756 kB
Inactive(anon):   144532 kB
Active(file):     522748 kB
Inactive(file):   888552 kB
Unevictable:        7488 kB
Mlocked:               0 kB
SwapTotal:        720184 kB
SwapFree:         720184 kB
Dirty:               108 kB
Writeback:             0 kB
AnonPages:        840876 kB
Mapped:           494064 kB
Shmem:             21812 kB
Slab:             112888 kB
SReclaimable:      35876 kB
SUnreclaim:        77012 kB
KernelStack:       30576 kB
PageTables:        55340 kB
NFS_Unstable:          0 kB
Bounce:                0 kB
WritebackTmp:          0 kB
CommitLimit:     2172840 kB
Committed_AS:   92830512 kB
VmallocTotal:   251658176 kB
VmallocUsed:      135496 kB
VmallocChunk:   251429220 kB
Time pass: 18 sec

---2015-12-08 15:44:45
MemTotal:        2905316 kB
MemFree:           77064 kB
Buffers:           28896 kB
Cached:          1346648 kB
SwapCached:            0 kB
Active:          1270012 kB
Inactive:         971288 kB
Active(anon):     732768 kB
Inactive(anon):   162716 kB
Active(file):     537244 kB
Inactive(file):   808572 kB
Unevictable:        7488 kB
Mlocked:               0 kB
SwapTotal:        720184 kB
SwapFree:         720184 kB
Dirty:                80 kB
Writeback:             0 kB
AnonPages:        873896 kB
Mapped:           557540 kB
Shmem:             21948 kB
Slab:             113536 kB
SReclaimable:      36220 kB
SUnreclaim:        77316 kB
KernelStack:       31744 kB
PageTables:        56476 kB
NFS_Unstable:          0 kB
Bounce:                0 kB
WritebackTmp:          0 kB
CommitLimit:     2172840 kB
Committed_AS:   93645188 kB
VmallocTotal:   251658176 kB
VmallocUsed:      136928 kB
VmallocChunk:   251429220 kB
Time pass: 21 sec

---2015-12-08 15:44:45
MemTotal:        2905316 kB
MemFree:           79044 kB
Buffers:           28796 kB
Cached:          1308432 kB
SwapCached:            0 kB
Active:          1255320 kB
Inactive:         939884 kB
Active(anon):     717912 kB
Inactive(anon):   169500 kB
Active(file):     537408 kB
Inactive(file):   770384 kB
Unevictable:        7488 kB
Mlocked:               0 kB
SwapTotal:        720184 kB
SwapFree:         720184 kB
Dirty:               276 kB
Writeback:             0 kB
AnonPages:        865528 kB
Mapped:           580236 kB
Shmem:             21948 kB
Slab:             113756 kB
SReclaimable:      36188 kB
SUnreclaim:        77568 kB
KernelStack:       31728 kB
PageTables:        56408 kB
NFS_Unstable:          0 kB
Bounce:                0 kB
WritebackTmp:          0 kB
CommitLimit:     2172840 kB
Committed_AS:   93652076 kB
VmallocTotal:   251658176 kB
VmallocUsed:      137340 kB
VmallocChunk:   251429220 kB
Time pass: 25 sec

---2015-12-08 15:44:45
MemTotal:        2905316 kB
MemFree:           79728 kB
Buffers:           28812 kB
Cached:          1308436 kB
SwapCached:            0 kB
Active:          1254408 kB
Inactive:         939896 kB
Active(anon):     716996 kB
Inactive(anon):   169500 kB
Active(file):     537412 kB
Inactive(file):   770396 kB
Unevictable:        7488 kB
Mlocked:               0 kB
SwapTotal:        720184 kB
SwapFree:         720184 kB
Dirty:               112 kB
Writeback:             0 kB
AnonPages:        864556 kB
Mapped:           580252 kB
Shmem:             21948 kB
Slab:             114260 kB
SReclaimable:      36204 kB
SUnreclaim:        78056 kB
KernelStack:       31728 kB
PageTables:        56408 kB
NFS_Unstable:          0 kB
Bounce:                0 kB
WritebackTmp:          0 kB
CommitLimit:     2172840 kB
Committed_AS:   93652100 kB
VmallocTotal:   251658176 kB
VmallocUsed:      137340 kB
VmallocChunk:   251429220 kB
Time pass: 29 sec

---2015-12-08 15:44:45
MemTotal:        2905316 kB
MemFree:           78192 kB
Buffers:           29572 kB
Cached:          1308820 kB
SwapCached:            0 kB
Active:          1255768 kB
Inactive:         941032 kB
Active(anon):     718344 kB
Inactive(anon):   169320 kB
Active(file):     537424 kB
Inactive(file):   771712 kB
Unevictable:        7488 kB
Mlocked:               0 kB
SwapTotal:        720184 kB
SwapFree:         720184 kB
Dirty:                24 kB
Writeback:             0 kB
AnonPages:        866004 kB
Mapped:           580164 kB
Shmem:             21768 kB
Slab:             113868 kB
SReclaimable:      36220 kB
SUnreclaim:        77648 kB
KernelStack:       31728 kB
PageTables:        56272 kB
NFS_Unstable:          0 kB
Bounce:                0 kB
WritebackTmp:          0 kB
CommitLimit:     2172840 kB
Committed_AS:   93572268 kB
VmallocTotal:   251658176 kB
VmallocUsed:      137340 kB
VmallocChunk:   251429220 kB
Time pass: 33 sec

---2015-12-08 15:44:45
MemTotal:        2905316 kB
MemFree:           78260 kB
Buffers:           29580 kB
Cached:          1308844 kB
SwapCached:            0 kB
Active:          1256216 kB
Inactive:         941040 kB
Active(anon):     718784 kB
Inactive(anon):   169320 kB
Active(file):     537432 kB
Inactive(file):   771720 kB
Unevictable:        7488 kB
Mlocked:               0 kB
SwapTotal:        720184 kB
SwapFree:         720184 kB
Dirty:                20 kB
Writeback:             0 kB
AnonPages:        866472 kB
Mapped:           580256 kB
Shmem:             21768 kB
Slab:             113848 kB
SReclaimable:      36220 kB
SUnreclaim:        77628 kB
KernelStack:       31760 kB
PageTables:        56300 kB
NFS_Unstable:          0 kB
Bounce:                0 kB
WritebackTmp:          0 kB
CommitLimit:     2172840 kB
Committed_AS:   93572244 kB
VmallocTotal:   251658176 kB
VmallocUsed:      137340 kB
VmallocChunk:   251429220 kB
Time pass: 37 sec

---2015-12-08 15:44:45
MemTotal:        2905316 kB
MemFree:           62464 kB
Buffers:           29836 kB
Cached:          1278708 kB
SwapCached:            0 kB
Active:          1292396 kB
Inactive:         918756 kB
Active(anon):     753996 kB
Inactive(anon):   178412 kB
Active(file):     538400 kB
Inactive(file):   740344 kB
Unevictable:        7488 kB
Mlocked:               0 kB
SwapTotal:        720184 kB
SwapFree:         720184 kB
Dirty:               300 kB
Writeback:             4 kB
AnonPages:        911284 kB
Mapped:           624392 kB
Shmem:             21896 kB
Slab:             114168 kB
SReclaimable:      36300 kB
SUnreclaim:        77868 kB
KernelStack:       32976 kB
PageTables:        58112 kB
NFS_Unstable:          0 kB
Bounce:                0 kB
WritebackTmp:          0 kB
CommitLimit:     2172840 kB
Committed_AS:   96826252 kB
VmallocTotal:   251658176 kB
VmallocUsed:      140536 kB
VmallocChunk:   251429220 kB
Time pass: 40 sec

---2015-12-08 15:44:45
MemTotal:        2905316 kB
MemFree:           73684 kB
Buffers:           28400 kB
Cached:          1219076 kB
SwapCached:            0 kB
Active:          1293288 kB
Inactive:         864668 kB
Active(anon):     749940 kB
Inactive(anon):   189932 kB
Active(file):     543348 kB
Inactive(file):   674736 kB
Unevictable:        7488 kB
Mlocked:               0 kB
SwapTotal:        720184 kB
SwapFree:         720184 kB
Dirty:               980 kB
Writeback:             0 kB
AnonPages:        917936 kB
Mapped:           635040 kB
Shmem:             21900 kB
Slab:             114212 kB
SReclaimable:      36284 kB
SUnreclaim:        77928 kB
KernelStack:       34112 kB
PageTables:        57152 kB
NFS_Unstable:          0 kB
Bounce:                0 kB
WritebackTmp:          0 kB
CommitLimit:     2172840 kB
Committed_AS:   94154552 kB
VmallocTotal:   251658176 kB
VmallocUsed:      137732 kB
VmallocChunk:   251429220 kB
Time pass: 44 sec

---2015-12-08 15:44:45
MemTotal:        2905316 kB
MemFree:           74120 kB
Buffers:           28416 kB
Cached:          1220748 kB
SwapCached:            0 kB
Active:          1285756 kB
Inactive:         866312 kB
Active(anon):     742380 kB
Inactive(anon):   189932 kB
Active(file):     543376 kB
Inactive(file):   676380 kB
Unevictable:        7488 kB
Mlocked:               0 kB
SwapTotal:        720184 kB
SwapFree:         720184 kB
Dirty:                24 kB
Writeback:             0 kB
AnonPages:        910724 kB
Mapped:           640856 kB
Shmem:             21900 kB
Slab:             114288 kB
SReclaimable:      36204 kB
SUnreclaim:        78084 kB
KernelStack:       34112 kB
PageTables:        57212 kB
NFS_Unstable:          0 kB
Bounce:                0 kB
WritebackTmp:          0 kB
CommitLimit:     2172840 kB
Committed_AS:   94164964 kB
VmallocTotal:   251658176 kB
VmallocUsed:      137780 kB
VmallocChunk:   251429220 kB
Time pass: 48 sec

---2015-12-08 15:44:45
MemTotal:        2905316 kB
MemFree:           71900 kB
Buffers:           26604 kB
Cached:          1160012 kB
SwapCached:            0 kB
Active:          1323216 kB
Inactive:         794400 kB
Active(anon):     768148 kB
Inactive(anon):   192240 kB
Active(file):     555068 kB
Inactive(file):   602160 kB
Unevictable:        7488 kB
Mlocked:               0 kB
SwapTotal:        720184 kB
SwapFree:         720184 kB
Dirty:               932 kB
Writeback:             0 kB
AnonPages:        938840 kB
Mapped:           690032 kB
Shmem:             21904 kB
Slab:             113940 kB
SReclaimable:      35964 kB
SUnreclaim:        77976 kB
KernelStack:       34288 kB
PageTables:        57276 kB
NFS_Unstable:          0 kB
Bounce:                0 kB
WritebackTmp:          0 kB
CommitLimit:     2172840 kB
Committed_AS:   94179896 kB
VmallocTotal:   251658176 kB
VmallocUsed:      138112 kB
VmallocChunk:   251429220 kB
Time pass: 51 sec

---2015-12-08 15:44:45
MemTotal:        2905316 kB
MemFree:           68572 kB
Buffers:           26656 kB
Cached:          1165332 kB
SwapCached:            0 kB
Active:          1311744 kB
Inactive:         799700 kB
Active(anon):     756652 kB
Inactive(anon):   192360 kB
Active(file):     555092 kB
Inactive(file):   607340 kB
Unevictable:        7488 kB
Mlocked:               0 kB
SwapTotal:        720184 kB
SwapFree:         720184 kB
Dirty:               972 kB
Writeback:             0 kB
AnonPages:        927408 kB
Mapped:           700744 kB
Shmem:             21900 kB
Slab:             114192 kB
SReclaimable:      35964 kB
SUnreclaim:        78228 kB
KernelStack:       34512 kB
PageTables:        57356 kB
NFS_Unstable:          0 kB
Bounce:                0 kB
WritebackTmp:          0 kB
CommitLimit:     2172840 kB
Committed_AS:   94171724 kB
VmallocTotal:   251658176 kB
VmallocUsed:      138196 kB
VmallocChunk:   251429220 kB
Time pass: 55 sec

---2015-12-08 15:44:45
MemTotal:        2905316 kB
MemFree:           67776 kB
Buffers:           26656 kB
Cached:          1165376 kB
SwapCached:            0 kB
Active:          1312160 kB
Inactive:         799880 kB
Active(anon):     757052 kB
Inactive(anon):   192356 kB
Active(file):     555108 kB
Inactive(file):   607524 kB
Unevictable:        7488 kB
Mlocked:               0 kB
SwapTotal:        720184 kB
SwapFree:         720184 kB
Dirty:                32 kB
Writeback:             0 kB
AnonPages:        927520 kB
Mapped:           700796 kB
Shmem:             21904 kB
Slab:             114200 kB
SReclaimable:      36108 kB
SUnreclaim:        78092 kB
KernelStack:       34512 kB
PageTables:        57340 kB
NFS_Unstable:          0 kB
Bounce:                0 kB
WritebackTmp:          0 kB
CommitLimit:     2172840 kB
Committed_AS:   94171648 kB
VmallocTotal:   251658176 kB
VmallocUsed:      138196 kB
VmallocChunk:   251429220 kB
Time pass: 59 sec

---2015-12-08 15:44:45
MemTotal:        2905316 kB
MemFree:           67264 kB
Buffers:           26544 kB
Cached:          1148944 kB
SwapCached:            0 kB
Active:          1315092 kB
Inactive:         782512 kB
Active(anon):     759204 kB
Inactive(anon):   192416 kB
Active(file):     555888 kB
Inactive(file):   590096 kB
Unevictable:        7488 kB
Mlocked:               0 kB
SwapTotal:        720184 kB
SwapFree:         720184 kB
Dirty:               164 kB
Writeback:             0 kB
AnonPages:        929616 kB
Mapped:           709792 kB
Shmem:             21964 kB
Slab:             114072 kB
SReclaimable:      36028 kB
SUnreclaim:        78044 kB
KernelStack:       34512 kB
PageTables:        57432 kB
NFS_Unstable:          0 kB
Bounce:                0 kB
WritebackTmp:          0 kB
CommitLimit:     2172840 kB
Committed_AS:   94199224 kB
VmallocTotal:   251658176 kB
VmallocUsed:      138296 kB
VmallocChunk:   251429220 kB
Time pass: 63 sec

---2015-12-08 15:44:45
MemTotal:        2905316 kB
MemFree:           66960 kB
Buffers:           26552 kB
Cached:          1148980 kB
SwapCached:            0 kB
Active:          1314964 kB
Inactive:         782544 kB
Active(anon):     759064 kB
Inactive(anon):   192416 kB
Active(file):     555900 kB
Inactive(file):   590128 kB
Unevictable:        7488 kB
Mlocked:               0 kB
SwapTotal:        720184 kB
SwapFree:         720184 kB
Dirty:                12 kB
Writeback:             0 kB
AnonPages:        929672 kB
Mapped:           709860 kB
Shmem:             21964 kB
Slab:             114104 kB
SReclaimable:      36060 kB
SUnreclaim:        78044 kB
KernelStack:       34512 kB
PageTables:        57460 kB
NFS_Unstable:          0 kB
Bounce:                0 kB
WritebackTmp:          0 kB
CommitLimit:     2172840 kB
Committed_AS:   94199240 kB
VmallocTotal:   251658176 kB
VmallocUsed:      138296 kB
VmallocChunk:   251429220 kB
Time pass: 67 sec

---2015-12-08 15:44:45
MemTotal:        2905316 kB
MemFree:           76484 kB
Buffers:           26284 kB
Cached:          1111828 kB
SwapCached:            0 kB
Active:          1317744 kB
Inactive:         744384 kB
Active(anon):     765236 kB
Inactive(anon):   193168 kB
Active(file):     552508 kB
Inactive(file):   551216 kB
Unevictable:       12448 kB
Mlocked:               0 kB
SwapTotal:        720184 kB
SwapFree:         720156 kB
Dirty:               572 kB
Writeback:             0 kB
AnonPages:        936716 kB
Mapped:           717532 kB
Shmem:             21936 kB
Slab:             114188 kB
SReclaimable:      36044 kB
SUnreclaim:        78144 kB
KernelStack:       34528 kB
PageTables:        57344 kB
NFS_Unstable:          0 kB
Bounce:                0 kB
WritebackTmp:          0 kB
CommitLimit:     2172840 kB
Committed_AS:   94211248 kB
VmallocTotal:   251658176 kB
VmallocUsed:      138484 kB
VmallocChunk:   251429220 kB
Time pass: 71 sec

---2015-12-08 15:44:45
MemTotal:        2905316 kB
MemFree:           65896 kB
Buffers:           26332 kB
Cached:          1110456 kB
SwapCached:            0 kB
Active:          1328260 kB
Inactive:         744972 kB
Active(anon):     777292 kB
Inactive(anon):   193540 kB
Active(file):     550968 kB
Inactive(file):   551432 kB
Unevictable:       12452 kB
Mlocked:               0 kB
SwapTotal:        720184 kB
SwapFree:         720156 kB
Dirty:               448 kB
Writeback:             0 kB
AnonPages:        948888 kB
Mapped:           721456 kB
Shmem:             21936 kB
Slab:             114260 kB
SReclaimable:      36108 kB
SUnreclaim:        78152 kB
KernelStack:       34656 kB
PageTables:        57384 kB
NFS_Unstable:          0 kB
Bounce:                0 kB
WritebackTmp:          0 kB
CommitLimit:     2172840 kB
Committed_AS:   94218624 kB
VmallocTotal:   251658176 kB
VmallocUsed:      138484 kB
VmallocChunk:   251429220 kB
Time pass: 74 sec

---2015-12-08 15:44:45
MemTotal:        2905316 kB
MemFree:           65164 kB
Buffers:           26316 kB
Cached:          1098532 kB
SwapCached:            0 kB
Active:          1332232 kB
Inactive:         742136 kB
Active(anon):     787128 kB
Inactive(anon):   196920 kB
Active(file):     545104 kB
Inactive(file):   545216 kB
Unevictable:       12456 kB
Mlocked:               0 kB
SwapTotal:        720184 kB
SwapFree:         720156 kB
Dirty:                20 kB
Writeback:             0 kB
AnonPages:        962036 kB
Mapped:           721892 kB
Shmem:             22072 kB
Slab:             114420 kB
SReclaimable:      36124 kB
SUnreclaim:        78296 kB
KernelStack:       34912 kB
PageTables:        57640 kB
NFS_Unstable:          0 kB
Bounce:                0 kB
WritebackTmp:          0 kB
CommitLimit:     2172840 kB
Committed_AS:   94262172 kB
VmallocTotal:   251658176 kB
VmallocUsed:      140932 kB
VmallocChunk:   251429220 kB
Time pass: 78 sec

---2015-12-08 15:44:45
MemTotal:        2905316 kB
MemFree:           76628 kB
Buffers:           25992 kB
Cached:          1054308 kB
SwapCached:            0 kB
Active:          1309968 kB
Inactive:         720408 kB
Active(anon):     787480 kB
Inactive(anon):   197320 kB
Active(file):     522488 kB
Inactive(file):   523088 kB
Unevictable:       12456 kB
Mlocked:               0 kB
SwapTotal:        720184 kB
SwapFree:         720156 kB
Dirty:               104 kB
Writeback:             0 kB
AnonPages:        962696 kB
Mapped:           718724 kB
Shmem:             22268 kB
Slab:             114356 kB
SReclaimable:      35964 kB
SUnreclaim:        78392 kB
KernelStack:       34928 kB
PageTables:        57792 kB
NFS_Unstable:          0 kB
Bounce:                0 kB
WritebackTmp:          0 kB
CommitLimit:     2172840 kB
Committed_AS:   94262416 kB
VmallocTotal:   251658176 kB
VmallocUsed:      140932 kB
VmallocChunk:   251429220 kB
Time pass: 82 sec

---2015-12-08 15:44:45
MemTotal:        2905316 kB
MemFree:           74948 kB
Buffers:           26016 kB
Cached:          1054392 kB
SwapCached:            0 kB
Active:          1311616 kB
Inactive:         720524 kB
Active(anon):     789084 kB
Inactive(anon):   197372 kB
Active(file):     522532 kB
Inactive(file):   523152 kB
Unevictable:       12456 kB
Mlocked:               0 kB
SwapTotal:        720184 kB
SwapFree:         720156 kB
Dirty:               172 kB
Writeback:             0 kB
AnonPages:        964184 kB
Mapped:           718744 kB
Shmem:             22268 kB
Slab:             114396 kB
SReclaimable:      36060 kB
SUnreclaim:        78336 kB
KernelStack:       34864 kB
PageTables:        57780 kB
NFS_Unstable:          0 kB
Bounce:                0 kB
WritebackTmp:          0 kB
CommitLimit:     2172840 kB
Committed_AS:   94262872 kB
VmallocTotal:   251658176 kB
VmallocUsed:      140932 kB
VmallocChunk:   251429220 kB
Time pass: 86 sec

---2015-12-08 15:44:45
MemTotal:        2905316 kB
MemFree:           73044 kB
Buffers:           26036 kB
Cached:          1054628 kB
SwapCached:            0 kB
Active:          1312896 kB
Inactive:         720752 kB
Active(anon):     790336 kB
Inactive(anon):   197596 kB
Active(file):     522560 kB
Inactive(file):   523156 kB
Unevictable:       12456 kB
Mlocked:               0 kB
SwapTotal:        720184 kB
SwapFree:         720156 kB
Dirty:                60 kB
Writeback:             0 kB
AnonPages:        965160 kB
Mapped:           718972 kB
Shmem:             22492 kB
Slab:             114388 kB
SReclaimable:      36060 kB
SUnreclaim:        78328 kB
KernelStack:       34896 kB
PageTables:        57804 kB
NFS_Unstable:          0 kB
Bounce:                0 kB
WritebackTmp:          0 kB
CommitLimit:     2172840 kB
Committed_AS:   94265736 kB
VmallocTotal:   251658176 kB
VmallocUsed:      140932 kB
VmallocChunk:   251429220 kB
Time pass: 90 sec

---2015-12-08 15:44:45
MemTotal:        2905316 kB
MemFree:           71224 kB
Buffers:           26056 kB
Cached:          1055184 kB
SwapCached:            0 kB
Active:          1314300 kB
Inactive:         721168 kB
Active(anon):     791584 kB
Inactive(anon):   197664 kB
Active(file):     522716 kB
Inactive(file):   523504 kB
Unevictable:       12456 kB
Mlocked:               0 kB
SwapTotal:        720184 kB
SwapFree:         720156 kB
Dirty:                64 kB
Writeback:             0 kB
AnonPages:        966608 kB
Mapped:           719136 kB
Shmem:             22564 kB
Slab:             114544 kB
SReclaimable:      36064 kB
SUnreclaim:        78480 kB
KernelStack:       34912 kB
PageTables:        57848 kB
NFS_Unstable:          0 kB
Bounce:                0 kB
WritebackTmp:          0 kB
CommitLimit:     2172840 kB
Committed_AS:   94292376 kB
VmallocTotal:   251658176 kB
VmallocUsed:      140932 kB
VmallocChunk:   251429220 kB
Time pass: 93 sec

---2015-12-08 15:44:45
MemTotal:        2905316 kB
MemFree:           69836 kB
Buffers:           26068 kB
Cached:          1055268 kB
SwapCached:            0 kB
Active:          1315744 kB
Inactive:         721192 kB
Active(anon):     792960 kB
Inactive(anon):   197660 kB
Active(file):     522784 kB
Inactive(file):   523532 kB
Unevictable:       12456 kB
Mlocked:               0 kB
SwapTotal:        720184 kB
SwapFree:         720156 kB
Dirty:                88 kB
Writeback:             0 kB
AnonPages:        968000 kB
Mapped:           719160 kB
Shmem:             22564 kB
Slab:             114532 kB
SReclaimable:      36064 kB
SUnreclaim:        78468 kB
KernelStack:       34912 kB
PageTables:        57848 kB
NFS_Unstable:          0 kB
Bounce:                0 kB
WritebackTmp:          0 kB
CommitLimit:     2172840 kB
Committed_AS:   94292340 kB
VmallocTotal:   251658176 kB
VmallocUsed:      140932 kB
VmallocChunk:   251429220 kB
Time pass: 97 sec

---2015-12-08 15:44:45
MemTotal:        2905316 kB
MemFree:           86684 kB
Buffers:           26084 kB
Cached:          1052576 kB
SwapCached:            0 kB
Active:          1301692 kB
Inactive:         720684 kB
Active(anon):     779740 kB
Inactive(anon):   198428 kB
Active(file):     521952 kB
Inactive(file):   522256 kB
Unevictable:       12456 kB
Mlocked:               0 kB
SwapTotal:        720184 kB
SwapFree:         720156 kB
Dirty:               296 kB
Writeback:             0 kB
AnonPages:        956080 kB
Mapped:           717560 kB
Shmem:             21996 kB
Slab:             114472 kB
SReclaimable:      35920 kB
SUnreclaim:        78552 kB
KernelStack:       34464 kB
PageTables:        57552 kB
NFS_Unstable:          0 kB
Bounce:                0 kB
WritebackTmp:          0 kB
CommitLimit:     2172840 kB
Committed_AS:   94264364 kB
VmallocTotal:   251658176 kB
VmallocUsed:      140932 kB
VmallocChunk:   251429220 kB
Time pass: 101 sec

---2015-12-08 15:44:45
MemTotal:        2905316 kB
MemFree:          335292 kB
Buffers:           26184 kB
Cached:          1054200 kB
SwapCached:            0 kB
Active:          1229656 kB
Inactive:         720768 kB
Active(anon):     705988 kB
Inactive(anon):   198672 kB
Active(file):     523668 kB
Inactive(file):   522096 kB
Unevictable:       12456 kB
Mlocked:               0 kB
SwapTotal:        720184 kB
SwapFree:         720156 kB
Dirty:              1308 kB
Writeback:             0 kB
AnonPages:        882700 kB
Mapped:           532900 kB
Shmem:             22244 kB
Slab:             114248 kB
SReclaimable:      35920 kB
SUnreclaim:        78328 kB
KernelStack:       32976 kB
PageTables:        55452 kB
NFS_Unstable:          0 kB
Bounce:                0 kB
WritebackTmp:          0 kB
CommitLimit:     2172840 kB
Committed_AS:   93439072 kB
VmallocTotal:   251658176 kB
VmallocUsed:      138384 kB
VmallocChunk:   251429220 kB
Time pass: 104 sec

---2015-12-08 15:44:45
MemTotal:        2905316 kB
MemFree:          230092 kB
Buffers:           26708 kB
Cached:          1055268 kB
SwapCached:            0 kB
Active:          1255172 kB
Inactive:         721596 kB
Active(anon):     730828 kB
Inactive(anon):   198804 kB
Active(file):     524344 kB
Inactive(file):   522792 kB
Unevictable:       12456 kB
Mlocked:               0 kB
SwapTotal:        720184 kB
SwapFree:         720156 kB
Dirty:               984 kB
Writeback:             0 kB
AnonPages:        907780 kB
Mapped:           615816 kB
Shmem:             22384 kB
Slab:             114356 kB
SReclaimable:      35920 kB
SUnreclaim:        78436 kB
KernelStack:       34000 kB
PageTables:        56344 kB
NFS_Unstable:          0 kB
Bounce:                0 kB
WritebackTmp:          0 kB
CommitLimit:     2172840 kB
Committed_AS:   93491588 kB
VmallocTotal:   251658176 kB
VmallocUsed:      139052 kB
VmallocChunk:   251429220 kB
Time pass: 108 sec

---2015-12-08 15:44:45
MemTotal:        2905316 kB
MemFree:          146600 kB
Buffers:           26740 kB
Cached:          1057412 kB
SwapCached:            0 kB
Active:          1278384 kB
Inactive:         722552 kB
Active(anon):     752844 kB
Inactive(anon):   198800 kB
Active(file):     525540 kB
Inactive(file):   523752 kB
Unevictable:       12456 kB
Mlocked:               0 kB
SwapTotal:        720184 kB
SwapFree:         720156 kB
Dirty:              1020 kB
Writeback:             0 kB
AnonPages:        929480 kB
Mapped:           655184 kB
Shmem:             22376 kB
Slab:             114368 kB
SReclaimable:      35956 kB
SUnreclaim:        78412 kB
KernelStack:       34048 kB
PageTables:        56496 kB
NFS_Unstable:          0 kB
Bounce:                0 kB
WritebackTmp:          0 kB
CommitLimit:     2172840 kB
Committed_AS:   93500548 kB
VmallocTotal:   251658176 kB
VmallocUsed:      139480 kB
VmallocChunk:   251429220 kB
Time pass: 112 sec

---2015-12-08 15:44:45
MemTotal:        2905316 kB
MemFree:          144172 kB
Buffers:           26748 kB
Cached:          1057332 kB
SwapCached:            0 kB
Active:          1271156 kB
Inactive:         722588 kB
Active(anon):     745704 kB
Inactive(anon):   198804 kB
Active(file):     525452 kB
Inactive(file):   523784 kB
Unevictable:       12456 kB
Mlocked:               0 kB
SwapTotal:        720184 kB
SwapFree:         720156 kB
Dirty:               944 kB
Writeback:             4 kB
AnonPages:        922308 kB
Mapped:           663632 kB
Shmem:             22384 kB
Slab:             114328 kB
SReclaimable:      35956 kB
SUnreclaim:        78372 kB
KernelStack:       34096 kB
PageTables:        56552 kB
NFS_Unstable:          0 kB
Bounce:                0 kB
WritebackTmp:          0 kB
CommitLimit:     2172840 kB
Committed_AS:   93500536 kB
VmallocTotal:   251658176 kB
VmallocUsed:      137136 kB
VmallocChunk:   251429220 kB
Time pass: 115 sec

---2015-12-08 15:44:45
MemTotal:        2905316 kB
MemFree:          124756 kB
Buffers:           26748 kB
Cached:          1057492 kB
SwapCached:            0 kB
Active:          1272952 kB
Inactive:         722520 kB
Active(anon):     747272 kB
Inactive(anon):   198804 kB
Active(file):     525680 kB
Inactive(file):   523716 kB
Unevictable:       12456 kB
Mlocked:               0 kB
SwapTotal:        720184 kB
SwapFree:         720156 kB
Dirty:               164 kB
Writeback:             0 kB
AnonPages:        923700 kB
Mapped:           673484 kB
Shmem:             22384 kB
Slab:             114400 kB
SReclaimable:      35956 kB
SUnreclaim:        78444 kB
KernelStack:       34080 kB
PageTables:        56576 kB
NFS_Unstable:          0 kB
Bounce:                0 kB
WritebackTmp:          0 kB
CommitLimit:     2172840 kB
Committed_AS:   93500632 kB
VmallocTotal:   251658176 kB
VmallocUsed:      137256 kB
VmallocChunk:   251429220 kB
Time pass: 119 sec

---2015-12-08 15:44:45
MemTotal:        2905316 kB
MemFree:           95400 kB
Buffers:           26756 kB
Cached:          1057580 kB
SwapCached:            0 kB
Active:          1280296 kB
Inactive:         722556 kB
Active(anon):     754556 kB
Inactive(anon):   198804 kB
Active(file):     525740 kB
Inactive(file):   523752 kB
Unevictable:       12456 kB
Mlocked:               0 kB
SwapTotal:        720184 kB
SwapFree:         720156 kB
Dirty:               628 kB
Writeback:             0 kB
AnonPages:        931320 kB
Mapped:           685352 kB
Shmem:             22388 kB
Slab:             114400 kB
SReclaimable:      35956 kB
SUnreclaim:        78444 kB
KernelStack:       34064 kB
PageTables:        56540 kB
NFS_Unstable:          0 kB
Bounce:                0 kB
WritebackTmp:          0 kB
CommitLimit:     2172840 kB
Committed_AS:   93510016 kB
VmallocTotal:   251658176 kB
VmallocUsed:      137416 kB
VmallocChunk:   251429220 kB
Time pass: 123 sec

---2015-12-08 15:44:45
MemTotal:        2905316 kB
MemFree:           94916 kB
Buffers:           26764 kB
Cached:          1057652 kB
SwapCached:            0 kB
Active:          1279876 kB
Inactive:         722624 kB
Active(anon):     754128 kB
Inactive(anon):   198864 kB
Active(file):     525748 kB
Inactive(file):   523760 kB
Unevictable:       12456 kB
Mlocked:               0 kB
SwapTotal:        720184 kB
SwapFree:         720156 kB
Dirty:               232 kB
Writeback:             0 kB
AnonPages:        930568 kB
Mapped:           686004 kB
Shmem:             22444 kB
Slab:             114412 kB
SReclaimable:      35956 kB
SUnreclaim:        78456 kB
KernelStack:       34080 kB
PageTables:        56604 kB
NFS_Unstable:          0 kB
Bounce:                0 kB
WritebackTmp:          0 kB
CommitLimit:     2172840 kB
Committed_AS:   93528504 kB
VmallocTotal:   251658176 kB
VmallocUsed:      137428 kB
VmallocChunk:   251429220 kB
Time pass: 126 sec

---2015-12-08 15:44:45
MemTotal:        2905316 kB
MemFree:           95184 kB
Buffers:           26772 kB
Cached:          1057644 kB
SwapCached:            0 kB
Active:          1279484 kB
Inactive:         722628 kB
Active(anon):     753732 kB
Inactive(anon):   198864 kB
Active(file):     525752 kB
Inactive(file):   523764 kB
Unevictable:       12456 kB
Mlocked:               0 kB
SwapTotal:        720184 kB
SwapFree:         720156 kB
Dirty:                 4 kB
Writeback:             0 kB
AnonPages:        930428 kB
Mapped:           686008 kB
Shmem:             22444 kB
Slab:             114376 kB
SReclaimable:      35956 kB
SUnreclaim:        78420 kB
KernelStack:       34096 kB
PageTables:        56604 kB
NFS_Unstable:          0 kB
Bounce:                0 kB
WritebackTmp:          0 kB
CommitLimit:     2172840 kB
Committed_AS:   93528536 kB
VmallocTotal:   251658176 kB
VmallocUsed:      137428 kB
VmallocChunk:   251429220 kB
Time pass: 130 sec

---2015-12-08 15:44:45
MemTotal:        2905316 kB
MemFree:           91044 kB
Buffers:           26772 kB
Cached:          1057796 kB
SwapCached:            0 kB
Active:          1281120 kB
Inactive:         722720 kB
Active(anon):     755344 kB
Inactive(anon):   198864 kB
Active(file):     525776 kB
Inactive(file):   523856 kB
Unevictable:       12456 kB
Mlocked:               0 kB
SwapTotal:        720184 kB
SwapFree:         720156 kB
Dirty:               116 kB
Writeback:             0 kB
AnonPages:        931636 kB
Mapped:           687572 kB
Shmem:             22444 kB
Slab:             114520 kB
SReclaimable:      35956 kB
SUnreclaim:        78564 kB
KernelStack:       34080 kB
PageTables:        56604 kB
NFS_Unstable:          0 kB
Bounce:                0 kB
WritebackTmp:          0 kB
CommitLimit:     2172840 kB
Committed_AS:   93528688 kB
VmallocTotal:   251658176 kB
VmallocUsed:      137440 kB
VmallocChunk:   251429220 kB
Time pass: 134 sec

---2015-12-08 15:44:45
MemTotal:        2905316 kB
MemFree:           80288 kB
Buffers:           26804 kB
Cached:          1058036 kB
SwapCached:            0 kB
Active:          1291824 kB
Inactive:         721988 kB
Active(anon):     765020 kB
Inactive(anon):   198984 kB
Active(file):     526804 kB
Inactive(file):   523004 kB
Unevictable:       12456 kB
Mlocked:               0 kB
SwapTotal:        720184 kB
SwapFree:         720156 kB
Dirty:               160 kB
Writeback:             0 kB
AnonPages:        941588 kB
Mapped:           691196 kB
Shmem:             22576 kB
Slab:             114500 kB
SReclaimable:      35956 kB
SUnreclaim:        78544 kB
KernelStack:       34448 kB
PageTables:        56808 kB
NFS_Unstable:          0 kB
Bounce:                0 kB
WritebackTmp:          0 kB
CommitLimit:     2172840 kB
Committed_AS:   93567648 kB
VmallocTotal:   251658176 kB
VmallocUsed:      139888 kB
VmallocChunk:   251429220 kB
Time pass: 138 sec

---2015-12-08 15:44:45
MemTotal:        2905316 kB
MemFree:           80228 kB
Buffers:           26804 kB
Cached:          1058072 kB
SwapCached:            0 kB
Active:          1290816 kB
Inactive:         722008 kB
Active(anon):     763992 kB
Inactive(anon):   199012 kB
Active(file):     526824 kB
Inactive(file):   522996 kB
Unevictable:       12456 kB
Mlocked:               0 kB
SwapTotal:        720184 kB
SwapFree:         720156 kB
Dirty:                 4 kB
Writeback:             0 kB
AnonPages:        940524 kB
Mapped:           691296 kB
Shmem:             22600 kB
Slab:             114548 kB
SReclaimable:      35972 kB
SUnreclaim:        78576 kB
KernelStack:       34432 kB
PageTables:        56828 kB
NFS_Unstable:          0 kB
Bounce:                0 kB
WritebackTmp:          0 kB
CommitLimit:     2172840 kB
Committed_AS:   93567620 kB
VmallocTotal:   251658176 kB
VmallocUsed:      139888 kB
VmallocChunk:   251429220 kB
Time pass: 142 sec

---2015-12-08 15:44:45
MemTotal:        2905316 kB
MemFree:           78872 kB
Buffers:           26812 kB
Cached:          1058120 kB
SwapCached:            0 kB
Active:          1292060 kB
Inactive:         722052 kB
Active(anon):     765224 kB
Inactive(anon):   199024 kB
Active(file):     526836 kB
Inactive(file):   523028 kB
Unevictable:       12456 kB
Mlocked:               0 kB
SwapTotal:        720184 kB
SwapFree:         720156 kB
Dirty:                76 kB
Writeback:             0 kB
AnonPages:        941628 kB
Mapped:           691312 kB
Shmem:             22612 kB
Slab:             114536 kB
SReclaimable:      35972 kB
SUnreclaim:        78564 kB
KernelStack:       34400 kB
PageTables:        56824 kB
NFS_Unstable:          0 kB
Bounce:                0 kB
WritebackTmp:          0 kB
CommitLimit:     2172840 kB
Committed_AS:   93567608 kB
VmallocTotal:   251658176 kB
VmallocUsed:      139888 kB
VmallocChunk:   251429220 kB
Time pass: 146 sec

---2015-12-08 15:44:45
MemTotal:        2905316 kB
MemFree:           78348 kB
Buffers:           26820 kB
Cached:          1058136 kB
SwapCached:            0 kB
Active:          1292324 kB
Inactive:         722076 kB
Active(anon):     765488 kB
Inactive(anon):   199036 kB
Active(file):     526836 kB
Inactive(file):   523040 kB
Unevictable:       12456 kB
Mlocked:               0 kB
SwapTotal:        720184 kB
SwapFree:         720156 kB
Dirty:                40 kB
Writeback:             0 kB
AnonPages:        941980 kB
Mapped:           691360 kB
Shmem:             22624 kB
Slab:             114536 kB
SReclaimable:      35972 kB
SUnreclaim:        78564 kB
KernelStack:       34432 kB
PageTables:        56848 kB
NFS_Unstable:          0 kB
Bounce:                0 kB
WritebackTmp:          0 kB
CommitLimit:     2172840 kB
Committed_AS:   93567840 kB
VmallocTotal:   251658176 kB
VmallocUsed:      139888 kB
VmallocChunk:   251429220 kB
Time pass: 149 sec

---2015-12-08 15:44:45
MemTotal:        2905316 kB
MemFree:           66788 kB
Buffers:           26832 kB
Cached:          1062396 kB
SwapCached:            0 kB
Active:          1298608 kB
Inactive:         726316 kB
Active(anon):     771756 kB
Inactive(anon):   199096 kB
Active(file):     526852 kB
Inactive(file):   527220 kB
Unevictable:       12456 kB
Mlocked:               0 kB
SwapTotal:        720184 kB
SwapFree:         720156 kB
Dirty:                12 kB
Writeback:             0 kB
AnonPages:        948504 kB
Mapped:           692480 kB
Shmem:             22700 kB
Slab:             114528 kB
SReclaimable:      35972 kB
SUnreclaim:        78556 kB
KernelStack:       34480 kB
PageTables:        56864 kB
NFS_Unstable:          0 kB
Bounce:                0 kB
WritebackTmp:          0 kB
CommitLimit:     2172840 kB
Committed_AS:   93601812 kB
VmallocTotal:   251658176 kB
VmallocUsed:      139888 kB
VmallocChunk:   251429220 kB
Time pass: 153 sec

---2015-12-08 15:44:45
MemTotal:        2905316 kB
MemFree:           63604 kB
Buffers:           26816 kB
Cached:          1057380 kB
SwapCached:            0 kB
Active:          1308924 kB
Inactive:         723748 kB
Active(anon):     784520 kB
Inactive(anon):   199100 kB
Active(file):     524404 kB
Inactive(file):   524648 kB
Unevictable:       12456 kB
Mlocked:               0 kB
SwapTotal:        720184 kB
SwapFree:         720156 kB
Dirty:                 4 kB
Writeback:             0 kB
AnonPages:        960992 kB
Mapped:           691608 kB
Shmem:             22688 kB
Slab:             114452 kB
SReclaimable:      35924 kB
SUnreclaim:        78528 kB
KernelStack:       34496 kB
PageTables:        56924 kB
NFS_Unstable:          0 kB
Bounce:                0 kB
WritebackTmp:          0 kB
CommitLimit:     2172840 kB
Committed_AS:   93615684 kB
VmallocTotal:   251658176 kB
VmallocUsed:      139888 kB
VmallocChunk:   251429220 kB
Time pass: 157 sec

---2015-12-08 15:44:45
MemTotal:        2905316 kB
MemFree:           66612 kB
Buffers:           26856 kB
Cached:          1049204 kB
SwapCached:            0 kB
Active:          1309724 kB
Inactive:         720604 kB
Active(anon):     790488 kB
Inactive(anon):   199072 kB
Active(file):     519236 kB
Inactive(file):   521532 kB
Unevictable:       12456 kB
Mlocked:               0 kB
SwapTotal:        720184 kB
SwapFree:         720156 kB
Dirty:               288 kB
Writeback:             0 kB
AnonPages:        966892 kB
Mapped:           689412 kB
Shmem:             22664 kB
Slab:             114808 kB
SReclaimable:      36192 kB
SUnreclaim:        78616 kB
KernelStack:       34496 kB
PageTables:        56944 kB
NFS_Unstable:          0 kB
Bounce:                0 kB
WritebackTmp:          0 kB
CommitLimit:     2172840 kB
Committed_AS:   93625040 kB
VmallocTotal:   251658176 kB
VmallocUsed:      139888 kB
VmallocChunk:   251429220 kB
Time pass: 161 sec

---2015-12-08 15:44:45
MemTotal:        2905316 kB
MemFree:           66328 kB
Buffers:           26864 kB
Cached:          1049104 kB
SwapCached:            0 kB
Active:          1309988 kB
Inactive:         720640 kB
Active(anon):     790816 kB
Inactive(anon):   198968 kB
Active(file):     519172 kB
Inactive(file):   521672 kB
Unevictable:       12456 kB
Mlocked:               0 kB
SwapTotal:        720184 kB
SwapFree:         720156 kB
Dirty:                92 kB
Writeback:             0 kB
AnonPages:        967244 kB
Mapped:           689304 kB
Shmem:             22668 kB
Slab:             114728 kB
SReclaimable:      36112 kB
SUnreclaim:        78616 kB
KernelStack:       34496 kB
PageTables:        56948 kB
NFS_Unstable:          0 kB
Bounce:                0 kB
WritebackTmp:          0 kB
CommitLimit:     2172840 kB
Committed_AS:   93625020 kB
VmallocTotal:   251658176 kB
VmallocUsed:      139888 kB
VmallocChunk:   251429220 kB
Time pass: 165 sec

---2015-12-08 15:44:45
MemTotal:        2905316 kB
MemFree:           62404 kB
Buffers:           26864 kB
Cached:          1048712 kB
SwapCached:            0 kB
Active:          1314248 kB
Inactive:         720412 kB
Active(anon):     795056 kB
Inactive(anon):   198968 kB
Active(file):     519192 kB
Inactive(file):   521444 kB
Unevictable:       12456 kB
Mlocked:               0 kB
SwapTotal:        720184 kB
SwapFree:         720156 kB
Dirty:                16 kB
Writeback:             0 kB
AnonPages:        971744 kB
Mapped:           689980 kB
Shmem:             22668 kB
Slab:             114684 kB
SReclaimable:      36112 kB
SUnreclaim:        78572 kB
KernelStack:       34512 kB
PageTables:        57168 kB
NFS_Unstable:          0 kB
Bounce:                0 kB
WritebackTmp:          0 kB
CommitLimit:     2172840 kB
Committed_AS:   94353264 kB
VmallocTotal:   251658176 kB
VmallocUsed:      140908 kB
VmallocChunk:   251429220 kB
Time pass: 168 sec

---2015-12-08 15:44:45
MemTotal:        2905316 kB
MemFree:           70020 kB
Buffers:           26880 kB
Cached:          1041684 kB
SwapCached:            0 kB
Active:          1311960 kB
Inactive:         715760 kB
Active(anon):     795316 kB
Inactive(anon):   198968 kB
Active(file):     516644 kB
Inactive(file):   516792 kB
Unevictable:       12456 kB
Mlocked:               0 kB
SwapTotal:        720184 kB
SwapFree:         720156 kB
Dirty:                 8 kB
Writeback:             0 kB
AnonPages:        971760 kB
Mapped:           689108 kB
Shmem:             22668 kB
Slab:             114836 kB
SReclaimable:      36128 kB
SUnreclaim:        78708 kB
KernelStack:       34624 kB
PageTables:        57448 kB
NFS_Unstable:          0 kB
Bounce:                0 kB
WritebackTmp:          0 kB
CommitLimit:     2172840 kB
Committed_AS:   94353248 kB
VmallocTotal:   251658176 kB
VmallocUsed:      140908 kB
VmallocChunk:   251429220 kB
Time pass: 172 sec

---2015-12-08 15:44:45
MemTotal:        2905316 kB
MemFree:           69040 kB
Buffers:           26888 kB
Cached:          1041700 kB
SwapCached:            0 kB
Active:          1312076 kB
Inactive:         715768 kB
Active(anon):     795412 kB
Inactive(anon):   198968 kB
Active(file):     516664 kB
Inactive(file):   516800 kB
Unevictable:       12456 kB
Mlocked:               0 kB
SwapTotal:        720184 kB
SwapFree:         720156 kB
Dirty:                76 kB
Writeback:             0 kB
AnonPages:        971840 kB
Mapped:           689108 kB
Shmem:             22668 kB
Slab:             114816 kB
SReclaimable:      36128 kB
SUnreclaim:        78688 kB
KernelStack:       34608 kB
PageTables:        57472 kB
NFS_Unstable:          0 kB
Bounce:                0 kB
WritebackTmp:          0 kB
CommitLimit:     2172840 kB
Committed_AS:   94353468 kB
VmallocTotal:   251658176 kB
VmallocUsed:      140908 kB
VmallocChunk:   251429220 kB
Time pass: 176 sec

---2015-12-08 15:44:45
MemTotal:        2905316 kB
MemFree:           69764 kB
Buffers:           26900 kB
Cached:          1041728 kB
SwapCached:            0 kB
Active:          1312272 kB
Inactive:         715784 kB
Active(anon):     795584 kB
Inactive(anon):   198972 kB
Active(file):     516688 kB
Inactive(file):   516812 kB
Unevictable:       12456 kB
Mlocked:               0 kB
SwapTotal:        720184 kB
SwapFree:         720156 kB
Dirty:                44 kB
Writeback:             0 kB
AnonPages:        971976 kB
Mapped:           689116 kB
Shmem:             22672 kB
Slab:             114856 kB
SReclaimable:      36128 kB
SUnreclaim:        78728 kB
KernelStack:       34576 kB
PageTables:        57472 kB
NFS_Unstable:          0 kB
Bounce:                0 kB
WritebackTmp:          0 kB
CommitLimit:     2172840 kB
Committed_AS:   94353440 kB
VmallocTotal:   251658176 kB
VmallocUsed:      140908 kB
VmallocChunk:   251429220 kB
Time pass: 180 sec

---2015-12-08 15:44:45
MemTotal:        2905316 kB
MemFree:           68780 kB
Buffers:           26916 kB
Cached:          1041820 kB
SwapCached:            0 kB
Active:          1313204 kB
Inactive:         715868 kB
Active(anon):     796492 kB
Inactive(anon):   199020 kB
Active(file):     516712 kB
Inactive(file):   516848 kB
Unevictable:       12456 kB
Mlocked:               0 kB
SwapTotal:        720184 kB
SwapFree:         720156 kB
Dirty:                16 kB
Writeback:            16 kB
AnonPages:        972904 kB
Mapped:           689112 kB
Shmem:             22720 kB
Slab:             114776 kB
SReclaimable:      36128 kB
SUnreclaim:        78648 kB
KernelStack:       34608 kB
PageTables:        57488 kB
NFS_Unstable:          0 kB
Bounce:                0 kB
WritebackTmp:          0 kB
CommitLimit:     2172840 kB
Committed_AS:   94380088 kB
VmallocTotal:   251658176 kB
VmallocUsed:      140908 kB
VmallocChunk:   251429220 kB
Time pass: 184 sec

---2015-12-08 15:44:45
MemTotal:        2905316 kB
MemFree:           68084 kB
Buffers:           26924 kB
Cached:          1041864 kB
SwapCached:            0 kB
Active:          1313364 kB
Inactive:         715900 kB
Active(anon):     796632 kB
Inactive(anon):   199044 kB
Active(file):     516732 kB
Inactive(file):   516856 kB
Unevictable:       12456 kB
Mlocked:               0 kB
SwapTotal:        720184 kB
SwapFree:         720156 kB
Dirty:                68 kB
Writeback:             0 kB
AnonPages:        973048 kB
Mapped:           689200 kB
Shmem:             22744 kB
Slab:             114812 kB
SReclaimable:      36128 kB
SUnreclaim:        78684 kB
KernelStack:       34608 kB
PageTables:        57524 kB
NFS_Unstable:          0 kB
Bounce:                0 kB
WritebackTmp:          0 kB
CommitLimit:     2172840 kB
Committed_AS:   94380076 kB
VmallocTotal:   251658176 kB
VmallocUsed:      140908 kB
VmallocChunk:   251429220 kB
Time pass: 187 sec

---2015-12-08 15:44:45
MemTotal:        2905316 kB
MemFree:           67280 kB
Buffers:           26932 kB
Cached:          1041896 kB
SwapCached:            0 kB
Active:          1313928 kB
Inactive:         715916 kB
Active(anon):     797172 kB
Inactive(anon):   199048 kB
Active(file):     516756 kB
Inactive(file):   516868 kB
Unevictable:       12456 kB
Mlocked:               0 kB
SwapTotal:        720184 kB
SwapFree:         720156 kB
Dirty:               112 kB
Writeback:             0 kB
AnonPages:        973480 kB
Mapped:           689204 kB
Shmem:             22748 kB
Slab:             114812 kB
SReclaimable:      36128 kB
SUnreclaim:        78684 kB
KernelStack:       34624 kB
PageTables:        57528 kB
NFS_Unstable:          0 kB
Bounce:                0 kB
WritebackTmp:          0 kB
CommitLimit:     2172840 kB
Committed_AS:   94380116 kB
VmallocTotal:   251658176 kB
VmallocUsed:      140908 kB
VmallocChunk:   251429220 kB
Time pass: 191 sec

---2015-12-08 15:44:45
MemTotal:        2905316 kB
MemFree:           66596 kB
Buffers:           26948 kB
Cached:          1041952 kB
SwapCached:            0 kB
Active:          1315592 kB
Inactive:         715952 kB
Active(anon):     798800 kB
Inactive(anon):   199048 kB
Active(file):     516792 kB
Inactive(file):   516904 kB
Unevictable:       12456 kB
Mlocked:               0 kB
SwapTotal:        720184 kB
SwapFree:         720156 kB
Dirty:               124 kB
Writeback:             0 kB
AnonPages:        975316 kB
Mapped:           689224 kB
Shmem:             22748 kB
Slab:             114816 kB
SReclaimable:      36128 kB
SUnreclaim:        78688 kB
KernelStack:       34640 kB
PageTables:        57528 kB
NFS_Unstable:          0 kB
Bounce:                0 kB
WritebackTmp:          0 kB
CommitLimit:     2172840 kB
Committed_AS:   94380336 kB
VmallocTotal:   251658176 kB
VmallocUsed:      140908 kB
VmallocChunk:   251429220 kB
Time pass: 195 sec

---2015-12-08 15:44:45
MemTotal:        2905316 kB
MemFree:           64672 kB
Buffers:           26956 kB
Cached:          1042028 kB
SwapCached:            0 kB
Active:          1315952 kB
Inactive:         715988 kB
Active(anon):     799112 kB
Inactive(anon):   199052 kB
Active(file):     516840 kB
Inactive(file):   516936 kB
Unevictable:       12456 kB
Mlocked:               0 kB
SwapTotal:        720184 kB
SwapFree:         720156 kB
Dirty:                96 kB
Writeback:             0 kB
AnonPages:        975580 kB
Mapped:           689244 kB
Shmem:             22752 kB
Slab:             114880 kB
SReclaimable:      36128 kB
SUnreclaim:        78752 kB
KernelStack:       34592 kB
PageTables:        57528 kB
NFS_Unstable:          0 kB
Bounce:                0 kB
WritebackTmp:          0 kB
CommitLimit:     2172840 kB
Committed_AS:   94380616 kB
VmallocTotal:   251658176 kB
VmallocUsed:      140908 kB
VmallocChunk:   251429220 kB
Time pass: 199 sec

---2015-12-08 15:44:45
MemTotal:        2905316 kB
MemFree:           64628 kB
Buffers:           26956 kB
Cached:          1042060 kB
SwapCached:            0 kB
Active:          1316224 kB
Inactive:         715988 kB
Active(anon):     799356 kB
Inactive(anon):   199052 kB
Active(file):     516868 kB
Inactive(file):   516936 kB
Unevictable:       12456 kB
Mlocked:               0 kB
SwapTotal:        720184 kB
SwapFree:         720156 kB
Dirty:                 8 kB
Writeback:             0 kB
AnonPages:        975740 kB
Mapped:           689308 kB
Shmem:             22752 kB
Slab:             115004 kB
SReclaimable:      36128 kB
SUnreclaim:        78876 kB
KernelStack:       34624 kB
PageTables:        57556 kB
NFS_Unstable:          0 kB
Bounce:                0 kB
WritebackTmp:          0 kB
CommitLimit:     2172840 kB
Committed_AS:   94380616 kB
VmallocTotal:   251658176 kB
VmallocUsed:      140908 kB
VmallocChunk:   251429220 kB
Time pass: 203 sec

---2015-12-08 15:44:45
MemTotal:        2905316 kB
MemFree:           63744 kB
Buffers:           26980 kB
Cached:          1042104 kB
SwapCached:            0 kB
Active:          1317068 kB
Inactive:         716040 kB
Active(anon):     800180 kB
Inactive(anon):   199052 kB
Active(file):     516888 kB
Inactive(file):   516988 kB
Unevictable:       12456 kB
Mlocked:               0 kB
SwapTotal:        720184 kB
SwapFree:         720156 kB
Dirty:               128 kB
Writeback:             0 kB
AnonPages:        976408 kB
Mapped:           689308 kB
Shmem:             22752 kB
Slab:             114856 kB
SReclaimable:      36128 kB
SUnreclaim:        78728 kB
KernelStack:       34624 kB
PageTables:        57552 kB
NFS_Unstable:          0 kB
Bounce:                0 kB
WritebackTmp:          0 kB
CommitLimit:     2172840 kB
Committed_AS:   94380628 kB
VmallocTotal:   251658176 kB
VmallocUsed:      140908 kB
VmallocChunk:   251429220 kB
Time pass: 206 sec

---2015-12-08 15:44:45
MemTotal:        2905316 kB
MemFree:           70976 kB
Buffers:           26936 kB
Cached:          1034696 kB
SwapCached:            0 kB
Active:          1313484 kB
Inactive:         713560 kB
Active(anon):     800380 kB
Inactive(anon):   200240 kB
Active(file):     513104 kB
Inactive(file):   513320 kB
Unevictable:       12456 kB
Mlocked:               0 kB
SwapTotal:        720184 kB
SwapFree:         720156 kB
Dirty:                68 kB
Writeback:             0 kB
AnonPages:        977756 kB
Mapped:           689328 kB
Shmem:             22752 kB
Slab:             114868 kB
SReclaimable:      36128 kB
SUnreclaim:        78740 kB
KernelStack:       34624 kB
PageTables:        57552 kB
NFS_Unstable:          0 kB
Bounce:                0 kB
WritebackTmp:          0 kB
CommitLimit:     2172840 kB
Committed_AS:   94380640 kB
VmallocTotal:   251658176 kB
VmallocUsed:      140908 kB
VmallocChunk:   251429220 kB
Time pass: 210 sec

---2015-12-08 15:44:45
MemTotal:        2905316 kB
MemFree:           70364 kB
Buffers:           26944 kB
Cached:          1034780 kB
SwapCached:            0 kB
Active:          1314384 kB
Inactive:         713632 kB
Active(anon):     801260 kB
Inactive(anon):   200300 kB
Active(file):     513124 kB
Inactive(file):   513332 kB
Unevictable:       12456 kB
Mlocked:               0 kB
SwapTotal:        720184 kB
SwapFree:         720156 kB
Dirty:                36 kB
Writeback:             0 kB
AnonPages:        978744 kB
Mapped:           689392 kB
Shmem:             22812 kB
Slab:             114916 kB
SReclaimable:      36128 kB
SUnreclaim:        78788 kB
KernelStack:       34592 kB
PageTables:        57608 kB
NFS_Unstable:          0 kB
Bounce:                0 kB
WritebackTmp:          0 kB
CommitLimit:     2172840 kB
Committed_AS:   94407444 kB
VmallocTotal:   251658176 kB
VmallocUsed:      140908 kB
VmallocChunk:   251429220 kB
Time pass: 214 sec

---2015-12-08 15:44:45
MemTotal:        2905316 kB
MemFree:           62724 kB
Buffers:           26968 kB
Cached:          1035280 kB
SwapCached:            0 kB
Active:          1317480 kB
Inactive:         713892 kB
Active(anon):     804312 kB
Inactive(anon):   200300 kB
Active(file):     513168 kB
Inactive(file):   513592 kB
Unevictable:       12456 kB
Mlocked:               0 kB
SwapTotal:        720184 kB
SwapFree:         720156 kB
Dirty:                40 kB
Writeback:             0 kB
AnonPages:        982088 kB
Mapped:           689540 kB
Shmem:             22812 kB
Slab:             118672 kB
SReclaimable:      39388 kB
SUnreclaim:        79284 kB
KernelStack:       34544 kB
PageTables:        57772 kB
NFS_Unstable:          0 kB
Bounce:                0 kB
WritebackTmp:          0 kB
CommitLimit:     2172840 kB
Committed_AS:   94418996 kB
VmallocTotal:   251658176 kB
VmallocUsed:      141928 kB
VmallocChunk:   251429220 kB
Time pass: 218 sec

---2015-12-08 15:44:45
MemTotal:        2905316 kB
MemFree:           65624 kB
Buffers:           26928 kB
Cached:          1031624 kB
SwapCached:            0 kB
Active:          1315288 kB
Inactive:         712832 kB
Active(anon):     803812 kB
Inactive(anon):   201080 kB
Active(file):     511476 kB
Inactive(file):   511752 kB
Unevictable:       12456 kB
Mlocked:               0 kB
SwapTotal:        720184 kB
SwapFree:         720156 kB
Dirty:                88 kB
Writeback:             0 kB
AnonPages:        982000 kB
Mapped:           689408 kB
Shmem:             22824 kB
Slab:             118820 kB
SReclaimable:      39648 kB
SUnreclaim:        79172 kB
KernelStack:       34656 kB
PageTables:        57676 kB
NFS_Unstable:          0 kB
Bounce:                0 kB
WritebackTmp:          0 kB
CommitLimit:     2172840 kB
Committed_AS:   94413364 kB
VmallocTotal:   251658176 kB
VmallocUsed:      140908 kB
VmallocChunk:   251429220 kB
Time pass: 221 sec

---2015-12-08 15:44:45
MemTotal:        2905316 kB
MemFree:           66752 kB
Buffers:           26944 kB
Cached:          1031936 kB
SwapCached:            0 kB
Active:          1314188 kB
Inactive:         713140 kB
Active(anon):     802648 kB
Inactive(anon):   201080 kB
Active(file):     511540 kB
Inactive(file):   512060 kB
Unevictable:       12456 kB
Mlocked:               0 kB
SwapTotal:        720184 kB
SwapFree:         720156 kB
Dirty:               132 kB
Writeback:             0 kB
AnonPages:        980980 kB
Mapped:           689484 kB
Shmem:             22824 kB
Slab:             118924 kB
SReclaimable:      39792 kB
SUnreclaim:        79132 kB
KernelStack:       34528 kB
PageTables:        57584 kB
NFS_Unstable:          0 kB
Bounce:                0 kB
WritebackTmp:          0 kB
CommitLimit:     2172840 kB
Committed_AS:   94407388 kB
VmallocTotal:   251658176 kB
VmallocUsed:      140908 kB
VmallocChunk:   251429220 kB
Time pass: 225 sec

---2015-12-08 15:44:45
MemTotal:        2905316 kB
MemFree:           65780 kB
Buffers:           26960 kB
Cached:          1031992 kB
SwapCached:            0 kB
Active:          1315384 kB
Inactive:         713184 kB
Active(anon):     803816 kB
Inactive(anon):   201080 kB
Active(file):     511568 kB
Inactive(file):   512104 kB
Unevictable:       12456 kB
Mlocked:               0 kB
SwapTotal:        720184 kB
SwapFree:         720156 kB
Dirty:               136 kB
Writeback:             0 kB
AnonPages:        982052 kB
Mapped:           689492 kB
Shmem:             22824 kB
Slab:             118932 kB
SReclaimable:      39796 kB
SUnreclaim:        79136 kB
KernelStack:       34528 kB
PageTables:        57576 kB
NFS_Unstable:          0 kB
Bounce:                0 kB
WritebackTmp:          0 kB
CommitLimit:     2172840 kB
Committed_AS:   94407412 kB
VmallocTotal:   251658176 kB
VmallocUsed:      140908 kB
VmallocChunk:   251429220 kB
Time pass: 229 sec

---2015-12-08 15:44:45
MemTotal:        2905316 kB
MemFree:           65580 kB
Buffers:           26960 kB
Cached:          1032016 kB
SwapCached:            0 kB
Active:          1315524 kB
Inactive:         713184 kB
Active(anon):     803932 kB
Inactive(anon):   201080 kB
Active(file):     511592 kB
Inactive(file):   512104 kB
Unevictable:       12456 kB
Mlocked:               0 kB
SwapTotal:        720184 kB
SwapFree:         720156 kB
Dirty:                 8 kB
Writeback:             0 kB
AnonPages:        982296 kB
Mapped:           689496 kB
Shmem:             22824 kB
Slab:             118932 kB
SReclaimable:      39800 kB
SUnreclaim:        79132 kB
KernelStack:       34496 kB
PageTables:        57580 kB
NFS_Unstable:          0 kB
Bounce:                0 kB
WritebackTmp:          0 kB
CommitLimit:     2172840 kB
Committed_AS:   94407424 kB
VmallocTotal:   251658176 kB
VmallocUsed:      140908 kB
VmallocChunk:   251429220 kB
Time pass: 233 sec

---2015-12-08 15:44:45
MemTotal:        2905316 kB
MemFree:           64924 kB
Buffers:           26968 kB
Cached:          1032036 kB
SwapCached:            0 kB
Active:          1315780 kB
Inactive:         713196 kB
Active(anon):     804172 kB
Inactive(anon):   201084 kB
Active(file):     511608 kB
Inactive(file):   512112 kB
Unevictable:       12456 kB
Mlocked:               0 kB
SwapTotal:        720184 kB
SwapFree:         720156 kB
Dirty:                84 kB
Writeback:             0 kB
AnonPages:        982408 kB
Mapped:           689564 kB
Shmem:             22828 kB
Slab:             118952 kB
SReclaimable:      39808 kB
SUnreclaim:        79144 kB
KernelStack:       34544 kB
PageTables:        57608 kB
NFS_Unstable:          0 kB
Bounce:                0 kB
WritebackTmp:          0 kB
CommitLimit:     2172840 kB
Committed_AS:   94407424 kB
VmallocTotal:   251658176 kB
VmallocUsed:      140908 kB
VmallocChunk:   251429220 kB
Time pass: 236 sec

---2015-12-08 15:44:45
MemTotal:        2905316 kB
MemFree:           65156 kB
Buffers:           26976 kB
Cached:          1032060 kB
SwapCached:            0 kB
Active:          1316028 kB
Inactive:         713204 kB
Active(anon):     804396 kB
Inactive(anon):   201084 kB
Active(file):     511632 kB
Inactive(file):   512120 kB
Unevictable:       12456 kB
Mlocked:               0 kB
SwapTotal:        720184 kB
SwapFree:         720156 kB
Dirty:                44 kB
Writeback:             0 kB
AnonPages:        982476 kB
Mapped:           689572 kB
Shmem:             22828 kB
Slab:             118936 kB
SReclaimable:      39812 kB
SUnreclaim:        79124 kB
KernelStack:       34528 kB
PageTables:        57608 kB
NFS_Unstable:          0 kB
Bounce:                0 kB
WritebackTmp:          0 kB
CommitLimit:     2172840 kB
Committed_AS:   94407400 kB
VmallocTotal:   251658176 kB
VmallocUsed:      140908 kB
VmallocChunk:   251429220 kB
Time pass: 240 sec

---2015-12-08 15:44:45
MemTotal:        2905316 kB
MemFree:           67988 kB
Buffers:           26992 kB
Cached:          1032220 kB
SwapCached:            0 kB
Active:          1313016 kB
Inactive:         713348 kB
Active(anon):     801356 kB
Inactive(anon):   201128 kB
Active(file):     511660 kB
Inactive(file):   512220 kB
Unevictable:       12456 kB
Mlocked:               0 kB
SwapTotal:        720184 kB
SwapFree:         720156 kB
Dirty:                24 kB
Writeback:             0 kB
AnonPages:        979576 kB
Mapped:           689648 kB
Shmem:             22876 kB
Slab:             118892 kB
SReclaimable:      39820 kB
SUnreclaim:        79072 kB
KernelStack:       34544 kB
PageTables:        57648 kB
NFS_Unstable:          0 kB
Bounce:                0 kB
WritebackTmp:          0 kB
CommitLimit:     2172840 kB
Committed_AS:   94433980 kB
VmallocTotal:   251658176 kB
VmallocUsed:      140908 kB
VmallocChunk:   251429220 kB
Time pass: 244 sec

---2015-12-08 15:44:45
MemTotal:        2905316 kB
MemFree:           73388 kB
Buffers:           27000 kB
Cached:          1032248 kB
SwapCached:            0 kB
Active:          1307512 kB
Inactive:         713368 kB
Active(anon):     795836 kB
Inactive(anon):   201140 kB
Active(file):     511676 kB
Inactive(file):   512228 kB
Unevictable:       12456 kB
Mlocked:               0 kB
SwapTotal:        720184 kB
SwapFree:         720156 kB
Dirty:                64 kB
Writeback:             4 kB
AnonPages:        974092 kB
Mapped:           689664 kB
Shmem:             22888 kB
Slab:             118904 kB
SReclaimable:      39824 kB
SUnreclaim:        79080 kB
KernelStack:       34544 kB
PageTables:        57684 kB
NFS_Unstable:          0 kB
Bounce:                0 kB
WritebackTmp:          0 kB
CommitLimit:     2172840 kB
Committed_AS:   94434064 kB
VmallocTotal:   251658176 kB
VmallocUsed:      140908 kB
VmallocChunk:   251429220 kB
Time pass: 248 sec

---2015-12-08 15:44:45
MemTotal:        2905316 kB
MemFree:           72212 kB
Buffers:           27008 kB
Cached:          1032292 kB
SwapCached:            0 kB
Active:          1308964 kB
Inactive:         713404 kB
Active(anon):     797272 kB
Inactive(anon):   201144 kB
Active(file):     511692 kB
Inactive(file):   512260 kB
Unevictable:       12456 kB
Mlocked:               0 kB
SwapTotal:        720184 kB
SwapFree:         720156 kB
Dirty:               128 kB
Writeback:             0 kB
AnonPages:        975512 kB
Mapped:           689688 kB
Shmem:             22892 kB
Slab:             118912 kB
SReclaimable:      39828 kB
SUnreclaim:        79084 kB
KernelStack:       34496 kB
PageTables:        57660 kB
NFS_Unstable:          0 kB
Bounce:                0 kB
WritebackTmp:          0 kB
CommitLimit:     2172840 kB
Committed_AS:   94433968 kB
VmallocTotal:   251658176 kB
VmallocUsed:      140908 kB
VmallocChunk:   251429220 kB
Time pass: 252 sec

---2015-12-08 15:44:45
MemTotal:        2905316 kB
MemFree:           71356 kB
Buffers:           27024 kB
Cached:          1032380 kB
SwapCached:            0 kB
Active:          1309716 kB
Inactive:         713456 kB
Active(anon):     797980 kB
Inactive(anon):   201152 kB
Active(file):     511736 kB
Inactive(file):   512304 kB
Unevictable:       12456 kB
Mlocked:               0 kB
SwapTotal:        720184 kB
SwapFree:         720156 kB
Dirty:               164 kB
Writeback:             0 kB
AnonPages:        976112 kB
Mapped:           689700 kB
Shmem:             22900 kB
Slab:             119056 kB
SReclaimable:      39832 kB
SUnreclaim:        79224 kB
KernelStack:       34496 kB
PageTables:        57664 kB
NFS_Unstable:          0 kB
Bounce:                0 kB
WritebackTmp:          0 kB
CommitLimit:     2172840 kB
Committed_AS:   94433992 kB
VmallocTotal:   251658176 kB
VmallocUsed:      140908 kB
VmallocChunk:   251429220 kB
Time pass: 255 sec

---2015-12-08 15:44:45
MemTotal:        2905316 kB
MemFree:           71316 kB
Buffers:           27032 kB
Cached:          1032408 kB
SwapCached:            0 kB
Active:          1309772 kB
Inactive:         713476 kB
Active(anon):     798012 kB
Inactive(anon):   201156 kB
Active(file):     511760 kB
Inactive(file):   512320 kB
Unevictable:       12456 kB
Mlocked:               0 kB
SwapTotal:        720184 kB
SwapFree:         720156 kB
Dirty:                76 kB
Writeback:             0 kB
AnonPages:        976236 kB
Mapped:           689716 kB
Shmem:             22904 kB
Slab:             118860 kB
SReclaimable:      39756 kB
SUnreclaim:        79104 kB
KernelStack:       34432 kB
PageTables:        57664 kB
NFS_Unstable:          0 kB
Bounce:                0 kB
WritebackTmp:          0 kB
CommitLimit:     2172840 kB
Committed_AS:   94433968 kB
VmallocTotal:   251658176 kB
VmallocUsed:      140908 kB
VmallocChunk:   251429220 kB
Time pass: 259 sec

---2015-12-08 15:44:45
MemTotal:        2905316 kB
MemFree:           70900 kB
Buffers:           27040 kB
Cached:          1032436 kB
SwapCached:            0 kB
Active:          1309968 kB
Inactive:         713480 kB
Active(anon):     798180 kB
Inactive(anon):   201156 kB
Active(file):     511788 kB
Inactive(file):   512324 kB
Unevictable:       12456 kB
Mlocked:               0 kB
SwapTotal:        720184 kB
SwapFree:         720156 kB
Dirty:                12 kB
Writeback:             0 kB
AnonPages:        976280 kB
Mapped:           689720 kB
Shmem:             22904 kB
Slab:             118820 kB
SReclaimable:      39756 kB
SUnreclaim:        79064 kB
KernelStack:       34432 kB
PageTables:        57664 kB
NFS_Unstable:          0 kB
Bounce:                0 kB
WritebackTmp:          0 kB
CommitLimit:     2172840 kB
Committed_AS:   94434016 kB
VmallocTotal:   251658176 kB
VmallocUsed:      140908 kB
VmallocChunk:   251429220 kB
Time pass: 263 sec

---2015-12-08 15:44:45
MemTotal:        2905316 kB
MemFree:           70416 kB
Buffers:           27056 kB
Cached:          1032492 kB
SwapCached:            0 kB
Active:          1310524 kB
Inactive:         713532 kB
Active(anon):     798712 kB
Inactive(anon):   201156 kB
Active(file):     511812 kB
Inactive(file):   512376 kB
Unevictable:       12456 kB
Mlocked:               0 kB
SwapTotal:        720184 kB
SwapFree:         720156 kB
Dirty:                12 kB
Writeback:             0 kB
AnonPages:        976940 kB
Mapped:           689728 kB
Shmem:             22904 kB
Slab:             118840 kB
SReclaimable:      39752 kB
SUnreclaim:        79088 kB
KernelStack:       34384 kB
PageTables:        57696 kB
NFS_Unstable:          0 kB
Bounce:                0 kB
WritebackTmp:          0 kB
CommitLimit:     2172840 kB
Committed_AS:   94433992 kB
VmallocTotal:   251658176 kB
VmallocUsed:      140908 kB
VmallocChunk:   251429220 kB
Time pass: 268 sec

---2015-12-08 15:44:45
MemTotal:        2905316 kB
MemFree:           70032 kB
Buffers:           27064 kB
Cached:          1032516 kB
SwapCached:            0 kB
Active:          1310936 kB
Inactive:         713536 kB
Active(anon):     799096 kB
Inactive(anon):   201156 kB
Active(file):     511840 kB
Inactive(file):   512380 kB
Unevictable:       12456 kB
Mlocked:               0 kB
SwapTotal:        720184 kB
SwapFree:         720156 kB
Dirty:                92 kB
Writeback:             0 kB
AnonPages:        977188 kB
Mapped:           689732 kB
Shmem:             22904 kB
Slab:             118788 kB
SReclaimable:      39752 kB
SUnreclaim:        79036 kB
KernelStack:       34432 kB
PageTables:        57668 kB
NFS_Unstable:          0 kB
Bounce:                0 kB
WritebackTmp:          0 kB
CommitLimit:     2172840 kB
Committed_AS:   94433980 kB
VmallocTotal:   251658176 kB
VmallocUsed:      140908 kB
VmallocChunk:   251429220 kB
Time pass: 271 sec

---2015-12-08 15:44:45
MemTotal:        2905316 kB
MemFree:           69508 kB
Buffers:           27072 kB
Cached:          1032596 kB
SwapCached:            0 kB
Active:          1311968 kB
Inactive:         713596 kB
Active(anon):     800108 kB
Inactive(anon):   201216 kB
Active(file):     511860 kB
Inactive(file):   512380 kB
Unevictable:       12456 kB
Mlocked:               0 kB
SwapTotal:        720184 kB
SwapFree:         720156 kB
Dirty:                44 kB
Writeback:             0 kB
AnonPages:        978228 kB
Mapped:           689804 kB
Shmem:             22964 kB
Slab:             118840 kB
SReclaimable:      39752 kB
SUnreclaim:        79088 kB
KernelStack:       34400 kB
PageTables:        57720 kB
NFS_Unstable:          0 kB
Bounce:                0 kB
WritebackTmp:          0 kB
CommitLimit:     2172840 kB
Committed_AS:   94460604 kB
VmallocTotal:   251658176 kB
VmallocUsed:      140908 kB
VmallocChunk:   251429220 kB
Time pass: 275 sec

---2015-12-08 15:44:45
MemTotal:        2905316 kB
MemFree:           67732 kB
Buffers:           27088 kB
Cached:          1032664 kB
SwapCached:            0 kB
Active:          1313152 kB
Inactive:         713644 kB
Active(anon):     801248 kB
Inactive(anon):   201216 kB
Active(file):     511904 kB
Inactive(file):   512428 kB
Unevictable:       12456 kB
Mlocked:               0 kB
SwapTotal:        720184 kB
SwapFree:         720156 kB
Dirty:                32 kB
Writeback:             0 kB
AnonPages:        979332 kB
Mapped:           689844 kB
Shmem:             22964 kB
Slab:             118848 kB
SReclaimable:      39748 kB
SUnreclaim:        79100 kB
KernelStack:       34448 kB
PageTables:        57716 kB
NFS_Unstable:          0 kB
Bounce:                0 kB
WritebackTmp:          0 kB
CommitLimit:     2172840 kB
Committed_AS:   94460660 kB
VmallocTotal:   251658176 kB
VmallocUsed:      140908 kB
VmallocChunk:   251429220 kB
Time pass: 279 sec

---2015-12-08 15:44:45
MemTotal:        2905316 kB
MemFree:           67484 kB
Buffers:           27096 kB
Cached:          1032684 kB
SwapCached:            0 kB
Active:          1313236 kB
Inactive:         713652 kB
Active(anon):     801312 kB
Inactive(anon):   201216 kB
Active(file):     511924 kB
Inactive(file):   512436 kB
Unevictable:       12456 kB
Mlocked:               0 kB
SwapTotal:        720184 kB
SwapFree:         720156 kB
Dirty:                72 kB
Writeback:             0 kB
AnonPages:        979436 kB
Mapped:           689852 kB
Shmem:             22964 kB
Slab:             118852 kB
SReclaimable:      39748 kB
SUnreclaim:        79104 kB
KernelStack:       34416 kB
PageTables:        57716 kB
NFS_Unstable:          0 kB
Bounce:                0 kB
WritebackTmp:          0 kB
CommitLimit:     2172840 kB
Committed_AS:   94460700 kB
VmallocTotal:   251658176 kB
VmallocUsed:      140908 kB
VmallocChunk:   251429220 kB
Time pass: 283 sec

---2015-12-08 15:44:45
MemTotal:        2905316 kB
MemFree:           66956 kB
Buffers:           27096 kB
Cached:          1033612 kB
SwapCached:            0 kB
Active:          1313800 kB
Inactive:         714552 kB
Active(anon):     801856 kB
Inactive(anon):   201216 kB
Active(file):     511944 kB
Inactive(file):   513336 kB
Unevictable:       12456 kB
Mlocked:               0 kB
SwapTotal:        720184 kB
SwapFree:         720156 kB
Dirty:               128 kB
Writeback:             0 kB
AnonPages:        980116 kB
Mapped:           689964 kB
Shmem:             22964 kB
Slab:             118876 kB
SReclaimable:      39748 kB
SUnreclaim:        79128 kB
KernelStack:       34448 kB
PageTables:        57704 kB
NFS_Unstable:          0 kB
Bounce:                0 kB
WritebackTmp:          0 kB
CommitLimit:     2172840 kB
Committed_AS:   94460688 kB
VmallocTotal:   251658176 kB
VmallocUsed:      140908 kB
VmallocChunk:   251429220 kB
Time pass: 287 sec

---2015-12-08 15:44:45
MemTotal:        2905316 kB
MemFree:           65532 kB
Buffers:           27128 kB
Cached:          1033668 kB
SwapCached:            0 kB
Active:          1314696 kB
Inactive:         714596 kB
Active(anon):     802700 kB
Inactive(anon):   201216 kB
Active(file):     511996 kB
Inactive(file):   513380 kB
Unevictable:       12456 kB
Mlocked:               0 kB
SwapTotal:        720184 kB
SwapFree:         720156 kB
Dirty:               136 kB
Writeback:             0 kB
AnonPages:        980788 kB
Mapped:           689964 kB
Shmem:             22964 kB
Slab:             118812 kB
SReclaimable:      39744 kB
SUnreclaim:        79068 kB
KernelStack:       34448 kB
PageTables:        57704 kB
NFS_Unstable:          0 kB
Bounce:                0 kB
WritebackTmp:          0 kB
CommitLimit:     2172840 kB
Committed_AS:   94460688 kB
VmallocTotal:   251658176 kB
VmallocUsed:      140908 kB
VmallocChunk:   251429220 kB
Time pass: 290 sec

---2015-12-08 15:44:45
MemTotal:        2905316 kB
MemFree:           74080 kB
Buffers:           27128 kB
Cached:          1033740 kB
SwapCached:            0 kB
Active:          1305820 kB
Inactive:         714636 kB
Active(anon):     793796 kB
Inactive(anon):   201216 kB
Active(file):     512024 kB
Inactive(file):   513420 kB
Unevictable:       12456 kB
Mlocked:               0 kB
SwapTotal:        720184 kB
SwapFree:         720156 kB
Dirty:                16 kB
Writeback:             0 kB
AnonPages:        972020 kB
Mapped:           689988 kB
Shmem:             22964 kB
Slab:             118824 kB
SReclaimable:      39744 kB
SUnreclaim:        79080 kB
KernelStack:       34448 kB
PageTables:        57704 kB
NFS_Unstable:          0 kB
Bounce:                0 kB
WritebackTmp:          0 kB
CommitLimit:     2172840 kB
Committed_AS:   94460688 kB
VmallocTotal:   251658176 kB
VmallocUsed:      140908 kB
VmallocChunk:   251429220 kB
Time pass: 294 sec

---2015-12-08 15:44:45
MemTotal:        2905316 kB
MemFree:           74152 kB
Buffers:           27136 kB
Cached:          1033768 kB
SwapCached:            0 kB
Active:          1305964 kB
Inactive:         714644 kB
Active(anon):     793908 kB
Inactive(anon):   201216 kB
Active(file):     512056 kB
Inactive(file):   513428 kB
Unevictable:       12456 kB
Mlocked:               0 kB
SwapTotal:        720184 kB
SwapFree:         720156 kB
Dirty:                12 kB
Writeback:             0 kB
AnonPages:        972136 kB
Mapped:           689992 kB
Shmem:             22964 kB
Slab:             119008 kB
SReclaimable:      39744 kB
SUnreclaim:        79264 kB
KernelStack:       34432 kB
PageTables:        57704 kB
NFS_Unstable:          0 kB
Bounce:                0 kB
WritebackTmp:          0 kB
CommitLimit:     2172840 kB
Committed_AS:   94460564 kB
VmallocTotal:   251658176 kB
VmallocUsed:      140908 kB
VmallocChunk:   251429220 kB
Time pass: 298 sec

---2015-12-08 15:44:45
MemTotal:        2905316 kB
MemFree:           72236 kB
Buffers:           27160 kB
Cached:          1033860 kB
SwapCached:            0 kB
Active:          1307288 kB
Inactive:         714720 kB
Active(anon):     795192 kB
Inactive(anon):   201216 kB
Active(file):     512096 kB
Inactive(file):   513504 kB
Unevictable:       12456 kB
Mlocked:               0 kB
SwapTotal:        720184 kB
SwapFree:         720156 kB
Dirty:               172 kB
Writeback:             0 kB
AnonPages:        973132 kB
Mapped:           690024 kB
Shmem:             22964 kB
Slab:             118812 kB
SReclaimable:      39744 kB
SUnreclaim:        79068 kB
KernelStack:       34384 kB
PageTables:        57720 kB
NFS_Unstable:          0 kB
Bounce:                0 kB
WritebackTmp:          0 kB
CommitLimit:     2172840 kB
Committed_AS:   94460688 kB
VmallocTotal:   251658176 kB
VmallocUsed:      140908 kB
VmallocChunk:   251429220 kB
Time pass: 302 sec

---2015-12-08 15:44:45
MemTotal:        2905316 kB
MemFree:           71592 kB
Buffers:           27176 kB
Cached:          1033960 kB
SwapCached:            0 kB
Active:          1308424 kB
Inactive:         714800 kB
Active(anon):     796292 kB
Inactive(anon):   201276 kB
Active(file):     512132 kB
Inactive(file):   513524 kB
Unevictable:       12456 kB
Mlocked:               0 kB
SwapTotal:        720184 kB
SwapFree:         720156 kB
Dirty:               124 kB
Writeback:             0 kB
AnonPages:        974424 kB
Mapped:           690072 kB
Shmem:             23024 kB
Slab:             118796 kB
SReclaimable:      39744 kB
SUnreclaim:        79052 kB
KernelStack:       34416 kB
PageTables:        57748 kB
NFS_Unstable:          0 kB
Bounce:                0 kB
WritebackTmp:          0 kB
CommitLimit:     2172840 kB
Committed_AS:   94487524 kB
VmallocTotal:   251658176 kB
VmallocUsed:      140908 kB
VmallocChunk:   251429220 kB
Time pass: 305 sec

---2015-12-08 15:44:45
MemTotal:        2905316 kB
MemFree:           70644 kB
Buffers:           27184 kB
Cached:          1033988 kB
SwapCached:            0 kB
Active:          1308568 kB
Inactive:         714804 kB
Active(anon):     796408 kB
Inactive(anon):   201276 kB
Active(file):     512160 kB
Inactive(file):   513528 kB
Unevictable:       12456 kB
Mlocked:               0 kB
SwapTotal:        720184 kB
SwapFree:         720156 kB
Dirty:                56 kB
Writeback:             0 kB
AnonPages:        974664 kB
Mapped:           690084 kB
Shmem:             23024 kB
Slab:             118824 kB
SReclaimable:      39744 kB
SUnreclaim:        79080 kB
KernelStack:       34416 kB
PageTables:        57748 kB
NFS_Unstable:          0 kB
Bounce:                0 kB
WritebackTmp:          0 kB
CommitLimit:     2172840 kB
Committed_AS:   94487512 kB
VmallocTotal:   251658176 kB
VmallocUsed:      140908 kB
VmallocChunk:   251429220 kB
Time pass: 309 sec

---2015-12-08 15:44:45
MemTotal:        2905316 kB
MemFree:           70520 kB
Buffers:           27200 kB
Cached:          1034020 kB
SwapCached:            0 kB
Active:          1309256 kB
Inactive:         714820 kB
Active(anon):     797076 kB
Inactive(anon):   201276 kB
Active(file):     512180 kB
Inactive(file):   513544 kB
Unevictable:       12456 kB
Mlocked:               0 kB
SwapTotal:        720184 kB
SwapFree:         720156 kB
Dirty:                92 kB
Writeback:             0 kB
AnonPages:        975184 kB
Mapped:           690088 kB
Shmem:             23024 kB
Slab:             118820 kB
SReclaimable:      39744 kB
SUnreclaim:        79076 kB
KernelStack:       34384 kB
PageTables:        57748 kB
NFS_Unstable:          0 kB
Bounce:                0 kB
WritebackTmp:          0 kB
CommitLimit:     2172840 kB
Committed_AS:   94487476 kB
VmallocTotal:   251658176 kB
VmallocUsed:      140908 kB
VmallocChunk:   251429220 kB
Time pass: 313 sec

---2015-12-08 15:44:45
MemTotal:        2905316 kB
MemFree:           69700 kB
Buffers:           27208 kB
Cached:          1034064 kB
SwapCached:            0 kB
Active:          1309512 kB
Inactive:         714868 kB
Active(anon):     797312 kB
Inactive(anon):   201276 kB
Active(file):     512200 kB
Inactive(file):   513592 kB
Unevictable:       12456 kB
Mlocked:               0 kB
SwapTotal:        720184 kB
SwapFree:         720156 kB
Dirty:               148 kB
Writeback:             0 kB
AnonPages:        975480 kB
Mapped:           690104 kB
Shmem:             23024 kB
Slab:             118816 kB
SReclaimable:      39728 kB
SUnreclaim:        79088 kB
KernelStack:       34368 kB
PageTables:        57736 kB
NFS_Unstable:          0 kB
Bounce:                0 kB
WritebackTmp:          0 kB
CommitLimit:     2172840 kB
Committed_AS:   94487416 kB
VmallocTotal:   251658176 kB
VmallocUsed:      140908 kB
VmallocChunk:   251429220 kB
Time pass: 317 sec

---2015-12-08 15:44:45
MemTotal:        2905316 kB
MemFree:           69408 kB
Buffers:           27216 kB
Cached:          1034116 kB
SwapCached:            0 kB
Active:          1310052 kB
Inactive:         714908 kB
Active(anon):     797832 kB
Inactive(anon):   201276 kB
Active(file):     512220 kB
Inactive(file):   513632 kB
Unevictable:       12456 kB
Mlocked:               0 kB
SwapTotal:        720184 kB
SwapFree:         720156 kB
Dirty:                84 kB
Writeback:             0 kB
AnonPages:        976156 kB
Mapped:           690112 kB
Shmem:             23024 kB
Slab:             118812 kB
SReclaimable:      39728 kB
SUnreclaim:        79084 kB
KernelStack:       34384 kB
PageTables:        57776 kB
NFS_Unstable:          0 kB
Bounce:                0 kB
WritebackTmp:          0 kB
CommitLimit:     2172840 kB
Committed_AS:   94487332 kB
VmallocTotal:   251658176 kB
VmallocUsed:      140908 kB
VmallocChunk:   251429220 kB
Time pass: 321 sec

---2015-12-08 15:44:45
MemTotal:        2905316 kB
MemFree:           69180 kB
Buffers:           27224 kB
Cached:          1034136 kB
SwapCached:            0 kB
Active:          1310280 kB
Inactive:         714904 kB
Active(anon):     798032 kB
Inactive(anon):   201276 kB
Active(file):     512248 kB
Inactive(file):   513628 kB
Unevictable:       12456 kB
Mlocked:               0 kB
SwapTotal:        720184 kB
SwapFree:         720156 kB
Dirty:                40 kB
Writeback:             0 kB
AnonPages:        976180 kB
Mapped:           690120 kB
Shmem:             23024 kB
Slab:             118760 kB
SReclaimable:      39728 kB
SUnreclaim:        79032 kB
KernelStack:       34352 kB
PageTables:        57744 kB
NFS_Unstable:          0 kB
Bounce:                0 kB
WritebackTmp:          0 kB
CommitLimit:     2172840 kB
Committed_AS:   94487360 kB
VmallocTotal:   251658176 kB
VmallocUsed:      140908 kB
VmallocChunk:   251429220 kB
Time pass: 324 sec

---2015-12-08 15:44:45
MemTotal:        2905316 kB
MemFree:           68412 kB
Buffers:           27240 kB
Cached:          1034184 kB
SwapCached:            0 kB
Active:          1310992 kB
Inactive:         714948 kB
Active(anon):     798720 kB
Inactive(anon):   201276 kB
Active(file):     512272 kB
Inactive(file):   513672 kB
Unevictable:       12456 kB
Mlocked:               0 kB
SwapTotal:        720184 kB
SwapFree:         720156 kB
Dirty:                 8 kB
Writeback:             0 kB
AnonPages:        976828 kB
Mapped:           690128 kB
Shmem:             23024 kB
Slab:             118772 kB
SReclaimable:      39712 kB
SUnreclaim:        79060 kB
KernelStack:       34352 kB
PageTables:        57744 kB
NFS_Unstable:          0 kB
Bounce:                0 kB
WritebackTmp:          0 kB
CommitLimit:     2172840 kB
Committed_AS:   94487360 kB
VmallocTotal:   251658176 kB
VmallocUsed:      140908 kB
VmallocChunk:   251429220 kB
Time pass: 328 sec

---2015-12-08 15:44:45
MemTotal:        2905316 kB
MemFree:           68196 kB
Buffers:           27248 kB
Cached:          1034216 kB
SwapCached:            0 kB
Active:          1311228 kB
Inactive:         714960 kB
Active(anon):     798928 kB
Inactive(anon):   201276 kB
Active(file):     512300 kB
Inactive(file):   513684 kB
Unevictable:       12456 kB
Mlocked:               0 kB
SwapTotal:        720184 kB
SwapFree:         720156 kB
Dirty:                96 kB
Writeback:             0 kB
AnonPages:        977032 kB
Mapped:           690140 kB
Shmem:             23024 kB
Slab:             118780 kB
SReclaimable:      39712 kB
SUnreclaim:        79068 kB
KernelStack:       34352 kB
PageTables:        57740 kB
NFS_Unstable:          0 kB
Bounce:                0 kB
WritebackTmp:          0 kB
CommitLimit:     2172840 kB
Committed_AS:   94487396 kB
VmallocTotal:   251658176 kB
VmallocUsed:      140908 kB
VmallocChunk:   251429220 kB
Time pass: 332 sec

---2015-12-08 15:44:45
MemTotal:        2905316 kB
MemFree:           67500 kB
Buffers:           27256 kB
Cached:          1034300 kB
SwapCached:            0 kB
Active:          1312492 kB
Inactive:         715028 kB
Active(anon):     800168 kB
Inactive(anon):   201336 kB
Active(file):     512324 kB
Inactive(file):   513692 kB
Unevictable:       12456 kB
Mlocked:               0 kB
SwapTotal:        720184 kB
SwapFree:         720156 kB
Dirty:                60 kB
Writeback:             0 kB
AnonPages:        978144 kB
Mapped:           690224 kB
Shmem:             23084 kB
Slab:             118764 kB
SReclaimable:      39712 kB
SUnreclaim:        79052 kB
KernelStack:       34352 kB
PageTables:        57788 kB
NFS_Unstable:          0 kB
Bounce:                0 kB
WritebackTmp:          0 kB
CommitLimit:     2172840 kB
Committed_AS:   94513972 kB
VmallocTotal:   251658176 kB
VmallocUsed:      140908 kB
VmallocChunk:   251429220 kB
Time pass: 336 sec

---2015-12-08 15:44:45
MemTotal:        2905316 kB
MemFree:           66548 kB
Buffers:           27272 kB
Cached:          1034372 kB
SwapCached:            0 kB
Active:          1312832 kB
Inactive:         715072 kB
Active(anon):     800476 kB
Inactive(anon):   201324 kB
Active(file):     512356 kB
Inactive(file):   513748 kB
Unevictable:       12456 kB
Mlocked:               0 kB
SwapTotal:        720184 kB
SwapFree:         720156 kB
Dirty:                16 kB
Writeback:             0 kB
AnonPages:        978720 kB
Mapped:           690260 kB
Shmem:             23084 kB
Slab:             118756 kB
SReclaimable:      39712 kB
SUnreclaim:        79044 kB
KernelStack:       34240 kB
PageTables:        57788 kB
NFS_Unstable:          0 kB
Bounce:                0 kB
WritebackTmp:          0 kB
CommitLimit:     2172840 kB
Committed_AS:   94513736 kB
VmallocTotal:   251658176 kB
VmallocUsed:      140908 kB
VmallocChunk:   251429220 kB
Time pass: 340 sec

---2015-12-08 15:44:45
MemTotal:        2905316 kB
MemFree:           65400 kB
Buffers:           27280 kB
Cached:          1034436 kB
SwapCached:            0 kB
Active:          1313896 kB
Inactive:         715108 kB
Active(anon):     801508 kB
Inactive(anon):   201324 kB
Active(file):     512388 kB
Inactive(file):   513784 kB
Unevictable:       12456 kB
Mlocked:               0 kB
SwapTotal:        720184 kB
SwapFree:         720156 kB
Dirty:                72 kB
Writeback:             0 kB
AnonPages:        979728 kB
Mapped:           690212 kB
Shmem:             23084 kB
Slab:             118748 kB
SReclaimable:      39712 kB
SUnreclaim:        79036 kB
KernelStack:       34272 kB
PageTables:        57776 kB
NFS_Unstable:          0 kB
Bounce:                0 kB
WritebackTmp:          0 kB
CommitLimit:     2172840 kB
Committed_AS:   94513828 kB
VmallocTotal:   251658176 kB
VmallocUsed:      140908 kB
VmallocChunk:   251429220 kB
Time pass: 343 sec

---2015-12-08 15:44:45
MemTotal:        2905316 kB
MemFree:           65008 kB
Buffers:           27288 kB
Cached:          1034456 kB
SwapCached:            0 kB
Active:          1313916 kB
Inactive:         715104 kB
Active(anon):     801500 kB
Inactive(anon):   201324 kB
Active(file):     512416 kB
Inactive(file):   513780 kB
Unevictable:       12456 kB
Mlocked:               0 kB
SwapTotal:        720184 kB
SwapFree:         720156 kB
Dirty:                96 kB
Writeback:             0 kB
AnonPages:        979820 kB
Mapped:           690216 kB
Shmem:             23084 kB
Slab:             118764 kB
SReclaimable:      39712 kB
SUnreclaim:        79052 kB
KernelStack:       34256 kB
PageTables:        57772 kB
NFS_Unstable:          0 kB
Bounce:                0 kB
WritebackTmp:          0 kB
CommitLimit:     2172840 kB
Committed_AS:   94513816 kB
VmallocTotal:   251658176 kB
VmallocUsed:      140908 kB
VmallocChunk:   251429220 kB
Time pass: 347 sec

---2015-12-08 15:44:45
MemTotal:        2905316 kB
MemFree:           64572 kB
Buffers:           27304 kB
Cached:          1034560 kB
SwapCached:            0 kB
Active:          1314820 kB
Inactive:         715208 kB
Active(anon):     802380 kB
Inactive(anon):   201324 kB
Active(file):     512440 kB
Inactive(file):   513884 kB
Unevictable:       12456 kB
Mlocked:               0 kB
SwapTotal:        720184 kB
SwapFree:         720156 kB
Dirty:               136 kB
Writeback:             0 kB
AnonPages:        980704 kB
Mapped:           690224 kB
Shmem:             23084 kB
Slab:             118744 kB
SReclaimable:      39712 kB
SUnreclaim:        79032 kB
KernelStack:       34272 kB
PageTables:        57768 kB
NFS_Unstable:          0 kB
Bounce:                0 kB
WritebackTmp:          0 kB
CommitLimit:     2172840 kB
Committed_AS:   94513836 kB
VmallocTotal:   251658176 kB
VmallocUsed:      140908 kB
VmallocChunk:   251429220 kB
Time pass: 351 sec

---2015-12-08 15:44:45
MemTotal:        2905316 kB
MemFree:           64016 kB
Buffers:           27312 kB
Cached:          1034580 kB
SwapCached:            0 kB
Active:          1314984 kB
Inactive:         715216 kB
Active(anon):     802524 kB
Inactive(anon):   201324 kB
Active(file):     512460 kB
Inactive(file):   513892 kB
Unevictable:       12456 kB
Mlocked:               0 kB
SwapTotal:        720184 kB
SwapFree:         720156 kB
Dirty:                68 kB
Writeback:             0 kB
AnonPages:        980904 kB
Mapped:           690232 kB
Shmem:             23084 kB
Slab:             118832 kB
SReclaimable:      39712 kB
SUnreclaim:        79120 kB
KernelStack:       34272 kB
PageTables:        57768 kB
NFS_Unstable:          0 kB
Bounce:                0 kB
WritebackTmp:          0 kB
CommitLimit:     2172840 kB
Committed_AS:   94513864 kB
VmallocTotal:   251658176 kB
VmallocUsed:      140908 kB
VmallocChunk:   251429220 kB
Time pass: 355 sec

---2015-12-08 15:44:45
MemTotal:        2905316 kB
MemFree:           63992 kB
Buffers:           27320 kB
Cached:          1034604 kB
SwapCached:            0 kB
Active:          1315232 kB
Inactive:         715224 kB
Active(anon):     802748 kB
Inactive(anon):   201324 kB
Active(file):     512484 kB
Inactive(file):   513900 kB
Unevictable:       12456 kB
Mlocked:               0 kB
SwapTotal:        720184 kB
SwapFree:         720156 kB
Dirty:                28 kB
Writeback:             0 kB
AnonPages:        980936 kB
Mapped:           690232 kB
Shmem:             23084 kB
Slab:             118748 kB
SReclaimable:      39712 kB
SUnreclaim:        79036 kB
KernelStack:       34240 kB
PageTables:        57768 kB
NFS_Unstable:          0 kB
Bounce:                0 kB
WritebackTmp:          0 kB
CommitLimit:     2172840 kB
Committed_AS:   94513840 kB
VmallocTotal:   251658176 kB
VmallocUsed:      140908 kB
VmallocChunk:   251429220 kB
Time pass: 359 sec

---2015-12-08 15:44:45
MemTotal:        2905316 kB
MemFree:           70808 kB
Buffers:           27336 kB
Cached:          1031248 kB
SwapCached:            0 kB
Active:          1315316 kB
Inactive:         712872 kB
Active(anon):     803932 kB
Inactive(anon):   201324 kB
Active(file):     511384 kB
Inactive(file):   511548 kB
Unevictable:       12456 kB
Mlocked:               0 kB
SwapTotal:        720184 kB
SwapFree:         720156 kB
Dirty:               144 kB
Writeback:             0 kB
AnonPages:        982112 kB
Mapped:           690012 kB
Shmem:             23084 kB
Slab:             114776 kB
SReclaimable:      35888 kB
SUnreclaim:        78888 kB
KernelStack:       34336 kB
PageTables:        57768 kB
NFS_Unstable:          0 kB
Bounce:                0 kB
WritebackTmp:          0 kB
CommitLimit:     2172840 kB
Committed_AS:   94513884 kB
VmallocTotal:   251658176 kB
VmallocUsed:      140908 kB
VmallocChunk:   251429220 kB
Time pass: 362 sec

---2015-12-08 15:44:45
MemTotal:        2905316 kB
MemFree:           71804 kB
Buffers:           27344 kB
Cached:          1031376 kB
SwapCached:            0 kB
Active:          1314660 kB
Inactive:         713000 kB
Active(anon):     803248 kB
Inactive(anon):   200716 kB
Active(file):     511412 kB
Inactive(file):   512284 kB
Unevictable:       12456 kB
Mlocked:               0 kB
SwapTotal:        720184 kB
SwapFree:         720156 kB
Dirty:                44 kB
Writeback:             0 kB
AnonPages:        981272 kB
Mapped:           689556 kB
Shmem:             22564 kB
Slab:             114676 kB
SReclaimable:      35920 kB
SUnreclaim:        78756 kB
KernelStack:       34336 kB
PageTables:        57340 kB
NFS_Unstable:          0 kB
Bounce:                0 kB
WritebackTmp:          0 kB
CommitLimit:     2172840 kB
Committed_AS:   94252024 kB
VmallocTotal:   251658176 kB
VmallocUsed:      140908 kB
VmallocChunk:   251429220 kB
Time pass: 366 sec

---2015-12-08 15:44:45
MemTotal:        2905316 kB
MemFree:           74004 kB
Buffers:           27344 kB
Cached:          1031328 kB
SwapCached:            0 kB
Active:          1312432 kB
Inactive:         712932 kB
Active(anon):     801000 kB
Inactive(anon):   200644 kB
Active(file):     511432 kB
Inactive(file):   512288 kB
Unevictable:       12456 kB
Mlocked:               0 kB
SwapTotal:        720184 kB
SwapFree:         720156 kB
Dirty:                92 kB
Writeback:             0 kB
AnonPages:        979180 kB
Mapped:           689544 kB
Shmem:             22492 kB
Slab:             114664 kB
SReclaimable:      35920 kB
SUnreclaim:        78744 kB
KernelStack:       34336 kB
PageTables:        57300 kB
NFS_Unstable:          0 kB
Bounce:                0 kB
WritebackTmp:          0 kB
CommitLimit:     2172840 kB
Committed_AS:   94252008 kB
VmallocTotal:   251658176 kB
VmallocUsed:      140908 kB
VmallocChunk:   251429220 kB
Time pass: 370 sec

---2015-12-08 15:44:45
MemTotal:        2905316 kB
MemFree:           73316 kB
Buffers:           27376 kB
Cached:          1031400 kB
SwapCached:            0 kB
Active:          1313740 kB
Inactive:         712988 kB
Active(anon):     802256 kB
Inactive(anon):   200644 kB
Active(file):     511484 kB
Inactive(file):   512344 kB
Unevictable:       12456 kB
Mlocked:               0 kB
SwapTotal:        720184 kB
SwapFree:         720156 kB
Dirty:               136 kB
Writeback:             0 kB
AnonPages:        980508 kB
Mapped:           689520 kB
Shmem:             22492 kB
Slab:             114832 kB
SReclaimable:      35920 kB
SUnreclaim:        78912 kB
KernelStack:       34336 kB
PageTables:        57276 kB
NFS_Unstable:          0 kB
Bounce:                0 kB
WritebackTmp:          0 kB
CommitLimit:     2172840 kB
Committed_AS:   94252024 kB
VmallocTotal:   251658176 kB
VmallocUsed:      140908 kB
VmallocChunk:   251429220 kB
Time pass: 374 sec

---2015-12-08 15:44:45
MemTotal:        2905316 kB
MemFree:           72620 kB
Buffers:           27376 kB
Cached:          1031424 kB
SwapCached:            0 kB
Active:          1313960 kB
Inactive:         712996 kB
Active(anon):     802460 kB
Inactive(anon):   200644 kB
Active(file):     511500 kB
Inactive(file):   512352 kB
Unevictable:       12456 kB
Mlocked:               0 kB
SwapTotal:        720184 kB
SwapFree:         720156 kB
Dirty:                 4 kB
Writeback:             0 kB
AnonPages:        980608 kB
Mapped:           689584 kB
Shmem:             22492 kB
Slab:             114816 kB
SReclaimable:      35920 kB
SUnreclaim:        78896 kB
KernelStack:       34288 kB
PageTables:        57296 kB
NFS_Unstable:          0 kB
Bounce:                0 kB
WritebackTmp:          0 kB
CommitLimit:     2172840 kB
Committed_AS:   94252020 kB
VmallocTotal:   251658176 kB
VmallocUsed:      140908 kB
VmallocChunk:   251429220 kB
Time pass: 378 sec

---2015-12-08 15:44:45
MemTotal:        2905316 kB
MemFree:           72432 kB
Buffers:           27384 kB
Cached:          1031436 kB
SwapCached:            0 kB
Active:          1314176 kB
Inactive:         713000 kB
Active(anon):     802660 kB
Inactive(anon):   200644 kB
Active(file):     511516 kB
Inactive(file):   512356 kB
Unevictable:       12456 kB
Mlocked:               0 kB
SwapTotal:        720184 kB
SwapFree:         720156 kB
Dirty:                48 kB
Writeback:             0 kB
AnonPages:        980796 kB
Mapped:           689588 kB
Shmem:             22492 kB
Slab:             114700 kB
SReclaimable:      35920 kB
SUnreclaim:        78780 kB
KernelStack:       34336 kB
PageTables:        57304 kB
NFS_Unstable:          0 kB
Bounce:                0 kB
WritebackTmp:          0 kB
CommitLimit:     2172840 kB
Committed_AS:   94252036 kB
VmallocTotal:   251658176 kB
VmallocUsed:      140908 kB
VmallocChunk:   251429220 kB
Time pass: 382 sec

---2015-12-08 15:44:45
MemTotal:        2905316 kB
MemFree:           71332 kB
Buffers:           27408 kB
Cached:          1031484 kB
SwapCached:            0 kB
Active:          1315512 kB
Inactive:         713016 kB
Active(anon):     803972 kB
Inactive(anon):   200644 kB
Active(file):     511540 kB
Inactive(file):   512372 kB
Unevictable:       12456 kB
Mlocked:               0 kB
SwapTotal:        720184 kB
SwapFree:         720156 kB
Dirty:               100 kB
Writeback:             0 kB
AnonPages:        982084 kB
Mapped:           689592 kB
Shmem:             22492 kB
Slab:             114700 kB
SReclaimable:      35920 kB
SUnreclaim:        78780 kB
KernelStack:       34336 kB
PageTables:        57304 kB
NFS_Unstable:          0 kB
Bounce:                0 kB
WritebackTmp:          0 kB
CommitLimit:     2172840 kB
Committed_AS:   94252000 kB
VmallocTotal:   251658176 kB
VmallocUsed:      140908 kB
VmallocChunk:   251429220 kB
Time pass: 385 sec

---2015-12-08 15:44:45
MemTotal:        2905316 kB
MemFree:           70860 kB
Buffers:           27408 kB
Cached:          1031516 kB
SwapCached:            0 kB
Active:          1315564 kB
Inactive:         713048 kB
Active(anon):     803992 kB
Inactive(anon):   200644 kB
Active(file):     511572 kB
Inactive(file):   512404 kB
Unevictable:       12456 kB
Mlocked:               0 kB
SwapTotal:        720184 kB
SwapFree:         720156 kB
Dirty:                16 kB
Writeback:             0 kB
AnonPages:        982128 kB
Mapped:           689596 kB
Shmem:             22492 kB
Slab:             114744 kB
SReclaimable:      35920 kB
SUnreclaim:        78824 kB
KernelStack:       34336 kB
PageTables:        57304 kB
NFS_Unstable:          0 kB
Bounce:                0 kB
WritebackTmp:          0 kB
CommitLimit:     2172840 kB
Committed_AS:   94252036 kB
VmallocTotal:   251658176 kB
VmallocUsed:      140908 kB
VmallocChunk:   251429220 kB
Time pass: 389 sec

---2015-12-08 15:44:45
MemTotal:        2905316 kB
MemFree:           70568 kB
Buffers:           27416 kB
Cached:          1031540 kB
SwapCached:            0 kB
Active:          1315680 kB
Inactive:         713064 kB
