---2015-12-11 14:50:42
MemTotal:        2873608 kB
MemFree:           69088 kB
Buffers:           23516 kB
Cached:          1324156 kB
SwapCached:            0 kB
Active:          1282708 kB
Inactive:        1000240 kB
Active(anon):     755472 kB
Inactive(anon):   189620 kB
Active(file):     527236 kB
Inactive(file):   810620 kB
Unevictable:        8104 kB
Mlocked:               0 kB
SwapTotal:        715328 kB
SwapFree:         715328 kB
Dirty:               988 kB
Writeback:             0 kB
AnonPages:        943428 kB
Mapped:           496700 kB
Shmem:              1712 kB
Slab:              97168 kB
SReclaimable:      31948 kB
SUnreclaim:        65220 kB
KernelStack:       38208 kB
PageTables:        50304 kB
NFS_Unstable:          0 kB
Bounce:                0 kB
WritebackTmp:          0 kB
CommitLimit:     2152132 kB
Committed_AS:   125589320 kB
VmallocTotal:   251658176 kB
VmallocUsed:      137176 kB
VmallocChunk:   251422252 kB
Time pass: 3 sec

---2015-12-11 14:50:42
MemTotal:        2873608 kB
MemFree:           94108 kB
Buffers:           23592 kB
Cached:          1329708 kB
SwapCached:            0 kB
Active:          1263580 kB
Inactive:         996452 kB
Active(anon):     726960 kB
Inactive(anon):   189828 kB
Active(file):     536620 kB
Inactive(file):   806624 kB
Unevictable:        8104 kB
Mlocked:               0 kB
SwapTotal:        715328 kB
SwapFree:         715328 kB
Dirty:              6012 kB
Writeback:             0 kB
AnonPages:        915364 kB
Mapped:           478624 kB
Shmem:              1924 kB
Slab:              96948 kB
SReclaimable:      31888 kB
SUnreclaim:        65060 kB
KernelStack:       36352 kB
PageTables:        49124 kB
NFS_Unstable:          0 kB
Bounce:                0 kB
WritebackTmp:          0 kB
CommitLimit:     2152132 kB
Committed_AS:   121369056 kB
VmallocTotal:   251658176 kB
VmallocUsed:      135136 kB
VmallocChunk:   251422252 kB
Time pass: 7 sec

---2015-12-11 14:50:42
MemTotal:        2873608 kB
MemFree:           99116 kB
Buffers:           23752 kB
Cached:          1330284 kB
SwapCached:            0 kB
Active:          1282348 kB
Inactive:         978512 kB
Active(anon):     727048 kB
Inactive(anon):   189676 kB
Active(file):     555300 kB
Inactive(file):   788836 kB
Unevictable:        8104 kB
Mlocked:               0 kB
SwapTotal:        715328 kB
SwapFree:         715328 kB
Dirty:              6276 kB
Writeback:             0 kB
AnonPages:        914952 kB
Mapped:           439564 kB
Shmem:              1800 kB
Slab:              96584 kB
SReclaimable:      31824 kB
SUnreclaim:        64760 kB
KernelStack:       36480 kB
PageTables:        48804 kB
NFS_Unstable:          0 kB
Bounce:                0 kB
WritebackTmp:          0 kB
CommitLimit:     2152132 kB
Committed_AS:   120241736 kB
VmallocTotal:   251658176 kB
VmallocUsed:      134840 kB
VmallocChunk:   251425324 kB
Time pass: 11 sec

---2015-12-11 14:50:42
MemTotal:        2873608 kB
MemFree:          121132 kB
Buffers:           25344 kB
Cached:          1330572 kB
SwapCached:            0 kB
Active:          1263964 kB
Inactive:         976612 kB
Active(anon):     704888 kB
Inactive(anon):   189472 kB
Active(file):     559076 kB
Inactive(file):   787140 kB
Unevictable:        8104 kB
Mlocked:               0 kB
SwapTotal:        715328 kB
SwapFree:         715328 kB
Dirty:               276 kB
Writeback:             0 kB
AnonPages:        892644 kB
Mapped:           452416 kB
Shmem:              1596 kB
Slab:              96420 kB
SReclaimable:      31832 kB
SUnreclaim:        64588 kB
KernelStack:       35584 kB
PageTables:        47800 kB
NFS_Unstable:          0 kB
Bounce:                0 kB
WritebackTmp:          0 kB
CommitLimit:     2152132 kB
Committed_AS:   118514040 kB
VmallocTotal:   251658176 kB
VmallocUsed:      133820 kB
VmallocChunk:   251427372 kB
Time pass: 15 sec

---2015-12-11 14:50:42
MemTotal:        2873608 kB
MemFree:           72028 kB
Buffers:           25428 kB
Cached:          1332060 kB
SwapCached:            0 kB
Active:          1306896 kB
Inactive:         974940 kB
Active(anon):     744576 kB
Inactive(anon):   189588 kB
Active(file):     562320 kB
Inactive(file):   785352 kB
Unevictable:        8104 kB
Mlocked:               0 kB
SwapTotal:        715328 kB
SwapFree:         715328 kB
Dirty:               904 kB
Writeback:             0 kB
AnonPages:        932220 kB
Mapped:           487048 kB
Shmem:              1712 kB
Slab:              96468 kB
SReclaimable:      31864 kB
SUnreclaim:        64604 kB
KernelStack:       37168 kB
PageTables:        48560 kB
NFS_Unstable:          0 kB
Bounce:                0 kB
WritebackTmp:          0 kB
CommitLimit:     2152132 kB
Committed_AS:   117990648 kB
VmallocTotal:   251658176 kB
VmallocUsed:      134128 kB
VmallocChunk:   251427372 kB
Time pass: 18 sec

---2015-12-11 14:50:42
MemTotal:        2873608 kB
MemFree:           75332 kB
Buffers:           24912 kB
Cached:          1230036 kB
SwapCached:            0 kB
Active:          1357396 kB
Inactive:         845096 kB
Active(anon):     762848 kB
Inactive(anon):   195096 kB
Active(file):     594548 kB
Inactive(file):   650000 kB
Unevictable:        8104 kB
Mlocked:               0 kB
SwapTotal:        715328 kB
SwapFree:         715328 kB
Dirty:              1392 kB
Writeback:             0 kB
AnonPages:        955964 kB
Mapped:           496248 kB
Shmem:              1864 kB
Slab:              98160 kB
SReclaimable:      31980 kB
SUnreclaim:        66180 kB
KernelStack:       38752 kB
PageTables:        50748 kB
NFS_Unstable:          0 kB
Bounce:                0 kB
WritebackTmp:          0 kB
CommitLimit:     2152132 kB
Committed_AS:   122299528 kB
VmallocTotal:   251658176 kB
VmallocUsed:      136792 kB
VmallocChunk:   251427372 kB
Time pass: 22 sec

---2015-12-11 14:50:42
MemTotal:        2873608 kB
MemFree:           72628 kB
Buffers:           24388 kB
Cached:          1137156 kB
SwapCached:            0 kB
Active:          1337516 kB
Inactive:         767164 kB
Active(anon):     764364 kB
Inactive(anon):   193560 kB
Active(file):     573152 kB
Inactive(file):   573604 kB
Unevictable:       13568 kB
Mlocked:               0 kB
SwapTotal:        715328 kB
SwapFree:         714068 kB
Dirty:              3728 kB
Writeback:             4 kB
AnonPages:        956948 kB
Mapped:           582416 kB
Shmem:              1304 kB
Slab:              97624 kB
SReclaimable:      31776 kB
SUnreclaim:        65848 kB
KernelStack:       37968 kB
PageTables:        50004 kB
NFS_Unstable:          0 kB
Bounce:                0 kB
WritebackTmp:          0 kB
CommitLimit:     2152132 kB
Committed_AS:   118773840 kB
VmallocTotal:   251658176 kB
VmallocUsed:      136624 kB
VmallocChunk:   251427372 kB
Time pass: 26 sec

---2015-12-11 14:50:42
MemTotal:        2873608 kB
MemFree:           93776 kB
Buffers:           24348 kB
Cached:          1125332 kB
SwapCached:            0 kB
Active:          1359428 kB
Inactive:         738288 kB
Active(anon):     767588 kB
Inactive(anon):   195476 kB
Active(file):     591840 kB
Inactive(file):   542812 kB
Unevictable:       13568 kB
Mlocked:               0 kB
SwapTotal:        715328 kB
SwapFree:         713852 kB
Dirty:              6448 kB
Writeback:             0 kB
AnonPages:        962044 kB
Mapped:           548204 kB
Shmem:              1444 kB
Slab:              97844 kB
SReclaimable:      31964 kB
SUnreclaim:        65880 kB
KernelStack:       38192 kB
PageTables:        49928 kB
NFS_Unstable:          0 kB
Bounce:                0 kB
WritebackTmp:          0 kB
CommitLimit:     2152132 kB
Committed_AS:   121058116 kB
VmallocTotal:   251658176 kB
VmallocUsed:      136504 kB
VmallocChunk:   251427372 kB
Time pass: 30 sec

---2015-12-11 14:50:42
MemTotal:        2873608 kB
MemFree:           90384 kB
Buffers:           23776 kB
Cached:          1073884 kB
SwapCached:            0 kB
Active:          1301272 kB
Inactive:         735080 kB
Active(anon):     756704 kB
Inactive(anon):   196932 kB
Active(file):     544568 kB
Inactive(file):   538148 kB
Unevictable:       13568 kB
Mlocked:               0 kB
SwapTotal:        715328 kB
SwapFree:         710872 kB
Dirty:              1412 kB
Writeback:             0 kB
AnonPages:        952788 kB
Mapped:           582772 kB
Shmem:              1376 kB
Slab:              97964 kB
SReclaimable:      31944 kB
SUnreclaim:        66020 kB
KernelStack:       38048 kB
PageTables:        50116 kB
NFS_Unstable:          0 kB
Bounce:                0 kB
WritebackTmp:          0 kB
CommitLimit:     2152132 kB
Committed_AS:   122853696 kB
VmallocTotal:   251658176 kB
VmallocUsed:      138932 kB
VmallocChunk:   251427372 kB
Time pass: 33 sec

---2015-12-11 14:50:42
MemTotal:        2873608 kB
MemFree:           64060 kB
Buffers:           23668 kB
Cached:          1060852 kB
SwapCached:            0 kB
Active:          1330380 kB
Inactive:         730108 kB
Active(anon):     793040 kB
Inactive(anon):   197416 kB
Active(file):     537340 kB
Inactive(file):   532692 kB
Unevictable:       13568 kB
Mlocked:               0 kB
SwapTotal:        715328 kB
SwapFree:         710100 kB
Dirty:               784 kB
Writeback:             0 kB
AnonPages:        988872 kB
Mapped:           626536 kB
Shmem:              1304 kB
Slab:              97928 kB
SReclaimable:      31960 kB
SUnreclaim:        65968 kB
KernelStack:       38336 kB
PageTables:        50196 kB
NFS_Unstable:          0 kB
Bounce:                0 kB
WritebackTmp:          0 kB
CommitLimit:     2152132 kB
Committed_AS:   119930260 kB
VmallocTotal:   251658176 kB
VmallocUsed:      137028 kB
VmallocChunk:   251427372 kB
Time pass: 37 sec

---2015-12-11 14:50:42
MemTotal:        2873608 kB
MemFree:           90328 kB
Buffers:           23788 kB
Cached:          1067692 kB
SwapCached:            0 kB
Active:          1302104 kB
Inactive:         741524 kB
Active(anon):     767592 kB
Inactive(anon):   199660 kB
Active(file):     534512 kB
Inactive(file):   541864 kB
Unevictable:       13568 kB
Mlocked:               0 kB
SwapTotal:        715328 kB
SwapFree:         709888 kB
Dirty:              1744 kB
Writeback:             0 kB
AnonPages:        966168 kB
Mapped:           628872 kB
Shmem:              1240 kB
Slab:              97892 kB
SReclaimable:      31624 kB
SUnreclaim:        66268 kB
KernelStack:       38240 kB
PageTables:        50532 kB
NFS_Unstable:          0 kB
Bounce:                0 kB
WritebackTmp:          0 kB
CommitLimit:     2152132 kB
Committed_AS:   120562948 kB
VmallocTotal:   251658176 kB
VmallocUsed:      136988 kB
VmallocChunk:   251427372 kB
Time pass: 41 sec

---2015-12-11 14:50:42
MemTotal:        2873608 kB
MemFree:           66756 kB
Buffers:           17908 kB
Cached:          1018724 kB
SwapCached:            0 kB
Active:          1313560 kB
Inactive:         711696 kB
Active(anon):     803476 kB
Inactive(anon):   200128 kB
Active(file):     510084 kB
Inactive(file):   511568 kB
Unevictable:       13568 kB
Mlocked:               0 kB
SwapTotal:        715328 kB
SwapFree:         707808 kB
Dirty:              1392 kB
Writeback:             0 kB
AnonPages:       1002472 kB
Mapped:           649668 kB
Shmem:              1252 kB
Slab:              98696 kB
SReclaimable:      31840 kB
SUnreclaim:        66856 kB
KernelStack:       40224 kB
PageTables:        52784 kB
NFS_Unstable:          0 kB
Bounce:                0 kB
WritebackTmp:          0 kB
CommitLimit:     2152132 kB
Committed_AS:   126444160 kB
VmallocTotal:   251658176 kB
VmallocUsed:      140268 kB
VmallocChunk:   251427372 kB
Time pass: 45 sec

---2015-12-11 14:50:42
MemTotal:        2873608 kB
MemFree:           71628 kB
Buffers:           15960 kB
Cached:          1025004 kB
SwapCached:            0 kB
Active:          1309664 kB
Inactive:         721612 kB
Active(anon):     800660 kB
Inactive(anon):   204464 kB
Active(file):     509004 kB
Inactive(file):   517148 kB
Unevictable:       13568 kB
Mlocked:               0 kB
SwapTotal:        715328 kB
SwapFree:         707808 kB
Dirty:               500 kB
Writeback:             0 kB
AnonPages:       1004300 kB
Mapped:           618040 kB
Shmem:              1132 kB
Slab:              98960 kB
SReclaimable:      31704 kB
SUnreclaim:        67256 kB
KernelStack:       38976 kB
PageTables:        51948 kB
NFS_Unstable:          0 kB
Bounce:                0 kB
WritebackTmp:          0 kB
CommitLimit:     2152132 kB
Committed_AS:   127392264 kB
VmallocTotal:   251658176 kB
VmallocUsed:      139112 kB
VmallocChunk:   251427372 kB
Time pass: 48 sec

---2015-12-11 14:50:42
MemTotal:        2873608 kB
MemFree:           93212 kB
Buffers:           17976 kB
Cached:          1019636 kB
SwapCached:            0 kB
Active:          1295576 kB
Inactive:         719656 kB
Active(anon):     787288 kB
Inactive(anon):   206432 kB
Active(file):     508288 kB
Inactive(file):   513224 kB
Unevictable:       13568 kB
Mlocked:               0 kB
SwapTotal:        715328 kB
SwapFree:         707656 kB
Dirty:               384 kB
Writeback:           208 kB
AnonPages:        991424 kB
Mapped:           632496 kB
Shmem:              2220 kB
Slab:              99092 kB
SReclaimable:      31864 kB
SUnreclaim:        67228 kB
KernelStack:       39200 kB
PageTables:        51792 kB
NFS_Unstable:          0 kB
Bounce:                0 kB
WritebackTmp:          0 kB
CommitLimit:     2152132 kB
Committed_AS:   123959456 kB
VmallocTotal:   251658176 kB
VmallocUsed:      138100 kB
VmallocChunk:   251427372 kB
Time pass: 52 sec

---2015-12-11 14:50:42
MemTotal:        2873608 kB
MemFree:           70108 kB
Buffers:           18064 kB
Cached:           989444 kB
SwapCached:            0 kB
Active:          1334432 kB
Inactive:         703636 kB
Active(anon):     837300 kB
Inactive(anon):   208096 kB
Active(file):     497132 kB
Inactive(file):   495540 kB
Unevictable:       13568 kB
Mlocked:               0 kB
SwapTotal:        715328 kB
SwapFree:         707404 kB
Dirty:               944 kB
Writeback:             0 kB
AnonPages:       1044388 kB
Mapped:           645652 kB
Shmem:              1048 kB
Slab:              99468 kB
SReclaimable:      31996 kB
SUnreclaim:        67472 kB
KernelStack:       40096 kB
PageTables:        52040 kB
NFS_Unstable:          0 kB
Bounce:                0 kB
WritebackTmp:          0 kB
CommitLimit:     2152132 kB
Committed_AS:   123964500 kB
VmallocTotal:   251658176 kB
VmallocUsed:      138100 kB
VmallocChunk:   251427372 kB
Time pass: 56 sec

---2015-12-11 14:50:42
MemTotal:        2873608 kB
MemFree:          108440 kB
Buffers:           18064 kB
Cached:           990036 kB
SwapCached:            0 kB
Active:          1296756 kB
Inactive:         704156 kB
Active(anon):     799420 kB
Inactive(anon):   208100 kB
Active(file):     497336 kB
Inactive(file):   496056 kB
Unevictable:       13568 kB
Mlocked:               0 kB
SwapTotal:        715328 kB
SwapFree:         707404 kB
Dirty:                76 kB
Writeback:             0 kB
AnonPages:       1006420 kB
Mapped:           645512 kB
Shmem:              1128 kB
Slab:              99660 kB
SReclaimable:      32108 kB
SUnreclaim:        67552 kB
KernelStack:       40160 kB
PageTables:        51468 kB
NFS_Unstable:          0 kB
Bounce:                0 kB
WritebackTmp:          0 kB
CommitLimit:     2152132 kB
Committed_AS:   122178128 kB
VmallocTotal:   251658176 kB
VmallocUsed:      137080 kB
VmallocChunk:   251427372 kB
Time pass: 60 sec

---2015-12-11 14:50:42
MemTotal:        2873608 kB
MemFree:          112664 kB
Buffers:           18072 kB
Cached:           990120 kB
SwapCached:            0 kB
Active:          1293180 kB
Inactive:         704156 kB
Active(anon):     795748 kB
Inactive(anon):   208100 kB
Active(file):     497432 kB
Inactive(file):   496056 kB
Unevictable:       13568 kB
Mlocked:               0 kB
SwapTotal:        715328 kB
SwapFree:         707404 kB
Dirty:                80 kB
Writeback:             0 kB
AnonPages:       1002700 kB
Mapped:           642712 kB
Shmem:              1128 kB
Slab:              99296 kB
SReclaimable:      32012 kB
SUnreclaim:        67284 kB
KernelStack:       39584 kB
PageTables:        50884 kB
NFS_Unstable:          0 kB
Bounce:                0 kB
WritebackTmp:          0 kB
CommitLimit:     2152132 kB
Committed_AS:   120942068 kB
VmallocTotal:   251658176 kB
VmallocUsed:      136060 kB
VmallocChunk:   251427372 kB
Time pass: 64 sec

---2015-12-11 14:50:42
MemTotal:        2873608 kB
MemFree:          110216 kB
Buffers:           18124 kB
Cached:           990536 kB
SwapCached:            0 kB
Active:          1290672 kB
Inactive:         704144 kB
Active(anon):     792752 kB
Inactive(anon):   208100 kB
Active(file):     497920 kB
Inactive(file):   496044 kB
Unevictable:       13568 kB
Mlocked:               0 kB
SwapTotal:        715328 kB
SwapFree:         707404 kB
Dirty:               140 kB
Writeback:             0 kB
AnonPages:        999972 kB
Mapped:           644564 kB
Shmem:              1128 kB
Slab:              99280 kB
SReclaimable:      32012 kB
SUnreclaim:        67268 kB
KernelStack:       39840 kB
PageTables:        50932 kB
NFS_Unstable:          0 kB
Bounce:                0 kB
WritebackTmp:          0 kB
CommitLimit:     2152132 kB
Committed_AS:   120944068 kB
VmallocTotal:   251658176 kB
VmallocUsed:      136072 kB
VmallocChunk:   251427372 kB
Time pass: 68 sec

---2015-12-11 14:50:42
MemTotal:        2873608 kB
MemFree:          112436 kB
Buffers:           18132 kB
Cached:           990528 kB
SwapCached:            0 kB
Active:          1288000 kB
Inactive:         704144 kB
Active(anon):     790080 kB
Inactive(anon):   208100 kB
Active(file):     497920 kB
Inactive(file):   496044 kB
Unevictable:       13568 kB
Mlocked:               0 kB
SwapTotal:        715328 kB
SwapFree:         707404 kB
Dirty:               140 kB
Writeback:             0 kB
AnonPages:        996920 kB
Mapped:           644688 kB
Shmem:              1128 kB
Slab:              99280 kB
SReclaimable:      32012 kB
SUnreclaim:        67268 kB
KernelStack:       39904 kB
PageTables:        50976 kB
NFS_Unstable:          0 kB
Bounce:                0 kB
WritebackTmp:          0 kB
CommitLimit:     2152132 kB
Committed_AS:   120944108 kB
VmallocTotal:   251658176 kB
VmallocUsed:      136072 kB
VmallocChunk:   251427372 kB
Time pass: 72 sec

---2015-12-11 14:50:42
MemTotal:        2873608 kB
MemFree:           65180 kB
Buffers:           16224 kB
Cached:           981436 kB
SwapCached:            0 kB
Active:          1292048 kB
Inactive:         696352 kB
Active(anon):     797872 kB
Inactive(anon):   207564 kB
Active(file):     494176 kB
Inactive(file):   488788 kB
Unevictable:       13568 kB
Mlocked:               0 kB
SwapTotal:        715328 kB
SwapFree:         706932 kB
Dirty:               608 kB
Writeback:             0 kB
AnonPages:       1004400 kB
Mapped:           658972 kB
Shmem:              1128 kB
Slab:              99236 kB
SReclaimable:      31996 kB
SUnreclaim:        67240 kB
KernelStack:       39872 kB
PageTables:        51028 kB
NFS_Unstable:          0 kB
Bounce:                0 kB
WritebackTmp:          0 kB
CommitLimit:     2152132 kB
Committed_AS:   120945508 kB
VmallocTotal:   251658176 kB
VmallocUsed:      136224 kB
VmallocChunk:   251427372 kB
Time pass: 75 sec

---2015-12-11 14:50:42
MemTotal:        2873608 kB
MemFree:           64500 kB
Buffers:           16240 kB
Cached:           976916 kB
SwapCached:            0 kB
Active:          1296472 kB
Inactive:         695704 kB
Active(anon):     807052 kB
Inactive(anon):   206952 kB
Active(file):     489420 kB
Inactive(file):   488752 kB
Unevictable:       13568 kB
Mlocked:               0 kB
SwapTotal:        715328 kB
SwapFree:         706380 kB
Dirty:               264 kB
Writeback:             0 kB
AnonPages:       1013080 kB
Mapped:           658068 kB
Shmem:              1128 kB
Slab:              99360 kB
SReclaimable:      31996 kB
SUnreclaim:        67364 kB
KernelStack:       39856 kB
PageTables:        51076 kB
NFS_Unstable:          0 kB
Bounce:                0 kB
WritebackTmp:          0 kB
CommitLimit:     2152132 kB
Committed_AS:   120945644 kB
VmallocTotal:   251658176 kB
VmallocUsed:      136224 kB
VmallocChunk:   251427372 kB
Time pass: 79 sec

---2015-12-11 14:50:42
MemTotal:        2873608 kB
MemFree:           66808 kB
Buffers:           15776 kB
Cached:           960340 kB
SwapCached:            4 kB
Active:          1302752 kB
Inactive:         685660 kB
Active(anon):     821836 kB
Inactive(anon):   205100 kB
Active(file):     480916 kB
Inactive(file):   480560 kB
Unevictable:       13568 kB
Mlocked:               0 kB
SwapTotal:        715328 kB
SwapFree:         704800 kB
Dirty:                 0 kB
Writeback:             0 kB
AnonPages:       1025736 kB
Mapped:           659680 kB
Shmem:              1072 kB
Slab:              99108 kB
SReclaimable:      31580 kB
SUnreclaim:        67528 kB
KernelStack:       40224 kB
PageTables:        51328 kB
NFS_Unstable:          0 kB
Bounce:                0 kB
WritebackTmp:          0 kB
CommitLimit:     2152132 kB
Committed_AS:   120985516 kB
VmallocTotal:   251658176 kB
VmallocUsed:      138656 kB
VmallocChunk:   251427372 kB
Time pass: 83 sec

---2015-12-11 14:50:42
MemTotal:        2873608 kB
MemFree:           72244 kB
Buffers:           12772 kB
Cached:           924040 kB
SwapCached:            4 kB
Active:          1284832 kB
Inactive:         664024 kB
Active(anon):     821312 kB
Inactive(anon):   205196 kB
Active(file):     463520 kB
Inactive(file):   458828 kB
Unevictable:       13568 kB
Mlocked:               0 kB
SwapTotal:        715328 kB
SwapFree:         701212 kB
Dirty:                88 kB
Writeback:             0 kB
AnonPages:       1025772 kB
Mapped:           646948 kB
Shmem:               816 kB
Slab:              99412 kB
SReclaimable:      31872 kB
SUnreclaim:        67540 kB
KernelStack:       40192 kB
PageTables:        51460 kB
NFS_Unstable:          0 kB
Bounce:                0 kB
WritebackTmp:          0 kB
CommitLimit:     2152132 kB
Committed_AS:   120985472 kB
VmallocTotal:   251658176 kB
VmallocUsed:      138676 kB
VmallocChunk:   251427372 kB
Time pass: 87 sec

---2015-12-11 14:50:42
MemTotal:        2873608 kB
MemFree:           69340 kB
Buffers:           12676 kB
Cached:           910748 kB
SwapCached:           52 kB
Active:          1297764 kB
Inactive:         653388 kB
Active(anon):     833312 kB
Inactive(anon):   208792 kB
Active(file):     464452 kB
Inactive(file):   444596 kB
Unevictable:       13568 kB
Mlocked:               0 kB
SwapTotal:        715328 kB
SwapFree:         699684 kB
Dirty:               200 kB
Writeback:             0 kB
AnonPages:       1041332 kB
Mapped:           645544 kB
Shmem:               796 kB
Slab:              99468 kB
SReclaimable:      31832 kB
SUnreclaim:        67636 kB
KernelStack:       40528 kB
PageTables:        52216 kB
NFS_Unstable:          0 kB
Bounce:                0 kB
WritebackTmp:          0 kB
CommitLimit:     2152132 kB
Committed_AS:   122780436 kB
VmallocTotal:   251658176 kB
VmallocUsed:      139696 kB
VmallocChunk:   251427372 kB
Time pass: 90 sec

---2015-12-11 14:50:42
MemTotal:        2873608 kB
MemFree:           66728 kB
Buffers:           12724 kB
Cached:           910972 kB
SwapCached:           52 kB
Active:          1299600 kB
Inactive:         653644 kB
Active(anon):     835140 kB
Inactive(anon):   209008 kB
Active(file):     464460 kB
Inactive(file):   444636 kB
Unevictable:       13568 kB
Mlocked:               0 kB
SwapTotal:        715328 kB
SwapFree:         699684 kB
Dirty:                56 kB
Writeback:             0 kB
AnonPages:       1043128 kB
Mapped:           645780 kB
Shmem:              1020 kB
Slab:              99572 kB
SReclaimable:      31960 kB
SUnreclaim:        67612 kB
KernelStack:       40496 kB
PageTables:        52224 kB
NFS_Unstable:          0 kB
Bounce:                0 kB
WritebackTmp:          0 kB
CommitLimit:     2152132 kB
Committed_AS:   122782388 kB
VmallocTotal:   251658176 kB
VmallocUsed:      139696 kB
VmallocChunk:   251427372 kB
Time pass: 94 sec

---2015-12-11 14:50:42
MemTotal:        2873608 kB
MemFree:           76828 kB
Buffers:           12732 kB
Cached:           910976 kB
SwapCached:           52 kB
Active:          1290924 kB
Inactive:         653656 kB
Active(anon):     826464 kB
Inactive(anon):   209020 kB
Active(file):     464460 kB
Inactive(file):   444636 kB
Unevictable:       13568 kB
Mlocked:               0 kB
SwapTotal:        715328 kB
SwapFree:         699684 kB
Dirty:                 0 kB
Writeback:             0 kB
AnonPages:       1034608 kB
Mapped:           637524 kB
Shmem:              1032 kB
Slab:              99552 kB
SReclaimable:      32008 kB
SUnreclaim:        67544 kB
KernelStack:       40224 kB
PageTables:        51028 kB
NFS_Unstable:          0 kB
Bounce:                0 kB
WritebackTmp:          0 kB
CommitLimit:     2152132 kB
Committed_AS:   119763232 kB
VmallocTotal:   251658176 kB
VmallocUsed:      137656 kB
VmallocChunk:   251427372 kB
Time pass: 98 sec

---2015-12-11 14:50:42
MemTotal:        2873608 kB
MemFree:           79988 kB
Buffers:           13176 kB
Cached:           916620 kB
SwapCached:           56 kB
Active:          1298692 kB
Inactive:         645264 kB
Active(anon):     819736 kB
Inactive(anon):   208448 kB
Active(file):     478956 kB
Inactive(file):   436816 kB
Unevictable:       13568 kB
Mlocked:               0 kB
SwapTotal:        715328 kB
SwapFree:         699684 kB
Dirty:               208 kB
Writeback:             0 kB
AnonPages:       1027856 kB
Mapped:           637156 kB
Shmem:               464 kB
Slab:              99496 kB
SReclaimable:      32008 kB
SUnreclaim:        67488 kB
KernelStack:       39488 kB
PageTables:        50692 kB
NFS_Unstable:          0 kB
Bounce:                0 kB
WritebackTmp:          0 kB
CommitLimit:     2152132 kB
Committed_AS:   119737280 kB
VmallocTotal:   251658176 kB
VmallocUsed:      137656 kB
VmallocChunk:   251427372 kB
Time pass: 102 sec

---2015-12-11 14:50:42
MemTotal:        2873608 kB
MemFree:          355668 kB
Buffers:           12728 kB
Cached:           904680 kB
SwapCached:          136 kB
Active:          1189800 kB
Inactive:         638764 kB
Active(anon):     719720 kB
Inactive(anon):   205488 kB
Active(file):     470080 kB
Inactive(file):   433276 kB
Unevictable:       13568 kB
Mlocked:               0 kB
SwapTotal:        715328 kB
SwapFree:         697080 kB
Dirty:               420 kB
Writeback:             0 kB
AnonPages:        924712 kB
Mapped:           450412 kB
Shmem:               248 kB
Slab:              99216 kB
SReclaimable:      31960 kB
SUnreclaim:        67256 kB
KernelStack:       37440 kB
PageTables:        49292 kB
NFS_Unstable:          0 kB
Bounce:                0 kB
WritebackTmp:          0 kB
CommitLimit:     2152132 kB
Committed_AS:   119568860 kB
VmallocTotal:   251658176 kB
VmallocUsed:      146968 kB
VmallocChunk:   251396708 kB
Time pass: 106 sec

---2015-12-11 14:50:42
MemTotal:        2873608 kB
MemFree:          339736 kB
Buffers:           12844 kB
Cached:           904832 kB
SwapCached:          136 kB
Active:          1186044 kB
Inactive:         637720 kB
Active(anon):     714472 kB
Inactive(anon):   205472 kB
Active(file):     471572 kB
Inactive(file):   432248 kB
Unevictable:       13568 kB
Mlocked:               0 kB
SwapTotal:        715328 kB
SwapFree:         697080 kB
Dirty:                 0 kB
Writeback:             0 kB
AnonPages:        919896 kB
Mapped:           444152 kB
Shmem:               268 kB
Slab:              99080 kB
SReclaimable:      31896 kB
SUnreclaim:        67184 kB
KernelStack:       37328 kB
PageTables:        48632 kB
NFS_Unstable:          0 kB
Bounce:                0 kB
WritebackTmp:          0 kB
CommitLimit:     2152132 kB
Committed_AS:   117237864 kB
VmallocTotal:   251658176 kB
VmallocUsed:      135392 kB
VmallocChunk:   251427372 kB
Time pass: 109 sec

---2015-12-11 14:50:42
MemTotal:        2873608 kB
MemFree:          276908 kB
Buffers:           13480 kB
Cached:           911180 kB
SwapCached:          168 kB
Active:          1219028 kB
Inactive:         638072 kB
Active(anon):     740796 kB
Inactive(anon):   205612 kB
Active(file):     478232 kB
Inactive(file):   432460 kB
Unevictable:       13568 kB
Mlocked:               0 kB
SwapTotal:        715328 kB
SwapFree:         697080 kB
Dirty:              1244 kB
Writeback:             0 kB
AnonPages:        946196 kB
Mapped:           517340 kB
Shmem:               400 kB
Slab:              99028 kB
SReclaimable:      31848 kB
SUnreclaim:        67180 kB
KernelStack:       38208 kB
PageTables:        49800 kB
NFS_Unstable:          0 kB
Bounce:                0 kB
WritebackTmp:          0 kB
CommitLimit:     2152132 kB
Committed_AS:   118555472 kB
VmallocTotal:   251658176 kB
VmallocUsed:      136584 kB
VmallocChunk:   251427372 kB
Time pass: 113 sec

---2015-12-11 14:50:42
MemTotal:        2873608 kB
MemFree:          249268 kB
Buffers:           13488 kB
Cached:           912368 kB
SwapCached:          168 kB
Active:          1197892 kB
Inactive:         633364 kB
Active(anon):     713748 kB
Inactive(anon):   205608 kB
Active(file):     484144 kB
Inactive(file):   427756 kB
Unevictable:       13568 kB
Mlocked:               0 kB
SwapTotal:        715328 kB
SwapFree:         697080 kB
Dirty:               856 kB
Writeback:             0 kB
AnonPages:        918624 kB
Mapped:           563592 kB
Shmem:               400 kB
Slab:              99012 kB
SReclaimable:      31832 kB
SUnreclaim:        67180 kB
KernelStack:       38064 kB
PageTables:        49872 kB
NFS_Unstable:          0 kB
Bounce:                0 kB
WritebackTmp:          0 kB
CommitLimit:     2152132 kB
Committed_AS:   118545236 kB
VmallocTotal:   251658176 kB
VmallocUsed:      134636 kB
VmallocChunk:   251427372 kB
Time pass: 117 sec

---2015-12-11 14:50:42
MemTotal:        2873608 kB
MemFree:          239768 kB
Buffers:           13808 kB
Cached:           913884 kB
SwapCached:          168 kB
Active:          1207028 kB
Inactive:         634816 kB
Active(anon):     722760 kB
Inactive(anon):   205608 kB
Active(file):     484268 kB
Inactive(file):   429208 kB
Unevictable:       13568 kB
Mlocked:               0 kB
SwapTotal:        715328 kB
SwapFree:         697080 kB
Dirty:               156 kB
Writeback:             0 kB
AnonPages:        928108 kB
Mapped:           567020 kB
Shmem:               400 kB
Slab:              98992 kB
SReclaimable:      31832 kB
SUnreclaim:        67160 kB
KernelStack:       38144 kB
PageTables:        49892 kB
NFS_Unstable:          0 kB
Bounce:                0 kB
WritebackTmp:          0 kB
CommitLimit:     2152132 kB
Committed_AS:   118545968 kB
VmallocTotal:   251658176 kB
VmallocUsed:      134636 kB
VmallocChunk:   251427372 kB
Time pass: 121 sec

---2015-12-11 14:50:42
MemTotal:        2873608 kB
MemFree:          177120 kB
Buffers:           13816 kB
Cached:           915312 kB
SwapCached:          168 kB
Active:          1214576 kB
Inactive:         636200 kB
Active(anon):     730004 kB
Inactive(anon):   205608 kB
Active(file):     484572 kB
Inactive(file):   430592 kB
Unevictable:       13568 kB
Mlocked:               0 kB
SwapTotal:        715328 kB
SwapFree:         697080 kB
Dirty:               740 kB
Writeback:             0 kB
AnonPages:        935064 kB
Mapped:           613024 kB
Shmem:               400 kB
Slab:              99000 kB
SReclaimable:      31832 kB
SUnreclaim:        67168 kB
KernelStack:       38176 kB
PageTables:        49964 kB
NFS_Unstable:          0 kB
Bounce:                0 kB
WritebackTmp:          0 kB
CommitLimit:     2152132 kB
Committed_AS:   118558460 kB
VmallocTotal:   251658176 kB
VmallocUsed:      135032 kB
VmallocChunk:   251427372 kB
Time pass: 124 sec

---2015-12-11 14:50:42
MemTotal:        2873608 kB
MemFree:          169828 kB
Buffers:           13824 kB
Cached:           915264 kB
SwapCached:          168 kB
Active:          1218200 kB
Inactive:         636036 kB
Active(anon):     733568 kB
Inactive(anon):   205608 kB
Active(file):     484632 kB
Inactive(file):   430428 kB
Unevictable:       13568 kB
Mlocked:               0 kB
SwapTotal:        715328 kB
SwapFree:         697080 kB
Dirty:               804 kB
Writeback:             0 kB
AnonPages:        938724 kB
Mapped:           613732 kB
Shmem:               400 kB
Slab:              98996 kB
SReclaimable:      31832 kB
SUnreclaim:        67164 kB
KernelStack:       38176 kB
PageTables:        50032 kB
NFS_Unstable:          0 kB
Bounce:                0 kB
WritebackTmp:          0 kB
CommitLimit:     2152132 kB
Committed_AS:   118558540 kB
VmallocTotal:   251658176 kB
VmallocUsed:      135044 kB
VmallocChunk:   251427372 kB
Time pass: 128 sec

---2015-12-11 14:50:42
MemTotal:        2873608 kB
MemFree:          168920 kB
Buffers:           13824 kB
Cached:           915272 kB
SwapCached:          168 kB
Active:          1218396 kB
Inactive:         636052 kB
Active(anon):     733764 kB
Inactive(anon):   205608 kB
Active(file):     484632 kB
Inactive(file):   430444 kB
Unevictable:       13568 kB
Mlocked:               0 kB
SwapTotal:        715328 kB
SwapFree:         697080 kB
Dirty:                64 kB
Writeback:             0 kB
AnonPages:        938816 kB
Mapped:           613724 kB
Shmem:               400 kB
Slab:              98996 kB
SReclaimable:      31832 kB
SUnreclaim:        67164 kB
KernelStack:       38192 kB
PageTables:        50040 kB
NFS_Unstable:          0 kB
Bounce:                0 kB
WritebackTmp:          0 kB
CommitLimit:     2152132 kB
Committed_AS:   118558580 kB
VmallocTotal:   251658176 kB
VmallocUsed:      135044 kB
VmallocChunk:   251427372 kB
Time pass: 132 sec

---2015-12-11 14:50:42
MemTotal:        2873608 kB
MemFree:          137696 kB
Buffers:           13832 kB
Cached:           915716 kB
SwapCached:          168 kB
Active:          1225976 kB
Inactive:         636424 kB
Active(anon):     741288 kB
Inactive(anon):   205608 kB
Active(file):     484688 kB
Inactive(file):   430816 kB
Unevictable:       13568 kB
Mlocked:               0 kB
SwapTotal:        715328 kB
SwapFree:         697080 kB
Dirty:               640 kB
Writeback:             0 kB
AnonPages:        946132 kB
Mapped:           628244 kB
Shmem:               400 kB
Slab:              98996 kB
SReclaimable:      31832 kB
SUnreclaim:        67164 kB
KernelStack:       38192 kB
PageTables:        50008 kB
NFS_Unstable:          0 kB
Bounce:                0 kB
WritebackTmp:          0 kB
CommitLimit:     2152132 kB
Committed_AS:   118558996 kB
VmallocTotal:   251658176 kB
VmallocUsed:      135196 kB
VmallocChunk:   251427372 kB
Time pass: 136 sec

---2015-12-11 14:50:42
MemTotal:        2873608 kB
MemFree:          137816 kB
Buffers:           13840 kB
Cached:           915776 kB
SwapCached:          168 kB
Active:          1225884 kB
Inactive:         636528 kB
Active(anon):     741196 kB
Inactive(anon):   205608 kB
Active(file):     484688 kB
Inactive(file):   430920 kB
Unevictable:       13568 kB
Mlocked:               0 kB
SwapTotal:        715328 kB
SwapFree:         697080 kB
Dirty:                 0 kB
Writeback:             0 kB
AnonPages:        946376 kB
Mapped:           628292 kB
Shmem:               400 kB
Slab:              99028 kB
SReclaimable:      31832 kB
SUnreclaim:        67196 kB
KernelStack:       38192 kB
PageTables:        50008 kB
NFS_Unstable:          0 kB
Bounce:                0 kB
WritebackTmp:          0 kB
CommitLimit:     2152132 kB
Committed_AS:   118559076 kB
VmallocTotal:   251658176 kB
VmallocUsed:      135196 kB
VmallocChunk:   251427372 kB
Time pass: 139 sec

---2015-12-11 14:50:42
MemTotal:        2873608 kB
MemFree:          131772 kB
Buffers:           15412 kB
Cached:           915784 kB
SwapCached:          168 kB
Active:          1230680 kB
Inactive:         637936 kB
Active(anon):     745792 kB
Inactive(anon):   205608 kB
Active(file):     484888 kB
Inactive(file):   432328 kB
Unevictable:       13568 kB
Mlocked:               0 kB
SwapTotal:        715328 kB
SwapFree:         697080 kB
Dirty:               192 kB
Writeback:             0 kB
AnonPages:        951148 kB
Mapped:           633620 kB
Shmem:               404 kB
Slab:              99028 kB
SReclaimable:      31832 kB
SUnreclaim:        67196 kB
KernelStack:       38320 kB
PageTables:        50072 kB
NFS_Unstable:          0 kB
Bounce:                0 kB
WritebackTmp:          0 kB
CommitLimit:     2152132 kB
Committed_AS:   118559388 kB
VmallocTotal:   251658176 kB
VmallocUsed:      135196 kB
VmallocChunk:   251427372 kB
Time pass: 143 sec

---2015-12-11 14:50:42
MemTotal:        2873608 kB
MemFree:          115908 kB
Buffers:           15452 kB
Cached:           915752 kB
SwapCached:          168 kB
Active:          1240624 kB
Inactive:         637040 kB
Active(anon):     754820 kB
Inactive(anon):   205608 kB
Active(file):     485804 kB
Inactive(file):   431432 kB
Unevictable:       13568 kB
Mlocked:               0 kB
SwapTotal:        715328 kB
SwapFree:         697080 kB
Dirty:                 8 kB
Writeback:             0 kB
AnonPages:        960160 kB
Mapped:           636424 kB
Shmem:               400 kB
Slab:              99000 kB
SReclaimable:      31832 kB
SUnreclaim:        67168 kB
KernelStack:       38464 kB
PageTables:        50112 kB
NFS_Unstable:          0 kB
Bounce:                0 kB
WritebackTmp:          0 kB
CommitLimit:     2152132 kB
Committed_AS:   118595388 kB
VmallocTotal:   251658176 kB
VmallocUsed:      137628 kB
VmallocChunk:   251427372 kB
Time pass: 147 sec

---2015-12-11 14:50:42
MemTotal:        2873608 kB
MemFree:          126920 kB
Buffers:           15480 kB
Cached:           916316 kB
SwapCached:          168 kB
Active:          1242488 kB
Inactive:         629036 kB
Active(anon):     748092 kB
Inactive(anon):   205756 kB
Active(file):     494396 kB
Inactive(file):   423280 kB
Unevictable:       13568 kB
Mlocked:               0 kB
SwapTotal:        715328 kB
SwapFree:         697080 kB
Dirty:                40 kB
Writeback:             0 kB
AnonPages:        953212 kB
Mapped:           635512 kB
Shmem:               552 kB
Slab:              98932 kB
SReclaimable:      31724 kB
SUnreclaim:        67208 kB
KernelStack:       38432 kB
PageTables:        49596 kB
NFS_Unstable:          0 kB
Bounce:                0 kB
WritebackTmp:          0 kB
CommitLimit:     2152132 kB
Committed_AS:   116807544 kB
VmallocTotal:   251658176 kB
VmallocUsed:      136608 kB
VmallocChunk:   251427372 kB
Time pass: 151 sec

---2015-12-11 14:50:42
MemTotal:        2873608 kB
MemFree:          122916 kB
Buffers:           15488 kB
Cached:           916372 kB
SwapCached:          168 kB
Active:          1243888 kB
Inactive:         629096 kB
Active(anon):     749488 kB
Inactive(anon):   205820 kB
Active(file):     494400 kB
Inactive(file):   423276 kB
Unevictable:       13568 kB
Mlocked:               0 kB
SwapTotal:        715328 kB
SwapFree:         697080 kB
Dirty:                44 kB
Writeback:             0 kB
AnonPages:        954480 kB
Mapped:           635356 kB
Shmem:               616 kB
Slab:              98932 kB
SReclaimable:      31724 kB
SUnreclaim:        67208 kB
KernelStack:       38432 kB
PageTables:        49720 kB
NFS_Unstable:          0 kB
Bounce:                0 kB
WritebackTmp:          0 kB
CommitLimit:     2152132 kB
Committed_AS:   116807608 kB
VmallocTotal:   251658176 kB
VmallocUsed:      136628 kB
VmallocChunk:   251427372 kB
Time pass: 155 sec

---2015-12-11 14:50:42
MemTotal:        2873608 kB
MemFree:          121820 kB
Buffers:           15488 kB
Cached:           916532 kB
SwapCached:          168 kB
Active:          1244872 kB
Inactive:         629256 kB
Active(anon):     750472 kB
Inactive(anon):   205968 kB
Active(file):     494400 kB
Inactive(file):   423288 kB
Unevictable:       13568 kB
Mlocked:               0 kB
SwapTotal:        715328 kB
SwapFree:         697080 kB
Dirty:                 8 kB
Writeback:             0 kB
AnonPages:        955664 kB
Mapped:           636456 kB
Shmem:               764 kB
Slab:              98916 kB
SReclaimable:      31724 kB
SUnreclaim:        67192 kB
KernelStack:       38448 kB
PageTables:        49764 kB
NFS_Unstable:          0 kB
Bounce:                0 kB
WritebackTmp:          0 kB
CommitLimit:     2152132 kB
Committed_AS:   116807712 kB
VmallocTotal:   251658176 kB
VmallocUsed:      136628 kB
VmallocChunk:   251427372 kB
Time pass: 158 sec

---2015-12-11 14:50:42
MemTotal:        2873608 kB
MemFree:          116920 kB
Buffers:           15512 kB
Cached:           916864 kB
SwapCached:          168 kB
Active:          1251528 kB
Inactive:         629508 kB
Active(anon):     756952 kB
Inactive(anon):   205900 kB
Active(file):     494576 kB
Inactive(file):   423608 kB
Unevictable:       13568 kB
Mlocked:               0 kB
SwapTotal:        715328 kB
SwapFree:         697080 kB
Dirty:                68 kB
Writeback:             0 kB
AnonPages:        961852 kB
Mapped:           637420 kB
Shmem:               624 kB
Slab:              98916 kB
SReclaimable:      31724 kB
SUnreclaim:        67192 kB
KernelStack:       38480 kB
PageTables:        49796 kB
NFS_Unstable:          0 kB
Bounce:                0 kB
WritebackTmp:          0 kB
CommitLimit:     2152132 kB
Committed_AS:   116800772 kB
VmallocTotal:   251658176 kB
VmallocUsed:      136628 kB
VmallocChunk:   251427372 kB
Time pass: 162 sec

---2015-12-11 14:50:42
MemTotal:        2873608 kB
MemFree:          112564 kB
Buffers:           15544 kB
Cached:           916852 kB
SwapCached:          168 kB
Active:          1256720 kB
Inactive:         629400 kB
Active(anon):     762108 kB
Inactive(anon):   205796 kB
Active(file):     494612 kB
Inactive(file):   423604 kB
Unevictable:       13568 kB
Mlocked:               0 kB
SwapTotal:        715328 kB
SwapFree:         697080 kB
Dirty:                60 kB
Writeback:             0 kB
AnonPages:        967264 kB
Mapped:           636996 kB
Shmem:               608 kB
Slab:              98984 kB
SReclaimable:      31724 kB
SUnreclaim:        67260 kB
KernelStack:       38448 kB
PageTables:        49716 kB
NFS_Unstable:          0 kB
Bounce:                0 kB
WritebackTmp:          0 kB
CommitLimit:     2152132 kB
Committed_AS:   116832516 kB
VmallocTotal:   251658176 kB
VmallocUsed:      136608 kB
VmallocChunk:   251427372 kB
Time pass: 166 sec

---2015-12-11 14:50:42
MemTotal:        2873608 kB
MemFree:          109184 kB
Buffers:           15552 kB
Cached:           916884 kB
SwapCached:          168 kB
Active:          1257956 kB
Inactive:         629440 kB
Active(anon):     763340 kB
Inactive(anon):   205828 kB
Active(file):     494616 kB
Inactive(file):   423612 kB
Unevictable:       13568 kB
Mlocked:               0 kB
SwapTotal:        715328 kB
SwapFree:         697080 kB
Dirty:                40 kB
Writeback:             0 kB
AnonPages:        968544 kB
Mapped:           636884 kB
Shmem:               632 kB
Slab:              98948 kB
SReclaimable:      31724 kB
SUnreclaim:        67224 kB
KernelStack:       38448 kB
PageTables:        49672 kB
NFS_Unstable:          0 kB
Bounce:                0 kB
WritebackTmp:          0 kB
CommitLimit:     2152132 kB
Committed_AS:   116832716 kB
VmallocTotal:   251658176 kB
VmallocUsed:      136616 kB
VmallocChunk:   251427372 kB
Time pass: 170 sec

---2015-12-11 14:50:42
MemTotal:        2873608 kB
MemFree:          108980 kB
Buffers:           15552 kB
Cached:           916956 kB
SwapCached:          168 kB
Active:          1258284 kB
Inactive:         629516 kB
Active(anon):     763664 kB
Inactive(anon):   205896 kB
Active(file):     494620 kB
Inactive(file):   423620 kB
Unevictable:       13568 kB
Mlocked:               0 kB
SwapTotal:        715328 kB
SwapFree:         697080 kB
Dirty:                48 kB
Writeback:             0 kB
AnonPages:        968820 kB
Mapped:           637884 kB
Shmem:               700 kB
Slab:              98948 kB
SReclaimable:      31724 kB
SUnreclaim:        67224 kB
KernelStack:       38464 kB
PageTables:        49732 kB
NFS_Unstable:          0 kB
Bounce:                0 kB
WritebackTmp:          0 kB
CommitLimit:     2152132 kB
Committed_AS:   116832724 kB
VmallocTotal:   251658176 kB
VmallocUsed:      136628 kB
VmallocChunk:   251427372 kB
Time pass: 173 sec

---2015-12-11 14:50:42
MemTotal:        2873608 kB
MemFree:          109000 kB
Buffers:           15560 kB
Cached:           916968 kB
SwapCached:          168 kB
Active:          1257380 kB
Inactive:         629528 kB
Active(anon):     762760 kB
Inactive(anon):   205908 kB
Active(file):     494620 kB
Inactive(file):   423620 kB
Unevictable:       13568 kB
Mlocked:               0 kB
SwapTotal:        715328 kB
SwapFree:         697080 kB
Dirty:                16 kB
Writeback:             0 kB
AnonPages:        967896 kB
Mapped:           638168 kB
Shmem:               712 kB
Slab:              98948 kB
SReclaimable:      31724 kB
SUnreclaim:        67224 kB
KernelStack:       38432 kB
PageTables:        49708 kB
NFS_Unstable:          0 kB
Bounce:                0 kB
WritebackTmp:          0 kB
CommitLimit:     2152132 kB
Committed_AS:   116832716 kB
VmallocTotal:   251658176 kB
VmallocUsed:      136628 kB
VmallocChunk:   251427372 kB
Time pass: 177 sec

---2015-12-11 14:50:42
MemTotal:        2873608 kB
MemFree:          112232 kB
Buffers:           15560 kB
Cached:           916660 kB
SwapCached:          168 kB
Active:          1255964 kB
Inactive:         629228 kB
Active(anon):     761340 kB
Inactive(anon):   205600 kB
Active(file):     494624 kB
Inactive(file):   423628 kB
Unevictable:       13568 kB
Mlocked:               0 kB
SwapTotal:        715328 kB
SwapFree:         697080 kB
Dirty:                 0 kB
Writeback:             0 kB
AnonPages:        966428 kB
Mapped:           637728 kB
Shmem:               400 kB
Slab:              98948 kB
SReclaimable:      31724 kB
SUnreclaim:        67224 kB
KernelStack:       38160 kB
PageTables:        49484 kB
NFS_Unstable:          0 kB
Bounce:                0 kB
WritebackTmp:          0 kB
CommitLimit:     2152132 kB
Committed_AS:   116805356 kB
VmallocTotal:   251658176 kB
VmallocUsed:      136628 kB
VmallocChunk:   251427372 kB
Time pass: 181 sec

---2015-12-11 14:50:42
MemTotal:        2873608 kB
MemFree:          110852 kB
Buffers:           15568 kB
Cached:           916836 kB
SwapCached:          168 kB
Active:          1250164 kB
Inactive:         629376 kB
Active(anon):     755536 kB
Inactive(anon):   205600 kB
Active(file):     494628 kB
Inactive(file):   423776 kB
Unevictable:       13568 kB
Mlocked:               0 kB
SwapTotal:        715328 kB
SwapFree:         697080 kB
Dirty:               188 kB
Writeback:             0 kB
AnonPages:        960756 kB
Mapped:           637056 kB
Shmem:               400 kB
Slab:              98980 kB
SReclaimable:      31724 kB
SUnreclaim:        67256 kB
KernelStack:       38048 kB
PageTables:        49516 kB
NFS_Unstable:          0 kB
Bounce:                0 kB
WritebackTmp:          0 kB
CommitLimit:     2152132 kB
Committed_AS:   116805352 kB
VmallocTotal:   251658176 kB
VmallocUsed:      136592 kB
VmallocChunk:   251427372 kB
Time pass: 185 sec

---2015-12-11 14:50:42
MemTotal:        2873608 kB
MemFree:           98284 kB
Buffers:           15616 kB
Cached:           917332 kB
SwapCached:          168 kB
Active:          1262912 kB
Inactive:         629944 kB
Active(anon):     768280 kB
Inactive(anon):   205716 kB
Active(file):     494632 kB
Inactive(file):   424228 kB
Unevictable:       13568 kB
Mlocked:               0 kB
SwapTotal:        715328 kB
SwapFree:         697080 kB
Dirty:                72 kB
Writeback:             0 kB
AnonPages:        973408 kB
Mapped:           636924 kB
Shmem:               520 kB
Slab:              98964 kB
SReclaimable:      31724 kB
SUnreclaim:        67240 kB
KernelStack:       38416 kB
PageTables:        49712 kB
NFS_Unstable:          0 kB
Bounce:                0 kB
WritebackTmp:          0 kB
CommitLimit:     2152132 kB
Committed_AS:   116841208 kB
VmallocTotal:   251658176 kB
VmallocUsed:      136616 kB
VmallocChunk:   251427372 kB
Time pass: 189 sec

---2015-12-11 14:50:42
MemTotal:        2873608 kB
MemFree:           97368 kB
Buffers:           15616 kB
Cached:           917416 kB
SwapCached:          168 kB
Active:          1263152 kB
Inactive:         630028 kB
Active(anon):     768520 kB
Inactive(anon):   205784 kB
Active(file):     494632 kB
Inactive(file):   424244 kB
Unevictable:       13568 kB
Mlocked:               0 kB
SwapTotal:        715328 kB
SwapFree:         697080 kB
Dirty:                 0 kB
Writeback:             0 kB
AnonPages:        973404 kB
Mapped:           637156 kB
Shmem:               588 kB
Slab:              98964 kB
SReclaimable:      31724 kB
SUnreclaim:        67240 kB
KernelStack:       38432 kB
PageTables:        49776 kB
NFS_Unstable:          0 kB
Bounce:                0 kB
WritebackTmp:          0 kB
CommitLimit:     2152132 kB
Committed_AS:   116841276 kB
VmallocTotal:   251658176 kB
VmallocUsed:      136616 kB
VmallocChunk:   251427372 kB
Time pass: 193 sec

---2015-12-11 14:50:42
MemTotal:        2873608 kB
MemFree:           96724 kB
Buffers:           15624 kB
Cached:           917448 kB
SwapCached:          168 kB
Active:          1264012 kB
Inactive:         630068 kB
Active(anon):     769380 kB
Inactive(anon):   205816 kB
Active(file):     494632 kB
Inactive(file):   424252 kB
Unevictable:       13568 kB
Mlocked:               0 kB
SwapTotal:        715328 kB
SwapFree:         697080 kB
Dirty:                40 kB
Writeback:             0 kB
AnonPages:        974440 kB
Mapped:           637112 kB
Shmem:               620 kB
Slab:              99052 kB
SReclaimable:      31724 kB
SUnreclaim:        67328 kB
KernelStack:       38432 kB
PageTables:        49756 kB
NFS_Unstable:          0 kB
Bounce:                0 kB
WritebackTmp:          0 kB
CommitLimit:     2152132 kB
Committed_AS:   116841268 kB
VmallocTotal:   251658176 kB
VmallocUsed:      136616 kB
VmallocChunk:   251427372 kB
Time pass: 197 sec

---2015-12-11 14:50:42
MemTotal:        2873608 kB
MemFree:           96960 kB
Buffers:           15624 kB
Cached:           917448 kB
SwapCached:          168 kB
Active:          1263604 kB
Inactive:         630060 kB
Active(anon):     768968 kB
Inactive(anon):   205812 kB
Active(file):     494636 kB
Inactive(file):   424248 kB
Unevictable:       13568 kB
Mlocked:               0 kB
SwapTotal:        715328 kB
SwapFree:         697080 kB
Dirty:                 0 kB
Writeback:             0 kB
AnonPages:        974000 kB
Mapped:           637120 kB
Shmem:               620 kB
Slab:              99012 kB
SReclaimable:      31724 kB
SUnreclaim:        67288 kB
KernelStack:       38384 kB
PageTables:        49756 kB
NFS_Unstable:          0 kB
Bounce:                0 kB
WritebackTmp:          0 kB
CommitLimit:     2152132 kB
Committed_AS:   116841268 kB
VmallocTotal:   251658176 kB
VmallocUsed:      136616 kB
VmallocChunk:   251427372 kB
Time pass: 200 sec

---2015-12-11 14:50:42
MemTotal:        2873608 kB
MemFree:           96144 kB
Buffers:           15632 kB
Cached:           917448 kB
SwapCached:          168 kB
Active:          1263904 kB
Inactive:         630068 kB
Active(anon):     769268 kB
Inactive(anon):   205812 kB
Active(file):     494636 kB
Inactive(file):   424256 kB
Unevictable:       13568 kB
Mlocked:               0 kB
SwapTotal:        715328 kB
SwapFree:         697080 kB
Dirty:                 4 kB
Writeback:             0 kB
AnonPages:        974288 kB
Mapped:           637212 kB
Shmem:               620 kB
Slab:              99012 kB
SReclaimable:      31724 kB
SUnreclaim:        67288 kB
KernelStack:       38416 kB
PageTables:        49788 kB
NFS_Unstable:          0 kB
Bounce:                0 kB
WritebackTmp:          0 kB
CommitLimit:     2152132 kB
Committed_AS:   116841268 kB
VmallocTotal:   251658176 kB
VmallocUsed:      136616 kB
VmallocChunk:   251427372 kB
Time pass: 204 sec

---2015-12-11 14:50:42
MemTotal:        2873608 kB
MemFree:           96152 kB
Buffers:           15648 kB
Cached:           917448 kB
SwapCached:          168 kB
Active:          1264120 kB
Inactive:         630084 kB
Active(anon):     769484 kB
Inactive(anon):   205812 kB
Active(file):     494636 kB
Inactive(file):   424272 kB
Unevictable:       13568 kB
Mlocked:               0 kB
SwapTotal:        715328 kB
SwapFree:         697080 kB
Dirty:                48 kB
Writeback:             0 kB
AnonPages:        974452 kB
Mapped:           637336 kB
Shmem:               620 kB
Slab:              99012 kB
SReclaimable:      31724 kB
SUnreclaim:        67288 kB
KernelStack:       38416 kB
PageTables:        49788 kB
NFS_Unstable:          0 kB
Bounce:                0 kB
WritebackTmp:          0 kB
CommitLimit:     2152132 kB
Committed_AS:   116841348 kB
VmallocTotal:   251658176 kB
VmallocUsed:      136616 kB
VmallocChunk:   251427372 kB
Time pass: 208 sec

---2015-12-11 14:50:42
MemTotal:        2873608 kB
MemFree:           95344 kB
Buffers:           15648 kB
Cached:           917448 kB
SwapCached:          168 kB
Active:          1264712 kB
Inactive:         630080 kB
Active(anon):     770072 kB
Inactive(anon):   205812 kB
Active(file):     494640 kB
Inactive(file):   424268 kB
Unevictable:       13568 kB
Mlocked:               0 kB
SwapTotal:        715328 kB
SwapFree:         697080 kB
Dirty:                40 kB
Writeback:             0 kB
AnonPages:        975036 kB
Mapped:           637344 kB
Shmem:               620 kB
Slab:              99012 kB
SReclaimable:      31724 kB
SUnreclaim:        67288 kB
KernelStack:       38432 kB
PageTables:        49788 kB
NFS_Unstable:          0 kB
Bounce:                0 kB
WritebackTmp:          0 kB
CommitLimit:     2152132 kB
Committed_AS:   116841380 kB
VmallocTotal:   251658176 kB
VmallocUsed:      136616 kB
VmallocChunk:   251427372 kB
Time pass: 212 sec

---2015-12-11 14:50:42
MemTotal:        2873608 kB
MemFree:           95644 kB
Buffers:           15656 kB
Cached:           917448 kB
SwapCached:          168 kB
Active:          1264988 kB
Inactive:         630088 kB
Active(anon):     770348 kB
Inactive(anon):   205812 kB
Active(file):     494640 kB
Inactive(file):   424276 kB
Unevictable:       13568 kB
Mlocked:               0 kB
SwapTotal:        715328 kB
SwapFree:         697080 kB
Dirty:                44 kB
Writeback:             0 kB
AnonPages:        975396 kB
Mapped:           637288 kB
Shmem:               620 kB
Slab:              99012 kB
SReclaimable:      31724 kB
SUnreclaim:        67288 kB
KernelStack:       38432 kB
PageTables:        49760 kB
NFS_Unstable:          0 kB
Bounce:                0 kB
WritebackTmp:          0 kB
CommitLimit:     2152132 kB
Committed_AS:   116841380 kB
VmallocTotal:   251658176 kB
VmallocUsed:      136616 kB
VmallocChunk:   251427372 kB
Time pass: 216 sec

---2015-12-11 14:50:42
MemTotal:        2873608 kB
MemFree:           95184 kB
Buffers:           15660 kB
Cached:           917448 kB
SwapCached:          168 kB
Active:          1264848 kB
Inactive:         630092 kB
Active(anon):     770208 kB
Inactive(anon):   205812 kB
Active(file):     494640 kB
Inactive(file):   424280 kB
Unevictable:       13568 kB
Mlocked:               0 kB
SwapTotal:        715328 kB
SwapFree:         697080 kB
Dirty:                 0 kB
Writeback:             0 kB
AnonPages:        975252 kB
Mapped:           637292 kB
Shmem:               620 kB
Slab:              99012 kB
SReclaimable:      31724 kB
SUnreclaim:        67288 kB
KernelStack:       38432 kB
PageTables:        49760 kB
NFS_Unstable:          0 kB
Bounce:                0 kB
WritebackTmp:          0 kB
CommitLimit:     2152132 kB
Committed_AS:   116841364 kB
VmallocTotal:   251658176 kB
VmallocUsed:      136616 kB
VmallocChunk:   251427372 kB
Time pass: 220 sec

---2015-12-11 14:50:42
MemTotal:        2873608 kB
MemFree:           94952 kB
Buffers:           15692 kB
Cached:           917212 kB
SwapCached:          168 kB
Active:          1265844 kB
Inactive:         629892 kB
Active(anon):     771204 kB
Inactive(anon):   205596 kB
Active(file):     494640 kB
Inactive(file):   424296 kB
Unevictable:       13568 kB
Mlocked:               0 kB
SwapTotal:        715328 kB
SwapFree:         697080 kB
Dirty:                44 kB
Writeback:             0 kB
AnonPages:        976604 kB
Mapped:           636916 kB
Shmem:               400 kB
Slab:              99012 kB
SReclaimable:      31724 kB
SUnreclaim:        67288 kB
KernelStack:       38288 kB
PageTables:        49640 kB
NFS_Unstable:          0 kB
Bounce:                0 kB
WritebackTmp:          0 kB
CommitLimit:     2152132 kB
Committed_AS:   116841440 kB
VmallocTotal:   251658176 kB
VmallocUsed:      136616 kB
VmallocChunk:   251427372 kB
Time pass: 224 sec

---2015-12-11 14:50:42
MemTotal:        2873608 kB
MemFree:           94384 kB
Buffers:           15708 kB
Cached:           917472 kB
SwapCached:          168 kB
Active:          1267564 kB
Inactive:         630152 kB
Active(anon):     772912 kB
Inactive(anon):   205820 kB
Active(file):     494652 kB
Inactive(file):   424332 kB
Unevictable:       13568 kB
Mlocked:               0 kB
SwapTotal:        715328 kB
SwapFree:         697080 kB
Dirty:                68 kB
Writeback:             0 kB
AnonPages:        977952 kB
Mapped:           638276 kB
Shmem:               628 kB
Slab:              99108 kB
SReclaimable:      31724 kB
SUnreclaim:        67384 kB
KernelStack:       38464 kB
PageTables:        49704 kB
NFS_Unstable:          0 kB
Bounce:                0 kB
WritebackTmp:          0 kB
CommitLimit:     2152132 kB
Committed_AS:   116841628 kB
VmallocTotal:   251658176 kB
VmallocUsed:      136608 kB
VmallocChunk:   251427372 kB
Time pass: 228 sec

---2015-12-11 14:50:42
MemTotal:        2873608 kB
MemFree:           90976 kB
Buffers:           15724 kB
Cached:           917500 kB
SwapCached:          168 kB
Active:          1268940 kB
Inactive:         630192 kB
Active(anon):     774284 kB
Inactive(anon):   205848 kB
Active(file):     494656 kB
Inactive(file):   424344 kB
Unevictable:       13568 kB
Mlocked:               0 kB
SwapTotal:        715328 kB
SwapFree:         697080 kB
Dirty:                68 kB
Writeback:             0 kB
AnonPages:        979336 kB
Mapped:           638300 kB
Shmem:               656 kB
Slab:              99188 kB
SReclaimable:      31724 kB
SUnreclaim:        67464 kB
KernelStack:       38448 kB
PageTables:        49748 kB
NFS_Unstable:          0 kB
Bounce:                0 kB
WritebackTmp:          0 kB
CommitLimit:     2152132 kB
Committed_AS:   116841716 kB
VmallocTotal:   251658176 kB
VmallocUsed:      136628 kB
VmallocChunk:   251427372 kB
Time pass: 231 sec

---2015-12-11 14:50:42
MemTotal:        2873608 kB
MemFree:           91468 kB
Buffers:           15732 kB
Cached:           917528 kB
SwapCached:          168 kB
Active:          1267820 kB
Inactive:         630204 kB
Active(anon):     773148 kB
Inactive(anon):   205860 kB
Active(file):     494672 kB
Inactive(file):   424344 kB
Unevictable:       13568 kB
Mlocked:               0 kB
SwapTotal:        715328 kB
SwapFree:         697080 kB
Dirty:               108 kB
Writeback:             0 kB
AnonPages:        978204 kB
Mapped:           639272 kB
Shmem:               676 kB
Slab:              99188 kB
SReclaimable:      31724 kB
SUnreclaim:        67464 kB
KernelStack:       38464 kB
PageTables:        49716 kB
NFS_Unstable:          0 kB
Bounce:                0 kB
WritebackTmp:          0 kB
CommitLimit:     2152132 kB
Committed_AS:   116841940 kB
VmallocTotal:   251658176 kB
VmallocUsed:      136628 kB
VmallocChunk:   251427372 kB
Time pass: 235 sec

---2015-12-11 14:50:42
MemTotal:        2873608 kB
MemFree:           95332 kB
Buffers:           15740 kB
Cached:           917532 kB
SwapCached:          168 kB
Active:          1263928 kB
Inactive:         630216 kB
Active(anon):     769256 kB
Inactive(anon):   205860 kB
Active(file):     494672 kB
Inactive(file):   424356 kB
Unevictable:       13568 kB
Mlocked:               0 kB
SwapTotal:        715328 kB
SwapFree:         697080 kB
Dirty:                16 kB
Writeback:             0 kB
AnonPages:        974336 kB
Mapped:           639280 kB
Shmem:               676 kB
Slab:              99188 kB
SReclaimable:      31724 kB
SUnreclaim:        67464 kB
KernelStack:       38512 kB
PageTables:        49716 kB
NFS_Unstable:          0 kB
Bounce:                0 kB
WritebackTmp:          0 kB
CommitLimit:     2152132 kB
Committed_AS:   116841844 kB
VmallocTotal:   251658176 kB
VmallocUsed:      136628 kB
VmallocChunk:   251427372 kB
Time pass: 240 sec

---2015-12-11 14:50:42
MemTotal:        2873608 kB
MemFree:           94748 kB
Buffers:           15740 kB
Cached:           917752 kB
SwapCached:          168 kB
Active:          1264872 kB
Inactive:         630364 kB
Active(anon):     770200 kB
Inactive(anon):   206008 kB
Active(file):     494672 kB
Inactive(file):   424356 kB
Unevictable:       13568 kB
Mlocked:               0 kB
SwapTotal:        715328 kB
SwapFree:         697080 kB
Dirty:                 0 kB
Writeback:             8 kB
AnonPages:        975220 kB
Mapped:           639592 kB
Shmem:               896 kB
Slab:              99156 kB
SReclaimable:      31724 kB
SUnreclaim:        67432 kB
KernelStack:       38512 kB
PageTables:        49752 kB
NFS_Unstable:          0 kB
Bounce:                0 kB
WritebackTmp:          0 kB
CommitLimit:     2152132 kB
Committed_AS:   116841844 kB
VmallocTotal:   251658176 kB
VmallocUsed:      136628 kB
VmallocChunk:   251427372 kB
Time pass: 244 sec

---2015-12-11 14:50:42
MemTotal:        2873608 kB
MemFree:           94104 kB
Buffers:           15748 kB
Cached:           918032 kB
SwapCached:          168 kB
Active:          1264956 kB
Inactive:         630648 kB
Active(anon):     770280 kB
Inactive(anon):   206288 kB
Active(file):     494676 kB
Inactive(file):   424360 kB
Unevictable:       13568 kB
Mlocked:               0 kB
SwapTotal:        715328 kB
SwapFree:         697080 kB
Dirty:                16 kB
Writeback:             0 kB
AnonPages:        975532 kB
Mapped:           639664 kB
Shmem:              1176 kB
Slab:              99156 kB
SReclaimable:      31724 kB
SUnreclaim:        67432 kB
KernelStack:       38512 kB
PageTables:        49748 kB
NFS_Unstable:          0 kB
Bounce:                0 kB
WritebackTmp:          0 kB
CommitLimit:     2152132 kB
Committed_AS:   116841844 kB
VmallocTotal:   251658176 kB
VmallocUsed:      136628 kB
VmallocChunk:   251427372 kB
Time pass: 248 sec

---2015-12-11 14:50:42
MemTotal:        2873608 kB
MemFree:           92128 kB
Buffers:           15772 kB
Cached:           918056 kB
SwapCached:          168 kB
Active:          1267288 kB
Inactive:         630764 kB
Active(anon):     772612 kB
Inactive(anon):   206404 kB
Active(file):     494676 kB
Inactive(file):   424360 kB
Unevictable:       13568 kB
Mlocked:               0 kB
SwapTotal:        715328 kB
SwapFree:         697080 kB
Dirty:                 4 kB
Writeback:             0 kB
AnonPages:        977624 kB
Mapped:           639940 kB
Shmem:              1220 kB
Slab:              99156 kB
SReclaimable:      31724 kB
SUnreclaim:        67432 kB
KernelStack:       38496 kB
PageTables:        49760 kB
NFS_Unstable:          0 kB
Bounce:                0 kB
WritebackTmp:          0 kB
CommitLimit:     2152132 kB
Committed_AS:   116841868 kB
VmallocTotal:   251658176 kB
VmallocUsed:      136628 kB
VmallocChunk:   251427372 kB
Time pass: 252 sec

---2015-12-11 14:50:42
MemTotal:        2873608 kB
MemFree:           82816 kB
Buffers:           15788 kB
Cached:           917416 kB
SwapCached:          168 kB
Active:          1268848 kB
Inactive:         630140 kB
Active(anon):     774168 kB
Inactive(anon):   205740 kB
Active(file):     494680 kB
Inactive(file):   424400 kB
Unevictable:       13568 kB
Mlocked:               0 kB
SwapTotal:        715328 kB
SwapFree:         697080 kB
Dirty:                60 kB
Writeback:             0 kB
AnonPages:        979148 kB
Mapped:           638120 kB
Shmem:               556 kB
Slab:              99116 kB
SReclaimable:      31724 kB
SUnreclaim:        67392 kB
KernelStack:       38512 kB
PageTables:        49640 kB
NFS_Unstable:          0 kB
Bounce:                0 kB
WritebackTmp:          0 kB
CommitLimit:     2152132 kB
Committed_AS:   116846060 kB
VmallocTotal:   251658176 kB
VmallocUsed:      136608 kB
VmallocChunk:   251427372 kB
Time pass: 256 sec

---2015-12-11 14:50:42
MemTotal:        2873608 kB
MemFree:           81064 kB
Buffers:           15804 kB
Cached:           917424 kB
SwapCached:          168 kB
Active:          1270744 kB
Inactive:         630164 kB
Active(anon):     776064 kB
Inactive(anon):   205748 kB
Active(file):     494680 kB
Inactive(file):   424416 kB
Unevictable:       13568 kB
Mlocked:               0 kB
SwapTotal:        715328 kB
SwapFree:         697080 kB
Dirty:                52 kB
Writeback:             0 kB
AnonPages:        981332 kB
Mapped:           637024 kB
Shmem:               564 kB
Slab:              99112 kB
SReclaimable:      31724 kB
SUnreclaim:        67388 kB
KernelStack:       38512 kB
PageTables:        49524 kB
NFS_Unstable:          0 kB
Bounce:                0 kB
WritebackTmp:          0 kB
CommitLimit:     2152132 kB
Committed_AS:   116846172 kB
VmallocTotal:   251658176 kB
VmallocUsed:      136604 kB
VmallocChunk:   251427372 kB
Time pass: 260 sec

---2015-12-11 14:50:42
MemTotal:        2873608 kB
MemFree:           81040 kB
Buffers:           15812 kB
Cached:           917432 kB
SwapCached:          168 kB
Active:          1271216 kB
Inactive:         630176 kB
Active(anon):     776536 kB
Inactive(anon):   205752 kB
Active(file):     494680 kB
Inactive(file):   424424 kB
Unevictable:       13568 kB
Mlocked:               0 kB
SwapTotal:        715328 kB
SwapFree:         697080 kB
Dirty:                36 kB
Writeback:             0 kB
AnonPages:        981444 kB
Mapped:           637268 kB
Shmem:               572 kB
Slab:              99116 kB
SReclaimable:      31724 kB
SUnreclaim:        67392 kB
KernelStack:       38480 kB
PageTables:        49708 kB
NFS_Unstable:          0 kB
Bounce:                0 kB
WritebackTmp:          0 kB
CommitLimit:     2152132 kB
Committed_AS:   116846332 kB
VmallocTotal:   251658176 kB
VmallocUsed:      136604 kB
VmallocChunk:   251427372 kB
Time pass: 264 sec

---2015-12-11 14:50:42
MemTotal:        2873608 kB
MemFree:           80632 kB
Buffers:           15828 kB
Cached:           917436 kB
SwapCached:          168 kB
Active:          1271232 kB
Inactive:         630184 kB
Active(anon):     776552 kB
Inactive(anon):   205744 kB
Active(file):     494680 kB
Inactive(file):   424440 kB
Unevictable:       13568 kB
Mlocked:               0 kB
SwapTotal:        715328 kB
SwapFree:         697080 kB
Dirty:                 0 kB
Writeback:            32 kB
AnonPages:        981468 kB
Mapped:           637280 kB
Shmem:               576 kB
Slab:              99116 kB
SReclaimable:      31724 kB
SUnreclaim:        67392 kB
KernelStack:       38480 kB
PageTables:        49708 kB
NFS_Unstable:          0 kB
Bounce:                0 kB
WritebackTmp:          0 kB
CommitLimit:     2152132 kB
Committed_AS:   116846420 kB
VmallocTotal:   251658176 kB
VmallocUsed:      136604 kB
VmallocChunk:   251427372 kB
Time pass: 268 sec

---2015-12-11 14:50:42
MemTotal:        2873608 kB
MemFree:           79692 kB
Buffers:           15844 kB
Cached:           917436 kB
SwapCached:          168 kB
Active:          1272616 kB
Inactive:         630188 kB
Active(anon):     777924 kB
Inactive(anon):   205744 kB
Active(file):     494692 kB
Inactive(file):   424444 kB
Unevictable:       13568 kB
Mlocked:               0 kB
SwapTotal:        715328 kB
SwapFree:         697080 kB
Dirty:               100 kB
Writeback:             0 kB
AnonPages:        982792 kB
Mapped:           637284 kB
Shmem:               576 kB
Slab:              99116 kB
SReclaimable:      31724 kB
SUnreclaim:        67392 kB
KernelStack:       38496 kB
PageTables:        49716 kB
NFS_Unstable:          0 kB
Bounce:                0 kB
WritebackTmp:          0 kB
CommitLimit:     2152132 kB
Committed_AS:   116846492 kB
VmallocTotal:   251658176 kB
VmallocUsed:      136604 kB
VmallocChunk:   251427372 kB
Time pass: 271 sec

---2015-12-11 14:50:42
MemTotal:        2873608 kB
MemFree:           78752 kB
Buffers:           15852 kB
Cached:           917436 kB
SwapCached:          168 kB
Active:          1272784 kB
Inactive:         630196 kB
Active(anon):     778092 kB
Inactive(anon):   205744 kB
Active(file):     494692 kB
Inactive(file):   424452 kB
Unevictable:       13568 kB
Mlocked:               0 kB
SwapTotal:        715328 kB
SwapFree:         697080 kB
Dirty:                40 kB
Writeback:             0 kB
AnonPages:        982972 kB
Mapped:           637308 kB
Shmem:               576 kB
Slab:              99116 kB
SReclaimable:      31724 kB
SUnreclaim:        67392 kB
KernelStack:       38464 kB
PageTables:        49712 kB
NFS_Unstable:          0 kB
Bounce:                0 kB
WritebackTmp:          0 kB
CommitLimit:     2152132 kB
Committed_AS:   116846452 kB
VmallocTotal:   251658176 kB
VmallocUsed:      136604 kB
VmallocChunk:   251427372 kB
Time pass: 275 sec

---2015-12-11 14:50:42
MemTotal:        2873608 kB
MemFree:           78032 kB
Buffers:           15860 kB
Cached:           917488 kB
SwapCached:          168 kB
Active:          1273868 kB
Inactive:         630248 kB
Active(anon):     779168 kB
Inactive(anon):   205744 kB
Active(file):     494700 kB
Inactive(file):   424504 kB
Unevictable:       13568 kB
Mlocked:               0 kB
SwapTotal:        715328 kB
SwapFree:         697080 kB
Dirty:               108 kB
Writeback:             0 kB
AnonPages:        984296 kB
Mapped:           637320 kB
Shmem:               576 kB
Slab:              99116 kB
SReclaimable:      31724 kB
SUnreclaim:        67392 kB
KernelStack:       38480 kB
PageTables:        49712 kB
NFS_Unstable:          0 kB
Bounce:                0 kB
WritebackTmp:          0 kB
CommitLimit:     2152132 kB
Committed_AS:   116846448 kB
VmallocTotal:   251658176 kB
VmallocUsed:      136604 kB
VmallocChunk:   251427372 kB
Time pass: 279 sec

---2015-12-11 14:50:42
MemTotal:        2873608 kB
MemFree:           78044 kB
Buffers:           15876 kB
Cached:           917488 kB
SwapCached:          168 kB
Active:          1273744 kB
Inactive:         630264 kB
Active(anon):     779044 kB
Inactive(anon):   205744 kB
Active(file):     494700 kB
Inactive(file):   424520 kB
Unevictable:       13568 kB
Mlocked:               0 kB
SwapTotal:        715328 kB
SwapFree:         697080 kB
Dirty:                84 kB
Writeback:             0 kB
AnonPages:        983968 kB
Mapped:           637416 kB
Shmem:               576 kB
Slab:              99116 kB
SReclaimable:      31724 kB
SUnreclaim:        67392 kB
KernelStack:       38496 kB
PageTables:        49740 kB
NFS_Unstable:          0 kB
Bounce:                0 kB
WritebackTmp:          0 kB
CommitLimit:     2152132 kB
Committed_AS:   116846460 kB
VmallocTotal:   251658176 kB
VmallocUsed:      136604 kB
VmallocChunk:   251427372 kB
Time pass: 283 sec

---2015-12-11 14:50:42
MemTotal:        2873608 kB
MemFree:           76796 kB
Buffers:           15884 kB
Cached:           917512 kB
SwapCached:          168 kB
Active:          1274580 kB
Inactive:         630292 kB
Active(anon):     779880 kB
Inactive(anon):   205772 kB
Active(file):     494700 kB
Inactive(file):   424520 kB
Unevictable:       13568 kB
Mlocked:               0 kB
SwapTotal:        715328 kB
SwapFree:         697080 kB
Dirty:                32 kB
Writeback:             0 kB
AnonPages:        984904 kB
Mapped:           637148 kB
Shmem:               604 kB
Slab:              99116 kB
SReclaimable:      31724 kB
SUnreclaim:        67392 kB
KernelStack:       38496 kB
PageTables:        49708 kB
NFS_Unstable:          0 kB
Bounce:                0 kB
WritebackTmp:          0 kB
CommitLimit:     2152132 kB
Committed_AS:   116846436 kB
VmallocTotal:   251658176 kB
VmallocUsed:      136604 kB
VmallocChunk:   251427372 kB
Time pass: 287 sec

---2015-12-11 14:50:42
MemTotal:        2873608 kB
MemFree:           77060 kB
Buffers:           15884 kB
Cached:           917516 kB
SwapCached:          168 kB
Active:          1274904 kB
Inactive:         630300 kB
Active(anon):     780204 kB
Inactive(anon):   205772 kB
Active(file):     494700 kB
Inactive(file):   424528 kB
Unevictable:       13568 kB
Mlocked:               0 kB
SwapTotal:        715328 kB
SwapFree:         697080 kB
Dirty:                32 kB
Writeback:             0 kB
AnonPages:        985220 kB
Mapped:           637372 kB
Shmem:               604 kB
Slab:              99120 kB
SReclaimable:      31724 kB
SUnreclaim:        67396 kB
KernelStack:       38496 kB
PageTables:        49712 kB
NFS_Unstable:          0 kB
Bounce:                0 kB
WritebackTmp:          0 kB
CommitLimit:     2152132 kB
Committed_AS:   116850528 kB
VmallocTotal:   251658176 kB
VmallocUsed:      136604 kB
VmallocChunk:   251427372 kB
Time pass: 291 sec

---2015-12-11 14:50:42
MemTotal:        2873608 kB
MemFree:           75264 kB
Buffers:           15924 kB
Cached:           917516 kB
SwapCached:          168 kB
Active:          1276272 kB
Inactive:         630344 kB
Active(anon):     781576 kB
Inactive(anon):   205776 kB
Active(file):     494696 kB
Inactive(file):   424568 kB
Unevictable:       13568 kB
Mlocked:               0 kB
SwapTotal:        715328 kB
SwapFree:         697080 kB
Dirty:                88 kB
Writeback:             0 kB
AnonPages:        986592 kB
Mapped:           637528 kB
Shmem:               608 kB
Slab:              99116 kB
SReclaimable:      31724 kB
SUnreclaim:        67392 kB
KernelStack:       38496 kB
PageTables:        49744 kB
NFS_Unstable:          0 kB
Bounce:                0 kB
WritebackTmp:          0 kB
CommitLimit:     2152132 kB
Committed_AS:   116850588 kB
VmallocTotal:   251658176 kB
VmallocUsed:      136604 kB
VmallocChunk:   251427372 kB
Time pass: 295 sec

---2015-12-11 14:50:42
MemTotal:        2873608 kB
MemFree:           75188 kB
Buffers:           15932 kB
Cached:           917508 kB
SwapCached:          168 kB
Active:          1276688 kB
Inactive:         630344 kB
Active(anon):     781992 kB
Inactive(anon):   205776 kB
Active(file):     494696 kB
Inactive(file):   424568 kB
Unevictable:       13568 kB
Mlocked:               0 kB
SwapTotal:        715328 kB
SwapFree:         697080 kB
Dirty:                 0 kB
Writeback:             0 kB
AnonPages:        986864 kB
Mapped:           637452 kB
Shmem:               608 kB
Slab:              99116 kB
SReclaimable:      31724 kB
SUnreclaim:        67392 kB
KernelStack:       38480 kB
PageTables:        49712 kB
NFS_Unstable:          0 kB
Bounce:                0 kB
WritebackTmp:          0 kB
CommitLimit:     2152132 kB
Committed_AS:   116850532 kB
VmallocTotal:   251658176 kB
VmallocUsed:      136604 kB
VmallocChunk:   251427372 kB
Time pass: 299 sec

---2015-12-11 14:50:42
MemTotal:        2873608 kB
MemFree:           74756 kB
Buffers:           15932 kB
Cached:           917520 kB
SwapCached:          168 kB
Active:          1277032 kB
Inactive:         630356 kB
Active(anon):     782336 kB
Inactive(anon):   205780 kB
Active(file):     494696 kB
Inactive(file):   424576 kB
Unevictable:       13568 kB
Mlocked:               0 kB
SwapTotal:        715328 kB
SwapFree:         697080 kB
Dirty:                28 kB
Writeback:             0 kB
AnonPages:        987204 kB
Mapped:           637552 kB
Shmem:               612 kB
Slab:              99116 kB
SReclaimable:      31724 kB
SUnreclaim:        67392 kB
KernelStack:       38480 kB
PageTables:        49744 kB
NFS_Unstable:          0 kB
Bounce:                0 kB
WritebackTmp:          0 kB
CommitLimit:     2152132 kB
Committed_AS:   116850524 kB
VmallocTotal:   251658176 kB
VmallocUsed:      136604 kB
VmallocChunk:   251427372 kB
Time pass: 303 sec

---2015-12-11 14:50:42
MemTotal:        2873608 kB
MemFree:           74472 kB
Buffers:           15948 kB
Cached:           917520 kB
SwapCached:          168 kB
Active:          1276996 kB
Inactive:         630368 kB
Active(anon):     782300 kB
Inactive(anon):   205776 kB
Active(file):     494696 kB
Inactive(file):   424592 kB
Unevictable:       13568 kB
Mlocked:               0 kB
SwapTotal:        715328 kB
SwapFree:         697080 kB
Dirty:                40 kB
Writeback:             0 kB
AnonPages:        987424 kB
Mapped:           637480 kB
Shmem:               612 kB
Slab:              99116 kB
SReclaimable:      31724 kB
SUnreclaim:        67392 kB
KernelStack:       38480 kB
PageTables:        49720 kB
NFS_Unstable:          0 kB
Bounce:                0 kB
WritebackTmp:          0 kB
CommitLimit:     2152132 kB
Committed_AS:   116850548 kB
VmallocTotal:   251658176 kB
VmallocUsed:      136604 kB
VmallocChunk:   251427372 kB
Time pass: 307 sec

---2015-12-11 14:50:42
MemTotal:        2873608 kB
MemFree:           73888 kB
Buffers:           15956 kB
Cached:           917516 kB
SwapCached:          168 kB
Active:          1277500 kB
Inactive:         630372 kB
Active(anon):     782804 kB
Inactive(anon):   205780 kB
Active(file):     494696 kB
Inactive(file):   424592 kB
Unevictable:       13568 kB
Mlocked:               0 kB
SwapTotal:        715328 kB
SwapFree:         697080 kB
Dirty:                 0 kB
Writeback:             0 kB
AnonPages:        987840 kB
Mapped:           637580 kB
Shmem:               616 kB
Slab:              99116 kB
SReclaimable:      31724 kB
SUnreclaim:        67392 kB
KernelStack:       38480 kB
PageTables:        49748 kB
NFS_Unstable:          0 kB
Bounce:                0 kB
WritebackTmp:          0 kB
CommitLimit:     2152132 kB
Committed_AS:   116850516 kB
VmallocTotal:   251658176 kB
VmallocUsed:      136604 kB
VmallocChunk:   251427372 kB
Time pass: 311 sec

---2015-12-11 14:50:42
MemTotal:        2873608 kB
MemFree:           73632 kB
Buffers:           15956 kB
Cached:           917532 kB
SwapCached:          168 kB
Active:          1278096 kB
Inactive:         630388 kB
Active(anon):     783400 kB
Inactive(anon):   205788 kB
Active(file):     494696 kB
Inactive(file):   424600 kB
Unevictable:       13568 kB
Mlocked:               0 kB
SwapTotal:        715328 kB
SwapFree:         697080 kB
Dirty:                32 kB
Writeback:             0 kB
AnonPages:        988304 kB
Mapped:           637596 kB
Shmem:               624 kB
Slab:              99120 kB
SReclaimable:      31724 kB
SUnreclaim:        67396 kB
KernelStack:       38448 kB
PageTables:        49752 kB
NFS_Unstable:          0 kB
Bounce:                0 kB
WritebackTmp:          0 kB
CommitLimit:     2152132 kB
Committed_AS:   116850492 kB
VmallocTotal:   251658176 kB
VmallocUsed:      136604 kB
VmallocChunk:   251427372 kB
Time pass: 315 sec

---2015-12-11 14:50:42
MemTotal:        2873608 kB
MemFree:           73744 kB
Buffers:           15972 kB
Cached:           917560 kB
SwapCached:          168 kB
Active:          1278152 kB
Inactive:         630432 kB
Active(anon):     783456 kB
Inactive(anon):   205816 kB
Active(file):     494696 kB
Inactive(file):   424616 kB
Unevictable:       13568 kB
Mlocked:               0 kB
SwapTotal:        715328 kB
SwapFree:         697080 kB
Dirty:                40 kB
Writeback:             0 kB
AnonPages:        988464 kB
Mapped:           637532 kB
Shmem:               652 kB
Slab:              99116 kB
SReclaimable:      31724 kB
SUnreclaim:        67392 kB
KernelStack:       38448 kB
PageTables:        49720 kB
NFS_Unstable:          0 kB
Bounce:                0 kB
WritebackTmp:          0 kB
CommitLimit:     2152132 kB
Committed_AS:   116854564 kB
VmallocTotal:   251658176 kB
VmallocUsed:      136604 kB
VmallocChunk:   251427372 kB
Time pass: 318 sec

---2015-12-11 14:50:42
MemTotal:        2873608 kB
MemFree:           72896 kB
Buffers:           15980 kB
Cached:           917552 kB
SwapCached:          168 kB
Active:          1278360 kB
Inactive:         630432 kB
Active(anon):     783664 kB
Inactive(anon):   205816 kB
Active(file):     494696 kB
Inactive(file):   424616 kB
Unevictable:       13568 kB
Mlocked:               0 kB
SwapTotal:        715328 kB
SwapFree:         697080 kB
Dirty:                28 kB
Writeback:             0 kB
AnonPages:        988740 kB
Mapped:           637536 kB
Shmem:               652 kB
Slab:              99116 kB
SReclaimable:      31724 kB
SUnreclaim:        67392 kB
KernelStack:       38400 kB
PageTables:        49720 kB
NFS_Unstable:          0 kB
Bounce:                0 kB
WritebackTmp:          0 kB
CommitLimit:     2152132 kB
Committed_AS:   116854496 kB
VmallocTotal:   251658176 kB
VmallocUsed:      136604 kB
VmallocChunk:   251427372 kB
Time pass: 322 sec

---2015-12-11 14:50:42
MemTotal:        2873608 kB
MemFree:           72512 kB
Buffers:           15980 kB
Cached:           917560 kB
SwapCached:          168 kB
Active:          1278336 kB
Inactive:         630440 kB
Active(anon):     783640 kB
Inactive(anon):   205816 kB
Active(file):     494696 kB
Inactive(file):   424624 kB
Unevictable:       13568 kB
Mlocked:               0 kB
SwapTotal:        715328 kB
SwapFree:         697080 kB
Dirty:                28 kB
Writeback:             0 kB
AnonPages:        988688 kB
Mapped:           637576 kB
Shmem:               652 kB
Slab:              99116 kB
SReclaimable:      31724 kB
SUnreclaim:        67392 kB
KernelStack:       38432 kB
PageTables:        49724 kB
NFS_Unstable:          0 kB
Bounce:                0 kB
WritebackTmp:          0 kB
CommitLimit:     2152132 kB
Committed_AS:   116854532 kB
VmallocTotal:   251658176 kB
VmallocUsed:      136604 kB
VmallocChunk:   251427372 kB
Time pass: 326 sec

---2015-12-11 14:50:42
MemTotal:        2873608 kB
MemFree:           72344 kB
Buffers:           16012 kB
Cached:           917560 kB
SwapCached:          168 kB
Active:          1279172 kB
Inactive:         630472 kB
Active(anon):     784476 kB
Inactive(anon):   205816 kB
Active(file):     494696 kB
Inactive(file):   424656 kB
Unevictable:       13568 kB
Mlocked:               0 kB
SwapTotal:        715328 kB
SwapFree:         697080 kB
Dirty:                64 kB
Writeback:             0 kB
AnonPages:        989632 kB
Mapped:           637576 kB
Shmem:               652 kB
Slab:              99116 kB
SReclaimable:      31724 kB
SUnreclaim:        67392 kB
KernelStack:       38432 kB
PageTables:        49720 kB
NFS_Unstable:          0 kB
Bounce:                0 kB
WritebackTmp:          0 kB
CommitLimit:     2152132 kB
Committed_AS:   116854644 kB
VmallocTotal:   251658176 kB
VmallocUsed:      136604 kB
VmallocChunk:   251427372 kB
Time pass: 330 sec

---2015-12-11 14:50:42
MemTotal:        2873608 kB
MemFree:           71676 kB
Buffers:           16020 kB
Cached:           917556 kB
SwapCached:          168 kB
Active:          1279428 kB
Inactive:         630476 kB
Active(anon):     784732 kB
Inactive(anon):   205816 kB
Active(file):     494696 kB
Inactive(file):   424660 kB
Unevictable:       13568 kB
Mlocked:               0 kB
SwapTotal:        715328 kB
SwapFree:         697080 kB
Dirty:                 0 kB
Writeback:             0 kB
AnonPages:        990108 kB
Mapped:           637604 kB
Shmem:               652 kB
Slab:              99116 kB
SReclaimable:      31724 kB
SUnreclaim:        67392 kB
KernelStack:       38400 kB
PageTables:        49704 kB
NFS_Unstable:          0 kB
Bounce:                0 kB
WritebackTmp:          0 kB
CommitLimit:     2152132 kB
Committed_AS:   116854652 kB
VmallocTotal:   251658176 kB
VmallocUsed:      136604 kB
VmallocChunk:   251427372 kB
Time pass: 334 sec

---2015-12-11 14:50:42
MemTotal:        2873608 kB
MemFree:           72152 kB
Buffers:           16020 kB
Cached:           917564 kB
SwapCached:          168 kB
Active:          1279360 kB
Inactive:         630484 kB
Active(anon):     784664 kB
Inactive(anon):   205820 kB
Active(file):     494696 kB
Inactive(file):   424664 kB
Unevictable:       13568 kB
Mlocked:               0 kB
SwapTotal:        715328 kB
SwapFree:         697080 kB
Dirty:                44 kB
Writeback:             0 kB
AnonPages:        989688 kB
Mapped:           637676 kB
Shmem:               656 kB
Slab:              99116 kB
SReclaimable:      31724 kB
SUnreclaim:        67392 kB
KernelStack:       38448 kB
PageTables:        49752 kB
NFS_Unstable:          0 kB
Bounce:                0 kB
WritebackTmp:          0 kB
CommitLimit:     2152132 kB
Committed_AS:   116854628 kB
VmallocTotal:   251658176 kB
VmallocUsed:      136604 kB
VmallocChunk:   251427372 kB
Time pass: 338 sec

---2015-12-11 14:50:42
MemTotal:        2873608 kB
MemFree:           71864 kB
Buffers:           16036 kB
Cached:           917564 kB
SwapCached:          168 kB
Active:          1279780 kB
Inactive:         630500 kB
Active(anon):     785084 kB
Inactive(anon):   205820 kB
Active(file):     494696 kB
Inactive(file):   424680 kB
Unevictable:       13568 kB
Mlocked:               0 kB
SwapTotal:        715328 kB
SwapFree:         697080 kB
Dirty:                36 kB
Writeback:             0 kB
AnonPages:        990088 kB
Mapped:           637684 kB
Shmem:               656 kB
Slab:              99116 kB
SReclaimable:      31724 kB
SUnreclaim:        67392 kB
KernelStack:       38448 kB
PageTables:        49756 kB
NFS_Unstable:          0 kB
Bounce:                0 kB
WritebackTmp:          0 kB
CommitLimit:     2152132 kB
Committed_AS:   116854644 kB
VmallocTotal:   251658176 kB
VmallocUsed:      136604 kB
VmallocChunk:   251427372 kB
Time pass: 342 sec

---2015-12-11 14:50:42
MemTotal:        2873608 kB
MemFree:           69460 kB
Buffers:           16036 kB
Cached:           917672 kB
SwapCached:          168 kB
Active:          1281152 kB
Inactive:         630604 kB
Active(anon):     786452 kB
Inactive(anon):   205820 kB
Active(file):     494700 kB
Inactive(file):   424784 kB
Unevictable:       13568 kB
Mlocked:               0 kB
SwapTotal:        715328 kB
SwapFree:         697080 kB
Dirty:                36 kB
Writeback:             0 kB
AnonPages:        991468 kB
Mapped:           637660 kB
Shmem:               656 kB
Slab:              99116 kB
SReclaimable:      31724 kB
SUnreclaim:        67392 kB
KernelStack:       38464 kB
PageTables:        49740 kB
NFS_Unstable:          0 kB
Bounce:                0 kB
WritebackTmp:          0 kB
CommitLimit:     2152132 kB
Committed_AS:   116854684 kB
VmallocTotal:   251658176 kB
VmallocUsed:      136604 kB
VmallocChunk:   251427372 kB
Time pass: 346 sec

---2015-12-11 14:50:42
MemTotal:        2873608 kB
MemFree:           69756 kB
Buffers:           16044 kB
Cached:           917676 kB
SwapCached:          168 kB
Active:          1281332 kB
Inactive:         630616 kB
Active(anon):     786632 kB
Inactive(anon):   205824 kB
Active(file):     494700 kB
Inactive(file):   424792 kB
Unevictable:       13568 kB
Mlocked:               0 kB
SwapTotal:        715328 kB
SwapFree:         697080 kB
Dirty:                60 kB
Writeback:             0 kB
AnonPages:        991512 kB
Mapped:           637672 kB
Shmem:               660 kB
Slab:              99116 kB
SReclaimable:      31724 kB
SUnreclaim:        67392 kB
KernelStack:       38416 kB
PageTables:        49736 kB
NFS_Unstable:          0 kB
Bounce:                0 kB
WritebackTmp:          0 kB
CommitLimit:     2152132 kB
Committed_AS:   116854588 kB
VmallocTotal:   251658176 kB
VmallocUsed:      136604 kB
VmallocChunk:   251427372 kB
Time pass: 350 sec

---2015-12-11 14:50:42
MemTotal:        2873608 kB
MemFree:           66028 kB
Buffers:           16060 kB
Cached:           917892 kB
SwapCached:          168 kB
Active:          1284076 kB
Inactive:         630844 kB
Active(anon):     789372 kB
Inactive(anon):   205824 kB
Active(file):     494704 kB
Inactive(file):   425020 kB
Unevictable:       13568 kB
Mlocked:               0 kB
SwapTotal:        715328 kB
SwapFree:         697080 kB
Dirty:                44 kB
Writeback:             0 kB
AnonPages:        994284 kB
Mapped:           638980 kB
Shmem:               660 kB
Slab:              99116 kB
SReclaimable:      31724 kB
SUnreclaim:        67392 kB
KernelStack:       38640 kB
PageTables:        50212 kB
NFS_Unstable:          0 kB
Bounce:                0 kB
WritebackTmp:          0 kB
CommitLimit:     2152132 kB
Committed_AS:   118090560 kB
VmallocTotal:   251658176 kB
VmallocUsed:      137624 kB
VmallocChunk:   251427372 kB
Time pass: 354 sec

---2015-12-11 14:50:42
MemTotal:        2873608 kB
MemFree:           66056 kB
Buffers:           16060 kB
Cached:           917920 kB
SwapCached:          168 kB
Active:          1284108 kB
Inactive:         630872 kB
Active(anon):     789404 kB
Inactive(anon):   205852 kB
Active(file):     494704 kB
Inactive(file):   425020 kB
Unevictable:       13568 kB
Mlocked:               0 kB
SwapTotal:        715328 kB
SwapFree:         697080 kB
Dirty:                 0 kB
Writeback:             0 kB
AnonPages:        994460 kB
Mapped:           639012 kB
Shmem:               688 kB
Slab:              99116 kB
SReclaimable:      31724 kB
SUnreclaim:        67392 kB
KernelStack:       38640 kB
PageTables:        50228 kB
NFS_Unstable:          0 kB
Bounce:                0 kB
WritebackTmp:          0 kB
CommitLimit:     2152132 kB
Committed_AS:   118090752 kB
VmallocTotal:   251658176 kB
VmallocUsed:      137624 kB
VmallocChunk:   251427372 kB
Time pass: 358 sec

---2015-12-11 14:50:42
MemTotal:        2873608 kB
MemFree:           65764 kB
Buffers:           16068 kB
Cached:           917924 kB
SwapCached:          168 kB
Active:          1284384 kB
Inactive:         630880 kB
Active(anon):     789676 kB
Inactive(anon):   205856 kB
Active(file):     494708 kB
Inactive(file):   425024 kB
Unevictable:       13568 kB
Mlocked:               0 kB
SwapTotal:        715328 kB
SwapFree:         697080 kB
Dirty:                32 kB
Writeback:             0 kB
AnonPages:        994740 kB
Mapped:           639056 kB
Shmem:               692 kB
Slab:              99116 kB
SReclaimable:      31724 kB
SUnreclaim:        67392 kB
KernelStack:       38640 kB
PageTables:        50228 kB
NFS_Unstable:          0 kB
Bounce:                0 kB
WritebackTmp:          0 kB
CommitLimit:     2152132 kB
Committed_AS:   118090752 kB
VmallocTotal:   251658176 kB
VmallocUsed:      137624 kB
VmallocChunk:   251427372 kB
Time pass: 362 sec

---2015-12-11 14:50:42
MemTotal:        2873608 kB
MemFree:           64752 kB
Buffers:           16084 kB
Cached:           917924 kB
SwapCached:          168 kB
Active:          1285204 kB
Inactive:         630896 kB
Active(anon):     790496 kB
Inactive(anon):   205856 kB
Active(file):     494708 kB
Inactive(file):   425040 kB
Unevictable:       13568 kB
Mlocked:               0 kB
SwapTotal:        715328 kB
SwapFree:         697080 kB
Dirty:                36 kB
Writeback:             0 kB
AnonPages:        995392 kB
Mapped:           639148 kB
Shmem:               692 kB
Slab:              99116 kB
SReclaimable:      31724 kB
SUnreclaim:        67392 kB
KernelStack:       38640 kB
PageTables:        50256 kB
NFS_Unstable:          0 kB
Bounce:                0 kB
WritebackTmp:          0 kB
CommitLimit:     2152132 kB
Committed_AS:   118090784 kB
VmallocTotal:   251658176 kB
VmallocUsed:      137624 kB
VmallocChunk:   251427372 kB
Time pass: 366 sec

---2015-12-11 14:50:42
MemTotal:        2873608 kB
MemFree:           64576 kB
Buffers:           16084 kB
Cached:           917924 kB
SwapCached:          168 kB
Active:          1285536 kB
Inactive:         630896 kB
Active(anon):     790828 kB
Inactive(anon):   205856 kB
Active(file):     494708 kB
Inactive(file):   425040 kB
Unevictable:       13568 kB
Mlocked:               0 kB
SwapTotal:        715328 kB
SwapFree:         697080 kB
Dirty:                36 kB
Writeback:             0 kB
AnonPages:        995716 kB
Mapped:           639152 kB
Shmem:               692 kB
Slab:              99116 kB
SReclaimable:      31724 kB
SUnreclaim:        67392 kB
KernelStack:       38640 kB
PageTables:        50260 kB
NFS_Unstable:          0 kB
Bounce:                0 kB
WritebackTmp:          0 kB
CommitLimit:     2152132 kB
Committed_AS:   118090792 kB
VmallocTotal:   251658176 kB
VmallocUsed:      137624 kB
VmallocChunk:   251427372 kB
Time pass: 370 sec

---2015-12-11 14:50:42
MemTotal:        2873608 kB
MemFree:           64800 kB
Buffers:           16092 kB
Cached:           917928 kB
SwapCached:          168 kB
Active:          1285440 kB
Inactive:         630904 kB
Active(anon):     790732 kB
Inactive(anon):   205856 kB
Active(file):     494708 kB
Inactive(file):   425048 kB
Unevictable:       13568 kB
Mlocked:               0 kB
SwapTotal:        715328 kB
SwapFree:         697080 kB
Dirty:                40 kB
Writeback:             0 kB
AnonPages:        995768 kB
Mapped:           639160 kB
Shmem:               692 kB
Slab:              99116 kB
SReclaimable:      31724 kB
SUnreclaim:        67392 kB
KernelStack:       38640 kB
PageTables:        50260 kB
NFS_Unstable:          0 kB
Bounce:                0 kB
WritebackTmp:          0 kB
CommitLimit:     2152132 kB
Committed_AS:   118090808 kB
VmallocTotal:   251658176 kB
VmallocUsed:      137624 kB
VmallocChunk:   251427372 kB
Time pass: 373 sec

---2015-12-11 14:50:42
MemTotal:        2873608 kB
MemFree:           63508 kB
Buffers:           16108 kB
Cached:           917928 kB
SwapCached:          168 kB
Active:          1286172 kB
Inactive:         630924 kB
Active(anon):     791464 kB
Inactive(anon):   205856 kB
Active(file):     494708 kB
Inactive(file):   425068 kB
Unevictable:       13568 kB
Mlocked:               0 kB
SwapTotal:        715328 kB
SwapFree:         697080 kB
Dirty:                48 kB
Writeback:             0 kB
AnonPages:        996452 kB
Mapped:           639168 kB
Shmem:               692 kB
Slab:              99116 kB
SReclaimable:      31724 kB
SUnreclaim:        67392 kB
KernelStack:       38608 kB
PageTables:        50256 kB
NFS_Unstable:          0 kB
Bounce:                0 kB
WritebackTmp:          0 kB
CommitLimit:     2152132 kB
Committed_AS:   118090800 kB
VmallocTotal:   251658176 kB
VmallocUsed:      137624 kB
VmallocChunk:   251427372 kB
Time pass: 377 sec

---2015-12-11 14:50:42
MemTotal:        2873608 kB
MemFree:           63804 kB
Buffers:           16108 kB
Cached:           917928 kB
SwapCached:          168 kB
Active:          1286520 kB
Inactive:         630924 kB
Active(anon):     791812 kB
Inactive(anon):   205856 kB
Active(file):     494708 kB
Inactive(file):   425068 kB
Unevictable:       13568 kB
Mlocked:               0 kB
SwapTotal:        715328 kB
SwapFree:         697080 kB
Dirty:                48 kB
Writeback:             0 kB
AnonPages:        996620 kB
Mapped:           639172 kB
Shmem:               692 kB
Slab:              99116 kB
SReclaimable:      31724 kB
SUnreclaim:        67392 kB
KernelStack:       38672 kB
PageTables:        50260 kB
NFS_Unstable:          0 kB
Bounce:                0 kB
WritebackTmp:          0 kB
CommitLimit:     2152132 kB
Committed_AS:   118090784 kB
VmallocTotal:   251658176 kB
VmallocUsed:      137624 kB
VmallocChunk:   251427372 kB
Time pass: 381 sec

---2015-12-11 14:50:42
MemTotal:        2873608 kB
MemFree:           69340 kB
Buffers:           15952 kB
Cached:           913200 kB
SwapCached:          168 kB
Active:          1283400 kB
Inactive:         628416 kB
Active(anon):     791900 kB
Inactive(anon):   205156 kB
Active(file):     491500 kB
Inactive(file):   423260 kB
Unevictable:       13568 kB
Mlocked:               0 kB
SwapTotal:        715328 kB
SwapFree:         696544 kB
Dirty:                32 kB
Writeback:             0 kB
AnonPages:        996036 kB
Mapped:           638984 kB
Shmem:               696 kB
Slab:              99456 kB
SReclaimable:      32044 kB
SUnreclaim:        67412 kB
KernelStack:       38672 kB
PageTables:        50292 kB
NFS_Unstable:          0 kB
Bounce:                0 kB
WritebackTmp:          0 kB
CommitLimit:     2152132 kB
Committed_AS:   118090808 kB
VmallocTotal:   251658176 kB
VmallocUsed:      137624 kB
VmallocChunk:   251427372 kB
Time pass: 385 sec

---2015-12-11 14:50:42
MemTotal:        2873608 kB
MemFree:           69408 kB
Buffers:           15984 kB
Cached:           913196 kB
SwapCached:          168 kB
Active:          1283992 kB
Inactive:         628444 kB
Active(anon):     792492 kB
Inactive(anon):   205168 kB
Active(file):     491500 kB
Inactive(file):   423276 kB
Unevictable:       13568 kB
Mlocked:               0 kB
SwapTotal:        715328 kB
SwapFree:         696544 kB
Dirty:                 0 kB
Writeback:             0 kB
AnonPages:        996816 kB
Mapped:           638960 kB
Shmem:               708 kB
Slab:              99456 kB
SReclaimable:      32044 kB
SUnreclaim:        67412 kB
KernelStack:       38640 kB
PageTables:        50264 kB
NFS_Unstable:          0 kB
Bounce:                0 kB
WritebackTmp:          0 kB
CommitLimit:     2152132 kB
Committed_AS:   118090888 kB
VmallocTotal:   251658176 kB
VmallocUsed:      137624 kB
VmallocChunk:   251427372 kB
Time pass: 389 sec

---2015-12-11 14:50:42
MemTotal:        2873608 kB
MemFree:           80992 kB
Buffers:           15984 kB
Cached:           913212 kB
SwapCached:          168 kB
Active:          1274016 kB
Inactive:         627832 kB
Active(anon):     781760 kB
Inactive(anon):   205168 kB
Active(file):     492256 kB
Inactive(file):   422664 kB
Unevictable:       13568 kB
Mlocked:               0 kB
SwapTotal:        715328 kB
SwapFree:         696544 kB
Dirty:                96 kB
Writeback:             0 kB
AnonPages:        986116 kB
Mapped:           631536 kB
Shmem:               708 kB
Slab:              99428 kB
SReclaimable:      32044 kB
SUnreclaim:        67384 kB
KernelStack:       38400 kB
PageTables:        49560 kB
NFS_Unstable:          0 kB
Bounce:                0 kB
WritebackTmp:          0 kB
CommitLimit:     2152132 kB
Committed_AS:   116846064 kB
VmallocTotal:   251658176 kB
VmallocUsed:      136604 kB
VmallocChunk:   251427372 kB
Time pass: 393 sec

---2015-12-11 14:50:42
MemTotal:        2873608 kB
MemFree:           80444 kB
Buffers:           15992 kB
Cached:           913212 kB
SwapCached:          168 kB
Active:          1274752 kB
Inactive:         627840 kB
Active(anon):     782496 kB
Inactive(anon):   205168 kB
Active(file):     492256 kB
Inactive(file):   422672 kB
Unevictable:       13568 kB
Mlocked:               0 kB
SwapTotal:        715328 kB
SwapFree:         696544 kB
Dirty:                80 kB
Writeback:             0 kB
AnonPages:        986928 kB
Mapped:           631552 kB
Shmem:               708 kB
Slab:              99428 kB
SReclaimable:      32044 kB
SUnreclaim:        67384 kB
KernelStack:       38272 kB
PageTables:        49560 kB
NFS_Unstable:          0 kB
Bounce:                0 kB
WritebackTmp:          0 kB
CommitLimit:     2152132 kB
Committed_AS:   116845952 kB
VmallocTotal:   251658176 kB
VmallocUsed:      136604 kB
VmallocChunk:   251427372 kB
Time pass: 397 sec

---2015-12-11 14:50:42
MemTotal:        2873608 kB
MemFree:           80276 kB
Buffers:           15992 kB
