---2015-12-09 10:41:11
MemTotal:        2905316 kB
MemFree:           84460 kB
Buffers:           25768 kB
Cached:          1423188 kB
SwapCached:            0 kB
Active:          1283104 kB
Inactive:        1044324 kB
Active(anon):     767964 kB
Inactive(anon):   158060 kB
Active(file):     515140 kB
Inactive(file):   886264 kB
Unevictable:        7488 kB
Mlocked:               0 kB
SwapTotal:        720184 kB
SwapFree:         720184 kB
Dirty:                40 kB
Writeback:             0 kB
AnonPages:        886048 kB
Mapped:           505836 kB
Shmem:             40056 kB
Slab:             119560 kB
SReclaimable:      36008 kB
SUnreclaim:        83552 kB
KernelStack:       30768 kB
PageTables:        56392 kB
NFS_Unstable:          0 kB
Bounce:                0 kB
WritebackTmp:          0 kB
CommitLimit:     2172840 kB
Committed_AS:   95591564 kB
VmallocTotal:   251658176 kB
VmallocUsed:      137564 kB
VmallocChunk:   251440684 kB
Time pass: 3 sec

---2015-12-09 10:41:11
MemTotal:        2905316 kB
MemFree:           82200 kB
Buffers:           27112 kB
Cached:          1394060 kB
SwapCached:            0 kB
Active:          1316216 kB
Inactive:        1013224 kB
Active(anon):     789744 kB
Inactive(anon):   166124 kB
Active(file):     526472 kB
Inactive(file):   847100 kB
Unevictable:        7488 kB
Mlocked:               0 kB
SwapTotal:        720184 kB
SwapFree:         720184 kB
Dirty:               804 kB
Writeback:             0 kB
AnonPages:        914480 kB
Mapped:           548032 kB
Shmem:             40188 kB
Slab:             119628 kB
SReclaimable:      35868 kB
SUnreclaim:        83760 kB
KernelStack:       32896 kB
PageTables:        55556 kB
NFS_Unstable:          0 kB
Bounce:                0 kB
WritebackTmp:          0 kB
CommitLimit:     2172840 kB
Committed_AS:   91746672 kB
VmallocTotal:   251658176 kB
VmallocUsed:      136680 kB
VmallocChunk:   251440684 kB
Time pass: 7 sec

---2015-12-09 10:41:11
MemTotal:        2905316 kB
MemFree:          105204 kB
Buffers:           27220 kB
Cached:          1385912 kB
SwapCached:            0 kB
Active:          1302688 kB
Inactive:        1004704 kB
Active(anon):     774148 kB
Inactive(anon):   167656 kB
Active(file):     528540 kB
Inactive(file):   837048 kB
Unevictable:        7488 kB
Mlocked:               0 kB
SwapTotal:        720184 kB
SwapFree:         720184 kB
Dirty:               540 kB
Writeback:             0 kB
AnonPages:        901732 kB
Mapped:           512492 kB
Shmem:             40056 kB
Slab:             119876 kB
SReclaimable:      35932 kB
SUnreclaim:        83944 kB
KernelStack:       31232 kB
PageTables:        56612 kB
NFS_Unstable:          0 kB
Bounce:                0 kB
WritebackTmp:          0 kB
CommitLimit:     2172840 kB
Committed_AS:   96126228 kB
VmallocTotal:   251658176 kB
VmallocUsed:      137564 kB
VmallocChunk:   251436076 kB
Time pass: 11 sec

---2015-12-09 10:41:11
MemTotal:        2905316 kB
MemFree:          127572 kB
Buffers:           27228 kB
Cached:          1387152 kB
SwapCached:            0 kB
Active:          1281292 kB
Inactive:        1005980 kB
Active(anon):     752728 kB
Inactive(anon):   167656 kB
Active(file):     528564 kB
Inactive(file):   838324 kB
Unevictable:        7488 kB
Mlocked:               0 kB
SwapTotal:        720184 kB
SwapFree:         720184 kB
Dirty:                28 kB
Writeback:             0 kB
AnonPages:        880476 kB
Mapped:           500068 kB
Shmem:             40056 kB
Slab:             119888 kB
SReclaimable:      35948 kB
SUnreclaim:        83940 kB
KernelStack:       31088 kB
PageTables:        55000 kB
NFS_Unstable:          0 kB
Bounce:                0 kB
WritebackTmp:          0 kB
CommitLimit:     2172840 kB
Committed_AS:   92371548 kB
VmallocTotal:   251658176 kB
VmallocUsed:      134504 kB
VmallocChunk:   251436076 kB
Time pass: 15 sec

---2015-12-09 10:41:11
MemTotal:        2905316 kB
MemFree:           67132 kB
Buffers:           28016 kB
Cached:          1412872 kB
SwapCached:            0 kB
Active:          1292204 kB
Inactive:        1029164 kB
Active(anon):     759588 kB
Inactive(anon):   169192 kB
Active(file):     532616 kB
Inactive(file):   859972 kB
Unevictable:        7488 kB
Mlocked:               0 kB
SwapTotal:        720184 kB
SwapFree:         720184 kB
Dirty:               420 kB
Writeback:           224 kB
AnonPages:        889108 kB
Mapped:           515388 kB
Shmem:             40060 kB
Slab:             119692 kB
SReclaimable:      35964 kB
SUnreclaim:        83728 kB
KernelStack:       30608 kB
PageTables:        55736 kB
NFS_Unstable:          0 kB
Bounce:                0 kB
WritebackTmp:          0 kB
CommitLimit:     2172840 kB
Committed_AS:   93146456 kB
VmallocTotal:   251658176 kB
VmallocUsed:      135400 kB
VmallocChunk:   251428396 kB
Time pass: 19 sec

---2015-12-09 10:41:11
MemTotal:        2905316 kB
MemFree:           61500 kB
Buffers:           27720 kB
Cached:          1276496 kB
SwapCached:            0 kB
Active:          1312376 kB
Inactive:         903688 kB
Active(anon):     770044 kB
Inactive(anon):   189552 kB
Active(file):     542332 kB
Inactive(file):   714136 kB
Unevictable:        7488 kB
Mlocked:               0 kB
SwapTotal:        720184 kB
SwapFree:         720184 kB
Dirty:              1560 kB
Writeback:             0 kB
AnonPages:        919192 kB
Mapped:           585276 kB
Shmem:             40192 kB
Slab:             120116 kB
SReclaimable:      36216 kB
SUnreclaim:        83900 kB
KernelStack:       31648 kB
PageTables:        56384 kB
NFS_Unstable:          0 kB
Bounce:                0 kB
WritebackTmp:          0 kB
CommitLimit:     2172840 kB
Committed_AS:   93201536 kB
VmallocTotal:   251658176 kB
VmallocUsed:      144516 kB
VmallocChunk:   251346404 kB
Time pass: 22 sec

---2015-12-09 10:41:11
MemTotal:        2905316 kB
MemFree:          111108 kB
Buffers:           27720 kB
Cached:          1258928 kB
SwapCached:            0 kB
Active:          1271760 kB
Inactive:         884512 kB
Active(anon):     728388 kB
Inactive(anon):   181252 kB
Active(file):     543372 kB
Inactive(file):   703260 kB
Unevictable:        7488 kB
Mlocked:               0 kB
SwapTotal:        720184 kB
SwapFree:         720184 kB
Dirty:                76 kB
Writeback:             0 kB
AnonPages:        877120 kB
Mapped:           575252 kB
Shmem:             32528 kB
Slab:             120204 kB
SReclaimable:      36312 kB
SUnreclaim:        83892 kB
KernelStack:       31696 kB
PageTables:        56148 kB
NFS_Unstable:          0 kB
Bounce:                0 kB
WritebackTmp:          0 kB
CommitLimit:     2172840 kB
Committed_AS:   93152948 kB
VmallocTotal:   251658176 kB
VmallocUsed:      136336 kB
VmallocChunk:   251428396 kB
Time pass: 26 sec

---2015-12-09 10:41:11
MemTotal:        2905316 kB
MemFree:          114904 kB
Buffers:           27732 kB
Cached:          1259008 kB
SwapCached:            0 kB
Active:          1268980 kB
Inactive:         884520 kB
Active(anon):     725592 kB
Inactive(anon):   181252 kB
Active(file):     543388 kB
Inactive(file):   703268 kB
Unevictable:        7488 kB
Mlocked:               0 kB
SwapTotal:        720184 kB
SwapFree:         720184 kB
Dirty:                12 kB
Writeback:             0 kB
AnonPages:        874168 kB
Mapped:           575348 kB
Shmem:             32528 kB
Slab:             120028 kB
SReclaimable:      36200 kB
SUnreclaim:        83828 kB
KernelStack:       31456 kB
PageTables:        55648 kB
NFS_Unstable:          0 kB
Bounce:                0 kB
WritebackTmp:          0 kB
CommitLimit:     2172840 kB
Committed_AS:   92426620 kB
VmallocTotal:   251658176 kB
VmallocUsed:      135316 kB
VmallocChunk:   251428396 kB
Time pass: 30 sec

---2015-12-09 10:41:11
MemTotal:        2905316 kB
MemFree:          113676 kB
Buffers:           27740 kB
Cached:          1259064 kB
SwapCached:            0 kB
Active:          1269940 kB
Inactive:         884592 kB
Active(anon):     726548 kB
Inactive(anon):   181312 kB
Active(file):     543392 kB
Inactive(file):   703280 kB
Unevictable:        7488 kB
Mlocked:               0 kB
SwapTotal:        720184 kB
SwapFree:         720184 kB
Dirty:                16 kB
Writeback:             0 kB
AnonPages:        875152 kB
Mapped:           575480 kB
Shmem:             32588 kB
Slab:             120032 kB
SReclaimable:      36200 kB
SUnreclaim:        83832 kB
KernelStack:       31456 kB
PageTables:        55728 kB
NFS_Unstable:          0 kB
Bounce:                0 kB
WritebackTmp:          0 kB
CommitLimit:     2172840 kB
Committed_AS:   92453192 kB
VmallocTotal:   251658176 kB
VmallocUsed:      135316 kB
VmallocChunk:   251428396 kB
Time pass: 34 sec

---2015-12-09 10:41:11
MemTotal:        2905316 kB
MemFree:          113268 kB
Buffers:           27748 kB
Cached:          1259080 kB
SwapCached:            0 kB
Active:          1269984 kB
Inactive:         884660 kB
Active(anon):     726584 kB
Inactive(anon):   181312 kB
Active(file):     543400 kB
Inactive(file):   703348 kB
Unevictable:        7488 kB
Mlocked:               0 kB
SwapTotal:        720184 kB
SwapFree:         720184 kB
Dirty:               100 kB
Writeback:             0 kB
AnonPages:        875320 kB
Mapped:           575512 kB
Shmem:             32588 kB
Slab:             120168 kB
SReclaimable:      36200 kB
SUnreclaim:        83968 kB
KernelStack:       31456 kB
PageTables:        55704 kB
NFS_Unstable:          0 kB
Bounce:                0 kB
WritebackTmp:          0 kB
CommitLimit:     2172840 kB
Committed_AS:   92453232 kB
VmallocTotal:   251658176 kB
VmallocUsed:      135316 kB
VmallocChunk:   251428396 kB
Time pass: 37 sec

---2015-12-09 10:41:11
MemTotal:        2905316 kB
MemFree:           72332 kB
Buffers:           29296 kB
Cached:          1270248 kB
SwapCached:            0 kB
Active:          1275164 kB
Inactive:         897168 kB
Active(anon):     731620 kB
Inactive(anon):   181316 kB
Active(file):     543544 kB
Inactive(file):   715852 kB
Unevictable:        7488 kB
Mlocked:               0 kB
SwapTotal:        720184 kB
SwapFree:         720184 kB
Dirty:               304 kB
Writeback:           220 kB
AnonPages:        880484 kB
Mapped:           581224 kB
Shmem:             32596 kB
Slab:             120164 kB
SReclaimable:      36200 kB
SUnreclaim:        83964 kB
KernelStack:       31456 kB
PageTables:        55872 kB
NFS_Unstable:          0 kB
Bounce:                0 kB
WritebackTmp:          0 kB
CommitLimit:     2172840 kB
Committed_AS:   92459488 kB
VmallocTotal:   251658176 kB
VmallocUsed:      135500 kB
VmallocChunk:   251428396 kB
Time pass: 41 sec

---2015-12-09 10:41:11
MemTotal:        2905316 kB
MemFree:           67592 kB
Buffers:           27260 kB
Cached:          1228208 kB
SwapCached:            0 kB
Active:          1286340 kB
Inactive:         855104 kB
Active(anon):     742136 kB
Inactive(anon):   183876 kB
Active(file):     544204 kB
Inactive(file):   671228 kB
Unevictable:        7488 kB
Mlocked:               0 kB
SwapTotal:        720184 kB
SwapFree:         720184 kB
Dirty:                 8 kB
Writeback:             0 kB
AnonPages:        893456 kB
Mapped:           587120 kB
Shmem:             32592 kB
Slab:             120176 kB
SReclaimable:      36196 kB
SUnreclaim:        83980 kB
KernelStack:       31488 kB
PageTables:        56152 kB
NFS_Unstable:          0 kB
Bounce:                0 kB
WritebackTmp:          0 kB
CommitLimit:     2172840 kB
Committed_AS:   92481744 kB
VmallocTotal:   251658176 kB
VmallocUsed:      135572 kB
VmallocChunk:   251428396 kB
Time pass: 45 sec

---2015-12-09 10:41:11
MemTotal:        2905316 kB
MemFree:           73364 kB
Buffers:           26856 kB
Cached:          1219868 kB
SwapCached:            0 kB
Active:          1293900 kB
Inactive:         847744 kB
Active(anon):     748676 kB
Inactive(anon):   186584 kB
Active(file):     545224 kB
Inactive(file):   661160 kB
Unevictable:        7488 kB
Mlocked:               0 kB
SwapTotal:        720184 kB
SwapFree:         720184 kB
Dirty:                36 kB
Writeback:             0 kB
AnonPages:        902728 kB
Mapped:           583572 kB
Shmem:             32740 kB
Slab:             119792 kB
SReclaimable:      35936 kB
SUnreclaim:        83856 kB
KernelStack:       31648 kB
PageTables:        56020 kB
NFS_Unstable:          0 kB
Bounce:                0 kB
WritebackTmp:          0 kB
CommitLimit:     2172840 kB
Committed_AS:   92503880 kB
VmallocTotal:   251658176 kB
VmallocUsed:      135524 kB
VmallocChunk:   251428396 kB
Time pass: 49 sec

---2015-12-09 10:41:11
MemTotal:        2905316 kB
MemFree:           76532 kB
Buffers:           26644 kB
Cached:          1156056 kB
SwapCached:            0 kB
Active:          1314604 kB
Inactive:         780588 kB
Active(anon):     760136 kB
Inactive(anon):   192456 kB
Active(file):     554468 kB
Inactive(file):   588132 kB
Unevictable:        7488 kB
Mlocked:               0 kB
SwapTotal:        720184 kB
SwapFree:         720184 kB
Dirty:              1668 kB
Writeback:             0 kB
AnonPages:        919828 kB
Mapped:           637888 kB
Shmem:             32596 kB
Slab:             119764 kB
SReclaimable:      35872 kB
SUnreclaim:        83892 kB
KernelStack:       31680 kB
PageTables:        56176 kB
NFS_Unstable:          0 kB
Bounce:                0 kB
WritebackTmp:          0 kB
CommitLimit:     2172840 kB
Committed_AS:   92511160 kB
VmallocTotal:   251658176 kB
VmallocUsed:      135928 kB
VmallocChunk:   251428396 kB
Time pass: 52 sec

---2015-12-09 10:41:11
MemTotal:        2905316 kB
MemFree:           82684 kB
Buffers:           26652 kB
Cached:          1156156 kB
SwapCached:            0 kB
Active:          1309000 kB
Inactive:         780632 kB
Active(anon):     754452 kB
Inactive(anon):   192456 kB
Active(file):     554548 kB
Inactive(file):   588176 kB
Unevictable:        7488 kB
Mlocked:               0 kB
SwapTotal:        720184 kB
SwapFree:         720184 kB
Dirty:               132 kB
Writeback:             0 kB
AnonPages:        914384 kB
Mapped:           637852 kB
Shmem:             32596 kB
Slab:             119764 kB
SReclaimable:      35872 kB
SUnreclaim:        83892 kB
KernelStack:       31616 kB
PageTables:        56172 kB
NFS_Unstable:          0 kB
Bounce:                0 kB
WritebackTmp:          0 kB
CommitLimit:     2172840 kB
Committed_AS:   92499864 kB
VmallocTotal:   251658176 kB
VmallocUsed:      135928 kB
VmallocChunk:   251428396 kB
Time pass: 56 sec

---2015-12-09 10:41:11
MemTotal:        2905316 kB
MemFree:           80784 kB
Buffers:           26668 kB
Cached:          1157340 kB
SwapCached:            0 kB
Active:          1309136 kB
Inactive:         781784 kB
Active(anon):     754564 kB
Inactive(anon):   192456 kB
Active(file):     554572 kB
Inactive(file):   589328 kB
Unevictable:        7488 kB
Mlocked:               0 kB
SwapTotal:        720184 kB
SwapFree:         720184 kB
Dirty:                20 kB
Writeback:             0 kB
AnonPages:        914304 kB
Mapped:           638672 kB
Shmem:             32596 kB
Slab:             119764 kB
SReclaimable:      35872 kB
SUnreclaim:        83892 kB
KernelStack:       31648 kB
PageTables:        56196 kB
NFS_Unstable:          0 kB
Bounce:                0 kB
WritebackTmp:          0 kB
CommitLimit:     2172840 kB
Committed_AS:   92499784 kB
VmallocTotal:   251658176 kB
VmallocUsed:      135928 kB
VmallocChunk:   251428396 kB
Time pass: 60 sec

---2015-12-09 10:41:11
MemTotal:        2905316 kB
MemFree:           70464 kB
Buffers:           27356 kB
Cached:          1150736 kB
SwapCached:            0 kB
Active:          1315060 kB
Inactive:         773744 kB
Active(anon):     758340 kB
Inactive(anon):   192244 kB
Active(file):     556720 kB
Inactive(file):   581500 kB
Unevictable:        7488 kB
Mlocked:               0 kB
SwapTotal:        720184 kB
SwapFree:         720184 kB
Dirty:               372 kB
Writeback:             0 kB
AnonPages:        918300 kB
Mapped:           648284 kB
Shmem:             32384 kB
Slab:             116112 kB
SReclaimable:      35440 kB
SUnreclaim:        80672 kB
KernelStack:       31648 kB
PageTables:        56060 kB
NFS_Unstable:          0 kB
Bounce:                0 kB
WritebackTmp:          0 kB
CommitLimit:     2172840 kB
Committed_AS:   92405940 kB
VmallocTotal:   251658176 kB
VmallocUsed:      136052 kB
VmallocChunk:   251428396 kB
Time pass: 63 sec

---2015-12-09 10:41:11
MemTotal:        2905316 kB
MemFree:           72792 kB
Buffers:           27364 kB
Cached:          1150736 kB
SwapCached:            0 kB
Active:          1312624 kB
Inactive:         773744 kB
Active(anon):     755904 kB
Inactive(anon):   192244 kB
Active(file):     556720 kB
Inactive(file):   581500 kB
Unevictable:        7488 kB
Mlocked:               0 kB
SwapTotal:        720184 kB
SwapFree:         720184 kB
Dirty:                96 kB
Writeback:             0 kB
AnonPages:        915804 kB
Mapped:           648300 kB
Shmem:             32384 kB
Slab:             116272 kB
SReclaimable:      35600 kB
SUnreclaim:        80672 kB
KernelStack:       31648 kB
PageTables:        56060 kB
NFS_Unstable:          0 kB
Bounce:                0 kB
WritebackTmp:          0 kB
CommitLimit:     2172840 kB
Committed_AS:   92405940 kB
VmallocTotal:   251658176 kB
VmallocUsed:      136052 kB
VmallocChunk:   251428396 kB
Time pass: 67 sec

---2015-12-09 10:41:11
MemTotal:        2905316 kB
MemFree:           67976 kB
Buffers:           25556 kB
Cached:          1128644 kB
SwapCached:            0 kB
Active:          1319532 kB
Inactive:         748412 kB
Active(anon):     763696 kB
Inactive(anon):   192876 kB
Active(file):     555836 kB
Inactive(file):   555536 kB
Unevictable:       10444 kB
Mlocked:               0 kB
SwapTotal:        720184 kB
SwapFree:         720184 kB
Dirty:                60 kB
Writeback:             0 kB
AnonPages:        924284 kB
Mapped:           661976 kB
Shmem:             32384 kB
Slab:             116952 kB
SReclaimable:      36176 kB
SUnreclaim:        80776 kB
KernelStack:       31648 kB
PageTables:        55980 kB
NFS_Unstable:          0 kB
Bounce:                0 kB
WritebackTmp:          0 kB
CommitLimit:     2172840 kB
Committed_AS:   92416364 kB
VmallocTotal:   251658176 kB
VmallocUsed:      136236 kB
VmallocChunk:   251428396 kB
Time pass: 71 sec

---2015-12-09 10:41:11
MemTotal:        2905316 kB
MemFree:           63888 kB
Buffers:           25516 kB
Cached:          1121748 kB
SwapCached:            0 kB
Active:          1328556 kB
Inactive:         743016 kB
Active(anon):     776288 kB
Inactive(anon):   192872 kB
Active(file):     552268 kB
Inactive(file):   550144 kB
Unevictable:       12308 kB
Mlocked:               0 kB
SwapTotal:        720184 kB
SwapFree:         720156 kB
Dirty:               228 kB
Writeback:             0 kB
AnonPages:        937116 kB
Mapped:           665856 kB
Shmem:             32376 kB
Slab:             116708 kB
SReclaimable:      35952 kB
SUnreclaim:        80756 kB
KernelStack:       31728 kB
PageTables:        55988 kB
NFS_Unstable:          0 kB
Bounce:                0 kB
WritebackTmp:          0 kB
CommitLimit:     2172840 kB
Committed_AS:   92425144 kB
VmallocTotal:   251658176 kB
VmallocUsed:      136236 kB
VmallocChunk:   251428396 kB
Time pass: 75 sec

---2015-12-09 10:41:11
MemTotal:        2905316 kB
MemFree:           66844 kB
Buffers:           25464 kB
Cached:          1109700 kB
SwapCached:            0 kB
Active:          1328408 kB
Inactive:         741016 kB
Active(anon):     783540 kB
Inactive(anon):   195668 kB
Active(file):     544868 kB
Inactive(file):   545348 kB
Unevictable:       12456 kB
Mlocked:               0 kB
SwapTotal:        720184 kB
SwapFree:         720156 kB
Dirty:               488 kB
Writeback:             0 kB
AnonPages:        946896 kB
Mapped:           667244 kB
Shmem:             32492 kB
Slab:             116468 kB
SReclaimable:      35648 kB
SUnreclaim:        80820 kB
KernelStack:       32032 kB
PageTables:        56244 kB
NFS_Unstable:          0 kB
Bounce:                0 kB
WritebackTmp:          0 kB
CommitLimit:     2172840 kB
Committed_AS:   92466068 kB
VmallocTotal:   251658176 kB
VmallocUsed:      138684 kB
VmallocChunk:   251428396 kB
Time pass: 78 sec

---2015-12-09 10:41:11
MemTotal:        2905316 kB
MemFree:           75828 kB
Buffers:           25204 kB
Cached:          1068388 kB
SwapCached:            0 kB
Active:          1309552 kB
Inactive:         720876 kB
Active(anon):     785472 kB
Inactive(anon):   196460 kB
Active(file):     524080 kB
Inactive(file):   524416 kB
Unevictable:       12456 kB
Mlocked:               0 kB
SwapTotal:        720184 kB
SwapFree:         720156 kB
Dirty:                32 kB
Writeback:             0 kB
AnonPages:        949440 kB
Mapped:           662968 kB
Shmem:             32636 kB
Slab:             116552 kB
SReclaimable:      35728 kB
SUnreclaim:        80824 kB
KernelStack:       32032 kB
PageTables:        56424 kB
NFS_Unstable:          0 kB
Bounce:                0 kB
WritebackTmp:          0 kB
CommitLimit:     2172840 kB
Committed_AS:   92467356 kB
VmallocTotal:   251658176 kB
VmallocUsed:      138684 kB
VmallocChunk:   251428396 kB
Time pass: 82 sec

---2015-12-09 10:41:11
MemTotal:        2905316 kB
MemFree:           74612 kB
Buffers:           25212 kB
Cached:          1068488 kB
SwapCached:            0 kB
Active:          1310728 kB
Inactive:         720972 kB
Active(anon):     786632 kB
Inactive(anon):   196512 kB
Active(file):     524096 kB
Inactive(file):   524460 kB
Unevictable:       12456 kB
Mlocked:               0 kB
SwapTotal:        720184 kB
SwapFree:         720156 kB
Dirty:                84 kB
Writeback:             0 kB
AnonPages:        950696 kB
Mapped:           663020 kB
Shmem:             32688 kB
Slab:             116684 kB
SReclaimable:      35856 kB
SUnreclaim:        80828 kB
KernelStack:       32032 kB
PageTables:        56428 kB
NFS_Unstable:          0 kB
Bounce:                0 kB
WritebackTmp:          0 kB
CommitLimit:     2172840 kB
Committed_AS:   92469688 kB
VmallocTotal:   251658176 kB
VmallocUsed:      138684 kB
VmallocChunk:   251428396 kB
Time pass: 86 sec

---2015-12-09 10:41:11
MemTotal:        2905316 kB
MemFree:           73856 kB
Buffers:           25228 kB
Cached:          1068760 kB
SwapCached:            0 kB
Active:          1311284 kB
Inactive:         721228 kB
Active(anon):     787156 kB
Inactive(anon):   196736 kB
Active(file):     524128 kB
Inactive(file):   524492 kB
Unevictable:       12456 kB
Mlocked:               0 kB
SwapTotal:        720184 kB
SwapFree:         720156 kB
Dirty:               152 kB
Writeback:             0 kB
AnonPages:        951040 kB
Mapped:           663248 kB
Shmem:             32912 kB
Slab:             116684 kB
SReclaimable:      35856 kB
SUnreclaim:        80828 kB
KernelStack:       32032 kB
PageTables:        56428 kB
NFS_Unstable:          0 kB
Bounce:                0 kB
WritebackTmp:          0 kB
CommitLimit:     2172840 kB
Committed_AS:   92469688 kB
VmallocTotal:   251658176 kB
VmallocUsed:      138684 kB
VmallocChunk:   251428396 kB
Time pass: 90 sec

---2015-12-09 10:41:11
MemTotal:        2905316 kB
MemFree:           72036 kB
Buffers:           25236 kB
Cached:          1068892 kB
SwapCached:            0 kB
Active:          1313224 kB
Inactive:         721344 kB
Active(anon):     789072 kB
Inactive(anon):   196808 kB
Active(file):     524152 kB
Inactive(file):   524536 kB
Unevictable:       12456 kB
Mlocked:               0 kB
SwapTotal:        720184 kB
SwapFree:         720156 kB
Dirty:               124 kB
Writeback:             0 kB
AnonPages:        952932 kB
Mapped:           663340 kB
Shmem:             32984 kB
Slab:             116632 kB
SReclaimable:      35856 kB
SUnreclaim:        80776 kB
KernelStack:       32032 kB
PageTables:        56468 kB
NFS_Unstable:          0 kB
Bounce:                0 kB
WritebackTmp:          0 kB
CommitLimit:     2172840 kB
Committed_AS:   92496300 kB
VmallocTotal:   251658176 kB
VmallocUsed:      138684 kB
VmallocChunk:   251428396 kB
Time pass: 94 sec

---2015-12-09 10:41:11
MemTotal:        2905316 kB
MemFree:           70684 kB
Buffers:           25252 kB
Cached:          1068948 kB
SwapCached:            0 kB
Active:          1314204 kB
Inactive:         721376 kB
Active(anon):     790016 kB
Inactive(anon):   196804 kB
Active(file):     524188 kB
Inactive(file):   524572 kB
Unevictable:       12456 kB
Mlocked:               0 kB
SwapTotal:        720184 kB
SwapFree:         720156 kB
Dirty:               160 kB
Writeback:             0 kB
AnonPages:        953936 kB
Mapped:           663348 kB
Shmem:             32984 kB
Slab:             116616 kB
SReclaimable:      35856 kB
SUnreclaim:        80760 kB
KernelStack:       32032 kB
PageTables:        56464 kB
NFS_Unstable:          0 kB
Bounce:                0 kB
WritebackTmp:          0 kB
CommitLimit:     2172840 kB
Committed_AS:   92496288 kB
VmallocTotal:   251658176 kB
VmallocUsed:      138684 kB
VmallocChunk:   251428396 kB
Time pass: 97 sec

---2015-12-09 10:41:11
MemTotal:        2905316 kB
MemFree:           85440 kB
Buffers:           25260 kB
Cached:          1069072 kB
SwapCached:            0 kB
Active:          1302840 kB
Inactive:         721396 kB
Active(anon):     778544 kB
Inactive(anon):   196236 kB
Active(file):     524296 kB
Inactive(file):   525160 kB
Unevictable:       12456 kB
Mlocked:               0 kB
SwapTotal:        720184 kB
SwapFree:         720156 kB
Dirty:                92 kB
Writeback:             0 kB
AnonPages:        942376 kB
Mapped:           661336 kB
Shmem:             32412 kB
Slab:             116788 kB
SReclaimable:      35984 kB
SUnreclaim:        80804 kB
KernelStack:       31568 kB
PageTables:        56104 kB
NFS_Unstable:          0 kB
Bounce:                0 kB
WritebackTmp:          0 kB
CommitLimit:     2172840 kB
Committed_AS:   92470552 kB
VmallocTotal:   251658176 kB
VmallocUsed:      138648 kB
VmallocChunk:   251428396 kB
Time pass: 101 sec

---2015-12-09 10:41:11
MemTotal:        2905316 kB
MemFree:          323080 kB
Buffers:           25376 kB
Cached:          1072704 kB
SwapCached:            0 kB
Active:          1247552 kB
Inactive:         722840 kB
Active(anon):     720948 kB
Inactive(anon):   198400 kB
Active(file):     526604 kB
Inactive(file):   524440 kB
Unevictable:       12456 kB
Mlocked:               0 kB
SwapTotal:        720184 kB
SwapFree:         720156 kB
Dirty:               680 kB
Writeback:             0 kB
AnonPages:        884728 kB
Mapped:           487236 kB
Shmem:             34580 kB
Slab:             116608 kB
SReclaimable:      36016 kB
SUnreclaim:        80592 kB
KernelStack:       30800 kB
PageTables:        54428 kB
NFS_Unstable:          0 kB
Bounce:                0 kB
WritebackTmp:          0 kB
CommitLimit:     2172840 kB
Committed_AS:   91661644 kB
VmallocTotal:   251658176 kB
VmallocUsed:      136100 kB
VmallocChunk:   251436076 kB
Time pass: 104 sec

---2015-12-09 10:41:11
MemTotal:        2905316 kB
MemFree:          170256 kB
Buffers:           25916 kB
Cached:          1075228 kB
SwapCached:            0 kB
Active:          1313368 kB
Inactive:         722764 kB
Active(anon):     783664 kB
Inactive(anon):   198668 kB
Active(file):     529704 kB
Inactive(file):   524096 kB
Unevictable:       12456 kB
Mlocked:               0 kB
SwapTotal:        720184 kB
SwapFree:         720156 kB
Dirty:              2728 kB
Writeback:             0 kB
AnonPages:        947796 kB
Mapped:           619124 kB
Shmem:             34848 kB
Slab:             116892 kB
SReclaimable:      36196 kB
SUnreclaim:        80696 kB
KernelStack:       33808 kB
PageTables:        56172 kB
NFS_Unstable:          0 kB
Bounce:                0 kB
WritebackTmp:          0 kB
CommitLimit:     2172840 kB
Committed_AS:   92985512 kB
VmallocTotal:   251658176 kB
VmallocUsed:      138000 kB
VmallocChunk:   251436076 kB
Time pass: 108 sec

---2015-12-09 10:41:11
MemTotal:        2905316 kB
MemFree:          123360 kB
Buffers:           25924 kB
Cached:          1076432 kB
SwapCached:            0 kB
Active:          1301528 kB
Inactive:         722492 kB
Active(anon):     770328 kB
Inactive(anon):   198668 kB
Active(file):     531200 kB
Inactive(file):   523824 kB
Unevictable:       12456 kB
Mlocked:               0 kB
SwapTotal:        720184 kB
SwapFree:         720156 kB
Dirty:              1212 kB
Writeback:             0 kB
AnonPages:        934104 kB
Mapped:           659596 kB
Shmem:             34848 kB
Slab:             116840 kB
SReclaimable:      36228 kB
SUnreclaim:        80612 kB
KernelStack:       33760 kB
PageTables:        56372 kB
NFS_Unstable:          0 kB
Bounce:                0 kB
WritebackTmp:          0 kB
CommitLimit:     2172840 kB
Committed_AS:   92977364 kB
VmallocTotal:   251658176 kB
VmallocUsed:      138420 kB
VmallocChunk:   251436076 kB
Time pass: 112 sec

---2015-12-09 10:41:11
MemTotal:        2905316 kB
MemFree:          108648 kB
Buffers:           25932 kB
Cached:          1076448 kB
SwapCached:            0 kB
Active:          1311208 kB
Inactive:         722532 kB
Active(anon):     780004 kB
Inactive(anon):   198668 kB
Active(file):     531204 kB
Inactive(file):   523864 kB
Unevictable:       12456 kB
Mlocked:               0 kB
SwapTotal:        720184 kB
SwapFree:         720156 kB
Dirty:                 4 kB
Writeback:             0 kB
AnonPages:        944468 kB
Mapped:           660896 kB
Shmem:             34848 kB
Slab:             116856 kB
SReclaimable:      36244 kB
SUnreclaim:        80612 kB
KernelStack:       33792 kB
PageTables:        56400 kB
NFS_Unstable:          0 kB
Bounce:                0 kB
WritebackTmp:          0 kB
CommitLimit:     2172840 kB
Committed_AS:   92977804 kB
VmallocTotal:   251658176 kB
VmallocUsed:      136028 kB
VmallocChunk:   251436076 kB
Time pass: 116 sec

---2015-12-09 10:41:11
MemTotal:        2905316 kB
MemFree:          100364 kB
Buffers:           25940 kB
Cached:          1078364 kB
SwapCached:            0 kB
Active:          1306024 kB
Inactive:         724196 kB
Active(anon):     774596 kB
Inactive(anon):   198668 kB
Active(file):     531428 kB
Inactive(file):   525528 kB
Unevictable:       12456 kB
Mlocked:               0 kB
SwapTotal:        720184 kB
SwapFree:         720156 kB
Dirty:                 0 kB
Writeback:             0 kB
AnonPages:        938564 kB
Mapped:           670972 kB
Shmem:             34848 kB
Slab:             116884 kB
SReclaimable:      36244 kB
SUnreclaim:        80640 kB
KernelStack:       33808 kB
PageTables:        56428 kB
NFS_Unstable:          0 kB
Bounce:                0 kB
WritebackTmp:          0 kB
CommitLimit:     2172840 kB
Committed_AS:   92978920 kB
VmallocTotal:   251658176 kB
VmallocUsed:      136140 kB
VmallocChunk:   251436076 kB
Time pass: 120 sec

---2015-12-09 10:41:11
MemTotal:        2905316 kB
MemFree:           78176 kB
Buffers:           25964 kB
Cached:          1069548 kB
SwapCached:            0 kB
Active:          1309552 kB
Inactive:         722208 kB
Active(anon):     785440 kB
Inactive(anon):   198172 kB
Active(file):     524112 kB
Inactive(file):   524036 kB
Unevictable:       12456 kB
Mlocked:               0 kB
SwapTotal:        720184 kB
SwapFree:         720156 kB
Dirty:               724 kB
Writeback:             0 kB
AnonPages:        948804 kB
Mapped:           682324 kB
Shmem:             34908 kB
Slab:             116976 kB
SReclaimable:      36276 kB
SUnreclaim:        80700 kB
KernelStack:       34048 kB
PageTables:        56480 kB
NFS_Unstable:          0 kB
Bounce:                0 kB
WritebackTmp:          0 kB
CommitLimit:     2172840 kB
Committed_AS:   93018176 kB
VmallocTotal:   251658176 kB
VmallocUsed:      136324 kB
VmallocChunk:   251436076 kB
Time pass: 123 sec

---2015-12-09 10:41:11
MemTotal:        2905316 kB
MemFree:           78320 kB
Buffers:           25972 kB
Cached:          1069552 kB
SwapCached:            0 kB
Active:          1309136 kB
Inactive:         722212 kB
Active(anon):     785020 kB
Inactive(anon):   198172 kB
Active(file):     524116 kB
Inactive(file):   524040 kB
Unevictable:       12456 kB
Mlocked:               0 kB
SwapTotal:        720184 kB
SwapFree:         720156 kB
Dirty:               104 kB
Writeback:             0 kB
AnonPages:        948340 kB
Mapped:           682560 kB
Shmem:             34908 kB
Slab:             117040 kB
SReclaimable:      36276 kB
SUnreclaim:        80764 kB
KernelStack:       34080 kB
PageTables:        56520 kB
NFS_Unstable:          0 kB
Bounce:                0 kB
WritebackTmp:          0 kB
CommitLimit:     2172840 kB
Committed_AS:   93018320 kB
VmallocTotal:   251658176 kB
VmallocUsed:      137344 kB
VmallocChunk:   251436076 kB
Time pass: 127 sec

---2015-12-09 10:41:11
MemTotal:        2905316 kB
MemFree:           78168 kB
Buffers:           25980 kB
Cached:          1069560 kB
SwapCached:            0 kB
Active:          1308776 kB
Inactive:         722220 kB
Active(anon):     784660 kB
Inactive(anon):   198172 kB
Active(file):     524116 kB
Inactive(file):   524048 kB
Unevictable:       12456 kB
Mlocked:               0 kB
SwapTotal:        720184 kB
SwapFree:         720156 kB
Dirty:                 8 kB
Writeback:             0 kB
AnonPages:        947936 kB
Mapped:           682564 kB
Shmem:             34908 kB
Slab:             117040 kB
SReclaimable:      36276 kB
SUnreclaim:        80764 kB
KernelStack:       34048 kB
PageTables:        56488 kB
NFS_Unstable:          0 kB
Bounce:                0 kB
WritebackTmp:          0 kB
CommitLimit:     2172840 kB
Committed_AS:   93018472 kB
VmallocTotal:   251658176 kB
VmallocUsed:      137344 kB
VmallocChunk:   251436076 kB
Time pass: 131 sec

---2015-12-09 10:41:11
MemTotal:        2905316 kB
MemFree:           76404 kB
Buffers:           25988 kB
Cached:          1069576 kB
SwapCached:            0 kB
Active:          1309016 kB
Inactive:         722240 kB
Active(anon):     784896 kB
Inactive(anon):   198172 kB
Active(file):     524120 kB
Inactive(file):   524068 kB
Unevictable:       12456 kB
Mlocked:               0 kB
SwapTotal:        720184 kB
SwapFree:         720156 kB
Dirty:                28 kB
Writeback:             0 kB
AnonPages:        948324 kB
Mapped:           683448 kB
Shmem:             34908 kB
Slab:             117040 kB
SReclaimable:      36276 kB
SUnreclaim:        80764 kB
KernelStack:       34048 kB
PageTables:        56488 kB
NFS_Unstable:          0 kB
Bounce:                0 kB
WritebackTmp:          0 kB
CommitLimit:     2172840 kB
Committed_AS:   93018448 kB
VmallocTotal:   251658176 kB
VmallocUsed:      137344 kB
VmallocChunk:   251436076 kB
Time pass: 135 sec

---2015-12-09 10:41:11
MemTotal:        2905316 kB
MemFree:           68216 kB
Buffers:           25996 kB
Cached:          1069808 kB
SwapCached:            0 kB
Active:          1317188 kB
Inactive:         721444 kB
Active(anon):     792036 kB
Inactive(anon):   198320 kB
Active(file):     525152 kB
Inactive(file):   523124 kB
Unevictable:       12456 kB
Mlocked:               0 kB
SwapTotal:        720184 kB
SwapFree:         720156 kB
Dirty:               100 kB
Writeback:             0 kB
AnonPages:        955284 kB
Mapped:           686776 kB
Shmem:             35064 kB
Slab:             117120 kB
SReclaimable:      36276 kB
SUnreclaim:        80844 kB
KernelStack:       34416 kB
PageTables:        56756 kB
NFS_Unstable:          0 kB
Bounce:                0 kB
WritebackTmp:          0 kB
CommitLimit:     2172840 kB
Committed_AS:   93050000 kB
VmallocTotal:   251658176 kB
VmallocUsed:      139792 kB
VmallocChunk:   251436076 kB
Time pass: 139 sec

---2015-12-09 10:41:11
MemTotal:        2905316 kB
MemFree:           67472 kB
Buffers:           26020 kB
Cached:          1062536 kB
SwapCached:            0 kB
Active:          1319876 kB
Inactive:         720424 kB
Active(anon):     799696 kB
Inactive(anon):   199464 kB
Active(file):     520180 kB
Inactive(file):   520960 kB
Unevictable:       12456 kB
Mlocked:               0 kB
SwapTotal:        720184 kB
SwapFree:         720156 kB
Dirty:               132 kB
Writeback:             0 kB
AnonPages:        964296 kB
Mapped:           687860 kB
Shmem:             35108 kB
Slab:             117072 kB
SReclaimable:      36228 kB
SUnreclaim:        80844 kB
KernelStack:       34480 kB
PageTables:        56780 kB
NFS_Unstable:          0 kB
Bounce:                0 kB
WritebackTmp:          0 kB
CommitLimit:     2172840 kB
Committed_AS:   93042396 kB
VmallocTotal:   251658176 kB
VmallocUsed:      139800 kB
VmallocChunk:   251436076 kB
Time pass: 143 sec

---2015-12-09 10:41:11
MemTotal:        2905316 kB
MemFree:           66624 kB
Buffers:           25996 kB
Cached:          1058124 kB
SwapCached:            0 kB
Active:          1323060 kB
Inactive:         718884 kB
Active(anon):     804752 kB
Inactive(anon):   200516 kB
Active(file):     518308 kB
Inactive(file):   518368 kB
Unevictable:       12456 kB
Mlocked:               0 kB
SwapTotal:        720184 kB
SwapFree:         720088 kB
Dirty:               156 kB
Writeback:             0 kB
AnonPages:        970384 kB
Mapped:           687408 kB
Shmem:             34984 kB
Slab:             117052 kB
SReclaimable:      36164 kB
SUnreclaim:        80888 kB
KernelStack:       34480 kB
PageTables:        56792 kB
NFS_Unstable:          0 kB
Bounce:                0 kB
WritebackTmp:          0 kB
CommitLimit:     2172840 kB
Committed_AS:   93069068 kB
VmallocTotal:   251658176 kB
VmallocUsed:      139792 kB
VmallocChunk:   251436076 kB
Time pass: 146 sec

---2015-12-09 10:41:11
MemTotal:        2905316 kB
MemFree:           65048 kB
Buffers:           25996 kB
Cached:          1054436 kB
SwapCached:            0 kB
Active:          1325372 kB
Inactive:         718356 kB
Active(anon):     808944 kB
Inactive(anon):   201808 kB
Active(file):     516428 kB
Inactive(file):   516548 kB
Unevictable:       12456 kB
Mlocked:               0 kB
SwapTotal:        720184 kB
SwapFree:         720088 kB
Dirty:                 0 kB
Writeback:           248 kB
AnonPages:        975772 kB
Mapped:           687424 kB
Shmem:             35000 kB
Slab:             117084 kB
SReclaimable:      36164 kB
SUnreclaim:        80920 kB
KernelStack:       34480 kB
PageTables:        56796 kB
NFS_Unstable:          0 kB
Bounce:                0 kB
WritebackTmp:          0 kB
CommitLimit:     2172840 kB
Committed_AS:   93075472 kB
VmallocTotal:   251658176 kB
VmallocUsed:      139792 kB
VmallocChunk:   251436076 kB
Time pass: 150 sec

---2015-12-09 10:41:11
MemTotal:        2905316 kB
MemFree:           63884 kB
Buffers:           25996 kB
Cached:          1054680 kB
SwapCached:            0 kB
Active:          1326088 kB
Inactive:         718560 kB
Active(anon):     809628 kB
Inactive(anon):   201800 kB
Active(file):     516460 kB
Inactive(file):   516760 kB
Unevictable:       12456 kB
Mlocked:               0 kB
SwapTotal:        720184 kB
SwapFree:         720088 kB
Dirty:                72 kB
Writeback:             0 kB
AnonPages:        976316 kB
Mapped:           687500 kB
Shmem:             35000 kB
Slab:             116956 kB
SReclaimable:      36036 kB
SUnreclaim:        80920 kB
KernelStack:       34448 kB
PageTables:        56828 kB
NFS_Unstable:          0 kB
Bounce:                0 kB
WritebackTmp:          0 kB
CommitLimit:     2172840 kB
Committed_AS:   93098744 kB
VmallocTotal:   251658176 kB
VmallocUsed:      139792 kB
VmallocChunk:   251436076 kB
Time pass: 154 sec

---2015-12-09 10:41:11
MemTotal:        2905316 kB
MemFree:           70932 kB
Buffers:           25980 kB
Cached:          1047424 kB
SwapCached:            0 kB
Active:          1322844 kB
Inactive:         715648 kB
Active(anon):     809972 kB
Inactive(anon):   202572 kB
Active(file):     512872 kB
Inactive(file):   513076 kB
Unevictable:       12456 kB
Mlocked:               0 kB
SwapTotal:        720184 kB
SwapFree:         720088 kB
Dirty:                64 kB
Writeback:             0 kB
AnonPages:        977408 kB
Mapped:           686952 kB
Shmem:             35000 kB
Slab:             116956 kB
SReclaimable:      36036 kB
SUnreclaim:        80920 kB
KernelStack:       34464 kB
PageTables:        56836 kB
NFS_Unstable:          0 kB
Bounce:                0 kB
WritebackTmp:          0 kB
CommitLimit:     2172840 kB
Committed_AS:   93100196 kB
VmallocTotal:   251658176 kB
VmallocUsed:      139792 kB
VmallocChunk:   251436076 kB
Time pass: 158 sec

---2015-12-09 10:41:11
MemTotal:        2905316 kB
MemFree:           81364 kB
Buffers:           26004 kB
Cached:          1047496 kB
SwapCached:            0 kB
Active:          1312064 kB
Inactive:         715700 kB
Active(anon):     799152 kB
Inactive(anon):   202584 kB
Active(file):     512912 kB
Inactive(file):   513116 kB
Unevictable:       12456 kB
Mlocked:               0 kB
SwapTotal:        720184 kB
SwapFree:         720088 kB
Dirty:                40 kB
Writeback:             0 kB
AnonPages:        966852 kB
Mapped:           686976 kB
Shmem:             35012 kB
Slab:             116988 kB
SReclaimable:      36036 kB
SUnreclaim:        80952 kB
KernelStack:       34464 kB
PageTables:        56840 kB
NFS_Unstable:          0 kB
Bounce:                0 kB
WritebackTmp:          0 kB
CommitLimit:     2172840 kB
Committed_AS:   93101004 kB
VmallocTotal:   251658176 kB
VmallocUsed:      139792 kB
VmallocChunk:   251436076 kB
Time pass: 162 sec

---2015-12-09 10:41:11
MemTotal:        2905316 kB
MemFree:           81020 kB
Buffers:           26012 kB
Cached:          1047568 kB
SwapCached:            0 kB
Active:          1312864 kB
Inactive:         715760 kB
Active(anon):     799932 kB
Inactive(anon):   202612 kB
Active(file):     512932 kB
Inactive(file):   513148 kB
Unevictable:       12456 kB
Mlocked:               0 kB
SwapTotal:        720184 kB
SwapFree:         720088 kB
Dirty:                92 kB
Writeback:             0 kB
AnonPages:        967524 kB
Mapped:           687004 kB
Shmem:             35040 kB
Slab:             116988 kB
SReclaimable:      36036 kB
SUnreclaim:        80952 kB
KernelStack:       34464 kB
PageTables:        56840 kB
NFS_Unstable:          0 kB
Bounce:                0 kB
WritebackTmp:          0 kB
CommitLimit:     2172840 kB
Committed_AS:   93101700 kB
VmallocTotal:   251658176 kB
VmallocUsed:      139792 kB
VmallocChunk:   251436076 kB
Time pass: 166 sec

---2015-12-09 10:41:11
MemTotal:        2905316 kB
MemFree:           80384 kB
Buffers:           26012 kB
Cached:          1047592 kB
SwapCached:            0 kB
Active:          1312880 kB
Inactive:         715768 kB
Active(anon):     799928 kB
Inactive(anon):   202612 kB
Active(file):     512952 kB
Inactive(file):   513156 kB
Unevictable:       12456 kB
Mlocked:               0 kB
SwapTotal:        720184 kB
SwapFree:         720088 kB
Dirty:                76 kB
Writeback:             0 kB
AnonPages:        967588 kB
Mapped:           687032 kB
Shmem:             35040 kB
Slab:             116988 kB
SReclaimable:      36036 kB
SUnreclaim:        80952 kB
KernelStack:       34288 kB
PageTables:        56840 kB
NFS_Unstable:          0 kB
Bounce:                0 kB
WritebackTmp:          0 kB
CommitLimit:     2172840 kB
Committed_AS:   93101492 kB
VmallocTotal:   251658176 kB
VmallocUsed:      139792 kB
VmallocChunk:   251436076 kB
Time pass: 169 sec

---2015-12-09 10:41:11
MemTotal:        2905316 kB
MemFree:           81008 kB
Buffers:           26036 kB
Cached:          1047644 kB
SwapCached:            0 kB
Active:          1313020 kB
Inactive:         715812 kB
Active(anon):     800036 kB
Inactive(anon):   202612 kB
Active(file):     512984 kB
Inactive(file):   513200 kB
Unevictable:       12456 kB
Mlocked:               0 kB
SwapTotal:        720184 kB
SwapFree:         720088 kB
Dirty:               120 kB
Writeback:             0 kB
AnonPages:        967696 kB
Mapped:           687036 kB
Shmem:             35040 kB
Slab:             116988 kB
SReclaimable:      36036 kB
SUnreclaim:        80952 kB
KernelStack:       34256 kB
PageTables:        56844 kB
NFS_Unstable:          0 kB
Bounce:                0 kB
WritebackTmp:          0 kB
CommitLimit:     2172840 kB
Committed_AS:   93102180 kB
VmallocTotal:   251658176 kB
VmallocUsed:      139792 kB
VmallocChunk:   251436076 kB
Time pass: 173 sec

---2015-12-09 10:41:11
MemTotal:        2905316 kB
MemFree:           79768 kB
Buffers:           26036 kB
Cached:          1047668 kB
SwapCached:            0 kB
Active:          1313492 kB
Inactive:         715820 kB
Active(anon):     800492 kB
Inactive(anon):   202612 kB
Active(file):     513000 kB
Inactive(file):   513208 kB
Unevictable:       12456 kB
Mlocked:               0 kB
SwapTotal:        720184 kB
SwapFree:         720088 kB
Dirty:                20 kB
Writeback:             0 kB
AnonPages:        968016 kB
Mapped:           687044 kB
Shmem:             35040 kB
Slab:             116988 kB
SReclaimable:      36036 kB
SUnreclaim:        80952 kB
KernelStack:       34304 kB
PageTables:        56840 kB
NFS_Unstable:          0 kB
Bounce:                0 kB
WritebackTmp:          0 kB
CommitLimit:     2172840 kB
Committed_AS:   93102192 kB
VmallocTotal:   251658176 kB
VmallocUsed:      139792 kB
VmallocChunk:   251436076 kB
Time pass: 177 sec

---2015-12-09 10:41:11
MemTotal:        2905316 kB
MemFree:           87320 kB
Buffers:           26044 kB
Cached:          1047880 kB
SwapCached:            0 kB
Active:          1306720 kB
Inactive:         715992 kB
Active(anon):     793680 kB
Inactive(anon):   202628 kB
Active(file):     513040 kB
Inactive(file):   513364 kB
Unevictable:       12456 kB
Mlocked:               0 kB
SwapTotal:        720184 kB
SwapFree:         720088 kB
Dirty:               116 kB
Writeback:             0 kB
AnonPages:        961696 kB
Mapped:           680060 kB
Shmem:             35060 kB
Slab:             117040 kB
SReclaimable:      36036 kB
SUnreclaim:        81004 kB
KernelStack:       34224 kB
PageTables:        56688 kB
NFS_Unstable:          0 kB
Bounce:                0 kB
WritebackTmp:          0 kB
CommitLimit:     2172840 kB
Committed_AS:   93126652 kB
VmallocTotal:   251658176 kB
VmallocUsed:      139792 kB
VmallocChunk:   251436076 kB
Time pass: 181 sec

---2015-12-09 10:41:11
MemTotal:        2905316 kB
MemFree:           85508 kB
Buffers:           26076 kB
Cached:          1048228 kB
SwapCached:            0 kB
Active:          1308120 kB
Inactive:         716312 kB
Active(anon):     795012 kB
Inactive(anon):   202688 kB
Active(file):     513108 kB
Inactive(file):   513624 kB
Unevictable:       12456 kB
Mlocked:               0 kB
SwapTotal:        720184 kB
SwapFree:         720088 kB
Dirty:               108 kB
Writeback:             0 kB
AnonPages:        962580 kB
Mapped:           680340 kB
Shmem:             35116 kB
Slab:             116980 kB
SReclaimable:      36036 kB
SUnreclaim:        80944 kB
KernelStack:       34224 kB
PageTables:        56664 kB
NFS_Unstable:          0 kB
Bounce:                0 kB
WritebackTmp:          0 kB
CommitLimit:     2172840 kB
Committed_AS:   93126688 kB
VmallocTotal:   251658176 kB
VmallocUsed:      139792 kB
VmallocChunk:   251436076 kB
Time pass: 185 sec

---2015-12-09 10:41:11
MemTotal:        2905316 kB
MemFree:           85468 kB
Buffers:           26076 kB
Cached:          1048320 kB
SwapCached:            0 kB
Active:          1308236 kB
Inactive:         716376 kB
Active(anon):     795104 kB
Inactive(anon):   202712 kB
Active(file):     513132 kB
Inactive(file):   513664 kB
Unevictable:       12456 kB
Mlocked:               0 kB
SwapTotal:        720184 kB
SwapFree:         720088 kB
Dirty:                32 kB
Writeback:             0 kB
AnonPages:        962672 kB
Mapped:           680368 kB
Shmem:             35140 kB
Slab:             116980 kB
SReclaimable:      36036 kB
SUnreclaim:        80944 kB
KernelStack:       34224 kB
PageTables:        56684 kB
NFS_Unstable:          0 kB
Bounce:                0 kB
WritebackTmp:          0 kB
CommitLimit:     2172840 kB
Committed_AS:   93126676 kB
VmallocTotal:   251658176 kB
VmallocUsed:      139792 kB
VmallocChunk:   251436076 kB
Time pass: 188 sec

---2015-12-09 10:41:11
MemTotal:        2905316 kB
MemFree:           84964 kB
Buffers:           26084 kB
Cached:          1048340 kB
SwapCached:            0 kB
Active:          1308256 kB
Inactive:         716388 kB
Active(anon):     795104 kB
Inactive(anon):   202716 kB
Active(file):     513152 kB
Inactive(file):   513672 kB
Unevictable:       12456 kB
Mlocked:               0 kB
SwapTotal:        720184 kB
SwapFree:         720088 kB
Dirty:                76 kB
Writeback:             0 kB
AnonPages:        962876 kB
Mapped:           680384 kB
Shmem:             35144 kB
Slab:             116976 kB
SReclaimable:      36036 kB
SUnreclaim:        80940 kB
KernelStack:       34160 kB
PageTables:        56676 kB
NFS_Unstable:          0 kB
Bounce:                0 kB
WritebackTmp:          0 kB
CommitLimit:     2172840 kB
Committed_AS:   93126700 kB
VmallocTotal:   251658176 kB
VmallocUsed:      139792 kB
VmallocChunk:   251436076 kB
Time pass: 192 sec

---2015-12-09 10:41:11
MemTotal:        2905316 kB
MemFree:           84076 kB
Buffers:           26092 kB
Cached:          1048448 kB
SwapCached:            0 kB
Active:          1308836 kB
Inactive:         716464 kB
Active(anon):     795644 kB
Inactive(anon):   202764 kB
Active(file):     513192 kB
Inactive(file):   513700 kB
Unevictable:       12456 kB
Mlocked:               0 kB
SwapTotal:        720184 kB
SwapFree:         720088 kB
Dirty:               144 kB
Writeback:             0 kB
AnonPages:        963312 kB
Mapped:           680516 kB
Shmem:             35192 kB
Slab:             116944 kB
SReclaimable:      36036 kB
SUnreclaim:        80908 kB
KernelStack:       34176 kB
PageTables:        56708 kB
NFS_Unstable:          0 kB
Bounce:                0 kB
WritebackTmp:          0 kB
CommitLimit:     2172840 kB
Committed_AS:   93126700 kB
VmallocTotal:   251658176 kB
VmallocUsed:      139792 kB
VmallocChunk:   251436076 kB
Time pass: 196 sec

---2015-12-09 10:41:11
MemTotal:        2905316 kB
MemFree:           82684 kB
Buffers:           26108 kB
Cached:          1048500 kB
SwapCached:            0 kB
Active:          1310056 kB
Inactive:         716508 kB
Active(anon):     796840 kB
Inactive(anon):   202764 kB
Active(file):     513216 kB
Inactive(file):   513744 kB
Unevictable:       12456 kB
Mlocked:               0 kB
SwapTotal:        720184 kB
SwapFree:         720088 kB
Dirty:               124 kB
Writeback:             0 kB
AnonPages:        964480 kB
Mapped:           680524 kB
Shmem:             35192 kB
Slab:             116944 kB
SReclaimable:      36036 kB
SUnreclaim:        80908 kB
KernelStack:       34176 kB
PageTables:        56712 kB
NFS_Unstable:          0 kB
Bounce:                0 kB
WritebackTmp:          0 kB
CommitLimit:     2172840 kB
Committed_AS:   93126780 kB
VmallocTotal:   251658176 kB
VmallocUsed:      139792 kB
VmallocChunk:   251436076 kB
Time pass: 199 sec

---2015-12-09 10:41:11
MemTotal:        2905316 kB
MemFree:           82260 kB
Buffers:           26124 kB
Cached:          1048572 kB
SwapCached:            0 kB
Active:          1310332 kB
Inactive:         716568 kB
Active(anon):     797088 kB
Inactive(anon):   202764 kB
Active(file):     513244 kB
Inactive(file):   513804 kB
Unevictable:       12456 kB
Mlocked:               0 kB
SwapTotal:        720184 kB
SwapFree:         720088 kB
Dirty:               136 kB
Writeback:             0 kB
AnonPages:        964768 kB
Mapped:           680536 kB
Shmem:             35192 kB
Slab:             116944 kB
SReclaimable:      36036 kB
SUnreclaim:        80908 kB
KernelStack:       34176 kB
PageTables:        56708 kB
NFS_Unstable:          0 kB
Bounce:                0 kB
WritebackTmp:          0 kB
CommitLimit:     2172840 kB
Committed_AS:   93126780 kB
VmallocTotal:   251658176 kB
VmallocUsed:      139792 kB
VmallocChunk:   251436076 kB
Time pass: 203 sec

---2015-12-09 10:41:11
MemTotal:        2905316 kB
MemFree:           82320 kB
Buffers:           26132 kB
Cached:          1048576 kB
SwapCached:            0 kB
Active:          1310500 kB
Inactive:         716564 kB
Active(anon):     797240 kB
Inactive(anon):   202764 kB
Active(file):     513260 kB
Inactive(file):   513800 kB
Unevictable:       12456 kB
Mlocked:               0 kB
SwapTotal:        720184 kB
SwapFree:         720088 kB
Dirty:                 8 kB
Writeback:             0 kB
AnonPages:        964812 kB
Mapped:           680536 kB
Shmem:             35192 kB
Slab:             116944 kB
SReclaimable:      36036 kB
SUnreclaim:        80908 kB
KernelStack:       34160 kB
PageTables:        56712 kB
NFS_Unstable:          0 kB
Bounce:                0 kB
WritebackTmp:          0 kB
CommitLimit:     2172840 kB
Committed_AS:   93126772 kB
VmallocTotal:   251658176 kB
VmallocUsed:      139792 kB
VmallocChunk:   251436076 kB
Time pass: 207 sec

---2015-12-09 10:41:11
MemTotal:        2905316 kB
MemFree:           80876 kB
Buffers:           26148 kB
Cached:          1048632 kB
SwapCached:            0 kB
Active:          1311764 kB
Inactive:         716604 kB
Active(anon):     798472 kB
Inactive(anon):   202764 kB
Active(file):     513292 kB
Inactive(file):   513840 kB
Unevictable:       12456 kB
Mlocked:               0 kB
SwapTotal:        720184 kB
SwapFree:         720088 kB
Dirty:               136 kB
Writeback:             0 kB
AnonPages:        966172 kB
Mapped:           680484 kB
Shmem:             35192 kB
Slab:             116944 kB
SReclaimable:      36036 kB
SUnreclaim:        80908 kB
KernelStack:       34176 kB
PageTables:        56680 kB
NFS_Unstable:          0 kB
Bounce:                0 kB
WritebackTmp:          0 kB
CommitLimit:     2172840 kB
Committed_AS:   93153364 kB
VmallocTotal:   251658176 kB
VmallocUsed:      139792 kB
VmallocChunk:   251436076 kB
Time pass: 211 sec

---2015-12-09 10:41:11
MemTotal:        2905316 kB
MemFree:           80596 kB
Buffers:           26156 kB
Cached:          1048712 kB
SwapCached:            0 kB
Active:          1312156 kB
Inactive:         716672 kB
Active(anon):     798844 kB
Inactive(anon):   202824 kB
Active(file):     513312 kB
Inactive(file):   513848 kB
Unevictable:       12456 kB
Mlocked:               0 kB
SwapTotal:        720184 kB
SwapFree:         720088 kB
Dirty:                80 kB
Writeback:             0 kB
AnonPages:        966256 kB
Mapped:           680620 kB
Shmem:             35252 kB
Slab:             116944 kB
SReclaimable:      36036 kB
SUnreclaim:        80908 kB
KernelStack:       34176 kB
PageTables:        56744 kB
NFS_Unstable:          0 kB
Bounce:                0 kB
WritebackTmp:          0 kB
CommitLimit:     2172840 kB
Committed_AS:   93153376 kB
VmallocTotal:   251658176 kB
VmallocUsed:      139792 kB
VmallocChunk:   251436076 kB
Time pass: 215 sec

---2015-12-09 10:41:11
MemTotal:        2905316 kB
MemFree:           62756 kB
Buffers:           26176 kB
Cached:          1053144 kB
SwapCached:            0 kB
Active:          1320716 kB
Inactive:         720956 kB
Active(anon):     807300 kB
Inactive(anon):   202824 kB
Active(file):     513416 kB
Inactive(file):   518132 kB
Unevictable:       12456 kB
Mlocked:               0 kB
SwapTotal:        720184 kB
SwapFree:         720088 kB
Dirty:                64 kB
Writeback:             0 kB
AnonPages:        974888 kB
Mapped:           681636 kB
Shmem:             35252 kB
Slab:             120652 kB
SReclaimable:      39440 kB
SUnreclaim:        81212 kB
KernelStack:       34288 kB
PageTables:        56828 kB
NFS_Unstable:          0 kB
Bounce:                0 kB
WritebackTmp:          0 kB
CommitLimit:     2172840 kB
Committed_AS:   93171628 kB
VmallocTotal:   251658176 kB
VmallocUsed:      139804 kB
VmallocChunk:   251436076 kB
Time pass: 218 sec

---2015-12-09 10:41:11
MemTotal:        2905316 kB
MemFree:           67160 kB
Buffers:           26116 kB
Cached:          1049596 kB
SwapCached:            0 kB
Active:          1320240 kB
Inactive:         717272 kB
Active(anon):     806684 kB
Inactive(anon):   202824 kB
Active(file):     513556 kB
Inactive(file):   514448 kB
Unevictable:       12456 kB
Mlocked:               0 kB
SwapTotal:        720184 kB
SwapFree:         720088 kB
Dirty:                16 kB
Writeback:             0 kB
AnonPages:        974212 kB
Mapped:           681644 kB
Shmem:             35252 kB
Slab:             121024 kB
SReclaimable:      39784 kB
SUnreclaim:        81240 kB
KernelStack:       34272 kB
PageTables:        56756 kB
NFS_Unstable:          0 kB
Bounce:                0 kB
WritebackTmp:          0 kB
CommitLimit:     2172840 kB
Committed_AS:   93160668 kB
VmallocTotal:   251658176 kB
VmallocUsed:      139804 kB
VmallocChunk:   251436076 kB
Time pass: 222 sec

---2015-12-09 10:41:11
MemTotal:        2905316 kB
MemFree:           66628 kB
Buffers:           26124 kB
Cached:          1049620 kB
SwapCached:            0 kB
Active:          1320620 kB
Inactive:         717268 kB
Active(anon):     807028 kB
Inactive(anon):   202824 kB
Active(file):     513592 kB
Inactive(file):   514444 kB
Unevictable:       12456 kB
Mlocked:               0 kB
SwapTotal:        720184 kB
SwapFree:         720088 kB
Dirty:               144 kB
Writeback:             0 kB
AnonPages:        974592 kB
Mapped:           681640 kB
Shmem:             35252 kB
Slab:             121032 kB
SReclaimable:      39784 kB
SUnreclaim:        81248 kB
KernelStack:       34192 kB
PageTables:        56736 kB
NFS_Unstable:          0 kB
Bounce:                0 kB
WritebackTmp:          0 kB
CommitLimit:     2172840 kB
Committed_AS:   93160676 kB
VmallocTotal:   251658176 kB
VmallocUsed:      139804 kB
VmallocChunk:   251436076 kB
Time pass: 226 sec

---2015-12-09 10:41:11
MemTotal:        2905316 kB
MemFree:           66936 kB
Buffers:           26132 kB
Cached:          1049660 kB
SwapCached:            0 kB
Active:          1320672 kB
Inactive:         717284 kB
Active(anon):     807056 kB
Inactive(anon):   202840 kB
Active(file):     513616 kB
Inactive(file):   514444 kB
Unevictable:       12456 kB
Mlocked:               0 kB
SwapTotal:        720184 kB
SwapFree:         720088 kB
Dirty:               140 kB
Writeback:             0 kB
AnonPages:        974832 kB
Mapped:           681732 kB
Shmem:             35268 kB
Slab:             121032 kB
SReclaimable:      39784 kB
SUnreclaim:        81248 kB
KernelStack:       34192 kB
PageTables:        56740 kB
NFS_Unstable:          0 kB
Bounce:                0 kB
WritebackTmp:          0 kB
CommitLimit:     2172840 kB
Committed_AS:   93160668 kB
VmallocTotal:   251658176 kB
VmallocUsed:      139804 kB
VmallocChunk:   251436076 kB
Time pass: 230 sec

---2015-12-09 10:41:11
MemTotal:        2905316 kB
MemFree:           65936 kB
Buffers:           26148 kB
Cached:          1049720 kB
SwapCached:            0 kB
Active:          1322112 kB
Inactive:         717340 kB
Active(anon):     808468 kB
Inactive(anon):   202848 kB
Active(file):     513644 kB
Inactive(file):   514492 kB
Unevictable:       12456 kB
Mlocked:               0 kB
SwapTotal:        720184 kB
SwapFree:         720088 kB
Dirty:               124 kB
Writeback:             0 kB
AnonPages:        976148 kB
Mapped:           681740 kB
Shmem:             35276 kB
Slab:             121032 kB
SReclaimable:      39784 kB
SUnreclaim:        81248 kB
KernelStack:       34208 kB
PageTables:        56740 kB
NFS_Unstable:          0 kB
Bounce:                0 kB
WritebackTmp:          0 kB
CommitLimit:     2172840 kB
Committed_AS:   93160656 kB
VmallocTotal:   251658176 kB
VmallocUsed:      139804 kB
VmallocChunk:   251436076 kB
Time pass: 233 sec

---2015-12-09 10:41:11
MemTotal:        2905316 kB
MemFree:           64916 kB
Buffers:           26152 kB
Cached:          1049744 kB
SwapCached:            0 kB
Active:          1322360 kB
Inactive:         717332 kB
Active(anon):     808680 kB
Inactive(anon):   202848 kB
Active(file):     513680 kB
Inactive(file):   514484 kB
Unevictable:       12456 kB
Mlocked:               0 kB
SwapTotal:        720184 kB
SwapFree:         720088 kB
Dirty:                12 kB
Writeback:             0 kB
AnonPages:        976264 kB
Mapped:           681804 kB
Shmem:             35276 kB
Slab:             121032 kB
SReclaimable:      39784 kB
SUnreclaim:        81248 kB
KernelStack:       34176 kB
PageTables:        56764 kB
NFS_Unstable:          0 kB
Bounce:                0 kB
WritebackTmp:          0 kB
CommitLimit:     2172840 kB
Committed_AS:   93160684 kB
VmallocTotal:   251658176 kB
VmallocUsed:      139804 kB
VmallocChunk:   251436076 kB
Time pass: 237 sec

---2015-12-09 10:41:11
MemTotal:        2905316 kB
MemFree:           64912 kB
Buffers:           26164 kB
Cached:          1049760 kB
SwapCached:            0 kB
Active:          1323136 kB
Inactive:         717340 kB
Active(anon):     809436 kB
Inactive(anon):   202848 kB
Active(file):     513700 kB
Inactive(file):   514492 kB
Unevictable:       12456 kB
Mlocked:               0 kB
SwapTotal:        720184 kB
SwapFree:         720088 kB
Dirty:               108 kB
Writeback:             0 kB
AnonPages:        977332 kB
Mapped:           681748 kB
Shmem:             35276 kB
Slab:             121032 kB
SReclaimable:      39784 kB
SUnreclaim:        81248 kB
KernelStack:       34224 kB
PageTables:        56740 kB
NFS_Unstable:          0 kB
Bounce:                0 kB
WritebackTmp:          0 kB
CommitLimit:     2172840 kB
Committed_AS:   93187284 kB
VmallocTotal:   251658176 kB
VmallocUsed:      139804 kB
VmallocChunk:   251436076 kB
Time pass: 241 sec

---2015-12-09 10:41:11
MemTotal:        2905316 kB
MemFree:           62872 kB
Buffers:           26188 kB
Cached:          1049844 kB
SwapCached:            0 kB
Active:          1324528 kB
Inactive:         717412 kB
Active(anon):     810796 kB
Inactive(anon):   202908 kB
Active(file):     513732 kB
Inactive(file):   514504 kB
Unevictable:       12456 kB
Mlocked:               0 kB
SwapTotal:        720184 kB
SwapFree:         720088 kB
Dirty:                64 kB
Writeback:             8 kB
AnonPages:        978360 kB
Mapped:           681820 kB
Shmem:             35336 kB
Slab:             121032 kB
SReclaimable:      39784 kB
SUnreclaim:        81248 kB
KernelStack:       34192 kB
PageTables:        56792 kB
NFS_Unstable:          0 kB
Bounce:                0 kB
WritebackTmp:          0 kB
CommitLimit:     2172840 kB
Committed_AS:   93187252 kB
VmallocTotal:   251658176 kB
VmallocUsed:      139804 kB
VmallocChunk:   251436076 kB
Time pass: 245 sec

---2015-12-09 10:41:11
MemTotal:        2905316 kB
MemFree:           69312 kB
Buffers:           26184 kB
Cached:          1046708 kB
SwapCached:            0 kB
Active:          1323528 kB
Inactive:         715432 kB
Active(anon):     810952 kB
Inactive(anon):   202868 kB
Active(file):     512576 kB
Inactive(file):   512564 kB
Unevictable:       12456 kB
Mlocked:               0 kB
SwapTotal:        720184 kB
SwapFree:         720048 kB
Dirty:                32 kB
Writeback:             0 kB
AnonPages:        978564 kB
Mapped:           681428 kB
Shmem:             35296 kB
Slab:             117184 kB
SReclaimable:      36204 kB
SUnreclaim:        80980 kB
KernelStack:       34208 kB
PageTables:        56792 kB
NFS_Unstable:          0 kB
Bounce:                0 kB
WritebackTmp:          0 kB
CommitLimit:     2172840 kB
Committed_AS:   93187248 kB
VmallocTotal:   251658176 kB
VmallocUsed:      139804 kB
VmallocChunk:   251436076 kB
Time pass: 249 sec

---2015-12-09 10:41:11
MemTotal:        2905316 kB
MemFree:           69716 kB
Buffers:           26192 kB
Cached:          1046724 kB
SwapCached:            0 kB
Active:          1323544 kB
Inactive:         715436 kB
Active(anon):     810952 kB
Inactive(anon):   202868 kB
Active(file):     512592 kB
Inactive(file):   512568 kB
Unevictable:       12456 kB
Mlocked:               0 kB
SwapTotal:        720184 kB
SwapFree:         720048 kB
Dirty:                 8 kB
Writeback:             0 kB
AnonPages:        978568 kB
Mapped:           681492 kB
Shmem:             35296 kB
Slab:             117184 kB
SReclaimable:      36204 kB
SUnreclaim:        80980 kB
KernelStack:       34208 kB
PageTables:        56816 kB
NFS_Unstable:          0 kB
Bounce:                0 kB
WritebackTmp:          0 kB
CommitLimit:     2172840 kB
Committed_AS:   93187240 kB
VmallocTotal:   251658176 kB
VmallocUsed:      139804 kB
VmallocChunk:   251436076 kB
Time pass: 252 sec

---2015-12-09 10:41:11
MemTotal:        2905316 kB
MemFree:           68464 kB
Buffers:           26216 kB
Cached:          1046816 kB
SwapCached:            0 kB
Active:          1325332 kB
Inactive:         715504 kB
Active(anon):     812696 kB
Inactive(anon):   202868 kB
Active(file):     512636 kB
Inactive(file):   512636 kB
Unevictable:       12456 kB
Mlocked:               0 kB
SwapTotal:        720184 kB
SwapFree:         720048 kB
Dirty:                40 kB
Writeback:             0 kB
AnonPages:        980472 kB
Mapped:           681444 kB
Shmem:             35296 kB
Slab:             117148 kB
SReclaimable:      36200 kB
SUnreclaim:        80948 kB
KernelStack:       34096 kB
PageTables:        56792 kB
NFS_Unstable:          0 kB
Bounce:                0 kB
WritebackTmp:          0 kB
CommitLimit:     2172840 kB
Committed_AS:   93187276 kB
VmallocTotal:   251658176 kB
VmallocUsed:      139804 kB
VmallocChunk:   251436076 kB
Time pass: 256 sec

---2015-12-09 10:41:11
MemTotal:        2905316 kB
MemFree:           72504 kB
Buffers:           26216 kB
Cached:          1046952 kB
SwapCached:            0 kB
Active:          1321420 kB
Inactive:         715600 kB
Active(anon):     808756 kB
Inactive(anon):   202848 kB
Active(file):     512664 kB
Inactive(file):   512752 kB
Unevictable:       12456 kB
Mlocked:               0 kB
SwapTotal:        720184 kB
SwapFree:         720048 kB
Dirty:               136 kB
Writeback:             0 kB
AnonPages:        976240 kB
Mapped:           681472 kB
Shmem:             35296 kB
Slab:             117084 kB
SReclaimable:      36200 kB
SUnreclaim:        80884 kB
KernelStack:       34128 kB
PageTables:        56792 kB
NFS_Unstable:          0 kB
Bounce:                0 kB
WritebackTmp:          0 kB
CommitLimit:     2172840 kB
Committed_AS:   93187276 kB
VmallocTotal:   251658176 kB
VmallocUsed:      139804 kB
VmallocChunk:   251436076 kB
Time pass: 260 sec

---2015-12-09 10:41:11
MemTotal:        2905316 kB
MemFree:           78340 kB
Buffers:           26224 kB
Cached:          1046980 kB
SwapCached:            0 kB
Active:          1315652 kB
Inactive:         715616 kB
Active(anon):     802968 kB
Inactive(anon):   202848 kB
Active(file):     512684 kB
Inactive(file):   512768 kB
Unevictable:       12456 kB
Mlocked:               0 kB
SwapTotal:        720184 kB
SwapFree:         720048 kB
Dirty:                84 kB
Writeback:             0 kB
AnonPages:        970668 kB
Mapped:           681484 kB
Shmem:             35296 kB
Slab:             116988 kB
SReclaimable:      36200 kB
SUnreclaim:        80788 kB
KernelStack:       34128 kB
PageTables:        56788 kB
NFS_Unstable:          0 kB
Bounce:                0 kB
WritebackTmp:          0 kB
CommitLimit:     2172840 kB
Committed_AS:   93187280 kB
VmallocTotal:   251658176 kB
VmallocUsed:      139804 kB
VmallocChunk:   251436076 kB
Time pass: 264 sec

---2015-12-09 10:41:11
MemTotal:        2905316 kB
MemFree:           78120 kB
Buffers:           26232 kB
Cached:          1047000 kB
SwapCached:            0 kB
Active:          1315736 kB
Inactive:         715616 kB
Active(anon):     803024 kB
Inactive(anon):   202848 kB
Active(file):     512712 kB
Inactive(file):   512768 kB
Unevictable:       12456 kB
Mlocked:               0 kB
SwapTotal:        720184 kB
SwapFree:         720048 kB
Dirty:                32 kB
Writeback:             0 kB
AnonPages:        970664 kB
Mapped:           681496 kB
Shmem:             35296 kB
Slab:             116988 kB
SReclaimable:      36200 kB
SUnreclaim:        80788 kB
KernelStack:       34064 kB
PageTables:        56796 kB
NFS_Unstable:          0 kB
Bounce:                0 kB
WritebackTmp:          0 kB
CommitLimit:     2172840 kB
Committed_AS:   93187292 kB
VmallocTotal:   251658176 kB
VmallocUsed:      139804 kB
VmallocChunk:   251436076 kB
Time pass: 267 sec

---2015-12-09 10:41:11
MemTotal:        2905316 kB
MemFree:           76596 kB
Buffers:           26248 kB
Cached:          1047116 kB
SwapCached:            0 kB
Active:          1317388 kB
Inactive:         715720 kB
Active(anon):     804648 kB
Inactive(anon):   202908 kB
Active(file):     512740 kB
Inactive(file):   512812 kB
Unevictable:       12456 kB
Mlocked:               0 kB
SwapTotal:        720184 kB
SwapFree:         720048 kB
Dirty:                 8 kB
Writeback:             0 kB
AnonPages:        972140 kB
Mapped:           681564 kB
Shmem:             35356 kB
Slab:             116996 kB
SReclaimable:      36200 kB
SUnreclaim:        80796 kB
KernelStack:       34032 kB
PageTables:        56848 kB
NFS_Unstable:          0 kB
Bounce:                0 kB
WritebackTmp:          0 kB
CommitLimit:     2172840 kB
Committed_AS:   93214184 kB
VmallocTotal:   251658176 kB
VmallocUsed:      139804 kB
VmallocChunk:   251436076 kB
Time pass: 271 sec

---2015-12-09 10:41:11
MemTotal:        2905316 kB
MemFree:           75940 kB
Buffers:           26256 kB
Cached:          1047136 kB
SwapCached:            0 kB
Active:          1317884 kB
Inactive:         715732 kB
Active(anon):     805128 kB
Inactive(anon):   202912 kB
Active(file):     512756 kB
Inactive(file):   512820 kB
Unevictable:       12456 kB
Mlocked:               0 kB
SwapTotal:        720184 kB
SwapFree:         720048 kB
Dirty:                84 kB
Writeback:             0 kB
AnonPages:        972420 kB
Mapped:           681640 kB
Shmem:             35360 kB
Slab:             116964 kB
SReclaimable:      36200 kB
SUnreclaim:        80764 kB
KernelStack:       34064 kB
PageTables:        56868 kB
NFS_Unstable:          0 kB
Bounce:                0 kB
WritebackTmp:          0 kB
CommitLimit:     2172840 kB
Committed_AS:   93214160 kB
VmallocTotal:   251658176 kB
VmallocUsed:      139804 kB
VmallocChunk:   251436076 kB
Time pass: 275 sec

---2015-12-09 10:41:11
MemTotal:        2905316 kB
MemFree:           75944 kB
Buffers:           26264 kB
Cached:          1047152 kB
SwapCached:            0 kB
Active:          1317980 kB
Inactive:         715732 kB
Active(anon):     805200 kB
Inactive(anon):   202912 kB
Active(file):     512780 kB
Inactive(file):   512820 kB
Unevictable:       12456 kB
Mlocked:               0 kB
SwapTotal:        720184 kB
SwapFree:         720048 kB
Dirty:                20 kB
Writeback:             0 kB
AnonPages:        972492 kB
Mapped:           681652 kB
Shmem:             35360 kB
Slab:             116964 kB
SReclaimable:      36200 kB
SUnreclaim:        80764 kB
KernelStack:       34032 kB
PageTables:        56872 kB
NFS_Unstable:          0 kB
Bounce:                0 kB
WritebackTmp:          0 kB
CommitLimit:     2172840 kB
Committed_AS:   93214156 kB
VmallocTotal:   251658176 kB
VmallocUsed:      139804 kB
VmallocChunk:   251436076 kB
Time pass: 279 sec

---2015-12-09 10:41:11
MemTotal:        2905316 kB
MemFree:           74820 kB
Buffers:           26280 kB
Cached:          1047208 kB
SwapCached:            0 kB
Active:          1318328 kB
Inactive:         715776 kB
Active(anon):     805520 kB
Inactive(anon):   202912 kB
Active(file):     512808 kB
Inactive(file):   512864 kB
Unevictable:       12456 kB
Mlocked:               0 kB
SwapTotal:        720184 kB
SwapFree:         720048 kB
Dirty:                20 kB
Writeback:             0 kB
AnonPages:        973008 kB
Mapped:           681596 kB
Shmem:             35360 kB
Slab:             116960 kB
SReclaimable:      36200 kB
SUnreclaim:        80760 kB
KernelStack:       34048 kB
PageTables:        56848 kB
NFS_Unstable:          0 kB
Bounce:                0 kB
WritebackTmp:          0 kB
CommitLimit:     2172840 kB
Committed_AS:   93214104 kB
VmallocTotal:   251658176 kB
VmallocUsed:      139804 kB
VmallocChunk:   251436076 kB
Time pass: 282 sec

---2015-12-09 10:41:11
MemTotal:        2905316 kB
MemFree:           73676 kB
Buffers:           26288 kB
Cached:          1047264 kB
SwapCached:            0 kB
Active:          1319512 kB
Inactive:         715816 kB
Active(anon):     806680 kB
Inactive(anon):   202912 kB
Active(file):     512832 kB
Inactive(file):   512904 kB
Unevictable:       12456 kB
Mlocked:               0 kB
SwapTotal:        720184 kB
SwapFree:         720048 kB
Dirty:                56 kB
Writeback:             0 kB
AnonPages:        974216 kB
Mapped:           681680 kB
Shmem:             35360 kB
Slab:             116960 kB
SReclaimable:      36200 kB
SUnreclaim:        80760 kB
KernelStack:       34000 kB
PageTables:        56880 kB
NFS_Unstable:          0 kB
Bounce:                0 kB
WritebackTmp:          0 kB
CommitLimit:     2172840 kB
Committed_AS:   93214116 kB
VmallocTotal:   251658176 kB
VmallocUsed:      139804 kB
VmallocChunk:   251436076 kB
Time pass: 286 sec

---2015-12-09 10:41:11
MemTotal:        2905316 kB
MemFree:           73352 kB
Buffers:           26296 kB
Cached:          1047312 kB
SwapCached:            0 kB
Active:          1320260 kB
Inactive:         715844 kB
Active(anon):     807400 kB
Inactive(anon):   202912 kB
Active(file):     512860 kB
Inactive(file):   512932 kB
Unevictable:       12456 kB
Mlocked:               0 kB
SwapTotal:        720184 kB
SwapFree:         720048 kB
Dirty:               124 kB
Writeback:             0 kB
AnonPages:        975080 kB
Mapped:           681652 kB
Shmem:             35360 kB
Slab:             116928 kB
SReclaimable:      36200 kB
SUnreclaim:        80728 kB
KernelStack:       34032 kB
PageTables:        56852 kB
NFS_Unstable:          0 kB
Bounce:                0 kB
WritebackTmp:          0 kB
CommitLimit:     2172840 kB
Committed_AS:   93214104 kB
VmallocTotal:   251658176 kB
VmallocUsed:      139804 kB
VmallocChunk:   251436076 kB
Time pass: 290 sec

---2015-12-09 10:41:11
MemTotal:        2905316 kB
MemFree:           72416 kB
Buffers:           26312 kB
Cached:          1047372 kB
SwapCached:            0 kB
Active:          1320868 kB
Inactive:         715880 kB
Active(anon):     807984 kB
Inactive(anon):   202912 kB
Active(file):     512884 kB
Inactive(file):   512968 kB
Unevictable:       12456 kB
Mlocked:               0 kB
SwapTotal:        720184 kB
SwapFree:         720048 kB
Dirty:               128 kB
Writeback:             0 kB
AnonPages:        975608 kB
Mapped:           681716 kB
Shmem:             35360 kB
Slab:             116928 kB
SReclaimable:      36200 kB
SUnreclaim:        80728 kB
KernelStack:       34016 kB
PageTables:        56876 kB
NFS_Unstable:          0 kB
Bounce:                0 kB
WritebackTmp:          0 kB
CommitLimit:     2172840 kB
Committed_AS:   93214052 kB
VmallocTotal:   251658176 kB
VmallocUsed:      139804 kB
VmallocChunk:   251436076 kB
Time pass: 294 sec

---2015-12-09 10:41:11
MemTotal:        2905316 kB
MemFree:           72308 kB
Buffers:           26320 kB
Cached:          1047384 kB
SwapCached:            0 kB
Active:          1321076 kB
Inactive:         715892 kB
Active(anon):     808168 kB
Inactive(anon):   202912 kB
Active(file):     512908 kB
Inactive(file):   512980 kB
Unevictable:       12456 kB
Mlocked:               0 kB
SwapTotal:        720184 kB
SwapFree:         720048 kB
Dirty:                16 kB
Writeback:             0 kB
AnonPages:        975892 kB
Mapped:           681720 kB
Shmem:             35360 kB
Slab:             116928 kB
SReclaimable:      36200 kB
SUnreclaim:        80728 kB
KernelStack:       34016 kB
PageTables:        56876 kB
NFS_Unstable:          0 kB
Bounce:                0 kB
WritebackTmp:          0 kB
CommitLimit:     2172840 kB
Committed_AS:   93214088 kB
VmallocTotal:   251658176 kB
VmallocUsed:      139804 kB
VmallocChunk:   251436076 kB
Time pass: 297 sec

---2015-12-09 10:41:11
MemTotal:        2905316 kB
MemFree:           70736 kB
Buffers:           26320 kB
Cached:          1047480 kB
SwapCached:            0 kB
Active:          1323016 kB
Inactive:         715964 kB
Active(anon):     810084 kB
Inactive(anon):   202948 kB
Active(file):     512932 kB
Inactive(file):   513016 kB
Unevictable:       12456 kB
Mlocked:               0 kB
SwapTotal:        720184 kB
SwapFree:         720048 kB
Dirty:                 4 kB
Writeback:             0 kB
AnonPages:        977592 kB
Mapped:           681708 kB
Shmem:             35396 kB
Slab:             116928 kB
SReclaimable:      36200 kB
SUnreclaim:        80728 kB
KernelStack:       34016 kB
PageTables:        56876 kB
NFS_Unstable:          0 kB
Bounce:                0 kB
WritebackTmp:          0 kB
CommitLimit:     2172840 kB
Committed_AS:   93240712 kB
VmallocTotal:   251658176 kB
VmallocUsed:      139804 kB
VmallocChunk:   251436076 kB
Time pass: 301 sec

---2015-12-09 10:41:11
MemTotal:        2905316 kB
MemFree:           70084 kB
Buffers:           26344 kB
Cached:          1047520 kB
SwapCached:            0 kB
Active:          1323628 kB
Inactive:         716008 kB
Active(anon):     810676 kB
Inactive(anon):   202972 kB
Active(file):     512952 kB
Inactive(file):   513036 kB
Unevictable:       12456 kB
Mlocked:               0 kB
SwapTotal:        720184 kB
SwapFree:         720048 kB
Dirty:                88 kB
Writeback:             8 kB
AnonPages:        978176 kB
Mapped:           681784 kB
Shmem:             35420 kB
Slab:             116928 kB
SReclaimable:      36200 kB
SUnreclaim:        80728 kB
KernelStack:       34032 kB
PageTables:        56916 kB
NFS_Unstable:          0 kB
Bounce:                0 kB
WritebackTmp:          0 kB
CommitLimit:     2172840 kB
Committed_AS:   93240688 kB
VmallocTotal:   251658176 kB
VmallocUsed:      139804 kB
VmallocChunk:   251436076 kB
Time pass: 305 sec

---2015-12-09 10:41:11
MemTotal:        2905316 kB
MemFree:           69360 kB
Buffers:           26344 kB
Cached:          1047564 kB
SwapCached:            0 kB
Active:          1323876 kB
Inactive:         716032 kB
Active(anon):     810904 kB
Inactive(anon):   202972 kB
Active(file):     512972 kB
Inactive(file):   513060 kB
Unevictable:       12456 kB
Mlocked:               0 kB
SwapTotal:        720184 kB
SwapFree:         720048 kB
Dirty:                24 kB
Writeback:             0 kB
AnonPages:        978472 kB
Mapped:           681800 kB
Shmem:             35420 kB
Slab:             116928 kB
SReclaimable:      36200 kB
SUnreclaim:        80728 kB
KernelStack:       34032 kB
PageTables:        56924 kB
NFS_Unstable:          0 kB
Bounce:                0 kB
WritebackTmp:          0 kB
CommitLimit:     2172840 kB
Committed_AS:   93240688 kB
VmallocTotal:   251658176 kB
VmallocUsed:      139804 kB
VmallocChunk:   251436076 kB
Time pass: 309 sec

---2015-12-09 10:41:11
MemTotal:        2905316 kB
MemFree:           69624 kB
Buffers:           26352 kB
Cached:          1047584 kB
SwapCached:            0 kB
Active:          1323680 kB
Inactive:         716040 kB
Active(anon):     810688 kB
Inactive(anon):   202972 kB
Active(file):     512992 kB
Inactive(file):   513068 kB
Unevictable:       12456 kB
Mlocked:               0 kB
SwapTotal:        720184 kB
SwapFree:         720048 kB
Dirty:                52 kB
Writeback:             0 kB
AnonPages:        978132 kB
Mapped:           681744 kB
Shmem:             35420 kB
Slab:             116928 kB
SReclaimable:      36200 kB
SUnreclaim:        80728 kB
KernelStack:       34016 kB
PageTables:        56904 kB
NFS_Unstable:          0 kB
Bounce:                0 kB
WritebackTmp:          0 kB
CommitLimit:     2172840 kB
Committed_AS:   93240644 kB
VmallocTotal:   251658176 kB
VmallocUsed:      139804 kB
VmallocChunk:   251436076 kB
Time pass: 313 sec

---2015-12-09 10:41:11
MemTotal:        2905316 kB
MemFree:           68584 kB
Buffers:           26376 kB
Cached:          1047588 kB
SwapCached:            0 kB
Active:          1324292 kB
Inactive:         716048 kB
Active(anon):     811280 kB
Inactive(anon):   202972 kB
Active(file):     513012 kB
Inactive(file):   513076 kB
Unevictable:       12456 kB
Mlocked:               0 kB
SwapTotal:        720184 kB
SwapFree:         720048 kB
Dirty:                12 kB
Writeback:             0 kB
AnonPages:        979104 kB
Mapped:           681756 kB
Shmem:             35420 kB
Slab:             116928 kB
SReclaimable:      36200 kB
SUnreclaim:        80728 kB
KernelStack:       33984 kB
PageTables:        56904 kB
NFS_Unstable:          0 kB
Bounce:                0 kB
WritebackTmp:          0 kB
CommitLimit:     2172840 kB
Committed_AS:   93240668 kB
VmallocTotal:   251658176 kB
VmallocUsed:      139804 kB
VmallocChunk:   251436076 kB
Time pass: 317 sec

---2015-12-09 10:41:11
MemTotal:        2905316 kB
MemFree:           67304 kB
Buffers:           26376 kB
Cached:          1047700 kB
SwapCached:            0 kB
Active:          1325708 kB
Inactive:         716124 kB
Active(anon):     812660 kB
Inactive(anon):   202972 kB
Active(file):     513048 kB
Inactive(file):   513152 kB
Unevictable:       12456 kB
Mlocked:               0 kB
SwapTotal:        720184 kB
SwapFree:         720048 kB
Dirty:               168 kB
Writeback:             0 kB
AnonPages:        980120 kB
Mapped:           681768 kB
Shmem:             35420 kB
Slab:             116864 kB
SReclaimable:      36200 kB
SUnreclaim:        80664 kB
KernelStack:       33920 kB
PageTables:        56904 kB
NFS_Unstable:          0 kB
Bounce:                0 kB
WritebackTmp:          0 kB
CommitLimit:     2172840 kB
Committed_AS:   93240584 kB
VmallocTotal:   251658176 kB
VmallocUsed:      139804 kB
VmallocChunk:   251436076 kB
Time pass: 320 sec

---2015-12-09 10:41:11
MemTotal:        2905316 kB
MemFree:           67628 kB
Buffers:           26384 kB
Cached:          1047720 kB
SwapCached:            0 kB
Active:          1325708 kB
Inactive:         716136 kB
Active(anon):     812644 kB
Inactive(anon):   202972 kB
Active(file):     513064 kB
Inactive(file):   513164 kB
Unevictable:       12456 kB
Mlocked:               0 kB
SwapTotal:        720184 kB
SwapFree:         720048 kB
Dirty:                96 kB
Writeback:             0 kB
AnonPages:        980260 kB
Mapped:           681856 kB
Shmem:             35420 kB
Slab:             116864 kB
SReclaimable:      36200 kB
SUnreclaim:        80664 kB
KernelStack:       33856 kB
PageTables:        56948 kB
NFS_Unstable:          0 kB
Bounce:                0 kB
WritebackTmp:          0 kB
CommitLimit:     2172840 kB
Committed_AS:   93240476 kB
VmallocTotal:   251658176 kB
VmallocUsed:      139804 kB
VmallocChunk:   251436076 kB
Time pass: 324 sec

---2015-12-09 10:41:11
MemTotal:        2905316 kB
MemFree:           66624 kB
Buffers:           26392 kB
Cached:          1047772 kB
SwapCached:            0 kB
Active:          1326748 kB
Inactive:         716168 kB
Active(anon):     813656 kB
Inactive(anon):   202972 kB
Active(file):     513092 kB
Inactive(file):   513196 kB
Unevictable:       12456 kB
Mlocked:               0 kB
SwapTotal:        720184 kB
SwapFree:         720048 kB
Dirty:                72 kB
Writeback:             0 kB
AnonPages:        981404 kB
Mapped:           681876 kB
Shmem:             35420 kB
Slab:             116864 kB
SReclaimable:      36200 kB
SUnreclaim:        80664 kB
KernelStack:       33872 kB
PageTables:        56948 kB
NFS_Unstable:          0 kB
Bounce:                0 kB
WritebackTmp:          0 kB
CommitLimit:     2172840 kB
Committed_AS:   93240476 kB
VmallocTotal:   251658176 kB
VmallocUsed:      139804 kB
VmallocChunk:   251436076 kB
Time pass: 328 sec

---2015-12-09 10:41:11
MemTotal:        2905316 kB
MemFree:           64192 kB
Buffers:           26416 kB
Cached:          1047812 kB
SwapCached:            0 kB
Active:          1329056 kB
Inactive:         716196 kB
Active(anon):     815928 kB
Inactive(anon):   202972 kB
Active(file):     513128 kB
Inactive(file):   513224 kB
Unevictable:       12456 kB
Mlocked:               0 kB
SwapTotal:        720184 kB
SwapFree:         720048 kB
Dirty:                 4 kB
Writeback:           104 kB
AnonPages:        983228 kB
Mapped:           681880 kB
Shmem:             35420 kB
Slab:             116768 kB
SReclaimable:      36200 kB
SUnreclaim:        80568 kB
KernelStack:       33856 kB
PageTables:        56948 kB
NFS_Unstable:          0 kB
Bounce:                0 kB
WritebackTmp:          0 kB
CommitLimit:     2172840 kB
Committed_AS:   93267368 kB
VmallocTotal:   251658176 kB
VmallocUsed:      139804 kB
VmallocChunk:   251436076 kB
Time pass: 332 sec

---2015-12-09 10:41:11
MemTotal:        2905316 kB
MemFree:           64512 kB
Buffers:           26416 kB
Cached:          1047904 kB
SwapCached:            0 kB
Active:          1329076 kB
Inactive:         716268 kB
Active(anon):     815928 kB
Inactive(anon):   203032 kB
Active(file):     513148 kB
Inactive(file):   513236 kB
Unevictable:       12456 kB
Mlocked:               0 kB
SwapTotal:        720184 kB
SwapFree:         720048 kB
Dirty:                92 kB
Writeback:             0 kB
AnonPages:        983140 kB
Mapped:           681940 kB
Shmem:             35480 kB
Slab:             116776 kB
SReclaimable:      36200 kB
SUnreclaim:        80576 kB
KernelStack:       33856 kB
PageTables:        57008 kB
NFS_Unstable:          0 kB
Bounce:                0 kB
WritebackTmp:          0 kB
CommitLimit:     2172840 kB
Committed_AS:   93268016 kB
VmallocTotal:   251658176 kB
VmallocUsed:      139804 kB
VmallocChunk:   251436076 kB
Time pass: 336 sec

---2015-12-09 10:41:11
MemTotal:        2905316 kB
MemFree:           64348 kB
Buffers:           26424 kB
Cached:          1047924 kB
SwapCached:            0 kB
Active:          1329156 kB
Inactive:         716280 kB
Active(anon):     815992 kB
Inactive(anon):   203032 kB
Active(file):     513164 kB
Inactive(file):   513248 kB
Unevictable:       12456 kB
Mlocked:               0 kB
SwapTotal:        720184 kB
SwapFree:         720048 kB
Dirty:                28 kB
Writeback:             0 kB
AnonPages:        983396 kB
Mapped:           681932 kB
Shmem:             35480 kB
Slab:             116776 kB
SReclaimable:      36200 kB
SUnreclaim:        80576 kB
KernelStack:       33840 kB
PageTables:        56984 kB
NFS_Unstable:          0 kB
Bounce:                0 kB
WritebackTmp:          0 kB
CommitLimit:     2172840 kB
Committed_AS:   93268124 kB
VmallocTotal:   251658176 kB
VmallocUsed:      139804 kB
VmallocChunk:   251436076 kB
Time pass: 339 sec

---2015-12-09 10:41:11
MemTotal:        2905316 kB
MemFree:           63896 kB
Buffers:           26440 kB
Cached:          1047976 kB
SwapCached:            0 kB
Active:          1329716 kB
Inactive:         716324 kB
Active(anon):     816528 kB
Inactive(anon):   203032 kB
Active(file):     513188 kB
Inactive(file):   513292 kB
Unevictable:       12456 kB
Mlocked:               0 kB
SwapTotal:        720184 kB
SwapFree:         720048 kB
Dirty:                32 kB
Writeback:             0 kB
AnonPages:        983980 kB
Mapped:           681940 kB
Shmem:             35480 kB
Slab:             116772 kB
SReclaimable:      36200 kB
SUnreclaim:        80572 kB
KernelStack:       33808 kB
PageTables:        56980 kB
NFS_Unstable:          0 kB
Bounce:                0 kB
WritebackTmp:          0 kB
CommitLimit:     2172840 kB
Committed_AS:   93268120 kB
VmallocTotal:   251658176 kB
VmallocUsed:      139804 kB
VmallocChunk:   251436076 kB
Time pass: 343 sec

---2015-12-09 10:41:11
MemTotal:        2905316 kB
MemFree:           63032 kB
Buffers:           26448 kB
Cached:          1047996 kB
SwapCached:            0 kB
Active:          1330132 kB
Inactive:         716328 kB
Active(anon):     816920 kB
Inactive(anon):   203032 kB
Active(file):     513212 kB
Inactive(file):   513296 kB
Unevictable:       12456 kB
Mlocked:               0 kB
SwapTotal:        720184 kB
SwapFree:         720048 kB
Dirty:                96 kB
Writeback:             0 kB
AnonPages:        984464 kB
Mapped:           681940 kB
Shmem:             35480 kB
Slab:             116772 kB
SReclaimable:      36200 kB
SUnreclaim:        80572 kB
KernelStack:       33872 kB
PageTables:        56976 kB
NFS_Unstable:          0 kB
Bounce:                0 kB
WritebackTmp:          0 kB
CommitLimit:     2172840 kB
Committed_AS:   93268148 kB
VmallocTotal:   251658176 kB
VmallocUsed:      139804 kB
VmallocChunk:   251436076 kB
Time pass: 347 sec

---2015-12-09 10:41:11
MemTotal:        2905316 kB
MemFree:           70556 kB
Buffers:           26280 kB
Cached:          1041588 kB
SwapCached:            0 kB
Active:          1325748 kB
Inactive:         714280 kB
Active(anon):     815868 kB
Inactive(anon):   204188 kB
Active(file):     509880 kB
Inactive(file):   510092 kB
Unevictable:       12456 kB
Mlocked:               0 kB
SwapTotal:        720184 kB
SwapFree:         720008 kB
Dirty:                24 kB
Writeback:             0 kB
AnonPages:        984604 kB
Mapped:           680768 kB
Shmem:             35440 kB
Slab:             116924 kB
SReclaimable:      36352 kB
SUnreclaim:        80572 kB
KernelStack:       33856 kB
PageTables:        56980 kB
NFS_Unstable:          0 kB
Bounce:                0 kB
WritebackTmp:          0 kB
CommitLimit:     2172840 kB
Committed_AS:   93268140 kB
VmallocTotal:   251658176 kB
VmallocUsed:      139804 kB
VmallocChunk:   251436076 kB
Time pass: 351 sec

---2015-12-09 10:41:11
MemTotal:        2905316 kB
MemFree:           69608 kB
Buffers:           26296 kB
Cached:          1041652 kB
SwapCached:            0 kB
Active:          1326564 kB
Inactive:         714328 kB
Active(anon):     816652 kB
Inactive(anon):   204188 kB
Active(file):     509912 kB
Inactive(file):   510140 kB
Unevictable:       12456 kB
Mlocked:               0 kB
SwapTotal:        720184 kB
SwapFree:         720008 kB
Dirty:               132 kB
Writeback:             0 kB
AnonPages:        985356 kB
Mapped:           680772 kB
Shmem:             35440 kB
Slab:             116924 kB
SReclaimable:      36352 kB
SUnreclaim:        80572 kB
KernelStack:       33856 kB
PageTables:        56980 kB
NFS_Unstable:          0 kB
Bounce:                0 kB
WritebackTmp:          0 kB
CommitLimit:     2172840 kB
Committed_AS:   93268136 kB
VmallocTotal:   251658176 kB
VmallocUsed:      139804 kB
VmallocChunk:   251436076 kB
Time pass: 355 sec

---2015-12-09 10:41:11
MemTotal:        2905316 kB
MemFree:           69628 kB
Buffers:           26304 kB
Cached:          1041680 kB
SwapCached:            0 kB
Active:          1326488 kB
Inactive:         714340 kB
Active(anon):     816552 kB
Inactive(anon):   204188 kB
Active(file):     509936 kB
Inactive(file):   510152 kB
Unevictable:       12456 kB
Mlocked:               0 kB
SwapTotal:        720184 kB
SwapFree:         720008 kB
Dirty:                72 kB
Writeback:             0 kB
AnonPages:        985396 kB
Mapped:           680780 kB
Shmem:             35440 kB
Slab:             117020 kB
SReclaimable:      36448 kB
SUnreclaim:        80572 kB
KernelStack:       33856 kB
PageTables:        56976 kB
NFS_Unstable:          0 kB
Bounce:                0 kB
WritebackTmp:          0 kB
CommitLimit:     2172840 kB
Committed_AS:   93268164 kB
VmallocTotal:   251658176 kB
VmallocUsed:      139804 kB
VmallocChunk:   251436076 kB
Time pass: 358 sec

---2015-12-09 10:41:11
MemTotal:        2905316 kB
MemFree:           67996 kB
Buffers:           26304 kB
Cached:          1041760 kB
SwapCached:            0 kB
Active:          1327796 kB
Inactive:         714392 kB
Active(anon):     817832 kB
Inactive(anon):   204248 kB
Active(file):     509964 kB
Inactive(file):   510144 kB
Unevictable:       12456 kB
Mlocked:               0 kB
SwapTotal:        720184 kB
SwapFree:         720008 kB
Dirty:                16 kB
Writeback:             0 kB
AnonPages:        986424 kB
Mapped:           680844 kB
Shmem:             35500 kB
Slab:             117020 kB
SReclaimable:      36448 kB
SUnreclaim:        80572 kB
KernelStack:       33824 kB
PageTables:        57032 kB
NFS_Unstable:          0 kB
Bounce:                0 kB
WritebackTmp:          0 kB
CommitLimit:     2172840 kB
Committed_AS:   93294776 kB
VmallocTotal:   251658176 kB
VmallocUsed:      139804 kB
VmallocChunk:   251436076 kB
Time pass: 362 sec

---2015-12-09 10:41:11
MemTotal:        2905316 kB
MemFree:           67352 kB
Buffers:           26328 kB
Cached:          1041812 kB
SwapCached:            0 kB
Active:          1328488 kB
Inactive:         714436 kB
Active(anon):     818500 kB
Inactive(anon):   204248 kB
Active(file):     509988 kB
Inactive(file):   510188 kB
Unevictable:       12456 kB
Mlocked:               0 kB
SwapTotal:        720184 kB
SwapFree:         720008 kB
Dirty:               140 kB
Writeback:             0 kB
AnonPages:        987252 kB
Mapped:           680852 kB
Shmem:             35500 kB
Slab:             117020 kB
SReclaimable:      36448 kB
SUnreclaim:        80572 kB
KernelStack:       33856 kB
PageTables:        57032 kB
NFS_Unstable:          0 kB
Bounce:                0 kB
WritebackTmp:          0 kB
CommitLimit:     2172840 kB
Committed_AS:   93294748 kB
VmallocTotal:   251658176 kB
VmallocUsed:      139804 kB
VmallocChunk:   251436076 kB
Time pass: 366 sec

---2015-12-09 10:41:11
MemTotal:        2905316 kB
MemFree:           67088 kB
Buffers:           26336 kB
Cached:          1041828 kB
SwapCached:            0 kB
Active:          1328756 kB
Inactive:         714448 kB
Active(anon):     818748 kB
Inactive(anon):   204252 kB
Active(file):     510008 kB
Inactive(file):   510196 kB
Unevictable:       12456 kB
Mlocked:               0 kB
SwapTotal:        720184 kB
SwapFree:         720008 kB
Dirty:                20 kB
Writeback:             0 kB
AnonPages:        987320 kB
Mapped:           680808 kB
Shmem:             35504 kB
Slab:             117020 kB
SReclaimable:      36448 kB
SUnreclaim:        80572 kB
KernelStack:       33856 kB
PageTables:        57008 kB
NFS_Unstable:          0 kB
Bounce:                0 kB
WritebackTmp:          0 kB
CommitLimit:     2172840 kB
Committed_AS:   93294760 kB
VmallocTotal:   251658176 kB
VmallocUsed:      139804 kB
VmallocChunk:   251436076 kB
Time pass: 370 sec

---2015-12-09 10:41:11
MemTotal:        2905316 kB
MemFree:           66660 kB
Buffers:           26336 kB
Cached:          1041860 kB
SwapCached:            0 kB
Active:          1328932 kB
Inactive:         714460 kB
Active(anon):     818904 kB
Inactive(anon):   204252 kB
Active(file):     510028 kB
Inactive(file):   510208 kB
Unevictable:       12456 kB
Mlocked:               0 kB
SwapTotal:        720184 kB
SwapFree:         720008 kB
Dirty:                20 kB
Writeback:             0 kB
AnonPages:        987532 kB
Mapped:           680872 kB
Shmem:             35504 kB
Slab:             117020 kB
SReclaimable:      36448 kB
SUnreclaim:        80572 kB
KernelStack:       33856 kB
PageTables:        57032 kB
NFS_Unstable:          0 kB
Bounce:                0 kB
WritebackTmp:          0 kB
CommitLimit:     2172840 kB
Committed_AS:   93294784 kB
VmallocTotal:   251658176 kB
VmallocUsed:      139804 kB
VmallocChunk:   251436076 kB
Time pass: 373 sec

---2015-12-09 10:41:11
MemTotal:        2905316 kB
MemFree:           65956 kB
Buffers:           26360 kB
Cached:          1041912 kB
SwapCached:            0 kB
Active:          1330012 kB
Inactive:         714508 kB
Active(anon):     819956 kB
Inactive(anon):   204252 kB
Active(file):     510056 kB
Inactive(file):   510256 kB
Unevictable:       12456 kB
Mlocked:               0 kB
SwapTotal:        720184 kB
SwapFree:         720008 kB
Dirty:                24 kB
Writeback:             0 kB
AnonPages:        988548 kB
Mapped:           680876 kB
Shmem:             35504 kB
Slab:             117020 kB
SReclaimable:      36448 kB
SUnreclaim:        80572 kB
KernelStack:       33856 kB
PageTables:        57036 kB
NFS_Unstable:          0 kB
Bounce:                0 kB
WritebackTmp:          0 kB
CommitLimit:     2172840 kB
Committed_AS:   93294760 kB
VmallocTotal:   251658176 kB
VmallocUsed:      139804 kB
VmallocChunk:   251436076 kB
Time pass: 377 sec

---2015-12-09 10:41:11
MemTotal:        2905316 kB
MemFree:           65872 kB
Buffers:           26360 kB
Cached:          1041928 kB
SwapCached:            0 kB
Active:          1330040 kB
Inactive:         714504 kB
Active(anon):     819964 kB
Inactive(anon):   204252 kB
Active(file):     510076 kB
Inactive(file):   510252 kB
Unevictable:       12456 kB
Mlocked:               0 kB
SwapTotal:        720184 kB
SwapFree:         720008 kB
Dirty:                40 kB
Writeback:             0 kB
AnonPages:        988704 kB
Mapped:           680824 kB
Shmem:             35504 kB
Slab:             117020 kB
SReclaimable:      36448 kB
SUnreclaim:        80572 kB
KernelStack:       33824 kB
PageTables:        57008 kB
NFS_Unstable:          0 kB
Bounce:                0 kB
WritebackTmp:          0 kB
CommitLimit:     2172840 kB
Committed_AS:   93294748 kB
VmallocTotal:   251658176 kB
VmallocUsed:      139804 kB
VmallocChunk:   251436076 kB
Time pass: 381 sec

---2015-12-09 10:41:11
MemTotal:        2905316 kB
MemFree:           66036 kB
Buffers:           26368 kB
Cached:          1041944 kB
SwapCached:            0 kB
Active:          1329764 kB
Inactive:         714512 kB
Active(anon):     819676 kB
Inactive(anon):   204252 kB
Active(file):     510088 kB
Inactive(file):   510260 kB
Unevictable:       12456 kB
Mlocked:               0 kB
SwapTotal:        720184 kB
SwapFree:         720008 kB
Dirty:                68 kB
Writeback:             0 kB
AnonPages:        988548 kB
Mapped:           680768 kB
Shmem:             35504 kB
Slab:             117020 kB
SReclaimable:      36448 kB
SUnreclaim:        80572 kB
KernelStack:       33888 kB
PageTables:        56988 kB
NFS_Unstable:          0 kB
Bounce:                0 kB
WritebackTmp:          0 kB
CommitLimit:     2172840 kB
Committed_AS:   93294760 kB
VmallocTotal:   251658176 kB
VmallocUsed:      139804 kB
VmallocChunk:   251436076 kB
Time pass: 385 sec

---2015-12-09 10:41:11
MemTotal:        2905316 kB
MemFree:           64592 kB
Buffers:           26392 kB
Cached:          1041952 kB
SwapCached:            0 kB
Active:          1330764 kB
Inactive:         714520 kB
Active(anon):     820648 kB
Inactive(anon):   204252 kB
Active(file):     510116 kB
Inactive(file):   510268 kB
Unevictable:       12456 kB
Mlocked:               0 kB
SwapTotal:        720184 kB
SwapFree:         720008 kB
Dirty:                20 kB
Writeback:             0 kB
AnonPages:        989572 kB
Mapped:           680832 kB
Shmem:             35504 kB
Slab:             117020 kB
SReclaimable:      36448 kB
SUnreclaim:        80572 kB
KernelStack:       33872 kB
PageTables:        57012 kB
NFS_Unstable:          0 kB
Bounce:                0 kB
WritebackTmp:          0 kB
CommitLimit:     2172840 kB
Committed_AS:   93294748 kB
VmallocTotal:   251658176 kB
VmallocUsed:      139804 kB
VmallocChunk:   251436076 kB
Time pass: 389 sec

---2015-12-09 10:41:11
MemTotal:        2905316 kB
MemFree:           66412 kB
Buffers:           26392 kB
Cached:          1041556 kB
SwapCached:            0 kB
Active:          1330232 kB
Inactive:         714100 kB
