---2015-12-05 14:07:44
MemTotal:        2873608 kB
MemFree:           84912 kB
Buffers:           22448 kB
Cached:          1285048 kB
SwapCached:            0 kB
Active:          1337220 kB
Inactive:         915356 kB
Active(anon):     758596 kB
Inactive(anon):   196308 kB
Active(file):     578624 kB
Inactive(file):   719048 kB
Unevictable:        8104 kB
Mlocked:               0 kB
SwapTotal:        715328 kB
SwapFree:         715328 kB
Dirty:              6404 kB
Writeback:             0 kB
AnonPages:        953436 kB
Mapped:           481412 kB
Shmem:              1720 kB
Slab:              96992 kB
SReclaimable:      31624 kB
SUnreclaim:        65368 kB
KernelStack:       36800 kB
PageTables:        49496 kB
NFS_Unstable:          0 kB
Bounce:                0 kB
WritebackTmp:          0 kB
CommitLimit:     2152132 kB
Committed_AS:   123680720 kB
VmallocTotal:   251658176 kB
VmallocUsed:      137160 kB
VmallocChunk:   251437612 kB
Time pass: 3 sec

---2015-12-05 14:07:44
MemTotal:        2873608 kB
MemFree:           87064 kB
Buffers:           22668 kB
Cached:          1286764 kB
SwapCached:            0 kB
Active:          1343356 kB
Inactive:         910440 kB
Active(anon):     757924 kB
Inactive(anon):   196272 kB
Active(file):     585432 kB
Inactive(file):   714168 kB
Unevictable:        8104 kB
Mlocked:               0 kB
SwapTotal:        715328 kB
SwapFree:         715328 kB
Dirty:               140 kB
Writeback:             0 kB
AnonPages:        929008 kB
Mapped:           463092 kB
Shmem:              1724 kB
Slab:              96520 kB
SReclaimable:      31568 kB
SUnreclaim:        64952 kB
KernelStack:       35952 kB
PageTables:        48408 kB
NFS_Unstable:          0 kB
Bounce:                0 kB
WritebackTmp:          0 kB
CommitLimit:     2152132 kB
Committed_AS:   121358200 kB
VmallocTotal:   251658176 kB
VmallocUsed:      134960 kB
VmallocChunk:   251437612 kB
Time pass: 7 sec

---2015-12-05 14:07:44
MemTotal:        2873608 kB
MemFree:           68072 kB
Buffers:           22728 kB
Cached:          1288672 kB
SwapCached:            0 kB
Active:          1359260 kB
Inactive:         907636 kB
Active(anon):     769416 kB
Inactive(anon):   196180 kB
Active(file):     589844 kB
Inactive(file):   711456 kB
Unevictable:        8104 kB
Mlocked:               0 kB
SwapTotal:        715328 kB
SwapFree:         715328 kB
Dirty:               960 kB
Writeback:             0 kB
AnonPages:        964544 kB
Mapped:           497444 kB
Shmem:              1644 kB
Slab:              96616 kB
SReclaimable:      31620 kB
SUnreclaim:        64996 kB
KernelStack:       36864 kB
PageTables:        49076 kB
NFS_Unstable:          0 kB
Bounce:                0 kB
WritebackTmp:          0 kB
CommitLimit:     2152132 kB
Committed_AS:   119824812 kB
VmallocTotal:   251658176 kB
VmallocUsed:      136276 kB
VmallocChunk:   251428396 kB
Time pass: 11 sec

---2015-12-05 14:07:44
MemTotal:        2873608 kB
MemFree:           92404 kB
Buffers:           24368 kB
Cached:          1283512 kB
SwapCached:            0 kB
Active:          1343412 kB
Inactive:         900832 kB
Active(anon):     749932 kB
Inactive(anon):   196320 kB
Active(file):     593480 kB
Inactive(file):   704512 kB
Unevictable:        8104 kB
Mlocked:               0 kB
SwapTotal:        715328 kB
SwapFree:         715328 kB
Dirty:              6468 kB
Writeback:             0 kB
AnonPages:        944660 kB
Mapped:           497168 kB
Shmem:              1784 kB
Slab:              96836 kB
SReclaimable:      31764 kB
SUnreclaim:        65072 kB
KernelStack:       36944 kB
PageTables:        48392 kB
NFS_Unstable:          0 kB
Bounce:                0 kB
WritebackTmp:          0 kB
CommitLimit:     2152132 kB
Committed_AS:   116913320 kB
VmallocTotal:   251658176 kB
VmallocUsed:      135256 kB
VmallocChunk:   251417132 kB
Time pass: 15 sec

---2015-12-05 14:07:44
MemTotal:        2873608 kB
MemFree:          100432 kB
Buffers:           24404 kB
Cached:          1283684 kB
SwapCached:            0 kB
Active:          1354368 kB
Inactive:         881784 kB
Active(anon):     741632 kB
Inactive(anon):   196384 kB
Active(file):     612736 kB
Inactive(file):   685400 kB
Unevictable:        8104 kB
Mlocked:               0 kB
SwapTotal:        715328 kB
SwapFree:         715328 kB
Dirty:               948 kB
Writeback:             0 kB
AnonPages:        936600 kB
Mapped:           488408 kB
Shmem:              1848 kB
Slab:              96808 kB
SReclaimable:      31808 kB
SUnreclaim:        65000 kB
KernelStack:       36688 kB
PageTables:        48036 kB
NFS_Unstable:          0 kB
Bounce:                0 kB
WritebackTmp:          0 kB
CommitLimit:     2152132 kB
Committed_AS:   116257084 kB
VmallocTotal:   251658176 kB
VmallocUsed:      134236 kB
VmallocChunk:   251415084 kB
Time pass: 18 sec

---2015-12-05 14:07:44
MemTotal:        2873608 kB
MemFree:           72928 kB
Buffers:           23952 kB
Cached:          1205232 kB
SwapCached:            0 kB
Active:          1416260 kB
Inactive:         809928 kB
Active(anon):     809432 kB
Inactive(anon):   202656 kB
Active(file):     606828 kB
Inactive(file):   607272 kB
Unevictable:       13568 kB
Mlocked:               0 kB
SwapTotal:        715328 kB
SwapFree:         713428 kB
Dirty:              7212 kB
Writeback:             0 kB
AnonPages:       1010640 kB
Mapped:           473328 kB
Shmem:              1372 kB
Slab:              96168 kB
SReclaimable:      29792 kB
SUnreclaim:        66376 kB
KernelStack:       39040 kB
PageTables:        50264 kB
NFS_Unstable:          0 kB
Bounce:                0 kB
WritebackTmp:          0 kB
CommitLimit:     2152132 kB
Committed_AS:   120569360 kB
VmallocTotal:   251658176 kB
VmallocUsed:      136740 kB
VmallocChunk:   251424300 kB
Time pass: 22 sec

---2015-12-05 14:07:44
MemTotal:        2873608 kB
MemFree:          141744 kB
Buffers:           25084 kB
Cached:          1125808 kB
SwapCached:            0 kB
Active:          1310232 kB
Inactive:         776900 kB
Active(anon):     741516 kB
Inactive(anon):   208840 kB
Active(file):     568716 kB
Inactive(file):   568060 kB
Unevictable:       13568 kB
Mlocked:               0 kB
SwapTotal:        715328 kB
SwapFree:         712444 kB
Dirty:              7668 kB
Writeback:             4 kB
AnonPages:        949840 kB
Mapped:           511092 kB
Shmem:               548 kB
Slab:              98208 kB
SReclaimable:      32008 kB
SUnreclaim:        66200 kB
KernelStack:       37360 kB
PageTables:        49516 kB
NFS_Unstable:          0 kB
Bounce:                0 kB
WritebackTmp:          0 kB
CommitLimit:     2152132 kB
Committed_AS:   119834268 kB
VmallocTotal:   251658176 kB
VmallocUsed:      136112 kB
VmallocChunk:   251424300 kB
Time pass: 26 sec

---2015-12-05 14:07:44
MemTotal:        2873608 kB
MemFree:          115944 kB
Buffers:           25196 kB
Cached:          1126260 kB
SwapCached:            8 kB
Active:          1339064 kB
Inactive:         770592 kB
Active(anon):     764048 kB
Inactive(anon):   208712 kB
Active(file):     575016 kB
Inactive(file):   561880 kB
Unevictable:       13568 kB
Mlocked:               0 kB
SwapTotal:        715328 kB
SwapFree:         712448 kB
Dirty:              1240 kB
Writeback:             0 kB
AnonPages:        972444 kB
Mapped:           531756 kB
Shmem:               404 kB
Slab:              97984 kB
SReclaimable:      31804 kB
SUnreclaim:        66180 kB
KernelStack:       37168 kB
PageTables:        50552 kB
NFS_Unstable:          0 kB
Bounce:                0 kB
WritebackTmp:          0 kB
CommitLimit:     2152132 kB
Committed_AS:   121674828 kB
VmallocTotal:   251658176 kB
VmallocUsed:      137268 kB
VmallocChunk:   251429420 kB
Time pass: 30 sec

---2015-12-05 14:07:44
MemTotal:        2873608 kB
MemFree:           84008 kB
Buffers:           25240 kB
Cached:          1112200 kB
SwapCached:            8 kB
Active:          1377468 kB
Inactive:         760984 kB
Active(anon):     806460 kB
Inactive(anon):   208164 kB
Active(file):     571008 kB
Inactive(file):   552820 kB
Unevictable:       13568 kB
Mlocked:               0 kB
SwapTotal:        715328 kB
SwapFree:         711756 kB
Dirty:               236 kB
Writeback:             0 kB
AnonPages:       1014284 kB
Mapped:           555944 kB
Shmem:               484 kB
Slab:              98036 kB
SReclaimable:      31820 kB
SUnreclaim:        66216 kB
KernelStack:       38736 kB
PageTables:        52044 kB
NFS_Unstable:          0 kB
Bounce:                0 kB
WritebackTmp:          0 kB
CommitLimit:     2152132 kB
Committed_AS:   124703496 kB
VmallocTotal:   251658176 kB
VmallocUsed:      139468 kB
VmallocChunk:   251429420 kB
Time pass: 33 sec

---2015-12-05 14:07:44
MemTotal:        2873608 kB
MemFree:           69012 kB
Buffers:           25204 kB
Cached:          1139804 kB
SwapCached:            8 kB
Active:          1368288 kB
Inactive:         784288 kB
Active(anon):     793908 kB
Inactive(anon):   207976 kB
Active(file):     574380 kB
Inactive(file):   576312 kB
Unevictable:       13568 kB
Mlocked:               0 kB
SwapTotal:        715328 kB
SwapFree:         711756 kB
Dirty:               144 kB
Writeback:             0 kB
AnonPages:       1001620 kB
Mapped:           543460 kB
Shmem:               476 kB
Slab:              98636 kB
SReclaimable:      31856 kB
SUnreclaim:        66780 kB
KernelStack:       39152 kB
PageTables:        52308 kB
NFS_Unstable:          0 kB
Bounce:                0 kB
WritebackTmp:          0 kB
CommitLimit:     2152132 kB
Committed_AS:   127574168 kB
VmallocTotal:   251658176 kB
VmallocUsed:      140488 kB
VmallocChunk:   251429420 kB
Time pass: 37 sec

---2015-12-05 14:07:44
MemTotal:        2873608 kB
MemFree:           62648 kB
Buffers:           19412 kB
Cached:          1141012 kB
SwapCached:            8 kB
Active:          1381412 kB
Inactive:         779904 kB
Active(anon):     808152 kB
Inactive(anon):   206796 kB
Active(file):     573260 kB
Inactive(file):   573108 kB
Unevictable:       13568 kB
Mlocked:               0 kB
SwapTotal:        715328 kB
SwapFree:         710876 kB
Dirty:               396 kB
Writeback:             0 kB
AnonPages:       1014656 kB
Mapped:           536784 kB
Shmem:               348 kB
Slab:              98352 kB
SReclaimable:      31544 kB
SUnreclaim:        66808 kB
KernelStack:       38192 kB
PageTables:        52496 kB
NFS_Unstable:          0 kB
Bounce:                0 kB
WritebackTmp:          0 kB
CommitLimit:     2152132 kB
Committed_AS:   127571484 kB
VmallocTotal:   251658176 kB
VmallocUsed:      140332 kB
VmallocChunk:   251429420 kB
Time pass: 41 sec

---2015-12-05 14:07:44
MemTotal:        2873608 kB
MemFree:           62860 kB
Buffers:           17848 kB
Cached:          1017276 kB
SwapCached:            8 kB
Active:          1366988 kB
Inactive:         723392 kB
Active(anon):     855540 kB
Inactive(anon):   213628 kB
Active(file):     511448 kB
Inactive(file):   509764 kB
Unevictable:       13568 kB
Mlocked:               0 kB
SwapTotal:        715328 kB
SwapFree:         709040 kB
Dirty:               648 kB
Writeback:             4 kB
AnonPages:       1068852 kB
Mapped:           567492 kB
Shmem:               344 kB
Slab:              98968 kB
SReclaimable:      31844 kB
SUnreclaim:        67124 kB
KernelStack:       39552 kB
PageTables:        51872 kB
NFS_Unstable:          0 kB
Bounce:                0 kB
WritebackTmp:          0 kB
CommitLimit:     2152132 kB
Committed_AS:   124024848 kB
VmallocTotal:   251658176 kB
VmallocUsed:      138536 kB
VmallocChunk:   251429420 kB
Time pass: 44 sec

---2015-12-05 14:07:44
MemTotal:        2873608 kB
MemFree:          103720 kB
Buffers:           17540 kB
Cached:          1006136 kB
SwapCached:            8 kB
Active:          1335464 kB
Inactive:         716432 kB
Active(anon):     826656 kB
Inactive(anon):   215492 kB
Active(file):     508808 kB
Inactive(file):   500940 kB
Unevictable:       13568 kB
Mlocked:               0 kB
SwapTotal:        715328 kB
SwapFree:         709020 kB
Dirty:               332 kB
Writeback:             0 kB
AnonPages:       1041920 kB
Mapped:           567528 kB
Shmem:               352 kB
Slab:              98900 kB
SReclaimable:      31876 kB
SUnreclaim:        67024 kB
KernelStack:       39696 kB
PageTables:        52316 kB
NFS_Unstable:          0 kB
Bounce:                0 kB
WritebackTmp:          0 kB
CommitLimit:     2152132 kB
Committed_AS:   124032488 kB
VmallocTotal:   251658176 kB
VmallocUsed:      138536 kB
VmallocChunk:   251429420 kB
Time pass: 48 sec

---2015-12-05 14:07:44
MemTotal:        2873608 kB
MemFree:          110196 kB
Buffers:           18152 kB
Cached:          1007404 kB
SwapCached:            8 kB
Active:          1337616 kB
Inactive:         717952 kB
Active(anon):     828448 kB
Inactive(anon):   215492 kB
Active(file):     509168 kB
Inactive(file):   502460 kB
Unevictable:       13568 kB
Mlocked:               0 kB
SwapTotal:        715328 kB
SwapFree:         709020 kB
Dirty:               396 kB
Writeback:             0 kB
AnonPages:       1043696 kB
Mapped:           562012 kB
Shmem:               356 kB
Slab:              98984 kB
SReclaimable:      31876 kB
SUnreclaim:        67108 kB
KernelStack:       39152 kB
PageTables:        51076 kB
NFS_Unstable:          0 kB
Bounce:                0 kB
WritebackTmp:          0 kB
CommitLimit:     2152132 kB
Committed_AS:   121015752 kB
VmallocTotal:   251658176 kB
VmallocUsed:      136436 kB
VmallocChunk:   251429420 kB
Time pass: 52 sec

---2015-12-05 14:07:44
MemTotal:        2873608 kB
MemFree:           80012 kB
Buffers:           16760 kB
Cached:           987988 kB
SwapCached:            8 kB
Active:          1322100 kB
Inactive:         710560 kB
Active(anon):     827052 kB
Inactive(anon):   214804 kB
Active(file):     495048 kB
Inactive(file):   495756 kB
Unevictable:       13568 kB
Mlocked:               0 kB
SwapTotal:        715328 kB
SwapFree:         708864 kB
Dirty:              1204 kB
Writeback:             0 kB
AnonPages:       1041684 kB
Mapped:           612220 kB
Shmem:               356 kB
Slab:              99036 kB
SReclaimable:      32020 kB
SUnreclaim:        67016 kB
KernelStack:       39136 kB
PageTables:        51220 kB
NFS_Unstable:          0 kB
Bounce:                0 kB
WritebackTmp:          0 kB
CommitLimit:     2152132 kB
Committed_AS:   121037176 kB
VmallocTotal:   251658176 kB
VmallocUsed:      136872 kB
VmallocChunk:   251429420 kB
Time pass: 56 sec

---2015-12-05 14:07:44
MemTotal:        2873608 kB
MemFree:           78900 kB
Buffers:           16760 kB
Cached:           988144 kB
SwapCached:            8 kB
Active:          1322140 kB
Inactive:         710668 kB
Active(anon):     827028 kB
Inactive(anon):   214800 kB
Active(file):     495112 kB
Inactive(file):   495868 kB
Unevictable:       13568 kB
Mlocked:               0 kB
SwapTotal:        715328 kB
SwapFree:         708864 kB
Dirty:                 0 kB
Writeback:             0 kB
AnonPages:       1041584 kB
Mapped:           612380 kB
Shmem:               356 kB
Slab:              99124 kB
SReclaimable:      32036 kB
SUnreclaim:        67088 kB
KernelStack:       39440 kB
PageTables:        51296 kB
NFS_Unstable:          0 kB
Bounce:                0 kB
WritebackTmp:          0 kB
CommitLimit:     2152132 kB
Committed_AS:   121037160 kB
VmallocTotal:   251658176 kB
VmallocUsed:      136872 kB
VmallocChunk:   251429420 kB
Time pass: 59 sec

---2015-12-05 14:07:44
MemTotal:        2873608 kB
MemFree:           78156 kB
Buffers:           16736 kB
Cached:           975008 kB
SwapCached:            8 kB
Active:          1317980 kB
Inactive:         703472 kB
Active(anon):     829068 kB
Inactive(anon):   214576 kB
Active(file):     488912 kB
Inactive(file):   488896 kB
Unevictable:       13568 kB
Mlocked:               0 kB
SwapTotal:        715328 kB
SwapFree:         708656 kB
Dirty:               224 kB
Writeback:             0 kB
AnonPages:       1043200 kB
Mapped:           621176 kB
Shmem:               356 kB
Slab:              99116 kB
SReclaimable:      32036 kB
SUnreclaim:        67080 kB
KernelStack:       39440 kB
PageTables:        51328 kB
NFS_Unstable:          0 kB
Bounce:                0 kB
WritebackTmp:          0 kB
CommitLimit:     2152132 kB
Committed_AS:   121037304 kB
VmallocTotal:   251658176 kB
VmallocUsed:      136984 kB
VmallocChunk:   251429420 kB
Time pass: 63 sec

---2015-12-05 14:07:44
MemTotal:        2873608 kB
MemFree:           78680 kB
Buffers:           16744 kB
Cached:           975000 kB
SwapCached:            8 kB
Active:          1317740 kB
Inactive:         703484 kB
Active(anon):     828828 kB
Inactive(anon):   214576 kB
Active(file):     488912 kB
Inactive(file):   488908 kB
Unevictable:       13568 kB
Mlocked:               0 kB
SwapTotal:        715328 kB
SwapFree:         708656 kB
Dirty:                 4 kB
Writeback:             8 kB
AnonPages:       1043112 kB
Mapped:           621252 kB
Shmem:               356 kB
Slab:              99120 kB
SReclaimable:      32036 kB
SUnreclaim:        67084 kB
KernelStack:       39424 kB
PageTables:        51324 kB
NFS_Unstable:          0 kB
Bounce:                0 kB
WritebackTmp:          0 kB
CommitLimit:     2152132 kB
Committed_AS:   121037304 kB
VmallocTotal:   251658176 kB
VmallocUsed:      136984 kB
VmallocChunk:   251429420 kB
Time pass: 67 sec

---2015-12-05 14:07:44
MemTotal:        2873608 kB
MemFree:           70020 kB
Buffers:           16564 kB
Cached:           947648 kB
SwapCached:            8 kB
Active:          1316628 kB
Inactive:         684952 kB
Active(anon):     837688 kB
Inactive(anon):   213596 kB
Active(file):     478940 kB
Inactive(file):   471356 kB
Unevictable:       13568 kB
Mlocked:               0 kB
SwapTotal:        715328 kB
SwapFree:         707564 kB
Dirty:               512 kB
Writeback:             0 kB
AnonPages:       1050980 kB
Mapped:           629128 kB
Shmem:               356 kB
Slab:              99624 kB
SReclaimable:      32244 kB
SUnreclaim:        67380 kB
KernelStack:       39408 kB
PageTables:        51360 kB
NFS_Unstable:          0 kB
Bounce:                0 kB
WritebackTmp:          0 kB
CommitLimit:     2152132 kB
Committed_AS:   121037488 kB
VmallocTotal:   251658176 kB
VmallocUsed:      137144 kB
VmallocChunk:   251429420 kB
Time pass: 71 sec

---2015-12-05 14:07:44
MemTotal:        2873608 kB
MemFree:           69360 kB
Buffers:           16564 kB
Cached:           947940 kB
SwapCached:            8 kB
Active:          1317884 kB
Inactive:         684832 kB
Active(anon):     838848 kB
Inactive(anon):   213360 kB
Active(file):     479036 kB
Inactive(file):   471472 kB
Unevictable:       13568 kB
Mlocked:               0 kB
SwapTotal:        715328 kB
SwapFree:         707564 kB
Dirty:               532 kB
Writeback:             0 kB
AnonPages:       1051872 kB
Mapped:           631004 kB
Shmem:               356 kB
Slab:              99848 kB
SReclaimable:      32504 kB
SUnreclaim:        67344 kB
KernelStack:       39376 kB
PageTables:        51332 kB
NFS_Unstable:          0 kB
Bounce:                0 kB
WritebackTmp:          0 kB
CommitLimit:     2152132 kB
Committed_AS:   121037768 kB
VmallocTotal:   251658176 kB
VmallocUsed:      137140 kB
VmallocChunk:   251429420 kB
Time pass: 75 sec

---2015-12-05 14:07:44
MemTotal:        2873608 kB
MemFree:           65472 kB
Buffers:           16324 kB
Cached:           932304 kB
SwapCached:           24 kB
Active:          1327776 kB
Inactive:         681592 kB
Active(anon):     860464 kB
Inactive(anon):   214412 kB
Active(file):     467312 kB
Inactive(file):   467180 kB
Unevictable:       13568 kB
Mlocked:               0 kB
SwapTotal:        715328 kB
SwapFree:         707036 kB
Dirty:               320 kB
Writeback:             0 kB
AnonPages:       1074480 kB
Mapped:           634572 kB
Shmem:               356 kB
Slab:              99420 kB
SReclaimable:      32104 kB
SUnreclaim:        67316 kB
KernelStack:       39504 kB
PageTables:        51368 kB
NFS_Unstable:          0 kB
Bounce:                0 kB
WritebackTmp:          0 kB
CommitLimit:     2152132 kB
Committed_AS:   121089964 kB
VmallocTotal:   251658176 kB
VmallocUsed:      139572 kB
VmallocChunk:   251429420 kB
Time pass: 79 sec

---2015-12-05 14:07:44
MemTotal:        2873608 kB
MemFree:           69112 kB
Buffers:           16232 kB
Cached:           925748 kB
SwapCached:           24 kB
Active:          1325556 kB
Inactive:         679304 kB
Active(anon):     861636 kB
Inactive(anon):   215340 kB
Active(file):     463920 kB
Inactive(file):   463964 kB
Unevictable:       13568 kB
Mlocked:               0 kB
SwapTotal:        715328 kB
SwapFree:         706912 kB
Dirty:               132 kB
Writeback:             0 kB
AnonPages:       1076616 kB
Mapped:           635092 kB
Shmem:               528 kB
Slab:              99600 kB
SReclaimable:      32144 kB
SUnreclaim:        67456 kB
KernelStack:       39744 kB
PageTables:        51600 kB
NFS_Unstable:          0 kB
Bounce:                0 kB
WritebackTmp:          0 kB
CommitLimit:     2152132 kB
Committed_AS:   121089984 kB
VmallocTotal:   251658176 kB
VmallocUsed:      139572 kB
VmallocChunk:   251429420 kB
Time pass: 83 sec

---2015-12-05 14:07:44
MemTotal:        2873608 kB
MemFree:           71956 kB
Buffers:           16052 kB
Cached:           898220 kB
SwapCached:           24 kB
Active:          1313492 kB
Inactive:         661980 kB
Active(anon):     859764 kB
Inactive(anon):   215692 kB
Active(file):     453728 kB
Inactive(file):   446288 kB
Unevictable:       13568 kB
Mlocked:               0 kB
SwapTotal:        715328 kB
SwapFree:         706448 kB
Dirty:                 4 kB
Writeback:             0 kB
AnonPages:       1074676 kB
Mapped:           632004 kB
Shmem:               688 kB
Slab:              99452 kB
SReclaimable:      32140 kB
SUnreclaim:        67312 kB
KernelStack:       39456 kB
PageTables:        51244 kB
NFS_Unstable:          0 kB
Bounce:                0 kB
WritebackTmp:          0 kB
CommitLimit:     2152132 kB
Committed_AS:   119857708 kB
VmallocTotal:   251658176 kB
VmallocUsed:      138552 kB
VmallocChunk:   251429420 kB
Time pass: 86 sec

---2015-12-05 14:07:44
MemTotal:        2873608 kB
MemFree:           68996 kB
Buffers:           16084 kB
Cached:           898588 kB
SwapCached:           24 kB
Active:          1316072 kB
Inactive:         662300 kB
Active(anon):     862336 kB
Inactive(anon):   215844 kB
Active(file):     453736 kB
Inactive(file):   446456 kB
Unevictable:       13568 kB
Mlocked:               0 kB
SwapTotal:        715328 kB
SwapFree:         706448 kB
Dirty:                60 kB
Writeback:             0 kB
AnonPages:       1077540 kB
Mapped:           632252 kB
Shmem:               912 kB
Slab:              99448 kB
SReclaimable:      32140 kB
SUnreclaim:        67308 kB
KernelStack:       39440 kB
PageTables:        51248 kB
NFS_Unstable:          0 kB
Bounce:                0 kB
WritebackTmp:          0 kB
CommitLimit:     2152132 kB
Committed_AS:   119857676 kB
VmallocTotal:   251658176 kB
VmallocUsed:      138552 kB
VmallocChunk:   251429420 kB
Time pass: 90 sec

---2015-12-05 14:07:44
MemTotal:        2873608 kB
MemFree:           69388 kB
Buffers:           16084 kB
Cached:           898608 kB
SwapCached:           24 kB
Active:          1316136 kB
Inactive:         662392 kB
Active(anon):     862400 kB
Inactive(anon):   215928 kB
Active(file):     453736 kB
Inactive(file):   446464 kB
Unevictable:       13568 kB
Mlocked:               0 kB
SwapTotal:        715328 kB
SwapFree:         706448 kB
Dirty:                 0 kB
Writeback:             0 kB
AnonPages:       1077616 kB
Mapped:           632380 kB
Shmem:               924 kB
Slab:              99220 kB
SReclaimable:      31916 kB
SUnreclaim:        67304 kB
KernelStack:       39392 kB
PageTables:        51268 kB
NFS_Unstable:          0 kB
Bounce:                0 kB
WritebackTmp:          0 kB
CommitLimit:     2152132 kB
Committed_AS:   119857620 kB
VmallocTotal:   251658176 kB
VmallocUsed:      138552 kB
VmallocChunk:   251429420 kB
Time pass: 94 sec

---2015-12-05 14:07:44
MemTotal:        2873608 kB
MemFree:           82176 kB
Buffers:           16112 kB
Cached:           900796 kB
SwapCached:           24 kB
Active:          1311580 kB
Inactive:         656680 kB
Active(anon):     849952 kB
Inactive(anon):   215356 kB
Active(file):     461628 kB
Inactive(file):   441324 kB
Unevictable:       13568 kB
Mlocked:               0 kB
SwapTotal:        715328 kB
SwapFree:         706448 kB
Dirty:               252 kB
Writeback:             0 kB
AnonPages:       1064896 kB
Mapped:           632512 kB
Shmem:               356 kB
Slab:              99408 kB
SReclaimable:      31916 kB
SUnreclaim:        67492 kB
KernelStack:       39232 kB
PageTables:        50988 kB
NFS_Unstable:          0 kB
Bounce:                0 kB
WritebackTmp:          0 kB
CommitLimit:     2152132 kB
Committed_AS:   119830572 kB
VmallocTotal:   251658176 kB
VmallocUsed:      138540 kB
VmallocChunk:   251429420 kB
Time pass: 98 sec

---2015-12-05 14:07:44
MemTotal:        2873608 kB
MemFree:          347160 kB
Buffers:           14080 kB
Cached:           869908 kB
SwapCached:           24 kB
Active:          1206828 kB
Inactive:         633180 kB
Active(anon):     759444 kB
Inactive(anon):   210380 kB
Active(file):     447384 kB
Inactive(file):   422800 kB
Unevictable:       13568 kB
Mlocked:               0 kB
SwapTotal:        715328 kB
SwapFree:         702692 kB
Dirty:               616 kB
Writeback:             0 kB
AnonPages:        969532 kB
Mapped:           470000 kB
Shmem:               220 kB
Slab:              99096 kB
SReclaimable:      32068 kB
SUnreclaim:        67028 kB
KernelStack:       37376 kB
PageTables:        48648 kB
NFS_Unstable:          0 kB
Bounce:                0 kB
WritebackTmp:          0 kB
CommitLimit:     2152132 kB
Committed_AS:   116637160 kB
VmallocTotal:   251658176 kB
VmallocUsed:      135540 kB
VmallocChunk:   251429420 kB
Time pass: 102 sec

---2015-12-05 14:07:44
MemTotal:        2873608 kB
MemFree:          338888 kB
Buffers:           14268 kB
Cached:           872840 kB
SwapCached:           24 kB
Active:          1212544 kB
Inactive:         636272 kB
Active(anon):     765104 kB
Inactive(anon):   210376 kB
Active(file):     447440 kB
Inactive(file):   425896 kB
Unevictable:       13568 kB
Mlocked:               0 kB
SwapTotal:        715328 kB
SwapFree:         702692 kB
Dirty:               300 kB
Writeback:             0 kB
AnonPages:        975492 kB
Mapped:           471296 kB
Shmem:               220 kB
Slab:              99056 kB
SReclaimable:      32068 kB
SUnreclaim:        66988 kB
KernelStack:       37440 kB
PageTables:        49020 kB
NFS_Unstable:          0 kB
Bounce:                0 kB
WritebackTmp:          0 kB
CommitLimit:     2152132 kB
Committed_AS:   120135188 kB
VmallocTotal:   251658176 kB
VmallocUsed:      136560 kB
VmallocChunk:   251429420 kB
Time pass: 105 sec

---2015-12-05 14:07:44
MemTotal:        2873608 kB
MemFree:          262872 kB
Buffers:           14644 kB
Cached:           884896 kB
SwapCached:           48 kB
Active:          1272584 kB
Inactive:         634912 kB
Active(anon):     811388 kB
Inactive(anon):   211596 kB
Active(file):     461196 kB
Inactive(file):   423316 kB
Unevictable:       13568 kB
Mlocked:               0 kB
SwapTotal:        715328 kB
SwapFree:         702692 kB
Dirty:              2140 kB
Writeback:             0 kB
AnonPages:       1021696 kB
Mapped:           527604 kB
Shmem:              1420 kB
Slab:              99108 kB
SReclaimable:      32096 kB
SUnreclaim:        67012 kB
KernelStack:       38640 kB
PageTables:        49880 kB
NFS_Unstable:          0 kB
Bounce:                0 kB
WritebackTmp:          0 kB
CommitLimit:     2152132 kB
Committed_AS:   117972728 kB
VmallocTotal:   251658176 kB
VmallocUsed:      136560 kB
VmallocChunk:   251429420 kB
Time pass: 109 sec

---2015-12-05 14:07:44
MemTotal:        2873608 kB
MemFree:          178936 kB
Buffers:           14656 kB
Cached:           886360 kB
SwapCached:           60 kB
Active:          1287720 kB
Inactive:         635248 kB
Active(anon):     825340 kB
Inactive(anon):   210536 kB
Active(file):     462380 kB
Inactive(file):   424712 kB
Unevictable:       13568 kB
Mlocked:               0 kB
SwapTotal:        715328 kB
SwapFree:         702692 kB
Dirty:               696 kB
Writeback:             0 kB
AnonPages:       1035484 kB
Mapped:           587888 kB
Shmem:               356 kB
Slab:              99384 kB
SReclaimable:      32092 kB
SUnreclaim:        67292 kB
KernelStack:       38832 kB
PageTables:        50588 kB
NFS_Unstable:          0 kB
Bounce:                0 kB
WritebackTmp:          0 kB
CommitLimit:     2152132 kB
Committed_AS:   119756976 kB
VmallocTotal:   251658176 kB
VmallocUsed:      135680 kB
VmallocChunk:   251429420 kB
Time pass: 113 sec

---2015-12-05 14:07:44
MemTotal:        2873608 kB
MemFree:          176732 kB
Buffers:           14892 kB
Cached:           886468 kB
SwapCached:           60 kB
Active:          1289228 kB
Inactive:         635564 kB
Active(anon):     826828 kB
Inactive(anon):   210536 kB
Active(file):     462400 kB
Inactive(file):   425028 kB
Unevictable:       13568 kB
Mlocked:               0 kB
SwapTotal:        715328 kB
SwapFree:         702692 kB
Dirty:               872 kB
Writeback:             0 kB
AnonPages:       1037024 kB
Mapped:           588172 kB
Shmem:               356 kB
Slab:              99400 kB
SReclaimable:      32092 kB
SUnreclaim:        67308 kB
KernelStack:       38928 kB
PageTables:        50636 kB
NFS_Unstable:          0 kB
Bounce:                0 kB
WritebackTmp:          0 kB
CommitLimit:     2152132 kB
Committed_AS:   119757680 kB
VmallocTotal:   251658176 kB
VmallocUsed:      135680 kB
VmallocChunk:   251429420 kB
Time pass: 117 sec

---2015-12-05 14:07:44
MemTotal:        2873608 kB
MemFree:          159408 kB
Buffers:           14892 kB
Cached:           886624 kB
SwapCached:           60 kB
Active:          1291436 kB
Inactive:         635536 kB
Active(anon):     828844 kB
Inactive(anon):   210536 kB
Active(file):     462592 kB
Inactive(file):   425000 kB
Unevictable:       13568 kB
Mlocked:               0 kB
SwapTotal:        715328 kB
SwapFree:         702692 kB
Dirty:               336 kB
Writeback:             0 kB
AnonPages:       1038872 kB
Mapped:           598100 kB
Shmem:               356 kB
Slab:              99368 kB
SReclaimable:      32092 kB
SUnreclaim:        67276 kB
KernelStack:       38928 kB
PageTables:        50684 kB
NFS_Unstable:          0 kB
Bounce:                0 kB
WritebackTmp:          0 kB
CommitLimit:     2152132 kB
Committed_AS:   119757904 kB
VmallocTotal:   251658176 kB
VmallocUsed:      135788 kB
VmallocChunk:   251429420 kB
Time pass: 121 sec

---2015-12-05 14:07:44
MemTotal:        2873608 kB
MemFree:          128268 kB
Buffers:           14900 kB
Cached:           886632 kB
SwapCached:           60 kB
Active:          1297512 kB
Inactive:         635388 kB
Active(anon):     834904 kB
Inactive(anon):   210536 kB
Active(file):     462608 kB
Inactive(file):   424852 kB
Unevictable:       13568 kB
Mlocked:               0 kB
SwapTotal:        715328 kB
SwapFree:         702692 kB
Dirty:               304 kB
Writeback:             0 kB
AnonPages:       1044936 kB
Mapped:           611356 kB
Shmem:               356 kB
Slab:              99376 kB
SReclaimable:      32092 kB
SUnreclaim:        67284 kB
KernelStack:       38928 kB
PageTables:        50624 kB
NFS_Unstable:          0 kB
Bounce:                0 kB
WritebackTmp:          0 kB
CommitLimit:     2152132 kB
Committed_AS:   119766368 kB
VmallocTotal:   251658176 kB
VmallocUsed:      135960 kB
VmallocChunk:   251429420 kB
Time pass: 124 sec

---2015-12-05 14:07:44
MemTotal:        2873608 kB
MemFree:          130388 kB
Buffers:           14908 kB
Cached:           886640 kB
SwapCached:           60 kB
Active:          1296260 kB
Inactive:         635492 kB
Active(anon):     833592 kB
Inactive(anon):   210536 kB
Active(file):     462668 kB
Inactive(file):   424956 kB
Unevictable:       13568 kB
Mlocked:               0 kB
SwapTotal:        715328 kB
SwapFree:         702692 kB
Dirty:                92 kB
Writeback:             0 kB
AnonPages:       1043596 kB
Mapped:           611856 kB
Shmem:               356 kB
Slab:              99376 kB
SReclaimable:      32092 kB
SUnreclaim:        67284 kB
KernelStack:       38928 kB
PageTables:        50708 kB
NFS_Unstable:          0 kB
Bounce:                0 kB
WritebackTmp:          0 kB
CommitLimit:     2152132 kB
Committed_AS:   119766544 kB
VmallocTotal:   251658176 kB
VmallocUsed:      135960 kB
VmallocChunk:   251429420 kB
Time pass: 128 sec

---2015-12-05 14:07:44
MemTotal:        2873608 kB
MemFree:          122596 kB
Buffers:           16476 kB
Cached:           887036 kB
SwapCached:           76 kB
Active:          1301304 kB
Inactive:         637364 kB
Active(anon):     838528 kB
Inactive(anon):   210552 kB
Active(file):     462776 kB
Inactive(file):   426812 kB
Unevictable:       13568 kB
Mlocked:               0 kB
SwapTotal:        715328 kB
SwapFree:         702692 kB
Dirty:               244 kB
Writeback:             0 kB
AnonPages:       1048716 kB
Mapped:           618816 kB
Shmem:               356 kB
Slab:              99352 kB
SReclaimable:      32108 kB
SUnreclaim:        67244 kB
KernelStack:       39280 kB
PageTables:        51344 kB
NFS_Unstable:          0 kB
Bounce:                0 kB
WritebackTmp:          0 kB
CommitLimit:     2152132 kB
Committed_AS:   121549700 kB
VmallocTotal:   251658176 kB
VmallocUsed:      136980 kB
VmallocChunk:   251429420 kB
Time pass: 132 sec

---2015-12-05 14:07:44
MemTotal:        2873608 kB
MemFree:          124536 kB
Buffers:           16476 kB
Cached:           887040 kB
SwapCached:           76 kB
Active:          1296972 kB
Inactive:         637364 kB
Active(anon):     834192 kB
Inactive(anon):   210552 kB
Active(file):     462780 kB
Inactive(file):   426812 kB
Unevictable:       13568 kB
Mlocked:               0 kB
SwapTotal:        715328 kB
SwapFree:         702692 kB
Dirty:                 8 kB
Writeback:             0 kB
AnonPages:       1044420 kB
Mapped:           618924 kB
Shmem:               356 kB
Slab:              99376 kB
SReclaimable:      32108 kB
SUnreclaim:        67268 kB
KernelStack:       39216 kB
PageTables:        51340 kB
NFS_Unstable:          0 kB
Bounce:                0 kB
WritebackTmp:          0 kB
CommitLimit:     2152132 kB
Committed_AS:   121549788 kB
VmallocTotal:   251658176 kB
VmallocUsed:      136980 kB
VmallocChunk:   251429420 kB
Time pass: 136 sec

---2015-12-05 14:07:44
MemTotal:        2873608 kB
MemFree:          118064 kB
Buffers:           16484 kB
Cached:           888228 kB
SwapCached:           96 kB
Active:          1302124 kB
Inactive:         637076 kB
Active(anon):     837848 kB
Inactive(anon):   210728 kB
Active(file):     464276 kB
Inactive(file):   426348 kB
Unevictable:       13568 kB
Mlocked:               0 kB
SwapTotal:        715328 kB
SwapFree:         702692 kB
Dirty:                16 kB
Writeback:             0 kB
AnonPages:       1048064 kB
Mapped:           620664 kB
Shmem:               520 kB
Slab:              99488 kB
SReclaimable:      32108 kB
SUnreclaim:        67380 kB
KernelStack:       39616 kB
PageTables:        51120 kB
NFS_Unstable:          0 kB
Bounce:                0 kB
WritebackTmp:          0 kB
CommitLimit:     2152132 kB
Committed_AS:   121577240 kB
VmallocTotal:   251658176 kB
VmallocUsed:      139412 kB
VmallocChunk:   251429420 kB
Time pass: 140 sec

---2015-12-05 14:07:44
MemTotal:        2873608 kB
MemFree:          111356 kB
Buffers:           16516 kB
Cached:           888328 kB
SwapCached:           96 kB
Active:          1311696 kB
Inactive:         636924 kB
Active(anon):     847144 kB
Inactive(anon):   210772 kB
Active(file):     464552 kB
Inactive(file):   426152 kB
Unevictable:       13568 kB
Mlocked:               0 kB
SwapTotal:        715328 kB
SwapFree:         702692 kB
Dirty:                92 kB
Writeback:             0 kB
AnonPages:       1057516 kB
Mapped:           622344 kB
Shmem:               572 kB
Slab:              99456 kB
SReclaimable:      32108 kB
SUnreclaim:        67348 kB
KernelStack:       39376 kB
PageTables:        50996 kB
NFS_Unstable:          0 kB
Bounce:                0 kB
WritebackTmp:          0 kB
CommitLimit:     2152132 kB
Committed_AS:   119815164 kB
VmallocTotal:   251658176 kB
VmallocUsed:      138392 kB
VmallocChunk:   251429420 kB
Time pass: 144 sec

---2015-12-05 14:07:44
MemTotal:        2873608 kB
MemFree:          107592 kB
Buffers:           16548 kB
Cached:           888080 kB
SwapCached:           96 kB
Active:          1314528 kB
Inactive:         636716 kB
Active(anon):     849976 kB
Inactive(anon):   210564 kB
Active(file):     464552 kB
Inactive(file):   426152 kB
Unevictable:       13568 kB
Mlocked:               0 kB
SwapTotal:        715328 kB
SwapFree:         702692 kB
Dirty:                 4 kB
Writeback:             0 kB
AnonPages:       1060420 kB
Mapped:           622008 kB
Shmem:               356 kB
Slab:              99412 kB
SReclaimable:      32108 kB
SUnreclaim:        67304 kB
KernelStack:       39168 kB
PageTables:        50908 kB
NFS_Unstable:          0 kB
Bounce:                0 kB
WritebackTmp:          0 kB
CommitLimit:     2152132 kB
Committed_AS:   119819392 kB
VmallocTotal:   251658176 kB
VmallocUsed:      138392 kB
VmallocChunk:   251429420 kB
Time pass: 148 sec

---2015-12-05 14:07:44
MemTotal:        2873608 kB
MemFree:          106236 kB
Buffers:           16548 kB
Cached:           888336 kB
SwapCached:           96 kB
Active:          1316116 kB
Inactive:         636964 kB
Active(anon):     851564 kB
Inactive(anon):   210780 kB
Active(file):     464552 kB
Inactive(file):   426184 kB
Unevictable:       13568 kB
Mlocked:               0 kB
SwapTotal:        715328 kB
SwapFree:         702692 kB
Dirty:                64 kB
Writeback:             0 kB
AnonPages:       1061828 kB
Mapped:           622436 kB
Shmem:               580 kB
Slab:              99432 kB
SReclaimable:      32124 kB
SUnreclaim:        67308 kB
KernelStack:       39392 kB
PageTables:        51104 kB
NFS_Unstable:          0 kB
Bounce:                0 kB
WritebackTmp:          0 kB
CommitLimit:     2152132 kB
Committed_AS:   119819368 kB
VmallocTotal:   251658176 kB
VmallocUsed:      138392 kB
VmallocChunk:   251429420 kB
Time pass: 152 sec

---2015-12-05 14:07:44
MemTotal:        2873608 kB
MemFree:          105048 kB
Buffers:           16556 kB
Cached:           888360 kB
SwapCached:           96 kB
Active:          1316580 kB
Inactive:         636996 kB
Active(anon):     852028 kB
Inactive(anon):   210800 kB
Active(file):     464552 kB
Inactive(file):   426196 kB
Unevictable:       13568 kB
Mlocked:               0 kB
SwapTotal:        715328 kB
SwapFree:         702692 kB
Dirty:                44 kB
Writeback:             0 kB
AnonPages:       1062220 kB
Mapped:           622492 kB
Shmem:               600 kB
Slab:              99380 kB
SReclaimable:      32124 kB
SUnreclaim:        67256 kB
KernelStack:       39392 kB
PageTables:        51108 kB
NFS_Unstable:          0 kB
Bounce:                0 kB
WritebackTmp:          0 kB
CommitLimit:     2152132 kB
Committed_AS:   119819376 kB
VmallocTotal:   251658176 kB
VmallocUsed:      138392 kB
VmallocChunk:   251429420 kB
Time pass: 156 sec

---2015-12-05 14:07:44
MemTotal:        2873608 kB
MemFree:          105048 kB
Buffers:           16556 kB
Cached:           888408 kB
SwapCached:           96 kB
Active:          1316840 kB
Inactive:         637040 kB
Active(anon):     852284 kB
Inactive(anon):   210848 kB
Active(file):     464556 kB
Inactive(file):   426192 kB
Unevictable:       13568 kB
Mlocked:               0 kB
SwapTotal:        715328 kB
SwapFree:         702692 kB
Dirty:                 4 kB
Writeback:             0 kB
AnonPages:       1062356 kB
Mapped:           622568 kB
Shmem:               648 kB
Slab:              99380 kB
SReclaimable:      32124 kB
SUnreclaim:        67256 kB
KernelStack:       39392 kB
PageTables:        51112 kB
NFS_Unstable:          0 kB
Bounce:                0 kB
WritebackTmp:          0 kB
CommitLimit:     2152132 kB
Committed_AS:   119819368 kB
VmallocTotal:   251658176 kB
VmallocUsed:      138392 kB
VmallocChunk:   251429420 kB
Time pass: 159 sec

---2015-12-05 14:07:44
MemTotal:        2873608 kB
MemFree:          115252 kB
Buffers:           16564 kB
Cached:           888128 kB
SwapCached:           96 kB
Active:          1307236 kB
Inactive:         636780 kB
Active(anon):     842676 kB
Inactive(anon):   210572 kB
Active(file):     464560 kB
Inactive(file):   426208 kB
Unevictable:       13568 kB
Mlocked:               0 kB
SwapTotal:        715328 kB
SwapFree:         702704 kB
Dirty:                12 kB
Writeback:             0 kB
AnonPages:       1052996 kB
Mapped:           622228 kB
Shmem:               356 kB
Slab:              99408 kB
SReclaimable:      32124 kB
SUnreclaim:        67284 kB
KernelStack:       39024 kB
PageTables:        50908 kB
NFS_Unstable:          0 kB
Bounce:                0 kB
WritebackTmp:          0 kB
CommitLimit:     2152132 kB
Committed_AS:   119791920 kB
VmallocTotal:   251658176 kB
VmallocUsed:      138392 kB
VmallocChunk:   251429420 kB
Time pass: 163 sec

---2015-12-05 14:07:44
MemTotal:        2873608 kB
MemFree:          115500 kB
Buffers:           16564 kB
Cached:           888128 kB
SwapCached:           96 kB
Active:          1307280 kB
Inactive:         636780 kB
Active(anon):     842720 kB
Inactive(anon):   210572 kB
Active(file):     464560 kB
Inactive(file):   426208 kB
Unevictable:       13568 kB
Mlocked:               0 kB
SwapTotal:        715328 kB
SwapFree:         702704 kB
Dirty:                40 kB
Writeback:             0 kB
AnonPages:       1053112 kB
Mapped:           622240 kB
Shmem:               356 kB
Slab:              99408 kB
SReclaimable:      32124 kB
SUnreclaim:        67284 kB
KernelStack:       39008 kB
PageTables:        50904 kB
NFS_Unstable:          0 kB
Bounce:                0 kB
WritebackTmp:          0 kB
CommitLimit:     2152132 kB
Committed_AS:   119791792 kB
VmallocTotal:   251658176 kB
VmallocUsed:      138376 kB
VmallocChunk:   251429420 kB
Time pass: 167 sec

---2015-12-05 14:07:44
MemTotal:        2873608 kB
MemFree:          115344 kB
Buffers:           16572 kB
Cached:           888136 kB
SwapCached:           96 kB
Active:          1307624 kB
Inactive:         636796 kB
Active(anon):     843064 kB
Inactive(anon):   210572 kB
Active(file):     464560 kB
Inactive(file):   426224 kB
Unevictable:       13568 kB
Mlocked:               0 kB
SwapTotal:        715328 kB
SwapFree:         702704 kB
Dirty:                 0 kB
Writeback:            64 kB
AnonPages:       1053144 kB
Mapped:           622384 kB
Shmem:               356 kB
Slab:              99280 kB
SReclaimable:      31996 kB
SUnreclaim:        67284 kB
KernelStack:       38928 kB
PageTables:        50888 kB
NFS_Unstable:          0 kB
Bounce:                0 kB
WritebackTmp:          0 kB
CommitLimit:     2152132 kB
Committed_AS:   119791636 kB
VmallocTotal:   251658176 kB
VmallocUsed:      138376 kB
VmallocChunk:   251429420 kB
Time pass: 171 sec

---2015-12-05 14:07:44
MemTotal:        2873608 kB
MemFree:          115424 kB
Buffers:           16588 kB
Cached:           888136 kB
SwapCached:           96 kB
Active:          1307640 kB
Inactive:         636804 kB
Active(anon):     843080 kB
Inactive(anon):   210572 kB
Active(file):     464560 kB
Inactive(file):   426232 kB
Unevictable:       13568 kB
Mlocked:               0 kB
SwapTotal:        715328 kB
SwapFree:         702704 kB
Dirty:                 8 kB
Writeback:             0 kB
AnonPages:       1053336 kB
Mapped:           622420 kB
Shmem:               356 kB
Slab:              99280 kB
SReclaimable:      31996 kB
SUnreclaim:        67284 kB
KernelStack:       38880 kB
PageTables:        50872 kB
NFS_Unstable:          0 kB
Bounce:                0 kB
WritebackTmp:          0 kB
CommitLimit:     2152132 kB
Committed_AS:   119791572 kB
VmallocTotal:   251658176 kB
VmallocUsed:      138376 kB
VmallocChunk:   251429420 kB
Time pass: 175 sec

---2015-12-05 14:07:44
MemTotal:        2873608 kB
MemFree:          115580 kB
Buffers:           16588 kB
Cached:           888136 kB
SwapCached:           96 kB
Active:          1307796 kB
Inactive:         636812 kB
Active(anon):     843236 kB
Inactive(anon):   210572 kB
Active(file):     464560 kB
Inactive(file):   426240 kB
Unevictable:       13568 kB
Mlocked:               0 kB
SwapTotal:        715328 kB
SwapFree:         702704 kB
Dirty:                 0 kB
Writeback:             0 kB
AnonPages:       1053304 kB
Mapped:           622496 kB
Shmem:               356 kB
Slab:              99280 kB
SReclaimable:      31996 kB
SUnreclaim:        67284 kB
KernelStack:       38912 kB
PageTables:        50892 kB
NFS_Unstable:          0 kB
Bounce:                0 kB
WritebackTmp:          0 kB
CommitLimit:     2152132 kB
Committed_AS:   119791604 kB
VmallocTotal:   251658176 kB
VmallocUsed:      135960 kB
VmallocChunk:   251429420 kB
Time pass: 179 sec

---2015-12-05 14:07:44
MemTotal:        2873608 kB
MemFree:          115584 kB
Buffers:           16588 kB
Cached:           888136 kB
SwapCached:           96 kB
Active:          1307692 kB
Inactive:         636812 kB
Active(anon):     843132 kB
Inactive(anon):   210572 kB
Active(file):     464560 kB
Inactive(file):   426240 kB
Unevictable:       13568 kB
Mlocked:               0 kB
SwapTotal:        715328 kB
SwapFree:         702704 kB
Dirty:                 0 kB
Writeback:             0 kB
AnonPages:       1053336 kB
Mapped:           622524 kB
Shmem:               356 kB
Slab:              99280 kB
SReclaimable:      31996 kB
SUnreclaim:        67284 kB
KernelStack:       38912 kB
PageTables:        50888 kB
NFS_Unstable:          0 kB
Bounce:                0 kB
WritebackTmp:          0 kB
CommitLimit:     2152132 kB
Committed_AS:   119791636 kB
VmallocTotal:   251658176 kB
VmallocUsed:      135960 kB
VmallocChunk:   251429420 kB
Time pass: 183 sec

---2015-12-05 14:07:44
MemTotal:        2873608 kB
MemFree:          114992 kB
Buffers:           16588 kB
Cached:           888136 kB
SwapCached:           96 kB
Active:          1307724 kB
Inactive:         636812 kB
Active(anon):     843164 kB
Inactive(anon):   210572 kB
Active(file):     464560 kB
Inactive(file):   426240 kB
Unevictable:       13568 kB
Mlocked:               0 kB
SwapTotal:        715328 kB
SwapFree:         702704 kB
Dirty:                 0 kB
Writeback:             0 kB
AnonPages:       1053412 kB
Mapped:           622552 kB
Shmem:               356 kB
Slab:              99280 kB
SReclaimable:      31996 kB
SUnreclaim:        67284 kB
KernelStack:       38912 kB
PageTables:        50888 kB
NFS_Unstable:          0 kB
Bounce:                0 kB
WritebackTmp:          0 kB
CommitLimit:     2152132 kB
Committed_AS:   119791628 kB
VmallocTotal:   251658176 kB
VmallocUsed:      135960 kB
VmallocChunk:   251429420 kB
Time pass: 187 sec

---2015-12-05 14:07:44
MemTotal:        2873608 kB
MemFree:          103224 kB
Buffers:           16620 kB
Cached:           888348 kB
SwapCached:           96 kB
Active:          1319456 kB
Inactive:         637040 kB
Active(anon):     854892 kB
Inactive(anon):   210768 kB
Active(file):     464564 kB
Inactive(file):   426272 kB
Unevictable:       13568 kB
Mlocked:               0 kB
SwapTotal:        715328 kB
SwapFree:         702704 kB
Dirty:                56 kB
Writeback:             0 kB
AnonPages:       1064752 kB
Mapped:           622976 kB
Shmem:               564 kB
Slab:              99300 kB
SReclaimable:      31996 kB
SUnreclaim:        67304 kB
KernelStack:       39280 kB
PageTables:        51064 kB
NFS_Unstable:          0 kB
Bounce:                0 kB
WritebackTmp:          0 kB
CommitLimit:     2152132 kB
Committed_AS:   119831528 kB
VmallocTotal:   251658176 kB
VmallocUsed:      138392 kB
VmallocChunk:   251429420 kB
Time pass: 191 sec

---2015-12-05 14:07:44
MemTotal:        2873608 kB
MemFree:          100912 kB
Buffers:           16620 kB
Cached:           888408 kB
SwapCached:           96 kB
Active:          1320112 kB
Inactive:         637108 kB
Active(anon):     855548 kB
Inactive(anon):   210832 kB
Active(file):     464564 kB
Inactive(file):   426276 kB
Unevictable:       13568 kB
Mlocked:               0 kB
SwapTotal:        715328 kB
SwapFree:         702704 kB
Dirty:                 8 kB
Writeback:             0 kB
AnonPages:       1065456 kB
Mapped:           623060 kB
Shmem:               620 kB
Slab:              99332 kB
SReclaimable:      31996 kB
SUnreclaim:        67336 kB
KernelStack:       39280 kB
PageTables:        51140 kB
NFS_Unstable:          0 kB
Bounce:                0 kB
WritebackTmp:          0 kB
CommitLimit:     2152132 kB
Committed_AS:   119831500 kB
VmallocTotal:   251658176 kB
VmallocUsed:      138392 kB
VmallocChunk:   251429420 kB
Time pass: 194 sec

---2015-12-05 14:07:44
MemTotal:        2873608 kB
MemFree:          100528 kB
Buffers:           16628 kB
Cached:           888580 kB
SwapCached:           96 kB
Active:          1320216 kB
Inactive:         637284 kB
Active(anon):     855648 kB
Inactive(anon):   211004 kB
Active(file):     464568 kB
Inactive(file):   426280 kB
Unevictable:       13568 kB
Mlocked:               0 kB
SwapTotal:        715328 kB
SwapFree:         702704 kB
Dirty:                 0 kB
Writeback:             0 kB
AnonPages:       1065904 kB
Mapped:           623276 kB
Shmem:               792 kB
Slab:              99280 kB
SReclaimable:      31996 kB
SUnreclaim:        67284 kB
KernelStack:       39280 kB
PageTables:        51144 kB
NFS_Unstable:          0 kB
Bounce:                0 kB
WritebackTmp:          0 kB
CommitLimit:     2152132 kB
Committed_AS:   119831512 kB
VmallocTotal:   251658176 kB
VmallocUsed:      138392 kB
VmallocChunk:   251429420 kB
Time pass: 198 sec

---2015-12-05 14:07:44
MemTotal:        2873608 kB
MemFree:          123136 kB
Buffers:           16636 kB
Cached:           888572 kB
SwapCached:           96 kB
Active:          1303620 kB
Inactive:         635672 kB
Active(anon):     837440 kB
Inactive(anon):   211004 kB
Active(file):     466180 kB
Inactive(file):   424668 kB
Unevictable:       13568 kB
Mlocked:               0 kB
SwapTotal:        715328 kB
SwapFree:         702704 kB
Dirty:                 4 kB
Writeback:             0 kB
AnonPages:       1047628 kB
Mapped:           614168 kB
Shmem:               792 kB
Slab:              99272 kB
SReclaimable:      31996 kB
SUnreclaim:        67276 kB
KernelStack:       38800 kB
PageTables:        50484 kB
NFS_Unstable:          0 kB
Bounce:                0 kB
WritebackTmp:          0 kB
CommitLimit:     2152132 kB
Committed_AS:   118579904 kB
VmallocTotal:   251658176 kB
VmallocUsed:      137212 kB
VmallocChunk:   251429420 kB
Time pass: 202 sec

---2015-12-05 14:07:44
MemTotal:        2873608 kB
MemFree:          127492 kB
Buffers:           16636 kB
Cached:           888148 kB
SwapCached:           96 kB
Active:          1300324 kB
Inactive:         635208 kB
Active(anon):     834100 kB
Inactive(anon):   210572 kB
Active(file):     466224 kB
Inactive(file):   424636 kB
Unevictable:       13568 kB
Mlocked:               0 kB
SwapTotal:        715328 kB
SwapFree:         702704 kB
Dirty:                20 kB
Writeback:             0 kB
AnonPages:       1044408 kB
Mapped:           613620 kB
Shmem:               356 kB
Slab:              99252 kB
SReclaimable:      31996 kB
SUnreclaim:        67256 kB
KernelStack:       38368 kB
PageTables:        50176 kB
NFS_Unstable:          0 kB
Bounce:                0 kB
WritebackTmp:          0 kB
CommitLimit:     2152132 kB
Committed_AS:   118552736 kB
VmallocTotal:   251658176 kB
VmallocUsed:      137212 kB
VmallocChunk:   251429420 kB
Time pass: 206 sec

---2015-12-05 14:07:44
MemTotal:        2873608 kB
MemFree:          122932 kB
Buffers:           16684 kB
Cached:           888336 kB
SwapCached:           96 kB
Active:          1304404 kB
Inactive:         635440 kB
Active(anon):     838180 kB
Inactive(anon):   210756 kB
Active(file):     466224 kB
Inactive(file):   424684 kB
Unevictable:       13568 kB
Mlocked:               0 kB
SwapTotal:        715328 kB
SwapFree:         702704 kB
Dirty:                52 kB
Writeback:             0 kB
AnonPages:       1048360 kB
Mapped:           614076 kB
Shmem:               544 kB
Slab:              99252 kB
SReclaimable:      31996 kB
SUnreclaim:        67256 kB
KernelStack:       38560 kB
PageTables:        50340 kB
NFS_Unstable:          0 kB
Bounce:                0 kB
WritebackTmp:          0 kB
CommitLimit:     2152132 kB
Committed_AS:   118579968 kB
VmallocTotal:   251658176 kB
VmallocUsed:      137212 kB
VmallocChunk:   251429420 kB
Time pass: 210 sec

---2015-12-05 14:07:44
MemTotal:        2873608 kB
MemFree:          122072 kB
Buffers:           16684 kB
Cached:           888336 kB
SwapCached:           96 kB
Active:          1305316 kB
Inactive:         635440 kB
Active(anon):     839092 kB
Inactive(anon):   210756 kB
Active(file):     466224 kB
Inactive(file):   424684 kB
Unevictable:       13568 kB
Mlocked:               0 kB
SwapTotal:        715328 kB
SwapFree:         702704 kB
Dirty:                52 kB
Writeback:             0 kB
AnonPages:       1049272 kB
Mapped:           614104 kB
Shmem:               544 kB
Slab:              99268 kB
SReclaimable:      31996 kB
SUnreclaim:        67272 kB
KernelStack:       38576 kB
PageTables:        50332 kB
NFS_Unstable:          0 kB
Bounce:                0 kB
WritebackTmp:          0 kB
CommitLimit:     2152132 kB
Committed_AS:   118579976 kB
VmallocTotal:   251658176 kB
VmallocUsed:      137212 kB
VmallocChunk:   251429420 kB
Time pass: 214 sec

---2015-12-05 14:07:44
MemTotal:        2873608 kB
MemFree:          121300 kB
Buffers:           16692 kB
Cached:           888368 kB
SwapCached:           96 kB
Active:          1305124 kB
Inactive:         635480 kB
Active(anon):     838900 kB
Inactive(anon):   210788 kB
Active(file):     466224 kB
Inactive(file):   424692 kB
Unevictable:       13568 kB
Mlocked:               0 kB
SwapTotal:        715328 kB
SwapFree:         702704 kB
Dirty:                32 kB
Writeback:             0 kB
AnonPages:       1049068 kB
Mapped:           614160 kB
Shmem:               576 kB
Slab:              99268 kB
SReclaimable:      31996 kB
SUnreclaim:        67272 kB
KernelStack:       38560 kB
PageTables:        50340 kB
NFS_Unstable:          0 kB
Bounce:                0 kB
WritebackTmp:          0 kB
CommitLimit:     2152132 kB
Committed_AS:   118579984 kB
VmallocTotal:   251658176 kB
VmallocUsed:      137212 kB
VmallocChunk:   251429420 kB
Time pass: 218 sec

---2015-12-05 14:07:44
MemTotal:        2873608 kB
MemFree:          121220 kB
Buffers:           16700 kB
Cached:           888368 kB
SwapCached:           96 kB
Active:          1305856 kB
Inactive:         635484 kB
Active(anon):     839628 kB
Inactive(anon):   210788 kB
Active(file):     466228 kB
Inactive(file):   424696 kB
Unevictable:       13568 kB
Mlocked:               0 kB
SwapTotal:        715328 kB
SwapFree:         702704 kB
Dirty:                28 kB
Writeback:             0 kB
AnonPages:       1049680 kB
Mapped:           614192 kB
Shmem:               576 kB
Slab:              99252 kB
SReclaimable:      31996 kB
SUnreclaim:        67256 kB
KernelStack:       38576 kB
PageTables:        50336 kB
NFS_Unstable:          0 kB
Bounce:                0 kB
WritebackTmp:          0 kB
CommitLimit:     2152132 kB
Committed_AS:   118580016 kB
VmallocTotal:   251658176 kB
VmallocUsed:      137212 kB
VmallocChunk:   251429420 kB
Time pass: 221 sec

---2015-12-05 14:07:44
MemTotal:        2873608 kB
MemFree:          120820 kB
Buffers:           16708 kB
Cached:           888360 kB
SwapCached:           96 kB
Active:          1305872 kB
Inactive:         635484 kB
Active(anon):     839644 kB
Inactive(anon):   210788 kB
Active(file):     466228 kB
Inactive(file):   424696 kB
Unevictable:       13568 kB
Mlocked:               0 kB
SwapTotal:        715328 kB
SwapFree:         702704 kB
Dirty:                28 kB
Writeback:             0 kB
AnonPages:       1049996 kB
Mapped:           614220 kB
Shmem:               576 kB
Slab:              99252 kB
SReclaimable:      31996 kB
SUnreclaim:        67256 kB
KernelStack:       38560 kB
PageTables:        50336 kB
NFS_Unstable:          0 kB
Bounce:                0 kB
WritebackTmp:          0 kB
CommitLimit:     2152132 kB
Committed_AS:   118579960 kB
VmallocTotal:   251658176 kB
VmallocUsed:      137212 kB
VmallocChunk:   251429420 kB
Time pass: 225 sec

---2015-12-05 14:07:44
MemTotal:        2873608 kB
MemFree:          120580 kB
Buffers:           16716 kB
Cached:           888368 kB
SwapCached:           96 kB
Active:          1306328 kB
Inactive:         635500 kB
Active(anon):     840100 kB
Inactive(anon):   210788 kB
Active(file):     466228 kB
Inactive(file):   424712 kB
Unevictable:       13568 kB
Mlocked:               0 kB
SwapTotal:        715328 kB
SwapFree:         702704 kB
Dirty:                92 kB
Writeback:             0 kB
AnonPages:       1050308 kB
Mapped:           614036 kB
Shmem:               576 kB
Slab:              99252 kB
SReclaimable:      31996 kB
SUnreclaim:        67256 kB
KernelStack:       38576 kB
PageTables:        50340 kB
NFS_Unstable:          0 kB
Bounce:                0 kB
WritebackTmp:          0 kB
CommitLimit:     2152132 kB
Committed_AS:   118579992 kB
VmallocTotal:   251658176 kB
VmallocUsed:      137212 kB
VmallocChunk:   251429420 kB
Time pass: 229 sec

---2015-12-05 14:07:44
MemTotal:        2873608 kB
MemFree:          120432 kB
Buffers:           16724 kB
Cached:           888368 kB
SwapCached:           96 kB
Active:          1306608 kB
Inactive:         635508 kB
Active(anon):     840380 kB
Inactive(anon):   210788 kB
Active(file):     466228 kB
Inactive(file):   424720 kB
Unevictable:       13568 kB
Mlocked:               0 kB
SwapTotal:        715328 kB
SwapFree:         702704 kB
Dirty:                32 kB
Writeback:             0 kB
AnonPages:       1050588 kB
Mapped:           614284 kB
Shmem:               576 kB
Slab:              99252 kB
SReclaimable:      31996 kB
SUnreclaim:        67256 kB
KernelStack:       38576 kB
PageTables:        50340 kB
NFS_Unstable:          0 kB
Bounce:                0 kB
WritebackTmp:          0 kB
CommitLimit:     2152132 kB
Committed_AS:   118580004 kB
VmallocTotal:   251658176 kB
VmallocUsed:      137212 kB
VmallocChunk:   251429420 kB
Time pass: 233 sec

---2015-12-05 14:07:44
MemTotal:        2873608 kB
MemFree:          120216 kB
Buffers:           16724 kB
Cached:           888368 kB
SwapCached:           96 kB
Active:          1306452 kB
Inactive:         635508 kB
Active(anon):     840224 kB
Inactive(anon):   210788 kB
Active(file):     466228 kB
Inactive(file):   424720 kB
Unevictable:       13568 kB
Mlocked:               0 kB
SwapTotal:        715328 kB
SwapFree:         702704 kB
Dirty:                32 kB
Writeback:             0 kB
AnonPages:       1050440 kB
Mapped:           614328 kB
Shmem:               576 kB
Slab:              99252 kB
SReclaimable:      31996 kB
SUnreclaim:        67256 kB
KernelStack:       38576 kB
PageTables:        50344 kB
NFS_Unstable:          0 kB
Bounce:                0 kB
WritebackTmp:          0 kB
CommitLimit:     2152132 kB
Committed_AS:   118579968 kB
VmallocTotal:   251658176 kB
VmallocUsed:      137212 kB
VmallocChunk:   251429420 kB
Time pass: 237 sec

---2015-12-05 14:07:44
MemTotal:        2873608 kB
MemFree:          120296 kB
Buffers:           16724 kB
Cached:           888368 kB
SwapCached:           96 kB
Active:          1306472 kB
Inactive:         635508 kB
Active(anon):     840244 kB
Inactive(anon):   210788 kB
Active(file):     466228 kB
Inactive(file):   424720 kB
Unevictable:       13568 kB
Mlocked:               0 kB
SwapTotal:        715328 kB
SwapFree:         702704 kB
Dirty:                 0 kB
Writeback:             0 kB
AnonPages:       1050596 kB
Mapped:           614364 kB
Shmem:               576 kB
Slab:              99252 kB
SReclaimable:      31996 kB
SUnreclaim:        67256 kB
KernelStack:       38512 kB
PageTables:        50340 kB
NFS_Unstable:          0 kB
Bounce:                0 kB
WritebackTmp:          0 kB
CommitLimit:     2152132 kB
Committed_AS:   118579968 kB
VmallocTotal:   251658176 kB
VmallocUsed:      137212 kB
VmallocChunk:   251429420 kB
Time pass: 241 sec

---2015-12-05 14:07:44
MemTotal:        2873608 kB
MemFree:          119088 kB
Buffers:           16756 kB
Cached:           888364 kB
SwapCached:           96 kB
Active:          1307912 kB
Inactive:         635528 kB
Active(anon):     841680 kB
Inactive(anon):   210776 kB
Active(file):     466232 kB
Inactive(file):   424752 kB
Unevictable:       13568 kB
Mlocked:               0 kB
SwapTotal:        715328 kB
SwapFree:         702704 kB
Dirty:                52 kB
Writeback:             0 kB
AnonPages:       1051520 kB
Mapped:           614408 kB
Shmem:               568 kB
Slab:              99252 kB
SReclaimable:      31996 kB
SUnreclaim:        67256 kB
KernelStack:       38544 kB
PageTables:        50392 kB
NFS_Unstable:          0 kB
Bounce:                0 kB
WritebackTmp:          0 kB
CommitLimit:     2152132 kB
Committed_AS:   118579968 kB
VmallocTotal:   251658176 kB
VmallocUsed:      137212 kB
VmallocChunk:   251429420 kB
Time pass: 245 sec

---2015-12-05 14:07:44
MemTotal:        2873608 kB
MemFree:          118288 kB
Buffers:           16764 kB
Cached:           888488 kB
SwapCached:           96 kB
Active:          1308080 kB
Inactive:         635660 kB
Active(anon):     841848 kB
Inactive(anon):   210904 kB
Active(file):     466232 kB
Inactive(file):   424756 kB
Unevictable:       13568 kB
Mlocked:               0 kB
SwapTotal:        715328 kB
SwapFree:         702704 kB
Dirty:                40 kB
Writeback:             0 kB
AnonPages:       1051968 kB
Mapped:           614568 kB
Shmem:               696 kB
Slab:              99256 kB
SReclaimable:      31996 kB
SUnreclaim:        67260 kB
KernelStack:       38544 kB
PageTables:        50400 kB
NFS_Unstable:          0 kB
Bounce:                0 kB
WritebackTmp:          0 kB
CommitLimit:     2152132 kB
Committed_AS:   118580072 kB
VmallocTotal:   251658176 kB
VmallocUsed:      137212 kB
VmallocChunk:   251429420 kB
Time pass: 249 sec

---2015-12-05 14:07:44
MemTotal:        2873608 kB
MemFree:          117204 kB
Buffers:           16764 kB
Cached:           888492 kB
SwapCached:           96 kB
Active:          1308632 kB
Inactive:         635664 kB
Active(anon):     842400 kB
Inactive(anon):   210904 kB
Active(file):     466232 kB
Inactive(file):   424760 kB
Unevictable:       13568 kB
Mlocked:               0 kB
SwapTotal:        715328 kB
SwapFree:         702704 kB
Dirty:                44 kB
Writeback:             0 kB
AnonPages:       1052432 kB
Mapped:           614596 kB
Shmem:               696 kB
Slab:              99252 kB
SReclaimable:      31996 kB
SUnreclaim:        67256 kB
KernelStack:       38544 kB
PageTables:        50396 kB
NFS_Unstable:          0 kB
Bounce:                0 kB
WritebackTmp:          0 kB
CommitLimit:     2152132 kB
Committed_AS:   118580072 kB
VmallocTotal:   251658176 kB
VmallocUsed:      137224 kB
VmallocChunk:   251429420 kB
Time pass: 252 sec

---2015-12-05 14:07:44
MemTotal:        2873608 kB
MemFree:          115236 kB
Buffers:           16788 kB
Cached:           888992 kB
SwapCached:           96 kB
Active:          1310380 kB
Inactive:         636184 kB
Active(anon):     844148 kB
Inactive(anon):   211400 kB
Active(file):     466232 kB
Inactive(file):   424784 kB
Unevictable:       13568 kB
Mlocked:               0 kB
SwapTotal:        715328 kB
SwapFree:         702704 kB
Dirty:                 8 kB
Writeback:             0 kB
AnonPages:       1054204 kB
Mapped:           615208 kB
Shmem:              1192 kB
Slab:              99252 kB
SReclaimable:      31996 kB
SUnreclaim:        67256 kB
KernelStack:       38624 kB
PageTables:        50428 kB
NFS_Unstable:          0 kB
Bounce:                0 kB
WritebackTmp:          0 kB
CommitLimit:     2152132 kB
Committed_AS:   118580064 kB
VmallocTotal:   251658176 kB
VmallocUsed:      137224 kB
VmallocChunk:   251429420 kB
Time pass: 256 sec

---2015-12-05 14:07:44
MemTotal:        2873608 kB
MemFree:          113756 kB
Buffers:           16804 kB
Cached:           888332 kB
SwapCached:           96 kB
Active:          1312436 kB
Inactive:         635540 kB
Active(anon):     846200 kB
Inactive(anon):   210720 kB
Active(file):     466236 kB
Inactive(file):   424820 kB
Unevictable:       13568 kB
Mlocked:               0 kB
SwapTotal:        715328 kB
SwapFree:         702704 kB
Dirty:                 0 kB
Writeback:             0 kB
AnonPages:       1056128 kB
Mapped:           614600 kB
Shmem:               512 kB
Slab:              99156 kB
SReclaimable:      31900 kB
SUnreclaim:        67256 kB
KernelStack:       38544 kB
PageTables:        50420 kB
NFS_Unstable:          0 kB
Bounce:                0 kB
WritebackTmp:          0 kB
CommitLimit:     2152132 kB
Committed_AS:   118588344 kB
VmallocTotal:   251658176 kB
VmallocUsed:      137224 kB
VmallocChunk:   251429420 kB
Time pass: 260 sec

---2015-12-05 14:07:44
MemTotal:        2873608 kB
MemFree:          114760 kB
Buffers:           16836 kB
Cached:           888380 kB
SwapCached:           96 kB
Active:          1311512 kB
Inactive:         635588 kB
Active(anon):     845244 kB
Inactive(anon):   210728 kB
Active(file):     466268 kB
Inactive(file):   424860 kB
Unevictable:       13568 kB
Mlocked:               0 kB
SwapTotal:        715328 kB
SwapFree:         702704 kB
Dirty:                80 kB
Writeback:             0 kB
AnonPages:       1055628 kB
Mapped:           614528 kB
Shmem:               520 kB
Slab:              99156 kB
SReclaimable:      31900 kB
SUnreclaim:        67256 kB
KernelStack:       38560 kB
PageTables:        50360 kB
NFS_Unstable:          0 kB
Bounce:                0 kB
WritebackTmp:          0 kB
CommitLimit:     2152132 kB
Committed_AS:   118588344 kB
VmallocTotal:   251658176 kB
VmallocUsed:      137224 kB
VmallocChunk:   251429420 kB
Time pass: 264 sec

---2015-12-05 14:07:44
MemTotal:        2873608 kB
MemFree:          114104 kB
Buffers:           16852 kB
Cached:           888388 kB
SwapCached:           96 kB
Active:          1311696 kB
Inactive:         635612 kB
Active(anon):     845428 kB
Inactive(anon):   210736 kB
Active(file):     466268 kB
Inactive(file):   424876 kB
Unevictable:       13568 kB
Mlocked:               0 kB
SwapTotal:        715328 kB
SwapFree:         702704 kB
Dirty:                92 kB
Writeback:             0 kB
AnonPages:       1055604 kB
Mapped:           614552 kB
Shmem:               528 kB
Slab:              99156 kB
SReclaimable:      31900 kB
SUnreclaim:        67256 kB
KernelStack:       38560 kB
PageTables:        50368 kB
NFS_Unstable:          0 kB
Bounce:                0 kB
WritebackTmp:          0 kB
CommitLimit:     2152132 kB
Committed_AS:   118588384 kB
VmallocTotal:   251658176 kB
VmallocUsed:      137224 kB
VmallocChunk:   251429420 kB
Time pass: 268 sec

---2015-12-05 14:07:44
MemTotal:        2873608 kB
MemFree:          116868 kB
Buffers:           16860 kB
Cached:           888392 kB
SwapCached:           96 kB
Active:          1309084 kB
Inactive:         635612 kB
Active(anon):     842816 kB
Inactive(anon):   210728 kB
Active(file):     466268 kB
Inactive(file):   424884 kB
Unevictable:       13568 kB
Mlocked:               0 kB
SwapTotal:        715328 kB
SwapFree:         702704 kB
Dirty:                40 kB
Writeback:             0 kB
AnonPages:       1053004 kB
Mapped:           614588 kB
Shmem:               532 kB
Slab:              99164 kB
SReclaimable:      31900 kB
SUnreclaim:        67264 kB
KernelStack:       38528 kB
PageTables:        50364 kB
NFS_Unstable:          0 kB
Bounce:                0 kB
WritebackTmp:          0 kB
CommitLimit:     2152132 kB
Committed_AS:   118588384 kB
VmallocTotal:   251658176 kB
VmallocUsed:      137224 kB
VmallocChunk:   251429420 kB
Time pass: 272 sec

---2015-12-05 14:07:44
MemTotal:        2873608 kB
MemFree:          115256 kB
Buffers:           16868 kB
Cached:           888412 kB
SwapCached:           96 kB
Active:          1310856 kB
Inactive:         635640 kB
Active(anon):     844588 kB
Inactive(anon):   210728 kB
Active(file):     466268 kB
Inactive(file):   424912 kB
Unevictable:       13568 kB
Mlocked:               0 kB
SwapTotal:        715328 kB
SwapFree:         702704 kB
Dirty:                88 kB
Writeback:             0 kB
AnonPages:       1054616 kB
Mapped:           614708 kB
Shmem:               532 kB
Slab:              99164 kB
SReclaimable:      31900 kB
SUnreclaim:        67264 kB
KernelStack:       38560 kB
PageTables:        50400 kB
NFS_Unstable:          0 kB
Bounce:                0 kB
WritebackTmp:          0 kB
CommitLimit:     2152132 kB
Committed_AS:   118588400 kB
VmallocTotal:   251658176 kB
VmallocUsed:      137224 kB
VmallocChunk:   251429420 kB
Time pass: 276 sec

---2015-12-05 14:07:44
MemTotal:        2873608 kB
MemFree:          114824 kB
Buffers:           16884 kB
Cached:           888412 kB
SwapCached:           96 kB
Active:          1311004 kB
Inactive:         635656 kB
Active(anon):     844736 kB
Inactive(anon):   210728 kB
Active(file):     466268 kB
Inactive(file):   424928 kB
Unevictable:       13568 kB
Mlocked:               0 kB
SwapTotal:        715328 kB
SwapFree:         702704 kB
Dirty:                96 kB
Writeback:             0 kB
AnonPages:       1054764 kB
Mapped:           614732 kB
Shmem:               532 kB
Slab:              99164 kB
SReclaimable:      31900 kB
SUnreclaim:        67264 kB
KernelStack:       38560 kB
PageTables:        50392 kB
NFS_Unstable:          0 kB
Bounce:                0 kB
WritebackTmp:          0 kB
CommitLimit:     2152132 kB
Committed_AS:   118588352 kB
VmallocTotal:   251658176 kB
VmallocUsed:      137224 kB
VmallocChunk:   251429420 kB
Time pass: 280 sec

---2015-12-05 14:07:44
MemTotal:        2873608 kB
MemFree:          113108 kB
Buffers:           16916 kB
Cached:           888400 kB
SwapCached:           96 kB
Active:          1312696 kB
Inactive:         635680 kB
Active(anon):     846432 kB
Inactive(anon):   210728 kB
Active(file):     466264 kB
Inactive(file):   424952 kB
Unevictable:       13568 kB
Mlocked:               0 kB
SwapTotal:        715328 kB
SwapFree:         702704 kB
Dirty:                 0 kB
Writeback:             0 kB
AnonPages:       1056616 kB
Mapped:           614684 kB
Shmem:               532 kB
Slab:              99156 kB
SReclaimable:      31900 kB
SUnreclaim:        67256 kB
KernelStack:       38576 kB
PageTables:        50376 kB
NFS_Unstable:          0 kB
Bounce:                0 kB
WritebackTmp:          0 kB
CommitLimit:     2152132 kB
Committed_AS:   118588400 kB
VmallocTotal:   251658176 kB
VmallocUsed:      137224 kB
VmallocChunk:   251429420 kB
Time pass: 284 sec

---2015-12-05 14:07:44
MemTotal:        2873608 kB
MemFree:          113120 kB
Buffers:           16924 kB
Cached:           888400 kB
SwapCached:           96 kB
Active:          1312872 kB
Inactive:         635688 kB
Active(anon):     846608 kB
Inactive(anon):   210728 kB
Active(file):     466264 kB
Inactive(file):   424960 kB
Unevictable:       13568 kB
Mlocked:               0 kB
SwapTotal:        715328 kB
SwapFree:         702704 kB
Dirty:                52 kB
Writeback:             0 kB
AnonPages:       1056692 kB
Mapped:           614712 kB
Shmem:               532 kB
Slab:              99172 kB
SReclaimable:      31900 kB
SUnreclaim:        67272 kB
KernelStack:       38544 kB
PageTables:        50360 kB
NFS_Unstable:          0 kB
Bounce:                0 kB
WritebackTmp:          0 kB
CommitLimit:     2152132 kB
Committed_AS:   118588376 kB
VmallocTotal:   251658176 kB
VmallocUsed:      137224 kB
VmallocChunk:   251429420 kB
Time pass: 287 sec

---2015-12-05 14:07:44
MemTotal:        2873608 kB
MemFree:          111692 kB
Buffers:           16940 kB
Cached:           888428 kB
SwapCached:           96 kB
Active:          1314036 kB
Inactive:         635732 kB
Active(anon):     847772 kB
Inactive(anon):   210756 kB
Active(file):     466264 kB
Inactive(file):   424976 kB
Unevictable:       13568 kB
Mlocked:               0 kB
SwapTotal:        715328 kB
SwapFree:         702704 kB
Dirty:                92 kB
Writeback:             0 kB
AnonPages:       1057804 kB
Mapped:           614772 kB
Shmem:               560 kB
Slab:              99156 kB
SReclaimable:      31900 kB
SUnreclaim:        67256 kB
KernelStack:       38544 kB
PageTables:        50360 kB
NFS_Unstable:          0 kB
Bounce:                0 kB
WritebackTmp:          0 kB
CommitLimit:     2152132 kB
Committed_AS:   118588336 kB
VmallocTotal:   251658176 kB
VmallocUsed:      137224 kB
VmallocChunk:   251429420 kB
Time pass: 291 sec

---2015-12-05 14:07:44
MemTotal:        2873608 kB
MemFree:          110804 kB
Buffers:           16948 kB
Cached:           888428 kB
SwapCached:           96 kB
Active:          1314340 kB
Inactive:         635740 kB
Active(anon):     848076 kB
Inactive(anon):   210756 kB
Active(file):     466264 kB
Inactive(file):   424984 kB
Unevictable:       13568 kB
Mlocked:               0 kB
SwapTotal:        715328 kB
SwapFree:         702704 kB
Dirty:                32 kB
Writeback:             0 kB
AnonPages:       1058272 kB
Mapped:           614804 kB
Shmem:               560 kB
Slab:              99156 kB
SReclaimable:      31900 kB
SUnreclaim:        67256 kB
KernelStack:       38544 kB
PageTables:        50364 kB
NFS_Unstable:          0 kB
Bounce:                0 kB
WritebackTmp:          0 kB
CommitLimit:     2152132 kB
Committed_AS:   118588336 kB
VmallocTotal:   251658176 kB
VmallocUsed:      137224 kB
VmallocChunk:   251429420 kB
Time pass: 295 sec

---2015-12-05 14:07:44
MemTotal:        2873608 kB
MemFree:          111664 kB
Buffers:           16948 kB
Cached:           888432 kB
SwapCached:           96 kB
Active:          1313976 kB
Inactive:         635744 kB
Active(anon):     847712 kB
Inactive(anon):   210760 kB
Active(file):     466264 kB
Inactive(file):   424984 kB
Unevictable:       13568 kB
Mlocked:               0 kB
SwapTotal:        715328 kB
SwapFree:         702704 kB
Dirty:                32 kB
Writeback:             0 kB
AnonPages:       1057908 kB
Mapped:           615012 kB
Shmem:               564 kB
Slab:              99156 kB
SReclaimable:      31900 kB
SUnreclaim:        67256 kB
KernelStack:       38544 kB
PageTables:        50424 kB
NFS_Unstable:          0 kB
Bounce:                0 kB
WritebackTmp:          0 kB
CommitLimit:     2152132 kB
Committed_AS:   118588332 kB
VmallocTotal:   251658176 kB
VmallocUsed:      137224 kB
VmallocChunk:   251429420 kB
Time pass: 299 sec

---2015-12-05 14:07:44
MemTotal:        2873608 kB
MemFree:          111292 kB
Buffers:           16964 kB
Cached:           888436 kB
SwapCached:           96 kB
Active:          1314380 kB
Inactive:         635764 kB
Active(anon):     848116 kB
Inactive(anon):   210764 kB
Active(file):     466264 kB
Inactive(file):   425000 kB
Unevictable:       13568 kB
Mlocked:               0 kB
SwapTotal:        715328 kB
SwapFree:         702704 kB
Dirty:                36 kB
Writeback:             0 kB
AnonPages:       1058160 kB
Mapped:           614916 kB
Shmem:               568 kB
Slab:              99156 kB
SReclaimable:      31900 kB
SUnreclaim:        67256 kB
KernelStack:       38544 kB
PageTables:        50364 kB
NFS_Unstable:          0 kB
Bounce:                0 kB
WritebackTmp:          0 kB
CommitLimit:     2152132 kB
Committed_AS:   118588320 kB
VmallocTotal:   251658176 kB
VmallocUsed:      137224 kB
VmallocChunk:   251429420 kB
Time pass: 303 sec

---2015-12-05 14:07:44
MemTotal:        2873608 kB
MemFree:          111704 kB
Buffers:           16972 kB
Cached:           888436 kB
SwapCached:           96 kB
Active:          1314140 kB
Inactive:         635772 kB
Active(anon):     847876 kB
Inactive(anon):   210764 kB
Active(file):     466264 kB
Inactive(file):   425008 kB
Unevictable:       13568 kB
Mlocked:               0 kB
SwapTotal:        715328 kB
SwapFree:         702704 kB
Dirty:                32 kB
Writeback:             0 kB
AnonPages:       1058092 kB
Mapped:           614948 kB
Shmem:               568 kB
Slab:              99156 kB
SReclaimable:      31900 kB
SUnreclaim:        67256 kB
KernelStack:       38512 kB
PageTables:        50360 kB
NFS_Unstable:          0 kB
Bounce:                0 kB
WritebackTmp:          0 kB
CommitLimit:     2152132 kB
Committed_AS:   118588336 kB
VmallocTotal:   251658176 kB
VmallocUsed:      137224 kB
VmallocChunk:   251429420 kB
Time pass: 307 sec

---2015-12-05 14:07:44
MemTotal:        2873608 kB
MemFree:          110772 kB
Buffers:           16972 kB
Cached:           888436 kB
SwapCached:           96 kB
Active:          1314692 kB
Inactive:         635772 kB
Active(anon):     848428 kB
Inactive(anon):   210764 kB
Active(file):     466264 kB
Inactive(file):   425008 kB
Unevictable:       13568 kB
Mlocked:               0 kB
SwapTotal:        715328 kB
SwapFree:         702704 kB
Dirty:                32 kB
Writeback:             0 kB
AnonPages:       1058588 kB
Mapped:           615052 kB
Shmem:               568 kB
Slab:              99156 kB
SReclaimable:      31900 kB
SUnreclaim:        67256 kB
KernelStack:       38544 kB
PageTables:        50392 kB
NFS_Unstable:          0 kB
Bounce:                0 kB
WritebackTmp:          0 kB
CommitLimit:     2152132 kB
Committed_AS:   118588344 kB
VmallocTotal:   251658176 kB
VmallocUsed:      137224 kB
VmallocChunk:   251429420 kB
Time pass: 311 sec

---2015-12-05 14:07:44
MemTotal:        2873608 kB
MemFree:          110372 kB
Buffers:           16988 kB
Cached:           888440 kB
SwapCached:           96 kB
Active:          1315060 kB
Inactive:         635792 kB
Active(anon):     848796 kB
Inactive(anon):   210768 kB
Active(file):     466264 kB
Inactive(file):   425024 kB
Unevictable:       13568 kB
Mlocked:               0 kB
SwapTotal:        715328 kB
SwapFree:         702704 kB
Dirty:                40 kB
Writeback:             0 kB
AnonPages:       1058996 kB
Mapped:           615004 kB
Shmem:               572 kB
Slab:              99160 kB
SReclaimable:      31900 kB
SUnreclaim:        67260 kB
KernelStack:       38528 kB
PageTables:        50364 kB
NFS_Unstable:          0 kB
Bounce:                0 kB
WritebackTmp:          0 kB
CommitLimit:     2152132 kB
Committed_AS:   118588344 kB
VmallocTotal:   251658176 kB
VmallocUsed:      137224 kB
VmallocChunk:   251429420 kB
Time pass: 315 sec

---2015-12-05 14:07:44
MemTotal:        2873608 kB
MemFree:          110584 kB
Buffers:           16996 kB
Cached:           888440 kB
SwapCached:           96 kB
Active:          1314784 kB
Inactive:         635796 kB
Active(anon):     848520 kB
Inactive(anon):   210772 kB
Active(file):     466264 kB
Inactive(file):   425024 kB
Unevictable:       13568 kB
Mlocked:               0 kB
SwapTotal:        715328 kB
SwapFree:         702704 kB
Dirty:                32 kB
Writeback:             0 kB
AnonPages:       1058564 kB
Mapped:           615048 kB
Shmem:               580 kB
Slab:              99160 kB
SReclaimable:      31900 kB
SUnreclaim:        67260 kB
KernelStack:       38528 kB
PageTables:        50364 kB
NFS_Unstable:          0 kB
Bounce:                0 kB
WritebackTmp:          0 kB
CommitLimit:     2152132 kB
Committed_AS:   118588288 kB
VmallocTotal:   251658176 kB
VmallocUsed:      137224 kB
VmallocChunk:   251429420 kB
Time pass: 318 sec

---2015-12-05 14:07:44
MemTotal:        2873608 kB
MemFree:          110984 kB
Buffers:           16996 kB
Cached:           888476 kB
SwapCached:           96 kB
Active:          1314724 kB
Inactive:         635808 kB
Active(anon):     848460 kB
Inactive(anon):   210776 kB
Active(file):     466264 kB
Inactive(file):   425032 kB
Unevictable:       13568 kB
Mlocked:               0 kB
SwapTotal:        715328 kB
SwapFree:         702704 kB
Dirty:                32 kB
Writeback:             0 kB
AnonPages:       1058692 kB
Mapped:           615116 kB
Shmem:               608 kB
Slab:              99160 kB
SReclaimable:      31900 kB
SUnreclaim:        67260 kB
KernelStack:       38528 kB
PageTables:        50360 kB
NFS_Unstable:          0 kB
Bounce:                0 kB
WritebackTmp:          0 kB
CommitLimit:     2152132 kB
Committed_AS:   118588284 kB
VmallocTotal:   251658176 kB
VmallocUsed:      137224 kB
VmallocChunk:   251429420 kB
Time pass: 323 sec

---2015-12-05 14:07:44
MemTotal:        2873608 kB
MemFree:          110096 kB
Buffers:           17012 kB
Cached:           888476 kB
SwapCached:           96 kB
Active:          1315644 kB
Inactive:         635852 kB
Active(anon):     849380 kB
Inactive(anon):   210804 kB
Active(file):     466264 kB
Inactive(file):   425048 kB
Unevictable:       13568 kB
Mlocked:               0 kB
SwapTotal:        715328 kB
SwapFree:         702704 kB
Dirty:                40 kB
Writeback:             0 kB
AnonPages:       1059572 kB
Mapped:           615148 kB
Shmem:               608 kB
Slab:              99160 kB
SReclaimable:      31900 kB
SUnreclaim:        67260 kB
KernelStack:       38544 kB
PageTables:        50360 kB
NFS_Unstable:          0 kB
Bounce:                0 kB
WritebackTmp:          0 kB
CommitLimit:     2152132 kB
Committed_AS:   118588304 kB
VmallocTotal:   251658176 kB
VmallocUsed:      137224 kB
VmallocChunk:   251429420 kB
Time pass: 327 sec

---2015-12-05 14:07:44
MemTotal:        2873608 kB
MemFree:          109004 kB
Buffers:           17020 kB
Cached:           888468 kB
SwapCached:           96 kB
Active:          1315840 kB
Inactive:         635852 kB
Active(anon):     849576 kB
Inactive(anon):   210804 kB
Active(file):     466264 kB
Inactive(file):   425048 kB
Unevictable:       13568 kB
Mlocked:               0 kB
SwapTotal:        715328 kB
SwapFree:         702704 kB
Dirty:                 0 kB
Writeback:             0 kB
AnonPages:       1059632 kB
Mapped:           615172 kB
Shmem:               608 kB
Slab:              99160 kB
SReclaimable:      31900 kB
SUnreclaim:        67260 kB
KernelStack:       38544 kB
PageTables:        50360 kB
NFS_Unstable:          0 kB
Bounce:                0 kB
WritebackTmp:          0 kB
CommitLimit:     2152132 kB
Committed_AS:   118588304 kB
VmallocTotal:   251658176 kB
VmallocUsed:      137224 kB
VmallocChunk:   251429420 kB
Time pass: 330 sec

---2015-12-05 14:07:44
MemTotal:        2873608 kB
MemFree:          109248 kB
Buffers:           17020 kB
Cached:           888476 kB
SwapCached:           96 kB
Active:          1315948 kB
Inactive:         635860 kB
Active(anon):     849684 kB
Inactive(anon):   210804 kB
Active(file):     466264 kB
Inactive(file):   425056 kB
Unevictable:       13568 kB
Mlocked:               0 kB
SwapTotal:        715328 kB
SwapFree:         702704 kB
Dirty:                32 kB
Writeback:             0 kB
AnonPages:       1059724 kB
Mapped:           615212 kB
Shmem:               608 kB
Slab:              99160 kB
SReclaimable:      31900 kB
SUnreclaim:        67260 kB
KernelStack:       38544 kB
PageTables:        50368 kB
NFS_Unstable:          0 kB
Bounce:                0 kB
WritebackTmp:          0 kB
CommitLimit:     2152132 kB
Committed_AS:   118588320 kB
VmallocTotal:   251658176 kB
VmallocUsed:      137224 kB
VmallocChunk:   251429420 kB
Time pass: 335 sec

---2015-12-05 14:07:44
MemTotal:        2873608 kB
MemFree:          109420 kB
Buffers:           17036 kB
Cached:           888480 kB
SwapCached:           96 kB
Active:          1316240 kB
Inactive:         635880 kB
Active(anon):     849976 kB
Inactive(anon):   210808 kB
Active(file):     466264 kB
Inactive(file):   425072 kB
Unevictable:       13568 kB
Mlocked:               0 kB
SwapTotal:        715328 kB
SwapFree:         702704 kB
Dirty:                40 kB
Writeback:             0 kB
AnonPages:       1060128 kB
Mapped:           615252 kB
Shmem:               612 kB
Slab:              99156 kB
SReclaimable:      31900 kB
SUnreclaim:        67256 kB
KernelStack:       38528 kB
PageTables:        50376 kB
NFS_Unstable:          0 kB
Bounce:                0 kB
WritebackTmp:          0 kB
CommitLimit:     2152132 kB
Committed_AS:   118588280 kB
VmallocTotal:   251658176 kB
VmallocUsed:      137224 kB
VmallocChunk:   251429420 kB
Time pass: 338 sec

---2015-12-05 14:07:44
MemTotal:        2873608 kB
MemFree:          107540 kB
Buffers:           17044 kB
Cached:           888588 kB
SwapCached:           96 kB
Active:          1317316 kB
Inactive:         635988 kB
Active(anon):     851044 kB
Inactive(anon):   210808 kB
Active(file):     466272 kB
Inactive(file):   425180 kB
Unevictable:       13568 kB
Mlocked:               0 kB
SwapTotal:        715328 kB
SwapFree:         702704 kB
Dirty:                 0 kB
Writeback:             0 kB
AnonPages:       1061140 kB
Mapped:           615424 kB
Shmem:               612 kB
Slab:              99156 kB
SReclaimable:      31900 kB
SUnreclaim:        67256 kB
KernelStack:       38512 kB
PageTables:        50416 kB
NFS_Unstable:          0 kB
Bounce:                0 kB
WritebackTmp:          0 kB
CommitLimit:     2152132 kB
Committed_AS:   118588248 kB
VmallocTotal:   251658176 kB
VmallocUsed:      137224 kB
VmallocChunk:   251429420 kB
Time pass: 342 sec

---2015-12-05 14:07:44
MemTotal:        2873608 kB
MemFree:          107864 kB
Buffers:           17044 kB
Cached:           888596 kB
SwapCached:           96 kB
Active:          1317440 kB
Inactive:         635996 kB
Active(anon):     851168 kB
Inactive(anon):   210808 kB
Active(file):     466272 kB
Inactive(file):   425188 kB
Unevictable:       13568 kB
Mlocked:               0 kB
SwapTotal:        715328 kB
SwapFree:         702704 kB
Dirty:                68 kB
Writeback:             0 kB
AnonPages:       1061368 kB
Mapped:           615360 kB
Shmem:               612 kB
Slab:              99180 kB
SReclaimable:      31900 kB
SUnreclaim:        67280 kB
KernelStack:       38512 kB
PageTables:        50376 kB
NFS_Unstable:          0 kB
Bounce:                0 kB
WritebackTmp:          0 kB
CommitLimit:     2152132 kB
Committed_AS:   118588256 kB
VmallocTotal:   251658176 kB
VmallocUsed:      137224 kB
VmallocChunk:   251429420 kB
Time pass: 346 sec

---2015-12-05 14:07:44
MemTotal:        2873608 kB
MemFree:          106876 kB
Buffers:           17060 kB
Cached:           888660 kB
SwapCached:           96 kB
Active:          1317752 kB
Inactive:         636076 kB
Active(anon):     851480 kB
Inactive(anon):   210812 kB
Active(file):     466272 kB
Inactive(file):   425264 kB
Unevictable:       13568 kB
Mlocked:               0 kB
SwapTotal:        715328 kB
SwapFree:         702704 kB
Dirty:                44 kB
Writeback:             0 kB
AnonPages:       1061636 kB
Mapped:           615404 kB
Shmem:               616 kB
Slab:              99156 kB
SReclaimable:      31900 kB
SUnreclaim:        67256 kB
KernelStack:       38496 kB
PageTables:        50384 kB
NFS_Unstable:          0 kB
Bounce:                0 kB
WritebackTmp:          0 kB
CommitLimit:     2152132 kB
Committed_AS:   118588208 kB
VmallocTotal:   251658176 kB
VmallocUsed:      137224 kB
VmallocChunk:   251429420 kB
Time pass: 350 sec

---2015-12-05 14:07:44
MemTotal:        2873608 kB
MemFree:          107124 kB
Buffers:           17068 kB
Cached:           888660 kB
SwapCached:           96 kB
Active:          1317744 kB
Inactive:         636072 kB
Active(anon):     851460 kB
Inactive(anon):   210812 kB
Active(file):     466284 kB
Inactive(file):   425260 kB
Unevictable:       13568 kB
Mlocked:               0 kB
SwapTotal:        715328 kB
SwapFree:         702704 kB
Dirty:                 0 kB
Writeback:             0 kB
AnonPages:       1061608 kB
Mapped:           615432 kB
Shmem:               616 kB
Slab:              99176 kB
SReclaimable:      31900 kB
SUnreclaim:        67276 kB
KernelStack:       38464 kB
PageTables:        50380 kB
NFS_Unstable:          0 kB
Bounce:                0 kB
WritebackTmp:          0 kB
CommitLimit:     2152132 kB
Committed_AS:   118588200 kB
VmallocTotal:   251658176 kB
VmallocUsed:      137224 kB
VmallocChunk:   251429420 kB
Time pass: 354 sec

---2015-12-05 14:07:44
MemTotal:        2873608 kB
MemFree:          106392 kB
Buffers:           17076 kB
Cached:           888696 kB
SwapCached:           96 kB
Active:          1318572 kB
Inactive:         636116 kB
Active(anon):     852288 kB
Inactive(anon):   210840 kB
Active(file):     466284 kB
Inactive(file):   425276 kB
Unevictable:       13568 kB
Mlocked:               0 kB
SwapTotal:        715328 kB
SwapFree:         702704 kB
Dirty:               100 kB
Writeback:             0 kB
AnonPages:       1062368 kB
Mapped:           615404 kB
Shmem:               644 kB
Slab:              99160 kB
SReclaimable:      31900 kB
SUnreclaim:        67260 kB
KernelStack:       38464 kB
PageTables:        50352 kB
NFS_Unstable:          0 kB
Bounce:                0 kB
WritebackTmp:          0 kB
CommitLimit:     2152132 kB
Committed_AS:   118588248 kB
VmallocTotal:   251658176 kB
VmallocUsed:      137224 kB
VmallocChunk:   251429420 kB
Time pass: 358 sec

---2015-12-05 14:07:44
MemTotal:        2873608 kB
MemFree:          105740 kB
Buffers:           17092 kB
Cached:           888724 kB
SwapCached:           96 kB
Active:          1319636 kB
Inactive:         636160 kB
Active(anon):     853352 kB
Inactive(anon):   210844 kB
Active(file):     466284 kB
Inactive(file):   425316 kB
Unevictable:       13568 kB
Mlocked:               0 kB
SwapTotal:        715328 kB
SwapFree:         702704 kB
Dirty:                52 kB
Writeback:             0 kB
AnonPages:       1063540 kB
Mapped:           615540 kB
Shmem:               648 kB
Slab:              99176 kB
SReclaimable:      31900 kB
SUnreclaim:        67276 kB
KernelStack:       38512 kB
PageTables:        50380 kB
NFS_Unstable:          0 kB
Bounce:                0 kB
WritebackTmp:          0 kB
CommitLimit:     2152132 kB
Committed_AS:   118588224 kB
VmallocTotal:   251658176 kB
VmallocUsed:      137224 kB
VmallocChunk:   251429420 kB
Time pass: 362 sec

---2015-12-05 14:07:44
MemTotal:        2873608 kB
MemFree:          104760 kB
Buffers:           17100 kB
Cached:           888716 kB
SwapCached:           96 kB
Active:          1319924 kB
Inactive:         636160 kB
Active(anon):     853640 kB
Inactive(anon):   210844 kB
Active(file):     466284 kB
Inactive(file):   425316 kB
Unevictable:       13568 kB
Mlocked:               0 kB
SwapTotal:        715328 kB
SwapFree:         702704 kB
Dirty:                 4 kB
Writeback:             0 kB
AnonPages:       1063900 kB
Mapped:           615568 kB
Shmem:               648 kB
Slab:              99168 kB
SReclaimable:      31900 kB
SUnreclaim:        67268 kB
KernelStack:       38480 kB
PageTables:        50380 kB
NFS_Unstable:          0 kB
Bounce:                0 kB
WritebackTmp:          0 kB
CommitLimit:     2152132 kB
Committed_AS:   118588236 kB
VmallocTotal:   251658176 kB
VmallocUsed:      137224 kB
VmallocChunk:   251429420 kB
Time pass: 366 sec

---2015-12-05 14:07:44
MemTotal:        2873608 kB
MemFree:          105272 kB
Buffers:           17100 kB
Cached:           888724 kB
SwapCached:           96 kB
Active:          1319784 kB
Inactive:         636168 kB
Active(anon):     853500 kB
Inactive(anon):   210844 kB
Active(file):     466284 kB
Inactive(file):   425324 kB
Unevictable:       13568 kB
Mlocked:               0 kB
SwapTotal:        715328 kB
SwapFree:         702704 kB
Dirty:                40 kB
Writeback:             0 kB
AnonPages:       1063708 kB
Mapped:           615592 kB
Shmem:               648 kB
Slab:              99160 kB
SReclaimable:      31900 kB
SUnreclaim:        67260 kB
KernelStack:       38480 kB
PageTables:        50380 kB
NFS_Unstable:          0 kB
Bounce:                0 kB
WritebackTmp:          0 kB
CommitLimit:     2152132 kB
Committed_AS:   118588248 kB
VmallocTotal:   251658176 kB
VmallocUsed:      137224 kB
VmallocChunk:   251429420 kB
Time pass: 370 sec

---2015-12-05 14:07:44
MemTotal:        2873608 kB
MemFree:          104548 kB
Buffers:           17116 kB
Cached:           888724 kB
SwapCached:           96 kB
Active:          1320248 kB
Inactive:         636184 kB
Active(anon):     853964 kB
Inactive(anon):   210844 kB
Active(file):     466284 kB
Inactive(file):   425340 kB
Unevictable:       13568 kB
Mlocked:               0 kB
SwapTotal:        715328 kB
SwapFree:         702704 kB
Dirty:                56 kB
Writeback:             0 kB
AnonPages:       1064024 kB
Mapped:           615628 kB
Shmem:               648 kB
Slab:              99180 kB
SReclaimable:      31900 kB
SUnreclaim:        67280 kB
KernelStack:       38512 kB
PageTables:        50380 kB
NFS_Unstable:          0 kB
Bounce:                0 kB
WritebackTmp:          0 kB
CommitLimit:     2152132 kB
Committed_AS:   118588240 kB
VmallocTotal:   251658176 kB
VmallocUsed:      137224 kB
VmallocChunk:   251429420 kB
Time pass: 374 sec

---2015-12-05 14:07:44
MemTotal:        2873608 kB
MemFree:          104832 kB
Buffers:           17124 kB
Cached:           888716 kB
SwapCached:           96 kB
Active:          1320320 kB
Inactive:         636184 kB
Active(anon):     854036 kB
Inactive(anon):   210844 kB
Active(file):     466284 kB
Inactive(file):   425340 kB
Unevictable:       13568 kB
Mlocked:               0 kB
SwapTotal:        715328 kB
SwapFree:         702704 kB
Dirty:                56 kB
Writeback:             0 kB
AnonPages:       1064092 kB
Mapped:           615656 kB
Shmem:               648 kB
Slab:              99192 kB
SReclaimable:      31900 kB
SUnreclaim:        67292 kB
KernelStack:       38512 kB
PageTables:        50384 kB
NFS_Unstable:          0 kB
Bounce:                0 kB
WritebackTmp:          0 kB
CommitLimit:     2152132 kB
Committed_AS:   118588232 kB
VmallocTotal:   251658176 kB
VmallocUsed:      137224 kB
VmallocChunk:   251429420 kB
Time pass: 378 sec

---2015-12-05 14:07:44
MemTotal:        2873608 kB
MemFree:          104240 kB
Buffers:           17132 kB
Cached:           888724 kB
SwapCached:           96 kB
Active:          1320344 kB
Inactive:         636200 kB
Active(anon):     854060 kB
Inactive(anon):   210844 kB
Active(file):     466284 kB
Inactive(file):   425356 kB
Unevictable:       13568 kB
Mlocked:               0 kB
SwapTotal:        715328 kB
SwapFree:         702704 kB
Dirty:                60 kB
Writeback:             0 kB
AnonPages:       1064256 kB
Mapped:           615684 kB
Shmem:               648 kB
Slab:              99180 kB
SReclaimable:      31900 kB
SUnreclaim:        67280 kB
KernelStack:       38512 kB
PageTables:        50380 kB
NFS_Unstable:          0 kB
Bounce:                0 kB
WritebackTmp:          0 kB
CommitLimit:     2152132 kB
Committed_AS:   118588232 kB
VmallocTotal:   251658176 kB
VmallocUsed:      137224 kB
VmallocChunk:   251429420 kB
Time pass: 382 sec

---2015-12-05 14:07:44
MemTotal:        2873608 kB
MemFree:          104064 kB
Buffers:           17148 kB
Cached:           888724 kB
SwapCached:           96 kB
Active:          1320808 kB
Inactive:         636216 kB
Active(anon):     854524 kB
Inactive(anon):   210844 kB
Active(file):     466284 kB
Inactive(file):   425372 kB
Unevictable:       13568 kB
Mlocked:               0 kB
SwapTotal:        715328 kB
SwapFree:         702704 kB
Dirty:                40 kB
Writeback:             0 kB
AnonPages:       1064600 kB
Mapped:           615700 kB
Shmem:               648 kB
Slab:              99180 kB
SReclaimable:      31900 kB
SUnreclaim:        67280 kB
KernelStack:       38512 kB
PageTables:        50384 kB
NFS_Unstable:          0 kB
Bounce:                0 kB
WritebackTmp:          0 kB
CommitLimit:     2152132 kB
Committed_AS:   118588232 kB
VmallocTotal:   251658176 kB
VmallocUsed:      137224 kB
VmallocChunk:   251429420 kB
Time pass: 385 sec

---2015-12-05 14:07:44
MemTotal:        2873608 kB
MemFree:          103776 kB
Buffers:           17148 kB
Cached:           888728 kB
SwapCached:           96 kB
Active:          1320728 kB
Inactive:         636220 kB
Active(anon):     854444 kB
Inactive(anon):   210848 kB
Active(file):     466284 kB
Inactive(file):   425372 kB
Unevictable:       13568 kB
Mlocked:               0 kB
SwapTotal:        715328 kB
SwapFree:         702704 kB
Dirty:                40 kB
Writeback:             0 kB
AnonPages:       1064644 kB
Mapped:           615704 kB
Shmem:               652 kB
Slab:              99180 kB
SReclaimable:      31900 kB
SUnreclaim:        67280 kB
KernelStack:       38512 kB
PageTables:        50384 kB
NFS_Unstable:          0 kB
Bounce:                0 kB
WritebackTmp:          0 kB
CommitLimit:     2152132 kB
Committed_AS:   118588224 kB
VmallocTotal:   251658176 kB
VmallocUsed:      137224 kB
VmallocChunk:   251429420 kB
Time pass: 389 sec

---2015-12-05 14:07:44
MemTotal:        2873608 kB
MemFree:          103988 kB
Buffers:           17156 kB
Cached:           888740 kB
SwapCached:           96 kB
Active:          1320820 kB
Inactive:         636240 kB
Active(anon):     854536 kB
Inactive(anon):   210860 kB
Active(file):     466284 kB
Inactive(file):   425380 kB
Unevictable:       13568 kB
Mlocked:               0 kB
SwapTotal:        715328 kB
SwapFree:         702704 kB
Dirty:                32 kB
Writeback:             0 kB
AnonPages:       1064680 kB
Mapped:           615716 kB
Shmem:               664 kB
Slab:              99180 kB
SReclaimable:      31900 kB
SUnreclaim:        67280 kB
KernelStack:       38512 kB
PageTables:        50384 kB
NFS_Unstable:          0 kB
Bounce:                0 kB
WritebackTmp:          0 kB
CommitLimit:     2152132 kB
Committed_AS:   118588240 kB
VmallocTotal:   251658176 kB
VmallocUsed:      137224 kB
VmallocChunk:   251429420 kB
Time pass: 393 sec

---2015-12-05 14:07:44
MemTotal:        2873608 kB
MemFree:          103392 kB
Buffers:           17172 kB
Cached:           888740 kB
SwapCached:           96 kB
Active:          1321256 kB
Inactive:         636256 kB
Active(anon):     854972 kB
Inactive(anon):   210860 kB
Active(file):     466284 kB
Inactive(file):   425396 kB
Unevictable:       13568 kB
Mlocked:               0 kB
SwapTotal:        715328 kB
SwapFree:         702704 kB
Dirty:                40 kB
Writeback:             0 kB
AnonPages:       1065156 kB
Mapped:           615716 kB
Shmem:               664 kB
Slab:              99176 kB
SReclaimable:      31900 kB
SUnreclaim:        67276 kB
KernelStack:       38512 kB
PageTables:        50388 kB
NFS_Unstable:          0 kB
Bounce:                0 kB
WritebackTmp:          0 kB
CommitLimit:     2152132 kB
Committed_AS:   118588232 kB
VmallocTotal:   251658176 kB
VmallocUsed:      137224 kB
VmallocChunk:   251429420 kB
Time pass: 397 sec

---2015-12-05 14:07:44
MemTotal:        2873608 kB
MemFree:          102800 kB
Buffers:           17172 kB
