---2015-11-17 01:33:16
MemTotal:        1959952 kB
MemFree:           98788 kB
Buffers:            4900 kB
Cached:          1218168 kB
SwapCached:          412 kB
Active:           851200 kB
Inactive:         777336 kB
Active(anon):     243476 kB
Inactive(anon):   163748 kB
Active(file):     607724 kB
Inactive(file):   613588 kB
Unevictable:        1580 kB
Mlocked:               0 kB
HighTotal:       1372556 kB
HighFree:          36424 kB
LowTotal:         587396 kB
LowFree:           62364 kB
SwapTotal:        262140 kB
SwapFree:         251872 kB
Dirty:               724 kB
Writeback:             0 kB
AnonPages:        406972 kB
Mapped:           283592 kB
Shmem:               140 kB
Slab:              53276 kB
SReclaimable:      16548 kB
SUnreclaim:        36728 kB
KernelStack:       15200 kB
PageTables:        26692 kB
NFS_Unstable:          0 kB
Bounce:                0 kB
WritebackTmp:          0 kB
CommitLimit:     1242116 kB
Committed_AS:   55770756 kB
VmallocTotal:     409600 kB
VmallocUsed:       25700 kB
VmallocChunk:     134172 kB
Time pass: 3 sec

---2015-11-17 01:33:16
MemTotal:        1959952 kB
MemFree:           98600 kB
Buffers:            4900 kB
Cached:          1218168 kB
SwapCached:          412 kB
Active:           851308 kB
Inactive:         777336 kB
Active(anon):     243584 kB
Inactive(anon):   163748 kB
Active(file):     607724 kB
Inactive(file):   613588 kB
Unevictable:        1580 kB
Mlocked:               0 kB
HighTotal:       1372556 kB
HighFree:          36092 kB
LowTotal:         587396 kB
LowFree:           62508 kB
SwapTotal:        262140 kB
SwapFree:         251872 kB
Dirty:               724 kB
Writeback:             0 kB
AnonPages:        407180 kB
Mapped:           283592 kB
Shmem:               140 kB
Slab:              53096 kB
SReclaimable:      16556 kB
SUnreclaim:        36540 kB
KernelStack:       15200 kB
PageTables:        26692 kB
NFS_Unstable:          0 kB
Bounce:                0 kB
WritebackTmp:          0 kB
CommitLimit:     1242116 kB
Committed_AS:   55770836 kB
VmallocTotal:     409600 kB
VmallocUsed:       25700 kB
VmallocChunk:     134172 kB
Time pass: 6 sec

---2015-11-17 01:33:16
MemTotal:        1959952 kB
MemFree:           96144 kB
Buffers:            4900 kB
Cached:          1218276 kB
SwapCached:          412 kB
Active:           854060 kB
Inactive:         777420 kB
Active(anon):     246312 kB
Inactive(anon):   163748 kB
Active(file):     607748 kB
Inactive(file):   613672 kB
Unevictable:        1580 kB
Mlocked:               0 kB
HighTotal:       1372556 kB
HighFree:          33692 kB
LowTotal:         587396 kB
LowFree:           62452 kB
SwapTotal:        262140 kB
SwapFree:         251872 kB
Dirty:               744 kB
Writeback:            28 kB
AnonPages:        410180 kB
Mapped:           284144 kB
Shmem:               136 kB
Slab:              53080 kB
SReclaimable:      16556 kB
SUnreclaim:        36524 kB
KernelStack:       15328 kB
PageTables:        26724 kB
NFS_Unstable:          0 kB
Bounce:                0 kB
WritebackTmp:          0 kB
CommitLimit:     1242116 kB
Committed_AS:   55771900 kB
VmallocTotal:     409600 kB
VmallocUsed:       25700 kB
VmallocChunk:     134172 kB
Time pass: 10 sec

---2015-11-17 01:33:16
MemTotal:        1959952 kB
MemFree:           95672 kB
Buffers:            4900 kB
Cached:          1218292 kB
SwapCached:          412 kB
Active:           854560 kB
Inactive:         777420 kB
Active(anon):     246796 kB
Inactive(anon):   163748 kB
Active(file):     607764 kB
Inactive(file):   613672 kB
Unevictable:        1580 kB
Mlocked:               0 kB
HighTotal:       1372556 kB
HighFree:          33060 kB
LowTotal:         587396 kB
LowFree:           62612 kB
SwapTotal:        262140 kB
SwapFree:         251872 kB
Dirty:               744 kB
Writeback:             0 kB
AnonPages:        410524 kB
Mapped:           284212 kB
Shmem:               140 kB
Slab:              52788 kB
SReclaimable:      16564 kB
SUnreclaim:        36224 kB
KernelStack:       15312 kB
PageTables:        26724 kB
NFS_Unstable:          0 kB
Bounce:                0 kB
WritebackTmp:          0 kB
CommitLimit:     1242116 kB
Committed_AS:   55772108 kB
VmallocTotal:     409600 kB
VmallocUsed:       25700 kB
VmallocChunk:     134172 kB
Time pass: 13 sec

---2015-11-17 01:33:16
MemTotal:        1959952 kB
MemFree:           94332 kB
Buffers:            4900 kB
Cached:          1218292 kB
SwapCached:          412 kB
Active:           855036 kB
Inactive:         777420 kB
Active(anon):     247272 kB
Inactive(anon):   163748 kB
Active(file):     607764 kB
Inactive(file):   613672 kB
Unevictable:        1580 kB
Mlocked:               0 kB
HighTotal:       1372556 kB
HighFree:          32416 kB
LowTotal:         587396 kB
LowFree:           61916 kB
SwapTotal:        262140 kB
SwapFree:         251872 kB
Dirty:               744 kB
Writeback:             0 kB
AnonPages:        411040 kB
Mapped:           284212 kB
Shmem:               140 kB
Slab:              53428 kB
SReclaimable:      16564 kB
SUnreclaim:        36864 kB
KernelStack:       15312 kB
PageTables:        26728 kB
NFS_Unstable:          0 kB
Bounce:                0 kB
WritebackTmp:          0 kB
CommitLimit:     1242116 kB
Committed_AS:   55772548 kB
VmallocTotal:     409600 kB
VmallocUsed:       25700 kB
VmallocChunk:     134172 kB
Time pass: 17 sec

---2015-11-17 01:33:16
MemTotal:        1959952 kB
MemFree:           93980 kB
Buffers:            4900 kB
Cached:          1218292 kB
SwapCached:          412 kB
Active:           855248 kB
Inactive:         777420 kB
Active(anon):     247484 kB
Inactive(anon):   163748 kB
Active(file):     607764 kB
Inactive(file):   613672 kB
Unevictable:        1580 kB
Mlocked:               0 kB
HighTotal:       1372556 kB
HighFree:          32204 kB
LowTotal:         587396 kB
LowFree:           61776 kB
SwapTotal:        262140 kB
SwapFree:         251872 kB
Dirty:               748 kB
Writeback:             0 kB
AnonPages:        411188 kB
Mapped:           284212 kB
Shmem:               140 kB
Slab:              53408 kB
SReclaimable:      16564 kB
SUnreclaim:        36844 kB
KernelStack:       15312 kB
PageTables:        26732 kB
NFS_Unstable:          0 kB
Bounce:                0 kB
WritebackTmp:          0 kB
CommitLimit:     1242116 kB
Committed_AS:   55772628 kB
VmallocTotal:     409600 kB
VmallocUsed:       25700 kB
VmallocChunk:     134172 kB
Time pass: 20 sec

---2015-11-17 01:33:16
MemTotal:        1959952 kB
MemFree:           79504 kB
Buffers:            3892 kB
Cached:          1210148 kB
SwapCached:          460 kB
Active:           843064 kB
Inactive:         785076 kB
Active(anon):     249948 kB
Inactive(anon):   166440 kB
Active(file):     593116 kB
Inactive(file):   618636 kB
Unevictable:        1580 kB
Mlocked:               0 kB
HighTotal:       1372556 kB
HighFree:          23784 kB
LowTotal:         587396 kB
LowFree:           55720 kB
SwapTotal:        262140 kB
SwapFree:         251048 kB
Dirty:               792 kB
Writeback:             0 kB
AnonPages:        416804 kB
Mapped:           296980 kB
Shmem:               140 kB
Slab:              53604 kB
SReclaimable:      16572 kB
SUnreclaim:        37032 kB
KernelStack:       15384 kB
PageTables:        27068 kB
NFS_Unstable:          0 kB
Bounce:                0 kB
WritebackTmp:          0 kB
CommitLimit:     1242116 kB
Committed_AS:   56766744 kB
VmallocTotal:     409600 kB
VmallocUsed:       26720 kB
VmallocChunk:     134172 kB
Time pass: 24 sec

---2015-11-17 01:33:16
MemTotal:        1959952 kB
MemFree:           75168 kB
Buffers:            3304 kB
Cached:          1119728 kB
SwapCached:          476 kB
Active:           832952 kB
Inactive:         732304 kB
Active(anon):     272320 kB
Inactive(anon):   172436 kB
Active(file):     560632 kB
Inactive(file):   559868 kB
Unevictable:        1580 kB
Mlocked:               0 kB
HighTotal:       1372556 kB
HighFree:          31064 kB
LowTotal:         587396 kB
LowFree:           44104 kB
SwapTotal:        262140 kB
SwapFree:         245140 kB
Dirty:               452 kB
Writeback:             0 kB
AnonPages:        443796 kB
Mapped:           302164 kB
Shmem:               952 kB
Slab:              54340 kB
SReclaimable:      16548 kB
SUnreclaim:        37792 kB
KernelStack:       16056 kB
PageTables:        27656 kB
NFS_Unstable:          0 kB
Bounce:                0 kB
WritebackTmp:          0 kB
CommitLimit:     1242116 kB
Committed_AS:   56788976 kB
VmallocTotal:     409600 kB
VmallocUsed:       25952 kB
VmallocChunk:     134172 kB
Time pass: 27 sec

---2015-11-17 01:33:16
MemTotal:        1959952 kB
MemFree:          102056 kB
Buffers:            3292 kB
Cached:          1069736 kB
SwapCached:          444 kB
Active:           802900 kB
Inactive:         707448 kB
Active(anon):     267284 kB
Inactive(anon):   171304 kB
Active(file):     535616 kB
Inactive(file):   536144 kB
Unevictable:        1580 kB
Mlocked:               0 kB
HighTotal:       1372556 kB
HighFree:          43584 kB
LowTotal:         587396 kB
LowFree:           58472 kB
SwapTotal:        262140 kB
SwapFree:         242600 kB
Dirty:               772 kB
Writeback:             0 kB
AnonPages:        438524 kB
Mapped:           303832 kB
Shmem:               252 kB
Slab:              55140 kB
SReclaimable:      16972 kB
SUnreclaim:        38168 kB
KernelStack:       16072 kB
PageTables:        27596 kB
NFS_Unstable:          0 kB
Bounce:                0 kB
WritebackTmp:          0 kB
CommitLimit:     1242116 kB
Committed_AS:   56776164 kB
VmallocTotal:     409600 kB
VmallocUsed:       26168 kB
VmallocChunk:     134172 kB
Time pass: 31 sec

---2015-11-17 01:33:16
MemTotal:        1959952 kB
MemFree:          107796 kB
Buffers:            3292 kB
Cached:          1069824 kB
SwapCached:          444 kB
Active:           796732 kB
Inactive:         706988 kB
Active(anon):     260940 kB
Inactive(anon):   171496 kB
Active(file):     535792 kB
Inactive(file):   535492 kB
Unevictable:        1580 kB
Mlocked:               0 kB
HighTotal:       1372556 kB
HighFree:          49432 kB
LowTotal:         587396 kB
LowFree:           58364 kB
SwapTotal:        262140 kB
SwapFree:         242600 kB
Dirty:               436 kB
Writeback:            28 kB
AnonPages:        432184 kB
Mapped:           303760 kB
Shmem:               252 kB
Slab:              55096 kB
SReclaimable:      16884 kB
SUnreclaim:        38212 kB
KernelStack:       16072 kB
PageTables:        27620 kB
NFS_Unstable:          0 kB
Bounce:                0 kB
WritebackTmp:          0 kB
CommitLimit:     1242116 kB
Committed_AS:   56776252 kB
VmallocTotal:     409600 kB
VmallocUsed:       26168 kB
VmallocChunk:     134172 kB
Time pass: 34 sec

---2015-11-17 01:33:16
MemTotal:        1959952 kB
MemFree:           78328 kB
Buffers:            3296 kB
Cached:          1036984 kB
SwapCached:          500 kB
Active:           788164 kB
Inactive:         690872 kB
Active(anon):     268824 kB
Inactive(anon):   171764 kB
Active(file):     519340 kB
Inactive(file):   519108 kB
Unevictable:        1580 kB
Mlocked:               0 kB
HighTotal:       1372556 kB
HighFree:          21948 kB
LowTotal:         587396 kB
LowFree:           56380 kB
SwapTotal:        262140 kB
SwapFree:         241132 kB
Dirty:               536 kB
Writeback:             0 kB
AnonPages:        440176 kB
Mapped:           310104 kB
Shmem:               252 kB
Slab:              54940 kB
SReclaimable:      16820 kB
SUnreclaim:        38120 kB
KernelStack:       16128 kB
PageTables:        27552 kB
NFS_Unstable:          0 kB
Bounce:                0 kB
WritebackTmp:          0 kB
CommitLimit:     1242116 kB
Committed_AS:   55834560 kB
VmallocTotal:     409600 kB
VmallocUsed:       26332 kB
VmallocChunk:     134172 kB
Time pass: 38 sec

---2015-11-17 01:33:16
MemTotal:        1959952 kB
MemFree:           80412 kB
Buffers:            3296 kB
Cached:          1037052 kB
SwapCached:          500 kB
Active:           786080 kB
Inactive:         690816 kB
Active(anon):     266644 kB
Inactive(anon):   171736 kB
Active(file):     519436 kB
Inactive(file):   519080 kB
Unevictable:        1580 kB
Mlocked:               0 kB
HighTotal:       1372556 kB
HighFree:          23872 kB
LowTotal:         587396 kB
LowFree:           56540 kB
SwapTotal:        262140 kB
SwapFree:         241136 kB
Dirty:               440 kB
Writeback:             0 kB
AnonPages:        438152 kB
Mapped:           310452 kB
Shmem:               252 kB
Slab:              54904 kB
SReclaimable:      16860 kB
SUnreclaim:        38044 kB
KernelStack:       15944 kB
PageTables:        27480 kB
NFS_Unstable:          0 kB
Bounce:                0 kB
WritebackTmp:          0 kB
CommitLimit:     1242116 kB
Committed_AS:   55834716 kB
VmallocTotal:     409600 kB
VmallocUsed:       26332 kB
VmallocChunk:     134172 kB
Time pass: 41 sec

---2015-11-17 01:33:16
MemTotal:        1959952 kB
MemFree:          108108 kB
Buffers:            3296 kB
Cached:          1029620 kB
SwapCached:          500 kB
Active:           789616 kB
Inactive:         688460 kB
Active(anon):     274816 kB
Inactive(anon):   172216 kB
Active(file):     514800 kB
Inactive(file):   516244 kB
Unevictable:        1580 kB
Mlocked:               0 kB
HighTotal:       1372556 kB
HighFree:          36152 kB
LowTotal:         587396 kB
LowFree:           71956 kB
SwapTotal:        262140 kB
SwapFree:         240408 kB
Dirty:               668 kB
Writeback:             0 kB
AnonPages:        447204 kB
Mapped:           312132 kB
Shmem:               256 kB
Slab:              55096 kB
SReclaimable:      16860 kB
SUnreclaim:        38236 kB
KernelStack:       15928 kB
PageTables:        27408 kB
NFS_Unstable:          0 kB
Bounce:                0 kB
WritebackTmp:          0 kB
CommitLimit:     1242116 kB
Committed_AS:   55846780 kB
VmallocTotal:     409600 kB
VmallocUsed:       26272 kB
VmallocChunk:     134172 kB
Time pass: 45 sec

---2015-11-17 01:33:16
MemTotal:        1959952 kB
MemFree:           96052 kB
Buffers:            3296 kB
Cached:           991100 kB
SwapCached:          504 kB
Active:           769876 kB
Inactive:         686112 kB
Active(anon):     290108 kB
Inactive(anon):   173640 kB
Active(file):     479768 kB
Inactive(file):   512472 kB
Unevictable:        1580 kB
Mlocked:               0 kB
HighTotal:       1372556 kB
HighFree:          24208 kB
LowTotal:         587396 kB
LowFree:           71844 kB
SwapTotal:        262140 kB
SwapFree:         240128 kB
Dirty:              1272 kB
Writeback:             0 kB
AnonPages:        463152 kB
Mapped:           316980 kB
Shmem:               256 kB
Slab:              55200 kB
SReclaimable:      16772 kB
SUnreclaim:        38428 kB
KernelStack:       16000 kB
PageTables:        27508 kB
NFS_Unstable:          0 kB
Bounce:                0 kB
WritebackTmp:          0 kB
CommitLimit:     1242116 kB
Committed_AS:   55863656 kB
VmallocTotal:     409600 kB
VmallocUsed:       26436 kB
VmallocChunk:     134172 kB
Time pass: 49 sec

---2015-11-17 01:33:16
MemTotal:        1959952 kB
MemFree:           86824 kB
Buffers:            4448 kB
Cached:           994208 kB
SwapCached:          504 kB
Active:           763736 kB
Inactive:         690468 kB
Active(anon):     283916 kB
Inactive(anon):   173640 kB
Active(file):     479820 kB
Inactive(file):   516828 kB
Unevictable:        1580 kB
Mlocked:               0 kB
HighTotal:       1372556 kB
HighFree:          24124 kB
LowTotal:         587396 kB
LowFree:           62700 kB
SwapTotal:        262140 kB
SwapFree:         240132 kB
Dirty:              3272 kB
Writeback:             0 kB
AnonPages:        457348 kB
Mapped:           318612 kB
Shmem:               256 kB
Slab:              55200 kB
SReclaimable:      16836 kB
SUnreclaim:        38364 kB
KernelStack:       15992 kB
PageTables:        27544 kB
NFS_Unstable:          0 kB
Bounce:                0 kB
WritebackTmp:          0 kB
CommitLimit:     1242116 kB
Committed_AS:   55856868 kB
VmallocTotal:     409600 kB
VmallocUsed:       26472 kB
VmallocChunk:     134172 kB
Time pass: 53 sec

---2015-11-17 01:33:16
MemTotal:        1959952 kB
MemFree:          110132 kB
Buffers:            4448 kB
Cached:           961148 kB
SwapCached:          504 kB
Active:           736956 kB
Inactive:         681176 kB
Active(anon):     279688 kB
Inactive(anon):   174776 kB
Active(file):     457268 kB
Inactive(file):   506400 kB
Unevictable:        1580 kB
Mlocked:               0 kB
HighTotal:       1372556 kB
HighFree:          37204 kB
LowTotal:         587396 kB
LowFree:           72928 kB
SwapTotal:        262140 kB
SwapFree:         237892 kB
Dirty:               908 kB
Writeback:            64 kB
AnonPages:        454148 kB
Mapped:           320084 kB
Shmem:               256 kB
Slab:              54940 kB
SReclaimable:      16780 kB
SUnreclaim:        38160 kB
KernelStack:       15984 kB
PageTables:        27568 kB
NFS_Unstable:          0 kB
Bounce:                0 kB
WritebackTmp:          0 kB
CommitLimit:     1242116 kB
Committed_AS:   55855268 kB
VmallocTotal:     409600 kB
VmallocUsed:       26508 kB
VmallocChunk:     134172 kB
Time pass: 57 sec

---2015-11-17 01:33:16
MemTotal:        1959952 kB
MemFree:          108432 kB
Buffers:            4448 kB
Cached:           961464 kB
SwapCached:          504 kB
Active:           737308 kB
Inactive:         681456 kB
Active(anon):     280040 kB
Inactive(anon):   174772 kB
Active(file):     457268 kB
Inactive(file):   506684 kB
Unevictable:        1580 kB
Mlocked:               0 kB
HighTotal:       1372556 kB
HighFree:          35824 kB
LowTotal:         587396 kB
LowFree:           72608 kB
SwapTotal:        262140 kB
SwapFree:         237896 kB
Dirty:               908 kB
Writeback:             0 kB
AnonPages:        454572 kB
Mapped:           320844 kB
Shmem:               256 kB
Slab:              55120 kB
SReclaimable:      16820 kB
SUnreclaim:        38300 kB
KernelStack:       15984 kB
PageTables:        27572 kB
NFS_Unstable:          0 kB
Bounce:                0 kB
WritebackTmp:          0 kB
CommitLimit:     1242116 kB
Committed_AS:   55855556 kB
VmallocTotal:     409600 kB
VmallocUsed:       26508 kB
VmallocChunk:     134172 kB
Time pass: 60 sec

---2015-11-17 01:33:16
MemTotal:        1959952 kB
MemFree:          135528 kB
Buffers:            4448 kB
Cached:           901452 kB
SwapCached:          504 kB
Active:           719904 kB
Inactive:         644420 kB
Active(anon):     283848 kB
Inactive(anon):   176412 kB
Active(file):     436056 kB
Inactive(file):   468008 kB
Unevictable:        1580 kB
Mlocked:               0 kB
HighTotal:       1372556 kB
HighFree:          36500 kB
LowTotal:         587396 kB
LowFree:           99028 kB
SwapTotal:        262140 kB
SwapFree:         236472 kB
Dirty:              1316 kB
Writeback:             0 kB
AnonPages:        459804 kB
Mapped:           334416 kB
Shmem:               256 kB
Slab:              55036 kB
SReclaimable:      16868 kB
SUnreclaim:        38168 kB
KernelStack:       15992 kB
PageTables:        27608 kB
NFS_Unstable:          0 kB
Bounce:                0 kB
WritebackTmp:          0 kB
CommitLimit:     1242116 kB
Committed_AS:   55861520 kB
VmallocTotal:     409600 kB
VmallocUsed:       26584 kB
VmallocChunk:     134172 kB
Time pass: 64 sec

---2015-11-17 01:33:16
MemTotal:        1959952 kB
MemFree:          122220 kB
Buffers:            4448 kB
Cached:           906904 kB
SwapCached:          504 kB
Active:           728500 kB
Inactive:         649620 kB
Active(anon):     292300 kB
Inactive(anon):   176400 kB
Active(file):     436200 kB
Inactive(file):   473220 kB
Unevictable:        1580 kB
Mlocked:               0 kB
HighTotal:       1372556 kB
HighFree:          24144 kB
LowTotal:         587396 kB
LowFree:           98076 kB
SwapTotal:        262140 kB
SwapFree:         236472 kB
Dirty:              1064 kB
Writeback:             0 kB
AnonPages:        468548 kB
Mapped:           337776 kB
Shmem:               256 kB
Slab:              55348 kB
SReclaimable:      16948 kB
SUnreclaim:        38400 kB
KernelStack:       16056 kB
PageTables:        27632 kB
NFS_Unstable:          0 kB
Bounce:                0 kB
WritebackTmp:          0 kB
CommitLimit:     1242116 kB
Committed_AS:   55876064 kB
VmallocTotal:     409600 kB
VmallocUsed:       26584 kB
VmallocChunk:     134172 kB
Time pass: 67 sec

---2015-11-17 01:33:16
MemTotal:        1959952 kB
MemFree:           91752 kB
Buffers:            4448 kB
Cached:           908448 kB
SwapCached:          928 kB
Active:           735080 kB
Inactive:         651604 kB
Active(anon):     298808 kB
Inactive(anon):   176948 kB
Active(file):     436272 kB
Inactive(file):   474656 kB
Unevictable:        1580 kB
Mlocked:               0 kB
HighTotal:       1372556 kB
HighFree:          24168 kB
LowTotal:         587396 kB
LowFree:           67584 kB
SwapTotal:        262140 kB
SwapFree:         236492 kB
Dirty:               912 kB
Writeback:             0 kB
AnonPages:        475624 kB
Mapped:           336180 kB
Shmem:               392 kB
Slab:              54740 kB
SReclaimable:      16796 kB
SUnreclaim:        37944 kB
KernelStack:       16192 kB
PageTables:        27792 kB
NFS_Unstable:          0 kB
Bounce:                0 kB
WritebackTmp:          0 kB
CommitLimit:     1242116 kB
Committed_AS:   55894316 kB
VmallocTotal:     409600 kB
VmallocUsed:       26584 kB
VmallocChunk:     134172 kB
Time pass: 72 sec

---2015-11-17 01:33:16
MemTotal:        1959952 kB
MemFree:           89220 kB
Buffers:            4448 kB
Cached:           878708 kB
SwapCached:          928 kB
Active:           734204 kB
Inactive:         626552 kB
Active(anon):     300788 kB
Inactive(anon):   178860 kB
Active(file):     433416 kB
Inactive(file):   447692 kB
Unevictable:        1580 kB
Mlocked:               0 kB
HighTotal:       1372556 kB
HighFree:          30916 kB
LowTotal:         587396 kB
LowFree:           58304 kB
SwapTotal:        262140 kB
SwapFree:         235864 kB
Dirty:               832 kB
Writeback:             0 kB
AnonPages:        479348 kB
Mapped:           336436 kB
Shmem:               468 kB
Slab:              54760 kB
SReclaimable:      16716 kB
SUnreclaim:        38044 kB
KernelStack:       16192 kB
PageTables:        27912 kB
NFS_Unstable:          0 kB
Bounce:                0 kB
WritebackTmp:          0 kB
CommitLimit:     1242116 kB
Committed_AS:   55897160 kB
VmallocTotal:     409600 kB
VmallocUsed:       26584 kB
VmallocChunk:     134172 kB
Time pass: 76 sec

---2015-11-17 01:33:16
MemTotal:        1959952 kB
MemFree:           86808 kB
Buffers:            4448 kB
Cached:           879760 kB
SwapCached:          928 kB
Active:           735708 kB
Inactive:         627428 kB
Active(anon):     302292 kB
Inactive(anon):   178988 kB
Active(file):     433416 kB
Inactive(file):   448440 kB
Unevictable:        1580 kB
Mlocked:               0 kB
HighTotal:       1372556 kB
HighFree:          28684 kB
LowTotal:         587396 kB
LowFree:           58124 kB
SwapTotal:        262140 kB
SwapFree:         235864 kB
Dirty:               832 kB
Writeback:             0 kB
AnonPages:        480852 kB
Mapped:           336724 kB
Shmem:               596 kB
Slab:              54792 kB
SReclaimable:      16716 kB
SUnreclaim:        38076 kB
KernelStack:       16200 kB
PageTables:        27924 kB
NFS_Unstable:          0 kB
Bounce:                0 kB
WritebackTmp:          0 kB
CommitLimit:     1242116 kB
Committed_AS:   55897684 kB
VmallocTotal:     409600 kB
VmallocUsed:       26584 kB
VmallocChunk:     134172 kB
Time pass: 80 sec

---2015-11-17 01:33:16
MemTotal:        1959952 kB
MemFree:           94264 kB
Buffers:            4448 kB
Cached:           879920 kB
SwapCached:          928 kB
Active:           731492 kB
Inactive:         624208 kB
Active(anon):     298048 kB
Inactive(anon):   175512 kB
Active(file):     433444 kB
Inactive(file):   448696 kB
Unevictable:        1580 kB
Mlocked:               0 kB
HighTotal:       1372556 kB
HighFree:          35340 kB
LowTotal:         587396 kB
LowFree:           58924 kB
SwapTotal:        262140 kB
SwapFree:         235864 kB
Dirty:               840 kB
Writeback:             0 kB
AnonPages:        472968 kB
Mapped:           336780 kB
Shmem:               648 kB
Slab:              54600 kB
SReclaimable:      16724 kB
SUnreclaim:        37876 kB
KernelStack:       16200 kB
PageTables:        27932 kB
NFS_Unstable:          0 kB
Bounce:                0 kB
WritebackTmp:          0 kB
CommitLimit:     1242116 kB
Committed_AS:   55896360 kB
VmallocTotal:     409600 kB
VmallocUsed:       26584 kB
VmallocChunk:     134172 kB
Time pass: 84 sec

---2015-11-17 01:33:16
MemTotal:        1959952 kB
MemFree:           83476 kB
Buffers:            4564 kB
Cached:           883340 kB
SwapCached:          944 kB
Active:           731228 kB
Inactive:         627580 kB
Active(anon):     297664 kB
Inactive(anon):   175112 kB
Active(file):     433564 kB
Inactive(file):   452468 kB
Unevictable:        1580 kB
Mlocked:               0 kB
HighTotal:       1372556 kB
HighFree:          24528 kB
LowTotal:         587396 kB
LowFree:           58948 kB
SwapTotal:        262140 kB
SwapFree:         235864 kB
Dirty:               988 kB
Writeback:            12 kB
AnonPages:        472656 kB
Mapped:           339944 kB
Shmem:               256 kB
Slab:              55008 kB
SReclaimable:      16740 kB
SUnreclaim:        38268 kB
KernelStack:       16016 kB
PageTables:        27788 kB
NFS_Unstable:          0 kB
Bounce:                0 kB
WritebackTmp:          0 kB
CommitLimit:     1242116 kB
Committed_AS:   57718436 kB
VmallocTotal:     409600 kB
VmallocUsed:       26584 kB
VmallocChunk:     134172 kB
Time pass: 87 sec

---2015-11-17 01:33:16
MemTotal:        1959952 kB
MemFree:          341252 kB
Buffers:            4564 kB
Cached:           875288 kB
SwapCached:          976 kB
Active:           653364 kB
Inactive:         623592 kB
Active(anon):     220784 kB
Inactive(anon):   178040 kB
Active(file):     432580 kB
Inactive(file):   445552 kB
Unevictable:        1580 kB
Mlocked:               0 kB
HighTotal:       1372556 kB
HighFree:         155320 kB
LowTotal:         587396 kB
LowFree:          185932 kB
SwapTotal:        262140 kB
SwapFree:         235248 kB
Dirty:               276 kB
Writeback:             4 kB
AnonPages:        398756 kB
Mapped:           265296 kB
Shmem:               120 kB
Slab:              54888 kB
SReclaimable:      16680 kB
SUnreclaim:        38208 kB
KernelStack:       15104 kB
PageTables:        25948 kB
NFS_Unstable:          0 kB
Bounce:                0 kB
WritebackTmp:          0 kB
CommitLimit:     1242116 kB
Committed_AS:   53873124 kB
VmallocTotal:     409600 kB
VmallocUsed:       24816 kB
VmallocChunk:     134172 kB
Time pass: 91 sec

---2015-11-17 01:33:16
MemTotal:        1959952 kB
MemFree:          340272 kB
Buffers:            4564 kB
Cached:           876404 kB
SwapCached:          968 kB
Active:           654672 kB
Inactive:         623808 kB
Active(anon):     222068 kB
Inactive(anon):   177140 kB
Active(file):     432604 kB
Inactive(file):   446668 kB
Unevictable:        1580 kB
Mlocked:               0 kB
HighTotal:       1372556 kB
HighFree:         153508 kB
LowTotal:         587396 kB
LowFree:          186764 kB
SwapTotal:        262140 kB
SwapFree:         235280 kB
Dirty:               312 kB
Writeback:             0 kB
AnonPages:        399076 kB
Mapped:           266504 kB
Shmem:               120 kB
Slab:              54892 kB
SReclaimable:      16680 kB
SUnreclaim:        38212 kB
KernelStack:       15248 kB
PageTables:        26300 kB
NFS_Unstable:          0 kB
Bounce:                0 kB
WritebackTmp:          0 kB
CommitLimit:     1242116 kB
Committed_AS:   54823160 kB
VmallocTotal:     409600 kB
VmallocUsed:       24816 kB
VmallocChunk:     134172 kB
Time pass: 95 sec

---2015-11-17 01:33:16
MemTotal:        1959952 kB
MemFree:          339436 kB
Buffers:            4564 kB
Cached:           876428 kB
SwapCached:          972 kB
Active:           655456 kB
Inactive:         623820 kB
Active(anon):     222844 kB
Inactive(anon):   177140 kB
Active(file):     432612 kB
Inactive(file):   446680 kB
Unevictable:        1580 kB
Mlocked:               0 kB
HighTotal:       1372556 kB
HighFree:         152704 kB
LowTotal:         587396 kB
LowFree:          186732 kB
SwapTotal:        262140 kB
SwapFree:         235280 kB
Dirty:                96 kB
Writeback:             0 kB
AnonPages:        399916 kB
Mapped:           266520 kB
Shmem:               120 kB
Slab:              54952 kB
SReclaimable:      16688 kB
SUnreclaim:        38264 kB
KernelStack:       15256 kB
PageTables:        26324 kB
NFS_Unstable:          0 kB
Bounce:                0 kB
WritebackTmp:          0 kB
CommitLimit:     1242116 kB
Committed_AS:   54823872 kB
VmallocTotal:     409600 kB
VmallocUsed:       24816 kB
VmallocChunk:     134172 kB
Time pass: 99 sec

---2015-11-17 01:33:16
MemTotal:        1959952 kB
MemFree:          344520 kB
Buffers:            4564 kB
Cached:           876432 kB
SwapCached:          972 kB
Active:           655400 kB
Inactive:         623824 kB
Active(anon):     222788 kB
Inactive(anon):   177144 kB
Active(file):     432612 kB
Inactive(file):   446680 kB
Unevictable:        1580 kB
Mlocked:               0 kB
HighTotal:       1372556 kB
HighFree:         152612 kB
LowTotal:         587396 kB
LowFree:          191908 kB
SwapTotal:        262140 kB
SwapFree:         235280 kB
Dirty:                96 kB
Writeback:             0 kB
AnonPages:        399972 kB
Mapped:           266520 kB
Shmem:               120 kB
Slab:              54932 kB
SReclaimable:      16688 kB
SUnreclaim:        38244 kB
KernelStack:       15248 kB
PageTables:        26344 kB
NFS_Unstable:          0 kB
Bounce:                0 kB
WritebackTmp:          0 kB
CommitLimit:     1242116 kB
Committed_AS:   54823868 kB
VmallocTotal:     409600 kB
VmallocUsed:       24816 kB
VmallocChunk:     134172 kB
Time pass: 102 sec

---2015-11-17 01:33:16
MemTotal:        1959952 kB
MemFree:          344324 kB
Buffers:            4564 kB
Cached:           876432 kB
SwapCached:          972 kB
Active:           655776 kB
Inactive:         623824 kB
Active(anon):     223164 kB
Inactive(anon):   177144 kB
Active(file):     432612 kB
Inactive(file):   446680 kB
Unevictable:        1580 kB
Mlocked:               0 kB
HighTotal:       1372556 kB
HighFree:         152284 kB
LowTotal:         587396 kB
LowFree:          192040 kB
SwapTotal:        262140 kB
SwapFree:         235280 kB
Dirty:                72 kB
Writeback:             0 kB
AnonPages:        400268 kB
Mapped:           266520 kB
Shmem:               120 kB
Slab:              54884 kB
SReclaimable:      16688 kB
SUnreclaim:        38196 kB
KernelStack:       15240 kB
PageTables:        26344 kB
NFS_Unstable:          0 kB
Bounce:                0 kB
WritebackTmp:          0 kB
CommitLimit:     1242116 kB
Committed_AS:   54823952 kB
VmallocTotal:     409600 kB
VmallocUsed:       24816 kB
VmallocChunk:     134172 kB
Time pass: 106 sec

---2015-11-17 01:33:16
MemTotal:        1959952 kB
MemFree:          344072 kB
Buffers:            4564 kB
Cached:           876432 kB
SwapCached:          972 kB
Active:           655936 kB
Inactive:         623824 kB
Active(anon):     223324 kB
Inactive(anon):   177144 kB
Active(file):     432612 kB
Inactive(file):   446680 kB
Unevictable:        1580 kB
Mlocked:               0 kB
HighTotal:       1372556 kB
HighFree:         152160 kB
LowTotal:         587396 kB
LowFree:          191912 kB
SwapTotal:        262140 kB
SwapFree:         235280 kB
Dirty:                72 kB
Writeback:             0 kB
AnonPages:        400420 kB
Mapped:           266528 kB
Shmem:               120 kB
Slab:              55184 kB
SReclaimable:      16688 kB
SUnreclaim:        38496 kB
KernelStack:       15240 kB
PageTables:        26344 kB
NFS_Unstable:          0 kB
Bounce:                0 kB
WritebackTmp:          0 kB
CommitLimit:     1242116 kB
Committed_AS:   54824168 kB
VmallocTotal:     409600 kB
VmallocUsed:       24816 kB
VmallocChunk:     134172 kB
Time pass: 109 sec

---2015-11-17 01:33:16
MemTotal:        1959952 kB
MemFree:          343740 kB
Buffers:            4564 kB
Cached:           876432 kB
SwapCached:          972 kB
Active:           656180 kB
Inactive:         623824 kB
Active(anon):     223568 kB
Inactive(anon):   177144 kB
Active(file):     432612 kB
Inactive(file):   446680 kB
Unevictable:        1580 kB
Mlocked:               0 kB
HighTotal:       1372556 kB
HighFree:         151828 kB
LowTotal:         587396 kB
LowFree:          191912 kB
SwapTotal:        262140 kB
SwapFree:         235280 kB
Dirty:                72 kB
Writeback:             0 kB
AnonPages:        400648 kB
Mapped:           266536 kB
Shmem:               120 kB
Slab:              55072 kB
SReclaimable:      16688 kB
SUnreclaim:        38384 kB
KernelStack:       15240 kB
PageTables:        26344 kB
NFS_Unstable:          0 kB
Bounce:                0 kB
WritebackTmp:          0 kB
CommitLimit:     1242116 kB
Committed_AS:   54824356 kB
VmallocTotal:     409600 kB
VmallocUsed:       24816 kB
VmallocChunk:     134172 kB
Time pass: 113 sec

---2015-11-17 01:33:16
MemTotal:        1959952 kB
MemFree:          272000 kB
Buffers:            4564 kB
Cached:           876676 kB
SwapCached:         1016 kB
Active:           682916 kB
Inactive:         622216 kB
Active(anon):     248452 kB
Inactive(anon):   177272 kB
Active(file):     434464 kB
Inactive(file):   444944 kB
Unevictable:        1580 kB
Mlocked:               0 kB
HighTotal:       1372556 kB
HighFree:         110116 kB
LowTotal:         587396 kB
LowFree:          161884 kB
SwapTotal:        262140 kB
SwapFree:         235284 kB
Dirty:               776 kB
Writeback:             0 kB
AnonPages:        425680 kB
Mapped:           293292 kB
Shmem:               252 kB
Slab:              55224 kB
SReclaimable:      16800 kB
SUnreclaim:        38424 kB
KernelStack:       15904 kB
PageTables:        27212 kB
NFS_Unstable:          0 kB
Bounce:                0 kB
WritebackTmp:          0 kB
CommitLimit:     1242116 kB
Committed_AS:   55835400 kB
VmallocTotal:     409600 kB
VmallocUsed:       26024 kB
VmallocChunk:     134172 kB
Time pass: 116 sec

---2015-11-17 01:33:16
MemTotal:        1959952 kB
MemFree:          231072 kB
Buffers:            4564 kB
Cached:           877240 kB
SwapCached:         1016 kB
Active:           682548 kB
Inactive:         621356 kB
Active(anon):     247892 kB
Inactive(anon):   176044 kB
Active(file):     434656 kB
Inactive(file):   445312 kB
Unevictable:        1580 kB
Mlocked:               0 kB
HighTotal:       1372556 kB
HighFree:         100592 kB
LowTotal:         587396 kB
LowFree:          130480 kB
SwapTotal:        262140 kB
SwapFree:         235284 kB
Dirty:              1040 kB
Writeback:             0 kB
AnonPages:        423780 kB
Mapped:           298032 kB
Shmem:               256 kB
Slab:              55500 kB
SReclaimable:      16832 kB
SUnreclaim:        38668 kB
KernelStack:       15944 kB
PageTables:        27280 kB
NFS_Unstable:          0 kB
Bounce:                0 kB
WritebackTmp:          0 kB
CommitLimit:     1242116 kB
Committed_AS:   55832304 kB
VmallocTotal:     409600 kB
VmallocUsed:       26224 kB
VmallocChunk:     134172 kB
Time pass: 120 sec

---2015-11-17 01:33:16
MemTotal:        1959952 kB
MemFree:          191876 kB
Buffers:            4564 kB
Cached:           879080 kB
SwapCached:         1016 kB
Active:           703224 kB
Inactive:         620124 kB
Active(anon):     265544 kB
Inactive(anon):   176016 kB
Active(file):     437680 kB
Inactive(file):   444108 kB
Unevictable:        1580 kB
Mlocked:               0 kB
HighTotal:       1372556 kB
HighFree:          66892 kB
LowTotal:         587396 kB
LowFree:          124984 kB
SwapTotal:        262140 kB
SwapFree:         235284 kB
Dirty:              2312 kB
Writeback:             0 kB
AnonPages:        440936 kB
Mapped:           307164 kB
Shmem:               256 kB
Slab:              55200 kB
SReclaimable:      16832 kB
SUnreclaim:        38368 kB
KernelStack:       16016 kB
PageTables:        27396 kB
NFS_Unstable:          0 kB
Bounce:                0 kB
WritebackTmp:          0 kB
CommitLimit:     1242116 kB
Committed_AS:   55849300 kB
VmallocTotal:     409600 kB
VmallocUsed:       26304 kB
VmallocChunk:     134172 kB
Time pass: 123 sec

---2015-11-17 01:33:16
MemTotal:        1959952 kB
MemFree:          150972 kB
Buffers:            4564 kB
Cached:           880884 kB
SwapCached:         1016 kB
Active:           707692 kB
Inactive:         618568 kB
Active(anon):     266640 kB
Inactive(anon):   176016 kB
Active(file):     441052 kB
Inactive(file):   442552 kB
Unevictable:        1580 kB
Mlocked:               0 kB
HighTotal:       1372556 kB
HighFree:          61212 kB
LowTotal:         587396 kB
LowFree:           89760 kB
SwapTotal:        262140 kB
SwapFree:         235284 kB
Dirty:               592 kB
Writeback:             0 kB
AnonPages:        442400 kB
Mapped:           310916 kB
Shmem:               256 kB
Slab:              55048 kB
SReclaimable:      16832 kB
SUnreclaim:        38216 kB
KernelStack:       16016 kB
PageTables:        27472 kB
NFS_Unstable:          0 kB
Bounce:                0 kB
WritebackTmp:          0 kB
CommitLimit:     1242116 kB
Committed_AS:   55850492 kB
VmallocTotal:     409600 kB
VmallocUsed:       26436 kB
VmallocChunk:     134172 kB
Time pass: 127 sec

---2015-11-17 01:33:16
MemTotal:        1959952 kB
MemFree:          152160 kB
Buffers:            4564 kB
Cached:           880888 kB
SwapCached:         1016 kB
Active:           706816 kB
Inactive:         618564 kB
Active(anon):     265748 kB
Inactive(anon):   176016 kB
Active(file):     441068 kB
Inactive(file):   442548 kB
Unevictable:        1580 kB
Mlocked:               0 kB
HighTotal:       1372556 kB
HighFree:          62968 kB
LowTotal:         587396 kB
LowFree:           89192 kB
SwapTotal:        262140 kB
SwapFree:         235284 kB
Dirty:               640 kB
Writeback:             0 kB
AnonPages:        441480 kB
Mapped:           310980 kB
Shmem:               256 kB
Slab:              55336 kB
SReclaimable:      16832 kB
SUnreclaim:        38504 kB
KernelStack:       16032 kB
PageTables:        27492 kB
NFS_Unstable:          0 kB
Bounce:                0 kB
WritebackTmp:          0 kB
CommitLimit:     1242116 kB
Committed_AS:   55850432 kB
VmallocTotal:     409600 kB
VmallocUsed:       26436 kB
VmallocChunk:     134172 kB
Time pass: 130 sec

---2015-11-17 01:33:16
MemTotal:        1959952 kB
MemFree:          126452 kB
Buffers:            4564 kB
Cached:           880908 kB
SwapCached:         1016 kB
Active:           714212 kB
Inactive:         618568 kB
Active(anon):     273140 kB
Inactive(anon):   176008 kB
Active(file):     441072 kB
Inactive(file):   442560 kB
Unevictable:        1580 kB
Mlocked:               0 kB
HighTotal:       1372556 kB
HighFree:          39984 kB
LowTotal:         587396 kB
LowFree:           86468 kB
SwapTotal:        262140 kB
SwapFree:         235284 kB
Dirty:              1100 kB
Writeback:             0 kB
AnonPages:        448948 kB
Mapped:           323108 kB
Shmem:               256 kB
Slab:              55508 kB
SReclaimable:      16832 kB
SUnreclaim:        38676 kB
KernelStack:       16032 kB
PageTables:        27528 kB
NFS_Unstable:          0 kB
Bounce:                0 kB
WritebackTmp:          0 kB
CommitLimit:     1242116 kB
Committed_AS:   55857376 kB
VmallocTotal:     409600 kB
VmallocUsed:       26512 kB
VmallocChunk:     134172 kB
Time pass: 134 sec

---2015-11-17 01:33:16
MemTotal:        1959952 kB
MemFree:          126116 kB
Buffers:            4564 kB
Cached:           880916 kB
SwapCached:         1016 kB
Active:           714384 kB
Inactive:         618556 kB
Active(anon):     273304 kB
Inactive(anon):   176000 kB
Active(file):     441080 kB
Inactive(file):   442556 kB
Unevictable:        1580 kB
Mlocked:               0 kB
HighTotal:       1372556 kB
HighFree:          39648 kB
LowTotal:         587396 kB
LowFree:           86468 kB
SwapTotal:        262140 kB
SwapFree:         235284 kB
Dirty:               640 kB
Writeback:            84 kB
AnonPages:        449088 kB
Mapped:           323100 kB
Shmem:               256 kB
Slab:              55608 kB
SReclaimable:      16832 kB
SUnreclaim:        38776 kB
KernelStack:       16032 kB
PageTables:        27528 kB
NFS_Unstable:          0 kB
Bounce:                0 kB
WritebackTmp:          0 kB
CommitLimit:     1242116 kB
Committed_AS:   55856748 kB
VmallocTotal:     409600 kB
VmallocUsed:       26512 kB
VmallocChunk:     134172 kB
Time pass: 137 sec

---2015-11-17 01:33:16
MemTotal:        1959952 kB
MemFree:          126104 kB
Buffers:            4564 kB
Cached:           880940 kB
SwapCached:         1016 kB
Active:           714208 kB
Inactive:         618552 kB
Active(anon):     273128 kB
Inactive(anon):   175992 kB
Active(file):     441080 kB
Inactive(file):   442560 kB
Unevictable:        1580 kB
Mlocked:               0 kB
HighTotal:       1372556 kB
HighFree:          39876 kB
LowTotal:         587396 kB
LowFree:           86228 kB
SwapTotal:        262140 kB
SwapFree:         235284 kB
Dirty:               660 kB
Writeback:             0 kB
AnonPages:        448888 kB
Mapped:           323100 kB
Shmem:               256 kB
Slab:              55512 kB
SReclaimable:      16832 kB
SUnreclaim:        38680 kB
KernelStack:       16032 kB
PageTables:        27528 kB
NFS_Unstable:          0 kB
Bounce:                0 kB
WritebackTmp:          0 kB
CommitLimit:     1242116 kB
Committed_AS:   55856936 kB
VmallocTotal:     409600 kB
VmallocUsed:       26512 kB
VmallocChunk:     134172 kB
Time pass: 141 sec

---2015-11-17 01:33:16
MemTotal:        1959952 kB
MemFree:          124664 kB
Buffers:            4564 kB
Cached:           881104 kB
SwapCached:         1016 kB
Active:           719108 kB
Inactive:         617744 kB
Active(anon):     277044 kB
Inactive(anon):   176092 kB
Active(file):     442064 kB
Inactive(file):   441652 kB
Unevictable:        1580 kB
Mlocked:               0 kB
HighTotal:       1372556 kB
HighFree:          40652 kB
LowTotal:         587396 kB
LowFree:           84012 kB
SwapTotal:        262140 kB
SwapFree:         235284 kB
Dirty:               672 kB
Writeback:             0 kB
AnonPages:        452628 kB
Mapped:           323468 kB
Shmem:               372 kB
Slab:              55636 kB
SReclaimable:      16840 kB
SUnreclaim:        38796 kB
KernelStack:       16224 kB
PageTables:        27652 kB
NFS_Unstable:          0 kB
Bounce:                0 kB
WritebackTmp:          0 kB
CommitLimit:     1242116 kB
Committed_AS:   55877640 kB
VmallocTotal:     409600 kB
VmallocUsed:       28920 kB
VmallocChunk:     134172 kB
Time pass: 145 sec

---2015-11-17 01:33:16
MemTotal:        1959952 kB
MemFree:          121336 kB
Buffers:            4564 kB
Cached:           881220 kB
SwapCached:         1016 kB
Active:           720152 kB
Inactive:         617864 kB
Active(anon):     278080 kB
Inactive(anon):   176212 kB
Active(file):     442072 kB
Inactive(file):   441652 kB
Unevictable:        1580 kB
Mlocked:               0 kB
HighTotal:       1372556 kB
HighFree:          37276 kB
LowTotal:         587396 kB
LowFree:           84060 kB
SwapTotal:        262140 kB
SwapFree:         235284 kB
Dirty:               668 kB
Writeback:             0 kB
AnonPages:        453808 kB
Mapped:           324380 kB
Shmem:               480 kB
Slab:              55172 kB
SReclaimable:      16840 kB
SUnreclaim:        38332 kB
KernelStack:       16216 kB
PageTables:        27656 kB
NFS_Unstable:          0 kB
Bounce:                0 kB
WritebackTmp:          0 kB
CommitLimit:     1242116 kB
Committed_AS:   55878520 kB
VmallocTotal:     409600 kB
VmallocUsed:       28920 kB
VmallocChunk:     134172 kB
Time pass: 149 sec

---2015-11-17 01:33:16
MemTotal:        1959952 kB
MemFree:          121724 kB
Buffers:            4564 kB
Cached:           881272 kB
SwapCached:         1016 kB
Active:           720400 kB
Inactive:         617912 kB
Active(anon):     278324 kB
Inactive(anon):   176260 kB
Active(file):     442076 kB
Inactive(file):   441652 kB
Unevictable:        1580 kB
Mlocked:               0 kB
HighTotal:       1372556 kB
HighFree:          37568 kB
LowTotal:         587396 kB
LowFree:           84156 kB
SwapTotal:        262140 kB
SwapFree:         235284 kB
Dirty:               664 kB
Writeback:             0 kB
AnonPages:        454008 kB
Mapped:           324168 kB
Shmem:               528 kB
Slab:              55140 kB
SReclaimable:      16840 kB
SUnreclaim:        38300 kB
KernelStack:       16216 kB
PageTables:        27652 kB
NFS_Unstable:          0 kB
Bounce:                0 kB
WritebackTmp:          0 kB
CommitLimit:     1242116 kB
Committed_AS:   55878660 kB
VmallocTotal:     409600 kB
VmallocUsed:       28920 kB
VmallocChunk:     134172 kB
Time pass: 153 sec

---2015-11-17 01:33:16
MemTotal:        1959952 kB
MemFree:          121600 kB
Buffers:            4564 kB
Cached:           881276 kB
SwapCached:         1016 kB
Active:           720704 kB
Inactive:         617916 kB
Active(anon):     278628 kB
Inactive(anon):   176264 kB
Active(file):     442076 kB
Inactive(file):   441652 kB
Unevictable:        1580 kB
Mlocked:               0 kB
HighTotal:       1372556 kB
HighFree:          37444 kB
LowTotal:         587396 kB
LowFree:           84156 kB
SwapTotal:        262140 kB
SwapFree:         235284 kB
Dirty:               668 kB
Writeback:             0 kB
AnonPages:        454184 kB
Mapped:           324256 kB
Shmem:               532 kB
Slab:              55132 kB
SReclaimable:      16840 kB
SUnreclaim:        38292 kB
KernelStack:       16216 kB
PageTables:        27648 kB
NFS_Unstable:          0 kB
Bounce:                0 kB
WritebackTmp:          0 kB
CommitLimit:     1242116 kB
Committed_AS:   55878744 kB
VmallocTotal:     409600 kB
VmallocUsed:       28920 kB
VmallocChunk:     134172 kB
Time pass: 156 sec

---2015-11-17 01:33:16
MemTotal:        1959952 kB
MemFree:          120484 kB
Buffers:            4564 kB
Cached:           881404 kB
SwapCached:         1016 kB
Active:           721720 kB
Inactive:         618036 kB
Active(anon):     279644 kB
Inactive(anon):   176256 kB
Active(file):     442076 kB
Inactive(file):   441780 kB
Unevictable:        1580 kB
Mlocked:               0 kB
HighTotal:       1372556 kB
HighFree:          36576 kB
LowTotal:         587396 kB
LowFree:           83908 kB
SwapTotal:        262140 kB
SwapFree:         235284 kB
Dirty:               728 kB
Writeback:             0 kB
AnonPages:        455260 kB
Mapped:           324348 kB
Shmem:               532 kB
Slab:              55120 kB
SReclaimable:      16840 kB
SUnreclaim:        38280 kB
KernelStack:       16216 kB
PageTables:        27652 kB
NFS_Unstable:          0 kB
Bounce:                0 kB
WritebackTmp:          0 kB
CommitLimit:     1242116 kB
Committed_AS:   55879176 kB
VmallocTotal:     409600 kB
VmallocUsed:       28920 kB
VmallocChunk:     134172 kB
Time pass: 160 sec

---2015-11-17 01:33:16
MemTotal:        1959952 kB
MemFree:           83024 kB
Buffers:            4612 kB
Cached:           883544 kB
SwapCached:         1016 kB
Active:           735764 kB
Inactive:         619868 kB
Active(anon):     293608 kB
Inactive(anon):   176056 kB
Active(file):     442156 kB
Inactive(file):   443812 kB
Unevictable:        1580 kB
Mlocked:               0 kB
HighTotal:       1372556 kB
HighFree:          19204 kB
LowTotal:         587396 kB
LowFree:           63820 kB
SwapTotal:        262140 kB
SwapFree:         235284 kB
Dirty:               716 kB
Writeback:             0 kB
AnonPages:        469360 kB
Mapped:           330776 kB
Shmem:               328 kB
Slab:              55208 kB
SReclaimable:      16840 kB
SUnreclaim:        38368 kB
KernelStack:       16416 kB
PageTables:        28008 kB
NFS_Unstable:          0 kB
Bounce:                0 kB
WritebackTmp:          0 kB
CommitLimit:     1242116 kB
Committed_AS:   56854192 kB
VmallocTotal:     409600 kB
VmallocUsed:       28920 kB
VmallocChunk:     134172 kB
Time pass: 164 sec

---2015-11-17 01:33:16
MemTotal:        1959952 kB
MemFree:          109592 kB
Buffers:            4612 kB
Cached:           870108 kB
SwapCached:         1212 kB
Active:           743484 kB
Inactive:         611980 kB
Active(anon):     306548 kB
Inactive(anon):   176316 kB
Active(file):     436936 kB
Inactive(file):   435664 kB
Unevictable:        1580 kB
Mlocked:               0 kB
HighTotal:       1372556 kB
HighFree:          27172 kB
LowTotal:         587396 kB
LowFree:           82420 kB
SwapTotal:        262140 kB
SwapFree:         234848 kB
Dirty:               760 kB
Writeback:             0 kB
AnonPages:        482224 kB
Mapped:           322596 kB
Shmem:               484 kB
Slab:              55288 kB
SReclaimable:      16628 kB
SUnreclaim:        38660 kB
KernelStack:       16688 kB
PageTables:        28524 kB
NFS_Unstable:          0 kB
Bounce:                0 kB
WritebackTmp:          0 kB
CommitLimit:     1242116 kB
Committed_AS:   58766372 kB
VmallocTotal:     409600 kB
VmallocUsed:       26880 kB
VmallocChunk:     134172 kB
Time pass: 168 sec

---2015-11-17 01:33:16
MemTotal:        1959952 kB
MemFree:           89960 kB
Buffers:            4620 kB
Cached:           892368 kB
SwapCached:         1212 kB
Active:           743024 kB
Inactive:         627888 kB
Active(anon):     299600 kB
Inactive(anon):   176412 kB
Active(file):     443424 kB
Inactive(file):   451476 kB
Unevictable:        1580 kB
Mlocked:               0 kB
HighTotal:       1372556 kB
HighFree:          25224 kB
LowTotal:         587396 kB
LowFree:           64736 kB
SwapTotal:        262140 kB
SwapFree:         234848 kB
Dirty:               796 kB
Writeback:             0 kB
AnonPages:        475080 kB
Mapped:           320616 kB
Shmem:               576 kB
Slab:              55348 kB
SReclaimable:      16732 kB
SUnreclaim:        38616 kB
KernelStack:       16384 kB
PageTables:        27728 kB
NFS_Unstable:          0 kB
Bounce:                0 kB
WritebackTmp:          0 kB
CommitLimit:     1242116 kB
Committed_AS:   57808916 kB
VmallocTotal:     409600 kB
VmallocUsed:       26880 kB
VmallocChunk:     134172 kB
Time pass: 172 sec

---2015-11-17 01:33:16
MemTotal:        1959952 kB
MemFree:           90992 kB
Buffers:            4620 kB
Cached:           880636 kB
SwapCached:         1228 kB
Active:           753456 kB
Inactive:         625740 kB
Active(anon):     319292 kB
Inactive(anon):   176776 kB
Active(file):     434164 kB
Inactive(file):   448964 kB
Unevictable:        1580 kB
Mlocked:               0 kB
HighTotal:       1372556 kB
HighFree:          24184 kB
LowTotal:         587396 kB
LowFree:           66808 kB
SwapTotal:        262140 kB
SwapFree:         232832 kB
Dirty:               860 kB
Writeback:             0 kB
AnonPages:        495412 kB
Mapped:           331512 kB
Shmem:               548 kB
Slab:              55336 kB
SReclaimable:      16672 kB
SUnreclaim:        38664 kB
KernelStack:       16712 kB
PageTables:        28152 kB
NFS_Unstable:          0 kB
Bounce:                0 kB
WritebackTmp:          0 kB
CommitLimit:     1242116 kB
Committed_AS:   57829736 kB
VmallocTotal:     409600 kB
VmallocUsed:       32128 kB
VmallocChunk:     132124 kB
Time pass: 176 sec

---2015-11-17 01:33:16
MemTotal:        1959952 kB
MemFree:          123620 kB
Buffers:            4620 kB
Cached:           881488 kB
SwapCached:         1228 kB
Active:           724768 kB
Inactive:         623956 kB
Active(anon):     287972 kB
Inactive(anon):   176848 kB
Active(file):     436796 kB
Inactive(file):   447108 kB
Unevictable:        1580 kB
Mlocked:               0 kB
HighTotal:       1372556 kB
HighFree:          36520 kB
LowTotal:         587396 kB
LowFree:           87100 kB
SwapTotal:        262140 kB
SwapFree:         232832 kB
Dirty:               916 kB
Writeback:             0 kB
AnonPages:        463508 kB
Mapped:           297248 kB
Shmem:               624 kB
Slab:              55196 kB
SReclaimable:      16664 kB
SUnreclaim:        38532 kB
KernelStack:       16048 kB
PageTables:        27092 kB
NFS_Unstable:          0 kB
Bounce:                0 kB
WritebackTmp:          0 kB
CommitLimit:     1242116 kB
Committed_AS:   56866916 kB
VmallocTotal:     409600 kB
VmallocUsed:       33000 kB
VmallocChunk:     123932 kB
Time pass: 181 sec

---2015-11-17 01:33:16
MemTotal:        1959952 kB
MemFree:          107060 kB
Buffers:            4620 kB
Cached:           884196 kB
SwapCached:         1228 kB
Active:           740800 kB
Inactive:         624756 kB
Active(anon):     302292 kB
Inactive(anon):   176788 kB
Active(file):     438508 kB
Inactive(file):   447968 kB
Unevictable:        1580 kB
Mlocked:               0 kB
HighTotal:       1372556 kB
HighFree:          24060 kB
LowTotal:         587396 kB
LowFree:           83000 kB
SwapTotal:        262140 kB
SwapFree:         232832 kB
Dirty:               932 kB
Writeback:             0 kB
AnonPages:        478852 kB
Mapped:           318780 kB
Shmem:               624 kB
Slab:              55212 kB
SReclaimable:      16664 kB
SUnreclaim:        38548 kB
KernelStack:       16232 kB
PageTables:        27960 kB
NFS_Unstable:          0 kB
Bounce:                0 kB
WritebackTmp:          0 kB
CommitLimit:     1242116 kB
Committed_AS:   57847912 kB
VmallocTotal:     409600 kB
VmallocUsed:       34156 kB
VmallocChunk:     117788 kB
Time pass: 185 sec

---2015-11-17 01:33:16
MemTotal:        1959952 kB
MemFree:          108936 kB
Buffers:            4620 kB
Cached:           873704 kB
SwapCached:         1240 kB
Active:           736932 kB
Inactive:         622492 kB
Active(anon):     305016 kB
Inactive(anon):   178332 kB
Active(file):     431916 kB
Inactive(file):   444160 kB
Unevictable:        1580 kB
Mlocked:               0 kB
HighTotal:       1372556 kB
HighFree:          40488 kB
LowTotal:         587396 kB
LowFree:           68448 kB
SwapTotal:        262140 kB
SwapFree:         232328 kB
Dirty:               924 kB
Writeback:             0 kB
AnonPages:        482240 kB
Mapped:           329820 kB
Shmem:               620 kB
Slab:              55188 kB
SReclaimable:      16616 kB
SUnreclaim:        38572 kB
KernelStack:       16840 kB
PageTables:        28536 kB
NFS_Unstable:          0 kB
Bounce:                0 kB
WritebackTmp:          0 kB
CommitLimit:     1242116 kB
Committed_AS:   58795140 kB
VmallocTotal:     409600 kB
VmallocUsed:       35220 kB
VmallocChunk:     106524 kB
Time pass: 189 sec

---2015-11-17 01:33:16
MemTotal:        1959952 kB
MemFree:          125604 kB
Buffers:            4620 kB
Cached:           876276 kB
SwapCached:         1240 kB
Active:           727064 kB
Inactive:         618872 kB
Active(anon):     288932 kB
Inactive(anon):   178312 kB
Active(file):     438132 kB
Inactive(file):   440560 kB
Unevictable:        1580 kB
Mlocked:               0 kB
HighTotal:       1372556 kB
HighFree:          40404 kB
LowTotal:         587396 kB
LowFree:           85200 kB
SwapTotal:        262140 kB
SwapFree:         232356 kB
Dirty:               940 kB
Writeback:             0 kB
AnonPages:        466492 kB
Mapped:           325704 kB
Shmem:               624 kB
Slab:              55300 kB
SReclaimable:      16720 kB
SUnreclaim:        38580 kB
KernelStack:       16496 kB
PageTables:        27976 kB
NFS_Unstable:          0 kB
Bounce:                0 kB
WritebackTmp:          0 kB
CommitLimit:     1242116 kB
Committed_AS:   57843616 kB
VmallocTotal:     409600 kB
VmallocUsed:       30120 kB
VmallocChunk:     102428 kB
Time pass: 193 sec

---2015-11-17 01:33:16
MemTotal:        1959952 kB
MemFree:           94504 kB
Buffers:            4620 kB
Cached:           876884 kB
SwapCached:         1240 kB
Active:           756236 kB
Inactive:         619040 kB
Active(anon):     317784 kB
Inactive(anon):   178240 kB
Active(file):     438452 kB
Inactive(file):   440800 kB
Unevictable:        1580 kB
Mlocked:               0 kB
HighTotal:       1372556 kB
HighFree:          24196 kB
LowTotal:         587396 kB
LowFree:           70308 kB
SwapTotal:        262140 kB
SwapFree:         232356 kB
Dirty:               932 kB
Writeback:             0 kB
AnonPages:        495208 kB
Mapped:           337860 kB
Shmem:               576 kB
Slab:              55368 kB
SReclaimable:      16664 kB
SUnreclaim:        38704 kB
KernelStack:       16896 kB
PageTables:        28832 kB
NFS_Unstable:          0 kB
Bounce:                0 kB
WritebackTmp:          0 kB
CommitLimit:     1242116 kB
Committed_AS:   59715048 kB
VmallocTotal:     409600 kB
VmallocUsed:       28080 kB
VmallocChunk:     102428 kB
Time pass: 197 sec

---2015-11-17 01:33:16
MemTotal:        1959952 kB
MemFree:          116252 kB
Buffers:            4620 kB
Cached:           877096 kB
SwapCached:         1248 kB
Active:           736648 kB
Inactive:         617488 kB
Active(anon):     296360 kB
Inactive(anon):   178288 kB
Active(file):     440288 kB
Inactive(file):   439200 kB
Unevictable:        1580 kB
Mlocked:               0 kB
HighTotal:       1372556 kB
HighFree:          37980 kB
LowTotal:         587396 kB
LowFree:           78272 kB
SwapTotal:        262140 kB
SwapFree:         232360 kB
Dirty:               996 kB
Writeback:             0 kB
AnonPages:        473868 kB
Mapped:           320004 kB
Shmem:               648 kB
Slab:              55308 kB
SReclaimable:      16664 kB
SUnreclaim:        38644 kB
KernelStack:       16544 kB
PageTables:        27736 kB
NFS_Unstable:          0 kB
Bounce:                0 kB
WritebackTmp:          0 kB
CommitLimit:     1242116 kB
Committed_AS:   56875636 kB
VmallocTotal:     409600 kB
VmallocUsed:       26008 kB
VmallocChunk:     107548 kB
Time pass: 201 sec

---2015-11-17 01:33:16
MemTotal:        1959952 kB
MemFree:           89108 kB
Buffers:            4620 kB
Cached:           877112 kB
SwapCached:         1248 kB
Active:           768556 kB
Inactive:         611780 kB
Active(anon):     322564 kB
Inactive(anon):   178284 kB
Active(file):     445992 kB
Inactive(file):   433496 kB
Unevictable:        1580 kB
Mlocked:               0 kB
HighTotal:       1372556 kB
HighFree:          27064 kB
LowTotal:         587396 kB
LowFree:           62044 kB
SwapTotal:        262140 kB
SwapFree:         232360 kB
Dirty:               988 kB
Writeback:             0 kB
AnonPages:        500016 kB
Mapped:           333476 kB
Shmem:               664 kB
Slab:              55408 kB
SReclaimable:      16664 kB
SUnreclaim:        38744 kB
KernelStack:       17088 kB
PageTables:        28584 kB
NFS_Unstable:          0 kB
Bounce:                0 kB
WritebackTmp:          0 kB
CommitLimit:     1242116 kB
Committed_AS:   58764128 kB
VmallocTotal:     409600 kB
VmallocUsed:       24988 kB
VmallocChunk:     117788 kB
Time pass: 205 sec

---2015-11-17 01:33:16
MemTotal:        1959952 kB
MemFree:          107376 kB
Buffers:            4620 kB
Cached:           877216 kB
SwapCached:         1248 kB
Active:           750224 kB
Inactive:         611740 kB
Active(anon):     304140 kB
Inactive(anon):   178232 kB
Active(file):     446084 kB
Inactive(file):   433508 kB
Unevictable:        1580 kB
Mlocked:               0 kB
HighTotal:       1372556 kB
HighFree:          30664 kB
LowTotal:         587396 kB
LowFree:           76712 kB
SwapTotal:        262140 kB
SwapFree:         232360 kB
Dirty:               984 kB
Writeback:             0 kB
AnonPages:        481408 kB
Mapped:           332332 kB
Shmem:               664 kB
Slab:              55396 kB
SReclaimable:      16680 kB
SUnreclaim:        38716 kB
KernelStack:       16872 kB
PageTables:        28668 kB
NFS_Unstable:          0 kB
Bounce:                0 kB
WritebackTmp:          0 kB
CommitLimit:     1242116 kB
Committed_AS:   58796532 kB
VmallocTotal:     409600 kB
VmallocUsed:       24988 kB
VmallocChunk:     117788 kB
Time pass: 209 sec

---2015-11-17 01:33:16
MemTotal:        1959952 kB
MemFree:           94620 kB
Buffers:            4620 kB
Cached:           878120 kB
SwapCached:         1248 kB
Active:           762008 kB
Inactive:         612620 kB
Active(anon):     315928 kB
Inactive(anon):   178268 kB
Active(file):     446080 kB
Inactive(file):   434352 kB
Unevictable:        1580 kB
Mlocked:               0 kB
HighTotal:       1372556 kB
HighFree:          26176 kB
LowTotal:         587396 kB
LowFree:           68444 kB
SwapTotal:        262140 kB
SwapFree:         232360 kB
Dirty:               968 kB
Writeback:             0 kB
AnonPages:        493472 kB
Mapped:           333460 kB
Shmem:               728 kB
Slab:              55468 kB
SReclaimable:      16688 kB
SUnreclaim:        38780 kB
KernelStack:       16920 kB
PageTables:        28444 kB
NFS_Unstable:          0 kB
Bounce:                0 kB
WritebackTmp:          0 kB
CommitLimit:     1242116 kB
Committed_AS:   57884260 kB
VmallocTotal:     409600 kB
VmallocUsed:       24988 kB
VmallocChunk:     117788 kB
Time pass: 213 sec

---2015-11-17 01:33:16
MemTotal:        1959952 kB
MemFree:          100412 kB
Buffers:            4620 kB
Cached:           878120 kB
SwapCached:         1248 kB
Active:           756136 kB
Inactive:         612620 kB
Active(anon):     310056 kB
Inactive(anon):   178268 kB
Active(file):     446080 kB
Inactive(file):   434352 kB
Unevictable:        1580 kB
Mlocked:               0 kB
HighTotal:       1372556 kB
HighFree:          29368 kB
LowTotal:         587396 kB
LowFree:           71044 kB
SwapTotal:        262140 kB
SwapFree:         232360 kB
Dirty:               968 kB
Writeback:             0 kB
AnonPages:        487436 kB
Mapped:           333500 kB
Shmem:               728 kB
Slab:              55280 kB
SReclaimable:      16688 kB
SUnreclaim:        38592 kB
KernelStack:       16912 kB
PageTables:        28504 kB
NFS_Unstable:          0 kB
Bounce:                0 kB
WritebackTmp:          0 kB
CommitLimit:     1242116 kB
Committed_AS:   57879796 kB
VmallocTotal:     409600 kB
VmallocUsed:       24988 kB
VmallocChunk:     117788 kB
Time pass: 217 sec

---2015-11-17 01:33:16
MemTotal:        1959952 kB
MemFree:          108004 kB
Buffers:            4620 kB
Cached:           878120 kB
SwapCached:         1248 kB
Active:           750024 kB
Inactive:         612596 kB
Active(anon):     303932 kB
Inactive(anon):   178256 kB
Active(file):     446092 kB
Inactive(file):   434340 kB
Unevictable:        1580 kB
Mlocked:               0 kB
HighTotal:       1372556 kB
HighFree:          35232 kB
LowTotal:         587396 kB
LowFree:           72772 kB
SwapTotal:        262140 kB
SwapFree:         232360 kB
Dirty:              1024 kB
Writeback:             0 kB
AnonPages:        481432 kB
Mapped:           326972 kB
Shmem:               728 kB
Slab:              55368 kB
SReclaimable:      16688 kB
SUnreclaim:        38680 kB
KernelStack:       16512 kB
PageTables:        28068 kB
NFS_Unstable:          0 kB
Bounce:                0 kB
WritebackTmp:          0 kB
CommitLimit:     1242116 kB
Committed_AS:   56909224 kB
VmallocTotal:     409600 kB
VmallocUsed:       24988 kB
VmallocChunk:     117788 kB
Time pass: 221 sec

---2015-11-17 01:33:16
MemTotal:        1959952 kB
MemFree:           88876 kB
Buffers:            4620 kB
Cached:           878200 kB
SwapCached:         1252 kB
Active:           767496 kB
Inactive:         612664 kB
Active(anon):     321412 kB
Inactive(anon):   178304 kB
Active(file):     446084 kB
Inactive(file):   434360 kB
Unevictable:        1580 kB
Mlocked:               0 kB
HighTotal:       1372556 kB
HighFree:          24432 kB
LowTotal:         587396 kB
LowFree:           64444 kB
SwapTotal:        262140 kB
SwapFree:         232360 kB
Dirty:              1024 kB
Writeback:             0 kB
AnonPages:        498864 kB
Mapped:           333676 kB
Shmem:               796 kB
Slab:              55328 kB
SReclaimable:      16688 kB
SUnreclaim:        38640 kB
KernelStack:       17152 kB
PageTables:        28664 kB
NFS_Unstable:          0 kB
Bounce:                0 kB
WritebackTmp:          0 kB
CommitLimit:     1242116 kB
Committed_AS:   57915044 kB
VmallocTotal:     409600 kB
VmallocUsed:       26040 kB
VmallocChunk:     117788 kB
Time pass: 224 sec

---2015-11-17 01:33:16
MemTotal:        1959952 kB
MemFree:           95432 kB
Buffers:            4620 kB
Cached:           878268 kB
SwapCached:         1252 kB
Active:           761120 kB
Inactive:         612716 kB
Active(anon):     315028 kB
Inactive(anon):   178296 kB
Active(file):     446092 kB
Inactive(file):   434420 kB
Unevictable:        1580 kB
Mlocked:               0 kB
HighTotal:       1372556 kB
HighFree:          30324 kB
LowTotal:         587396 kB
LowFree:           65108 kB
SwapTotal:        262140 kB
SwapFree:         232360 kB
Dirty:               976 kB
Writeback:             0 kB
AnonPages:        492420 kB
Mapped:           333440 kB
Shmem:               796 kB
Slab:              55572 kB
SReclaimable:      16688 kB
SUnreclaim:        38884 kB
KernelStack:       16784 kB
PageTables:        28212 kB
NFS_Unstable:          0 kB
Bounce:                0 kB
WritebackTmp:          0 kB
CommitLimit:     1242116 kB
Committed_AS:   56963964 kB
VmallocTotal:     409600 kB
VmallocUsed:       26040 kB
VmallocChunk:     117788 kB
Time pass: 229 sec

---2015-11-17 01:33:16
MemTotal:        1959952 kB
MemFree:           94624 kB
Buffers:            4620 kB
Cached:           880516 kB
SwapCached:         1252 kB
Active:           760636 kB
Inactive:         614896 kB
Active(anon):     314544 kB
Inactive(anon):   178292 kB
Active(file):     446092 kB
Inactive(file):   436604 kB
Unevictable:        1580 kB
Mlocked:               0 kB
HighTotal:       1372556 kB
HighFree:          29188 kB
LowTotal:         587396 kB
LowFree:           65436 kB
SwapTotal:        262140 kB
SwapFree:         232360 kB
Dirty:               976 kB
Writeback:             0 kB
AnonPages:        492048 kB
Mapped:           333720 kB
Shmem:               804 kB
Slab:              55508 kB
SReclaimable:      16688 kB
SUnreclaim:        38820 kB
KernelStack:       16792 kB
PageTables:        28212 kB
NFS_Unstable:          0 kB
Bounce:                0 kB
WritebackTmp:          0 kB
CommitLimit:     1242116 kB
Committed_AS:   56964812 kB
VmallocTotal:     409600 kB
VmallocUsed:       26040 kB
VmallocChunk:     117788 kB
Time pass: 233 sec

---2015-11-17 01:33:16
MemTotal:        1959952 kB
MemFree:           91800 kB
Buffers:            4620 kB
Cached:           881536 kB
SwapCached:         1252 kB
Active:           761892 kB
Inactive:         615968 kB
Active(anon):     315808 kB
Inactive(anon):   178280 kB
Active(file):     446084 kB
Inactive(file):   437688 kB
Unevictable:        1580 kB
Mlocked:               0 kB
HighTotal:       1372556 kB
HighFree:          26336 kB
LowTotal:         587396 kB
LowFree:           65464 kB
SwapTotal:        262140 kB
SwapFree:         232360 kB
Dirty:               992 kB
Writeback:             0 kB
AnonPages:        493288 kB
Mapped:           333992 kB
Shmem:               804 kB
Slab:              55400 kB
SReclaimable:      16688 kB
SUnreclaim:        38712 kB
KernelStack:       16824 kB
PageTables:        28220 kB
NFS_Unstable:          0 kB
Bounce:                0 kB
WritebackTmp:          0 kB
CommitLimit:     1242116 kB
Committed_AS:   56965280 kB
VmallocTotal:     409600 kB
VmallocUsed:       26040 kB
VmallocChunk:     117788 kB
Time pass: 237 sec

---2015-11-17 01:33:16
MemTotal:        1959952 kB
MemFree:          106308 kB
Buffers:            4620 kB
Cached:           881688 kB
SwapCached:         1252 kB
Active:           750896 kB
Inactive:         616008 kB
Active(anon):     304704 kB
Inactive(anon):   178344 kB
Active(file):     446192 kB
Inactive(file):   437664 kB
Unevictable:        1580 kB
Mlocked:               0 kB
HighTotal:       1372556 kB
HighFree:          31624 kB
LowTotal:         587396 kB
LowFree:           74684 kB
SwapTotal:        262140 kB
SwapFree:         232360 kB
Dirty:              1028 kB
Writeback:             0 kB
AnonPages:        482256 kB
Mapped:           319580 kB
Shmem:               872 kB
Slab:              55428 kB
SReclaimable:      16688 kB
SUnreclaim:        38740 kB
KernelStack:       16200 kB
PageTables:        27856 kB
NFS_Unstable:          0 kB
Bounce:                0 kB
WritebackTmp:          0 kB
CommitLimit:     1242116 kB
Committed_AS:   56973924 kB
VmallocTotal:     409600 kB
VmallocUsed:       28036 kB
VmallocChunk:     119836 kB
Time pass: 241 sec

---2015-11-17 01:33:16
MemTotal:        1959952 kB
MemFree:          108860 kB
Buffers:            4620 kB
Cached:           858984 kB
SwapCached:         1256 kB
Active:           749636 kB
Inactive:         615168 kB
Active(anon):     318848 kB
Inactive(anon):   184804 kB
Active(file):     430788 kB
Inactive(file):   430364 kB
Unevictable:        1580 kB
Mlocked:               0 kB
HighTotal:       1372556 kB
HighFree:          36984 kB
LowTotal:         587396 kB
LowFree:           71876 kB
SwapTotal:        262140 kB
SwapFree:         226896 kB
Dirty:              1032 kB
Writeback:             0 kB
AnonPages:        502596 kB
Mapped:           333128 kB
Shmem:               872 kB
Slab:              55212 kB
SReclaimable:      16528 kB
SUnreclaim:        38684 kB
KernelStack:       16944 kB
PageTables:        28296 kB
NFS_Unstable:          0 kB
Bounce:                0 kB
WritebackTmp:          0 kB
CommitLimit:     1242116 kB
Committed_AS:   57003880 kB
VmallocTotal:     409600 kB
VmallocUsed:       30120 kB
VmallocChunk:     119836 kB
Time pass: 245 sec

---2015-11-17 01:33:16
MemTotal:        1959952 kB
MemFree:          124860 kB
Buffers:            4620 kB
Cached:           859092 kB
SwapCached:         1260 kB
Active:           734040 kB
Inactive:         615156 kB
Active(anon):     303192 kB
Inactive(anon):   184576 kB
Active(file):     430848 kB
Inactive(file):   430580 kB
Unevictable:        1580 kB
Mlocked:               0 kB
HighTotal:       1372556 kB
HighFree:          42572 kB
LowTotal:         587396 kB
LowFree:           82288 kB
SwapTotal:        262140 kB
SwapFree:         226896 kB
Dirty:              1028 kB
Writeback:             0 kB
AnonPages:        487000 kB
Mapped:           327304 kB
Shmem:               704 kB
Slab:              55476 kB
SReclaimable:      16720 kB
SUnreclaim:        38756 kB
KernelStack:       16816 kB
PageTables:        28220 kB
NFS_Unstable:          0 kB
Bounce:                0 kB
WritebackTmp:          0 kB
CommitLimit:     1242116 kB
Committed_AS:   57853888 kB
VmallocTotal:     409600 kB
VmallocUsed:       32160 kB
VmallocChunk:     119836 kB
Time pass: 249 sec

---2015-11-17 01:33:16
MemTotal:        1959952 kB
MemFree:          108492 kB
Buffers:            4620 kB
Cached:           859316 kB
SwapCached:         1264 kB
Active:           750236 kB
Inactive:         615124 kB
Active(anon):     319160 kB
Inactive(anon):   184624 kB
Active(file):     431076 kB
Inactive(file):   430500 kB
Unevictable:        1580 kB
Mlocked:               0 kB
HighTotal:       1372556 kB
HighFree:          30696 kB
LowTotal:         587396 kB
LowFree:           77796 kB
SwapTotal:        262140 kB
SwapFree:         226896 kB
Dirty:              1020 kB
Writeback:             0 kB
AnonPages:        502996 kB
Mapped:           332212 kB
Shmem:               780 kB
Slab:              55308 kB
SReclaimable:      16672 kB
SUnreclaim:        38636 kB
KernelStack:       16664 kB
PageTables:        27548 kB
NFS_Unstable:          0 kB
Bounce:                0 kB
WritebackTmp:          0 kB
CommitLimit:     1242116 kB
Committed_AS:   55923808 kB
VmallocTotal:     409600 kB
VmallocUsed:       31140 kB
VmallocChunk:     119836 kB
Time pass: 253 sec

---2015-11-17 01:33:16
MemTotal:        1959952 kB
MemFree:          114800 kB
Buffers:            4620 kB
Cached:           859620 kB
SwapCached:         1264 kB
Active:           744116 kB
Inactive:         614304 kB
Active(anon):     311940 kB
Inactive(anon):   184720 kB
Active(file):     432176 kB
Inactive(file):   429584 kB
Unevictable:        1580 kB
Mlocked:               0 kB
HighTotal:       1372556 kB
HighFree:          33384 kB
LowTotal:         587396 kB
LowFree:           81416 kB
SwapTotal:        262140 kB
SwapFree:         226896 kB
Dirty:              1024 kB
Writeback:             0 kB
AnonPages:        496000 kB
Mapped:           335748 kB
Shmem:               884 kB
Slab:              55468 kB
SReclaimable:      16672 kB
SUnreclaim:        38796 kB
KernelStack:       16664 kB
PageTables:        27932 kB
NFS_Unstable:          0 kB
Bounce:                0 kB
WritebackTmp:          0 kB
CommitLimit:     1242116 kB
Committed_AS:   56869952 kB
VmallocTotal:     409600 kB
VmallocUsed:       32160 kB
VmallocChunk:     119836 kB
Time pass: 257 sec

---2015-11-17 01:33:16
MemTotal:        1959952 kB
MemFree:          124568 kB
Buffers:            4620 kB
Cached:           859812 kB
SwapCached:         1260 kB
Active:           736516 kB
Inactive:         613692 kB
Active(anon):     303584 kB
Inactive(anon):   184728 kB
Active(file):     432932 kB
Inactive(file):   428964 kB
Unevictable:        1580 kB
Mlocked:               0 kB
HighTotal:       1372556 kB
HighFree:          34916 kB
LowTotal:         587396 kB
LowFree:           89652 kB
SwapTotal:        262140 kB
SwapFree:         226900 kB
Dirty:              1092 kB
Writeback:             0 kB
AnonPages:        487380 kB
Mapped:           313500 kB
Shmem:               956 kB
Slab:              55312 kB
SReclaimable:      16656 kB
SUnreclaim:        38656 kB
KernelStack:       16256 kB
PageTables:        27128 kB
NFS_Unstable:          0 kB
Bounce:                0 kB
WritebackTmp:          0 kB
CommitLimit:     1242116 kB
Committed_AS:   55941548 kB
VmallocTotal:     409600 kB
VmallocUsed:       29068 kB
VmallocChunk:     119836 kB
Time pass: 261 sec

---2015-11-17 01:33:16
MemTotal:        1959952 kB
MemFree:          122880 kB
Buffers:            4620 kB
Cached:           859748 kB
SwapCached:         1260 kB
Active:           739644 kB
Inactive:         613028 kB
Active(anon):     306532 kB
Inactive(anon):   184244 kB
Active(file):     433112 kB
Inactive(file):   428784 kB
Unevictable:        1580 kB
Mlocked:               0 kB
HighTotal:       1372556 kB
HighFree:          26440 kB
LowTotal:         587396 kB
LowFree:           96440 kB
SwapTotal:        262140 kB
SwapFree:         226900 kB
Dirty:              1064 kB
Writeback:             0 kB
AnonPages:        489852 kB
Mapped:           320480 kB
Shmem:               892 kB
Slab:              55432 kB
SReclaimable:      16656 kB
SUnreclaim:        38776 kB
KernelStack:       16584 kB
PageTables:        27680 kB
NFS_Unstable:          0 kB
Bounce:                0 kB
WritebackTmp:          0 kB
CommitLimit:     1242116 kB
Committed_AS:   56866804 kB
VmallocTotal:     409600 kB
VmallocUsed:       25892 kB
VmallocChunk:     124956 kB
Time pass: 265 sec

---2015-11-17 01:33:16
MemTotal:        1959952 kB
MemFree:          110624 kB
Buffers:            4620 kB
Cached:           859864 kB
SwapCached:         1260 kB
Active:           749500 kB
Inactive:         613120 kB
Active(anon):     316380 kB
Inactive(anon):   184228 kB
Active(file):     433120 kB
Inactive(file):   428892 kB
Unevictable:        1580 kB
Mlocked:               0 kB
HighTotal:       1372556 kB
HighFree:          28052 kB
LowTotal:         587396 kB
LowFree:           82572 kB
SwapTotal:        262140 kB
SwapFree:         226900 kB
Dirty:              1040 kB
Writeback:             0 kB
AnonPages:        499660 kB
Mapped:           332568 kB
Shmem:               892 kB
Slab:              55220 kB
SReclaimable:      16672 kB
SUnreclaim:        38548 kB
KernelStack:       16944 kB
PageTables:        27840 kB
NFS_Unstable:          0 kB
Bounce:                0 kB
WritebackTmp:          0 kB
CommitLimit:     1242116 kB
Committed_AS:   56884152 kB
VmallocTotal:     409600 kB
VmallocUsed:       22980 kB
VmallocChunk:     124956 kB
Time pass: 269 sec

---2015-11-17 01:33:16
MemTotal:        1959952 kB
MemFree:          129132 kB
Buffers:            4620 kB
Cached:           859932 kB
SwapCached:         1260 kB
Active:           734784 kB
Inactive:         611524 kB
Active(anon):     300028 kB
Inactive(anon):   184268 kB
Active(file):     434756 kB
Inactive(file):   427256 kB
Unevictable:        1580 kB
Mlocked:               0 kB
HighTotal:       1372556 kB
HighFree:          39816 kB
LowTotal:         587396 kB
LowFree:           89316 kB
SwapTotal:        262140 kB
SwapFree:         226900 kB
Dirty:              1080 kB
Writeback:             0 kB
AnonPages:        483584 kB
Mapped:           308460 kB
Shmem:               960 kB
Slab:              55448 kB
SReclaimable:      16672 kB
SUnreclaim:        38776 kB
KernelStack:       16232 kB
PageTables:        27808 kB
NFS_Unstable:          0 kB
Bounce:                0 kB
WritebackTmp:          0 kB
CommitLimit:     1242116 kB
Committed_AS:   57839788 kB
VmallocTotal:     409600 kB
VmallocUsed:       21812 kB
VmallocChunk:     130076 kB
Time pass: 273 sec

---2015-11-17 01:33:16
MemTotal:        1959952 kB
MemFree:          120088 kB
Buffers:            4620 kB
Cached:           859968 kB
SwapCached:         1260 kB
Active:           743440 kB
Inactive:         611432 kB
Active(anon):     308588 kB
Inactive(anon):   184168 kB
Active(file):     434852 kB
Inactive(file):   427264 kB
Unevictable:        1580 kB
Mlocked:               0 kB
HighTotal:       1372556 kB
HighFree:          29936 kB
LowTotal:         587396 kB
LowFree:           90152 kB
SwapTotal:        262140 kB
SwapFree:         226900 kB
Dirty:              1108 kB
Writeback:             0 kB
AnonPages:        492064 kB
Mapped:           319364 kB
Shmem:               892 kB
Slab:              55352 kB
SReclaimable:      16672 kB
SUnreclaim:        38680 kB
KernelStack:       16328 kB
PageTables:        27684 kB
NFS_Unstable:          0 kB
Bounce:                0 kB
WritebackTmp:          0 kB
CommitLimit:     1242116 kB
Committed_AS:   56861716 kB
VmallocTotal:     409600 kB
VmallocUsed:       24000 kB
VmallocChunk:     130076 kB
Time pass: 277 sec

---2015-11-17 01:33:16
MemTotal:        1959952 kB
MemFree:          118372 kB
Buffers:            4620 kB
Cached:           860072 kB
SwapCached:         1260 kB
Active:           744372 kB
Inactive:         611516 kB
Active(anon):     309516 kB
Inactive(anon):   184160 kB
Active(file):     434856 kB
Inactive(file):   427356 kB
Unevictable:        1580 kB
Mlocked:               0 kB
HighTotal:       1372556 kB
HighFree:          36872 kB
LowTotal:         587396 kB
LowFree:           81500 kB
SwapTotal:        262140 kB
SwapFree:         226900 kB
Dirty:              1040 kB
Writeback:             0 kB
AnonPages:        492992 kB
Mapped:           328156 kB
Shmem:               900 kB
Slab:              55424 kB
SReclaimable:      16664 kB
SUnreclaim:        38760 kB
KernelStack:       16552 kB
PageTables:        27760 kB
NFS_Unstable:          0 kB
Bounce:                0 kB
WritebackTmp:          0 kB
CommitLimit:     1242116 kB
Committed_AS:   56866592 kB
VmallocTotal:     409600 kB
VmallocUsed:       29068 kB
VmallocChunk:     134172 kB
Time pass: 281 sec

---2015-11-17 01:33:16
MemTotal:        1959952 kB
MemFree:          116848 kB
Buffers:            4620 kB
Cached:           860312 kB
SwapCached:         1260 kB
Active:           745648 kB
Inactive:         611724 kB
Active(anon):     310796 kB
Inactive(anon):   184220 kB
Active(file):     434852 kB
Inactive(file):   427504 kB
Unevictable:        1580 kB
Mlocked:               0 kB
HighTotal:       1372556 kB
HighFree:          26448 kB
LowTotal:         587396 kB
LowFree:           90400 kB
SwapTotal:        262140 kB
SwapFree:         226900 kB
Dirty:              1112 kB
Writeback:             0 kB
AnonPages:        493768 kB
Mapped:           324796 kB
Shmem:               996 kB
Slab:              55380 kB
SReclaimable:      16648 kB
SUnreclaim:        38732 kB
KernelStack:       16624 kB
PageTables:        27344 kB
NFS_Unstable:          0 kB
Bounce:                0 kB
WritebackTmp:          0 kB
CommitLimit:     1242116 kB
Committed_AS:   55958360 kB
VmallocTotal:     409600 kB
VmallocUsed:       30088 kB
VmallocChunk:     134172 kB
Time pass: 285 sec

---2015-11-17 01:33:16
MemTotal:        1959952 kB
MemFree:           91996 kB
Buffers:            4620 kB
Cached:           860248 kB
SwapCached:         1260 kB
Active:           769372 kB
Inactive:         611624 kB
Active(anon):     334512 kB
Inactive(anon):   184124 kB
Active(file):     434860 kB
Inactive(file):   427500 kB
Unevictable:        1580 kB
Mlocked:               0 kB
HighTotal:       1372556 kB
HighFree:          24188 kB
LowTotal:         587396 kB
LowFree:           67808 kB
SwapTotal:        262140 kB
SwapFree:         226900 kB
Dirty:              1092 kB
Writeback:             0 kB
AnonPages:        517476 kB
Mapped:           332936 kB
Shmem:               928 kB
Slab:              55376 kB
SReclaimable:      16648 kB
SUnreclaim:        38728 kB
KernelStack:       16784 kB
PageTables:        28400 kB
NFS_Unstable:          0 kB
Bounce:                0 kB
WritebackTmp:          0 kB
CommitLimit:     1242116 kB
Committed_AS:   58781084 kB
VmallocTotal:     409600 kB
VmallocUsed:       32128 kB
VmallocChunk:     134172 kB
Time pass: 289 sec

---2015-11-17 01:33:16
MemTotal:        1959952 kB
MemFree:           94216 kB
Buffers:            4620 kB
Cached:           860316 kB
SwapCached:         1260 kB
Active:           768912 kB
Inactive:         611456 kB
Active(anon):     333836 kB
Inactive(anon):   184172 kB
Active(file):     435076 kB
Inactive(file):   427284 kB
Unevictable:        1580 kB
Mlocked:               0 kB
HighTotal:       1372556 kB
HighFree:          24228 kB
LowTotal:         587396 kB
LowFree:           69988 kB
SwapTotal:        262140 kB
SwapFree:         226900 kB
Dirty:              1048 kB
Writeback:             0 kB
AnonPages:        516984 kB
Mapped:           327872 kB
Shmem:               996 kB
Slab:              55440 kB
SReclaimable:      16648 kB
SUnreclaim:        38792 kB
KernelStack:       16744 kB
PageTables:        27900 kB
NFS_Unstable:          0 kB
Bounce:                0 kB
WritebackTmp:          0 kB
CommitLimit:     1242116 kB
Committed_AS:   56914764 kB
VmallocTotal:     409600 kB
VmallocUsed:       32128 kB
VmallocChunk:     134172 kB
Time pass: 293 sec

---2015-11-17 01:33:16
MemTotal:        1959952 kB
MemFree:          125852 kB
Buffers:            4620 kB
Cached:           860316 kB
SwapCached:         1260 kB
Active:           738084 kB
Inactive:         611448 kB
Active(anon):     303008 kB
Inactive(anon):   184164 kB
Active(file):     435076 kB
Inactive(file):   427284 kB
Unevictable:        1580 kB
Mlocked:               0 kB
HighTotal:       1372556 kB
HighFree:          49964 kB
LowTotal:         587396 kB
LowFree:           75888 kB
SwapTotal:        262140 kB
SwapFree:         226900 kB
Dirty:              1048 kB
Writeback:             0 kB
AnonPages:        485940 kB
Mapped:           296840 kB
Shmem:               996 kB
Slab:              55408 kB
SReclaimable:      16656 kB
SUnreclaim:        38752 kB
KernelStack:       15800 kB
PageTables:        27020 kB
NFS_Unstable:          0 kB
Bounce:                0 kB
WritebackTmp:          0 kB
CommitLimit:     1242116 kB
Committed_AS:   55930008 kB
VmallocTotal:     409600 kB
VmallocUsed:       33148 kB
VmallocChunk:     133148 kB
Time pass: 297 sec

---2015-11-17 01:33:16
MemTotal:        1959952 kB
MemFree:          131256 kB
Buffers:            4620 kB
Cached:           861004 kB
SwapCached:         1260 kB
Active:           733728 kB
Inactive:         611980 kB
Active(anon):     298516 kB
Inactive(anon):   184076 kB
Active(file):     435212 kB
Inactive(file):   427904 kB
Unevictable:        1580 kB
Mlocked:               0 kB
HighTotal:       1372556 kB
HighFree:          37120 kB
LowTotal:         587396 kB
LowFree:           94136 kB
SwapTotal:        262140 kB
SwapFree:         226900 kB
Dirty:              1104 kB
Writeback:             0 kB
AnonPages:        481676 kB
Mapped:           305188 kB
Shmem:               928 kB
Slab:              55380 kB
SReclaimable:      16656 kB
SUnreclaim:        38724 kB
KernelStack:       16216 kB
PageTables:        27408 kB
NFS_Unstable:          0 kB
Bounce:                0 kB
WritebackTmp:          0 kB
CommitLimit:     1242116 kB
Committed_AS:   56856164 kB
VmallocTotal:     409600 kB
VmallocUsed:       34020 kB
VmallocChunk:     125980 kB
Time pass: 301 sec

---2015-11-17 01:33:16
MemTotal:        1959952 kB
MemFree:          109656 kB
Buffers:            4620 kB
Cached:           861492 kB
SwapCached:         1260 kB
Active:           754200 kB
Inactive:         612460 kB
Active(anon):     318996 kB
Inactive(anon):   184044 kB
Active(file):     435204 kB
Inactive(file):   428416 kB
Unevictable:        1580 kB
Mlocked:               0 kB
HighTotal:       1372556 kB
HighFree:          24200 kB
LowTotal:         587396 kB
LowFree:           85456 kB
SwapTotal:        262140 kB
SwapFree:         226900 kB
Dirty:              1060 kB
Writeback:            56 kB
AnonPages:        502108 kB
Mapped:           317824 kB
Shmem:               912 kB
Slab:              55404 kB
SReclaimable:      16660 kB
SUnreclaim:        38744 kB
KernelStack:       16360 kB
PageTables:        27780 kB
NFS_Unstable:          0 kB
Bounce:                0 kB
WritebackTmp:          0 kB
CommitLimit:     1242116 kB
Committed_AS:   56859508 kB
VmallocTotal:     409600 kB
VmallocUsed:       34020 kB
VmallocChunk:     120860 kB
Time pass: 305 sec

---2015-11-17 01:33:16
MemTotal:        1959952 kB
MemFree:          108076 kB
Buffers:            4620 kB
Cached:           861824 kB
SwapCached:         1260 kB
Active:           752008 kB
Inactive:         612768 kB
Active(anon):     316796 kB
Inactive(anon):   184036 kB
Active(file):     435212 kB
Inactive(file):   428732 kB
Unevictable:        1580 kB
Mlocked:               0 kB
HighTotal:       1372556 kB
HighFree:          38912 kB
LowTotal:         587396 kB
LowFree:           69164 kB
SwapTotal:        262140 kB
SwapFree:         226900 kB
Dirty:              1044 kB
Writeback:             0 kB
AnonPages:        499844 kB
Mapped:           332128 kB
Shmem:               920 kB
Slab:              55352 kB
SReclaimable:      16676 kB
SUnreclaim:        38676 kB
KernelStack:       16720 kB
PageTables:        28232 kB
NFS_Unstable:          0 kB
Bounce:                0 kB
WritebackTmp:          0 kB
CommitLimit:     1242116 kB
Committed_AS:   57820016 kB
VmallocTotal:     409600 kB
VmallocUsed:       31108 kB
VmallocChunk:     120860 kB
Time pass: 309 sec

---2015-11-17 01:33:16
MemTotal:        1959952 kB
MemFree:          116656 kB
Buffers:            4620 kB
Cached:           861876 kB
SwapCached:         1260 kB
Active:           742288 kB
Inactive:         612820 kB
Active(anon):     307076 kB
Inactive(anon):   184028 kB
Active(file):     435212 kB
Inactive(file):   428792 kB
Unevictable:        1580 kB
Mlocked:               0 kB
HighTotal:       1372556 kB
HighFree:          35380 kB
LowTotal:         587396 kB
LowFree:           81276 kB
SwapTotal:        262140 kB
SwapFree:         226900 kB
Dirty:              1036 kB
Writeback:             0 kB
AnonPages:        490276 kB
Mapped:           339924 kB
Shmem:               912 kB
Slab:              55304 kB
SReclaimable:      16692 kB
SUnreclaim:        38612 kB
KernelStack:       17064 kB
PageTables:        29012 kB
NFS_Unstable:          0 kB
Bounce:                0 kB
WritebackTmp:          0 kB
CommitLimit:     1242116 kB
Committed_AS:   59752704 kB
VmallocTotal:     409600 kB
VmallocUsed:       27028 kB
VmallocChunk:     120860 kB
Time pass: 313 sec

---2015-11-17 01:33:16
MemTotal:        1959952 kB
MemFree:          123344 kB
Buffers:            4620 kB
Cached:           862336 kB
SwapCached:         1260 kB
Active:           737884 kB
Inactive:         613260 kB
Active(anon):     302672 kB
Inactive(anon):   184076 kB
Active(file):     435212 kB
Inactive(file):   429184 kB
Unevictable:        1580 kB
Mlocked:               0 kB
HighTotal:       1372556 kB
HighFree:          28800 kB
LowTotal:         587396 kB
LowFree:           94544 kB
SwapTotal:        262140 kB
SwapFree:         226900 kB
Dirty:              1048 kB
Writeback:             0 kB
AnonPages:        485960 kB
Mapped:           323536 kB
Shmem:               980 kB
Slab:              55564 kB
SReclaimable:      16724 kB
SUnreclaim:        38840 kB
KernelStack:       16280 kB
PageTables:        27620 kB
NFS_Unstable:          0 kB
Bounce:                0 kB
WritebackTmp:          0 kB
CommitLimit:     1242116 kB
Committed_AS:   56879836 kB
VmallocTotal:     409600 kB
VmallocUsed:       23968 kB
VmallocChunk:     122908 kB
Time pass: 317 sec

---2015-11-17 01:33:16
MemTotal:        1959952 kB
MemFree:          113252 kB
Buffers:            4620 kB
Cached:           862352 kB
SwapCached:         1260 kB
Active:           747300 kB
Inactive:         613264 kB
Active(anon):     312080 kB
Inactive(anon):   184004 kB
Active(file):     435220 kB
Inactive(file):   429260 kB
Unevictable:        1580 kB
Mlocked:               0 kB
HighTotal:       1372556 kB
HighFree:          32528 kB
LowTotal:         587396 kB
LowFree:           80724 kB
SwapTotal:        262140 kB
SwapFree:         226900 kB
Dirty:              1084 kB
Writeback:             0 kB
AnonPages:        495320 kB
Mapped:           332024 kB
Shmem:               912 kB
Slab:              55548 kB
SReclaimable:      16708 kB
SUnreclaim:        38840 kB
KernelStack:       16928 kB
PageTables:        28480 kB
NFS_Unstable:          0 kB
Bounce:                0 kB
WritebackTmp:          0 kB
CommitLimit:     1242116 kB
Committed_AS:   58777708 kB
VmallocTotal:     409600 kB
VmallocUsed:       24988 kB
VmallocChunk:     122908 kB
Time pass: 321 sec

---2015-11-17 01:33:16
MemTotal:        1959952 kB
MemFree:          101076 kB
Buffers:            4620 kB
Cached:           860432 kB
SwapCached:         1296 kB
Active:           753600 kB
Inactive:         620152 kB
Active(anon):     325224 kB
Inactive(anon):   186472 kB
Active(file):     428376 kB
Inactive(file):   433680 kB
Unevictable:        1580 kB
Mlocked:               0 kB
HighTotal:       1372556 kB
HighFree:          42832 kB
LowTotal:         587396 kB
LowFree:           58244 kB
SwapTotal:        262140 kB
SwapFree:         225764 kB
Dirty:              1076 kB
Writeback:             0 kB
AnonPages:        511032 kB
Mapped:           341420 kB
Shmem:               984 kB
Slab:              55660 kB
SReclaimable:      16796 kB
SUnreclaim:        38864 kB
KernelStack:       17224 kB
PageTables:        28920 kB
NFS_Unstable:          0 kB
Bounce:                0 kB
WritebackTmp:          0 kB
CommitLimit:     1242116 kB
Committed_AS:   61204432 kB
VmallocTotal:     409600 kB
VmallocUsed:       29100 kB
VmallocChunk:     122908 kB
Time pass: 325 sec

---2015-11-17 01:33:16
MemTotal:        1959952 kB
MemFree:          100836 kB
Buffers:            4620 kB
Cached:           875324 kB
SwapCached:         1296 kB
Active:           741572 kB
Inactive:         630892 kB
Active(anon):     308436 kB
Inactive(anon):   186684 kB
Active(file):     433136 kB
Inactive(file):   444208 kB
Unevictable:        1580 kB
Mlocked:               0 kB
HighTotal:       1372556 kB
HighFree:          31480 kB
LowTotal:         587396 kB
LowFree:           69356 kB
SwapTotal:        262140 kB
SwapFree:         225764 kB
Dirty:              1108 kB
Writeback:             0 kB
AnonPages:        493932 kB
Mapped:           337680 kB
Shmem:               916 kB
Slab:              55652 kB
SReclaimable:      16636 kB
SUnreclaim:        39016 kB
KernelStack:       17368 kB
PageTables:        28768 kB
NFS_Unstable:          0 kB
Bounce:                0 kB
WritebackTmp:          0 kB
CommitLimit:     1242116 kB
Committed_AS:   58774628 kB
VmallocTotal:     409600 kB
VmallocUsed:       31140 kB
VmallocChunk:     122908 kB
Time pass: 329 sec

---2015-11-17 01:33:16
MemTotal:        1959952 kB
MemFree:           93780 kB
Buffers:            4620 kB
Cached:           875408 kB
SwapCached:         1296 kB
Active:           750060 kB
Inactive:         631000 kB
Active(anon):     316856 kB
Inactive(anon):   186740 kB
Active(file):     433204 kB
Inactive(file):   444260 kB
Unevictable:        1580 kB
Mlocked:               0 kB
HighTotal:       1372556 kB
HighFree:          26812 kB
LowTotal:         587396 kB
LowFree:           66968 kB
SwapTotal:        262140 kB
SwapFree:         225764 kB
Dirty:              1088 kB
Writeback:             0 kB
AnonPages:        501768 kB
Mapped:           333960 kB
Shmem:               984 kB
Slab:              55732 kB
SReclaimable:      16652 kB
SUnreclaim:        39080 kB
KernelStack:       17216 kB
PageTables:        28448 kB
NFS_Unstable:          0 kB
Bounce:                0 kB
WritebackTmp:          0 kB
CommitLimit:     1242116 kB
Committed_AS:   58809672 kB
VmallocTotal:     409600 kB
VmallocUsed:       32160 kB
VmallocChunk:     122908 kB
Time pass: 333 sec

---2015-11-17 01:33:16
MemTotal:        1959952 kB
MemFree:          108932 kB
Buffers:            4620 kB
Cached:           875352 kB
SwapCached:         1296 kB
Active:           735476 kB
Inactive:         630848 kB
Active(anon):     302184 kB
Inactive(anon):   186672 kB
Active(file):     433292 kB
Inactive(file):   444176 kB
Unevictable:        1580 kB
Mlocked:               0 kB
HighTotal:       1372556 kB
HighFree:          34016 kB
LowTotal:         587396 kB
LowFree:           74916 kB
SwapTotal:        262140 kB
SwapFree:         225764 kB
Dirty:              1088 kB
Writeback:             0 kB
AnonPages:        487984 kB
Mapped:           327868 kB
Shmem:               924 kB
Slab:              55612 kB
SReclaimable:      16652 kB
SUnreclaim:        38960 kB
KernelStack:       16568 kB
PageTables:        28192 kB
NFS_Unstable:          0 kB
Bounce:                0 kB
WritebackTmp:          0 kB
CommitLimit:     1242116 kB
Committed_AS:   57830916 kB
VmallocTotal:     409600 kB
VmallocUsed:       32140 kB
VmallocChunk:     122908 kB
Time pass: 337 sec

---2015-11-17 01:33:16
MemTotal:        1959952 kB
MemFree:           97880 kB
Buffers:            4620 kB
Cached:           875432 kB
SwapCached:         1296 kB
Active:           746924 kB
Inactive:         630908 kB
Active(anon):     313628 kB
Inactive(anon):   186732 kB
Active(file):     433296 kB
Inactive(file):   444176 kB
Unevictable:        1580 kB
Mlocked:               0 kB
HighTotal:       1372556 kB
HighFree:          27908 kB
LowTotal:         587396 kB
LowFree:           69972 kB
SwapTotal:        262140 kB
SwapFree:         225764 kB
Dirty:              1136 kB
Writeback:             4 kB
AnonPages:        498360 kB
Mapped:           331852 kB
Shmem:               988 kB
Slab:              55716 kB
SReclaimable:      16700 kB
SUnreclaim:        39016 kB
KernelStack:       16952 kB
PageTables:        27896 kB
NFS_Unstable:          0 kB
Bounce:                0 kB
WritebackTmp:          0 kB
CommitLimit:     1242116 kB
Committed_AS:   57859360 kB
VmallocTotal:     409600 kB
VmallocUsed:       32140 kB
VmallocChunk:     122908 kB
Time pass: 341 sec

---2015-11-17 01:33:16
MemTotal:        1959952 kB
MemFree:          107296 kB
Buffers:            4620 kB
Cached:           875428 kB
SwapCached:         1296 kB
Active:           737396 kB
Inactive:         630912 kB
Active(anon):     304108 kB
Inactive(anon):   186724 kB
Active(file):     433288 kB
Inactive(file):   444188 kB
Unevictable:        1580 kB
Mlocked:               0 kB
HighTotal:       1372556 kB
HighFree:          34128 kB
LowTotal:         587396 kB
LowFree:           73168 kB
SwapTotal:        262140 kB
SwapFree:         225764 kB
Dirty:              1104 kB
Writeback:             0 kB
AnonPages:        489988 kB
Mapped:           329740 kB
