---2015-12-10 00:29:21
MemTotal:        1959952 kB
MemFree:           79684 kB
Buffers:            5444 kB
Cached:          1236020 kB
SwapCached:          376 kB
Active:           836960 kB
Inactive:         808056 kB
Active(anon):     250732 kB
Inactive(anon):   153908 kB
Active(file):     586228 kB
Inactive(file):   654148 kB
Unevictable:         968 kB
Mlocked:               0 kB
HighTotal:       1372556 kB
HighFree:          24500 kB
LowTotal:         587396 kB
LowFree:           55184 kB
SwapTotal:        262140 kB
SwapFree:         248300 kB
Dirty:               192 kB
Writeback:             0 kB
AnonPages:        404472 kB
Mapped:           284720 kB
Shmem:               120 kB
Slab:              55136 kB
SReclaimable:      16768 kB
SUnreclaim:        38368 kB
KernelStack:       15016 kB
PageTables:        26388 kB
NFS_Unstable:          0 kB
Bounce:                0 kB
WritebackTmp:          0 kB
CommitLimit:     1242116 kB
Committed_AS:   55755828 kB
VmallocTotal:     409600 kB
VmallocUsed:       35900 kB
VmallocChunk:      90140 kB
Time pass: 3 sec

---2015-12-10 00:29:21
MemTotal:        1959952 kB
MemFree:          108228 kB
Buffers:            5444 kB
Cached:          1205500 kB
SwapCached:          376 kB
Active:           835836 kB
Inactive:         778460 kB
Active(anon):     249068 kB
Inactive(anon):   155372 kB
Active(file):     586768 kB
Inactive(file):   623088 kB
Unevictable:         968 kB
Mlocked:               0 kB
HighTotal:       1372556 kB
HighFree:          45672 kB
LowTotal:         587396 kB
LowFree:           62556 kB
SwapTotal:        262140 kB
SwapFree:         247860 kB
Dirty:               192 kB
Writeback:             0 kB
AnonPages:        404332 kB
Mapped:           284580 kB
Shmem:               120 kB
Slab:              55408 kB
SReclaimable:      16716 kB
SUnreclaim:        38692 kB
KernelStack:       15016 kB
PageTables:        26388 kB
NFS_Unstable:          0 kB
Bounce:                0 kB
WritebackTmp:          0 kB
CommitLimit:     1242116 kB
Committed_AS:   55755912 kB
VmallocTotal:     409600 kB
VmallocUsed:       35900 kB
VmallocChunk:      90140 kB
Time pass: 7 sec

---2015-12-10 00:29:21
MemTotal:        1959952 kB
MemFree:          108132 kB
Buffers:            5444 kB
Cached:          1205500 kB
SwapCached:          376 kB
Active:           836172 kB
Inactive:         778456 kB
Active(anon):     249404 kB
Inactive(anon):   155368 kB
Active(file):     586768 kB
Inactive(file):   623088 kB
Unevictable:         968 kB
Mlocked:               0 kB
HighTotal:       1372556 kB
HighFree:          45300 kB
LowTotal:         587396 kB
LowFree:           62832 kB
SwapTotal:        262140 kB
SwapFree:         247860 kB
Dirty:               176 kB
Writeback:             0 kB
AnonPages:        404656 kB
Mapped:           284600 kB
Shmem:               120 kB
Slab:              55476 kB
SReclaimable:      16820 kB
SUnreclaim:        38656 kB
KernelStack:       15016 kB
PageTables:        26388 kB
NFS_Unstable:          0 kB
Bounce:                0 kB
WritebackTmp:          0 kB
CommitLimit:     1242116 kB
Committed_AS:   55756076 kB
VmallocTotal:     409600 kB
VmallocUsed:       35900 kB
VmallocChunk:      90140 kB
Time pass: 10 sec

---2015-12-10 00:29:21
MemTotal:        1959952 kB
MemFree:          105788 kB
Buffers:            5444 kB
Cached:          1205672 kB
SwapCached:          376 kB
Active:           838624 kB
Inactive:         778608 kB
Active(anon):     251840 kB
Inactive(anon):   155368 kB
Active(file):     586784 kB
Inactive(file):   623240 kB
Unevictable:         968 kB
Mlocked:               0 kB
HighTotal:       1372556 kB
HighFree:          42720 kB
LowTotal:         587396 kB
LowFree:           63068 kB
SwapTotal:        262140 kB
SwapFree:         247860 kB
Dirty:               232 kB
Writeback:             0 kB
AnonPages:        407308 kB
Mapped:           285116 kB
Shmem:               120 kB
Slab:              55392 kB
SReclaimable:      16820 kB
SUnreclaim:        38572 kB
KernelStack:       15024 kB
PageTables:        26384 kB
NFS_Unstable:          0 kB
Bounce:                0 kB
WritebackTmp:          0 kB
CommitLimit:     1242116 kB
Committed_AS:   55756340 kB
VmallocTotal:     409600 kB
VmallocUsed:       35900 kB
VmallocChunk:      90140 kB
Time pass: 14 sec

---2015-12-10 00:29:21
MemTotal:        1959952 kB
MemFree:          105704 kB
Buffers:            5444 kB
Cached:          1205672 kB
SwapCached:          376 kB
Active:           838448 kB
Inactive:         778608 kB
Active(anon):     251664 kB
Inactive(anon):   155368 kB
Active(file):     586784 kB
Inactive(file):   623240 kB
Unevictable:         968 kB
Mlocked:               0 kB
HighTotal:       1372556 kB
HighFree:          42760 kB
LowTotal:         587396 kB
LowFree:           62944 kB
SwapTotal:        262140 kB
SwapFree:         247860 kB
Dirty:               232 kB
Writeback:             0 kB
AnonPages:        406804 kB
Mapped:           285116 kB
Shmem:               120 kB
Slab:              55312 kB
SReclaimable:      16820 kB
SUnreclaim:        38492 kB
KernelStack:       15024 kB
PageTables:        26392 kB
NFS_Unstable:          0 kB
Bounce:                0 kB
WritebackTmp:          0 kB
CommitLimit:     1242116 kB
Committed_AS:   55756584 kB
VmallocTotal:     409600 kB
VmallocUsed:       35900 kB
VmallocChunk:      90140 kB
Time pass: 17 sec

---2015-12-10 00:29:21
MemTotal:        1959952 kB
MemFree:           94564 kB
Buffers:            5444 kB
Cached:          1200516 kB
SwapCached:          528 kB
Active:           846400 kB
Inactive:         772812 kB
Active(anon):     256388 kB
Inactive(anon):   158736 kB
Active(file):     590012 kB
Inactive(file):   614076 kB
Unevictable:         968 kB
Mlocked:               0 kB
HighTotal:       1372556 kB
HighFree:          32068 kB
LowTotal:         587396 kB
LowFree:           62496 kB
SwapTotal:        262140 kB
SwapFree:         246916 kB
Dirty:               852 kB
Writeback:             0 kB
AnonPages:        415440 kB
Mapped:           300016 kB
Shmem:               116 kB
Slab:              55308 kB
SReclaimable:      16824 kB
SUnreclaim:        38484 kB
KernelStack:       15320 kB
PageTables:        26956 kB
NFS_Unstable:          0 kB
Bounce:                0 kB
WritebackTmp:          0 kB
CommitLimit:     1242116 kB
Committed_AS:   56751408 kB
VmallocTotal:     409600 kB
VmallocUsed:       35900 kB
VmallocChunk:      90140 kB
Time pass: 21 sec

---2015-12-10 00:29:21
MemTotal:        1959952 kB
MemFree:           87232 kB
Buffers:            2944 kB
Cached:          1113060 kB
SwapCached:          536 kB
Active:           822824 kB
Inactive:         727140 kB
Active(anon):     266520 kB
Inactive(anon):   170656 kB
Active(file):     556304 kB
Inactive(file):   556484 kB
Unevictable:        1744 kB
Mlocked:               0 kB
HighTotal:       1372556 kB
HighFree:          40896 kB
LowTotal:         587396 kB
LowFree:           46336 kB
SwapTotal:        262140 kB
SwapFree:         235428 kB
Dirty:              1080 kB
Writeback:             0 kB
AnonPages:        436228 kB
Mapped:           304516 kB
Shmem:              1216 kB
Slab:              56312 kB
SReclaimable:      17012 kB
SUnreclaim:        39300 kB
KernelStack:       15720 kB
PageTables:        27156 kB
NFS_Unstable:          0 kB
Bounce:                0 kB
WritebackTmp:          0 kB
CommitLimit:     1242116 kB
Committed_AS:   56772856 kB
VmallocTotal:     409600 kB
VmallocUsed:       35132 kB
VmallocChunk:      90140 kB
Time pass: 25 sec

---2015-12-10 00:29:21
MemTotal:        1959952 kB
MemFree:           83124 kB
Buffers:            2216 kB
Cached:          1096384 kB
SwapCached:          544 kB
Active:           807232 kB
Inactive:         717744 kB
Active(anon):     259880 kB
Inactive(anon):   169336 kB
Active(file):     547352 kB
Inactive(file):   548408 kB
Unevictable:        1744 kB
Mlocked:               0 kB
HighTotal:       1372556 kB
HighFree:          33644 kB
LowTotal:         587396 kB
LowFree:           49480 kB
SwapTotal:        262140 kB
SwapFree:         235060 kB
Dirty:               308 kB
Writeback:             0 kB
AnonPages:        428080 kB
Mapped:           311700 kB
Shmem:              1220 kB
Slab:              55800 kB
SReclaimable:      16820 kB
SUnreclaim:        38980 kB
KernelStack:       15728 kB
PageTables:        27164 kB
NFS_Unstable:          0 kB
Bounce:                0 kB
WritebackTmp:          0 kB
CommitLimit:     1242116 kB
Committed_AS:   56775172 kB
VmallocTotal:     409600 kB
VmallocUsed:       35348 kB
VmallocChunk:      90140 kB
Time pass: 28 sec

---2015-12-10 00:29:21
MemTotal:        1959952 kB
MemFree:           85836 kB
Buffers:            2216 kB
Cached:          1095360 kB
SwapCached:          544 kB
Active:           804472 kB
Inactive:         716716 kB
Active(anon):     257292 kB
Inactive(anon):   168340 kB
Active(file):     547180 kB
Inactive(file):   548376 kB
Unevictable:        1744 kB
Mlocked:               0 kB
HighTotal:       1372556 kB
HighFree:          36932 kB
LowTotal:         587396 kB
LowFree:           48904 kB
SwapTotal:        262140 kB
SwapFree:         235060 kB
Dirty:               400 kB
Writeback:             0 kB
AnonPages:        425436 kB
Mapped:           310896 kB
Shmem:               252 kB
Slab:              56012 kB
SReclaimable:      16852 kB
SUnreclaim:        39160 kB
KernelStack:       15728 kB
PageTables:        27156 kB
NFS_Unstable:          0 kB
Bounce:                0 kB
WritebackTmp:          0 kB
CommitLimit:     1242116 kB
Committed_AS:   56771440 kB
VmallocTotal:     409600 kB
VmallocUsed:       35348 kB
VmallocChunk:      90140 kB
Time pass: 32 sec

---2015-12-10 00:29:21
MemTotal:        1959952 kB
MemFree:           85848 kB
Buffers:            2216 kB
Cached:          1095316 kB
SwapCached:          544 kB
Active:           804588 kB
Inactive:         716656 kB
Active(anon):     257420 kB
Inactive(anon):   168340 kB
Active(file):     547168 kB
Inactive(file):   548316 kB
Unevictable:        1744 kB
Mlocked:               0 kB
HighTotal:       1372556 kB
HighFree:          36560 kB
LowTotal:         587396 kB
LowFree:           49288 kB
SwapTotal:        262140 kB
SwapFree:         235060 kB
Dirty:               332 kB
Writeback:             0 kB
AnonPages:        425564 kB
Mapped:           310932 kB
Shmem:               252 kB
Slab:              55852 kB
SReclaimable:      16852 kB
SUnreclaim:        39000 kB
KernelStack:       15720 kB
PageTables:        27156 kB
NFS_Unstable:          0 kB
Bounce:                0 kB
WritebackTmp:          0 kB
CommitLimit:     1242116 kB
Committed_AS:   56771440 kB
VmallocTotal:     409600 kB
VmallocUsed:       35348 kB
VmallocChunk:      90140 kB
Time pass: 36 sec

---2015-12-10 00:29:21
MemTotal:        1959952 kB
MemFree:           99208 kB
Buffers:            2000 kB
Cached:          1019148 kB
SwapCached:          580 kB
Active:           777248 kB
Inactive:         676380 kB
Active(anon):     266964 kB
Inactive(anon):   168084 kB
Active(file):     510284 kB
Inactive(file):   508296 kB
Unevictable:        1744 kB
Mlocked:               0 kB
HighTotal:       1372556 kB
HighFree:          42824 kB
LowTotal:         587396 kB
LowFree:           56384 kB
SwapTotal:        262140 kB
SwapFree:         232104 kB
Dirty:               396 kB
Writeback:             0 kB
AnonPages:        434804 kB
Mapped:           316832 kB
Shmem:               252 kB
Slab:              55916 kB
SReclaimable:      16988 kB
SUnreclaim:        38928 kB
KernelStack:       15808 kB
PageTables:        27392 kB
NFS_Unstable:          0 kB
Bounce:                0 kB
WritebackTmp:          0 kB
CommitLimit:     1242116 kB
Committed_AS:   56780204 kB
VmallocTotal:     409600 kB
VmallocUsed:       35512 kB
VmallocChunk:      90140 kB
Time pass: 39 sec

---2015-12-10 00:29:21
MemTotal:        1959952 kB
MemFree:           97864 kB
Buffers:            2000 kB
Cached:          1018840 kB
SwapCached:          580 kB
Active:           777880 kB
Inactive:         676244 kB
Active(anon):     267596 kB
Inactive(anon):   167736 kB
Active(file):     510284 kB
Inactive(file):   508508 kB
Unevictable:        1744 kB
Mlocked:               0 kB
HighTotal:       1372556 kB
HighFree:          41924 kB
LowTotal:         587396 kB
LowFree:           55940 kB
SwapTotal:        262140 kB
SwapFree:         232104 kB
Dirty:               440 kB
Writeback:             0 kB
AnonPages:        435108 kB
Mapped:           317144 kB
Shmem:               252 kB
Slab:              56220 kB
SReclaimable:      16956 kB
SUnreclaim:        39264 kB
KernelStack:       15792 kB
PageTables:        27384 kB
NFS_Unstable:          0 kB
Bounce:                0 kB
WritebackTmp:          0 kB
CommitLimit:     1242116 kB
Committed_AS:   56780652 kB
VmallocTotal:     409600 kB
VmallocUsed:       35512 kB
VmallocChunk:      90140 kB
Time pass: 43 sec

---2015-12-10 00:29:21
MemTotal:        1959952 kB
MemFree:          101356 kB
Buffers:            2000 kB
Cached:          1018944 kB
SwapCached:          580 kB
Active:           776660 kB
Inactive:         676280 kB
Active(anon):     266288 kB
Inactive(anon):   167720 kB
Active(file):     510372 kB
Inactive(file):   508560 kB
Unevictable:        1744 kB
Mlocked:               0 kB
HighTotal:       1372556 kB
HighFree:          45348 kB
LowTotal:         587396 kB
LowFree:           56008 kB
SwapTotal:        262140 kB
SwapFree:         232112 kB
Dirty:               440 kB
Writeback:             0 kB
AnonPages:        433880 kB
Mapped:           317512 kB
Shmem:               256 kB
Slab:              56284 kB
SReclaimable:      16956 kB
SUnreclaim:        39328 kB
KernelStack:       15792 kB
PageTables:        27380 kB
NFS_Unstable:          0 kB
Bounce:                0 kB
WritebackTmp:          0 kB
CommitLimit:     1242116 kB
Committed_AS:   56782888 kB
VmallocTotal:     409600 kB
VmallocUsed:       35496 kB
VmallocChunk:      90140 kB
Time pass: 47 sec

---2015-12-10 00:29:21
MemTotal:        1959952 kB
MemFree:           77768 kB
Buffers:            2000 kB
Cached:          1021728 kB
SwapCached:          580 kB
Active:           792428 kB
Inactive:         678552 kB
Active(anon):     281608 kB
Inactive(anon):   167724 kB
Active(file):     510820 kB
Inactive(file):   510828 kB
Unevictable:        1744 kB
Mlocked:               0 kB
HighTotal:       1372556 kB
HighFree:          26408 kB
LowTotal:         587396 kB
LowFree:           51360 kB
SwapTotal:        262140 kB
SwapFree:         232116 kB
Dirty:               832 kB
Writeback:             0 kB
AnonPages:        449288 kB
Mapped:           324836 kB
Shmem:               256 kB
Slab:              56628 kB
SReclaimable:      16956 kB
SUnreclaim:        39672 kB
KernelStack:       15856 kB
PageTables:        27384 kB
NFS_Unstable:          0 kB
Bounce:                0 kB
WritebackTmp:          0 kB
CommitLimit:     1242116 kB
Committed_AS:   56797992 kB
VmallocTotal:     409600 kB
VmallocUsed:       35516 kB
VmallocChunk:      90140 kB
Time pass: 50 sec

---2015-12-10 00:29:21
MemTotal:        1959952 kB
MemFree:          108672 kB
Buffers:            1988 kB
Cached:           972352 kB
SwapCached:          580 kB
Active:           762824 kB
Inactive:         656176 kB
Active(anon):     275916 kB
Inactive(anon):   170780 kB
Active(file):     486908 kB
Inactive(file):   485396 kB
Unevictable:        1744 kB
Mlocked:               0 kB
HighTotal:       1372556 kB
HighFree:          48216 kB
LowTotal:         587396 kB
LowFree:           60456 kB
SwapTotal:        262140 kB
SwapFree:         228144 kB
Dirty:               728 kB
Writeback:             0 kB
AnonPages:        446404 kB
Mapped:           337704 kB
Shmem:               256 kB
Slab:              56144 kB
SReclaimable:      16796 kB
SUnreclaim:        39348 kB
KernelStack:       15848 kB
PageTables:        27500 kB
NFS_Unstable:          0 kB
Bounce:                0 kB
WritebackTmp:          0 kB
CommitLimit:     1242116 kB
Committed_AS:   56798956 kB
VmallocTotal:     409600 kB
VmallocUsed:       35652 kB
VmallocChunk:      90140 kB
Time pass: 54 sec

---2015-12-10 00:29:21
MemTotal:        1959952 kB
MemFree:          106016 kB
Buffers:            1988 kB
Cached:           972740 kB
SwapCached:          580 kB
Active:           763608 kB
Inactive:         656544 kB
Active(anon):     276700 kB
Inactive(anon):   170776 kB
Active(file):     486908 kB
Inactive(file):   485768 kB
Unevictable:        1744 kB
Mlocked:               0 kB
HighTotal:       1372556 kB
HighFree:          45632 kB
LowTotal:         587396 kB
LowFree:           60384 kB
SwapTotal:        262140 kB
SwapFree:         228144 kB
Dirty:               744 kB
Writeback:             0 kB
AnonPages:        447220 kB
Mapped:           338564 kB
Shmem:               256 kB
Slab:              56236 kB
SReclaimable:      16876 kB
SUnreclaim:        39360 kB
KernelStack:       15848 kB
PageTables:        27500 kB
NFS_Unstable:          0 kB
Bounce:                0 kB
WritebackTmp:          0 kB
CommitLimit:     1242116 kB
Committed_AS:   56799680 kB
VmallocTotal:     409600 kB
VmallocUsed:       35652 kB
VmallocChunk:      90140 kB
Time pass: 58 sec

---2015-12-10 00:29:21
MemTotal:        1959952 kB
MemFree:           95028 kB
Buffers:            1988 kB
Cached:           972836 kB
SwapCached:          580 kB
Active:           763832 kB
Inactive:         656660 kB
Active(anon):     276892 kB
Inactive(anon):   170776 kB
Active(file):     486940 kB
Inactive(file):   485884 kB
Unevictable:        1744 kB
Mlocked:               0 kB
HighTotal:       1372556 kB
HighFree:          34232 kB
LowTotal:         587396 kB
LowFree:           60796 kB
SwapTotal:        262140 kB
SwapFree:         228144 kB
Dirty:               712 kB
Writeback:             0 kB
AnonPages:        447504 kB
Mapped:           347880 kB
Shmem:               256 kB
Slab:              55812 kB
SReclaimable:      16876 kB
SUnreclaim:        38936 kB
KernelStack:       15832 kB
PageTables:        27492 kB
NFS_Unstable:          0 kB
Bounce:                0 kB
WritebackTmp:          0 kB
CommitLimit:     1242116 kB
Committed_AS:   56800240 kB
VmallocTotal:     409600 kB
VmallocUsed:       35688 kB
VmallocChunk:      90140 kB
Time pass: 61 sec

---2015-12-10 00:29:21
MemTotal:        1959952 kB
MemFree:           93536 kB
Buffers:            1988 kB
Cached:           972836 kB
SwapCached:          580 kB
Active:           764540 kB
Inactive:         656632 kB
Active(anon):     277576 kB
Inactive(anon):   170772 kB
Active(file):     486964 kB
Inactive(file):   485860 kB
Unevictable:        1744 kB
Mlocked:               0 kB
HighTotal:       1372556 kB
HighFree:          33344 kB
LowTotal:         587396 kB
LowFree:           60192 kB
SwapTotal:        262140 kB
SwapFree:         228144 kB
Dirty:               660 kB
Writeback:             0 kB
AnonPages:        448144 kB
Mapped:           347880 kB
Shmem:               256 kB
Slab:              56320 kB
SReclaimable:      16876 kB
SUnreclaim:        39444 kB
KernelStack:       15832 kB
PageTables:        27496 kB
NFS_Unstable:          0 kB
Bounce:                0 kB
WritebackTmp:          0 kB
CommitLimit:     1242116 kB
Committed_AS:   56800668 kB
VmallocTotal:     409600 kB
VmallocUsed:       35688 kB
VmallocChunk:      90140 kB
Time pass: 65 sec

---2015-12-10 00:29:21
MemTotal:        1959952 kB
MemFree:           78648 kB
Buffers:            1988 kB
Cached:           968332 kB
SwapCached:          580 kB
Active:           767172 kB
Inactive:         656096 kB
Active(anon):     283004 kB
Inactive(anon):   171944 kB
Active(file):     484168 kB
Inactive(file):   484152 kB
Unevictable:        1744 kB
Mlocked:               0 kB
HighTotal:       1372556 kB
HighFree:          20104 kB
LowTotal:         587396 kB
LowFree:           58544 kB
SwapTotal:        262140 kB
SwapFree:         227892 kB
Dirty:               756 kB
Writeback:             0 kB
AnonPages:        454732 kB
Mapped:           361544 kB
Shmem:               256 kB
Slab:              56468 kB
SReclaimable:      16968 kB
SUnreclaim:        39500 kB
KernelStack:       15856 kB
PageTables:        27548 kB
NFS_Unstable:          0 kB
Bounce:                0 kB
WritebackTmp:          0 kB
CommitLimit:     1242116 kB
Committed_AS:   56806628 kB
VmallocTotal:     409600 kB
VmallocUsed:       35776 kB
VmallocChunk:      90140 kB
Time pass: 69 sec

---2015-12-10 00:29:21
MemTotal:        1959952 kB
MemFree:          100352 kB
Buffers:            1988 kB
Cached:           938456 kB
SwapCached:          580 kB
Active:           760412 kB
Inactive:         641092 kB
Active(anon):     291496 kB
Inactive(anon):   171584 kB
Active(file):     468916 kB
Inactive(file):   469508 kB
Unevictable:        1744 kB
Mlocked:               0 kB
HighTotal:       1372556 kB
HighFree:          34612 kB
LowTotal:         587396 kB
LowFree:           65740 kB
SwapTotal:        262140 kB
SwapFree:         224200 kB
Dirty:               668 kB
Writeback:             0 kB
AnonPages:        463072 kB
Mapped:           364244 kB
Shmem:               256 kB
Slab:              56596 kB
SReclaimable:      16876 kB
SUnreclaim:        39720 kB
KernelStack:       15920 kB
PageTables:        27576 kB
NFS_Unstable:          0 kB
Bounce:                0 kB
WritebackTmp:          0 kB
CommitLimit:     1242116 kB
Committed_AS:   56825040 kB
VmallocTotal:     409600 kB
VmallocUsed:       35776 kB
VmallocChunk:      90140 kB
Time pass: 73 sec

---2015-12-10 00:29:21
MemTotal:        1959952 kB
MemFree:          104128 kB
Buffers:            2116 kB
Cached:           907324 kB
SwapCached:         1384 kB
Active:           746588 kB
Inactive:         630344 kB
Active(anon):     295600 kB
Inactive(anon):   174028 kB
Active(file):     450988 kB
Inactive(file):   456316 kB
Unevictable:        1744 kB
Mlocked:               0 kB
HighTotal:       1372556 kB
HighFree:          40228 kB
LowTotal:         587396 kB
LowFree:           63900 kB
SwapTotal:        262140 kB
SwapFree:         222896 kB
Dirty:               852 kB
Writeback:             0 kB
AnonPages:        469144 kB
Mapped:           362048 kB
Shmem:               392 kB
Slab:              55820 kB
SReclaimable:      16732 kB
SUnreclaim:        39088 kB
KernelStack:       16048 kB
PageTables:        27752 kB
NFS_Unstable:          0 kB
Bounce:                0 kB
WritebackTmp:          0 kB
CommitLimit:     1242116 kB
Committed_AS:   56842268 kB
VmallocTotal:     409600 kB
VmallocUsed:       38184 kB
VmallocChunk:      90140 kB
Time pass: 77 sec

---2015-12-10 00:29:21
MemTotal:        1959952 kB
MemFree:          115736 kB
Buffers:            1748 kB
Cached:           865408 kB
SwapCached:         1384 kB
Active:           712048 kB
Inactive:         623032 kB
Active(anon):     294636 kB
Inactive(anon):   175520 kB
Active(file):     417412 kB
Inactive(file):   447512 kB
Unevictable:        1744 kB
Mlocked:               0 kB
HighTotal:       1372556 kB
HighFree:          48656 kB
LowTotal:         587396 kB
LowFree:           67080 kB
SwapTotal:        262140 kB
SwapFree:         222412 kB
Dirty:               844 kB
Writeback:             0 kB
AnonPages:        469628 kB
Mapped:           362168 kB
Shmem:               488 kB
Slab:              55820 kB
SReclaimable:      16860 kB
SUnreclaim:        38960 kB
KernelStack:       16048 kB
PageTables:        27892 kB
NFS_Unstable:          0 kB
Bounce:                0 kB
WritebackTmp:          0 kB
CommitLimit:     1242116 kB
Committed_AS:   56842940 kB
VmallocTotal:     409600 kB
VmallocUsed:       38184 kB
VmallocChunk:      90140 kB
Time pass: 81 sec

---2015-12-10 00:29:21
MemTotal:        1959952 kB
MemFree:          114464 kB
Buffers:            1748 kB
Cached:           865704 kB
SwapCached:         1384 kB
Active:           712660 kB
Inactive:         623276 kB
Active(anon):     295212 kB
Inactive(anon):   175612 kB
Active(file):     417448 kB
Inactive(file):   447664 kB
Unevictable:        1744 kB
Mlocked:               0 kB
HighTotal:       1372556 kB
HighFree:          47320 kB
LowTotal:         587396 kB
LowFree:           67144 kB
SwapTotal:        262140 kB
SwapFree:         222412 kB
Dirty:               844 kB
Writeback:             0 kB
AnonPages:        470152 kB
Mapped:           362364 kB
Shmem:               596 kB
Slab:              55948 kB
SReclaimable:      16900 kB
SUnreclaim:        39048 kB
KernelStack:       16024 kB
PageTables:        27884 kB
NFS_Unstable:          0 kB
Bounce:                0 kB
WritebackTmp:          0 kB
CommitLimit:     1242116 kB
Committed_AS:   56842932 kB
VmallocTotal:     409600 kB
VmallocUsed:       38184 kB
VmallocChunk:      90140 kB
Time pass: 85 sec

---2015-12-10 00:29:21
MemTotal:        1959952 kB
MemFree:          115168 kB
Buffers:            1748 kB
Cached:           865756 kB
SwapCached:         1384 kB
Active:           711752 kB
Inactive:         623328 kB
Active(anon):     294304 kB
Inactive(anon):   175664 kB
Active(file):     417448 kB
Inactive(file):   447664 kB
Unevictable:        1744 kB
Mlocked:               0 kB
HighTotal:       1372556 kB
HighFree:          47948 kB
LowTotal:         587396 kB
LowFree:           67220 kB
SwapTotal:        262140 kB
SwapFree:         222412 kB
Dirty:               848 kB
Writeback:             0 kB
AnonPages:        469256 kB
Mapped:           362452 kB
Shmem:               648 kB
Slab:              55860 kB
SReclaimable:      16908 kB
SUnreclaim:        38952 kB
KernelStack:       16016 kB
PageTables:        27888 kB
NFS_Unstable:          0 kB
Bounce:                0 kB
WritebackTmp:          0 kB
CommitLimit:     1242116 kB
Committed_AS:   56843080 kB
VmallocTotal:     409600 kB
VmallocUsed:       38184 kB
VmallocChunk:      90140 kB
Time pass: 88 sec

---2015-12-10 00:29:21
MemTotal:        1959952 kB
MemFree:          109476 kB
Buffers:            1748 kB
Cached:           865836 kB
SwapCached:         1384 kB
Active:           713708 kB
Inactive:         623388 kB
Active(anon):     296244 kB
Inactive(anon):   175660 kB
Active(file):     417464 kB
Inactive(file):   447728 kB
Unevictable:        1744 kB
Mlocked:               0 kB
HighTotal:       1372556 kB
HighFree:          42296 kB
LowTotal:         587396 kB
LowFree:           67180 kB
SwapTotal:        262140 kB
SwapFree:         222412 kB
Dirty:               920 kB
Writeback:             0 kB
AnonPages:        471316 kB
Mapped:           362408 kB
Shmem:               648 kB
Slab:              55868 kB
SReclaimable:      16908 kB
SUnreclaim:        38960 kB
KernelStack:       16024 kB
PageTables:        27932 kB
NFS_Unstable:          0 kB
Bounce:                0 kB
WritebackTmp:          0 kB
CommitLimit:     1242116 kB
Committed_AS:   56844948 kB
VmallocTotal:     409600 kB
VmallocUsed:       38184 kB
VmallocChunk:      90140 kB
Time pass: 92 sec

---2015-12-10 00:29:21
MemTotal:        1959952 kB
MemFree:          108252 kB
Buffers:            1748 kB
Cached:           865756 kB
SwapCached:         1384 kB
Active:           715060 kB
Inactive:         623324 kB
Active(anon):     297612 kB
Inactive(anon):   175660 kB
Active(file):     417448 kB
Inactive(file):   447664 kB
Unevictable:        1744 kB
Mlocked:               0 kB
HighTotal:       1372556 kB
HighFree:          41056 kB
LowTotal:         587396 kB
LowFree:           67196 kB
SwapTotal:        262140 kB
SwapFree:         222412 kB
Dirty:               840 kB
Writeback:             0 kB
AnonPages:        472800 kB
Mapped:           362376 kB
Shmem:               648 kB
Slab:              55768 kB
SReclaimable:      16908 kB
SUnreclaim:        38860 kB
KernelStack:       16000 kB
PageTables:        27912 kB
NFS_Unstable:          0 kB
Bounce:                0 kB
WritebackTmp:          0 kB
CommitLimit:     1242116 kB
Committed_AS:   56846400 kB
VmallocTotal:     409600 kB
VmallocUsed:       38184 kB
VmallocChunk:      90140 kB
Time pass: 96 sec

---2015-12-10 00:29:21
MemTotal:        1959952 kB
MemFree:          107808 kB
Buffers:            1748 kB
Cached:           865784 kB
SwapCached:         1384 kB
Active:           714932 kB
Inactive:         623352 kB
Active(anon):     297484 kB
Inactive(anon):   175688 kB
Active(file):     417448 kB
Inactive(file):   447664 kB
Unevictable:        1744 kB
Mlocked:               0 kB
HighTotal:       1372556 kB
HighFree:          40500 kB
LowTotal:         587396 kB
LowFree:           67308 kB
SwapTotal:        262140 kB
SwapFree:         222412 kB
Dirty:               844 kB
Writeback:             0 kB
AnonPages:        472184 kB
Mapped:           362412 kB
Shmem:               676 kB
Slab:              55796 kB
SReclaimable:      16908 kB
SUnreclaim:        38888 kB
KernelStack:       15992 kB
PageTables:        27924 kB
NFS_Unstable:          0 kB
Bounce:                0 kB
WritebackTmp:          0 kB
CommitLimit:     1242116 kB
Committed_AS:   56845484 kB
VmallocTotal:     409600 kB
VmallocUsed:       38184 kB
VmallocChunk:      90140 kB
Time pass: 100 sec

---2015-12-10 00:29:21
MemTotal:        1959952 kB
MemFree:          107864 kB
Buffers:            1748 kB
Cached:           865784 kB
SwapCached:         1384 kB
Active:           715020 kB
Inactive:         623352 kB
Active(anon):     297572 kB
Inactive(anon):   175688 kB
Active(file):     417448 kB
Inactive(file):   447664 kB
Unevictable:        1744 kB
Mlocked:               0 kB
HighTotal:       1372556 kB
HighFree:          40600 kB
LowTotal:         587396 kB
LowFree:           67264 kB
SwapTotal:        262140 kB
SwapFree:         222412 kB
Dirty:               844 kB
Writeback:             0 kB
AnonPages:        472528 kB
Mapped:           362376 kB
Shmem:               676 kB
Slab:              55916 kB
SReclaimable:      16908 kB
SUnreclaim:        39008 kB
KernelStack:       15984 kB
PageTables:        27912 kB
NFS_Unstable:          0 kB
Bounce:                0 kB
WritebackTmp:          0 kB
CommitLimit:     1242116 kB
Committed_AS:   56845532 kB
VmallocTotal:     409600 kB
VmallocUsed:       38184 kB
VmallocChunk:      90140 kB
Time pass: 104 sec

---2015-12-10 00:29:21
MemTotal:        1959952 kB
MemFree:          103540 kB
Buffers:            1748 kB
Cached:           869152 kB
SwapCached:         1384 kB
Active:           708368 kB
Inactive:         626708 kB
Active(anon):     290896 kB
Inactive(anon):   175308 kB
Active(file):     417472 kB
Inactive(file):   451400 kB
Unevictable:        1744 kB
Mlocked:               0 kB
HighTotal:       1372556 kB
HighFree:          37388 kB
LowTotal:         587396 kB
LowFree:           66152 kB
SwapTotal:        262140 kB
SwapFree:         222416 kB
Dirty:               848 kB
Writeback:             0 kB
AnonPages:        466008 kB
Mapped:           361852 kB
Shmem:               288 kB
Slab:              56112 kB
SReclaimable:      16844 kB
SUnreclaim:        39268 kB
KernelStack:       16008 kB
PageTables:        27680 kB
NFS_Unstable:          0 kB
Bounce:                0 kB
WritebackTmp:          0 kB
CommitLimit:     1242116 kB
Committed_AS:   56820528 kB
VmallocTotal:     409600 kB
VmallocUsed:       38164 kB
VmallocChunk:      90140 kB
Time pass: 108 sec

---2015-12-10 00:29:21
MemTotal:        1959952 kB
MemFree:          348288 kB
Buffers:             964 kB
Cached:           854088 kB
SwapCached:         1400 kB
Active:           633612 kB
Inactive:         613768 kB
Active(anon):     219192 kB
Inactive(anon):   175060 kB
Active(file):     414420 kB
Inactive(file):   438708 kB
Unevictable:        1744 kB
Mlocked:               0 kB
HighTotal:       1372556 kB
HighFree:         194380 kB
LowTotal:         587396 kB
LowFree:          153908 kB
SwapTotal:        262140 kB
SwapFree:         221956 kB
Dirty:                28 kB
Writeback:             4 kB
AnonPages:        394132 kB
Mapped:           259368 kB
Shmem:               120 kB
Slab:              55960 kB
SReclaimable:      16764 kB
SUnreclaim:        39196 kB
KernelStack:       14984 kB
PageTables:        25832 kB
NFS_Unstable:          0 kB
Bounce:                0 kB
WritebackTmp:          0 kB
CommitLimit:     1242116 kB
Committed_AS:   54818880 kB
VmallocTotal:     409600 kB
VmallocUsed:       36404 kB
VmallocChunk:      90140 kB
Time pass: 112 sec

---2015-12-10 00:29:21
MemTotal:        1959952 kB
MemFree:          350348 kB
Buffers:             964 kB
Cached:           854260 kB
SwapCached:         1388 kB
Active:           632248 kB
Inactive:         613080 kB
Active(anon):     217824 kB
Inactive(anon):   174144 kB
Active(file):     414424 kB
Inactive(file):   438936 kB
Unevictable:        1744 kB
Mlocked:               0 kB
HighTotal:       1372556 kB
HighFree:         195472 kB
LowTotal:         587396 kB
LowFree:          154876 kB
SwapTotal:        262140 kB
SwapFree:         221976 kB
Dirty:               200 kB
Writeback:             0 kB
AnonPages:        391656 kB
Mapped:           259420 kB
Shmem:               120 kB
Slab:              55840 kB
SReclaimable:      16764 kB
SUnreclaim:        39076 kB
KernelStack:       14992 kB
PageTables:        25848 kB
NFS_Unstable:          0 kB
Bounce:                0 kB
WritebackTmp:          0 kB
CommitLimit:     1242116 kB
Committed_AS:   54818888 kB
VmallocTotal:     409600 kB
VmallocUsed:       36404 kB
VmallocChunk:      90140 kB
Time pass: 116 sec

---2015-12-10 00:29:21
MemTotal:        1959952 kB
MemFree:          350104 kB
Buffers:             964 kB
Cached:           854260 kB
SwapCached:         1388 kB
Active:           632364 kB
Inactive:         613068 kB
Active(anon):     217936 kB
Inactive(anon):   174136 kB
Active(file):     414428 kB
Inactive(file):   438932 kB
Unevictable:        1744 kB
Mlocked:               0 kB
HighTotal:       1372556 kB
HighFree:         195204 kB
LowTotal:         587396 kB
LowFree:          154900 kB
SwapTotal:        262140 kB
SwapFree:         221976 kB
Dirty:                28 kB
Writeback:             0 kB
AnonPages:        391904 kB
Mapped:           259420 kB
Shmem:               120 kB
Slab:              55808 kB
SReclaimable:      16764 kB
SUnreclaim:        39044 kB
KernelStack:       15000 kB
PageTables:        25848 kB
NFS_Unstable:          0 kB
Bounce:                0 kB
WritebackTmp:          0 kB
CommitLimit:     1242116 kB
Committed_AS:   54819044 kB
VmallocTotal:     409600 kB
VmallocUsed:       36404 kB
VmallocChunk:      90140 kB
Time pass: 119 sec

---2015-12-10 00:29:21
MemTotal:        1959952 kB
MemFree:          351688 kB
Buffers:             964 kB
Cached:           854260 kB
SwapCached:         1388 kB
Active:           635896 kB
Inactive:         613060 kB
Active(anon):     221468 kB
Inactive(anon):   174132 kB
Active(file):     414428 kB
Inactive(file):   438928 kB
Unevictable:        1744 kB
Mlocked:               0 kB
HighTotal:       1372556 kB
HighFree:         191984 kB
LowTotal:         587396 kB
LowFree:          159704 kB
SwapTotal:        262140 kB
SwapFree:         221976 kB
Dirty:                36 kB
Writeback:             0 kB
AnonPages:        395328 kB
Mapped:           260028 kB
Shmem:               120 kB
Slab:              56036 kB
SReclaimable:      16844 kB
SUnreclaim:        39192 kB
KernelStack:       14904 kB
PageTables:        26080 kB
NFS_Unstable:          0 kB
Bounce:                0 kB
WritebackTmp:          0 kB
CommitLimit:     1242116 kB
Committed_AS:   56660748 kB
VmallocTotal:     409600 kB
VmallocUsed:       33996 kB
VmallocChunk:      90140 kB
Time pass: 123 sec

---2015-12-10 00:29:21
MemTotal:        1959952 kB
MemFree:          269440 kB
Buffers:             964 kB
Cached:           855156 kB
SwapCached:         1468 kB
Active:           663268 kB
Inactive:         611468 kB
Active(anon):     246400 kB
Inactive(anon):   174316 kB
Active(file):     416868 kB
Inactive(file):   437152 kB
Unevictable:        1744 kB
Mlocked:               0 kB
HighTotal:       1372556 kB
HighFree:         145064 kB
LowTotal:         587396 kB
LowFree:          124376 kB
SwapTotal:        262140 kB
SwapFree:         221980 kB
Dirty:               936 kB
Writeback:             0 kB
AnonPages:        420472 kB
Mapped:           287472 kB
Shmem:               252 kB
Slab:              56204 kB
SReclaimable:      16812 kB
SUnreclaim:        39392 kB
KernelStack:       15560 kB
PageTables:        26768 kB
NFS_Unstable:          0 kB
Bounce:                0 kB
WritebackTmp:          0 kB
CommitLimit:     1242116 kB
Committed_AS:   55836404 kB
VmallocTotal:     409600 kB
VmallocUsed:       34260 kB
VmallocChunk:      90140 kB
Time pass: 127 sec

---2015-12-10 00:29:21
MemTotal:        1959952 kB
MemFree:          229356 kB
Buffers:             964 kB
Cached:           856612 kB
SwapCached:         1500 kB
Active:           672328 kB
Inactive:         611764 kB
Active(anon):     255112 kB
Inactive(anon):   173524 kB
Active(file):     417216 kB
Inactive(file):   438240 kB
Unevictable:        1744 kB
Mlocked:               0 kB
HighTotal:       1372556 kB
HighFree:         124416 kB
LowTotal:         587396 kB
LowFree:          104940 kB
SwapTotal:        262140 kB
SwapFree:         221980 kB
Dirty:              1592 kB
Writeback:            36 kB
AnonPages:        428660 kB
Mapped:           295660 kB
Shmem:               256 kB
Slab:              56380 kB
SReclaimable:      16828 kB
SUnreclaim:        39552 kB
KernelStack:       15640 kB
PageTables:        26828 kB
NFS_Unstable:          0 kB
Bounce:                0 kB
WritebackTmp:          0 kB
CommitLimit:     1242116 kB
Committed_AS:   55839736 kB
VmallocTotal:     409600 kB
VmallocUsed:       34376 kB
VmallocChunk:      90140 kB
Time pass: 130 sec

---2015-12-10 00:29:21
MemTotal:        1959952 kB
MemFree:          187820 kB
Buffers:             964 kB
Cached:           857480 kB
SwapCached:         1500 kB
Active:           679608 kB
Inactive:         611408 kB
Active(anon):     261064 kB
Inactive(anon):   173512 kB
Active(file):     418544 kB
Inactive(file):   437896 kB
Unevictable:        1744 kB
Mlocked:               0 kB
HighTotal:       1372556 kB
HighFree:         101144 kB
LowTotal:         587396 kB
LowFree:           86676 kB
SwapTotal:        262140 kB
SwapFree:         221980 kB
Dirty:               628 kB
Writeback:             0 kB
AnonPages:        434516 kB
Mapped:           313312 kB
Shmem:               256 kB
Slab:              56444 kB
SReclaimable:      16832 kB
SUnreclaim:        39612 kB
KernelStack:       15648 kB
PageTables:        26932 kB
NFS_Unstable:          0 kB
Bounce:                0 kB
WritebackTmp:          0 kB
CommitLimit:     1242116 kB
Committed_AS:   55850996 kB
VmallocTotal:     409600 kB
VmallocUsed:       34524 kB
VmallocChunk:      90140 kB
Time pass: 134 sec

---2015-12-10 00:29:21
MemTotal:        1959952 kB
MemFree:          172964 kB
Buffers:             964 kB
Cached:           857648 kB
SwapCached:         1500 kB
Active:           673524 kB
Inactive:         611392 kB
Active(anon):     254840 kB
Inactive(anon):   173512 kB
Active(file):     418684 kB
Inactive(file):   437880 kB
Unevictable:        1744 kB
Mlocked:               0 kB
HighTotal:       1372556 kB
HighFree:          86092 kB
LowTotal:         587396 kB
LowFree:           86872 kB
SwapTotal:        262140 kB
SwapFree:         221980 kB
Dirty:               864 kB
Writeback:             0 kB
AnonPages:        428080 kB
Mapped:           331796 kB
Shmem:               256 kB
Slab:              56324 kB
SReclaimable:      16832 kB
SUnreclaim:        39492 kB
KernelStack:       15640 kB
PageTables:        26960 kB
NFS_Unstable:          0 kB
Bounce:                0 kB
WritebackTmp:          0 kB
CommitLimit:     1242116 kB
Committed_AS:   55844648 kB
VmallocTotal:     409600 kB
VmallocUsed:       34596 kB
VmallocChunk:      90140 kB
Time pass: 137 sec

---2015-12-10 00:29:21
MemTotal:        1959952 kB
MemFree:          169056 kB
Buffers:             964 kB
Cached:           857648 kB
SwapCached:         1500 kB
Active:           678480 kB
Inactive:         611384 kB
Active(anon):     259740 kB
Inactive(anon):   173512 kB
Active(file):     418740 kB
Inactive(file):   437872 kB
Unevictable:        1744 kB
Mlocked:               0 kB
HighTotal:       1372556 kB
HighFree:          82472 kB
LowTotal:         587396 kB
LowFree:           86584 kB
SwapTotal:        262140 kB
SwapFree:         221980 kB
Dirty:               976 kB
Writeback:             0 kB
AnonPages:        433156 kB
Mapped:           331936 kB
Shmem:               256 kB
Slab:              56712 kB
SReclaimable:      16832 kB
SUnreclaim:        39880 kB
KernelStack:       15640 kB
PageTables:        26984 kB
NFS_Unstable:          0 kB
Bounce:                0 kB
WritebackTmp:          0 kB
CommitLimit:     1242116 kB
Committed_AS:   55850884 kB
VmallocTotal:     409600 kB
VmallocUsed:       34664 kB
VmallocChunk:      90140 kB
Time pass: 141 sec

---2015-12-10 00:29:21
MemTotal:        1959952 kB
MemFree:          145508 kB
Buffers:             964 kB
Cached:           857668 kB
SwapCached:         1500 kB
Active:           680912 kB
Inactive:         611404 kB
Active(anon):     262168 kB
Inactive(anon):   173516 kB
Active(file):     418744 kB
Inactive(file):   437888 kB
Unevictable:        1744 kB
Mlocked:               0 kB
HighTotal:       1372556 kB
HighFree:          58892 kB
LowTotal:         587396 kB
LowFree:           86616 kB
SwapTotal:        262140 kB
SwapFree:         221984 kB
Dirty:               856 kB
Writeback:            36 kB
AnonPages:        435000 kB
Mapped:           346924 kB
Shmem:               256 kB
Slab:              56616 kB
SReclaimable:      16832 kB
SUnreclaim:        39784 kB
KernelStack:       15648 kB
PageTables:        27032 kB
NFS_Unstable:          0 kB
Bounce:                0 kB
WritebackTmp:          0 kB
CommitLimit:     1242116 kB
Committed_AS:   55851352 kB
VmallocTotal:     409600 kB
VmallocUsed:       34684 kB
VmallocChunk:      90140 kB
Time pass: 145 sec

---2015-12-10 00:29:21
MemTotal:        1959952 kB
MemFree:          145436 kB
Buffers:             964 kB
Cached:           857672 kB
SwapCached:         1500 kB
Active:           681052 kB
Inactive:         611400 kB
Active(anon):     262300 kB
Inactive(anon):   173516 kB
Active(file):     418752 kB
Inactive(file):   437884 kB
Unevictable:        1744 kB
Mlocked:               0 kB
HighTotal:       1372556 kB
HighFree:          59068 kB
LowTotal:         587396 kB
LowFree:           86368 kB
SwapTotal:        262140 kB
SwapFree:         221984 kB
Dirty:               828 kB
Writeback:             0 kB
AnonPages:        435224 kB
Mapped:           346980 kB
Shmem:               256 kB
Slab:              56580 kB
SReclaimable:      16832 kB
SUnreclaim:        39748 kB
KernelStack:       15664 kB
PageTables:        27048 kB
NFS_Unstable:          0 kB
Bounce:                0 kB
WritebackTmp:          0 kB
CommitLimit:     1242116 kB
Committed_AS:   55851288 kB
VmallocTotal:     409600 kB
VmallocUsed:       34684 kB
VmallocChunk:      90140 kB
Time pass: 148 sec

---2015-12-10 00:29:21
MemTotal:        1959952 kB
MemFree:          143860 kB
Buffers:             964 kB
Cached:           857672 kB
SwapCached:         1500 kB
Active:           681792 kB
Inactive:         611392 kB
Active(anon):     263036 kB
Inactive(anon):   173512 kB
Active(file):     418756 kB
Inactive(file):   437880 kB
Unevictable:        1744 kB
Mlocked:               0 kB
HighTotal:       1372556 kB
HighFree:          57960 kB
LowTotal:         587396 kB
LowFree:           85900 kB
SwapTotal:        262140 kB
SwapFree:         221984 kB
Dirty:               828 kB
Writeback:             0 kB
AnonPages:        436200 kB
Mapped:           347516 kB
Shmem:               256 kB
Slab:              56568 kB
SReclaimable:      16832 kB
SUnreclaim:        39736 kB
KernelStack:       15680 kB
PageTables:        27024 kB
NFS_Unstable:          0 kB
Bounce:                0 kB
WritebackTmp:          0 kB
CommitLimit:     1242116 kB
Committed_AS:   55858244 kB
VmallocTotal:     409600 kB
VmallocUsed:       34684 kB
VmallocChunk:      90140 kB
Time pass: 152 sec

---2015-12-10 00:29:21
MemTotal:        1959952 kB
MemFree:          131872 kB
Buffers:             964 kB
Cached:           857852 kB
SwapCached:         1500 kB
Active:           694872 kB
Inactive:         610572 kB
Active(anon):     275124 kB
Inactive(anon):   173660 kB
Active(file):     419748 kB
Inactive(file):   436912 kB
Unevictable:        1744 kB
Mlocked:               0 kB
HighTotal:       1372556 kB
HighFree:          49008 kB
LowTotal:         587396 kB
LowFree:           82864 kB
SwapTotal:        262140 kB
SwapFree:         221984 kB
Dirty:               848 kB
Writeback:             0 kB
AnonPages:        448144 kB
Mapped:           349448 kB
Shmem:               412 kB
Slab:              56364 kB
SReclaimable:      16832 kB
SUnreclaim:        39532 kB
KernelStack:       15848 kB
PageTables:        27212 kB
NFS_Unstable:          0 kB
Bounce:                0 kB
WritebackTmp:          0 kB
CommitLimit:     1242116 kB
Committed_AS:   55881444 kB
VmallocTotal:     409600 kB
VmallocUsed:       37092 kB
VmallocChunk:      90140 kB
Time pass: 156 sec

---2015-12-10 00:29:21
MemTotal:        1959952 kB
MemFree:          128668 kB
Buffers:             964 kB
Cached:           858104 kB
SwapCached:         1500 kB
Active:           696300 kB
Inactive:         610820 kB
Active(anon):     276548 kB
Inactive(anon):   173912 kB
Active(file):     419752 kB
Inactive(file):   436908 kB
Unevictable:        1744 kB
Mlocked:               0 kB
HighTotal:       1372556 kB
HighFree:          46560 kB
LowTotal:         587396 kB
LowFree:           82108 kB
SwapTotal:        262140 kB
SwapFree:         221984 kB
Dirty:               828 kB
Writeback:             0 kB
AnonPages:        449560 kB
Mapped:           350180 kB
Shmem:               664 kB
Slab:              56084 kB
SReclaimable:      16832 kB
SUnreclaim:        39252 kB
KernelStack:       15832 kB
PageTables:        27256 kB
NFS_Unstable:          0 kB
Bounce:                0 kB
WritebackTmp:          0 kB
CommitLimit:     1242116 kB
Committed_AS:   55882536 kB
VmallocTotal:     409600 kB
VmallocUsed:       37092 kB
VmallocChunk:      90140 kB
Time pass: 160 sec

---2015-12-10 00:29:21
MemTotal:        1959952 kB
MemFree:          127772 kB
Buffers:             964 kB
Cached:           858280 kB
SwapCached:         1500 kB
Active:           696780 kB
Inactive:         610996 kB
Active(anon):     277028 kB
Inactive(anon):   174072 kB
Active(file):     419752 kB
Inactive(file):   436924 kB
Unevictable:        1744 kB
Mlocked:               0 kB
HighTotal:       1372556 kB
HighFree:          45568 kB
LowTotal:         587396 kB
LowFree:           82204 kB
SwapTotal:        262140 kB
SwapFree:         221984 kB
Dirty:               832 kB
Writeback:             0 kB
AnonPages:        450140 kB
Mapped:           350272 kB
Shmem:               824 kB
Slab:              56044 kB
SReclaimable:      16836 kB
SUnreclaim:        39208 kB
KernelStack:       15832 kB
PageTables:        27256 kB
NFS_Unstable:          0 kB
Bounce:                0 kB
WritebackTmp:          0 kB
CommitLimit:     1242116 kB
Committed_AS:   55882796 kB
VmallocTotal:     409600 kB
VmallocUsed:       37092 kB
VmallocChunk:      90140 kB
Time pass: 164 sec

---2015-12-10 00:29:21
MemTotal:        1959952 kB
MemFree:          125876 kB
Buffers:             964 kB
Cached:           858828 kB
SwapCached:         1500 kB
Active:           698080 kB
Inactive:         611532 kB
Active(anon):     278324 kB
Inactive(anon):   174124 kB
Active(file):     419756 kB
Inactive(file):   437408 kB
Unevictable:        1744 kB
Mlocked:               0 kB
HighTotal:       1372556 kB
HighFree:          43832 kB
LowTotal:         587396 kB
LowFree:           82044 kB
SwapTotal:        262140 kB
SwapFree:         221984 kB
Dirty:               872 kB
Writeback:             0 kB
AnonPages:        451232 kB
Mapped:           350316 kB
Shmem:               884 kB
Slab:              56196 kB
SReclaimable:      16836 kB
SUnreclaim:        39360 kB
KernelStack:       15832 kB
PageTables:        27260 kB
NFS_Unstable:          0 kB
Bounce:                0 kB
WritebackTmp:          0 kB
CommitLimit:     1242116 kB
Committed_AS:   55883124 kB
VmallocTotal:     409600 kB
VmallocUsed:       37092 kB
VmallocChunk:      90140 kB
Time pass: 169 sec

---2015-12-10 00:29:21
MemTotal:        1959952 kB
MemFree:          125112 kB
Buffers:             964 kB
Cached:           858924 kB
SwapCached:         1500 kB
Active:           698412 kB
Inactive:         611624 kB
Active(anon):     278652 kB
Inactive(anon):   174216 kB
Active(file):     419760 kB
Inactive(file):   437408 kB
Unevictable:        1744 kB
Mlocked:               0 kB
HighTotal:       1372556 kB
HighFree:          43068 kB
LowTotal:         587396 kB
LowFree:           82044 kB
SwapTotal:        262140 kB
SwapFree:         221984 kB
Dirty:               880 kB
Writeback:             0 kB
AnonPages:        451744 kB
Mapped:           350536 kB
Shmem:               976 kB
Slab:              56196 kB
SReclaimable:      16836 kB
SUnreclaim:        39360 kB
KernelStack:       15832 kB
PageTables:        27260 kB
NFS_Unstable:          0 kB
Bounce:                0 kB
WritebackTmp:          0 kB
CommitLimit:     1242116 kB
Committed_AS:   55883496 kB
VmallocTotal:     409600 kB
VmallocUsed:       37092 kB
VmallocChunk:      90140 kB
Time pass: 173 sec

---2015-12-10 00:29:21
MemTotal:        1959952 kB
MemFree:          125572 kB
Buffers:             964 kB
Cached:           858924 kB
SwapCached:         1500 kB
Active:           697964 kB
Inactive:         611624 kB
Active(anon):     278204 kB
Inactive(anon):   174216 kB
Active(file):     419760 kB
Inactive(file):   437408 kB
Unevictable:        1744 kB
Mlocked:               0 kB
HighTotal:       1372556 kB
HighFree:          43696 kB
LowTotal:         587396 kB
LowFree:           81876 kB
SwapTotal:        262140 kB
SwapFree:         221984 kB
Dirty:               872 kB
Writeback:             0 kB
AnonPages:        451248 kB
Mapped:           350332 kB
Shmem:               976 kB
Slab:              56132 kB
SReclaimable:      16836 kB
SUnreclaim:        39296 kB
KernelStack:       15816 kB
PageTables:        27240 kB
NFS_Unstable:          0 kB
Bounce:                0 kB
WritebackTmp:          0 kB
CommitLimit:     1242116 kB
Committed_AS:   55883296 kB
VmallocTotal:     409600 kB
VmallocUsed:       37092 kB
VmallocChunk:      90140 kB
Time pass: 176 sec

---2015-12-10 00:29:21
MemTotal:        1959952 kB
MemFree:          125400 kB
Buffers:             964 kB
Cached:           858924 kB
SwapCached:         1500 kB
Active:           698248 kB
Inactive:         611624 kB
Active(anon):     278488 kB
Inactive(anon):   174216 kB
Active(file):     419760 kB
Inactive(file):   437408 kB
Unevictable:        1744 kB
Mlocked:               0 kB
HighTotal:       1372556 kB
HighFree:          43476 kB
LowTotal:         587396 kB
LowFree:           81924 kB
SwapTotal:        262140 kB
SwapFree:         221984 kB
Dirty:               872 kB
Writeback:             0 kB
AnonPages:        451624 kB
Mapped:           350584 kB
Shmem:               976 kB
Slab:              56068 kB
SReclaimable:      16836 kB
SUnreclaim:        39232 kB
KernelStack:       15832 kB
PageTables:        27260 kB
NFS_Unstable:          0 kB
Bounce:                0 kB
WritebackTmp:          0 kB
CommitLimit:     1242116 kB
Committed_AS:   55883388 kB
VmallocTotal:     409600 kB
VmallocUsed:       37092 kB
VmallocChunk:      90140 kB
Time pass: 180 sec

---2015-12-10 00:29:21
MemTotal:        1959952 kB
MemFree:          118960 kB
Buffers:             964 kB
Cached:           858376 kB
SwapCached:         1500 kB
Active:           705272 kB
Inactive:         611004 kB
Active(anon):     285384 kB
Inactive(anon):   173720 kB
Active(file):     419888 kB
Inactive(file):   437284 kB
Unevictable:        1744 kB
Mlocked:               0 kB
HighTotal:       1372556 kB
HighFree:          37144 kB
LowTotal:         587396 kB
LowFree:           81816 kB
SwapTotal:        262140 kB
SwapFree:         221984 kB
Dirty:               872 kB
Writeback:             0 kB
AnonPages:        458532 kB
Mapped:           349896 kB
Shmem:               424 kB
Slab:              56300 kB
SReclaimable:      16840 kB
SUnreclaim:        39460 kB
KernelStack:       15896 kB
PageTables:        27284 kB
NFS_Unstable:          0 kB
Bounce:                0 kB
WritebackTmp:          0 kB
CommitLimit:     1242116 kB
Committed_AS:   55901480 kB
VmallocTotal:     409600 kB
VmallocUsed:       37092 kB
VmallocChunk:      90140 kB
Time pass: 184 sec

---2015-12-10 00:29:21
MemTotal:        1959952 kB
MemFree:          104092 kB
Buffers:            1164 kB
Cached:           869284 kB
SwapCached:         1500 kB
Active:           710980 kB
Inactive:         621856 kB
Active(anon):     290904 kB
Inactive(anon):   173852 kB
Active(file):     420076 kB
Inactive(file):   448004 kB
Unevictable:        1744 kB
Mlocked:               0 kB
HighTotal:       1372556 kB
HighFree:          27216 kB
LowTotal:         587396 kB
LowFree:           76876 kB
SwapTotal:        262140 kB
SwapFree:         221984 kB
Dirty:               952 kB
Writeback:             0 kB
AnonPages:        463952 kB
Mapped:           347744 kB
Shmem:               624 kB
Slab:              56468 kB
SReclaimable:      16840 kB
SUnreclaim:        39628 kB
KernelStack:       15840 kB
PageTables:        27308 kB
NFS_Unstable:          0 kB
Bounce:                0 kB
WritebackTmp:          0 kB
CommitLimit:     1242116 kB
Committed_AS:   55905128 kB
VmallocTotal:     409600 kB
VmallocUsed:       37092 kB
VmallocChunk:      90140 kB
Time pass: 190 sec

---2015-12-10 00:29:21
MemTotal:        1959952 kB
MemFree:          102688 kB
Buffers:            1164 kB
Cached:           869468 kB
SwapCached:         1496 kB
Active:           717752 kB
Inactive:         617272 kB
Active(anon):     293172 kB
Inactive(anon):   173772 kB
Active(file):     424580 kB
Inactive(file):   443500 kB
Unevictable:        1744 kB
Mlocked:               0 kB
HighTotal:       1372556 kB
HighFree:          26656 kB
LowTotal:         587396 kB
LowFree:           76032 kB
SwapTotal:        262140 kB
SwapFree:         221988 kB
Dirty:               952 kB
Writeback:             0 kB
AnonPages:        465960 kB
Mapped:           347928 kB
Shmem:               808 kB
Slab:              56116 kB
SReclaimable:      16840 kB
SUnreclaim:        39276 kB
KernelStack:       15840 kB
PageTables:        27316 kB
NFS_Unstable:          0 kB
Bounce:                0 kB
WritebackTmp:          0 kB
CommitLimit:     1242116 kB
Committed_AS:   55906012 kB
VmallocTotal:     409600 kB
VmallocUsed:       37092 kB
VmallocChunk:      90140 kB
Time pass: 194 sec

---2015-12-10 00:29:21
MemTotal:        1959952 kB
MemFree:          102780 kB
Buffers:            1164 kB
Cached:           869632 kB
SwapCached:         1496 kB
Active:           718060 kB
Inactive:         617368 kB
Active(anon):     293484 kB
Inactive(anon):   173864 kB
Active(file):     424576 kB
Inactive(file):   443504 kB
Unevictable:        1744 kB
Mlocked:               0 kB
HighTotal:       1372556 kB
HighFree:          26904 kB
LowTotal:         587396 kB
LowFree:           75876 kB
SwapTotal:        262140 kB
SwapFree:         221988 kB
Dirty:               972 kB
Writeback:             0 kB
AnonPages:        466476 kB
Mapped:           348276 kB
Shmem:               972 kB
Slab:              56204 kB
SReclaimable:      16840 kB
SUnreclaim:        39364 kB
KernelStack:       15976 kB
PageTables:        27316 kB
NFS_Unstable:          0 kB
Bounce:                0 kB
WritebackTmp:          0 kB
CommitLimit:     1242116 kB
Committed_AS:   55905208 kB
VmallocTotal:     409600 kB
VmallocUsed:       37092 kB
VmallocChunk:      90140 kB
Time pass: 198 sec

---2015-12-10 00:29:21
MemTotal:        1959952 kB
MemFree:          101732 kB
Buffers:            1164 kB
Cached:           869632 kB
SwapCached:         1496 kB
Active:           718712 kB
Inactive:         617364 kB
Active(anon):     294132 kB
Inactive(anon):   173864 kB
Active(file):     424580 kB
Inactive(file):   443500 kB
Unevictable:        1744 kB
Mlocked:               0 kB
HighTotal:       1372556 kB
HighFree:          25664 kB
LowTotal:         587396 kB
LowFree:           76068 kB
SwapTotal:        262140 kB
SwapFree:         221988 kB
Dirty:               952 kB
Writeback:             0 kB
AnonPages:        466868 kB
Mapped:           348092 kB
Shmem:               972 kB
Slab:              56140 kB
SReclaimable:      16840 kB
SUnreclaim:        39300 kB
KernelStack:       15840 kB
PageTables:        27316 kB
NFS_Unstable:          0 kB
Bounce:                0 kB
WritebackTmp:          0 kB
CommitLimit:     1242116 kB
Committed_AS:   55905516 kB
VmallocTotal:     409600 kB
VmallocUsed:       37092 kB
VmallocChunk:      90140 kB
Time pass: 201 sec

---2015-12-10 00:29:21
MemTotal:        1959952 kB
MemFree:          101704 kB
Buffers:            1164 kB
Cached:           870276 kB
SwapCached:         1496 kB
Active:           717968 kB
Inactive:         618000 kB
Active(anon):     293388 kB
Inactive(anon):   173876 kB
Active(file):     424580 kB
Inactive(file):   444124 kB
Unevictable:        1744 kB
Mlocked:               0 kB
HighTotal:       1372556 kB
HighFree:          27408 kB
LowTotal:         587396 kB
LowFree:           74296 kB
SwapTotal:        262140 kB
SwapFree:         221988 kB
Dirty:               952 kB
Writeback:             0 kB
AnonPages:        466160 kB
Mapped:           348372 kB
Shmem:               992 kB
Slab:              56180 kB
SReclaimable:      16840 kB
SUnreclaim:        39340 kB
KernelStack:       15848 kB
PageTables:        27332 kB
NFS_Unstable:          0 kB
Bounce:                0 kB
WritebackTmp:          0 kB
CommitLimit:     1242116 kB
Committed_AS:   55902340 kB
VmallocTotal:     409600 kB
VmallocUsed:       37092 kB
VmallocChunk:      90140 kB
Time pass: 205 sec

---2015-12-10 00:29:21
MemTotal:        1959952 kB
MemFree:          105296 kB
Buffers:            1164 kB
Cached:           870284 kB
SwapCached:         1496 kB
Active:           713968 kB
Inactive:         618004 kB
Active(anon):     289388 kB
Inactive(anon):   173880 kB
Active(file):     424580 kB
Inactive(file):   444124 kB
Unevictable:        1744 kB
Mlocked:               0 kB
HighTotal:       1372556 kB
HighFree:          30168 kB
LowTotal:         587396 kB
LowFree:           75128 kB
SwapTotal:        262140 kB
SwapFree:         221988 kB
Dirty:               952 kB
Writeback:             0 kB
AnonPages:        462004 kB
Mapped:           348304 kB
Shmem:              1000 kB
Slab:              56052 kB
SReclaimable:      16840 kB
SUnreclaim:        39212 kB
KernelStack:       15840 kB
PageTables:        27332 kB
NFS_Unstable:          0 kB
Bounce:                0 kB
WritebackTmp:          0 kB
CommitLimit:     1242116 kB
Committed_AS:   55902428 kB
VmallocTotal:     409600 kB
VmallocUsed:       37092 kB
VmallocChunk:      90140 kB
Time pass: 209 sec

---2015-12-10 00:29:21
MemTotal:        1959952 kB
MemFree:          103968 kB
Buffers:            1164 kB
Cached:           870284 kB
SwapCached:         1496 kB
Active:           715220 kB
Inactive:         618008 kB
Active(anon):     290644 kB
Inactive(anon):   173880 kB
Active(file):     424576 kB
Inactive(file):   444128 kB
Unevictable:        1744 kB
Mlocked:               0 kB
HighTotal:       1372556 kB
HighFree:          27696 kB
LowTotal:         587396 kB
LowFree:           76272 kB
SwapTotal:        262140 kB
SwapFree:         221988 kB
Dirty:               972 kB
Writeback:             0 kB
AnonPages:        463332 kB
Mapped:           348400 kB
Shmem:              1000 kB
Slab:              56212 kB
SReclaimable:      16840 kB
SUnreclaim:        39372 kB
KernelStack:       15840 kB
PageTables:        27336 kB
NFS_Unstable:          0 kB
Bounce:                0 kB
WritebackTmp:          0 kB
CommitLimit:     1242116 kB
Committed_AS:   55902732 kB
VmallocTotal:     409600 kB
VmallocUsed:       37092 kB
VmallocChunk:      90140 kB
Time pass: 213 sec

---2015-12-10 00:29:21
MemTotal:        1959952 kB
MemFree:          103796 kB
Buffers:            1164 kB
Cached:           870296 kB
SwapCached:         1496 kB
Active:           716052 kB
Inactive:         618020 kB
Active(anon):     291476 kB
Inactive(anon):   173892 kB
Active(file):     424576 kB
Inactive(file):   444128 kB
Unevictable:        1744 kB
Mlocked:               0 kB
HighTotal:       1372556 kB
HighFree:          27344 kB
LowTotal:         587396 kB
LowFree:           76452 kB
SwapTotal:        262140 kB
SwapFree:         221988 kB
Dirty:               972 kB
Writeback:             0 kB
AnonPages:        464268 kB
Mapped:           348336 kB
Shmem:              1012 kB
Slab:              56088 kB
SReclaimable:      16840 kB
SUnreclaim:        39248 kB
KernelStack:       15848 kB
PageTables:        27332 kB
NFS_Unstable:          0 kB
Bounce:                0 kB
WritebackTmp:          0 kB
CommitLimit:     1242116 kB
Committed_AS:   55902732 kB
VmallocTotal:     409600 kB
VmallocUsed:       37092 kB
VmallocChunk:      90140 kB
Time pass: 217 sec

---2015-12-10 00:29:21
MemTotal:        1959952 kB
MemFree:          102804 kB
Buffers:            1164 kB
Cached:           870296 kB
SwapCached:         1496 kB
Active:           717032 kB
Inactive:         618012 kB
Active(anon):     292452 kB
Inactive(anon):   173888 kB
Active(file):     424580 kB
Inactive(file):   444124 kB
Unevictable:        1744 kB
Mlocked:               0 kB
HighTotal:       1372556 kB
HighFree:          26416 kB
LowTotal:         587396 kB
LowFree:           76388 kB
SwapTotal:        262140 kB
SwapFree:         221988 kB
Dirty:               952 kB
Writeback:             0 kB
AnonPages:        465432 kB
Mapped:           348340 kB
Shmem:              1012 kB
Slab:              56152 kB
SReclaimable:      16840 kB
SUnreclaim:        39312 kB
KernelStack:       15896 kB
PageTables:        27288 kB
NFS_Unstable:          0 kB
Bounce:                0 kB
WritebackTmp:          0 kB
CommitLimit:     1242116 kB
Committed_AS:   55902944 kB
VmallocTotal:     409600 kB
VmallocUsed:       37092 kB
VmallocChunk:      90140 kB
Time pass: 221 sec

---2015-12-10 00:29:21
MemTotal:        1959952 kB
MemFree:          101256 kB
Buffers:            1164 kB
Cached:           870296 kB
SwapCached:         1496 kB
Active:           718420 kB
Inactive:         618012 kB
Active(anon):     293840 kB
Inactive(anon):   173888 kB
Active(file):     424580 kB
Inactive(file):   444124 kB
Unevictable:        1744 kB
Mlocked:               0 kB
HighTotal:       1372556 kB
HighFree:          24944 kB
LowTotal:         587396 kB
LowFree:           76312 kB
SwapTotal:        262140 kB
SwapFree:         221988 kB
Dirty:               952 kB
Writeback:             0 kB
AnonPages:        466780 kB
Mapped:           348412 kB
Shmem:              1012 kB
Slab:              56184 kB
SReclaimable:      16840 kB
SUnreclaim:        39344 kB
KernelStack:       15832 kB
PageTables:        27332 kB
NFS_Unstable:          0 kB
Bounce:                0 kB
WritebackTmp:          0 kB
CommitLimit:     1242116 kB
Committed_AS:   55903020 kB
VmallocTotal:     409600 kB
VmallocUsed:       37092 kB
VmallocChunk:      90140 kB
Time pass: 225 sec

---2015-12-10 00:29:21
MemTotal:        1959952 kB
MemFree:          102132 kB
Buffers:            1164 kB
Cached:           870396 kB
SwapCached:         1496 kB
Active:           717756 kB
Inactive:         618112 kB
Active(anon):     293176 kB
Inactive(anon):   173888 kB
Active(file):     424580 kB
Inactive(file):   444224 kB
Unevictable:        1744 kB
Mlocked:               0 kB
HighTotal:       1372556 kB
HighFree:          25928 kB
LowTotal:         587396 kB
LowFree:           76204 kB
SwapTotal:        262140 kB
SwapFree:         221988 kB
Dirty:               948 kB
Writeback:             0 kB
AnonPages:        465728 kB
Mapped:           348356 kB
Shmem:              1012 kB
Slab:              56208 kB
SReclaimable:      16840 kB
SUnreclaim:        39368 kB
KernelStack:       15832 kB
PageTables:        27332 kB
NFS_Unstable:          0 kB
Bounce:                0 kB
WritebackTmp:          0 kB
CommitLimit:     1242116 kB
Committed_AS:   55900268 kB
VmallocTotal:     409600 kB
VmallocUsed:       37092 kB
VmallocChunk:      90140 kB
Time pass: 229 sec

---2015-12-10 00:29:21
MemTotal:        1959952 kB
MemFree:          103684 kB
Buffers:            1164 kB
Cached:           870396 kB
SwapCached:         1496 kB
Active:           716852 kB
Inactive:         618112 kB
Active(anon):     292276 kB
Inactive(anon):   173884 kB
Active(file):     424576 kB
Inactive(file):   444228 kB
Unevictable:        1744 kB
Mlocked:               0 kB
HighTotal:       1372556 kB
HighFree:          27592 kB
LowTotal:         587396 kB
LowFree:           76092 kB
SwapTotal:        262140 kB
SwapFree:         221988 kB
Dirty:               968 kB
Writeback:             0 kB
AnonPages:        465040 kB
Mapped:           348356 kB
Shmem:              1012 kB
Slab:              56112 kB
SReclaimable:      16840 kB
SUnreclaim:        39272 kB
KernelStack:       15832 kB
PageTables:        27332 kB
NFS_Unstable:          0 kB
Bounce:                0 kB
WritebackTmp:          0 kB
CommitLimit:     1242116 kB
Committed_AS:   55900320 kB
VmallocTotal:     409600 kB
VmallocUsed:       37092 kB
VmallocChunk:      90140 kB
Time pass: 232 sec

---2015-12-10 00:29:21
MemTotal:        1959952 kB
MemFree:          102232 kB
Buffers:            1164 kB
Cached:           870400 kB
SwapCached:         1496 kB
Active:           717672 kB
Inactive:         618112 kB
Active(anon):     293096 kB
Inactive(anon):   173884 kB
Active(file):     424576 kB
Inactive(file):   444228 kB
Unevictable:        1744 kB
Mlocked:               0 kB
HighTotal:       1372556 kB
HighFree:          28376 kB
LowTotal:         587396 kB
LowFree:           73856 kB
SwapTotal:        262140 kB
SwapFree:         221988 kB
Dirty:               968 kB
Writeback:             0 kB
AnonPages:        465788 kB
Mapped:           348360 kB
Shmem:              1016 kB
Slab:              56144 kB
SReclaimable:      16840 kB
SUnreclaim:        39304 kB
KernelStack:       15832 kB
PageTables:        27332 kB
NFS_Unstable:          0 kB
Bounce:                0 kB
WritebackTmp:          0 kB
CommitLimit:     1242116 kB
Committed_AS:   55900272 kB
VmallocTotal:     409600 kB
VmallocUsed:       37092 kB
VmallocChunk:      90140 kB
Time pass: 236 sec

---2015-12-10 00:29:21
MemTotal:        1959952 kB
MemFree:           97884 kB
Buffers:            1164 kB
Cached:           870644 kB
SwapCached:         1496 kB
Active:           720884 kB
Inactive:         618264 kB
Active(anon):     296304 kB
Inactive(anon):   173884 kB
Active(file):     424580 kB
Inactive(file):   444380 kB
Unevictable:        1744 kB
Mlocked:               0 kB
HighTotal:       1372556 kB
HighFree:          25492 kB
LowTotal:         587396 kB
LowFree:           72392 kB
SwapTotal:        262140 kB
SwapFree:         221988 kB
Dirty:               960 kB
Writeback:             0 kB
AnonPages:        468888 kB
Mapped:           348388 kB
Shmem:              1016 kB
Slab:              56240 kB
SReclaimable:      16840 kB
SUnreclaim:        39400 kB
KernelStack:       15912 kB
PageTables:        27408 kB
NFS_Unstable:          0 kB
Bounce:                0 kB
WritebackTmp:          0 kB
CommitLimit:     1242116 kB
Committed_AS:   55901904 kB
VmallocTotal:     409600 kB
VmallocUsed:       37092 kB
VmallocChunk:      90140 kB
Time pass: 240 sec

---2015-12-10 00:29:21
MemTotal:        1959952 kB
MemFree:           96964 kB
Buffers:            1164 kB
Cached:           870660 kB
SwapCached:         1496 kB
Active:           722344 kB
Inactive:         618360 kB
Active(anon):     297756 kB
Inactive(anon):   173892 kB
Active(file):     424588 kB
Inactive(file):   444468 kB
Unevictable:        1744 kB
Mlocked:               0 kB
HighTotal:       1372556 kB
HighFree:          25444 kB
LowTotal:         587396 kB
LowFree:           71520 kB
SwapTotal:        262140 kB
SwapFree:         221988 kB
Dirty:               980 kB
Writeback:             0 kB
AnonPages:        470608 kB
Mapped:           348396 kB
Shmem:              1024 kB
Slab:              56116 kB
SReclaimable:      16840 kB
SUnreclaim:        39276 kB
KernelStack:       15864 kB
PageTables:        27340 kB
NFS_Unstable:          0 kB
Bounce:                0 kB
WritebackTmp:          0 kB
CommitLimit:     1242116 kB
Committed_AS:   55904228 kB
VmallocTotal:     409600 kB
VmallocUsed:       37092 kB
VmallocChunk:      90140 kB
Time pass: 244 sec

---2015-12-10 00:29:21
MemTotal:        1959952 kB
MemFree:           96792 kB
Buffers:            1164 kB
Cached:           870832 kB
SwapCached:         1496 kB
Active:           722752 kB
Inactive:         618524 kB
Active(anon):     298160 kB
Inactive(anon):   173892 kB
Active(file):     424592 kB
Inactive(file):   444632 kB
Unevictable:        1744 kB
Mlocked:               0 kB
HighTotal:       1372556 kB
HighFree:          25544 kB
LowTotal:         587396 kB
LowFree:           71248 kB
SwapTotal:        262140 kB
SwapFree:         221988 kB
Dirty:              1012 kB
Writeback:             0 kB
AnonPages:        470792 kB
Mapped:           348400 kB
Shmem:              1028 kB
Slab:              56132 kB
SReclaimable:      16768 kB
SUnreclaim:        39364 kB
KernelStack:       15856 kB
PageTables:        27344 kB
NFS_Unstable:          0 kB
Bounce:                0 kB
WritebackTmp:          0 kB
CommitLimit:     1242116 kB
Committed_AS:   55903980 kB
VmallocTotal:     409600 kB
VmallocUsed:       37092 kB
VmallocChunk:      90140 kB
Time pass: 248 sec

---2015-12-10 00:29:21
MemTotal:        1959952 kB
MemFree:          100884 kB
Buffers:            1164 kB
Cached:           870832 kB
SwapCached:         1496 kB
Active:           718356 kB
Inactive:         618508 kB
Active(anon):     293756 kB
Inactive(anon):   173884 kB
Active(file):     424600 kB
Inactive(file):   444624 kB
Unevictable:        1744 kB
Mlocked:               0 kB
HighTotal:       1372556 kB
HighFree:          27748 kB
LowTotal:         587396 kB
LowFree:           73136 kB
SwapTotal:        262140 kB
SwapFree:         221988 kB
Dirty:              1036 kB
Writeback:             0 kB
AnonPages:        466560 kB
Mapped:           348496 kB
Shmem:              1028 kB
Slab:              56096 kB
SReclaimable:      16768 kB
SUnreclaim:        39328 kB
KernelStack:       15840 kB
PageTables:        27328 kB
NFS_Unstable:          0 kB
Bounce:                0 kB
WritebackTmp:          0 kB
CommitLimit:     1242116 kB
Committed_AS:   55904680 kB
VmallocTotal:     409600 kB
VmallocUsed:       37092 kB
VmallocChunk:      90140 kB
Time pass: 253 sec

---2015-12-10 00:29:21
MemTotal:        1959952 kB
MemFree:          101016 kB
Buffers:            1164 kB
Cached:           870832 kB
SwapCached:         1496 kB
Active:           718632 kB
Inactive:         618504 kB
Active(anon):     294032 kB
Inactive(anon):   173880 kB
Active(file):     424600 kB
Inactive(file):   444624 kB
Unevictable:        1744 kB
Mlocked:               0 kB
HighTotal:       1372556 kB
HighFree:          27908 kB
LowTotal:         587396 kB
LowFree:           73108 kB
SwapTotal:        262140 kB
SwapFree:         221988 kB
Dirty:              1036 kB
Writeback:             0 kB
AnonPages:        466648 kB
Mapped:           348496 kB
Shmem:              1028 kB
Slab:              56224 kB
SReclaimable:      16768 kB
SUnreclaim:        39456 kB
KernelStack:       15840 kB
PageTables:        27324 kB
NFS_Unstable:          0 kB
Bounce:                0 kB
WritebackTmp:          0 kB
CommitLimit:     1242116 kB
Committed_AS:   55904588 kB
VmallocTotal:     409600 kB
VmallocUsed:       37092 kB
VmallocChunk:      90140 kB
Time pass: 257 sec

---2015-12-10 00:29:21
MemTotal:        1959952 kB
MemFree:          100300 kB
Buffers:            1164 kB
Cached:           870832 kB
SwapCached:         1496 kB
Active:           719156 kB
Inactive:         618504 kB
Active(anon):     294556 kB
Inactive(anon):   173880 kB
Active(file):     424600 kB
Inactive(file):   444624 kB
Unevictable:        1744 kB
Mlocked:               0 kB
HighTotal:       1372556 kB
HighFree:          26912 kB
LowTotal:         587396 kB
LowFree:           73388 kB
SwapTotal:        262140 kB
SwapFree:         221988 kB
Dirty:              1036 kB
Writeback:             0 kB
AnonPages:        467460 kB
Mapped:           348496 kB
Shmem:              1028 kB
Slab:              55968 kB
SReclaimable:      16768 kB
SUnreclaim:        39200 kB
KernelStack:       15840 kB
PageTables:        27328 kB
NFS_Unstable:          0 kB
Bounce:                0 kB
WritebackTmp:          0 kB
CommitLimit:     1242116 kB
Committed_AS:   55904904 kB
VmallocTotal:     409600 kB
VmallocUsed:       37092 kB
VmallocChunk:      90140 kB
Time pass: 261 sec

---2015-12-10 00:29:21
MemTotal:        1959952 kB
MemFree:           99692 kB
Buffers:            1164 kB
Cached:           870832 kB
SwapCached:         1496 kB
Active:           719928 kB
Inactive:         618496 kB
Active(anon):     295328 kB
Inactive(anon):   173872 kB
Active(file):     424600 kB
Inactive(file):   444624 kB
Unevictable:        1744 kB
Mlocked:               0 kB
HighTotal:       1372556 kB
HighFree:          26440 kB
LowTotal:         587396 kB
LowFree:           73252 kB
SwapTotal:        262140 kB
SwapFree:         221988 kB
Dirty:              1024 kB
Writeback:             0 kB
AnonPages:        467956 kB
Mapped:           348496 kB
Shmem:              1028 kB
Slab:              56132 kB
SReclaimable:      16768 kB
SUnreclaim:        39364 kB
KernelStack:       15840 kB
PageTables:        27328 kB
NFS_Unstable:          0 kB
Bounce:                0 kB
WritebackTmp:          0 kB
CommitLimit:     1242116 kB
Committed_AS:   55904848 kB
VmallocTotal:     409600 kB
VmallocUsed:       37092 kB
VmallocChunk:      90140 kB
Time pass: 265 sec

---2015-12-10 00:29:21
MemTotal:        1959952 kB
MemFree:           97824 kB
Buffers:            1164 kB
Cached:           870832 kB
SwapCached:         1496 kB
Active:           721576 kB
Inactive:         618496 kB
Active(anon):     296976 kB
Inactive(anon):   173872 kB
Active(file):     424600 kB
Inactive(file):   444624 kB
Unevictable:        1744 kB
Mlocked:               0 kB
HighTotal:       1372556 kB
HighFree:          25320 kB
LowTotal:         587396 kB
LowFree:           72504 kB
SwapTotal:        262140 kB
SwapFree:         221988 kB
Dirty:              1020 kB
Writeback:             0 kB
AnonPages:        469644 kB
Mapped:           348496 kB
Shmem:              1028 kB
Slab:              56228 kB
SReclaimable:      16768 kB
SUnreclaim:        39460 kB
KernelStack:       15856 kB
PageTables:        27340 kB
NFS_Unstable:          0 kB
Bounce:                0 kB
WritebackTmp:          0 kB
CommitLimit:     1242116 kB
Committed_AS:   55905352 kB
VmallocTotal:     409600 kB
VmallocUsed:       37092 kB
VmallocChunk:      90140 kB
Time pass: 269 sec

---2015-12-10 00:29:21
MemTotal:        1959952 kB
MemFree:           96656 kB
Buffers:            1164 kB
Cached:           870832 kB
SwapCached:         1496 kB
Active:           723444 kB
Inactive:         618496 kB
Active(anon):     298844 kB
Inactive(anon):   173872 kB
Active(file):     424600 kB
Inactive(file):   444624 kB
Unevictable:        1744 kB
Mlocked:               0 kB
HighTotal:       1372556 kB
HighFree:          24204 kB
LowTotal:         587396 kB
LowFree:           72452 kB
SwapTotal:        262140 kB
SwapFree:         221988 kB
Dirty:              1020 kB
Writeback:             0 kB
AnonPages:        471664 kB
Mapped:           351276 kB
Shmem:              1028 kB
Slab:              56132 kB
SReclaimable:      16768 kB
SUnreclaim:        39364 kB
KernelStack:       15960 kB
PageTables:        27628 kB
NFS_Unstable:          0 kB
Bounce:                0 kB
WritebackTmp:          0 kB
CommitLimit:     1242116 kB
Committed_AS:   56864884 kB
VmallocTotal:     409600 kB
VmallocUsed:       37092 kB
VmallocChunk:      90140 kB
Time pass: 273 sec

---2015-12-10 00:29:21
MemTotal:        1959952 kB
MemFree:           96816 kB
Buffers:            1164 kB
Cached:           871192 kB
SwapCached:         1496 kB
Active:           723260 kB
Inactive:         618856 kB
Active(anon):     298660 kB
Inactive(anon):   174232 kB
Active(file):     424600 kB
Inactive(file):   444624 kB
Unevictable:        1744 kB
Mlocked:               0 kB
HighTotal:       1372556 kB
HighFree:          24948 kB
LowTotal:         587396 kB
LowFree:           71868 kB
SwapTotal:        262140 kB
SwapFree:         221988 kB
Dirty:              1020 kB
Writeback:             0 kB
AnonPages:        471452 kB
Mapped:           348856 kB
Shmem:              1388 kB
Slab:              56140 kB
SReclaimable:      16768 kB
SUnreclaim:        39372 kB
KernelStack:       15848 kB
PageTables:        27328 kB
NFS_Unstable:          0 kB
Bounce:                0 kB
WritebackTmp:          0 kB
CommitLimit:     1242116 kB
Committed_AS:   55905992 kB
VmallocTotal:     409600 kB
VmallocUsed:       37092 kB
VmallocChunk:      90140 kB
Time pass: 277 sec

---2015-12-10 00:29:21
MemTotal:        1959952 kB
MemFree:           96228 kB
Buffers:            1164 kB
Cached:           871192 kB
SwapCached:         1496 kB
Active:           723140 kB
Inactive:         618856 kB
Active(anon):     298540 kB
Inactive(anon):   174232 kB
Active(file):     424600 kB
Inactive(file):   444624 kB
Unevictable:        1744 kB
Mlocked:               0 kB
HighTotal:       1372556 kB
HighFree:          25196 kB
LowTotal:         587396 kB
LowFree:           71032 kB
SwapTotal:        262140 kB
SwapFree:         221988 kB
Dirty:              1020 kB
Writeback:             0 kB
AnonPages:        471152 kB
Mapped:           348856 kB
Shmem:              1388 kB
Slab:              56100 kB
SReclaimable:      16768 kB
SUnreclaim:        39332 kB
KernelStack:       15848 kB
PageTables:        27328 kB
NFS_Unstable:          0 kB
Bounce:                0 kB
WritebackTmp:          0 kB
CommitLimit:     1242116 kB
Committed_AS:   55904904 kB
VmallocTotal:     409600 kB
VmallocUsed:       37092 kB
VmallocChunk:      90140 kB
Time pass: 281 sec

---2015-12-10 00:29:21
MemTotal:        1959952 kB
MemFree:           94212 kB
Buffers:            1164 kB
Cached:           871192 kB
SwapCached:         1496 kB
Active:           724424 kB
Inactive:         618856 kB
Active(anon):     299824 kB
Inactive(anon):   174232 kB
Active(file):     424600 kB
Inactive(file):   444624 kB
Unevictable:        1744 kB
Mlocked:               0 kB
HighTotal:       1372556 kB
HighFree:          24556 kB
LowTotal:         587396 kB
LowFree:           69656 kB
SwapTotal:        262140 kB
SwapFree:         221988 kB
Dirty:              1020 kB
Writeback:             0 kB
AnonPages:        472480 kB
Mapped:           348856 kB
Shmem:              1388 kB
Slab:              56196 kB
SReclaimable:      16768 kB
SUnreclaim:        39428 kB
KernelStack:       15848 kB
PageTables:        27324 kB
NFS_Unstable:          0 kB
Bounce:                0 kB
WritebackTmp:          0 kB
CommitLimit:     1242116 kB
Committed_AS:   55905068 kB
VmallocTotal:     409600 kB
VmallocUsed:       37092 kB
VmallocChunk:      90140 kB
Time pass: 285 sec

---2015-12-10 00:29:21
MemTotal:        1959952 kB
MemFree:           92988 kB
Buffers:            1164 kB
Cached:           871192 kB
SwapCached:         1496 kB
Active:           725804 kB
Inactive:         618856 kB
Active(anon):     301204 kB
Inactive(anon):   174232 kB
Active(file):     424600 kB
Inactive(file):   444624 kB
Unevictable:        1744 kB
Mlocked:               0 kB
HighTotal:       1372556 kB
HighFree:          24780 kB
LowTotal:         587396 kB
LowFree:           68208 kB
SwapTotal:        262140 kB
SwapFree:         221988 kB
Dirty:              1032 kB
Writeback:             0 kB
AnonPages:        473956 kB
Mapped:           348844 kB
Shmem:              1388 kB
Slab:              56100 kB
SReclaimable:      16768 kB
SUnreclaim:        39332 kB
KernelStack:       15864 kB
PageTables:        27324 kB
NFS_Unstable:          0 kB
Bounce:                0 kB
WritebackTmp:          0 kB
CommitLimit:     1242116 kB
Committed_AS:   55905292 kB
VmallocTotal:     409600 kB
VmallocUsed:       37092 kB
VmallocChunk:      90140 kB
Time pass: 288 sec

---2015-12-10 00:29:21
MemTotal:        1959952 kB
MemFree:           91608 kB
Buffers:            1164 kB
Cached:           871192 kB
SwapCached:         1496 kB
Active:           727280 kB
Inactive:         618860 kB
Active(anon):     302680 kB
Inactive(anon):   174236 kB
Active(file):     424600 kB
Inactive(file):   444624 kB
Unevictable:        1744 kB
Mlocked:               0 kB
HighTotal:       1372556 kB
HighFree:          24556 kB
LowTotal:         587396 kB
LowFree:           67052 kB
SwapTotal:        262140 kB
SwapFree:         221992 kB
Dirty:              1036 kB
Writeback:             0 kB
AnonPages:        475308 kB
Mapped:           348908 kB
Shmem:              1388 kB
Slab:              56132 kB
SReclaimable:      16768 kB
SUnreclaim:        39364 kB
KernelStack:       15864 kB
PageTables:        27348 kB
NFS_Unstable:          0 kB
Bounce:                0 kB
WritebackTmp:          0 kB
CommitLimit:     1242116 kB
Committed_AS:   55905564 kB
VmallocTotal:     409600 kB
VmallocUsed:       37092 kB
VmallocChunk:      90140 kB
Time pass: 293 sec

---2015-12-10 00:29:21
MemTotal:        1959952 kB
MemFree:           88096 kB
Buffers:            1164 kB
Cached:           871360 kB
SwapCached:         1496 kB
Active:           730944 kB
Inactive:         619036 kB
Active(anon):     306352 kB
Inactive(anon):   174236 kB
Active(file):     424592 kB
Inactive(file):   444800 kB
Unevictable:        1744 kB
Mlocked:               0 kB
HighTotal:       1372556 kB
HighFree:          24152 kB
LowTotal:         587396 kB
LowFree:           63944 kB
SwapTotal:        262140 kB
SwapFree:         221992 kB
Dirty:              1032 kB
Writeback:             0 kB
AnonPages:        478960 kB
Mapped:           353144 kB
Shmem:              1388 kB
Slab:              55972 kB
SReclaimable:      16768 kB
SUnreclaim:        39204 kB
KernelStack:       16000 kB
PageTables:        27720 kB
NFS_Unstable:          0 kB
Bounce:                0 kB
WritebackTmp:          0 kB
CommitLimit:     1242116 kB
Committed_AS:   56865712 kB
VmallocTotal:     409600 kB
VmallocUsed:       38112 kB
VmallocChunk:      90140 kB
Time pass: 297 sec

---2015-12-10 00:29:21
MemTotal:        1959952 kB
MemFree:           91216 kB
Buffers:            1164 kB
Cached:           871360 kB
SwapCached:         1496 kB
Active:           727816 kB
Inactive:         619028 kB
Active(anon):     303216 kB
Inactive(anon):   174236 kB
Active(file):     424600 kB
Inactive(file):   444792 kB
Unevictable:        1744 kB
Mlocked:               0 kB
HighTotal:       1372556 kB
HighFree:          25680 kB
LowTotal:         587396 kB
LowFree:           65536 kB
SwapTotal:        262140 kB
SwapFree:         221992 kB
Dirty:              1020 kB
Writeback:             0 kB
AnonPages:        475940 kB
Mapped:           348856 kB
Shmem:              1388 kB
Slab:              56136 kB
SReclaimable:      16768 kB
SUnreclaim:        39368 kB
KernelStack:       15864 kB
PageTables:        27352 kB
NFS_Unstable:          0 kB
Bounce:                0 kB
WritebackTmp:          0 kB
CommitLimit:     1242116 kB
Committed_AS:   55903848 kB
VmallocTotal:     409600 kB
VmallocUsed:       37092 kB
VmallocChunk:      90140 kB
Time pass: 300 sec

---2015-12-10 00:29:21
MemTotal:        1959952 kB
MemFree:           91752 kB
Buffers:            1164 kB
Cached:           871360 kB
SwapCached:         1496 kB
Active:           727484 kB
Inactive:         619024 kB
Active(anon):     302880 kB
Inactive(anon):   174236 kB
Active(file):     424604 kB
Inactive(file):   444788 kB
Unevictable:        1744 kB
Mlocked:               0 kB
HighTotal:       1372556 kB
HighFree:          25056 kB
LowTotal:         587396 kB
LowFree:           66696 kB
SwapTotal:        262140 kB
SwapFree:         221992 kB
Dirty:              1016 kB
Writeback:             0 kB
AnonPages:        475556 kB
Mapped:           348772 kB
Shmem:              1388 kB
Slab:              56168 kB
SReclaimable:      16768 kB
SUnreclaim:        39400 kB
KernelStack:       15864 kB
PageTables:        27352 kB
NFS_Unstable:          0 kB
Bounce:                0 kB
WritebackTmp:          0 kB
CommitLimit:     1242116 kB
Committed_AS:   55903892 kB
VmallocTotal:     409600 kB
VmallocUsed:       37092 kB
VmallocChunk:      90140 kB
Time pass: 304 sec

---2015-12-10 00:29:21
MemTotal:        1959952 kB
MemFree:           89804 kB
Buffers:            1164 kB
Cached:           871600 kB
SwapCached:         1496 kB
Active:           728960 kB
Inactive:         619256 kB
Active(anon):     304348 kB
Inactive(anon):   174236 kB
Active(file):     424612 kB
Inactive(file):   445020 kB
Unevictable:        1744 kB
Mlocked:               0 kB
HighTotal:       1372556 kB
HighFree:          25060 kB
LowTotal:         587396 kB
LowFree:           64744 kB
SwapTotal:        262140 kB
SwapFree:         221992 kB
Dirty:              1252 kB
Writeback:             0 kB
AnonPages:        477080 kB
Mapped:           348932 kB
Shmem:              1388 kB
Slab:              56104 kB
SReclaimable:      16768 kB
SUnreclaim:        39336 kB
KernelStack:       15856 kB
PageTables:        27352 kB
NFS_Unstable:          0 kB
Bounce:                0 kB
WritebackTmp:          0 kB
CommitLimit:     1242116 kB
Committed_AS:   55904040 kB
VmallocTotal:     409600 kB
VmallocUsed:       37092 kB
VmallocChunk:      90140 kB
Time pass: 308 sec

---2015-12-10 00:29:21
MemTotal:        1959952 kB
MemFree:           88028 kB
Buffers:            1164 kB
Cached:           871600 kB
SwapCached:         1496 kB
Active:           730228 kB
Inactive:         619252 kB
Active(anon):     305616 kB
Inactive(anon):   174232 kB
Active(file):     424612 kB
Inactive(file):   445020 kB
Unevictable:        1744 kB
Mlocked:               0 kB
HighTotal:       1372556 kB
HighFree:          24528 kB
LowTotal:         587396 kB
LowFree:           63500 kB
SwapTotal:        262140 kB
SwapFree:         221992 kB
Dirty:              1252 kB
Writeback:             0 kB
AnonPages:        478292 kB
Mapped:           348856 kB
Shmem:              1388 kB
Slab:              56144 kB
SReclaimable:      16776 kB
SUnreclaim:        39368 kB
KernelStack:       15856 kB
PageTables:        27356 kB
NFS_Unstable:          0 kB
Bounce:                0 kB
WritebackTmp:          0 kB
CommitLimit:     1242116 kB
Committed_AS:   55904372 kB
VmallocTotal:     409600 kB
VmallocUsed:       37092 kB
VmallocChunk:      90140 kB
Time pass: 312 sec

---2015-12-10 00:29:21
MemTotal:        1959952 kB
MemFree:           88216 kB
Buffers:            1164 kB
Cached:           871600 kB
SwapCached:         1496 kB
Active:           731180 kB
Inactive:         619252 kB
Active(anon):     306568 kB
Inactive(anon):   174232 kB
Active(file):     424612 kB
Inactive(file):   445020 kB
Unevictable:        1744 kB
Mlocked:               0 kB
HighTotal:       1372556 kB
HighFree:          24780 kB
LowTotal:         587396 kB
LowFree:           63436 kB
SwapTotal:        262140 kB
SwapFree:         221992 kB
Dirty:              1040 kB
Writeback:             0 kB
AnonPages:        479244 kB
Mapped:           348908 kB
Shmem:              1388 kB
Slab:              56240 kB
SReclaimable:      16776 kB
SUnreclaim:        39464 kB
KernelStack:       16024 kB
PageTables:        27284 kB
NFS_Unstable:          0 kB
Bounce:                0 kB
WritebackTmp:          0 kB
CommitLimit:     1242116 kB
Committed_AS:   55904356 kB
VmallocTotal:     409600 kB
VmallocUsed:       37092 kB
VmallocChunk:      90140 kB
Time pass: 316 sec

---2015-12-10 00:29:21
MemTotal:        1959952 kB
MemFree:           84000 kB
Buffers:            1164 kB
Cached:           871600 kB
SwapCached:         1496 kB
Active:           734476 kB
Inactive:         619244 kB
Active(anon):     309856 kB
Inactive(anon):   174232 kB
Active(file):     424620 kB
Inactive(file):   445012 kB
Unevictable:        1744 kB
Mlocked:               0 kB
HighTotal:       1372556 kB
HighFree:          24160 kB
LowTotal:         587396 kB
LowFree:           59840 kB
SwapTotal:        262140 kB
SwapFree:         221992 kB
Dirty:              1028 kB
Writeback:             0 kB
AnonPages:        482536 kB
Mapped:           353348 kB
Shmem:              1388 kB
Slab:              56300 kB
SReclaimable:      16768 kB
SUnreclaim:        39532 kB
KernelStack:       15856 kB
PageTables:        27800 kB
NFS_Unstable:          0 kB
Bounce:                0 kB
WritebackTmp:          0 kB
CommitLimit:     1242116 kB
Committed_AS:   56866380 kB
VmallocTotal:     409600 kB
VmallocUsed:       38112 kB
VmallocChunk:      90140 kB
Time pass: 320 sec

---2015-12-10 00:29:21
MemTotal:        1959952 kB
MemFree:           87068 kB
Buffers:            1164 kB
Cached:           871600 kB
SwapCached:         1496 kB
Active:           731064 kB
Inactive:         619244 kB
Active(anon):     306444 kB
Inactive(anon):   174232 kB
Active(file):     424620 kB
Inactive(file):   445012 kB
Unevictable:        1744 kB
Mlocked:               0 kB
HighTotal:       1372556 kB
HighFree:          24440 kB
LowTotal:         587396 kB
LowFree:           62628 kB
SwapTotal:        262140 kB
SwapFree:         221992 kB
Dirty:              1028 kB
Writeback:             0 kB
AnonPages:        478932 kB
Mapped:           348868 kB
Shmem:              1388 kB
Slab:              56136 kB
SReclaimable:      16768 kB
SUnreclaim:        39368 kB
KernelStack:       15856 kB
PageTables:        27352 kB
NFS_Unstable:          0 kB
Bounce:                0 kB
WritebackTmp:          0 kB
CommitLimit:     1242116 kB
Committed_AS:   55904608 kB
VmallocTotal:     409600 kB
VmallocUsed:       37092 kB
VmallocChunk:      90140 kB
Time pass: 324 sec

---2015-12-10 00:29:21
MemTotal:        1959952 kB
MemFree:           96056 kB
Buffers:            1164 kB
Cached:           871600 kB
SwapCached:         1496 kB
Active:           722656 kB
Inactive:         619248 kB
Active(anon):     298040 kB
Inactive(anon):   174232 kB
Active(file):     424616 kB
Inactive(file):   445016 kB
Unevictable:        1744 kB
Mlocked:               0 kB
HighTotal:       1372556 kB
HighFree:          27148 kB
LowTotal:         587396 kB
LowFree:           68908 kB
SwapTotal:        262140 kB
SwapFree:         221992 kB
Dirty:              1048 kB
Writeback:             0 kB
AnonPages:        470904 kB
Mapped:           348868 kB
Shmem:              1388 kB
Slab:              56104 kB
SReclaimable:      16768 kB
SUnreclaim:        39336 kB
KernelStack:       15856 kB
PageTables:        27356 kB
NFS_Unstable:          0 kB
Bounce:                0 kB
WritebackTmp:          0 kB
CommitLimit:     1242116 kB
Committed_AS:   55904736 kB
VmallocTotal:     409600 kB
VmallocUsed:       37092 kB
VmallocChunk:      90140 kB
Time pass: 328 sec

---2015-12-10 00:29:21
MemTotal:        1959952 kB
MemFree:           95752 kB
Buffers:            1164 kB
Cached:           871600 kB
SwapCached:         1496 kB
Active:           722976 kB
Inactive:         619248 kB
Active(anon):     298360 kB
Inactive(anon):   174232 kB
Active(file):     424616 kB
Inactive(file):   445016 kB
Unevictable:        1744 kB
Mlocked:               0 kB
HighTotal:       1372556 kB
HighFree:          26672 kB
LowTotal:         587396 kB
LowFree:           69080 kB
SwapTotal:        262140 kB
SwapFree:         221992 kB
Dirty:              1048 kB
Writeback:             0 kB
AnonPages:        470932 kB
Mapped:           348868 kB
Shmem:              1388 kB
Slab:              56200 kB
SReclaimable:      16768 kB
SUnreclaim:        39432 kB
KernelStack:       15864 kB
PageTables:        27360 kB
NFS_Unstable:          0 kB
Bounce:                0 kB
WritebackTmp:          0 kB
CommitLimit:     1242116 kB
Committed_AS:   55905196 kB
VmallocTotal:     409600 kB
VmallocUsed:       37092 kB
VmallocChunk:      90140 kB
Time pass: 332 sec

---2015-12-10 00:29:21
MemTotal:        1959952 kB
MemFree:           96432 kB
Buffers:            1164 kB
Cached:           871600 kB
SwapCached:         1496 kB
Active:           722560 kB
Inactive:         619248 kB
Active(anon):     297944 kB
Inactive(anon):   174232 kB
Active(file):     424616 kB
Inactive(file):   445016 kB
Unevictable:        1744 kB
Mlocked:               0 kB
HighTotal:       1372556 kB
HighFree:          27140 kB
LowTotal:         587396 kB
LowFree:           69292 kB
SwapTotal:        262140 kB
SwapFree:         221992 kB
Dirty:              1048 kB
Writeback:             0 kB
AnonPages:        470760 kB
Mapped:           348944 kB
Shmem:              1388 kB
Slab:              56136 kB
SReclaimable:      16768 kB
SUnreclaim:        39368 kB
KernelStack:       15864 kB
PageTables:        27360 kB
NFS_Unstable:          0 kB
Bounce:                0 kB
WritebackTmp:          0 kB
CommitLimit:     1242116 kB
Committed_AS:   55904336 kB
VmallocTotal:     409600 kB
VmallocUsed:       37092 kB
VmallocChunk:      90140 kB
Time pass: 336 sec

---2015-12-10 00:29:21
MemTotal:        1959952 kB
MemFree:           95256 kB
Buffers:            1164 kB
Cached:           871600 kB
SwapCached:         1496 kB
Active:           723472 kB
Inactive:         619248 kB
Active(anon):     298856 kB
Inactive(anon):   174232 kB
Active(file):     424616 kB
Inactive(file):   445016 kB
Unevictable:        1744 kB
Mlocked:               0 kB
HighTotal:       1372556 kB
HighFree:          25528 kB
LowTotal:         587396 kB
LowFree:           69728 kB
SwapTotal:        262140 kB
SwapFree:         221992 kB
Dirty:              1048 kB
Writeback:             0 kB
AnonPages:        471732 kB
Mapped:           348944 kB
Shmem:              1388 kB
Slab:              56136 kB
SReclaimable:      16768 kB
SUnreclaim:        39368 kB
KernelStack:       15864 kB
PageTables:        27360 kB
NFS_Unstable:          0 kB
Bounce:                0 kB
WritebackTmp:          0 kB
CommitLimit:     1242116 kB
Committed_AS:   55904372 kB
VmallocTotal:     409600 kB
VmallocUsed:       37092 kB
VmallocChunk:      90140 kB
Time pass: 340 sec

---2015-12-10 00:29:21
MemTotal:        1959952 kB
MemFree:           93580 kB
Buffers:            1164 kB
Cached:           871600 kB
SwapCached:         1496 kB
Active:           725668 kB
Inactive:         619244 kB
Active(anon):     301048 kB
Inactive(anon):   174232 kB
Active(file):     424620 kB
Inactive(file):   445012 kB
Unevictable:        1744 kB
Mlocked:               0 kB
HighTotal:       1372556 kB
HighFree:          24164 kB
LowTotal:         587396 kB
LowFree:           69416 kB
SwapTotal:        262140 kB
SwapFree:         221992 kB
Dirty:              1028 kB
Writeback:             0 kB
AnonPages:        473788 kB
Mapped:           351960 kB
Shmem:              1388 kB
Slab:              56168 kB
SReclaimable:      16768 kB
SUnreclaim:        39400 kB
KernelStack:       15880 kB
PageTables:        27568 kB
NFS_Unstable:          0 kB
Bounce:                0 kB
WritebackTmp:          0 kB
CommitLimit:     1242116 kB
Committed_AS:   56864060 kB
VmallocTotal:     409600 kB
VmallocUsed:       38112 kB
VmallocChunk:      90140 kB
Time pass: 344 sec

---2015-12-10 00:29:21
MemTotal:        1959952 kB
MemFree:           93272 kB
Buffers:            1164 kB
Cached:           871600 kB
SwapCached:         1496 kB
Active:           725976 kB
Inactive:         619244 kB
Active(anon):     301360 kB
Inactive(anon):   174228 kB
Active(file):     424616 kB
Inactive(file):   445016 kB
Unevictable:        1744 kB
Mlocked:               0 kB
HighTotal:       1372556 kB
HighFree:          24164 kB
LowTotal:         587396 kB
LowFree:           69108 kB
SwapTotal:        262140 kB
SwapFree:         221992 kB
Dirty:              1044 kB
Writeback:             0 kB
AnonPages:        474256 kB
Mapped:           348776 kB
