---2015-10-25 22:02:27
MemTotal:        2746844 kB
MemFree:          107840 kB
Buffers:           81564 kB
Cached:           675084 kB
SwapCached:        10008 kB
Active:           818724 kB
Inactive:         670656 kB
Active(anon):     369088 kB
Inactive(anon):   377864 kB
Active(file):     449636 kB
Inactive(file):   292792 kB
Unevictable:       20976 kB
Mlocked:           13004 kB
SwapTotal:       1310716 kB
SwapFree:        1008480 kB
Dirty:                 0 kB
Writeback:             0 kB
AnonPages:        747708 kB
Mapped:           319636 kB
Shmem:              1756 kB
Slab:             120288 kB
SReclaimable:      33048 kB
SUnreclaim:        87240 kB
KernelStack:       33424 kB
PageTables:        52708 kB
NFS_Unstable:          0 kB
Bounce:                0 kB
WritebackTmp:          0 kB
CommitLimit:     2684136 kB
Committed_AS:   128579400 kB
VmallocTotal:   251658176 kB
VmallocUsed:      335356 kB
VmallocChunk:   247561408 kB
Time pass: 3 sec

---2015-10-25 22:02:27
MemTotal:        2746844 kB
MemFree:          107652 kB
Buffers:           81568 kB
Cached:           675084 kB
SwapCached:        10008 kB
Active:           818400 kB
Inactive:         670652 kB
Active(anon):     368760 kB
Inactive(anon):   377864 kB
Active(file):     449640 kB
Inactive(file):   292788 kB
Unevictable:       20976 kB
Mlocked:           13004 kB
SwapTotal:       1310716 kB
SwapFree:        1008480 kB
Dirty:                52 kB
Writeback:             0 kB
AnonPages:        746868 kB
Mapped:           319784 kB
Shmem:              1756 kB
Slab:             120300 kB
SReclaimable:      33048 kB
SUnreclaim:        87252 kB
KernelStack:       33408 kB
PageTables:        52728 kB
NFS_Unstable:          0 kB
Bounce:                0 kB
WritebackTmp:          0 kB
CommitLimit:     2684136 kB
Committed_AS:   128579804 kB
VmallocTotal:   251658176 kB
VmallocUsed:      335356 kB
VmallocChunk:   247561408 kB
Time pass: 7 sec

---2015-10-25 22:02:27
MemTotal:        2746844 kB
MemFree:          118152 kB
Buffers:           81580 kB
Cached:           675088 kB
SwapCached:        10008 kB
Active:           808936 kB
Inactive:         670656 kB
Active(anon):     359288 kB
Inactive(anon):   377864 kB
Active(file):     449648 kB
Inactive(file):   292792 kB
Unevictable:       20976 kB
Mlocked:           13004 kB
SwapTotal:       1310716 kB
SwapFree:        1008480 kB
Dirty:                12 kB
Writeback:             0 kB
AnonPages:        738056 kB
Mapped:           312640 kB
Shmem:              1760 kB
Slab:             120300 kB
SReclaimable:      33048 kB
SUnreclaim:        87252 kB
KernelStack:       32720 kB
PageTables:        52108 kB
NFS_Unstable:          0 kB
Bounce:                0 kB
WritebackTmp:          0 kB
CommitLimit:     2684136 kB
Committed_AS:   127316988 kB
VmallocTotal:   251658176 kB
VmallocUsed:      334336 kB
VmallocChunk:   247561408 kB
Time pass: 10 sec

---2015-10-25 22:02:27
MemTotal:        2746844 kB
MemFree:          112436 kB
Buffers:           81584 kB
Cached:           675080 kB
SwapCached:        10008 kB
Active:           814516 kB
Inactive:         670400 kB
Active(anon):     364864 kB
Inactive(anon):   377608 kB
Active(file):     449652 kB
Inactive(file):   292792 kB
Unevictable:       20976 kB
Mlocked:           13004 kB
SwapTotal:       1310716 kB
SwapFree:        1008480 kB
Dirty:                28 kB
Writeback:             0 kB
AnonPages:        743228 kB
Mapped:           319240 kB
Shmem:              1756 kB
Slab:             120296 kB
SReclaimable:      33048 kB
SUnreclaim:        87248 kB
KernelStack:       33216 kB
PageTables:        52608 kB
NFS_Unstable:          0 kB
Bounce:                0 kB
WritebackTmp:          0 kB
CommitLimit:     2684136 kB
Committed_AS:   128578980 kB
VmallocTotal:   251658176 kB
VmallocUsed:      335356 kB
VmallocChunk:   247561408 kB
Time pass: 14 sec

---2015-10-25 22:02:27
MemTotal:        2746844 kB
MemFree:          110372 kB
Buffers:           81584 kB
Cached:           675088 kB
SwapCached:        10008 kB
Active:           816000 kB
Inactive:         670404 kB
Active(anon):     366344 kB
Inactive(anon):   377608 kB
Active(file):     449656 kB
Inactive(file):   292796 kB
Unevictable:       20976 kB
Mlocked:           13004 kB
SwapTotal:       1310716 kB
SwapFree:        1008480 kB
Dirty:               120 kB
Writeback:             0 kB
AnonPages:        744404 kB
Mapped:           319612 kB
Shmem:              1756 kB
Slab:             120308 kB
SReclaimable:      33048 kB
SUnreclaim:        87260 kB
KernelStack:       33264 kB
PageTables:        52676 kB
NFS_Unstable:          0 kB
Bounce:                0 kB
WritebackTmp:          0 kB
CommitLimit:     2684136 kB
Committed_AS:   128579588 kB
VmallocTotal:   251658176 kB
VmallocUsed:      335356 kB
VmallocChunk:   247561408 kB
Time pass: 17 sec

---2015-10-25 22:02:27
MemTotal:        2746844 kB
MemFree:          109372 kB
Buffers:           81596 kB
Cached:           675088 kB
SwapCached:        10008 kB
Active:           816296 kB
Inactive:         670420 kB
Active(anon):     366648 kB
Inactive(anon):   377608 kB
Active(file):     449648 kB
Inactive(file):   292812 kB
Unevictable:       20976 kB
Mlocked:           13004 kB
SwapTotal:       1310716 kB
SwapFree:        1008480 kB
Dirty:                 0 kB
Writeback:             0 kB
AnonPages:        744708 kB
Mapped:           319644 kB
Shmem:              1756 kB
Slab:             120332 kB
SReclaimable:      33048 kB
SUnreclaim:        87284 kB
KernelStack:       33376 kB
PageTables:        52700 kB
NFS_Unstable:          0 kB
Bounce:                0 kB
WritebackTmp:          0 kB
CommitLimit:     2684136 kB
Committed_AS:   128579716 kB
VmallocTotal:   251658176 kB
VmallocUsed:      335356 kB
VmallocChunk:   247561408 kB
Time pass: 21 sec

---2015-10-25 22:02:27
MemTotal:        2746844 kB
MemFree:          110100 kB
Buffers:           81600 kB
Cached:           675084 kB
SwapCached:        10008 kB
Active:           816704 kB
Inactive:         670420 kB
Active(anon):     367056 kB
Inactive(anon):   377608 kB
Active(file):     449648 kB
Inactive(file):   292812 kB
Unevictable:       20976 kB
Mlocked:           13004 kB
SwapTotal:       1310716 kB
SwapFree:        1008480 kB
Dirty:                 0 kB
Writeback:             0 kB
AnonPages:        745524 kB
Mapped:           319700 kB
Shmem:              1756 kB
Slab:             120332 kB
SReclaimable:      33048 kB
SUnreclaim:        87284 kB
KernelStack:       33392 kB
PageTables:        52700 kB
NFS_Unstable:          0 kB
Bounce:                0 kB
WritebackTmp:          0 kB
CommitLimit:     2684136 kB
Committed_AS:   128579956 kB
VmallocTotal:   251658176 kB
VmallocUsed:      335356 kB
VmallocChunk:   247561408 kB
Time pass: 25 sec

---2015-10-25 22:02:27
MemTotal:        2746844 kB
MemFree:          103148 kB
Buffers:           81600 kB
Cached:           675088 kB
SwapCached:        10008 kB
Active:           823444 kB
Inactive:         670412 kB
Active(anon):     373792 kB
Inactive(anon):   377600 kB
Active(file):     449652 kB
Inactive(file):   292812 kB
Unevictable:       20976 kB
Mlocked:           13004 kB
SwapTotal:       1310716 kB
SwapFree:        1008480 kB
Dirty:                84 kB
Writeback:             0 kB
AnonPages:        752296 kB
Mapped:           319712 kB
Shmem:              1756 kB
Slab:             120344 kB
SReclaimable:      33048 kB
SUnreclaim:        87296 kB
KernelStack:       33440 kB
PageTables:        52700 kB
NFS_Unstable:          0 kB
Bounce:                0 kB
WritebackTmp:          0 kB
CommitLimit:     2684136 kB
Committed_AS:   128580236 kB
VmallocTotal:   251658176 kB
VmallocUsed:      335344 kB
VmallocChunk:   247561408 kB
Time pass: 28 sec

---2015-10-25 22:02:27
MemTotal:        2746844 kB
MemFree:          112092 kB
Buffers:           81600 kB
Cached:           675088 kB
SwapCached:        10008 kB
Active:           816028 kB
Inactive:         670408 kB
Active(anon):     366376 kB
Inactive(anon):   377596 kB
Active(file):     449652 kB
Inactive(file):   292812 kB
Unevictable:       20976 kB
Mlocked:           13004 kB
SwapTotal:       1310716 kB
SwapFree:        1008480 kB
Dirty:                20 kB
Writeback:             0 kB
AnonPages:        744680 kB
Mapped:           312636 kB
Shmem:              1756 kB
Slab:             120328 kB
SReclaimable:      33048 kB
SUnreclaim:        87280 kB
KernelStack:       32736 kB
PageTables:        52108 kB
NFS_Unstable:          0 kB
Bounce:                0 kB
WritebackTmp:          0 kB
CommitLimit:     2684136 kB
Committed_AS:   127317144 kB
VmallocTotal:   251658176 kB
VmallocUsed:      334324 kB
VmallocChunk:   247561408 kB
Time pass: 32 sec

---2015-10-25 22:02:27
MemTotal:        2746844 kB
MemFree:          100036 kB
Buffers:           81608 kB
Cached:           675088 kB
SwapCached:        10008 kB
Active:           827796 kB
Inactive:         670408 kB
Active(anon):     378136 kB
Inactive(anon):   377596 kB
Active(file):     449660 kB
Inactive(file):   292812 kB
Unevictable:       20976 kB
Mlocked:           13004 kB
SwapTotal:       1310716 kB
SwapFree:        1008480 kB
Dirty:               132 kB
Writeback:             0 kB
AnonPages:        756200 kB
Mapped:           319516 kB
Shmem:              1756 kB
Slab:             120316 kB
SReclaimable:      33048 kB
SUnreclaim:        87268 kB
KernelStack:       33392 kB
PageTables:        52696 kB
NFS_Unstable:          0 kB
Bounce:                0 kB
WritebackTmp:          0 kB
CommitLimit:     2684136 kB
Committed_AS:   128579596 kB
VmallocTotal:   251658176 kB
VmallocUsed:      335344 kB
VmallocChunk:   247561408 kB
Time pass: 35 sec

---2015-10-25 22:02:27
MemTotal:        2746844 kB
MemFree:           98788 kB
Buffers:           81616 kB
Cached:           675088 kB
SwapCached:        10008 kB
Active:           827984 kB
Inactive:         670420 kB
Active(anon):     378324 kB
Inactive(anon):   377596 kB
Active(file):     449660 kB
Inactive(file):   292824 kB
Unevictable:       20976 kB
Mlocked:           13004 kB
SwapTotal:       1310716 kB
SwapFree:        1008480 kB
Dirty:               148 kB
Writeback:             0 kB
AnonPages:        756564 kB
Mapped:           319560 kB
Shmem:              1756 kB
Slab:             120348 kB
SReclaimable:      33048 kB
SUnreclaim:        87300 kB
KernelStack:       33392 kB
PageTables:        52692 kB
NFS_Unstable:          0 kB
Bounce:                0 kB
WritebackTmp:          0 kB
CommitLimit:     2684136 kB
Committed_AS:   128579756 kB
VmallocTotal:   251658176 kB
VmallocUsed:      335344 kB
VmallocChunk:   247561408 kB
Time pass: 40 sec

---2015-10-25 22:02:27
MemTotal:        2746844 kB
MemFree:           98724 kB
Buffers:           81616 kB
Cached:           675088 kB
SwapCached:        10008 kB
Active:           828412 kB
Inactive:         670412 kB
Active(anon):     378748 kB
Inactive(anon):   377596 kB
Active(file):     449664 kB
Inactive(file):   292816 kB
Unevictable:       20976 kB
Mlocked:           13004 kB
SwapTotal:       1310716 kB
SwapFree:        1008480 kB
Dirty:                52 kB
Writeback:             0 kB
AnonPages:        756976 kB
Mapped:           319752 kB
Shmem:              1756 kB
Slab:             120348 kB
SReclaimable:      33048 kB
SUnreclaim:        87300 kB
KernelStack:       33408 kB
PageTables:        52724 kB
NFS_Unstable:          0 kB
Bounce:                0 kB
WritebackTmp:          0 kB
CommitLimit:     2684136 kB
Committed_AS:   128579772 kB
VmallocTotal:   251658176 kB
VmallocUsed:      335344 kB
VmallocChunk:   247561408 kB
Time pass: 43 sec

---2015-10-25 22:02:27
MemTotal:        2746844 kB
MemFree:           99020 kB
Buffers:           81616 kB
Cached:           675088 kB
SwapCached:        10008 kB
Active:           827800 kB
Inactive:         670408 kB
Active(anon):     378132 kB
Inactive(anon):   377596 kB
Active(file):     449668 kB
Inactive(file):   292812 kB
Unevictable:       20976 kB
Mlocked:           13004 kB
SwapTotal:       1310716 kB
SwapFree:        1008480 kB
Dirty:                52 kB
Writeback:             0 kB
AnonPages:        756192 kB
Mapped:           319852 kB
Shmem:              1756 kB
Slab:             120288 kB
SReclaimable:      33048 kB
SUnreclaim:        87240 kB
KernelStack:       33376 kB
PageTables:        52752 kB
NFS_Unstable:          0 kB
Bounce:                0 kB
WritebackTmp:          0 kB
CommitLimit:     2684136 kB
Committed_AS:   128580124 kB
VmallocTotal:   251658176 kB
VmallocUsed:      335344 kB
VmallocChunk:   247561408 kB
Time pass: 47 sec

---2015-10-25 22:02:27
MemTotal:        2746844 kB
MemFree:          112708 kB
Buffers:           81628 kB
Cached:           675088 kB
SwapCached:        10008 kB
Active:           814996 kB
Inactive:         670420 kB
Active(anon):     365328 kB
Inactive(anon):   377596 kB
Active(file):     449668 kB
Inactive(file):   292824 kB
Unevictable:       20976 kB
Mlocked:           13004 kB
SwapTotal:       1310716 kB
SwapFree:        1008480 kB
Dirty:                68 kB
Writeback:             0 kB
AnonPages:        743368 kB
Mapped:           312744 kB
Shmem:              1756 kB
Slab:             120264 kB
SReclaimable:      33048 kB
SUnreclaim:        87216 kB
KernelStack:       32720 kB
PageTables:        52140 kB
NFS_Unstable:          0 kB
Bounce:                0 kB
WritebackTmp:          0 kB
CommitLimit:     2684136 kB
Committed_AS:   127316904 kB
VmallocTotal:   251658176 kB
VmallocUsed:      334324 kB
VmallocChunk:   247561408 kB
Time pass: 51 sec

---2015-10-25 22:02:27
MemTotal:        2746844 kB
MemFree:          110200 kB
Buffers:           81628 kB
Cached:           675088 kB
SwapCached:        10008 kB
Active:           816644 kB
Inactive:         670416 kB
Active(anon):     366968 kB
Inactive(anon):   377596 kB
Active(file):     449676 kB
Inactive(file):   292820 kB
Unevictable:       20976 kB
Mlocked:           13004 kB
SwapTotal:       1310716 kB
SwapFree:        1008480 kB
Dirty:                16 kB
Writeback:             0 kB
AnonPages:        745304 kB
Mapped:           319784 kB
Shmem:              1756 kB
Slab:             120232 kB
SReclaimable:      33048 kB
SUnreclaim:        87184 kB
KernelStack:       33312 kB
PageTables:        52648 kB
NFS_Unstable:          0 kB
Bounce:                0 kB
WritebackTmp:          0 kB
CommitLimit:     2684136 kB
Committed_AS:   128579584 kB
VmallocTotal:   251658176 kB
VmallocUsed:      335344 kB
VmallocChunk:   247561408 kB
Time pass: 55 sec

---2015-10-25 22:02:27
MemTotal:        2746844 kB
MemFree:          109416 kB
Buffers:           81636 kB
Cached:           675088 kB
SwapCached:        10008 kB
Active:           816992 kB
Inactive:         670416 kB
Active(anon):     367312 kB
Inactive(anon):   377596 kB
Active(file):     449680 kB
Inactive(file):   292820 kB
Unevictable:       20976 kB
Mlocked:           13004 kB
SwapTotal:       1310716 kB
SwapFree:        1008480 kB
Dirty:                88 kB
Writeback:             0 kB
AnonPages:        745480 kB
Mapped:           319828 kB
Shmem:              1756 kB
Slab:             120232 kB
SReclaimable:      33048 kB
SUnreclaim:        87184 kB
KernelStack:       33376 kB
PageTables:        52664 kB
NFS_Unstable:          0 kB
Bounce:                0 kB
WritebackTmp:          0 kB
CommitLimit:     2684136 kB
Committed_AS:   128579620 kB
VmallocTotal:   251658176 kB
VmallocUsed:      335344 kB
VmallocChunk:   247561408 kB
Time pass: 59 sec

---2015-10-25 22:02:27
MemTotal:        2746844 kB
MemFree:          108744 kB
Buffers:           81636 kB
Cached:           675088 kB
SwapCached:        10008 kB
Active:           817412 kB
Inactive:         670428 kB
Active(anon):     367744 kB
Inactive(anon):   377596 kB
Active(file):     449668 kB
Inactive(file):   292832 kB
Unevictable:       20976 kB
Mlocked:           13004 kB
SwapTotal:       1310716 kB
SwapFree:        1008480 kB
Dirty:                 0 kB
Writeback:             0 kB
AnonPages:        746236 kB
Mapped:           319728 kB
Shmem:              1756 kB
Slab:             120232 kB
SReclaimable:      33048 kB
SUnreclaim:        87184 kB
KernelStack:       33392 kB
PageTables:        52700 kB
NFS_Unstable:          0 kB
Bounce:                0 kB
WritebackTmp:          0 kB
CommitLimit:     2684136 kB
Committed_AS:   128580000 kB
VmallocTotal:   251658176 kB
VmallocUsed:      335344 kB
VmallocChunk:   247561408 kB
Time pass: 64 sec

---2015-10-25 22:02:27
MemTotal:        2746844 kB
MemFree:          108164 kB
Buffers:           81644 kB
Cached:           675088 kB
SwapCached:        10008 kB
Active:           817860 kB
Inactive:         670436 kB
Active(anon):     368192 kB
Inactive(anon):   377596 kB
Active(file):     449668 kB
Inactive(file):   292840 kB
Unevictable:       20976 kB
Mlocked:           13004 kB
SwapTotal:       1310716 kB
SwapFree:        1008480 kB
Dirty:                24 kB
Writeback:             0 kB
AnonPages:        746460 kB
Mapped:           319736 kB
Shmem:              1756 kB
Slab:             120248 kB
SReclaimable:      33048 kB
SUnreclaim:        87200 kB
KernelStack:       33392 kB
PageTables:        52700 kB
NFS_Unstable:          0 kB
Bounce:                0 kB
WritebackTmp:          0 kB
CommitLimit:     2684136 kB
Committed_AS:   128580032 kB
VmallocTotal:   251658176 kB
VmallocUsed:      335344 kB
VmallocChunk:   247561408 kB
Time pass: 67 sec

---2015-10-25 22:02:27
MemTotal:        2746844 kB
MemFree:          116752 kB
Buffers:           81656 kB
Cached:           675088 kB
SwapCached:        10008 kB
Active:           810596 kB
Inactive:         670440 kB
Active(anon):     360920 kB
Inactive(anon):   377596 kB
Active(file):     449676 kB
Inactive(file):   292844 kB
Unevictable:       20976 kB
Mlocked:           13004 kB
SwapTotal:       1310716 kB
SwapFree:        1008480 kB
Dirty:                 0 kB
Writeback:             0 kB
AnonPages:        739088 kB
Mapped:           312744 kB
Shmem:              1756 kB
Slab:             120256 kB
SReclaimable:      33048 kB
SUnreclaim:        87208 kB
KernelStack:       32736 kB
PageTables:        52028 kB
NFS_Unstable:          0 kB
Bounce:                0 kB
WritebackTmp:          0 kB
CommitLimit:     2684136 kB
Committed_AS:   127316936 kB
VmallocTotal:   251658176 kB
VmallocUsed:      334324 kB
VmallocChunk:   247561408 kB
Time pass: 71 sec

---2015-10-25 22:02:27
MemTotal:        2746844 kB
MemFree:          104656 kB
Buffers:           81660 kB
Cached:           675088 kB
SwapCached:        10008 kB
Active:           821528 kB
Inactive:         670440 kB
Active(anon):     371840 kB
Inactive(anon):   377596 kB
Active(file):     449688 kB
Inactive(file):   292844 kB
Unevictable:       20976 kB
Mlocked:           13004 kB
SwapTotal:       1310716 kB
SwapFree:        1008480 kB
Dirty:               100 kB
Writeback:             0 kB
AnonPages:        749788 kB
Mapped:           319772 kB
Shmem:              1756 kB
Slab:             120304 kB
SReclaimable:      33048 kB
SUnreclaim:        87256 kB
KernelStack:       33360 kB
PageTables:        52684 kB
NFS_Unstable:          0 kB
Bounce:                0 kB
WritebackTmp:          0 kB
CommitLimit:     2684136 kB
Committed_AS:   128579640 kB
VmallocTotal:   251658176 kB
VmallocUsed:      335344 kB
VmallocChunk:   247561408 kB
Time pass: 75 sec

---2015-10-25 22:02:27
MemTotal:        2746844 kB
MemFree:          104716 kB
Buffers:           81660 kB
Cached:           675088 kB
SwapCached:        10008 kB
Active:           821600 kB
Inactive:         670440 kB
Active(anon):     371920 kB
Inactive(anon):   377596 kB
Active(file):     449680 kB
Inactive(file):   292844 kB
Unevictable:       20976 kB
Mlocked:           13004 kB
SwapTotal:       1310716 kB
SwapFree:        1008480 kB
Dirty:                 0 kB
Writeback:             0 kB
AnonPages:        750156 kB
Mapped:           319664 kB
Shmem:              1756 kB
Slab:             120292 kB
SReclaimable:      33048 kB
SUnreclaim:        87244 kB
KernelStack:       33376 kB
PageTables:        52696 kB
NFS_Unstable:          0 kB
Bounce:                0 kB
WritebackTmp:          0 kB
CommitLimit:     2684136 kB
Committed_AS:   128579656 kB
VmallocTotal:   251658176 kB
VmallocUsed:      335344 kB
VmallocChunk:   247561408 kB
Time pass: 79 sec

---2015-10-25 22:02:27
MemTotal:        2746844 kB
MemFree:          104684 kB
Buffers:           81668 kB
Cached:           675080 kB
SwapCached:        10008 kB
Active:           822308 kB
Inactive:         670440 kB
Active(anon):     372628 kB
Inactive(anon):   377596 kB
Active(file):     449680 kB
Inactive(file):   292844 kB
Unevictable:       20976 kB
Mlocked:           13004 kB
SwapTotal:       1310716 kB
SwapFree:        1008480 kB
Dirty:                 0 kB
Writeback:             0 kB
AnonPages:        750832 kB
Mapped:           319672 kB
Shmem:              1756 kB
Slab:             120300 kB
SReclaimable:      33048 kB
SUnreclaim:        87252 kB
KernelStack:       33360 kB
PageTables:        52696 kB
NFS_Unstable:          0 kB
Bounce:                0 kB
WritebackTmp:          0 kB
CommitLimit:     2684136 kB
Committed_AS:   128579988 kB
VmallocTotal:   251658176 kB
VmallocUsed:      335344 kB
VmallocChunk:   247561408 kB
Time pass: 82 sec

---2015-10-25 22:02:27
MemTotal:        2746844 kB
MemFree:          341480 kB
Buffers:           81684 kB
Cached:           674788 kB
SwapCached:        10008 kB
Active:           740712 kB
Inactive:         667960 kB
Active(anon):     290344 kB
Inactive(anon):   375788 kB
Active(file):     450368 kB
Inactive(file):   292172 kB
Unevictable:       20976 kB
Mlocked:           13004 kB
SwapTotal:       1310716 kB
SwapFree:        1008480 kB
Dirty:                88 kB
Writeback:             0 kB
AnonPages:        666680 kB
Mapped:           269188 kB
Shmem:              1172 kB
Slab:             120348 kB
SReclaimable:      33048 kB
SUnreclaim:        87300 kB
KernelStack:       32464 kB
PageTables:        51184 kB
NFS_Unstable:          0 kB
Bounce:                0 kB
WritebackTmp:          0 kB
CommitLimit:     2684136 kB
Committed_AS:   128281788 kB
VmallocTotal:   251658176 kB
VmallocUsed:      333580 kB
VmallocChunk:   247561408 kB
Time pass: 86 sec

---2015-10-25 22:02:27
MemTotal:        2746844 kB
MemFree:          328844 kB
Buffers:           81692 kB
Cached:           674356 kB
SwapCached:        10008 kB
Active:           755620 kB
Inactive:         665100 kB
Active(anon):     302752 kB
Inactive(anon):   375184 kB
Active(file):     452868 kB
Inactive(file):   289916 kB
Unevictable:       20976 kB
Mlocked:           13004 kB
SwapTotal:       1310716 kB
SwapFree:        1008484 kB
Dirty:               664 kB
Writeback:             0 kB
AnonPages:        679648 kB
Mapped:           285108 kB
Shmem:               796 kB
Slab:             120196 kB
SReclaimable:      33048 kB
SUnreclaim:        87148 kB
KernelStack:       31136 kB
PageTables:        52428 kB
NFS_Unstable:          0 kB
Bounce:                0 kB
WritebackTmp:          0 kB
CommitLimit:     2684136 kB
Committed_AS:   131365412 kB
VmallocTotal:   251658176 kB
VmallocUsed:      335520 kB
VmallocChunk:   247561408 kB
Time pass: 89 sec

---2015-10-25 22:02:27
MemTotal:        2746844 kB
MemFree:          240280 kB
Buffers:           81700 kB
Cached:           674536 kB
SwapCached:        10008 kB
Active:           757448 kB
Inactive:         655460 kB
Active(anon):     302448 kB
Inactive(anon):   367624 kB
Active(file):     455000 kB
Inactive(file):   287836 kB
Unevictable:       20976 kB
Mlocked:           13004 kB
SwapTotal:       1310716 kB
SwapFree:        1008508 kB
Dirty:               208 kB
Writeback:            32 kB
AnonPages:        671268 kB
Mapped:           300804 kB
Shmem:               928 kB
Slab:             120288 kB
SReclaimable:      33048 kB
SUnreclaim:        87240 kB
KernelStack:       32400 kB
PageTables:        53044 kB
NFS_Unstable:          0 kB
Bounce:                0 kB
WritebackTmp:          0 kB
CommitLimit:     2684136 kB
Committed_AS:   131406144 kB
VmallocTotal:   251658176 kB
VmallocUsed:      336552 kB
VmallocChunk:   247561408 kB
Time pass: 93 sec

---2015-10-25 22:02:27
MemTotal:        2746844 kB
MemFree:          163976 kB
Buffers:           81704 kB
Cached:           674740 kB
SwapCached:        10008 kB
Active:           772640 kB
Inactive:         655556 kB
Active(anon):     317548 kB
Inactive(anon):   367604 kB
Active(file):     455092 kB
Inactive(file):   287952 kB
Unevictable:       20976 kB
Mlocked:           13004 kB
SwapTotal:       1310716 kB
SwapFree:        1008508 kB
Dirty:              2644 kB
Writeback:             0 kB
AnonPages:        686604 kB
Mapped:           307408 kB
Shmem:               932 kB
Slab:             120288 kB
SReclaimable:      33048 kB
SUnreclaim:        87240 kB
KernelStack:       32592 kB
PageTables:        53484 kB
NFS_Unstable:          0 kB
Bounce:                0 kB
WritebackTmp:          0 kB
CommitLimit:     2684136 kB
Committed_AS:   132654732 kB
VmallocTotal:   251658176 kB
VmallocUsed:      338844 kB
VmallocChunk:   247561408 kB
Time pass: 96 sec

---2015-10-25 22:02:27
MemTotal:        2746844 kB
MemFree:          163592 kB
Buffers:           81708 kB
Cached:           674736 kB
SwapCached:        10008 kB
Active:           773216 kB
Inactive:         655472 kB
Active(anon):     318056 kB
Inactive(anon):   367588 kB
Active(file):     455160 kB
Inactive(file):   287884 kB
Unevictable:       20976 kB
Mlocked:           13004 kB
SwapTotal:       1310716 kB
SwapFree:        1008512 kB
Dirty:              1868 kB
Writeback:             0 kB
AnonPages:        687084 kB
Mapped:           307696 kB
Shmem:               932 kB
Slab:             120376 kB
SReclaimable:      33048 kB
SUnreclaim:        87328 kB
KernelStack:       32784 kB
PageTables:        53532 kB
NFS_Unstable:          0 kB
Bounce:                0 kB
WritebackTmp:          0 kB
CommitLimit:     2684136 kB
Committed_AS:   132654964 kB
VmallocTotal:   251658176 kB
VmallocUsed:      338844 kB
VmallocChunk:   247561408 kB
Time pass: 100 sec

---2015-10-25 22:02:27
MemTotal:        2746844 kB
MemFree:          165336 kB
Buffers:           81708 kB
Cached:           674740 kB
SwapCached:        10008 kB
Active:           770948 kB
Inactive:         655456 kB
Active(anon):     315784 kB
Inactive(anon):   367572 kB
Active(file):     455164 kB
Inactive(file):   287884 kB
Unevictable:       20976 kB
Mlocked:           13004 kB
SwapTotal:       1310716 kB
SwapFree:        1008512 kB
Dirty:                 0 kB
Writeback:             0 kB
AnonPages:        684480 kB
Mapped:           307804 kB
Shmem:               932 kB
Slab:             120372 kB
SReclaimable:      33048 kB
SUnreclaim:        87324 kB
KernelStack:       32784 kB
PageTables:        53584 kB
NFS_Unstable:          0 kB
Bounce:                0 kB
WritebackTmp:          0 kB
CommitLimit:     2684136 kB
Committed_AS:   132654044 kB
VmallocTotal:   251658176 kB
VmallocUsed:      338844 kB
VmallocChunk:   247561408 kB
Time pass: 104 sec

---2015-10-25 22:02:27
MemTotal:        2746844 kB
MemFree:          152588 kB
Buffers:           81716 kB
Cached:           674740 kB
SwapCached:        10008 kB
Active:           781336 kB
Inactive:         655372 kB
Active(anon):     326080 kB
Inactive(anon):   367572 kB
Active(file):     455256 kB
Inactive(file):   287800 kB
Unevictable:       20976 kB
Mlocked:           13004 kB
SwapTotal:       1310716 kB
SwapFree:        1008512 kB
Dirty:                92 kB
Writeback:             0 kB
AnonPages:        695208 kB
Mapped:           311716 kB
Shmem:               932 kB
Slab:             120664 kB
SReclaimable:      33048 kB
SUnreclaim:        87616 kB
KernelStack:       32976 kB
PageTables:        54184 kB
NFS_Unstable:          0 kB
Bounce:                0 kB
WritebackTmp:          0 kB
CommitLimit:     2684136 kB
Committed_AS:   134448108 kB
VmallocTotal:   251658176 kB
VmallocUsed:      339864 kB
VmallocChunk:   247561408 kB
Time pass: 107 sec

---2015-10-25 22:02:27
MemTotal:        2746844 kB
MemFree:          132456 kB
Buffers:           81716 kB
Cached:           674980 kB
SwapCached:        10008 kB
Active:           785788 kB
Inactive:         655592 kB
Active(anon):     330512 kB
Inactive(anon):   367572 kB
Active(file):     455276 kB
Inactive(file):   288020 kB
Unevictable:       20976 kB
Mlocked:           13004 kB
SwapTotal:       1310716 kB
SwapFree:        1008512 kB
Dirty:               548 kB
Writeback:             0 kB
AnonPages:        699760 kB
Mapped:           312176 kB
Shmem:               932 kB
Slab:             120784 kB
SReclaimable:      33048 kB
SUnreclaim:        87736 kB
KernelStack:       33360 kB
PageTables:        54804 kB
NFS_Unstable:          0 kB
Bounce:                0 kB
WritebackTmp:          0 kB
CommitLimit:     2684136 kB
Committed_AS:   136241724 kB
VmallocTotal:   251658176 kB
VmallocUsed:      340928 kB
VmallocChunk:   247561408 kB
Time pass: 111 sec

---2015-10-25 22:02:27
MemTotal:        2746844 kB
MemFree:          135324 kB
Buffers:           81724 kB
Cached:           675028 kB
SwapCached:        10008 kB
Active:           781204 kB
Inactive:         655588 kB
Active(anon):     325868 kB
Inactive(anon):   367572 kB
Active(file):     455336 kB
Inactive(file):   288016 kB
Unevictable:       20976 kB
Mlocked:           13004 kB
SwapTotal:       1310716 kB
SwapFree:        1008512 kB
Dirty:               568 kB
Writeback:             0 kB
AnonPages:        694764 kB
Mapped:           312276 kB
Shmem:               932 kB
Slab:             120800 kB
SReclaimable:      33048 kB
SUnreclaim:        87752 kB
KernelStack:       33376 kB
PageTables:        54868 kB
NFS_Unstable:          0 kB
Bounce:                0 kB
WritebackTmp:          0 kB
CommitLimit:     2684136 kB
Committed_AS:   136242188 kB
VmallocTotal:   251658176 kB
VmallocUsed:      340928 kB
VmallocChunk:   247561408 kB
Time pass: 115 sec

---2015-10-25 22:02:27
MemTotal:        2746844 kB
MemFree:          135272 kB
Buffers:           81732 kB
Cached:           675020 kB
SwapCached:        10008 kB
Active:           782076 kB
Inactive:         655552 kB
Active(anon):     326704 kB
Inactive(anon):   367572 kB
Active(file):     455372 kB
Inactive(file):   287980 kB
Unevictable:       20976 kB
Mlocked:           13004 kB
SwapTotal:       1310716 kB
SwapFree:        1008512 kB
Dirty:                20 kB
Writeback:             0 kB
AnonPages:        695648 kB
Mapped:           312336 kB
Shmem:               932 kB
Slab:             120800 kB
SReclaimable:      33048 kB
SUnreclaim:        87752 kB
KernelStack:       33376 kB
PageTables:        54888 kB
NFS_Unstable:          0 kB
Bounce:                0 kB
WritebackTmp:          0 kB
CommitLimit:     2684136 kB
Committed_AS:   136244284 kB
VmallocTotal:   251658176 kB
VmallocUsed:      340928 kB
VmallocChunk:   247561408 kB
Time pass: 118 sec

---2015-10-25 22:02:27
MemTotal:        2746844 kB
MemFree:          109800 kB
Buffers:           81732 kB
Cached:           675032 kB
SwapCached:        10008 kB
Active:           785604 kB
Inactive:         655108 kB
Active(anon):     329976 kB
Inactive(anon):   367572 kB
Active(file):     455628 kB
Inactive(file):   287536 kB
Unevictable:       20976 kB
Mlocked:           13004 kB
SwapTotal:       1310716 kB
SwapFree:        1008512 kB
Dirty:               420 kB
Writeback:             0 kB
AnonPages:        699340 kB
Mapped:           312280 kB
Shmem:               932 kB
Slab:             120844 kB
SReclaimable:      33048 kB
SUnreclaim:        87796 kB
KernelStack:       33376 kB
PageTables:        54864 kB
NFS_Unstable:          0 kB
Bounce:                0 kB
WritebackTmp:          0 kB
CommitLimit:     2684136 kB
Committed_AS:   136250628 kB
VmallocTotal:   251658176 kB
VmallocUsed:      340988 kB
VmallocChunk:   247561408 kB
Time pass: 122 sec

---2015-10-25 22:02:27
MemTotal:        2746844 kB
MemFree:          108092 kB
Buffers:           81740 kB
Cached:           675056 kB
SwapCached:        10008 kB
Active:           787208 kB
Inactive:         655156 kB
Active(anon):     331404 kB
Inactive(anon):   367572 kB
Active(file):     455804 kB
Inactive(file):   287584 kB
Unevictable:       20976 kB
Mlocked:           13004 kB
SwapTotal:       1310716 kB
SwapFree:        1008512 kB
Dirty:               576 kB
Writeback:             0 kB
AnonPages:        700320 kB
Mapped:           312940 kB
Shmem:               932 kB
Slab:             120840 kB
SReclaimable:      33048 kB
SUnreclaim:        87792 kB
KernelStack:       33328 kB
PageTables:        54884 kB
NFS_Unstable:          0 kB
Bounce:                0 kB
WritebackTmp:          0 kB
CommitLimit:     2684136 kB
Committed_AS:   136250740 kB
VmallocTotal:   251658176 kB
VmallocUsed:      340988 kB
VmallocChunk:   247561408 kB
Time pass: 125 sec

---2015-10-25 22:02:27
MemTotal:        2746844 kB
MemFree:          105376 kB
Buffers:           81744 kB
Cached:           675052 kB
SwapCached:        10008 kB
Active:           788900 kB
Inactive:         655164 kB
Active(anon):     333096 kB
Inactive(anon):   367572 kB
Active(file):     455804 kB
Inactive(file):   287592 kB
Unevictable:       20976 kB
Mlocked:           13004 kB
SwapTotal:       1310716 kB
SwapFree:        1008512 kB
Dirty:                 0 kB
Writeback:             0 kB
AnonPages:        702044 kB
Mapped:           313108 kB
Shmem:               932 kB
Slab:             121000 kB
SReclaimable:      33048 kB
SUnreclaim:        87952 kB
KernelStack:       33440 kB
PageTables:        55464 kB
NFS_Unstable:          0 kB
Bounce:                0 kB
WritebackTmp:          0 kB
CommitLimit:     2684136 kB
Committed_AS:   138044320 kB
VmallocTotal:   251658176 kB
VmallocUsed:      342008 kB
VmallocChunk:   247561408 kB
Time pass: 129 sec

---2015-10-25 22:02:27
MemTotal:        2746844 kB
MemFree:          104176 kB
Buffers:           81744 kB
Cached:           675056 kB
SwapCached:        10008 kB
Active:           789432 kB
Inactive:         655164 kB
Active(anon):     333624 kB
Inactive(anon):   367572 kB
Active(file):     455808 kB
Inactive(file):   287592 kB
Unevictable:       20976 kB
Mlocked:           13004 kB
SwapTotal:       1310716 kB
SwapFree:        1008512 kB
Dirty:                24 kB
Writeback:             0 kB
AnonPages:        702172 kB
Mapped:           313192 kB
Shmem:               932 kB
Slab:             120972 kB
SReclaimable:      33048 kB
SUnreclaim:        87924 kB
KernelStack:       33472 kB
PageTables:        55508 kB
NFS_Unstable:          0 kB
Bounce:                0 kB
WritebackTmp:          0 kB
CommitLimit:     2684136 kB
Committed_AS:   138044456 kB
VmallocTotal:   251658176 kB
VmallocUsed:      342008 kB
VmallocChunk:   247561408 kB
Time pass: 133 sec

---2015-10-25 22:02:27
MemTotal:        2746844 kB
MemFree:          104412 kB
Buffers:           81744 kB
Cached:           675056 kB
SwapCached:        10008 kB
Active:           789272 kB
Inactive:         655164 kB
Active(anon):     333464 kB
Inactive(anon):   367572 kB
Active(file):     455808 kB
Inactive(file):   287592 kB
Unevictable:       20976 kB
Mlocked:           13004 kB
SwapTotal:       1310716 kB
SwapFree:        1008512 kB
Dirty:                 0 kB
Writeback:             0 kB
AnonPages:        702228 kB
Mapped:           313236 kB
Shmem:               932 kB
Slab:             121000 kB
SReclaimable:      33048 kB
SUnreclaim:        87952 kB
KernelStack:       33472 kB
PageTables:        55512 kB
NFS_Unstable:          0 kB
Bounce:                0 kB
WritebackTmp:          0 kB
CommitLimit:     2684136 kB
Committed_AS:   138044464 kB
VmallocTotal:   251658176 kB
VmallocUsed:      342008 kB
VmallocChunk:   247561408 kB
Time pass: 136 sec

---2015-10-25 22:02:27
MemTotal:        2746844 kB
MemFree:          104348 kB
Buffers:           81744 kB
Cached:           675056 kB
SwapCached:        10008 kB
Active:           789376 kB
Inactive:         655164 kB
Active(anon):     333568 kB
Inactive(anon):   367572 kB
Active(file):     455808 kB
Inactive(file):   287592 kB
Unevictable:       20976 kB
Mlocked:           13004 kB
SwapTotal:       1310716 kB
SwapFree:        1008512 kB
Dirty:                 0 kB
Writeback:             0 kB
AnonPages:        702324 kB
Mapped:           313236 kB
Shmem:               932 kB
Slab:             121004 kB
SReclaimable:      33048 kB
SUnreclaim:        87956 kB
KernelStack:       33472 kB
PageTables:        55512 kB
NFS_Unstable:          0 kB
Bounce:                0 kB
WritebackTmp:          0 kB
CommitLimit:     2684136 kB
Committed_AS:   138044456 kB
VmallocTotal:   251658176 kB
VmallocUsed:      342008 kB
VmallocChunk:   247561408 kB
Time pass: 140 sec

---2015-10-25 22:02:27
MemTotal:        2746844 kB
MemFree:          104116 kB
Buffers:           81744 kB
Cached:           675056 kB
SwapCached:        10008 kB
Active:           789416 kB
Inactive:         655164 kB
Active(anon):     333608 kB
Inactive(anon):   367572 kB
Active(file):     455808 kB
Inactive(file):   287592 kB
Unevictable:       20976 kB
Mlocked:           13004 kB
SwapTotal:       1310716 kB
SwapFree:        1008512 kB
Dirty:                 0 kB
Writeback:             0 kB
AnonPages:        702484 kB
Mapped:           313152 kB
Shmem:               932 kB
Slab:             121012 kB
SReclaimable:      33048 kB
SUnreclaim:        87964 kB
KernelStack:       33472 kB
PageTables:        55484 kB
NFS_Unstable:          0 kB
Bounce:                0 kB
WritebackTmp:          0 kB
CommitLimit:     2684136 kB
Committed_AS:   138044424 kB
VmallocTotal:   251658176 kB
VmallocUsed:      342008 kB
VmallocChunk:   247561408 kB
Time pass: 144 sec

---2015-10-25 22:02:27
MemTotal:        2746844 kB
MemFree:          101456 kB
Buffers:           81752 kB
Cached:           675056 kB
SwapCached:        10008 kB
Active:           793508 kB
Inactive:         655164 kB
Active(anon):     337692 kB
Inactive(anon):   367572 kB
Active(file):     455816 kB
Inactive(file):   287592 kB
Unevictable:       20976 kB
Mlocked:           13004 kB
SwapTotal:       1310716 kB
SwapFree:        1008512 kB
Dirty:                40 kB
Writeback:             0 kB
AnonPages:        706732 kB
Mapped:           314092 kB
Shmem:               932 kB
Slab:             121048 kB
SReclaimable:      33048 kB
SUnreclaim:        88000 kB
KernelStack:       33504 kB
PageTables:        55712 kB
NFS_Unstable:          0 kB
Bounce:                0 kB
WritebackTmp:          0 kB
CommitLimit:     2684136 kB
Committed_AS:   140654172 kB
VmallocTotal:   251658176 kB
VmallocUsed:      342272 kB
VmallocChunk:   247561408 kB
Time pass: 147 sec

---2015-10-25 22:02:27
MemTotal:        2746844 kB
MemFree:          318032 kB
Buffers:           81772 kB
Cached:           675524 kB
SwapCached:        10008 kB
Active:           774504 kB
Inactive:         652948 kB
Active(anon):     316104 kB
Inactive(anon):   367580 kB
Active(file):     458400 kB
Inactive(file):   285368 kB
Unevictable:       20976 kB
Mlocked:           13004 kB
SwapTotal:       1310716 kB
SwapFree:        1008512 kB
Dirty:                 8 kB
Writeback:             0 kB
AnonPages:        685116 kB
Mapped:           278504 kB
Shmem:              1056 kB
Slab:             121032 kB
SReclaimable:      33048 kB
SUnreclaim:        87984 kB
KernelStack:       32656 kB
PageTables:        55224 kB
NFS_Unstable:          0 kB
Bounce:                0 kB
WritebackTmp:          0 kB
CommitLimit:     2684136 kB
Committed_AS:   146235184 kB
VmallocTotal:   251658176 kB
VmallocUsed:      339700 kB
VmallocChunk:   247561408 kB
Time pass: 151 sec

---2015-10-25 22:02:27
MemTotal:        2746844 kB
MemFree:          323060 kB
Buffers:           81780 kB
Cached:           675596 kB
SwapCached:        10008 kB
Active:           768732 kB
Inactive:         652960 kB
Active(anon):     310332 kB
Inactive(anon):   367508 kB
Active(file):     458400 kB
Inactive(file):   285452 kB
Unevictable:       20976 kB
Mlocked:           13004 kB
SwapTotal:       1310716 kB
SwapFree:        1008512 kB
Dirty:               232 kB
Writeback:             0 kB
AnonPages:        678952 kB
Mapped:           278540 kB
Shmem:              1056 kB
Slab:             120988 kB
SReclaimable:      33048 kB
SUnreclaim:        87940 kB
KernelStack:       32480 kB
PageTables:        54508 kB
NFS_Unstable:          0 kB
Bounce:                0 kB
WritebackTmp:          0 kB
CommitLimit:     2684136 kB
Committed_AS:   142458936 kB
VmallocTotal:   251658176 kB
VmallocUsed:      339700 kB
VmallocChunk:   247561408 kB
Time pass: 154 sec

---2015-10-25 22:02:27
MemTotal:        2746844 kB
MemFree:          330264 kB
Buffers:           81784 kB
Cached:           675596 kB
SwapCached:        10008 kB
Active:           763400 kB
Inactive:         652944 kB
Active(anon):     305000 kB
Inactive(anon):   367492 kB
Active(file):     458400 kB
Inactive(file):   285452 kB
Unevictable:       20976 kB
Mlocked:           13004 kB
SwapTotal:       1310716 kB
SwapFree:        1008512 kB
Dirty:                76 kB
Writeback:             0 kB
AnonPages:        673752 kB
Mapped:           276984 kB
Shmem:              1056 kB
Slab:             120984 kB
SReclaimable:      33048 kB
SUnreclaim:        87936 kB
KernelStack:       32336 kB
PageTables:        54028 kB
NFS_Unstable:          0 kB
Bounce:                0 kB
WritebackTmp:          0 kB
CommitLimit:     2684136 kB
Committed_AS:   140125320 kB
VmallocTotal:   251658176 kB
VmallocUsed:      337660 kB
VmallocChunk:   247561408 kB
Time pass: 158 sec

---2015-10-25 22:02:27
MemTotal:        2746844 kB
MemFree:          336104 kB
Buffers:           81784 kB
Cached:           675596 kB
SwapCached:        10008 kB
Active:           757672 kB
Inactive:         652944 kB
Active(anon):     299268 kB
Inactive(anon):   367492 kB
Active(file):     458404 kB
Inactive(file):   285452 kB
Unevictable:       20976 kB
Mlocked:           13004 kB
SwapTotal:       1310716 kB
SwapFree:        1008512 kB
Dirty:                76 kB
Writeback:             0 kB
AnonPages:        668072 kB
Mapped:           276056 kB
Shmem:              1056 kB
Slab:             120960 kB
SReclaimable:      33048 kB
SUnreclaim:        87912 kB
KernelStack:       32096 kB
PageTables:        53864 kB
NFS_Unstable:          0 kB
Bounce:                0 kB
WritebackTmp:          0 kB
CommitLimit:     2684136 kB
Committed_AS:   134906416 kB
VmallocTotal:   251658176 kB
VmallocUsed:      337660 kB
VmallocChunk:   247561408 kB
Time pass: 161 sec

---2015-10-25 22:02:27
MemTotal:        2746844 kB
MemFree:          334992 kB
Buffers:           81784 kB
Cached:           675596 kB
SwapCached:        10008 kB
Active:           757712 kB
Inactive:         652944 kB
Active(anon):     299308 kB
Inactive(anon):   367492 kB
Active(file):     458404 kB
Inactive(file):   285452 kB
Unevictable:       20976 kB
Mlocked:           13004 kB
SwapTotal:       1310716 kB
SwapFree:        1008512 kB
Dirty:                 0 kB
Writeback:             0 kB
AnonPages:        668052 kB
Mapped:           276124 kB
Shmem:              1056 kB
Slab:             120944 kB
SReclaimable:      33048 kB
SUnreclaim:        87896 kB
KernelStack:       32192 kB
PageTables:        53848 kB
NFS_Unstable:          0 kB
Bounce:                0 kB
WritebackTmp:          0 kB
CommitLimit:     2684136 kB
Committed_AS:   134906428 kB
VmallocTotal:   251658176 kB
VmallocUsed:      337660 kB
VmallocChunk:   247561408 kB
Time pass: 165 sec

---2015-10-25 22:02:27
MemTotal:        2746844 kB
MemFree:          334728 kB
Buffers:           81784 kB
Cached:           675596 kB
SwapCached:        10008 kB
Active:           757804 kB
Inactive:         652944 kB
Active(anon):     299400 kB
Inactive(anon):   367492 kB
Active(file):     458404 kB
Inactive(file):   285452 kB
Unevictable:       20976 kB
Mlocked:           13004 kB
SwapTotal:       1310716 kB
SwapFree:        1008512 kB
Dirty:                 0 kB
Writeback:             0 kB
AnonPages:        668112 kB
Mapped:           276032 kB
Shmem:              1056 kB
Slab:             120944 kB
SReclaimable:      33048 kB
SUnreclaim:        87896 kB
KernelStack:       32128 kB
PageTables:        53816 kB
NFS_Unstable:          0 kB
Bounce:                0 kB
WritebackTmp:          0 kB
CommitLimit:     2684136 kB
Committed_AS:   134906300 kB
VmallocTotal:   251658176 kB
VmallocUsed:      337660 kB
VmallocChunk:   247561408 kB
Time pass: 169 sec

---2015-10-25 22:02:27
MemTotal:        2746844 kB
MemFree:          334716 kB
Buffers:           81784 kB
Cached:           675596 kB
SwapCached:        10008 kB
Active:           757840 kB
Inactive:         652944 kB
Active(anon):     299436 kB
Inactive(anon):   367492 kB
Active(file):     458404 kB
Inactive(file):   285452 kB
Unevictable:       20976 kB
Mlocked:           13004 kB
SwapTotal:       1310716 kB
SwapFree:        1008512 kB
Dirty:                 0 kB
Writeback:             0 kB
AnonPages:        668312 kB
Mapped:           276032 kB
Shmem:              1056 kB
Slab:             120944 kB
SReclaimable:      33048 kB
SUnreclaim:        87896 kB
KernelStack:       32128 kB
PageTables:        53816 kB
NFS_Unstable:          0 kB
Bounce:                0 kB
WritebackTmp:          0 kB
CommitLimit:     2684136 kB
Committed_AS:   134906208 kB
VmallocTotal:   251658176 kB
VmallocUsed:      337660 kB
VmallocChunk:   247561408 kB
Time pass: 172 sec

---2015-10-25 22:02:27
MemTotal:        2746844 kB
MemFree:          244040 kB
Buffers:           81800 kB
Cached:           675476 kB
SwapCached:        10008 kB
Active:           789360 kB
Inactive:         652584 kB
Active(anon):     330880 kB
Inactive(anon):   367188 kB
Active(file):     458480 kB
Inactive(file):   285396 kB
Unevictable:       20976 kB
Mlocked:           13004 kB
SwapTotal:       1310716 kB
SwapFree:        1008512 kB
Dirty:              1004 kB
Writeback:             8 kB
AnonPages:        699596 kB
Mapped:           307096 kB
Shmem:               928 kB
Slab:             120932 kB
SReclaimable:      33048 kB
SUnreclaim:        87884 kB
KernelStack:       33424 kB
PageTables:        54780 kB
NFS_Unstable:          0 kB
Bounce:                0 kB
WritebackTmp:          0 kB
CommitLimit:     2684136 kB
Committed_AS:   136232936 kB
VmallocTotal:   251658176 kB
VmallocUsed:      335412 kB
VmallocChunk:   247561408 kB
Time pass: 176 sec

---2015-10-25 22:02:27
MemTotal:        2746844 kB
MemFree:          218336 kB
Buffers:           81808 kB
Cached:           675352 kB
SwapCached:        10008 kB
Active:           779408 kB
Inactive:         651524 kB
Active(anon):     320972 kB
Inactive(anon):   366204 kB
Active(file):     458436 kB
Inactive(file):   285320 kB
Unevictable:       20976 kB
Mlocked:           13004 kB
SwapTotal:       1310716 kB
SwapFree:        1008516 kB
Dirty:                28 kB
Writeback:             0 kB
AnonPages:        688172 kB
Mapped:           308244 kB
Shmem:               932 kB
Slab:             120932 kB
SReclaimable:      33048 kB
SUnreclaim:        87884 kB
KernelStack:       33504 kB
PageTables:        54940 kB
NFS_Unstable:          0 kB
Bounce:                0 kB
WritebackTmp:          0 kB
CommitLimit:     2684136 kB
Committed_AS:   136242528 kB
VmallocTotal:   251658176 kB
VmallocUsed:      335516 kB
VmallocChunk:   247561408 kB
Time pass: 180 sec

---2015-10-25 22:02:27
MemTotal:        2746844 kB
MemFree:          150756 kB
Buffers:           81820 kB
Cached:           675628 kB
SwapCached:        10008 kB
Active:           790320 kB
Inactive:         651616 kB
Active(anon):     331836 kB
Inactive(anon):   366052 kB
Active(file):     458484 kB
Inactive(file):   285564 kB
Unevictable:       20976 kB
Mlocked:           13004 kB
SwapTotal:       1310716 kB
SwapFree:        1008516 kB
Dirty:              1596 kB
Writeback:             0 kB
AnonPages:        699172 kB
Mapped:           310364 kB
Shmem:               932 kB
Slab:             120900 kB
SReclaimable:      33048 kB
SUnreclaim:        87852 kB
KernelStack:       33696 kB
PageTables:        54940 kB
NFS_Unstable:          0 kB
Bounce:                0 kB
WritebackTmp:          0 kB
CommitLimit:     2684136 kB
Committed_AS:   136243504 kB
VmallocTotal:   251658176 kB
VmallocUsed:      337296 kB
VmallocChunk:   247561408 kB
Time pass: 183 sec

---2015-10-25 22:02:27
MemTotal:        2746844 kB
MemFree:          154576 kB
Buffers:           81828 kB
Cached:           675628 kB
SwapCached:        10008 kB
Active:           790464 kB
Inactive:         647836 kB
Active(anon):     331980 kB
Inactive(anon):   362264 kB
Active(file):     458484 kB
Inactive(file):   285572 kB
Unevictable:       20976 kB
Mlocked:           13004 kB
SwapTotal:       1310716 kB
SwapFree:        1008516 kB
Dirty:                 0 kB
Writeback:             0 kB
AnonPages:        695140 kB
Mapped:           310452 kB
Shmem:               932 kB
Slab:             120908 kB
SReclaimable:      33048 kB
SUnreclaim:        87860 kB
KernelStack:       33664 kB
PageTables:        54904 kB
NFS_Unstable:          0 kB
Bounce:                0 kB
WritebackTmp:          0 kB
CommitLimit:     2684136 kB
Committed_AS:   136243552 kB
VmallocTotal:   251658176 kB
VmallocUsed:      337296 kB
VmallocChunk:   247561408 kB
Time pass: 187 sec

---2015-10-25 22:02:27
MemTotal:        2746844 kB
MemFree:          154552 kB
Buffers:           81828 kB
Cached:           675628 kB
SwapCached:        10008 kB
Active:           790816 kB
Inactive:         647836 kB
Active(anon):     332332 kB
Inactive(anon):   362264 kB
Active(file):     458484 kB
Inactive(file):   285572 kB
Unevictable:       20976 kB
Mlocked:           13004 kB
SwapTotal:       1310716 kB
SwapFree:        1008516 kB
Dirty:                80 kB
Writeback:             0 kB
AnonPages:        695464 kB
Mapped:           310536 kB
Shmem:               932 kB
Slab:             120908 kB
SReclaimable:      33048 kB
SUnreclaim:        87860 kB
KernelStack:       33696 kB
PageTables:        54940 kB
NFS_Unstable:          0 kB
Bounce:                0 kB
WritebackTmp:          0 kB
CommitLimit:     2684136 kB
Committed_AS:   136243552 kB
VmallocTotal:   251658176 kB
VmallocUsed:      337296 kB
VmallocChunk:   247561408 kB
Time pass: 191 sec

---2015-10-25 22:02:27
MemTotal:        2746844 kB
MemFree:          149016 kB
Buffers:           81828 kB
Cached:           675628 kB
SwapCached:        10008 kB
Active:           793184 kB
Inactive:         647840 kB
Active(anon):     334744 kB
Inactive(anon):   362264 kB
Active(file):     458440 kB
Inactive(file):   285576 kB
Unevictable:       20976 kB
Mlocked:           13004 kB
SwapTotal:       1310716 kB
SwapFree:        1008516 kB
Dirty:               348 kB
Writeback:             0 kB
AnonPages:        698524 kB
Mapped:           310508 kB
Shmem:               932 kB
Slab:             120908 kB
SReclaimable:      33048 kB
SUnreclaim:        87860 kB
KernelStack:       33696 kB
PageTables:        54872 kB
NFS_Unstable:          0 kB
Bounce:                0 kB
WritebackTmp:          0 kB
CommitLimit:     2684136 kB
Committed_AS:   136243720 kB
VmallocTotal:   251658176 kB
VmallocUsed:      337308 kB
VmallocChunk:   247561408 kB
Time pass: 194 sec

---2015-10-25 22:02:27
MemTotal:        2746844 kB
MemFree:          124472 kB
Buffers:           81836 kB
Cached:           675632 kB
SwapCached:        10008 kB
Active:           798180 kB
Inactive:         647880 kB
Active(anon):     339728 kB
Inactive(anon):   362264 kB
Active(file):     458452 kB
Inactive(file):   285616 kB
Unevictable:       20976 kB
Mlocked:           13004 kB
SwapTotal:       1310716 kB
SwapFree:        1008516 kB
Dirty:                 0 kB
Writeback:             0 kB
AnonPages:        703336 kB
Mapped:           310916 kB
Shmem:               932 kB
Slab:             120948 kB
SReclaimable:      33048 kB
SUnreclaim:        87900 kB
KernelStack:       33696 kB
PageTables:        54876 kB
NFS_Unstable:          0 kB
Bounce:                0 kB
WritebackTmp:          0 kB
CommitLimit:     2684136 kB
Committed_AS:   136251936 kB
VmallocTotal:   251658176 kB
VmallocUsed:      337884 kB
VmallocChunk:   247561408 kB
Time pass: 198 sec

---2015-10-25 22:02:27
MemTotal:        2746844 kB
MemFree:          122328 kB
Buffers:           81836 kB
Cached:           675640 kB
SwapCached:        10008 kB
Active:           799576 kB
Inactive:         647884 kB
Active(anon):     341120 kB
Inactive(anon):   362264 kB
Active(file):     458456 kB
Inactive(file):   285620 kB
Unevictable:       20976 kB
Mlocked:           13004 kB
SwapTotal:       1310716 kB
SwapFree:        1008516 kB
Dirty:                 0 kB
Writeback:             0 kB
AnonPages:        704512 kB
Mapped:           311848 kB
Shmem:               932 kB
Slab:             120948 kB
SReclaimable:      33048 kB
SUnreclaim:        87900 kB
KernelStack:       33696 kB
PageTables:        54892 kB
NFS_Unstable:          0 kB
Bounce:                0 kB
WritebackTmp:          0 kB
CommitLimit:     2684136 kB
Committed_AS:   136260608 kB
VmallocTotal:   251658176 kB
VmallocUsed:      337884 kB
VmallocChunk:   247561408 kB
Time pass: 201 sec

---2015-10-25 22:02:27
MemTotal:        2746844 kB
MemFree:          110336 kB
Buffers:           81840 kB
Cached:           675832 kB
SwapCached:        10008 kB
Active:           812132 kB
Inactive:         648028 kB
Active(anon):     353664 kB
Inactive(anon):   362420 kB
Active(file):     458468 kB
Inactive(file):   285608 kB
Unevictable:       20976 kB
Mlocked:           13004 kB
SwapTotal:       1310716 kB
SwapFree:        1008524 kB
Dirty:                84 kB
Writeback:             0 kB
AnonPages:        717880 kB
Mapped:           314468 kB
Shmem:              1128 kB
Slab:             120948 kB
SReclaimable:      33048 kB
SUnreclaim:        87900 kB
KernelStack:       34160 kB
PageTables:        55008 kB
NFS_Unstable:          0 kB
Bounce:                0 kB
WritebackTmp:          0 kB
CommitLimit:     2684136 kB
Committed_AS:   136270264 kB
VmallocTotal:   251658176 kB
VmallocUsed:      339964 kB
VmallocChunk:   247561408 kB
Time pass: 205 sec

---2015-10-25 22:02:27
MemTotal:        2746844 kB
MemFree:           87196 kB
Buffers:           81872 kB
Cached:           675936 kB
SwapCached:        10008 kB
Active:           832288 kB
Inactive:         648036 kB
Active(anon):     373656 kB
Inactive(anon):   362496 kB
Active(file):     458632 kB
Inactive(file):   285540 kB
Unevictable:       20976 kB
Mlocked:           13004 kB
SwapTotal:       1310716 kB
SwapFree:        1008524 kB
Dirty:                60 kB
Writeback:             0 kB
AnonPages:        737132 kB
Mapped:           324872 kB
Shmem:              1160 kB
Slab:             121344 kB
SReclaimable:      33048 kB
SUnreclaim:        88296 kB
KernelStack:       35104 kB
PageTables:        56228 kB
NFS_Unstable:          0 kB
Bounce:                0 kB
WritebackTmp:          0 kB
CommitLimit:     2684136 kB
Committed_AS:   139324816 kB
VmallocTotal:   251658176 kB
VmallocUsed:      337908 kB
VmallocChunk:   247561408 kB
Time pass: 209 sec

---2015-10-25 22:02:27
MemTotal:        2746844 kB
MemFree:           88288 kB
Buffers:           81880 kB
Cached:           676332 kB
SwapCached:        10008 kB
Active:           829432 kB
Inactive:         648452 kB
Active(anon):     370820 kB
Inactive(anon):   362556 kB
Active(file):     458612 kB
Inactive(file):   285896 kB
Unevictable:       20976 kB
Mlocked:           13004 kB
SwapTotal:       1310716 kB
SwapFree:        1008524 kB
Dirty:                76 kB
Writeback:             0 kB
AnonPages:        734524 kB
Mapped:           325500 kB
Shmem:              1224 kB
Slab:             121396 kB
SReclaimable:      33048 kB
SUnreclaim:        88348 kB
KernelStack:       35136 kB
PageTables:        56308 kB
NFS_Unstable:          0 kB
Bounce:                0 kB
WritebackTmp:          0 kB
CommitLimit:     2684136 kB
Committed_AS:   139325056 kB
VmallocTotal:   251658176 kB
VmallocUsed:      337908 kB
VmallocChunk:   247561408 kB
Time pass: 213 sec

---2015-10-25 22:02:27
MemTotal:        2746844 kB
MemFree:           86868 kB
Buffers:           81880 kB
Cached:           676388 kB
SwapCached:        10008 kB
Active:           831504 kB
Inactive:         648504 kB
Active(anon):     372892 kB
Inactive(anon):   362556 kB
Active(file):     458612 kB
Inactive(file):   285948 kB
Unevictable:       20976 kB
Mlocked:           13004 kB
SwapTotal:       1310716 kB
SwapFree:        1008524 kB
Dirty:                72 kB
Writeback:             0 kB
AnonPages:        736784 kB
Mapped:           325640 kB
Shmem:              1240 kB
Slab:             121388 kB
SReclaimable:      33048 kB
SUnreclaim:        88340 kB
KernelStack:       35104 kB
PageTables:        56336 kB
NFS_Unstable:          0 kB
Bounce:                0 kB
WritebackTmp:          0 kB
CommitLimit:     2684136 kB
Committed_AS:   139325236 kB
VmallocTotal:   251658176 kB
VmallocUsed:      337908 kB
VmallocChunk:   247561408 kB
Time pass: 217 sec

---2015-10-25 22:02:27
MemTotal:        2746844 kB
MemFree:           87048 kB
Buffers:           81880 kB
Cached:           676408 kB
SwapCached:        10008 kB
Active:           831600 kB
Inactive:         648524 kB
Active(anon):     372988 kB
Inactive(anon):   362576 kB
Active(file):     458612 kB
Inactive(file):   285948 kB
Unevictable:       20976 kB
Mlocked:           13004 kB
SwapTotal:       1310716 kB
SwapFree:        1008524 kB
Dirty:                32 kB
Writeback:             0 kB
AnonPages:        736600 kB
Mapped:           325720 kB
Shmem:              1260 kB
Slab:             121420 kB
SReclaimable:      33048 kB
SUnreclaim:        88372 kB
KernelStack:       35104 kB
PageTables:        56336 kB
NFS_Unstable:          0 kB
Bounce:                0 kB
WritebackTmp:          0 kB
CommitLimit:     2684136 kB
Committed_AS:   139325372 kB
VmallocTotal:   251658176 kB
VmallocUsed:      337908 kB
VmallocChunk:   247561408 kB
Time pass: 220 sec

---2015-10-25 22:02:27
MemTotal:        2746844 kB
MemFree:           94768 kB
Buffers:           81896 kB
Cached:           676412 kB
SwapCached:        10008 kB
Active:           825376 kB
Inactive:         648560 kB
Active(anon):     366764 kB
Inactive(anon):   362596 kB
Active(file):     458612 kB
Inactive(file):   285964 kB
Unevictable:       20976 kB
Mlocked:           13004 kB
SwapTotal:       1310716 kB
SwapFree:        1008524 kB
Dirty:                 8 kB
Writeback:             0 kB
AnonPages:        730180 kB
Mapped:           318664 kB
Shmem:              1264 kB
Slab:             121348 kB
SReclaimable:      33048 kB
SUnreclaim:        88300 kB
KernelStack:       34416 kB
PageTables:        55744 kB
NFS_Unstable:          0 kB
Bounce:                0 kB
WritebackTmp:          0 kB
CommitLimit:     2684136 kB
Committed_AS:   138066452 kB
VmallocTotal:   251658176 kB
VmallocUsed:      336888 kB
VmallocChunk:   247561408 kB
Time pass: 224 sec

---2015-10-25 22:02:27
MemTotal:        2746844 kB
MemFree:           81748 kB
Buffers:           81896 kB
Cached:           676412 kB
SwapCached:        10008 kB
Active:           837096 kB
Inactive:         648540 kB
Active(anon):     378464 kB
Inactive(anon):   362596 kB
Active(file):     458632 kB
Inactive(file):   285944 kB
Unevictable:       20976 kB
Mlocked:           13004 kB
SwapTotal:       1310716 kB
SwapFree:        1008524 kB
Dirty:                92 kB
Writeback:             0 kB
AnonPages:        742520 kB
Mapped:           325548 kB
Shmem:              1264 kB
Slab:             121420 kB
SReclaimable:      33048 kB
SUnreclaim:        88372 kB
KernelStack:       35072 kB
PageTables:        56272 kB
NFS_Unstable:          0 kB
Bounce:                0 kB
WritebackTmp:          0 kB
CommitLimit:     2684136 kB
Committed_AS:   139329144 kB
VmallocTotal:   251658176 kB
VmallocUsed:      337908 kB
VmallocChunk:   247561408 kB
Time pass: 228 sec

---2015-10-25 22:02:27
MemTotal:        2746844 kB
MemFree:           79944 kB
Buffers:           81896 kB
Cached:           676568 kB
SwapCached:        10008 kB
Active:           837760 kB
Inactive:         648696 kB
Active(anon):     379128 kB
Inactive(anon):   362752 kB
Active(file):     458632 kB
Inactive(file):   285944 kB
Unevictable:       20976 kB
Mlocked:           13004 kB
SwapTotal:       1310716 kB
SwapFree:        1008524 kB
Dirty:                24 kB
Writeback:             0 kB
AnonPages:        743080 kB
Mapped:           325756 kB
Shmem:              1420 kB
Slab:             121452 kB
SReclaimable:      33048 kB
SUnreclaim:        88404 kB
KernelStack:       35072 kB
PageTables:        56276 kB
NFS_Unstable:          0 kB
Bounce:                0 kB
WritebackTmp:          0 kB
CommitLimit:     2684136 kB
Committed_AS:   139329188 kB
VmallocTotal:   251658176 kB
VmallocUsed:      337908 kB
VmallocChunk:   247561408 kB
Time pass: 231 sec

---2015-10-25 22:02:27
MemTotal:        2746844 kB
MemFree:           78608 kB
Buffers:           81896 kB
Cached:           676568 kB
SwapCached:        10008 kB
Active:           838524 kB
Inactive:         648700 kB
Active(anon):     379896 kB
Inactive(anon):   362752 kB
Active(file):     458628 kB
Inactive(file):   285948 kB
Unevictable:       20976 kB
Mlocked:           13004 kB
SwapTotal:       1310716 kB
SwapFree:        1008524 kB
Dirty:                40 kB
Writeback:             0 kB
AnonPages:        743680 kB
Mapped:           325788 kB
Shmem:              1420 kB
Slab:             121480 kB
SReclaimable:      33048 kB
SUnreclaim:        88432 kB
KernelStack:       35104 kB
PageTables:        56344 kB
NFS_Unstable:          0 kB
Bounce:                0 kB
WritebackTmp:          0 kB
CommitLimit:     2684136 kB
Committed_AS:   139329232 kB
VmallocTotal:   251658176 kB
VmallocUsed:      337908 kB
VmallocChunk:   247561408 kB
Time pass: 235 sec

---2015-10-25 22:02:27
MemTotal:        2746844 kB
MemFree:           76644 kB
Buffers:           81896 kB
Cached:           676568 kB
SwapCached:        10008 kB
Active:           840240 kB
Inactive:         648700 kB
Active(anon):     381612 kB
Inactive(anon):   362752 kB
Active(file):     458628 kB
Inactive(file):   285948 kB
Unevictable:       20976 kB
Mlocked:           13004 kB
SwapTotal:       1310716 kB
SwapFree:        1008524 kB
Dirty:                 0 kB
Writeback:             0 kB
AnonPages:        745128 kB
Mapped:           325900 kB
Shmem:              1420 kB
Slab:             121492 kB
SReclaimable:      33048 kB
SUnreclaim:        88444 kB
KernelStack:       35072 kB
PageTables:        56352 kB
NFS_Unstable:          0 kB
Bounce:                0 kB
WritebackTmp:          0 kB
CommitLimit:     2684136 kB
Committed_AS:   139329480 kB
VmallocTotal:   251658176 kB
VmallocUsed:      337908 kB
VmallocChunk:   247561408 kB
Time pass: 238 sec

---2015-10-25 22:02:27
MemTotal:        2746844 kB
MemFree:           84788 kB
Buffers:           81900 kB
Cached:           676568 kB
SwapCached:        10008 kB
Active:           833216 kB
Inactive:         648692 kB
Active(anon):     374576 kB
Inactive(anon):   362752 kB
Active(file):     458640 kB
Inactive(file):   285940 kB
Unevictable:       20976 kB
Mlocked:           13004 kB
SwapTotal:       1310716 kB
SwapFree:        1008524 kB
Dirty:                60 kB
Writeback:             0 kB
AnonPages:        738292 kB
Mapped:           318748 kB
Shmem:              1420 kB
Slab:             121444 kB
SReclaimable:      33048 kB
SUnreclaim:        88396 kB
KernelStack:       34352 kB
PageTables:        55728 kB
NFS_Unstable:          0 kB
Bounce:                0 kB
WritebackTmp:          0 kB
CommitLimit:     2684136 kB
Committed_AS:   138066268 kB
VmallocTotal:   251658176 kB
VmallocUsed:      336888 kB
VmallocChunk:   247561408 kB
Time pass: 242 sec

---2015-10-25 22:02:27
MemTotal:        2746844 kB
MemFree:           73728 kB
Buffers:           81900 kB
Cached:           676600 kB
SwapCached:        10008 kB
Active:           844060 kB
Inactive:         648712 kB
Active(anon):     385412 kB
Inactive(anon):   362780 kB
Active(file):     458648 kB
Inactive(file):   285932 kB
Unevictable:       20976 kB
Mlocked:           13004 kB
SwapTotal:       1310716 kB
SwapFree:        1008524 kB
Dirty:                76 kB
Writeback:             0 kB
AnonPages:        749164 kB
Mapped:           325020 kB
Shmem:              1452 kB
Slab:             121492 kB
SReclaimable:      33048 kB
SUnreclaim:        88444 kB
KernelStack:       34832 kB
PageTables:        56240 kB
NFS_Unstable:          0 kB
Bounce:                0 kB
WritebackTmp:          0 kB
CommitLimit:     2684136 kB
Committed_AS:   139332680 kB
VmallocTotal:   251658176 kB
VmallocUsed:      337908 kB
VmallocChunk:   247561408 kB
Time pass: 245 sec

---2015-10-25 22:02:27
MemTotal:        2746844 kB
MemFree:           71632 kB
Buffers:           81900 kB
Cached:           676600 kB
SwapCached:        10008 kB
Active:           845644 kB
Inactive:         648720 kB
Active(anon):     387004 kB
Inactive(anon):   362780 kB
Active(file):     458640 kB
Inactive(file):   285940 kB
Unevictable:       20976 kB
Mlocked:           13004 kB
SwapTotal:       1310716 kB
SwapFree:        1008524 kB
Dirty:               108 kB
Writeback:             0 kB
AnonPages:        750928 kB
Mapped:           325776 kB
Shmem:              1452 kB
Slab:             121516 kB
SReclaimable:      33048 kB
SUnreclaim:        88468 kB
KernelStack:       35024 kB
PageTables:        56356 kB
NFS_Unstable:          0 kB
Bounce:                0 kB
WritebackTmp:          0 kB
CommitLimit:     2684136 kB
Committed_AS:   139333144 kB
VmallocTotal:   251658176 kB
VmallocUsed:      337908 kB
VmallocChunk:   247561408 kB
Time pass: 249 sec

---2015-10-25 22:02:27
MemTotal:        2746844 kB
MemFree:           70696 kB
Buffers:           81904 kB
Cached:           676596 kB
SwapCached:        10008 kB
Active:           846220 kB
Inactive:         648720 kB
Active(anon):     387580 kB
Inactive(anon):   362780 kB
Active(file):     458640 kB
Inactive(file):   285940 kB
Unevictable:       20976 kB
Mlocked:           13004 kB
SwapTotal:       1310716 kB
SwapFree:        1008524 kB
Dirty:                28 kB
Writeback:             0 kB
AnonPages:        751456 kB
Mapped:           325864 kB
Shmem:              1452 kB
Slab:             121528 kB
SReclaimable:      33048 kB
SUnreclaim:        88480 kB
KernelStack:       35024 kB
PageTables:        56352 kB
NFS_Unstable:          0 kB
Bounce:                0 kB
WritebackTmp:          0 kB
CommitLimit:     2684136 kB
Committed_AS:   139333176 kB
VmallocTotal:   251658176 kB
VmallocUsed:      337908 kB
VmallocChunk:   247561408 kB
Time pass: 253 sec

---2015-10-25 22:02:27
MemTotal:        2746844 kB
MemFree:           69352 kB
Buffers:           81904 kB
Cached:           676600 kB
SwapCached:        10008 kB
Active:           847588 kB
Inactive:         648720 kB
Active(anon):     388944 kB
Inactive(anon):   362780 kB
Active(file):     458644 kB
Inactive(file):   285940 kB
Unevictable:       20976 kB
Mlocked:           13004 kB
SwapTotal:       1310716 kB
SwapFree:        1008524 kB
Dirty:                28 kB
Writeback:             0 kB
AnonPages:        752572 kB
Mapped:           326004 kB
Shmem:              1452 kB
Slab:             121540 kB
SReclaimable:      33048 kB
SUnreclaim:        88492 kB
KernelStack:       35024 kB
PageTables:        56380 kB
NFS_Unstable:          0 kB
Bounce:                0 kB
WritebackTmp:          0 kB
CommitLimit:     2684136 kB
Committed_AS:   139333392 kB
VmallocTotal:   251658176 kB
VmallocUsed:      337908 kB
VmallocChunk:   247561408 kB
Time pass: 256 sec

---2015-10-25 22:02:27
MemTotal:        2746844 kB
MemFree:           73268 kB
Buffers:           81904 kB
Cached:           676600 kB
SwapCached:        10008 kB
Active:           843596 kB
Inactive:         648708 kB
Active(anon):     384940 kB
Inactive(anon):   362780 kB
Active(file):     458656 kB
Inactive(file):   285928 kB
Unevictable:       20976 kB
Mlocked:           13004 kB
SwapTotal:       1310716 kB
SwapFree:        1008524 kB
Dirty:                 0 kB
Writeback:             0 kB
AnonPages:        748512 kB
Mapped:           325852 kB
Shmem:              1452 kB
Slab:             121564 kB
SReclaimable:      33048 kB
SUnreclaim:        88516 kB
KernelStack:       35072 kB
PageTables:        56336 kB
NFS_Unstable:          0 kB
Bounce:                0 kB
WritebackTmp:          0 kB
CommitLimit:     2684136 kB
Committed_AS:   139331964 kB
VmallocTotal:   251658176 kB
VmallocUsed:      337908 kB
VmallocChunk:   247561408 kB
Time pass: 260 sec

---2015-10-25 22:02:27
MemTotal:        2746844 kB
MemFree:           83316 kB
Buffers:           81908 kB
Cached:           676600 kB
SwapCached:        10008 kB
Active:           834336 kB
Inactive:         648700 kB
Active(anon):     375676 kB
Inactive(anon):   362772 kB
Active(file):     458660 kB
Inactive(file):   285928 kB
Unevictable:       20976 kB
Mlocked:           13004 kB
SwapTotal:       1310716 kB
SwapFree:        1008524 kB
Dirty:                48 kB
Writeback:             0 kB
AnonPages:        739308 kB
Mapped:           318976 kB
Shmem:              1452 kB
Slab:             121556 kB
SReclaimable:      33048 kB
SUnreclaim:        88508 kB
KernelStack:       34368 kB
PageTables:        55756 kB
NFS_Unstable:          0 kB
Bounce:                0 kB
WritebackTmp:          0 kB
CommitLimit:     2684136 kB
Committed_AS:   138068736 kB
VmallocTotal:   251658176 kB
VmallocUsed:      336888 kB
VmallocChunk:   247561408 kB
Time pass: 264 sec

---2015-10-25 22:02:27
MemTotal:        2746844 kB
MemFree:           82864 kB
Buffers:           81928 kB
Cached:           676572 kB
SwapCached:        10008 kB
Active:           834828 kB
Inactive:         648712 kB
Active(anon):     376176 kB
Inactive(anon):   362780 kB
Active(file):     458652 kB
Inactive(file):   285932 kB
Unevictable:       20976 kB
Mlocked:           13004 kB
SwapTotal:       1310716 kB
SwapFree:        1008524 kB
Dirty:                 4 kB
Writeback:             0 kB
AnonPages:        739996 kB
Mapped:           325920 kB
Shmem:              1452 kB
Slab:             121604 kB
SReclaimable:      33048 kB
SUnreclaim:        88556 kB
KernelStack:       35056 kB
PageTables:        56340 kB
NFS_Unstable:          0 kB
Bounce:                0 kB
WritebackTmp:          0 kB
CommitLimit:     2684136 kB
Committed_AS:   139331576 kB
VmallocTotal:   251658176 kB
VmallocUsed:      337908 kB
VmallocChunk:   247561408 kB
Time pass: 267 sec

---2015-10-25 22:02:27
MemTotal:        2746844 kB
MemFree:           82352 kB
Buffers:           81928 kB
Cached:           676576 kB
SwapCached:        10008 kB
Active:           835024 kB
Inactive:         648716 kB
Active(anon):     376368 kB
Inactive(anon):   362780 kB
Active(file):     458656 kB
Inactive(file):   285936 kB
Unevictable:       20976 kB
Mlocked:           13004 kB
SwapTotal:       1310716 kB
SwapFree:        1008524 kB
Dirty:                 0 kB
Writeback:             0 kB
AnonPages:        739944 kB
Mapped:           326040 kB
Shmem:              1456 kB
Slab:             121628 kB
SReclaimable:      33048 kB
SUnreclaim:        88580 kB
KernelStack:       35072 kB
PageTables:        56376 kB
NFS_Unstable:          0 kB
Bounce:                0 kB
WritebackTmp:          0 kB
CommitLimit:     2684136 kB
Committed_AS:   139331536 kB
VmallocTotal:   251658176 kB
VmallocUsed:      337908 kB
VmallocChunk:   247561408 kB
Time pass: 271 sec

---2015-10-25 22:02:27
MemTotal:        2746844 kB
MemFree:           81796 kB
Buffers:           81940 kB
Cached:           676576 kB
SwapCached:        10008 kB
Active:           835576 kB
Inactive:         648728 kB
Active(anon):     376920 kB
Inactive(anon):   362780 kB
Active(file):     458656 kB
Inactive(file):   285948 kB
Unevictable:       20976 kB
Mlocked:           13004 kB
SwapTotal:       1310716 kB
SwapFree:        1008524 kB
Dirty:                56 kB
Writeback:             0 kB
AnonPages:        740452 kB
Mapped:           326044 kB
Shmem:              1456 kB
Slab:             121632 kB
SReclaimable:      33048 kB
SUnreclaim:        88584 kB
KernelStack:       35040 kB
PageTables:        56380 kB
NFS_Unstable:          0 kB
Bounce:                0 kB
WritebackTmp:          0 kB
CommitLimit:     2684136 kB
Committed_AS:   139331624 kB
VmallocTotal:   251658176 kB
VmallocUsed:      337908 kB
VmallocChunk:   247561408 kB
Time pass: 274 sec

---2015-10-25 22:02:27
MemTotal:        2746844 kB
MemFree:           81212 kB
Buffers:           81944 kB
Cached:           676596 kB
SwapCached:        10008 kB
Active:           835732 kB
Inactive:         648740 kB
Active(anon):     377068 kB
Inactive(anon):   362780 kB
Active(file):     458664 kB
Inactive(file):   285960 kB
Unevictable:       20976 kB
Mlocked:           13004 kB
SwapTotal:       1310716 kB
SwapFree:        1008524 kB
Dirty:                 0 kB
Writeback:             0 kB
AnonPages:        740672 kB
Mapped:           326048 kB
Shmem:              1452 kB
Slab:             121712 kB
SReclaimable:      33048 kB
SUnreclaim:        88664 kB
KernelStack:       35040 kB
PageTables:        56340 kB
NFS_Unstable:          0 kB
Bounce:                0 kB
WritebackTmp:          0 kB
CommitLimit:     2684136 kB
Committed_AS:   139331888 kB
VmallocTotal:   251658176 kB
VmallocUsed:      337908 kB
VmallocChunk:   247561408 kB
Time pass: 278 sec

---2015-10-25 22:02:27
MemTotal:        2746844 kB
MemFree:           90128 kB
Buffers:           81944 kB
Cached:           676600 kB
SwapCached:        10008 kB
Active:           828208 kB
Inactive:         648740 kB
Active(anon):     369540 kB
Inactive(anon):   362780 kB
Active(file):     458668 kB
Inactive(file):   285960 kB
Unevictable:       20976 kB
Mlocked:           13004 kB
SwapTotal:       1310716 kB
SwapFree:        1008524 kB
Dirty:                40 kB
Writeback:             0 kB
AnonPages:        733108 kB
Mapped:           318976 kB
Shmem:              1452 kB
Slab:             121688 kB
SReclaimable:      33048 kB
SUnreclaim:        88640 kB
KernelStack:       34368 kB
PageTables:        55756 kB
NFS_Unstable:          0 kB
Bounce:                0 kB
WritebackTmp:          0 kB
CommitLimit:     2684136 kB
Committed_AS:   138068780 kB
VmallocTotal:   251658176 kB
VmallocUsed:      336888 kB
VmallocChunk:   247561408 kB
Time pass: 282 sec

---2015-10-25 22:02:27
MemTotal:        2746844 kB
MemFree:           80100 kB
Buffers:           81944 kB
Cached:           676600 kB
SwapCached:        10008 kB
Active:           838664 kB
Inactive:         648720 kB
Active(anon):     379980 kB
Inactive(anon):   362780 kB
Active(file):     458684 kB
Inactive(file):   285940 kB
Unevictable:       20976 kB
Mlocked:           13004 kB
SwapTotal:       1310716 kB
SwapFree:        1008524 kB
Dirty:                84 kB
Writeback:             0 kB
AnonPages:        744168 kB
Mapped:           326132 kB
Shmem:              1452 kB
Slab:             121684 kB
SReclaimable:      33048 kB
SUnreclaim:        88636 kB
KernelStack:       35024 kB
PageTables:        56320 kB
NFS_Unstable:          0 kB
Bounce:                0 kB
WritebackTmp:          0 kB
CommitLimit:     2684136 kB
Committed_AS:   139331516 kB
VmallocTotal:   251658176 kB
VmallocUsed:      337908 kB
VmallocChunk:   247561408 kB
Time pass: 285 sec

---2015-10-25 22:02:27
MemTotal:        2746844 kB
MemFree:           78632 kB
Buffers:           81944 kB
Cached:           676600 kB
SwapCached:        10008 kB
Active:           839220 kB
Inactive:         648720 kB
Active(anon):     380536 kB
Inactive(anon):   362780 kB
Active(file):     458684 kB
Inactive(file):   285940 kB
Unevictable:       20976 kB
Mlocked:           13004 kB
SwapTotal:       1310716 kB
SwapFree:        1008524 kB
Dirty:                 0 kB
Writeback:             0 kB
AnonPages:        744416 kB
Mapped:           326216 kB
Shmem:              1452 kB
Slab:             121728 kB
SReclaimable:      33048 kB
SUnreclaim:        88680 kB
KernelStack:       35024 kB
PageTables:        56348 kB
NFS_Unstable:          0 kB
Bounce:                0 kB
WritebackTmp:          0 kB
CommitLimit:     2684136 kB
Committed_AS:   139331564 kB
VmallocTotal:   251658176 kB
VmallocUsed:      337908 kB
VmallocChunk:   247561408 kB
Time pass: 289 sec

---2015-10-25 22:02:27
MemTotal:        2746844 kB
MemFree:           77768 kB
Buffers:           81948 kB
Cached:           676596 kB
SwapCached:        10008 kB
Active:           839956 kB
Inactive:         648728 kB
Active(anon):     381280 kB
Inactive(anon):   362780 kB
Active(file):     458676 kB
Inactive(file):   285948 kB
Unevictable:       20976 kB
Mlocked:           13004 kB
SwapTotal:       1310716 kB
SwapFree:        1008524 kB
Dirty:                28 kB
Writeback:             0 kB
AnonPages:        744692 kB
Mapped:           326068 kB
Shmem:              1452 kB
Slab:             121708 kB
SReclaimable:      33048 kB
SUnreclaim:        88660 kB
KernelStack:       35056 kB
PageTables:        56380 kB
NFS_Unstable:          0 kB
Bounce:                0 kB
WritebackTmp:          0 kB
CommitLimit:     2684136 kB
Committed_AS:   139331600 kB
VmallocTotal:   251658176 kB
VmallocUsed:      337908 kB
VmallocChunk:   247561408 kB
Time pass: 293 sec

---2015-10-25 22:02:27
MemTotal:        2746844 kB
MemFree:           76380 kB
Buffers:           81948 kB
Cached:           676600 kB
SwapCached:        10008 kB
Active:           841064 kB
Inactive:         648732 kB
Active(anon):     382384 kB
Inactive(anon):   362780 kB
Active(file):     458680 kB
Inactive(file):   285952 kB
Unevictable:       20976 kB
Mlocked:           13004 kB
SwapTotal:       1310716 kB
SwapFree:        1008524 kB
Dirty:                 0 kB
Writeback:             0 kB
AnonPages:        745928 kB
Mapped:           326044 kB
Shmem:              1452 kB
Slab:             121708 kB
SReclaimable:      33048 kB
SUnreclaim:        88660 kB
KernelStack:       35072 kB
PageTables:        56352 kB
NFS_Unstable:          0 kB
Bounce:                0 kB
WritebackTmp:          0 kB
CommitLimit:     2684136 kB
Committed_AS:   139332312 kB
VmallocTotal:   251658176 kB
VmallocUsed:      337908 kB
VmallocChunk:   247561408 kB
Time pass: 297 sec

---2015-10-25 22:02:27
MemTotal:        2746844 kB
MemFree:           85252 kB
Buffers:           81948 kB
Cached:           676600 kB
SwapCached:        10008 kB
Active:           834244 kB
Inactive:         648720 kB
Active(anon):     375556 kB
Inactive(anon):   362780 kB
Active(file):     458688 kB
Inactive(file):   285940 kB
Unevictable:       20976 kB
Mlocked:           13004 kB
SwapTotal:       1310716 kB
SwapFree:        1008524 kB
Dirty:                56 kB
Writeback:             0 kB
AnonPages:        739008 kB
Mapped:           318980 kB
Shmem:              1452 kB
Slab:             121576 kB
SReclaimable:      33048 kB
SUnreclaim:        88528 kB
KernelStack:       34352 kB
PageTables:        55760 kB
NFS_Unstable:          0 kB
Bounce:                0 kB
WritebackTmp:          0 kB
CommitLimit:     2684136 kB
Committed_AS:   138069220 kB
VmallocTotal:   251658176 kB
VmallocUsed:      336888 kB
VmallocChunk:   247561408 kB
Time pass: 301 sec

---2015-10-25 22:02:27
MemTotal:        2746844 kB
MemFree:           75192 kB
Buffers:           81948 kB
Cached:           676624 kB
SwapCached:        10008 kB
Active:           843444 kB
Inactive:         648740 kB
Active(anon):     384748 kB
Inactive(anon):   362804 kB
Active(file):     458696 kB
Inactive(file):   285936 kB
Unevictable:       20976 kB
Mlocked:           13004 kB
SwapTotal:       1310716 kB
SwapFree:        1008524 kB
Dirty:                72 kB
Writeback:             0 kB
AnonPages:        748556 kB
Mapped:           325744 kB
Shmem:              1476 kB
Slab:             121564 kB
SReclaimable:      33048 kB
SUnreclaim:        88516 kB
KernelStack:       34992 kB
PageTables:        56348 kB
NFS_Unstable:          0 kB
Bounce:                0 kB
WritebackTmp:          0 kB
CommitLimit:     2684136 kB
Committed_AS:   139334952 kB
VmallocTotal:   251658176 kB
VmallocUsed:      337908 kB
VmallocChunk:   247561408 kB
Time pass: 305 sec

---2015-10-25 22:02:27
MemTotal:        2746844 kB
MemFree:           79268 kB
Buffers:           81968 kB
Cached:           676604 kB
SwapCached:        10008 kB
Active:           839532 kB
Inactive:         648740 kB
Active(anon):     380836 kB
Inactive(anon):   362804 kB
Active(file):     458696 kB
Inactive(file):   285936 kB
Unevictable:       20976 kB
Mlocked:           13004 kB
SwapTotal:       1310716 kB
SwapFree:        1008524 kB
Dirty:                 0 kB
Writeback:             0 kB
AnonPages:        744512 kB
Mapped:           325912 kB
Shmem:              1476 kB
Slab:             121564 kB
SReclaimable:      33048 kB
SUnreclaim:        88516 kB
KernelStack:       35024 kB
PageTables:        56320 kB
NFS_Unstable:          0 kB
Bounce:                0 kB
WritebackTmp:          0 kB
CommitLimit:     2684136 kB
Committed_AS:   139335060 kB
VmallocTotal:   251658176 kB
VmallocUsed:      337908 kB
VmallocChunk:   247561408 kB
Time pass: 309 sec

---2015-10-25 22:02:27
MemTotal:        2746844 kB
MemFree:           77896 kB
Buffers:           81968 kB
Cached:           676624 kB
SwapCached:        10008 kB
Active:           840056 kB
Inactive:         648772 kB
Active(anon):     381372 kB
Inactive(anon):   362804 kB
Active(file):     458684 kB
Inactive(file):   285968 kB
Unevictable:       20976 kB
Mlocked:           13004 kB
SwapTotal:       1310716 kB
SwapFree:        1008524 kB
Dirty:                84 kB
Writeback:             0 kB
AnonPages:        744852 kB
Mapped:           325860 kB
Shmem:              1476 kB
Slab:             121564 kB
SReclaimable:      33048 kB
SUnreclaim:        88516 kB
KernelStack:       35056 kB
PageTables:        56376 kB
NFS_Unstable:          0 kB
Bounce:                0 kB
WritebackTmp:          0 kB
CommitLimit:     2684136 kB
Committed_AS:   139335072 kB
VmallocTotal:   251658176 kB
VmallocUsed:      337908 kB
VmallocChunk:   247561408 kB
Time pass: 312 sec

---2015-10-25 22:02:27
MemTotal:        2746844 kB
MemFree:           78068 kB
Buffers:           81972 kB
Cached:           676624 kB
SwapCached:        10008 kB
Active:           840544 kB
Inactive:         648764 kB
Active(anon):     381852 kB
Inactive(anon):   362804 kB
Active(file):     458692 kB
Inactive(file):   285960 kB
Unevictable:       20976 kB
Mlocked:           13004 kB
SwapTotal:       1310716 kB
SwapFree:        1008524 kB
Dirty:                28 kB
Writeback:             0 kB
AnonPages:        745612 kB
Mapped:           326176 kB
Shmem:              1476 kB
Slab:             121520 kB
SReclaimable:      33048 kB
SUnreclaim:        88472 kB
KernelStack:       35024 kB
PageTables:        56384 kB
NFS_Unstable:          0 kB
Bounce:                0 kB
WritebackTmp:          0 kB
CommitLimit:     2684136 kB
Committed_AS:   139335456 kB
VmallocTotal:   251658176 kB
VmallocUsed:      337908 kB
VmallocChunk:   247561408 kB
Time pass: 316 sec

---2015-10-25 22:02:27
MemTotal:        2746844 kB
MemFree:           85760 kB
Buffers:           81972 kB
Cached:           676624 kB
SwapCached:        10008 kB
Active:           832368 kB
Inactive:         648764 kB
Active(anon):     373676 kB
Inactive(anon):   362804 kB
Active(file):     458692 kB
Inactive(file):   285960 kB
Unevictable:       20976 kB
Mlocked:           13004 kB
SwapTotal:       1310716 kB
SwapFree:        1008524 kB
Dirty:                44 kB
Writeback:             0 kB
AnonPages:        737476 kB
Mapped:           319028 kB
Shmem:              1476 kB
Slab:             121512 kB
SReclaimable:      33048 kB
SUnreclaim:        88464 kB
KernelStack:       34400 kB
PageTables:        55768 kB
NFS_Unstable:          0 kB
Bounce:                0 kB
WritebackTmp:          0 kB
CommitLimit:     2684136 kB
Committed_AS:   138072440 kB
VmallocTotal:   251658176 kB
VmallocUsed:      336888 kB
VmallocChunk:   247561408 kB
Time pass: 320 sec

---2015-10-25 22:02:27
MemTotal:        2746844 kB
MemFree:           77508 kB
Buffers:           81972 kB
Cached:           676624 kB
SwapCached:        10008 kB
Active:           842108 kB
Inactive:         648756 kB
Active(anon):     383404 kB
Inactive(anon):   362804 kB
Active(file):     458704 kB
Inactive(file):   285952 kB
Unevictable:       20976 kB
Mlocked:           13004 kB
SwapTotal:       1310716 kB
SwapFree:        1008524 kB
Dirty:                60 kB
Writeback:             0 kB
AnonPages:        747444 kB
Mapped:           325876 kB
Shmem:              1476 kB
Slab:             121520 kB
SReclaimable:      33048 kB
SUnreclaim:        88472 kB
KernelStack:       35008 kB
PageTables:        56324 kB
NFS_Unstable:          0 kB
Bounce:                0 kB
WritebackTmp:          0 kB
CommitLimit:     2684136 kB
Committed_AS:   139334908 kB
VmallocTotal:   251658176 kB
VmallocUsed:      337908 kB
VmallocChunk:   247561408 kB
Time pass: 324 sec

---2015-10-25 22:02:27
MemTotal:        2746844 kB
MemFree:           74708 kB
Buffers:           81988 kB
Cached:           676628 kB
SwapCached:        10008 kB
Active:           842880 kB
Inactive:         648768 kB
Active(anon):     384180 kB
Inactive(anon):   362804 kB
Active(file):     458700 kB
Inactive(file):   285964 kB
Unevictable:       20976 kB
Mlocked:           13004 kB
SwapTotal:       1310716 kB
SwapFree:        1008524 kB
Dirty:               100 kB
Writeback:             0 kB
AnonPages:        747964 kB
Mapped:           326024 kB
Shmem:              1480 kB
Slab:             121564 kB
SReclaimable:      33048 kB
SUnreclaim:        88516 kB
KernelStack:       35056 kB
PageTables:        56356 kB
NFS_Unstable:          0 kB
Bounce:                0 kB
WritebackTmp:          0 kB
CommitLimit:     2684136 kB
Committed_AS:   139335160 kB
VmallocTotal:   251658176 kB
VmallocUsed:      337908 kB
VmallocChunk:   247561408 kB
Time pass: 327 sec

---2015-10-25 22:02:27
MemTotal:        2746844 kB
MemFree:           74292 kB
Buffers:           81992 kB
Cached:           676628 kB
SwapCached:        10008 kB
Active:           842648 kB
Inactive:         648768 kB
Active(anon):     383940 kB
Inactive(anon):   362804 kB
Active(file):     458708 kB
Inactive(file):   285964 kB
Unevictable:       20976 kB
Mlocked:           13004 kB
SwapTotal:       1310716 kB
SwapFree:        1008524 kB
Dirty:                72 kB
Writeback:             0 kB
AnonPages:        747628 kB
Mapped:           326124 kB
Shmem:              1480 kB
Slab:             121588 kB
SReclaimable:      33048 kB
SUnreclaim:        88540 kB
KernelStack:       35056 kB
PageTables:        56392 kB
NFS_Unstable:          0 kB
Bounce:                0 kB
WritebackTmp:          0 kB
CommitLimit:     2684136 kB
Committed_AS:   139335112 kB
VmallocTotal:   251658176 kB
VmallocUsed:      337908 kB
VmallocChunk:   247561408 kB
Time pass: 331 sec

---2015-10-25 22:02:27
MemTotal:        2746844 kB
MemFree:           76372 kB
Buffers:           81992 kB
Cached:           676624 kB
SwapCached:        10008 kB
Active:           840036 kB
Inactive:         648768 kB
Active(anon):     381328 kB
Inactive(anon):   362804 kB
Active(file):     458708 kB
Inactive(file):   285964 kB
Unevictable:       20976 kB
Mlocked:           13004 kB
SwapTotal:       1310716 kB
SwapFree:        1008524 kB
Dirty:                72 kB
Writeback:             0 kB
AnonPages:        745060 kB
Mapped:           326092 kB
Shmem:              1476 kB
Slab:             121624 kB
SReclaimable:      33048 kB
SUnreclaim:        88576 kB
KernelStack:       35056 kB
PageTables:        56352 kB
NFS_Unstable:          0 kB
Bounce:                0 kB
WritebackTmp:          0 kB
CommitLimit:     2684136 kB
Committed_AS:   139335336 kB
VmallocTotal:   251658176 kB
VmallocUsed:      337908 kB
VmallocChunk:   247561408 kB
Time pass: 334 sec

---2015-10-25 22:02:27
MemTotal:        2746844 kB
MemFree:           85884 kB
Buffers:           81992 kB
Cached:           676624 kB
SwapCached:        10008 kB
Active:           832688 kB
Inactive:         648764 kB
Active(anon):     373980 kB
Inactive(anon):   362804 kB
Active(file):     458708 kB
Inactive(file):   285960 kB
Unevictable:       20976 kB
Mlocked:           13004 kB
SwapTotal:       1310716 kB
SwapFree:        1008524 kB
Dirty:                32 kB
Writeback:             0 kB
AnonPages:        737456 kB
Mapped:           319248 kB
Shmem:              1476 kB
Slab:             121640 kB
SReclaimable:      33048 kB
SUnreclaim:        88592 kB
KernelStack:       35056 kB
PageTables:        55796 kB
NFS_Unstable:          0 kB
Bounce:                0 kB
WritebackTmp:          0 kB
CommitLimit:     2684136 kB
Committed_AS:   138072360 kB
VmallocTotal:   251658176 kB
VmallocUsed:      336888 kB
VmallocChunk:   247561408 kB
Time pass: 338 sec

---2015-10-25 22:02:27
MemTotal:        2746844 kB
MemFree:           81684 kB
Buffers:           81992 kB
Cached:           676624 kB
SwapCached:        10008 kB
Active:           836988 kB
Inactive:         648768 kB
Active(anon):     378280 kB
Inactive(anon):   362804 kB
Active(file):     458708 kB
Inactive(file):   285964 kB
Unevictable:       20976 kB
Mlocked:           13004 kB
SwapTotal:       1310716 kB
SwapFree:        1008524 kB
Dirty:                 0 kB
Writeback:             0 kB
AnonPages:        742424 kB
Mapped:           323908 kB
Shmem:              1476 kB
Slab:             121572 kB
SReclaimable:      33048 kB
SUnreclaim:        88524 kB
KernelStack:       34352 kB
PageTables:        56056 kB
NFS_Unstable:          0 kB
Bounce:                0 kB
WritebackTmp:          0 kB
CommitLimit:     2684136 kB
Committed_AS:   139325228 kB
VmallocTotal:   251658176 kB
VmallocUsed:      337908 kB
VmallocChunk:   247561408 kB
Time pass: 341 sec

---2015-10-25 22:02:27
MemTotal:        2746844 kB
MemFree:           74500 kB
Buffers:           82000 kB
Cached:           676620 kB
SwapCached:        10008 kB
Active:           844160 kB
Inactive:         648764 kB
Active(anon):     385440 kB
Inactive(anon):   362804 kB
Active(file):     458720 kB
Inactive(file):   285960 kB
Unevictable:       20976 kB
Mlocked:           13004 kB
SwapTotal:       1310716 kB
SwapFree:        1008524 kB
Dirty:                80 kB
Writeback:             0 kB
AnonPages:        749320 kB
Mapped:           326172 kB
Shmem:              1476 kB
Slab:             121628 kB
SReclaimable:      33048 kB
SUnreclaim:        88580 kB
KernelStack:       35040 kB
PageTables:        56348 kB
NFS_Unstable:          0 kB
Bounce:                0 kB
WritebackTmp:          0 kB
CommitLimit:     2684136 kB
Committed_AS:   139335124 kB
VmallocTotal:   251658176 kB
VmallocUsed:      337908 kB
VmallocChunk:   247561408 kB
Time pass: 345 sec

---2015-10-25 22:02:27
MemTotal:        2746844 kB
MemFree:           74248 kB
Buffers:           82000 kB
Cached:           676624 kB
SwapCached:        10008 kB
Active:           844124 kB
Inactive:         648772 kB
Active(anon):     385408 kB
Inactive(anon):   362804 kB
Active(file):     458716 kB
Inactive(file):   285968 kB
Unevictable:       20976 kB
Mlocked:           13004 kB
SwapTotal:       1310716 kB
SwapFree:        1008524 kB
Dirty:                 0 kB
Writeback:             0 kB
AnonPages:        749160 kB
Mapped:           326008 kB
Shmem:              1476 kB
Slab:             121628 kB
SReclaimable:      33048 kB
SUnreclaim:        88580 kB
KernelStack:       35072 kB
PageTables:        56384 kB
NFS_Unstable:          0 kB
Bounce:                0 kB
WritebackTmp:          0 kB
CommitLimit:     2684136 kB
Committed_AS:   139335132 kB
VmallocTotal:   251658176 kB
VmallocUsed:      337908 kB
VmallocChunk:   247561408 kB
Time pass: 349 sec

---2015-10-25 22:02:27
MemTotal:        2746844 kB
MemFree:           73700 kB
Buffers:           82008 kB
Cached:           676624 kB
SwapCached:        10008 kB
Active:           845288 kB
Inactive:         648764 kB
Active(anon):     386568 kB
Inactive(anon):   362804 kB
Active(file):     458720 kB
Inactive(file):   285960 kB
Unevictable:       20976 kB
Mlocked:           13004 kB
SwapTotal:       1310716 kB
SwapFree:        1008524 kB
Dirty:                44 kB
Writeback:             0 kB
AnonPages:        750212 kB
Mapped:           326092 kB
Shmem:              1476 kB
Slab:             121620 kB
SReclaimable:      33048 kB
SUnreclaim:        88572 kB
KernelStack:       35072 kB
PageTables:        56356 kB
NFS_Unstable:          0 kB
Bounce:                0 kB
WritebackTmp:          0 kB
CommitLimit:     2684136 kB
Committed_AS:   139335496 kB
VmallocTotal:   251658176 kB
VmallocUsed:      337908 kB
VmallocChunk:   247561408 kB
Time pass: 352 sec

---2015-10-25 22:02:27
MemTotal:        2746844 kB
MemFree:           72112 kB
Buffers:           82008 kB
Cached:           676624 kB
SwapCached:        10008 kB
Active:           845820 kB
Inactive:         648772 kB
Active(anon):     387100 kB
Inactive(anon):   362804 kB
Active(file):     458720 kB
Inactive(file):   285968 kB
Unevictable:       20976 kB
Mlocked:           13004 kB
SwapTotal:       1310716 kB
SwapFree:        1008524 kB
Dirty:                44 kB
Writeback:             0 kB
AnonPages:        750976 kB
Mapped:           326100 kB
Shmem:              1476 kB
Slab:             121636 kB
SReclaimable:      33048 kB
SUnreclaim:        88588 kB
KernelStack:       35056 kB
PageTables:        56360 kB
NFS_Unstable:          0 kB
Bounce:                0 kB
WritebackTmp:          0 kB
CommitLimit:     2684136 kB
Committed_AS:   139335640 kB
VmallocTotal:   251658176 kB
VmallocUsed:      337908 kB
VmallocChunk:   247561408 kB
Time pass: 356 sec

---2015-10-25 22:02:27
MemTotal:        2746844 kB
MemFree:           76672 kB
Buffers:           82008 kB
Cached:           676624 kB
SwapCached:        10008 kB
Active:           842412 kB
Inactive:         648772 kB
Active(anon):     383692 kB
Inactive(anon):   362804 kB
Active(file):     458720 kB
Inactive(file):   285968 kB
Unevictable:       20976 kB
Mlocked:           13004 kB
SwapTotal:       1310716 kB
SwapFree:        1008524 kB
Dirty:                20 kB
Writeback:             0 kB
AnonPages:        747380 kB
Mapped:           323436 kB
Shmem:              1476 kB
Slab:             121584 kB
SReclaimable:      33048 kB
SUnreclaim:        88536 kB
KernelStack:       34336 kB
PageTables:        56072 kB
NFS_Unstable:          0 kB
Bounce:                0 kB
WritebackTmp:          0 kB
CommitLimit:     2684136 kB
Committed_AS:   139325316 kB
VmallocTotal:   251658176 kB
VmallocUsed:      337908 kB
VmallocChunk:   247561408 kB
Time pass: 361 sec

---2015-10-25 22:02:27
MemTotal:        2746844 kB
MemFree:           69756 kB
Buffers:           82012 kB
Cached:           676624 kB
SwapCached:        10008 kB
Active:           849424 kB
Inactive:         648776 kB
Active(anon):     390704 kB
Inactive(anon):   362804 kB
Active(file):     458720 kB
Inactive(file):   285972 kB
Unevictable:       20976 kB
Mlocked:           13004 kB
SwapTotal:       1310716 kB
SwapFree:        1008524 kB
Dirty:               120 kB
Writeback:             0 kB
AnonPages:        754452 kB
Mapped:           326000 kB
Shmem:              1476 kB
Slab:             121656 kB
SReclaimable:      33048 kB
SUnreclaim:        88608 kB
KernelStack:       35056 kB
PageTables:        56348 kB
NFS_Unstable:          0 kB
Bounce:                0 kB
WritebackTmp:          0 kB
CommitLimit:     2684136 kB
Committed_AS:   139335184 kB
VmallocTotal:   251658176 kB
VmallocUsed:      337908 kB
VmallocChunk:   247561408 kB
Time pass: 364 sec

---2015-10-25 22:02:27
MemTotal:        2746844 kB
MemFree:           68704 kB
Buffers:           82024 kB
Cached:           676624 kB
SwapCached:        10008 kB
Active:           850636 kB
Inactive:         648788 kB
Active(anon):     391916 kB
Inactive(anon):   362804 kB
Active(file):     458720 kB
Inactive(file):   285984 kB
Unevictable:       20976 kB
Mlocked:           13004 kB
SwapTotal:       1310716 kB
SwapFree:        1008524 kB
Dirty:                 0 kB
Writeback:             0 kB
AnonPages:        755884 kB
Mapped:           326036 kB
Shmem:              1476 kB
Slab:             121656 kB
SReclaimable:      33048 kB
SUnreclaim:        88608 kB
KernelStack:       35056 kB
PageTables:        56356 kB
NFS_Unstable:          0 kB
Bounce:                0 kB
WritebackTmp:          0 kB
CommitLimit:     2684136 kB
Committed_AS:   139335192 kB
VmallocTotal:   251658176 kB
VmallocUsed:      337908 kB
VmallocChunk:   247561408 kB
Time pass: 368 sec

---2015-10-25 22:02:27
MemTotal:        2746844 kB
MemFree:           67252 kB
Buffers:           82032 kB
Cached:           676624 kB
SwapCached:        10008 kB
Active:           851636 kB
Inactive:         648788 kB
Active(anon):     392916 kB
Inactive(anon):   362804 kB
Active(file):     458720 kB
Inactive(file):   285984 kB
Unevictable:       20976 kB
Mlocked:           13004 kB
SwapTotal:       1310716 kB
SwapFree:        1008524 kB
Dirty:                60 kB
Writeback:             0 kB
AnonPages:        756548 kB
Mapped:           326120 kB
Shmem:              1476 kB
Slab:             121656 kB
SReclaimable:      33048 kB
SUnreclaim:        88608 kB
KernelStack:       35040 kB
PageTables:        56384 kB
NFS_Unstable:          0 kB
Bounce:                0 kB
WritebackTmp:          0 kB
CommitLimit:     2684136 kB
Committed_AS:   139335448 kB
VmallocTotal:   251658176 kB
VmallocUsed:      337908 kB
VmallocChunk:   247561408 kB
Time pass: 372 sec

---2015-10-25 22:02:27
MemTotal:        2746844 kB
MemFree:           67116 kB
Buffers:           82032 kB
Cached:           676624 kB
SwapCached:        10008 kB
Active:           851688 kB
Inactive:         648796 kB
Active(anon):     392968 kB
Inactive(anon):   362804 kB
Active(file):     458720 kB
Inactive(file):   285992 kB
Unevictable:       20976 kB
Mlocked:           13004 kB
SwapTotal:       1310716 kB
SwapFree:        1008524 kB
Dirty:                60 kB
Writeback:             0 kB
AnonPages:        756776 kB
Mapped:           326176 kB
Shmem:              1476 kB
Slab:             121644 kB
SReclaimable:      33048 kB
SUnreclaim:        88596 kB
KernelStack:       35040 kB
PageTables:        56388 kB
NFS_Unstable:          0 kB
Bounce:                0 kB
WritebackTmp:          0 kB
CommitLimit:     2684136 kB
Committed_AS:   139335592 kB
VmallocTotal:   251658176 kB
VmallocUsed:      337908 kB
VmallocChunk:   247561408 kB
Time pass: 376 sec

---2015-10-25 22:02:27
MemTotal:        2746844 kB
MemFree:           74928 kB
Buffers:           82032 kB
Cached:           676624 kB
SwapCached:        10008 kB
Active:           844012 kB
Inactive:         648796 kB
Active(anon):     385292 kB
Inactive(anon):   362804 kB
Active(file):     458720 kB
Inactive(file):   285992 kB
Unevictable:       20976 kB
Mlocked:           13004 kB
SwapTotal:       1310716 kB
SwapFree:        1008524 kB
Dirty:                12 kB
Writeback:             0 kB
AnonPages:        749156 kB
Mapped:           319028 kB
Shmem:              1476 kB
Slab:             121580 kB
SReclaimable:      33048 kB
SUnreclaim:        88532 kB
KernelStack:       34368 kB
PageTables:        55760 kB
NFS_Unstable:          0 kB
Bounce:                0 kB
WritebackTmp:          0 kB
CommitLimit:     2684136 kB
Committed_AS:   138072456 kB
VmallocTotal:   251658176 kB
VmallocUsed:      336888 kB
VmallocChunk:   247561408 kB
Time pass: 379 sec

---2015-10-25 22:02:27
MemTotal:        2746844 kB
MemFree:           66184 kB
Buffers:           82040 kB
