---2015-12-05 14:07:44
MemTotal:        2873608 kB
MemFree:           99716 kB
Buffers:           22796 kB
Cached:          1295620 kB
SwapCached:            0 kB
Active:          1286292 kB
Inactive:         946088 kB
Active(anon):     730336 kB
Inactive(anon):   193372 kB
Active(file):     555956 kB
Inactive(file):   752716 kB
Unevictable:        8104 kB
Mlocked:               0 kB
SwapTotal:        715328 kB
SwapFree:         715328 kB
Dirty:              6592 kB
Writeback:             8 kB
AnonPages:        922008 kB
Mapped:           462772 kB
Shmem:              1788 kB
Slab:              96316 kB
SReclaimable:      31072 kB
SUnreclaim:        65244 kB
KernelStack:       35648 kB
PageTables:        48256 kB
NFS_Unstable:          0 kB
Bounce:                0 kB
WritebackTmp:          0 kB
CommitLimit:     2152132 kB
Committed_AS:   119638272 kB
VmallocTotal:   251658176 kB
VmallocUsed:      134096 kB
VmallocChunk:   251418156 kB
Time pass: 3 sec

---2015-12-05 14:07:44
MemTotal:        2873608 kB
MemFree:           86768 kB
Buffers:           22916 kB
Cached:          1294064 kB
SwapCached:            0 kB
Active:          1314892 kB
Inactive:         933592 kB
Active(anon):     748052 kB
Inactive(anon):   193292 kB
Active(file):     566840 kB
Inactive(file):   740300 kB
Unevictable:        8104 kB
Mlocked:               0 kB
SwapTotal:        715328 kB
SwapFree:         715328 kB
Dirty:               220 kB
Writeback:             4 kB
AnonPages:        939628 kB
Mapped:           463284 kB
Shmem:              1732 kB
Slab:              96112 kB
SReclaimable:      31028 kB
SUnreclaim:        65084 kB
KernelStack:       35760 kB
PageTables:        47416 kB
NFS_Unstable:          0 kB
Bounce:                0 kB
WritebackTmp:          0 kB
CommitLimit:     2152132 kB
Committed_AS:   118357384 kB
VmallocTotal:   251658176 kB
VmallocUsed:      132916 kB
VmallocChunk:   251425836 kB
Time pass: 7 sec

---2015-12-05 14:07:44
MemTotal:        2873608 kB
MemFree:           92008 kB
Buffers:           22964 kB
Cached:          1294200 kB
SwapCached:            0 kB
Active:          1309492 kB
Inactive:         931872 kB
Active(anon):     740756 kB
Inactive(anon):   193272 kB
Active(file):     568736 kB
Inactive(file):   738600 kB
Unevictable:        8104 kB
Mlocked:               0 kB
SwapTotal:        715328 kB
SwapFree:         715328 kB
Dirty:              1112 kB
Writeback:             4 kB
AnonPages:        932408 kB
Mapped:           491272 kB
Shmem:              1716 kB
Slab:              96100 kB
SReclaimable:      31092 kB
SUnreclaim:        65008 kB
KernelStack:       36384 kB
PageTables:        48056 kB
NFS_Unstable:          0 kB
Bounce:                0 kB
WritebackTmp:          0 kB
CommitLimit:     2152132 kB
Committed_AS:   117879424 kB
VmallocTotal:   251658176 kB
VmallocUsed:      133052 kB
VmallocChunk:   251425836 kB
Time pass: 11 sec

---2015-12-05 14:07:44
MemTotal:        2873608 kB
MemFree:           71284 kB
Buffers:           24532 kB
Cached:          1289868 kB
SwapCached:            0 kB
Active:          1334128 kB
Inactive:         922868 kB
Active(anon):     759136 kB
Inactive(anon):   193376 kB
Active(file):     574992 kB
Inactive(file):   729492 kB
Unevictable:        8104 kB
Mlocked:               0 kB
SwapTotal:        715328 kB
SwapFree:         715328 kB
Dirty:              6336 kB
Writeback:             0 kB
AnonPages:        950792 kB
Mapped:           501488 kB
Shmem:              1844 kB
Slab:              96576 kB
SReclaimable:      31396 kB
SUnreclaim:        65180 kB
KernelStack:       37328 kB
PageTables:        48756 kB
NFS_Unstable:          0 kB
Bounce:                0 kB
WritebackTmp:          0 kB
CommitLimit:     2152132 kB
Committed_AS:   119835948 kB
VmallocTotal:   251658176 kB
VmallocUsed:      136272 kB
VmallocChunk:   251425836 kB
Time pass: 15 sec

---2015-12-05 14:07:44
MemTotal:        2873608 kB
MemFree:           69032 kB
Buffers:           24500 kB
Cached:          1278472 kB
SwapCached:            0 kB
Active:          1371564 kB
Inactive:         887100 kB
Active(anon):     772092 kB
Inactive(anon):   193724 kB
Active(file):     599472 kB
Inactive(file):   693376 kB
Unevictable:        8104 kB
Mlocked:               0 kB
SwapTotal:        715328 kB
SwapFree:         715328 kB
Dirty:              5284 kB
Writeback:             0 kB
AnonPages:        964096 kB
Mapped:           486932 kB
Shmem:              1916 kB
Slab:              96604 kB
SReclaimable:      30960 kB
SUnreclaim:        65644 kB
KernelStack:       37472 kB
PageTables:        49732 kB
NFS_Unstable:          0 kB
Bounce:                0 kB
WritebackTmp:          0 kB
CommitLimit:     2152132 kB
Committed_AS:   124082076 kB
VmallocTotal:   251658176 kB
VmallocUsed:      138312 kB
VmallocChunk:   251425836 kB
Time pass: 19 sec

---2015-12-05 14:07:44
MemTotal:        2873608 kB
MemFree:           63432 kB
Buffers:           24204 kB
Cached:          1203072 kB
SwapCached:            0 kB
Active:          1391860 kB
Inactive:         805624 kB
Active(anon):     786176 kB
Inactive(anon):   199192 kB
Active(file):     605684 kB
Inactive(file):   606432 kB
Unevictable:       13568 kB
Mlocked:               0 kB
SwapTotal:        715328 kB
SwapFree:         714708 kB
Dirty:              2108 kB
Writeback:             0 kB
AnonPages:        984212 kB
Mapped:           485512 kB
Shmem:              1520 kB
Slab:              97448 kB
SReclaimable:      31360 kB
SUnreclaim:        66088 kB
KernelStack:       38048 kB
PageTables:        49996 kB
NFS_Unstable:          0 kB
Bounce:                0 kB
WritebackTmp:          0 kB
CommitLimit:     2152132 kB
Committed_AS:   123447388 kB
VmallocTotal:   251658176 kB
VmallocUsed:      136772 kB
VmallocChunk:   251425836 kB
Time pass: 22 sec

---2015-12-05 14:07:44
MemTotal:        2873608 kB
MemFree:           80572 kB
Buffers:           23400 kB
Cached:          1128148 kB
SwapCached:            0 kB
Active:          1360648 kB
Inactive:         774164 kB
Active(anon):     793796 kB
Inactive(anon):   204480 kB
Active(file):     566852 kB
Inactive(file):   569684 kB
Unevictable:       13568 kB
Mlocked:               0 kB
SwapTotal:        715328 kB
SwapFree:         714396 kB
Dirty:              2540 kB
Writeback:             0 kB
AnonPages:        997084 kB
Mapped:           549520 kB
Shmem:              1240 kB
Slab:              96824 kB
SReclaimable:      30688 kB
SUnreclaim:        66136 kB
KernelStack:       38368 kB
PageTables:        49672 kB
NFS_Unstable:          0 kB
Bounce:                0 kB
WritebackTmp:          0 kB
CommitLimit:     2152132 kB
Committed_AS:   119354684 kB
VmallocTotal:   251658176 kB
VmallocUsed:      135384 kB
VmallocChunk:   251425836 kB
Time pass: 26 sec

---2015-12-05 14:07:44
MemTotal:        2873608 kB
MemFree:           79776 kB
Buffers:           25040 kB
Cached:          1143636 kB
SwapCached:            0 kB
Active:          1350380 kB
Inactive:         783736 kB
Active(anon):     775760 kB
Inactive(anon):   204628 kB
Active(file):     574620 kB
Inactive(file):   579108 kB
Unevictable:       13568 kB
Mlocked:               0 kB
SwapTotal:        715328 kB
SwapFree:         714396 kB
Dirty:               208 kB
Writeback:             0 kB
AnonPages:        977704 kB
Mapped:           557408 kB
Shmem:              1244 kB
Slab:              97420 kB
SReclaimable:      31056 kB
SUnreclaim:        66364 kB
KernelStack:       38672 kB
PageTables:        49992 kB
NFS_Unstable:          0 kB
Bounce:                0 kB
WritebackTmp:          0 kB
CommitLimit:     2152132 kB
Committed_AS:   120585784 kB
VmallocTotal:   251658176 kB
VmallocUsed:      136404 kB
VmallocChunk:   251425836 kB
Time pass: 30 sec

---2015-12-05 14:07:44
MemTotal:        2873608 kB
MemFree:           68652 kB
Buffers:           24604 kB
Cached:          1141028 kB
SwapCached:            0 kB
Active:          1368200 kB
Inactive:         780004 kB
Active(anon):     792976 kB
Inactive(anon):   204364 kB
Active(file):     575224 kB
Inactive(file):   575640 kB
Unevictable:       13568 kB
Mlocked:               0 kB
SwapTotal:        715328 kB
SwapFree:         714396 kB
Dirty:               124 kB
Writeback:             0 kB
AnonPages:        996428 kB
Mapped:           534488 kB
Shmem:              1128 kB
Slab:              97680 kB
SReclaimable:      31132 kB
SUnreclaim:        66548 kB
KernelStack:       38800 kB
PageTables:        50344 kB
NFS_Unstable:          0 kB
Bounce:                0 kB
WritebackTmp:          0 kB
CommitLimit:     2152132 kB
Committed_AS:   123430684 kB
VmallocTotal:   251658176 kB
VmallocUsed:      137288 kB
VmallocChunk:   251425836 kB
Time pass: 34 sec

---2015-12-05 14:07:44
MemTotal:        2873608 kB
MemFree:           67504 kB
Buffers:           17548 kB
Cached:          1112968 kB
SwapCached:            0 kB
Active:          1388388 kB
Inactive:         762404 kB
Active(anon):     826900 kB
Inactive(anon):   207996 kB
Active(file):     561488 kB
Inactive(file):   554408 kB
Unevictable:       13568 kB
Mlocked:               0 kB
SwapTotal:        715328 kB
SwapFree:         714032 kB
Dirty:               132 kB
Writeback:             0 kB
AnonPages:       1033892 kB
Mapped:           546312 kB
Shmem:              1132 kB
Slab:              98608 kB
SReclaimable:      31032 kB
SUnreclaim:        67576 kB
KernelStack:       39328 kB
PageTables:        51624 kB
NFS_Unstable:          0 kB
Bounce:                0 kB
WritebackTmp:          0 kB
CommitLimit:     2152132 kB
Committed_AS:   125792608 kB
VmallocTotal:   251658176 kB
VmallocUsed:      138276 kB
VmallocChunk:   251425836 kB
Time pass: 37 sec

---2015-12-05 14:07:44
MemTotal:        2873608 kB
MemFree:           93496 kB
Buffers:           18696 kB
Cached:          1118068 kB
SwapCached:            0 kB
Active:          1367756 kB
Inactive:         759104 kB
Active(anon):     796688 kB
Inactive(anon):   208244 kB
Active(file):     571068 kB
Inactive(file):   550860 kB
Unevictable:       13568 kB
Mlocked:               0 kB
SwapTotal:        715328 kB
SwapFree:         714032 kB
Dirty:               508 kB
Writeback:             0 kB
AnonPages:       1003740 kB
Mapped:           549864 kB
Shmem:              1416 kB
Slab:              98536 kB
SReclaimable:      31048 kB
SUnreclaim:        67488 kB
KernelStack:       39216 kB
PageTables:        50788 kB
NFS_Unstable:          0 kB
Bounce:                0 kB
WritebackTmp:          0 kB
CommitLimit:     2152132 kB
Committed_AS:   122781312 kB
VmallocTotal:   251658176 kB
VmallocUsed:      136236 kB
VmallocChunk:   251413036 kB
Time pass: 41 sec

---2015-12-05 14:07:44
MemTotal:        2873608 kB
MemFree:           71220 kB
Buffers:           17200 kB
Cached:          1043140 kB
SwapCached:            0 kB
Active:          1353228 kB
Inactive:         728708 kB
Active(anon):     828200 kB
Inactive(anon):   208152 kB
Active(file):     525028 kB
Inactive(file):   520556 kB
Unevictable:       13568 kB
Mlocked:               0 kB
SwapTotal:        715328 kB
SwapFree:         712972 kB
Dirty:               536 kB
Writeback:             0 kB
AnonPages:       1035496 kB
Mapped:           564684 kB
Shmem:              1132 kB
Slab:              98848 kB
SReclaimable:      31464 kB
SUnreclaim:        67384 kB
KernelStack:       39712 kB
PageTables:        51992 kB
NFS_Unstable:          0 kB
Bounce:                0 kB
WritebackTmp:          0 kB
CommitLimit:     2152132 kB
Committed_AS:   124593748 kB
VmallocTotal:   251658176 kB
VmallocUsed:      137500 kB
VmallocChunk:   251409964 kB
Time pass: 45 sec

---2015-12-05 14:07:44
MemTotal:        2873608 kB
MemFree:           78524 kB
Buffers:           17200 kB
Cached:          1044288 kB
SwapCached:            0 kB
Active:          1346876 kB
Inactive:         729884 kB
Active(anon):     821864 kB
Inactive(anon):   208108 kB
Active(file):     525012 kB
Inactive(file):   521776 kB
Unevictable:       13568 kB
Mlocked:               0 kB
SwapTotal:        715328 kB
SwapFree:         712972 kB
Dirty:               260 kB
Writeback:             0 kB
AnonPages:       1029132 kB
Mapped:           563796 kB
Shmem:              1132 kB
Slab:              98736 kB
SReclaimable:      31448 kB
SUnreclaim:        67288 kB
KernelStack:       39248 kB
PageTables:        50896 kB
NFS_Unstable:          0 kB
Bounce:                0 kB
WritebackTmp:          0 kB
CommitLimit:     2152132 kB
Committed_AS:   121575152 kB
VmallocTotal:   251658176 kB
VmallocUsed:      135460 kB
VmallocChunk:   251409964 kB
Time pass: 49 sec

---2015-12-05 14:07:44
MemTotal:        2873608 kB
MemFree:           58648 kB
Buffers:           15812 kB
Cached:          1012376 kB
SwapCached:            0 kB
Active:          1369416 kB
Inactive:         709404 kB
Active(anon):     852944 kB
Inactive(anon):   213588 kB
Active(file):     516472 kB
Inactive(file):   495816 kB
Unevictable:       13568 kB
Mlocked:               0 kB
SwapTotal:        715328 kB
SwapFree:         711376 kB
Dirty:               200 kB
Writeback:             0 kB
AnonPages:       1064624 kB
Mapped:           590796 kB
Shmem:              2212 kB
Slab:              98940 kB
SReclaimable:      31316 kB
SUnreclaim:        67624 kB
KernelStack:       39696 kB
PageTables:        51076 kB
NFS_Unstable:          0 kB
Bounce:                0 kB
WritebackTmp:          0 kB
CommitLimit:     2152132 kB
Committed_AS:   121600836 kB
VmallocTotal:   251658176 kB
VmallocUsed:      135636 kB
VmallocChunk:   251409964 kB
Time pass: 52 sec

---2015-12-05 14:07:44
MemTotal:        2873608 kB
MemFree:           69960 kB
Buffers:           15404 kB
Cached:           989888 kB
SwapCached:            0 kB
Active:          1341528 kB
Inactive:         706168 kB
Active(anon):     844712 kB
Inactive(anon):   212396 kB
Active(file):     496816 kB
Inactive(file):   493772 kB
Unevictable:       13568 kB
Mlocked:               0 kB
SwapTotal:        715328 kB
SwapFree:         710424 kB
Dirty:               856 kB
Writeback:             0 kB
AnonPages:       1055864 kB
Mapped:           617828 kB
Shmem:              1136 kB
Slab:              98916 kB
SReclaimable:      31348 kB
SUnreclaim:        67568 kB
KernelStack:       39632 kB
PageTables:        51164 kB
NFS_Unstable:          0 kB
Bounce:                0 kB
WritebackTmp:          0 kB
CommitLimit:     2152132 kB
Committed_AS:   121596196 kB
VmallocTotal:   251658176 kB
VmallocUsed:      135836 kB
VmallocChunk:   251409964 kB
Time pass: 56 sec

---2015-12-05 14:07:44
MemTotal:        2873608 kB
MemFree:           67780 kB
Buffers:           15428 kB
Cached:           990508 kB
SwapCached:            0 kB
Active:          1342888 kB
Inactive:         706772 kB
Active(anon):     846036 kB
Inactive(anon):   212396 kB
Active(file):     496852 kB
Inactive(file):   494376 kB
Unevictable:       13568 kB
Mlocked:               0 kB
SwapTotal:        715328 kB
SwapFree:         710424 kB
Dirty:               156 kB
Writeback:             0 kB
AnonPages:       1057408 kB
Mapped:           617944 kB
Shmem:              1136 kB
Slab:              98924 kB
SReclaimable:      31348 kB
SUnreclaim:        67576 kB
KernelStack:       39616 kB
PageTables:        51160 kB
NFS_Unstable:          0 kB
Bounce:                0 kB
WritebackTmp:          0 kB
CommitLimit:     2152132 kB
Committed_AS:   121596052 kB
VmallocTotal:   251658176 kB
VmallocUsed:      135836 kB
VmallocChunk:   251409964 kB
Time pass: 60 sec

---2015-12-05 14:07:44
MemTotal:        2873608 kB
MemFree:           75680 kB
Buffers:           15420 kB
Cached:           973260 kB
SwapCached:            0 kB
Active:          1330716 kB
Inactive:         699760 kB
Active(anon):     843680 kB
Inactive(anon):   212856 kB
Active(file):     487036 kB
Inactive(file):   486904 kB
Unevictable:       13568 kB
Mlocked:               0 kB
SwapTotal:        715328 kB
SwapFree:         710016 kB
Dirty:                60 kB
Writeback:             0 kB
AnonPages:       1055384 kB
Mapped:           626692 kB
Shmem:              1136 kB
Slab:              98444 kB
SReclaimable:      30872 kB
SUnreclaim:        67572 kB
KernelStack:       39584 kB
PageTables:        51160 kB
NFS_Unstable:          0 kB
Bounce:                0 kB
WritebackTmp:          0 kB
CommitLimit:     2152132 kB
Committed_AS:   121596044 kB
VmallocTotal:   251658176 kB
VmallocUsed:      135948 kB
VmallocChunk:   251409964 kB
Time pass: 64 sec

---2015-12-05 14:07:44
MemTotal:        2873608 kB
MemFree:           73732 kB
Buffers:           15440 kB
Cached:           974636 kB
SwapCached:            0 kB
Active:          1331012 kB
Inactive:         701204 kB
Active(anon):     844044 kB
Inactive(anon):   212832 kB
Active(file):     486968 kB
Inactive(file):   488372 kB
Unevictable:       13568 kB
Mlocked:               0 kB
SwapTotal:        715328 kB
SwapFree:         710016 kB
Dirty:                40 kB
Writeback:             0 kB
AnonPages:       1055604 kB
Mapped:           627572 kB
Shmem:              1136 kB
Slab:              98672 kB
SReclaimable:      31192 kB
SUnreclaim:        67480 kB
KernelStack:       39584 kB
PageTables:        51184 kB
NFS_Unstable:          0 kB
Bounce:                0 kB
WritebackTmp:          0 kB
CommitLimit:     2152132 kB
Committed_AS:   121596092 kB
VmallocTotal:   251658176 kB
VmallocUsed:      135948 kB
VmallocChunk:   251409964 kB
Time pass: 67 sec

---2015-12-05 14:07:44
MemTotal:        2873608 kB
MemFree:           78360 kB
Buffers:           15036 kB
Cached:           946728 kB
SwapCached:            0 kB
Active:          1326368 kB
Inactive:         683052 kB
Active(anon):     848276 kB
Inactive(anon):   214000 kB
Active(file):     478092 kB
Inactive(file):   469052 kB
Unevictable:       13568 kB
Mlocked:               0 kB
SwapTotal:        715328 kB
SwapFree:         708960 kB
Dirty:               492 kB
Writeback:             0 kB
AnonPages:       1060860 kB
Mapped:           640620 kB
Shmem:              1132 kB
Slab:              98652 kB
SReclaimable:      31176 kB
SUnreclaim:        67476 kB
KernelStack:       39568 kB
PageTables:        51188 kB
NFS_Unstable:          0 kB
Bounce:                0 kB
WritebackTmp:          0 kB
CommitLimit:     2152132 kB
Committed_AS:   121596772 kB
VmallocTotal:   251658176 kB
VmallocUsed:      136096 kB
VmallocChunk:   251409964 kB
Time pass: 71 sec

---2015-12-05 14:07:44
MemTotal:        2873608 kB
MemFree:           76108 kB
Buffers:           15044 kB
Cached:           946648 kB
SwapCached:            0 kB
Active:          1327168 kB
Inactive:         682612 kB
Active(anon):     849012 kB
Inactive(anon):   213780 kB
Active(file):     478156 kB
Inactive(file):   468832 kB
Unevictable:       13568 kB
Mlocked:               0 kB
SwapTotal:        715328 kB
SwapFree:         708960 kB
Dirty:                36 kB
Writeback:             0 kB
AnonPages:       1061816 kB
Mapped:           642312 kB
Shmem:              1136 kB
Slab:              98672 kB
SReclaimable:      31192 kB
SUnreclaim:        67480 kB
KernelStack:       39552 kB
PageTables:        51212 kB
NFS_Unstable:          0 kB
Bounce:                0 kB
WritebackTmp:          0 kB
CommitLimit:     2152132 kB
Committed_AS:   121596916 kB
VmallocTotal:   251658176 kB
VmallocUsed:      136104 kB
VmallocChunk:   251409964 kB
Time pass: 75 sec

---2015-12-05 14:07:44
MemTotal:        2873608 kB
MemFree:           67328 kB
Buffers:           15044 kB
Cached:           938376 kB
SwapCached:            0 kB
Active:          1336940 kB
Inactive:         682876 kB
Active(anon):     864760 kB
Inactive(anon):   216208 kB
Active(file):     472180 kB
Inactive(file):   466668 kB
Unevictable:       13568 kB
Mlocked:               0 kB
SwapTotal:        715328 kB
SwapFree:         708492 kB
Dirty:               292 kB
Writeback:             0 kB
AnonPages:       1079948 kB
Mapped:           644732 kB
Shmem:              1136 kB
Slab:              98360 kB
SReclaimable:      30872 kB
SUnreclaim:        67488 kB
KernelStack:       39648 kB
PageTables:        51256 kB
NFS_Unstable:          0 kB
Bounce:                0 kB
WritebackTmp:          0 kB
CommitLimit:     2152132 kB
Committed_AS:   121613556 kB
VmallocTotal:   251658176 kB
VmallocUsed:      136104 kB
VmallocChunk:   251409964 kB
Time pass: 79 sec

---2015-12-05 14:07:44
MemTotal:        2873608 kB
MemFree:           73368 kB
Buffers:           14984 kB
Cached:           932952 kB
SwapCached:            4 kB
Active:          1333848 kB
Inactive:         680848 kB
Active(anon):     864408 kB
Inactive(anon):   217192 kB
Active(file):     469440 kB
Inactive(file):   463656 kB
Unevictable:       13568 kB
Mlocked:               0 kB
SwapTotal:        715328 kB
SwapFree:         708200 kB
Dirty:               132 kB
Writeback:             0 kB
AnonPages:       1080316 kB
Mapped:           638336 kB
Shmem:              1272 kB
Slab:              98812 kB
SReclaimable:      31144 kB
SUnreclaim:        67668 kB
KernelStack:       39600 kB
PageTables:        50824 kB
NFS_Unstable:          0 kB
Bounce:                0 kB
WritebackTmp:          0 kB
CommitLimit:     2152132 kB
Committed_AS:   119861900 kB
VmallocTotal:   251658176 kB
VmallocUsed:      137516 kB
VmallocChunk:   251409964 kB
Time pass: 83 sec

---2015-12-05 14:07:44
MemTotal:        2873608 kB
MemFree:           76652 kB
Buffers:           14700 kB
Cached:           907544 kB
SwapCached:            4 kB
Active:          1318376 kB
Inactive:         670248 kB
Active(anon):     864988 kB
Inactive(anon):   216484 kB
Active(file):     453388 kB
Inactive(file):   453764 kB
Unevictable:       13568 kB
Mlocked:               0 kB
SwapTotal:        715328 kB
SwapFree:         707496 kB
Dirty:                56 kB
Writeback:             0 kB
AnonPages:       1080292 kB
Mapped:           636872 kB
Shmem:              1416 kB
Slab:              98672 kB
SReclaimable:      31192 kB
SUnreclaim:        67480 kB
KernelStack:       39392 kB
PageTables:        50976 kB
NFS_Unstable:          0 kB
Bounce:                0 kB
WritebackTmp:          0 kB
CommitLimit:     2152132 kB
Committed_AS:   119861776 kB
VmallocTotal:   251658176 kB
VmallocUsed:      137516 kB
VmallocChunk:   251409964 kB
Time pass: 86 sec

---2015-12-05 14:07:44
MemTotal:        2873608 kB
MemFree:           75532 kB
Buffers:           14700 kB
Cached:           908440 kB
SwapCached:            4 kB
Active:          1318792 kB
Inactive:         671248 kB
Active(anon):     865400 kB
Inactive(anon):   216536 kB
Active(file):     453392 kB
Inactive(file):   454712 kB
Unevictable:       13568 kB
Mlocked:               0 kB
SwapTotal:        715328 kB
SwapFree:         707496 kB
Dirty:                 0 kB
Writeback:             0 kB
AnonPages:       1080500 kB
Mapped:           637064 kB
Shmem:              1468 kB
Slab:              98752 kB
SReclaimable:      31192 kB
SUnreclaim:        67560 kB
KernelStack:       39392 kB
PageTables:        51040 kB
NFS_Unstable:          0 kB
Bounce:                0 kB
WritebackTmp:          0 kB
CommitLimit:     2152132 kB
Committed_AS:   119865908 kB
VmallocTotal:   251658176 kB
VmallocUsed:      137516 kB
VmallocChunk:   251409964 kB
Time pass: 90 sec

---2015-12-05 14:07:44
MemTotal:        2873608 kB
MemFree:           73796 kB
Buffers:           14716 kB
Cached:           908664 kB
SwapCached:            4 kB
Active:          1320040 kB
Inactive:         671488 kB
Active(anon):     866648 kB
Inactive(anon):   216760 kB
Active(file):     453392 kB
Inactive(file):   454728 kB
Unevictable:       13568 kB
Mlocked:               0 kB
SwapTotal:        715328 kB
SwapFree:         707496 kB
Dirty:                40 kB
Writeback:             0 kB
AnonPages:       1081840 kB
Mapped:           637168 kB
Shmem:              1692 kB
Slab:              98748 kB
SReclaimable:      31192 kB
SUnreclaim:        67556 kB
KernelStack:       39376 kB
PageTables:        50976 kB
NFS_Unstable:          0 kB
Bounce:                0 kB
WritebackTmp:          0 kB
CommitLimit:     2152132 kB
Committed_AS:   119869988 kB
VmallocTotal:   251658176 kB
VmallocUsed:      137516 kB
VmallocChunk:   251409964 kB
Time pass: 94 sec

---2015-12-05 14:07:44
MemTotal:        2873608 kB
MemFree:           88428 kB
Buffers:           14740 kB
Cached:           909452 kB
SwapCached:            4 kB
Active:          1316296 kB
Inactive:         663072 kB
Active(anon):     853756 kB
Inactive(anon):   216204 kB
Active(file):     462540 kB
Inactive(file):   446868 kB
Unevictable:       13568 kB
Mlocked:               0 kB
SwapTotal:        715328 kB
SwapFree:         707496 kB
Dirty:               304 kB
Writeback:             0 kB
AnonPages:       1068868 kB
Mapped:           638420 kB
Shmem:              1140 kB
Slab:              98672 kB
SReclaimable:      31192 kB
SUnreclaim:        67480 kB
KernelStack:       38944 kB
PageTables:        50652 kB
NFS_Unstable:          0 kB
Bounce:                0 kB
WritebackTmp:          0 kB
CommitLimit:     2152132 kB
Committed_AS:   119843016 kB
VmallocTotal:   251658176 kB
VmallocUsed:      137516 kB
VmallocChunk:   251409964 kB
Time pass: 98 sec

---2015-12-05 14:07:44
MemTotal:        2873608 kB
MemFree:          294356 kB
Buffers:           14812 kB
Cached:           910280 kB
SwapCached:            4 kB
Active:          1228204 kB
Inactive:         659076 kB
Active(anon):     760856 kB
Inactive(anon):   215900 kB
Active(file):     467348 kB
Inactive(file):   443176 kB
Unevictable:       13568 kB
Mlocked:               0 kB
SwapTotal:        715328 kB
SwapFree:         707496 kB
Dirty:                40 kB
Writeback:             0 kB
AnonPages:        975984 kB
Mapped:           475208 kB
Shmem:              1000 kB
Slab:              98452 kB
SReclaimable:      31208 kB
SUnreclaim:        67244 kB
KernelStack:       37456 kB
PageTables:        48372 kB
NFS_Unstable:          0 kB
Bounce:                0 kB
WritebackTmp:          0 kB
CommitLimit:     2152132 kB
Committed_AS:   116643976 kB
VmallocTotal:   251658176 kB
VmallocUsed:      134528 kB
VmallocChunk:   251409964 kB
Time pass: 102 sec

---2015-12-05 14:07:44
MemTotal:        2873608 kB
MemFree:          292912 kB
Buffers:           14820 kB
Cached:           910472 kB
SwapCached:            4 kB
Active:          1228232 kB
Inactive:         659240 kB
Active(anon):     760872 kB
Inactive(anon):   215900 kB
Active(file):     467360 kB
Inactive(file):   443340 kB
Unevictable:       13568 kB
Mlocked:               0 kB
SwapTotal:        715328 kB
SwapFree:         707496 kB
Dirty:               312 kB
Writeback:             0 kB
AnonPages:        976028 kB
Mapped:           476540 kB
Shmem:              1000 kB
Slab:              98460 kB
SReclaimable:      31208 kB
SUnreclaim:        67252 kB
KernelStack:       37408 kB
PageTables:        48600 kB
NFS_Unstable:          0 kB
Bounce:                0 kB
WritebackTmp:          0 kB
CommitLimit:     2152132 kB
Committed_AS:   120141200 kB
VmallocTotal:   251658176 kB
VmallocUsed:      135548 kB
VmallocChunk:   251409964 kB
Time pass: 105 sec

---2015-12-05 14:07:44
MemTotal:        2873608 kB
MemFree:          260556 kB
Buffers:           14976 kB
Cached:           912732 kB
SwapCached:            4 kB
Active:          1269188 kB
Inactive:         656712 kB
Active(anon):     796812 kB
Inactive(anon):   216024 kB
Active(file):     472376 kB
Inactive(file):   440688 kB
Unevictable:       13568 kB
Mlocked:               0 kB
SwapTotal:        715328 kB
SwapFree:         707496 kB
Dirty:              1948 kB
Writeback:             0 kB
AnonPages:       1011716 kB
Mapped:           522048 kB
Shmem:              1136 kB
Slab:              98368 kB
SReclaimable:      31208 kB
SUnreclaim:        67160 kB
KernelStack:       38528 kB
PageTables:        49516 kB
NFS_Unstable:          0 kB
Bounce:                0 kB
WritebackTmp:          0 kB
CommitLimit:     2152132 kB
Committed_AS:   117972560 kB
VmallocTotal:   251658176 kB
VmallocUsed:      135464 kB
VmallocChunk:   251409964 kB
Time pass: 109 sec

---2015-12-05 14:07:44
MemTotal:        2873608 kB
MemFree:          178432 kB
Buffers:           14980 kB
Cached:           913788 kB
SwapCached:            4 kB
Active:          1277352 kB
Inactive:         656468 kB
Active(anon):     803732 kB
Inactive(anon):   216024 kB
Active(file):     473620 kB
Inactive(file):   440444 kB
Unevictable:       13568 kB
Mlocked:               0 kB
SwapTotal:        715328 kB
SwapFree:         707496 kB
Dirty:               744 kB
Writeback:             0 kB
AnonPages:       1018560 kB
Mapped:           588500 kB
Shmem:              1136 kB
Slab:              98388 kB
SReclaimable:      31208 kB
SUnreclaim:        67180 kB
KernelStack:       38528 kB
PageTables:        49720 kB
NFS_Unstable:          0 kB
Bounce:                0 kB
WritebackTmp:          0 kB
CommitLimit:     2152132 kB
Committed_AS:   117983960 kB
VmallocTotal:   251658176 kB
VmallocUsed:      133632 kB
VmallocChunk:   251409964 kB
Time pass: 113 sec

---2015-12-05 14:07:44
MemTotal:        2873608 kB
MemFree:          173724 kB
Buffers:           14988 kB
Cached:           915204 kB
SwapCached:            4 kB
Active:          1280204 kB
Inactive:         657664 kB
Active(anon):     806392 kB
Inactive(anon):   216024 kB
Active(file):     473812 kB
Inactive(file):   441640 kB
Unevictable:       13568 kB
Mlocked:               0 kB
SwapTotal:        715328 kB
SwapFree:         707496 kB
Dirty:               744 kB
Writeback:             0 kB
AnonPages:       1021284 kB
Mapped:           589572 kB
Shmem:              1136 kB
Slab:              98388 kB
SReclaimable:      31208 kB
SUnreclaim:        67180 kB
KernelStack:       38736 kB
PageTables:        50224 kB
NFS_Unstable:          0 kB
Bounce:                0 kB
WritebackTmp:          0 kB
CommitLimit:     2152132 kB
Committed_AS:   119766536 kB
VmallocTotal:   251658176 kB
VmallocUsed:      134652 kB
VmallocChunk:   251409964 kB
Time pass: 116 sec

---2015-12-05 14:07:44
MemTotal:        2873608 kB
MemFree:          155312 kB
Buffers:           14996 kB
Cached:           915216 kB
SwapCached:            4 kB
Active:          1283964 kB
Inactive:         657700 kB
Active(anon):     809984 kB
Inactive(anon):   216024 kB
Active(file):     473980 kB
Inactive(file):   441676 kB
Unevictable:       13568 kB
Mlocked:               0 kB
SwapTotal:        715328 kB
SwapFree:         707496 kB
Dirty:                24 kB
Writeback:             0 kB
AnonPages:       1024944 kB
Mapped:           599524 kB
Shmem:              1136 kB
Slab:              98540 kB
SReclaimable:      31208 kB
SUnreclaim:        67332 kB
KernelStack:       38720 kB
PageTables:        50252 kB
NFS_Unstable:          0 kB
Bounce:                0 kB
WritebackTmp:          0 kB
CommitLimit:     2152132 kB
Committed_AS:   119766736 kB
VmallocTotal:   251658176 kB
VmallocUsed:      134760 kB
VmallocChunk:   251409964 kB
Time pass: 120 sec

---2015-12-05 14:07:44
MemTotal:        2873608 kB
MemFree:          121508 kB
Buffers:           14996 kB
Cached:           915364 kB
SwapCached:            4 kB
Active:          1291604 kB
Inactive:         657656 kB
Active(anon):     817584 kB
Inactive(anon):   216020 kB
Active(file):     474020 kB
Inactive(file):   441636 kB
Unevictable:       13568 kB
Mlocked:               0 kB
SwapTotal:        715328 kB
SwapFree:         707496 kB
Dirty:               580 kB
Writeback:             0 kB
AnonPages:       1032584 kB
Mapped:           612276 kB
Shmem:              1136 kB
Slab:              98588 kB
SReclaimable:      31208 kB
SUnreclaim:        67380 kB
KernelStack:       38736 kB
PageTables:        50264 kB
NFS_Unstable:          0 kB
Bounce:                0 kB
WritebackTmp:          0 kB
CommitLimit:     2152132 kB
Committed_AS:   119767260 kB
VmallocTotal:   251658176 kB
VmallocUsed:      134924 kB
VmallocChunk:   251409964 kB
Time pass: 124 sec

---2015-12-05 14:07:44
MemTotal:        2873608 kB
MemFree:          135056 kB
Buffers:           16572 kB
Cached:           915360 kB
SwapCached:            4 kB
Active:          1279536 kB
Inactive:         658812 kB
Active(anon):     805100 kB
Inactive(anon):   216020 kB
Active(file):     474436 kB
Inactive(file):   442792 kB
Unevictable:       13568 kB
Mlocked:               0 kB
SwapTotal:        715328 kB
SwapFree:         707496 kB
Dirty:               172 kB
Writeback:             0 kB
AnonPages:       1019860 kB
Mapped:           611152 kB
Shmem:              1136 kB
Slab:              98460 kB
SReclaimable:      31208 kB
SUnreclaim:        67252 kB
KernelStack:       39136 kB
PageTables:        50268 kB
NFS_Unstable:          0 kB
Bounce:                0 kB
WritebackTmp:          0 kB
CommitLimit:     2152132 kB
Committed_AS:   120298848 kB
VmallocTotal:   251658176 kB
VmallocUsed:      134776 kB
VmallocChunk:   251409964 kB
Time pass: 128 sec

---2015-12-05 14:07:44
MemTotal:        2873608 kB
MemFree:          135664 kB
Buffers:           16572 kB
Cached:           915368 kB
SwapCached:            4 kB
Active:          1279540 kB
Inactive:         658732 kB
Active(anon):     805016 kB
Inactive(anon):   216020 kB
Active(file):     474524 kB
Inactive(file):   442712 kB
Unevictable:       13568 kB
Mlocked:               0 kB
SwapTotal:        715328 kB
SwapFree:         707496 kB
Dirty:               184 kB
Writeback:             0 kB
AnonPages:       1019768 kB
Mapped:           611352 kB
Shmem:              1136 kB
Slab:              98452 kB
SReclaimable:      31208 kB
SUnreclaim:        67244 kB
KernelStack:       38512 kB
PageTables:        50204 kB
NFS_Unstable:          0 kB
Bounce:                0 kB
WritebackTmp:          0 kB
CommitLimit:     2152132 kB
Committed_AS:   120298836 kB
VmallocTotal:   251658176 kB
VmallocUsed:      134776 kB
VmallocChunk:   251409964 kB
Time pass: 132 sec

---2015-12-05 14:07:44
MemTotal:        2873608 kB
MemFree:          135308 kB
Buffers:           16572 kB
Cached:           915392 kB
SwapCached:            4 kB
Active:          1279076 kB
Inactive:         658728 kB
Active(anon):     804548 kB
Inactive(anon):   216020 kB
Active(file):     474528 kB
Inactive(file):   442708 kB
Unevictable:       13568 kB
Mlocked:               0 kB
SwapTotal:        715328 kB
SwapFree:         707496 kB
Dirty:                 8 kB
Writeback:             0 kB
AnonPages:       1019268 kB
Mapped:           611544 kB
Shmem:              1136 kB
Slab:              98384 kB
SReclaimable:      31208 kB
SUnreclaim:        67176 kB
KernelStack:       38352 kB
PageTables:        50256 kB
NFS_Unstable:          0 kB
Bounce:                0 kB
WritebackTmp:          0 kB
CommitLimit:     2152132 kB
Committed_AS:   120298956 kB
VmallocTotal:   251658176 kB
VmallocUsed:      134776 kB
VmallocChunk:   251409964 kB
Time pass: 135 sec

---2015-12-05 14:07:44
MemTotal:        2873608 kB
MemFree:          137556 kB
Buffers:           16652 kB
Cached:           915392 kB
SwapCached:            4 kB
Active:          1277200 kB
Inactive:         658820 kB
Active(anon):     802660 kB
Inactive(anon):   216020 kB
Active(file):     474540 kB
Inactive(file):   442800 kB
Unevictable:       13568 kB
Mlocked:               0 kB
SwapTotal:        715328 kB
SwapFree:         707496 kB
Dirty:                52 kB
Writeback:             0 kB
AnonPages:       1017584 kB
Mapped:           611896 kB
Shmem:              1136 kB
Slab:              98240 kB
SReclaimable:      31160 kB
SUnreclaim:        67080 kB
KernelStack:       38160 kB
PageTables:        49752 kB
NFS_Unstable:          0 kB
Bounce:                0 kB
WritebackTmp:          0 kB
CommitLimit:     2152132 kB
Committed_AS:   119062892 kB
VmallocTotal:   251658176 kB
VmallocUsed:      133756 kB
VmallocChunk:   251409964 kB
Time pass: 139 sec

---2015-12-05 14:07:44
MemTotal:        2873608 kB
MemFree:          135172 kB
Buffers:           16660 kB
Cached:           915392 kB
SwapCached:            4 kB
Active:          1279340 kB
Inactive:         658828 kB
Active(anon):     804800 kB
Inactive(anon):   216020 kB
Active(file):     474540 kB
Inactive(file):   442808 kB
Unevictable:       13568 kB
Mlocked:               0 kB
SwapTotal:        715328 kB
SwapFree:         707496 kB
Dirty:                56 kB
Writeback:             0 kB
AnonPages:       1019756 kB
Mapped:           611904 kB
Shmem:              1136 kB
Slab:              98236 kB
SReclaimable:      31160 kB
SUnreclaim:        67076 kB
KernelStack:       38176 kB
PageTables:        49756 kB
NFS_Unstable:          0 kB
Bounce:                0 kB
WritebackTmp:          0 kB
CommitLimit:     2152132 kB
Committed_AS:   119062916 kB
VmallocTotal:   251658176 kB
VmallocUsed:      133756 kB
VmallocChunk:   251409964 kB
Time pass: 143 sec

---2015-12-05 14:07:44
MemTotal:        2873608 kB
MemFree:          123124 kB
Buffers:           16692 kB
Cached:           915528 kB
SwapCached:            4 kB
Active:          1291104 kB
Inactive:         657996 kB
Active(anon):     815572 kB
Inactive(anon):   216136 kB
Active(file):     475532 kB
Inactive(file):   441860 kB
Unevictable:       13568 kB
Mlocked:               0 kB
SwapTotal:        715328 kB
SwapFree:         707496 kB
Dirty:                 0 kB
Writeback:             0 kB
AnonPages:       1030584 kB
Mapped:           614804 kB
Shmem:              1260 kB
Slab:              98260 kB
SReclaimable:      31160 kB
SUnreclaim:        67100 kB
KernelStack:       38544 kB
PageTables:        49996 kB
NFS_Unstable:          0 kB
Bounce:                0 kB
WritebackTmp:          0 kB
CommitLimit:     2152132 kB
Committed_AS:   119102776 kB
VmallocTotal:   251658176 kB
VmallocUsed:      136188 kB
VmallocChunk:   251409964 kB
Time pass: 147 sec

---2015-12-05 14:07:44
MemTotal:        2873608 kB
MemFree:          122096 kB
Buffers:           16692 kB
Cached:           915704 kB
SwapCached:            4 kB
Active:          1291716 kB
Inactive:         658164 kB
Active(anon):     816172 kB
Inactive(anon):   216316 kB
Active(file):     475544 kB
Inactive(file):   441848 kB
Unevictable:       13568 kB
Mlocked:               0 kB
SwapTotal:        715328 kB
SwapFree:         707496 kB
Dirty:                 4 kB
Writeback:             0 kB
AnonPages:       1031040 kB
Mapped:           615048 kB
Shmem:              1436 kB
Slab:              98304 kB
SReclaimable:      31160 kB
SUnreclaim:        67144 kB
KernelStack:       38544 kB
PageTables:        50068 kB
NFS_Unstable:          0 kB
Bounce:                0 kB
WritebackTmp:          0 kB
CommitLimit:     2152132 kB
Committed_AS:   119102808 kB
VmallocTotal:   251658176 kB
VmallocUsed:      136188 kB
VmallocChunk:   251409964 kB
Time pass: 151 sec

---2015-12-05 14:07:44
MemTotal:        2873608 kB
MemFree:          121504 kB
Buffers:           16700 kB
Cached:           915736 kB
SwapCached:            4 kB
Active:          1291908 kB
Inactive:         658204 kB
Active(anon):     816364 kB
Inactive(anon):   216348 kB
Active(file):     475544 kB
Inactive(file):   441856 kB
Unevictable:       13568 kB
Mlocked:               0 kB
SwapTotal:        715328 kB
SwapFree:         707496 kB
Dirty:                44 kB
Writeback:             0 kB
AnonPages:       1031424 kB
Mapped:           615048 kB
Shmem:              1468 kB
Slab:              98264 kB
SReclaimable:      31160 kB
SUnreclaim:        67104 kB
KernelStack:       38544 kB
PageTables:        50036 kB
NFS_Unstable:          0 kB
Bounce:                0 kB
WritebackTmp:          0 kB
CommitLimit:     2152132 kB
Committed_AS:   119102812 kB
VmallocTotal:   251658176 kB
VmallocUsed:      136188 kB
VmallocChunk:   251409964 kB
Time pass: 155 sec

---2015-12-05 14:07:44
MemTotal:        2873608 kB
MemFree:          121476 kB
Buffers:           16708 kB
Cached:           915740 kB
SwapCached:            4 kB
Active:          1291528 kB
Inactive:         658216 kB
Active(anon):     815984 kB
Inactive(anon):   216360 kB
Active(file):     475544 kB
Inactive(file):   441856 kB
Unevictable:       13568 kB
Mlocked:               0 kB
SwapTotal:        715328 kB
SwapFree:         707496 kB
Dirty:                 8 kB
Writeback:             0 kB
AnonPages:       1030804 kB
Mapped:           615104 kB
Shmem:              1480 kB
Slab:              98268 kB
SReclaimable:      31160 kB
SUnreclaim:        67108 kB
KernelStack:       38512 kB
PageTables:        50036 kB
NFS_Unstable:          0 kB
Bounce:                0 kB
WritebackTmp:          0 kB
CommitLimit:     2152132 kB
Committed_AS:   119102812 kB
VmallocTotal:   251658176 kB
VmallocUsed:      136188 kB
VmallocChunk:   251409964 kB
Time pass: 158 sec

---2015-12-05 14:07:44
MemTotal:        2873608 kB
MemFree:          131180 kB
Buffers:           16708 kB
Cached:           915408 kB
SwapCached:            4 kB
Active:          1283724 kB
Inactive:         657704 kB
Active(anon):     807996 kB
Inactive(anon):   216020 kB
Active(file):     475728 kB
Inactive(file):   441684 kB
Unevictable:       13568 kB
Mlocked:               0 kB
SwapTotal:        715328 kB
SwapFree:         707496 kB
Dirty:                12 kB
Writeback:             0 kB
AnonPages:       1022924 kB
Mapped:           614668 kB
Shmem:              1136 kB
Slab:              98260 kB
SReclaimable:      31160 kB
SUnreclaim:        67100 kB
KernelStack:       38176 kB
PageTables:        49840 kB
NFS_Unstable:          0 kB
Bounce:                0 kB
WritebackTmp:          0 kB
CommitLimit:     2152132 kB
Committed_AS:   119075376 kB
VmallocTotal:   251658176 kB
VmallocUsed:      136188 kB
VmallocChunk:   251409964 kB
Time pass: 162 sec

---2015-12-05 14:07:44
MemTotal:        2873608 kB
MemFree:          131424 kB
Buffers:           16716 kB
Cached:           915404 kB
SwapCached:            4 kB
Active:          1283736 kB
Inactive:         657704 kB
Active(anon):     808008 kB
Inactive(anon):   216020 kB
Active(file):     475728 kB
Inactive(file):   441684 kB
Unevictable:       13568 kB
Mlocked:               0 kB
SwapTotal:        715328 kB
SwapFree:         707496 kB
Dirty:                40 kB
Writeback:             0 kB
AnonPages:       1022872 kB
Mapped:           614680 kB
Shmem:              1136 kB
Slab:              98260 kB
SReclaimable:      31160 kB
SUnreclaim:        67100 kB
KernelStack:       38176 kB
PageTables:        49836 kB
NFS_Unstable:          0 kB
Bounce:                0 kB
WritebackTmp:          0 kB
CommitLimit:     2152132 kB
Committed_AS:   119075336 kB
VmallocTotal:   251658176 kB
VmallocUsed:      136172 kB
VmallocChunk:   251409964 kB
Time pass: 166 sec

---2015-12-05 14:07:44
MemTotal:        2873608 kB
MemFree:          130944 kB
Buffers:           16716 kB
Cached:           915416 kB
SwapCached:            4 kB
Active:          1283648 kB
Inactive:         657712 kB
Active(anon):     807920 kB
Inactive(anon):   216020 kB
Active(file):     475728 kB
Inactive(file):   441692 kB
Unevictable:       13568 kB
Mlocked:               0 kB
SwapTotal:        715328 kB
SwapFree:         707496 kB
Dirty:                28 kB
Writeback:             0 kB
AnonPages:       1022868 kB
Mapped:           614740 kB
Shmem:              1136 kB
Slab:              98260 kB
SReclaimable:      31160 kB
SUnreclaim:        67100 kB
KernelStack:       38128 kB
PageTables:        49840 kB
NFS_Unstable:          0 kB
Bounce:                0 kB
WritebackTmp:          0 kB
CommitLimit:     2152132 kB
Committed_AS:   119075184 kB
VmallocTotal:   251658176 kB
VmallocUsed:      136172 kB
VmallocChunk:   251409964 kB
Time pass: 170 sec

---2015-12-05 14:07:44
MemTotal:        2873608 kB
MemFree:          131104 kB
Buffers:           16740 kB
Cached:           915416 kB
SwapCached:            4 kB
Active:          1283892 kB
Inactive:         657736 kB
Active(anon):     808164 kB
Inactive(anon):   216020 kB
Active(file):     475728 kB
Inactive(file):   441716 kB
Unevictable:       13568 kB
Mlocked:               0 kB
SwapTotal:        715328 kB
SwapFree:         707496 kB
Dirty:                 8 kB
Writeback:             0 kB
AnonPages:       1023120 kB
Mapped:           614856 kB
Shmem:              1136 kB
Slab:              98260 kB
SReclaimable:      31160 kB
SUnreclaim:        67100 kB
KernelStack:       38160 kB
PageTables:        49844 kB
NFS_Unstable:          0 kB
Bounce:                0 kB
WritebackTmp:          0 kB
CommitLimit:     2152132 kB
Committed_AS:   119075176 kB
VmallocTotal:   251658176 kB
VmallocUsed:      136172 kB
VmallocChunk:   251409964 kB
Time pass: 173 sec

---2015-12-05 14:07:44
MemTotal:        2873608 kB
MemFree:          130936 kB
Buffers:           16740 kB
Cached:           915416 kB
SwapCached:            4 kB
Active:          1284100 kB
Inactive:         657744 kB
Active(anon):     808372 kB
Inactive(anon):   216020 kB
Active(file):     475728 kB
Inactive(file):   441724 kB
Unevictable:       13568 kB
Mlocked:               0 kB
SwapTotal:        715328 kB
SwapFree:         707496 kB
Dirty:                 0 kB
Writeback:             8 kB
AnonPages:       1023168 kB
Mapped:           614860 kB
Shmem:              1136 kB
Slab:              98252 kB
SReclaimable:      31160 kB
SUnreclaim:        67092 kB
KernelStack:       38144 kB
PageTables:        49844 kB
NFS_Unstable:          0 kB
Bounce:                0 kB
WritebackTmp:          0 kB
CommitLimit:     2152132 kB
Committed_AS:   119075152 kB
VmallocTotal:   251658176 kB
VmallocUsed:      133756 kB
VmallocChunk:   251409964 kB
Time pass: 177 sec

---2015-12-05 14:07:44
MemTotal:        2873608 kB
MemFree:          130712 kB
Buffers:           16740 kB
Cached:           915416 kB
SwapCached:            4 kB
Active:          1284104 kB
Inactive:         657744 kB
Active(anon):     808376 kB
Inactive(anon):   216020 kB
Active(file):     475728 kB
Inactive(file):   441724 kB
Unevictable:       13568 kB
Mlocked:               0 kB
SwapTotal:        715328 kB
SwapFree:         707496 kB
Dirty:                 0 kB
Writeback:             0 kB
AnonPages:       1023284 kB
Mapped:           614988 kB
Shmem:              1136 kB
Slab:              98252 kB
SReclaimable:      31160 kB
SUnreclaim:        67092 kB
KernelStack:       38144 kB
PageTables:        49872 kB
NFS_Unstable:          0 kB
Bounce:                0 kB
WritebackTmp:          0 kB
CommitLimit:     2152132 kB
Committed_AS:   119075280 kB
VmallocTotal:   251658176 kB
VmallocUsed:      133756 kB
VmallocChunk:   251409964 kB
Time pass: 181 sec

---2015-12-05 14:07:44
MemTotal:        2873608 kB
MemFree:          130796 kB
Buffers:           16740 kB
Cached:           915416 kB
SwapCached:            4 kB
Active:          1284016 kB
Inactive:         657744 kB
Active(anon):     808288 kB
Inactive(anon):   216020 kB
Active(file):     475728 kB
Inactive(file):   441724 kB
Unevictable:       13568 kB
Mlocked:               0 kB
SwapTotal:        715328 kB
SwapFree:         707496 kB
Dirty:                 0 kB
Writeback:             0 kB
AnonPages:       1023368 kB
Mapped:           614828 kB
Shmem:              1136 kB
Slab:              98252 kB
SReclaimable:      31160 kB
SUnreclaim:        67092 kB
KernelStack:       38144 kB
PageTables:        49812 kB
NFS_Unstable:          0 kB
Bounce:                0 kB
WritebackTmp:          0 kB
CommitLimit:     2152132 kB
Committed_AS:   119075280 kB
VmallocTotal:   251658176 kB
VmallocUsed:      133756 kB
VmallocChunk:   251409964 kB
Time pass: 185 sec

---2015-12-05 14:07:44
MemTotal:        2873608 kB
MemFree:          128040 kB
Buffers:           16740 kB
Cached:           915416 kB
SwapCached:            4 kB
Active:          1286972 kB
Inactive:         657744 kB
Active(anon):     811244 kB
Inactive(anon):   216020 kB
Active(file):     475728 kB
Inactive(file):   441724 kB
Unevictable:       13568 kB
Mlocked:               0 kB
SwapTotal:        715328 kB
SwapFree:         707496 kB
Dirty:                 0 kB
Writeback:             0 kB
AnonPages:       1026468 kB
Mapped:           614916 kB
Shmem:              1136 kB
Slab:              98252 kB
SReclaimable:      31160 kB
SUnreclaim:        67092 kB
KernelStack:       38144 kB
PageTables:        49840 kB
NFS_Unstable:          0 kB
Bounce:                0 kB
WritebackTmp:          0 kB
CommitLimit:     2152132 kB
Committed_AS:   119075360 kB
VmallocTotal:   251658176 kB
VmallocUsed:      133756 kB
VmallocChunk:   251409964 kB
Time pass: 189 sec

---2015-12-05 14:07:44
MemTotal:        2873608 kB
MemFree:          109640 kB
Buffers:           16788 kB
Cached:           915540 kB
SwapCached:            4 kB
Active:          1305100 kB
Inactive:         657896 kB
Active(anon):     829356 kB
Inactive(anon):   216136 kB
Active(file):     475744 kB
Inactive(file):   441760 kB
Unevictable:       13568 kB
Mlocked:               0 kB
SwapTotal:        715328 kB
SwapFree:         707496 kB
Dirty:                84 kB
Writeback:             0 kB
AnonPages:       1044140 kB
Mapped:           616800 kB
Shmem:              1256 kB
Slab:              98276 kB
SReclaimable:      31176 kB
SUnreclaim:        67100 kB
KernelStack:       38528 kB
PageTables:        50004 kB
NFS_Unstable:          0 kB
Bounce:                0 kB
WritebackTmp:          0 kB
CommitLimit:     2152132 kB
Committed_AS:   119111048 kB
VmallocTotal:   251658176 kB
VmallocUsed:      136188 kB
VmallocChunk:   251409964 kB
Time pass: 193 sec

---2015-12-05 14:07:44
MemTotal:        2873608 kB
MemFree:          108760 kB
Buffers:           16788 kB
Cached:           915608 kB
SwapCached:            4 kB
Active:          1305424 kB
Inactive:         657964 kB
Active(anon):     829680 kB
Inactive(anon):   216204 kB
Active(file):     475744 kB
Inactive(file):   441760 kB
Unevictable:       13568 kB
Mlocked:               0 kB
SwapTotal:        715328 kB
SwapFree:         707496 kB
Dirty:                 0 kB
Writeback:             0 kB
AnonPages:       1044604 kB
Mapped:           616896 kB
Shmem:              1324 kB
Slab:              98264 kB
SReclaimable:      31176 kB
SUnreclaim:        67088 kB
KernelStack:       38528 kB
PageTables:        50004 kB
NFS_Unstable:          0 kB
Bounce:                0 kB
WritebackTmp:          0 kB
CommitLimit:     2152132 kB
Committed_AS:   119111060 kB
VmallocTotal:   251658176 kB
VmallocUsed:      136188 kB
VmallocChunk:   251409964 kB
Time pass: 196 sec

---2015-12-05 14:07:44
MemTotal:        2873608 kB
MemFree:          108184 kB
Buffers:           16812 kB
Cached:           915640 kB
SwapCached:            4 kB
Active:          1305080 kB
Inactive:         658020 kB
Active(anon):     829336 kB
Inactive(anon):   216236 kB
Active(file):     475744 kB
Inactive(file):   441784 kB
Unevictable:       13568 kB
Mlocked:               0 kB
SwapTotal:        715328 kB
SwapFree:         707496 kB
Dirty:                68 kB
Writeback:             0 kB
AnonPages:       1044376 kB
Mapped:           617060 kB
Shmem:              1356 kB
Slab:              98264 kB
SReclaimable:      31176 kB
SUnreclaim:        67088 kB
KernelStack:       38528 kB
PageTables:        50064 kB
NFS_Unstable:          0 kB
Bounce:                0 kB
WritebackTmp:          0 kB
CommitLimit:     2152132 kB
Committed_AS:   119115180 kB
VmallocTotal:   251658176 kB
VmallocUsed:      136188 kB
VmallocChunk:   251409964 kB
Time pass: 200 sec

---2015-12-05 14:07:44
MemTotal:        2873608 kB
MemFree:          108512 kB
Buffers:           16820 kB
Cached:           915640 kB
SwapCached:            4 kB
Active:          1304840 kB
Inactive:         658028 kB
Active(anon):     829096 kB
Inactive(anon):   216236 kB
Active(file):     475744 kB
Inactive(file):   441792 kB
Unevictable:       13568 kB
Mlocked:               0 kB
SwapTotal:        715328 kB
SwapFree:         707496 kB
Dirty:                68 kB
Writeback:             0 kB
AnonPages:       1044036 kB
Mapped:           617072 kB
Shmem:              1356 kB
Slab:              98264 kB
SReclaimable:      31176 kB
SUnreclaim:        67088 kB
KernelStack:       38528 kB
PageTables:        50064 kB
NFS_Unstable:          0 kB
Bounce:                0 kB
WritebackTmp:          0 kB
CommitLimit:     2152132 kB
Committed_AS:   119115260 kB
VmallocTotal:   251658176 kB
VmallocUsed:      136188 kB
VmallocChunk:   251409964 kB
Time pass: 204 sec

---2015-12-05 14:07:44
MemTotal:        2873608 kB
MemFree:          108568 kB
Buffers:           16820 kB
Cached:           915640 kB
SwapCached:            4 kB
Active:          1304528 kB
Inactive:         658028 kB
Active(anon):     828784 kB
Inactive(anon):   216236 kB
Active(file):     475744 kB
Inactive(file):   441792 kB
Unevictable:       13568 kB
Mlocked:               0 kB
SwapTotal:        715328 kB
SwapFree:         707496 kB
Dirty:                 0 kB
Writeback:             0 kB
AnonPages:       1043872 kB
Mapped:           617072 kB
Shmem:              1356 kB
Slab:              98264 kB
SReclaimable:      31176 kB
SUnreclaim:        67088 kB
KernelStack:       38528 kB
PageTables:        50068 kB
NFS_Unstable:          0 kB
Bounce:                0 kB
WritebackTmp:          0 kB
CommitLimit:     2152132 kB
Committed_AS:   119115268 kB
VmallocTotal:   251658176 kB
VmallocUsed:      136188 kB
VmallocChunk:   251409964 kB
Time pass: 208 sec

---2015-12-05 14:07:44
MemTotal:        2873608 kB
MemFree:          108384 kB
Buffers:           16824 kB
Cached:           915640 kB
SwapCached:            4 kB
Active:          1304796 kB
Inactive:         658028 kB
Active(anon):     829052 kB
Inactive(anon):   216236 kB
Active(file):     475744 kB
Inactive(file):   441792 kB
Unevictable:       13568 kB
Mlocked:               0 kB
SwapTotal:        715328 kB
SwapFree:         707496 kB
Dirty:                 0 kB
Writeback:             0 kB
AnonPages:       1043984 kB
Mapped:           617076 kB
Shmem:              1356 kB
Slab:              98264 kB
SReclaimable:      31176 kB
SUnreclaim:        67088 kB
KernelStack:       38528 kB
PageTables:        50064 kB
NFS_Unstable:          0 kB
Bounce:                0 kB
WritebackTmp:          0 kB
CommitLimit:     2152132 kB
Committed_AS:   119115260 kB
VmallocTotal:   251658176 kB
VmallocUsed:      136188 kB
VmallocChunk:   251409964 kB
Time pass: 211 sec

---2015-12-05 14:07:44
MemTotal:        2873608 kB
MemFree:          107956 kB
Buffers:           16824 kB
Cached:           915640 kB
SwapCached:            4 kB
Active:          1304688 kB
Inactive:         658032 kB
Active(anon):     828944 kB
Inactive(anon):   216236 kB
Active(file):     475744 kB
Inactive(file):   441796 kB
Unevictable:       13568 kB
Mlocked:               0 kB
SwapTotal:        715328 kB
SwapFree:         707496 kB
Dirty:                 0 kB
Writeback:             0 kB
AnonPages:       1044004 kB
Mapped:           616956 kB
Shmem:              1356 kB
Slab:              98264 kB
SReclaimable:      31176 kB
SUnreclaim:        67088 kB
KernelStack:       38528 kB
PageTables:        50008 kB
NFS_Unstable:          0 kB
Bounce:                0 kB
WritebackTmp:          0 kB
CommitLimit:     2152132 kB
Committed_AS:   119115260 kB
VmallocTotal:   251658176 kB
VmallocUsed:      136188 kB
VmallocChunk:   251409964 kB
Time pass: 215 sec

---2015-12-05 14:07:44
MemTotal:        2873608 kB
MemFree:          109280 kB
Buffers:           16840 kB
Cached:           915624 kB
SwapCached:            4 kB
Active:          1304288 kB
Inactive:         658036 kB
Active(anon):     828552 kB
Inactive(anon):   216232 kB
Active(file):     475736 kB
Inactive(file):   441804 kB
Unevictable:       13568 kB
Mlocked:               0 kB
SwapTotal:        715328 kB
SwapFree:         707496 kB
Dirty:                80 kB
Writeback:             0 kB
AnonPages:       1043460 kB
Mapped:           616760 kB
Shmem:              1356 kB
Slab:              98268 kB
SReclaimable:      31176 kB
SUnreclaim:        67092 kB
KernelStack:       38576 kB
PageTables:        50012 kB
NFS_Unstable:          0 kB
Bounce:                0 kB
WritebackTmp:          0 kB
CommitLimit:     2152132 kB
Committed_AS:   119115348 kB
VmallocTotal:   251658176 kB
VmallocUsed:      136188 kB
VmallocChunk:   251409964 kB
Time pass: 219 sec

---2015-12-05 14:07:44
MemTotal:        2873608 kB
MemFree:          108800 kB
Buffers:           16840 kB
Cached:           915632 kB
SwapCached:            4 kB
Active:          1304308 kB
Inactive:         658032 kB
Active(anon):     828572 kB
Inactive(anon):   216220 kB
Active(file):     475736 kB
Inactive(file):   441812 kB
Unevictable:       13568 kB
Mlocked:               0 kB
SwapTotal:        715328 kB
SwapFree:         707496 kB
Dirty:               116 kB
Writeback:             0 kB
AnonPages:       1043404 kB
Mapped:           616984 kB
Shmem:              1356 kB
Slab:              98272 kB
SReclaimable:      31176 kB
SUnreclaim:        67096 kB
KernelStack:       38544 kB
PageTables:        50012 kB
NFS_Unstable:          0 kB
Bounce:                0 kB
WritebackTmp:          0 kB
CommitLimit:     2152132 kB
Committed_AS:   119115260 kB
VmallocTotal:   251658176 kB
VmallocUsed:      136188 kB
VmallocChunk:   251409964 kB
Time pass: 222 sec

---2015-12-05 14:07:44
MemTotal:        2873608 kB
MemFree:          116360 kB
Buffers:           16856 kB
Cached:           915624 kB
SwapCached:            4 kB
Active:          1296444 kB
Inactive:         658040 kB
Active(anon):     820708 kB
Inactive(anon):   216220 kB
Active(file):     475736 kB
Inactive(file):   441820 kB
Unevictable:       13568 kB
Mlocked:               0 kB
SwapTotal:        715328 kB
SwapFree:         707496 kB
Dirty:                 8 kB
Writeback:             0 kB
AnonPages:       1035676 kB
Mapped:           616992 kB
Shmem:              1356 kB
Slab:              98268 kB
SReclaimable:      31176 kB
SUnreclaim:        67092 kB
KernelStack:       38528 kB
PageTables:        50008 kB
NFS_Unstable:          0 kB
Bounce:                0 kB
WritebackTmp:          0 kB
CommitLimit:     2152132 kB
Committed_AS:   119115252 kB
VmallocTotal:   251658176 kB
VmallocUsed:      136188 kB
VmallocChunk:   251409964 kB
Time pass: 226 sec

---2015-12-05 14:07:44
MemTotal:        2873608 kB
MemFree:          113456 kB
Buffers:           16888 kB
Cached:           915568 kB
SwapCached:            4 kB
Active:          1299768 kB
Inactive:         658012 kB
Active(anon):     824032 kB
Inactive(anon):   216152 kB
Active(file):     475736 kB
Inactive(file):   441860 kB
Unevictable:       13568 kB
Mlocked:               0 kB
SwapTotal:        715328 kB
SwapFree:         707496 kB
Dirty:                76 kB
Writeback:             0 kB
AnonPages:       1038996 kB
Mapped:           616960 kB
Shmem:              1292 kB
Slab:              98336 kB
SReclaimable:      31176 kB
SUnreclaim:        67160 kB
KernelStack:       38560 kB
PageTables:        50036 kB
NFS_Unstable:          0 kB
Bounce:                0 kB
WritebackTmp:          0 kB
CommitLimit:     2152132 kB
Committed_AS:   119123564 kB
VmallocTotal:   251658176 kB
VmallocUsed:      136188 kB
VmallocChunk:   251409964 kB
Time pass: 230 sec

---2015-12-05 14:07:44
MemTotal:        2873608 kB
MemFree:          113812 kB
Buffers:           16888 kB
Cached:           915576 kB
SwapCached:            4 kB
Active:          1299352 kB
Inactive:         658020 kB
Active(anon):     823616 kB
Inactive(anon):   216160 kB
Active(file):     475736 kB
Inactive(file):   441860 kB
Unevictable:       13568 kB
Mlocked:               0 kB
SwapTotal:        715328 kB
SwapFree:         707496 kB
Dirty:                 0 kB
Writeback:             0 kB
AnonPages:       1038608 kB
Mapped:           616972 kB
Shmem:              1300 kB
Slab:              98332 kB
SReclaimable:      31176 kB
SUnreclaim:        67156 kB
KernelStack:       38560 kB
PageTables:        50040 kB
NFS_Unstable:          0 kB
Bounce:                0 kB
WritebackTmp:          0 kB
CommitLimit:     2152132 kB
Committed_AS:   119123556 kB
VmallocTotal:   251658176 kB
VmallocUsed:      136188 kB
VmallocChunk:   251409964 kB
Time pass: 234 sec

---2015-12-05 14:07:44
MemTotal:        2873608 kB
MemFree:          113512 kB
Buffers:           16912 kB
Cached:           915584 kB
SwapCached:            4 kB
Active:          1299592 kB
Inactive:         658052 kB
Active(anon):     823856 kB
Inactive(anon):   216168 kB
Active(file):     475736 kB
Inactive(file):   441884 kB
Unevictable:       13568 kB
Mlocked:               0 kB
SwapTotal:        715328 kB
SwapFree:         707496 kB
Dirty:                48 kB
Writeback:             0 kB
AnonPages:       1038736 kB
Mapped:           616984 kB
Shmem:              1308 kB
Slab:              98332 kB
SReclaimable:      31176 kB
SUnreclaim:        67156 kB
KernelStack:       38560 kB
PageTables:        50044 kB
NFS_Unstable:          0 kB
Bounce:                0 kB
WritebackTmp:          0 kB
CommitLimit:     2152132 kB
Committed_AS:   119123548 kB
VmallocTotal:   251658176 kB
VmallocUsed:      136188 kB
VmallocChunk:   251409964 kB
Time pass: 237 sec

---2015-12-05 14:07:44
MemTotal:        2873608 kB
MemFree:          112404 kB
Buffers:           16920 kB
Cached:           915580 kB
SwapCached:            4 kB
Active:          1300448 kB
Inactive:         658056 kB
Active(anon):     824712 kB
Inactive(anon):   216172 kB
Active(file):     475736 kB
Inactive(file):   441884 kB
Unevictable:       13568 kB
Mlocked:               0 kB
SwapTotal:        715328 kB
SwapFree:         707496 kB
Dirty:                 0 kB
Writeback:             0 kB
AnonPages:       1039580 kB
Mapped:           616860 kB
Shmem:              1312 kB
Slab:              98332 kB
SReclaimable:      31176 kB
SUnreclaim:        67156 kB
KernelStack:       38544 kB
PageTables:        50072 kB
NFS_Unstable:          0 kB
Bounce:                0 kB
WritebackTmp:          0 kB
CommitLimit:     2152132 kB
Committed_AS:   119123540 kB
VmallocTotal:   251658176 kB
VmallocUsed:      136188 kB
VmallocChunk:   251409964 kB
Time pass: 241 sec

---2015-12-05 14:07:44
MemTotal:        2873608 kB
MemFree:          112168 kB
Buffers:           16920 kB
Cached:           915604 kB
SwapCached:            4 kB
Active:          1300868 kB
Inactive:         658080 kB
Active(anon):     825132 kB
Inactive(anon):   216188 kB
Active(file):     475736 kB
Inactive(file):   441892 kB
Unevictable:       13568 kB
Mlocked:               0 kB
SwapTotal:        715328 kB
SwapFree:         707496 kB
Dirty:                36 kB
Writeback:             0 kB
AnonPages:       1040024 kB
Mapped:           616800 kB
Shmem:              1328 kB
Slab:              98332 kB
SReclaimable:      31176 kB
SUnreclaim:        67156 kB
KernelStack:       38544 kB
PageTables:        50044 kB
NFS_Unstable:          0 kB
Bounce:                0 kB
WritebackTmp:          0 kB
CommitLimit:     2152132 kB
Committed_AS:   119127588 kB
VmallocTotal:   251658176 kB
VmallocUsed:      136188 kB
VmallocChunk:   251409964 kB
Time pass: 245 sec

---2015-12-05 14:07:44
MemTotal:        2873608 kB
MemFree:          111840 kB
Buffers:           16936 kB
Cached:           915604 kB
SwapCached:            4 kB
Active:          1301304 kB
Inactive:         658096 kB
Active(anon):     825568 kB
Inactive(anon):   216188 kB
Active(file):     475736 kB
Inactive(file):   441908 kB
Unevictable:       13568 kB
Mlocked:               0 kB
SwapTotal:        715328 kB
SwapFree:         707496 kB
Dirty:                48 kB
Writeback:             0 kB
AnonPages:       1040436 kB
Mapped:           617028 kB
Shmem:              1328 kB
Slab:              98332 kB
SReclaimable:      31176 kB
SUnreclaim:        67156 kB
KernelStack:       38544 kB
PageTables:        50044 kB
NFS_Unstable:          0 kB
Bounce:                0 kB
WritebackTmp:          0 kB
CommitLimit:     2152132 kB
Committed_AS:   119127652 kB
VmallocTotal:   251658176 kB
VmallocUsed:      136188 kB
VmallocChunk:   251409964 kB
Time pass: 249 sec

---2015-12-05 14:07:44
MemTotal:        2873608 kB
MemFree:          111636 kB
Buffers:           16944 kB
Cached:           915604 kB
SwapCached:            4 kB
Active:          1301388 kB
Inactive:         658096 kB
Active(anon):     825652 kB
Inactive(anon):   216188 kB
Active(file):     475736 kB
Inactive(file):   441908 kB
Unevictable:       13568 kB
Mlocked:               0 kB
SwapTotal:        715328 kB
SwapFree:         707496 kB
Dirty:                32 kB
Writeback:             0 kB
AnonPages:       1040528 kB
Mapped:           617032 kB
Shmem:              1328 kB
Slab:              98332 kB
SReclaimable:      31176 kB
SUnreclaim:        67156 kB
KernelStack:       38544 kB
PageTables:        50044 kB
NFS_Unstable:          0 kB
Bounce:                0 kB
WritebackTmp:          0 kB
CommitLimit:     2152132 kB
Committed_AS:   119127648 kB
VmallocTotal:   251658176 kB
VmallocUsed:      136188 kB
VmallocChunk:   251409964 kB
Time pass: 253 sec

---2015-12-05 14:07:44
MemTotal:        2873608 kB
MemFree:          111348 kB
Buffers:           16944 kB
Cached:           915604 kB
SwapCached:            4 kB
Active:          1301836 kB
Inactive:         658104 kB
Active(anon):     826100 kB
Inactive(anon):   216188 kB
Active(file):     475736 kB
Inactive(file):   441916 kB
Unevictable:       13568 kB
Mlocked:               0 kB
SwapTotal:        715328 kB
SwapFree:         707496 kB
Dirty:                32 kB
Writeback:             0 kB
AnonPages:       1040884 kB
Mapped:           617040 kB
Shmem:              1328 kB
Slab:              98332 kB
SReclaimable:      31176 kB
SUnreclaim:        67156 kB
KernelStack:       38512 kB
PageTables:        50044 kB
NFS_Unstable:          0 kB
Bounce:                0 kB
WritebackTmp:          0 kB
CommitLimit:     2152132 kB
Committed_AS:   119127644 kB
VmallocTotal:   251658176 kB
VmallocUsed:      136188 kB
VmallocChunk:   251409964 kB
Time pass: 256 sec

---2015-12-05 14:07:44
MemTotal:        2873608 kB
MemFree:          111780 kB
Buffers:           16976 kB
Cached:           915604 kB
SwapCached:            4 kB
Active:          1302044 kB
Inactive:         658136 kB
Active(anon):     826308 kB
Inactive(anon):   216188 kB
Active(file):     475736 kB
Inactive(file):   441948 kB
Unevictable:       13568 kB
Mlocked:               0 kB
SwapTotal:        715328 kB
SwapFree:         707496 kB
Dirty:                64 kB
Writeback:             0 kB
AnonPages:       1041392 kB
Mapped:           617012 kB
Shmem:              1328 kB
Slab:              98328 kB
SReclaimable:      31176 kB
SUnreclaim:        67152 kB
KernelStack:       38512 kB
PageTables:        50080 kB
NFS_Unstable:          0 kB
Bounce:                0 kB
WritebackTmp:          0 kB
CommitLimit:     2152132 kB
Committed_AS:   119127732 kB
VmallocTotal:   251658176 kB
VmallocUsed:      136188 kB
VmallocChunk:   251409964 kB
Time pass: 260 sec

---2015-12-05 14:07:44
MemTotal:        2873608 kB
MemFree:          110916 kB
Buffers:           16976 kB
Cached:           915628 kB
SwapCached:            4 kB
Active:          1302036 kB
Inactive:         658160 kB
Active(anon):     826300 kB
Inactive(anon):   216212 kB
Active(file):     475736 kB
Inactive(file):   441948 kB
Unevictable:       13568 kB
Mlocked:               0 kB
SwapTotal:        715328 kB
SwapFree:         707496 kB
Dirty:                 0 kB
Writeback:             0 kB
AnonPages:       1041200 kB
Mapped:           617080 kB
Shmem:              1352 kB
Slab:              98328 kB
SReclaimable:      31176 kB
SUnreclaim:        67152 kB
KernelStack:       38528 kB
PageTables:        50052 kB
NFS_Unstable:          0 kB
Bounce:                0 kB
WritebackTmp:          0 kB
CommitLimit:     2152132 kB
Committed_AS:   119127764 kB
VmallocTotal:   251658176 kB
VmallocUsed:      136188 kB
VmallocChunk:   251409964 kB
Time pass: 264 sec

---2015-12-05 14:07:44
MemTotal:        2873608 kB
MemFree:          110420 kB
Buffers:           16984 kB
Cached:           915628 kB
SwapCached:            4 kB
Active:          1302376 kB
Inactive:         658164 kB
Active(anon):     826636 kB
Inactive(anon):   216212 kB
Active(file):     475740 kB
Inactive(file):   441952 kB
Unevictable:       13568 kB
Mlocked:               0 kB
SwapTotal:        715328 kB
SwapFree:         707496 kB
Dirty:                32 kB
Writeback:             0 kB
AnonPages:       1041508 kB
Mapped:           617120 kB
Shmem:              1352 kB
Slab:              98348 kB
SReclaimable:      31176 kB
SUnreclaim:        67172 kB
KernelStack:       38528 kB
PageTables:        50052 kB
NFS_Unstable:          0 kB
Bounce:                0 kB
WritebackTmp:          0 kB
CommitLimit:     2152132 kB
Committed_AS:   119127756 kB
VmallocTotal:   251658176 kB
VmallocUsed:      136188 kB
VmallocChunk:   251409964 kB
Time pass: 268 sec

---2015-12-05 14:07:44
MemTotal:        2873608 kB
MemFree:          110656 kB
Buffers:           17000 kB
Cached:           915632 kB
SwapCached:            4 kB
Active:          1302292 kB
Inactive:         658184 kB
Active(anon):     826552 kB
Inactive(anon):   216216 kB
Active(file):     475740 kB
Inactive(file):   441968 kB
Unevictable:       13568 kB
Mlocked:               0 kB
SwapTotal:        715328 kB
SwapFree:         707496 kB
Dirty:                44 kB
Writeback:             0 kB
AnonPages:       1041232 kB
Mapped:           617216 kB
Shmem:              1356 kB
Slab:              98352 kB
SReclaimable:      31176 kB
SUnreclaim:        67176 kB
KernelStack:       38464 kB
PageTables:        50080 kB
NFS_Unstable:          0 kB
Bounce:                0 kB
WritebackTmp:          0 kB
CommitLimit:     2152132 kB
Committed_AS:   119127788 kB
VmallocTotal:   251658176 kB
VmallocUsed:      136188 kB
VmallocChunk:   251409964 kB
Time pass: 271 sec

---2015-12-05 14:07:44
MemTotal:        2873608 kB
MemFree:          111036 kB
Buffers:           17000 kB
Cached:           915636 kB
SwapCached:            4 kB
Active:          1302148 kB
Inactive:         658188 kB
Active(anon):     826408 kB
Inactive(anon):   216220 kB
Active(file):     475740 kB
Inactive(file):   441968 kB
Unevictable:       13568 kB
Mlocked:               0 kB
SwapTotal:        715328 kB
SwapFree:         707496 kB
Dirty:                44 kB
Writeback:             0 kB
AnonPages:       1041480 kB
Mapped:           617228 kB
Shmem:              1360 kB
Slab:              98332 kB
SReclaimable:      31176 kB
SUnreclaim:        67156 kB
KernelStack:       38496 kB
PageTables:        50084 kB
NFS_Unstable:          0 kB
Bounce:                0 kB
WritebackTmp:          0 kB
CommitLimit:     2152132 kB
Committed_AS:   119127788 kB
VmallocTotal:   251658176 kB
VmallocUsed:      136188 kB
VmallocChunk:   251409964 kB
Time pass: 275 sec

---2015-12-05 14:07:44
MemTotal:        2873608 kB
MemFree:          109612 kB
Buffers:           17032 kB
Cached:           915636 kB
SwapCached:            4 kB
Active:          1303212 kB
Inactive:         658220 kB
Active(anon):     827472 kB
Inactive(anon):   216220 kB
Active(file):     475740 kB
Inactive(file):   442000 kB
Unevictable:       13568 kB
Mlocked:               0 kB
SwapTotal:        715328 kB
SwapFree:         707496 kB
Dirty:                92 kB
Writeback:             0 kB
AnonPages:       1042316 kB
Mapped:           617248 kB
Shmem:              1360 kB
Slab:              98332 kB
SReclaimable:      31176 kB
SUnreclaim:        67156 kB
KernelStack:       38512 kB
PageTables:        50084 kB
NFS_Unstable:          0 kB
Bounce:                0 kB
WritebackTmp:          0 kB
CommitLimit:     2152132 kB
Committed_AS:   119127836 kB
VmallocTotal:   251658176 kB
VmallocUsed:      136188 kB
VmallocChunk:   251409964 kB
Time pass: 279 sec

---2015-12-05 14:07:44
MemTotal:        2873608 kB
MemFree:          107396 kB
Buffers:           17056 kB
Cached:           915640 kB
SwapCached:            4 kB
Active:          1305372 kB
Inactive:         658248 kB
Active(anon):     829632 kB
Inactive(anon):   216220 kB
Active(file):     475740 kB
Inactive(file):   442028 kB
Unevictable:       13568 kB
Mlocked:               0 kB
SwapTotal:        715328 kB
SwapFree:         707496 kB
Dirty:                80 kB
Writeback:             0 kB
AnonPages:       1044168 kB
Mapped:           617260 kB
Shmem:              1360 kB
Slab:              98332 kB
SReclaimable:      31176 kB
SUnreclaim:        67156 kB
KernelStack:       38512 kB
PageTables:        50088 kB
NFS_Unstable:          0 kB
Bounce:                0 kB
WritebackTmp:          0 kB
CommitLimit:     2152132 kB
Committed_AS:   119127908 kB
VmallocTotal:   251658176 kB
VmallocUsed:      136188 kB
VmallocChunk:   251409964 kB
Time pass: 283 sec

---2015-12-05 14:07:44
MemTotal:        2873608 kB
MemFree:          107504 kB
Buffers:           17056 kB
Cached:           915660 kB
SwapCached:            4 kB
Active:          1305268 kB
Inactive:         658268 kB
Active(anon):     829528 kB
Inactive(anon):   216224 kB
Active(file):     475740 kB
Inactive(file):   442044 kB
Unevictable:       13568 kB
Mlocked:               0 kB
SwapTotal:        715328 kB
SwapFree:         707496 kB
Dirty:               124 kB
Writeback:             0 kB
AnonPages:       1044180 kB
Mapped:           617188 kB
Shmem:              1364 kB
Slab:              98336 kB
SReclaimable:      31176 kB
SUnreclaim:        67160 kB
KernelStack:       38480 kB
PageTables:        50052 kB
NFS_Unstable:          0 kB
Bounce:                0 kB
WritebackTmp:          0 kB
CommitLimit:     2152132 kB
Committed_AS:   119127780 kB
VmallocTotal:   251658176 kB
VmallocUsed:      136188 kB
VmallocChunk:   251409964 kB
Time pass: 286 sec

---2015-12-05 14:07:44
MemTotal:        2873608 kB
MemFree:          107708 kB
Buffers:           17064 kB
Cached:           915664 kB
SwapCached:            4 kB
Active:          1305296 kB
Inactive:         658280 kB
Active(anon):     829556 kB
Inactive(anon):   216228 kB
Active(file):     475740 kB
Inactive(file):   442052 kB
Unevictable:       13568 kB
Mlocked:               0 kB
SwapTotal:        715328 kB
SwapFree:         707496 kB
Dirty:                32 kB
Writeback:             0 kB
AnonPages:       1044400 kB
Mapped:           617312 kB
Shmem:              1368 kB
Slab:              98344 kB
SReclaimable:      31176 kB
SUnreclaim:        67168 kB
KernelStack:       38448 kB
PageTables:        50068 kB
NFS_Unstable:          0 kB
Bounce:                0 kB
WritebackTmp:          0 kB
CommitLimit:     2152132 kB
Committed_AS:   119127796 kB
VmallocTotal:   251658176 kB
VmallocUsed:      136188 kB
VmallocChunk:   251409964 kB
Time pass: 290 sec

---2015-12-05 14:07:44
MemTotal:        2873608 kB
MemFree:          107712 kB
Buffers:           17064 kB
Cached:           915692 kB
SwapCached:            4 kB
Active:          1304580 kB
Inactive:         658308 kB
Active(anon):     828840 kB
Inactive(anon):   216256 kB
Active(file):     475740 kB
Inactive(file):   442052 kB
Unevictable:       13568 kB
Mlocked:               0 kB
SwapTotal:        715328 kB
SwapFree:         707496 kB
Dirty:                32 kB
Writeback:             0 kB
AnonPages:       1043760 kB
Mapped:           617240 kB
Shmem:              1396 kB
Slab:              98332 kB
SReclaimable:      31176 kB
SUnreclaim:        67156 kB
KernelStack:       38448 kB
PageTables:        50048 kB
NFS_Unstable:          0 kB
Bounce:                0 kB
WritebackTmp:          0 kB
CommitLimit:     2152132 kB
Committed_AS:   119127700 kB
VmallocTotal:   251658176 kB
VmallocUsed:      136188 kB
VmallocChunk:   251409964 kB
Time pass: 294 sec

---2015-12-05 14:07:44
MemTotal:        2873608 kB
MemFree:          108080 kB
Buffers:           17080 kB
Cached:           915692 kB
SwapCached:            4 kB
Active:          1304720 kB
Inactive:         658324 kB
Active(anon):     828980 kB
Inactive(anon):   216256 kB
Active(file):     475740 kB
Inactive(file):   442068 kB
Unevictable:       13568 kB
Mlocked:               0 kB
SwapTotal:        715328 kB
SwapFree:         707496 kB
Dirty:                44 kB
Writeback:             0 kB
AnonPages:       1043916 kB
Mapped:           617256 kB
Shmem:              1396 kB
Slab:              98332 kB
SReclaimable:      31176 kB
SUnreclaim:        67156 kB
KernelStack:       38448 kB
PageTables:        50052 kB
NFS_Unstable:          0 kB
Bounce:                0 kB
WritebackTmp:          0 kB
CommitLimit:     2152132 kB
Committed_AS:   119127780 kB
VmallocTotal:   251658176 kB
VmallocUsed:      136188 kB
VmallocChunk:   251409964 kB
Time pass: 298 sec

---2015-12-05 14:07:44
MemTotal:        2873608 kB
MemFree:          107684 kB
Buffers:           17088 kB
Cached:           915692 kB
SwapCached:            4 kB
Active:          1304848 kB
Inactive:         658332 kB
Active(anon):     829108 kB
Inactive(anon):   216256 kB
Active(file):     475740 kB
Inactive(file):   442076 kB
Unevictable:       13568 kB
Mlocked:               0 kB
SwapTotal:        715328 kB
SwapFree:         707496 kB
Dirty:                32 kB
Writeback:             0 kB
AnonPages:       1043932 kB
Mapped:           617360 kB
Shmem:              1396 kB
Slab:              98332 kB
SReclaimable:      31176 kB
SUnreclaim:        67156 kB
KernelStack:       38448 kB
PageTables:        50116 kB
NFS_Unstable:          0 kB
Bounce:                0 kB
WritebackTmp:          0 kB
CommitLimit:     2152132 kB
Committed_AS:   119127772 kB
VmallocTotal:   251658176 kB
VmallocUsed:      136188 kB
VmallocChunk:   251409964 kB
Time pass: 302 sec

---2015-12-05 14:07:44
MemTotal:        2873608 kB
MemFree:          107440 kB
Buffers:           17088 kB
Cached:           915692 kB
SwapCached:            4 kB
Active:          1305092 kB
Inactive:         658332 kB
Active(anon):     829352 kB
Inactive(anon):   216256 kB
Active(file):     475740 kB
Inactive(file):   442076 kB
Unevictable:       13568 kB
Mlocked:               0 kB
SwapTotal:        715328 kB
SwapFree:         707496 kB
Dirty:                 0 kB
Writeback:            32 kB
AnonPages:       1044244 kB
Mapped:           617260 kB
Shmem:              1396 kB
Slab:              98336 kB
SReclaimable:      31176 kB
SUnreclaim:        67160 kB
KernelStack:       38448 kB
PageTables:        50060 kB
NFS_Unstable:          0 kB
Bounce:                0 kB
WritebackTmp:          0 kB
CommitLimit:     2152132 kB
Committed_AS:   119127776 kB
VmallocTotal:   251658176 kB
VmallocUsed:      136188 kB
VmallocChunk:   251409964 kB
Time pass: 305 sec

---2015-12-05 14:07:44
MemTotal:        2873608 kB
MemFree:          107216 kB
Buffers:           17104 kB
Cached:           915696 kB
SwapCached:            4 kB
Active:          1305580 kB
Inactive:         658352 kB
Active(anon):     829840 kB
Inactive(anon):   216260 kB
Active(file):     475740 kB
Inactive(file):   442092 kB
Unevictable:       13568 kB
Mlocked:               0 kB
SwapTotal:        715328 kB
SwapFree:         707496 kB
Dirty:                44 kB
Writeback:             0 kB
AnonPages:       1044708 kB
Mapped:           617360 kB
Shmem:              1400 kB
Slab:              98332 kB
SReclaimable:      31176 kB
SUnreclaim:        67156 kB
KernelStack:       38448 kB
PageTables:        50092 kB
NFS_Unstable:          0 kB
Bounce:                0 kB
WritebackTmp:          0 kB
CommitLimit:     2152132 kB
Committed_AS:   119127796 kB
VmallocTotal:   251658176 kB
VmallocUsed:      136188 kB
VmallocChunk:   251409964 kB
Time pass: 309 sec

---2015-12-05 14:07:44
MemTotal:        2873608 kB
MemFree:          107272 kB
Buffers:           17112 kB
Cached:           915696 kB
SwapCached:            4 kB
Active:          1305328 kB
Inactive:         658352 kB
Active(anon):     829588 kB
Inactive(anon):   216260 kB
Active(file):     475740 kB
Inactive(file):   442092 kB
Unevictable:       13568 kB
Mlocked:               0 kB
SwapTotal:        715328 kB
SwapFree:         707496 kB
Dirty:                32 kB
Writeback:             0 kB
AnonPages:       1044328 kB
Mapped:           617368 kB
Shmem:              1400 kB
Slab:              98332 kB
SReclaimable:      31176 kB
SUnreclaim:        67156 kB
KernelStack:       38448 kB
PageTables:        50088 kB
NFS_Unstable:          0 kB
Bounce:                0 kB
WritebackTmp:          0 kB
CommitLimit:     2152132 kB
Committed_AS:   119127708 kB
VmallocTotal:   251658176 kB
VmallocUsed:      136188 kB
VmallocChunk:   251409964 kB
Time pass: 313 sec

---2015-12-05 14:07:44
MemTotal:        2873608 kB
MemFree:          107420 kB
Buffers:           17128 kB
Cached:           915680 kB
SwapCached:            4 kB
Active:          1305364 kB
Inactive:         658360 kB
Active(anon):     829624 kB
Inactive(anon):   216260 kB
Active(file):     475740 kB
Inactive(file):   442100 kB
Unevictable:       13568 kB
Mlocked:               0 kB
SwapTotal:        715328 kB
SwapFree:         707496 kB
Dirty:                32 kB
Writeback:             0 kB
AnonPages:       1044616 kB
Mapped:           617288 kB
Shmem:              1400 kB
Slab:              98376 kB
SReclaimable:      31176 kB
SUnreclaim:        67200 kB
KernelStack:       38448 kB
PageTables:        50056 kB
NFS_Unstable:          0 kB
Bounce:                0 kB
WritebackTmp:          0 kB
CommitLimit:     2152132 kB
Committed_AS:   119131908 kB
VmallocTotal:   251658176 kB
VmallocUsed:      136188 kB
VmallocChunk:   251409964 kB
Time pass: 317 sec

---2015-12-05 14:07:44
MemTotal:        2873608 kB
MemFree:          106756 kB
Buffers:           17144 kB
Cached:           915700 kB
SwapCached:            4 kB
Active:          1305604 kB
Inactive:         658396 kB
Active(anon):     829864 kB
Inactive(anon):   216264 kB
Active(file):     475740 kB
Inactive(file):   442132 kB
Unevictable:       13568 kB
Mlocked:               0 kB
SwapTotal:        715328 kB
SwapFree:         707496 kB
Dirty:                60 kB
Writeback:             0 kB
AnonPages:       1044736 kB
Mapped:           617260 kB
Shmem:              1404 kB
Slab:              98396 kB
SReclaimable:      31176 kB
SUnreclaim:        67220 kB
KernelStack:       38448 kB
PageTables:        50060 kB
NFS_Unstable:          0 kB
Bounce:                0 kB
WritebackTmp:          0 kB
CommitLimit:     2152132 kB
Committed_AS:   119131956 kB
VmallocTotal:   251658176 kB
VmallocUsed:      136188 kB
VmallocChunk:   251409964 kB
Time pass: 321 sec

---2015-12-05 14:07:44
MemTotal:        2873608 kB
MemFree:          106784 kB
Buffers:           17152 kB
Cached:           915692 kB
SwapCached:            4 kB
Active:          1305748 kB
Inactive:         658396 kB
Active(anon):     830008 kB
Inactive(anon):   216264 kB
Active(file):     475740 kB
Inactive(file):   442132 kB
Unevictable:       13568 kB
Mlocked:               0 kB
SwapTotal:        715328 kB
SwapFree:         707496 kB
Dirty:                 0 kB
Writeback:             0 kB
AnonPages:       1044864 kB
Mapped:           617272 kB
Shmem:              1404 kB
Slab:              98372 kB
SReclaimable:      31176 kB
SUnreclaim:        67196 kB
KernelStack:       38464 kB
PageTables:        50060 kB
NFS_Unstable:          0 kB
Bounce:                0 kB
WritebackTmp:          0 kB
CommitLimit:     2152132 kB
Committed_AS:   119131980 kB
VmallocTotal:   251658176 kB
VmallocUsed:      136188 kB
VmallocChunk:   251409964 kB
Time pass: 324 sec

---2015-12-05 14:07:44
MemTotal:        2873608 kB
MemFree:          106636 kB
Buffers:           17152 kB
Cached:           915700 kB
SwapCached:            4 kB
Active:          1305756 kB
Inactive:         658404 kB
Active(anon):     830016 kB
Inactive(anon):   216264 kB
Active(file):     475740 kB
Inactive(file):   442140 kB
Unevictable:       13568 kB
Mlocked:               0 kB
SwapTotal:        715328 kB
SwapFree:         707496 kB
Dirty:                32 kB
Writeback:             0 kB
AnonPages:       1044960 kB
Mapped:           617008 kB
Shmem:              1404 kB
Slab:              98372 kB
SReclaimable:      31176 kB
SUnreclaim:        67196 kB
KernelStack:       38464 kB
PageTables:        50028 kB
NFS_Unstable:          0 kB
Bounce:                0 kB
WritebackTmp:          0 kB
CommitLimit:     2152132 kB
Committed_AS:   119131980 kB
VmallocTotal:   251658176 kB
VmallocUsed:      136188 kB
VmallocChunk:   251409964 kB
Time pass: 328 sec

---2015-12-05 14:07:44
MemTotal:        2873608 kB
MemFree:          106948 kB
Buffers:           17168 kB
Cached:           915728 kB
SwapCached:            4 kB
Active:          1306368 kB
Inactive:         658448 kB
Active(anon):     830628 kB
Inactive(anon):   216292 kB
Active(file):     475740 kB
Inactive(file):   442156 kB
Unevictable:       13568 kB
Mlocked:               0 kB
SwapTotal:        715328 kB
SwapFree:         707496 kB
Dirty:                44 kB
Writeback:             0 kB
AnonPages:       1045560 kB
Mapped:           617344 kB
Shmem:              1432 kB
Slab:              98336 kB
SReclaimable:      31176 kB
SUnreclaim:        67160 kB
KernelStack:       38464 kB
PageTables:        50060 kB
NFS_Unstable:          0 kB
Bounce:                0 kB
WritebackTmp:          0 kB
CommitLimit:     2152132 kB
Committed_AS:   119131964 kB
VmallocTotal:   251658176 kB
VmallocUsed:      136188 kB
VmallocChunk:   251409964 kB
Time pass: 332 sec

---2015-12-05 14:07:44
MemTotal:        2873608 kB
MemFree:          104872 kB
Buffers:           17168 kB
Cached:           915836 kB
SwapCached:            4 kB
Active:          1308144 kB
Inactive:         658556 kB
Active(anon):     832404 kB
Inactive(anon):   216296 kB
Active(file):     475740 kB
Inactive(file):   442260 kB
Unevictable:       13568 kB
Mlocked:               0 kB
SwapTotal:        715328 kB
SwapFree:         707496 kB
Dirty:                44 kB
Writeback:             0 kB
AnonPages:       1047164 kB
Mapped:           617424 kB
Shmem:              1436 kB
Slab:              98384 kB
SReclaimable:      31176 kB
SUnreclaim:        67208 kB
KernelStack:       38432 kB
PageTables:        50064 kB
NFS_Unstable:          0 kB
Bounce:                0 kB
WritebackTmp:          0 kB
CommitLimit:     2152132 kB
Committed_AS:   119131852 kB
VmallocTotal:   251658176 kB
VmallocUsed:      136188 kB
VmallocChunk:   251409964 kB
Time pass: 336 sec

---2015-12-05 14:07:44
MemTotal:        2873608 kB
MemFree:          104592 kB
Buffers:           17176 kB
Cached:           915844 kB
SwapCached:            4 kB
Active:          1308232 kB
Inactive:         658572 kB
Active(anon):     832492 kB
Inactive(anon):   216296 kB
Active(file):     475740 kB
Inactive(file):   442276 kB
Unevictable:       13568 kB
Mlocked:               0 kB
SwapTotal:        715328 kB
SwapFree:         707496 kB
Dirty:                68 kB
Writeback:             0 kB
AnonPages:       1047212 kB
Mapped:           617436 kB
Shmem:              1436 kB
Slab:              98380 kB
SReclaimable:      31176 kB
SUnreclaim:        67204 kB
KernelStack:       38432 kB
PageTables:        50060 kB
NFS_Unstable:          0 kB
Bounce:                0 kB
WritebackTmp:          0 kB
CommitLimit:     2152132 kB
Committed_AS:   119131908 kB
VmallocTotal:   251658176 kB
VmallocUsed:      136188 kB
VmallocChunk:   251409964 kB
Time pass: 340 sec

---2015-12-05 14:07:44
MemTotal:        2873608 kB
MemFree:          103564 kB
Buffers:           17192 kB
Cached:           915844 kB
SwapCached:            4 kB
Active:          1308608 kB
Inactive:         658588 kB
Active(anon):     832868 kB
Inactive(anon):   216296 kB
Active(file):     475740 kB
Inactive(file):   442292 kB
Unevictable:       13568 kB
Mlocked:               0 kB
SwapTotal:        715328 kB
SwapFree:         707496 kB
Dirty:                40 kB
Writeback:             0 kB
AnonPages:       1047764 kB
Mapped:           617488 kB
Shmem:              1436 kB
Slab:              98340 kB
SReclaimable:      31176 kB
SUnreclaim:        67164 kB
KernelStack:       38432 kB
PageTables:        50088 kB
NFS_Unstable:          0 kB
Bounce:                0 kB
WritebackTmp:          0 kB
CommitLimit:     2152132 kB
Committed_AS:   119131884 kB
VmallocTotal:   251658176 kB
VmallocUsed:      136188 kB
VmallocChunk:   251409964 kB
Time pass: 343 sec

---2015-12-05 14:07:44
MemTotal:        2873608 kB
MemFree:          103504 kB
Buffers:           17192 kB
Cached:           915904 kB
SwapCached:            4 kB
Active:          1308532 kB
Inactive:         658648 kB
Active(anon):     832792 kB
Inactive(anon):   216296 kB
Active(file):     475740 kB
Inactive(file):   442352 kB
Unevictable:       13568 kB
Mlocked:               0 kB
SwapTotal:        715328 kB
SwapFree:         707496 kB
Dirty:                40 kB
Writeback:             0 kB
AnonPages:       1047904 kB
Mapped:           617504 kB
Shmem:              1436 kB
Slab:              98372 kB
SReclaimable:      31176 kB
SUnreclaim:        67196 kB
KernelStack:       38400 kB
PageTables:        50064 kB
NFS_Unstable:          0 kB
Bounce:                0 kB
WritebackTmp:          0 kB
CommitLimit:     2152132 kB
Committed_AS:   119131892 kB
VmallocTotal:   251658176 kB
VmallocUsed:      136188 kB
VmallocChunk:   251409964 kB
Time pass: 347 sec

---2015-12-05 14:07:44
MemTotal:        2873608 kB
MemFree:           99976 kB
Buffers:           17200 kB
Cached:           916016 kB
SwapCached:            4 kB
Active:          1311136 kB
Inactive:         658760 kB
Active(anon):     835388 kB
Inactive(anon):   216296 kB
Active(file):     475748 kB
Inactive(file):   442464 kB
Unevictable:       13568 kB
Mlocked:               0 kB
SwapTotal:        715328 kB
SwapFree:         707496 kB
Dirty:                32 kB
Writeback:             0 kB
AnonPages:       1049872 kB
Mapped:           618716 kB
Shmem:              1436 kB
Slab:              98332 kB
SReclaimable:      31176 kB
SUnreclaim:        67156 kB
KernelStack:       38672 kB
PageTables:        50536 kB
NFS_Unstable:          0 kB
Bounce:                0 kB
WritebackTmp:          0 kB
CommitLimit:     2152132 kB
Committed_AS:   120367912 kB
VmallocTotal:   251658176 kB
VmallocUsed:      137208 kB
VmallocChunk:   251409964 kB
Time pass: 351 sec

---2015-12-05 14:07:44
MemTotal:        2873608 kB
MemFree:           99256 kB
Buffers:           17224 kB
Cached:           915992 kB
SwapCached:            4 kB
Active:          1311988 kB
Inactive:         658760 kB
Active(anon):     836240 kB
Inactive(anon):   216296 kB
Active(file):     475748 kB
Inactive(file):   442464 kB
Unevictable:       13568 kB
Mlocked:               0 kB
SwapTotal:        715328 kB
SwapFree:         707496 kB
Dirty:                40 kB
Writeback:             0 kB
AnonPages:       1051280 kB
Mapped:           618724 kB
Shmem:              1436 kB
Slab:              98480 kB
SReclaimable:      31176 kB
SUnreclaim:        67304 kB
KernelStack:       38672 kB
PageTables:        50560 kB
NFS_Unstable:          0 kB
Bounce:                0 kB
WritebackTmp:          0 kB
CommitLimit:     2152132 kB
Committed_AS:   120372200 kB
VmallocTotal:   251658176 kB
VmallocUsed:      137208 kB
VmallocChunk:   251409964 kB
Time pass: 355 sec

---2015-12-05 14:07:44
MemTotal:        2873608 kB
MemFree:           97968 kB
Buffers:           17224 kB
Cached:           916044 kB
SwapCached:            4 kB
Active:          1313248 kB
Inactive:         658812 kB
Active(anon):     837500 kB
Inactive(anon):   216300 kB
Active(file):     475748 kB
Inactive(file):   442512 kB
Unevictable:       13568 kB
Mlocked:               0 kB
SwapTotal:        715328 kB
SwapFree:         707496 kB
Dirty:                 0 kB
Writeback:            64 kB
AnonPages:       1052668 kB
Mapped:           618744 kB
Shmem:              1440 kB
Slab:              98304 kB
SReclaimable:      31144 kB
SUnreclaim:        67160 kB
KernelStack:       38672 kB
PageTables:        50556 kB
NFS_Unstable:          0 kB
Bounce:                0 kB
WritebackTmp:          0 kB
CommitLimit:     2152132 kB
Committed_AS:   120372216 kB
VmallocTotal:   251658176 kB
VmallocUsed:      137208 kB
VmallocChunk:   251409964 kB
Time pass: 359 sec

---2015-12-05 14:07:44
MemTotal:        2873608 kB
MemFree:           98268 kB
Buffers:           17232 kB
Cached:           916048 kB
SwapCached:            4 kB
Active:          1313292 kB
Inactive:         658824 kB
Active(anon):     837544 kB
Inactive(anon):   216304 kB
Active(file):     475748 kB
Inactive(file):   442520 kB
Unevictable:       13568 kB
Mlocked:               0 kB
SwapTotal:        715328 kB
SwapFree:         707496 kB
Dirty:                32 kB
Writeback:             0 kB
AnonPages:       1052328 kB
Mapped:           618752 kB
Shmem:              1444 kB
Slab:              98328 kB
SReclaimable:      31144 kB
SUnreclaim:        67184 kB
KernelStack:       38688 kB
PageTables:        50556 kB
NFS_Unstable:          0 kB
Bounce:                0 kB
WritebackTmp:          0 kB
CommitLimit:     2152132 kB
Committed_AS:   120372280 kB
VmallocTotal:   251658176 kB
VmallocUsed:      137208 kB
VmallocChunk:   251409964 kB
Time pass: 363 sec

---2015-12-05 14:07:44
MemTotal:        2873608 kB
MemFree:           97628 kB
Buffers:           17248 kB
Cached:           916032 kB
SwapCached:            4 kB
Active:          1313716 kB
Inactive:         658824 kB
Active(anon):     837968 kB
Inactive(anon):   216304 kB
Active(file):     475748 kB
Inactive(file):   442520 kB
Unevictable:       13568 kB
Mlocked:               0 kB
SwapTotal:        715328 kB
SwapFree:         707496 kB
Dirty:                 0 kB
Writeback:             0 kB
AnonPages:       1052864 kB
Mapped:           618760 kB
Shmem:              1444 kB
Slab:              98348 kB
SReclaimable:      31144 kB
SUnreclaim:        67204 kB
KernelStack:       38736 kB
PageTables:        50560 kB
NFS_Unstable:          0 kB
Bounce:                0 kB
WritebackTmp:          0 kB
CommitLimit:     2152132 kB
Committed_AS:   120372280 kB
VmallocTotal:   251658176 kB
VmallocUsed:      137208 kB
VmallocChunk:   251409964 kB
Time pass: 366 sec

---2015-12-05 14:07:44
MemTotal:        2873608 kB
MemFree:           97396 kB
Buffers:           17248 kB
Cached:           916048 kB
SwapCached:            4 kB
Active:          1313944 kB
Inactive:         658840 kB
Active(anon):     838196 kB
Inactive(anon):   216304 kB
Active(file):     475748 kB
Inactive(file):   442536 kB
Unevictable:       13568 kB
Mlocked:               0 kB
SwapTotal:        715328 kB
SwapFree:         707496 kB
Dirty:                48 kB
Writeback:             0 kB
AnonPages:       1053180 kB
Mapped:           618820 kB
Shmem:              1444 kB
Slab:              98432 kB
SReclaimable:      31144 kB
SUnreclaim:        67288 kB
KernelStack:       38704 kB
PageTables:        50564 kB
NFS_Unstable:          0 kB
Bounce:                0 kB
WritebackTmp:          0 kB
CommitLimit:     2152132 kB
Committed_AS:   120372296 kB
VmallocTotal:   251658176 kB
VmallocUsed:      137208 kB
VmallocChunk:   251409964 kB
Time pass: 370 sec

---2015-12-05 14:07:44
MemTotal:        2873608 kB
MemFree:           97216 kB
Buffers:           17256 kB
Cached:           916048 kB
SwapCached:            4 kB
Active:          1313796 kB
Inactive:         658848 kB
Active(anon):     838048 kB
Inactive(anon):   216304 kB
Active(file):     475748 kB
Inactive(file):   442544 kB
Unevictable:       13568 kB
Mlocked:               0 kB
SwapTotal:        715328 kB
SwapFree:         707496 kB
Dirty:                32 kB
Writeback:             0 kB
AnonPages:       1052964 kB
Mapped:           618772 kB
Shmem:              1444 kB
Slab:              98320 kB
SReclaimable:      31144 kB
SUnreclaim:        67176 kB
KernelStack:       38688 kB
PageTables:        50556 kB
NFS_Unstable:          0 kB
Bounce:                0 kB
WritebackTmp:          0 kB
CommitLimit:     2152132 kB
Committed_AS:   120372280 kB
VmallocTotal:   251658176 kB
VmallocUsed:      137208 kB
VmallocChunk:   251409964 kB
Time pass: 374 sec

---2015-12-05 14:07:44
MemTotal:        2873608 kB
MemFree:           97956 kB
Buffers:           17272 kB
Cached:           916048 kB
SwapCached:            4 kB
Active:          1313764 kB
Inactive:         658864 kB
Active(anon):     838016 kB
Inactive(anon):   216304 kB
Active(file):     475748 kB
Inactive(file):   442560 kB
Unevictable:       13568 kB
Mlocked:               0 kB
SwapTotal:        715328 kB
SwapFree:         707496 kB
Dirty:                36 kB
Writeback:            16 kB
AnonPages:       1052960 kB
Mapped:           618784 kB
Shmem:              1444 kB
Slab:              98344 kB
SReclaimable:      31144 kB
SUnreclaim:        67200 kB
KernelStack:       38688 kB
PageTables:        50584 kB
NFS_Unstable:          0 kB
Bounce:                0 kB
WritebackTmp:          0 kB
CommitLimit:     2152132 kB
Committed_AS:   120372272 kB
VmallocTotal:   251658176 kB
VmallocUsed:      137208 kB
VmallocChunk:   251409964 kB
Time pass: 378 sec

---2015-12-05 14:07:44
MemTotal:        2873608 kB
MemFree:           97216 kB
Buffers:           17272 kB
Cached:           916048 kB
SwapCached:            4 kB
Active:          1314076 kB
Inactive:         658864 kB
Active(anon):     838328 kB
Inactive(anon):   216304 kB
Active(file):     475748 kB
Inactive(file):   442560 kB
Unevictable:       13568 kB
Mlocked:               0 kB
SwapTotal:        715328 kB
SwapFree:         707496 kB
Dirty:                 0 kB
Writeback:             0 kB
AnonPages:       1053068 kB
Mapped:           618792 kB
Shmem:              1444 kB
Slab:              98328 kB
SReclaimable:      31144 kB
SUnreclaim:        67184 kB
KernelStack:       38688 kB
PageTables:        50584 kB
NFS_Unstable:          0 kB
Bounce:                0 kB
WritebackTmp:          0 kB
CommitLimit:     2152132 kB
Committed_AS:   120372360 kB
VmallocTotal:   251658176 kB
VmallocUsed:      137208 kB
VmallocChunk:   251409964 kB
Time pass: 381 sec

---2015-12-05 14:07:44
MemTotal:        2873608 kB
MemFree:          100484 kB
Buffers:           17296 kB
Cached:           916048 kB
SwapCached:            4 kB
Active:          1312104 kB
Inactive:         658888 kB
Active(anon):     836356 kB
Inactive(anon):   216304 kB
Active(file):     475748 kB
Inactive(file):   442584 kB
Unevictable:       13568 kB
Mlocked:               0 kB
SwapTotal:        715328 kB
SwapFree:         707496 kB
Dirty:                56 kB
Writeback:             0 kB
AnonPages:       1051320 kB
Mapped:           617896 kB
Shmem:              1444 kB
Slab:              98232 kB
SReclaimable:      31144 kB
SUnreclaim:        67088 kB
KernelStack:       38448 kB
PageTables:        50028 kB
NFS_Unstable:          0 kB
Bounce:                0 kB
WritebackTmp:          0 kB
CommitLimit:     2152132 kB
Committed_AS:   118589740 kB
VmallocTotal:   251658176 kB
VmallocUsed:      136188 kB
VmallocChunk:   251409964 kB
Time pass: 385 sec

---2015-12-05 14:07:44
MemTotal:        2873608 kB
MemFree:          100424 kB
Buffers:           17304 kB
Cached:           916044 kB
SwapCached:            4 kB
Active:          1311632 kB
Inactive:         658892 kB
Active(anon):     835884 kB
Inactive(anon):   216304 kB
Active(file):     475748 kB
Inactive(file):   442588 kB
Unevictable:       13568 kB
Mlocked:               0 kB
SwapTotal:        715328 kB
SwapFree:         707496 kB
Dirty:                32 kB
Writeback:             0 kB
AnonPages:       1050796 kB
Mapped:           617900 kB
Shmem:              1444 kB
Slab:              98248 kB
SReclaimable:      31144 kB
SUnreclaim:        67104 kB
KernelStack:       38448 kB
PageTables:        49996 kB
NFS_Unstable:          0 kB
Bounce:                0 kB
WritebackTmp:          0 kB
CommitLimit:     2152132 kB
Committed_AS:   118589652 kB
VmallocTotal:   251658176 kB
VmallocUsed:      136188 kB
VmallocChunk:   251409964 kB
Time pass: 389 sec

---2015-12-05 14:07:44
MemTotal:        2873608 kB
MemFree:          100740 kB
Buffers:           17304 kB
