---2015-10-25 15:24:01
MemTotal:        1745540 kB
MemFree:           84604 kB
Buffers:           37156 kB
Cached:           453992 kB
SwapCached:        42404 kB
Active:           536464 kB
Inactive:         577152 kB
Active(anon):     296164 kB
Inactive(anon):   330208 kB
Active(file):     240300 kB
Inactive(file):   246944 kB
Unevictable:        3816 kB
Mlocked:               0 kB
HighTotal:       1217536 kB
HighFree:          35172 kB
LowTotal:         528004 kB
LowFree:           49432 kB
SwapTotal:       1310716 kB
SwapFree:         677232 kB
Dirty:                 0 kB
Writeback:             0 kB
AnonPages:        600476 kB
Mapped:           147332 kB
Shmem:                88 kB
Slab:              63356 kB
SReclaimable:      16236 kB
SUnreclaim:        47120 kB
KernelStack:       14736 kB
PageTables:        45984 kB
NFS_Unstable:          0 kB
Bounce:                0 kB
WritebackTmp:          0 kB
CommitLimit:     2183484 kB
Committed_AS:   107511400 kB
VmallocTotal:     311296 kB
VmallocUsed:       19464 kB
VmallocChunk:     151564 kB
Time pass: 3 sec

---2015-10-25 15:24:01
MemTotal:        1745540 kB
MemFree:           84604 kB
Buffers:           37156 kB
Cached:           453992 kB
SwapCached:        42404 kB
Active:           536568 kB
Inactive:         577116 kB
Active(anon):     296268 kB
Inactive(anon):   330172 kB
Active(file):     240300 kB
Inactive(file):   246944 kB
Unevictable:        3816 kB
Mlocked:               0 kB
HighTotal:       1217536 kB
HighFree:          35048 kB
LowTotal:         528004 kB
LowFree:           49556 kB
SwapTotal:       1310716 kB
SwapFree:         677232 kB
Dirty:                 0 kB
Writeback:             0 kB
AnonPages:        600568 kB
Mapped:           147208 kB
Shmem:                88 kB
Slab:              63356 kB
SReclaimable:      16236 kB
SUnreclaim:        47120 kB
KernelStack:       14736 kB
PageTables:        45984 kB
NFS_Unstable:          0 kB
Bounce:                0 kB
WritebackTmp:          0 kB
CommitLimit:     2183484 kB
Committed_AS:   107511472 kB
VmallocTotal:     311296 kB
VmallocUsed:       19464 kB
VmallocChunk:     151564 kB
Time pass: 7 sec

---2015-10-25 15:24:01
MemTotal:        1745540 kB
MemFree:           84680 kB
Buffers:           37156 kB
Cached:           453992 kB
SwapCached:        42404 kB
Active:           536624 kB
Inactive:         577116 kB
Active(anon):     296324 kB
Inactive(anon):   330172 kB
Active(file):     240300 kB
Inactive(file):   246944 kB
Unevictable:        3816 kB
Mlocked:               0 kB
HighTotal:       1217536 kB
HighFree:          34988 kB
LowTotal:         528004 kB
LowFree:           49692 kB
SwapTotal:       1310716 kB
SwapFree:         677232 kB
Dirty:                 0 kB
Writeback:             0 kB
AnonPages:        600692 kB
Mapped:           147208 kB
Shmem:                88 kB
Slab:              63356 kB
SReclaimable:      16236 kB
SUnreclaim:        47120 kB
KernelStack:       14736 kB
PageTables:        45988 kB
NFS_Unstable:          0 kB
Bounce:                0 kB
WritebackTmp:          0 kB
CommitLimit:     2183484 kB
Committed_AS:   107511664 kB
VmallocTotal:     311296 kB
VmallocUsed:       19464 kB
VmallocChunk:     151564 kB
Time pass: 10 sec

---2015-10-25 15:24:01
MemTotal:        1745540 kB
MemFree:           85312 kB
Buffers:           37156 kB
Cached:           453992 kB
SwapCached:        42404 kB
Active:           536252 kB
Inactive:         577116 kB
Active(anon):     295952 kB
Inactive(anon):   330172 kB
Active(file):     240300 kB
Inactive(file):   246944 kB
Unevictable:        3816 kB
Mlocked:               0 kB
HighTotal:       1217536 kB
HighFree:          35648 kB
LowTotal:         528004 kB
LowFree:           49664 kB
SwapTotal:       1310716 kB
SwapFree:         677232 kB
Dirty:                 0 kB
Writeback:             0 kB
AnonPages:        600224 kB
Mapped:           147280 kB
Shmem:                88 kB
Slab:              63356 kB
SReclaimable:      16236 kB
SUnreclaim:        47120 kB
KernelStack:       14736 kB
PageTables:        46004 kB
NFS_Unstable:          0 kB
Bounce:                0 kB
WritebackTmp:          0 kB
CommitLimit:     2183484 kB
Committed_AS:   107509192 kB
VmallocTotal:     311296 kB
VmallocUsed:       19464 kB
VmallocChunk:     151564 kB
Time pass: 14 sec

---2015-10-25 15:24:01
MemTotal:        1745540 kB
MemFree:           85912 kB
Buffers:           37156 kB
Cached:           453992 kB
SwapCached:        42404 kB
Active:           535608 kB
Inactive:         577116 kB
Active(anon):     295308 kB
Inactive(anon):   330172 kB
Active(file):     240300 kB
Inactive(file):   246944 kB
Unevictable:        3816 kB
Mlocked:               0 kB
HighTotal:       1217536 kB
HighFree:          36108 kB
LowTotal:         528004 kB
LowFree:           49804 kB
SwapTotal:       1310716 kB
SwapFree:         677232 kB
Dirty:                 0 kB
Writeback:             0 kB
AnonPages:        599612 kB
Mapped:           147208 kB
Shmem:                88 kB
Slab:              63356 kB
SReclaimable:      16236 kB
SUnreclaim:        47120 kB
KernelStack:       14736 kB
PageTables:        45984 kB
NFS_Unstable:          0 kB
Bounce:                0 kB
WritebackTmp:          0 kB
CommitLimit:     2183484 kB
Committed_AS:   107509384 kB
VmallocTotal:     311296 kB
VmallocUsed:       19464 kB
VmallocChunk:     151564 kB
Time pass: 18 sec

---2015-10-25 15:24:01
MemTotal:        1745540 kB
MemFree:           85352 kB
Buffers:           37156 kB
Cached:           453992 kB
SwapCached:        42404 kB
Active:           535704 kB
Inactive:         577116 kB
Active(anon):     295404 kB
Inactive(anon):   330172 kB
Active(file):     240300 kB
Inactive(file):   246944 kB
Unevictable:        3816 kB
Mlocked:               0 kB
HighTotal:       1217536 kB
HighFree:          35672 kB
LowTotal:         528004 kB
LowFree:           49680 kB
SwapTotal:       1310716 kB
SwapFree:         677232 kB
Dirty:                 0 kB
Writeback:             0 kB
AnonPages:        599716 kB
Mapped:           147208 kB
Shmem:                88 kB
Slab:              63356 kB
SReclaimable:      16236 kB
SUnreclaim:        47120 kB
KernelStack:       14736 kB
PageTables:        45984 kB
NFS_Unstable:          0 kB
Bounce:                0 kB
WritebackTmp:          0 kB
CommitLimit:     2183484 kB
Committed_AS:   107509440 kB
VmallocTotal:     311296 kB
VmallocUsed:       19464 kB
VmallocChunk:     151564 kB
Time pass: 22 sec

---2015-10-25 15:24:01
MemTotal:        1745540 kB
MemFree:           85524 kB
Buffers:           37156 kB
Cached:           453992 kB
SwapCached:        42404 kB
Active:           535840 kB
Inactive:         577116 kB
Active(anon):     295540 kB
Inactive(anon):   330172 kB
Active(file):     240300 kB
Inactive(file):   246944 kB
Unevictable:        3816 kB
Mlocked:               0 kB
HighTotal:       1217536 kB
HighFree:          35844 kB
LowTotal:         528004 kB
LowFree:           49680 kB
SwapTotal:       1310716 kB
SwapFree:         677232 kB
Dirty:                 0 kB
Writeback:             0 kB
AnonPages:        599716 kB
Mapped:           147332 kB
Shmem:                88 kB
Slab:              63356 kB
SReclaimable:      16236 kB
SUnreclaim:        47120 kB
KernelStack:       14736 kB
PageTables:        45984 kB
NFS_Unstable:          0 kB
Bounce:                0 kB
WritebackTmp:          0 kB
CommitLimit:     2183484 kB
Committed_AS:   107509544 kB
VmallocTotal:     311296 kB
VmallocUsed:       19464 kB
VmallocChunk:     151564 kB
Time pass: 25 sec

---2015-10-25 15:24:01
MemTotal:        1745540 kB
MemFree:           84892 kB
Buffers:           37164 kB
Cached:           453992 kB
SwapCached:        42404 kB
Active:           535976 kB
Inactive:         577116 kB
Active(anon):     295676 kB
Inactive(anon):   330172 kB
Active(file):     240300 kB
Inactive(file):   246944 kB
Unevictable:        3816 kB
Mlocked:               0 kB
HighTotal:       1217536 kB
HighFree:          35212 kB
LowTotal:         528004 kB
LowFree:           49680 kB
SwapTotal:       1310716 kB
SwapFree:         677232 kB
Dirty:                28 kB
Writeback:             0 kB
AnonPages:        599976 kB
Mapped:           147332 kB
Shmem:                88 kB
Slab:              63356 kB
SReclaimable:      16236 kB
SUnreclaim:        47120 kB
KernelStack:       14736 kB
PageTables:        45984 kB
NFS_Unstable:          0 kB
Bounce:                0 kB
WritebackTmp:          0 kB
CommitLimit:     2183484 kB
Committed_AS:   107509792 kB
VmallocTotal:     311296 kB
VmallocUsed:       19464 kB
VmallocChunk:     151564 kB
Time pass: 29 sec

---2015-10-25 15:24:01
MemTotal:        1745540 kB
MemFree:          100904 kB
Buffers:           37172 kB
Cached:           453992 kB
SwapCached:        42404 kB
Active:           520740 kB
Inactive:         577132 kB
Active(anon):     280440 kB
Inactive(anon):   330172 kB
Active(file):     240300 kB
Inactive(file):   246960 kB
Unevictable:        3816 kB
Mlocked:               0 kB
HighTotal:       1217536 kB
HighFree:          50500 kB
LowTotal:         528004 kB
LowFree:           50404 kB
SwapTotal:       1310716 kB
SwapFree:         677232 kB
Dirty:                 0 kB
Writeback:             0 kB
AnonPages:        584664 kB
Mapped:           144636 kB
Shmem:                88 kB
Slab:              63356 kB
SReclaimable:      16236 kB
SUnreclaim:        47120 kB
KernelStack:       14648 kB
PageTables:        45372 kB
NFS_Unstable:          0 kB
Bounce:                0 kB
WritebackTmp:          0 kB
CommitLimit:     2183484 kB
Committed_AS:   106009720 kB
VmallocTotal:     311296 kB
VmallocUsed:       19464 kB
VmallocChunk:     151564 kB
Time pass: 33 sec

---2015-10-25 15:24:01
MemTotal:        1745540 kB
MemFree:          101220 kB
Buffers:           37172 kB
Cached:           453992 kB
SwapCached:        42404 kB
Active:           520912 kB
Inactive:         577132 kB
Active(anon):     280612 kB
Inactive(anon):   330172 kB
Active(file):     240300 kB
Inactive(file):   246960 kB
Unevictable:        3816 kB
Mlocked:               0 kB
HighTotal:       1217536 kB
HighFree:          50816 kB
LowTotal:         528004 kB
LowFree:           50404 kB
SwapTotal:       1310716 kB
SwapFree:         677232 kB
Dirty:                 0 kB
Writeback:             0 kB
AnonPages:        584888 kB
Mapped:           144636 kB
Shmem:                88 kB
Slab:              63356 kB
SReclaimable:      16236 kB
SUnreclaim:        47120 kB
KernelStack:       14656 kB
PageTables:        45372 kB
NFS_Unstable:          0 kB
Bounce:                0 kB
WritebackTmp:          0 kB
CommitLimit:     2183484 kB
Committed_AS:   106009928 kB
VmallocTotal:     311296 kB
VmallocUsed:       19464 kB
VmallocChunk:     151564 kB
Time pass: 37 sec

---2015-10-25 15:24:01
MemTotal:        1745540 kB
MemFree:          100928 kB
Buffers:           37180 kB
Cached:           453992 kB
SwapCached:        42404 kB
Active:           521052 kB
Inactive:         577132 kB
Active(anon):     280752 kB
Inactive(anon):   330172 kB
Active(file):     240300 kB
Inactive(file):   246960 kB
Unevictable:        3816 kB
Mlocked:               0 kB
HighTotal:       1217536 kB
HighFree:          50508 kB
LowTotal:         528004 kB
LowFree:           50420 kB
SwapTotal:       1310716 kB
SwapFree:         677232 kB
Dirty:                36 kB
Writeback:             0 kB
AnonPages:        585024 kB
Mapped:           144636 kB
Shmem:                88 kB
Slab:              63356 kB
SReclaimable:      16236 kB
SUnreclaim:        47120 kB
KernelStack:       14656 kB
PageTables:        45372 kB
NFS_Unstable:          0 kB
Bounce:                0 kB
WritebackTmp:          0 kB
CommitLimit:     2183484 kB
Committed_AS:   106009996 kB
VmallocTotal:     311296 kB
VmallocUsed:       19464 kB
VmallocChunk:     151564 kB
Time pass: 40 sec

---2015-10-25 15:24:01
MemTotal:        1745540 kB
MemFree:          101248 kB
Buffers:           37180 kB
Cached:           453992 kB
SwapCached:        42404 kB
Active:           521148 kB
Inactive:         577140 kB
Active(anon):     280848 kB
Inactive(anon):   330172 kB
Active(file):     240300 kB
Inactive(file):   246968 kB
Unevictable:        3816 kB
Mlocked:               0 kB
HighTotal:       1217536 kB
HighFree:          50704 kB
LowTotal:         528004 kB
LowFree:           50544 kB
SwapTotal:       1310716 kB
SwapFree:         677232 kB
Dirty:                 0 kB
Writeback:             0 kB
AnonPages:        585120 kB
Mapped:           144636 kB
Shmem:                88 kB
Slab:              63356 kB
SReclaimable:      16236 kB
SUnreclaim:        47120 kB
KernelStack:       14656 kB
PageTables:        45372 kB
NFS_Unstable:          0 kB
Bounce:                0 kB
WritebackTmp:          0 kB
CommitLimit:     2183484 kB
Committed_AS:   106010100 kB
VmallocTotal:     311296 kB
VmallocUsed:       19464 kB
VmallocChunk:     151564 kB
Time pass: 44 sec

---2015-10-25 15:24:01
MemTotal:        1745540 kB
MemFree:          100960 kB
Buffers:           37212 kB
Cached:           453996 kB
SwapCached:        42400 kB
Active:           521312 kB
Inactive:         577148 kB
Active(anon):     281012 kB
Inactive(anon):   330144 kB
Active(file):     240300 kB
Inactive(file):   247004 kB
Unevictable:        3816 kB
Mlocked:               0 kB
HighTotal:       1217536 kB
HighFree:          50528 kB
LowTotal:         528004 kB
LowFree:           50432 kB
SwapTotal:       1310716 kB
SwapFree:         677244 kB
Dirty:                68 kB
Writeback:             0 kB
AnonPages:        585248 kB
Mapped:           144636 kB
Shmem:                88 kB
Slab:              63356 kB
SReclaimable:      16236 kB
SUnreclaim:        47120 kB
KernelStack:       14656 kB
PageTables:        45372 kB
NFS_Unstable:          0 kB
Bounce:                0 kB
WritebackTmp:          0 kB
CommitLimit:     2183484 kB
Committed_AS:   106008616 kB
VmallocTotal:     311296 kB
VmallocUsed:       19464 kB
VmallocChunk:     151564 kB
Time pass: 48 sec

---2015-10-25 15:24:01
MemTotal:        1745540 kB
MemFree:          113580 kB
Buffers:           37220 kB
Cached:           453988 kB
SwapCached:        42400 kB
Active:           509208 kB
Inactive:         577148 kB
Active(anon):     268908 kB
Inactive(anon):   330144 kB
Active(file):     240300 kB
Inactive(file):   247004 kB
Unevictable:        3816 kB
Mlocked:               0 kB
HighTotal:       1217536 kB
HighFree:          62396 kB
LowTotal:         528004 kB
LowFree:           51184 kB
SwapTotal:       1310716 kB
SwapFree:         677244 kB
Dirty:                 0 kB
Writeback:             0 kB
AnonPages:        573116 kB
Mapped:           143776 kB
Shmem:                88 kB
Slab:              63356 kB
SReclaimable:      16236 kB
SUnreclaim:        47120 kB
KernelStack:       14552 kB
PageTables:        44772 kB
NFS_Unstable:          0 kB
Bounce:                0 kB
WritebackTmp:          0 kB
CommitLimit:     2183484 kB
Committed_AS:   104511056 kB
VmallocTotal:     311296 kB
VmallocUsed:       19464 kB
VmallocChunk:     151564 kB
Time pass: 51 sec

---2015-10-25 15:24:01
MemTotal:        1745540 kB
MemFree:          113792 kB
Buffers:           37220 kB
Cached:           453996 kB
SwapCached:        42400 kB
Active:           509312 kB
Inactive:         577156 kB
Active(anon):     269012 kB
Inactive(anon):   330144 kB
Active(file):     240300 kB
Inactive(file):   247012 kB
Unevictable:        3816 kB
Mlocked:               0 kB
HighTotal:       1217536 kB
HighFree:          62464 kB
LowTotal:         528004 kB
LowFree:           51328 kB
SwapTotal:       1310716 kB
SwapFree:         677244 kB
Dirty:                40 kB
Writeback:             0 kB
AnonPages:        573236 kB
Mapped:           143776 kB
Shmem:                88 kB
Slab:              63356 kB
SReclaimable:      16236 kB
SUnreclaim:        47120 kB
KernelStack:       14544 kB
PageTables:        44772 kB
NFS_Unstable:          0 kB
Bounce:                0 kB
WritebackTmp:          0 kB
CommitLimit:     2183484 kB
Committed_AS:   104511016 kB
VmallocTotal:     311296 kB
VmallocUsed:       19464 kB
VmallocChunk:     151564 kB
Time pass: 55 sec

---2015-10-25 15:24:01
MemTotal:        1745540 kB
MemFree:          112920 kB
Buffers:           37220 kB
Cached:           453996 kB
SwapCached:        42400 kB
Active:           509372 kB
Inactive:         577156 kB
Active(anon):     269072 kB
Inactive(anon):   330144 kB
Active(file):     240300 kB
Inactive(file):   247012 kB
Unevictable:        3816 kB
Mlocked:               0 kB
HighTotal:       1217536 kB
HighFree:          61776 kB
LowTotal:         528004 kB
LowFree:           51144 kB
SwapTotal:       1310716 kB
SwapFree:         677244 kB
Dirty:                 8 kB
Writeback:             0 kB
AnonPages:        573344 kB
Mapped:           143780 kB
Shmem:                88 kB
Slab:              63356 kB
SReclaimable:      16236 kB
SUnreclaim:        47120 kB
KernelStack:       14568 kB
PageTables:        44800 kB
NFS_Unstable:          0 kB
Bounce:                0 kB
WritebackTmp:          0 kB
CommitLimit:     2183484 kB
Committed_AS:   104511216 kB
VmallocTotal:     311296 kB
VmallocUsed:       19464 kB
VmallocChunk:     151564 kB
Time pass: 59 sec

---2015-10-25 15:24:01
MemTotal:        1745540 kB
MemFree:          127932 kB
Buffers:           37220 kB
Cached:           453996 kB
SwapCached:        42400 kB
Active:           494816 kB
Inactive:         577156 kB
Active(anon):     254516 kB
Inactive(anon):   330144 kB
Active(file):     240300 kB
Inactive(file):   247012 kB
Unevictable:        3816 kB
Mlocked:               0 kB
HighTotal:       1217536 kB
HighFree:          66796 kB
LowTotal:         528004 kB
LowFree:           61136 kB
SwapTotal:       1310716 kB
SwapFree:         677244 kB
Dirty:                 8 kB
Writeback:             0 kB
AnonPages:        558724 kB
Mapped:           143900 kB
Shmem:                88 kB
Slab:              63356 kB
SReclaimable:      16236 kB
SUnreclaim:        47120 kB
KernelStack:       14544 kB
PageTables:        44748 kB
NFS_Unstable:          0 kB
Bounce:                0 kB
WritebackTmp:          0 kB
CommitLimit:     2183484 kB
Committed_AS:   104482488 kB
VmallocTotal:     311296 kB
VmallocUsed:       19464 kB
VmallocChunk:     151564 kB
Time pass: 62 sec

---2015-10-25 15:24:01
MemTotal:        1745540 kB
MemFree:          128520 kB
Buffers:           37228 kB
Cached:           453996 kB
SwapCached:        42400 kB
Active:           494124 kB
Inactive:         577160 kB
Active(anon):     253824 kB
Inactive(anon):   330144 kB
Active(file):     240300 kB
Inactive(file):   247016 kB
Unevictable:        3816 kB
Mlocked:               0 kB
HighTotal:       1217536 kB
HighFree:          67384 kB
LowTotal:         528004 kB
LowFree:           61136 kB
SwapTotal:       1310716 kB
SwapFree:         677244 kB
Dirty:                32 kB
Writeback:             0 kB
AnonPages:        558040 kB
Mapped:           143776 kB
Shmem:                88 kB
Slab:              63356 kB
SReclaimable:      16236 kB
SUnreclaim:        47120 kB
KernelStack:       14544 kB
PageTables:        44748 kB
NFS_Unstable:          0 kB
Bounce:                0 kB
WritebackTmp:          0 kB
CommitLimit:     2183484 kB
Committed_AS:   104482552 kB
VmallocTotal:     311296 kB
VmallocUsed:       19464 kB
VmallocChunk:     151564 kB
Time pass: 66 sec

---2015-10-25 15:24:01
MemTotal:        1745540 kB
MemFree:          128512 kB
Buffers:           37228 kB
Cached:           453996 kB
SwapCached:        42400 kB
Active:           494224 kB
Inactive:         577164 kB
Active(anon):     253924 kB
Inactive(anon):   330144 kB
Active(file):     240300 kB
Inactive(file):   247020 kB
Unevictable:        3816 kB
Mlocked:               0 kB
HighTotal:       1217536 kB
HighFree:          67516 kB
LowTotal:         528004 kB
LowFree:           60996 kB
SwapTotal:       1310716 kB
SwapFree:         677244 kB
Dirty:                 0 kB
Writeback:             0 kB
AnonPages:        558144 kB
Mapped:           143776 kB
Shmem:                88 kB
Slab:              63356 kB
SReclaimable:      16236 kB
SUnreclaim:        47120 kB
KernelStack:       14544 kB
PageTables:        44748 kB
NFS_Unstable:          0 kB
Bounce:                0 kB
WritebackTmp:          0 kB
CommitLimit:     2183484 kB
Committed_AS:   104482656 kB
VmallocTotal:     311296 kB
VmallocUsed:       19464 kB
VmallocChunk:     151564 kB
Time pass: 70 sec

---2015-10-25 15:24:01
MemTotal:        1745540 kB
MemFree:          128568 kB
Buffers:           37228 kB
Cached:           453996 kB
SwapCached:        42400 kB
Active:           494244 kB
Inactive:         577164 kB
Active(anon):     253944 kB
Inactive(anon):   330144 kB
Active(file):     240300 kB
Inactive(file):   247020 kB
Unevictable:        3816 kB
Mlocked:               0 kB
HighTotal:       1217536 kB
HighFree:          67432 kB
LowTotal:         528004 kB
LowFree:           61136 kB
SwapTotal:       1310716 kB
SwapFree:         677244 kB
Dirty:                 0 kB
Writeback:             0 kB
AnonPages:        558192 kB
Mapped:           143776 kB
Shmem:                88 kB
Slab:              63356 kB
SReclaimable:      16236 kB
SUnreclaim:        47120 kB
KernelStack:       14544 kB
PageTables:        44748 kB
NFS_Unstable:          0 kB
Bounce:                0 kB
WritebackTmp:          0 kB
CommitLimit:     2183484 kB
Committed_AS:   104482856 kB
VmallocTotal:     311296 kB
VmallocUsed:       19464 kB
VmallocChunk:     151564 kB
Time pass: 73 sec

---2015-10-25 15:24:01
MemTotal:        1745540 kB
MemFree:          128560 kB
Buffers:           37228 kB
Cached:           453996 kB
SwapCached:        42400 kB
Active:           494300 kB
Inactive:         577164 kB
Active(anon):     254000 kB
Inactive(anon):   330144 kB
Active(file):     240300 kB
Inactive(file):   247020 kB
Unevictable:        3816 kB
Mlocked:               0 kB
HighTotal:       1217536 kB
HighFree:          67424 kB
LowTotal:         528004 kB
LowFree:           61136 kB
SwapTotal:       1310716 kB
SwapFree:         677244 kB
Dirty:                 0 kB
Writeback:             0 kB
AnonPages:        558248 kB
Mapped:           143776 kB
Shmem:                88 kB
Slab:              63356 kB
SReclaimable:      16236 kB
SUnreclaim:        47120 kB
KernelStack:       14544 kB
PageTables:        44748 kB
NFS_Unstable:          0 kB
Bounce:                0 kB
WritebackTmp:          0 kB
CommitLimit:     2183484 kB
Committed_AS:   104482936 kB
VmallocTotal:     311296 kB
VmallocUsed:       19464 kB
VmallocChunk:     151564 kB
Time pass: 77 sec

---2015-10-25 15:24:01
MemTotal:        1745540 kB
MemFree:          128404 kB
Buffers:           37228 kB
Cached:           453996 kB
SwapCached:        42400 kB
Active:           494460 kB
Inactive:         577164 kB
Active(anon):     254160 kB
Inactive(anon):   330144 kB
Active(file):     240300 kB
Inactive(file):   247020 kB
Unevictable:        3816 kB
Mlocked:               0 kB
HighTotal:       1217536 kB
HighFree:          67392 kB
LowTotal:         528004 kB
LowFree:           61012 kB
SwapTotal:       1310716 kB
SwapFree:         677244 kB
Dirty:                 0 kB
Writeback:             0 kB
AnonPages:        558392 kB
Mapped:           143776 kB
Shmem:                88 kB
Slab:              63356 kB
SReclaimable:      16236 kB
SUnreclaim:        47120 kB
KernelStack:       14544 kB
PageTables:        44748 kB
NFS_Unstable:          0 kB
Bounce:                0 kB
WritebackTmp:          0 kB
CommitLimit:     2183484 kB
Committed_AS:   104483128 kB
VmallocTotal:     311296 kB
VmallocUsed:       19464 kB
VmallocChunk:     151564 kB
Time pass: 81 sec

---2015-10-25 15:24:01
MemTotal:        1745540 kB
MemFree:          128256 kB
Buffers:           37228 kB
Cached:           453996 kB
SwapCached:        42400 kB
Active:           494672 kB
Inactive:         577164 kB
Active(anon):     254372 kB
Inactive(anon):   330144 kB
Active(file):     240300 kB
Inactive(file):   247020 kB
Unevictable:        3816 kB
Mlocked:               0 kB
HighTotal:       1217536 kB
HighFree:          67120 kB
LowTotal:         528004 kB
LowFree:           61136 kB
SwapTotal:       1310716 kB
SwapFree:         677244 kB
Dirty:                 0 kB
Writeback:             0 kB
AnonPages:        558532 kB
Mapped:           143900 kB
Shmem:                88 kB
Slab:              63356 kB
SReclaimable:      16236 kB
SUnreclaim:        47120 kB
KernelStack:       14544 kB
PageTables:        44748 kB
NFS_Unstable:          0 kB
Bounce:                0 kB
WritebackTmp:          0 kB
CommitLimit:     2183484 kB
Committed_AS:   104483216 kB
VmallocTotal:     311296 kB
VmallocUsed:       19464 kB
VmallocChunk:     151564 kB
Time pass: 84 sec

---2015-10-25 15:24:01
MemTotal:        1745540 kB
MemFree:           82676 kB
Buffers:           37272 kB
Cached:           479332 kB
SwapCached:        42400 kB
Active:           513964 kB
Inactive:         602452 kB
Active(anon):     273568 kB
Inactive(anon):   330148 kB
Active(file):     240396 kB
Inactive(file):   272304 kB
Unevictable:        3816 kB
Mlocked:               0 kB
HighTotal:       1217536 kB
HighFree:          23584 kB
LowTotal:         528004 kB
LowFree:           59092 kB
SwapTotal:       1310716 kB
SwapFree:         677248 kB
Dirty:                 0 kB
Writeback:             0 kB
AnonPages:        577828 kB
Mapped:           147644 kB
Shmem:                88 kB
Slab:              63344 kB
SReclaimable:      16236 kB
SUnreclaim:        47108 kB
KernelStack:       14720 kB
PageTables:        45804 kB
NFS_Unstable:          0 kB
Bounce:                0 kB
WritebackTmp:          0 kB
CommitLimit:     2183484 kB
Committed_AS:   107482720 kB
VmallocTotal:     311296 kB
VmallocUsed:       21504 kB
VmallocChunk:     151564 kB
Time pass: 88 sec

---2015-10-25 15:24:01
MemTotal:        1745540 kB
MemFree:           58492 kB
Buffers:           37248 kB
Cached:           462596 kB
SwapCached:        42416 kB
Active:           546332 kB
Inactive:         579284 kB
Active(anon):     309336 kB
Inactive(anon):   320616 kB
Active(file):     236996 kB
Inactive(file):   258668 kB
Unevictable:        3816 kB
Mlocked:               0 kB
HighTotal:       1217536 kB
HighFree:          32608 kB
LowTotal:         528004 kB
LowFree:           25884 kB
SwapTotal:       1310716 kB
SwapFree:         676600 kB
Dirty:               936 kB
Writeback:             0 kB
AnonPages:        604068 kB
Mapped:           174376 kB
Shmem:               276 kB
Slab:              63156 kB
SReclaimable:      16244 kB
SUnreclaim:        46912 kB
KernelStack:       15224 kB
PageTables:        47264 kB
NFS_Unstable:          0 kB
Bounce:                0 kB
WritebackTmp:          0 kB
CommitLimit:     2183484 kB
Committed_AS:   110567752 kB
VmallocTotal:     311296 kB
VmallocUsed:       23880 kB
VmallocChunk:     151564 kB
Time pass: 92 sec

---2015-10-25 15:24:01
MemTotal:        1745540 kB
MemFree:           66996 kB
Buffers:           30580 kB
Cached:           440756 kB
SwapCached:        42416 kB
Active:           532748 kB
Inactive:         559008 kB
Active(anon):     307604 kB
Inactive(anon):   316812 kB
Active(file):     225144 kB
Inactive(file):   242196 kB
Unevictable:        3816 kB
Mlocked:               0 kB
HighTotal:       1217536 kB
HighFree:          39276 kB
LowTotal:         528004 kB
LowFree:           27720 kB
SwapTotal:       1310716 kB
SwapFree:         675368 kB
Dirty:              1256 kB
Writeback:             0 kB
AnonPages:        598468 kB
Mapped:           205780 kB
Shmem:               224 kB
Slab:              63084 kB
SReclaimable:      16260 kB
SUnreclaim:        46824 kB
KernelStack:       15288 kB
PageTables:        47440 kB
NFS_Unstable:          0 kB
Bounce:                0 kB
WritebackTmp:          0 kB
CommitLimit:     2183484 kB
Committed_AS:   110577736 kB
VmallocTotal:     311296 kB
VmallocUsed:       23960 kB
VmallocChunk:     151564 kB
Time pass: 96 sec

---2015-10-25 15:24:01
MemTotal:        1745540 kB
MemFree:           57752 kB
Buffers:           29904 kB
Cached:           400976 kB
SwapCached:        42260 kB
Active:           528144 kB
Inactive:         528908 kB
Active(anon):     307836 kB
Inactive(anon):   322376 kB
Active(file):     220308 kB
Inactive(file):   206532 kB
Unevictable:        3816 kB
Mlocked:               0 kB
HighTotal:       1217536 kB
HighFree:          32432 kB
LowTotal:         528004 kB
LowFree:           25320 kB
SwapTotal:       1310716 kB
SwapFree:         670564 kB
Dirty:              2328 kB
Writeback:             0 kB
AnonPages:        604228 kB
Mapped:           249484 kB
Shmem:               224 kB
Slab:              63120 kB
SReclaimable:      16252 kB
SUnreclaim:        46868 kB
KernelStack:       15336 kB
PageTables:        47648 kB
NFS_Unstable:          0 kB
Bounce:                0 kB
WritebackTmp:          0 kB
CommitLimit:     2183484 kB
Committed_AS:   110603268 kB
VmallocTotal:     311296 kB
VmallocUsed:       24172 kB
VmallocChunk:     151564 kB
Time pass: 99 sec

---2015-10-25 15:24:01
MemTotal:        1745540 kB
MemFree:           57400 kB
Buffers:           29912 kB
Cached:           400976 kB
SwapCached:        42260 kB
Active:           528140 kB
Inactive:         528912 kB
Active(anon):     307832 kB
Inactive(anon):   322376 kB
Active(file):     220308 kB
Inactive(file):   206536 kB
Unevictable:        3816 kB
Mlocked:               0 kB
HighTotal:       1217536 kB
HighFree:          32300 kB
LowTotal:         528004 kB
LowFree:           25100 kB
SwapTotal:       1310716 kB
SwapFree:         670564 kB
Dirty:                56 kB
Writeback:             0 kB
AnonPages:        604448 kB
Mapped:           249484 kB
Shmem:               224 kB
Slab:              63216 kB
SReclaimable:      16252 kB
SUnreclaim:        46964 kB
KernelStack:       15336 kB
PageTables:        47648 kB
NFS_Unstable:          0 kB
Bounce:                0 kB
WritebackTmp:          0 kB
CommitLimit:     2183484 kB
Committed_AS:   110603448 kB
VmallocTotal:     311296 kB
VmallocUsed:       24172 kB
VmallocChunk:     151564 kB
Time pass: 103 sec

---2015-10-25 15:24:01
MemTotal:        1745540 kB
MemFree:           57392 kB
Buffers:           29912 kB
Cached:           400976 kB
SwapCached:        42260 kB
Active:           528228 kB
Inactive:         528908 kB
Active(anon):     307920 kB
Inactive(anon):   322368 kB
Active(file):     220308 kB
Inactive(file):   206540 kB
Unevictable:        3816 kB
Mlocked:               0 kB
HighTotal:       1217536 kB
HighFree:          32168 kB
LowTotal:         528004 kB
LowFree:           25224 kB
SwapTotal:       1310716 kB
SwapFree:         670564 kB
Dirty:                56 kB
Writeback:             0 kB
AnonPages:        604552 kB
Mapped:           249484 kB
Shmem:               224 kB
Slab:              63216 kB
SReclaimable:      16252 kB
SUnreclaim:        46964 kB
KernelStack:       15336 kB
PageTables:        47648 kB
NFS_Unstable:          0 kB
Bounce:                0 kB
WritebackTmp:          0 kB
CommitLimit:     2183484 kB
Committed_AS:   110603528 kB
VmallocTotal:     311296 kB
VmallocUsed:       24172 kB
VmallocChunk:     151564 kB
Time pass: 107 sec

---2015-10-25 15:24:01
MemTotal:        1745540 kB
MemFree:           57336 kB
Buffers:           29920 kB
Cached:           400976 kB
SwapCached:        42260 kB
Active:           528404 kB
Inactive:         528908 kB
Active(anon):     308096 kB
Inactive(anon):   322368 kB
Active(file):     220308 kB
Inactive(file):   206540 kB
Unevictable:        3816 kB
Mlocked:               0 kB
HighTotal:       1217536 kB
HighFree:          31976 kB
LowTotal:         528004 kB
LowFree:           25360 kB
SwapTotal:       1310716 kB
SwapFree:         670564 kB
Dirty:                36 kB
Writeback:             0 kB
AnonPages:        604732 kB
Mapped:           249484 kB
Shmem:               224 kB
Slab:              63084 kB
SReclaimable:      16252 kB
SUnreclaim:        46832 kB
KernelStack:       15336 kB
PageTables:        47648 kB
NFS_Unstable:          0 kB
Bounce:                0 kB
WritebackTmp:          0 kB
CommitLimit:     2183484 kB
Committed_AS:   110603728 kB
VmallocTotal:     311296 kB
VmallocUsed:       24172 kB
VmallocChunk:     151564 kB
Time pass: 110 sec

---2015-10-25 15:24:01
MemTotal:        1745540 kB
MemFree:           60332 kB
Buffers:           27748 kB
Cached:           391772 kB
SwapCached:        42312 kB
Active:           524300 kB
Inactive:         523840 kB
Active(anon):     309964 kB
Inactive(anon):   322696 kB
Active(file):     214336 kB
Inactive(file):   201144 kB
Unevictable:        3816 kB
Mlocked:               0 kB
HighTotal:       1217536 kB
HighFree:          34348 kB
LowTotal:         528004 kB
LowFree:           25984 kB
SwapTotal:       1310716 kB
SwapFree:         670348 kB
Dirty:               708 kB
Writeback:             0 kB
AnonPages:        606708 kB
Mapped:           254108 kB
Shmem:               224 kB
Slab:              63084 kB
SReclaimable:      16252 kB
SUnreclaim:        46832 kB
KernelStack:       15336 kB
PageTables:        47660 kB
NFS_Unstable:          0 kB
Bounce:                0 kB
WritebackTmp:          0 kB
CommitLimit:     2183484 kB
Committed_AS:   110603816 kB
VmallocTotal:     311296 kB
VmallocUsed:       24188 kB
VmallocChunk:     151564 kB
Time pass: 114 sec

---2015-10-25 15:24:01
MemTotal:        1745540 kB
MemFree:           60100 kB
Buffers:           27748 kB
Cached:           391772 kB
SwapCached:        42312 kB
Active:           524436 kB
Inactive:         523836 kB
Active(anon):     310100 kB
Inactive(anon):   322692 kB
Active(file):     214336 kB
Inactive(file):   201144 kB
Unevictable:        3816 kB
Mlocked:               0 kB
HighTotal:       1217536 kB
HighFree:          34116 kB
LowTotal:         528004 kB
LowFree:           25984 kB
SwapTotal:       1310716 kB
SwapFree:         670348 kB
Dirty:                 0 kB
Writeback:            56 kB
AnonPages:        606984 kB
Mapped:           254108 kB
Shmem:               224 kB
Slab:              63084 kB
SReclaimable:      16252 kB
SUnreclaim:        46832 kB
KernelStack:       15336 kB
PageTables:        47660 kB
NFS_Unstable:          0 kB
Bounce:                0 kB
WritebackTmp:          0 kB
CommitLimit:     2183484 kB
Committed_AS:   110604128 kB
VmallocTotal:     311296 kB
VmallocUsed:       24188 kB
VmallocChunk:     151564 kB
Time pass: 118 sec

---2015-10-25 15:24:01
MemTotal:        1745540 kB
MemFree:           59924 kB
Buffers:           27756 kB
Cached:           391772 kB
SwapCached:        42312 kB
Active:           524652 kB
Inactive:         523836 kB
Active(anon):     310316 kB
Inactive(anon):   322692 kB
Active(file):     214336 kB
Inactive(file):   201144 kB
Unevictable:        3816 kB
Mlocked:               0 kB
HighTotal:       1217536 kB
HighFree:          33908 kB
LowTotal:         528004 kB
LowFree:           26016 kB
SwapTotal:       1310716 kB
SwapFree:         670348 kB
Dirty:                52 kB
Writeback:             0 kB
AnonPages:        606980 kB
Mapped:           254240 kB
Shmem:               224 kB
Slab:              63052 kB
SReclaimable:      16252 kB
SUnreclaim:        46800 kB
KernelStack:       15336 kB
PageTables:        47660 kB
NFS_Unstable:          0 kB
Bounce:                0 kB
WritebackTmp:          0 kB
CommitLimit:     2183484 kB
Committed_AS:   110604208 kB
VmallocTotal:     311296 kB
VmallocUsed:       24188 kB
VmallocChunk:     151564 kB
Time pass: 121 sec

---2015-10-25 15:24:01
MemTotal:        1745540 kB
MemFree:           58376 kB
Buffers:           25000 kB
Cached:           373100 kB
SwapCached:        42008 kB
Active:           521148 kB
Inactive:         510660 kB
Active(anon):     312456 kB
Inactive(anon):   325292 kB
Active(file):     208692 kB
Inactive(file):   185368 kB
Unevictable:        3816 kB
Mlocked:               0 kB
HighTotal:       1217536 kB
HighFree:          29972 kB
LowTotal:         528004 kB
LowFree:           28404 kB
SwapTotal:       1310716 kB
SwapFree:         669864 kB
Dirty:               512 kB
Writeback:             0 kB
AnonPages:        612076 kB
Mapped:           270924 kB
Shmem:               224 kB
Slab:              63052 kB
SReclaimable:      16252 kB
SUnreclaim:        46800 kB
KernelStack:       15336 kB
PageTables:        47716 kB
NFS_Unstable:          0 kB
Bounce:                0 kB
WritebackTmp:          0 kB
CommitLimit:     2183484 kB
Committed_AS:   110612800 kB
VmallocTotal:     311296 kB
VmallocUsed:       24288 kB
VmallocChunk:     151564 kB
Time pass: 125 sec

---2015-10-25 15:24:01
MemTotal:        1745540 kB
MemFree:           58336 kB
Buffers:           25008 kB
Cached:           373100 kB
SwapCached:        42008 kB
Active:           521604 kB
Inactive:         510592 kB
Active(anon):     312852 kB
Inactive(anon):   325280 kB
Active(file):     208752 kB
Inactive(file):   185312 kB
Unevictable:        3816 kB
Mlocked:               0 kB
HighTotal:       1217536 kB
HighFree:          29972 kB
LowTotal:         528004 kB
LowFree:           28364 kB
SwapTotal:       1310716 kB
SwapFree:         669864 kB
Dirty:                44 kB
Writeback:             0 kB
AnonPages:        612544 kB
Mapped:           271180 kB
Shmem:               224 kB
Slab:              63120 kB
SReclaimable:      16252 kB
SUnreclaim:        46868 kB
KernelStack:       15336 kB
PageTables:        47716 kB
NFS_Unstable:          0 kB
Bounce:                0 kB
WritebackTmp:          0 kB
CommitLimit:     2183484 kB
Committed_AS:   110612968 kB
VmallocTotal:     311296 kB
VmallocUsed:       24288 kB
VmallocChunk:     151564 kB
Time pass: 129 sec

---2015-10-25 15:24:01
MemTotal:        1745540 kB
MemFree:           58008 kB
Buffers:           25008 kB
Cached:           373100 kB
SwapCached:        42008 kB
Active:           521780 kB
Inactive:         510588 kB
Active(anon):     313020 kB
Inactive(anon):   325280 kB
Active(file):     208760 kB
Inactive(file):   185308 kB
Unevictable:        3816 kB
Mlocked:               0 kB
HighTotal:       1217536 kB
HighFree:          29792 kB
LowTotal:         528004 kB
LowFree:           28216 kB
SwapTotal:       1310716 kB
SwapFree:         669864 kB
Dirty:                 0 kB
Writeback:             0 kB
AnonPages:        612616 kB
Mapped:           271304 kB
Shmem:               224 kB
Slab:              63152 kB
SReclaimable:      16252 kB
SUnreclaim:        46900 kB
KernelStack:       15336 kB
PageTables:        47716 kB
NFS_Unstable:          0 kB
Bounce:                0 kB
WritebackTmp:          0 kB
CommitLimit:     2183484 kB
Committed_AS:   110613096 kB
VmallocTotal:     311296 kB
VmallocUsed:       24288 kB
VmallocChunk:     151564 kB
Time pass: 133 sec

---2015-10-25 15:24:01
MemTotal:        1745540 kB
MemFree:           49580 kB
Buffers:           25016 kB
Cached:           339564 kB
SwapCached:        41900 kB
Active:           503544 kB
Inactive:         499700 kB
Active(anon):     319540 kB
Inactive(anon):   323336 kB
Active(file):     184004 kB
Inactive(file):   176364 kB
Unevictable:        3816 kB
Mlocked:               0 kB
HighTotal:       1217536 kB
HighFree:          23956 kB
LowTotal:         528004 kB
LowFree:           25624 kB
SwapTotal:       1310716 kB
SwapFree:         663844 kB
Dirty:                40 kB
Writeback:             0 kB
AnonPages:        617344 kB
Mapped:           274076 kB
Shmem:               396 kB
Slab:              63168 kB
SReclaimable:      16236 kB
SUnreclaim:        46932 kB
KernelStack:       15600 kB
PageTables:        47928 kB
NFS_Unstable:          0 kB
Bounce:                0 kB
WritebackTmp:          0 kB
CommitLimit:     2183484 kB
Committed_AS:   110653388 kB
VmallocTotal:     311296 kB
VmallocUsed:       24356 kB
VmallocChunk:     151564 kB
Time pass: 136 sec

---2015-10-25 15:24:01
MemTotal:        1745540 kB
MemFree:           49932 kB
Buffers:           25024 kB
Cached:           330376 kB
SwapCached:        41484 kB
Active:           499764 kB
Inactive:         495092 kB
Active(anon):     320336 kB
Inactive(anon):   323228 kB
Active(file):     179428 kB
Inactive(file):   171864 kB
Unevictable:        3816 kB
Mlocked:               0 kB
HighTotal:       1217536 kB
HighFree:          24240 kB
LowTotal:         528004 kB
LowFree:           25692 kB
SwapTotal:       1310716 kB
SwapFree:         663736 kB
Dirty:                20 kB
Writeback:             0 kB
AnonPages:        618440 kB
Mapped:           274004 kB
Shmem:               436 kB
Slab:              63176 kB
SReclaimable:      16236 kB
SUnreclaim:        46940 kB
KernelStack:       15648 kB
PageTables:        47956 kB
NFS_Unstable:          0 kB
Bounce:                0 kB
WritebackTmp:          0 kB
CommitLimit:     2183484 kB
Committed_AS:   110654596 kB
VmallocTotal:     311296 kB
VmallocUsed:       24356 kB
VmallocChunk:     151564 kB
Time pass: 140 sec

---2015-10-25 15:24:01
MemTotal:        1745540 kB
MemFree:           49008 kB
Buffers:           25024 kB
Cached:           330372 kB
SwapCached:        41484 kB
Active:           500124 kB
Inactive:         494884 kB
Active(anon):     320608 kB
Inactive(anon):   323260 kB
Active(file):     179516 kB
Inactive(file):   171624 kB
Unevictable:        3816 kB
Mlocked:               0 kB
HighTotal:       1217536 kB
HighFree:          23924 kB
LowTotal:         528004 kB
LowFree:           25084 kB
SwapTotal:       1310716 kB
SwapFree:         663736 kB
Dirty:                20 kB
Writeback:             0 kB
AnonPages:        618756 kB
Mapped:           274192 kB
Shmem:               440 kB
Slab:              63176 kB
SReclaimable:      16236 kB
SUnreclaim:        46940 kB
KernelStack:       15608 kB
PageTables:        47960 kB
NFS_Unstable:          0 kB
Bounce:                0 kB
WritebackTmp:          0 kB
CommitLimit:     2183484 kB
Committed_AS:   110654676 kB
VmallocTotal:     311296 kB
VmallocUsed:       24424 kB
VmallocChunk:     151564 kB
Time pass: 144 sec

---2015-10-25 15:24:01
MemTotal:        1745540 kB
MemFree:           49112 kB
Buffers:           25032 kB
Cached:           330452 kB
SwapCached:        41484 kB
Active:           500480 kB
Inactive:         494968 kB
Active(anon):     320960 kB
Inactive(anon):   323336 kB
Active(file):     179520 kB
Inactive(file):   171632 kB
Unevictable:        3816 kB
Mlocked:               0 kB
HighTotal:       1217536 kB
HighFree:          23840 kB
LowTotal:         528004 kB
LowFree:           25272 kB
SwapTotal:       1310716 kB
SwapFree:         663736 kB
Dirty:                20 kB
Writeback:             0 kB
AnonPages:        619004 kB
Mapped:           274208 kB
Shmem:               516 kB
Slab:              63176 kB
SReclaimable:      16236 kB
SUnreclaim:        46940 kB
KernelStack:       15616 kB
PageTables:        47960 kB
NFS_Unstable:          0 kB
Bounce:                0 kB
WritebackTmp:          0 kB
CommitLimit:     2183484 kB
Committed_AS:   110654796 kB
VmallocTotal:     311296 kB
VmallocUsed:       24356 kB
VmallocChunk:     151564 kB
Time pass: 148 sec

---2015-10-25 15:24:01
MemTotal:        1745540 kB
MemFree:          246944 kB
Buffers:           20776 kB
Cached:           293016 kB
SwapCached:        42320 kB
Active:           422824 kB
Inactive:         495200 kB
Active(anon):     265396 kB
Inactive(anon):   342796 kB
Active(file):     157428 kB
Inactive(file):   152404 kB
Unevictable:        3816 kB
Mlocked:               0 kB
HighTotal:       1217536 kB
HighFree:         146844 kB
LowTotal:         528004 kB
LowFree:          100100 kB
SwapTotal:       1310716 kB
SwapFree:         660760 kB
Dirty:               104 kB
Writeback:             0 kB
AnonPages:        582500 kB
Mapped:           153416 kB
Shmem:               100 kB
Slab:              63160 kB
SReclaimable:      16228 kB
SUnreclaim:        46932 kB
KernelStack:       15288 kB
PageTables:        48976 kB
NFS_Unstable:          0 kB
Bounce:                0 kB
WritebackTmp:          0 kB
CommitLimit:     2183484 kB
Committed_AS:   116491060 kB
VmallocTotal:     311296 kB
VmallocUsed:       22524 kB
VmallocChunk:     151564 kB
Time pass: 151 sec

---2015-10-25 15:24:01
MemTotal:        1745540 kB
MemFree:          247720 kB
Buffers:           20788 kB
Cached:           293104 kB
SwapCached:        42480 kB
Active:           429040 kB
Inactive:         488856 kB
Active(anon):     271584 kB
Inactive(anon):   336312 kB
Active(file):     157456 kB
Inactive(file):   152544 kB
Unevictable:        3816 kB
Mlocked:               0 kB
HighTotal:       1217536 kB
HighFree:         146024 kB
LowTotal:         528004 kB
LowFree:          101696 kB
SwapTotal:       1310716 kB
SwapFree:         660808 kB
Dirty:                 0 kB
Writeback:             0 kB
AnonPages:        582272 kB
Mapped:           158240 kB
Shmem:                88 kB
Slab:              63124 kB
SReclaimable:      16228 kB
SUnreclaim:        46896 kB
KernelStack:       15208 kB
PageTables:        49576 kB
NFS_Unstable:          0 kB
Bounce:                0 kB
WritebackTmp:          0 kB
CommitLimit:     2183484 kB
Committed_AS:   119359620 kB
VmallocTotal:     311296 kB
VmallocUsed:       22524 kB
VmallocChunk:     151564 kB
Time pass: 155 sec

---2015-10-25 15:24:01
MemTotal:        1745540 kB
MemFree:          255336 kB
Buffers:           20788 kB
Cached:           293116 kB
SwapCached:        42480 kB
Active:           421124 kB
Inactive:         488704 kB
Active(anon):     263668 kB
Inactive(anon):   336160 kB
Active(file):     157456 kB
Inactive(file):   152544 kB
Unevictable:        3816 kB
Mlocked:               0 kB
HighTotal:       1217536 kB
HighFree:         153424 kB
LowTotal:         528004 kB
LowFree:          101912 kB
SwapTotal:       1310716 kB
SwapFree:         660808 kB
Dirty:                 0 kB
Writeback:             0 kB
AnonPages:        574016 kB
Mapped:           153460 kB
Shmem:                88 kB
Slab:              63124 kB
SReclaimable:      16228 kB
SUnreclaim:        46896 kB
KernelStack:       15192 kB
PageTables:        49012 kB
NFS_Unstable:          0 kB
Bounce:                0 kB
WritebackTmp:          0 kB
CommitLimit:     2183484 kB
Committed_AS:   116488132 kB
VmallocTotal:     311296 kB
VmallocUsed:       22524 kB
VmallocChunk:     151564 kB
Time pass: 159 sec

---2015-10-25 15:24:01
MemTotal:        1745540 kB
MemFree:          257572 kB
Buffers:           20796 kB
Cached:           293116 kB
SwapCached:        42484 kB
Active:           418568 kB
Inactive:         488700 kB
Active(anon):     261112 kB
Inactive(anon):   336148 kB
Active(file):     157456 kB
Inactive(file):   152552 kB
Unevictable:        3816 kB
Mlocked:               0 kB
HighTotal:       1217536 kB
HighFree:         153672 kB
LowTotal:         528004 kB
LowFree:          103900 kB
SwapTotal:       1310716 kB
SwapFree:         660808 kB
Dirty:                36 kB
Writeback:             0 kB
AnonPages:        571504 kB
Mapped:           153420 kB
Shmem:                88 kB
Slab:              63124 kB
SReclaimable:      16228 kB
SUnreclaim:        46896 kB
KernelStack:       15176 kB
PageTables:        49068 kB
NFS_Unstable:          0 kB
Bounce:                0 kB
WritebackTmp:          0 kB
CommitLimit:     2183484 kB
Committed_AS:   116484468 kB
VmallocTotal:     311296 kB
VmallocUsed:       22524 kB
VmallocChunk:     151564 kB
Time pass: 162 sec

---2015-10-25 15:24:01
MemTotal:        1745540 kB
MemFree:          258104 kB
Buffers:           20796 kB
Cached:           293160 kB
SwapCached:        42504 kB
Active:           418712 kB
Inactive:         488752 kB
Active(anon):     261252 kB
Inactive(anon):   336160 kB
Active(file):     157460 kB
Inactive(file):   152592 kB
Unevictable:        3816 kB
Mlocked:               0 kB
HighTotal:       1217536 kB
HighFree:         154076 kB
LowTotal:         528004 kB
LowFree:          104028 kB
SwapTotal:       1310716 kB
SwapFree:         660808 kB
Dirty:                 0 kB
Writeback:             0 kB
AnonPages:        571572 kB
Mapped:           153428 kB
Shmem:                88 kB
Slab:              63124 kB
SReclaimable:      16228 kB
SUnreclaim:        46896 kB
KernelStack:       15168 kB
PageTables:        48988 kB
NFS_Unstable:          0 kB
Bounce:                0 kB
WritebackTmp:          0 kB
CommitLimit:     2183484 kB
Committed_AS:   116484540 kB
VmallocTotal:     311296 kB
VmallocUsed:       22524 kB
VmallocChunk:     151564 kB
Time pass: 166 sec

---2015-10-25 15:24:01
MemTotal:        1745540 kB
MemFree:          257856 kB
Buffers:           20796 kB
Cached:           293160 kB
SwapCached:        42504 kB
Active:           418944 kB
Inactive:         488736 kB
Active(anon):     261484 kB
Inactive(anon):   336144 kB
Active(file):     157460 kB
Inactive(file):   152592 kB
Unevictable:        3816 kB
Mlocked:               0 kB
HighTotal:       1217536 kB
HighFree:         153832 kB
LowTotal:         528004 kB
LowFree:          104024 kB
SwapTotal:       1310716 kB
SwapFree:         660808 kB
Dirty:                 0 kB
Writeback:             0 kB
AnonPages:        571792 kB
Mapped:           153544 kB
Shmem:                88 kB
Slab:              63124 kB
SReclaimable:      16228 kB
SUnreclaim:        46896 kB
KernelStack:       15176 kB
PageTables:        49068 kB
NFS_Unstable:          0 kB
Bounce:                0 kB
WritebackTmp:          0 kB
CommitLimit:     2183484 kB
Committed_AS:   116484748 kB
VmallocTotal:     311296 kB
VmallocUsed:       22524 kB
VmallocChunk:     151564 kB
Time pass: 170 sec

---2015-10-25 15:24:01
MemTotal:        1745540 kB
MemFree:          257812 kB
Buffers:           20796 kB
Cached:           293160 kB
SwapCached:        42504 kB
Active:           418904 kB
Inactive:         488732 kB
Active(anon):     261444 kB
Inactive(anon):   336140 kB
Active(file):     157460 kB
Inactive(file):   152592 kB
Unevictable:        3816 kB
Mlocked:               0 kB
HighTotal:       1217536 kB
HighFree:         153788 kB
LowTotal:         528004 kB
LowFree:          104024 kB
SwapTotal:       1310716 kB
SwapFree:         660808 kB
Dirty:                 0 kB
Writeback:             0 kB
AnonPages:        571892 kB
Mapped:           153420 kB
Shmem:                88 kB
Slab:              63124 kB
SReclaimable:      16228 kB
SUnreclaim:        46896 kB
KernelStack:       15176 kB
PageTables:        49068 kB
NFS_Unstable:          0 kB
Bounce:                0 kB
WritebackTmp:          0 kB
CommitLimit:     2183484 kB
Committed_AS:   116484824 kB
VmallocTotal:     311296 kB
VmallocUsed:       22524 kB
VmallocChunk:     151564 kB
Time pass: 174 sec

---2015-10-25 15:24:01
MemTotal:        1745540 kB
MemFree:          258056 kB
Buffers:           20796 kB
Cached:           293160 kB
SwapCached:        42504 kB
Active:           419024 kB
Inactive:         488732 kB
Active(anon):     261564 kB
Inactive(anon):   336140 kB
Active(file):     157460 kB
Inactive(file):   152592 kB
Unevictable:        3816 kB
Mlocked:               0 kB
HighTotal:       1217536 kB
HighFree:         153876 kB
LowTotal:         528004 kB
LowFree:          104180 kB
SwapTotal:       1310716 kB
SwapFree:         660808 kB
Dirty:                 0 kB
Writeback:             0 kB
AnonPages:        571976 kB
Mapped:           153492 kB
Shmem:                88 kB
Slab:              63124 kB
SReclaimable:      16228 kB
SUnreclaim:        46896 kB
KernelStack:       15160 kB
PageTables:        49052 kB
NFS_Unstable:          0 kB
Bounce:                0 kB
WritebackTmp:          0 kB
CommitLimit:     2183484 kB
Committed_AS:   116484904 kB
VmallocTotal:     311296 kB
VmallocUsed:       22524 kB
VmallocChunk:     151564 kB
Time pass: 177 sec

---2015-10-25 15:24:01
MemTotal:        1745540 kB
MemFree:          257832 kB
Buffers:           20796 kB
Cached:           293160 kB
SwapCached:        42504 kB
Active:           419324 kB
Inactive:         488732 kB
Active(anon):     261864 kB
Inactive(anon):   336140 kB
Active(file):     157460 kB
Inactive(file):   152592 kB
Unevictable:        3816 kB
Mlocked:               0 kB
HighTotal:       1217536 kB
HighFree:         153684 kB
LowTotal:         528004 kB
LowFree:          104148 kB
SwapTotal:       1310716 kB
SwapFree:         660808 kB
Dirty:                 0 kB
Writeback:             0 kB
AnonPages:        572200 kB
Mapped:           153420 kB
Shmem:                88 kB
Slab:              63124 kB
SReclaimable:      16228 kB
SUnreclaim:        46896 kB
KernelStack:       15176 kB
PageTables:        49068 kB
NFS_Unstable:          0 kB
Bounce:                0 kB
WritebackTmp:          0 kB
CommitLimit:     2183484 kB
Committed_AS:   116485100 kB
VmallocTotal:     311296 kB
VmallocUsed:       22524 kB
VmallocChunk:     151564 kB
Time pass: 181 sec

---2015-10-25 15:24:01
MemTotal:        1745540 kB
MemFree:          227844 kB
Buffers:           20800 kB
Cached:           293488 kB
SwapCached:        42540 kB
Active:           423860 kB
Inactive:         488756 kB
Active(anon):     265968 kB
Inactive(anon):   336224 kB
Active(file):     157892 kB
Inactive(file):   152532 kB
Unevictable:        3816 kB
Mlocked:               0 kB
HighTotal:       1217536 kB
HighFree:         137596 kB
LowTotal:         528004 kB
LowFree:           90248 kB
SwapTotal:       1310716 kB
SwapFree:         661196 kB
Dirty:                 0 kB
Writeback:             0 kB
AnonPages:        576560 kB
Mapped:           161312 kB
Shmem:                88 kB
Slab:              63424 kB
SReclaimable:      16228 kB
SUnreclaim:        47196 kB
KernelStack:       15256 kB
PageTables:        49544 kB
NFS_Unstable:          0 kB
Bounce:                0 kB
WritebackTmp:          0 kB
CommitLimit:     2183484 kB
Committed_AS:   117775052 kB
VmallocTotal:     311296 kB
VmallocUsed:       22724 kB
VmallocChunk:     151564 kB
Time pass: 185 sec

---2015-10-25 15:24:01
MemTotal:        1745540 kB
MemFree:          159752 kB
Buffers:           20888 kB
Cached:           294024 kB
SwapCached:        42936 kB
Active:           463748 kB
Inactive:         480496 kB
Active(anon):     296404 kB
Inactive(anon):   336964 kB
Active(file):     167344 kB
Inactive(file):   143532 kB
Unevictable:        3816 kB
Mlocked:               0 kB
HighTotal:       1217536 kB
HighFree:          72396 kB
LowTotal:         528004 kB
LowFree:           87356 kB
SwapTotal:       1310716 kB
SwapFree:         661356 kB
Dirty:              1116 kB
Writeback:             0 kB
AnonPages:        607024 kB
Mapped:           210268 kB
Shmem:               220 kB
Slab:              63428 kB
SReclaimable:      16228 kB
SUnreclaim:        47200 kB
KernelStack:       15664 kB
PageTables:        50108 kB
NFS_Unstable:          0 kB
Bounce:                0 kB
WritebackTmp:          0 kB
CommitLimit:     2183484 kB
Committed_AS:   118087584 kB
VmallocTotal:     311296 kB
VmallocUsed:       22896 kB
VmallocChunk:     151564 kB
Time pass: 188 sec

---2015-10-25 15:24:01
MemTotal:        1745540 kB
MemFree:          102244 kB
Buffers:           20956 kB
Cached:           294252 kB
SwapCached:        42972 kB
Active:           483828 kB
Inactive:         480568 kB
Active(anon):     316284 kB
Inactive(anon):   336944 kB
Active(file):     167544 kB
Inactive(file):   143624 kB
Unevictable:        3816 kB
Mlocked:               0 kB
HighTotal:       1217536 kB
HighFree:          18612 kB
LowTotal:         528004 kB
LowFree:           83632 kB
SwapTotal:       1310716 kB
SwapFree:         661444 kB
Dirty:              1392 kB
Writeback:             0 kB
AnonPages:        626996 kB
Mapped:           238704 kB
Shmem:               224 kB
Slab:              63312 kB
SReclaimable:      16212 kB
SUnreclaim:        47100 kB
KernelStack:       15744 kB
PageTables:        50296 kB
NFS_Unstable:          0 kB
Bounce:                0 kB
WritebackTmp:          0 kB
CommitLimit:     2183484 kB
Committed_AS:   118109292 kB
VmallocTotal:     311296 kB
VmallocUsed:       23076 kB
VmallocChunk:     151564 kB
Time pass: 192 sec

---2015-10-25 15:24:01
MemTotal:        1745540 kB
MemFree:          107048 kB
Buffers:           20964 kB
Cached:           294252 kB
SwapCached:        42972 kB
Active:           475660 kB
Inactive:         480556 kB
Active(anon):     308116 kB
Inactive(anon):   336932 kB
Active(file):     167544 kB
Inactive(file):   143624 kB
Unevictable:        3816 kB
Mlocked:               0 kB
HighTotal:       1217536 kB
HighFree:          23468 kB
LowTotal:         528004 kB
LowFree:           83580 kB
SwapTotal:       1310716 kB
SwapFree:         661444 kB
Dirty:                88 kB
Writeback:             0 kB
AnonPages:        618828 kB
Mapped:           248336 kB
Shmem:               224 kB
Slab:              63344 kB
SReclaimable:      16212 kB
SUnreclaim:        47132 kB
KernelStack:       15744 kB
PageTables:        50320 kB
NFS_Unstable:          0 kB
Bounce:                0 kB
WritebackTmp:          0 kB
CommitLimit:     2183484 kB
Committed_AS:   118109380 kB
VmallocTotal:     311296 kB
VmallocUsed:       23092 kB
VmallocChunk:     151564 kB
Time pass: 196 sec

---2015-10-25 15:24:01
MemTotal:        1745540 kB
MemFree:          107080 kB
Buffers:           20964 kB
Cached:           294252 kB
SwapCached:        42972 kB
Active:           475932 kB
Inactive:         480564 kB
Active(anon):     308388 kB
Inactive(anon):   336932 kB
Active(file):     167544 kB
Inactive(file):   143632 kB
Unevictable:        3816 kB
Mlocked:               0 kB
HighTotal:       1217536 kB
HighFree:          23500 kB
LowTotal:         528004 kB
LowFree:           83580 kB
SwapTotal:       1310716 kB
SwapFree:         661444 kB
Dirty:                88 kB
Writeback:             0 kB
AnonPages:        619120 kB
Mapped:           248336 kB
Shmem:               224 kB
Slab:              63344 kB
SReclaimable:      16212 kB
SUnreclaim:        47132 kB
KernelStack:       15744 kB
PageTables:        50320 kB
NFS_Unstable:          0 kB
Bounce:                0 kB
WritebackTmp:          0 kB
CommitLimit:     2183484 kB
Committed_AS:   118109500 kB
VmallocTotal:     311296 kB
VmallocUsed:       23092 kB
VmallocChunk:     151564 kB
Time pass: 199 sec

---2015-10-25 15:24:01
MemTotal:        1745540 kB
MemFree:           93516 kB
Buffers:           20964 kB
Cached:           294592 kB
SwapCached:        42972 kB
Active:           478380 kB
Inactive:         480880 kB
Active(anon):     310828 kB
Inactive(anon):   336936 kB
Active(file):     167552 kB
Inactive(file):   143944 kB
Unevictable:        3816 kB
Mlocked:               0 kB
HighTotal:       1217536 kB
HighFree:          22044 kB
LowTotal:         528004 kB
LowFree:           71472 kB
SwapTotal:       1310716 kB
SwapFree:         661448 kB
Dirty:               360 kB
Writeback:             0 kB
AnonPages:        621500 kB
Mapped:           256868 kB
Shmem:               224 kB
Slab:              63264 kB
SReclaimable:      16196 kB
SUnreclaim:        47068 kB
KernelStack:       15728 kB
PageTables:        50296 kB
NFS_Unstable:          0 kB
Bounce:                0 kB
WritebackTmp:          0 kB
CommitLimit:     2183484 kB
Committed_AS:   118109812 kB
VmallocTotal:     311296 kB
VmallocUsed:       23108 kB
VmallocChunk:     151564 kB
Time pass: 203 sec

---2015-10-25 15:24:01
MemTotal:        1745540 kB
MemFree:           93296 kB
Buffers:           20972 kB
Cached:           294592 kB
SwapCached:        42972 kB
Active:           478876 kB
Inactive:         480904 kB
Active(anon):     311324 kB
Inactive(anon):   336936 kB
Active(file):     167552 kB
Inactive(file):   143968 kB
Unevictable:        3816 kB
Mlocked:               0 kB
HighTotal:       1217536 kB
HighFree:          21820 kB
LowTotal:         528004 kB
LowFree:           71476 kB
SwapTotal:       1310716 kB
SwapFree:         661448 kB
Dirty:                52 kB
Writeback:             0 kB
AnonPages:        621916 kB
Mapped:           256892 kB
Shmem:               224 kB
Slab:              63232 kB
SReclaimable:      16196 kB
SUnreclaim:        47036 kB
KernelStack:       15744 kB
PageTables:        50340 kB
NFS_Unstable:          0 kB
Bounce:                0 kB
WritebackTmp:          0 kB
CommitLimit:     2183484 kB
Committed_AS:   118109856 kB
VmallocTotal:     311296 kB
VmallocUsed:       23108 kB
VmallocChunk:     151564 kB
Time pass: 207 sec

---2015-10-25 15:24:01
MemTotal:        1745540 kB
MemFree:           67228 kB
Buffers:           20972 kB
Cached:           294596 kB
SwapCached:        43092 kB
Active:           486784 kB
Inactive:         479164 kB
Active(anon):     317324 kB
Inactive(anon):   337096 kB
Active(file):     169460 kB
Inactive(file):   142068 kB
Unevictable:        3816 kB
Mlocked:               0 kB
HighTotal:       1217536 kB
HighFree:          19176 kB
LowTotal:         528004 kB
LowFree:           48052 kB
SwapTotal:       1310716 kB
SwapFree:         661524 kB
Dirty:               568 kB
Writeback:             0 kB
AnonPages:        628188 kB
Mapped:           272176 kB
Shmem:               224 kB
Slab:              63200 kB
SReclaimable:      16196 kB
SUnreclaim:        47004 kB
KernelStack:       15744 kB
PageTables:        50392 kB
NFS_Unstable:          0 kB
Bounce:                0 kB
WritebackTmp:          0 kB
CommitLimit:     2183484 kB
Committed_AS:   118118644 kB
VmallocTotal:     311296 kB
VmallocUsed:       23192 kB
VmallocChunk:     151564 kB
Time pass: 210 sec

---2015-10-25 15:24:01
MemTotal:        1745540 kB
MemFree:           47840 kB
Buffers:           20996 kB
Cached:           294768 kB
SwapCached:        43128 kB
Active:           500904 kB
Inactive:         478536 kB
Active(anon):     330544 kB
Inactive(anon):   337340 kB
Active(file):     170360 kB
Inactive(file):   141196 kB
Unevictable:        3816 kB
Mlocked:               0 kB
HighTotal:       1217536 kB
HighFree:          18580 kB
LowTotal:         528004 kB
LowFree:           29260 kB
SwapTotal:       1310716 kB
SwapFree:         661532 kB
Dirty:                68 kB
Writeback:             0 kB
AnonPages:        641564 kB
Mapped:           275320 kB
Shmem:               392 kB
Slab:              63244 kB
SReclaimable:      16212 kB
SUnreclaim:        47032 kB
KernelStack:       16040 kB
PageTables:        50588 kB
NFS_Unstable:          0 kB
Bounce:                0 kB
WritebackTmp:          0 kB
CommitLimit:     2183484 kB
Committed_AS:   118158960 kB
VmallocTotal:     311296 kB
VmallocUsed:       23328 kB
VmallocChunk:     151564 kB
Time pass: 214 sec

---2015-10-25 15:24:01
MemTotal:        1745540 kB
MemFree:           50588 kB
Buffers:           18616 kB
Cached:           281708 kB
SwapCached:        43192 kB
Active:           497180 kB
Inactive:         484452 kB
Active(anon):     343200 kB
Inactive(anon):   342500 kB
Active(file):     153980 kB
Inactive(file):   141952 kB
Unevictable:        3816 kB
Mlocked:               0 kB
HighTotal:       1217536 kB
HighFree:          20140 kB
LowTotal:         528004 kB
LowFree:           30448 kB
SwapTotal:       1310716 kB
SwapFree:         658344 kB
Dirty:               128 kB
Writeback:             0 kB
AnonPages:        659016 kB
Mapped:           280588 kB
Shmem:               576 kB
Slab:              63536 kB
SReclaimable:      16212 kB
SUnreclaim:        47324 kB
KernelStack:       16352 kB
PageTables:        51268 kB
NFS_Unstable:          0 kB
Bounce:                0 kB
WritebackTmp:          0 kB
CommitLimit:     2183484 kB
Committed_AS:   119701964 kB
VmallocTotal:     311296 kB
VmallocUsed:       23260 kB
VmallocChunk:     151564 kB
Time pass: 219 sec

---2015-10-25 15:24:01
MemTotal:        1745540 kB
MemFree:           49880 kB
Buffers:           18616 kB
Cached:           281708 kB
SwapCached:        43192 kB
Active:           498172 kB
Inactive:         484440 kB
Active(anon):     344184 kB
Inactive(anon):   342496 kB
Active(file):     153988 kB
Inactive(file):   141944 kB
Unevictable:        3816 kB
Mlocked:               0 kB
HighTotal:       1217536 kB
HighFree:          18948 kB
LowTotal:         528004 kB
LowFree:           30932 kB
SwapTotal:       1310716 kB
SwapFree:         658348 kB
Dirty:                 4 kB
Writeback:             0 kB
AnonPages:        660024 kB
Mapped:           281048 kB
Shmem:               576 kB
Slab:              63656 kB
SReclaimable:      16212 kB
SUnreclaim:        47444 kB
KernelStack:       16328 kB
PageTables:        51276 kB
NFS_Unstable:          0 kB
Bounce:                0 kB
WritebackTmp:          0 kB
CommitLimit:     2183484 kB
Committed_AS:   119703056 kB
VmallocTotal:     311296 kB
VmallocUsed:       23260 kB
VmallocChunk:     151564 kB
Time pass: 223 sec

---2015-10-25 15:24:01
MemTotal:        1745540 kB
MemFree:           47948 kB
Buffers:           18624 kB
Cached:           281708 kB
SwapCached:        43196 kB
Active:           499484 kB
Inactive:         484456 kB
Active(anon):     345496 kB
Inactive(anon):   342504 kB
Active(file):     153988 kB
Inactive(file):   141952 kB
Unevictable:        3816 kB
Mlocked:               0 kB
HighTotal:       1217536 kB
HighFree:          18576 kB
LowTotal:         528004 kB
LowFree:           29372 kB
SwapTotal:       1310716 kB
SwapFree:         658352 kB
Dirty:                 0 kB
Writeback:             0 kB
AnonPages:        661284 kB
Mapped:           281120 kB
Shmem:               576 kB
Slab:              63592 kB
SReclaimable:      16212 kB
SUnreclaim:        47380 kB
KernelStack:       16328 kB
PageTables:        51272 kB
NFS_Unstable:          0 kB
Bounce:                0 kB
WritebackTmp:          0 kB
CommitLimit:     2183484 kB
Committed_AS:   119703188 kB
VmallocTotal:     311296 kB
VmallocUsed:       23328 kB
VmallocChunk:     151564 kB
Time pass: 226 sec

---2015-10-25 15:24:01
MemTotal:        1745540 kB
MemFree:           47288 kB
Buffers:           18640 kB
Cached:           281744 kB
SwapCached:        43196 kB
Active:           501228 kB
Inactive:         484440 kB
Active(anon):     347240 kB
Inactive(anon):   342472 kB
Active(file):     153988 kB
Inactive(file):   141968 kB
Unevictable:        3816 kB
Mlocked:               0 kB
HighTotal:       1217536 kB
HighFree:          18620 kB
LowTotal:         528004 kB
LowFree:           28668 kB
SwapTotal:       1310716 kB
SwapFree:         658372 kB
Dirty:                36 kB
Writeback:             0 kB
AnonPages:        662844 kB
Mapped:           280976 kB
Shmem:               612 kB
Slab:              63460 kB
SReclaimable:      16212 kB
SUnreclaim:        47248 kB
KernelStack:       16336 kB
PageTables:        51276 kB
NFS_Unstable:          0 kB
Bounce:                0 kB
WritebackTmp:          0 kB
CommitLimit:     2183484 kB
Committed_AS:   119705444 kB
VmallocTotal:     311296 kB
VmallocUsed:       23260 kB
VmallocChunk:     151564 kB
Time pass: 230 sec

---2015-10-25 15:24:01
MemTotal:        1745540 kB
MemFree:           56256 kB
Buffers:           18648 kB
Cached:           281912 kB
SwapCached:        43204 kB
Active:           501720 kB
Inactive:         474560 kB
Active(anon):     337720 kB
Inactive(anon):   342428 kB
Active(file):     164000 kB
Inactive(file):   132132 kB
Unevictable:        3816 kB
Mlocked:               0 kB
HighTotal:       1217536 kB
HighFree:          27252 kB
LowTotal:         528004 kB
LowFree:           29004 kB
SwapTotal:       1310716 kB
SwapFree:         658372 kB
Dirty:                40 kB
Writeback:             0 kB
AnonPages:        653244 kB
Mapped:           274828 kB
Shmem:               612 kB
Slab:              63680 kB
SReclaimable:      16212 kB
SUnreclaim:        47468 kB
KernelStack:       16000 kB
PageTables:        50676 kB
NFS_Unstable:          0 kB
Bounce:                0 kB
WritebackTmp:          0 kB
CommitLimit:     2183484 kB
Committed_AS:   118168272 kB
VmallocTotal:     311296 kB
VmallocUsed:       23328 kB
VmallocChunk:     151564 kB
Time pass: 234 sec

---2015-10-25 15:24:01
MemTotal:        1745540 kB
MemFree:           46720 kB
Buffers:           18660 kB
Cached:           281972 kB
SwapCached:        43224 kB
Active:           511176 kB
Inactive:         474768 kB
Active(anon):     347160 kB
Inactive(anon):   342580 kB
Active(file):     164016 kB
Inactive(file):   132188 kB
Unevictable:        3816 kB
Mlocked:               0 kB
HighTotal:       1217536 kB
HighFree:          21480 kB
LowTotal:         528004 kB
LowFree:           25240 kB
SwapTotal:       1310716 kB
SwapFree:         658520 kB
Dirty:                40 kB
Writeback:             0 kB
AnonPages:        662980 kB
Mapped:           281288 kB
Shmem:               612 kB
Slab:              63660 kB
SReclaimable:      16212 kB
SUnreclaim:        47448 kB
KernelStack:       16320 kB
PageTables:        51284 kB
NFS_Unstable:          0 kB
Bounce:                0 kB
WritebackTmp:          0 kB
CommitLimit:     2183484 kB
Committed_AS:   119704920 kB
VmallocTotal:     311296 kB
VmallocUsed:       24280 kB
VmallocChunk:     151564 kB
Time pass: 237 sec

---2015-10-25 15:24:01
MemTotal:        1745540 kB
MemFree:           46152 kB
Buffers:           18668 kB
Cached:           281964 kB
SwapCached:        43224 kB
Active:           511784 kB
Inactive:         474768 kB
Active(anon):     347768 kB
Inactive(anon):   342580 kB
Active(file):     164016 kB
Inactive(file):   132188 kB
Unevictable:        3816 kB
Mlocked:               0 kB
HighTotal:       1217536 kB
HighFree:          20636 kB
LowTotal:         528004 kB
LowFree:           25516 kB
SwapTotal:       1310716 kB
SwapFree:         658520 kB
Dirty:               108 kB
Writeback:             0 kB
AnonPages:        663580 kB
Mapped:           281320 kB
Shmem:               612 kB
Slab:              63500 kB
SReclaimable:      16212 kB
SUnreclaim:        47288 kB
KernelStack:       16328 kB
PageTables:        51324 kB
NFS_Unstable:          0 kB
Bounce:                0 kB
WritebackTmp:          0 kB
CommitLimit:     2183484 kB
Committed_AS:   119705180 kB
VmallocTotal:     311296 kB
VmallocUsed:       24280 kB
VmallocChunk:     151564 kB
Time pass: 241 sec

---2015-10-25 15:24:01
MemTotal:        1745540 kB
MemFree:           45812 kB
Buffers:           18668 kB
Cached:           281972 kB
SwapCached:        43224 kB
Active:           512328 kB
Inactive:         474776 kB
Active(anon):     348312 kB
Inactive(anon):   342580 kB
Active(file):     164016 kB
Inactive(file):   132196 kB
Unevictable:        3816 kB
Mlocked:               0 kB
HighTotal:       1217536 kB
HighFree:          20120 kB
LowTotal:         528004 kB
LowFree:           25692 kB
SwapTotal:       1310716 kB
SwapFree:         658520 kB
Dirty:                68 kB
Writeback:             0 kB
AnonPages:        664192 kB
Mapped:           281208 kB
Shmem:               612 kB
Slab:              63532 kB
SReclaimable:      16212 kB
SUnreclaim:        47320 kB
KernelStack:       16320 kB
PageTables:        51284 kB
NFS_Unstable:          0 kB
Bounce:                0 kB
WritebackTmp:          0 kB
CommitLimit:     2183484 kB
Committed_AS:   119706292 kB
VmallocTotal:     311296 kB
VmallocUsed:       24280 kB
VmallocChunk:     151564 kB
Time pass: 245 sec

---2015-10-25 15:24:01
MemTotal:        1745540 kB
MemFree:           45188 kB
Buffers:           18220 kB
Cached:           280892 kB
SwapCached:        43232 kB
Active:           507352 kB
Inactive:         479024 kB
Active(anon):     345836 kB
Inactive(anon):   345952 kB
Active(file):     161516 kB
Inactive(file):   133072 kB
Unevictable:        3816 kB
Mlocked:               0 kB
HighTotal:       1217536 kB
HighFree:          20476 kB
LowTotal:         528004 kB
LowFree:           24712 kB
SwapTotal:       1310716 kB
SwapFree:         658392 kB
Dirty:                 0 kB
Writeback:             0 kB
AnonPages:        664844 kB
Mapped:           281392 kB
Shmem:               612 kB
Slab:              63596 kB
SReclaimable:      16212 kB
SUnreclaim:        47384 kB
KernelStack:       16360 kB
PageTables:        51288 kB
NFS_Unstable:          0 kB
Bounce:                0 kB
WritebackTmp:          0 kB
CommitLimit:     2183484 kB
Committed_AS:   119707444 kB
VmallocTotal:     311296 kB
VmallocUsed:       24348 kB
VmallocChunk:     151564 kB
Time pass: 249 sec

---2015-10-25 15:24:01
MemTotal:        1745540 kB
MemFree:           56100 kB
Buffers:           18228 kB
Cached:           280744 kB
SwapCached:        43232 kB
Active:           497516 kB
Inactive:         479048 kB
Active(anon):     336112 kB
Inactive(anon):   345908 kB
Active(file):     161404 kB
Inactive(file):   133140 kB
Unevictable:        3816 kB
Mlocked:               0 kB
HighTotal:       1217536 kB
HighFree:          26360 kB
LowTotal:         528004 kB
LowFree:           29740 kB
SwapTotal:       1310716 kB
SwapFree:         658392 kB
Dirty:                 4 kB
Writeback:             0 kB
AnonPages:        655132 kB
Mapped:           274764 kB
Shmem:               612 kB
Slab:              63524 kB
SReclaimable:      16212 kB
SUnreclaim:        47312 kB
KernelStack:       15976 kB
PageTables:        50684 kB
NFS_Unstable:          0 kB
Bounce:                0 kB
WritebackTmp:          0 kB
CommitLimit:     2183484 kB
Committed_AS:   118170976 kB
VmallocTotal:     311296 kB
VmallocUsed:       23260 kB
VmallocChunk:     151564 kB
Time pass: 253 sec

---2015-10-25 15:24:01
MemTotal:        1745540 kB
MemFree:           43292 kB
Buffers:           17904 kB
Cached:           279732 kB
SwapCached:        43232 kB
Active:           508760 kB
Inactive:         481212 kB
Active(anon):     349388 kB
Inactive(anon):   347664 kB
Active(file):     159372 kB
Inactive(file):   133548 kB
Unevictable:        3816 kB
Mlocked:               0 kB
HighTotal:       1217536 kB
HighFree:          19260 kB
LowTotal:         528004 kB
LowFree:           24032 kB
SwapTotal:       1310716 kB
SwapFree:         658392 kB
Dirty:                68 kB
Writeback:             0 kB
AnonPages:        669924 kB
Mapped:           281380 kB
Shmem:               900 kB
Slab:              63588 kB
SReclaimable:      16212 kB
SUnreclaim:        47376 kB
KernelStack:       16368 kB
PageTables:        51280 kB
NFS_Unstable:          0 kB
Bounce:                0 kB
WritebackTmp:          0 kB
CommitLimit:     2183484 kB
Committed_AS:   119709396 kB
VmallocTotal:     311296 kB
VmallocUsed:       23260 kB
VmallocChunk:     151564 kB
Time pass: 256 sec

---2015-10-25 15:24:01
MemTotal:        1745540 kB
MemFree:           45324 kB
Buffers:           17520 kB
Cached:           278132 kB
SwapCached:        43236 kB
Active:           507032 kB
Inactive:         481564 kB
Active(anon):     349120 kB
Inactive(anon):   348540 kB
Active(file):     157912 kB
Inactive(file):   133024 kB
Unevictable:        3816 kB
Mlocked:               0 kB
HighTotal:       1217536 kB
HighFree:          20316 kB
LowTotal:         528004 kB
LowFree:           25008 kB
SwapTotal:       1310716 kB
SwapFree:         658016 kB
Dirty:                16 kB
Writeback:             0 kB
AnonPages:        670572 kB
Mapped:           281472 kB
Shmem:               900 kB
Slab:              63524 kB
SReclaimable:      16212 kB
SUnreclaim:        47312 kB
KernelStack:       16352 kB
PageTables:        51292 kB
NFS_Unstable:          0 kB
Bounce:                0 kB
WritebackTmp:          0 kB
CommitLimit:     2183484 kB
Committed_AS:   119710604 kB
VmallocTotal:     311296 kB
VmallocUsed:       23260 kB
VmallocChunk:     151564 kB
Time pass: 260 sec

---2015-10-25 15:24:01
MemTotal:        1745540 kB
MemFree:           44572 kB
Buffers:           17528 kB
Cached:           278132 kB
SwapCached:        43236 kB
Active:           507780 kB
Inactive:         481560 kB
Active(anon):     349868 kB
Inactive(anon):   348528 kB
Active(file):     157912 kB
Inactive(file):   133032 kB
Unevictable:        3816 kB
Mlocked:               0 kB
HighTotal:       1217536 kB
HighFree:          19664 kB
LowTotal:         528004 kB
LowFree:           24908 kB
SwapTotal:       1310716 kB
SwapFree:         658024 kB
Dirty:                48 kB
Writeback:             0 kB
AnonPages:        671312 kB
Mapped:           281484 kB
Shmem:               900 kB
Slab:              63524 kB
SReclaimable:      16212 kB
SUnreclaim:        47312 kB
KernelStack:       16352 kB
PageTables:        51292 kB
NFS_Unstable:          0 kB
Bounce:                0 kB
WritebackTmp:          0 kB
CommitLimit:     2183484 kB
Committed_AS:   119710772 kB
VmallocTotal:     311296 kB
VmallocUsed:       23260 kB
VmallocChunk:     151564 kB
Time pass: 264 sec

---2015-10-25 15:24:01
MemTotal:        1745540 kB
MemFree:           45276 kB
Buffers:           17312 kB
Cached:           276996 kB
SwapCached:        42932 kB
Active:           507628 kB
Inactive:         481920 kB
Active(anon):     350160 kB
Inactive(anon):   349796 kB
Active(file):     157468 kB
Inactive(file):   132124 kB
Unevictable:        3816 kB
Mlocked:               0 kB
HighTotal:       1217536 kB
HighFree:          20596 kB
LowTotal:         528004 kB
LowFree:           24680 kB
SwapTotal:       1310716 kB
SwapFree:         657324 kB
Dirty:                 4 kB
Writeback:             0 kB
AnonPages:        672764 kB
Mapped:           281504 kB
Shmem:               900 kB
Slab:              63524 kB
SReclaimable:      16212 kB
SUnreclaim:        47312 kB
KernelStack:       16352 kB
PageTables:        51300 kB
NFS_Unstable:          0 kB
Bounce:                0 kB
WritebackTmp:          0 kB
CommitLimit:     2183484 kB
Committed_AS:   119713236 kB
VmallocTotal:     311296 kB
VmallocUsed:       23328 kB
VmallocChunk:     151564 kB
Time pass: 268 sec

---2015-10-25 15:24:01
MemTotal:        1745540 kB
MemFree:           56448 kB
Buffers:           17320 kB
Cached:           276988 kB
SwapCached:        42932 kB
Active:           497188 kB
Inactive:         481664 kB
Active(anon):     339696 kB
Inactive(anon):   349564 kB
Active(file):     157492 kB
Inactive(file):   132100 kB
Unevictable:        3816 kB
Mlocked:               0 kB
HighTotal:       1217536 kB
HighFree:          27528 kB
LowTotal:         528004 kB
LowFree:           28920 kB
SwapTotal:       1310716 kB
SwapFree:         657328 kB
Dirty:                 8 kB
Writeback:             0 kB
AnonPages:        662164 kB
Mapped:           274940 kB
Shmem:               900 kB
Slab:              63456 kB
SReclaimable:      16212 kB
SUnreclaim:        47244 kB
KernelStack:       16056 kB
PageTables:        50688 kB
NFS_Unstable:          0 kB
Bounce:                0 kB
WritebackTmp:          0 kB
CommitLimit:     2183484 kB
Committed_AS:   118174716 kB
VmallocTotal:     311296 kB
VmallocUsed:       23260 kB
VmallocChunk:     151564 kB
Time pass: 271 sec

---2015-10-25 15:24:01
MemTotal:        1745540 kB
MemFree:           44320 kB
Buffers:           17320 kB
Cached:           276996 kB
SwapCached:        42932 kB
Active:           507440 kB
Inactive:         481672 kB
Active(anon):     349948 kB
Inactive(anon):   349564 kB
Active(file):     157492 kB
Inactive(file):   132108 kB
Unevictable:        3816 kB
Mlocked:               0 kB
HighTotal:       1217536 kB
HighFree:          18636 kB
LowTotal:         528004 kB
LowFree:           25684 kB
SwapTotal:       1310716 kB
SwapFree:         657448 kB
Dirty:                36 kB
Writeback:             0 kB
AnonPages:        672728 kB
Mapped:           281276 kB
Shmem:               900 kB
Slab:              63556 kB
SReclaimable:      16212 kB
SUnreclaim:        47344 kB
KernelStack:       16104 kB
PageTables:        51196 kB
NFS_Unstable:          0 kB
Bounce:                0 kB
WritebackTmp:          0 kB
CommitLimit:     2183484 kB
Committed_AS:   119708540 kB
VmallocTotal:     311296 kB
VmallocUsed:       23328 kB
VmallocChunk:     151564 kB
Time pass: 275 sec

---2015-10-25 15:24:01
MemTotal:        1745540 kB
MemFree:           45788 kB
Buffers:           16972 kB
Cached:           275196 kB
SwapCached:        42532 kB
Active:           505992 kB
Inactive:         483140 kB
Active(anon):     350992 kB
Inactive(anon):   350688 kB
Active(file):     155000 kB
Inactive(file):   132452 kB
Unevictable:        3816 kB
Mlocked:               0 kB
HighTotal:       1217536 kB
HighFree:          20296 kB
LowTotal:         528004 kB
LowFree:           25492 kB
SwapTotal:       1310716 kB
SwapFree:         656492 kB
Dirty:                36 kB
Writeback:             0 kB
AnonPages:        674676 kB
Mapped:           281636 kB
Shmem:               900 kB
Slab:              63480 kB
SReclaimable:      16212 kB
SUnreclaim:        47268 kB
KernelStack:       16312 kB
PageTables:        51296 kB
NFS_Unstable:          0 kB
Bounce:                0 kB
WritebackTmp:          0 kB
CommitLimit:     2183484 kB
Committed_AS:   119712224 kB
VmallocTotal:     311296 kB
VmallocUsed:       23260 kB
VmallocChunk:     151564 kB
Time pass: 279 sec

---2015-10-25 15:24:01
MemTotal:        1745540 kB
MemFree:           48744 kB
Buffers:           16980 kB
Cached:           275196 kB
SwapCached:        42532 kB
Active:           502284 kB
Inactive:         483148 kB
Active(anon):     347284 kB
Inactive(anon):   350688 kB
Active(file):     155000 kB
Inactive(file):   132460 kB
Unevictable:        3816 kB
Mlocked:               0 kB
HighTotal:       1217536 kB
HighFree:          22432 kB
LowTotal:         528004 kB
LowFree:           26312 kB
SwapTotal:       1310716 kB
SwapFree:         656492 kB
Dirty:                24 kB
Writeback:             0 kB
AnonPages:        670868 kB
Mapped:           281528 kB
Shmem:               900 kB
Slab:              63604 kB
SReclaimable:      16212 kB
SUnreclaim:        47392 kB
KernelStack:       16320 kB
PageTables:        51292 kB
NFS_Unstable:          0 kB
Bounce:                0 kB
WritebackTmp:          0 kB
CommitLimit:     2183484 kB
Committed_AS:   119712324 kB
VmallocTotal:     311296 kB
VmallocUsed:       23260 kB
VmallocChunk:     151564 kB
Time pass: 282 sec

---2015-10-25 15:24:01
MemTotal:        1745540 kB
MemFree:           48400 kB
Buffers:           17004 kB
Cached:           275188 kB
SwapCached:        42532 kB
Active:           503504 kB
Inactive:         483188 kB
Active(anon):     348504 kB
Inactive(anon):   350712 kB
Active(file):     155000 kB
Inactive(file):   132476 kB
Unevictable:        3816 kB
Mlocked:               0 kB
HighTotal:       1217536 kB
HighFree:          22060 kB
LowTotal:         528004 kB
LowFree:           26340 kB
SwapTotal:       1310716 kB
SwapFree:         656520 kB
Dirty:                60 kB
Writeback:             0 kB
AnonPages:        671940 kB
Mapped:           281712 kB
Shmem:               900 kB
Slab:              63604 kB
SReclaimable:      16212 kB
SUnreclaim:        47392 kB
KernelStack:       16320 kB
PageTables:        51296 kB
NFS_Unstable:          0 kB
Bounce:                0 kB
WritebackTmp:          0 kB
CommitLimit:     2183484 kB
Committed_AS:   119712412 kB
VmallocTotal:     311296 kB
VmallocUsed:       23328 kB
VmallocChunk:     151564 kB
Time pass: 286 sec

---2015-10-25 15:24:01
MemTotal:        1745540 kB
MemFree:           59116 kB
Buffers:           17004 kB
Cached:           275196 kB
SwapCached:        42532 kB
Active:           492396 kB
Inactive:         483196 kB
Active(anon):     337396 kB
Inactive(anon):   350712 kB
Active(file):     155000 kB
Inactive(file):   132484 kB
Unevictable:        3816 kB
Mlocked:               0 kB
HighTotal:       1217536 kB
HighFree:          29620 kB
LowTotal:         528004 kB
LowFree:           29496 kB
SwapTotal:       1310716 kB
SwapFree:         656524 kB
Dirty:                 4 kB
Writeback:             0 kB
AnonPages:        660968 kB
Mapped:           275120 kB
Shmem:               900 kB
Slab:              63544 kB
SReclaimable:      16212 kB
SUnreclaim:        47332 kB
KernelStack:       16208 kB
PageTables:        50680 kB
NFS_Unstable:          0 kB
Bounce:                0 kB
WritebackTmp:          0 kB
CommitLimit:     2183484 kB
Committed_AS:   118175996 kB
VmallocTotal:     311296 kB
VmallocUsed:       23328 kB
VmallocChunk:     151564 kB
Time pass: 290 sec

---2015-10-25 15:24:01
MemTotal:        1745540 kB
MemFree:           56172 kB
Buffers:           17004 kB
Cached:           275196 kB
SwapCached:        42532 kB
Active:           496672 kB
Inactive:         483180 kB
Active(anon):     341672 kB
Inactive(anon):   350696 kB
Active(file):     155000 kB
Inactive(file):   132484 kB
Unevictable:        3816 kB
Mlocked:               0 kB
HighTotal:       1217536 kB
HighFree:          25748 kB
LowTotal:         528004 kB
LowFree:           30424 kB
SwapTotal:       1310716 kB
SwapFree:         656524 kB
Dirty:                 0 kB
Writeback:             0 kB
AnonPages:        665276 kB
Mapped:           278680 kB
Shmem:               900 kB
Slab:              63608 kB
SReclaimable:      16212 kB
SUnreclaim:        47396 kB
KernelStack:       16024 kB
PageTables:        51120 kB
NFS_Unstable:          0 kB
Bounce:                0 kB
WritebackTmp:          0 kB
CommitLimit:     2183484 kB
Committed_AS:   119693080 kB
VmallocTotal:     311296 kB
VmallocUsed:       23260 kB
VmallocChunk:     151564 kB
Time pass: 294 sec

---2015-10-25 15:24:01
MemTotal:        1745540 kB
MemFree:           46428 kB
Buffers:           17012 kB
Cached:           275196 kB
SwapCached:        42540 kB
Active:           506200 kB
Inactive:         483312 kB
Active(anon):     351168 kB
Inactive(anon):   350852 kB
Active(file):     155032 kB
Inactive(file):   132460 kB
Unevictable:        3816 kB
Mlocked:               0 kB
HighTotal:       1217536 kB
HighFree:          18892 kB
LowTotal:         528004 kB
LowFree:           27536 kB
SwapTotal:       1310716 kB
SwapFree:         656692 kB
Dirty:                48 kB
Writeback:             0 kB
AnonPages:        674904 kB
Mapped:           281516 kB
Shmem:               900 kB
Slab:              63556 kB
SReclaimable:      16212 kB
SUnreclaim:        47344 kB
KernelStack:       16328 kB
PageTables:        51308 kB
NFS_Unstable:          0 kB
Bounce:                0 kB
WritebackTmp:          0 kB
CommitLimit:     2183484 kB
Committed_AS:   119712988 kB
VmallocTotal:     311296 kB
VmallocUsed:       23260 kB
VmallocChunk:     151564 kB
Time pass: 297 sec

---2015-10-25 15:24:01
MemTotal:        1745540 kB
MemFree:           44912 kB
Buffers:           17020 kB
Cached:           275196 kB
SwapCached:        42540 kB
Active:           506952 kB
Inactive:         483316 kB
Active(anon):     351920 kB
Inactive(anon):   350848 kB
Active(file):     155032 kB
Inactive(file):   132468 kB
Unevictable:        3816 kB
Mlocked:               0 kB
HighTotal:       1217536 kB
HighFree:          18644 kB
LowTotal:         528004 kB
LowFree:           26268 kB
SwapTotal:       1310716 kB
SwapFree:         656696 kB
Dirty:                48 kB
Writeback:             0 kB
AnonPages:        675692 kB
Mapped:           281516 kB
Shmem:               900 kB
Slab:              63568 kB
SReclaimable:      16212 kB
SUnreclaim:        47356 kB
KernelStack:       16336 kB
PageTables:        51304 kB
NFS_Unstable:          0 kB
Bounce:                0 kB
WritebackTmp:          0 kB
CommitLimit:     2183484 kB
Committed_AS:   119714324 kB
VmallocTotal:     311296 kB
VmallocUsed:       23328 kB
VmallocChunk:     151564 kB
Time pass: 301 sec

---2015-10-25 15:24:01
MemTotal:        1745540 kB
MemFree:           44556 kB
Buffers:           17036 kB
Cached:           275196 kB
SwapCached:        42540 kB
Active:           507132 kB
Inactive:         483336 kB
Active(anon):     352100 kB
Inactive(anon):   350852 kB
Active(file):     155032 kB
Inactive(file):   132484 kB
Unevictable:        3816 kB
Mlocked:               0 kB
HighTotal:       1217536 kB
HighFree:          18768 kB
LowTotal:         528004 kB
LowFree:           25788 kB
SwapTotal:       1310716 kB
SwapFree:         656700 kB
Dirty:                 0 kB
Writeback:             0 kB
AnonPages:        675852 kB
Mapped:           281652 kB
Shmem:               900 kB
Slab:              63440 kB
SReclaimable:      16212 kB
SUnreclaim:        47228 kB
KernelStack:       16336 kB
PageTables:        51308 kB
NFS_Unstable:          0 kB
Bounce:                0 kB
WritebackTmp:          0 kB
CommitLimit:     2183484 kB
Committed_AS:   119714436 kB
VmallocTotal:     311296 kB
VmallocUsed:       23260 kB
VmallocChunk:     151564 kB
Time pass: 305 sec

---2015-10-25 15:24:01
MemTotal:        1745540 kB
MemFree:           43816 kB
Buffers:           17052 kB
Cached:           275196 kB
SwapCached:        42540 kB
Active:           507752 kB
Inactive:         483352 kB
Active(anon):     352720 kB
Inactive(anon):   350852 kB
Active(file):     155032 kB
Inactive(file):   132500 kB
Unevictable:        3816 kB
Mlocked:               0 kB
HighTotal:       1217536 kB
HighFree:          18632 kB
LowTotal:         528004 kB
LowFree:           25184 kB
SwapTotal:       1310716 kB
SwapFree:         656740 kB
Dirty:                68 kB
Writeback:             0 kB
AnonPages:        676388 kB
Mapped:           281716 kB
Shmem:               900 kB
Slab:              63568 kB
SReclaimable:      16212 kB
SUnreclaim:        47356 kB
KernelStack:       16288 kB
PageTables:        51308 kB
NFS_Unstable:          0 kB
Bounce:                0 kB
WritebackTmp:          0 kB
CommitLimit:     2183484 kB
Committed_AS:   119715180 kB
VmallocTotal:     311296 kB
VmallocUsed:       23328 kB
VmallocChunk:     151564 kB
Time pass: 309 sec

---2015-10-25 15:24:01
MemTotal:        1745540 kB
MemFree:           57016 kB
Buffers:           16956 kB
Cached:           274892 kB
SwapCached:        42216 kB
Active:           495100 kB
Inactive:         484292 kB
Active(anon):     340568 kB
Inactive(anon):   351692 kB
Active(file):     154532 kB
Inactive(file):   132600 kB
Unevictable:        3816 kB
Mlocked:               0 kB
HighTotal:       1217536 kB
HighFree:          29220 kB
LowTotal:         528004 kB
LowFree:           27796 kB
SwapTotal:       1310716 kB
SwapFree:         655960 kB
Dirty:                 4 kB
Writeback:             0 kB
AnonPages:        665288 kB
Mapped:           275088 kB
Shmem:               900 kB
Slab:              63532 kB
SReclaimable:      16212 kB
SUnreclaim:        47320 kB
KernelStack:       16000 kB
PageTables:        50692 kB
NFS_Unstable:          0 kB
Bounce:                0 kB
WritebackTmp:          0 kB
CommitLimit:     2183484 kB
Committed_AS:   118178612 kB
VmallocTotal:     311296 kB
VmallocUsed:       23260 kB
VmallocChunk:     151564 kB
Time pass: 312 sec

---2015-10-25 15:24:01
MemTotal:        1745540 kB
MemFree:           44780 kB
Buffers:           16800 kB
Cached:           273852 kB
SwapCached:        41360 kB
Active:           505416 kB
Inactive:         485324 kB
Active(anon):     352324 kB
Inactive(anon):   352480 kB
Active(file):     153092 kB
Inactive(file):   132844 kB
Unevictable:        3816 kB
Mlocked:               0 kB
HighTotal:       1217536 kB
HighFree:          20240 kB
LowTotal:         528004 kB
LowFree:           24540 kB
SwapTotal:       1310716 kB
SwapFree:         655008 kB
Dirty:                80 kB
Writeback:             0 kB
AnonPages:        677740 kB
Mapped:           281700 kB
Shmem:               900 kB
Slab:              63596 kB
SReclaimable:      16212 kB
SUnreclaim:        47384 kB
KernelStack:       16328 kB
PageTables:        51308 kB
NFS_Unstable:          0 kB
Bounce:                0 kB
WritebackTmp:          0 kB
CommitLimit:     2183484 kB
Committed_AS:   119715508 kB
VmallocTotal:     311296 kB
VmallocUsed:       23328 kB
VmallocChunk:     151564 kB
Time pass: 316 sec

---2015-10-25 15:24:01
MemTotal:        1745540 kB
MemFree:           44548 kB
Buffers:           16808 kB
Cached:           273844 kB
SwapCached:        41360 kB
Active:           506140 kB
Inactive:         485320 kB
Active(anon):     353048 kB
Inactive(anon):   352476 kB
Active(file):     153092 kB
Inactive(file):   132844 kB
Unevictable:        3816 kB
Mlocked:               0 kB
HighTotal:       1217536 kB
HighFree:          19680 kB
LowTotal:         528004 kB
LowFree:           24868 kB
SwapTotal:       1310716 kB
SwapFree:         655016 kB
Dirty:                80 kB
Writeback:             0 kB
AnonPages:        678440 kB
Mapped:           281640 kB
Shmem:               900 kB
Slab:              63560 kB
SReclaimable:      16212 kB
SUnreclaim:        47348 kB
KernelStack:       16328 kB
PageTables:        51316 kB
NFS_Unstable:          0 kB
Bounce:                0 kB
WritebackTmp:          0 kB
CommitLimit:     2183484 kB
Committed_AS:   119715660 kB
VmallocTotal:     311296 kB
VmallocUsed:       23260 kB
VmallocChunk:     151564 kB
Time pass: 320 sec

---2015-10-25 15:24:01
MemTotal:        1745540 kB
MemFree:           43656 kB
Buffers:           16824 kB
Cached:           273852 kB
SwapCached:        41360 kB
Active:           506496 kB
Inactive:         485348 kB
Active(anon):     353404 kB
Inactive(anon):   352480 kB
Active(file):     153092 kB
Inactive(file):   132868 kB
Unevictable:        3816 kB
Mlocked:               0 kB
HighTotal:       1217536 kB
HighFree:          18984 kB
LowTotal:         528004 kB
LowFree:           24672 kB
SwapTotal:       1310716 kB
SwapFree:         655020 kB
Dirty:                56 kB
Writeback:             0 kB
AnonPages:        678944 kB
Mapped:           281528 kB
Shmem:               900 kB
Slab:              63560 kB
SReclaimable:      16212 kB
SUnreclaim:        47348 kB
KernelStack:       16384 kB
PageTables:        51312 kB
NFS_Unstable:          0 kB
Bounce:                0 kB
WritebackTmp:          0 kB
CommitLimit:     2183484 kB
Committed_AS:   119715752 kB
VmallocTotal:     311296 kB
VmallocUsed:       23328 kB
VmallocChunk:     151564 kB
Time pass: 323 sec

---2015-10-25 15:24:01
MemTotal:        1745540 kB
MemFree:           45776 kB
Buffers:           16672 kB
Cached:           272884 kB
SwapCached:        41020 kB
Active:           506096 kB
Inactive:         484052 kB
Active(anon):     352752 kB
Inactive(anon):   352556 kB
Active(file):     153344 kB
Inactive(file):   131496 kB
Unevictable:        3816 kB
Mlocked:               0 kB
HighTotal:       1217536 kB
HighFree:          20824 kB
LowTotal:         528004 kB
LowFree:           24952 kB
SwapTotal:       1310716 kB
SwapFree:         654108 kB
Dirty:                32 kB
Writeback:             0 kB
AnonPages:        678140 kB
Mapped:           281568 kB
Shmem:               900 kB
Slab:              63468 kB
SReclaimable:      16212 kB
SUnreclaim:        47256 kB
KernelStack:       16336 kB
PageTables:        51312 kB
NFS_Unstable:          0 kB
Bounce:                0 kB
WritebackTmp:          0 kB
CommitLimit:     2183484 kB
Committed_AS:   119715876 kB
VmallocTotal:     311296 kB
VmallocUsed:       23260 kB
VmallocChunk:     151564 kB
Time pass: 327 sec

---2015-10-25 15:24:01
MemTotal:        1745540 kB
MemFree:           57172 kB
Buffers:           16672 kB
Cached:           272884 kB
SwapCached:        41020 kB
Active:           495764 kB
Inactive:         484048 kB
Active(anon):     342420 kB
Inactive(anon):   352552 kB
Active(file):     153344 kB
Inactive(file):   131496 kB
Unevictable:        3816 kB
Mlocked:               0 kB
HighTotal:       1217536 kB
HighFree:          29352 kB
LowTotal:         528004 kB
LowFree:           27820 kB
SwapTotal:       1310716 kB
SwapFree:         654108 kB
Dirty:                 4 kB
Writeback:             0 kB
AnonPages:        667976 kB
Mapped:           274876 kB
Shmem:               900 kB
Slab:              63560 kB
SReclaimable:      16212 kB
SUnreclaim:        47348 kB
KernelStack:       16016 kB
PageTables:        50700 kB
NFS_Unstable:          0 kB
Bounce:                0 kB
WritebackTmp:          0 kB
CommitLimit:     2183484 kB
Committed_AS:   118179372 kB
VmallocTotal:     311296 kB
VmallocUsed:       23260 kB
VmallocChunk:     151564 kB
Time pass: 330 sec

---2015-10-25 15:24:01
MemTotal:        1745540 kB
MemFree:           43296 kB
Buffers:           16680 kB
Cached:           273356 kB
SwapCached:        41020 kB
Active:           509192 kB
Inactive:         483948 kB
Active(anon):     355848 kB
Inactive(anon):   351976 kB
Active(file):     153344 kB
Inactive(file):   131972 kB
Unevictable:        3816 kB
Mlocked:               0 kB
HighTotal:       1217536 kB
HighFree:          18904 kB
LowTotal:         528004 kB
LowFree:           24392 kB
SwapTotal:       1310716 kB
SwapFree:         654152 kB
Dirty:                68 kB
Writeback:             0 kB
AnonPages:        680632 kB
Mapped:           281560 kB
Shmem:               900 kB
Slab:              63564 kB
SReclaimable:      16212 kB
SUnreclaim:        47352 kB
KernelStack:       16400 kB
PageTables:        51320 kB
NFS_Unstable:          0 kB
Bounce:                0 kB
WritebackTmp:          0 kB
CommitLimit:     2183484 kB
Committed_AS:   119716580 kB
VmallocTotal:     311296 kB
VmallocUsed:       24348 kB
VmallocChunk:     151564 kB
Time pass: 334 sec

---2015-10-25 15:24:01
MemTotal:        1745540 kB
MemFree:           52344 kB
Buffers:           16548 kB
Cached:           272564 kB
SwapCached:        40256 kB
Active:           501236 kB
Inactive:         483308 kB
Active(anon):     348996 kB
Inactive(anon):   351152 kB
Active(file):     152240 kB
Inactive(file):   132156 kB
Unevictable:        3816 kB
Mlocked:               0 kB
HighTotal:       1217536 kB
HighFree:          26708 kB
LowTotal:         528004 kB
LowFree:           25636 kB
SwapTotal:       1310716 kB
SwapFree:         653520 kB
Dirty:                12 kB
Writeback:             0 kB
AnonPages:        672972 kB
Mapped:           281484 kB
Shmem:               900 kB
Slab:              63364 kB
SReclaimable:      16212 kB
SUnreclaim:        47152 kB
KernelStack:       16336 kB
PageTables:        51316 kB
NFS_Unstable:          0 kB
Bounce:                0 kB
WritebackTmp:          0 kB
CommitLimit:     2183484 kB
Committed_AS:   119716660 kB
VmallocTotal:     311296 kB
VmallocUsed:       24280 kB
VmallocChunk:     151564 kB
Time pass: 338 sec

---2015-10-25 15:24:01
MemTotal:        1745540 kB
MemFree:           58652 kB
Buffers:           16556 kB
Cached:           272564 kB
SwapCached:        40256 kB
Active:           495184 kB
Inactive:         483292 kB
Active(anon):     342944 kB
Inactive(anon):   351128 kB
Active(file):     152240 kB
Inactive(file):   132164 kB
Unevictable:        3816 kB
Mlocked:               0 kB
HighTotal:       1217536 kB
HighFree:          30140 kB
LowTotal:         528004 kB
LowFree:           28512 kB
SwapTotal:       1310716 kB
SwapFree:         653520 kB
Dirty:                48 kB
Writeback:             0 kB
AnonPages:        666948 kB
Mapped:           281372 kB
Shmem:               900 kB
Slab:              63456 kB
SReclaimable:      16212 kB
SUnreclaim:        47244 kB
KernelStack:       16336 kB
PageTables:        51320 kB
NFS_Unstable:          0 kB
Bounce:                0 kB
WritebackTmp:          0 kB
CommitLimit:     2183484 kB
Committed_AS:   119716820 kB
VmallocTotal:     311296 kB
VmallocUsed:       24280 kB
VmallocChunk:     151564 kB
Time pass: 342 sec

---2015-10-25 15:24:01
MemTotal:        1745540 kB
MemFree:           58632 kB
Buffers:           16580 kB
Cached:           272564 kB
SwapCached:        40256 kB
Active:           495416 kB
Inactive:         483236 kB
Active(anon):     343176 kB
Inactive(anon):   351048 kB
Active(file):     152240 kB
Inactive(file):   132188 kB
Unevictable:        3816 kB
Mlocked:               0 kB
HighTotal:       1217536 kB
HighFree:          30136 kB
LowTotal:         528004 kB
LowFree:           28496 kB
SwapTotal:       1310716 kB
SwapFree:         653528 kB
Dirty:                 0 kB
Writeback:             0 kB
AnonPages:        667148 kB
Mapped:           281372 kB
