---2015-11-23 23:33:11
MemTotal:        1350964 kB
MemFree:           64492 kB
Buffers:            8028 kB
Cached:           648780 kB
SwapCached:            0 kB
Active:           608676 kB
Inactive:         492552 kB
Active(anon):     446492 kB
Inactive(anon):     1152 kB
Active(file):     162184 kB
Inactive(file):   491400 kB
Unevictable:        1988 kB
Mlocked:               0 kB
HighTotal:        802816 kB
HighFree:           1528 kB
LowTotal:         548148 kB
LowFree:           62964 kB
SwapTotal:             0 kB
SwapFree:              0 kB
Dirty:                 0 kB
Writeback:             0 kB
AnonPages:        446556 kB
Mapped:           184700 kB
Shmem:              1196 kB
Slab:              31932 kB
SReclaimable:      11240 kB
SUnreclaim:        20692 kB
KernelStack:        8760 kB
PageTables:        18796 kB
NFS_Unstable:          0 kB
Bounce:                0 kB
WritebackTmp:          0 kB
CommitLimit:      675480 kB
Committed_AS:   45747848 kB
VmallocTotal:     253952 kB
VmallocUsed:       90096 kB
VmallocChunk:      48132 kB
Time pass: 3 sec

---2015-11-23 23:33:11
MemTotal:        1350964 kB
MemFree:           64268 kB
Buffers:            8028 kB
Cached:           648780 kB
SwapCached:            0 kB
Active:           608696 kB
Inactive:         492592 kB
Active(anon):     446512 kB
Inactive(anon):     1152 kB
Active(file):     162184 kB
Inactive(file):   491440 kB
Unevictable:        1988 kB
Mlocked:               0 kB
HighTotal:        802816 kB
HighFree:           1528 kB
LowTotal:         548148 kB
LowFree:           62740 kB
SwapTotal:             0 kB
SwapFree:              0 kB
Dirty:                 0 kB
Writeback:             0 kB
AnonPages:        446568 kB
Mapped:           184704 kB
Shmem:              1196 kB
Slab:              31988 kB
SReclaimable:      11240 kB
SUnreclaim:        20748 kB
KernelStack:        8760 kB
PageTables:        18796 kB
NFS_Unstable:          0 kB
Bounce:                0 kB
WritebackTmp:          0 kB
CommitLimit:      675480 kB
Committed_AS:   45747816 kB
VmallocTotal:     253952 kB
VmallocUsed:       90096 kB
VmallocChunk:      48132 kB
Time pass: 6 sec

---2015-11-23 23:33:11
MemTotal:        1350964 kB
MemFree:           63676 kB
Buffers:            8028 kB
Cached:           648780 kB
SwapCached:            0 kB
Active:           609720 kB
Inactive:         492580 kB
Active(anon):     447524 kB
Inactive(anon):     1152 kB
Active(file):     162196 kB
Inactive(file):   491428 kB
Unevictable:        1988 kB
Mlocked:               0 kB
HighTotal:        802816 kB
HighFree:           1528 kB
LowTotal:         548148 kB
LowFree:           62148 kB
SwapTotal:             0 kB
SwapFree:              0 kB
Dirty:                 0 kB
Writeback:             0 kB
AnonPages:        447652 kB
Mapped:           184704 kB
Shmem:              1196 kB
Slab:              31952 kB
SReclaimable:      11248 kB
SUnreclaim:        20704 kB
KernelStack:        8776 kB
PageTables:        18832 kB
NFS_Unstable:          0 kB
Bounce:                0 kB
WritebackTmp:          0 kB
CommitLimit:      675480 kB
Committed_AS:   45749444 kB
VmallocTotal:     253952 kB
VmallocUsed:       90096 kB
VmallocChunk:      48132 kB
Time pass: 10 sec

---2015-11-23 23:33:11
MemTotal:        1350964 kB
MemFree:           32296 kB
Buffers:            8036 kB
Cached:           661932 kB
SwapCached:            0 kB
Active:           625624 kB
Inactive:         503684 kB
Active(anon):     461904 kB
Inactive(anon):     1152 kB
Active(file):     163720 kB
Inactive(file):   502532 kB
Unevictable:        1988 kB
Mlocked:               0 kB
HighTotal:        802816 kB
HighFree:           2804 kB
LowTotal:         548148 kB
LowFree:           29492 kB
SwapTotal:             0 kB
SwapFree:              0 kB
Dirty:               868 kB
Writeback:             0 kB
AnonPages:        462244 kB
Mapped:           196068 kB
Shmem:              1196 kB
Slab:              32092 kB
SReclaimable:      11364 kB
SUnreclaim:        20728 kB
KernelStack:        8888 kB
PageTables:        19252 kB
NFS_Unstable:          0 kB
Bounce:                0 kB
WritebackTmp:          0 kB
CommitLimit:      675480 kB
Committed_AS:   46643480 kB
VmallocTotal:     253952 kB
VmallocUsed:       92148 kB
VmallocChunk:      48132 kB
Time pass: 13 sec

---2015-11-23 23:33:11
MemTotal:        1350964 kB
MemFree:           32096 kB
Buffers:            7528 kB
Cached:           613980 kB
SwapCached:            0 kB
Active:           647824 kB
Inactive:         449376 kB
Active(anon):     477956 kB
Inactive(anon):     1284 kB
Active(file):     169868 kB
Inactive(file):   448092 kB
Unevictable:        1988 kB
Mlocked:               0 kB
HighTotal:        802816 kB
HighFree:           1540 kB
LowTotal:         548148 kB
LowFree:           30556 kB
SwapTotal:             0 kB
SwapFree:              0 kB
Dirty:               296 kB
Writeback:             0 kB
AnonPages:        478244 kB
Mapped:           205244 kB
Shmem:              1328 kB
Slab:              32312 kB
SReclaimable:      11444 kB
SUnreclaim:        20868 kB
KernelStack:        9200 kB
PageTables:        19500 kB
NFS_Unstable:          0 kB
Bounce:                0 kB
WritebackTmp:          0 kB
CommitLimit:      675480 kB
Committed_AS:   46700564 kB
VmallocTotal:     253952 kB
VmallocUsed:       92364 kB
VmallocChunk:      48132 kB
Time pass: 17 sec

---2015-11-23 23:33:11
MemTotal:        1350964 kB
MemFree:           39008 kB
Buffers:            7384 kB
Cached:           590700 kB
SwapCached:            0 kB
Active:           649652 kB
Inactive:         425488 kB
Active(anon):     479088 kB
Inactive(anon):     1280 kB
Active(file):     170564 kB
Inactive(file):   424208 kB
Unevictable:        1988 kB
Mlocked:               0 kB
HighTotal:        802816 kB
HighFree:           7820 kB
LowTotal:         548148 kB
LowFree:           31188 kB
SwapTotal:             0 kB
SwapFree:              0 kB
Dirty:               312 kB
Writeback:             0 kB
AnonPages:        478888 kB
Mapped:           205732 kB
Shmem:              1324 kB
Slab:              32448 kB
SReclaimable:      11472 kB
SUnreclaim:        20976 kB
KernelStack:        9208 kB
PageTables:        19536 kB
NFS_Unstable:          0 kB
Bounce:                0 kB
WritebackTmp:          0 kB
CommitLimit:      675480 kB
Committed_AS:   46719020 kB
VmallocTotal:     253952 kB
VmallocUsed:       92364 kB
VmallocChunk:      48132 kB
Time pass: 20 sec

---2015-11-23 23:33:11
MemTotal:        1350964 kB
MemFree:           31236 kB
Buffers:            7364 kB
Cached:           549924 kB
SwapCached:            0 kB
Active:           666364 kB
Inactive:         384364 kB
Active(anon):     495472 kB
Inactive(anon):     1280 kB
Active(file):     170892 kB
Inactive(file):   383084 kB
Unevictable:        1988 kB
Mlocked:               0 kB
HighTotal:        802816 kB
HighFree:           1556 kB
LowTotal:         548148 kB
LowFree:           29680 kB
SwapTotal:             0 kB
SwapFree:              0 kB
Dirty:               188 kB
Writeback:             0 kB
AnonPages:        495568 kB
Mapped:           206284 kB
Shmem:              1324 kB
Slab:              32516 kB
SReclaimable:      11484 kB
SUnreclaim:        21032 kB
KernelStack:        9224 kB
PageTables:        19800 kB
NFS_Unstable:          0 kB
Bounce:                0 kB
WritebackTmp:          0 kB
CommitLimit:      675480 kB
Committed_AS:   46843920 kB
VmallocTotal:     253952 kB
VmallocUsed:       92816 kB
VmallocChunk:      48132 kB
Time pass: 23 sec

---2015-11-23 23:33:11
MemTotal:        1350964 kB
MemFree:           32456 kB
Buffers:            7372 kB
Cached:           538156 kB
SwapCached:            0 kB
Active:           669348 kB
Inactive:         372560 kB
Active(anon):     498420 kB
Inactive(anon):     1280 kB
Active(file):     170928 kB
Inactive(file):   371280 kB
Unevictable:        1988 kB
Mlocked:               0 kB
HighTotal:        802816 kB
HighFree:           2796 kB
LowTotal:         548148 kB
LowFree:           29660 kB
SwapTotal:             0 kB
SwapFree:              0 kB
Dirty:                60 kB
Writeback:             0 kB
AnonPages:        498468 kB
Mapped:           206400 kB
Shmem:              1324 kB
Slab:              32492 kB
SReclaimable:      11484 kB
SUnreclaim:        21008 kB
KernelStack:        9224 kB
PageTables:        19816 kB
NFS_Unstable:          0 kB
Bounce:                0 kB
WritebackTmp:          0 kB
CommitLimit:      675480 kB
Committed_AS:   46849312 kB
VmallocTotal:     253952 kB
VmallocUsed:       92816 kB
VmallocChunk:      48132 kB
Time pass: 27 sec

---2015-11-23 23:33:11
MemTotal:        1350964 kB
MemFree:           51356 kB
Buffers:            7372 kB
Cached:           538180 kB
SwapCached:            0 kB
Active:           670488 kB
Inactive:         372576 kB
Active(anon):     499556 kB
Inactive(anon):     1284 kB
Active(file):     170932 kB
Inactive(file):   371292 kB
Unevictable:        1988 kB
Mlocked:               0 kB
HighTotal:        802816 kB
HighFree:          12716 kB
LowTotal:         548148 kB
LowFree:           38640 kB
SwapTotal:             0 kB
SwapFree:              0 kB
Dirty:                76 kB
Writeback:             0 kB
AnonPages:        499524 kB
Mapped:           206572 kB
Shmem:              1328 kB
Slab:              32520 kB
SReclaimable:      11488 kB
SUnreclaim:        21032 kB
KernelStack:        9232 kB
PageTables:        19776 kB
NFS_Unstable:          0 kB
Bounce:                0 kB
WritebackTmp:          0 kB
CommitLimit:      675480 kB
Committed_AS:   46823632 kB
VmallocTotal:     253952 kB
VmallocUsed:       93032 kB
VmallocChunk:      48132 kB
Time pass: 30 sec

---2015-11-23 23:33:11
MemTotal:        1350964 kB
MemFree:           42764 kB
Buffers:            7372 kB
Cached:           539752 kB
SwapCached:            0 kB
Active:           682296 kB
Inactive:         373860 kB
Active(anon):     511084 kB
Inactive(anon):     1284 kB
Active(file):     171212 kB
Inactive(file):   372576 kB
Unevictable:        1988 kB
Mlocked:               0 kB
HighTotal:        802816 kB
HighFree:           3496 kB
LowTotal:         548148 kB
LowFree:           39268 kB
SwapTotal:             0 kB
SwapFree:              0 kB
Dirty:               372 kB
Writeback:             0 kB
AnonPages:        510864 kB
Mapped:           207720 kB
Shmem:              1328 kB
Slab:              32576 kB
SReclaimable:      11556 kB
SUnreclaim:        21020 kB
KernelStack:        9272 kB
PageTables:        19800 kB
NFS_Unstable:          0 kB
Bounce:                0 kB
WritebackTmp:          0 kB
CommitLimit:      675480 kB
Committed_AS:   46830456 kB
VmallocTotal:     253952 kB
VmallocUsed:       93032 kB
VmallocChunk:      48132 kB
Time pass: 34 sec

---2015-11-23 23:33:11
MemTotal:        1350964 kB
MemFree:           34488 kB
Buffers:            7380 kB
Cached:           534416 kB
SwapCached:            0 kB
Active:           684320 kB
Inactive:         368412 kB
Active(anon):     513072 kB
Inactive(anon):     1284 kB
Active(file):     171248 kB
Inactive(file):   367128 kB
Unevictable:        1988 kB
Mlocked:               0 kB
HighTotal:        802816 kB
HighFree:           2748 kB
LowTotal:         548148 kB
LowFree:           31740 kB
SwapTotal:             0 kB
SwapFree:              0 kB
Dirty:               180 kB
Writeback:            72 kB
AnonPages:        513076 kB
Mapped:           207732 kB
Shmem:              1328 kB
Slab:              32720 kB
SReclaimable:      11568 kB
SUnreclaim:        21152 kB
KernelStack:        9272 kB
PageTables:        19824 kB
NFS_Unstable:          0 kB
Bounce:                0 kB
WritebackTmp:          0 kB
CommitLimit:      675480 kB
Committed_AS:   46842264 kB
VmallocTotal:     253952 kB
VmallocUsed:       93032 kB
VmallocChunk:      48132 kB
Time pass: 37 sec

---2015-11-23 23:33:11
MemTotal:        1350964 kB
MemFree:           33936 kB
Buffers:            7388 kB
Cached:           534344 kB
SwapCached:            0 kB
Active:           683928 kB
Inactive:         368412 kB
Active(anon):     512648 kB
Inactive(anon):     1284 kB
Active(file):     171280 kB
Inactive(file):   367128 kB
Unevictable:        1988 kB
Mlocked:               0 kB
HighTotal:        802816 kB
HighFree:           2052 kB
LowTotal:         548148 kB
LowFree:           31884 kB
SwapTotal:             0 kB
SwapFree:              0 kB
Dirty:               240 kB
Writeback:             0 kB
AnonPages:        512692 kB
Mapped:           207732 kB
Shmem:              1328 kB
Slab:              32704 kB
SReclaimable:      11576 kB
SUnreclaim:        21128 kB
KernelStack:        9256 kB
PageTables:        19832 kB
NFS_Unstable:          0 kB
Bounce:                0 kB
WritebackTmp:          0 kB
CommitLimit:      675480 kB
Committed_AS:   46842448 kB
VmallocTotal:     253952 kB
VmallocUsed:       93032 kB
VmallocChunk:      48132 kB
Time pass: 40 sec

---2015-11-23 23:33:11
MemTotal:        1350964 kB
MemFree:           30400 kB
Buffers:            7388 kB
Cached:           530548 kB
SwapCached:            0 kB
Active:           686212 kB
Inactive:         364532 kB
Active(anon):     514884 kB
Inactive(anon):     1284 kB
Active(file):     171328 kB
Inactive(file):   363248 kB
Unevictable:        1988 kB
Mlocked:               0 kB
HighTotal:        802816 kB
HighFree:           2052 kB
LowTotal:         548148 kB
LowFree:           28348 kB
SwapTotal:             0 kB
SwapFree:              0 kB
Dirty:               312 kB
Writeback:             0 kB
AnonPages:        514804 kB
Mapped:           208244 kB
Shmem:              1328 kB
Slab:              32768 kB
SReclaimable:      11592 kB
SUnreclaim:        21176 kB
KernelStack:        9256 kB
PageTables:        19840 kB
NFS_Unstable:          0 kB
Bounce:                0 kB
WritebackTmp:          0 kB
CommitLimit:      675480 kB
Committed_AS:   46849952 kB
VmallocTotal:     253952 kB
VmallocUsed:       93032 kB
VmallocChunk:      48132 kB
Time pass: 44 sec

---2015-11-23 23:33:11
MemTotal:        1350964 kB
MemFree:           44748 kB
Buffers:            7432 kB
Cached:           531868 kB
SwapCached:            0 kB
Active:           661056 kB
Inactive:         365344 kB
Active(anon):     489168 kB
Inactive(anon):     1284 kB
Active(file):     171888 kB
Inactive(file):   364060 kB
Unevictable:        1988 kB
Mlocked:               0 kB
HighTotal:        802816 kB
HighFree:          17544 kB
LowTotal:         548148 kB
LowFree:           27204 kB
SwapTotal:             0 kB
SwapFree:              0 kB
Dirty:               508 kB
Writeback:             0 kB
AnonPages:        489232 kB
Mapped:           208796 kB
Shmem:              1328 kB
Slab:              32892 kB
SReclaimable:      11648 kB
SUnreclaim:        21244 kB
KernelStack:        9256 kB
PageTables:        19864 kB
NFS_Unstable:          0 kB
Bounce:                0 kB
WritebackTmp:          0 kB
CommitLimit:      675480 kB
Committed_AS:   46859828 kB
VmallocTotal:     253952 kB
VmallocUsed:       93032 kB
VmallocChunk:      48132 kB
Time pass: 47 sec

---2015-11-23 23:33:11
MemTotal:        1350964 kB
MemFree:           40228 kB
Buffers:            7432 kB
Cached:           534088 kB
SwapCached:            0 kB
Active:           663560 kB
Inactive:         367680 kB
Active(anon):     491672 kB
Inactive(anon):     1284 kB
Active(file):     171888 kB
Inactive(file):   366396 kB
Unevictable:        1988 kB
Mlocked:               0 kB
HighTotal:        802816 kB
HighFree:          12956 kB
LowTotal:         548148 kB
LowFree:           27272 kB
SwapTotal:             0 kB
SwapFree:              0 kB
Dirty:               508 kB
Writeback:             0 kB
AnonPages:        491768 kB
Mapped:           210868 kB
Shmem:              1328 kB
Slab:              33080 kB
SReclaimable:      11656 kB
SUnreclaim:        21424 kB
KernelStack:        9256 kB
PageTables:        19864 kB
NFS_Unstable:          0 kB
Bounce:                0 kB
WritebackTmp:          0 kB
CommitLimit:      675480 kB
Committed_AS:   46868640 kB
VmallocTotal:     253952 kB
VmallocUsed:       93032 kB
VmallocChunk:      48132 kB
Time pass: 51 sec

---2015-11-23 23:33:11
MemTotal:        1350964 kB
MemFree:           30764 kB
Buffers:            7480 kB
Cached:           534120 kB
SwapCached:            0 kB
Active:           673248 kB
Inactive:         367524 kB
Active(anon):     501336 kB
Inactive(anon):     1284 kB
Active(file):     171912 kB
Inactive(file):   366240 kB
Unevictable:        1988 kB
Mlocked:               0 kB
HighTotal:        802816 kB
HighFree:           2624 kB
LowTotal:         548148 kB
LowFree:           28140 kB
SwapTotal:             0 kB
SwapFree:              0 kB
Dirty:               348 kB
Writeback:             0 kB
AnonPages:        501424 kB
Mapped:           212448 kB
Shmem:              1328 kB
Slab:              32976 kB
SReclaimable:      11672 kB
SUnreclaim:        21304 kB
KernelStack:        9320 kB
PageTables:        19916 kB
NFS_Unstable:          0 kB
Bounce:                0 kB
WritebackTmp:          0 kB
CommitLimit:      675480 kB
Committed_AS:   46878100 kB
VmallocTotal:     253952 kB
VmallocUsed:       93032 kB
VmallocChunk:      48132 kB
Time pass: 55 sec

---2015-11-23 23:33:11
MemTotal:        1350964 kB
MemFree:           31916 kB
Buffers:            7488 kB
Cached:           522960 kB
SwapCached:            0 kB
Active:           682568 kB
Inactive:         354680 kB
Active(anon):     508852 kB
Inactive(anon):     1392 kB
Active(file):     173716 kB
Inactive(file):   353288 kB
Unevictable:        1988 kB
Mlocked:               0 kB
HighTotal:        802816 kB
HighFree:           1548 kB
LowTotal:         548148 kB
LowFree:           30368 kB
SwapTotal:             0 kB
SwapFree:              0 kB
Dirty:                56 kB
Writeback:             0 kB
AnonPages:        508928 kB
Mapped:           213808 kB
Shmem:              1448 kB
Slab:              33028 kB
SReclaimable:      11624 kB
SUnreclaim:        21404 kB
KernelStack:        9448 kB
PageTables:        20036 kB
NFS_Unstable:          0 kB
Bounce:                0 kB
WritebackTmp:          0 kB
CommitLimit:      675480 kB
Committed_AS:   46895860 kB
VmallocTotal:     253952 kB
VmallocUsed:       93808 kB
VmallocChunk:      48132 kB
Time pass: 59 sec

---2015-11-23 23:33:11
MemTotal:        1350964 kB
MemFree:           32212 kB
Buffers:            7504 kB
Cached:           515836 kB
SwapCached:            0 kB
Active:           688256 kB
Inactive:         344932 kB
Active(anon):     511888 kB
Inactive(anon):     1428 kB
Active(file):     176368 kB
Inactive(file):   343504 kB
Unevictable:        1988 kB
Mlocked:               0 kB
HighTotal:        802816 kB
HighFree:           3316 kB
LowTotal:         548148 kB
LowFree:           28896 kB
SwapTotal:             0 kB
SwapFree:              0 kB
Dirty:                 0 kB
Writeback:             0 kB
AnonPages:        511860 kB
Mapped:           213844 kB
Shmem:              1480 kB
Slab:              32956 kB
SReclaimable:      11624 kB
SUnreclaim:        21332 kB
KernelStack:        9464 kB
PageTables:        20212 kB
NFS_Unstable:          0 kB
Bounce:                0 kB
WritebackTmp:          0 kB
CommitLimit:      675480 kB
Committed_AS:   46903008 kB
VmallocTotal:     253952 kB
VmallocUsed:       94244 kB
VmallocChunk:      48132 kB
Time pass: 63 sec

---2015-11-23 23:33:11
MemTotal:        1350964 kB
MemFree:           31888 kB
Buffers:            7528 kB
Cached:           514204 kB
SwapCached:            0 kB
Active:           689776 kB
Inactive:         342912 kB
Active(anon):     512992 kB
Inactive(anon):     1544 kB
Active(file):     176784 kB
Inactive(file):   341368 kB
Unevictable:        1988 kB
Mlocked:               0 kB
HighTotal:        802816 kB
HighFree:           3036 kB
LowTotal:         548148 kB
LowFree:           28852 kB
SwapTotal:             0 kB
SwapFree:              0 kB
Dirty:                40 kB
Writeback:             0 kB
AnonPages:        513004 kB
Mapped:           213956 kB
Shmem:              1592 kB
Slab:              33100 kB
SReclaimable:      11640 kB
SUnreclaim:        21460 kB
KernelStack:        9480 kB
PageTables:        20216 kB
NFS_Unstable:          0 kB
Bounce:                0 kB
WritebackTmp:          0 kB
CommitLimit:      675480 kB
Committed_AS:   46902804 kB
VmallocTotal:     253952 kB
VmallocUsed:       94244 kB
VmallocChunk:      48132 kB
Time pass: 67 sec

---2015-11-23 23:33:11
MemTotal:        1350964 kB
MemFree:           31776 kB
Buffers:            7552 kB
Cached:           514180 kB
SwapCached:            0 kB
Active:           689776 kB
Inactive:         342912 kB
Active(anon):     512992 kB
Inactive(anon):     1544 kB
Active(file):     176784 kB
Inactive(file):   341368 kB
Unevictable:        1988 kB
Mlocked:               0 kB
HighTotal:        802816 kB
HighFree:           3036 kB
LowTotal:         548148 kB
LowFree:           28740 kB
SwapTotal:             0 kB
SwapFree:              0 kB
Dirty:                 0 kB
Writeback:             0 kB
AnonPages:        513216 kB
Mapped:           213956 kB
Shmem:              1592 kB
Slab:              33168 kB
SReclaimable:      11640 kB
SUnreclaim:        21528 kB
KernelStack:        9464 kB
PageTables:        20216 kB
NFS_Unstable:          0 kB
Bounce:                0 kB
WritebackTmp:          0 kB
CommitLimit:      675480 kB
Committed_AS:   46902856 kB
VmallocTotal:     253952 kB
VmallocUsed:       94244 kB
VmallocChunk:      48132 kB
Time pass: 70 sec

---2015-11-23 23:33:11
MemTotal:        1350964 kB
MemFree:           31868 kB
Buffers:            7552 kB
Cached:           514204 kB
SwapCached:            0 kB
Active:           689076 kB
Inactive:         342936 kB
Active(anon):     512292 kB
Inactive(anon):     1544 kB
Active(file):     176784 kB
Inactive(file):   341392 kB
Unevictable:        1988 kB
Mlocked:               0 kB
HighTotal:        802816 kB
HighFree:           3092 kB
LowTotal:         548148 kB
LowFree:           28776 kB
SwapTotal:             0 kB
SwapFree:              0 kB
Dirty:                40 kB
Writeback:             0 kB
AnonPages:        512268 kB
Mapped:           213956 kB
Shmem:              1592 kB
Slab:              33132 kB
SReclaimable:      11640 kB
SUnreclaim:        21492 kB
KernelStack:        9456 kB
PageTables:        20212 kB
NFS_Unstable:          0 kB
Bounce:                0 kB
WritebackTmp:          0 kB
CommitLimit:      675480 kB
Committed_AS:   46901724 kB
VmallocTotal:     253952 kB
VmallocUsed:       94244 kB
VmallocChunk:      48132 kB
Time pass: 74 sec

---2015-11-23 23:33:11
MemTotal:        1350964 kB
MemFree:           32380 kB
Buffers:            7560 kB
Cached:           511612 kB
SwapCached:            0 kB
Active:           692096 kB
Inactive:         339780 kB
Active(anon):     514740 kB
Inactive(anon):     1544 kB
Active(file):     177356 kB
Inactive(file):   338236 kB
Unevictable:        1988 kB
Mlocked:               0 kB
HighTotal:        802816 kB
HighFree:           3160 kB
LowTotal:         548148 kB
LowFree:           29220 kB
SwapTotal:             0 kB
SwapFree:              0 kB
Dirty:                 4 kB
Writeback:             0 kB
AnonPages:        514688 kB
Mapped:           213996 kB
Shmem:              1592 kB
Slab:              33052 kB
SReclaimable:      11640 kB
SUnreclaim:        21412 kB
KernelStack:        9448 kB
PageTables:        20220 kB
NFS_Unstable:          0 kB
Bounce:                0 kB
WritebackTmp:          0 kB
CommitLimit:      675480 kB
Committed_AS:   46904968 kB
VmallocTotal:     253952 kB
VmallocUsed:       94244 kB
VmallocChunk:      48132 kB
Time pass: 78 sec

---2015-11-23 23:33:11
MemTotal:        1350964 kB
MemFree:           43336 kB
Buffers:            7544 kB
Cached:           507512 kB
SwapCached:            0 kB
Active:           689852 kB
Inactive:         334828 kB
Active(anon):     511656 kB
Inactive(anon):     1284 kB
Active(file):     178196 kB
Inactive(file):   333544 kB
Unevictable:        1988 kB
Mlocked:               0 kB
HighTotal:        802816 kB
HighFree:          12460 kB
LowTotal:         548148 kB
LowFree:           30876 kB
SwapTotal:             0 kB
SwapFree:              0 kB
Dirty:                24 kB
Writeback:             0 kB
AnonPages:        511576 kB
Mapped:           213928 kB
Shmem:              1328 kB
Slab:              33208 kB
SReclaimable:      11632 kB
SUnreclaim:        21576 kB
KernelStack:        9336 kB
PageTables:        20128 kB
NFS_Unstable:          0 kB
Bounce:                0 kB
WritebackTmp:          0 kB
CommitLimit:      675480 kB
Committed_AS:   47877988 kB
VmallocTotal:     253952 kB
VmallocUsed:       94048 kB
VmallocChunk:      48132 kB
Time pass: 81 sec

---2015-11-23 23:33:11
MemTotal:        1350964 kB
MemFree:          214964 kB
Buffers:            7588 kB
Cached:           505724 kB
SwapCached:            0 kB
Active:           617068 kB
Inactive:         329500 kB
Active(anon):     435316 kB
Inactive(anon):     1020 kB
Active(file):     181752 kB
Inactive(file):   328480 kB
Unevictable:        1988 kB
Mlocked:               0 kB
HighTotal:        802816 kB
HighFree:          93532 kB
LowTotal:         548148 kB
LowFree:          121432 kB
SwapTotal:             0 kB
SwapFree:              0 kB
Dirty:                28 kB
Writeback:             0 kB
AnonPages:        435340 kB
Mapped:           177712 kB
Shmem:              1064 kB
Slab:              32980 kB
SReclaimable:      11632 kB
SUnreclaim:        21348 kB
KernelStack:        8352 kB
PageTables:        18416 kB
NFS_Unstable:          0 kB
Bounce:                0 kB
WritebackTmp:          0 kB
CommitLimit:      675480 kB
Committed_AS:   44937572 kB
VmallocTotal:     253952 kB
VmallocUsed:       90692 kB
VmallocChunk:      48132 kB
Time pass: 85 sec

---2015-11-23 23:33:11
MemTotal:        1350964 kB
MemFree:          215992 kB
Buffers:            7596 kB
Cached:           505716 kB
SwapCached:            0 kB
Active:           616404 kB
Inactive:         329528 kB
Active(anon):     434652 kB
Inactive(anon):     1020 kB
Active(file):     181752 kB
Inactive(file):   328508 kB
Unevictable:        1988 kB
Mlocked:               0 kB
HighTotal:        802816 kB
HighFree:          94448 kB
LowTotal:         548148 kB
LowFree:          121544 kB
SwapTotal:             0 kB
SwapFree:              0 kB
Dirty:                 0 kB
Writeback:             0 kB
AnonPages:        434660 kB
Mapped:           177664 kB
Shmem:              1064 kB
Slab:              32944 kB
SReclaimable:      11632 kB
SUnreclaim:        21312 kB
KernelStack:        8352 kB
PageTables:        18400 kB
NFS_Unstable:          0 kB
Bounce:                0 kB
WritebackTmp:          0 kB
CommitLimit:      675480 kB
Committed_AS:   44940616 kB
VmallocTotal:     253952 kB
VmallocUsed:       90692 kB
VmallocChunk:      48132 kB
Time pass: 88 sec

---2015-11-23 23:33:11
MemTotal:        1350964 kB
MemFree:          216108 kB
Buffers:            7596 kB
Cached:           505724 kB
SwapCached:            0 kB
Active:           616444 kB
Inactive:         329536 kB
Active(anon):     434692 kB
Inactive(anon):     1020 kB
Active(file):     181752 kB
Inactive(file):   328516 kB
Unevictable:        1988 kB
Mlocked:               0 kB
HighTotal:        802816 kB
HighFree:          94572 kB
LowTotal:         548148 kB
LowFree:          121536 kB
SwapTotal:             0 kB
SwapFree:              0 kB
Dirty:                20 kB
Writeback:             0 kB
AnonPages:        434804 kB
Mapped:           177712 kB
Shmem:              1064 kB
Slab:              32928 kB
SReclaimable:      11632 kB
SUnreclaim:        21296 kB
KernelStack:        8344 kB
PageTables:        18416 kB
NFS_Unstable:          0 kB
Bounce:                0 kB
WritebackTmp:          0 kB
CommitLimit:      675480 kB
Committed_AS:   44940684 kB
VmallocTotal:     253952 kB
VmallocUsed:       90692 kB
VmallocChunk:      48132 kB
Time pass: 92 sec

---2015-11-23 23:33:11
MemTotal:        1350964 kB
MemFree:          215452 kB
Buffers:            7596 kB
Cached:           505736 kB
SwapCached:            0 kB
Active:           621460 kB
Inactive:         329444 kB
Active(anon):     439604 kB
Inactive(anon):     1020 kB
Active(file):     181856 kB
Inactive(file):   328424 kB
Unevictable:        1988 kB
Mlocked:               0 kB
HighTotal:        802816 kB
HighFree:          98404 kB
LowTotal:         548148 kB
LowFree:          117048 kB
SwapTotal:             0 kB
SwapFree:              0 kB
Dirty:                 0 kB
Writeback:             0 kB
AnonPages:        439812 kB
Mapped:           190192 kB
Shmem:              1064 kB
Slab:              32936 kB
SReclaimable:      11632 kB
SUnreclaim:        21304 kB
KernelStack:        8504 kB
PageTables:        18740 kB
NFS_Unstable:          0 kB
Bounce:                0 kB
WritebackTmp:          0 kB
CommitLimit:      675480 kB
Committed_AS:   45767688 kB
VmallocTotal:     253952 kB
VmallocUsed:       91720 kB
VmallocChunk:      48132 kB
Time pass: 95 sec

---2015-11-23 23:33:11
MemTotal:        1350964 kB
MemFree:          161312 kB
Buffers:            7680 kB
Cached:           505900 kB
SwapCached:            0 kB
Active:           635888 kB
Inactive:         329324 kB
Active(anon):     453612 kB
Inactive(anon):     1224 kB
Active(file):     182276 kB
Inactive(file):   328100 kB
Unevictable:        1988 kB
Mlocked:               0 kB
HighTotal:        802816 kB
HighFree:          72824 kB
LowTotal:         548148 kB
LowFree:           88488 kB
SwapTotal:             0 kB
SwapFree:              0 kB
Dirty:               856 kB
Writeback:             0 kB
AnonPages:        453624 kB
Mapped:           199096 kB
Shmem:              1216 kB
Slab:              32944 kB
SReclaimable:      11632 kB
SUnreclaim:        21312 kB
KernelStack:        8752 kB
PageTables:        19112 kB
NFS_Unstable:          0 kB
Bounce:                0 kB
WritebackTmp:          0 kB
CommitLimit:      675480 kB
Committed_AS:   45902260 kB
VmallocTotal:     253952 kB
VmallocUsed:       92592 kB
VmallocChunk:      48132 kB
Time pass: 98 sec

---2015-11-23 23:33:11
MemTotal:        1350964 kB
MemFree:          139140 kB
Buffers:            7680 kB
Cached:           506444 kB
SwapCached:            0 kB
Active:           646904 kB
Inactive:         329792 kB
Active(anon):     464572 kB
Inactive(anon):     1152 kB
Active(file):     182332 kB
Inactive(file):   328640 kB
Unevictable:        1988 kB
Mlocked:               0 kB
HighTotal:        802816 kB
HighFree:          53652 kB
LowTotal:         548148 kB
LowFree:           85488 kB
SwapTotal:             0 kB
SwapFree:              0 kB
Dirty:                56 kB
Writeback:             0 kB
AnonPages:        464412 kB
Mapped:           204380 kB
Shmem:              1196 kB
Slab:              32896 kB
SReclaimable:      11632 kB
SUnreclaim:        21264 kB
KernelStack:        8840 kB
PageTables:        19208 kB
NFS_Unstable:          0 kB
Bounce:                0 kB
WritebackTmp:          0 kB
CommitLimit:      675480 kB
Committed_AS:   45928100 kB
VmallocTotal:     253952 kB
VmallocUsed:       92592 kB
VmallocChunk:      48132 kB
Time pass: 102 sec

---2015-11-23 23:33:11
MemTotal:        1350964 kB
MemFree:          121388 kB
Buffers:            7688 kB
Cached:           506884 kB
SwapCached:            0 kB
Active:           654692 kB
Inactive:         330144 kB
Active(anon):     472352 kB
Inactive(anon):     1152 kB
Active(file):     182340 kB
Inactive(file):   328992 kB
Unevictable:        1988 kB
Mlocked:               0 kB
HighTotal:        802816 kB
HighFree:          36660 kB
LowTotal:         548148 kB
LowFree:           84728 kB
SwapTotal:             0 kB
SwapFree:              0 kB
Dirty:                56 kB
Writeback:             0 kB
AnonPages:        472424 kB
Mapped:           204364 kB
Shmem:              1196 kB
Slab:              32880 kB
SReclaimable:      11636 kB
SUnreclaim:        21244 kB
KernelStack:        8864 kB
PageTables:        19248 kB
NFS_Unstable:          0 kB
Bounce:                0 kB
WritebackTmp:          0 kB
CommitLimit:      675480 kB
Committed_AS:   45943224 kB
VmallocTotal:     253952 kB
VmallocUsed:       92592 kB
VmallocChunk:      48132 kB
Time pass: 105 sec

---2015-11-23 23:33:11
MemTotal:        1350964 kB
MemFree:          108092 kB
Buffers:            7712 kB
Cached:           507048 kB
SwapCached:            0 kB
Active:           656976 kB
Inactive:         330092 kB
Active(anon):     474352 kB
Inactive(anon):     1152 kB
Active(file):     182624 kB
Inactive(file):   328940 kB
Unevictable:        1988 kB
Mlocked:               0 kB
HighTotal:        802816 kB
HighFree:          25156 kB
LowTotal:         548148 kB
LowFree:           82936 kB
SwapTotal:             0 kB
SwapFree:              0 kB
Dirty:               352 kB
Writeback:             0 kB
AnonPages:        474288 kB
Mapped:           205072 kB
Shmem:              1196 kB
Slab:              32920 kB
SReclaimable:      11652 kB
SUnreclaim:        21268 kB
KernelStack:        8872 kB
PageTables:        19264 kB
NFS_Unstable:          0 kB
Bounce:                0 kB
WritebackTmp:          0 kB
CommitLimit:      675480 kB
Committed_AS:   45954596 kB
VmallocTotal:     253952 kB
VmallocUsed:       92592 kB
VmallocChunk:      48132 kB
Time pass: 108 sec

---2015-11-23 23:33:11
MemTotal:        1350964 kB
MemFree:           98916 kB
Buffers:            7720 kB
Cached:           507196 kB
SwapCached:            0 kB
Active:           659624 kB
Inactive:         330044 kB
Active(anon):     476784 kB
Inactive(anon):     1152 kB
Active(file):     182840 kB
Inactive(file):   328892 kB
Unevictable:        1988 kB
Mlocked:               0 kB
HighTotal:        802816 kB
HighFree:          17716 kB
LowTotal:         548148 kB
LowFree:           81200 kB
SwapTotal:             0 kB
SwapFree:              0 kB
Dirty:               360 kB
Writeback:             0 kB
AnonPages:        476704 kB
Mapped:           205072 kB
Shmem:              1196 kB
Slab:              33088 kB
SReclaimable:      11668 kB
SUnreclaim:        21420 kB
KernelStack:        8872 kB
PageTables:        19284 kB
NFS_Unstable:          0 kB
Bounce:                0 kB
WritebackTmp:          0 kB
CommitLimit:      675480 kB
Committed_AS:   45963100 kB
VmallocTotal:     253952 kB
VmallocUsed:       92592 kB
VmallocChunk:      48132 kB
Time pass: 112 sec

---2015-11-23 23:33:11
MemTotal:        1350964 kB
MemFree:           79804 kB
Buffers:            7728 kB
Cached:           507460 kB
SwapCached:            0 kB
Active:           665440 kB
Inactive:         329952 kB
Active(anon):     482236 kB
Inactive(anon):     1152 kB
Active(file):     183204 kB
Inactive(file):   328800 kB
Unevictable:        1988 kB
Mlocked:               0 kB
HighTotal:        802816 kB
HighFree:           2872 kB
LowTotal:         548148 kB
LowFree:           76932 kB
SwapTotal:             0 kB
SwapFree:              0 kB
Dirty:                 0 kB
Writeback:             0 kB
AnonPages:        482028 kB
Mapped:           205004 kB
Shmem:              1196 kB
Slab:              33044 kB
SReclaimable:      11672 kB
SUnreclaim:        21372 kB
KernelStack:        8872 kB
PageTables:        19324 kB
NFS_Unstable:          0 kB
Bounce:                0 kB
WritebackTmp:          0 kB
CommitLimit:      675480 kB
Committed_AS:   45981236 kB
VmallocTotal:     253952 kB
VmallocUsed:       92592 kB
VmallocChunk:      48132 kB
Time pass: 115 sec

---2015-11-23 23:33:11
MemTotal:        1350964 kB
MemFree:           79240 kB
Buffers:            7728 kB
Cached:           507460 kB
SwapCached:            0 kB
Active:           665368 kB
Inactive:         329952 kB
Active(anon):     482164 kB
Inactive(anon):     1152 kB
Active(file):     183204 kB
Inactive(file):   328800 kB
Unevictable:        1988 kB
Mlocked:               0 kB
HighTotal:        802816 kB
HighFree:           2340 kB
LowTotal:         548148 kB
LowFree:           76900 kB
SwapTotal:             0 kB
SwapFree:              0 kB
Dirty:                 0 kB
Writeback:             0 kB
AnonPages:        482092 kB
Mapped:           205152 kB
Shmem:              1196 kB
Slab:              33108 kB
SReclaimable:      11672 kB
SUnreclaim:        21436 kB
KernelStack:        8872 kB
PageTables:        19328 kB
NFS_Unstable:          0 kB
Bounce:                0 kB
WritebackTmp:          0 kB
CommitLimit:      675480 kB
Committed_AS:   45981128 kB
VmallocTotal:     253952 kB
VmallocUsed:       92592 kB
VmallocChunk:      48132 kB
Time pass: 119 sec

---2015-11-23 23:33:11
MemTotal:        1350964 kB
MemFree:           79092 kB
Buffers:            7736 kB
Cached:           507460 kB
SwapCached:            0 kB
Active:           665516 kB
Inactive:         329960 kB
Active(anon):     482312 kB
Inactive(anon):     1152 kB
Active(file):     183204 kB
Inactive(file):   328808 kB
Unevictable:        1988 kB
Mlocked:               0 kB
HighTotal:        802816 kB
HighFree:           2340 kB
LowTotal:         548148 kB
LowFree:           76752 kB
SwapTotal:             0 kB
SwapFree:              0 kB
Dirty:                56 kB
Writeback:             0 kB
AnonPages:        482308 kB
Mapped:           205152 kB
Shmem:              1196 kB
Slab:              33080 kB
SReclaimable:      11672 kB
SUnreclaim:        21408 kB
KernelStack:        8872 kB
PageTables:        19328 kB
NFS_Unstable:          0 kB
Bounce:                0 kB
WritebackTmp:          0 kB
CommitLimit:      675480 kB
Committed_AS:   45981180 kB
VmallocTotal:     253952 kB
VmallocUsed:       92592 kB
VmallocChunk:      48132 kB
Time pass: 122 sec

---2015-11-23 23:33:11
MemTotal:        1350964 kB
MemFree:           67564 kB
Buffers:            7752 kB
Cached:           507596 kB
SwapCached:            0 kB
Active:           676136 kB
Inactive:         330020 kB
Active(anon):     492848 kB
Inactive(anon):     1292 kB
Active(file):     183288 kB
Inactive(file):   328728 kB
Unevictable:        1988 kB
Mlocked:               0 kB
HighTotal:        802816 kB
HighFree:           1596 kB
LowTotal:         548148 kB
LowFree:           65968 kB
SwapTotal:             0 kB
SwapFree:              0 kB
Dirty:                 8 kB
Writeback:             0 kB
AnonPages:        492836 kB
Mapped:           207840 kB
Shmem:              1344 kB
Slab:              33024 kB
SReclaimable:      11676 kB
SUnreclaim:        21348 kB
KernelStack:        9064 kB
PageTables:        19480 kB
NFS_Unstable:          0 kB
Bounce:                0 kB
WritebackTmp:          0 kB
CommitLimit:      675480 kB
Committed_AS:   46007832 kB
VmallocTotal:     253952 kB
VmallocUsed:       92788 kB
VmallocChunk:      48132 kB
Time pass: 126 sec

---2015-11-23 23:33:11
MemTotal:        1350964 kB
MemFree:           59796 kB
Buffers:            7768 kB
Cached:           507716 kB
SwapCached:            0 kB
Active:           682736 kB
Inactive:         330112 kB
Active(anon):     499448 kB
Inactive(anon):     1348 kB
Active(file):     183288 kB
Inactive(file):   328764 kB
Unevictable:        1988 kB
Mlocked:               0 kB
HighTotal:        802816 kB
HighFree:           1596 kB
LowTotal:         548148 kB
LowFree:           58200 kB
SwapTotal:             0 kB
SwapFree:              0 kB
Dirty:                56 kB
Writeback:             0 kB
AnonPages:        499592 kB
Mapped:           207984 kB
Shmem:              1444 kB
Slab:              33120 kB
SReclaimable:      11680 kB
SUnreclaim:        21440 kB
KernelStack:        9072 kB
PageTables:        19460 kB
NFS_Unstable:          0 kB
Bounce:                0 kB
WritebackTmp:          0 kB
CommitLimit:      675480 kB
Committed_AS:   46014840 kB
VmallocTotal:     253952 kB
VmallocUsed:       93100 kB
VmallocChunk:      48132 kB
Time pass: 129 sec

---2015-11-23 23:33:11
MemTotal:        1350964 kB
MemFree:           56684 kB
Buffers:            7800 kB
Cached:           507796 kB
SwapCached:            0 kB
Active:           685352 kB
Inactive:         330268 kB
Active(anon):     502060 kB
Inactive(anon):     1476 kB
Active(file):     183292 kB
Inactive(file):   328792 kB
Unevictable:        1988 kB
Mlocked:               0 kB
HighTotal:        802816 kB
HighFree:           1596 kB
LowTotal:         548148 kB
LowFree:           55088 kB
SwapTotal:             0 kB
SwapFree:              0 kB
Dirty:                48 kB
Writeback:             0 kB
AnonPages:        502072 kB
Mapped:           208476 kB
Shmem:              1524 kB
Slab:              33136 kB
SReclaimable:      11680 kB
SUnreclaim:        21456 kB
KernelStack:        9096 kB
PageTables:        19556 kB
NFS_Unstable:          0 kB
Bounce:                0 kB
WritebackTmp:          0 kB
CommitLimit:      675480 kB
Committed_AS:   46017936 kB
VmallocTotal:     253952 kB
VmallocUsed:       93124 kB
VmallocChunk:      48132 kB
Time pass: 134 sec

---2015-11-23 23:33:11
MemTotal:        1350964 kB
MemFree:           56280 kB
Buffers:            7800 kB
Cached:           507796 kB
SwapCached:            0 kB
Active:           685108 kB
Inactive:         330268 kB
Active(anon):     501816 kB
Inactive(anon):     1476 kB
Active(file):     183292 kB
Inactive(file):   328792 kB
Unevictable:        1988 kB
Mlocked:               0 kB
HighTotal:        802816 kB
HighFree:           1720 kB
LowTotal:         548148 kB
LowFree:           54560 kB
SwapTotal:             0 kB
SwapFree:              0 kB
Dirty:                 0 kB
Writeback:             0 kB
AnonPages:        501924 kB
Mapped:           208476 kB
Shmem:              1524 kB
Slab:              33152 kB
SReclaimable:      11680 kB
SUnreclaim:        21472 kB
KernelStack:        9096 kB
PageTables:        19556 kB
NFS_Unstable:          0 kB
Bounce:                0 kB
WritebackTmp:          0 kB
CommitLimit:      675480 kB
Committed_AS:   46018916 kB
VmallocTotal:     253952 kB
VmallocUsed:       93124 kB
VmallocChunk:      48132 kB
Time pass: 137 sec

---2015-11-23 23:33:11
MemTotal:        1350964 kB
MemFree:           56256 kB
Buffers:            7808 kB
Cached:           507796 kB
SwapCached:            0 kB
Active:           684568 kB
Inactive:         330268 kB
Active(anon):     501276 kB
Inactive(anon):     1476 kB
Active(file):     183292 kB
Inactive(file):   328792 kB
Unevictable:        1988 kB
Mlocked:               0 kB
HighTotal:        802816 kB
HighFree:           1596 kB
LowTotal:         548148 kB
LowFree:           54660 kB
SwapTotal:             0 kB
SwapFree:              0 kB
Dirty:                28 kB
Writeback:             0 kB
AnonPages:        501148 kB
Mapped:           208328 kB
Shmem:              1524 kB
Slab:              33096 kB
SReclaimable:      11680 kB
SUnreclaim:        21416 kB
KernelStack:        9096 kB
PageTables:        19560 kB
NFS_Unstable:          0 kB
Bounce:                0 kB
WritebackTmp:          0 kB
CommitLimit:      675480 kB
Committed_AS:   46018312 kB
VmallocTotal:     253952 kB
VmallocUsed:       93124 kB
VmallocChunk:      48132 kB
Time pass: 141 sec

---2015-11-23 23:33:11
MemTotal:        1350964 kB
MemFree:           55836 kB
Buffers:            7824 kB
Cached:           507796 kB
SwapCached:            0 kB
Active:           685684 kB
Inactive:         330292 kB
Active(anon):     502392 kB
Inactive(anon):     1476 kB
Active(file):     183292 kB
Inactive(file):   328816 kB
Unevictable:        1988 kB
Mlocked:               0 kB
HighTotal:        802816 kB
HighFree:           1596 kB
LowTotal:         548148 kB
LowFree:           54240 kB
SwapTotal:             0 kB
SwapFree:              0 kB
Dirty:                 0 kB
Writeback:             0 kB
AnonPages:        502424 kB
Mapped:           208480 kB
Shmem:              1524 kB
Slab:              33120 kB
SReclaimable:      11680 kB
SUnreclaim:        21440 kB
KernelStack:        9096 kB
PageTables:        19560 kB
NFS_Unstable:          0 kB
Bounce:                0 kB
WritebackTmp:          0 kB
CommitLimit:      675480 kB
Committed_AS:   46019136 kB
VmallocTotal:     253952 kB
VmallocUsed:       93124 kB
VmallocChunk:      48132 kB
Time pass: 144 sec

---2015-11-23 23:33:11
MemTotal:        1350964 kB
MemFree:           55264 kB
Buffers:            7824 kB
Cached:           507796 kB
SwapCached:            0 kB
Active:           685904 kB
Inactive:         330292 kB
Active(anon):     502612 kB
Inactive(anon):     1476 kB
Active(file):     183292 kB
Inactive(file):   328816 kB
Unevictable:        1988 kB
Mlocked:               0 kB
HighTotal:        802816 kB
HighFree:           1596 kB
LowTotal:         548148 kB
LowFree:           53668 kB
SwapTotal:             0 kB
SwapFree:              0 kB
Dirty:                 0 kB
Writeback:             0 kB
AnonPages:        502572 kB
Mapped:           208480 kB
Shmem:              1524 kB
Slab:              33068 kB
SReclaimable:      11680 kB
SUnreclaim:        21388 kB
KernelStack:        9104 kB
PageTables:        19560 kB
NFS_Unstable:          0 kB
Bounce:                0 kB
WritebackTmp:          0 kB
CommitLimit:      675480 kB
Committed_AS:   46019252 kB
VmallocTotal:     253952 kB
VmallocUsed:       93124 kB
VmallocChunk:      48132 kB
Time pass: 148 sec

---2015-11-23 23:33:11
MemTotal:        1350964 kB
MemFree:           55068 kB
Buffers:            7848 kB
Cached:           507796 kB
SwapCached:            0 kB
Active:           685964 kB
Inactive:         330316 kB
Active(anon):     502672 kB
Inactive(anon):     1476 kB
Active(file):     183292 kB
Inactive(file):   328840 kB
Unevictable:        1988 kB
Mlocked:               0 kB
HighTotal:        802816 kB
HighFree:           1596 kB
LowTotal:         548148 kB
LowFree:           53472 kB
SwapTotal:             0 kB
SwapFree:              0 kB
Dirty:                36 kB
Writeback:             0 kB
AnonPages:        502652 kB
Mapped:           208480 kB
Shmem:              1524 kB
Slab:              33136 kB
SReclaimable:      11680 kB
SUnreclaim:        21456 kB
KernelStack:        9104 kB
PageTables:        19560 kB
NFS_Unstable:          0 kB
Bounce:                0 kB
WritebackTmp:          0 kB
CommitLimit:      675480 kB
Committed_AS:   46019280 kB
VmallocTotal:     253952 kB
VmallocUsed:       93124 kB
VmallocChunk:      48132 kB
Time pass: 151 sec

---2015-11-23 23:33:11
MemTotal:        1350964 kB
MemFree:           55108 kB
Buffers:            7848 kB
Cached:           507796 kB
SwapCached:            0 kB
Active:           685980 kB
Inactive:         330316 kB
Active(anon):     502688 kB
Inactive(anon):     1476 kB
Active(file):     183292 kB
Inactive(file):   328840 kB
Unevictable:        1988 kB
Mlocked:               0 kB
HighTotal:        802816 kB
HighFree:           1596 kB
LowTotal:         548148 kB
LowFree:           53512 kB
SwapTotal:             0 kB
SwapFree:              0 kB
Dirty:                 0 kB
Writeback:             0 kB
AnonPages:        502776 kB
Mapped:           208480 kB
Shmem:              1524 kB
Slab:              33148 kB
SReclaimable:      11680 kB
SUnreclaim:        21468 kB
KernelStack:        9096 kB
PageTables:        19560 kB
NFS_Unstable:          0 kB
Bounce:                0 kB
WritebackTmp:          0 kB
CommitLimit:      675480 kB
Committed_AS:   46019976 kB
VmallocTotal:     253952 kB
VmallocUsed:       93124 kB
VmallocChunk:      48132 kB
Time pass: 155 sec

---2015-11-23 23:33:11
MemTotal:        1350964 kB
MemFree:           54940 kB
Buffers:            7856 kB
Cached:           507796 kB
SwapCached:            0 kB
Active:           686092 kB
Inactive:         330316 kB
Active(anon):     502800 kB
Inactive(anon):     1476 kB
Active(file):     183292 kB
Inactive(file):   328840 kB
Unevictable:        1988 kB
Mlocked:               0 kB
HighTotal:        802816 kB
HighFree:           1596 kB
LowTotal:         548148 kB
LowFree:           53344 kB
SwapTotal:             0 kB
SwapFree:              0 kB
Dirty:                28 kB
Writeback:             0 kB
AnonPages:        502752 kB
Mapped:           208480 kB
Shmem:              1524 kB
Slab:              33100 kB
SReclaimable:      11680 kB
SUnreclaim:        21420 kB
KernelStack:        9080 kB
PageTables:        19560 kB
NFS_Unstable:          0 kB
Bounce:                0 kB
WritebackTmp:          0 kB
CommitLimit:      675480 kB
Committed_AS:   46019160 kB
VmallocTotal:     253952 kB
VmallocUsed:       93124 kB
VmallocChunk:      48132 kB
Time pass: 158 sec

---2015-11-23 23:33:11
MemTotal:        1350964 kB
MemFree:           55480 kB
Buffers:            7872 kB
Cached:           507796 kB
SwapCached:            0 kB
Active:           685664 kB
Inactive:         330340 kB
Active(anon):     502372 kB
Inactive(anon):     1476 kB
Active(file):     183292 kB
Inactive(file):   328864 kB
Unevictable:        1988 kB
Mlocked:               0 kB
HighTotal:        802816 kB
HighFree:           1596 kB
LowTotal:         548148 kB
LowFree:           53884 kB
SwapTotal:             0 kB
SwapFree:              0 kB
Dirty:                36 kB
Writeback:             0 kB
AnonPages:        502408 kB
Mapped:           208480 kB
Shmem:              1524 kB
Slab:              33148 kB
SReclaimable:      11680 kB
SUnreclaim:        21468 kB
KernelStack:        9056 kB
PageTables:        19560 kB
NFS_Unstable:          0 kB
Bounce:                0 kB
WritebackTmp:          0 kB
CommitLimit:      675480 kB
Committed_AS:   46018660 kB
VmallocTotal:     253952 kB
VmallocUsed:       93124 kB
VmallocChunk:      48132 kB
Time pass: 162 sec

---2015-11-23 23:33:11
MemTotal:        1350964 kB
MemFree:           54884 kB
Buffers:            7880 kB
Cached:           507796 kB
SwapCached:            0 kB
Active:           686052 kB
Inactive:         330340 kB
Active(anon):     502760 kB
Inactive(anon):     1476 kB
Active(file):     183292 kB
Inactive(file):   328864 kB
Unevictable:        1988 kB
Mlocked:               0 kB
HighTotal:        802816 kB
HighFree:           1720 kB
LowTotal:         548148 kB
LowFree:           53164 kB
SwapTotal:             0 kB
SwapFree:              0 kB
Dirty:                28 kB
Writeback:             0 kB
AnonPages:        502624 kB
Mapped:           208332 kB
Shmem:              1524 kB
Slab:              33180 kB
SReclaimable:      11680 kB
SUnreclaim:        21500 kB
KernelStack:        9064 kB
PageTables:        19564 kB
NFS_Unstable:          0 kB
Bounce:                0 kB
WritebackTmp:          0 kB
CommitLimit:      675480 kB
Committed_AS:   46018932 kB
VmallocTotal:     253952 kB
VmallocUsed:       93124 kB
VmallocChunk:      48132 kB
Time pass: 165 sec

---2015-11-23 23:33:11
MemTotal:        1350964 kB
MemFree:           53444 kB
Buffers:            7896 kB
Cached:           507796 kB
SwapCached:            0 kB
Active:           686440 kB
Inactive:         330364 kB
Active(anon):     503148 kB
Inactive(anon):     1476 kB
Active(file):     183292 kB
Inactive(file):   328888 kB
Unevictable:        1988 kB
Mlocked:               0 kB
HighTotal:        802816 kB
HighFree:           1596 kB
LowTotal:         548148 kB
LowFree:           51848 kB
SwapTotal:             0 kB
SwapFree:              0 kB
Dirty:                36 kB
Writeback:             0 kB
AnonPages:        503156 kB
Mapped:           208480 kB
Shmem:              1524 kB
Slab:              33092 kB
SReclaimable:      11680 kB
SUnreclaim:        21412 kB
KernelStack:        9064 kB
PageTables:        19564 kB
NFS_Unstable:          0 kB
Bounce:                0 kB
WritebackTmp:          0 kB
CommitLimit:      675480 kB
Committed_AS:   46019248 kB
VmallocTotal:     253952 kB
VmallocUsed:       93124 kB
VmallocChunk:      48132 kB
Time pass: 169 sec

---2015-11-23 23:33:11
MemTotal:        1350964 kB
MemFree:           54436 kB
Buffers:            7896 kB
Cached:           507796 kB
SwapCached:            0 kB
Active:           686132 kB
Inactive:         330364 kB
Active(anon):     502840 kB
Inactive(anon):     1476 kB
Active(file):     183292 kB
Inactive(file):   328888 kB
Unevictable:        1988 kB
Mlocked:               0 kB
HighTotal:        802816 kB
HighFree:           2340 kB
LowTotal:         548148 kB
LowFree:           52096 kB
SwapTotal:             0 kB
SwapFree:              0 kB
Dirty:                 0 kB
Writeback:             0 kB
AnonPages:        502796 kB
Mapped:           208432 kB
Shmem:              1524 kB
Slab:              33228 kB
SReclaimable:      11680 kB
SUnreclaim:        21548 kB
KernelStack:        9064 kB
PageTables:        19552 kB
NFS_Unstable:          0 kB
Bounce:                0 kB
WritebackTmp:          0 kB
CommitLimit:      675480 kB
Committed_AS:   46018792 kB
VmallocTotal:     253952 kB
VmallocUsed:       93124 kB
VmallocChunk:      48132 kB
Time pass: 172 sec

---2015-11-23 23:33:11
MemTotal:        1350964 kB
MemFree:           53928 kB
Buffers:            7920 kB
Cached:           507796 kB
SwapCached:            0 kB
Active:           686656 kB
Inactive:         330372 kB
Active(anon):     503364 kB
Inactive(anon):     1476 kB
Active(file):     183292 kB
Inactive(file):   328896 kB
Unevictable:        1988 kB
Mlocked:               0 kB
HighTotal:        802816 kB
HighFree:           1596 kB
LowTotal:         548148 kB
LowFree:           52332 kB
SwapTotal:             0 kB
SwapFree:              0 kB
Dirty:                36 kB
Writeback:             0 kB
AnonPages:        503428 kB
Mapped:           208332 kB
Shmem:              1524 kB
Slab:              33172 kB
SReclaimable:      11684 kB
SUnreclaim:        21488 kB
KernelStack:        9072 kB
PageTables:        19568 kB
NFS_Unstable:          0 kB
Bounce:                0 kB
WritebackTmp:          0 kB
CommitLimit:      675480 kB
Committed_AS:   46019256 kB
VmallocTotal:     253952 kB
VmallocUsed:       93124 kB
VmallocChunk:      48132 kB
Time pass: 175 sec

---2015-11-23 23:33:11
MemTotal:        1350964 kB
MemFree:           53748 kB
Buffers:            7920 kB
Cached:           507796 kB
SwapCached:            0 kB
Active:           687772 kB
Inactive:         330388 kB
Active(anon):     504480 kB
Inactive(anon):     1476 kB
Active(file):     183292 kB
Inactive(file):   328912 kB
Unevictable:        1988 kB
Mlocked:               0 kB
HighTotal:        802816 kB
HighFree:           1596 kB
LowTotal:         548148 kB
LowFree:           52152 kB
SwapTotal:             0 kB
SwapFree:              0 kB
Dirty:                 0 kB
Writeback:             0 kB
AnonPages:        504460 kB
Mapped:           208432 kB
Shmem:              1524 kB
Slab:              33172 kB
SReclaimable:      11684 kB
SUnreclaim:        21488 kB
KernelStack:        9072 kB
PageTables:        19552 kB
NFS_Unstable:          0 kB
Bounce:                0 kB
WritebackTmp:          0 kB
CommitLimit:      675480 kB
Committed_AS:   46020344 kB
VmallocTotal:     253952 kB
VmallocUsed:       93124 kB
VmallocChunk:      48132 kB
Time pass: 179 sec

---2015-11-23 23:33:11
MemTotal:        1350964 kB
MemFree:           54560 kB
Buffers:            7928 kB
Cached:           507796 kB
SwapCached:            0 kB
Active:           686508 kB
Inactive:         330388 kB
Active(anon):     503216 kB
Inactive(anon):     1476 kB
Active(file):     183292 kB
Inactive(file):   328912 kB
Unevictable:        1988 kB
Mlocked:               0 kB
HighTotal:        802816 kB
HighFree:           1596 kB
LowTotal:         548148 kB
LowFree:           52964 kB
SwapTotal:             0 kB
SwapFree:              0 kB
Dirty:                28 kB
Writeback:             0 kB
AnonPages:        503256 kB
Mapped:           208480 kB
Shmem:              1524 kB
Slab:              33200 kB
SReclaimable:      11684 kB
SUnreclaim:        21516 kB
KernelStack:        9064 kB
PageTables:        19568 kB
NFS_Unstable:          0 kB
Bounce:                0 kB
WritebackTmp:          0 kB
CommitLimit:      675480 kB
Committed_AS:   46019904 kB
VmallocTotal:     253952 kB
VmallocUsed:       93124 kB
VmallocChunk:      48132 kB
Time pass: 183 sec

---2015-11-23 23:33:11
MemTotal:        1350964 kB
MemFree:           53916 kB
Buffers:            7944 kB
Cached:           507796 kB
SwapCached:            0 kB
Active:           686828 kB
Inactive:         330412 kB
Active(anon):     503536 kB
Inactive(anon):     1476 kB
Active(file):     183292 kB
Inactive(file):   328936 kB
Unevictable:        1988 kB
Mlocked:               0 kB
HighTotal:        802816 kB
HighFree:           1596 kB
LowTotal:         548148 kB
LowFree:           52320 kB
SwapTotal:             0 kB
SwapFree:              0 kB
Dirty:                 0 kB
Writeback:             0 kB
AnonPages:        503620 kB
Mapped:           208480 kB
Shmem:              1524 kB
Slab:              33192 kB
SReclaimable:      11684 kB
SUnreclaim:        21508 kB
KernelStack:        9064 kB
PageTables:        19568 kB
NFS_Unstable:          0 kB
Bounce:                0 kB
WritebackTmp:          0 kB
CommitLimit:      675480 kB
Committed_AS:   46019164 kB
VmallocTotal:     253952 kB
VmallocUsed:       93124 kB
VmallocChunk:      48132 kB
Time pass: 186 sec

---2015-11-23 23:33:11
MemTotal:        1350964 kB
MemFree:           53816 kB
Buffers:            7960 kB
Cached:           507800 kB
SwapCached:            0 kB
Active:           686384 kB
Inactive:         330432 kB
Active(anon):     503092 kB
Inactive(anon):     1480 kB
Active(file):     183292 kB
Inactive(file):   328952 kB
Unevictable:        1988 kB
Mlocked:               0 kB
HighTotal:        802816 kB
HighFree:           1596 kB
LowTotal:         548148 kB
LowFree:           52220 kB
SwapTotal:             0 kB
SwapFree:              0 kB
Dirty:                40 kB
Writeback:             0 kB
AnonPages:        503152 kB
Mapped:           208484 kB
Shmem:              1528 kB
Slab:              33176 kB
SReclaimable:      11684 kB
SUnreclaim:        21492 kB
KernelStack:        9064 kB
PageTables:        19568 kB
NFS_Unstable:          0 kB
Bounce:                0 kB
WritebackTmp:          0 kB
CommitLimit:      675480 kB
Committed_AS:   46019392 kB
VmallocTotal:     253952 kB
VmallocUsed:       93124 kB
VmallocChunk:      48132 kB
Time pass: 190 sec

---2015-11-23 23:33:11
MemTotal:        1350964 kB
MemFree:           54520 kB
Buffers:            7968 kB
Cached:           507796 kB
SwapCached:            0 kB
Active:           686516 kB
Inactive:         330436 kB
Active(anon):     503224 kB
Inactive(anon):     1484 kB
Active(file):     183292 kB
Inactive(file):   328952 kB
Unevictable:        1988 kB
Mlocked:               0 kB
HighTotal:        802816 kB
HighFree:           1596 kB
LowTotal:         548148 kB
LowFree:           52924 kB
SwapTotal:             0 kB
SwapFree:              0 kB
Dirty:                 0 kB
Writeback:             0 kB
AnonPages:        503232 kB
Mapped:           208488 kB
Shmem:              1532 kB
Slab:              33120 kB
SReclaimable:      11684 kB
SUnreclaim:        21436 kB
KernelStack:        9064 kB
PageTables:        19568 kB
NFS_Unstable:          0 kB
Bounce:                0 kB
WritebackTmp:          0 kB
CommitLimit:      675480 kB
Committed_AS:   46019552 kB
VmallocTotal:     253952 kB
VmallocUsed:       93124 kB
VmallocChunk:      48132 kB
Time pass: 193 sec

---2015-11-23 23:33:11
MemTotal:        1350964 kB
MemFree:           53952 kB
Buffers:            7984 kB
Cached:           507812 kB
SwapCached:            0 kB
Active:           686732 kB
Inactive:         330444 kB
Active(anon):     503440 kB
Inactive(anon):     1484 kB
Active(file):     183292 kB
Inactive(file):   328960 kB
Unevictable:        1988 kB
Mlocked:               0 kB
HighTotal:        802816 kB
HighFree:           1596 kB
LowTotal:         548148 kB
LowFree:           52356 kB
SwapTotal:             0 kB
SwapFree:              0 kB
Dirty:                40 kB
Writeback:             0 kB
AnonPages:        503256 kB
Mapped:           208496 kB
Shmem:              1540 kB
Slab:              33144 kB
SReclaimable:      11684 kB
SUnreclaim:        21460 kB
KernelStack:        9064 kB
PageTables:        19564 kB
NFS_Unstable:          0 kB
Bounce:                0 kB
WritebackTmp:          0 kB
CommitLimit:      675480 kB
Committed_AS:   46019572 kB
VmallocTotal:     253952 kB
VmallocUsed:       93124 kB
VmallocChunk:      48132 kB
Time pass: 197 sec

---2015-11-23 23:33:11
MemTotal:        1350964 kB
MemFree:           53080 kB
Buffers:            7984 kB
Cached:           507872 kB
SwapCached:            0 kB
Active:           687684 kB
Inactive:         330528 kB
Active(anon):     504392 kB
Inactive(anon):     1552 kB
Active(file):     183292 kB
Inactive(file):   328976 kB
Unevictable:        1988 kB
Mlocked:               0 kB
HighTotal:        802816 kB
HighFree:           1596 kB
LowTotal:         548148 kB
LowFree:           51484 kB
SwapTotal:             0 kB
SwapFree:              0 kB
Dirty:                 0 kB
Writeback:             0 kB
AnonPages:        504304 kB
Mapped:           208508 kB
Shmem:              1600 kB
Slab:              33152 kB
SReclaimable:      11684 kB
SUnreclaim:        21468 kB
KernelStack:        9072 kB
PageTables:        19552 kB
NFS_Unstable:          0 kB
Bounce:                0 kB
WritebackTmp:          0 kB
CommitLimit:      675480 kB
Committed_AS:   46020512 kB
VmallocTotal:     253952 kB
VmallocUsed:       93124 kB
VmallocChunk:      48132 kB
Time pass: 200 sec

---2015-11-23 23:33:11
MemTotal:        1350964 kB
MemFree:           52280 kB
Buffers:            7992 kB
Cached:           508204 kB
SwapCached:            0 kB
Active:           687596 kB
Inactive:         330864 kB
Active(anon):     504300 kB
Inactive(anon):     1584 kB
Active(file):     183296 kB
Inactive(file):   329280 kB
Unevictable:        1988 kB
Mlocked:               0 kB
HighTotal:        802816 kB
HighFree:           1596 kB
LowTotal:         548148 kB
LowFree:           50684 kB
SwapTotal:             0 kB
SwapFree:              0 kB
Dirty:                28 kB
Writeback:             0 kB
AnonPages:        504352 kB
Mapped:           208656 kB
Shmem:              1632 kB
Slab:              33088 kB
SReclaimable:      11684 kB
SUnreclaim:        21404 kB
KernelStack:        9144 kB
PageTables:        19816 kB
NFS_Unstable:          0 kB
Bounce:                0 kB
WritebackTmp:          0 kB
CommitLimit:      675480 kB
Committed_AS:   46807924 kB
VmallocTotal:     253952 kB
VmallocUsed:       94144 kB
VmallocChunk:      48132 kB
Time pass: 203 sec

---2015-11-23 23:33:11
MemTotal:        1350964 kB
MemFree:           52012 kB
Buffers:            7992 kB
Cached:           508204 kB
SwapCached:            0 kB
Active:           687764 kB
Inactive:         330864 kB
Active(anon):     504468 kB
Inactive(anon):     1584 kB
Active(file):     183296 kB
Inactive(file):   329280 kB
Unevictable:        1988 kB
Mlocked:               0 kB
HighTotal:        802816 kB
HighFree:           1596 kB
LowTotal:         548148 kB
LowFree:           50416 kB
SwapTotal:             0 kB
SwapFree:              0 kB
Dirty:                 0 kB
Writeback:             0 kB
AnonPages:        504456 kB
Mapped:           208804 kB
Shmem:              1632 kB
Slab:              33120 kB
SReclaimable:      11684 kB
SUnreclaim:        21436 kB
KernelStack:        9144 kB
PageTables:        19820 kB
NFS_Unstable:          0 kB
Bounce:                0 kB
WritebackTmp:          0 kB
CommitLimit:      675480 kB
Committed_AS:   46807912 kB
VmallocTotal:     253952 kB
VmallocUsed:       94144 kB
VmallocChunk:      48132 kB
Time pass: 207 sec

---2015-11-23 23:33:11
MemTotal:        1350964 kB
MemFree:           51860 kB
Buffers:            8000 kB
Cached:           508204 kB
SwapCached:            0 kB
Active:           687808 kB
Inactive:         330872 kB
Active(anon):     504512 kB
Inactive(anon):     1584 kB
Active(file):     183296 kB
Inactive(file):   329288 kB
Unevictable:        1988 kB
Mlocked:               0 kB
HighTotal:        802816 kB
HighFree:           1596 kB
LowTotal:         548148 kB
LowFree:           50264 kB
SwapTotal:             0 kB
SwapFree:              0 kB
Dirty:                12 kB
Writeback:             0 kB
AnonPages:        504480 kB
Mapped:           208804 kB
Shmem:              1632 kB
Slab:              33196 kB
SReclaimable:      11684 kB
SUnreclaim:        21512 kB
KernelStack:        9144 kB
PageTables:        19820 kB
NFS_Unstable:          0 kB
Bounce:                0 kB
WritebackTmp:          0 kB
CommitLimit:      675480 kB
Committed_AS:   46807976 kB
VmallocTotal:     253952 kB
VmallocUsed:       94144 kB
VmallocChunk:      48132 kB
Time pass: 210 sec

---2015-11-23 23:33:11
MemTotal:        1350964 kB
MemFree:           51912 kB
Buffers:            8016 kB
Cached:           508204 kB
SwapCached:            0 kB
Active:           688092 kB
Inactive:         330888 kB
Active(anon):     504796 kB
Inactive(anon):     1584 kB
Active(file):     183296 kB
Inactive(file):   329304 kB
Unevictable:        1988 kB
Mlocked:               0 kB
HighTotal:        802816 kB
HighFree:           2588 kB
LowTotal:         548148 kB
LowFree:           49324 kB
SwapTotal:             0 kB
SwapFree:              0 kB
Dirty:                48 kB
Writeback:             0 kB
AnonPages:        504852 kB
Mapped:           208804 kB
Shmem:              1632 kB
Slab:              33208 kB
SReclaimable:      11684 kB
SUnreclaim:        21524 kB
KernelStack:        9144 kB
PageTables:        19820 kB
NFS_Unstable:          0 kB
Bounce:                0 kB
WritebackTmp:          0 kB
CommitLimit:      675480 kB
Committed_AS:   46808044 kB
VmallocTotal:     253952 kB
VmallocUsed:       94144 kB
VmallocChunk:      48132 kB
Time pass: 214 sec

---2015-11-23 23:33:11
MemTotal:        1350964 kB
MemFree:           51960 kB
Buffers:            8040 kB
Cached:           508204 kB
SwapCached:            0 kB
Active:           688236 kB
Inactive:         330912 kB
Active(anon):     504940 kB
Inactive(anon):     1584 kB
Active(file):     183296 kB
Inactive(file):   329328 kB
Unevictable:        1988 kB
Mlocked:               0 kB
HighTotal:        802816 kB
HighFree:           1720 kB
LowTotal:         548148 kB
LowFree:           50240 kB
SwapTotal:             0 kB
SwapFree:              0 kB
Dirty:                52 kB
Writeback:             0 kB
AnonPages:        504912 kB
Mapped:           208660 kB
Shmem:              1632 kB
Slab:              33224 kB
SReclaimable:      11684 kB
SUnreclaim:        21540 kB
KernelStack:        9152 kB
PageTables:        19824 kB
NFS_Unstable:          0 kB
Bounce:                0 kB
WritebackTmp:          0 kB
CommitLimit:      675480 kB
Committed_AS:   46808276 kB
VmallocTotal:     253952 kB
VmallocUsed:       94144 kB
VmallocChunk:      48132 kB
Time pass: 217 sec

---2015-11-23 23:33:11
MemTotal:        1350964 kB
MemFree:           51132 kB
Buffers:            8080 kB
Cached:           508296 kB
SwapCached:            0 kB
Active:           688804 kB
Inactive:         331020 kB
Active(anon):     505496 kB
Inactive(anon):     1584 kB
Active(file):     183308 kB
Inactive(file):   329436 kB
Unevictable:        1988 kB
Mlocked:               0 kB
HighTotal:        802816 kB
HighFree:           2588 kB
LowTotal:         548148 kB
LowFree:           48544 kB
SwapTotal:             0 kB
SwapFree:              0 kB
Dirty:                 0 kB
Writeback:             0 kB
AnonPages:        505504 kB
Mapped:           208652 kB
Shmem:              1636 kB
Slab:              33228 kB
SReclaimable:      11684 kB
SUnreclaim:        21544 kB
KernelStack:        9176 kB
PageTables:        19832 kB
NFS_Unstable:          0 kB
Bounce:                0 kB
WritebackTmp:          0 kB
CommitLimit:      675480 kB
Committed_AS:   46808336 kB
VmallocTotal:     253952 kB
VmallocUsed:       94144 kB
VmallocChunk:      48132 kB
Time pass: 221 sec

---2015-11-23 23:33:11
MemTotal:        1350964 kB
MemFree:           51000 kB
Buffers:            8096 kB
Cached:           508292 kB
SwapCached:            0 kB
Active:           689144 kB
Inactive:         331044 kB
Active(anon):     505836 kB
Inactive(anon):     1584 kB
Active(file):     183308 kB
Inactive(file):   329460 kB
Unevictable:        1988 kB
Mlocked:               0 kB
HighTotal:        802816 kB
HighFree:           1968 kB
LowTotal:         548148 kB
LowFree:           49032 kB
SwapTotal:             0 kB
SwapFree:              0 kB
Dirty:                 0 kB
Writeback:             0 kB
AnonPages:        505604 kB
Mapped:           208748 kB
Shmem:              1632 kB
Slab:              33404 kB
SReclaimable:      11684 kB
SUnreclaim:        21720 kB
KernelStack:        9144 kB
PageTables:        19816 kB
NFS_Unstable:          0 kB
Bounce:                0 kB
WritebackTmp:          0 kB
CommitLimit:      675480 kB
Committed_AS:   46808472 kB
VmallocTotal:     253952 kB
VmallocUsed:       94144 kB
VmallocChunk:      48132 kB
Time pass: 224 sec

---2015-11-23 23:33:11
MemTotal:        1350964 kB
MemFree:           50844 kB
Buffers:            8096 kB
Cached:           508312 kB
SwapCached:            0 kB
Active:           689040 kB
Inactive:         331064 kB
Active(anon):     505732 kB
Inactive(anon):     1588 kB
Active(file):     183308 kB
Inactive(file):   329476 kB
Unevictable:        1988 kB
Mlocked:               0 kB
HighTotal:        802816 kB
HighFree:           1596 kB
LowTotal:         548148 kB
LowFree:           49248 kB
SwapTotal:             0 kB
SwapFree:              0 kB
Dirty:                 0 kB
Writeback:             0 kB
AnonPages:        505632 kB
Mapped:           208800 kB
Shmem:              1636 kB
Slab:              33276 kB
SReclaimable:      11684 kB
SUnreclaim:        21592 kB
KernelStack:        9136 kB
PageTables:        19828 kB
NFS_Unstable:          0 kB
Bounce:                0 kB
WritebackTmp:          0 kB
CommitLimit:      675480 kB
Committed_AS:   46808412 kB
VmallocTotal:     253952 kB
VmallocUsed:       94144 kB
VmallocChunk:      48132 kB
Time pass: 227 sec

---2015-11-23 23:33:11
MemTotal:        1350964 kB
MemFree:           50088 kB
Buffers:            8120 kB
Cached:           508304 kB
SwapCached:            0 kB
Active:           689880 kB
Inactive:         331072 kB
Active(anon):     506572 kB
Inactive(anon):     1588 kB
Active(file):     183308 kB
Inactive(file):   329484 kB
Unevictable:        1988 kB
Mlocked:               0 kB
HighTotal:        802816 kB
HighFree:           1596 kB
LowTotal:         548148 kB
LowFree:           48492 kB
SwapTotal:             0 kB
SwapFree:              0 kB
Dirty:                32 kB
Writeback:             0 kB
AnonPages:        506716 kB
Mapped:           208752 kB
Shmem:              1636 kB
Slab:              33184 kB
SReclaimable:      11684 kB
SUnreclaim:        21500 kB
KernelStack:        9120 kB
PageTables:        19816 kB
NFS_Unstable:          0 kB
Bounce:                0 kB
WritebackTmp:          0 kB
CommitLimit:      675480 kB
Committed_AS:   46809328 kB
VmallocTotal:     253952 kB
VmallocUsed:       94144 kB
VmallocChunk:      48132 kB
Time pass: 231 sec

---2015-11-23 23:33:11
MemTotal:        1350964 kB
MemFree:           50824 kB
Buffers:            8120 kB
Cached:           508312 kB
SwapCached:            0 kB
Active:           689000 kB
Inactive:         331088 kB
Active(anon):     505692 kB
Inactive(anon):     1588 kB
Active(file):     183308 kB
Inactive(file):   329500 kB
Unevictable:        1988 kB
Mlocked:               0 kB
HighTotal:        802816 kB
HighFree:           1596 kB
LowTotal:         548148 kB
LowFree:           49228 kB
SwapTotal:             0 kB
SwapFree:              0 kB
Dirty:                 4 kB
Writeback:             0 kB
AnonPages:        505728 kB
Mapped:           208800 kB
Shmem:              1636 kB
Slab:              33180 kB
SReclaimable:      11684 kB
SUnreclaim:        21496 kB
KernelStack:        9136 kB
PageTables:        19832 kB
NFS_Unstable:          0 kB
Bounce:                0 kB
WritebackTmp:          0 kB
CommitLimit:      675480 kB
Committed_AS:   46808220 kB
VmallocTotal:     253952 kB
VmallocUsed:       94144 kB
VmallocChunk:      48132 kB
Time pass: 235 sec

---2015-11-23 23:33:11
MemTotal:        1350964 kB
MemFree:           50208 kB
Buffers:            8128 kB
Cached:           508312 kB
SwapCached:            0 kB
Active:           689716 kB
Inactive:         331088 kB
Active(anon):     506408 kB
Inactive(anon):     1588 kB
Active(file):     183308 kB
Inactive(file):   329500 kB
Unevictable:        1988 kB
Mlocked:               0 kB
HighTotal:        802816 kB
HighFree:           1596 kB
LowTotal:         548148 kB
LowFree:           48612 kB
SwapTotal:             0 kB
SwapFree:              0 kB
Dirty:                36 kB
Writeback:             0 kB
AnonPages:        506520 kB
Mapped:           208652 kB
Shmem:              1636 kB
Slab:              33200 kB
SReclaimable:      11684 kB
SUnreclaim:        21516 kB
KernelStack:        9128 kB
PageTables:        19836 kB
NFS_Unstable:          0 kB
Bounce:                0 kB
WritebackTmp:          0 kB
CommitLimit:      675480 kB
Committed_AS:   46809316 kB
VmallocTotal:     253952 kB
VmallocUsed:       94144 kB
VmallocChunk:      48132 kB
Time pass: 239 sec

---2015-11-23 23:33:11
MemTotal:        1350964 kB
MemFree:           49164 kB
Buffers:            8144 kB
Cached:           508372 kB
SwapCached:            0 kB
Active:           690508 kB
Inactive:         331168 kB
Active(anon):     507200 kB
Inactive(anon):     1644 kB
Active(file):     183308 kB
Inactive(file):   329524 kB
Unevictable:        1988 kB
Mlocked:               0 kB
HighTotal:        802816 kB
HighFree:           1596 kB
LowTotal:         548148 kB
LowFree:           47568 kB
SwapTotal:             0 kB
SwapFree:              0 kB
Dirty:                32 kB
Writeback:             0 kB
AnonPages:        507220 kB
Mapped:           208728 kB
Shmem:              1696 kB
Slab:              33232 kB
SReclaimable:      11684 kB
SUnreclaim:        21548 kB
KernelStack:        9112 kB
PageTables:        19828 kB
NFS_Unstable:          0 kB
Bounce:                0 kB
WritebackTmp:          0 kB
CommitLimit:      675480 kB
Committed_AS:   46810528 kB
VmallocTotal:     253952 kB
VmallocUsed:       94144 kB
VmallocChunk:      48132 kB
Time pass: 243 sec

---2015-11-23 23:33:11
MemTotal:        1350964 kB
MemFree:           49480 kB
Buffers:            8152 kB
Cached:           508372 kB
SwapCached:            0 kB
Active:           689336 kB
Inactive:         331172 kB
Active(anon):     506028 kB
Inactive(anon):     1648 kB
Active(file):     183308 kB
Inactive(file):   329524 kB
Unevictable:        1988 kB
Mlocked:               0 kB
HighTotal:        802816 kB
HighFree:           1596 kB
LowTotal:         548148 kB
LowFree:           47884 kB
SwapTotal:             0 kB
SwapFree:              0 kB
Dirty:                28 kB
Writeback:             0 kB
AnonPages:        505952 kB
Mapped:           208732 kB
Shmem:              1696 kB
Slab:              33320 kB
SReclaimable:      11684 kB
SUnreclaim:        21636 kB
KernelStack:        9112 kB
PageTables:        19828 kB
NFS_Unstable:          0 kB
Bounce:                0 kB
WritebackTmp:          0 kB
CommitLimit:      675480 kB
Committed_AS:   46809188 kB
VmallocTotal:     253952 kB
VmallocUsed:       94144 kB
VmallocChunk:      48132 kB
Time pass: 246 sec

---2015-11-23 23:33:11
MemTotal:        1350964 kB
MemFree:           49984 kB
Buffers:            8168 kB
Cached:           508372 kB
SwapCached:            0 kB
Active:           689468 kB
Inactive:         331196 kB
Active(anon):     506160 kB
Inactive(anon):     1648 kB
Active(file):     183308 kB
Inactive(file):   329548 kB
Unevictable:        1988 kB
Mlocked:               0 kB
HighTotal:        802816 kB
HighFree:           2464 kB
LowTotal:         548148 kB
LowFree:           47520 kB
SwapTotal:             0 kB
SwapFree:              0 kB
Dirty:                36 kB
Writeback:             0 kB
AnonPages:        506176 kB
Mapped:           208880 kB
Shmem:              1696 kB
Slab:              33324 kB
SReclaimable:      11684 kB
SUnreclaim:        21640 kB
KernelStack:        9112 kB
PageTables:        19828 kB
NFS_Unstable:          0 kB
Bounce:                0 kB
WritebackTmp:          0 kB
CommitLimit:      675480 kB
Committed_AS:   46809200 kB
VmallocTotal:     253952 kB
VmallocUsed:       94144 kB
VmallocChunk:      48132 kB
Time pass: 250 sec

---2015-11-23 23:33:11
MemTotal:        1350964 kB
MemFree:           50448 kB
Buffers:            8176 kB
Cached:           508372 kB
SwapCached:            0 kB
Active:           689568 kB
Inactive:         331196 kB
Active(anon):     506260 kB
Inactive(anon):     1648 kB
Active(file):     183308 kB
Inactive(file):   329548 kB
Unevictable:        1988 kB
Mlocked:               0 kB
HighTotal:        802816 kB
HighFree:           2092 kB
LowTotal:         548148 kB
LowFree:           48356 kB
SwapTotal:             0 kB
SwapFree:              0 kB
Dirty:                28 kB
Writeback:             0 kB
AnonPages:        506280 kB
Mapped:           208880 kB
Shmem:              1696 kB
Slab:              33312 kB
SReclaimable:      11684 kB
SUnreclaim:        21628 kB
KernelStack:        9112 kB
PageTables:        19828 kB
NFS_Unstable:          0 kB
Bounce:                0 kB
WritebackTmp:          0 kB
CommitLimit:      675480 kB
Committed_AS:   46809212 kB
VmallocTotal:     253952 kB
VmallocUsed:       94144 kB
VmallocChunk:      48132 kB
Time pass: 253 sec

---2015-11-23 23:33:11
MemTotal:        1350964 kB
MemFree:           50420 kB
Buffers:            8192 kB
Cached:           508372 kB
SwapCached:            0 kB
Active:           689644 kB
Inactive:         331220 kB
Active(anon):     506336 kB
Inactive(anon):     1648 kB
Active(file):     183308 kB
Inactive(file):   329572 kB
Unevictable:        1988 kB
Mlocked:               0 kB
HighTotal:        802816 kB
HighFree:           2464 kB
LowTotal:         548148 kB
LowFree:           47956 kB
SwapTotal:             0 kB
SwapFree:              0 kB
Dirty:                36 kB
Writeback:             0 kB
AnonPages:        506344 kB
Mapped:           208880 kB
Shmem:              1696 kB
Slab:              33236 kB
SReclaimable:      11684 kB
SUnreclaim:        21552 kB
KernelStack:        9112 kB
PageTables:        19828 kB
NFS_Unstable:          0 kB
Bounce:                0 kB
WritebackTmp:          0 kB
CommitLimit:      675480 kB
Committed_AS:   46809212 kB
VmallocTotal:     253952 kB
VmallocUsed:       94144 kB
VmallocChunk:      48132 kB
Time pass: 256 sec

---2015-11-23 23:33:11
MemTotal:        1350964 kB
MemFree:           50668 kB
Buffers:            8192 kB
Cached:           508372 kB
SwapCached:            0 kB
Active:           689632 kB
Inactive:         331220 kB
Active(anon):     506324 kB
Inactive(anon):     1648 kB
Active(file):     183308 kB
Inactive(file):   329572 kB
Unevictable:        1988 kB
Mlocked:               0 kB
HighTotal:        802816 kB
HighFree:           2092 kB
LowTotal:         548148 kB
LowFree:           48576 kB
SwapTotal:             0 kB
SwapFree:              0 kB
Dirty:                 0 kB
Writeback:             0 kB
AnonPages:        506476 kB
Mapped:           208732 kB
Shmem:              1696 kB
Slab:              33208 kB
SReclaimable:      11684 kB
SUnreclaim:        21524 kB
KernelStack:        9120 kB
PageTables:        19832 kB
NFS_Unstable:          0 kB
Bounce:                0 kB
WritebackTmp:          0 kB
CommitLimit:      675480 kB
Committed_AS:   46809192 kB
VmallocTotal:     253952 kB
VmallocUsed:       94144 kB
VmallocChunk:      48132 kB
Time pass: 260 sec

---2015-11-23 23:33:11
MemTotal:        1350964 kB
MemFree:           50296 kB
Buffers:            8216 kB
Cached:           508372 kB
SwapCached:            0 kB
Active:           689780 kB
Inactive:         331244 kB
Active(anon):     506472 kB
Inactive(anon):     1648 kB
Active(file):     183308 kB
Inactive(file):   329596 kB
Unevictable:        1988 kB
Mlocked:               0 kB
HighTotal:        802816 kB
HighFree:           1596 kB
LowTotal:         548148 kB
LowFree:           48700 kB
SwapTotal:             0 kB
SwapFree:              0 kB
Dirty:                40 kB
Writeback:             0 kB
AnonPages:        506488 kB
Mapped:           208884 kB
Shmem:              1696 kB
Slab:              33212 kB
SReclaimable:      11688 kB
SUnreclaim:        21524 kB
KernelStack:        9120 kB
PageTables:        19832 kB
NFS_Unstable:          0 kB
Bounce:                0 kB
WritebackTmp:          0 kB
CommitLimit:      675480 kB
Committed_AS:   46809144 kB
VmallocTotal:     253952 kB
VmallocUsed:       94144 kB
VmallocChunk:      48132 kB
Time pass: 263 sec

---2015-11-23 23:33:11
MemTotal:        1350964 kB
MemFree:           49968 kB
Buffers:            8224 kB
Cached:           508372 kB
SwapCached:            0 kB
Active:           690164 kB
Inactive:         331244 kB
Active(anon):     506856 kB
Inactive(anon):     1648 kB
Active(file):     183308 kB
Inactive(file):   329596 kB
Unevictable:        1988 kB
Mlocked:               0 kB
HighTotal:        802816 kB
HighFree:           1596 kB
LowTotal:         548148 kB
LowFree:           48372 kB
SwapTotal:             0 kB
SwapFree:              0 kB
Dirty:                28 kB
Writeback:             0 kB
AnonPages:        506948 kB
Mapped:           208884 kB
Shmem:              1696 kB
Slab:              33368 kB
SReclaimable:      11688 kB
SUnreclaim:        21680 kB
KernelStack:        9112 kB
PageTables:        19832 kB
NFS_Unstable:          0 kB
Bounce:                0 kB
WritebackTmp:          0 kB
CommitLimit:      675480 kB
Committed_AS:   46810248 kB
VmallocTotal:     253952 kB
VmallocUsed:       94144 kB
VmallocChunk:      48132 kB
Time pass: 267 sec

---2015-11-23 23:33:11
MemTotal:        1350964 kB
MemFree:           50164 kB
Buffers:            8240 kB
Cached:           508372 kB
SwapCached:            0 kB
Active:           690244 kB
Inactive:         331260 kB
Active(anon):     506936 kB
Inactive(anon):     1648 kB
Active(file):     183308 kB
Inactive(file):   329612 kB
Unevictable:        1988 kB
Mlocked:               0 kB
HighTotal:        802816 kB
HighFree:           1596 kB
LowTotal:         548148 kB
LowFree:           48568 kB
SwapTotal:             0 kB
SwapFree:              0 kB
Dirty:                 0 kB
Writeback:             0 kB
AnonPages:        506832 kB
Mapped:           208884 kB
Shmem:              1696 kB
Slab:              33248 kB
SReclaimable:      11688 kB
SUnreclaim:        21560 kB
KernelStack:        9112 kB
PageTables:        19832 kB
NFS_Unstable:          0 kB
Bounce:                0 kB
WritebackTmp:          0 kB
CommitLimit:      675480 kB
Committed_AS:   46809400 kB
VmallocTotal:     253952 kB
VmallocUsed:       94144 kB
VmallocChunk:      48132 kB
Time pass: 271 sec

---2015-11-23 23:33:11
MemTotal:        1350964 kB
MemFree:           50116 kB
Buffers:            8248 kB
Cached:           508372 kB
SwapCached:            0 kB
Active:           690108 kB
Inactive:         331268 kB
Active(anon):     506800 kB
Inactive(anon):     1648 kB
Active(file):     183308 kB
Inactive(file):   329620 kB
Unevictable:        1988 kB
Mlocked:               0 kB
HighTotal:        802816 kB
HighFree:           1596 kB
LowTotal:         548148 kB
LowFree:           48520 kB
SwapTotal:             0 kB
SwapFree:              0 kB
Dirty:                32 kB
Writeback:             0 kB
AnonPages:        506668 kB
Mapped:           208884 kB
Shmem:              1696 kB
Slab:              33216 kB
SReclaimable:      11688 kB
SUnreclaim:        21528 kB
KernelStack:        9112 kB
PageTables:        19824 kB
NFS_Unstable:          0 kB
Bounce:                0 kB
WritebackTmp:          0 kB
CommitLimit:      675480 kB
Committed_AS:   46809296 kB
VmallocTotal:     253952 kB
VmallocUsed:       94144 kB
VmallocChunk:      48132 kB
Time pass: 274 sec

---2015-11-23 23:33:11
MemTotal:        1350964 kB
MemFree:           49768 kB
Buffers:            8264 kB
Cached:           508384 kB
SwapCached:            0 kB
Active:           690212 kB
Inactive:         331296 kB
Active(anon):     506904 kB
Inactive(anon):     1648 kB
Active(file):     183308 kB
Inactive(file):   329648 kB
Unevictable:        1988 kB
Mlocked:               0 kB
HighTotal:        802816 kB
HighFree:           1596 kB
LowTotal:         548148 kB
LowFree:           48172 kB
SwapTotal:             0 kB
SwapFree:              0 kB
Dirty:                60 kB
Writeback:             0 kB
AnonPages:        506908 kB
Mapped:           208908 kB
Shmem:              1696 kB
Slab:              33228 kB
SReclaimable:      11688 kB
SUnreclaim:        21540 kB
KernelStack:        9104 kB
PageTables:        19832 kB
NFS_Unstable:          0 kB
Bounce:                0 kB
WritebackTmp:          0 kB
CommitLimit:      675480 kB
Committed_AS:   46809300 kB
VmallocTotal:     253952 kB
VmallocUsed:       94144 kB
VmallocChunk:      48132 kB
Time pass: 277 sec

---2015-11-23 23:33:11
MemTotal:        1350964 kB
MemFree:           49916 kB
Buffers:            8272 kB
Cached:           508384 kB
SwapCached:            0 kB
Active:           690340 kB
Inactive:         331304 kB
Active(anon):     507032 kB
Inactive(anon):     1648 kB
Active(file):     183308 kB
Inactive(file):   329656 kB
Unevictable:        1988 kB
Mlocked:               0 kB
HighTotal:        802816 kB
HighFree:           1596 kB
LowTotal:         548148 kB
LowFree:           48320 kB
SwapTotal:             0 kB
SwapFree:              0 kB
Dirty:                84 kB
Writeback:             0 kB
AnonPages:        507060 kB
Mapped:           208908 kB
Shmem:              1696 kB
Slab:              33264 kB
SReclaimable:      11688 kB
SUnreclaim:        21576 kB
KernelStack:        9104 kB
PageTables:        19832 kB
NFS_Unstable:          0 kB
Bounce:                0 kB
WritebackTmp:          0 kB
CommitLimit:      675480 kB
Committed_AS:   46809316 kB
VmallocTotal:     253952 kB
VmallocUsed:       94144 kB
VmallocChunk:      48132 kB
Time pass: 281 sec

---2015-11-23 23:33:11
MemTotal:        1350964 kB
MemFree:           49304 kB
Buffers:            8288 kB
Cached:           508384 kB
SwapCached:            0 kB
Active:           690488 kB
Inactive:         331328 kB
Active(anon):     507180 kB
Inactive(anon):     1648 kB
Active(file):     183308 kB
Inactive(file):   329680 kB
Unevictable:        1988 kB
Mlocked:               0 kB
HighTotal:        802816 kB
HighFree:           1720 kB
LowTotal:         548148 kB
LowFree:           47584 kB
SwapTotal:             0 kB
SwapFree:              0 kB
Dirty:                 4 kB
Writeback:             0 kB
AnonPages:        507048 kB
Mapped:           208760 kB
Shmem:              1696 kB
Slab:              33236 kB
SReclaimable:      11688 kB
SUnreclaim:        21548 kB
KernelStack:        9104 kB
PageTables:        19832 kB
NFS_Unstable:          0 kB
Bounce:                0 kB
WritebackTmp:          0 kB
CommitLimit:      675480 kB
Committed_AS:   46809340 kB
VmallocTotal:     253952 kB
VmallocUsed:       94144 kB
VmallocChunk:      48132 kB
Time pass: 284 sec

---2015-11-23 23:33:11
MemTotal:        1350964 kB
MemFree:           47844 kB
Buffers:            8304 kB
Cached:           508516 kB
SwapCached:            0 kB
Active:           691296 kB
Inactive:         331328 kB
Active(anon):     507988 kB
Inactive(anon):     1648 kB
Active(file):     183308 kB
Inactive(file):   329680 kB
Unevictable:        1988 kB
Mlocked:               0 kB
HighTotal:        802816 kB
HighFree:           1596 kB
LowTotal:         548148 kB
LowFree:           46248 kB
SwapTotal:             0 kB
SwapFree:              0 kB
Dirty:               152 kB
Writeback:             0 kB
AnonPages:        507836 kB
Mapped:           208908 kB
Shmem:              1696 kB
Slab:              33360 kB
SReclaimable:      11688 kB
SUnreclaim:        21672 kB
KernelStack:        9112 kB
PageTables:        19836 kB
NFS_Unstable:          0 kB
Bounce:                0 kB
WritebackTmp:          0 kB
CommitLimit:      675480 kB
Committed_AS:   46811260 kB
VmallocTotal:     253952 kB
VmallocUsed:       94144 kB
VmallocChunk:      48132 kB
Time pass: 288 sec

---2015-11-23 23:33:11
MemTotal:        1350964 kB
MemFree:           48652 kB
Buffers:            8304 kB
Cached:           508488 kB
SwapCached:            0 kB
Active:           690616 kB
Inactive:         331448 kB
Active(anon):     507308 kB
Inactive(anon):     1648 kB
Active(file):     183308 kB
Inactive(file):   329800 kB
Unevictable:        1988 kB
Mlocked:               0 kB
HighTotal:        802816 kB
HighFree:           2712 kB
LowTotal:         548148 kB
LowFree:           45940 kB
SwapTotal:             0 kB
SwapFree:              0 kB
Dirty:               192 kB
Writeback:             0 kB
AnonPages:        507312 kB
Mapped:           208908 kB
Shmem:              1696 kB
Slab:              33280 kB
SReclaimable:      11688 kB
SUnreclaim:        21592 kB
KernelStack:        9104 kB
PageTables:        19836 kB
NFS_Unstable:          0 kB
Bounce:                0 kB
WritebackTmp:          0 kB
CommitLimit:      675480 kB
Committed_AS:   46810564 kB
VmallocTotal:     253952 kB
VmallocUsed:       94144 kB
VmallocChunk:      48132 kB
Time pass: 291 sec

---2015-11-23 23:33:11
MemTotal:        1350964 kB
MemFree:           48800 kB
Buffers:            8320 kB
Cached:           508496 kB
SwapCached:            0 kB
Active:           690252 kB
Inactive:         331440 kB
Active(anon):     506932 kB
Inactive(anon):     1648 kB
Active(file):     183320 kB
Inactive(file):   329792 kB
Unevictable:        1988 kB
Mlocked:               0 kB
HighTotal:        802816 kB
HighFree:           2464 kB
LowTotal:         548148 kB
LowFree:           46336 kB
SwapTotal:             0 kB
SwapFree:              0 kB
Dirty:                 8 kB
Writeback:             0 kB
AnonPages:        506936 kB
Mapped:           208928 kB
Shmem:              1696 kB
Slab:              33296 kB
SReclaimable:      11688 kB
SUnreclaim:        21608 kB
KernelStack:        9104 kB
PageTables:        19836 kB
NFS_Unstable:          0 kB
Bounce:                0 kB
WritebackTmp:          0 kB
CommitLimit:      675480 kB
Committed_AS:   46811776 kB
VmallocTotal:     253952 kB
VmallocUsed:       94144 kB
VmallocChunk:      48132 kB
Time pass: 295 sec

---2015-11-23 23:33:11
MemTotal:        1350964 kB
MemFree:           47932 kB
Buffers:            8336 kB
Cached:           508496 kB
SwapCached:            0 kB
Active:           691168 kB
Inactive:         331472 kB
Active(anon):     507844 kB
Inactive(anon):     1648 kB
Active(file):     183324 kB
Inactive(file):   329824 kB
Unevictable:        1988 kB
Mlocked:               0 kB
HighTotal:        802816 kB
HighFree:           2216 kB
LowTotal:         548148 kB
LowFree:           45716 kB
SwapTotal:             0 kB
SwapFree:              0 kB
Dirty:                68 kB
Writeback:             0 kB
AnonPages:        507784 kB
Mapped:           208928 kB
Shmem:              1696 kB
Slab:              33256 kB
SReclaimable:      11688 kB
SUnreclaim:        21568 kB
KernelStack:        9104 kB
PageTables:        19836 kB
NFS_Unstable:          0 kB
Bounce:                0 kB
WritebackTmp:          0 kB
CommitLimit:      675480 kB
Committed_AS:   46812900 kB
VmallocTotal:     253952 kB
VmallocUsed:       94144 kB
VmallocChunk:      48132 kB
Time pass: 299 sec

---2015-11-23 23:33:11
MemTotal:        1350964 kB
MemFree:           48552 kB
Buffers:            8344 kB
Cached:           508496 kB
SwapCached:            0 kB
Active:           691096 kB
Inactive:         331472 kB
Active(anon):     507772 kB
Inactive(anon):     1648 kB
Active(file):     183324 kB
Inactive(file):   329824 kB
Unevictable:        1988 kB
Mlocked:               0 kB
HighTotal:        802816 kB
HighFree:           1596 kB
LowTotal:         548148 kB
LowFree:           46956 kB
SwapTotal:             0 kB
SwapFree:              0 kB
Dirty:                36 kB
Writeback:             0 kB
AnonPages:        507872 kB
Mapped:           208928 kB
Shmem:              1696 kB
Slab:              33276 kB
SReclaimable:      11688 kB
SUnreclaim:        21588 kB
KernelStack:        9104 kB
PageTables:        19836 kB
NFS_Unstable:          0 kB
Bounce:                0 kB
WritebackTmp:          0 kB
CommitLimit:      675480 kB
Committed_AS:   46811780 kB
VmallocTotal:     253952 kB
VmallocUsed:       94144 kB
VmallocChunk:      48132 kB
Time pass: 302 sec

---2015-11-23 23:33:11
MemTotal:        1350964 kB
MemFree:           48612 kB
Buffers:            8360 kB
Cached:           508496 kB
SwapCached:            0 kB
Active:           691228 kB
Inactive:         331496 kB
Active(anon):     507904 kB
Inactive(anon):     1648 kB
Active(file):     183324 kB
Inactive(file):   329848 kB
Unevictable:        1988 kB
Mlocked:               0 kB
HighTotal:        802816 kB
HighFree:           1596 kB
LowTotal:         548148 kB
LowFree:           47016 kB
SwapTotal:             0 kB
SwapFree:              0 kB
Dirty:                 4 kB
Writeback:             0 kB
AnonPages:        507952 kB
Mapped:           208928 kB
Shmem:              1696 kB
Slab:              33288 kB
SReclaimable:      11688 kB
SUnreclaim:        21600 kB
KernelStack:        9104 kB
PageTables:        19836 kB
NFS_Unstable:          0 kB
Bounce:                0 kB
WritebackTmp:          0 kB
CommitLimit:      675480 kB
Committed_AS:   46811848 kB
VmallocTotal:     253952 kB
VmallocUsed:       94144 kB
VmallocChunk:      48132 kB
Time pass: 306 sec

---2015-11-23 23:33:11
MemTotal:        1350964 kB
MemFree:           48248 kB
Buffers:            8368 kB
Cached:           508496 kB
SwapCached:            0 kB
Active:           691332 kB
Inactive:         331496 kB
Active(anon):     508008 kB
Inactive(anon):     1648 kB
Active(file):     183324 kB
Inactive(file):   329848 kB
Unevictable:        1988 kB
Mlocked:               0 kB
HighTotal:        802816 kB
HighFree:           1596 kB
LowTotal:         548148 kB
LowFree:           46652 kB
SwapTotal:             0 kB
SwapFree:              0 kB
Dirty:                36 kB
Writeback:             0 kB
AnonPages:        508016 kB
Mapped:           208928 kB
Shmem:              1696 kB
Slab:              33288 kB
SReclaimable:      11688 kB
SUnreclaim:        21600 kB
KernelStack:        9104 kB
PageTables:        19836 kB
NFS_Unstable:          0 kB
Bounce:                0 kB
WritebackTmp:          0 kB
CommitLimit:      675480 kB
Committed_AS:   46811748 kB
VmallocTotal:     253952 kB
VmallocUsed:       94144 kB
VmallocChunk:      48132 kB
Time pass: 309 sec

---2015-11-23 23:33:11
MemTotal:        1350964 kB
MemFree:           48776 kB
Buffers:            8384 kB
Cached:           508496 kB
SwapCached:            0 kB
Active:           691412 kB
Inactive:         331512 kB
Active(anon):     508088 kB
Inactive(anon):     1648 kB
Active(file):     183324 kB
Inactive(file):   329864 kB
Unevictable:        1988 kB
Mlocked:               0 kB
HighTotal:        802816 kB
HighFree:           1596 kB
LowTotal:         548148 kB
LowFree:           47180 kB
SwapTotal:             0 kB
SwapFree:              0 kB
Dirty:                44 kB
Writeback:             0 kB
AnonPages:        508048 kB
Mapped:           208928 kB
Shmem:              1696 kB
Slab:              33296 kB
SReclaimable:      11688 kB
SUnreclaim:        21608 kB
KernelStack:        9104 kB
PageTables:        19832 kB
NFS_Unstable:          0 kB
Bounce:                0 kB
WritebackTmp:          0 kB
CommitLimit:      675480 kB
Committed_AS:   46811760 kB
VmallocTotal:     253952 kB
VmallocUsed:       94144 kB
VmallocChunk:      48132 kB
Time pass: 313 sec

---2015-11-23 23:33:11
MemTotal:        1350964 kB
MemFree:           48232 kB
Buffers:            8392 kB
Cached:           508492 kB
SwapCached:            0 kB
Active:           691752 kB
Inactive:         331520 kB
Active(anon):     508428 kB
Inactive(anon):     1648 kB
Active(file):     183324 kB
Inactive(file):   329872 kB
Unevictable:        1988 kB
Mlocked:               0 kB
HighTotal:        802816 kB
HighFree:           1596 kB
LowTotal:         548148 kB
LowFree:           46636 kB
SwapTotal:             0 kB
SwapFree:              0 kB
Dirty:                 8 kB
Writeback:             0 kB
AnonPages:        508600 kB
Mapped:           208928 kB
