---2015-11-19 19:35:53
MemTotal:        2902232 kB
MemFree:          682280 kB
Buffers:           15716 kB
Cached:          1000584 kB
SwapCached:            0 kB
Active:           862132 kB
Inactive:         832376 kB
Active(anon):     677308 kB
Inactive(anon):     4212 kB
Active(file):     184824 kB
Inactive(file):   828164 kB
Unevictable:           0 kB
Mlocked:               0 kB
HighTotal:       2311552 kB
HighFree:         245392 kB
LowTotal:         590680 kB
LowFree:          436888 kB
SwapTotal:       1048572 kB
SwapFree:        1048572 kB
Dirty:                 0 kB
Writeback:             0 kB
AnonPages:        678088 kB
Mapped:           268272 kB
Shmem:              3332 kB
Slab:              51032 kB
SReclaimable:      15236 kB
SUnreclaim:        35796 kB
KernelStack:       12848 kB
PageTables:        27372 kB
NFS_Unstable:          0 kB
Bounce:                0 kB
WritebackTmp:          0 kB
CommitLimit:     2499688 kB
Committed_AS:   62758668 kB
VmallocTotal:     385024 kB
VmallocUsed:      161064 kB
VmallocChunk:      68676 kB
Time pass: 3 sec

---2015-11-19 19:35:53
MemTotal:        2902232 kB
MemFree:          682368 kB
Buffers:           15716 kB
Cached:          1000584 kB
SwapCached:            0 kB
Active:           862260 kB
Inactive:         832376 kB
Active(anon):     677436 kB
Inactive(anon):     4212 kB
Active(file):     184824 kB
Inactive(file):   828164 kB
Unevictable:           0 kB
Mlocked:               0 kB
HighTotal:       2311552 kB
HighFree:         245464 kB
LowTotal:         590680 kB
LowFree:          436904 kB
SwapTotal:       1048572 kB
SwapFree:        1048572 kB
Dirty:                 0 kB
Writeback:             0 kB
AnonPages:        678152 kB
Mapped:           268316 kB
Shmem:              3332 kB
Slab:              51056 kB
SReclaimable:      15236 kB
SUnreclaim:        35820 kB
KernelStack:       12848 kB
PageTables:        27388 kB
NFS_Unstable:          0 kB
Bounce:                0 kB
WritebackTmp:          0 kB
CommitLimit:     2499688 kB
Committed_AS:   62758696 kB
VmallocTotal:     385024 kB
VmallocUsed:      161064 kB
VmallocChunk:      68676 kB
Time pass: 6 sec

---2015-11-19 19:35:53
MemTotal:        2902232 kB
MemFree:          682012 kB
Buffers:           15716 kB
Cached:          1000584 kB
SwapCached:            0 kB
Active:           862424 kB
Inactive:         832376 kB
Active(anon):     677600 kB
Inactive(anon):     4212 kB
Active(file):     184824 kB
Inactive(file):   828164 kB
Unevictable:           0 kB
Mlocked:               0 kB
HighTotal:       2311552 kB
HighFree:         245092 kB
LowTotal:         590680 kB
LowFree:          436920 kB
SwapTotal:       1048572 kB
SwapFree:        1048572 kB
Dirty:                 0 kB
Writeback:             0 kB
AnonPages:        678252 kB
Mapped:           268360 kB
Shmem:              3332 kB
Slab:              51044 kB
SReclaimable:      15236 kB
SUnreclaim:        35808 kB
KernelStack:       12848 kB
PageTables:        27404 kB
NFS_Unstable:          0 kB
Bounce:                0 kB
WritebackTmp:          0 kB
CommitLimit:     2499688 kB
Committed_AS:   62758768 kB
VmallocTotal:     385024 kB
VmallocUsed:      161064 kB
VmallocChunk:      68676 kB
Time pass: 10 sec

---2015-11-19 19:35:53
MemTotal:        2902232 kB
MemFree:          681704 kB
Buffers:           15716 kB
Cached:          1000584 kB
SwapCached:            0 kB
Active:           862512 kB
Inactive:         832376 kB
Active(anon):     677688 kB
Inactive(anon):     4212 kB
Active(file):     184824 kB
Inactive(file):   828164 kB
Unevictable:           0 kB
Mlocked:               0 kB
HighTotal:       2311552 kB
HighFree:         244596 kB
LowTotal:         590680 kB
LowFree:          437108 kB
SwapTotal:       1048572 kB
SwapFree:        1048572 kB
Dirty:                 0 kB
Writeback:             0 kB
AnonPages:        678324 kB
Mapped:           268360 kB
Shmem:              3332 kB
Slab:              51168 kB
SReclaimable:      15240 kB
SUnreclaim:        35928 kB
KernelStack:       12848 kB
PageTables:        27404 kB
NFS_Unstable:          0 kB
Bounce:                0 kB
WritebackTmp:          0 kB
CommitLimit:     2499688 kB
Committed_AS:   62758700 kB
VmallocTotal:     385024 kB
VmallocUsed:      161064 kB
VmallocChunk:      68676 kB
Time pass: 13 sec

---2015-11-19 19:35:53
MemTotal:        2902232 kB
MemFree:          679884 kB
Buffers:           15716 kB
Cached:          1000584 kB
SwapCached:            0 kB
Active:           864980 kB
Inactive:         832372 kB
Active(anon):     680152 kB
Inactive(anon):     4212 kB
Active(file):     184828 kB
Inactive(file):   828160 kB
Unevictable:           0 kB
Mlocked:               0 kB
HighTotal:       2311552 kB
HighFree:         242860 kB
LowTotal:         590680 kB
LowFree:          437024 kB
SwapTotal:       1048572 kB
SwapFree:        1048572 kB
Dirty:                 0 kB
Writeback:             0 kB
AnonPages:        680756 kB
Mapped:           268276 kB
Shmem:              3332 kB
Slab:              51032 kB
SReclaimable:      15244 kB
SUnreclaim:        35788 kB
KernelStack:       12864 kB
PageTables:        27400 kB
NFS_Unstable:          0 kB
Bounce:                0 kB
WritebackTmp:          0 kB
CommitLimit:     2499688 kB
Committed_AS:   63760496 kB
VmallocTotal:     385024 kB
VmallocUsed:      161064 kB
VmallocChunk:      68676 kB
Time pass: 17 sec

---2015-11-19 19:35:53
MemTotal:        2902232 kB
MemFree:          465592 kB
Buffers:           15936 kB
Cached:          1042192 kB
SwapCached:            0 kB
Active:           896748 kB
Inactive:         873128 kB
Active(anon):     710948 kB
Inactive(anon):     4340 kB
Active(file):     185800 kB
Inactive(file):   868788 kB
Unevictable:           0 kB
Mlocked:               0 kB
HighTotal:       2311552 kB
HighFree:          44140 kB
LowTotal:         590680 kB
LowFree:          421452 kB
SwapTotal:       1048572 kB
SwapFree:        1048572 kB
Dirty:              1288 kB
Writeback:             0 kB
AnonPages:        711668 kB
Mapped:           292716 kB
Shmem:              3460 kB
Slab:              51384 kB
SReclaimable:      15456 kB
SUnreclaim:        35928 kB
KernelStack:       13464 kB
PageTables:        28120 kB
NFS_Unstable:          0 kB
Bounce:                0 kB
WritebackTmp:          0 kB
CommitLimit:     2499688 kB
Committed_AS:   63620960 kB
VmallocTotal:     385024 kB
VmallocUsed:      162724 kB
VmallocChunk:      68676 kB
Time pass: 20 sec

---2015-11-19 19:35:53
MemTotal:        2902232 kB
MemFree:          410280 kB
Buffers:           15940 kB
Cached:          1042664 kB
SwapCached:            0 kB
Active:           894188 kB
Inactive:         873648 kB
Active(anon):     708332 kB
Inactive(anon):     4340 kB
Active(file):     185856 kB
Inactive(file):   869308 kB
Unevictable:           0 kB
Mlocked:               0 kB
HighTotal:       2311552 kB
HighFree:          41040 kB
LowTotal:         590680 kB
LowFree:          369240 kB
SwapTotal:       1048572 kB
SwapFree:        1048572 kB
Dirty:               136 kB
Writeback:             0 kB
AnonPages:        709056 kB
Mapped:           293156 kB
Shmem:              3460 kB
Slab:              51468 kB
SReclaimable:      15524 kB
SUnreclaim:        35944 kB
KernelStack:       13520 kB
PageTables:        28112 kB
NFS_Unstable:          0 kB
Bounce:                0 kB
WritebackTmp:          0 kB
CommitLimit:     2499688 kB
Committed_AS:   63620872 kB
VmallocTotal:     385024 kB
VmallocUsed:      162920 kB
VmallocChunk:      68676 kB
Time pass: 24 sec

---2015-11-19 19:35:53
MemTotal:        2902232 kB
MemFree:          410268 kB
Buffers:           15948 kB
Cached:          1042664 kB
SwapCached:            0 kB
Active:           893376 kB
Inactive:         873648 kB
Active(anon):     707520 kB
Inactive(anon):     4340 kB
Active(file):     185856 kB
Inactive(file):   869308 kB
Unevictable:           0 kB
Mlocked:               0 kB
HighTotal:       2311552 kB
HighFree:          41136 kB
LowTotal:         590680 kB
LowFree:          369132 kB
SwapTotal:       1048572 kB
SwapFree:        1048572 kB
Dirty:               280 kB
Writeback:             0 kB
AnonPages:        708088 kB
Mapped:           293204 kB
Shmem:              3460 kB
Slab:              51468 kB
SReclaimable:      15524 kB
SUnreclaim:        35944 kB
KernelStack:       13520 kB
PageTables:        28128 kB
NFS_Unstable:          0 kB
Bounce:                0 kB
WritebackTmp:          0 kB
CommitLimit:     2499688 kB
Committed_AS:   63620552 kB
VmallocTotal:     385024 kB
VmallocUsed:      162920 kB
VmallocChunk:      68676 kB
Time pass: 27 sec

---2015-11-19 19:35:53
MemTotal:        2902232 kB
MemFree:          369432 kB
Buffers:           15968 kB
Cached:          1045440 kB
SwapCached:            0 kB
Active:           907628 kB
Inactive:         876240 kB
Active(anon):     721628 kB
Inactive(anon):     4340 kB
Active(file):     186000 kB
Inactive(file):   871900 kB
Unevictable:           0 kB
Mlocked:               0 kB
HighTotal:       2311552 kB
HighFree:          38116 kB
LowTotal:         590680 kB
LowFree:          331316 kB
SwapTotal:       1048572 kB
SwapFree:        1048572 kB
Dirty:               216 kB
Writeback:             0 kB
AnonPages:        722784 kB
Mapped:           294236 kB
Shmem:              3460 kB
Slab:              51424 kB
SReclaimable:      15540 kB
SUnreclaim:        35884 kB
KernelStack:       13584 kB
PageTables:        28216 kB
NFS_Unstable:          0 kB
Bounce:                0 kB
WritebackTmp:          0 kB
CommitLimit:     2499688 kB
Committed_AS:   63626448 kB
VmallocTotal:     385024 kB
VmallocUsed:      163532 kB
VmallocChunk:      68676 kB
Time pass: 31 sec

---2015-11-19 19:35:53
MemTotal:        2902232 kB
MemFree:          368108 kB
Buffers:           15968 kB
Cached:          1045424 kB
SwapCached:            0 kB
Active:           907984 kB
Inactive:         876224 kB
Active(anon):     721980 kB
Inactive(anon):     4340 kB
Active(file):     186004 kB
Inactive(file):   871884 kB
Unevictable:           0 kB
Mlocked:               0 kB
HighTotal:       2311552 kB
HighFree:          38116 kB
LowTotal:         590680 kB
LowFree:          329992 kB
SwapTotal:       1048572 kB
SwapFree:        1048572 kB
Dirty:                44 kB
Writeback:             0 kB
AnonPages:        723040 kB
Mapped:           294432 kB
Shmem:              3460 kB
Slab:              51420 kB
SReclaimable:      15540 kB
SUnreclaim:        35880 kB
KernelStack:       13544 kB
PageTables:        28200 kB
NFS_Unstable:          0 kB
Bounce:                0 kB
WritebackTmp:          0 kB
CommitLimit:     2499688 kB
Committed_AS:   63629388 kB
VmallocTotal:     385024 kB
VmallocUsed:      163668 kB
VmallocChunk:      68676 kB
Time pass: 34 sec

---2015-11-19 19:35:53
MemTotal:        2902232 kB
MemFree:          364868 kB
Buffers:           15976 kB
Cached:          1046428 kB
SwapCached:            0 kB
Active:           909284 kB
Inactive:         877164 kB
Active(anon):     723220 kB
Inactive(anon):     4340 kB
Active(file):     186064 kB
Inactive(file):   872824 kB
Unevictable:           0 kB
Mlocked:               0 kB
HighTotal:       2311552 kB
HighFree:          38116 kB
LowTotal:         590680 kB
LowFree:          326752 kB
SwapTotal:       1048572 kB
SwapFree:        1048572 kB
Dirty:                 0 kB
Writeback:             0 kB
AnonPages:        724692 kB
Mapped:           297964 kB
Shmem:              3464 kB
Slab:              51476 kB
SReclaimable:      15540 kB
SUnreclaim:        35936 kB
KernelStack:       13664 kB
PageTables:        28268 kB
NFS_Unstable:          0 kB
Bounce:                0 kB
WritebackTmp:          0 kB
CommitLimit:     2499688 kB
Committed_AS:   63632636 kB
VmallocTotal:     385024 kB
VmallocUsed:      163556 kB
VmallocChunk:      68676 kB
Time pass: 37 sec

---2015-11-19 19:35:53
MemTotal:        2902232 kB
MemFree:          315744 kB
Buffers:           16000 kB
Cached:          1050384 kB
SwapCached:            0 kB
Active:           924316 kB
Inactive:         880864 kB
Active(anon):     737880 kB
Inactive(anon):     4344 kB
Active(file):     186436 kB
Inactive(file):   876520 kB
Unevictable:           0 kB
Mlocked:               0 kB
HighTotal:       2311552 kB
HighFree:          38240 kB
LowTotal:         590680 kB
LowFree:          277504 kB
SwapTotal:       1048572 kB
SwapFree:        1048572 kB
Dirty:              2332 kB
Writeback:             0 kB
AnonPages:        738772 kB
Mapped:           298688 kB
Shmem:              3464 kB
Slab:              51812 kB
SReclaimable:      15588 kB
SUnreclaim:        36224 kB
KernelStack:       13704 kB
PageTables:        28364 kB
NFS_Unstable:          0 kB
Bounce:                0 kB
WritebackTmp:          0 kB
CommitLimit:     2499688 kB
Committed_AS:   63649792 kB
VmallocTotal:     385024 kB
VmallocUsed:      163712 kB
VmallocChunk:      68676 kB
Time pass: 41 sec

---2015-11-19 19:35:53
MemTotal:        2902232 kB
MemFree:          305732 kB
Buffers:           16000 kB
Cached:          1050944 kB
SwapCached:            0 kB
Active:           922112 kB
Inactive:         881332 kB
Active(anon):     735648 kB
Inactive(anon):     4344 kB
Active(file):     186464 kB
Inactive(file):   876988 kB
Unevictable:           0 kB
Mlocked:               0 kB
HighTotal:       2311552 kB
HighFree:          38240 kB
LowTotal:         590680 kB
LowFree:          267492 kB
SwapTotal:       1048572 kB
SwapFree:        1048572 kB
Dirty:                12 kB
Writeback:             0 kB
AnonPages:        736472 kB
Mapped:           298964 kB
Shmem:              3464 kB
Slab:              51780 kB
SReclaimable:      15616 kB
SUnreclaim:        36164 kB
KernelStack:       13704 kB
PageTables:        28316 kB
NFS_Unstable:          0 kB
Bounce:                0 kB
WritebackTmp:          0 kB
CommitLimit:     2499688 kB
Committed_AS:   63647048 kB
VmallocTotal:     385024 kB
VmallocUsed:      163728 kB
VmallocChunk:      68676 kB
Time pass: 44 sec

---2015-11-19 19:35:53
MemTotal:        2902232 kB
MemFree:          305552 kB
Buffers:           16008 kB
Cached:          1050944 kB
SwapCached:            0 kB
Active:           922016 kB
Inactive:         881332 kB
Active(anon):     735552 kB
Inactive(anon):     4344 kB
Active(file):     186464 kB
Inactive(file):   876988 kB
Unevictable:           0 kB
Mlocked:               0 kB
HighTotal:       2311552 kB
HighFree:          37992 kB
LowTotal:         590680 kB
LowFree:          267560 kB
SwapTotal:       1048572 kB
SwapFree:        1048572 kB
Dirty:                88 kB
Writeback:             0 kB
AnonPages:        736604 kB
Mapped:           298964 kB
Shmem:              3464 kB
Slab:              51684 kB
SReclaimable:      15620 kB
SUnreclaim:        36064 kB
KernelStack:       13704 kB
PageTables:        28328 kB
NFS_Unstable:          0 kB
Bounce:                0 kB
WritebackTmp:          0 kB
CommitLimit:     2499688 kB
Committed_AS:   63646912 kB
VmallocTotal:     385024 kB
VmallocUsed:      163728 kB
VmallocChunk:      68676 kB
Time pass: 48 sec

---2015-11-19 19:35:53
MemTotal:        2902232 kB
MemFree:          282828 kB
Buffers:           16016 kB
Cached:          1051632 kB
SwapCached:            0 kB
Active:           924724 kB
Inactive:         881988 kB
Active(anon):     738232 kB
Inactive(anon):     4344 kB
Active(file):     186492 kB
Inactive(file):   877644 kB
Unevictable:           0 kB
Mlocked:               0 kB
HighTotal:       2311552 kB
HighFree:          37992 kB
LowTotal:         590680 kB
LowFree:          244836 kB
SwapTotal:       1048572 kB
SwapFree:        1048572 kB
Dirty:               400 kB
Writeback:             0 kB
AnonPages:        739204 kB
Mapped:           299348 kB
Shmem:              3464 kB
Slab:              51720 kB
SReclaimable:      15640 kB
SUnreclaim:        36080 kB
KernelStack:       13704 kB
PageTables:        28312 kB
NFS_Unstable:          0 kB
Bounce:                0 kB
WritebackTmp:          0 kB
CommitLimit:     2499688 kB
Committed_AS:   63649652 kB
VmallocTotal:     385024 kB
VmallocUsed:      163744 kB
VmallocChunk:      68676 kB
Time pass: 51 sec

---2015-11-19 19:35:53
MemTotal:        2902232 kB
MemFree:          244288 kB
Buffers:           16032 kB
Cached:          1052660 kB
SwapCached:            0 kB
Active:           930784 kB
Inactive:         882508 kB
Active(anon):     743700 kB
Inactive(anon):     4344 kB
Active(file):     187084 kB
Inactive(file):   878164 kB
Unevictable:           0 kB
Mlocked:               0 kB
HighTotal:       2311552 kB
HighFree:          37992 kB
LowTotal:         590680 kB
LowFree:          206296 kB
SwapTotal:       1048572 kB
SwapFree:        1048572 kB
Dirty:               616 kB
Writeback:             0 kB
AnonPages:        744704 kB
Mapped:           299352 kB
Shmem:              3464 kB
Slab:              51880 kB
SReclaimable:      15704 kB
SUnreclaim:        36176 kB
KernelStack:       13704 kB
PageTables:        28336 kB
NFS_Unstable:          0 kB
Bounce:                0 kB
WritebackTmp:          0 kB
CommitLimit:     2499688 kB
Committed_AS:   63654388 kB
VmallocTotal:     385024 kB
VmallocUsed:      164528 kB
VmallocChunk:      68676 kB
Time pass: 55 sec

---2015-11-19 19:35:53
MemTotal:        2902232 kB
MemFree:          231332 kB
Buffers:           16048 kB
Cached:          1057052 kB
SwapCached:            0 kB
Active:           939044 kB
Inactive:         886804 kB
Active(anon):     751944 kB
Inactive(anon):     4344 kB
Active(file):     187100 kB
Inactive(file):   882460 kB
Unevictable:           0 kB
Mlocked:               0 kB
HighTotal:       2311552 kB
HighFree:          38116 kB
LowTotal:         590680 kB
LowFree:          193216 kB
SwapTotal:       1048572 kB
SwapFree:        1048572 kB
Dirty:               300 kB
Writeback:             0 kB
AnonPages:        752724 kB
Mapped:           302532 kB
Shmem:              3464 kB
Slab:              51960 kB
SReclaimable:      15712 kB
SUnreclaim:        36248 kB
KernelStack:       13736 kB
PageTables:        28312 kB
NFS_Unstable:          0 kB
Bounce:                0 kB
WritebackTmp:          0 kB
CommitLimit:     2499688 kB
Committed_AS:   63668948 kB
VmallocTotal:     385024 kB
VmallocUsed:      164516 kB
VmallocChunk:      68676 kB
Time pass: 58 sec

---2015-11-19 19:35:53
MemTotal:        2902232 kB
MemFree:          212572 kB
Buffers:           16080 kB
Cached:          1057276 kB
SwapCached:            0 kB
Active:           947644 kB
Inactive:         886468 kB
Active(anon):     759936 kB
Inactive(anon):     4344 kB
Active(file):     187708 kB
Inactive(file):   882124 kB
Unevictable:           0 kB
Mlocked:               0 kB
HighTotal:       2311552 kB
HighFree:          38116 kB
LowTotal:         590680 kB
LowFree:          174456 kB
SwapTotal:       1048572 kB
SwapFree:        1048572 kB
Dirty:               356 kB
Writeback:             0 kB
AnonPages:        760812 kB
Mapped:           303452 kB
Shmem:              3464 kB
Slab:              51952 kB
SReclaimable:      15736 kB
SUnreclaim:        36216 kB
KernelStack:       13760 kB
PageTables:        28328 kB
NFS_Unstable:          0 kB
Bounce:                0 kB
WritebackTmp:          0 kB
CommitLimit:     2499688 kB
Committed_AS:   63685928 kB
VmallocTotal:     385024 kB
VmallocUsed:      167756 kB
VmallocChunk:      63552 kB
Time pass: 62 sec

---2015-11-19 19:35:53
MemTotal:        2902232 kB
MemFree:          209356 kB
Buffers:           16096 kB
Cached:          1057520 kB
SwapCached:            0 kB
Active:           951776 kB
Inactive:         886588 kB
Active(anon):     763868 kB
Inactive(anon):     4496 kB
Active(file):     187908 kB
Inactive(file):   882092 kB
Unevictable:           0 kB
Mlocked:               0 kB
HighTotal:       2311552 kB
HighFree:          38116 kB
LowTotal:         590680 kB
LowFree:          171240 kB
SwapTotal:       1048572 kB
SwapFree:        1048572 kB
Dirty:                 0 kB
Writeback:             0 kB
AnonPages:        764628 kB
Mapped:           303956 kB
Shmem:              3636 kB
Slab:              51988 kB
SReclaimable:      15768 kB
SUnreclaim:        36220 kB
KernelStack:       13904 kB
PageTables:        28476 kB
NFS_Unstable:          0 kB
Bounce:                0 kB
WritebackTmp:          0 kB
CommitLimit:     2499688 kB
Committed_AS:   63690696 kB
VmallocTotal:     385024 kB
VmallocUsed:      167756 kB
VmallocChunk:      63552 kB
Time pass: 67 sec

---2015-11-19 19:35:53
MemTotal:        2902232 kB
MemFree:          199200 kB
Buffers:           16128 kB
Cached:          1057696 kB
SwapCached:            0 kB
Active:           953392 kB
Inactive:         886756 kB
Active(anon):     765484 kB
Inactive(anon):     4640 kB
Active(file):     187908 kB
Inactive(file):   882116 kB
Unevictable:           0 kB
Mlocked:               0 kB
HighTotal:       2311552 kB
HighFree:          38116 kB
LowTotal:         590680 kB
LowFree:          161084 kB
SwapTotal:       1048572 kB
SwapFree:        1048572 kB
Dirty:                56 kB
Writeback:             0 kB
AnonPages:        766120 kB
Mapped:           304132 kB
Shmem:              3812 kB
Slab:              52012 kB
SReclaimable:      15768 kB
SUnreclaim:        36244 kB
KernelStack:       13912 kB
PageTables:        28616 kB
NFS_Unstable:          0 kB
Bounce:                0 kB
WritebackTmp:          0 kB
CommitLimit:     2499688 kB
Committed_AS:   63690888 kB
VmallocTotal:     385024 kB
VmallocUsed:      167756 kB
VmallocChunk:      63552 kB
Time pass: 70 sec

---2015-11-19 19:35:53
MemTotal:        2902232 kB
MemFree:          198964 kB
Buffers:           16136 kB
Cached:          1057688 kB
SwapCached:            0 kB
Active:           953356 kB
Inactive:         886812 kB
Active(anon):     765448 kB
Inactive(anon):     4688 kB
Active(file):     187908 kB
Inactive(file):   882124 kB
Unevictable:           0 kB
Mlocked:               0 kB
HighTotal:       2311552 kB
HighFree:          38116 kB
LowTotal:         590680 kB
LowFree:          160848 kB
SwapTotal:       1048572 kB
SwapFree:        1048572 kB
Dirty:                 0 kB
Writeback:             0 kB
AnonPages:        766212 kB
Mapped:           304132 kB
Shmem:              3812 kB
Slab:              52016 kB
SReclaimable:      15768 kB
SUnreclaim:        36248 kB
KernelStack:       13912 kB
PageTables:        28616 kB
NFS_Unstable:          0 kB
Bounce:                0 kB
WritebackTmp:          0 kB
CommitLimit:     2499688 kB
Committed_AS:   63690916 kB
VmallocTotal:     385024 kB
VmallocUsed:      167756 kB
VmallocChunk:      63552 kB
Time pass: 74 sec

---2015-11-19 19:35:53
MemTotal:        2902232 kB
MemFree:          197292 kB
Buffers:           16152 kB
Cached:          1057744 kB
SwapCached:            0 kB
Active:           954772 kB
Inactive:         886876 kB
Active(anon):     766864 kB
Inactive(anon):     4736 kB
Active(file):     187908 kB
Inactive(file):   882140 kB
Unevictable:           0 kB
Mlocked:               0 kB
HighTotal:       2311552 kB
HighFree:          38116 kB
LowTotal:         590680 kB
LowFree:          159176 kB
SwapTotal:       1048572 kB
SwapFree:        1048572 kB
Dirty:                40 kB
Writeback:             0 kB
AnonPages:        767700 kB
Mapped:           304224 kB
Shmem:              3860 kB
Slab:              52024 kB
SReclaimable:      15772 kB
SUnreclaim:        36252 kB
KernelStack:       13912 kB
PageTables:        28636 kB
NFS_Unstable:          0 kB
Bounce:                0 kB
WritebackTmp:          0 kB
CommitLimit:     2499688 kB
Committed_AS:   63692068 kB
VmallocTotal:     385024 kB
VmallocUsed:      167756 kB
VmallocChunk:      63552 kB
Time pass: 77 sec

---2015-11-19 19:35:53
MemTotal:        2902232 kB
MemFree:          195964 kB
Buffers:           16152 kB
Cached:          1057744 kB
SwapCached:            0 kB
Active:           955828 kB
Inactive:         886880 kB
Active(anon):     767916 kB
Inactive(anon):     4736 kB
Active(file):     187912 kB
Inactive(file):   882144 kB
Unevictable:           0 kB
Mlocked:               0 kB
HighTotal:       2311552 kB
HighFree:          38116 kB
LowTotal:         590680 kB
LowFree:          157848 kB
SwapTotal:       1048572 kB
SwapFree:        1048572 kB
Dirty:                 4 kB
Writeback:             0 kB
AnonPages:        768700 kB
Mapped:           304308 kB
Shmem:              3860 kB
Slab:              52040 kB
SReclaimable:      15776 kB
SUnreclaim:        36264 kB
KernelStack:       13888 kB
PageTables:        28656 kB
NFS_Unstable:          0 kB
Bounce:                0 kB
WritebackTmp:          0 kB
CommitLimit:     2499688 kB
Committed_AS:   63693948 kB
VmallocTotal:     385024 kB
VmallocUsed:      167756 kB
VmallocChunk:      63552 kB
Time pass: 81 sec

---2015-11-19 19:35:53
MemTotal:        2902232 kB
MemFree:          196596 kB
Buffers:           16176 kB
Cached:          1057728 kB
SwapCached:            0 kB
Active:           955672 kB
Inactive:         886880 kB
Active(anon):     767760 kB
Inactive(anon):     4736 kB
Active(file):     187912 kB
Inactive(file):   882144 kB
Unevictable:           0 kB
Mlocked:               0 kB
HighTotal:       2311552 kB
HighFree:          38116 kB
LowTotal:         590680 kB
LowFree:          158480 kB
SwapTotal:       1048572 kB
SwapFree:        1048572 kB
Dirty:                36 kB
Writeback:             0 kB
AnonPages:        768688 kB
Mapped:           304264 kB
Shmem:              3860 kB
Slab:              52172 kB
SReclaimable:      15776 kB
SUnreclaim:        36396 kB
KernelStack:       13888 kB
PageTables:        28640 kB
NFS_Unstable:          0 kB
Bounce:                0 kB
WritebackTmp:          0 kB
CommitLimit:     2499688 kB
Committed_AS:   63694436 kB
VmallocTotal:     385024 kB
VmallocUsed:      167756 kB
VmallocChunk:      63552 kB
Time pass: 84 sec

---2015-11-19 19:35:53
MemTotal:        2902232 kB
MemFree:          195824 kB
Buffers:           16176 kB
Cached:          1057748 kB
SwapCached:            0 kB
Active:           955692 kB
Inactive:         886904 kB
Active(anon):     767780 kB
Inactive(anon):     4736 kB
Active(file):     187912 kB
Inactive(file):   882168 kB
Unevictable:           0 kB
Mlocked:               0 kB
HighTotal:       2311552 kB
HighFree:          38116 kB
LowTotal:         590680 kB
LowFree:          157708 kB
SwapTotal:       1048572 kB
SwapFree:        1048572 kB
Dirty:                 0 kB
Writeback:             0 kB
AnonPages:        768728 kB
Mapped:           304268 kB
Shmem:              3864 kB
Slab:              52188 kB
SReclaimable:      15776 kB
SUnreclaim:        36412 kB
KernelStack:       13888 kB
PageTables:        28640 kB
NFS_Unstable:          0 kB
Bounce:                0 kB
WritebackTmp:          0 kB
CommitLimit:     2499688 kB
Committed_AS:   63693860 kB
VmallocTotal:     385024 kB
VmallocUsed:      167756 kB
VmallocChunk:      63552 kB
Time pass: 88 sec

---2015-11-19 19:35:53
MemTotal:        2902232 kB
MemFree:          195452 kB
Buffers:           16184 kB
Cached:          1057784 kB
SwapCached:            0 kB
Active:           955880 kB
Inactive:         886944 kB
Active(anon):     767968 kB
Inactive(anon):     4776 kB
Active(file):     187912 kB
Inactive(file):   882168 kB
Unevictable:           0 kB
Mlocked:               0 kB
HighTotal:       2311552 kB
HighFree:          38116 kB
LowTotal:         590680 kB
LowFree:          157336 kB
SwapTotal:       1048572 kB
SwapFree:        1048572 kB
Dirty:                28 kB
Writeback:             0 kB
AnonPages:        768828 kB
Mapped:           304352 kB
Shmem:              3900 kB
Slab:              52180 kB
SReclaimable:      15776 kB
SUnreclaim:        36404 kB
KernelStack:       13872 kB
PageTables:        28652 kB
NFS_Unstable:          0 kB
Bounce:                0 kB
WritebackTmp:          0 kB
CommitLimit:     2499688 kB
Committed_AS:   63693832 kB
VmallocTotal:     385024 kB
VmallocUsed:      167756 kB
VmallocChunk:      63552 kB
Time pass: 91 sec

---2015-11-19 19:35:53
MemTotal:        2902232 kB
MemFree:          195288 kB
Buffers:           16200 kB
Cached:          1057848 kB
SwapCached:            0 kB
Active:           955952 kB
Inactive:         887024 kB
Active(anon):     768040 kB
Inactive(anon):     4832 kB
Active(file):     187912 kB
Inactive(file):   882192 kB
Unevictable:           0 kB
Mlocked:               0 kB
HighTotal:       2311552 kB
HighFree:          38116 kB
LowTotal:         590680 kB
LowFree:          157172 kB
SwapTotal:       1048572 kB
SwapFree:        1048572 kB
Dirty:                40 kB
Writeback:             0 kB
AnonPages:        768940 kB
Mapped:           304372 kB
Shmem:              3964 kB
Slab:              52044 kB
SReclaimable:      15776 kB
SUnreclaim:        36268 kB
KernelStack:       13864 kB
PageTables:        28636 kB
NFS_Unstable:          0 kB
Bounce:                0 kB
WritebackTmp:          0 kB
CommitLimit:     2499688 kB
Committed_AS:   63693764 kB
VmallocTotal:     385024 kB
VmallocUsed:      167756 kB
VmallocChunk:      63552 kB
Time pass: 95 sec

---2015-11-19 19:35:53
MemTotal:        2902232 kB
MemFree:          195468 kB
Buffers:           16208 kB
Cached:          1057848 kB
SwapCached:            0 kB
Active:           954880 kB
Inactive:         887032 kB
Active(anon):     766968 kB
Inactive(anon):     4840 kB
Active(file):     187912 kB
Inactive(file):   882192 kB
Unevictable:           0 kB
Mlocked:               0 kB
HighTotal:       2311552 kB
HighFree:          38116 kB
LowTotal:         590680 kB
LowFree:          157352 kB
SwapTotal:       1048572 kB
SwapFree:        1048572 kB
Dirty:                28 kB
Writeback:             0 kB
AnonPages:        767800 kB
Mapped:           304372 kB
Shmem:              3964 kB
Slab:              52040 kB
SReclaimable:      15776 kB
SUnreclaim:        36264 kB
KernelStack:       13864 kB
PageTables:        28628 kB
NFS_Unstable:          0 kB
Bounce:                0 kB
WritebackTmp:          0 kB
CommitLimit:     2499688 kB
Committed_AS:   63692568 kB
VmallocTotal:     385024 kB
VmallocUsed:      167756 kB
VmallocChunk:      63552 kB
Time pass: 99 sec

---2015-11-19 19:35:53
MemTotal:        2902232 kB
MemFree:          195172 kB
Buffers:           16208 kB
Cached:          1057932 kB
SwapCached:            0 kB
Active:           954840 kB
Inactive:         887108 kB
Active(anon):     766928 kB
Inactive(anon):     4908 kB
Active(file):     187912 kB
Inactive(file):   882200 kB
Unevictable:           0 kB
Mlocked:               0 kB
HighTotal:       2311552 kB
HighFree:          38116 kB
LowTotal:         590680 kB
LowFree:          157056 kB
SwapTotal:       1048572 kB
SwapFree:        1048572 kB
Dirty:                28 kB
Writeback:             0 kB
AnonPages:        767900 kB
Mapped:           304500 kB
Shmem:              4048 kB
Slab:              52084 kB
SReclaimable:      15776 kB
SUnreclaim:        36308 kB
KernelStack:       13856 kB
PageTables:        28648 kB
NFS_Unstable:          0 kB
Bounce:                0 kB
WritebackTmp:          0 kB
CommitLimit:     2499688 kB
Committed_AS:   63692484 kB
VmallocTotal:     385024 kB
VmallocUsed:      167756 kB
VmallocChunk:      63552 kB
Time pass: 103 sec

---2015-11-19 19:35:53
MemTotal:        2902232 kB
MemFree:          195220 kB
Buffers:           16208 kB
Cached:          1058024 kB
SwapCached:            0 kB
Active:           954944 kB
Inactive:         887180 kB
Active(anon):     767032 kB
Inactive(anon):     4980 kB
Active(file):     187912 kB
Inactive(file):   882200 kB
Unevictable:           0 kB
Mlocked:               0 kB
HighTotal:       2311552 kB
HighFree:          38116 kB
LowTotal:         590680 kB
LowFree:          157104 kB
SwapTotal:       1048572 kB
SwapFree:        1048572 kB
Dirty:                 0 kB
Writeback:             0 kB
AnonPages:        768064 kB
Mapped:           304636 kB
Shmem:              4140 kB
Slab:              52084 kB
SReclaimable:      15780 kB
SUnreclaim:        36304 kB
KernelStack:       13856 kB
PageTables:        28664 kB
NFS_Unstable:          0 kB
Bounce:                0 kB
WritebackTmp:          0 kB
CommitLimit:     2499688 kB
Committed_AS:   63692428 kB
VmallocTotal:     385024 kB
VmallocUsed:      167756 kB
VmallocChunk:      63552 kB
Time pass: 106 sec

---2015-11-19 19:35:53
MemTotal:        2902232 kB
MemFree:          201492 kB
Buffers:           16216 kB
Cached:          1057624 kB
SwapCached:            0 kB
Active:           948660 kB
Inactive:         886820 kB
Active(anon):     760748 kB
Inactive(anon):     4488 kB
Active(file):     187912 kB
Inactive(file):   882332 kB
Unevictable:           0 kB
Mlocked:               0 kB
HighTotal:       2311552 kB
HighFree:          40064 kB
LowTotal:         590680 kB
LowFree:          161428 kB
SwapTotal:       1048572 kB
SwapFree:        1048572 kB
Dirty:                 4 kB
Writeback:             0 kB
AnonPages:        761380 kB
Mapped:           303756 kB
Shmem:              3552 kB
Slab:              52212 kB
SReclaimable:      15780 kB
SUnreclaim:        36432 kB
KernelStack:       13864 kB
PageTables:        28604 kB
NFS_Unstable:          0 kB
Bounce:                0 kB
WritebackTmp:          0 kB
CommitLimit:     2499688 kB
Committed_AS:   63669212 kB
VmallocTotal:     385024 kB
VmallocUsed:      165592 kB
VmallocChunk:      68676 kB
Time pass: 110 sec

---2015-11-19 19:35:53
MemTotal:        2902232 kB
MemFree:          492868 kB
Buffers:           16304 kB
Cached:          1058108 kB
SwapCached:            0 kB
Active:           895988 kB
Inactive:         881288 kB
Active(anon):     702164 kB
Inactive(anon):     4468 kB
Active(file):     193824 kB
Inactive(file):   876820 kB
Unevictable:           0 kB
Mlocked:               0 kB
HighTotal:       2311552 kB
HighFree:         135888 kB
LowTotal:         590680 kB
LowFree:          356980 kB
SwapTotal:       1048572 kB
SwapFree:        1048572 kB
Dirty:               672 kB
Writeback:             0 kB
AnonPages:        703116 kB
Mapped:           283832 kB
Shmem:              3592 kB
Slab:              52208 kB
SReclaimable:      15792 kB
SUnreclaim:        36416 kB
KernelStack:       13104 kB
PageTables:        27572 kB
NFS_Unstable:          0 kB
Bounce:                0 kB
WritebackTmp:          0 kB
CommitLimit:     2499688 kB
Committed_AS:   62810816 kB
VmallocTotal:     385024 kB
VmallocUsed:      162788 kB
VmallocChunk:      68676 kB
Time pass: 113 sec

---2015-11-19 19:35:53
MemTotal:        2902232 kB
MemFree:          314748 kB
Buffers:           16352 kB
Cached:          1059004 kB
SwapCached:            0 kB
Active:           927208 kB
Inactive:         881556 kB
Active(anon):     732520 kB
Inactive(anon):     4596 kB
Active(file):     194688 kB
Inactive(file):   876960 kB
Unevictable:           0 kB
Mlocked:               0 kB
HighTotal:       2311552 kB
HighFree:          38080 kB
LowTotal:         590680 kB
LowFree:          276668 kB
SwapTotal:       1048572 kB
SwapFree:        1048572 kB
Dirty:              1856 kB
Writeback:             0 kB
AnonPages:        733156 kB
Mapped:           294856 kB
Shmem:              3720 kB
Slab:              52220 kB
SReclaimable:      15852 kB
SUnreclaim:        36368 kB
KernelStack:       13632 kB
PageTables:        28092 kB
NFS_Unstable:          0 kB
Bounce:                0 kB
WritebackTmp:          0 kB
CommitLimit:     2499688 kB
Committed_AS:   62842800 kB
VmallocTotal:     385024 kB
VmallocUsed:      163584 kB
VmallocChunk:      68676 kB
Time pass: 116 sec

---2015-11-19 19:35:53
MemTotal:        2902232 kB
MemFree:          254824 kB
Buffers:           16352 kB
Cached:          1061092 kB
SwapCached:            0 kB
Active:           932828 kB
Inactive:         880172 kB
Active(anon):     734660 kB
Inactive(anon):     4596 kB
Active(file):     198168 kB
Inactive(file):   875576 kB
Unevictable:           0 kB
Mlocked:               0 kB
HighTotal:       2311552 kB
HighFree:          38308 kB
LowTotal:         590680 kB
LowFree:          216516 kB
SwapTotal:       1048572 kB
SwapFree:        1048572 kB
Dirty:              2064 kB
Writeback:             0 kB
AnonPages:        735548 kB
Mapped:           295400 kB
Shmem:              3720 kB
Slab:              52404 kB
SReclaimable:      15924 kB
SUnreclaim:        36480 kB
KernelStack:       13616 kB
PageTables:        28204 kB
NFS_Unstable:          0 kB
Bounce:                0 kB
WritebackTmp:          0 kB
CommitLimit:     2499688 kB
Committed_AS:   62848032 kB
VmallocTotal:     385024 kB
VmallocUsed:      164716 kB
VmallocChunk:      68676 kB
Time pass: 120 sec

---2015-11-19 19:35:53
MemTotal:        2902232 kB
MemFree:          256528 kB
Buffers:           16360 kB
Cached:          1061092 kB
SwapCached:            0 kB
Active:           930548 kB
Inactive:         880168 kB
Active(anon):     732368 kB
Inactive(anon):     4596 kB
Active(file):     198180 kB
Inactive(file):   875572 kB
Unevictable:           0 kB
Mlocked:               0 kB
HighTotal:       2311552 kB
HighFree:          39796 kB
LowTotal:         590680 kB
LowFree:          216732 kB
SwapTotal:       1048572 kB
SwapFree:        1048572 kB
Dirty:              2180 kB
Writeback:             0 kB
AnonPages:        733276 kB
Mapped:           295476 kB
Shmem:              3720 kB
Slab:              52404 kB
SReclaimable:      15924 kB
SUnreclaim:        36480 kB
KernelStack:       13648 kB
PageTables:        27972 kB
NFS_Unstable:          0 kB
Bounce:                0 kB
WritebackTmp:          0 kB
CommitLimit:     2499688 kB
Committed_AS:   62846396 kB
VmallocTotal:     385024 kB
VmallocUsed:      164716 kB
VmallocChunk:      68676 kB
Time pass: 123 sec

---2015-11-19 19:35:53
MemTotal:        2902232 kB
MemFree:          248852 kB
Buffers:           16368 kB
Cached:          1061428 kB
SwapCached:            0 kB
Active:           933436 kB
Inactive:         879960 kB
Active(anon):     734724 kB
Inactive(anon):     4596 kB
Active(file):     198712 kB
Inactive(file):   875364 kB
Unevictable:           0 kB
Mlocked:               0 kB
HighTotal:       2311552 kB
HighFree:          38028 kB
LowTotal:         590680 kB
LowFree:          210824 kB
SwapTotal:       1048572 kB
SwapFree:        1048572 kB
Dirty:               420 kB
Writeback:             0 kB
AnonPages:        735316 kB
Mapped:           295708 kB
Shmem:              3720 kB
Slab:              52404 kB
SReclaimable:      15928 kB
SUnreclaim:        36476 kB
KernelStack:       13648 kB
PageTables:        27980 kB
NFS_Unstable:          0 kB
Bounce:                0 kB
WritebackTmp:          0 kB
CommitLimit:     2499688 kB
Committed_AS:   62848684 kB
VmallocTotal:     385024 kB
VmallocUsed:      164732 kB
VmallocChunk:      68676 kB
Time pass: 127 sec

---2015-11-19 19:35:53
MemTotal:        2902232 kB
MemFree:          249432 kB
Buffers:           16376 kB
Cached:          1061428 kB
SwapCached:            0 kB
Active:           932600 kB
Inactive:         879960 kB
Active(anon):     733868 kB
Inactive(anon):     4596 kB
Active(file):     198732 kB
Inactive(file):   875364 kB
Unevictable:           0 kB
Mlocked:               0 kB
HighTotal:       2311552 kB
HighFree:          39144 kB
LowTotal:         590680 kB
LowFree:          210288 kB
SwapTotal:       1048572 kB
SwapFree:        1048572 kB
Dirty:                64 kB
Writeback:             0 kB
AnonPages:        734364 kB
Mapped:           295752 kB
Shmem:              3720 kB
Slab:              52396 kB
SReclaimable:      15920 kB
SUnreclaim:        36476 kB
KernelStack:       13648 kB
PageTables:        27996 kB
NFS_Unstable:          0 kB
Bounce:                0 kB
WritebackTmp:          0 kB
CommitLimit:     2499688 kB
Committed_AS:   62848652 kB
VmallocTotal:     385024 kB
VmallocUsed:      164732 kB
VmallocChunk:      68676 kB
Time pass: 130 sec

---2015-11-19 19:35:53
MemTotal:        2902232 kB
MemFree:          216844 kB
Buffers:           16384 kB
Cached:          1061444 kB
SwapCached:            0 kB
Active:           938192 kB
Inactive:         879912 kB
Active(anon):     739380 kB
Inactive(anon):     4596 kB
Active(file):     198812 kB
Inactive(file):   875316 kB
Unevictable:           0 kB
Mlocked:               0 kB
HighTotal:       2311552 kB
HighFree:          38008 kB
LowTotal:         590680 kB
LowFree:          178836 kB
SwapTotal:       1048572 kB
SwapFree:        1048572 kB
Dirty:               620 kB
Writeback:             0 kB
AnonPages:        740088 kB
Mapped:           296036 kB
Shmem:              3720 kB
Slab:              52400 kB
SReclaimable:      15920 kB
SUnreclaim:        36480 kB
KernelStack:       13648 kB
PageTables:        27984 kB
NFS_Unstable:          0 kB
Bounce:                0 kB
WritebackTmp:          0 kB
CommitLimit:     2499688 kB
Committed_AS:   62853908 kB
VmallocTotal:     385024 kB
VmallocUsed:      164688 kB
VmallocChunk:      68676 kB
Time pass: 134 sec

---2015-11-19 19:35:53
MemTotal:        2902232 kB
MemFree:          215712 kB
Buffers:           16392 kB
Cached:          1061444 kB
SwapCached:            0 kB
Active:           938280 kB
Inactive:         879912 kB
Active(anon):     739468 kB
Inactive(anon):     4596 kB
Active(file):     198812 kB
Inactive(file):   875316 kB
Unevictable:           0 kB
Mlocked:               0 kB
HighTotal:       2311552 kB
HighFree:          38008 kB
LowTotal:         590680 kB
LowFree:          177704 kB
SwapTotal:       1048572 kB
SwapFree:        1048572 kB
Dirty:                64 kB
Writeback:             0 kB
AnonPages:        740132 kB
Mapped:           296080 kB
Shmem:              3720 kB
Slab:              52404 kB
SReclaimable:      15924 kB
SUnreclaim:        36480 kB
KernelStack:       13648 kB
PageTables:        27984 kB
NFS_Unstable:          0 kB
Bounce:                0 kB
WritebackTmp:          0 kB
CommitLimit:     2499688 kB
Committed_AS:   62853988 kB
VmallocTotal:     385024 kB
VmallocUsed:      164688 kB
VmallocChunk:      68676 kB
Time pass: 137 sec

---2015-11-19 19:35:53
MemTotal:        2902232 kB
MemFree:          215772 kB
Buffers:           16392 kB
Cached:          1061444 kB
SwapCached:            0 kB
Active:           938220 kB
Inactive:         879920 kB
Active(anon):     739408 kB
Inactive(anon):     4596 kB
Active(file):     198812 kB
Inactive(file):   875324 kB
Unevictable:           0 kB
Mlocked:               0 kB
HighTotal:       2311552 kB
HighFree:          38184 kB
LowTotal:         590680 kB
LowFree:          177588 kB
SwapTotal:       1048572 kB
SwapFree:        1048572 kB
Dirty:                 0 kB
Writeback:             0 kB
AnonPages:        740240 kB
Mapped:           296080 kB
Shmem:              3720 kB
Slab:              52420 kB
SReclaimable:      15924 kB
SUnreclaim:        36496 kB
KernelStack:       13648 kB
PageTables:        27984 kB
NFS_Unstable:          0 kB
Bounce:                0 kB
WritebackTmp:          0 kB
CommitLimit:     2499688 kB
Committed_AS:   62853952 kB
VmallocTotal:     385024 kB
VmallocUsed:      164688 kB
VmallocChunk:      68676 kB
Time pass: 141 sec

---2015-11-19 19:35:53
MemTotal:        2902232 kB
MemFree:          205444 kB
Buffers:           16416 kB
Cached:          1061584 kB
SwapCached:            0 kB
Active:           948256 kB
Inactive:         880060 kB
Active(anon):     749440 kB
Inactive(anon):     4712 kB
Active(file):     198816 kB
Inactive(file):   875348 kB
Unevictable:           0 kB
Mlocked:               0 kB
HighTotal:       2311552 kB
HighFree:          38060 kB
LowTotal:         590680 kB
LowFree:          167384 kB
SwapTotal:       1048572 kB
SwapFree:        1048572 kB
Dirty:                56 kB
Writeback:             0 kB
AnonPages:        750484 kB
Mapped:           299012 kB
Shmem:              3856 kB
Slab:              52412 kB
SReclaimable:      15924 kB
SUnreclaim:        36488 kB
KernelStack:       13888 kB
PageTables:        28132 kB
NFS_Unstable:          0 kB
Bounce:                0 kB
WritebackTmp:          0 kB
CommitLimit:     2499688 kB
Committed_AS:   62881336 kB
VmallocTotal:     385024 kB
VmallocUsed:      166900 kB
VmallocChunk:      68676 kB
Time pass: 144 sec

---2015-11-19 19:35:53
MemTotal:        2902232 kB
MemFree:          192092 kB
Buffers:           16464 kB
Cached:          1061772 kB
SwapCached:            0 kB
Active:           956600 kB
Inactive:         880332 kB
Active(anon):     757804 kB
Inactive(anon):     4916 kB
Active(file):     198796 kB
Inactive(file):   875416 kB
Unevictable:           0 kB
Mlocked:               0 kB
HighTotal:       2311552 kB
HighFree:          38060 kB
LowTotal:         590680 kB
LowFree:          154032 kB
SwapTotal:       1048572 kB
SwapFree:        1048572 kB
Dirty:                76 kB
Writeback:             0 kB
AnonPages:        758620 kB
Mapped:           299636 kB
Shmem:              4044 kB
Slab:              52424 kB
SReclaimable:      15924 kB
SUnreclaim:        36500 kB
KernelStack:       13872 kB
PageTables:        28180 kB
NFS_Unstable:          0 kB
Bounce:                0 kB
WritebackTmp:          0 kB
CommitLimit:     2499688 kB
Committed_AS:   62889636 kB
VmallocTotal:     385024 kB
VmallocUsed:      166900 kB
VmallocChunk:      68676 kB
Time pass: 148 sec

---2015-11-19 19:35:53
MemTotal:        2902232 kB
MemFree:          187576 kB
Buffers:           16480 kB
Cached:          1061884 kB
SwapCached:            0 kB
Active:           960912 kB
Inactive:         880424 kB
Active(anon):     762116 kB
Inactive(anon):     4992 kB
Active(file):     198796 kB
Inactive(file):   875432 kB
Unevictable:           0 kB
Mlocked:               0 kB
HighTotal:       2311552 kB
HighFree:          38060 kB
LowTotal:         590680 kB
LowFree:          149516 kB
SwapTotal:       1048572 kB
SwapFree:        1048572 kB
Dirty:                 0 kB
Writeback:             0 kB
AnonPages:        763168 kB
Mapped:           299748 kB
Shmem:              4156 kB
Slab:              52420 kB
SReclaimable:      15924 kB
SUnreclaim:        36496 kB
KernelStack:       13864 kB
PageTables:        28372 kB
NFS_Unstable:          0 kB
Bounce:                0 kB
WritebackTmp:          0 kB
CommitLimit:     2499688 kB
Committed_AS:   63682992 kB
VmallocTotal:     385024 kB
VmallocUsed:      167920 kB
VmallocChunk:      68676 kB
Time pass: 152 sec

---2015-11-19 19:35:53
MemTotal:        2902232 kB
MemFree:          184420 kB
Buffers:           16528 kB
Cached:          1061952 kB
SwapCached:            0 kB
Active:           962852 kB
Inactive:         880560 kB
Active(anon):     764048 kB
Inactive(anon):     5088 kB
Active(file):     198804 kB
Inactive(file):   875472 kB
Unevictable:           0 kB
Mlocked:               0 kB
HighTotal:       2311552 kB
HighFree:          38060 kB
LowTotal:         590680 kB
LowFree:          146360 kB
SwapTotal:       1048572 kB
SwapFree:        1048572 kB
Dirty:                76 kB
Writeback:             0 kB
AnonPages:        764920 kB
Mapped:           299948 kB
Shmem:              4224 kB
Slab:              52424 kB
SReclaimable:      15924 kB
SUnreclaim:        36500 kB
KernelStack:       13944 kB
PageTables:        28488 kB
NFS_Unstable:          0 kB
Bounce:                0 kB
WritebackTmp:          0 kB
CommitLimit:     2499688 kB
Committed_AS:   63687512 kB
VmallocTotal:     385024 kB
VmallocUsed:      167920 kB
VmallocChunk:      68676 kB
Time pass: 159 sec

---2015-11-19 19:35:53
MemTotal:        2902232 kB
MemFree:          182472 kB
Buffers:           16528 kB
Cached:          1061988 kB
SwapCached:            0 kB
Active:           963548 kB
Inactive:         880592 kB
Active(anon):     764744 kB
Inactive(anon):     5096 kB
Active(file):     198804 kB
Inactive(file):   875496 kB
Unevictable:           0 kB
Mlocked:               0 kB
HighTotal:       2311552 kB
HighFree:          38060 kB
LowTotal:         590680 kB
LowFree:          144412 kB
SwapTotal:       1048572 kB
SwapFree:        1048572 kB
Dirty:                76 kB
Writeback:             0 kB
AnonPages:        765396 kB
Mapped:           299952 kB
Shmem:              4224 kB
Slab:              52476 kB
SReclaimable:      15932 kB
SUnreclaim:        36544 kB
KernelStack:       13944 kB
PageTables:        28504 kB
NFS_Unstable:          0 kB
Bounce:                0 kB
WritebackTmp:          0 kB
CommitLimit:     2499688 kB
Committed_AS:   63687584 kB
VmallocTotal:     385024 kB
VmallocUsed:      167920 kB
VmallocChunk:      68676 kB
Time pass: 163 sec

---2015-11-19 19:35:53
MemTotal:        2902232 kB
MemFree:          181780 kB
Buffers:           16552 kB
Cached:          1061988 kB
SwapCached:            0 kB
Active:           963728 kB
Inactive:         880620 kB
Active(anon):     764924 kB
Inactive(anon):     5096 kB
Active(file):     198804 kB
Inactive(file):   875524 kB
Unevictable:           0 kB
Mlocked:               0 kB
HighTotal:       2311552 kB
HighFree:          38060 kB
LowTotal:         590680 kB
LowFree:          143720 kB
SwapTotal:       1048572 kB
SwapFree:        1048572 kB
Dirty:                48 kB
Writeback:             0 kB
AnonPages:        765632 kB
Mapped:           299956 kB
Shmem:              4224 kB
Slab:              52472 kB
SReclaimable:      15932 kB
SUnreclaim:        36540 kB
KernelStack:       13944 kB
PageTables:        28504 kB
NFS_Unstable:          0 kB
Bounce:                0 kB
WritebackTmp:          0 kB
CommitLimit:     2499688 kB
Committed_AS:   63687672 kB
VmallocTotal:     385024 kB
VmallocUsed:      167920 kB
VmallocChunk:      68676 kB
Time pass: 166 sec

---2015-11-19 19:35:53
MemTotal:        2902232 kB
MemFree:          181836 kB
Buffers:           16552 kB
Cached:          1061988 kB
SwapCached:            0 kB
Active:           963824 kB
Inactive:         880628 kB
Active(anon):     765020 kB
Inactive(anon):     5096 kB
Active(file):     198804 kB
Inactive(file):   875532 kB
Unevictable:           0 kB
Mlocked:               0 kB
HighTotal:       2311552 kB
HighFree:          38060 kB
LowTotal:         590680 kB
LowFree:          143776 kB
SwapTotal:       1048572 kB
SwapFree:        1048572 kB
Dirty:                 0 kB
Writeback:             0 kB
AnonPages:        765920 kB
Mapped:           299956 kB
Shmem:              4224 kB
Slab:              52524 kB
SReclaimable:      15932 kB
SUnreclaim:        36592 kB
KernelStack:       13944 kB
PageTables:        28504 kB
NFS_Unstable:          0 kB
Bounce:                0 kB
WritebackTmp:          0 kB
CommitLimit:     2499688 kB
Committed_AS:   63687712 kB
VmallocTotal:     385024 kB
VmallocUsed:      167920 kB
VmallocChunk:      68676 kB
Time pass: 170 sec

---2015-11-19 19:35:53
MemTotal:        2902232 kB
MemFree:          181180 kB
Buffers:           16560 kB
Cached:          1061988 kB
SwapCached:            0 kB
Active:           964088 kB
Inactive:         880636 kB
Active(anon):     765284 kB
Inactive(anon):     5096 kB
Active(file):     198804 kB
Inactive(file):   875540 kB
Unevictable:           0 kB
Mlocked:               0 kB
HighTotal:       2311552 kB
HighFree:          38060 kB
LowTotal:         590680 kB
LowFree:          143120 kB
SwapTotal:       1048572 kB
SwapFree:        1048572 kB
Dirty:                28 kB
Writeback:             0 kB
AnonPages:        766188 kB
Mapped:           299976 kB
Shmem:              4224 kB
Slab:              52492 kB
SReclaimable:      15932 kB
SUnreclaim:        36560 kB
KernelStack:       13936 kB
PageTables:        28500 kB
NFS_Unstable:          0 kB
Bounce:                0 kB
WritebackTmp:          0 kB
CommitLimit:     2499688 kB
Committed_AS:   63689012 kB
VmallocTotal:     385024 kB
VmallocUsed:      167920 kB
VmallocChunk:      68676 kB
Time pass: 173 sec

---2015-11-19 19:35:53
MemTotal:        2902232 kB
MemFree:          181676 kB
Buffers:           16576 kB
Cached:          1062076 kB
SwapCached:            0 kB
Active:           964028 kB
Inactive:         880576 kB
Active(anon):     765080 kB
Inactive(anon):     5152 kB
Active(file):     198948 kB
Inactive(file):   875424 kB
Unevictable:           0 kB
Mlocked:               0 kB
HighTotal:       2311552 kB
HighFree:          39620 kB
LowTotal:         590680 kB
LowFree:          142056 kB
SwapTotal:       1048572 kB
SwapFree:        1048572 kB
Dirty:                48 kB
Writeback:             0 kB
AnonPages:        766112 kB
Mapped:           300120 kB
Shmem:              4300 kB
Slab:              52616 kB
SReclaimable:      15932 kB
SUnreclaim:        36684 kB
KernelStack:       13920 kB
PageTables:        28448 kB
NFS_Unstable:          0 kB
Bounce:                0 kB
WritebackTmp:          0 kB
CommitLimit:     2499688 kB
Committed_AS:   63687800 kB
VmallocTotal:     385024 kB
VmallocUsed:      167920 kB
VmallocChunk:      68676 kB
Time pass: 177 sec

---2015-11-19 19:35:53
MemTotal:        2902232 kB
MemFree:          181748 kB
Buffers:           16584 kB
Cached:          1062092 kB
SwapCached:            0 kB
Active:           964360 kB
Inactive:         880596 kB
Active(anon):     765412 kB
Inactive(anon):     5172 kB
Active(file):     198948 kB
Inactive(file):   875424 kB
Unevictable:           0 kB
Mlocked:               0 kB
HighTotal:       2311552 kB
HighFree:          38504 kB
LowTotal:         590680 kB
LowFree:          143244 kB
SwapTotal:       1048572 kB
SwapFree:        1048572 kB
Dirty:                40 kB
Writeback:             0 kB
AnonPages:        766192 kB
Mapped:           300128 kB
Shmem:              4300 kB
Slab:              52564 kB
SReclaimable:      15932 kB
SUnreclaim:        36632 kB
KernelStack:       13912 kB
PageTables:        28456 kB
NFS_Unstable:          0 kB
Bounce:                0 kB
WritebackTmp:          0 kB
CommitLimit:     2499688 kB
Committed_AS:   63687800 kB
VmallocTotal:     385024 kB
VmallocUsed:      167920 kB
VmallocChunk:      68676 kB
Time pass: 180 sec

---2015-11-19 19:35:53
MemTotal:        2902232 kB
MemFree:          181756 kB
Buffers:           16600 kB
Cached:          1062096 kB
SwapCached:            0 kB
Active:           964772 kB
Inactive:         880620 kB
Active(anon):     765824 kB
Inactive(anon):     5172 kB
Active(file):     198948 kB
Inactive(file):   875448 kB
Unevictable:           0 kB
Mlocked:               0 kB
HighTotal:       2311552 kB
HighFree:          38204 kB
LowTotal:         590680 kB
LowFree:          143552 kB
SwapTotal:       1048572 kB
SwapFree:        1048572 kB
Dirty:                40 kB
Writeback:             0 kB
AnonPages:        766468 kB
Mapped:           300104 kB
Shmem:              4304 kB
Slab:              52524 kB
SReclaimable:      15932 kB
SUnreclaim:        36592 kB
KernelStack:       13904 kB
PageTables:        28508 kB
NFS_Unstable:          0 kB
Bounce:                0 kB
WritebackTmp:          0 kB
CommitLimit:     2499688 kB
Committed_AS:   63687988 kB
VmallocTotal:     385024 kB
VmallocUsed:      167920 kB
VmallocChunk:      68676 kB
Time pass: 184 sec

---2015-11-19 19:35:53
MemTotal:        2902232 kB
MemFree:          181196 kB
Buffers:           16608 kB
Cached:          1062120 kB
SwapCached:            0 kB
Active:           964736 kB
Inactive:         880648 kB
Active(anon):     765788 kB
Inactive(anon):     5200 kB
Active(file):     198948 kB
Inactive(file):   875448 kB
Unevictable:           0 kB
Mlocked:               0 kB
HighTotal:       2311552 kB
HighFree:          38204 kB
LowTotal:         590680 kB
LowFree:          142992 kB
SwapTotal:       1048572 kB
SwapFree:        1048572 kB
Dirty:                28 kB
Writeback:             0 kB
AnonPages:        766588 kB
Mapped:           300172 kB
Shmem:              4328 kB
Slab:              52508 kB
SReclaimable:      15932 kB
SUnreclaim:        36576 kB
KernelStack:       13904 kB
PageTables:        28528 kB
NFS_Unstable:          0 kB
Bounce:                0 kB
WritebackTmp:          0 kB
CommitLimit:     2499688 kB
Committed_AS:   63687660 kB
VmallocTotal:     385024 kB
VmallocUsed:      167920 kB
VmallocChunk:      68676 kB
Time pass: 189 sec

---2015-11-19 19:35:53
MemTotal:        2902232 kB
MemFree:          181184 kB
Buffers:           16624 kB
Cached:          1062124 kB
SwapCached:            0 kB
Active:           965044 kB
Inactive:         880676 kB
Active(anon):     766096 kB
Inactive(anon):     5204 kB
Active(file):     198948 kB
Inactive(file):   875472 kB
Unevictable:           0 kB
Mlocked:               0 kB
HighTotal:       2311552 kB
HighFree:          38184 kB
LowTotal:         590680 kB
LowFree:          143000 kB
SwapTotal:       1048572 kB
SwapFree:        1048572 kB
Dirty:                 0 kB
Writeback:             0 kB
AnonPages:        767060 kB
Mapped:           300132 kB
Shmem:              4332 kB
Slab:              52508 kB
SReclaimable:      15932 kB
SUnreclaim:        36576 kB
KernelStack:       13896 kB
PageTables:        28512 kB
NFS_Unstable:          0 kB
Bounce:                0 kB
WritebackTmp:          0 kB
CommitLimit:     2499688 kB
Committed_AS:   63687720 kB
VmallocTotal:     385024 kB
VmallocUsed:      167920 kB
VmallocChunk:      68676 kB
Time pass: 192 sec

---2015-11-19 19:35:53
MemTotal:        2902232 kB
MemFree:          181500 kB
Buffers:           16632 kB
Cached:          1062116 kB
SwapCached:            0 kB
Active:           965476 kB
Inactive:         880676 kB
Active(anon):     766528 kB
Inactive(anon):     5204 kB
Active(file):     198948 kB
Inactive(file):   875472 kB
Unevictable:           0 kB
Mlocked:               0 kB
HighTotal:       2311552 kB
HighFree:          38184 kB
LowTotal:         590680 kB
LowFree:          143316 kB
SwapTotal:       1048572 kB
SwapFree:        1048572 kB
Dirty:                 0 kB
Writeback:             0 kB
AnonPages:        767592 kB
Mapped:           300176 kB
Shmem:              4332 kB
Slab:              52512 kB
SReclaimable:      15932 kB
SUnreclaim:        36580 kB
KernelStack:       13888 kB
PageTables:        28528 kB
NFS_Unstable:          0 kB
Bounce:                0 kB
WritebackTmp:          0 kB
CommitLimit:     2499688 kB
Committed_AS:   63687904 kB
VmallocTotal:     385024 kB
VmallocUsed:      167920 kB
VmallocChunk:      68676 kB
Time pass: 196 sec

---2015-11-19 19:35:53
MemTotal:        2902232 kB
MemFree:          180692 kB
Buffers:           16648 kB
Cached:          1062124 kB
SwapCached:            0 kB
Active:           965836 kB
Inactive:         880692 kB
Active(anon):     766888 kB
Inactive(anon):     5204 kB
Active(file):     198948 kB
Inactive(file):   875488 kB
Unevictable:           0 kB
Mlocked:               0 kB
HighTotal:       2311552 kB
HighFree:          38184 kB
LowTotal:         590680 kB
LowFree:          142508 kB
SwapTotal:       1048572 kB
SwapFree:        1048572 kB
Dirty:                40 kB
Writeback:             0 kB
AnonPages:        767844 kB
Mapped:           300176 kB
Shmem:              4332 kB
Slab:              52524 kB
SReclaimable:      15932 kB
SUnreclaim:        36592 kB
KernelStack:       13888 kB
PageTables:        28528 kB
NFS_Unstable:          0 kB
Bounce:                0 kB
WritebackTmp:          0 kB
CommitLimit:     2499688 kB
Committed_AS:   63687964 kB
VmallocTotal:     385024 kB
VmallocUsed:      167920 kB
VmallocChunk:      68676 kB
Time pass: 199 sec

---2015-11-19 19:35:53
MemTotal:        2902232 kB
MemFree:          180984 kB
Buffers:           16648 kB
Cached:          1062124 kB
SwapCached:            0 kB
Active:           965956 kB
Inactive:         880700 kB
Active(anon):     767008 kB
Inactive(anon):     5204 kB
Active(file):     198948 kB
Inactive(file):   875496 kB
Unevictable:           0 kB
Mlocked:               0 kB
HighTotal:       2311552 kB
HighFree:          38184 kB
LowTotal:         590680 kB
LowFree:          142800 kB
SwapTotal:       1048572 kB
SwapFree:        1048572 kB
Dirty:                 0 kB
Writeback:             0 kB
AnonPages:        767856 kB
Mapped:           300132 kB
Shmem:              4332 kB
Slab:              52520 kB
SReclaimable:      15932 kB
SUnreclaim:        36588 kB
KernelStack:       13888 kB
PageTables:        28516 kB
NFS_Unstable:          0 kB
Bounce:                0 kB
WritebackTmp:          0 kB
CommitLimit:     2499688 kB
Committed_AS:   63687840 kB
VmallocTotal:     385024 kB
VmallocUsed:      167920 kB
VmallocChunk:      68676 kB
Time pass: 203 sec

---2015-11-19 19:35:53
MemTotal:        2902232 kB
MemFree:          180048 kB
Buffers:           16672 kB
Cached:          1062124 kB
SwapCached:            0 kB
Active:           966576 kB
Inactive:         880724 kB
Active(anon):     767628 kB
Inactive(anon):     5204 kB
Active(file):     198948 kB
Inactive(file):   875520 kB
Unevictable:           0 kB
Mlocked:               0 kB
HighTotal:       2311552 kB
HighFree:          38184 kB
LowTotal:         590680 kB
LowFree:          141864 kB
SwapTotal:       1048572 kB
SwapFree:        1048572 kB
Dirty:                36 kB
Writeback:             0 kB
AnonPages:        768464 kB
Mapped:           300132 kB
Shmem:              4332 kB
Slab:              52524 kB
SReclaimable:      15932 kB
SUnreclaim:        36592 kB
KernelStack:       13856 kB
PageTables:        28512 kB
NFS_Unstable:          0 kB
Bounce:                0 kB
WritebackTmp:          0 kB
CommitLimit:     2499688 kB
Committed_AS:   63688008 kB
VmallocTotal:     385024 kB
VmallocUsed:      167920 kB
VmallocChunk:      68676 kB
Time pass: 206 sec

---2015-11-19 19:35:53
MemTotal:        2902232 kB
MemFree:          179292 kB
Buffers:           16672 kB
Cached:          1062124 kB
SwapCached:            0 kB
Active:           966660 kB
Inactive:         880736 kB
Active(anon):     767708 kB
Inactive(anon):     5204 kB
Active(file):     198952 kB
Inactive(file):   875532 kB
Unevictable:           0 kB
Mlocked:               0 kB
HighTotal:       2311552 kB
HighFree:          38028 kB
LowTotal:         590680 kB
LowFree:          141264 kB
SwapTotal:       1048572 kB
SwapFree:        1048572 kB
Dirty:                 0 kB
Writeback:             0 kB
AnonPages:        768324 kB
Mapped:           300132 kB
Shmem:              4332 kB
Slab:              52676 kB
SReclaimable:      15932 kB
SUnreclaim:        36744 kB
KernelStack:       13856 kB
PageTables:        28512 kB
NFS_Unstable:          0 kB
Bounce:                0 kB
WritebackTmp:          0 kB
CommitLimit:     2499688 kB
Committed_AS:   63688092 kB
VmallocTotal:     385024 kB
VmallocUsed:      167920 kB
VmallocChunk:      68676 kB
Time pass: 210 sec

---2015-11-19 19:35:53
MemTotal:        2902232 kB
MemFree:          181428 kB
Buffers:           16680 kB
Cached:          1062124 kB
SwapCached:            0 kB
Active:           963824 kB
Inactive:         880744 kB
Active(anon):     764872 kB
Inactive(anon):     5204 kB
Active(file):     198952 kB
Inactive(file):   875540 kB
Unevictable:           0 kB
Mlocked:               0 kB
HighTotal:       2311552 kB
HighFree:          38008 kB
LowTotal:         590680 kB
LowFree:          143420 kB
SwapTotal:       1048572 kB
SwapFree:        1048572 kB
Dirty:                28 kB
Writeback:             0 kB
AnonPages:        766020 kB
Mapped:           300132 kB
Shmem:              4332 kB
Slab:              52688 kB
SReclaimable:      15932 kB
SUnreclaim:        36756 kB
KernelStack:       13848 kB
PageTables:        28512 kB
NFS_Unstable:          0 kB
Bounce:                0 kB
WritebackTmp:          0 kB
CommitLimit:     2499688 kB
Committed_AS:   63688520 kB
VmallocTotal:     385024 kB
VmallocUsed:      167920 kB
VmallocChunk:      68676 kB
Time pass: 213 sec

---2015-11-19 19:35:53
MemTotal:        2902232 kB
MemFree:          181112 kB
Buffers:           16696 kB
Cached:          1062124 kB
SwapCached:            0 kB
Active:           964648 kB
Inactive:         880760 kB
Active(anon):     765696 kB
Inactive(anon):     5204 kB
Active(file):     198952 kB
Inactive(file):   875556 kB
Unevictable:           0 kB
Mlocked:               0 kB
HighTotal:       2311552 kB
HighFree:          38184 kB
LowTotal:         590680 kB
LowFree:          142928 kB
SwapTotal:       1048572 kB
SwapFree:        1048572 kB
Dirty:                 0 kB
Writeback:             0 kB
AnonPages:        766468 kB
Mapped:           300088 kB
Shmem:              4332 kB
Slab:              52520 kB
SReclaimable:      15932 kB
SUnreclaim:        36588 kB
KernelStack:       13848 kB
PageTables:        28496 kB
NFS_Unstable:          0 kB
Bounce:                0 kB
WritebackTmp:          0 kB
CommitLimit:     2499688 kB
Committed_AS:   63687972 kB
VmallocTotal:     385024 kB
VmallocUsed:      167920 kB
VmallocChunk:      68676 kB
Time pass: 217 sec

---2015-11-19 19:35:53
MemTotal:        2902232 kB
MemFree:          180636 kB
Buffers:           16704 kB
Cached:          1062124 kB
SwapCached:            0 kB
Active:           964608 kB
Inactive:         880768 kB
Active(anon):     765656 kB
Inactive(anon):     5204 kB
Active(file):     198952 kB
Inactive(file):   875564 kB
Unevictable:           0 kB
Mlocked:               0 kB
HighTotal:       2311552 kB
HighFree:          38184 kB
LowTotal:         590680 kB
LowFree:          142452 kB
SwapTotal:       1048572 kB
SwapFree:        1048572 kB
Dirty:                28 kB
Writeback:             0 kB
AnonPages:        766536 kB
Mapped:           300132 kB
Shmem:              4332 kB
Slab:              52516 kB
SReclaimable:      15932 kB
SUnreclaim:        36584 kB
KernelStack:       13848 kB
PageTables:        28508 kB
NFS_Unstable:          0 kB
Bounce:                0 kB
WritebackTmp:          0 kB
CommitLimit:     2499688 kB
Committed_AS:   63687952 kB
VmallocTotal:     385024 kB
VmallocUsed:      167920 kB
VmallocChunk:      68676 kB
Time pass: 220 sec

---2015-11-19 19:35:53
MemTotal:        2902232 kB
MemFree:          180708 kB
Buffers:           16720 kB
Cached:          1062124 kB
SwapCached:            0 kB
Active:           964776 kB
Inactive:         880776 kB
Active(anon):     765824 kB
Inactive(anon):     5204 kB
Active(file):     198952 kB
Inactive(file):   875572 kB
Unevictable:           0 kB
Mlocked:               0 kB
HighTotal:       2311552 kB
HighFree:          38680 kB
LowTotal:         590680 kB
LowFree:          142028 kB
SwapTotal:       1048572 kB
SwapFree:        1048572 kB
Dirty:                40 kB
Writeback:             0 kB
AnonPages:        766620 kB
Mapped:           300176 kB
Shmem:              4332 kB
Slab:              52516 kB
SReclaimable:      15932 kB
SUnreclaim:        36584 kB
KernelStack:       13848 kB
PageTables:        28524 kB
NFS_Unstable:          0 kB
Bounce:                0 kB
WritebackTmp:          0 kB
CommitLimit:     2499688 kB
Committed_AS:   63687868 kB
VmallocTotal:     385024 kB
VmallocUsed:      167920 kB
VmallocChunk:      68676 kB
Time pass: 224 sec

---2015-11-19 19:35:53
MemTotal:        2902232 kB
MemFree:          180104 kB
Buffers:           16720 kB
Cached:          1062124 kB
SwapCached:            0 kB
Active:           965220 kB
Inactive:         880784 kB
Active(anon):     766268 kB
Inactive(anon):     5204 kB
Active(file):     198952 kB
Inactive(file):   875580 kB
Unevictable:           0 kB
Mlocked:               0 kB
HighTotal:       2311552 kB
HighFree:          38256 kB
LowTotal:         590680 kB
LowFree:          141848 kB
SwapTotal:       1048572 kB
SwapFree:        1048572 kB
Dirty:                 0 kB
Writeback:             0 kB
AnonPages:        766884 kB
Mapped:           300176 kB
Shmem:              4332 kB
Slab:              52516 kB
SReclaimable:      15932 kB
SUnreclaim:        36584 kB
KernelStack:       13848 kB
PageTables:        28524 kB
NFS_Unstable:          0 kB
Bounce:                0 kB
WritebackTmp:          0 kB
CommitLimit:     2499688 kB
Committed_AS:   63687992 kB
VmallocTotal:     385024 kB
VmallocUsed:      167920 kB
VmallocChunk:      68676 kB
Time pass: 227 sec

---2015-11-19 19:35:53
MemTotal:        2902232 kB
MemFree:          180336 kB
Buffers:           16744 kB
Cached:          1062168 kB
SwapCached:            0 kB
Active:           965100 kB
Inactive:         880808 kB
Active(anon):     766148 kB
Inactive(anon):     5204 kB
Active(file):     198952 kB
Inactive(file):   875604 kB
Unevictable:           0 kB
Mlocked:               0 kB
HighTotal:       2311552 kB
HighFree:          38328 kB
LowTotal:         590680 kB
LowFree:          142008 kB
SwapTotal:       1048572 kB
SwapFree:        1048572 kB
Dirty:                40 kB
Writeback:             0 kB
AnonPages:        766720 kB
Mapped:           300220 kB
Shmem:              4376 kB
Slab:              52488 kB
SReclaimable:      15932 kB
SUnreclaim:        36556 kB
KernelStack:       13848 kB
PageTables:        28524 kB
NFS_Unstable:          0 kB
Bounce:                0 kB
WritebackTmp:          0 kB
CommitLimit:     2499688 kB
Committed_AS:   63687956 kB
VmallocTotal:     385024 kB
VmallocUsed:      167920 kB
VmallocChunk:      68676 kB
Time pass: 231 sec

---2015-11-19 19:35:53
MemTotal:        2902232 kB
MemFree:          179356 kB
Buffers:           16752 kB
Cached:          1062172 kB
SwapCached:            0 kB
Active:           965452 kB
Inactive:         880864 kB
Active(anon):     766500 kB
Inactive(anon):     5248 kB
Active(file):     198952 kB
Inactive(file):   875616 kB
Unevictable:           0 kB
Mlocked:               0 kB
HighTotal:       2311552 kB
HighFree:          38276 kB
LowTotal:         590680 kB
LowFree:          141080 kB
SwapTotal:       1048572 kB
SwapFree:        1048572 kB
Dirty:                68 kB
Writeback:             0 kB
AnonPages:        766856 kB
Mapped:           300220 kB
Shmem:              4376 kB
Slab:              52508 kB
SReclaimable:      15932 kB
SUnreclaim:        36576 kB
KernelStack:       13856 kB
PageTables:        28524 kB
NFS_Unstable:          0 kB
Bounce:                0 kB
WritebackTmp:          0 kB
CommitLimit:     2499688 kB
Committed_AS:   63688104 kB
VmallocTotal:     385024 kB
VmallocUsed:      167920 kB
VmallocChunk:      68676 kB
Time pass: 234 sec

---2015-11-19 19:35:53
MemTotal:        2902232 kB
MemFree:          180060 kB
Buffers:           16768 kB
Cached:          1062152 kB
SwapCached:            0 kB
Active:           965296 kB
Inactive:         880860 kB
Active(anon):     766344 kB
Inactive(anon):     5248 kB
Active(file):     198952 kB
Inactive(file):   875612 kB
Unevictable:           0 kB
Mlocked:               0 kB
HighTotal:       2311552 kB
HighFree:          38152 kB
LowTotal:         590680 kB
LowFree:          141908 kB
SwapTotal:       1048572 kB
SwapFree:        1048572 kB
Dirty:                64 kB
Writeback:             0 kB
AnonPages:        766868 kB
Mapped:           300220 kB
Shmem:              4376 kB
Slab:              52504 kB
SReclaimable:      15932 kB
SUnreclaim:        36572 kB
KernelStack:       13856 kB
PageTables:        28528 kB
NFS_Unstable:          0 kB
Bounce:                0 kB
WritebackTmp:          0 kB
CommitLimit:     2499688 kB
Committed_AS:   63688148 kB
VmallocTotal:     385024 kB
VmallocUsed:      167920 kB
VmallocChunk:      68676 kB
Time pass: 238 sec

---2015-11-19 19:35:53
MemTotal:        2902232 kB
MemFree:          179704 kB
Buffers:           16768 kB
Cached:          1062172 kB
SwapCached:            0 kB
Active:           965604 kB
Inactive:         880880 kB
Active(anon):     766652 kB
Inactive(anon):     5252 kB
Active(file):     198952 kB
Inactive(file):   875628 kB
Unevictable:           0 kB
Mlocked:               0 kB
HighTotal:       2311552 kB
HighFree:          38204 kB
LowTotal:         590680 kB
LowFree:          141500 kB
SwapTotal:       1048572 kB
SwapFree:        1048572 kB
Dirty:                 0 kB
Writeback:             0 kB
AnonPages:        767316 kB
Mapped:           300224 kB
Shmem:              4380 kB
Slab:              52516 kB
SReclaimable:      15932 kB
SUnreclaim:        36584 kB
KernelStack:       13856 kB
PageTables:        28528 kB
NFS_Unstable:          0 kB
Bounce:                0 kB
WritebackTmp:          0 kB
CommitLimit:     2499688 kB
Committed_AS:   63688132 kB
VmallocTotal:     385024 kB
VmallocUsed:      167920 kB
VmallocChunk:      68676 kB
Time pass: 241 sec

---2015-11-19 19:35:53
MemTotal:        2902232 kB
MemFree:          179692 kB
Buffers:           16792 kB
Cached:          1062164 kB
SwapCached:            0 kB
Active:           965920 kB
Inactive:         880896 kB
Active(anon):     766968 kB
Inactive(anon):     5260 kB
Active(file):     198952 kB
Inactive(file):   875636 kB
Unevictable:           0 kB
Mlocked:               0 kB
HighTotal:       2311552 kB
HighFree:          38380 kB
LowTotal:         590680 kB
LowFree:          141312 kB
SwapTotal:       1048572 kB
SwapFree:        1048572 kB
Dirty:                28 kB
Writeback:             0 kB
AnonPages:        767532 kB
Mapped:           300232 kB
Shmem:              4388 kB
Slab:              52504 kB
SReclaimable:      15932 kB
SUnreclaim:        36572 kB
KernelStack:       13840 kB
PageTables:        28528 kB
NFS_Unstable:          0 kB
Bounce:                0 kB
WritebackTmp:          0 kB
CommitLimit:     2499688 kB
Committed_AS:   63688284 kB
VmallocTotal:     385024 kB
VmallocUsed:      167920 kB
VmallocChunk:      68676 kB
Time pass: 246 sec

---2015-11-19 19:35:53
MemTotal:        2902232 kB
MemFree:          179640 kB
Buffers:           16792 kB
Cached:          1062196 kB
SwapCached:            0 kB
Active:           965732 kB
Inactive:         880912 kB
Active(anon):     766780 kB
Inactive(anon):     5260 kB
Active(file):     198952 kB
Inactive(file):   875652 kB
Unevictable:           0 kB
Mlocked:               0 kB
HighTotal:       2311552 kB
HighFree:          38380 kB
LowTotal:         590680 kB
LowFree:          141260 kB
SwapTotal:       1048572 kB
SwapFree:        1048572 kB
Dirty:                 0 kB
Writeback:             0 kB
AnonPages:        767436 kB
Mapped:           300204 kB
Shmem:              4404 kB
Slab:              52504 kB
SReclaimable:      15932 kB
SUnreclaim:        36572 kB
KernelStack:       13856 kB
PageTables:        28512 kB
NFS_Unstable:          0 kB
Bounce:                0 kB
WritebackTmp:          0 kB
CommitLimit:     2499688 kB
Committed_AS:   63688244 kB
VmallocTotal:     385024 kB
VmallocUsed:      167920 kB
VmallocChunk:      68676 kB
Time pass: 249 sec

---2015-11-19 19:35:53
MemTotal:        2902232 kB
MemFree:          179196 kB
Buffers:           16800 kB
Cached:          1062196 kB
SwapCached:            0 kB
Active:           965636 kB
Inactive:         880928 kB
Active(anon):     766684 kB
Inactive(anon):     5276 kB
Active(file):     198952 kB
Inactive(file):   875652 kB
Unevictable:           0 kB
Mlocked:               0 kB
HighTotal:       2311552 kB
HighFree:          38008 kB
LowTotal:         590680 kB
LowFree:          141188 kB
SwapTotal:       1048572 kB
SwapFree:        1048572 kB
Dirty:                32 kB
Writeback:             0 kB
AnonPages:        767360 kB
Mapped:           300204 kB
Shmem:              4404 kB
Slab:              52560 kB
SReclaimable:      15932 kB
SUnreclaim:        36628 kB
KernelStack:       13856 kB
PageTables:        28512 kB
NFS_Unstable:          0 kB
Bounce:                0 kB
WritebackTmp:          0 kB
CommitLimit:     2499688 kB
Committed_AS:   63688172 kB
VmallocTotal:     385024 kB
VmallocUsed:      167920 kB
VmallocChunk:      68676 kB
Time pass: 253 sec

---2015-11-19 19:35:53
MemTotal:        2902232 kB
MemFree:          179344 kB
Buffers:           16816 kB
Cached:          1062196 kB
SwapCached:            0 kB
Active:           966120 kB
Inactive:         880952 kB
Active(anon):     767168 kB
Inactive(anon):     5276 kB
Active(file):     198952 kB
Inactive(file):   875676 kB
Unevictable:           0 kB
Mlocked:               0 kB
HighTotal:       2311552 kB
HighFree:          38008 kB
LowTotal:         590680 kB
LowFree:          141336 kB
SwapTotal:       1048572 kB
SwapFree:        1048572 kB
Dirty:                48 kB
Writeback:             0 kB
AnonPages:        767732 kB
Mapped:           300248 kB
Shmem:              4404 kB
Slab:              52508 kB
SReclaimable:      15932 kB
SUnreclaim:        36576 kB
KernelStack:       13856 kB
PageTables:        28528 kB
NFS_Unstable:          0 kB
Bounce:                0 kB
WritebackTmp:          0 kB
CommitLimit:     2499688 kB
Committed_AS:   63688224 kB
VmallocTotal:     385024 kB
VmallocUsed:      167920 kB
VmallocChunk:      68676 kB
Time pass: 256 sec

---2015-11-19 19:35:53
MemTotal:        2902232 kB
MemFree:          179816 kB
Buffers:           16824 kB
Cached:          1062188 kB
SwapCached:            0 kB
Active:           965884 kB
Inactive:         880952 kB
Active(anon):     766932 kB
Inactive(anon):     5276 kB
Active(file):     198952 kB
Inactive(file):   875676 kB
Unevictable:           0 kB
Mlocked:               0 kB
HighTotal:       2311552 kB
HighFree:          38060 kB
LowTotal:         590680 kB
LowFree:          141756 kB
SwapTotal:       1048572 kB
SwapFree:        1048572 kB
Dirty:                 0 kB
Writeback:             0 kB
AnonPages:        767760 kB
Mapped:           300204 kB
Shmem:              4404 kB
Slab:              52544 kB
SReclaimable:      15932 kB
SUnreclaim:        36612 kB
KernelStack:       13856 kB
PageTables:        28512 kB
NFS_Unstable:          0 kB
Bounce:                0 kB
WritebackTmp:          0 kB
CommitLimit:     2499688 kB
Committed_AS:   63688216 kB
VmallocTotal:     385024 kB
VmallocUsed:      167920 kB
VmallocChunk:      68676 kB
Time pass: 260 sec

---2015-11-19 19:35:53
MemTotal:        2902232 kB
MemFree:          179248 kB
Buffers:           16840 kB
Cached:          1062196 kB
SwapCached:            0 kB
Active:           965956 kB
Inactive:         880960 kB
Active(anon):     767004 kB
Inactive(anon):     5276 kB
Active(file):     198952 kB
Inactive(file):   875684 kB
Unevictable:           0 kB
Mlocked:               0 kB
HighTotal:       2311552 kB
HighFree:          38060 kB
LowTotal:         590680 kB
LowFree:          141188 kB
SwapTotal:       1048572 kB
SwapFree:        1048572 kB
Dirty:                36 kB
Writeback:             0 kB
AnonPages:        767652 kB
Mapped:           300204 kB
Shmem:              4404 kB
Slab:              52496 kB
SReclaimable:      15936 kB
SUnreclaim:        36560 kB
KernelStack:       13856 kB
PageTables:        28512 kB
NFS_Unstable:          0 kB
Bounce:                0 kB
WritebackTmp:          0 kB
CommitLimit:     2499688 kB
Committed_AS:   63688140 kB
VmallocTotal:     385024 kB
VmallocUsed:      167920 kB
VmallocChunk:      68676 kB
Time pass: 263 sec

---2015-11-19 19:35:53
MemTotal:        2902232 kB
MemFree:          178916 kB
Buffers:           16840 kB
Cached:          1062196 kB
SwapCached:            0 kB
Active:           966124 kB
Inactive:         880976 kB
Active(anon):     767172 kB
Inactive(anon):     5276 kB
Active(file):     198952 kB
Inactive(file):   875700 kB
Unevictable:           0 kB
Mlocked:               0 kB
HighTotal:       2311552 kB
HighFree:          38060 kB
LowTotal:         590680 kB
LowFree:          140856 kB
SwapTotal:       1048572 kB
SwapFree:        1048572 kB
Dirty:                 0 kB
Writeback:             0 kB
AnonPages:        767848 kB
Mapped:           300204 kB
Shmem:              4404 kB
Slab:              52524 kB
SReclaimable:      15936 kB
SUnreclaim:        36588 kB
KernelStack:       13856 kB
PageTables:        28512 kB
NFS_Unstable:          0 kB
Bounce:                0 kB
WritebackTmp:          0 kB
CommitLimit:     2499688 kB
Committed_AS:   63688344 kB
VmallocTotal:     385024 kB
VmallocUsed:      167920 kB
VmallocChunk:      68676 kB
Time pass: 267 sec

---2015-11-19 19:35:53
MemTotal:        2902232 kB
MemFree:          178128 kB
Buffers:           16864 kB
Cached:          1062180 kB
SwapCached:            0 kB
Active:           966296 kB
Inactive:         880976 kB
Active(anon):     767344 kB
Inactive(anon):     5276 kB
Active(file):     198952 kB
Inactive(file):   875700 kB
Unevictable:           0 kB
Mlocked:               0 kB
HighTotal:       2311552 kB
HighFree:          38060 kB
LowTotal:         590680 kB
LowFree:          140068 kB
SwapTotal:       1048572 kB
SwapFree:        1048572 kB
Dirty:                28 kB
Writeback:             0 kB
AnonPages:        768216 kB
Mapped:           300204 kB
Shmem:              4404 kB
Slab:              52520 kB
SReclaimable:      15936 kB
SUnreclaim:        36584 kB
KernelStack:       13856 kB
PageTables:        28512 kB
NFS_Unstable:          0 kB
Bounce:                0 kB
WritebackTmp:          0 kB
CommitLimit:     2499688 kB
Committed_AS:   63688248 kB
VmallocTotal:     385024 kB
VmallocUsed:      167920 kB
VmallocChunk:      68676 kB
Time pass: 270 sec

---2015-11-19 19:35:53
MemTotal:        2902232 kB
MemFree:          178956 kB
Buffers:           16864 kB
Cached:          1062196 kB
SwapCached:            0 kB
Active:           966156 kB
Inactive:         881000 kB
Active(anon):     767204 kB
Inactive(anon):     5276 kB
Active(file):     198952 kB
Inactive(file):   875724 kB
Unevictable:           0 kB
Mlocked:               0 kB
HighTotal:       2311552 kB
HighFree:          38184 kB
LowTotal:         590680 kB
LowFree:          140772 kB
SwapTotal:       1048572 kB
SwapFree:        1048572 kB
Dirty:                 0 kB
Writeback:             0 kB
AnonPages:        768240 kB
Mapped:           300160 kB
Shmem:              4404 kB
Slab:              52560 kB
SReclaimable:      15936 kB
SUnreclaim:        36624 kB
KernelStack:       13856 kB
PageTables:        28492 kB
NFS_Unstable:          0 kB
Bounce:                0 kB
WritebackTmp:          0 kB
CommitLimit:     2499688 kB
Committed_AS:   63688212 kB
VmallocTotal:     385024 kB
VmallocUsed:      167920 kB
VmallocChunk:      68676 kB
Time pass: 274 sec

---2015-11-19 19:35:53
MemTotal:        2902232 kB
MemFree:          178404 kB
Buffers:           16872 kB
Cached:          1062196 kB
SwapCached:            0 kB
Active:           966288 kB
Inactive:         881000 kB
Active(anon):     767336 kB
Inactive(anon):     5276 kB
Active(file):     198952 kB
Inactive(file):   875724 kB
Unevictable:           0 kB
Mlocked:               0 kB
HighTotal:       2311552 kB
HighFree:          38184 kB
LowTotal:         590680 kB
LowFree:          140220 kB
SwapTotal:       1048572 kB
SwapFree:        1048572 kB
Dirty:                28 kB
Writeback:             0 kB
AnonPages:        768328 kB
Mapped:           300204 kB
Shmem:              4404 kB
Slab:              52576 kB
SReclaimable:      15936 kB
SUnreclaim:        36640 kB
KernelStack:       13856 kB
PageTables:        28512 kB
NFS_Unstable:          0 kB
Bounce:                0 kB
WritebackTmp:          0 kB
CommitLimit:     2499688 kB
Committed_AS:   63688152 kB
VmallocTotal:     385024 kB
VmallocUsed:      167920 kB
VmallocChunk:      68676 kB
Time pass: 277 sec

---2015-11-19 19:35:53
MemTotal:        2902232 kB
MemFree:          178688 kB
Buffers:           16888 kB
Cached:          1062196 kB
SwapCached:            0 kB
Active:           966740 kB
Inactive:         881024 kB
Active(anon):     767788 kB
Inactive(anon):     5276 kB
Active(file):     198952 kB
Inactive(file):   875748 kB
Unevictable:           0 kB
Mlocked:               0 kB
HighTotal:       2311552 kB
HighFree:          38928 kB
LowTotal:         590680 kB
LowFree:          139760 kB
SwapTotal:       1048572 kB
SwapFree:        1048572 kB
Dirty:                36 kB
Writeback:             0 kB
AnonPages:        768640 kB
Mapped:           300204 kB
Shmem:              4404 kB
Slab:              52528 kB
SReclaimable:      15936 kB
SUnreclaim:        36592 kB
KernelStack:       13856 kB
PageTables:        28512 kB
NFS_Unstable:          0 kB
Bounce:                0 kB
WritebackTmp:          0 kB
CommitLimit:     2499688 kB
Committed_AS:   63688276 kB
VmallocTotal:     385024 kB
VmallocUsed:      167920 kB
VmallocChunk:      68676 kB
Time pass: 280 sec

---2015-11-19 19:35:53
MemTotal:        2902232 kB
MemFree:          178332 kB
Buffers:           16896 kB
Cached:          1062204 kB
SwapCached:            0 kB
Active:           966948 kB
Inactive:         881032 kB
Active(anon):     767996 kB
Inactive(anon):     5284 kB
Active(file):     198952 kB
Inactive(file):   875748 kB
Unevictable:           0 kB
Mlocked:               0 kB
HighTotal:       2311552 kB
HighFree:          38184 kB
LowTotal:         590680 kB
LowFree:          140148 kB
SwapTotal:       1048572 kB
SwapFree:        1048572 kB
Dirty:                28 kB
Writeback:             0 kB
AnonPages:        768756 kB
Mapped:           300256 kB
Shmem:              4412 kB
Slab:              52508 kB
SReclaimable:      15936 kB
SUnreclaim:        36572 kB
KernelStack:       13856 kB
PageTables:        28528 kB
NFS_Unstable:          0 kB
Bounce:                0 kB
WritebackTmp:          0 kB
CommitLimit:     2499688 kB
Committed_AS:   63688372 kB
VmallocTotal:     385024 kB
VmallocUsed:      167920 kB
VmallocChunk:      68676 kB
Time pass: 284 sec

---2015-11-19 19:35:53
MemTotal:        2902232 kB
MemFree:          177408 kB
Buffers:           16912 kB
Cached:          1062204 kB
SwapCached:            0 kB
Active:           967460 kB
Inactive:         881048 kB
Active(anon):     768508 kB
Inactive(anon):     5284 kB
Active(file):     198952 kB
Inactive(file):   875764 kB
Unevictable:           0 kB
Mlocked:               0 kB
HighTotal:       2311552 kB
HighFree:          38184 kB
LowTotal:         590680 kB
LowFree:          139224 kB
SwapTotal:       1048572 kB
SwapFree:        1048572 kB
Dirty:                36 kB
Writeback:             0 kB
AnonPages:        769120 kB
Mapped:           300256 kB
Shmem:              4412 kB
Slab:              52528 kB
SReclaimable:      15940 kB
SUnreclaim:        36588 kB
KernelStack:       13856 kB
PageTables:        28528 kB
NFS_Unstable:          0 kB
Bounce:                0 kB
WritebackTmp:          0 kB
CommitLimit:     2499688 kB
Committed_AS:   63688292 kB
VmallocTotal:     385024 kB
VmallocUsed:      167920 kB
VmallocChunk:      68676 kB
Time pass: 287 sec

---2015-11-19 19:35:53
MemTotal:        2902232 kB
MemFree:          177028 kB
Buffers:           16912 kB
Cached:          1062224 kB
SwapCached:            0 kB
Active:           967780 kB
Inactive:         881056 kB
Active(anon):     768828 kB
Inactive(anon):     5284 kB
Active(file):     198952 kB
Inactive(file):   875772 kB
Unevictable:           0 kB
Mlocked:               0 kB
HighTotal:       2311552 kB
HighFree:          38184 kB
LowTotal:         590680 kB
LowFree:          138844 kB
SwapTotal:       1048572 kB
SwapFree:        1048572 kB
Dirty:                 0 kB
Writeback:             0 kB
AnonPages:        769444 kB
Mapped:           300276 kB
Shmem:              4432 kB
Slab:              52536 kB
SReclaimable:      15940 kB
SUnreclaim:        36596 kB
KernelStack:       13856 kB
PageTables:        28528 kB
NFS_Unstable:          0 kB
Bounce:                0 kB
WritebackTmp:          0 kB
CommitLimit:     2499688 kB
Committed_AS:   63688516 kB
VmallocTotal:     385024 kB
VmallocUsed:      167920 kB
VmallocChunk:      68676 kB
Time pass: 291 sec

---2015-11-19 19:35:53
MemTotal:        2902232 kB
MemFree:          176964 kB
Buffers:           16936 kB
Cached:          1062208 kB
SwapCached:            0 kB
Active:           968144 kB
Inactive:         881084 kB
Active(anon):     769192 kB
Inactive(anon):     5304 kB
Active(file):     198952 kB
Inactive(file):   875780 kB
Unevictable:           0 kB
Mlocked:               0 kB
HighTotal:       2311552 kB
HighFree:          38184 kB
LowTotal:         590680 kB
LowFree:          138780 kB
SwapTotal:       1048572 kB
SwapFree:        1048572 kB
Dirty:                28 kB
Writeback:             0 kB
AnonPages:        769572 kB
Mapped:           300276 kB
Shmem:              4432 kB
Slab:              52536 kB
SReclaimable:      15940 kB
SUnreclaim:        36596 kB
KernelStack:       13856 kB
PageTables:        28528 kB
NFS_Unstable:          0 kB
Bounce:                0 kB
WritebackTmp:          0 kB
CommitLimit:     2499688 kB
Committed_AS:   63688460 kB
VmallocTotal:     385024 kB
VmallocUsed:      167920 kB
VmallocChunk:      68676 kB
Time pass: 294 sec

---2015-11-19 19:35:53
MemTotal:        2902232 kB
MemFree:          177348 kB
Buffers:           16936 kB
Cached:          1062224 kB
SwapCached:            0 kB
Active:           967976 kB
Inactive:         881100 kB
Active(anon):     769024 kB
Inactive(anon):     5304 kB
Active(file):     198952 kB
Inactive(file):   875796 kB
Unevictable:           0 kB
Mlocked:               0 kB
HighTotal:       2311552 kB
HighFree:          38184 kB
LowTotal:         590680 kB
LowFree:          139164 kB
SwapTotal:       1048572 kB
SwapFree:        1048572 kB
Dirty:                 0 kB
Writeback:             0 kB
AnonPages:        769712 kB
Mapped:           300276 kB
Shmem:              4432 kB
Slab:              52524 kB
SReclaimable:      15940 kB
SUnreclaim:        36584 kB
KernelStack:       13848 kB
PageTables:        28528 kB
NFS_Unstable:          0 kB
Bounce:                0 kB
WritebackTmp:          0 kB
CommitLimit:     2499688 kB
Committed_AS:   63688456 kB
VmallocTotal:     385024 kB
VmallocUsed:      167920 kB
VmallocChunk:      68676 kB
Time pass: 298 sec

---2015-11-19 19:35:53
MemTotal:        2902232 kB
MemFree:          178896 kB
Buffers:           16944 kB
Cached:          1062224 kB
SwapCached:            0 kB
Active:           965972 kB
Inactive:         881100 kB
Active(anon):     767020 kB
Inactive(anon):     5304 kB
Active(file):     198952 kB
Inactive(file):   875796 kB
Unevictable:           0 kB
Mlocked:               0 kB
HighTotal:       2311552 kB
HighFree:          38132 kB
LowTotal:         590680 kB
LowFree:          140764 kB
SwapTotal:       1048572 kB
SwapFree:        1048572 kB
Dirty:                28 kB
Writeback:             0 kB
AnonPages:        767652 kB
Mapped:           300276 kB
Shmem:              4432 kB
Slab:              52508 kB
SReclaimable:      15940 kB
SUnreclaim:        36568 kB
KernelStack:       13848 kB
PageTables:        28528 kB
NFS_Unstable:          0 kB
Bounce:                0 kB
WritebackTmp:          0 kB
CommitLimit:     2499688 kB
Committed_AS:   63688376 kB
VmallocTotal:     385024 kB
VmallocUsed:      167920 kB
VmallocChunk:      68676 kB
Time pass: 301 sec

---2015-11-19 19:35:53
MemTotal:        2902232 kB
MemFree:          178812 kB
Buffers:           16960 kB
Cached:          1062224 kB
SwapCached:            0 kB
Active:           965724 kB
Inactive:         881124 kB
Active(anon):     766772 kB
Inactive(anon):     5304 kB
Active(file):     198952 kB
Inactive(file):   875820 kB
Unevictable:           0 kB
Mlocked:               0 kB
HighTotal:       2311552 kB
HighFree:          38184 kB
LowTotal:         590680 kB
LowFree:          140628 kB
SwapTotal:       1048572 kB
SwapFree:        1048572 kB
Dirty:                40 kB
Writeback:             0 kB
AnonPages:        767480 kB
Mapped:           300276 kB
Shmem:              4432 kB
Slab:              52560 kB
SReclaimable:      15940 kB
SUnreclaim:        36620 kB
KernelStack:       13848 kB
PageTables:        28524 kB
NFS_Unstable:          0 kB
Bounce:                0 kB
WritebackTmp:          0 kB
CommitLimit:     2499688 kB
Committed_AS:   63688300 kB
VmallocTotal:     385024 kB
VmallocUsed:      167920 kB
VmallocChunk:      68676 kB
Time pass: 306 sec

---2015-11-19 19:35:53
MemTotal:        2902232 kB
MemFree:          177948 kB
Buffers:           16992 kB
Cached:          1062228 kB
SwapCached:            0 kB
Active:           966344 kB
Inactive:         881140 kB
Active(anon):     767392 kB
Inactive(anon):     5304 kB
Active(file):     198952 kB
Inactive(file):   875836 kB
Unevictable:           0 kB
Mlocked:               0 kB
HighTotal:       2311552 kB
HighFree:          38184 kB
LowTotal:         590680 kB
LowFree:          139764 kB
SwapTotal:       1048572 kB
SwapFree:        1048572 kB
Dirty:                52 kB
Writeback:             0 kB
AnonPages:        767912 kB
Mapped:           300296 kB
Shmem:              4452 kB
Slab:              52584 kB
SReclaimable:      15940 kB
SUnreclaim:        36644 kB
KernelStack:       13856 kB
PageTables:        28528 kB
NFS_Unstable:          0 kB
Bounce:                0 kB
WritebackTmp:          0 kB
CommitLimit:     2499688 kB
Committed_AS:   63688572 kB
VmallocTotal:     385024 kB
VmallocUsed:      167920 kB
VmallocChunk:      68676 kB
Time pass: 310 sec

---2015-11-19 19:35:53
MemTotal:        2902232 kB
MemFree:          177748 kB
Buffers:           16992 kB
Cached:          1062244 kB
SwapCached:            0 kB
Active:           966056 kB
Inactive:         881176 kB
Active(anon):     767104 kB
Inactive(anon):     5324 kB
Active(file):     198952 kB
Inactive(file):   875852 kB
Unevictable:           0 kB
Mlocked:               0 kB
HighTotal:       2311552 kB
HighFree:          38184 kB
LowTotal:         590680 kB
LowFree:          139564 kB
SwapTotal:       1048572 kB
SwapFree:        1048572 kB
Dirty:                 0 kB
Writeback:             0 kB
AnonPages:        768236 kB
Mapped:           300296 kB
Shmem:              4452 kB
Slab:              52580 kB
SReclaimable:      15940 kB
SUnreclaim:        36640 kB
KernelStack:       13856 kB
PageTables:        28528 kB
NFS_Unstable:          0 kB
Bounce:                0 kB
WritebackTmp:          0 kB
CommitLimit:     2499688 kB
Committed_AS:   63688640 kB
VmallocTotal:     385024 kB
VmallocUsed:      167920 kB
VmallocChunk:      68676 kB
Time pass: 313 sec

---2015-11-19 19:35:53
MemTotal:        2902232 kB
MemFree:          177960 kB
Buffers:           17000 kB
Cached:          1062260 kB
SwapCached:            0 kB
Active:           965860 kB
Inactive:         881176 kB
Active(anon):     766908 kB
Inactive(anon):     5324 kB
Active(file):     198952 kB
Inactive(file):   875852 kB
Unevictable:           0 kB
Mlocked:               0 kB
HighTotal:       2311552 kB
HighFree:          39000 kB
LowTotal:         590680 kB
LowFree:          138960 kB
SwapTotal:       1048572 kB
SwapFree:        1048572 kB
Dirty:                28 kB
Writeback:             0 kB
AnonPages:        767876 kB
Mapped:           300312 kB
Shmem:              4468 kB
Slab:              52576 kB
SReclaimable:      15940 kB
SUnreclaim:        36636 kB
KernelStack:       13856 kB
PageTables:        28532 kB
NFS_Unstable:          0 kB
Bounce:                0 kB
WritebackTmp:          0 kB
CommitLimit:     2499688 kB
Committed_AS:   63688344 kB
VmallocTotal:     385024 kB
VmallocUsed:      167920 kB
VmallocChunk:      68676 kB
Time pass: 317 sec

---2015-11-19 19:35:53
MemTotal:        2902232 kB
MemFree:          178212 kB
Buffers:           17016 kB
Cached:          1062260 kB
SwapCached:            0 kB
Active:           966008 kB
Inactive:         881200 kB
Active(anon):     767056 kB
Inactive(anon):     5340 kB
Active(file):     198952 kB
Inactive(file):   875860 kB
Unevictable:           0 kB
Mlocked:               0 kB
HighTotal:       2311552 kB
HighFree:          38328 kB
LowTotal:         590680 kB
LowFree:          139884 kB
SwapTotal:       1048572 kB
SwapFree:        1048572 kB
Dirty:                40 kB
Writeback:             0 kB
AnonPages:        768028 kB
Mapped:           300312 kB
Shmem:              4468 kB
Slab:              52552 kB
SReclaimable:      15940 kB
SUnreclaim:        36612 kB
KernelStack:       13856 kB
PageTables:        28532 kB
NFS_Unstable:          0 kB
Bounce:                0 kB
WritebackTmp:          0 kB
CommitLimit:     2499688 kB
Committed_AS:   63688488 kB
VmallocTotal:     385024 kB
VmallocUsed:      167920 kB
VmallocChunk:      68676 kB
Time pass: 320 sec

---2015-11-19 19:35:53
MemTotal:        2902232 kB
MemFree:          178196 kB
Buffers:           17024 kB
Cached:          1062252 kB
SwapCached:            0 kB
Active:           966184 kB
Inactive:         881216 kB
Active(anon):     767232 kB
Inactive(anon):     5340 kB
Active(file):     198952 kB
Inactive(file):   875876 kB
Unevictable:           0 kB
Mlocked:               0 kB
HighTotal:       2311552 kB
HighFree:          38204 kB
LowTotal:         590680 kB
LowFree:          139992 kB
SwapTotal:       1048572 kB
SwapFree:        1048572 kB
Dirty:                 0 kB
Writeback:             0 kB
AnonPages:        768072 kB
Mapped:           300312 kB
