---2015-10-25 15:24:01
MemTotal:        2746844 kB
MemFree:          209936 kB
Buffers:           96360 kB
Cached:           811984 kB
SwapCached:         9816 kB
Active:           757788 kB
Inactive:         802388 kB
Active(anon):     275052 kB
Inactive(anon):   396844 kB
Active(file):     482736 kB
Inactive(file):   405544 kB
Unevictable:       35692 kB
Mlocked:           27720 kB
SwapTotal:       1310716 kB
SwapFree:        1067556 kB
Dirty:                 0 kB
Writeback:             0 kB
AnonPages:        681308 kB
Mapped:           261960 kB
Shmem:              1076 kB
Slab:             116948 kB
SReclaimable:      32952 kB
SUnreclaim:        83996 kB
KernelStack:       26352 kB
PageTables:        39220 kB
NFS_Unstable:          0 kB
Bounce:                0 kB
WritebackTmp:          0 kB
CommitLimit:     2684136 kB
Committed_AS:   94161988 kB
VmallocTotal:   251658176 kB
VmallocUsed:      305908 kB
VmallocChunk:   247561408 kB
Time pass: 3 sec

---2015-10-25 15:24:01
MemTotal:        2746844 kB
MemFree:          209752 kB
Buffers:           96360 kB
Cached:           811984 kB
SwapCached:         9816 kB
Active:           758192 kB
Inactive:         802388 kB
Active(anon):     275456 kB
Inactive(anon):   396844 kB
Active(file):     482736 kB
Inactive(file):   405544 kB
Unevictable:       35692 kB
Mlocked:           27720 kB
SwapTotal:       1310716 kB
SwapFree:        1067556 kB
Dirty:                 0 kB
Writeback:             0 kB
AnonPages:        681552 kB
Mapped:           262044 kB
Shmem:              1076 kB
Slab:             116948 kB
SReclaimable:      32952 kB
SUnreclaim:        83996 kB
KernelStack:       26352 kB
PageTables:        39248 kB
NFS_Unstable:          0 kB
Bounce:                0 kB
WritebackTmp:          0 kB
CommitLimit:     2684136 kB
Committed_AS:   94162004 kB
VmallocTotal:   251658176 kB
VmallocUsed:      305908 kB
VmallocChunk:   247561408 kB
Time pass: 6 sec

---2015-10-25 15:24:01
MemTotal:        2746844 kB
MemFree:          209940 kB
Buffers:           96360 kB
Cached:           811980 kB
SwapCached:         9816 kB
Active:           758484 kB
Inactive:         802388 kB
Active(anon):     275748 kB
Inactive(anon):   396844 kB
Active(file):     482736 kB
Inactive(file):   405544 kB
Unevictable:       35692 kB
Mlocked:           27720 kB
SwapTotal:       1310716 kB
SwapFree:        1067556 kB
Dirty:                 0 kB
Writeback:             0 kB
AnonPages:        681616 kB
Mapped:           262124 kB
Shmem:              1072 kB
Slab:             116948 kB
SReclaimable:      32952 kB
SUnreclaim:        83996 kB
KernelStack:       26352 kB
PageTables:        39272 kB
NFS_Unstable:          0 kB
Bounce:                0 kB
WritebackTmp:          0 kB
CommitLimit:     2684136 kB
Committed_AS:   94161980 kB
VmallocTotal:   251658176 kB
VmallocUsed:      305908 kB
VmallocChunk:   247561408 kB
Time pass: 10 sec

---2015-10-25 15:24:01
MemTotal:        2746844 kB
MemFree:          209680 kB
Buffers:           96360 kB
Cached:           811980 kB
SwapCached:         9816 kB
Active:           758872 kB
Inactive:         802388 kB
Active(anon):     276136 kB
Inactive(anon):   396844 kB
Active(file):     482736 kB
Inactive(file):   405544 kB
Unevictable:       35692 kB
Mlocked:           27720 kB
SwapTotal:       1310716 kB
SwapFree:        1067556 kB
Dirty:                 0 kB
Writeback:             0 kB
AnonPages:        682148 kB
Mapped:           262208 kB
Shmem:              1072 kB
Slab:             116948 kB
SReclaimable:      32952 kB
SUnreclaim:        83996 kB
KernelStack:       26352 kB
PageTables:        39300 kB
NFS_Unstable:          0 kB
Bounce:                0 kB
WritebackTmp:          0 kB
CommitLimit:     2684136 kB
Committed_AS:   94161988 kB
VmallocTotal:   251658176 kB
VmallocUsed:      305908 kB
VmallocChunk:   247561408 kB
Time pass: 14 sec

---2015-10-25 15:24:01
MemTotal:        2746844 kB
MemFree:          208396 kB
Buffers:           96368 kB
Cached:           811980 kB
SwapCached:         9816 kB
Active:           759936 kB
Inactive:         802392 kB
Active(anon):     277196 kB
Inactive(anon):   396844 kB
Active(file):     482740 kB
Inactive(file):   405548 kB
Unevictable:       35692 kB
Mlocked:           27720 kB
SwapTotal:       1310716 kB
SwapFree:        1067556 kB
Dirty:                48 kB
Writeback:             0 kB
AnonPages:        682916 kB
Mapped:           262208 kB
Shmem:              1072 kB
Slab:             116948 kB
SReclaimable:      32952 kB
SUnreclaim:        83996 kB
KernelStack:       26352 kB
PageTables:        39304 kB
NFS_Unstable:          0 kB
Bounce:                0 kB
WritebackTmp:          0 kB
CommitLimit:     2684136 kB
Committed_AS:   94161988 kB
VmallocTotal:   251658176 kB
VmallocUsed:      305908 kB
VmallocChunk:   247561408 kB
Time pass: 17 sec

---2015-10-25 15:24:01
MemTotal:        2746844 kB
MemFree:          208676 kB
Buffers:           96368 kB
Cached:           811980 kB
SwapCached:         9816 kB
Active:           759940 kB
Inactive:         802392 kB
Active(anon):     277200 kB
Inactive(anon):   396844 kB
Active(file):     482740 kB
Inactive(file):   405548 kB
Unevictable:       35692 kB
Mlocked:           27720 kB
SwapTotal:       1310716 kB
SwapFree:        1067556 kB
Dirty:                44 kB
Writeback:             0 kB
AnonPages:        683172 kB
Mapped:           262208 kB
Shmem:              1072 kB
Slab:             116948 kB
SReclaimable:      32952 kB
SUnreclaim:        83996 kB
KernelStack:       26352 kB
PageTables:        39304 kB
NFS_Unstable:          0 kB
Bounce:                0 kB
WritebackTmp:          0 kB
CommitLimit:     2684136 kB
Committed_AS:   94161980 kB
VmallocTotal:   251658176 kB
VmallocUsed:      305908 kB
VmallocChunk:   247561408 kB
Time pass: 21 sec

---2015-10-25 15:24:01
MemTotal:        2746844 kB
MemFree:          208284 kB
Buffers:           96368 kB
Cached:           811980 kB
SwapCached:         9816 kB
Active:           760216 kB
Inactive:         802384 kB
Active(anon):     277468 kB
Inactive(anon):   396844 kB
Active(file):     482748 kB
Inactive(file):   405540 kB
Unevictable:       35692 kB
Mlocked:           27720 kB
SwapTotal:       1310716 kB
SwapFree:        1067556 kB
Dirty:                44 kB
Writeback:             0 kB
AnonPages:        683196 kB
Mapped:           262216 kB
Shmem:              1072 kB
Slab:             116948 kB
SReclaimable:      32952 kB
SUnreclaim:        83996 kB
KernelStack:       26384 kB
PageTables:        39344 kB
NFS_Unstable:          0 kB
Bounce:                0 kB
WritebackTmp:          0 kB
CommitLimit:     2684136 kB
Committed_AS:   94161988 kB
VmallocTotal:   251658176 kB
VmallocUsed:      305908 kB
VmallocChunk:   247561408 kB
Time pass: 24 sec

---2015-10-25 15:24:01
MemTotal:        2746844 kB
MemFree:          208600 kB
Buffers:           96368 kB
Cached:           811980 kB
SwapCached:         9816 kB
Active:           760300 kB
Inactive:         802384 kB
Active(anon):     277552 kB
Inactive(anon):   396844 kB
Active(file):     482748 kB
Inactive(file):   405540 kB
Unevictable:       35692 kB
Mlocked:           27720 kB
SwapTotal:       1310716 kB
SwapFree:        1067556 kB
Dirty:                 0 kB
Writeback:             0 kB
AnonPages:        683428 kB
Mapped:           262200 kB
Shmem:              1072 kB
Slab:             116948 kB
SReclaimable:      32952 kB
SUnreclaim:        83996 kB
KernelStack:       26352 kB
PageTables:        39308 kB
NFS_Unstable:          0 kB
Bounce:                0 kB
WritebackTmp:          0 kB
CommitLimit:     2684136 kB
Committed_AS:   94161988 kB
VmallocTotal:   251658176 kB
VmallocUsed:      305908 kB
VmallocChunk:   247561408 kB
Time pass: 28 sec

---2015-10-25 15:24:01
MemTotal:        2746844 kB
MemFree:          208116 kB
Buffers:           96368 kB
Cached:           811980 kB
SwapCached:         9816 kB
Active:           760520 kB
Inactive:         802384 kB
Active(anon):     277772 kB
Inactive(anon):   396844 kB
Active(file):     482748 kB
Inactive(file):   405540 kB
Unevictable:       35692 kB
Mlocked:           27720 kB
SwapTotal:       1310716 kB
SwapFree:        1067556 kB
Dirty:                 0 kB
Writeback:             0 kB
AnonPages:        683420 kB
Mapped:           262208 kB
Shmem:              1072 kB
Slab:             116948 kB
SReclaimable:      32952 kB
SUnreclaim:        83996 kB
KernelStack:       26352 kB
PageTables:        39304 kB
NFS_Unstable:          0 kB
Bounce:                0 kB
WritebackTmp:          0 kB
CommitLimit:     2684136 kB
Committed_AS:   94161988 kB
VmallocTotal:   251658176 kB
VmallocUsed:      305908 kB
VmallocChunk:   247561408 kB
Time pass: 31 sec

---2015-10-25 15:24:01
MemTotal:        2746844 kB
MemFree:          207828 kB
Buffers:           96368 kB
Cached:           811980 kB
SwapCached:         9816 kB
Active:           760880 kB
Inactive:         802384 kB
Active(anon):     278132 kB
Inactive(anon):   396844 kB
Active(file):     482748 kB
Inactive(file):   405540 kB
Unevictable:       35692 kB
Mlocked:           27720 kB
SwapTotal:       1310716 kB
SwapFree:        1067556 kB
Dirty:                 0 kB
Writeback:             0 kB
AnonPages:        683900 kB
Mapped:           262208 kB
Shmem:              1072 kB
Slab:             116948 kB
SReclaimable:      32952 kB
SUnreclaim:        83996 kB
KernelStack:       26352 kB
PageTables:        39308 kB
NFS_Unstable:          0 kB
Bounce:                0 kB
WritebackTmp:          0 kB
CommitLimit:     2684136 kB
Committed_AS:   94161988 kB
VmallocTotal:   251658176 kB
VmallocUsed:      305908 kB
VmallocChunk:   247561408 kB
Time pass: 35 sec

---2015-10-25 15:24:01
MemTotal:        2746844 kB
MemFree:          207736 kB
Buffers:           96368 kB
Cached:           811980 kB
SwapCached:         9816 kB
Active:           761264 kB
Inactive:         802384 kB
Active(anon):     278516 kB
Inactive(anon):   396844 kB
Active(file):     482748 kB
Inactive(file):   405540 kB
Unevictable:       35692 kB
Mlocked:           27720 kB
SwapTotal:       1310716 kB
SwapFree:        1067556 kB
Dirty:                 0 kB
Writeback:             0 kB
AnonPages:        684204 kB
Mapped:           262208 kB
Shmem:              1072 kB
Slab:             116948 kB
SReclaimable:      32952 kB
SUnreclaim:        83996 kB
KernelStack:       26352 kB
PageTables:        39304 kB
NFS_Unstable:          0 kB
Bounce:                0 kB
WritebackTmp:          0 kB
CommitLimit:     2684136 kB
Committed_AS:   94161988 kB
VmallocTotal:   251658176 kB
VmallocUsed:      305908 kB
VmallocChunk:   247561408 kB
Time pass: 39 sec

---2015-10-25 15:24:01
MemTotal:        2746844 kB
MemFree:          207736 kB
Buffers:           96368 kB
Cached:           811980 kB
SwapCached:         9816 kB
Active:           761424 kB
Inactive:         802384 kB
Active(anon):     278676 kB
Inactive(anon):   396844 kB
Active(file):     482748 kB
Inactive(file):   405540 kB
Unevictable:       35692 kB
Mlocked:           27720 kB
SwapTotal:       1310716 kB
SwapFree:        1067556 kB
Dirty:                 0 kB
Writeback:             0 kB
AnonPages:        684408 kB
Mapped:           262208 kB
Shmem:              1072 kB
Slab:             116948 kB
SReclaimable:      32952 kB
SUnreclaim:        83996 kB
KernelStack:       26352 kB
PageTables:        39304 kB
NFS_Unstable:          0 kB
Bounce:                0 kB
WritebackTmp:          0 kB
CommitLimit:     2684136 kB
Committed_AS:   94161980 kB
VmallocTotal:   251658176 kB
VmallocUsed:      305908 kB
VmallocChunk:   247561408 kB
Time pass: 42 sec

---2015-10-25 15:24:01
MemTotal:        2746844 kB
MemFree:          207168 kB
Buffers:           96368 kB
Cached:           811980 kB
SwapCached:         9816 kB
Active:           761708 kB
Inactive:         802384 kB
Active(anon):     278960 kB
Inactive(anon):   396844 kB
Active(file):     482748 kB
Inactive(file):   405540 kB
Unevictable:       35692 kB
Mlocked:           27720 kB
SwapTotal:       1310716 kB
SwapFree:        1067556 kB
Dirty:                 0 kB
Writeback:             0 kB
AnonPages:        684712 kB
Mapped:           262208 kB
Shmem:              1072 kB
Slab:             116948 kB
SReclaimable:      32952 kB
SUnreclaim:        83996 kB
KernelStack:       26352 kB
PageTables:        39304 kB
NFS_Unstable:          0 kB
Bounce:                0 kB
WritebackTmp:          0 kB
CommitLimit:     2684136 kB
Committed_AS:   94161988 kB
VmallocTotal:   251658176 kB
VmallocUsed:      305908 kB
VmallocChunk:   247561408 kB
Time pass: 46 sec

---2015-10-25 15:24:01
MemTotal:        2746844 kB
MemFree:          207892 kB
Buffers:           96368 kB
Cached:           811980 kB
SwapCached:         9816 kB
Active:           760712 kB
Inactive:         802384 kB
Active(anon):     277964 kB
Inactive(anon):   396844 kB
Active(file):     482748 kB
Inactive(file):   405540 kB
Unevictable:       35692 kB
Mlocked:           27720 kB
SwapTotal:       1310716 kB
SwapFree:        1067556 kB
Dirty:                 0 kB
Writeback:             0 kB
AnonPages:        684040 kB
Mapped:           262124 kB
Shmem:              1072 kB
Slab:             116948 kB
SReclaimable:      32952 kB
SUnreclaim:        83996 kB
KernelStack:       26352 kB
PageTables:        39272 kB
NFS_Unstable:          0 kB
Bounce:                0 kB
WritebackTmp:          0 kB
CommitLimit:     2684136 kB
Committed_AS:   94161988 kB
VmallocTotal:   251658176 kB
VmallocUsed:      305908 kB
VmallocChunk:   247561408 kB
Time pass: 49 sec

---2015-10-25 15:24:01
MemTotal:        2746844 kB
MemFree:          209008 kB
Buffers:           96368 kB
Cached:           811980 kB
SwapCached:         9816 kB
Active:           759828 kB
Inactive:         802384 kB
Active(anon):     277080 kB
Inactive(anon):   396844 kB
Active(file):     482748 kB
Inactive(file):   405540 kB
Unevictable:       35692 kB
Mlocked:           27720 kB
SwapTotal:       1310716 kB
SwapFree:        1067556 kB
Dirty:                 0 kB
Writeback:             0 kB
AnonPages:        683084 kB
Mapped:           262124 kB
Shmem:              1072 kB
Slab:             116948 kB
SReclaimable:      32952 kB
SUnreclaim:        83996 kB
KernelStack:       26352 kB
PageTables:        39272 kB
NFS_Unstable:          0 kB
Bounce:                0 kB
WritebackTmp:          0 kB
CommitLimit:     2684136 kB
Committed_AS:   94161988 kB
VmallocTotal:   251658176 kB
VmallocUsed:      305908 kB
VmallocChunk:   247561408 kB
Time pass: 53 sec

---2015-10-25 15:24:01
MemTotal:        2746844 kB
MemFree:          208284 kB
Buffers:           96368 kB
Cached:           811980 kB
SwapCached:         9816 kB
Active:           760256 kB
Inactive:         802384 kB
Active(anon):     277508 kB
Inactive(anon):   396844 kB
Active(file):     482748 kB
Inactive(file):   405540 kB
Unevictable:       35692 kB
Mlocked:           27720 kB
SwapTotal:       1310716 kB
SwapFree:        1067556 kB
Dirty:                 0 kB
Writeback:             0 kB
AnonPages:        683300 kB
Mapped:           262208 kB
Shmem:              1072 kB
Slab:             116948 kB
SReclaimable:      32952 kB
SUnreclaim:        83996 kB
KernelStack:       26352 kB
PageTables:        39300 kB
NFS_Unstable:          0 kB
Bounce:                0 kB
WritebackTmp:          0 kB
CommitLimit:     2684136 kB
Committed_AS:   94161988 kB
VmallocTotal:   251658176 kB
VmallocUsed:      305908 kB
VmallocChunk:   247561408 kB
Time pass: 56 sec

---2015-10-25 15:24:01
MemTotal:        2746844 kB
MemFree:          206608 kB
Buffers:           96368 kB
Cached:           811980 kB
SwapCached:         9816 kB
Active:           761888 kB
Inactive:         802384 kB
Active(anon):     279140 kB
Inactive(anon):   396844 kB
Active(file):     482748 kB
Inactive(file):   405540 kB
Unevictable:       35692 kB
Mlocked:           27720 kB
SwapTotal:       1310716 kB
SwapFree:        1067556 kB
Dirty:                 0 kB
Writeback:             0 kB
AnonPages:        685136 kB
Mapped:           262124 kB
Shmem:              1072 kB
Slab:             116908 kB
SReclaimable:      32952 kB
SUnreclaim:        83956 kB
KernelStack:       26352 kB
PageTables:        39272 kB
NFS_Unstable:          0 kB
Bounce:                0 kB
WritebackTmp:          0 kB
CommitLimit:     2684136 kB
Committed_AS:   94161940 kB
VmallocTotal:   251658176 kB
VmallocUsed:      305908 kB
VmallocChunk:   247561408 kB
Time pass: 60 sec

---2015-10-25 15:24:01
MemTotal:        2746844 kB
MemFree:          206484 kB
Buffers:           96368 kB
Cached:           811980 kB
SwapCached:         9816 kB
Active:           761992 kB
Inactive:         802384 kB
Active(anon):     279244 kB
Inactive(anon):   396844 kB
Active(file):     482748 kB
Inactive(file):   405540 kB
Unevictable:       35692 kB
Mlocked:           27720 kB
SwapTotal:       1310716 kB
SwapFree:        1067556 kB
Dirty:                 0 kB
Writeback:             0 kB
AnonPages:        685240 kB
Mapped:           262124 kB
Shmem:              1072 kB
Slab:             116908 kB
SReclaimable:      32952 kB
SUnreclaim:        83956 kB
KernelStack:       26352 kB
PageTables:        39276 kB
NFS_Unstable:          0 kB
Bounce:                0 kB
WritebackTmp:          0 kB
CommitLimit:     2684136 kB
Committed_AS:   94161988 kB
VmallocTotal:   251658176 kB
VmallocUsed:      305908 kB
VmallocChunk:   247561408 kB
Time pass: 63 sec

---2015-10-25 15:24:01
MemTotal:        2746844 kB
MemFree:          207024 kB
Buffers:           96368 kB
Cached:           811980 kB
SwapCached:         9816 kB
Active:           762320 kB
Inactive:         802384 kB
Active(anon):     279572 kB
Inactive(anon):   396844 kB
Active(file):     482748 kB
Inactive(file):   405540 kB
Unevictable:       35692 kB
Mlocked:           27720 kB
SwapTotal:       1310716 kB
SwapFree:        1067556 kB
Dirty:                 0 kB
Writeback:             0 kB
AnonPages:        685456 kB
Mapped:           262124 kB
Shmem:              1072 kB
Slab:             116908 kB
SReclaimable:      32952 kB
SUnreclaim:        83956 kB
KernelStack:       26352 kB
PageTables:        39280 kB
NFS_Unstable:          0 kB
Bounce:                0 kB
WritebackTmp:          0 kB
CommitLimit:     2684136 kB
Committed_AS:   94161980 kB
VmallocTotal:   251658176 kB
VmallocUsed:      305908 kB
VmallocChunk:   247561408 kB
Time pass: 67 sec

---2015-10-25 15:24:01
MemTotal:        2746844 kB
MemFree:          206352 kB
Buffers:           96368 kB
Cached:           811980 kB
SwapCached:         9816 kB
Active:           762392 kB
Inactive:         802384 kB
Active(anon):     279644 kB
Inactive(anon):   396844 kB
Active(file):     482748 kB
Inactive(file):   405540 kB
Unevictable:       35692 kB
Mlocked:           27720 kB
SwapTotal:       1310716 kB
SwapFree:        1067556 kB
Dirty:                 0 kB
Writeback:             0 kB
AnonPages:        685736 kB
Mapped:           262124 kB
Shmem:              1072 kB
Slab:             116908 kB
SReclaimable:      32952 kB
SUnreclaim:        83956 kB
KernelStack:       26352 kB
PageTables:        39280 kB
NFS_Unstable:          0 kB
Bounce:                0 kB
WritebackTmp:          0 kB
CommitLimit:     2684136 kB
Committed_AS:   94162004 kB
VmallocTotal:   251658176 kB
VmallocUsed:      305908 kB
VmallocChunk:   247561408 kB
Time pass: 71 sec

---2015-10-25 15:24:01
MemTotal:        2746844 kB
MemFree:          205372 kB
Buffers:           96368 kB
Cached:           812012 kB
SwapCached:         9816 kB
Active:           763392 kB
Inactive:         802416 kB
Active(anon):     280644 kB
Inactive(anon):   396844 kB
Active(file):     482748 kB
Inactive(file):   405572 kB
Unevictable:       35692 kB
Mlocked:           27720 kB
SwapTotal:       1310716 kB
SwapFree:        1067556 kB
Dirty:                32 kB
Writeback:             0 kB
AnonPages:        686520 kB
Mapped:           262212 kB
Shmem:              1072 kB
Slab:             116908 kB
SReclaimable:      32952 kB
SUnreclaim:        83956 kB
KernelStack:       26368 kB
PageTables:        39312 kB
NFS_Unstable:          0 kB
Bounce:                0 kB
WritebackTmp:          0 kB
CommitLimit:     2684136 kB
Committed_AS:   94162028 kB
VmallocTotal:   251658176 kB
VmallocUsed:      305908 kB
VmallocChunk:   247561408 kB
Time pass: 74 sec

---2015-10-25 15:24:01
MemTotal:        2746844 kB
MemFree:          204676 kB
Buffers:           96380 kB
Cached:           811980 kB
SwapCached:         9816 kB
Active:           763500 kB
Inactive:         802392 kB
Active(anon):     280748 kB
Inactive(anon):   396844 kB
Active(file):     482752 kB
Inactive(file):   405548 kB
Unevictable:       35692 kB
Mlocked:           27720 kB
SwapTotal:       1310716 kB
SwapFree:        1067556 kB
Dirty:                76 kB
Writeback:             0 kB
AnonPages:        686672 kB
Mapped:           262208 kB
Shmem:              1072 kB
Slab:             116908 kB
SReclaimable:      32952 kB
SUnreclaim:        83956 kB
KernelStack:       26352 kB
PageTables:        39304 kB
NFS_Unstable:          0 kB
Bounce:                0 kB
WritebackTmp:          0 kB
CommitLimit:     2684136 kB
Committed_AS:   94162036 kB
VmallocTotal:   251658176 kB
VmallocUsed:      305908 kB
VmallocChunk:   247561408 kB
Time pass: 78 sec

---2015-10-25 15:24:01
MemTotal:        2746844 kB
MemFree:          204500 kB
Buffers:           96380 kB
Cached:           812016 kB
SwapCached:         9816 kB
Active:           763720 kB
Inactive:         802420 kB
Active(anon):     280960 kB
Inactive(anon):   396844 kB
Active(file):     482760 kB
Inactive(file):   405576 kB
Unevictable:       35692 kB
Mlocked:           27720 kB
SwapTotal:       1310716 kB
SwapFree:        1067556 kB
Dirty:                72 kB
Writeback:             0 kB
AnonPages:        687052 kB
Mapped:           262124 kB
Shmem:              1072 kB
Slab:             116908 kB
SReclaimable:      32952 kB
SUnreclaim:        83956 kB
KernelStack:       26352 kB
PageTables:        39276 kB
NFS_Unstable:          0 kB
Bounce:                0 kB
WritebackTmp:          0 kB
CommitLimit:     2684136 kB
Committed_AS:   94161980 kB
VmallocTotal:   251658176 kB
VmallocUsed:      305908 kB
VmallocChunk:   247561408 kB
Time pass: 81 sec

---2015-10-25 15:24:01
MemTotal:        2746844 kB
MemFree:          204516 kB
Buffers:           96388 kB
Cached:           811980 kB
SwapCached:         9816 kB
Active:           763776 kB
Inactive:         802384 kB
Active(anon):     281016 kB
Inactive(anon):   396844 kB
Active(file):     482760 kB
Inactive(file):   405540 kB
Unevictable:       35692 kB
Mlocked:           27720 kB
SwapTotal:       1310716 kB
SwapFree:        1067556 kB
Dirty:                28 kB
Writeback:             0 kB
AnonPages:        687116 kB
Mapped:           262124 kB
Shmem:              1072 kB
Slab:             116908 kB
SReclaimable:      32952 kB
SUnreclaim:        83956 kB
KernelStack:       26336 kB
PageTables:        39276 kB
NFS_Unstable:          0 kB
Bounce:                0 kB
WritebackTmp:          0 kB
CommitLimit:     2684136 kB
Committed_AS:   94161988 kB
VmallocTotal:   251658176 kB
VmallocUsed:      305908 kB
VmallocChunk:   247561408 kB
Time pass: 85 sec

---2015-10-25 15:24:01
MemTotal:        2746844 kB
MemFree:          196568 kB
Buffers:           96716 kB
Cached:           812004 kB
SwapCached:         9816 kB
Active:           770596 kB
Inactive:         802700 kB
Active(anon):     287792 kB
Inactive(anon):   396844 kB
Active(file):     482804 kB
Inactive(file):   405856 kB
Unevictable:       35692 kB
Mlocked:           27720 kB
SwapTotal:       1310716 kB
SwapFree:        1067556 kB
Dirty:               132 kB
Writeback:             0 kB
AnonPages:        693988 kB
Mapped:           266948 kB
Shmem:              1072 kB
Slab:             116908 kB
SReclaimable:      32956 kB
SUnreclaim:        83952 kB
KernelStack:       26768 kB
PageTables:        40572 kB
NFS_Unstable:          0 kB
Bounce:                0 kB
WritebackTmp:          0 kB
CommitLimit:     2684136 kB
Committed_AS:   97749304 kB
VmallocTotal:   251658176 kB
VmallocUsed:      307948 kB
VmallocChunk:   247561408 kB
Time pass: 88 sec

---2015-10-25 15:24:01
MemTotal:        2746844 kB
MemFree:           91156 kB
Buffers:           96760 kB
Cached:           811852 kB
SwapCached:         9816 kB
Active:           806568 kB
Inactive:         802388 kB
Active(anon):     323728 kB
Inactive(anon):   396552 kB
Active(file):     482840 kB
Inactive(file):   405836 kB
Unevictable:       35692 kB
Mlocked:           27720 kB
SwapTotal:       1310716 kB
SwapFree:        1067556 kB
Dirty:               880 kB
Writeback:             0 kB
AnonPages:        730308 kB
Mapped:           298892 kB
Shmem:               944 kB
Slab:             116904 kB
SReclaimable:      32968 kB
SUnreclaim:        83936 kB
KernelStack:       27920 kB
PageTables:        41320 kB
NFS_Unstable:          0 kB
Bounce:                0 kB
WritebackTmp:          0 kB
CommitLimit:     2684136 kB
Committed_AS:   99076540 kB
VmallocTotal:   251658176 kB
VmallocUsed:      313904 kB
VmallocChunk:   247561408 kB
Time pass: 92 sec

---2015-10-25 15:24:01
MemTotal:        2746844 kB
MemFree:           75272 kB
Buffers:           96760 kB
Cached:           811028 kB
SwapCached:         9816 kB
Active:           797380 kB
Inactive:         801952 kB
Active(anon):     314752 kB
Inactive(anon):   396540 kB
Active(file):     482628 kB
Inactive(file):   405412 kB
Unevictable:       35692 kB
Mlocked:           27720 kB
SwapTotal:       1310716 kB
SwapFree:        1067556 kB
Dirty:               112 kB
Writeback:             0 kB
AnonPages:        721876 kB
Mapped:           302392 kB
Shmem:               948 kB
Slab:             116912 kB
SReclaimable:      32968 kB
SUnreclaim:        83944 kB
KernelStack:       27984 kB
PageTables:        41520 kB
NFS_Unstable:          0 kB
Bounce:                0 kB
WritebackTmp:          0 kB
CommitLimit:     2684136 kB
Committed_AS:   99077896 kB
VmallocTotal:   251658176 kB
VmallocUsed:      314020 kB
VmallocChunk:   247561408 kB
Time pass: 96 sec

---2015-10-25 15:24:01
MemTotal:        2746844 kB
MemFree:           69612 kB
Buffers:           96108 kB
Cached:           786964 kB
SwapCached:         9672 kB
Active:           773388 kB
Inactive:         789340 kB
Active(anon):     317444 kB
Inactive(anon):   382016 kB
Active(file):     455944 kB
Inactive(file):   407324 kB
Unevictable:       35692 kB
Mlocked:           27720 kB
SwapTotal:       1310716 kB
SwapFree:        1061480 kB
Dirty:              2400 kB
Writeback:             0 kB
AnonPages:        708256 kB
Mapped:           301372 kB
Shmem:               948 kB
Slab:             116980 kB
SReclaimable:      32968 kB
SUnreclaim:        84012 kB
KernelStack:       28288 kB
PageTables:        41536 kB
NFS_Unstable:          0 kB
Bounce:                0 kB
WritebackTmp:          0 kB
CommitLimit:     2684136 kB
Committed_AS:   99094432 kB
VmallocTotal:   251658176 kB
VmallocUsed:      315772 kB
VmallocChunk:   247561408 kB
Time pass: 99 sec

---2015-10-25 15:24:01
MemTotal:        2746844 kB
MemFree:           70736 kB
Buffers:           96108 kB
Cached:           786412 kB
SwapCached:         9672 kB
Active:           771248 kB
Inactive:         788344 kB
Active(anon):     315728 kB
Inactive(anon):   381280 kB
Active(file):     455520 kB
Inactive(file):   407064 kB
Unevictable:       35692 kB
Mlocked:           27720 kB
SwapTotal:       1310716 kB
SwapFree:        1061480 kB
Dirty:               132 kB
Writeback:             0 kB
AnonPages:        706532 kB
Mapped:           301492 kB
Shmem:               948 kB
Slab:             116992 kB
SReclaimable:      32968 kB
SUnreclaim:        84024 kB
KernelStack:       28272 kB
PageTables:        41504 kB
NFS_Unstable:          0 kB
Bounce:                0 kB
WritebackTmp:          0 kB
CommitLimit:     2684136 kB
Committed_AS:   99094464 kB
VmallocTotal:   251658176 kB
VmallocUsed:      315784 kB
VmallocChunk:   247561408 kB
Time pass: 103 sec

---2015-10-25 15:24:01
MemTotal:        2746844 kB
MemFree:           72532 kB
Buffers:           96108 kB
Cached:           786412 kB
SwapCached:         9672 kB
Active:           769196 kB
Inactive:         788336 kB
Active(anon):     313676 kB
Inactive(anon):   381272 kB
Active(file):     455520 kB
Inactive(file):   407064 kB
Unevictable:       35692 kB
Mlocked:           27720 kB
SwapTotal:       1310716 kB
SwapFree:        1061480 kB
Dirty:                 0 kB
Writeback:             0 kB
AnonPages:        704260 kB
Mapped:           301576 kB
Shmem:               948 kB
Slab:             116992 kB
SReclaimable:      32968 kB
SUnreclaim:        84024 kB
KernelStack:       28272 kB
PageTables:        41528 kB
NFS_Unstable:          0 kB
Bounce:                0 kB
WritebackTmp:          0 kB
CommitLimit:     2684136 kB
Committed_AS:   99094528 kB
VmallocTotal:   251658176 kB
VmallocUsed:      315784 kB
VmallocChunk:   247561408 kB
Time pass: 107 sec

---2015-10-25 15:24:01
MemTotal:        2746844 kB
MemFree:           72220 kB
Buffers:           96108 kB
Cached:           786412 kB
SwapCached:         9672 kB
Active:           769448 kB
Inactive:         788332 kB
Active(anon):     313924 kB
Inactive(anon):   381272 kB
Active(file):     455524 kB
Inactive(file):   407060 kB
Unevictable:       35692 kB
Mlocked:           27720 kB
SwapTotal:       1310716 kB
SwapFree:        1061480 kB
Dirty:                36 kB
Writeback:             0 kB
AnonPages:        704584 kB
Mapped:           301660 kB
Shmem:               948 kB
Slab:             116992 kB
SReclaimable:      32968 kB
SUnreclaim:        84024 kB
KernelStack:       28272 kB
PageTables:        41556 kB
NFS_Unstable:          0 kB
Bounce:                0 kB
WritebackTmp:          0 kB
CommitLimit:     2684136 kB
Committed_AS:   99094528 kB
VmallocTotal:   251658176 kB
VmallocUsed:      315784 kB
VmallocChunk:   247561408 kB
Time pass: 110 sec

---2015-10-25 15:24:01
MemTotal:        2746844 kB
MemFree:           69424 kB
Buffers:           93996 kB
Cached:           779604 kB
SwapCached:         9708 kB
Active:           772488 kB
Inactive:         775052 kB
Active(anon):     318300 kB
Inactive(anon):   375868 kB
Active(file):     454188 kB
Inactive(file):   399184 kB
Unevictable:       35692 kB
Mlocked:           27720 kB
SwapTotal:       1310716 kB
SwapFree:        1057544 kB
Dirty:               500 kB
Writeback:             0 kB
AnonPages:        703384 kB
Mapped:           300788 kB
Shmem:               948 kB
Slab:             117040 kB
SReclaimable:      32968 kB
SUnreclaim:        84072 kB
KernelStack:       28288 kB
PageTables:        41500 kB
NFS_Unstable:          0 kB
Bounce:                0 kB
WritebackTmp:          0 kB
CommitLimit:     2684136 kB
Committed_AS:   99094520 kB
VmallocTotal:   251658176 kB
VmallocUsed:      315844 kB
VmallocChunk:   247561408 kB
Time pass: 114 sec

---2015-10-25 15:24:01
MemTotal:        2746844 kB
MemFree:           69036 kB
Buffers:           94004 kB
Cached:           779596 kB
SwapCached:         9708 kB
Active:           772728 kB
Inactive:         775052 kB
Active(anon):     318540 kB
Inactive(anon):   375868 kB
Active(file):     454188 kB
Inactive(file):   399184 kB
Unevictable:       35692 kB
Mlocked:           27720 kB
SwapTotal:       1310716 kB
SwapFree:        1057544 kB
Dirty:                 0 kB
Writeback:             0 kB
AnonPages:        703608 kB
Mapped:           300788 kB
Shmem:               948 kB
Slab:             117040 kB
SReclaimable:      32968 kB
SUnreclaim:        84072 kB
KernelStack:       28272 kB
PageTables:        41500 kB
NFS_Unstable:          0 kB
Bounce:                0 kB
WritebackTmp:          0 kB
CommitLimit:     2684136 kB
Committed_AS:   99094608 kB
VmallocTotal:   251658176 kB
VmallocUsed:      315844 kB
VmallocChunk:   247561408 kB
Time pass: 118 sec

---2015-10-25 15:24:01
MemTotal:        2746844 kB
MemFree:           68704 kB
Buffers:           94044 kB
Cached:           779568 kB
SwapCached:         9708 kB
Active:           772800 kB
Inactive:         775232 kB
Active(anon):     318496 kB
Inactive(anon):   375868 kB
Active(file):     454304 kB
Inactive(file):   399364 kB
Unevictable:       35692 kB
Mlocked:           27720 kB
SwapTotal:       1310716 kB
SwapFree:        1057544 kB
Dirty:               104 kB
Writeback:             0 kB
AnonPages:        703880 kB
Mapped:           300788 kB
Shmem:               948 kB
Slab:             117040 kB
SReclaimable:      32968 kB
SUnreclaim:        84072 kB
KernelStack:       28272 kB
PageTables:        41504 kB
NFS_Unstable:          0 kB
Bounce:                0 kB
WritebackTmp:          0 kB
CommitLimit:     2684136 kB
Committed_AS:   99094600 kB
VmallocTotal:   251658176 kB
VmallocUsed:      315844 kB
VmallocChunk:   247561408 kB
Time pass: 121 sec

---2015-10-25 15:24:01
MemTotal:        2746844 kB
MemFree:           70576 kB
Buffers:           91132 kB
Cached:           764792 kB
SwapCached:         9388 kB
Active:           783732 kB
Inactive:         748332 kB
Active(anon):     328996 kB
Inactive(anon):   366824 kB
Active(file):     454736 kB
Inactive(file):   381508 kB
Unevictable:       35692 kB
Mlocked:           27720 kB
SwapTotal:       1310716 kB
SwapFree:        1053532 kB
Dirty:               556 kB
Writeback:             0 kB
AnonPages:        706056 kB
Mapped:           296788 kB
Shmem:               948 kB
Slab:             117092 kB
SReclaimable:      32968 kB
SUnreclaim:        84124 kB
KernelStack:       28272 kB
PageTables:        41520 kB
NFS_Unstable:          0 kB
Bounce:                0 kB
WritebackTmp:          0 kB
CommitLimit:     2684136 kB
Committed_AS:   99094688 kB
VmallocTotal:   251658176 kB
VmallocUsed:      315904 kB
VmallocChunk:   247561408 kB
Time pass: 125 sec

---2015-10-25 15:24:01
MemTotal:        2746844 kB
MemFree:           68144 kB
Buffers:           91132 kB
Cached:           765372 kB
SwapCached:         9388 kB
Active:           784108 kB
Inactive:         748044 kB
Active(anon):     329416 kB
Inactive(anon):   366168 kB
Active(file):     454692 kB
Inactive(file):   381876 kB
Unevictable:       35692 kB
Mlocked:           27720 kB
SwapTotal:       1310716 kB
SwapFree:        1053532 kB
Dirty:                12 kB
Writeback:             0 kB
AnonPages:        705764 kB
Mapped:           297216 kB
Shmem:               948 kB
Slab:             117096 kB
SReclaimable:      32968 kB
SUnreclaim:        84128 kB
KernelStack:       28288 kB
PageTables:        41524 kB
NFS_Unstable:          0 kB
Bounce:                0 kB
WritebackTmp:          0 kB
CommitLimit:     2684136 kB
Committed_AS:   99095000 kB
VmallocTotal:   251658176 kB
VmallocUsed:      315904 kB
VmallocChunk:   247561408 kB
Time pass: 128 sec

---2015-10-25 15:24:01
MemTotal:        2746844 kB
MemFree:           68668 kB
Buffers:           91132 kB
Cached:           765372 kB
SwapCached:         9388 kB
Active:           783996 kB
Inactive:         748036 kB
Active(anon):     329296 kB
Inactive(anon):   366168 kB
Active(file):     454700 kB
Inactive(file):   381868 kB
Unevictable:       35692 kB
Mlocked:           27720 kB
SwapTotal:       1310716 kB
SwapFree:        1053532 kB
Dirty:                16 kB
Writeback:             0 kB
AnonPages:        705692 kB
Mapped:           297300 kB
Shmem:               948 kB
Slab:             117096 kB
SReclaimable:      32968 kB
SUnreclaim:        84128 kB
KernelStack:       28272 kB
PageTables:        41552 kB
NFS_Unstable:          0 kB
Bounce:                0 kB
WritebackTmp:          0 kB
CommitLimit:     2684136 kB
Committed_AS:   99095008 kB
VmallocTotal:   251658176 kB
VmallocUsed:      315904 kB
VmallocChunk:   247561408 kB
Time pass: 132 sec

---2015-10-25 15:24:01
MemTotal:        2746844 kB
MemFree:           67100 kB
Buffers:           91120 kB
Cached:           763228 kB
SwapCached:         9396 kB
Active:           789944 kB
Inactive:         747216 kB
Active(anon):     336608 kB
Inactive(anon):   365536 kB
Active(file):     453336 kB
Inactive(file):   381680 kB
Unevictable:       35692 kB
Mlocked:           27720 kB
SwapTotal:       1310716 kB
SwapFree:        1052924 kB
Dirty:                84 kB
Writeback:             0 kB
AnonPages:        711432 kB
Mapped:           299872 kB
Shmem:               948 kB
Slab:             117100 kB
SReclaimable:      32968 kB
SUnreclaim:        84132 kB
KernelStack:       28432 kB
PageTables:        41508 kB
NFS_Unstable:          0 kB
Bounce:                0 kB
WritebackTmp:          0 kB
CommitLimit:     2684136 kB
Committed_AS:   99095104 kB
VmallocTotal:   251658176 kB
VmallocUsed:      315904 kB
VmallocChunk:   247561408 kB
Time pass: 136 sec

---2015-10-25 15:24:01
MemTotal:        2746844 kB
MemFree:           65288 kB
Buffers:           90192 kB
Cached:           761252 kB
SwapCached:         9464 kB
Active:           794324 kB
Inactive:         746080 kB
Active(anon):     342388 kB
Inactive(anon):   366688 kB
Active(file):     451936 kB
Inactive(file):   379392 kB
Unevictable:       35692 kB
Mlocked:           27720 kB
SwapTotal:       1310716 kB
SwapFree:        1052376 kB
Dirty:                 0 kB
Writeback:             0 kB
AnonPages:        718376 kB
Mapped:           301716 kB
Shmem:              1088 kB
Slab:             117100 kB
SReclaimable:      32968 kB
SUnreclaim:        84132 kB
KernelStack:       28736 kB
PageTables:        41628 kB
NFS_Unstable:          0 kB
Bounce:                0 kB
WritebackTmp:          0 kB
CommitLimit:     2684136 kB
Committed_AS:   99115124 kB
VmallocTotal:   251658176 kB
VmallocUsed:      317984 kB
VmallocChunk:   247561408 kB
Time pass: 140 sec

---2015-10-25 15:24:01
MemTotal:        2746844 kB
MemFree:           68772 kB
Buffers:           89148 kB
Cached:           756156 kB
SwapCached:         9460 kB
Active:           792456 kB
Inactive:         741252 kB
Active(anon):     340512 kB
Inactive(anon):   367960 kB
Active(file):     451944 kB
Inactive(file):   373292 kB
Unevictable:       35692 kB
Mlocked:           27720 kB
SwapTotal:       1310716 kB
SwapFree:        1050452 kB
Dirty:                60 kB
Writeback:             0 kB
AnonPages:        717832 kB
Mapped:           301712 kB
Shmem:              1164 kB
Slab:             117108 kB
SReclaimable:      32968 kB
SUnreclaim:        84140 kB
KernelStack:       28736 kB
PageTables:        41628 kB
NFS_Unstable:          0 kB
Bounce:                0 kB
WritebackTmp:          0 kB
CommitLimit:     2684136 kB
Committed_AS:   99115164 kB
VmallocTotal:   251658176 kB
VmallocUsed:      313888 kB
VmallocChunk:   247561408 kB
Time pass: 144 sec

---2015-10-25 15:24:01
MemTotal:        2746844 kB
MemFree:           83216 kB
Buffers:           88100 kB
Cached:           746696 kB
SwapCached:         9460 kB
Active:           791004 kB
Inactive:         729264 kB
Active(anon):     340716 kB
Inactive(anon):   364932 kB
Active(file):     450288 kB
Inactive(file):   364332 kB
Unevictable:       35692 kB
Mlocked:           27720 kB
SwapTotal:       1310716 kB
SwapFree:        1046720 kB
Dirty:                32 kB
Writeback:             0 kB
AnonPages:        715320 kB
Mapped:           301608 kB
Shmem:              1188 kB
Slab:             117176 kB
SReclaimable:      32968 kB
SUnreclaim:        84208 kB
KernelStack:       28736 kB
PageTables:        41660 kB
NFS_Unstable:          0 kB
Bounce:                0 kB
WritebackTmp:          0 kB
CommitLimit:     2684136 kB
Committed_AS:   99115140 kB
VmallocTotal:   251658176 kB
VmallocUsed:      313888 kB
VmallocChunk:   247561408 kB
Time pass: 147 sec

---2015-10-25 15:24:01
MemTotal:        2746844 kB
MemFree:          326508 kB
Buffers:           87728 kB
Cached:           736632 kB
SwapCached:         9596 kB
Active:           741892 kB
Inactive:         735568 kB
Active(anon):     301344 kB
Inactive(anon):   371788 kB
Active(file):     440548 kB
Inactive(file):   363780 kB
Unevictable:       35692 kB
Mlocked:           27720 kB
SwapTotal:       1310716 kB
SwapFree:        1042416 kB
Dirty:                72 kB
Writeback:             0 kB
AnonPages:        682744 kB
Mapped:           264368 kB
Shmem:              1064 kB
Slab:             117280 kB
SReclaimable:      32968 kB
SUnreclaim:        84312 kB
KernelStack:       28304 kB
PageTables:        43792 kB
NFS_Unstable:          0 kB
Bounce:                0 kB
WritebackTmp:          0 kB
CommitLimit:     2684136 kB
Committed_AS:   114545920 kB
VmallocTotal:   251658176 kB
VmallocUsed:      309004 kB
VmallocChunk:   247561408 kB
Time pass: 151 sec

---2015-10-25 15:24:01
MemTotal:        2746844 kB
MemFree:          336272 kB
Buffers:           87788 kB
Cached:           737168 kB
SwapCached:         9628 kB
Active:           734672 kB
Inactive:         733332 kB
Active(anon):     294072 kB
Inactive(anon):   369040 kB
Active(file):     440600 kB
Inactive(file):   364292 kB
Unevictable:       35692 kB
Mlocked:           27720 kB
SwapTotal:       1310716 kB
SwapFree:        1042416 kB
Dirty:               292 kB
Writeback:             0 kB
AnonPages:        672940 kB
Mapped:           263596 kB
Shmem:              1072 kB
Slab:             117280 kB
SReclaimable:      32968 kB
SUnreclaim:        84312 kB
KernelStack:       27808 kB
PageTables:        43292 kB
NFS_Unstable:          0 kB
Bounce:                0 kB
WritebackTmp:          0 kB
CommitLimit:     2684136 kB
Committed_AS:   106717480 kB
VmallocTotal:   251658176 kB
VmallocUsed:      308968 kB
VmallocChunk:   247561408 kB
Time pass: 155 sec

---2015-10-25 15:24:01
MemTotal:        2746844 kB
MemFree:          338496 kB
Buffers:           87788 kB
Cached:           737232 kB
SwapCached:         9628 kB
Active:           732632 kB
Inactive:         733216 kB
Active(anon):     292032 kB
Inactive(anon):   368856 kB
Active(file):     440600 kB
Inactive(file):   364360 kB
Unevictable:       35692 kB
Mlocked:           27720 kB
SwapTotal:       1310716 kB
SwapFree:        1042416 kB
Dirty:               116 kB
Writeback:             0 kB
AnonPages:        670748 kB
Mapped:           264636 kB
Shmem:              1072 kB
Slab:             117268 kB
SReclaimable:      32968 kB
SUnreclaim:        84300 kB
KernelStack:       27728 kB
PageTables:        43460 kB
NFS_Unstable:          0 kB
Bounce:                0 kB
WritebackTmp:          0 kB
CommitLimit:     2684136 kB
Committed_AS:   109327540 kB
VmallocTotal:   251658176 kB
VmallocUsed:      308968 kB
VmallocChunk:   247561408 kB
Time pass: 158 sec

---2015-10-25 15:24:01
MemTotal:        2746844 kB
MemFree:          333644 kB
Buffers:           87792 kB
Cached:           737232 kB
SwapCached:         9628 kB
Active:           737712 kB
Inactive:         733172 kB
Active(anon):     297108 kB
Inactive(anon):   368812 kB
Active(file):     440604 kB
Inactive(file):   364360 kB
Unevictable:       35692 kB
Mlocked:           27720 kB
SwapTotal:       1310716 kB
SwapFree:        1042416 kB
Dirty:               192 kB
Writeback:             0 kB
AnonPages:        675844 kB
Mapped:           264880 kB
Shmem:              1072 kB
Slab:             117236 kB
SReclaimable:      32968 kB
SUnreclaim:        84268 kB
KernelStack:       28000 kB
PageTables:        43784 kB
NFS_Unstable:          0 kB
Bounce:                0 kB
WritebackTmp:          0 kB
CommitLimit:     2684136 kB
Committed_AS:   111941232 kB
VmallocTotal:   251658176 kB
VmallocUsed:      308968 kB
VmallocChunk:   247561408 kB
Time pass: 162 sec

---2015-10-25 15:24:01
MemTotal:        2746844 kB
MemFree:          340432 kB
Buffers:           87792 kB
Cached:           737232 kB
SwapCached:         9628 kB
Active:           729864 kB
Inactive:         733172 kB
Active(anon):     289260 kB
Inactive(anon):   368812 kB
Active(file):     440604 kB
Inactive(file):   364360 kB
Unevictable:       35692 kB
Mlocked:           27720 kB
SwapTotal:       1310716 kB
SwapFree:        1042416 kB
Dirty:                 0 kB
Writeback:             0 kB
AnonPages:        667812 kB
Mapped:           263672 kB
Shmem:              1072 kB
Slab:             117236 kB
SReclaimable:      32968 kB
SUnreclaim:        84268 kB
KernelStack:       27920 kB
PageTables:        43668 kB
NFS_Unstable:          0 kB
Bounce:                0 kB
WritebackTmp:          0 kB
CommitLimit:     2684136 kB
Committed_AS:   106718192 kB
VmallocTotal:   251658176 kB
VmallocUsed:      308968 kB
VmallocChunk:   247561408 kB
Time pass: 165 sec

---2015-10-25 15:24:01
MemTotal:        2746844 kB
MemFree:          340132 kB
Buffers:           87796 kB
Cached:           737232 kB
SwapCached:         9628 kB
Active:           730264 kB
Inactive:         733164 kB
Active(anon):     289656 kB
Inactive(anon):   368804 kB
Active(file):     440608 kB
Inactive(file):   364360 kB
Unevictable:       35692 kB
Mlocked:           27720 kB
SwapTotal:       1310716 kB
SwapFree:        1042416 kB
Dirty:                16 kB
Writeback:             0 kB
AnonPages:        668080 kB
Mapped:           263780 kB
Shmem:              1072 kB
Slab:             117236 kB
SReclaimable:      32968 kB
SUnreclaim:        84268 kB
KernelStack:       27904 kB
PageTables:        43484 kB
NFS_Unstable:          0 kB
Bounce:                0 kB
WritebackTmp:          0 kB
CommitLimit:     2684136 kB
Committed_AS:   106718216 kB
VmallocTotal:   251658176 kB
VmallocUsed:      308968 kB
VmallocChunk:   247561408 kB
Time pass: 169 sec

---2015-10-25 15:24:01
MemTotal:        2746844 kB
MemFree:          339092 kB
Buffers:           87796 kB
Cached:           737232 kB
SwapCached:         9628 kB
Active:           730716 kB
Inactive:         733160 kB
Active(anon):     290108 kB
Inactive(anon):   368800 kB
Active(file):     440608 kB
Inactive(file):   364360 kB
Unevictable:       35692 kB
Mlocked:           27720 kB
SwapTotal:       1310716 kB
SwapFree:        1042416 kB
Dirty:                 0 kB
Writeback:             0 kB
AnonPages:        668320 kB
Mapped:           263868 kB
Shmem:              1072 kB
Slab:             117236 kB
SReclaimable:      32968 kB
SUnreclaim:        84268 kB
KernelStack:       27920 kB
PageTables:        43512 kB
NFS_Unstable:          0 kB
Bounce:                0 kB
WritebackTmp:          0 kB
CommitLimit:     2684136 kB
Committed_AS:   106718132 kB
VmallocTotal:   251658176 kB
VmallocUsed:      308968 kB
VmallocChunk:   247561408 kB
Time pass: 172 sec

---2015-10-25 15:24:01
MemTotal:        2746844 kB
MemFree:          339252 kB
Buffers:           87796 kB
Cached:           737232 kB
SwapCached:         9628 kB
Active:           730900 kB
Inactive:         733160 kB
Active(anon):     290292 kB
Inactive(anon):   368800 kB
Active(file):     440608 kB
Inactive(file):   364360 kB
Unevictable:       35692 kB
Mlocked:           27720 kB
SwapTotal:       1310716 kB
SwapFree:        1042416 kB
Dirty:                 0 kB
Writeback:             0 kB
AnonPages:        668384 kB
Mapped:           263952 kB
Shmem:              1072 kB
Slab:             117236 kB
SReclaimable:      32968 kB
SUnreclaim:        84268 kB
KernelStack:       27920 kB
PageTables:        43544 kB
NFS_Unstable:          0 kB
Bounce:                0 kB
WritebackTmp:          0 kB
CommitLimit:     2684136 kB
Committed_AS:   106718084 kB
VmallocTotal:   251658176 kB
VmallocUsed:      308968 kB
VmallocChunk:   247561408 kB
Time pass: 176 sec

---2015-10-25 15:24:01
MemTotal:        2746844 kB
MemFree:          337624 kB
Buffers:           87796 kB
Cached:           737232 kB
SwapCached:         9628 kB
Active:           732208 kB
Inactive:         733156 kB
Active(anon):     291600 kB
Inactive(anon):   368796 kB
Active(file):     440608 kB
Inactive(file):   364360 kB
Unevictable:       35692 kB
Mlocked:           27720 kB
SwapTotal:       1310716 kB
SwapFree:        1042416 kB
Dirty:                 0 kB
Writeback:             0 kB
AnonPages:        670024 kB
Mapped:           263868 kB
Shmem:              1072 kB
Slab:             117236 kB
SReclaimable:      32968 kB
SUnreclaim:        84268 kB
KernelStack:       27920 kB
PageTables:        43516 kB
NFS_Unstable:          0 kB
Bounce:                0 kB
WritebackTmp:          0 kB
CommitLimit:     2684136 kB
Committed_AS:   106718012 kB
VmallocTotal:   251658176 kB
VmallocUsed:      308968 kB
VmallocChunk:   247561408 kB
Time pass: 180 sec

---2015-10-25 15:24:01
MemTotal:        2746844 kB
MemFree:          334752 kB
Buffers:           87796 kB
Cached:           737232 kB
SwapCached:         9628 kB
Active:           735380 kB
Inactive:         733156 kB
Active(anon):     294772 kB
Inactive(anon):   368796 kB
Active(file):     440608 kB
Inactive(file):   364360 kB
Unevictable:       35692 kB
Mlocked:           27720 kB
SwapTotal:       1310716 kB
SwapFree:        1042416 kB
Dirty:                 0 kB
Writeback:             0 kB
AnonPages:        673556 kB
Mapped:           264792 kB
Shmem:              1072 kB
Slab:             117236 kB
SReclaimable:      32968 kB
SUnreclaim:        84268 kB
KernelStack:       27952 kB
PageTables:        43604 kB
NFS_Unstable:          0 kB
Bounce:                0 kB
WritebackTmp:          0 kB
CommitLimit:     2684136 kB
Committed_AS:   109327408 kB
VmallocTotal:   251658176 kB
VmallocUsed:      308968 kB
VmallocChunk:   247561408 kB
Time pass: 183 sec

---2015-10-25 15:24:01
MemTotal:        2746844 kB
MemFree:          187984 kB
Buffers:           88048 kB
Cached:           744224 kB
SwapCached:         9896 kB
Active:           761216 kB
Inactive:         740216 kB
Active(anon):     320520 kB
Inactive(anon):   368672 kB
Active(file):     440696 kB
Inactive(file):   371544 kB
Unevictable:       35692 kB
Mlocked:           27720 kB
SwapTotal:       1310716 kB
SwapFree:        1042416 kB
Dirty:              1116 kB
Writeback:             0 kB
AnonPages:        698728 kB
Mapped:           295796 kB
Shmem:               944 kB
Slab:             117232 kB
SReclaimable:      32968 kB
SUnreclaim:        84264 kB
KernelStack:       29120 kB
PageTables:        44596 kB
NFS_Unstable:          0 kB
Bounce:                0 kB
WritebackTmp:          0 kB
CommitLimit:     2684136 kB
Committed_AS:   108044884 kB
VmallocTotal:   251658176 kB
VmallocUsed:      310920 kB
VmallocChunk:   247561408 kB
Time pass: 187 sec

---2015-10-25 15:24:01
MemTotal:        2746844 kB
MemFree:          151236 kB
Buffers:           88048 kB
Cached:           744340 kB
SwapCached:         9924 kB
Active:           758276 kB
Inactive:         740172 kB
Active(anon):     317564 kB
Inactive(anon):   368440 kB
Active(file):     440712 kB
Inactive(file):   371732 kB
Unevictable:       35692 kB
Mlocked:           27720 kB
SwapTotal:       1310716 kB
SwapFree:        1042420 kB
Dirty:              1332 kB
Writeback:             0 kB
AnonPages:        695392 kB
Mapped:           298152 kB
Shmem:               948 kB
Slab:             117240 kB
SReclaimable:      32968 kB
SUnreclaim:        84272 kB
KernelStack:       29344 kB
PageTables:        44676 kB
NFS_Unstable:          0 kB
Bounce:                0 kB
WritebackTmp:          0 kB
CommitLimit:     2684136 kB
Committed_AS:   108055376 kB
VmallocTotal:   251658176 kB
VmallocUsed:      312132 kB
VmallocChunk:   247561408 kB
Time pass: 191 sec

---2015-10-25 15:24:01
MemTotal:        2746844 kB
MemFree:          136268 kB
Buffers:           88048 kB
Cached:           744420 kB
SwapCached:         9924 kB
Active:           759304 kB
Inactive:         740112 kB
Active(anon):     318508 kB
Inactive(anon):   368372 kB
Active(file):     440796 kB
Inactive(file):   371740 kB
Unevictable:       35692 kB
Mlocked:           27720 kB
SwapTotal:       1310716 kB
SwapFree:        1042420 kB
Dirty:               172 kB
Writeback:             0 kB
AnonPages:        696420 kB
Mapped:           298268 kB
Shmem:               940 kB
Slab:             117240 kB
SReclaimable:      32968 kB
SUnreclaim:        84272 kB
KernelStack:       29360 kB
PageTables:        44540 kB
NFS_Unstable:          0 kB
Bounce:                0 kB
WritebackTmp:          0 kB
CommitLimit:     2684136 kB
Committed_AS:   108057576 kB
VmallocTotal:   251658176 kB
VmallocUsed:      312160 kB
VmallocChunk:   247561408 kB
Time pass: 195 sec

---2015-10-25 15:24:01
MemTotal:        2746844 kB
MemFree:          136160 kB
Buffers:           88052 kB
Cached:           744396 kB
SwapCached:         9924 kB
Active:           759372 kB
Inactive:         740048 kB
Active(anon):     318568 kB
Inactive(anon):   368344 kB
Active(file):     440804 kB
Inactive(file):   371704 kB
Unevictable:       35692 kB
Mlocked:           27720 kB
SwapTotal:       1310716 kB
SwapFree:        1042420 kB
Dirty:               164 kB
Writeback:             0 kB
AnonPages:        696448 kB
Mapped:           298272 kB
Shmem:               948 kB
Slab:             117240 kB
SReclaimable:      32968 kB
SUnreclaim:        84272 kB
KernelStack:       29344 kB
PageTables:        44544 kB
NFS_Unstable:          0 kB
Bounce:                0 kB
WritebackTmp:          0 kB
CommitLimit:     2684136 kB
Committed_AS:   108055536 kB
VmallocTotal:   251658176 kB
VmallocUsed:      312160 kB
VmallocChunk:   247561408 kB
Time pass: 198 sec

---2015-10-25 15:24:01
MemTotal:        2746844 kB
MemFree:          127400 kB
Buffers:           88056 kB
Cached:           744516 kB
SwapCached:         9924 kB
Active:           764520 kB
Inactive:         740220 kB
Active(anon):     323772 kB
Inactive(anon):   368344 kB
Active(file):     440748 kB
Inactive(file):   371876 kB
Unevictable:       35692 kB
Mlocked:           27720 kB
SwapTotal:       1310716 kB
SwapFree:        1042420 kB
Dirty:               304 kB
Writeback:             0 kB
AnonPages:        701356 kB
Mapped:           298428 kB
Shmem:               948 kB
Slab:             117240 kB
SReclaimable:      32968 kB
SUnreclaim:        84272 kB
KernelStack:       29344 kB
PageTables:        44548 kB
NFS_Unstable:          0 kB
Bounce:                0 kB
WritebackTmp:          0 kB
CommitLimit:     2684136 kB
Committed_AS:   108055528 kB
VmallocTotal:   251658176 kB
VmallocUsed:      312436 kB
VmallocChunk:   247561408 kB
Time pass: 202 sec

---2015-10-25 15:24:01
MemTotal:        2746844 kB
MemFree:          127944 kB
Buffers:           88056 kB
Cached:           744520 kB
SwapCached:         9924 kB
Active:           764428 kB
Inactive:         740228 kB
Active(anon):     323672 kB
Inactive(anon):   368344 kB
Active(file):     440756 kB
Inactive(file):   371884 kB
Unevictable:       35692 kB
Mlocked:           27720 kB
SwapTotal:       1310716 kB
SwapFree:        1042420 kB
Dirty:                 0 kB
Writeback:           120 kB
AnonPages:        701372 kB
Mapped:           298436 kB
Shmem:               948 kB
Slab:             117240 kB
SReclaimable:      32968 kB
SUnreclaim:        84272 kB
KernelStack:       29344 kB
PageTables:        44548 kB
NFS_Unstable:          0 kB
Bounce:                0 kB
WritebackTmp:          0 kB
CommitLimit:     2684136 kB
Committed_AS:   108055568 kB
VmallocTotal:   251658176 kB
VmallocUsed:      312436 kB
VmallocChunk:   247561408 kB
Time pass: 205 sec

---2015-10-25 15:24:01
MemTotal:        2746844 kB
MemFree:          106168 kB
Buffers:           88056 kB
Cached:           744528 kB
SwapCached:         9924 kB
Active:           767700 kB
Inactive:         740212 kB
Active(anon):     326920 kB
Inactive(anon):   368344 kB
Active(file):     440780 kB
Inactive(file):   371868 kB
Unevictable:       35692 kB
Mlocked:           27720 kB
SwapTotal:       1310716 kB
SwapFree:        1042420 kB
Dirty:               496 kB
Writeback:             0 kB
AnonPages:        704792 kB
Mapped:           298752 kB
Shmem:               948 kB
Slab:             117240 kB
SReclaimable:      32968 kB
SUnreclaim:        84272 kB
KernelStack:       29344 kB
PageTables:        44548 kB
NFS_Unstable:          0 kB
Bounce:                0 kB
WritebackTmp:          0 kB
CommitLimit:     2684136 kB
Committed_AS:   108055776 kB
VmallocTotal:   251658176 kB
VmallocUsed:      312748 kB
VmallocChunk:   247561408 kB
Time pass: 209 sec

---2015-10-25 15:24:01
MemTotal:        2746844 kB
MemFree:           84608 kB
Buffers:           88084 kB
Cached:           744664 kB
SwapCached:         9924 kB
Active:           778052 kB
Inactive:         740344 kB
Active(anon):     337264 kB
Inactive(anon):   368452 kB
Active(file):     440788 kB
Inactive(file):   371892 kB
Unevictable:       35692 kB
Mlocked:           27720 kB
SwapTotal:       1310716 kB
SwapFree:        1042420 kB
Dirty:                76 kB
Writeback:             0 kB
AnonPages:        715556 kB
Mapped:           302044 kB
Shmem:              1080 kB
Slab:             117240 kB
SReclaimable:      32968 kB
SUnreclaim:        84272 kB
KernelStack:       29760 kB
PageTables:        44680 kB
NFS_Unstable:          0 kB
Bounce:                0 kB
WritebackTmp:          0 kB
CommitLimit:     2684136 kB
Committed_AS:   108080140 kB
VmallocTotal:   251658176 kB
VmallocUsed:      314828 kB
VmallocChunk:   247561408 kB
Time pass: 213 sec

---2015-10-25 15:24:01
MemTotal:        2746844 kB
MemFree:           68880 kB
Buffers:           88088 kB
Cached:           744884 kB
SwapCached:         9944 kB
Active:           794384 kB
Inactive:         740552 kB
Active(anon):     353572 kB
Inactive(anon):   368680 kB
Active(file):     440812 kB
Inactive(file):   371872 kB
Unevictable:       35692 kB
Mlocked:           27720 kB
SwapTotal:       1310716 kB
SwapFree:        1042420 kB
Dirty:                16 kB
Writeback:             0 kB
AnonPages:        731572 kB
Mapped:           310216 kB
Shmem:              1304 kB
Slab:             117240 kB
SReclaimable:      32968 kB
SUnreclaim:        84272 kB
KernelStack:       30512 kB
PageTables:        45268 kB
NFS_Unstable:          0 kB
Bounce:                0 kB
WritebackTmp:          0 kB
CommitLimit:     2684136 kB
Committed_AS:   109342864 kB
VmallocTotal:   251658176 kB
VmallocUsed:      311752 kB
VmallocChunk:   247561408 kB
Time pass: 217 sec

---2015-10-25 15:24:01
MemTotal:        2746844 kB
MemFree:           66812 kB
Buffers:           88088 kB
Cached:           744952 kB
SwapCached:         9944 kB
Active:           795584 kB
Inactive:         740604 kB
Active(anon):     354756 kB
Inactive(anon):   368688 kB
Active(file):     440828 kB
Inactive(file):   371916 kB
Unevictable:       35692 kB
Mlocked:           27720 kB
SwapTotal:       1310716 kB
SwapFree:        1042420 kB
Dirty:               104 kB
Writeback:             0 kB
AnonPages:        732812 kB
Mapped:           310752 kB
Shmem:              1308 kB
Slab:             117240 kB
SReclaimable:      32968 kB
SUnreclaim:        84272 kB
KernelStack:       30544 kB
PageTables:        45332 kB
NFS_Unstable:          0 kB
Bounce:                0 kB
WritebackTmp:          0 kB
CommitLimit:     2684136 kB
Committed_AS:   109342952 kB
VmallocTotal:   251658176 kB
VmallocUsed:      311752 kB
VmallocChunk:   247561408 kB
Time pass: 220 sec

---2015-10-25 15:24:01
MemTotal:        2746844 kB
MemFree:           65184 kB
Buffers:           88088 kB
Cached:           744952 kB
SwapCached:         9944 kB
Active:           796900 kB
Inactive:         740600 kB
Active(anon):     356068 kB
Inactive(anon):   368688 kB
Active(file):     440832 kB
Inactive(file):   371912 kB
Unevictable:       35692 kB
Mlocked:           27720 kB
SwapTotal:       1310716 kB
SwapFree:        1042420 kB
Dirty:                72 kB
Writeback:             0 kB
AnonPages:        733920 kB
Mapped:           310808 kB
Shmem:              1308 kB
Slab:             117240 kB
SReclaimable:      32968 kB
SUnreclaim:        84272 kB
KernelStack:       30544 kB
PageTables:        45336 kB
NFS_Unstable:          0 kB
Bounce:                0 kB
WritebackTmp:          0 kB
CommitLimit:     2684136 kB
Committed_AS:   109342980 kB
VmallocTotal:   251658176 kB
VmallocUsed:      311752 kB
VmallocChunk:   247561408 kB
Time pass: 224 sec

---2015-10-25 15:24:01
MemTotal:        2746844 kB
MemFree:           66812 kB
Buffers:           88052 kB
Cached:           742992 kB
SwapCached:         9944 kB
Active:           797420 kB
Inactive:         739720 kB
Active(anon):     358112 kB
Inactive(anon):   368312 kB
Active(file):     439308 kB
Inactive(file):   371408 kB
Unevictable:       35692 kB
Mlocked:           27720 kB
SwapTotal:       1310716 kB
SwapFree:        1042152 kB
Dirty:                32 kB
Writeback:             0 kB
AnonPages:        735572 kB
Mapped:           310916 kB
Shmem:              1340 kB
Slab:             117244 kB
SReclaimable:      32968 kB
SUnreclaim:        84276 kB
KernelStack:       30544 kB
PageTables:        45336 kB
NFS_Unstable:          0 kB
Bounce:                0 kB
WritebackTmp:          0 kB
CommitLimit:     2684136 kB
Committed_AS:   109343400 kB
VmallocTotal:   251658176 kB
VmallocUsed:      311752 kB
VmallocChunk:   247561408 kB
Time pass: 227 sec

---2015-10-25 15:24:01
MemTotal:        2746844 kB
MemFree:           68972 kB
Buffers:           88028 kB
Cached:           730704 kB
SwapCached:        10024 kB
Active:           803312 kB
Inactive:         733428 kB
Active(anon):     369352 kB
Inactive(anon):   369348 kB
Active(file):     433960 kB
Inactive(file):   364080 kB
Unevictable:       35692 kB
Mlocked:           27720 kB
SwapTotal:       1310716 kB
SwapFree:        1038764 kB
Dirty:                36 kB
Writeback:             0 kB
AnonPages:        748908 kB
Mapped:           311440 kB
Shmem:              1348 kB
Slab:             117256 kB
SReclaimable:      32968 kB
SUnreclaim:        84288 kB
KernelStack:       30944 kB
PageTables:        49980 kB
NFS_Unstable:          0 kB
Bounce:                0 kB
WritebackTmp:          0 kB
CommitLimit:     2684136 kB
Committed_AS:   125464296 kB
VmallocTotal:   251658176 kB
VmallocUsed:      320932 kB
VmallocChunk:   247561408 kB
Time pass: 231 sec

---2015-10-25 15:24:01
MemTotal:        2746844 kB
MemFree:           66328 kB
Buffers:           88140 kB
Cached:           730568 kB
SwapCached:        10052 kB
Active:           805200 kB
Inactive:         735252 kB
Active(anon):     371004 kB
Inactive(anon):   371068 kB
Active(file):     434196 kB
Inactive(file):   364184 kB
Unevictable:       35692 kB
Mlocked:           27720 kB
SwapTotal:       1310716 kB
SwapFree:        1038236 kB
Dirty:               108 kB
Writeback:             0 kB
AnonPages:        750948 kB
Mapped:           317732 kB
Shmem:              1340 kB
Slab:             117560 kB
SReclaimable:      32968 kB
SUnreclaim:        84592 kB
KernelStack:       31280 kB
PageTables:        50096 kB
NFS_Unstable:          0 kB
Bounce:                0 kB
WritebackTmp:          0 kB
CommitLimit:     2684136 kB
Committed_AS:   123677092 kB
VmallocTotal:   251658176 kB
VmallocUsed:      319912 kB
VmallocChunk:   247561408 kB
Time pass: 234 sec

---2015-10-25 15:24:01
MemTotal:        2746844 kB
MemFree:           72852 kB
Buffers:           88120 kB
Cached:           724340 kB
SwapCached:         9652 kB
Active:           792156 kB
Inactive:         739448 kB
Active(anon):     365424 kB
Inactive(anon):   374048 kB
Active(file):     426732 kB
Inactive(file):   365400 kB
Unevictable:       35692 kB
Mlocked:           27720 kB
SwapTotal:       1310716 kB
SwapFree:        1037400 kB
Dirty:                 0 kB
Writeback:             0 kB
AnonPages:        748392 kB
Mapped:           319632 kB
Shmem:              1340 kB
Slab:             117504 kB
SReclaimable:      32968 kB
SUnreclaim:        84536 kB
KernelStack:       31728 kB
PageTables:        50060 kB
NFS_Unstable:          0 kB
Bounce:                0 kB
WritebackTmp:          0 kB
CommitLimit:     2684136 kB
Committed_AS:   121899544 kB
VmallocTotal:   251658176 kB
VmallocUsed:      318892 kB
VmallocChunk:   247561408 kB
Time pass: 238 sec

---2015-10-25 15:24:01
MemTotal:        2746844 kB
MemFree:           72456 kB
Buffers:           88120 kB
Cached:           724388 kB
SwapCached:         9652 kB
Active:           792636 kB
Inactive:         739444 kB
Active(anon):     365868 kB
Inactive(anon):   374032 kB
Active(file):     426768 kB
Inactive(file):   365412 kB
Unevictable:       35692 kB
Mlocked:           27720 kB
SwapTotal:       1310716 kB
SwapFree:        1037400 kB
Dirty:               116 kB
Writeback:             0 kB
AnonPages:        749516 kB
Mapped:           319640 kB
Shmem:              1340 kB
Slab:             117376 kB
SReclaimable:      32968 kB
SUnreclaim:        84408 kB
KernelStack:       31696 kB
PageTables:        50352 kB
NFS_Unstable:          0 kB
Bounce:                0 kB
WritebackTmp:          0 kB
CommitLimit:     2684136 kB
Committed_AS:   123692972 kB
VmallocTotal:   251658176 kB
VmallocUsed:      318892 kB
VmallocChunk:   247561408 kB
Time pass: 242 sec

---2015-10-25 15:24:01
MemTotal:        2746844 kB
MemFree:           70788 kB
Buffers:           88124 kB
Cached:           725492 kB
SwapCached:         9652 kB
Active:           793052 kB
Inactive:         740456 kB
Active(anon):     366280 kB
Inactive(anon):   374032 kB
Active(file):     426772 kB
Inactive(file):   366424 kB
Unevictable:       35692 kB
Mlocked:           27720 kB
SwapTotal:       1310716 kB
SwapFree:        1037400 kB
Dirty:                 0 kB
Writeback:             0 kB
AnonPages:        749788 kB
Mapped:           320120 kB
Shmem:              1340 kB
Slab:             117500 kB
SReclaimable:      32968 kB
SUnreclaim:        84532 kB
KernelStack:       31792 kB
PageTables:        50656 kB
NFS_Unstable:          0 kB
Bounce:                0 kB
WritebackTmp:          0 kB
CommitLimit:     2684136 kB
Committed_AS:   123693808 kB
VmallocTotal:   251658176 kB
VmallocUsed:      319912 kB
VmallocChunk:   247561408 kB
Time pass: 246 sec

---2015-10-25 15:24:01
MemTotal:        2746844 kB
MemFree:           69372 kB
Buffers:           88124 kB
Cached:           725604 kB
SwapCached:         9652 kB
Active:           794408 kB
Inactive:         740616 kB
Active(anon):     367632 kB
Inactive(anon):   374028 kB
Active(file):     426776 kB
Inactive(file):   366588 kB
Unevictable:       35692 kB
Mlocked:           27720 kB
SwapTotal:       1310716 kB
SwapFree:        1037400 kB
Dirty:                 0 kB
Writeback:             0 kB
AnonPages:        751016 kB
Mapped:           320292 kB
Shmem:              1340 kB
Slab:             117532 kB
SReclaimable:      32968 kB
SUnreclaim:        84564 kB
KernelStack:       31776 kB
PageTables:        50704 kB
NFS_Unstable:          0 kB
Bounce:                0 kB
WritebackTmp:          0 kB
CommitLimit:     2684136 kB
Committed_AS:   123698168 kB
VmallocTotal:   251658176 kB
VmallocUsed:      319912 kB
VmallocChunk:   247561408 kB
Time pass: 250 sec

---2015-10-25 15:24:01
MemTotal:        2746844 kB
MemFree:           75292 kB
Buffers:           88124 kB
Cached:           725896 kB
SwapCached:         9652 kB
Active:           789492 kB
Inactive:         739572 kB
Active(anon):     361388 kB
Inactive(anon):   374312 kB
Active(file):     428104 kB
Inactive(file):   365260 kB
Unevictable:       35692 kB
Mlocked:           27720 kB
SwapTotal:       1310716 kB
SwapFree:        1037400 kB
Dirty:                12 kB
Writeback:             0 kB
AnonPages:        744708 kB
Mapped:           313532 kB
Shmem:              1632 kB
Slab:             117512 kB
SReclaimable:      32968 kB
SUnreclaim:        84544 kB
KernelStack:       31248 kB
PageTables:        50520 kB
NFS_Unstable:          0 kB
Bounce:                0 kB
WritebackTmp:          0 kB
CommitLimit:     2684136 kB
Committed_AS:   124228424 kB
VmallocTotal:   251658176 kB
VmallocUsed:      319912 kB
VmallocChunk:   247561408 kB
Time pass: 253 sec

---2015-10-25 15:24:01
MemTotal:        2746844 kB
MemFree:           64944 kB
Buffers:           88128 kB
Cached:           725896 kB
SwapCached:         9652 kB
Active:           801692 kB
Inactive:         739528 kB
Active(anon):     373508 kB
Inactive(anon):   374308 kB
Active(file):     428184 kB
Inactive(file):   365220 kB
Unevictable:       35692 kB
Mlocked:           27720 kB
SwapTotal:       1310716 kB
SwapFree:        1037400 kB
Dirty:                84 kB
Writeback:             0 kB
AnonPages:        757272 kB
Mapped:           320628 kB
Shmem:              1632 kB
Slab:             117644 kB
SReclaimable:      32968 kB
SUnreclaim:        84676 kB
KernelStack:       31904 kB
PageTables:        51232 kB
NFS_Unstable:          0 kB
Bounce:                0 kB
WritebackTmp:          0 kB
CommitLimit:     2684136 kB
Committed_AS:   125491092 kB
VmallocTotal:   251658176 kB
VmallocUsed:      320932 kB
VmallocChunk:   247561408 kB
Time pass: 257 sec

---2015-10-25 15:24:01
MemTotal:        2746844 kB
MemFree:           92732 kB
Buffers:           86356 kB
Cached:           710016 kB
SwapCached:         9660 kB
Active:           777116 kB
Inactive:         737760 kB
Active(anon):     370076 kB
Inactive(anon):   369048 kB
Active(file):     407040 kB
Inactive(file):   368712 kB
Unevictable:       35692 kB
Mlocked:           27720 kB
SwapTotal:       1310716 kB
SwapFree:        1027460 kB
Dirty:                 0 kB
Writeback:             0 kB
AnonPages:        748212 kB
Mapped:           319512 kB
Shmem:              1632 kB
Slab:             117996 kB
SReclaimable:      33160 kB
SUnreclaim:        84836 kB
KernelStack:       31904 kB
PageTables:        51280 kB
NFS_Unstable:          0 kB
Bounce:                0 kB
WritebackTmp:          0 kB
CommitLimit:     2684136 kB
Committed_AS:   125491340 kB
VmallocTotal:   251658176 kB
VmallocUsed:      320932 kB
VmallocChunk:   247561408 kB
Time pass: 260 sec

---2015-10-25 15:24:01
MemTotal:        2746844 kB
MemFree:           88440 kB
Buffers:           86444 kB
Cached:           710020 kB
SwapCached:         9672 kB
Active:           794336 kB
Inactive:         737780 kB
Active(anon):     380704 kB
Inactive(anon):   369048 kB
Active(file):     413632 kB
Inactive(file):   368732 kB
Unevictable:       20976 kB
Mlocked:           13004 kB
SwapTotal:       1310716 kB
SwapFree:        1027460 kB
Dirty:               104 kB
Writeback:             0 kB
AnonPages:        750600 kB
Mapped:           320632 kB
Shmem:              1632 kB
Slab:             118260 kB
SReclaimable:      33160 kB
SUnreclaim:        85100 kB
KernelStack:       32368 kB
PageTables:        51796 kB
NFS_Unstable:          0 kB
Bounce:                0 kB
WritebackTmp:          0 kB
CommitLimit:     2684136 kB
Committed_AS:   127285428 kB
VmallocTotal:   251658176 kB
VmallocUsed:      321952 kB
VmallocChunk:   247561408 kB
Time pass: 264 sec

---2015-10-25 15:24:01
MemTotal:        2746844 kB
MemFree:           90632 kB
Buffers:           86444 kB
Cached:           710080 kB
SwapCached:         9672 kB
Active:           790972 kB
Inactive:         737836 kB
Active(anon):     377340 kB
Inactive(anon):   369104 kB
Active(file):     413632 kB
Inactive(file):   368732 kB
Unevictable:       20976 kB
Mlocked:           13004 kB
SwapTotal:       1310716 kB
SwapFree:        1027460 kB
Dirty:               104 kB
Writeback:             0 kB
AnonPages:        747492 kB
Mapped:           320748 kB
Shmem:              1692 kB
Slab:             118240 kB
SReclaimable:      33160 kB
SUnreclaim:        85080 kB
KernelStack:       32352 kB
PageTables:        51804 kB
NFS_Unstable:          0 kB
Bounce:                0 kB
WritebackTmp:          0 kB
CommitLimit:     2684136 kB
Committed_AS:   127286172 kB
VmallocTotal:   251658176 kB
VmallocUsed:      321952 kB
VmallocChunk:   247561408 kB
Time pass: 268 sec

---2015-10-25 15:24:01
MemTotal:        2746844 kB
MemFree:          101128 kB
Buffers:           86452 kB
Cached:           710072 kB
SwapCached:         9672 kB
Active:           781808 kB
Inactive:         737324 kB
Active(anon):     367672 kB
Inactive(anon):   369092 kB
Active(file):     414136 kB
Inactive(file):   368232 kB
Unevictable:       20976 kB
Mlocked:           13004 kB
SwapTotal:       1310716 kB
SwapFree:        1027460 kB
Dirty:                12 kB
Writeback:             0 kB
AnonPages:        737468 kB
Mapped:           313996 kB
Shmem:              1684 kB
Slab:             118168 kB
SReclaimable:      33160 kB
SUnreclaim:        85008 kB
KernelStack:       31648 kB
PageTables:        51396 kB
NFS_Unstable:          0 kB
Bounce:                0 kB
WritebackTmp:          0 kB
CommitLimit:     2684136 kB
Committed_AS:   126017284 kB
VmallocTotal:   251658176 kB
VmallocUsed:      320932 kB
VmallocChunk:   247561408 kB
Time pass: 271 sec

---2015-10-25 15:24:01
MemTotal:        2746844 kB
MemFree:           97904 kB
Buffers:           86456 kB
Cached:           711876 kB
SwapCached:         9672 kB
Active:           782560 kB
Inactive:         738984 kB
Active(anon):     368340 kB
Inactive(anon):   369080 kB
Active(file):     414220 kB
Inactive(file):   369904 kB
Unevictable:       20976 kB
Mlocked:           13004 kB
SwapTotal:       1310716 kB
SwapFree:        1027460 kB
Dirty:               116 kB
Writeback:             0 kB
AnonPages:        738460 kB
Mapped:           320760 kB
Shmem:              1684 kB
Slab:             118168 kB
SReclaimable:      33160 kB
SUnreclaim:        85008 kB
KernelStack:       32272 kB
PageTables:        51952 kB
NFS_Unstable:          0 kB
Bounce:                0 kB
WritebackTmp:          0 kB
CommitLimit:     2684136 kB
Committed_AS:   127279940 kB
VmallocTotal:   251658176 kB
VmallocUsed:      321952 kB
VmallocChunk:   247561408 kB
Time pass: 275 sec

---2015-10-25 15:24:01
MemTotal:        2746844 kB
MemFree:           97180 kB
Buffers:           86456 kB
Cached:           711876 kB
SwapCached:         9676 kB
Active:           783324 kB
Inactive:         738988 kB
Active(anon):     369104 kB
Inactive(anon):   369084 kB
Active(file):     414220 kB
Inactive(file):   369904 kB
Unevictable:       20976 kB
Mlocked:           13004 kB
SwapTotal:       1310716 kB
SwapFree:        1027492 kB
Dirty:               108 kB
Writeback:             0 kB
AnonPages:        738896 kB
Mapped:           320940 kB
Shmem:              1684 kB
Slab:             118184 kB
SReclaimable:      33160 kB
SUnreclaim:        85024 kB
KernelStack:       32304 kB
PageTables:        51980 kB
NFS_Unstable:          0 kB
Bounce:                0 kB
WritebackTmp:          0 kB
CommitLimit:     2684136 kB
Committed_AS:   127279956 kB
VmallocTotal:   251658176 kB
VmallocUsed:      321952 kB
VmallocChunk:   247561408 kB
Time pass: 279 sec

---2015-10-25 15:24:01
MemTotal:        2746844 kB
MemFree:           96396 kB
Buffers:           86456 kB
Cached:           711876 kB
SwapCached:         9676 kB
Active:           783568 kB
Inactive:         738992 kB
Active(anon):     369348 kB
Inactive(anon):   369084 kB
Active(file):     414220 kB
Inactive(file):   369908 kB
Unevictable:       20976 kB
Mlocked:           13004 kB
SwapTotal:       1310716 kB
SwapFree:        1027492 kB
Dirty:                 0 kB
Writeback:             0 kB
AnonPages:        738916 kB
Mapped:           321072 kB
Shmem:              1684 kB
Slab:             118240 kB
SReclaimable:      33160 kB
SUnreclaim:        85080 kB
KernelStack:       32352 kB
PageTables:        52016 kB
NFS_Unstable:          0 kB
Bounce:                0 kB
WritebackTmp:          0 kB
CommitLimit:     2684136 kB
Committed_AS:   127279996 kB
VmallocTotal:   251658176 kB
VmallocUsed:      321952 kB
VmallocChunk:   247561408 kB
Time pass: 282 sec

---2015-10-25 15:24:01
MemTotal:        2746844 kB
MemFree:           94052 kB
Buffers:           86464 kB
Cached:           711872 kB
SwapCached:         9676 kB
Active:           785232 kB
Inactive:         739044 kB
Active(anon):     371008 kB
Inactive(anon):   369084 kB
Active(file):     414224 kB
Inactive(file):   369960 kB
Unevictable:       20976 kB
Mlocked:           13004 kB
SwapTotal:       1310716 kB
SwapFree:        1027492 kB
Dirty:                 0 kB
Writeback:             0 kB
AnonPages:        740964 kB
Mapped:           320972 kB
Shmem:              1684 kB
Slab:             118316 kB
SReclaimable:      33160 kB
SUnreclaim:        85156 kB
KernelStack:       32496 kB
PageTables:        52448 kB
NFS_Unstable:          0 kB
Bounce:                0 kB
WritebackTmp:          0 kB
CommitLimit:     2684136 kB
Committed_AS:   129073860 kB
VmallocTotal:   251658176 kB
VmallocUsed:      322972 kB
VmallocChunk:   247561408 kB
Time pass: 286 sec

---2015-10-25 15:24:01
MemTotal:        2746844 kB
MemFree:          103076 kB
Buffers:           86464 kB
Cached:           711876 kB
SwapCached:         9676 kB
Active:           777548 kB
Inactive:         738944 kB
Active(anon):     363220 kB
Inactive(anon):   369084 kB
Active(file):     414328 kB
Inactive(file):   369860 kB
Unevictable:       20976 kB
Mlocked:           13004 kB
SwapTotal:       1310716 kB
SwapFree:        1027492 kB
Dirty:                40 kB
Writeback:             0 kB
AnonPages:        733176 kB
Mapped:           314056 kB
Shmem:              1684 kB
Slab:             118312 kB
SReclaimable:      33160 kB
SUnreclaim:        85152 kB
KernelStack:       31856 kB
PageTables:        51944 kB
NFS_Unstable:          0 kB
Bounce:                0 kB
WritebackTmp:          0 kB
CommitLimit:     2684136 kB
Committed_AS:   127811024 kB
VmallocTotal:   251658176 kB
VmallocUsed:      321952 kB
VmallocChunk:   247561408 kB
Time pass: 289 sec

---2015-10-25 15:24:01
MemTotal:        2746844 kB
MemFree:           89548 kB
Buffers:           86488 kB
Cached:           711852 kB
SwapCached:         9676 kB
Active:           789236 kB
Inactive:         738944 kB
Active(anon):     374908 kB
Inactive(anon):   369084 kB
Active(file):     414328 kB
Inactive(file):   369860 kB
Unevictable:       20976 kB
Mlocked:           13004 kB
SwapTotal:       1310716 kB
SwapFree:        1027492 kB
Dirty:                40 kB
Writeback:             0 kB
AnonPages:        745476 kB
Mapped:           319980 kB
Shmem:              1684 kB
Slab:             118448 kB
SReclaimable:      33160 kB
SUnreclaim:        85288 kB
KernelStack:       32160 kB
PageTables:        52888 kB
NFS_Unstable:          0 kB
Bounce:                0 kB
WritebackTmp:          0 kB
CommitLimit:     2684136 kB
Committed_AS:   130868144 kB
VmallocTotal:   251658176 kB
VmallocUsed:      323992 kB
VmallocChunk:   247561408 kB
Time pass: 293 sec

---2015-10-25 15:24:01
MemTotal:        2746844 kB
MemFree:           82240 kB
Buffers:           86500 kB
Cached:           711892 kB
SwapCached:         9680 kB
Active:           797028 kB
Inactive:         738696 kB
Active(anon):     382460 kB
Inactive(anon):   369048 kB
Active(file):     414568 kB
Inactive(file):   369648 kB
Unevictable:       20976 kB
Mlocked:           13004 kB
SwapTotal:       1310716 kB
SwapFree:        1027492 kB
Dirty:               152 kB
Writeback:             0 kB
AnonPages:        752568 kB
Mapped:           321748 kB
Shmem:              1688 kB
Slab:             118548 kB
SReclaimable:      33160 kB
SUnreclaim:        85388 kB
KernelStack:       32640 kB
PageTables:        53116 kB
NFS_Unstable:          0 kB
Bounce:                0 kB
WritebackTmp:          0 kB
CommitLimit:     2684136 kB
Committed_AS:   130867328 kB
VmallocTotal:   251658176 kB
VmallocUsed:      323992 kB
VmallocChunk:   247561408 kB
Time pass: 296 sec

---2015-10-25 15:24:01
MemTotal:        2746844 kB
MemFree:           87392 kB
Buffers:           86508 kB
Cached:           711892 kB
SwapCached:         9680 kB
Active:           790912 kB
Inactive:         738668 kB
Active(anon):     376280 kB
Inactive(anon):   369052 kB
Active(file):     414632 kB
Inactive(file):   369616 kB
Unevictable:       20976 kB
Mlocked:           13004 kB
SwapTotal:       1310716 kB
SwapFree:        1027492 kB
Dirty:                84 kB
Writeback:             0 kB
AnonPages:        746504 kB
Mapped:           321756 kB
Shmem:              1684 kB
Slab:             118572 kB
SReclaimable:      33160 kB
SUnreclaim:        85412 kB
KernelStack:       32640 kB
PageTables:        53140 kB
NFS_Unstable:          0 kB
Bounce:                0 kB
WritebackTmp:          0 kB
CommitLimit:     2684136 kB
Committed_AS:   130867544 kB
VmallocTotal:   251658176 kB
VmallocUsed:      323992 kB
VmallocChunk:   247561408 kB
Time pass: 300 sec

---2015-10-25 15:24:01
MemTotal:        2746844 kB
MemFree:           83416 kB
Buffers:           86516 kB
Cached:           711884 kB
SwapCached:         9680 kB
Active:           793924 kB
Inactive:         738664 kB
Active(anon):     379288 kB
Inactive(anon):   369052 kB
Active(file):     414636 kB
Inactive(file):   369612 kB
Unevictable:       20976 kB
Mlocked:           13004 kB
SwapTotal:       1310716 kB
SwapFree:        1027492 kB
Dirty:                32 kB
Writeback:             0 kB
AnonPages:        749584 kB
Mapped:           321848 kB
Shmem:              1684 kB
Slab:             118736 kB
SReclaimable:      33160 kB
SUnreclaim:        85576 kB
KernelStack:       32832 kB
PageTables:        53700 kB
NFS_Unstable:          0 kB
Bounce:                0 kB
WritebackTmp:          0 kB
CommitLimit:     2684136 kB
Committed_AS:   132661548 kB
VmallocTotal:   251658176 kB
VmallocUsed:      325012 kB
VmallocChunk:   247561408 kB
Time pass: 304 sec

---2015-10-25 15:24:01
MemTotal:        2746844 kB
MemFree:           82660 kB
Buffers:           86516 kB
Cached:           711892 kB
SwapCached:         9680 kB
Active:           794836 kB
Inactive:         738652 kB
Active(anon):     380180 kB
Inactive(anon):   369052 kB
Active(file):     414656 kB
Inactive(file):   369600 kB
Unevictable:       20976 kB
Mlocked:           13004 kB
SwapTotal:       1310716 kB
SwapFree:        1027492 kB
Dirty:                60 kB
Writeback:             0 kB
AnonPages:        750164 kB
Mapped:           321996 kB
Shmem:              1684 kB
Slab:             118760 kB
SReclaimable:      33160 kB
SUnreclaim:        85600 kB
KernelStack:       32848 kB
PageTables:        53728 kB
NFS_Unstable:          0 kB
Bounce:                0 kB
WritebackTmp:          0 kB
CommitLimit:     2684136 kB
Committed_AS:   132662032 kB
VmallocTotal:   251658176 kB
VmallocUsed:      325012 kB
VmallocChunk:   247561408 kB
Time pass: 307 sec

---2015-10-25 15:24:01
MemTotal:        2746844 kB
MemFree:           91820 kB
Buffers:           86516 kB
Cached:           711892 kB
SwapCached:         9680 kB
Active:           787464 kB
Inactive:         738648 kB
Active(anon):     372804 kB
Inactive(anon):   369052 kB
Active(file):     414660 kB
Inactive(file):   369596 kB
Unevictable:       20976 kB
Mlocked:           13004 kB
SwapTotal:       1310716 kB
SwapFree:        1027492 kB
Dirty:                56 kB
Writeback:             0 kB
AnonPages:        742568 kB
Mapped:           314944 kB
Shmem:              1684 kB
Slab:             118768 kB
SReclaimable:      33160 kB
SUnreclaim:        85608 kB
KernelStack:       32160 kB
PageTables:        53036 kB
NFS_Unstable:          0 kB
Bounce:                0 kB
WritebackTmp:          0 kB
CommitLimit:     2684136 kB
Committed_AS:   131399132 kB
VmallocTotal:   251658176 kB
VmallocUsed:      323992 kB
VmallocChunk:   247561408 kB
Time pass: 311 sec

---2015-10-25 15:24:01
MemTotal:        2746844 kB
MemFree:           78104 kB
Buffers:           86516 kB
Cached:           711892 kB
SwapCached:         9680 kB
Active:           800824 kB
Inactive:         738612 kB
Active(anon):     386128 kB
Inactive(anon):   369052 kB
Active(file):     414696 kB
Inactive(file):   369560 kB
Unevictable:       20976 kB
Mlocked:           13004 kB
SwapTotal:       1310716 kB
SwapFree:        1027492 kB
Dirty:               100 kB
Writeback:             0 kB
AnonPages:        755560 kB
Mapped:           325504 kB
Shmem:              1684 kB
Slab:             118924 kB
SReclaimable:      33160 kB
SUnreclaim:        85764 kB
KernelStack:       32944 kB
PageTables:        54196 kB
NFS_Unstable:          0 kB
Bounce:                0 kB
WritebackTmp:          0 kB
CommitLimit:     2684136 kB
Committed_AS:   134454232 kB
VmallocTotal:   251658176 kB
VmallocUsed:      326032 kB
VmallocChunk:   247561408 kB
Time pass: 315 sec

---2015-10-25 15:24:01
MemTotal:        2746844 kB
MemFree:           82244 kB
Buffers:           86516 kB
Cached:           711892 kB
SwapCached:         9680 kB
Active:           795908 kB
Inactive:         738624 kB
Active(anon):     381224 kB
Inactive(anon):   369052 kB
Active(file):     414684 kB
Inactive(file):   369572 kB
Unevictable:       20976 kB
Mlocked:           13004 kB
SwapTotal:       1310716 kB
SwapFree:        1027492 kB
Dirty:               116 kB
Writeback:             0 kB
AnonPages:        750884 kB
Mapped:           325536 kB
Shmem:              1684 kB
Slab:             118976 kB
SReclaimable:      33160 kB
SUnreclaim:        85816 kB
KernelStack:       32976 kB
PageTables:        54260 kB
NFS_Unstable:          0 kB
Bounce:                0 kB
WritebackTmp:          0 kB
CommitLimit:     2684136 kB
Committed_AS:   134454484 kB
VmallocTotal:   251658176 kB
VmallocUsed:      326032 kB
VmallocChunk:   247561408 kB
Time pass: 318 sec

---2015-10-25 15:24:01
MemTotal:        2746844 kB
MemFree:           82048 kB
Buffers:           86516 kB
Cached:           711892 kB
SwapCached:         9680 kB
Active:           797480 kB
Inactive:         737728 kB
Active(anon):     382796 kB
Inactive(anon):   368156 kB
Active(file):     414684 kB
Inactive(file):   369572 kB
Unevictable:       20976 kB
Mlocked:           13004 kB
SwapTotal:       1310716 kB
SwapFree:        1027492 kB
Dirty:                44 kB
Writeback:             0 kB
AnonPages:        751548 kB
Mapped:           325636 kB
Shmem:              1684 kB
Slab:             119060 kB
SReclaimable:      33160 kB
SUnreclaim:        85900 kB
KernelStack:       32960 kB
PageTables:        54304 kB
NFS_Unstable:          0 kB
Bounce:                0 kB
WritebackTmp:          0 kB
CommitLimit:     2684136 kB
Committed_AS:   134454528 kB
VmallocTotal:   251658176 kB
VmallocUsed:      326032 kB
VmallocChunk:   247561408 kB
Time pass: 322 sec

---2015-10-25 15:24:01
MemTotal:        2746844 kB
MemFree:           79564 kB
Buffers:           86516 kB
Cached:           711892 kB
SwapCached:         9680 kB
Active:           799520 kB
Inactive:         737656 kB
Active(anon):     384812 kB
Inactive(anon):   368108 kB
Active(file):     414708 kB
Inactive(file):   369548 kB
Unevictable:       20976 kB
Mlocked:           13004 kB
SwapTotal:       1310716 kB
SwapFree:        1027492 kB
Dirty:                 0 kB
Writeback:             0 kB
AnonPages:        754004 kB
Mapped:           325744 kB
Shmem:              1684 kB
Slab:             119200 kB
SReclaimable:      33160 kB
SUnreclaim:        86040 kB
KernelStack:       33088 kB
PageTables:        54892 kB
NFS_Unstable:          0 kB
Bounce:                0 kB
WritebackTmp:          0 kB
CommitLimit:     2684136 kB
Committed_AS:   136248196 kB
VmallocTotal:   251658176 kB
VmallocUsed:      327052 kB
VmallocChunk:   247561408 kB
Time pass: 325 sec

---2015-10-25 15:24:01
MemTotal:        2746844 kB
MemFree:           88220 kB
Buffers:           86520 kB
Cached:           711896 kB
SwapCached:         9680 kB
Active:           791532 kB
Inactive:         737660 kB
Active(anon):     376820 kB
Inactive(anon):   368108 kB
Active(file):     414712 kB
Inactive(file):   369552 kB
Unevictable:       20976 kB
Mlocked:           13004 kB
SwapTotal:       1310716 kB
SwapFree:        1027492 kB
Dirty:                56 kB
Writeback:             0 kB
AnonPages:        746080 kB
Mapped:           318684 kB
Shmem:              1684 kB
Slab:             119200 kB
SReclaimable:      33160 kB
SUnreclaim:        86040 kB
KernelStack:       32400 kB
PageTables:        54312 kB
NFS_Unstable:          0 kB
Bounce:                0 kB
WritebackTmp:          0 kB
CommitLimit:     2684136 kB
Committed_AS:   134985384 kB
VmallocTotal:   251658176 kB
VmallocUsed:      326032 kB
VmallocChunk:   247561408 kB
Time pass: 329 sec

---2015-10-25 15:24:01
MemTotal:        2746844 kB
MemFree:           76696 kB
Buffers:           86520 kB
Cached:           711904 kB
SwapCached:         9680 kB
Active:           802676 kB
Inactive:         737632 kB
Active(anon):     387928 kB
Inactive(anon):   368108 kB
Active(file):     414748 kB
Inactive(file):   369524 kB
Unevictable:       20976 kB
Mlocked:           13004 kB
SwapTotal:       1310716 kB
SwapFree:        1027492 kB
Dirty:                28 kB
Writeback:             0 kB
AnonPages:        757356 kB
Mapped:           325616 kB
Shmem:              1684 kB
Slab:             119344 kB
SReclaimable:      33160 kB
SUnreclaim:        86184 kB
KernelStack:       33168 kB
PageTables:        55184 kB
NFS_Unstable:          0 kB
Bounce:                0 kB
WritebackTmp:          0 kB
CommitLimit:     2684136 kB
Committed_AS:   137488908 kB
VmallocTotal:   251658176 kB
VmallocUsed:      328072 kB
VmallocChunk:   247561408 kB
Time pass: 332 sec

---2015-10-25 15:24:01
MemTotal:        2746844 kB
MemFree:           74680 kB
Buffers:           86520 kB
Cached:           711908 kB
SwapCached:         9680 kB
Active:           803288 kB
Inactive:         737620 kB
Active(anon):     388528 kB
Inactive(anon):   368104 kB
Active(file):     414760 kB
Inactive(file):   369516 kB
Unevictable:       20976 kB
Mlocked:           13004 kB
SwapTotal:       1310716 kB
SwapFree:        1027492 kB
Dirty:                28 kB
Writeback:             0 kB
AnonPages:        757560 kB
Mapped:           325876 kB
Shmem:              1684 kB
Slab:             119480 kB
SReclaimable:      33160 kB
SUnreclaim:        86320 kB
KernelStack:       33184 kB
PageTables:        55420 kB
NFS_Unstable:          0 kB
Bounce:                0 kB
WritebackTmp:          0 kB
CommitLimit:     2684136 kB
Committed_AS:   137488920 kB
VmallocTotal:   251658176 kB
VmallocUsed:      328072 kB
VmallocChunk:   247561408 kB
Time pass: 336 sec

---2015-10-25 15:24:01
MemTotal:        2746844 kB
MemFree:           73608 kB
Buffers:           86528 kB
Cached:           711900 kB
SwapCached:         9680 kB
Active:           803392 kB
Inactive:         737624 kB
Active(anon):     388640 kB
Inactive(anon):   368100 kB
Active(file):     414752 kB
Inactive(file):   369524 kB
Unevictable:       20976 kB
Mlocked:           13004 kB
SwapTotal:       1310716 kB
SwapFree:        1027492 kB
Dirty:                72 kB
Writeback:             0 kB
AnonPages:        757556 kB
Mapped:           325876 kB
Shmem:              1684 kB
Slab:             119492 kB
SReclaimable:      33160 kB
SUnreclaim:        86332 kB
KernelStack:       33280 kB
PageTables:        55468 kB
NFS_Unstable:          0 kB
Bounce:                0 kB
WritebackTmp:          0 kB
CommitLimit:     2684136 kB
Committed_AS:   137489096 kB
VmallocTotal:   251658176 kB
VmallocUsed:      328072 kB
VmallocChunk:   247561408 kB
Time pass: 340 sec

---2015-10-25 15:24:01
MemTotal:        2746844 kB
MemFree:           70792 kB
Buffers:           86540 kB
Cached:           712048 kB
SwapCached:         9680 kB
Active:           806496 kB
Inactive:         737652 kB
Active(anon):     391660 kB
Inactive(anon):   368096 kB
Active(file):     414836 kB
Inactive(file):   369556 kB
Unevictable:       20976 kB
Mlocked:           13004 kB
SwapTotal:       1310716 kB
SwapFree:        1027492 kB
Dirty:                24 kB
Writeback:             0 kB
AnonPages:        760868 kB
Mapped:           326060 kB
Shmem:              1684 kB
Slab:             119676 kB
SReclaimable:      33160 kB
SUnreclaim:        86516 kB
KernelStack:       33392 kB
PageTables:        56004 kB
NFS_Unstable:          0 kB
Bounce:                0 kB
WritebackTmp:          0 kB
CommitLimit:     2684136 kB
Committed_AS:   139283400 kB
VmallocTotal:   251658176 kB
VmallocUsed:      329092 kB
VmallocChunk:   247561408 kB
Time pass: 343 sec

---2015-10-25 15:24:01
MemTotal:        2746844 kB
MemFree:           78056 kB
Buffers:           86540 kB
Cached:           712048 kB
SwapCached:         9680 kB
Active:           799188 kB
Inactive:         737648 kB
Active(anon):     384348 kB
Inactive(anon):   368096 kB
Active(file):     414840 kB
Inactive(file):   369552 kB
Unevictable:       20976 kB
Mlocked:           13004 kB
SwapTotal:       1310716 kB
SwapFree:        1027492 kB
Dirty:                28 kB
Writeback:             0 kB
AnonPages:        753340 kB
Mapped:           318976 kB
Shmem:              1684 kB
Slab:             119680 kB
SReclaimable:      33160 kB
SUnreclaim:        86520 kB
KernelStack:       33152 kB
PageTables:        55408 kB
NFS_Unstable:          0 kB
Bounce:                0 kB
WritebackTmp:          0 kB
CommitLimit:     2684136 kB
Committed_AS:   138020332 kB
VmallocTotal:   251658176 kB
VmallocUsed:      328072 kB
VmallocChunk:   247561408 kB
Time pass: 348 sec

---2015-10-25 15:24:01
MemTotal:        2746844 kB
MemFree:           67960 kB
Buffers:           86552 kB
Cached:           712048 kB
SwapCached:         9680 kB
Active:           810612 kB
Inactive:         737696 kB
Active(anon):     395768 kB
Inactive(anon):   368088 kB
Active(file):     414844 kB
Inactive(file):   369608 kB
Unevictable:       20976 kB
Mlocked:           13004 kB
SwapTotal:       1310716 kB
SwapFree:        1027492 kB
Dirty:                96 kB
Writeback:             0 kB
AnonPages:        764636 kB
Mapped:           325640 kB
Shmem:              1684 kB
Slab:             119732 kB
SReclaimable:      33160 kB
SUnreclaim:        86572 kB
KernelStack:       33408 kB
PageTables:        56004 kB
NFS_Unstable:          0 kB
Bounce:                0 kB
WritebackTmp:          0 kB
CommitLimit:     2684136 kB
Committed_AS:   139283292 kB
VmallocTotal:   251658176 kB
VmallocUsed:      329092 kB
VmallocChunk:   247561408 kB
Time pass: 351 sec

---2015-10-25 15:24:01
MemTotal:        2746844 kB
MemFree:           66572 kB
Buffers:           86556 kB
Cached:           712108 kB
SwapCached:         9680 kB
Active:           811120 kB
Inactive:         737740 kB
Active(anon):     396260 kB
Inactive(anon):   368148 kB
Active(file):     414860 kB
Inactive(file):   369592 kB
Unevictable:       20976 kB
Mlocked:           13004 kB
SwapTotal:       1310716 kB
SwapFree:        1027492 kB
Dirty:               136 kB
Writeback:             0 kB
AnonPages:        765340 kB
Mapped:           326020 kB
Shmem:              1744 kB
Slab:             119756 kB
SReclaimable:      33160 kB
SUnreclaim:        86596 kB
KernelStack:       33392 kB
PageTables:        56016 kB
NFS_Unstable:          0 kB
Bounce:                0 kB
WritebackTmp:          0 kB
CommitLimit:     2684136 kB
Committed_AS:   139283260 kB
VmallocTotal:   251658176 kB
VmallocUsed:      329092 kB
VmallocChunk:   247561408 kB
Time pass: 355 sec

---2015-10-25 15:24:01
MemTotal:        2746844 kB
MemFree:           65980 kB
Buffers:           86556 kB
Cached:           712112 kB
SwapCached:         9680 kB
Active:           811456 kB
Inactive:         737740 kB
Active(anon):     396596 kB
Inactive(anon):   368148 kB
Active(file):     414860 kB
Inactive(file):   369592 kB
Unevictable:       20976 kB
Mlocked:           13004 kB
SwapTotal:       1310716 kB
SwapFree:        1027492 kB
Dirty:                 0 kB
Writeback:             0 kB
AnonPages:        765832 kB
Mapped:           326028 kB
Shmem:              1748 kB
Slab:             119764 kB
SReclaimable:      33160 kB
SUnreclaim:        86604 kB
KernelStack:       33392 kB
PageTables:        56028 kB
NFS_Unstable:          0 kB
Bounce:                0 kB
WritebackTmp:          0 kB
CommitLimit:     2684136 kB
Committed_AS:   139287364 kB
VmallocTotal:   251658176 kB
VmallocUsed:      329092 kB
VmallocChunk:   247561408 kB
Time pass: 359 sec

---2015-10-25 15:24:01
MemTotal:        2746844 kB
MemFree:           69708 kB
Buffers:           84144 kB
Cached:           709716 kB
SwapCached:         9680 kB
Active:           792308 kB
Inactive:         753416 kB
Active(anon):     382412 kB
Inactive(anon):   383556 kB
Active(file):     409896 kB
Inactive(file):   369860 kB
Unevictable:       20976 kB
Mlocked:           13004 kB
SwapTotal:       1310716 kB
SwapFree:        1026732 kB
Dirty:                60 kB
Writeback:             0 kB
AnonPages:        765896 kB
Mapped:           326160 kB
Shmem:              1740 kB
Slab:             119768 kB
SReclaimable:      33160 kB
SUnreclaim:        86608 kB
KernelStack:       33392 kB
PageTables:        56056 kB
NFS_Unstable:          0 kB
Bounce:                0 kB
WritebackTmp:          0 kB
CommitLimit:     2684136 kB
Committed_AS:   139287668 kB
VmallocTotal:   251658176 kB
VmallocUsed:      329092 kB
VmallocChunk:   247561408 kB
Time pass: 363 sec

---2015-10-25 15:24:01
MemTotal:        2746844 kB
MemFree:          103128 kB
Buffers:           79740 kB
Cached:           699040 kB
SwapCached:         9688 kB
Active:           766556 kB
Inactive:         748616 kB
Active(anon):     372540 kB
Inactive(anon):   378060 kB
Active(file):     394016 kB
Inactive(file):   370556 kB
Unevictable:       20976 kB
Mlocked:           13004 kB
SwapTotal:       1310716 kB
SwapFree:        1019436 kB
Dirty:                60 kB
Writeback:             0 kB
AnonPages:        751620 kB
Mapped:           318664 kB
Shmem:              1740 kB
Slab:             119816 kB
SReclaimable:      33160 kB
SUnreclaim:        86656 kB
KernelStack:       32704 kB
PageTables:        55420 kB
NFS_Unstable:          0 kB
Bounce:                0 kB
WritebackTmp:          0 kB
CommitLimit:     2684136 kB
Committed_AS:   138024532 kB
VmallocTotal:   251658176 kB
VmallocUsed:      328072 kB
VmallocChunk:   247561408 kB
Time pass: 367 sec

---2015-10-25 15:24:01
MemTotal:        2746844 kB
MemFree:           92788 kB
Buffers:           79740 kB
Cached:           699040 kB
SwapCached:         9688 kB
Active:           777844 kB
Inactive:         748368 kB
Active(anon):     383588 kB
Inactive(anon):   378052 kB
Active(file):     394256 kB
Inactive(file):   370316 kB
Unevictable:       20976 kB
Mlocked:           13004 kB
SwapTotal:       1310716 kB
SwapFree:        1019436 kB
Dirty:                16 kB
Writeback:             0 kB
AnonPages:        762856 kB
Mapped:           325144 kB
Shmem:              1740 kB
Slab:             119788 kB
SReclaimable:      33160 kB
SUnreclaim:        86628 kB
KernelStack:       33280 kB
PageTables:        55984 kB
NFS_Unstable:          0 kB
Bounce:                0 kB
WritebackTmp:          0 kB
CommitLimit:     2684136 kB
Committed_AS:   139287112 kB
VmallocTotal:   251658176 kB
VmallocUsed:      329092 kB
VmallocChunk:   247561408 kB
Time pass: 371 sec

---2015-10-25 15:24:01
MemTotal:        2746844 kB
MemFree:           91432 kB
Buffers:           79748 kB
Cached:           699040 kB
SwapCached:         9688 kB
Active:           777592 kB
Inactive:         748328 kB
Active(anon):     383296 kB
Inactive(anon):   378044 kB
Active(file):     394296 kB
Inactive(file):   370284 kB
Unevictable:       20976 kB
Mlocked:           13004 kB
SwapTotal:       1310716 kB
SwapFree:        1019436 kB
Dirty:                72 kB
Writeback:             0 kB
AnonPages:        762404 kB
Mapped:           325352 kB
Shmem:              1740 kB
Slab:             119784 kB
SReclaimable:      33160 kB
SUnreclaim:        86624 kB
KernelStack:       33280 kB
PageTables:        55980 kB
NFS_Unstable:          0 kB
Bounce:                0 kB
WritebackTmp:          0 kB
CommitLimit:     2684136 kB
Committed_AS:   139287276 kB
VmallocTotal:   251658176 kB
VmallocUsed:      329092 kB
VmallocChunk:   247561408 kB
Time pass: 374 sec

---2015-10-25 15:24:01
MemTotal:        2746844 kB
MemFree:           91104 kB
Buffers:           79756 kB
Cached:           699040 kB
