---2015-12-05 01:40:17
MemTotal:        1745540 kB
MemFree:           47752 kB
Buffers:            7492 kB
Cached:           580804 kB
SwapCached:        17952 kB
Active:           679436 kB
Inactive:         676788 kB
Active(anon):     384252 kB
Inactive(anon):   387600 kB
Active(file):     295184 kB
Inactive(file):   289188 kB
Unevictable:        3816 kB
Mlocked:               0 kB
HighTotal:       1217536 kB
HighFree:          23528 kB
LowTotal:         528004 kB
LowFree:           24224 kB
SwapTotal:       1310716 kB
SwapFree:         996976 kB
Dirty:                 0 kB
Writeback:             0 kB
AnonPages:        759712 kB
Mapped:           308652 kB
Shmem:               108 kB
Slab:              56680 kB
SReclaimable:      16424 kB
SUnreclaim:        40256 kB
KernelStack:       16304 kB
PageTables:        55244 kB
NFS_Unstable:          0 kB
Bounce:                0 kB
WritebackTmp:          0 kB
CommitLimit:     2183484 kB
Committed_AS:   131420744 kB
VmallocTotal:     311296 kB
VmallocUsed:       21040 kB
VmallocChunk:     145420 kB
Time pass: 3 sec

---2015-12-05 01:40:17
MemTotal:        1745540 kB
MemFree:           47800 kB
Buffers:            7492 kB
Cached:           580940 kB
SwapCached:        17952 kB
Active:           679756 kB
Inactive:         676840 kB
Active(anon):     384528 kB
Inactive(anon):   387560 kB
Active(file):     295228 kB
Inactive(file):   289280 kB
Unevictable:        3816 kB
Mlocked:               0 kB
HighTotal:       1217536 kB
HighFree:          23324 kB
LowTotal:         528004 kB
LowFree:           24476 kB
SwapTotal:       1310716 kB
SwapFree:         996976 kB
Dirty:                 0 kB
Writeback:             0 kB
AnonPages:        759912 kB
Mapped:           308732 kB
Shmem:               108 kB
Slab:              56628 kB
SReclaimable:      16368 kB
SUnreclaim:        40260 kB
KernelStack:       16296 kB
PageTables:        55244 kB
NFS_Unstable:          0 kB
Bounce:                0 kB
WritebackTmp:          0 kB
CommitLimit:     2183484 kB
Committed_AS:   131420824 kB
VmallocTotal:     311296 kB
VmallocUsed:       20972 kB
VmallocChunk:     145420 kB
Time pass: 7 sec

---2015-12-05 01:40:17
MemTotal:        1745540 kB
MemFree:           47712 kB
Buffers:            7492 kB
Cached:           580940 kB
SwapCached:        17956 kB
Active:           679852 kB
Inactive:         676872 kB
Active(anon):     384624 kB
Inactive(anon):   387592 kB
Active(file):     295228 kB
Inactive(file):   289280 kB
Unevictable:        3816 kB
Mlocked:               0 kB
HighTotal:       1217536 kB
HighFree:          23204 kB
LowTotal:         528004 kB
LowFree:           24508 kB
SwapTotal:       1310716 kB
SwapFree:         997028 kB
Dirty:                 0 kB
Writeback:             0 kB
AnonPages:        760064 kB
Mapped:           308732 kB
Shmem:               108 kB
Slab:              56612 kB
SReclaimable:      16352 kB
SUnreclaim:        40260 kB
KernelStack:       16280 kB
PageTables:        55240 kB
NFS_Unstable:          0 kB
Bounce:                0 kB
WritebackTmp:          0 kB
CommitLimit:     2183484 kB
Committed_AS:   131420824 kB
VmallocTotal:     311296 kB
VmallocUsed:       20972 kB
VmallocChunk:     145420 kB
Time pass: 10 sec

---2015-12-05 01:40:17
MemTotal:        1745540 kB
MemFree:           47572 kB
Buffers:            7492 kB
Cached:           580940 kB
SwapCached:        17956 kB
Active:           679944 kB
Inactive:         676876 kB
Active(anon):     384716 kB
Inactive(anon):   387596 kB
Active(file):     295228 kB
Inactive(file):   289280 kB
Unevictable:        3816 kB
Mlocked:               0 kB
HighTotal:       1217536 kB
HighFree:          23056 kB
LowTotal:         528004 kB
LowFree:           24516 kB
SwapTotal:       1310716 kB
SwapFree:         997032 kB
Dirty:                 0 kB
Writeback:             0 kB
AnonPages:        760108 kB
Mapped:           308732 kB
Shmem:               108 kB
Slab:              56612 kB
SReclaimable:      16352 kB
SUnreclaim:        40260 kB
KernelStack:       16272 kB
PageTables:        55236 kB
NFS_Unstable:          0 kB
Bounce:                0 kB
WritebackTmp:          0 kB
CommitLimit:     2183484 kB
Committed_AS:   131420864 kB
VmallocTotal:     311296 kB
VmallocUsed:       20972 kB
VmallocChunk:     145420 kB
Time pass: 14 sec

---2015-12-05 01:40:17
MemTotal:        1745540 kB
MemFree:           50784 kB
Buffers:            7492 kB
Cached:           580940 kB
SwapCached:        17956 kB
Active:           679488 kB
Inactive:         674740 kB
Active(anon):     384260 kB
Inactive(anon):   385460 kB
Active(file):     295228 kB
Inactive(file):   289280 kB
Unevictable:        3816 kB
Mlocked:               0 kB
HighTotal:       1217536 kB
HighFree:          25452 kB
LowTotal:         528004 kB
LowFree:           25332 kB
SwapTotal:       1310716 kB
SwapFree:         997036 kB
Dirty:                 0 kB
Writeback:             0 kB
AnonPages:        757584 kB
Mapped:           308288 kB
Shmem:               108 kB
Slab:              56612 kB
SReclaimable:      16352 kB
SUnreclaim:        40260 kB
KernelStack:       16144 kB
PageTables:        54724 kB
NFS_Unstable:          0 kB
Bounce:                0 kB
WritebackTmp:          0 kB
CommitLimit:     2183484 kB
Committed_AS:   130176660 kB
VmallocTotal:     311296 kB
VmallocUsed:       19952 kB
VmallocChunk:     145420 kB
Time pass: 17 sec

---2015-12-05 01:40:17
MemTotal:        1745540 kB
MemFree:           54500 kB
Buffers:            7396 kB
Cached:           580936 kB
SwapCached:        35460 kB
Active:           670416 kB
Inactive:         681480 kB
Active(anon):     385180 kB
Inactive(anon):   382536 kB
Active(file):     285236 kB
Inactive(file):   298944 kB
Unevictable:        3816 kB
Mlocked:               0 kB
HighTotal:       1217536 kB
HighFree:          22196 kB
LowTotal:         528004 kB
LowFree:           32304 kB
SwapTotal:       1310716 kB
SwapFree:         987052 kB
Dirty:                 0 kB
Writeback:             0 kB
AnonPages:        754992 kB
Mapped:           304712 kB
Shmem:               108 kB
Slab:              56716 kB
SReclaimable:      16344 kB
SUnreclaim:        40372 kB
KernelStack:       16312 kB
PageTables:        54660 kB
NFS_Unstable:          0 kB
Bounce:                0 kB
WritebackTmp:          0 kB
CommitLimit:     2183484 kB
Committed_AS:   129970408 kB
VmallocTotal:     311296 kB
VmallocUsed:       19036 kB
VmallocChunk:     145420 kB
Time pass: 21 sec

---2015-12-05 01:40:17
MemTotal:        1745540 kB
MemFree:           55196 kB
Buffers:            6856 kB
Cached:           485184 kB
SwapCached:        38220 kB
Active:           619140 kB
Inactive:         626408 kB
Active(anon):     374680 kB
Inactive(anon):   382660 kB
Active(file):     244460 kB
Inactive(file):   243748 kB
Unevictable:        3816 kB
Mlocked:               0 kB
HighTotal:       1217536 kB
HighFree:          30028 kB
LowTotal:         528004 kB
LowFree:           25168 kB
SwapTotal:       1310716 kB
SwapFree:         933056 kB
Dirty:              1984 kB
Writeback:             0 kB
AnonPages:        743500 kB
Mapped:           324488 kB
Shmem:               268 kB
Slab:              57704 kB
SReclaimable:      16388 kB
SUnreclaim:        41316 kB
KernelStack:       16720 kB
PageTables:        55292 kB
NFS_Unstable:          0 kB
Bounce:                0 kB
WritebackTmp:          0 kB
CommitLimit:     2183484 kB
Committed_AS:   130041956 kB
VmallocTotal:     311296 kB
VmallocUsed:       19388 kB
VmallocChunk:     145420 kB
Time pass: 24 sec

---2015-12-05 01:40:17
MemTotal:        1745540 kB
MemFree:           71228 kB
Buffers:            6860 kB
Cached:           461360 kB
SwapCached:        39304 kB
Active:           596440 kB
Inactive:         600100 kB
Active(anon):     361856 kB
Inactive(anon):   370532 kB
Active(file):     234584 kB
Inactive(file):   229568 kB
Unevictable:        3816 kB
Mlocked:               0 kB
HighTotal:       1217536 kB
HighFree:          40816 kB
LowTotal:         528004 kB
LowFree:           30412 kB
SwapTotal:       1310716 kB
SwapFree:         935740 kB
Dirty:               724 kB
Writeback:             0 kB
AnonPages:        718328 kB
Mapped:           342468 kB
Shmem:               240 kB
Slab:              57624 kB
SReclaimable:      16372 kB
SUnreclaim:        41252 kB
KernelStack:       16576 kB
PageTables:        55388 kB
NFS_Unstable:          0 kB
Bounce:                0 kB
WritebackTmp:          0 kB
CommitLimit:     2183484 kB
Committed_AS:   130020244 kB
VmallocTotal:     311296 kB
VmallocUsed:       19452 kB
VmallocChunk:     145420 kB
Time pass: 28 sec

---2015-12-05 01:40:17
MemTotal:        1745540 kB
MemFree:           70936 kB
Buffers:            6876 kB
Cached:           462188 kB
SwapCached:        39304 kB
Active:           596436 kB
Inactive:         600872 kB
Active(anon):     361752 kB
Inactive(anon):   370548 kB
Active(file):     234684 kB
Inactive(file):   230324 kB
Unevictable:        3816 kB
Mlocked:               0 kB
HighTotal:       1217536 kB
HighFree:          40488 kB
LowTotal:         528004 kB
LowFree:           30448 kB
SwapTotal:       1310716 kB
SwapFree:         935760 kB
Dirty:               116 kB
Writeback:             0 kB
AnonPages:        718172 kB
Mapped:           342516 kB
Shmem:               240 kB
Slab:              57620 kB
SReclaimable:      16364 kB
SUnreclaim:        41256 kB
KernelStack:       16584 kB
PageTables:        55388 kB
NFS_Unstable:          0 kB
Bounce:                0 kB
WritebackTmp:          0 kB
CommitLimit:     2183484 kB
Committed_AS:   130020356 kB
VmallocTotal:     311296 kB
VmallocUsed:       19384 kB
VmallocChunk:     145420 kB
Time pass: 31 sec

---2015-12-05 01:40:17
MemTotal:        1745540 kB
MemFree:           77228 kB
Buffers:            6884 kB
Cached:           463368 kB
SwapCached:        39352 kB
Active:           595460 kB
Inactive:         597072 kB
Active(anon):     360700 kB
Inactive(anon):   365644 kB
Active(file):     234760 kB
Inactive(file):   231428 kB
Unevictable:        3816 kB
Mlocked:               0 kB
HighTotal:       1217536 kB
HighFree:          44824 kB
LowTotal:         528004 kB
LowFree:           32404 kB
SwapTotal:       1310716 kB
SwapFree:         938244 kB
Dirty:               120 kB
Writeback:             0 kB
AnonPages:        712292 kB
Mapped:           341704 kB
Shmem:               240 kB
Slab:              57560 kB
SReclaimable:      16364 kB
SUnreclaim:        41196 kB
KernelStack:       16384 kB
PageTables:        54344 kB
NFS_Unstable:          0 kB
Bounce:                0 kB
WritebackTmp:          0 kB
CommitLimit:     2183484 kB
Committed_AS:   127017564 kB
VmallocTotal:     311296 kB
VmallocUsed:       18364 kB
VmallocChunk:     145420 kB
Time pass: 35 sec

---2015-12-05 01:40:17
MemTotal:        1745540 kB
MemFree:           62880 kB
Buffers:            7108 kB
Cached:           445408 kB
SwapCached:        41440 kB
Active:           589400 kB
Inactive:         588596 kB
Active(anon):     364948 kB
Inactive(anon):   365120 kB
Active(file):     224452 kB
Inactive(file):   223476 kB
Unevictable:        3816 kB
Mlocked:               0 kB
HighTotal:       1217536 kB
HighFree:          34580 kB
LowTotal:         528004 kB
LowFree:           28300 kB
SwapTotal:       1310716 kB
SwapFree:         926296 kB
Dirty:                64 kB
Writeback:             0 kB
AnonPages:        715884 kB
Mapped:           347996 kB
Shmem:               244 kB
Slab:              57552 kB
SReclaimable:      16356 kB
SUnreclaim:        41196 kB
KernelStack:       16584 kB
PageTables:        54612 kB
NFS_Unstable:          0 kB
Bounce:                0 kB
WritebackTmp:          0 kB
CommitLimit:     2183484 kB
Committed_AS:   127028644 kB
VmallocTotal:     311296 kB
VmallocUsed:       18636 kB
VmallocChunk:     145420 kB
Time pass: 38 sec

---2015-12-05 01:40:17
MemTotal:        1745540 kB
MemFree:           58844 kB
Buffers:            6352 kB
Cached:           444804 kB
SwapCached:        41876 kB
Active:           588676 kB
Inactive:         589308 kB
Active(anon):     365140 kB
Inactive(anon):   365736 kB
Active(file):     223536 kB
Inactive(file):   223572 kB
Unevictable:        3816 kB
Mlocked:               0 kB
HighTotal:       1217536 kB
HighFree:          31072 kB
LowTotal:         528004 kB
LowFree:           27772 kB
SwapTotal:       1310716 kB
SwapFree:         922644 kB
Dirty:                12 kB
Writeback:             0 kB
AnonPages:        716820 kB
Mapped:           352092 kB
Shmem:               240 kB
Slab:              57532 kB
SReclaimable:      16348 kB
SUnreclaim:        41184 kB
KernelStack:       16464 kB
PageTables:        54584 kB
NFS_Unstable:          0 kB
Bounce:                0 kB
WritebackTmp:          0 kB
CommitLimit:     2183484 kB
Committed_AS:   127044604 kB
VmallocTotal:     311296 kB
VmallocUsed:       18792 kB
VmallocChunk:     145420 kB
Time pass: 42 sec

---2015-12-05 01:40:17
MemTotal:        1745540 kB
MemFree:           62056 kB
Buffers:            5528 kB
Cached:           442900 kB
SwapCached:        41812 kB
Active:           589660 kB
Inactive:         589212 kB
Active(anon):     367544 kB
Inactive(anon):   366964 kB
Active(file):     222116 kB
Inactive(file):   222248 kB
Unevictable:        3816 kB
Mlocked:               0 kB
HighTotal:       1217536 kB
HighFree:          28520 kB
LowTotal:         528004 kB
LowFree:           33536 kB
SwapTotal:       1310716 kB
SwapFree:         921836 kB
Dirty:                76 kB
Writeback:             0 kB
AnonPages:        720292 kB
Mapped:           349036 kB
Shmem:               244 kB
Slab:              57564 kB
SReclaimable:      16324 kB
SUnreclaim:        41240 kB
KernelStack:       16496 kB
PageTables:        54536 kB
NFS_Unstable:          0 kB
Bounce:                0 kB
WritebackTmp:          0 kB
CommitLimit:     2183484 kB
Committed_AS:   127060352 kB
VmallocTotal:     311296 kB
VmallocUsed:       18636 kB
VmallocChunk:     145420 kB
Time pass: 46 sec

---2015-12-05 01:40:17
MemTotal:        1745540 kB
MemFree:           44232 kB
Buffers:            5584 kB
Cached:           424804 kB
SwapCached:        42412 kB
Active:           581228 kB
Inactive:         577388 kB
Active(anon):     366448 kB
Inactive(anon):   365872 kB
Active(file):     214780 kB
Inactive(file):   211516 kB
Unevictable:        3816 kB
Mlocked:               0 kB
HighTotal:       1217536 kB
HighFree:          17968 kB
LowTotal:         528004 kB
LowFree:           26264 kB
SwapTotal:       1310716 kB
SwapFree:         890904 kB
Dirty:              1292 kB
Writeback:             0 kB
AnonPages:        717472 kB
Mapped:           369624 kB
Shmem:               244 kB
Slab:              58004 kB
SReclaimable:      16332 kB
SUnreclaim:        41672 kB
KernelStack:       16592 kB
PageTables:        54628 kB
NFS_Unstable:          0 kB
Bounce:                0 kB
WritebackTmp:          0 kB
CommitLimit:     2183484 kB
Committed_AS:   127081368 kB
VmallocTotal:     311296 kB
VmallocUsed:       18848 kB
VmallocChunk:     145420 kB
Time pass: 49 sec

---2015-12-05 01:40:17
MemTotal:        1745540 kB
MemFree:           77784 kB
Buffers:            5584 kB
Cached:           412552 kB
SwapCached:        42264 kB
Active:           556552 kB
Inactive:         552572 kB
Active(anon):     347520 kB
Inactive(anon):   347528 kB
Active(file):     209032 kB
Inactive(file):   205044 kB
Unevictable:        3816 kB
Mlocked:               0 kB
HighTotal:       1217536 kB
HighFree:          49344 kB
LowTotal:         528004 kB
LowFree:           28440 kB
SwapTotal:       1310716 kB
SwapFree:         869640 kB
Dirty:                 4 kB
Writeback:             0 kB
AnonPages:        679268 kB
Mapped:           386496 kB
Shmem:               244 kB
Slab:              58308 kB
SReclaimable:      16372 kB
SUnreclaim:        41936 kB
KernelStack:       16504 kB
PageTables:        54672 kB
NFS_Unstable:          0 kB
Bounce:                0 kB
WritebackTmp:          0 kB
CommitLimit:     2183484 kB
Committed_AS:   127067120 kB
VmallocTotal:     311296 kB
VmallocUsed:       18768 kB
VmallocChunk:     145420 kB
Time pass: 53 sec

---2015-12-05 01:40:17
MemTotal:        1745540 kB
MemFree:           75204 kB
Buffers:            5592 kB
Cached:           414584 kB
SwapCached:        42264 kB
Active:           557024 kB
Inactive:         554576 kB
Active(anon):     347980 kB
Inactive(anon):   347524 kB
Active(file):     209044 kB
Inactive(file):   207052 kB
Unevictable:        3816 kB
Mlocked:               0 kB
HighTotal:       1217536 kB
HighFree:          46788 kB
LowTotal:         528004 kB
LowFree:           28416 kB
SwapTotal:       1310716 kB
SwapFree:         869652 kB
Dirty:                80 kB
Writeback:             0 kB
AnonPages:        679756 kB
Mapped:           386888 kB
Shmem:               244 kB
Slab:              58292 kB
SReclaimable:      16356 kB
SUnreclaim:        41936 kB
KernelStack:       16504 kB
PageTables:        54672 kB
NFS_Unstable:          0 kB
Bounce:                0 kB
WritebackTmp:          0 kB
CommitLimit:     2183484 kB
Committed_AS:   127067320 kB
VmallocTotal:     311296 kB
VmallocUsed:       18768 kB
VmallocChunk:     145420 kB
Time pass: 56 sec

---2015-12-05 01:40:17
MemTotal:        1745540 kB
MemFree:           79564 kB
Buffers:            5600 kB
Cached:           402424 kB
SwapCached:        42632 kB
Active:           547368 kB
Inactive:         542212 kB
Active(anon):     342720 kB
Inactive(anon):   342896 kB
Active(file):     204648 kB
Inactive(file):   199316 kB
Unevictable:        3816 kB
Mlocked:               0 kB
HighTotal:       1217536 kB
HighFree:          50120 kB
LowTotal:         528004 kB
LowFree:           29444 kB
SwapTotal:       1310716 kB
SwapFree:         857488 kB
Dirty:               320 kB
Writeback:             0 kB
AnonPages:        669404 kB
Mapped:           391996 kB
Shmem:               244 kB
Slab:              58408 kB
SReclaimable:      16356 kB
SUnreclaim:        42052 kB
KernelStack:       16504 kB
PageTables:        54704 kB
NFS_Unstable:          0 kB
Bounce:                0 kB
WritebackTmp:          0 kB
CommitLimit:     2183484 kB
Committed_AS:   127067560 kB
VmallocTotal:     311296 kB
VmallocUsed:       18808 kB
VmallocChunk:     145420 kB
Time pass: 60 sec

---2015-12-05 01:40:17
MemTotal:        1745540 kB
MemFree:           76372 kB
Buffers:            5600 kB
Cached:           404196 kB
SwapCached:        42656 kB
Active:           548308 kB
Inactive:         544068 kB
Active(anon):     343660 kB
Inactive(anon):   342980 kB
Active(file):     204648 kB
Inactive(file):   201088 kB
Unevictable:        3816 kB
Mlocked:               0 kB
HighTotal:       1217536 kB
HighFree:          47348 kB
LowTotal:         528004 kB
LowFree:           29024 kB
SwapTotal:       1310716 kB
SwapFree:         857608 kB
Dirty:                 0 kB
Writeback:             0 kB
AnonPages:        670432 kB
Mapped:           392224 kB
Shmem:               244 kB
Slab:              58408 kB
SReclaimable:      16356 kB
SUnreclaim:        42052 kB
KernelStack:       16504 kB
PageTables:        54704 kB
NFS_Unstable:          0 kB
Bounce:                0 kB
WritebackTmp:          0 kB
CommitLimit:     2183484 kB
Committed_AS:   127068672 kB
VmallocTotal:     311296 kB
VmallocUsed:       18876 kB
VmallocChunk:     145420 kB
Time pass: 63 sec

---2015-12-05 01:40:17
MemTotal:        1745540 kB
MemFree:           76908 kB
Buffers:            5604 kB
Cached:           388924 kB
SwapCached:        42952 kB
Active:           538932 kB
Inactive:         533256 kB
Active(anon):     341124 kB
Inactive(anon):   340596 kB
Active(file):     197808 kB
Inactive(file):   192660 kB
Unevictable:        3816 kB
Mlocked:               0 kB
HighTotal:       1217536 kB
HighFree:          47796 kB
LowTotal:         528004 kB
LowFree:           29112 kB
SwapTotal:       1310716 kB
SwapFree:         843856 kB
Dirty:               524 kB
Writeback:             0 kB
AnonPages:        665164 kB
Mapped:           396528 kB
Shmem:               244 kB
Slab:              58788 kB
SReclaimable:      16364 kB
SUnreclaim:        42424 kB
KernelStack:       16552 kB
PageTables:        54740 kB
NFS_Unstable:          0 kB
Bounce:                0 kB
WritebackTmp:          0 kB
CommitLimit:     2183484 kB
Committed_AS:   127077736 kB
VmallocTotal:     311296 kB
VmallocUsed:       18960 kB
VmallocChunk:     145420 kB
Time pass: 67 sec

---2015-12-05 01:40:17
MemTotal:        1745540 kB
MemFree:           68476 kB
Buffers:            5628 kB
Cached:           389996 kB
SwapCached:        43464 kB
Active:           542728 kB
Inactive:         536208 kB
Active(anon):     344820 kB
Inactive(anon):   342536 kB
Active(file):     197908 kB
Inactive(file):   193672 kB
Unevictable:        3816 kB
Mlocked:               0 kB
HighTotal:       1217536 kB
HighFree:          39340 kB
LowTotal:         528004 kB
LowFree:           29136 kB
SwapTotal:       1310716 kB
SwapFree:         838744 kB
Dirty:               328 kB
Writeback:            44 kB
AnonPages:        670472 kB
Mapped:           395508 kB
Shmem:               244 kB
Slab:              58856 kB
SReclaimable:      16364 kB
SUnreclaim:        42492 kB
KernelStack:       16608 kB
PageTables:        54752 kB
NFS_Unstable:          0 kB
Bounce:                0 kB
WritebackTmp:          0 kB
CommitLimit:     2183484 kB
Committed_AS:   127088456 kB
VmallocTotal:     311296 kB
VmallocUsed:       19096 kB
VmallocChunk:     145420 kB
Time pass: 70 sec

---2015-12-05 01:40:17
MemTotal:        1745540 kB
MemFree:           76460 kB
Buffers:            5656 kB
Cached:           355880 kB
SwapCached:        45032 kB
Active:           512164 kB
Inactive:         508376 kB
Active(anon):     332232 kB
Inactive(anon):   331048 kB
Active(file):     179932 kB
Inactive(file):   177328 kB
Unevictable:        3816 kB
Mlocked:               0 kB
HighTotal:       1217536 kB
HighFree:          50732 kB
LowTotal:         528004 kB
LowFree:           25728 kB
SwapTotal:       1310716 kB
SwapFree:         800640 kB
Dirty:                44 kB
Writeback:             0 kB
AnonPages:        645248 kB
Mapped:           384568 kB
Shmem:               404 kB
Slab:              59360 kB
SReclaimable:      16404 kB
SUnreclaim:        42956 kB
KernelStack:       16840 kB
PageTables:        54988 kB
NFS_Unstable:          0 kB
Bounce:                0 kB
WritebackTmp:          0 kB
CommitLimit:     2183484 kB
Committed_AS:   127137944 kB
VmallocTotal:     311296 kB
VmallocUsed:       19028 kB
VmallocChunk:     145420 kB
Time pass: 74 sec

---2015-12-05 01:40:17
MemTotal:        1745540 kB
MemFree:           88248 kB
Buffers:            5604 kB
Cached:           328616 kB
SwapCached:        45716 kB
Active:           486628 kB
Inactive:         487648 kB
Active(anon):     322452 kB
Inactive(anon):   322000 kB
Active(file):     164176 kB
Inactive(file):   165648 kB
Unevictable:        3816 kB
Mlocked:               0 kB
HighTotal:       1217536 kB
HighFree:          55672 kB
LowTotal:         528004 kB
LowFree:           32576 kB
SwapTotal:       1310716 kB
SwapFree:         782124 kB
Dirty:                52 kB
Writeback:             0 kB
AnonPages:        625752 kB
Mapped:           371084 kB
Shmem:               452 kB
Slab:              59560 kB
SReclaimable:      16404 kB
SUnreclaim:        43156 kB
KernelStack:       16808 kB
PageTables:        55160 kB
NFS_Unstable:          0 kB
Bounce:                0 kB
WritebackTmp:          0 kB
CommitLimit:     2183484 kB
Committed_AS:   127135164 kB
VmallocTotal:     311296 kB
VmallocUsed:       19028 kB
VmallocChunk:     145420 kB
Time pass: 78 sec

---2015-12-05 01:40:17
MemTotal:        1745540 kB
MemFree:           87232 kB
Buffers:            5612 kB
Cached:           328948 kB
SwapCached:        45724 kB
Active:           487984 kB
Inactive:         488180 kB
Active(anon):     323872 kB
Inactive(anon):   322156 kB
Active(file):     164112 kB
Inactive(file):   166024 kB
Unevictable:        3816 kB
Mlocked:               0 kB
HighTotal:       1217536 kB
HighFree:          54204 kB
LowTotal:         528004 kB
LowFree:           33028 kB
SwapTotal:       1310716 kB
SwapFree:         782148 kB
Dirty:                28 kB
Writeback:             0 kB
AnonPages:        627252 kB
Mapped:           370972 kB
Shmem:               608 kB
Slab:              59588 kB
SReclaimable:      16404 kB
SUnreclaim:        43184 kB
KernelStack:       16816 kB
PageTables:        55164 kB
NFS_Unstable:          0 kB
Bounce:                0 kB
WritebackTmp:          0 kB
CommitLimit:     2183484 kB
Committed_AS:   127137400 kB
VmallocTotal:     311296 kB
VmallocUsed:       19028 kB
VmallocChunk:     145420 kB
Time pass: 82 sec

---2015-12-05 01:40:17
MemTotal:        1745540 kB
MemFree:           81012 kB
Buffers:            5636 kB
Cached:           331408 kB
SwapCached:        46052 kB
Active:           488944 kB
Inactive:         493140 kB
Active(anon):     324800 kB
Inactive(anon):   324664 kB
Active(file):     164144 kB
Inactive(file):   168476 kB
Unevictable:        3816 kB
Mlocked:               0 kB
HighTotal:       1217536 kB
HighFree:          48072 kB
LowTotal:         528004 kB
LowFree:           32940 kB
SwapTotal:       1310716 kB
SwapFree:         784964 kB
Dirty:                44 kB
Writeback:             0 kB
AnonPages:        630700 kB
Mapped:           371192 kB
Shmem:               604 kB
Slab:              59608 kB
SReclaimable:      16404 kB
SUnreclaim:        43204 kB
KernelStack:       16768 kB
PageTables:        55152 kB
NFS_Unstable:          0 kB
Bounce:                0 kB
WritebackTmp:          0 kB
CommitLimit:     2183484 kB
Committed_AS:   127135924 kB
VmallocTotal:     311296 kB
VmallocUsed:       19028 kB
VmallocChunk:     145420 kB
Time pass: 85 sec

---2015-12-05 01:40:17
MemTotal:        1745540 kB
MemFree:           79268 kB
Buffers:            5652 kB
Cached:           334052 kB
SwapCached:        45788 kB
Active:           490992 kB
Inactive:         492016 kB
Active(anon):     326832 kB
Inactive(anon):   320944 kB
Active(file):     164160 kB
Inactive(file):   171072 kB
Unevictable:        3816 kB
Mlocked:               0 kB
HighTotal:       1217536 kB
HighFree:          46568 kB
LowTotal:         528004 kB
LowFree:           32700 kB
SwapTotal:       1310716 kB
SwapFree:         786288 kB
Dirty:                40 kB
Writeback:             0 kB
AnonPages:        629068 kB
Mapped:           371600 kB
Shmem:               656 kB
Slab:              59588 kB
SReclaimable:      16404 kB
SUnreclaim:        43184 kB
KernelStack:       16784 kB
PageTables:        55160 kB
NFS_Unstable:          0 kB
Bounce:                0 kB
WritebackTmp:          0 kB
CommitLimit:     2183484 kB
Committed_AS:   127139048 kB
VmallocTotal:     311296 kB
VmallocUsed:       19096 kB
VmallocChunk:     145420 kB
Time pass: 89 sec

---2015-12-05 01:40:17
MemTotal:        1745540 kB
MemFree:           77680 kB
Buffers:            5652 kB
Cached:           334052 kB
SwapCached:        45788 kB
Active:           492340 kB
Inactive:         492024 kB
Active(anon):     328180 kB
Inactive(anon):   320952 kB
Active(file):     164160 kB
Inactive(file):   171072 kB
Unevictable:        3816 kB
Mlocked:               0 kB
HighTotal:       1217536 kB
HighFree:          45212 kB
LowTotal:         528004 kB
LowFree:           32468 kB
SwapTotal:       1310716 kB
SwapFree:         786304 kB
Dirty:                 0 kB
Writeback:             0 kB
AnonPages:        630364 kB
Mapped:           371416 kB
Shmem:               656 kB
Slab:              59548 kB
SReclaimable:      16404 kB
SUnreclaim:        43144 kB
KernelStack:       16832 kB
PageTables:        55164 kB
NFS_Unstable:          0 kB
Bounce:                0 kB
WritebackTmp:          0 kB
CommitLimit:     2183484 kB
Committed_AS:   127142176 kB
VmallocTotal:     311296 kB
VmallocUsed:       19096 kB
VmallocChunk:     145420 kB
Time pass: 93 sec

---2015-12-05 01:40:17
MemTotal:        1745540 kB
MemFree:           67568 kB
Buffers:            5632 kB
Cached:           346740 kB
SwapCached:        46208 kB
Active:           487292 kB
Inactive:         503480 kB
Active(anon):     321308 kB
Inactive(anon):   321796 kB
Active(file):     165984 kB
Inactive(file):   181684 kB
Unevictable:        3816 kB
Mlocked:               0 kB
HighTotal:       1217536 kB
HighFree:          36464 kB
LowTotal:         528004 kB
LowFree:           31104 kB
SwapTotal:       1310716 kB
SwapFree:         775036 kB
Dirty:                40 kB
Writeback:             0 kB
AnonPages:        623956 kB
Mapped:           367088 kB
Shmem:               656 kB
Slab:              59592 kB
SReclaimable:      16404 kB
SUnreclaim:        43188 kB
KernelStack:       16872 kB
PageTables:        55416 kB
NFS_Unstable:          0 kB
Bounce:                0 kB
WritebackTmp:          0 kB
CommitLimit:     2183484 kB
Committed_AS:   128583676 kB
VmallocTotal:     311296 kB
VmallocUsed:       19096 kB
VmallocChunk:     145420 kB
Time pass: 96 sec

---2015-12-05 01:40:17
MemTotal:        1745540 kB
MemFree:          302284 kB
Buffers:            4592 kB
Cached:           384432 kB
SwapCached:        51456 kB
Active:           429500 kB
Inactive:         501028 kB
Active(anon):     248912 kB
Inactive(anon):   296512 kB
Active(file):     180588 kB
Inactive(file):   204516 kB
Unevictable:        3816 kB
Mlocked:               0 kB
HighTotal:       1217536 kB
HighFree:         215800 kB
LowTotal:         528004 kB
LowFree:           86484 kB
SwapTotal:       1310716 kB
SwapFree:         774612 kB
Dirty:                36 kB
Writeback:             0 kB
AnonPages:        526000 kB
Mapped:           197844 kB
Shmem:               104 kB
Slab:              60660 kB
SReclaimable:      16404 kB
SUnreclaim:        44256 kB
KernelStack:       16096 kB
PageTables:        53968 kB
NFS_Unstable:          0 kB
Bounce:                0 kB
WritebackTmp:          0 kB
CommitLimit:     2183484 kB
Committed_AS:   128705512 kB
VmallocTotal:     311296 kB
VmallocUsed:       18168 kB
VmallocChunk:     145420 kB
Time pass: 100 sec

---2015-12-05 01:40:17
MemTotal:        1745540 kB
MemFree:          293776 kB
Buffers:            4656 kB
Cached:           390668 kB
SwapCached:        51480 kB
Active:           434036 kB
Inactive:         507140 kB
Active(anon):     253228 kB
Inactive(anon):   296548 kB
Active(file):     180808 kB
Inactive(file):   210592 kB
Unevictable:        3816 kB
Mlocked:               0 kB
HighTotal:       1217536 kB
HighFree:         205788 kB
LowTotal:         528004 kB
LowFree:           87988 kB
SwapTotal:       1310716 kB
SwapFree:         774632 kB
Dirty:               348 kB
Writeback:             0 kB
AnonPages:        530376 kB
Mapped:           198500 kB
Shmem:               104 kB
Slab:              60652 kB
SReclaimable:      16396 kB
SUnreclaim:        44256 kB
KernelStack:       15944 kB
PageTables:        53976 kB
NFS_Unstable:          0 kB
Bounce:                0 kB
WritebackTmp:          0 kB
CommitLimit:     2183484 kB
Committed_AS:   128707320 kB
VmallocTotal:     311296 kB
VmallocUsed:       18032 kB
VmallocChunk:     145420 kB
Time pass: 103 sec

---2015-12-05 01:40:17
MemTotal:        1745540 kB
MemFree:          297692 kB
Buffers:            4656 kB
Cached:           391120 kB
SwapCached:        51848 kB
Active:           432152 kB
Inactive:         505504 kB
Active(anon):     251132 kB
Inactive(anon):   294668 kB
Active(file):     181020 kB
Inactive(file):   210836 kB
Unevictable:        3816 kB
Mlocked:               0 kB
HighTotal:       1217536 kB
HighFree:         208876 kB
LowTotal:         528004 kB
LowFree:           88816 kB
SwapTotal:       1310716 kB
SwapFree:         775992 kB
Dirty:                 0 kB
Writeback:             0 kB
AnonPages:        526348 kB
Mapped:           197144 kB
Shmem:               104 kB
Slab:              60612 kB
SReclaimable:      16396 kB
SUnreclaim:        44216 kB
KernelStack:       15864 kB
PageTables:        53604 kB
NFS_Unstable:          0 kB
Bounce:                0 kB
WritebackTmp:          0 kB
CommitLimit:     2183484 kB
Committed_AS:   127204164 kB
VmallocTotal:     311296 kB
VmallocUsed:       18032 kB
VmallocChunk:     145420 kB
Time pass: 107 sec

---2015-12-05 01:40:17
MemTotal:        1745540 kB
MemFree:          297884 kB
Buffers:            4664 kB
Cached:           391120 kB
SwapCached:        51848 kB
Active:           431032 kB
Inactive:         505424 kB
Active(anon):     250012 kB
Inactive(anon):   294580 kB
Active(file):     181020 kB
Inactive(file):   210844 kB
Unevictable:        3816 kB
Mlocked:               0 kB
HighTotal:       1217536 kB
HighFree:         209560 kB
LowTotal:         528004 kB
LowFree:           88324 kB
SwapTotal:       1310716 kB
SwapFree:         775996 kB
Dirty:                44 kB
Writeback:             0 kB
AnonPages:        525276 kB
Mapped:           199036 kB
Shmem:               104 kB
Slab:              60600 kB
SReclaimable:      16396 kB
SUnreclaim:        44204 kB
KernelStack:       15864 kB
PageTables:        53624 kB
NFS_Unstable:          0 kB
Bounce:                0 kB
WritebackTmp:          0 kB
CommitLimit:     2183484 kB
Committed_AS:   127201788 kB
VmallocTotal:     311296 kB
VmallocUsed:       18168 kB
VmallocChunk:     145420 kB
Time pass: 111 sec

---2015-12-05 01:40:17
MemTotal:        1745540 kB
MemFree:          171528 kB
Buffers:            4932 kB
Cached:           416856 kB
SwapCached:        52436 kB
Active:           476040 kB
Inactive:         526612 kB
Active(anon):     290844 kB
Inactive(anon):   294104 kB
Active(file):     185196 kB
Inactive(file):   232508 kB
Unevictable:        3816 kB
Mlocked:               0 kB
HighTotal:       1217536 kB
HighFree:          93836 kB
LowTotal:         528004 kB
LowFree:           77692 kB
SwapTotal:       1310716 kB
SwapFree:         776932 kB
Dirty:              1632 kB
Writeback:             0 kB
AnonPages:        565136 kB
Mapped:           262348 kB
Shmem:               236 kB
Slab:              60628 kB
SReclaimable:      16416 kB
SUnreclaim:        44212 kB
KernelStack:       16408 kB
PageTables:        54172 kB
NFS_Unstable:          0 kB
Bounce:                0 kB
WritebackTmp:          0 kB
CommitLimit:     2183484 kB
Committed_AS:   127046924 kB
VmallocTotal:     311296 kB
VmallocUsed:       18532 kB
VmallocChunk:     145420 kB
Time pass: 114 sec

---2015-12-05 01:40:17
MemTotal:        1745540 kB
MemFree:          104140 kB
Buffers:            4932 kB
Cached:           419672 kB
SwapCached:        52724 kB
Active:           494056 kB
Inactive:         529068 kB
Active(anon):     307812 kB
Inactive(anon):   294760 kB
Active(file):     186244 kB
Inactive(file):   234308 kB
Unevictable:        3816 kB
Mlocked:               0 kB
HighTotal:       1217536 kB
HighFree:          40568 kB
LowTotal:         528004 kB
LowFree:           63572 kB
SwapTotal:       1310716 kB
SwapFree:         778500 kB
Dirty:               992 kB
Writeback:             0 kB
AnonPages:        582744 kB
Mapped:           302944 kB
Shmem:               240 kB
Slab:              60628 kB
SReclaimable:      16424 kB
SUnreclaim:        44204 kB
KernelStack:       16424 kB
PageTables:        54484 kB
NFS_Unstable:          0 kB
Bounce:                0 kB
WritebackTmp:          0 kB
CommitLimit:     2183484 kB
Committed_AS:   127068036 kB
VmallocTotal:     311296 kB
VmallocUsed:       18768 kB
VmallocChunk:     145420 kB
Time pass: 119 sec

---2015-12-05 01:40:17
MemTotal:        1745540 kB
MemFree:           92928 kB
Buffers:            4948 kB
Cached:           420028 kB
SwapCached:        52824 kB
Active:           492908 kB
Inactive:         529536 kB
Active(anon):     306652 kB
Inactive(anon):   294892 kB
Active(file):     186256 kB
Inactive(file):   234644 kB
Unevictable:        3816 kB
Mlocked:               0 kB
HighTotal:       1217536 kB
HighFree:          41848 kB
LowTotal:         528004 kB
LowFree:           51080 kB
SwapTotal:       1310716 kB
SwapFree:         778576 kB
Dirty:              1124 kB
Writeback:             0 kB
AnonPages:        581932 kB
Mapped:           315456 kB
Shmem:               240 kB
Slab:              60544 kB
SReclaimable:      16408 kB
SUnreclaim:        44136 kB
KernelStack:       16336 kB
PageTables:        54432 kB
NFS_Unstable:          0 kB
Bounce:                0 kB
WritebackTmp:          0 kB
CommitLimit:     2183484 kB
Committed_AS:   127069300 kB
VmallocTotal:     311296 kB
VmallocUsed:       18892 kB
VmallocChunk:     145420 kB
Time pass: 122 sec

---2015-12-05 01:40:17
MemTotal:        1745540 kB
MemFree:           76124 kB
Buffers:            4948 kB
Cached:           420608 kB
SwapCached:        52820 kB
Active:           495280 kB
Inactive:         529916 kB
Active(anon):     308760 kB
Inactive(anon):   294936 kB
Active(file):     186520 kB
Inactive(file):   234980 kB
Unevictable:        3816 kB
Mlocked:               0 kB
HighTotal:       1217536 kB
HighFree:          39620 kB
LowTotal:         528004 kB
LowFree:           36504 kB
SwapTotal:       1310716 kB
SwapFree:         778592 kB
Dirty:               308 kB
Writeback:             0 kB
AnonPages:        583872 kB
Mapped:           327452 kB
Shmem:               240 kB
Slab:              60580 kB
SReclaimable:      16408 kB
SUnreclaim:        44172 kB
KernelStack:       16336 kB
PageTables:        54468 kB
NFS_Unstable:          0 kB
Bounce:                0 kB
WritebackTmp:          0 kB
CommitLimit:     2183484 kB
Committed_AS:   127069540 kB
VmallocTotal:     311296 kB
VmallocUsed:       18728 kB
VmallocChunk:     145420 kB
Time pass: 126 sec

---2015-12-05 01:40:17
MemTotal:        1745540 kB
MemFree:           72228 kB
Buffers:            4956 kB
Cached:           409404 kB
SwapCached:        52728 kB
Active:           486828 kB
Inactive:         531544 kB
Active(anon):     299252 kB
Inactive(anon):   308724 kB
Active(file):     187576 kB
Inactive(file):   222820 kB
Unevictable:        3816 kB
Mlocked:               0 kB
HighTotal:       1217536 kB
HighFree:          39180 kB
LowTotal:         528004 kB
LowFree:           33048 kB
SwapTotal:       1310716 kB
SwapFree:         776864 kB
Dirty:               484 kB
Writeback:             0 kB
AnonPages:        588284 kB
Mapped:           334604 kB
Shmem:               240 kB
Slab:              60580 kB
SReclaimable:      16408 kB
SUnreclaim:        44172 kB
KernelStack:       16408 kB
PageTables:        54468 kB
NFS_Unstable:          0 kB
Bounce:                0 kB
WritebackTmp:          0 kB
CommitLimit:     2183484 kB
Committed_AS:   127076772 kB
VmallocTotal:     311296 kB
VmallocUsed:       19016 kB
VmallocChunk:     145420 kB
Time pass: 129 sec

---2015-12-05 01:40:17
MemTotal:        1745540 kB
MemFree:           69904 kB
Buffers:            4964 kB
Cached:           409560 kB
SwapCached:        52728 kB
Active:           488392 kB
Inactive:         531548 kB
Active(anon):     300812 kB
Inactive(anon):   308660 kB
Active(file):     187580 kB
Inactive(file):   222888 kB
Unevictable:        3816 kB
Mlocked:               0 kB
HighTotal:       1217536 kB
HighFree:          37104 kB
LowTotal:         528004 kB
LowFree:           32800 kB
SwapTotal:       1310716 kB
SwapFree:         776872 kB
Dirty:                56 kB
Writeback:             0 kB
AnonPages:        589700 kB
Mapped:           336728 kB
Shmem:               240 kB
Slab:              60508 kB
SReclaimable:      16408 kB
SUnreclaim:        44100 kB
KernelStack:       16336 kB
PageTables:        54524 kB
NFS_Unstable:          0 kB
Bounce:                0 kB
WritebackTmp:          0 kB
CommitLimit:     2183484 kB
Committed_AS:   127076348 kB
VmallocTotal:     311296 kB
VmallocUsed:       18812 kB
VmallocChunk:     145420 kB
Time pass: 133 sec

---2015-12-05 01:40:17
MemTotal:        1745540 kB
MemFree:           69504 kB
Buffers:            4964 kB
Cached:           409568 kB
SwapCached:        52732 kB
Active:           488276 kB
Inactive:         531560 kB
Active(anon):     300696 kB
Inactive(anon):   308664 kB
Active(file):     187580 kB
Inactive(file):   222896 kB
Unevictable:        3816 kB
Mlocked:               0 kB
HighTotal:       1217536 kB
HighFree:          36904 kB
LowTotal:         528004 kB
LowFree:           32600 kB
SwapTotal:       1310716 kB
SwapFree:         776880 kB
Dirty:                28 kB
Writeback:             0 kB
AnonPages:        589636 kB
Mapped:           336664 kB
Shmem:               240 kB
Slab:              60440 kB
SReclaimable:      16408 kB
SUnreclaim:        44032 kB
KernelStack:       16336 kB
PageTables:        54524 kB
NFS_Unstable:          0 kB
Bounce:                0 kB
WritebackTmp:          0 kB
CommitLimit:     2183484 kB
Committed_AS:   127076428 kB
VmallocTotal:     311296 kB
VmallocUsed:       18880 kB
VmallocChunk:     145420 kB
Time pass: 137 sec

---2015-12-05 01:40:17
MemTotal:        1745540 kB
MemFree:           64960 kB
Buffers:            4972 kB
Cached:           410172 kB
SwapCached:        52732 kB
Active:           491000 kB
Inactive:         532168 kB
Active(anon):     303420 kB
Inactive(anon):   308680 kB
Active(file):     187580 kB
Inactive(file):   223488 kB
Unevictable:        3816 kB
Mlocked:               0 kB
HighTotal:       1217536 kB
HighFree:          33004 kB
LowTotal:         528004 kB
LowFree:           31956 kB
SwapTotal:       1310716 kB
SwapFree:         776892 kB
Dirty:                24 kB
Writeback:             0 kB
AnonPages:        592228 kB
Mapped:           338772 kB
Shmem:               240 kB
Slab:              60512 kB
SReclaimable:      16408 kB
SUnreclaim:        44104 kB
KernelStack:       16456 kB
PageTables:        54528 kB
NFS_Unstable:          0 kB
Bounce:                0 kB
WritebackTmp:          0 kB
CommitLimit:     2183484 kB
Committed_AS:   127077692 kB
VmallocTotal:     311296 kB
VmallocUsed:       18948 kB
VmallocChunk:     145420 kB
Time pass: 140 sec

---2015-12-05 01:40:17
MemTotal:        1745540 kB
MemFree:           51324 kB
Buffers:            5012 kB
Cached:           406820 kB
SwapCached:        52804 kB
Active:           504876 kB
Inactive:         531028 kB
Active(anon):     315520 kB
Inactive(anon):   312752 kB
Active(file):     189356 kB
Inactive(file):   218276 kB
Unevictable:        3816 kB
Mlocked:               0 kB
HighTotal:       1217536 kB
HighFree:          19824 kB
LowTotal:         528004 kB
LowFree:           31500 kB
SwapTotal:       1310716 kB
SwapFree:         774920 kB
Dirty:                56 kB
Writeback:             0 kB
AnonPages:        608312 kB
Mapped:           338780 kB
Shmem:               424 kB
Slab:              60168 kB
SReclaimable:      16424 kB
SUnreclaim:        43744 kB
KernelStack:       16696 kB
PageTables:        54820 kB
NFS_Unstable:          0 kB
Bounce:                0 kB
WritebackTmp:          0 kB
CommitLimit:     2183484 kB
Committed_AS:   127133216 kB
VmallocTotal:     311296 kB
VmallocUsed:       21424 kB
VmallocChunk:     145420 kB
Time pass: 144 sec

---2015-12-05 01:40:17
MemTotal:        1745540 kB
MemFree:           58308 kB
Buffers:            7100 kB
Cached:           398412 kB
SwapCached:        53128 kB
Active:           507120 kB
Inactive:         525148 kB
Active(anon):     312668 kB
Inactive(anon):   318452 kB
Active(file):     194452 kB
Inactive(file):   206696 kB
Unevictable:        3816 kB
Mlocked:               0 kB
HighTotal:       1217536 kB
HighFree:          26408 kB
LowTotal:         528004 kB
LowFree:           31900 kB
SwapTotal:       1310716 kB
SwapFree:         768496 kB
Dirty:                76 kB
Writeback:             0 kB
AnonPages:        610656 kB
Mapped:           327808 kB
Shmem:               544 kB
Slab:              60080 kB
SReclaimable:      16424 kB
SUnreclaim:        43656 kB
KernelStack:       16656 kB
PageTables:        54880 kB
NFS_Unstable:          0 kB
Bounce:                0 kB
WritebackTmp:          0 kB
CommitLimit:     2183484 kB
Committed_AS:   127141744 kB
VmallocTotal:     311296 kB
VmallocUsed:       21356 kB
VmallocChunk:     145420 kB
Time pass: 147 sec

---2015-12-05 01:40:17
MemTotal:        1745540 kB
MemFree:           57324 kB
Buffers:            7116 kB
Cached:           398524 kB
SwapCached:        53120 kB
Active:           508296 kB
Inactive:         525296 kB
Active(anon):     313844 kB
Inactive(anon):   318484 kB
Active(file):     194452 kB
Inactive(file):   206812 kB
Unevictable:        3816 kB
Mlocked:               0 kB
HighTotal:       1217536 kB
HighFree:          24736 kB
LowTotal:         528004 kB
LowFree:           32588 kB
SwapTotal:       1310716 kB
SwapFree:         768536 kB
Dirty:                 0 kB
Writeback:             0 kB
AnonPages:        611916 kB
Mapped:           327704 kB
Shmem:               556 kB
Slab:              60232 kB
SReclaimable:      16424 kB
SUnreclaim:        43808 kB
KernelStack:       16664 kB
PageTables:        54884 kB
NFS_Unstable:          0 kB
Bounce:                0 kB
WritebackTmp:          0 kB
CommitLimit:     2183484 kB
Committed_AS:   127143808 kB
VmallocTotal:     311296 kB
VmallocUsed:       21424 kB
VmallocChunk:     145420 kB
Time pass: 151 sec

---2015-12-05 01:40:17
MemTotal:        1745540 kB
MemFree:           53580 kB
Buffers:            7124 kB
Cached:           398604 kB
SwapCached:        53448 kB
Active:           511792 kB
Inactive:         526028 kB
Active(anon):     317340 kB
Inactive(anon):   319208 kB
Active(file):     194452 kB
Inactive(file):   206820 kB
Unevictable:        3816 kB
Mlocked:               0 kB
HighTotal:       1217536 kB
HighFree:          21312 kB
LowTotal:         528004 kB
LowFree:           32268 kB
SwapTotal:       1310716 kB
SwapFree:         769084 kB
Dirty:                44 kB
Writeback:             0 kB
AnonPages:        615944 kB
Mapped:           327788 kB
Shmem:               640 kB
Slab:              60296 kB
SReclaimable:      16424 kB
SUnreclaim:        43872 kB
KernelStack:       16664 kB
PageTables:        54896 kB
NFS_Unstable:          0 kB
Bounce:                0 kB
WritebackTmp:          0 kB
CommitLimit:     2183484 kB
Committed_AS:   127149008 kB
VmallocTotal:     311296 kB
VmallocUsed:       21356 kB
VmallocChunk:     145420 kB
Time pass: 154 sec

---2015-12-05 01:40:17
MemTotal:        1745540 kB
MemFree:           53776 kB
Buffers:            7140 kB
Cached:           398628 kB
SwapCached:        53464 kB
Active:           511496 kB
Inactive:         526092 kB
Active(anon):     317044 kB
Inactive(anon):   319256 kB
Active(file):     194452 kB
Inactive(file):   206836 kB
Unevictable:        3816 kB
Mlocked:               0 kB
HighTotal:       1217536 kB
HighFree:          21508 kB
LowTotal:         528004 kB
LowFree:           32268 kB
SwapTotal:       1310716 kB
SwapFree:         769116 kB
Dirty:                52 kB
Writeback:             0 kB
AnonPages:        615620 kB
Mapped:           327816 kB
Shmem:               664 kB
Slab:              60260 kB
SReclaimable:      16424 kB
SUnreclaim:        43836 kB
KernelStack:       16664 kB
PageTables:        54896 kB
NFS_Unstable:          0 kB
Bounce:                0 kB
WritebackTmp:          0 kB
CommitLimit:     2183484 kB
Committed_AS:   127149136 kB
VmallocTotal:     311296 kB
VmallocUsed:       21356 kB
VmallocChunk:     145420 kB
Time pass: 158 sec

---2015-12-05 01:40:17
MemTotal:        1745540 kB
MemFree:           52184 kB
Buffers:            7148 kB
Cached:           398628 kB
SwapCached:        53464 kB
Active:           512908 kB
Inactive:         526124 kB
Active(anon):     318456 kB
Inactive(anon):   319280 kB
Active(file):     194452 kB
Inactive(file):   206844 kB
Unevictable:        3816 kB
Mlocked:               0 kB
HighTotal:       1217536 kB
HighFree:          19956 kB
LowTotal:         528004 kB
LowFree:           32228 kB
SwapTotal:       1310716 kB
SwapFree:         769136 kB
Dirty:                28 kB
Writeback:             0 kB
AnonPages:        617116 kB
Mapped:           328020 kB
Shmem:               664 kB
Slab:              60240 kB
SReclaimable:      16424 kB
SUnreclaim:        43816 kB
KernelStack:       16664 kB
PageTables:        54892 kB
NFS_Unstable:          0 kB
Bounce:                0 kB
WritebackTmp:          0 kB
CommitLimit:     2183484 kB
Committed_AS:   127149240 kB
VmallocTotal:     311296 kB
VmallocUsed:       21424 kB
VmallocChunk:     145420 kB
Time pass: 162 sec

---2015-12-05 01:40:17
MemTotal:        1745540 kB
MemFree:           55016 kB
Buffers:            7164 kB
Cached:           393736 kB
SwapCached:        53448 kB
Active:           516948 kB
Inactive:         517208 kB
Active(anon):     316224 kB
Inactive(anon):   321512 kB
Active(file):     200724 kB
Inactive(file):   195696 kB
Unevictable:        3816 kB
Mlocked:               0 kB
HighTotal:       1217536 kB
HighFree:          23396 kB
LowTotal:         528004 kB
LowFree:           31620 kB
SwapTotal:       1310716 kB
SwapFree:         768444 kB
Dirty:                76 kB
Writeback:             0 kB
AnonPages:        617312 kB
Mapped:           323468 kB
Shmem:               664 kB
Slab:              60284 kB
SReclaimable:      16424 kB
SUnreclaim:        43860 kB
KernelStack:       16896 kB
PageTables:        54860 kB
NFS_Unstable:          0 kB
Bounce:                0 kB
WritebackTmp:          0 kB
CommitLimit:     2183484 kB
Committed_AS:   127149432 kB
VmallocTotal:     311296 kB
VmallocUsed:       21424 kB
VmallocChunk:     145420 kB
Time pass: 165 sec

---2015-12-05 01:40:17
MemTotal:        1745540 kB
MemFree:           55620 kB
Buffers:            7164 kB
Cached:           393736 kB
SwapCached:        53440 kB
Active:           518140 kB
Inactive:         517172 kB
Active(anon):     317360 kB
Inactive(anon):   321532 kB
Active(file):     200780 kB
Inactive(file):   195640 kB
Unevictable:        3816 kB
Mlocked:               0 kB
HighTotal:       1217536 kB
HighFree:          23328 kB
LowTotal:         528004 kB
LowFree:           32292 kB
SwapTotal:       1310716 kB
SwapFree:         768488 kB
Dirty:                36 kB
Writeback:             0 kB
AnonPages:        618344 kB
Mapped:           323304 kB
Shmem:               664 kB
Slab:              60248 kB
SReclaimable:      16424 kB
SUnreclaim:        43824 kB
KernelStack:       16664 kB
PageTables:        54896 kB
NFS_Unstable:          0 kB
Bounce:                0 kB
WritebackTmp:          0 kB
CommitLimit:     2183484 kB
Committed_AS:   127149568 kB
VmallocTotal:     311296 kB
VmallocUsed:       21356 kB
VmallocChunk:     145420 kB
Time pass: 169 sec

---2015-12-05 01:40:17
MemTotal:        1745540 kB
MemFree:           55140 kB
Buffers:            7188 kB
Cached:           393844 kB
SwapCached:        53584 kB
Active:           517776 kB
Inactive:         517460 kB
Active(anon):     316996 kB
Inactive(anon):   321796 kB
Active(file):     200780 kB
Inactive(file):   195664 kB
Unevictable:        3816 kB
Mlocked:               0 kB
HighTotal:       1217536 kB
HighFree:          22576 kB
LowTotal:         528004 kB
LowFree:           32564 kB
SwapTotal:       1310716 kB
SwapFree:         768536 kB
Dirty:                72 kB
Writeback:             0 kB
AnonPages:        618276 kB
Mapped:           323468 kB
Shmem:               768 kB
Slab:              60216 kB
SReclaimable:      16424 kB
SUnreclaim:        43792 kB
KernelStack:       16704 kB
PageTables:        54896 kB
NFS_Unstable:          0 kB
Bounce:                0 kB
WritebackTmp:          0 kB
CommitLimit:     2183484 kB
Committed_AS:   127150584 kB
VmallocTotal:     311296 kB
VmallocUsed:       21424 kB
VmallocChunk:     145420 kB
Time pass: 173 sec

---2015-12-05 01:40:17
MemTotal:        1745540 kB
MemFree:           55216 kB
Buffers:            7188 kB
Cached:           393844 kB
SwapCached:        53576 kB
Active:           517764 kB
Inactive:         517496 kB
Active(anon):     316984 kB
Inactive(anon):   321832 kB
Active(file):     200780 kB
Inactive(file):   195664 kB
Unevictable:        3816 kB
Mlocked:               0 kB
HighTotal:       1217536 kB
HighFree:          22832 kB
LowTotal:         528004 kB
LowFree:           32384 kB
SwapTotal:       1310716 kB
SwapFree:         768576 kB
Dirty:                 0 kB
Writeback:             0 kB
AnonPages:        618208 kB
Mapped:           323416 kB
Shmem:               768 kB
Slab:              60236 kB
SReclaimable:      16424 kB
SUnreclaim:        43812 kB
KernelStack:       16680 kB
PageTables:        54872 kB
NFS_Unstable:          0 kB
Bounce:                0 kB
WritebackTmp:          0 kB
CommitLimit:     2183484 kB
Committed_AS:   127152704 kB
VmallocTotal:     311296 kB
VmallocUsed:       21424 kB
VmallocChunk:     145420 kB
Time pass: 177 sec

---2015-12-05 01:40:17
MemTotal:        1745540 kB
MemFree:           53172 kB
Buffers:            7212 kB
Cached:           395064 kB
SwapCached:        53620 kB
Active:           519052 kB
Inactive:         518864 kB
Active(anon):     318272 kB
Inactive(anon):   321952 kB
Active(file):     200780 kB
Inactive(file):   196912 kB
Unevictable:        3816 kB
Mlocked:               0 kB
HighTotal:       1217536 kB
HighFree:          20568 kB
LowTotal:         528004 kB
LowFree:           32604 kB
SwapTotal:       1310716 kB
SwapFree:         768636 kB
Dirty:                36 kB
Writeback:             0 kB
AnonPages:        619540 kB
Mapped:           323488 kB
Shmem:               768 kB
Slab:              60244 kB
SReclaimable:      16424 kB
SUnreclaim:        43820 kB
KernelStack:       16696 kB
PageTables:        54896 kB
NFS_Unstable:          0 kB
Bounce:                0 kB
WritebackTmp:          0 kB
CommitLimit:     2183484 kB
Committed_AS:   127152880 kB
VmallocTotal:     311296 kB
VmallocUsed:       21424 kB
VmallocChunk:     145420 kB
Time pass: 180 sec

---2015-12-05 01:40:17
MemTotal:        1745540 kB
MemFree:           43284 kB
Buffers:            7212 kB
Cached:           395468 kB
SwapCached:        53632 kB
Active:           527500 kB
Inactive:         519328 kB
Active(anon):     326716 kB
Inactive(anon):   322024 kB
Active(file):     200784 kB
Inactive(file):   197304 kB
Unevictable:        3816 kB
Mlocked:               0 kB
HighTotal:       1217536 kB
HighFree:          18404 kB
LowTotal:         528004 kB
LowFree:           24880 kB
SwapTotal:       1310716 kB
SwapFree:         768788 kB
Dirty:                 4 kB
Writeback:             0 kB
AnonPages:        628128 kB
Mapped:           329064 kB
Shmem:               768 kB
Slab:              60160 kB
SReclaimable:      16424 kB
SUnreclaim:        43736 kB
KernelStack:       16768 kB
PageTables:        55500 kB
NFS_Unstable:          0 kB
Bounce:                0 kB
WritebackTmp:          0 kB
CommitLimit:     2183484 kB
Committed_AS:   128685676 kB
VmallocTotal:     311296 kB
VmallocUsed:       21424 kB
VmallocChunk:     145420 kB
Time pass: 184 sec

---2015-12-05 01:40:17
MemTotal:        1745540 kB
MemFree:           52376 kB
Buffers:            7236 kB
Cached:           391776 kB
SwapCached:        53628 kB
Active:           517328 kB
Inactive:         520416 kB
Active(anon):     318584 kB
Inactive(anon):   324760 kB
Active(file):     198744 kB
Inactive(file):   195656 kB
Unevictable:        3816 kB
Mlocked:               0 kB
HighTotal:       1217536 kB
HighFree:          21968 kB
LowTotal:         528004 kB
LowFree:           30408 kB
SwapTotal:       1310716 kB
SwapFree:         768440 kB
Dirty:               104 kB
Writeback:             0 kB
AnonPages:        622696 kB
Mapped:           320132 kB
Shmem:               768 kB
Slab:              60264 kB
SReclaimable:      16424 kB
SUnreclaim:        43840 kB
KernelStack:       16672 kB
PageTables:        54908 kB
NFS_Unstable:          0 kB
Bounce:                0 kB
WritebackTmp:          0 kB
CommitLimit:     2183484 kB
Committed_AS:   127153028 kB
VmallocTotal:     311296 kB
VmallocUsed:       21424 kB
VmallocChunk:     145420 kB
Time pass: 187 sec

---2015-12-05 01:40:17
MemTotal:        1745540 kB
MemFree:           54680 kB
Buffers:            7236 kB
Cached:           391792 kB
SwapCached:        53624 kB
Active:           516120 kB
Inactive:         520488 kB
Active(anon):     317376 kB
Inactive(anon):   324788 kB
Active(file):     198744 kB
Inactive(file):   195700 kB
Unevictable:        3816 kB
Mlocked:               0 kB
HighTotal:       1217536 kB
HighFree:          23556 kB
LowTotal:         528004 kB
LowFree:           31124 kB
SwapTotal:       1310716 kB
SwapFree:         768476 kB
Dirty:                 0 kB
Writeback:             0 kB
AnonPages:        621428 kB
Mapped:           320076 kB
Shmem:               768 kB
Slab:              60232 kB
SReclaimable:      16424 kB
SUnreclaim:        43808 kB
KernelStack:       16624 kB
PageTables:        54900 kB
NFS_Unstable:          0 kB
Bounce:                0 kB
WritebackTmp:          0 kB
CommitLimit:     2183484 kB
Committed_AS:   127153216 kB
VmallocTotal:     311296 kB
VmallocUsed:       21356 kB
VmallocChunk:     145420 kB
Time pass: 191 sec

---2015-12-05 01:40:17
MemTotal:        1745540 kB
MemFree:           55144 kB
Buffers:            7244 kB
Cached:           392296 kB
SwapCached:        53616 kB
Active:           515168 kB
Inactive:         521020 kB
Active(anon):     316424 kB
Inactive(anon):   324808 kB
Active(file):     198744 kB
Inactive(file):   196212 kB
Unevictable:        3816 kB
Mlocked:               0 kB
HighTotal:       1217536 kB
HighFree:          22920 kB
LowTotal:         528004 kB
LowFree:           32224 kB
SwapTotal:       1310716 kB
SwapFree:         768528 kB
Dirty:                48 kB
Writeback:             0 kB
AnonPages:        620668 kB
Mapped:           320136 kB
Shmem:               768 kB
Slab:              60264 kB
SReclaimable:      16424 kB
SUnreclaim:        43840 kB
KernelStack:       16664 kB
PageTables:        54920 kB
NFS_Unstable:          0 kB
Bounce:                0 kB
WritebackTmp:          0 kB
CommitLimit:     2183484 kB
Committed_AS:   127153320 kB
VmallocTotal:     311296 kB
VmallocUsed:       21424 kB
VmallocChunk:     145420 kB
Time pass: 195 sec

---2015-12-05 01:40:17
MemTotal:        1745540 kB
MemFree:           52128 kB
Buffers:            7260 kB
Cached:           395692 kB
SwapCached:        53612 kB
Active:           513812 kB
Inactive:         524476 kB
Active(anon):     315048 kB
Inactive(anon):   324860 kB
Active(file):     198764 kB
Inactive(file):   199616 kB
Unevictable:        3816 kB
Mlocked:               0 kB
HighTotal:       1217536 kB
HighFree:          20224 kB
LowTotal:         528004 kB
LowFree:           31904 kB
SwapTotal:       1310716 kB
SwapFree:         768548 kB
Dirty:                56 kB
Writeback:             0 kB
AnonPages:        619352 kB
Mapped:           320204 kB
Shmem:               768 kB
Slab:              60300 kB
SReclaimable:      16424 kB
SUnreclaim:        43876 kB
KernelStack:       16672 kB
PageTables:        54904 kB
NFS_Unstable:          0 kB
Bounce:                0 kB
WritebackTmp:          0 kB
CommitLimit:     2183484 kB
Committed_AS:   127151216 kB
VmallocTotal:     311296 kB
VmallocUsed:       21424 kB
VmallocChunk:     145420 kB
Time pass: 198 sec

---2015-12-05 01:40:17
MemTotal:        1745540 kB
MemFree:           48076 kB
Buffers:            7268 kB
Cached:           395728 kB
SwapCached:        53896 kB
Active:           516124 kB
Inactive:         525792 kB
Active(anon):     317360 kB
Inactive(anon):   326116 kB
Active(file):     198764 kB
Inactive(file):   199676 kB
Unevictable:        3816 kB
Mlocked:               0 kB
HighTotal:       1217536 kB
HighFree:          18580 kB
LowTotal:         528004 kB
LowFree:           29496 kB
SwapTotal:       1310716 kB
SwapFree:         770376 kB
Dirty:                28 kB
Writeback:             0 kB
AnonPages:        622748 kB
Mapped:           322592 kB
Shmem:               768 kB
Slab:              60280 kB
SReclaimable:      16424 kB
SUnreclaim:        43856 kB
KernelStack:       16416 kB
PageTables:        55276 kB
NFS_Unstable:          0 kB
Bounce:                0 kB
WritebackTmp:          0 kB
CommitLimit:     2183484 kB
Committed_AS:   128664192 kB
VmallocTotal:     311296 kB
VmallocUsed:       21424 kB
VmallocChunk:     145420 kB
Time pass: 202 sec

---2015-12-05 01:40:17
MemTotal:        1745540 kB
MemFree:           59768 kB
Buffers:            7284 kB
Cached:           391172 kB
SwapCached:        53892 kB
Active:           509876 kB
Inactive:         520668 kB
Active(anon):     311672 kB
Inactive(anon):   325036 kB
Active(file):     198204 kB
Inactive(file):   195632 kB
Unevictable:        3816 kB
Mlocked:               0 kB
HighTotal:       1217536 kB
HighFree:          28388 kB
LowTotal:         528004 kB
LowFree:           31380 kB
SwapTotal:       1310716 kB
SwapFree:         770284 kB
Dirty:                 4 kB
Writeback:             0 kB
AnonPages:        616132 kB
Mapped:           318512 kB
Shmem:               768 kB
Slab:              60336 kB
SReclaimable:      16424 kB
SUnreclaim:        43912 kB
KernelStack:       16408 kB
PageTables:        54856 kB
NFS_Unstable:          0 kB
Bounce:                0 kB
WritebackTmp:          0 kB
CommitLimit:     2183484 kB
Committed_AS:   127150488 kB
VmallocTotal:     311296 kB
VmallocUsed:       21356 kB
VmallocChunk:     145420 kB
Time pass: 206 sec

---2015-12-05 01:40:17
MemTotal:        1745540 kB
MemFree:           59252 kB
Buffers:            7292 kB
Cached:           391488 kB
SwapCached:        53984 kB
Active:           510232 kB
Inactive:         521140 kB
Active(anon):     312028 kB
Inactive(anon):   325148 kB
Active(file):     198204 kB
Inactive(file):   195992 kB
Unevictable:        3816 kB
Mlocked:               0 kB
HighTotal:       1217536 kB
HighFree:          26844 kB
LowTotal:         528004 kB
LowFree:           32408 kB
SwapTotal:       1310716 kB
SwapFree:         770312 kB
Dirty:                 4 kB
Writeback:             0 kB
AnonPages:        616616 kB
Mapped:           318568 kB
Shmem:               768 kB
Slab:              60208 kB
SReclaimable:      16424 kB
SUnreclaim:        43784 kB
KernelStack:       16408 kB
PageTables:        54880 kB
NFS_Unstable:          0 kB
Bounce:                0 kB
WritebackTmp:          0 kB
CommitLimit:     2183484 kB
Committed_AS:   127150688 kB
VmallocTotal:     311296 kB
VmallocUsed:       21356 kB
VmallocChunk:     145420 kB
Time pass: 209 sec

---2015-12-05 01:40:17
MemTotal:        1745540 kB
MemFree:           58612 kB
Buffers:            7308 kB
Cached:           391496 kB
SwapCached:        53848 kB
Active:           510992 kB
Inactive:         520932 kB
Active(anon):     312788 kB
Inactive(anon):   324916 kB
Active(file):     198204 kB
Inactive(file):   196016 kB
Unevictable:        3816 kB
Mlocked:               0 kB
HighTotal:       1217536 kB
HighFree:          26364 kB
LowTotal:         528004 kB
LowFree:           32248 kB
SwapTotal:       1310716 kB
SwapFree:         770680 kB
Dirty:                32 kB
Writeback:             0 kB
AnonPages:        617116 kB
Mapped:           318568 kB
Shmem:               768 kB
Slab:              60304 kB
SReclaimable:      16424 kB
SUnreclaim:        43880 kB
KernelStack:       16368 kB
PageTables:        54872 kB
NFS_Unstable:          0 kB
Bounce:                0 kB
WritebackTmp:          0 kB
CommitLimit:     2183484 kB
Committed_AS:   127150560 kB
VmallocTotal:     311296 kB
VmallocUsed:       21356 kB
VmallocChunk:     145420 kB
Time pass: 213 sec

---2015-12-05 01:40:17
MemTotal:        1745540 kB
MemFree:           58720 kB
Buffers:            7316 kB
Cached:           391488 kB
SwapCached:        53848 kB
Active:           511288 kB
Inactive:         520924 kB
Active(anon):     313084 kB
Inactive(anon):   324908 kB
Active(file):     198204 kB
Inactive(file):   196016 kB
Unevictable:        3816 kB
Mlocked:               0 kB
HighTotal:       1217536 kB
HighFree:          25176 kB
LowTotal:         528004 kB
LowFree:           33544 kB
SwapTotal:       1310716 kB
SwapFree:         770728 kB
Dirty:                 0 kB
Writeback:             0 kB
AnonPages:        617432 kB
Mapped:           318568 kB
Shmem:               768 kB
Slab:              60280 kB
SReclaimable:      16424 kB
SUnreclaim:        43856 kB
KernelStack:       16368 kB
PageTables:        54876 kB
NFS_Unstable:          0 kB
Bounce:                0 kB
WritebackTmp:          0 kB
CommitLimit:     2183484 kB
Committed_AS:   127150760 kB
VmallocTotal:     311296 kB
VmallocUsed:       21356 kB
VmallocChunk:     145420 kB
Time pass: 217 sec

---2015-12-05 01:40:17
MemTotal:        1745540 kB
MemFree:           55600 kB
Buffers:            7368 kB
Cached:           392544 kB
SwapCached:        53836 kB
Active:           515400 kB
Inactive:         519380 kB
Active(anon):     317024 kB
Inactive(anon):   322432 kB
Active(file):     198376 kB
Inactive(file):   196948 kB
Unevictable:        3816 kB
Mlocked:               0 kB
HighTotal:       1217536 kB
HighFree:          22260 kB
LowTotal:         528004 kB
LowFree:           33340 kB
SwapTotal:       1310716 kB
SwapFree:         770944 kB
Dirty:                44 kB
Writeback:             0 kB
AnonPages:        618868 kB
Mapped:           318760 kB
Shmem:               768 kB
Slab:              60316 kB
SReclaimable:      16424 kB
SUnreclaim:        43892 kB
KernelStack:       16432 kB
PageTables:        54852 kB
NFS_Unstable:          0 kB
Bounce:                0 kB
WritebackTmp:          0 kB
CommitLimit:     2183484 kB
Committed_AS:   127152040 kB
VmallocTotal:     311296 kB
VmallocUsed:       21424 kB
VmallocChunk:     145420 kB
Time pass: 220 sec

---2015-12-05 01:40:17
MemTotal:        1745540 kB
MemFree:           55112 kB
Buffers:            7368 kB
Cached:           392540 kB
SwapCached:        53848 kB
Active:           516572 kB
Inactive:         519492 kB
Active(anon):     318196 kB
Inactive(anon):   322544 kB
Active(file):     198376 kB
Inactive(file):   196948 kB
Unevictable:        3816 kB
Mlocked:               0 kB
HighTotal:       1217536 kB
HighFree:          22664 kB
LowTotal:         528004 kB
LowFree:           32448 kB
SwapTotal:       1310716 kB
SwapFree:         771056 kB
Dirty:                36 kB
Writeback:             0 kB
AnonPages:        620084 kB
Mapped:           318768 kB
Shmem:               768 kB
Slab:              60288 kB
SReclaimable:      16424 kB
SUnreclaim:        43864 kB
KernelStack:       16416 kB
PageTables:        54876 kB
NFS_Unstable:          0 kB
Bounce:                0 kB
WritebackTmp:          0 kB
CommitLimit:     2183484 kB
Committed_AS:   127152376 kB
VmallocTotal:     311296 kB
VmallocUsed:       21424 kB
VmallocChunk:     145420 kB
Time pass: 224 sec

---2015-12-05 01:40:17
MemTotal:        1745540 kB
MemFree:           53804 kB
Buffers:            7392 kB
Cached:           392480 kB
SwapCached:        53820 kB
Active:           517100 kB
Inactive:         519448 kB
Active(anon):     318724 kB
Inactive(anon):   322492 kB
Active(file):     198376 kB
Inactive(file):   196956 kB
Unevictable:        3816 kB
Mlocked:               0 kB
HighTotal:       1217536 kB
HighFree:          21748 kB
LowTotal:         528004 kB
LowFree:           32056 kB
SwapTotal:       1310716 kB
SwapFree:         771280 kB
Dirty:                 0 kB
Writeback:             0 kB
AnonPages:        620720 kB
Mapped:           318584 kB
Shmem:               768 kB
Slab:              60228 kB
SReclaimable:      16424 kB
SUnreclaim:        43804 kB
KernelStack:       16368 kB
PageTables:        54864 kB
NFS_Unstable:          0 kB
Bounce:                0 kB
WritebackTmp:          0 kB
CommitLimit:     2183484 kB
Committed_AS:   127152452 kB
VmallocTotal:     311296 kB
VmallocUsed:       21424 kB
VmallocChunk:     145420 kB
Time pass: 227 sec

---2015-12-05 01:40:17
MemTotal:        1745540 kB
MemFree:           55804 kB
Buffers:            7392 kB
Cached:           393476 kB
SwapCached:        53760 kB
Active:           515704 kB
Inactive:         519408 kB
Active(anon):     317328 kB
Inactive(anon):   321584 kB
Active(file):     198376 kB
Inactive(file):   197824 kB
Unevictable:        3816 kB
Mlocked:               0 kB
HighTotal:       1217536 kB
HighFree:          22820 kB
LowTotal:         528004 kB
LowFree:           32984 kB
SwapTotal:       1310716 kB
SwapFree:         774720 kB
Dirty:                48 kB
Writeback:             0 kB
AnonPages:        618048 kB
Mapped:           318644 kB
Shmem:               768 kB
Slab:              60224 kB
SReclaimable:      16424 kB
SUnreclaim:        43800 kB
KernelStack:       16376 kB
PageTables:        54420 kB
NFS_Unstable:          0 kB
Bounce:                0 kB
WritebackTmp:          0 kB
CommitLimit:     2183484 kB
Committed_AS:   125644080 kB
VmallocTotal:     311296 kB
VmallocUsed:       21424 kB
VmallocChunk:     145420 kB
Time pass: 231 sec

---2015-12-05 01:40:17
MemTotal:        1745540 kB
MemFree:           55476 kB
Buffers:            7776 kB
Cached:           393464 kB
SwapCached:        53756 kB
Active:           516396 kB
Inactive:         519716 kB
Active(anon):     318008 kB
Inactive(anon):   321448 kB
Active(file):     198388 kB
Inactive(file):   198268 kB
Unevictable:        3816 kB
Mlocked:               0 kB
HighTotal:       1217536 kB
HighFree:          21584 kB
LowTotal:         528004 kB
LowFree:           33892 kB
SwapTotal:       1310716 kB
SwapFree:         774804 kB
Dirty:                 0 kB
Writeback:             0 kB
AnonPages:        619052 kB
Mapped:           318604 kB
Shmem:               768 kB
Slab:              60316 kB
SReclaimable:      16424 kB
SUnreclaim:        43892 kB
KernelStack:       16320 kB
PageTables:        54336 kB
NFS_Unstable:          0 kB
Bounce:                0 kB
WritebackTmp:          0 kB
CommitLimit:     2183484 kB
Committed_AS:   125644580 kB
VmallocTotal:     311296 kB
VmallocUsed:       21424 kB
VmallocChunk:     145420 kB
Time pass: 235 sec

---2015-12-05 01:40:17
MemTotal:        1745540 kB
MemFree:           55244 kB
Buffers:            7792 kB
Cached:           393464 kB
SwapCached:        53756 kB
Active:           517144 kB
Inactive:         519756 kB
Active(anon):     318756 kB
Inactive(anon):   321472 kB
Active(file):     198388 kB
Inactive(file):   198284 kB
Unevictable:        3816 kB
Mlocked:               0 kB
HighTotal:       1217536 kB
HighFree:          20900 kB
LowTotal:         528004 kB
LowFree:           34344 kB
SwapTotal:       1310716 kB
SwapFree:         774840 kB
Dirty:                56 kB
Writeback:             0 kB
AnonPages:        619680 kB
Mapped:           318544 kB
Shmem:               768 kB
Slab:              60144 kB
SReclaimable:      16424 kB
SUnreclaim:        43720 kB
KernelStack:       16272 kB
PageTables:        54332 kB
NFS_Unstable:          0 kB
Bounce:                0 kB
WritebackTmp:          0 kB
CommitLimit:     2183484 kB
Committed_AS:   125644772 kB
VmallocTotal:     311296 kB
VmallocUsed:       21356 kB
VmallocChunk:     145420 kB
Time pass: 238 sec

---2015-12-05 01:40:17
MemTotal:        1745540 kB
MemFree:           52740 kB
Buffers:            7800 kB
Cached:           393464 kB
SwapCached:        53748 kB
Active:           519092 kB
Inactive:         519800 kB
Active(anon):     320704 kB
Inactive(anon):   321508 kB
Active(file):     198388 kB
Inactive(file):   198292 kB
Unevictable:        3816 kB
Mlocked:               0 kB
HighTotal:       1217536 kB
HighFree:          20340 kB
LowTotal:         528004 kB
LowFree:           32400 kB
SwapTotal:       1310716 kB
SwapFree:         774908 kB
Dirty:                96 kB
Writeback:             0 kB
AnonPages:        621752 kB
Mapped:           318396 kB
Shmem:               768 kB
Slab:              60172 kB
SReclaimable:      16424 kB
SUnreclaim:        43748 kB
KernelStack:       16384 kB
PageTables:        54372 kB
NFS_Unstable:          0 kB
Bounce:                0 kB
WritebackTmp:          0 kB
CommitLimit:     2183484 kB
Committed_AS:   125644900 kB
VmallocTotal:     311296 kB
VmallocUsed:       21424 kB
VmallocChunk:     145420 kB
Time pass: 242 sec

---2015-12-05 01:40:17
MemTotal:        1745540 kB
MemFree:           52536 kB
Buffers:            7816 kB
Cached:           393464 kB
SwapCached:        53752 kB
Active:           518876 kB
Inactive:         519884 kB
Active(anon):     320488 kB
Inactive(anon):   321576 kB
Active(file):     198388 kB
Inactive(file):   198308 kB
Unevictable:        3816 kB
Mlocked:               0 kB
HighTotal:       1217536 kB
HighFree:          20496 kB
LowTotal:         528004 kB
LowFree:           32040 kB
SwapTotal:       1310716 kB
SwapFree:         774980 kB
Dirty:               108 kB
Writeback:             0 kB
AnonPages:        621560 kB
Mapped:           318604 kB
Shmem:               768 kB
Slab:              60240 kB
SReclaimable:      16424 kB
SUnreclaim:        43816 kB
KernelStack:       16272 kB
PageTables:        54336 kB
NFS_Unstable:          0 kB
Bounce:                0 kB
WritebackTmp:          0 kB
CommitLimit:     2183484 kB
Committed_AS:   125644972 kB
VmallocTotal:     311296 kB
VmallocUsed:       21424 kB
VmallocChunk:     145420 kB
Time pass: 246 sec

---2015-12-05 01:40:17
MemTotal:        1745540 kB
MemFree:           52500 kB
Buffers:            7824 kB
Cached:           393464 kB
SwapCached:        53752 kB
Active:           519412 kB
Inactive:         519908 kB
Active(anon):     321024 kB
Inactive(anon):   321592 kB
Active(file):     198388 kB
Inactive(file):   198316 kB
Unevictable:        3816 kB
Mlocked:               0 kB
HighTotal:       1217536 kB
HighFree:          19696 kB
LowTotal:         528004 kB
LowFree:           32804 kB
SwapTotal:       1310716 kB
SwapFree:         774996 kB
Dirty:                48 kB
Writeback:             0 kB
AnonPages:        622400 kB
Mapped:           318552 kB
Shmem:               768 kB
Slab:              60240 kB
SReclaimable:      16424 kB
SUnreclaim:        43816 kB
KernelStack:       16304 kB
PageTables:        54316 kB
NFS_Unstable:          0 kB
Bounce:                0 kB
WritebackTmp:          0 kB
CommitLimit:     2183484 kB
Committed_AS:   125645164 kB
VmallocTotal:     311296 kB
VmallocUsed:       21424 kB
VmallocChunk:     145420 kB
Time pass: 250 sec

---2015-12-05 01:40:17
MemTotal:        1745540 kB
MemFree:           51636 kB
Buffers:            7840 kB
Cached:           393464 kB
SwapCached:        53752 kB
Active:           519908 kB
Inactive:         519960 kB
Active(anon):     321520 kB
Inactive(anon):   321628 kB
Active(file):     198388 kB
Inactive(file):   198332 kB
Unevictable:        3816 kB
Mlocked:               0 kB
HighTotal:       1217536 kB
HighFree:          19472 kB
LowTotal:         528004 kB
LowFree:           32164 kB
SwapTotal:       1310716 kB
SwapFree:         775040 kB
Dirty:                56 kB
Writeback:             0 kB
AnonPages:        622576 kB
Mapped:           318420 kB
Shmem:               768 kB
Slab:              60240 kB
SReclaimable:      16424 kB
SUnreclaim:        43816 kB
KernelStack:       16320 kB
PageTables:        54336 kB
NFS_Unstable:          0 kB
Bounce:                0 kB
WritebackTmp:          0 kB
CommitLimit:     2183484 kB
Committed_AS:   125645236 kB
VmallocTotal:     311296 kB
VmallocUsed:       21424 kB
VmallocChunk:     145420 kB
Time pass: 253 sec

---2015-12-05 01:40:17
MemTotal:        1745540 kB
MemFree:           49888 kB
Buffers:            7848 kB
Cached:           394412 kB
SwapCached:        53776 kB
Active:           520632 kB
Inactive:         521004 kB
Active(anon):     322244 kB
Inactive(anon):   321724 kB
Active(file):     198388 kB
Inactive(file):   199280 kB
Unevictable:        3816 kB
Mlocked:               0 kB
HighTotal:       1217536 kB
HighFree:          18848 kB
LowTotal:         528004 kB
LowFree:           31040 kB
SwapTotal:       1310716 kB
SwapFree:         775104 kB
Dirty:                28 kB
Writeback:             0 kB
AnonPages:        623524 kB
Mapped:           318428 kB
Shmem:               768 kB
Slab:              60272 kB
SReclaimable:      16424 kB
SUnreclaim:        43848 kB
KernelStack:       16272 kB
PageTables:        54336 kB
NFS_Unstable:          0 kB
Bounce:                0 kB
WritebackTmp:          0 kB
CommitLimit:     2183484 kB
Committed_AS:   125645404 kB
VmallocTotal:     311296 kB
VmallocUsed:       21356 kB
VmallocChunk:     145420 kB
Time pass: 257 sec

---2015-12-05 01:40:17
MemTotal:        1745540 kB
MemFree:           49024 kB
Buffers:            7528 kB
Cached:           387496 kB
SwapCached:        53884 kB
Active:           519104 kB
Inactive:         522612 kB
Active(anon):     323944 kB
Inactive(anon):   327332 kB
Active(file):     195160 kB
Inactive(file):   195280 kB
Unevictable:        3816 kB
Mlocked:               0 kB
HighTotal:       1217536 kB
HighFree:          21312 kB
LowTotal:         528004 kB
LowFree:           27712 kB
SwapTotal:       1310716 kB
SwapFree:         773240 kB
Dirty:                72 kB
Writeback:             0 kB
AnonPages:        630736 kB
Mapped:           323516 kB
Shmem:               768 kB
Slab:              60240 kB
SReclaimable:      16424 kB
SUnreclaim:        43816 kB
KernelStack:       16416 kB
PageTables:        54876 kB
NFS_Unstable:          0 kB
Bounce:                0 kB
WritebackTmp:          0 kB
CommitLimit:     2183484 kB
Committed_AS:   127180444 kB
VmallocTotal:     311296 kB
VmallocUsed:       22376 kB
VmallocChunk:     145420 kB
Time pass: 261 sec

---2015-12-05 01:40:17
MemTotal:        1745540 kB
MemFree:           52176 kB
Buffers:            7536 kB
Cached:           391248 kB
SwapCached:        53972 kB
Active:           512700 kB
Inactive:         526564 kB
Active(anon):     317540 kB
Inactive(anon):   327524 kB
Active(file):     195160 kB
Inactive(file):   199040 kB
Unevictable:        3816 kB
Mlocked:               0 kB
HighTotal:       1217536 kB
HighFree:          23124 kB
LowTotal:         528004 kB
LowFree:           29052 kB
SwapTotal:       1310716 kB
SwapFree:         773392 kB
Dirty:                36 kB
Writeback:             0 kB
AnonPages:        624516 kB
Mapped:           317964 kB
Shmem:               768 kB
Slab:              60272 kB
SReclaimable:      16424 kB
SUnreclaim:        43848 kB
KernelStack:       16296 kB
PageTables:        54332 kB
NFS_Unstable:          0 kB
Bounce:                0 kB
WritebackTmp:          0 kB
CommitLimit:     2183484 kB
Committed_AS:   125649760 kB
VmallocTotal:     311296 kB
VmallocUsed:       21424 kB
VmallocChunk:     145420 kB
Time pass: 265 sec

---2015-12-05 01:40:17
MemTotal:        1745540 kB
MemFree:           52352 kB
Buffers:            7552 kB
Cached:           391256 kB
SwapCached:        53968 kB
Active:           512316 kB
Inactive:         526592 kB
Active(anon):     317156 kB
Inactive(anon):   327528 kB
Active(file):     195160 kB
Inactive(file):   199064 kB
Unevictable:        3816 kB
Mlocked:               0 kB
HighTotal:       1217536 kB
HighFree:          23632 kB
LowTotal:         528004 kB
LowFree:           28720 kB
SwapTotal:       1310716 kB
SwapFree:         773432 kB
Dirty:                48 kB
Writeback:             0 kB
AnonPages:        624248 kB
Mapped:           317964 kB
Shmem:               768 kB
Slab:              60272 kB
SReclaimable:      16424 kB
SUnreclaim:        43848 kB
KernelStack:       16280 kB
PageTables:        54328 kB
NFS_Unstable:          0 kB
Bounce:                0 kB
WritebackTmp:          0 kB
CommitLimit:     2183484 kB
Committed_AS:   125649864 kB
VmallocTotal:     311296 kB
VmallocUsed:       21424 kB
VmallocChunk:     145420 kB
Time pass: 268 sec

---2015-12-05 01:40:17
MemTotal:        1745540 kB
MemFree:           52484 kB
Buffers:            7552 kB
Cached:           391256 kB
SwapCached:        53968 kB
Active:           512400 kB
Inactive:         526616 kB
Active(anon):     317240 kB
Inactive(anon):   327552 kB
Active(file):     195160 kB
Inactive(file):   199064 kB
Unevictable:        3816 kB
Mlocked:               0 kB
HighTotal:       1217536 kB
HighFree:          23708 kB
LowTotal:         528004 kB
LowFree:           28776 kB
SwapTotal:       1310716 kB
SwapFree:         773436 kB
Dirty:                48 kB
Writeback:             0 kB
AnonPages:        624292 kB
Mapped:           317780 kB
Shmem:               768 kB
Slab:              60248 kB
SReclaimable:      16424 kB
SUnreclaim:        43824 kB
KernelStack:       16296 kB
PageTables:        54336 kB
NFS_Unstable:          0 kB
Bounce:                0 kB
WritebackTmp:          0 kB
CommitLimit:     2183484 kB
Committed_AS:   125650008 kB
VmallocTotal:     311296 kB
VmallocUsed:       21424 kB
VmallocChunk:     145420 kB
Time pass: 272 sec

---2015-12-05 01:40:17
MemTotal:        1745540 kB
MemFree:           50332 kB
Buffers:            7576 kB
Cached:           391240 kB
SwapCached:        53968 kB
Active:           514180 kB
Inactive:         526628 kB
Active(anon):     319020 kB
Inactive(anon):   327556 kB
Active(file):     195160 kB
Inactive(file):   199072 kB
Unevictable:        3816 kB
Mlocked:               0 kB
HighTotal:       1217536 kB
HighFree:          21732 kB
LowTotal:         528004 kB
LowFree:           28600 kB
SwapTotal:       1310716 kB
SwapFree:         773456 kB
Dirty:                28 kB
Writeback:             0 kB
AnonPages:        626096 kB
Mapped:           317964 kB
Shmem:               768 kB
Slab:              60376 kB
SReclaimable:      16424 kB
SUnreclaim:        43952 kB
KernelStack:       16248 kB
PageTables:        54336 kB
NFS_Unstable:          0 kB
Bounce:                0 kB
WritebackTmp:          0 kB
CommitLimit:     2183484 kB
Committed_AS:   125650104 kB
VmallocTotal:     311296 kB
VmallocUsed:       21424 kB
VmallocChunk:     145420 kB
Time pass: 275 sec

---2015-12-05 01:40:17
MemTotal:        1745540 kB
MemFree:           43880 kB
Buffers:            7576 kB
Cached:           391256 kB
SwapCached:        54036 kB
Active:           519820 kB
Inactive:         526724 kB
Active(anon):     324660 kB
Inactive(anon):   327636 kB
Active(file):     195160 kB
Inactive(file):   199088 kB
Unevictable:        3816 kB
Mlocked:               0 kB
HighTotal:       1217536 kB
HighFree:          18704 kB
LowTotal:         528004 kB
LowFree:           25176 kB
SwapTotal:       1310716 kB
SwapFree:         773536 kB
Dirty:                 0 kB
Writeback:             0 kB
AnonPages:        631752 kB
Mapped:           323076 kB
Shmem:               768 kB
Slab:              60432 kB
SReclaimable:      16424 kB
SUnreclaim:        44008 kB
KernelStack:       16296 kB
PageTables:        54808 kB
NFS_Unstable:          0 kB
Bounce:                0 kB
WritebackTmp:          0 kB
CommitLimit:     2183484 kB
Committed_AS:   127184548 kB
VmallocTotal:     311296 kB
VmallocUsed:       21424 kB
VmallocChunk:     145420 kB
Time pass: 279 sec

---2015-12-05 01:40:17
MemTotal:        1745540 kB
MemFree:           52768 kB
Buffers:            7508 kB
Cached:           387520 kB
SwapCached:        54052 kB
Active:           515044 kB
Inactive:         523064 kB
Active(anon):     320184 kB
Inactive(anon):   327480 kB
Active(file):     194860 kB
Inactive(file):   195584 kB
Unevictable:        3816 kB
Mlocked:               0 kB
HighTotal:       1217536 kB
HighFree:          24380 kB
LowTotal:         528004 kB
LowFree:           28388 kB
SwapTotal:       1310716 kB
SwapFree:         772880 kB
Dirty:               104 kB
Writeback:             0 kB
AnonPages:        627120 kB
Mapped:           317728 kB
Shmem:               768 kB
Slab:              60464 kB
SReclaimable:      16424 kB
SUnreclaim:        44040 kB
KernelStack:       16240 kB
PageTables:        54336 kB
NFS_Unstable:          0 kB
Bounce:                0 kB
WritebackTmp:          0 kB
CommitLimit:     2183484 kB
Committed_AS:   125650376 kB
VmallocTotal:     311296 kB
VmallocUsed:       21356 kB
VmallocChunk:     145420 kB
Time pass: 282 sec

---2015-12-05 01:40:17
MemTotal:        1745540 kB
MemFree:           53260 kB
Buffers:            7524 kB
Cached:           387520 kB
SwapCached:        54052 kB
Active:           514844 kB
Inactive:         523088 kB
Active(anon):     319984 kB
Inactive(anon):   327488 kB
Active(file):     194860 kB
Inactive(file):   195600 kB
Unevictable:        3816 kB
Mlocked:               0 kB
HighTotal:       1217536 kB
HighFree:          23988 kB
LowTotal:         528004 kB
LowFree:           29272 kB
SwapTotal:       1310716 kB
SwapFree:         772888 kB
Dirty:                 0 kB
Writeback:             0 kB
AnonPages:        627092 kB
Mapped:           317912 kB
Shmem:               768 kB
Slab:              60308 kB
SReclaimable:      16424 kB
SUnreclaim:        43884 kB
KernelStack:       16240 kB
PageTables:        54340 kB
NFS_Unstable:          0 kB
Bounce:                0 kB
WritebackTmp:          0 kB
CommitLimit:     2183484 kB
Committed_AS:   125650560 kB
VmallocTotal:     311296 kB
VmallocUsed:       21424 kB
VmallocChunk:     145420 kB
Time pass: 286 sec

---2015-12-05 01:40:17
MemTotal:        1745540 kB
MemFree:           53672 kB
Buffers:            7532 kB
Cached:           387520 kB
SwapCached:        54056 kB
Active:           514508 kB
Inactive:         523080 kB
Active(anon):     319648 kB
Inactive(anon):   327472 kB
Active(file):     194860 kB
Inactive(file):   195608 kB
Unevictable:        3816 kB
Mlocked:               0 kB
HighTotal:       1217536 kB
HighFree:          23108 kB
LowTotal:         528004 kB
LowFree:           30564 kB
SwapTotal:       1310716 kB
SwapFree:         772900 kB
Dirty:                44 kB
Writeback:             0 kB
AnonPages:        626600 kB
Mapped:           317912 kB
Shmem:               768 kB
Slab:              60276 kB
SReclaimable:      16424 kB
SUnreclaim:        43852 kB
KernelStack:       16288 kB
PageTables:        54340 kB
NFS_Unstable:          0 kB
Bounce:                0 kB
WritebackTmp:          0 kB
CommitLimit:     2183484 kB
Committed_AS:   125650680 kB
VmallocTotal:     311296 kB
VmallocUsed:       21424 kB
VmallocChunk:     145420 kB
Time pass: 290 sec

---2015-12-05 01:40:17
MemTotal:        1745540 kB
MemFree:           53492 kB
Buffers:            7548 kB
Cached:           387520 kB
SwapCached:        54056 kB
Active:           515172 kB
Inactive:         523116 kB
Active(anon):     320312 kB
Inactive(anon):   327492 kB
Active(file):     194860 kB
Inactive(file):   195624 kB
Unevictable:        3816 kB
Mlocked:               0 kB
HighTotal:       1217536 kB
HighFree:          22856 kB
LowTotal:         528004 kB
LowFree:           30636 kB
SwapTotal:       1310716 kB
SwapFree:         772928 kB
Dirty:                48 kB
Writeback:             0 kB
AnonPages:        627216 kB
Mapped:           317852 kB
Shmem:               768 kB
Slab:              60180 kB
SReclaimable:      16424 kB
SUnreclaim:        43756 kB
KernelStack:       16232 kB
PageTables:        54348 kB
NFS_Unstable:          0 kB
Bounce:                0 kB
WritebackTmp:          0 kB
CommitLimit:     2183484 kB
Committed_AS:   125650760 kB
VmallocTotal:     311296 kB
VmallocUsed:       21356 kB
VmallocChunk:     145420 kB
Time pass: 293 sec

---2015-12-05 01:40:17
MemTotal:        1745540 kB
MemFree:           53020 kB
Buffers:            7556 kB
Cached:           387512 kB
SwapCached:        54052 kB
Active:           515604 kB
Inactive:         523124 kB
Active(anon):     320744 kB
Inactive(anon):   327500 kB
Active(file):     194860 kB
Inactive(file):   195624 kB
Unevictable:        3816 kB
Mlocked:               0 kB
HighTotal:       1217536 kB
HighFree:          22708 kB
LowTotal:         528004 kB
LowFree:           30312 kB
SwapTotal:       1310716 kB
SwapFree:         772940 kB
Dirty:                 0 kB
Writeback:             0 kB
AnonPages:        627572 kB
Mapped:           317912 kB
Shmem:               768 kB
Slab:              60244 kB
SReclaimable:      16424 kB
SUnreclaim:        43820 kB
KernelStack:       16232 kB
PageTables:        54348 kB
NFS_Unstable:          0 kB
Bounce:                0 kB
WritebackTmp:          0 kB
CommitLimit:     2183484 kB
Committed_AS:   125650888 kB
VmallocTotal:     311296 kB
VmallocUsed:       21424 kB
VmallocChunk:     145420 kB
Time pass: 297 sec

---2015-12-05 01:40:17
MemTotal:        1745540 kB
MemFree:           50372 kB
Buffers:            7572 kB
Cached:           387540 kB
SwapCached:        54040 kB
Active:           518164 kB
Inactive:         523216 kB
Active(anon):     323304 kB
Inactive(anon):   327548 kB
Active(file):     194860 kB
Inactive(file):   195668 kB
Unevictable:        3816 kB
Mlocked:               0 kB
HighTotal:       1217536 kB
HighFree:          21936 kB
LowTotal:         528004 kB
LowFree:           28436 kB
SwapTotal:       1310716 kB
SwapFree:         773176 kB
Dirty:               112 kB
Writeback:             0 kB
AnonPages:        630348 kB
Mapped:           317848 kB
Shmem:               768 kB
Slab:              60360 kB
SReclaimable:      16424 kB
SUnreclaim:        43936 kB
KernelStack:       16232 kB
PageTables:        54348 kB
NFS_Unstable:          0 kB
Bounce:                0 kB
WritebackTmp:          0 kB
CommitLimit:     2183484 kB
Committed_AS:   125651036 kB
VmallocTotal:     311296 kB
VmallocUsed:       21356 kB
VmallocChunk:     145420 kB
Time pass: 301 sec

---2015-12-05 01:40:17
MemTotal:        1745540 kB
MemFree:           50704 kB
Buffers:            7572 kB
Cached:           387540 kB
SwapCached:        54040 kB
Active:           517548 kB
Inactive:         523224 kB
Active(anon):     322688 kB
Inactive(anon):   327556 kB
Active(file):     194860 kB
Inactive(file):   195668 kB
Unevictable:        3816 kB
Mlocked:               0 kB
HighTotal:       1217536 kB
HighFree:          21660 kB
LowTotal:         528004 kB
LowFree:           29044 kB
SwapTotal:       1310716 kB
SwapFree:         773196 kB
Dirty:                 0 kB
Writeback:             0 kB
AnonPages:        629692 kB
Mapped:           317724 kB
Shmem:               768 kB
Slab:              60292 kB
SReclaimable:      16424 kB
SUnreclaim:        43868 kB
KernelStack:       16280 kB
PageTables:        54348 kB
NFS_Unstable:          0 kB
Bounce:                0 kB
WritebackTmp:          0 kB
CommitLimit:     2183484 kB
Committed_AS:   125651064 kB
VmallocTotal:     311296 kB
VmallocUsed:       21424 kB
VmallocChunk:     145420 kB
Time pass: 304 sec

---2015-12-05 01:40:17
MemTotal:        1745540 kB
MemFree:           49712 kB
Buffers:            7596 kB
Cached:           387536 kB
SwapCached:        54044 kB
Active:           518168 kB
Inactive:         523252 kB
Active(anon):     323308 kB
Inactive(anon):   327560 kB
Active(file):     194860 kB
Inactive(file):   195692 kB
Unevictable:        3816 kB
Mlocked:               0 kB
HighTotal:       1217536 kB
HighFree:          20316 kB
LowTotal:         528004 kB
LowFree:           29396 kB
SwapTotal:       1310716 kB
SwapFree:         773232 kB
Dirty:                52 kB
Writeback:             0 kB
AnonPages:        630228 kB
Mapped:           317908 kB
Shmem:               768 kB
Slab:              60256 kB
SReclaimable:      16424 kB
SUnreclaim:        43832 kB
KernelStack:       16272 kB
PageTables:        54348 kB
NFS_Unstable:          0 kB
Bounce:                0 kB
WritebackTmp:          0 kB
CommitLimit:     2183484 kB
Committed_AS:   125651160 kB
VmallocTotal:     311296 kB
VmallocUsed:       21424 kB
VmallocChunk:     145420 kB
Time pass: 308 sec

---2015-12-05 01:40:17
MemTotal:        1745540 kB
MemFree:           49352 kB
Buffers:            7596 kB
Cached:           387540 kB
SwapCached:        54052 kB
Active:           518540 kB
Inactive:         523232 kB
Active(anon):     323680 kB
Inactive(anon):   327540 kB
Active(file):     194860 kB
Inactive(file):   195692 kB
Unevictable:        3816 kB
Mlocked:               0 kB
HighTotal:       1217536 kB
HighFree:          19868 kB
LowTotal:         528004 kB
LowFree:           29484 kB
SwapTotal:       1310716 kB
SwapFree:         773420 kB
Dirty:                 0 kB
Writeback:             0 kB
AnonPages:        630828 kB
Mapped:           317908 kB
Shmem:               768 kB
Slab:              60220 kB
SReclaimable:      16424 kB
SUnreclaim:        43796 kB
KernelStack:       16256 kB
PageTables:        54348 kB
NFS_Unstable:          0 kB
Bounce:                0 kB
WritebackTmp:          0 kB
CommitLimit:     2183484 kB
Committed_AS:   125651368 kB
VmallocTotal:     311296 kB
VmallocUsed:       21424 kB
VmallocChunk:     145420 kB
Time pass: 312 sec

---2015-12-05 01:40:17
MemTotal:        1745540 kB
MemFree:           45352 kB
Buffers:            7608 kB
Cached:           391776 kB
SwapCached:        54176 kB
Active:           518972 kB
Inactive:         527596 kB
Active(anon):     324112 kB
Inactive(anon):   327700 kB
Active(file):     194860 kB
Inactive(file):   199896 kB
Unevictable:        3816 kB
Mlocked:               0 kB
HighTotal:       1217536 kB
HighFree:          18568 kB
LowTotal:         528004 kB
LowFree:           26784 kB
SwapTotal:       1310716 kB
SwapFree:         773536 kB
Dirty:                32 kB
Writeback:             0 kB
AnonPages:        631268 kB
Mapped:           317832 kB
Shmem:               768 kB
Slab:              60284 kB
SReclaimable:      16424 kB
SUnreclaim:        43860 kB
KernelStack:       16248 kB
PageTables:        54348 kB
NFS_Unstable:          0 kB
Bounce:                0 kB
WritebackTmp:          0 kB
CommitLimit:     2183484 kB
Committed_AS:   125651400 kB
VmallocTotal:     311296 kB
VmallocUsed:       21356 kB
VmallocChunk:     145420 kB
Time pass: 315 sec

---2015-12-05 01:40:17
MemTotal:        1745540 kB
MemFree:           52768 kB
Buffers:            7188 kB
Cached:           382892 kB
SwapCached:        54328 kB
Active:           515452 kB
Inactive:         521984 kB
Active(anon):     322232 kB
Inactive(anon):   329708 kB
Active(file):     193220 kB
Inactive(file):   192276 kB
Unevictable:        3816 kB
Mlocked:               0 kB
HighTotal:       1217536 kB
HighFree:          25488 kB
LowTotal:         528004 kB
LowFree:           27280 kB
SwapTotal:       1310716 kB
SwapFree:         772932 kB
Dirty:                36 kB
Writeback:             0 kB
AnonPages:        631352 kB
Mapped:           317324 kB
Shmem:               768 kB
Slab:              60156 kB
SReclaimable:      16424 kB
SUnreclaim:        43732 kB
KernelStack:       16288 kB
PageTables:        54352 kB
NFS_Unstable:          0 kB
Bounce:                0 kB
WritebackTmp:          0 kB
CommitLimit:     2183484 kB
Committed_AS:   125645448 kB
VmallocTotal:     311296 kB
VmallocUsed:       21424 kB
VmallocChunk:     145420 kB
Time pass: 319 sec

---2015-12-05 01:40:17
MemTotal:        1745540 kB
MemFree:           57232 kB
Buffers:            7196 kB
Cached:           385864 kB
SwapCached:        54336 kB
Active:           509660 kB
Inactive:         524936 kB
Active(anon):     316440 kB
Inactive(anon):   329724 kB
Active(file):     193220 kB
Inactive(file):   195212 kB
Unevictable:        3816 kB
Mlocked:               0 kB
HighTotal:       1217536 kB
HighFree:          29164 kB
LowTotal:         528004 kB
LowFree:           28068 kB
SwapTotal:       1310716 kB
SwapFree:         772972 kB
Dirty:               108 kB
Writeback:             0 kB
AnonPages:        625512 kB
Mapped:           317388 kB
Shmem:               812 kB
Slab:              60384 kB
SReclaimable:      16424 kB
SUnreclaim:        43960 kB
KernelStack:       16240 kB
PageTables:        54352 kB
NFS_Unstable:          0 kB
Bounce:                0 kB
WritebackTmp:          0 kB
CommitLimit:     2183484 kB
Committed_AS:   125645480 kB
VmallocTotal:     311296 kB
VmallocUsed:       21356 kB
VmallocChunk:     145420 kB
Time pass: 322 sec

---2015-12-05 01:40:17
MemTotal:        1745540 kB
MemFree:           58456 kB
Buffers:            7212 kB
Cached:           385864 kB
SwapCached:        54332 kB
Active:           508076 kB
Inactive:         524960 kB
Active(anon):     314856 kB
Inactive(anon):   329732 kB
Active(file):     193220 kB
Inactive(file):   195228 kB
Unevictable:        3816 kB
Mlocked:               0 kB
HighTotal:       1217536 kB
HighFree:          29500 kB
LowTotal:         528004 kB
LowFree:           28956 kB
SwapTotal:       1310716 kB
SwapFree:         772984 kB
Dirty:                52 kB
