---2015-12-05 14:07:44
MemTotal:        2905316 kB
MemFree:          127092 kB
Buffers:           27168 kB
Cached:          1423548 kB
SwapCached:            0 kB
Active:          1227584 kB
Inactive:        1063120 kB
Active(anon):     727048 kB
Inactive(anon):   144472 kB
Active(file):     500536 kB
Inactive(file):   918648 kB
Unevictable:        7488 kB
Mlocked:               0 kB
SwapTotal:        720184 kB
SwapFree:         720184 kB
Dirty:                72 kB
Writeback:             0 kB
AnonPages:        847196 kB
Mapped:           478960 kB
Shmem:             24036 kB
Slab:             119412 kB
SReclaimable:      36124 kB
SUnreclaim:        83288 kB
KernelStack:       30928 kB
PageTables:        55960 kB
NFS_Unstable:          0 kB
Bounce:                0 kB
WritebackTmp:          0 kB
CommitLimit:     2172840 kB
Committed_AS:   93607924 kB
VmallocTotal:   251658176 kB
VmallocUsed:      135496 kB
VmallocChunk:   251425204 kB
Time pass: 3 sec

---2015-12-05 14:07:44
MemTotal:        2905316 kB
MemFree:          126852 kB
Buffers:           27176 kB
Cached:          1423564 kB
SwapCached:            0 kB
Active:          1227900 kB
Inactive:        1063124 kB
Active(anon):     727348 kB
Inactive(anon):   144472 kB
Active(file):     500552 kB
Inactive(file):   918652 kB
Unevictable:        7488 kB
Mlocked:               0 kB
SwapTotal:        720184 kB
SwapFree:         720184 kB
Dirty:                84 kB
Writeback:             0 kB
AnonPages:        847528 kB
Mapped:           479028 kB
Shmem:             24036 kB
Slab:             119392 kB
SReclaimable:      36124 kB
SUnreclaim:        83268 kB
KernelStack:       30704 kB
PageTables:        55988 kB
NFS_Unstable:          0 kB
Bounce:                0 kB
WritebackTmp:          0 kB
CommitLimit:     2172840 kB
Committed_AS:   93607876 kB
VmallocTotal:   251658176 kB
VmallocUsed:      135496 kB
VmallocChunk:   251425204 kB
Time pass: 7 sec

---2015-12-05 14:07:44
MemTotal:        2905316 kB
MemFree:          126484 kB
Buffers:           27176 kB
Cached:          1423752 kB
SwapCached:            0 kB
Active:          1227748 kB
Inactive:        1063292 kB
Active(anon):     727180 kB
Inactive(anon):   144472 kB
Active(file):     500568 kB
Inactive(file):   918820 kB
Unevictable:        7488 kB
Mlocked:               0 kB
SwapTotal:        720184 kB
SwapFree:         720184 kB
Dirty:                16 kB
Writeback:             0 kB
AnonPages:        847620 kB
Mapped:           479132 kB
Shmem:             24036 kB
Slab:             119324 kB
SReclaimable:      36124 kB
SUnreclaim:        83200 kB
KernelStack:       30704 kB
PageTables:        55936 kB
NFS_Unstable:          0 kB
Bounce:                0 kB
WritebackTmp:          0 kB
CommitLimit:     2172840 kB
Committed_AS:   93607860 kB
VmallocTotal:   251658176 kB
VmallocUsed:      135496 kB
VmallocChunk:   251425204 kB
Time pass: 11 sec

---2015-12-05 14:07:44
MemTotal:        2905316 kB
MemFree:          126080 kB
Buffers:           27184 kB
Cached:          1423760 kB
SwapCached:            0 kB
Active:          1228108 kB
Inactive:        1063316 kB
Active(anon):     727536 kB
Inactive(anon):   144472 kB
Active(file):     500572 kB
Inactive(file):   918844 kB
Unevictable:        7488 kB
Mlocked:               0 kB
SwapTotal:        720184 kB
SwapFree:         720184 kB
Dirty:                32 kB
Writeback:             0 kB
AnonPages:        847920 kB
Mapped:           479276 kB
Shmem:             24036 kB
Slab:             119456 kB
SReclaimable:      36124 kB
SUnreclaim:        83332 kB
KernelStack:       30704 kB
PageTables:        55956 kB
NFS_Unstable:          0 kB
Bounce:                0 kB
WritebackTmp:          0 kB
CommitLimit:     2172840 kB
Committed_AS:   93607812 kB
VmallocTotal:   251658176 kB
VmallocUsed:      136516 kB
VmallocChunk:   251425204 kB
Time pass: 14 sec

---2015-12-05 14:07:44
MemTotal:        2905316 kB
MemFree:          119904 kB
Buffers:           27192 kB
Cached:          1424848 kB
SwapCached:            0 kB
Active:          1233724 kB
Inactive:        1064392 kB
Active(anon):     733128 kB
Inactive(anon):   144520 kB
Active(file):     500596 kB
Inactive(file):   919872 kB
Unevictable:        7488 kB
Mlocked:               0 kB
SwapTotal:        720184 kB
SwapFree:         720184 kB
Dirty:                 4 kB
Writeback:             0 kB
AnonPages:        853696 kB
Mapped:           479824 kB
Shmem:             24084 kB
Slab:             119352 kB
SReclaimable:      36124 kB
SUnreclaim:        83228 kB
KernelStack:       30592 kB
PageTables:        55612 kB
NFS_Unstable:          0 kB
Bounce:                0 kB
WritebackTmp:          0 kB
CommitLimit:     2172840 kB
Committed_AS:   95831164 kB
VmallocTotal:   251658176 kB
VmallocUsed:      135496 kB
VmallocChunk:   251425204 kB
Time pass: 18 sec

---2015-12-05 14:07:44
MemTotal:        2905316 kB
MemFree:           73816 kB
Buffers:           27780 kB
Cached:          1305848 kB
SwapCached:            0 kB
Active:          1298204 kB
Inactive:         950344 kB
Active(anon):     774184 kB
Inactive(anon):   172568 kB
Active(file):     524020 kB
Inactive(file):   777776 kB
Unevictable:        7488 kB
Mlocked:               0 kB
SwapTotal:        720184 kB
SwapFree:         720184 kB
Dirty:              2272 kB
Writeback:             0 kB
AnonPages:        922544 kB
Mapped:           585580 kB
Shmem:             24360 kB
Slab:             119712 kB
SReclaimable:      36244 kB
SUnreclaim:        83468 kB
KernelStack:       33840 kB
PageTables:        56472 kB
NFS_Unstable:          0 kB
Bounce:                0 kB
WritebackTmp:          0 kB
CommitLimit:     2172840 kB
Committed_AS:   93030608 kB
VmallocTotal:   251658176 kB
VmallocUsed:      135988 kB
VmallocChunk:   251425204 kB
Time pass: 21 sec

---2015-12-05 14:07:44
MemTotal:        2905316 kB
MemFree:          104832 kB
Buffers:           27724 kB
Cached:          1275776 kB
SwapCached:            0 kB
Active:          1265640 kB
Inactive:         925580 kB
Active(anon):     741368 kB
Inactive(anon):   176284 kB
Active(file):     524272 kB
Inactive(file):   749296 kB
Unevictable:        7488 kB
Mlocked:               0 kB
SwapTotal:        720184 kB
SwapFree:         720184 kB
Dirty:               736 kB
Writeback:             0 kB
AnonPages:        895412 kB
Mapped:           616036 kB
Shmem:             22444 kB
Slab:             119608 kB
SReclaimable:      36212 kB
SUnreclaim:        83396 kB
KernelStack:       33840 kB
PageTables:        56636 kB
NFS_Unstable:          0 kB
Bounce:                0 kB
WritebackTmp:          0 kB
CommitLimit:     2172840 kB
Committed_AS:   93032360 kB
VmallocTotal:   251658176 kB
VmallocUsed:      136256 kB
VmallocChunk:   251425204 kB
Time pass: 25 sec

---2015-12-05 14:07:44
MemTotal:        2905316 kB
MemFree:          100924 kB
Buffers:           27740 kB
Cached:          1277308 kB
SwapCached:            0 kB
Active:          1267808 kB
Inactive:         927044 kB
Active(anon):     743524 kB
Inactive(anon):   176284 kB
Active(file):     524284 kB
Inactive(file):   750760 kB
Unevictable:        7488 kB
Mlocked:               0 kB
SwapTotal:        720184 kB
SwapFree:         720184 kB
Dirty:               192 kB
Writeback:             0 kB
AnonPages:        897412 kB
Mapped:           616936 kB
Shmem:             22444 kB
Slab:             119532 kB
SReclaimable:      36244 kB
SUnreclaim:        83288 kB
KernelStack:       33808 kB
PageTables:        56692 kB
NFS_Unstable:          0 kB
Bounce:                0 kB
WritebackTmp:          0 kB
CommitLimit:     2172840 kB
Committed_AS:   93033492 kB
VmallocTotal:   251658176 kB
VmallocUsed:      136256 kB
VmallocChunk:   251425204 kB
Time pass: 29 sec

---2015-12-05 14:07:44
MemTotal:        2905316 kB
MemFree:           72768 kB
Buffers:           27740 kB
Cached:          1277300 kB
SwapCached:            0 kB
Active:          1269532 kB
Inactive:         927088 kB
Active(anon):     745228 kB
Inactive(anon):   176284 kB
Active(file):     524304 kB
Inactive(file):   750804 kB
Unevictable:        7488 kB
Mlocked:               0 kB
SwapTotal:        720184 kB
SwapFree:         720184 kB
Dirty:               292 kB
Writeback:             0 kB
AnonPages:        898856 kB
Mapped:           626212 kB
Shmem:             22444 kB
Slab:             119388 kB
SReclaimable:      36308 kB
SUnreclaim:        83080 kB
KernelStack:       33840 kB
PageTables:        56676 kB
NFS_Unstable:          0 kB
Bounce:                0 kB
WritebackTmp:          0 kB
CommitLimit:     2172840 kB
Committed_AS:   93034188 kB
VmallocTotal:   251658176 kB
VmallocUsed:      136484 kB
VmallocChunk:   251425204 kB
Time pass: 33 sec

---2015-12-05 14:07:44
MemTotal:        2905316 kB
MemFree:           68256 kB
Buffers:           27788 kB
Cached:          1277744 kB
SwapCached:            0 kB
Active:          1273556 kB
Inactive:         927532 kB
Active(anon):     749220 kB
Inactive(anon):   176284 kB
Active(file):     524336 kB
Inactive(file):   751248 kB
Unevictable:        7488 kB
Mlocked:               0 kB
SwapTotal:        720184 kB
SwapFree:         720184 kB
Dirty:               280 kB
Writeback:             0 kB
AnonPages:        903120 kB
Mapped:           627464 kB
Shmem:             22444 kB
Slab:             119532 kB
SReclaimable:      36308 kB
SUnreclaim:        83224 kB
KernelStack:       34048 kB
PageTables:        56720 kB
NFS_Unstable:          0 kB
Bounce:                0 kB
WritebackTmp:          0 kB
CommitLimit:     2172840 kB
Committed_AS:   93037332 kB
VmallocTotal:   251658176 kB
VmallocUsed:      136484 kB
VmallocChunk:   251425204 kB
Time pass: 37 sec

---2015-12-05 14:07:44
MemTotal:        2905316 kB
MemFree:           67076 kB
Buffers:           27796 kB
Cached:          1277756 kB
SwapCached:            0 kB
Active:          1273892 kB
Inactive:         927540 kB
Active(anon):     749540 kB
Inactive(anon):   176284 kB
Active(file):     524352 kB
Inactive(file):   751256 kB
Unevictable:        7488 kB
Mlocked:               0 kB
SwapTotal:        720184 kB
SwapFree:         720184 kB
Dirty:                44 kB
Writeback:             0 kB
AnonPages:        903428 kB
Mapped:           627536 kB
Shmem:             22444 kB
Slab:             119688 kB
SReclaimable:      36324 kB
SUnreclaim:        83364 kB
KernelStack:       34048 kB
PageTables:        56740 kB
NFS_Unstable:          0 kB
Bounce:                0 kB
WritebackTmp:          0 kB
CommitLimit:     2172840 kB
Committed_AS:   93037300 kB
VmallocTotal:   251658176 kB
VmallocUsed:      136484 kB
VmallocChunk:   251425204 kB
Time pass: 40 sec

---2015-12-05 14:07:44
MemTotal:        2905316 kB
MemFree:           67224 kB
Buffers:           25460 kB
Cached:          1220340 kB
SwapCached:            0 kB
Active:          1279656 kB
Inactive:         877740 kB
Active(anon):     752956 kB
Inactive(anon):   188576 kB
Active(file):     526700 kB
Inactive(file):   689164 kB
Unevictable:        7488 kB
Mlocked:               0 kB
SwapTotal:        720184 kB
SwapFree:         720184 kB
Dirty:                 0 kB
Writeback:             0 kB
AnonPages:        919324 kB
Mapped:           639048 kB
Shmem:             22448 kB
Slab:             118140 kB
SReclaimable:      34996 kB
SUnreclaim:        83144 kB
KernelStack:       34080 kB
PageTables:        57064 kB
NFS_Unstable:          0 kB
Bounce:                0 kB
WritebackTmp:          0 kB
CommitLimit:     2172840 kB
Committed_AS:   93066500 kB
VmallocTotal:   251658176 kB
VmallocUsed:      136752 kB
VmallocChunk:   251425204 kB
Time pass: 44 sec

---2015-12-05 14:07:44
MemTotal:        2905316 kB
MemFree:           71212 kB
Buffers:           25384 kB
Cached:          1205640 kB
SwapCached:            0 kB
Active:          1283352 kB
Inactive:         863252 kB
Active(anon):     755940 kB
Inactive(anon):   189600 kB
Active(file):     527412 kB
Inactive(file):   673652 kB
Unevictable:        7488 kB
Mlocked:               0 kB
SwapTotal:        720184 kB
SwapFree:         720184 kB
Dirty:               296 kB
Writeback:             0 kB
AnonPages:        923192 kB
Mapped:           644448 kB
Shmem:             22448 kB
Slab:             119624 kB
SReclaimable:      36308 kB
SUnreclaim:        83316 kB
KernelStack:       34080 kB
PageTables:        57088 kB
NFS_Unstable:          0 kB
Bounce:                0 kB
WritebackTmp:          0 kB
CommitLimit:     2172840 kB
Committed_AS:   93104888 kB
VmallocTotal:   251658176 kB
VmallocUsed:      136800 kB
VmallocChunk:   251425204 kB
Time pass: 48 sec

---2015-12-05 14:07:44
MemTotal:        2905316 kB
MemFree:           58784 kB
Buffers:           25268 kB
Cached:          1163824 kB
SwapCached:            0 kB
Active:          1313124 kB
Inactive:         821716 kB
Active(anon):     780904 kB
Inactive(anon):   195164 kB
Active(file):     532220 kB
Inactive(file):   626552 kB
Unevictable:        7488 kB
Mlocked:               0 kB
SwapTotal:        720184 kB
SwapFree:         720184 kB
Dirty:              1584 kB
Writeback:             0 kB
AnonPages:        953472 kB
Mapped:           680168 kB
Shmem:             22512 kB
Slab:             119636 kB
SReclaimable:      36404 kB
SUnreclaim:        83232 kB
KernelStack:       34288 kB
PageTables:        57104 kB
NFS_Unstable:          0 kB
Bounce:                0 kB
WritebackTmp:          0 kB
CommitLimit:     2172840 kB
Committed_AS:   93123440 kB
VmallocTotal:   251658176 kB
VmallocUsed:      137012 kB
VmallocChunk:   251425204 kB
Time pass: 51 sec

---2015-12-05 14:07:44
MemTotal:        2905316 kB
MemFree:           82008 kB
Buffers:           24068 kB
Cached:          1139860 kB
SwapCached:            0 kB
Active:          1306628 kB
Inactive:         789232 kB
Active(anon):     766436 kB
Inactive(anon):   195544 kB
Active(file):     540192 kB
Inactive(file):   593688 kB
Unevictable:        7488 kB
Mlocked:               0 kB
SwapTotal:        720184 kB
SwapFree:         720184 kB
Dirty:                40 kB
Writeback:             0 kB
AnonPages:        939744 kB
Mapped:           700280 kB
Shmem:             22512 kB
Slab:             119808 kB
SReclaimable:      36404 kB
SUnreclaim:        83404 kB
KernelStack:       34288 kB
PageTables:        57172 kB
NFS_Unstable:          0 kB
Bounce:                0 kB
WritebackTmp:          0 kB
CommitLimit:     2172840 kB
Committed_AS:   93112208 kB
VmallocTotal:   251658176 kB
VmallocUsed:      137192 kB
VmallocChunk:   251425204 kB
Time pass: 55 sec

---2015-12-05 14:07:44
MemTotal:        2905316 kB
MemFree:           81160 kB
Buffers:           24076 kB
Cached:          1139860 kB
SwapCached:            0 kB
Active:          1307076 kB
Inactive:         789272 kB
Active(anon):     766872 kB
Inactive(anon):   195544 kB
Active(file):     540204 kB
Inactive(file):   593728 kB
Unevictable:        7488 kB
Mlocked:               0 kB
SwapTotal:        720184 kB
SwapFree:         720184 kB
Dirty:                60 kB
Writeback:             0 kB
AnonPages:        940140 kB
Mapped:           700292 kB
Shmem:             22512 kB
Slab:             119792 kB
SReclaimable:      36420 kB
SUnreclaim:        83372 kB
KernelStack:       34288 kB
PageTables:        57168 kB
NFS_Unstable:          0 kB
Bounce:                0 kB
WritebackTmp:          0 kB
CommitLimit:     2172840 kB
Committed_AS:   93112248 kB
VmallocTotal:   251658176 kB
VmallocUsed:      137192 kB
VmallocChunk:   251425204 kB
Time pass: 59 sec

---2015-12-05 14:07:44
MemTotal:        2905316 kB
MemFree:           79636 kB
Buffers:           23256 kB
Cached:          1123300 kB
SwapCached:            0 kB
Active:          1309932 kB
Inactive:         771560 kB
Active(anon):     769396 kB
Inactive(anon):   195544 kB
Active(file):     540536 kB
Inactive(file):   576016 kB
Unevictable:        7488 kB
Mlocked:               0 kB
SwapTotal:        720184 kB
SwapFree:         720184 kB
Dirty:               204 kB
Writeback:             0 kB
AnonPages:        942384 kB
Mapped:           710112 kB
Shmem:             22512 kB
Slab:             119796 kB
SReclaimable:      36276 kB
SUnreclaim:        83520 kB
KernelStack:       34288 kB
PageTables:        57208 kB
NFS_Unstable:          0 kB
Bounce:                0 kB
WritebackTmp:          0 kB
CommitLimit:     2172840 kB
Committed_AS:   93113164 kB
VmallocTotal:   251658176 kB
VmallocUsed:      137316 kB
VmallocChunk:   251425204 kB
Time pass: 63 sec

---2015-12-05 14:07:44
MemTotal:        2905316 kB
MemFree:           79552 kB
Buffers:           23264 kB
Cached:          1123540 kB
SwapCached:            0 kB
Active:          1309760 kB
Inactive:         771804 kB
Active(anon):     769220 kB
Inactive(anon):   195544 kB
Active(file):     540540 kB
Inactive(file):   576260 kB
Unevictable:        7488 kB
Mlocked:               0 kB
SwapTotal:        720184 kB
SwapFree:         720184 kB
Dirty:                72 kB
Writeback:             0 kB
AnonPages:        942644 kB
Mapped:           710116 kB
Shmem:             22512 kB
Slab:             119652 kB
SReclaimable:      36276 kB
SUnreclaim:        83376 kB
KernelStack:       34272 kB
PageTables:        57216 kB
NFS_Unstable:          0 kB
Bounce:                0 kB
WritebackTmp:          0 kB
CommitLimit:     2172840 kB
Committed_AS:   93113108 kB
VmallocTotal:   251658176 kB
VmallocUsed:      137316 kB
VmallocChunk:   251425204 kB
Time pass: 67 sec

---2015-12-05 14:07:44
MemTotal:        2905316 kB
MemFree:           74092 kB
Buffers:           23008 kB
Cached:          1100304 kB
SwapCached:            0 kB
Active:          1318108 kB
Inactive:         747224 kB
Active(anon):     775708 kB
Inactive(anon):   196308 kB
Active(file):     542400 kB
Inactive(file):   550916 kB
Unevictable:        7488 kB
Mlocked:               0 kB
SwapTotal:        720184 kB
SwapFree:         720184 kB
Dirty:               584 kB
Writeback:             0 kB
AnonPages:        949556 kB
Mapped:           722972 kB
Shmem:             22512 kB
Slab:             119928 kB
SReclaimable:      36276 kB
SUnreclaim:        83652 kB
KernelStack:       34288 kB
PageTables:        57184 kB
NFS_Unstable:          0 kB
Bounce:                0 kB
WritebackTmp:          0 kB
CommitLimit:     2172840 kB
Committed_AS:   93116388 kB
VmallocTotal:   251658176 kB
VmallocUsed:      137500 kB
VmallocChunk:   251425204 kB
Time pass: 70 sec

---2015-12-05 14:07:44
MemTotal:        2905316 kB
MemFree:           68312 kB
Buffers:           23008 kB
Cached:          1102140 kB
SwapCached:            0 kB
Active:          1320820 kB
Inactive:         748956 kB
Active(anon):     778412 kB
Inactive(anon):   196292 kB
Active(file):     542408 kB
Inactive(file):   552664 kB
Unevictable:        7488 kB
Mlocked:               0 kB
SwapTotal:        720184 kB
SwapFree:         720184 kB
Dirty:               604 kB
Writeback:             0 kB
AnonPages:        952156 kB
Mapped:           726664 kB
Shmem:             22512 kB
Slab:             120004 kB
SReclaimable:      36292 kB
SUnreclaim:        83712 kB
KernelStack:       34320 kB
PageTables:        57240 kB
NFS_Unstable:          0 kB
Bounce:                0 kB
WritebackTmp:          0 kB
CommitLimit:     2172840 kB
Committed_AS:   93119456 kB
VmallocTotal:   251658176 kB
VmallocUsed:      137500 kB
VmallocChunk:   251425204 kB
Time pass: 74 sec

---2015-12-05 14:07:44
MemTotal:        2905316 kB
MemFree:           68864 kB
Buffers:           23792 kB
Cached:          1089408 kB
SwapCached:            0 kB
Active:          1329936 kB
Inactive:         736968 kB
Active(anon):     790448 kB
Inactive(anon):   197572 kB
Active(file):     539488 kB
Inactive(file):   539396 kB
Unevictable:       11632 kB
Mlocked:               0 kB
SwapTotal:        720184 kB
SwapFree:         720184 kB
Dirty:               480 kB
Writeback:             0 kB
AnonPages:        965812 kB
Mapped:           728388 kB
Shmem:             22512 kB
Slab:             119912 kB
SReclaimable:      36420 kB
SUnreclaim:        83492 kB
KernelStack:       34480 kB
PageTables:        57208 kB
NFS_Unstable:          0 kB
Bounce:                0 kB
WritebackTmp:          0 kB
CommitLimit:     2172840 kB
Committed_AS:   93126372 kB
VmallocTotal:   251658176 kB
VmallocUsed:      137500 kB
VmallocChunk:   251425204 kB
Time pass: 78 sec

---2015-12-05 14:07:44
MemTotal:        2905316 kB
MemFree:           64852 kB
Buffers:           23824 kB
Cached:          1089468 kB
SwapCached:            0 kB
Active:          1334408 kB
Inactive:         737100 kB
Active(anon):     794888 kB
Inactive(anon):   197632 kB
Active(file):     539520 kB
Inactive(file):   539468 kB
Unevictable:       11732 kB
Mlocked:               0 kB
SwapTotal:        720184 kB
SwapFree:         720184 kB
Dirty:                 8 kB
Writeback:             0 kB
AnonPages:        969916 kB
Mapped:           728456 kB
Shmem:             22572 kB
Slab:             119988 kB
SReclaimable:      36468 kB
SUnreclaim:        83520 kB
KernelStack:       34272 kB
PageTables:        57272 kB
NFS_Unstable:          0 kB
Bounce:                0 kB
WritebackTmp:          0 kB
CommitLimit:     2172840 kB
Committed_AS:   93155396 kB
VmallocTotal:   251658176 kB
VmallocUsed:      137500 kB
VmallocChunk:   251425204 kB
Time pass: 81 sec

---2015-12-05 14:07:44
MemTotal:        2905316 kB
MemFree:           64732 kB
Buffers:           23832 kB
Cached:          1089508 kB
SwapCached:            0 kB
Active:          1334768 kB
Inactive:         737132 kB
Active(anon):     795244 kB
Inactive(anon):   197632 kB
Active(file):     539524 kB
Inactive(file):   539500 kB
Unevictable:       11732 kB
Mlocked:               0 kB
SwapTotal:        720184 kB
SwapFree:         720184 kB
Dirty:               108 kB
Writeback:             0 kB
AnonPages:        970368 kB
Mapped:           728496 kB
Shmem:             22572 kB
Slab:             119984 kB
SReclaimable:      36468 kB
SUnreclaim:        83516 kB
KernelStack:       34272 kB
PageTables:        57268 kB
NFS_Unstable:          0 kB
Bounce:                0 kB
WritebackTmp:          0 kB
CommitLimit:     2172840 kB
Committed_AS:   93155240 kB
VmallocTotal:   251658176 kB
VmallocUsed:      137500 kB
VmallocChunk:   251425204 kB
Time pass: 85 sec

---2015-12-05 14:07:44
MemTotal:        2905316 kB
MemFree:           63260 kB
Buffers:           23720 kB
Cached:          1085368 kB
SwapCached:            0 kB
Active:          1337704 kB
Inactive:         735260 kB
Active(anon):     799964 kB
Inactive(anon):   199224 kB
Active(file):     537740 kB
Inactive(file):   536036 kB
Unevictable:       12312 kB
Mlocked:               0 kB
SwapTotal:        720184 kB
SwapFree:         720156 kB
Dirty:               228 kB
Writeback:             0 kB
AnonPages:        976656 kB
Mapped:           728156 kB
Shmem:             22680 kB
Slab:             120180 kB
SReclaimable:      36468 kB
SUnreclaim:        83712 kB
KernelStack:       34464 kB
PageTables:        57500 kB
NFS_Unstable:          0 kB
Bounce:                0 kB
WritebackTmp:          0 kB
CommitLimit:     2172840 kB
Committed_AS:   93190496 kB
VmallocTotal:   251658176 kB
VmallocUsed:      139948 kB
VmallocChunk:   251425204 kB
Time pass: 88 sec

---2015-12-05 14:07:44
MemTotal:        2905316 kB
MemFree:           68412 kB
Buffers:           23728 kB
Cached:          1079420 kB
SwapCached:            0 kB
Active:          1333316 kB
Inactive:         733808 kB
Active(anon):     799320 kB
Inactive(anon):   200024 kB
Active(file):     533996 kB
Inactive(file):   533784 kB
Unevictable:       12324 kB
Mlocked:               0 kB
SwapTotal:        720184 kB
SwapFree:         720156 kB
Dirty:                24 kB
Writeback:             0 kB
AnonPages:        976672 kB
Mapped:           725716 kB
Shmem:             22720 kB
Slab:             120200 kB
SReclaimable:      36468 kB
SUnreclaim:        83732 kB
KernelStack:       34496 kB
PageTables:        57500 kB
NFS_Unstable:          0 kB
Bounce:                0 kB
WritebackTmp:          0 kB
CommitLimit:     2172840 kB
Committed_AS:   93191020 kB
VmallocTotal:   251658176 kB
VmallocUsed:      139948 kB
VmallocChunk:   251425204 kB
Time pass: 92 sec

---2015-12-05 14:07:44
MemTotal:        2905316 kB
MemFree:           72192 kB
Buffers:           23632 kB
Cached:          1065936 kB
SwapCached:            0 kB
Active:          1327772 kB
Inactive:         727564 kB
Active(anon):     800784 kB
Inactive(anon):   200380 kB
Active(file):     526988 kB
Inactive(file):   527184 kB
Unevictable:       12324 kB
Mlocked:               0 kB
SwapTotal:        720184 kB
SwapFree:         720156 kB
Dirty:                40 kB
Writeback:             0 kB
AnonPages:        978524 kB
Mapped:           725748 kB
Shmem:             22748 kB
Slab:             120208 kB
SReclaimable:      36484 kB
SUnreclaim:        83724 kB
KernelStack:       34512 kB
PageTables:        57500 kB
NFS_Unstable:          0 kB
Bounce:                0 kB
WritebackTmp:          0 kB
CommitLimit:     2172840 kB
Committed_AS:   93192244 kB
VmallocTotal:   251658176 kB
VmallocUsed:      139948 kB
VmallocChunk:   251425204 kB
Time pass: 96 sec

---2015-12-05 14:07:44
MemTotal:        2905316 kB
MemFree:           66568 kB
Buffers:           23372 kB
Cached:          1034260 kB
SwapCached:            0 kB
Active:          1317052 kB
Inactive:         712548 kB
Active(anon):     806060 kB
Inactive(anon):   201600 kB
Active(file):     510992 kB
Inactive(file):   510948 kB
Unevictable:       12456 kB
Mlocked:               0 kB
SwapTotal:        720184 kB
SwapFree:         720156 kB
Dirty:               176 kB
Writeback:             0 kB
AnonPages:        984876 kB
Mapped:           724868 kB
Shmem:             22996 kB
Slab:             119868 kB
SReclaimable:      36116 kB
SUnreclaim:        83752 kB
KernelStack:       34496 kB
PageTables:        57552 kB
NFS_Unstable:          0 kB
Bounce:                0 kB
WritebackTmp:          0 kB
CommitLimit:     2172840 kB
Committed_AS:   93198880 kB
VmallocTotal:   251658176 kB
VmallocUsed:      139948 kB
VmallocChunk:   251425204 kB
Time pass: 99 sec

---2015-12-05 14:07:44
MemTotal:        2905316 kB
MemFree:          342548 kB
Buffers:           23420 kB
Cached:          1032224 kB
SwapCached:            0 kB
Active:          1221744 kB
Inactive:         711532 kB
Active(anon):     711516 kB
Inactive(anon):   201364 kB
Active(file):     510228 kB
Inactive(file):   510168 kB
Unevictable:       12456 kB
Mlocked:               0 kB
SwapTotal:        720184 kB
SwapFree:         720156 kB
Dirty:               528 kB
Writeback:             0 kB
AnonPages:        890200 kB
Mapped:           542952 kB
Shmem:             22792 kB
Slab:             119740 kB
SReclaimable:      36180 kB
SUnreclaim:        83560 kB
KernelStack:       33024 kB
PageTables:        55000 kB
NFS_Unstable:          0 kB
Bounce:                0 kB
WritebackTmp:          0 kB
CommitLimit:     2172840 kB
Committed_AS:   91567168 kB
VmallocTotal:   251658176 kB
VmallocUsed:      136264 kB
VmallocChunk:   251425204 kB
Time pass: 103 sec

---2015-12-05 14:07:44
MemTotal:        2905316 kB
MemFree:          248000 kB
Buffers:           24340 kB
Cached:          1034436 kB
SwapCached:            0 kB
Active:          1260472 kB
Inactive:         711284 kB
Active(anon):     746936 kB
Inactive(anon):   201500 kB
Active(file):     513536 kB
Inactive(file):   509784 kB
Unevictable:       12456 kB
Mlocked:               0 kB
SwapTotal:        720184 kB
SwapFree:         720156 kB
Dirty:              1984 kB
Writeback:             0 kB
AnonPages:        925692 kB
Mapped:           607396 kB
Shmem:             22928 kB
Slab:             119804 kB
SReclaimable:      36260 kB
SUnreclaim:        83544 kB
KernelStack:       34000 kB
PageTables:        56088 kB
NFS_Unstable:          0 kB
Bounce:                0 kB
WritebackTmp:          0 kB
CommitLimit:     2172840 kB
Committed_AS:   92382956 kB
VmallocTotal:   251658176 kB
VmallocUsed:      137864 kB
VmallocChunk:   251425204 kB
Time pass: 107 sec

---2015-12-05 14:07:44
MemTotal:        2905316 kB
MemFree:          235708 kB
Buffers:           24340 kB
Cached:          1034624 kB
SwapCached:            0 kB
Active:          1253368 kB
Inactive:         711508 kB
Active(anon):     739832 kB
Inactive(anon):   201556 kB
Active(file):     513536 kB
Inactive(file):   509952 kB
Unevictable:       12456 kB
Mlocked:               0 kB
SwapTotal:        720184 kB
SwapFree:         720156 kB
Dirty:                 4 kB
Writeback:             0 kB
AnonPages:        918604 kB
Mapped:           624208 kB
Shmem:             22988 kB
Slab:             119808 kB
SReclaimable:      36276 kB
SUnreclaim:        83532 kB
KernelStack:       33952 kB
PageTables:        56308 kB
NFS_Unstable:          0 kB
Bounce:                0 kB
WritebackTmp:          0 kB
CommitLimit:     2172840 kB
Committed_AS:   92407232 kB
VmallocTotal:   251658176 kB
VmallocUsed:      138032 kB
VmallocChunk:   251425204 kB
Time pass: 111 sec

---2015-12-05 14:07:44
MemTotal:        2905316 kB
MemFree:          235220 kB
Buffers:           24348 kB
Cached:          1034724 kB
SwapCached:            0 kB
Active:          1253348 kB
Inactive:         711632 kB
Active(anon):     739800 kB
Inactive(anon):   201556 kB
Active(file):     513548 kB
Inactive(file):   510076 kB
Unevictable:       12456 kB
Mlocked:               0 kB
SwapTotal:        720184 kB
SwapFree:         720156 kB
Dirty:                 0 kB
Writeback:           220 kB
AnonPages:        918484 kB
Mapped:           624728 kB
Shmem:             22988 kB
Slab:             119824 kB
SReclaimable:      36276 kB
SUnreclaim:        83548 kB
KernelStack:       33936 kB
PageTables:        56308 kB
NFS_Unstable:          0 kB
Bounce:                0 kB
WritebackTmp:          0 kB
CommitLimit:     2172840 kB
Committed_AS:   92407196 kB
VmallocTotal:   251658176 kB
VmallocUsed:      138032 kB
VmallocChunk:   251425204 kB
Time pass: 114 sec

---2015-12-05 14:07:44
MemTotal:        2905316 kB
MemFree:          224968 kB
Buffers:           24356 kB
Cached:          1035276 kB
SwapCached:            0 kB
Active:          1254256 kB
Inactive:         712068 kB
Active(anon):     740640 kB
Inactive(anon):   201556 kB
Active(file):     513616 kB
Inactive(file):   510512 kB
Unevictable:       12456 kB
Mlocked:               0 kB
SwapTotal:        720184 kB
SwapFree:         720156 kB
Dirty:               112 kB
Writeback:             0 kB
AnonPages:        919308 kB
Mapped:           627148 kB
Shmem:             22988 kB
Slab:             119820 kB
SReclaimable:      36276 kB
SUnreclaim:        83544 kB
KernelStack:       33968 kB
PageTables:        56324 kB
NFS_Unstable:          0 kB
Bounce:                0 kB
WritebackTmp:          0 kB
CommitLimit:     2172840 kB
Committed_AS:   92407444 kB
VmallocTotal:   251658176 kB
VmallocUsed:      135696 kB
VmallocChunk:   251425204 kB
Time pass: 118 sec

---2015-12-05 14:07:44
MemTotal:        2905316 kB
MemFree:          225128 kB
Buffers:           24356 kB
Cached:          1035284 kB
SwapCached:            0 kB
Active:          1254316 kB
Inactive:         712120 kB
Active(anon):     740692 kB
Inactive(anon):   201556 kB
Active(file):     513624 kB
Inactive(file):   510564 kB
Unevictable:       12456 kB
Mlocked:               0 kB
SwapTotal:        720184 kB
SwapFree:         720156 kB
Dirty:                24 kB
Writeback:             0 kB
AnonPages:        919388 kB
Mapped:           627404 kB
Shmem:             22988 kB
Slab:             119948 kB
SReclaimable:      36276 kB
SUnreclaim:        83672 kB
KernelStack:       33952 kB
PageTables:        56324 kB
NFS_Unstable:          0 kB
Bounce:                0 kB
WritebackTmp:          0 kB
CommitLimit:     2172840 kB
Committed_AS:   92407480 kB
VmallocTotal:   251658176 kB
VmallocUsed:      135696 kB
VmallocChunk:   251425204 kB
Time pass: 122 sec

---2015-12-05 14:07:44
MemTotal:        2905316 kB
MemFree:          223912 kB
Buffers:           24364 kB
Cached:          1035292 kB
SwapCached:            0 kB
Active:          1254620 kB
Inactive:         712132 kB
Active(anon):     740984 kB
Inactive(anon):   201556 kB
Active(file):     513636 kB
Inactive(file):   510576 kB
Unevictable:       12456 kB
Mlocked:               0 kB
SwapTotal:        720184 kB
SwapFree:         720156 kB
Dirty:                 0 kB
Writeback:             0 kB
AnonPages:        919548 kB
Mapped:           627872 kB
Shmem:             22988 kB
Slab:             119816 kB
SReclaimable:      36276 kB
SUnreclaim:        83540 kB
KernelStack:       33952 kB
PageTables:        56328 kB
NFS_Unstable:          0 kB
Bounce:                0 kB
WritebackTmp:          0 kB
CommitLimit:     2172840 kB
Committed_AS:   92407476 kB
VmallocTotal:   251658176 kB
VmallocUsed:      135708 kB
VmallocChunk:   251425204 kB
Time pass: 126 sec

---2015-12-05 14:07:44
MemTotal:        2905316 kB
MemFree:          218024 kB
Buffers:           24372 kB
Cached:          1035616 kB
SwapCached:            0 kB
Active:          1266668 kB
Inactive:         712508 kB
Active(anon):     753000 kB
Inactive(anon):   201560 kB
Active(file):     513668 kB
Inactive(file):   510948 kB
Unevictable:       12456 kB
Mlocked:               0 kB
SwapTotal:        720184 kB
SwapFree:         720156 kB
Dirty:               208 kB
Writeback:             0 kB
AnonPages:        931540 kB
Mapped:           624936 kB
Shmem:             22992 kB
Slab:             119804 kB
SReclaimable:      36276 kB
SUnreclaim:        83528 kB
KernelStack:       33920 kB
PageTables:        56412 kB
NFS_Unstable:          0 kB
Bounce:                0 kB
WritebackTmp:          0 kB
CommitLimit:     2172840 kB
Committed_AS:   92416804 kB
VmallocTotal:   251658176 kB
VmallocUsed:      135640 kB
VmallocChunk:   251425204 kB
Time pass: 129 sec

---2015-12-05 14:07:44
MemTotal:        2905316 kB
MemFree:          134656 kB
Buffers:           24384 kB
Cached:          1041044 kB
SwapCached:            0 kB
Active:          1280708 kB
Inactive:         716300 kB
Active(anon):     765468 kB
Inactive(anon):   201560 kB
Active(file):     515240 kB
Inactive(file):   514740 kB
Unevictable:       12456 kB
Mlocked:               0 kB
SwapTotal:        720184 kB
SwapFree:         720156 kB
Dirty:               996 kB
Writeback:             0 kB
AnonPages:        944248 kB
Mapped:           679488 kB
Shmem:             22992 kB
Slab:             120024 kB
SReclaimable:      36292 kB
SUnreclaim:        83732 kB
KernelStack:       34080 kB
PageTables:        56564 kB
NFS_Unstable:          0 kB
Bounce:                0 kB
WritebackTmp:          0 kB
CommitLimit:     2172840 kB
Committed_AS:   92436876 kB
VmallocTotal:   251658176 kB
VmallocUsed:      136148 kB
VmallocChunk:   251425204 kB
Time pass: 133 sec

---2015-12-05 14:07:44
MemTotal:        2905316 kB
MemFree:          134004 kB
Buffers:           24384 kB
Cached:          1041048 kB
SwapCached:            0 kB
Active:          1281176 kB
Inactive:         716156 kB
Active(anon):     765792 kB
Inactive(anon):   201560 kB
Active(file):     515384 kB
Inactive(file):   514596 kB
Unevictable:       12456 kB
Mlocked:               0 kB
SwapTotal:        720184 kB
SwapFree:         720156 kB
Dirty:                20 kB
Writeback:             0 kB
AnonPages:        944372 kB
Mapped:           679600 kB
Shmem:             22992 kB
Slab:             119900 kB
SReclaimable:      36308 kB
SUnreclaim:        83592 kB
KernelStack:       34096 kB
PageTables:        56568 kB
NFS_Unstable:          0 kB
Bounce:                0 kB
WritebackTmp:          0 kB
CommitLimit:     2172840 kB
Committed_AS:   92436944 kB
VmallocTotal:   251658176 kB
VmallocUsed:      136148 kB
VmallocChunk:   251425204 kB
Time pass: 137 sec

---2015-12-05 14:07:44
MemTotal:        2905316 kB
MemFree:          133204 kB
Buffers:           24400 kB
Cached:          1041120 kB
SwapCached:            0 kB
Active:          1282192 kB
Inactive:         716232 kB
Active(anon):     766804 kB
Inactive(anon):   201620 kB
Active(file):     515388 kB
Inactive(file):   514612 kB
Unevictable:       12456 kB
Mlocked:               0 kB
SwapTotal:        720184 kB
SwapFree:         720156 kB
Dirty:                 4 kB
Writeback:             0 kB
AnonPages:        945512 kB
Mapped:           679696 kB
Shmem:             23052 kB
Slab:             119900 kB
SReclaimable:      36308 kB
SUnreclaim:        83592 kB
KernelStack:       34064 kB
PageTables:        56620 kB
NFS_Unstable:          0 kB
Bounce:                0 kB
WritebackTmp:          0 kB
CommitLimit:     2172840 kB
Committed_AS:   92463568 kB
VmallocTotal:   251658176 kB
VmallocUsed:      136148 kB
VmallocChunk:   251425204 kB
Time pass: 141 sec

---2015-12-05 14:07:44
MemTotal:        2905316 kB
MemFree:          132964 kB
Buffers:           24408 kB
Cached:          1041112 kB
SwapCached:            0 kB
Active:          1282640 kB
Inactive:         716240 kB
Active(anon):     767248 kB
Inactive(anon):   201620 kB
Active(file):     515392 kB
Inactive(file):   514620 kB
Unevictable:       12456 kB
Mlocked:               0 kB
SwapTotal:        720184 kB
SwapFree:         720156 kB
Dirty:                 4 kB
Writeback:             0 kB
AnonPages:        945812 kB
Mapped:           679764 kB
Shmem:             23052 kB
Slab:             120028 kB
SReclaimable:      36308 kB
SUnreclaim:        83720 kB
KernelStack:       34096 kB
PageTables:        56640 kB
NFS_Unstable:          0 kB
Bounce:                0 kB
WritebackTmp:          0 kB
CommitLimit:     2172840 kB
Committed_AS:   92463580 kB
VmallocTotal:   251658176 kB
VmallocUsed:      136148 kB
VmallocChunk:   251425204 kB
Time pass: 145 sec

---2015-12-05 14:07:44
MemTotal:        2905316 kB
MemFree:          132140 kB
Buffers:           24408 kB
Cached:          1041128 kB
SwapCached:            0 kB
Active:          1283088 kB
Inactive:         716248 kB
Active(anon):     767688 kB
Inactive(anon):   201620 kB
Active(file):     515400 kB
Inactive(file):   514628 kB
Unevictable:       12456 kB
Mlocked:               0 kB
SwapTotal:        720184 kB
SwapFree:         720156 kB
Dirty:                28 kB
Writeback:             0 kB
AnonPages:        945984 kB
Mapped:           680172 kB
Shmem:             23052 kB
Slab:             120000 kB
SReclaimable:      36308 kB
SUnreclaim:        83692 kB
KernelStack:       34128 kB
PageTables:        56640 kB
NFS_Unstable:          0 kB
Bounce:                0 kB
WritebackTmp:          0 kB
CommitLimit:     2172840 kB
Committed_AS:   92463644 kB
VmallocTotal:   251658176 kB
VmallocUsed:      136148 kB
VmallocChunk:   251425204 kB
Time pass: 149 sec

---2015-12-05 14:07:44
MemTotal:        2905316 kB
MemFree:          131932 kB
Buffers:           24416 kB
Cached:          1041132 kB
SwapCached:            0 kB
Active:          1282968 kB
Inactive:         716260 kB
Active(anon):     767568 kB
Inactive(anon):   201620 kB
Active(file):     515400 kB
Inactive(file):   514640 kB
Unevictable:       12456 kB
Mlocked:               0 kB
SwapTotal:        720184 kB
SwapFree:         720156 kB
Dirty:                 8 kB
Writeback:             0 kB
AnonPages:        946192 kB
Mapped:           680212 kB
Shmem:             23052 kB
Slab:             120024 kB
SReclaimable:      36308 kB
SUnreclaim:        83716 kB
KernelStack:       34112 kB
PageTables:        56640 kB
NFS_Unstable:          0 kB
Bounce:                0 kB
WritebackTmp:          0 kB
CommitLimit:     2172840 kB
Committed_AS:   92463608 kB
VmallocTotal:   251658176 kB
VmallocUsed:      136148 kB
VmallocChunk:   251425204 kB
Time pass: 153 sec

---2015-12-05 14:07:44
MemTotal:        2905316 kB
MemFree:          131188 kB
Buffers:           24424 kB
Cached:          1041180 kB
SwapCached:            0 kB
Active:          1284084 kB
Inactive:         716296 kB
Active(anon):     768672 kB
Inactive(anon):   201620 kB
Active(file):     515412 kB
Inactive(file):   514676 kB
Unevictable:       12456 kB
Mlocked:               0 kB
SwapTotal:        720184 kB
SwapFree:         720156 kB
Dirty:                60 kB
Writeback:             0 kB
AnonPages:        947316 kB
Mapped:           680232 kB
Shmem:             23052 kB
Slab:             120012 kB
SReclaimable:      36324 kB
SUnreclaim:        83688 kB
KernelStack:       34096 kB
PageTables:        56640 kB
NFS_Unstable:          0 kB
Bounce:                0 kB
WritebackTmp:          0 kB
CommitLimit:     2172840 kB
Committed_AS:   92463544 kB
VmallocTotal:   251658176 kB
VmallocUsed:      136148 kB
VmallocChunk:   251425204 kB
Time pass: 156 sec

---2015-12-05 14:07:44
MemTotal:        2905316 kB
MemFree:          130568 kB
Buffers:           24432 kB
Cached:          1041192 kB
SwapCached:            0 kB
Active:          1284216 kB
Inactive:         716296 kB
Active(anon):     768792 kB
Inactive(anon):   201620 kB
Active(file):     515424 kB
Inactive(file):   514676 kB
Unevictable:       12456 kB
Mlocked:               0 kB
SwapTotal:        720184 kB
SwapFree:         720156 kB
Dirty:                72 kB
Writeback:             0 kB
AnonPages:        947436 kB
Mapped:           680244 kB
Shmem:             23052 kB
Slab:             120024 kB
SReclaimable:      36324 kB
SUnreclaim:        83700 kB
KernelStack:       34096 kB
PageTables:        56640 kB
NFS_Unstable:          0 kB
Bounce:                0 kB
WritebackTmp:          0 kB
CommitLimit:     2172840 kB
Committed_AS:   92463532 kB
VmallocTotal:   251658176 kB
VmallocUsed:      136148 kB
VmallocChunk:   251425204 kB
Time pass: 160 sec

---2015-12-05 14:07:44
MemTotal:        2905316 kB
MemFree:          130296 kB
Buffers:           24440 kB
Cached:          1041200 kB
SwapCached:            0 kB
Active:          1284556 kB
Inactive:         716320 kB
Active(anon):     769124 kB
Inactive(anon):   201620 kB
Active(file):     515432 kB
Inactive(file):   514700 kB
Unevictable:       12456 kB
Mlocked:               0 kB
SwapTotal:        720184 kB
SwapFree:         720156 kB
Dirty:                44 kB
Writeback:             0 kB
AnonPages:        947772 kB
Mapped:           680276 kB
Shmem:             23052 kB
Slab:             120180 kB
SReclaimable:      36324 kB
SUnreclaim:        83856 kB
KernelStack:       34144 kB
PageTables:        56656 kB
NFS_Unstable:          0 kB
Bounce:                0 kB
WritebackTmp:          0 kB
CommitLimit:     2172840 kB
Committed_AS:   92463592 kB
VmallocTotal:   251658176 kB
VmallocUsed:      136148 kB
VmallocChunk:   251425204 kB
Time pass: 164 sec

---2015-12-05 14:07:44
MemTotal:        2905316 kB
MemFree:          129460 kB
Buffers:           24464 kB
Cached:          1041236 kB
SwapCached:            0 kB
Active:          1285868 kB
Inactive:         716364 kB
Active(anon):     770424 kB
Inactive(anon):   201620 kB
Active(file):     515444 kB
Inactive(file):   514744 kB
Unevictable:       12456 kB
Mlocked:               0 kB
SwapTotal:        720184 kB
SwapFree:         720156 kB
Dirty:                44 kB
Writeback:             0 kB
AnonPages:        948732 kB
Mapped:           680276 kB
Shmem:             23052 kB
Slab:             120004 kB
SReclaimable:      36324 kB
SUnreclaim:        83680 kB
KernelStack:       34080 kB
PageTables:        56640 kB
NFS_Unstable:          0 kB
Bounce:                0 kB
WritebackTmp:          0 kB
CommitLimit:     2172840 kB
Committed_AS:   92463564 kB
VmallocTotal:   251658176 kB
VmallocUsed:      136148 kB
VmallocChunk:   251425204 kB
Time pass: 168 sec

---2015-12-05 14:07:44
MemTotal:        2905316 kB
MemFree:          130048 kB
Buffers:           24464 kB
Cached:          1040792 kB
SwapCached:            0 kB
Active:          1289140 kB
Inactive:         715888 kB
Active(anon):     773660 kB
Inactive(anon):   201024 kB
Active(file):     515480 kB
Inactive(file):   514864 kB
Unevictable:       12456 kB
Mlocked:               0 kB
SwapTotal:        720184 kB
SwapFree:         720156 kB
Dirty:                 8 kB
Writeback:             0 kB
AnonPages:        952228 kB
Mapped:           680304 kB
Shmem:             22456 kB
Slab:             117300 kB
SReclaimable:      36324 kB
SUnreclaim:        80976 kB
KernelStack:       34208 kB
PageTables:        56604 kB
NFS_Unstable:          0 kB
Bounce:                0 kB
WritebackTmp:          0 kB
CommitLimit:     2172840 kB
Committed_AS:   92917612 kB
VmallocTotal:   251658176 kB
VmallocUsed:      137168 kB
VmallocChunk:   251423788 kB
Time pass: 172 sec

---2015-12-05 14:07:44
MemTotal:        2905316 kB
MemFree:          130640 kB
Buffers:           24472 kB
Cached:          1040800 kB
SwapCached:            0 kB
Active:          1286868 kB
Inactive:         715888 kB
Active(anon):     771376 kB
Inactive(anon):   201024 kB
Active(file):     515492 kB
Inactive(file):   514864 kB
Unevictable:       12456 kB
Mlocked:               0 kB
SwapTotal:        720184 kB
SwapFree:         720156 kB
Dirty:                48 kB
Writeback:             0 kB
AnonPages:        950300 kB
Mapped:           680308 kB
Shmem:             22456 kB
Slab:             117280 kB
SReclaimable:      36324 kB
SUnreclaim:        80956 kB
KernelStack:       34224 kB
PageTables:        56624 kB
NFS_Unstable:          0 kB
Bounce:                0 kB
WritebackTmp:          0 kB
CommitLimit:     2172840 kB
Committed_AS:   92917884 kB
VmallocTotal:   251658176 kB
VmallocUsed:      137168 kB
VmallocChunk:   251423788 kB
Time pass: 175 sec

---2015-12-05 14:07:44
MemTotal:        2905316 kB
MemFree:          129616 kB
Buffers:           24480 kB
Cached:          1040836 kB
SwapCached:            0 kB
Active:          1287856 kB
Inactive:         715892 kB
Active(anon):     772364 kB
Inactive(anon):   201024 kB
Active(file):     515492 kB
Inactive(file):   514868 kB
Unevictable:       12456 kB
Mlocked:               0 kB
SwapTotal:        720184 kB
SwapFree:         720156 kB
Dirty:                60 kB
Writeback:             0 kB
AnonPages:        951092 kB
Mapped:           680320 kB
Shmem:             22456 kB
Slab:             117280 kB
SReclaimable:      36324 kB
SUnreclaim:        80956 kB
KernelStack:       34256 kB
PageTables:        56624 kB
NFS_Unstable:          0 kB
Bounce:                0 kB
WritebackTmp:          0 kB
CommitLimit:     2172840 kB
Committed_AS:   92917872 kB
VmallocTotal:   251658176 kB
VmallocUsed:      137168 kB
VmallocChunk:   251423788 kB
Time pass: 179 sec

---2015-12-05 14:07:44
MemTotal:        2905316 kB
MemFree:          129268 kB
Buffers:           24480 kB
Cached:          1040844 kB
SwapCached:            0 kB
Active:          1288408 kB
Inactive:         715928 kB
Active(anon):     772904 kB
Inactive(anon):   201024 kB
Active(file):     515504 kB
Inactive(file):   514904 kB
Unevictable:       12456 kB
Mlocked:               0 kB
SwapTotal:        720184 kB
SwapFree:         720156 kB
Dirty:                12 kB
Writeback:             0 kB
AnonPages:        951352 kB
Mapped:           680384 kB
Shmem:             22456 kB
Slab:             117248 kB
SReclaimable:      36324 kB
SUnreclaim:        80924 kB
KernelStack:       34224 kB
PageTables:        56648 kB
NFS_Unstable:          0 kB
Bounce:                0 kB
WritebackTmp:          0 kB
CommitLimit:     2172840 kB
Committed_AS:   92917852 kB
VmallocTotal:   251658176 kB
VmallocUsed:      137168 kB
VmallocChunk:   251423788 kB
Time pass: 183 sec

---2015-12-05 14:07:44
MemTotal:        2905316 kB
MemFree:          129120 kB
Buffers:           24488 kB
Cached:          1040848 kB
SwapCached:            0 kB
Active:          1288204 kB
Inactive:         715936 kB
Active(anon):     772696 kB
Inactive(anon):   201024 kB
Active(file):     515508 kB
Inactive(file):   514912 kB
Unevictable:       12456 kB
Mlocked:               0 kB
SwapTotal:        720184 kB
SwapFree:         720156 kB
Dirty:                24 kB
Writeback:             0 kB
AnonPages:        951428 kB
Mapped:           680388 kB
Shmem:             22456 kB
Slab:             117248 kB
SReclaimable:      36324 kB
SUnreclaim:        80924 kB
KernelStack:       34224 kB
PageTables:        56648 kB
NFS_Unstable:          0 kB
Bounce:                0 kB
WritebackTmp:          0 kB
CommitLimit:     2172840 kB
Committed_AS:   92917864 kB
VmallocTotal:   251658176 kB
VmallocUsed:      137168 kB
VmallocChunk:   251423788 kB
Time pass: 187 sec

---2015-12-05 14:07:44
MemTotal:        2905316 kB
MemFree:          129364 kB
Buffers:           24496 kB
Cached:          1040844 kB
SwapCached:            0 kB
Active:          1288212 kB
Inactive:         715940 kB
Active(anon):     772700 kB
Inactive(anon):   201024 kB
Active(file):     515512 kB
Inactive(file):   514916 kB
Unevictable:       12456 kB
Mlocked:               0 kB
SwapTotal:        720184 kB
SwapFree:         720156 kB
Dirty:                32 kB
Writeback:             0 kB
AnonPages:        951396 kB
Mapped:           680396 kB
Shmem:             22456 kB
Slab:             117248 kB
SReclaimable:      36324 kB
SUnreclaim:        80924 kB
KernelStack:       34224 kB
PageTables:        56652 kB
NFS_Unstable:          0 kB
Bounce:                0 kB
WritebackTmp:          0 kB
CommitLimit:     2172840 kB
Committed_AS:   92917884 kB
VmallocTotal:   251658176 kB
VmallocUsed:      137168 kB
VmallocChunk:   251423788 kB
Time pass: 191 sec

---2015-12-05 14:07:44
MemTotal:        2905316 kB
MemFree:          128536 kB
Buffers:           24496 kB
Cached:          1040884 kB
SwapCached:            0 kB
Active:          1289444 kB
Inactive:         715972 kB
Active(anon):     773924 kB
Inactive(anon):   201024 kB
Active(file):     515520 kB
Inactive(file):   514948 kB
Unevictable:       12456 kB
Mlocked:               0 kB
SwapTotal:        720184 kB
SwapFree:         720156 kB
Dirty:                44 kB
Writeback:             0 kB
AnonPages:        952588 kB
Mapped:           680416 kB
Shmem:             22456 kB
Slab:             117264 kB
SReclaimable:      36340 kB
SUnreclaim:        80924 kB
KernelStack:       34192 kB
PageTables:        56652 kB
NFS_Unstable:          0 kB
Bounce:                0 kB
WritebackTmp:          0 kB
CommitLimit:     2172840 kB
Committed_AS:   92917872 kB
VmallocTotal:   251658176 kB
VmallocUsed:      137168 kB
VmallocChunk:   251423788 kB
Time pass: 195 sec

---2015-12-05 14:07:44
MemTotal:        2905316 kB
MemFree:          128016 kB
Buffers:           24504 kB
Cached:          1040904 kB
SwapCached:            0 kB
Active:          1289732 kB
Inactive:         715984 kB
Active(anon):     774196 kB
Inactive(anon):   201024 kB
Active(file):     515536 kB
Inactive(file):   514960 kB
Unevictable:       12456 kB
Mlocked:               0 kB
SwapTotal:        720184 kB
SwapFree:         720156 kB
Dirty:                20 kB
Writeback:             0 kB
AnonPages:        952932 kB
Mapped:           680384 kB
Shmem:             22456 kB
Slab:             117264 kB
SReclaimable:      36340 kB
SUnreclaim:        80924 kB
KernelStack:       34192 kB
PageTables:        56628 kB
NFS_Unstable:          0 kB
Bounce:                0 kB
WritebackTmp:          0 kB
CommitLimit:     2172840 kB
Committed_AS:   92944468 kB
VmallocTotal:   251658176 kB
VmallocUsed:      137168 kB
VmallocChunk:   251423788 kB
Time pass: 198 sec

---2015-12-05 14:07:44
MemTotal:        2905316 kB
MemFree:          127768 kB
Buffers:           24512 kB
Cached:          1040976 kB
SwapCached:            0 kB
Active:          1290116 kB
Inactive:         716052 kB
Active(anon):     774568 kB
Inactive(anon):   201084 kB
Active(file):     515548 kB
Inactive(file):   514968 kB
Unevictable:       12456 kB
Mlocked:               0 kB
SwapTotal:        720184 kB
SwapFree:         720156 kB
Dirty:                12 kB
Writeback:             0 kB
AnonPages:        953140 kB
Mapped:           680512 kB
Shmem:             22516 kB
Slab:             117264 kB
SReclaimable:      36340 kB
SUnreclaim:        80924 kB
KernelStack:       34160 kB
PageTables:        56704 kB
NFS_Unstable:          0 kB
Bounce:                0 kB
WritebackTmp:          0 kB
CommitLimit:     2172840 kB
Committed_AS:   92944456 kB
VmallocTotal:   251658176 kB
VmallocUsed:      137168 kB
VmallocChunk:   251423788 kB
Time pass: 202 sec

---2015-12-05 14:07:44
MemTotal:        2905316 kB
MemFree:          126860 kB
Buffers:           24520 kB
Cached:          1041004 kB
SwapCached:            0 kB
Active:          1291020 kB
Inactive:         716056 kB
Active(anon):     775472 kB
Inactive(anon):   201084 kB
Active(file):     515548 kB
Inactive(file):   514972 kB
Unevictable:       12456 kB
Mlocked:               0 kB
SwapTotal:        720184 kB
SwapFree:         720156 kB
Dirty:                56 kB
Writeback:             0 kB
AnonPages:        953972 kB
Mapped:           680528 kB
Shmem:             22516 kB
Slab:             117264 kB
SReclaimable:      36340 kB
SUnreclaim:        80924 kB
KernelStack:       34176 kB
PageTables:        56704 kB
NFS_Unstable:          0 kB
Bounce:                0 kB
WritebackTmp:          0 kB
CommitLimit:     2172840 kB
Committed_AS:   92944440 kB
VmallocTotal:   251658176 kB
VmallocUsed:      137168 kB
VmallocChunk:   251423788 kB
Time pass: 206 sec

---2015-12-05 14:07:44
MemTotal:        2905316 kB
MemFree:          126740 kB
Buffers:           24520 kB
Cached:          1041012 kB
SwapCached:            0 kB
Active:          1291180 kB
Inactive:         716092 kB
Active(anon):     775628 kB
Inactive(anon):   201084 kB
Active(file):     515552 kB
Inactive(file):   515008 kB
Unevictable:       12456 kB
Mlocked:               0 kB
SwapTotal:        720184 kB
SwapFree:         720156 kB
Dirty:                24 kB
Writeback:             0 kB
AnonPages:        954072 kB
Mapped:           680532 kB
Shmem:             22516 kB
Slab:             117264 kB
SReclaimable:      36340 kB
SUnreclaim:        80924 kB
KernelStack:       34176 kB
PageTables:        56704 kB
NFS_Unstable:          0 kB
Bounce:                0 kB
WritebackTmp:          0 kB
CommitLimit:     2172840 kB
Committed_AS:   92944416 kB
VmallocTotal:   251658176 kB
VmallocUsed:      137168 kB
VmallocChunk:   251423788 kB
Time pass: 210 sec

---2015-12-05 14:07:44
MemTotal:        2905316 kB
MemFree:          126776 kB
Buffers:           24528 kB
Cached:          1041020 kB
SwapCached:            0 kB
Active:          1291328 kB
Inactive:         716100 kB
Active(anon):     775768 kB
Inactive(anon):   201084 kB
Active(file):     515560 kB
Inactive(file):   515016 kB
Unevictable:       12456 kB
Mlocked:               0 kB
SwapTotal:        720184 kB
SwapFree:         720156 kB
Dirty:                12 kB
Writeback:             0 kB
AnonPages:        954272 kB
Mapped:           680560 kB
Shmem:             22516 kB
Slab:             117264 kB
SReclaimable:      36340 kB
SUnreclaim:        80924 kB
KernelStack:       34160 kB
PageTables:        56704 kB
NFS_Unstable:          0 kB
Bounce:                0 kB
WritebackTmp:          0 kB
CommitLimit:     2172840 kB
Committed_AS:   92944392 kB
VmallocTotal:   251658176 kB
VmallocUsed:      137168 kB
VmallocChunk:   251423788 kB
Time pass: 214 sec

---2015-12-05 14:07:44
MemTotal:        2905316 kB
MemFree:          120536 kB
Buffers:           24544 kB
Cached:          1041316 kB
SwapCached:            0 kB
Active:          1293704 kB
Inactive:         716188 kB
Active(anon):     777996 kB
Inactive(anon):   201084 kB
Active(file):     515708 kB
Inactive(file):   515104 kB
Unevictable:       12456 kB
Mlocked:               0 kB
SwapTotal:        720184 kB
SwapFree:         720156 kB
Dirty:                64 kB
Writeback:             0 kB
AnonPages:        956644 kB
Mapped:           680584 kB
Shmem:             22516 kB
Slab:             121228 kB
SReclaimable:      40012 kB
SUnreclaim:        81216 kB
KernelStack:       34192 kB
PageTables:        56760 kB
NFS_Unstable:          0 kB
Bounce:                0 kB
WritebackTmp:          0 kB
CommitLimit:     2172840 kB
Committed_AS:   92956300 kB
VmallocTotal:   251658176 kB
VmallocUsed:      137168 kB
VmallocChunk:   251423788 kB
Time pass: 217 sec

---2015-12-05 14:07:44
MemTotal:        2905316 kB
MemFree:          121288 kB
Buffers:           24556 kB
Cached:          1041404 kB
SwapCached:            0 kB
Active:          1291640 kB
Inactive:         716348 kB
Active(anon):     775916 kB
Inactive(anon):   201084 kB
Active(file):     515724 kB
Inactive(file):   515264 kB
Unevictable:       12456 kB
Mlocked:               0 kB
SwapTotal:        720184 kB
SwapFree:         720156 kB
Dirty:                 8 kB
Writeback:             0 kB
AnonPages:        954448 kB
Mapped:           680596 kB
Shmem:             22516 kB
Slab:             121532 kB
SReclaimable:      40264 kB
SUnreclaim:        81268 kB
KernelStack:       34064 kB
PageTables:        56708 kB
NFS_Unstable:          0 kB
Bounce:                0 kB
WritebackTmp:          0 kB
CommitLimit:     2172840 kB
Committed_AS:   92944452 kB
VmallocTotal:   251658176 kB
VmallocUsed:      137168 kB
VmallocChunk:   251423788 kB
Time pass: 221 sec

---2015-12-05 14:07:44
MemTotal:        2905316 kB
MemFree:          121448 kB
Buffers:           24564 kB
Cached:          1041404 kB
SwapCached:            0 kB
Active:          1292132 kB
Inactive:         716344 kB
Active(anon):     776396 kB
Inactive(anon):   201084 kB
Active(file):     515736 kB
Inactive(file):   515260 kB
Unevictable:       12456 kB
Mlocked:               0 kB
SwapTotal:        720184 kB
SwapFree:         720156 kB
Dirty:                44 kB
Writeback:             0 kB
AnonPages:        955020 kB
Mapped:           680600 kB
Shmem:             22516 kB
Slab:             121528 kB
SReclaimable:      40264 kB
SUnreclaim:        81264 kB
KernelStack:       34144 kB
PageTables:        56676 kB
NFS_Unstable:          0 kB
Bounce:                0 kB
WritebackTmp:          0 kB
CommitLimit:     2172840 kB
Committed_AS:   92944452 kB
VmallocTotal:   251658176 kB
VmallocUsed:      137168 kB
VmallocChunk:   251423788 kB
Time pass: 225 sec

---2015-12-05 14:07:44
MemTotal:        2905316 kB
MemFree:          120940 kB
Buffers:           24564 kB
Cached:          1041416 kB
SwapCached:            0 kB
Active:          1292464 kB
Inactive:         716352 kB
Active(anon):     776724 kB
Inactive(anon):   201084 kB
Active(file):     515740 kB
Inactive(file):   515268 kB
Unevictable:       12456 kB
Mlocked:               0 kB
SwapTotal:        720184 kB
SwapFree:         720156 kB
Dirty:                 4 kB
Writeback:             0 kB
AnonPages:        955232 kB
Mapped:           680664 kB
Shmem:             22516 kB
Slab:             121528 kB
SReclaimable:      40268 kB
SUnreclaim:        81260 kB
KernelStack:       34128 kB
PageTables:        56700 kB
NFS_Unstable:          0 kB
Bounce:                0 kB
WritebackTmp:          0 kB
CommitLimit:     2172840 kB
Committed_AS:   92971076 kB
VmallocTotal:   251658176 kB
VmallocUsed:      137168 kB
VmallocChunk:   251423788 kB
Time pass: 229 sec

---2015-12-05 14:07:44
MemTotal:        2905316 kB
MemFree:          120116 kB
Buffers:           24572 kB
Cached:          1041480 kB
SwapCached:            0 kB
Active:          1292756 kB
Inactive:         716416 kB
Active(anon):     777012 kB
Inactive(anon):   201144 kB
Active(file):     515744 kB
Inactive(file):   515272 kB
Unevictable:       12456 kB
Mlocked:               0 kB
SwapTotal:        720184 kB
SwapFree:         720156 kB
Dirty:                48 kB
Writeback:             0 kB
AnonPages:        955440 kB
Mapped:           680728 kB
Shmem:             22576 kB
Slab:             121524 kB
SReclaimable:      40268 kB
SUnreclaim:        81256 kB
KernelStack:       34112 kB
PageTables:        56752 kB
NFS_Unstable:          0 kB
Bounce:                0 kB
WritebackTmp:          0 kB
CommitLimit:     2172840 kB
Committed_AS:   92971072 kB
VmallocTotal:   251658176 kB
VmallocUsed:      137168 kB
VmallocChunk:   251423788 kB
Time pass: 232 sec

---2015-12-05 14:07:44
MemTotal:        2905316 kB
MemFree:          120068 kB
Buffers:           24580 kB
Cached:          1041488 kB
SwapCached:            0 kB
Active:          1292624 kB
Inactive:         716424 kB
Active(anon):     776872 kB
Inactive(anon):   201144 kB
Active(file):     515752 kB
Inactive(file):   515280 kB
Unevictable:       12456 kB
Mlocked:               0 kB
SwapTotal:        720184 kB
SwapFree:         720156 kB
Dirty:                 0 kB
Writeback:             0 kB
AnonPages:        955436 kB
Mapped:           680676 kB
Shmem:             22576 kB
Slab:             121524 kB
SReclaimable:      40272 kB
SUnreclaim:        81252 kB
KernelStack:       34112 kB
PageTables:        56732 kB
NFS_Unstable:          0 kB
Bounce:                0 kB
WritebackTmp:          0 kB
CommitLimit:     2172840 kB
Committed_AS:   92971040 kB
VmallocTotal:   251658176 kB
VmallocUsed:      137168 kB
VmallocChunk:   251423788 kB
Time pass: 236 sec

---2015-12-05 14:07:44
MemTotal:        2905316 kB
MemFree:          120384 kB
Buffers:           24580 kB
Cached:          1041492 kB
SwapCached:            0 kB
Active:          1292536 kB
Inactive:         716432 kB
Active(anon):     776784 kB
Inactive(anon):   201144 kB
Active(file):     515752 kB
Inactive(file):   515288 kB
Unevictable:       12456 kB
Mlocked:               0 kB
SwapTotal:        720184 kB
SwapFree:         720156 kB
Dirty:                 8 kB
Writeback:             0 kB
AnonPages:        955440 kB
Mapped:           680684 kB
Shmem:             22576 kB
Slab:             121528 kB
SReclaimable:      40276 kB
SUnreclaim:        81252 kB
KernelStack:       34112 kB
PageTables:        56732 kB
NFS_Unstable:          0 kB
Bounce:                0 kB
WritebackTmp:          0 kB
CommitLimit:     2172840 kB
Committed_AS:   92971076 kB
VmallocTotal:   251658176 kB
VmallocUsed:      137168 kB
VmallocChunk:   251423788 kB
Time pass: 240 sec

---2015-12-05 14:07:44
MemTotal:        2905316 kB
MemFree:          120568 kB
Buffers:           24588 kB
Cached:          1041496 kB
SwapCached:            0 kB
Active:          1292736 kB
Inactive:         716432 kB
Active(anon):     776976 kB
Inactive(anon):   201144 kB
Active(file):     515760 kB
Inactive(file):   515288 kB
Unevictable:       12456 kB
Mlocked:               0 kB
SwapTotal:        720184 kB
SwapFree:         720156 kB
Dirty:                12 kB
Writeback:             0 kB
AnonPages:        955572 kB
Mapped:           680688 kB
Shmem:             22576 kB
Slab:             121528 kB
SReclaimable:      40276 kB
SUnreclaim:        81252 kB
KernelStack:       34080 kB
PageTables:        56720 kB
NFS_Unstable:          0 kB
Bounce:                0 kB
WritebackTmp:          0 kB
CommitLimit:     2172840 kB
Committed_AS:   92971020 kB
VmallocTotal:   251658176 kB
VmallocUsed:      137168 kB
VmallocChunk:   251423788 kB
Time pass: 244 sec

---2015-12-05 14:07:44
MemTotal:        2905316 kB
MemFree:          120304 kB
Buffers:           24596 kB
Cached:          1041536 kB
SwapCached:            0 kB
Active:          1292856 kB
Inactive:         716464 kB
Active(anon):     777088 kB
Inactive(anon):   201144 kB
Active(file):     515768 kB
Inactive(file):   515320 kB
Unevictable:       12456 kB
Mlocked:               0 kB
SwapTotal:        720184 kB
SwapFree:         720156 kB
Dirty:                 0 kB
Writeback:             0 kB
AnonPages:        955792 kB
Mapped:           680712 kB
Shmem:             22576 kB
Slab:             121528 kB
SReclaimable:      40276 kB
SUnreclaim:        81252 kB
KernelStack:       34048 kB
PageTables:        56732 kB
NFS_Unstable:          0 kB
Bounce:                0 kB
WritebackTmp:          0 kB
CommitLimit:     2172840 kB
Committed_AS:   92970932 kB
VmallocTotal:   251658176 kB
VmallocUsed:      137168 kB
VmallocChunk:   251423788 kB
Time pass: 248 sec

---2015-12-05 14:07:44
MemTotal:        2905316 kB
MemFree:          119864 kB
Buffers:           24604 kB
Cached:          1041536 kB
SwapCached:            0 kB
Active:          1293128 kB
Inactive:         716476 kB
Active(anon):     777352 kB
Inactive(anon):   201144 kB
Active(file):     515776 kB
Inactive(file):   515332 kB
Unevictable:       12456 kB
Mlocked:               0 kB
SwapTotal:        720184 kB
SwapFree:         720156 kB
Dirty:                16 kB
Writeback:             0 kB
AnonPages:        955936 kB
Mapped:           680720 kB
Shmem:             22576 kB
Slab:             121528 kB
SReclaimable:      40276 kB
SUnreclaim:        81252 kB
KernelStack:       34048 kB
PageTables:        56732 kB
NFS_Unstable:          0 kB
Bounce:                0 kB
WritebackTmp:          0 kB
CommitLimit:     2172840 kB
Committed_AS:   92970992 kB
VmallocTotal:   251658176 kB
VmallocUsed:      137168 kB
VmallocChunk:   251423788 kB
Time pass: 252 sec

---2015-12-05 14:07:44
MemTotal:        2905316 kB
MemFree:          119544 kB
Buffers:           24604 kB
Cached:          1041596 kB
SwapCached:            0 kB
Active:          1294244 kB
Inactive:         716504 kB
Active(anon):     778440 kB
Inactive(anon):   201144 kB
Active(file):     515804 kB
Inactive(file):   515360 kB
Unevictable:       12456 kB
Mlocked:               0 kB
SwapTotal:        720184 kB
SwapFree:         720156 kB
Dirty:                56 kB
Writeback:             0 kB
AnonPages:        957168 kB
Mapped:           680792 kB
Shmem:             22576 kB
Slab:             121472 kB
SReclaimable:      40284 kB
SUnreclaim:        81188 kB
KernelStack:       34016 kB
PageTables:        56732 kB
NFS_Unstable:          0 kB
Bounce:                0 kB
WritebackTmp:          0 kB
CommitLimit:     2172840 kB
Committed_AS:   92971028 kB
VmallocTotal:   251658176 kB
VmallocUsed:      137168 kB
VmallocChunk:   251423788 kB
Time pass: 255 sec

---2015-12-05 14:07:44
MemTotal:        2905316 kB
MemFree:          118772 kB
Buffers:           24612 kB
Cached:          1041656 kB
SwapCached:            0 kB
Active:          1295004 kB
Inactive:         716572 kB
Active(anon):     779196 kB
Inactive(anon):   201204 kB
Active(file):     515808 kB
Inactive(file):   515368 kB
Unevictable:       12456 kB
Mlocked:               0 kB
SwapTotal:        720184 kB
SwapFree:         720156 kB
Dirty:                20 kB
Writeback:             0 kB
AnonPages:        957772 kB
Mapped:           680860 kB
Shmem:             22636 kB
Slab:             121468 kB
SReclaimable:      40284 kB
SUnreclaim:        81184 kB
KernelStack:       34032 kB
PageTables:        56776 kB
NFS_Unstable:          0 kB
Bounce:                0 kB
WritebackTmp:          0 kB
CommitLimit:     2172840 kB
Committed_AS:   92997736 kB
VmallocTotal:   251658176 kB
VmallocUsed:      137168 kB
VmallocChunk:   251423788 kB
Time pass: 259 sec

---2015-12-05 14:07:44
MemTotal:        2905316 kB
MemFree:          117784 kB
Buffers:           24620 kB
Cached:          1041660 kB
SwapCached:            0 kB
Active:          1295060 kB
Inactive:         716572 kB
Active(anon):     779248 kB
Inactive(anon):   201204 kB
Active(file):     515812 kB
Inactive(file):   515368 kB
Unevictable:       12456 kB
Mlocked:               0 kB
SwapTotal:        720184 kB
SwapFree:         720156 kB
Dirty:                36 kB
Writeback:             0 kB
AnonPages:        957992 kB
Mapped:           680864 kB
Shmem:             22636 kB
Slab:             121468 kB
SReclaimable:      40284 kB
SUnreclaim:        81184 kB
KernelStack:       34064 kB
PageTables:        56780 kB
NFS_Unstable:          0 kB
Bounce:                0 kB
WritebackTmp:          0 kB
CommitLimit:     2172840 kB
Committed_AS:   92997700 kB
VmallocTotal:   251658176 kB
VmallocUsed:      137168 kB
VmallocChunk:   251423788 kB
Time pass: 263 sec

---2015-12-05 14:07:44
MemTotal:        2905316 kB
MemFree:          117236 kB
Buffers:           24620 kB
Cached:          1041720 kB
SwapCached:            0 kB
Active:          1296416 kB
Inactive:         716620 kB
Active(anon):     780584 kB
Inactive(anon):   201204 kB
Active(file):     515832 kB
Inactive(file):   515416 kB
Unevictable:       12456 kB
Mlocked:               0 kB
SwapTotal:        720184 kB
SwapFree:         720156 kB
Dirty:                64 kB
Writeback:             0 kB
AnonPages:        959168 kB
Mapped:           680876 kB
Shmem:             22636 kB
Slab:             121468 kB
SReclaimable:      40284 kB
SUnreclaim:        81184 kB
KernelStack:       34064 kB
PageTables:        56780 kB
NFS_Unstable:          0 kB
Bounce:                0 kB
WritebackTmp:          0 kB
CommitLimit:     2172840 kB
Committed_AS:   92997700 kB
VmallocTotal:   251658176 kB
VmallocUsed:      137168 kB
VmallocChunk:   251423788 kB
Time pass: 267 sec

---2015-12-05 14:07:44
MemTotal:        2905316 kB
MemFree:          116616 kB
Buffers:           24636 kB
Cached:          1041720 kB
SwapCached:            0 kB
Active:          1296464 kB
Inactive:         716632 kB
Active(anon):     780628 kB
Inactive(anon):   201204 kB
Active(file):     515836 kB
Inactive(file):   515428 kB
Unevictable:       12456 kB
Mlocked:               0 kB
SwapTotal:        720184 kB
SwapFree:         720156 kB
Dirty:                16 kB
Writeback:             0 kB
AnonPages:        959296 kB
Mapped:           680880 kB
Shmem:             22636 kB
Slab:             121468 kB
SReclaimable:      40284 kB
SUnreclaim:        81184 kB
KernelStack:       34064 kB
PageTables:        56780 kB
NFS_Unstable:          0 kB
Bounce:                0 kB
WritebackTmp:          0 kB
CommitLimit:     2172840 kB
Committed_AS:   92997748 kB
VmallocTotal:   251658176 kB
VmallocUsed:      137168 kB
VmallocChunk:   251423788 kB
Time pass: 270 sec

---2015-12-05 14:07:44
MemTotal:        2905316 kB
MemFree:          115980 kB
Buffers:           24636 kB
Cached:          1041740 kB
SwapCached:            0 kB
Active:          1296936 kB
Inactive:         716644 kB
Active(anon):     781092 kB
Inactive(anon):   201204 kB
Active(file):     515844 kB
Inactive(file):   515440 kB
Unevictable:       12456 kB
Mlocked:               0 kB
SwapTotal:        720184 kB
SwapFree:         720156 kB
Dirty:                12 kB
Writeback:            12 kB
AnonPages:        959468 kB
Mapped:           680896 kB
Shmem:             22636 kB
Slab:             121468 kB
SReclaimable:      40284 kB
SUnreclaim:        81184 kB
KernelStack:       34080 kB
PageTables:        56780 kB
NFS_Unstable:          0 kB
Bounce:                0 kB
WritebackTmp:          0 kB
CommitLimit:     2172840 kB
Committed_AS:   92997772 kB
VmallocTotal:   251658176 kB
VmallocUsed:      137168 kB
VmallocChunk:   251423788 kB
Time pass: 274 sec

---2015-12-05 14:07:44
MemTotal:        2905316 kB
MemFree:          115920 kB
Buffers:           24644 kB
Cached:          1041740 kB
SwapCached:            0 kB
Active:          1296908 kB
Inactive:         716644 kB
Active(anon):     781060 kB
Inactive(anon):   201204 kB
Active(file):     515848 kB
Inactive(file):   515440 kB
Unevictable:       12456 kB
Mlocked:               0 kB
SwapTotal:        720184 kB
SwapFree:         720156 kB
Dirty:                24 kB
Writeback:             0 kB
AnonPages:        959664 kB
Mapped:           680912 kB
Shmem:             22636 kB
Slab:             121468 kB
SReclaimable:      40284 kB
SUnreclaim:        81184 kB
KernelStack:       34016 kB
PageTables:        56768 kB
NFS_Unstable:          0 kB
Bounce:                0 kB
WritebackTmp:          0 kB
CommitLimit:     2172840 kB
Committed_AS:   92997736 kB
VmallocTotal:   251658176 kB
VmallocUsed:      137168 kB
VmallocChunk:   251423788 kB
Time pass: 278 sec

---2015-12-05 14:07:44
MemTotal:        2905316 kB
MemFree:          115524 kB
Buffers:           24644 kB
Cached:          1041740 kB
SwapCached:            0 kB
Active:          1297004 kB
Inactive:         716648 kB
Active(anon):     781156 kB
Inactive(anon):   201204 kB
Active(file):     515848 kB
Inactive(file):   515444 kB
Unevictable:       12456 kB
Mlocked:               0 kB
SwapTotal:        720184 kB
SwapFree:         720156 kB
Dirty:                16 kB
Writeback:             0 kB
AnonPages:        959736 kB
Mapped:           680908 kB
Shmem:             22636 kB
Slab:             121468 kB
SReclaimable:      40284 kB
SUnreclaim:        81184 kB
KernelStack:       34064 kB
PageTables:        56776 kB
NFS_Unstable:          0 kB
Bounce:                0 kB
WritebackTmp:          0 kB
CommitLimit:     2172840 kB
Committed_AS:   92997724 kB
VmallocTotal:   251658176 kB
VmallocUsed:      137168 kB
VmallocChunk:   251423788 kB
Time pass: 282 sec

---2015-12-05 14:07:44
MemTotal:        2905316 kB
MemFree:          115500 kB
Buffers:           24652 kB
Cached:          1041744 kB
SwapCached:            0 kB
Active:          1297116 kB
Inactive:         716656 kB
Active(anon):     781264 kB
Inactive(anon):   201204 kB
Active(file):     515852 kB
Inactive(file):   515452 kB
Unevictable:       12456 kB
Mlocked:               0 kB
SwapTotal:        720184 kB
SwapFree:         720156 kB
Dirty:                 4 kB
Writeback:             0 kB
AnonPages:        959816 kB
Mapped:           680912 kB
Shmem:             22636 kB
Slab:             121464 kB
SReclaimable:      40280 kB
SUnreclaim:        81184 kB
KernelStack:       34064 kB
PageTables:        56784 kB
NFS_Unstable:          0 kB
Bounce:                0 kB
WritebackTmp:          0 kB
CommitLimit:     2172840 kB
Committed_AS:   92997748 kB
VmallocTotal:   251658176 kB
VmallocUsed:      137168 kB
VmallocChunk:   251423788 kB
Time pass: 286 sec

---2015-12-05 14:07:44
MemTotal:        2905316 kB
MemFree:          115516 kB
Buffers:           24660 kB
Cached:          1041808 kB
SwapCached:            0 kB
Active:          1297564 kB
Inactive:         716724 kB
Active(anon):     781708 kB
Inactive(anon):   201264 kB
Active(file):     515856 kB
Inactive(file):   515460 kB
Unevictable:       12456 kB
Mlocked:               0 kB
SwapTotal:        720184 kB
SwapFree:         720156 kB
Dirty:                20 kB
Writeback:             0 kB
AnonPages:        960404 kB
Mapped:           680984 kB
Shmem:             22696 kB
Slab:             121460 kB
SReclaimable:      40280 kB
SUnreclaim:        81180 kB
KernelStack:       34048 kB
PageTables:        56828 kB
NFS_Unstable:          0 kB
Bounce:                0 kB
WritebackTmp:          0 kB
CommitLimit:     2172840 kB
Committed_AS:   93024384 kB
VmallocTotal:   251658176 kB
VmallocUsed:      137168 kB
VmallocChunk:   251423788 kB
Time pass: 289 sec

---2015-12-05 14:07:44
MemTotal:        2905316 kB
MemFree:          115636 kB
Buffers:           24668 kB
Cached:          1041816 kB
SwapCached:            0 kB
Active:          1297864 kB
Inactive:         716728 kB
Active(anon):     782000 kB
Inactive(anon):   201264 kB
Active(file):     515864 kB
Inactive(file):   515464 kB
Unevictable:       12456 kB
Mlocked:               0 kB
SwapTotal:        720184 kB
SwapFree:         720156 kB
Dirty:                36 kB
Writeback:             0 kB
AnonPages:        960440 kB
Mapped:           680996 kB
Shmem:             22696 kB
Slab:             121460 kB
SReclaimable:      40280 kB
SUnreclaim:        81180 kB
KernelStack:       34016 kB
PageTables:        56828 kB
NFS_Unstable:          0 kB
Bounce:                0 kB
WritebackTmp:          0 kB
CommitLimit:     2172840 kB
Committed_AS:   93024308 kB
VmallocTotal:   251658176 kB
VmallocUsed:      137168 kB
VmallocChunk:   251423788 kB
Time pass: 293 sec

---2015-12-05 14:07:44
MemTotal:        2905316 kB
MemFree:          115236 kB
Buffers:           24676 kB
Cached:          1041808 kB
SwapCached:            0 kB
Active:          1297904 kB
Inactive:         716732 kB
Active(anon):     782040 kB
Inactive(anon):   201264 kB
Active(file):     515864 kB
Inactive(file):   515468 kB
Unevictable:       12456 kB
Mlocked:               0 kB
SwapTotal:        720184 kB
SwapFree:         720156 kB
Dirty:                 8 kB
Writeback:             0 kB
AnonPages:        960628 kB
Mapped:           681012 kB
Shmem:             22696 kB
Slab:             121460 kB
SReclaimable:      40280 kB
SUnreclaim:        81180 kB
KernelStack:       33968 kB
PageTables:        56828 kB
NFS_Unstable:          0 kB
Bounce:                0 kB
WritebackTmp:          0 kB
CommitLimit:     2172840 kB
Committed_AS:   93024332 kB
VmallocTotal:   251658176 kB
VmallocUsed:      137168 kB
VmallocChunk:   251423788 kB
Time pass: 297 sec

---2015-12-05 14:07:44
MemTotal:        2905316 kB
MemFree:          115084 kB
Buffers:           24676 kB
Cached:          1041828 kB
SwapCached:            0 kB
Active:          1298068 kB
Inactive:         716736 kB
Active(anon):     782196 kB
Inactive(anon):   201260 kB
Active(file):     515872 kB
Inactive(file):   515476 kB
Unevictable:       12456 kB
Mlocked:               0 kB
SwapTotal:        720184 kB
SwapFree:         720156 kB
Dirty:                20 kB
Writeback:             0 kB
AnonPages:        960892 kB
Mapped:           681032 kB
Shmem:             22696 kB
Slab:             121460 kB
SReclaimable:      40280 kB
SUnreclaim:        81180 kB
KernelStack:       34032 kB
PageTables:        56848 kB
NFS_Unstable:          0 kB
Bounce:                0 kB
WritebackTmp:          0 kB
CommitLimit:     2172840 kB
Committed_AS:   93024304 kB
VmallocTotal:   251658176 kB
VmallocUsed:      137168 kB
VmallocChunk:   251423788 kB
Time pass: 301 sec

---2015-12-05 14:07:44
MemTotal:        2905316 kB
MemFree:          114648 kB
Buffers:           24684 kB
Cached:          1041832 kB
SwapCached:            0 kB
Active:          1298208 kB
Inactive:         716744 kB
Active(anon):     782328 kB
Inactive(anon):   201260 kB
Active(file):     515880 kB
Inactive(file):   515484 kB
Unevictable:       12456 kB
Mlocked:               0 kB
SwapTotal:        720184 kB
SwapFree:         720156 kB
Dirty:                 4 kB
Writeback:             0 kB
AnonPages:        960892 kB
Mapped:           681028 kB
Shmem:             22696 kB
Slab:             121460 kB
SReclaimable:      40280 kB
SUnreclaim:        81180 kB
KernelStack:       34016 kB
PageTables:        56832 kB
NFS_Unstable:          0 kB
Bounce:                0 kB
WritebackTmp:          0 kB
CommitLimit:     2172840 kB
Committed_AS:   93024316 kB
VmallocTotal:   251658176 kB
VmallocUsed:      137168 kB
VmallocChunk:   251423788 kB
Time pass: 305 sec

---2015-12-05 14:07:44
MemTotal:        2905316 kB
MemFree:          114916 kB
Buffers:           24684 kB
Cached:          1041836 kB
SwapCached:            0 kB
Active:          1298276 kB
Inactive:         716744 kB
Active(anon):     782392 kB
Inactive(anon):   201260 kB
Active(file):     515884 kB
Inactive(file):   515484 kB
Unevictable:       12456 kB
Mlocked:               0 kB
SwapTotal:        720184 kB
SwapFree:         720156 kB
Dirty:                 8 kB
Writeback:             0 kB
AnonPages:        960948 kB
Mapped:           681032 kB
Shmem:             22696 kB
Slab:             121460 kB
SReclaimable:      40280 kB
SUnreclaim:        81180 kB
KernelStack:       34000 kB
PageTables:        56828 kB
NFS_Unstable:          0 kB
Bounce:                0 kB
WritebackTmp:          0 kB
CommitLimit:     2172840 kB
Committed_AS:   93024328 kB
VmallocTotal:   251658176 kB
VmallocUsed:      137168 kB
VmallocChunk:   251423788 kB
Time pass: 309 sec

---2015-12-05 14:07:44
MemTotal:        2905316 kB
MemFree:          114436 kB
Buffers:           24692 kB
Cached:          1041836 kB
SwapCached:            0 kB
Active:          1298260 kB
Inactive:         716752 kB
Active(anon):     782376 kB
Inactive(anon):   201260 kB
Active(file):     515884 kB
Inactive(file):   515492 kB
Unevictable:       12456 kB
Mlocked:               0 kB
SwapTotal:        720184 kB
SwapFree:         720156 kB
Dirty:                20 kB
Writeback:             0 kB
AnonPages:        961056 kB
Mapped:           681040 kB
Shmem:             22696 kB
Slab:             121460 kB
SReclaimable:      40280 kB
SUnreclaim:        81180 kB
KernelStack:       34000 kB
PageTables:        56832 kB
NFS_Unstable:          0 kB
Bounce:                0 kB
WritebackTmp:          0 kB
CommitLimit:     2172840 kB
Committed_AS:   93024328 kB
VmallocTotal:   251658176 kB
VmallocUsed:      137168 kB
VmallocChunk:   251423788 kB
Time pass: 312 sec

---2015-12-05 14:07:44
MemTotal:        2905316 kB
MemFree:          113792 kB
Buffers:           24700 kB
Cached:          1041844 kB
SwapCached:            0 kB
Active:          1298448 kB
Inactive:         716756 kB
Active(anon):     782556 kB
Inactive(anon):   201260 kB
Active(file):     515892 kB
Inactive(file):   515496 kB
Unevictable:       12456 kB
Mlocked:               0 kB
SwapTotal:        720184 kB
SwapFree:         720156 kB
Dirty:                32 kB
Writeback:             0 kB
AnonPages:        961304 kB
Mapped:           681140 kB
Shmem:             22696 kB
Slab:             121460 kB
SReclaimable:      40280 kB
SUnreclaim:        81180 kB
KernelStack:       33968 kB
PageTables:        56832 kB
NFS_Unstable:          0 kB
Bounce:                0 kB
WritebackTmp:          0 kB
CommitLimit:     2172840 kB
Committed_AS:   93024304 kB
VmallocTotal:   251658176 kB
VmallocUsed:      137168 kB
VmallocChunk:   251423788 kB
Time pass: 316 sec

---2015-12-05 14:07:44
MemTotal:        2905316 kB
MemFree:          113732 kB
Buffers:           24708 kB
Cached:          1041904 kB
SwapCached:            0 kB
Active:          1299164 kB
Inactive:         716824 kB
Active(anon):     783268 kB
Inactive(anon):   201320 kB
Active(file):     515896 kB
Inactive(file):   515504 kB
Unevictable:       12456 kB
Mlocked:               0 kB
SwapTotal:        720184 kB
SwapFree:         720156 kB
Dirty:                28 kB
Writeback:             0 kB
AnonPages:        961828 kB
Mapped:           681216 kB
Shmem:             22756 kB
Slab:             121468 kB
SReclaimable:      40280 kB
SUnreclaim:        81188 kB
KernelStack:       33904 kB
PageTables:        56868 kB
NFS_Unstable:          0 kB
Bounce:                0 kB
WritebackTmp:          0 kB
CommitLimit:     2172840 kB
Committed_AS:   93050756 kB
VmallocTotal:   251658176 kB
VmallocUsed:      137168 kB
VmallocChunk:   251423788 kB
Time pass: 320 sec

---2015-12-05 14:07:44
MemTotal:        2905316 kB
MemFree:          113888 kB
Buffers:           24716 kB
Cached:          1041924 kB
SwapCached:            0 kB
Active:          1299220 kB
Inactive:         716840 kB
Active(anon):     783316 kB
Inactive(anon):   201320 kB
Active(file):     515904 kB
Inactive(file):   515520 kB
Unevictable:       12456 kB
Mlocked:               0 kB
SwapTotal:        720184 kB
SwapFree:         720156 kB
Dirty:                32 kB
Writeback:             0 kB
AnonPages:        962132 kB
Mapped:           681212 kB
Shmem:             22756 kB
Slab:             121468 kB
SReclaimable:      40280 kB
SUnreclaim:        81188 kB
KernelStack:       33888 kB
PageTables:        56884 kB
NFS_Unstable:          0 kB
Bounce:                0 kB
WritebackTmp:          0 kB
CommitLimit:     2172840 kB
Committed_AS:   93050692 kB
VmallocTotal:   251658176 kB
VmallocUsed:      137168 kB
VmallocChunk:   251423788 kB
Time pass: 324 sec

---2015-12-05 14:07:44
MemTotal:        2905316 kB
MemFree:          113400 kB
Buffers:           24716 kB
Cached:          1041940 kB
SwapCached:            0 kB
Active:          1299492 kB
Inactive:         716856 kB
Active(anon):     783588 kB
Inactive(anon):   201320 kB
Active(file):     515904 kB
Inactive(file):   515536 kB
Unevictable:       12456 kB
Mlocked:               0 kB
SwapTotal:        720184 kB
SwapFree:         720156 kB
Dirty:                12 kB
Writeback:             0 kB
AnonPages:        962120 kB
Mapped:           681236 kB
Shmem:             22756 kB
Slab:             121468 kB
SReclaimable:      40280 kB
SUnreclaim:        81188 kB
KernelStack:       33888 kB
PageTables:        56884 kB
NFS_Unstable:          0 kB
Bounce:                0 kB
WritebackTmp:          0 kB
CommitLimit:     2172840 kB
Committed_AS:   93050704 kB
VmallocTotal:   251658176 kB
VmallocUsed:      137168 kB
VmallocChunk:   251423788 kB
Time pass: 328 sec

---2015-12-05 14:07:44
MemTotal:        2905316 kB
MemFree:          113060 kB
Buffers:           24724 kB
Cached:          1041940 kB
SwapCached:            0 kB
Active:          1299720 kB
Inactive:         716864 kB
Active(anon):     783812 kB
Inactive(anon):   201320 kB
Active(file):     515908 kB
Inactive(file):   515544 kB
Unevictable:       12456 kB
Mlocked:               0 kB
SwapTotal:        720184 kB
SwapFree:         720156 kB
Dirty:                16 kB
Writeback:             0 kB
AnonPages:        962372 kB
Mapped:           681264 kB
Shmem:             22756 kB
Slab:             121468 kB
SReclaimable:      40280 kB
SUnreclaim:        81188 kB
KernelStack:       33888 kB
PageTables:        56884 kB
NFS_Unstable:          0 kB
Bounce:                0 kB
WritebackTmp:          0 kB
CommitLimit:     2172840 kB
Committed_AS:   93050704 kB
VmallocTotal:   251658176 kB
VmallocUsed:      137168 kB
VmallocChunk:   251423788 kB
Time pass: 331 sec

---2015-12-05 14:07:44
MemTotal:        2905316 kB
MemFree:          113092 kB
Buffers:           24732 kB
Cached:          1041944 kB
SwapCached:            0 kB
Active:          1299924 kB
Inactive:         716872 kB
Active(anon):     784012 kB
Inactive(anon):   201320 kB
Active(file):     515912 kB
Inactive(file):   515552 kB
Unevictable:       12456 kB
Mlocked:               0 kB
SwapTotal:        720184 kB
SwapFree:         720156 kB
Dirty:                 4 kB
Writeback:             0 kB
AnonPages:        962608 kB
Mapped:           681276 kB
Shmem:             22756 kB
Slab:             121468 kB
SReclaimable:      40280 kB
SUnreclaim:        81188 kB
KernelStack:       33856 kB
PageTables:        56880 kB
NFS_Unstable:          0 kB
Bounce:                0 kB
WritebackTmp:          0 kB
CommitLimit:     2172840 kB
Committed_AS:   93050728 kB
VmallocTotal:   251658176 kB
VmallocUsed:      137168 kB
VmallocChunk:   251423788 kB
Time pass: 335 sec

---2015-12-05 14:07:44
MemTotal:        2905316 kB
MemFree:          112564 kB
Buffers:           24732 kB
Cached:          1041944 kB
SwapCached:            0 kB
Active:          1300180 kB
Inactive:         716872 kB
Active(anon):     784268 kB
Inactive(anon):   201320 kB
Active(file):     515912 kB
Inactive(file):   515552 kB
Unevictable:       12456 kB
Mlocked:               0 kB
SwapTotal:        720184 kB
SwapFree:         720156 kB
Dirty:                 4 kB
Writeback:             0 kB
AnonPages:        962668 kB
Mapped:           681284 kB
Shmem:             22756 kB
Slab:             121468 kB
SReclaimable:      40280 kB
SUnreclaim:        81188 kB
KernelStack:       33888 kB
PageTables:        56884 kB
NFS_Unstable:          0 kB
Bounce:                0 kB
WritebackTmp:          0 kB
CommitLimit:     2172840 kB
Committed_AS:   93050692 kB
VmallocTotal:   251658176 kB
VmallocUsed:      137168 kB
VmallocChunk:   251423788 kB
Time pass: 339 sec

---2015-12-05 14:07:44
MemTotal:        2905316 kB
MemFree:          112400 kB
Buffers:           24740 kB
Cached:          1041948 kB
SwapCached:            0 kB
Active:          1300288 kB
Inactive:         716884 kB
Active(anon):     784376 kB
Inactive(anon):   201320 kB
Active(file):     515912 kB
Inactive(file):   515564 kB
Unevictable:       12456 kB
Mlocked:               0 kB
SwapTotal:        720184 kB
SwapFree:         720156 kB
Dirty:                16 kB
Writeback:             0 kB
AnonPages:        962816 kB
Mapped:           681288 kB
Shmem:             22756 kB
Slab:             121468 kB
SReclaimable:      40280 kB
SUnreclaim:        81188 kB
KernelStack:       33888 kB
PageTables:        56884 kB
NFS_Unstable:          0 kB
Bounce:                0 kB
WritebackTmp:          0 kB
CommitLimit:     2172840 kB
Committed_AS:   93050960 kB
VmallocTotal:   251658176 kB
VmallocUsed:      137168 kB
VmallocChunk:   251423788 kB
Time pass: 343 sec

---2015-12-05 14:07:44
MemTotal:        2905316 kB
MemFree:          112300 kB
Buffers:           24748 kB
Cached:          1041948 kB
SwapCached:            0 kB
Active:          1300372 kB
Inactive:         716880 kB
Active(anon):     784452 kB
Inactive(anon):   201320 kB
Active(file):     515920 kB
Inactive(file):   515560 kB
Unevictable:       12456 kB
Mlocked:               0 kB
SwapTotal:        720184 kB
SwapFree:         720156 kB
Dirty:                20 kB
Writeback:             0 kB
AnonPages:        963052 kB
Mapped:           681300 kB
Shmem:             22756 kB
Slab:             121468 kB
SReclaimable:      40280 kB
SUnreclaim:        81188 kB
KernelStack:       33872 kB
PageTables:        56880 kB
NFS_Unstable:          0 kB
Bounce:                0 kB
WritebackTmp:          0 kB
CommitLimit:     2172840 kB
Committed_AS:   93050932 kB
VmallocTotal:   251658176 kB
VmallocUsed:      137168 kB
VmallocChunk:   251423788 kB
Time pass: 346 sec

---2015-12-05 14:07:44
MemTotal:        2905316 kB
MemFree:          111596 kB
Buffers:           24756 kB
Cached:          1042024 kB
SwapCached:            0 kB
Active:          1301160 kB
Inactive:         716956 kB
Active(anon):     785232 kB
Inactive(anon):   201380 kB
Active(file):     515928 kB
Inactive(file):   515576 kB
Unevictable:       12456 kB
Mlocked:               0 kB
SwapTotal:        720184 kB
SwapFree:         720156 kB
Dirty:                28 kB
Writeback:             0 kB
AnonPages:        963824 kB
Mapped:           681368 kB
Shmem:             22816 kB
Slab:             121476 kB
SReclaimable:      40280 kB
SUnreclaim:        81196 kB
KernelStack:       33856 kB
PageTables:        56936 kB
NFS_Unstable:          0 kB
Bounce:                0 kB
WritebackTmp:          0 kB
CommitLimit:     2172840 kB
Committed_AS:   93077544 kB
VmallocTotal:   251658176 kB
VmallocUsed:      137168 kB
VmallocChunk:   251423788 kB
Time pass: 350 sec

---2015-12-05 14:07:44
MemTotal:        2905316 kB
MemFree:          111084 kB
Buffers:           24764 kB
Cached:          1042024 kB
SwapCached:            0 kB
Active:          1301568 kB
Inactive:         716956 kB
Active(anon):     785632 kB
Inactive(anon):   201380 kB
Active(file):     515936 kB
Inactive(file):   515576 kB
Unevictable:       12456 kB
Mlocked:               0 kB
SwapTotal:        720184 kB
SwapFree:         720156 kB
Dirty:                 8 kB
Writeback:             0 kB
AnonPages:        964272 kB
Mapped:           681436 kB
Shmem:             22816 kB
Slab:             121476 kB
SReclaimable:      40280 kB
SUnreclaim:        81196 kB
KernelStack:       33888 kB
PageTables:        56964 kB
NFS_Unstable:          0 kB
Bounce:                0 kB
WritebackTmp:          0 kB
CommitLimit:     2172840 kB
Committed_AS:   93077532 kB
VmallocTotal:   251658176 kB
VmallocUsed:      137168 kB
VmallocChunk:   251423788 kB
Time pass: 354 sec

---2015-12-05 14:07:44
MemTotal:        2905316 kB
MemFree:          110696 kB
Buffers:           24764 kB
Cached:          1042036 kB
SwapCached:            0 kB
Active:          1301744 kB
Inactive:         716964 kB
Active(anon):     785800 kB
Inactive(anon):   201380 kB
Active(file):     515944 kB
Inactive(file):   515584 kB
Unevictable:       12456 kB
Mlocked:               0 kB
SwapTotal:        720184 kB
SwapFree:         720156 kB
Dirty:                36 kB
Writeback:             0 kB
AnonPages:        964528 kB
Mapped:           681436 kB
Shmem:             22816 kB
Slab:             121476 kB
SReclaimable:      40280 kB
SUnreclaim:        81196 kB
KernelStack:       33904 kB
PageTables:        56960 kB
NFS_Unstable:          0 kB
Bounce:                0 kB
WritebackTmp:          0 kB
CommitLimit:     2172840 kB
Committed_AS:   93077560 kB
VmallocTotal:   251658176 kB
VmallocUsed:      137168 kB
VmallocChunk:   251423788 kB
Time pass: 358 sec

---2015-12-05 14:07:44
MemTotal:        2905316 kB
MemFree:          110432 kB
Buffers:           24772 kB
Cached:          1042048 kB
SwapCached:            0 kB
Active:          1302180 kB
Inactive:         716976 kB
Active(anon):     786232 kB
Inactive(anon):   201380 kB
Active(file):     515948 kB
Inactive(file):   515596 kB
Unevictable:       12456 kB
Mlocked:               0 kB
SwapTotal:        720184 kB
SwapFree:         720156 kB
Dirty:                 8 kB
Writeback:             0 kB
AnonPages:        964840 kB
Mapped:           681452 kB
Shmem:             22816 kB
Slab:             121476 kB
SReclaimable:      40280 kB
SUnreclaim:        81196 kB
KernelStack:       33920 kB
PageTables:        56960 kB
NFS_Unstable:          0 kB
Bounce:                0 kB
WritebackTmp:          0 kB
CommitLimit:     2172840 kB
Committed_AS:   93077524 kB
VmallocTotal:   251658176 kB
VmallocUsed:      137168 kB
VmallocChunk:   251423788 kB
Time pass: 362 sec

---2015-12-05 14:07:44
MemTotal:        2905316 kB
MemFree:          110184 kB
Buffers:           24780 kB
Cached:          1042052 kB
SwapCached:            0 kB
Active:          1302204 kB
Inactive:         716980 kB
Active(anon):     786256 kB
Inactive(anon):   201380 kB
Active(file):     515948 kB
Inactive(file):   515600 kB
Unevictable:       12456 kB
Mlocked:               0 kB
SwapTotal:        720184 kB
SwapFree:         720156 kB
Dirty:                20 kB
Writeback:             0 kB
AnonPages:        964908 kB
Mapped:           681456 kB
Shmem:             22816 kB
Slab:             121476 kB
SReclaimable:      40280 kB
SUnreclaim:        81196 kB
KernelStack:       33920 kB
PageTables:        56960 kB
NFS_Unstable:          0 kB
Bounce:                0 kB
WritebackTmp:          0 kB
CommitLimit:     2172840 kB
Committed_AS:   93077512 kB
VmallocTotal:   251658176 kB
VmallocUsed:      137168 kB
VmallocChunk:   251423788 kB
Time pass: 365 sec

---2015-12-05 14:07:44
MemTotal:        2905316 kB
MemFree:          109920 kB
Buffers:           24788 kB
Cached:          1042052 kB
SwapCached:            0 kB
Active:          1302620 kB
Inactive:         716988 kB
Active(anon):     786664 kB
Inactive(anon):   201380 kB
Active(file):     515956 kB
Inactive(file):   515608 kB
Unevictable:       12456 kB
Mlocked:               0 kB
SwapTotal:        720184 kB
SwapFree:         720156 kB
Dirty:                32 kB
Writeback:             0 kB
AnonPages:        965152 kB
Mapped:           681468 kB
Shmem:             22816 kB
Slab:             121476 kB
SReclaimable:      40280 kB
SUnreclaim:        81196 kB
KernelStack:       33904 kB
PageTables:        56964 kB
NFS_Unstable:          0 kB
Bounce:                0 kB
WritebackTmp:          0 kB
CommitLimit:     2172840 kB
Committed_AS:   93077636 kB
VmallocTotal:   251658176 kB
VmallocUsed:      137168 kB
VmallocChunk:   251423788 kB
Time pass: 369 sec

---2015-12-05 14:07:44
MemTotal:        2905316 kB
MemFree:          109476 kB
Buffers:           24788 kB
Cached:          1042064 kB
SwapCached:            0 kB
Active:          1302736 kB
Inactive:         716996 kB
Active(anon):     786772 kB
Inactive(anon):   201380 kB
Active(file):     515964 kB
Inactive(file):   515616 kB
Unevictable:       12456 kB
Mlocked:               0 kB
SwapTotal:        720184 kB
SwapFree:         720156 kB
Dirty:                24 kB
Writeback:             0 kB
AnonPages:        965328 kB
Mapped:           681488 kB
Shmem:             22816 kB
Slab:             121476 kB
SReclaimable:      40280 kB
SUnreclaim:        81196 kB
KernelStack:       33888 kB
PageTables:        56960 kB
NFS_Unstable:          0 kB
Bounce:                0 kB
WritebackTmp:          0 kB
CommitLimit:     2172840 kB
Committed_AS:   93077624 kB
VmallocTotal:   251658176 kB
VmallocUsed:      137168 kB
VmallocChunk:   251423788 kB
Time pass: 373 sec

---2015-12-05 14:07:44
MemTotal:        2905316 kB
MemFree:          109344 kB
Buffers:           24796 kB
Cached:          1042064 kB
SwapCached:            0 kB
Active:          1302852 kB
Inactive:         717004 kB
Active(anon):     786888 kB
Inactive(anon):   201380 kB
Active(file):     515964 kB
Inactive(file):   515624 kB
Unevictable:       12456 kB
Mlocked:               0 kB
SwapTotal:        720184 kB
SwapFree:         720156 kB
Dirty:                28 kB
Writeback:             0 kB
AnonPages:        965528 kB
Mapped:           681516 kB
Shmem:             22816 kB
Slab:             121476 kB
SReclaimable:      40280 kB
SUnreclaim:        81196 kB
KernelStack:       33888 kB
PageTables:        56960 kB
NFS_Unstable:          0 kB
Bounce:                0 kB
WritebackTmp:          0 kB
CommitLimit:     2172840 kB
Committed_AS:   93077612 kB
VmallocTotal:   251658176 kB
VmallocUsed:      137168 kB
VmallocChunk:   251423788 kB
Time pass: 377 sec

---2015-12-05 14:07:44
MemTotal:        2905316 kB
MemFree:          108472 kB
Buffers:           24804 kB
Cached:          1042456 kB
SwapCached:            0 kB
Active:          1303660 kB
Inactive:         717424 kB
Active(anon):     787696 kB
Inactive(anon):   201440 kB
Active(file):     515964 kB
Inactive(file):   515984 kB
Unevictable:       12456 kB
Mlocked:               0 kB
SwapTotal:        720184 kB
SwapFree:         720156 kB
Dirty:                32 kB
Writeback:             0 kB
AnonPages:        966168 kB
Mapped:           681624 kB
Shmem:             22876 kB
Slab:             121476 kB
SReclaimable:      40280 kB
SUnreclaim:        81196 kB
KernelStack:       33952 kB
PageTables:        57012 kB
NFS_Unstable:          0 kB
Bounce:                0 kB
WritebackTmp:          0 kB
CommitLimit:     2172840 kB
Committed_AS:   93104340 kB
VmallocTotal:   251658176 kB
VmallocUsed:      137168 kB
VmallocChunk:   251423788 kB
Time pass: 381 sec

---2015-12-05 14:07:44
MemTotal:        2905316 kB
MemFree:          107892 kB
Buffers:           24812 kB
Cached:          1042576 kB
SwapCached:            0 kB
Active:          1303824 kB
Inactive:         717496 kB
Active(anon):     787824 kB
Inactive(anon):   201440 kB
Active(file):     516000 kB
Inactive(file):   516056 kB
Unevictable:       12456 kB
Mlocked:               0 kB
SwapTotal:        720184 kB
SwapFree:         720156 kB
Dirty:                44 kB
Writeback:             0 kB
AnonPages:        966432 kB
Mapped:           681748 kB
Shmem:             22876 kB
Slab:             121476 kB
SReclaimable:      40280 kB
SUnreclaim:        81196 kB
KernelStack:       34000 kB
PageTables:        57016 kB
NFS_Unstable:          0 kB
Bounce:                0 kB
WritebackTmp:          0 kB
CommitLimit:     2172840 kB
Committed_AS:   93104348 kB
VmallocTotal:   251658176 kB
VmallocUsed:      137168 kB
VmallocChunk:   251423788 kB
Time pass: 385 sec

---2015-12-05 14:07:44
MemTotal:        2905316 kB
MemFree:          107408 kB
Buffers:           24812 kB
Cached:          1042580 kB
SwapCached:            0 kB
Active:          1303944 kB
Inactive:         717500 kB
Active(anon):     787944 kB
Inactive(anon):   201440 kB
Active(file):     516000 kB
Inactive(file):   516060 kB
Unevictable:       12456 kB
Mlocked:               0 kB
SwapTotal:        720184 kB
SwapFree:         720156 kB
Dirty:                48 kB
Writeback:             0 kB
AnonPages:        966592 kB
Mapped:           681748 kB
Shmem:             22876 kB
Slab:             121476 kB
SReclaimable:      40280 kB
SUnreclaim:        81196 kB
KernelStack:       33952 kB
PageTables:        57012 kB
NFS_Unstable:          0 kB
Bounce:                0 kB
WritebackTmp:          0 kB
CommitLimit:     2172840 kB
Committed_AS:   93104320 kB
VmallocTotal:   251658176 kB
VmallocUsed:      137168 kB
VmallocChunk:   251423788 kB
Time pass: 389 sec

---2015-12-05 14:07:44
MemTotal:        2905316 kB
MemFree:          107080 kB
Buffers:           24828 kB
Cached:          1042600 kB
SwapCached:            0 kB
Active:          1304192 kB
Inactive:         717508 kB
