---2015-10-26 00:17:40
MemTotal:        1420824 kB
MemFree:          149724 kB
Buffers:           61204 kB
Cached:           557776 kB
SwapCached:         1084 kB
Active:           526860 kB
Inactive:         493504 kB
Active(anon):     163380 kB
Inactive(anon):   239200 kB
Active(file):     363480 kB
Inactive(file):   254304 kB
Unevictable:         892 kB
Mlocked:               0 kB
HighTotal:       1001472 kB
HighFree:          61088 kB
LowTotal:         419352 kB
LowFree:           88636 kB
SwapTotal:        786428 kB
SwapFree:         763648 kB
Dirty:                 0 kB
Writeback:             0 kB
AnonPages:        401332 kB
Mapped:           163756 kB
Shmem:               304 kB
Slab:              50924 kB
SReclaimable:      20656 kB
SUnreclaim:        30268 kB
KernelStack:        9168 kB
PageTables:        14672 kB
NFS_Unstable:          0 kB
Bounce:                0 kB
WritebackTmp:          0 kB
CommitLimit:     1496840 kB
Committed_AS:   20251016 kB
VmallocTotal:     458752 kB
VmallocUsed:       81016 kB
VmallocChunk:     225308 kB
Time pass: 3 sec

---2015-10-26 00:17:40
MemTotal:        1420824 kB
MemFree:          149756 kB
Buffers:           61204 kB
Cached:           557776 kB
SwapCached:         1084 kB
Active:           526904 kB
Inactive:         493504 kB
Active(anon):     163424 kB
Inactive(anon):   239200 kB
Active(file):     363480 kB
Inactive(file):   254304 kB
Unevictable:         892 kB
Mlocked:               0 kB
HighTotal:       1001472 kB
HighFree:          61088 kB
LowTotal:         419352 kB
LowFree:           88668 kB
SwapTotal:        786428 kB
SwapFree:         763648 kB
Dirty:                 0 kB
Writeback:             0 kB
AnonPages:        401376 kB
Mapped:           163748 kB
Shmem:               304 kB
Slab:              50892 kB
SReclaimable:      20656 kB
SUnreclaim:        30236 kB
KernelStack:        9168 kB
PageTables:        14672 kB
NFS_Unstable:          0 kB
Bounce:                0 kB
WritebackTmp:          0 kB
CommitLimit:     1496840 kB
Committed_AS:   20251016 kB
VmallocTotal:     458752 kB
VmallocUsed:       81016 kB
VmallocChunk:     225308 kB
Time pass: 6 sec

---2015-10-26 00:17:40
MemTotal:        1420824 kB
MemFree:          149740 kB
Buffers:           61204 kB
Cached:           557776 kB
SwapCached:         1084 kB
Active:           526860 kB
Inactive:         493504 kB
Active(anon):     163380 kB
Inactive(anon):   239200 kB
Active(file):     363480 kB
Inactive(file):   254304 kB
Unevictable:         892 kB
Mlocked:               0 kB
HighTotal:       1001472 kB
HighFree:          61072 kB
LowTotal:         419352 kB
LowFree:           88668 kB
SwapTotal:        786428 kB
SwapFree:         763648 kB
Dirty:                 0 kB
Writeback:             0 kB
AnonPages:        401332 kB
Mapped:           163748 kB
Shmem:               304 kB
Slab:              50892 kB
SReclaimable:      20656 kB
SUnreclaim:        30236 kB
KernelStack:        9168 kB
PageTables:        14672 kB
NFS_Unstable:          0 kB
Bounce:                0 kB
WritebackTmp:          0 kB
CommitLimit:     1496840 kB
Committed_AS:   20251016 kB
VmallocTotal:     458752 kB
VmallocUsed:       81016 kB
VmallocChunk:     225308 kB
Time pass: 10 sec

---2015-10-26 00:17:40
MemTotal:        1420824 kB
MemFree:          149740 kB
Buffers:           61208 kB
Cached:           557776 kB
SwapCached:         1084 kB
Active:           526868 kB
Inactive:         493508 kB
Active(anon):     163388 kB
Inactive(anon):   239200 kB
Active(file):     363480 kB
Inactive(file):   254308 kB
Unevictable:         892 kB
Mlocked:               0 kB
HighTotal:       1001472 kB
HighFree:          61072 kB
LowTotal:         419352 kB
LowFree:           88668 kB
SwapTotal:        786428 kB
SwapFree:         763648 kB
Dirty:                 4 kB
Writeback:             0 kB
AnonPages:        401340 kB
Mapped:           163748 kB
Shmem:               304 kB
Slab:              50892 kB
SReclaimable:      20656 kB
SUnreclaim:        30236 kB
KernelStack:        9168 kB
PageTables:        14672 kB
NFS_Unstable:          0 kB
Bounce:                0 kB
WritebackTmp:          0 kB
CommitLimit:     1496840 kB
Committed_AS:   20251016 kB
VmallocTotal:     458752 kB
VmallocUsed:       81016 kB
VmallocChunk:     225308 kB
Time pass: 13 sec

---2015-10-26 00:17:40
MemTotal:        1420824 kB
MemFree:          149756 kB
Buffers:           61208 kB
Cached:           557776 kB
SwapCached:         1084 kB
Active:           526888 kB
Inactive:         493508 kB
Active(anon):     163408 kB
Inactive(anon):   239200 kB
Active(file):     363480 kB
Inactive(file):   254308 kB
Unevictable:         892 kB
Mlocked:               0 kB
HighTotal:       1001472 kB
HighFree:          61088 kB
LowTotal:         419352 kB
LowFree:           88668 kB
SwapTotal:        786428 kB
SwapFree:         763648 kB
Dirty:                 0 kB
Writeback:             0 kB
AnonPages:        401364 kB
Mapped:           163748 kB
Shmem:               304 kB
Slab:              50892 kB
SReclaimable:      20656 kB
SUnreclaim:        30236 kB
KernelStack:        9168 kB
PageTables:        14672 kB
NFS_Unstable:          0 kB
Bounce:                0 kB
WritebackTmp:          0 kB
CommitLimit:     1496840 kB
Committed_AS:   20251016 kB
VmallocTotal:     458752 kB
VmallocUsed:       81016 kB
VmallocChunk:     225308 kB
Time pass: 17 sec

---2015-10-26 00:17:40
MemTotal:        1420824 kB
MemFree:          149756 kB
Buffers:           61208 kB
Cached:           557776 kB
SwapCached:         1084 kB
Active:           526896 kB
Inactive:         493508 kB
Active(anon):     163416 kB
Inactive(anon):   239200 kB
Active(file):     363480 kB
Inactive(file):   254308 kB
Unevictable:         892 kB
Mlocked:               0 kB
HighTotal:       1001472 kB
HighFree:          61088 kB
LowTotal:         419352 kB
LowFree:           88668 kB
SwapTotal:        786428 kB
SwapFree:         763648 kB
Dirty:                 0 kB
Writeback:             0 kB
AnonPages:        401376 kB
Mapped:           163748 kB
Shmem:               304 kB
Slab:              50892 kB
SReclaimable:      20656 kB
SUnreclaim:        30236 kB
KernelStack:        9168 kB
PageTables:        14672 kB
NFS_Unstable:          0 kB
Bounce:                0 kB
WritebackTmp:          0 kB
CommitLimit:     1496840 kB
Committed_AS:   20251016 kB
VmallocTotal:     458752 kB
VmallocUsed:       81016 kB
VmallocChunk:     225308 kB
Time pass: 20 sec

---2015-10-26 00:17:40
MemTotal:        1420824 kB
MemFree:          149740 kB
Buffers:           61208 kB
Cached:           557776 kB
SwapCached:         1084 kB
Active:           526924 kB
Inactive:         493508 kB
Active(anon):     163444 kB
Inactive(anon):   239200 kB
Active(file):     363480 kB
Inactive(file):   254308 kB
Unevictable:         892 kB
Mlocked:               0 kB
HighTotal:       1001472 kB
HighFree:          61072 kB
LowTotal:         419352 kB
LowFree:           88668 kB
SwapTotal:        786428 kB
SwapFree:         763648 kB
Dirty:                 0 kB
Writeback:             0 kB
AnonPages:        401400 kB
Mapped:           163748 kB
Shmem:               304 kB
Slab:              50892 kB
SReclaimable:      20656 kB
SUnreclaim:        30236 kB
KernelStack:        9168 kB
PageTables:        14672 kB
NFS_Unstable:          0 kB
Bounce:                0 kB
WritebackTmp:          0 kB
CommitLimit:     1496840 kB
Committed_AS:   20251016 kB
VmallocTotal:     458752 kB
VmallocUsed:       81016 kB
VmallocChunk:     225308 kB
Time pass: 23 sec

---2015-10-26 00:17:40
MemTotal:        1420824 kB
MemFree:          149740 kB
Buffers:           61208 kB
Cached:           557776 kB
SwapCached:         1084 kB
Active:           526928 kB
Inactive:         493508 kB
Active(anon):     163448 kB
Inactive(anon):   239200 kB
Active(file):     363480 kB
Inactive(file):   254308 kB
Unevictable:         892 kB
Mlocked:               0 kB
HighTotal:       1001472 kB
HighFree:          61088 kB
LowTotal:         419352 kB
LowFree:           88652 kB
SwapTotal:        786428 kB
SwapFree:         763648 kB
Dirty:                 0 kB
Writeback:             0 kB
AnonPages:        401408 kB
Mapped:           163708 kB
Shmem:               304 kB
Slab:              50892 kB
SReclaimable:      20656 kB
SUnreclaim:        30236 kB
KernelStack:        9168 kB
PageTables:        14656 kB
NFS_Unstable:          0 kB
Bounce:                0 kB
WritebackTmp:          0 kB
CommitLimit:     1496840 kB
Committed_AS:   20251016 kB
VmallocTotal:     458752 kB
VmallocUsed:       81016 kB
VmallocChunk:     225308 kB
Time pass: 27 sec

---2015-10-26 00:17:40
MemTotal:        1420824 kB
MemFree:          149756 kB
Buffers:           61208 kB
Cached:           557776 kB
SwapCached:         1084 kB
Active:           526956 kB
Inactive:         493508 kB
Active(anon):     163476 kB
Inactive(anon):   239200 kB
Active(file):     363480 kB
Inactive(file):   254308 kB
Unevictable:         892 kB
Mlocked:               0 kB
HighTotal:       1001472 kB
HighFree:          61088 kB
LowTotal:         419352 kB
LowFree:           88668 kB
SwapTotal:        786428 kB
SwapFree:         763648 kB
Dirty:                 0 kB
Writeback:             0 kB
AnonPages:        401428 kB
Mapped:           163748 kB
Shmem:               304 kB
Slab:              50892 kB
SReclaimable:      20656 kB
SUnreclaim:        30236 kB
KernelStack:        9168 kB
PageTables:        14676 kB
NFS_Unstable:          0 kB
Bounce:                0 kB
WritebackTmp:          0 kB
CommitLimit:     1496840 kB
Committed_AS:   20251016 kB
VmallocTotal:     458752 kB
VmallocUsed:       81016 kB
VmallocChunk:     225308 kB
Time pass: 30 sec

---2015-10-26 00:17:40
MemTotal:        1420824 kB
MemFree:          149620 kB
Buffers:           61208 kB
Cached:           557776 kB
SwapCached:         1084 kB
Active:           526988 kB
Inactive:         493508 kB
Active(anon):     163508 kB
Inactive(anon):   239200 kB
Active(file):     363480 kB
Inactive(file):   254308 kB
Unevictable:         892 kB
Mlocked:               0 kB
HighTotal:       1001472 kB
HighFree:          60952 kB
LowTotal:         419352 kB
LowFree:           88668 kB
SwapTotal:        786428 kB
SwapFree:         763648 kB
Dirty:                 0 kB
Writeback:             0 kB
AnonPages:        401460 kB
Mapped:           163748 kB
Shmem:               304 kB
Slab:              50892 kB
SReclaimable:      20656 kB
SUnreclaim:        30236 kB
KernelStack:        9168 kB
PageTables:        14672 kB
NFS_Unstable:          0 kB
Bounce:                0 kB
WritebackTmp:          0 kB
CommitLimit:     1496840 kB
Committed_AS:   20251016 kB
VmallocTotal:     458752 kB
VmallocUsed:       81016 kB
VmallocChunk:     225308 kB
Time pass: 34 sec

---2015-10-26 00:17:40
MemTotal:        1420824 kB
MemFree:          149620 kB
Buffers:           61208 kB
Cached:           557776 kB
SwapCached:         1084 kB
Active:           527016 kB
Inactive:         493508 kB
Active(anon):     163536 kB
Inactive(anon):   239200 kB
Active(file):     363480 kB
Inactive(file):   254308 kB
Unevictable:         892 kB
Mlocked:               0 kB
HighTotal:       1001472 kB
HighFree:          60952 kB
LowTotal:         419352 kB
LowFree:           88668 kB
SwapTotal:        786428 kB
SwapFree:         763648 kB
Dirty:                 0 kB
Writeback:             0 kB
AnonPages:        401488 kB
Mapped:           163748 kB
Shmem:               304 kB
Slab:              50892 kB
SReclaimable:      20656 kB
SUnreclaim:        30236 kB
KernelStack:        9168 kB
PageTables:        14672 kB
NFS_Unstable:          0 kB
Bounce:                0 kB
WritebackTmp:          0 kB
CommitLimit:     1496840 kB
Committed_AS:   20251016 kB
VmallocTotal:     458752 kB
VmallocUsed:       81016 kB
VmallocChunk:     225308 kB
Time pass: 38 sec

---2015-10-26 00:17:40
MemTotal:        1420824 kB
MemFree:          149636 kB
Buffers:           61208 kB
Cached:           557776 kB
SwapCached:         1084 kB
Active:           527052 kB
Inactive:         493508 kB
Active(anon):     163572 kB
Inactive(anon):   239200 kB
Active(file):     363480 kB
Inactive(file):   254308 kB
Unevictable:         892 kB
Mlocked:               0 kB
HighTotal:       1001472 kB
HighFree:          60968 kB
LowTotal:         419352 kB
LowFree:           88668 kB
SwapTotal:        786428 kB
SwapFree:         763648 kB
Dirty:                 0 kB
Writeback:             0 kB
AnonPages:        401524 kB
Mapped:           163748 kB
Shmem:               304 kB
Slab:              50892 kB
SReclaimable:      20656 kB
SUnreclaim:        30236 kB
KernelStack:        9168 kB
PageTables:        14668 kB
NFS_Unstable:          0 kB
Bounce:                0 kB
WritebackTmp:          0 kB
CommitLimit:     1496840 kB
Committed_AS:   20251016 kB
VmallocTotal:     458752 kB
VmallocUsed:       81016 kB
VmallocChunk:     225308 kB
Time pass: 42 sec

---2015-10-26 00:17:40
MemTotal:        1420824 kB
MemFree:          149636 kB
Buffers:           61208 kB
Cached:           557776 kB
SwapCached:         1084 kB
Active:           527072 kB
Inactive:         493508 kB
Active(anon):     163592 kB
Inactive(anon):   239200 kB
Active(file):     363480 kB
Inactive(file):   254308 kB
Unevictable:         892 kB
Mlocked:               0 kB
HighTotal:       1001472 kB
HighFree:          60968 kB
LowTotal:         419352 kB
LowFree:           88668 kB
SwapTotal:        786428 kB
SwapFree:         763648 kB
Dirty:                 0 kB
Writeback:             0 kB
AnonPages:        401552 kB
Mapped:           163748 kB
Shmem:               304 kB
Slab:              50892 kB
SReclaimable:      20656 kB
SUnreclaim:        30236 kB
KernelStack:        9168 kB
PageTables:        14672 kB
NFS_Unstable:          0 kB
Bounce:                0 kB
WritebackTmp:          0 kB
CommitLimit:     1496840 kB
Committed_AS:   20251016 kB
VmallocTotal:     458752 kB
VmallocUsed:       81016 kB
VmallocChunk:     225308 kB
Time pass: 45 sec

---2015-10-26 00:17:40
MemTotal:        1420824 kB
MemFree:          149516 kB
Buffers:           61208 kB
Cached:           557776 kB
SwapCached:         1084 kB
Active:           527116 kB
Inactive:         493508 kB
Active(anon):     163636 kB
Inactive(anon):   239200 kB
Active(file):     363480 kB
Inactive(file):   254308 kB
Unevictable:         892 kB
Mlocked:               0 kB
HighTotal:       1001472 kB
HighFree:          60848 kB
LowTotal:         419352 kB
LowFree:           88668 kB
SwapTotal:        786428 kB
SwapFree:         763648 kB
Dirty:                 0 kB
Writeback:             0 kB
AnonPages:        401596 kB
Mapped:           163748 kB
Shmem:               304 kB
Slab:              50892 kB
SReclaimable:      20656 kB
SUnreclaim:        30236 kB
KernelStack:        9168 kB
PageTables:        14672 kB
NFS_Unstable:          0 kB
Bounce:                0 kB
WritebackTmp:          0 kB
CommitLimit:     1496840 kB
Committed_AS:   20251016 kB
VmallocTotal:     458752 kB
VmallocUsed:       81016 kB
VmallocChunk:     225308 kB
Time pass: 49 sec

---2015-10-26 00:17:40
MemTotal:        1420824 kB
MemFree:          149384 kB
Buffers:           61208 kB
Cached:           557776 kB
SwapCached:         1084 kB
Active:           527172 kB
Inactive:         493508 kB
Active(anon):     163692 kB
Inactive(anon):   239200 kB
Active(file):     363480 kB
Inactive(file):   254308 kB
Unevictable:         892 kB
Mlocked:               0 kB
HighTotal:       1001472 kB
HighFree:          60724 kB
LowTotal:         419352 kB
LowFree:           88660 kB
SwapTotal:        786428 kB
SwapFree:         763648 kB
Dirty:                 0 kB
Writeback:             0 kB
AnonPages:        401648 kB
Mapped:           163748 kB
Shmem:               304 kB
Slab:              50892 kB
SReclaimable:      20656 kB
SUnreclaim:        30236 kB
KernelStack:        9176 kB
PageTables:        14672 kB
NFS_Unstable:          0 kB
Bounce:                0 kB
WritebackTmp:          0 kB
CommitLimit:     1496840 kB
Committed_AS:   20251016 kB
VmallocTotal:     458752 kB
VmallocUsed:       81016 kB
VmallocChunk:     225308 kB
Time pass: 52 sec

---2015-10-26 00:17:40
MemTotal:        1420824 kB
MemFree:          149312 kB
Buffers:           61208 kB
Cached:           557776 kB
SwapCached:         1084 kB
Active:           527200 kB
Inactive:         493508 kB
Active(anon):     163720 kB
Inactive(anon):   239200 kB
Active(file):     363480 kB
Inactive(file):   254308 kB
Unevictable:         892 kB
Mlocked:               0 kB
HighTotal:       1001472 kB
HighFree:          60680 kB
LowTotal:         419352 kB
LowFree:           88632 kB
SwapTotal:        786428 kB
SwapFree:         763648 kB
Dirty:                 0 kB
Writeback:             0 kB
AnonPages:        401676 kB
Mapped:           163748 kB
Shmem:               304 kB
Slab:              50892 kB
SReclaimable:      20656 kB
SUnreclaim:        30236 kB
KernelStack:        9184 kB
PageTables:        14676 kB
NFS_Unstable:          0 kB
Bounce:                0 kB
WritebackTmp:          0 kB
CommitLimit:     1496840 kB
Committed_AS:   20251040 kB
VmallocTotal:     458752 kB
VmallocUsed:       81016 kB
VmallocChunk:     225308 kB
Time pass: 56 sec

---2015-10-26 00:17:40
MemTotal:        1420824 kB
MemFree:          149328 kB
Buffers:           61208 kB
Cached:           557776 kB
SwapCached:         1084 kB
Active:           527212 kB
Inactive:         493508 kB
Active(anon):     163732 kB
Inactive(anon):   239200 kB
Active(file):     363480 kB
Inactive(file):   254308 kB
Unevictable:         892 kB
Mlocked:               0 kB
HighTotal:       1001472 kB
HighFree:          60696 kB
LowTotal:         419352 kB
LowFree:           88632 kB
SwapTotal:        786428 kB
SwapFree:         763648 kB
Dirty:                 0 kB
Writeback:             0 kB
AnonPages:        401688 kB
Mapped:           163748 kB
Shmem:               304 kB
Slab:              50892 kB
SReclaimable:      20656 kB
SUnreclaim:        30236 kB
KernelStack:        9184 kB
PageTables:        14676 kB
NFS_Unstable:          0 kB
Bounce:                0 kB
WritebackTmp:          0 kB
CommitLimit:     1496840 kB
Committed_AS:   20251040 kB
VmallocTotal:     458752 kB
VmallocUsed:       81016 kB
VmallocChunk:     225308 kB
Time pass: 59 sec

---2015-10-26 00:17:40
MemTotal:        1420824 kB
MemFree:          149328 kB
Buffers:           61208 kB
Cached:           557776 kB
SwapCached:         1084 kB
Active:           527232 kB
Inactive:         493508 kB
Active(anon):     163752 kB
Inactive(anon):   239200 kB
Active(file):     363480 kB
Inactive(file):   254308 kB
Unevictable:         892 kB
Mlocked:               0 kB
HighTotal:       1001472 kB
HighFree:          60696 kB
LowTotal:         419352 kB
LowFree:           88632 kB
SwapTotal:        786428 kB
SwapFree:         763648 kB
Dirty:                 0 kB
Writeback:             0 kB
AnonPages:        401712 kB
Mapped:           163748 kB
Shmem:               304 kB
Slab:              50892 kB
SReclaimable:      20656 kB
SUnreclaim:        30236 kB
KernelStack:        9184 kB
PageTables:        14676 kB
NFS_Unstable:          0 kB
Bounce:                0 kB
WritebackTmp:          0 kB
CommitLimit:     1496840 kB
Committed_AS:   20251040 kB
VmallocTotal:     458752 kB
VmallocUsed:       81016 kB
VmallocChunk:     225308 kB
Time pass: 63 sec

---2015-10-26 00:17:40
MemTotal:        1420824 kB
MemFree:          149328 kB
Buffers:           61208 kB
Cached:           557776 kB
SwapCached:         1084 kB
Active:           527272 kB
Inactive:         493508 kB
Active(anon):     163792 kB
Inactive(anon):   239200 kB
Active(file):     363480 kB
Inactive(file):   254308 kB
Unevictable:         892 kB
Mlocked:               0 kB
HighTotal:       1001472 kB
HighFree:          60696 kB
LowTotal:         419352 kB
LowFree:           88632 kB
SwapTotal:        786428 kB
SwapFree:         763648 kB
Dirty:                 0 kB
Writeback:             0 kB
AnonPages:        401744 kB
Mapped:           163760 kB
Shmem:               304 kB
Slab:              50892 kB
SReclaimable:      20656 kB
SUnreclaim:        30236 kB
KernelStack:        9184 kB
PageTables:        14676 kB
NFS_Unstable:          0 kB
Bounce:                0 kB
WritebackTmp:          0 kB
CommitLimit:     1496840 kB
Committed_AS:   20251040 kB
VmallocTotal:     458752 kB
VmallocUsed:       81016 kB
VmallocChunk:     225308 kB
Time pass: 66 sec

---2015-10-26 00:17:40
MemTotal:        1420824 kB
MemFree:          149312 kB
Buffers:           61208 kB
Cached:           557776 kB
SwapCached:         1084 kB
Active:           527284 kB
Inactive:         493508 kB
Active(anon):     163804 kB
Inactive(anon):   239200 kB
Active(file):     363480 kB
Inactive(file):   254308 kB
Unevictable:         892 kB
Mlocked:               0 kB
HighTotal:       1001472 kB
HighFree:          60680 kB
LowTotal:         419352 kB
LowFree:           88632 kB
SwapTotal:        786428 kB
SwapFree:         763648 kB
Dirty:                 0 kB
Writeback:             0 kB
AnonPages:        401760 kB
Mapped:           163760 kB
Shmem:               304 kB
Slab:              50892 kB
SReclaimable:      20656 kB
SUnreclaim:        30236 kB
KernelStack:        9184 kB
PageTables:        14676 kB
NFS_Unstable:          0 kB
Bounce:                0 kB
WritebackTmp:          0 kB
CommitLimit:     1496840 kB
Committed_AS:   20251040 kB
VmallocTotal:     458752 kB
VmallocUsed:       81016 kB
VmallocChunk:     225308 kB
Time pass: 70 sec

---2015-10-26 00:17:40
MemTotal:        1420824 kB
MemFree:          149328 kB
Buffers:           61208 kB
Cached:           557776 kB
SwapCached:         1084 kB
Active:           527304 kB
Inactive:         493504 kB
Active(anon):     163820 kB
Inactive(anon):   239200 kB
Active(file):     363484 kB
Inactive(file):   254304 kB
Unevictable:         892 kB
Mlocked:               0 kB
HighTotal:       1001472 kB
HighFree:          60696 kB
LowTotal:         419352 kB
LowFree:           88632 kB
SwapTotal:        786428 kB
SwapFree:         763648 kB
Dirty:                 4 kB
Writeback:             0 kB
AnonPages:        401772 kB
Mapped:           163760 kB
Shmem:               304 kB
Slab:              50892 kB
SReclaimable:      20656 kB
SUnreclaim:        30236 kB
KernelStack:        9184 kB
PageTables:        14676 kB
NFS_Unstable:          0 kB
Bounce:                0 kB
WritebackTmp:          0 kB
CommitLimit:     1496840 kB
Committed_AS:   20251040 kB
VmallocTotal:     458752 kB
VmallocUsed:       81016 kB
VmallocChunk:     225308 kB
Time pass: 73 sec

---2015-10-26 00:17:40
MemTotal:        1420824 kB
MemFree:          149436 kB
Buffers:           61208 kB
Cached:           557776 kB
SwapCached:         1084 kB
Active:           527088 kB
Inactive:         493504 kB
Active(anon):     163604 kB
Inactive(anon):   239200 kB
Active(file):     363484 kB
Inactive(file):   254304 kB
Unevictable:         892 kB
Mlocked:               0 kB
HighTotal:       1001472 kB
HighFree:          60804 kB
LowTotal:         419352 kB
LowFree:           88632 kB
SwapTotal:        786428 kB
SwapFree:         763648 kB
Dirty:                 0 kB
Writeback:             0 kB
AnonPages:        401556 kB
Mapped:           163756 kB
Shmem:               304 kB
Slab:              50892 kB
SReclaimable:      20656 kB
SUnreclaim:        30236 kB
KernelStack:        9184 kB
PageTables:        14672 kB
NFS_Unstable:          0 kB
Bounce:                0 kB
WritebackTmp:          0 kB
CommitLimit:     1496840 kB
Committed_AS:   20251040 kB
VmallocTotal:     458752 kB
VmallocUsed:       81016 kB
VmallocChunk:     225308 kB
Time pass: 77 sec

---2015-10-26 00:17:40
MemTotal:        1420824 kB
MemFree:          149452 kB
Buffers:           61208 kB
Cached:           557776 kB
SwapCached:         1084 kB
Active:           527092 kB
Inactive:         493504 kB
Active(anon):     163608 kB
Inactive(anon):   239200 kB
Active(file):     363484 kB
Inactive(file):   254304 kB
Unevictable:         892 kB
Mlocked:               0 kB
HighTotal:       1001472 kB
HighFree:          60820 kB
LowTotal:         419352 kB
LowFree:           88632 kB
SwapTotal:        786428 kB
SwapFree:         763648 kB
Dirty:                 0 kB
Writeback:             0 kB
AnonPages:        401568 kB
Mapped:           163756 kB
Shmem:               304 kB
Slab:              50892 kB
SReclaimable:      20656 kB
SUnreclaim:        30236 kB
KernelStack:        9184 kB
PageTables:        14676 kB
NFS_Unstable:          0 kB
Bounce:                0 kB
WritebackTmp:          0 kB
CommitLimit:     1496840 kB
Committed_AS:   20251040 kB
VmallocTotal:     458752 kB
VmallocUsed:       81016 kB
VmallocChunk:     225308 kB
Time pass: 80 sec

---2015-10-26 00:17:40
MemTotal:        1420824 kB
MemFree:          149420 kB
Buffers:           61208 kB
Cached:           557776 kB
SwapCached:         1084 kB
Active:           527500 kB
Inactive:         493504 kB
Active(anon):     164016 kB
Inactive(anon):   239200 kB
Active(file):     363484 kB
Inactive(file):   254304 kB
Unevictable:         892 kB
Mlocked:               0 kB
HighTotal:       1001472 kB
HighFree:          60820 kB
LowTotal:         419352 kB
LowFree:           88600 kB
SwapTotal:        786428 kB
SwapFree:         763648 kB
Dirty:                 0 kB
Writeback:             0 kB
AnonPages:        401988 kB
Mapped:           163756 kB
Shmem:               304 kB
Slab:              50892 kB
SReclaimable:      20656 kB
SUnreclaim:        30236 kB
KernelStack:        9184 kB
PageTables:        14672 kB
NFS_Unstable:          0 kB
Bounce:                0 kB
WritebackTmp:          0 kB
CommitLimit:     1496840 kB
Committed_AS:   20251704 kB
VmallocTotal:     458752 kB
VmallocUsed:       81016 kB
VmallocChunk:     225308 kB
Time pass: 84 sec

---2015-10-26 00:17:40
MemTotal:        1420824 kB
MemFree:          144224 kB
Buffers:           61208 kB
Cached:           557776 kB
SwapCached:         1084 kB
Active:           532272 kB
Inactive:         493504 kB
Active(anon):     168788 kB
Inactive(anon):   239200 kB
Active(file):     363484 kB
Inactive(file):   254304 kB
Unevictable:         892 kB
Mlocked:               0 kB
HighTotal:       1001472 kB
HighFree:          55944 kB
LowTotal:         419352 kB
LowFree:           88280 kB
SwapTotal:        786428 kB
SwapFree:         763648 kB
Dirty:                 0 kB
Writeback:             0 kB
AnonPages:        406748 kB
Mapped:           164532 kB
Shmem:               304 kB
Slab:              50892 kB
SReclaimable:      20656 kB
SUnreclaim:        30236 kB
KernelStack:        9264 kB
PageTables:        14892 kB
NFS_Unstable:          0 kB
Bounce:                0 kB
WritebackTmp:          0 kB
CommitLimit:     1496840 kB
Committed_AS:   20675616 kB
VmallocTotal:     458752 kB
VmallocUsed:       82036 kB
VmallocChunk:     225308 kB
Time pass: 87 sec

---2015-10-26 00:17:40
MemTotal:        1420824 kB
MemFree:          117288 kB
Buffers:           61212 kB
Cached:           557920 kB
SwapCached:         1084 kB
Active:           551656 kB
Inactive:         493380 kB
Active(anon):     187896 kB
Inactive(anon):   239336 kB
Active(file):     363760 kB
Inactive(file):   254044 kB
Unevictable:         892 kB
Mlocked:               0 kB
HighTotal:       1001472 kB
HighFree:          30520 kB
LowTotal:         419352 kB
LowFree:           86768 kB
SwapTotal:        786428 kB
SwapFree:         763652 kB
Dirty:               908 kB
Writeback:             0 kB
AnonPages:        425872 kB
Mapped:           185496 kB
Shmem:               436 kB
Slab:              50972 kB
SReclaimable:      20664 kB
SUnreclaim:        30308 kB
KernelStack:        9712 kB
PageTables:        15460 kB
NFS_Unstable:          0 kB
Bounce:                0 kB
WritebackTmp:          0 kB
CommitLimit:     1496840 kB
Committed_AS:   21170948 kB
VmallocTotal:     458752 kB
VmallocUsed:       83268 kB
VmallocChunk:     225308 kB
Time pass: 91 sec

---2015-10-26 00:17:40
MemTotal:        1420824 kB
MemFree:           96028 kB
Buffers:           61212 kB
Cached:           557564 kB
SwapCached:         1084 kB
Active:           561324 kB
Inactive:         493076 kB
Active(anon):     197616 kB
Inactive(anon):   239340 kB
Active(file):     363708 kB
Inactive(file):   253736 kB
Unevictable:         892 kB
Mlocked:               0 kB
HighTotal:       1001472 kB
HighFree:          11840 kB
LowTotal:         419352 kB
LowFree:           84188 kB
SwapTotal:        786428 kB
SwapFree:         763652 kB
Dirty:              1292 kB
Writeback:             0 kB
AnonPages:        435540 kB
Mapped:           192160 kB
Shmem:               440 kB
Slab:              51008 kB
SReclaimable:      20664 kB
SUnreclaim:        30344 kB
KernelStack:        9776 kB
PageTables:        15524 kB
NFS_Unstable:          0 kB
Bounce:                0 kB
WritebackTmp:          0 kB
CommitLimit:     1496840 kB
Committed_AS:   21182284 kB
VmallocTotal:     458752 kB
VmallocUsed:       83332 kB
VmallocChunk:     225308 kB
Time pass: 94 sec

---2015-10-26 00:17:40
MemTotal:        1420824 kB
MemFree:           68924 kB
Buffers:           61212 kB
Cached:           557724 kB
SwapCached:         1084 kB
Active:           565500 kB
Inactive:         493176 kB
Active(anon):     201948 kB
Inactive(anon):   239340 kB
Active(file):     363552 kB
Inactive(file):   253836 kB
Unevictable:         892 kB
Mlocked:               0 kB
HighTotal:       1001472 kB
HighFree:           5096 kB
LowTotal:         419352 kB
LowFree:           63828 kB
SwapTotal:        786428 kB
SwapFree:         763652 kB
Dirty:              1844 kB
Writeback:             0 kB
AnonPages:        440064 kB
Mapped:           195928 kB
Shmem:               440 kB
Slab:              51040 kB
SReclaimable:      20672 kB
SUnreclaim:        30368 kB
KernelStack:        9792 kB
PageTables:        15568 kB
NFS_Unstable:          0 kB
Bounce:                0 kB
WritebackTmp:          0 kB
CommitLimit:     1496840 kB
Committed_AS:   21187060 kB
VmallocTotal:     458752 kB
VmallocUsed:       83376 kB
VmallocChunk:     225308 kB
Time pass: 98 sec

---2015-10-26 00:17:40
MemTotal:        1420824 kB
MemFree:           64664 kB
Buffers:           61212 kB
Cached:           557668 kB
SwapCached:         1084 kB
Active:           566048 kB
Inactive:         493204 kB
Active(anon):     202364 kB
Inactive(anon):   239340 kB
Active(file):     363684 kB
Inactive(file):   253864 kB
Unevictable:         892 kB
Mlocked:               0 kB
HighTotal:       1001472 kB
HighFree:           6200 kB
LowTotal:         419352 kB
LowFree:           58464 kB
SwapTotal:        786428 kB
SwapFree:         763652 kB
Dirty:               928 kB
Writeback:             0 kB
AnonPages:        440328 kB
Mapped:           197044 kB
Shmem:               440 kB
Slab:              51036 kB
SReclaimable:      20668 kB
SUnreclaim:        30368 kB
KernelStack:        9800 kB
PageTables:        15576 kB
NFS_Unstable:          0 kB
Bounce:                0 kB
WritebackTmp:          0 kB
CommitLimit:     1496840 kB
Committed_AS:   21187200 kB
VmallocTotal:     458752 kB
VmallocUsed:       83324 kB
VmallocChunk:     225308 kB
Time pass: 101 sec

---2015-10-26 00:17:40
MemTotal:        1420824 kB
MemFree:           64452 kB
Buffers:           61212 kB
Cached:           557668 kB
SwapCached:         1084 kB
Active:           566064 kB
Inactive:         493204 kB
Active(anon):     202380 kB
Inactive(anon):   239340 kB
Active(file):     363684 kB
Inactive(file):   253864 kB
Unevictable:         892 kB
Mlocked:               0 kB
HighTotal:       1001472 kB
HighFree:           5936 kB
LowTotal:         419352 kB
LowFree:           58516 kB
SwapTotal:        786428 kB
SwapFree:         763652 kB
Dirty:                 0 kB
Writeback:             0 kB
AnonPages:        440332 kB
Mapped:           197144 kB
Shmem:               440 kB
Slab:              51036 kB
SReclaimable:      20668 kB
SUnreclaim:        30368 kB
KernelStack:        9800 kB
PageTables:        15588 kB
NFS_Unstable:          0 kB
Bounce:                0 kB
WritebackTmp:          0 kB
CommitLimit:     1496840 kB
Committed_AS:   21187200 kB
VmallocTotal:     458752 kB
VmallocUsed:       83324 kB
VmallocChunk:     225308 kB
Time pass: 104 sec

---2015-10-26 00:17:40
MemTotal:        1420824 kB
MemFree:           64592 kB
Buffers:           61212 kB
Cached:           557668 kB
SwapCached:         1084 kB
Active:           566056 kB
Inactive:         493204 kB
Active(anon):     202372 kB
Inactive(anon):   239340 kB
Active(file):     363684 kB
Inactive(file):   253864 kB
Unevictable:         892 kB
Mlocked:               0 kB
HighTotal:       1001472 kB
HighFree:           5952 kB
LowTotal:         419352 kB
LowFree:           58640 kB
SwapTotal:        786428 kB
SwapFree:         763652 kB
Dirty:                 0 kB
Writeback:             0 kB
AnonPages:        440332 kB
Mapped:           197104 kB
Shmem:               440 kB
Slab:              51036 kB
SReclaimable:      20668 kB
SUnreclaim:        30368 kB
KernelStack:        9784 kB
PageTables:        15576 kB
NFS_Unstable:          0 kB
Bounce:                0 kB
WritebackTmp:          0 kB
CommitLimit:     1496840 kB
Committed_AS:   21187200 kB
VmallocTotal:     458752 kB
VmallocUsed:       83324 kB
VmallocChunk:     225308 kB
Time pass: 108 sec

---2015-10-26 00:17:40
MemTotal:        1420824 kB
MemFree:           55244 kB
Buffers:           61220 kB
Cached:           558144 kB
SwapCached:         1084 kB
Active:           567688 kB
Inactive:         493648 kB
Active(anon):     203968 kB
Inactive(anon):   239340 kB
Active(file):     363720 kB
Inactive(file):   254308 kB
Unevictable:         892 kB
Mlocked:               0 kB
HighTotal:       1001472 kB
HighFree:           5024 kB
LowTotal:         419352 kB
LowFree:           50220 kB
SwapTotal:        786428 kB
SwapFree:         763652 kB
Dirty:               568 kB
Writeback:             0 kB
AnonPages:        441916 kB
Mapped:           199040 kB
Shmem:               440 kB
Slab:              51068 kB
SReclaimable:      20668 kB
SUnreclaim:        30400 kB
KernelStack:        9800 kB
PageTables:        15608 kB
NFS_Unstable:          0 kB
Bounce:                0 kB
WritebackTmp:          0 kB
CommitLimit:     1496840 kB
Committed_AS:   21188400 kB
VmallocTotal:     458752 kB
VmallocUsed:       83356 kB
VmallocChunk:     225308 kB
Time pass: 111 sec

---2015-10-26 00:17:40
MemTotal:        1420824 kB
MemFree:           55588 kB
Buffers:           61220 kB
Cached:           558144 kB
SwapCached:         1084 kB
Active:           567560 kB
Inactive:         493652 kB
Active(anon):     203840 kB
Inactive(anon):   239340 kB
Active(file):     363720 kB
Inactive(file):   254312 kB
Unevictable:         892 kB
Mlocked:               0 kB
HighTotal:       1001472 kB
HighFree:           5196 kB
LowTotal:         419352 kB
LowFree:           50392 kB
SwapTotal:        786428 kB
SwapFree:         763652 kB
Dirty:                12 kB
Writeback:             0 kB
AnonPages:        441804 kB
Mapped:           199052 kB
Shmem:               440 kB
Slab:              51032 kB
SReclaimable:      20668 kB
SUnreclaim:        30364 kB
KernelStack:        9800 kB
PageTables:        15612 kB
NFS_Unstable:          0 kB
Bounce:                0 kB
WritebackTmp:          0 kB
CommitLimit:     1496840 kB
Committed_AS:   21188408 kB
VmallocTotal:     458752 kB
VmallocUsed:       83324 kB
VmallocChunk:     225308 kB
Time pass: 115 sec

---2015-10-26 00:17:40
MemTotal:        1420824 kB
MemFree:           55416 kB
Buffers:           61220 kB
Cached:           558144 kB
SwapCached:         1084 kB
Active:           567584 kB
Inactive:         493652 kB
Active(anon):     203864 kB
Inactive(anon):   239340 kB
Active(file):     363720 kB
Inactive(file):   254312 kB
Unevictable:         892 kB
Mlocked:               0 kB
HighTotal:       1001472 kB
HighFree:           5072 kB
LowTotal:         419352 kB
LowFree:           50344 kB
SwapTotal:        786428 kB
SwapFree:         763652 kB
Dirty:                68 kB
Writeback:             0 kB
AnonPages:        441848 kB
Mapped:           199052 kB
Shmem:               440 kB
Slab:              51032 kB
SReclaimable:      20668 kB
SUnreclaim:        30364 kB
KernelStack:        9816 kB
PageTables:        15616 kB
NFS_Unstable:          0 kB
Bounce:                0 kB
WritebackTmp:          0 kB
CommitLimit:     1496840 kB
Committed_AS:   21188408 kB
VmallocTotal:     458752 kB
VmallocUsed:       83324 kB
VmallocChunk:     225308 kB
Time pass: 118 sec

---2015-10-26 00:17:40
MemTotal:        1420824 kB
MemFree:           46928 kB
Buffers:           61220 kB
Cached:           558156 kB
SwapCached:         1084 kB
Active:           568332 kB
Inactive:         493648 kB
Active(anon):     204596 kB
Inactive(anon):   239340 kB
Active(file):     363736 kB
Inactive(file):   254308 kB
Unevictable:         892 kB
Mlocked:               0 kB
HighTotal:       1001472 kB
HighFree:           6048 kB
LowTotal:         419352 kB
LowFree:           40880 kB
SwapTotal:        786428 kB
SwapFree:         763652 kB
Dirty:               496 kB
Writeback:             0 kB
AnonPages:        442540 kB
Mapped:           200712 kB
Shmem:               440 kB
Slab:              51092 kB
SReclaimable:      20668 kB
SUnreclaim:        30424 kB
KernelStack:        9768 kB
PageTables:        15628 kB
NFS_Unstable:          0 kB
Bounce:                0 kB
WritebackTmp:          0 kB
CommitLimit:     1496840 kB
Committed_AS:   21188724 kB
VmallocTotal:     458752 kB
VmallocUsed:       83368 kB
VmallocChunk:     225308 kB
Time pass: 122 sec

---2015-10-26 00:17:40
MemTotal:        1420824 kB
MemFree:           46848 kB
Buffers:           61220 kB
Cached:           558164 kB
SwapCached:         1084 kB
Active:           569160 kB
Inactive:         493648 kB
Active(anon):     205416 kB
Inactive(anon):   239340 kB
Active(file):     363744 kB
Inactive(file):   254308 kB
Unevictable:         892 kB
Mlocked:               0 kB
HighTotal:       1001472 kB
HighFree:           5784 kB
LowTotal:         419352 kB
LowFree:           41064 kB
SwapTotal:        786428 kB
SwapFree:         763652 kB
Dirty:               552 kB
Writeback:             0 kB
AnonPages:        443368 kB
Mapped:           201040 kB
Shmem:               440 kB
Slab:              51128 kB
SReclaimable:      20668 kB
SUnreclaim:        30460 kB
KernelStack:        9792 kB
PageTables:        15640 kB
NFS_Unstable:          0 kB
Bounce:                0 kB
WritebackTmp:          0 kB
CommitLimit:     1496840 kB
Committed_AS:   21189508 kB
VmallocTotal:     458752 kB
VmallocUsed:       83336 kB
VmallocChunk:     225308 kB
Time pass: 125 sec

---2015-10-26 00:17:40
MemTotal:        1420824 kB
MemFree:           46740 kB
Buffers:           61220 kB
Cached:           558164 kB
SwapCached:         1084 kB
Active:           569172 kB
Inactive:         493648 kB
Active(anon):     205428 kB
Inactive(anon):   239340 kB
Active(file):     363744 kB
Inactive(file):   254308 kB
Unevictable:         892 kB
Mlocked:               0 kB
HighTotal:       1001472 kB
HighFree:           5676 kB
LowTotal:         419352 kB
LowFree:           41064 kB
SwapTotal:        786428 kB
SwapFree:         763652 kB
Dirty:                32 kB
Writeback:             0 kB
AnonPages:        443380 kB
Mapped:           201056 kB
Shmem:               440 kB
Slab:              51120 kB
SReclaimable:      20668 kB
SUnreclaim:        30452 kB
KernelStack:        9792 kB
PageTables:        15640 kB
NFS_Unstable:          0 kB
Bounce:                0 kB
WritebackTmp:          0 kB
CommitLimit:     1496840 kB
Committed_AS:   21189508 kB
VmallocTotal:     458752 kB
VmallocUsed:       83336 kB
VmallocChunk:     225308 kB
Time pass: 129 sec

---2015-10-26 00:17:40
MemTotal:        1420824 kB
MemFree:           46740 kB
Buffers:           61220 kB
Cached:           558164 kB
SwapCached:         1084 kB
Active:           569168 kB
Inactive:         493648 kB
Active(anon):     205424 kB
Inactive(anon):   239340 kB
Active(file):     363744 kB
Inactive(file):   254308 kB
Unevictable:         892 kB
Mlocked:               0 kB
HighTotal:       1001472 kB
HighFree:           5676 kB
LowTotal:         419352 kB
LowFree:           41064 kB
SwapTotal:        786428 kB
SwapFree:         763652 kB
Dirty:                 0 kB
Writeback:             0 kB
AnonPages:        443376 kB
Mapped:           201120 kB
Shmem:               440 kB
Slab:              51116 kB
SReclaimable:      20668 kB
SUnreclaim:        30448 kB
KernelStack:        9792 kB
PageTables:        15640 kB
NFS_Unstable:          0 kB
Bounce:                0 kB
WritebackTmp:          0 kB
CommitLimit:     1496840 kB
Committed_AS:   21189508 kB
VmallocTotal:     458752 kB
VmallocUsed:       83336 kB
VmallocChunk:     225308 kB
Time pass: 133 sec

---2015-10-26 00:17:40
MemTotal:        1420824 kB
MemFree:           46740 kB
Buffers:           61220 kB
Cached:           558164 kB
SwapCached:         1084 kB
Active:           569152 kB
Inactive:         493648 kB
Active(anon):     205408 kB
Inactive(anon):   239340 kB
Active(file):     363744 kB
Inactive(file):   254308 kB
Unevictable:         892 kB
Mlocked:               0 kB
HighTotal:       1001472 kB
HighFree:           5676 kB
LowTotal:         419352 kB
LowFree:           41064 kB
SwapTotal:        786428 kB
SwapFree:         763652 kB
Dirty:                 0 kB
Writeback:             0 kB
AnonPages:        443372 kB
Mapped:           201128 kB
Shmem:               440 kB
Slab:              51116 kB
SReclaimable:      20668 kB
SUnreclaim:        30448 kB
KernelStack:        9792 kB
PageTables:        15640 kB
NFS_Unstable:          0 kB
Bounce:                0 kB
WritebackTmp:          0 kB
CommitLimit:     1496840 kB
Committed_AS:   21189508 kB
VmallocTotal:     458752 kB
VmallocUsed:       83336 kB
VmallocChunk:     225308 kB
Time pass: 136 sec

---2015-10-26 00:17:40
MemTotal:        1420824 kB
MemFree:           46784 kB
Buffers:           61220 kB
Cached:           558164 kB
SwapCached:         1084 kB
Active:           569148 kB
Inactive:         493648 kB
Active(anon):     205404 kB
Inactive(anon):   239340 kB
Active(file):     363744 kB
Inactive(file):   254308 kB
Unevictable:         892 kB
Mlocked:               0 kB
HighTotal:       1001472 kB
HighFree:           5692 kB
LowTotal:         419352 kB
LowFree:           41092 kB
SwapTotal:        786428 kB
SwapFree:         763652 kB
Dirty:                 0 kB
Writeback:             0 kB
AnonPages:        443368 kB
Mapped:           201048 kB
Shmem:               440 kB
Slab:              51092 kB
SReclaimable:      20668 kB
SUnreclaim:        30424 kB
KernelStack:        9792 kB
PageTables:        15640 kB
NFS_Unstable:          0 kB
Bounce:                0 kB
WritebackTmp:          0 kB
CommitLimit:     1496840 kB
Committed_AS:   21189508 kB
VmallocTotal:     458752 kB
VmallocUsed:       83336 kB
VmallocChunk:     225308 kB
Time pass: 140 sec

---2015-10-26 00:17:40
MemTotal:        1420824 kB
MemFree:           46784 kB
Buffers:           61220 kB
Cached:           558164 kB
SwapCached:         1084 kB
Active:           569112 kB
Inactive:         493648 kB
Active(anon):     205368 kB
Inactive(anon):   239340 kB
Active(file):     363744 kB
Inactive(file):   254308 kB
Unevictable:         892 kB
Mlocked:               0 kB
HighTotal:       1001472 kB
HighFree:           5692 kB
LowTotal:         419352 kB
LowFree:           41092 kB
SwapTotal:        786428 kB
SwapFree:         763652 kB
Dirty:                 0 kB
Writeback:             0 kB
AnonPages:        443320 kB
Mapped:           201080 kB
Shmem:               440 kB
Slab:              51084 kB
SReclaimable:      20668 kB
SUnreclaim:        30416 kB
KernelStack:        9792 kB
PageTables:        15640 kB
NFS_Unstable:          0 kB
Bounce:                0 kB
WritebackTmp:          0 kB
CommitLimit:     1496840 kB
Committed_AS:   21189508 kB
VmallocTotal:     458752 kB
VmallocUsed:       83336 kB
VmallocChunk:     225308 kB
Time pass: 144 sec

---2015-10-26 00:17:40
MemTotal:        1420824 kB
MemFree:           42444 kB
Buffers:           61220 kB
Cached:           558168 kB
SwapCached:         1084 kB
Active:           572708 kB
Inactive:         493652 kB
Active(anon):     208964 kB
Inactive(anon):   239340 kB
Active(file):     363744 kB
Inactive(file):   254312 kB
Unevictable:         892 kB
Mlocked:               0 kB
HighTotal:       1001472 kB
HighFree:           5072 kB
LowTotal:         419352 kB
LowFree:           37372 kB
SwapTotal:        786428 kB
SwapFree:         763652 kB
Dirty:                 8 kB
Writeback:             0 kB
AnonPages:        446964 kB
Mapped:           201452 kB
Shmem:               440 kB
Slab:              51124 kB
SReclaimable:      20668 kB
SUnreclaim:        30456 kB
KernelStack:        9816 kB
PageTables:        15832 kB
NFS_Unstable:          0 kB
Bounce:                0 kB
WritebackTmp:          0 kB
CommitLimit:     1496840 kB
Committed_AS:   21728308 kB
VmallocTotal:     458752 kB
VmallocUsed:       83400 kB
VmallocChunk:     225308 kB
Time pass: 147 sec

---2015-10-26 00:17:40
MemTotal:        1420824 kB
MemFree:          166200 kB
Buffers:           61224 kB
Cached:           550136 kB
SwapCached:         1084 kB
Active:           525928 kB
Inactive:         495420 kB
Active(anon):     171204 kB
Inactive(anon):   239980 kB
Active(file):     354724 kB
Inactive(file):   255440 kB
Unevictable:         892 kB
Mlocked:               0 kB
HighTotal:       1001472 kB
HighFree:          65728 kB
LowTotal:         419352 kB
LowFree:          100472 kB
SwapTotal:        786428 kB
SwapFree:         762408 kB
Dirty:                24 kB
Writeback:             0 kB
AnonPages:        410012 kB
Mapped:           163556 kB
Shmem:               304 kB
Slab:              51136 kB
SReclaimable:      20668 kB
SUnreclaim:        30468 kB
KernelStack:        9352 kB
PageTables:        15088 kB
NFS_Unstable:          0 kB
Bounce:                0 kB
WritebackTmp:          0 kB
CommitLimit:     1496840 kB
Committed_AS:   21217196 kB
VmallocTotal:     458752 kB
VmallocUsed:       82068 kB
VmallocChunk:     225308 kB
Time pass: 151 sec

---2015-10-26 00:17:40
MemTotal:        1420824 kB
MemFree:          166912 kB
Buffers:           61228 kB
Cached:           550136 kB
SwapCached:         1084 kB
Active:           524904 kB
Inactive:         495420 kB
Active(anon):     170180 kB
Inactive(anon):   239976 kB
Active(file):     354724 kB
Inactive(file):   255444 kB
Unevictable:         892 kB
Mlocked:               0 kB
HighTotal:       1001472 kB
HighFree:          66756 kB
LowTotal:         419352 kB
LowFree:          100156 kB
SwapTotal:        786428 kB
SwapFree:         762408 kB
Dirty:                24 kB
Writeback:             0 kB
AnonPages:        409228 kB
Mapped:           163416 kB
Shmem:               304 kB
Slab:              51140 kB
SReclaimable:      20668 kB
SUnreclaim:        30472 kB
KernelStack:        9312 kB
PageTables:        14952 kB
NFS_Unstable:          0 kB
Bounce:                0 kB
WritebackTmp:          0 kB
CommitLimit:     1496840 kB
Committed_AS:   20682680 kB
VmallocTotal:     458752 kB
VmallocUsed:       82132 kB
VmallocChunk:     225308 kB
Time pass: 154 sec

---2015-10-26 00:17:40
MemTotal:        1420824 kB
MemFree:          168036 kB
Buffers:           61228 kB
Cached:           550136 kB
SwapCached:         1084 kB
Active:           522440 kB
Inactive:         495420 kB
Active(anon):     167716 kB
Inactive(anon):   239976 kB
Active(file):     354724 kB
Inactive(file):   255444 kB
Unevictable:         892 kB
Mlocked:               0 kB
HighTotal:       1001472 kB
HighFree:          67820 kB
LowTotal:         419352 kB
LowFree:          100216 kB
SwapTotal:        786428 kB
SwapFree:         762408 kB
Dirty:                24 kB
Writeback:             0 kB
AnonPages:        406448 kB
Mapped:           163504 kB
Shmem:               304 kB
Slab:              51120 kB
SReclaimable:      20668 kB
SUnreclaim:        30452 kB
KernelStack:        9304 kB
PageTables:        14928 kB
NFS_Unstable:          0 kB
Bounce:                0 kB
WritebackTmp:          0 kB
CommitLimit:     1496840 kB
Committed_AS:   20679232 kB
VmallocTotal:     458752 kB
VmallocUsed:       82100 kB
VmallocChunk:     225308 kB
Time pass: 158 sec

---2015-10-26 00:17:40
MemTotal:        1420824 kB
MemFree:          170036 kB
Buffers:           61228 kB
Cached:           550136 kB
SwapCached:         1084 kB
Active:           522252 kB
Inactive:         495420 kB
Active(anon):     167528 kB
Inactive(anon):   239976 kB
Active(file):     354724 kB
Inactive(file):   255444 kB
Unevictable:         892 kB
Mlocked:               0 kB
HighTotal:       1001472 kB
HighFree:          69152 kB
LowTotal:         419352 kB
LowFree:          100884 kB
SwapTotal:        786428 kB
SwapFree:         762408 kB
Dirty:                 0 kB
Writeback:             0 kB
AnonPages:        406248 kB
Mapped:           163496 kB
Shmem:               304 kB
Slab:              51096 kB
SReclaimable:      20668 kB
SUnreclaim:        30428 kB
KernelStack:        9272 kB
PageTables:        14904 kB
NFS_Unstable:          0 kB
Bounce:                0 kB
WritebackTmp:          0 kB
CommitLimit:     1496840 kB
Committed_AS:   20678680 kB
VmallocTotal:     458752 kB
VmallocUsed:       82036 kB
VmallocChunk:     225308 kB
Time pass: 161 sec

---2015-10-26 00:17:40
MemTotal:        1420824 kB
MemFree:          170088 kB
Buffers:           61228 kB
Cached:           550136 kB
SwapCached:         1084 kB
Active:           522252 kB
Inactive:         495420 kB
Active(anon):     167528 kB
Inactive(anon):   239976 kB
Active(file):     354724 kB
Inactive(file):   255444 kB
Unevictable:         892 kB
Mlocked:               0 kB
HighTotal:       1001472 kB
HighFree:          69184 kB
LowTotal:         419352 kB
LowFree:          100904 kB
SwapTotal:        786428 kB
SwapFree:         762408 kB
Dirty:                 0 kB
Writeback:             0 kB
AnonPages:        406248 kB
Mapped:           163496 kB
Shmem:               304 kB
Slab:              51096 kB
SReclaimable:      20668 kB
SUnreclaim:        30428 kB
KernelStack:        9272 kB
PageTables:        14900 kB
NFS_Unstable:          0 kB
Bounce:                0 kB
WritebackTmp:          0 kB
CommitLimit:     1496840 kB
Committed_AS:   20678680 kB
VmallocTotal:     458752 kB
VmallocUsed:       82036 kB
VmallocChunk:     225308 kB
Time pass: 165 sec

---2015-10-26 00:17:40
MemTotal:        1420824 kB
MemFree:          170072 kB
Buffers:           61228 kB
Cached:           550136 kB
SwapCached:         1084 kB
Active:           522264 kB
Inactive:         495420 kB
Active(anon):     167540 kB
Inactive(anon):   239976 kB
Active(file):     354724 kB
Inactive(file):   255444 kB
Unevictable:         892 kB
Mlocked:               0 kB
HighTotal:       1001472 kB
HighFree:          69184 kB
LowTotal:         419352 kB
LowFree:          100888 kB
SwapTotal:        786428 kB
SwapFree:         762408 kB
Dirty:                 0 kB
Writeback:             0 kB
AnonPages:        406260 kB
Mapped:           163504 kB
Shmem:               304 kB
Slab:              51096 kB
SReclaimable:      20668 kB
SUnreclaim:        30428 kB
KernelStack:        9288 kB
PageTables:        14900 kB
NFS_Unstable:          0 kB
Bounce:                0 kB
WritebackTmp:          0 kB
CommitLimit:     1496840 kB
Committed_AS:   20678680 kB
VmallocTotal:     458752 kB
VmallocUsed:       82036 kB
VmallocChunk:     225308 kB
Time pass: 168 sec

---2015-10-26 00:17:40
MemTotal:        1420824 kB
MemFree:          170104 kB
Buffers:           61228 kB
Cached:           550136 kB
SwapCached:         1084 kB
Active:           522264 kB
Inactive:         495420 kB
Active(anon):     167540 kB
Inactive(anon):   239976 kB
Active(file):     354724 kB
Inactive(file):   255444 kB
Unevictable:         892 kB
Mlocked:               0 kB
HighTotal:       1001472 kB
HighFree:          69200 kB
LowTotal:         419352 kB
LowFree:          100904 kB
SwapTotal:        786428 kB
SwapFree:         762408 kB
Dirty:                 0 kB
Writeback:             0 kB
AnonPages:        406260 kB
Mapped:           163504 kB
Shmem:               304 kB
Slab:              51096 kB
SReclaimable:      20668 kB
SUnreclaim:        30428 kB
KernelStack:        9272 kB
PageTables:        14900 kB
NFS_Unstable:          0 kB
Bounce:                0 kB
WritebackTmp:          0 kB
CommitLimit:     1496840 kB
Committed_AS:   20678680 kB
VmallocTotal:     458752 kB
VmallocUsed:       82036 kB
VmallocChunk:     225308 kB
Time pass: 172 sec

---2015-10-26 00:17:40
MemTotal:        1420824 kB
MemFree:          141268 kB
Buffers:           61236 kB
Cached:           550272 kB
SwapCached:         1208 kB
Active:           540048 kB
Inactive:         495628 kB
Active(anon):     185264 kB
Inactive(anon):   240232 kB
Active(file):     354784 kB
Inactive(file):   255396 kB
Unevictable:         892 kB
Mlocked:               0 kB
HighTotal:       1001472 kB
HighFree:          41768 kB
LowTotal:         419352 kB
LowFree:           99500 kB
SwapTotal:        786428 kB
SwapFree:         762408 kB
Dirty:               888 kB
Writeback:             0 kB
AnonPages:        423968 kB
Mapped:           185376 kB
Shmem:               436 kB
Slab:              51076 kB
SReclaimable:      20668 kB
SUnreclaim:        30408 kB
KernelStack:        9688 kB
PageTables:        15444 kB
NFS_Unstable:          0 kB
Bounce:                0 kB
WritebackTmp:          0 kB
CommitLimit:     1496840 kB
Committed_AS:   21170600 kB
VmallocTotal:     458752 kB
VmallocUsed:       83268 kB
VmallocChunk:     225308 kB
Time pass: 175 sec

---2015-10-26 00:17:40
MemTotal:        1420824 kB
MemFree:          128896 kB
Buffers:           61236 kB
Cached:           550280 kB
SwapCached:         1208 kB
Active:           543124 kB
Inactive:         495628 kB
Active(anon):     188332 kB
Inactive(anon):   240232 kB
Active(file):     354792 kB
Inactive(file):   255396 kB
Unevictable:         892 kB
Mlocked:               0 kB
HighTotal:       1001472 kB
HighFree:          29472 kB
LowTotal:         419352 kB
LowFree:           99424 kB
SwapTotal:        786428 kB
SwapFree:         762408 kB
Dirty:                28 kB
Writeback:             0 kB
AnonPages:        427004 kB
Mapped:           187664 kB
Shmem:               436 kB
Slab:              51084 kB
SReclaimable:      20668 kB
SUnreclaim:        30416 kB
KernelStack:        9704 kB
PageTables:        15460 kB
NFS_Unstable:          0 kB
Bounce:                0 kB
WritebackTmp:          0 kB
CommitLimit:     1496840 kB
Committed_AS:   21173540 kB
VmallocTotal:     458752 kB
VmallocUsed:       83300 kB
VmallocChunk:     225308 kB
Time pass: 178 sec

---2015-10-26 00:17:40
MemTotal:        1420824 kB
MemFree:          128928 kB
Buffers:           61236 kB
Cached:           550280 kB
SwapCached:         1208 kB
Active:           543076 kB
Inactive:         495508 kB
Active(anon):     188280 kB
Inactive(anon):   240116 kB
Active(file):     354796 kB
Inactive(file):   255392 kB
Unevictable:         892 kB
Mlocked:               0 kB
HighTotal:       1001472 kB
HighFree:          29056 kB
LowTotal:         419352 kB
LowFree:           99872 kB
SwapTotal:        786428 kB
SwapFree:         762408 kB
Dirty:                68 kB
Writeback:             0 kB
AnonPages:        426912 kB
Mapped:           187896 kB
Shmem:               436 kB
Slab:              51104 kB
SReclaimable:      20668 kB
SUnreclaim:        30436 kB
KernelStack:        9704 kB
PageTables:        15472 kB
NFS_Unstable:          0 kB
Bounce:                0 kB
WritebackTmp:          0 kB
CommitLimit:     1496840 kB
Committed_AS:   21175612 kB
VmallocTotal:     458752 kB
VmallocUsed:       83300 kB
VmallocChunk:     225308 kB
Time pass: 182 sec

---2015-10-26 00:17:40
MemTotal:        1420824 kB
MemFree:          111360 kB
Buffers:           61236 kB
Cached:           550412 kB
SwapCached:         1216 kB
Active:           551888 kB
Inactive:         495780 kB
Active(anon):     197140 kB
Inactive(anon):   240128 kB
Active(file):     354748 kB
Inactive(file):   255652 kB
Unevictable:         892 kB
Mlocked:               0 kB
HighTotal:       1001472 kB
HighFree:          14492 kB
LowTotal:         419352 kB
LowFree:           96868 kB
SwapTotal:        786428 kB
SwapFree:         762408 kB
Dirty:               428 kB
Writeback:             0 kB
AnonPages:        435812 kB
Mapped:           193356 kB
Shmem:               440 kB
Slab:              51084 kB
SReclaimable:      20668 kB
SUnreclaim:        30416 kB
KernelStack:        9752 kB
PageTables:        15516 kB
NFS_Unstable:          0 kB
Bounce:                0 kB
WritebackTmp:          0 kB
CommitLimit:     1496840 kB
Committed_AS:   21184212 kB
VmallocTotal:     458752 kB
VmallocUsed:       83340 kB
VmallocChunk:     225308 kB
Time pass: 185 sec

---2015-10-26 00:17:40
MemTotal:        1420824 kB
MemFree:          100868 kB
Buffers:           61236 kB
Cached:           550464 kB
SwapCached:         1216 kB
Active:           553148 kB
Inactive:         495624 kB
Active(anon):     198276 kB
Inactive(anon):   240128 kB
Active(file):     354872 kB
Inactive(file):   255496 kB
Unevictable:         892 kB
Mlocked:               0 kB
HighTotal:       1001472 kB
HighFree:          12004 kB
LowTotal:         419352 kB
LowFree:           88864 kB
SwapTotal:        786428 kB
SwapFree:         762408 kB
Dirty:              1104 kB
Writeback:             0 kB
AnonPages:        436912 kB
Mapped:           195608 kB
Shmem:               440 kB
Slab:              51080 kB
SReclaimable:      20668 kB
SUnreclaim:        30412 kB
KernelStack:        9752 kB
PageTables:        15544 kB
NFS_Unstable:          0 kB
Bounce:                0 kB
WritebackTmp:          0 kB
CommitLimit:     1496840 kB
Committed_AS:   21185088 kB
VmallocTotal:     458752 kB
VmallocUsed:       83288 kB
VmallocChunk:     225308 kB
Time pass: 189 sec

---2015-10-26 00:17:40
MemTotal:        1420824 kB
MemFree:           90944 kB
Buffers:           61236 kB
Cached:           550600 kB
SwapCached:         1216 kB
Active:           555420 kB
Inactive:         495752 kB
Active(anon):     200540 kB
Inactive(anon):   240128 kB
Active(file):     354880 kB
Inactive(file):   255624 kB
Unevictable:         892 kB
Mlocked:               0 kB
HighTotal:       1001472 kB
HighFree:           7988 kB
LowTotal:         419352 kB
LowFree:           82956 kB
SwapTotal:        786428 kB
SwapFree:         762408 kB
Dirty:               368 kB
Writeback:             0 kB
AnonPages:        439152 kB
Mapped:           197532 kB
Shmem:               440 kB
Slab:              51144 kB
SReclaimable:      20668 kB
SUnreclaim:        30476 kB
KernelStack:        9752 kB
PageTables:        15568 kB
NFS_Unstable:          0 kB
Bounce:                0 kB
WritebackTmp:          0 kB
CommitLimit:     1496840 kB
Committed_AS:   21187328 kB
VmallocTotal:     458752 kB
VmallocUsed:       83288 kB
VmallocChunk:     225308 kB
Time pass: 192 sec

---2015-10-26 00:17:40
MemTotal:        1420824 kB
MemFree:           81192 kB
Buffers:           61236 kB
Cached:           550572 kB
SwapCached:         1216 kB
Active:           561272 kB
Inactive:         495740 kB
Active(anon):     206392 kB
Inactive(anon):   240128 kB
Active(file):     354880 kB
Inactive(file):   255612 kB
Unevictable:         892 kB
Mlocked:               0 kB
HighTotal:       1001472 kB
HighFree:           5340 kB
LowTotal:         419352 kB
LowFree:           75852 kB
SwapTotal:        786428 kB
SwapFree:         762408 kB
Dirty:               576 kB
Writeback:             0 kB
AnonPages:        445072 kB
Mapped:           197900 kB
Shmem:               440 kB
Slab:              51144 kB
SReclaimable:      20668 kB
SUnreclaim:        30476 kB
KernelStack:        9752 kB
PageTables:        15572 kB
NFS_Unstable:          0 kB
Bounce:                0 kB
WritebackTmp:          0 kB
CommitLimit:     1496840 kB
Committed_AS:   21193116 kB
VmallocTotal:     458752 kB
VmallocUsed:       83352 kB
VmallocChunk:     225308 kB
Time pass: 196 sec

---2015-10-26 00:17:40
MemTotal:        1420824 kB
MemFree:           78792 kB
Buffers:           61236 kB
Cached:           550608 kB
SwapCached:         1216 kB
Active:           559788 kB
Inactive:         495744 kB
Active(anon):     204892 kB
Inactive(anon):   240128 kB
Active(file):     354896 kB
Inactive(file):   255616 kB
Unevictable:         892 kB
Mlocked:               0 kB
HighTotal:       1001472 kB
HighFree:           5076 kB
LowTotal:         419352 kB
LowFree:           73716 kB
SwapTotal:        786428 kB
SwapFree:         762408 kB
Dirty:               576 kB
Writeback:             0 kB
AnonPages:        443532 kB
Mapped:           199364 kB
Shmem:               440 kB
Slab:              51172 kB
SReclaimable:      20668 kB
SUnreclaim:        30504 kB
KernelStack:        9752 kB
PageTables:        15588 kB
NFS_Unstable:          0 kB
Bounce:                0 kB
WritebackTmp:          0 kB
CommitLimit:     1496840 kB
Committed_AS:   21191480 kB
VmallocTotal:     458752 kB
VmallocUsed:       83300 kB
VmallocChunk:     225308 kB
Time pass: 199 sec

---2015-10-26 00:17:40
MemTotal:        1420824 kB
MemFree:           64172 kB
Buffers:           61240 kB
Cached:           550764 kB
SwapCached:         1232 kB
Active:           566320 kB
Inactive:         495888 kB
Active(anon):     211420 kB
Inactive(anon):   240268 kB
Active(file):     354900 kB
Inactive(file):   255620 kB
Unevictable:         892 kB
Mlocked:               0 kB
HighTotal:       1001472 kB
HighFree:           5092 kB
LowTotal:         419352 kB
LowFree:           59080 kB
SwapTotal:        786428 kB
SwapFree:         762408 kB
Dirty:                36 kB
Writeback:             0 kB
AnonPages:        450108 kB
Mapped:           199800 kB
Shmem:               592 kB
Slab:              51152 kB
SReclaimable:      20668 kB
SUnreclaim:        30484 kB
KernelStack:        9896 kB
PageTables:        15700 kB
NFS_Unstable:          0 kB
Bounce:                0 kB
WritebackTmp:          0 kB
CommitLimit:     1496840 kB
Committed_AS:   21215864 kB
VmallocTotal:     458752 kB
VmallocUsed:       85832 kB
VmallocChunk:     225308 kB
Time pass: 204 sec

---2015-10-26 00:17:40
MemTotal:        1420824 kB
MemFree:           61068 kB
Buffers:           61252 kB
Cached:           550780 kB
SwapCached:         1232 kB
Active:           569160 kB
Inactive:         495932 kB
Active(anon):     214252 kB
Inactive(anon):   240320 kB
Active(file):     354908 kB
Inactive(file):   255612 kB
Unevictable:         892 kB
Mlocked:               0 kB
HighTotal:       1001472 kB
HighFree:           5140 kB
LowTotal:         419352 kB
LowFree:           55928 kB
SwapTotal:        786428 kB
SwapFree:         762408 kB
Dirty:                 0 kB
Writeback:             8 kB
AnonPages:        452980 kB
Mapped:           199736 kB
Shmem:               620 kB
Slab:              51332 kB
SReclaimable:      20668 kB
SUnreclaim:        30664 kB
KernelStack:        9992 kB
PageTables:        15740 kB
NFS_Unstable:          0 kB
Bounce:                0 kB
WritebackTmp:          0 kB
CommitLimit:     1496840 kB
Committed_AS:   21219168 kB
VmallocTotal:     458752 kB
VmallocUsed:       85800 kB
VmallocChunk:     225308 kB
Time pass: 208 sec

---2015-10-26 00:17:40
MemTotal:        1420824 kB
MemFree:           59516 kB
Buffers:           61252 kB
Cached:           550800 kB
SwapCached:         1232 kB
Active:           570084 kB
Inactive:         495948 kB
Active(anon):     215172 kB
Inactive(anon):   240328 kB
Active(file):     354912 kB
Inactive(file):   255620 kB
Unevictable:         892 kB
Mlocked:               0 kB
HighTotal:       1001472 kB
HighFree:           5140 kB
LowTotal:         419352 kB
LowFree:           54376 kB
SwapTotal:        786428 kB
SwapFree:         762408 kB
Dirty:                 0 kB
Writeback:             0 kB
AnonPages:        453868 kB
Mapped:           199836 kB
Shmem:               628 kB
Slab:              51396 kB
SReclaimable:      20668 kB
SUnreclaim:        30728 kB
KernelStack:        9976 kB
PageTables:        15768 kB
NFS_Unstable:          0 kB
Bounce:                0 kB
WritebackTmp:          0 kB
CommitLimit:     1496840 kB
Committed_AS:   21219732 kB
VmallocTotal:     458752 kB
VmallocUsed:       85800 kB
VmallocChunk:     225308 kB
Time pass: 212 sec

---2015-10-26 00:17:40
MemTotal:        1420824 kB
MemFree:           54576 kB
Buffers:           61252 kB
Cached:           550840 kB
SwapCached:         1232 kB
Active:           570824 kB
Inactive:         495960 kB
Active(anon):     215904 kB
Inactive(anon):   240344 kB
Active(file):     354920 kB
Inactive(file):   255616 kB
Unevictable:         892 kB
Mlocked:               0 kB
HighTotal:       1001472 kB
HighFree:           5300 kB
LowTotal:         419352 kB
LowFree:           49276 kB
SwapTotal:        786428 kB
SwapFree:         762408 kB
Dirty:                36 kB
Writeback:             0 kB
AnonPages:        454584 kB
Mapped:           200280 kB
Shmem:               664 kB
Slab:              51268 kB
SReclaimable:      20668 kB
SUnreclaim:        30600 kB
KernelStack:        9976 kB
PageTables:        15812 kB
NFS_Unstable:          0 kB
Bounce:                0 kB
WritebackTmp:          0 kB
CommitLimit:     1496840 kB
Committed_AS:   21220380 kB
VmallocTotal:     458752 kB
VmallocUsed:       85800 kB
VmallocChunk:     225308 kB
Time pass: 216 sec

---2015-10-26 00:17:40
MemTotal:        1420824 kB
MemFree:           53980 kB
Buffers:           61260 kB
Cached:           550856 kB
SwapCached:         1232 kB
Active:           571380 kB
Inactive:         496004 kB
Active(anon):     216460 kB
Inactive(anon):   240380 kB
Active(file):     354920 kB
Inactive(file):   255624 kB
Unevictable:         892 kB
Mlocked:               0 kB
HighTotal:       1001472 kB
HighFree:           5188 kB
LowTotal:         419352 kB
LowFree:           48792 kB
SwapTotal:        786428 kB
SwapFree:         762408 kB
Dirty:                12 kB
Writeback:             0 kB
AnonPages:        455096 kB
Mapped:           200300 kB
Shmem:               680 kB
Slab:              51280 kB
SReclaimable:      20668 kB
SUnreclaim:        30612 kB
KernelStack:        9976 kB
PageTables:        15808 kB
NFS_Unstable:          0 kB
Bounce:                0 kB
WritebackTmp:          0 kB
CommitLimit:     1496840 kB
Committed_AS:   21220744 kB
VmallocTotal:     458752 kB
VmallocUsed:       85768 kB
VmallocChunk:     225308 kB
Time pass: 219 sec

---2015-10-26 00:17:40
MemTotal:        1420824 kB
MemFree:           52440 kB
Buffers:           61260 kB
Cached:           550856 kB
SwapCached:         1232 kB
Active:           572280 kB
Inactive:         496000 kB
Active(anon):     217356 kB
Inactive(anon):   240380 kB
Active(file):     354924 kB
Inactive(file):   255620 kB
Unevictable:         892 kB
Mlocked:               0 kB
HighTotal:       1001472 kB
HighFree:           5096 kB
LowTotal:         419352 kB
LowFree:           47344 kB
SwapTotal:        786428 kB
SwapFree:         762408 kB
Dirty:                40 kB
Writeback:             0 kB
AnonPages:        455964 kB
Mapped:           200304 kB
Shmem:               680 kB
Slab:              51316 kB
SReclaimable:      20668 kB
SUnreclaim:        30648 kB
KernelStack:        9976 kB
PageTables:        15812 kB
NFS_Unstable:          0 kB
Bounce:                0 kB
WritebackTmp:          0 kB
CommitLimit:     1496840 kB
Committed_AS:   21221544 kB
VmallocTotal:     458752 kB
VmallocUsed:       85800 kB
VmallocChunk:     225308 kB
Time pass: 223 sec

---2015-10-26 00:17:40
MemTotal:        1420824 kB
MemFree:           51420 kB
Buffers:           61260 kB
Cached:           550856 kB
SwapCached:         1232 kB
Active:           573000 kB
Inactive:         496000 kB
Active(anon):     218076 kB
Inactive(anon):   240380 kB
Active(file):     354924 kB
Inactive(file):   255620 kB
Unevictable:         892 kB
Mlocked:               0 kB
HighTotal:       1001472 kB
HighFree:           5096 kB
LowTotal:         419352 kB
LowFree:           46324 kB
SwapTotal:        786428 kB
SwapFree:         762408 kB
Dirty:                 0 kB
Writeback:             0 kB
AnonPages:        456736 kB
Mapped:           200304 kB
Shmem:               680 kB
Slab:              51328 kB
SReclaimable:      20668 kB
SUnreclaim:        30660 kB
KernelStack:        9976 kB
PageTables:        15812 kB
NFS_Unstable:          0 kB
Bounce:                0 kB
WritebackTmp:          0 kB
CommitLimit:     1496840 kB
Committed_AS:   21222120 kB
VmallocTotal:     458752 kB
VmallocUsed:       85800 kB
VmallocChunk:     225308 kB
Time pass: 226 sec

---2015-10-26 00:17:40
MemTotal:        1420824 kB
MemFree:           51404 kB
Buffers:           61260 kB
Cached:           550892 kB
SwapCached:         1232 kB
Active:           573388 kB
Inactive:         496032 kB
Active(anon):     218460 kB
Inactive(anon):   240416 kB
Active(file):     354928 kB
Inactive(file):   255616 kB
Unevictable:         892 kB
Mlocked:               0 kB
HighTotal:       1001472 kB
HighFree:           5096 kB
LowTotal:         419352 kB
LowFree:           46308 kB
SwapTotal:        786428 kB
SwapFree:         762408 kB
Dirty:                28 kB
Writeback:             0 kB
AnonPages:        457148 kB
Mapped:           200340 kB
Shmem:               716 kB
Slab:              51228 kB
SReclaimable:      20668 kB
SUnreclaim:        30560 kB
KernelStack:        9992 kB
PageTables:        15812 kB
NFS_Unstable:          0 kB
Bounce:                0 kB
WritebackTmp:          0 kB
CommitLimit:     1496840 kB
Committed_AS:   21222528 kB
VmallocTotal:     458752 kB
VmallocUsed:       85800 kB
VmallocChunk:     225308 kB
Time pass: 230 sec

---2015-10-26 00:17:40
MemTotal:        1420824 kB
MemFree:           50836 kB
Buffers:           61260 kB
Cached:           550892 kB
SwapCached:         1232 kB
Active:           573844 kB
Inactive:         496032 kB
Active(anon):     218916 kB
Inactive(anon):   240416 kB
Active(file):     354928 kB
Inactive(file):   255616 kB
Unevictable:         892 kB
Mlocked:               0 kB
HighTotal:       1001472 kB
HighFree:           5064 kB
LowTotal:         419352 kB
LowFree:           45772 kB
SwapTotal:        786428 kB
SwapFree:         762408 kB
Dirty:                 0 kB
Writeback:             0 kB
AnonPages:        457692 kB
Mapped:           200344 kB
Shmem:               716 kB
Slab:              51300 kB
SReclaimable:      20668 kB
SUnreclaim:        30632 kB
KernelStack:        9976 kB
PageTables:        15808 kB
NFS_Unstable:          0 kB
Bounce:                0 kB
WritebackTmp:          0 kB
CommitLimit:     1496840 kB
Committed_AS:   21222952 kB
VmallocTotal:     458752 kB
VmallocUsed:       85800 kB
VmallocChunk:     225308 kB
Time pass: 233 sec

---2015-10-26 00:17:40
MemTotal:        1420824 kB
MemFree:           50404 kB
Buffers:           61260 kB
Cached:           550892 kB
SwapCached:         1232 kB
Active:           574364 kB
Inactive:         496032 kB
Active(anon):     219436 kB
Inactive(anon):   240416 kB
Active(file):     354928 kB
Inactive(file):   255616 kB
Unevictable:         892 kB
Mlocked:               0 kB
HighTotal:       1001472 kB
HighFree:           5076 kB
LowTotal:         419352 kB
LowFree:           45328 kB
SwapTotal:        786428 kB
SwapFree:         762408 kB
Dirty:                 0 kB
Writeback:             0 kB
AnonPages:        458228 kB
Mapped:           200244 kB
Shmem:               716 kB
Slab:              51272 kB
SReclaimable:      20668 kB
SUnreclaim:        30604 kB
KernelStack:        9968 kB
PageTables:        15812 kB
NFS_Unstable:          0 kB
Bounce:                0 kB
WritebackTmp:          0 kB
CommitLimit:     1496840 kB
Committed_AS:   21223360 kB
VmallocTotal:     458752 kB
VmallocUsed:       85832 kB
VmallocChunk:     225308 kB
Time pass: 237 sec

---2015-10-26 00:17:40
MemTotal:        1420824 kB
MemFree:           49608 kB
Buffers:           61260 kB
Cached:           550896 kB
SwapCached:         1232 kB
Active:           574568 kB
Inactive:         496028 kB
Active(anon):     219632 kB
Inactive(anon):   240420 kB
Active(file):     354936 kB
Inactive(file):   255608 kB
Unevictable:         892 kB
Mlocked:               0 kB
HighTotal:       1001472 kB
HighFree:           5072 kB
LowTotal:         419352 kB
LowFree:           44536 kB
SwapTotal:        786428 kB
SwapFree:         762408 kB
Dirty:                40 kB
Writeback:             0 kB
AnonPages:        458216 kB
Mapped:           200248 kB
Shmem:               720 kB
Slab:              51272 kB
SReclaimable:      20668 kB
SUnreclaim:        30604 kB
KernelStack:        9976 kB
PageTables:        15816 kB
NFS_Unstable:          0 kB
Bounce:                0 kB
WritebackTmp:          0 kB
CommitLimit:     1496840 kB
Committed_AS:   21223436 kB
VmallocTotal:     458752 kB
VmallocUsed:       85832 kB
VmallocChunk:     225308 kB
Time pass: 241 sec

---2015-10-26 00:17:40
MemTotal:        1420824 kB
MemFree:           48416 kB
Buffers:           61260 kB
Cached:           550896 kB
SwapCached:         1232 kB
Active:           575772 kB
Inactive:         496028 kB
Active(anon):     220836 kB
Inactive(anon):   240420 kB
Active(file):     354936 kB
Inactive(file):   255608 kB
Unevictable:         892 kB
Mlocked:               0 kB
HighTotal:       1001472 kB
HighFree:           5040 kB
LowTotal:         419352 kB
LowFree:           43376 kB
SwapTotal:        786428 kB
SwapFree:         762408 kB
Dirty:                28 kB
Writeback:             0 kB
AnonPages:        459556 kB
Mapped:           200348 kB
Shmem:               720 kB
Slab:              51340 kB
SReclaimable:      20668 kB
SUnreclaim:        30672 kB
KernelStack:        9968 kB
PageTables:        15816 kB
NFS_Unstable:          0 kB
Bounce:                0 kB
WritebackTmp:          0 kB
CommitLimit:     1496840 kB
Committed_AS:   21224680 kB
VmallocTotal:     458752 kB
VmallocUsed:       85800 kB
VmallocChunk:     225308 kB
Time pass: 246 sec

---2015-10-26 00:17:40
MemTotal:        1420824 kB
MemFree:           50044 kB
Buffers:           61260 kB
Cached:           550972 kB
SwapCached:         1232 kB
Active:           575300 kB
Inactive:         496104 kB
Active(anon):     220364 kB
Inactive(anon):   240496 kB
Active(file):     354936 kB
Inactive(file):   255608 kB
Unevictable:         892 kB
Mlocked:               0 kB
HighTotal:       1001472 kB
HighFree:           5680 kB
LowTotal:         419352 kB
LowFree:           44364 kB
SwapTotal:        786428 kB
SwapFree:         762408 kB
Dirty:                 0 kB
Writeback:             0 kB
AnonPages:        459024 kB
Mapped:           200424 kB
Shmem:               796 kB
Slab:              51296 kB
SReclaimable:      20668 kB
SUnreclaim:        30628 kB
KernelStack:        9968 kB
PageTables:        15820 kB
NFS_Unstable:          0 kB
Bounce:                0 kB
WritebackTmp:          0 kB
CommitLimit:     1496840 kB
Committed_AS:   21225068 kB
VmallocTotal:     458752 kB
VmallocUsed:       85768 kB
VmallocChunk:     225308 kB
Time pass: 250 sec

---2015-10-26 00:17:40
MemTotal:        1420824 kB
MemFree:           48940 kB
Buffers:           61260 kB
Cached:           550976 kB
SwapCached:         1232 kB
Active:           575752 kB
Inactive:         496108 kB
Active(anon):     220816 kB
Inactive(anon):   240500 kB
Active(file):     354936 kB
Inactive(file):   255608 kB
Unevictable:         892 kB
Mlocked:               0 kB
HighTotal:       1001472 kB
HighFree:           5052 kB
LowTotal:         419352 kB
LowFree:           43888 kB
SwapTotal:        786428 kB
SwapFree:         762408 kB
Dirty:                 4 kB
Writeback:             0 kB
AnonPages:        459476 kB
Mapped:           200428 kB
Shmem:               800 kB
Slab:              51316 kB
SReclaimable:      20668 kB
SUnreclaim:        30648 kB
KernelStack:        9968 kB
PageTables:        15820 kB
NFS_Unstable:          0 kB
Bounce:                0 kB
WritebackTmp:          0 kB
CommitLimit:     1496840 kB
Committed_AS:   21225440 kB
VmallocTotal:     458752 kB
VmallocUsed:       85800 kB
VmallocChunk:     225308 kB
Time pass: 253 sec

---2015-10-26 00:17:40
MemTotal:        1420824 kB
MemFree:           48516 kB
Buffers:           61260 kB
Cached:           550976 kB
SwapCached:         1232 kB
Active:           576284 kB
Inactive:         496108 kB
Active(anon):     221348 kB
Inactive(anon):   240500 kB
Active(file):     354936 kB
Inactive(file):   255608 kB
Unevictable:         892 kB
Mlocked:               0 kB
HighTotal:       1001472 kB
HighFree:           5132 kB
LowTotal:         419352 kB
LowFree:           43384 kB
SwapTotal:        786428 kB
SwapFree:         762408 kB
Dirty:                 0 kB
Writeback:             0 kB
AnonPages:        459968 kB
Mapped:           200428 kB
Shmem:               800 kB
Slab:              51436 kB
SReclaimable:      20668 kB
SUnreclaim:        30768 kB
KernelStack:        9968 kB
PageTables:        15820 kB
NFS_Unstable:          0 kB
Bounce:                0 kB
WritebackTmp:          0 kB
CommitLimit:     1496840 kB
Committed_AS:   21225884 kB
VmallocTotal:     458752 kB
VmallocUsed:       85800 kB
VmallocChunk:     225308 kB
Time pass: 257 sec

---2015-10-26 00:17:40
MemTotal:        1420824 kB
MemFree:           47916 kB
Buffers:           61260 kB
Cached:           550976 kB
SwapCached:         1232 kB
Active:           576728 kB
Inactive:         496104 kB
Active(anon):     221788 kB
Inactive(anon):   240500 kB
Active(file):     354940 kB
Inactive(file):   255604 kB
Unevictable:         892 kB
Mlocked:               0 kB
HighTotal:       1001472 kB
HighFree:           5132 kB
LowTotal:         419352 kB
LowFree:           42784 kB
SwapTotal:        786428 kB
SwapFree:         762408 kB
Dirty:                44 kB
Writeback:             0 kB
AnonPages:        460412 kB
Mapped:           200388 kB
Shmem:               800 kB
Slab:              51320 kB
SReclaimable:      20668 kB
SUnreclaim:        30652 kB
KernelStack:        9968 kB
PageTables:        15804 kB
NFS_Unstable:          0 kB
Bounce:                0 kB
WritebackTmp:          0 kB
CommitLimit:     1496840 kB
Committed_AS:   21226396 kB
VmallocTotal:     458752 kB
VmallocUsed:       85800 kB
VmallocChunk:     225308 kB
Time pass: 261 sec

---2015-10-26 00:17:40
MemTotal:        1420824 kB
MemFree:           48180 kB
Buffers:           61260 kB
Cached:           551008 kB
SwapCached:         1232 kB
Active:           576580 kB
Inactive:         496132 kB
Active(anon):     221636 kB
Inactive(anon):   240532 kB
Active(file):     354944 kB
Inactive(file):   255600 kB
Unevictable:         892 kB
Mlocked:               0 kB
HighTotal:       1001472 kB
HighFree:           5120 kB
LowTotal:         419352 kB
LowFree:           43060 kB
SwapTotal:        786428 kB
SwapFree:         762408 kB
Dirty:                28 kB
Writeback:             0 kB
AnonPages:        460292 kB
Mapped:           200460 kB
Shmem:               832 kB
Slab:              51296 kB
SReclaimable:      20668 kB
SUnreclaim:        30628 kB
KernelStack:        9960 kB
PageTables:        15820 kB
NFS_Unstable:          0 kB
Bounce:                0 kB
WritebackTmp:          0 kB
CommitLimit:     1496840 kB
Committed_AS:   21226576 kB
VmallocTotal:     458752 kB
VmallocUsed:       85800 kB
VmallocChunk:     225308 kB
Time pass: 265 sec

---2015-10-26 00:17:40
MemTotal:        1420824 kB
MemFree:           47228 kB
Buffers:           61260 kB
Cached:           551008 kB
SwapCached:         1232 kB
Active:           576556 kB
Inactive:         496132 kB
Active(anon):     221612 kB
Inactive(anon):   240532 kB
Active(file):     354944 kB
Inactive(file):   255600 kB
Unevictable:         892 kB
Mlocked:               0 kB
HighTotal:       1001472 kB
HighFree:           5120 kB
LowTotal:         419352 kB
LowFree:           42108 kB
SwapTotal:        786428 kB
SwapFree:         762408 kB
Dirty:                 0 kB
Writeback:             0 kB
AnonPages:        460240 kB
Mapped:           200360 kB
Shmem:               832 kB
Slab:              51500 kB
SReclaimable:      20668 kB
SUnreclaim:        30832 kB
KernelStack:        9968 kB
PageTables:        15820 kB
NFS_Unstable:          0 kB
Bounce:                0 kB
WritebackTmp:          0 kB
CommitLimit:     1496840 kB
Committed_AS:   21226100 kB
VmallocTotal:     458752 kB
VmallocUsed:       85832 kB
VmallocChunk:     225308 kB
Time pass: 269 sec

---2015-10-26 00:17:40
MemTotal:        1420824 kB
MemFree:           47508 kB
Buffers:           61260 kB
Cached:           551008 kB
SwapCached:         1232 kB
Active:           576628 kB
Inactive:         496132 kB
Active(anon):     221684 kB
Inactive(anon):   240532 kB
Active(file):     354944 kB
Inactive(file):   255600 kB
Unevictable:         892 kB
Mlocked:               0 kB
HighTotal:       1001472 kB
HighFree:           5120 kB
LowTotal:         419352 kB
LowFree:           42388 kB
SwapTotal:        786428 kB
SwapFree:         762408 kB
Dirty:                 0 kB
Writeback:             0 kB
AnonPages:        460232 kB
Mapped:           200508 kB
Shmem:               832 kB
Slab:              51368 kB
SReclaimable:      20668 kB
SUnreclaim:        30700 kB
KernelStack:        9976 kB
PageTables:        15820 kB
NFS_Unstable:          0 kB
Bounce:                0 kB
WritebackTmp:          0 kB
CommitLimit:     1496840 kB
Committed_AS:   21226108 kB
VmallocTotal:     458752 kB
VmallocUsed:       85832 kB
VmallocChunk:     225308 kB
Time pass: 273 sec

---2015-10-26 00:17:40
MemTotal:        1420824 kB
MemFree:           47680 kB
Buffers:           61268 kB
Cached:           551000 kB
SwapCached:         1232 kB
Active:           577036 kB
Inactive:         496140 kB
Active(anon):     222092 kB
Inactive(anon):   240532 kB
Active(file):     354944 kB
Inactive(file):   255608 kB
Unevictable:         892 kB
Mlocked:               0 kB
HighTotal:       1001472 kB
HighFree:           5136 kB
LowTotal:         419352 kB
LowFree:           42544 kB
SwapTotal:        786428 kB
SwapFree:         762408 kB
Dirty:                 0 kB
Writeback:             0 kB
AnonPages:        460728 kB
Mapped:           200440 kB
Shmem:               832 kB
Slab:              51368 kB
SReclaimable:      20668 kB
SUnreclaim:        30700 kB
KernelStack:        9984 kB
PageTables:        15832 kB
NFS_Unstable:          0 kB
Bounce:                0 kB
WritebackTmp:          0 kB
CommitLimit:     1496840 kB
Committed_AS:   21226580 kB
VmallocTotal:     458752 kB
VmallocUsed:       85800 kB
VmallocChunk:     225308 kB
Time pass: 278 sec

---2015-10-26 00:17:40
MemTotal:        1420824 kB
MemFree:           47364 kB
Buffers:           61268 kB
Cached:           551008 kB
SwapCached:         1232 kB
Active:           576724 kB
Inactive:         496136 kB
Active(anon):     221776 kB
Inactive(anon):   240532 kB
Active(file):     354948 kB
Inactive(file):   255604 kB
Unevictable:         892 kB
Mlocked:               0 kB
HighTotal:       1001472 kB
HighFree:           5036 kB
LowTotal:         419352 kB
LowFree:           42328 kB
SwapTotal:        786428 kB
SwapFree:         762408 kB
Dirty:                40 kB
Writeback:             0 kB
AnonPages:        460464 kB
Mapped:           200460 kB
Shmem:               832 kB
Slab:              51280 kB
SReclaimable:      20668 kB
SUnreclaim:        30612 kB
KernelStack:        9968 kB
PageTables:        15820 kB
NFS_Unstable:          0 kB
Bounce:                0 kB
WritebackTmp:          0 kB
CommitLimit:     1496840 kB
Committed_AS:   21226064 kB
VmallocTotal:     458752 kB
VmallocUsed:       85800 kB
VmallocChunk:     225308 kB
Time pass: 282 sec

---2015-10-26 00:17:40
MemTotal:        1420824 kB
MemFree:           47228 kB
Buffers:           61268 kB
Cached:           551008 kB
SwapCached:         1232 kB
Active:           576848 kB
Inactive:         496136 kB
Active(anon):     221900 kB
Inactive(anon):   240532 kB
Active(file):     354948 kB
Inactive(file):   255604 kB
Unevictable:         892 kB
Mlocked:               0 kB
HighTotal:       1001472 kB
HighFree:           5036 kB
LowTotal:         419352 kB
LowFree:           42192 kB
SwapTotal:        786428 kB
SwapFree:         762408 kB
Dirty:                28 kB
Writeback:             0 kB
AnonPages:        460576 kB
Mapped:           200460 kB
Shmem:               832 kB
Slab:              51412 kB
SReclaimable:      20668 kB
SUnreclaim:        30744 kB
KernelStack:        9968 kB
PageTables:        15820 kB
NFS_Unstable:          0 kB
Bounce:                0 kB
WritebackTmp:          0 kB
CommitLimit:     1496840 kB
Committed_AS:   21226188 kB
VmallocTotal:     458752 kB
VmallocUsed:       85800 kB
VmallocChunk:     225308 kB
Time pass: 286 sec

---2015-10-26 00:17:40
MemTotal:        1420824 kB
MemFree:           47632 kB
Buffers:           61268 kB
Cached:           551008 kB
SwapCached:         1232 kB
Active:           577048 kB
Inactive:         496136 kB
Active(anon):     222100 kB
Inactive(anon):   240532 kB
Active(file):     354948 kB
Inactive(file):   255604 kB
Unevictable:         892 kB
Mlocked:               0 kB
HighTotal:       1001472 kB
HighFree:           5032 kB
LowTotal:         419352 kB
LowFree:           42600 kB
SwapTotal:        786428 kB
SwapFree:         762408 kB
Dirty:                 0 kB
Writeback:             0 kB
AnonPages:        460928 kB
Mapped:           200460 kB
Shmem:               832 kB
Slab:              51328 kB
SReclaimable:      20668 kB
SUnreclaim:        30660 kB
KernelStack:        9992 kB
PageTables:        15816 kB
NFS_Unstable:          0 kB
Bounce:                0 kB
WritebackTmp:          0 kB
CommitLimit:     1496840 kB
Committed_AS:   21226556 kB
VmallocTotal:     458752 kB
VmallocUsed:       85800 kB
VmallocChunk:     225308 kB
Time pass: 289 sec

---2015-10-26 00:17:40
MemTotal:        1420824 kB
MemFree:           47464 kB
Buffers:           61272 kB
Cached:           551004 kB
SwapCached:         1232 kB
Active:           577032 kB
Inactive:         496136 kB
Active(anon):     222084 kB
Inactive(anon):   240532 kB
Active(file):     354948 kB
Inactive(file):   255604 kB
Unevictable:         892 kB
Mlocked:               0 kB
HighTotal:       1001472 kB
HighFree:           5104 kB
LowTotal:         419352 kB
LowFree:           42360 kB
SwapTotal:        786428 kB
SwapFree:         762408 kB
Dirty:                76 kB
Writeback:             0 kB
AnonPages:        460700 kB
Mapped:           200460 kB
Shmem:               832 kB
Slab:              51400 kB
SReclaimable:      20668 kB
SUnreclaim:        30732 kB
KernelStack:        9968 kB
PageTables:        15824 kB
NFS_Unstable:          0 kB
Bounce:                0 kB
WritebackTmp:          0 kB
CommitLimit:     1496840 kB
Committed_AS:   21226172 kB
VmallocTotal:     458752 kB
VmallocUsed:       85800 kB
VmallocChunk:     225308 kB
Time pass: 294 sec

---2015-10-26 00:17:40
MemTotal:        1420824 kB
MemFree:           47608 kB
Buffers:           61272 kB
Cached:           551008 kB
SwapCached:         1232 kB
Active:           577368 kB
Inactive:         496124 kB
Active(anon):     222404 kB
Inactive(anon):   240532 kB
Active(file):     354964 kB
Inactive(file):   255592 kB
Unevictable:         892 kB
Mlocked:               0 kB
HighTotal:       1001472 kB
HighFree:           5124 kB
LowTotal:         419352 kB
LowFree:           42484 kB
SwapTotal:        786428 kB
SwapFree:         762408 kB
Dirty:                64 kB
Writeback:             0 kB
AnonPages:        461140 kB
Mapped:           200460 kB
Shmem:               832 kB
Slab:              51300 kB
SReclaimable:      20668 kB
SUnreclaim:        30632 kB
KernelStack:        9984 kB
PageTables:        15820 kB
NFS_Unstable:          0 kB
Bounce:                0 kB
WritebackTmp:          0 kB
CommitLimit:     1496840 kB
Committed_AS:   21226188 kB
VmallocTotal:     458752 kB
VmallocUsed:       85800 kB
VmallocChunk:     225308 kB
Time pass: 297 sec

---2015-10-26 00:17:40
MemTotal:        1420824 kB
MemFree:           47000 kB
Buffers:           61272 kB
Cached:           551008 kB
SwapCached:         1232 kB
Active:           577844 kB
Inactive:         496120 kB
Active(anon):     222876 kB
Inactive(anon):   240532 kB
Active(file):     354968 kB
Inactive(file):   255588 kB
Unevictable:         892 kB
Mlocked:               0 kB
HighTotal:       1001472 kB
HighFree:           5124 kB
LowTotal:         419352 kB
LowFree:           41876 kB
SwapTotal:        786428 kB
SwapFree:         762408 kB
Dirty:                36 kB
Writeback:             0 kB
AnonPages:        461520 kB
Mapped:           200460 kB
Shmem:               832 kB
Slab:              51256 kB
SReclaimable:      20668 kB
SUnreclaim:        30588 kB
KernelStack:        9976 kB
PageTables:        15824 kB
NFS_Unstable:          0 kB
Bounce:                0 kB
WritebackTmp:          0 kB
CommitLimit:     1496840 kB
Committed_AS:   21226588 kB
VmallocTotal:     458752 kB
VmallocUsed:       85800 kB
VmallocChunk:     225308 kB
Time pass: 302 sec

---2015-10-26 00:17:40
MemTotal:        1420824 kB
MemFree:           46736 kB
Buffers:           61272 kB
Cached:           551048 kB
SwapCached:         1232 kB
Active:           577652 kB
Inactive:         496160 kB
Active(anon):     222684 kB
Inactive(anon):   240572 kB
Active(file):     354968 kB
Inactive(file):   255588 kB
Unevictable:         892 kB
Mlocked:               0 kB
HighTotal:       1001472 kB
HighFree:           5124 kB
LowTotal:         419352 kB
LowFree:           41612 kB
SwapTotal:        786428 kB
SwapFree:         762408 kB
Dirty:                 0 kB
Writeback:             0 kB
AnonPages:        461292 kB
Mapped:           200500 kB
Shmem:               872 kB
Slab:              51344 kB
SReclaimable:      20668 kB
SUnreclaim:        30676 kB
KernelStack:        9968 kB
PageTables:        15816 kB
NFS_Unstable:          0 kB
Bounce:                0 kB
WritebackTmp:          0 kB
CommitLimit:     1496840 kB
Committed_AS:   21226280 kB
VmallocTotal:     458752 kB
VmallocUsed:       85800 kB
VmallocChunk:     225308 kB
Time pass: 306 sec

---2015-10-26 00:17:40
MemTotal:        1420824 kB
MemFree:           47196 kB
Buffers:           61272 kB
Cached:           551048 kB
SwapCached:         1232 kB
Active:           577640 kB
Inactive:         496160 kB
Active(anon):     222672 kB
Inactive(anon):   240572 kB
Active(file):     354968 kB
Inactive(file):   255588 kB
Unevictable:         892 kB
Mlocked:               0 kB
HighTotal:       1001472 kB
HighFree:           5124 kB
LowTotal:         419352 kB
LowFree:           42072 kB
SwapTotal:        786428 kB
SwapFree:         762408 kB
Dirty:                 0 kB
Writeback:             0 kB
AnonPages:        461404 kB
Mapped:           200500 kB
Shmem:               872 kB
Slab:              51260 kB
SReclaimable:      20668 kB
SUnreclaim:        30592 kB
KernelStack:        9992 kB
PageTables:        15836 kB
NFS_Unstable:          0 kB
Bounce:                0 kB
WritebackTmp:          0 kB
CommitLimit:     1496840 kB
Committed_AS:   21226324 kB
VmallocTotal:     458752 kB
VmallocUsed:       85800 kB
VmallocChunk:     225308 kB
Time pass: 310 sec

---2015-10-26 00:17:40
MemTotal:        1420824 kB
MemFree:           45860 kB
Buffers:           61272 kB
Cached:           551056 kB
SwapCached:         1232 kB
Active:           577788 kB
Inactive:         496168 kB
Active(anon):     222820 kB
Inactive(anon):   240572 kB
Active(file):     354968 kB
Inactive(file):   255596 kB
Unevictable:         892 kB
Mlocked:               0 kB
HighTotal:       1001472 kB
HighFree:           5124 kB
LowTotal:         419352 kB
LowFree:           40736 kB
SwapTotal:        786428 kB
SwapFree:         762408 kB
Dirty:                 4 kB
Writeback:             0 kB
AnonPages:        461532 kB
Mapped:           200416 kB
Shmem:               872 kB
Slab:              51372 kB
SReclaimable:      20668 kB
SUnreclaim:        30704 kB
KernelStack:        9992 kB
PageTables:        15836 kB
NFS_Unstable:          0 kB
Bounce:                0 kB
WritebackTmp:          0 kB
CommitLimit:     1496840 kB
Committed_AS:   21226256 kB
VmallocTotal:     458752 kB
VmallocUsed:       85832 kB
VmallocChunk:     225308 kB
Time pass: 313 sec

---2015-10-26 00:17:40
MemTotal:        1420824 kB
MemFree:           46472 kB
Buffers:           61272 kB
Cached:           551048 kB
SwapCached:         1232 kB
Active:           577944 kB
Inactive:         496156 kB
Active(anon):     222972 kB
Inactive(anon):   240572 kB
Active(file):     354972 kB
Inactive(file):   255584 kB
Unevictable:         892 kB
Mlocked:               0 kB
HighTotal:       1001472 kB
HighFree:           5128 kB
LowTotal:         419352 kB
LowFree:           41344 kB
SwapTotal:        786428 kB
SwapFree:         762408 kB
Dirty:                 4 kB
Writeback:             0 kB
AnonPages:        461768 kB
Mapped:           200508 kB
Shmem:               872 kB
Slab:              51296 kB
SReclaimable:      20668 kB
SUnreclaim:        30628 kB
KernelStack:        9968 kB
PageTables:        15808 kB
NFS_Unstable:          0 kB
Bounce:                0 kB
WritebackTmp:          0 kB
CommitLimit:     1496840 kB
Committed_AS:   21226784 kB
VmallocTotal:     458752 kB
VmallocUsed:       85832 kB
VmallocChunk:     225308 kB
Time pass: 317 sec

---2015-10-26 00:17:40
MemTotal:        1420824 kB
MemFree:           46432 kB
Buffers:           61272 kB
Cached:           551048 kB
SwapCached:         1232 kB
Active:           577716 kB
Inactive:         496152 kB
Active(anon):     222740 kB
Inactive(anon):   240572 kB
Active(file):     354976 kB
Inactive(file):   255580 kB
Unevictable:         892 kB
Mlocked:               0 kB
HighTotal:       1001472 kB
HighFree:           5128 kB
LowTotal:         419352 kB
LowFree:           41304 kB
SwapTotal:        786428 kB
SwapFree:         762408 kB
Dirty:                36 kB
Writeback:             0 kB
AnonPages:        461332 kB
Mapped:           200500 kB
Shmem:               872 kB
Slab:              51436 kB
SReclaimable:      20668 kB
SUnreclaim:        30768 kB
KernelStack:        9984 kB
PageTables:        15828 kB
NFS_Unstable:          0 kB
Bounce:                0 kB
WritebackTmp:          0 kB
CommitLimit:     1496840 kB
Committed_AS:   21226556 kB
VmallocTotal:     458752 kB
VmallocUsed:       85800 kB
VmallocChunk:     225308 kB
Time pass: 322 sec

---2015-10-26 00:17:40
MemTotal:        1420824 kB
MemFree:           46932 kB
Buffers:           61272 kB
Cached:           551048 kB
SwapCached:         1232 kB
Active:           577888 kB
Inactive:         496152 kB
Active(anon):     222912 kB
Inactive(anon):   240572 kB
Active(file):     354976 kB
Inactive(file):   255580 kB
Unevictable:         892 kB
Mlocked:               0 kB
HighTotal:       1001472 kB
HighFree:           5728 kB
LowTotal:         419352 kB
LowFree:           41204 kB
SwapTotal:        786428 kB
SwapFree:         762408 kB
Dirty:                 0 kB
Writeback:             0 kB
AnonPages:        461552 kB
Mapped:           200500 kB
Shmem:               872 kB
Slab:              51340 kB
SReclaimable:      20668 kB
SUnreclaim:        30672 kB
KernelStack:        9976 kB
PageTables:        15828 kB
NFS_Unstable:          0 kB
Bounce:                0 kB
WritebackTmp:          0 kB
CommitLimit:     1496840 kB
Committed_AS:   21226652 kB
VmallocTotal:     458752 kB
VmallocUsed:       85768 kB
VmallocChunk:     225308 kB
Time pass: 326 sec

---2015-10-26 00:17:40
MemTotal:        1420824 kB
MemFree:           45884 kB
Buffers:           61272 kB
Cached:           551080 kB
SwapCached:         1232 kB
Active:           577992 kB
Inactive:         496184 kB
Active(anon):     223016 kB
Inactive(anon):   240604 kB
Active(file):     354976 kB
Inactive(file):   255580 kB
Unevictable:         892 kB
Mlocked:               0 kB
HighTotal:       1001472 kB
HighFree:           5036 kB
LowTotal:         419352 kB
LowFree:           40848 kB
SwapTotal:        786428 kB
SwapFree:         762408 kB
Dirty:                 0 kB
Writeback:             0 kB
AnonPages:        461628 kB
Mapped:           200428 kB
Shmem:               904 kB
Slab:              51292 kB
SReclaimable:      20668 kB
SUnreclaim:        30624 kB
KernelStack:        9984 kB
PageTables:        15828 kB
NFS_Unstable:          0 kB
Bounce:                0 kB
WritebackTmp:          0 kB
CommitLimit:     1496840 kB
Committed_AS:   21226728 kB
VmallocTotal:     458752 kB
VmallocUsed:       85800 kB
VmallocChunk:     225308 kB
Time pass: 330 sec

---2015-10-26 00:17:40
MemTotal:        1420824 kB
MemFree:           46868 kB
Buffers:           61272 kB
Cached:           551148 kB
SwapCached:         1232 kB
Active:           577536 kB
Inactive:         496252 kB
Active(anon):     222560 kB
Inactive(anon):   240672 kB
Active(file):     354976 kB
Inactive(file):   255580 kB
Unevictable:         892 kB
Mlocked:               0 kB
HighTotal:       1001472 kB
HighFree:           5788 kB
LowTotal:         419352 kB
LowFree:           41080 kB
SwapTotal:        786428 kB
SwapFree:         762408 kB
Dirty:                36 kB
Writeback:             0 kB
AnonPages:        460996 kB
Mapped:           200644 kB
Shmem:               972 kB
Slab:              51324 kB
SReclaimable:      20668 kB
SUnreclaim:        30656 kB
KernelStack:        9976 kB
PageTables:        15812 kB
NFS_Unstable:          0 kB
Bounce:                0 kB
WritebackTmp:          0 kB
CommitLimit:     1496840 kB
Committed_AS:   21226572 kB
VmallocTotal:     458752 kB
VmallocUsed:       85832 kB
VmallocChunk:     225308 kB
Time pass: 334 sec

---2015-10-26 00:17:40
MemTotal:        1420824 kB
MemFree:           46844 kB
Buffers:           61272 kB
Cached:           551148 kB
SwapCached:         1232 kB
Active:           577500 kB
Inactive:         496248 kB
Active(anon):     222520 kB
Inactive(anon):   240672 kB
Active(file):     354980 kB
Inactive(file):   255576 kB
Unevictable:         892 kB
Mlocked:               0 kB
HighTotal:       1001472 kB
HighFree:           5540 kB
LowTotal:         419352 kB
LowFree:           41304 kB
SwapTotal:        786428 kB
SwapFree:         762408 kB
Dirty:                28 kB
Writeback:             0 kB
AnonPages:        461208 kB
Mapped:           200596 kB
Shmem:               972 kB
Slab:              51324 kB
SReclaimable:      20668 kB
SUnreclaim:        30656 kB
KernelStack:        9976 kB
PageTables:        15824 kB
NFS_Unstable:          0 kB
Bounce:                0 kB
WritebackTmp:          0 kB
CommitLimit:     1496840 kB
Committed_AS:   21226512 kB
VmallocTotal:     458752 kB
VmallocUsed:       85800 kB
VmallocChunk:     225308 kB
Time pass: 337 sec

---2015-10-26 00:17:40
MemTotal:        1420824 kB
MemFree:           46396 kB
Buffers:           61272 kB
Cached:           551148 kB
SwapCached:         1232 kB
Active:           577504 kB
Inactive:         496248 kB
Active(anon):     222524 kB
Inactive(anon):   240672 kB
Active(file):     354980 kB
Inactive(file):   255576 kB
Unevictable:         892 kB
Mlocked:               0 kB
HighTotal:       1001472 kB
HighFree:           5348 kB
LowTotal:         419352 kB
LowFree:           41048 kB
SwapTotal:        786428 kB
SwapFree:         762408 kB
Dirty:                 0 kB
Writeback:             0 kB
AnonPages:        461156 kB
Mapped:           200596 kB
Shmem:               972 kB
Slab:              51376 kB
SReclaimable:      20668 kB
