---2015-12-08 15:44:45
MemTotal:        2905316 kB
MemFree:           83720 kB
Buffers:           25764 kB
Cached:          1380992 kB
SwapCached:            0 kB
Active:          1303884 kB
Inactive:        1019348 kB
Active(anon):     781712 kB
Inactive(anon):   179176 kB
Active(file):     522172 kB
Inactive(file):   840172 kB
Unevictable:        7800 kB
Mlocked:               0 kB
SwapTotal:        720184 kB
SwapFree:         720184 kB
Dirty:                 8 kB
Writeback:             0 kB
AnonPages:        924680 kB
Mapped:           515360 kB
Shmem:             36616 kB
Slab:             114476 kB
SReclaimable:      35984 kB
SUnreclaim:        78492 kB
KernelStack:       30960 kB
PageTables:        56736 kB
NFS_Unstable:          0 kB
Bounce:                0 kB
WritebackTmp:          0 kB
CommitLimit:     2172840 kB
Committed_AS:   95644028 kB
VmallocTotal:   251658176 kB
VmallocUsed:      137644 kB
VmallocChunk:   251418156 kB
Time pass: 3 sec

---2015-12-08 15:44:45
MemTotal:        2905316 kB
MemFree:           88888 kB
Buffers:           25764 kB
Cached:          1381656 kB
SwapCached:            0 kB
Active:          1297812 kB
Inactive:        1019976 kB
Active(anon):     775608 kB
Inactive(anon):   179176 kB
Active(file):     522204 kB
Inactive(file):   840800 kB
Unevictable:        7800 kB
Mlocked:               0 kB
SwapTotal:        720184 kB
SwapFree:         720184 kB
Dirty:               200 kB
Writeback:             0 kB
AnonPages:        918208 kB
Mapped:           514112 kB
Shmem:             36616 kB
Slab:             114696 kB
SReclaimable:      35984 kB
SUnreclaim:        78712 kB
KernelStack:       30960 kB
PageTables:        56704 kB
NFS_Unstable:          0 kB
Bounce:                0 kB
WritebackTmp:          0 kB
CommitLimit:     2172840 kB
Committed_AS:   94394180 kB
VmallocTotal:   251658176 kB
VmallocUsed:      136624 kB
VmallocChunk:   251418156 kB
Time pass: 7 sec

---2015-12-08 15:44:45
MemTotal:        2905316 kB
MemFree:          106424 kB
Buffers:           25772 kB
Cached:          1382164 kB
SwapCached:            0 kB
Active:          1280700 kB
Inactive:        1020460 kB
Active(anon):     758468 kB
Inactive(anon):   179176 kB
Active(file):     522232 kB
Inactive(file):   841284 kB
Unevictable:        7800 kB
Mlocked:               0 kB
SwapTotal:        720184 kB
SwapFree:         720184 kB
Dirty:                88 kB
Writeback:             0 kB
AnonPages:        901120 kB
Mapped:           513540 kB
Shmem:             36616 kB
Slab:             114516 kB
SReclaimable:      35984 kB
SUnreclaim:        78532 kB
KernelStack:       30800 kB
PageTables:        56136 kB
NFS_Unstable:          0 kB
Bounce:                0 kB
WritebackTmp:          0 kB
CommitLimit:     2172840 kB
Committed_AS:   93665700 kB
VmallocTotal:   251658176 kB
VmallocUsed:      135604 kB
VmallocChunk:   251418156 kB
Time pass: 11 sec

---2015-12-08 15:44:45
MemTotal:        2905316 kB
MemFree:          107456 kB
Buffers:           25780 kB
Cached:          1383552 kB
SwapCached:            0 kB
Active:          1279384 kB
Inactive:        1021784 kB
Active(anon):     757136 kB
Inactive(anon):   179176 kB
Active(file):     522248 kB
Inactive(file):   842608 kB
Unevictable:        7800 kB
Mlocked:               0 kB
SwapTotal:        720184 kB
SwapFree:         720184 kB
Dirty:                48 kB
Writeback:             0 kB
AnonPages:        899708 kB
Mapped:           513340 kB
Shmem:             36616 kB
Slab:             114668 kB
SReclaimable:      35984 kB
SUnreclaim:        78684 kB
KernelStack:       30528 kB
PageTables:        55536 kB
NFS_Unstable:          0 kB
Bounce:                0 kB
WritebackTmp:          0 kB
CommitLimit:     2172840 kB
Committed_AS:   92416460 kB
VmallocTotal:   251658176 kB
VmallocUsed:      134584 kB
VmallocChunk:   251418156 kB
Time pass: 14 sec

---2015-12-08 15:44:45
MemTotal:        2905316 kB
MemFree:           66788 kB
Buffers:           27548 kB
Cached:          1365684 kB
SwapCached:            0 kB
Active:          1332056 kB
Inactive:        1007100 kB
Active(anon):     806556 kB
Inactive(anon):   183972 kB
Active(file):     525500 kB
Inactive(file):   823128 kB
Unevictable:        7800 kB
Mlocked:               0 kB
SwapTotal:        720184 kB
SwapFree:         720184 kB
Dirty:               552 kB
Writeback:             0 kB
AnonPages:        953864 kB
Mapped:           561804 kB
Shmem:             36804 kB
Slab:             114332 kB
SReclaimable:      35832 kB
SUnreclaim:        78500 kB
KernelStack:       32768 kB
PageTables:        56420 kB
NFS_Unstable:          0 kB
Bounce:                0 kB
WritebackTmp:          0 kB
CommitLimit:     2172840 kB
Committed_AS:   96443428 kB
VmallocTotal:   251658176 kB
VmallocUsed:      135740 kB
VmallocChunk:   251415084 kB
Time pass: 18 sec

---2015-12-08 15:44:45
MemTotal:        2905316 kB
MemFree:           69700 kB
Buffers:           25860 kB
Cached:          1225240 kB
SwapCached:            0 kB
Active:          1332192 kB
Inactive:         877940 kB
Active(anon):     798936 kB
Inactive(anon):   205100 kB
Active(file):     533256 kB
Inactive(file):   672840 kB
Unevictable:        7800 kB
Mlocked:               0 kB
SwapTotal:        720184 kB
SwapFree:         720184 kB
Dirty:              2716 kB
Writeback:             0 kB
AnonPages:        966928 kB
Mapped:           628136 kB
Shmem:             36940 kB
Slab:             114172 kB
SReclaimable:      35256 kB
SUnreclaim:        78916 kB
KernelStack:       33920 kB
PageTables:        57236 kB
NFS_Unstable:          0 kB
Bounce:                0 kB
WritebackTmp:          0 kB
CommitLimit:     2172840 kB
Committed_AS:   93817940 kB
VmallocTotal:   251658176 kB
VmallocUsed:      136208 kB
VmallocChunk:   251415084 kB
Time pass: 22 sec

---2015-12-08 15:44:45
MemTotal:        2905316 kB
MemFree:          112380 kB
Buffers:           26556 kB
Cached:          1203180 kB
SwapCached:            0 kB
Active:          1315040 kB
Inactive:         844168 kB
Active(anon):     779628 kB
Inactive(anon):   188964 kB
Active(file):     535412 kB
Inactive(file):   655204 kB
Unevictable:        7800 kB
Mlocked:               0 kB
SwapTotal:        720184 kB
SwapFree:         720184 kB
Dirty:               864 kB
Writeback:             0 kB
AnonPages:        937620 kB
Mapped:           624004 kB
Shmem:             31192 kB
Slab:             114980 kB
SReclaimable:      35880 kB
SUnreclaim:        79100 kB
KernelStack:       33872 kB
PageTables:        56948 kB
NFS_Unstable:          0 kB
Bounce:                0 kB
WritebackTmp:          0 kB
CommitLimit:     2172840 kB
Committed_AS:   93771864 kB
VmallocTotal:   251658176 kB
VmallocUsed:      136304 kB
VmallocChunk:   251415084 kB
Time pass: 25 sec

---2015-12-08 15:44:45
MemTotal:        2905316 kB
MemFree:          112236 kB
Buffers:           26564 kB
Cached:          1203476 kB
SwapCached:            0 kB
Active:          1314524 kB
Inactive:         844568 kB
Active(anon):     779100 kB
Inactive(anon):   188964 kB
Active(file):     535424 kB
Inactive(file):   655604 kB
Unevictable:        7800 kB
Mlocked:               0 kB
SwapTotal:        720184 kB
SwapFree:         720184 kB
Dirty:                96 kB
Writeback:             0 kB
AnonPages:        937004 kB
Mapped:           624632 kB
Shmem:             31192 kB
Slab:             115592 kB
SReclaimable:      35880 kB
SUnreclaim:        79712 kB
KernelStack:       33872 kB
PageTables:        56948 kB
NFS_Unstable:          0 kB
Bounce:                0 kB
WritebackTmp:          0 kB
CommitLimit:     2172840 kB
Committed_AS:   93772112 kB
VmallocTotal:   251658176 kB
VmallocUsed:      136304 kB
VmallocChunk:   251415084 kB
Time pass: 29 sec

---2015-12-08 15:44:45
MemTotal:        2905316 kB
MemFree:           74932 kB
Buffers:           26608 kB
Cached:          1208440 kB
SwapCached:            0 kB
Active:          1319780 kB
Inactive:         849512 kB
Active(anon):     784308 kB
Inactive(anon):   188944 kB
Active(file):     535472 kB
Inactive(file):   660568 kB
Unevictable:        7800 kB
Mlocked:               0 kB
SwapTotal:        720184 kB
SwapFree:         720184 kB
Dirty:                 0 kB
Writeback:             0 kB
AnonPages:        941996 kB
Mapped:           636040 kB
Shmem:             31192 kB
Slab:             115840 kB
SReclaimable:      35896 kB
SUnreclaim:        79944 kB
KernelStack:       34064 kB
PageTables:        56992 kB
NFS_Unstable:          0 kB
Bounce:                0 kB
WritebackTmp:          0 kB
CommitLimit:     2172840 kB
Committed_AS:   93775828 kB
VmallocTotal:   251658176 kB
VmallocUsed:      136532 kB
VmallocChunk:   251415084 kB
Time pass: 33 sec

---2015-12-08 15:44:45
MemTotal:        2905316 kB
MemFree:           74180 kB
Buffers:           26608 kB
Cached:          1208440 kB
SwapCached:            0 kB
Active:          1320292 kB
Inactive:         849528 kB
Active(anon):     784812 kB
Inactive(anon):   188944 kB
Active(file):     535480 kB
Inactive(file):   660584 kB
Unevictable:        7800 kB
Mlocked:               0 kB
SwapTotal:        720184 kB
SwapFree:         720184 kB
Dirty:                36 kB
Writeback:             0 kB
AnonPages:        942600 kB
Mapped:           636116 kB
Shmem:             31192 kB
Slab:             116280 kB
SReclaimable:      35928 kB
SUnreclaim:        80352 kB
KernelStack:       34096 kB
PageTables:        57036 kB
NFS_Unstable:          0 kB
Bounce:                0 kB
WritebackTmp:          0 kB
CommitLimit:     2172840 kB
Committed_AS:   93775920 kB
VmallocTotal:   251658176 kB
VmallocUsed:      136532 kB
VmallocChunk:   251415084 kB
Time pass: 36 sec

---2015-12-08 15:44:45
MemTotal:        2905316 kB
MemFree:           73456 kB
Buffers:           26616 kB
Cached:          1208520 kB
SwapCached:            0 kB
Active:          1320396 kB
Inactive:         849580 kB
Active(anon):     784888 kB
Inactive(anon):   188944 kB
Active(file):     535508 kB
Inactive(file):   660636 kB
Unevictable:        7800 kB
Mlocked:               0 kB
SwapTotal:        720184 kB
SwapFree:         720184 kB
Dirty:                68 kB
Writeback:             0 kB
AnonPages:        942768 kB
Mapped:           636140 kB
Shmem:             31192 kB
Slab:             116676 kB
SReclaimable:      35928 kB
SUnreclaim:        80748 kB
KernelStack:       34112 kB
PageTables:        57032 kB
NFS_Unstable:          0 kB
Bounce:                0 kB
WritebackTmp:          0 kB
CommitLimit:     2172840 kB
Committed_AS:   93775896 kB
VmallocTotal:   251658176 kB
VmallocUsed:      136532 kB
VmallocChunk:   251415084 kB
Time pass: 40 sec

---2015-12-08 15:44:45
MemTotal:        2905316 kB
MemFree:           64376 kB
Buffers:           26120 kB
Cached:          1167272 kB
SwapCached:            0 kB
Active:          1331156 kB
Inactive:         806540 kB
Active(anon):     786272 kB
Inactive(anon):   197140 kB
Active(file):     544884 kB
Inactive(file):   609400 kB
Unevictable:        7800 kB
Mlocked:               0 kB
SwapTotal:        720184 kB
SwapFree:         720184 kB
Dirty:               284 kB
Writeback:             0 kB
AnonPages:        952220 kB
Mapped:           647440 kB
Shmem:             31196 kB
Slab:             117188 kB
SReclaimable:      36392 kB
SUnreclaim:        80796 kB
KernelStack:       34112 kB
PageTables:        57344 kB
NFS_Unstable:          0 kB
Bounce:                0 kB
WritebackTmp:          0 kB
CommitLimit:     2172840 kB
Committed_AS:   93793836 kB
VmallocTotal:   251658176 kB
VmallocUsed:      136800 kB
VmallocChunk:   251415084 kB
Time pass: 44 sec

---2015-12-08 15:44:45
MemTotal:        2905316 kB
MemFree:           69136 kB
Buffers:           26008 kB
Cached:          1144012 kB
SwapCached:            0 kB
Active:          1341048 kB
Inactive:         782728 kB
Active(anon):     793572 kB
Inactive(anon):   199240 kB
Active(file):     547476 kB
Inactive(file):   583488 kB
Unevictable:        7800 kB
Mlocked:               0 kB
SwapTotal:        720184 kB
SwapFree:         720184 kB
Dirty:               344 kB
Writeback:             0 kB
AnonPages:        961692 kB
Mapped:           652808 kB
Shmem:             31256 kB
Slab:             116840 kB
SReclaimable:      36136 kB
SUnreclaim:        80704 kB
KernelStack:       34112 kB
PageTables:        57500 kB
NFS_Unstable:          0 kB
Bounce:                0 kB
WritebackTmp:          0 kB
CommitLimit:     2172840 kB
Committed_AS:   93843220 kB
VmallocTotal:   251658176 kB
VmallocUsed:      136848 kB
VmallocChunk:   251415084 kB
Time pass: 47 sec

---2015-12-08 15:44:45
MemTotal:        2905316 kB
MemFree:           68304 kB
Buffers:           25648 kB
Cached:          1105576 kB
SwapCached:            0 kB
Active:          1361740 kB
Inactive:         748724 kB
Active(anon):     817980 kB
Inactive(anon):   205120 kB
Active(file):     543760 kB
Inactive(file):   543604 kB
Unevictable:       12608 kB
Mlocked:               0 kB
SwapTotal:        720184 kB
SwapFree:         720156 kB
Dirty:              1216 kB
Writeback:             0 kB
AnonPages:        992032 kB
Mapped:           667976 kB
Shmem:             31260 kB
Slab:             115396 kB
SReclaimable:      34312 kB
SUnreclaim:        81084 kB
KernelStack:       34336 kB
PageTables:        57456 kB
NFS_Unstable:          0 kB
Bounce:                0 kB
WritebackTmp:          0 kB
CommitLimit:     2172840 kB
Committed_AS:   93859372 kB
VmallocTotal:   251658176 kB
VmallocUsed:      136944 kB
VmallocChunk:   251415084 kB
Time pass: 51 sec

---2015-12-08 15:44:45
MemTotal:        2905316 kB
MemFree:           84672 kB
Buffers:           25564 kB
Cached:          1072992 kB
SwapCached:            0 kB
Active:          1331356 kB
Inactive:         732776 kB
Active(anon):     804580 kB
Inactive(anon):   205024 kB
Active(file):     526776 kB
Inactive(file):   527752 kB
Unevictable:       12768 kB
Mlocked:               0 kB
SwapTotal:        720184 kB
SwapFree:         720156 kB
Dirty:               656 kB
Writeback:             0 kB
AnonPages:        978580 kB
Mapped:           692792 kB
Shmem:             31232 kB
Slab:             117172 kB
SReclaimable:      35936 kB
SUnreclaim:        81236 kB
KernelStack:       34320 kB
PageTables:        57520 kB
NFS_Unstable:          0 kB
Bounce:                0 kB
WritebackTmp:          0 kB
CommitLimit:     2172840 kB
Committed_AS:   93848284 kB
VmallocTotal:   251658176 kB
VmallocUsed:      137252 kB
VmallocChunk:   251415084 kB
Time pass: 55 sec

---2015-12-08 15:44:45
MemTotal:        2905316 kB
MemFree:           84348 kB
Buffers:           25572 kB
Cached:          1073008 kB
SwapCached:            0 kB
Active:          1332356 kB
Inactive:         732740 kB
Active(anon):     805496 kB
Inactive(anon):   205024 kB
Active(file):     526860 kB
Inactive(file):   527716 kB
Unevictable:       12768 kB
Mlocked:               0 kB
SwapTotal:        720184 kB
SwapFree:         720156 kB
Dirty:               120 kB
Writeback:             0 kB
AnonPages:        979156 kB
Mapped:           692812 kB
Shmem:             31232 kB
Slab:             117340 kB
SReclaimable:      35984 kB
SUnreclaim:        81356 kB
KernelStack:       34336 kB
PageTables:        57528 kB
NFS_Unstable:          0 kB
Bounce:                0 kB
WritebackTmp:          0 kB
CommitLimit:     2172840 kB
Committed_AS:   93848472 kB
VmallocTotal:   251658176 kB
VmallocUsed:      137252 kB
VmallocChunk:   251415084 kB
Time pass: 58 sec

---2015-12-08 15:44:45
MemTotal:        2905316 kB
MemFree:           73624 kB
Buffers:           25572 kB
Cached:          1066152 kB
SwapCached:            0 kB
Active:          1331120 kB
Inactive:         729036 kB
Active(anon):     807408 kB
Inactive(anon):   205024 kB
Active(file):     523712 kB
Inactive(file):   524012 kB
Unevictable:       12768 kB
Mlocked:               0 kB
SwapTotal:        720184 kB
SwapFree:         720156 kB
Dirty:               264 kB
Writeback:             0 kB
AnonPages:        981320 kB
Mapped:           701160 kB
Shmem:             31232 kB
Slab:             117376 kB
SReclaimable:      36000 kB
SUnreclaim:        81376 kB
KernelStack:       34288 kB
PageTables:        57556 kB
NFS_Unstable:          0 kB
Bounce:                0 kB
WritebackTmp:          0 kB
CommitLimit:     2172840 kB
Committed_AS:   93849132 kB
VmallocTotal:   251658176 kB
VmallocUsed:      137376 kB
VmallocChunk:   251415084 kB
Time pass: 62 sec

---2015-12-08 15:44:45
MemTotal:        2905316 kB
MemFree:           72872 kB
Buffers:           25580 kB
Cached:          1066152 kB
SwapCached:            0 kB
Active:          1331312 kB
Inactive:         729036 kB
Active(anon):     807592 kB
Inactive(anon):   205024 kB
Active(file):     523720 kB
Inactive(file):   524012 kB
Unevictable:       12768 kB
Mlocked:               0 kB
SwapTotal:        720184 kB
SwapFree:         720156 kB
Dirty:               168 kB
Writeback:             0 kB
AnonPages:        981884 kB
Mapped:           701944 kB
Shmem:             31232 kB
Slab:             117288 kB
SReclaimable:      36000 kB
SUnreclaim:        81288 kB
KernelStack:       34256 kB
PageTables:        57552 kB
NFS_Unstable:          0 kB
Bounce:                0 kB
WritebackTmp:          0 kB
CommitLimit:     2172840 kB
Committed_AS:   93849632 kB
VmallocTotal:   251658176 kB
VmallocUsed:      137388 kB
VmallocChunk:   251415084 kB
Time pass: 66 sec

---2015-12-08 15:44:45
MemTotal:        2905316 kB
MemFree:           93992 kB
Buffers:           25324 kB
Cached:          1041736 kB
SwapCached:            0 kB
Active:          1332268 kB
Inactive:         716552 kB
Active(anon):     820924 kB
Inactive(anon):   205028 kB
Active(file):     511344 kB
Inactive(file):   511524 kB
Unevictable:       12768 kB
Mlocked:               0 kB
SwapTotal:        720184 kB
SwapFree:         720156 kB
Dirty:               328 kB
Writeback:             0 kB
AnonPages:        994968 kB
Mapped:           703608 kB
Shmem:             31232 kB
Slab:             114716 kB
SReclaimable:      33440 kB
SUnreclaim:        81276 kB
KernelStack:       34304 kB
PageTables:        57348 kB
NFS_Unstable:          0 kB
Bounce:                0 kB
WritebackTmp:          0 kB
CommitLimit:     2172840 kB
Committed_AS:   93860300 kB
VmallocTotal:   251658176 kB
VmallocUsed:      137328 kB
VmallocChunk:   251415084 kB
Time pass: 70 sec

---2015-12-08 15:44:45
MemTotal:        2905316 kB
MemFree:           70068 kB
Buffers:           25344 kB
Cached:          1041784 kB
SwapCached:            0 kB
Active:          1325900 kB
Inactive:         716624 kB
Active(anon):     814380 kB
Inactive(anon):   205016 kB
Active(file):     511520 kB
Inactive(file):   511608 kB
Unevictable:       12768 kB
Mlocked:               0 kB
SwapTotal:        720184 kB
SwapFree:         720156 kB
Dirty:                 8 kB
Writeback:             0 kB
AnonPages:        988472 kB
Mapped:           714792 kB
Shmem:             31232 kB
Slab:             117664 kB
SReclaimable:      36096 kB
SUnreclaim:        81568 kB
KernelStack:       34368 kB
PageTables:        57492 kB
NFS_Unstable:          0 kB
Bounce:                0 kB
WritebackTmp:          0 kB
CommitLimit:     2172840 kB
Committed_AS:   93861448 kB
VmallocTotal:   251658176 kB
VmallocUsed:      137572 kB
VmallocChunk:   251415084 kB
Time pass: 73 sec

---2015-12-08 15:44:45
MemTotal:        2905316 kB
MemFree:           68724 kB
Buffers:           25332 kB
Cached:          1022880 kB
SwapCached:            0 kB
Active:          1336668 kB
Inactive:         711092 kB
Active(anon):     834580 kB
Inactive(anon):   208880 kB
Active(file):     502088 kB
Inactive(file):   502212 kB
Unevictable:       12768 kB
Mlocked:               0 kB
SwapTotal:        720184 kB
SwapFree:         720156 kB
Dirty:               544 kB
Writeback:             0 kB
AnonPages:       1012588 kB
Mapped:           719292 kB
Shmem:             30984 kB
Slab:             115096 kB
SReclaimable:      34016 kB
SUnreclaim:        81080 kB
KernelStack:       34672 kB
PageTables:        57436 kB
NFS_Unstable:          0 kB
Bounce:                0 kB
WritebackTmp:          0 kB
CommitLimit:     2172840 kB
Committed_AS:   93734244 kB
VmallocTotal:   251658176 kB
VmallocUsed:      140020 kB
VmallocChunk:   251415084 kB
Time pass: 77 sec

---2015-12-08 15:44:45
MemTotal:        2905316 kB
MemFree:           65732 kB
Buffers:           25332 kB
Cached:          1023068 kB
SwapCached:            0 kB
Active:          1337060 kB
Inactive:         711288 kB
Active(anon):     834944 kB
Inactive(anon):   208948 kB
Active(file):     502116 kB
Inactive(file):   502340 kB
Unevictable:       12768 kB
Mlocked:               0 kB
SwapTotal:        720184 kB
SwapFree:         720156 kB
Dirty:                 0 kB
Writeback:             0 kB
AnonPages:       1013132 kB
Mapped:           719476 kB
Shmem:             31092 kB
Slab:             117368 kB
SReclaimable:      36288 kB
SUnreclaim:        81080 kB
KernelStack:       34528 kB
PageTables:        57440 kB
NFS_Unstable:          0 kB
Bounce:                0 kB
WritebackTmp:          0 kB
CommitLimit:     2172840 kB
Committed_AS:   93734932 kB
VmallocTotal:   251658176 kB
VmallocUsed:      140020 kB
VmallocChunk:   251415084 kB
Time pass: 81 sec

---2015-12-08 15:44:45
MemTotal:        2905316 kB
MemFree:           68484 kB
Buffers:           25004 kB
Cached:           989208 kB
SwapCached:            0 kB
Active:          1317912 kB
Inactive:         694436 kB
Active(anon):     832564 kB
Inactive(anon):   209060 kB
Active(file):     485348 kB
Inactive(file):   485376 kB
Unevictable:       12768 kB
Mlocked:               0 kB
SwapTotal:        720184 kB
SwapFree:         719604 kB
Dirty:                96 kB
Writeback:             0 kB
AnonPages:       1011176 kB
Mapped:           719104 kB
Shmem:             30636 kB
Slab:             117264 kB
SReclaimable:      36176 kB
SUnreclaim:        81088 kB
KernelStack:       34528 kB
PageTables:        57620 kB
NFS_Unstable:          0 kB
Bounce:                0 kB
WritebackTmp:          0 kB
CommitLimit:     2172840 kB
Committed_AS:   93735416 kB
VmallocTotal:   251658176 kB
VmallocUsed:      140020 kB
VmallocChunk:   251415084 kB
Time pass: 85 sec

---2015-12-08 15:44:45
MemTotal:        2905316 kB
MemFree:           65600 kB
Buffers:           25012 kB
Cached:           989308 kB
SwapCached:            0 kB
Active:          1321016 kB
Inactive:         694608 kB
Active(anon):     835648 kB
Inactive(anon):   209068 kB
Active(file):     485368 kB
Inactive(file):   485540 kB
Unevictable:       12768 kB
Mlocked:               0 kB
SwapTotal:        720184 kB
SwapFree:         719604 kB
Dirty:                 4 kB
Writeback:             0 kB
AnonPages:       1014064 kB
Mapped:           719080 kB
Shmem:             30644 kB
Slab:             117164 kB
SReclaimable:      36080 kB
SUnreclaim:        81084 kB
KernelStack:       34560 kB
PageTables:        57640 kB
NFS_Unstable:          0 kB
Bounce:                0 kB
WritebackTmp:          0 kB
CommitLimit:     2172840 kB
Committed_AS:   93738664 kB
VmallocTotal:   251658176 kB
VmallocUsed:      140020 kB
VmallocChunk:   251415084 kB
Time pass: 88 sec

---2015-12-08 15:44:45
MemTotal:        2905316 kB
MemFree:           64280 kB
Buffers:           25044 kB
Cached:           989932 kB
SwapCached:            0 kB
Active:          1322056 kB
Inactive:         695192 kB
Active(anon):     836620 kB
Inactive(anon):   209296 kB
Active(file):     485436 kB
Inactive(file):   485896 kB
Unevictable:       12768 kB
Mlocked:               0 kB
SwapTotal:        720184 kB
SwapFree:         719604 kB
Dirty:               168 kB
Writeback:             0 kB
AnonPages:       1015132 kB
Mapped:           719372 kB
Shmem:             30876 kB
Slab:             117136 kB
SReclaimable:      36080 kB
SUnreclaim:        81056 kB
KernelStack:       34576 kB
PageTables:        57632 kB
NFS_Unstable:          0 kB
Bounce:                0 kB
WritebackTmp:          0 kB
CommitLimit:     2172840 kB
Committed_AS:   93738688 kB
VmallocTotal:   251658176 kB
VmallocUsed:      140020 kB
VmallocChunk:   251415084 kB
Time pass: 92 sec

---2015-12-08 15:44:45
MemTotal:        2905316 kB
MemFree:           64284 kB
Buffers:           25044 kB
Cached:           989976 kB
SwapCached:            0 kB
Active:          1322316 kB
Inactive:         695216 kB
Active(anon):     836860 kB
Inactive(anon):   209296 kB
Active(file):     485456 kB
Inactive(file):   485920 kB
Unevictable:       12768 kB
Mlocked:               0 kB
SwapTotal:        720184 kB
SwapFree:         719604 kB
Dirty:                40 kB
Writeback:             0 kB
AnonPages:       1015400 kB
Mapped:           719416 kB
Shmem:             30876 kB
Slab:             117140 kB
SReclaimable:      36080 kB
SUnreclaim:        81060 kB
KernelStack:       34544 kB
PageTables:        57640 kB
NFS_Unstable:          0 kB
Bounce:                0 kB
WritebackTmp:          0 kB
CommitLimit:     2172840 kB
Committed_AS:   93738688 kB
VmallocTotal:   251658176 kB
VmallocUsed:      140020 kB
VmallocChunk:   251415084 kB
Time pass: 96 sec

---2015-12-08 15:44:45
MemTotal:        2905316 kB
MemFree:           72116 kB
Buffers:           25068 kB
Cached:           980776 kB
SwapCached:            0 kB
Active:          1317136 kB
Inactive:         692084 kB
Active(anon):     836924 kB
Inactive(anon):   209620 kB
Active(file):     480212 kB
Inactive(file):   482464 kB
Unevictable:       12768 kB
Mlocked:               0 kB
SwapTotal:        720184 kB
SwapFree:         719300 kB
Dirty:                60 kB
Writeback:             0 kB
AnonPages:       1016612 kB
Mapped:           719328 kB
Shmem:             30448 kB
Slab:             117148 kB
SReclaimable:      36096 kB
SUnreclaim:        81052 kB
KernelStack:       34576 kB
PageTables:        57660 kB
NFS_Unstable:          0 kB
Bounce:                0 kB
WritebackTmp:          0 kB
CommitLimit:     2172840 kB
Committed_AS:   93740692 kB
VmallocTotal:   251658176 kB
VmallocUsed:      140020 kB
VmallocChunk:   251415084 kB
Time pass: 100 sec

---2015-12-08 15:44:45
MemTotal:        2905316 kB
MemFree:          358996 kB
Buffers:           25128 kB
Cached:           986340 kB
SwapCached:            0 kB
Active:          1224440 kB
Inactive:         697072 kB
Active(anon):     743512 kB
Inactive(anon):   211000 kB
Active(file):     480928 kB
Inactive(file):   486072 kB
Unevictable:       12768 kB
Mlocked:               0 kB
SwapTotal:        720184 kB
SwapFree:         719300 kB
Dirty:                 0 kB
Writeback:             0 kB
AnonPages:        922940 kB
Mapped:           532688 kB
Shmem:             31704 kB
Slab:             116800 kB
SReclaimable:      35948 kB
SUnreclaim:        80852 kB
KernelStack:       33136 kB
PageTables:        54840 kB
NFS_Unstable:          0 kB
Bounce:                0 kB
WritebackTmp:          0 kB
CommitLimit:     2172840 kB
Committed_AS:   92110524 kB
VmallocTotal:   251658176 kB
VmallocUsed:      136296 kB
VmallocChunk:   251415084 kB
Time pass: 103 sec

---2015-12-08 15:44:45
MemTotal:        2905316 kB
MemFree:          307176 kB
Buffers:           25560 kB
Cached:           989144 kB
SwapCached:            0 kB
Active:          1245828 kB
Inactive:         697504 kB
Active(anon):     762208 kB
Inactive(anon):   211272 kB
Active(file):     483620 kB
Inactive(file):   486232 kB
Unevictable:       12768 kB
Mlocked:               0 kB
SwapTotal:        720184 kB
SwapFree:         719300 kB
Dirty:              2120 kB
Writeback:             0 kB
AnonPages:        941480 kB
Mapped:           575756 kB
Shmem:             32008 kB
Slab:             116816 kB
SReclaimable:      35964 kB
SUnreclaim:        80852 kB
KernelStack:       33936 kB
PageTables:        56120 kB
NFS_Unstable:          0 kB
Bounce:                0 kB
WritebackTmp:          0 kB
CommitLimit:     2172840 kB
Committed_AS:   92953252 kB
VmallocTotal:   251658176 kB
VmallocUsed:      137652 kB
VmallocChunk:   251415084 kB
Time pass: 107 sec

---2015-12-08 15:44:45
MemTotal:        2905316 kB
MemFree:          259912 kB
Buffers:           25560 kB
Cached:           989852 kB
SwapCached:            0 kB
Active:          1252040 kB
Inactive:         697464 kB
Active(anon):     767604 kB
Inactive(anon):   211276 kB
Active(file):     484436 kB
Inactive(file):   486188 kB
Unevictable:       12768 kB
Mlocked:               0 kB
SwapTotal:        720184 kB
SwapFree:         719300 kB
Dirty:              1048 kB
Writeback:             0 kB
AnonPages:        946556 kB
Mapped:           614252 kB
Shmem:             32012 kB
Slab:             116792 kB
SReclaimable:      35964 kB
SUnreclaim:        80828 kB
KernelStack:       34128 kB
PageTables:        56364 kB
NFS_Unstable:          0 kB
Bounce:                0 kB
WritebackTmp:          0 kB
CommitLimit:     2172840 kB
Committed_AS:   92971524 kB
VmallocTotal:   251658176 kB
VmallocUsed:      138028 kB
VmallocChunk:   251415084 kB
Time pass: 110 sec

---2015-12-08 15:44:45
MemTotal:        2905316 kB
MemFree:          182348 kB
Buffers:           25572 kB
Cached:           990812 kB
SwapCached:            0 kB
Active:          1259816 kB
Inactive:         697184 kB
Active(anon):     774120 kB
Inactive(anon):   211276 kB
Active(file):     485696 kB
Inactive(file):   485908 kB
Unevictable:       12768 kB
Mlocked:               0 kB
SwapTotal:        720184 kB
SwapFree:         719300 kB
Dirty:               788 kB
Writeback:             0 kB
AnonPages:        953456 kB
Mapped:           665516 kB
Shmem:             32012 kB
Slab:             116864 kB
SReclaimable:      35960 kB
SUnreclaim:        80904 kB
KernelStack:       34112 kB
PageTables:        56488 kB
NFS_Unstable:          0 kB
Bounce:                0 kB
WritebackTmp:          0 kB
CommitLimit:     2172840 kB
Committed_AS:   92975060 kB
VmallocTotal:   251658176 kB
VmallocUsed:      138536 kB
VmallocChunk:   251415084 kB
Time pass: 114 sec

---2015-12-08 15:44:45
MemTotal:        2905316 kB
MemFree:          163304 kB
Buffers:           25580 kB
Cached:           990976 kB
SwapCached:            0 kB
Active:          1262372 kB
Inactive:         697072 kB
Active(anon):     776448 kB
Inactive(anon):   211276 kB
Active(file):     485924 kB
Inactive(file):   485796 kB
Unevictable:       12768 kB
Mlocked:               0 kB
SwapTotal:        720184 kB
SwapFree:         719300 kB
Dirty:               124 kB
Writeback:             0 kB
AnonPages:        956080 kB
Mapped:           675364 kB
Shmem:             32012 kB
Slab:             116820 kB
SReclaimable:      35960 kB
SUnreclaim:        80860 kB
KernelStack:       34064 kB
PageTables:        56524 kB
NFS_Unstable:          0 kB
Bounce:                0 kB
WritebackTmp:          0 kB
CommitLimit:     2172840 kB
Committed_AS:   92976148 kB
VmallocTotal:   251658176 kB
VmallocUsed:      136256 kB
VmallocChunk:   251415084 kB
Time pass: 118 sec

---2015-12-08 15:44:45
MemTotal:        2905316 kB
MemFree:          162216 kB
Buffers:           25588 kB
Cached:           990984 kB
SwapCached:            0 kB
Active:          1262848 kB
Inactive:         697136 kB
Active(anon):     776916 kB
Inactive(anon):   211276 kB
Active(file):     485932 kB
Inactive(file):   485860 kB
Unevictable:       12768 kB
Mlocked:               0 kB
SwapTotal:        720184 kB
SwapFree:         719300 kB
Dirty:               236 kB
Writeback:             0 kB
AnonPages:        956112 kB
Mapped:           676080 kB
Shmem:             32012 kB
Slab:             116820 kB
SReclaimable:      35960 kB
SUnreclaim:        80860 kB
KernelStack:       34032 kB
PageTables:        56524 kB
NFS_Unstable:          0 kB
Bounce:                0 kB
WritebackTmp:          0 kB
CommitLimit:     2172840 kB
Committed_AS:   92976684 kB
VmallocTotal:   251658176 kB
VmallocUsed:      136256 kB
VmallocChunk:   251415084 kB
Time pass: 122 sec

---2015-12-08 15:44:45
MemTotal:        2905316 kB
MemFree:          132776 kB
Buffers:           25588 kB
Cached:           991076 kB
SwapCached:            0 kB
Active:          1268788 kB
Inactive:         697128 kB
Active(anon):     782756 kB
Inactive(anon):   211276 kB
Active(file):     486032 kB
Inactive(file):   485852 kB
Unevictable:       12768 kB
Mlocked:               0 kB
SwapTotal:        720184 kB
SwapFree:         719300 kB
Dirty:               624 kB
Writeback:             0 kB
AnonPages:        961968 kB
Mapped:           689620 kB
Shmem:             32012 kB
Slab:             116828 kB
SReclaimable:      35960 kB
SUnreclaim:        80868 kB
KernelStack:       34048 kB
PageTables:        56492 kB
NFS_Unstable:          0 kB
Bounce:                0 kB
WritebackTmp:          0 kB
CommitLimit:     2172840 kB
Committed_AS:   92979792 kB
VmallocTotal:   251658176 kB
VmallocUsed:      136440 kB
VmallocChunk:   251415084 kB
Time pass: 126 sec

---2015-12-08 15:44:45
MemTotal:        2905316 kB
MemFree:          126704 kB
Buffers:           25600 kB
Cached:           993724 kB
SwapCached:            0 kB
Active:          1272248 kB
Inactive:         699744 kB
Active(anon):     786208 kB
Inactive(anon):   211276 kB
Active(file):     486040 kB
Inactive(file):   488468 kB
Unevictable:       12768 kB
Mlocked:               0 kB
SwapTotal:        720184 kB
SwapFree:         719300 kB
Dirty:                 8 kB
Writeback:             0 kB
AnonPages:        965500 kB
Mapped:           690200 kB
Shmem:             32012 kB
Slab:             116860 kB
SReclaimable:      35960 kB
SUnreclaim:        80900 kB
KernelStack:       34096 kB
PageTables:        56500 kB
NFS_Unstable:          0 kB
Bounce:                0 kB
WritebackTmp:          0 kB
CommitLimit:     2172840 kB
Committed_AS:   92982580 kB
VmallocTotal:   251658176 kB
VmallocUsed:      136440 kB
VmallocChunk:   251415084 kB
Time pass: 129 sec

---2015-12-08 15:44:45
MemTotal:        2905316 kB
MemFree:          126312 kB
Buffers:           25608 kB
Cached:           993724 kB
SwapCached:            0 kB
Active:          1271900 kB
Inactive:         699772 kB
Active(anon):     785852 kB
Inactive(anon):   211276 kB
Active(file):     486048 kB
Inactive(file):   488496 kB
Unevictable:       12768 kB
Mlocked:               0 kB
SwapTotal:        720184 kB
SwapFree:         719300 kB
Dirty:                64 kB
Writeback:             0 kB
AnonPages:        965028 kB
Mapped:           690276 kB
Shmem:             32012 kB
Slab:             116860 kB
SReclaimable:      35960 kB
SUnreclaim:        80900 kB
KernelStack:       34096 kB
PageTables:        56524 kB
NFS_Unstable:          0 kB
Bounce:                0 kB
WritebackTmp:          0 kB
CommitLimit:     2172840 kB
Committed_AS:   92982528 kB
VmallocTotal:   251658176 kB
VmallocUsed:      136440 kB
VmallocChunk:   251415084 kB
Time pass: 133 sec

---2015-12-08 15:44:45
MemTotal:        2905316 kB
MemFree:          108452 kB
Buffers:           25632 kB
Cached:           993792 kB
SwapCached:            0 kB
Active:          1281764 kB
Inactive:         698932 kB
Active(anon):     794776 kB
Inactive(anon):   211276 kB
Active(file):     486988 kB
Inactive(file):   487656 kB
Unevictable:       12768 kB
Mlocked:               0 kB
SwapTotal:        720184 kB
SwapFree:         719300 kB
Dirty:               168 kB
Writeback:             0 kB
AnonPages:        974088 kB
Mapped:           694020 kB
Shmem:             32012 kB
Slab:             116844 kB
SReclaimable:      35960 kB
SUnreclaim:        80884 kB
KernelStack:       34240 kB
PageTables:        56544 kB
NFS_Unstable:          0 kB
Bounce:                0 kB
WritebackTmp:          0 kB
CommitLimit:     2172840 kB
Committed_AS:   93045848 kB
VmallocTotal:   251658176 kB
VmallocUsed:      138856 kB
VmallocChunk:   251415084 kB
Time pass: 137 sec

---2015-12-08 15:44:45
MemTotal:        2905316 kB
MemFree:          108900 kB
Buffers:           25632 kB
Cached:           994464 kB
SwapCached:            0 kB
Active:          1286076 kB
Inactive:         699484 kB
Active(anon):     798972 kB
Inactive(anon):   211472 kB
Active(file):     487104 kB
Inactive(file):   488012 kB
Unevictable:       12768 kB
Mlocked:               0 kB
SwapTotal:        720184 kB
SwapFree:         719300 kB
Dirty:                12 kB
Writeback:             0 kB
AnonPages:        978344 kB
Mapped:           694880 kB
Shmem:             32212 kB
Slab:             116888 kB
SReclaimable:      35960 kB
SUnreclaim:        80928 kB
KernelStack:       34432 kB
PageTables:        56820 kB
NFS_Unstable:          0 kB
Bounce:                0 kB
WritebackTmp:          0 kB
CommitLimit:     2172840 kB
Committed_AS:   93048396 kB
VmallocTotal:   251658176 kB
VmallocUsed:      138888 kB
VmallocChunk:   251415084 kB
Time pass: 141 sec

---2015-12-08 15:44:45
MemTotal:        2905316 kB
MemFree:          106376 kB
Buffers:           25640 kB
Cached:           994560 kB
SwapCached:            0 kB
Active:          1286896 kB
Inactive:         699572 kB
Active(anon):     799776 kB
Inactive(anon):   211552 kB
Active(file):     487120 kB
Inactive(file):   488020 kB
Unevictable:       12768 kB
Mlocked:               0 kB
SwapTotal:        720184 kB
SwapFree:         719300 kB
Dirty:                72 kB
Writeback:             0 kB
AnonPages:        978880 kB
Mapped:           694976 kB
Shmem:             32292 kB
Slab:             116884 kB
SReclaimable:      35960 kB
SUnreclaim:        80924 kB
KernelStack:       34464 kB
PageTables:        57000 kB
NFS_Unstable:          0 kB
Bounce:                0 kB
WritebackTmp:          0 kB
CommitLimit:     2172840 kB
Committed_AS:   93049204 kB
VmallocTotal:   251658176 kB
VmallocUsed:      138888 kB
VmallocChunk:   251415084 kB
Time pass: 144 sec

---2015-12-08 15:44:45
MemTotal:        2905316 kB
MemFree:          105084 kB
Buffers:           25648 kB
Cached:           994616 kB
SwapCached:            0 kB
Active:          1288220 kB
Inactive:         699632 kB
Active(anon):     801096 kB
Inactive(anon):   211580 kB
Active(file):     487124 kB
Inactive(file):   488052 kB
Unevictable:       12768 kB
Mlocked:               0 kB
SwapTotal:        720184 kB
SwapFree:         719300 kB
Dirty:               112 kB
Writeback:             0 kB
AnonPages:        980324 kB
Mapped:           695008 kB
Shmem:             32320 kB
Slab:             116884 kB
SReclaimable:      35960 kB
SUnreclaim:        80924 kB
KernelStack:       34464 kB
PageTables:        56980 kB
NFS_Unstable:          0 kB
Bounce:                0 kB
WritebackTmp:          0 kB
CommitLimit:     2172840 kB
Committed_AS:   93049680 kB
VmallocTotal:   251658176 kB
VmallocUsed:      138888 kB
VmallocChunk:   251415084 kB
Time pass: 148 sec

---2015-12-08 15:44:45
MemTotal:        2905316 kB
MemFree:           96448 kB
Buffers:           25680 kB
Cached:           994788 kB
SwapCached:            0 kB
Active:          1298168 kB
Inactive:         699808 kB
Active(anon):     811016 kB
Inactive(anon):   211664 kB
Active(file):     487152 kB
Inactive(file):   488144 kB
Unevictable:       12768 kB
Mlocked:               0 kB
SwapTotal:        720184 kB
SwapFree:         719300 kB
Dirty:               156 kB
Writeback:             0 kB
AnonPages:        990148 kB
Mapped:           696332 kB
Shmem:             32404 kB
Slab:             116896 kB
SReclaimable:      35960 kB
SUnreclaim:        80936 kB
KernelStack:       34480 kB
PageTables:        56972 kB
NFS_Unstable:          0 kB
Bounce:                0 kB
WritebackTmp:          0 kB
CommitLimit:     2172840 kB
Committed_AS:   93068432 kB
VmallocTotal:   251658176 kB
VmallocUsed:      138888 kB
VmallocChunk:   251415084 kB
Time pass: 152 sec

---2015-12-08 15:44:45
MemTotal:        2905316 kB
MemFree:          102276 kB
Buffers:           25680 kB
Cached:           994700 kB
SwapCached:            0 kB
Active:          1293208 kB
Inactive:         699496 kB
Active(anon):     805832 kB
Inactive(anon):   211492 kB
Active(file):     487376 kB
Inactive(file):   488004 kB
Unevictable:       12768 kB
Mlocked:               0 kB
SwapTotal:        720184 kB
SwapFree:         719300 kB
Dirty:                48 kB
Writeback:             0 kB
AnonPages:        984852 kB
Mapped:           696340 kB
Shmem:             32232 kB
Slab:             116888 kB
SReclaimable:      35960 kB
SUnreclaim:        80928 kB
KernelStack:       34448 kB
PageTables:        56876 kB
NFS_Unstable:          0 kB
Bounce:                0 kB
WritebackTmp:          0 kB
CommitLimit:     2172840 kB
Committed_AS:   93040208 kB
VmallocTotal:   251658176 kB
VmallocUsed:      138888 kB
VmallocChunk:   251415084 kB
Time pass: 156 sec

---2015-12-08 15:44:45
MemTotal:        2905316 kB
MemFree:           93112 kB
Buffers:           25728 kB
Cached:           994864 kB
SwapCached:            0 kB
Active:          1301144 kB
Inactive:         699640 kB
Active(anon):     813704 kB
Inactive(anon):   211536 kB
Active(file):     487440 kB
Inactive(file):   488104 kB
Unevictable:       12768 kB
Mlocked:               0 kB
SwapTotal:        720184 kB
SwapFree:         719300 kB
Dirty:                 8 kB
Writeback:             0 kB
AnonPages:        992788 kB
Mapped:           696584 kB
Shmem:             32280 kB
Slab:             116984 kB
SReclaimable:      35976 kB
SUnreclaim:        81008 kB
KernelStack:       34448 kB
PageTables:        56916 kB
NFS_Unstable:          0 kB
Bounce:                0 kB
WritebackTmp:          0 kB
CommitLimit:     2172840 kB
Committed_AS:   93068704 kB
VmallocTotal:   251658176 kB
VmallocUsed:      138888 kB
VmallocChunk:   251415084 kB
Time pass: 160 sec

---2015-12-08 15:44:45
MemTotal:        2905316 kB
MemFree:           92236 kB
Buffers:           25736 kB
Cached:           994908 kB
SwapCached:            0 kB
Active:          1301512 kB
Inactive:         699680 kB
Active(anon):     814068 kB
Inactive(anon):   211568 kB
Active(file):     487444 kB
Inactive(file):   488112 kB
Unevictable:       12768 kB
Mlocked:               0 kB
SwapTotal:        720184 kB
SwapFree:         719300 kB
Dirty:                72 kB
Writeback:             0 kB
AnonPages:        993512 kB
Mapped:           696632 kB
Shmem:             32312 kB
Slab:             116960 kB
SReclaimable:      35976 kB
SUnreclaim:        80984 kB
KernelStack:       34448 kB
PageTables:        56916 kB
NFS_Unstable:          0 kB
Bounce:                0 kB
WritebackTmp:          0 kB
CommitLimit:     2172840 kB
Committed_AS:   93068760 kB
VmallocTotal:   251658176 kB
VmallocUsed:      138888 kB
VmallocChunk:   251415084 kB
Time pass: 163 sec

---2015-12-08 15:44:45
MemTotal:        2905316 kB
MemFree:           91008 kB
Buffers:           25744 kB
Cached:           995068 kB
SwapCached:            0 kB
Active:          1302792 kB
Inactive:         699832 kB
Active(anon):     815336 kB
Inactive(anon):   211680 kB
Active(file):     487456 kB
Inactive(file):   488152 kB
Unevictable:       12768 kB
Mlocked:               0 kB
SwapTotal:        720184 kB
SwapFree:         719300 kB
Dirty:               108 kB
Writeback:             0 kB
AnonPages:        994644 kB
Mapped:           696760 kB
Shmem:             32436 kB
Slab:             116956 kB
SReclaimable:      35976 kB
SUnreclaim:        80980 kB
KernelStack:       34432 kB
PageTables:        56948 kB
NFS_Unstable:          0 kB
Bounce:                0 kB
WritebackTmp:          0 kB
CommitLimit:     2172840 kB
Committed_AS:   93095360 kB
VmallocTotal:   251658176 kB
VmallocUsed:      138888 kB
VmallocChunk:   251415084 kB
Time pass: 167 sec

---2015-12-08 15:44:45
MemTotal:        2905316 kB
MemFree:           91264 kB
Buffers:           25744 kB
Cached:           995132 kB
SwapCached:            0 kB
Active:          1302744 kB
Inactive:         699896 kB
Active(anon):     815272 kB
Inactive(anon):   211724 kB
Active(file):     487472 kB
Inactive(file):   488172 kB
Unevictable:       12768 kB
Mlocked:               0 kB
SwapTotal:        720184 kB
SwapFree:         719300 kB
Dirty:                 8 kB
Writeback:             0 kB
AnonPages:        994236 kB
Mapped:           696860 kB
Shmem:             32464 kB
Slab:             116948 kB
SReclaimable:      35976 kB
SUnreclaim:        80972 kB
KernelStack:       34416 kB
PageTables:        56972 kB
NFS_Unstable:          0 kB
Bounce:                0 kB
WritebackTmp:          0 kB
CommitLimit:     2172840 kB
Committed_AS:   93095360 kB
VmallocTotal:   251658176 kB
VmallocUsed:      138888 kB
VmallocChunk:   251415084 kB
Time pass: 171 sec

---2015-12-08 15:44:45
MemTotal:        2905316 kB
MemFree:          101448 kB
Buffers:           25752 kB
Cached:           994824 kB
SwapCached:            0 kB
Active:          1293552 kB
Inactive:         699568 kB
Active(anon):     806048 kB
Inactive(anon):   211396 kB
Active(file):     487504 kB
Inactive(file):   488172 kB
Unevictable:       12768 kB
Mlocked:               0 kB
SwapTotal:        720184 kB
SwapFree:         719300 kB
Dirty:                40 kB
Writeback:             0 kB
AnonPages:        985288 kB
Mapped:           696432 kB
Shmem:             32132 kB
Slab:             116948 kB
SReclaimable:      35976 kB
SUnreclaim:        80972 kB
KernelStack:       34064 kB
PageTables:        56796 kB
NFS_Unstable:          0 kB
Bounce:                0 kB
WritebackTmp:          0 kB
CommitLimit:     2172840 kB
Committed_AS:   93066772 kB
VmallocTotal:   251658176 kB
VmallocUsed:      138888 kB
VmallocChunk:   251415084 kB
Time pass: 175 sec

---2015-12-08 15:44:45
MemTotal:        2905316 kB
MemFree:           98312 kB
Buffers:           25760 kB
Cached:           994844 kB
SwapCached:            0 kB
Active:          1296824 kB
Inactive:         699488 kB
Active(anon):     809224 kB
Inactive(anon):   211396 kB
Active(file):     487600 kB
Inactive(file):   488092 kB
Unevictable:       12768 kB
Mlocked:               0 kB
SwapTotal:        720184 kB
SwapFree:         719300 kB
Dirty:                76 kB
Writeback:             0 kB
AnonPages:        988396 kB
Mapped:           696988 kB
Shmem:             32132 kB
Slab:             116924 kB
SReclaimable:      35976 kB
SUnreclaim:        80948 kB
KernelStack:       34192 kB
PageTables:        57268 kB
NFS_Unstable:          0 kB
Bounce:                0 kB
WritebackTmp:          0 kB
CommitLimit:     2172840 kB
Committed_AS:   93794892 kB
VmallocTotal:   251658176 kB
VmallocUsed:      139888 kB
VmallocChunk:   251415084 kB
Time pass: 178 sec

---2015-12-08 15:44:45
MemTotal:        2905316 kB
MemFree:           97188 kB
Buffers:           25760 kB
Cached:           994852 kB
SwapCached:            0 kB
Active:          1297200 kB
Inactive:         699496 kB
Active(anon):     809596 kB
Inactive(anon):   211396 kB
Active(file):     487604 kB
Inactive(file):   488100 kB
Unevictable:       12768 kB
Mlocked:               0 kB
SwapTotal:        720184 kB
SwapFree:         719300 kB
Dirty:                32 kB
Writeback:             0 kB
AnonPages:        988788 kB
Mapped:           697020 kB
Shmem:             32132 kB
Slab:             116912 kB
SReclaimable:      35976 kB
SUnreclaim:        80936 kB
KernelStack:       34208 kB
PageTables:        57280 kB
NFS_Unstable:          0 kB
Bounce:                0 kB
WritebackTmp:          0 kB
CommitLimit:     2172840 kB
Committed_AS:   93795212 kB
VmallocTotal:   251658176 kB
VmallocUsed:      140908 kB
VmallocChunk:   251415084 kB
Time pass: 182 sec

---2015-12-08 15:44:45
MemTotal:        2905316 kB
MemFree:           97248 kB
Buffers:           25768 kB
Cached:           994856 kB
SwapCached:            0 kB
Active:          1297024 kB
Inactive:         699504 kB
Active(anon):     809412 kB
Inactive(anon):   211396 kB
Active(file):     487612 kB
Inactive(file):   488108 kB
Unevictable:       12768 kB
Mlocked:               0 kB
SwapTotal:        720184 kB
SwapFree:         719300 kB
Dirty:                20 kB
Writeback:             0 kB
AnonPages:        988804 kB
Mapped:           697028 kB
Shmem:             32132 kB
Slab:             116924 kB
SReclaimable:      35976 kB
SUnreclaim:        80948 kB
KernelStack:       34176 kB
PageTables:        57292 kB
NFS_Unstable:          0 kB
Bounce:                0 kB
WritebackTmp:          0 kB
CommitLimit:     2172840 kB
Committed_AS:   93795252 kB
VmallocTotal:   251658176 kB
VmallocUsed:      140908 kB
VmallocChunk:   251415084 kB
Time pass: 186 sec

---2015-12-08 15:44:45
MemTotal:        2905316 kB
MemFree:           84760 kB
Buffers:           25800 kB
Cached:           995116 kB
SwapCached:            0 kB
Active:          1308012 kB
Inactive:         699740 kB
Active(anon):     820344 kB
Inactive(anon):   211548 kB
Active(file):     487668 kB
Inactive(file):   488192 kB
Unevictable:       12768 kB
Mlocked:               0 kB
SwapTotal:        720184 kB
SwapFree:         719300 kB
Dirty:                 4 kB
Writeback:             0 kB
AnonPages:        999640 kB
Mapped:           697340 kB
Shmem:             32288 kB
Slab:             116948 kB
SReclaimable:      35992 kB
SUnreclaim:        80956 kB
KernelStack:       34544 kB
PageTables:        57440 kB
NFS_Unstable:          0 kB
Bounce:                0 kB
WritebackTmp:          0 kB
CommitLimit:     2172840 kB
Committed_AS:   93828244 kB
VmallocTotal:   251658176 kB
VmallocUsed:      140940 kB
VmallocChunk:   251415084 kB
Time pass: 190 sec

---2015-12-08 15:44:45
MemTotal:        2905316 kB
MemFree:           82528 kB
Buffers:           25808 kB
Cached:           995236 kB
SwapCached:            0 kB
Active:          1309080 kB
Inactive:         699864 kB
Active(anon):     821408 kB
Inactive(anon):   211672 kB
Active(file):     487672 kB
Inactive(file):   488192 kB
Unevictable:       12768 kB
Mlocked:               0 kB
SwapTotal:        720184 kB
SwapFree:         719300 kB
Dirty:                16 kB
Writeback:             0 kB
AnonPages:       1000472 kB
Mapped:           697544 kB
Shmem:             32412 kB
Slab:             116996 kB
SReclaimable:      36008 kB
SUnreclaim:        80988 kB
KernelStack:       34560 kB
PageTables:        57520 kB
NFS_Unstable:          0 kB
Bounce:                0 kB
WritebackTmp:          0 kB
CommitLimit:     2172840 kB
Committed_AS:   93828248 kB
VmallocTotal:   251658176 kB
VmallocUsed:      140940 kB
VmallocChunk:   251415084 kB
Time pass: 193 sec

---2015-12-08 15:44:45
MemTotal:        2905316 kB
MemFree:           82308 kB
Buffers:           25808 kB
Cached:           995300 kB
SwapCached:            0 kB
Active:          1309388 kB
Inactive:         699924 kB
Active(anon):     821712 kB
Inactive(anon):   211724 kB
Active(file):     487676 kB
Inactive(file):   488200 kB
Unevictable:       12768 kB
Mlocked:               0 kB
SwapTotal:        720184 kB
SwapFree:         719300 kB
Dirty:                64 kB
Writeback:             0 kB
AnonPages:       1001152 kB
Mapped:           697628 kB
Shmem:             32464 kB
Slab:             117008 kB
SReclaimable:      36008 kB
SUnreclaim:        81000 kB
KernelStack:       34560 kB
PageTables:        57552 kB
NFS_Unstable:          0 kB
Bounce:                0 kB
WritebackTmp:          0 kB
CommitLimit:     2172840 kB
Committed_AS:   93854856 kB
VmallocTotal:   251658176 kB
VmallocUsed:      140940 kB
VmallocChunk:   251415084 kB
Time pass: 197 sec

---2015-12-08 15:44:45
MemTotal:        2905316 kB
MemFree:           80276 kB
Buffers:           25816 kB
Cached:           995544 kB
SwapCached:            0 kB
Active:          1310892 kB
Inactive:         700152 kB
Active(anon):     823192 kB
Inactive(anon):   211912 kB
Active(file):     487700 kB
Inactive(file):   488240 kB
Unevictable:       12768 kB
Mlocked:               0 kB
SwapTotal:        720184 kB
SwapFree:         719300 kB
Dirty:                60 kB
Writeback:             0 kB
AnonPages:       1002612 kB
Mapped:           697956 kB
Shmem:             32652 kB
Slab:             117008 kB
SReclaimable:      36008 kB
SUnreclaim:        81000 kB
KernelStack:       34512 kB
PageTables:        57572 kB
NFS_Unstable:          0 kB
Bounce:                0 kB
WritebackTmp:          0 kB
CommitLimit:     2172840 kB
Committed_AS:   93854864 kB
VmallocTotal:   251658176 kB
VmallocUsed:      140940 kB
VmallocChunk:   251415084 kB
Time pass: 201 sec

---2015-12-08 15:44:45
MemTotal:        2905316 kB
MemFree:           78368 kB
Buffers:           25840 kB
Cached:           995084 kB
SwapCached:            0 kB
Active:          1311108 kB
Inactive:         699708 kB
Active(anon):     823396 kB
Inactive(anon):   211456 kB
Active(file):     487712 kB
Inactive(file):   488252 kB
Unevictable:       12768 kB
Mlocked:               0 kB
SwapTotal:        720184 kB
SwapFree:         719300 kB
Dirty:                28 kB
Writeback:             0 kB
AnonPages:       1003052 kB
Mapped:           697440 kB
Shmem:             32192 kB
Slab:             117012 kB
SReclaimable:      36008 kB
SUnreclaim:        81004 kB
KernelStack:       34224 kB
PageTables:        57380 kB
NFS_Unstable:          0 kB
Bounce:                0 kB
WritebackTmp:          0 kB
CommitLimit:     2172840 kB
Committed_AS:   93857992 kB
VmallocTotal:   251658176 kB
VmallocUsed:      140940 kB
VmallocChunk:   251415084 kB
Time pass: 205 sec

---2015-12-08 15:44:45
MemTotal:        2905316 kB
MemFree:           75080 kB
Buffers:           25872 kB
Cached:           995404 kB
SwapCached:            0 kB
Active:          1313216 kB
Inactive:         700004 kB
Active(anon):     825460 kB
Inactive(anon):   211632 kB
Active(file):     487756 kB
Inactive(file):   488372 kB
Unevictable:       12768 kB
Mlocked:               0 kB
SwapTotal:        720184 kB
SwapFree:         719300 kB
Dirty:               204 kB
Writeback:             0 kB
AnonPages:       1005076 kB
Mapped:           697860 kB
Shmem:             32380 kB
Slab:             117024 kB
SReclaimable:      36008 kB
SUnreclaim:        81016 kB
KernelStack:       34544 kB
PageTables:        57528 kB
NFS_Unstable:          0 kB
Bounce:                0 kB
WritebackTmp:          0 kB
CommitLimit:     2172840 kB
Committed_AS:   93857956 kB
VmallocTotal:   251658176 kB
VmallocUsed:      140940 kB
VmallocChunk:   251415084 kB
Time pass: 208 sec

---2015-12-08 15:44:45
MemTotal:        2905316 kB
MemFree:           72856 kB
Buffers:           25896 kB
Cached:           995504 kB
SwapCached:            0 kB
Active:          1315844 kB
Inactive:         700084 kB
Active(anon):     828052 kB
Inactive(anon):   211656 kB
Active(file):     487792 kB
Inactive(file):   488428 kB
Unevictable:       12768 kB
Mlocked:               0 kB
SwapTotal:        720184 kB
SwapFree:         719300 kB
Dirty:               140 kB
Writeback:             0 kB
AnonPages:       1007352 kB
Mapped:           697848 kB
Shmem:             32412 kB
Slab:             117016 kB
SReclaimable:      36008 kB
SUnreclaim:        81008 kB
KernelStack:       34528 kB
PageTables:        57500 kB
NFS_Unstable:          0 kB
Bounce:                0 kB
WritebackTmp:          0 kB
CommitLimit:     2172840 kB
Committed_AS:   93858028 kB
VmallocTotal:   251658176 kB
VmallocUsed:      140940 kB
VmallocChunk:   251415084 kB
Time pass: 212 sec

---2015-12-08 15:44:45
MemTotal:        2905316 kB
MemFree:           66556 kB
Buffers:           25904 kB
Cached:           995956 kB
SwapCached:            0 kB
Active:          1317728 kB
Inactive:         700348 kB
Active(anon):     829772 kB
Inactive(anon):   211672 kB
Active(file):     487956 kB
Inactive(file):   488676 kB
Unevictable:       12768 kB
Mlocked:               0 kB
SwapTotal:        720184 kB
SwapFree:         719300 kB
Dirty:                24 kB
Writeback:             0 kB
AnonPages:       1009120 kB
Mapped:           698024 kB
Shmem:             32412 kB
Slab:             120768 kB
SReclaimable:      39516 kB
SUnreclaim:        81252 kB
KernelStack:       34544 kB
PageTables:        57572 kB
NFS_Unstable:          0 kB
Bounce:                0 kB
WritebackTmp:          0 kB
CommitLimit:     2172840 kB
Committed_AS:   93869536 kB
VmallocTotal:   251658176 kB
VmallocUsed:      141960 kB
VmallocChunk:   251415084 kB
Time pass: 216 sec

---2015-12-08 15:44:45
MemTotal:        2905316 kB
MemFree:           65968 kB
Buffers:           25916 kB
Cached:           996420 kB
SwapCached:            0 kB
Active:          1317224 kB
Inactive:         700832 kB
Active(anon):     829236 kB
Inactive(anon):   211672 kB
Active(file):     487988 kB
Inactive(file):   489160 kB
Unevictable:       12768 kB
Mlocked:               0 kB
SwapTotal:        720184 kB
SwapFree:         719300 kB
Dirty:               164 kB
Writeback:             0 kB
AnonPages:       1008600 kB
Mapped:           698140 kB
Shmem:             32412 kB
Slab:             121300 kB
SReclaimable:      40008 kB
SUnreclaim:        81292 kB
KernelStack:       34544 kB
PageTables:        57552 kB
NFS_Unstable:          0 kB
Bounce:                0 kB
WritebackTmp:          0 kB
CommitLimit:     2172840 kB
Committed_AS:   93863904 kB
VmallocTotal:   251658176 kB
VmallocUsed:      140940 kB
VmallocChunk:   251415084 kB
Time pass: 220 sec

---2015-12-08 15:44:45
MemTotal:        2905316 kB
MemFree:           66944 kB
Buffers:           25924 kB
Cached:           996420 kB
SwapCached:            0 kB
Active:          1316240 kB
Inactive:         700832 kB
Active(anon):     828236 kB
Inactive(anon):   211672 kB
Active(file):     488004 kB
Inactive(file):   489160 kB
Unevictable:       12768 kB
Mlocked:               0 kB
SwapTotal:        720184 kB
SwapFree:         719300 kB
Dirty:                20 kB
Writeback:             0 kB
AnonPages:       1007572 kB
Mapped:           698140 kB
Shmem:             32412 kB
Slab:             121304 kB
SReclaimable:      40016 kB
SUnreclaim:        81288 kB
KernelStack:       34464 kB
PageTables:        57504 kB
NFS_Unstable:          0 kB
Bounce:                0 kB
WritebackTmp:          0 kB
CommitLimit:     2172840 kB
Committed_AS:   93857968 kB
VmallocTotal:   251658176 kB
VmallocUsed:      140940 kB
VmallocChunk:   251415084 kB
Time pass: 223 sec

---2015-12-08 15:44:45
MemTotal:        2905316 kB
MemFree:           66148 kB
Buffers:           25952 kB
Cached:           996520 kB
SwapCached:            0 kB
Active:          1318000 kB
Inactive:         700948 kB
Active(anon):     829984 kB
Inactive(anon):   211732 kB
Active(file):     488016 kB
Inactive(file):   489216 kB
Unevictable:       12768 kB
Mlocked:               0 kB
SwapTotal:        720184 kB
SwapFree:         719300 kB
Dirty:               120 kB
Writeback:             0 kB
AnonPages:       1009180 kB
Mapped:           698260 kB
Shmem:             32472 kB
Slab:             121348 kB
SReclaimable:      40020 kB
SUnreclaim:        81328 kB
KernelStack:       34464 kB
PageTables:        57580 kB
NFS_Unstable:          0 kB
Bounce:                0 kB
WritebackTmp:          0 kB
CommitLimit:     2172840 kB
Committed_AS:   93884592 kB
VmallocTotal:   251658176 kB
VmallocUsed:      140940 kB
VmallocChunk:   251415084 kB
Time pass: 227 sec

---2015-12-08 15:44:45
MemTotal:        2905316 kB
MemFree:           64876 kB
Buffers:           25960 kB
Cached:           996532 kB
SwapCached:            0 kB
Active:          1318312 kB
Inactive:         700964 kB
Active(anon):     830292 kB
Inactive(anon):   211732 kB
Active(file):     488020 kB
Inactive(file):   489232 kB
Unevictable:       12768 kB
Mlocked:               0 kB
SwapTotal:        720184 kB
SwapFree:         719300 kB
Dirty:                80 kB
Writeback:             0 kB
AnonPages:       1009508 kB
Mapped:           698272 kB
Shmem:             32472 kB
Slab:             121328 kB
SReclaimable:      40024 kB
SUnreclaim:        81304 kB
KernelStack:       34464 kB
PageTables:        57580 kB
NFS_Unstable:          0 kB
Bounce:                0 kB
WritebackTmp:          0 kB
CommitLimit:     2172840 kB
Committed_AS:   93884580 kB
VmallocTotal:   251658176 kB
VmallocUsed:      140940 kB
VmallocChunk:   251415084 kB
Time pass: 231 sec

---2015-12-08 15:44:45
MemTotal:        2905316 kB
MemFree:           65132 kB
Buffers:           25960 kB
Cached:           996540 kB
SwapCached:            0 kB
Active:          1318252 kB
Inactive:         700960 kB
Active(anon):     830220 kB
Inactive(anon):   211732 kB
Active(file):     488032 kB
Inactive(file):   489228 kB
Unevictable:       12768 kB
Mlocked:               0 kB
SwapTotal:        720184 kB
SwapFree:         719300 kB
Dirty:                88 kB
Writeback:             0 kB
AnonPages:       1009620 kB
Mapped:           698224 kB
Shmem:             32472 kB
Slab:             121272 kB
SReclaimable:      40024 kB
SUnreclaim:        81248 kB
KernelStack:       34432 kB
PageTables:        57552 kB
NFS_Unstable:          0 kB
Bounce:                0 kB
WritebackTmp:          0 kB
CommitLimit:     2172840 kB
Committed_AS:   93884592 kB
VmallocTotal:   251658176 kB
VmallocUsed:      140940 kB
VmallocChunk:   251415084 kB
Time pass: 235 sec

---2015-12-08 15:44:45
MemTotal:        2905316 kB
MemFree:           64440 kB
Buffers:           25968 kB
Cached:           996544 kB
SwapCached:            0 kB
Active:          1318732 kB
Inactive:         700964 kB
Active(anon):     830696 kB
Inactive(anon):   211732 kB
Active(file):     488036 kB
Inactive(file):   489232 kB
Unevictable:       12768 kB
Mlocked:               0 kB
SwapTotal:        720184 kB
SwapFree:         719300 kB
Dirty:                28 kB
Writeback:             0 kB
AnonPages:       1009820 kB
Mapped:           698292 kB
Shmem:             32472 kB
Slab:             121288 kB
SReclaimable:      40028 kB
SUnreclaim:        81260 kB
KernelStack:       34464 kB
PageTables:        57576 kB
NFS_Unstable:          0 kB
Bounce:                0 kB
WritebackTmp:          0 kB
CommitLimit:     2172840 kB
Committed_AS:   93884592 kB
VmallocTotal:   251658176 kB
VmallocUsed:      140940 kB
VmallocChunk:   251415084 kB
Time pass: 238 sec

---2015-12-08 15:44:45
MemTotal:        2905316 kB
MemFree:           67192 kB
Buffers:           26008 kB
Cached:           995056 kB
SwapCached:            0 kB
Active:          1321564 kB
Inactive:         699648 kB
Active(anon):     833736 kB
Inactive(anon):   211884 kB
Active(file):     487828 kB
Inactive(file):   487764 kB
Unevictable:       12768 kB
Mlocked:               0 kB
SwapTotal:        720184 kB
SwapFree:         719300 kB
Dirty:               156 kB
Writeback:             0 kB
AnonPages:       1012860 kB
Mapped:           698532 kB
Shmem:             32704 kB
Slab:             117060 kB
SReclaimable:      36036 kB
SUnreclaim:        81024 kB
KernelStack:       34448 kB
PageTables:        57648 kB
NFS_Unstable:          0 kB
Bounce:                0 kB
WritebackTmp:          0 kB
CommitLimit:     2172840 kB
Committed_AS:   93891468 kB
VmallocTotal:   251658176 kB
VmallocUsed:      140940 kB
VmallocChunk:   251415084 kB
Time pass: 242 sec

---2015-12-08 15:44:45
MemTotal:        2905316 kB
MemFree:           65752 kB
Buffers:           26008 kB
Cached:           995288 kB
SwapCached:            0 kB
Active:          1322480 kB
Inactive:         699936 kB
Active(anon):     834628 kB
Inactive(anon):   212144 kB
Active(file):     487852 kB
Inactive(file):   487792 kB
Unevictable:       12768 kB
Mlocked:               0 kB
SwapTotal:        720184 kB
SwapFree:         719300 kB
Dirty:                20 kB
Writeback:             0 kB
AnonPages:       1013992 kB
Mapped:           698736 kB
Shmem:             32884 kB
Slab:             117244 kB
SReclaimable:      36132 kB
SUnreclaim:        81112 kB
KernelStack:       34432 kB
PageTables:        57648 kB
NFS_Unstable:          0 kB
Bounce:                0 kB
WritebackTmp:          0 kB
CommitLimit:     2172840 kB
Committed_AS:   93892260 kB
VmallocTotal:   251658176 kB
VmallocUsed:      140940 kB
VmallocChunk:   251415084 kB
Time pass: 246 sec

---2015-12-08 15:44:45
MemTotal:        2905316 kB
MemFree:           65476 kB
Buffers:           26016 kB
Cached:           995516 kB
SwapCached:            0 kB
Active:          1323100 kB
Inactive:         700168 kB
Active(anon):     835244 kB
Inactive(anon):   212360 kB
Active(file):     487856 kB
Inactive(file):   487808 kB
Unevictable:       12768 kB
Mlocked:               0 kB
SwapTotal:        720184 kB
SwapFree:         719300 kB
Dirty:                84 kB
Writeback:             0 kB
AnonPages:       1014540 kB
Mapped:           698964 kB
Shmem:             33100 kB
Slab:             117140 kB
SReclaimable:      36132 kB
SUnreclaim:        81008 kB
KernelStack:       34384 kB
PageTables:        57652 kB
NFS_Unstable:          0 kB
Bounce:                0 kB
WritebackTmp:          0 kB
CommitLimit:     2172840 kB
Committed_AS:   93892504 kB
VmallocTotal:   251658176 kB
VmallocUsed:      140940 kB
VmallocChunk:   251415084 kB
Time pass: 250 sec

---2015-12-08 15:44:45
MemTotal:        2905316 kB
MemFree:           63916 kB
Buffers:           26024 kB
Cached:           995644 kB
SwapCached:            0 kB
Active:          1324176 kB
Inactive:         700288 kB
Active(anon):     836308 kB
Inactive(anon):   212484 kB
Active(file):     487868 kB
Inactive(file):   487804 kB
Unevictable:       12768 kB
Mlocked:               0 kB
SwapTotal:        720184 kB
SwapFree:         719300 kB
Dirty:                16 kB
Writeback:             0 kB
AnonPages:       1015584 kB
Mapped:           699096 kB
Shmem:             33224 kB
Slab:             117164 kB
SReclaimable:      36132 kB
SUnreclaim:        81032 kB
KernelStack:       34432 kB
PageTables:        57652 kB
NFS_Unstable:          0 kB
Bounce:                0 kB
WritebackTmp:          0 kB
CommitLimit:     2172840 kB
Committed_AS:   93893040 kB
VmallocTotal:   251658176 kB
VmallocUsed:      140940 kB
VmallocChunk:   251415084 kB
Time pass: 254 sec

---2015-12-08 15:44:45
MemTotal:        2905316 kB
MemFree:           68832 kB
Buffers:           26008 kB
Cached:           988520 kB
SwapCached:            0 kB
Active:          1320652 kB
Inactive:         696740 kB
Active(anon):     836464 kB
Inactive(anon):   212520 kB
Active(file):     484188 kB
Inactive(file):   484220 kB
Unevictable:       12768 kB
Mlocked:               0 kB
SwapTotal:        720184 kB
SwapFree:         719284 kB
Dirty:                36 kB
Writeback:             0 kB
AnonPages:       1015620 kB
Mapped:           699168 kB
Shmem:             33272 kB
Slab:             117176 kB
SReclaimable:      36132 kB
SUnreclaim:        81044 kB
KernelStack:       34416 kB
PageTables:        57712 kB
NFS_Unstable:          0 kB
Bounce:                0 kB
WritebackTmp:          0 kB
CommitLimit:     2172840 kB
Committed_AS:   93919720 kB
VmallocTotal:   251658176 kB
VmallocUsed:      140940 kB
VmallocChunk:   251415084 kB
Time pass: 257 sec

---2015-12-08 15:44:45
MemTotal:        2905316 kB
MemFree:           76104 kB
Buffers:           26064 kB
Cached:           987788 kB
SwapCached:            0 kB
Active:          1314656 kB
Inactive:         696096 kB
Active(anon):     830424 kB
Inactive(anon):   211712 kB
Active(file):     484232 kB
Inactive(file):   484384 kB
Unevictable:       12768 kB
Mlocked:               0 kB
SwapTotal:        720184 kB
SwapFree:         719284 kB
Dirty:                36 kB
Writeback:             0 kB
AnonPages:       1009820 kB
Mapped:           698292 kB
Shmem:             32452 kB
Slab:             117116 kB
SReclaimable:      36044 kB
SUnreclaim:        81072 kB
KernelStack:       34448 kB
PageTables:        57616 kB
NFS_Unstable:          0 kB
Bounce:                0 kB
WritebackTmp:          0 kB
CommitLimit:     2172840 kB
Committed_AS:   93919776 kB
VmallocTotal:   251658176 kB
VmallocUsed:      140940 kB
VmallocChunk:   251415084 kB
Time pass: 261 sec

---2015-12-08 15:44:45
MemTotal:        2905316 kB
MemFree:           79836 kB
Buffers:           26064 kB
Cached:           987836 kB
SwapCached:            0 kB
Active:          1311500 kB
Inactive:         696140 kB
Active(anon):     827248 kB
Inactive(anon):   211720 kB
Active(file):     484252 kB
Inactive(file):   484420 kB
Unevictable:       12768 kB
Mlocked:               0 kB
SwapTotal:        720184 kB
SwapFree:         719284 kB
Dirty:                76 kB
Writeback:             0 kB
AnonPages:       1006348 kB
Mapped:           698312 kB
Shmem:             32460 kB
Slab:             117112 kB
SReclaimable:      36044 kB
SUnreclaim:        81068 kB
KernelStack:       34400 kB
PageTables:        57624 kB
NFS_Unstable:          0 kB
Bounce:                0 kB
WritebackTmp:          0 kB
CommitLimit:     2172840 kB
Committed_AS:   93919812 kB
VmallocTotal:   251658176 kB
VmallocUsed:      140940 kB
VmallocChunk:   251415084 kB
Time pass: 265 sec

---2015-12-08 15:44:45
MemTotal:        2905316 kB
MemFree:           78600 kB
Buffers:           26072 kB
Cached:           987880 kB
SwapCached:            0 kB
Active:          1312276 kB
Inactive:         696164 kB
Active(anon):     827996 kB
Inactive(anon):   211728 kB
Active(file):     484280 kB
Inactive(file):   484436 kB
Unevictable:       12768 kB
Mlocked:               0 kB
SwapTotal:        720184 kB
SwapFree:         719284 kB
Dirty:                56 kB
Writeback:             0 kB
AnonPages:       1007240 kB
Mapped:           698384 kB
Shmem:             32468 kB
Slab:             117104 kB
SReclaimable:      36044 kB
SUnreclaim:        81060 kB
KernelStack:       34432 kB
PageTables:        57648 kB
NFS_Unstable:          0 kB
Bounce:                0 kB
WritebackTmp:          0 kB
CommitLimit:     2172840 kB
Committed_AS:   93919784 kB
VmallocTotal:   251658176 kB
VmallocUsed:      140940 kB
VmallocChunk:   251415084 kB
Time pass: 269 sec

---2015-12-08 15:44:45
MemTotal:        2905316 kB
MemFree:           78700 kB
Buffers:           26088 kB
Cached:           987932 kB
SwapCached:            0 kB
Active:          1312380 kB
Inactive:         696216 kB
Active(anon):     828084 kB
Inactive(anon):   211748 kB
Active(file):     484296 kB
Inactive(file):   484468 kB
Unevictable:       12768 kB
Mlocked:               0 kB
SwapTotal:        720184 kB
SwapFree:         719284 kB
Dirty:                16 kB
Writeback:             0 kB
AnonPages:       1007360 kB
Mapped:           698416 kB
Shmem:             32488 kB
Slab:             117128 kB
SReclaimable:      36060 kB
SUnreclaim:        81068 kB
KernelStack:       34432 kB
PageTables:        57648 kB
NFS_Unstable:          0 kB
Bounce:                0 kB
WritebackTmp:          0 kB
CommitLimit:     2172840 kB
Committed_AS:   93919704 kB
VmallocTotal:   251658176 kB
VmallocUsed:      140940 kB
VmallocChunk:   251415084 kB
Time pass: 272 sec

---2015-12-08 15:44:45
MemTotal:        2905316 kB
MemFree:           78092 kB
Buffers:           26096 kB
Cached:           987940 kB
SwapCached:            0 kB
Active:          1313080 kB
Inactive:         696224 kB
Active(anon):     828776 kB
Inactive(anon):   211748 kB
Active(file):     484304 kB
Inactive(file):   484476 kB
Unevictable:       12768 kB
Mlocked:               0 kB
SwapTotal:        720184 kB
SwapFree:         719284 kB
Dirty:                52 kB
Writeback:             0 kB
AnonPages:       1008188 kB
Mapped:           698368 kB
Shmem:             32488 kB
Slab:             117168 kB
SReclaimable:      36060 kB
SUnreclaim:        81108 kB
KernelStack:       34448 kB
PageTables:        57628 kB
NFS_Unstable:          0 kB
Bounce:                0 kB
WritebackTmp:          0 kB
CommitLimit:     2172840 kB
Committed_AS:   93919832 kB
VmallocTotal:   251658176 kB
VmallocUsed:      140940 kB
VmallocChunk:   251415084 kB
Time pass: 276 sec

---2015-12-08 15:44:45
MemTotal:        2905316 kB
MemFree:           78076 kB
Buffers:           26096 kB
Cached:           987944 kB
SwapCached:            0 kB
Active:          1312304 kB
Inactive:         696224 kB
Active(anon):     827996 kB
Inactive(anon):   211748 kB
Active(file):     484308 kB
Inactive(file):   484476 kB
Unevictable:       12768 kB
Mlocked:               0 kB
SwapTotal:        720184 kB
SwapFree:         719284 kB
Dirty:                56 kB
Writeback:             0 kB
AnonPages:       1007344 kB
Mapped:           698380 kB
Shmem:             32488 kB
Slab:             117168 kB
SReclaimable:      36060 kB
SUnreclaim:        81108 kB
KernelStack:       34432 kB
PageTables:        57624 kB
NFS_Unstable:          0 kB
Bounce:                0 kB
WritebackTmp:          0 kB
CommitLimit:     2172840 kB
Committed_AS:   93919820 kB
VmallocTotal:   251658176 kB
VmallocUsed:      140940 kB
VmallocChunk:   251415084 kB
Time pass: 280 sec

---2015-12-08 15:44:45
MemTotal:        2905316 kB
MemFree:           77032 kB
Buffers:           26120 kB
Cached:           987984 kB
SwapCached:            0 kB
Active:          1313636 kB
Inactive:         696280 kB
Active(anon):     829320 kB
Inactive(anon):   211748 kB
Active(file):     484316 kB
Inactive(file):   484532 kB
Unevictable:       12768 kB
Mlocked:               0 kB
SwapTotal:        720184 kB
SwapFree:         719284 kB
Dirty:               104 kB
Writeback:             0 kB
AnonPages:       1008660 kB
Mapped:           698392 kB
Shmem:             32488 kB
Slab:             117160 kB
SReclaimable:      36060 kB
SUnreclaim:        81100 kB
KernelStack:       34432 kB
PageTables:        57628 kB
NFS_Unstable:          0 kB
Bounce:                0 kB
WritebackTmp:          0 kB
CommitLimit:     2172840 kB
Committed_AS:   93919844 kB
VmallocTotal:   251658176 kB
VmallocUsed:      140940 kB
VmallocChunk:   251415084 kB
Time pass: 284 sec

---2015-12-08 15:44:45
MemTotal:        2905316 kB
MemFree:           74564 kB
Buffers:           26128 kB
Cached:           988028 kB
SwapCached:            0 kB
Active:          1316096 kB
Inactive:         696316 kB
Active(anon):     831768 kB
Inactive(anon):   211748 kB
Active(file):     484328 kB
Inactive(file):   484568 kB
Unevictable:       12768 kB
Mlocked:               0 kB
SwapTotal:        720184 kB
SwapFree:         719284 kB
Dirty:                68 kB
Writeback:             0 kB
AnonPages:       1011272 kB
Mapped:           698404 kB
Shmem:             32492 kB
Slab:             117052 kB
SReclaimable:      35932 kB
SUnreclaim:        81120 kB
KernelStack:       34416 kB
PageTables:        57628 kB
NFS_Unstable:          0 kB
Bounce:                0 kB
WritebackTmp:          0 kB
CommitLimit:     2172840 kB
Committed_AS:   93946712 kB
VmallocTotal:   251658176 kB
VmallocUsed:      140940 kB
VmallocChunk:   251415084 kB
Time pass: 287 sec

---2015-12-08 15:44:45
MemTotal:        2905316 kB
MemFree:           74236 kB
Buffers:           26128 kB
Cached:           988112 kB
SwapCached:            0 kB
Active:          1316548 kB
Inactive:         696400 kB
Active(anon):     832216 kB
Inactive(anon):   211832 kB
Active(file):     484332 kB
Inactive(file):   484568 kB
Unevictable:       12768 kB
Mlocked:               0 kB
SwapTotal:        720184 kB
SwapFree:         719284 kB
Dirty:                72 kB
Writeback:             0 kB
AnonPages:       1011440 kB
Mapped:           698492 kB
Shmem:             32572 kB
Slab:             117004 kB
SReclaimable:      35932 kB
SUnreclaim:        81072 kB
KernelStack:       34416 kB
PageTables:        57668 kB
NFS_Unstable:          0 kB
Bounce:                0 kB
WritebackTmp:          0 kB
CommitLimit:     2172840 kB
Committed_AS:   93946968 kB
VmallocTotal:   251658176 kB
VmallocUsed:      140940 kB
VmallocChunk:   251415084 kB
Time pass: 291 sec

---2015-12-08 15:44:45
MemTotal:        2905316 kB
MemFree:           73448 kB
Buffers:           26152 kB
Cached:           988156 kB
SwapCached:            0 kB
Active:          1317316 kB
Inactive:         696452 kB
Active(anon):     832968 kB
Inactive(anon):   211832 kB
Active(file):     484348 kB
Inactive(file):   484620 kB
Unevictable:       12768 kB
Mlocked:               0 kB
SwapTotal:        720184 kB
SwapFree:         719284 kB
Dirty:               120 kB
Writeback:             0 kB
AnonPages:       1012316 kB
Mapped:           698492 kB
Shmem:             32572 kB
Slab:             117004 kB
SReclaimable:      35932 kB
SUnreclaim:        81072 kB
KernelStack:       34416 kB
PageTables:        57664 kB
NFS_Unstable:          0 kB
Bounce:                0 kB
WritebackTmp:          0 kB
CommitLimit:     2172840 kB
Committed_AS:   93946956 kB
VmallocTotal:   251658176 kB
VmallocUsed:      140940 kB
VmallocChunk:   251415084 kB
Time pass: 295 sec

---2015-12-08 15:44:45
MemTotal:        2905316 kB
MemFree:           72600 kB
Buffers:           26152 kB
Cached:           988196 kB
SwapCached:            0 kB
Active:          1317776 kB
Inactive:         696476 kB
Active(anon):     833412 kB
Inactive(anon):   211832 kB
Active(file):     484364 kB
Inactive(file):   484644 kB
Unevictable:       12768 kB
Mlocked:               0 kB
SwapTotal:        720184 kB
SwapFree:         719284 kB
Dirty:                16 kB
Writeback:             0 kB
AnonPages:       1012704 kB
Mapped:           698504 kB
Shmem:             32572 kB
Slab:             117060 kB
SReclaimable:      35932 kB
SUnreclaim:        81128 kB
KernelStack:       34416 kB
PageTables:        57668 kB
NFS_Unstable:          0 kB
Bounce:                0 kB
WritebackTmp:          0 kB
CommitLimit:     2172840 kB
Committed_AS:   93946968 kB
VmallocTotal:   251658176 kB
VmallocUsed:      140940 kB
VmallocChunk:   251415084 kB
Time pass: 299 sec

---2015-12-08 15:44:45
MemTotal:        2905316 kB
MemFree:           72308 kB
Buffers:           26160 kB
Cached:           988264 kB
SwapCached:            0 kB
Active:          1318124 kB
Inactive:         696516 kB
Active(anon):     833756 kB
Inactive(anon):   211836 kB
Active(file):     484368 kB
Inactive(file):   484680 kB
Unevictable:       12768 kB
Mlocked:               0 kB
SwapTotal:        720184 kB
SwapFree:         719284 kB
Dirty:                 4 kB
Writeback:             0 kB
AnonPages:       1012996 kB
Mapped:           698612 kB
Shmem:             32576 kB
Slab:             117096 kB
SReclaimable:      35932 kB
SUnreclaim:        81164 kB
KernelStack:       34400 kB
PageTables:        57684 kB
NFS_Unstable:          0 kB
Bounce:                0 kB
WritebackTmp:          0 kB
CommitLimit:     2172840 kB
Committed_AS:   93946928 kB
VmallocTotal:   251658176 kB
VmallocUsed:      140940 kB
VmallocChunk:   251415084 kB
Time pass: 302 sec

---2015-12-08 15:44:45
MemTotal:        2905316 kB
MemFree:           71704 kB
Buffers:           26184 kB
Cached:           988304 kB
SwapCached:            0 kB
Active:          1319004 kB
Inactive:         696596 kB
Active(anon):     834620 kB
Inactive(anon):   211840 kB
Active(file):     484384 kB
Inactive(file):   484756 kB
Unevictable:       12768 kB
Mlocked:               0 kB
SwapTotal:        720184 kB
SwapFree:         719284 kB
Dirty:               104 kB
Writeback:             0 kB
AnonPages:       1013768 kB
Mapped:           698628 kB
Shmem:             32580 kB
Slab:             117068 kB
SReclaimable:      35932 kB
SUnreclaim:        81136 kB
KernelStack:       34400 kB
PageTables:        57688 kB
NFS_Unstable:          0 kB
Bounce:                0 kB
WritebackTmp:          0 kB
CommitLimit:     2172840 kB
Committed_AS:   93946912 kB
VmallocTotal:   251658176 kB
VmallocUsed:      140940 kB
VmallocChunk:   251415084 kB
Time pass: 306 sec

---2015-12-08 15:44:45
MemTotal:        2905316 kB
MemFree:           71012 kB
Buffers:           26184 kB
Cached:           988312 kB
SwapCached:            0 kB
Active:          1319128 kB
Inactive:         696596 kB
Active(anon):     834736 kB
Inactive(anon):   211840 kB
Active(file):     484392 kB
Inactive(file):   484756 kB
Unevictable:       12768 kB
Mlocked:               0 kB
SwapTotal:        720184 kB
SwapFree:         719284 kB
Dirty:                24 kB
Writeback:             0 kB
AnonPages:       1014008 kB
Mapped:           698636 kB
Shmem:             32580 kB
Slab:             117032 kB
SReclaimable:      35932 kB
SUnreclaim:        81100 kB
KernelStack:       34336 kB
PageTables:        57676 kB
NFS_Unstable:          0 kB
Bounce:                0 kB
WritebackTmp:          0 kB
CommitLimit:     2172840 kB
Committed_AS:   93946936 kB
VmallocTotal:   251658176 kB
VmallocUsed:      140940 kB
VmallocChunk:   251415084 kB
Time pass: 310 sec

---2015-12-08 15:44:45
MemTotal:        2905316 kB
MemFree:           71424 kB
Buffers:           26192 kB
Cached:           988316 kB
SwapCached:            0 kB
Active:          1319144 kB
Inactive:         696604 kB
Active(anon):     834748 kB
Inactive(anon):   211840 kB
Active(file):     484396 kB
Inactive(file):   484764 kB
Unevictable:       12768 kB
Mlocked:               0 kB
SwapTotal:        720184 kB
SwapFree:         719284 kB
Dirty:                12 kB
Writeback:             0 kB
AnonPages:       1013672 kB
Mapped:           698636 kB
Shmem:             32580 kB
Slab:             117012 kB
SReclaimable:      35932 kB
SUnreclaim:        81080 kB
KernelStack:       34400 kB
PageTables:        57688 kB
NFS_Unstable:          0 kB
Bounce:                0 kB
WritebackTmp:          0 kB
CommitLimit:     2172840 kB
Committed_AS:   93946900 kB
VmallocTotal:   251658176 kB
VmallocUsed:      140940 kB
VmallocChunk:   251415084 kB
Time pass: 314 sec

---2015-12-08 15:44:45
MemTotal:        2905316 kB
MemFree:           70504 kB
Buffers:           26216 kB
Cached:           988348 kB
SwapCached:            0 kB
Active:          1320584 kB
Inactive:         696632 kB
Active(anon):     836172 kB
Inactive(anon):   211844 kB
Active(file):     484412 kB
Inactive(file):   484788 kB
Unevictable:       12768 kB
Mlocked:               0 kB
SwapTotal:        720184 kB
SwapFree:         719284 kB
Dirty:                20 kB
Writeback:             0 kB
AnonPages:       1015276 kB
Mapped:           698604 kB
Shmem:             32596 kB
Slab:             116996 kB
SReclaimable:      35932 kB
SUnreclaim:        81064 kB
KernelStack:       34336 kB
PageTables:        57672 kB
NFS_Unstable:          0 kB
Bounce:                0 kB
WritebackTmp:          0 kB
CommitLimit:     2172840 kB
Committed_AS:   93973344 kB
VmallocTotal:   251658176 kB
VmallocUsed:      140940 kB
VmallocChunk:   251415084 kB
Time pass: 318 sec

---2015-12-08 15:44:45
MemTotal:        2905316 kB
MemFree:           69856 kB
Buffers:           26216 kB
Cached:           988448 kB
SwapCached:            0 kB
Active:          1320820 kB
Inactive:         696732 kB
Active(anon):     836396 kB
Inactive(anon):   211908 kB
Active(file):     484424 kB
Inactive(file):   484824 kB
Unevictable:       12768 kB
Mlocked:               0 kB
SwapTotal:        720184 kB
SwapFree:         719284 kB
Dirty:               100 kB
Writeback:             0 kB
AnonPages:       1015748 kB
Mapped:           698720 kB
Shmem:             32648 kB
Slab:             116988 kB
SReclaimable:      35932 kB
SUnreclaim:        81056 kB
KernelStack:       34288 kB
PageTables:        57728 kB
NFS_Unstable:          0 kB
Bounce:                0 kB
WritebackTmp:          0 kB
CommitLimit:     2172840 kB
Committed_AS:   93973352 kB
VmallocTotal:   251658176 kB
VmallocUsed:      140940 kB
VmallocChunk:   251415084 kB
Time pass: 321 sec

---2015-12-08 15:44:45
MemTotal:        2905316 kB
MemFree:           69020 kB
Buffers:           26224 kB
Cached:           988480 kB
SwapCached:            0 kB
Active:          1321140 kB
Inactive:         696768 kB
Active(anon):     836712 kB
Inactive(anon):   211936 kB
Active(file):     484428 kB
Inactive(file):   484832 kB
Unevictable:       12768 kB
Mlocked:               0 kB
SwapTotal:        720184 kB
SwapFree:         719284 kB
Dirty:                52 kB
Writeback:             0 kB
AnonPages:       1015972 kB
Mapped:           698708 kB
Shmem:             32676 kB
Slab:             117012 kB
SReclaimable:      35932 kB
SUnreclaim:        81080 kB
KernelStack:       34288 kB
PageTables:        57700 kB
NFS_Unstable:          0 kB
Bounce:                0 kB
WritebackTmp:          0 kB
CommitLimit:     2172840 kB
Committed_AS:   93973320 kB
VmallocTotal:   251658176 kB
VmallocUsed:      140940 kB
VmallocChunk:   251415084 kB
Time pass: 325 sec

---2015-12-08 15:44:45
MemTotal:        2905316 kB
MemFree:           69100 kB
Buffers:           26232 kB
Cached:           988484 kB
SwapCached:            0 kB
Active:          1321528 kB
Inactive:         696780 kB
Active(anon):     837100 kB
Inactive(anon):   211936 kB
Active(file):     484428 kB
Inactive(file):   484844 kB
Unevictable:       12768 kB
Mlocked:               0 kB
SwapTotal:        720184 kB
SwapFree:         719284 kB
Dirty:                28 kB
Writeback:             0 kB
AnonPages:       1016052 kB
Mapped:           698784 kB
Shmem:             32676 kB
Slab:             116996 kB
SReclaimable:      35932 kB
SUnreclaim:        81064 kB
KernelStack:       34256 kB
PageTables:        57724 kB
NFS_Unstable:          0 kB
Bounce:                0 kB
WritebackTmp:          0 kB
CommitLimit:     2172840 kB
Committed_AS:   93973328 kB
VmallocTotal:   251658176 kB
VmallocUsed:      140940 kB
VmallocChunk:   251415084 kB
Time pass: 329 sec

---2015-12-08 15:44:45
MemTotal:        2905316 kB
MemFree:           67872 kB
Buffers:           26248 kB
Cached:           988516 kB
SwapCached:            0 kB
Active:          1322148 kB
Inactive:         696820 kB
Active(anon):     837712 kB
Inactive(anon):   211936 kB
Active(file):     484436 kB
Inactive(file):   484884 kB
Unevictable:       12768 kB
Mlocked:               0 kB
SwapTotal:        720184 kB
SwapFree:         719284 kB
Dirty:                16 kB
Writeback:             0 kB
AnonPages:       1016776 kB
Mapped:           698736 kB
Shmem:             32676 kB
Slab:             116996 kB
SReclaimable:      35932 kB
SUnreclaim:        81064 kB
KernelStack:       34272 kB
PageTables:        57704 kB
NFS_Unstable:          0 kB
Bounce:                0 kB
WritebackTmp:          0 kB
CommitLimit:     2172840 kB
Committed_AS:   93973328 kB
VmallocTotal:   251658176 kB
VmallocUsed:      140940 kB
VmallocChunk:   251415084 kB
Time pass: 333 sec

---2015-12-08 15:44:45
MemTotal:        2905316 kB
MemFree:           67708 kB
Buffers:           26256 kB
Cached:           988532 kB
SwapCached:            0 kB
Active:          1322280 kB
Inactive:         696828 kB
Active(anon):     837828 kB
Inactive(anon):   211936 kB
Active(file):     484452 kB
Inactive(file):   484892 kB
Unevictable:       12768 kB
Mlocked:               0 kB
SwapTotal:        720184 kB
SwapFree:         719284 kB
Dirty:                72 kB
Writeback:             0 kB
AnonPages:       1017084 kB
Mapped:           698812 kB
Shmem:             32676 kB
Slab:             117000 kB
SReclaimable:      35932 kB
SUnreclaim:        81068 kB
KernelStack:       34288 kB
PageTables:        57724 kB
NFS_Unstable:          0 kB
Bounce:                0 kB
WritebackTmp:          0 kB
CommitLimit:     2172840 kB
Committed_AS:   93973316 kB
VmallocTotal:   251658176 kB
VmallocUsed:      140940 kB
VmallocChunk:   251415084 kB
Time pass: 337 sec

---2015-12-08 15:44:45
MemTotal:        2905316 kB
MemFree:           67812 kB
Buffers:           26264 kB
Cached:           988528 kB
SwapCached:            0 kB
Active:          1322304 kB
Inactive:         696832 kB
Active(anon):     837852 kB
Inactive(anon):   211940 kB
Active(file):     484452 kB
Inactive(file):   484892 kB
Unevictable:       12768 kB
Mlocked:               0 kB
SwapTotal:        720184 kB
SwapFree:         719284 kB
Dirty:                44 kB
Writeback:             0 kB
AnonPages:       1017152 kB
Mapped:           698756 kB
Shmem:             32680 kB
Slab:             117008 kB
SReclaimable:      35932 kB
SUnreclaim:        81076 kB
KernelStack:       34288 kB
PageTables:        57728 kB
NFS_Unstable:          0 kB
Bounce:                0 kB
WritebackTmp:          0 kB
CommitLimit:     2172840 kB
Committed_AS:   93973292 kB
VmallocTotal:   251658176 kB
VmallocUsed:      140940 kB
VmallocChunk:   251415084 kB
Time pass: 340 sec

---2015-12-08 15:44:45
MemTotal:        2905316 kB
MemFree:           67872 kB
Buffers:           26280 kB
Cached:           988572 kB
SwapCached:            0 kB
Active:          1322628 kB
Inactive:         696884 kB
Active(anon):     838168 kB
Inactive(anon):   211940 kB
Active(file):     484460 kB
Inactive(file):   484944 kB
Unevictable:       12768 kB
Mlocked:               0 kB
SwapTotal:        720184 kB
SwapFree:         719284 kB
Dirty:                96 kB
Writeback:             0 kB
AnonPages:       1017388 kB
Mapped:           698768 kB
Shmem:             32680 kB
Slab:             117000 kB
SReclaimable:      35932 kB
SUnreclaim:        81068 kB
KernelStack:       34288 kB
PageTables:        57700 kB
NFS_Unstable:          0 kB
Bounce:                0 kB
WritebackTmp:          0 kB
CommitLimit:     2172840 kB
Committed_AS:   93973364 kB
VmallocTotal:   251658176 kB
VmallocUsed:      140940 kB
VmallocChunk:   251415084 kB
Time pass: 344 sec

---2015-12-08 15:44:45
MemTotal:        2905316 kB
MemFree:           66368 kB
Buffers:           26288 kB
Cached:           988640 kB
SwapCached:            0 kB
Active:          1323656 kB
Inactive:         696948 kB
Active(anon):     839184 kB
Inactive(anon):   212000 kB
Active(file):     484472 kB
Inactive(file):   484948 kB
Unevictable:       12768 kB
Mlocked:               0 kB
SwapTotal:        720184 kB
SwapFree:         719284 kB
Dirty:                60 kB
Writeback:             0 kB
AnonPages:       1018304 kB
Mapped:           698812 kB
Shmem:             32740 kB
Slab:             116980 kB
SReclaimable:      35932 kB
SUnreclaim:        81048 kB
KernelStack:       34224 kB
PageTables:        57752 kB
NFS_Unstable:          0 kB
Bounce:                0 kB
WritebackTmp:          0 kB
CommitLimit:     2172840 kB
Committed_AS:   94000164 kB
VmallocTotal:   251658176 kB
VmallocUsed:      140940 kB
VmallocChunk:   251415084 kB
Time pass: 348 sec

---2015-12-08 15:44:45
MemTotal:        2905316 kB
MemFree:           66484 kB
Buffers:           26288 kB
Cached:           988648 kB
SwapCached:            0 kB
Active:          1323820 kB
Inactive:         696956 kB
Active(anon):     839348 kB
Inactive(anon):   212004 kB
Active(file):     484472 kB
Inactive(file):   484952 kB
Unevictable:       12768 kB
Mlocked:               0 kB
SwapTotal:        720184 kB
SwapFree:         719284 kB
Dirty:                64 kB
Writeback:             0 kB
AnonPages:       1018552 kB
Mapped:           698848 kB
Shmem:             32744 kB
Slab:             117012 kB
SReclaimable:      35932 kB
SUnreclaim:        81080 kB
KernelStack:       34256 kB
PageTables:        57756 kB
NFS_Unstable:          0 kB
Bounce:                0 kB
WritebackTmp:          0 kB
CommitLimit:     2172840 kB
Committed_AS:   94000164 kB
VmallocTotal:   251658176 kB
VmallocUsed:      140940 kB
VmallocChunk:   251415084 kB
Time pass: 352 sec

---2015-12-08 15:44:45
MemTotal:        2905316 kB
MemFree:           65640 kB
Buffers:           26312 kB
Cached:           988692 kB
SwapCached:            0 kB
Active:          1325012 kB
Inactive:         697008 kB
Active(anon):     840524 kB
Inactive(anon):   212004 kB
Active(file):     484488 kB
Inactive(file):   485004 kB
Unevictable:       12768 kB
Mlocked:               0 kB
SwapTotal:        720184 kB
SwapFree:         719284 kB
Dirty:               116 kB
Writeback:             0 kB
AnonPages:       1019576 kB
Mapped:           698912 kB
Shmem:             32744 kB
Slab:             116996 kB
SReclaimable:      35932 kB
SUnreclaim:        81064 kB
KernelStack:       34304 kB
PageTables:        57780 kB
NFS_Unstable:          0 kB
Bounce:                0 kB
WritebackTmp:          0 kB
CommitLimit:     2172840 kB
Committed_AS:   94000200 kB
VmallocTotal:   251658176 kB
VmallocUsed:      140940 kB
VmallocChunk:   251415084 kB
Time pass: 356 sec

---2015-12-08 15:44:45
MemTotal:        2905316 kB
MemFree:           64700 kB
Buffers:           26320 kB
Cached:           988736 kB
SwapCached:            0 kB
Active:          1325356 kB
Inactive:         697036 kB
Active(anon):     840844 kB
Inactive(anon):   212032 kB
Active(file):     484512 kB
Inactive(file):   485004 kB
Unevictable:       12768 kB
Mlocked:               0 kB
SwapTotal:        720184 kB
SwapFree:         719284 kB
Dirty:                84 kB
Writeback:             0 kB
AnonPages:       1020048 kB
Mapped:           698960 kB
Shmem:             32772 kB
Slab:             116996 kB
SReclaimable:      35932 kB
SUnreclaim:        81064 kB
KernelStack:       34288 kB
PageTables:        57760 kB
NFS_Unstable:          0 kB
Bounce:                0 kB
WritebackTmp:          0 kB
CommitLimit:     2172840 kB
Committed_AS:   94000232 kB
VmallocTotal:   251658176 kB
VmallocUsed:      140940 kB
VmallocChunk:   251415084 kB
Time pass: 359 sec

---2015-12-08 15:44:45
MemTotal:        2905316 kB
MemFree:           64288 kB
Buffers:           26320 kB
Cached:           988748 kB
SwapCached:            0 kB
Active:          1325340 kB
Inactive:         697044 kB
Active(anon):     840824 kB
Inactive(anon):   212036 kB
Active(file):     484516 kB
Inactive(file):   485008 kB
Unevictable:       12768 kB
Mlocked:               0 kB
SwapTotal:        720184 kB
SwapFree:         719284 kB
Dirty:                20 kB
Writeback:             0 kB
AnonPages:       1020164 kB
Mapped:           698972 kB
Shmem:             32776 kB
Slab:             117028 kB
SReclaimable:      35932 kB
SUnreclaim:        81096 kB
KernelStack:       34272 kB
PageTables:        57756 kB
NFS_Unstable:          0 kB
Bounce:                0 kB
WritebackTmp:          0 kB
CommitLimit:     2172840 kB
Committed_AS:   94000192 kB
VmallocTotal:   251658176 kB
VmallocUsed:      140940 kB
VmallocChunk:   251415084 kB
Time pass: 363 sec

---2015-12-08 15:44:45
MemTotal:        2905316 kB
MemFree:           64204 kB
Buffers:           26344 kB
Cached:           988788 kB
SwapCached:            0 kB
Active:          1326328 kB
Inactive:         697100 kB
Active(anon):     841804 kB
Inactive(anon):   212036 kB
Active(file):     484524 kB
Inactive(file):   485064 kB
Unevictable:       12768 kB
Mlocked:               0 kB
SwapTotal:        720184 kB
SwapFree:         719284 kB
Dirty:                80 kB
Writeback:            52 kB
AnonPages:       1021056 kB
Mapped:           698992 kB
Shmem:             32776 kB
Slab:             117016 kB
SReclaimable:      35932 kB
SUnreclaim:        81084 kB
KernelStack:       34256 kB
PageTables:        57788 kB
NFS_Unstable:          0 kB
Bounce:                0 kB
WritebackTmp:          0 kB
CommitLimit:     2172840 kB
Committed_AS:   94000156 kB
VmallocTotal:   251658176 kB
VmallocUsed:      140940 kB
VmallocChunk:   251415084 kB
Time pass: 367 sec

---2015-12-08 15:44:45
MemTotal:        2905316 kB
MemFree:           63644 kB
Buffers:           26344 kB
Cached:           988792 kB
SwapCached:            0 kB
Active:          1326504 kB
Inactive:         697100 kB
Active(anon):     841976 kB
Inactive(anon):   212036 kB
Active(file):     484528 kB
Inactive(file):   485064 kB
Unevictable:       12768 kB
Mlocked:               0 kB
SwapTotal:        720184 kB
SwapFree:         719284 kB
Dirty:                92 kB
Writeback:             0 kB
AnonPages:       1021048 kB
Mapped:           699000 kB
Shmem:             32776 kB
Slab:             117004 kB
SReclaimable:      35932 kB
SUnreclaim:        81072 kB
KernelStack:       34272 kB
PageTables:        57756 kB
NFS_Unstable:          0 kB
Bounce:                0 kB
WritebackTmp:          0 kB
CommitLimit:     2172840 kB
Committed_AS:   94000168 kB
VmallocTotal:   251658176 kB
VmallocUsed:      140940 kB
VmallocChunk:   251415084 kB
Time pass: 371 sec

---2015-12-08 15:44:45
MemTotal:        2905316 kB
MemFree:           63128 kB
Buffers:           26352 kB
Cached:           988800 kB
SwapCached:            0 kB
Active:          1326524 kB
Inactive:         697108 kB
Active(anon):     841988 kB
Inactive(anon):   212036 kB
Active(file):     484536 kB
Inactive(file):   485072 kB
Unevictable:       12768 kB
Mlocked:               0 kB
SwapTotal:        720184 kB
SwapFree:         719284 kB
Dirty:                16 kB
Writeback:             0 kB
AnonPages:       1021340 kB
Mapped:           699004 kB
Shmem:             32776 kB
Slab:             117000 kB
SReclaimable:      35932 kB
SUnreclaim:        81068 kB
KernelStack:       34272 kB
PageTables:        57760 kB
NFS_Unstable:          0 kB
Bounce:                0 kB
WritebackTmp:          0 kB
CommitLimit:     2172840 kB
Committed_AS:   94000168 kB
VmallocTotal:   251658176 kB
VmallocUsed:      140940 kB
VmallocChunk:   251415084 kB
Time pass: 374 sec

---2015-12-08 15:44:45
MemTotal:        2905316 kB
MemFree:           63824 kB
Buffers:           26376 kB
Cached:           985732 kB
SwapCached:            0 kB
Active:          1328188 kB
Inactive:         695524 kB
Active(anon):     845112 kB
Inactive(anon):   212096 kB
Active(file):     483076 kB
Inactive(file):   483428 kB
Unevictable:       12768 kB
Mlocked:               0 kB
SwapTotal:        720184 kB
SwapFree:         719284 kB
Dirty:               156 kB
Writeback:             0 kB
AnonPages:       1024468 kB
Mapped:           699200 kB
Shmem:             32836 kB
Slab:             117076 kB
SReclaimable:      36008 kB
SUnreclaim:        81068 kB
KernelStack:       34336 kB
PageTables:        57816 kB
NFS_Unstable:          0 kB
Bounce:                0 kB
WritebackTmp:          0 kB
CommitLimit:     2172840 kB
Committed_AS:   94026828 kB
VmallocTotal:   251658176 kB
VmallocUsed:      140940 kB
VmallocChunk:   251415084 kB
Time pass: 378 sec

---2015-12-08 15:44:45
MemTotal:        2905316 kB
MemFree:           63420 kB
Buffers:           26376 kB
Cached:           985732 kB
SwapCached:            0 kB
Active:          1328212 kB
Inactive:         695516 kB
Active(anon):     845128 kB
Inactive(anon):   212096 kB
Active(file):     483084 kB
Inactive(file):   483420 kB
Unevictable:       12768 kB
Mlocked:               0 kB
SwapTotal:        720184 kB
SwapFree:         719284 kB
Dirty:                 4 kB
Writeback:             0 kB
AnonPages:       1024472 kB
Mapped:           699208 kB
Shmem:             32836 kB
Slab:             117188 kB
SReclaimable:      36120 kB
SUnreclaim:        81068 kB
KernelStack:       34304 kB
PageTables:        57820 kB
NFS_Unstable:          0 kB
Bounce:                0 kB
WritebackTmp:          0 kB
CommitLimit:     2172840 kB
Committed_AS:   94026916 kB
VmallocTotal:   251658176 kB
VmallocUsed:      140940 kB
VmallocChunk:   251415084 kB
Time pass: 382 sec

---2015-12-08 15:44:45
MemTotal:        2905316 kB
MemFree:           66296 kB
Buffers:           26376 kB
Cached:           982220 kB
SwapCached:            0 kB
Active:          1327676 kB
Inactive:         693636 kB
Active(anon):     846372 kB
Inactive(anon):   212096 kB
Active(file):     481304 kB
Inactive(file):   481540 kB
Unevictable:       12768 kB
Mlocked:               0 kB
SwapTotal:        720184 kB
SwapFree:         719284 kB
Dirty:                84 kB
Writeback:             0 kB
AnonPages:       1026016 kB
Mapped:           699212 kB
Shmem:             32836 kB
Slab:             117180 kB
SReclaimable:      36120 kB
SUnreclaim:        81060 kB
KernelStack:       34336 kB
PageTables:        57816 kB
NFS_Unstable:          0 kB
Bounce:                0 kB
WritebackTmp:          0 kB
CommitLimit:     2172840 kB
Committed_AS:   94026864 kB
VmallocTotal:   251658176 kB
VmallocUsed:      140940 kB
VmallocChunk:   251415084 kB
Time pass: 386 sec

---2015-12-08 15:44:45
MemTotal:        2905316 kB
MemFree:           64924 kB
Buffers:           26416 kB
Cached:           982168 kB
SwapCached:            0 kB
Active:          1328860 kB
Inactive:         693744 kB
