---2015-11-20 13:53:35
MemTotal:        2902232 kB
MemFree:          711896 kB
Buffers:           15276 kB
Cached:           989192 kB
SwapCached:            0 kB
Active:           860596 kB
Inactive:         813632 kB
Active(anon):     668700 kB
Inactive(anon):     4632 kB
Active(file):     191896 kB
Inactive(file):   809000 kB
Unevictable:           0 kB
Mlocked:               0 kB
HighTotal:       2311552 kB
HighFree:         274768 kB
LowTotal:         590680 kB
LowFree:          437128 kB
SwapTotal:       1048572 kB
SwapFree:        1048572 kB
Dirty:                 0 kB
Writeback:             0 kB
AnonPages:        669676 kB
Mapped:           268124 kB
Shmem:              3592 kB
Slab:              51104 kB
SReclaimable:      15284 kB
SUnreclaim:        35820 kB
KernelStack:       12896 kB
PageTables:        27244 kB
NFS_Unstable:          0 kB
Bounce:                0 kB
WritebackTmp:          0 kB
CommitLimit:     2499688 kB
Committed_AS:   62763520 kB
VmallocTotal:     385024 kB
VmallocUsed:      161448 kB
VmallocChunk:      68676 kB
Time pass: 3 sec

---2015-11-20 13:53:35
MemTotal:        2902232 kB
MemFree:          711340 kB
Buffers:           15276 kB
Cached:           989192 kB
SwapCached:            0 kB
Active:           860688 kB
Inactive:         813620 kB
Active(anon):     668780 kB
Inactive(anon):     4632 kB
Active(file):     191908 kB
Inactive(file):   808988 kB
Unevictable:           0 kB
Mlocked:               0 kB
HighTotal:       2311552 kB
HighFree:         274220 kB
LowTotal:         590680 kB
LowFree:          437120 kB
SwapTotal:       1048572 kB
SwapFree:        1048572 kB
Dirty:                 0 kB
Writeback:             0 kB
AnonPages:        669680 kB
Mapped:           268168 kB
Shmem:              3592 kB
Slab:              51092 kB
SReclaimable:      15284 kB
SUnreclaim:        35808 kB
KernelStack:       12888 kB
PageTables:        27260 kB
NFS_Unstable:          0 kB
Bounce:                0 kB
WritebackTmp:          0 kB
CommitLimit:     2499688 kB
Committed_AS:   62763528 kB
VmallocTotal:     385024 kB
VmallocUsed:      161448 kB
VmallocChunk:      68676 kB
Time pass: 6 sec

---2015-11-20 13:53:35
MemTotal:        2902232 kB
MemFree:          711240 kB
Buffers:           15276 kB
Cached:           989192 kB
SwapCached:            0 kB
Active:           860804 kB
Inactive:         813620 kB
Active(anon):     668896 kB
Inactive(anon):     4632 kB
Active(file):     191908 kB
Inactive(file):   808988 kB
Unevictable:           0 kB
Mlocked:               0 kB
HighTotal:       2311552 kB
HighFree:         274168 kB
LowTotal:         590680 kB
LowFree:          437072 kB
SwapTotal:       1048572 kB
SwapFree:        1048572 kB
Dirty:                 0 kB
Writeback:             0 kB
AnonPages:        669740 kB
Mapped:           268212 kB
Shmem:              3592 kB
Slab:              51124 kB
SReclaimable:      15284 kB
SUnreclaim:        35840 kB
KernelStack:       12888 kB
PageTables:        27276 kB
NFS_Unstable:          0 kB
Bounce:                0 kB
WritebackTmp:          0 kB
CommitLimit:     2499688 kB
Committed_AS:   62763536 kB
VmallocTotal:     385024 kB
VmallocUsed:      161448 kB
VmallocChunk:      68676 kB
Time pass: 10 sec

---2015-11-20 13:53:35
MemTotal:        2902232 kB
MemFree:          711060 kB
Buffers:           15276 kB
Cached:           989192 kB
SwapCached:            0 kB
Active:           860860 kB
Inactive:         813620 kB
Active(anon):     668952 kB
Inactive(anon):     4632 kB
Active(file):     191908 kB
Inactive(file):   808988 kB
Unevictable:           0 kB
Mlocked:               0 kB
HighTotal:       2311552 kB
HighFree:         273796 kB
LowTotal:         590680 kB
LowFree:          437264 kB
SwapTotal:       1048572 kB
SwapFree:        1048572 kB
Dirty:                 0 kB
Writeback:             0 kB
AnonPages:        669808 kB
Mapped:           268168 kB
Shmem:              3592 kB
Slab:              51140 kB
SReclaimable:      15284 kB
SUnreclaim:        35856 kB
KernelStack:       12888 kB
PageTables:        27260 kB
NFS_Unstable:          0 kB
Bounce:                0 kB
WritebackTmp:          0 kB
CommitLimit:     2499688 kB
Committed_AS:   62763532 kB
VmallocTotal:     385024 kB
VmallocUsed:      161448 kB
VmallocChunk:      68676 kB
Time pass: 13 sec

---2015-11-20 13:53:35
MemTotal:        2902232 kB
MemFree:          709604 kB
Buffers:           15276 kB
Cached:           989192 kB
SwapCached:            0 kB
Active:           863464 kB
Inactive:         813616 kB
Active(anon):     671552 kB
Inactive(anon):     4632 kB
Active(file):     191912 kB
Inactive(file):   808984 kB
Unevictable:           0 kB
Mlocked:               0 kB
HighTotal:       2311552 kB
HighFree:         272484 kB
LowTotal:         590680 kB
LowFree:          437120 kB
SwapTotal:       1048572 kB
SwapFree:        1048572 kB
Dirty:                 0 kB
Writeback:             0 kB
AnonPages:        672692 kB
Mapped:           268128 kB
Shmem:              3592 kB
Slab:              51076 kB
SReclaimable:      15284 kB
SUnreclaim:        35792 kB
KernelStack:       12904 kB
PageTables:        27408 kB
NFS_Unstable:          0 kB
Bounce:                0 kB
WritebackTmp:          0 kB
CommitLimit:     2499688 kB
Committed_AS:   63765512 kB
VmallocTotal:     385024 kB
VmallocUsed:      161448 kB
VmallocChunk:      68676 kB
Time pass: 17 sec

---2015-11-20 13:53:35
MemTotal:        2902232 kB
MemFree:          453352 kB
Buffers:           15436 kB
Cached:          1031872 kB
SwapCached:            0 kB
Active:           917048 kB
Inactive:         849904 kB
Active(anon):     718844 kB
Inactive(anon):     4620 kB
Active(file):     198204 kB
Inactive(file):   845284 kB
Unevictable:           0 kB
Mlocked:               0 kB
HighTotal:       2311552 kB
HighFree:          38224 kB
LowTotal:         590680 kB
LowFree:          415128 kB
SwapTotal:       1048572 kB
SwapFree:        1048572 kB
Dirty:              1196 kB
Writeback:             0 kB
AnonPages:        719748 kB
Mapped:           292256 kB
Shmem:              3744 kB
Slab:              51428 kB
SReclaimable:      15396 kB
SUnreclaim:        36032 kB
KernelStack:       13568 kB
PageTables:        28096 kB
NFS_Unstable:          0 kB
Bounce:                0 kB
WritebackTmp:          0 kB
CommitLimit:     2499688 kB
Committed_AS:   63640064 kB
VmallocTotal:     385024 kB
VmallocUsed:      163048 kB
VmallocChunk:      68676 kB
Time pass: 20 sec

---2015-11-20 13:53:35
MemTotal:        2902232 kB
MemFree:          411364 kB
Buffers:           15480 kB
Cached:          1032460 kB
SwapCached:            0 kB
Active:           901624 kB
Inactive:         850436 kB
Active(anon):     703224 kB
Inactive(anon):     4592 kB
Active(file):     198400 kB
Inactive(file):   845844 kB
Unevictable:           0 kB
Mlocked:               0 kB
HighTotal:       2311552 kB
HighFree:          43820 kB
LowTotal:         590680 kB
LowFree:          367544 kB
SwapTotal:       1048572 kB
SwapFree:        1048572 kB
Dirty:               132 kB
Writeback:             0 kB
AnonPages:        703916 kB
Mapped:           292796 kB
Shmem:              3716 kB
Slab:              51532 kB
SReclaimable:      15468 kB
SUnreclaim:        36064 kB
KernelStack:       13600 kB
PageTables:        28056 kB
NFS_Unstable:          0 kB
Bounce:                0 kB
WritebackTmp:          0 kB
CommitLimit:     2499688 kB
Committed_AS:   63622248 kB
VmallocTotal:     385024 kB
VmallocUsed:      163224 kB
VmallocChunk:      68676 kB
Time pass: 24 sec

---2015-11-20 13:53:35
MemTotal:        2902232 kB
MemFree:          410944 kB
Buffers:           15496 kB
Cached:          1032452 kB
SwapCached:            0 kB
Active:           900736 kB
Inactive:         850436 kB
Active(anon):     702336 kB
Inactive(anon):     4592 kB
Active(file):     198400 kB
Inactive(file):   845844 kB
Unevictable:           0 kB
Mlocked:               0 kB
HighTotal:       2311552 kB
HighFree:          43448 kB
LowTotal:         590680 kB
LowFree:          367496 kB
SwapTotal:       1048572 kB
SwapFree:        1048572 kB
Dirty:               268 kB
Writeback:             0 kB
AnonPages:        702944 kB
Mapped:           292840 kB
Shmem:              3716 kB
Slab:              51580 kB
SReclaimable:      15468 kB
SUnreclaim:        36112 kB
KernelStack:       13616 kB
PageTables:        28076 kB
NFS_Unstable:          0 kB
Bounce:                0 kB
WritebackTmp:          0 kB
CommitLimit:     2499688 kB
Committed_AS:   63622432 kB
VmallocTotal:     385024 kB
VmallocUsed:      163224 kB
VmallocChunk:      68676 kB
Time pass: 27 sec

---2015-11-20 13:53:35
MemTotal:        2902232 kB
MemFree:          367972 kB
Buffers:           15516 kB
Cached:          1035152 kB
SwapCached:            0 kB
Active:           918060 kB
Inactive:         853064 kB
Active(anon):     719604 kB
Inactive(anon):     4592 kB
Active(file):     198456 kB
Inactive(file):   848472 kB
Unevictable:           0 kB
Mlocked:               0 kB
HighTotal:       2311552 kB
HighFree:          38028 kB
LowTotal:         590680 kB
LowFree:          329944 kB
SwapTotal:       1048572 kB
SwapFree:        1048572 kB
Dirty:               204 kB
Writeback:             0 kB
AnonPages:        720440 kB
Mapped:           293952 kB
Shmem:              3716 kB
Slab:              51576 kB
SReclaimable:      15472 kB
SUnreclaim:        36104 kB
KernelStack:       13744 kB
PageTables:        28228 kB
NFS_Unstable:          0 kB
Bounce:                0 kB
WritebackTmp:          0 kB
CommitLimit:     2499688 kB
Committed_AS:   63628548 kB
VmallocTotal:     385024 kB
VmallocUsed:      163836 kB
VmallocChunk:      68676 kB
Time pass: 31 sec

---2015-11-20 13:53:35
MemTotal:        2902232 kB
MemFree:          366816 kB
Buffers:           15516 kB
Cached:          1035128 kB
SwapCached:            0 kB
Active:           918200 kB
Inactive:         852984 kB
Active(anon):     719624 kB
Inactive(anon):     4592 kB
Active(file):     198576 kB
Inactive(file):   848392 kB
Unevictable:           0 kB
Mlocked:               0 kB
HighTotal:       2311552 kB
HighFree:          38000 kB
LowTotal:         590680 kB
LowFree:          328816 kB
SwapTotal:       1048572 kB
SwapFree:        1048572 kB
Dirty:                 4 kB
Writeback:             0 kB
AnonPages:        720396 kB
Mapped:           294120 kB
Shmem:              3716 kB
Slab:              51500 kB
SReclaimable:      15476 kB
SUnreclaim:        36024 kB
KernelStack:       13768 kB
PageTables:        28224 kB
NFS_Unstable:          0 kB
Bounce:                0 kB
WritebackTmp:          0 kB
CommitLimit:     2499688 kB
Committed_AS:   63630832 kB
VmallocTotal:     385024 kB
VmallocUsed:      163972 kB
VmallocChunk:      68676 kB
Time pass: 34 sec

---2015-11-20 13:53:35
MemTotal:        2902232 kB
MemFree:          355220 kB
Buffers:           15532 kB
Cached:          1036000 kB
SwapCached:            0 kB
Active:           929480 kB
Inactive:         853564 kB
Active(anon):     730880 kB
Inactive(anon):     4596 kB
Active(file):     198600 kB
Inactive(file):   848968 kB
Unevictable:           0 kB
Mlocked:               0 kB
HighTotal:       2311552 kB
HighFree:          38000 kB
LowTotal:         590680 kB
LowFree:          317220 kB
SwapTotal:       1048572 kB
SwapFree:        1048572 kB
Dirty:               120 kB
Writeback:             0 kB
AnonPages:        731616 kB
Mapped:           294896 kB
Shmem:              3720 kB
Slab:              51488 kB
SReclaimable:      15484 kB
SUnreclaim:        36004 kB
KernelStack:       13744 kB
PageTables:        28212 kB
NFS_Unstable:          0 kB
Bounce:                0 kB
WritebackTmp:          0 kB
CommitLimit:     2499688 kB
Committed_AS:   63644276 kB
VmallocTotal:     385024 kB
VmallocUsed:      163996 kB
VmallocChunk:      68676 kB
Time pass: 37 sec

---2015-11-20 13:53:35
MemTotal:        2902232 kB
MemFree:          298520 kB
Buffers:           15548 kB
Cached:          1039508 kB
SwapCached:            0 kB
Active:           931260 kB
Inactive:         856904 kB
Active(anon):     732260 kB
Inactive(anon):     4596 kB
Active(file):     199000 kB
Inactive(file):   852308 kB
Unevictable:           0 kB
Mlocked:               0 kB
HighTotal:       2311552 kB
HighFree:          37752 kB
LowTotal:         590680 kB
LowFree:          260768 kB
SwapTotal:       1048572 kB
SwapFree:        1048572 kB
Dirty:              2572 kB
Writeback:             0 kB
AnonPages:        732960 kB
Mapped:           295656 kB
Shmem:              3720 kB
Slab:              51612 kB
SReclaimable:      15556 kB
SUnreclaim:        36056 kB
KernelStack:       13784 kB
PageTables:        28332 kB
NFS_Unstable:          0 kB
Bounce:                0 kB
WritebackTmp:          0 kB
CommitLimit:     2499688 kB
Committed_AS:   63649408 kB
VmallocTotal:     385024 kB
VmallocUsed:      164168 kB
VmallocChunk:      68676 kB
Time pass: 41 sec

---2015-11-20 13:53:35
MemTotal:        2902232 kB
MemFree:          298636 kB
Buffers:           15556 kB
Cached:          1039944 kB
SwapCached:            0 kB
Active:           931388 kB
Inactive:         857392 kB
Active(anon):     732384 kB
Inactive(anon):     4596 kB
Active(file):     199004 kB
Inactive(file):   852796 kB
Unevictable:           0 kB
Mlocked:               0 kB
HighTotal:       2311552 kB
HighFree:          37752 kB
LowTotal:         590680 kB
LowFree:          260884 kB
SwapTotal:       1048572 kB
SwapFree:        1048572 kB
Dirty:                16 kB
Writeback:             0 kB
AnonPages:        733236 kB
Mapped:           295956 kB
Shmem:              3720 kB
Slab:              51624 kB
SReclaimable:      15560 kB
SUnreclaim:        36064 kB
KernelStack:       13784 kB
PageTables:        28256 kB
NFS_Unstable:          0 kB
Bounce:                0 kB
WritebackTmp:          0 kB
CommitLimit:     2499688 kB
Committed_AS:   63649260 kB
VmallocTotal:     385024 kB
VmallocUsed:      164168 kB
VmallocChunk:      68676 kB
Time pass: 45 sec

---2015-11-20 13:53:35
MemTotal:        2902232 kB
MemFree:          298232 kB
Buffers:           15556 kB
Cached:          1039964 kB
SwapCached:            0 kB
Active:           931572 kB
Inactive:         857400 kB
Active(anon):     732568 kB
Inactive(anon):     4596 kB
Active(file):     199004 kB
Inactive(file):   852804 kB
Unevictable:           0 kB
Mlocked:               0 kB
HighTotal:       2311552 kB
HighFree:          37752 kB
LowTotal:         590680 kB
LowFree:          260480 kB
SwapTotal:       1048572 kB
SwapFree:        1048572 kB
Dirty:               104 kB
Writeback:             0 kB
AnonPages:        733352 kB
Mapped:           295968 kB
Shmem:              3720 kB
Slab:              51624 kB
SReclaimable:      15560 kB
SUnreclaim:        36064 kB
KernelStack:       13784 kB
PageTables:        28256 kB
NFS_Unstable:          0 kB
Bounce:                0 kB
WritebackTmp:          0 kB
CommitLimit:     2499688 kB
Committed_AS:   63649304 kB
VmallocTotal:     385024 kB
VmallocUsed:      164168 kB
VmallocChunk:      68676 kB
Time pass: 48 sec

---2015-11-20 13:53:35
MemTotal:        2902232 kB
MemFree:          283668 kB
Buffers:           15576 kB
Cached:          1040728 kB
SwapCached:            0 kB
Active:           934012 kB
Inactive:         857888 kB
Active(anon):     734984 kB
Inactive(anon):     4596 kB
Active(file):     199028 kB
Inactive(file):   853292 kB
Unevictable:           0 kB
Mlocked:               0 kB
HighTotal:       2311552 kB
HighFree:          37752 kB
LowTotal:         590680 kB
LowFree:          245916 kB
SwapTotal:       1048572 kB
SwapFree:        1048572 kB
Dirty:               496 kB
Writeback:             0 kB
AnonPages:        735760 kB
Mapped:           296512 kB
Shmem:              3720 kB
Slab:              51620 kB
SReclaimable:      15560 kB
SUnreclaim:        36060 kB
KernelStack:       13784 kB
PageTables:        28252 kB
NFS_Unstable:          0 kB
Bounce:                0 kB
WritebackTmp:          0 kB
CommitLimit:     2499688 kB
Committed_AS:   63652132 kB
VmallocTotal:     385024 kB
VmallocUsed:      164184 kB
VmallocChunk:      68676 kB
Time pass: 52 sec

---2015-11-20 13:53:35
MemTotal:        2902232 kB
MemFree:          281756 kB
Buffers:           15576 kB
Cached:          1040632 kB
SwapCached:            0 kB
Active:           934372 kB
Inactive:         858048 kB
Active(anon):     735344 kB
Inactive(anon):     4596 kB
Active(file):     199028 kB
Inactive(file):   853452 kB
Unevictable:           0 kB
Mlocked:               0 kB
HighTotal:       2311552 kB
HighFree:          38000 kB
LowTotal:         590680 kB
LowFree:          243756 kB
SwapTotal:       1048572 kB
SwapFree:        1048572 kB
Dirty:               332 kB
Writeback:             0 kB
AnonPages:        736328 kB
Mapped:           296528 kB
Shmem:              3720 kB
Slab:              51768 kB
SReclaimable:      15640 kB
SUnreclaim:        36128 kB
KernelStack:       13800 kB
PageTables:        28272 kB
NFS_Unstable:          0 kB
Bounce:                0 kB
WritebackTmp:          0 kB
CommitLimit:     2499688 kB
Committed_AS:   63652628 kB
VmallocTotal:     385024 kB
VmallocUsed:      164184 kB
VmallocChunk:      68676 kB
Time pass: 55 sec

---2015-11-20 13:53:35
MemTotal:        2902232 kB
MemFree:          214072 kB
Buffers:           15592 kB
Cached:          1041532 kB
SwapCached:            0 kB
Active:           940736 kB
Inactive:         858396 kB
Active(anon):     741112 kB
Inactive(anon):     4596 kB
Active(file):     199624 kB
Inactive(file):   853800 kB
Unevictable:           0 kB
Mlocked:               0 kB
HighTotal:       2311552 kB
HighFree:          38124 kB
LowTotal:         590680 kB
LowFree:          175948 kB
SwapTotal:       1048572 kB
SwapFree:        1048572 kB
Dirty:                 0 kB
Writeback:             0 kB
AnonPages:        742200 kB
Mapped:           296888 kB
Shmem:              3720 kB
Slab:              51992 kB
SReclaimable:      15676 kB
SUnreclaim:        36316 kB
KernelStack:       13792 kB
PageTables:        28192 kB
NFS_Unstable:          0 kB
Bounce:                0 kB
WritebackTmp:          0 kB
CommitLimit:     2499688 kB
Committed_AS:   63657848 kB
VmallocTotal:     385024 kB
VmallocUsed:      164160 kB
VmallocChunk:      68676 kB
Time pass: 59 sec

---2015-11-20 13:53:35
MemTotal:        2902232 kB
MemFree:          200872 kB
Buffers:           15616 kB
Cached:          1045964 kB
SwapCached:            0 kB
Active:           949044 kB
Inactive:         862800 kB
Active(anon):     749392 kB
Inactive(anon):     4596 kB
Active(file):     199652 kB
Inactive(file):   858204 kB
Unevictable:           0 kB
Mlocked:               0 kB
HighTotal:       2311552 kB
HighFree:          38248 kB
LowTotal:         590680 kB
LowFree:          162624 kB
SwapTotal:       1048572 kB
SwapFree:        1048572 kB
Dirty:               164 kB
Writeback:             0 kB
AnonPages:        750408 kB
Mapped:           300324 kB
Shmem:              3720 kB
Slab:              52152 kB
SReclaimable:      15776 kB
SUnreclaim:        36376 kB
KernelStack:       13864 kB
PageTables:        28272 kB
NFS_Unstable:          0 kB
Bounce:                0 kB
WritebackTmp:          0 kB
CommitLimit:     2499688 kB
Committed_AS:   63672612 kB
VmallocTotal:     385024 kB
VmallocUsed:      164568 kB
VmallocChunk:      68676 kB
Time pass: 64 sec

---2015-11-20 13:53:35
MemTotal:        2902232 kB
MemFree:          174372 kB
Buffers:           15656 kB
Cached:          1046404 kB
SwapCached:            0 kB
Active:           957872 kB
Inactive:         862480 kB
Active(anon):     757428 kB
Inactive(anon):     4760 kB
Active(file):     200444 kB
Inactive(file):   857720 kB
Unevictable:           0 kB
Mlocked:               0 kB
HighTotal:       2311552 kB
HighFree:          38124 kB
LowTotal:         590680 kB
LowFree:          136248 kB
SwapTotal:       1048572 kB
SwapFree:        1048572 kB
Dirty:                52 kB
Writeback:             0 kB
AnonPages:        758452 kB
Mapped:           301636 kB
Shmem:              3908 kB
Slab:              52232 kB
SReclaimable:      15804 kB
SUnreclaim:        36428 kB
KernelStack:       14024 kB
PageTables:        28552 kB
NFS_Unstable:          0 kB
Bounce:                0 kB
WritebackTmp:          0 kB
CommitLimit:     2499688 kB
Committed_AS:   63689532 kB
VmallocTotal:     385024 kB
VmallocUsed:      167808 kB
VmallocChunk:      68676 kB
Time pass: 71 sec

---2015-11-20 13:53:35
MemTotal:        2902232 kB
MemFree:          169516 kB
Buffers:           15672 kB
Cached:          1046564 kB
SwapCached:            0 kB
Active:           961928 kB
Inactive:         862660 kB
Active(anon):     761484 kB
Inactive(anon):     4924 kB
Active(file):     200444 kB
Inactive(file):   857736 kB
Unevictable:           0 kB
Mlocked:               0 kB
HighTotal:       2311552 kB
HighFree:          38124 kB
LowTotal:         590680 kB
LowFree:          131392 kB
SwapTotal:       1048572 kB
SwapFree:        1048572 kB
Dirty:                40 kB
Writeback:             0 kB
AnonPages:        762284 kB
Mapped:           301840 kB
Shmem:              4068 kB
Slab:              52248 kB
SReclaimable:      15820 kB
SUnreclaim:        36428 kB
KernelStack:       14024 kB
PageTables:        28576 kB
NFS_Unstable:          0 kB
Bounce:                0 kB
WritebackTmp:          0 kB
CommitLimit:     2499688 kB
Committed_AS:   63693576 kB
VmallocTotal:     385024 kB
VmallocUsed:      167808 kB
VmallocChunk:      68676 kB
Time pass: 75 sec

---2015-11-20 13:53:35
MemTotal:        2902232 kB
MemFree:          168412 kB
Buffers:           15704 kB
Cached:          1046612 kB
SwapCached:            0 kB
Active:           962564 kB
Inactive:         862712 kB
Active(anon):     762116 kB
Inactive(anon):     4940 kB
Active(file):     200448 kB
Inactive(file):   857772 kB
Unevictable:           0 kB
Mlocked:               0 kB
HighTotal:       2311552 kB
HighFree:          38000 kB
LowTotal:         590680 kB
LowFree:          130412 kB
SwapTotal:       1048572 kB
SwapFree:        1048572 kB
Dirty:                 0 kB
Writeback:             0 kB
AnonPages:        762932 kB
Mapped:           301844 kB
Shmem:              4116 kB
Slab:              52288 kB
SReclaimable:      15820 kB
SUnreclaim:        36468 kB
KernelStack:       14016 kB
PageTables:        28560 kB
NFS_Unstable:          0 kB
Bounce:                0 kB
WritebackTmp:          0 kB
CommitLimit:     2499688 kB
Committed_AS:   63693156 kB
VmallocTotal:     385024 kB
VmallocUsed:      167808 kB
VmallocChunk:      68676 kB
Time pass: 79 sec

---2015-11-20 13:53:35
MemTotal:        2902232 kB
MemFree:          159124 kB
Buffers:           15712 kB
Cached:          1046612 kB
SwapCached:            0 kB
Active:           962760 kB
Inactive:         862752 kB
Active(anon):     762308 kB
Inactive(anon):     4984 kB
Active(file):     200452 kB
Inactive(file):   857768 kB
Unevictable:           0 kB
Mlocked:               0 kB
HighTotal:       2311552 kB
HighFree:          38000 kB
LowTotal:         590680 kB
LowFree:          121124 kB
SwapTotal:       1048572 kB
SwapFree:        1048572 kB
Dirty:                52 kB
Writeback:             0 kB
AnonPages:        763056 kB
Mapped:           302008 kB
Shmem:              4116 kB
Slab:              52364 kB
SReclaimable:      15820 kB
SUnreclaim:        36544 kB
KernelStack:       13976 kB
PageTables:        28472 kB
NFS_Unstable:          0 kB
Bounce:                0 kB
WritebackTmp:          0 kB
CommitLimit:     2499688 kB
Committed_AS:   63693116 kB
VmallocTotal:     385024 kB
VmallocUsed:      167808 kB
VmallocChunk:      68676 kB
Time pass: 83 sec

---2015-11-20 13:53:35
MemTotal:        2902232 kB
MemFree:          157488 kB
Buffers:           15728 kB
Cached:          1046612 kB
SwapCached:            0 kB
Active:           964528 kB
Inactive:         862772 kB
Active(anon):     764076 kB
Inactive(anon):     4988 kB
Active(file):     200452 kB
Inactive(file):   857784 kB
Unevictable:           0 kB
Mlocked:               0 kB
HighTotal:       2311552 kB
HighFree:          38000 kB
LowTotal:         590680 kB
LowFree:          119488 kB
SwapTotal:       1048572 kB
SwapFree:        1048572 kB
Dirty:                56 kB
Writeback:             0 kB
AnonPages:        764956 kB
Mapped:           302052 kB
Shmem:              4116 kB
Slab:              52436 kB
SReclaimable:      15772 kB
SUnreclaim:        36664 kB
KernelStack:       13960 kB
PageTables:        28496 kB
NFS_Unstable:          0 kB
Bounce:                0 kB
WritebackTmp:          0 kB
CommitLimit:     2499688 kB
Committed_AS:   63695720 kB
VmallocTotal:     385024 kB
VmallocUsed:      167808 kB
VmallocChunk:      68676 kB
Time pass: 86 sec

---2015-11-20 13:53:35
MemTotal:        2902232 kB
MemFree:          157652 kB
Buffers:           15736 kB
Cached:          1046604 kB
SwapCached:            0 kB
Active:           965056 kB
Inactive:         862780 kB
Active(anon):     764604 kB
Inactive(anon):     4988 kB
Active(file):     200452 kB
Inactive(file):   857792 kB
Unevictable:           0 kB
Mlocked:               0 kB
HighTotal:       2311552 kB
HighFree:          38000 kB
LowTotal:         590680 kB
LowFree:          119652 kB
SwapTotal:       1048572 kB
SwapFree:        1048572 kB
Dirty:                 0 kB
Writeback:             0 kB
AnonPages:        765292 kB
Mapped:           302096 kB
Shmem:              4116 kB
Slab:              52280 kB
SReclaimable:      15772 kB
SUnreclaim:        36508 kB
KernelStack:       13960 kB
PageTables:        28512 kB
NFS_Unstable:          0 kB
Bounce:                0 kB
WritebackTmp:          0 kB
CommitLimit:     2499688 kB
Committed_AS:   63695972 kB
VmallocTotal:     385024 kB
VmallocUsed:      167808 kB
VmallocChunk:      68676 kB
Time pass: 89 sec

---2015-11-20 13:53:35
MemTotal:        2902232 kB
MemFree:          157036 kB
Buffers:           15752 kB
Cached:          1046616 kB
SwapCached:            0 kB
Active:           965184 kB
Inactive:         862808 kB
Active(anon):     764732 kB
Inactive(anon):     4992 kB
Active(file):     200452 kB
Inactive(file):   857816 kB
Unevictable:           0 kB
Mlocked:               0 kB
HighTotal:       2311552 kB
HighFree:          38000 kB
LowTotal:         590680 kB
LowFree:          119036 kB
SwapTotal:       1048572 kB
SwapFree:        1048572 kB
Dirty:                44 kB
Writeback:             0 kB
AnonPages:        765424 kB
Mapped:           302060 kB
Shmem:              4120 kB
Slab:              52300 kB
SReclaimable:      15772 kB
SUnreclaim:        36528 kB
KernelStack:       13944 kB
PageTables:        28496 kB
NFS_Unstable:          0 kB
Bounce:                0 kB
WritebackTmp:          0 kB
CommitLimit:     2499688 kB
Committed_AS:   63696212 kB
VmallocTotal:     385024 kB
VmallocUsed:      167808 kB
VmallocChunk:      68676 kB
Time pass: 93 sec

---2015-11-20 13:53:35
MemTotal:        2902232 kB
MemFree:          156484 kB
Buffers:           15752 kB
Cached:          1046656 kB
SwapCached:            0 kB
Active:           965072 kB
Inactive:         862844 kB
Active(anon):     764620 kB
Inactive(anon):     5028 kB
Active(file):     200452 kB
Inactive(file):   857816 kB
Unevictable:           0 kB
Mlocked:               0 kB
HighTotal:       2311552 kB
HighFree:          38000 kB
LowTotal:         590680 kB
LowFree:          118484 kB
SwapTotal:       1048572 kB
SwapFree:        1048572 kB
Dirty:                20 kB
Writeback:             0 kB
AnonPages:        765320 kB
Mapped:           302056 kB
Shmem:              4160 kB
Slab:              52320 kB
SReclaimable:      15776 kB
SUnreclaim:        36544 kB
KernelStack:       13936 kB
PageTables:        28568 kB
NFS_Unstable:          0 kB
Bounce:                0 kB
WritebackTmp:          0 kB
CommitLimit:     2499688 kB
Committed_AS:   63696132 kB
VmallocTotal:     385024 kB
VmallocUsed:      167808 kB
VmallocChunk:      68676 kB
Time pass: 97 sec

---2015-11-20 13:53:35
MemTotal:        2902232 kB
MemFree:          157348 kB
Buffers:           15760 kB
Cached:          1046716 kB
SwapCached:            0 kB
Active:           964140 kB
Inactive:         862908 kB
Active(anon):     763688 kB
Inactive(anon):     5092 kB
Active(file):     200452 kB
Inactive(file):   857816 kB
Unevictable:           0 kB
Mlocked:               0 kB
HighTotal:       2311552 kB
HighFree:          38000 kB
LowTotal:         590680 kB
LowFree:          119348 kB
SwapTotal:       1048572 kB
SwapFree:        1048572 kB
Dirty:                40 kB
Writeback:             0 kB
AnonPages:        764388 kB
Mapped:           302160 kB
Shmem:              4220 kB
Slab:              52356 kB
SReclaimable:      15780 kB
SUnreclaim:        36576 kB
KernelStack:       13928 kB
PageTables:        28584 kB
NFS_Unstable:          0 kB
Bounce:                0 kB
WritebackTmp:          0 kB
CommitLimit:     2499688 kB
Committed_AS:   63694968 kB
VmallocTotal:     385024 kB
VmallocUsed:      167808 kB
VmallocChunk:      68676 kB
Time pass: 101 sec

---2015-11-20 13:53:35
MemTotal:        2902232 kB
MemFree:          160172 kB
Buffers:           15768 kB
Cached:          1046392 kB
SwapCached:            0 kB
Active:           962240 kB
Inactive:         862536 kB
Active(anon):     761720 kB
Inactive(anon):     4596 kB
Active(file):     200520 kB
Inactive(file):   857940 kB
Unevictable:           0 kB
Mlocked:               0 kB
HighTotal:       2311552 kB
HighFree:          38124 kB
LowTotal:         590680 kB
LowFree:          122048 kB
SwapTotal:       1048572 kB
SwapFree:        1048572 kB
Dirty:                64 kB
Writeback:             0 kB
AnonPages:        763112 kB
Mapped:           301780 kB
Shmem:              3720 kB
Slab:              52424 kB
SReclaimable:      15780 kB
SUnreclaim:        36644 kB
KernelStack:       13720 kB
PageTables:        28512 kB
NFS_Unstable:          0 kB
Bounce:                0 kB
WritebackTmp:          0 kB
CommitLimit:     2499688 kB
Committed_AS:   64674132 kB
VmallocTotal:     385024 kB
VmallocUsed:      166820 kB
VmallocChunk:      68676 kB
Time pass: 104 sec

---2015-11-20 13:53:35
MemTotal:        2902232 kB
MemFree:          457872 kB
Buffers:           15844 kB
Cached:          1046256 kB
SwapCached:            0 kB
Active:           901584 kB
Inactive:         857752 kB
Active(anon):     696340 kB
Inactive(anon):     4464 kB
Active(file):     205244 kB
Inactive(file):   853288 kB
Unevictable:           0 kB
Mlocked:               0 kB
HighTotal:       2311552 kB
HighFree:         141884 kB
LowTotal:         590680 kB
LowFree:          315988 kB
SwapTotal:       1048572 kB
SwapFree:        1048572 kB
Dirty:                92 kB
Writeback:             0 kB
AnonPages:        697160 kB
Mapped:           279384 kB
Shmem:              3588 kB
Slab:              52312 kB
SReclaimable:      15772 kB
SUnreclaim:        36540 kB
KernelStack:       13000 kB
PageTables:        27552 kB
NFS_Unstable:          0 kB
Bounce:                0 kB
WritebackTmp:          0 kB
CommitLimit:     2499688 kB
Committed_AS:   62810196 kB
VmallocTotal:     385024 kB
VmallocUsed:      162840 kB
VmallocChunk:      68676 kB
Time pass: 107 sec

---2015-11-20 13:53:35
MemTotal:        2902232 kB
MemFree:          292216 kB
Buffers:           15908 kB
Cached:          1047648 kB
SwapCached:            0 kB
Active:           930076 kB
Inactive:         858320 kB
Active(anon):     723980 kB
Inactive(anon):     4592 kB
Active(file):     206096 kB
Inactive(file):   853728 kB
Unevictable:           0 kB
Mlocked:               0 kB
HighTotal:       2311552 kB
HighFree:          38144 kB
LowTotal:         590680 kB
LowFree:          254072 kB
SwapTotal:       1048572 kB
SwapFree:        1048572 kB
Dirty:              1080 kB
Writeback:             0 kB
AnonPages:        724500 kB
Mapped:           296448 kB
Shmem:              3716 kB
Slab:              52388 kB
SReclaimable:      15840 kB
SUnreclaim:        36548 kB
KernelStack:       13736 kB
PageTables:        28060 kB
NFS_Unstable:          0 kB
Bounce:                0 kB
WritebackTmp:          0 kB
CommitLimit:     2499688 kB
Committed_AS:   62838736 kB
VmallocTotal:     385024 kB
VmallocUsed:      163596 kB
VmallocChunk:      68676 kB
Time pass: 111 sec

---2015-11-20 13:53:35
MemTotal:        2902232 kB
MemFree:          224988 kB
Buffers:           15908 kB
Cached:          1049880 kB
SwapCached:            0 kB
Active:           940440 kB
Inactive:         856756 kB
Active(anon):     730516 kB
Inactive(anon):     4592 kB
Active(file):     209924 kB
Inactive(file):   852164 kB
Unevictable:           0 kB
Mlocked:               0 kB
HighTotal:       2311552 kB
HighFree:          38268 kB
LowTotal:         590680 kB
LowFree:          186720 kB
SwapTotal:       1048572 kB
SwapFree:        1048572 kB
Dirty:               136 kB
Writeback:             0 kB
AnonPages:        731484 kB
Mapped:           296884 kB
Shmem:              3716 kB
Slab:              52532 kB
SReclaimable:      15884 kB
SUnreclaim:        36648 kB
KernelStack:       13728 kB
PageTables:        28188 kB
NFS_Unstable:          0 kB
Bounce:                0 kB
WritebackTmp:          0 kB
CommitLimit:     2499688 kB
Committed_AS:   62849288 kB
VmallocTotal:     385024 kB
VmallocUsed:      164884 kB
VmallocChunk:      68676 kB
Time pass: 114 sec

---2015-11-20 13:53:35
MemTotal:        2902232 kB
MemFree:          225220 kB
Buffers:           15916 kB
Cached:          1049880 kB
SwapCached:            0 kB
Active:           939912 kB
Inactive:         856752 kB
Active(anon):     729984 kB
Inactive(anon):     4592 kB
Active(file):     209928 kB
Inactive(file):   852160 kB
Unevictable:           0 kB
Mlocked:               0 kB
HighTotal:       2311552 kB
HighFree:          38392 kB
LowTotal:         590680 kB
LowFree:          186828 kB
SwapTotal:       1048572 kB
SwapFree:        1048572 kB
Dirty:               108 kB
Writeback:             0 kB
AnonPages:        730808 kB
Mapped:           296884 kB
Shmem:              3716 kB
Slab:              52512 kB
SReclaimable:      15884 kB
SUnreclaim:        36628 kB
KernelStack:       13728 kB
PageTables:        27980 kB
NFS_Unstable:          0 kB
Bounce:                0 kB
WritebackTmp:          0 kB
CommitLimit:     2499688 kB
Committed_AS:   62849240 kB
VmallocTotal:     385024 kB
VmallocUsed:      164852 kB
VmallocChunk:      68676 kB
Time pass: 117 sec

---2015-11-20 13:53:35
MemTotal:        2902232 kB
MemFree:          223296 kB
Buffers:           15924 kB
Cached:          1050216 kB
SwapCached:            0 kB
Active:           942852 kB
Inactive:         856616 kB
Active(anon):     732456 kB
Inactive(anon):     4592 kB
Active(file):     210396 kB
Inactive(file):   852024 kB
Unevictable:           0 kB
Mlocked:               0 kB
HighTotal:       2311552 kB
HighFree:          38020 kB
LowTotal:         590680 kB
LowFree:          185276 kB
SwapTotal:       1048572 kB
SwapFree:        1048572 kB
Dirty:               412 kB
Writeback:             0 kB
AnonPages:        733288 kB
Mapped:           296992 kB
Shmem:              3716 kB
Slab:              52488 kB
SReclaimable:      15888 kB
SUnreclaim:        36600 kB
KernelStack:       13728 kB
PageTables:        28004 kB
NFS_Unstable:          0 kB
Bounce:                0 kB
WritebackTmp:          0 kB
CommitLimit:     2499688 kB
Committed_AS:   62851924 kB
VmallocTotal:     385024 kB
VmallocUsed:      164868 kB
VmallocChunk:      68676 kB
Time pass: 121 sec

---2015-11-20 13:53:35
MemTotal:        2902232 kB
MemFree:          222504 kB
Buffers:           15932 kB
Cached:          1050216 kB
SwapCached:            0 kB
Active:           942892 kB
Inactive:         856576 kB
Active(anon):     732436 kB
Inactive(anon):     4592 kB
Active(file):     210456 kB
Inactive(file):   851984 kB
Unevictable:           0 kB
Mlocked:               0 kB
HighTotal:       2311552 kB
HighFree:          38020 kB
LowTotal:         590680 kB
LowFree:          184484 kB
SwapTotal:       1048572 kB
SwapFree:        1048572 kB
Dirty:                72 kB
Writeback:             0 kB
AnonPages:        733184 kB
Mapped:           297036 kB
Shmem:              3716 kB
Slab:              52548 kB
SReclaimable:      15888 kB
SUnreclaim:        36660 kB
KernelStack:       13728 kB
PageTables:        28020 kB
NFS_Unstable:          0 kB
Bounce:                0 kB
WritebackTmp:          0 kB
CommitLimit:     2499688 kB
Committed_AS:   62851904 kB
VmallocTotal:     385024 kB
VmallocUsed:      164868 kB
VmallocChunk:      68676 kB
Time pass: 125 sec

---2015-11-20 13:53:35
MemTotal:        2902232 kB
MemFree:          189752 kB
Buffers:           15940 kB
Cached:          1050232 kB
SwapCached:            0 kB
Active:           948756 kB
Inactive:         856512 kB
Active(anon):     738200 kB
Inactive(anon):     4592 kB
Active(file):     210556 kB
Inactive(file):   851920 kB
Unevictable:           0 kB
Mlocked:               0 kB
HighTotal:       2311552 kB
HighFree:          38020 kB
LowTotal:         590680 kB
LowFree:          151732 kB
SwapTotal:       1048572 kB
SwapFree:        1048572 kB
Dirty:               620 kB
Writeback:             0 kB
AnonPages:        738928 kB
Mapped:           297040 kB
Shmem:              3716 kB
Slab:              52472 kB
SReclaimable:      15888 kB
SUnreclaim:        36584 kB
KernelStack:       13728 kB
PageTables:        27984 kB
NFS_Unstable:          0 kB
Bounce:                0 kB
WritebackTmp:          0 kB
CommitLimit:     2499688 kB
Committed_AS:   62857132 kB
VmallocTotal:     385024 kB
VmallocUsed:      164960 kB
VmallocChunk:      68676 kB
Time pass: 129 sec

---2015-11-20 13:53:35
MemTotal:        2902232 kB
MemFree:          188864 kB
Buffers:           15948 kB
Cached:          1050232 kB
SwapCached:            0 kB
Active:           948804 kB
Inactive:         856512 kB
Active(anon):     738252 kB
Inactive(anon):     4592 kB
Active(file):     210552 kB
Inactive(file):   851920 kB
Unevictable:           0 kB
Mlocked:               0 kB
HighTotal:       2311552 kB
HighFree:          38020 kB
LowTotal:         590680 kB
LowFree:          150844 kB
SwapTotal:       1048572 kB
SwapFree:        1048572 kB
Dirty:                76 kB
Writeback:             0 kB
AnonPages:        739120 kB
Mapped:           297084 kB
Shmem:              3716 kB
Slab:              52472 kB
SReclaimable:      15888 kB
SUnreclaim:        36584 kB
KernelStack:       13728 kB
PageTables:        28000 kB
NFS_Unstable:          0 kB
Bounce:                0 kB
WritebackTmp:          0 kB
CommitLimit:     2499688 kB
Committed_AS:   62857140 kB
VmallocTotal:     385024 kB
VmallocUsed:      164960 kB
VmallocChunk:      68676 kB
Time pass: 132 sec

---2015-11-20 13:53:35
MemTotal:        2902232 kB
MemFree:          188500 kB
Buffers:           15956 kB
Cached:          1050224 kB
SwapCached:            0 kB
Active:           948996 kB
Inactive:         856524 kB
Active(anon):     738444 kB
Inactive(anon):     4592 kB
Active(file):     210552 kB
Inactive(file):   851932 kB
Unevictable:           0 kB
Mlocked:               0 kB
HighTotal:       2311552 kB
HighFree:          38020 kB
LowTotal:         590680 kB
LowFree:          150480 kB
SwapTotal:       1048572 kB
SwapFree:        1048572 kB
Dirty:                16 kB
Writeback:             0 kB
AnonPages:        739128 kB
Mapped:           297084 kB
Shmem:              3716 kB
Slab:              52480 kB
SReclaimable:      15888 kB
SUnreclaim:        36592 kB
KernelStack:       13728 kB
PageTables:        28000 kB
NFS_Unstable:          0 kB
Bounce:                0 kB
WritebackTmp:          0 kB
CommitLimit:     2499688 kB
Committed_AS:   62857048 kB
VmallocTotal:     385024 kB
VmallocUsed:      164960 kB
VmallocChunk:      68676 kB
Time pass: 136 sec

---2015-11-20 13:53:35
MemTotal:        2902232 kB
MemFree:          180180 kB
Buffers:           15972 kB
Cached:          1050388 kB
SwapCached:            0 kB
Active:           956500 kB
Inactive:         856676 kB
Active(anon):     745940 kB
Inactive(anon):     4708 kB
Active(file):     210560 kB
Inactive(file):   851968 kB
Unevictable:           0 kB
Mlocked:               0 kB
HighTotal:       2311552 kB
HighFree:          38020 kB
LowTotal:         590680 kB
LowFree:          142160 kB
SwapTotal:       1048572 kB
SwapFree:        1048572 kB
Dirty:                76 kB
Writeback:             0 kB
AnonPages:        747216 kB
Mapped:           299752 kB
Shmem:              3852 kB
Slab:              52476 kB
SReclaimable:      15888 kB
SUnreclaim:        36588 kB
KernelStack:       13968 kB
PageTables:        28148 kB
NFS_Unstable:          0 kB
Bounce:                0 kB
WritebackTmp:          0 kB
CommitLimit:     2499688 kB
Committed_AS:   62881380 kB
VmallocTotal:     385024 kB
VmallocUsed:      167172 kB
VmallocChunk:      68676 kB
Time pass: 139 sec

---2015-11-20 13:53:35
MemTotal:        2902232 kB
MemFree:          179412 kB
Buffers:           15972 kB
Cached:          1050556 kB
SwapCached:            0 kB
Active:           957444 kB
Inactive:         856784 kB
Active(anon):     746884 kB
Inactive(anon):     4812 kB
Active(file):     210560 kB
Inactive(file):   851972 kB
Unevictable:           0 kB
Mlocked:               0 kB
HighTotal:       2311552 kB
HighFree:          38020 kB
LowTotal:         590680 kB
LowFree:          141392 kB
SwapTotal:       1048572 kB
SwapFree:        1048572 kB
Dirty:                 8 kB
Writeback:             0 kB
AnonPages:        748028 kB
Mapped:           300348 kB
Shmem:              4016 kB
Slab:              52452 kB
SReclaimable:      15888 kB
SUnreclaim:        36564 kB
KernelStack:       13952 kB
PageTables:        28176 kB
NFS_Unstable:          0 kB
Bounce:                0 kB
WritebackTmp:          0 kB
CommitLimit:     2499688 kB
Committed_AS:   62881864 kB
VmallocTotal:     385024 kB
VmallocUsed:      167172 kB
VmallocChunk:      68676 kB
Time pass: 143 sec

---2015-11-20 13:53:35
MemTotal:        2902232 kB
MemFree:          179080 kB
Buffers:           15980 kB
Cached:          1050580 kB
SwapCached:            0 kB
Active:           957840 kB
Inactive:         856884 kB
Active(anon):     747296 kB
Inactive(anon):     4888 kB
Active(file):     210544 kB
Inactive(file):   851996 kB
Unevictable:           0 kB
Mlocked:               0 kB
HighTotal:       2311552 kB
HighFree:          38020 kB
LowTotal:         590680 kB
LowFree:          141060 kB
SwapTotal:       1048572 kB
SwapFree:        1048572 kB
Dirty:                72 kB
Writeback:             0 kB
AnonPages:        748064 kB
Mapped:           300368 kB
Shmem:              4036 kB
Slab:              52452 kB
SReclaimable:      15888 kB
SUnreclaim:        36564 kB
KernelStack:       13944 kB
PageTables:        28176 kB
NFS_Unstable:          0 kB
Bounce:                0 kB
WritebackTmp:          0 kB
CommitLimit:     2499688 kB
Committed_AS:   62881996 kB
VmallocTotal:     385024 kB
VmallocUsed:      167172 kB
VmallocChunk:      68676 kB
Time pass: 146 sec

---2015-11-20 13:53:35
MemTotal:        2902232 kB
MemFree:          178100 kB
Buffers:           15988 kB
Cached:          1050632 kB
SwapCached:            0 kB
Active:           957980 kB
Inactive:         856944 kB
Active(anon):     747432 kB
Inactive(anon):     4940 kB
Active(file):     210548 kB
Inactive(file):   852004 kB
Unevictable:           0 kB
Mlocked:               0 kB
HighTotal:       2311552 kB
HighFree:          38020 kB
LowTotal:         590680 kB
LowFree:          140080 kB
SwapTotal:       1048572 kB
SwapFree:        1048572 kB
Dirty:                 4 kB
Writeback:             0 kB
AnonPages:        748364 kB
Mapped:           300464 kB
Shmem:              4088 kB
Slab:              52480 kB
SReclaimable:      15888 kB
SUnreclaim:        36592 kB
KernelStack:       13944 kB
PageTables:        28192 kB
NFS_Unstable:          0 kB
Bounce:                0 kB
WritebackTmp:          0 kB
CommitLimit:     2499688 kB
Committed_AS:   62882016 kB
VmallocTotal:     385024 kB
VmallocUsed:      167172 kB
VmallocChunk:      68676 kB
Time pass: 150 sec

---2015-11-20 13:53:35
MemTotal:        2902232 kB
MemFree:          167056 kB
Buffers:           16020 kB
Cached:          1050292 kB
SwapCached:            0 kB
Active:           968728 kB
Inactive:         856636 kB
Active(anon):     758048 kB
Inactive(anon):     4732 kB
Active(file):     210680 kB
Inactive(file):   851904 kB
Unevictable:           0 kB
Mlocked:               0 kB
HighTotal:       2311552 kB
HighFree:          38020 kB
LowTotal:         590680 kB
LowFree:          129036 kB
SwapTotal:       1048572 kB
SwapFree:        1048572 kB
Dirty:                64 kB
Writeback:             0 kB
AnonPages:        758696 kB
Mapped:           299948 kB
Shmem:              3748 kB
Slab:              52464 kB
SReclaimable:      15888 kB
SUnreclaim:        36576 kB
KernelStack:       13968 kB
PageTables:        28200 kB
NFS_Unstable:          0 kB
Bounce:                0 kB
WritebackTmp:          0 kB
CommitLimit:     2499688 kB
Committed_AS:   62887244 kB
VmallocTotal:     385024 kB
VmallocUsed:      165048 kB
VmallocChunk:      68676 kB
Time pass: 153 sec

---2015-11-20 13:53:35
MemTotal:        2902232 kB
MemFree:          171068 kB
Buffers:           16036 kB
Cached:          1050244 kB
SwapCached:            0 kB
Active:           964304 kB
Inactive:         856468 kB
Active(anon):     753580 kB
Inactive(anon):     4588 kB
Active(file):     210724 kB
Inactive(file):   851880 kB
Unevictable:           0 kB
Mlocked:               0 kB
HighTotal:       2311552 kB
HighFree:          40872 kB
LowTotal:         590680 kB
LowFree:          130196 kB
SwapTotal:       1048572 kB
SwapFree:        1048572 kB
Dirty:                 4 kB
Writeback:             0 kB
AnonPages:        754500 kB
Mapped:           299836 kB
Shmem:              3696 kB
Slab:              52468 kB
SReclaimable:      15904 kB
SUnreclaim:        36564 kB
KernelStack:       13712 kB
PageTables:        28076 kB
NFS_Unstable:          0 kB
Bounce:                0 kB
WritebackTmp:          0 kB
CommitLimit:     2499688 kB
Committed_AS:   62873212 kB
VmallocTotal:     385024 kB
VmallocUsed:      165048 kB
VmallocChunk:      68676 kB
Time pass: 157 sec

---2015-11-20 13:53:35
MemTotal:        2902232 kB
MemFree:          158904 kB
Buffers:           16044 kB
Cached:          1050268 kB
SwapCached:            0 kB
Active:           977340 kB
Inactive:         856476 kB
Active(anon):     766608 kB
Inactive(anon):     4592 kB
Active(file):     210732 kB
Inactive(file):   851884 kB
Unevictable:           0 kB
Mlocked:               0 kB
HighTotal:       2311552 kB
HighFree:          38020 kB
LowTotal:         590680 kB
LowFree:          120884 kB
SwapTotal:       1048572 kB
SwapFree:        1048572 kB
Dirty:                76 kB
Writeback:             0 kB
AnonPages:        767428 kB
Mapped:           300040 kB
Shmem:              3716 kB
Slab:              52552 kB
SReclaimable:      15904 kB
SUnreclaim:        36648 kB
KernelStack:       13904 kB
PageTables:        28396 kB
NFS_Unstable:          0 kB
Bounce:                0 kB
WritebackTmp:          0 kB
CommitLimit:     2499688 kB
Committed_AS:   63684724 kB
VmallocTotal:     385024 kB
VmallocUsed:      166068 kB
VmallocChunk:      68676 kB
Time pass: 160 sec

---2015-11-20 13:53:35
MemTotal:        2902232 kB
MemFree:          160984 kB
Buffers:           16076 kB
Cached:          1050428 kB
SwapCached:            0 kB
Active:           975316 kB
Inactive:         856640 kB
Active(anon):     764580 kB
Inactive(anon):     4744 kB
Active(file):     210736 kB
Inactive(file):   851896 kB
Unevictable:           0 kB
Mlocked:               0 kB
HighTotal:       2311552 kB
HighFree:          38144 kB
LowTotal:         590680 kB
LowFree:          122840 kB
SwapTotal:       1048572 kB
SwapFree:        1048572 kB
Dirty:                96 kB
Writeback:             0 kB
AnonPages:        765248 kB
Mapped:           300408 kB
Shmem:              3876 kB
Slab:              52604 kB
SReclaimable:      15896 kB
SUnreclaim:        36708 kB
KernelStack:       14016 kB
PageTables:        28512 kB
NFS_Unstable:          0 kB
Bounce:                0 kB
WritebackTmp:          0 kB
CommitLimit:     2499688 kB
Committed_AS:   63691052 kB
VmallocTotal:     385024 kB
VmallocUsed:      168220 kB
VmallocChunk:      68676 kB
Time pass: 164 sec

---2015-11-20 13:53:35
MemTotal:        2902232 kB
MemFree:          155928 kB
Buffers:           16124 kB
Cached:          1050704 kB
SwapCached:            0 kB
Active:           978844 kB
Inactive:         856968 kB
Active(anon):     768108 kB
Inactive(anon):     4972 kB
Active(file):     210736 kB
Inactive(file):   851996 kB
Unevictable:           0 kB
Mlocked:               0 kB
HighTotal:       2311552 kB
HighFree:          38144 kB
LowTotal:         590680 kB
LowFree:          117784 kB
SwapTotal:       1048572 kB
SwapFree:        1048572 kB
Dirty:                56 kB
Writeback:             0 kB
AnonPages:        769048 kB
Mapped:           300744 kB
Shmem:              4116 kB
Slab:              52592 kB
SReclaimable:      15896 kB
SUnreclaim:        36696 kB
KernelStack:       14008 kB
PageTables:        28520 kB
NFS_Unstable:          0 kB
Bounce:                0 kB
WritebackTmp:          0 kB
CommitLimit:     2499688 kB
Committed_AS:   63693924 kB
VmallocTotal:     385024 kB
VmallocUsed:      168220 kB
VmallocChunk:      68676 kB
Time pass: 168 sec

---2015-11-20 13:53:35
MemTotal:        2902232 kB
MemFree:          156292 kB
Buffers:           16124 kB
Cached:          1050764 kB
SwapCached:            0 kB
Active:           978544 kB
Inactive:         857028 kB
Active(anon):     767808 kB
Inactive(anon):     5032 kB
Active(file):     210736 kB
Inactive(file):   851996 kB
Unevictable:           0 kB
Mlocked:               0 kB
HighTotal:       2311552 kB
HighFree:          38144 kB
LowTotal:         590680 kB
LowFree:          118148 kB
SwapTotal:       1048572 kB
SwapFree:        1048572 kB
Dirty:                 4 kB
Writeback:             0 kB
AnonPages:        768568 kB
Mapped:           300912 kB
Shmem:              4176 kB
Slab:              52596 kB
SReclaimable:      15896 kB
SUnreclaim:        36700 kB
KernelStack:       14008 kB
PageTables:        28524 kB
NFS_Unstable:          0 kB
Bounce:                0 kB
WritebackTmp:          0 kB
CommitLimit:     2499688 kB
Committed_AS:   63693192 kB
VmallocTotal:     385024 kB
VmallocUsed:      168220 kB
VmallocChunk:      68676 kB
Time pass: 172 sec

---2015-11-20 13:53:35
MemTotal:        2902232 kB
MemFree:          155688 kB
Buffers:           16132 kB
Cached:          1050800 kB
SwapCached:            0 kB
Active:           978696 kB
Inactive:         857064 kB
Active(anon):     767960 kB
Inactive(anon):     5068 kB
Active(file):     210736 kB
Inactive(file):   851996 kB
Unevictable:           0 kB
Mlocked:               0 kB
HighTotal:       2311552 kB
HighFree:          38144 kB
LowTotal:         590680 kB
LowFree:          117544 kB
SwapTotal:       1048572 kB
SwapFree:        1048572 kB
Dirty:                32 kB
Writeback:             0 kB
AnonPages:        768856 kB
Mapped:           300992 kB
Shmem:              4212 kB
Slab:              52592 kB
SReclaimable:      15896 kB
SUnreclaim:        36696 kB
KernelStack:       14008 kB
PageTables:        28540 kB
NFS_Unstable:          0 kB
Bounce:                0 kB
WritebackTmp:          0 kB
CommitLimit:     2499688 kB
Committed_AS:   63693316 kB
VmallocTotal:     385024 kB
VmallocUsed:      168220 kB
VmallocChunk:      68676 kB
Time pass: 175 sec

---2015-11-20 13:53:35
MemTotal:        2902232 kB
MemFree:          155052 kB
Buffers:           16148 kB
Cached:          1050836 kB
SwapCached:            0 kB
Active:           979496 kB
Inactive:         856992 kB
Active(anon):     768612 kB
Inactive(anon):     5092 kB
Active(file):     210884 kB
Inactive(file):   851900 kB
Unevictable:           0 kB
Mlocked:               0 kB
HighTotal:       2311552 kB
HighFree:          39632 kB
LowTotal:         590680 kB
LowFree:          115420 kB
SwapTotal:       1048572 kB
SwapFree:        1048572 kB
Dirty:                44 kB
Writeback:             0 kB
AnonPages:        769476 kB
Mapped:           301048 kB
Shmem:              4220 kB
Slab:              52620 kB
SReclaimable:      15896 kB
SUnreclaim:        36724 kB
KernelStack:       14016 kB
PageTables:        28544 kB
NFS_Unstable:          0 kB
Bounce:                0 kB
WritebackTmp:          0 kB
CommitLimit:     2499688 kB
Committed_AS:   63694624 kB
VmallocTotal:     385024 kB
VmallocUsed:      168220 kB
VmallocChunk:      68676 kB
Time pass: 179 sec

---2015-11-20 13:53:35
MemTotal:        2902232 kB
MemFree:          154276 kB
Buffers:           16164 kB
Cached:          1050836 kB
SwapCached:            0 kB
Active:           979576 kB
Inactive:         857008 kB
Active(anon):     768692 kB
Inactive(anon):     5092 kB
Active(file):     210884 kB
Inactive(file):   851916 kB
Unevictable:           0 kB
Mlocked:               0 kB
HighTotal:       2311552 kB
HighFree:          37772 kB
LowTotal:         590680 kB
LowFree:          116504 kB
SwapTotal:       1048572 kB
SwapFree:        1048572 kB
Dirty:                48 kB
Writeback:             0 kB
AnonPages:        769532 kB
Mapped:           301048 kB
Shmem:              4220 kB
Slab:              52620 kB
SReclaimable:      15896 kB
SUnreclaim:        36724 kB
KernelStack:       14008 kB
PageTables:        28544 kB
NFS_Unstable:          0 kB
Bounce:                0 kB
WritebackTmp:          0 kB
CommitLimit:     2499688 kB
Committed_AS:   63693388 kB
VmallocTotal:     385024 kB
VmallocUsed:      168220 kB
VmallocChunk:      68676 kB
Time pass: 183 sec

---2015-11-20 13:53:35
MemTotal:        2902232 kB
MemFree:          155760 kB
Buffers:           16172 kB
Cached:          1050836 kB
SwapCached:            0 kB
Active:           977784 kB
Inactive:         857008 kB
Active(anon):     766900 kB
Inactive(anon):     5092 kB
Active(file):     210884 kB
Inactive(file):   851916 kB
Unevictable:           0 kB
Mlocked:               0 kB
HighTotal:       2311552 kB
HighFree:          37772 kB
LowTotal:         590680 kB
LowFree:          117988 kB
SwapTotal:       1048572 kB
SwapFree:        1048572 kB
Dirty:                28 kB
Writeback:             0 kB
AnonPages:        767880 kB
Mapped:           301048 kB
Shmem:              4220 kB
Slab:              52612 kB
SReclaimable:      15896 kB
SUnreclaim:        36716 kB
KernelStack:       14000 kB
PageTables:        28544 kB
NFS_Unstable:          0 kB
Bounce:                0 kB
WritebackTmp:          0 kB
CommitLimit:     2499688 kB
Committed_AS:   63693504 kB
VmallocTotal:     385024 kB
VmallocUsed:      168220 kB
VmallocChunk:      68676 kB
Time pass: 186 sec

---2015-11-20 13:53:35
MemTotal:        2902232 kB
MemFree:          156408 kB
Buffers:           16188 kB
Cached:          1050836 kB
SwapCached:            0 kB
Active:           977812 kB
Inactive:         857032 kB
Active(anon):     766928 kB
Inactive(anon):     5092 kB
Active(file):     210884 kB
Inactive(file):   851940 kB
Unevictable:           0 kB
Mlocked:               0 kB
HighTotal:       2311552 kB
HighFree:          37772 kB
LowTotal:         590680 kB
LowFree:          118636 kB
SwapTotal:       1048572 kB
SwapFree:        1048572 kB
Dirty:                40 kB
Writeback:             0 kB
AnonPages:        767748 kB
Mapped:           301048 kB
Shmem:              4220 kB
Slab:              52596 kB
SReclaimable:      15896 kB
SUnreclaim:        36700 kB
KernelStack:       13992 kB
PageTables:        28544 kB
NFS_Unstable:          0 kB
Bounce:                0 kB
WritebackTmp:          0 kB
CommitLimit:     2499688 kB
Committed_AS:   63693176 kB
VmallocTotal:     385024 kB
VmallocUsed:      168220 kB
VmallocChunk:      68676 kB
Time pass: 190 sec

---2015-11-20 13:53:35
MemTotal:        2902232 kB
MemFree:          155564 kB
Buffers:           16196 kB
Cached:          1050904 kB
SwapCached:            0 kB
Active:           978088 kB
Inactive:         857088 kB
Active(anon):     767204 kB
Inactive(anon):     5148 kB
Active(file):     210884 kB
Inactive(file):   851940 kB
Unevictable:           0 kB
Mlocked:               0 kB
HighTotal:       2311552 kB
HighFree:          37772 kB
LowTotal:         590680 kB
LowFree:          117792 kB
SwapTotal:       1048572 kB
SwapFree:        1048572 kB
Dirty:                28 kB
Writeback:             0 kB
AnonPages:        768020 kB
Mapped:           301168 kB
Shmem:              4296 kB
Slab:              52588 kB
SReclaimable:      15896 kB
SUnreclaim:        36692 kB
KernelStack:       13968 kB
PageTables:        28560 kB
NFS_Unstable:          0 kB
Bounce:                0 kB
WritebackTmp:          0 kB
CommitLimit:     2499688 kB
Committed_AS:   63693280 kB
VmallocTotal:     385024 kB
VmallocUsed:      168220 kB
VmallocChunk:      68676 kB
Time pass: 193 sec

---2015-11-20 13:53:35
MemTotal:        2902232 kB
MemFree:          155688 kB
Buffers:           16212 kB
Cached:          1050912 kB
SwapCached:            0 kB
Active:           978232 kB
Inactive:         857132 kB
Active(anon):     767348 kB
Inactive(anon):     5168 kB
Active(file):     210884 kB
Inactive(file):   851964 kB
Unevictable:           0 kB
Mlocked:               0 kB
HighTotal:       2311552 kB
HighFree:          37772 kB
LowTotal:         590680 kB
LowFree:          117916 kB
SwapTotal:       1048572 kB
SwapFree:        1048572 kB
Dirty:                36 kB
Writeback:             0 kB
AnonPages:        768128 kB
Mapped:           301168 kB
Shmem:              4296 kB
Slab:              52592 kB
SReclaimable:      15896 kB
SUnreclaim:        36696 kB
KernelStack:       13960 kB
PageTables:        28560 kB
NFS_Unstable:          0 kB
Bounce:                0 kB
WritebackTmp:          0 kB
CommitLimit:     2499688 kB
Committed_AS:   63693232 kB
VmallocTotal:     385024 kB
VmallocUsed:      168220 kB
VmallocChunk:      68676 kB
Time pass: 197 sec

---2015-11-20 13:53:35
MemTotal:        2902232 kB
MemFree:          155456 kB
Buffers:           16212 kB
Cached:          1050912 kB
SwapCached:            0 kB
Active:           978388 kB
Inactive:         857132 kB
Active(anon):     767504 kB
Inactive(anon):     5168 kB
Active(file):     210884 kB
Inactive(file):   851964 kB
Unevictable:           0 kB
Mlocked:               0 kB
HighTotal:       2311552 kB
HighFree:          37772 kB
LowTotal:         590680 kB
LowFree:          117684 kB
SwapTotal:       1048572 kB
SwapFree:        1048572 kB
Dirty:                 0 kB
Writeback:             0 kB
AnonPages:        768384 kB
Mapped:           301124 kB
Shmem:              4296 kB
Slab:              52644 kB
SReclaimable:      15896 kB
SUnreclaim:        36748 kB
KernelStack:       13952 kB
PageTables:        28544 kB
NFS_Unstable:          0 kB
Bounce:                0 kB
WritebackTmp:          0 kB
CommitLimit:     2499688 kB
Committed_AS:   63693540 kB
VmallocTotal:     385024 kB
VmallocUsed:      168220 kB
VmallocChunk:      68676 kB
Time pass: 200 sec

---2015-11-20 13:53:35
MemTotal:        2902232 kB
MemFree:          155196 kB
Buffers:           16236 kB
Cached:          1050900 kB
SwapCached:            0 kB
Active:           978420 kB
Inactive:         857140 kB
Active(anon):     767536 kB
Inactive(anon):     5168 kB
Active(file):     210884 kB
Inactive(file):   851972 kB
Unevictable:           0 kB
Mlocked:               0 kB
HighTotal:       2311552 kB
HighFree:          37772 kB
LowTotal:         590680 kB
LowFree:          117424 kB
SwapTotal:       1048572 kB
SwapFree:        1048572 kB
Dirty:                28 kB
Writeback:             0 kB
AnonPages:        768828 kB
Mapped:           301128 kB
Shmem:              4300 kB
Slab:              52648 kB
SReclaimable:      15896 kB
SUnreclaim:        36752 kB
KernelStack:       13952 kB
PageTables:        28544 kB
NFS_Unstable:          0 kB
Bounce:                0 kB
WritebackTmp:          0 kB
CommitLimit:     2499688 kB
Committed_AS:   63693512 kB
VmallocTotal:     385024 kB
VmallocUsed:      168220 kB
VmallocChunk:      68676 kB
Time pass: 204 sec

---2015-11-20 13:53:35
MemTotal:        2902232 kB
MemFree:          154820 kB
Buffers:           16236 kB
Cached:          1050940 kB
SwapCached:            0 kB
Active:           978940 kB
Inactive:         857184 kB
Active(anon):     768056 kB
Inactive(anon):     5196 kB
Active(file):     210884 kB
Inactive(file):   851988 kB
Unevictable:           0 kB
Mlocked:               0 kB
HighTotal:       2311552 kB
HighFree:          37772 kB
LowTotal:         590680 kB
LowFree:          117048 kB
SwapTotal:       1048572 kB
SwapFree:        1048572 kB
Dirty:                 0 kB
Writeback:             0 kB
AnonPages:        769060 kB
Mapped:           301152 kB
Shmem:              4324 kB
Slab:              52648 kB
SReclaimable:      15896 kB
SUnreclaim:        36752 kB
KernelStack:       13944 kB
PageTables:        28544 kB
NFS_Unstable:          0 kB
Bounce:                0 kB
WritebackTmp:          0 kB
CommitLimit:     2499688 kB
Committed_AS:   63693720 kB
VmallocTotal:     385024 kB
VmallocUsed:      168220 kB
VmallocChunk:      68676 kB
Time pass: 207 sec

---2015-11-20 13:53:35
MemTotal:        2902232 kB
MemFree:          155360 kB
Buffers:           16244 kB
Cached:          1050944 kB
SwapCached:            0 kB
Active:           978772 kB
Inactive:         857188 kB
Active(anon):     767888 kB
Inactive(anon):     5200 kB
Active(file):     210884 kB
Inactive(file):   851988 kB
Unevictable:           0 kB
Mlocked:               0 kB
HighTotal:       2311552 kB
HighFree:          37772 kB
LowTotal:         590680 kB
LowFree:          117588 kB
SwapTotal:       1048572 kB
SwapFree:        1048572 kB
Dirty:                28 kB
Writeback:             0 kB
AnonPages:        768492 kB
Mapped:           301112 kB
Shmem:              4328 kB
Slab:              52676 kB
SReclaimable:      15896 kB
SUnreclaim:        36780 kB
KernelStack:       13936 kB
PageTables:        28528 kB
NFS_Unstable:          0 kB
Bounce:                0 kB
WritebackTmp:          0 kB
CommitLimit:     2499688 kB
Committed_AS:   63693400 kB
VmallocTotal:     385024 kB
VmallocUsed:      168220 kB
VmallocChunk:      68676 kB
Time pass: 211 sec

---2015-11-20 13:53:35
MemTotal:        2902232 kB
MemFree:          154912 kB
Buffers:           16260 kB
Cached:          1050944 kB
SwapCached:            0 kB
Active:           978892 kB
Inactive:         857212 kB
Active(anon):     768008 kB
Inactive(anon):     5200 kB
Active(file):     210884 kB
Inactive(file):   852012 kB
Unevictable:           0 kB
Mlocked:               0 kB
HighTotal:       2311552 kB
HighFree:          38144 kB
LowTotal:         590680 kB
LowFree:          116768 kB
SwapTotal:       1048572 kB
SwapFree:        1048572 kB
Dirty:                40 kB
Writeback:             0 kB
AnonPages:        768912 kB
Mapped:           301112 kB
Shmem:              4328 kB
Slab:              52644 kB
SReclaimable:      15896 kB
SUnreclaim:        36748 kB
KernelStack:       13928 kB
PageTables:        28528 kB
NFS_Unstable:          0 kB
Bounce:                0 kB
WritebackTmp:          0 kB
CommitLimit:     2499688 kB
Committed_AS:   63693704 kB
VmallocTotal:     385024 kB
VmallocUsed:      168220 kB
VmallocChunk:      68676 kB
Time pass: 214 sec

---2015-11-20 13:53:35
MemTotal:        2902232 kB
MemFree:          155400 kB
Buffers:           16268 kB
Cached:          1050936 kB
SwapCached:            0 kB
Active:           979088 kB
Inactive:         857212 kB
Active(anon):     768204 kB
Inactive(anon):     5200 kB
Active(file):     210884 kB
Inactive(file):   852012 kB
Unevictable:           0 kB
Mlocked:               0 kB
HighTotal:       2311552 kB
HighFree:          38144 kB
LowTotal:         590680 kB
LowFree:          117256 kB
SwapTotal:       1048572 kB
SwapFree:        1048572 kB
Dirty:                 0 kB
Writeback:             0 kB
AnonPages:        769148 kB
Mapped:           301156 kB
Shmem:              4328 kB
Slab:              52676 kB
SReclaimable:      15896 kB
SUnreclaim:        36780 kB
KernelStack:       13928 kB
PageTables:        28544 kB
NFS_Unstable:          0 kB
Bounce:                0 kB
WritebackTmp:          0 kB
CommitLimit:     2499688 kB
Committed_AS:   63693692 kB
VmallocTotal:     385024 kB
VmallocUsed:      168220 kB
VmallocChunk:      68676 kB
Time pass: 218 sec

---2015-11-20 13:53:35
MemTotal:        2902232 kB
MemFree:          154780 kB
Buffers:           16284 kB
Cached:          1050944 kB
SwapCached:            0 kB
Active:           979388 kB
Inactive:         857236 kB
Active(anon):     768504 kB
Inactive(anon):     5200 kB
Active(file):     210884 kB
Inactive(file):   852036 kB
Unevictable:           0 kB
Mlocked:               0 kB
HighTotal:       2311552 kB
HighFree:          38144 kB
LowTotal:         590680 kB
LowFree:          116636 kB
SwapTotal:       1048572 kB
SwapFree:        1048572 kB
Dirty:                40 kB
Writeback:             0 kB
AnonPages:        769540 kB
Mapped:           301200 kB
Shmem:              4328 kB
Slab:              52652 kB
SReclaimable:      15896 kB
SUnreclaim:        36756 kB
KernelStack:       13920 kB
PageTables:        28560 kB
NFS_Unstable:          0 kB
Bounce:                0 kB
WritebackTmp:          0 kB
CommitLimit:     2499688 kB
Committed_AS:   63693820 kB
VmallocTotal:     385024 kB
VmallocUsed:      168220 kB
VmallocChunk:      68676 kB
Time pass: 221 sec

---2015-11-20 13:53:35
MemTotal:        2902232 kB
MemFree:          154300 kB
Buffers:           16284 kB
Cached:          1050944 kB
SwapCached:            0 kB
Active:           979724 kB
Inactive:         857236 kB
Active(anon):     768840 kB
Inactive(anon):     5200 kB
Active(file):     210884 kB
Inactive(file):   852036 kB
Unevictable:           0 kB
Mlocked:               0 kB
HighTotal:       2311552 kB
HighFree:          38144 kB
LowTotal:         590680 kB
LowFree:          116156 kB
SwapTotal:       1048572 kB
SwapFree:        1048572 kB
Dirty:                 0 kB
Writeback:             0 kB
AnonPages:        769948 kB
Mapped:           301244 kB
Shmem:              4328 kB
Slab:              52608 kB
SReclaimable:      15896 kB
SUnreclaim:        36712 kB
KernelStack:       13920 kB
PageTables:        28576 kB
NFS_Unstable:          0 kB
Bounce:                0 kB
WritebackTmp:          0 kB
CommitLimit:     2499688 kB
Committed_AS:   63693900 kB
VmallocTotal:     385024 kB
VmallocUsed:      168220 kB
VmallocChunk:      68676 kB
Time pass: 225 sec

---2015-11-20 13:53:35
MemTotal:        2902232 kB
MemFree:          154144 kB
Buffers:           16316 kB
Cached:          1050944 kB
SwapCached:            0 kB
Active:           979728 kB
Inactive:         857260 kB
Active(anon):     768844 kB
Inactive(anon):     5200 kB
Active(file):     210884 kB
Inactive(file):   852060 kB
Unevictable:           0 kB
Mlocked:               0 kB
HighTotal:       2311552 kB
HighFree:          38144 kB
LowTotal:         590680 kB
LowFree:          116000 kB
SwapTotal:       1048572 kB
SwapFree:        1048572 kB
Dirty:                68 kB
Writeback:             0 kB
AnonPages:        770020 kB
Mapped:           301200 kB
Shmem:              4328 kB
Slab:              52632 kB
SReclaimable:      15896 kB
SUnreclaim:        36736 kB
KernelStack:       13928 kB
PageTables:        28560 kB
NFS_Unstable:          0 kB
Bounce:                0 kB
WritebackTmp:          0 kB
CommitLimit:     2499688 kB
Committed_AS:   63693852 kB
VmallocTotal:     385024 kB
VmallocUsed:      168220 kB
VmallocChunk:      68676 kB
Time pass: 228 sec

---2015-11-20 13:53:35
MemTotal:        2902232 kB
MemFree:          153680 kB
Buffers:           16316 kB
Cached:          1050944 kB
SwapCached:            0 kB
Active:           979920 kB
Inactive:         857268 kB
Active(anon):     769036 kB
Inactive(anon):     5200 kB
Active(file):     210884 kB
Inactive(file):   852068 kB
Unevictable:           0 kB
Mlocked:               0 kB
HighTotal:       2311552 kB
HighFree:          38144 kB
LowTotal:         590680 kB
LowFree:          115536 kB
SwapTotal:       1048572 kB
SwapFree:        1048572 kB
Dirty:                 0 kB
Writeback:             0 kB
AnonPages:        769872 kB
Mapped:           301200 kB
Shmem:              4328 kB
Slab:              52628 kB
SReclaimable:      15896 kB
SUnreclaim:        36732 kB
KernelStack:       13928 kB
PageTables:        28560 kB
NFS_Unstable:          0 kB
Bounce:                0 kB
WritebackTmp:          0 kB
CommitLimit:     2499688 kB
Committed_AS:   63693836 kB
VmallocTotal:     385024 kB
VmallocUsed:      168220 kB
VmallocChunk:      68676 kB
Time pass: 232 sec

---2015-11-20 13:53:35
MemTotal:        2902232 kB
MemFree:          153008 kB
Buffers:           16324 kB
Cached:          1050944 kB
SwapCached:            0 kB
Active:           980304 kB
Inactive:         857268 kB
Active(anon):     769420 kB
Inactive(anon):     5200 kB
Active(file):     210884 kB
Inactive(file):   852068 kB
Unevictable:           0 kB
Mlocked:               0 kB
HighTotal:       2311552 kB
HighFree:          38144 kB
LowTotal:         590680 kB
LowFree:          114864 kB
SwapTotal:       1048572 kB
SwapFree:        1048572 kB
Dirty:                32 kB
Writeback:             0 kB
AnonPages:        770484 kB
Mapped:           301200 kB
Shmem:              4328 kB
Slab:              52632 kB
SReclaimable:      15896 kB
SUnreclaim:        36736 kB
KernelStack:       13928 kB
PageTables:        28560 kB
NFS_Unstable:          0 kB
Bounce:                0 kB
WritebackTmp:          0 kB
CommitLimit:     2499688 kB
Committed_AS:   63695028 kB
VmallocTotal:     385024 kB
VmallocUsed:      168220 kB
VmallocChunk:      68676 kB
Time pass: 235 sec

---2015-11-20 13:53:35
MemTotal:        2902232 kB
MemFree:          153716 kB
Buffers:           16340 kB
Cached:          1050944 kB
SwapCached:            0 kB
Active:           980304 kB
Inactive:         857292 kB
Active(anon):     769420 kB
Inactive(anon):     5200 kB
Active(file):     210884 kB
Inactive(file):   852092 kB
Unevictable:           0 kB
Mlocked:               0 kB
HighTotal:       2311552 kB
HighFree:          38144 kB
LowTotal:         590680 kB
LowFree:          115572 kB
SwapTotal:       1048572 kB
SwapFree:        1048572 kB
Dirty:                64 kB
Writeback:             0 kB
AnonPages:        770152 kB
Mapped:           301156 kB
Shmem:              4328 kB
Slab:              52596 kB
SReclaimable:      15896 kB
SUnreclaim:        36700 kB
KernelStack:       13928 kB
PageTables:        28544 kB
NFS_Unstable:          0 kB
Bounce:                0 kB
WritebackTmp:          0 kB
CommitLimit:     2499688 kB
Committed_AS:   63693864 kB
VmallocTotal:     385024 kB
VmallocUsed:      168220 kB
VmallocChunk:      68676 kB
Time pass: 239 sec

---2015-11-20 13:53:35
MemTotal:        2902232 kB
MemFree:          153832 kB
Buffers:           16348 kB
Cached:          1050944 kB
SwapCached:            0 kB
Active:           980424 kB
Inactive:         857292 kB
Active(anon):     769540 kB
Inactive(anon):     5200 kB
Active(file):     210884 kB
Inactive(file):   852092 kB
Unevictable:           0 kB
Mlocked:               0 kB
HighTotal:       2311552 kB
HighFree:          38144 kB
LowTotal:         590680 kB
LowFree:          115688 kB
SwapTotal:       1048572 kB
SwapFree:        1048572 kB
Dirty:                28 kB
Writeback:             0 kB
AnonPages:        770236 kB
Mapped:           301156 kB
Shmem:              4328 kB
Slab:              52600 kB
SReclaimable:      15896 kB
SUnreclaim:        36704 kB
KernelStack:       13928 kB
PageTables:        28548 kB
NFS_Unstable:          0 kB
Bounce:                0 kB
WritebackTmp:          0 kB
CommitLimit:     2499688 kB
Committed_AS:   63693804 kB
VmallocTotal:     385024 kB
VmallocUsed:      168220 kB
VmallocChunk:      68676 kB
Time pass: 242 sec

---2015-11-20 13:53:35
MemTotal:        2902232 kB
MemFree:          152980 kB
Buffers:           16364 kB
Cached:          1050944 kB
SwapCached:            0 kB
Active:           980368 kB
Inactive:         857316 kB
Active(anon):     769484 kB
Inactive(anon):     5200 kB
Active(file):     210884 kB
Inactive(file):   852116 kB
Unevictable:           0 kB
Mlocked:               0 kB
HighTotal:       2311552 kB
HighFree:          38392 kB
LowTotal:         590680 kB
LowFree:          114588 kB
SwapTotal:       1048572 kB
SwapFree:        1048572 kB
Dirty:                40 kB
Writeback:             0 kB
AnonPages:        770396 kB
Mapped:           301112 kB
Shmem:              4328 kB
Slab:              52604 kB
SReclaimable:      15896 kB
SUnreclaim:        36708 kB
KernelStack:       13928 kB
PageTables:        28528 kB
NFS_Unstable:          0 kB
Bounce:                0 kB
WritebackTmp:          0 kB
CommitLimit:     2499688 kB
Committed_AS:   63693892 kB
VmallocTotal:     385024 kB
VmallocUsed:      168220 kB
VmallocChunk:      68676 kB
Time pass: 246 sec

---2015-11-20 13:53:35
MemTotal:        2902232 kB
MemFree:          152104 kB
Buffers:           16364 kB
Cached:          1050988 kB
SwapCached:            0 kB
Active:           980472 kB
Inactive:         857316 kB
Active(anon):     769588 kB
Inactive(anon):     5200 kB
Active(file):     210884 kB
Inactive(file):   852116 kB
Unevictable:           0 kB
Mlocked:               0 kB
HighTotal:       2311552 kB
HighFree:          38144 kB
LowTotal:         590680 kB
LowFree:          113960 kB
SwapTotal:       1048572 kB
SwapFree:        1048572 kB
Dirty:                 4 kB
Writeback:             0 kB
AnonPages:        770404 kB
Mapped:           301200 kB
Shmem:              4372 kB
Slab:              52600 kB
SReclaimable:      15896 kB
SUnreclaim:        36704 kB
KernelStack:       13928 kB
PageTables:        28544 kB
NFS_Unstable:          0 kB
Bounce:                0 kB
WritebackTmp:          0 kB
CommitLimit:     2499688 kB
Committed_AS:   63693716 kB
VmallocTotal:     385024 kB
VmallocUsed:      168220 kB
VmallocChunk:      68676 kB
Time pass: 249 sec

---2015-11-20 13:53:35
MemTotal:        2902232 kB
MemFree:          151552 kB
Buffers:           16388 kB
Cached:          1050988 kB
SwapCached:            0 kB
Active:           980964 kB
Inactive:         857384 kB
Active(anon):     770080 kB
Inactive(anon):     5244 kB
Active(file):     210884 kB
Inactive(file):   852140 kB
Unevictable:           0 kB
Mlocked:               0 kB
HighTotal:       2311552 kB
HighFree:          38164 kB
LowTotal:         590680 kB
LowFree:          113388 kB
SwapTotal:       1048572 kB
SwapFree:        1048572 kB
Dirty:                40 kB
Writeback:             0 kB
AnonPages:        770640 kB
Mapped:           301244 kB
Shmem:              4372 kB
Slab:              52612 kB
SReclaimable:      15896 kB
SUnreclaim:        36716 kB
KernelStack:       13928 kB
PageTables:        28560 kB
NFS_Unstable:          0 kB
Bounce:                0 kB
WritebackTmp:          0 kB
CommitLimit:     2499688 kB
Committed_AS:   63693836 kB
VmallocTotal:     385024 kB
VmallocUsed:      168220 kB
VmallocChunk:      68676 kB
Time pass: 253 sec

---2015-11-20 13:53:35
MemTotal:        2902232 kB
MemFree:          153268 kB
Buffers:           16388 kB
Cached:          1050992 kB
SwapCached:            0 kB
Active:           979200 kB
Inactive:         857384 kB
Active(anon):     768316 kB
Inactive(anon):     5244 kB
Active(file):     210884 kB
Inactive(file):   852140 kB
Unevictable:           0 kB
Mlocked:               0 kB
HighTotal:       2311552 kB
HighFree:          38144 kB
LowTotal:         590680 kB
LowFree:          115124 kB
SwapTotal:       1048572 kB
SwapFree:        1048572 kB
Dirty:                40 kB
Writeback:             0 kB
AnonPages:        769132 kB
Mapped:           301160 kB
Shmem:              4376 kB
Slab:              52604 kB
SReclaimable:      15896 kB
SUnreclaim:        36708 kB
KernelStack:       13912 kB
PageTables:        28528 kB
NFS_Unstable:          0 kB
Bounce:                0 kB
WritebackTmp:          0 kB
CommitLimit:     2499688 kB
Committed_AS:   63694012 kB
VmallocTotal:     385024 kB
VmallocUsed:      168220 kB
VmallocChunk:      68676 kB
Time pass: 256 sec

---2015-11-20 13:53:35
MemTotal:        2902232 kB
MemFree:          153552 kB
Buffers:           16412 kB
Cached:          1050976 kB
SwapCached:            0 kB
Active:           979016 kB
Inactive:         857388 kB
Active(anon):     768132 kB
Inactive(anon):     5248 kB
Active(file):     210884 kB
Inactive(file):   852140 kB
Unevictable:           0 kB
Mlocked:               0 kB
HighTotal:       2311552 kB
HighFree:          38268 kB
LowTotal:         590680 kB
LowFree:          115284 kB
SwapTotal:       1048572 kB
SwapFree:        1048572 kB
Dirty:                28 kB
Writeback:             0 kB
AnonPages:        769176 kB
Mapped:           301204 kB
Shmem:              4376 kB
Slab:              52640 kB
SReclaimable:      15896 kB
SUnreclaim:        36744 kB
KernelStack:       13928 kB
PageTables:        28544 kB
NFS_Unstable:          0 kB
Bounce:                0 kB
WritebackTmp:          0 kB
CommitLimit:     2499688 kB
Committed_AS:   63694056 kB
VmallocTotal:     385024 kB
VmallocUsed:      168220 kB
VmallocChunk:      68676 kB
Time pass: 260 sec

---2015-11-20 13:53:35
MemTotal:        2902232 kB
MemFree:          154192 kB
Buffers:           16412 kB
Cached:          1051000 kB
SwapCached:            0 kB
Active:           979096 kB
Inactive:         857420 kB
Active(anon):     768212 kB
Inactive(anon):     5256 kB
Active(file):     210884 kB
Inactive(file):   852164 kB
Unevictable:           0 kB
Mlocked:               0 kB
HighTotal:       2311552 kB
HighFree:          38144 kB
LowTotal:         590680 kB
LowFree:          116048 kB
SwapTotal:       1048572 kB
SwapFree:        1048572 kB
Dirty:                 0 kB
Writeback:             0 kB
AnonPages:        769080 kB
Mapped:           301212 kB
Shmem:              4384 kB
Slab:              52608 kB
SReclaimable:      15896 kB
SUnreclaim:        36712 kB
KernelStack:       13912 kB
PageTables:        28544 kB
NFS_Unstable:          0 kB
Bounce:                0 kB
WritebackTmp:          0 kB
CommitLimit:     2499688 kB
Committed_AS:   63694024 kB
VmallocTotal:     385024 kB
VmallocUsed:      168220 kB
VmallocChunk:      68676 kB
Time pass: 264 sec

---2015-11-20 13:53:35
MemTotal:        2902232 kB
MemFree:          154512 kB
Buffers:           16436 kB
Cached:          1051000 kB
SwapCached:            0 kB
Active:           979216 kB
Inactive:         857436 kB
Active(anon):     768332 kB
Inactive(anon):     5272 kB
Active(file):     210884 kB
Inactive(file):   852164 kB
Unevictable:           0 kB
Mlocked:               0 kB
HighTotal:       2311552 kB
HighFree:          38144 kB
LowTotal:         590680 kB
LowFree:          116368 kB
SwapTotal:       1048572 kB
SwapFree:        1048572 kB
Dirty:                28 kB
Writeback:             0 kB
AnonPages:        769176 kB
Mapped:           301184 kB
Shmem:              4400 kB
Slab:              52620 kB
SReclaimable:      15896 kB
SUnreclaim:        36724 kB
KernelStack:       13928 kB
PageTables:        28532 kB
NFS_Unstable:          0 kB
Bounce:                0 kB
WritebackTmp:          0 kB
CommitLimit:     2499688 kB
Committed_AS:   63694032 kB
VmallocTotal:     385024 kB
VmallocUsed:      168220 kB
VmallocChunk:      68676 kB
Time pass: 268 sec

---2015-11-20 13:53:35
MemTotal:        2902232 kB
MemFree:          154872 kB
Buffers:           16436 kB
Cached:          1051016 kB
SwapCached:            0 kB
Active:           979100 kB
Inactive:         857460 kB
Active(anon):     768216 kB
Inactive(anon):     5272 kB
Active(file):     210884 kB
Inactive(file):   852188 kB
Unevictable:           0 kB
Mlocked:               0 kB
HighTotal:       2311552 kB
HighFree:          38144 kB
LowTotal:         590680 kB
LowFree:          116728 kB
SwapTotal:       1048572 kB
SwapFree:        1048572 kB
Dirty:                 0 kB
Writeback:             0 kB
AnonPages:        769120 kB
Mapped:           301228 kB
Shmem:              4400 kB
Slab:              52612 kB
SReclaimable:      15896 kB
SUnreclaim:        36716 kB
KernelStack:       13928 kB
PageTables:        28556 kB
NFS_Unstable:          0 kB
Bounce:                0 kB
WritebackTmp:          0 kB
CommitLimit:     2499688 kB
Committed_AS:   63694076 kB
VmallocTotal:     385024 kB
VmallocUsed:      168220 kB
VmallocChunk:      68676 kB
Time pass: 271 sec

---2015-11-20 13:53:35
MemTotal:        2902232 kB
MemFree:          153884 kB
Buffers:           16444 kB
Cached:          1051016 kB
SwapCached:            0 kB
Active:           979368 kB
Inactive:         857460 kB
Active(anon):     768484 kB
Inactive(anon):     5272 kB
Active(file):     210884 kB
Inactive(file):   852188 kB
Unevictable:           0 kB
Mlocked:               0 kB
HighTotal:       2311552 kB
HighFree:          38144 kB
LowTotal:         590680 kB
LowFree:          115740 kB
SwapTotal:       1048572 kB
SwapFree:        1048572 kB
Dirty:                28 kB
Writeback:             0 kB
AnonPages:        769420 kB
Mapped:           301272 kB
Shmem:              4400 kB
Slab:              52644 kB
SReclaimable:      15896 kB
SUnreclaim:        36748 kB
KernelStack:       13928 kB
PageTables:        28572 kB
NFS_Unstable:          0 kB
Bounce:                0 kB
WritebackTmp:          0 kB
CommitLimit:     2499688 kB
Committed_AS:   63693900 kB
VmallocTotal:     385024 kB
VmallocUsed:      168220 kB
VmallocChunk:      68676 kB
Time pass: 275 sec

---2015-11-20 13:53:35
MemTotal:        2902232 kB
MemFree:          154908 kB
Buffers:           16460 kB
Cached:          1051016 kB
SwapCached:            0 kB
Active:           979336 kB
Inactive:         857468 kB
Active(anon):     768452 kB
Inactive(anon):     5272 kB
Active(file):     210884 kB
Inactive(file):   852196 kB
Unevictable:           0 kB
Mlocked:               0 kB
HighTotal:       2311552 kB
HighFree:          38144 kB
LowTotal:         590680 kB
LowFree:          116764 kB
SwapTotal:       1048572 kB
SwapFree:        1048572 kB
Dirty:                44 kB
Writeback:             0 kB
AnonPages:        769296 kB
Mapped:           301228 kB
Shmem:              4400 kB
Slab:              52620 kB
SReclaimable:      15896 kB
SUnreclaim:        36724 kB
KernelStack:       13928 kB
PageTables:        28548 kB
NFS_Unstable:          0 kB
Bounce:                0 kB
WritebackTmp:          0 kB
CommitLimit:     2499688 kB
Committed_AS:   63693916 kB
VmallocTotal:     385024 kB
VmallocUsed:      168220 kB
VmallocChunk:      68676 kB
Time pass: 278 sec

---2015-11-20 13:53:35
MemTotal:        2902232 kB
MemFree:          154596 kB
Buffers:           16468 kB
Cached:          1051008 kB
SwapCached:            0 kB
Active:           979384 kB
Inactive:         857484 kB
Active(anon):     768500 kB
Inactive(anon):     5272 kB
Active(file):     210884 kB
Inactive(file):   852212 kB
Unevictable:           0 kB
Mlocked:               0 kB
HighTotal:       2311552 kB
HighFree:          38144 kB
LowTotal:         590680 kB
LowFree:          116452 kB
SwapTotal:       1048572 kB
SwapFree:        1048572 kB
Dirty:                28 kB
Writeback:             0 kB
AnonPages:        769416 kB
Mapped:           301272 kB
Shmem:              4400 kB
Slab:              52616 kB
SReclaimable:      15896 kB
SUnreclaim:        36720 kB
KernelStack:       13928 kB
PageTables:        28564 kB
NFS_Unstable:          0 kB
Bounce:                0 kB
WritebackTmp:          0 kB
CommitLimit:     2499688 kB
Committed_AS:   63693804 kB
VmallocTotal:     385024 kB
VmallocUsed:      168220 kB
VmallocChunk:      68676 kB
Time pass: 282 sec

---2015-11-20 13:53:35
MemTotal:        2902232 kB
MemFree:          154684 kB
Buffers:           16484 kB
Cached:          1051016 kB
SwapCached:            0 kB
Active:           979340 kB
Inactive:         857500 kB
Active(anon):     768456 kB
Inactive(anon):     5272 kB
Active(file):     210884 kB
Inactive(file):   852228 kB
Unevictable:           0 kB
Mlocked:               0 kB
HighTotal:       2311552 kB
HighFree:          38144 kB
LowTotal:         590680 kB
LowFree:          116540 kB
SwapTotal:       1048572 kB
SwapFree:        1048572 kB
Dirty:                40 kB
Writeback:             0 kB
AnonPages:        769396 kB
Mapped:           301272 kB
Shmem:              4400 kB
Slab:              52608 kB
SReclaimable:      15896 kB
SUnreclaim:        36712 kB
KernelStack:       13928 kB
PageTables:        28564 kB
NFS_Unstable:          0 kB
Bounce:                0 kB
WritebackTmp:          0 kB
CommitLimit:     2499688 kB
Committed_AS:   63693824 kB
VmallocTotal:     385024 kB
VmallocUsed:      168220 kB
VmallocChunk:      68676 kB
Time pass: 285 sec

---2015-11-20 13:53:35
MemTotal:        2902232 kB
MemFree:          154188 kB
Buffers:           16484 kB
Cached:          1051016 kB
SwapCached:            0 kB
Active:           979604 kB
Inactive:         857508 kB
Active(anon):     768720 kB
Inactive(anon):     5272 kB
Active(file):     210884 kB
Inactive(file):   852236 kB
Unevictable:           0 kB
Mlocked:               0 kB
HighTotal:       2311552 kB
HighFree:          38144 kB
LowTotal:         590680 kB
LowFree:          116044 kB
SwapTotal:       1048572 kB
SwapFree:        1048572 kB
Dirty:                 0 kB
Writeback:             0 kB
AnonPages:        769464 kB
Mapped:           301228 kB
Shmem:              4400 kB
Slab:              52604 kB
SReclaimable:      15896 kB
SUnreclaim:        36708 kB
KernelStack:       13920 kB
PageTables:        28548 kB
NFS_Unstable:          0 kB
Bounce:                0 kB
WritebackTmp:          0 kB
CommitLimit:     2499688 kB
Committed_AS:   63693620 kB
VmallocTotal:     385024 kB
VmallocUsed:      168220 kB
VmallocChunk:      68676 kB
Time pass: 289 sec

---2015-11-20 13:53:35
MemTotal:        2902232 kB
MemFree:          153520 kB
Buffers:           16508 kB
Cached:          1051016 kB
SwapCached:            0 kB
Active:           979900 kB
Inactive:         857524 kB
Active(anon):     769016 kB
Inactive(anon):     5272 kB
Active(file):     210884 kB
Inactive(file):   852252 kB
Unevictable:           0 kB
Mlocked:               0 kB
HighTotal:       2311552 kB
HighFree:          38268 kB
LowTotal:         590680 kB
LowFree:          115252 kB
SwapTotal:       1048572 kB
SwapFree:        1048572 kB
Dirty:                40 kB
Writeback:             0 kB
AnonPages:        769672 kB
Mapped:           301228 kB
Shmem:              4400 kB
Slab:              52608 kB
SReclaimable:      15896 kB
SUnreclaim:        36712 kB
KernelStack:       13920 kB
PageTables:        28548 kB
NFS_Unstable:          0 kB
Bounce:                0 kB
WritebackTmp:          0 kB
CommitLimit:     2499688 kB
Committed_AS:   63693956 kB
VmallocTotal:     385024 kB
VmallocUsed:      168220 kB
VmallocChunk:      68676 kB
Time pass: 292 sec

---2015-11-20 13:53:35
MemTotal:        2902232 kB
MemFree:          152824 kB
Buffers:           16508 kB
Cached:          1051016 kB
SwapCached:            0 kB
Active:           980052 kB
Inactive:         857532 kB
Active(anon):     769168 kB
Inactive(anon):     5272 kB
Active(file):     210884 kB
Inactive(file):   852260 kB
Unevictable:           0 kB
Mlocked:               0 kB
HighTotal:       2311552 kB
HighFree:          38216 kB
LowTotal:         590680 kB
LowFree:          114608 kB
SwapTotal:       1048572 kB
SwapFree:        1048572 kB
Dirty:                 0 kB
Writeback:             0 kB
AnonPages:        769576 kB
Mapped:           301272 kB
Shmem:              4400 kB
Slab:              52604 kB
SReclaimable:      15896 kB
SUnreclaim:        36708 kB
KernelStack:       13920 kB
PageTables:        28564 kB
NFS_Unstable:          0 kB
Bounce:                0 kB
WritebackTmp:          0 kB
CommitLimit:     2499688 kB
Committed_AS:   63693824 kB
VmallocTotal:     385024 kB
VmallocUsed:      168220 kB
VmallocChunk:      68676 kB
Time pass: 296 sec

---2015-11-20 13:53:35
MemTotal:        2902232 kB
MemFree:          152464 kB
Buffers:           16516 kB
Cached:          1051024 kB
SwapCached:            0 kB
Active:           980084 kB
Inactive:         857540 kB
Active(anon):     769200 kB
Inactive(anon):     5280 kB
Active(file):     210884 kB
Inactive(file):   852260 kB
Unevictable:           0 kB
Mlocked:               0 kB
HighTotal:       2311552 kB
HighFree:          38144 kB
LowTotal:         590680 kB
LowFree:          114320 kB
SwapTotal:       1048572 kB
SwapFree:        1048572 kB
Dirty:                28 kB
Writeback:             0 kB
AnonPages:        770064 kB
Mapped:           301236 kB
Shmem:              4408 kB
Slab:              52756 kB
SReclaimable:      15896 kB
SUnreclaim:        36860 kB
KernelStack:       13920 kB
PageTables:        28548 kB
NFS_Unstable:          0 kB
Bounce:                0 kB
WritebackTmp:          0 kB
CommitLimit:     2499688 kB
Committed_AS:   63694000 kB
VmallocTotal:     385024 kB
VmallocUsed:      168220 kB
VmallocChunk:      68676 kB
Time pass: 299 sec

---2015-11-20 13:53:35
MemTotal:        2902232 kB
MemFree:          152532 kB
Buffers:           16532 kB
Cached:          1051024 kB
SwapCached:            0 kB
Active:           980188 kB
Inactive:         857564 kB
Active(anon):     769304 kB
Inactive(anon):     5280 kB
Active(file):     210884 kB
Inactive(file):   852284 kB
Unevictable:           0 kB
Mlocked:               0 kB
HighTotal:       2311552 kB
HighFree:          38144 kB
LowTotal:         590680 kB
LowFree:          114388 kB
SwapTotal:       1048572 kB
SwapFree:        1048572 kB
Dirty:                40 kB
Writeback:             0 kB
AnonPages:        770036 kB
Mapped:           301236 kB
Shmem:              4408 kB
Slab:              52812 kB
SReclaimable:      15912 kB
SUnreclaim:        36900 kB
KernelStack:       13920 kB
PageTables:        28548 kB
NFS_Unstable:          0 kB
Bounce:                0 kB
WritebackTmp:          0 kB
CommitLimit:     2499688 kB
Committed_AS:   63693812 kB
VmallocTotal:     385024 kB
VmallocUsed:      168220 kB
VmallocChunk:      68676 kB
Time pass: 303 sec

---2015-11-20 13:53:35
MemTotal:        2902232 kB
MemFree:          152216 kB
Buffers:           16540 kB
Cached:          1051024 kB
SwapCached:            0 kB
Active:           980240 kB
Inactive:         857564 kB
Active(anon):     769356 kB
Inactive(anon):     5280 kB
Active(file):     210884 kB
Inactive(file):   852284 kB
Unevictable:           0 kB
Mlocked:               0 kB
HighTotal:       2311552 kB
HighFree:          38144 kB
LowTotal:         590680 kB
LowFree:          114072 kB
SwapTotal:       1048572 kB
SwapFree:        1048572 kB
Dirty:                28 kB
Writeback:             0 kB
AnonPages:        770040 kB
Mapped:           301280 kB
Shmem:              4408 kB
Slab:              52752 kB
SReclaimable:      15916 kB
SUnreclaim:        36836 kB
KernelStack:       13904 kB
PageTables:        28564 kB
NFS_Unstable:          0 kB
Bounce:                0 kB
WritebackTmp:          0 kB
CommitLimit:     2499688 kB
Committed_AS:   63693912 kB
VmallocTotal:     385024 kB
VmallocUsed:      168220 kB
VmallocChunk:      68676 kB
Time pass: 306 sec

---2015-11-20 13:53:35
MemTotal:        2902232 kB
MemFree:          151764 kB
Buffers:           16564 kB
Cached:          1051044 kB
SwapCached:            0 kB
Active:           980936 kB
Inactive:         857616 kB
Active(anon):     770052 kB
Inactive(anon):     5300 kB
Active(file):     210884 kB
Inactive(file):   852316 kB
Unevictable:           0 kB
Mlocked:               0 kB
HighTotal:       2311552 kB
HighFree:          38144 kB
LowTotal:         590680 kB
LowFree:          113620 kB
SwapTotal:       1048572 kB
SwapFree:        1048572 kB
Dirty:                68 kB
Writeback:             0 kB
AnonPages:        770764 kB
Mapped:           301256 kB
Shmem:              4428 kB
Slab:              52628 kB
SReclaimable:      15916 kB
SUnreclaim:        36712 kB
KernelStack:       13912 kB
PageTables:        28544 kB
NFS_Unstable:          0 kB
Bounce:                0 kB
WritebackTmp:          0 kB
CommitLimit:     2499688 kB
Committed_AS:   63693940 kB
VmallocTotal:     385024 kB
VmallocUsed:      168220 kB
VmallocChunk:      68676 kB
Time pass: 310 sec

---2015-11-20 13:53:35
MemTotal:        2902232 kB
MemFree:          151516 kB
Buffers:           16572 kB
Cached:          1051036 kB
SwapCached:            0 kB
Active:           981088 kB
Inactive:         857616 kB
Active(anon):     770204 kB
Inactive(anon):     5300 kB
Active(file):     210884 kB
Inactive(file):   852316 kB
Unevictable:           0 kB
Mlocked:               0 kB
HighTotal:       2311552 kB
HighFree:          38144 kB
LowTotal:         590680 kB
LowFree:          113372 kB
SwapTotal:       1048572 kB
SwapFree:        1048572 kB
Dirty:                 0 kB
Writeback:             0 kB
AnonPages:        770940 kB
Mapped:           301300 kB
Shmem:              4428 kB
Slab:              52620 kB
SReclaimable:      15916 kB
SUnreclaim:        36704 kB
KernelStack:       13928 kB
PageTables:        28564 kB
NFS_Unstable:          0 kB
Bounce:                0 kB
WritebackTmp:          0 kB
CommitLimit:     2499688 kB
Committed_AS:   63694040 kB
VmallocTotal:     385024 kB
VmallocUsed:      168220 kB
VmallocChunk:      68676 kB
Time pass: 314 sec

---2015-11-20 13:53:35
MemTotal:        2902232 kB
MemFree:          151624 kB
Buffers:           16588 kB
Cached:          1051044 kB
SwapCached:            0 kB
Active:           981132 kB
Inactive:         857640 kB
Active(anon):     770248 kB
Inactive(anon):     5300 kB
Active(file):     210884 kB
Inactive(file):   852340 kB
Unevictable:           0 kB
Mlocked:               0 kB
HighTotal:       2311552 kB
HighFree:          38144 kB
LowTotal:         590680 kB
LowFree:          113480 kB
SwapTotal:       1048572 kB
SwapFree:        1048572 kB
Dirty:                40 kB
Writeback:             0 kB
AnonPages:        771112 kB
Mapped:           301256 kB
Shmem:              4428 kB
Slab:              52688 kB
SReclaimable:      15916 kB
SUnreclaim:        36772 kB
KernelStack:       13936 kB
PageTables:        28564 kB
NFS_Unstable:          0 kB
Bounce:                0 kB
WritebackTmp:          0 kB
CommitLimit:     2499688 kB
Committed_AS:   63694012 kB
VmallocTotal:     385024 kB
VmallocUsed:      168220 kB
VmallocChunk:      68676 kB
Time pass: 317 sec

---2015-11-20 13:53:35
MemTotal:        2902232 kB
MemFree:          153052 kB
Buffers:           16588 kB
Cached:          1051044 kB
SwapCached:            0 kB
Active:           979608 kB
Inactive:         857640 kB
Active(anon):     768724 kB
Inactive(anon):     5300 kB
Active(file):     210884 kB
Inactive(file):   852340 kB
Unevictable:           0 kB
Mlocked:               0 kB
HighTotal:       2311552 kB
HighFree:          38144 kB
LowTotal:         590680 kB
LowFree:          114908 kB
SwapTotal:       1048572 kB
SwapFree:        1048572 kB
Dirty:                 0 kB
Writeback:             0 kB
AnonPages:        769660 kB
Mapped:           301212 kB
Shmem:              4428 kB
Slab:              52648 kB
SReclaimable:      15916 kB
SUnreclaim:        36732 kB
KernelStack:       13928 kB
PageTables:        28532 kB
NFS_Unstable:          0 kB
Bounce:                0 kB
WritebackTmp:          0 kB
CommitLimit:     2499688 kB
Committed_AS:   63693928 kB
VmallocTotal:     385024 kB
VmallocUsed:      168220 kB
VmallocChunk:      68676 kB
Time pass: 320 sec

---2015-11-20 13:53:35
MemTotal:        2902232 kB
MemFree:          152404 kB
Buffers:           16612 kB
Cached:          1051028 kB
SwapCached:            0 kB
Active:           979792 kB
Inactive:         857656 kB
Active(anon):     768908 kB
Inactive(anon):     5300 kB
Active(file):     210884 kB
Inactive(file):   852356 kB
Unevictable:           0 kB
Mlocked:               0 kB
HighTotal:       2311552 kB
HighFree:          38144 kB
LowTotal:         590680 kB
LowFree:          114260 kB
SwapTotal:       1048572 kB
SwapFree:        1048572 kB
Dirty:                28 kB
Writeback:             8 kB
AnonPages:        770188 kB
Mapped:           301212 kB
