---2015-12-18 17:09:26
MemTotal:        2895588 kB
MemFree:          203164 kB
Buffers:           15132 kB
Cached:          1570604 kB
SwapCached:            0 kB
Active:           683084 kB
Inactive:        1499124 kB
Active(anon):     252520 kB
Inactive(anon):   347988 kB
Active(file):     430564 kB
Inactive(file):  1151136 kB
Unevictable:        2968 kB
Mlocked:               0 kB
HighTotal:       2306432 kB
HighFree:         112488 kB
LowTotal:         589156 kB
LowFree:           90676 kB
SwapTotal:       1048572 kB
SwapFree:        1048572 kB
Dirty:                 0 kB
Writeback:             0 kB
AnonPages:        599972 kB
Mapped:           363600 kB
Shmem:              1068 kB
Slab:              54480 kB
SReclaimable:      20004 kB
SUnreclaim:        34476 kB
KernelStack:       12008 kB
PageTables:        37284 kB
NFS_Unstable:          0 kB
Bounce:                0 kB
WritebackTmp:          0 kB
CommitLimit:     2496364 kB
Committed_AS:   82538732 kB
VmallocTotal:     385024 kB
VmallocUsed:      151420 kB
VmallocChunk:      65604 kB
Time pass: 3 sec

---2015-12-18 17:09:26
MemTotal:        2895588 kB
MemFree:          202384 kB
Buffers:           15132 kB
Cached:          1570640 kB
SwapCached:            0 kB
Active:           683736 kB
Inactive:        1499156 kB
Active(anon):     253172 kB
Inactive(anon):   347984 kB
Active(file):     430564 kB
Inactive(file):  1151172 kB
Unevictable:        2968 kB
Mlocked:               0 kB
HighTotal:       2306432 kB
HighFree:         111816 kB
LowTotal:         589156 kB
LowFree:           90568 kB
SwapTotal:       1048572 kB
SwapFree:        1048572 kB
Dirty:                 0 kB
Writeback:             0 kB
AnonPages:        600348 kB
Mapped:           363660 kB
Shmem:              1068 kB
Slab:              54480 kB
SReclaimable:      20004 kB
SUnreclaim:        34476 kB
KernelStack:       12008 kB
PageTables:        37304 kB
NFS_Unstable:          0 kB
Bounce:                0 kB
WritebackTmp:          0 kB
CommitLimit:     2496364 kB
Committed_AS:   82539028 kB
VmallocTotal:     385024 kB
VmallocUsed:      151420 kB
VmallocChunk:      65604 kB
Time pass: 7 sec

---2015-12-18 17:09:26
MemTotal:        2895588 kB
MemFree:          201940 kB
Buffers:           15132 kB
Cached:          1570640 kB
SwapCached:            0 kB
Active:           683728 kB
Inactive:        1499156 kB
Active(anon):     253164 kB
Inactive(anon):   347984 kB
Active(file):     430564 kB
Inactive(file):  1151172 kB
Unevictable:        2968 kB
Mlocked:               0 kB
HighTotal:       2306432 kB
HighFree:         111196 kB
LowTotal:         589156 kB
LowFree:           90744 kB
SwapTotal:       1048572 kB
SwapFree:        1048572 kB
Dirty:                 0 kB
Writeback:             0 kB
AnonPages:        600332 kB
Mapped:           363712 kB
Shmem:              1068 kB
Slab:              54476 kB
SReclaimable:      20004 kB
SUnreclaim:        34472 kB
KernelStack:       12008 kB
PageTables:        37324 kB
NFS_Unstable:          0 kB
Bounce:                0 kB
WritebackTmp:          0 kB
CommitLimit:     2496364 kB
Committed_AS:   82539220 kB
VmallocTotal:     385024 kB
VmallocUsed:      151420 kB
VmallocChunk:      65604 kB
Time pass: 10 sec

---2015-12-18 17:09:26
MemTotal:        2895588 kB
MemFree:          202064 kB
Buffers:           15132 kB
Cached:          1570640 kB
SwapCached:            0 kB
Active:           683972 kB
Inactive:        1499156 kB
Active(anon):     253408 kB
Inactive(anon):   347984 kB
Active(file):     430564 kB
Inactive(file):  1151172 kB
Unevictable:        2968 kB
Mlocked:               0 kB
HighTotal:       2306432 kB
HighFree:         111020 kB
LowTotal:         589156 kB
LowFree:           91044 kB
SwapTotal:       1048572 kB
SwapFree:        1048572 kB
Dirty:                 0 kB
Writeback:             0 kB
AnonPages:        600824 kB
Mapped:           363764 kB
Shmem:              1068 kB
Slab:              54476 kB
SReclaimable:      20004 kB
SUnreclaim:        34472 kB
KernelStack:       12008 kB
PageTables:        37344 kB
NFS_Unstable:          0 kB
Bounce:                0 kB
WritebackTmp:          0 kB
CommitLimit:     2496364 kB
Committed_AS:   82539268 kB
VmallocTotal:     385024 kB
VmallocUsed:      151420 kB
VmallocChunk:      65604 kB
Time pass: 14 sec

---2015-12-18 17:09:26
MemTotal:        2895588 kB
MemFree:          201752 kB
Buffers:           15132 kB
Cached:          1570640 kB
SwapCached:            0 kB
Active:           683812 kB
Inactive:        1499148 kB
Active(anon):     253248 kB
Inactive(anon):   347976 kB
Active(file):     430564 kB
Inactive(file):  1151172 kB
Unevictable:        2968 kB
Mlocked:               0 kB
HighTotal:       2306432 kB
HighFree:         110896 kB
LowTotal:         589156 kB
LowFree:           90856 kB
SwapTotal:       1048572 kB
SwapFree:        1048572 kB
Dirty:                 0 kB
Writeback:             0 kB
AnonPages:        600744 kB
Mapped:           363660 kB
Shmem:              1068 kB
Slab:              54472 kB
SReclaimable:      20004 kB
SUnreclaim:        34468 kB
KernelStack:       12008 kB
PageTables:        37304 kB
NFS_Unstable:          0 kB
Bounce:                0 kB
WritebackTmp:          0 kB
CommitLimit:     2496364 kB
Committed_AS:   82539516 kB
VmallocTotal:     385024 kB
VmallocUsed:      151420 kB
VmallocChunk:      65604 kB
Time pass: 17 sec

---2015-12-18 17:09:26
MemTotal:        2895588 kB
MemFree:          201120 kB
Buffers:           15132 kB
Cached:          1570640 kB
SwapCached:            0 kB
Active:           685076 kB
Inactive:        1499148 kB
Active(anon):     254512 kB
Inactive(anon):   347976 kB
Active(file):     430564 kB
Inactive(file):  1151172 kB
Unevictable:        2968 kB
Mlocked:               0 kB
HighTotal:       2306432 kB
HighFree:         110296 kB
LowTotal:         589156 kB
LowFree:           90824 kB
SwapTotal:       1048572 kB
SwapFree:        1048572 kB
Dirty:                 0 kB
Writeback:             0 kB
AnonPages:        601944 kB
Mapped:           363688 kB
Shmem:              1068 kB
Slab:              54472 kB
SReclaimable:      20004 kB
SUnreclaim:        34468 kB
KernelStack:       12008 kB
PageTables:        37328 kB
NFS_Unstable:          0 kB
Bounce:                0 kB
WritebackTmp:          0 kB
CommitLimit:     2496364 kB
Committed_AS:   82542252 kB
VmallocTotal:     385024 kB
VmallocUsed:      151420 kB
VmallocChunk:      65604 kB
Time pass: 21 sec

---2015-12-18 17:09:26
MemTotal:        2895588 kB
MemFree:           77608 kB
Buffers:           15216 kB
Cached:          1490684 kB
SwapCached:            0 kB
Active:           740252 kB
Inactive:        1395552 kB
Active(anon):     286888 kB
Inactive(anon):   347720 kB
Active(file):     453364 kB
Inactive(file):  1047832 kB
Unevictable:        2968 kB
Mlocked:               0 kB
HighTotal:       2306432 kB
HighFree:          42248 kB
LowTotal:         589156 kB
LowFree:           35360 kB
SwapTotal:       1048572 kB
SwapFree:        1048572 kB
Dirty:              1116 kB
Writeback:             0 kB
AnonPages:        633472 kB
Mapped:           395256 kB
Shmem:              1200 kB
Slab:              54596 kB
SReclaimable:      20076 kB
SUnreclaim:        34520 kB
KernelStack:       12728 kB
PageTables:        38488 kB
NFS_Unstable:          0 kB
Bounce:                0 kB
WritebackTmp:          0 kB
CommitLimit:     2496364 kB
Committed_AS:   83871124 kB
VmallocTotal:     385024 kB
VmallocUsed:      153052 kB
VmallocChunk:      65604 kB
Time pass: 24 sec

---2015-12-18 17:09:26
MemTotal:        2895588 kB
MemFree:           83692 kB
Buffers:           15236 kB
Cached:          1457620 kB
SwapCached:            0 kB
Active:           735588 kB
Inactive:        1347428 kB
Active(anon):     274824 kB
Inactive(anon):   339504 kB
Active(file):     460764 kB
Inactive(file):  1007924 kB
Unevictable:        2968 kB
Mlocked:               0 kB
HighTotal:       2306432 kB
HighFree:          47888 kB
LowTotal:         589156 kB
LowFree:           35804 kB
SwapTotal:       1048572 kB
SwapFree:        1048572 kB
Dirty:               288 kB
Writeback:             0 kB
AnonPages:        613344 kB
Mapped:           391756 kB
Shmem:              1200 kB
Slab:              54652 kB
SReclaimable:      20092 kB
SUnreclaim:        34560 kB
KernelStack:       12752 kB
PageTables:        38316 kB
NFS_Unstable:          0 kB
Bounce:                0 kB
WritebackTmp:          0 kB
CommitLimit:     2496364 kB
Committed_AS:   83867996 kB
VmallocTotal:     385024 kB
VmallocUsed:      153232 kB
VmallocChunk:      65604 kB
Time pass: 31 sec

---2015-12-18 17:09:26
MemTotal:        2895588 kB
MemFree:           83588 kB
Buffers:           15236 kB
Cached:          1457728 kB
SwapCached:            0 kB
Active:           735856 kB
Inactive:        1347456 kB
Active(anon):     275080 kB
Inactive(anon):   339496 kB
Active(file):     460776 kB
Inactive(file):  1007960 kB
Unevictable:        2968 kB
Mlocked:               0 kB
HighTotal:       2306432 kB
HighFree:          48012 kB
LowTotal:         589156 kB
LowFree:           35576 kB
SwapTotal:       1048572 kB
SwapFree:        1048572 kB
Dirty:               140 kB
Writeback:             0 kB
AnonPages:        613956 kB
Mapped:           391888 kB
Shmem:              1200 kB
Slab:              54656 kB
SReclaimable:      20092 kB
SUnreclaim:        34564 kB
KernelStack:       12744 kB
PageTables:        38332 kB
NFS_Unstable:          0 kB
Bounce:                0 kB
WritebackTmp:          0 kB
CommitLimit:     2496364 kB
Committed_AS:   83868876 kB
VmallocTotal:     385024 kB
VmallocUsed:      153232 kB
VmallocChunk:      65604 kB
Time pass: 35 sec

---2015-12-18 17:09:26
MemTotal:        2895588 kB
MemFree:           83916 kB
Buffers:           15244 kB
Cached:          1457736 kB
SwapCached:            0 kB
Active:           736824 kB
Inactive:        1347140 kB
Active(anon):     275624 kB
Inactive(anon):   339496 kB
Active(file):     461200 kB
Inactive(file):  1007644 kB
Unevictable:        2968 kB
Mlocked:               0 kB
HighTotal:       2306432 kB
HighFree:          46968 kB
LowTotal:         589156 kB
LowFree:           36948 kB
SwapTotal:       1048572 kB
SwapFree:        1048572 kB
Dirty:               784 kB
Writeback:             0 kB
AnonPages:        613904 kB
Mapped:           391892 kB
Shmem:              1200 kB
Slab:              54672 kB
SReclaimable:      20108 kB
SUnreclaim:        34564 kB
KernelStack:       12760 kB
PageTables:        38336 kB
NFS_Unstable:          0 kB
Bounce:                0 kB
WritebackTmp:          0 kB
CommitLimit:     2496364 kB
Committed_AS:   83869164 kB
VmallocTotal:     385024 kB
VmallocUsed:      153248 kB
VmallocChunk:      65604 kB
Time pass: 38 sec

---2015-12-18 17:09:26
MemTotal:        2895588 kB
MemFree:           73296 kB
Buffers:           15252 kB
Cached:          1412292 kB
SwapCached:            0 kB
Active:           764920 kB
Inactive:        1295652 kB
Active(anon):     297972 kB
Inactive(anon):   339376 kB
Active(file):     466948 kB
Inactive(file):   956276 kB
Unevictable:        2968 kB
Mlocked:               0 kB
HighTotal:       2306432 kB
HighFree:          41472 kB
LowTotal:         589156 kB
LowFree:           31824 kB
SwapTotal:       1048572 kB
SwapFree:        1048572 kB
Dirty:               160 kB
Writeback:             0 kB
AnonPages:        636380 kB
Mapped:           393156 kB
Shmem:              1200 kB
Slab:              54672 kB
SReclaimable:      20108 kB
SUnreclaim:        34564 kB
KernelStack:       12816 kB
PageTables:        38392 kB
NFS_Unstable:          0 kB
Bounce:                0 kB
WritebackTmp:          0 kB
CommitLimit:     2496364 kB
Committed_AS:   83885248 kB
VmallocTotal:     385024 kB
VmallocUsed:      153796 kB
VmallocChunk:      65604 kB
Time pass: 42 sec

---2015-12-18 17:09:26
MemTotal:        2895588 kB
MemFree:           84828 kB
Buffers:           15252 kB
Cached:          1394504 kB
SwapCached:            0 kB
Active:           767320 kB
Inactive:        1275612 kB
Active(anon):     298296 kB
Inactive(anon):   339068 kB
Active(file):     469024 kB
Inactive(file):   936544 kB
Unevictable:        2968 kB
Mlocked:               0 kB
HighTotal:       2306432 kB
HighFree:          46680 kB
LowTotal:         589156 kB
LowFree:           38148 kB
SwapTotal:       1048572 kB
SwapFree:        1048572 kB
Dirty:               240 kB
Writeback:             0 kB
AnonPages:        636368 kB
Mapped:           393596 kB
Shmem:              1200 kB
Slab:              54672 kB
SReclaimable:      20108 kB
SUnreclaim:        34564 kB
KernelStack:       12896 kB
PageTables:        38520 kB
NFS_Unstable:          0 kB
Bounce:                0 kB
WritebackTmp:          0 kB
CommitLimit:     2496364 kB
Committed_AS:   83884152 kB
VmallocTotal:     385024 kB
VmallocUsed:      153796 kB
VmallocChunk:      65604 kB
Time pass: 45 sec

---2015-12-18 17:09:26
MemTotal:        2895588 kB
MemFree:           77452 kB
Buffers:           15260 kB
Cached:          1390456 kB
SwapCached:            0 kB
Active:           781256 kB
Inactive:        1271028 kB
Active(anon):     311700 kB
Inactive(anon):   338980 kB
Active(file):     469556 kB
Inactive(file):   932048 kB
Unevictable:        2968 kB
Mlocked:               0 kB
HighTotal:       2306432 kB
HighFree:          44768 kB
LowTotal:         589156 kB
LowFree:           32684 kB
SwapTotal:       1048572 kB
SwapFree:        1048572 kB
Dirty:               176 kB
Writeback:             0 kB
AnonPages:        649924 kB
Mapped:           396772 kB
Shmem:              1200 kB
Slab:              54672 kB
SReclaimable:      20108 kB
SUnreclaim:        34564 kB
KernelStack:       12896 kB
PageTables:        38456 kB
NFS_Unstable:          0 kB
Bounce:                0 kB
WritebackTmp:          0 kB
CommitLimit:     2496364 kB
Committed_AS:   83886108 kB
VmallocTotal:     385024 kB
VmallocUsed:      153684 kB
VmallocChunk:      65604 kB
Time pass: 49 sec

---2015-12-18 17:09:26
MemTotal:        2895588 kB
MemFree:           78876 kB
Buffers:           15232 kB
Cached:          1351584 kB
SwapCached:            0 kB
Active:           790248 kB
Inactive:        1228068 kB
Active(anon):     316424 kB
Inactive(anon):   338980 kB
Active(file):     473824 kB
Inactive(file):   889088 kB
Unevictable:        2968 kB
Mlocked:               0 kB
HighTotal:       2306432 kB
HighFree:          43156 kB
LowTotal:         589156 kB
LowFree:           35720 kB
SwapTotal:       1048572 kB
SwapFree:        1048572 kB
Dirty:                36 kB
Writeback:             0 kB
AnonPages:        655048 kB
Mapped:           397412 kB
Shmem:              1200 kB
Slab:              54760 kB
SReclaimable:      20156 kB
SUnreclaim:        34604 kB
KernelStack:       12936 kB
PageTables:        38580 kB
NFS_Unstable:          0 kB
Bounce:                0 kB
WritebackTmp:          0 kB
CommitLimit:     2496364 kB
Committed_AS:   83906668 kB
VmallocTotal:     385024 kB
VmallocUsed:      154260 kB
VmallocChunk:      65604 kB
Time pass: 52 sec

---2015-12-18 17:09:26
MemTotal:        2895588 kB
MemFree:           87968 kB
Buffers:           15240 kB
Cached:          1351428 kB
SwapCached:            0 kB
Active:           781996 kB
Inactive:        1227416 kB
Active(anon):     307988 kB
Inactive(anon):   338976 kB
Active(file):     474008 kB
Inactive(file):   888440 kB
Unevictable:        2968 kB
Mlocked:               0 kB
HighTotal:       2306432 kB
HighFree:          51392 kB
LowTotal:         589156 kB
LowFree:           36576 kB
SwapTotal:       1048572 kB
SwapFree:        1048572 kB
Dirty:               160 kB
Writeback:             0 kB
AnonPages:        645928 kB
Mapped:           397412 kB
Shmem:              1200 kB
Slab:              54760 kB
SReclaimable:      20156 kB
SUnreclaim:        34604 kB
KernelStack:       12944 kB
PageTables:        38512 kB
NFS_Unstable:          0 kB
Bounce:                0 kB
WritebackTmp:          0 kB
CommitLimit:     2496364 kB
Committed_AS:   83895300 kB
VmallocTotal:     385024 kB
VmallocUsed:      154260 kB
VmallocChunk:      65604 kB
Time pass: 56 sec

---2015-12-18 17:09:26
MemTotal:        2895588 kB
MemFree:           87824 kB
Buffers:           15240 kB
Cached:          1351612 kB
SwapCached:            0 kB
Active:           782392 kB
Inactive:        1227620 kB
Active(anon):     308384 kB
Inactive(anon):   338976 kB
Active(file):     474008 kB
Inactive(file):   888644 kB
Unevictable:        2968 kB
Mlocked:               0 kB
HighTotal:       2306432 kB
HighFree:          51216 kB
LowTotal:         589156 kB
LowFree:           36608 kB
SwapTotal:       1048572 kB
SwapFree:        1048572 kB
Dirty:               112 kB
Writeback:             0 kB
AnonPages:        646304 kB
Mapped:           397824 kB
Shmem:              1200 kB
Slab:              54760 kB
SReclaimable:      20156 kB
SUnreclaim:        34604 kB
KernelStack:       12944 kB
PageTables:        38532 kB
NFS_Unstable:          0 kB
Bounce:                0 kB
WritebackTmp:          0 kB
CommitLimit:     2496364 kB
Committed_AS:   83895484 kB
VmallocTotal:     385024 kB
VmallocUsed:      154260 kB
VmallocChunk:      65604 kB
Time pass: 59 sec

---2015-12-18 17:09:26
MemTotal:        2895588 kB
MemFree:           78232 kB
Buffers:           15248 kB
Cached:          1343204 kB
SwapCached:            0 kB
Active:           785404 kB
Inactive:        1219056 kB
Active(anon):     311200 kB
Inactive(anon):   338976 kB
Active(file):     474204 kB
Inactive(file):   880080 kB
Unevictable:        2968 kB
Mlocked:               0 kB
HighTotal:       2306432 kB
HighFree:          43580 kB
LowTotal:         589156 kB
LowFree:           34652 kB
SwapTotal:       1048572 kB
SwapFree:        1048572 kB
Dirty:               212 kB
Writeback:             0 kB
AnonPages:        649392 kB
Mapped:           397820 kB
Shmem:              1200 kB
Slab:              54776 kB
SReclaimable:      20172 kB
SUnreclaim:        34604 kB
KernelStack:       12944 kB
PageTables:        38512 kB
NFS_Unstable:          0 kB
Bounce:                0 kB
WritebackTmp:          0 kB
CommitLimit:     2496364 kB
Committed_AS:   83895700 kB
VmallocTotal:     385024 kB
VmallocUsed:      154276 kB
VmallocChunk:      65604 kB
Time pass: 63 sec

---2015-12-18 17:09:26
MemTotal:        2895588 kB
MemFree:           78044 kB
Buffers:           15256 kB
Cached:          1343196 kB
SwapCached:            0 kB
Active:           785500 kB
Inactive:        1219056 kB
Active(anon):     311296 kB
Inactive(anon):   338976 kB
Active(file):     474204 kB
Inactive(file):   880080 kB
Unevictable:        2968 kB
Mlocked:               0 kB
HighTotal:       2306432 kB
HighFree:          43580 kB
LowTotal:         589156 kB
LowFree:           34464 kB
SwapTotal:       1048572 kB
SwapFree:        1048572 kB
Dirty:               212 kB
Writeback:             0 kB
AnonPages:        649280 kB
Mapped:           397820 kB
Shmem:              1200 kB
Slab:              54776 kB
SReclaimable:      20172 kB
SUnreclaim:        34604 kB
KernelStack:       12944 kB
PageTables:        38512 kB
NFS_Unstable:          0 kB
Bounce:                0 kB
WritebackTmp:          0 kB
CommitLimit:     2496364 kB
Committed_AS:   83895960 kB
VmallocTotal:     385024 kB
VmallocUsed:      154276 kB
VmallocChunk:      65604 kB
Time pass: 66 sec

---2015-12-18 17:09:26
MemTotal:        2895588 kB
MemFree:           71312 kB
Buffers:           14860 kB
Cached:          1286880 kB
SwapCached:            0 kB
Active:           795256 kB
Inactive:        1160640 kB
Active(anon):     319348 kB
Inactive(anon):   338976 kB
Active(file):     475908 kB
Inactive(file):   821664 kB
Unevictable:        2968 kB
Mlocked:               0 kB
HighTotal:       2306432 kB
HighFree:          38124 kB
LowTotal:         589156 kB
LowFree:           33188 kB
SwapTotal:       1048572 kB
SwapFree:        1048572 kB
Dirty:               544 kB
Writeback:             0 kB
AnonPages:        657400 kB
Mapped:           397888 kB
Shmem:              1200 kB
Slab:              54796 kB
SReclaimable:      20192 kB
SUnreclaim:        34604 kB
KernelStack:       12960 kB
PageTables:        38556 kB
NFS_Unstable:          0 kB
Bounce:                0 kB
WritebackTmp:          0 kB
CommitLimit:     2496364 kB
Committed_AS:   83909012 kB
VmallocTotal:     385024 kB
VmallocUsed:      154416 kB
VmallocChunk:      65604 kB
Time pass: 70 sec

---2015-12-18 17:09:26
MemTotal:        2895588 kB
MemFree:           72664 kB
Buffers:           14772 kB
Cached:          1275492 kB
SwapCached:            0 kB
Active:           805828 kB
Inactive:        1149084 kB
Active(anon):     329848 kB
Inactive(anon):   338968 kB
Active(file):     475980 kB
Inactive(file):   810116 kB
Unevictable:        2968 kB
Mlocked:               0 kB
HighTotal:       2306432 kB
HighFree:          39664 kB
LowTotal:         589156 kB
LowFree:           33000 kB
SwapTotal:       1048572 kB
SwapFree:        1048572 kB
Dirty:               356 kB
Writeback:             0 kB
AnonPages:        667668 kB
Mapped:           401308 kB
Shmem:              1200 kB
Slab:              54880 kB
SReclaimable:      20232 kB
SUnreclaim:        34648 kB
KernelStack:       13032 kB
PageTables:        38544 kB
NFS_Unstable:          0 kB
Bounce:                0 kB
WritebackTmp:          0 kB
CommitLimit:     2496364 kB
Committed_AS:   83906812 kB
VmallocTotal:     385024 kB
VmallocUsed:      154384 kB
VmallocChunk:      65604 kB
Time pass: 74 sec

---2015-12-18 17:09:26
MemTotal:        2895588 kB
MemFree:           71112 kB
Buffers:           14796 kB
Cached:          1258552 kB
SwapCached:            0 kB
Active:           815524 kB
Inactive:        1132796 kB
Active(anon):     339412 kB
Inactive(anon):   339892 kB
Active(file):     476112 kB
Inactive(file):   792904 kB
Unevictable:        2968 kB
Mlocked:               0 kB
HighTotal:       2306432 kB
HighFree:          38404 kB
LowTotal:         589156 kB
LowFree:           32708 kB
SwapTotal:       1048572 kB
SwapFree:        1048572 kB
Dirty:                 4 kB
Writeback:             0 kB
AnonPages:        678072 kB
Mapped:           402556 kB
Shmem:              1364 kB
Slab:              54872 kB
SReclaimable:      20232 kB
SUnreclaim:        34640 kB
KernelStack:       13168 kB
PageTables:        38672 kB
NFS_Unstable:          0 kB
Bounce:                0 kB
WritebackTmp:          0 kB
CommitLimit:     2496364 kB
Committed_AS:   83923000 kB
VmallocTotal:     385024 kB
VmallocUsed:      156616 kB
VmallocChunk:      65604 kB
Time pass: 77 sec

---2015-12-18 17:09:26
MemTotal:        2895588 kB
MemFree:           74196 kB
Buffers:           14712 kB
Cached:          1212904 kB
SwapCached:            0 kB
Active:           817140 kB
Inactive:        1087196 kB
Active(anon):     339940 kB
Inactive(anon):   341156 kB
Active(file):     477200 kB
Inactive(file):   746040 kB
Unevictable:        2968 kB
Mlocked:               0 kB
HighTotal:       2306432 kB
HighFree:          41156 kB
LowTotal:         589156 kB
LowFree:           33040 kB
SwapTotal:       1048572 kB
SwapFree:        1048572 kB
Dirty:                88 kB
Writeback:             0 kB
AnonPages:        679732 kB
Mapped:           402628 kB
Shmem:              1408 kB
Slab:              54876 kB
SReclaimable:      20232 kB
SUnreclaim:        34644 kB
KernelStack:       13152 kB
PageTables:        38836 kB
NFS_Unstable:          0 kB
Bounce:                0 kB
WritebackTmp:          0 kB
CommitLimit:     2496364 kB
Committed_AS:   83927356 kB
VmallocTotal:     385024 kB
VmallocUsed:      156596 kB
VmallocChunk:      65604 kB
Time pass: 81 sec

---2015-12-18 17:09:26
MemTotal:        2895588 kB
MemFree:           72472 kB
Buffers:           14724 kB
Cached:          1213684 kB
SwapCached:            0 kB
Active:           819224 kB
Inactive:        1087740 kB
Active(anon):     342004 kB
Inactive(anon):   341676 kB
Active(file):     477220 kB
Inactive(file):   746064 kB
Unevictable:        2968 kB
Mlocked:               0 kB
HighTotal:       2306432 kB
HighFree:          39420 kB
LowTotal:         589156 kB
LowFree:           33052 kB
SwapTotal:       1048572 kB
SwapFree:        1048572 kB
Dirty:                52 kB
Writeback:             0 kB
AnonPages:        681832 kB
Mapped:           403380 kB
Shmem:              2156 kB
Slab:              54904 kB
SReclaimable:      20232 kB
SUnreclaim:        34672 kB
KernelStack:       13152 kB
PageTables:        38880 kB
NFS_Unstable:          0 kB
Bounce:                0 kB
WritebackTmp:          0 kB
CommitLimit:     2496364 kB
Committed_AS:   83932092 kB
VmallocTotal:     385024 kB
VmallocUsed:      156596 kB
VmallocChunk:      65604 kB
Time pass: 84 sec

---2015-12-18 17:09:26
MemTotal:        2895588 kB
MemFree:           71712 kB
Buffers:           14740 kB
Cached:          1213656 kB
SwapCached:            0 kB
Active:           819428 kB
Inactive:        1087824 kB
Active(anon):     342200 kB
Inactive(anon):   341720 kB
Active(file):     477228 kB
Inactive(file):   746104 kB
Unevictable:        2968 kB
Mlocked:               0 kB
HighTotal:       2306432 kB
HighFree:          38748 kB
LowTotal:         589156 kB
LowFree:           32964 kB
SwapTotal:       1048572 kB
SwapFree:        1048572 kB
Dirty:                 8 kB
Writeback:             0 kB
AnonPages:        682092 kB
Mapped:           403368 kB
Shmem:              2088 kB
Slab:              54908 kB
SReclaimable:      20232 kB
SUnreclaim:        34676 kB
KernelStack:       13128 kB
PageTables:        38864 kB
NFS_Unstable:          0 kB
Bounce:                0 kB
WritebackTmp:          0 kB
CommitLimit:     2496364 kB
Committed_AS:   83932268 kB
VmallocTotal:     385024 kB
VmallocUsed:      156596 kB
VmallocChunk:      65604 kB
Time pass: 88 sec

---2015-12-18 17:09:26
MemTotal:        2895588 kB
MemFree:           72044 kB
Buffers:           14748 kB
Cached:          1213764 kB
SwapCached:            0 kB
Active:           819644 kB
Inactive:        1087864 kB
Active(anon):     342400 kB
Inactive(anon):   341756 kB
Active(file):     477244 kB
Inactive(file):   746108 kB
Unevictable:        2968 kB
Mlocked:               0 kB
HighTotal:       2306432 kB
HighFree:          38924 kB
LowTotal:         589156 kB
LowFree:           33120 kB
SwapTotal:       1048572 kB
SwapFree:        1048572 kB
Dirty:                36 kB
Writeback:             0 kB
AnonPages:        682232 kB
Mapped:           403412 kB
Shmem:              2136 kB
Slab:              54908 kB
SReclaimable:      20232 kB
SUnreclaim:        34676 kB
KernelStack:       13112 kB
PageTables:        38848 kB
NFS_Unstable:          0 kB
Bounce:                0 kB
WritebackTmp:          0 kB
CommitLimit:     2496364 kB
Committed_AS:   83932436 kB
VmallocTotal:     385024 kB
VmallocUsed:      156596 kB
VmallocChunk:      65604 kB
Time pass: 91 sec

---2015-12-18 17:09:26
MemTotal:        2895588 kB
MemFree:           71812 kB
Buffers:           14764 kB
Cached:          1213776 kB
SwapCached:            0 kB
Active:           820780 kB
Inactive:        1087908 kB
Active(anon):     343524 kB
Inactive(anon):   341724 kB
Active(file):     477256 kB
Inactive(file):   746184 kB
Unevictable:        2968 kB
Mlocked:               0 kB
HighTotal:       2306432 kB
HighFree:          39172 kB
LowTotal:         589156 kB
LowFree:           32640 kB
SwapTotal:       1048572 kB
SwapFree:        1048572 kB
Dirty:                64 kB
Writeback:             0 kB
AnonPages:        683284 kB
Mapped:           403412 kB
Shmem:              2136 kB
Slab:              54916 kB
SReclaimable:      20232 kB
SUnreclaim:        34684 kB
KernelStack:       13112 kB
PageTables:        38852 kB
NFS_Unstable:          0 kB
Bounce:                0 kB
WritebackTmp:          0 kB
CommitLimit:     2496364 kB
Committed_AS:   83940700 kB
VmallocTotal:     385024 kB
VmallocUsed:      156596 kB
VmallocChunk:      65604 kB
Time pass: 95 sec

---2015-12-18 17:09:26
MemTotal:        2895588 kB
MemFree:           70876 kB
Buffers:           14764 kB
Cached:          1213792 kB
SwapCached:            0 kB
Active:           821096 kB
Inactive:        1087856 kB
Active(anon):     343828 kB
Inactive(anon):   341676 kB
Active(file):     477268 kB
Inactive(file):   746180 kB
Unevictable:        2968 kB
Mlocked:               0 kB
HighTotal:       2306432 kB
HighFree:          38056 kB
LowTotal:         589156 kB
LowFree:           32820 kB
SwapTotal:       1048572 kB
SwapFree:        1048572 kB
Dirty:                12 kB
Writeback:             0 kB
AnonPages:        683420 kB
Mapped:           403464 kB
Shmem:              2136 kB
Slab:              54908 kB
SReclaimable:      20232 kB
SUnreclaim:        34676 kB
KernelStack:       13112 kB
PageTables:        38876 kB
NFS_Unstable:          0 kB
Bounce:                0 kB
WritebackTmp:          0 kB
CommitLimit:     2496364 kB
Committed_AS:   83940888 kB
VmallocTotal:     385024 kB
VmallocUsed:      156596 kB
VmallocChunk:      65604 kB
Time pass: 98 sec

---2015-12-18 17:09:26
MemTotal:        2895588 kB
MemFree:           75192 kB
Buffers:           14788 kB
Cached:          1209036 kB
SwapCached:            0 kB
Active:           819612 kB
Inactive:        1084888 kB
Active(anon):     342336 kB
Inactive(anon):   343448 kB
Active(file):     477276 kB
Inactive(file):   741440 kB
Unevictable:        2968 kB
Mlocked:               0 kB
HighTotal:       2306432 kB
HighFree:          43024 kB
LowTotal:         589156 kB
LowFree:           32168 kB
SwapTotal:       1048572 kB
SwapFree:        1048572 kB
Dirty:                60 kB
Writeback:             0 kB
AnonPages:        683980 kB
Mapped:           403468 kB
Shmem:              2140 kB
Slab:              54932 kB
SReclaimable:      20232 kB
SUnreclaim:        34700 kB
KernelStack:       13104 kB
PageTables:        38876 kB
NFS_Unstable:          0 kB
Bounce:                0 kB
WritebackTmp:          0 kB
CommitLimit:     2496364 kB
Committed_AS:   83941020 kB
VmallocTotal:     385024 kB
VmallocUsed:      156596 kB
VmallocChunk:      65604 kB
Time pass: 102 sec

---2015-12-18 17:09:26
MemTotal:        2895588 kB
MemFree:           74864 kB
Buffers:           14788 kB
Cached:          1209104 kB
SwapCached:            0 kB
Active:           818776 kB
Inactive:        1084816 kB
Active(anon):     341480 kB
Inactive(anon):   343364 kB
Active(file):     477296 kB
Inactive(file):   741452 kB
Unevictable:        2968 kB
Mlocked:               0 kB
HighTotal:       2306432 kB
HighFree:          42344 kB
LowTotal:         589156 kB
LowFree:           32520 kB
SwapTotal:       1048572 kB
SwapFree:        1048572 kB
Dirty:                68 kB
Writeback:             0 kB
AnonPages:        682904 kB
Mapped:           403452 kB
Shmem:              2176 kB
Slab:              54920 kB
SReclaimable:      20232 kB
SUnreclaim:        34688 kB
KernelStack:       13104 kB
PageTables:        38856 kB
NFS_Unstable:          0 kB
Bounce:                0 kB
WritebackTmp:          0 kB
CommitLimit:     2496364 kB
Committed_AS:   83941228 kB
VmallocTotal:     385024 kB
VmallocUsed:      156596 kB
VmallocChunk:      65604 kB
Time pass: 106 sec

---2015-12-18 17:09:26
MemTotal:        2895588 kB
MemFree:           73820 kB
Buffers:           14796 kB
Cached:          1209212 kB
SwapCached:            0 kB
Active:           820408 kB
Inactive:        1084844 kB
Active(anon):     343104 kB
Inactive(anon):   343348 kB
Active(file):     477304 kB
Inactive(file):   741496 kB
Unevictable:        2968 kB
Mlocked:               0 kB
HighTotal:       2306432 kB
HighFree:          41352 kB
LowTotal:         589156 kB
LowFree:           32468 kB
SwapTotal:       1048572 kB
SwapFree:        1048572 kB
Dirty:                44 kB
Writeback:             0 kB
AnonPages:        684456 kB
Mapped:           403572 kB
Shmem:              2240 kB
Slab:              54932 kB
SReclaimable:      20232 kB
SUnreclaim:        34700 kB
KernelStack:       13096 kB
PageTables:        38872 kB
NFS_Unstable:          0 kB
Bounce:                0 kB
WritebackTmp:          0 kB
CommitLimit:     2496364 kB
Committed_AS:   83941388 kB
VmallocTotal:     385024 kB
VmallocUsed:      156596 kB
VmallocChunk:      65604 kB
Time pass: 109 sec

---2015-12-18 17:09:26
MemTotal:        2895588 kB
MemFree:           71416 kB
Buffers:           14804 kB
Cached:          1209812 kB
SwapCached:            0 kB
Active:           821700 kB
Inactive:        1085084 kB
Active(anon):     344380 kB
Inactive(anon):   343188 kB
Active(file):     477320 kB
Inactive(file):   741896 kB
Unevictable:        2968 kB
Mlocked:               0 kB
HighTotal:       2306432 kB
HighFree:          38056 kB
LowTotal:         589156 kB
LowFree:           33360 kB
SwapTotal:       1048572 kB
SwapFree:        1048572 kB
Dirty:                20 kB
Writeback:             0 kB
AnonPages:        685156 kB
Mapped:           403732 kB
Shmem:              2240 kB
Slab:              54908 kB
SReclaimable:      20232 kB
SUnreclaim:        34676 kB
KernelStack:       13056 kB
PageTables:        39108 kB
NFS_Unstable:          0 kB
Bounce:                0 kB
WritebackTmp:          0 kB
CommitLimit:     2496364 kB
Committed_AS:   86626876 kB
VmallocTotal:     385024 kB
VmallocUsed:      157616 kB
VmallocChunk:      65604 kB
Time pass: 113 sec

---2015-12-18 17:09:26
MemTotal:        2895588 kB
MemFree:           82080 kB
Buffers:           14820 kB
Cached:          1209236 kB
SwapCached:            0 kB
Active:           812780 kB
Inactive:        1084672 kB
Active(anon):     335456 kB
Inactive(anon):   342624 kB
Active(file):     477324 kB
Inactive(file):   742048 kB
Unevictable:        2968 kB
Mlocked:               0 kB
HighTotal:       2306432 kB
HighFree:          45216 kB
LowTotal:         589156 kB
LowFree:           36864 kB
SwapTotal:       1048572 kB
SwapFree:        1048572 kB
Dirty:                24 kB
Writeback:             0 kB
AnonPages:        675756 kB
Mapped:           403184 kB
Shmem:              1716 kB
Slab:              54904 kB
SReclaimable:      20224 kB
SUnreclaim:        34680 kB
KernelStack:       12968 kB
PageTables:        38988 kB
NFS_Unstable:          0 kB
Bounce:                0 kB
WritebackTmp:          0 kB
CommitLimit:     2496364 kB
Committed_AS:   86615324 kB
VmallocTotal:     385024 kB
VmallocUsed:      155372 kB
VmallocChunk:      65604 kB
Time pass: 116 sec

---2015-12-18 17:09:26
MemTotal:        2895588 kB
MemFree:          411952 kB
Buffers:           14868 kB
Cached:          1201080 kB
SwapCached:            0 kB
Active:           729936 kB
Inactive:        1075964 kB
Active(anon):     252104 kB
Inactive(anon):   342408 kB
Active(file):     477832 kB
Inactive(file):   733556 kB
Unevictable:        2968 kB
Mlocked:               0 kB
HighTotal:       2306432 kB
HighFree:         280160 kB
LowTotal:         589156 kB
LowFree:          131792 kB
SwapTotal:       1048572 kB
SwapFree:        1048572 kB
Dirty:                44 kB
Writeback:             0 kB
AnonPages:        593100 kB
Mapped:           356288 kB
Shmem:              1584 kB
Slab:              54904 kB
SReclaimable:      20216 kB
SUnreclaim:        34688 kB
KernelStack:       11984 kB
PageTables:        36800 kB
NFS_Unstable:          0 kB
Bounce:                0 kB
WritebackTmp:          0 kB
CommitLimit:     2496364 kB
Committed_AS:   81290216 kB
VmallocTotal:     385024 kB
VmallocUsed:      150792 kB
VmallocChunk:      65604 kB
Time pass: 120 sec

---2015-12-18 17:09:26
MemTotal:        2895588 kB
MemFree:          412516 kB
Buffers:           14876 kB
Cached:          1201080 kB
SwapCached:            0 kB
Active:           730216 kB
Inactive:        1075980 kB
Active(anon):     252384 kB
Inactive(anon):   342408 kB
Active(file):     477832 kB
Inactive(file):   733572 kB
Unevictable:        2968 kB
Mlocked:               0 kB
HighTotal:       2306432 kB
HighFree:         280656 kB
LowTotal:         589156 kB
LowFree:          131860 kB
SwapTotal:       1048572 kB
SwapFree:        1048572 kB
Dirty:                56 kB
Writeback:             0 kB
AnonPages:        593456 kB
Mapped:           356288 kB
Shmem:              1584 kB
Slab:              54896 kB
SReclaimable:      20216 kB
SUnreclaim:        34680 kB
KernelStack:       11976 kB
PageTables:        36800 kB
NFS_Unstable:          0 kB
Bounce:                0 kB
WritebackTmp:          0 kB
CommitLimit:     2496364 kB
Committed_AS:   81290376 kB
VmallocTotal:     385024 kB
VmallocUsed:      150792 kB
VmallocChunk:      65604 kB
Time pass: 123 sec

---2015-12-18 17:09:26
MemTotal:        2895588 kB
MemFree:          415764 kB
Buffers:           14884 kB
Cached:          1201080 kB
SwapCached:            0 kB
Active:           727180 kB
Inactive:        1075956 kB
Active(anon):     249348 kB
Inactive(anon):   342376 kB
Active(file):     477832 kB
Inactive(file):   733580 kB
Unevictable:        2968 kB
Mlocked:               0 kB
HighTotal:       2306432 kB
HighFree:         283260 kB
LowTotal:         589156 kB
LowFree:          132504 kB
SwapTotal:       1048572 kB
SwapFree:        1048572 kB
Dirty:               116 kB
Writeback:             0 kB
AnonPages:        590352 kB
Mapped:           356288 kB
Shmem:              1584 kB
Slab:              54896 kB
SReclaimable:      20216 kB
SUnreclaim:        34680 kB
KernelStack:       11968 kB
PageTables:        36804 kB
NFS_Unstable:          0 kB
Bounce:                0 kB
WritebackTmp:          0 kB
CommitLimit:     2496364 kB
Committed_AS:   81294732 kB
VmallocTotal:     385024 kB
VmallocUsed:      150792 kB
VmallocChunk:      65604 kB
Time pass: 127 sec

---2015-12-18 17:09:26
MemTotal:        2895588 kB
MemFree:          406888 kB
Buffers:           14896 kB
Cached:          1201160 kB
SwapCached:            0 kB
Active:           735980 kB
Inactive:        1076048 kB
Active(anon):     258148 kB
Inactive(anon):   342376 kB
Active(file):     477832 kB
Inactive(file):   733672 kB
Unevictable:        2968 kB
Mlocked:               0 kB
HighTotal:       2306432 kB
HighFree:         275148 kB
LowTotal:         589156 kB
LowFree:          131740 kB
SwapTotal:       1048572 kB
SwapFree:        1048572 kB
Dirty:                60 kB
Writeback:             0 kB
AnonPages:        599484 kB
Mapped:           361460 kB
Shmem:              1584 kB
Slab:              54896 kB
SReclaimable:      20216 kB
SUnreclaim:        34680 kB
KernelStack:       12024 kB
PageTables:        37324 kB
NFS_Unstable:          0 kB
Bounce:                0 kB
WritebackTmp:          0 kB
CommitLimit:     2496364 kB
Committed_AS:   82539548 kB
VmallocTotal:     385024 kB
VmallocUsed:      151812 kB
VmallocChunk:      65604 kB
Time pass: 130 sec

---2015-12-18 17:09:26
MemTotal:        2895588 kB
MemFree:          395376 kB
Buffers:           14972 kB
Cached:          1201392 kB
SwapCached:            0 kB
Active:           747676 kB
Inactive:        1076232 kB
Active(anon):     269844 kB
Inactive(anon):   342348 kB
Active(file):     477832 kB
Inactive(file):   733884 kB
Unevictable:        2968 kB
Mlocked:               0 kB
HighTotal:       2306432 kB
HighFree:         263832 kB
LowTotal:         589156 kB
LowFree:          131544 kB
SwapTotal:       1048572 kB
SwapFree:        1048572 kB
Dirty:                44 kB
Writeback:             0 kB
AnonPages:        611000 kB
Mapped:           367408 kB
Shmem:              1584 kB
Slab:              54896 kB
SReclaimable:      20216 kB
SUnreclaim:        34680 kB
KernelStack:       12096 kB
PageTables:        37560 kB
NFS_Unstable:          0 kB
Bounce:                0 kB
WritebackTmp:          0 kB
CommitLimit:     2496364 kB
Committed_AS:   82548168 kB
VmallocTotal:     385024 kB
VmallocUsed:      151812 kB
VmallocChunk:      65604 kB
Time pass: 134 sec

---2015-12-18 17:09:26
MemTotal:        2895588 kB
MemFree:          391632 kB
Buffers:           14972 kB
Cached:          1201836 kB
SwapCached:            0 kB
Active:           751344 kB
Inactive:        1076768 kB
Active(anon):     273508 kB
Inactive(anon):   342348 kB
Active(file):     477836 kB
Inactive(file):   734420 kB
Unevictable:        2968 kB
Mlocked:               0 kB
HighTotal:       2306432 kB
HighFree:         259876 kB
LowTotal:         589156 kB
LowFree:          131756 kB
SwapTotal:       1048572 kB
SwapFree:        1048572 kB
Dirty:                48 kB
Writeback:             0 kB
AnonPages:        614636 kB
Mapped:           372912 kB
Shmem:              1584 kB
Slab:              54868 kB
SReclaimable:      20208 kB
SUnreclaim:        34660 kB
KernelStack:       12088 kB
PageTables:        37592 kB
NFS_Unstable:          0 kB
Bounce:                0 kB
WritebackTmp:          0 kB
CommitLimit:     2496364 kB
Committed_AS:   82549064 kB
VmallocTotal:     385024 kB
VmallocUsed:      151812 kB
VmallocChunk:      65604 kB
Time pass: 137 sec

---2015-12-18 17:09:26
MemTotal:        2895588 kB
MemFree:          376268 kB
Buffers:           15008 kB
Cached:          1206640 kB
SwapCached:            0 kB
Active:           761616 kB
Inactive:        1081436 kB
Active(anon):     283704 kB
Inactive(anon):   342348 kB
Active(file):     477912 kB
Inactive(file):   739088 kB
Unevictable:        2968 kB
Mlocked:               0 kB
HighTotal:       2306432 kB
HighFree:         245120 kB
LowTotal:         589156 kB
LowFree:          131148 kB
SwapTotal:       1048572 kB
SwapFree:        1048572 kB
Dirty:               132 kB
Writeback:             0 kB
AnonPages:        624884 kB
Mapped:           389320 kB
Shmem:              1584 kB
Slab:              54872 kB
SReclaimable:      20212 kB
SUnreclaim:        34660 kB
KernelStack:       12400 kB
PageTables:        37732 kB
NFS_Unstable:          0 kB
Bounce:                0 kB
WritebackTmp:          0 kB
CommitLimit:     2496364 kB
Committed_AS:   82554124 kB
VmallocTotal:     385024 kB
VmallocUsed:      151812 kB
VmallocChunk:      65604 kB
Time pass: 141 sec

---2015-12-18 17:09:26
MemTotal:        2895588 kB
MemFree:          376224 kB
Buffers:           15008 kB
Cached:          1206760 kB
SwapCached:            0 kB
Active:           760396 kB
Inactive:        1081408 kB
Active(anon):     282432 kB
Inactive(anon):   342348 kB
Active(file):     477964 kB
Inactive(file):   739060 kB
Unevictable:        2968 kB
Mlocked:               0 kB
HighTotal:       2306432 kB
HighFree:         245132 kB
LowTotal:         589156 kB
LowFree:          131092 kB
SwapTotal:       1048572 kB
SwapFree:        1048572 kB
Dirty:                 4 kB
Writeback:             0 kB
AnonPages:        623108 kB
Mapped:           389436 kB
Shmem:              1584 kB
Slab:              54900 kB
SReclaimable:      20212 kB
SUnreclaim:        34688 kB
KernelStack:       12440 kB
PageTables:        37780 kB
NFS_Unstable:          0 kB
Bounce:                0 kB
WritebackTmp:          0 kB
CommitLimit:     2496364 kB
Committed_AS:   82554648 kB
VmallocTotal:     385024 kB
VmallocUsed:      151812 kB
VmallocChunk:      65604 kB
Time pass: 144 sec

---2015-12-18 17:09:26
MemTotal:        2895588 kB
MemFree:          375592 kB
Buffers:           15016 kB
Cached:          1206736 kB
SwapCached:            0 kB
Active:           760552 kB
Inactive:        1081544 kB
Active(anon):     282556 kB
Inactive(anon):   342348 kB
Active(file):     477996 kB
Inactive(file):   739196 kB
Unevictable:        2968 kB
Mlocked:               0 kB
HighTotal:       2306432 kB
HighFree:         244572 kB
LowTotal:         589156 kB
LowFree:          131020 kB
SwapTotal:       1048572 kB
SwapFree:        1048572 kB
Dirty:                52 kB
Writeback:             0 kB
AnonPages:        623736 kB
Mapped:           389472 kB
Shmem:              1584 kB
Slab:              54900 kB
SReclaimable:      20212 kB
SUnreclaim:        34688 kB
KernelStack:       12464 kB
PageTables:        37824 kB
NFS_Unstable:          0 kB
Bounce:                0 kB
WritebackTmp:          0 kB
CommitLimit:     2496364 kB
Committed_AS:   82554860 kB
VmallocTotal:     385024 kB
VmallocUsed:      151812 kB
VmallocChunk:      65604 kB
Time pass: 148 sec

---2015-12-18 17:09:26
MemTotal:        2895588 kB
MemFree:          375108 kB
Buffers:           15016 kB
Cached:          1206736 kB
SwapCached:            0 kB
Active:           760516 kB
Inactive:        1081552 kB
Active(anon):     282520 kB
Inactive(anon):   342348 kB
Active(file):     477996 kB
Inactive(file):   739204 kB
Unevictable:        2968 kB
Mlocked:               0 kB
HighTotal:       2306432 kB
HighFree:         244148 kB
LowTotal:         589156 kB
LowFree:          130960 kB
SwapTotal:       1048572 kB
SwapFree:        1048572 kB
Dirty:                 0 kB
Writeback:             0 kB
AnonPages:        623880 kB
Mapped:           389472 kB
Shmem:              1584 kB
Slab:              54948 kB
SReclaimable:      20212 kB
SUnreclaim:        34736 kB
KernelStack:       12464 kB
PageTables:        37828 kB
NFS_Unstable:          0 kB
Bounce:                0 kB
WritebackTmp:          0 kB
CommitLimit:     2496364 kB
Committed_AS:   82554992 kB
VmallocTotal:     385024 kB
VmallocUsed:      151812 kB
VmallocChunk:      65604 kB
Time pass: 151 sec

---2015-12-18 17:09:26
MemTotal:        2895588 kB
MemFree:          374620 kB
Buffers:           15024 kB
Cached:          1206736 kB
SwapCached:            0 kB
Active:           760784 kB
Inactive:        1081552 kB
Active(anon):     282788 kB
Inactive(anon):   342348 kB
Active(file):     477996 kB
Inactive(file):   739204 kB
Unevictable:        2968 kB
Mlocked:               0 kB
HighTotal:       2306432 kB
HighFree:         243724 kB
LowTotal:         589156 kB
LowFree:          130896 kB
SwapTotal:       1048572 kB
SwapFree:        1048572 kB
Dirty:                12 kB
Writeback:             0 kB
AnonPages:        624272 kB
Mapped:           389524 kB
Shmem:              1584 kB
Slab:              54924 kB
SReclaimable:      20212 kB
SUnreclaim:        34712 kB
KernelStack:       12464 kB
PageTables:        37848 kB
NFS_Unstable:          0 kB
Bounce:                0 kB
WritebackTmp:          0 kB
CommitLimit:     2496364 kB
Committed_AS:   82555072 kB
VmallocTotal:     385024 kB
VmallocUsed:      151812 kB
VmallocChunk:      65604 kB
Time pass: 155 sec

---2015-12-18 17:09:26
MemTotal:        2895588 kB
MemFree:          374376 kB
Buffers:           15024 kB
Cached:          1206736 kB
SwapCached:            0 kB
Active:           760948 kB
Inactive:        1081556 kB
Active(anon):     282952 kB
Inactive(anon):   342344 kB
Active(file):     477996 kB
Inactive(file):   739212 kB
Unevictable:        2968 kB
Mlocked:               0 kB
HighTotal:       2306432 kB
HighFree:         243300 kB
LowTotal:         589156 kB
LowFree:          131076 kB
SwapTotal:       1048572 kB
SwapFree:        1048572 kB
Dirty:                 0 kB
Writeback:             0 kB
AnonPages:        624276 kB
Mapped:           389576 kB
Shmem:              1584 kB
Slab:              54924 kB
SReclaimable:      20212 kB
SUnreclaim:        34712 kB
KernelStack:       12456 kB
PageTables:        37868 kB
NFS_Unstable:          0 kB
Bounce:                0 kB
WritebackTmp:          0 kB
CommitLimit:     2496364 kB
Committed_AS:   82555264 kB
VmallocTotal:     385024 kB
VmallocUsed:      151812 kB
VmallocChunk:      65604 kB
Time pass: 158 sec

---2015-12-18 17:09:26
MemTotal:        2895588 kB
MemFree:          374096 kB
Buffers:           15024 kB
Cached:          1206736 kB
SwapCached:            0 kB
Active:           761236 kB
Inactive:        1081556 kB
Active(anon):     283240 kB
Inactive(anon):   342344 kB
Active(file):     477996 kB
Inactive(file):   739212 kB
Unevictable:        2968 kB
Mlocked:               0 kB
HighTotal:       2306432 kB
HighFree:         243052 kB
LowTotal:         589156 kB
LowFree:          131044 kB
SwapTotal:       1048572 kB
SwapFree:        1048572 kB
Dirty:                 0 kB
Writeback:             0 kB
AnonPages:        624620 kB
Mapped:           389576 kB
Shmem:              1584 kB
Slab:              54924 kB
SReclaimable:      20212 kB
SUnreclaim:        34712 kB
KernelStack:       12456 kB
PageTables:        37868 kB
NFS_Unstable:          0 kB
Bounce:                0 kB
WritebackTmp:          0 kB
CommitLimit:     2496364 kB
Committed_AS:   82555408 kB
VmallocTotal:     385024 kB
VmallocUsed:      151812 kB
VmallocChunk:      65604 kB
Time pass: 162 sec

---2015-12-18 17:09:26
MemTotal:        2895588 kB
MemFree:          366084 kB
Buffers:           15032 kB
Cached:          1206728 kB
SwapCached:            0 kB
Active:           771892 kB
Inactive:        1080772 kB
Active(anon):     293112 kB
Inactive(anon):   342344 kB
Active(file):     478780 kB
Inactive(file):   738428 kB
Unevictable:        2968 kB
Mlocked:               0 kB
HighTotal:       2306432 kB
HighFree:         235820 kB
LowTotal:         589156 kB
LowFree:          130264 kB
SwapTotal:       1048572 kB
SwapFree:        1048572 kB
Dirty:               584 kB
Writeback:             0 kB
AnonPages:        634128 kB
Mapped:           405668 kB
Shmem:              1584 kB
Slab:              54884 kB
SReclaimable:      20212 kB
SUnreclaim:        34672 kB
KernelStack:       12496 kB
PageTables:        38352 kB
NFS_Unstable:          0 kB
Bounce:                0 kB
WritebackTmp:          0 kB
CommitLimit:     2496364 kB
Committed_AS:   83849752 kB
VmallocTotal:     385024 kB
VmallocUsed:      152784 kB
VmallocChunk:      65604 kB
Time pass: 166 sec

---2015-12-18 17:09:26
MemTotal:        2895588 kB
MemFree:          211660 kB
Buffers:           15064 kB
Cached:          1209408 kB
SwapCached:            0 kB
Active:           793508 kB
Inactive:        1082224 kB
Active(anon):     313540 kB
Inactive(anon):   342404 kB
Active(file):     479968 kB
Inactive(file):   739820 kB
Unevictable:        2968 kB
Mlocked:               0 kB
HighTotal:       2306432 kB
HighFree:          82220 kB
LowTotal:         589156 kB
LowFree:          129440 kB
SwapTotal:       1048572 kB
SwapFree:        1048572 kB
Dirty:              1768 kB
Writeback:             0 kB
AnonPages:        654324 kB
Mapped:           421284 kB
Shmem:              1716 kB
Slab:              54908 kB
SReclaimable:      20224 kB
SUnreclaim:        34684 kB
KernelStack:       13200 kB
PageTables:        38996 kB
NFS_Unstable:          0 kB
Bounce:                0 kB
WritebackTmp:          0 kB
CommitLimit:     2496364 kB
Committed_AS:   83891516 kB
VmallocTotal:     385024 kB
VmallocUsed:      153660 kB
VmallocChunk:      65604 kB
Time pass: 169 sec

---2015-12-18 17:09:26
MemTotal:        2895588 kB
MemFree:          147916 kB
Buffers:           15080 kB
Cached:          1210696 kB
SwapCached:            0 kB
Active:           808548 kB
Inactive:        1081604 kB
Active(anon):     326808 kB
Inactive(anon):   342264 kB
Active(file):     481740 kB
Inactive(file):   739340 kB
Unevictable:        2968 kB
Mlocked:               0 kB
HighTotal:       2306432 kB
HighFree:          37792 kB
LowTotal:         589156 kB
LowFree:          110124 kB
SwapTotal:       1048572 kB
SwapFree:        1048572 kB
Dirty:              1700 kB
Writeback:             0 kB
AnonPages:        667592 kB
Mapped:           425792 kB
Shmem:              1716 kB
Slab:              54948 kB
SReclaimable:      20236 kB
SUnreclaim:        34712 kB
KernelStack:       13232 kB
PageTables:        39172 kB
NFS_Unstable:          0 kB
Bounce:                0 kB
WritebackTmp:          0 kB
CommitLimit:     2496364 kB
Committed_AS:   83900280 kB
VmallocTotal:     385024 kB
VmallocUsed:      153980 kB
VmallocChunk:      65604 kB
Time pass: 173 sec

---2015-12-18 17:09:26
MemTotal:        2895588 kB
MemFree:          149220 kB
Buffers:           15088 kB
Cached:          1210716 kB
SwapCached:            0 kB
Active:           807776 kB
Inactive:        1081564 kB
Active(anon):     326016 kB
Inactive(anon):   342236 kB
Active(file):     481760 kB
Inactive(file):   739328 kB
Unevictable:        2968 kB
Mlocked:               0 kB
HighTotal:       2306432 kB
HighFree:          38536 kB
LowTotal:         589156 kB
LowFree:          110684 kB
SwapTotal:       1048572 kB
SwapFree:        1048572 kB
Dirty:                92 kB
Writeback:             0 kB
AnonPages:        666848 kB
Mapped:           425840 kB
Shmem:              1716 kB
Slab:              54916 kB
SReclaimable:      20236 kB
SUnreclaim:        34680 kB
KernelStack:       13232 kB
PageTables:        38956 kB
NFS_Unstable:          0 kB
Bounce:                0 kB
WritebackTmp:          0 kB
CommitLimit:     2496364 kB
Committed_AS:   83900632 kB
VmallocTotal:     385024 kB
VmallocUsed:      153944 kB
VmallocChunk:      65604 kB
Time pass: 176 sec

---2015-12-18 17:09:26
MemTotal:        2895588 kB
MemFree:          145764 kB
Buffers:           15088 kB
Cached:          1210736 kB
SwapCached:            0 kB
Active:           810744 kB
Inactive:        1081580 kB
Active(anon):     328980 kB
Inactive(anon):   342212 kB
Active(file):     481764 kB
Inactive(file):   739368 kB
Unevictable:        2968 kB
Mlocked:               0 kB
HighTotal:       2306432 kB
HighFree:          38164 kB
LowTotal:         589156 kB
LowFree:          107600 kB
SwapTotal:       1048572 kB
SwapFree:        1048572 kB
Dirty:               124 kB
Writeback:             0 kB
AnonPages:        669668 kB
Mapped:           425808 kB
Shmem:              1716 kB
Slab:              54912 kB
SReclaimable:      20236 kB
SUnreclaim:        34676 kB
KernelStack:       13232 kB
PageTables:        38936 kB
NFS_Unstable:          0 kB
Bounce:                0 kB
WritebackTmp:          0 kB
CommitLimit:     2496364 kB
Committed_AS:   83900812 kB
VmallocTotal:     385024 kB
VmallocUsed:      153960 kB
VmallocChunk:      65604 kB
Time pass: 180 sec

---2015-12-18 17:09:26
MemTotal:        2895588 kB
MemFree:          145444 kB
Buffers:           15096 kB
Cached:          1210896 kB
SwapCached:            0 kB
Active:           810944 kB
Inactive:        1081516 kB
Active(anon):     328944 kB
Inactive(anon):   342212 kB
Active(file):     482000 kB
Inactive(file):   739304 kB
Unevictable:        2968 kB
Mlocked:               0 kB
HighTotal:       2306432 kB
HighFree:          38164 kB
LowTotal:         589156 kB
LowFree:          107280 kB
SwapTotal:       1048572 kB
SwapFree:        1048572 kB
Dirty:               248 kB
Writeback:             0 kB
AnonPages:        669608 kB
Mapped:           425908 kB
Shmem:              1716 kB
Slab:              54920 kB
SReclaimable:      20244 kB
SUnreclaim:        34676 kB
KernelStack:       13232 kB
PageTables:        38956 kB
NFS_Unstable:          0 kB
Bounce:                0 kB
WritebackTmp:          0 kB
CommitLimit:     2496364 kB
Committed_AS:   83900980 kB
VmallocTotal:     385024 kB
VmallocUsed:      153960 kB
VmallocChunk:      65604 kB
Time pass: 184 sec

---2015-12-18 17:09:26
MemTotal:        2895588 kB
MemFree:          109152 kB
Buffers:           15104 kB
Cached:          1210916 kB
SwapCached:            0 kB
Active:           815728 kB
Inactive:        1081512 kB
Active(anon):     333700 kB
Inactive(anon):   342212 kB
Active(file):     482028 kB
Inactive(file):   739300 kB
Unevictable:        2968 kB
Mlocked:               0 kB
HighTotal:       2306432 kB
HighFree:          38040 kB
LowTotal:         589156 kB
LowFree:           71112 kB
SwapTotal:       1048572 kB
SwapFree:        1048572 kB
Dirty:               588 kB
Writeback:             0 kB
AnonPages:        674636 kB
Mapped:           426028 kB
Shmem:              1716 kB
Slab:              54924 kB
SReclaimable:      20248 kB
SUnreclaim:        34676 kB
KernelStack:       13184 kB
PageTables:        38940 kB
NFS_Unstable:          0 kB
Bounce:                0 kB
WritebackTmp:          0 kB
CommitLimit:     2496364 kB
Committed_AS:   83909932 kB
VmallocTotal:     385024 kB
VmallocUsed:      154352 kB
VmallocChunk:      65604 kB
Time pass: 187 sec

---2015-12-18 17:09:26
MemTotal:        2895588 kB
MemFree:          108428 kB
Buffers:           15104 kB
Cached:          1210916 kB
SwapCached:            0 kB
Active:           815224 kB
Inactive:        1081508 kB
Active(anon):     333196 kB
Inactive(anon):   342200 kB
Active(file):     482028 kB
Inactive(file):   739308 kB
Unevictable:        2968 kB
Mlocked:               0 kB
HighTotal:       2306432 kB
HighFree:          38700 kB
LowTotal:         589156 kB
LowFree:           69728 kB
SwapTotal:       1048572 kB
SwapFree:        1048572 kB
Dirty:                 0 kB
Writeback:             0 kB
AnonPages:        673652 kB
Mapped:           426040 kB
Shmem:              1716 kB
Slab:              54924 kB
SReclaimable:      20248 kB
SUnreclaim:        34676 kB
KernelStack:       13184 kB
PageTables:        38884 kB
NFS_Unstable:          0 kB
Bounce:                0 kB
WritebackTmp:          0 kB
CommitLimit:     2496364 kB
Committed_AS:   83909052 kB
VmallocTotal:     385024 kB
VmallocUsed:      154340 kB
VmallocChunk:      65604 kB
Time pass: 191 sec

---2015-12-18 17:09:26
MemTotal:        2895588 kB
MemFree:          108092 kB
Buffers:           15112 kB
Cached:          1210916 kB
SwapCached:            0 kB
Active:           814656 kB
Inactive:        1081476 kB
Active(anon):     332628 kB
Inactive(anon):   342160 kB
Active(file):     482028 kB
Inactive(file):   739316 kB
Unevictable:        2968 kB
Mlocked:               0 kB
HighTotal:       2306432 kB
HighFree:          38412 kB
LowTotal:         589156 kB
LowFree:           69680 kB
SwapTotal:       1048572 kB
SwapFree:        1048572 kB
Dirty:                36 kB
Writeback:             0 kB
AnonPages:        673324 kB
Mapped:           426028 kB
Shmem:              1716 kB
Slab:              54940 kB
SReclaimable:      20248 kB
SUnreclaim:        34692 kB
KernelStack:       13200 kB
PageTables:        38936 kB
NFS_Unstable:          0 kB
Bounce:                0 kB
WritebackTmp:          0 kB
CommitLimit:     2496364 kB
Committed_AS:   83909148 kB
VmallocTotal:     385024 kB
VmallocUsed:      154340 kB
VmallocChunk:      65604 kB
Time pass: 194 sec

---2015-12-18 17:09:26
MemTotal:        2895588 kB
MemFree:          106936 kB
Buffers:           15120 kB
Cached:          1211560 kB
SwapCached:            0 kB
Active:           815816 kB
Inactive:        1082104 kB
Active(anon):     333776 kB
Inactive(anon):   342148 kB
Active(file):     482040 kB
Inactive(file):   739956 kB
Unevictable:        2968 kB
Mlocked:               0 kB
HighTotal:       2306432 kB
HighFree:          38412 kB
LowTotal:         589156 kB
LowFree:           68524 kB
SwapTotal:       1048572 kB
SwapFree:        1048572 kB
Dirty:                24 kB
Writeback:             0 kB
AnonPages:        674356 kB
Mapped:           426460 kB
Shmem:              1716 kB
Slab:              54956 kB
SReclaimable:      20248 kB
SUnreclaim:        34708 kB
KernelStack:       13224 kB
PageTables:        38968 kB
NFS_Unstable:          0 kB
Bounce:                0 kB
WritebackTmp:          0 kB
CommitLimit:     2496364 kB
Committed_AS:   83909792 kB
VmallocTotal:     385024 kB
VmallocUsed:      154380 kB
VmallocChunk:      65604 kB
Time pass: 198 sec

---2015-12-18 17:09:26
MemTotal:        2895588 kB
MemFree:          101040 kB
Buffers:           15136 kB
Cached:          1211644 kB
SwapCached:            0 kB
Active:           822032 kB
Inactive:        1082136 kB
Active(anon):     339988 kB
Inactive(anon):   342160 kB
Active(file):     482044 kB
Inactive(file):   739976 kB
Unevictable:        2968 kB
Mlocked:               0 kB
HighTotal:       2306432 kB
HighFree:          42052 kB
LowTotal:         589156 kB
LowFree:           58988 kB
SwapTotal:       1048572 kB
SwapFree:        1048572 kB
Dirty:                 4 kB
Writeback:             0 kB
AnonPages:        680108 kB
Mapped:           427640 kB
Shmem:              1792 kB
Slab:              54916 kB
SReclaimable:      20248 kB
SUnreclaim:        34668 kB
KernelStack:       13368 kB
PageTables:        39064 kB
NFS_Unstable:          0 kB
Bounce:                0 kB
WritebackTmp:          0 kB
CommitLimit:     2496364 kB
Committed_AS:   83918776 kB
VmallocTotal:     385024 kB
VmallocUsed:      156512 kB
VmallocChunk:      65604 kB
Time pass: 201 sec

---2015-12-18 17:09:26
MemTotal:        2895588 kB
MemFree:           99632 kB
Buffers:           15152 kB
Cached:          1211644 kB
SwapCached:            0 kB
Active:           823100 kB
Inactive:        1082100 kB
Active(anon):     341056 kB
Inactive(anon):   342108 kB
Active(file):     482044 kB
Inactive(file):   739992 kB
Unevictable:        2968 kB
Mlocked:               0 kB
HighTotal:       2306432 kB
HighFree:          40232 kB
LowTotal:         589156 kB
LowFree:           59400 kB
SwapTotal:       1048572 kB
SwapFree:        1048572 kB
Dirty:                72 kB
Writeback:             0 kB
AnonPages:        681436 kB
Mapped:           427640 kB
Shmem:              1792 kB
Slab:              54924 kB
SReclaimable:      20248 kB
SUnreclaim:        34676 kB
KernelStack:       13352 kB
PageTables:        39056 kB
NFS_Unstable:          0 kB
Bounce:                0 kB
WritebackTmp:          0 kB
CommitLimit:     2496364 kB
Committed_AS:   83918900 kB
VmallocTotal:     385024 kB
VmallocUsed:      156572 kB
VmallocChunk:      65604 kB
Time pass: 205 sec

---2015-12-18 17:09:26
MemTotal:        2895588 kB
MemFree:           97556 kB
Buffers:           15168 kB
Cached:          1211664 kB
SwapCached:            0 kB
Active:           824088 kB
Inactive:        1082136 kB
Active(anon):     342044 kB
Inactive(anon):   342128 kB
Active(file):     482044 kB
Inactive(file):   740008 kB
Unevictable:        2968 kB
Mlocked:               0 kB
HighTotal:       2306432 kB
HighFree:          38204 kB
LowTotal:         589156 kB
LowFree:           59352 kB
SwapTotal:       1048572 kB
SwapFree:        1048572 kB
Dirty:                44 kB
Writeback:             0 kB
AnonPages:        682620 kB
Mapped:           427712 kB
Shmem:              1812 kB
Slab:              54924 kB
SReclaimable:      20248 kB
SUnreclaim:        34676 kB
KernelStack:       13352 kB
PageTables:        39076 kB
NFS_Unstable:          0 kB
Bounce:                0 kB
WritebackTmp:          0 kB
CommitLimit:     2496364 kB
Committed_AS:   83919152 kB
VmallocTotal:     385024 kB
VmallocUsed:      156572 kB
VmallocChunk:      65604 kB
Time pass: 208 sec

---2015-12-18 17:09:26
MemTotal:        2895588 kB
MemFree:           95804 kB
Buffers:           15176 kB
Cached:          1211660 kB
SwapCached:            0 kB
Active:           825856 kB
Inactive:        1082140 kB
Active(anon):     343812 kB
Inactive(anon):   342132 kB
Active(file):     482044 kB
Inactive(file):   740008 kB
Unevictable:        2968 kB
Mlocked:               0 kB
HighTotal:       2306432 kB
HighFree:          38040 kB
LowTotal:         589156 kB
LowFree:           57764 kB
SwapTotal:       1048572 kB
SwapFree:        1048572 kB
Dirty:                 0 kB
Writeback:             0 kB
AnonPages:        684780 kB
Mapped:           427716 kB
Shmem:              1816 kB
Slab:              54916 kB
SReclaimable:      20248 kB
SUnreclaim:        34668 kB
KernelStack:       13352 kB
PageTables:        39076 kB
NFS_Unstable:          0 kB
Bounce:                0 kB
WritebackTmp:          0 kB
CommitLimit:     2496364 kB
Committed_AS:   83919272 kB
VmallocTotal:     385024 kB
VmallocUsed:      156572 kB
VmallocChunk:      65604 kB
Time pass: 212 sec

---2015-12-18 17:09:26
MemTotal:        2895588 kB
MemFree:           94088 kB
Buffers:           15192 kB
Cached:          1211800 kB
SwapCached:            0 kB
Active:           827192 kB
Inactive:        1082292 kB
Active(anon):     345148 kB
Inactive(anon):   342236 kB
Active(file):     482044 kB
Inactive(file):   740056 kB
Unevictable:        2968 kB
Mlocked:               0 kB
HighTotal:       2306432 kB
HighFree:          38164 kB
LowTotal:         589156 kB
LowFree:           55924 kB
SwapTotal:       1048572 kB
SwapFree:        1048572 kB
Dirty:                60 kB
Writeback:             0 kB
AnonPages:        685668 kB
Mapped:           427768 kB
Shmem:              1920 kB
Slab:              54980 kB
SReclaimable:      20248 kB
SUnreclaim:        34732 kB
KernelStack:       13352 kB
PageTables:        39112 kB
NFS_Unstable:          0 kB
Bounce:                0 kB
WritebackTmp:          0 kB
CommitLimit:     2496364 kB
Committed_AS:   83919368 kB
VmallocTotal:     385024 kB
VmallocUsed:      156532 kB
VmallocChunk:      65604 kB
Time pass: 216 sec

---2015-12-18 17:09:26
MemTotal:        2895588 kB
MemFree:           93868 kB
Buffers:           15192 kB
Cached:          1211804 kB
SwapCached:            0 kB
Active:           827592 kB
Inactive:        1082204 kB
Active(anon):     345548 kB
Inactive(anon):   342148 kB
Active(file):     482044 kB
Inactive(file):   740056 kB
Unevictable:        2968 kB
Mlocked:               0 kB
HighTotal:       2306432 kB
HighFree:          38380 kB
LowTotal:         589156 kB
LowFree:           55488 kB
SwapTotal:       1048572 kB
SwapFree:        1048572 kB
Dirty:                 4 kB
Writeback:             0 kB
AnonPages:        685508 kB
Mapped:           427772 kB
Shmem:              1924 kB
Slab:              55056 kB
SReclaimable:      20296 kB
SUnreclaim:        34760 kB
KernelStack:       13352 kB
PageTables:        39136 kB
NFS_Unstable:          0 kB
Bounce:                0 kB
WritebackTmp:          0 kB
CommitLimit:     2496364 kB
Committed_AS:   83919672 kB
VmallocTotal:     385024 kB
VmallocUsed:      156532 kB
VmallocChunk:      65604 kB
Time pass: 219 sec

---2015-12-18 17:09:26
MemTotal:        2895588 kB
MemFree:           92668 kB
Buffers:           15216 kB
Cached:          1211808 kB
SwapCached:            0 kB
Active:           828104 kB
Inactive:        1082220 kB
Active(anon):     346060 kB
Inactive(anon):   342152 kB
Active(file):     482044 kB
Inactive(file):   740068 kB
Unevictable:        2968 kB
Mlocked:               0 kB
HighTotal:       2306432 kB
HighFree:          38164 kB
LowTotal:         589156 kB
LowFree:           54504 kB
SwapTotal:       1048572 kB
SwapFree:        1048572 kB
Dirty:                68 kB
Writeback:             0 kB
AnonPages:        686348 kB
Mapped:           427776 kB
Shmem:              1928 kB
Slab:              55056 kB
SReclaimable:      20296 kB
SUnreclaim:        34760 kB
KernelStack:       13352 kB
PageTables:        39132 kB
NFS_Unstable:          0 kB
Bounce:                0 kB
WritebackTmp:          0 kB
CommitLimit:     2496364 kB
Committed_AS:   83919784 kB
VmallocTotal:     385024 kB
VmallocUsed:      156532 kB
VmallocChunk:      65604 kB
Time pass: 223 sec

---2015-12-18 17:09:26
MemTotal:        2895588 kB
MemFree:           92300 kB
Buffers:           15216 kB
Cached:          1211808 kB
SwapCached:            0 kB
Active:           827980 kB
Inactive:        1082236 kB
Active(anon):     345940 kB
Inactive(anon):   342148 kB
Active(file):     482040 kB
Inactive(file):   740088 kB
Unevictable:        2968 kB
Mlocked:               0 kB
HighTotal:       2306432 kB
HighFree:          38112 kB
LowTotal:         589156 kB
LowFree:           54188 kB
SwapTotal:       1048572 kB
SwapFree:        1048572 kB
Dirty:                72 kB
Writeback:             0 kB
AnonPages:        686188 kB
Mapped:           427776 kB
Shmem:              1928 kB
Slab:              55056 kB
SReclaimable:      20296 kB
SUnreclaim:        34760 kB
KernelStack:       13352 kB
PageTables:        39112 kB
NFS_Unstable:          0 kB
Bounce:                0 kB
WritebackTmp:          0 kB
CommitLimit:     2496364 kB
Committed_AS:   83920464 kB
VmallocTotal:     385024 kB
VmallocUsed:      156532 kB
VmallocChunk:      65604 kB
Time pass: 226 sec

---2015-12-18 17:09:26
MemTotal:        2895588 kB
MemFree:           93788 kB
Buffers:           15232 kB
Cached:          1211852 kB
SwapCached:            0 kB
Active:           827488 kB
Inactive:        1082292 kB
Active(anon):     345448 kB
Inactive(anon):   342188 kB
Active(file):     482040 kB
Inactive(file):   740104 kB
Unevictable:        2968 kB
Mlocked:               0 kB
HighTotal:       2306432 kB
HighFree:          38236 kB
LowTotal:         589156 kB
LowFree:           55552 kB
SwapTotal:       1048572 kB
SwapFree:        1048572 kB
Dirty:                60 kB
Writeback:             0 kB
AnonPages:        685820 kB
Mapped:           427820 kB
Shmem:              1972 kB
Slab:              55056 kB
SReclaimable:      20296 kB
SUnreclaim:        34760 kB
KernelStack:       13336 kB
PageTables:        39112 kB
NFS_Unstable:          0 kB
Bounce:                0 kB
WritebackTmp:          0 kB
CommitLimit:     2496364 kB
Committed_AS:   83920608 kB
VmallocTotal:     385024 kB
VmallocUsed:      156532 kB
VmallocChunk:      65604 kB
Time pass: 230 sec

---2015-12-18 17:09:26
MemTotal:        2895588 kB
MemFree:           93072 kB
Buffers:           15240 kB
Cached:          1211852 kB
SwapCached:            0 kB
Active:           827584 kB
Inactive:        1082296 kB
Active(anon):     345544 kB
Inactive(anon):   342188 kB
Active(file):     482040 kB
Inactive(file):   740108 kB
Unevictable:        2968 kB
Mlocked:               0 kB
HighTotal:       2306432 kB
HighFree:          38040 kB
LowTotal:         589156 kB
LowFree:           55032 kB
SwapTotal:       1048572 kB
SwapFree:        1048572 kB
Dirty:                56 kB
Writeback:             0 kB
AnonPages:        685572 kB
Mapped:           427872 kB
Shmem:              1972 kB
Slab:              55056 kB
SReclaimable:      20296 kB
SUnreclaim:        34760 kB
KernelStack:       13336 kB
PageTables:        39132 kB
NFS_Unstable:          0 kB
Bounce:                0 kB
WritebackTmp:          0 kB
CommitLimit:     2496364 kB
Committed_AS:   83920808 kB
VmallocTotal:     385024 kB
VmallocUsed:      156532 kB
VmallocChunk:      65604 kB
Time pass: 233 sec

---2015-12-18 17:09:26
MemTotal:        2895588 kB
MemFree:           93320 kB
Buffers:           15256 kB
Cached:          1211860 kB
SwapCached:            0 kB
Active:           827920 kB
Inactive:        1082316 kB
Active(anon):     345880 kB
Inactive(anon):   342192 kB
Active(file):     482040 kB
Inactive(file):   740124 kB
Unevictable:        2968 kB
Mlocked:               0 kB
HighTotal:       2306432 kB
HighFree:          38288 kB
LowTotal:         589156 kB
LowFree:           55032 kB
SwapTotal:       1048572 kB
SwapFree:        1048572 kB
Dirty:                 0 kB
Writeback:             0 kB
AnonPages:        686004 kB
Mapped:           427828 kB
Shmem:              1980 kB
Slab:              55060 kB
SReclaimable:      20296 kB
SUnreclaim:        34764 kB
KernelStack:       13336 kB
PageTables:        39112 kB
NFS_Unstable:          0 kB
Bounce:                0 kB
WritebackTmp:          0 kB
CommitLimit:     2496364 kB
Committed_AS:   83921060 kB
VmallocTotal:     385024 kB
VmallocUsed:      156532 kB
VmallocChunk:      65604 kB
Time pass: 237 sec

---2015-12-18 17:09:26
MemTotal:        2895588 kB
MemFree:           92352 kB
Buffers:           15264 kB
Cached:          1211860 kB
SwapCached:            0 kB
Active:           828144 kB
Inactive:        1082276 kB
Active(anon):     346104 kB
Inactive(anon):   342140 kB
Active(file):     482040 kB
Inactive(file):   740136 kB
Unevictable:        2968 kB
Mlocked:               0 kB
HighTotal:       2306432 kB
HighFree:          38536 kB
LowTotal:         589156 kB
LowFree:           53816 kB
SwapTotal:       1048572 kB
SwapFree:        1048572 kB
Dirty:                44 kB
Writeback:             0 kB
AnonPages:        686688 kB
Mapped:           427880 kB
Shmem:              1980 kB
Slab:              55060 kB
SReclaimable:      20296 kB
SUnreclaim:        34764 kB
KernelStack:       13336 kB
PageTables:        39132 kB
NFS_Unstable:          0 kB
Bounce:                0 kB
WritebackTmp:          0 kB
CommitLimit:     2496364 kB
Committed_AS:   83921168 kB
VmallocTotal:     385024 kB
VmallocUsed:      156532 kB
VmallocChunk:      65604 kB
Time pass: 240 sec

---2015-12-18 17:09:26
MemTotal:        2895588 kB
MemFree:           92408 kB
Buffers:           15280 kB
Cached:          1211860 kB
SwapCached:            0 kB
Active:           828396 kB
Inactive:        1082308 kB
Active(anon):     346372 kB
Inactive(anon):   342140 kB
Active(file):     482024 kB
Inactive(file):   740168 kB
Unevictable:        2968 kB
Mlocked:               0 kB
HighTotal:       2306432 kB
HighFree:          38772 kB
LowTotal:         589156 kB
LowFree:           53636 kB
SwapTotal:       1048572 kB
SwapFree:        1048572 kB
Dirty:                88 kB
Writeback:             0 kB
AnonPages:        686700 kB
Mapped:           427828 kB
Shmem:              1980 kB
Slab:              55064 kB
SReclaimable:      20296 kB
SUnreclaim:        34768 kB
KernelStack:       13336 kB
PageTables:        39112 kB
NFS_Unstable:          0 kB
Bounce:                0 kB
WritebackTmp:          0 kB
CommitLimit:     2496364 kB
Committed_AS:   83921232 kB
VmallocTotal:     385024 kB
VmallocUsed:      156532 kB
VmallocChunk:      65604 kB
Time pass: 244 sec

---2015-12-18 17:09:26
MemTotal:        2895588 kB
MemFree:           91936 kB
Buffers:           15296 kB
Cached:          1212008 kB
SwapCached:            0 kB
Active:           829364 kB
Inactive:        1082468 kB
Active(anon):     347340 kB
Inactive(anon):   342288 kB
Active(file):     482024 kB
Inactive(file):   740180 kB
Unevictable:        2968 kB
Mlocked:               0 kB
HighTotal:       2306432 kB
HighFree:          39092 kB
LowTotal:         589156 kB
LowFree:           52844 kB
SwapTotal:       1048572 kB
SwapFree:        1048572 kB
Dirty:                64 kB
Writeback:             0 kB
AnonPages:        687584 kB
Mapped:           427976 kB
Shmem:              2128 kB
Slab:              55064 kB
SReclaimable:      20296 kB
SUnreclaim:        34768 kB
KernelStack:       13336 kB
PageTables:        39112 kB
NFS_Unstable:          0 kB
Bounce:                0 kB
WritebackTmp:          0 kB
CommitLimit:     2496364 kB
Committed_AS:   83921500 kB
VmallocTotal:     385024 kB
VmallocUsed:      156532 kB
VmallocChunk:      65604 kB
Time pass: 248 sec

---2015-12-18 17:09:26
MemTotal:        2895588 kB
MemFree:           90480 kB
Buffers:           15296 kB
Cached:          1212008 kB
SwapCached:            0 kB
Active:           829700 kB
Inactive:        1082468 kB
Active(anon):     347676 kB
Inactive(anon):   342288 kB
Active(file):     482024 kB
Inactive(file):   740180 kB
Unevictable:        2968 kB
Mlocked:               0 kB
HighTotal:       2306432 kB
HighFree:          38164 kB
LowTotal:         589156 kB
LowFree:           52316 kB
SwapTotal:       1048572 kB
SwapFree:        1048572 kB
Dirty:                68 kB
Writeback:             0 kB
AnonPages:        688208 kB
Mapped:           428028 kB
Shmem:              2128 kB
Slab:              55068 kB
SReclaimable:      20296 kB
SUnreclaim:        34772 kB
KernelStack:       13336 kB
PageTables:        39132 kB
NFS_Unstable:          0 kB
Bounce:                0 kB
WritebackTmp:          0 kB
CommitLimit:     2496364 kB
Committed_AS:   83921548 kB
VmallocTotal:     385024 kB
VmallocUsed:      156532 kB
VmallocChunk:      65604 kB
Time pass: 251 sec

---2015-12-18 17:09:26
MemTotal:        2895588 kB
MemFree:           91208 kB
Buffers:           15320 kB
Cached:          1211996 kB
SwapCached:            0 kB
Active:           829348 kB
Inactive:        1082480 kB
Active(anon):     347324 kB
Inactive(anon):   342292 kB
Active(file):     482024 kB
Inactive(file):   740188 kB
Unevictable:        2968 kB
Mlocked:               0 kB
HighTotal:       2306432 kB
HighFree:          39444 kB
LowTotal:         589156 kB
LowFree:           51764 kB
SwapTotal:       1048572 kB
SwapFree:        1048572 kB
Dirty:                44 kB
Writeback:             0 kB
AnonPages:        687580 kB
Mapped:           428032 kB
Shmem:              2132 kB
Slab:              55092 kB
SReclaimable:      20300 kB
SUnreclaim:        34792 kB
KernelStack:       13336 kB
PageTables:        39132 kB
NFS_Unstable:          0 kB
Bounce:                0 kB
WritebackTmp:          0 kB
CommitLimit:     2496364 kB
Committed_AS:   83921672 kB
VmallocTotal:     385024 kB
VmallocUsed:      156532 kB
VmallocChunk:      65604 kB
Time pass: 255 sec

---2015-12-18 17:09:26
MemTotal:        2895588 kB
MemFree:           92124 kB
Buffers:           15320 kB
Cached:          1212012 kB
SwapCached:            0 kB
Active:           828776 kB
Inactive:        1082304 kB
Active(anon):     346752 kB
Inactive(anon):   342096 kB
Active(file):     482024 kB
Inactive(file):   740208 kB
Unevictable:        2968 kB
Mlocked:               0 kB
HighTotal:       2306432 kB
HighFree:          38236 kB
LowTotal:         589156 kB
LowFree:           53888 kB
SwapTotal:       1048572 kB
SwapFree:        1048572 kB
Dirty:                 4 kB
Writeback:             0 kB
AnonPages:        686856 kB
Mapped:           427928 kB
Shmem:              2132 kB
Slab:              55076 kB
SReclaimable:      20300 kB
SUnreclaim:        34776 kB
KernelStack:       13344 kB
PageTables:        39128 kB
NFS_Unstable:          0 kB
Bounce:                0 kB
WritebackTmp:          0 kB
CommitLimit:     2496364 kB
Committed_AS:   83913476 kB
VmallocTotal:     385024 kB
VmallocUsed:      156532 kB
VmallocChunk:      65604 kB
Time pass: 258 sec

---2015-12-18 17:09:26
MemTotal:        2895588 kB
MemFree:           91080 kB
Buffers:           15328 kB
Cached:          1212028 kB
SwapCached:            0 kB
Active:           828904 kB
Inactive:        1082320 kB
Active(anon):     346880 kB
Inactive(anon):   342104 kB
Active(file):     482024 kB
Inactive(file):   740216 kB
Unevictable:        2968 kB
Mlocked:               0 kB
HighTotal:       2306432 kB
HighFree:          38360 kB
LowTotal:         589156 kB
LowFree:           52720 kB
SwapTotal:       1048572 kB
SwapFree:        1048572 kB
Dirty:                36 kB
Writeback:             0 kB
AnonPages:        687304 kB
Mapped:           427992 kB
Shmem:              2148 kB
Slab:              55080 kB
SReclaimable:      20300 kB
SUnreclaim:        34780 kB
KernelStack:       13328 kB
PageTables:        39096 kB
NFS_Unstable:          0 kB
Bounce:                0 kB
WritebackTmp:          0 kB
CommitLimit:     2496364 kB
Committed_AS:   83913548 kB
VmallocTotal:     385024 kB
VmallocUsed:      156532 kB
VmallocChunk:      65604 kB
Time pass: 262 sec

---2015-12-18 17:09:26
MemTotal:        2895588 kB
MemFree:           92044 kB
Buffers:           15344 kB
Cached:          1212028 kB
SwapCached:            0 kB
Active:           829212 kB
Inactive:        1082332 kB
Active(anon):     347188 kB
Inactive(anon):   342100 kB
Active(file):     482024 kB
Inactive(file):   740232 kB
Unevictable:        2968 kB
Mlocked:               0 kB
HighTotal:       2306432 kB
HighFree:          38328 kB
LowTotal:         589156 kB
LowFree:           53716 kB
SwapTotal:       1048572 kB
SwapFree:        1048572 kB
Dirty:                 4 kB
Writeback:             0 kB
AnonPages:        687372 kB
Mapped:           428044 kB
Shmem:              2148 kB
Slab:              55072 kB
SReclaimable:      20300 kB
SUnreclaim:        34772 kB
KernelStack:       13328 kB
PageTables:        39120 kB
NFS_Unstable:          0 kB
Bounce:                0 kB
WritebackTmp:          0 kB
CommitLimit:     2496364 kB
Committed_AS:   83913652 kB
VmallocTotal:     385024 kB
VmallocUsed:      156532 kB
VmallocChunk:      65604 kB
Time pass: 265 sec

---2015-12-18 17:09:26
MemTotal:        2895588 kB
MemFree:           91188 kB
Buffers:           15360 kB
Cached:          1212052 kB
SwapCached:            0 kB
Active:           830056 kB
Inactive:        1082372 kB
Active(anon):     348032 kB
Inactive(anon):   342124 kB
Active(file):     482024 kB
Inactive(file):   740248 kB
Unevictable:        2968 kB
Mlocked:               0 kB
HighTotal:       2306432 kB
HighFree:          38256 kB
LowTotal:         589156 kB
LowFree:           52932 kB
SwapTotal:       1048572 kB
SwapFree:        1048572 kB
Dirty:                36 kB
Writeback:             0 kB
AnonPages:        688280 kB
Mapped:           428016 kB
Shmem:              2172 kB
Slab:              55072 kB
SReclaimable:      20300 kB
SUnreclaim:        34772 kB
KernelStack:       13328 kB
PageTables:        39100 kB
NFS_Unstable:          0 kB
Bounce:                0 kB
WritebackTmp:          0 kB
CommitLimit:     2496364 kB
Committed_AS:   83913916 kB
VmallocTotal:     385024 kB
VmallocUsed:      156532 kB
VmallocChunk:      65604 kB
Time pass: 269 sec

---2015-12-18 17:09:26
MemTotal:        2895588 kB
MemFree:           89464 kB
Buffers:           15368 kB
Cached:          1212044 kB
SwapCached:            0 kB
Active:           830480 kB
Inactive:        1082372 kB
Active(anon):     348456 kB
Inactive(anon):   342124 kB
Active(file):     482024 kB
Inactive(file):   740248 kB
Unevictable:        2968 kB
Mlocked:               0 kB
HighTotal:       2306432 kB
HighFree:          38164 kB
LowTotal:         589156 kB
LowFree:           51300 kB
SwapTotal:       1048572 kB
SwapFree:        1048572 kB
Dirty:                36 kB
Writeback:             0 kB
AnonPages:        688632 kB
Mapped:           428016 kB
Shmem:              2172 kB
Slab:              55072 kB
SReclaimable:      20300 kB
SUnreclaim:        34772 kB
KernelStack:       13328 kB
PageTables:        39100 kB
NFS_Unstable:          0 kB
Bounce:                0 kB
WritebackTmp:          0 kB
CommitLimit:     2496364 kB
Committed_AS:   83913996 kB
VmallocTotal:     385024 kB
VmallocUsed:      156532 kB
VmallocChunk:      65604 kB
Time pass: 273 sec

---2015-12-18 17:09:26
MemTotal:        2895588 kB
MemFree:           89104 kB
Buffers:           15384 kB
Cached:          1212052 kB
SwapCached:            0 kB
Active:           830792 kB
Inactive:        1082396 kB
Active(anon):     348768 kB
Inactive(anon):   342124 kB
Active(file):     482024 kB
Inactive(file):   740272 kB
Unevictable:        2968 kB
Mlocked:               0 kB
HighTotal:       2306432 kB
HighFree:          38536 kB
LowTotal:         589156 kB
LowFree:           50568 kB
SwapTotal:       1048572 kB
SwapFree:        1048572 kB
Dirty:                40 kB
Writeback:             0 kB
AnonPages:        688824 kB
Mapped:           428084 kB
Shmem:              2172 kB
Slab:              55064 kB
SReclaimable:      20300 kB
SUnreclaim:        34764 kB
KernelStack:       13328 kB
PageTables:        39120 kB
NFS_Unstable:          0 kB
Bounce:                0 kB
WritebackTmp:          0 kB
CommitLimit:     2496364 kB
Committed_AS:   83914064 kB
VmallocTotal:     385024 kB
VmallocUsed:      156532 kB
VmallocChunk:      65604 kB
Time pass: 276 sec

---2015-12-18 17:09:26
MemTotal:        2895588 kB
MemFree:           88724 kB
Buffers:           15384 kB
Cached:          1212052 kB
SwapCached:            0 kB
Active:           831476 kB
Inactive:        1082392 kB
Active(anon):     349452 kB
Inactive(anon):   342120 kB
Active(file):     482024 kB
Inactive(file):   740272 kB
Unevictable:        2968 kB
Mlocked:               0 kB
HighTotal:       2306432 kB
HighFree:          38680 kB
LowTotal:         589156 kB
LowFree:           50044 kB
SwapTotal:       1048572 kB
SwapFree:        1048572 kB
Dirty:                44 kB
Writeback:             0 kB
AnonPages:        689644 kB
Mapped:           428084 kB
Shmem:              2172 kB
Slab:              55064 kB
SReclaimable:      20300 kB
SUnreclaim:        34764 kB
KernelStack:       13328 kB
PageTables:        39120 kB
NFS_Unstable:          0 kB
Bounce:                0 kB
WritebackTmp:          0 kB
CommitLimit:     2496364 kB
Committed_AS:   83914332 kB
VmallocTotal:     385024 kB
VmallocUsed:      156532 kB
VmallocChunk:      65604 kB
Time pass: 280 sec

---2015-12-18 17:09:26
MemTotal:        2895588 kB
MemFree:           89096 kB
Buffers:           15408 kB
Cached:          1212040 kB
SwapCached:            0 kB
Active:           831696 kB
Inactive:        1082400 kB
Active(anon):     349668 kB
Inactive(anon):   342120 kB
Active(file):     482028 kB
Inactive(file):   740280 kB
Unevictable:        2968 kB
Mlocked:               0 kB
HighTotal:       2306432 kB
HighFree:          38596 kB
LowTotal:         589156 kB
LowFree:           50500 kB
SwapTotal:       1048572 kB
SwapFree:        1048572 kB
Dirty:                52 kB
Writeback:             0 kB
AnonPages:        689460 kB
Mapped:           428032 kB
Shmem:              2172 kB
Slab:              55064 kB
SReclaimable:      20300 kB
SUnreclaim:        34764 kB
KernelStack:       13328 kB
PageTables:        39100 kB
NFS_Unstable:          0 kB
Bounce:                0 kB
WritebackTmp:          0 kB
CommitLimit:     2496364 kB
Committed_AS:   83914424 kB
VmallocTotal:     385024 kB
VmallocUsed:      156532 kB
VmallocChunk:      65604 kB
Time pass: 283 sec

---2015-12-18 17:09:26
MemTotal:        2895588 kB
MemFree:           89092 kB
Buffers:           15432 kB
Cached:          1212064 kB
SwapCached:            0 kB
Active:           831664 kB
Inactive:        1082424 kB
Active(anon):     349636 kB
Inactive(anon):   342120 kB
Active(file):     482028 kB
Inactive(file):   740304 kB
Unevictable:        2968 kB
Mlocked:               0 kB
HighTotal:       2306432 kB
HighFree:          38328 kB
LowTotal:         589156 kB
LowFree:           50764 kB
SwapTotal:       1048572 kB
SwapFree:        1048572 kB
Dirty:                80 kB
Writeback:             0 kB
AnonPages:        689792 kB
Mapped:           428060 kB
Shmem:              2196 kB
Slab:              55076 kB
SReclaimable:      20304 kB
SUnreclaim:        34772 kB
KernelStack:       13336 kB
PageTables:        39096 kB
NFS_Unstable:          0 kB
Bounce:                0 kB
WritebackTmp:          0 kB
CommitLimit:     2496364 kB
Committed_AS:   83915140 kB
VmallocTotal:     385024 kB
VmallocUsed:      156532 kB
VmallocChunk:      65604 kB
Time pass: 287 sec

---2015-12-18 17:09:26
MemTotal:        2895588 kB
MemFree:           88656 kB
Buffers:           15432 kB
Cached:          1212080 kB
SwapCached:            0 kB
Active:           830972 kB
Inactive:        1082464 kB
Active(anon):     348944 kB
Inactive(anon):   342144 kB
Active(file):     482028 kB
Inactive(file):   740320 kB
Unevictable:        2968 kB
Mlocked:               0 kB
HighTotal:       2306432 kB
HighFree:          38112 kB
LowTotal:         589156 kB
LowFree:           50544 kB
SwapTotal:       1048572 kB
SwapFree:        1048572 kB
Dirty:                88 kB
Writeback:             0 kB
AnonPages:        689304 kB
Mapped:           428112 kB
Shmem:              2196 kB
Slab:              55076 kB
SReclaimable:      20304 kB
SUnreclaim:        34772 kB
KernelStack:       13328 kB
PageTables:        39116 kB
NFS_Unstable:          0 kB
Bounce:                0 kB
WritebackTmp:          0 kB
CommitLimit:     2496364 kB
Committed_AS:   83915212 kB
VmallocTotal:     385024 kB
VmallocUsed:      156532 kB
VmallocChunk:      65604 kB
Time pass: 290 sec

---2015-12-18 17:09:26
MemTotal:        2895588 kB
MemFree:           88828 kB
Buffers:           15440 kB
Cached:          1212080 kB
SwapCached:            0 kB
Active:           831776 kB
Inactive:        1082472 kB
Active(anon):     349748 kB
Inactive(anon):   342144 kB
Active(file):     482028 kB
Inactive(file):   740328 kB
Unevictable:        2968 kB
Mlocked:               0 kB
HighTotal:       2306432 kB
HighFree:          38040 kB
LowTotal:         589156 kB
LowFree:           50788 kB
SwapTotal:       1048572 kB
SwapFree:        1048572 kB
Dirty:                28 kB
Writeback:             0 kB
AnonPages:        689948 kB
Mapped:           428112 kB
Shmem:              2196 kB
Slab:              55072 kB
SReclaimable:      20304 kB
SUnreclaim:        34768 kB
KernelStack:       13328 kB
PageTables:        39116 kB
NFS_Unstable:          0 kB
Bounce:                0 kB
WritebackTmp:          0 kB
CommitLimit:     2496364 kB
Committed_AS:   83915284 kB
VmallocTotal:     385024 kB
VmallocUsed:      156532 kB
VmallocChunk:      65604 kB
Time pass: 294 sec

---2015-12-18 17:09:26
MemTotal:        2895588 kB
MemFree:           88000 kB
Buffers:           15456 kB
Cached:          1212080 kB
SwapCached:            0 kB
Active:           831352 kB
Inactive:        1082484 kB
Active(anon):     349324 kB
Inactive(anon):   342144 kB
Active(file):     482028 kB
Inactive(file):   740340 kB
Unevictable:        2968 kB
Mlocked:               0 kB
HighTotal:       2306432 kB
HighFree:          38040 kB
LowTotal:         589156 kB
LowFree:           49960 kB
SwapTotal:       1048572 kB
SwapFree:        1048572 kB
Dirty:                56 kB
Writeback:             0 kB
AnonPages:        689516 kB
Mapped:           428164 kB
Shmem:              2196 kB
Slab:              55076 kB
SReclaimable:      20304 kB
SUnreclaim:        34772 kB
KernelStack:       13328 kB
PageTables:        39136 kB
NFS_Unstable:          0 kB
Bounce:                0 kB
WritebackTmp:          0 kB
CommitLimit:     2496364 kB
Committed_AS:   83915516 kB
VmallocTotal:     385024 kB
VmallocUsed:      156532 kB
VmallocChunk:      65604 kB
Time pass: 297 sec

---2015-12-18 17:09:26
MemTotal:        2895588 kB
MemFree:           88156 kB
Buffers:           15464 kB
Cached:          1212108 kB
SwapCached:            0 kB
Active:           831824 kB
Inactive:        1082520 kB
Active(anon):     349796 kB
Inactive(anon):   342180 kB
Active(file):     482028 kB
Inactive(file):   740340 kB
Unevictable:        2968 kB
Mlocked:               0 kB
HighTotal:       2306432 kB
HighFree:          38040 kB
LowTotal:         589156 kB
LowFree:           50116 kB
SwapTotal:       1048572 kB
SwapFree:        1048572 kB
Dirty:                 0 kB
Writeback:             0 kB
AnonPages:        689836 kB
Mapped:           428148 kB
Shmem:              2232 kB
Slab:              55076 kB
SReclaimable:      20304 kB
SUnreclaim:        34772 kB
KernelStack:       13328 kB
PageTables:        39116 kB
NFS_Unstable:          0 kB
Bounce:                0 kB
WritebackTmp:          0 kB
CommitLimit:     2496364 kB
Committed_AS:   83915652 kB
VmallocTotal:     385024 kB
VmallocUsed:      156532 kB
VmallocChunk:      65604 kB
Time pass: 301 sec

---2015-12-18 17:09:26
MemTotal:        2895588 kB
MemFree:           88164 kB
Buffers:           15480 kB
Cached:          1212116 kB
SwapCached:            0 kB
Active:           831572 kB
Inactive:        1082544 kB
Active(anon):     349544 kB
Inactive(anon):   342180 kB
Active(file):     482028 kB
Inactive(file):   740364 kB
Unevictable:        2968 kB
Mlocked:               0 kB
HighTotal:       2306432 kB
HighFree:          38288 kB
LowTotal:         589156 kB
LowFree:           49876 kB
SwapTotal:       1048572 kB
SwapFree:        1048572 kB
Dirty:                60 kB
Writeback:             0 kB
AnonPages:        689912 kB
Mapped:           428096 kB
Shmem:              2232 kB
Slab:              55068 kB
SReclaimable:      20304 kB
SUnreclaim:        34764 kB
KernelStack:       13328 kB
PageTables:        39096 kB
NFS_Unstable:          0 kB
Bounce:                0 kB
WritebackTmp:          0 kB
CommitLimit:     2496364 kB
Committed_AS:   83915716 kB
VmallocTotal:     385024 kB
VmallocUsed:      156532 kB
VmallocChunk:      65604 kB
Time pass: 305 sec

---2015-12-18 17:09:26
MemTotal:        2895588 kB
MemFree:           87776 kB
Buffers:           15504 kB
Cached:          1212260 kB
SwapCached:            0 kB
Active:           832188 kB
Inactive:        1082712 kB
Active(anon):     350160 kB
Inactive(anon):   342348 kB
Active(file):     482028 kB
Inactive(file):   740364 kB
Unevictable:        2968 kB
Mlocked:               0 kB
HighTotal:       2306432 kB
HighFree:          38236 kB
LowTotal:         589156 kB
LowFree:           49540 kB
SwapTotal:       1048572 kB
SwapFree:        1048572 kB
Dirty:                 0 kB
Writeback:             0 kB
AnonPages:        690228 kB
Mapped:           428316 kB
Shmem:              2400 kB
Slab:              55068 kB
SReclaimable:      20304 kB
SUnreclaim:        34764 kB
KernelStack:       13328 kB
PageTables:        39120 kB
NFS_Unstable:          0 kB
Bounce:                0 kB
WritebackTmp:          0 kB
CommitLimit:     2496364 kB
Committed_AS:   83915936 kB
VmallocTotal:     385024 kB
VmallocUsed:      156532 kB
VmallocChunk:      65604 kB
Time pass: 308 sec

---2015-12-18 17:09:26
MemTotal:        2895588 kB
MemFree:           87492 kB
Buffers:           15504 kB
Cached:          1212284 kB
SwapCached:            0 kB
Active:           832556 kB
Inactive:        1082724 kB
Active(anon):     350528 kB
Inactive(anon):   342336 kB
Active(file):     482028 kB
Inactive(file):   740388 kB
Unevictable:        2968 kB
Mlocked:               0 kB
HighTotal:       2306432 kB
HighFree:          38236 kB
LowTotal:         589156 kB
LowFree:           49256 kB
SwapTotal:       1048572 kB
SwapFree:        1048572 kB
Dirty:                48 kB
Writeback:             0 kB
AnonPages:        690672 kB
Mapped:           428316 kB
Shmem:              2400 kB
Slab:              55072 kB
SReclaimable:      20304 kB
SUnreclaim:        34768 kB
KernelStack:       13328 kB
PageTables:        39120 kB
NFS_Unstable:          0 kB
Bounce:                0 kB
WritebackTmp:          0 kB
CommitLimit:     2496364 kB
Committed_AS:   83916028 kB
VmallocTotal:     385024 kB
VmallocUsed:      156532 kB
VmallocChunk:      65604 kB
Time pass: 312 sec

---2015-12-18 17:09:26
MemTotal:        2895588 kB
MemFree:           87168 kB
Buffers:           15528 kB
Cached:          1212268 kB
SwapCached:            0 kB
Active:           833100 kB
Inactive:        1082708 kB
Active(anon):     351072 kB
Inactive(anon):   342308 kB
Active(file):     482028 kB
Inactive(file):   740400 kB
Unevictable:        2968 kB
Mlocked:               0 kB
HighTotal:       2306432 kB
HighFree:          38184 kB
LowTotal:         589156 kB
LowFree:           48984 kB
SwapTotal:       1048572 kB
SwapFree:        1048572 kB
Dirty:                40 kB
Writeback:             0 kB
AnonPages:        690880 kB
Mapped:           428264 kB
Shmem:              2400 kB
Slab:              55068 kB
SReclaimable:      20304 kB
SUnreclaim:        34764 kB
KernelStack:       13328 kB
PageTables:        39100 kB
NFS_Unstable:          0 kB
Bounce:                0 kB
WritebackTmp:          0 kB
CommitLimit:     2496364 kB
Committed_AS:   83916156 kB
VmallocTotal:     385024 kB
VmallocUsed:      156532 kB
VmallocChunk:      65604 kB
Time pass: 315 sec

---2015-12-18 17:09:26
MemTotal:        2895588 kB
MemFree:           86724 kB
Buffers:           15528 kB
Cached:          1212284 kB
SwapCached:            0 kB
Active:           833364 kB
Inactive:        1082724 kB
Active(anon):     351336 kB
Inactive(anon):   342308 kB
Active(file):     482028 kB
Inactive(file):   740416 kB
Unevictable:        2968 kB
Mlocked:               0 kB
HighTotal:       2306432 kB
HighFree:          38040 kB
LowTotal:         589156 kB
LowFree:           48684 kB
SwapTotal:       1048572 kB
SwapFree:        1048572 kB
Dirty:                52 kB
Writeback:             0 kB
AnonPages:        691356 kB
Mapped:           428316 kB
Shmem:              2400 kB
Slab:              55076 kB
SReclaimable:      20304 kB
SUnreclaim:        34772 kB
KernelStack:       13328 kB
PageTables:        39120 kB
NFS_Unstable:          0 kB
Bounce:                0 kB
WritebackTmp:          0 kB
CommitLimit:     2496364 kB
Committed_AS:   83916452 kB
VmallocTotal:     385024 kB
VmallocUsed:      156532 kB
VmallocChunk:      65604 kB
Time pass: 319 sec

---2015-12-18 17:09:26
MemTotal:        2895588 kB
MemFree:           87240 kB
Buffers:           15536 kB
Cached:          1212284 kB
SwapCached:            0 kB
Active:           832420 kB
Inactive:        1082720 kB
Active(anon):     350392 kB
Inactive(anon):   342296 kB
Active(file):     482028 kB
Inactive(file):   740424 kB
Unevictable:        2968 kB
Mlocked:               0 kB
HighTotal:       2306432 kB
HighFree:          38288 kB
LowTotal:         589156 kB
LowFree:           48952 kB
SwapTotal:       1048572 kB
SwapFree:        1048572 kB
Dirty:                32 kB
Writeback:             0 kB
AnonPages:        690424 kB
Mapped:           428368 kB
