---2015-12-05 11:13:24
MemTotal:        1959952 kB
MemFree:          110336 kB
Buffers:            5140 kB
Cached:          1201000 kB
SwapCached:          564 kB
Active:           845836 kB
Inactive:         762972 kB
Active(anon):     244724 kB
Inactive(anon):   159648 kB
Active(file):     601112 kB
Inactive(file):   603324 kB
Unevictable:        1580 kB
Mlocked:               0 kB
HighTotal:       1372556 kB
HighFree:          36400 kB
LowTotal:         587396 kB
LowFree:           73936 kB
SwapTotal:        262140 kB
SwapFree:         243500 kB
Dirty:               592 kB
Writeback:             0 kB
AnonPages:        404176 kB
Mapped:           278724 kB
Shmem:               124 kB
Slab:              55272 kB
SReclaimable:      16768 kB
SUnreclaim:        38504 kB
KernelStack:       15328 kB
PageTables:        27264 kB
NFS_Unstable:          0 kB
Bounce:                0 kB
WritebackTmp:          0 kB
CommitLimit:     1242116 kB
Committed_AS:   56703848 kB
VmallocTotal:     409600 kB
VmallocUsed:       39484 kB
VmallocChunk:     119836 kB
Time pass: 3 sec

---2015-12-05 11:13:24
MemTotal:        1959952 kB
MemFree:           81716 kB
Buffers:            5140 kB
Cached:          1214988 kB
SwapCached:          564 kB
Active:           862252 kB
Inactive:         776964 kB
Active(anon):     261080 kB
Inactive(anon):   159644 kB
Active(file):     601172 kB
Inactive(file):   617320 kB
Unevictable:        1580 kB
Mlocked:               0 kB
HighTotal:       1372556 kB
HighFree:          23284 kB
LowTotal:         587396 kB
LowFree:           58432 kB
SwapTotal:        262140 kB
SwapFree:         243500 kB
Dirty:               552 kB
Writeback:             0 kB
AnonPages:        420480 kB
Mapped:           285540 kB
Shmem:               124 kB
Slab:              55212 kB
SReclaimable:      16776 kB
SUnreclaim:        38436 kB
KernelStack:       15624 kB
PageTables:        27700 kB
NFS_Unstable:          0 kB
Bounce:                0 kB
WritebackTmp:          0 kB
CommitLimit:     1242116 kB
Committed_AS:   57658624 kB
VmallocTotal:     409600 kB
VmallocUsed:       40504 kB
VmallocChunk:     115740 kB
Time pass: 7 sec

---2015-12-05 11:13:24
MemTotal:        1959952 kB
MemFree:           84180 kB
Buffers:            5140 kB
Cached:          1215428 kB
SwapCached:          564 kB
Active:           858120 kB
Inactive:         777264 kB
Active(anon):     256940 kB
Inactive(anon):   159644 kB
Active(file):     601180 kB
Inactive(file):   617620 kB
Unevictable:        1580 kB
Mlocked:               0 kB
HighTotal:       1372556 kB
HighFree:          24304 kB
LowTotal:         587396 kB
LowFree:           59876 kB
SwapTotal:        262140 kB
SwapFree:         243500 kB
Dirty:               620 kB
Writeback:             0 kB
AnonPages:        416404 kB
Mapped:           285580 kB
Shmem:               124 kB
Slab:              54936 kB
SReclaimable:      16784 kB
SUnreclaim:        38152 kB
KernelStack:       15632 kB
PageTables:        27692 kB
NFS_Unstable:          0 kB
Bounce:                0 kB
WritebackTmp:          0 kB
CommitLimit:     1242116 kB
Committed_AS:   57658848 kB
VmallocTotal:     409600 kB
VmallocUsed:       40504 kB
VmallocChunk:     115740 kB
Time pass: 10 sec

---2015-12-05 11:13:24
MemTotal:        1959952 kB
MemFree:           84340 kB
Buffers:            5140 kB
Cached:          1215468 kB
SwapCached:          564 kB
Active:           858256 kB
Inactive:         777368 kB
Active(anon):     257076 kB
Inactive(anon):   159644 kB
Active(file):     601180 kB
Inactive(file):   617724 kB
Unevictable:        1580 kB
Mlocked:               0 kB
HighTotal:       1372556 kB
HighFree:          24264 kB
LowTotal:         587396 kB
LowFree:           60076 kB
SwapTotal:        262140 kB
SwapFree:         243500 kB
Dirty:               620 kB
Writeback:             0 kB
AnonPages:        416296 kB
Mapped:           285592 kB
Shmem:               124 kB
Slab:              55004 kB
SReclaimable:      16784 kB
SUnreclaim:        38220 kB
KernelStack:       15632 kB
PageTables:        27712 kB
NFS_Unstable:          0 kB
Bounce:                0 kB
WritebackTmp:          0 kB
CommitLimit:     1242116 kB
Committed_AS:   57658848 kB
VmallocTotal:     409600 kB
VmallocUsed:       40504 kB
VmallocChunk:     115740 kB
Time pass: 14 sec

---2015-12-05 11:13:24
MemTotal:        1959952 kB
MemFree:           84220 kB
Buffers:            5140 kB
Cached:          1215468 kB
SwapCached:          564 kB
Active:           858312 kB
Inactive:         777368 kB
Active(anon):     257132 kB
Inactive(anon):   159644 kB
Active(file):     601180 kB
Inactive(file):   617724 kB
Unevictable:        1580 kB
Mlocked:               0 kB
HighTotal:       1372556 kB
HighFree:          24180 kB
LowTotal:         587396 kB
LowFree:           60040 kB
SwapTotal:        262140 kB
SwapFree:         243500 kB
Dirty:               620 kB
Writeback:             0 kB
AnonPages:        416552 kB
Mapped:           285464 kB
Shmem:               124 kB
Slab:              54732 kB
SReclaimable:      16784 kB
SUnreclaim:        37948 kB
KernelStack:       15632 kB
PageTables:        27716 kB
NFS_Unstable:          0 kB
Bounce:                0 kB
WritebackTmp:          0 kB
CommitLimit:     1242116 kB
Committed_AS:   57658820 kB
VmallocTotal:     409600 kB
VmallocUsed:       40504 kB
VmallocChunk:     115740 kB
Time pass: 17 sec

---2015-12-05 11:13:24
MemTotal:        1959952 kB
MemFree:          106012 kB
Buffers:            3664 kB
Cached:          1178120 kB
SwapCached:          796 kB
Active:           846380 kB
Inactive:         757552 kB
Active(anon):     256988 kB
Inactive(anon):   167576 kB
Active(file):     589392 kB
Inactive(file):   589976 kB
Unevictable:        1580 kB
Mlocked:               0 kB
HighTotal:       1372556 kB
HighFree:          37576 kB
LowTotal:         587396 kB
LowFree:           68436 kB
SwapTotal:        262140 kB
SwapFree:         239532 kB
Dirty:               536 kB
Writeback:             0 kB
AnonPages:        424012 kB
Mapped:           299776 kB
Shmem:               128 kB
Slab:              54932 kB
SReclaimable:      16768 kB
SUnreclaim:        38164 kB
KernelStack:       15792 kB
PageTables:        28216 kB
NFS_Unstable:          0 kB
Bounce:                0 kB
WritebackTmp:          0 kB
CommitLimit:     1242116 kB
Committed_AS:   58654824 kB
VmallocTotal:     409600 kB
VmallocUsed:       41524 kB
VmallocChunk:      97308 kB
Time pass: 21 sec

---2015-12-05 11:13:24
MemTotal:        1959952 kB
MemFree:           84572 kB
Buffers:            2792 kB
Cached:          1104588 kB
SwapCached:          852 kB
Active:           822684 kB
Inactive:         729908 kB
Active(anon):     276512 kB
Inactive(anon):   170536 kB
Active(file):     546172 kB
Inactive(file):   559372 kB
Unevictable:        1580 kB
Mlocked:               0 kB
HighTotal:       1372556 kB
HighFree:          24072 kB
LowTotal:         587396 kB
LowFree:           60500 kB
SwapTotal:        262140 kB
SwapFree:         232076 kB
Dirty:              1024 kB
Writeback:             0 kB
AnonPages:        447000 kB
Mapped:           319660 kB
Shmem:               256 kB
Slab:              55988 kB
SReclaimable:      16844 kB
SUnreclaim:        39144 kB
KernelStack:       16528 kB
PageTables:        29008 kB
NFS_Unstable:          0 kB
Bounce:                0 kB
WritebackTmp:          0 kB
CommitLimit:     1242116 kB
Committed_AS:   59629852 kB
VmallocTotal:     409600 kB
VmallocUsed:       41808 kB
VmallocChunk:      97308 kB
Time pass: 25 sec

---2015-12-05 11:13:24
MemTotal:        1959952 kB
MemFree:          108360 kB
Buffers:            2784 kB
Cached:          1064216 kB
SwapCached:          824 kB
Active:           795032 kB
Inactive:         702292 kB
Active(anon):     262812 kB
Inactive(anon):   169412 kB
Active(file):     532220 kB
Inactive(file):   532880 kB
Unevictable:        1580 kB
Mlocked:               0 kB
HighTotal:       1372556 kB
HighFree:          45488 kB
LowTotal:         587396 kB
LowFree:           62872 kB
SwapTotal:        262140 kB
SwapFree:         230336 kB
Dirty:               368 kB
Writeback:            52 kB
AnonPages:        432032 kB
Mapped:           323468 kB
Shmem:               256 kB
Slab:              55796 kB
SReclaimable:      16772 kB
SUnreclaim:        39024 kB
KernelStack:       16544 kB
PageTables:        29004 kB
NFS_Unstable:          0 kB
Bounce:                0 kB
WritebackTmp:          0 kB
CommitLimit:     1242116 kB
Committed_AS:   59622944 kB
VmallocTotal:     409600 kB
VmallocUsed:       41992 kB
VmallocChunk:      97308 kB
Time pass: 29 sec

---2015-12-05 11:13:24
MemTotal:        1959952 kB
MemFree:          107392 kB
Buffers:            2784 kB
Cached:          1064436 kB
SwapCached:          824 kB
Active:           795648 kB
Inactive:         702444 kB
Active(anon):     263316 kB
Inactive(anon):   169392 kB
Active(file):     532332 kB
Inactive(file):   533052 kB
Unevictable:        1580 kB
Mlocked:               0 kB
HighTotal:       1372556 kB
HighFree:          44584 kB
LowTotal:         587396 kB
LowFree:           62808 kB
SwapTotal:        262140 kB
SwapFree:         230336 kB
Dirty:               312 kB
Writeback:             0 kB
AnonPages:        432472 kB
Mapped:           323568 kB
Shmem:               256 kB
Slab:              55996 kB
SReclaimable:      16836 kB
SUnreclaim:        39160 kB
KernelStack:       16544 kB
PageTables:        29004 kB
NFS_Unstable:          0 kB
Bounce:                0 kB
WritebackTmp:          0 kB
CommitLimit:     1242116 kB
Committed_AS:   59623252 kB
VmallocTotal:     409600 kB
VmallocUsed:       41992 kB
VmallocChunk:      97308 kB
Time pass: 32 sec

---2015-12-05 11:13:24
MemTotal:        1959952 kB
MemFree:          117216 kB
Buffers:            2784 kB
Cached:          1064480 kB
SwapCached:          824 kB
Active:           786928 kB
Inactive:         701284 kB
Active(anon):     253396 kB
Inactive(anon):   169392 kB
Active(file):     533532 kB
Inactive(file):   531892 kB
Unevictable:        1580 kB
Mlocked:               0 kB
HighTotal:       1372556 kB
HighFree:          53296 kB
LowTotal:         587396 kB
LowFree:           63920 kB
SwapTotal:        262140 kB
SwapFree:         230336 kB
Dirty:               356 kB
Writeback:             0 kB
AnonPages:        422504 kB
Mapped:           317540 kB
Shmem:               256 kB
Slab:              55812 kB
SReclaimable:      16836 kB
SUnreclaim:        38976 kB
KernelStack:       16400 kB
PageTables:        28428 kB
NFS_Unstable:          0 kB
Bounce:                0 kB
WritebackTmp:          0 kB
CommitLimit:     1242116 kB
Committed_AS:   58672188 kB
VmallocTotal:     409600 kB
VmallocUsed:       40972 kB
VmallocChunk:      97308 kB
Time pass: 36 sec

---2015-12-05 11:13:24
MemTotal:        1959952 kB
MemFree:           78896 kB
Buffers:            2788 kB
Cached:          1036532 kB
SwapCached:          856 kB
Active:           791416 kB
Inactive:         680716 kB
Active(anon):     265320 kB
Inactive(anon):   169332 kB
Active(file):     526096 kB
Inactive(file):   511384 kB
Unevictable:        1580 kB
Mlocked:               0 kB
HighTotal:       1372556 kB
HighFree:          25600 kB
LowTotal:         587396 kB
LowFree:           53296 kB
SwapTotal:        262140 kB
SwapFree:         230052 kB
Dirty:               408 kB
Writeback:             0 kB
AnonPages:        434336 kB
Mapped:           324648 kB
Shmem:               256 kB
Slab:              56284 kB
SReclaimable:      16804 kB
SUnreclaim:        39480 kB
KernelStack:       16448 kB
PageTables:        28632 kB
NFS_Unstable:          0 kB
Bounce:                0 kB
WritebackTmp:          0 kB
CommitLimit:     1242116 kB
Committed_AS:   58680664 kB
VmallocTotal:     409600 kB
VmallocUsed:       41136 kB
VmallocChunk:      97308 kB
Time pass: 39 sec

---2015-12-05 11:13:24
MemTotal:        1959952 kB
MemFree:           79364 kB
Buffers:            2788 kB
Cached:          1036884 kB
SwapCached:          856 kB
Active:           790012 kB
Inactive:         680980 kB
Active(anon):     263916 kB
Inactive(anon):   169332 kB
Active(file):     526096 kB
Inactive(file):   511648 kB
Unevictable:        1580 kB
Mlocked:               0 kB
HighTotal:       1372556 kB
HighFree:          26128 kB
LowTotal:         587396 kB
LowFree:           53236 kB
SwapTotal:        262140 kB
SwapFree:         230060 kB
Dirty:               504 kB
Writeback:             0 kB
AnonPages:        432896 kB
Mapped:           325168 kB
Shmem:               256 kB
Slab:              56132 kB
SReclaimable:      16836 kB
SUnreclaim:        39296 kB
KernelStack:       16456 kB
PageTables:        28680 kB
NFS_Unstable:          0 kB
Bounce:                0 kB
WritebackTmp:          0 kB
CommitLimit:     1242116 kB
Committed_AS:   58680976 kB
VmallocTotal:     409600 kB
VmallocUsed:       41136 kB
VmallocChunk:      97308 kB
Time pass: 43 sec

---2015-12-05 11:13:24
MemTotal:        1959952 kB
MemFree:           99392 kB
Buffers:            2788 kB
Cached:          1026196 kB
SwapCached:          856 kB
Active:           792392 kB
Inactive:         681912 kB
Active(anon):     277976 kB
Inactive(anon):   169288 kB
Active(file):     514416 kB
Inactive(file):   512624 kB
Unevictable:        1580 kB
Mlocked:               0 kB
HighTotal:       1372556 kB
HighFree:          31948 kB
LowTotal:         587396 kB
LowFree:           67444 kB
SwapTotal:        262140 kB
SwapFree:         229200 kB
Dirty:               960 kB
Writeback:             0 kB
AnonPages:        447396 kB
Mapped:           321992 kB
Shmem:               260 kB
Slab:              56208 kB
SReclaimable:      16804 kB
SUnreclaim:        39404 kB
KernelStack:       16480 kB
PageTables:        28604 kB
NFS_Unstable:          0 kB
Bounce:                0 kB
WritebackTmp:          0 kB
CommitLimit:     1242116 kB
Committed_AS:   58697052 kB
VmallocTotal:     409600 kB
VmallocUsed:       41052 kB
VmallocChunk:      97308 kB
Time pass: 47 sec

---2015-12-05 11:13:24
MemTotal:        1959952 kB
MemFree:           99808 kB
Buffers:            2784 kB
Cached:           981256 kB
SwapCached:          856 kB
Active:           768588 kB
Inactive:         663564 kB
Active(anon):     277328 kB
Inactive(anon):   172528 kB
Active(file):     491260 kB
Inactive(file):   491036 kB
Unevictable:        1580 kB
Mlocked:               0 kB
HighTotal:       1372556 kB
HighFree:          40788 kB
LowTotal:         587396 kB
LowFree:           59020 kB
SwapTotal:        262140 kB
SwapFree:         227224 kB
Dirty:              1812 kB
Writeback:             0 kB
AnonPages:        449512 kB
Mapped:           339308 kB
Shmem:               260 kB
Slab:              56520 kB
SReclaimable:      16836 kB
SUnreclaim:        39684 kB
KernelStack:       16448 kB
PageTables:        28692 kB
NFS_Unstable:          0 kB
Bounce:                0 kB
WritebackTmp:          0 kB
CommitLimit:     1242116 kB
Committed_AS:   58700788 kB
VmallocTotal:     409600 kB
VmallocUsed:       41228 kB
VmallocChunk:      97308 kB
Time pass: 50 sec

---2015-12-05 11:13:24
MemTotal:        1959952 kB
MemFree:           92000 kB
Buffers:            2784 kB
Cached:           981664 kB
SwapCached:          856 kB
Active:           765812 kB
Inactive:         663740 kB
Active(anon):     274620 kB
Inactive(anon):   172324 kB
Active(file):     491192 kB
Inactive(file):   491416 kB
Unevictable:        1580 kB
Mlocked:               0 kB
HighTotal:       1372556 kB
HighFree:          31908 kB
LowTotal:         587396 kB
LowFree:           60092 kB
SwapTotal:        262140 kB
SwapFree:         227228 kB
Dirty:               656 kB
Writeback:             0 kB
AnonPages:        446620 kB
Mapped:           349496 kB
Shmem:               260 kB
Slab:              56148 kB
SReclaimable:      16876 kB
SUnreclaim:        39272 kB
KernelStack:       16264 kB
PageTables:        28412 kB
NFS_Unstable:          0 kB
Bounce:                0 kB
WritebackTmp:          0 kB
CommitLimit:     1242116 kB
Committed_AS:   57749568 kB
VmallocTotal:     409600 kB
VmallocUsed:       40256 kB
VmallocChunk:      97308 kB
Time pass: 54 sec

---2015-12-05 11:13:24
MemTotal:        1959952 kB
MemFree:           79044 kB
Buffers:            2784 kB
Cached:           982148 kB
SwapCached:          856 kB
Active:           775592 kB
Inactive:         664132 kB
Active(anon):     284396 kB
Inactive(anon):   172324 kB
Active(file):     491196 kB
Inactive(file):   491808 kB
Unevictable:        1580 kB
Mlocked:               0 kB
HighTotal:       1372556 kB
HighFree:          21700 kB
LowTotal:         587396 kB
LowFree:           57344 kB
SwapTotal:        262140 kB
SwapFree:         227228 kB
Dirty:               892 kB
Writeback:             0 kB
AnonPages:        456060 kB
Mapped:           351780 kB
Shmem:               260 kB
Slab:              56484 kB
SReclaimable:      16876 kB
SUnreclaim:        39608 kB
KernelStack:       16232 kB
PageTables:        28388 kB
NFS_Unstable:          0 kB
Bounce:                0 kB
WritebackTmp:          0 kB
CommitLimit:     1242116 kB
Committed_AS:   57758808 kB
VmallocTotal:     409600 kB
VmallocUsed:       40256 kB
VmallocChunk:      97308 kB
Time pass: 57 sec

---2015-12-05 11:13:24
MemTotal:        1959952 kB
MemFree:          101508 kB
Buffers:            2784 kB
Cached:           958364 kB
SwapCached:          856 kB
Active:           762640 kB
Inactive:         645032 kB
Active(anon):     275844 kB
Inactive(anon):   172564 kB
Active(file):     486796 kB
Inactive(file):   472468 kB
Unevictable:        1580 kB
Mlocked:               0 kB
HighTotal:       1372556 kB
HighFree:          30428 kB
LowTotal:         587396 kB
LowFree:           71080 kB
SwapTotal:        262140 kB
SwapFree:         226792 kB
Dirty:               868 kB
Writeback:             0 kB
AnonPages:        448064 kB
Mapped:           359976 kB
Shmem:               260 kB
Slab:              56356 kB
SReclaimable:      16892 kB
SUnreclaim:        39464 kB
KernelStack:       16232 kB
PageTables:        28416 kB
NFS_Unstable:          0 kB
Bounce:                0 kB
WritebackTmp:          0 kB
CommitLimit:     1242116 kB
Committed_AS:   57750716 kB
VmallocTotal:     409600 kB
VmallocUsed:       40292 kB
VmallocChunk:      97308 kB
Time pass: 61 sec

---2015-12-05 11:13:24
MemTotal:        1959952 kB
MemFree:          100708 kB
Buffers:            2784 kB
Cached:           958364 kB
SwapCached:          856 kB
Active:           763296 kB
Inactive:         645020 kB
Active(anon):     276476 kB
Inactive(anon):   172564 kB
Active(file):     486820 kB
Inactive(file):   472456 kB
Unevictable:        1580 kB
Mlocked:               0 kB
HighTotal:       1372556 kB
HighFree:          29628 kB
LowTotal:         587396 kB
LowFree:           71080 kB
SwapTotal:        262140 kB
SwapFree:         226792 kB
Dirty:               680 kB
Writeback:             0 kB
AnonPages:        448644 kB
Mapped:           360120 kB
Shmem:               260 kB
Slab:              56432 kB
SReclaimable:      16900 kB
SUnreclaim:        39532 kB
KernelStack:       16232 kB
PageTables:        28416 kB
NFS_Unstable:          0 kB
Bounce:                0 kB
WritebackTmp:          0 kB
CommitLimit:     1242116 kB
Committed_AS:   57751260 kB
VmallocTotal:     409600 kB
VmallocUsed:       40292 kB
VmallocChunk:      97308 kB
Time pass: 65 sec

---2015-12-05 11:13:24
MemTotal:        1959952 kB
MemFree:          108020 kB
Buffers:            2784 kB
Cached:           925848 kB
SwapCached:          856 kB
Active:           744264 kB
Inactive:         636096 kB
Active(anon):     279204 kB
Inactive(anon):   174564 kB
Active(file):     465060 kB
Inactive(file):   461532 kB
Unevictable:        1580 kB
Mlocked:               0 kB
HighTotal:       1372556 kB
HighFree:          39408 kB
LowTotal:         587396 kB
LowFree:           68612 kB
SwapTotal:        262140 kB
SwapFree:         225264 kB
Dirty:               852 kB
Writeback:             0 kB
AnonPages:        453940 kB
Mapped:           367276 kB
Shmem:               260 kB
Slab:              56412 kB
SReclaimable:      16876 kB
SUnreclaim:        39536 kB
KernelStack:       16224 kB
PageTables:        28456 kB
NFS_Unstable:          0 kB
Bounce:                0 kB
WritebackTmp:          0 kB
CommitLimit:     1242116 kB
Committed_AS:   57756732 kB
VmallocTotal:     409600 kB
VmallocUsed:       40380 kB
VmallocChunk:      97308 kB
Time pass: 68 sec

---2015-12-05 11:13:24
MemTotal:        1959952 kB
MemFree:           94948 kB
Buffers:            2784 kB
Cached:           931136 kB
SwapCached:          856 kB
Active:           753372 kB
Inactive:         641644 kB
Active(anon):     288208 kB
Inactive(anon):   174812 kB
Active(file):     465164 kB
Inactive(file):   466832 kB
Unevictable:        1580 kB
Mlocked:               0 kB
HighTotal:       1372556 kB
HighFree:          26652 kB
LowTotal:         587396 kB
LowFree:           68296 kB
SwapTotal:        262140 kB
SwapFree:         225264 kB
Dirty:              1088 kB
Writeback:             0 kB
AnonPages:        462648 kB
Mapped:           370072 kB
Shmem:               260 kB
Slab:              56664 kB
SReclaimable:      16940 kB
SUnreclaim:        39724 kB
KernelStack:       16312 kB
PageTables:        28492 kB
NFS_Unstable:          0 kB
Bounce:                0 kB
WritebackTmp:          0 kB
CommitLimit:     1242116 kB
Committed_AS:   57771864 kB
VmallocTotal:     409600 kB
VmallocUsed:       40380 kB
VmallocChunk:      97308 kB
Time pass: 72 sec

---2015-12-05 11:13:24
MemTotal:        1959952 kB
MemFree:          107932 kB
Buffers:            2768 kB
Cached:           896744 kB
SwapCached:         1512 kB
Active:           749996 kB
Inactive:         620892 kB
Active(anon):     296044 kB
Inactive(anon):   177300 kB
Active(file):     453952 kB
Inactive(file):   443592 kB
Unevictable:        1580 kB
Mlocked:               0 kB
HighTotal:       1372556 kB
HighFree:          48568 kB
LowTotal:         587396 kB
LowFree:           59364 kB
SwapTotal:        262140 kB
SwapFree:         225024 kB
Dirty:               912 kB
Writeback:             0 kB
AnonPages:        472828 kB
Mapped:           369532 kB
Shmem:               396 kB
Slab:              55724 kB
SReclaimable:      16588 kB
SUnreclaim:        39136 kB
KernelStack:       16408 kB
PageTables:        28652 kB
NFS_Unstable:          0 kB
Bounce:                0 kB
WritebackTmp:          0 kB
CommitLimit:     1242116 kB
Committed_AS:   57792880 kB
VmallocTotal:     409600 kB
VmallocUsed:       42788 kB
VmallocChunk:      97308 kB
Time pass: 76 sec

---2015-12-05 11:13:24
MemTotal:        1959952 kB
MemFree:           78656 kB
Buffers:            2768 kB
Cached:           896800 kB
SwapCached:         1512 kB
Active:           750560 kB
Inactive:         620952 kB
Active(anon):     296608 kB
Inactive(anon):   177360 kB
Active(file):     453952 kB
Inactive(file):   443592 kB
Unevictable:        1580 kB
Mlocked:               0 kB
HighTotal:       1372556 kB
HighFree:          22764 kB
LowTotal:         587396 kB
LowFree:           55892 kB
SwapTotal:        262140 kB
SwapFree:         225024 kB
Dirty:               848 kB
Writeback:             0 kB
AnonPages:        473308 kB
Mapped:           368200 kB
Shmem:               444 kB
Slab:              55888 kB
SReclaimable:      16764 kB
SUnreclaim:        39124 kB
KernelStack:       16408 kB
PageTables:        28776 kB
NFS_Unstable:          0 kB
Bounce:                0 kB
WritebackTmp:          0 kB
CommitLimit:     1242116 kB
Committed_AS:   57793040 kB
VmallocTotal:     409600 kB
VmallocUsed:       42788 kB
VmallocChunk:      97308 kB
Time pass: 80 sec

---2015-12-05 11:13:24
MemTotal:        1959952 kB
MemFree:           97464 kB
Buffers:            2768 kB
Cached:           877956 kB
SwapCached:         1512 kB
Active:           737268 kB
Inactive:         615556 kB
Active(anon):     296388 kB
Inactive(anon):   177892 kB
Active(file):     440880 kB
Inactive(file):   437664 kB
Unevictable:        1580 kB
Mlocked:               0 kB
HighTotal:       1372556 kB
HighFree:          36896 kB
LowTotal:         587396 kB
LowFree:           60568 kB
SwapTotal:        262140 kB
SwapFree:         224488 kB
Dirty:               848 kB
Writeback:             0 kB
AnonPages:        473740 kB
Mapped:           368404 kB
Shmem:               600 kB
Slab:              55864 kB
SReclaimable:      16740 kB
SUnreclaim:        39124 kB
KernelStack:       16400 kB
PageTables:        28780 kB
NFS_Unstable:          0 kB
Bounce:                0 kB
WritebackTmp:          0 kB
CommitLimit:     1242116 kB
Committed_AS:   57793388 kB
VmallocTotal:     409600 kB
VmallocUsed:       42788 kB
VmallocChunk:      97308 kB
Time pass: 84 sec

---2015-12-05 11:13:24
MemTotal:        1959952 kB
MemFree:           95788 kB
Buffers:            2768 kB
Cached:           878036 kB
SwapCached:         1512 kB
Active:           738632 kB
Inactive:         615632 kB
Active(anon):     297752 kB
Inactive(anon):   177940 kB
Active(file):     440880 kB
Inactive(file):   437692 kB
Unevictable:        1580 kB
Mlocked:               0 kB
HighTotal:       1372556 kB
HighFree:          35216 kB
LowTotal:         587396 kB
LowFree:           60572 kB
SwapTotal:        262140 kB
SwapFree:         224488 kB
Dirty:               852 kB
Writeback:             0 kB
AnonPages:        474804 kB
Mapped:           368512 kB
Shmem:               652 kB
Slab:              55784 kB
SReclaimable:      16788 kB
SUnreclaim:        38996 kB
KernelStack:       16400 kB
PageTables:        28796 kB
NFS_Unstable:          0 kB
Bounce:                0 kB
WritebackTmp:          0 kB
CommitLimit:     1242116 kB
Committed_AS:   57794588 kB
VmallocTotal:     409600 kB
VmallocUsed:       42788 kB
VmallocChunk:      97308 kB
Time pass: 88 sec

---2015-12-05 11:13:24
MemTotal:        1959952 kB
MemFree:           97356 kB
Buffers:            2884 kB
Cached:           881928 kB
SwapCached:         1512 kB
Active:           737132 kB
Inactive:         615764 kB
Active(anon):     296204 kB
Inactive(anon):   174388 kB
Active(file):     440928 kB
Inactive(file):   441376 kB
Unevictable:        1580 kB
Mlocked:               0 kB
HighTotal:       1372556 kB
HighFree:          39076 kB
LowTotal:         587396 kB
LowFree:           58280 kB
SwapTotal:        262140 kB
SwapFree:         224488 kB
Dirty:               860 kB
Writeback:             0 kB
AnonPages:        469560 kB
Mapped:           369072 kB
Shmem:               656 kB
Slab:              55924 kB
SReclaimable:      16788 kB
SUnreclaim:        39136 kB
KernelStack:       16432 kB
PageTables:        28820 kB
NFS_Unstable:          0 kB
Bounce:                0 kB
WritebackTmp:          0 kB
CommitLimit:     1242116 kB
Committed_AS:   59629700 kB
VmallocTotal:     409600 kB
VmallocUsed:       42788 kB
VmallocChunk:      97308 kB
Time pass: 92 sec

---2015-12-05 11:13:24
MemTotal:        1959952 kB
MemFree:          320916 kB
Buffers:            2884 kB
Cached:           883992 kB
SwapCached:         1548 kB
Active:           654656 kB
Inactive:         617496 kB
Active(anon):     213224 kB
Inactive(anon):   173800 kB
Active(file):     441432 kB
Inactive(file):   443696 kB
Unevictable:        1580 kB
Mlocked:               0 kB
HighTotal:       1372556 kB
HighFree:         193740 kB
LowTotal:         587396 kB
LowFree:          127176 kB
SwapTotal:        262140 kB
SwapFree:         224528 kB
Dirty:                84 kB
Writeback:             0 kB
AnonPages:        386884 kB
Mapped:           254456 kB
Shmem:               124 kB
Slab:              56016 kB
SReclaimable:      16812 kB
SUnreclaim:        39204 kB
KernelStack:       15616 kB
PageTables:        26684 kB
NFS_Unstable:          0 kB
Bounce:                0 kB
WritebackTmp:          0 kB
CommitLimit:     1242116 kB
Committed_AS:   55765456 kB
VmallocTotal:     409600 kB
VmallocUsed:       39988 kB
VmallocChunk:     115740 kB
Time pass: 96 sec

---2015-12-05 11:13:24
MemTotal:        1959952 kB
MemFree:          320404 kB
Buffers:            2884 kB
Cached:           884260 kB
SwapCached:         1548 kB
Active:           654888 kB
Inactive:         617796 kB
Active(anon):     213440 kB
Inactive(anon):   173800 kB
Active(file):     441448 kB
Inactive(file):   443996 kB
Unevictable:        1580 kB
Mlocked:               0 kB
HighTotal:       1372556 kB
HighFree:         193352 kB
LowTotal:         587396 kB
LowFree:          127052 kB
SwapTotal:        262140 kB
SwapFree:         224528 kB
Dirty:               344 kB
Writeback:             0 kB
AnonPages:        386964 kB
Mapped:           254488 kB
Shmem:               124 kB
Slab:              56008 kB
SReclaimable:      16812 kB
SUnreclaim:        39196 kB
KernelStack:       15616 kB
PageTables:        26684 kB
NFS_Unstable:          0 kB
Bounce:                0 kB
WritebackTmp:          0 kB
CommitLimit:     1242116 kB
Committed_AS:   55765724 kB
VmallocTotal:     409600 kB
VmallocUsed:       39988 kB
VmallocChunk:     115740 kB
Time pass: 100 sec

---2015-12-05 11:13:24
MemTotal:        1959952 kB
MemFree:          322588 kB
Buffers:            2884 kB
Cached:           884260 kB
SwapCached:         1536 kB
Active:           653500 kB
Inactive:         616880 kB
Active(anon):     212052 kB
Inactive(anon):   172884 kB
Active(file):     441448 kB
Inactive(file):   443996 kB
Unevictable:        1580 kB
Mlocked:               0 kB
HighTotal:       1372556 kB
HighFree:         194536 kB
LowTotal:         587396 kB
LowFree:          128052 kB
SwapTotal:        262140 kB
SwapFree:         224556 kB
Dirty:               144 kB
Writeback:             0 kB
AnonPages:        384756 kB
Mapped:           254488 kB
Shmem:               124 kB
Slab:              56020 kB
SReclaimable:      16812 kB
SUnreclaim:        39208 kB
KernelStack:       15616 kB
PageTables:        26684 kB
NFS_Unstable:          0 kB
Bounce:                0 kB
WritebackTmp:          0 kB
CommitLimit:     1242116 kB
Committed_AS:   55765916 kB
VmallocTotal:     409600 kB
VmallocUsed:       39988 kB
VmallocChunk:     115740 kB
Time pass: 103 sec

---2015-12-05 11:13:24
MemTotal:        1959952 kB
MemFree:          322496 kB
Buffers:            2884 kB
Cached:           884384 kB
SwapCached:         1536 kB
Active:           653660 kB
Inactive:         616992 kB
Active(anon):     212208 kB
Inactive(anon):   172880 kB
Active(file):     441452 kB
Inactive(file):   444112 kB
Unevictable:        1580 kB
Mlocked:               0 kB
HighTotal:       1372556 kB
HighFree:         194192 kB
LowTotal:         587396 kB
LowFree:          128304 kB
SwapTotal:        262140 kB
SwapFree:         224556 kB
Dirty:                64 kB
Writeback:             0 kB
AnonPages:        384852 kB
Mapped:           254556 kB
Shmem:               124 kB
Slab:              55956 kB
SReclaimable:      16812 kB
SUnreclaim:        39144 kB
KernelStack:       15512 kB
PageTables:        26696 kB
NFS_Unstable:          0 kB
Bounce:                0 kB
WritebackTmp:          0 kB
CommitLimit:     1242116 kB
Committed_AS:   55765884 kB
VmallocTotal:     409600 kB
VmallocUsed:       39988 kB
VmallocChunk:     115740 kB
Time pass: 107 sec

---2015-12-05 11:13:24
MemTotal:        1959952 kB
MemFree:          250952 kB
Buffers:            2884 kB
Cached:           885216 kB
SwapCached:         1564 kB
Active:           685380 kB
Inactive:         615880 kB
Active(anon):     241888 kB
Inactive(anon):   173012 kB
Active(file):     443492 kB
Inactive(file):   442868 kB
Unevictable:        1580 kB
Mlocked:               0 kB
HighTotal:       1372556 kB
HighFree:         138464 kB
LowTotal:         587396 kB
LowFree:          112488 kB
SwapTotal:        262140 kB
SwapFree:         224560 kB
Dirty:              1008 kB
Writeback:             0 kB
AnonPages:        414504 kB
Mapped:           283800 kB
Shmem:               256 kB
Slab:              55848 kB
SReclaimable:      16836 kB
SUnreclaim:        39012 kB
KernelStack:       16096 kB
PageTables:        27896 kB
NFS_Unstable:          0 kB
Bounce:                0 kB
WritebackTmp:          0 kB
CommitLimit:     1242116 kB
Committed_AS:   57728708 kB
VmallocTotal:     409600 kB
VmallocUsed:       37832 kB
VmallocChunk:     115740 kB
Time pass: 111 sec

---2015-12-05 11:13:24
MemTotal:        1959952 kB
MemFree:          218016 kB
Buffers:            4036 kB
Cached:           887132 kB
SwapCached:         1564 kB
Active:           695388 kB
Inactive:         617076 kB
Active(anon):     251384 kB
Inactive(anon):   171768 kB
Active(file):     444004 kB
Inactive(file):   445308 kB
Unevictable:        1580 kB
Mlocked:               0 kB
HighTotal:       1372556 kB
HighFree:         123912 kB
LowTotal:         587396 kB
LowFree:           94104 kB
SwapTotal:        262140 kB
SwapFree:         224568 kB
Dirty:              1444 kB
Writeback:             0 kB
AnonPages:        422924 kB
Mapped:           293636 kB
Shmem:               260 kB
Slab:              56208 kB
SReclaimable:      16860 kB
SUnreclaim:        39348 kB
KernelStack:       16176 kB
PageTables:        28048 kB
NFS_Unstable:          0 kB
Bounce:                0 kB
WritebackTmp:          0 kB
CommitLimit:     1242116 kB
Committed_AS:   57737356 kB
VmallocTotal:     409600 kB
VmallocUsed:       37940 kB
VmallocChunk:     115740 kB
Time pass: 115 sec

---2015-12-05 11:13:24
MemTotal:        1959952 kB
MemFree:          158828 kB
Buffers:            4036 kB
Cached:           888076 kB
SwapCached:         1564 kB
Active:           710240 kB
Inactive:         616780 kB
Active(anon):     264980 kB
Inactive(anon):   171768 kB
Active(file):     445260 kB
Inactive(file):   445012 kB
Unevictable:        1580 kB
Mlocked:               0 kB
HighTotal:       1372556 kB
HighFree:          81380 kB
LowTotal:         587396 kB
LowFree:           77448 kB
SwapTotal:        262140 kB
SwapFree:         224568 kB
Dirty:              1204 kB
Writeback:             0 kB
AnonPages:        436588 kB
Mapped:           318108 kB
Shmem:               260 kB
Slab:              56328 kB
SReclaimable:      16860 kB
SUnreclaim:        39468 kB
KernelStack:       16160 kB
PageTables:        28136 kB
NFS_Unstable:          0 kB
Bounce:                0 kB
WritebackTmp:          0 kB
CommitLimit:     1242116 kB
Committed_AS:   57751748 kB
VmallocTotal:     409600 kB
VmallocUsed:       38108 kB
VmallocChunk:     115740 kB
Time pass: 119 sec

---2015-12-05 11:13:24
MemTotal:        1959952 kB
MemFree:          146112 kB
Buffers:            4036 kB
Cached:           888240 kB
SwapCached:         1564 kB
Active:           699920 kB
Inactive:         616640 kB
Active(anon):     254376 kB
Inactive(anon):   171764 kB
Active(file):     445544 kB
Inactive(file):   444876 kB
Unevictable:        1580 kB
Mlocked:               0 kB
HighTotal:       1372556 kB
HighFree:          66480 kB
LowTotal:         587396 kB
LowFree:           79632 kB
SwapTotal:        262140 kB
SwapFree:         224568 kB
Dirty:              1412 kB
Writeback:             0 kB
AnonPages:        425780 kB
Mapped:           337164 kB
Shmem:               260 kB
Slab:              56236 kB
SReclaimable:      16860 kB
SUnreclaim:        39376 kB
KernelStack:       16160 kB
PageTables:        28192 kB
NFS_Unstable:          0 kB
Bounce:                0 kB
WritebackTmp:          0 kB
CommitLimit:     1242116 kB
Committed_AS:   57745072 kB
VmallocTotal:     409600 kB
VmallocUsed:       38180 kB
VmallocChunk:     115740 kB
Time pass: 122 sec

---2015-12-05 11:13:24
MemTotal:        1959952 kB
MemFree:          145964 kB
Buffers:            4036 kB
Cached:           888240 kB
SwapCached:         1564 kB
Active:           700188 kB
Inactive:         616640 kB
Active(anon):     254632 kB
Inactive(anon):   171764 kB
Active(file):     445556 kB
Inactive(file):   444876 kB
Unevictable:        1580 kB
Mlocked:               0 kB
HighTotal:       1372556 kB
HighFree:          66028 kB
LowTotal:         587396 kB
LowFree:           79936 kB
SwapTotal:        262140 kB
SwapFree:         224568 kB
Dirty:               508 kB
Writeback:             0 kB
AnonPages:        426068 kB
Mapped:           337216 kB
Shmem:               260 kB
Slab:              56272 kB
SReclaimable:      16860 kB
SUnreclaim:        39412 kB
KernelStack:       16160 kB
PageTables:        28192 kB
NFS_Unstable:          0 kB
Bounce:                0 kB
WritebackTmp:          0 kB
CommitLimit:     1242116 kB
Committed_AS:   57745280 kB
VmallocTotal:     409600 kB
VmallocUsed:       38180 kB
VmallocChunk:     115740 kB
Time pass: 126 sec

---2015-12-05 11:13:24
MemTotal:        1959952 kB
MemFree:          120808 kB
Buffers:            4036 kB
Cached:           888296 kB
SwapCached:         1564 kB
Active:           705604 kB
Inactive:         616672 kB
Active(anon):     260020 kB
Inactive(anon):   171764 kB
Active(file):     445584 kB
Inactive(file):   444908 kB
Unevictable:        1580 kB
Mlocked:               0 kB
HighTotal:       1372556 kB
HighFree:          41352 kB
LowTotal:         587396 kB
LowFree:           79456 kB
SwapTotal:        262140 kB
SwapFree:         224568 kB
Dirty:              1132 kB
Writeback:             0 kB
AnonPages:        431788 kB
Mapped:           352416 kB
Shmem:               260 kB
Slab:              56228 kB
SReclaimable:      16860 kB
SUnreclaim:        39368 kB
KernelStack:       16168 kB
PageTables:        28272 kB
NFS_Unstable:          0 kB
Bounce:                0 kB
WritebackTmp:          0 kB
CommitLimit:     1242116 kB
Committed_AS:   57749020 kB
VmallocTotal:     409600 kB
VmallocUsed:       38268 kB
VmallocChunk:     115740 kB
Time pass: 130 sec

---2015-12-05 11:13:24
MemTotal:        1959952 kB
MemFree:          119964 kB
Buffers:            4036 kB
Cached:           888296 kB
SwapCached:         1564 kB
Active:           706432 kB
Inactive:         616676 kB
Active(anon):     260848 kB
Inactive(anon):   171768 kB
Active(file):     445584 kB
Inactive(file):   444908 kB
Unevictable:        1580 kB
Mlocked:               0 kB
HighTotal:       1372556 kB
HighFree:          40608 kB
LowTotal:         587396 kB
LowFree:           79356 kB
SwapTotal:        262140 kB
SwapFree:         224572 kB
Dirty:               644 kB
Writeback:             0 kB
AnonPages:        432436 kB
Mapped:           352416 kB
Shmem:               260 kB
Slab:              56456 kB
SReclaimable:      16860 kB
SUnreclaim:        39596 kB
KernelStack:       16168 kB
PageTables:        28268 kB
NFS_Unstable:          0 kB
Bounce:                0 kB
WritebackTmp:          0 kB
CommitLimit:     1242116 kB
Committed_AS:   57749300 kB
VmallocTotal:     409600 kB
VmallocUsed:       38268 kB
VmallocChunk:     115740 kB
Time pass: 133 sec

---2015-12-05 11:13:24
MemTotal:        1959952 kB
MemFree:          119928 kB
Buffers:            4036 kB
Cached:           888300 kB
SwapCached:         1564 kB
Active:           706308 kB
Inactive:         616668 kB
Active(anon):     260712 kB
Inactive(anon):   171768 kB
Active(file):     445596 kB
Inactive(file):   444900 kB
Unevictable:        1580 kB
Mlocked:               0 kB
HighTotal:       1372556 kB
HighFree:          40568 kB
LowTotal:         587396 kB
LowFree:           79360 kB
SwapTotal:        262140 kB
SwapFree:         224572 kB
Dirty:               688 kB
Writeback:             0 kB
AnonPages:        432384 kB
Mapped:           352416 kB
Shmem:               260 kB
Slab:              56492 kB
SReclaimable:      16860 kB
SUnreclaim:        39632 kB
KernelStack:       16168 kB
PageTables:        28268 kB
NFS_Unstable:          0 kB
Bounce:                0 kB
WritebackTmp:          0 kB
CommitLimit:     1242116 kB
Committed_AS:   57749292 kB
VmallocTotal:     409600 kB
VmallocUsed:       38268 kB
VmallocChunk:     115740 kB
Time pass: 137 sec

---2015-12-05 11:13:24
MemTotal:        1959952 kB
MemFree:          110844 kB
Buffers:            4036 kB
Cached:           888476 kB
SwapCached:         1564 kB
Active:           717224 kB
Inactive:         615840 kB
Active(anon):     270632 kB
Inactive(anon):   171916 kB
Active(file):     446592 kB
Inactive(file):   443924 kB
Unevictable:        1580 kB
Mlocked:               0 kB
HighTotal:       1372556 kB
HighFree:          33756 kB
LowTotal:         587396 kB
LowFree:           77088 kB
SwapTotal:        262140 kB
SwapFree:         224572 kB
Dirty:               708 kB
Writeback:             0 kB
AnonPages:        442032 kB
Mapped:           354120 kB
Shmem:               416 kB
Slab:              56092 kB
SReclaimable:      16868 kB
SUnreclaim:        39224 kB
KernelStack:       16424 kB
PageTables:        28432 kB
NFS_Unstable:          0 kB
Bounce:                0 kB
WritebackTmp:          0 kB
CommitLimit:     1242116 kB
Committed_AS:   57776596 kB
VmallocTotal:     409600 kB
VmallocUsed:       38268 kB
VmallocChunk:     115740 kB
Time pass: 141 sec

---2015-12-05 11:13:24
MemTotal:        1959952 kB
MemFree:          105920 kB
Buffers:            4036 kB
Cached:           888728 kB
SwapCached:         1564 kB
Active:           720724 kB
Inactive:         616088 kB
Active(anon):     274132 kB
Inactive(anon):   172164 kB
Active(file):     446592 kB
Inactive(file):   443924 kB
Unevictable:        1580 kB
Mlocked:               0 kB
HighTotal:       1372556 kB
HighFree:          29592 kB
LowTotal:         587396 kB
LowFree:           76328 kB
SwapTotal:        262140 kB
SwapFree:         224572 kB
Dirty:               688 kB
Writeback:             0 kB
AnonPages:        445696 kB
Mapped:           354788 kB
Shmem:               668 kB
Slab:              56012 kB
SReclaimable:      16868 kB
SUnreclaim:        39144 kB
KernelStack:       16408 kB
PageTables:        28488 kB
NFS_Unstable:          0 kB
Bounce:                0 kB
WritebackTmp:          0 kB
CommitLimit:     1242116 kB
Committed_AS:   57780036 kB
VmallocTotal:     409600 kB
VmallocUsed:       38268 kB
VmallocChunk:     115740 kB
Time pass: 145 sec

---2015-12-05 11:13:24
MemTotal:        1959952 kB
MemFree:          105016 kB
Buffers:            4036 kB
Cached:           888892 kB
SwapCached:         1564 kB
Active:           721420 kB
Inactive:         616248 kB
Active(anon):     274824 kB
Inactive(anon):   172324 kB
Active(file):     446596 kB
Inactive(file):   443924 kB
Unevictable:        1580 kB
Mlocked:               0 kB
HighTotal:       1372556 kB
HighFree:          28748 kB
LowTotal:         587396 kB
LowFree:           76268 kB
SwapTotal:        262140 kB
SwapFree:         224572 kB
Dirty:               688 kB
Writeback:             0 kB
AnonPages:        446096 kB
Mapped:           354916 kB
Shmem:               828 kB
Slab:              55944 kB
SReclaimable:      16868 kB
SUnreclaim:        39076 kB
KernelStack:       16408 kB
PageTables:        28488 kB
NFS_Unstable:          0 kB
Bounce:                0 kB
WritebackTmp:          0 kB
CommitLimit:     1242116 kB
Committed_AS:   57780180 kB
VmallocTotal:     409600 kB
VmallocUsed:       38268 kB
VmallocChunk:     115740 kB
Time pass: 149 sec

---2015-12-05 11:13:24
MemTotal:        1959952 kB
MemFree:          104272 kB
Buffers:            4036 kB
Cached:           888896 kB
SwapCached:         1564 kB
Active:           721784 kB
Inactive:         616252 kB
Active(anon):     275188 kB
Inactive(anon):   172324 kB
Active(file):     446596 kB
Inactive(file):   443928 kB
Unevictable:        1580 kB
Mlocked:               0 kB
HighTotal:       1372556 kB
HighFree:          28252 kB
LowTotal:         587396 kB
LowFree:           76020 kB
SwapTotal:        262140 kB
SwapFree:         224572 kB
Dirty:               740 kB
Writeback:             0 kB
AnonPages:        446696 kB
Mapped:           354872 kB
Shmem:               828 kB
Slab:              55940 kB
SReclaimable:      16868 kB
SUnreclaim:        39072 kB
KernelStack:       16408 kB
PageTables:        28488 kB
NFS_Unstable:          0 kB
Bounce:                0 kB
WritebackTmp:          0 kB
CommitLimit:     1242116 kB
Committed_AS:   57780280 kB
VmallocTotal:     409600 kB
VmallocUsed:       38268 kB
VmallocChunk:     115740 kB
Time pass: 153 sec

---2015-12-05 11:13:24
MemTotal:        1959952 kB
MemFree:          103776 kB
Buffers:            4036 kB
Cached:           889096 kB
SwapCached:         1564 kB
Active:           722204 kB
Inactive:         616452 kB
Active(anon):     275608 kB
Inactive(anon):   172412 kB
Active(file):     446596 kB
Inactive(file):   444040 kB
Unevictable:        1580 kB
Mlocked:               0 kB
HighTotal:       1372556 kB
HighFree:          27880 kB
LowTotal:         587396 kB
LowFree:           75896 kB
SwapTotal:        262140 kB
SwapFree:         224572 kB
Dirty:               708 kB
Writeback:             0 kB
AnonPages:        446808 kB
Mapped:           354956 kB
Shmem:               916 kB
Slab:              55936 kB
SReclaimable:      16868 kB
SUnreclaim:        39068 kB
KernelStack:       16408 kB
PageTables:        28488 kB
NFS_Unstable:          0 kB
Bounce:                0 kB
WritebackTmp:          0 kB
CommitLimit:     1242116 kB
Committed_AS:   57780672 kB
VmallocTotal:     409600 kB
VmallocUsed:       38268 kB
VmallocChunk:     115740 kB
Time pass: 157 sec

---2015-12-05 11:13:24
MemTotal:        1959952 kB
MemFree:          103696 kB
Buffers:            4036 kB
Cached:           889160 kB
SwapCached:         1564 kB
Active:           722220 kB
Inactive:         616516 kB
Active(anon):     275624 kB
Inactive(anon):   172476 kB
Active(file):     446596 kB
Inactive(file):   444040 kB
Unevictable:        1580 kB
Mlocked:               0 kB
HighTotal:       1372556 kB
HighFree:          27508 kB
LowTotal:         587396 kB
LowFree:           76188 kB
SwapTotal:        262140 kB
SwapFree:         224572 kB
Dirty:               704 kB
Writeback:             0 kB
AnonPages:        446832 kB
Mapped:           355088 kB
Shmem:               980 kB
Slab:              55740 kB
SReclaimable:      16868 kB
SUnreclaim:        38872 kB
KernelStack:       16408 kB
PageTables:        28488 kB
NFS_Unstable:          0 kB
Bounce:                0 kB
WritebackTmp:          0 kB
CommitLimit:     1242116 kB
Committed_AS:   57780592 kB
VmallocTotal:     409600 kB
VmallocUsed:       38268 kB
VmallocChunk:     115740 kB
Time pass: 161 sec

---2015-12-05 11:13:24
MemTotal:        1959952 kB
MemFree:          102912 kB
Buffers:            4036 kB
Cached:           889164 kB
SwapCached:         1564 kB
Active:           722352 kB
Inactive:         616516 kB
Active(anon):     275752 kB
Inactive(anon):   172476 kB
Active(file):     446600 kB
Inactive(file):   444040 kB
Unevictable:        1580 kB
Mlocked:               0 kB
HighTotal:       1372556 kB
HighFree:          27136 kB
LowTotal:         587396 kB
LowFree:           75776 kB
SwapTotal:        262140 kB
SwapFree:         224572 kB
Dirty:               704 kB
Writeback:             0 kB
AnonPages:        447132 kB
Mapped:           355020 kB
Shmem:               980 kB
Slab:              56028 kB
SReclaimable:      16868 kB
SUnreclaim:        39160 kB
KernelStack:       16408 kB
PageTables:        28488 kB
NFS_Unstable:          0 kB
Bounce:                0 kB
WritebackTmp:          0 kB
CommitLimit:     1242116 kB
Committed_AS:   57780672 kB
VmallocTotal:     409600 kB
VmallocUsed:       38268 kB
VmallocChunk:     115740 kB
Time pass: 165 sec

---2015-12-05 11:13:24
MemTotal:        1959952 kB
MemFree:           93616 kB
Buffers:            4036 kB
Cached:           888428 kB
SwapCached:         1564 kB
Active:           732620 kB
Inactive:         616020 kB
Active(anon):     286020 kB
Inactive(anon):   171980 kB
Active(file):     446600 kB
Inactive(file):   444040 kB
Unevictable:        1580 kB
Mlocked:               0 kB
HighTotal:       1372556 kB
HighFree:          24884 kB
LowTotal:         587396 kB
LowFree:           68732 kB
SwapTotal:        262140 kB
SwapFree:         224572 kB
Dirty:               704 kB
Writeback:             0 kB
AnonPages:        457436 kB
Mapped:           354196 kB
Shmem:               244 kB
Slab:              56020 kB
SReclaimable:      16868 kB
SUnreclaim:        39152 kB
KernelStack:       16432 kB
PageTables:        28512 kB
NFS_Unstable:          0 kB
Bounce:                0 kB
WritebackTmp:          0 kB
CommitLimit:     1242116 kB
Committed_AS:   57802868 kB
VmallocTotal:     409600 kB
VmallocUsed:       38268 kB
VmallocChunk:     115740 kB
Time pass: 169 sec

---2015-12-05 11:13:24
MemTotal:        1959952 kB
MemFree:           89428 kB
Buffers:            4096 kB
Cached:           890612 kB
SwapCached:         1564 kB
Active:           734624 kB
Inactive:         617900 kB
Active(anon):     287952 kB
Inactive(anon):   171768 kB
Active(file):     446672 kB
Inactive(file):   446132 kB
Unevictable:        1580 kB
Mlocked:               0 kB
HighTotal:       1372556 kB
HighFree:          25216 kB
LowTotal:         587396 kB
LowFree:           64212 kB
SwapTotal:        262140 kB
SwapFree:         224572 kB
Dirty:               852 kB
Writeback:             0 kB
AnonPages:        459580 kB
Mapped:           354680 kB
Shmem:               280 kB
Slab:              56176 kB
SReclaimable:      16868 kB
SUnreclaim:        39308 kB
KernelStack:       16384 kB
PageTables:        28408 kB
NFS_Unstable:          0 kB
Bounce:                0 kB
WritebackTmp:          0 kB
CommitLimit:     1242116 kB
Committed_AS:   57803136 kB
VmallocTotal:     409600 kB
VmallocUsed:       38268 kB
VmallocChunk:     115740 kB
Time pass: 173 sec

---2015-12-05 11:13:24
MemTotal:        1959952 kB
MemFree:           87796 kB
Buffers:            4096 kB
Cached:           890840 kB
SwapCached:         1564 kB
Active:           738644 kB
Inactive:         617524 kB
Active(anon):     291332 kB
Inactive(anon):   171988 kB
Active(file):     447312 kB
Inactive(file):   445536 kB
Unevictable:        1580 kB
Mlocked:               0 kB
HighTotal:       1372556 kB
HighFree:          24668 kB
LowTotal:         587396 kB
LowFree:           63128 kB
SwapTotal:        262140 kB
SwapFree:         224572 kB
Dirty:               784 kB
Writeback:             0 kB
AnonPages:        462556 kB
Mapped:           352256 kB
Shmem:               508 kB
Slab:              55952 kB
SReclaimable:      16868 kB
SUnreclaim:        39084 kB
KernelStack:       16416 kB
PageTables:        28532 kB
NFS_Unstable:          0 kB
Bounce:                0 kB
WritebackTmp:          0 kB
CommitLimit:     1242116 kB
Committed_AS:   57803236 kB
VmallocTotal:     409600 kB
VmallocUsed:       38268 kB
VmallocChunk:     115740 kB
Time pass: 177 sec

---2015-12-05 11:13:24
MemTotal:        1959952 kB
MemFree:           86760 kB
Buffers:            4096 kB
Cached:           890868 kB
SwapCached:         1564 kB
Active:           740232 kB
Inactive:         617544 kB
Active(anon):     292920 kB
Inactive(anon):   172008 kB
Active(file):     447312 kB
Inactive(file):   445536 kB
Unevictable:        1580 kB
Mlocked:               0 kB
HighTotal:       1372556 kB
HighFree:          24268 kB
LowTotal:         587396 kB
LowFree:           62492 kB
SwapTotal:        262140 kB
SwapFree:         224572 kB
Dirty:               784 kB
Writeback:             0 kB
AnonPages:        464080 kB
Mapped:           352284 kB
Shmem:               536 kB
Slab:              55760 kB
SReclaimable:      16868 kB
SUnreclaim:        38892 kB
KernelStack:       16416 kB
PageTables:        28532 kB
NFS_Unstable:          0 kB
Bounce:                0 kB
WritebackTmp:          0 kB
CommitLimit:     1242116 kB
Committed_AS:   57803612 kB
VmallocTotal:     409600 kB
VmallocUsed:       38268 kB
VmallocChunk:     115740 kB
Time pass: 181 sec

---2015-12-05 11:13:24
MemTotal:        1959952 kB
MemFree:           81504 kB
Buffers:            4096 kB
Cached:           891332 kB
SwapCached:         1564 kB
Active:           745180 kB
Inactive:         617868 kB
Active(anon):     297864 kB
Inactive(anon):   172036 kB
Active(file):     447316 kB
Inactive(file):   445832 kB
Unevictable:        1580 kB
Mlocked:               0 kB
HighTotal:       1372556 kB
HighFree:          24024 kB
LowTotal:         587396 kB
LowFree:           57480 kB
SwapTotal:        262140 kB
SwapFree:         224572 kB
Dirty:               764 kB
Writeback:             0 kB
AnonPages:        469520 kB
Mapped:           356656 kB
Shmem:               556 kB
Slab:              55824 kB
SReclaimable:      16868 kB
SUnreclaim:        38956 kB
KernelStack:       16368 kB
PageTables:        28828 kB
NFS_Unstable:          0 kB
Bounce:                0 kB
WritebackTmp:          0 kB
CommitLimit:     1242116 kB
Committed_AS:   58765848 kB
VmallocTotal:     409600 kB
VmallocUsed:       38268 kB
VmallocChunk:     115740 kB
Time pass: 185 sec

---2015-12-05 11:13:24
MemTotal:        1959952 kB
MemFree:           86284 kB
Buffers:            4096 kB
Cached:           891300 kB
SwapCached:         1560 kB
Active:           740648 kB
Inactive:         617952 kB
Active(anon):     293332 kB
Inactive(anon):   172036 kB
Active(file):     447316 kB
Inactive(file):   445916 kB
Unevictable:        1580 kB
Mlocked:               0 kB
HighTotal:       1372556 kB
HighFree:          25412 kB
LowTotal:         587396 kB
LowFree:           60872 kB
SwapTotal:        262140 kB
SwapFree:         224576 kB
Dirty:               764 kB
Writeback:             0 kB
AnonPages:        464704 kB
Mapped:           352496 kB
Shmem:               580 kB
Slab:              55920 kB
SReclaimable:      16868 kB
SUnreclaim:        39052 kB
KernelStack:       16376 kB
PageTables:        28552 kB
NFS_Unstable:          0 kB
Bounce:                0 kB
WritebackTmp:          0 kB
CommitLimit:     1242116 kB
Committed_AS:   57801292 kB
VmallocTotal:     409600 kB
VmallocUsed:       38268 kB
VmallocChunk:     115740 kB
Time pass: 189 sec

---2015-12-05 11:13:24
MemTotal:        1959952 kB
MemFree:           89920 kB
Buffers:            4096 kB
Cached:           891308 kB
SwapCached:         1560 kB
Active:           736384 kB
Inactive:         617972 kB
Active(anon):     289072 kB
Inactive(anon):   172052 kB
Active(file):     447312 kB
Inactive(file):   445920 kB
Unevictable:        1580 kB
Mlocked:               0 kB
HighTotal:       1372556 kB
HighFree:          27512 kB
LowTotal:         587396 kB
LowFree:           62408 kB
SwapTotal:        262140 kB
SwapFree:         224576 kB
Dirty:               788 kB
Writeback:             0 kB
AnonPages:        460368 kB
Mapped:           352508 kB
Shmem:               592 kB
Slab:              55852 kB
SReclaimable:      16868 kB
SUnreclaim:        38984 kB
KernelStack:       16376 kB
PageTables:        28556 kB
NFS_Unstable:          0 kB
Bounce:                0 kB
WritebackTmp:          0 kB
CommitLimit:     1242116 kB
Committed_AS:   57801364 kB
VmallocTotal:     409600 kB
VmallocUsed:       38268 kB
VmallocChunk:     115740 kB
Time pass: 193 sec

---2015-12-05 11:13:24
MemTotal:        1959952 kB
MemFree:           89292 kB
Buffers:            4096 kB
Cached:           891328 kB
SwapCached:         1560 kB
Active:           736724 kB
Inactive:         618004 kB
Active(anon):     289412 kB
Inactive(anon):   172084 kB
Active(file):     447312 kB
Inactive(file):   445920 kB
Unevictable:        1580 kB
Mlocked:               0 kB
HighTotal:       1372556 kB
HighFree:          25860 kB
LowTotal:         587396 kB
LowFree:           63432 kB
SwapTotal:        262140 kB
SwapFree:         224576 kB
Dirty:               784 kB
Writeback:             0 kB
AnonPages:        460640 kB
Mapped:           352528 kB
Shmem:               612 kB
Slab:              55820 kB
SReclaimable:      16868 kB
SUnreclaim:        38952 kB
KernelStack:       16376 kB
PageTables:        28556 kB
NFS_Unstable:          0 kB
Bounce:                0 kB
WritebackTmp:          0 kB
CommitLimit:     1242116 kB
Committed_AS:   57801468 kB
VmallocTotal:     409600 kB
VmallocUsed:       38268 kB
VmallocChunk:     115740 kB
Time pass: 196 sec

---2015-12-05 11:13:24
MemTotal:        1959952 kB
MemFree:           88804 kB
Buffers:            4096 kB
Cached:           891328 kB
SwapCached:         1560 kB
Active:           737308 kB
Inactive:         618004 kB
Active(anon):     289996 kB
Inactive(anon):   172084 kB
Active(file):     447312 kB
Inactive(file):   445920 kB
Unevictable:        1580 kB
Mlocked:               0 kB
HighTotal:       1372556 kB
HighFree:          24520 kB
LowTotal:         587396 kB
LowFree:           64284 kB
SwapTotal:        262140 kB
SwapFree:         224576 kB
Dirty:               784 kB
Writeback:             0 kB
AnonPages:        461356 kB
Mapped:           352616 kB
Shmem:               612 kB
Slab:              55856 kB
SReclaimable:      16868 kB
SUnreclaim:        38988 kB
KernelStack:       16376 kB
PageTables:        28556 kB
NFS_Unstable:          0 kB
Bounce:                0 kB
WritebackTmp:          0 kB
CommitLimit:     1242116 kB
Committed_AS:   57801520 kB
VmallocTotal:     409600 kB
VmallocUsed:       38268 kB
VmallocChunk:     115740 kB
Time pass: 200 sec

---2015-12-05 11:13:24
MemTotal:        1959952 kB
MemFree:           88160 kB
Buffers:            4096 kB
Cached:           891332 kB
SwapCached:         1560 kB
Active:           738456 kB
Inactive:         618004 kB
Active(anon):     291140 kB
Inactive(anon):   172088 kB
Active(file):     447316 kB
Inactive(file):   445916 kB
Unevictable:        1580 kB
Mlocked:               0 kB
HighTotal:       1372556 kB
HighFree:          25388 kB
LowTotal:         587396 kB
LowFree:           62772 kB
SwapTotal:        262140 kB
SwapFree:         224576 kB
Dirty:               768 kB
Writeback:             0 kB
AnonPages:        462532 kB
Mapped:           352668 kB
Shmem:               616 kB
Slab:              55820 kB
SReclaimable:      16868 kB
SUnreclaim:        38952 kB
KernelStack:       16504 kB
PageTables:        28624 kB
NFS_Unstable:          0 kB
Bounce:                0 kB
WritebackTmp:          0 kB
CommitLimit:     1242116 kB
Committed_AS:   57801644 kB
VmallocTotal:     409600 kB
VmallocUsed:       38268 kB
VmallocChunk:     115740 kB
Time pass: 204 sec

---2015-12-05 11:13:24
MemTotal:        1959952 kB
MemFree:           87648 kB
Buffers:            4096 kB
Cached:           891332 kB
SwapCached:         1560 kB
Active:           738768 kB
Inactive:         618000 kB
Active(anon):     291456 kB
Inactive(anon):   172080 kB
Active(file):     447312 kB
Inactive(file):   445920 kB
Unevictable:        1580 kB
Mlocked:               0 kB
HighTotal:       1372556 kB
HighFree:          25264 kB
LowTotal:         587396 kB
LowFree:           62384 kB
SwapTotal:        262140 kB
SwapFree:         224576 kB
Dirty:               788 kB
Writeback:             0 kB
AnonPages:        462624 kB
Mapped:           352544 kB
Shmem:               616 kB
Slab:              56140 kB
SReclaimable:      16868 kB
SUnreclaim:        39272 kB
KernelStack:       16376 kB
PageTables:        28556 kB
NFS_Unstable:          0 kB
Bounce:                0 kB
WritebackTmp:          0 kB
CommitLimit:     1242116 kB
Committed_AS:   57801680 kB
VmallocTotal:     409600 kB
VmallocUsed:       38268 kB
VmallocChunk:     115740 kB
Time pass: 208 sec

---2015-12-05 11:13:24
MemTotal:        1959952 kB
MemFree:           85640 kB
Buffers:            4096 kB
Cached:           891332 kB
SwapCached:         1560 kB
Active:           740512 kB
Inactive:         618000 kB
Active(anon):     293200 kB
Inactive(anon):   172080 kB
Active(file):     447312 kB
Inactive(file):   445920 kB
Unevictable:        1580 kB
Mlocked:               0 kB
HighTotal:       1372556 kB
HighFree:          24148 kB
LowTotal:         587396 kB
LowFree:           61492 kB
SwapTotal:        262140 kB
SwapFree:         224576 kB
Dirty:               784 kB
Writeback:             0 kB
AnonPages:        464788 kB
Mapped:           352544 kB
Shmem:               616 kB
Slab:              55860 kB
SReclaimable:      16868 kB
SUnreclaim:        38992 kB
KernelStack:       16376 kB
PageTables:        28560 kB
NFS_Unstable:          0 kB
Bounce:                0 kB
WritebackTmp:          0 kB
CommitLimit:     1242116 kB
Committed_AS:   57802900 kB
VmallocTotal:     409600 kB
VmallocUsed:       38268 kB
VmallocChunk:     115740 kB
Time pass: 211 sec

---2015-12-05 11:13:24
MemTotal:        1959952 kB
MemFree:           85628 kB
Buffers:            4096 kB
Cached:           891436 kB
SwapCached:         1560 kB
Active:           741144 kB
Inactive:         618092 kB
Active(anon):     293824 kB
Inactive(anon):   172076 kB
Active(file):     447320 kB
Inactive(file):   446016 kB
Unevictable:        1580 kB
Mlocked:               0 kB
HighTotal:       1372556 kB
HighFree:          24272 kB
LowTotal:         587396 kB
LowFree:           61356 kB
SwapTotal:        262140 kB
SwapFree:         224576 kB
Dirty:               860 kB
Writeback:             0 kB
AnonPages:        464876 kB
Mapped:           352544 kB
Shmem:               616 kB
Slab:              55860 kB
SReclaimable:      16868 kB
SUnreclaim:        38992 kB
KernelStack:       16376 kB
PageTables:        28556 kB
NFS_Unstable:          0 kB
Bounce:                0 kB
WritebackTmp:          0 kB
CommitLimit:     1242116 kB
Committed_AS:   57801820 kB
VmallocTotal:     409600 kB
VmallocUsed:       38268 kB
VmallocChunk:     115740 kB
Time pass: 215 sec

---2015-12-05 11:13:24
MemTotal:        1959952 kB
MemFree:           83696 kB
Buffers:            4096 kB
Cached:           891436 kB
SwapCached:         1560 kB
Active:           742324 kB
Inactive:         618092 kB
Active(anon):     295004 kB
Inactive(anon):   172076 kB
Active(file):     447320 kB
Inactive(file):   446016 kB
Unevictable:        1580 kB
Mlocked:               0 kB
HighTotal:       1372556 kB
HighFree:          24148 kB
LowTotal:         587396 kB
LowFree:           59548 kB
SwapTotal:        262140 kB
SwapFree:         224576 kB
Dirty:               780 kB
Writeback:             0 kB
AnonPages:        466324 kB
Mapped:           352544 kB
Shmem:               616 kB
Slab:              55892 kB
SReclaimable:      16868 kB
SUnreclaim:        39024 kB
KernelStack:       16376 kB
PageTables:        28556 kB
NFS_Unstable:          0 kB
Bounce:                0 kB
WritebackTmp:          0 kB
CommitLimit:     1242116 kB
Committed_AS:   57801880 kB
VmallocTotal:     409600 kB
VmallocUsed:       38268 kB
VmallocChunk:     115740 kB
Time pass: 219 sec

---2015-12-05 11:13:24
MemTotal:        1959952 kB
MemFree:           79924 kB
Buffers:            4096 kB
Cached:           891436 kB
SwapCached:         1560 kB
Active:           746676 kB
Inactive:         618096 kB
Active(anon):     299356 kB
Inactive(anon):   172076 kB
Active(file):     447320 kB
Inactive(file):   446020 kB
Unevictable:        1580 kB
Mlocked:               0 kB
HighTotal:       1372556 kB
HighFree:          24148 kB
LowTotal:         587396 kB
LowFree:           55776 kB
SwapTotal:        262140 kB
SwapFree:         224576 kB
Dirty:               796 kB
Writeback:             0 kB
AnonPages:        470760 kB
Mapped:           356876 kB
Shmem:               616 kB
Slab:              55956 kB
SReclaimable:      16868 kB
SUnreclaim:        39088 kB
KernelStack:       16480 kB
PageTables:        28976 kB
NFS_Unstable:          0 kB
Bounce:                0 kB
WritebackTmp:          0 kB
CommitLimit:     1242116 kB
Committed_AS:   58763928 kB
VmallocTotal:     409600 kB
VmallocUsed:       39288 kB
VmallocChunk:     115740 kB
Time pass: 222 sec

---2015-12-05 11:13:24
MemTotal:        1959952 kB
MemFree:           82656 kB
Buffers:            4096 kB
Cached:           891436 kB
SwapCached:         1560 kB
Active:           743964 kB
Inactive:         618088 kB
Active(anon):     296644 kB
Inactive(anon):   172072 kB
Active(file):     447320 kB
Inactive(file):   446016 kB
Unevictable:        1580 kB
Mlocked:               0 kB
HighTotal:       1372556 kB
HighFree:          24984 kB
LowTotal:         587396 kB
LowFree:           57672 kB
SwapTotal:        262140 kB
SwapFree:         224576 kB
Dirty:               780 kB
Writeback:             0 kB
AnonPages:        467992 kB
Mapped:           352544 kB
Shmem:               616 kB
Slab:              55972 kB
SReclaimable:      16868 kB
SUnreclaim:        39104 kB
KernelStack:       16376 kB
PageTables:        28556 kB
NFS_Unstable:          0 kB
Bounce:                0 kB
WritebackTmp:          0 kB
CommitLimit:     1242116 kB
Committed_AS:   57801952 kB
VmallocTotal:     409600 kB
VmallocUsed:       38268 kB
VmallocChunk:     115740 kB
Time pass: 226 sec

---2015-12-05 11:13:24
MemTotal:        1959952 kB
MemFree:          114392 kB
Buffers:            4092 kB
Cached:           879888 kB
SwapCached:         1560 kB
Active:           735368 kB
Inactive:         616116 kB
Active(anon):     295780 kB
Inactive(anon):   173920 kB
Active(file):     439588 kB
Inactive(file):   442196 kB
Unevictable:        1580 kB
Mlocked:               0 kB
HighTotal:       1372556 kB
HighFree:          41404 kB
LowTotal:         587396 kB
LowFree:           72988 kB
SwapTotal:        262140 kB
SwapFree:         224360 kB
Dirty:               792 kB
Writeback:             0 kB
AnonPages:        469032 kB
Mapped:           352544 kB
Shmem:               616 kB
Slab:              55732 kB
SReclaimable:      16700 kB
SUnreclaim:        39032 kB
KernelStack:       16384 kB
PageTables:        28564 kB
NFS_Unstable:          0 kB
Bounce:                0 kB
WritebackTmp:          0 kB
CommitLimit:     1242116 kB
Committed_AS:   57802072 kB
VmallocTotal:     409600 kB
VmallocUsed:       38268 kB
VmallocChunk:     115740 kB
Time pass: 230 sec

---2015-12-05 11:13:24
MemTotal:        1959952 kB
MemFree:          114064 kB
Buffers:            4092 kB
Cached:           880084 kB
SwapCached:         1560 kB
Active:           735248 kB
Inactive:         616288 kB
Active(anon):     295644 kB
Inactive(anon):   173916 kB
Active(file):     439604 kB
Inactive(file):   442372 kB
Unevictable:        1580 kB
Mlocked:               0 kB
HighTotal:       1372556 kB
HighFree:          40440 kB
LowTotal:         587396 kB
LowFree:           73624 kB
SwapTotal:        262140 kB
SwapFree:         224360 kB
Dirty:               800 kB
Writeback:             0 kB
AnonPages:        468664 kB
Mapped:           352572 kB
Shmem:               620 kB
Slab:              55812 kB
SReclaimable:      16756 kB
SUnreclaim:        39056 kB
KernelStack:       16384 kB
PageTables:        28564 kB
NFS_Unstable:          0 kB
Bounce:                0 kB
WritebackTmp:          0 kB
CommitLimit:     1242116 kB
Committed_AS:   57801892 kB
VmallocTotal:     409600 kB
VmallocUsed:       38268 kB
VmallocChunk:     115740 kB
Time pass: 234 sec

---2015-12-05 11:13:24
MemTotal:        1959952 kB
MemFree:          118932 kB
Buffers:            4092 kB
Cached:           880084 kB
SwapCached:         1560 kB
Active:           730312 kB
Inactive:         616292 kB
Active(anon):     290712 kB
Inactive(anon):   173916 kB
Active(file):     439600 kB
Inactive(file):   442376 kB
Unevictable:        1580 kB
Mlocked:               0 kB
HighTotal:       1372556 kB
HighFree:          41884 kB
LowTotal:         587396 kB
LowFree:           77048 kB
SwapTotal:        262140 kB
SwapFree:         224360 kB
Dirty:               816 kB
Writeback:             0 kB
AnonPages:        463896 kB
Mapped:           352476 kB
Shmem:               620 kB
Slab:              55796 kB
SReclaimable:      16756 kB
SUnreclaim:        39040 kB
KernelStack:       16448 kB
PageTables:        28548 kB
NFS_Unstable:          0 kB
Bounce:                0 kB
WritebackTmp:          0 kB
CommitLimit:     1242116 kB
Committed_AS:   57801868 kB
VmallocTotal:     409600 kB
VmallocUsed:       38268 kB
VmallocChunk:     115740 kB
Time pass: 237 sec

---2015-12-05 11:13:24
MemTotal:        1959952 kB
MemFree:          114392 kB
Buffers:            4092 kB
Cached:           880084 kB
SwapCached:         1560 kB
Active:           734364 kB
Inactive:         616288 kB
Active(anon):     294760 kB
Inactive(anon):   173916 kB
Active(file):     439604 kB
Inactive(file):   442372 kB
Unevictable:        1580 kB
Mlocked:               0 kB
HighTotal:       1372556 kB
HighFree:          37604 kB
LowTotal:         587396 kB
LowFree:           76788 kB
SwapTotal:        262140 kB
SwapFree:         224360 kB
Dirty:               800 kB
Writeback:             0 kB
AnonPages:        467920 kB
Mapped:           356216 kB
Shmem:               620 kB
Slab:              55816 kB
SReclaimable:      16756 kB
SUnreclaim:        39060 kB
KernelStack:       16384 kB
PageTables:        28860 kB
NFS_Unstable:          0 kB
Bounce:                0 kB
WritebackTmp:          0 kB
CommitLimit:     1242116 kB
Committed_AS:   58763836 kB
VmallocTotal:     409600 kB
VmallocUsed:       39288 kB
VmallocChunk:     115740 kB
Time pass: 241 sec

---2015-12-05 11:13:24
MemTotal:        1959952 kB
MemFree:          116784 kB
Buffers:            4092 kB
Cached:           880084 kB
SwapCached:         1560 kB
Active:           731456 kB
Inactive:         616284 kB
Active(anon):     291852 kB
Inactive(anon):   173912 kB
Active(file):     439604 kB
Inactive(file):   442372 kB
Unevictable:        1580 kB
Mlocked:               0 kB
HighTotal:       1372556 kB
HighFree:          39264 kB
LowTotal:         587396 kB
LowFree:           77520 kB
SwapTotal:        262140 kB
SwapFree:         224360 kB
Dirty:               788 kB
Writeback:             0 kB
AnonPages:        465072 kB
Mapped:           352848 kB
Shmem:               620 kB
Slab:              55888 kB
SReclaimable:      16764 kB
SUnreclaim:        39124 kB
KernelStack:       16384 kB
PageTables:        28564 kB
NFS_Unstable:          0 kB
Bounce:                0 kB
WritebackTmp:          0 kB
CommitLimit:     1242116 kB
Committed_AS:   57802428 kB
VmallocTotal:     409600 kB
VmallocUsed:       38268 kB
VmallocChunk:     115740 kB
Time pass: 245 sec

---2015-12-05 11:13:24
MemTotal:        1959952 kB
MemFree:          115612 kB
Buffers:            4092 kB
Cached:           880168 kB
SwapCached:         1560 kB
Active:           732600 kB
Inactive:         616356 kB
Active(anon):     292988 kB
Inactive(anon):   173976 kB
Active(file):     439612 kB
Inactive(file):   442380 kB
Unevictable:        1580 kB
Mlocked:               0 kB
HighTotal:       1372556 kB
HighFree:          37828 kB
LowTotal:         587396 kB
LowFree:           77784 kB
SwapTotal:        262140 kB
SwapFree:         224360 kB
Dirty:               800 kB
Writeback:             0 kB
AnonPages:        465980 kB
Mapped:           353052 kB
Shmem:               688 kB
Slab:              55824 kB
SReclaimable:      16764 kB
SUnreclaim:        39060 kB
KernelStack:       16384 kB
PageTables:        28564 kB
NFS_Unstable:          0 kB
Bounce:                0 kB
WritebackTmp:          0 kB
CommitLimit:     1242116 kB
Committed_AS:   57802608 kB
VmallocTotal:     409600 kB
VmallocUsed:       38268 kB
VmallocChunk:     115740 kB
Time pass: 249 sec

---2015-12-05 11:13:24
MemTotal:        1959952 kB
MemFree:          115732 kB
Buffers:            4092 kB
Cached:           880176 kB
SwapCached:         1560 kB
Active:           732488 kB
Inactive:         616360 kB
Active(anon):     292880 kB
Inactive(anon):   173976 kB
Active(file):     439608 kB
Inactive(file):   442384 kB
Unevictable:        1580 kB
Mlocked:               0 kB
HighTotal:       1372556 kB
HighFree:          36560 kB
LowTotal:         587396 kB
LowFree:           79172 kB
SwapTotal:        262140 kB
SwapFree:         224360 kB
Dirty:               820 kB
Writeback:             0 kB
AnonPages:        465980 kB
Mapped:           353060 kB
Shmem:               696 kB
Slab:              55868 kB
SReclaimable:      16764 kB
SUnreclaim:        39104 kB
KernelStack:       16376 kB
PageTables:        28568 kB
NFS_Unstable:          0 kB
Bounce:                0 kB
WritebackTmp:          0 kB
CommitLimit:     1242116 kB
Committed_AS:   57799304 kB
VmallocTotal:     409600 kB
VmallocUsed:       38268 kB
VmallocChunk:     115740 kB
Time pass: 253 sec

---2015-12-05 11:13:24
MemTotal:        1959952 kB
MemFree:          117180 kB
Buffers:            4092 kB
Cached:           880180 kB
SwapCached:         1560 kB
Active:           730616 kB
Inactive:         616360 kB
Active(anon):     291008 kB
Inactive(anon):   173976 kB
Active(file):     439608 kB
Inactive(file):   442384 kB
Unevictable:        1580 kB
Mlocked:               0 kB
HighTotal:       1372556 kB
HighFree:          36272 kB
LowTotal:         587396 kB
LowFree:           80908 kB
SwapTotal:        262140 kB
SwapFree:         224360 kB
Dirty:               816 kB
Writeback:             0 kB
AnonPages:        463996 kB
Mapped:           352988 kB
Shmem:               700 kB
Slab:              55992 kB
SReclaimable:      16764 kB
SUnreclaim:        39228 kB
KernelStack:       16376 kB
PageTables:        28568 kB
NFS_Unstable:          0 kB
Bounce:                0 kB
WritebackTmp:          0 kB
CommitLimit:     1242116 kB
Committed_AS:   57799444 kB
VmallocTotal:     409600 kB
VmallocUsed:       38268 kB
VmallocChunk:     115740 kB
Time pass: 257 sec

---2015-12-05 11:13:24
MemTotal:        1959952 kB
MemFree:          116204 kB
Buffers:            4092 kB
Cached:           880180 kB
SwapCached:         1560 kB
Active:           732312 kB
Inactive:         616352 kB
Active(anon):     292704 kB
Inactive(anon):   173968 kB
Active(file):     439608 kB
Inactive(file):   442384 kB
Unevictable:        1580 kB
Mlocked:               0 kB
HighTotal:       1372556 kB
HighFree:          35532 kB
LowTotal:         587396 kB
LowFree:           80672 kB
SwapTotal:        262140 kB
SwapFree:         224360 kB
Dirty:               880 kB
Writeback:             0 kB
AnonPages:        465776 kB
Mapped:           353060 kB
Shmem:               700 kB
Slab:              55880 kB
SReclaimable:      16772 kB
SUnreclaim:        39108 kB
KernelStack:       16560 kB
PageTables:        28504 kB
NFS_Unstable:          0 kB
Bounce:                0 kB
WritebackTmp:          0 kB
CommitLimit:     1242116 kB
Committed_AS:   57799736 kB
VmallocTotal:     409600 kB
VmallocUsed:       38268 kB
VmallocChunk:     115740 kB
Time pass: 261 sec

---2015-12-05 11:13:24
MemTotal:        1959952 kB
MemFree:          117792 kB
Buffers:            4092 kB
Cached:           880300 kB
SwapCached:         1560 kB
Active:           730808 kB
Inactive:         616440 kB
Active(anon):     291168 kB
Inactive(anon):   173968 kB
Active(file):     439640 kB
Inactive(file):   442472 kB
Unevictable:        1580 kB
Mlocked:               0 kB
HighTotal:       1372556 kB
HighFree:          36356 kB
LowTotal:         587396 kB
LowFree:           81436 kB
SwapTotal:        262140 kB
SwapFree:         224360 kB
Dirty:               804 kB
Writeback:             0 kB
AnonPages:        464544 kB
Mapped:           352272 kB
Shmem:               700 kB
Slab:              55908 kB
SReclaimable:      16780 kB
SUnreclaim:        39128 kB
KernelStack:       16216 kB
PageTables:        28316 kB
NFS_Unstable:          0 kB
Bounce:                0 kB
WritebackTmp:          0 kB
CommitLimit:     1242116 kB
Committed_AS:   57788852 kB
VmallocTotal:     409600 kB
VmallocUsed:       37248 kB
VmallocChunk:     115740 kB
Time pass: 264 sec

---2015-12-05 11:13:24
MemTotal:        1959952 kB
MemFree:          117744 kB
Buffers:            4092 kB
Cached:           880300 kB
SwapCached:         1560 kB
Active:           731364 kB
Inactive:         616444 kB
Active(anon):     291728 kB
Inactive(anon):   173968 kB
Active(file):     439636 kB
Inactive(file):   442476 kB
Unevictable:        1580 kB
Mlocked:               0 kB
HighTotal:       1372556 kB
HighFree:          36268 kB
LowTotal:         587396 kB
LowFree:           81476 kB
SwapTotal:        262140 kB
SwapFree:         224360 kB
Dirty:               824 kB
Writeback:             0 kB
AnonPages:        464860 kB
Mapped:           352380 kB
Shmem:               700 kB
Slab:              55844 kB
SReclaimable:      16788 kB
SUnreclaim:        39056 kB
KernelStack:       16240 kB
PageTables:        28192 kB
NFS_Unstable:          0 kB
Bounce:                0 kB
WritebackTmp:          0 kB
CommitLimit:     1242116 kB
Committed_AS:   56850016 kB
VmallocTotal:     409600 kB
VmallocUsed:       37248 kB
VmallocChunk:     115740 kB
Time pass: 268 sec

---2015-12-05 11:13:24
MemTotal:        1959952 kB
MemFree:          116420 kB
Buffers:            4092 kB
Cached:           880300 kB
SwapCached:         1560 kB
Active:           732480 kB
Inactive:         616448 kB
Active(anon):     292844 kB
Inactive(anon):   173972 kB
Active(file):     439636 kB
Inactive(file):   442476 kB
Unevictable:        1580 kB
Mlocked:               0 kB
HighTotal:       1372556 kB
HighFree:          34740 kB
LowTotal:         587396 kB
LowFree:           81680 kB
SwapTotal:        262140 kB
SwapFree:         224364 kB
Dirty:               824 kB
Writeback:             0 kB
AnonPages:        465840 kB
Mapped:           352248 kB
Shmem:               700 kB
Slab:              55992 kB
SReclaimable:      16788 kB
SUnreclaim:        39204 kB
KernelStack:       16232 kB
PageTables:        28196 kB
NFS_Unstable:          0 kB
Bounce:                0 kB
WritebackTmp:          0 kB
CommitLimit:     1242116 kB
Committed_AS:   56850092 kB
VmallocTotal:     409600 kB
VmallocUsed:       37248 kB
VmallocChunk:     115740 kB
Time pass: 272 sec

---2015-12-05 11:13:24
MemTotal:        1959952 kB
MemFree:          115800 kB
Buffers:            4092 kB
Cached:           880360 kB
SwapCached:         1560 kB
Active:           733444 kB
Inactive:         616508 kB
Active(anon):     293808 kB
Inactive(anon):   173988 kB
Active(file):     439636 kB
Inactive(file):   442520 kB
Unevictable:        1580 kB
Mlocked:               0 kB
HighTotal:       1372556 kB
HighFree:          34156 kB
LowTotal:         587396 kB
LowFree:           81644 kB
SwapTotal:        262140 kB
SwapFree:         224364 kB
Dirty:               912 kB
Writeback:             0 kB
AnonPages:        466948 kB
Mapped:           352340 kB
Shmem:               716 kB
Slab:              55888 kB
SReclaimable:      16788 kB
SUnreclaim:        39100 kB
KernelStack:       16232 kB
PageTables:        28200 kB
NFS_Unstable:          0 kB
Bounce:                0 kB
WritebackTmp:          0 kB
CommitLimit:     1242116 kB
Committed_AS:   56850192 kB
VmallocTotal:     409600 kB
VmallocUsed:       37248 kB
VmallocChunk:     115740 kB
Time pass: 276 sec

---2015-12-05 11:13:24
MemTotal:        1959952 kB
MemFree:          113932 kB
Buffers:            4092 kB
Cached:           880360 kB
SwapCached:         1560 kB
Active:           735396 kB
Inactive:         616512 kB
Active(anon):     295764 kB
Inactive(anon):   173988 kB
Active(file):     439632 kB
Inactive(file):   442524 kB
Unevictable:        1580 kB
Mlocked:               0 kB
HighTotal:       1372556 kB
HighFree:          32016 kB
LowTotal:         587396 kB
LowFree:           81916 kB
SwapTotal:        262140 kB
SwapFree:         224364 kB
Dirty:               904 kB
Writeback:             0 kB
AnonPages:        468952 kB
Mapped:           352084 kB
Shmem:               716 kB
Slab:              56016 kB
SReclaimable:      16788 kB
SUnreclaim:        39228 kB
KernelStack:       16248 kB
PageTables:        28132 kB
NFS_Unstable:          0 kB
Bounce:                0 kB
WritebackTmp:          0 kB
CommitLimit:     1242116 kB
Committed_AS:   56851360 kB
VmallocTotal:     409600 kB
VmallocUsed:       37248 kB
VmallocChunk:     115740 kB
Time pass: 279 sec

---2015-12-05 11:13:24
MemTotal:        1959952 kB
MemFree:          114644 kB
Buffers:            4092 kB
Cached:           880360 kB
SwapCached:         1560 kB
Active:           734704 kB
Inactive:         616508 kB
Active(anon):     295068 kB
Inactive(anon):   173988 kB
Active(file):     439636 kB
Inactive(file):   442520 kB
Unevictable:        1580 kB
Mlocked:               0 kB
HighTotal:       1372556 kB
HighFree:          32636 kB
LowTotal:         587396 kB
LowFree:           82008 kB
SwapTotal:        262140 kB
SwapFree:         224364 kB
Dirty:               912 kB
Writeback:             0 kB
AnonPages:        468044 kB
Mapped:           352264 kB
Shmem:               716 kB
Slab:              55916 kB
SReclaimable:      16788 kB
SUnreclaim:        39128 kB
KernelStack:       16208 kB
PageTables:        28200 kB
NFS_Unstable:          0 kB
Bounce:                0 kB
WritebackTmp:          0 kB
CommitLimit:     1242116 kB
Committed_AS:   56850280 kB
VmallocTotal:     409600 kB
VmallocUsed:       37248 kB
VmallocChunk:     115740 kB
Time pass: 283 sec

---2015-12-05 11:13:24
MemTotal:        1959952 kB
MemFree:          113648 kB
Buffers:            4092 kB
Cached:           880360 kB
SwapCached:         1560 kB
Active:           735704 kB
Inactive:         616504 kB
Active(anon):     296068 kB
Inactive(anon):   173984 kB
Active(file):     439636 kB
Inactive(file):   442520 kB
Unevictable:        1580 kB
Mlocked:               0 kB
HighTotal:       1372556 kB
HighFree:          31396 kB
LowTotal:         587396 kB
LowFree:           82252 kB
SwapTotal:        262140 kB
SwapFree:         224364 kB
Dirty:               912 kB
Writeback:             0 kB
AnonPages:        469164 kB
Mapped:           352340 kB
Shmem:               716 kB
Slab:              55820 kB
SReclaimable:      16788 kB
SUnreclaim:        39032 kB
KernelStack:       16208 kB
PageTables:        28204 kB
NFS_Unstable:          0 kB
Bounce:                0 kB
WritebackTmp:          0 kB
CommitLimit:     1242116 kB
Committed_AS:   56850376 kB
VmallocTotal:     409600 kB
VmallocUsed:       37248 kB
VmallocChunk:     115740 kB
Time pass: 287 sec

---2015-12-05 11:13:24
MemTotal:        1959952 kB
MemFree:          112632 kB
Buffers:            4092 kB
Cached:           880360 kB
SwapCached:         1560 kB
Active:           736868 kB
Inactive:         616504 kB
Active(anon):     297232 kB
Inactive(anon):   173984 kB
Active(file):     439636 kB
Inactive(file):   442520 kB
Unevictable:        1580 kB
Mlocked:               0 kB
HighTotal:       1372556 kB
HighFree:          30280 kB
LowTotal:         587396 kB
LowFree:           82352 kB
SwapTotal:        262140 kB
SwapFree:         224364 kB
Dirty:               912 kB
Writeback:             0 kB
AnonPages:        470512 kB
Mapped:           352264 kB
Shmem:               716 kB
Slab:              55852 kB
SReclaimable:      16788 kB
SUnreclaim:        39064 kB
KernelStack:       16200 kB
PageTables:        28204 kB
NFS_Unstable:          0 kB
Bounce:                0 kB
WritebackTmp:          0 kB
CommitLimit:     1242116 kB
Committed_AS:   56850448 kB
VmallocTotal:     409600 kB
VmallocUsed:       37248 kB
VmallocChunk:     115740 kB
Time pass: 290 sec

---2015-12-05 11:13:24
MemTotal:        1959952 kB
MemFree:          110968 kB
Buffers:            4092 kB
Cached:           880372 kB
SwapCached:         1560 kB
Active:           737984 kB
Inactive:         616512 kB
Active(anon):     298344 kB
Inactive(anon):   173984 kB
Active(file):     439640 kB
Inactive(file):   442528 kB
Unevictable:        1580 kB
Mlocked:               0 kB
HighTotal:       1372556 kB
HighFree:          28792 kB
LowTotal:         587396 kB
LowFree:           82176 kB
SwapTotal:        262140 kB
SwapFree:         224364 kB
Dirty:               892 kB
Writeback:             0 kB
AnonPages:        471524 kB
Mapped:           352264 kB
Shmem:               716 kB
Slab:              55760 kB
SReclaimable:      16788 kB
SUnreclaim:        38972 kB
KernelStack:       16200 kB
PageTables:        28208 kB
NFS_Unstable:          0 kB
Bounce:                0 kB
WritebackTmp:          0 kB
CommitLimit:     1242116 kB
Committed_AS:   56850588 kB
VmallocTotal:     409600 kB
VmallocUsed:       37248 kB
VmallocChunk:     115740 kB
Time pass: 294 sec

---2015-12-05 11:13:24
MemTotal:        1959952 kB
MemFree:          108464 kB
Buffers:            4092 kB
Cached:           880372 kB
SwapCached:         1560 kB
Active:           739996 kB
Inactive:         616512 kB
Active(anon):     300356 kB
Inactive(anon):   173984 kB
Active(file):     439640 kB
Inactive(file):   442528 kB
Unevictable:        1580 kB
Mlocked:               0 kB
HighTotal:       1372556 kB
HighFree:          26808 kB
LowTotal:         587396 kB
LowFree:           81656 kB
SwapTotal:        262140 kB
SwapFree:         224364 kB
Dirty:               892 kB
Writeback:             0 kB
AnonPages:        473368 kB
Mapped:           352268 kB
Shmem:               716 kB
Slab:              55884 kB
SReclaimable:      16788 kB
SUnreclaim:        39096 kB
KernelStack:       16312 kB
PageTables:        28476 kB
NFS_Unstable:          0 kB
Bounce:                0 kB
WritebackTmp:          0 kB
CommitLimit:     1242116 kB
Committed_AS:   57812504 kB
VmallocTotal:     409600 kB
VmallocUsed:       37248 kB
VmallocChunk:     115740 kB
Time pass: 298 sec

---2015-12-05 11:13:24
MemTotal:        1959952 kB
MemFree:          109344 kB
Buffers:            4092 kB
Cached:           880372 kB
SwapCached:         1560 kB
Active:           739444 kB
Inactive:         616512 kB
Active(anon):     299804 kB
Inactive(anon):   173984 kB
Active(file):     439640 kB
Inactive(file):   442528 kB
Unevictable:        1580 kB
Mlocked:               0 kB
HighTotal:       1372556 kB
HighFree:          27332 kB
LowTotal:         587396 kB
LowFree:           82012 kB
SwapTotal:        262140 kB
SwapFree:         224364 kB
Dirty:               892 kB
Writeback:             0 kB
AnonPages:        472844 kB
Mapped:           352272 kB
Shmem:               716 kB
Slab:              55820 kB
SReclaimable:      16788 kB
SUnreclaim:        39032 kB
KernelStack:       16200 kB
PageTables:        28212 kB
NFS_Unstable:          0 kB
Bounce:                0 kB
WritebackTmp:          0 kB
CommitLimit:     1242116 kB
Committed_AS:   56850808 kB
VmallocTotal:     409600 kB
VmallocUsed:       37248 kB
VmallocChunk:     115740 kB
Time pass: 302 sec

---2015-12-05 11:13:24
MemTotal:        1959952 kB
MemFree:          109596 kB
Buffers:            4092 kB
Cached:           880372 kB
SwapCached:         1560 kB
Active:           739412 kB
Inactive:         616512 kB
Active(anon):     299772 kB
Inactive(anon):   173984 kB
Active(file):     439640 kB
Inactive(file):   442528 kB
Unevictable:        1580 kB
Mlocked:               0 kB
HighTotal:       1372556 kB
HighFree:          27696 kB
LowTotal:         587396 kB
LowFree:           81900 kB
SwapTotal:        262140 kB
SwapFree:         224364 kB
Dirty:               892 kB
Writeback:             0 kB
AnonPages:        472884 kB
Mapped:           352276 kB
Shmem:               716 kB
Slab:              55844 kB
SReclaimable:      16788 kB
SUnreclaim:        39056 kB
KernelStack:       16200 kB
PageTables:        28212 kB
NFS_Unstable:          0 kB
Bounce:                0 kB
WritebackTmp:          0 kB
CommitLimit:     1242116 kB
Committed_AS:   56851016 kB
VmallocTotal:     409600 kB
VmallocUsed:       37248 kB
VmallocChunk:     115740 kB
Time pass: 306 sec

---2015-12-05 11:13:24
MemTotal:        1959952 kB
MemFree:          117908 kB
Buffers:            4092 kB
Cached:           880372 kB
SwapCached:         1560 kB
Active:           730564 kB
Inactive:         616512 kB
Active(anon):     290924 kB
Inactive(anon):   173984 kB
Active(file):     439640 kB
Inactive(file):   442528 kB
Unevictable:        1580 kB
Mlocked:               0 kB
HighTotal:       1372556 kB
HighFree:          36452 kB
LowTotal:         587396 kB
LowFree:           81456 kB
SwapTotal:        262140 kB
SwapFree:         224364 kB
Dirty:               892 kB
Writeback:             0 kB
AnonPages:        464060 kB
Mapped:           352300 kB
Shmem:               716 kB
Slab:              55788 kB
SReclaimable:      16788 kB
SUnreclaim:        39000 kB
KernelStack:       16200 kB
PageTables:        28192 kB
NFS_Unstable:          0 kB
Bounce:                0 kB
WritebackTmp:          0 kB
CommitLimit:     1242116 kB
Committed_AS:   56851152 kB
VmallocTotal:     409600 kB
VmallocUsed:       37248 kB
VmallocChunk:     115740 kB
Time pass: 309 sec

---2015-12-05 11:13:24
MemTotal:        1959952 kB
MemFree:          118304 kB
Buffers:            4092 kB
Cached:           880372 kB
SwapCached:         1560 kB
Active:           730812 kB
Inactive:         616516 kB
Active(anon):     291176 kB
Inactive(anon):   173984 kB
Active(file):     439636 kB
Inactive(file):   442532 kB
Unevictable:        1580 kB
Mlocked:               0 kB
HighTotal:       1372556 kB
HighFree:          36712 kB
LowTotal:         587396 kB
LowFree:           81592 kB
SwapTotal:        262140 kB
SwapFree:         224364 kB
Dirty:               912 kB
Writeback:             0 kB
AnonPages:        464296 kB
Mapped:           352276 kB
Shmem:               716 kB
Slab:              55860 kB
SReclaimable:      16796 kB
SUnreclaim:        39064 kB
KernelStack:       16200 kB
PageTables:        28208 kB
NFS_Unstable:          0 kB
Bounce:                0 kB
WritebackTmp:          0 kB
CommitLimit:     1242116 kB
Committed_AS:   56851236 kB
VmallocTotal:     409600 kB
VmallocUsed:       37248 kB
VmallocChunk:     115740 kB
Time pass: 313 sec

---2015-12-05 11:13:24
MemTotal:        1959952 kB
MemFree:          117608 kB
Buffers:            4092 kB
Cached:           880372 kB
SwapCached:         1560 kB
Active:           731268 kB
Inactive:         616508 kB
Active(anon):     291628 kB
Inactive(anon):   173980 kB
Active(file):     439640 kB
Inactive(file):   442528 kB
Unevictable:        1580 kB
Mlocked:               0 kB
HighTotal:       1372556 kB
HighFree:          36416 kB
LowTotal:         587396 kB
LowFree:           81192 kB
SwapTotal:        262140 kB
SwapFree:         224364 kB
Dirty:               892 kB
Writeback:             0 kB
AnonPages:        464612 kB
Mapped:           352428 kB
Shmem:               716 kB
Slab:              55892 kB
SReclaimable:      16796 kB
SUnreclaim:        39096 kB
KernelStack:       16328 kB
PageTables:        28276 kB
NFS_Unstable:          0 kB
Bounce:                0 kB
WritebackTmp:          0 kB
CommitLimit:     1242116 kB
Committed_AS:   56851308 kB
VmallocTotal:     409600 kB
VmallocUsed:       37248 kB
VmallocChunk:     115740 kB
Time pass: 317 sec

---2015-12-05 11:13:24
MemTotal:        1959952 kB
MemFree:          117588 kB
Buffers:            4092 kB
Cached:           880372 kB
SwapCached:         1560 kB
Active:           731684 kB
Inactive:         616508 kB
Active(anon):     292044 kB
Inactive(anon):   173980 kB
Active(file):     439640 kB
Inactive(file):   442528 kB
Unevictable:        1580 kB
Mlocked:               0 kB
HighTotal:       1372556 kB
HighFree:          36376 kB
LowTotal:         587396 kB
LowFree:           81212 kB
SwapTotal:        262140 kB
SwapFree:         224364 kB
Dirty:               892 kB
Writeback:             0 kB
AnonPages:        465348 kB
Mapped:           352276 kB
Shmem:               716 kB
Slab:              55892 kB
SReclaimable:      16796 kB
SUnreclaim:        39096 kB
KernelStack:       16200 kB
PageTables:        28348 kB
NFS_Unstable:          0 kB
Bounce:                0 kB
WritebackTmp:          0 kB
CommitLimit:     1242116 kB
Committed_AS:   57800792 kB
VmallocTotal:     409600 kB
VmallocUsed:       37248 kB
VmallocChunk:     115740 kB
Time pass: 321 sec

---2015-12-05 11:13:24
MemTotal:        1959952 kB
MemFree:          117508 kB
Buffers:            4092 kB
Cached:           880372 kB
SwapCached:         1560 kB
Active:           732172 kB
Inactive:         616508 kB
Active(anon):     292532 kB
Inactive(anon):   173980 kB
Active(file):     439640 kB
Inactive(file):   442528 kB
Unevictable:        1580 kB
Mlocked:               0 kB
HighTotal:       1372556 kB
HighFree:          35768 kB
LowTotal:         587396 kB
LowFree:           81740 kB
SwapTotal:        262140 kB
SwapFree:         224364 kB
Dirty:               892 kB
Writeback:             0 kB
AnonPages:        465688 kB
Mapped:           352276 kB
Shmem:               716 kB
Slab:              55804 kB
SReclaimable:      16796 kB
SUnreclaim:        39008 kB
KernelStack:       16200 kB
PageTables:        28204 kB
NFS_Unstable:          0 kB
Bounce:                0 kB
WritebackTmp:          0 kB
CommitLimit:     1242116 kB
Committed_AS:   56851584 kB
VmallocTotal:     409600 kB
VmallocUsed:       37248 kB
VmallocChunk:     115740 kB
Time pass: 325 sec

---2015-12-05 11:13:24
MemTotal:        1959952 kB
MemFree:          115384 kB
Buffers:            4092 kB
Cached:           880372 kB
SwapCached:         1560 kB
Active:           733144 kB
Inactive:         616508 kB
Active(anon):     293504 kB
Inactive(anon):   173980 kB
Active(file):     439640 kB
Inactive(file):   442528 kB
Unevictable:        1580 kB
Mlocked:               0 kB
HighTotal:       1372556 kB
HighFree:          33988 kB
LowTotal:         587396 kB
LowFree:           81396 kB
SwapTotal:        262140 kB
SwapFree:         224364 kB
Dirty:               892 kB
Writeback:             0 kB
AnonPages:        466496 kB
Mapped:           352276 kB
Shmem:               716 kB
Slab:              55960 kB
SReclaimable:      16796 kB
SUnreclaim:        39164 kB
KernelStack:       16200 kB
PageTables:        28200 kB
NFS_Unstable:          0 kB
Bounce:                0 kB
WritebackTmp:          0 kB
CommitLimit:     1242116 kB
Committed_AS:   56851684 kB
VmallocTotal:     409600 kB
VmallocUsed:       37248 kB
VmallocChunk:     115740 kB
Time pass: 329 sec

---2015-12-05 11:13:24
MemTotal:        1959952 kB
MemFree:          115176 kB
Buffers:            4092 kB
Cached:           880500 kB
SwapCached:         1560 kB
Active:           734020 kB
Inactive:         616640 kB
Active(anon):     294384 kB
Inactive(anon):   173980 kB
Active(file):     439636 kB
Inactive(file):   442660 kB
Unevictable:        1580 kB
Mlocked:               0 kB
HighTotal:       1372556 kB
HighFree:          33504 kB
LowTotal:         587396 kB
LowFree:           81672 kB
SwapTotal:        262140 kB
SwapFree:         224364 kB
Dirty:              1028 kB
Writeback:             0 kB
AnonPages:        467532 kB
Mapped:           352352 kB
Shmem:               716 kB
Slab:              55808 kB
SReclaimable:      16804 kB
SUnreclaim:        39004 kB
KernelStack:       16200 kB
PageTables:        28200 kB
NFS_Unstable:          0 kB
Bounce:                0 kB
WritebackTmp:          0 kB
CommitLimit:     1242116 kB
Committed_AS:   56851716 kB
VmallocTotal:     409600 kB
VmallocUsed:       37248 kB
VmallocChunk:     115740 kB
Time pass: 332 sec

---2015-12-05 11:13:24
MemTotal:        1959952 kB
MemFree:          113228 kB
Buffers:            4092 kB
Cached:           880500 kB
SwapCached:         1560 kB
Active:           734908 kB
Inactive:         616632 kB
Active(anon):     295264 kB
Inactive(anon):   173980 kB
Active(file):     439644 kB
Inactive(file):   442652 kB
Unevictable:        1580 kB
Mlocked:               0 kB
HighTotal:       1372556 kB
HighFree:          32048 kB
LowTotal:         587396 kB
LowFree:           81180 kB
SwapTotal:        262140 kB
SwapFree:         224364 kB
Dirty:               928 kB
Writeback:             0 kB
AnonPages:        468528 kB
Mapped:           352348 kB
Shmem:               716 kB
Slab:              56032 kB
SReclaimable:      16804 kB
SUnreclaim:        39228 kB
KernelStack:       16384 kB
PageTables:        28288 kB
NFS_Unstable:          0 kB
Bounce:                0 kB
WritebackTmp:          0 kB
CommitLimit:     1242116 kB
Committed_AS:   56851828 kB
VmallocTotal:     409600 kB
VmallocUsed:       37248 kB
VmallocChunk:     115740 kB
Time pass: 336 sec

---2015-12-05 11:13:24
MemTotal:        1959952 kB
MemFree:          110072 kB
Buffers:            4092 kB
Cached:           880500 kB
SwapCached:         1560 kB
Active:           739160 kB
Inactive:         616628 kB
Active(anon):     299512 kB
Inactive(anon):   173980 kB
Active(file):     439648 kB
Inactive(file):   442648 kB
Unevictable:        1580 kB
Mlocked:               0 kB
HighTotal:       1372556 kB
HighFree:          28828 kB
LowTotal:         587396 kB
LowFree:           81244 kB
SwapTotal:        262140 kB
SwapFree:         224364 kB
Dirty:               908 kB
Writeback:             0 kB
AnonPages:        472772 kB
Mapped:           355920 kB
