---2015-12-05 14:07:44
MemTotal:        2905316 kB
MemFree:           69808 kB
Buffers:           28044 kB
Cached:          1380428 kB
SwapCached:            0 kB
Active:          1343320 kB
Inactive:        1000348 kB
Active(anon):     821784 kB
Inactive(anon):   154060 kB
Active(file):     521536 kB
Inactive(file):   846288 kB
Unevictable:        7800 kB
Mlocked:               0 kB
SwapTotal:        720184 kB
SwapFree:         720184 kB
Dirty:               936 kB
Writeback:             0 kB
AnonPages:        943072 kB
Mapped:           543920 kB
Shmem:             32844 kB
Slab:             119728 kB
SReclaimable:      35880 kB
SUnreclaim:        83848 kB
KernelStack:       33232 kB
PageTables:        57432 kB
NFS_Unstable:          0 kB
Bounce:                0 kB
WritebackTmp:          0 kB
CommitLimit:     2172840 kB
Committed_AS:   95251048 kB
VmallocTotal:   251658176 kB
VmallocUsed:      138700 kB
VmallocChunk:   251415084 kB
Time pass: 3 sec

---2015-12-05 14:07:44
MemTotal:        2905316 kB
MemFree:           80916 kB
Buffers:           28156 kB
Cached:          1375252 kB
SwapCached:            0 kB
Active:          1340904 kB
Inactive:         991876 kB
Active(anon):     813652 kB
Inactive(anon):   156376 kB
Active(file):     527252 kB
Inactive(file):   835500 kB
Unevictable:        7800 kB
Mlocked:               0 kB
SwapTotal:        720184 kB
SwapFree:         720184 kB
Dirty:               212 kB
Writeback:             0 kB
AnonPages:        937416 kB
Mapped:           537956 kB
Shmem:             32856 kB
Slab:             119744 kB
SReclaimable:      35932 kB
SUnreclaim:        83812 kB
KernelStack:       32896 kB
PageTables:        57164 kB
NFS_Unstable:          0 kB
Bounce:                0 kB
WritebackTmp:          0 kB
CommitLimit:     2172840 kB
Committed_AS:   96641480 kB
VmallocTotal:   251658176 kB
VmallocUsed:      137680 kB
VmallocChunk:   251415084 kB
Time pass: 7 sec

---2015-12-05 14:07:44
MemTotal:        2905316 kB
MemFree:          109036 kB
Buffers:           28156 kB
Cached:          1375768 kB
SwapCached:            0 kB
Active:          1313480 kB
Inactive:         992344 kB
Active(anon):     786188 kB
Inactive(anon):   156376 kB
Active(file):     527292 kB
Inactive(file):   835968 kB
Unevictable:        7800 kB
Mlocked:               0 kB
SwapTotal:        720184 kB
SwapFree:         720184 kB
Dirty:               264 kB
Writeback:             0 kB
AnonPages:        909760 kB
Mapped:           522652 kB
Shmem:             32856 kB
Slab:             119652 kB
SReclaimable:      35996 kB
SUnreclaim:        83656 kB
KernelStack:       32208 kB
PageTables:        56460 kB
NFS_Unstable:          0 kB
Bounce:                0 kB
WritebackTmp:          0 kB
CommitLimit:     2172840 kB
Committed_AS:   95392284 kB
VmallocTotal:   251658176 kB
VmallocUsed:      136660 kB
VmallocChunk:   251415084 kB
Time pass: 11 sec

---2015-12-05 14:07:44
MemTotal:        2905316 kB
MemFree:          124216 kB
Buffers:           28164 kB
Cached:          1377052 kB
SwapCached:            0 kB
Active:          1298280 kB
Inactive:         993684 kB
Active(anon):     770968 kB
Inactive(anon):   156376 kB
Active(file):     527312 kB
Inactive(file):   837308 kB
Unevictable:        7800 kB
Mlocked:               0 kB
SwapTotal:        720184 kB
SwapFree:         720184 kB
Dirty:               112 kB
Writeback:             0 kB
AnonPages:        894192 kB
Mapped:           522524 kB
Shmem:             32856 kB
Slab:             119460 kB
SReclaimable:      35996 kB
SUnreclaim:        83464 kB
KernelStack:       32048 kB
PageTables:        55976 kB
NFS_Unstable:          0 kB
Bounce:                0 kB
WritebackTmp:          0 kB
CommitLimit:     2172840 kB
Committed_AS:   94141416 kB
VmallocTotal:   251658176 kB
VmallocUsed:      135640 kB
VmallocChunk:   251415084 kB
Time pass: 15 sec

---2015-12-05 14:07:44
MemTotal:        2905316 kB
MemFree:          106176 kB
Buffers:           28188 kB
Cached:          1378264 kB
SwapCached:            0 kB
Active:          1307664 kB
Inactive:         994776 kB
Active(anon):     780332 kB
Inactive(anon):   156376 kB
Active(file):     527332 kB
Inactive(file):   838400 kB
Unevictable:        7800 kB
Mlocked:               0 kB
SwapTotal:        720184 kB
SwapFree:         720184 kB
Dirty:                40 kB
Writeback:             0 kB
AnonPages:        904156 kB
Mapped:           523316 kB
Shmem:             32856 kB
Slab:             119780 kB
SReclaimable:      35996 kB
SUnreclaim:        83784 kB
KernelStack:       32304 kB
PageTables:        56764 kB
NFS_Unstable:          0 kB
Bounce:                0 kB
WritebackTmp:          0 kB
CommitLimit:     2172840 kB
Committed_AS:   98313240 kB
VmallocTotal:   251658176 kB
VmallocUsed:      137556 kB
VmallocChunk:   251415084 kB
Time pass: 18 sec

---2015-12-05 14:07:44
MemTotal:        2905316 kB
MemFree:           73976 kB
Buffers:           28728 kB
Cached:          1273620 kB
SwapCached:            0 kB
Active:          1324068 kB
Inactive:         899100 kB
Active(anon):     785060 kB
Inactive(anon):   176608 kB
Active(file):     539008 kB
Inactive(file):   722492 kB
Unevictable:        7800 kB
Mlocked:               0 kB
SwapTotal:        720184 kB
SwapFree:         720184 kB
Dirty:               828 kB
Writeback:             0 kB
AnonPages:        928796 kB
Mapped:           587296 kB
Shmem:             32992 kB
Slab:             117288 kB
SReclaimable:      33680 kB
SUnreclaim:        83608 kB
KernelStack:       33392 kB
PageTables:        57168 kB
NFS_Unstable:          0 kB
Bounce:                0 kB
WritebackTmp:          0 kB
CommitLimit:     2172840 kB
Committed_AS:   94968956 kB
VmallocTotal:   251658176 kB
VmallocUsed:      137188 kB
VmallocChunk:   251415084 kB
Time pass: 22 sec

---2015-12-05 14:07:44
MemTotal:        2905316 kB
MemFree:           86900 kB
Buffers:           28704 kB
Cached:          1241128 kB
SwapCached:            0 kB
Active:          1307280 kB
Inactive:         869364 kB
Active(anon):     766772 kB
Inactive(anon):   178916 kB
Active(file):     540508 kB
Inactive(file):   690448 kB
Unevictable:        7800 kB
Mlocked:               0 kB
SwapTotal:        720184 kB
SwapFree:         720184 kB
Dirty:               896 kB
Writeback:             0 kB
AnonPages:        914500 kB
Mapped:           601388 kB
Shmem:             31076 kB
Slab:             119708 kB
SReclaimable:      36128 kB
SUnreclaim:        83580 kB
KernelStack:       33360 kB
PageTables:        56624 kB
NFS_Unstable:          0 kB
Bounce:                0 kB
WritebackTmp:          0 kB
CommitLimit:     2172840 kB
Committed_AS:   93711516 kB
VmallocTotal:   251658176 kB
VmallocUsed:      136460 kB
VmallocChunk:   251415084 kB
Time pass: 26 sec

---2015-12-05 14:07:44
MemTotal:        2905316 kB
MemFree:           86816 kB
Buffers:           28720 kB
Cached:          1241136 kB
SwapCached:            0 kB
Active:          1308360 kB
Inactive:         869292 kB
Active(anon):     767760 kB
Inactive(anon):   178916 kB
Active(file):     540600 kB
Inactive(file):   690376 kB
Unevictable:        7800 kB
Mlocked:               0 kB
SwapTotal:        720184 kB
SwapFree:         720184 kB
Dirty:               144 kB
Writeback:             0 kB
AnonPages:        915564 kB
Mapped:           601372 kB
Shmem:             31076 kB
Slab:             119852 kB
SReclaimable:      36144 kB
SUnreclaim:        83708 kB
KernelStack:       32848 kB
PageTables:        56652 kB
NFS_Unstable:          0 kB
Bounce:                0 kB
WritebackTmp:          0 kB
CommitLimit:     2172840 kB
Committed_AS:   93738008 kB
VmallocTotal:   251658176 kB
VmallocUsed:      136460 kB
VmallocChunk:   251415084 kB
Time pass: 30 sec

---2015-12-05 14:07:44
MemTotal:        2905316 kB
MemFree:           86284 kB
Buffers:           28728 kB
Cached:          1241676 kB
SwapCached:            0 kB
Active:          1308616 kB
Inactive:         869688 kB
Active(anon):     768008 kB
Inactive(anon):   178956 kB
Active(file):     540608 kB
Inactive(file):   690732 kB
Unevictable:        7800 kB
Mlocked:               0 kB
SwapTotal:        720184 kB
SwapFree:         720184 kB
Dirty:                20 kB
Writeback:             0 kB
AnonPages:        915860 kB
Mapped:           601608 kB
Shmem:             31136 kB
Slab:             119944 kB
SReclaimable:      36272 kB
SUnreclaim:        83672 kB
KernelStack:       32848 kB
PageTables:        56708 kB
NFS_Unstable:          0 kB
Bounce:                0 kB
WritebackTmp:          0 kB
CommitLimit:     2172840 kB
Committed_AS:   93738264 kB
VmallocTotal:   251658176 kB
VmallocUsed:      136460 kB
VmallocChunk:   251415084 kB
Time pass: 34 sec

---2015-12-05 14:07:44
MemTotal:        2905316 kB
MemFree:           86188 kB
Buffers:           28736 kB
Cached:          1241680 kB
SwapCached:            0 kB
Active:          1308876 kB
Inactive:         869816 kB
Active(anon):     768264 kB
Inactive(anon):   178956 kB
Active(file):     540612 kB
Inactive(file):   690860 kB
Unevictable:        7800 kB
Mlocked:               0 kB
SwapTotal:        720184 kB
SwapFree:         720184 kB
Dirty:                24 kB
Writeback:             0 kB
AnonPages:        915916 kB
Mapped:           601620 kB
Shmem:             31136 kB
Slab:             119808 kB
SReclaimable:      36272 kB
SUnreclaim:        83536 kB
KernelStack:       32864 kB
PageTables:        56684 kB
NFS_Unstable:          0 kB
Bounce:                0 kB
WritebackTmp:          0 kB
CommitLimit:     2172840 kB
Committed_AS:   93738240 kB
VmallocTotal:   251658176 kB
VmallocUsed:      136460 kB
VmallocChunk:   251415084 kB
Time pass: 37 sec

---2015-12-05 14:07:44
MemTotal:        2905316 kB
MemFree:           66832 kB
Buffers:           30280 kB
Cached:          1244808 kB
SwapCached:            0 kB
Active:          1316180 kB
Inactive:         874176 kB
Active(anon):     775560 kB
Inactive(anon):   178956 kB
Active(file):     540620 kB
Inactive(file):   695220 kB
Unevictable:        7800 kB
Mlocked:               0 kB
SwapTotal:        720184 kB
SwapFree:         720184 kB
Dirty:                64 kB
Writeback:             0 kB
AnonPages:        923572 kB
Mapped:           605756 kB
Shmem:             31136 kB
Slab:             119848 kB
SReclaimable:      36272 kB
SUnreclaim:        83576 kB
KernelStack:       32864 kB
PageTables:        56692 kB
NFS_Unstable:          0 kB
Bounce:                0 kB
WritebackTmp:          0 kB
CommitLimit:     2172840 kB
Committed_AS:   93739328 kB
VmallocTotal:   251658176 kB
VmallocUsed:      137528 kB
VmallocChunk:   251415084 kB
Time pass: 41 sec

---2015-12-05 14:07:44
MemTotal:        2905316 kB
MemFree:           65696 kB
Buffers:           26744 kB
Cached:          1189320 kB
SwapCached:            0 kB
Active:          1321204 kB
Inactive:         819872 kB
Active(anon):     776172 kB
Inactive(anon):   187792 kB
Active(file):     545032 kB
Inactive(file):   632080 kB
Unevictable:        7800 kB
Mlocked:               0 kB
SwapTotal:        720184 kB
SwapFree:         720184 kB
Dirty:               320 kB
Writeback:             0 kB
AnonPages:        932724 kB
Mapped:           613112 kB
Shmem:             31140 kB
Slab:             119992 kB
SReclaimable:      36428 kB
SUnreclaim:        83564 kB
KernelStack:       32848 kB
PageTables:        57040 kB
NFS_Unstable:          0 kB
Bounce:                0 kB
WritebackTmp:          0 kB
CommitLimit:     2172840 kB
Committed_AS:   93766420 kB
VmallocTotal:   251658176 kB
VmallocUsed:      137736 kB
VmallocChunk:   251415084 kB
Time pass: 45 sec

---2015-12-05 14:07:44
MemTotal:        2905316 kB
MemFree:           68772 kB
Buffers:           26696 kB
Cached:          1178896 kB
SwapCached:            0 kB
Active:          1322460 kB
Inactive:         811128 kB
Active(anon):     776664 kB
Inactive(anon):   190352 kB
Active(file):     545796 kB
Inactive(file):   620776 kB
Unevictable:        7800 kB
Mlocked:               0 kB
SwapTotal:        720184 kB
SwapFree:         720184 kB
Dirty:               324 kB
Writeback:             0 kB
AnonPages:        936040 kB
Mapped:           618608 kB
Shmem:             31140 kB
Slab:             119240 kB
SReclaimable:      35676 kB
SUnreclaim:        83564 kB
KernelStack:       32736 kB
PageTables:        56612 kB
NFS_Unstable:          0 kB
Bounce:                0 kB
WritebackTmp:          0 kB
CommitLimit:     2172840 kB
Committed_AS:   93054688 kB
VmallocTotal:   251658176 kB
VmallocUsed:      136764 kB
VmallocChunk:   251415084 kB
Time pass: 48 sec

---2015-12-05 14:07:44
MemTotal:        2905316 kB
MemFree:           72204 kB
Buffers:           25312 kB
Cached:          1119912 kB
SwapCached:            0 kB
Active:          1343268 kB
Inactive:         750076 kB
Active(anon):     792220 kB
Inactive(anon):   199700 kB
Active(file):     551048 kB
Inactive(file):   550376 kB
Unevictable:       12684 kB
Mlocked:               0 kB
SwapTotal:        720184 kB
SwapFree:         720156 kB
Dirty:               732 kB
Writeback:             0 kB
AnonPages:        961000 kB
Mapped:           665540 kB
Shmem:             31144 kB
Slab:             119744 kB
SReclaimable:      35888 kB
SUnreclaim:        83856 kB
KernelStack:       32944 kB
PageTables:        56600 kB
NFS_Unstable:          0 kB
Bounce:                0 kB
WritebackTmp:          0 kB
CommitLimit:     2172840 kB
Committed_AS:   93066880 kB
VmallocTotal:   251658176 kB
VmallocUsed:      137072 kB
VmallocChunk:   251415084 kB
Time pass: 52 sec

---2015-12-05 14:07:44
MemTotal:        2905316 kB
MemFree:           75628 kB
Buffers:           25268 kB
Cached:          1114248 kB
SwapCached:            0 kB
Active:          1332332 kB
Inactive:         747192 kB
Active(anon):     784300 kB
Inactive(anon):   199600 kB
Active(file):     548032 kB
Inactive(file):   547592 kB
Unevictable:       12764 kB
Mlocked:               0 kB
SwapTotal:        720184 kB
SwapFree:         720156 kB
Dirty:               880 kB
Writeback:             0 kB
AnonPages:        952544 kB
Mapped:           676176 kB
Shmem:             31116 kB
Slab:             119584 kB
SReclaimable:      35872 kB
SUnreclaim:        83712 kB
KernelStack:       32944 kB
PageTables:        56648 kB
NFS_Unstable:          0 kB
Bounce:                0 kB
WritebackTmp:          0 kB
CommitLimit:     2172840 kB
Committed_AS:   93056020 kB
VmallocTotal:   251658176 kB
VmallocUsed:      137164 kB
VmallocChunk:   251415084 kB
Time pass: 55 sec

---2015-12-05 14:07:44
MemTotal:        2905316 kB
MemFree:           75992 kB
Buffers:           25268 kB
Cached:          1114252 kB
SwapCached:            0 kB
Active:          1332196 kB
Inactive:         747188 kB
Active(anon):     784160 kB
Inactive(anon):   199600 kB
Active(file):     548036 kB
Inactive(file):   547588 kB
Unevictable:       12764 kB
Mlocked:               0 kB
SwapTotal:        720184 kB
SwapFree:         720156 kB
Dirty:                12 kB
Writeback:             0 kB
AnonPages:        952656 kB
Mapped:           676180 kB
Shmem:             31116 kB
Slab:             119632 kB
SReclaimable:      35904 kB
SUnreclaim:        83728 kB
KernelStack:       32944 kB
PageTables:        56648 kB
NFS_Unstable:          0 kB
Bounce:                0 kB
WritebackTmp:          0 kB
CommitLimit:     2172840 kB
Committed_AS:   93055888 kB
VmallocTotal:   251658176 kB
VmallocUsed:      137164 kB
VmallocChunk:   251415084 kB
Time pass: 59 sec

---2015-12-05 14:07:44
MemTotal:        2905316 kB
MemFree:           72984 kB
Buffers:           25268 kB
Cached:          1099952 kB
SwapCached:            0 kB
Active:          1326880 kB
Inactive:         740052 kB
Active(anon):     786312 kB
Inactive(anon):   199004 kB
Active(file):     540568 kB
Inactive(file):   541048 kB
Unevictable:       12768 kB
Mlocked:               0 kB
SwapTotal:        720184 kB
SwapFree:         720156 kB
Dirty:               264 kB
Writeback:             0 kB
AnonPages:        954576 kB
Mapped:           686236 kB
Shmem:             30820 kB
Slab:             119664 kB
SReclaimable:      35936 kB
SUnreclaim:        83728 kB
KernelStack:       32816 kB
PageTables:        56700 kB
NFS_Unstable:          0 kB
Bounce:                0 kB
WritebackTmp:          0 kB
CommitLimit:     2172840 kB
Committed_AS:   93081744 kB
VmallocTotal:   251658176 kB
VmallocUsed:      137288 kB
VmallocChunk:   251415084 kB
Time pass: 63 sec

---2015-12-05 14:07:44
MemTotal:        2905316 kB
MemFree:           86556 kB
Buffers:           25268 kB
Cached:          1101128 kB
SwapCached:            0 kB
Active:          1311748 kB
Inactive:         741208 kB
Active(anon):     771152 kB
Inactive(anon):   199004 kB
Active(file):     540596 kB
Inactive(file):   542204 kB
Unevictable:       12768 kB
Mlocked:               0 kB
SwapTotal:        720184 kB
SwapFree:         720156 kB
Dirty:               304 kB
Writeback:             0 kB
AnonPages:        939264 kB
Mapped:           687008 kB
Shmem:             30820 kB
Slab:             119848 kB
SReclaimable:      36080 kB
SUnreclaim:        83768 kB
KernelStack:       32800 kB
PageTables:        56708 kB
NFS_Unstable:          0 kB
Bounce:                0 kB
WritebackTmp:          0 kB
CommitLimit:     2172840 kB
Committed_AS:   93081672 kB
VmallocTotal:   251658176 kB
VmallocUsed:      137300 kB
VmallocChunk:   251415084 kB
Time pass: 67 sec

---2015-12-05 14:07:44
MemTotal:        2905316 kB
MemFree:           82020 kB
Buffers:           25212 kB
Cached:          1080932 kB
SwapCached:            0 kB
Active:          1308724 kB
Inactive:         730260 kB
Active(anon):     777428 kB
Inactive(anon):   198928 kB
Active(file):     531296 kB
Inactive(file):   531332 kB
Unevictable:       12768 kB
Mlocked:               0 kB
SwapTotal:        720184 kB
SwapFree:         720156 kB
Dirty:               596 kB
Writeback:             0 kB
AnonPages:        945620 kB
Mapped:           696004 kB
Shmem:             30820 kB
Slab:             120072 kB
SReclaimable:      36080 kB
SUnreclaim:        83992 kB
KernelStack:       32848 kB
PageTables:        56532 kB
NFS_Unstable:          0 kB
Bounce:                0 kB
WritebackTmp:          0 kB
CommitLimit:     2172840 kB
Committed_AS:   93085652 kB
VmallocTotal:   251658176 kB
VmallocUsed:      137452 kB
VmallocChunk:   251415084 kB
Time pass: 70 sec

---2015-12-05 14:07:44
MemTotal:        2905316 kB
MemFree:           69156 kB
Buffers:           25972 kB
Cached:          1083752 kB
SwapCached:            0 kB
Active:          1316144 kB
Inactive:         733424 kB
Active(anon):     784856 kB
Inactive(anon):   198860 kB
Active(file):     531288 kB
Inactive(file):   534564 kB
Unevictable:       12768 kB
Mlocked:               0 kB
SwapTotal:        720184 kB
SwapFree:         720156 kB
Dirty:               240 kB
Writeback:             0 kB
AnonPages:        952744 kB
Mapped:           700944 kB
Shmem:             30820 kB
Slab:             120064 kB
SReclaimable:      36128 kB
SUnreclaim:        83936 kB
KernelStack:       32912 kB
PageTables:        56616 kB
NFS_Unstable:          0 kB
Bounce:                0 kB
WritebackTmp:          0 kB
CommitLimit:     2172840 kB
Committed_AS:   93087448 kB
VmallocTotal:   251658176 kB
VmallocUsed:      137476 kB
VmallocChunk:   251415084 kB
Time pass: 74 sec

---2015-12-05 14:07:44
MemTotal:        2905316 kB
MemFree:           62972 kB
Buffers:           26036 kB
Cached:          1077204 kB
SwapCached:            0 kB
Active:          1328736 kB
Inactive:         728788 kB
Active(anon):     799012 kB
Inactive(anon):   198860 kB
Active(file):     529724 kB
Inactive(file):   529928 kB
Unevictable:       12768 kB
Mlocked:               0 kB
SwapTotal:        720184 kB
SwapFree:         720156 kB
Dirty:               140 kB
Writeback:             0 kB
AnonPages:        967108 kB
Mapped:           697932 kB
Shmem:             30820 kB
Slab:             120416 kB
SReclaimable:      36432 kB
SUnreclaim:        83984 kB
KernelStack:       33024 kB
PageTables:        56628 kB
NFS_Unstable:          0 kB
Bounce:                0 kB
WritebackTmp:          0 kB
CommitLimit:     2172840 kB
Committed_AS:   93100360 kB
VmallocTotal:   251658176 kB
VmallocUsed:      137476 kB
VmallocChunk:   251415084 kB
Time pass: 78 sec

---2015-12-05 14:07:44
MemTotal:        2905316 kB
MemFree:           70084 kB
Buffers:           26028 kB
Cached:          1070084 kB
SwapCached:            0 kB
Active:          1324968 kB
Inactive:         725836 kB
Active(anon):     798732 kB
Inactive(anon):   199556 kB
Active(file):     526236 kB
Inactive(file):   526280 kB
Unevictable:       12768 kB
Mlocked:               0 kB
SwapTotal:        720184 kB
SwapFree:         720156 kB
Dirty:               148 kB
Writeback:             0 kB
AnonPages:        967540 kB
Mapped:           697992 kB
Shmem:             30820 kB
Slab:             120560 kB
SReclaimable:      36432 kB
SUnreclaim:        84128 kB
KernelStack:       33040 kB
PageTables:        56652 kB
NFS_Unstable:          0 kB
Bounce:                0 kB
WritebackTmp:          0 kB
CommitLimit:     2172840 kB
Committed_AS:   93100348 kB
VmallocTotal:   251658176 kB
VmallocUsed:      137476 kB
VmallocChunk:   251415084 kB
Time pass: 82 sec

---2015-12-05 14:07:44
MemTotal:        2905316 kB
MemFree:           69964 kB
Buffers:           26028 kB
Cached:          1070104 kB
SwapCached:            0 kB
Active:          1325664 kB
Inactive:         725852 kB
Active(anon):     799420 kB
Inactive(anon):   199556 kB
Active(file):     526244 kB
Inactive(file):   526296 kB
Unevictable:       12768 kB
Mlocked:               0 kB
SwapTotal:        720184 kB
SwapFree:         720156 kB
Dirty:                16 kB
Writeback:             0 kB
AnonPages:        968196 kB
Mapped:           698272 kB
Shmem:             30820 kB
Slab:             120444 kB
SReclaimable:      36432 kB
SUnreclaim:        84012 kB
KernelStack:       33008 kB
PageTables:        56656 kB
NFS_Unstable:          0 kB
Bounce:                0 kB
WritebackTmp:          0 kB
CommitLimit:     2172840 kB
Committed_AS:   93100312 kB
VmallocTotal:   251658176 kB
VmallocUsed:      137476 kB
VmallocChunk:   251415084 kB
Time pass: 85 sec

---2015-12-05 14:07:44
MemTotal:        2905316 kB
MemFree:           69292 kB
Buffers:           26004 kB
Cached:          1064324 kB
SwapCached:            0 kB
Active:          1327460 kB
Inactive:         724412 kB
Active(anon):     804196 kB
Inactive(anon):   201072 kB
Active(file):     523264 kB
Inactive(file):   523340 kB
Unevictable:       12768 kB
Mlocked:               0 kB
SwapTotal:        720184 kB
SwapFree:         720156 kB
Dirty:                40 kB
Writeback:             0 kB
AnonPages:        974400 kB
Mapped:           699272 kB
Shmem:             30956 kB
Slab:             120484 kB
SReclaimable:      36432 kB
SUnreclaim:        84052 kB
KernelStack:       33280 kB
PageTables:        56892 kB
NFS_Unstable:          0 kB
Bounce:                0 kB
WritebackTmp:          0 kB
CommitLimit:     2172840 kB
Committed_AS:   93137212 kB
VmallocTotal:   251658176 kB
VmallocUsed:      139924 kB
VmallocChunk:   251415084 kB
Time pass: 89 sec

---2015-12-05 14:07:44
MemTotal:        2905316 kB
MemFree:           67252 kB
Buffers:           26008 kB
Cached:          1058904 kB
SwapCached:            0 kB
Active:          1324828 kB
Inactive:         722040 kB
Active(anon):     804356 kB
Inactive(anon):   201476 kB
Active(file):     520472 kB
Inactive(file):   520564 kB
Unevictable:       12768 kB
Mlocked:               0 kB
SwapTotal:        720184 kB
SwapFree:         720156 kB
Dirty:                76 kB
Writeback:             0 kB
AnonPages:        974772 kB
Mapped:           699436 kB
Shmem:             31108 kB
Slab:             120496 kB
SReclaimable:      36432 kB
SUnreclaim:        84064 kB
KernelStack:       33312 kB
PageTables:        57004 kB
NFS_Unstable:          0 kB
Bounce:                0 kB
WritebackTmp:          0 kB
CommitLimit:     2172840 kB
Committed_AS:   93164092 kB
VmallocTotal:   251658176 kB
VmallocUsed:      139924 kB
VmallocChunk:   251415084 kB
Time pass: 93 sec

---2015-12-05 14:07:44
MemTotal:        2905316 kB
MemFree:           65292 kB
Buffers:           25840 kB
Cached:          1028912 kB
SwapCached:            0 kB
Active:          1312756 kB
Inactive:         707856 kB
Active(anon):     807612 kB
Inactive(anon):   202180 kB
Active(file):     505144 kB
Inactive(file):   505676 kB
Unevictable:       12768 kB
Mlocked:               0 kB
SwapTotal:        720184 kB
SwapFree:         720156 kB
Dirty:               196 kB
Writeback:             0 kB
AnonPages:        978684 kB
Mapped:           698652 kB
Shmem:             31164 kB
Slab:             120416 kB
SReclaimable:      36144 kB
SUnreclaim:        84272 kB
KernelStack:       33248 kB
PageTables:        57148 kB
NFS_Unstable:          0 kB
Bounce:                0 kB
WritebackTmp:          0 kB
CommitLimit:     2172840 kB
Committed_AS:   93167384 kB
VmallocTotal:   251658176 kB
VmallocUsed:      139924 kB
VmallocChunk:   251415084 kB
Time pass: 96 sec

---2015-12-05 14:07:44
MemTotal:        2905316 kB
MemFree:           85900 kB
Buffers:           25720 kB
Cached:          1022880 kB
SwapCached:            0 kB
Active:          1296788 kB
Inactive:         705080 kB
Active(anon):     794668 kB
Inactive(anon):   202388 kB
Active(file):     502120 kB
Inactive(file):   502692 kB
Unevictable:       12768 kB
Mlocked:               0 kB
SwapTotal:        720184 kB
SwapFree:         720156 kB
Dirty:               132 kB
Writeback:             0 kB
AnonPages:        965964 kB
Mapped:           696572 kB
Shmem:             30948 kB
Slab:             120316 kB
SReclaimable:      36128 kB
SUnreclaim:        84188 kB
KernelStack:       33056 kB
PageTables:        56732 kB
NFS_Unstable:          0 kB
Bounce:                0 kB
WritebackTmp:          0 kB
CommitLimit:     2172840 kB
Committed_AS:   93139380 kB
VmallocTotal:   251658176 kB
VmallocUsed:      139924 kB
VmallocChunk:   251415084 kB
Time pass: 100 sec

---2015-12-05 14:07:44
MemTotal:        2905316 kB
MemFree:          349128 kB
Buffers:           25756 kB
Cached:          1026240 kB
SwapCached:            0 kB
Active:          1219704 kB
Inactive:         708228 kB
Active(anon):     717280 kB
Inactive(anon):   204480 kB
Active(file):     502424 kB
Inactive(file):   503748 kB
Unevictable:       12768 kB
Mlocked:               0 kB
SwapTotal:        720184 kB
SwapFree:         720156 kB
Dirty:               324 kB
Writeback:             0 kB
AnonPages:        888848 kB
Mapped:           514360 kB
Shmem:             33044 kB
Slab:             119892 kB
SReclaimable:      35904 kB
SUnreclaim:        83988 kB
KernelStack:       31472 kB
PageTables:        54532 kB
NFS_Unstable:          0 kB
Bounce:                0 kB
WritebackTmp:          0 kB
CommitLimit:     2172840 kB
Committed_AS:   91543148 kB
VmallocTotal:   251658176 kB
VmallocUsed:      136264 kB
VmallocChunk:   251415084 kB
Time pass: 103 sec

---2015-12-05 14:07:44
MemTotal:        2905316 kB
MemFree:          242568 kB
Buffers:           26168 kB
Cached:          1029504 kB
SwapCached:            0 kB
Active:          1260804 kB
Inactive:         708604 kB
Active(anon):     755072 kB
Inactive(anon):   204616 kB
Active(file):     505732 kB
Inactive(file):   503988 kB
Unevictable:       12768 kB
Mlocked:               0 kB
SwapTotal:        720184 kB
SwapFree:         720156 kB
Dirty:               716 kB
Writeback:             0 kB
AnonPages:        926624 kB
Mapped:           585968 kB
Shmem:             33180 kB
Slab:             119952 kB
SReclaimable:      35904 kB
SUnreclaim:        84048 kB
KernelStack:       32624 kB
PageTables:        55624 kB
NFS_Unstable:          0 kB
Bounce:                0 kB
WritebackTmp:          0 kB
CommitLimit:     2172840 kB
Committed_AS:   92363500 kB
VmallocTotal:   251658176 kB
VmallocUsed:      137912 kB
VmallocChunk:   251415084 kB
Time pass: 107 sec

---2015-12-05 14:07:44
MemTotal:        2905316 kB
MemFree:          164464 kB
Buffers:           26168 kB
Cached:          1031064 kB
SwapCached:            0 kB
Active:          1278784 kB
Inactive:         708372 kB
Active(anon):     771260 kB
Inactive(anon):   204608 kB
Active(file):     507524 kB
Inactive(file):   503764 kB
Unevictable:       12768 kB
Mlocked:               0 kB
SwapTotal:        720184 kB
SwapFree:         720156 kB
Dirty:              2508 kB
Writeback:             0 kB
AnonPages:        942808 kB
Mapped:           627796 kB
Shmem:             33184 kB
Slab:             119904 kB
SReclaimable:      35904 kB
SUnreclaim:        84000 kB
KernelStack:       32688 kB
PageTables:        55896 kB
NFS_Unstable:          0 kB
Bounce:                0 kB
WritebackTmp:          0 kB
CommitLimit:     2172840 kB
Committed_AS:   92373876 kB
VmallocTotal:   251658176 kB
VmallocUsed:      138352 kB
VmallocChunk:   251415084 kB
Time pass: 111 sec

---2015-12-05 14:07:44
MemTotal:        2905316 kB
MemFree:          151224 kB
Buffers:           26184 kB
Cached:          1030772 kB
SwapCached:            0 kB
Active:          1271456 kB
Inactive:         708304 kB
Active(anon):     764148 kB
Inactive(anon):   204608 kB
Active(file):     507308 kB
Inactive(file):   503696 kB
Unevictable:       12768 kB
Mlocked:               0 kB
SwapTotal:        720184 kB
SwapFree:         720156 kB
Dirty:               896 kB
Writeback:             0 kB
AnonPages:        935576 kB
Mapped:           647080 kB
Shmem:             33184 kB
Slab:             119892 kB
SReclaimable:      35904 kB
SUnreclaim:        83988 kB
KernelStack:       32672 kB
PageTables:        55960 kB
NFS_Unstable:          0 kB
Bounce:                0 kB
WritebackTmp:          0 kB
CommitLimit:     2172840 kB
Committed_AS:   92373928 kB
VmallocTotal:   251658176 kB
VmallocUsed:      136104 kB
VmallocChunk:   251415084 kB
Time pass: 115 sec

---2015-12-05 14:07:44
MemTotal:        2905316 kB
MemFree:          132484 kB
Buffers:           26184 kB
Cached:          1030928 kB
SwapCached:            0 kB
Active:          1273700 kB
Inactive:         708260 kB
Active(anon):     766192 kB
Inactive(anon):   204608 kB
Active(file):     507508 kB
Inactive(file):   503652 kB
Unevictable:       12768 kB
Mlocked:               0 kB
SwapTotal:        720184 kB
SwapFree:         720156 kB
Dirty:               160 kB
Writeback:             0 kB
AnonPages:        937716 kB
Mapped:           657452 kB
Shmem:             33184 kB
Slab:             119848 kB
SReclaimable:      35904 kB
SUnreclaim:        83944 kB
KernelStack:       32672 kB
PageTables:        55988 kB
NFS_Unstable:          0 kB
Bounce:                0 kB
WritebackTmp:          0 kB
CommitLimit:     2172840 kB
Committed_AS:   92375248 kB
VmallocTotal:   251658176 kB
VmallocUsed:      136240 kB
VmallocChunk:   251415084 kB
Time pass: 119 sec

---2015-12-05 14:07:44
MemTotal:        2905316 kB
MemFree:          107992 kB
Buffers:           26192 kB
Cached:          1030644 kB
SwapCached:            0 kB
Active:          1280360 kB
Inactive:         707808 kB
Active(anon):     772852 kB
Inactive(anon):   204200 kB
Active(file):     507508 kB
Inactive(file):   503608 kB
Unevictable:       12768 kB
Mlocked:               0 kB
SwapTotal:        720184 kB
SwapFree:         720156 kB
Dirty:               432 kB
Writeback:             0 kB
AnonPages:        944560 kB
Mapped:           668096 kB
Shmem:             32776 kB
Slab:             116796 kB
SReclaimable:      35904 kB
SUnreclaim:        80892 kB
KernelStack:       32672 kB
PageTables:        55648 kB
NFS_Unstable:          0 kB
Bounce:                0 kB
WritebackTmp:          0 kB
CommitLimit:     2172840 kB
Committed_AS:   92202288 kB
VmallocTotal:   251658176 kB
VmallocUsed:      136400 kB
VmallocChunk:   251415084 kB
Time pass: 122 sec

---2015-12-05 14:07:44
MemTotal:        2905316 kB
MemFree:          107472 kB
Buffers:           26200 kB
Cached:          1030656 kB
SwapCached:            0 kB
Active:          1278556 kB
Inactive:         707956 kB
Active(anon):     771004 kB
Inactive(anon):   204196 kB
Active(file):     507552 kB
Inactive(file):   503760 kB
Unevictable:       12768 kB
Mlocked:               0 kB
SwapTotal:        720184 kB
SwapFree:         720156 kB
Dirty:               620 kB
Writeback:             0 kB
AnonPages:        942364 kB
Mapped:           670556 kB
Shmem:             32776 kB
Slab:             116868 kB
SReclaimable:      35920 kB
SUnreclaim:        80948 kB
KernelStack:       32752 kB
PageTables:        55608 kB
NFS_Unstable:          0 kB
Bounce:                0 kB
WritebackTmp:          0 kB
CommitLimit:     2172840 kB
Committed_AS:   92202664 kB
VmallocTotal:   251658176 kB
VmallocUsed:      136420 kB
VmallocChunk:   251415084 kB
Time pass: 126 sec

---2015-12-05 14:07:44
MemTotal:        2905316 kB
MemFree:          107584 kB
Buffers:           26208 kB
Cached:          1030660 kB
SwapCached:            0 kB
Active:          1277976 kB
Inactive:         707960 kB
Active(anon):     770420 kB
Inactive(anon):   204196 kB
Active(file):     507556 kB
Inactive(file):   503764 kB
Unevictable:       12768 kB
Mlocked:               0 kB
SwapTotal:        720184 kB
SwapFree:         720156 kB
Dirty:                44 kB
Writeback:             0 kB
AnonPages:        941816 kB
Mapped:           670560 kB
Shmem:             32776 kB
Slab:             116868 kB
SReclaimable:      35920 kB
SUnreclaim:        80948 kB
KernelStack:       32720 kB
PageTables:        55620 kB
NFS_Unstable:          0 kB
Bounce:                0 kB
WritebackTmp:          0 kB
CommitLimit:     2172840 kB
Committed_AS:   92202660 kB
VmallocTotal:   251658176 kB
VmallocUsed:      136420 kB
VmallocChunk:   251415084 kB
Time pass: 130 sec

---2015-12-05 14:07:44
MemTotal:        2905316 kB
MemFree:          105320 kB
Buffers:           26208 kB
Cached:          1030696 kB
SwapCached:            0 kB
Active:          1279128 kB
Inactive:         707976 kB
Active(anon):     771572 kB
Inactive(anon):   204196 kB
Active(file):     507556 kB
Inactive(file):   503780 kB
Unevictable:       12768 kB
Mlocked:               0 kB
SwapTotal:        720184 kB
SwapFree:         720156 kB
Dirty:                84 kB
Writeback:             0 kB
AnonPages:        943052 kB
Mapped:           670800 kB
Shmem:             32776 kB
Slab:             116868 kB
SReclaimable:      35920 kB
SUnreclaim:        80948 kB
KernelStack:       32752 kB
PageTables:        55628 kB
NFS_Unstable:          0 kB
Bounce:                0 kB
WritebackTmp:          0 kB
CommitLimit:     2172840 kB
Committed_AS:   92202672 kB
VmallocTotal:   251658176 kB
VmallocUsed:      136420 kB
VmallocChunk:   251415084 kB
Time pass: 134 sec

---2015-12-05 14:07:44
MemTotal:        2905316 kB
MemFree:          102320 kB
Buffers:           26216 kB
Cached:          1030740 kB
SwapCached:            0 kB
Active:          1281024 kB
Inactive:         708016 kB
Active(anon):     773436 kB
Inactive(anon):   204196 kB
Active(file):     507588 kB
Inactive(file):   503820 kB
Unevictable:       12768 kB
Mlocked:               0 kB
SwapTotal:        720184 kB
SwapFree:         720156 kB
Dirty:                88 kB
Writeback:             0 kB
AnonPages:        944596 kB
Mapped:           672904 kB
Shmem:             32776 kB
Slab:             116840 kB
SReclaimable:      35920 kB
SUnreclaim:        80920 kB
KernelStack:       32864 kB
PageTables:        55636 kB
NFS_Unstable:          0 kB
Bounce:                0 kB
WritebackTmp:          0 kB
CommitLimit:     2172840 kB
Committed_AS:   92203588 kB
VmallocTotal:   251658176 kB
VmallocUsed:      136420 kB
VmallocChunk:   251415084 kB
Time pass: 138 sec

---2015-12-05 14:07:44
MemTotal:        2905316 kB
MemFree:           85244 kB
Buffers:           26264 kB
Cached:          1030784 kB
SwapCached:            0 kB
Active:          1299692 kB
Inactive:         707188 kB
Active(anon):     791180 kB
Inactive(anon):   204196 kB
Active(file):     508512 kB
Inactive(file):   502992 kB
Unevictable:       12768 kB
Mlocked:               0 kB
SwapTotal:        720184 kB
SwapFree:         720156 kB
Dirty:               168 kB
Writeback:             0 kB
AnonPages:        962912 kB
Mapped:           676176 kB
Shmem:             32776 kB
Slab:             116824 kB
SReclaimable:      35904 kB
SUnreclaim:        80920 kB
KernelStack:       32976 kB
PageTables:        55696 kB
NFS_Unstable:          0 kB
Bounce:                0 kB
WritebackTmp:          0 kB
CommitLimit:     2172840 kB
Committed_AS:   92248168 kB
VmallocTotal:   251658176 kB
VmallocUsed:      138868 kB
VmallocChunk:   251415084 kB
Time pass: 141 sec

---2015-12-05 14:07:44
MemTotal:        2905316 kB
MemFree:           81980 kB
Buffers:           26264 kB
Cached:          1030992 kB
SwapCached:            0 kB
Active:          1301512 kB
Inactive:         707276 kB
Active(anon):     792888 kB
Inactive(anon):   204320 kB
Active(file):     508624 kB
Inactive(file):   502956 kB
Unevictable:       12768 kB
Mlocked:               0 kB
SwapTotal:        720184 kB
SwapFree:         720156 kB
Dirty:                 4 kB
Writeback:             0 kB
AnonPages:        964184 kB
Mapped:           676316 kB
Shmem:             32908 kB
Slab:             116872 kB
SReclaimable:      35920 kB
SUnreclaim:        80952 kB
KernelStack:       33216 kB
PageTables:        55904 kB
NFS_Unstable:          0 kB
Bounce:                0 kB
WritebackTmp:          0 kB
CommitLimit:     2172840 kB
Committed_AS:   92249460 kB
VmallocTotal:   251658176 kB
VmallocUsed:      138868 kB
VmallocChunk:   251415084 kB
Time pass: 145 sec

---2015-12-05 14:07:44
MemTotal:        2905316 kB
MemFree:           81000 kB
Buffers:           26288 kB
Cached:          1031072 kB
SwapCached:            0 kB
Active:          1302676 kB
Inactive:         707372 kB
Active(anon):     794044 kB
Inactive(anon):   204368 kB
Active(file):     508632 kB
Inactive(file):   503004 kB
Unevictable:       12768 kB
Mlocked:               0 kB
SwapTotal:        720184 kB
SwapFree:         720156 kB
Dirty:               116 kB
Writeback:             0 kB
AnonPages:        965604 kB
Mapped:           676368 kB
Shmem:             32956 kB
Slab:             116904 kB
SReclaimable:      35920 kB
SUnreclaim:        80984 kB
KernelStack:       33120 kB
PageTables:        55900 kB
NFS_Unstable:          0 kB
Bounce:                0 kB
WritebackTmp:          0 kB
CommitLimit:     2172840 kB
Committed_AS:   92250168 kB
VmallocTotal:   251658176 kB
VmallocUsed:      138868 kB
VmallocChunk:   251415084 kB
Time pass: 149 sec

---2015-12-05 14:07:44
MemTotal:        2905316 kB
MemFree:           79380 kB
Buffers:           26288 kB
Cached:          1031152 kB
SwapCached:            0 kB
Active:          1303616 kB
Inactive:         707448 kB
Active(anon):     794980 kB
Inactive(anon):   204444 kB
Active(file):     508636 kB
Inactive(file):   503004 kB
Unevictable:       12768 kB
Mlocked:               0 kB
SwapTotal:        720184 kB
SwapFree:         720156 kB
Dirty:                20 kB
Writeback:             0 kB
AnonPages:        966544 kB
Mapped:           676456 kB
Shmem:             33032 kB
Slab:             116872 kB
SReclaimable:      35920 kB
SUnreclaim:        80952 kB
KernelStack:       33168 kB
PageTables:        55952 kB
NFS_Unstable:          0 kB
Bounce:                0 kB
WritebackTmp:          0 kB
CommitLimit:     2172840 kB
Committed_AS:   92277588 kB
VmallocTotal:   251658176 kB
VmallocUsed:      138868 kB
VmallocChunk:   251415084 kB
Time pass: 153 sec

---2015-12-05 14:07:44
MemTotal:        2905316 kB
MemFree:           77552 kB
Buffers:           26304 kB
Cached:          1031200 kB
SwapCached:            0 kB
Active:          1305972 kB
Inactive:         707496 kB
Active(anon):     797320 kB
Inactive(anon):   204444 kB
Active(file):     508652 kB
Inactive(file):   503052 kB
Unevictable:       12768 kB
Mlocked:               0 kB
SwapTotal:        720184 kB
SwapFree:         720156 kB
Dirty:                72 kB
Writeback:             0 kB
AnonPages:        968736 kB
Mapped:           676488 kB
Shmem:             33032 kB
Slab:             116804 kB
SReclaimable:      35920 kB
SUnreclaim:        80884 kB
KernelStack:       33136 kB
PageTables:        55956 kB
NFS_Unstable:          0 kB
Bounce:                0 kB
WritebackTmp:          0 kB
CommitLimit:     2172840 kB
Committed_AS:   92279088 kB
VmallocTotal:   251658176 kB
VmallocUsed:      138868 kB
VmallocChunk:   251415084 kB
Time pass: 156 sec

---2015-12-05 14:07:44
MemTotal:        2905316 kB
MemFree:           75932 kB
Buffers:           26320 kB
Cached:          1031240 kB
SwapCached:            0 kB
Active:          1307504 kB
Inactive:         707528 kB
Active(anon):     798836 kB
Inactive(anon):   204444 kB
Active(file):     508668 kB
Inactive(file):   503084 kB
Unevictable:       12768 kB
Mlocked:               0 kB
SwapTotal:        720184 kB
SwapFree:         720156 kB
Dirty:               108 kB
Writeback:             0 kB
AnonPages:        970044 kB
Mapped:           676552 kB
Shmem:             33032 kB
Slab:             116804 kB
SReclaimable:      35920 kB
SUnreclaim:        80884 kB
KernelStack:       33152 kB
PageTables:        55988 kB
NFS_Unstable:          0 kB
Bounce:                0 kB
WritebackTmp:          0 kB
CommitLimit:     2172840 kB
Committed_AS:   92279868 kB
VmallocTotal:   251658176 kB
VmallocUsed:      138868 kB
VmallocChunk:   251415084 kB
Time pass: 160 sec

---2015-12-05 14:07:44
MemTotal:        2905316 kB
MemFree:           74520 kB
Buffers:           26320 kB
Cached:          1031248 kB
SwapCached:            0 kB
Active:          1308888 kB
Inactive:         707528 kB
Active(anon):     800208 kB
Inactive(anon):   204440 kB
Active(file):     508680 kB
Inactive(file):   503088 kB
Unevictable:       12768 kB
Mlocked:               0 kB
SwapTotal:        720184 kB
SwapFree:         720156 kB
Dirty:               116 kB
Writeback:             0 kB
AnonPages:        971568 kB
Mapped:           676560 kB
Shmem:             33032 kB
Slab:             116804 kB
SReclaimable:      35920 kB
SUnreclaim:        80884 kB
KernelStack:       33120 kB
PageTables:        55988 kB
NFS_Unstable:          0 kB
Bounce:                0 kB
WritebackTmp:          0 kB
CommitLimit:     2172840 kB
Committed_AS:   92280624 kB
VmallocTotal:   251658176 kB
VmallocUsed:      138868 kB
VmallocChunk:   251415084 kB
Time pass: 164 sec

---2015-12-05 14:07:44
MemTotal:        2905316 kB
MemFree:           72668 kB
Buffers:           26328 kB
Cached:          1031284 kB
SwapCached:            0 kB
Active:          1309904 kB
Inactive:         707564 kB
Active(anon):     801216 kB
Inactive(anon):   204440 kB
Active(file):     508688 kB
Inactive(file):   503124 kB
Unevictable:       12768 kB
Mlocked:               0 kB
SwapTotal:        720184 kB
SwapFree:         720156 kB
Dirty:                72 kB
Writeback:             0 kB
AnonPages:        972632 kB
Mapped:           676644 kB
Shmem:             33032 kB
Slab:             116812 kB
SReclaimable:      35920 kB
SUnreclaim:        80892 kB
KernelStack:       33104 kB
PageTables:        55988 kB
NFS_Unstable:          0 kB
Bounce:                0 kB
WritebackTmp:          0 kB
CommitLimit:     2172840 kB
Committed_AS:   92281376 kB
VmallocTotal:   251658176 kB
VmallocUsed:      138868 kB
VmallocChunk:   251415084 kB
Time pass: 168 sec

---2015-12-05 14:07:44
MemTotal:        2905316 kB
MemFree:           71932 kB
Buffers:           26336 kB
Cached:          1031284 kB
SwapCached:            0 kB
Active:          1310152 kB
Inactive:         707572 kB
Active(anon):     801464 kB
Inactive(anon):   204440 kB
Active(file):     508688 kB
Inactive(file):   503132 kB
Unevictable:       12768 kB
Mlocked:               0 kB
SwapTotal:        720184 kB
SwapFree:         720156 kB
Dirty:                20 kB
Writeback:             0 kB
AnonPages:        972752 kB
Mapped:           676648 kB
Shmem:             33032 kB
Slab:             116812 kB
SReclaimable:      35920 kB
SUnreclaim:        80892 kB
KernelStack:       33120 kB
PageTables:        55996 kB
NFS_Unstable:          0 kB
Bounce:                0 kB
WritebackTmp:          0 kB
CommitLimit:     2172840 kB
Committed_AS:   92282144 kB
VmallocTotal:   251658176 kB
VmallocUsed:      138868 kB
VmallocChunk:   251415084 kB
Time pass: 172 sec

---2015-12-05 14:07:44
MemTotal:        2905316 kB
MemFree:           71628 kB
Buffers:           26352 kB
Cached:          1031340 kB
SwapCached:            0 kB
Active:          1310584 kB
Inactive:         707636 kB
Active(anon):     801888 kB
Inactive(anon):   204464 kB
Active(file):     508696 kB
Inactive(file):   503172 kB
Unevictable:       12768 kB
Mlocked:               0 kB
SwapTotal:        720184 kB
SwapFree:         720156 kB
Dirty:               108 kB
Writeback:             0 kB
AnonPages:        973164 kB
Mapped:           676676 kB
Shmem:             33056 kB
Slab:             116808 kB
SReclaimable:      35920 kB
SUnreclaim:        80888 kB
KernelStack:       33120 kB
PageTables:        55992 kB
NFS_Unstable:          0 kB
Bounce:                0 kB
WritebackTmp:          0 kB
CommitLimit:     2172840 kB
Committed_AS:   92282144 kB
VmallocTotal:   251658176 kB
VmallocUsed:      138868 kB
VmallocChunk:   251415084 kB
Time pass: 176 sec

---2015-12-05 14:07:44
MemTotal:        2905316 kB
MemFree:           68512 kB
Buffers:           26360 kB
Cached:          1031352 kB
SwapCached:            0 kB
Active:          1313640 kB
Inactive:         707640 kB
Active(anon):     804932 kB
Inactive(anon):   204460 kB
Active(file):     508708 kB
Inactive(file):   503180 kB
Unevictable:       12768 kB
Mlocked:               0 kB
SwapTotal:        720184 kB
SwapFree:         720156 kB
Dirty:                76 kB
Writeback:             0 kB
AnonPages:        976100 kB
Mapped:           677340 kB
Shmem:             33056 kB
Slab:             116828 kB
SReclaimable:      35936 kB
SUnreclaim:        80892 kB
KernelStack:       33248 kB
PageTables:        56500 kB
NFS_Unstable:          0 kB
Bounce:                0 kB
WritebackTmp:          0 kB
CommitLimit:     2172840 kB
Committed_AS:   93010628 kB
VmallocTotal:   251658176 kB
VmallocUsed:      139888 kB
VmallocChunk:   251415084 kB
Time pass: 179 sec

---2015-12-05 14:07:44
MemTotal:        2905316 kB
MemFree:           67932 kB
Buffers:           26368 kB
Cached:          1031432 kB
SwapCached:            0 kB
Active:          1314152 kB
Inactive:         707712 kB
Active(anon):     805428 kB
Inactive(anon):   204524 kB
Active(file):     508724 kB
Inactive(file):   503188 kB
Unevictable:       12768 kB
Mlocked:               0 kB
SwapTotal:        720184 kB
SwapFree:         720156 kB
Dirty:                60 kB
Writeback:             0 kB
AnonPages:        976784 kB
Mapped:           677348 kB
Shmem:             33120 kB
Slab:             116828 kB
SReclaimable:      35936 kB
SUnreclaim:        80892 kB
KernelStack:       33264 kB
PageTables:        56556 kB
NFS_Unstable:          0 kB
Bounce:                0 kB
WritebackTmp:          0 kB
CommitLimit:     2172840 kB
Committed_AS:   93037292 kB
VmallocTotal:   251658176 kB
VmallocUsed:      139888 kB
VmallocChunk:   251415084 kB
Time pass: 183 sec

---2015-12-05 14:07:44
MemTotal:        2905316 kB
MemFree:           66776 kB
Buffers:           26384 kB
Cached:          1031468 kB
SwapCached:            0 kB
Active:          1314824 kB
Inactive:         707756 kB
Active(anon):     806092 kB
Inactive(anon):   204528 kB
Active(file):     508732 kB
Inactive(file):   503228 kB
Unevictable:       12768 kB
Mlocked:               0 kB
SwapTotal:        720184 kB
SwapFree:         720156 kB
Dirty:                12 kB
Writeback:             0 kB
AnonPages:        977436 kB
Mapped:           677376 kB
Shmem:             33124 kB
Slab:             116828 kB
SReclaimable:      35936 kB
SUnreclaim:        80892 kB
KernelStack:       33216 kB
PageTables:        56552 kB
NFS_Unstable:          0 kB
Bounce:                0 kB
WritebackTmp:          0 kB
CommitLimit:     2172840 kB
Committed_AS:   93037224 kB
VmallocTotal:   251658176 kB
VmallocUsed:      139888 kB
VmallocChunk:   251415084 kB
Time pass: 187 sec

---2015-12-05 14:07:44
MemTotal:        2905316 kB
MemFree:           66224 kB
Buffers:           26392 kB
Cached:          1031468 kB
SwapCached:            0 kB
Active:          1315488 kB
Inactive:         707764 kB
Active(anon):     806756 kB
Inactive(anon):   204528 kB
Active(file):     508732 kB
Inactive(file):   503236 kB
Unevictable:       12768 kB
Mlocked:               0 kB
SwapTotal:        720184 kB
SwapFree:         720156 kB
Dirty:                72 kB
Writeback:             0 kB
AnonPages:        978608 kB
Mapped:           677376 kB
Shmem:             33124 kB
Slab:             116828 kB
SReclaimable:      35936 kB
SUnreclaim:        80892 kB
KernelStack:       33248 kB
PageTables:        56556 kB
NFS_Unstable:          0 kB
Bounce:                0 kB
WritebackTmp:          0 kB
CommitLimit:     2172840 kB
Committed_AS:   93037264 kB
VmallocTotal:   251658176 kB
VmallocUsed:      139888 kB
VmallocChunk:   251415084 kB
Time pass: 191 sec

---2015-12-05 14:07:44
MemTotal:        2905316 kB
MemFree:           65548 kB
Buffers:           26400 kB
Cached:          1031508 kB
SwapCached:            0 kB
Active:          1315904 kB
Inactive:         707796 kB
Active(anon):     807160 kB
Inactive(anon):   204528 kB
Active(file):     508744 kB
Inactive(file):   503268 kB
Unevictable:       12768 kB
Mlocked:               0 kB
SwapTotal:        720184 kB
SwapFree:         720156 kB
Dirty:               120 kB
Writeback:             0 kB
AnonPages:        978656 kB
Mapped:           677408 kB
Shmem:             33124 kB
Slab:             116796 kB
SReclaimable:      35936 kB
SUnreclaim:        80860 kB
KernelStack:       33248 kB
PageTables:        56556 kB
NFS_Unstable:          0 kB
Bounce:                0 kB
WritebackTmp:          0 kB
CommitLimit:     2172840 kB
Committed_AS:   93037264 kB
VmallocTotal:   251658176 kB
VmallocUsed:      139888 kB
VmallocChunk:   251415084 kB
Time pass: 194 sec

---2015-12-05 14:07:44
MemTotal:        2905316 kB
MemFree:           64888 kB
Buffers:           26416 kB
Cached:          1031556 kB
SwapCached:            0 kB
Active:          1316812 kB
Inactive:         707848 kB
Active(anon):     808052 kB
Inactive(anon):   204532 kB
Active(file):     508760 kB
Inactive(file):   503316 kB
Unevictable:       12768 kB
Mlocked:               0 kB
SwapTotal:        720184 kB
SwapFree:         720156 kB
Dirty:               120 kB
Writeback:             0 kB
AnonPages:        979440 kB
Mapped:           677436 kB
Shmem:             33128 kB
Slab:             116796 kB
SReclaimable:      35936 kB
SUnreclaim:        80860 kB
KernelStack:       33248 kB
PageTables:        56556 kB
NFS_Unstable:          0 kB
Bounce:                0 kB
WritebackTmp:          0 kB
CommitLimit:     2172840 kB
Committed_AS:   93037508 kB
VmallocTotal:   251658176 kB
VmallocUsed:      139888 kB
VmallocChunk:   251415084 kB
Time pass: 198 sec

---2015-12-05 14:07:44
MemTotal:        2905316 kB
MemFree:           63840 kB
Buffers:           26424 kB
Cached:          1031596 kB
SwapCached:            0 kB
Active:          1318260 kB
Inactive:         707884 kB
Active(anon):     809488 kB
Inactive(anon):   204536 kB
Active(file):     508772 kB
Inactive(file):   503348 kB
Unevictable:       12768 kB
Mlocked:               0 kB
SwapTotal:        720184 kB
SwapFree:         720156 kB
Dirty:               108 kB
Writeback:             0 kB
AnonPages:        980972 kB
Mapped:           677448 kB
Shmem:             33132 kB
Slab:             116812 kB
SReclaimable:      35952 kB
SUnreclaim:        80860 kB
KernelStack:       33248 kB
PageTables:        56552 kB
NFS_Unstable:          0 kB
Bounce:                0 kB
WritebackTmp:          0 kB
CommitLimit:     2172840 kB
Committed_AS:   93037508 kB
VmallocTotal:   251658176 kB
VmallocUsed:      139888 kB
VmallocChunk:   251415084 kB
Time pass: 202 sec

---2015-12-05 14:07:44
MemTotal:        2905316 kB
MemFree:           69592 kB
Buffers:           26408 kB
Cached:          1026072 kB
SwapCached:            0 kB
Active:          1313168 kB
Inactive:         707504 kB
Active(anon):     809916 kB
Inactive(anon):   204176 kB
Active(file):     503252 kB
Inactive(file):   503328 kB
Unevictable:       12768 kB
Mlocked:               0 kB
SwapTotal:        720184 kB
SwapFree:         720156 kB
Dirty:               128 kB
Writeback:             0 kB
AnonPages:        980968 kB
Mapped:           676072 kB
Shmem:             33132 kB
Slab:             116812 kB
SReclaimable:      35952 kB
SUnreclaim:        80860 kB
KernelStack:       33248 kB
PageTables:        56560 kB
NFS_Unstable:          0 kB
Bounce:                0 kB
WritebackTmp:          0 kB
CommitLimit:     2172840 kB
Committed_AS:   93038252 kB
VmallocTotal:   251658176 kB
VmallocUsed:      139888 kB
VmallocChunk:   251415084 kB
Time pass: 206 sec

---2015-12-05 14:07:44
MemTotal:        2905316 kB
MemFree:           69392 kB
Buffers:           26432 kB
Cached:          1026136 kB
SwapCached:            0 kB
Active:          1313740 kB
Inactive:         707576 kB
Active(anon):     810472 kB
Inactive(anon):   204204 kB
Active(file):     503268 kB
Inactive(file):   503372 kB
Unevictable:       12768 kB
Mlocked:               0 kB
SwapTotal:        720184 kB
SwapFree:         720156 kB
Dirty:               116 kB
Writeback:             0 kB
AnonPages:        981496 kB
Mapped:           676112 kB
Shmem:             33160 kB
Slab:             116812 kB
SReclaimable:      35952 kB
SUnreclaim:        80860 kB
KernelStack:       33248 kB
PageTables:        56560 kB
NFS_Unstable:          0 kB
Bounce:                0 kB
WritebackTmp:          0 kB
CommitLimit:     2172840 kB
Committed_AS:   93038556 kB
VmallocTotal:   251658176 kB
VmallocUsed:      139888 kB
VmallocChunk:   251415084 kB
Time pass: 210 sec

---2015-12-05 14:07:44
MemTotal:        2905316 kB
MemFree:           68648 kB
Buffers:           26444 kB
Cached:          1026180 kB
SwapCached:            0 kB
Active:          1314700 kB
Inactive:         707624 kB
Active(anon):     811428 kB
Inactive(anon):   204240 kB
Active(file):     503272 kB
Inactive(file):   503384 kB
Unevictable:       12768 kB
Mlocked:               0 kB
SwapTotal:        720184 kB
SwapFree:         720156 kB
Dirty:                 8 kB
Writeback:             0 kB
AnonPages:        982520 kB
Mapped:           676168 kB
Shmem:             33200 kB
Slab:             116812 kB
SReclaimable:      35952 kB
SUnreclaim:        80860 kB
KernelStack:       33232 kB
PageTables:        56584 kB
NFS_Unstable:          0 kB
Bounce:                0 kB
WritebackTmp:          0 kB
CommitLimit:     2172840 kB
Committed_AS:   93068124 kB
VmallocTotal:   251658176 kB
VmallocUsed:      139888 kB
VmallocChunk:   251415084 kB
Time pass: 213 sec

---2015-12-05 14:07:44
MemTotal:        2905316 kB
MemFree:           67964 kB
Buffers:           26448 kB
Cached:          1023804 kB
SwapCached:            0 kB
Active:          1315212 kB
Inactive:         706420 kB
Active(anon):     813200 kB
Inactive(anon):   204264 kB
Active(file):     502012 kB
Inactive(file):   502156 kB
Unevictable:       12768 kB
Mlocked:               0 kB
SwapTotal:        720184 kB
SwapFree:         720156 kB
Dirty:                40 kB
Writeback:             0 kB
AnonPages:        984304 kB
Mapped:           675836 kB
Shmem:             33220 kB
Slab:             118412 kB
SReclaimable:      37392 kB
SUnreclaim:        81020 kB
KernelStack:       33296 kB
PageTables:        56704 kB
NFS_Unstable:          0 kB
Bounce:                0 kB
WritebackTmp:          0 kB
CommitLimit:     2172840 kB
Committed_AS:   93076224 kB
VmallocTotal:   251658176 kB
VmallocUsed:      139888 kB
VmallocChunk:   251415084 kB
Time pass: 217 sec

---2015-12-05 14:07:44
MemTotal:        2905316 kB
MemFree:           65808 kB
Buffers:           26464 kB
Cached:          1023836 kB
SwapCached:            0 kB
Active:          1314756 kB
Inactive:         706536 kB
Active(anon):     812716 kB
Inactive(anon):   204264 kB
Active(file):     502040 kB
Inactive(file):   502272 kB
Unevictable:       12768 kB
Mlocked:               0 kB
SwapTotal:        720184 kB
SwapFree:         720156 kB
Dirty:               204 kB
Writeback:             0 kB
AnonPages:        983460 kB
Mapped:           675736 kB
Shmem:             33220 kB
Slab:             120784 kB
SReclaimable:      39676 kB
SUnreclaim:        81108 kB
KernelStack:       33232 kB
PageTables:        56636 kB
NFS_Unstable:          0 kB
Bounce:                0 kB
WritebackTmp:          0 kB
CommitLimit:     2172840 kB
Committed_AS:   93065132 kB
VmallocTotal:   251658176 kB
VmallocUsed:      139888 kB
VmallocChunk:   251415084 kB
Time pass: 221 sec

---2015-12-05 14:07:44
MemTotal:        2905316 kB
MemFree:           66656 kB
Buffers:           26472 kB
Cached:          1023840 kB
SwapCached:            0 kB
Active:          1313804 kB
Inactive:         706528 kB
Active(anon):     811744 kB
Inactive(anon):   204268 kB
Active(file):     502060 kB
Inactive(file):   502260 kB
Unevictable:       12768 kB
Mlocked:               0 kB
SwapTotal:        720184 kB
SwapFree:         720156 kB
Dirty:                16 kB
Writeback:             0 kB
AnonPages:        982876 kB
Mapped:           675740 kB
Shmem:             33224 kB
Slab:             120992 kB
SReclaimable:      39772 kB
SUnreclaim:        81220 kB
KernelStack:       33184 kB
PageTables:        56604 kB
NFS_Unstable:          0 kB
Bounce:                0 kB
WritebackTmp:          0 kB
CommitLimit:     2172840 kB
Committed_AS:   93065156 kB
VmallocTotal:   251658176 kB
VmallocUsed:      139888 kB
VmallocChunk:   251415084 kB
Time pass: 224 sec

---2015-12-05 14:07:44
MemTotal:        2905316 kB
MemFree:           64828 kB
Buffers:           26472 kB
Cached:          1023852 kB
SwapCached:            0 kB
Active:          1314496 kB
Inactive:         706540 kB
Active(anon):     812436 kB
Inactive(anon):   204268 kB
Active(file):     502060 kB
Inactive(file):   502272 kB
Unevictable:       12768 kB
Mlocked:               0 kB
SwapTotal:        720184 kB
SwapFree:         720156 kB
Dirty:                12 kB
Writeback:             0 kB
AnonPages:        983576 kB
Mapped:           675836 kB
Shmem:             33224 kB
Slab:             120992 kB
SReclaimable:      39772 kB
SUnreclaim:        81220 kB
KernelStack:       33184 kB
PageTables:        56632 kB
NFS_Unstable:          0 kB
Bounce:                0 kB
WritebackTmp:          0 kB
CommitLimit:     2172840 kB
Committed_AS:   93065156 kB
VmallocTotal:   251658176 kB
VmallocUsed:      139900 kB
VmallocChunk:   251415084 kB
Time pass: 228 sec

---2015-12-05 14:07:44
MemTotal:        2905316 kB
MemFree:           64556 kB
Buffers:           26496 kB
Cached:          1023872 kB
SwapCached:            0 kB
Active:          1315592 kB
Inactive:         706564 kB
Active(anon):     813528 kB
Inactive(anon):   204268 kB
Active(file):     502064 kB
Inactive(file):   502296 kB
Unevictable:       12768 kB
Mlocked:               0 kB
SwapTotal:        720184 kB
SwapFree:         720156 kB
Dirty:               108 kB
Writeback:             0 kB
AnonPages:        984684 kB
Mapped:           675780 kB
Shmem:             33224 kB
Slab:             120992 kB
SReclaimable:      39772 kB
SUnreclaim:        81220 kB
KernelStack:       33168 kB
PageTables:        56604 kB
NFS_Unstable:          0 kB
Bounce:                0 kB
WritebackTmp:          0 kB
CommitLimit:     2172840 kB
Committed_AS:   93065132 kB
VmallocTotal:   251658176 kB
VmallocUsed:      139900 kB
VmallocChunk:   251415084 kB
Time pass: 232 sec

---2015-12-05 14:07:44
MemTotal:        2905316 kB
MemFree:           63972 kB
Buffers:           26496 kB
Cached:          1023888 kB
SwapCached:            0 kB
Active:          1316472 kB
Inactive:         706584 kB
Active(anon):     814396 kB
Inactive(anon):   204272 kB
Active(file):     502076 kB
Inactive(file):   502312 kB
Unevictable:       12768 kB
Mlocked:               0 kB
SwapTotal:        720184 kB
SwapFree:         720156 kB
Dirty:               124 kB
Writeback:             0 kB
AnonPages:        985460 kB
Mapped:           675796 kB
Shmem:             33228 kB
Slab:             120992 kB
SReclaimable:      39772 kB
SUnreclaim:        81220 kB
KernelStack:       33152 kB
PageTables:        56600 kB
NFS_Unstable:          0 kB
Bounce:                0 kB
WritebackTmp:          0 kB
CommitLimit:     2172840 kB
Committed_AS:   93065044 kB
VmallocTotal:   251658176 kB
VmallocUsed:      139900 kB
VmallocChunk:   251415084 kB
Time pass: 236 sec

---2015-12-05 14:07:44
MemTotal:        2905316 kB
MemFree:           64088 kB
Buffers:           26504 kB
Cached:          1023888 kB
SwapCached:            0 kB
Active:          1316088 kB
Inactive:         706592 kB
Active(anon):     814012 kB
Inactive(anon):   204272 kB
Active(file):     502076 kB
Inactive(file):   502320 kB
Unevictable:       12768 kB
Mlocked:               0 kB
SwapTotal:        720184 kB
SwapFree:         720156 kB
Dirty:                52 kB
Writeback:             0 kB
AnonPages:        985296 kB
Mapped:           675804 kB
Shmem:             33228 kB
Slab:             120992 kB
SReclaimable:      39772 kB
SUnreclaim:        81220 kB
KernelStack:       33152 kB
PageTables:        56604 kB
NFS_Unstable:          0 kB
Bounce:                0 kB
WritebackTmp:          0 kB
CommitLimit:     2172840 kB
Committed_AS:   93065172 kB
VmallocTotal:   251658176 kB
VmallocUsed:      139900 kB
VmallocChunk:   251415084 kB
Time pass: 240 sec

---2015-12-05 14:07:44
MemTotal:        2905316 kB
MemFree:           68968 kB
Buffers:           26500 kB
Cached:          1019816 kB
SwapCached:            0 kB
Active:          1314504 kB
Inactive:         704404 kB
Active(anon):     814696 kB
Inactive(anon):   203984 kB
Active(file):     499808 kB
Inactive(file):   500420 kB
Unevictable:       12768 kB
Mlocked:               0 kB
SwapTotal:        720184 kB
SwapFree:         720064 kB
Dirty:                32 kB
Writeback:             0 kB
AnonPages:        985560 kB
Mapped:           672880 kB
Shmem:             33316 kB
Slab:             120992 kB
SReclaimable:      39772 kB
SUnreclaim:        81220 kB
KernelStack:       33152 kB
PageTables:        56680 kB
NFS_Unstable:          0 kB
Bounce:                0 kB
WritebackTmp:          0 kB
CommitLimit:     2172840 kB
Committed_AS:   93091796 kB
VmallocTotal:   251658176 kB
VmallocUsed:      139900 kB
VmallocChunk:   251415084 kB
Time pass: 243 sec

---2015-12-05 14:07:44
MemTotal:        2905316 kB
MemFree:           68332 kB
Buffers:           26524 kB
Cached:          1019740 kB
SwapCached:            0 kB
Active:          1315524 kB
Inactive:         704528 kB
Active(anon):     815796 kB
Inactive(anon):   203988 kB
Active(file):     499728 kB
Inactive(file):   500540 kB
Unevictable:       12768 kB
Mlocked:               0 kB
SwapTotal:        720184 kB
SwapFree:         720064 kB
Dirty:                12 kB
Writeback:             0 kB
AnonPages:        986692 kB
Mapped:           672784 kB
Shmem:             33228 kB
Slab:             120864 kB
SReclaimable:      39644 kB
SUnreclaim:        81220 kB
KernelStack:       33120 kB
PageTables:        56672 kB
NFS_Unstable:          0 kB
Bounce:                0 kB
WritebackTmp:          0 kB
CommitLimit:     2172840 kB
Committed_AS:   93091756 kB
VmallocTotal:   251658176 kB
VmallocUsed:      139900 kB
VmallocChunk:   251415084 kB
Time pass: 247 sec

---2015-12-05 14:07:44
MemTotal:        2905316 kB
MemFree:           67720 kB
Buffers:           26524 kB
Cached:          1019740 kB
SwapCached:            0 kB
Active:          1315784 kB
Inactive:         704524 kB
Active(anon):     816052 kB
Inactive(anon):   203988 kB
Active(file):     499732 kB
Inactive(file):   500536 kB
Unevictable:       12768 kB
Mlocked:               0 kB
SwapTotal:        720184 kB
SwapFree:         720064 kB
Dirty:                12 kB
Writeback:             0 kB
AnonPages:        986964 kB
Mapped:           672796 kB
Shmem:             33228 kB
Slab:             120864 kB
SReclaimable:      39644 kB
SUnreclaim:        81220 kB
KernelStack:       33088 kB
PageTables:        56664 kB
NFS_Unstable:          0 kB
Bounce:                0 kB
WritebackTmp:          0 kB
CommitLimit:     2172840 kB
Committed_AS:   93091780 kB
VmallocTotal:   251658176 kB
VmallocUsed:      139900 kB
VmallocChunk:   251415084 kB
Time pass: 251 sec

---2015-12-05 14:07:44
MemTotal:        2905316 kB
MemFree:           66828 kB
Buffers:           26532 kB
Cached:          1019784 kB
SwapCached:            0 kB
Active:          1317144 kB
Inactive:         704564 kB
Active(anon):     817400 kB
Inactive(anon):   203988 kB
Active(file):     499744 kB
Inactive(file):   500576 kB
Unevictable:       12768 kB
Mlocked:               0 kB
SwapTotal:        720184 kB
SwapFree:         720064 kB
Dirty:                92 kB
Writeback:             0 kB
AnonPages:        987996 kB
Mapped:           672800 kB
Shmem:             33228 kB
Slab:             120776 kB
SReclaimable:      39644 kB
SUnreclaim:        81132 kB
KernelStack:       33088 kB
PageTables:        56684 kB
NFS_Unstable:          0 kB
Bounce:                0 kB
WritebackTmp:          0 kB
CommitLimit:     2172840 kB
Committed_AS:   93091768 kB
VmallocTotal:   251658176 kB
VmallocUsed:      139900 kB
VmallocChunk:   251415084 kB
Time pass: 255 sec

---2015-12-05 14:07:44
MemTotal:        2905316 kB
MemFree:           65756 kB
Buffers:           26548 kB
Cached:          1019820 kB
SwapCached:            0 kB
Active:          1318124 kB
Inactive:         704596 kB
Active(anon):     818360 kB
Inactive(anon):   203988 kB
Active(file):     499764 kB
Inactive(file):   500608 kB
Unevictable:       12768 kB
Mlocked:               0 kB
SwapTotal:        720184 kB
SwapFree:         720064 kB
Dirty:                16 kB
Writeback:             0 kB
AnonPages:        989092 kB
Mapped:           672812 kB
Shmem:             33228 kB
Slab:             120776 kB
SReclaimable:      39644 kB
SUnreclaim:        81132 kB
KernelStack:       33072 kB
PageTables:        56684 kB
NFS_Unstable:          0 kB
Bounce:                0 kB
WritebackTmp:          0 kB
CommitLimit:     2172840 kB
Committed_AS:   93091780 kB
VmallocTotal:   251658176 kB
VmallocUsed:      139900 kB
VmallocChunk:   251415084 kB
Time pass: 258 sec

---2015-12-05 14:07:44
MemTotal:        2905316 kB
MemFree:           65924 kB
Buffers:           26556 kB
Cached:          1019820 kB
SwapCached:            0 kB
Active:          1318168 kB
Inactive:         704604 kB
Active(anon):     818404 kB
Inactive(anon):   203988 kB
Active(file):     499764 kB
Inactive(file):   500616 kB
Unevictable:       12768 kB
Mlocked:               0 kB
SwapTotal:        720184 kB
SwapFree:         720064 kB
Dirty:                60 kB
Writeback:             0 kB
AnonPages:        989124 kB
Mapped:           672816 kB
Shmem:             33228 kB
Slab:             120776 kB
SReclaimable:      39644 kB
SUnreclaim:        81132 kB
KernelStack:       33088 kB
PageTables:        56680 kB
NFS_Unstable:          0 kB
Bounce:                0 kB
WritebackTmp:          0 kB
CommitLimit:     2172840 kB
Committed_AS:   93091768 kB
VmallocTotal:   251658176 kB
VmallocUsed:      139900 kB
VmallocChunk:   251415084 kB
Time pass: 262 sec

---2015-12-05 14:07:44
MemTotal:        2905316 kB
MemFree:           64020 kB
Buffers:           26572 kB
Cached:          1019864 kB
SwapCached:            0 kB
Active:          1319568 kB
Inactive:         704648 kB
Active(anon):     819792 kB
Inactive(anon):   203988 kB
Active(file):     499776 kB
Inactive(file):   500660 kB
Unevictable:       12768 kB
Mlocked:               0 kB
SwapTotal:        720184 kB
SwapFree:         720064 kB
Dirty:               120 kB
Writeback:             4 kB
AnonPages:        990416 kB
Mapped:           672820 kB
Shmem:             33228 kB
Slab:             120772 kB
SReclaimable:      39640 kB
SUnreclaim:        81132 kB
KernelStack:       33072 kB
PageTables:        56676 kB
NFS_Unstable:          0 kB
Bounce:                0 kB
WritebackTmp:          0 kB
CommitLimit:     2172840 kB
Committed_AS:   93091732 kB
VmallocTotal:   251658176 kB
VmallocUsed:      139900 kB
VmallocChunk:   251415084 kB
Time pass: 266 sec

---2015-12-05 14:07:44
MemTotal:        2905316 kB
MemFree:           63728 kB
Buffers:           26588 kB
Cached:          1019912 kB
SwapCached:            0 kB
Active:          1320512 kB
Inactive:         704692 kB
Active(anon):     820712 kB
Inactive(anon):   203988 kB
Active(file):     499800 kB
Inactive(file):   500704 kB
Unevictable:       12768 kB
Mlocked:               0 kB
SwapTotal:        720184 kB
SwapFree:         720064 kB
Dirty:               120 kB
Writeback:             0 kB
AnonPages:        991576 kB
Mapped:           672772 kB
Shmem:             33228 kB
Slab:             120772 kB
SReclaimable:      39640 kB
SUnreclaim:        81132 kB
KernelStack:       33088 kB
PageTables:        56660 kB
NFS_Unstable:          0 kB
Bounce:                0 kB
WritebackTmp:          0 kB
CommitLimit:     2172840 kB
Committed_AS:   93091780 kB
VmallocTotal:   251658176 kB
VmallocUsed:      139900 kB
VmallocChunk:   251415084 kB
Time pass: 270 sec

---2015-12-05 14:07:44
MemTotal:        2905316 kB
MemFree:           70248 kB
Buffers:           26596 kB
Cached:          1016868 kB
SwapCached:            0 kB
Active:          1318652 kB
Inactive:         704052 kB
Active(anon):     819968 kB
Inactive(anon):   205312 kB
Active(file):     498684 kB
Inactive(file):   498740 kB
Unevictable:       12768 kB
Mlocked:               0 kB
SwapTotal:        720184 kB
SwapFree:         720064 kB
Dirty:                64 kB
Writeback:             0 kB
AnonPages:        992128 kB
Mapped:           671496 kB
Shmem:             33272 kB
Slab:             116848 kB
SReclaimable:      35984 kB
SUnreclaim:        80864 kB
KernelStack:       33088 kB
PageTables:        56716 kB
NFS_Unstable:          0 kB
Bounce:                0 kB
WritebackTmp:          0 kB
CommitLimit:     2172840 kB
Committed_AS:   93118380 kB
VmallocTotal:   251658176 kB
VmallocUsed:      139900 kB
VmallocChunk:   251415084 kB
Time pass: 273 sec

---2015-12-05 14:07:44
MemTotal:        2905316 kB
MemFree:           70360 kB
Buffers:           26596 kB
Cached:          1016876 kB
SwapCached:            0 kB
Active:          1318728 kB
Inactive:         704060 kB
Active(anon):     820044 kB
Inactive(anon):   205312 kB
Active(file):     498684 kB
Inactive(file):   498748 kB
Unevictable:       12768 kB
Mlocked:               0 kB
SwapTotal:        720184 kB
SwapFree:         720064 kB
Dirty:                 4 kB
Writeback:             0 kB
AnonPages:        992092 kB
Mapped:           671496 kB
Shmem:             33272 kB
Slab:             116880 kB
SReclaimable:      36016 kB
SUnreclaim:        80864 kB
KernelStack:       33088 kB
PageTables:        56720 kB
NFS_Unstable:          0 kB
Bounce:                0 kB
WritebackTmp:          0 kB
CommitLimit:     2172840 kB
Committed_AS:   93118380 kB
VmallocTotal:   251658176 kB
VmallocUsed:      139900 kB
VmallocChunk:   251415084 kB
Time pass: 277 sec

---2015-12-05 14:07:44
MemTotal:        2905316 kB
MemFree:           74860 kB
Buffers:           26620 kB
Cached:          1016952 kB
SwapCached:            0 kB
Active:          1314132 kB
Inactive:         704152 kB
Active(anon):     815444 kB
Inactive(anon):   205308 kB
Active(file):     498688 kB
Inactive(file):   498844 kB
Unevictable:       12768 kB
Mlocked:               0 kB
SwapTotal:        720184 kB
SwapFree:         720064 kB
Dirty:               108 kB
Writeback:             0 kB
AnonPages:        987632 kB
Mapped:           671528 kB
Shmem:             33272 kB
Slab:             116880 kB
SReclaimable:      36016 kB
SUnreclaim:        80864 kB
KernelStack:       33088 kB
PageTables:        56720 kB
NFS_Unstable:          0 kB
Bounce:                0 kB
WritebackTmp:          0 kB
CommitLimit:     2172840 kB
Committed_AS:   93118380 kB
VmallocTotal:   251658176 kB
VmallocUsed:      139900 kB
VmallocChunk:   251415084 kB
Time pass: 281 sec

---2015-12-05 14:07:44
MemTotal:        2905316 kB
MemFree:           80108 kB
Buffers:           26628 kB
Cached:          1016952 kB
SwapCached:            0 kB
Active:          1308844 kB
Inactive:         704148 kB
Active(anon):     810148 kB
Inactive(anon):   205308 kB
Active(file):     498696 kB
Inactive(file):   498840 kB
Unevictable:       12768 kB
Mlocked:               0 kB
SwapTotal:        720184 kB
SwapFree:         720064 kB
Dirty:                28 kB
Writeback:             0 kB
AnonPages:        982016 kB
Mapped:           671540 kB
Shmem:             33272 kB
Slab:             116880 kB
SReclaimable:      36016 kB
SUnreclaim:        80864 kB
KernelStack:       33072 kB
PageTables:        56720 kB
NFS_Unstable:          0 kB
Bounce:                0 kB
WritebackTmp:          0 kB
CommitLimit:     2172840 kB
Committed_AS:   93118392 kB
VmallocTotal:   251658176 kB
VmallocUsed:      139900 kB
VmallocChunk:   251415084 kB
Time pass: 285 sec

---2015-12-05 14:07:44
MemTotal:        2905316 kB
MemFree:           80088 kB
Buffers:           26628 kB
Cached:          1016964 kB
SwapCached:            0 kB
Active:          1308868 kB
Inactive:         704152 kB
Active(anon):     810160 kB
Inactive(anon):   205308 kB
Active(file):     498708 kB
Inactive(file):   498844 kB
Unevictable:       12768 kB
Mlocked:               0 kB
SwapTotal:        720184 kB
SwapFree:         720064 kB
Dirty:                56 kB
Writeback:             0 kB
AnonPages:        982192 kB
Mapped:           671568 kB
Shmem:             33272 kB
Slab:             116880 kB
SReclaimable:      36016 kB
SUnreclaim:        80864 kB
KernelStack:       33120 kB
PageTables:        56720 kB
NFS_Unstable:          0 kB
Bounce:                0 kB
WritebackTmp:          0 kB
CommitLimit:     2172840 kB
Committed_AS:   93118416 kB
VmallocTotal:   251658176 kB
VmallocUsed:      139900 kB
VmallocChunk:   251415084 kB
Time pass: 289 sec

---2015-12-05 14:07:44
MemTotal:        2905316 kB
MemFree:           80640 kB
Buffers:           26644 kB
Cached:          1016964 kB
SwapCached:            0 kB
Active:          1308748 kB
Inactive:         704164 kB
Active(anon):     810040 kB
Inactive(anon):   205308 kB
Active(file):     498708 kB
Inactive(file):   498856 kB
Unevictable:       12768 kB
Mlocked:               0 kB
SwapTotal:        720184 kB
SwapFree:         720064 kB
Dirty:                 0 kB
Writeback:             0 kB
AnonPages:        982220 kB
Mapped:           671576 kB
Shmem:             33272 kB
Slab:             116880 kB
SReclaimable:      36016 kB
SUnreclaim:        80864 kB
KernelStack:       33136 kB
PageTables:        56728 kB
NFS_Unstable:          0 kB
Bounce:                0 kB
WritebackTmp:          0 kB
CommitLimit:     2172840 kB
Committed_AS:   93118660 kB
VmallocTotal:   251658176 kB
VmallocUsed:      139900 kB
VmallocChunk:   251415084 kB
Time pass: 292 sec

---2015-12-05 14:07:44
MemTotal:        2905316 kB
MemFree:           79724 kB
Buffers:           26660 kB
Cached:          1016992 kB
SwapCached:            0 kB
Active:          1309728 kB
Inactive:         704200 kB
Active(anon):     811012 kB
Inactive(anon):   205308 kB
Active(file):     498716 kB
Inactive(file):   498892 kB
Unevictable:       12768 kB
Mlocked:               0 kB
SwapTotal:        720184 kB
SwapFree:         720064 kB
Dirty:               104 kB
Writeback:             0 kB
AnonPages:        983064 kB
Mapped:           671588 kB
Shmem:             33272 kB
Slab:             116880 kB
SReclaimable:      36016 kB
SUnreclaim:        80864 kB
KernelStack:       33104 kB
PageTables:        56728 kB
NFS_Unstable:          0 kB
Bounce:                0 kB
WritebackTmp:          0 kB
CommitLimit:     2172840 kB
Committed_AS:   93118660 kB
VmallocTotal:   251658176 kB
VmallocUsed:      139900 kB
VmallocChunk:   251415084 kB
Time pass: 296 sec

---2015-12-05 14:07:44
MemTotal:        2905316 kB
MemFree:           79476 kB
Buffers:           26660 kB
Cached:          1017004 kB
SwapCached:            0 kB
Active:          1309332 kB
Inactive:         704208 kB
Active(anon):     810608 kB
Inactive(anon):   205308 kB
Active(file):     498724 kB
Inactive(file):   498900 kB
Unevictable:       12768 kB
Mlocked:               0 kB
SwapTotal:        720184 kB
SwapFree:         720064 kB
Dirty:                28 kB
Writeback:             0 kB
AnonPages:        982876 kB
Mapped:           671592 kB
Shmem:             33272 kB
Slab:             116880 kB
SReclaimable:      36016 kB
SUnreclaim:        80864 kB
KernelStack:       33088 kB
PageTables:        56720 kB
NFS_Unstable:          0 kB
Bounce:                0 kB
WritebackTmp:          0 kB
CommitLimit:     2172840 kB
Committed_AS:   93118896 kB
VmallocTotal:   251658176 kB
VmallocUsed:      139900 kB
VmallocChunk:   251415084 kB
Time pass: 300 sec

---2015-12-05 14:07:44
MemTotal:        2905316 kB
MemFree:           79220 kB
Buffers:           26668 kB
Cached:          1017092 kB
SwapCached:            0 kB
Active:          1309724 kB
Inactive:         704288 kB
Active(anon):     810988 kB
Inactive(anon):   205368 kB
Active(file):     498736 kB
Inactive(file):   498920 kB
Unevictable:       12768 kB
Mlocked:               0 kB
SwapTotal:        720184 kB
SwapFree:         720064 kB
Dirty:                64 kB
Writeback:             0 kB
AnonPages:        982932 kB
Mapped:           671656 kB
Shmem:             33332 kB
Slab:             116760 kB
SReclaimable:      35888 kB
SUnreclaim:        80872 kB
KernelStack:       33072 kB
PageTables:        56772 kB
NFS_Unstable:          0 kB
Bounce:                0 kB
WritebackTmp:          0 kB
CommitLimit:     2172840 kB
Committed_AS:   93145456 kB
VmallocTotal:   251658176 kB
VmallocUsed:      139900 kB
VmallocChunk:   251415084 kB
Time pass: 303 sec

---2015-12-05 14:07:44
MemTotal:        2905316 kB
MemFree:           79356 kB
Buffers:           26676 kB
Cached:          1017092 kB
SwapCached:            0 kB
Active:          1309564 kB
Inactive:         704300 kB
Active(anon):     810828 kB
Inactive(anon):   205368 kB
Active(file):     498736 kB
Inactive(file):   498932 kB
Unevictable:       12768 kB
Mlocked:               0 kB
SwapTotal:        720184 kB
SwapFree:         720064 kB
Dirty:                72 kB
Writeback:             0 kB
AnonPages:        982988 kB
Mapped:           671672 kB
Shmem:             33332 kB
Slab:             116760 kB
SReclaimable:      35888 kB
SUnreclaim:        80872 kB
KernelStack:       33040 kB
PageTables:        56772 kB
NFS_Unstable:          0 kB
Bounce:                0 kB
WritebackTmp:          0 kB
CommitLimit:     2172840 kB
Committed_AS:   93145456 kB
VmallocTotal:   251658176 kB
VmallocUsed:      139900 kB
VmallocChunk:   251415084 kB
Time pass: 307 sec

---2015-12-05 14:07:44
MemTotal:        2905316 kB
MemFree:           78232 kB
Buffers:           26692 kB
Cached:          1017144 kB
SwapCached:            0 kB
Active:          1310468 kB
Inactive:         704356 kB
Active(anon):     811720 kB
Inactive(anon):   205388 kB
Active(file):     498748 kB
Inactive(file):   498968 kB
Unevictable:       12768 kB
Mlocked:               0 kB
SwapTotal:        720184 kB
SwapFree:         720064 kB
Dirty:               108 kB
Writeback:             0 kB
AnonPages:        983876 kB
Mapped:           671696 kB
Shmem:             33352 kB
Slab:             116760 kB
SReclaimable:      35888 kB
SUnreclaim:        80872 kB
KernelStack:       33024 kB
PageTables:        56768 kB
NFS_Unstable:          0 kB
Bounce:                0 kB
WritebackTmp:          0 kB
CommitLimit:     2172840 kB
Committed_AS:   93145388 kB
VmallocTotal:   251658176 kB
VmallocUsed:      139900 kB
VmallocChunk:   251415084 kB
Time pass: 311 sec

---2015-12-05 14:07:44
MemTotal:        2905316 kB
MemFree:           77660 kB
Buffers:           26700 kB
Cached:          1017232 kB
SwapCached:            0 kB
Active:          1310788 kB
Inactive:         704452 kB
Active(anon):     812040 kB
Inactive(anon):   205472 kB
Active(file):     498748 kB
Inactive(file):   498980 kB
Unevictable:       12768 kB
Mlocked:               0 kB
SwapTotal:        720184 kB
SwapFree:         720064 kB
Dirty:                56 kB
Writeback:             0 kB
AnonPages:        984064 kB
Mapped:           671784 kB
Shmem:             33436 kB
Slab:             116760 kB
SReclaimable:      35888 kB
SUnreclaim:        80872 kB
KernelStack:       33008 kB
PageTables:        56772 kB
NFS_Unstable:          0 kB
Bounce:                0 kB
WritebackTmp:          0 kB
CommitLimit:     2172840 kB
Committed_AS:   93145604 kB
VmallocTotal:   251658176 kB
VmallocUsed:      139900 kB
VmallocChunk:   251415084 kB
Time pass: 315 sec

---2015-12-05 14:07:44
MemTotal:        2905316 kB
MemFree:           77904 kB
Buffers:           26708 kB
Cached:          1017244 kB
SwapCached:            0 kB
Active:          1310756 kB
Inactive:         704464 kB
Active(anon):     812000 kB
Inactive(anon):   205476 kB
Active(file):     498756 kB
Inactive(file):   498988 kB
Unevictable:       12768 kB
Mlocked:               0 kB
SwapTotal:        720184 kB
SwapFree:         720064 kB
Dirty:                12 kB
Writeback:             0 kB
AnonPages:        984176 kB
Mapped:           671800 kB
Shmem:             33440 kB
Slab:             116760 kB
SReclaimable:      35888 kB
SUnreclaim:        80872 kB
KernelStack:       32992 kB
PageTables:        56772 kB
NFS_Unstable:          0 kB
Bounce:                0 kB
WritebackTmp:          0 kB
CommitLimit:     2172840 kB
Committed_AS:   93145576 kB
VmallocTotal:   251658176 kB
VmallocUsed:      139900 kB
VmallocChunk:   251415084 kB
Time pass: 318 sec

---2015-12-05 14:07:44
MemTotal:        2905316 kB
MemFree:           77548 kB
Buffers:           26724 kB
Cached:          1017276 kB
SwapCached:            0 kB
Active:          1311596 kB
Inactive:         704504 kB
Active(anon):     812832 kB
Inactive(anon):   205476 kB
Active(file):     498764 kB
Inactive(file):   499028 kB
Unevictable:       12768 kB
Mlocked:               0 kB
SwapTotal:        720184 kB
SwapFree:         720064 kB
Dirty:               108 kB
Writeback:             0 kB
AnonPages:        984764 kB
Mapped:           671804 kB
Shmem:             33440 kB
Slab:             116756 kB
SReclaimable:      35888 kB
SUnreclaim:        80868 kB
KernelStack:       32976 kB
PageTables:        56772 kB
NFS_Unstable:          0 kB
Bounce:                0 kB
WritebackTmp:          0 kB
CommitLimit:     2172840 kB
Committed_AS:   93145584 kB
VmallocTotal:   251658176 kB
VmallocUsed:      139900 kB
VmallocChunk:   251415084 kB
Time pass: 322 sec

---2015-12-05 14:07:44
MemTotal:        2905316 kB
MemFree:           77064 kB
Buffers:           26732 kB
Cached:          1017292 kB
SwapCached:            0 kB
Active:          1311492 kB
Inactive:         704524 kB
Active(anon):     812724 kB
Inactive(anon):   205476 kB
Active(file):     498768 kB
Inactive(file):   499048 kB
Unevictable:       12768 kB
Mlocked:               0 kB
SwapTotal:        720184 kB
SwapFree:         720064 kB
Dirty:                20 kB
Writeback:             0 kB
AnonPages:        984940 kB
Mapped:           671824 kB
Shmem:             33440 kB
Slab:             116756 kB
SReclaimable:      35888 kB
SUnreclaim:        80868 kB
KernelStack:       32976 kB
PageTables:        56768 kB
NFS_Unstable:          0 kB
Bounce:                0 kB
WritebackTmp:          0 kB
CommitLimit:     2172840 kB
Committed_AS:   93145584 kB
VmallocTotal:   251658176 kB
VmallocUsed:      139900 kB
VmallocChunk:   251415084 kB
Time pass: 326 sec

---2015-12-05 14:07:44
MemTotal:        2905316 kB
MemFree:           76720 kB
Buffers:           26740 kB
Cached:          1017296 kB
SwapCached:            0 kB
Active:          1311732 kB
Inactive:         704532 kB
Active(anon):     812960 kB
Inactive(anon):   205476 kB
Active(file):     498772 kB
Inactive(file):   499056 kB
Unevictable:       12768 kB
Mlocked:               0 kB
SwapTotal:        720184 kB
SwapFree:         720064 kB
Dirty:                24 kB
Writeback:             0 kB
AnonPages:        985140 kB
Mapped:           671828 kB
Shmem:             33440 kB
Slab:             116756 kB
SReclaimable:      35888 kB
SUnreclaim:        80868 kB
KernelStack:       32976 kB
PageTables:        56772 kB
NFS_Unstable:          0 kB
Bounce:                0 kB
WritebackTmp:          0 kB
CommitLimit:     2172840 kB
Committed_AS:   93145596 kB
VmallocTotal:   251658176 kB
VmallocUsed:      139900 kB
VmallocChunk:   251415084 kB
Time pass: 330 sec

---2015-12-05 14:07:44
MemTotal:        2905316 kB
MemFree:           75728 kB
Buffers:           26756 kB
Cached:          1017388 kB
SwapCached:            0 kB
Active:          1312888 kB
Inactive:         704636 kB
Active(anon):     814112 kB
Inactive(anon):   205540 kB
Active(file):     498776 kB
Inactive(file):   499096 kB
Unevictable:       12768 kB
Mlocked:               0 kB
SwapTotal:        720184 kB
SwapFree:         720064 kB
Dirty:                12 kB
Writeback:             0 kB
AnonPages:        986144 kB
Mapped:           671912 kB
Shmem:             33504 kB
Slab:             116756 kB
SReclaimable:      35888 kB
SUnreclaim:        80868 kB
KernelStack:       32976 kB
PageTables:        56824 kB
NFS_Unstable:          0 kB
Bounce:                0 kB
WritebackTmp:          0 kB
CommitLimit:     2172840 kB
Committed_AS:   93172172 kB
VmallocTotal:   251658176 kB
VmallocUsed:      139900 kB
VmallocChunk:   251415084 kB
Time pass: 334 sec

---2015-12-05 14:07:44
MemTotal:        2905316 kB
MemFree:           75920 kB
Buffers:           26764 kB
Cached:          1017384 kB
SwapCached:            0 kB
Active:          1312876 kB
Inactive:         704632 kB
Active(anon):     814092 kB
Inactive(anon):   205540 kB
Active(file):     498784 kB
Inactive(file):   499092 kB
Unevictable:       12768 kB
Mlocked:               0 kB
SwapTotal:        720184 kB
SwapFree:         720064 kB
Dirty:                20 kB
Writeback:             0 kB
AnonPages:        986176 kB
Mapped:           671912 kB
Shmem:             33504 kB
Slab:             116756 kB
SReclaimable:      35888 kB
SUnreclaim:        80868 kB
KernelStack:       32976 kB
PageTables:        56824 kB
NFS_Unstable:          0 kB
Bounce:                0 kB
WritebackTmp:          0 kB
CommitLimit:     2172840 kB
Committed_AS:   93172192 kB
VmallocTotal:   251658176 kB
VmallocUsed:      139900 kB
VmallocChunk:   251415084 kB
Time pass: 337 sec

---2015-12-05 14:07:44
MemTotal:        2905316 kB
MemFree:           75888 kB
Buffers:           26764 kB
Cached:          1017412 kB
SwapCached:            0 kB
Active:          1312708 kB
Inactive:         704660 kB
Active(anon):     813924 kB
Inactive(anon):   205560 kB
Active(file):     498784 kB
Inactive(file):   499100 kB
Unevictable:       12768 kB
Mlocked:               0 kB
SwapTotal:        720184 kB
SwapFree:         720064 kB
Dirty:                52 kB
Writeback:             0 kB
AnonPages:        986064 kB
Mapped:           671876 kB
Shmem:             33524 kB
Slab:             116756 kB
SReclaimable:      35888 kB
SUnreclaim:        80868 kB
KernelStack:       32960 kB
PageTables:        56816 kB
NFS_Unstable:          0 kB
Bounce:                0 kB
WritebackTmp:          0 kB
CommitLimit:     2172840 kB
Committed_AS:   93172144 kB
VmallocTotal:   251658176 kB
VmallocUsed:      139900 kB
VmallocChunk:   251415084 kB
Time pass: 341 sec

---2015-12-05 14:07:44
MemTotal:        2905316 kB
MemFree:           75112 kB
Buffers:           26788 kB
Cached:          1017448 kB
SwapCached:            0 kB
Active:          1313324 kB
Inactive:         704720 kB
Active(anon):     814540 kB
Inactive(anon):   205560 kB
Active(file):     498784 kB
Inactive(file):   499160 kB
Unevictable:       12768 kB
Mlocked:               0 kB
SwapTotal:        720184 kB
SwapFree:         720064 kB
Dirty:               104 kB
Writeback:             0 kB
AnonPages:        986624 kB
Mapped:           671884 kB
Shmem:             33524 kB
Slab:             116756 kB
SReclaimable:      35888 kB
SUnreclaim:        80868 kB
KernelStack:       32928 kB
PageTables:        56812 kB
NFS_Unstable:          0 kB
Bounce:                0 kB
WritebackTmp:          0 kB
CommitLimit:     2172840 kB
Committed_AS:   93172180 kB
VmallocTotal:   251658176 kB
VmallocUsed:      139900 kB
VmallocChunk:   251415084 kB
Time pass: 345 sec

---2015-12-05 14:07:44
MemTotal:        2905316 kB
MemFree:           74724 kB
Buffers:           26788 kB
Cached:          1017448 kB
SwapCached:            0 kB
Active:          1313492 kB
Inactive:         704712 kB
Active(anon):     814700 kB
Inactive(anon):   205560 kB
Active(file):     498792 kB
Inactive(file):   499152 kB
Unevictable:       12768 kB
Mlocked:               0 kB
SwapTotal:        720184 kB
SwapFree:         720064 kB
Dirty:                 0 kB
Writeback:             0 kB
AnonPages:        986792 kB
Mapped:           671960 kB
Shmem:             33524 kB
Slab:             116756 kB
SReclaimable:      35888 kB
SUnreclaim:        80868 kB
KernelStack:       32992 kB
PageTables:        56816 kB
NFS_Unstable:          0 kB
Bounce:                0 kB
WritebackTmp:          0 kB
CommitLimit:     2172840 kB
Committed_AS:   93172140 kB
VmallocTotal:   251658176 kB
VmallocUsed:      139900 kB
VmallocChunk:   251415084 kB
Time pass: 349 sec

---2015-12-05 14:07:44
MemTotal:        2905316 kB
MemFree:           74344 kB
Buffers:           26796 kB
Cached:          1017448 kB
SwapCached:            0 kB
Active:          1313744 kB
Inactive:         704720 kB
Active(anon):     814952 kB
Inactive(anon):   205560 kB
Active(file):     498792 kB
Inactive(file):   499160 kB
Unevictable:       12768 kB
Mlocked:               0 kB
SwapTotal:        720184 kB
SwapFree:         720064 kB
Dirty:                60 kB
Writeback:             0 kB
AnonPages:        986896 kB
Mapped:           671960 kB
Shmem:             33524 kB
Slab:             116756 kB
SReclaimable:      35888 kB
SUnreclaim:        80868 kB
KernelStack:       32960 kB
PageTables:        56816 kB
NFS_Unstable:          0 kB
Bounce:                0 kB
WritebackTmp:          0 kB
CommitLimit:     2172840 kB
Committed_AS:   93172116 kB
VmallocTotal:   251658176 kB
VmallocUsed:      139900 kB
VmallocChunk:   251415084 kB
Time pass: 352 sec

---2015-12-05 14:07:44
MemTotal:        2905316 kB
MemFree:           73884 kB
Buffers:           26812 kB
Cached:          1017476 kB
SwapCached:            0 kB
Active:          1314616 kB
Inactive:         704728 kB
Active(anon):     815812 kB
Inactive(anon):   205560 kB
Active(file):     498804 kB
Inactive(file):   499168 kB
Unevictable:       12768 kB
Mlocked:               0 kB
SwapTotal:        720184 kB
SwapFree:         720064 kB
Dirty:                52 kB
Writeback:             0 kB
AnonPages:        988000 kB
Mapped:           671968 kB
Shmem:             33524 kB
Slab:             116756 kB
SReclaimable:      35888 kB
SUnreclaim:        80868 kB
KernelStack:       32992 kB
PageTables:        56816 kB
NFS_Unstable:          0 kB
Bounce:                0 kB
WritebackTmp:          0 kB
CommitLimit:     2172840 kB
Committed_AS:   93172092 kB
VmallocTotal:   251658176 kB
VmallocUsed:      139900 kB
VmallocChunk:   251415084 kB
Time pass: 356 sec

---2015-12-05 14:07:44
MemTotal:        2905316 kB
MemFree:           72972 kB
Buffers:           26812 kB
Cached:          1017600 kB
SwapCached:            0 kB
Active:          1314852 kB
Inactive:         704856 kB
Active(anon):     816028 kB
Inactive(anon):   205560 kB
Active(file):     498824 kB
Inactive(file):   499296 kB
Unevictable:       12768 kB
Mlocked:               0 kB
SwapTotal:        720184 kB
SwapFree:         720064 kB
Dirty:                16 kB
Writeback:             0 kB
AnonPages:        988164 kB
Mapped:           672016 kB
Shmem:             33524 kB
Slab:             116752 kB
SReclaimable:      35888 kB
SUnreclaim:        80864 kB
KernelStack:       32976 kB
PageTables:        56812 kB
NFS_Unstable:          0 kB
Bounce:                0 kB
WritebackTmp:          0 kB
CommitLimit:     2172840 kB
Committed_AS:   93172132 kB
VmallocTotal:   251658176 kB
VmallocUsed:      139900 kB
VmallocChunk:   251415084 kB
Time pass: 360 sec

---2015-12-05 14:07:44
MemTotal:        2905316 kB
MemFree:           72276 kB
Buffers:           26820 kB
Cached:          1017664 kB
SwapCached:            0 kB
Active:          1315804 kB
Inactive:         704928 kB
Active(anon):     816980 kB
Inactive(anon):   205620 kB
Active(file):     498824 kB
Inactive(file):   499308 kB
Unevictable:       12768 kB
Mlocked:               0 kB
SwapTotal:        720184 kB
SwapFree:         720064 kB
Dirty:               104 kB
Writeback:             0 kB
AnonPages:        989180 kB
Mapped:           672140 kB
Shmem:             33584 kB
Slab:             116752 kB
SReclaimable:      35888 kB
SUnreclaim:        80864 kB
KernelStack:       32960 kB
PageTables:        56884 kB
NFS_Unstable:          0 kB
Bounce:                0 kB
WritebackTmp:          0 kB
CommitLimit:     2172840 kB
Committed_AS:   93199140 kB
VmallocTotal:   251658176 kB
VmallocUsed:      139900 kB
VmallocChunk:   251415084 kB
Time pass: 364 sec

---2015-12-05 14:07:44
MemTotal:        2905316 kB
MemFree:           71876 kB
Buffers:           26828 kB
Cached:          1017660 kB
SwapCached:            0 kB
Active:          1316280 kB
Inactive:         704928 kB
Active(anon):     817452 kB
Inactive(anon):   205620 kB
Active(file):     498828 kB
Inactive(file):   499308 kB
Unevictable:       12768 kB
Mlocked:               0 kB
SwapTotal:        720184 kB
SwapFree:         720064 kB
Dirty:               104 kB
Writeback:             0 kB
AnonPages:        989340 kB
Mapped:           672092 kB
Shmem:             33584 kB
Slab:             116752 kB
SReclaimable:      35888 kB
SUnreclaim:        80864 kB
KernelStack:       32992 kB
PageTables:        56864 kB
NFS_Unstable:          0 kB
Bounce:                0 kB
WritebackTmp:          0 kB
CommitLimit:     2172840 kB
Committed_AS:   93199076 kB
VmallocTotal:   251658176 kB
VmallocUsed:      139900 kB
VmallocChunk:   251415084 kB
Time pass: 367 sec

---2015-12-05 14:07:44
MemTotal:        2905316 kB
MemFree:           71232 kB
Buffers:           26844 kB
Cached:          1017704 kB
SwapCached:            0 kB
Active:          1316596 kB
Inactive:         704972 kB
Active(anon):     817752 kB
Inactive(anon):   205620 kB
Active(file):     498844 kB
Inactive(file):   499352 kB
Unevictable:       12768 kB
Mlocked:               0 kB
SwapTotal:        720184 kB
SwapFree:         720064 kB
Dirty:                36 kB
Writeback:             0 kB
AnonPages:        989884 kB
Mapped:           672104 kB
Shmem:             33584 kB
Slab:             116752 kB
SReclaimable:      35888 kB
SUnreclaim:        80864 kB
KernelStack:       32992 kB
PageTables:        56864 kB
NFS_Unstable:          0 kB
Bounce:                0 kB
WritebackTmp:          0 kB
CommitLimit:     2172840 kB
Committed_AS:   93199064 kB
VmallocTotal:   251658176 kB
VmallocUsed:      139900 kB
VmallocChunk:   251415084 kB
Time pass: 371 sec

---2015-12-05 14:07:44
MemTotal:        2905316 kB
MemFree:           70940 kB
Buffers:           26852 kB
Cached:          1017704 kB
SwapCached:            0 kB
Active:          1316680 kB
Inactive:         704980 kB
Active(anon):     817836 kB
Inactive(anon):   205620 kB
Active(file):     498844 kB
Inactive(file):   499360 kB
Unevictable:       12768 kB
Mlocked:               0 kB
SwapTotal:        720184 kB
SwapFree:         720064 kB
Dirty:                44 kB
Writeback:             0 kB
AnonPages:        989952 kB
Mapped:           672104 kB
Shmem:             33584 kB
Slab:             116752 kB
SReclaimable:      35888 kB
SUnreclaim:        80864 kB
KernelStack:       32944 kB
PageTables:        56860 kB
NFS_Unstable:          0 kB
Bounce:                0 kB
WritebackTmp:          0 kB
CommitLimit:     2172840 kB
Committed_AS:   93199076 kB
VmallocTotal:   251658176 kB
VmallocUsed:      139900 kB
VmallocChunk:   251415084 kB
Time pass: 375 sec

---2015-12-05 14:07:44
MemTotal:        2905316 kB
MemFree:           71332 kB
Buffers:           26860 kB
Cached:          1017704 kB
SwapCached:            0 kB
Active:          1316864 kB
Inactive:         704980 kB
Active(anon):     818016 kB
Inactive(anon):   205620 kB
Active(file):     498848 kB
Inactive(file):   499360 kB
Unevictable:       12768 kB
Mlocked:               0 kB
SwapTotal:        720184 kB
SwapFree:         720064 kB
Dirty:                48 kB
Writeback:             0 kB
AnonPages:        989996 kB
Mapped:           672108 kB
Shmem:             33584 kB
Slab:             116752 kB
SReclaimable:      35888 kB
SUnreclaim:        80864 kB
KernelStack:       32976 kB
PageTables:        56864 kB
NFS_Unstable:          0 kB
Bounce:                0 kB
WritebackTmp:          0 kB
CommitLimit:     2172840 kB
Committed_AS:   93199040 kB
VmallocTotal:   251658176 kB
VmallocUsed:      139900 kB
VmallocChunk:   251415084 kB
Time pass: 378 sec

---2015-12-05 14:07:44
MemTotal:        2905316 kB
MemFree:           71016 kB
Buffers:           26876 kB
Cached:          1017736 kB
SwapCached:            0 kB
Active:          1317344 kB
Inactive:         705020 kB
Active(anon):     818492 kB
Inactive(anon):   205620 kB
Active(file):     498852 kB
Inactive(file):   499400 kB
Unevictable:       12768 kB
Mlocked:               0 kB
SwapTotal:        720184 kB
SwapFree:         720064 kB
Dirty:               104 kB
Writeback:             0 kB
AnonPages:        990516 kB
Mapped:           672088 kB
Shmem:             33584 kB
Slab:             116752 kB
SReclaimable:      35888 kB
SUnreclaim:        80864 kB
KernelStack:       32976 kB
PageTables:        56856 kB
NFS_Unstable:          0 kB
Bounce:                0 kB
WritebackTmp:          0 kB
CommitLimit:     2172840 kB
Committed_AS:   93199068 kB
VmallocTotal:   251658176 kB
VmallocUsed:      139900 kB
VmallocChunk:   251415084 kB
Time pass: 382 sec

---2015-12-05 14:07:44
MemTotal:        2905316 kB
MemFree:           69956 kB
Buffers:           26884 kB
Cached:          1017740 kB
SwapCached:            0 kB
Active:          1317548 kB
Inactive:         705028 kB
Active(anon):     818684 kB
Inactive(anon):   205620 kB
Active(file):     498864 kB
Inactive(file):   499408 kB
Unevictable:       12768 kB
Mlocked:               0 kB
SwapTotal:        720184 kB
SwapFree:         720064 kB
Dirty:                48 kB
Writeback:             0 kB
AnonPages:        990712 kB
Mapped:           672180 kB
Shmem:             33584 kB
Slab:             116752 kB
SReclaimable:      35888 kB
SUnreclaim:        80864 kB
KernelStack:       32976 kB
PageTables:        56880 kB
NFS_Unstable:          0 kB
Bounce:                0 kB
WritebackTmp:          0 kB
CommitLimit:     2172840 kB
Committed_AS:   93199076 kB
VmallocTotal:   251658176 kB
VmallocUsed:      139900 kB
VmallocChunk:   251415084 kB
Time pass: 386 sec

---2015-12-05 14:07:44
MemTotal:        2905316 kB
MemFree:           70388 kB
Buffers:           26884 kB
Cached:          1017740 kB
SwapCached:            0 kB
Active:          1317540 kB
Inactive:         705028 kB
