---2015-12-01 14:34:51
MemTotal:        2746844 kB
MemFree:          119584 kB
Buffers:           13232 kB
Cached:           985196 kB
SwapCached:          236 kB
Active:           925408 kB
Inactive:         965656 kB
Active(anon):     438600 kB
Inactive(anon):   473228 kB
Active(file):     486808 kB
Inactive(file):   492428 kB
Unevictable:       35688 kB
Mlocked:           27720 kB
SwapTotal:       1310716 kB
SwapFree:        1305676 kB
Dirty:                 0 kB
Writeback:             0 kB
AnonPages:        928272 kB
Mapped:           431144 kB
Shmem:               192 kB
Slab:             107144 kB
SReclaimable:      31308 kB
SUnreclaim:        75836 kB
KernelStack:       31280 kB
PageTables:        60488 kB
NFS_Unstable:          0 kB
Bounce:                0 kB
WritebackTmp:          0 kB
CommitLimit:     2684136 kB
Committed_AS:   149914712 kB
VmallocTotal:   251658176 kB
VmallocUsed:      307460 kB
VmallocChunk:   247561408 kB
Time pass: 3 sec

---2015-12-01 14:34:51
MemTotal:        2746844 kB
MemFree:          118456 kB
Buffers:           13248 kB
Cached:           985200 kB
SwapCached:          236 kB
Active:           926140 kB
Inactive:         965732 kB
Active(anon):     439380 kB
Inactive(anon):   473220 kB
Active(file):     486760 kB
Inactive(file):   492512 kB
Unevictable:       35688 kB
Mlocked:           27720 kB
SwapTotal:       1310716 kB
SwapFree:        1305676 kB
Dirty:               112 kB
Writeback:             0 kB
AnonPages:        928600 kB
Mapped:           431160 kB
Shmem:               192 kB
Slab:             107220 kB
SReclaimable:      31308 kB
SUnreclaim:        75912 kB
KernelStack:       31264 kB
PageTables:        60492 kB
NFS_Unstable:          0 kB
Bounce:                0 kB
WritebackTmp:          0 kB
CommitLimit:     2684136 kB
Committed_AS:   149914752 kB
VmallocTotal:   251658176 kB
VmallocUsed:      307460 kB
VmallocChunk:   247561408 kB
Time pass: 7 sec

---2015-12-01 14:34:51
MemTotal:        2746844 kB
MemFree:          118492 kB
Buffers:           13256 kB
Cached:           985200 kB
SwapCached:          236 kB
Active:           926492 kB
Inactive:         965732 kB
Active(anon):     439732 kB
Inactive(anon):   473220 kB
Active(file):     486760 kB
Inactive(file):   492512 kB
Unevictable:       35688 kB
Mlocked:           27720 kB
SwapTotal:       1310716 kB
SwapFree:        1305676 kB
Dirty:                28 kB
Writeback:             0 kB
AnonPages:        929096 kB
Mapped:           431244 kB
Shmem:               192 kB
Slab:             107284 kB
SReclaimable:      31308 kB
SUnreclaim:        75976 kB
KernelStack:       31248 kB
PageTables:        60520 kB
NFS_Unstable:          0 kB
Bounce:                0 kB
WritebackTmp:          0 kB
CommitLimit:     2684136 kB
Committed_AS:   149914616 kB
VmallocTotal:   251658176 kB
VmallocUsed:      307460 kB
VmallocChunk:   247561408 kB
Time pass: 10 sec

---2015-12-01 14:34:51
MemTotal:        2746844 kB
MemFree:          118200 kB
Buffers:           13256 kB
Cached:           985200 kB
SwapCached:          236 kB
Active:           927908 kB
Inactive:         965740 kB
Active(anon):     441148 kB
Inactive(anon):   473220 kB
Active(file):     486760 kB
Inactive(file):   492520 kB
Unevictable:       35688 kB
Mlocked:           27720 kB
SwapTotal:       1310716 kB
SwapFree:        1305676 kB
Dirty:                28 kB
Writeback:             0 kB
AnonPages:        930096 kB
Mapped:           430744 kB
Shmem:               192 kB
Slab:             107316 kB
SReclaimable:      31308 kB
SUnreclaim:        76008 kB
KernelStack:       31248 kB
PageTables:        59384 kB
NFS_Unstable:          0 kB
Bounce:                0 kB
WritebackTmp:          0 kB
CommitLimit:     2684136 kB
Committed_AS:   146335016 kB
VmallocTotal:   251658176 kB
VmallocUsed:      305420 kB
VmallocChunk:   247561408 kB
Time pass: 14 sec

---2015-12-01 14:34:51
MemTotal:        2746844 kB
MemFree:          123836 kB
Buffers:           13256 kB
Cached:           985436 kB
SwapCached:          236 kB
Active:           922780 kB
Inactive:         965804 kB
Active(anon):     435848 kB
Inactive(anon):   473220 kB
Active(file):     486932 kB
Inactive(file):   492584 kB
Unevictable:       35688 kB
Mlocked:           27720 kB
SwapTotal:       1310716 kB
SwapFree:        1305676 kB
Dirty:                 4 kB
Writeback:             0 kB
AnonPages:        925184 kB
Mapped:           430744 kB
Shmem:               192 kB
Slab:             107024 kB
SReclaimable:      31308 kB
SUnreclaim:        75716 kB
KernelStack:       30912 kB
PageTables:        59320 kB
NFS_Unstable:          0 kB
Bounce:                0 kB
WritebackTmp:          0 kB
CommitLimit:     2684136 kB
Committed_AS:   146334872 kB
VmallocTotal:   251658176 kB
VmallocUsed:      305420 kB
VmallocChunk:   247561408 kB
Time pass: 17 sec

---2015-12-01 14:34:51
MemTotal:        2746844 kB
MemFree:           68208 kB
Buffers:           12628 kB
Cached:           989800 kB
SwapCached:          240 kB
Active:           929460 kB
Inactive:         966336 kB
Active(anon):     440300 kB
Inactive(anon):   473220 kB
Active(file):     489160 kB
Inactive(file):   493116 kB
Unevictable:       35688 kB
Mlocked:           27720 kB
SwapTotal:       1310716 kB
SwapFree:        1305676 kB
Dirty:                 4 kB
Writeback:             0 kB
AnonPages:        929340 kB
Mapped:           431796 kB
Shmem:               200 kB
Slab:             107020 kB
SReclaimable:      31308 kB
SUnreclaim:        75712 kB
KernelStack:       30928 kB
PageTables:        59984 kB
NFS_Unstable:          0 kB
Bounce:                0 kB
WritebackTmp:          0 kB
CommitLimit:     2684136 kB
Committed_AS:   147576184 kB
VmallocTotal:   251658176 kB
VmallocUsed:      314336 kB
VmallocChunk:   247561408 kB
Time pass: 21 sec

---2015-12-01 14:34:51
MemTotal:        2746844 kB
MemFree:           67896 kB
Buffers:           10480 kB
Cached:           818268 kB
SwapCached:          552 kB
Active:           868520 kB
Inactive:         872776 kB
Active(anon):     463184 kB
Inactive(anon):   467936 kB
Active(file):     405336 kB
Inactive(file):   404840 kB
Unevictable:       35692 kB
Mlocked:           27720 kB
SwapTotal:       1310716 kB
SwapFree:        1275800 kB
Dirty:               796 kB
Writeback:           280 kB
AnonPages:        946468 kB
Mapped:           459048 kB
Shmem:               480 kB
Slab:             107504 kB
SReclaimable:      31516 kB
SUnreclaim:        75988 kB
KernelStack:       32400 kB
PageTables:        60448 kB
NFS_Unstable:          0 kB
Bounce:                0 kB
WritebackTmp:          0 kB
CommitLimit:     2684136 kB
Committed_AS:   147675648 kB
VmallocTotal:   251658176 kB
VmallocUsed:      328092 kB
VmallocChunk:   247561408 kB
Time pass: 24 sec

---2015-12-01 14:34:51
MemTotal:        2746844 kB
MemFree:           98492 kB
Buffers:           10612 kB
Cached:           812524 kB
SwapCached:          556 kB
Active:           845696 kB
Inactive:         852776 kB
Active(anon):     443608 kB
Inactive(anon):   451068 kB
Active(file):     402088 kB
Inactive(file):   401708 kB
Unevictable:       35692 kB
Mlocked:           27720 kB
SwapTotal:       1310716 kB
SwapFree:        1275024 kB
Dirty:                 0 kB
Writeback:             0 kB
AnonPages:        910560 kB
Mapped:           455760 kB
Shmem:               324 kB
Slab:             107628 kB
SReclaimable:      31512 kB
SUnreclaim:        76116 kB
KernelStack:       32416 kB
PageTables:        60328 kB
NFS_Unstable:          0 kB
Bounce:                0 kB
WritebackTmp:          0 kB
CommitLimit:     2684136 kB
Committed_AS:   147641904 kB
VmallocTotal:   251658176 kB
VmallocUsed:      328096 kB
VmallocChunk:   247561408 kB
Time pass: 29 sec

---2015-12-01 14:34:51
MemTotal:        2746844 kB
MemFree:           70900 kB
Buffers:           10644 kB
Cached:           828712 kB
SwapCached:          616 kB
Active:           850624 kB
Inactive:         867252 kB
Active(anon):     448468 kB
Inactive(anon):   450424 kB
Active(file):     402156 kB
Inactive(file):   416828 kB
Unevictable:       35692 kB
Mlocked:           27720 kB
SwapTotal:       1310716 kB
SwapFree:        1275028 kB
Dirty:                96 kB
Writeback:             0 kB
AnonPages:        914852 kB
Mapped:           458652 kB
Shmem:               324 kB
Slab:             107820 kB
SReclaimable:      31512 kB
SUnreclaim:        76308 kB
KernelStack:       32432 kB
PageTables:        60012 kB
NFS_Unstable:          0 kB
Bounce:                0 kB
WritebackTmp:          0 kB
CommitLimit:     2684136 kB
Committed_AS:   147642776 kB
VmallocTotal:   251658176 kB
VmallocUsed:      328512 kB
VmallocChunk:   247561408 kB
Time pass: 32 sec

---2015-12-01 14:34:51
MemTotal:        2746844 kB
MemFree:           69748 kB
Buffers:            9588 kB
Cached:           782952 kB
SwapCached:         1036 kB
Active:           838260 kB
Inactive:         844072 kB
Active(anon):     451392 kB
Inactive(anon):   457700 kB
Active(file):     386868 kB
Inactive(file):   386372 kB
Unevictable:       35692 kB
Mlocked:           27720 kB
SwapTotal:       1310716 kB
SwapFree:        1267000 kB
Dirty:                 0 kB
Writeback:           128 kB
AnonPages:        924712 kB
Mapped:           460732 kB
Shmem:               324 kB
Slab:             107696 kB
SReclaimable:      31516 kB
SUnreclaim:        76180 kB
KernelStack:       32752 kB
PageTables:        60604 kB
NFS_Unstable:          0 kB
Bounce:                0 kB
WritebackTmp:          0 kB
CommitLimit:     2684136 kB
Committed_AS:   147653248 kB
VmallocTotal:   251658176 kB
VmallocUsed:      329164 kB
VmallocChunk:   247561408 kB
Time pass: 36 sec

---2015-12-01 14:34:51
MemTotal:        2746844 kB
MemFree:           68528 kB
Buffers:            9496 kB
Cached:           781548 kB
SwapCached:         1036 kB
Active:           841388 kB
Inactive:         844036 kB
Active(anon):     455428 kB
Inactive(anon):   458360 kB
Active(file):     385960 kB
Inactive(file):   385676 kB
Unevictable:       35692 kB
Mlocked:           27720 kB
SwapTotal:       1310716 kB
SwapFree:        1266628 kB
Dirty:               176 kB
Writeback:             0 kB
AnonPages:        928448 kB
Mapped:           460760 kB
Shmem:               324 kB
Slab:             107796 kB
SReclaimable:      31516 kB
SUnreclaim:        76280 kB
KernelStack:       32688 kB
PageTables:        60628 kB
NFS_Unstable:          0 kB
Bounce:                0 kB
WritebackTmp:          0 kB
CommitLimit:     2684136 kB
Committed_AS:   147655420 kB
VmallocTotal:   251658176 kB
VmallocUsed:      329028 kB
VmallocChunk:   247561408 kB
Time pass: 39 sec

---2015-12-01 14:34:51
MemTotal:        2746844 kB
MemFree:           69984 kB
Buffers:            9088 kB
Cached:           732840 kB
SwapCached:         1112 kB
Active:           814900 kB
Inactive:         824408 kB
Active(anon):     453168 kB
Inactive(anon):   463564 kB
Active(file):     361732 kB
Inactive(file):   360844 kB
Unevictable:       35692 kB
Mlocked:           27720 kB
SwapTotal:       1310716 kB
SwapFree:        1250596 kB
Dirty:              2336 kB
Writeback:             0 kB
AnonPages:        932324 kB
Mapped:           459140 kB
Shmem:               328 kB
Slab:             108092 kB
SReclaimable:      31632 kB
SUnreclaim:        76460 kB
KernelStack:       32848 kB
PageTables:        60704 kB
NFS_Unstable:          0 kB
Bounce:                0 kB
WritebackTmp:          0 kB
CommitLimit:     2684136 kB
Committed_AS:   147668060 kB
VmallocTotal:   251658176 kB
VmallocUsed:      329684 kB
VmallocChunk:   247561408 kB
Time pass: 43 sec

---2015-12-01 14:34:51
MemTotal:        2746844 kB
MemFree:           70784 kB
Buffers:            9088 kB
Cached:           733312 kB
SwapCached:         1112 kB
Active:           814076 kB
Inactive:         824872 kB
Active(anon):     452324 kB
Inactive(anon):   463564 kB
Active(file):     361752 kB
Inactive(file):   361308 kB
Unevictable:       35692 kB
Mlocked:           27720 kB
SwapTotal:       1310716 kB
SwapFree:        1250596 kB
Dirty:                32 kB
Writeback:             0 kB
AnonPages:        931108 kB
Mapped:           459444 kB
Shmem:               328 kB
Slab:             108084 kB
SReclaimable:      31632 kB
SUnreclaim:        76452 kB
KernelStack:       32816 kB
PageTables:        60616 kB
NFS_Unstable:          0 kB
Bounce:                0 kB
WritebackTmp:          0 kB
CommitLimit:     2684136 kB
Committed_AS:   147668116 kB
VmallocTotal:   251658176 kB
VmallocUsed:      329664 kB
VmallocChunk:   247561408 kB
Time pass: 47 sec

---2015-12-01 14:34:51
MemTotal:        2746844 kB
MemFree:           75960 kB
Buffers:            9080 kB
Cached:           729608 kB
SwapCached:         1112 kB
Active:           812948 kB
Inactive:         819272 kB
Active(anon):     452972 kB
Inactive(anon):   459880 kB
Active(file):     359976 kB
Inactive(file):   359392 kB
Unevictable:       35692 kB
Mlocked:           27720 kB
SwapTotal:       1310716 kB
SwapFree:        1249104 kB
Dirty:                28 kB
Writeback:             0 kB
AnonPages:        927760 kB
Mapped:           459508 kB
Shmem:               328 kB
Slab:             108192 kB
SReclaimable:      31632 kB
SUnreclaim:        76560 kB
KernelStack:       32656 kB
PageTables:        60536 kB
NFS_Unstable:          0 kB
Bounce:                0 kB
WritebackTmp:          0 kB
CommitLimit:     2684136 kB
Committed_AS:   147668112 kB
VmallocTotal:   251658176 kB
VmallocUsed:      329688 kB
VmallocChunk:   247561408 kB
Time pass: 92 sec

---2015-12-01 14:34:51
MemTotal:        2746844 kB
MemFree:           68160 kB
Buffers:            7492 kB
Cached:           708960 kB
SwapCached:         1124 kB
Active:           799796 kB
Inactive:         807312 kB
Active(anon):     450308 kB
Inactive(anon):   458628 kB
Active(file):     349488 kB
Inactive(file):   348684 kB
Unevictable:       35692 kB
Mlocked:           27720 kB
SwapTotal:       1310716 kB
SwapFree:        1237712 kB
Dirty:               340 kB
Writeback:             0 kB
AnonPages:        923892 kB
Mapped:           455908 kB
Shmem:               328 kB
Slab:             108256 kB
SReclaimable:      31632 kB
SUnreclaim:        76624 kB
KernelStack:       32672 kB
PageTables:        60576 kB
NFS_Unstable:          0 kB
Bounce:                0 kB
WritebackTmp:          0 kB
CommitLimit:     2684136 kB
Committed_AS:   147668340 kB
VmallocTotal:   251658176 kB
VmallocUsed:      321392 kB
VmallocChunk:   247561408 kB
Time pass: 95 sec

---2015-12-01 14:34:51
MemTotal:        2746844 kB
MemFree:           66960 kB
Buffers:            7492 kB
Cached:           707548 kB
SwapCached:         1124 kB
Active:           801220 kB
Inactive:         804172 kB
Active(anon):     452864 kB
Inactive(anon):   456804 kB
Active(file):     348356 kB
Inactive(file):   347368 kB
Unevictable:       35692 kB
Mlocked:           27720 kB
SwapTotal:       1310716 kB
SwapFree:        1237712 kB
Dirty:                28 kB
Writeback:             0 kB
AnonPages:        925312 kB
Mapped:           455476 kB
Shmem:               328 kB
Slab:             108368 kB
SReclaimable:      31552 kB
SUnreclaim:        76816 kB
KernelStack:       32688 kB
PageTables:        60556 kB
NFS_Unstable:          0 kB
Bounce:                0 kB
WritebackTmp:          0 kB
CommitLimit:     2684136 kB
Committed_AS:   147668444 kB
VmallocTotal:   251658176 kB
VmallocUsed:      325796 kB
VmallocChunk:   247561408 kB
Time pass: 99 sec

---2015-12-01 14:34:51
MemTotal:        2746844 kB
MemFree:           72016 kB
Buffers:            7308 kB
Cached:           702728 kB
SwapCached:         1216 kB
Active:           803788 kB
Inactive:         803520 kB
Active(anon):     457676 kB
Inactive(anon):   458916 kB
Active(file):     346112 kB
Inactive(file):   344604 kB
Unevictable:       35692 kB
Mlocked:           27720 kB
SwapTotal:       1310716 kB
SwapFree:        1236120 kB
Dirty:               356 kB
Writeback:             0 kB
AnonPages:        931908 kB
Mapped:           458292 kB
Shmem:               328 kB
Slab:             108276 kB
SReclaimable:      31568 kB
SUnreclaim:        76708 kB
KernelStack:       32816 kB
PageTables:        60568 kB
NFS_Unstable:          0 kB
Bounce:                0 kB
WritebackTmp:          0 kB
CommitLimit:     2684136 kB
Committed_AS:   147680792 kB
VmallocTotal:   251658176 kB
VmallocUsed:      325796 kB
VmallocChunk:   247561408 kB
Time pass: 103 sec

---2015-12-01 14:34:51
MemTotal:        2746844 kB
MemFree:           66296 kB
Buffers:            7340 kB
Cached:           702728 kB
SwapCached:         1216 kB
Active:           809104 kB
Inactive:         803540 kB
Active(anon):     462992 kB
Inactive(anon):   458900 kB
Active(file):     346112 kB
Inactive(file):   344640 kB
Unevictable:       35692 kB
Mlocked:           27720 kB
SwapTotal:       1310716 kB
SwapFree:        1236120 kB
Dirty:                56 kB
Writeback:             0 kB
AnonPages:        937304 kB
Mapped:           458516 kB
Shmem:               328 kB
Slab:             108380 kB
SReclaimable:      31568 kB
SUnreclaim:        76812 kB
KernelStack:       32864 kB
PageTables:        60604 kB
NFS_Unstable:          0 kB
Bounce:                0 kB
WritebackTmp:          0 kB
CommitLimit:     2684136 kB
Committed_AS:   147688976 kB
VmallocTotal:   251658176 kB
VmallocUsed:      325796 kB
VmallocChunk:   247561408 kB
Time pass: 106 sec

---2015-12-01 14:34:51
MemTotal:        2746844 kB
MemFree:           68128 kB
Buffers:            7256 kB
Cached:           694512 kB
SwapCached:         1340 kB
Active:           805192 kB
Inactive:         802240 kB
Active(anon):     463244 kB
Inactive(anon):   462232 kB
Active(file):     341948 kB
Inactive(file):   340008 kB
Unevictable:       35692 kB
Mlocked:           27720 kB
SwapTotal:       1310716 kB
SwapFree:        1231356 kB
Dirty:               120 kB
Writeback:             0 kB
AnonPages:        941076 kB
Mapped:           459700 kB
Shmem:               328 kB
Slab:             108364 kB
SReclaimable:      31568 kB
SUnreclaim:        76796 kB
KernelStack:       33024 kB
PageTables:        60600 kB
NFS_Unstable:          0 kB
Bounce:                0 kB
WritebackTmp:          0 kB
CommitLimit:     2684136 kB
Committed_AS:   147705020 kB
VmallocTotal:   251658176 kB
VmallocUsed:      327984 kB
VmallocChunk:   247561408 kB
Time pass: 110 sec

---2015-12-01 14:34:51
MemTotal:        2746844 kB
MemFree:           65876 kB
Buffers:            7260 kB
Cached:           689396 kB
SwapCached:         1340 kB
Active:           800600 kB
Inactive:         800948 kB
Active(anon):     461504 kB
Inactive(anon):   462448 kB
Active(file):     339096 kB
Inactive(file):   338500 kB
Unevictable:       35692 kB
Mlocked:           27720 kB
SwapTotal:       1310716 kB
SwapFree:        1227624 kB
Dirty:               100 kB
Writeback:             0 kB
AnonPages:        938308 kB
Mapped:           459652 kB
Shmem:               524 kB
Slab:             108724 kB
SReclaimable:      31568 kB
SUnreclaim:        77156 kB
KernelStack:       33152 kB
PageTables:        60752 kB
NFS_Unstable:          0 kB
Bounce:                0 kB
WritebackTmp:          0 kB
CommitLimit:     2684136 kB
Committed_AS:   147705056 kB
VmallocTotal:   251658176 kB
VmallocUsed:      324044 kB
VmallocChunk:   247561408 kB
Time pass: 114 sec

---2015-12-01 14:34:51
MemTotal:        2746844 kB
MemFree:           67472 kB
Buffers:            7276 kB
Cached:           687464 kB
SwapCached:         1340 kB
Active:           799544 kB
Inactive:         799028 kB
Active(anon):     461084 kB
Inactive(anon):   462744 kB
Active(file):     338460 kB
Inactive(file):   336284 kB
Unevictable:       35692 kB
Mlocked:           27720 kB
SwapTotal:       1310716 kB
SwapFree:        1225784 kB
Dirty:                56 kB
Writeback:             0 kB
AnonPages:        938096 kB
Mapped:           459692 kB
Shmem:               688 kB
Slab:             108792 kB
SReclaimable:      31568 kB
SUnreclaim:        77224 kB
KernelStack:       33168 kB
PageTables:        60900 kB
NFS_Unstable:          0 kB
Bounce:                0 kB
WritebackTmp:          0 kB
CommitLimit:     2684136 kB
Committed_AS:   147705036 kB
VmallocTotal:   251658176 kB
VmallocUsed:      324044 kB
VmallocChunk:   247561408 kB
Time pass: 117 sec

---2015-12-01 14:34:51
MemTotal:        2746844 kB
MemFree:           64112 kB
Buffers:            7292 kB
Cached:           688976 kB
SwapCached:         1448 kB
Active:           798964 kB
Inactive:         799112 kB
Active(anon):     460744 kB
Inactive(anon):   460704 kB
Active(file):     338220 kB
Inactive(file):   338408 kB
Unevictable:       35692 kB
Mlocked:           27720 kB
SwapTotal:       1310716 kB
SwapFree:        1221744 kB
Dirty:                40 kB
Writeback:             0 kB
AnonPages:        936088 kB
Mapped:           459964 kB
Shmem:               700 kB
Slab:             108888 kB
SReclaimable:      31568 kB
SUnreclaim:        77320 kB
KernelStack:       33216 kB
PageTables:        60908 kB
NFS_Unstable:          0 kB
Bounce:                0 kB
WritebackTmp:          0 kB
CommitLimit:     2684136 kB
Committed_AS:   147705988 kB
VmallocTotal:   251658176 kB
VmallocUsed:      324044 kB
VmallocChunk:   247561408 kB
Time pass: 121 sec

---2015-12-01 14:34:51
MemTotal:        2746844 kB
MemFree:           69572 kB
Buffers:            7316 kB
Cached:           690016 kB
SwapCached:         1468 kB
Active:           792968 kB
Inactive:         799064 kB
Active(anon):     454732 kB
Inactive(anon):   459888 kB
Active(file):     338236 kB
Inactive(file):   339176 kB
Unevictable:       35692 kB
Mlocked:           27720 kB
SwapTotal:       1310716 kB
SwapFree:        1219264 kB
Dirty:                44 kB
Writeback:             0 kB
AnonPages:        929392 kB
Mapped:           459900 kB
Shmem:               396 kB
Slab:             108932 kB
SReclaimable:      31568 kB
SUnreclaim:        77364 kB
KernelStack:       32896 kB
PageTables:        60696 kB
NFS_Unstable:          0 kB
Bounce:                0 kB
WritebackTmp:          0 kB
CommitLimit:     2684136 kB
Committed_AS:   147706664 kB
VmallocTotal:   251658176 kB
VmallocUsed:      325944 kB
VmallocChunk:   247561408 kB
Time pass: 125 sec

---2015-12-01 14:34:51
MemTotal:        2746844 kB
MemFree:           69824 kB
Buffers:            7316 kB
Cached:           689312 kB
SwapCached:         1468 kB
Active:           793112 kB
Inactive:         798216 kB
Active(anon):     454660 kB
Inactive(anon):   459520 kB
Active(file):     338452 kB
Inactive(file):   338696 kB
Unevictable:       35692 kB
Mlocked:           27720 kB
SwapTotal:       1310716 kB
SwapFree:        1219264 kB
Dirty:                52 kB
Writeback:             0 kB
AnonPages:        929008 kB
Mapped:           459864 kB
Shmem:               396 kB
Slab:             109160 kB
SReclaimable:      31568 kB
SUnreclaim:        77592 kB
KernelStack:       32896 kB
PageTables:        60740 kB
NFS_Unstable:          0 kB
Bounce:                0 kB
WritebackTmp:          0 kB
CommitLimit:     2684136 kB
Committed_AS:   147706608 kB
VmallocTotal:   251658176 kB
VmallocUsed:      325944 kB
VmallocChunk:   247561408 kB
Time pass: 128 sec

---2015-12-01 14:34:51
MemTotal:        2746844 kB
MemFree:          154924 kB
Buffers:            6904 kB
Cached:           682636 kB
SwapCached:         2420 kB
Active:           717652 kB
Inactive:         764988 kB
Active(anon):     361356 kB
Inactive(anon):   451488 kB
Active(file):     356296 kB
Inactive(file):   313500 kB
Unevictable:       35692 kB
Mlocked:           27720 kB
SwapTotal:       1310716 kB
SwapFree:        1198712 kB
Dirty:                72 kB
Writeback:             0 kB
AnonPages:        827012 kB
Mapped:           408300 kB
Shmem:               400 kB
Slab:             108916 kB
SReclaimable:      31568 kB
SUnreclaim:        77348 kB
KernelStack:       32560 kB
PageTables:        58244 kB
NFS_Unstable:          0 kB
Bounce:                0 kB
WritebackTmp:          0 kB
CommitLimit:     2684136 kB
Committed_AS:   144528472 kB
VmallocTotal:   251658176 kB
VmallocUsed:      334076 kB
VmallocChunk:   247561408 kB
Time pass: 132 sec

---2015-12-01 14:34:51
MemTotal:        2746844 kB
MemFree:          385984 kB
Buffers:            6916 kB
Cached:           684844 kB
SwapCached:         2428 kB
Active:           720272 kB
Inactive:         766696 kB
Active(anon):     363572 kB
Inactive(anon):   451000 kB
Active(file):     356700 kB
Inactive(file):   315696 kB
Unevictable:       35692 kB
Mlocked:           27720 kB
SwapTotal:       1310716 kB
SwapFree:        1198712 kB
Dirty:               404 kB
Writeback:             0 kB
AnonPages:        828972 kB
Mapped:           408232 kB
Shmem:               260 kB
Slab:             108728 kB
SReclaimable:      31568 kB
SUnreclaim:        77160 kB
KernelStack:       31072 kB
PageTables:        58688 kB
NFS_Unstable:          0 kB
Bounce:                0 kB
WritebackTmp:          0 kB
CommitLimit:     2684136 kB
Committed_AS:   144522108 kB
VmallocTotal:   251658176 kB
VmallocUsed:      329680 kB
VmallocChunk:   247561408 kB
Time pass: 135 sec

---2015-12-01 14:34:51
MemTotal:        2746844 kB
MemFree:          413012 kB
Buffers:            6916 kB
Cached:           685256 kB
SwapCached:         2432 kB
Active:           696396 kB
Inactive:         762932 kB
Active(anon):     338596 kB
Inactive(anon):   447860 kB
Active(file):     357800 kB
Inactive(file):   315072 kB
Unevictable:       35692 kB
Mlocked:           27720 kB
SwapTotal:       1310716 kB
SwapFree:        1198712 kB
Dirty:               472 kB
Writeback:             0 kB
AnonPages:        800664 kB
Mapped:           408324 kB
Shmem:               260 kB
Slab:             108728 kB
SReclaimable:      31568 kB
SUnreclaim:        77160 kB
KernelStack:       31088 kB
PageTables:        58836 kB
NFS_Unstable:          0 kB
Bounce:                0 kB
WritebackTmp:          0 kB
CommitLimit:     2684136 kB
Committed_AS:   144522996 kB
VmallocTotal:   251658176 kB
VmallocUsed:      329680 kB
VmallocChunk:   247561408 kB
Time pass: 139 sec

---2015-12-01 14:34:51
MemTotal:        2746844 kB
MemFree:          414164 kB
Buffers:            6924 kB
Cached:           685256 kB
SwapCached:         2432 kB
Active:           696320 kB
Inactive:         762920 kB
Active(anon):     338508 kB
Inactive(anon):   447852 kB
Active(file):     357812 kB
Inactive(file):   315068 kB
Unevictable:       35692 kB
Mlocked:           27720 kB
SwapTotal:       1310716 kB
SwapFree:        1198712 kB
Dirty:                64 kB
Writeback:             0 kB
AnonPages:        800624 kB
Mapped:           408240 kB
Shmem:               260 kB
Slab:             108724 kB
SReclaimable:      31568 kB
SUnreclaim:        77156 kB
KernelStack:       31040 kB
PageTables:        58768 kB
NFS_Unstable:          0 kB
Bounce:                0 kB
WritebackTmp:          0 kB
CommitLimit:     2684136 kB
Committed_AS:   144523012 kB
VmallocTotal:   251658176 kB
VmallocUsed:      329680 kB
VmallocChunk:   247561408 kB
Time pass: 142 sec

---2015-12-01 14:34:51
MemTotal:        2746844 kB
MemFree:          367372 kB
Buffers:            7212 kB
Cached:           694368 kB
SwapCached:         2788 kB
Active:           715772 kB
Inactive:         768868 kB
Active(anon):     355008 kB
Inactive(anon):   447632 kB
Active(file):     360764 kB
Inactive(file):   321236 kB
Unevictable:       35692 kB
Mlocked:           27720 kB
SwapTotal:       1310716 kB
SwapFree:        1198720 kB
Dirty:               940 kB
Writeback:             0 kB
AnonPages:        816996 kB
Mapped:           427372 kB
Shmem:               260 kB
Slab:             108712 kB
SReclaimable:      31568 kB
SUnreclaim:        77144 kB
KernelStack:       31312 kB
PageTables:        59392 kB
NFS_Unstable:          0 kB
Bounce:                0 kB
WritebackTmp:          0 kB
CommitLimit:     2684136 kB
Committed_AS:   145819228 kB
VmallocTotal:   251658176 kB
VmallocUsed:      331000 kB
VmallocChunk:   247561408 kB
Time pass: 146 sec

---2015-12-01 14:34:51
MemTotal:        2746844 kB
MemFree:          229924 kB
Buffers:            7220 kB
Cached:           695392 kB
SwapCached:         2948 kB
Active:           744352 kB
Inactive:         761204 kB
Active(anon):     380688 kB
Inactive(anon):   441620 kB
Active(file):     363664 kB
Inactive(file):   319584 kB
Unevictable:       35692 kB
Mlocked:           27720 kB
SwapTotal:       1310716 kB
SwapFree:        1198724 kB
Dirty:              1744 kB
Writeback:             0 kB
AnonPages:        836112 kB
Mapped:           441516 kB
Shmem:               396 kB
Slab:             108816 kB
SReclaimable:      31584 kB
SUnreclaim:        77232 kB
KernelStack:       32448 kB
PageTables:        59904 kB
NFS_Unstable:          0 kB
Bounce:                0 kB
WritebackTmp:          0 kB
CommitLimit:     2684136 kB
Committed_AS:   145866232 kB
VmallocTotal:   251658176 kB
VmallocUsed:      327664 kB
VmallocChunk:   247561408 kB
Time pass: 149 sec

---2015-12-01 14:34:51
MemTotal:        2746844 kB
MemFree:          188468 kB
Buffers:            7220 kB
Cached:           697768 kB
SwapCached:         2948 kB
Active:           753160 kB
Inactive:         740816 kB
Active(anon):     385500 kB
Inactive(anon):   422876 kB
Active(file):     367660 kB
Inactive(file):   317940 kB
Unevictable:       35692 kB
Mlocked:           27720 kB
SwapTotal:       1310716 kB
SwapFree:        1198724 kB
Dirty:              1928 kB
Writeback:             0 kB
AnonPages:        822240 kB
Mapped:           442256 kB
Shmem:               396 kB
Slab:             108888 kB
SReclaimable:      31604 kB
SUnreclaim:        77284 kB
KernelStack:       32560 kB
PageTables:        60000 kB
NFS_Unstable:          0 kB
Bounce:                0 kB
WritebackTmp:          0 kB
CommitLimit:     2684136 kB
Committed_AS:   145832700 kB
VmallocTotal:   251658176 kB
VmallocUsed:      328868 kB
VmallocChunk:   247561408 kB
Time pass: 153 sec

---2015-12-01 14:34:51
MemTotal:        2746844 kB
MemFree:          176000 kB
Buffers:            7272 kB
Cached:           698556 kB
SwapCached:         2968 kB
Active:           754480 kB
Inactive:         741496 kB
Active(anon):     386640 kB
Inactive(anon):   423432 kB
Active(file):     367840 kB
Inactive(file):   318064 kB
Unevictable:       35692 kB
Mlocked:           27720 kB
SwapTotal:       1310716 kB
SwapFree:        1198748 kB
Dirty:                40 kB
Writeback:             0 kB
AnonPages:        823240 kB
Mapped:           442924 kB
Shmem:               912 kB
Slab:             108924 kB
SReclaimable:      31608 kB
SUnreclaim:        77316 kB
KernelStack:       32480 kB
PageTables:        59780 kB
NFS_Unstable:          0 kB
Bounce:                0 kB
WritebackTmp:          0 kB
CommitLimit:     2684136 kB
Committed_AS:   145833372 kB
VmallocTotal:   251658176 kB
VmallocUsed:      328892 kB
VmallocChunk:   247561408 kB
Time pass: 172 sec

---2015-12-01 14:34:51
MemTotal:        2746844 kB
MemFree:          142536 kB
Buffers:            7272 kB
Cached:           698712 kB
SwapCached:         2972 kB
Active:           760384 kB
Inactive:         741068 kB
Active(anon):     392532 kB
Inactive(anon):   422836 kB
Active(file):     367852 kB
Inactive(file):   318232 kB
Unevictable:       35692 kB
Mlocked:           27720 kB
SwapTotal:       1310716 kB
SwapFree:        1198800 kB
Dirty:                 0 kB
Writeback:             0 kB
AnonPages:        828560 kB
Mapped:           443416 kB
Shmem:               912 kB
Slab:             109020 kB
SReclaimable:      31624 kB
SUnreclaim:        77396 kB
KernelStack:       31968 kB
PageTables:        59804 kB
NFS_Unstable:          0 kB
Bounce:                0 kB
WritebackTmp:          0 kB
CommitLimit:     2684136 kB
Committed_AS:   145841084 kB
VmallocTotal:   251658176 kB
VmallocUsed:      329096 kB
VmallocChunk:   247561408 kB
Time pass: 176 sec

---2015-12-01 14:34:51
MemTotal:        2746844 kB
MemFree:          141552 kB
Buffers:            7280 kB
Cached:           698820 kB
SwapCached:         2972 kB
Active:           760692 kB
Inactive:         741072 kB
Active(anon):     392840 kB
Inactive(anon):   422780 kB
Active(file):     367852 kB
Inactive(file):   318292 kB
Unevictable:       35692 kB
Mlocked:           27720 kB
SwapTotal:       1310716 kB
SwapFree:        1198816 kB
Dirty:                52 kB
Writeback:             0 kB
AnonPages:        828684 kB
Mapped:           443876 kB
Shmem:               912 kB
Slab:             108980 kB
SReclaimable:      31624 kB
SUnreclaim:        77356 kB
KernelStack:       31952 kB
PageTables:        59804 kB
NFS_Unstable:          0 kB
Bounce:                0 kB
WritebackTmp:          0 kB
CommitLimit:     2684136 kB
Committed_AS:   145841076 kB
VmallocTotal:   251658176 kB
VmallocUsed:      329096 kB
VmallocChunk:   247561408 kB
Time pass: 179 sec

---2015-12-01 14:34:51
MemTotal:        2746844 kB
MemFree:          140968 kB
Buffers:            7280 kB
Cached:           698820 kB
SwapCached:         2972 kB
Active:           760560 kB
Inactive:         740924 kB
Active(anon):     392708 kB
Inactive(anon):   422576 kB
Active(file):     367852 kB
Inactive(file):   318348 kB
Unevictable:       35692 kB
Mlocked:           27720 kB
SwapTotal:       1310716 kB
SwapFree:        1198816 kB
Dirty:                 0 kB
Writeback:             0 kB
AnonPages:        828156 kB
Mapped:           443960 kB
Shmem:               912 kB
Slab:             108964 kB
SReclaimable:      31608 kB
SUnreclaim:        77356 kB
KernelStack:       31840 kB
PageTables:        59820 kB
NFS_Unstable:          0 kB
Bounce:                0 kB
WritebackTmp:          0 kB
CommitLimit:     2684136 kB
Committed_AS:   145840884 kB
VmallocTotal:   251658176 kB
VmallocUsed:      329096 kB
VmallocChunk:   247561408 kB
Time pass: 183 sec

---2015-12-01 14:34:51
MemTotal:        2746844 kB
MemFree:          123804 kB
Buffers:            7312 kB
Cached:           699164 kB
SwapCached:         3532 kB
Active:           777528 kB
Inactive:         741780 kB
Active(anon):     409600 kB
Inactive(anon):   423320 kB
Active(file):     367928 kB
Inactive(file):   318460 kB
Unevictable:       35692 kB
Mlocked:           27720 kB
SwapTotal:       1310716 kB
SwapFree:        1198884 kB
Dirty:                52 kB
Writeback:             0 kB
AnonPages:        846084 kB
Mapped:           446964 kB
Shmem:              1100 kB
Slab:             109028 kB
SReclaimable:      31608 kB
SUnreclaim:        77420 kB
KernelStack:       32368 kB
PageTables:        59956 kB
NFS_Unstable:          0 kB
Bounce:                0 kB
WritebackTmp:          0 kB
CommitLimit:     2684136 kB
Committed_AS:   145865104 kB
VmallocTotal:   251658176 kB
VmallocUsed:      331284 kB
VmallocChunk:   247561408 kB
Time pass: 187 sec

---2015-12-01 14:34:51
MemTotal:        2746844 kB
MemFree:           95300 kB
Buffers:            7440 kB
Cached:           713032 kB
SwapCached:         3576 kB
Active:           792528 kB
Inactive:         755204 kB
Active(anon):     424412 kB
Inactive(anon):   423592 kB
Active(file):     368116 kB
Inactive(file):   331612 kB
Unevictable:       35692 kB
Mlocked:           27720 kB
SwapTotal:       1310716 kB
SwapFree:        1198888 kB
Dirty:                12 kB
Writeback:             0 kB
AnonPages:        860868 kB
Mapped:           453720 kB
Shmem:              1348 kB
Slab:             109056 kB
SReclaimable:      31612 kB
SUnreclaim:        77444 kB
KernelStack:       32784 kB
PageTables:        60532 kB
NFS_Unstable:          0 kB
Bounce:                0 kB
WritebackTmp:          0 kB
CommitLimit:     2684136 kB
Committed_AS:   147131596 kB
VmallocTotal:   251658176 kB
VmallocUsed:      332304 kB
VmallocChunk:   247561408 kB
Time pass: 190 sec

---2015-12-01 14:34:51
MemTotal:        2746844 kB
MemFree:           98376 kB
Buffers:            7440 kB
Cached:           713992 kB
SwapCached:         3576 kB
Active:           800216 kB
Inactive:         756312 kB
Active(anon):     431900 kB
Inactive(anon):   423592 kB
Active(file):     368316 kB
Inactive(file):   332720 kB
Unevictable:       35692 kB
Mlocked:           27720 kB
SwapTotal:       1310716 kB
SwapFree:        1198888 kB
Dirty:                 0 kB
Writeback:             0 kB
AnonPages:        868300 kB
Mapped:           454804 kB
Shmem:              1352 kB
Slab:             109144 kB
SReclaimable:      31628 kB
SUnreclaim:        77516 kB
KernelStack:       32976 kB
PageTables:        60592 kB
NFS_Unstable:          0 kB
Bounce:                0 kB
WritebackTmp:          0 kB
CommitLimit:     2684136 kB
Committed_AS:   147136924 kB
VmallocTotal:   251658176 kB
VmallocUsed:      332304 kB
VmallocChunk:   247561408 kB
Time pass: 194 sec

---2015-12-01 14:34:51
MemTotal:        2746844 kB
MemFree:           67040 kB
Buffers:            7572 kB
Cached:           729420 kB
SwapCached:         3588 kB
Active:           810928 kB
Inactive:         771600 kB
Active(anon):     442540 kB
Inactive(anon):   423568 kB
Active(file):     368388 kB
Inactive(file):   348032 kB
Unevictable:       35692 kB
Mlocked:           27720 kB
SwapTotal:       1310716 kB
SwapFree:        1198888 kB
Dirty:               224 kB
Writeback:             0 kB
AnonPages:        879388 kB
Mapped:           460532 kB
Shmem:              1360 kB
Slab:             109248 kB
SReclaimable:      31628 kB
SUnreclaim:        77620 kB
KernelStack:       33264 kB
PageTables:        61108 kB
NFS_Unstable:          0 kB
Bounce:                0 kB
WritebackTmp:          0 kB
CommitLimit:     2684136 kB
Committed_AS:   148378996 kB
VmallocTotal:   251658176 kB
VmallocUsed:      333324 kB
VmallocChunk:   247561408 kB
Time pass: 198 sec

---2015-12-01 14:34:51
MemTotal:        2746844 kB
MemFree:           71892 kB
Buffers:            7572 kB
Cached:           728212 kB
SwapCached:         3588 kB
Active:           803556 kB
Inactive:         777680 kB
Active(anon):     435144 kB
Inactive(anon):   430748 kB
Active(file):     368412 kB
Inactive(file):   346932 kB
Unevictable:       35692 kB
Mlocked:           27720 kB
SwapTotal:       1310716 kB
SwapFree:        1198876 kB
Dirty:                44 kB
Writeback:             0 kB
AnonPages:        878656 kB
Mapped:           460096 kB
Shmem:              1412 kB
Slab:             109172 kB
SReclaimable:      31620 kB
SUnreclaim:        77552 kB
KernelStack:       33296 kB
PageTables:        61148 kB
NFS_Unstable:          0 kB
Bounce:                0 kB
WritebackTmp:          0 kB
CommitLimit:     2684136 kB
Committed_AS:   148378580 kB
VmallocTotal:   251658176 kB
VmallocUsed:      333324 kB
VmallocChunk:   247561408 kB
Time pass: 202 sec

---2015-12-01 14:34:51
MemTotal:        2746844 kB
MemFree:           80660 kB
Buffers:            7624 kB
Cached:           728448 kB
SwapCached:         3588 kB
Active:           799108 kB
Inactive:         773552 kB
Active(anon):     426380 kB
Inactive(anon):   430648 kB
Active(file):     372728 kB
Inactive(file):   342904 kB
Unevictable:       35692 kB
Mlocked:           27720 kB
SwapTotal:       1310716 kB
SwapFree:        1198876 kB
Dirty:                56 kB
Writeback:             0 kB
AnonPages:        869568 kB
Mapped:           453136 kB
Shmem:              1412 kB
Slab:             109188 kB
SReclaimable:      31620 kB
SUnreclaim:        77568 kB
KernelStack:       32640 kB
PageTables:        60544 kB
NFS_Unstable:          0 kB
Bounce:                0 kB
WritebackTmp:          0 kB
CommitLimit:     2684136 kB
Committed_AS:   147110652 kB
VmallocTotal:   251658176 kB
VmallocUsed:      332304 kB
VmallocChunk:   247561408 kB
Time pass: 205 sec

---2015-12-01 14:34:51
MemTotal:        2746844 kB
MemFree:           68264 kB
Buffers:            7652 kB
Cached:           728548 kB
SwapCached:         3600 kB
Active:           811880 kB
Inactive:         773584 kB
Active(anon):     439024 kB
Inactive(anon):   430636 kB
Active(file):     372856 kB
Inactive(file):   342948 kB
Unevictable:       35692 kB
Mlocked:           27720 kB
SwapTotal:       1310716 kB
SwapFree:        1198876 kB
Dirty:               116 kB
Writeback:             0 kB
AnonPages:        882404 kB
Mapped:           459800 kB
Shmem:              1412 kB
Slab:             109148 kB
SReclaimable:      31620 kB
SUnreclaim:        77528 kB
KernelStack:       33232 kB
PageTables:        61132 kB
NFS_Unstable:          0 kB
Bounce:                0 kB
WritebackTmp:          0 kB
CommitLimit:     2684136 kB
Committed_AS:   148373516 kB
VmallocTotal:   251658176 kB
VmallocUsed:      333324 kB
VmallocChunk:   247561408 kB
Time pass: 210 sec

---2015-12-01 14:34:51
MemTotal:        2746844 kB
MemFree:           66528 kB
Buffers:            7260 kB
Cached:           727432 kB
SwapCached:         3604 kB
Active:           808980 kB
Inactive:         777812 kB
Active(anon):     436700 kB
Inactive(anon):   435844 kB
Active(file):     372280 kB
Inactive(file):   341968 kB
Unevictable:       35692 kB
Mlocked:           27720 kB
SwapTotal:       1310716 kB
SwapFree:        1198848 kB
Dirty:               136 kB
Writeback:             0 kB
AnonPages:        885208 kB
Mapped:           460708 kB
Shmem:              1408 kB
Slab:             109204 kB
SReclaimable:      31620 kB
SUnreclaim:        77584 kB
KernelStack:       33440 kB
PageTables:        61176 kB
NFS_Unstable:          0 kB
Bounce:                0 kB
WritebackTmp:          0 kB
CommitLimit:     2684136 kB
Committed_AS:   148374444 kB
VmallocTotal:   251658176 kB
VmallocUsed:      333324 kB
VmallocChunk:   247561408 kB
Time pass: 213 sec

---2015-12-01 14:34:51
MemTotal:        2746844 kB
MemFree:           68684 kB
Buffers:            7236 kB
Cached:           725440 kB
SwapCached:         3604 kB
Active:           809500 kB
Inactive:         777808 kB
Active(anon):     437524 kB
Inactive(anon):   437536 kB
Active(file):     371976 kB
Inactive(file):   340272 kB
Unevictable:       35692 kB
Mlocked:           27720 kB
SwapTotal:       1310716 kB
SwapFree:        1198768 kB
Dirty:                80 kB
Writeback:             0 kB
AnonPages:        887868 kB
Mapped:           460728 kB
Shmem:              1408 kB
Slab:             109236 kB
SReclaimable:      31624 kB
SUnreclaim:        77612 kB
KernelStack:       33536 kB
PageTables:        61236 kB
NFS_Unstable:          0 kB
Bounce:                0 kB
WritebackTmp:          0 kB
CommitLimit:     2684136 kB
Committed_AS:   148375412 kB
VmallocTotal:   251658176 kB
VmallocUsed:      333324 kB
VmallocChunk:   247561408 kB
Time pass: 217 sec

---2015-12-01 14:34:51
MemTotal:        2746844 kB
MemFree:           83364 kB
Buffers:            7236 kB
Cached:           724940 kB
SwapCached:         3604 kB
Active:           802932 kB
Inactive:         770092 kB
Active(anon):     423800 kB
Inactive(anon):   436944 kB
Active(file):     379132 kB
Inactive(file):   333148 kB
Unevictable:       35692 kB
Mlocked:           27720 kB
SwapTotal:       1310716 kB
SwapFree:        1198772 kB
Dirty:                96 kB
Writeback:             0 kB
AnonPages:        873724 kB
Mapped:           453116 kB
Shmem:               908 kB
Slab:             109220 kB
SReclaimable:      31624 kB
SUnreclaim:        77596 kB
KernelStack:       32336 kB
PageTables:        60484 kB
NFS_Unstable:          0 kB
Bounce:                0 kB
WritebackTmp:          0 kB
CommitLimit:     2684136 kB
Committed_AS:   147104780 kB
VmallocTotal:   251658176 kB
VmallocUsed:      330264 kB
VmallocChunk:   247561408 kB
Time pass: 221 sec

---2015-12-01 14:34:51
MemTotal:        2746844 kB
MemFree:           87032 kB
Buffers:            7244 kB
Cached:           725716 kB
SwapCached:         3612 kB
Active:           798228 kB
Inactive:         770724 kB
Active(anon):     419096 kB
Inactive(anon):   436692 kB
Active(file):     379132 kB
Inactive(file):   334032 kB
Unevictable:       35692 kB
Mlocked:           27720 kB
SwapTotal:       1310716 kB
SwapFree:        1198776 kB
Dirty:                56 kB
Writeback:             0 kB
AnonPages:        868828 kB
Mapped:           453124 kB
Shmem:               908 kB
Slab:             109216 kB
SReclaimable:      31624 kB
SUnreclaim:        77592 kB
KernelStack:       32304 kB
PageTables:        60480 kB
NFS_Unstable:          0 kB
Bounce:                0 kB
WritebackTmp:          0 kB
CommitLimit:     2684136 kB
Committed_AS:   147104900 kB
VmallocTotal:   251658176 kB
VmallocUsed:      330264 kB
VmallocChunk:   247561408 kB
Time pass: 224 sec

---2015-12-01 14:34:51
MemTotal:        2746844 kB
MemFree:           85580 kB
Buffers:            7244 kB
Cached:           726184 kB
SwapCached:         3612 kB
Active:           799392 kB
Inactive:         771028 kB
Active(anon):     420236 kB
Inactive(anon):   436680 kB
Active(file):     379156 kB
Inactive(file):   334348 kB
Unevictable:       35692 kB
Mlocked:           27720 kB
SwapTotal:       1310716 kB
SwapFree:        1198780 kB
Dirty:                56 kB
Writeback:             0 kB
AnonPages:        870024 kB
Mapped:           453172 kB
Shmem:               908 kB
Slab:             109216 kB
SReclaimable:      31624 kB
SUnreclaim:        77592 kB
KernelStack:       32288 kB
PageTables:        60488 kB
NFS_Unstable:          0 kB
Bounce:                0 kB
WritebackTmp:          0 kB
CommitLimit:     2684136 kB
Committed_AS:   147110124 kB
VmallocTotal:   251658176 kB
VmallocUsed:      330264 kB
VmallocChunk:   247561408 kB
Time pass: 228 sec

---2015-12-01 14:34:51
MemTotal:        2746844 kB
MemFree:           85100 kB
Buffers:            7252 kB
Cached:           726184 kB
SwapCached:         3612 kB
Active:           799592 kB
Inactive:         771028 kB
Active(anon):     420436 kB
Inactive(anon):   436652 kB
Active(file):     379156 kB
Inactive(file):   334376 kB
Unevictable:       35692 kB
Mlocked:           27720 kB
SwapTotal:       1310716 kB
SwapFree:        1198780 kB
Dirty:                56 kB
Writeback:             0 kB
AnonPages:        870240 kB
Mapped:           453172 kB
Shmem:               908 kB
Slab:             109232 kB
SReclaimable:      31624 kB
SUnreclaim:        77608 kB
KernelStack:       32288 kB
PageTables:        60492 kB
NFS_Unstable:          0 kB
Bounce:                0 kB
WritebackTmp:          0 kB
CommitLimit:     2684136 kB
Committed_AS:   147110084 kB
VmallocTotal:   251658176 kB
VmallocUsed:      330264 kB
VmallocChunk:   247561408 kB
Time pass: 231 sec

---2015-12-01 14:34:51
MemTotal:        2746844 kB
MemFree:           85008 kB
Buffers:            7252 kB
Cached:           726184 kB
SwapCached:         3612 kB
Active:           799916 kB
Inactive:         771024 kB
Active(anon):     420760 kB
Inactive(anon):   436640 kB
Active(file):     379156 kB
Inactive(file):   334384 kB
Unevictable:       35692 kB
Mlocked:           27720 kB
SwapTotal:       1310716 kB
SwapFree:        1198780 kB
Dirty:                56 kB
Writeback:             0 kB
AnonPages:        870372 kB
Mapped:           453256 kB
Shmem:               908 kB
Slab:             109216 kB
SReclaimable:      31624 kB
SUnreclaim:        77592 kB
KernelStack:       32288 kB
PageTables:        60520 kB
NFS_Unstable:          0 kB
Bounce:                0 kB
WritebackTmp:          0 kB
CommitLimit:     2684136 kB
Committed_AS:   147110100 kB
VmallocTotal:   251658176 kB
VmallocUsed:      330264 kB
VmallocChunk:   247561408 kB
Time pass: 235 sec

---2015-12-01 14:34:51
MemTotal:        2746844 kB
MemFree:           84504 kB
Buffers:            7252 kB
Cached:           726184 kB
SwapCached:         3612 kB
Active:           800060 kB
Inactive:         771024 kB
Active(anon):     420904 kB
Inactive(anon):   436640 kB
Active(file):     379156 kB
Inactive(file):   334384 kB
Unevictable:       35692 kB
Mlocked:           27720 kB
SwapTotal:       1310716 kB
SwapFree:        1198780 kB
Dirty:                 4 kB
Writeback:             0 kB
AnonPages:        870476 kB
Mapped:           453364 kB
Shmem:               908 kB
Slab:             109224 kB
SReclaimable:      31624 kB
SUnreclaim:        77600 kB
KernelStack:       32288 kB
PageTables:        60516 kB
NFS_Unstable:          0 kB
Bounce:                0 kB
WritebackTmp:          0 kB
CommitLimit:     2684136 kB
Committed_AS:   147110084 kB
VmallocTotal:   251658176 kB
VmallocUsed:      330264 kB
VmallocChunk:   247561408 kB
Time pass: 238 sec

---2015-12-01 14:34:51
MemTotal:        2746844 kB
MemFree:           84156 kB
Buffers:            7252 kB
Cached:           726196 kB
SwapCached:         3612 kB
Active:           800100 kB
Inactive:         771032 kB
Active(anon):     420944 kB
Inactive(anon):   436636 kB
Active(file):     379156 kB
Inactive(file):   334396 kB
Unevictable:       35692 kB
Mlocked:           27720 kB
SwapTotal:       1310716 kB
SwapFree:        1198780 kB
Dirty:                 4 kB
Writeback:             0 kB
AnonPages:        870660 kB
Mapped:           453364 kB
Shmem:               908 kB
Slab:             109220 kB
SReclaimable:      31624 kB
SUnreclaim:        77596 kB
KernelStack:       32272 kB
PageTables:        60516 kB
NFS_Unstable:          0 kB
Bounce:                0 kB
WritebackTmp:          0 kB
CommitLimit:     2684136 kB
Committed_AS:   147110084 kB
VmallocTotal:   251658176 kB
VmallocUsed:      330264 kB
VmallocChunk:   247561408 kB
Time pass: 242 sec

---2015-12-01 14:34:51
MemTotal:        2746844 kB
MemFree:           84300 kB
Buffers:            7260 kB
Cached:           726196 kB
SwapCached:         3612 kB
Active:           800412 kB
Inactive:         771040 kB
Active(anon):     421256 kB
Inactive(anon):   436636 kB
Active(file):     379156 kB
Inactive(file):   334404 kB
Unevictable:       35692 kB
Mlocked:           27720 kB
SwapTotal:       1310716 kB
SwapFree:        1198780 kB
Dirty:                 4 kB
Writeback:             0 kB
AnonPages:        870800 kB
Mapped:           453364 kB
Shmem:               908 kB
Slab:             109212 kB
SReclaimable:      31624 kB
SUnreclaim:        77588 kB
KernelStack:       32272 kB
PageTables:        60516 kB
NFS_Unstable:          0 kB
Bounce:                0 kB
WritebackTmp:          0 kB
CommitLimit:     2684136 kB
Committed_AS:   147110060 kB
VmallocTotal:   251658176 kB
VmallocUsed:      330264 kB
VmallocChunk:   247561408 kB
Time pass: 246 sec

---2015-12-01 14:34:51
MemTotal:        2746844 kB
MemFree:           84392 kB
Buffers:            7260 kB
Cached:           726196 kB
SwapCached:         3612 kB
Active:           800656 kB
Inactive:         771024 kB
Active(anon):     421500 kB
Inactive(anon):   436620 kB
Active(file):     379156 kB
Inactive(file):   334404 kB
Unevictable:       35692 kB
Mlocked:           27720 kB
SwapTotal:       1310716 kB
SwapFree:        1198780 kB
Dirty:                 0 kB
Writeback:             0 kB
AnonPages:        871012 kB
Mapped:           453448 kB
Shmem:               908 kB
Slab:             109208 kB
SReclaimable:      31624 kB
SUnreclaim:        77584 kB
KernelStack:       32272 kB
PageTables:        60544 kB
NFS_Unstable:          0 kB
Bounce:                0 kB
WritebackTmp:          0 kB
CommitLimit:     2684136 kB
Committed_AS:   147110052 kB
VmallocTotal:   251658176 kB
VmallocUsed:      330264 kB
VmallocChunk:   247561408 kB
Time pass: 249 sec

---2015-12-01 14:34:51
MemTotal:        2746844 kB
MemFree:           85244 kB
Buffers:            7260 kB
Cached:           726196 kB
SwapCached:         3612 kB
Active:           800800 kB
Inactive:         771024 kB
Active(anon):     421644 kB
Inactive(anon):   436620 kB
Active(file):     379156 kB
Inactive(file):   334404 kB
Unevictable:       35692 kB
Mlocked:           27720 kB
SwapTotal:       1310716 kB
SwapFree:        1198780 kB
Dirty:                 0 kB
Writeback:             0 kB
AnonPages:        871176 kB
Mapped:           453364 kB
Shmem:               908 kB
Slab:             109192 kB
SReclaimable:      31624 kB
SUnreclaim:        77568 kB
KernelStack:       32272 kB
PageTables:        60516 kB
NFS_Unstable:          0 kB
Bounce:                0 kB
WritebackTmp:          0 kB
CommitLimit:     2684136 kB
Committed_AS:   147110044 kB
VmallocTotal:   251658176 kB
VmallocUsed:      330264 kB
VmallocChunk:   247561408 kB
Time pass: 253 sec

---2015-12-01 14:34:51
MemTotal:        2746844 kB
MemFree:           85484 kB
Buffers:            7260 kB
Cached:           726196 kB
SwapCached:         3612 kB
Active:           800984 kB
Inactive:         771008 kB
Active(anon):     421828 kB
Inactive(anon):   436604 kB
Active(file):     379156 kB
Inactive(file):   334404 kB
Unevictable:       35692 kB
Mlocked:           27720 kB
SwapTotal:       1310716 kB
SwapFree:        1198780 kB
Dirty:                 0 kB
Writeback:             0 kB
AnonPages:        871268 kB
Mapped:           453364 kB
Shmem:               908 kB
Slab:             109192 kB
SReclaimable:      31624 kB
SUnreclaim:        77568 kB
KernelStack:       32240 kB
PageTables:        60516 kB
NFS_Unstable:          0 kB
Bounce:                0 kB
WritebackTmp:          0 kB
CommitLimit:     2684136 kB
Committed_AS:   147109964 kB
VmallocTotal:   251658176 kB
VmallocUsed:      330264 kB
VmallocChunk:   247561408 kB
Time pass: 256 sec

---2015-12-01 14:34:51
MemTotal:        2746844 kB
MemFree:           84768 kB
Buffers:            7260 kB
Cached:           726196 kB
SwapCached:         3612 kB
Active:           801092 kB
Inactive:         771008 kB
Active(anon):     421936 kB
Inactive(anon):   436604 kB
Active(file):     379156 kB
Inactive(file):   334404 kB
Unevictable:       35692 kB
Mlocked:           27720 kB
SwapTotal:       1310716 kB
SwapFree:        1198780 kB
Dirty:                 0 kB
Writeback:             0 kB
AnonPages:        871404 kB
Mapped:           453448 kB
Shmem:               908 kB
Slab:             109192 kB
SReclaimable:      31624 kB
SUnreclaim:        77568 kB
KernelStack:       32240 kB
PageTables:        60544 kB
NFS_Unstable:          0 kB
Bounce:                0 kB
WritebackTmp:          0 kB
CommitLimit:     2684136 kB
Committed_AS:   147109948 kB
VmallocTotal:   251658176 kB
VmallocUsed:      330264 kB
VmallocChunk:   247561408 kB
Time pass: 260 sec

---2015-12-01 14:34:51
MemTotal:        2746844 kB
MemFree:           87776 kB
Buffers:            7300 kB
Cached:           726308 kB
SwapCached:         3612 kB
Active:           801716 kB
Inactive:         771136 kB
Active(anon):     422536 kB
Inactive(anon):   436604 kB
Active(file):     379180 kB
Inactive(file):   334532 kB
Unevictable:       35692 kB
Mlocked:           27720 kB
SwapTotal:       1310716 kB
SwapFree:        1198780 kB
Dirty:                40 kB
Writeback:             0 kB
AnonPages:        871700 kB
Mapped:           453552 kB
Shmem:               908 kB
Slab:             109176 kB
SReclaimable:      31624 kB
SUnreclaim:        77552 kB
KernelStack:       32256 kB
PageTables:        60572 kB
NFS_Unstable:          0 kB
Bounce:                0 kB
WritebackTmp:          0 kB
CommitLimit:     2684136 kB
Committed_AS:   147109948 kB
VmallocTotal:   251658176 kB
VmallocUsed:      330264 kB
VmallocChunk:   247561408 kB
Time pass: 263 sec

---2015-12-01 14:34:51
MemTotal:        2746844 kB
MemFree:           87000 kB
Buffers:            7316 kB
Cached:           726308 kB
SwapCached:         3612 kB
Active:           802784 kB
Inactive:         770576 kB
Active(anon):     423604 kB
Inactive(anon):   436028 kB
Active(file):     379180 kB
Inactive(file):   334548 kB
Unevictable:       35692 kB
Mlocked:           27720 kB
SwapTotal:       1310716 kB
SwapFree:        1198780 kB
Dirty:                44 kB
Writeback:             0 kB
AnonPages:        872536 kB
Mapped:           453388 kB
Shmem:               908 kB
Slab:             109308 kB
SReclaimable:      31624 kB
SUnreclaim:        77684 kB
KernelStack:       32272 kB
PageTables:        60544 kB
NFS_Unstable:          0 kB
Bounce:                0 kB
WritebackTmp:          0 kB
CommitLimit:     2684136 kB
Committed_AS:   147110388 kB
VmallocTotal:   251658176 kB
VmallocUsed:      330264 kB
VmallocChunk:   247561408 kB
Time pass: 267 sec

---2015-12-01 14:34:51
MemTotal:        2746844 kB
MemFree:           87704 kB
Buffers:            7316 kB
Cached:           726308 kB
SwapCached:         3612 kB
Active:           803032 kB
Inactive:         770572 kB
Active(anon):     423852 kB
Inactive(anon):   436024 kB
Active(file):     379180 kB
Inactive(file):   334548 kB
Unevictable:       35692 kB
Mlocked:           27720 kB
SwapTotal:       1310716 kB
SwapFree:        1198780 kB
Dirty:                44 kB
Writeback:             0 kB
AnonPages:        872664 kB
Mapped:           453388 kB
Shmem:               908 kB
Slab:             109308 kB
SReclaimable:      31624 kB
SUnreclaim:        77684 kB
KernelStack:       32256 kB
PageTables:        60556 kB
NFS_Unstable:          0 kB
Bounce:                0 kB
WritebackTmp:          0 kB
CommitLimit:     2684136 kB
Committed_AS:   147110380 kB
VmallocTotal:   251658176 kB
VmallocUsed:      330264 kB
VmallocChunk:   247561408 kB
Time pass: 271 sec

---2015-12-01 14:34:51
MemTotal:        2746844 kB
MemFree:           88292 kB
Buffers:            7324 kB
Cached:           726308 kB
SwapCached:         3612 kB
Active:           802996 kB
Inactive:         770572 kB
Active(anon):     423816 kB
Inactive(anon):   436016 kB
Active(file):     379180 kB
Inactive(file):   334556 kB
Unevictable:       35692 kB
Mlocked:           27720 kB
SwapTotal:       1310716 kB
SwapFree:        1198780 kB
Dirty:                32 kB
Writeback:             0 kB
AnonPages:        872812 kB
Mapped:           453388 kB
Shmem:               908 kB
Slab:             109224 kB
SReclaimable:      31624 kB
SUnreclaim:        77600 kB
KernelStack:       32256 kB
PageTables:        60548 kB
NFS_Unstable:          0 kB
Bounce:                0 kB
WritebackTmp:          0 kB
CommitLimit:     2684136 kB
Committed_AS:   147110388 kB
VmallocTotal:   251658176 kB
VmallocUsed:      330264 kB
VmallocChunk:   247561408 kB
Time pass: 274 sec

---2015-12-01 14:34:51
MemTotal:        2746844 kB
MemFree:           87764 kB
Buffers:            7564 kB
Cached:           726308 kB
SwapCached:         3612 kB
Active:           803928 kB
Inactive:         770796 kB
Active(anon):     424732 kB
Inactive(anon):   436016 kB
Active(file):     379196 kB
Inactive(file):   334780 kB
Unevictable:       35692 kB
Mlocked:           27720 kB
SwapTotal:       1310716 kB
SwapFree:        1198780 kB
Dirty:                 0 kB
Writeback:             0 kB
AnonPages:        873424 kB
Mapped:           453468 kB
Shmem:               908 kB
Slab:             109172 kB
SReclaimable:      31624 kB
SUnreclaim:        77548 kB
KernelStack:       32304 kB
PageTables:        60552 kB
NFS_Unstable:          0 kB
Bounce:                0 kB
WritebackTmp:          0 kB
CommitLimit:     2684136 kB
Committed_AS:   147110420 kB
VmallocTotal:   251658176 kB
VmallocUsed:      330264 kB
VmallocChunk:   247561408 kB
Time pass: 278 sec

---2015-12-01 14:34:51
MemTotal:        2746844 kB
MemFree:           87560 kB
Buffers:            7588 kB
Cached:           726308 kB
SwapCached:         3612 kB
Active:           804280 kB
Inactive:         770816 kB
Active(anon):     425080 kB
Inactive(anon):   436016 kB
Active(file):     379200 kB
Inactive(file):   334800 kB
Unevictable:       35692 kB
Mlocked:           27720 kB
SwapTotal:       1310716 kB
SwapFree:        1198780 kB
Dirty:                92 kB
Writeback:             0 kB
AnonPages:        873800 kB
Mapped:           453476 kB
Shmem:               908 kB
Slab:             109172 kB
SReclaimable:      31624 kB
SUnreclaim:        77548 kB
KernelStack:       32272 kB
PageTables:        60552 kB
NFS_Unstable:          0 kB
Bounce:                0 kB
WritebackTmp:          0 kB
CommitLimit:     2684136 kB
Committed_AS:   147110452 kB
VmallocTotal:   251658176 kB
VmallocUsed:      330264 kB
VmallocChunk:   247561408 kB
Time pass: 281 sec

---2015-12-01 14:34:51
MemTotal:        2746844 kB
MemFree:           87216 kB
Buffers:            7596 kB
Cached:           726308 kB
SwapCached:         3612 kB
Active:           804492 kB
Inactive:         770804 kB
Active(anon):     425292 kB
Inactive(anon):   435996 kB
Active(file):     379200 kB
Inactive(file):   334808 kB
Unevictable:       35692 kB
Mlocked:           27720 kB
SwapTotal:       1310716 kB
SwapFree:        1198780 kB
Dirty:                32 kB
Writeback:             0 kB
AnonPages:        873832 kB
Mapped:           453560 kB
Shmem:               908 kB
Slab:             109172 kB
SReclaimable:      31624 kB
SUnreclaim:        77548 kB
KernelStack:       32272 kB
PageTables:        60580 kB
NFS_Unstable:          0 kB
Bounce:                0 kB
WritebackTmp:          0 kB
CommitLimit:     2684136 kB
Committed_AS:   147110404 kB
VmallocTotal:   251658176 kB
VmallocUsed:      330264 kB
VmallocChunk:   247561408 kB
Time pass: 285 sec

---2015-12-01 14:34:51
MemTotal:        2746844 kB
MemFree:           86632 kB
Buffers:            7596 kB
Cached:           726308 kB
SwapCached:         3612 kB
Active:           804820 kB
Inactive:         770804 kB
Active(anon):     425620 kB
Inactive(anon):   435996 kB
Active(file):     379200 kB
Inactive(file):   334808 kB
Unevictable:       35692 kB
Mlocked:           27720 kB
SwapTotal:       1310716 kB
SwapFree:        1198780 kB
Dirty:                32 kB
Writeback:             0 kB
AnonPages:        874128 kB
Mapped:           453560 kB
Shmem:               908 kB
Slab:             109156 kB
SReclaimable:      31624 kB
SUnreclaim:        77532 kB
KernelStack:       32256 kB
PageTables:        60576 kB
NFS_Unstable:          0 kB
Bounce:                0 kB
WritebackTmp:          0 kB
CommitLimit:     2684136 kB
Committed_AS:   147110388 kB
VmallocTotal:   251658176 kB
VmallocUsed:      330264 kB
VmallocChunk:   247561408 kB
Time pass: 288 sec

---2015-12-01 14:34:51
MemTotal:        2746844 kB
MemFree:           86208 kB
Buffers:            7596 kB
Cached:           727112 kB
SwapCached:         3612 kB
Active:           804856 kB
Inactive:         771528 kB
Active(anon):     425656 kB
Inactive(anon):   435956 kB
Active(file):     379200 kB
Inactive(file):   335572 kB
Unevictable:       35692 kB
Mlocked:           27720 kB
SwapTotal:       1310716 kB
SwapFree:        1198780 kB
Dirty:                 0 kB
Writeback:             0 kB
AnonPages:        874548 kB
Mapped:           453496 kB
Shmem:               908 kB
Slab:             109148 kB
SReclaimable:      31624 kB
SUnreclaim:        77524 kB
KernelStack:       32288 kB
PageTables:        60548 kB
NFS_Unstable:          0 kB
Bounce:                0 kB
WritebackTmp:          0 kB
CommitLimit:     2684136 kB
Committed_AS:   147110400 kB
VmallocTotal:   251658176 kB
VmallocUsed:      330264 kB
VmallocChunk:   247561408 kB
Time pass: 292 sec

---2015-12-01 14:34:51
MemTotal:        2746844 kB
MemFree:           85748 kB
Buffers:            7596 kB
Cached:           727112 kB
SwapCached:         3612 kB
Active:           805336 kB
Inactive:         771556 kB
Active(anon):     426124 kB
Inactive(anon):   435956 kB
Active(file):     379212 kB
Inactive(file):   335600 kB
Unevictable:       35692 kB
Mlocked:           27720 kB
SwapTotal:       1310716 kB
SwapFree:        1198780 kB
Dirty:                 4 kB
Writeback:             0 kB
AnonPages:        874812 kB
Mapped:           453496 kB
Shmem:               908 kB
Slab:             109164 kB
SReclaimable:      31624 kB
SUnreclaim:        77540 kB
KernelStack:       32288 kB
PageTables:        60548 kB
NFS_Unstable:          0 kB
Bounce:                0 kB
WritebackTmp:          0 kB
CommitLimit:     2684136 kB
Committed_AS:   147110436 kB
VmallocTotal:   251658176 kB
VmallocUsed:      330264 kB
VmallocChunk:   247561408 kB
Time pass: 296 sec

---2015-12-01 14:34:51
MemTotal:        2746844 kB
MemFree:           85372 kB
Buffers:            7604 kB
Cached:           727112 kB
SwapCached:         3612 kB
Active:           805368 kB
Inactive:         771560 kB
Active(anon):     426156 kB
Inactive(anon):   435952 kB
Active(file):     379212 kB
Inactive(file):   335608 kB
Unevictable:       35692 kB
Mlocked:           27720 kB
SwapTotal:       1310716 kB
SwapFree:        1198784 kB
Dirty:                 8 kB
Writeback:             0 kB
AnonPages:        875200 kB
Mapped:           453340 kB
Shmem:               908 kB
Slab:             109180 kB
SReclaimable:      31624 kB
SUnreclaim:        77556 kB
KernelStack:       32288 kB
PageTables:        60488 kB
NFS_Unstable:          0 kB
Bounce:                0 kB
WritebackTmp:          0 kB
CommitLimit:     2684136 kB
Committed_AS:   147110428 kB
VmallocTotal:   251658176 kB
VmallocUsed:      330264 kB
VmallocChunk:   247561408 kB
Time pass: 299 sec

---2015-12-01 14:34:51
MemTotal:        2746844 kB
MemFree:           81676 kB
Buffers:            7636 kB
Cached:           727292 kB
SwapCached:         3612 kB
Active:           809268 kB
Inactive:         771740 kB
Active(anon):     430052 kB
Inactive(anon):   436108 kB
Active(file):     379216 kB
Inactive(file):   335632 kB
Unevictable:       35692 kB
Mlocked:           27720 kB
SwapTotal:       1310716 kB
SwapFree:        1198784 kB
Dirty:                56 kB
Writeback:             0 kB
AnonPages:        879060 kB
Mapped:           453872 kB
Shmem:              1084 kB
Slab:             109284 kB
SReclaimable:      31624 kB
SUnreclaim:        77660 kB
KernelStack:       32768 kB
PageTables:        60640 kB
NFS_Unstable:          0 kB
Bounce:                0 kB
WritebackTmp:          0 kB
CommitLimit:     2684136 kB
Committed_AS:   147126376 kB
VmallocTotal:   251658176 kB
VmallocUsed:      333884 kB
VmallocChunk:   247561408 kB
Time pass: 303 sec

---2015-12-01 14:34:51
MemTotal:        2746844 kB
MemFree:           79480 kB
Buffers:            7636 kB
Cached:           727384 kB
SwapCached:         3612 kB
Active:           810192 kB
Inactive:         771832 kB
Active(anon):     430972 kB
Inactive(anon):   436192 kB
Active(file):     379220 kB
Inactive(file):   335640 kB
Unevictable:       35692 kB
Mlocked:           27720 kB
SwapTotal:       1310716 kB
SwapFree:        1198784 kB
Dirty:                 8 kB
Writeback:             0 kB
AnonPages:        880056 kB
Mapped:           453960 kB
Shmem:              1172 kB
Slab:             109268 kB
SReclaimable:      31624 kB
SUnreclaim:        77644 kB
KernelStack:       32736 kB
PageTables:        60752 kB
NFS_Unstable:          0 kB
Bounce:                0 kB
WritebackTmp:          0 kB
CommitLimit:     2684136 kB
Committed_AS:   147126464 kB
VmallocTotal:   251658176 kB
VmallocUsed:      332500 kB
VmallocChunk:   247561408 kB
Time pass: 306 sec

---2015-12-01 14:34:51
MemTotal:        2746844 kB
MemFree:           77644 kB
Buffers:            7652 kB
Cached:           727596 kB
SwapCached:         3612 kB
Active:           811456 kB
Inactive:         771992 kB
Active(anon):     432236 kB
Inactive(anon):   436344 kB
Active(file):     379220 kB
Inactive(file):   335648 kB
Unevictable:       35692 kB
Mlocked:           27720 kB
SwapTotal:       1310716 kB
SwapFree:        1198784 kB
Dirty:                44 kB
Writeback:             0 kB
AnonPages:        881368 kB
Mapped:           454180 kB
Shmem:              1392 kB
Slab:             109268 kB
SReclaimable:      31624 kB
SUnreclaim:        77644 kB
KernelStack:       32736 kB
PageTables:        60752 kB
NFS_Unstable:          0 kB
Bounce:                0 kB
WritebackTmp:          0 kB
CommitLimit:     2684136 kB
Committed_AS:   147126448 kB
VmallocTotal:   251658176 kB
VmallocUsed:      332500 kB
VmallocChunk:   247561408 kB
Time pass: 313 sec

---2015-12-01 14:34:51
MemTotal:        2746844 kB
MemFree:           76248 kB
Buffers:            7668 kB
Cached:           727604 kB
SwapCached:         3612 kB
Active:           813236 kB
Inactive:         772080 kB
Active(anon):     434016 kB
Inactive(anon):   436416 kB
Active(file):     379220 kB
Inactive(file):   335664 kB
Unevictable:       35692 kB
Mlocked:           27720 kB
SwapTotal:       1310716 kB
SwapFree:        1198784 kB
Dirty:                56 kB
Writeback:             0 kB
AnonPages:        882704 kB
Mapped:           453900 kB
Shmem:              1392 kB
Slab:             109268 kB
SReclaimable:      31624 kB
SUnreclaim:        77644 kB
KernelStack:       32960 kB
PageTables:        60780 kB
NFS_Unstable:          0 kB
Bounce:                0 kB
WritebackTmp:          0 kB
CommitLimit:     2684136 kB
Committed_AS:   147128132 kB
VmallocTotal:   251658176 kB
VmallocUsed:      330292 kB
VmallocChunk:   247561408 kB
Time pass: 317 sec

---2015-12-01 14:34:51
MemTotal:        2746844 kB
MemFree:           67804 kB
Buffers:            7568 kB
Cached:           722108 kB
SwapCached:         3616 kB
Active:           816272 kB
Inactive:         776864 kB
Active(anon):     440820 kB
Inactive(anon):   442572 kB
Active(file):     375452 kB
Inactive(file):   334292 kB
Unevictable:       35692 kB
Mlocked:           27720 kB
SwapTotal:       1310716 kB
SwapFree:        1198580 kB
Dirty:               120 kB
Writeback:             0 kB
AnonPages:        896776 kB
Mapped:           459968 kB
Shmem:              1084 kB
Slab:             109332 kB
SReclaimable:      31620 kB
SUnreclaim:        77712 kB
KernelStack:       33520 kB
PageTables:        61252 kB
NFS_Unstable:          0 kB
Bounce:                0 kB
WritebackTmp:          0 kB
CommitLimit:     2684136 kB
Committed_AS:   148399432 kB
VmallocTotal:   251658176 kB
VmallocUsed:      335460 kB
VmallocChunk:   247561408 kB
Time pass: 321 sec

---2015-12-01 14:34:51
MemTotal:        2746844 kB
MemFree:           73992 kB
Buffers:            7616 kB
Cached:           722040 kB
SwapCached:         3616 kB
Active:           810780 kB
Inactive:         776772 kB
Active(anon):     435564 kB
Inactive(anon):   442476 kB
Active(file):     375216 kB
Inactive(file):   334296 kB
Unevictable:       35692 kB
Mlocked:           27720 kB
SwapTotal:       1310716 kB
SwapFree:        1198580 kB
Dirty:                56 kB
Writeback:             0 kB
AnonPages:        891428 kB
Mapped:           460044 kB
Shmem:              1140 kB
Slab:             109332 kB
SReclaimable:      31620 kB
SUnreclaim:        77712 kB
KernelStack:       33488 kB
PageTables:        61284 kB
NFS_Unstable:          0 kB
Bounce:                0 kB
WritebackTmp:          0 kB
CommitLimit:     2684136 kB
Committed_AS:   148399476 kB
VmallocTotal:   251658176 kB
VmallocUsed:      335460 kB
VmallocChunk:   247561408 kB
Time pass: 325 sec

---2015-12-01 14:34:51
MemTotal:        2746844 kB
MemFree:           73044 kB
Buffers:            7632 kB
Cached:           722296 kB
SwapCached:         3616 kB
Active:           811156 kB
Inactive:         776972 kB
Active(anon):     435940 kB
Inactive(anon):   442628 kB
Active(file):     375216 kB
Inactive(file):   334344 kB
Unevictable:       35692 kB
Mlocked:           27720 kB
SwapTotal:       1310716 kB
SwapFree:        1198580 kB
Dirty:                60 kB
Writeback:             0 kB
AnonPages:        891360 kB
Mapped:           460316 kB
Shmem:              1380 kB
Slab:             109340 kB
SReclaimable:      31620 kB
SUnreclaim:        77720 kB
KernelStack:       33456 kB
PageTables:        61288 kB
NFS_Unstable:          0 kB
Bounce:                0 kB
WritebackTmp:          0 kB
CommitLimit:     2684136 kB
Committed_AS:   148399508 kB
VmallocTotal:   251658176 kB
VmallocUsed:      335460 kB
VmallocChunk:   247561408 kB
Time pass: 328 sec

---2015-12-01 14:34:51
MemTotal:        2746844 kB
MemFree:           70168 kB
Buffers:            7640 kB
Cached:           722312 kB
SwapCached:         3616 kB
Active:           812776 kB
Inactive:         777064 kB
Active(anon):     437560 kB
Inactive(anon):   442720 kB
Active(file):     375216 kB
Inactive(file):   334344 kB
Unevictable:       35692 kB
Mlocked:           27720 kB
SwapTotal:       1310716 kB
SwapFree:        1198580 kB
Dirty:                 0 kB
Writeback:             0 kB
AnonPages:        892908 kB
Mapped:           460336 kB
Shmem:              1396 kB
Slab:             109420 kB
SReclaimable:      31620 kB
SUnreclaim:        77800 kB
KernelStack:       33472 kB
PageTables:        61284 kB
NFS_Unstable:          0 kB
Bounce:                0 kB
WritebackTmp:          0 kB
CommitLimit:     2684136 kB
Committed_AS:   148399604 kB
VmallocTotal:   251658176 kB
VmallocUsed:      335460 kB
VmallocChunk:   247561408 kB
Time pass: 332 sec

---2015-12-01 14:34:51
MemTotal:        2746844 kB
MemFree:           78804 kB
Buffers:            7656 kB
Cached:           722344 kB
SwapCached:         3616 kB
Active:           805328 kB
Inactive:         776968 kB
Active(anon):     430056 kB
Inactive(anon):   442656 kB
Active(file):     375272 kB
Inactive(file):   334312 kB
Unevictable:       35692 kB
Mlocked:           27720 kB
SwapTotal:       1310716 kB
SwapFree:        1198580 kB
Dirty:                72 kB
Writeback:             0 kB
AnonPages:        885408 kB
Mapped:           453556 kB
Shmem:              1428 kB
Slab:             109408 kB
SReclaimable:      31620 kB
SUnreclaim:        77788 kB
KernelStack:       32800 kB
PageTables:        60708 kB
NFS_Unstable:          0 kB
Bounce:                0 kB
WritebackTmp:          0 kB
CommitLimit:     2684136 kB
Committed_AS:   147132300 kB
VmallocTotal:   251658176 kB
VmallocUsed:      334440 kB
VmallocChunk:   247561408 kB
Time pass: 335 sec

---2015-12-01 14:34:51
MemTotal:        2746844 kB
MemFree:           67724 kB
Buffers:            7696 kB
Cached:           722344 kB
SwapCached:         3616 kB
Active:           817140 kB
Inactive:         777008 kB
Active(anon):     441864 kB
Inactive(anon):   442660 kB
Active(file):     375276 kB
Inactive(file):   334348 kB
Unevictable:       35692 kB
Mlocked:           27720 kB
SwapTotal:       1310716 kB
SwapFree:        1198580 kB
Dirty:               164 kB
Writeback:             0 kB
AnonPages:        896984 kB
Mapped:           460216 kB
Shmem:              1428 kB
Slab:             109340 kB
SReclaimable:      31620 kB
SUnreclaim:        77720 kB
KernelStack:       33472 kB
PageTables:        61292 kB
NFS_Unstable:          0 kB
Bounce:                0 kB
WritebackTmp:          0 kB
CommitLimit:     2684136 kB
Committed_AS:   148399128 kB
VmallocTotal:   251658176 kB
VmallocUsed:      335460 kB
VmallocChunk:   247561408 kB
Time pass: 339 sec

---2015-12-01 14:34:51
MemTotal:        2746844 kB
MemFree:           65784 kB
Buffers:            7696 kB
Cached:           722344 kB
SwapCached:         3616 kB
Active:           818640 kB
Inactive:         776952 kB
Active(anon):     443364 kB
Inactive(anon):   442604 kB
Active(file):     375276 kB
Inactive(file):   334348 kB
Unevictable:       35692 kB
Mlocked:           27720 kB
SwapTotal:       1310716 kB
SwapFree:        1198580 kB
Dirty:               164 kB
Writeback:             0 kB
AnonPages:        898704 kB
Mapped:           460296 kB
Shmem:              1428 kB
Slab:             109332 kB
SReclaimable:      31620 kB
SUnreclaim:        77712 kB
KernelStack:       33488 kB
PageTables:        61292 kB
NFS_Unstable:          0 kB
Bounce:                0 kB
WritebackTmp:          0 kB
CommitLimit:     2684136 kB
Committed_AS:   148399224 kB
VmallocTotal:   251658176 kB
VmallocUsed:      335460 kB
VmallocChunk:   247561408 kB
Time pass: 342 sec

---2015-12-01 14:34:51
MemTotal:        2746844 kB
MemFree:           66776 kB
Buffers:            7712 kB
Cached:           720224 kB
SwapCached:         3616 kB
Active:           818460 kB
Inactive:         775724 kB
Active(anon):     443120 kB
Inactive(anon):   443544 kB
Active(file):     375340 kB
Inactive(file):   332180 kB
Unevictable:       35692 kB
Mlocked:           27720 kB
SwapTotal:       1310716 kB
SwapFree:        1198812 kB
Dirty:                76 kB
Writeback:             0 kB
AnonPages:        899436 kB
Mapped:           460172 kB
Shmem:              1428 kB
Slab:             109372 kB
SReclaimable:      31620 kB
SUnreclaim:        77752 kB
KernelStack:       33472 kB
PageTables:        61268 kB
NFS_Unstable:          0 kB
Bounce:                0 kB
WritebackTmp:          0 kB
CommitLimit:     2684136 kB
Committed_AS:   148390696 kB
VmallocTotal:   251658176 kB
VmallocUsed:      335460 kB
VmallocChunk:   247561408 kB
Time pass: 346 sec

---2015-12-01 14:34:51
MemTotal:        2746844 kB
MemFree:           66336 kB
Buffers:            7712 kB
Cached:           720224 kB
SwapCached:         3616 kB
Active:           819604 kB
Inactive:         775724 kB
Active(anon):     444264 kB
Inactive(anon):   443544 kB
Active(file):     375340 kB
Inactive(file):   332180 kB
Unevictable:       35692 kB
Mlocked:           27720 kB
SwapTotal:       1310716 kB
SwapFree:        1198812 kB
Dirty:                 0 kB
Writeback:             0 kB
AnonPages:        900380 kB
Mapped:           460228 kB
Shmem:              1428 kB
Slab:             109324 kB
SReclaimable:      31620 kB
SUnreclaim:        77704 kB
KernelStack:       33488 kB
PageTables:        61268 kB
NFS_Unstable:          0 kB
Bounce:                0 kB
WritebackTmp:          0 kB
CommitLimit:     2684136 kB
Committed_AS:   148390920 kB
VmallocTotal:   251658176 kB
VmallocUsed:      335460 kB
VmallocChunk:   247561408 kB
Time pass: 349 sec

---2015-12-01 14:34:51
MemTotal:        2746844 kB
MemFree:           77388 kB
Buffers:            7676 kB
Cached:           717716 kB
SwapCached:         3616 kB
Active:           808504 kB
Inactive:         775724 kB
Active(anon):     435088 kB
Inactive(anon):   444188 kB
Active(file):     373416 kB
Inactive(file):   331536 kB
Unevictable:       35692 kB
Mlocked:           27720 kB
SwapTotal:       1310716 kB
SwapFree:        1198820 kB
Dirty:                68 kB
Writeback:             0 kB
AnonPages:        891860 kB
Mapped:           452408 kB
Shmem:              1444 kB
Slab:             109328 kB
SReclaimable:      31620 kB
SUnreclaim:        77708 kB
KernelStack:       32768 kB
PageTables:        60680 kB
NFS_Unstable:          0 kB
Bounce:                0 kB
WritebackTmp:          0 kB
CommitLimit:     2684136 kB
Committed_AS:   147127840 kB
VmallocTotal:   251658176 kB
VmallocUsed:      334440 kB
VmallocChunk:   247561408 kB
Time pass: 353 sec

---2015-12-01 14:34:51
MemTotal:        2746844 kB
MemFree:           67084 kB
Buffers:            7676 kB
Cached:           717812 kB
SwapCached:         3616 kB
Active:           817968 kB
Inactive:         775856 kB
Active(anon):     444564 kB
Inactive(anon):   444212 kB
Active(file):     373404 kB
Inactive(file):   331644 kB
Unevictable:       35692 kB
Mlocked:           27720 kB
SwapTotal:       1310716 kB
SwapFree:        1198820 kB
Dirty:                 0 kB
Writeback:             0 kB
AnonPages:        901752 kB
Mapped:           459016 kB
Shmem:              1452 kB
Slab:             109328 kB
SReclaimable:      31620 kB
SUnreclaim:        77708 kB
KernelStack:       32896 kB
PageTables:        61164 kB
NFS_Unstable:          0 kB
Bounce:                0 kB
WritebackTmp:          0 kB
CommitLimit:     2684136 kB
Committed_AS:   148394656 kB
VmallocTotal:   251658176 kB
VmallocUsed:      335460 kB
VmallocChunk:   247561408 kB
Time pass: 357 sec

---2015-12-01 14:34:51
MemTotal:        2746844 kB
MemFree:           73544 kB
Buffers:            7660 kB
Cached:           716372 kB
SwapCached:         3616 kB
Active:           810280 kB
Inactive:         777040 kB
Active(anon):     437760 kB
Inactive(anon):   445968 kB
Active(file):     372520 kB
Inactive(file):   331072 kB
Unevictable:       35692 kB
Mlocked:           27720 kB
SwapTotal:       1310716 kB
SwapFree:        1198776 kB
Dirty:               116 kB
Writeback:             0 kB
AnonPages:        896412 kB
Mapped:           458988 kB
Shmem:              1452 kB
Slab:             109440 kB
SReclaimable:      31620 kB
SUnreclaim:        77820 kB
KernelStack:       33456 kB
PageTables:        61276 kB
NFS_Unstable:          0 kB
Bounce:                0 kB
WritebackTmp:          0 kB
CommitLimit:     2684136 kB
Committed_AS:   148394820 kB
VmallocTotal:   251658176 kB
VmallocUsed:      335460 kB
VmallocChunk:   247561408 kB
Time pass: 360 sec

---2015-12-01 14:34:51
MemTotal:        2746844 kB
MemFree:           71836 kB
Buffers:            7676 kB
Cached:           716372 kB
SwapCached:         3616 kB
Active:           812536 kB
Inactive:         777036 kB
Active(anon):     440016 kB
Inactive(anon):   445948 kB
Active(file):     372520 kB
Inactive(file):   331088 kB
Unevictable:       35692 kB
Mlocked:           27720 kB
SwapTotal:       1310716 kB
SwapFree:        1198776 kB
Dirty:                56 kB
Writeback:             0 kB
AnonPages:        898552 kB
Mapped:           458992 kB
Shmem:              1452 kB
Slab:             109364 kB
SReclaimable:      31620 kB
SUnreclaim:        77744 kB
KernelStack:       33456 kB
PageTables:        61272 kB
NFS_Unstable:          0 kB
Bounce:                0 kB
WritebackTmp:          0 kB
CommitLimit:     2684136 kB
Committed_AS:   148394828 kB
VmallocTotal:   251658176 kB
VmallocUsed:      335460 kB
VmallocChunk:   247561408 kB
Time pass: 364 sec

---2015-12-01 14:34:51
MemTotal:        2746844 kB
MemFree:           70172 kB
Buffers:            7684 kB
Cached:           716564 kB
SwapCached:         3616 kB
Active:           813660 kB
Inactive:         776916 kB
Active(anon):     441140 kB
Inactive(anon):   445660 kB
Active(file):     372520 kB
Inactive(file):   331256 kB
Unevictable:       35692 kB
Mlocked:           27720 kB
SwapTotal:       1310716 kB
SwapFree:        1198780 kB
Dirty:                32 kB
Writeback:             0 kB
AnonPages:        899312 kB
Mapped:           459064 kB
Shmem:              1452 kB
Slab:             109368 kB
SReclaimable:      31620 kB
SUnreclaim:        77748 kB
KernelStack:       33456 kB
PageTables:        61272 kB
NFS_Unstable:          0 kB
Bounce:                0 kB
WritebackTmp:          0 kB
CommitLimit:     2684136 kB
Committed_AS:   148394988 kB
VmallocTotal:   251658176 kB
VmallocUsed:      335460 kB
VmallocChunk:   247561408 kB
Time pass: 367 sec

---2015-12-01 14:34:51
MemTotal:        2746844 kB
MemFree:           69212 kB
Buffers:            7700 kB
Cached:           716744 kB
SwapCached:         3616 kB
Active:           814160 kB
Inactive:         776928 kB
Active(anon):     441640 kB
Inactive(anon):   445640 kB
Active(file):     372520 kB
Inactive(file):   331288 kB
Unevictable:       35692 kB
Mlocked:           27720 kB
SwapTotal:       1310716 kB
SwapFree:        1198784 kB
Dirty:                40 kB
Writeback:             0 kB
AnonPages:        899712 kB
Mapped:           459244 kB
Shmem:              1632 kB
Slab:             109372 kB
SReclaimable:      31620 kB
SUnreclaim:        77752 kB
KernelStack:       33456 kB
PageTables:        61280 kB
NFS_Unstable:          0 kB
Bounce:                0 kB
WritebackTmp:          0 kB
CommitLimit:     2684136 kB
Committed_AS:   148395364 kB
VmallocTotal:   251658176 kB
VmallocUsed:      335460 kB
VmallocChunk:   247561408 kB
Time pass: 371 sec

---2015-12-01 14:34:51
MemTotal:        2746844 kB
MemFree:           79400 kB
Buffers:            7708 kB
Cached:           716744 kB
SwapCached:         3616 kB
Active:           806100 kB
Inactive:         776400 kB
Active(anon):     433052 kB
Inactive(anon):   445640 kB
Active(file):     373048 kB
Inactive(file):   330760 kB
Unevictable:       35692 kB
Mlocked:           27720 kB
SwapTotal:       1310716 kB
SwapFree:        1198788 kB
Dirty:                60 kB
Writeback:             0 kB
AnonPages:        890980 kB
Mapped:           452340 kB
Shmem:              1632 kB
Slab:             109428 kB
SReclaimable:      31620 kB
SUnreclaim:        77808 kB
KernelStack:       32752 kB
PageTables:        60688 kB
NFS_Unstable:          0 kB
Bounce:                0 kB
WritebackTmp:          0 kB
CommitLimit:     2684136 kB
Committed_AS:   147127792 kB
VmallocTotal:   251658176 kB
VmallocUsed:      334440 kB
VmallocChunk:   247561408 kB
Time pass: 374 sec

---2015-12-01 14:34:51
MemTotal:        2746844 kB
MemFree:           69316 kB
Buffers:            7724 kB
Cached:           717040 kB
SwapCached:         3616 kB
Active:           815100 kB
Inactive:         776696 kB
Active(anon):     442052 kB
Inactive(anon):   445600 kB
Active(file):     373048 kB
Inactive(file):   331096 kB
Unevictable:       35692 kB
Mlocked:           27720 kB
SwapTotal:       1310716 kB
SwapFree:        1198792 kB
Dirty:                88 kB
Writeback:             0 kB
AnonPages:        900324 kB
Mapped:           459196 kB
Shmem:              1632 kB
Slab:             109364 kB
SReclaimable:      31620 kB
SUnreclaim:        77744 kB
KernelStack:       33456 kB
PageTables:        61280 kB
NFS_Unstable:          0 kB
Bounce:                0 kB
WritebackTmp:          0 kB
CommitLimit:     2684136 kB
Committed_AS:   148393292 kB
VmallocTotal:   251658176 kB
VmallocUsed:      335460 kB
VmallocChunk:   247561408 kB
Time pass: 378 sec

---2015-12-01 14:34:51
MemTotal:        2746844 kB
MemFree:           74332 kB
Buffers:            7740 kB
Cached:           717024 kB
SwapCached:         3616 kB
Active:           810960 kB
Inactive:         776692 kB
Active(anon):     437912 kB
Inactive(anon):   445596 kB
Active(file):     373048 kB
Inactive(file):   331096 kB
Unevictable:       35692 kB
Mlocked:           27720 kB
SwapTotal:       1310716 kB
SwapFree:        1198792 kB
Dirty:                88 kB
Writeback:             0 kB
AnonPages:        896152 kB
Mapped:           459292 kB
Shmem:              1632 kB
Slab:             109428 kB
SReclaimable:      31620 kB
SUnreclaim:        77808 kB
KernelStack:       33472 kB
PageTables:        61316 kB
NFS_Unstable:          0 kB
Bounce:                0 kB
WritebackTmp:          0 kB
CommitLimit:     2684136 kB
Committed_AS:   148393384 kB
VmallocTotal:   251658176 kB
VmallocUsed:      335460 kB
VmallocChunk:   247561408 kB
Time pass: 382 sec

---2015-12-01 14:34:51
MemTotal:        2746844 kB
MemFree:           73588 kB
Buffers:            7740 kB
Cached:           717048 kB
SwapCached:         3616 kB
Active:           811736 kB
Inactive:         776708 kB
Active(anon):     438688 kB
Inactive(anon):   445596 kB
Active(file):     373048 kB
Inactive(file):   331112 kB
Unevictable:       35692 kB
Mlocked:           27720 kB
SwapTotal:       1310716 kB
SwapFree:        1198792 kB
Dirty:                 0 kB
Writeback:             0 kB
AnonPages:        896432 kB
Mapped:           459304 kB
Shmem:              1640 kB
Slab:             109428 kB
SReclaimable:      31620 kB
SUnreclaim:        77808 kB
KernelStack:       33472 kB
PageTables:        61316 kB
NFS_Unstable:          0 kB
Bounce:                0 kB
WritebackTmp:          0 kB
CommitLimit:     2684136 kB
Committed_AS:   148393428 kB
VmallocTotal:   251658176 kB
VmallocUsed:      335460 kB
VmallocChunk:   247561408 kB
Time pass: 385 sec

---2015-12-01 14:34:51
MemTotal:        2746844 kB
MemFree:           72364 kB
Buffers:            7748 kB
Cached:           717048 kB
SwapCached:         3616 kB
Active:           811740 kB
Inactive:         776668 kB
Active(anon):     438692 kB
Inactive(anon):   445556 kB
Active(file):     373048 kB
Inactive(file):   331112 kB
Unevictable:       35692 kB
Mlocked:           27720 kB
SwapTotal:       1310716 kB
SwapFree:        1198792 kB
Dirty:                40 kB
Writeback:             0 kB
AnonPages:        896828 kB
Mapped:           459364 kB
Shmem:              1640 kB
Slab:             109428 kB
SReclaimable:      31620 kB
SUnreclaim:        77808 kB
KernelStack:       33488 kB
PageTables:        61352 kB
NFS_Unstable:          0 kB
Bounce:                0 kB
WritebackTmp:          0 kB
CommitLimit:     2684136 kB
Committed_AS:   148393812 kB
VmallocTotal:   251658176 kB
VmallocUsed:      335460 kB
VmallocChunk:   247561408 kB
Time pass: 389 sec

---2015-12-01 14:34:51
MemTotal:        2746844 kB
MemFree:           82912 kB
Buffers:            7764 kB
Cached:           717072 kB
SwapCached:         3616 kB
Active:           803236 kB
Inactive:         776552 kB
Active(anon):     430168 kB
Inactive(anon):   445436 kB
Active(file):     373068 kB
Inactive(file):   331116 kB
Unevictable:       35692 kB
Mlocked:           27720 kB
SwapTotal:       1310716 kB
SwapFree:        1198792 kB
Dirty:                64 kB
Writeback:             0 kB
AnonPages:        887744 kB
Mapped:           452396 kB
Shmem:              1664 kB
Slab:             109384 kB
SReclaimable:      31620 kB
SUnreclaim:        77764 kB
KernelStack:       32800 kB
PageTables:        60692 kB
NFS_Unstable:          0 kB
Bounce:                0 kB
WritebackTmp:          0 kB
CommitLimit:     2684136 kB
Committed_AS:   147126556 kB
VmallocTotal:   251658176 kB
VmallocUsed:      334440 kB
VmallocChunk:   247561408 kB
Time pass: 392 sec

---2015-12-01 14:34:51
MemTotal:        2746844 kB
MemFree:           70740 kB
Buffers:            7772 kB
Cached:           717072 kB
SwapCached:         3616 kB
Active:           815340 kB
Inactive:         776452 kB
Active(anon):     442264 kB
Inactive(anon):   445332 kB
Active(file):     373076 kB
Inactive(file):   331120 kB
Unevictable:       35692 kB
Mlocked:           27720 kB
SwapTotal:       1310716 kB
SwapFree:        1198796 kB
Dirty:                76 kB
Writeback:             0 kB
AnonPages:        900160 kB
Mapped:           459084 kB
Shmem:              1664 kB
Slab:             109412 kB
SReclaimable:      31620 kB
SUnreclaim:        77792 kB
KernelStack:       33424 kB
PageTables:        61252 kB
NFS_Unstable:          0 kB
Bounce:                0 kB
WritebackTmp:          0 kB
CommitLimit:     2684136 kB
Committed_AS:   148393236 kB
VmallocTotal:   251658176 kB
VmallocUsed:      335460 kB
VmallocChunk:   247561408 kB
Time pass: 396 sec

---2015-12-01 14:34:51
MemTotal:        2746844 kB
MemFree:           68172 kB
Buffers:            7812 kB
Cached:           717072 kB
SwapCached:         3616 kB
Active:           817172 kB
Inactive:         776360 kB
Active(anon):     444068 kB
Inactive(anon):   445232 kB
Active(file):     373104 kB
Inactive(file):   331128 kB
Unevictable:       35692 kB
Mlocked:           27720 kB
SwapTotal:       1310716 kB
SwapFree:        1198800 kB
Dirty:               144 kB
Writeback:             0 kB
AnonPages:        901628 kB
Mapped:           459252 kB
Shmem:              1664 kB
Slab:             109428 kB
SReclaimable:      31620 kB
SUnreclaim:        77808 kB
KernelStack:       33440 kB
PageTables:        61244 kB
NFS_Unstable:          0 kB
Bounce:                0 kB
WritebackTmp:          0 kB
CommitLimit:     2684136 kB
Committed_AS:   148393436 kB
VmallocTotal:   251658176 kB
VmallocUsed:      335460 kB
VmallocChunk:   247561408 kB
Time pass: 399 sec

---2015-12-01 14:34:51
MemTotal:        2746844 kB
MemFree:           67676 kB
Buffers:            7812 kB
Cached:           717072 kB
SwapCached:         3616 kB
Active:           817224 kB
Inactive:         776320 kB
Active(anon):     444120 kB
Inactive(anon):   445192 kB
Active(file):     373104 kB
Inactive(file):   331128 kB
Unevictable:       35692 kB
Mlocked:           27720 kB
SwapTotal:       1310716 kB
SwapFree:        1198800 kB
Dirty:               144 kB
Writeback:             0 kB
AnonPages:        901804 kB
Mapped:           459256 kB
Shmem:              1664 kB
Slab:             109504 kB
SReclaimable:      31620 kB
SUnreclaim:        77884 kB
KernelStack:       33456 kB
PageTables:        61284 kB
NFS_Unstable:          0 kB
Bounce:                0 kB
WritebackTmp:          0 kB
CommitLimit:     2684136 kB
Committed_AS:   148393420 kB
VmallocTotal:   251658176 kB
VmallocUsed:      335460 kB
VmallocChunk:   247561408 kB
Time pass: 403 sec

---2015-12-01 14:34:51
MemTotal:        2746844 kB
MemFree:           66916 kB
Buffers:            7836 kB
Cached:           717072 kB
SwapCached:         3616 kB
Active:           818724 kB
Inactive:         776304 kB
Active(anon):     445632 kB
Inactive(anon):   445140 kB
Active(file):     373092 kB
Inactive(file):   331164 kB
Unevictable:       35692 kB
Mlocked:           27720 kB
SwapTotal:       1310716 kB
SwapFree:        1198804 kB
Dirty:                60 kB
Writeback:             0 kB
AnonPages:        903120 kB
Mapped:           459300 kB
Shmem:              1664 kB
Slab:             109448 kB
SReclaimable:      31620 kB
SUnreclaim:        77828 kB
KernelStack:       33456 kB
PageTables:        61280 kB
NFS_Unstable:          0 kB
Bounce:                0 kB
WritebackTmp:          0 kB
CommitLimit:     2684136 kB
Committed_AS:   148393716 kB
VmallocTotal:   251658176 kB
VmallocUsed:      335460 kB
VmallocChunk:   247561408 kB
Time pass: 406 sec

---2015-12-01 14:34:51
MemTotal:        2746844 kB
MemFree:           76272 kB
Buffers:            7852 kB
Cached:           717072 kB
SwapCached:         3616 kB
Active:           810168 kB
Inactive:         776264 kB
Active(anon):     437076 kB
Inactive(anon):   445084 kB
Active(file):     373092 kB
Inactive(file):   331180 kB
Unevictable:       35692 kB
Mlocked:           27720 kB
SwapTotal:       1310716 kB
SwapFree:        1198804 kB
Dirty:                48 kB
Writeback:            24 kB
AnonPages:        894480 kB
Mapped:           452452 kB
Shmem:              1664 kB
Slab:             109444 kB
SReclaimable:      31620 kB
SUnreclaim:        77824 kB
KernelStack:       32976 kB
PageTables:        60732 kB
NFS_Unstable:          0 kB
Bounce:                0 kB
WritebackTmp:          0 kB
CommitLimit:     2684136 kB
Committed_AS:   147126272 kB
VmallocTotal:   251658176 kB
VmallocUsed:      334440 kB
VmallocChunk:   247561408 kB
Time pass: 410 sec

---2015-12-01 14:34:51
MemTotal:        2746844 kB
MemFree:           78328 kB
Buffers:            7852 kB
Cached:           717072 kB
SwapCached:         3616 kB
Active:           807856 kB
Inactive:         776264 kB
Active(anon):     434764 kB
Inactive(anon):   445084 kB
Active(file):     373092 kB
Inactive(file):   331180 kB
Unevictable:       35692 kB
Mlocked:           27720 kB
SwapTotal:       1310716 kB
SwapFree:        1198804 kB
Dirty:                52 kB
Writeback:             0 kB
AnonPages:        892256 kB
Mapped:           452480 kB
Shmem:              1664 kB
Slab:             109428 kB
SReclaimable:      31620 kB
SUnreclaim:        77808 kB
KernelStack:       32784 kB
PageTables:        60720 kB
NFS_Unstable:          0 kB
Bounce:                0 kB
WritebackTmp:          0 kB
CommitLimit:     2684136 kB
Committed_AS:   147126352 kB
VmallocTotal:   251658176 kB
VmallocUsed:      334440 kB
VmallocChunk:   247561408 kB
Time pass: 413 sec

---2015-12-01 14:34:51
MemTotal:        2746844 kB
MemFree:           66928 kB
Buffers:            7876 kB
Cached:           717056 kB
SwapCached:         3616 kB
Active:           819660 kB
Inactive:         776124 kB
Active(anon):     446556 kB
Inactive(anon):   444948 kB
Active(file):     373104 kB
Inactive(file):   331176 kB
Unevictable:       35692 kB
Mlocked:           27720 kB
SwapTotal:       1310716 kB
SwapFree:        1198816 kB
Dirty:                88 kB
Writeback:             0 kB
AnonPages:        903580 kB
Mapped:           459000 kB
Shmem:              1664 kB
Slab:             109428 kB
SReclaimable:      31636 kB
SUnreclaim:        77792 kB
KernelStack:       33344 kB
PageTables:        61264 kB
NFS_Unstable:          0 kB
Bounce:                0 kB
WritebackTmp:          0 kB
CommitLimit:     2684136 kB
Committed_AS:   148389132 kB
VmallocTotal:   251658176 kB
VmallocUsed:      335460 kB
VmallocChunk:   247561408 kB
Time pass: 417 sec

---2015-12-01 14:34:51
MemTotal:        2746844 kB
MemFree:           66672 kB
Buffers:            7876 kB
Cached:           717072 kB
SwapCached:         3616 kB
Active:           819500 kB
Inactive:         776140 kB
Active(anon):     446396 kB
Inactive(anon):   444948 kB
Active(file):     373104 kB
Inactive(file):   331192 kB
Unevictable:       35692 kB
Mlocked:           27720 kB
SwapTotal:       1310716 kB
SwapFree:        1198816 kB
Dirty:                 0 kB
Writeback:             0 kB
AnonPages:        903584 kB
Mapped:           459132 kB
Shmem:              1664 kB
Slab:             109436 kB
SReclaimable:      31636 kB
SUnreclaim:        77800 kB
KernelStack:       33424 kB
