---2015-12-11 14:29:19
MemTotal:        1862952 kB
MemFree:          302176 kB
Buffers:            9240 kB
Cached:           697592 kB
SwapCached:         3076 kB
Active:           558388 kB
Inactive:         758164 kB
Active(anon):     308408 kB
Inactive(anon):   302848 kB
Active(file):     249980 kB
Inactive(file):   455316 kB
Unevictable:        1296 kB
Mlocked:               0 kB
HighTotal:       1436668 kB
HighFree:         143152 kB
LowTotal:         426284 kB
LowFree:          159024 kB
SwapTotal:       1048572 kB
SwapFree:        1025184 kB
Dirty:                 8 kB
Writeback:             0 kB
AnonPages:        609192 kB
Mapped:           350688 kB
Shmem:               236 kB
Slab:              41044 kB
SReclaimable:      13844 kB
SUnreclaim:        27200 kB
KernelStack:       11064 kB
PageTables:        42212 kB
NFS_Unstable:          0 kB
Bounce:                0 kB
WritebackTmp:          0 kB
CommitLimit:     1980048 kB
Committed_AS:   85715408 kB
VmallocTotal:     458752 kB
VmallocUsed:      112712 kB
VmallocChunk:     171012 kB
Time pass: 3 sec

---2015-12-11 14:29:19
MemTotal:        1862952 kB
MemFree:          302160 kB
Buffers:            9248 kB
Cached:           697584 kB
SwapCached:         3076 kB
Active:           558556 kB
Inactive:         758116 kB
Active(anon):     308524 kB
Inactive(anon):   302848 kB
Active(file):     250032 kB
Inactive(file):   455268 kB
Unevictable:        1296 kB
Mlocked:               0 kB
HighTotal:       1436668 kB
HighFree:         143152 kB
LowTotal:         426284 kB
LowFree:          159008 kB
SwapTotal:       1048572 kB
SwapFree:        1025184 kB
Dirty:                 8 kB
Writeback:             0 kB
AnonPages:        609248 kB
Mapped:           350688 kB
Shmem:               236 kB
Slab:              41044 kB
SReclaimable:      13844 kB
SUnreclaim:        27200 kB
KernelStack:       11088 kB
PageTables:        42220 kB
NFS_Unstable:          0 kB
Bounce:                0 kB
WritebackTmp:          0 kB
CommitLimit:     1980048 kB
Committed_AS:   85715536 kB
VmallocTotal:     458752 kB
VmallocUsed:      112712 kB
VmallocChunk:     171012 kB
Time pass: 7 sec

---2015-12-11 14:29:19
MemTotal:        1862952 kB
MemFree:          302044 kB
Buffers:            9248 kB
Cached:           697592 kB
SwapCached:         3076 kB
Active:           558688 kB
Inactive:         758104 kB
Active(anon):     308636 kB
Inactive(anon):   302848 kB
Active(file):     250052 kB
Inactive(file):   455256 kB
Unevictable:        1296 kB
Mlocked:               0 kB
HighTotal:       1436668 kB
HighFree:         143028 kB
LowTotal:         426284 kB
LowFree:          159016 kB
SwapTotal:       1048572 kB
SwapFree:        1025184 kB
Dirty:                12 kB
Writeback:             0 kB
AnonPages:        609412 kB
Mapped:           350688 kB
Shmem:               236 kB
Slab:              41044 kB
SReclaimable:      13844 kB
SUnreclaim:        27200 kB
KernelStack:       11064 kB
PageTables:        42212 kB
NFS_Unstable:          0 kB
Bounce:                0 kB
WritebackTmp:          0 kB
CommitLimit:     1980048 kB
Committed_AS:   85715608 kB
VmallocTotal:     458752 kB
VmallocUsed:      112712 kB
VmallocChunk:     171012 kB
Time pass: 10 sec

---2015-12-11 14:29:19
MemTotal:        1862952 kB
MemFree:          301648 kB
Buffers:            9248 kB
Cached:           697592 kB
SwapCached:         3076 kB
Active:           558868 kB
Inactive:         758104 kB
Active(anon):     308816 kB
Inactive(anon):   302848 kB
Active(file):     250052 kB
Inactive(file):   455256 kB
Unevictable:        1296 kB
Mlocked:               0 kB
HighTotal:       1436668 kB
HighFree:         142780 kB
LowTotal:         426284 kB
LowFree:          158868 kB
SwapTotal:       1048572 kB
SwapFree:        1025184 kB
Dirty:                 4 kB
Writeback:             0 kB
AnonPages:        609556 kB
Mapped:           350688 kB
Shmem:               236 kB
Slab:              41040 kB
SReclaimable:      13844 kB
SUnreclaim:        27196 kB
KernelStack:       11064 kB
PageTables:        42212 kB
NFS_Unstable:          0 kB
Bounce:                0 kB
WritebackTmp:          0 kB
CommitLimit:     1980048 kB
Committed_AS:   85715816 kB
VmallocTotal:     458752 kB
VmallocUsed:      112712 kB
VmallocChunk:     171012 kB
Time pass: 14 sec

---2015-12-11 14:29:19
MemTotal:        1862952 kB
MemFree:          301816 kB
Buffers:            9256 kB
Cached:           697592 kB
SwapCached:         3076 kB
Active:           558912 kB
Inactive:         758100 kB
Active(anon):     308860 kB
Inactive(anon):   302836 kB
Active(file):     250052 kB
Inactive(file):   455264 kB
Unevictable:        1296 kB
Mlocked:               0 kB
HighTotal:       1436668 kB
HighFree:         142780 kB
LowTotal:         426284 kB
LowFree:          159036 kB
SwapTotal:       1048572 kB
SwapFree:        1025184 kB
Dirty:                 4 kB
Writeback:             0 kB
AnonPages:        609624 kB
Mapped:           350700 kB
Shmem:               236 kB
Slab:              41040 kB
SReclaimable:      13844 kB
SUnreclaim:        27196 kB
KernelStack:       11040 kB
PageTables:        42196 kB
NFS_Unstable:          0 kB
Bounce:                0 kB
WritebackTmp:          0 kB
CommitLimit:     1980048 kB
Committed_AS:   85715888 kB
VmallocTotal:     458752 kB
VmallocUsed:      112712 kB
VmallocChunk:     171012 kB
Time pass: 18 sec

---2015-12-11 14:29:19
MemTotal:        1862952 kB
MemFree:          301668 kB
Buffers:            9256 kB
Cached:           697600 kB
SwapCached:         3068 kB
Active:           559064 kB
Inactive:         758100 kB
Active(anon):     309012 kB
Inactive(anon):   302836 kB
Active(file):     250052 kB
Inactive(file):   455264 kB
Unevictable:        1296 kB
Mlocked:               0 kB
HighTotal:       1436668 kB
HighFree:         142656 kB
LowTotal:         426284 kB
LowFree:          159012 kB
SwapTotal:       1048572 kB
SwapFree:        1025196 kB
Dirty:                 4 kB
Writeback:             0 kB
AnonPages:        609728 kB
Mapped:           350688 kB
Shmem:               236 kB
Slab:              41040 kB
SReclaimable:      13844 kB
SUnreclaim:        27196 kB
KernelStack:       11064 kB
PageTables:        42212 kB
NFS_Unstable:          0 kB
Bounce:                0 kB
WritebackTmp:          0 kB
CommitLimit:     1980048 kB
Committed_AS:   85715968 kB
VmallocTotal:     458752 kB
VmallocUsed:      112712 kB
VmallocChunk:     171012 kB
Time pass: 21 sec

---2015-12-11 14:29:19
MemTotal:        1862952 kB
MemFree:          248108 kB
Buffers:            9264 kB
Cached:           729196 kB
SwapCached:         3088 kB
Active:           569024 kB
Inactive:         789404 kB
Active(anon):     318816 kB
Inactive(anon):   302732 kB
Active(file):     250208 kB
Inactive(file):   486672 kB
Unevictable:        1296 kB
Mlocked:               0 kB
HighTotal:       1436668 kB
HighFree:          90224 kB
LowTotal:         426284 kB
LowFree:          157884 kB
SwapTotal:       1048572 kB
SwapFree:        1025216 kB
Dirty:                 4 kB
Writeback:             0 kB
AnonPages:        619480 kB
Mapped:           363192 kB
Shmem:               236 kB
Slab:              41040 kB
SReclaimable:      13844 kB
SUnreclaim:        27196 kB
KernelStack:       11248 kB
PageTables:        42828 kB
NFS_Unstable:          0 kB
Bounce:                0 kB
WritebackTmp:          0 kB
CommitLimit:     1980048 kB
Committed_AS:   87009080 kB
VmallocTotal:     458752 kB
VmallocUsed:      113788 kB
VmallocChunk:     171012 kB
Time pass: 25 sec

---2015-12-11 14:29:19
MemTotal:        1862952 kB
MemFree:          130528 kB
Buffers:            9580 kB
Cached:           755612 kB
SwapCached:         3104 kB
Active:           608284 kB
Inactive:         813188 kB
Active(anon):     355160 kB
Inactive(anon):   302824 kB
Active(file):     253124 kB
Inactive(file):   510364 kB
Unevictable:        1296 kB
Mlocked:               0 kB
HighTotal:       1436668 kB
HighFree:           2904 kB
LowTotal:         426284 kB
LowFree:          127624 kB
SwapTotal:       1048572 kB
SwapFree:        1025220 kB
Dirty:              1024 kB
Writeback:             0 kB
AnonPages:        655796 kB
Mapped:           375032 kB
Shmem:               368 kB
Slab:              41168 kB
SReclaimable:      13908 kB
SUnreclaim:        27260 kB
KernelStack:       11608 kB
PageTables:        43356 kB
NFS_Unstable:          0 kB
Bounce:                0 kB
WritebackTmp:          0 kB
CommitLimit:     1980048 kB
Committed_AS:   87068476 kB
VmallocTotal:     458752 kB
VmallocUsed:      113980 kB
VmallocChunk:     171012 kB
Time pass: 29 sec

---2015-12-11 14:29:19
MemTotal:        1862952 kB
MemFree:           38120 kB
Buffers:            9592 kB
Cached:           758604 kB
SwapCached:         3120 kB
Active:           611700 kB
Inactive:         805396 kB
Active(anon):     358300 kB
Inactive(anon):   292268 kB
Active(file):     253400 kB
Inactive(file):   513128 kB
Unevictable:        1296 kB
Mlocked:               0 kB
HighTotal:       1436668 kB
HighFree:           2764 kB
LowTotal:         426284 kB
LowFree:           35356 kB
SwapTotal:       1048572 kB
SwapFree:        1025220 kB
Dirty:               820 kB
Writeback:             4 kB
AnonPages:        648368 kB
Mapped:           429396 kB
Shmem:               368 kB
Slab:              41268 kB
SReclaimable:      13908 kB
SUnreclaim:        27360 kB
KernelStack:       11632 kB
PageTables:        43580 kB
NFS_Unstable:          0 kB
Bounce:                0 kB
WritebackTmp:          0 kB
CommitLimit:     1980048 kB
Committed_AS:   87103428 kB
VmallocTotal:     458752 kB
VmallocUsed:      114396 kB
VmallocChunk:     171012 kB
Time pass: 33 sec

---2015-12-11 14:29:19
MemTotal:        1862952 kB
MemFree:           39832 kB
Buffers:            9600 kB
Cached:           758604 kB
SwapCached:         3120 kB
Active:           610920 kB
Inactive:         805400 kB
Active(anon):     357520 kB
Inactive(anon):   292260 kB
Active(file):     253400 kB
Inactive(file):   513140 kB
Unevictable:        1296 kB
Mlocked:               0 kB
HighTotal:       1436668 kB
HighFree:           3872 kB
LowTotal:         426284 kB
LowFree:           35960 kB
SwapTotal:       1048572 kB
SwapFree:        1025220 kB
Dirty:                 4 kB
Writeback:             0 kB
AnonPages:        647492 kB
Mapped:           429336 kB
Shmem:               368 kB
Slab:              41272 kB
SReclaimable:      13908 kB
SUnreclaim:        27364 kB
KernelStack:       11576 kB
PageTables:        43580 kB
NFS_Unstable:          0 kB
Bounce:                0 kB
WritebackTmp:          0 kB
CommitLimit:     1980048 kB
Committed_AS:   87103532 kB
VmallocTotal:     458752 kB
VmallocUsed:      114396 kB
VmallocChunk:     171012 kB
Time pass: 36 sec

---2015-12-11 14:29:19
MemTotal:        1862952 kB
MemFree:           38112 kB
Buffers:            9608 kB
Cached:           758620 kB
SwapCached:         3120 kB
Active:           613552 kB
Inactive:         804788 kB
Active(anon):     359528 kB
Inactive(anon):   292260 kB
Active(file):     254024 kB
Inactive(file):   512528 kB
Unevictable:        1296 kB
Mlocked:               0 kB
HighTotal:       1436668 kB
HighFree:           2516 kB
LowTotal:         426284 kB
LowFree:           35596 kB
SwapTotal:       1048572 kB
SwapFree:        1025220 kB
Dirty:               112 kB
Writeback:             0 kB
AnonPages:        649620 kB
Mapped:           429404 kB
Shmem:               368 kB
Slab:              41240 kB
SReclaimable:      13900 kB
SUnreclaim:        27340 kB
KernelStack:       11560 kB
PageTables:        43580 kB
NFS_Unstable:          0 kB
Bounce:                0 kB
WritebackTmp:          0 kB
CommitLimit:     1980048 kB
Committed_AS:   87103532 kB
VmallocTotal:     458752 kB
VmallocUsed:      114396 kB
VmallocChunk:     171012 kB
Time pass: 40 sec

---2015-12-11 14:29:19
MemTotal:        1862952 kB
MemFree:           34588 kB
Buffers:            9588 kB
Cached:           753104 kB
SwapCached:         3392 kB
Active:           610580 kB
Inactive:         798744 kB
Active(anon):     319884 kB
Inactive(anon):   328988 kB
Active(file):     290696 kB
Inactive(file):   469756 kB
Unevictable:        1296 kB
Mlocked:               0 kB
HighTotal:       1436668 kB
HighFree:           3680 kB
LowTotal:         426284 kB
LowFree:           30908 kB
SwapTotal:       1048572 kB
SwapFree:        1018196 kB
Dirty:                 4 kB
Writeback:             0 kB
AnonPages:        646240 kB
Mapped:           423916 kB
Shmem:               364 kB
Slab:              41268 kB
SReclaimable:      13900 kB
SUnreclaim:        27368 kB
KernelStack:       11672 kB
PageTables:        43592 kB
NFS_Unstable:          0 kB
Bounce:                0 kB
WritebackTmp:          0 kB
CommitLimit:     1980048 kB
Committed_AS:   87104216 kB
VmallocTotal:     458752 kB
VmallocUsed:      114600 kB
VmallocChunk:     171012 kB
Time pass: 44 sec

---2015-12-11 14:29:19
MemTotal:        1862952 kB
MemFree:           30652 kB
Buffers:            9608 kB
Cached:           730608 kB
SwapCached:         3516 kB
Active:           627744 kB
Inactive:         759660 kB
Active(anon):     321500 kB
Inactive(anon):   328192 kB
Active(file):     306244 kB
Inactive(file):   431468 kB
Unevictable:        2136 kB
Mlocked:               0 kB
HighTotal:       1436668 kB
HighFree:           5888 kB
LowTotal:         426284 kB
LowFree:           24764 kB
SwapTotal:       1048572 kB
SwapFree:        1006472 kB
Dirty:                 4 kB
Writeback:             0 kB
AnonPages:        647072 kB
Mapped:           426168 kB
Shmem:               364 kB
Slab:              41492 kB
SReclaimable:      13932 kB
SUnreclaim:        27560 kB
KernelStack:       11616 kB
PageTables:        43788 kB
NFS_Unstable:          0 kB
Bounce:                0 kB
WritebackTmp:          0 kB
CommitLimit:     1980048 kB
Committed_AS:   87121972 kB
VmallocTotal:     458752 kB
VmallocUsed:      114484 kB
VmallocChunk:     171012 kB
Time pass: 47 sec

---2015-12-11 14:29:19
MemTotal:        1862952 kB
MemFree:           38960 kB
Buffers:            9616 kB
Cached:           726132 kB
SwapCached:         3516 kB
Active:           628924 kB
Inactive:         754972 kB
Active(anon):     322032 kB
Inactive(anon):   328804 kB
Active(file):     306892 kB
Inactive(file):   426168 kB
Unevictable:        2136 kB
Mlocked:               0 kB
HighTotal:       1436668 kB
HighFree:           9376 kB
LowTotal:         426284 kB
LowFree:           29584 kB
SwapTotal:       1048572 kB
SwapFree:        1004672 kB
Dirty:                76 kB
Writeback:             0 kB
AnonPages:        648408 kB
Mapped:           429692 kB
Shmem:               364 kB
Slab:              41548 kB
SReclaimable:      13932 kB
SUnreclaim:        27616 kB
KernelStack:       11720 kB
PageTables:        43784 kB
NFS_Unstable:          0 kB
Bounce:                0 kB
WritebackTmp:          0 kB
CommitLimit:     1980048 kB
Committed_AS:   87124424 kB
VmallocTotal:     458752 kB
VmallocUsed:      114744 kB
VmallocChunk:     171012 kB
Time pass: 51 sec

---2015-12-11 14:29:19
MemTotal:        1862952 kB
MemFree:           30232 kB
Buffers:            9656 kB
Cached:           699192 kB
SwapCached:         3560 kB
Active:           640052 kB
Inactive:         734056 kB
Active(anon):     333340 kB
Inactive(anon):   334532 kB
Active(file):     306712 kB
Inactive(file):   399524 kB
Unevictable:        2136 kB
Mlocked:               0 kB
HighTotal:       1436668 kB
HighFree:           4564 kB
LowTotal:         426284 kB
LowFree:           25668 kB
SwapTotal:       1048572 kB
SwapFree:        1001452 kB
Dirty:              1400 kB
Writeback:             0 kB
AnonPages:        665520 kB
Mapped:           451724 kB
Shmem:               364 kB
Slab:              41736 kB
SReclaimable:      13956 kB
SUnreclaim:        27780 kB
KernelStack:       11768 kB
PageTables:        43780 kB
NFS_Unstable:          0 kB
Bounce:                0 kB
WritebackTmp:          0 kB
CommitLimit:     1980048 kB
Committed_AS:   87128020 kB
VmallocTotal:     458752 kB
VmallocUsed:      114840 kB
VmallocChunk:     171012 kB
Time pass: 54 sec

---2015-12-11 14:29:19
MemTotal:        1862952 kB
MemFree:           39392 kB
Buffers:            9660 kB
Cached:           683648 kB
SwapCached:         3576 kB
Active:           632600 kB
Inactive:         717632 kB
Active(anon):     325472 kB
Inactive(anon):   333956 kB
Active(file):     307128 kB
Inactive(file):   383676 kB
Unevictable:        2136 kB
Mlocked:               0 kB
HighTotal:       1436668 kB
HighFree:          13292 kB
LowTotal:         426284 kB
LowFree:           26100 kB
SwapTotal:       1048572 kB
SwapFree:        1000552 kB
Dirty:               660 kB
Writeback:             0 kB
AnonPages:        656792 kB
Mapped:           468144 kB
Shmem:               364 kB
Slab:              41728 kB
SReclaimable:      13964 kB
SUnreclaim:        27764 kB
KernelStack:       11640 kB
PageTables:        43848 kB
NFS_Unstable:          0 kB
Bounce:                0 kB
WritebackTmp:          0 kB
CommitLimit:     1980048 kB
Committed_AS:   87122764 kB
VmallocTotal:     458752 kB
VmallocUsed:      114688 kB
VmallocChunk:     171012 kB
Time pass: 58 sec

---2015-12-11 14:29:19
MemTotal:        1862952 kB
MemFree:           38664 kB
Buffers:            9668 kB
Cached:           684120 kB
SwapCached:         3576 kB
Active:           632968 kB
Inactive:         718092 kB
Active(anon):     325816 kB
Inactive(anon):   333956 kB
Active(file):     307152 kB
Inactive(file):   384136 kB
Unevictable:        2136 kB
Mlocked:               0 kB
HighTotal:       1436668 kB
HighFree:          12548 kB
LowTotal:         426284 kB
LowFree:           26116 kB
SwapTotal:       1048572 kB
SwapFree:        1000556 kB
Dirty:                 4 kB
Writeback:             0 kB
AnonPages:        657096 kB
Mapped:           468560 kB
Shmem:               364 kB
Slab:              41720 kB
SReclaimable:      13956 kB
SUnreclaim:        27764 kB
KernelStack:       11640 kB
PageTables:        43848 kB
NFS_Unstable:          0 kB
Bounce:                0 kB
WritebackTmp:          0 kB
CommitLimit:     1980048 kB
Committed_AS:   87122844 kB
VmallocTotal:     458752 kB
VmallocUsed:      114688 kB
VmallocChunk:     171012 kB
Time pass: 62 sec

---2015-12-11 14:29:19
MemTotal:        1862952 kB
MemFree:           29456 kB
Buffers:            9676 kB
Cached:           684480 kB
SwapCached:         3576 kB
Active:           636276 kB
Inactive:         718340 kB
Active(anon):     329124 kB
Inactive(anon):   333956 kB
Active(file):     307152 kB
Inactive(file):   384384 kB
Unevictable:        2136 kB
Mlocked:               0 kB
HighTotal:       1436668 kB
HighFree:           3744 kB
LowTotal:         426284 kB
LowFree:           25712 kB
SwapTotal:       1048572 kB
SwapFree:        1000560 kB
Dirty:               376 kB
Writeback:             0 kB
AnonPages:        660412 kB
Mapped:           470120 kB
Shmem:               364 kB
Slab:              41720 kB
SReclaimable:      13956 kB
SUnreclaim:        27764 kB
KernelStack:       11640 kB
PageTables:        43848 kB
NFS_Unstable:          0 kB
Bounce:                0 kB
WritebackTmp:          0 kB
CommitLimit:     1980048 kB
Committed_AS:   87123196 kB
VmallocTotal:     458752 kB
VmallocUsed:      114928 kB
VmallocChunk:     171012 kB
Time pass: 65 sec

---2015-12-11 14:29:19
MemTotal:        1862952 kB
MemFree:           30464 kB
Buffers:            9676 kB
Cached:           684492 kB
SwapCached:         3576 kB
Active:           634424 kB
Inactive:         718460 kB
Active(anon):     327260 kB
Inactive(anon):   333956 kB
Active(file):     307164 kB
Inactive(file):   384504 kB
Unevictable:        2136 kB
Mlocked:               0 kB
HighTotal:       1436668 kB
HighFree:           4412 kB
LowTotal:         426284 kB
LowFree:           26052 kB
SwapTotal:       1048572 kB
SwapFree:        1000560 kB
Dirty:               412 kB
Writeback:             0 kB
AnonPages:        658592 kB
Mapped:           471828 kB
Shmem:               364 kB
Slab:              41716 kB
SReclaimable:      13972 kB
SUnreclaim:        27744 kB
KernelStack:       11640 kB
PageTables:        43860 kB
NFS_Unstable:          0 kB
Bounce:                0 kB
WritebackTmp:          0 kB
CommitLimit:     1980048 kB
Committed_AS:   87123284 kB
VmallocTotal:     458752 kB
VmallocUsed:      114688 kB
VmallocChunk:     171012 kB
Time pass: 69 sec

---2015-12-11 14:29:19
MemTotal:        1862952 kB
MemFree:           28960 kB
Buffers:            9684 kB
Cached:           684548 kB
SwapCached:         3576 kB
Active:           634744 kB
Inactive:         718504 kB
Active(anon):     327580 kB
Inactive(anon):   333936 kB
Active(file):     307164 kB
Inactive(file):   384568 kB
Unevictable:        2136 kB
Mlocked:               0 kB
HighTotal:       1436668 kB
HighFree:           3288 kB
LowTotal:         426284 kB
LowFree:           25672 kB
SwapTotal:       1048572 kB
SwapFree:        1000560 kB
Dirty:                 8 kB
Writeback:             0 kB
AnonPages:        658996 kB
Mapped:           471880 kB
Shmem:               364 kB
Slab:              41704 kB
SReclaimable:      13956 kB
SUnreclaim:        27748 kB
KernelStack:       11640 kB
PageTables:        43860 kB
NFS_Unstable:          0 kB
Bounce:                0 kB
WritebackTmp:          0 kB
CommitLimit:     1980048 kB
Committed_AS:   87123436 kB
VmallocTotal:     458752 kB
VmallocUsed:      114848 kB
VmallocChunk:     171012 kB
Time pass: 73 sec

---2015-12-11 14:29:19
MemTotal:        1862952 kB
MemFree:           30568 kB
Buffers:            9692 kB
Cached:           663456 kB
SwapCached:         3612 kB
Active:           640156 kB
Inactive:         699156 kB
Active(anon):     331512 kB
Inactive(anon):   337152 kB
Active(file):     308644 kB
Inactive(file):   362004 kB
Unevictable:        2136 kB
Mlocked:               0 kB
HighTotal:       1436668 kB
HighFree:           4496 kB
LowTotal:         426284 kB
LowFree:           26072 kB
SwapTotal:       1048572 kB
SwapFree:         999636 kB
Dirty:               608 kB
Writeback:             0 kB
AnonPages:        666040 kB
Mapped:           480316 kB
Shmem:               364 kB
Slab:              41784 kB
SReclaimable:      13976 kB
SUnreclaim:        27808 kB
KernelStack:       11640 kB
PageTables:        43876 kB
NFS_Unstable:          0 kB
Bounce:                0 kB
WritebackTmp:          0 kB
CommitLimit:     1980048 kB
Committed_AS:   87131532 kB
VmallocTotal:     458752 kB
VmallocUsed:      114852 kB
VmallocChunk:     171012 kB
Time pass: 76 sec

---2015-12-11 14:29:19
MemTotal:        1862952 kB
MemFree:           29808 kB
Buffers:            9708 kB
Cached:           652148 kB
SwapCached:         3652 kB
Active:           648628 kB
Inactive:         690560 kB
Active(anon):     340020 kB
Inactive(anon):   339808 kB
Active(file):     308608 kB
Inactive(file):   350752 kB
Unevictable:        2136 kB
Mlocked:               0 kB
HighTotal:       1436668 kB
HighFree:           4484 kB
LowTotal:         426284 kB
LowFree:           25324 kB
SwapTotal:       1048572 kB
SwapFree:         998948 kB
Dirty:               348 kB
Writeback:             0 kB
AnonPages:        677112 kB
Mapped:           484104 kB
Shmem:               364 kB
Slab:              41800 kB
SReclaimable:      13980 kB
SUnreclaim:        27820 kB
KernelStack:       11792 kB
PageTables:        43924 kB
NFS_Unstable:          0 kB
Bounce:                0 kB
WritebackTmp:          0 kB
CommitLimit:     1980048 kB
Committed_AS:   87153188 kB
VmallocTotal:     458752 kB
VmallocUsed:      114932 kB
VmallocChunk:     171012 kB
Time pass: 80 sec

---2015-12-11 14:29:19
MemTotal:        1862952 kB
MemFree:           31960 kB
Buffers:            9756 kB
Cached:           622268 kB
SwapCached:         4508 kB
Active:           656992 kB
Inactive:         663244 kB
Active(anon):     348104 kB
Inactive(anon):   342756 kB
Active(file):     308888 kB
Inactive(file):   320488 kB
Unevictable:        2136 kB
Mlocked:               0 kB
HighTotal:       1436668 kB
HighFree:           4108 kB
LowTotal:         426284 kB
LowFree:           27852 kB
SwapTotal:       1048572 kB
SwapFree:         996396 kB
Dirty:                92 kB
Writeback:             0 kB
AnonPages:        687320 kB
Mapped:           482640 kB
Shmem:               512 kB
Slab:              41948 kB
SReclaimable:      13980 kB
SUnreclaim:        27968 kB
KernelStack:       11976 kB
PageTables:        44152 kB
NFS_Unstable:          0 kB
Bounce:                0 kB
WritebackTmp:          0 kB
CommitLimit:     1980048 kB
Committed_AS:   87175224 kB
VmallocTotal:     458752 kB
VmallocUsed:      118816 kB
VmallocChunk:     171012 kB
Time pass: 84 sec

---2015-12-11 14:29:19
MemTotal:        1862952 kB
MemFree:           29288 kB
Buffers:            9772 kB
Cached:           593680 kB
SwapCached:         4624 kB
Active:           646240 kB
Inactive:         645600 kB
Active(anon):     345688 kB
Inactive(anon):   345612 kB
Active(file):     300552 kB
Inactive(file):   299988 kB
Unevictable:        2368 kB
Mlocked:               0 kB
HighTotal:       1436668 kB
HighFree:           5296 kB
LowTotal:         426284 kB
LowFree:           23992 kB
SwapTotal:       1048572 kB
SwapFree:         993644 kB
Dirty:                 0 kB
Writeback:             0 kB
AnonPages:        687668 kB
Mapped:           481600 kB
Shmem:               544 kB
Slab:              42156 kB
SReclaimable:      13980 kB
SUnreclaim:        28176 kB
KernelStack:       11944 kB
PageTables:        44332 kB
NFS_Unstable:          0 kB
Bounce:                0 kB
WritebackTmp:          0 kB
CommitLimit:     1980048 kB
Committed_AS:   87177344 kB
VmallocTotal:     458752 kB
VmallocUsed:      122656 kB
VmallocChunk:     125628 kB
Time pass: 88 sec

---2015-12-11 14:29:19
MemTotal:        1862952 kB
MemFree:           27588 kB
Buffers:            9780 kB
Cached:           593792 kB
SwapCached:         4620 kB
Active:           647972 kB
Inactive:         645680 kB
Active(anon):     347420 kB
Inactive(anon):   345692 kB
Active(file):     300552 kB
Inactive(file):   299988 kB
Unevictable:        2368 kB
Mlocked:               0 kB
HighTotal:       1436668 kB
HighFree:           3724 kB
LowTotal:         426284 kB
LowFree:           23864 kB
SwapTotal:       1048572 kB
SwapFree:         993648 kB
Dirty:                44 kB
Writeback:             0 kB
AnonPages:        689316 kB
Mapped:           481748 kB
Shmem:               656 kB
Slab:              42068 kB
SReclaimable:      13988 kB
SUnreclaim:        28080 kB
KernelStack:       11968 kB
PageTables:        44352 kB
NFS_Unstable:          0 kB
Bounce:                0 kB
WritebackTmp:          0 kB
CommitLimit:     1980048 kB
Committed_AS:   87179552 kB
VmallocTotal:     458752 kB
VmallocUsed:      122576 kB
VmallocChunk:     125628 kB
Time pass: 91 sec

---2015-12-11 14:29:19
MemTotal:        1862952 kB
MemFree:           26716 kB
Buffers:            9796 kB
Cached:           593792 kB
SwapCached:         4620 kB
Active:           648576 kB
Inactive:         645748 kB
Active(anon):     348024 kB
Inactive(anon):   345736 kB
Active(file):     300552 kB
Inactive(file):   300012 kB
Unevictable:        2368 kB
Mlocked:               0 kB
HighTotal:       1436668 kB
HighFree:           3116 kB
LowTotal:         426284 kB
LowFree:           23600 kB
SwapTotal:       1048572 kB
SwapFree:         993660 kB
Dirty:                 0 kB
Writeback:             0 kB
AnonPages:        689956 kB
Mapped:           481756 kB
Shmem:               656 kB
Slab:              42168 kB
SReclaimable:      13988 kB
SUnreclaim:        28180 kB
KernelStack:       11952 kB
PageTables:        44352 kB
NFS_Unstable:          0 kB
Bounce:                0 kB
WritebackTmp:          0 kB
CommitLimit:     1980048 kB
Committed_AS:   87179672 kB
VmallocTotal:     458752 kB
VmallocUsed:      122576 kB
VmallocChunk:     125628 kB
Time pass: 95 sec

---2015-12-11 14:29:19
MemTotal:        1862952 kB
MemFree:           28716 kB
Buffers:            9812 kB
Cached:           591260 kB
SwapCached:         4672 kB
Active:           646072 kB
Inactive:         645480 kB
Active(anon):     346832 kB
Inactive(anon):   346636 kB
Active(file):     299240 kB
Inactive(file):   298844 kB
Unevictable:        2368 kB
Mlocked:               0 kB
HighTotal:       1436668 kB
HighFree:           4888 kB
LowTotal:         426284 kB
LowFree:           23828 kB
SwapTotal:       1048572 kB
SwapFree:         992808 kB
Dirty:                48 kB
Writeback:             0 kB
AnonPages:        689752 kB
Mapped:           481736 kB
Shmem:               656 kB
Slab:              42184 kB
SReclaimable:      13988 kB
SUnreclaim:        28196 kB
KernelStack:       11944 kB
PageTables:        44336 kB
NFS_Unstable:          0 kB
Bounce:                0 kB
WritebackTmp:          0 kB
CommitLimit:     1980048 kB
Committed_AS:   87179772 kB
VmallocTotal:     458752 kB
VmallocUsed:      122656 kB
VmallocChunk:     125628 kB
Time pass: 99 sec

---2015-12-11 14:29:19
MemTotal:        1862952 kB
MemFree:           75148 kB
Buffers:            9820 kB
Cached:           586396 kB
SwapCached:         4684 kB
Active:           638644 kB
Inactive:         643952 kB
Active(anon):     340268 kB
Inactive(anon):   348752 kB
Active(file):     298376 kB
Inactive(file):   295200 kB
Unevictable:        2368 kB
Mlocked:               0 kB
HighTotal:       1436668 kB
HighFree:          47252 kB
LowTotal:         426284 kB
LowFree:           27896 kB
SwapTotal:       1048572 kB
SwapFree:         990536 kB
Dirty:                 4 kB
Writeback:             0 kB
AnonPages:        685108 kB
Mapped:           481100 kB
Shmem:               288 kB
Slab:              42152 kB
SReclaimable:      13988 kB
SUnreclaim:        28164 kB
KernelStack:       12024 kB
PageTables:        44108 kB
NFS_Unstable:          0 kB
Bounce:                0 kB
WritebackTmp:          0 kB
CommitLimit:     1980048 kB
Committed_AS:   87174712 kB
VmallocTotal:     458752 kB
VmallocUsed:      115032 kB
VmallocChunk:     171012 kB
Time pass: 102 sec

---2015-12-11 14:29:19
MemTotal:        1862952 kB
MemFree:          111476 kB
Buffers:            9828 kB
Cached:           586844 kB
SwapCached:         4692 kB
Active:           633320 kB
Inactive:         643948 kB
Active(anon):     335076 kB
Inactive(anon):   348304 kB
Active(file):     298244 kB
Inactive(file):   295644 kB
Unevictable:        2368 kB
Mlocked:               0 kB
HighTotal:       1436668 kB
HighFree:          65296 kB
LowTotal:         426284 kB
LowFree:           46180 kB
SwapTotal:       1048572 kB
SwapFree:         990540 kB
Dirty:                44 kB
Writeback:             0 kB
AnonPages:        679812 kB
Mapped:           481376 kB
Shmem:               364 kB
Slab:              42200 kB
SReclaimable:      13988 kB
SUnreclaim:        28212 kB
KernelStack:       11832 kB
PageTables:        44308 kB
NFS_Unstable:          0 kB
Bounce:                0 kB
WritebackTmp:          0 kB
CommitLimit:     1980048 kB
Committed_AS:   88616204 kB
VmallocTotal:     458752 kB
VmallocUsed:      116012 kB
VmallocChunk:     171012 kB
Time pass: 106 sec

---2015-12-11 14:29:19
MemTotal:        1862952 kB
MemFree:          395340 kB
Buffers:            9860 kB
Cached:           587200 kB
SwapCached:         5084 kB
Active:           542456 kB
Inactive:         641660 kB
Active(anon):     241160 kB
Inactive(anon):   348496 kB
Active(file):     301296 kB
Inactive(file):   293164 kB
Unevictable:        2368 kB
Mlocked:               0 kB
HighTotal:       1436668 kB
HighFree:         260416 kB
LowTotal:         426284 kB
LowFree:          134924 kB
SwapTotal:       1048572 kB
SwapFree:         990548 kB
Dirty:                36 kB
Writeback:             0 kB
AnonPages:        585784 kB
Mapped:           344652 kB
Shmem:               232 kB
Slab:              41976 kB
SReclaimable:      13980 kB
SUnreclaim:        27996 kB
KernelStack:       11032 kB
PageTables:        41744 kB
NFS_Unstable:          0 kB
Bounce:                0 kB
WritebackTmp:          0 kB
CommitLimit:     1980048 kB
Committed_AS:   84510124 kB
VmallocTotal:     458752 kB
VmallocUsed:      111796 kB
VmallocChunk:     171012 kB
Time pass: 110 sec

---2015-12-11 14:29:19
MemTotal:        1862952 kB
MemFree:          396216 kB
Buffers:            9868 kB
Cached:           587428 kB
SwapCached:         5088 kB
Active:           541820 kB
Inactive:         641184 kB
Active(anon):     240520 kB
Inactive(anon):   347788 kB
Active(file):     301300 kB
Inactive(file):   293396 kB
Unevictable:        2368 kB
Mlocked:               0 kB
HighTotal:       1436668 kB
HighFree:         261036 kB
LowTotal:         426284 kB
LowFree:          135180 kB
SwapTotal:       1048572 kB
SwapFree:         990584 kB
Dirty:                 4 kB
Writeback:             0 kB
AnonPages:        584436 kB
Mapped:           344676 kB
Shmem:               232 kB
Slab:              41976 kB
SReclaimable:      13980 kB
SUnreclaim:        27996 kB
KernelStack:       11024 kB
PageTables:        41764 kB
NFS_Unstable:          0 kB
Bounce:                0 kB
WritebackTmp:          0 kB
CommitLimit:     1980048 kB
Committed_AS:   84510452 kB
VmallocTotal:     458752 kB
VmallocUsed:      111820 kB
VmallocChunk:     171012 kB
Time pass: 114 sec

---2015-12-11 14:29:19
MemTotal:        1862952 kB
MemFree:          396140 kB
Buffers:            9876 kB
Cached:           587428 kB
SwapCached:         5088 kB
Active:           541912 kB
Inactive:         641192 kB
Active(anon):     240612 kB
Inactive(anon):   347788 kB
Active(file):     301300 kB
Inactive(file):   293404 kB
Unevictable:        2368 kB
Mlocked:               0 kB
HighTotal:       1436668 kB
HighFree:         260956 kB
LowTotal:         426284 kB
LowFree:          135184 kB
SwapTotal:       1048572 kB
SwapFree:         990584 kB
Dirty:                44 kB
Writeback:             0 kB
AnonPages:        584560 kB
Mapped:           344680 kB
Shmem:               232 kB
Slab:              41972 kB
SReclaimable:      13980 kB
SUnreclaim:        27992 kB
KernelStack:       11024 kB
PageTables:        41764 kB
NFS_Unstable:          0 kB
Bounce:                0 kB
WritebackTmp:          0 kB
CommitLimit:     1980048 kB
Committed_AS:   84510524 kB
VmallocTotal:     458752 kB
VmallocUsed:      111820 kB
VmallocChunk:     171012 kB
Time pass: 117 sec

---2015-12-11 14:29:19
MemTotal:        1862952 kB
MemFree:          396632 kB
Buffers:            9876 kB
Cached:           587428 kB
SwapCached:         5116 kB
Active:           541888 kB
Inactive:         640928 kB
Active(anon):     240588 kB
Inactive(anon):   347524 kB
Active(file):     301300 kB
Inactive(file):   293404 kB
Unevictable:        2368 kB
Mlocked:               0 kB
HighTotal:       1436668 kB
HighFree:         260956 kB
LowTotal:         426284 kB
LowFree:          135676 kB
SwapTotal:       1048572 kB
SwapFree:         990720 kB
Dirty:                44 kB
Writeback:             0 kB
AnonPages:        584268 kB
Mapped:           344680 kB
Shmem:               232 kB
Slab:              41968 kB
SReclaimable:      13980 kB
SUnreclaim:        27988 kB
KernelStack:       10920 kB
PageTables:        41760 kB
NFS_Unstable:          0 kB
Bounce:                0 kB
WritebackTmp:          0 kB
CommitLimit:     1980048 kB
Committed_AS:   84510092 kB
VmallocTotal:     458752 kB
VmallocUsed:      111820 kB
VmallocChunk:     171012 kB
Time pass: 121 sec

---2015-12-11 14:29:19
MemTotal:        1862952 kB
MemFree:          396376 kB
Buffers:            9888 kB
Cached:           587568 kB
SwapCached:         5116 kB
Active:           542000 kB
Inactive:         641076 kB
Active(anon):     240700 kB
Inactive(anon):   347520 kB
Active(file):     301300 kB
Inactive(file):   293556 kB
Unevictable:        2368 kB
Mlocked:               0 kB
HighTotal:       1436668 kB
HighFree:         260708 kB
LowTotal:         426284 kB
LowFree:          135668 kB
SwapTotal:       1048572 kB
SwapFree:         990720 kB
Dirty:                12 kB
Writeback:             0 kB
AnonPages:        584356 kB
Mapped:           344704 kB
Shmem:               232 kB
Slab:              41968 kB
SReclaimable:      13980 kB
SUnreclaim:        27988 kB
KernelStack:       10920 kB
PageTables:        41760 kB
NFS_Unstable:          0 kB
Bounce:                0 kB
WritebackTmp:          0 kB
CommitLimit:     1980048 kB
Committed_AS:   84510292 kB
VmallocTotal:     458752 kB
VmallocUsed:      111820 kB
VmallocChunk:     171012 kB
Time pass: 125 sec

---2015-12-11 14:29:19
MemTotal:        1862952 kB
MemFree:          396500 kB
Buffers:            9896 kB
Cached:           587568 kB
SwapCached:         5116 kB
Active:           541916 kB
Inactive:         641072 kB
Active(anon):     240612 kB
Inactive(anon):   347512 kB
Active(file):     301304 kB
Inactive(file):   293560 kB
Unevictable:        2368 kB
Mlocked:               0 kB
HighTotal:       1436668 kB
HighFree:         260832 kB
LowTotal:         426284 kB
LowFree:          135668 kB
SwapTotal:       1048572 kB
SwapFree:         990728 kB
Dirty:                12 kB
Writeback:             0 kB
AnonPages:        584228 kB
Mapped:           344704 kB
Shmem:               232 kB
Slab:              41968 kB
SReclaimable:      13980 kB
SUnreclaim:        27988 kB
KernelStack:       10920 kB
PageTables:        41760 kB
NFS_Unstable:          0 kB
Bounce:                0 kB
WritebackTmp:          0 kB
CommitLimit:     1980048 kB
Committed_AS:   84510372 kB
VmallocTotal:     458752 kB
VmallocUsed:      111820 kB
VmallocChunk:     171012 kB
Time pass: 128 sec

---2015-12-11 14:29:19
MemTotal:        1862952 kB
MemFree:          396368 kB
Buffers:            9904 kB
Cached:           587620 kB
SwapCached:         5116 kB
Active:           541960 kB
Inactive:         641084 kB
Active(anon):     240656 kB
Inactive(anon):   347464 kB
Active(file):     301304 kB
Inactive(file):   293620 kB
Unevictable:        2368 kB
Mlocked:               0 kB
HighTotal:       1436668 kB
HighFree:         260708 kB
LowTotal:         426284 kB
LowFree:          135660 kB
SwapTotal:       1048572 kB
SwapFree:         990728 kB
Dirty:                 8 kB
Writeback:             0 kB
AnonPages:        584276 kB
Mapped:           344712 kB
Shmem:               232 kB
Slab:              41968 kB
SReclaimable:      13980 kB
SUnreclaim:        27988 kB
KernelStack:       10928 kB
PageTables:        41760 kB
NFS_Unstable:          0 kB
Bounce:                0 kB
WritebackTmp:          0 kB
CommitLimit:     1980048 kB
Committed_AS:   84510412 kB
VmallocTotal:     458752 kB
VmallocUsed:      111820 kB
VmallocChunk:     171012 kB
Time pass: 132 sec

---2015-12-11 14:29:19
MemTotal:        1862952 kB
MemFree:          396260 kB
Buffers:            9904 kB
Cached:           587620 kB
SwapCached:         5116 kB
Active:           542060 kB
Inactive:         641084 kB
Active(anon):     240756 kB
Inactive(anon):   347464 kB
Active(file):     301304 kB
Inactive(file):   293620 kB
Unevictable:        2368 kB
Mlocked:               0 kB
HighTotal:       1436668 kB
HighFree:         260584 kB
LowTotal:         426284 kB
LowFree:          135676 kB
SwapTotal:       1048572 kB
SwapFree:         990728 kB
Dirty:                 8 kB
Writeback:             0 kB
AnonPages:        584340 kB
Mapped:           344712 kB
Shmem:               232 kB
Slab:              41968 kB
SReclaimable:      13980 kB
SUnreclaim:        27988 kB
KernelStack:       10912 kB
PageTables:        41760 kB
NFS_Unstable:          0 kB
Bounce:                0 kB
WritebackTmp:          0 kB
CommitLimit:     1980048 kB
Committed_AS:   84510612 kB
VmallocTotal:     458752 kB
VmallocUsed:      111820 kB
VmallocChunk:     171012 kB
Time pass: 136 sec

---2015-12-11 14:29:19
MemTotal:        1862952 kB
MemFree:          391984 kB
Buffers:            9928 kB
Cached:           588388 kB
SwapCached:         5124 kB
Active:           545024 kB
Inactive:         641736 kB
Active(anon):     243572 kB
Inactive(anon):   347472 kB
Active(file):     301452 kB
Inactive(file):   294264 kB
Unevictable:        2368 kB
Mlocked:               0 kB
HighTotal:       1436668 kB
HighFree:         257000 kB
LowTotal:         426284 kB
LowFree:          134984 kB
SwapTotal:       1048572 kB
SwapFree:         990728 kB
Dirty:                 4 kB
Writeback:             0 kB
AnonPages:        587172 kB
Mapped:           345008 kB
Shmem:               232 kB
Slab:              41964 kB
SReclaimable:      13980 kB
SUnreclaim:        27984 kB
KernelStack:       10984 kB
PageTables:        42276 kB
NFS_Unstable:          0 kB
Bounce:                0 kB
WritebackTmp:          0 kB
CommitLimit:     1980048 kB
Committed_AS:   85754932 kB
VmallocTotal:     458752 kB
VmallocUsed:      112840 kB
VmallocChunk:     171012 kB
Time pass: 139 sec

---2015-12-11 14:29:19
MemTotal:        1862952 kB
MemFree:          392308 kB
Buffers:            9936 kB
Cached:           588392 kB
SwapCached:         5124 kB
Active:           545008 kB
Inactive:         641508 kB
Active(anon):     243556 kB
Inactive(anon):   347232 kB
Active(file):     301452 kB
Inactive(file):   294276 kB
Unevictable:        2368 kB
Mlocked:               0 kB
HighTotal:       1436668 kB
HighFree:         256876 kB
LowTotal:         426284 kB
LowFree:          135432 kB
SwapTotal:       1048572 kB
SwapFree:         990732 kB
Dirty:                 4 kB
Writeback:             0 kB
AnonPages:        586928 kB
Mapped:           345012 kB
Shmem:               232 kB
Slab:              41964 kB
SReclaimable:      13980 kB
SUnreclaim:        27984 kB
KernelStack:       10944 kB
PageTables:        42264 kB
NFS_Unstable:          0 kB
Bounce:                0 kB
WritebackTmp:          0 kB
CommitLimit:     1980048 kB
Committed_AS:   85754884 kB
VmallocTotal:     458752 kB
VmallocUsed:      112840 kB
VmallocChunk:     171012 kB
Time pass: 143 sec

---2015-12-11 14:29:19
MemTotal:        1862952 kB
MemFree:          392284 kB
Buffers:            9936 kB
Cached:           588400 kB
SwapCached:         5124 kB
Active:           545124 kB
Inactive:         641516 kB
Active(anon):     243672 kB
Inactive(anon):   347232 kB
Active(file):     301452 kB
Inactive(file):   294284 kB
Unevictable:        2368 kB
Mlocked:               0 kB
HighTotal:       1436668 kB
HighFree:         256876 kB
LowTotal:         426284 kB
LowFree:          135408 kB
SwapTotal:       1048572 kB
SwapFree:         990732 kB
Dirty:                12 kB
Writeback:             0 kB
AnonPages:        587016 kB
Mapped:           345012 kB
Shmem:               232 kB
Slab:              41964 kB
SReclaimable:      13980 kB
SUnreclaim:        27984 kB
KernelStack:       10952 kB
PageTables:        42264 kB
NFS_Unstable:          0 kB
Bounce:                0 kB
WritebackTmp:          0 kB
CommitLimit:     1980048 kB
Committed_AS:   85755012 kB
VmallocTotal:     458752 kB
VmallocUsed:      112840 kB
VmallocChunk:     171012 kB
Time pass: 147 sec

---2015-12-11 14:29:19
MemTotal:        1862952 kB
MemFree:          392184 kB
Buffers:            9936 kB
Cached:           588404 kB
SwapCached:         5124 kB
Active:           545232 kB
Inactive:         641520 kB
Active(anon):     243780 kB
Inactive(anon):   347232 kB
Active(file):     301452 kB
Inactive(file):   294288 kB
Unevictable:        2368 kB
Mlocked:               0 kB
HighTotal:       1436668 kB
HighFree:         256752 kB
LowTotal:         426284 kB
LowFree:          135432 kB
SwapTotal:       1048572 kB
SwapFree:         990732 kB
Dirty:                 0 kB
Writeback:             0 kB
AnonPages:        587116 kB
Mapped:           345016 kB
Shmem:               232 kB
Slab:              41964 kB
SReclaimable:      13980 kB
SUnreclaim:        27984 kB
KernelStack:       10944 kB
PageTables:        42264 kB
NFS_Unstable:          0 kB
Bounce:                0 kB
WritebackTmp:          0 kB
CommitLimit:     1980048 kB
Committed_AS:   85755092 kB
VmallocTotal:     458752 kB
VmallocUsed:      112840 kB
VmallocChunk:     171012 kB
Time pass: 151 sec

---2015-12-11 14:29:19
MemTotal:        1862952 kB
MemFree:          392052 kB
Buffers:            9944 kB
Cached:           588404 kB
SwapCached:         5124 kB
Active:           545332 kB
Inactive:         641532 kB
Active(anon):     243876 kB
Inactive(anon):   347240 kB
Active(file):     301456 kB
Inactive(file):   294292 kB
Unevictable:        2368 kB
Mlocked:               0 kB
HighTotal:       1436668 kB
HighFree:         256628 kB
LowTotal:         426284 kB
LowFree:          135424 kB
SwapTotal:       1048572 kB
SwapFree:         990740 kB
Dirty:                12 kB
Writeback:             0 kB
AnonPages:        587264 kB
Mapped:           345016 kB
Shmem:               232 kB
Slab:              41964 kB
SReclaimable:      13980 kB
SUnreclaim:        27984 kB
KernelStack:       10952 kB
PageTables:        42264 kB
NFS_Unstable:          0 kB
Bounce:                0 kB
WritebackTmp:          0 kB
CommitLimit:     1980048 kB
Committed_AS:   85755292 kB
VmallocTotal:     458752 kB
VmallocUsed:      112840 kB
VmallocChunk:     171012 kB
Time pass: 154 sec

---2015-12-11 14:29:19
MemTotal:        1862952 kB
MemFree:          391444 kB
Buffers:            9944 kB
Cached:           588744 kB
SwapCached:         5124 kB
Active:           545432 kB
Inactive:         641860 kB
Active(anon):     243964 kB
Inactive(anon):   347240 kB
Active(file):     301468 kB
Inactive(file):   294620 kB
Unevictable:        2368 kB
Mlocked:               0 kB
HighTotal:       1436668 kB
HighFree:         256132 kB
LowTotal:         426284 kB
LowFree:          135312 kB
SwapTotal:       1048572 kB
SwapFree:         990740 kB
Dirty:                 4 kB
Writeback:             0 kB
AnonPages:        587360 kB
Mapped:           345052 kB
Shmem:               232 kB
Slab:              41964 kB
SReclaimable:      13980 kB
SUnreclaim:        27984 kB
KernelStack:       10952 kB
PageTables:        42264 kB
NFS_Unstable:          0 kB
Bounce:                0 kB
WritebackTmp:          0 kB
CommitLimit:     1980048 kB
Committed_AS:   85755404 kB
VmallocTotal:     458752 kB
VmallocUsed:      112840 kB
VmallocChunk:     171012 kB
Time pass: 158 sec

---2015-12-11 14:29:19
MemTotal:        1862952 kB
MemFree:          390752 kB
Buffers:            9952 kB
Cached:           588748 kB
SwapCached:         5124 kB
Active:           545208 kB
Inactive:         641868 kB
Active(anon):     243736 kB
Inactive(anon):   347240 kB
Active(file):     301472 kB
Inactive(file):   294628 kB
Unevictable:        2368 kB
Mlocked:               0 kB
HighTotal:       1436668 kB
HighFree:         255636 kB
LowTotal:         426284 kB
LowFree:          135116 kB
SwapTotal:       1048572 kB
SwapFree:         990740 kB
Dirty:                 8 kB
Writeback:             0 kB
AnonPages:        587140 kB
Mapped:           345148 kB
Shmem:               232 kB
Slab:              41964 kB
SReclaimable:      13980 kB
SUnreclaim:        27984 kB
KernelStack:       10976 kB
PageTables:        42260 kB
NFS_Unstable:          0 kB
Bounce:                0 kB
WritebackTmp:          0 kB
CommitLimit:     1980048 kB
Committed_AS:   85755508 kB
VmallocTotal:     458752 kB
VmallocUsed:      113000 kB
VmallocChunk:     171012 kB
Time pass: 162 sec

---2015-12-11 14:29:19
MemTotal:        1862952 kB
MemFree:          391676 kB
Buffers:            9952 kB
Cached:           588744 kB
SwapCached:         5128 kB
Active:           545372 kB
Inactive:         641780 kB
Active(anon):     243900 kB
Inactive(anon):   347152 kB
Active(file):     301472 kB
Inactive(file):   294628 kB
Unevictable:        2368 kB
Mlocked:               0 kB
HighTotal:       1436668 kB
HighFree:         256160 kB
LowTotal:         426284 kB
LowFree:          135516 kB
SwapTotal:       1048572 kB
SwapFree:         990740 kB
Dirty:                 8 kB
Writeback:             0 kB
AnonPages:        587108 kB
Mapped:           345068 kB
Shmem:               232 kB
Slab:              41932 kB
SReclaimable:      13980 kB
SUnreclaim:        27952 kB
KernelStack:       10952 kB
PageTables:        42264 kB
NFS_Unstable:          0 kB
Bounce:                0 kB
WritebackTmp:          0 kB
CommitLimit:     1980048 kB
Committed_AS:   85755556 kB
VmallocTotal:     458752 kB
VmallocUsed:      112840 kB
VmallocChunk:     171012 kB
Time pass: 166 sec

---2015-12-11 14:29:19
MemTotal:        1862952 kB
MemFree:          340444 kB
Buffers:           10008 kB
Cached:           589868 kB
SwapCached:         5284 kB
Active:           560244 kB
Inactive:         642036 kB
Active(anon):     257988 kB
Inactive(anon):   347188 kB
Active(file):     302256 kB
Inactive(file):   294848 kB
Unevictable:        2368 kB
Mlocked:               0 kB
HighTotal:       1436668 kB
HighFree:         191712 kB
LowTotal:         426284 kB
LowFree:          148732 kB
SwapTotal:       1048572 kB
SwapFree:         990768 kB
Dirty:               804 kB
Writeback:             0 kB
AnonPages:        601228 kB
Mapped:           361728 kB
Shmem:               232 kB
Slab:              41888 kB
SReclaimable:      13972 kB
SUnreclaim:        27916 kB
KernelStack:       11168 kB
PageTables:        43028 kB
NFS_Unstable:          0 kB
Bounce:                0 kB
WritebackTmp:          0 kB
CommitLimit:     1980048 kB
Committed_AS:   87059632 kB
VmallocTotal:     458752 kB
VmallocUsed:      114124 kB
VmallocChunk:     171012 kB
Time pass: 169 sec

---2015-12-11 14:29:19
MemTotal:        1862952 kB
MemFree:          253184 kB
Buffers:           10032 kB
Cached:           591832 kB
SwapCached:         5384 kB
Active:           579384 kB
Inactive:         643368 kB
Active(anon):     278956 kB
Inactive(anon):   345076 kB
Active(file):     300428 kB
Inactive(file):   298292 kB
Unevictable:        4976 kB
Mlocked:            2588 kB
HighTotal:       1436668 kB
HighFree:         143796 kB
LowTotal:         426284 kB
LowFree:          109388 kB
SwapTotal:       1048572 kB
SwapFree:         990776 kB
Dirty:               300 kB
Writeback:             0 kB
AnonPages:        621992 kB
Mapped:           372636 kB
Shmem:               488 kB
Slab:              41880 kB
SReclaimable:      13972 kB
SUnreclaim:        27908 kB
KernelStack:       11544 kB
PageTables:        43428 kB
NFS_Unstable:          0 kB
Bounce:                0 kB
WritebackTmp:          0 kB
CommitLimit:     1980048 kB
Committed_AS:   87094956 kB
VmallocTotal:     458752 kB
VmallocUsed:      114444 kB
VmallocChunk:     171012 kB
Time pass: 173 sec

---2015-12-11 14:29:19
MemTotal:        1862952 kB
MemFree:          196972 kB
Buffers:           10032 kB
Cached:           593460 kB
SwapCached:         5412 kB
Active:           600100 kB
Inactive:         644964 kB
Active(anon):     298664 kB
Inactive(anon):   345600 kB
Active(file):     301436 kB
Inactive(file):   299364 kB
Unevictable:        2368 kB
Mlocked:               0 kB
HighTotal:       1436668 kB
HighFree:         100836 kB
LowTotal:         426284 kB
LowFree:           96136 kB
SwapTotal:       1048572 kB
SwapFree:         990788 kB
Dirty:              1304 kB
Writeback:             0 kB
AnonPages:        639980 kB
Mapped:           389764 kB
Shmem:               364 kB
Slab:              41824 kB
SReclaimable:      13988 kB
SUnreclaim:        27836 kB
KernelStack:       11536 kB
PageTables:        43580 kB
NFS_Unstable:          0 kB
Bounce:                0 kB
WritebackTmp:          0 kB
CommitLimit:     1980048 kB
Committed_AS:   87117616 kB
VmallocTotal:     458752 kB
VmallocUsed:      114536 kB
VmallocChunk:     171012 kB
Time pass: 177 sec

---2015-12-11 14:29:19
MemTotal:        1862952 kB
MemFree:          154220 kB
Buffers:           10040 kB
Cached:           594344 kB
SwapCached:         5412 kB
Active:           603964 kB
Inactive:         644324 kB
Active(anon):     301040 kB
Inactive(anon):   345596 kB
Active(file):     302924 kB
Inactive(file):   298728 kB
Unevictable:        2368 kB
Mlocked:               0 kB
HighTotal:       1436668 kB
HighFree:          58092 kB
LowTotal:         426284 kB
LowFree:           96128 kB
SwapTotal:       1048572 kB
SwapFree:         990788 kB
Dirty:              1128 kB
Writeback:             0 kB
AnonPages:        642288 kB
Mapped:           429576 kB
Shmem:               364 kB
Slab:              41812 kB
SReclaimable:      14004 kB
SUnreclaim:        27808 kB
KernelStack:       11544 kB
PageTables:        43756 kB
NFS_Unstable:          0 kB
Bounce:                0 kB
WritebackTmp:          0 kB
CommitLimit:     1980048 kB
Committed_AS:   87125884 kB
VmallocTotal:     458752 kB
VmallocUsed:      114668 kB
VmallocChunk:     171012 kB
Time pass: 180 sec

---2015-12-11 14:29:19
MemTotal:        1862952 kB
MemFree:          155480 kB
Buffers:           10048 kB
Cached:           594344 kB
SwapCached:         5412 kB
Active:           604228 kB
Inactive:         644328 kB
Active(anon):     301304 kB
Inactive(anon):   345596 kB
Active(file):     302924 kB
Inactive(file):   298732 kB
Unevictable:        2368 kB
Mlocked:               0 kB
HighTotal:       1436668 kB
HighFree:          58616 kB
LowTotal:         426284 kB
LowFree:           96864 kB
SwapTotal:       1048572 kB
SwapFree:         990788 kB
Dirty:                60 kB
Writeback:             0 kB
AnonPages:        642604 kB
Mapped:           429564 kB
Shmem:               364 kB
Slab:              41880 kB
SReclaimable:      13988 kB
SUnreclaim:        27892 kB
KernelStack:       11504 kB
PageTables:        43700 kB
NFS_Unstable:          0 kB
Bounce:                0 kB
WritebackTmp:          0 kB
CommitLimit:     1980048 kB
Committed_AS:   87126120 kB
VmallocTotal:     458752 kB
VmallocUsed:      114588 kB
VmallocChunk:     171012 kB
Time pass: 184 sec

---2015-12-11 14:29:19
MemTotal:        1862952 kB
MemFree:          148380 kB
Buffers:           10048 kB
Cached:           594696 kB
SwapCached:         5412 kB
Active:           605708 kB
Inactive:         644128 kB
Active(anon):     302220 kB
Inactive(anon):   345604 kB
Active(file):     303488 kB
Inactive(file):   298524 kB
Unevictable:        2368 kB
Mlocked:               0 kB
HighTotal:       1436668 kB
HighFree:          51568 kB
LowTotal:         426284 kB
LowFree:           96812 kB
SwapTotal:       1048572 kB
SwapFree:         990796 kB
Dirty:                12 kB
Writeback:             0 kB
AnonPages:        643552 kB
Mapped:           432284 kB
Shmem:               364 kB
Slab:              41792 kB
SReclaimable:      13980 kB
SUnreclaim:        27812 kB
KernelStack:       11504 kB
PageTables:        43708 kB
NFS_Unstable:          0 kB
Bounce:                0 kB
WritebackTmp:          0 kB
CommitLimit:     1980048 kB
Committed_AS:   87126320 kB
VmallocTotal:     458752 kB
VmallocUsed:      114588 kB
VmallocChunk:     171012 kB
Time pass: 187 sec

---2015-12-11 14:29:19
MemTotal:        1862952 kB
MemFree:          148396 kB
Buffers:           10056 kB
Cached:           594700 kB
SwapCached:         5412 kB
Active:           620424 kB
Inactive:         644148 kB
Active(anon):     316940 kB
Inactive(anon):   345608 kB
Active(file):     303484 kB
Inactive(file):   298540 kB
Unevictable:        2368 kB
Mlocked:               0 kB
HighTotal:       1436668 kB
HighFree:          52596 kB
LowTotal:         426284 kB
LowFree:           95800 kB
SwapTotal:       1048572 kB
SwapFree:         990800 kB
Dirty:               532 kB
Writeback:             0 kB
AnonPages:        658464 kB
Mapped:           430380 kB
Shmem:               364 kB
Slab:              41836 kB
SReclaimable:      13980 kB
SUnreclaim:        27856 kB
KernelStack:       11568 kB
PageTables:        43620 kB
NFS_Unstable:          0 kB
Bounce:                0 kB
WritebackTmp:          0 kB
CommitLimit:     1980048 kB
Committed_AS:   87134760 kB
VmallocTotal:     458752 kB
VmallocUsed:      114824 kB
VmallocChunk:     171012 kB
Time pass: 191 sec

---2015-12-11 14:29:19
MemTotal:        1862952 kB
MemFree:          119388 kB
Buffers:           10056 kB
Cached:           594716 kB
SwapCached:         5412 kB
Active:           614584 kB
Inactive:         644164 kB
Active(anon):     311100 kB
Inactive(anon):   345608 kB
Active(file):     303484 kB
Inactive(file):   298556 kB
Unevictable:        2368 kB
Mlocked:               0 kB
HighTotal:       1436668 kB
HighFree:          22524 kB
LowTotal:         426284 kB
LowFree:           96864 kB
SwapTotal:       1048572 kB
SwapFree:         990800 kB
Dirty:               580 kB
Writeback:             0 kB
AnonPages:        652444 kB
Mapped:           440532 kB
Shmem:               364 kB
Slab:              41808 kB
SReclaimable:      13980 kB
SUnreclaim:        27828 kB
KernelStack:       11504 kB
PageTables:        43768 kB
NFS_Unstable:          0 kB
Bounce:                0 kB
WritebackTmp:          0 kB
CommitLimit:     1980048 kB
Committed_AS:   87134832 kB
VmallocTotal:     458752 kB
VmallocUsed:      114672 kB
VmallocChunk:     171012 kB
Time pass: 195 sec

---2015-12-11 14:29:19
MemTotal:        1862952 kB
MemFree:          119432 kB
Buffers:           10064 kB
Cached:           594712 kB
SwapCached:         5416 kB
Active:           614516 kB
Inactive:         644164 kB
Active(anon):     311028 kB
Inactive(anon):   345604 kB
Active(file):     303488 kB
Inactive(file):   298560 kB
Unevictable:        2368 kB
Mlocked:               0 kB
HighTotal:       1436668 kB
HighFree:          22648 kB
LowTotal:         426284 kB
LowFree:           96784 kB
SwapTotal:       1048572 kB
SwapFree:         990800 kB
Dirty:                56 kB
Writeback:             0 kB
AnonPages:        652404 kB
Mapped:           440536 kB
Shmem:               364 kB
Slab:              41892 kB
SReclaimable:      13996 kB
SUnreclaim:        27896 kB
KernelStack:       11504 kB
PageTables:        43768 kB
NFS_Unstable:          0 kB
Bounce:                0 kB
WritebackTmp:          0 kB
CommitLimit:     1980048 kB
Committed_AS:   87134912 kB
VmallocTotal:     458752 kB
VmallocUsed:      114672 kB
VmallocChunk:     171012 kB
Time pass: 198 sec

---2015-12-11 14:29:19
MemTotal:        1862952 kB
MemFree:          115420 kB
Buffers:           10072 kB
Cached:           594708 kB
SwapCached:         5424 kB
Active:           617164 kB
Inactive:         644176 kB
Active(anon):     313672 kB
Inactive(anon):   345612 kB
Active(file):     303492 kB
Inactive(file):   298564 kB
Unevictable:        2368 kB
Mlocked:               0 kB
HighTotal:       1436668 kB
HighFree:          19456 kB
LowTotal:         426284 kB
LowFree:           95964 kB
SwapTotal:       1048572 kB
SwapFree:         990804 kB
Dirty:                12 kB
Writeback:             0 kB
AnonPages:        654844 kB
Mapped:           442440 kB
Shmem:               364 kB
Slab:              41840 kB
SReclaimable:      13980 kB
SUnreclaim:        27860 kB
KernelStack:       11568 kB
PageTables:        43768 kB
NFS_Unstable:          0 kB
Bounce:                0 kB
WritebackTmp:          0 kB
CommitLimit:     1980048 kB
Committed_AS:   87135024 kB
VmallocTotal:     458752 kB
VmallocUsed:      114912 kB
VmallocChunk:     171012 kB
Time pass: 202 sec

---2015-12-11 14:29:19
MemTotal:        1862952 kB
MemFree:           88136 kB
Buffers:           10120 kB
Cached:           594868 kB
SwapCached:         5432 kB
Active:           634700 kB
Inactive:         644412 kB
Active(anon):     331196 kB
Inactive(anon):   345808 kB
Active(file):     303504 kB
Inactive(file):   298604 kB
Unevictable:        2368 kB
Mlocked:               0 kB
HighTotal:       1436668 kB
HighFree:           2464 kB
LowTotal:         426284 kB
LowFree:           85672 kB
SwapTotal:       1048572 kB
SwapFree:         990840 kB
Dirty:                64 kB
Writeback:             0 kB
AnonPages:        672692 kB
Mapped:           444152 kB
Shmem:               512 kB
Slab:              42036 kB
SReclaimable:      13980 kB
SUnreclaim:        28056 kB
KernelStack:       11880 kB
PageTables:        43952 kB
NFS_Unstable:          0 kB
Bounce:                0 kB
WritebackTmp:          0 kB
CommitLimit:     1980048 kB
Committed_AS:   87164064 kB
VmallocTotal:     458752 kB
VmallocUsed:      118716 kB
VmallocChunk:     171012 kB
Time pass: 206 sec

---2015-12-11 14:29:19
MemTotal:        1862952 kB
MemFree:           81524 kB
Buffers:           10120 kB
Cached:           594972 kB
SwapCached:         5432 kB
Active:           634596 kB
Inactive:         644524 kB
Active(anon):     331092 kB
Inactive(anon):   345904 kB
Active(file):     303504 kB
Inactive(file):   298620 kB
Unevictable:        2368 kB
Mlocked:               0 kB
HighTotal:       1436668 kB
HighFree:           3336 kB
LowTotal:         426284 kB
LowFree:           78188 kB
SwapTotal:       1048572 kB
SwapFree:         990860 kB
Dirty:                 4 kB
Writeback:             0 kB
AnonPages:        672356 kB
Mapped:           442124 kB
Shmem:               600 kB
Slab:              42052 kB
SReclaimable:      13988 kB
SUnreclaim:        28064 kB
KernelStack:       11816 kB
PageTables:        44012 kB
NFS_Unstable:          0 kB
Bounce:                0 kB
WritebackTmp:          0 kB
CommitLimit:     1980048 kB
Committed_AS:   87164288 kB
VmallocTotal:     458752 kB
VmallocUsed:      119516 kB
VmallocChunk:     171012 kB
Time pass: 209 sec

---2015-12-11 14:29:19
MemTotal:        1862952 kB
MemFree:           81000 kB
Buffers:           10128 kB
Cached:           594976 kB
SwapCached:         5432 kB
Active:           635168 kB
Inactive:         644552 kB
Active(anon):     331660 kB
Inactive(anon):   345924 kB
Active(file):     303508 kB
Inactive(file):   298628 kB
Unevictable:        2368 kB
Mlocked:               0 kB
HighTotal:       1436668 kB
HighFree:           2864 kB
LowTotal:         426284 kB
LowFree:           78136 kB
SwapTotal:       1048572 kB
SwapFree:         990872 kB
Dirty:                48 kB
Writeback:             0 kB
AnonPages:        673080 kB
Mapped:           442380 kB
Shmem:               600 kB
Slab:              42064 kB
SReclaimable:      13988 kB
SUnreclaim:        28076 kB
KernelStack:       11792 kB
PageTables:        44068 kB
NFS_Unstable:          0 kB
Bounce:                0 kB
WritebackTmp:          0 kB
CommitLimit:     1980048 kB
Committed_AS:   87164400 kB
VmallocTotal:     458752 kB
VmallocUsed:      119516 kB
VmallocChunk:     171012 kB
Time pass: 213 sec

---2015-12-11 14:29:19
MemTotal:        1862952 kB
MemFree:           80908 kB
Buffers:           10136 kB
Cached:           594976 kB
SwapCached:         5432 kB
Active:           635636 kB
Inactive:         644572 kB
Active(anon):     332128 kB
Inactive(anon):   345932 kB
Active(file):     303508 kB
Inactive(file):   298640 kB
Unevictable:        2368 kB
Mlocked:               0 kB
HighTotal:       1436668 kB
HighFree:           2512 kB
LowTotal:         426284 kB
LowFree:           78396 kB
SwapTotal:       1048572 kB
SwapFree:         990884 kB
Dirty:                52 kB
Writeback:             0 kB
AnonPages:        673580 kB
Mapped:           442280 kB
Shmem:               600 kB
Slab:              42072 kB
SReclaimable:      13996 kB
SUnreclaim:        28076 kB
KernelStack:       11808 kB
PageTables:        44100 kB
NFS_Unstable:          0 kB
Bounce:                0 kB
WritebackTmp:          0 kB
CommitLimit:     1980048 kB
Committed_AS:   87164608 kB
VmallocTotal:     458752 kB
VmallocUsed:      119436 kB
VmallocChunk:     171012 kB
Time pass: 217 sec

---2015-12-11 14:29:19
MemTotal:        1862952 kB
MemFree:           80724 kB
Buffers:           10136 kB
Cached:           594980 kB
SwapCached:         5432 kB
Active:           635744 kB
Inactive:         644576 kB
Active(anon):     332236 kB
Inactive(anon):   345936 kB
Active(file):     303508 kB
Inactive(file):   298640 kB
Unevictable:        2368 kB
Mlocked:               0 kB
HighTotal:       1436668 kB
HighFree:           2512 kB
LowTotal:         426284 kB
LowFree:           78212 kB
SwapTotal:       1048572 kB
SwapFree:         990892 kB
Dirty:                12 kB
Writeback:             0 kB
AnonPages:        673772 kB
Mapped:           442204 kB
Shmem:               600 kB
Slab:              42064 kB
SReclaimable:      13988 kB
SUnreclaim:        28076 kB
KernelStack:       11792 kB
PageTables:        44068 kB
NFS_Unstable:          0 kB
Bounce:                0 kB
WritebackTmp:          0 kB
CommitLimit:     1980048 kB
Committed_AS:   87164688 kB
VmallocTotal:     458752 kB
VmallocUsed:      119436 kB
VmallocChunk:     171012 kB
Time pass: 220 sec

---2015-12-11 14:29:19
MemTotal:        1862952 kB
MemFree:           79716 kB
Buffers:           10144 kB
Cached:           595236 kB
SwapCached:         5432 kB
Active:           636192 kB
Inactive:         644836 kB
Active(anon):     332676 kB
Inactive(anon):   346196 kB
Active(file):     303516 kB
Inactive(file):   298640 kB
Unevictable:        2368 kB
Mlocked:               0 kB
HighTotal:       1436668 kB
HighFree:           2512 kB
LowTotal:         426284 kB
LowFree:           77204 kB
SwapTotal:       1048572 kB
SwapFree:         990896 kB
Dirty:                20 kB
Writeback:             0 kB
AnonPages:        674176 kB
Mapped:           442584 kB
Shmem:               856 kB
Slab:              42064 kB
SReclaimable:      13988 kB
SUnreclaim:        28076 kB
KernelStack:       11792 kB
PageTables:        44072 kB
NFS_Unstable:          0 kB
Bounce:                0 kB
WritebackTmp:          0 kB
CommitLimit:     1980048 kB
Committed_AS:   87165800 kB
VmallocTotal:     458752 kB
VmallocUsed:      119436 kB
VmallocChunk:     171012 kB
Time pass: 224 sec

---2015-12-11 14:29:19
MemTotal:        1862952 kB
MemFree:           78408 kB
Buffers:           10152 kB
Cached:           595468 kB
SwapCached:         5432 kB
Active:           636904 kB
Inactive:         645068 kB
Active(anon):     333388 kB
Inactive(anon):   346416 kB
Active(file):     303516 kB
Inactive(file):   298652 kB
Unevictable:        2368 kB
Mlocked:               0 kB
HighTotal:       1436668 kB
HighFree:           2512 kB
LowTotal:         426284 kB
LowFree:           75896 kB
SwapTotal:       1048572 kB
SwapFree:         990900 kB
Dirty:                12 kB
Writeback:             0 kB
AnonPages:        674740 kB
Mapped:           442984 kB
Shmem:              1084 kB
Slab:              42064 kB
SReclaimable:      13988 kB
SUnreclaim:        28076 kB
KernelStack:       11840 kB
PageTables:        44072 kB
NFS_Unstable:          0 kB
Bounce:                0 kB
WritebackTmp:          0 kB
CommitLimit:     1980048 kB
Committed_AS:   87166000 kB
VmallocTotal:     458752 kB
VmallocUsed:      119516 kB
VmallocChunk:     171012 kB
Time pass: 227 sec

---2015-12-11 14:29:19
MemTotal:        1862952 kB
MemFree:           79008 kB
Buffers:           10152 kB
Cached:           595504 kB
SwapCached:         5432 kB
Active:           637404 kB
Inactive:         644572 kB
Active(anon):     333888 kB
Inactive(anon):   345920 kB
Active(file):     303516 kB
Inactive(file):   298652 kB
Unevictable:        2368 kB
Mlocked:               0 kB
HighTotal:       1436668 kB
HighFree:           3008 kB
LowTotal:         426284 kB
LowFree:           76000 kB
SwapTotal:       1048572 kB
SwapFree:         990904 kB
Dirty:                12 kB
Writeback:             0 kB
AnonPages:        674748 kB
Mapped:           442844 kB
Shmem:              1120 kB
Slab:              42144 kB
SReclaimable:      14020 kB
SUnreclaim:        28124 kB
KernelStack:       11784 kB
PageTables:        44072 kB
NFS_Unstable:          0 kB
Bounce:                0 kB
WritebackTmp:          0 kB
CommitLimit:     1980048 kB
Committed_AS:   87166104 kB
VmallocTotal:     458752 kB
VmallocUsed:      119516 kB
VmallocChunk:     171012 kB
Time pass: 231 sec

---2015-12-11 14:29:19
MemTotal:        1862952 kB
MemFree:           68108 kB
Buffers:           10208 kB
Cached:           594944 kB
SwapCached:         5448 kB
Active:           648488 kB
Inactive:         643352 kB
Active(anon):     344800 kB
Inactive(anon):   344828 kB
Active(file):     303688 kB
Inactive(file):   298524 kB
Unevictable:        2368 kB
Mlocked:               0 kB
HighTotal:       1436668 kB
HighFree:           2452 kB
LowTotal:         426284 kB
LowFree:           65656 kB
SwapTotal:       1048572 kB
SwapFree:         990964 kB
Dirty:                56 kB
Writeback:             0 kB
AnonPages:        685064 kB
Mapped:           442548 kB
Shmem:               576 kB
Slab:              42280 kB
SReclaimable:      14160 kB
SUnreclaim:        28120 kB
KernelStack:       11864 kB
PageTables:        44112 kB
NFS_Unstable:          0 kB
Bounce:                0 kB
WritebackTmp:          0 kB
CommitLimit:     1980048 kB
Committed_AS:   87190032 kB
VmallocTotal:     458752 kB
VmallocUsed:      119516 kB
VmallocChunk:     128668 kB
Time pass: 235 sec

---2015-12-11 14:29:19
MemTotal:        1862952 kB
MemFree:           67320 kB
Buffers:           10240 kB
Cached:           594976 kB
SwapCached:         5448 kB
Active:           650304 kB
Inactive:         643280 kB
Active(anon):     346612 kB
Inactive(anon):   344712 kB
Active(file):     303692 kB
Inactive(file):   298568 kB
Unevictable:        2368 kB
Mlocked:               0 kB
HighTotal:       1436668 kB
HighFree:           2516 kB
LowTotal:         426284 kB
LowFree:           64804 kB
SwapTotal:       1048572 kB
SwapFree:         990968 kB
Dirty:                48 kB
Writeback:             0 kB
AnonPages:        686816 kB
Mapped:           442612 kB
Shmem:               588 kB
Slab:              42420 kB
SReclaimable:      14136 kB
SUnreclaim:        28284 kB
KernelStack:       11784 kB
PageTables:        44104 kB
NFS_Unstable:          0 kB
Bounce:                0 kB
WritebackTmp:          0 kB
CommitLimit:     1980048 kB
Committed_AS:   87192184 kB
VmallocTotal:     458752 kB
VmallocUsed:      119436 kB
VmallocChunk:     128668 kB
Time pass: 238 sec

---2015-12-11 14:29:19
MemTotal:        1862952 kB
MemFree:           75052 kB
Buffers:           10256 kB
Cached:           594988 kB
SwapCached:         5444 kB
Active:           650424 kB
Inactive:         643320 kB
Active(anon):     346732 kB
Inactive(anon):   344736 kB
Active(file):     303692 kB
Inactive(file):   298584 kB
Unevictable:        2368 kB
Mlocked:               0 kB
HighTotal:       1436668 kB
HighFree:          10944 kB
LowTotal:         426284 kB
LowFree:           64108 kB
SwapTotal:       1048572 kB
SwapFree:         990976 kB
Dirty:                 0 kB
Writeback:             0 kB
AnonPages:        687084 kB
Mapped:           441784 kB
Shmem:               600 kB
Slab:              42412 kB
SReclaimable:      14136 kB
SUnreclaim:        28276 kB
KernelStack:       11816 kB
PageTables:        44096 kB
NFS_Unstable:          0 kB
Bounce:                0 kB
WritebackTmp:          0 kB
CommitLimit:     1980048 kB
Committed_AS:   87195496 kB
VmallocTotal:     458752 kB
VmallocUsed:      119516 kB
VmallocChunk:     128668 kB
Time pass: 242 sec

---2015-12-11 14:29:19
MemTotal:        1862952 kB
MemFree:           73800 kB
Buffers:           10256 kB
Cached:           595000 kB
SwapCached:         5444 kB
Active:           652488 kB
Inactive:         643332 kB
Active(anon):     348796 kB
Inactive(anon):   344744 kB
Active(file):     303692 kB
Inactive(file):   298588 kB
Unevictable:        2368 kB
Mlocked:               0 kB
HighTotal:       1436668 kB
HighFree:           9484 kB
LowTotal:         426284 kB
LowFree:           64316 kB
SwapTotal:       1048572 kB
SwapFree:         990976 kB
Dirty:                 8 kB
Writeback:             0 kB
AnonPages:        689140 kB
Mapped:           441916 kB
Shmem:               608 kB
Slab:              42384 kB
SReclaimable:      14128 kB
SUnreclaim:        28256 kB
KernelStack:       11792 kB
PageTables:        44100 kB
NFS_Unstable:          0 kB
Bounce:                0 kB
WritebackTmp:          0 kB
CommitLimit:     1980048 kB
Committed_AS:   87197752 kB
VmallocTotal:     458752 kB
VmallocUsed:      119436 kB
VmallocChunk:     128668 kB
Time pass: 245 sec

---2015-12-11 14:29:19
MemTotal:        1862952 kB
MemFree:           72248 kB
Buffers:           10280 kB
Cached:           595004 kB
SwapCached:         5440 kB
Active:           654008 kB
Inactive:         643356 kB
Active(anon):     350312 kB
Inactive(anon):   344740 kB
Active(file):     303696 kB
Inactive(file):   298616 kB
Unevictable:        2368 kB
Mlocked:               0 kB
HighTotal:       1436668 kB
HighFree:           7752 kB
LowTotal:         426284 kB
LowFree:           64496 kB
SwapTotal:       1048572 kB
SwapFree:         990980 kB
Dirty:                44 kB
Writeback:             0 kB
AnonPages:        690572 kB
Mapped:           441796 kB
Shmem:               612 kB
Slab:              42396 kB
SReclaimable:      14144 kB
SUnreclaim:        28252 kB
KernelStack:       11856 kB
PageTables:        44104 kB
NFS_Unstable:          0 kB
Bounce:                0 kB
WritebackTmp:          0 kB
CommitLimit:     1980048 kB
Committed_AS:   87199880 kB
VmallocTotal:     458752 kB
VmallocUsed:      119436 kB
VmallocChunk:     128668 kB
Time pass: 249 sec

---2015-12-11 14:29:19
MemTotal:        1862952 kB
MemFree:           71156 kB
Buffers:           10280 kB
Cached:           595036 kB
SwapCached:         5440 kB
Active:           655028 kB
Inactive:         643380 kB
Active(anon):     351332 kB
Inactive(anon):   344772 kB
Active(file):     303696 kB
Inactive(file):   298608 kB
Unevictable:        2368 kB
Mlocked:               0 kB
HighTotal:       1436668 kB
HighFree:           6052 kB
LowTotal:         426284 kB
LowFree:           65104 kB
SwapTotal:       1048572 kB
SwapFree:         990980 kB
Dirty:                 4 kB
Writeback:             0 kB
AnonPages:        691616 kB
Mapped:           441960 kB
Shmem:               644 kB
Slab:              42460 kB
SReclaimable:      14136 kB
SUnreclaim:        28324 kB
KernelStack:       11800 kB
PageTables:        44096 kB
NFS_Unstable:          0 kB
Bounce:                0 kB
WritebackTmp:          0 kB
CommitLimit:     1980048 kB
Committed_AS:   87203032 kB
VmallocTotal:     458752 kB
VmallocUsed:      119516 kB
VmallocChunk:     128668 kB
Time pass: 253 sec

---2015-12-11 14:29:19
MemTotal:        1862952 kB
MemFree:           70432 kB
Buffers:           10304 kB
Cached:           595020 kB
SwapCached:         5440 kB
Active:           655024 kB
Inactive:         643388 kB
Active(anon):     351328 kB
Inactive(anon):   344772 kB
Active(file):     303696 kB
Inactive(file):   298616 kB
Unevictable:        2368 kB
Mlocked:               0 kB
HighTotal:       1436668 kB
HighFree:           5240 kB
LowTotal:         426284 kB
LowFree:           65192 kB
SwapTotal:       1048572 kB
SwapFree:         990984 kB
Dirty:                36 kB
Writeback:             0 kB
AnonPages:        691608 kB
Mapped:           442012 kB
Shmem:               644 kB
Slab:              42640 kB
SReclaimable:      14136 kB
SUnreclaim:        28504 kB
KernelStack:       11784 kB
PageTables:        44224 kB
NFS_Unstable:          0 kB
Bounce:                0 kB
WritebackTmp:          0 kB
CommitLimit:     1980048 kB
Committed_AS:   87203240 kB
VmallocTotal:     458752 kB
VmallocUsed:      119516 kB
VmallocChunk:     128668 kB
Time pass: 256 sec

---2015-12-11 14:29:19
MemTotal:        1862952 kB
MemFree:           70264 kB
Buffers:           10304 kB
Cached:           595036 kB
SwapCached:         5440 kB
Active:           655952 kB
Inactive:         643392 kB
Active(anon):     352256 kB
Inactive(anon):   344760 kB
Active(file):     303696 kB
Inactive(file):   298632 kB
Unevictable:        2368 kB
Mlocked:               0 kB
HighTotal:       1436668 kB
HighFree:           4684 kB
LowTotal:         426284 kB
LowFree:           65580 kB
SwapTotal:       1048572 kB
SwapFree:         990984 kB
Dirty:                 0 kB
Writeback:             0 kB
AnonPages:        692500 kB
Mapped:           442012 kB
Shmem:               644 kB
Slab:              42524 kB
SReclaimable:      14140 kB
SUnreclaim:        28384 kB
KernelStack:       11736 kB
PageTables:        44112 kB
NFS_Unstable:          0 kB
Bounce:                0 kB
WritebackTmp:          0 kB
CommitLimit:     1980048 kB
Committed_AS:   87203328 kB
VmallocTotal:     458752 kB
VmallocUsed:      119516 kB
VmallocChunk:     128668 kB
Time pass: 260 sec

---2015-12-11 14:29:19
MemTotal:        1862952 kB
MemFree:           70860 kB
Buffers:           10312 kB
Cached:           595036 kB
SwapCached:         5440 kB
Active:           655600 kB
Inactive:         643380 kB
Active(anon):     351904 kB
Inactive(anon):   344740 kB
Active(file):     303696 kB
Inactive(file):   298640 kB
Unevictable:        2368 kB
Mlocked:               0 kB
HighTotal:       1436668 kB
HighFree:           3904 kB
LowTotal:         426284 kB
LowFree:           66956 kB
SwapTotal:       1048572 kB
SwapFree:         990984 kB
Dirty:                32 kB
Writeback:             0 kB
AnonPages:        692120 kB
Mapped:           441964 kB
Shmem:               644 kB
Slab:              42228 kB
SReclaimable:      14036 kB
SUnreclaim:        28192 kB
KernelStack:       11784 kB
PageTables:        44112 kB
NFS_Unstable:          0 kB
Bounce:                0 kB
WritebackTmp:          0 kB
CommitLimit:     1980048 kB
Committed_AS:   87203512 kB
VmallocTotal:     458752 kB
VmallocUsed:      119436 kB
VmallocChunk:     128668 kB
Time pass: 264 sec

---2015-12-11 14:29:19
MemTotal:        1862952 kB
MemFree:           69440 kB
Buffers:           10328 kB
Cached:           595040 kB
SwapCached:         5440 kB
Active:           656768 kB
Inactive:         643396 kB
Active(anon):     353072 kB
Inactive(anon):   344740 kB
Active(file):     303696 kB
Inactive(file):   298656 kB
Unevictable:        2368 kB
Mlocked:               0 kB
HighTotal:       1436668 kB
HighFree:           3008 kB
LowTotal:         426284 kB
LowFree:           66432 kB
SwapTotal:       1048572 kB
SwapFree:         990984 kB
Dirty:                 8 kB
Writeback:             0 kB
AnonPages:        693220 kB
Mapped:           441840 kB
Shmem:               644 kB
Slab:              42260 kB
SReclaimable:      14036 kB
SUnreclaim:        28224 kB
KernelStack:       11832 kB
PageTables:        44112 kB
NFS_Unstable:          0 kB
Bounce:                0 kB
WritebackTmp:          0 kB
CommitLimit:     1980048 kB
Committed_AS:   87203528 kB
VmallocTotal:     458752 kB
VmallocUsed:      119436 kB
VmallocChunk:     128668 kB
Time pass: 267 sec

---2015-12-11 14:29:19
MemTotal:        1862952 kB
MemFree:           69688 kB
Buffers:           10336 kB
Cached:           595040 kB
SwapCached:         5436 kB
Active:           656276 kB
Inactive:         643372 kB
Active(anon):     352580 kB
Inactive(anon):   344704 kB
Active(file):     303696 kB
Inactive(file):   298668 kB
Unevictable:        2368 kB
Mlocked:               0 kB
HighTotal:       1436668 kB
HighFree:           2512 kB
LowTotal:         426284 kB
LowFree:           67176 kB
SwapTotal:       1048572 kB
SwapFree:         990996 kB
Dirty:                36 kB
Writeback:             0 kB
AnonPages:        692704 kB
Mapped:           441840 kB
Shmem:               644 kB
Slab:              42260 kB
SReclaimable:      14036 kB
SUnreclaim:        28224 kB
KernelStack:       11784 kB
PageTables:        44112 kB
NFS_Unstable:          0 kB
Bounce:                0 kB
WritebackTmp:          0 kB
CommitLimit:     1980048 kB
Committed_AS:   87203664 kB
VmallocTotal:     458752 kB
VmallocUsed:      119436 kB
VmallocChunk:     128668 kB
Time pass: 271 sec

---2015-12-11 14:29:19
MemTotal:        1862952 kB
MemFree:           69212 kB
Buffers:           10352 kB
Cached:           595040 kB
SwapCached:         5476 kB
Active:           657160 kB
Inactive:         643416 kB
Active(anon):     353460 kB
Inactive(anon):   344736 kB
Active(file):     303700 kB
Inactive(file):   298680 kB
Unevictable:        2368 kB
Mlocked:               0 kB
HighTotal:       1436668 kB
HighFree:           3328 kB
LowTotal:         426284 kB
LowFree:           65884 kB
SwapTotal:       1048572 kB
SwapFree:         991064 kB
Dirty:                40 kB
Writeback:             0 kB
AnonPages:        693788 kB
Mapped:           442024 kB
Shmem:               644 kB
Slab:              42228 kB
SReclaimable:      14036 kB
SUnreclaim:        28192 kB
KernelStack:       11736 kB
PageTables:        44116 kB
NFS_Unstable:          0 kB
Bounce:                0 kB
WritebackTmp:          0 kB
CommitLimit:     1980048 kB
Committed_AS:   87203824 kB
VmallocTotal:     458752 kB
VmallocUsed:      119516 kB
VmallocChunk:     128668 kB
Time pass: 274 sec

---2015-12-11 14:29:19
MemTotal:        1862952 kB
MemFree:           69088 kB
Buffers:           10360 kB
Cached:           595040 kB
SwapCached:         5476 kB
Active:           657676 kB
Inactive:         643424 kB
Active(anon):     353976 kB
Inactive(anon):   344744 kB
Active(file):     303700 kB
Inactive(file):   298680 kB
Unevictable:        2368 kB
Mlocked:               0 kB
HighTotal:       1436668 kB
HighFree:           3260 kB
LowTotal:         426284 kB
LowFree:           65828 kB
SwapTotal:       1048572 kB
SwapFree:         991064 kB
Dirty:                 4 kB
Writeback:             0 kB
AnonPages:        694240 kB
Mapped:           441848 kB
Shmem:               652 kB
Slab:              42200 kB
SReclaimable:      14036 kB
SUnreclaim:        28164 kB
KernelStack:       11784 kB
PageTables:        44116 kB
NFS_Unstable:          0 kB
Bounce:                0 kB
WritebackTmp:          0 kB
CommitLimit:     1980048 kB
Committed_AS:   87203944 kB
VmallocTotal:     458752 kB
VmallocUsed:      119436 kB
VmallocChunk:     128668 kB
Time pass: 278 sec

---2015-12-11 14:29:19
MemTotal:        1862952 kB
MemFree:           68672 kB
Buffers:           10376 kB
Cached:           595048 kB
SwapCached:         5476 kB
Active:           658016 kB
Inactive:         643456 kB
Active(anon):     354316 kB
Inactive(anon):   344752 kB
Active(file):     303700 kB
Inactive(file):   298704 kB
Unevictable:        2368 kB
Mlocked:               0 kB
HighTotal:       1436668 kB
HighFree:           3060 kB
LowTotal:         426284 kB
LowFree:           65612 kB
SwapTotal:       1048572 kB
SwapFree:         991072 kB
Dirty:                 0 kB
Writeback:             0 kB
AnonPages:        694480 kB
Mapped:           441976 kB
Shmem:               652 kB
Slab:              42192 kB
SReclaimable:      14028 kB
SUnreclaim:        28164 kB
KernelStack:       11776 kB
PageTables:        44116 kB
NFS_Unstable:          0 kB
Bounce:                0 kB
WritebackTmp:          0 kB
CommitLimit:     1980048 kB
Committed_AS:   87204032 kB
VmallocTotal:     458752 kB
VmallocUsed:      119436 kB
VmallocChunk:     128668 kB
Time pass: 282 sec

---2015-12-11 14:29:19
MemTotal:        1862952 kB
MemFree:           68416 kB
Buffers:           10376 kB
Cached:           595048 kB
SwapCached:         5476 kB
Active:           657868 kB
Inactive:         643460 kB
Active(anon):     354168 kB
Inactive(anon):   344756 kB
Active(file):     303700 kB
Inactive(file):   298704 kB
Unevictable:        2368 kB
Mlocked:               0 kB
HighTotal:       1436668 kB
HighFree:           3044 kB
LowTotal:         426284 kB
LowFree:           65372 kB
SwapTotal:       1048572 kB
SwapFree:         991080 kB
Dirty:                 0 kB
Writeback:             0 kB
AnonPages:        694448 kB
Mapped:           441976 kB
Shmem:               652 kB
Slab:              42196 kB
SReclaimable:      14028 kB
SUnreclaim:        28168 kB
KernelStack:       11808 kB
PageTables:        44116 kB
NFS_Unstable:          0 kB
Bounce:                0 kB
WritebackTmp:          0 kB
CommitLimit:     1980048 kB
Committed_AS:   87204200 kB
VmallocTotal:     458752 kB
VmallocUsed:      119436 kB
VmallocChunk:     128668 kB
Time pass: 285 sec

---2015-12-11 14:29:19
MemTotal:        1862952 kB
MemFree:           68048 kB
Buffers:           10408 kB
Cached:           595052 kB
SwapCached:         5476 kB
Active:           658980 kB
Inactive:         643508 kB
Active(anon):     355284 kB
Inactive(anon):   344772 kB
Active(file):     303696 kB
Inactive(file):   298736 kB
Unevictable:        2368 kB
Mlocked:               0 kB
HighTotal:       1436668 kB
HighFree:           3396 kB
LowTotal:         426284 kB
LowFree:           64652 kB
SwapTotal:       1048572 kB
SwapFree:         991088 kB
Dirty:                44 kB
Writeback:             0 kB
AnonPages:        695484 kB
Mapped:           441988 kB
Shmem:               660 kB
Slab:              42196 kB
SReclaimable:      14032 kB
SUnreclaim:        28164 kB
KernelStack:       11784 kB
PageTables:        44120 kB
NFS_Unstable:          0 kB
Bounce:                0 kB
WritebackTmp:          0 kB
CommitLimit:     1980048 kB
Committed_AS:   87206400 kB
VmallocTotal:     458752 kB
VmallocUsed:      119436 kB
VmallocChunk:     128668 kB
Time pass: 289 sec

---2015-12-11 14:29:19
MemTotal:        1862952 kB
MemFree:           65512 kB
Buffers:           10408 kB
Cached:           595460 kB
SwapCached:         5476 kB
Active:           660372 kB
Inactive:         632100 kB
Active(anon):     356836 kB
Inactive(anon):   336856 kB
Active(file):     303536 kB
Inactive(file):   295244 kB
Unevictable:       14400 kB
Mlocked:           12156 kB
HighTotal:       1436668 kB
HighFree:           3148 kB
LowTotal:         426284 kB
LowFree:           62364 kB
SwapTotal:       1048572 kB
SwapFree:         991092 kB
Dirty:                32 kB
Writeback:             0 kB
AnonPages:        696772 kB
Mapped:           442228 kB
Shmem:              1020 kB
Slab:              42196 kB
SReclaimable:      14032 kB
SUnreclaim:        28164 kB
KernelStack:       11832 kB
PageTables:        44120 kB
NFS_Unstable:          0 kB
Bounce:                0 kB
WritebackTmp:          0 kB
CommitLimit:     1980048 kB
Committed_AS:   87207240 kB
VmallocTotal:     458752 kB
VmallocUsed:      119516 kB
VmallocChunk:     128668 kB
Time pass: 292 sec

---2015-12-11 14:29:19
MemTotal:        1862952 kB
MemFree:           66076 kB
Buffers:           10440 kB
Cached:           595088 kB
SwapCached:         5476 kB
Active:           659292 kB
Inactive:         643612 kB
Active(anon):     355756 kB
Inactive(anon):   344672 kB
Active(file):     303536 kB
Inactive(file):   298940 kB
Unevictable:        2368 kB
Mlocked:               0 kB
HighTotal:       1436668 kB
HighFree:           2508 kB
LowTotal:         426284 kB
LowFree:           63568 kB
SwapTotal:       1048572 kB
SwapFree:         991100 kB
Dirty:                92 kB
Writeback:             0 kB
AnonPages:        695792 kB
Mapped:           442076 kB
Shmem:               684 kB
Slab:              42196 kB
SReclaimable:      14032 kB
SUnreclaim:        28164 kB
KernelStack:       11808 kB
PageTables:        44120 kB
NFS_Unstable:          0 kB
Bounce:                0 kB
WritebackTmp:          0 kB
CommitLimit:     1980048 kB
Committed_AS:   87208844 kB
VmallocTotal:     458752 kB
VmallocUsed:      119516 kB
VmallocChunk:     128668 kB
Time pass: 296 sec

---2015-12-11 14:29:19
MemTotal:        1862952 kB
MemFree:           68368 kB
Buffers:           10440 kB
Cached:           595104 kB
SwapCached:         5476 kB
Active:           657960 kB
Inactive:         643412 kB
Active(anon):     354280 kB
Inactive(anon):   344600 kB
Active(file):     303680 kB
Inactive(file):   298812 kB
Unevictable:        2368 kB
Mlocked:               0 kB
HighTotal:       1436668 kB
HighFree:           4264 kB
LowTotal:         426284 kB
LowFree:           64104 kB
SwapTotal:       1048572 kB
SwapFree:         991100 kB
Dirty:                 0 kB
Writeback:             0 kB
AnonPages:        694384 kB
Mapped:           442080 kB
Shmem:               684 kB
Slab:              42232 kB
SReclaimable:      14036 kB
SUnreclaim:        28196 kB
KernelStack:       11784 kB
PageTables:        44120 kB
NFS_Unstable:          0 kB
Bounce:                0 kB
WritebackTmp:          0 kB
CommitLimit:     1980048 kB
Committed_AS:   87207224 kB
VmallocTotal:     458752 kB
VmallocUsed:      119516 kB
VmallocChunk:     128668 kB
Time pass: 300 sec

---2015-12-11 14:29:19
MemTotal:        1862952 kB
MemFree:           67244 kB
Buffers:           10448 kB
Cached:           595252 kB
SwapCached:         5476 kB
Active:           658860 kB
Inactive:         643568 kB
Active(anon):     355180 kB
Inactive(anon):   344628 kB
Active(file):     303680 kB
Inactive(file):   298940 kB
Unevictable:        2368 kB
Mlocked:               0 kB
HighTotal:       1436668 kB
HighFree:           3000 kB
LowTotal:         426284 kB
LowFree:           64244 kB
SwapTotal:       1048572 kB
SwapFree:         991100 kB
Dirty:                48 kB
Writeback:             0 kB
AnonPages:        695324 kB
Mapped:           442116 kB
Shmem:               712 kB
Slab:              42236 kB
SReclaimable:      14036 kB
SUnreclaim:        28200 kB
KernelStack:       11792 kB
PageTables:        44120 kB
NFS_Unstable:          0 kB
Bounce:                0 kB
WritebackTmp:          0 kB
CommitLimit:     1980048 kB
Committed_AS:   87207416 kB
VmallocTotal:     458752 kB
VmallocUsed:      119516 kB
VmallocChunk:     128668 kB
Time pass: 304 sec

---2015-12-11 14:29:19
MemTotal:        1862952 kB
MemFree:           67528 kB
Buffers:           10464 kB
Cached:           595272 kB
SwapCached:         5476 kB
Active:           658092 kB
Inactive:         643604 kB
Active(anon):     354412 kB
Inactive(anon):   344648 kB
Active(file):     303680 kB
Inactive(file):   298956 kB
Unevictable:        2368 kB
Mlocked:               0 kB
HighTotal:       1436668 kB
HighFree:           2672 kB
LowTotal:         426284 kB
LowFree:           64856 kB
SwapTotal:       1048572 kB
SwapFree:         991100 kB
Dirty:                 4 kB
Writeback:             0 kB
AnonPages:        694460 kB
Mapped:           442136 kB
Shmem:               732 kB
Slab:              42264 kB
SReclaimable:      14036 kB
SUnreclaim:        28228 kB
KernelStack:       11792 kB
PageTables:        44120 kB
NFS_Unstable:          0 kB
Bounce:                0 kB
WritebackTmp:          0 kB
CommitLimit:     1980048 kB
Committed_AS:   87207488 kB
VmallocTotal:     458752 kB
VmallocUsed:      119516 kB
VmallocChunk:     128668 kB
Time pass: 307 sec

---2015-12-11 14:29:19
MemTotal:        1862952 kB
MemFree:           66360 kB
Buffers:           10480 kB
Cached:           595300 kB
SwapCached:         5476 kB
Active:           659776 kB
Inactive:         643624 kB
Active(anon):     356096 kB
Inactive(anon):   344652 kB
Active(file):     303680 kB
Inactive(file):   298972 kB
Unevictable:        2368 kB
Mlocked:               0 kB
HighTotal:       1436668 kB
HighFree:           3500 kB
LowTotal:         426284 kB
LowFree:           62860 kB
SwapTotal:       1048572 kB
SwapFree:         991104 kB
Dirty:                44 kB
Writeback:             0 kB
AnonPages:        696240 kB
Mapped:           442104 kB
Shmem:               760 kB
Slab:              42272 kB
SReclaimable:      14036 kB
SUnreclaim:        28236 kB
KernelStack:       11792 kB
PageTables:        44124 kB
NFS_Unstable:          0 kB
Bounce:                0 kB
WritebackTmp:          0 kB
CommitLimit:     1980048 kB
Committed_AS:   87207560 kB
VmallocTotal:     458752 kB
VmallocUsed:      119436 kB
VmallocChunk:     128668 kB
Time pass: 311 sec

---2015-12-11 14:29:19
MemTotal:        1862952 kB
MemFree:           65320 kB
Buffers:           10488 kB
Cached:           595296 kB
SwapCached:         5476 kB
Active:           661096 kB
Inactive:         643656 kB
Active(anon):     357416 kB
Inactive(anon):   344680 kB
Active(file):     303680 kB
Inactive(file):   298976 kB
Unevictable:        2368 kB
Mlocked:               0 kB
HighTotal:       1436668 kB
HighFree:           3648 kB
LowTotal:         426284 kB
LowFree:           61672 kB
SwapTotal:       1048572 kB
SwapFree:         991104 kB
Dirty:                12 kB
Writeback:             0 kB
AnonPages:        697652 kB
Mapped:           441980 kB
Shmem:               760 kB
Slab:              42280 kB
SReclaimable:      14044 kB
SUnreclaim:        28236 kB
KernelStack:       11784 kB
PageTables:        44128 kB
NFS_Unstable:          0 kB
Bounce:                0 kB
WritebackTmp:          0 kB
CommitLimit:     1980048 kB
Committed_AS:   87209808 kB
VmallocTotal:     458752 kB
VmallocUsed:      119516 kB
VmallocChunk:     128668 kB
Time pass: 315 sec

---2015-12-11 14:29:19
MemTotal:        1862952 kB
MemFree:           63148 kB
Buffers:           10504 kB
Cached:           595304 kB
SwapCached:         5476 kB
Active:           662856 kB
Inactive:         643676 kB
Active(anon):     359172 kB
Inactive(anon):   344680 kB
Active(file):     303684 kB
Inactive(file):   298996 kB
Unevictable:        2368 kB
Mlocked:               0 kB
HighTotal:       1436668 kB
HighFree:           2572 kB
LowTotal:         426284 kB
LowFree:           60576 kB
SwapTotal:       1048572 kB
SwapFree:         991104 kB
Dirty:                 4 kB
Writeback:             0 kB
AnonPages:        699152 kB
Mapped:           442164 kB
Shmem:               760 kB
Slab:              42236 kB
SReclaimable:      14036 kB
SUnreclaim:        28200 kB
KernelStack:       11792 kB
PageTables:        44128 kB
NFS_Unstable:          0 kB
Bounce:                0 kB
WritebackTmp:          0 kB
CommitLimit:     1980048 kB
Committed_AS:   87209896 kB
VmallocTotal:     458752 kB
VmallocUsed:      119516 kB
VmallocChunk:     128668 kB
Time pass: 319 sec

---2015-12-11 14:29:19
MemTotal:        1862952 kB
MemFree:           62264 kB
Buffers:           10512 kB
Cached:           595304 kB
SwapCached:         5476 kB
Active:           663304 kB
Inactive:         643684 kB
Active(anon):     359620 kB
Inactive(anon):   344680 kB
Active(file):     303684 kB
Inactive(file):   299004 kB
Unevictable:        2368 kB
Mlocked:               0 kB
HighTotal:       1436668 kB
HighFree:           2452 kB
LowTotal:         426284 kB
LowFree:           59812 kB
SwapTotal:       1048572 kB
SwapFree:         991104 kB
Dirty:                36 kB
Writeback:             0 kB
AnonPages:        699636 kB
Mapped:           442104 kB
Shmem:               760 kB
Slab:              42300 kB
SReclaimable:      14036 kB
SUnreclaim:        28264 kB
KernelStack:       11792 kB
PageTables:        44128 kB
NFS_Unstable:          0 kB
Bounce:                0 kB
WritebackTmp:          0 kB
CommitLimit:     1980048 kB
Committed_AS:   87209976 kB
VmallocTotal:     458752 kB
VmallocUsed:      119436 kB
VmallocChunk:     128668 kB
Time pass: 322 sec

---2015-12-11 14:29:19
MemTotal:        1862952 kB
MemFree:           62316 kB
Buffers:           10528 kB
Cached:           595304 kB
SwapCached:         5476 kB
Active:           664012 kB
Inactive:         643700 kB
Active(anon):     360328 kB
Inactive(anon):   344680 kB
Active(file):     303684 kB
Inactive(file):   299020 kB
Unevictable:        2368 kB
Mlocked:               0 kB
HighTotal:       1436668 kB
HighFree:           2556 kB
LowTotal:         426284 kB
LowFree:           59760 kB
SwapTotal:       1048572 kB
SwapFree:         991104 kB
Dirty:                36 kB
Writeback:             0 kB
AnonPages:        700360 kB
Mapped:           441980 kB
Shmem:               760 kB
Slab:              42300 kB
SReclaimable:      14036 kB
SUnreclaim:        28264 kB
KernelStack:       11792 kB
PageTables:        44128 kB
NFS_Unstable:          0 kB
Bounce:                0 kB
WritebackTmp:          0 kB
CommitLimit:     1980048 kB
Committed_AS:   87210176 kB
VmallocTotal:     458752 kB
VmallocUsed:      119436 kB
VmallocChunk:     128668 kB
Time pass: 326 sec

---2015-12-11 14:29:19
MemTotal:        1862952 kB
MemFree:           61868 kB
Buffers:           10528 kB
Cached:           595304 kB
SwapCached:         5476 kB
Active:           663776 kB
Inactive:         643700 kB
Active(anon):     360092 kB
Inactive(anon):   344680 kB
Active(file):     303684 kB
Inactive(file):   299020 kB
Unevictable:        2368 kB
Mlocked:               0 kB
HighTotal:       1436668 kB
HighFree:           3300 kB
LowTotal:         426284 kB
LowFree:           58568 kB
SwapTotal:       1048572 kB
SwapFree:         991108 kB
Dirty:                 4 kB
Writeback:             0 kB
AnonPages:        700000 kB
Mapped:           442164 kB
