---2015-11-24 16:21:55
MemTotal:        1959952 kB
MemFree:          222880 kB
Buffers:            2840 kB
Cached:          1031912 kB
SwapCached:          824 kB
Active:           743108 kB
Inactive:         682036 kB
Active(anon):     220968 kB
Inactive(anon):   171164 kB
Active(file):     522140 kB
Inactive(file):   510872 kB
Unevictable:        1580 kB
Mlocked:               0 kB
HighTotal:       1372556 kB
HighFree:         133740 kB
LowTotal:         587396 kB
LowFree:           89140 kB
SwapTotal:        262140 kB
SwapFree:         229236 kB
Dirty:                96 kB
Writeback:             0 kB
AnonPages:        391968 kB
Mapped:           253348 kB
Shmem:               120 kB
Slab:              55584 kB
SReclaimable:      17024 kB
SUnreclaim:        38560 kB
KernelStack:       15208 kB
PageTables:        26096 kB
NFS_Unstable:          0 kB
Bounce:                0 kB
WritebackTmp:          0 kB
CommitLimit:     1242116 kB
Committed_AS:   54822996 kB
VmallocTotal:     409600 kB
VmallocUsed:       26720 kB
VmallocChunk:     108572 kB
Time pass: 3 sec

---2015-11-24 16:21:55
MemTotal:        1959952 kB
MemFree:          221704 kB
Buffers:            2840 kB
Cached:          1031912 kB
SwapCached:          824 kB
Active:           743604 kB
Inactive:         682028 kB
Active(anon):     221460 kB
Inactive(anon):   171160 kB
Active(file):     522144 kB
Inactive(file):   510868 kB
Unevictable:        1580 kB
Mlocked:               0 kB
HighTotal:       1372556 kB
HighFree:         133232 kB
LowTotal:         587396 kB
LowFree:           88472 kB
SwapTotal:        262140 kB
SwapFree:         229236 kB
Dirty:                96 kB
Writeback:             0 kB
AnonPages:        392420 kB
Mapped:           253312 kB
Shmem:               120 kB
Slab:              56216 kB
SReclaimable:      17032 kB
SUnreclaim:        39184 kB
KernelStack:       15216 kB
PageTables:        26112 kB
NFS_Unstable:          0 kB
Bounce:                0 kB
WritebackTmp:          0 kB
CommitLimit:     1242116 kB
Committed_AS:   54823360 kB
VmallocTotal:     409600 kB
VmallocUsed:       26720 kB
VmallocChunk:     108572 kB
Time pass: 6 sec

---2015-11-24 16:21:55
MemTotal:        1959952 kB
MemFree:          221760 kB
Buffers:            2840 kB
Cached:          1031912 kB
SwapCached:          824 kB
Active:           743636 kB
Inactive:         682028 kB
Active(anon):     221492 kB
Inactive(anon):   171160 kB
Active(file):     522144 kB
Inactive(file):   510868 kB
Unevictable:        1580 kB
Mlocked:               0 kB
HighTotal:       1372556 kB
HighFree:         133076 kB
LowTotal:         587396 kB
LowFree:           88684 kB
SwapTotal:        262140 kB
SwapFree:         229236 kB
Dirty:                96 kB
Writeback:             0 kB
AnonPages:        392564 kB
Mapped:           253384 kB
Shmem:               120 kB
Slab:              56104 kB
SReclaimable:      17032 kB
SUnreclaim:        39072 kB
KernelStack:       15192 kB
PageTables:        26072 kB
NFS_Unstable:          0 kB
Bounce:                0 kB
WritebackTmp:          0 kB
CommitLimit:     1242116 kB
Committed_AS:   54823436 kB
VmallocTotal:     409600 kB
VmallocUsed:       26720 kB
VmallocChunk:     108572 kB
Time pass: 10 sec

---2015-11-24 16:21:55
MemTotal:        1959952 kB
MemFree:          181960 kB
Buffers:            2840 kB
Cached:          1036276 kB
SwapCached:          884 kB
Active:           777596 kB
Inactive:         667796 kB
Active(anon):     254056 kB
Inactive(anon):   153924 kB
Active(file):     523540 kB
Inactive(file):   513872 kB
Unevictable:        1580 kB
Mlocked:               0 kB
HighTotal:       1372556 kB
HighFree:          78240 kB
LowTotal:         587396 kB
LowFree:          103720 kB
SwapTotal:        262140 kB
SwapFree:         229256 kB
Dirty:               828 kB
Writeback:             0 kB
AnonPages:        408184 kB
Mapped:           278264 kB
Shmem:               124 kB
Slab:              56368 kB
SReclaimable:      16968 kB
SUnreclaim:        39400 kB
KernelStack:       15664 kB
PageTables:        26928 kB
NFS_Unstable:          0 kB
Bounce:                0 kB
WritebackTmp:          0 kB
CommitLimit:     1242116 kB
Committed_AS:   55823808 kB
VmallocTotal:     409600 kB
VmallocUsed:       26872 kB
VmallocChunk:     108572 kB
Time pass: 13 sec

---2015-11-24 16:21:55
MemTotal:        1959952 kB
MemFree:          114008 kB
Buffers:            2840 kB
Cached:          1037252 kB
SwapCached:          884 kB
Active:           788128 kB
Inactive:         666180 kB
Active(anon):     263792 kB
Inactive(anon):   152260 kB
Active(file):     524336 kB
Inactive(file):   513920 kB
Unevictable:        1580 kB
Mlocked:               0 kB
HighTotal:       1372556 kB
HighFree:          33936 kB
LowTotal:         587396 kB
LowFree:           80072 kB
SwapTotal:        262140 kB
SwapFree:         229260 kB
Dirty:              1104 kB
Writeback:             0 kB
AnonPages:        415836 kB
Mapped:           318368 kB
Shmem:               252 kB
Slab:              56172 kB
SReclaimable:      16968 kB
SUnreclaim:        39204 kB
KernelStack:       15888 kB
PageTables:        27112 kB
NFS_Unstable:          0 kB
Bounce:                0 kB
WritebackTmp:          0 kB
CommitLimit:     1242116 kB
Committed_AS:   55831716 kB
VmallocTotal:     409600 kB
VmallocUsed:       27152 kB
VmallocChunk:     108572 kB
Time pass: 19 sec

---2015-11-24 16:21:55
MemTotal:        1959952 kB
MemFree:           90252 kB
Buffers:            2840 kB
Cached:          1037264 kB
SwapCached:          884 kB
Active:           780644 kB
Inactive:         666148 kB
Active(anon):     256260 kB
Inactive(anon):   152260 kB
Active(file):     524384 kB
Inactive(file):   513888 kB
Unevictable:        1580 kB
Mlocked:               0 kB
HighTotal:       1372556 kB
HighFree:          20164 kB
LowTotal:         587396 kB
LowFree:           70088 kB
SwapTotal:        262140 kB
SwapFree:         229260 kB
Dirty:               292 kB
Writeback:             0 kB
AnonPages:        408252 kB
Mapped:           339856 kB
Shmem:               252 kB
Slab:              56072 kB
SReclaimable:      16968 kB
SUnreclaim:        39104 kB
KernelStack:       15888 kB
PageTables:        27148 kB
NFS_Unstable:          0 kB
Bounce:                0 kB
WritebackTmp:          0 kB
CommitLimit:     1242116 kB
Committed_AS:   55824692 kB
VmallocTotal:     409600 kB
VmallocUsed:       27296 kB
VmallocChunk:     108572 kB
Time pass: 23 sec

---2015-11-24 16:21:55
MemTotal:        1959952 kB
MemFree:           98320 kB
Buffers:            2840 kB
Cached:           996684 kB
SwapCached:          932 kB
Active:           764036 kB
Inactive:         653280 kB
Active(anon):     266008 kB
Inactive(anon):   153740 kB
Active(file):     498028 kB
Inactive(file):   499540 kB
Unevictable:        1580 kB
Mlocked:               0 kB
HighTotal:       1372556 kB
HighFree:          39936 kB
LowTotal:         587396 kB
LowFree:           58384 kB
SwapTotal:        262140 kB
SwapFree:         228348 kB
Dirty:               380 kB
Writeback:             0 kB
AnonPages:        419576 kB
Mapped:           346128 kB
Shmem:               252 kB
Slab:              56732 kB
SReclaimable:      17032 kB
SUnreclaim:        39700 kB
KernelStack:       15952 kB
PageTables:        27340 kB
NFS_Unstable:          0 kB
Bounce:                0 kB
WritebackTmp:          0 kB
CommitLimit:     1242116 kB
Committed_AS:   55833172 kB
VmallocTotal:     409600 kB
VmallocUsed:       27460 kB
VmallocChunk:     108572 kB
Time pass: 26 sec

---2015-11-24 16:21:55
MemTotal:        1959952 kB
MemFree:           98900 kB
Buffers:            2840 kB
Cached:           996828 kB
SwapCached:          932 kB
Active:           762788 kB
Inactive:         653516 kB
Active(anon):     264768 kB
Inactive(anon):   153728 kB
Active(file):     498020 kB
Inactive(file):   499788 kB
Unevictable:        1580 kB
Mlocked:               0 kB
HighTotal:       1372556 kB
HighFree:          39568 kB
LowTotal:         587396 kB
LowFree:           59332 kB
SwapTotal:        262140 kB
SwapFree:         228356 kB
Dirty:               404 kB
Writeback:             0 kB
AnonPages:        418108 kB
Mapped:           346980 kB
Shmem:               252 kB
Slab:              56640 kB
SReclaimable:      17072 kB
SUnreclaim:        39568 kB
KernelStack:       15944 kB
PageTables:        27376 kB
NFS_Unstable:          0 kB
Bounce:                0 kB
WritebackTmp:          0 kB
CommitLimit:     1242116 kB
Committed_AS:   55833604 kB
VmallocTotal:     409600 kB
VmallocUsed:       27460 kB
VmallocChunk:     108572 kB
Time pass: 31 sec

---2015-11-24 16:21:55
MemTotal:        1959952 kB
MemFree:          101756 kB
Buffers:            2840 kB
Cached:           987440 kB
SwapCached:          928 kB
Active:           772044 kB
Inactive:         652580 kB
Active(anon):     278476 kB
Inactive(anon):   157728 kB
Active(file):     493568 kB
Inactive(file):   494852 kB
Unevictable:        1580 kB
Mlocked:               0 kB
HighTotal:       1372556 kB
HighFree:          35444 kB
LowTotal:         587396 kB
LowFree:           66312 kB
SwapTotal:        262140 kB
SwapFree:         227784 kB
Dirty:              1088 kB
Writeback:             0 kB
AnonPages:        435804 kB
Mapped:           355940 kB
Shmem:               252 kB
Slab:              56764 kB
SReclaimable:      17072 kB
SUnreclaim:        39692 kB
KernelStack:       16016 kB
PageTables:        27388 kB
NFS_Unstable:          0 kB
Bounce:                0 kB
WritebackTmp:          0 kB
CommitLimit:     1242116 kB
Committed_AS:   55850812 kB
VmallocTotal:     409600 kB
VmallocUsed:       27476 kB
VmallocChunk:     108572 kB
Time pass: 34 sec

---2015-11-24 16:21:55
MemTotal:        1959952 kB
MemFree:          103648 kB
Buffers:            2836 kB
Cached:           966108 kB
SwapCached:          928 kB
Active:           760016 kB
Inactive:         642640 kB
Active(anon):     274504 kB
Inactive(anon):   161136 kB
Active(file):     485512 kB
Inactive(file):   481504 kB
Unevictable:        1580 kB
Mlocked:               0 kB
HighTotal:       1372556 kB
HighFree:          41596 kB
LowTotal:         587396 kB
LowFree:           62052 kB
SwapTotal:        262140 kB
SwapFree:         226380 kB
Dirty:              2388 kB
Writeback:             4 kB
AnonPages:        435052 kB
Mapped:           358336 kB
Shmem:               252 kB
Slab:              56880 kB
SReclaimable:      17048 kB
SUnreclaim:        39832 kB
KernelStack:       16016 kB
PageTables:        27436 kB
NFS_Unstable:          0 kB
Bounce:                0 kB
WritebackTmp:          0 kB
CommitLimit:     1242116 kB
Committed_AS:   55851428 kB
VmallocTotal:     409600 kB
VmallocUsed:       27588 kB
VmallocChunk:     108572 kB
Time pass: 38 sec

---2015-11-24 16:21:55
MemTotal:        1959952 kB
MemFree:          103796 kB
Buffers:            2836 kB
Cached:           966024 kB
SwapCached:          928 kB
Active:           759828 kB
Inactive:         642552 kB
Active(anon):     274468 kB
Inactive(anon):   160884 kB
Active(file):     485360 kB
Inactive(file):   481668 kB
Unevictable:        1580 kB
Mlocked:               0 kB
HighTotal:       1372556 kB
HighFree:          41720 kB
LowTotal:         587396 kB
LowFree:           62076 kB
SwapTotal:        262140 kB
SwapFree:         226380 kB
Dirty:               680 kB
Writeback:             0 kB
AnonPages:        435020 kB
Mapped:           358460 kB
Shmem:               252 kB
Slab:              56792 kB
SReclaimable:      17092 kB
SUnreclaim:        39700 kB
KernelStack:       16016 kB
PageTables:        27448 kB
NFS_Unstable:          0 kB
Bounce:                0 kB
WritebackTmp:          0 kB
CommitLimit:     1242116 kB
Committed_AS:   55851568 kB
VmallocTotal:     409600 kB
VmallocUsed:       27588 kB
VmallocChunk:     108572 kB
Time pass: 42 sec

---2015-11-24 16:21:55
MemTotal:        1959952 kB
MemFree:          103632 kB
Buffers:            2836 kB
Cached:           966036 kB
SwapCached:          928 kB
Active:           759916 kB
Inactive:         642524 kB
Active(anon):     274524 kB
Inactive(anon):   160884 kB
Active(file):     485392 kB
Inactive(file):   481640 kB
Unevictable:        1580 kB
Mlocked:               0 kB
HighTotal:       1372556 kB
HighFree:          41532 kB
LowTotal:         587396 kB
LowFree:           62100 kB
SwapTotal:        262140 kB
SwapFree:         226380 kB
Dirty:               576 kB
Writeback:             0 kB
AnonPages:        435236 kB
Mapped:           358484 kB
Shmem:               252 kB
Slab:              56800 kB
SReclaimable:      17092 kB
SUnreclaim:        39708 kB
KernelStack:       16024 kB
PageTables:        27448 kB
NFS_Unstable:          0 kB
Bounce:                0 kB
WritebackTmp:          0 kB
CommitLimit:     1242116 kB
Committed_AS:   55851672 kB
VmallocTotal:     409600 kB
VmallocUsed:       27588 kB
VmallocChunk:     108572 kB
Time pass: 45 sec

---2015-11-24 16:21:55
MemTotal:        1959952 kB
MemFree:          103380 kB
Buffers:            2836 kB
Cached:           966036 kB
SwapCached:          928 kB
Active:           760272 kB
Inactive:         642528 kB
Active(anon):     274876 kB
Inactive(anon):   160884 kB
Active(file):     485396 kB
Inactive(file):   481644 kB
Unevictable:        1580 kB
Mlocked:               0 kB
HighTotal:       1372556 kB
HighFree:          41356 kB
LowTotal:         587396 kB
LowFree:           62024 kB
SwapTotal:        262140 kB
SwapFree:         226380 kB
Dirty:               576 kB
Writeback:             0 kB
AnonPages:        435444 kB
Mapped:           358976 kB
Shmem:               252 kB
Slab:              56764 kB
SReclaimable:      17092 kB
SUnreclaim:        39672 kB
KernelStack:       16024 kB
PageTables:        27452 kB
NFS_Unstable:          0 kB
Bounce:                0 kB
WritebackTmp:          0 kB
CommitLimit:     1242116 kB
Committed_AS:   55851948 kB
VmallocTotal:     409600 kB
VmallocUsed:       27588 kB
VmallocChunk:     108572 kB
Time pass: 49 sec

---2015-11-24 16:21:55
MemTotal:        1959952 kB
MemFree:          103920 kB
Buffers:            2836 kB
Cached:           966060 kB
SwapCached:          928 kB
Active:           759828 kB
Inactive:         642528 kB
Active(anon):     274432 kB
Inactive(anon):   160860 kB
Active(file):     485396 kB
Inactive(file):   481668 kB
Unevictable:        1580 kB
Mlocked:               0 kB
HighTotal:       1372556 kB
HighFree:          41696 kB
LowTotal:         587396 kB
LowFree:           62224 kB
SwapTotal:        262140 kB
SwapFree:         226380 kB
Dirty:               644 kB
Writeback:            12 kB
AnonPages:        434928 kB
Mapped:           358976 kB
Shmem:               252 kB
Slab:              56552 kB
SReclaimable:      17092 kB
SUnreclaim:        39460 kB
KernelStack:       16024 kB
PageTables:        27448 kB
NFS_Unstable:          0 kB
Bounce:                0 kB
WritebackTmp:          0 kB
CommitLimit:     1242116 kB
Committed_AS:   55851736 kB
VmallocTotal:     409600 kB
VmallocUsed:       27588 kB
VmallocChunk:     108572 kB
Time pass: 53 sec

---2015-11-24 16:21:55
MemTotal:        1959952 kB
MemFree:          103212 kB
Buffers:            2836 kB
Cached:           966036 kB
SwapCached:          928 kB
Active:           760772 kB
Inactive:         642496 kB
Active(anon):     275376 kB
Inactive(anon):   160852 kB
Active(file):     485396 kB
Inactive(file):   481644 kB
Unevictable:        1580 kB
Mlocked:               0 kB
HighTotal:       1372556 kB
HighFree:          41296 kB
LowTotal:         587396 kB
LowFree:           61916 kB
SwapTotal:        262140 kB
SwapFree:         226380 kB
Dirty:               632 kB
Writeback:             0 kB
AnonPages:        435960 kB
Mapped:           358976 kB
Shmem:               252 kB
Slab:              57056 kB
SReclaimable:      17092 kB
SUnreclaim:        39964 kB
KernelStack:       16032 kB
PageTables:        27456 kB
NFS_Unstable:          0 kB
Bounce:                0 kB
WritebackTmp:          0 kB
CommitLimit:     1242116 kB
Committed_AS:   55852048 kB
VmallocTotal:     409600 kB
VmallocUsed:       27588 kB
VmallocChunk:     108572 kB
Time pass: 56 sec

---2015-11-24 16:21:55
MemTotal:        1959952 kB
MemFree:           99272 kB
Buffers:            2836 kB
Cached:           966040 kB
SwapCached:          928 kB
Active:           760548 kB
Inactive:         642496 kB
Active(anon):     275152 kB
Inactive(anon):   160852 kB
Active(file):     485396 kB
Inactive(file):   481644 kB
Unevictable:        1580 kB
Mlocked:               0 kB
HighTotal:       1372556 kB
HighFree:          37276 kB
LowTotal:         587396 kB
LowFree:           61996 kB
SwapTotal:        262140 kB
SwapFree:         226380 kB
Dirty:               332 kB
Writeback:             0 kB
AnonPages:        435536 kB
Mapped:           361188 kB
Shmem:               252 kB
Slab:              56884 kB
SReclaimable:      17092 kB
SUnreclaim:        39792 kB
KernelStack:       16032 kB
PageTables:        27448 kB
NFS_Unstable:          0 kB
Bounce:                0 kB
WritebackTmp:          0 kB
CommitLimit:     1242116 kB
Committed_AS:   55852100 kB
VmallocTotal:     409600 kB
VmallocUsed:       27588 kB
VmallocChunk:     108572 kB
Time pass: 60 sec

---2015-11-24 16:21:55
MemTotal:        1959952 kB
MemFree:           99336 kB
Buffers:            2836 kB
Cached:           966248 kB
SwapCached:          928 kB
Active:           760864 kB
Inactive:         642664 kB
Active(anon):     275464 kB
Inactive(anon):   160852 kB
Active(file):     485400 kB
Inactive(file):   481812 kB
Unevictable:        1580 kB
Mlocked:               0 kB
HighTotal:       1372556 kB
HighFree:          37112 kB
LowTotal:         587396 kB
LowFree:           62224 kB
SwapTotal:        262140 kB
SwapFree:         226380 kB
Dirty:               544 kB
Writeback:            56 kB
AnonPages:        436148 kB
Mapped:           361264 kB
Shmem:               252 kB
Slab:              56496 kB
SReclaimable:      17092 kB
SUnreclaim:        39404 kB
KernelStack:       16048 kB
PageTables:        27472 kB
NFS_Unstable:          0 kB
Bounce:                0 kB
WritebackTmp:          0 kB
CommitLimit:     1242116 kB
Committed_AS:   55852176 kB
VmallocTotal:     409600 kB
VmallocUsed:       27588 kB
VmallocChunk:     108572 kB
Time pass: 63 sec

---2015-11-24 16:21:55
MemTotal:        1959952 kB
MemFree:           98700 kB
Buffers:            2836 kB
Cached:           966260 kB
SwapCached:          928 kB
Active:           761140 kB
Inactive:         642656 kB
Active(anon):     275720 kB
Inactive(anon):   160852 kB
Active(file):     485420 kB
Inactive(file):   481804 kB
Unevictable:        1580 kB
Mlocked:               0 kB
HighTotal:       1372556 kB
HighFree:          36876 kB
LowTotal:         587396 kB
LowFree:           61824 kB
SwapTotal:        262140 kB
SwapFree:         226380 kB
Dirty:               600 kB
Writeback:             0 kB
AnonPages:        436180 kB
Mapped:           361304 kB
Shmem:               252 kB
Slab:              56996 kB
SReclaimable:      17092 kB
SUnreclaim:        39904 kB
KernelStack:       16024 kB
PageTables:        27456 kB
NFS_Unstable:          0 kB
Bounce:                0 kB
WritebackTmp:          0 kB
CommitLimit:     1242116 kB
Committed_AS:   55852284 kB
VmallocTotal:     409600 kB
VmallocUsed:       27588 kB
VmallocChunk:     108572 kB
Time pass: 67 sec

---2015-11-24 16:21:55
MemTotal:        1959952 kB
MemFree:           98700 kB
Buffers:            2836 kB
Cached:           966260 kB
SwapCached:          928 kB
Active:           761408 kB
Inactive:         642656 kB
Active(anon):     275988 kB
Inactive(anon):   160852 kB
Active(file):     485420 kB
Inactive(file):   481804 kB
Unevictable:        1580 kB
Mlocked:               0 kB
HighTotal:       1372556 kB
HighFree:          36876 kB
LowTotal:         587396 kB
LowFree:           61824 kB
SwapTotal:        262140 kB
SwapFree:         226380 kB
Dirty:               600 kB
Writeback:             0 kB
AnonPages:        436444 kB
Mapped:           361304 kB
Shmem:               252 kB
Slab:              56956 kB
SReclaimable:      17092 kB
SUnreclaim:        39864 kB
KernelStack:       16024 kB
PageTables:        27456 kB
NFS_Unstable:          0 kB
Bounce:                0 kB
WritebackTmp:          0 kB
CommitLimit:     1242116 kB
Committed_AS:   55852272 kB
VmallocTotal:     409600 kB
VmallocUsed:       27588 kB
VmallocChunk:     108572 kB
Time pass: 71 sec

---2015-11-24 16:21:55
MemTotal:        1959952 kB
MemFree:           98556 kB
Buffers:            2836 kB
Cached:           966268 kB
SwapCached:          928 kB
Active:           761740 kB
Inactive:         642704 kB
Active(anon):     276320 kB
Inactive(anon):   160852 kB
Active(file):     485420 kB
Inactive(file):   481852 kB
Unevictable:        1580 kB
Mlocked:               0 kB
HighTotal:       1372556 kB
HighFree:          36792 kB
LowTotal:         587396 kB
LowFree:           61764 kB
SwapTotal:        262140 kB
SwapFree:         226380 kB
Dirty:               600 kB
Writeback:             0 kB
AnonPages:        437068 kB
Mapped:           361316 kB
Shmem:               252 kB
Slab:              56856 kB
SReclaimable:      17092 kB
SUnreclaim:        39764 kB
KernelStack:       15992 kB
PageTables:        27452 kB
NFS_Unstable:          0 kB
Bounce:                0 kB
WritebackTmp:          0 kB
CommitLimit:     1242116 kB
Committed_AS:   55852412 kB
VmallocTotal:     409600 kB
VmallocUsed:       27588 kB
VmallocChunk:     108572 kB
Time pass: 74 sec

---2015-11-24 16:21:55
MemTotal:        1959952 kB
MemFree:          308860 kB
Buffers:            2836 kB
Cached:           950972 kB
SwapCached:          928 kB
Active:           734044 kB
Inactive:         609056 kB
Active(anon):     230012 kB
Inactive(anon):   160984 kB
Active(file):     504032 kB
Inactive(file):   448072 kB
Unevictable:        1580 kB
Mlocked:               0 kB
HighTotal:       1372556 kB
HighFree:         176860 kB
LowTotal:         587396 kB
LowFree:          132000 kB
SwapTotal:        262140 kB
SwapFree:         225972 kB
Dirty:               596 kB
Writeback:             0 kB
AnonPages:        390928 kB
Mapped:           255340 kB
Shmem:               120 kB
Slab:              56352 kB
SReclaimable:      17012 kB
SUnreclaim:        39340 kB
KernelStack:       15376 kB
PageTables:        26244 kB
NFS_Unstable:          0 kB
Bounce:                0 kB
WritebackTmp:          0 kB
CommitLimit:     1242116 kB
Committed_AS:   54822408 kB
VmallocTotal:     409600 kB
VmallocUsed:       26856 kB
VmallocChunk:     108572 kB
Time pass: 78 sec

---2015-11-24 16:21:55
MemTotal:        1959952 kB
MemFree:          309428 kB
Buffers:            2836 kB
Cached:           951276 kB
SwapCached:          900 kB
Active:           733932 kB
Inactive:         608544 kB
Active(anon):     229900 kB
Inactive(anon):   160192 kB
Active(file):     504032 kB
Inactive(file):   448352 kB
Unevictable:        1580 kB
Mlocked:               0 kB
HighTotal:       1372556 kB
HighFree:         175132 kB
LowTotal:         587396 kB
LowFree:          134296 kB
SwapTotal:        262140 kB
SwapFree:         226008 kB
Dirty:               600 kB
Writeback:             0 kB
AnonPages:        389688 kB
Mapped:           255368 kB
Shmem:               120 kB
Slab:              56264 kB
SReclaimable:      17084 kB
SUnreclaim:        39180 kB
KernelStack:       15216 kB
PageTables:        26244 kB
NFS_Unstable:          0 kB
Bounce:                0 kB
WritebackTmp:          0 kB
CommitLimit:     1242116 kB
Committed_AS:   54822468 kB
VmallocTotal:     409600 kB
VmallocUsed:       26856 kB
VmallocChunk:     108572 kB
Time pass: 81 sec

---2015-11-24 16:21:55
MemTotal:        1959952 kB
MemFree:          308628 kB
Buffers:            2836 kB
Cached:           951276 kB
SwapCached:          900 kB
Active:           733816 kB
Inactive:         608544 kB
Active(anon):     229784 kB
Inactive(anon):   160192 kB
Active(file):     504032 kB
Inactive(file):   448352 kB
Unevictable:        1580 kB
Mlocked:               0 kB
HighTotal:       1372556 kB
HighFree:         175032 kB
LowTotal:         587396 kB
LowFree:          133596 kB
SwapTotal:        262140 kB
SwapFree:         226008 kB
Dirty:               600 kB
Writeback:             0 kB
AnonPages:        389900 kB
Mapped:           255368 kB
Shmem:               120 kB
Slab:              56840 kB
SReclaimable:      17084 kB
SUnreclaim:        39756 kB
KernelStack:       15216 kB
PageTables:        26244 kB
NFS_Unstable:          0 kB
Bounce:                0 kB
WritebackTmp:          0 kB
CommitLimit:     1242116 kB
Committed_AS:   54822624 kB
VmallocTotal:     409600 kB
VmallocUsed:       26856 kB
VmallocChunk:     108572 kB
Time pass: 85 sec

---2015-11-24 16:21:55
MemTotal:        1959952 kB
MemFree:          307040 kB
Buffers:            2836 kB
Cached:           951276 kB
SwapCached:          900 kB
Active:           735584 kB
Inactive:         608544 kB
Active(anon):     231552 kB
Inactive(anon):   160192 kB
Active(file):     504032 kB
Inactive(file):   448352 kB
Unevictable:        1580 kB
Mlocked:               0 kB
HighTotal:       1372556 kB
HighFree:         173444 kB
LowTotal:         587396 kB
LowFree:          133596 kB
SwapTotal:        262140 kB
SwapFree:         226008 kB
Dirty:               600 kB
Writeback:             0 kB
AnonPages:        391480 kB
Mapped:           255368 kB
Shmem:               120 kB
Slab:              56836 kB
SReclaimable:      17084 kB
SUnreclaim:        39752 kB
KernelStack:       15216 kB
PageTables:        26244 kB
NFS_Unstable:          0 kB
Bounce:                0 kB
WritebackTmp:          0 kB
CommitLimit:     1242116 kB
Committed_AS:   54823648 kB
VmallocTotal:     409600 kB
VmallocUsed:       26856 kB
VmallocChunk:     108572 kB
Time pass: 88 sec

---2015-11-24 16:21:55
MemTotal:        1959952 kB
MemFree:          307260 kB
Buffers:            2836 kB
Cached:           951276 kB
SwapCached:          900 kB
Active:           735968 kB
Inactive:         608544 kB
Active(anon):     231936 kB
Inactive(anon):   160192 kB
Active(file):     504032 kB
Inactive(file):   448352 kB
Unevictable:        1580 kB
Mlocked:               0 kB
HighTotal:       1372556 kB
HighFree:         173568 kB
LowTotal:         587396 kB
LowFree:          133692 kB
SwapTotal:        262140 kB
SwapFree:         226008 kB
Dirty:               600 kB
Writeback:             0 kB
AnonPages:        391896 kB
Mapped:           255368 kB
Shmem:               120 kB
Slab:              56752 kB
SReclaimable:      17084 kB
SUnreclaim:        39668 kB
KernelStack:       15216 kB
PageTables:        26244 kB
NFS_Unstable:          0 kB
Bounce:                0 kB
WritebackTmp:          0 kB
CommitLimit:     1242116 kB
Committed_AS:   54823736 kB
VmallocTotal:     409600 kB
VmallocUsed:       26856 kB
VmallocChunk:     108572 kB
Time pass: 92 sec

---2015-11-24 16:21:55
MemTotal:        1959952 kB
MemFree:          307196 kB
Buffers:            2836 kB
Cached:           951276 kB
SwapCached:          900 kB
Active:           736132 kB
Inactive:         608544 kB
Active(anon):     232100 kB
Inactive(anon):   160192 kB
Active(file):     504032 kB
Inactive(file):   448352 kB
Unevictable:        1580 kB
Mlocked:               0 kB
HighTotal:       1372556 kB
HighFree:         173496 kB
LowTotal:         587396 kB
LowFree:          133700 kB
SwapTotal:        262140 kB
SwapFree:         226008 kB
Dirty:               600 kB
Writeback:             0 kB
AnonPages:        392036 kB
Mapped:           255368 kB
Shmem:               120 kB
Slab:              56740 kB
SReclaimable:      17084 kB
SUnreclaim:        39656 kB
KernelStack:       15208 kB
PageTables:        26244 kB
NFS_Unstable:          0 kB
Bounce:                0 kB
WritebackTmp:          0 kB
CommitLimit:     1242116 kB
Committed_AS:   54823792 kB
VmallocTotal:     409600 kB
VmallocUsed:       26856 kB
VmallocChunk:     108572 kB
Time pass: 95 sec

---2015-11-24 16:21:55
MemTotal:        1959952 kB
MemFree:          214684 kB
Buffers:            2836 kB
Cached:           951372 kB
SwapCached:          900 kB
Active:           761028 kB
Inactive:         608380 kB
Active(anon):     256832 kB
Inactive(anon):   160200 kB
Active(file):     504196 kB
Inactive(file):   448180 kB
Unevictable:        1580 kB
Mlocked:               0 kB
HighTotal:       1372556 kB
HighFree:         117628 kB
LowTotal:         587396 kB
LowFree:           97056 kB
SwapTotal:        262140 kB
SwapFree:         226008 kB
Dirty:               308 kB
Writeback:             0 kB
AnonPages:        417040 kB
Mapped:           285176 kB
Shmem:               252 kB
Slab:              56584 kB
SReclaimable:      17056 kB
SUnreclaim:        39528 kB
KernelStack:       15840 kB
PageTables:        27172 kB
NFS_Unstable:          0 kB
Bounce:                0 kB
WritebackTmp:          0 kB
CommitLimit:     1242116 kB
Committed_AS:   55832604 kB
VmallocTotal:     409600 kB
VmallocUsed:       27144 kB
VmallocChunk:     108572 kB
Time pass: 100 sec

---2015-11-24 16:21:55
MemTotal:        1959952 kB
MemFree:          171096 kB
Buffers:            2836 kB
Cached:           951644 kB
SwapCached:          908 kB
Active:           779784 kB
Inactive:         608548 kB
Active(anon):     275520 kB
Inactive(anon):   160172 kB
Active(file):     504264 kB
Inactive(file):   448376 kB
Unevictable:        1580 kB
Mlocked:               0 kB
HighTotal:       1372556 kB
HighFree:          84716 kB
LowTotal:         587396 kB
LowFree:           86380 kB
SwapTotal:        262140 kB
SwapFree:         226008 kB
Dirty:              1284 kB
Writeback:             0 kB
AnonPages:        435436 kB
Mapped:           297148 kB
Shmem:               252 kB
Slab:              56716 kB
SReclaimable:      17064 kB
SUnreclaim:        39652 kB
KernelStack:       15992 kB
PageTables:        27236 kB
NFS_Unstable:          0 kB
Bounce:                0 kB
WritebackTmp:          0 kB
CommitLimit:     1242116 kB
Committed_AS:   55852624 kB
VmallocTotal:     409600 kB
VmallocUsed:       27244 kB
VmallocChunk:     108572 kB
Time pass: 104 sec

---2015-11-24 16:21:55
MemTotal:        1959952 kB
MemFree:          124480 kB
Buffers:            2836 kB
Cached:           953556 kB
SwapCached:          908 kB
Active:           783028 kB
Inactive:         607096 kB
Active(anon):     275392 kB
Inactive(anon):   160172 kB
Active(file):     507636 kB
Inactive(file):   446924 kB
Unevictable:        1580 kB
Mlocked:               0 kB
HighTotal:       1372556 kB
HighFree:          39900 kB
LowTotal:         587396 kB
LowFree:           84580 kB
SwapTotal:        262140 kB
SwapFree:         226008 kB
Dirty:              2396 kB
Writeback:             0 kB
AnonPages:        435248 kB
Mapped:           338904 kB
Shmem:               252 kB
Slab:              56856 kB
SReclaimable:      17064 kB
SUnreclaim:        39792 kB
KernelStack:       15952 kB
PageTables:        27348 kB
NFS_Unstable:          0 kB
Bounce:                0 kB
WritebackTmp:          0 kB
CommitLimit:     1242116 kB
Committed_AS:   55852820 kB
VmallocTotal:     409600 kB
VmallocUsed:       27444 kB
VmallocChunk:     108572 kB
Time pass: 107 sec

---2015-11-24 16:21:55
MemTotal:        1959952 kB
MemFree:          106236 kB
Buffers:            2836 kB
Cached:           953884 kB
SwapCached:          908 kB
Active:           782996 kB
Inactive:         606748 kB
Active(anon):     274684 kB
Inactive(anon):   160172 kB
Active(file):     508312 kB
Inactive(file):   446576 kB
Unevictable:        1580 kB
Mlocked:               0 kB
HighTotal:       1372556 kB
HighFree:          24784 kB
LowTotal:         587396 kB
LowFree:           81452 kB
SwapTotal:        262140 kB
SwapFree:         226008 kB
Dirty:               464 kB
Writeback:             0 kB
AnonPages:        434532 kB
Mapped:           357580 kB
Shmem:               252 kB
Slab:              56856 kB
SReclaimable:      17064 kB
SUnreclaim:        39792 kB
KernelStack:       15960 kB
PageTables:        27396 kB
NFS_Unstable:          0 kB
Bounce:                0 kB
WritebackTmp:          0 kB
CommitLimit:     1242116 kB
Committed_AS:   55852020 kB
VmallocTotal:     409600 kB
VmallocUsed:       27516 kB
VmallocChunk:     108572 kB
Time pass: 111 sec

---2015-11-24 16:21:55
MemTotal:        1959952 kB
MemFree:          103612 kB
Buffers:            2836 kB
Cached:           954576 kB
SwapCached:          908 kB
Active:           786764 kB
Inactive:         607228 kB
Active(anon):     278276 kB
Inactive(anon):   160164 kB
Active(file):     508488 kB
Inactive(file):   447064 kB
Unevictable:        1580 kB
Mlocked:               0 kB
HighTotal:       1372556 kB
HighFree:          25100 kB
LowTotal:         587396 kB
LowFree:           78512 kB
SwapTotal:        262140 kB
SwapFree:         226008 kB
Dirty:               812 kB
Writeback:             0 kB
AnonPages:        438224 kB
Mapped:           357600 kB
Shmem:               252 kB
Slab:              56844 kB
SReclaimable:      17064 kB
SUnreclaim:        39780 kB
KernelStack:       15960 kB
PageTables:        27396 kB
NFS_Unstable:          0 kB
Bounce:                0 kB
WritebackTmp:          0 kB
CommitLimit:     1242116 kB
Committed_AS:   55857184 kB
VmallocTotal:     409600 kB
VmallocUsed:       27516 kB
VmallocChunk:     108572 kB
Time pass: 115 sec

---2015-11-24 16:21:55
MemTotal:        1959952 kB
MemFree:           75912 kB
Buffers:            2836 kB
Cached:           955244 kB
SwapCached:          908 kB
Active:           791588 kB
Inactive:         607692 kB
Active(anon):     282872 kB
Inactive(anon):   160160 kB
Active(file):     508716 kB
Inactive(file):   447532 kB
Unevictable:        1580 kB
Mlocked:               0 kB
HighTotal:       1372556 kB
HighFree:          19624 kB
LowTotal:         587396 kB
LowFree:           56288 kB
SwapTotal:        262140 kB
SwapFree:         226008 kB
Dirty:              1168 kB
Writeback:             0 kB
AnonPages:        442740 kB
Mapped:           372112 kB
Shmem:               252 kB
Slab:              56528 kB
SReclaimable:      17072 kB
SUnreclaim:        39456 kB
KernelStack:       15952 kB
PageTables:        27468 kB
NFS_Unstable:          0 kB
Bounce:                0 kB
WritebackTmp:          0 kB
CommitLimit:     1242116 kB
Committed_AS:   55859632 kB
VmallocTotal:     409600 kB
VmallocUsed:       27592 kB
VmallocChunk:     108572 kB
Time pass: 118 sec

---2015-11-24 16:21:55
MemTotal:        1959952 kB
MemFree:           75196 kB
Buffers:            2836 kB
Cached:           955244 kB
SwapCached:          908 kB
Active:           792252 kB
Inactive:         607560 kB
Active(anon):     283416 kB
Inactive(anon):   160156 kB
Active(file):     508836 kB
Inactive(file):   447404 kB
Unevictable:        1580 kB
Mlocked:               0 kB
HighTotal:       1372556 kB
HighFree:          19848 kB
LowTotal:         587396 kB
LowFree:           55348 kB
SwapTotal:        262140 kB
SwapFree:         226008 kB
Dirty:               656 kB
Writeback:             0 kB
AnonPages:        443172 kB
Mapped:           372108 kB
Shmem:               252 kB
Slab:              57096 kB
SReclaimable:      17072 kB
SUnreclaim:        40024 kB
KernelStack:       15952 kB
PageTables:        27468 kB
NFS_Unstable:          0 kB
Bounce:                0 kB
WritebackTmp:          0 kB
CommitLimit:     1242116 kB
Committed_AS:   55860020 kB
VmallocTotal:     409600 kB
VmallocUsed:       27592 kB
VmallocChunk:     108572 kB
Time pass: 122 sec

---2015-11-24 16:21:55
MemTotal:        1959952 kB
MemFree:           99964 kB
Buffers:            2824 kB
Cached:           943324 kB
SwapCached:          912 kB
Active:           785008 kB
Inactive:         604532 kB
Active(anon):     284212 kB
Inactive(anon):   161112 kB
Active(file):     500796 kB
Inactive(file):   443420 kB
Unevictable:        1580 kB
Mlocked:               0 kB
HighTotal:       1372556 kB
HighFree:          42276 kB
LowTotal:         587396 kB
LowFree:           57688 kB
SwapTotal:        262140 kB
SwapFree:         225464 kB
Dirty:               664 kB
Writeback:             0 kB
AnonPages:        445420 kB
Mapped:           374104 kB
Shmem:               252 kB
Slab:              57724 kB
SReclaimable:      17336 kB
SUnreclaim:        40388 kB
KernelStack:       16008 kB
PageTables:        27740 kB
NFS_Unstable:          0 kB
Bounce:                0 kB
WritebackTmp:          0 kB
CommitLimit:     1242116 kB
Committed_AS:   56810344 kB
VmallocTotal:     409600 kB
VmallocUsed:       28612 kB
VmallocChunk:     108572 kB
Time pass: 125 sec

---2015-11-24 16:21:55
MemTotal:        1959952 kB
MemFree:          103936 kB
Buffers:            2824 kB
Cached:           914768 kB
SwapCached:         1588 kB
Active:           772296 kB
Inactive:         597644 kB
Active(anon):     289236 kB
Inactive(anon):   165292 kB
Active(file):     483060 kB
Inactive(file):   432352 kB
Unevictable:        1768 kB
Mlocked:               0 kB
HighTotal:       1372556 kB
HighFree:          42908 kB
LowTotal:         587396 kB
LowFree:           61028 kB
SwapTotal:        262140 kB
SwapFree:         224260 kB
Dirty:               676 kB
Writeback:             0 kB
AnonPages:        453980 kB
Mapped:           376896 kB
Shmem:               420 kB
Slab:              56320 kB
SReclaimable:      16660 kB
SUnreclaim:        39660 kB
KernelStack:       16328 kB
PageTables:        28004 kB
NFS_Unstable:          0 kB
Bounce:                0 kB
WritebackTmp:          0 kB
CommitLimit:     1242116 kB
Committed_AS:   56837948 kB
VmallocTotal:     409600 kB
VmallocUsed:       31020 kB
VmallocChunk:     108572 kB
Time pass: 129 sec

---2015-11-24 16:21:55
MemTotal:        1959952 kB
MemFree:          110108 kB
Buffers:            3020 kB
Cached:           894716 kB
SwapCached:         1708 kB
Active:           762540 kB
Inactive:         593644 kB
Active(anon):     291924 kB
Inactive(anon):   168988 kB
Active(file):     470616 kB
Inactive(file):   424656 kB
Unevictable:        1768 kB
Mlocked:               0 kB
HighTotal:       1372556 kB
HighFree:          45056 kB
LowTotal:         587396 kB
LowFree:           65052 kB
SwapTotal:        262140 kB
SwapFree:         223380 kB
Dirty:               776 kB
Writeback:             0 kB
AnonPages:        460104 kB
Mapped:           376740 kB
Shmem:               696 kB
Slab:              56496 kB
SReclaimable:      16892 kB
SUnreclaim:        39604 kB
KernelStack:       16712 kB
PageTables:        28432 kB
NFS_Unstable:          0 kB
Bounce:                0 kB
WritebackTmp:          0 kB
CommitLimit:     1242116 kB
Committed_AS:   58770292 kB
VmallocTotal:     409600 kB
VmallocUsed:       32072 kB
VmallocChunk:     108572 kB
Time pass: 133 sec

---2015-11-24 16:21:55
MemTotal:        1959952 kB
MemFree:           85336 kB
Buffers:            3024 kB
Cached:           904968 kB
SwapCached:         1728 kB
Active:           785540 kB
Inactive:         594672 kB
Active(anon):     305736 kB
Inactive(anon):   169008 kB
Active(file):     479804 kB
Inactive(file):   425664 kB
Unevictable:        1768 kB
Mlocked:               0 kB
HighTotal:       1372556 kB
HighFree:          22624 kB
LowTotal:         587396 kB
LowFree:           62712 kB
SwapTotal:        262140 kB
SwapFree:         223380 kB
Dirty:               804 kB
Writeback:             0 kB
AnonPages:        474164 kB
Mapped:           379436 kB
Shmem:               752 kB
Slab:              56252 kB
SReclaimable:      16908 kB
SUnreclaim:        39344 kB
KernelStack:       16368 kB
PageTables:        28176 kB
NFS_Unstable:          0 kB
Bounce:                0 kB
WritebackTmp:          0 kB
CommitLimit:     1242116 kB
Committed_AS:   57831500 kB
VmallocTotal:     409600 kB
VmallocUsed:       34260 kB
VmallocChunk:     110620 kB
Time pass: 137 sec

---2015-11-24 16:21:55
MemTotal:        1959952 kB
MemFree:          119268 kB
Buffers:            3024 kB
Cached:           879240 kB
SwapCached:         1756 kB
Active:           770888 kB
Inactive:         578508 kB
Active(anon):     296464 kB
Inactive(anon):   173192 kB
Active(file):     474424 kB
Inactive(file):   405316 kB
Unevictable:        1768 kB
Mlocked:               0 kB
HighTotal:       1372556 kB
HighFree:          45716 kB
LowTotal:         587396 kB
LowFree:           73552 kB
SwapTotal:        262140 kB
SwapFree:         220648 kB
Dirty:               856 kB
Writeback:             0 kB
AnonPages:        468844 kB
Mapped:           379684 kB
Shmem:               756 kB
Slab:              56352 kB
SReclaimable:      16852 kB
SUnreclaim:        39500 kB
KernelStack:       16408 kB
PageTables:        28148 kB
NFS_Unstable:          0 kB
Bounce:                0 kB
WritebackTmp:          0 kB
CommitLimit:     1242116 kB
Committed_AS:   57838824 kB
VmallocTotal:     409600 kB
VmallocUsed:       35280 kB
VmallocChunk:     110620 kB
Time pass: 142 sec

---2015-11-24 16:21:55
MemTotal:        1959952 kB
MemFree:          103132 kB
Buffers:            3024 kB
Cached:           880044 kB
SwapCached:         1756 kB
Active:           788912 kB
Inactive:         575912 kB
Active(anon):     312028 kB
Inactive(anon):   172252 kB
Active(file):     476884 kB
Inactive(file):   403660 kB
Unevictable:        1768 kB
Mlocked:               0 kB
HighTotal:       1372556 kB
HighFree:          27796 kB
LowTotal:         587396 kB
LowFree:           75336 kB
SwapTotal:        262140 kB
SwapFree:         220648 kB
Dirty:               860 kB
Writeback:             0 kB
AnonPages:        483324 kB
Mapped:           385420 kB
Shmem:               756 kB
Slab:              56444 kB
SReclaimable:      16856 kB
SUnreclaim:        39588 kB
KernelStack:       16616 kB
PageTables:        28080 kB
NFS_Unstable:          0 kB
Bounce:                0 kB
WritebackTmp:          0 kB
CommitLimit:     1242116 kB
Committed_AS:   57808792 kB
VmallocTotal:     409600 kB
VmallocUsed:       36300 kB
VmallocChunk:     110620 kB
Time pass: 146 sec

---2015-11-24 16:21:55
MemTotal:        1959952 kB
MemFree:          121684 kB
Buffers:            3024 kB
Cached:           881112 kB
SwapCached:         1756 kB
Active:           770584 kB
Inactive:         575464 kB
Active(anon):     292324 kB
Inactive(anon):   172044 kB
Active(file):     478260 kB
Inactive(file):   403420 kB
Unevictable:        1768 kB
Mlocked:               0 kB
HighTotal:       1372556 kB
HighFree:          45072 kB
LowTotal:         587396 kB
LowFree:           76612 kB
SwapTotal:        262140 kB
SwapFree:         220648 kB
Dirty:               880 kB
Writeback:             0 kB
AnonPages:        463404 kB
Mapped:           385696 kB
Shmem:               688 kB
Slab:              56312 kB
SReclaimable:      16872 kB
SUnreclaim:        39440 kB
KernelStack:       16400 kB
PageTables:        27984 kB
NFS_Unstable:          0 kB
Bounce:                0 kB
WritebackTmp:          0 kB
CommitLimit:     1242116 kB
Committed_AS:   56852936 kB
VmallocTotal:     409600 kB
VmallocUsed:       34260 kB
VmallocChunk:     110620 kB
Time pass: 149 sec

---2015-11-24 16:21:55
MemTotal:        1959952 kB
MemFree:          119656 kB
Buffers:            3024 kB
Cached:           881120 kB
SwapCached:         1756 kB
Active:           772416 kB
Inactive:         574696 kB
Active(anon):     293384 kB
Inactive(anon):   172040 kB
Active(file):     479032 kB
Inactive(file):   402656 kB
Unevictable:        1768 kB
Mlocked:               0 kB
HighTotal:       1372556 kB
HighFree:          38396 kB
LowTotal:         587396 kB
LowFree:           81260 kB
SwapTotal:        262140 kB
SwapFree:         220648 kB
Dirty:               900 kB
Writeback:             0 kB
AnonPages:        464604 kB
Mapped:           385720 kB
Shmem:               688 kB
Slab:              56376 kB
SReclaimable:      16872 kB
SUnreclaim:        39504 kB
KernelStack:       16392 kB
PageTables:        28068 kB
NFS_Unstable:          0 kB
Bounce:                0 kB
WritebackTmp:          0 kB
CommitLimit:     1242116 kB
Committed_AS:   56849896 kB
VmallocTotal:     409600 kB
VmallocUsed:       34260 kB
VmallocChunk:     110620 kB
Time pass: 153 sec

---2015-11-24 16:21:55
MemTotal:        1959952 kB
MemFree:          125568 kB
Buffers:            3024 kB
Cached:           882188 kB
SwapCached:         1756 kB
Active:           766728 kB
Inactive:         575272 kB
Active(anon):     287204 kB
Inactive(anon):   172060 kB
Active(file):     479524 kB
Inactive(file):   403212 kB
Unevictable:        1768 kB
Mlocked:               0 kB
HighTotal:       1372556 kB
HighFree:          42440 kB
LowTotal:         587396 kB
LowFree:           83128 kB
SwapTotal:        262140 kB
SwapFree:         220648 kB
Dirty:               872 kB
Writeback:             0 kB
AnonPages:        458340 kB
Mapped:           385296 kB
Shmem:               708 kB
Slab:              56264 kB
SReclaimable:      16872 kB
SUnreclaim:        39392 kB
KernelStack:       16224 kB
PageTables:        27692 kB
NFS_Unstable:          0 kB
Bounce:                0 kB
WritebackTmp:          0 kB
CommitLimit:     1242116 kB
Committed_AS:   55899948 kB
VmallocTotal:     409600 kB
VmallocUsed:       33240 kB
VmallocChunk:     110620 kB
Time pass: 157 sec

---2015-11-24 16:21:55
MemTotal:        1959952 kB
MemFree:          122184 kB
Buffers:            3024 kB
Cached:           883480 kB
SwapCached:         1756 kB
Active:           768984 kB
Inactive:         576536 kB
Active(anon):     289432 kB
Inactive(anon):   172084 kB
Active(file):     479552 kB
Inactive(file):   404452 kB
Unevictable:        1768 kB
Mlocked:               0 kB
HighTotal:       1372556 kB
HighFree:          39036 kB
LowTotal:         587396 kB
LowFree:           83148 kB
SwapTotal:        262140 kB
SwapFree:         220648 kB
Dirty:               904 kB
Writeback:             0 kB
AnonPages:        460848 kB
Mapped:           386432 kB
Shmem:               732 kB
Slab:              56360 kB
SReclaimable:      16872 kB
SUnreclaim:        39488 kB
KernelStack:       16280 kB
PageTables:        27728 kB
NFS_Unstable:          0 kB
Bounce:                0 kB
WritebackTmp:          0 kB
CommitLimit:     1242116 kB
Committed_AS:   55910876 kB
VmallocTotal:     409600 kB
VmallocUsed:       33240 kB
VmallocChunk:     110620 kB
Time pass: 160 sec

---2015-11-24 16:21:55
MemTotal:        1959952 kB
MemFree:          121944 kB
Buffers:            3024 kB
Cached:           883484 kB
SwapCached:         1756 kB
Active:           769228 kB
Inactive:         576540 kB
Active(anon):     289676 kB
Inactive(anon):   172088 kB
Active(file):     479552 kB
Inactive(file):   404452 kB
Unevictable:        1768 kB
Mlocked:               0 kB
HighTotal:       1372556 kB
HighFree:          38860 kB
LowTotal:         587396 kB
LowFree:           83084 kB
SwapTotal:        262140 kB
SwapFree:         220648 kB
Dirty:               904 kB
Writeback:             0 kB
AnonPages:        460932 kB
Mapped:           386436 kB
Shmem:               736 kB
Slab:              56328 kB
SReclaimable:      16872 kB
SUnreclaim:        39456 kB
KernelStack:       16280 kB
PageTables:        27732 kB
NFS_Unstable:          0 kB
Bounce:                0 kB
WritebackTmp:          0 kB
CommitLimit:     1242116 kB
Committed_AS:   55910984 kB
VmallocTotal:     409600 kB
VmallocUsed:       33240 kB
VmallocChunk:     110620 kB
Time pass: 164 sec

---2015-11-24 16:21:55
MemTotal:        1959952 kB
MemFree:          118988 kB
Buffers:            3024 kB
Cached:           883484 kB
SwapCached:         1756 kB
Active:           772672 kB
Inactive:         576540 kB
Active(anon):     293120 kB
Inactive(anon):   172088 kB
Active(file):     479552 kB
Inactive(file):   404452 kB
Unevictable:        1768 kB
Mlocked:               0 kB
HighTotal:       1372556 kB
HighFree:          35804 kB
LowTotal:         587396 kB
LowFree:           83184 kB
SwapTotal:        262140 kB
SwapFree:         220648 kB
Dirty:               912 kB
Writeback:             0 kB
AnonPages:        464200 kB
Mapped:           386436 kB
Shmem:               736 kB
Slab:              56424 kB
SReclaimable:      16872 kB
SUnreclaim:        39552 kB
KernelStack:       16280 kB
PageTables:        27736 kB
NFS_Unstable:          0 kB
Bounce:                0 kB
WritebackTmp:          0 kB
CommitLimit:     1242116 kB
Committed_AS:   55911208 kB
VmallocTotal:     409600 kB
VmallocUsed:       33240 kB
VmallocChunk:     110620 kB
Time pass: 168 sec

---2015-11-24 16:21:55
MemTotal:        1959952 kB
MemFree:           98592 kB
Buffers:            3024 kB
Cached:           883652 kB
SwapCached:         1756 kB
Active:           791152 kB
Inactive:         576676 kB
Active(anon):     311596 kB
Inactive(anon):   172220 kB
Active(file):     479556 kB
Inactive(file):   404456 kB
Unevictable:        1768 kB
Mlocked:               0 kB
HighTotal:       1372556 kB
HighFree:          24108 kB
LowTotal:         587396 kB
LowFree:           74484 kB
SwapTotal:        262140 kB
SwapFree:         220648 kB
Dirty:               924 kB
Writeback:             0 kB
AnonPages:        482676 kB
Mapped:           393856 kB
Shmem:               892 kB
Slab:              56332 kB
SReclaimable:      16880 kB
SUnreclaim:        39452 kB
KernelStack:       16800 kB
PageTables:        28864 kB
NFS_Unstable:          0 kB
Bounce:                0 kB
WritebackTmp:          0 kB
CommitLimit:     1242116 kB
Committed_AS:   58784524 kB
VmallocTotal:     409600 kB
VmallocUsed:       32220 kB
VmallocChunk:     110620 kB
Time pass: 171 sec

---2015-11-24 16:21:55
MemTotal:        1959952 kB
MemFree:          107108 kB
Buffers:            3024 kB
Cached:           884160 kB
SwapCached:         1756 kB
Active:           787092 kB
Inactive:         574336 kB
Active(anon):     304716 kB
Inactive(anon):   172284 kB
Active(file):     482376 kB
Inactive(file):   402052 kB
Unevictable:        1768 kB
Mlocked:               0 kB
HighTotal:       1372556 kB
HighFree:          29456 kB
LowTotal:         587396 kB
LowFree:           77652 kB
SwapTotal:        262140 kB
SwapFree:         220648 kB
Dirty:               936 kB
Writeback:             0 kB
AnonPages:        475932 kB
Mapped:           376968 kB
Shmem:               988 kB
Slab:              56352 kB
SReclaimable:      16856 kB
SUnreclaim:        39496 kB
KernelStack:       16336 kB
PageTables:        28228 kB
NFS_Unstable:          0 kB
Bounce:                0 kB
WritebackTmp:          0 kB
CommitLimit:     1242116 kB
Committed_AS:   57826804 kB
VmallocTotal:     409600 kB
VmallocUsed:       27120 kB
VmallocChunk:     120860 kB
Time pass: 175 sec

---2015-11-24 16:21:55
MemTotal:        1959952 kB
MemFree:          104304 kB
Buffers:            3024 kB
Cached:           886760 kB
SwapCached:         1756 kB
Active:           785000 kB
Inactive:         576652 kB
Active(anon):     302372 kB
Inactive(anon):   172252 kB
Active(file):     482628 kB
Inactive(file):   404400 kB
Unevictable:        1768 kB
Mlocked:               0 kB
HighTotal:       1372556 kB
HighFree:          37912 kB
LowTotal:         587396 kB
LowFree:           66392 kB
SwapTotal:        262140 kB
SwapFree:         220648 kB
Dirty:               936 kB
Writeback:             0 kB
AnonPages:        473756 kB
Mapped:           380416 kB
Shmem:               988 kB
Slab:              56296 kB
SReclaimable:      16872 kB
SUnreclaim:        39424 kB
KernelStack:       16160 kB
PageTables:        28008 kB
NFS_Unstable:          0 kB
Bounce:                0 kB
WritebackTmp:          0 kB
CommitLimit:     1242116 kB
Committed_AS:   57838488 kB
VmallocTotal:     409600 kB
VmallocUsed:       26100 kB
VmallocChunk:     120860 kB
Time pass: 179 sec

---2015-11-24 16:21:55
MemTotal:        1959952 kB
MemFree:          105936 kB
Buffers:            3024 kB
Cached:           886912 kB
SwapCached:         1756 kB
Active:           783968 kB
Inactive:         576276 kB
Active(anon):     300840 kB
Inactive(anon):   172192 kB
Active(file):     483128 kB
Inactive(file):   404084 kB
Unevictable:        1768 kB
Mlocked:               0 kB
HighTotal:       1372556 kB
HighFree:          26632 kB
LowTotal:         587396 kB
LowFree:           79304 kB
SwapTotal:        262140 kB
SwapFree:         220648 kB
Dirty:               936 kB
Writeback:             0 kB
AnonPages:        472164 kB
Mapped:           380808 kB
Shmem:               984 kB
Slab:              56320 kB
SReclaimable:      16896 kB
SUnreclaim:        39424 kB
KernelStack:       16208 kB
PageTables:        27620 kB
NFS_Unstable:          0 kB
Bounce:                0 kB
WritebackTmp:          0 kB
CommitLimit:     1242116 kB
Committed_AS:   56883752 kB
VmallocTotal:     409600 kB
VmallocUsed:       28140 kB
VmallocChunk:     120860 kB
Time pass: 183 sec

---2015-11-24 16:21:55
MemTotal:        1959952 kB
MemFree:          102136 kB
Buffers:            3024 kB
Cached:           887284 kB
SwapCached:         1756 kB
Active:           787616 kB
Inactive:         576492 kB
Active(anon):     304424 kB
Inactive(anon):   172136 kB
Active(file):     483192 kB
Inactive(file):   404356 kB
Unevictable:        1768 kB
Mlocked:               0 kB
HighTotal:       1372556 kB
HighFree:          33660 kB
LowTotal:         587396 kB
LowFree:           68476 kB
SwapTotal:        262140 kB
SwapFree:         220648 kB
Dirty:              1012 kB
Writeback:             0 kB
AnonPages:        475296 kB
Mapped:           389660 kB
Shmem:               992 kB
Slab:              56428 kB
SReclaimable:      16912 kB
SUnreclaim:        39516 kB
KernelStack:       16384 kB
PageTables:        27968 kB
NFS_Unstable:          0 kB
Bounce:                0 kB
WritebackTmp:          0 kB
CommitLimit:     1242116 kB
Committed_AS:   56855524 kB
VmallocTotal:     409600 kB
VmallocUsed:       33240 kB
VmallocChunk:     120860 kB
Time pass: 187 sec

---2015-11-24 16:21:55
MemTotal:        1959952 kB
MemFree:          103696 kB
Buffers:            3024 kB
Cached:           887732 kB
SwapCached:         1756 kB
Active:           784296 kB
Inactive:         576924 kB
Active(anon):     301064 kB
Inactive(anon):   172136 kB
Active(file):     483232 kB
Inactive(file):   404788 kB
Unevictable:        1768 kB
Mlocked:               0 kB
HighTotal:       1372556 kB
HighFree:          28476 kB
LowTotal:         587396 kB
LowFree:           75220 kB
SwapTotal:        262140 kB
SwapFree:         220648 kB
Dirty:               992 kB
Writeback:             0 kB
AnonPages:        472012 kB
Mapped:           390892 kB
Shmem:               968 kB
Slab:              56520 kB
SReclaimable:      16912 kB
SUnreclaim:        39608 kB
KernelStack:       16512 kB
PageTables:        28100 kB
NFS_Unstable:          0 kB
Bounce:                0 kB
WritebackTmp:          0 kB
CommitLimit:     1242116 kB
Committed_AS:   56847172 kB
VmallocTotal:     409600 kB
VmallocUsed:       33240 kB
VmallocChunk:     120860 kB
Time pass: 191 sec

---2015-11-24 16:21:55
MemTotal:        1959952 kB
MemFree:          117736 kB
Buffers:            3024 kB
Cached:           887732 kB
SwapCached:         1756 kB
Active:           770552 kB
Inactive:         576924 kB
Active(anon):     287320 kB
Inactive(anon):   172136 kB
Active(file):     483232 kB
Inactive(file):   404788 kB
Unevictable:        1768 kB
Mlocked:               0 kB
HighTotal:       1372556 kB
HighFree:          41944 kB
LowTotal:         587396 kB
LowFree:           75792 kB
SwapTotal:        262140 kB
SwapFree:         220648 kB
Dirty:               992 kB
Writeback:             0 kB
AnonPages:        458104 kB
Mapped:           390992 kB
Shmem:               968 kB
Slab:              56456 kB
SReclaimable:      16912 kB
SUnreclaim:        39544 kB
KernelStack:       16496 kB
PageTables:        28120 kB
NFS_Unstable:          0 kB
Bounce:                0 kB
WritebackTmp:          0 kB
CommitLimit:     1242116 kB
Committed_AS:   56846720 kB
VmallocTotal:     409600 kB
VmallocUsed:       33240 kB
VmallocChunk:     120860 kB
Time pass: 195 sec

---2015-11-24 16:21:55
MemTotal:        1959952 kB
MemFree:          117668 kB
Buffers:            3024 kB
Cached:           887732 kB
SwapCached:         1756 kB
Active:           770652 kB
Inactive:         576920 kB
Active(anon):     287420 kB
Inactive(anon):   172132 kB
Active(file):     483232 kB
Inactive(file):   404788 kB
Unevictable:        1768 kB
Mlocked:               0 kB
HighTotal:       1372556 kB
HighFree:          41600 kB
LowTotal:         587396 kB
LowFree:           76068 kB
SwapTotal:        262140 kB
SwapFree:         220648 kB
Dirty:               992 kB
Writeback:             0 kB
AnonPages:        458440 kB
Mapped:           390992 kB
Shmem:               968 kB
Slab:              56456 kB
SReclaimable:      16912 kB
SUnreclaim:        39544 kB
KernelStack:       16488 kB
PageTables:        28124 kB
NFS_Unstable:          0 kB
Bounce:                0 kB
WritebackTmp:          0 kB
CommitLimit:     1242116 kB
Committed_AS:   56847036 kB
VmallocTotal:     409600 kB
VmallocUsed:       33240 kB
VmallocChunk:     120860 kB
Time pass: 198 sec

---2015-11-24 16:21:55
MemTotal:        1959952 kB
MemFree:          115312 kB
Buffers:            3024 kB
Cached:           887732 kB
SwapCached:         1756 kB
Active:           773248 kB
Inactive:         576888 kB
Active(anon):     289984 kB
Inactive(anon):   172132 kB
Active(file):     483264 kB
Inactive(file):   404756 kB
Unevictable:        1768 kB
Mlocked:               0 kB
HighTotal:       1372556 kB
HighFree:          39608 kB
LowTotal:         587396 kB
LowFree:           75704 kB
SwapTotal:        262140 kB
SwapFree:         220648 kB
Dirty:               992 kB
Writeback:             0 kB
AnonPages:        460948 kB
Mapped:           391568 kB
Shmem:               968 kB
Slab:              56456 kB
SReclaimable:      16912 kB
SUnreclaim:        39544 kB
KernelStack:       16608 kB
PageTables:        28164 kB
NFS_Unstable:          0 kB
Bounce:                0 kB
WritebackTmp:          0 kB
CommitLimit:     1242116 kB
Committed_AS:   56848224 kB
VmallocTotal:     409600 kB
VmallocUsed:       33240 kB
VmallocChunk:     120860 kB
Time pass: 202 sec

---2015-11-24 16:21:55
MemTotal:        1959952 kB
MemFree:          114508 kB
Buffers:            3024 kB
Cached:           887732 kB
SwapCached:         1756 kB
Active:           773840 kB
Inactive:         576876 kB
Active(anon):     290564 kB
Inactive(anon):   172132 kB
Active(file):     483276 kB
Inactive(file):   404744 kB
Unevictable:        1768 kB
Mlocked:               0 kB
HighTotal:       1372556 kB
HighFree:          38656 kB
LowTotal:         587396 kB
LowFree:           75852 kB
SwapTotal:        262140 kB
SwapFree:         220648 kB
Dirty:              1004 kB
Writeback:             0 kB
AnonPages:        461764 kB
Mapped:           391596 kB
Shmem:               968 kB
Slab:              56552 kB
SReclaimable:      16912 kB
SUnreclaim:        39640 kB
KernelStack:       16608 kB
PageTables:        28168 kB
NFS_Unstable:          0 kB
Bounce:                0 kB
WritebackTmp:          0 kB
CommitLimit:     1242116 kB
Committed_AS:   56849652 kB
VmallocTotal:     409600 kB
VmallocUsed:       33240 kB
VmallocChunk:     120860 kB
Time pass: 206 sec

---2015-11-24 16:21:55
MemTotal:        1959952 kB
MemFree:           88640 kB
Buffers:            3024 kB
Cached:           887872 kB
SwapCached:         1756 kB
Active:           797000 kB
Inactive:         576972 kB
Active(anon):     313716 kB
Inactive(anon):   172104 kB
Active(file):     483284 kB
Inactive(file):   404868 kB
Unevictable:        1768 kB
Mlocked:               0 kB
HighTotal:       1372556 kB
HighFree:          24148 kB
LowTotal:         587396 kB
LowFree:           64492 kB
SwapTotal:        262140 kB
SwapFree:         220648 kB
Dirty:              1040 kB
Writeback:             0 kB
AnonPages:        484884 kB
Mapped:           399560 kB
Shmem:               976 kB
Slab:              56596 kB
SReclaimable:      16912 kB
SUnreclaim:        39684 kB
KernelStack:       17136 kB
PageTables:        29628 kB
NFS_Unstable:          0 kB
Bounce:                0 kB
WritebackTmp:          0 kB
CommitLimit:     1242116 kB
Committed_AS:   60681400 kB
VmallocTotal:     409600 kB
VmallocUsed:       37320 kB
VmallocChunk:     120860 kB
Time pass: 210 sec

---2015-11-24 16:21:55
MemTotal:        1959952 kB
MemFree:          104612 kB
Buffers:            3024 kB
Cached:           866240 kB
SwapCached:         1756 kB
Active:           787812 kB
Inactive:         573584 kB
Active(anon):     319212 kB
Inactive(anon):   175728 kB
Active(file):     468600 kB
Inactive(file):   397856 kB
Unevictable:        1768 kB
Mlocked:               0 kB
HighTotal:       1372556 kB
HighFree:          42764 kB
LowTotal:         587396 kB
LowFree:           61848 kB
SwapTotal:        262140 kB
SwapFree:         218852 kB
Dirty:              1040 kB
Writeback:             0 kB
AnonPages:        493672 kB
Mapped:           395348 kB
Shmem:              1040 kB
Slab:              56912 kB
SReclaimable:      16940 kB
SUnreclaim:        39972 kB
KernelStack:       16888 kB
PageTables:        29292 kB
NFS_Unstable:          0 kB
Bounce:                0 kB
WritebackTmp:          0 kB
CommitLimit:     1242116 kB
Committed_AS:   59739796 kB
VmallocTotal:     409600 kB
VmallocUsed:       36300 kB
VmallocChunk:     120860 kB
Time pass: 214 sec

---2015-11-24 16:21:55
MemTotal:        1959952 kB
MemFree:          120428 kB
Buffers:            3024 kB
Cached:           866208 kB
SwapCached:         1756 kB
Active:           772560 kB
Inactive:         572716 kB
Active(anon):     303176 kB
Inactive(anon):   175636 kB
Active(file):     469384 kB
Inactive(file):   397080 kB
Unevictable:        1768 kB
Mlocked:               0 kB
HighTotal:       1372556 kB
HighFree:          46548 kB
LowTotal:         587396 kB
LowFree:           73880 kB
SwapTotal:        262140 kB
SwapFree:         218852 kB
Dirty:              1024 kB
Writeback:             0 kB
AnonPages:        477552 kB
Mapped:           394060 kB
Shmem:              1000 kB
Slab:              56716 kB
SReclaimable:      17036 kB
SUnreclaim:        39680 kB
KernelStack:       16760 kB
PageTables:        28484 kB
NFS_Unstable:          0 kB
Bounce:                0 kB
WritebackTmp:          0 kB
CommitLimit:     1242116 kB
Committed_AS:   57805180 kB
VmallocTotal:     409600 kB
VmallocUsed:       34260 kB
VmallocChunk:     120860 kB
Time pass: 217 sec

---2015-11-24 16:21:55
MemTotal:        1959952 kB
MemFree:          136120 kB
Buffers:            3024 kB
Cached:           866200 kB
SwapCached:         1756 kB
Active:           757292 kB
Inactive:         572704 kB
Active(anon):     287904 kB
Inactive(anon):   175636 kB
Active(file):     469388 kB
Inactive(file):   397068 kB
Unevictable:        1768 kB
Mlocked:               0 kB
HighTotal:       1372556 kB
HighFree:          56280 kB
LowTotal:         587396 kB
LowFree:           79840 kB
SwapTotal:        262140 kB
SwapFree:         218852 kB
Dirty:              1032 kB
Writeback:             0 kB
AnonPages:        462344 kB
Mapped:           393500 kB
Shmem:              1000 kB
Slab:              56784 kB
SReclaimable:      17036 kB
SUnreclaim:        39748 kB
KernelStack:       16608 kB
PageTables:        28172 kB
NFS_Unstable:          0 kB
Bounce:                0 kB
WritebackTmp:          0 kB
CommitLimit:     1242116 kB
Committed_AS:   56850944 kB
VmallocTotal:     409600 kB
VmallocUsed:       33240 kB
VmallocChunk:     120860 kB
Time pass: 221 sec

---2015-11-24 16:21:55
MemTotal:        1959952 kB
MemFree:          134868 kB
Buffers:            4176 kB
Cached:           866296 kB
SwapCached:         1756 kB
Active:           757572 kB
Inactive:         573948 kB
Active(anon):     288176 kB
Inactive(anon):   175640 kB
Active(file):     469396 kB
Inactive(file):   398308 kB
Unevictable:        1768 kB
Mlocked:               0 kB
HighTotal:       1372556 kB
HighFree:          56028 kB
LowTotal:         587396 kB
LowFree:           78840 kB
SwapTotal:        262140 kB
SwapFree:         218856 kB
Dirty:              1152 kB
Writeback:             0 kB
AnonPages:        462624 kB
Mapped:           393500 kB
Shmem:              1000 kB
Slab:              56816 kB
SReclaimable:      17036 kB
SUnreclaim:        39780 kB
KernelStack:       16608 kB
PageTables:        28168 kB
NFS_Unstable:          0 kB
Bounce:                0 kB
WritebackTmp:          0 kB
CommitLimit:     1242116 kB
Committed_AS:   56851076 kB
VmallocTotal:     409600 kB
VmallocUsed:       33240 kB
VmallocChunk:     120860 kB
Time pass: 225 sec

---2015-11-24 16:21:55
MemTotal:        1959952 kB
MemFree:          129804 kB
Buffers:            4176 kB
Cached:           866296 kB
SwapCached:         1756 kB
Active:           763428 kB
Inactive:         573764 kB
Active(anon):     293852 kB
Inactive(anon):   175636 kB
Active(file):     469576 kB
Inactive(file):   398128 kB
Unevictable:        1768 kB
Mlocked:               0 kB
HighTotal:       1372556 kB
HighFree:          51020 kB
LowTotal:         587396 kB
LowFree:           78784 kB
SwapTotal:        262140 kB
SwapFree:         218856 kB
Dirty:              1184 kB
Writeback:             0 kB
AnonPages:        468332 kB
Mapped:           393500 kB
Shmem:              1000 kB
Slab:              56848 kB
SReclaimable:      17036 kB
SUnreclaim:        39812 kB
KernelStack:       16608 kB
PageTables:        28172 kB
NFS_Unstable:          0 kB
Bounce:                0 kB
WritebackTmp:          0 kB
CommitLimit:     1242116 kB
Committed_AS:   56851176 kB
VmallocTotal:     409600 kB
VmallocUsed:       33240 kB
VmallocChunk:     120860 kB
Time pass: 228 sec

---2015-11-24 16:21:55
MemTotal:        1959952 kB
MemFree:          131344 kB
Buffers:            4176 kB
Cached:           866296 kB
SwapCached:         1756 kB
Active:           762000 kB
Inactive:         573744 kB
Active(anon):     292404 kB
Inactive(anon):   175636 kB
Active(file):     469596 kB
Inactive(file):   398108 kB
Unevictable:        1768 kB
Mlocked:               0 kB
HighTotal:       1372556 kB
HighFree:          51504 kB
LowTotal:         587396 kB
LowFree:           79840 kB
SwapTotal:        262140 kB
SwapFree:         218856 kB
Dirty:              1052 kB
Writeback:             0 kB
AnonPages:        466944 kB
Mapped:           393176 kB
Shmem:              1000 kB
Slab:              56676 kB
SReclaimable:      16972 kB
SUnreclaim:        39704 kB
KernelStack:       16448 kB
PageTables:        27816 kB
NFS_Unstable:          0 kB
Bounce:                0 kB
WritebackTmp:          0 kB
CommitLimit:     1242116 kB
Committed_AS:   55901404 kB
VmallocTotal:     409600 kB
VmallocUsed:       32220 kB
VmallocChunk:     120860 kB
Time pass: 232 sec

---2015-11-24 16:21:55
MemTotal:        1959952 kB
MemFree:          135776 kB
Buffers:            4176 kB
Cached:           866296 kB
SwapCached:         1756 kB
Active:           757940 kB
Inactive:         573744 kB
Active(anon):     288344 kB
Inactive(anon):   175636 kB
Active(file):     469596 kB
Inactive(file):   398108 kB
Unevictable:        1768 kB
Mlocked:               0 kB
HighTotal:       1372556 kB
HighFree:          55908 kB
LowTotal:         587396 kB
LowFree:           79868 kB
SwapTotal:        262140 kB
SwapFree:         218856 kB
Dirty:              1056 kB
Writeback:             0 kB
AnonPages:        462784 kB
Mapped:           393172 kB
Shmem:              1000 kB
Slab:              56580 kB
SReclaimable:      16972 kB
SUnreclaim:        39608 kB
KernelStack:       16416 kB
PageTables:        27812 kB
NFS_Unstable:          0 kB
Bounce:                0 kB
WritebackTmp:          0 kB
CommitLimit:     1242116 kB
Committed_AS:   55901376 kB
VmallocTotal:     409600 kB
VmallocUsed:       32220 kB
VmallocChunk:     120860 kB
Time pass: 236 sec

---2015-11-24 16:21:55
MemTotal:        1959952 kB
MemFree:          135844 kB
Buffers:            4176 kB
Cached:           866296 kB
SwapCached:         1756 kB
Active:           758204 kB
Inactive:         573744 kB
Active(anon):     288608 kB
Inactive(anon):   175636 kB
Active(file):     469596 kB
Inactive(file):   398108 kB
Unevictable:        1768 kB
Mlocked:               0 kB
HighTotal:       1372556 kB
HighFree:          55868 kB
LowTotal:         587396 kB
LowFree:           79976 kB
SwapTotal:        262140 kB
SwapFree:         218856 kB
Dirty:              1056 kB
Writeback:             0 kB
AnonPages:        462972 kB
Mapped:           393172 kB
Shmem:              1000 kB
Slab:              56580 kB
SReclaimable:      16972 kB
SUnreclaim:        39608 kB
KernelStack:       16416 kB
PageTables:        27812 kB
NFS_Unstable:          0 kB
Bounce:                0 kB
WritebackTmp:          0 kB
CommitLimit:     1242116 kB
Committed_AS:   55901452 kB
VmallocTotal:     409600 kB
VmallocUsed:       32220 kB
VmallocChunk:     120860 kB
Time pass: 239 sec

---2015-11-24 16:21:55
MemTotal:        1959952 kB
MemFree:          135504 kB
Buffers:            4176 kB
Cached:           866296 kB
SwapCached:         1756 kB
Active:           758452 kB
Inactive:         573744 kB
Active(anon):     288856 kB
Inactive(anon):   175636 kB
Active(file):     469596 kB
Inactive(file):   398108 kB
Unevictable:        1768 kB
Mlocked:               0 kB
HighTotal:       1372556 kB
HighFree:          55736 kB
LowTotal:         587396 kB
LowFree:           79768 kB
SwapTotal:        262140 kB
SwapFree:         218856 kB
Dirty:              1052 kB
Writeback:             0 kB
AnonPages:        463376 kB
Mapped:           393172 kB
Shmem:              1000 kB
Slab:              56804 kB
SReclaimable:      16972 kB
SUnreclaim:        39832 kB
KernelStack:       16392 kB
PageTables:        27812 kB
NFS_Unstable:          0 kB
Bounce:                0 kB
WritebackTmp:          0 kB
CommitLimit:     1242116 kB
Committed_AS:   55901492 kB
VmallocTotal:     409600 kB
VmallocUsed:       32220 kB
VmallocChunk:     120860 kB
Time pass: 243 sec

---2015-11-24 16:21:55
MemTotal:        1959952 kB
MemFree:          125772 kB
Buffers:            4176 kB
Cached:           866296 kB
SwapCached:         1756 kB
Active:           768480 kB
Inactive:         573740 kB
Active(anon):     298880 kB
Inactive(anon):   175636 kB
Active(file):     469600 kB
Inactive(file):   398104 kB
Unevictable:        1768 kB
Mlocked:               0 kB
HighTotal:       1372556 kB
HighFree:          46068 kB
LowTotal:         587396 kB
LowFree:           79704 kB
SwapTotal:        262140 kB
SwapFree:         218856 kB
Dirty:              1076 kB
Writeback:             0 kB
AnonPages:        473532 kB
Mapped:           399160 kB
Shmem:              1000 kB
Slab:              56612 kB
SReclaimable:      16972 kB
SUnreclaim:        39640 kB
KernelStack:       16656 kB
PageTables:        28220 kB
NFS_Unstable:          0 kB
Bounce:                0 kB
WritebackTmp:          0 kB
CommitLimit:     1242116 kB
Committed_AS:   56870668 kB
VmallocTotal:     409600 kB
VmallocUsed:       32220 kB
VmallocChunk:     120860 kB
Time pass: 247 sec

---2015-11-24 16:21:55
MemTotal:        1959952 kB
MemFree:          125808 kB
Buffers:            4176 kB
Cached:           866820 kB
SwapCached:         1764 kB
Active:           770228 kB
Inactive:         571936 kB
Active(anon):     298348 kB
Inactive(anon):   175676 kB
Active(file):     471880 kB
Inactive(file):   396260 kB
Unevictable:        1768 kB
Mlocked:               0 kB
HighTotal:       1372556 kB
HighFree:          39904 kB
LowTotal:         587396 kB
LowFree:           85904 kB
SwapTotal:        262140 kB
SwapFree:         218856 kB
Dirty:              1044 kB
Writeback:             0 kB
AnonPages:        473196 kB
Mapped:           372640 kB
Shmem:              1068 kB
Slab:              56528 kB
SReclaimable:      16972 kB
SUnreclaim:        39556 kB
KernelStack:       16296 kB
PageTables:        28032 kB
NFS_Unstable:          0 kB
Bounce:                0 kB
WritebackTmp:          0 kB
CommitLimit:     1242116 kB
Committed_AS:   57833956 kB
VmallocTotal:     409600 kB
VmallocUsed:       29172 kB
VmallocChunk:     120860 kB
Time pass: 251 sec

---2015-11-24 16:21:55
MemTotal:        1959952 kB
MemFree:          114480 kB
Buffers:            4176 kB
Cached:           867460 kB
SwapCached:         1764 kB
Active:           786864 kB
Inactive:         566008 kB
Active(anon):     308432 kB
Inactive(anon):   175576 kB
Active(file):     478432 kB
Inactive(file):   390432 kB
Unevictable:        1768 kB
Mlocked:               0 kB
HighTotal:       1372556 kB
HighFree:          35440 kB
LowTotal:         587396 kB
LowFree:           79040 kB
SwapTotal:        262140 kB
SwapFree:         218856 kB
Dirty:              1140 kB
Writeback:             0 kB
AnonPages:        482600 kB
Mapped:           385692 kB
Shmem:              1004 kB
Slab:              56588 kB
SReclaimable:      16972 kB
SUnreclaim:        39616 kB
KernelStack:       16488 kB
PageTables:        28188 kB
NFS_Unstable:          0 kB
Bounce:                0 kB
WritebackTmp:          0 kB
CommitLimit:     1242116 kB
Committed_AS:   57806292 kB
VmallocTotal:     409600 kB
VmallocUsed:       27132 kB
VmallocChunk:     120860 kB
Time pass: 254 sec

---2015-11-24 16:21:55
MemTotal:        1959952 kB
MemFree:          121332 kB
Buffers:            4176 kB
Cached:           867552 kB
SwapCached:         1764 kB
Active:           781240 kB
Inactive:         565236 kB
Active(anon):     301968 kB
Inactive(anon):   175620 kB
Active(file):     479272 kB
Inactive(file):   389616 kB
Unevictable:        1768 kB
Mlocked:               0 kB
HighTotal:       1372556 kB
HighFree:          36112 kB
LowTotal:         587396 kB
LowFree:           85220 kB
SwapTotal:        262140 kB
SwapFree:         218856 kB
Dirty:              1132 kB
Writeback:             0 kB
AnonPages:        476500 kB
Mapped:           382544 kB
Shmem:              1072 kB
Slab:              56588 kB
SReclaimable:      16972 kB
SUnreclaim:        39616 kB
KernelStack:       16376 kB
PageTables:        28208 kB
NFS_Unstable:          0 kB
Bounce:                0 kB
WritebackTmp:          0 kB
CommitLimit:     1242116 kB
Committed_AS:   57834852 kB
VmallocTotal:     409600 kB
VmallocUsed:       30192 kB
VmallocChunk:     120860 kB
Time pass: 258 sec

---2015-11-24 16:21:55
MemTotal:        1959952 kB
MemFree:          131284 kB
Buffers:            4176 kB
Cached:           867608 kB
SwapCached:         1764 kB
Active:           772952 kB
Inactive:         564384 kB
Active(anon):     292776 kB
Inactive(anon):   175548 kB
Active(file):     480176 kB
Inactive(file):   388836 kB
Unevictable:        1768 kB
Mlocked:               0 kB
HighTotal:       1372556 kB
HighFree:          42268 kB
LowTotal:         587396 kB
LowFree:           89016 kB
SwapTotal:        262140 kB
SwapFree:         218856 kB
Dirty:              1064 kB
Writeback:             0 kB
AnonPages:        467096 kB
Mapped:           367432 kB
Shmem:              1004 kB
Slab:              56588 kB
SReclaimable:      16932 kB
SUnreclaim:        39656 kB
KernelStack:       15896 kB
PageTables:        27320 kB
NFS_Unstable:          0 kB
Bounce:                0 kB
WritebackTmp:          0 kB
CommitLimit:     1242116 kB
Committed_AS:   55895816 kB
VmallocTotal:     409600 kB
VmallocUsed:       32232 kB
VmallocChunk:     120860 kB
Time pass: 263 sec

---2015-11-24 16:21:55
MemTotal:        1959952 kB
MemFree:          136516 kB
Buffers:            4176 kB
Cached:           867608 kB
SwapCached:         1764 kB
Active:           766808 kB
Inactive:         564380 kB
Active(anon):     286632 kB
Inactive(anon):   175544 kB
Active(file):     480176 kB
Inactive(file):   388836 kB
Unevictable:        1768 kB
Mlocked:               0 kB
HighTotal:       1372556 kB
HighFree:          47316 kB
LowTotal:         587396 kB
LowFree:           89200 kB
SwapTotal:        262140 kB
SwapFree:         218856 kB
Dirty:              1084 kB
Writeback:             0 kB
AnonPages:        461048 kB
Mapped:           373308 kB
Shmem:              1004 kB
Slab:              56492 kB
SReclaimable:      16932 kB
SUnreclaim:        39560 kB
KernelStack:       16072 kB
PageTables:        27804 kB
NFS_Unstable:          0 kB
Bounce:                0 kB
WritebackTmp:          0 kB
CommitLimit:     1242116 kB
Committed_AS:   56858880 kB
VmallocTotal:     409600 kB
VmallocUsed:       33252 kB
VmallocChunk:     120860 kB
Time pass: 267 sec

---2015-11-24 16:21:55
MemTotal:        1959952 kB
MemFree:          141868 kB
Buffers:            4176 kB
Cached:           867608 kB
SwapCached:         1764 kB
Active:           762852 kB
Inactive:         564372 kB
Active(anon):     282668 kB
Inactive(anon):   175544 kB
Active(file):     480184 kB
Inactive(file):   388828 kB
Unevictable:        1768 kB
Mlocked:               0 kB
HighTotal:       1372556 kB
HighFree:          52180 kB
LowTotal:         587396 kB
LowFree:           89688 kB
SwapTotal:        262140 kB
SwapFree:         218856 kB
Dirty:              1052 kB
Writeback:             0 kB
AnonPages:        457160 kB
Mapped:           367508 kB
Shmem:              1004 kB
Slab:              56460 kB
SReclaimable:      16932 kB
SUnreclaim:        39528 kB
KernelStack:       15880 kB
PageTables:        27408 kB
NFS_Unstable:          0 kB
Bounce:                0 kB
WritebackTmp:          0 kB
CommitLimit:     1242116 kB
Committed_AS:   55890020 kB
VmallocTotal:     409600 kB
VmallocUsed:       32232 kB
VmallocChunk:     120860 kB
Time pass: 270 sec

---2015-11-24 16:21:55
MemTotal:        1959952 kB
MemFree:          145252 kB
Buffers:            4176 kB
Cached:           867608 kB
SwapCached:         1764 kB
Active:           759872 kB
Inactive:         564368 kB
Active(anon):     279688 kB
Inactive(anon):   175540 kB
Active(file):     480184 kB
Inactive(file):   388828 kB
Unevictable:        1768 kB
Mlocked:               0 kB
HighTotal:       1372556 kB
HighFree:          55632 kB
LowTotal:         587396 kB
LowFree:           89620 kB
SwapTotal:        262140 kB
SwapFree:         218856 kB
Dirty:              1052 kB
Writeback:             0 kB
AnonPages:        454184 kB
Mapped:           367600 kB
Shmem:              1004 kB
Slab:              56452 kB
SReclaimable:      16932 kB
SUnreclaim:        39520 kB
KernelStack:       15872 kB
PageTables:        27424 kB
NFS_Unstable:          0 kB
Bounce:                0 kB
WritebackTmp:          0 kB
CommitLimit:     1242116 kB
Committed_AS:   55891276 kB
VmallocTotal:     409600 kB
VmallocUsed:       32232 kB
VmallocChunk:     120860 kB
Time pass: 274 sec

---2015-11-24 16:21:55
MemTotal:        1959952 kB
MemFree:          133036 kB
Buffers:            4176 kB
Cached:           867608 kB
SwapCached:         1764 kB
Active:           771296 kB
Inactive:         564372 kB
Active(anon):     291116 kB
Inactive(anon):   175540 kB
Active(file):     480180 kB
Inactive(file):   388832 kB
Unevictable:        1768 kB
Mlocked:               0 kB
HighTotal:       1372556 kB
HighFree:          43996 kB
LowTotal:         587396 kB
LowFree:           89040 kB
SwapTotal:        262140 kB
SwapFree:         218856 kB
Dirty:              1040 kB
Writeback:             0 kB
AnonPages:        465392 kB
Mapped:           380792 kB
Shmem:              1004 kB
Slab:              56556 kB
SReclaimable:      16932 kB
SUnreclaim:        39624 kB
KernelStack:       16320 kB
PageTables:        27968 kB
NFS_Unstable:          0 kB
Bounce:                0 kB
WritebackTmp:          0 kB
CommitLimit:     1242116 kB
Committed_AS:   56843516 kB
VmallocTotal:     409600 kB
VmallocUsed:       33252 kB
VmallocChunk:     120860 kB
Time pass: 278 sec

---2015-11-24 16:21:55
MemTotal:        1959952 kB
MemFree:          122796 kB
Buffers:            4176 kB
Cached:           867672 kB
SwapCached:         1764 kB
Active:           780920 kB
Inactive:         564424 kB
Active(anon):     300728 kB
Inactive(anon):   175540 kB
Active(file):     480192 kB
Inactive(file):   388884 kB
Unevictable:        1768 kB
Mlocked:               0 kB
HighTotal:       1372556 kB
HighFree:          33944 kB
LowTotal:         587396 kB
LowFree:           88852 kB
SwapTotal:        262140 kB
SwapFree:         218856 kB
Dirty:              1056 kB
Writeback:             0 kB
AnonPages:        475224 kB
Mapped:           391264 kB
Shmem:              1004 kB
Slab:              56524 kB
SReclaimable:      16932 kB
SUnreclaim:        39592 kB
KernelStack:       16488 kB
PageTables:        28140 kB
NFS_Unstable:          0 kB
Bounce:                0 kB
WritebackTmp:          0 kB
CommitLimit:     1242116 kB
Committed_AS:   56852704 kB
VmallocTotal:     409600 kB
VmallocUsed:       33252 kB
VmallocChunk:     120860 kB
Time pass: 281 sec

---2015-11-24 16:21:55
MemTotal:        1959952 kB
MemFree:          118440 kB
Buffers:            4176 kB
Cached:           867708 kB
SwapCached:         1764 kB
Active:           784404 kB
Inactive:         564460 kB
Active(anon):     304212 kB
Inactive(anon):   175548 kB
Active(file):     480192 kB
Inactive(file):   388912 kB
Unevictable:        1768 kB
Mlocked:               0 kB
HighTotal:       1372556 kB
HighFree:          30076 kB
LowTotal:         587396 kB
LowFree:           88364 kB
SwapTotal:        262140 kB
SwapFree:         218856 kB
Dirty:               988 kB
Writeback:             0 kB
AnonPages:        478940 kB
Mapped:           396996 kB
Shmem:              1012 kB
Slab:              56540 kB
SReclaimable:      16932 kB
SUnreclaim:        39608 kB
KernelStack:       16624 kB
PageTables:        28496 kB
NFS_Unstable:          0 kB
Bounce:                0 kB
WritebackTmp:          0 kB
CommitLimit:     1242116 kB
Committed_AS:   57822104 kB
VmallocTotal:     409600 kB
VmallocUsed:       34272 kB
VmallocChunk:     120860 kB
Time pass: 285 sec

---2015-11-24 16:21:55
MemTotal:        1959952 kB
MemFree:          117684 kB
Buffers:            4176 kB
Cached:           868000 kB
SwapCached:         1764 kB
Active:           785316 kB
Inactive:         564728 kB
Active(anon):     305120 kB
Inactive(anon):   175600 kB
Active(file):     480196 kB
Inactive(file):   389128 kB
Unevictable:        1768 kB
Mlocked:               0 kB
HighTotal:       1372556 kB
HighFree:          34428 kB
LowTotal:         587396 kB
LowFree:           83256 kB
SwapTotal:        262140 kB
SwapFree:         218856 kB
Dirty:              1088 kB
Writeback:             0 kB
AnonPages:        479644 kB
Mapped:           383436 kB
Shmem:              1084 kB
Slab:              56628 kB
SReclaimable:      16932 kB
SUnreclaim:        39696 kB
KernelStack:       16592 kB
PageTables:        28268 kB
NFS_Unstable:          0 kB
Bounce:                0 kB
WritebackTmp:          0 kB
CommitLimit:     1242116 kB
Committed_AS:   57840012 kB
VmallocTotal:     409600 kB
VmallocUsed:       34272 kB
VmallocChunk:     120860 kB
Time pass: 289 sec

---2015-11-24 16:21:55
MemTotal:        1959952 kB
MemFree:          101812 kB
Buffers:            4176 kB
Cached:           867936 kB
SwapCached:         1764 kB
Active:           801704 kB
Inactive:         564424 kB
Active(anon):     321284 kB
Inactive(anon):   175520 kB
Active(file):     480420 kB
Inactive(file):   388904 kB
Unevictable:        1768 kB
Mlocked:               0 kB
HighTotal:       1372556 kB
HighFree:          29112 kB
LowTotal:         587396 kB
LowFree:           72700 kB
SwapTotal:        262140 kB
SwapFree:         218856 kB
Dirty:              1064 kB
Writeback:             0 kB
AnonPages:        495480 kB
Mapped:           392788 kB
Shmem:              1020 kB
Slab:              56528 kB
SReclaimable:      16924 kB
SUnreclaim:        39604 kB
KernelStack:       16736 kB
PageTables:        28540 kB
NFS_Unstable:          0 kB
Bounce:                0 kB
WritebackTmp:          0 kB
CommitLimit:     1242116 kB
Committed_AS:   58794108 kB
VmallocTotal:     409600 kB
VmallocUsed:       36312 kB
VmallocChunk:     118812 kB
Time pass: 293 sec

---2015-11-24 16:21:55
MemTotal:        1959952 kB
MemFree:          134364 kB
Buffers:            4176 kB
Cached:           868004 kB
SwapCached:         1764 kB
Active:           771500 kB
Inactive:         564016 kB
Active(anon):     290608 kB
Inactive(anon):   175580 kB
Active(file):     480892 kB
Inactive(file):   388436 kB
Unevictable:        1768 kB
Mlocked:               0 kB
HighTotal:       1372556 kB
HighFree:          48548 kB
LowTotal:         587396 kB
LowFree:           85816 kB
SwapTotal:        262140 kB
SwapFree:         218856 kB
Dirty:              1084 kB
Writeback:             0 kB
AnonPages:        465168 kB
Mapped:           367608 kB
Shmem:              1084 kB
Slab:              56564 kB
SReclaimable:      16900 kB
SUnreclaim:        39664 kB
KernelStack:       16264 kB
PageTables:        28180 kB
NFS_Unstable:          0 kB
Bounce:                0 kB
WritebackTmp:          0 kB
CommitLimit:     1242116 kB
Committed_AS:   58697700 kB
VmallocTotal:     409600 kB
VmallocUsed:       30044 kB
VmallocChunk:     118812 kB
Time pass: 296 sec

---2015-11-24 16:21:55
MemTotal:        1959952 kB
MemFree:          102108 kB
Buffers:            4176 kB
Cached:           868080 kB
SwapCached:         1764 kB
Active:           801852 kB
Inactive:         564080 kB
Active(anon):     320952 kB
Inactive(anon):   175580 kB
Active(file):     480900 kB
Inactive(file):   388500 kB
Unevictable:        1768 kB
Mlocked:               0 kB
HighTotal:       1372556 kB
HighFree:          25156 kB
LowTotal:         587396 kB
LowFree:           76952 kB
SwapTotal:        262140 kB
SwapFree:         218856 kB
Dirty:              1080 kB
Writeback:             0 kB
AnonPages:        495716 kB
Mapped:           391264 kB
Shmem:              1088 kB
Slab:              56536 kB
SReclaimable:      16908 kB
SUnreclaim:        39628 kB
KernelStack:       16616 kB
PageTables:        28828 kB
NFS_Unstable:          0 kB
Bounce:                0 kB
WritebackTmp:          0 kB
CommitLimit:     1242116 kB
Committed_AS:   58758496 kB
VmallocTotal:     409600 kB
VmallocUsed:       25092 kB
VmallocChunk:     120860 kB
Time pass: 300 sec

---2015-11-24 16:21:55
MemTotal:        1959952 kB
MemFree:          101320 kB
Buffers:            4176 kB
Cached:           868228 kB
SwapCached:         1764 kB
Active:           801108 kB
Inactive:         564140 kB
Active(anon):     320220 kB
Inactive(anon):   175464 kB
Active(file):     480888 kB
Inactive(file):   388676 kB
Unevictable:        1768 kB
Mlocked:               0 kB
HighTotal:       1372556 kB
HighFree:          24152 kB
LowTotal:         587396 kB
LowFree:           77168 kB
SwapTotal:        262140 kB
SwapFree:         218856 kB
Dirty:              1056 kB
Writeback:             0 kB
AnonPages:        494732 kB
Mapped:           397664 kB
Shmem:              1072 kB
Slab:              56528 kB
SReclaimable:      16916 kB
SUnreclaim:        39612 kB
KernelStack:       16760 kB
PageTables:        28756 kB
NFS_Unstable:          0 kB
Bounce:                0 kB
WritebackTmp:          0 kB
CommitLimit:     1242116 kB
Committed_AS:   58767528 kB
VmallocTotal:     409600 kB
VmallocUsed:       24072 kB
VmallocChunk:     120860 kB
Time pass: 304 sec

---2015-11-24 16:21:55
MemTotal:        1959952 kB
MemFree:          118280 kB
Buffers:            4176 kB
Cached:           868236 kB
SwapCached:         1764 kB
Active:           784988 kB
Inactive:         564132 kB
Active(anon):     304100 kB
Inactive(anon):   175456 kB
Active(file):     480888 kB
Inactive(file):   388676 kB
Unevictable:        1768 kB
Mlocked:               0 kB
HighTotal:       1372556 kB
HighFree:          42484 kB
LowTotal:         587396 kB
LowFree:           75796 kB
SwapTotal:        262140 kB
SwapFree:         218856 kB
Dirty:              1076 kB
Writeback:             0 kB
AnonPages:        478312 kB
Mapped:           391780 kB
Shmem:              1080 kB
Slab:              56488 kB
SReclaimable:      16932 kB
SUnreclaim:        39556 kB
KernelStack:       16608 kB
PageTables:        28180 kB
NFS_Unstable:          0 kB
Bounce:                0 kB
WritebackTmp:          0 kB
CommitLimit:     1242116 kB
Committed_AS:   56844308 kB
VmallocTotal:     409600 kB
VmallocUsed:       24072 kB
VmallocChunk:     120860 kB
Time pass: 308 sec

---2015-11-24 16:21:55
MemTotal:        1959952 kB
MemFree:          121368 kB
Buffers:            4176 kB
Cached:           868236 kB
SwapCached:         1764 kB
Active:           781736 kB
Inactive:         564124 kB
Active(anon):     300840 kB
Inactive(anon):   175456 kB
Active(file):     480896 kB
Inactive(file):   388668 kB
Unevictable:        1768 kB
Mlocked:               0 kB
HighTotal:       1372556 kB
HighFree:          44196 kB
LowTotal:         587396 kB
LowFree:           77172 kB
SwapTotal:        262140 kB
SwapFree:         218856 kB
Dirty:              1068 kB
Writeback:             0 kB
AnonPages:        474972 kB
Mapped:           391684 kB
Shmem:              1080 kB
Slab:              56484 kB
SReclaimable:      16932 kB
SUnreclaim:        39552 kB
KernelStack:       16672 kB
PageTables:        28200 kB
NFS_Unstable:          0 kB
Bounce:                0 kB
WritebackTmp:          0 kB
CommitLimit:     1242116 kB
Committed_AS:   56844476 kB
VmallocTotal:     409600 kB
VmallocUsed:       24072 kB
VmallocChunk:     120860 kB
Time pass: 311 sec

---2015-11-24 16:21:55
MemTotal:        1959952 kB
MemFree:          120688 kB
Buffers:            4176 kB
Cached:           868236 kB
SwapCached:         1764 kB
Active:           782276 kB
Inactive:         564120 kB
Active(anon):     301380 kB
Inactive(anon):   175452 kB
Active(file):     480896 kB
Inactive(file):   388668 kB
Unevictable:        1768 kB
Mlocked:               0 kB
HighTotal:       1372556 kB
HighFree:          43108 kB
LowTotal:         587396 kB
LowFree:           77580 kB
SwapTotal:        262140 kB
SwapFree:         218856 kB
Dirty:              1128 kB
Writeback:             0 kB
AnonPages:        475632 kB
Mapped:           391900 kB
Shmem:              1080 kB
Slab:              56580 kB
SReclaimable:      16932 kB
SUnreclaim:        39648 kB
KernelStack:       16664 kB
PageTables:        28192 kB
NFS_Unstable:          0 kB
Bounce:                0 kB
WritebackTmp:          0 kB
CommitLimit:     1242116 kB
Committed_AS:   56844652 kB
VmallocTotal:     409600 kB
VmallocUsed:       24072 kB
VmallocChunk:     120860 kB
Time pass: 315 sec

---2015-11-24 16:21:55
MemTotal:        1959952 kB
MemFree:          120804 kB
Buffers:            4176 kB
Cached:           868236 kB
SwapCached:         1764 kB
Active:           782424 kB
Inactive:         564120 kB
Active(anon):     301528 kB
Inactive(anon):   175452 kB
Active(file):     480896 kB
Inactive(file):   388668 kB
Unevictable:        1768 kB
Mlocked:               0 kB
HighTotal:       1372556 kB
HighFree:          42368 kB
LowTotal:         587396 kB
LowFree:           78436 kB
SwapTotal:        262140 kB
SwapFree:         218856 kB
Dirty:              1128 kB
Writeback:             0 kB
AnonPages:        475864 kB
Mapped:           391900 kB
Shmem:              1080 kB
Slab:              56580 kB
SReclaimable:      16932 kB
SUnreclaim:        39648 kB
KernelStack:       16640 kB
PageTables:        28188 kB
NFS_Unstable:          0 kB
Bounce:                0 kB
WritebackTmp:          0 kB
CommitLimit:     1242116 kB
Committed_AS:   56844688 kB
VmallocTotal:     409600 kB
VmallocUsed:       24072 kB
VmallocChunk:     120860 kB
Time pass: 319 sec

---2015-11-24 16:21:55
MemTotal:        1959952 kB
MemFree:          118360 kB
Buffers:            4176 kB
Cached:           868236 kB
SwapCached:         1764 kB
Active:           784996 kB
Inactive:         564116 kB
Active(anon):     304096 kB
Inactive(anon):   175452 kB
Active(file):     480900 kB
Inactive(file):   388664 kB
Unevictable:        1768 kB
Mlocked:               0 kB
HighTotal:       1372556 kB
HighFree:          39408 kB
LowTotal:         587396 kB
LowFree:           78952 kB
SwapTotal:        262140 kB
SwapFree:         218856 kB
Dirty:              1068 kB
Writeback:             0 kB
AnonPages:        478640 kB
Mapped:           395580 kB
Shmem:              1080 kB
Slab:              56424 kB
SReclaimable:      16932 kB
SUnreclaim:        39492 kB
KernelStack:       16624 kB
PageTables:        28352 kB
NFS_Unstable:          0 kB
Bounce:                0 kB
WritebackTmp:          0 kB
CommitLimit:     1242116 kB
Committed_AS:   57804760 kB
VmallocTotal:     409600 kB
VmallocUsed:       25092 kB
VmallocChunk:     120860 kB
Time pass: 323 sec

---2015-11-24 16:21:55
MemTotal:        1959952 kB
MemFree:          113048 kB
Buffers:            4176 kB
Cached:           868340 kB
SwapCached:         1764 kB
Active:           789800 kB
Inactive:         564180 kB
Active(anon):     308896 kB
Inactive(anon):   175508 kB
Active(file):     480904 kB
Inactive(file):   388672 kB
Unevictable:        1768 kB
Mlocked:               0 kB
HighTotal:       1372556 kB
HighFree:          35792 kB
LowTotal:         587396 kB
LowFree:           77256 kB
SwapTotal:        262140 kB
SwapFree:         218856 kB
Dirty:              1096 kB
Writeback:             0 kB
AnonPages:        482704 kB
Mapped:           386660 kB
Shmem:              1172 kB
Slab:              56632 kB
SReclaimable:      16908 kB
SUnreclaim:        39724 kB
KernelStack:       16592 kB
PageTables:        28104 kB
NFS_Unstable:          0 kB
Bounce:                0 kB
WritebackTmp:          0 kB
CommitLimit:     1242116 kB
Committed_AS:   56888772 kB
VmallocTotal:     409600 kB
VmallocUsed:       29172 kB
VmallocChunk:     120860 kB
Time pass: 326 sec

---2015-11-24 16:21:55
MemTotal:        1959952 kB
MemFree:          113224 kB
Buffers:            4176 kB
Cached:           868264 kB
SwapCached:         1764 kB
Active:           789656 kB
Inactive:         564068 kB
Active(anon):     308736 kB
Inactive(anon):   175420 kB
Active(file):     480920 kB
Inactive(file):   388648 kB
Unevictable:        1768 kB
Mlocked:               0 kB
HighTotal:       1372556 kB
HighFree:          41884 kB
LowTotal:         587396 kB
LowFree:           71340 kB
SwapTotal:        262140 kB
SwapFree:         218856 kB
Dirty:              1072 kB
Writeback:             0 kB
AnonPages:        483084 kB
Mapped:           387540 kB
Shmem:              1104 kB
Slab:              56648 kB
SReclaimable:      16900 kB
SUnreclaim:        39748 kB
KernelStack:       16472 kB
PageTables:        28036 kB
NFS_Unstable:          0 kB
Bounce:                0 kB
WritebackTmp:          0 kB
CommitLimit:     1242116 kB
Committed_AS:   56850760 kB
VmallocTotal:     409600 kB
VmallocUsed:       29172 kB
VmallocChunk:     120860 kB
Time pass: 331 sec

---2015-11-24 16:21:55
MemTotal:        1959952 kB
MemFree:          124496 kB
Buffers:            4176 kB
Cached:           868272 kB
SwapCached:         1764 kB
Active:           778328 kB
Inactive:         564064 kB
Active(anon):     297396 kB
Inactive(anon):   175420 kB
Active(file):     480932 kB
Inactive(file):   388644 kB
Unevictable:        1768 kB
Mlocked:               0 kB
HighTotal:       1372556 kB
HighFree:          45204 kB
LowTotal:         587396 kB
LowFree:           79292 kB
SwapTotal:        262140 kB
SwapFree:         218856 kB
Dirty:              1060 kB
Writeback:             0 kB
AnonPages:        471548 kB
Mapped:           387636 kB
Shmem:              1104 kB
Slab:              56652 kB
SReclaimable:      16900 kB
SUnreclaim:        39752 kB
KernelStack:       16472 kB
PageTables:        28124 kB
NFS_Unstable:          0 kB
Bounce:                0 kB
WritebackTmp:          0 kB
CommitLimit:     1242116 kB
Committed_AS:   56847232 kB
VmallocTotal:     409600 kB
VmallocUsed:       29172 kB
VmallocChunk:     120860 kB
Time pass: 334 sec

---2015-11-24 16:21:55
MemTotal:        1959952 kB
MemFree:          125480 kB
Buffers:            4176 kB
Cached:           868272 kB
SwapCached:         1764 kB
Active:           778264 kB
Inactive:         564064 kB
Active(anon):     297332 kB
Inactive(anon):   175420 kB
Active(file):     480932 kB
Inactive(file):   388644 kB
Unevictable:        1768 kB
Mlocked:               0 kB
HighTotal:       1372556 kB
HighFree:          45984 kB
LowTotal:         587396 kB
LowFree:           79496 kB
SwapTotal:        262140 kB
SwapFree:         218856 kB
Dirty:              1068 kB
Writeback:             0 kB
AnonPages:        471488 kB
Mapped:           387640 kB
