---2015-12-05 11:13:24
MemTotal:        1350964 kB
MemFree:           51856 kB
Buffers:            8080 kB
Cached:           678336 kB
SwapCached:            0 kB
Active:           586632 kB
Inactive:         523920 kB
Active(anon):     426168 kB
Inactive(anon):     2600 kB
Active(file):     160464 kB
Inactive(file):   521320 kB
Unevictable:        1988 kB
Mlocked:               0 kB
HighTotal:        802816 kB
HighFree:           1652 kB
LowTotal:         548148 kB
LowFree:           50204 kB
SwapTotal:             0 kB
SwapFree:              0 kB
Dirty:                 0 kB
Writeback:             0 kB
AnonPages:        426176 kB
Mapped:           190364 kB
Shmem:              2644 kB
Slab:              32416 kB
SReclaimable:      11544 kB
SUnreclaim:        20872 kB
KernelStack:        9144 kB
PageTables:        18980 kB
NFS_Unstable:          0 kB
Bounce:                0 kB
WritebackTmp:          0 kB
CommitLimit:      675480 kB
Committed_AS:   45828596 kB
VmallocTotal:     253952 kB
VmallocUsed:       90780 kB
VmallocChunk:      49156 kB
Time pass: 3 sec

---2015-12-05 11:13:24
MemTotal:        1350964 kB
MemFree:           52152 kB
Buffers:            8088 kB
Cached:           678328 kB
SwapCached:            0 kB
Active:           585756 kB
Inactive:         523920 kB
Active(anon):     425292 kB
Inactive(anon):     2600 kB
Active(file):     160464 kB
Inactive(file):   521320 kB
Unevictable:        1988 kB
Mlocked:               0 kB
HighTotal:        802816 kB
HighFree:           1776 kB
LowTotal:         548148 kB
LowFree:           50376 kB
SwapTotal:             0 kB
SwapFree:              0 kB
Dirty:                 0 kB
Writeback:             0 kB
AnonPages:        425340 kB
Mapped:           190368 kB
Shmem:              2644 kB
Slab:              32460 kB
SReclaimable:      11544 kB
SUnreclaim:        20916 kB
KernelStack:        9144 kB
PageTables:        18980 kB
NFS_Unstable:          0 kB
Bounce:                0 kB
WritebackTmp:          0 kB
CommitLimit:      675480 kB
Committed_AS:   45828512 kB
VmallocTotal:     253952 kB
VmallocUsed:       90780 kB
VmallocChunk:      49156 kB
Time pass: 6 sec

---2015-12-05 11:13:24
MemTotal:        1350964 kB
MemFree:           52036 kB
Buffers:            8088 kB
Cached:           678336 kB
SwapCached:            0 kB
Active:           585760 kB
Inactive:         523916 kB
Active(anon):     425284 kB
Inactive(anon):     2600 kB
Active(file):     160476 kB
Inactive(file):   521316 kB
Unevictable:        1988 kB
Mlocked:               0 kB
HighTotal:        802816 kB
HighFree:           1652 kB
LowTotal:         548148 kB
LowFree:           50384 kB
SwapTotal:             0 kB
SwapFree:              0 kB
Dirty:                32 kB
Writeback:             0 kB
AnonPages:        425332 kB
Mapped:           190368 kB
Shmem:              2644 kB
Slab:              32488 kB
SReclaimable:      11544 kB
SUnreclaim:        20944 kB
KernelStack:        9136 kB
PageTables:        18980 kB
NFS_Unstable:          0 kB
Bounce:                0 kB
WritebackTmp:          0 kB
CommitLimit:      675480 kB
Committed_AS:   45828488 kB
VmallocTotal:     253952 kB
VmallocUsed:       90780 kB
VmallocChunk:      49156 kB
Time pass: 10 sec

---2015-12-05 11:13:24
MemTotal:        1350964 kB
MemFree:           51988 kB
Buffers:            8088 kB
Cached:           678336 kB
SwapCached:            0 kB
Active:           585776 kB
Inactive:         523916 kB
Active(anon):     425300 kB
Inactive(anon):     2600 kB
Active(file):     160476 kB
Inactive(file):   521316 kB
Unevictable:        1988 kB
Mlocked:               0 kB
HighTotal:        802816 kB
HighFree:           1528 kB
LowTotal:         548148 kB
LowFree:           50460 kB
SwapTotal:             0 kB
SwapFree:              0 kB
Dirty:                 0 kB
Writeback:             0 kB
AnonPages:        425200 kB
Mapped:           190220 kB
Shmem:              2644 kB
Slab:              32516 kB
SReclaimable:      11544 kB
SUnreclaim:        20972 kB
KernelStack:        9136 kB
PageTables:        18976 kB
NFS_Unstable:          0 kB
Bounce:                0 kB
WritebackTmp:          0 kB
CommitLimit:      675480 kB
Committed_AS:   45828472 kB
VmallocTotal:     253952 kB
VmallocUsed:       90780 kB
VmallocChunk:      49156 kB
Time pass: 13 sec

---2015-12-05 11:13:24
MemTotal:        1350964 kB
MemFree:           51896 kB
Buffers:            8132 kB
Cached:           678336 kB
SwapCached:            0 kB
Active:           585760 kB
Inactive:         523916 kB
Active(anon):     425284 kB
Inactive(anon):     2600 kB
Active(file):     160476 kB
Inactive(file):   521316 kB
Unevictable:        1988 kB
Mlocked:               0 kB
HighTotal:        802816 kB
HighFree:           1528 kB
LowTotal:         548148 kB
LowFree:           50368 kB
SwapTotal:             0 kB
SwapFree:              0 kB
Dirty:                 0 kB
Writeback:             0 kB
AnonPages:        425168 kB
Mapped:           190348 kB
Shmem:              2644 kB
Slab:              32496 kB
SReclaimable:      11544 kB
SUnreclaim:        20952 kB
KernelStack:        9136 kB
PageTables:        19000 kB
NFS_Unstable:          0 kB
Bounce:                0 kB
WritebackTmp:          0 kB
CommitLimit:      675480 kB
Committed_AS:   45828484 kB
VmallocTotal:     253952 kB
VmallocUsed:       90780 kB
VmallocChunk:      49156 kB
Time pass: 17 sec

---2015-12-05 11:13:24
MemTotal:        1350964 kB
MemFree:           18516 kB
Buffers:            8320 kB
Cached:           696476 kB
SwapCached:            0 kB
Active:           596612 kB
Inactive:         541164 kB
Active(anon):     435280 kB
Inactive(anon):     2600 kB
Active(file):     161332 kB
Inactive(file):   538564 kB
Unevictable:        1988 kB
Mlocked:               0 kB
HighTotal:        802816 kB
HighFree:           2020 kB
LowTotal:         548148 kB
LowFree:           16496 kB
SwapTotal:             0 kB
SwapFree:              0 kB
Dirty:               784 kB
Writeback:             0 kB
AnonPages:        435192 kB
Mapped:           203816 kB
Shmem:              2644 kB
Slab:              32616 kB
SReclaimable:      11628 kB
SUnreclaim:        20988 kB
KernelStack:        9288 kB
PageTables:        19420 kB
NFS_Unstable:          0 kB
Bounce:                0 kB
WritebackTmp:          0 kB
CommitLimit:      675480 kB
Committed_AS:   46732036 kB
VmallocTotal:     253952 kB
VmallocUsed:       92376 kB
VmallocChunk:      49156 kB
Time pass: 21 sec

---2015-12-05 11:13:24
MemTotal:        1350964 kB
MemFree:           32332 kB
Buffers:            7852 kB
Cached:           631548 kB
SwapCached:            0 kB
Active:           621504 kB
Inactive:         473908 kB
Active(anon):     458048 kB
Inactive(anon):     2732 kB
Active(file):     163456 kB
Inactive(file):   471176 kB
Unevictable:        1988 kB
Mlocked:               0 kB
HighTotal:        802816 kB
HighFree:           5248 kB
LowTotal:         548148 kB
LowFree:           27084 kB
SwapTotal:             0 kB
SwapFree:              0 kB
Dirty:               308 kB
Writeback:             0 kB
AnonPages:        458076 kB
Mapped:           213124 kB
Shmem:              2776 kB
Slab:              32864 kB
SReclaimable:      11732 kB
SUnreclaim:        21132 kB
KernelStack:        9616 kB
PageTables:        19712 kB
NFS_Unstable:          0 kB
Bounce:                0 kB
WritebackTmp:          0 kB
CommitLimit:      675480 kB
Committed_AS:   46793780 kB
VmallocTotal:     253952 kB
VmallocUsed:       92816 kB
VmallocChunk:      49156 kB
Time pass: 24 sec

---2015-12-05 11:13:24
MemTotal:        1350964 kB
MemFree:           35376 kB
Buffers:            7852 kB
Cached:           609812 kB
SwapCached:            0 kB
Active:           626116 kB
Inactive:         451948 kB
Active(anon):     462432 kB
Inactive(anon):     2732 kB
Active(file):     163684 kB
Inactive(file):   449216 kB
Unevictable:        1988 kB
Mlocked:               0 kB
HighTotal:        802816 kB
HighFree:           6184 kB
LowTotal:         548148 kB
LowFree:           29192 kB
SwapTotal:             0 kB
SwapFree:              0 kB
Dirty:               316 kB
Writeback:             0 kB
AnonPages:        462408 kB
Mapped:           213716 kB
Shmem:              2776 kB
Slab:              32860 kB
SReclaimable:      11748 kB
SUnreclaim:        21112 kB
KernelStack:        9632 kB
PageTables:        19748 kB
NFS_Unstable:          0 kB
Bounce:                0 kB
WritebackTmp:          0 kB
CommitLimit:      675480 kB
Committed_AS:   46813268 kB
VmallocTotal:     253952 kB
VmallocUsed:       92816 kB
VmallocChunk:      49156 kB
Time pass: 28 sec

---2015-12-05 11:13:24
MemTotal:        1350964 kB
MemFree:           32688 kB
Buffers:            7856 kB
Cached:           607044 kB
SwapCached:            0 kB
Active:           626276 kB
Inactive:         449140 kB
Active(anon):     462556 kB
Inactive(anon):     2732 kB
Active(file):     163720 kB
Inactive(file):   446408 kB
Unevictable:        1988 kB
Mlocked:               0 kB
HighTotal:        802816 kB
HighFree:           3208 kB
LowTotal:         548148 kB
LowFree:           29480 kB
SwapTotal:             0 kB
SwapFree:              0 kB
Dirty:               168 kB
Writeback:             0 kB
AnonPages:        462556 kB
Mapped:           213792 kB
Shmem:              2776 kB
Slab:              32888 kB
SReclaimable:      11752 kB
SUnreclaim:        21136 kB
KernelStack:        9632 kB
PageTables:        19724 kB
NFS_Unstable:          0 kB
Bounce:                0 kB
WritebackTmp:          0 kB
CommitLimit:      675480 kB
Committed_AS:   46817708 kB
VmallocTotal:     253952 kB
VmallocUsed:       92816 kB
VmallocChunk:      49156 kB
Time pass: 31 sec

---2015-12-05 11:13:24
MemTotal:        1350964 kB
MemFree:           33732 kB
Buffers:            7824 kB
Cached:           605000 kB
SwapCached:            0 kB
Active:           624480 kB
Inactive:         447048 kB
Active(anon):     460736 kB
Inactive(anon):     2732 kB
Active(file):     163744 kB
Inactive(file):   444316 kB
Unevictable:        1988 kB
Mlocked:               0 kB
HighTotal:        802816 kB
HighFree:           3928 kB
LowTotal:         548148 kB
LowFree:           29804 kB
SwapTotal:             0 kB
SwapFree:              0 kB
Dirty:                 0 kB
Writeback:             0 kB
AnonPages:        460752 kB
Mapped:           213836 kB
Shmem:              2776 kB
Slab:              32880 kB
SReclaimable:      11752 kB
SUnreclaim:        21128 kB
KernelStack:        9632 kB
PageTables:        19768 kB
NFS_Unstable:          0 kB
Bounce:                0 kB
WritebackTmp:          0 kB
CommitLimit:      675480 kB
Committed_AS:   46818032 kB
VmallocTotal:     253952 kB
VmallocUsed:       92816 kB
VmallocChunk:      49156 kB
Time pass: 35 sec

---2015-12-05 11:13:24
MemTotal:        1350964 kB
MemFree:           32268 kB
Buffers:            7176 kB
Cached:           564360 kB
SwapCached:            0 kB
Active:           640664 kB
Inactive:         404908 kB
Active(anon):     476068 kB
Inactive(anon):     2732 kB
Active(file):     164596 kB
Inactive(file):   402176 kB
Unevictable:        1988 kB
Mlocked:               0 kB
HighTotal:        802816 kB
HighFree:           2772 kB
LowTotal:         548148 kB
LowFree:           29496 kB
SwapTotal:             0 kB
SwapFree:              0 kB
Dirty:                72 kB
Writeback:             0 kB
AnonPages:        475940 kB
Mapped:           214152 kB
Shmem:              2776 kB
Slab:              32920 kB
SReclaimable:      11756 kB
SUnreclaim:        21164 kB
KernelStack:        9648 kB
PageTables:        19996 kB
NFS_Unstable:          0 kB
Bounce:                0 kB
WritebackTmp:          0 kB
CommitLimit:      675480 kB
Committed_AS:   46937008 kB
VmallocTotal:     253952 kB
VmallocUsed:       93268 kB
VmallocChunk:      49156 kB
Time pass: 38 sec

---2015-12-05 11:13:24
MemTotal:        1350964 kB
MemFree:           33436 kB
Buffers:            7156 kB
Cached:           555404 kB
SwapCached:            0 kB
Active:           644908 kB
Inactive:         395844 kB
Active(anon):     480224 kB
Inactive(anon):     2732 kB
Active(file):     164684 kB
Inactive(file):   393112 kB
Unevictable:        1988 kB
Mlocked:               0 kB
HighTotal:        802816 kB
HighFree:           2772 kB
LowTotal:         548148 kB
LowFree:           30664 kB
SwapTotal:             0 kB
SwapFree:              0 kB
Dirty:                 0 kB
Writeback:             0 kB
AnonPages:        480312 kB
Mapped:           214424 kB
Shmem:              2776 kB
Slab:              32960 kB
SReclaimable:      11764 kB
SUnreclaim:        21196 kB
KernelStack:        9648 kB
PageTables:        20016 kB
NFS_Unstable:          0 kB
Bounce:                0 kB
WritebackTmp:          0 kB
CommitLimit:      675480 kB
Committed_AS:   46940828 kB
VmallocTotal:     253952 kB
VmallocUsed:       93268 kB
VmallocChunk:      49156 kB
Time pass: 42 sec

---2015-12-05 11:13:24
MemTotal:        1350964 kB
MemFree:           37156 kB
Buffers:            7220 kB
Cached:           557356 kB
SwapCached:            0 kB
Active:           654160 kB
Inactive:         397572 kB
Active(anon):     489292 kB
Inactive(anon):     2736 kB
Active(file):     164868 kB
Inactive(file):   394836 kB
Unevictable:        1988 kB
Mlocked:               0 kB
HighTotal:        802816 kB
HighFree:           1608 kB
LowTotal:         548148 kB
LowFree:           35548 kB
SwapTotal:             0 kB
SwapFree:              0 kB
Dirty:               200 kB
Writeback:             0 kB
AnonPages:        489332 kB
Mapped:           217824 kB
Shmem:              2780 kB
Slab:              32980 kB
SReclaimable:      11784 kB
SUnreclaim:        21196 kB
KernelStack:        9712 kB
PageTables:        20036 kB
NFS_Unstable:          0 kB
Bounce:                0 kB
WritebackTmp:          0 kB
CommitLimit:      675480 kB
Committed_AS:   46920436 kB
VmallocTotal:     253952 kB
VmallocUsed:       93268 kB
VmallocChunk:      49156 kB
Time pass: 45 sec

---2015-12-05 11:13:24
MemTotal:        1350964 kB
MemFree:           30708 kB
Buffers:            7228 kB
Cached:           558144 kB
SwapCached:            0 kB
Active:           656376 kB
Inactive:         398288 kB
Active(anon):     491372 kB
Inactive(anon):     2736 kB
Active(file):     165004 kB
Inactive(file):   395552 kB
Unevictable:        1988 kB
Mlocked:               0 kB
HighTotal:        802816 kB
HighFree:           2108 kB
LowTotal:         548148 kB
LowFree:           28600 kB
SwapTotal:             0 kB
SwapFree:              0 kB
Dirty:               400 kB
Writeback:             0 kB
AnonPages:        491364 kB
Mapped:           217664 kB
Shmem:              2780 kB
Slab:              33104 kB
SReclaimable:      11796 kB
SUnreclaim:        21308 kB
KernelStack:        9704 kB
PageTables:        20024 kB
NFS_Unstable:          0 kB
Bounce:                0 kB
WritebackTmp:          0 kB
CommitLimit:      675480 kB
Committed_AS:   46933984 kB
VmallocTotal:     253952 kB
VmallocUsed:       93268 kB
VmallocChunk:      49156 kB
Time pass: 49 sec

---2015-12-05 11:13:24
MemTotal:        1350964 kB
MemFree:           32848 kB
Buffers:            7216 kB
Cached:           551292 kB
SwapCached:            0 kB
Active:           657668 kB
Inactive:         390844 kB
Active(anon):     492036 kB
Inactive(anon):     2736 kB
Active(file):     165632 kB
Inactive(file):   388108 kB
Unevictable:        1988 kB
Mlocked:               0 kB
HighTotal:        802816 kB
HighFree:           3020 kB
LowTotal:         548148 kB
LowFree:           29828 kB
SwapTotal:             0 kB
SwapFree:              0 kB
Dirty:               108 kB
Writeback:            60 kB
AnonPages:        491964 kB
Mapped:           217812 kB
Shmem:              2780 kB
Slab:              33096 kB
SReclaimable:      11812 kB
SUnreclaim:        21284 kB
KernelStack:        9704 kB
PageTables:        20044 kB
NFS_Unstable:          0 kB
Bounce:                0 kB
WritebackTmp:          0 kB
CommitLimit:      675480 kB
Committed_AS:   46938436 kB
VmallocTotal:     253952 kB
VmallocUsed:       93268 kB
VmallocChunk:      49156 kB
Time pass: 52 sec

---2015-12-05 11:13:24
MemTotal:        1350964 kB
MemFree:           32576 kB
Buffers:            7224 kB
Cached:           546276 kB
SwapCached:            0 kB
Active:           661344 kB
Inactive:         385772 kB
Active(anon):     495688 kB
Inactive(anon):     2736 kB
Active(file):     165656 kB
Inactive(file):   383036 kB
Unevictable:        1988 kB
Mlocked:               0 kB
HighTotal:        802816 kB
HighFree:           2716 kB
LowTotal:         548148 kB
LowFree:           29860 kB
SwapTotal:             0 kB
SwapFree:              0 kB
Dirty:                76 kB
Writeback:             0 kB
AnonPages:        495872 kB
Mapped:           218280 kB
Shmem:              2780 kB
Slab:              33160 kB
SReclaimable:      11812 kB
SUnreclaim:        21348 kB
KernelStack:        9728 kB
PageTables:        20048 kB
NFS_Unstable:          0 kB
Bounce:                0 kB
WritebackTmp:          0 kB
CommitLimit:      675480 kB
Committed_AS:   46944308 kB
VmallocTotal:     253952 kB
VmallocUsed:       93268 kB
VmallocChunk:      49156 kB
Time pass: 55 sec

---2015-12-05 11:13:24
MemTotal:        1350964 kB
MemFree:           31508 kB
Buffers:            7224 kB
Cached:           544896 kB
SwapCached:            0 kB
Active:           660160 kB
Inactive:         384388 kB
Active(anon):     494464 kB
Inactive(anon):     2736 kB
Active(file):     165696 kB
Inactive(file):   381652 kB
Unevictable:        1988 kB
Mlocked:               0 kB
HighTotal:        802816 kB
HighFree:           1220 kB
LowTotal:         548148 kB
LowFree:           30288 kB
SwapTotal:             0 kB
SwapFree:              0 kB
Dirty:               228 kB
Writeback:             0 kB
AnonPages:        494528 kB
Mapped:           218580 kB
Shmem:              2780 kB
Slab:              33204 kB
SReclaimable:      11828 kB
SUnreclaim:        21376 kB
KernelStack:        9688 kB
PageTables:        20052 kB
NFS_Unstable:          0 kB
Bounce:                0 kB
WritebackTmp:          0 kB
CommitLimit:      675480 kB
Committed_AS:   46946972 kB
VmallocTotal:     253952 kB
VmallocUsed:       93268 kB
VmallocChunk:      49156 kB
Time pass: 59 sec

---2015-12-05 11:13:24
MemTotal:        1350964 kB
MemFree:           31088 kB
Buffers:            7232 kB
Cached:           544896 kB
SwapCached:            0 kB
Active:           660428 kB
Inactive:         384396 kB
Active(anon):     494728 kB
Inactive(anon):     2736 kB
Active(file):     165700 kB
Inactive(file):   381660 kB
Unevictable:        1988 kB
Mlocked:               0 kB
HighTotal:        802816 kB
HighFree:           1220 kB
LowTotal:         548148 kB
LowFree:           29868 kB
SwapTotal:             0 kB
SwapFree:              0 kB
Dirty:                44 kB
Writeback:             0 kB
AnonPages:        494596 kB
Mapped:           218432 kB
Shmem:              2780 kB
Slab:              33264 kB
SReclaimable:      11828 kB
SUnreclaim:        21436 kB
KernelStack:        9664 kB
PageTables:        20040 kB
NFS_Unstable:          0 kB
Bounce:                0 kB
WritebackTmp:          0 kB
CommitLimit:      675480 kB
Committed_AS:   46947260 kB
VmallocTotal:     253952 kB
VmallocUsed:       93268 kB
VmallocChunk:      49156 kB
Time pass: 62 sec

---2015-12-05 11:13:24
MemTotal:        1350964 kB
MemFree:           34800 kB
Buffers:            7224 kB
Cached:           530004 kB
SwapCached:            0 kB
Active:           665108 kB
Inactive:         368732 kB
Active(anon):     498644 kB
Inactive(anon):     2736 kB
Active(file):     166464 kB
Inactive(file):   365996 kB
Unevictable:        1988 kB
Mlocked:               0 kB
HighTotal:        802816 kB
HighFree:           3544 kB
LowTotal:         548148 kB
LowFree:           31256 kB
SwapTotal:             0 kB
SwapFree:              0 kB
Dirty:               556 kB
Writeback:             0 kB
AnonPages:        498600 kB
Mapped:           218492 kB
Shmem:              2780 kB
Slab:              33312 kB
SReclaimable:      11880 kB
SUnreclaim:        21432 kB
KernelStack:        9664 kB
PageTables:        20064 kB
NFS_Unstable:          0 kB
Bounce:                0 kB
WritebackTmp:          0 kB
CommitLimit:      675480 kB
Committed_AS:   46957512 kB
VmallocTotal:     253952 kB
VmallocUsed:       93268 kB
VmallocChunk:      49156 kB
Time pass: 66 sec

---2015-12-05 11:13:24
MemTotal:        1350964 kB
MemFree:           35332 kB
Buffers:            7200 kB
Cached:           520248 kB
SwapCached:            0 kB
Active:           679924 kB
Inactive:         353840 kB
Active(anon):     508348 kB
Inactive(anon):     2736 kB
Active(file):     171576 kB
Inactive(file):   351104 kB
Unevictable:        1988 kB
Mlocked:               0 kB
HighTotal:        802816 kB
HighFree:           1684 kB
LowTotal:         548148 kB
LowFree:           33648 kB
SwapTotal:             0 kB
SwapFree:              0 kB
Dirty:               348 kB
Writeback:             0 kB
AnonPages:        508468 kB
Mapped:           222136 kB
Shmem:              2780 kB
Slab:              33380 kB
SReclaimable:      11900 kB
SUnreclaim:        21480 kB
KernelStack:        9736 kB
PageTables:        20116 kB
NFS_Unstable:          0 kB
Bounce:                0 kB
WritebackTmp:          0 kB
CommitLimit:      675480 kB
Committed_AS:   46973964 kB
VmallocTotal:     253952 kB
VmallocUsed:       93268 kB
VmallocChunk:      49156 kB
Time pass: 70 sec

---2015-12-05 11:13:24
MemTotal:        1350964 kB
MemFree:           32720 kB
Buffers:            7248 kB
Cached:           512348 kB
SwapCached:            0 kB
Active:           690768 kB
Inactive:         342804 kB
Active(anon):     516012 kB
Inactive(anon):     2852 kB
Active(file):     174756 kB
Inactive(file):   339952 kB
Unevictable:        1988 kB
Mlocked:               0 kB
HighTotal:        802816 kB
HighFree:           1560 kB
LowTotal:         548148 kB
LowFree:           31160 kB
SwapTotal:             0 kB
SwapFree:              0 kB
Dirty:                 0 kB
Writeback:             0 kB
AnonPages:        516040 kB
Mapped:           223276 kB
Shmem:              2900 kB
Slab:              33388 kB
SReclaimable:      11904 kB
SUnreclaim:        21484 kB
KernelStack:        9856 kB
PageTables:        20244 kB
NFS_Unstable:          0 kB
Bounce:                0 kB
WritebackTmp:          0 kB
CommitLimit:      675480 kB
Committed_AS:   46991184 kB
VmallocTotal:     253952 kB
VmallocUsed:       93928 kB
VmallocChunk:      49156 kB
Time pass: 74 sec

---2015-12-05 11:13:24
MemTotal:        1350964 kB
MemFree:           32828 kB
Buffers:            7264 kB
Cached:           500588 kB
SwapCached:            0 kB
Active:           698540 kB
Inactive:         330056 kB
Active(anon):     522784 kB
Inactive(anon):     2880 kB
Active(file):     175756 kB
Inactive(file):   327176 kB
Unevictable:        1988 kB
Mlocked:               0 kB
HighTotal:        802816 kB
HighFree:           2808 kB
LowTotal:         548148 kB
LowFree:           30020 kB
SwapTotal:             0 kB
SwapFree:              0 kB
Dirty:                 0 kB
Writeback:             0 kB
AnonPages:        522660 kB
Mapped:           223312 kB
Shmem:              2932 kB
Slab:              33576 kB
SReclaimable:      11848 kB
SUnreclaim:        21728 kB
KernelStack:        9880 kB
PageTables:        20428 kB
NFS_Unstable:          0 kB
Bounce:                0 kB
WritebackTmp:          0 kB
CommitLimit:      675480 kB
Committed_AS:   47001036 kB
VmallocTotal:     253952 kB
VmallocUsed:       94480 kB
VmallocChunk:      49156 kB
Time pass: 78 sec

---2015-12-05 11:13:24
MemTotal:        1350964 kB
MemFree:           32152 kB
Buffers:            7280 kB
Cached:           500700 kB
SwapCached:            0 kB
Active:           698340 kB
Inactive:         330156 kB
Active(anon):     522584 kB
Inactive(anon):     2964 kB
Active(file):     175756 kB
Inactive(file):   327192 kB
Unevictable:        1988 kB
Mlocked:               0 kB
HighTotal:        802816 kB
HighFree:           2492 kB
LowTotal:         548148 kB
LowFree:           29660 kB
SwapTotal:             0 kB
SwapFree:              0 kB
Dirty:                36 kB
Writeback:             0 kB
AnonPages:        522688 kB
Mapped:           223424 kB
Shmem:              3044 kB
Slab:              33428 kB
SReclaimable:      11856 kB
SUnreclaim:        21572 kB
KernelStack:        9872 kB
PageTables:        20424 kB
NFS_Unstable:          0 kB
Bounce:                0 kB
WritebackTmp:          0 kB
CommitLimit:      675480 kB
Committed_AS:   47000372 kB
VmallocTotal:     253952 kB
VmallocUsed:       94480 kB
VmallocChunk:      49156 kB
Time pass: 81 sec

---2015-12-05 11:13:24
MemTotal:        1350964 kB
MemFree:           31024 kB
Buffers:            7288 kB
Cached:           500692 kB
SwapCached:            0 kB
Active:           699472 kB
Inactive:         330188 kB
Active(anon):     523716 kB
Inactive(anon):     2996 kB
Active(file):     175756 kB
Inactive(file):   327192 kB
Unevictable:        1988 kB
Mlocked:               0 kB
HighTotal:        802816 kB
HighFree:           1568 kB
LowTotal:         548148 kB
LowFree:           29456 kB
SwapTotal:             0 kB
SwapFree:              0 kB
Dirty:                 0 kB
Writeback:             0 kB
AnonPages:        523752 kB
Mapped:           223424 kB
Shmem:              3044 kB
Slab:              33468 kB
SReclaimable:      11856 kB
SUnreclaim:        21612 kB
KernelStack:        9864 kB
PageTables:        20424 kB
NFS_Unstable:          0 kB
Bounce:                0 kB
WritebackTmp:          0 kB
CommitLimit:      675480 kB
Committed_AS:   47001476 kB
VmallocTotal:     253952 kB
VmallocUsed:       94480 kB
VmallocChunk:      49156 kB
Time pass: 85 sec

---2015-12-05 11:13:24
MemTotal:        1350964 kB
MemFree:           30696 kB
Buffers:            7304 kB
Cached:           500700 kB
SwapCached:            0 kB
Active:           699776 kB
Inactive:         330212 kB
Active(anon):     524020 kB
Inactive(anon):     2996 kB
Active(file):     175756 kB
Inactive(file):   327216 kB
Unevictable:        1988 kB
Mlocked:               0 kB
HighTotal:        802816 kB
HighFree:           1568 kB
LowTotal:         548148 kB
LowFree:           29128 kB
SwapTotal:             0 kB
SwapFree:              0 kB
Dirty:                44 kB
Writeback:             0 kB
AnonPages:        523896 kB
Mapped:           223308 kB
Shmem:              3044 kB
Slab:              33544 kB
SReclaimable:      11856 kB
SUnreclaim:        21688 kB
KernelStack:        9864 kB
PageTables:        20424 kB
NFS_Unstable:          0 kB
Bounce:                0 kB
WritebackTmp:          0 kB
CommitLimit:      675480 kB
Committed_AS:   47001512 kB
VmallocTotal:     253952 kB
VmallocUsed:       94480 kB
VmallocChunk:      49156 kB
Time pass: 89 sec

---2015-12-05 11:13:24
MemTotal:        1350964 kB
MemFree:           34092 kB
Buffers:            7304 kB
Cached:           496336 kB
SwapCached:            0 kB
Active:           702732 kB
Inactive:         324000 kB
Active(anon):     525128 kB
Inactive(anon):     2996 kB
Active(file):     177604 kB
Inactive(file):   321004 kB
Unevictable:        1988 kB
Mlocked:               0 kB
HighTotal:        802816 kB
HighFree:           3056 kB
LowTotal:         548148 kB
LowFree:           31036 kB
SwapTotal:             0 kB
SwapFree:              0 kB
Dirty:                40 kB
Writeback:             0 kB
AnonPages:        525184 kB
Mapped:           223456 kB
Shmem:              3044 kB
Slab:              33444 kB
SReclaimable:      11856 kB
SUnreclaim:        21588 kB
KernelStack:        9864 kB
PageTables:        20432 kB
NFS_Unstable:          0 kB
Bounce:                0 kB
WritebackTmp:          0 kB
CommitLimit:      675480 kB
Committed_AS:   47003552 kB
VmallocTotal:     253952 kB
VmallocUsed:       94480 kB
VmallocChunk:      49156 kB
Time pass: 92 sec

---2015-12-05 11:13:24
MemTotal:        1350964 kB
MemFree:           33472 kB
Buffers:            7312 kB
Cached:           496328 kB
SwapCached:            0 kB
Active:           702668 kB
Inactive:         324000 kB
Active(anon):     525064 kB
Inactive(anon):     2996 kB
Active(file):     177604 kB
Inactive(file):   321004 kB
Unevictable:        1988 kB
Mlocked:               0 kB
HighTotal:        802816 kB
HighFree:           1792 kB
LowTotal:         548148 kB
LowFree:           31680 kB
SwapTotal:             0 kB
SwapFree:              0 kB
Dirty:                 0 kB
Writeback:             0 kB
AnonPages:        524944 kB
Mapped:           223456 kB
Shmem:              3044 kB
Slab:              33420 kB
SReclaimable:      11864 kB
SUnreclaim:        21556 kB
KernelStack:        9864 kB
PageTables:        20428 kB
NFS_Unstable:          0 kB
Bounce:                0 kB
WritebackTmp:          0 kB
CommitLimit:      675480 kB
Committed_AS:   47003368 kB
VmallocTotal:     253952 kB
VmallocUsed:       94480 kB
VmallocChunk:      49156 kB
Time pass: 96 sec

---2015-12-05 11:13:24
MemTotal:        1350964 kB
MemFree:           42788 kB
Buffers:            7328 kB
Cached:           492752 kB
SwapCached:            0 kB
Active:           700760 kB
Inactive:         319164 kB
Active(anon):     521876 kB
Inactive(anon):     2736 kB
Active(file):     178884 kB
Inactive(file):   316428 kB
Unevictable:        1988 kB
Mlocked:               0 kB
HighTotal:        802816 kB
HighFree:           5372 kB
LowTotal:         548148 kB
LowFree:           37416 kB
SwapTotal:             0 kB
SwapFree:              0 kB
Dirty:                44 kB
Writeback:             0 kB
AnonPages:        522004 kB
Mapped:           223372 kB
Shmem:              2780 kB
Slab:              33476 kB
SReclaimable:      11880 kB
SUnreclaim:        21596 kB
KernelStack:        9712 kB
PageTables:        20320 kB
NFS_Unstable:          0 kB
Bounce:                0 kB
WritebackTmp:          0 kB
CommitLimit:      675480 kB
Committed_AS:   47977616 kB
VmallocTotal:     253952 kB
VmallocUsed:       95420 kB
VmallocChunk:      49156 kB
Time pass: 100 sec

---2015-12-05 11:13:24
MemTotal:        1350964 kB
MemFree:          216492 kB
Buffers:            7324 kB
Cached:           489972 kB
SwapCached:            0 kB
Active:           625668 kB
Inactive:         314360 kB
Active(anon):     444792 kB
Inactive(anon):     2472 kB
Active(file):     180876 kB
Inactive(file):   311888 kB
Unevictable:        1988 kB
Mlocked:               0 kB
HighTotal:        802816 kB
HighFree:         100940 kB
LowTotal:         548148 kB
LowFree:          115552 kB
SwapTotal:             0 kB
SwapFree:              0 kB
Dirty:                 0 kB
Writeback:             0 kB
AnonPages:        444852 kB
Mapped:           186736 kB
Shmem:              2516 kB
Slab:              33264 kB
SReclaimable:      11880 kB
SUnreclaim:        21384 kB
KernelStack:        8792 kB
PageTables:        18640 kB
NFS_Unstable:          0 kB
Bounce:                0 kB
WritebackTmp:          0 kB
CommitLimit:      675480 kB
Committed_AS:   45037480 kB
VmallocTotal:     253952 kB
VmallocUsed:       90928 kB
VmallocChunk:      49156 kB
Time pass: 104 sec

---2015-12-05 11:13:24
MemTotal:        1350964 kB
MemFree:          223112 kB
Buffers:            7352 kB
Cached:           489956 kB
SwapCached:            0 kB
Active:           631384 kB
Inactive:         314388 kB
Active(anon):     450508 kB
Inactive(anon):     2472 kB
Active(file):     180876 kB
Inactive(file):   311916 kB
Unevictable:        1988 kB
Mlocked:               0 kB
HighTotal:        802816 kB
HighFree:         101932 kB
LowTotal:         548148 kB
LowFree:          121180 kB
SwapTotal:             0 kB
SwapFree:              0 kB
Dirty:                 0 kB
Writeback:             0 kB
AnonPages:        450832 kB
Mapped:           200276 kB
Shmem:              2516 kB
Slab:              33252 kB
SReclaimable:      11880 kB
SUnreclaim:        21372 kB
KernelStack:        8872 kB
PageTables:        18944 kB
NFS_Unstable:          0 kB
Bounce:                0 kB
WritebackTmp:          0 kB
CommitLimit:      675480 kB
Committed_AS:   45857916 kB
VmallocTotal:     253952 kB
VmallocUsed:       91956 kB
VmallocChunk:      49156 kB
Time pass: 107 sec

---2015-12-05 11:13:24
MemTotal:        1350964 kB
MemFree:          162540 kB
Buffers:            7480 kB
Cached:           490292 kB
SwapCached:            0 kB
Active:           644132 kB
Inactive:         314332 kB
Active(anon):     462724 kB
Inactive(anon):     2600 kB
Active(file):     181408 kB
Inactive(file):   311732 kB
Unevictable:        1988 kB
Mlocked:               0 kB
HighTotal:        802816 kB
HighFree:          66392 kB
LowTotal:         548148 kB
LowFree:           96148 kB
SwapTotal:             0 kB
SwapFree:              0 kB
Dirty:               896 kB
Writeback:             0 kB
AnonPages:        462708 kB
Mapped:           206912 kB
Shmem:              2644 kB
Slab:              33260 kB
SReclaimable:      11880 kB
SUnreclaim:        21380 kB
KernelStack:        9240 kB
PageTables:        19360 kB
NFS_Unstable:          0 kB
Bounce:                0 kB
WritebackTmp:          0 kB
CommitLimit:      675480 kB
Committed_AS:   45999900 kB
VmallocTotal:     253952 kB
VmallocUsed:       92828 kB
VmallocChunk:      49156 kB
Time pass: 110 sec

---2015-12-05 11:13:24
MemTotal:        1350964 kB
MemFree:          136632 kB
Buffers:            7492 kB
Cached:           490352 kB
SwapCached:            0 kB
Active:           661352 kB
Inactive:         314384 kB
Active(anon):     479924 kB
Inactive(anon):     2604 kB
Active(file):     181428 kB
Inactive(file):   311780 kB
Unevictable:        1988 kB
Mlocked:               0 kB
HighTotal:        802816 kB
HighFree:          45392 kB
LowTotal:         548148 kB
LowFree:           91240 kB
SwapTotal:             0 kB
SwapFree:              0 kB
Dirty:               136 kB
Writeback:             0 kB
AnonPages:        479812 kB
Mapped:           209904 kB
Shmem:              2648 kB
Slab:              33292 kB
SReclaimable:      11880 kB
SUnreclaim:        21412 kB
KernelStack:        9288 kB
PageTables:        19420 kB
NFS_Unstable:          0 kB
Bounce:                0 kB
WritebackTmp:          0 kB
CommitLimit:      675480 kB
Committed_AS:   46029356 kB
VmallocTotal:     253952 kB
VmallocUsed:       92828 kB
VmallocChunk:      49156 kB
Time pass: 114 sec

---2015-12-05 11:13:24
MemTotal:        1350964 kB
MemFree:          122380 kB
Buffers:            7492 kB
Cached:           490644 kB
SwapCached:            0 kB
Active:           661492 kB
Inactive:         314648 kB
Active(anon):     480036 kB
Inactive(anon):     2604 kB
Active(file):     181456 kB
Inactive(file):   312044 kB
Unevictable:        1988 kB
Mlocked:               0 kB
HighTotal:        802816 kB
HighFree:          33500 kB
LowTotal:         548148 kB
LowFree:           88880 kB
SwapTotal:             0 kB
SwapFree:              0 kB
Dirty:                80 kB
Writeback:             0 kB
AnonPages:        479924 kB
Mapped:           210024 kB
Shmem:              2648 kB
Slab:              33320 kB
SReclaimable:      11880 kB
SUnreclaim:        21440 kB
KernelStack:        9304 kB
PageTables:        19464 kB
NFS_Unstable:          0 kB
Bounce:                0 kB
WritebackTmp:          0 kB
CommitLimit:      675480 kB
Committed_AS:   46042128 kB
VmallocTotal:     253952 kB
VmallocUsed:       92828 kB
VmallocChunk:      49156 kB
Time pass: 117 sec

---2015-12-05 11:13:24
MemTotal:        1350964 kB
MemFree:          113144 kB
Buffers:            7500 kB
Cached:           490688 kB
SwapCached:            0 kB
Active:           665692 kB
Inactive:         314672 kB
Active(anon):     484216 kB
Inactive(anon):     2604 kB
Active(file):     181476 kB
Inactive(file):   312068 kB
Unevictable:        1988 kB
Mlocked:               0 kB
HighTotal:        802816 kB
HighFree:          26060 kB
LowTotal:         548148 kB
LowFree:           87084 kB
SwapTotal:             0 kB
SwapFree:              0 kB
Dirty:               220 kB
Writeback:             0 kB
AnonPages:        484364 kB
Mapped:           210856 kB
Shmem:              2648 kB
Slab:              33368 kB
SReclaimable:      11888 kB
SUnreclaim:        21480 kB
KernelStack:        9320 kB
PageTables:        19476 kB
NFS_Unstable:          0 kB
Bounce:                0 kB
WritebackTmp:          0 kB
CommitLimit:      675480 kB
Committed_AS:   46051200 kB
VmallocTotal:     253952 kB
VmallocUsed:       92828 kB
VmallocChunk:      49156 kB
Time pass: 121 sec

---2015-12-05 11:13:24
MemTotal:        1350964 kB
MemFree:           92112 kB
Buffers:            7516 kB
Cached:           491244 kB
SwapCached:            0 kB
Active:           674516 kB
Inactive:         314336 kB
Active(anon):     492252 kB
Inactive(anon):     2604 kB
Active(file):     182264 kB
Inactive(file):   311732 kB
Unevictable:        1988 kB
Mlocked:               0 kB
HighTotal:        802816 kB
HighFree:           9028 kB
LowTotal:         548148 kB
LowFree:           83084 kB
SwapTotal:             0 kB
SwapFree:              0 kB
Dirty:              1016 kB
Writeback:             0 kB
AnonPages:        492244 kB
Mapped:           210992 kB
Shmem:              2648 kB
Slab:              33376 kB
SReclaimable:      11896 kB
SUnreclaim:        21480 kB
KernelStack:        9320 kB
PageTables:        19504 kB
NFS_Unstable:          0 kB
Bounce:                0 kB
WritebackTmp:          0 kB
CommitLimit:      675480 kB
Committed_AS:   46071272 kB
VmallocTotal:     253952 kB
VmallocUsed:       92828 kB
VmallocChunk:      49156 kB
Time pass: 124 sec

---2015-12-05 11:13:24
MemTotal:        1350964 kB
MemFree:           80352 kB
Buffers:            7516 kB
Cached:           491160 kB
SwapCached:            0 kB
Active:           673936 kB
Inactive:         314332 kB
Active(anon):     491624 kB
Inactive(anon):     2604 kB
Active(file):     182312 kB
Inactive(file):   311728 kB
Unevictable:        1988 kB
Mlocked:               0 kB
HighTotal:        802816 kB
HighFree:           2576 kB
LowTotal:         548148 kB
LowFree:           77776 kB
SwapTotal:             0 kB
SwapFree:              0 kB
Dirty:                 0 kB
Writeback:             0 kB
AnonPages:        491700 kB
Mapped:           211332 kB
Shmem:              2648 kB
Slab:              33444 kB
SReclaimable:      11896 kB
SUnreclaim:        21548 kB
KernelStack:        9320 kB
PageTables:        19548 kB
NFS_Unstable:          0 kB
Bounce:                0 kB
WritebackTmp:          0 kB
CommitLimit:      675480 kB
Committed_AS:   46082032 kB
VmallocTotal:     253952 kB
VmallocUsed:       92828 kB
VmallocChunk:      49156 kB
Time pass: 128 sec

---2015-12-05 11:13:24
MemTotal:        1350964 kB
MemFree:           80276 kB
Buffers:            7524 kB
Cached:           491160 kB
SwapCached:            0 kB
Active:           673984 kB
Inactive:         314332 kB
Active(anon):     491672 kB
Inactive(anon):     2604 kB
Active(file):     182312 kB
Inactive(file):   311728 kB
Unevictable:        1988 kB
Mlocked:               0 kB
HighTotal:        802816 kB
HighFree:           2624 kB
LowTotal:         548148 kB
LowFree:           77652 kB
SwapTotal:             0 kB
SwapFree:              0 kB
Dirty:                88 kB
Writeback:             0 kB
AnonPages:        491616 kB
Mapped:           211332 kB
Shmem:              2648 kB
Slab:              33416 kB
SReclaimable:      11896 kB
SUnreclaim:        21520 kB
KernelStack:        9320 kB
PageTables:        19548 kB
NFS_Unstable:          0 kB
Bounce:                0 kB
WritebackTmp:          0 kB
CommitLimit:      675480 kB
Committed_AS:   46081896 kB
VmallocTotal:     253952 kB
VmallocUsed:       92828 kB
VmallocChunk:      49156 kB
Time pass: 131 sec

---2015-12-05 11:13:24
MemTotal:        1350964 kB
MemFree:           80400 kB
Buffers:            7524 kB
Cached:           491160 kB
SwapCached:            0 kB
Active:           674092 kB
Inactive:         314340 kB
Active(anon):     491780 kB
Inactive(anon):     2604 kB
Active(file):     182312 kB
Inactive(file):   311736 kB
Unevictable:        1988 kB
Mlocked:               0 kB
HighTotal:        802816 kB
HighFree:           2872 kB
LowTotal:         548148 kB
LowFree:           77528 kB
SwapTotal:             0 kB
SwapFree:              0 kB
Dirty:                 0 kB
Writeback:             0 kB
AnonPages:        491800 kB
Mapped:           211332 kB
Shmem:              2648 kB
Slab:              33468 kB
SReclaimable:      11896 kB
SUnreclaim:        21572 kB
KernelStack:        9320 kB
PageTables:        19548 kB
NFS_Unstable:          0 kB
Bounce:                0 kB
WritebackTmp:          0 kB
CommitLimit:      675480 kB
Committed_AS:   46081876 kB
VmallocTotal:     253952 kB
VmallocUsed:       92828 kB
VmallocChunk:      49156 kB
Time pass: 135 sec

---2015-12-05 11:13:24
MemTotal:        1350964 kB
MemFree:           67164 kB
Buffers:            7556 kB
Cached:           491268 kB
SwapCached:            0 kB
Active:           686144 kB
Inactive:         314400 kB
Active(anon):     503756 kB
Inactive(anon):     2720 kB
Active(file):     182388 kB
Inactive(file):   311680 kB
Unevictable:        1988 kB
Mlocked:               0 kB
HighTotal:        802816 kB
HighFree:           1608 kB
LowTotal:         548148 kB
LowFree:           65556 kB
SwapTotal:             0 kB
SwapFree:              0 kB
Dirty:                48 kB
Writeback:             0 kB
AnonPages:        503708 kB
Mapped:           214204 kB
Shmem:              2768 kB
Slab:              33524 kB
SReclaimable:      11896 kB
SUnreclaim:        21628 kB
KernelStack:        9512 kB
PageTables:        19696 kB
NFS_Unstable:          0 kB
Bounce:                0 kB
WritebackTmp:          0 kB
CommitLimit:      675480 kB
Committed_AS:   46109972 kB
VmallocTotal:     253952 kB
VmallocUsed:       93024 kB
VmallocChunk:      49156 kB
Time pass: 139 sec

---2015-12-05 11:13:24
MemTotal:        1350964 kB
MemFree:           57904 kB
Buffers:            7604 kB
Cached:           491356 kB
SwapCached:            0 kB
Active:           693924 kB
Inactive:         314540 kB
Active(anon):     511536 kB
Inactive(anon):     2792 kB
Active(file):     182388 kB
Inactive(file):   311748 kB
Unevictable:        1988 kB
Mlocked:               0 kB
HighTotal:        802816 kB
HighFree:           1508 kB
LowTotal:         548148 kB
LowFree:           56396 kB
SwapTotal:             0 kB
SwapFree:              0 kB
Dirty:                52 kB
Writeback:             0 kB
AnonPages:        511464 kB
Mapped:           214736 kB
Shmem:              2840 kB
Slab:              33484 kB
SReclaimable:      11896 kB
SUnreclaim:        21588 kB
KernelStack:        9544 kB
PageTables:        19784 kB
NFS_Unstable:          0 kB
Bounce:                0 kB
WritebackTmp:          0 kB
CommitLimit:      675480 kB
Committed_AS:   46118816 kB
VmallocTotal:     253952 kB
VmallocUsed:       93360 kB
VmallocChunk:      49156 kB
Time pass: 143 sec

---2015-12-05 11:13:24
MemTotal:        1350964 kB
MemFree:           55904 kB
Buffers:            7620 kB
Cached:           491360 kB
SwapCached:            0 kB
Active:           695348 kB
Inactive:         314556 kB
Active(anon):     512960 kB
Inactive(anon):     2796 kB
Active(file):     182388 kB
Inactive(file):   311760 kB
Unevictable:        1988 kB
Mlocked:               0 kB
HighTotal:        802816 kB
HighFree:           1508 kB
LowTotal:         548148 kB
LowFree:           54396 kB
SwapTotal:             0 kB
SwapFree:              0 kB
Dirty:                 0 kB
Writeback:             0 kB
AnonPages:        513060 kB
Mapped:           214740 kB
Shmem:              2844 kB
Slab:              33544 kB
SReclaimable:      11896 kB
SUnreclaim:        21648 kB
KernelStack:        9544 kB
PageTables:        19784 kB
NFS_Unstable:          0 kB
Bounce:                0 kB
WritebackTmp:          0 kB
CommitLimit:      675480 kB
Committed_AS:   46120964 kB
VmallocTotal:     253952 kB
VmallocUsed:       93360 kB
VmallocChunk:      49156 kB
Time pass: 147 sec

---2015-12-05 11:13:24
MemTotal:        1350964 kB
MemFree:           55468 kB
Buffers:            7644 kB
Cached:           491344 kB
SwapCached:            0 kB
Active:           695824 kB
Inactive:         314556 kB
Active(anon):     513436 kB
Inactive(anon):     2796 kB
Active(file):     182388 kB
Inactive(file):   311760 kB
Unevictable:        1988 kB
Mlocked:               0 kB
HighTotal:        802816 kB
HighFree:           1508 kB
LowTotal:         548148 kB
LowFree:           53960 kB
SwapTotal:             0 kB
SwapFree:              0 kB
Dirty:                28 kB
Writeback:             0 kB
AnonPages:        513448 kB
Mapped:           214740 kB
Shmem:              2844 kB
Slab:              33556 kB
SReclaimable:      11896 kB
SUnreclaim:        21660 kB
KernelStack:        9544 kB
PageTables:        19788 kB
NFS_Unstable:          0 kB
Bounce:                0 kB
WritebackTmp:          0 kB
CommitLimit:      675480 kB
Committed_AS:   46120960 kB
VmallocTotal:     253952 kB
VmallocUsed:       93360 kB
VmallocChunk:      49156 kB
Time pass: 151 sec

---2015-12-05 11:13:24
MemTotal:        1350964 kB
MemFree:           56308 kB
Buffers:            7644 kB
Cached:           491364 kB
SwapCached:            0 kB
Active:           694932 kB
Inactive:         314580 kB
Active(anon):     512544 kB
Inactive(anon):     2796 kB
Active(file):     182388 kB
Inactive(file):   311784 kB
Unevictable:        1988 kB
Mlocked:               0 kB
HighTotal:        802816 kB
HighFree:           1508 kB
LowTotal:         548148 kB
LowFree:           54800 kB
SwapTotal:             0 kB
SwapFree:              0 kB
Dirty:                40 kB
Writeback:             0 kB
AnonPages:        512468 kB
Mapped:           214744 kB
Shmem:              2848 kB
Slab:              33588 kB
SReclaimable:      11896 kB
SUnreclaim:        21692 kB
KernelStack:        9544 kB
PageTables:        19788 kB
NFS_Unstable:          0 kB
Bounce:                0 kB
WritebackTmp:          0 kB
CommitLimit:      675480 kB
Committed_AS:   46120472 kB
VmallocTotal:     253952 kB
VmallocUsed:       93360 kB
VmallocChunk:      49156 kB
Time pass: 155 sec

---2015-12-05 11:13:24
MemTotal:        1350964 kB
MemFree:           55784 kB
Buffers:            7660 kB
Cached:           491372 kB
SwapCached:            0 kB
Active:           695400 kB
Inactive:         314584 kB
Active(anon):     513012 kB
Inactive(anon):     2800 kB
Active(file):     182388 kB
Inactive(file):   311784 kB
Unevictable:        1988 kB
Mlocked:               0 kB
HighTotal:        802816 kB
HighFree:           1508 kB
LowTotal:         548148 kB
LowFree:           54276 kB
SwapTotal:             0 kB
SwapFree:              0 kB
Dirty:                44 kB
Writeback:             0 kB
AnonPages:        512944 kB
Mapped:           214608 kB
Shmem:              2856 kB
Slab:              33520 kB
SReclaimable:      11896 kB
SUnreclaim:        21624 kB
KernelStack:        9544 kB
PageTables:        19788 kB
NFS_Unstable:          0 kB
Bounce:                0 kB
WritebackTmp:          0 kB
CommitLimit:      675480 kB
Committed_AS:   46119760 kB
VmallocTotal:     253952 kB
VmallocUsed:       93360 kB
VmallocChunk:      49156 kB
Time pass: 158 sec

---2015-12-05 11:13:24
MemTotal:        1350964 kB
MemFree:           54880 kB
Buffers:            7668 kB
Cached:           491384 kB
SwapCached:            0 kB
Active:           695764 kB
Inactive:         314628 kB
Active(anon):     513376 kB
Inactive(anon):     2828 kB
Active(file):     182388 kB
Inactive(file):   311800 kB
Unevictable:        1988 kB
Mlocked:               0 kB
HighTotal:        802816 kB
HighFree:           1632 kB
LowTotal:         548148 kB
LowFree:           53248 kB
SwapTotal:             0 kB
SwapFree:              0 kB
Dirty:                 0 kB
Writeback:             0 kB
AnonPages:        513276 kB
Mapped:           214628 kB
Shmem:              2876 kB
Slab:              33608 kB
SReclaimable:      11896 kB
SUnreclaim:        21712 kB
KernelStack:        9544 kB
PageTables:        19788 kB
NFS_Unstable:          0 kB
Bounce:                0 kB
WritebackTmp:          0 kB
CommitLimit:      675480 kB
Committed_AS:   46120160 kB
VmallocTotal:     253952 kB
VmallocUsed:       93360 kB
VmallocChunk:      49156 kB
Time pass: 162 sec

---2015-12-05 11:13:24
MemTotal:        1350964 kB
MemFree:           54908 kB
Buffers:            7684 kB
Cached:           491396 kB
SwapCached:            0 kB
Active:           695912 kB
Inactive:         314636 kB
Active(anon):     513524 kB
Inactive(anon):     2828 kB
Active(file):     182388 kB
Inactive(file):   311808 kB
Unevictable:        1988 kB
Mlocked:               0 kB
HighTotal:        802816 kB
HighFree:           1508 kB
LowTotal:         548148 kB
LowFree:           53400 kB
SwapTotal:             0 kB
SwapFree:              0 kB
Dirty:                40 kB
Writeback:             0 kB
AnonPages:        513592 kB
Mapped:           214780 kB
Shmem:              2880 kB
Slab:              33632 kB
SReclaimable:      11896 kB
SUnreclaim:        21736 kB
KernelStack:        9544 kB
PageTables:        19788 kB
NFS_Unstable:          0 kB
Bounce:                0 kB
WritebackTmp:          0 kB
CommitLimit:      675480 kB
Committed_AS:   46120020 kB
VmallocTotal:     253952 kB
VmallocUsed:       93360 kB
VmallocChunk:      49156 kB
Time pass: 166 sec

---2015-12-05 11:13:24
MemTotal:        1350964 kB
MemFree:           55772 kB
Buffers:            7692 kB
Cached:           491388 kB
SwapCached:            0 kB
Active:           694624 kB
Inactive:         314656 kB
Active(anon):     512236 kB
Inactive(anon):     2832 kB
Active(file):     182388 kB
Inactive(file):   311824 kB
Unevictable:        1988 kB
Mlocked:               0 kB
HighTotal:        802816 kB
HighFree:           1632 kB
LowTotal:         548148 kB
LowFree:           54140 kB
SwapTotal:             0 kB
SwapFree:              0 kB
Dirty:                 0 kB
Writeback:             0 kB
AnonPages:        512216 kB
Mapped:           214732 kB
Shmem:              2880 kB
Slab:              33628 kB
SReclaimable:      11896 kB
SUnreclaim:        21732 kB
KernelStack:        9528 kB
PageTables:        19764 kB
NFS_Unstable:          0 kB
Bounce:                0 kB
WritebackTmp:          0 kB
CommitLimit:      675480 kB
Committed_AS:   46120032 kB
VmallocTotal:     253952 kB
VmallocUsed:       93360 kB
VmallocChunk:      49156 kB
Time pass: 169 sec

---2015-12-05 11:13:24
MemTotal:        1350964 kB
MemFree:           56196 kB
Buffers:            7708 kB
Cached:           491396 kB
SwapCached:            0 kB
Active:           694816 kB
Inactive:         314680 kB
Active(anon):     512428 kB
Inactive(anon):     2832 kB
Active(file):     182388 kB
Inactive(file):   311848 kB
Unevictable:        1988 kB
Mlocked:               0 kB
HighTotal:        802816 kB
HighFree:           1508 kB
LowTotal:         548148 kB
LowFree:           54688 kB
SwapTotal:             0 kB
SwapFree:              0 kB
Dirty:                40 kB
Writeback:             0 kB
AnonPages:        512436 kB
Mapped:           214632 kB
Shmem:              2880 kB
Slab:              33600 kB
SReclaimable:      11896 kB
SUnreclaim:        21704 kB
KernelStack:        9520 kB
PageTables:        19784 kB
NFS_Unstable:          0 kB
Bounce:                0 kB
WritebackTmp:          0 kB
CommitLimit:      675480 kB
Committed_AS:   46120076 kB
VmallocTotal:     253952 kB
VmallocUsed:       93360 kB
VmallocChunk:      49156 kB
Time pass: 173 sec

---2015-12-05 11:13:24
MemTotal:        1350964 kB
MemFree:           55392 kB
Buffers:            7724 kB
Cached:           491396 kB
SwapCached:            0 kB
Active:           694888 kB
Inactive:         314684 kB
Active(anon):     512500 kB
Inactive(anon):     2832 kB
Active(file):     182388 kB
Inactive(file):   311852 kB
Unevictable:        1988 kB
Mlocked:               0 kB
HighTotal:        802816 kB
HighFree:           1508 kB
LowTotal:         548148 kB
LowFree:           53884 kB
SwapTotal:             0 kB
SwapFree:              0 kB
Dirty:                44 kB
Writeback:             0 kB
AnonPages:        512516 kB
Mapped:           214780 kB
Shmem:              2880 kB
Slab:              33716 kB
SReclaimable:      11896 kB
SUnreclaim:        21820 kB
KernelStack:        9520 kB
PageTables:        19784 kB
NFS_Unstable:          0 kB
Bounce:                0 kB
WritebackTmp:          0 kB
CommitLimit:      675480 kB
Committed_AS:   46120044 kB
VmallocTotal:     253952 kB
VmallocUsed:       93360 kB
VmallocChunk:      49156 kB
Time pass: 177 sec

---2015-12-05 11:13:24
MemTotal:        1350964 kB
MemFree:           55508 kB
Buffers:            7724 kB
Cached:           491400 kB
SwapCached:            0 kB
Active:           694940 kB
Inactive:         314696 kB
Active(anon):     512552 kB
Inactive(anon):     2832 kB
Active(file):     182388 kB
Inactive(file):   311864 kB
Unevictable:        1988 kB
Mlocked:               0 kB
HighTotal:        802816 kB
HighFree:           1508 kB
LowTotal:         548148 kB
LowFree:           54000 kB
SwapTotal:             0 kB
SwapFree:              0 kB
Dirty:                44 kB
Writeback:             0 kB
AnonPages:        512384 kB
Mapped:           214784 kB
Shmem:              2884 kB
Slab:              33544 kB
SReclaimable:      11896 kB
SUnreclaim:        21648 kB
KernelStack:        9512 kB
PageTables:        19780 kB
NFS_Unstable:          0 kB
Bounce:                0 kB
WritebackTmp:          0 kB
CommitLimit:      675480 kB
Committed_AS:   46120016 kB
VmallocTotal:     253952 kB
VmallocUsed:       93360 kB
VmallocChunk:      49156 kB
Time pass: 180 sec

---2015-12-05 11:13:24
MemTotal:        1350964 kB
MemFree:           55612 kB
Buffers:            7748 kB
Cached:           491408 kB
SwapCached:            0 kB
Active:           695140 kB
Inactive:         314732 kB
Active(anon):     512752 kB
Inactive(anon):     2836 kB
Active(file):     182388 kB
Inactive(file):   311896 kB
Unevictable:        1988 kB
Mlocked:               0 kB
HighTotal:        802816 kB
HighFree:           1508 kB
LowTotal:         548148 kB
LowFree:           54104 kB
SwapTotal:             0 kB
SwapFree:              0 kB
Dirty:                44 kB
Writeback:             0 kB
AnonPages:        512816 kB
Mapped:           214752 kB
Shmem:              2884 kB
Slab:              33592 kB
SReclaimable:      11896 kB
SUnreclaim:        21696 kB
KernelStack:        9496 kB
PageTables:        19760 kB
NFS_Unstable:          0 kB
Bounce:                0 kB
WritebackTmp:          0 kB
CommitLimit:      675480 kB
Committed_AS:   46120100 kB
VmallocTotal:     253952 kB
VmallocUsed:       93360 kB
VmallocChunk:      49156 kB
Time pass: 184 sec

---2015-12-05 11:13:24
MemTotal:        1350964 kB
MemFree:           55268 kB
Buffers:            7748 kB
Cached:           491432 kB
SwapCached:            0 kB
Active:           695236 kB
Inactive:         314732 kB
Active(anon):     512848 kB
Inactive(anon):     2836 kB
Active(file):     182388 kB
Inactive(file):   311896 kB
Unevictable:        1988 kB
Mlocked:               0 kB
HighTotal:        802816 kB
HighFree:           1508 kB
LowTotal:         548148 kB
LowFree:           53760 kB
SwapTotal:             0 kB
SwapFree:              0 kB
Dirty:                 0 kB
Writeback:             0 kB
AnonPages:        512528 kB
Mapped:           214804 kB
Shmem:              2884 kB
Slab:              33688 kB
SReclaimable:      11896 kB
SUnreclaim:        21792 kB
KernelStack:        9520 kB
PageTables:        19780 kB
NFS_Unstable:          0 kB
Bounce:                0 kB
WritebackTmp:          0 kB
CommitLimit:      675480 kB
Committed_AS:   46120052 kB
VmallocTotal:     253952 kB
VmallocUsed:       93360 kB
VmallocChunk:      49156 kB
Time pass: 188 sec

---2015-12-05 11:13:24
MemTotal:        1350964 kB
MemFree:           54616 kB
Buffers:            7772 kB
Cached:           491428 kB
SwapCached:            0 kB
Active:           695972 kB
Inactive:         314780 kB
Active(anon):     513588 kB
Inactive(anon):     2852 kB
Active(file):     182384 kB
Inactive(file):   311928 kB
Unevictable:        1988 kB
Mlocked:               0 kB
HighTotal:        802816 kB
HighFree:           1508 kB
LowTotal:         548148 kB
LowFree:           53108 kB
SwapTotal:             0 kB
SwapFree:              0 kB
Dirty:                32 kB
Writeback:             0 kB
AnonPages:        513732 kB
Mapped:           214820 kB
Shmem:              2900 kB
Slab:              33716 kB
SReclaimable:      11896 kB
SUnreclaim:        21820 kB
KernelStack:        9520 kB
PageTables:        19784 kB
NFS_Unstable:          0 kB
Bounce:                0 kB
WritebackTmp:          0 kB
CommitLimit:      675480 kB
Committed_AS:   46121152 kB
VmallocTotal:     253952 kB
VmallocUsed:       93360 kB
VmallocChunk:      49156 kB
Time pass: 191 sec

---2015-12-05 11:13:24
MemTotal:        1350964 kB
MemFree:           54704 kB
Buffers:            7772 kB
Cached:           491448 kB
SwapCached:            0 kB
Active:           696144 kB
Inactive:         314796 kB
Active(anon):     513756 kB
Inactive(anon):     2852 kB
Active(file):     182388 kB
Inactive(file):   311944 kB
Unevictable:        1988 kB
Mlocked:               0 kB
HighTotal:        802816 kB
HighFree:           1508 kB
LowTotal:         548148 kB
LowFree:           53196 kB
SwapTotal:             0 kB
SwapFree:              0 kB
Dirty:                 0 kB
Writeback:             0 kB
AnonPages:        513848 kB
Mapped:           214820 kB
Shmem:              2900 kB
Slab:              33664 kB
SReclaimable:      11896 kB
SUnreclaim:        21768 kB
KernelStack:        9520 kB
PageTables:        19788 kB
NFS_Unstable:          0 kB
Bounce:                0 kB
WritebackTmp:          0 kB
CommitLimit:      675480 kB
Committed_AS:   46121216 kB
VmallocTotal:     253952 kB
VmallocUsed:       93360 kB
VmallocChunk:      49156 kB
Time pass: 195 sec

---2015-12-05 11:13:24
MemTotal:        1350964 kB
MemFree:           54664 kB
Buffers:            7796 kB
Cached:           491432 kB
SwapCached:            0 kB
Active:           695884 kB
Inactive:         314796 kB
Active(anon):     513496 kB
Inactive(anon):     2852 kB
Active(file):     182388 kB
Inactive(file):   311944 kB
Unevictable:        1988 kB
Mlocked:               0 kB
HighTotal:        802816 kB
HighFree:           1832 kB
LowTotal:         548148 kB
LowFree:           52832 kB
SwapTotal:             0 kB
SwapFree:              0 kB
Dirty:                28 kB
Writeback:             0 kB
AnonPages:        513408 kB
Mapped:           214840 kB
Shmem:              2900 kB
Slab:              33560 kB
SReclaimable:      11896 kB
SUnreclaim:        21664 kB
KernelStack:        9512 kB
PageTables:        19784 kB
NFS_Unstable:          0 kB
Bounce:                0 kB
WritebackTmp:          0 kB
CommitLimit:      675480 kB
Committed_AS:   46121276 kB
VmallocTotal:     253952 kB
VmallocUsed:       93360 kB
VmallocChunk:      49156 kB
Time pass: 199 sec

---2015-12-05 11:13:24
MemTotal:        1350964 kB
MemFree:           54092 kB
Buffers:            7796 kB
Cached:           491448 kB
SwapCached:            0 kB
Active:           695532 kB
Inactive:         314820 kB
Active(anon):     513144 kB
Inactive(anon):     2852 kB
Active(file):     182388 kB
Inactive(file):   311968 kB
Unevictable:        1988 kB
Mlocked:               0 kB
HighTotal:        802816 kB
HighFree:           1632 kB
LowTotal:         548148 kB
LowFree:           52460 kB
SwapTotal:             0 kB
SwapFree:              0 kB
Dirty:                40 kB
Writeback:             0 kB
AnonPages:        513244 kB
Mapped:           214844 kB
Shmem:              2900 kB
Slab:              33604 kB
SReclaimable:      11896 kB
SUnreclaim:        21708 kB
KernelStack:        9512 kB
PageTables:        19784 kB
NFS_Unstable:          0 kB
Bounce:                0 kB
WritebackTmp:          0 kB
CommitLimit:      675480 kB
Committed_AS:   46120172 kB
VmallocTotal:     253952 kB
VmallocUsed:       93360 kB
VmallocChunk:      49156 kB
Time pass: 203 sec

---2015-12-05 11:13:24
MemTotal:        1350964 kB
MemFree:           53880 kB
Buffers:            7812 kB
Cached:           491552 kB
SwapCached:            0 kB
Active:           695512 kB
Inactive:         314916 kB
Active(anon):     513124 kB
Inactive(anon):     2852 kB
Active(file):     182388 kB
Inactive(file):   312064 kB
Unevictable:        1988 kB
Mlocked:               0 kB
HighTotal:        802816 kB
HighFree:           1632 kB
LowTotal:         548148 kB
LowFree:           52248 kB
SwapTotal:             0 kB
SwapFree:              0 kB
Dirty:               192 kB
Writeback:             0 kB
AnonPages:        513140 kB
Mapped:           214848 kB
Shmem:              2900 kB
Slab:              33648 kB
SReclaimable:      11896 kB
SUnreclaim:        21752 kB
KernelStack:        9512 kB
PageTables:        19784 kB
NFS_Unstable:          0 kB
Bounce:                0 kB
WritebackTmp:          0 kB
CommitLimit:      675480 kB
Committed_AS:   46120068 kB
VmallocTotal:     253952 kB
VmallocUsed:       93360 kB
VmallocChunk:      49156 kB
Time pass: 206 sec

---2015-12-05 11:13:24
MemTotal:        1350964 kB
MemFree:           54608 kB
Buffers:            7820 kB
Cached:           491596 kB
SwapCached:            0 kB
Active:           695724 kB
Inactive:         314940 kB
Active(anon):     513336 kB
Inactive(anon):     2852 kB
Active(file):     182388 kB
Inactive(file):   312088 kB
Unevictable:        1988 kB
Mlocked:               0 kB
HighTotal:        802816 kB
HighFree:           1508 kB
LowTotal:         548148 kB
LowFree:           53100 kB
SwapTotal:             0 kB
SwapFree:              0 kB
Dirty:                 0 kB
Writeback:             0 kB
AnonPages:        513292 kB
Mapped:           214900 kB
Shmem:              2952 kB
Slab:              33672 kB
SReclaimable:      11896 kB
SUnreclaim:        21776 kB
KernelStack:        9512 kB
PageTables:        19784 kB
NFS_Unstable:          0 kB
Bounce:                0 kB
WritebackTmp:          0 kB
CommitLimit:      675480 kB
Committed_AS:   46120100 kB
VmallocTotal:     253952 kB
VmallocUsed:       93360 kB
VmallocChunk:      49156 kB
Time pass: 210 sec

---2015-12-05 11:13:24
MemTotal:        1350964 kB
MemFree:           54376 kB
Buffers:            7836 kB
Cached:           491616 kB
SwapCached:            0 kB
Active:           695880 kB
Inactive:         314960 kB
Active(anon):     513436 kB
Inactive(anon):     2904 kB
Active(file):     182444 kB
Inactive(file):   312056 kB
Unevictable:        1988 kB
Mlocked:               0 kB
HighTotal:        802816 kB
HighFree:           1508 kB
LowTotal:         548148 kB
LowFree:           52868 kB
SwapTotal:             0 kB
SwapFree:              0 kB
Dirty:               192 kB
Writeback:             0 kB
AnonPages:        513296 kB
Mapped:           214764 kB
Shmem:              2964 kB
Slab:              33632 kB
SReclaimable:      11896 kB
SUnreclaim:        21736 kB
KernelStack:        9504 kB
PageTables:        19788 kB
NFS_Unstable:          0 kB
Bounce:                0 kB
WritebackTmp:          0 kB
CommitLimit:      675480 kB
Committed_AS:   46120136 kB
VmallocTotal:     253952 kB
VmallocUsed:       93360 kB
VmallocChunk:      49156 kB
Time pass: 213 sec

---2015-12-05 11:13:24
MemTotal:        1350964 kB
MemFree:           53740 kB
Buffers:            7836 kB
Cached:           491628 kB
SwapCached:            0 kB
Active:           696060 kB
Inactive:         314920 kB
Active(anon):     513564 kB
Inactive(anon):     2916 kB
Active(file):     182496 kB
Inactive(file):   312004 kB
Unevictable:        1988 kB
Mlocked:               0 kB
HighTotal:        802816 kB
HighFree:           1508 kB
LowTotal:         548148 kB
LowFree:           52232 kB
SwapTotal:             0 kB
SwapFree:              0 kB
Dirty:                 0 kB
Writeback:             0 kB
AnonPages:        513412 kB
Mapped:           214776 kB
Shmem:              2976 kB
Slab:              33660 kB
SReclaimable:      11896 kB
SUnreclaim:        21764 kB
KernelStack:        9496 kB
PageTables:        19788 kB
NFS_Unstable:          0 kB
Bounce:                0 kB
WritebackTmp:          0 kB
CommitLimit:      675480 kB
Committed_AS:   46120288 kB
VmallocTotal:     253952 kB
VmallocUsed:       93360 kB
VmallocChunk:      49156 kB
Time pass: 217 sec

---2015-12-05 11:13:24
MemTotal:        1350964 kB
MemFree:           53960 kB
Buffers:            7868 kB
Cached:           491620 kB
SwapCached:            0 kB
Active:           696352 kB
Inactive:         314956 kB
Active(anon):     513856 kB
Inactive(anon):     2928 kB
Active(file):     182496 kB
Inactive(file):   312028 kB
Unevictable:        1988 kB
Mlocked:               0 kB
HighTotal:        802816 kB
HighFree:           1508 kB
LowTotal:         548148 kB
LowFree:           52452 kB
SwapTotal:             0 kB
SwapFree:              0 kB
Dirty:                36 kB
Writeback:             0 kB
AnonPages:        513984 kB
Mapped:           214924 kB
Shmem:              2976 kB
Slab:              33620 kB
SReclaimable:      11896 kB
SUnreclaim:        21724 kB
KernelStack:        9504 kB
PageTables:        19788 kB
NFS_Unstable:          0 kB
Bounce:                0 kB
WritebackTmp:          0 kB
CommitLimit:      675480 kB
Committed_AS:   46120340 kB
VmallocTotal:     253952 kB
VmallocUsed:       93360 kB
VmallocChunk:      49156 kB
Time pass: 220 sec

---2015-12-05 11:13:24
MemTotal:        1350964 kB
MemFree:           51380 kB
Buffers:            7872 kB
Cached:           491932 kB
SwapCached:            0 kB
Active:           698132 kB
Inactive:         315256 kB
Active(anon):     515620 kB
Inactive(anon):     2928 kB
Active(file):     182512 kB
Inactive(file):   312328 kB
Unevictable:        1988 kB
Mlocked:               0 kB
HighTotal:        802816 kB
HighFree:           1508 kB
LowTotal:         548148 kB
LowFree:           49872 kB
SwapTotal:             0 kB
SwapFree:              0 kB
Dirty:               144 kB
Writeback:             0 kB
AnonPages:        515564 kB
Mapped:           215140 kB
Shmem:              2976 kB
Slab:              33772 kB
SReclaimable:      11896 kB
SUnreclaim:        21876 kB
KernelStack:        9584 kB
PageTables:        20040 kB
NFS_Unstable:          0 kB
Bounce:                0 kB
WritebackTmp:          0 kB
CommitLimit:      675480 kB
Committed_AS:   46909620 kB
VmallocTotal:     253952 kB
VmallocUsed:       94380 kB
VmallocChunk:      49156 kB
Time pass: 224 sec

---2015-12-05 11:13:24
MemTotal:        1350964 kB
MemFree:           51404 kB
Buffers:            7904 kB
Cached:           491936 kB
SwapCached:            0 kB
Active:           698108 kB
Inactive:         315288 kB
Active(anon):     515592 kB
Inactive(anon):     2928 kB
Active(file):     182516 kB
Inactive(file):   312360 kB
Unevictable:        1988 kB
Mlocked:               0 kB
HighTotal:        802816 kB
HighFree:           1508 kB
LowTotal:         548148 kB
LowFree:           49896 kB
SwapTotal:             0 kB
SwapFree:              0 kB
Dirty:                88 kB
Writeback:             0 kB
AnonPages:        515568 kB
Mapped:           215092 kB
Shmem:              2976 kB
Slab:              33668 kB
SReclaimable:      11896 kB
SUnreclaim:        21772 kB
KernelStack:        9432 kB
PageTables:        20008 kB
NFS_Unstable:          0 kB
Bounce:                0 kB
WritebackTmp:          0 kB
CommitLimit:      675480 kB
Committed_AS:   46909120 kB
VmallocTotal:     253952 kB
VmallocUsed:       94380 kB
VmallocChunk:      49156 kB
Time pass: 227 sec

---2015-12-05 11:13:24
MemTotal:        1350964 kB
MemFree:           50988 kB
Buffers:            7904 kB
Cached:           492044 kB
SwapCached:            0 kB
Active:           698452 kB
Inactive:         315392 kB
Active(anon):     515932 kB
Inactive(anon):     2928 kB
Active(file):     182520 kB
Inactive(file):   312464 kB
Unevictable:        1988 kB
Mlocked:               0 kB
HighTotal:        802816 kB
HighFree:           1508 kB
LowTotal:         548148 kB
LowFree:           49480 kB
SwapTotal:             0 kB
SwapFree:              0 kB
Dirty:               156 kB
Writeback:             0 kB
AnonPages:        515968 kB
Mapped:           215016 kB
Shmem:              2976 kB
Slab:              33804 kB
SReclaimable:      11896 kB
SUnreclaim:        21908 kB
KernelStack:        9424 kB
PageTables:        20028 kB
NFS_Unstable:          0 kB
Bounce:                0 kB
WritebackTmp:          0 kB
CommitLimit:      675480 kB
Committed_AS:   46910256 kB
VmallocTotal:     253952 kB
VmallocUsed:       94380 kB
VmallocChunk:      49156 kB
Time pass: 231 sec

---2015-12-05 11:13:24
MemTotal:        1350964 kB
MemFree:           50784 kB
Buffers:            7920 kB
Cached:           492044 kB
SwapCached:            0 kB
Active:           698792 kB
Inactive:         315408 kB
Active(anon):     516272 kB
Inactive(anon):     2928 kB
Active(file):     182520 kB
Inactive(file):   312480 kB
Unevictable:        1988 kB
Mlocked:               0 kB
HighTotal:        802816 kB
HighFree:           1508 kB
LowTotal:         548148 kB
LowFree:           49276 kB
SwapTotal:             0 kB
SwapFree:              0 kB
Dirty:               112 kB
Writeback:             0 kB
AnonPages:        516440 kB
Mapped:           215164 kB
Shmem:              2976 kB
Slab:              33616 kB
SReclaimable:      11896 kB
SUnreclaim:        21720 kB
KernelStack:        9416 kB
PageTables:        20028 kB
NFS_Unstable:          0 kB
Bounce:                0 kB
WritebackTmp:          0 kB
CommitLimit:      675480 kB
Committed_AS:   46910416 kB
VmallocTotal:     253952 kB
VmallocUsed:       94380 kB
VmallocChunk:      49156 kB
Time pass: 235 sec

---2015-12-05 11:13:24
MemTotal:        1350964 kB
MemFree:           52172 kB
Buffers:            7928 kB
Cached:           492060 kB
SwapCached:            0 kB
Active:           697232 kB
Inactive:         315408 kB
Active(anon):     514712 kB
Inactive(anon):     2928 kB
Active(file):     182520 kB
Inactive(file):   312480 kB
Unevictable:        1988 kB
Mlocked:               0 kB
HighTotal:        802816 kB
HighFree:           1632 kB
LowTotal:         548148 kB
LowFree:           50540 kB
SwapTotal:             0 kB
SwapFree:              0 kB
Dirty:                 0 kB
Writeback:             0 kB
AnonPages:        514676 kB
Mapped:           215180 kB
Shmem:              2992 kB
Slab:              33612 kB
SReclaimable:      11896 kB
SUnreclaim:        21716 kB
KernelStack:        9408 kB
PageTables:        20024 kB
NFS_Unstable:          0 kB
Bounce:                0 kB
WritebackTmp:          0 kB
CommitLimit:      675480 kB
Committed_AS:   46909184 kB
VmallocTotal:     253952 kB
VmallocUsed:       94380 kB
VmallocChunk:      49156 kB
Time pass: 239 sec

---2015-12-05 11:13:24
MemTotal:        1350964 kB
MemFree:           52512 kB
Buffers:            7944 kB
Cached:           492060 kB
SwapCached:            0 kB
Active:           697344 kB
Inactive:         315448 kB
Active(anon):     514824 kB
Inactive(anon):     2944 kB
Active(file):     182520 kB
Inactive(file):   312504 kB
Unevictable:        1988 kB
Mlocked:               0 kB
HighTotal:        802816 kB
HighFree:           1508 kB
LowTotal:         548148 kB
LowFree:           51004 kB
SwapTotal:             0 kB
SwapFree:              0 kB
Dirty:                48 kB
Writeback:             0 kB
AnonPages:        514796 kB
Mapped:           215032 kB
Shmem:              2992 kB
Slab:              33684 kB
SReclaimable:      11896 kB
SUnreclaim:        21788 kB
KernelStack:        9408 kB
PageTables:        20032 kB
NFS_Unstable:          0 kB
Bounce:                0 kB
WritebackTmp:          0 kB
CommitLimit:      675480 kB
Committed_AS:   46909128 kB
VmallocTotal:     253952 kB
VmallocUsed:       94380 kB
VmallocChunk:      49156 kB
Time pass: 242 sec

---2015-12-05 11:13:24
MemTotal:        1350964 kB
MemFree:           51972 kB
Buffers:            7952 kB
Cached:           492060 kB
SwapCached:            0 kB
Active:           697340 kB
Inactive:         315448 kB
Active(anon):     514820 kB
Inactive(anon):     2944 kB
Active(file):     182520 kB
Inactive(file):   312504 kB
Unevictable:        1988 kB
Mlocked:               0 kB
HighTotal:        802816 kB
HighFree:           1508 kB
LowTotal:         548148 kB
LowFree:           50464 kB
SwapTotal:             0 kB
SwapFree:              0 kB
Dirty:                44 kB
Writeback:             0 kB
AnonPages:        514856 kB
Mapped:           215180 kB
Shmem:              2992 kB
Slab:              33740 kB
SReclaimable:      11896 kB
SUnreclaim:        21844 kB
KernelStack:        9408 kB
PageTables:        20028 kB
NFS_Unstable:          0 kB
Bounce:                0 kB
WritebackTmp:          0 kB
CommitLimit:      675480 kB
Committed_AS:   46909252 kB
VmallocTotal:     253952 kB
VmallocUsed:       94380 kB
VmallocChunk:      49156 kB
Time pass: 246 sec

---2015-12-05 11:13:24
MemTotal:        1350964 kB
MemFree:           52144 kB
Buffers:            7968 kB
Cached:           492072 kB
SwapCached:            0 kB
Active:           697380 kB
Inactive:         315472 kB
Active(anon):     514856 kB
Inactive(anon):     2944 kB
Active(file):     182524 kB
Inactive(file):   312528 kB
Unevictable:        1988 kB
Mlocked:               0 kB
HighTotal:        802816 kB
HighFree:           1508 kB
LowTotal:         548148 kB
LowFree:           50636 kB
SwapTotal:             0 kB
SwapFree:              0 kB
Dirty:                 0 kB
Writeback:             0 kB
AnonPages:        514736 kB
Mapped:           215200 kB
Shmem:              2992 kB
Slab:              33596 kB
SReclaimable:      11896 kB
SUnreclaim:        21700 kB
KernelStack:        9408 kB
PageTables:        20032 kB
NFS_Unstable:          0 kB
Bounce:                0 kB
WritebackTmp:          0 kB
CommitLimit:      675480 kB
Committed_AS:   46909108 kB
VmallocTotal:     253952 kB
VmallocUsed:       94380 kB
VmallocChunk:      49156 kB
Time pass: 249 sec

---2015-12-05 11:13:24
MemTotal:        1350964 kB
MemFree:           52056 kB
Buffers:            7976 kB
Cached:           492064 kB
SwapCached:            0 kB
Active:           697456 kB
Inactive:         315480 kB
Active(anon):     514932 kB
Inactive(anon):     2944 kB
Active(file):     182524 kB
Inactive(file):   312536 kB
Unevictable:        1988 kB
Mlocked:               0 kB
HighTotal:        802816 kB
HighFree:           1508 kB
LowTotal:         548148 kB
LowFree:           50548 kB
SwapTotal:             0 kB
SwapFree:              0 kB
Dirty:                 4 kB
Writeback:             0 kB
AnonPages:        514788 kB
Mapped:           215052 kB
Shmem:              2992 kB
Slab:              33592 kB
SReclaimable:      11896 kB
SUnreclaim:        21696 kB
KernelStack:        9408 kB
PageTables:        20036 kB
NFS_Unstable:          0 kB
Bounce:                0 kB
WritebackTmp:          0 kB
CommitLimit:      675480 kB
Committed_AS:   46909220 kB
VmallocTotal:     253952 kB
VmallocUsed:       94380 kB
VmallocChunk:      49156 kB
Time pass: 253 sec

---2015-12-05 11:13:24
MemTotal:        1350964 kB
MemFree:           51836 kB
Buffers:            7992 kB
Cached:           492072 kB
SwapCached:            0 kB
Active:           697628 kB
Inactive:         315504 kB
Active(anon):     515104 kB
Inactive(anon):     2944 kB
Active(file):     182524 kB
Inactive(file):   312560 kB
Unevictable:        1988 kB
Mlocked:               0 kB
HighTotal:        802816 kB
HighFree:           1508 kB
LowTotal:         548148 kB
LowFree:           50328 kB
SwapTotal:             0 kB
SwapFree:              0 kB
Dirty:                52 kB
Writeback:             0 kB
AnonPages:        515072 kB
Mapped:           215200 kB
Shmem:              2992 kB
Slab:              33684 kB
SReclaimable:      11896 kB
SUnreclaim:        21788 kB
KernelStack:        9408 kB
PageTables:        20032 kB
NFS_Unstable:          0 kB
Bounce:                0 kB
WritebackTmp:          0 kB
CommitLimit:      675480 kB
Committed_AS:   46909316 kB
VmallocTotal:     253952 kB
VmallocUsed:       94380 kB
VmallocChunk:      49156 kB
Time pass: 256 sec

---2015-12-05 11:13:24
MemTotal:        1350964 kB
MemFree:           51452 kB
Buffers:            8008 kB
Cached:           492072 kB
SwapCached:            0 kB
Active:           697612 kB
Inactive:         315512 kB
Active(anon):     515088 kB
Inactive(anon):     2944 kB
Active(file):     182524 kB
Inactive(file):   312568 kB
Unevictable:        1988 kB
Mlocked:               0 kB
HighTotal:        802816 kB
HighFree:           1508 kB
LowTotal:         548148 kB
LowFree:           49944 kB
SwapTotal:             0 kB
SwapFree:              0 kB
Dirty:                48 kB
Writeback:             0 kB
AnonPages:        514996 kB
Mapped:           215152 kB
Shmem:              2992 kB
Slab:              33636 kB
SReclaimable:      11896 kB
SUnreclaim:        21740 kB
KernelStack:        9408 kB
PageTables:        20012 kB
NFS_Unstable:          0 kB
Bounce:                0 kB
WritebackTmp:          0 kB
CommitLimit:      675480 kB
Committed_AS:   46909212 kB
VmallocTotal:     253952 kB
VmallocUsed:       94380 kB
VmallocChunk:      49156 kB
Time pass: 260 sec

---2015-12-05 11:13:24
MemTotal:        1350964 kB
MemFree:           51812 kB
Buffers:            8008 kB
Cached:           492072 kB
SwapCached:            0 kB
Active:           697948 kB
Inactive:         315520 kB
Active(anon):     515424 kB
Inactive(anon):     2944 kB
Active(file):     182524 kB
Inactive(file):   312576 kB
Unevictable:        1988 kB
Mlocked:               0 kB
HighTotal:        802816 kB
HighFree:           1508 kB
LowTotal:         548148 kB
LowFree:           50304 kB
SwapTotal:             0 kB
SwapFree:              0 kB
Dirty:                48 kB
Writeback:             0 kB
AnonPages:        515304 kB
Mapped:           215200 kB
Shmem:              2992 kB
Slab:              33620 kB
SReclaimable:      11896 kB
SUnreclaim:        21724 kB
KernelStack:        9416 kB
PageTables:        20032 kB
NFS_Unstable:          0 kB
Bounce:                0 kB
WritebackTmp:          0 kB
CommitLimit:      675480 kB
Committed_AS:   46909328 kB
VmallocTotal:     253952 kB
VmallocUsed:       94380 kB
VmallocChunk:      49156 kB
Time pass: 264 sec

---2015-12-05 11:13:24
MemTotal:        1350964 kB
MemFree:           50772 kB
Buffers:            8032 kB
Cached:           492064 kB
SwapCached:            0 kB
Active:           698104 kB
Inactive:         315536 kB
Active(anon):     515580 kB
Inactive(anon):     2944 kB
Active(file):     182524 kB
Inactive(file):   312592 kB
Unevictable:        1988 kB
Mlocked:               0 kB
HighTotal:        802816 kB
HighFree:           1508 kB
LowTotal:         548148 kB
LowFree:           49264 kB
SwapTotal:             0 kB
SwapFree:              0 kB
Dirty:                40 kB
Writeback:             0 kB
AnonPages:        515548 kB
Mapped:           215200 kB
Shmem:              2992 kB
Slab:              33716 kB
SReclaimable:      11896 kB
SUnreclaim:        21820 kB
KernelStack:        9424 kB
PageTables:        20032 kB
NFS_Unstable:          0 kB
Bounce:                0 kB
WritebackTmp:          0 kB
CommitLimit:      675480 kB
Committed_AS:   46909308 kB
VmallocTotal:     253952 kB
VmallocUsed:       94380 kB
VmallocChunk:      49156 kB
Time pass: 268 sec

---2015-12-05 11:13:24
MemTotal:        1350964 kB
MemFree:           52352 kB
Buffers:            8032 kB
Cached:           492076 kB
SwapCached:            0 kB
Active:           698004 kB
Inactive:         315544 kB
Active(anon):     515476 kB
Inactive(anon):     2944 kB
Active(file):     182528 kB
Inactive(file):   312600 kB
Unevictable:        1988 kB
Mlocked:               0 kB
HighTotal:        802816 kB
HighFree:           2408 kB
LowTotal:         548148 kB
LowFree:           49944 kB
SwapTotal:             0 kB
SwapFree:              0 kB
Dirty:                 4 kB
Writeback:             0 kB
AnonPages:        515432 kB
Mapped:           215152 kB
Shmem:              2992 kB
Slab:              33672 kB
SReclaimable:      11896 kB
SUnreclaim:        21776 kB
KernelStack:        9416 kB
PageTables:        20016 kB
NFS_Unstable:          0 kB
Bounce:                0 kB
WritebackTmp:          0 kB
CommitLimit:      675480 kB
Committed_AS:   46909424 kB
VmallocTotal:     253952 kB
VmallocUsed:       94380 kB
VmallocChunk:      49156 kB
Time pass: 271 sec

---2015-12-05 11:13:24
MemTotal:        1350964 kB
MemFree:           51956 kB
Buffers:            8040 kB
Cached:           492076 kB
SwapCached:            0 kB
Active:           698252 kB
Inactive:         315544 kB
Active(anon):     515724 kB
Inactive(anon):     2944 kB
Active(file):     182528 kB
Inactive(file):   312600 kB
Unevictable:        1988 kB
Mlocked:               0 kB
HighTotal:        802816 kB
HighFree:           2376 kB
LowTotal:         548148 kB
LowFree:           49580 kB
SwapTotal:             0 kB
SwapFree:              0 kB
Dirty:                40 kB
Writeback:             0 kB
AnonPages:        515736 kB
Mapped:           215200 kB
Shmem:              2992 kB
Slab:              33576 kB
SReclaimable:      11896 kB
SUnreclaim:        21680 kB
KernelStack:        9408 kB
PageTables:        20028 kB
NFS_Unstable:          0 kB
Bounce:                0 kB
WritebackTmp:          0 kB
CommitLimit:      675480 kB
Committed_AS:   46909528 kB
VmallocTotal:     253952 kB
VmallocUsed:       94380 kB
VmallocChunk:      49156 kB
Time pass: 275 sec

---2015-12-05 11:13:24
MemTotal:        1350964 kB
MemFree:           51452 kB
Buffers:            8056 kB
Cached:           492076 kB
SwapCached:            0 kB
Active:           698296 kB
Inactive:         315568 kB
Active(anon):     515768 kB
Inactive(anon):     2944 kB
Active(file):     182528 kB
Inactive(file):   312624 kB
Unevictable:        1988 kB
Mlocked:               0 kB
HighTotal:        802816 kB
HighFree:           1508 kB
LowTotal:         548148 kB
LowFree:           49944 kB
SwapTotal:             0 kB
SwapFree:              0 kB
Dirty:                 4 kB
Writeback:             0 kB
AnonPages:        515628 kB
Mapped:           215052 kB
Shmem:              2992 kB
Slab:              33644 kB
SReclaimable:      11896 kB
SUnreclaim:        21748 kB
KernelStack:        9408 kB
PageTables:        20024 kB
NFS_Unstable:          0 kB
Bounce:                0 kB
WritebackTmp:          0 kB
CommitLimit:      675480 kB
Committed_AS:   46909472 kB
VmallocTotal:     253952 kB
VmallocUsed:       94380 kB
VmallocChunk:      49156 kB
Time pass: 278 sec

---2015-12-05 11:13:24
MemTotal:        1350964 kB
MemFree:           51332 kB
Buffers:            8064 kB
Cached:           492076 kB
SwapCached:            0 kB
Active:           698200 kB
Inactive:         315576 kB
Active(anon):     515672 kB
Inactive(anon):     2944 kB
Active(file):     182528 kB
Inactive(file):   312632 kB
Unevictable:        1988 kB
Mlocked:               0 kB
HighTotal:        802816 kB
HighFree:           1508 kB
LowTotal:         548148 kB
LowFree:           49824 kB
SwapTotal:             0 kB
SwapFree:              0 kB
Dirty:                32 kB
Writeback:             0 kB
AnonPages:        515684 kB
Mapped:           215200 kB
Shmem:              2992 kB
Slab:              33708 kB
SReclaimable:      11896 kB
SUnreclaim:        21812 kB
KernelStack:        9408 kB
PageTables:        20028 kB
NFS_Unstable:          0 kB
Bounce:                0 kB
WritebackTmp:          0 kB
CommitLimit:      675480 kB
Committed_AS:   46909352 kB
VmallocTotal:     253952 kB
VmallocUsed:       94380 kB
VmallocChunk:      49156 kB
Time pass: 282 sec

---2015-12-05 11:13:24
MemTotal:        1350964 kB
MemFree:           51604 kB
Buffers:            8080 kB
Cached:           492076 kB
SwapCached:            0 kB
Active:           698288 kB
Inactive:         315592 kB
Active(anon):     515760 kB
Inactive(anon):     2944 kB
Active(file):     182528 kB
Inactive(file):   312648 kB
Unevictable:        1988 kB
Mlocked:               0 kB
HighTotal:        802816 kB
HighFree:           1508 kB
LowTotal:         548148 kB
LowFree:           50096 kB
SwapTotal:             0 kB
SwapFree:              0 kB
Dirty:                48 kB
Writeback:             0 kB
AnonPages:        515660 kB
Mapped:           215200 kB
Shmem:              2992 kB
Slab:              33656 kB
SReclaimable:      11896 kB
SUnreclaim:        21760 kB
KernelStack:        9408 kB
PageTables:        20028 kB
NFS_Unstable:          0 kB
Bounce:                0 kB
WritebackTmp:          0 kB
CommitLimit:      675480 kB
Committed_AS:   46909300 kB
VmallocTotal:     253952 kB
VmallocUsed:       94380 kB
VmallocChunk:      49156 kB
Time pass: 285 sec

---2015-12-05 11:13:24
MemTotal:        1350964 kB
MemFree:           51040 kB
Buffers:            8096 kB
Cached:           492076 kB
SwapCached:            0 kB
Active:           698416 kB
Inactive:         315608 kB
Active(anon):     515888 kB
Inactive(anon):     2944 kB
Active(file):     182528 kB
Inactive(file):   312664 kB
Unevictable:        1988 kB
Mlocked:               0 kB
HighTotal:        802816 kB
HighFree:           1508 kB
LowTotal:         548148 kB
LowFree:           49532 kB
SwapTotal:             0 kB
SwapFree:              0 kB
Dirty:                48 kB
Writeback:             0 kB
AnonPages:        515892 kB
Mapped:           215200 kB
Shmem:              2992 kB
Slab:              33596 kB
SReclaimable:      11896 kB
SUnreclaim:        21700 kB
KernelStack:        9400 kB
PageTables:        20028 kB
NFS_Unstable:          0 kB
Bounce:                0 kB
WritebackTmp:          0 kB
CommitLimit:      675480 kB
Committed_AS:   46909384 kB
VmallocTotal:     253952 kB
VmallocUsed:       94380 kB
VmallocChunk:      49156 kB
Time pass: 289 sec

---2015-12-05 11:13:24
MemTotal:        1350964 kB
MemFree:           50760 kB
Buffers:            8096 kB
Cached:           492080 kB
SwapCached:            0 kB
Active:           698600 kB
Inactive:         315608 kB
Active(anon):     516068 kB
Inactive(anon):     2944 kB
Active(file):     182532 kB
Inactive(file):   312664 kB
Unevictable:        1988 kB
Mlocked:               0 kB
HighTotal:        802816 kB
HighFree:           1508 kB
LowTotal:         548148 kB
LowFree:           49252 kB
SwapTotal:             0 kB
SwapFree:              0 kB
Dirty:                 0 kB
Writeback:             0 kB
AnonPages:        515932 kB
Mapped:           215200 kB
Shmem:              2992 kB
Slab:              33628 kB
SReclaimable:      11896 kB
SUnreclaim:        21732 kB
KernelStack:        9400 kB
PageTables:        20028 kB
NFS_Unstable:          0 kB
Bounce:                0 kB
WritebackTmp:          0 kB
CommitLimit:      675480 kB
Committed_AS:   46909388 kB
VmallocTotal:     253952 kB
VmallocUsed:       94380 kB
VmallocChunk:      49156 kB
Time pass: 292 sec

---2015-12-05 11:13:24
MemTotal:        1350964 kB
MemFree:           51316 kB
Buffers:            8120 kB
Cached:           492064 kB
SwapCached:            0 kB
Active:           698476 kB
Inactive:         315616 kB
Active(anon):     515944 kB
Inactive(anon):     2944 kB
Active(file):     182532 kB
Inactive(file):   312672 kB
Unevictable:        1988 kB
Mlocked:               0 kB
HighTotal:        802816 kB
HighFree:           1508 kB
LowTotal:         548148 kB
LowFree:           49808 kB
SwapTotal:             0 kB
SwapFree:              0 kB
Dirty:               180 kB
Writeback:             0 kB
AnonPages:        516164 kB
Mapped:           215032 kB
Shmem:              2992 kB
Slab:              33652 kB
SReclaimable:      11896 kB
SUnreclaim:        21756 kB
KernelStack:        9408 kB
PageTables:        20040 kB
NFS_Unstable:          0 kB
Bounce:                0 kB
WritebackTmp:          0 kB
CommitLimit:      675480 kB
Committed_AS:   46909428 kB
VmallocTotal:     253952 kB
VmallocUsed:       94380 kB
VmallocChunk:      49156 kB
Time pass: 296 sec

---2015-12-05 11:13:24
MemTotal:        1350964 kB
MemFree:           50400 kB
Buffers:            8160 kB
Cached:           492184 kB
SwapCached:            0 kB
Active:           699436 kB
Inactive:         315772 kB
Active(anon):     516900 kB
Inactive(anon):     2944 kB
Active(file):     182536 kB
Inactive(file):   312828 kB
Unevictable:        1988 kB
Mlocked:               0 kB
HighTotal:        802816 kB
HighFree:           1508 kB
LowTotal:         548148 kB
LowFree:           48892 kB
SwapTotal:             0 kB
SwapFree:              0 kB
Dirty:                 4 kB
Writeback:             0 kB
AnonPages:        516952 kB
Mapped:           215236 kB
Shmem:              2992 kB
Slab:              33652 kB
SReclaimable:      11896 kB
SUnreclaim:        21756 kB
KernelStack:        9416 kB
PageTables:        20036 kB
NFS_Unstable:          0 kB
Bounce:                0 kB
WritebackTmp:          0 kB
CommitLimit:      675480 kB
Committed_AS:   46909652 kB
VmallocTotal:     253952 kB
VmallocUsed:       94380 kB
VmallocChunk:      49156 kB
Time pass: 299 sec

---2015-12-05 11:13:24
MemTotal:        1350964 kB
MemFree:           49592 kB
Buffers:            8184 kB
Cached:           492164 kB
SwapCached:            0 kB
Active:           700612 kB
Inactive:         315776 kB
Active(anon):     518076 kB
Inactive(anon):     2944 kB
Active(file):     182536 kB
Inactive(file):   312832 kB
Unevictable:        1988 kB
Mlocked:               0 kB
HighTotal:        802816 kB
HighFree:           1508 kB
LowTotal:         548148 kB
LowFree:           48084 kB
SwapTotal:             0 kB
SwapFree:              0 kB
Dirty:                 8 kB
Writeback:             0 kB
AnonPages:        517892 kB
Mapped:           215236 kB
Shmem:              2992 kB
Slab:              33608 kB
SReclaimable:      11896 kB
SUnreclaim:        21712 kB
KernelStack:        9408 kB
PageTables:        20032 kB
NFS_Unstable:          0 kB
Bounce:                0 kB
WritebackTmp:          0 kB
CommitLimit:      675480 kB
Committed_AS:   46910896 kB
VmallocTotal:     253952 kB
VmallocUsed:       94380 kB
VmallocChunk:      49156 kB
Time pass: 303 sec

---2015-12-05 11:13:24
MemTotal:        1350964 kB
MemFree:           49652 kB
Buffers:            8184 kB
Cached:           492192 kB
SwapCached:            0 kB
Active:           699628 kB
Inactive:         315804 kB
Active(anon):     517092 kB
Inactive(anon):     2944 kB
Active(file):     182536 kB
Inactive(file):   312860 kB
Unevictable:        1988 kB
Mlocked:               0 kB
HighTotal:        802816 kB
HighFree:           1508 kB
LowTotal:         548148 kB
LowFree:           48144 kB
SwapTotal:             0 kB
SwapFree:              0 kB
Dirty:               224 kB
Writeback:             0 kB
AnonPages:        517236 kB
Mapped:           215236 kB
Shmem:              2992 kB
Slab:              33588 kB
SReclaimable:      11896 kB
SUnreclaim:        21692 kB
KernelStack:        9408 kB
PageTables:        20032 kB
NFS_Unstable:          0 kB
Bounce:                0 kB
WritebackTmp:          0 kB
CommitLimit:      675480 kB
Committed_AS:   46911308 kB
VmallocTotal:     253952 kB
VmallocUsed:       94380 kB
VmallocChunk:      49156 kB
Time pass: 307 sec

---2015-12-05 11:13:24
MemTotal:        1350964 kB
MemFree:           51056 kB
Buffers:            8200 kB
Cached:           492196 kB
SwapCached:            0 kB
Active:           698036 kB
Inactive:         315820 kB
Active(anon):     515500 kB
Inactive(anon):     2944 kB
Active(file):     182536 kB
Inactive(file):   312876 kB
Unevictable:        1988 kB
Mlocked:               0 kB
HighTotal:        802816 kB
HighFree:           2376 kB
LowTotal:         548148 kB
LowFree:           48680 kB
SwapTotal:             0 kB
SwapFree:              0 kB
Dirty:                64 kB
Writeback:             0 kB
AnonPages:        515452 kB
Mapped:           215088 kB
Shmem:              2992 kB
Slab:              33572 kB
SReclaimable:      11896 kB
SUnreclaim:        21676 kB
KernelStack:        9400 kB
PageTables:        20040 kB
NFS_Unstable:          0 kB
Bounce:                0 kB
WritebackTmp:          0 kB
CommitLimit:      675480 kB
Committed_AS:   46910276 kB
VmallocTotal:     253952 kB
VmallocUsed:       94380 kB
VmallocChunk:      49156 kB
Time pass: 311 sec

---2015-12-05 11:13:24
MemTotal:        1350964 kB
MemFree:           50348 kB
Buffers:            8208 kB
Cached:           492196 kB
SwapCached:            0 kB
Active:           699208 kB
Inactive:         315824 kB
Active(anon):     516672 kB
Inactive(anon):     2944 kB
Active(file):     182536 kB
Inactive(file):   312880 kB
Unevictable:        1988 kB
Mlocked:               0 kB
HighTotal:        802816 kB
HighFree:           1508 kB
LowTotal:         548148 kB
LowFree:           48840 kB
SwapTotal:             0 kB
SwapFree:              0 kB
Dirty:                40 kB
Writeback:             0 kB
AnonPages:        516688 kB
Mapped:           215236 kB
Shmem:              2992 kB
Slab:              33684 kB
SReclaimable:      11896 kB
SUnreclaim:        21788 kB
KernelStack:        9400 kB
PageTables:        20048 kB
NFS_Unstable:          0 kB
Bounce:                0 kB
WritebackTmp:          0 kB
CommitLimit:      675480 kB
Committed_AS:   46911376 kB
VmallocTotal:     253952 kB
VmallocUsed:       94380 kB
VmallocChunk:      49156 kB
Time pass: 314 sec

---2015-12-05 11:13:24
MemTotal:        1350964 kB
MemFree:           50192 kB
Buffers:            8224 kB
Cached:           492196 kB
SwapCached:            0 kB
Active:           699332 kB
Inactive:         315848 kB
Active(anon):     516792 kB
Inactive(anon):     2944 kB
Active(file):     182540 kB
Inactive(file):   312904 kB
Unevictable:        1988 kB
Mlocked:               0 kB
HighTotal:        802816 kB
HighFree:           1508 kB
LowTotal:         548148 kB
LowFree:           48684 kB
SwapTotal:             0 kB
SwapFree:              0 kB
Dirty:                52 kB
Writeback:             0 kB
AnonPages:        516820 kB
Mapped:           215236 kB
Shmem:              2992 kB
Slab:              33724 kB
SReclaimable:      11896 kB
SUnreclaim:        21828 kB
KernelStack:        9400 kB
PageTables:        20040 kB
NFS_Unstable:          0 kB
Bounce:                0 kB
WritebackTmp:          0 kB
CommitLimit:      675480 kB
Committed_AS:   46911440 kB
VmallocTotal:     253952 kB
VmallocUsed:       94380 kB
VmallocChunk:      49156 kB
Time pass: 318 sec

---2015-12-05 11:13:24
MemTotal:        1350964 kB
MemFree:           49820 kB
Buffers:            8232 kB
Cached:           492196 kB
SwapCached:            0 kB
Active:           699484 kB
Inactive:         315844 kB
Active(anon):     516944 kB
Inactive(anon):     2944 kB
Active(file):     182540 kB
Inactive(file):   312900 kB
Unevictable:        1988 kB
Mlocked:               0 kB
HighTotal:        802816 kB
HighFree:           1508 kB
LowTotal:         548148 kB
LowFree:           48312 kB
SwapTotal:             0 kB
SwapFree:              0 kB
Dirty:               180 kB
Writeback:             0 kB
AnonPages:        516808 kB
Mapped:           215088 kB
Shmem:              2992 kB
Slab:              33792 kB
SReclaimable:      11896 kB
SUnreclaim:        21896 kB
KernelStack:        9400 kB
PageTables:        20044 kB
NFS_Unstable:          0 kB
Bounce:                0 kB
WritebackTmp:          0 kB
CommitLimit:      675480 kB
Committed_AS:   46911492 kB
VmallocTotal:     253952 kB
VmallocUsed:       94380 kB
VmallocChunk:      49156 kB
Time pass: 322 sec

---2015-12-05 11:13:24
MemTotal:        1350964 kB
MemFree:           49816 kB
Buffers:            8248 kB
Cached:           492196 kB
SwapCached:            0 kB
Active:           699524 kB
Inactive:         315868 kB
Active(anon):     516984 kB
Inactive(anon):     2944 kB
Active(file):     182540 kB
Inactive(file):   312924 kB
Unevictable:        1988 kB
Mlocked:               0 kB
HighTotal:        802816 kB
HighFree:           1508 kB
LowTotal:         548148 kB
LowFree:           48308 kB
SwapTotal:             0 kB
SwapFree:              0 kB
Dirty:                 0 kB
Writeback:             0 kB
AnonPages:        516972 kB
Mapped:           215188 kB
