---2015-12-10 12:23:27
MemTotal:        1421560 kB
MemFree:           29364 kB
Buffers:           11704 kB
Cached:           840900 kB
SwapCached:            0 kB
Active:           647908 kB
Inactive:         569600 kB
Active(anon):     366508 kB
Inactive(anon):      656 kB
Active(file):     281400 kB
Inactive(file):   568944 kB
Unevictable:        1516 kB
Mlocked:               0 kB
HighTotal:        885760 kB
HighFree:           8844 kB
LowTotal:         535800 kB
LowFree:           20520 kB
SwapTotal:             0 kB
SwapFree:              0 kB
Dirty:                32 kB
Writeback:             0 kB
AnonPages:        366628 kB
Mapped:           348464 kB
Shmem:               744 kB
Slab:              43380 kB
SReclaimable:      14104 kB
SUnreclaim:        29276 kB
KernelStack:       11032 kB
PageTables:        28504 kB
NFS_Unstable:          0 kB
Bounce:                0 kB
WritebackTmp:          0 kB
CommitLimit:      710780 kB
Committed_AS:   36738120 kB
VmallocTotal:     460800 kB
VmallocUsed:       12372 kB
VmallocChunk:     175132 kB
Time pass: 3 sec

---2015-12-10 12:23:27
MemTotal:        1421560 kB
MemFree:           29164 kB
Buffers:           11712 kB
Cached:           840908 kB
SwapCached:            0 kB
Active:           648132 kB
Inactive:         569616 kB
Active(anon):     366732 kB
Inactive(anon):      656 kB
Active(file):     281400 kB
Inactive(file):   568960 kB
Unevictable:        1516 kB
Mlocked:               0 kB
HighTotal:        885760 kB
HighFree:           8644 kB
LowTotal:         535800 kB
LowFree:           20520 kB
SwapTotal:             0 kB
SwapFree:              0 kB
Dirty:                 4 kB
Writeback:             0 kB
AnonPages:        366696 kB
Mapped:           348468 kB
Shmem:               744 kB
Slab:              43356 kB
SReclaimable:      14104 kB
SUnreclaim:        29252 kB
KernelStack:       11032 kB
PageTables:        28504 kB
NFS_Unstable:          0 kB
Bounce:                0 kB
WritebackTmp:          0 kB
CommitLimit:      710780 kB
Committed_AS:   36738208 kB
VmallocTotal:     460800 kB
VmallocUsed:       12372 kB
VmallocChunk:     175132 kB
Time pass: 6 sec

---2015-12-10 12:23:27
MemTotal:        1421560 kB
MemFree:           28376 kB
Buffers:           11712 kB
Cached:           840908 kB
SwapCached:            0 kB
Active:           648264 kB
Inactive:         569616 kB
Active(anon):     366864 kB
Inactive(anon):      656 kB
Active(file):     281400 kB
Inactive(file):   568960 kB
Unevictable:        1516 kB
Mlocked:               0 kB
HighTotal:        885760 kB
HighFree:           7952 kB
LowTotal:         535800 kB
LowFree:           20424 kB
SwapTotal:             0 kB
SwapFree:              0 kB
Dirty:                 4 kB
Writeback:             0 kB
AnonPages:        366960 kB
Mapped:           348616 kB
Shmem:               744 kB
Slab:              43436 kB
SReclaimable:      14104 kB
SUnreclaim:        29332 kB
KernelStack:       11032 kB
PageTables:        28504 kB
NFS_Unstable:          0 kB
Bounce:                0 kB
WritebackTmp:          0 kB
CommitLimit:      710780 kB
Committed_AS:   36738360 kB
VmallocTotal:     460800 kB
VmallocUsed:       12372 kB
VmallocChunk:     175132 kB
Time pass: 10 sec

---2015-12-10 12:23:27
MemTotal:        1421560 kB
MemFree:           28480 kB
Buffers:           11720 kB
Cached:           840908 kB
SwapCached:            0 kB
Active:           648408 kB
Inactive:         569616 kB
Active(anon):     367008 kB
Inactive(anon):      656 kB
Active(file):     281400 kB
Inactive(file):   568960 kB
Unevictable:        1516 kB
Mlocked:               0 kB
HighTotal:        885760 kB
HighFree:           8056 kB
LowTotal:         535800 kB
LowFree:           20424 kB
SwapTotal:             0 kB
SwapFree:              0 kB
Dirty:                16 kB
Writeback:             0 kB
AnonPages:        366980 kB
Mapped:           348468 kB
Shmem:               744 kB
Slab:              43508 kB
SReclaimable:      14104 kB
SUnreclaim:        29404 kB
KernelStack:       11032 kB
PageTables:        28504 kB
NFS_Unstable:          0 kB
Bounce:                0 kB
WritebackTmp:          0 kB
CommitLimit:      710780 kB
Committed_AS:   36738472 kB
VmallocTotal:     460800 kB
VmallocUsed:       12372 kB
VmallocChunk:     175132 kB
Time pass: 13 sec

---2015-12-10 12:23:27
MemTotal:        1421560 kB
MemFree:           28704 kB
Buffers:           11720 kB
Cached:           840908 kB
SwapCached:            0 kB
Active:           648704 kB
Inactive:         569624 kB
Active(anon):     367304 kB
Inactive(anon):      656 kB
Active(file):     281400 kB
Inactive(file):   568968 kB
Unevictable:        1516 kB
Mlocked:               0 kB
HighTotal:        885760 kB
HighFree:           8124 kB
LowTotal:         535800 kB
LowFree:           20580 kB
SwapTotal:             0 kB
SwapFree:              0 kB
Dirty:                 0 kB
Writeback:             0 kB
AnonPages:        367260 kB
Mapped:           348616 kB
Shmem:               744 kB
Slab:              43400 kB
SReclaimable:      14104 kB
SUnreclaim:        29296 kB
KernelStack:       11032 kB
PageTables:        28504 kB
NFS_Unstable:          0 kB
Bounce:                0 kB
WritebackTmp:          0 kB
CommitLimit:      710780 kB
Committed_AS:   36738508 kB
VmallocTotal:     460800 kB
VmallocUsed:       12372 kB
VmallocChunk:     175132 kB
Time pass: 17 sec

---2015-12-10 12:23:27
MemTotal:        1421560 kB
MemFree:           28520 kB
Buffers:           11720 kB
Cached:           840908 kB
SwapCached:            0 kB
Active:           648836 kB
Inactive:         569624 kB
Active(anon):     367436 kB
Inactive(anon):      656 kB
Active(file):     281400 kB
Inactive(file):   568968 kB
Unevictable:        1516 kB
Mlocked:               0 kB
HighTotal:        885760 kB
HighFree:           8052 kB
LowTotal:         535800 kB
LowFree:           20468 kB
SwapTotal:             0 kB
SwapFree:              0 kB
Dirty:                 0 kB
Writeback:             0 kB
AnonPages:        367440 kB
Mapped:           348564 kB
Shmem:               744 kB
Slab:              43636 kB
SReclaimable:      14104 kB
SUnreclaim:        29532 kB
KernelStack:       11032 kB
PageTables:        28488 kB
NFS_Unstable:          0 kB
Bounce:                0 kB
WritebackTmp:          0 kB
CommitLimit:      710780 kB
Committed_AS:   36738676 kB
VmallocTotal:     460800 kB
VmallocUsed:       12372 kB
VmallocChunk:     175132 kB
Time pass: 20 sec

---2015-12-10 12:23:27
MemTotal:        1421560 kB
MemFree:           19096 kB
Buffers:           10820 kB
Cached:           823356 kB
SwapCached:            0 kB
Active:           681588 kB
Inactive:         532700 kB
Active(anon):     382088 kB
Inactive(anon):      756 kB
Active(file):     299500 kB
Inactive(file):   531944 kB
Unevictable:        1516 kB
Mlocked:               0 kB
HighTotal:        885760 kB
HighFree:           4588 kB
LowTotal:         535800 kB
LowFree:           14508 kB
SwapTotal:             0 kB
SwapFree:              0 kB
Dirty:               880 kB
Writeback:             0 kB
AnonPages:        382176 kB
Mapped:           366544 kB
Shmem:               892 kB
Slab:              43212 kB
SReclaimable:      13872 kB
SUnreclaim:        29340 kB
KernelStack:       11184 kB
PageTables:        29052 kB
NFS_Unstable:          0 kB
Bounce:                0 kB
WritebackTmp:          0 kB
CommitLimit:      710780 kB
Committed_AS:   37600604 kB
VmallocTotal:     460800 kB
VmallocUsed:       15580 kB
VmallocChunk:     175132 kB
Time pass: 24 sec

---2015-12-10 12:23:27
MemTotal:        1421560 kB
MemFree:           19100 kB
Buffers:           10712 kB
Cached:           808336 kB
SwapCached:            0 kB
Active:           691332 kB
Inactive:         512824 kB
Active(anon):     386712 kB
Inactive(anon):      788 kB
Active(file):     304620 kB
Inactive(file):   512036 kB
Unevictable:        1516 kB
Mlocked:               0 kB
HighTotal:        885760 kB
HighFree:           4440 kB
LowTotal:         535800 kB
LowFree:           14660 kB
SwapTotal:             0 kB
SwapFree:              0 kB
Dirty:               120 kB
Writeback:            52 kB
AnonPages:        386748 kB
Mapped:           361392 kB
Shmem:               876 kB
Slab:              43264 kB
SReclaimable:      13856 kB
SUnreclaim:        29408 kB
KernelStack:       11488 kB
PageTables:        29184 kB
NFS_Unstable:          0 kB
Bounce:                0 kB
WritebackTmp:          0 kB
CommitLimit:      710780 kB
Committed_AS:   37558916 kB
VmallocTotal:     460800 kB
VmallocUsed:       15600 kB
VmallocChunk:     175132 kB
Time pass: 27 sec

---2015-12-10 12:23:27
MemTotal:        1421560 kB
MemFree:           20452 kB
Buffers:           10668 kB
Cached:           795828 kB
SwapCached:            0 kB
Active:           687772 kB
Inactive:         498132 kB
Active(anon):     381012 kB
Inactive(anon):      788 kB
Active(file):     306760 kB
Inactive(file):   497344 kB
Unevictable:        1516 kB
Mlocked:               0 kB
HighTotal:        885760 kB
HighFree:           4528 kB
LowTotal:         535800 kB
LowFree:           15924 kB
SwapTotal:             0 kB
SwapFree:              0 kB
Dirty:               280 kB
Writeback:             0 kB
AnonPages:        381136 kB
Mapped:           374156 kB
Shmem:               876 kB
Slab:              43368 kB
SReclaimable:      14072 kB
SUnreclaim:        29296 kB
KernelStack:       11472 kB
PageTables:        29192 kB
NFS_Unstable:          0 kB
Bounce:                0 kB
WritebackTmp:          0 kB
CommitLimit:      710780 kB
Committed_AS:   37456088 kB
VmallocTotal:     460800 kB
VmallocUsed:       15684 kB
VmallocChunk:     175132 kB
Time pass: 31 sec

---2015-12-10 12:23:27
MemTotal:        1421560 kB
MemFree:           24480 kB
Buffers:           10676 kB
Cached:           790728 kB
SwapCached:            0 kB
Active:           687532 kB
Inactive:         491776 kB
Active(anon):     379560 kB
Inactive(anon):      788 kB
Active(file):     307972 kB
Inactive(file):   490988 kB
Unevictable:        1516 kB
Mlocked:               0 kB
HighTotal:        885760 kB
HighFree:           7572 kB
LowTotal:         535800 kB
LowFree:           16908 kB
SwapTotal:             0 kB
SwapFree:              0 kB
Dirty:               112 kB
Writeback:             0 kB
AnonPages:        379608 kB
Mapped:           376148 kB
Shmem:               876 kB
Slab:              43520 kB
SReclaimable:      14016 kB
SUnreclaim:        29504 kB
KernelStack:       11472 kB
PageTables:        29200 kB
NFS_Unstable:          0 kB
Bounce:                0 kB
WritebackTmp:          0 kB
CommitLimit:      710780 kB
Committed_AS:   37454504 kB
VmallocTotal:     460800 kB
VmallocUsed:       15696 kB
VmallocChunk:     175132 kB
Time pass: 34 sec

---2015-12-10 12:23:27
MemTotal:        1421560 kB
MemFree:           24700 kB
Buffers:           10684 kB
Cached:           790720 kB
SwapCached:            0 kB
Active:           687640 kB
Inactive:         491824 kB
Active(anon):     379668 kB
Inactive(anon):      788 kB
Active(file):     307972 kB
Inactive(file):   491036 kB
Unevictable:        1516 kB
Mlocked:               0 kB
HighTotal:        885760 kB
HighFree:           7596 kB
LowTotal:         535800 kB
LowFree:           17104 kB
SwapTotal:             0 kB
SwapFree:              0 kB
Dirty:                 0 kB
Writeback:             0 kB
AnonPages:        379740 kB
Mapped:           376032 kB
Shmem:               876 kB
Slab:              43480 kB
SReclaimable:      14024 kB
SUnreclaim:        29456 kB
KernelStack:       11472 kB
PageTables:        29196 kB
NFS_Unstable:          0 kB
Bounce:                0 kB
WritebackTmp:          0 kB
CommitLimit:      710780 kB
Committed_AS:   37454476 kB
VmallocTotal:     460800 kB
VmallocUsed:       15696 kB
VmallocChunk:     175132 kB
Time pass: 38 sec

---2015-12-10 12:23:27
MemTotal:        1421560 kB
MemFree:           20996 kB
Buffers:           10628 kB
Cached:           779252 kB
SwapCached:            0 kB
Active:           692980 kB
Inactive:         479160 kB
Active(anon):     383896 kB
Inactive(anon):      788 kB
Active(file):     309084 kB
Inactive(file):   478372 kB
Unevictable:        1516 kB
Mlocked:               0 kB
HighTotal:        885760 kB
HighFree:           5908 kB
LowTotal:         535800 kB
LowFree:           15088 kB
SwapTotal:             0 kB
SwapFree:              0 kB
Dirty:                32 kB
Writeback:             0 kB
AnonPages:        384076 kB
Mapped:           379516 kB
Shmem:               876 kB
Slab:              43520 kB
SReclaimable:      14032 kB
SUnreclaim:        29488 kB
KernelStack:       11496 kB
PageTables:        29248 kB
NFS_Unstable:          0 kB
Bounce:                0 kB
WritebackTmp:          0 kB
CommitLimit:      710780 kB
Committed_AS:   37490688 kB
VmallocTotal:     460800 kB
VmallocUsed:       15832 kB
VmallocChunk:     175132 kB
Time pass: 42 sec

---2015-12-10 12:23:27
MemTotal:        1421560 kB
MemFree:           20828 kB
Buffers:           10636 kB
Cached:           776332 kB
SwapCached:            0 kB
Active:           693808 kB
Inactive:         476040 kB
Active(anon):     384724 kB
Inactive(anon):      788 kB
Active(file):     309084 kB
Inactive(file):   475252 kB
Unevictable:        1516 kB
Mlocked:               0 kB
HighTotal:        885760 kB
HighFree:           6100 kB
LowTotal:         535800 kB
LowFree:           14728 kB
SwapTotal:             0 kB
SwapFree:              0 kB
Dirty:                 0 kB
Writeback:             0 kB
AnonPages:        384744 kB
Mapped:           380456 kB
Shmem:               876 kB
Slab:              43536 kB
SReclaimable:      14072 kB
SUnreclaim:        29464 kB
KernelStack:       11504 kB
PageTables:        29256 kB
NFS_Unstable:          0 kB
Bounce:                0 kB
WritebackTmp:          0 kB
CommitLimit:      710780 kB
Committed_AS:   37491228 kB
VmallocTotal:     460800 kB
VmallocUsed:       15832 kB
VmallocChunk:     175132 kB
Time pass: 45 sec

---2015-12-10 12:23:27
MemTotal:        1421560 kB
MemFree:           18444 kB
Buffers:           10716 kB
Cached:           770524 kB
SwapCached:            0 kB
Active:           705720 kB
Inactive:         469868 kB
Active(anon):     396028 kB
Inactive(anon):      792 kB
Active(file):     309692 kB
Inactive(file):   469076 kB
Unevictable:        1516 kB
Mlocked:               0 kB
HighTotal:        885760 kB
HighFree:           4420 kB
LowTotal:         535800 kB
LowFree:           14024 kB
SwapTotal:             0 kB
SwapFree:              0 kB
Dirty:               228 kB
Writeback:             0 kB
AnonPages:        396180 kB
Mapped:           381076 kB
Shmem:               880 kB
Slab:              43564 kB
SReclaimable:      14064 kB
SUnreclaim:        29500 kB
KernelStack:       11584 kB
PageTables:        29308 kB
NFS_Unstable:          0 kB
Bounce:                0 kB
WritebackTmp:          0 kB
CommitLimit:      710780 kB
Committed_AS:   37537688 kB
VmallocTotal:     460800 kB
VmallocUsed:       15800 kB
VmallocChunk:     175132 kB
Time pass: 48 sec

---2015-12-10 12:23:27
MemTotal:        1421560 kB
MemFree:           21760 kB
Buffers:           10724 kB
Cached:           744288 kB
SwapCached:            0 kB
Active:           717100 kB
Inactive:         438064 kB
Active(anon):     401840 kB
Inactive(anon):      792 kB
Active(file):     315260 kB
Inactive(file):   437272 kB
Unevictable:        1516 kB
Mlocked:               0 kB
HighTotal:        885760 kB
HighFree:           6796 kB
LowTotal:         535800 kB
LowFree:           14964 kB
SwapTotal:             0 kB
SwapFree:              0 kB
Dirty:               812 kB
Writeback:             0 kB
AnonPages:        401800 kB
Mapped:           391276 kB
Shmem:               880 kB
Slab:              43760 kB
SReclaimable:      14032 kB
SUnreclaim:        29728 kB
KernelStack:       11552 kB
PageTables:        29332 kB
NFS_Unstable:          0 kB
Bounce:                0 kB
WritebackTmp:          0 kB
CommitLimit:      710780 kB
Committed_AS:   37544412 kB
VmallocTotal:     460800 kB
VmallocUsed:       15816 kB
VmallocChunk:     175132 kB
Time pass: 52 sec

---2015-12-10 12:23:27
MemTotal:        1421560 kB
MemFree:           21192 kB
Buffers:           10728 kB
Cached:           740260 kB
SwapCached:            0 kB
Active:           717956 kB
Inactive:         432144 kB
Active(anon):     400716 kB
Inactive(anon):      792 kB
Active(file):     317240 kB
Inactive(file):   431352 kB
Unevictable:        1516 kB
Mlocked:               0 kB
HighTotal:        885760 kB
HighFree:           5764 kB
LowTotal:         535800 kB
LowFree:           15428 kB
SwapTotal:             0 kB
SwapFree:              0 kB
Dirty:                 0 kB
Writeback:             0 kB
AnonPages:        400740 kB
Mapped:           395800 kB
Shmem:               880 kB
Slab:              43780 kB
SReclaimable:      13936 kB
SUnreclaim:        29844 kB
KernelStack:       11552 kB
PageTables:        29364 kB
NFS_Unstable:          0 kB
Bounce:                0 kB
WritebackTmp:          0 kB
CommitLimit:      710780 kB
Committed_AS:   37543248 kB
VmallocTotal:     460800 kB
VmallocUsed:       15840 kB
VmallocChunk:     175132 kB
Time pass: 56 sec

---2015-12-10 12:23:27
MemTotal:        1421560 kB
MemFree:           19660 kB
Buffers:           10736 kB
Cached:           740632 kB
SwapCached:            0 kB
Active:           718816 kB
Inactive:         432520 kB
Active(anon):     401576 kB
Inactive(anon):      792 kB
Active(file):     317240 kB
Inactive(file):   431728 kB
Unevictable:        1516 kB
Mlocked:               0 kB
HighTotal:        885760 kB
HighFree:           4400 kB
LowTotal:         535800 kB
LowFree:           15260 kB
SwapTotal:             0 kB
SwapFree:              0 kB
Dirty:                52 kB
Writeback:             0 kB
AnonPages:        401608 kB
Mapped:           396336 kB
Shmem:               880 kB
Slab:              43820 kB
SReclaimable:      14000 kB
SUnreclaim:        29820 kB
KernelStack:       11552 kB
PageTables:        29364 kB
NFS_Unstable:          0 kB
Bounce:                0 kB
WritebackTmp:          0 kB
CommitLimit:      710780 kB
Committed_AS:   37544064 kB
VmallocTotal:     460800 kB
VmallocUsed:       15840 kB
VmallocChunk:     175132 kB
Time pass: 59 sec

---2015-12-10 12:23:27
MemTotal:        1421560 kB
MemFree:           21284 kB
Buffers:           10624 kB
Cached:           735724 kB
SwapCached:            0 kB
Active:           720308 kB
Inactive:         426412 kB
Active(anon):     402016 kB
Inactive(anon):      792 kB
Active(file):     318292 kB
Inactive(file):   425620 kB
Unevictable:        1516 kB
Mlocked:               0 kB
HighTotal:        885760 kB
HighFree:           4972 kB
LowTotal:         535800 kB
LowFree:           16312 kB
SwapTotal:             0 kB
SwapFree:              0 kB
Dirty:               188 kB
Writeback:             0 kB
AnonPages:        402112 kB
Mapped:           399864 kB
Shmem:               880 kB
Slab:              43664 kB
SReclaimable:      14000 kB
SUnreclaim:        29664 kB
KernelStack:       11552 kB
PageTables:        29368 kB
NFS_Unstable:          0 kB
Bounce:                0 kB
WritebackTmp:          0 kB
CommitLimit:      710780 kB
Committed_AS:   37544592 kB
VmallocTotal:     460800 kB
VmallocUsed:       15852 kB
VmallocChunk:     175132 kB
Time pass: 63 sec

---2015-12-10 12:23:27
MemTotal:        1421560 kB
MemFree:           20700 kB
Buffers:           10632 kB
Cached:           735724 kB
SwapCached:            0 kB
Active:           720396 kB
Inactive:         426452 kB
Active(anon):     402104 kB
Inactive(anon):      792 kB
Active(file):     318292 kB
Inactive(file):   425660 kB
Unevictable:        1516 kB
Mlocked:               0 kB
HighTotal:        885760 kB
HighFree:           4648 kB
LowTotal:         535800 kB
LowFree:           16052 kB
SwapTotal:             0 kB
SwapFree:              0 kB
Dirty:                44 kB
Writeback:            32 kB
AnonPages:        402244 kB
Mapped:           399956 kB
Shmem:               880 kB
Slab:              43872 kB
SReclaimable:      14008 kB
SUnreclaim:        29864 kB
KernelStack:       11552 kB
PageTables:        29372 kB
NFS_Unstable:          0 kB
Bounce:                0 kB
WritebackTmp:          0 kB
CommitLimit:      710780 kB
Committed_AS:   37544692 kB
VmallocTotal:     460800 kB
VmallocUsed:       15852 kB
VmallocChunk:     175132 kB
Time pass: 66 sec

---2015-12-10 12:23:27
MemTotal:        1421560 kB
MemFree:           22668 kB
Buffers:           10372 kB
Cached:           725548 kB
SwapCached:            0 kB
Active:           723100 kB
Inactive:         417568 kB
Active(anon):     406352 kB
Inactive(anon):      792 kB
Active(file):     316748 kB
Inactive(file):   416776 kB
Unevictable:        1516 kB
Mlocked:               0 kB
HighTotal:        885760 kB
HighFree:           5088 kB
LowTotal:         535800 kB
LowFree:           17580 kB
SwapTotal:             0 kB
SwapFree:              0 kB
Dirty:               552 kB
Writeback:             0 kB
AnonPages:        406380 kB
Mapped:           403804 kB
Shmem:               880 kB
Slab:              43660 kB
SReclaimable:      13936 kB
SUnreclaim:        29724 kB
KernelStack:       11568 kB
PageTables:        29388 kB
NFS_Unstable:          0 kB
Bounce:                0 kB
WritebackTmp:          0 kB
CommitLimit:      710780 kB
Committed_AS:   37548776 kB
VmallocTotal:     460800 kB
VmallocUsed:       15864 kB
VmallocChunk:     175132 kB
Time pass: 70 sec

---2015-12-10 12:23:27
MemTotal:        1421560 kB
MemFree:           20496 kB
Buffers:           10052 kB
Cached:           723144 kB
SwapCached:            0 kB
Active:           728432 kB
Inactive:         414824 kB
Active(anon):     411560 kB
Inactive(anon):      792 kB
Active(file):     316872 kB
Inactive(file):   414032 kB
Unevictable:        1516 kB
Mlocked:               0 kB
HighTotal:        885760 kB
HighFree:           5728 kB
LowTotal:         535800 kB
LowFree:           14768 kB
SwapTotal:             0 kB
SwapFree:              0 kB
Dirty:               292 kB
Writeback:             0 kB
AnonPages:        411688 kB
Mapped:           407392 kB
Shmem:               880 kB
Slab:              43992 kB
SReclaimable:      14080 kB
SUnreclaim:        29912 kB
KernelStack:       11640 kB
PageTables:        29416 kB
NFS_Unstable:          0 kB
Bounce:                0 kB
WritebackTmp:          0 kB
CommitLimit:      710780 kB
Committed_AS:   37527648 kB
VmallocTotal:     460800 kB
VmallocUsed:       15864 kB
VmallocChunk:     175132 kB
Time pass: 75 sec

---2015-12-10 12:23:27
MemTotal:        1421560 kB
MemFree:           18888 kB
Buffers:           10076 kB
Cached:           723224 kB
SwapCached:            0 kB
Active:           730732 kB
Inactive:         414796 kB
Active(anon):     413832 kB
Inactive(anon):      792 kB
Active(file):     316900 kB
Inactive(file):   414004 kB
Unevictable:        1516 kB
Mlocked:               0 kB
HighTotal:        885760 kB
HighFree:           4464 kB
LowTotal:         535800 kB
LowFree:           14424 kB
SwapTotal:             0 kB
SwapFree:              0 kB
Dirty:                80 kB
Writeback:            16 kB
AnonPages:        413928 kB
Mapped:           407248 kB
Shmem:               880 kB
Slab:              44016 kB
SReclaimable:      14088 kB
SUnreclaim:        29928 kB
KernelStack:       11616 kB
PageTables:        29404 kB
NFS_Unstable:          0 kB
Bounce:                0 kB
WritebackTmp:          0 kB
CommitLimit:      710780 kB
Committed_AS:   37529960 kB
VmallocTotal:     460800 kB
VmallocUsed:       15864 kB
VmallocChunk:     175132 kB
Time pass: 80 sec

---2015-12-10 12:23:27
MemTotal:        1421560 kB
MemFree:           25632 kB
Buffers:            9704 kB
Cached:           685604 kB
SwapCached:            0 kB
Active:           737056 kB
Inactive:         375760 kB
Active(anon):     419116 kB
Inactive(anon):      964 kB
Active(file):     317940 kB
Inactive(file):   374796 kB
Unevictable:        1516 kB
Mlocked:               0 kB
HighTotal:        885760 kB
HighFree:           8392 kB
LowTotal:         535800 kB
LowFree:           17240 kB
SwapTotal:             0 kB
SwapFree:              0 kB
Dirty:                48 kB
Writeback:             0 kB
AnonPages:        419036 kB
Mapped:           405356 kB
Shmem:              1056 kB
Slab:              44108 kB
SReclaimable:      13984 kB
SUnreclaim:        30124 kB
KernelStack:       11784 kB
PageTables:        29600 kB
NFS_Unstable:          0 kB
Bounce:                0 kB
WritebackTmp:          0 kB
CommitLimit:      710780 kB
Committed_AS:   37548316 kB
VmallocTotal:     460800 kB
VmallocUsed:       18272 kB
VmallocChunk:     175132 kB
Time pass: 86 sec

---2015-12-10 12:23:27
MemTotal:        1421560 kB
MemFree:           24060 kB
Buffers:            9720 kB
Cached:           685764 kB
SwapCached:            0 kB
Active:           738620 kB
Inactive:         375936 kB
Active(anon):     420680 kB
Inactive(anon):      996 kB
Active(file):     317940 kB
Inactive(file):   374940 kB
Unevictable:        1516 kB
Mlocked:               0 kB
HighTotal:        885760 kB
HighFree:           6656 kB
LowTotal:         535800 kB
LowFree:           17404 kB
SwapTotal:             0 kB
SwapFree:              0 kB
Dirty:                40 kB
Writeback:             0 kB
AnonPages:        420724 kB
Mapped:           405392 kB
Shmem:              1088 kB
Slab:              44036 kB
SReclaimable:      13992 kB
SUnreclaim:        30044 kB
KernelStack:       11784 kB
PageTables:        29600 kB
NFS_Unstable:          0 kB
Bounce:                0 kB
WritebackTmp:          0 kB
CommitLimit:      710780 kB
Committed_AS:   37549928 kB
VmallocTotal:     460800 kB
VmallocUsed:       18272 kB
VmallocChunk:     175132 kB
Time pass: 92 sec

---2015-12-10 12:23:27
MemTotal:        1421560 kB
MemFree:           22212 kB
Buffers:            9744 kB
Cached:           685848 kB
SwapCached:            0 kB
Active:           740460 kB
Inactive:         376044 kB
Active(anon):     422520 kB
Inactive(anon):     1024 kB
Active(file):     317940 kB
Inactive(file):   375020 kB
Unevictable:        1516 kB
Mlocked:               0 kB
HighTotal:        885760 kB
HighFree:           5044 kB
LowTotal:         535800 kB
LowFree:           17168 kB
SwapTotal:             0 kB
SwapFree:              0 kB
Dirty:                32 kB
Writeback:             0 kB
AnonPages:        422408 kB
Mapped:           405428 kB
Shmem:              1116 kB
Slab:              44140 kB
SReclaimable:      13992 kB
SUnreclaim:        30148 kB
KernelStack:       11784 kB
PageTables:        29600 kB
NFS_Unstable:          0 kB
Bounce:                0 kB
WritebackTmp:          0 kB
CommitLimit:      710780 kB
Committed_AS:   37551376 kB
VmallocTotal:     460800 kB
VmallocUsed:       18272 kB
VmallocChunk:     175132 kB
Time pass: 98 sec

---2015-12-10 12:23:27
MemTotal:        1421560 kB
MemFree:           21148 kB
Buffers:            9752 kB
Cached:           685848 kB
SwapCached:            0 kB
Active:           741924 kB
Inactive:         376052 kB
Active(anon):     423984 kB
Inactive(anon):     1024 kB
Active(file):     317940 kB
Inactive(file):   375028 kB
Unevictable:        1516 kB
Mlocked:               0 kB
HighTotal:        885760 kB
HighFree:           4228 kB
LowTotal:         535800 kB
LowFree:           16920 kB
SwapTotal:             0 kB
SwapFree:              0 kB
Dirty:                28 kB
Writeback:             0 kB
AnonPages:        423968 kB
Mapped:           405428 kB
Shmem:              1116 kB
Slab:              44144 kB
SReclaimable:      13992 kB
SUnreclaim:        30152 kB
KernelStack:       11784 kB
PageTables:        29568 kB
NFS_Unstable:          0 kB
Bounce:                0 kB
WritebackTmp:          0 kB
CommitLimit:      710780 kB
Committed_AS:   37552960 kB
VmallocTotal:     460800 kB
VmallocUsed:       18272 kB
VmallocChunk:     175132 kB
Time pass: 105 sec

---2015-12-10 12:23:27
MemTotal:        1421560 kB
MemFree:           18260 kB
Buffers:            9768 kB
Cached:           685504 kB
SwapCached:            0 kB
Active:           744900 kB
Inactive:         375724 kB
Active(anon):     426960 kB
Inactive(anon):     1052 kB
Active(file):     317940 kB
Inactive(file):   374672 kB
Unevictable:        1516 kB
Mlocked:               0 kB
HighTotal:        885760 kB
HighFree:           4228 kB
LowTotal:         535800 kB
LowFree:           14032 kB
SwapTotal:             0 kB
SwapFree:              0 kB
Dirty:                 0 kB
Writeback:             0 kB
AnonPages:        426956 kB
Mapped:           405460 kB
Shmem:              1144 kB
Slab:              44092 kB
SReclaimable:      13992 kB
SUnreclaim:        30100 kB
KernelStack:       11776 kB
PageTables:        29596 kB
NFS_Unstable:          0 kB
Bounce:                0 kB
WritebackTmp:          0 kB
CommitLimit:      710780 kB
Committed_AS:   37557196 kB
VmallocTotal:     460800 kB
VmallocUsed:       18272 kB
VmallocChunk:     175132 kB
Time pass: 111 sec

---2015-12-10 12:23:27
MemTotal:        1421560 kB
MemFree:          166100 kB
Buffers:            9828 kB
Cached:           681664 kB
SwapCached:            0 kB
Active:           671336 kB
Inactive:         367476 kB
Active(anon):     348980 kB
Inactive(anon):      528 kB
Active(file):     322356 kB
Inactive(file):   366948 kB
Unevictable:        1516 kB
Mlocked:               0 kB
HighTotal:        885760 kB
HighFree:          95000 kB
LowTotal:         535800 kB
LowFree:           71100 kB
SwapTotal:             0 kB
SwapFree:              0 kB
Dirty:                52 kB
Writeback:             0 kB
AnonPages:        348984 kB
Mapped:           322676 kB
Shmem:               616 kB
Slab:              43928 kB
SReclaimable:      14008 kB
SUnreclaim:        29920 kB
KernelStack:       10464 kB
PageTables:        27452 kB
NFS_Unstable:          0 kB
Bounce:                0 kB
WritebackTmp:          0 kB
CommitLimit:      710780 kB
Committed_AS:   36161616 kB
VmallocTotal:     460800 kB
VmallocUsed:       20900 kB
VmallocChunk:     175132 kB
Time pass: 114 sec

---2015-12-10 12:23:27
MemTotal:        1421560 kB
MemFree:          164824 kB
Buffers:            9836 kB
Cached:           681852 kB
SwapCached:            0 kB
Active:           672688 kB
Inactive:         367688 kB
Active(anon):     350328 kB
Inactive(anon):      528 kB
Active(file):     322360 kB
Inactive(file):   367160 kB
Unevictable:        1516 kB
Mlocked:               0 kB
HighTotal:        885760 kB
HighFree:          93628 kB
LowTotal:         535800 kB
LowFree:           71196 kB
SwapTotal:             0 kB
SwapFree:              0 kB
Dirty:               164 kB
Writeback:             0 kB
AnonPages:        350392 kB
Mapped:           322912 kB
Shmem:               616 kB
Slab:              43872 kB
SReclaimable:      14008 kB
SUnreclaim:        29864 kB
KernelStack:       10472 kB
PageTables:        27464 kB
NFS_Unstable:          0 kB
Bounce:                0 kB
WritebackTmp:          0 kB
CommitLimit:      710780 kB
Committed_AS:   36113028 kB
VmallocTotal:     460800 kB
VmallocUsed:       20900 kB
VmallocChunk:     175132 kB
Time pass: 118 sec

---2015-12-10 12:23:27
MemTotal:        1421560 kB
MemFree:          170532 kB
Buffers:            9844 kB
Cached:           682072 kB
SwapCached:            0 kB
Active:           670040 kB
Inactive:         367916 kB
Active(anon):     347664 kB
Inactive(anon):      528 kB
Active(file):     322376 kB
Inactive(file):   367388 kB
Unevictable:        1516 kB
Mlocked:               0 kB
HighTotal:        885760 kB
HighFree:          94828 kB
LowTotal:         535800 kB
LowFree:           75704 kB
SwapTotal:             0 kB
SwapFree:              0 kB
Dirty:                 0 kB
Writeback:             0 kB
AnonPages:        347624 kB
Mapped:           323072 kB
Shmem:               616 kB
Slab:              43932 kB
SReclaimable:      14016 kB
SUnreclaim:        29916 kB
KernelStack:       10464 kB
PageTables:        27496 kB
NFS_Unstable:          0 kB
Bounce:                0 kB
WritebackTmp:          0 kB
CommitLimit:      710780 kB
Committed_AS:   36077116 kB
VmallocTotal:     460800 kB
VmallocUsed:       21420 kB
VmallocChunk:     175132 kB
Time pass: 122 sec

---2015-12-10 12:23:27
MemTotal:        1421560 kB
MemFree:          170104 kB
Buffers:            9844 kB
Cached:           682072 kB
SwapCached:            0 kB
Active:           669324 kB
Inactive:         367936 kB
Active(anon):     346948 kB
Inactive(anon):      528 kB
Active(file):     322376 kB
Inactive(file):   367408 kB
Unevictable:        1516 kB
Mlocked:               0 kB
HighTotal:        885760 kB
HighFree:          94524 kB
LowTotal:         535800 kB
LowFree:           75580 kB
SwapTotal:             0 kB
SwapFree:              0 kB
Dirty:                36 kB
Writeback:             0 kB
AnonPages:        346884 kB
Mapped:           322852 kB
Shmem:               616 kB
Slab:              43944 kB
SReclaimable:      14016 kB
SUnreclaim:        29928 kB
KernelStack:       10464 kB
PageTables:        27496 kB
NFS_Unstable:          0 kB
Bounce:                0 kB
WritebackTmp:          0 kB
CommitLimit:      710780 kB
Committed_AS:   36077164 kB
VmallocTotal:     460800 kB
VmallocUsed:       21420 kB
VmallocChunk:     175132 kB
Time pass: 125 sec

---2015-12-10 12:23:27
MemTotal:        1421560 kB
MemFree:          170100 kB
Buffers:            9844 kB
Cached:           682072 kB
SwapCached:            0 kB
Active:           669188 kB
Inactive:         367936 kB
Active(anon):     346812 kB
Inactive(anon):      528 kB
Active(file):     322376 kB
Inactive(file):   367408 kB
Unevictable:        1516 kB
Mlocked:               0 kB
HighTotal:        885760 kB
HighFree:          94488 kB
LowTotal:         535800 kB
LowFree:           75612 kB
SwapTotal:             0 kB
SwapFree:              0 kB
Dirty:                 0 kB
Writeback:             0 kB
AnonPages:        346896 kB
Mapped:           322740 kB
Shmem:               616 kB
Slab:              43920 kB
SReclaimable:      14016 kB
SUnreclaim:        29904 kB
KernelStack:       10464 kB
PageTables:        27496 kB
NFS_Unstable:          0 kB
Bounce:                0 kB
WritebackTmp:          0 kB
CommitLimit:      710780 kB
Committed_AS:   36077268 kB
VmallocTotal:     460800 kB
VmallocUsed:       19012 kB
VmallocChunk:     175132 kB
Time pass: 129 sec

---2015-12-10 12:23:27
MemTotal:        1421560 kB
MemFree:          169804 kB
Buffers:            9844 kB
Cached:           682072 kB
SwapCached:            0 kB
Active:           669292 kB
Inactive:         367936 kB
Active(anon):     346916 kB
Inactive(anon):      528 kB
Active(file):     322376 kB
Inactive(file):   367408 kB
Unevictable:        1516 kB
Mlocked:               0 kB
HighTotal:        885760 kB
HighFree:          94404 kB
LowTotal:         535800 kB
LowFree:           75400 kB
SwapTotal:             0 kB
SwapFree:              0 kB
Dirty:                 0 kB
Writeback:             0 kB
AnonPages:        347032 kB
Mapped:           322772 kB
Shmem:               616 kB
Slab:              43984 kB
SReclaimable:      14016 kB
SUnreclaim:        29968 kB
KernelStack:       10456 kB
PageTables:        27496 kB
NFS_Unstable:          0 kB
Bounce:                0 kB
WritebackTmp:          0 kB
CommitLimit:      710780 kB
Committed_AS:   36077436 kB
VmallocTotal:     460800 kB
VmallocUsed:       19012 kB
VmallocChunk:     175132 kB
Time pass: 132 sec

---2015-12-10 12:23:27
MemTotal:        1421560 kB
MemFree:          134576 kB
Buffers:            9920 kB
Cached:           682532 kB
SwapCached:            0 kB
Active:           691464 kB
Inactive:         367344 kB
Active(anon):     367960 kB
Inactive(anon):      660 kB
Active(file):     323504 kB
Inactive(file):   366684 kB
Unevictable:        1516 kB
Mlocked:               0 kB
HighTotal:        885760 kB
HighFree:          60156 kB
LowTotal:         535800 kB
LowFree:           74420 kB
SwapTotal:             0 kB
SwapFree:              0 kB
Dirty:               844 kB
Writeback:             0 kB
AnonPages:        367908 kB
Mapped:           348504 kB
Shmem:               748 kB
Slab:              43996 kB
SReclaimable:      14032 kB
SUnreclaim:        29964 kB
KernelStack:       10952 kB
PageTables:        28284 kB
NFS_Unstable:          0 kB
Bounce:                0 kB
WritebackTmp:          0 kB
CommitLimit:      710780 kB
Committed_AS:   36921644 kB
VmallocTotal:     460800 kB
VmallocUsed:       20180 kB
VmallocChunk:     155676 kB
Time pass: 135 sec

---2015-12-10 12:23:27
MemTotal:        1421560 kB
MemFree:          112264 kB
Buffers:            9928 kB
Cached:           684124 kB
SwapCached:            0 kB
Active:           707688 kB
Inactive:         368764 kB
Active(anon):     384144 kB
Inactive(anon):      664 kB
Active(file):     323544 kB
Inactive(file):   368100 kB
Unevictable:        1516 kB
Mlocked:               0 kB
HighTotal:        885760 kB
HighFree:          36792 kB
LowTotal:         535800 kB
LowFree:           75472 kB
SwapTotal:             0 kB
SwapFree:              0 kB
Dirty:                52 kB
Writeback:           148 kB
AnonPages:        383952 kB
Mapped:           355328 kB
Shmem:               752 kB
Slab:              44000 kB
SReclaimable:      14024 kB
SUnreclaim:        29976 kB
KernelStack:       10984 kB
PageTables:        28340 kB
NFS_Unstable:          0 kB
Bounce:                0 kB
WritebackTmp:          0 kB
CommitLimit:      710780 kB
Committed_AS:   36939240 kB
VmallocTotal:     460800 kB
VmallocUsed:       20180 kB
VmallocChunk:     155676 kB
Time pass: 139 sec

---2015-12-10 12:23:27
MemTotal:        1421560 kB
MemFree:           91228 kB
Buffers:            9944 kB
Cached:           684484 kB
SwapCached:            0 kB
Active:           708080 kB
Inactive:         369224 kB
Active(anon):     384484 kB
Inactive(anon):      664 kB
Active(file):     323596 kB
Inactive(file):   368560 kB
Unevictable:        1516 kB
Mlocked:               0 kB
HighTotal:        885760 kB
HighFree:          19944 kB
LowTotal:         535800 kB
LowFree:           71284 kB
SwapTotal:             0 kB
SwapFree:              0 kB
Dirty:               612 kB
Writeback:             0 kB
AnonPages:        384560 kB
Mapped:           365140 kB
Shmem:               752 kB
Slab:              43940 kB
SReclaimable:      14024 kB
SUnreclaim:        29916 kB
KernelStack:       11016 kB
PageTables:        28416 kB
NFS_Unstable:          0 kB
Bounce:                0 kB
WritebackTmp:          0 kB
CommitLimit:      710780 kB
Committed_AS:   36874608 kB
VmallocTotal:     460800 kB
VmallocUsed:       20240 kB
VmallocChunk:     155676 kB
Time pass: 143 sec

---2015-12-10 12:23:27
MemTotal:        1421560 kB
MemFree:           76624 kB
Buffers:            9952 kB
Cached:           684608 kB
SwapCached:            0 kB
Active:           712336 kB
Inactive:         369152 kB
Active(anon):     388532 kB
Inactive(anon):      664 kB
Active(file):     323804 kB
Inactive(file):   368488 kB
Unevictable:        1516 kB
Mlocked:               0 kB
HighTotal:        885760 kB
HighFree:           5588 kB
LowTotal:         535800 kB
LowFree:           71036 kB
SwapTotal:             0 kB
SwapFree:              0 kB
Dirty:               280 kB
Writeback:             0 kB
AnonPages:        388448 kB
Mapped:           375168 kB
Shmem:               752 kB
Slab:              43972 kB
SReclaimable:      14024 kB
SUnreclaim:        29948 kB
KernelStack:       11016 kB
PageTables:        28440 kB
NFS_Unstable:          0 kB
Bounce:                0 kB
WritebackTmp:          0 kB
CommitLimit:      710780 kB
Committed_AS:   36878876 kB
VmallocTotal:     460800 kB
VmallocUsed:       20256 kB
VmallocChunk:     155676 kB
Time pass: 146 sec

---2015-12-10 12:23:27
MemTotal:        1421560 kB
MemFree:           58772 kB
Buffers:            9952 kB
Cached:           685480 kB
SwapCached:            0 kB
Active:           716296 kB
Inactive:         368364 kB
Active(anon):     390832 kB
Inactive(anon):      664 kB
Active(file):     325464 kB
Inactive(file):   367700 kB
Unevictable:        1516 kB
Mlocked:               0 kB
HighTotal:        885760 kB
HighFree:           4568 kB
LowTotal:         535800 kB
LowFree:           54204 kB
SwapTotal:             0 kB
SwapFree:              0 kB
Dirty:                44 kB
Writeback:             0 kB
AnonPages:        390764 kB
Mapped:           388928 kB
Shmem:               752 kB
Slab:              44076 kB
SReclaimable:      14136 kB
SUnreclaim:        29940 kB
KernelStack:       11032 kB
PageTables:        28496 kB
NFS_Unstable:          0 kB
Bounce:                0 kB
WritebackTmp:          0 kB
CommitLimit:      710780 kB
Committed_AS:   36881360 kB
VmallocTotal:     460800 kB
VmallocUsed:       20292 kB
VmallocChunk:     155676 kB
Time pass: 149 sec

---2015-12-10 12:23:27
MemTotal:        1421560 kB
MemFree:           47576 kB
Buffers:            9960 kB
Cached:           685488 kB
SwapCached:            0 kB
Active:           721548 kB
Inactive:         368364 kB
Active(anon):     396068 kB
Inactive(anon):      664 kB
Active(file):     325480 kB
Inactive(file):   367700 kB
Unevictable:        1516 kB
Mlocked:               0 kB
HighTotal:        885760 kB
HighFree:           4452 kB
LowTotal:         535800 kB
LowFree:           43124 kB
SwapTotal:             0 kB
SwapFree:              0 kB
Dirty:               540 kB
Writeback:             0 kB
AnonPages:        395848 kB
Mapped:           393172 kB
Shmem:               752 kB
Slab:              44160 kB
SReclaimable:      14040 kB
SUnreclaim:        30120 kB
KernelStack:       11016 kB
PageTables:        28488 kB
NFS_Unstable:          0 kB
Bounce:                0 kB
WritebackTmp:          0 kB
CommitLimit:      710780 kB
Committed_AS:   36886804 kB
VmallocTotal:     460800 kB
VmallocUsed:       20304 kB
VmallocChunk:     155676 kB
Time pass: 153 sec

---2015-12-10 12:23:27
MemTotal:        1421560 kB
MemFree:           45724 kB
Buffers:            9960 kB
Cached:           685492 kB
SwapCached:            0 kB
Active:           721432 kB
Inactive:         368368 kB
Active(anon):     395952 kB
Inactive(anon):      664 kB
Active(file):     325480 kB
Inactive(file):   367704 kB
Unevictable:        1516 kB
Mlocked:               0 kB
HighTotal:        885760 kB
HighFree:           4596 kB
LowTotal:         535800 kB
LowFree:           41128 kB
SwapTotal:             0 kB
SwapFree:              0 kB
Dirty:                 0 kB
Writeback:             0 kB
AnonPages:        395936 kB
Mapped:           394756 kB
Shmem:               752 kB
Slab:              44100 kB
SReclaimable:      14040 kB
SUnreclaim:        30060 kB
KernelStack:       11032 kB
PageTables:        28524 kB
NFS_Unstable:          0 kB
Bounce:                0 kB
WritebackTmp:          0 kB
CommitLimit:      710780 kB
Committed_AS:   36886168 kB
VmallocTotal:     460800 kB
VmallocUsed:       20304 kB
VmallocChunk:     155676 kB
Time pass: 156 sec

---2015-12-10 12:23:27
MemTotal:        1421560 kB
MemFree:           45608 kB
Buffers:            9968 kB
Cached:           685492 kB
SwapCached:            0 kB
Active:           721692 kB
Inactive:         368368 kB
Active(anon):     396212 kB
Inactive(anon):      664 kB
Active(file):     325480 kB
Inactive(file):   367704 kB
Unevictable:        1516 kB
Mlocked:               0 kB
HighTotal:        885760 kB
HighFree:           4620 kB
LowTotal:         535800 kB
LowFree:           40988 kB
SwapTotal:             0 kB
SwapFree:              0 kB
Dirty:                56 kB
Writeback:             0 kB
AnonPages:        396312 kB
Mapped:           394660 kB
Shmem:               752 kB
Slab:              44220 kB
SReclaimable:      14120 kB
SUnreclaim:        30100 kB
KernelStack:       11016 kB
PageTables:        28512 kB
NFS_Unstable:          0 kB
Bounce:                0 kB
WritebackTmp:          0 kB
CommitLimit:      710780 kB
Committed_AS:   36886720 kB
VmallocTotal:     460800 kB
VmallocUsed:       20304 kB
VmallocChunk:     155676 kB
Time pass: 160 sec

---2015-12-10 12:23:27
MemTotal:        1421560 kB
MemFree:           45400 kB
Buffers:            9968 kB
Cached:           685492 kB
SwapCached:            0 kB
Active:           722392 kB
Inactive:         368376 kB
Active(anon):     396912 kB
Inactive(anon):      664 kB
Active(file):     325480 kB
Inactive(file):   367712 kB
Unevictable:        1516 kB
Mlocked:               0 kB
HighTotal:        885760 kB
HighFree:           8140 kB
LowTotal:         535800 kB
LowFree:           37260 kB
SwapTotal:             0 kB
SwapFree:              0 kB
Dirty:                56 kB
Writeback:             0 kB
AnonPages:        396916 kB
Mapped:           394564 kB
Shmem:               752 kB
Slab:              44144 kB
SReclaimable:      14056 kB
SUnreclaim:        30088 kB
KernelStack:       11024 kB
PageTables:        28516 kB
NFS_Unstable:          0 kB
Bounce:                0 kB
WritebackTmp:          0 kB
CommitLimit:      710780 kB
Committed_AS:   36919572 kB
VmallocTotal:     460800 kB
VmallocUsed:       20304 kB
VmallocChunk:     155676 kB
Time pass: 163 sec

---2015-12-10 12:23:27
MemTotal:        1421560 kB
MemFree:           43828 kB
Buffers:            9968 kB
Cached:           685252 kB
SwapCached:            0 kB
Active:           726296 kB
Inactive:         367112 kB
Active(anon):     399796 kB
Inactive(anon):      816 kB
Active(file):     326500 kB
Inactive(file):   366296 kB
Unevictable:        1516 kB
Mlocked:               0 kB
HighTotal:        885760 kB
HighFree:           5588 kB
LowTotal:         535800 kB
LowFree:           38240 kB
SwapTotal:             0 kB
SwapFree:              0 kB
Dirty:                24 kB
Writeback:             0 kB
AnonPages:        399764 kB
Mapped:           397504 kB
Shmem:               908 kB
Slab:              44360 kB
SReclaimable:      14056 kB
SUnreclaim:        30304 kB
KernelStack:       11248 kB
PageTables:        28680 kB
NFS_Unstable:          0 kB
Bounce:                0 kB
WritebackTmp:          0 kB
CommitLimit:      710780 kB
Committed_AS:   36941296 kB
VmallocTotal:     460800 kB
VmallocUsed:       22712 kB
VmallocChunk:     155676 kB
Time pass: 167 sec

---2015-12-10 12:23:27
MemTotal:        1421560 kB
MemFree:           43804 kB
Buffers:            9992 kB
Cached:           683416 kB
SwapCached:            0 kB
Active:           727564 kB
Inactive:         365256 kB
Active(anon):     401020 kB
Inactive(anon):      840 kB
Active(file):     326544 kB
Inactive(file):   364416 kB
Unevictable:        1516 kB
Mlocked:               0 kB
HighTotal:        885760 kB
HighFree:           4980 kB
LowTotal:         535800 kB
LowFree:           38824 kB
SwapTotal:             0 kB
SwapFree:              0 kB
Dirty:                48 kB
Writeback:             0 kB
AnonPages:        401004 kB
Mapped:           397468 kB
Shmem:               932 kB
Slab:              44320 kB
SReclaimable:      14152 kB
SUnreclaim:        30168 kB
KernelStack:       11256 kB
PageTables:        28676 kB
NFS_Unstable:          0 kB
Bounce:                0 kB
WritebackTmp:          0 kB
CommitLimit:      710780 kB
Committed_AS:   36910400 kB
VmallocTotal:     460800 kB
VmallocUsed:       22712 kB
VmallocChunk:     155676 kB
Time pass: 172 sec

---2015-12-10 12:23:27
MemTotal:        1421560 kB
MemFree:           42956 kB
Buffers:           10000 kB
Cached:           683420 kB
SwapCached:            0 kB
Active:           728684 kB
Inactive:         365264 kB
Active(anon):     402140 kB
Inactive(anon):      840 kB
Active(file):     326544 kB
Inactive(file):   364424 kB
Unevictable:        1516 kB
Mlocked:               0 kB
HighTotal:        885760 kB
HighFree:           4368 kB
LowTotal:         535800 kB
LowFree:           38588 kB
SwapTotal:             0 kB
SwapFree:              0 kB
Dirty:                40 kB
Writeback:             0 kB
AnonPages:        402076 kB
Mapped:           397636 kB
Shmem:               936 kB
Slab:              44328 kB
SReclaimable:      14152 kB
SUnreclaim:        30176 kB
KernelStack:       11240 kB
PageTables:        28680 kB
NFS_Unstable:          0 kB
Bounce:                0 kB
WritebackTmp:          0 kB
CommitLimit:      710780 kB
Committed_AS:   36910996 kB
VmallocTotal:     460800 kB
VmallocUsed:       22712 kB
VmallocChunk:     155676 kB
Time pass: 177 sec

---2015-12-10 12:23:27
MemTotal:        1421560 kB
MemFree:           40880 kB
Buffers:           10000 kB
Cached:           683456 kB
SwapCached:            0 kB
Active:           728856 kB
Inactive:         365300 kB
Active(anon):     402308 kB
Inactive(anon):      852 kB
Active(file):     326548 kB
Inactive(file):   364448 kB
Unevictable:        1516 kB
Mlocked:               0 kB
HighTotal:        885760 kB
HighFree:           4376 kB
LowTotal:         535800 kB
LowFree:           36504 kB
SwapTotal:             0 kB
SwapFree:              0 kB
Dirty:                 0 kB
Writeback:             0 kB
AnonPages:        402276 kB
Mapped:           397648 kB
Shmem:               944 kB
Slab:              44400 kB
SReclaimable:      14160 kB
SUnreclaim:        30240 kB
KernelStack:       11256 kB
PageTables:        28724 kB
NFS_Unstable:          0 kB
Bounce:                0 kB
WritebackTmp:          0 kB
CommitLimit:      710780 kB
Committed_AS:   36912240 kB
VmallocTotal:     460800 kB
VmallocUsed:       22712 kB
VmallocChunk:     155676 kB
Time pass: 180 sec

---2015-12-10 12:23:27
MemTotal:        1421560 kB
MemFree:           40824 kB
Buffers:           10008 kB
Cached:           683460 kB
SwapCached:            0 kB
Active:           728864 kB
Inactive:         365308 kB
Active(anon):     402312 kB
Inactive(anon):      852 kB
Active(file):     326552 kB
Inactive(file):   364456 kB
Unevictable:        1516 kB
Mlocked:               0 kB
HighTotal:        885760 kB
HighFree:           4376 kB
LowTotal:         535800 kB
LowFree:           36448 kB
SwapTotal:             0 kB
SwapFree:              0 kB
Dirty:                 8 kB
Writeback:             0 kB
AnonPages:        402316 kB
Mapped:           397504 kB
Shmem:               944 kB
Slab:              44344 kB
SReclaimable:      14096 kB
SUnreclaim:        30248 kB
KernelStack:       11240 kB
PageTables:        28704 kB
NFS_Unstable:          0 kB
Bounce:                0 kB
WritebackTmp:          0 kB
CommitLimit:      710780 kB
Committed_AS:   36911820 kB
VmallocTotal:     460800 kB
VmallocUsed:       22712 kB
VmallocChunk:     155676 kB
Time pass: 184 sec

---2015-12-10 12:23:27
MemTotal:        1421560 kB
MemFree:           40700 kB
Buffers:           10008 kB
Cached:           683612 kB
SwapCached:            0 kB
Active:           729092 kB
Inactive:         365460 kB
Active(anon):     402540 kB
Inactive(anon):     1004 kB
Active(file):     326552 kB
Inactive(file):   364456 kB
Unevictable:        1516 kB
Mlocked:               0 kB
HighTotal:        885760 kB
HighFree:           4376 kB
LowTotal:         535800 kB
LowFree:           36324 kB
SwapTotal:             0 kB
SwapFree:              0 kB
Dirty:                 8 kB
Writeback:             0 kB
AnonPages:        402492 kB
Mapped:           397656 kB
Shmem:              1096 kB
Slab:              44312 kB
SReclaimable:      14096 kB
SUnreclaim:        30216 kB
KernelStack:       11248 kB
PageTables:        28712 kB
NFS_Unstable:          0 kB
Bounce:                0 kB
WritebackTmp:          0 kB
CommitLimit:      710780 kB
Committed_AS:   36911772 kB
VmallocTotal:     460800 kB
VmallocUsed:       22712 kB
VmallocChunk:     155676 kB
Time pass: 187 sec

---2015-12-10 12:23:27
MemTotal:        1421560 kB
MemFree:           41976 kB
Buffers:           10016 kB
Cached:           682008 kB
SwapCached:            0 kB
Active:           729128 kB
Inactive:         363848 kB
Active(anon):     402560 kB
Inactive(anon):     1064 kB
Active(file):     326568 kB
Inactive(file):   362784 kB
Unevictable:        1516 kB
Mlocked:               0 kB
HighTotal:        885760 kB
HighFree:           5760 kB
LowTotal:         535800 kB
LowFree:           36216 kB
SwapTotal:             0 kB
SwapFree:              0 kB
Dirty:                16 kB
Writeback:             0 kB
AnonPages:        402620 kB
Mapped:           397712 kB
Shmem:              1156 kB
Slab:              44360 kB
SReclaimable:      14096 kB
SUnreclaim:        30264 kB
KernelStack:       11240 kB
PageTables:        28672 kB
NFS_Unstable:          0 kB
Bounce:                0 kB
WritebackTmp:          0 kB
CommitLimit:      710780 kB
Committed_AS:   36912072 kB
VmallocTotal:     460800 kB
VmallocUsed:       22712 kB
VmallocChunk:     155676 kB
Time pass: 191 sec

---2015-12-10 12:23:27
MemTotal:        1421560 kB
MemFree:           38368 kB
Buffers:           10032 kB
Cached:           678676 kB
SwapCached:            0 kB
Active:           736596 kB
Inactive:         361224 kB
Active(anon):     411788 kB
Inactive(anon):     1064 kB
Active(file):     324808 kB
Inactive(file):   360160 kB
Unevictable:        2584 kB
Mlocked:               0 kB
HighTotal:        885760 kB
HighFree:           4380 kB
LowTotal:         535800 kB
LowFree:           33988 kB
SwapTotal:             0 kB
SwapFree:              0 kB
Dirty:                48 kB
Writeback:             0 kB
AnonPages:        411788 kB
Mapped:           397096 kB
Shmem:              1156 kB
Slab:              44316 kB
SReclaimable:      14104 kB
SUnreclaim:        30212 kB
KernelStack:       11264 kB
PageTables:        28744 kB
NFS_Unstable:          0 kB
Bounce:                0 kB
WritebackTmp:          0 kB
CommitLimit:      710780 kB
Committed_AS:   36929772 kB
VmallocTotal:     460800 kB
VmallocUsed:       22712 kB
VmallocChunk:     155676 kB
Time pass: 195 sec

---2015-12-10 12:23:27
MemTotal:        1421560 kB
MemFree:           32428 kB
Buffers:           10064 kB
Cached:           678572 kB
SwapCached:            0 kB
Active:           741392 kB
Inactive:         360904 kB
Active(anon):     416336 kB
Inactive(anon):      960 kB
Active(file):     325056 kB
Inactive(file):   359944 kB
Unevictable:        2584 kB
Mlocked:               0 kB
HighTotal:        885760 kB
HighFree:           4376 kB
LowTotal:         535800 kB
LowFree:           28052 kB
SwapTotal:             0 kB
SwapFree:              0 kB
Dirty:                44 kB
Writeback:             0 kB
AnonPages:        416332 kB
Mapped:           396824 kB
Shmem:              1052 kB
Slab:              44304 kB
SReclaimable:      14104 kB
SUnreclaim:        30200 kB
KernelStack:       11248 kB
PageTables:        28752 kB
NFS_Unstable:          0 kB
Bounce:                0 kB
WritebackTmp:          0 kB
CommitLimit:      710780 kB
Committed_AS:   36929460 kB
VmallocTotal:     460800 kB
VmallocUsed:       22712 kB
VmallocChunk:     155676 kB
Time pass: 200 sec

---2015-12-10 12:23:27
MemTotal:        1421560 kB
MemFree:           29524 kB
Buffers:           10096 kB
Cached:           678560 kB
SwapCached:            0 kB
Active:           745744 kB
Inactive:         360924 kB
Active(anon):     420696 kB
Inactive(anon):      964 kB
Active(file):     325048 kB
Inactive(file):   359960 kB
Unevictable:        2584 kB
Mlocked:               0 kB
HighTotal:        885760 kB
HighFree:           4748 kB
LowTotal:         535800 kB
LowFree:           24776 kB
SwapTotal:             0 kB
SwapFree:              0 kB
Dirty:                28 kB
Writeback:             0 kB
AnonPages:        420632 kB
Mapped:           394240 kB
Shmem:              1056 kB
Slab:              44340 kB
SReclaimable:      14104 kB
SUnreclaim:        30236 kB
KernelStack:       11232 kB
PageTables:        28740 kB
NFS_Unstable:          0 kB
Bounce:                0 kB
WritebackTmp:          0 kB
CommitLimit:      710780 kB
Committed_AS:   36932288 kB
VmallocTotal:     460800 kB
VmallocUsed:       22712 kB
VmallocChunk:     155676 kB
Time pass: 205 sec

---2015-12-10 12:23:27
MemTotal:        1421560 kB
MemFree:           29504 kB
Buffers:           10096 kB
Cached:           678576 kB
SwapCached:            0 kB
Active:           745532 kB
Inactive:         360940 kB
Active(anon):     420476 kB
Inactive(anon):      964 kB
Active(file):     325056 kB
Inactive(file):   359976 kB
Unevictable:        2584 kB
Mlocked:               0 kB
HighTotal:        885760 kB
HighFree:           4676 kB
LowTotal:         535800 kB
LowFree:           24828 kB
SwapTotal:             0 kB
SwapFree:              0 kB
Dirty:                36 kB
Writeback:             0 kB
AnonPages:        420336 kB
Mapped:           394144 kB
Shmem:              1056 kB
Slab:              44400 kB
SReclaimable:      14104 kB
SUnreclaim:        30296 kB
KernelStack:       11248 kB
PageTables:        28756 kB
NFS_Unstable:          0 kB
Bounce:                0 kB
WritebackTmp:          0 kB
CommitLimit:      710780 kB
Committed_AS:   36931208 kB
VmallocTotal:     460800 kB
VmallocUsed:       22712 kB
VmallocChunk:     155676 kB
Time pass: 209 sec

---2015-12-10 12:23:27
MemTotal:        1421560 kB
MemFree:           29216 kB
Buffers:           10120 kB
Cached:           678612 kB
SwapCached:            0 kB
Active:           746440 kB
Inactive:         361000 kB
Active(anon):     421384 kB
Inactive(anon):     1000 kB
Active(file):     325056 kB
Inactive(file):   360000 kB
Unevictable:        2584 kB
Mlocked:               0 kB
HighTotal:        885760 kB
HighFree:           4376 kB
LowTotal:         535800 kB
LowFree:           24840 kB
SwapTotal:             0 kB
SwapFree:              0 kB
Dirty:                36 kB
Writeback:             0 kB
AnonPages:        421336 kB
Mapped:           394332 kB
Shmem:              1092 kB
Slab:              44332 kB
SReclaimable:      14104 kB
SUnreclaim:        30228 kB
KernelStack:       11248 kB
PageTables:        28756 kB
NFS_Unstable:          0 kB
Bounce:                0 kB
WritebackTmp:          0 kB
CommitLimit:      710780 kB
Committed_AS:   36931556 kB
VmallocTotal:     460800 kB
VmallocUsed:       22712 kB
VmallocChunk:     155676 kB
Time pass: 212 sec

---2015-12-10 12:23:27
MemTotal:        1421560 kB
MemFree:           27932 kB
Buffers:           10128 kB
Cached:           678632 kB
SwapCached:            0 kB
Active:           747504 kB
Inactive:         361028 kB
Active(anon):     422448 kB
Inactive(anon):     1020 kB
Active(file):     325056 kB
Inactive(file):   360008 kB
Unevictable:        2584 kB
Mlocked:               0 kB
HighTotal:        885760 kB
HighFree:           4376 kB
LowTotal:         535800 kB
LowFree:           23556 kB
SwapTotal:             0 kB
SwapFree:              0 kB
Dirty:                28 kB
Writeback:             0 kB
AnonPages:        422588 kB
Mapped:           394304 kB
Shmem:              1112 kB
Slab:              44432 kB
SReclaimable:      14104 kB
SUnreclaim:        30328 kB
KernelStack:       11240 kB
PageTables:        28744 kB
NFS_Unstable:          0 kB
Bounce:                0 kB
WritebackTmp:          0 kB
CommitLimit:      710780 kB
Committed_AS:   36932788 kB
VmallocTotal:     460800 kB
VmallocUsed:       22712 kB
VmallocChunk:     155676 kB
Time pass: 217 sec

---2015-12-10 12:23:27
MemTotal:        1421560 kB
MemFree:           29628 kB
Buffers:           10144 kB
Cached:           678708 kB
SwapCached:            0 kB
Active:           745556 kB
Inactive:         361120 kB
Active(anon):     420500 kB
Inactive(anon):     1092 kB
Active(file):     325056 kB
Inactive(file):   360028 kB
Unevictable:        2584 kB
Mlocked:               0 kB
HighTotal:        885760 kB
HighFree:           4456 kB
LowTotal:         535800 kB
LowFree:           25172 kB
SwapTotal:             0 kB
SwapFree:              0 kB
Dirty:                 0 kB
Writeback:             0 kB
AnonPages:        420568 kB
Mapped:           394428 kB
Shmem:              1184 kB
Slab:              44308 kB
SReclaimable:      14104 kB
SUnreclaim:        30204 kB
KernelStack:       11248 kB
PageTables:        28764 kB
NFS_Unstable:          0 kB
Bounce:                0 kB
WritebackTmp:          0 kB
CommitLimit:      710780 kB
Committed_AS:   36930144 kB
VmallocTotal:     460800 kB
VmallocUsed:       22712 kB
VmallocChunk:     155676 kB
Time pass: 221 sec

---2015-12-10 12:23:27
MemTotal:        1421560 kB
MemFree:           28672 kB
Buffers:           10168 kB
Cached:           678712 kB
SwapCached:            0 kB
Active:           746124 kB
Inactive:         361148 kB
Active(anon):     421068 kB
Inactive(anon):     1096 kB
Active(file):     325056 kB
Inactive(file):   360052 kB
Unevictable:        2584 kB
Mlocked:               0 kB
HighTotal:        885760 kB
HighFree:           4356 kB
LowTotal:         535800 kB
LowFree:           24316 kB
SwapTotal:             0 kB
SwapFree:              0 kB
Dirty:                44 kB
Writeback:             0 kB
AnonPages:        421088 kB
Mapped:           394432 kB
Shmem:              1188 kB
Slab:              44276 kB
SReclaimable:      14104 kB
SUnreclaim:        30172 kB
KernelStack:       11256 kB
PageTables:        28768 kB
NFS_Unstable:          0 kB
Bounce:                0 kB
WritebackTmp:          0 kB
CommitLimit:      710780 kB
Committed_AS:   36930356 kB
VmallocTotal:     460800 kB
VmallocUsed:       22712 kB
VmallocChunk:     155676 kB
Time pass: 224 sec

---2015-12-10 12:23:27
MemTotal:        1421560 kB
MemFree:           28512 kB
Buffers:           10176 kB
Cached:           678720 kB
SwapCached:            0 kB
Active:           746800 kB
Inactive:         361160 kB
Active(anon):     421740 kB
Inactive(anon):     1112 kB
Active(file):     325060 kB
Inactive(file):   360048 kB
Unevictable:        2584 kB
Mlocked:               0 kB
HighTotal:        885760 kB
HighFree:           4356 kB
LowTotal:         535800 kB
LowFree:           24156 kB
SwapTotal:             0 kB
SwapFree:              0 kB
Dirty:                 0 kB
Writeback:             0 kB
AnonPages:        421744 kB
Mapped:           394408 kB
Shmem:              1204 kB
Slab:              44308 kB
SReclaimable:      14104 kB
SUnreclaim:        30204 kB
KernelStack:       11240 kB
PageTables:        28748 kB
NFS_Unstable:          0 kB
Bounce:                0 kB
WritebackTmp:          0 kB
CommitLimit:      710780 kB
Committed_AS:   36931580 kB
VmallocTotal:     460800 kB
VmallocUsed:       22712 kB
VmallocChunk:     155676 kB
Time pass: 229 sec

---2015-12-10 12:23:27
MemTotal:        1421560 kB
MemFree:           28724 kB
Buffers:           10192 kB
Cached:           678736 kB
SwapCached:            0 kB
Active:           746820 kB
Inactive:         361192 kB
Active(anon):     421760 kB
Inactive(anon):     1120 kB
Active(file):     325060 kB
Inactive(file):   360072 kB
Unevictable:        2584 kB
Mlocked:               0 kB
HighTotal:        885760 kB
HighFree:           4456 kB
LowTotal:         535800 kB
LowFree:           24268 kB
SwapTotal:             0 kB
SwapFree:              0 kB
Dirty:                 0 kB
Writeback:             0 kB
AnonPages:        421548 kB
Mapped:           394268 kB
Shmem:              1212 kB
Slab:              44440 kB
SReclaimable:      14104 kB
SUnreclaim:        30336 kB
KernelStack:       11240 kB
PageTables:        28748 kB
NFS_Unstable:          0 kB
Bounce:                0 kB
WritebackTmp:          0 kB
CommitLimit:      710780 kB
Committed_AS:   36930884 kB
VmallocTotal:     460800 kB
VmallocUsed:       22712 kB
VmallocChunk:     155676 kB
Time pass: 235 sec

---2015-12-10 12:23:27
MemTotal:        1421560 kB
MemFree:           28272 kB
Buffers:           10236 kB
Cached:           678740 kB
SwapCached:            0 kB
Active:           746728 kB
Inactive:         361240 kB
Active(anon):     421668 kB
Inactive(anon):     1120 kB
Active(file):     325060 kB
Inactive(file):   360120 kB
Unevictable:        2584 kB
Mlocked:               0 kB
HighTotal:        885760 kB
HighFree:           4684 kB
LowTotal:         535800 kB
LowFree:           23588 kB
SwapTotal:             0 kB
SwapFree:              0 kB
Dirty:                36 kB
Writeback:             0 kB
AnonPages:        421552 kB
Mapped:           394356 kB
Shmem:              1212 kB
Slab:              44416 kB
SReclaimable:      14104 kB
SUnreclaim:        30312 kB
KernelStack:       11272 kB
PageTables:        28760 kB
NFS_Unstable:          0 kB
Bounce:                0 kB
WritebackTmp:          0 kB
CommitLimit:      710780 kB
Committed_AS:   36930724 kB
VmallocTotal:     460800 kB
VmallocUsed:       22712 kB
VmallocChunk:     155676 kB
Time pass: 239 sec

---2015-12-10 12:23:27
MemTotal:        1421560 kB
MemFree:           28580 kB
Buffers:           10252 kB
Cached:           678748 kB
SwapCached:            0 kB
Active:           746880 kB
Inactive:         361264 kB
Active(anon):     421820 kB
Inactive(anon):     1128 kB
Active(file):     325060 kB
Inactive(file):   360136 kB
Unevictable:        2584 kB
Mlocked:               0 kB
HighTotal:        885760 kB
HighFree:           5472 kB
LowTotal:         535800 kB
LowFree:           23108 kB
SwapTotal:             0 kB
SwapFree:              0 kB
Dirty:                 0 kB
Writeback:             0 kB
AnonPages:        421832 kB
Mapped:           394460 kB
Shmem:              1220 kB
Slab:              44324 kB
SReclaimable:      14104 kB
SUnreclaim:        30220 kB
KernelStack:       11248 kB
PageTables:        28744 kB
NFS_Unstable:          0 kB
Bounce:                0 kB
WritebackTmp:          0 kB
CommitLimit:      710780 kB
Committed_AS:   36931204 kB
VmallocTotal:     460800 kB
VmallocUsed:       22712 kB
VmallocChunk:     155676 kB
Time pass: 245 sec

---2015-12-10 12:23:27
MemTotal:        1421560 kB
MemFree:           29208 kB
Buffers:           10276 kB
Cached:           678768 kB
SwapCached:            0 kB
Active:           746800 kB
Inactive:         361308 kB
Active(anon):     421740 kB
Inactive(anon):     1148 kB
Active(file):     325060 kB
Inactive(file):   360160 kB
Unevictable:        2584 kB
Mlocked:               0 kB
HighTotal:        885760 kB
HighFree:           4356 kB
LowTotal:         535800 kB
LowFree:           24852 kB
SwapTotal:             0 kB
SwapFree:              0 kB
Dirty:                40 kB
Writeback:             0 kB
AnonPages:        421732 kB
Mapped:           394532 kB
Shmem:              1240 kB
Slab:              44288 kB
SReclaimable:      14104 kB
SUnreclaim:        30184 kB
KernelStack:       11256 kB
PageTables:        28764 kB
NFS_Unstable:          0 kB
Bounce:                0 kB
WritebackTmp:          0 kB
CommitLimit:      710780 kB
Committed_AS:   36931064 kB
VmallocTotal:     460800 kB
VmallocUsed:       22712 kB
VmallocChunk:     155676 kB
Time pass: 250 sec

---2015-12-10 12:23:27
MemTotal:        1421560 kB
MemFree:           28616 kB
Buffers:           10284 kB
Cached:           678772 kB
SwapCached:            0 kB
Active:           746744 kB
Inactive:         361320 kB
Active(anon):     421684 kB
Inactive(anon):     1152 kB
Active(file):     325060 kB
Inactive(file):   360168 kB
Unevictable:        2584 kB
Mlocked:               0 kB
HighTotal:        885760 kB
HighFree:           4380 kB
LowTotal:         535800 kB
LowFree:           24236 kB
SwapTotal:             0 kB
SwapFree:              0 kB
Dirty:                28 kB
Writeback:             0 kB
AnonPages:        421676 kB
Mapped:           394484 kB
Shmem:              1244 kB
Slab:              44492 kB
SReclaimable:      14104 kB
SUnreclaim:        30388 kB
KernelStack:       11248 kB
PageTables:        28752 kB
NFS_Unstable:          0 kB
Bounce:                0 kB
WritebackTmp:          0 kB
CommitLimit:      710780 kB
Committed_AS:   36931836 kB
VmallocTotal:     460800 kB
VmallocUsed:       22712 kB
VmallocChunk:     155676 kB
Time pass: 254 sec

---2015-12-10 12:23:27
MemTotal:        1421560 kB
MemFree:           28584 kB
Buffers:           10308 kB
Cached:           678800 kB
SwapCached:            0 kB
Active:           747416 kB
Inactive:         361372 kB
Active(anon):     422356 kB
Inactive(anon):     1180 kB
Active(file):     325060 kB
Inactive(file):   360192 kB
Unevictable:        2584 kB
Mlocked:               0 kB
HighTotal:        885760 kB
HighFree:           5548 kB
LowTotal:         535800 kB
LowFree:           23036 kB
SwapTotal:             0 kB
SwapFree:              0 kB
Dirty:                 0 kB
Writeback:             0 kB
AnonPages:        422420 kB
Mapped:           394564 kB
Shmem:              1272 kB
Slab:              44328 kB
SReclaimable:      14104 kB
SUnreclaim:        30224 kB
KernelStack:       11272 kB
PageTables:        28768 kB
NFS_Unstable:          0 kB
Bounce:                0 kB
WritebackTmp:          0 kB
CommitLimit:      710780 kB
Committed_AS:   36932516 kB
VmallocTotal:     460800 kB
VmallocUsed:       22712 kB
VmallocChunk:     155676 kB
Time pass: 260 sec

---2015-12-10 12:23:27
MemTotal:        1421560 kB
MemFree:           27108 kB
Buffers:           10332 kB
Cached:           678800 kB
SwapCached:            0 kB
Active:           748144 kB
Inactive:         361396 kB
Active(anon):     423084 kB
Inactive(anon):     1180 kB
Active(file):     325060 kB
Inactive(file):   360216 kB
Unevictable:        2584 kB
Mlocked:               0 kB
HighTotal:        885760 kB
HighFree:           4452 kB
LowTotal:         535800 kB
LowFree:           22656 kB
SwapTotal:             0 kB
SwapFree:              0 kB
Dirty:                52 kB
Writeback:             0 kB
AnonPages:        423084 kB
Mapped:           394512 kB
Shmem:              1272 kB
Slab:              44484 kB
SReclaimable:      14104 kB
SUnreclaim:        30380 kB
KernelStack:       11256 kB
PageTables:        28752 kB
NFS_Unstable:          0 kB
Bounce:                0 kB
WritebackTmp:          0 kB
CommitLimit:      710780 kB
Committed_AS:   36932820 kB
VmallocTotal:     460800 kB
VmallocUsed:       22712 kB
VmallocChunk:     155676 kB
Time pass: 265 sec

---2015-12-10 12:23:27
MemTotal:        1421560 kB
MemFree:           26376 kB
Buffers:           10356 kB
Cached:           678872 kB
SwapCached:            0 kB
Active:           748476 kB
Inactive:         361492 kB
Active(anon):     423416 kB
Inactive(anon):     1252 kB
Active(file):     325060 kB
Inactive(file):   360240 kB
Unevictable:        2584 kB
Mlocked:               0 kB
HighTotal:        885760 kB
HighFree:           4452 kB
LowTotal:         535800 kB
LowFree:           21924 kB
SwapTotal:             0 kB
SwapFree:              0 kB
Dirty:                36 kB
Writeback:             0 kB
AnonPages:        423508 kB
Mapped:           394584 kB
Shmem:              1344 kB
Slab:              44488 kB
SReclaimable:      14104 kB
SUnreclaim:        30384 kB
KernelStack:       11256 kB
PageTables:        28752 kB
NFS_Unstable:          0 kB
Bounce:                0 kB
WritebackTmp:          0 kB
CommitLimit:      710780 kB
Committed_AS:   36932888 kB
VmallocTotal:     460800 kB
VmallocUsed:       22712 kB
VmallocChunk:     155676 kB
Time pass: 269 sec

---2015-12-10 12:23:27
MemTotal:        1421560 kB
MemFree:           26536 kB
Buffers:           10356 kB
Cached:           678872 kB
SwapCached:            0 kB
Active:           748480 kB
Inactive:         361492 kB
Active(anon):     423420 kB
Inactive(anon):     1252 kB
Active(file):     325060 kB
Inactive(file):   360240 kB
Unevictable:        2584 kB
Mlocked:               0 kB
HighTotal:        885760 kB
HighFree:           4452 kB
LowTotal:         535800 kB
LowFree:           22084 kB
SwapTotal:             0 kB
SwapFree:              0 kB
Dirty:                 0 kB
Writeback:             8 kB
AnonPages:        423556 kB
Mapped:           394636 kB
Shmem:              1344 kB
Slab:              44360 kB
SReclaimable:      14104 kB
SUnreclaim:        30256 kB
KernelStack:       11272 kB
PageTables:        28772 kB
NFS_Unstable:          0 kB
Bounce:                0 kB
WritebackTmp:          0 kB
CommitLimit:      710780 kB
Committed_AS:   36933064 kB
VmallocTotal:     460800 kB
VmallocUsed:       22712 kB
VmallocChunk:     155676 kB
Time pass: 273 sec

---2015-12-10 12:23:27
MemTotal:        1421560 kB
MemFree:           25620 kB
Buffers:           10380 kB
Cached:           678872 kB
SwapCached:            0 kB
Active:           748648 kB
Inactive:         361516 kB
Active(anon):     423588 kB
Inactive(anon):     1252 kB
Active(file):     325060 kB
Inactive(file):   360264 kB
Unevictable:        2584 kB
Mlocked:               0 kB
HighTotal:        885760 kB
HighFree:           4652 kB
LowTotal:         535800 kB
LowFree:           20968 kB
SwapTotal:             0 kB
SwapFree:              0 kB
Dirty:                40 kB
Writeback:             0 kB
AnonPages:        423504 kB
Mapped:           394488 kB
Shmem:              1344 kB
Slab:              44324 kB
SReclaimable:      14104 kB
SUnreclaim:        30220 kB
KernelStack:       11264 kB
PageTables:        28768 kB
NFS_Unstable:          0 kB
Bounce:                0 kB
WritebackTmp:          0 kB
CommitLimit:      710780 kB
Committed_AS:   36932548 kB
VmallocTotal:     460800 kB
VmallocUsed:       22712 kB
VmallocChunk:     155676 kB
Time pass: 277 sec

---2015-12-10 12:23:27
MemTotal:        1421560 kB
MemFree:           25616 kB
Buffers:           10396 kB
Cached:           678872 kB
SwapCached:            0 kB
Active:           748416 kB
Inactive:         361532 kB
Active(anon):     423356 kB
Inactive(anon):     1252 kB
Active(file):     325060 kB
Inactive(file):   360280 kB
Unevictable:        2584 kB
Mlocked:               0 kB
HighTotal:        885760 kB
HighFree:           4948 kB
LowTotal:         535800 kB
LowFree:           20668 kB
SwapTotal:             0 kB
SwapFree:              0 kB
Dirty:                32 kB
Writeback:             0 kB
AnonPages:        423420 kB
Mapped:           394636 kB
Shmem:              1344 kB
Slab:              44424 kB
SReclaimable:      14104 kB
SUnreclaim:        30320 kB
KernelStack:       11264 kB
PageTables:        28768 kB
NFS_Unstable:          0 kB
Bounce:                0 kB
WritebackTmp:          0 kB
CommitLimit:      710780 kB
Committed_AS:   36932216 kB
VmallocTotal:     460800 kB
VmallocUsed:       22712 kB
VmallocChunk:     155676 kB
Time pass: 281 sec

---2015-12-10 12:23:27
MemTotal:        1421560 kB
MemFree:           27576 kB
Buffers:           10396 kB
Cached:           678872 kB
SwapCached:            0 kB
Active:           746908 kB
Inactive:         361532 kB
Active(anon):     421848 kB
Inactive(anon):     1252 kB
Active(file):     325060 kB
Inactive(file):   360280 kB
Unevictable:        2584 kB
Mlocked:               0 kB
HighTotal:        885760 kB
HighFree:           4948 kB
LowTotal:         535800 kB
LowFree:           22628 kB
SwapTotal:             0 kB
SwapFree:              0 kB
Dirty:                32 kB
Writeback:             0 kB
AnonPages:        421760 kB
Mapped:           394636 kB
Shmem:              1344 kB
Slab:              44312 kB
SReclaimable:      14104 kB
SUnreclaim:        30208 kB
KernelStack:       11264 kB
PageTables:        28768 kB
NFS_Unstable:          0 kB
Bounce:                0 kB
WritebackTmp:          0 kB
CommitLimit:      710780 kB
Committed_AS:   36930684 kB
VmallocTotal:     460800 kB
VmallocUsed:       22712 kB
VmallocChunk:     155676 kB
Time pass: 284 sec

---2015-12-10 12:23:27
MemTotal:        1421560 kB
MemFree:           26996 kB
Buffers:           10420 kB
Cached:           678916 kB
SwapCached:            0 kB
Active:           747724 kB
Inactive:         361600 kB
Active(anon):     422664 kB
Inactive(anon):     1296 kB
Active(file):     325060 kB
Inactive(file):   360304 kB
Unevictable:        2584 kB
Mlocked:               0 kB
HighTotal:        885760 kB
HighFree:           4452 kB
LowTotal:         535800 kB
LowFree:           22544 kB
SwapTotal:             0 kB
SwapFree:              0 kB
Dirty:                36 kB
Writeback:             0 kB
AnonPages:        422584 kB
Mapped:           394680 kB
Shmem:              1388 kB
Slab:              44408 kB
SReclaimable:      14104 kB
SUnreclaim:        30304 kB
KernelStack:       11272 kB
PageTables:        28776 kB
NFS_Unstable:          0 kB
Bounce:                0 kB
WritebackTmp:          0 kB
CommitLimit:      710780 kB
Committed_AS:   36931148 kB
VmallocTotal:     460800 kB
VmallocUsed:       22712 kB
VmallocChunk:     155676 kB
Time pass: 287 sec

---2015-12-10 12:23:27
MemTotal:        1421560 kB
MemFree:           26184 kB
Buffers:           10420 kB
Cached:           678916 kB
SwapCached:            0 kB
Active:           748636 kB
Inactive:         361600 kB
Active(anon):     423576 kB
Inactive(anon):     1296 kB
Active(file):     325060 kB
Inactive(file):   360304 kB
Unevictable:        2584 kB
Mlocked:               0 kB
HighTotal:        885760 kB
HighFree:           4452 kB
LowTotal:         535800 kB
LowFree:           21732 kB
SwapTotal:             0 kB
SwapFree:              0 kB
Dirty:                 0 kB
Writeback:             0 kB
AnonPages:        423672 kB
Mapped:           394680 kB
Shmem:              1388 kB
Slab:              44392 kB
SReclaimable:      14104 kB
SUnreclaim:        30288 kB
KernelStack:       11272 kB
PageTables:        28776 kB
NFS_Unstable:          0 kB
Bounce:                0 kB
WritebackTmp:          0 kB
CommitLimit:      710780 kB
Committed_AS:   36932624 kB
VmallocTotal:     460800 kB
VmallocUsed:       22712 kB
VmallocChunk:     155676 kB
Time pass: 291 sec

---2015-12-10 12:23:27
MemTotal:        1421560 kB
MemFree:           27352 kB
Buffers:           10444 kB
Cached:           678924 kB
SwapCached:            0 kB
Active:           747688 kB
Inactive:         361632 kB
Active(anon):     422628 kB
Inactive(anon):     1304 kB
Active(file):     325060 kB
Inactive(file):   360328 kB
Unevictable:        2584 kB
Mlocked:               0 kB
HighTotal:        885760 kB
HighFree:           4604 kB
LowTotal:         535800 kB
LowFree:           22748 kB
SwapTotal:             0 kB
SwapFree:              0 kB
Dirty:                36 kB
Writeback:             0 kB
AnonPages:        422692 kB
Mapped:           394536 kB
Shmem:              1396 kB
Slab:              44408 kB
SReclaimable:      14104 kB
SUnreclaim:        30304 kB
KernelStack:       11264 kB
PageTables:        28764 kB
NFS_Unstable:          0 kB
Bounce:                0 kB
WritebackTmp:          0 kB
CommitLimit:      710780 kB
Committed_AS:   36931204 kB
VmallocTotal:     460800 kB
VmallocUsed:       22712 kB
VmallocChunk:     155676 kB
Time pass: 295 sec

---2015-12-10 12:23:27
MemTotal:        1421560 kB
MemFree:           27008 kB
Buffers:           10444 kB
Cached:           678924 kB
SwapCached:            0 kB
Active:           748576 kB
Inactive:         361632 kB
Active(anon):     423516 kB
Inactive(anon):     1304 kB
Active(file):     325060 kB
Inactive(file):   360328 kB
Unevictable:        2584 kB
Mlocked:               0 kB
HighTotal:        885760 kB
HighFree:           4364 kB
LowTotal:         535800 kB
LowFree:           22644 kB
SwapTotal:             0 kB
SwapFree:              0 kB
Dirty:                 0 kB
Writeback:             0 kB
AnonPages:        423552 kB
Mapped:           394632 kB
Shmem:              1396 kB
Slab:              44396 kB
SReclaimable:      14104 kB
SUnreclaim:        30292 kB
KernelStack:       11264 kB
PageTables:        28744 kB
NFS_Unstable:          0 kB
Bounce:                0 kB
WritebackTmp:          0 kB
CommitLimit:      710780 kB
Committed_AS:   36932564 kB
VmallocTotal:     460800 kB
VmallocUsed:       22712 kB
VmallocChunk:     155676 kB
Time pass: 299 sec

---2015-12-10 12:23:27
MemTotal:        1421560 kB
MemFree:           26508 kB
Buffers:           10468 kB
Cached:           678924 kB
SwapCached:            0 kB
Active:           748376 kB
Inactive:         361656 kB
Active(anon):     423316 kB
Inactive(anon):     1304 kB
Active(file):     325060 kB
Inactive(file):   360352 kB
Unevictable:        2584 kB
Mlocked:               0 kB
HighTotal:        885760 kB
HighFree:           4364 kB
LowTotal:         535800 kB
LowFree:           22144 kB
SwapTotal:             0 kB
SwapFree:              0 kB
Dirty:                36 kB
Writeback:             0 kB
AnonPages:        423224 kB
Mapped:           394536 kB
Shmem:              1396 kB
Slab:              44444 kB
SReclaimable:      14104 kB
SUnreclaim:        30340 kB
KernelStack:       11264 kB
PageTables:        28760 kB
NFS_Unstable:          0 kB
Bounce:                0 kB
WritebackTmp:          0 kB
CommitLimit:      710780 kB
Committed_AS:   36931684 kB
VmallocTotal:     460800 kB
VmallocUsed:       22712 kB
VmallocChunk:     155676 kB
Time pass: 304 sec

---2015-12-10 12:23:27
MemTotal:        1421560 kB
MemFree:           26316 kB
Buffers:           10492 kB
Cached:           678924 kB
SwapCached:            0 kB
Active:           748508 kB
Inactive:         361680 kB
Active(anon):     423448 kB
Inactive(anon):     1304 kB
Active(file):     325060 kB
Inactive(file):   360376 kB
Unevictable:        2584 kB
Mlocked:               0 kB
HighTotal:        885760 kB
HighFree:           4364 kB
LowTotal:         535800 kB
LowFree:           21952 kB
SwapTotal:             0 kB
SwapFree:              0 kB
Dirty:                36 kB
Writeback:             0 kB
AnonPages:        423364 kB
Mapped:           394684 kB
Shmem:              1396 kB
Slab:              44436 kB
SReclaimable:      14104 kB
SUnreclaim:        30332 kB
KernelStack:       11256 kB
PageTables:        28756 kB
NFS_Unstable:          0 kB
Bounce:                0 kB
WritebackTmp:          0 kB
CommitLimit:      710780 kB
Committed_AS:   36931716 kB
VmallocTotal:     460800 kB
VmallocUsed:       22712 kB
VmallocChunk:     155676 kB
Time pass: 308 sec

---2015-12-10 12:23:27
MemTotal:        1421560 kB
MemFree:           25660 kB
Buffers:           10508 kB
Cached:           678908 kB
SwapCached:            0 kB
Active:           748716 kB
Inactive:         361680 kB
Active(anon):     423656 kB
Inactive(anon):     1304 kB
Active(file):     325060 kB
Inactive(file):   360376 kB
Unevictable:        2584 kB
Mlocked:               0 kB
HighTotal:        885760 kB
HighFree:           4468 kB
LowTotal:         535800 kB
LowFree:           21192 kB
SwapTotal:             0 kB
SwapFree:              0 kB
Dirty:                 0 kB
Writeback:             0 kB
AnonPages:        423572 kB
Mapped:           394684 kB
Shmem:              1396 kB
Slab:              44552 kB
SReclaimable:      14104 kB
SUnreclaim:        30448 kB
KernelStack:       11264 kB
PageTables:        28760 kB
NFS_Unstable:          0 kB
Bounce:                0 kB
WritebackTmp:          0 kB
CommitLimit:      710780 kB
Committed_AS:   36931792 kB
VmallocTotal:     460800 kB
VmallocUsed:       22712 kB
VmallocChunk:     155676 kB
Time pass: 311 sec

---2015-12-10 12:23:27
MemTotal:        1421560 kB
MemFree:           25472 kB
Buffers:           10508 kB
Cached:           678924 kB
SwapCached:            0 kB
Active:           748952 kB
Inactive:         361696 kB
Active(anon):     423892 kB
Inactive(anon):     1304 kB
Active(file):     325060 kB
Inactive(file):   360392 kB
Unevictable:        2584 kB
Mlocked:               0 kB
HighTotal:        885760 kB
HighFree:           5164 kB
LowTotal:         535800 kB
LowFree:           20308 kB
SwapTotal:             0 kB
SwapFree:              0 kB
Dirty:                36 kB
Writeback:             0 kB
AnonPages:        423884 kB
Mapped:           394684 kB
Shmem:              1396 kB
Slab:              44228 kB
SReclaimable:      14104 kB
SUnreclaim:        30124 kB
KernelStack:       11264 kB
PageTables:        28760 kB
NFS_Unstable:          0 kB
Bounce:                0 kB
WritebackTmp:          0 kB
CommitLimit:      710780 kB
Committed_AS:   36932008 kB
VmallocTotal:     460800 kB
VmallocUsed:       22712 kB
VmallocChunk:     155676 kB
Time pass: 315 sec

---2015-12-10 12:23:27
MemTotal:        1421560 kB
MemFree:           26276 kB
Buffers:           10532 kB
Cached:           678924 kB
SwapCached:            0 kB
Active:           749008 kB
Inactive:         361720 kB
Active(anon):     423948 kB
Inactive(anon):     1304 kB
Active(file):     325060 kB
Inactive(file):   360416 kB
Unevictable:        2584 kB
Mlocked:               0 kB
HighTotal:        885760 kB
HighFree:           5108 kB
LowTotal:         535800 kB
LowFree:           21168 kB
SwapTotal:             0 kB
SwapFree:              0 kB
Dirty:                36 kB
Writeback:             0 kB
AnonPages:        423936 kB
Mapped:           394632 kB
Shmem:              1396 kB
Slab:              44456 kB
SReclaimable:      14104 kB
SUnreclaim:        30352 kB
KernelStack:       11240 kB
PageTables:        28744 kB
NFS_Unstable:          0 kB
Bounce:                0 kB
WritebackTmp:          0 kB
CommitLimit:      710780 kB
Committed_AS:   36932096 kB
VmallocTotal:     460800 kB
VmallocUsed:       22712 kB
VmallocChunk:     155676 kB
Time pass: 320 sec

---2015-12-10 12:23:27
MemTotal:        1421560 kB
MemFree:           26112 kB
Buffers:           10532 kB
Cached:           678924 kB
SwapCached:            0 kB
Active:           748592 kB
Inactive:         361720 kB
Active(anon):     423532 kB
Inactive(anon):     1304 kB
Active(file):     325060 kB
Inactive(file):   360416 kB
Unevictable:        2584 kB
Mlocked:               0 kB
HighTotal:        885760 kB
HighFree:           4440 kB
LowTotal:         535800 kB
LowFree:           21672 kB
SwapTotal:             0 kB
SwapFree:              0 kB
Dirty:                 0 kB
Writeback:             0 kB
AnonPages:        423532 kB
Mapped:           394684 kB
Shmem:              1396 kB
Slab:              44460 kB
SReclaimable:      14104 kB
SUnreclaim:        30356 kB
KernelStack:       11256 kB
PageTables:        28760 kB
NFS_Unstable:          0 kB
Bounce:                0 kB
WritebackTmp:          0 kB
CommitLimit:      710780 kB
Committed_AS:   36932248 kB
VmallocTotal:     460800 kB
VmallocUsed:       22712 kB
VmallocChunk:     155676 kB
Time pass: 324 sec

---2015-12-10 12:23:27
MemTotal:        1421560 kB
MemFree:           25912 kB
Buffers:           10556 kB
Cached:           678924 kB
SwapCached:            0 kB
Active:           749164 kB
Inactive:         361744 kB
Active(anon):     424104 kB
Inactive(anon):     1304 kB
Active(file):     325060 kB
Inactive(file):   360440 kB
Unevictable:        2584 kB
Mlocked:               0 kB
HighTotal:        885760 kB
HighFree:           4376 kB
LowTotal:         535800 kB
LowFree:           21536 kB
SwapTotal:             0 kB
SwapFree:              0 kB
Dirty:                36 kB
Writeback:             0 kB
AnonPages:        424240 kB
Mapped:           394644 kB
Shmem:              1396 kB
Slab:              44392 kB
SReclaimable:      14104 kB
SUnreclaim:        30288 kB
KernelStack:       11240 kB
PageTables:        28740 kB
NFS_Unstable:          0 kB
Bounce:                0 kB
WritebackTmp:          0 kB
CommitLimit:      710780 kB
Committed_AS:   36932700 kB
VmallocTotal:     460800 kB
VmallocUsed:       22712 kB
VmallocChunk:     155676 kB
Time pass: 328 sec

---2015-12-10 12:23:27
MemTotal:        1421560 kB
MemFree:           25412 kB
Buffers:           10580 kB
Cached:           679080 kB
SwapCached:            0 kB
Active:           749216 kB
Inactive:         361924 kB
Active(anon):     424156 kB
Inactive(anon):     1456 kB
Active(file):     325060 kB
Inactive(file):   360468 kB
Unevictable:        2584 kB
Mlocked:               0 kB
HighTotal:        885760 kB
HighFree:           4376 kB
LowTotal:         535800 kB
LowFree:           21036 kB
SwapTotal:             0 kB
SwapFree:              0 kB
Dirty:                 4 kB
Writeback:             0 kB
AnonPages:        424072 kB
Mapped:           394852 kB
Shmem:              1548 kB
Slab:              44480 kB
SReclaimable:      14104 kB
SUnreclaim:        30376 kB
KernelStack:       11288 kB
PageTables:        28756 kB
NFS_Unstable:          0 kB
Bounce:                0 kB
WritebackTmp:          0 kB
CommitLimit:      710780 kB
Committed_AS:   36933548 kB
VmallocTotal:     460800 kB
VmallocUsed:       22712 kB
VmallocChunk:     155676 kB
Time pass: 332 sec

---2015-12-10 12:23:27
MemTotal:        1421560 kB
MemFree:           24468 kB
Buffers:           10604 kB
Cached:           679080 kB
SwapCached:            0 kB
Active:           750692 kB
Inactive:         361948 kB
Active(anon):     425632 kB
Inactive(anon):     1456 kB
Active(file):     325060 kB
Inactive(file):   360492 kB
Unevictable:        2584 kB
Mlocked:               0 kB
HighTotal:        885760 kB
HighFree:           4376 kB
LowTotal:         535800 kB
LowFree:           20092 kB
SwapTotal:             0 kB
SwapFree:              0 kB
Dirty:                48 kB
Writeback:             0 kB
AnonPages:        425692 kB
Mapped:           394800 kB
Shmem:              1548 kB
Slab:              44432 kB
SReclaimable:      14104 kB
SUnreclaim:        30328 kB
KernelStack:       11272 kB
PageTables:        28744 kB
NFS_Unstable:          0 kB
Bounce:                0 kB
WritebackTmp:          0 kB
CommitLimit:      710780 kB
Committed_AS:   36934480 kB
VmallocTotal:     460800 kB
VmallocUsed:       22712 kB
VmallocChunk:     155676 kB
Time pass: 338 sec

---2015-12-10 12:23:27
MemTotal:        1421560 kB
MemFree:           25960 kB
Buffers:           10628 kB
Cached:           679080 kB
SwapCached:            0 kB
Active:           748836 kB
Inactive:         361972 kB
Active(anon):     423776 kB
Inactive(anon):     1456 kB
Active(file):     325060 kB
Inactive(file):   360516 kB
Unevictable:        2584 kB
Mlocked:               0 kB
HighTotal:        885760 kB
HighFree:           4412 kB
LowTotal:         535800 kB
LowFree:           21548 kB
SwapTotal:             0 kB
SwapFree:              0 kB
Dirty:                36 kB
Writeback:             0 kB
AnonPages:        423632 kB
Mapped:           394856 kB
Shmem:              1548 kB
Slab:              44416 kB
SReclaimable:      14104 kB
SUnreclaim:        30312 kB
KernelStack:       11264 kB
PageTables:        28756 kB
NFS_Unstable:          0 kB
Bounce:                0 kB
WritebackTmp:          0 kB
CommitLimit:      710780 kB
Committed_AS:   36931760 kB
VmallocTotal:     460800 kB
VmallocUsed:       22712 kB
VmallocChunk:     155676 kB
Time pass: 343 sec

---2015-12-10 12:23:27
MemTotal:        1421560 kB
MemFree:           26056 kB
Buffers:           10636 kB
Cached:           679072 kB
SwapCached:            0 kB
Active:           748284 kB
Inactive:         361972 kB
Active(anon):     423224 kB
Inactive(anon):     1456 kB
Active(file):     325060 kB
Inactive(file):   360516 kB
Unevictable:        2584 kB
Mlocked:               0 kB
HighTotal:        885760 kB
HighFree:           4412 kB
LowTotal:         535800 kB
LowFree:           21644 kB
SwapTotal:             0 kB
SwapFree:              0 kB
Dirty:                 0 kB
Writeback:             0 kB
AnonPages:        423296 kB
Mapped:           394856 kB
Shmem:              1548 kB
Slab:              44452 kB
SReclaimable:      14104 kB
SUnreclaim:        30348 kB
KernelStack:       11264 kB
PageTables:        28756 kB
NFS_Unstable:          0 kB
Bounce:                0 kB
WritebackTmp:          0 kB
CommitLimit:      710780 kB
Committed_AS:   36931196 kB
VmallocTotal:     460800 kB
VmallocUsed:       22712 kB
VmallocChunk:     155676 kB
Time pass: 347 sec

---2015-12-10 12:23:27
MemTotal:        1421560 kB
MemFree:           26144 kB
Buffers:           10652 kB
Cached:           679080 kB
SwapCached:            0 kB
Active:           748564 kB
Inactive:         361996 kB
Active(anon):     423504 kB
Inactive(anon):     1456 kB
Active(file):     325060 kB
Inactive(file):   360540 kB
Unevictable:        2584 kB
Mlocked:               0 kB
HighTotal:        885760 kB
HighFree:           4412 kB
LowTotal:         535800 kB
LowFree:           21732 kB
SwapTotal:             0 kB
SwapFree:              0 kB
Dirty:                36 kB
Writeback:             0 kB
AnonPages:        423628 kB
Mapped:           394804 kB
Shmem:              1548 kB
Slab:              44428 kB
SReclaimable:      14104 kB
SUnreclaim:        30324 kB
KernelStack:       11248 kB
PageTables:        28740 kB
NFS_Unstable:          0 kB
Bounce:                0 kB
WritebackTmp:          0 kB
CommitLimit:      710780 kB
Committed_AS:   36931932 kB
VmallocTotal:     460800 kB
VmallocUsed:       22712 kB
VmallocChunk:     155676 kB
Time pass: 353 sec

---2015-12-10 12:23:27
MemTotal:        1421560 kB
MemFree:           25100 kB
Buffers:           10676 kB
Cached:           679296 kB
SwapCached:            0 kB
Active:           748596 kB
Inactive:         362152 kB
Active(anon):     423524 kB
Inactive(anon):     1456 kB
Active(file):     325072 kB
Inactive(file):   360696 kB
Unevictable:        2584 kB
Mlocked:               0 kB
HighTotal:        885760 kB
HighFree:           4516 kB
LowTotal:         535800 kB
LowFree:           20584 kB
SwapTotal:             0 kB
SwapFree:              0 kB
Dirty:                40 kB
Writeback:             0 kB
AnonPages:        423252 kB
Mapped:           394708 kB
Shmem:              1548 kB
Slab:              44480 kB
SReclaimable:      14104 kB
SUnreclaim:        30376 kB
KernelStack:       11264 kB
PageTables:        28764 kB
NFS_Unstable:          0 kB
Bounce:                0 kB
WritebackTmp:          0 kB
CommitLimit:      710780 kB
Committed_AS:   36931448 kB
VmallocTotal:     460800 kB
VmallocUsed:       22712 kB
VmallocChunk:     155676 kB
Time pass: 359 sec

---2015-12-10 12:23:27
MemTotal:        1421560 kB
MemFree:           24400 kB
Buffers:           10684 kB
Cached:           679252 kB
SwapCached:            0 kB
Active:           748824 kB
Inactive:         362188 kB
Active(anon):     423752 kB
Inactive(anon):     1464 kB
Active(file):     325072 kB
Inactive(file):   360724 kB
Unevictable:        2584 kB
Mlocked:               0 kB
HighTotal:        885760 kB
HighFree:           5288 kB
LowTotal:         535800 kB
LowFree:           19112 kB
SwapTotal:             0 kB
SwapFree:              0 kB
Dirty:                 0 kB
Writeback:             0 kB
AnonPages:        423640 kB
Mapped:           394824 kB
Shmem:              1556 kB
Slab:              44520 kB
SReclaimable:      14136 kB
SUnreclaim:        30384 kB
KernelStack:       11248 kB
PageTables:        28740 kB
NFS_Unstable:          0 kB
Bounce:                0 kB
WritebackTmp:          0 kB
CommitLimit:      710780 kB
Committed_AS:   36931908 kB
VmallocTotal:     460800 kB
VmallocUsed:       22712 kB
VmallocChunk:     155676 kB
Time pass: 364 sec

---2015-12-10 12:23:27
MemTotal:        1421560 kB
MemFree:           24656 kB
Buffers:           10700 kB
Cached:           679260 kB
SwapCached:            0 kB
Active:           749404 kB
Inactive:         362212 kB
Active(anon):     424332 kB
Inactive(anon):     1464 kB
Active(file):     325072 kB
Inactive(file):   360748 kB
Unevictable:        2584 kB
Mlocked:               0 kB
HighTotal:        885760 kB
HighFree:           5352 kB
LowTotal:         535800 kB
LowFree:           19304 kB
SwapTotal:             0 kB
SwapFree:              0 kB
Dirty:                36 kB
Writeback:             0 kB
AnonPages:        424508 kB
Mapped:           394824 kB
Shmem:              1556 kB
Slab:              44520 kB
SReclaimable:      14136 kB
SUnreclaim:        30384 kB
KernelStack:       11248 kB
PageTables:        28740 kB
NFS_Unstable:          0 kB
Bounce:                0 kB
WritebackTmp:          0 kB
CommitLimit:      710780 kB
Committed_AS:   36932796 kB
VmallocTotal:     460800 kB
VmallocUsed:       22712 kB
VmallocChunk:     155676 kB
Time pass: 369 sec

---2015-12-10 12:23:27
MemTotal:        1421560 kB
MemFree:           24324 kB
Buffers:           10708 kB
Cached:           679260 kB
SwapCached:            0 kB
Active:           749568 kB
Inactive:         362212 kB
Active(anon):     424496 kB
Inactive(anon):     1464 kB
Active(file):     325072 kB
Inactive(file):   360748 kB
Unevictable:        2584 kB
Mlocked:               0 kB
HighTotal:        885760 kB
HighFree:           4380 kB
LowTotal:         535800 kB
LowFree:           19944 kB
SwapTotal:             0 kB
SwapFree:              0 kB
Dirty:                28 kB
Writeback:             0 kB
AnonPages:        424496 kB
Mapped:           394824 kB
