---2015-11-24 11:46:30
MemTotal:        2895588 kB
MemFree:          191196 kB
Buffers:           13436 kB
Cached:          1413936 kB
SwapCached:            0 kB
Active:           806876 kB
Inactive:        1252524 kB
Active(anon):     300508 kB
Inactive(anon):   337364 kB
Active(file):     506368 kB
Inactive(file):   915160 kB
Unevictable:        2752 kB
Mlocked:               0 kB
HighTotal:       2306432 kB
HighFree:         120176 kB
LowTotal:         589156 kB
LowFree:           71020 kB
SwapTotal:       1048572 kB
SwapFree:        1048572 kB
Dirty:                 0 kB
Writeback:             0 kB
AnonPages:        634760 kB
Mapped:           362408 kB
Shmem:              3092 kB
Slab:              58804 kB
SReclaimable:      23600 kB
SUnreclaim:        35204 kB
KernelStack:       12752 kB
PageTables:        38464 kB
NFS_Unstable:          0 kB
Bounce:                0 kB
WritebackTmp:          0 kB
CommitLimit:     2496364 kB
Committed_AS:   84976804 kB
VmallocTotal:     385024 kB
VmallocUsed:      154380 kB
VmallocChunk:      62532 kB
Time pass: 3 sec

---2015-11-24 11:46:30
MemTotal:        2895588 kB
MemFree:          190224 kB
Buffers:           13436 kB
Cached:          1413964 kB
SwapCached:            0 kB
Active:           806844 kB
Inactive:        1252552 kB
Active(anon):     300476 kB
Inactive(anon):   337364 kB
Active(file):     506368 kB
Inactive(file):   915188 kB
Unevictable:        2752 kB
Mlocked:               0 kB
HighTotal:       2306432 kB
HighFree:         119060 kB
LowTotal:         589156 kB
LowFree:           71164 kB
SwapTotal:       1048572 kB
SwapFree:        1048572 kB
Dirty:                 0 kB
Writeback:             0 kB
AnonPages:        635172 kB
Mapped:           362412 kB
Shmem:              3092 kB
Slab:              58804 kB
SReclaimable:      23600 kB
SUnreclaim:        35204 kB
KernelStack:       12752 kB
PageTables:        38500 kB
NFS_Unstable:          0 kB
Bounce:                0 kB
WritebackTmp:          0 kB
CommitLimit:     2496364 kB
Committed_AS:   84976884 kB
VmallocTotal:     385024 kB
VmallocUsed:      154380 kB
VmallocChunk:      62532 kB
Time pass: 6 sec

---2015-11-24 11:46:30
MemTotal:        2895588 kB
MemFree:          190004 kB
Buffers:           13436 kB
Cached:          1413964 kB
SwapCached:            0 kB
Active:           806964 kB
Inactive:        1252552 kB
Active(anon):     300596 kB
Inactive(anon):   337364 kB
Active(file):     506368 kB
Inactive(file):   915188 kB
Unevictable:        2752 kB
Mlocked:               0 kB
HighTotal:       2306432 kB
HighFree:         118760 kB
LowTotal:         589156 kB
LowFree:           71244 kB
SwapTotal:       1048572 kB
SwapFree:        1048572 kB
Dirty:                 0 kB
Writeback:             0 kB
AnonPages:        635296 kB
Mapped:           362464 kB
Shmem:              3092 kB
Slab:              58852 kB
SReclaimable:      23600 kB
SUnreclaim:        35252 kB
KernelStack:       12752 kB
PageTables:        38520 kB
NFS_Unstable:          0 kB
Bounce:                0 kB
WritebackTmp:          0 kB
CommitLimit:     2496364 kB
Committed_AS:   84977032 kB
VmallocTotal:     385024 kB
VmallocUsed:      154380 kB
VmallocChunk:      62532 kB
Time pass: 10 sec

---2015-11-24 11:46:30
MemTotal:        2895588 kB
MemFree:          189640 kB
Buffers:           13436 kB
Cached:          1413964 kB
SwapCached:            0 kB
Active:           807188 kB
Inactive:        1252552 kB
Active(anon):     300820 kB
Inactive(anon):   337364 kB
Active(file):     506368 kB
Inactive(file):   915188 kB
Unevictable:        2752 kB
Mlocked:               0 kB
HighTotal:       2306432 kB
HighFree:         118316 kB
LowTotal:         589156 kB
LowFree:           71324 kB
SwapTotal:       1048572 kB
SwapFree:        1048572 kB
Dirty:                 0 kB
Writeback:             0 kB
AnonPages:        635532 kB
Mapped:           362464 kB
Shmem:              3092 kB
Slab:              58824 kB
SReclaimable:      23600 kB
SUnreclaim:        35224 kB
KernelStack:       12752 kB
PageTables:        38520 kB
NFS_Unstable:          0 kB
Bounce:                0 kB
WritebackTmp:          0 kB
CommitLimit:     2496364 kB
Committed_AS:   84977332 kB
VmallocTotal:     385024 kB
VmallocUsed:      154380 kB
VmallocChunk:      62532 kB
Time pass: 14 sec

---2015-11-24 11:46:30
MemTotal:        2895588 kB
MemFree:          189276 kB
Buffers:           13436 kB
Cached:          1413964 kB
SwapCached:            0 kB
Active:           807256 kB
Inactive:        1252552 kB
Active(anon):     300888 kB
Inactive(anon):   337364 kB
Active(file):     506368 kB
Inactive(file):   915188 kB
Unevictable:        2752 kB
Mlocked:               0 kB
HighTotal:       2306432 kB
HighFree:         117944 kB
LowTotal:         589156 kB
LowFree:           71332 kB
SwapTotal:       1048572 kB
SwapFree:        1048572 kB
Dirty:                 0 kB
Writeback:             0 kB
AnonPages:        635864 kB
Mapped:           362464 kB
Shmem:              3092 kB
Slab:              58820 kB
SReclaimable:      23600 kB
SUnreclaim:        35220 kB
KernelStack:       12752 kB
PageTables:        38520 kB
NFS_Unstable:          0 kB
Bounce:                0 kB
WritebackTmp:          0 kB
CommitLimit:     2496364 kB
Committed_AS:   84977384 kB
VmallocTotal:     385024 kB
VmallocUsed:      154380 kB
VmallocChunk:      62532 kB
Time pass: 17 sec

---2015-11-24 11:46:30
MemTotal:        2895588 kB
MemFree:           77428 kB
Buffers:           13468 kB
Cached:          1377632 kB
SwapCached:            0 kB
Active:           838284 kB
Inactive:        1215684 kB
Active(anon):     321380 kB
Inactive(anon):   347464 kB
Active(file):     516904 kB
Inactive(file):   868220 kB
Unevictable:        2752 kB
Mlocked:               0 kB
HighTotal:       2306432 kB
HighFree:          44012 kB
LowTotal:         589156 kB
LowFree:           33416 kB
SwapTotal:       1048572 kB
SwapFree:        1048572 kB
Dirty:              1004 kB
Writeback:             0 kB
AnonPages:        665748 kB
Mapped:           385704 kB
Shmem:              3224 kB
Slab:              58448 kB
SReclaimable:      23228 kB
SUnreclaim:        35220 kB
KernelStack:       13400 kB
PageTables:        39580 kB
NFS_Unstable:          0 kB
Bounce:                0 kB
WritebackTmp:          0 kB
CommitLimit:     2496364 kB
Committed_AS:   86303740 kB
VmallocTotal:     385024 kB
VmallocUsed:      156024 kB
VmallocChunk:      62532 kB
Time pass: 21 sec

---2015-11-24 11:46:30
MemTotal:        2895588 kB
MemFree:           79276 kB
Buffers:           13468 kB
Cached:          1325824 kB
SwapCached:            0 kB
Active:           838196 kB
Inactive:        1157252 kB
Active(anon):     313924 kB
Inactive(anon):   348208 kB
Active(file):     524272 kB
Inactive(file):   809044 kB
Unevictable:        2752 kB
Mlocked:               0 kB
HighTotal:       2306432 kB
HighFree:          46696 kB
LowTotal:         589156 kB
LowFree:           32580 kB
SwapTotal:       1048572 kB
SwapFree:        1048572 kB
Dirty:               808 kB
Writeback:             0 kB
AnonPages:        659168 kB
Mapped:           386248 kB
Shmem:              3224 kB
Slab:              58200 kB
SReclaimable:      23048 kB
SUnreclaim:        35152 kB
KernelStack:       13424 kB
PageTables:        39488 kB
NFS_Unstable:          0 kB
Bounce:                0 kB
WritebackTmp:          0 kB
CommitLimit:     2496364 kB
Committed_AS:   86298464 kB
VmallocTotal:     385024 kB
VmallocUsed:      156336 kB
VmallocChunk:      62532 kB
Time pass: 25 sec

---2015-11-24 11:46:30
MemTotal:        2895588 kB
MemFree:           81628 kB
Buffers:           13484 kB
Cached:          1325816 kB
SwapCached:            0 kB
Active:           837000 kB
Inactive:        1157252 kB
Active(anon):     312728 kB
Inactive(anon):   348200 kB
Active(file):     524272 kB
Inactive(file):   809052 kB
Unevictable:        2752 kB
Mlocked:               0 kB
HighTotal:       2306432 kB
HighFree:          48948 kB
LowTotal:         589156 kB
LowFree:           32680 kB
SwapTotal:       1048572 kB
SwapFree:        1048572 kB
Dirty:               368 kB
Writeback:             0 kB
AnonPages:        657884 kB
Mapped:           386300 kB
Shmem:              3224 kB
Slab:              58212 kB
SReclaimable:      23048 kB
SUnreclaim:        35164 kB
KernelStack:       13424 kB
PageTables:        39508 kB
NFS_Unstable:          0 kB
Bounce:                0 kB
WritebackTmp:          0 kB
CommitLimit:     2496364 kB
Committed_AS:   86298488 kB
VmallocTotal:     385024 kB
VmallocUsed:      156336 kB
VmallocChunk:      62532 kB
Time pass: 28 sec

---2015-11-24 11:46:30
MemTotal:        2895588 kB
MemFree:           74272 kB
Buffers:           13492 kB
Cached:          1281276 kB
SwapCached:            0 kB
Active:           855088 kB
Inactive:        1109700 kB
Active(anon):     328376 kB
Inactive(anon):   348056 kB
Active(file):     526712 kB
Inactive(file):   761644 kB
Unevictable:        2752 kB
Mlocked:               0 kB
HighTotal:       2306432 kB
HighFree:          41496 kB
LowTotal:         589156 kB
LowFree:           32776 kB
SwapTotal:       1048572 kB
SwapFree:        1048572 kB
Dirty:               188 kB
Writeback:             0 kB
AnonPages:        673816 kB
Mapped:           384220 kB
Shmem:              3228 kB
Slab:              58192 kB
SReclaimable:      23048 kB
SUnreclaim:        35144 kB
KernelStack:       13424 kB
PageTables:        39636 kB
NFS_Unstable:          0 kB
Bounce:                0 kB
WritebackTmp:          0 kB
CommitLimit:     2496364 kB
Committed_AS:   86319304 kB
VmallocTotal:     385024 kB
VmallocUsed:      156936 kB
VmallocChunk:      62532 kB
Time pass: 32 sec

---2015-11-24 11:46:30
MemTotal:        2895588 kB
MemFree:           81360 kB
Buffers:           13504 kB
Cached:          1264612 kB
SwapCached:            0 kB
Active:           863628 kB
Inactive:        1090788 kB
Active(anon):     331164 kB
Inactive(anon):   351112 kB
Active(file):     532464 kB
Inactive(file):   739676 kB
Unevictable:        2752 kB
Mlocked:               0 kB
HighTotal:       2306432 kB
HighFree:          45160 kB
LowTotal:         589156 kB
LowFree:           36200 kB
SwapTotal:       1048572 kB
SwapFree:        1048572 kB
Dirty:               176 kB
Writeback:             0 kB
AnonPages:        678808 kB
Mapped:           384536 kB
Shmem:              3224 kB
Slab:              58192 kB
SReclaimable:      23048 kB
SUnreclaim:        35144 kB
KernelStack:       13552 kB
PageTables:        39640 kB
NFS_Unstable:          0 kB
Bounce:                0 kB
WritebackTmp:          0 kB
CommitLimit:     2496364 kB
Committed_AS:   86328320 kB
VmallocTotal:     385024 kB
VmallocUsed:      156948 kB
VmallocChunk:      62532 kB
Time pass: 35 sec

---2015-11-24 11:46:30
MemTotal:        2895588 kB
MemFree:           79796 kB
Buffers:           13512 kB
Cached:          1264812 kB
SwapCached:            0 kB
Active:           864744 kB
Inactive:        1090736 kB
Active(anon):     332276 kB
Inactive(anon):   350864 kB
Active(file):     532468 kB
Inactive(file):   739872 kB
Unevictable:        2752 kB
Mlocked:               0 kB
HighTotal:       2306432 kB
HighFree:          43424 kB
LowTotal:         589156 kB
LowFree:           36372 kB
SwapTotal:       1048572 kB
SwapFree:        1048572 kB
Dirty:                48 kB
Writeback:             0 kB
AnonPages:        680384 kB
Mapped:           384784 kB
Shmem:              3224 kB
Slab:              58196 kB
SReclaimable:      23048 kB
SUnreclaim:        35148 kB
KernelStack:       13560 kB
PageTables:        39600 kB
NFS_Unstable:          0 kB
Bounce:                0 kB
WritebackTmp:          0 kB
CommitLimit:     2496364 kB
Committed_AS:   86328596 kB
VmallocTotal:     385024 kB
VmallocUsed:      156824 kB
VmallocChunk:      62532 kB
Time pass: 39 sec

---2015-11-24 11:46:30
MemTotal:        2895588 kB
MemFree:           82692 kB
Buffers:           13408 kB
Cached:          1219192 kB
SwapCached:            0 kB
Active:           871476 kB
Inactive:        1043716 kB
Active(anon):     329172 kB
Inactive(anon):   359180 kB
Active(file):     542304 kB
Inactive(file):   684536 kB
Unevictable:        2752 kB
Mlocked:               0 kB
HighTotal:       2306432 kB
HighFree:          49008 kB
LowTotal:         589156 kB
LowFree:           33684 kB
SwapTotal:       1048572 kB
SwapFree:        1048572 kB
Dirty:              1324 kB
Writeback:             0 kB
AnonPages:        685432 kB
Mapped:           388336 kB
Shmem:              3224 kB
Slab:              58256 kB
SReclaimable:      23064 kB
SUnreclaim:        35192 kB
KernelStack:       13600 kB
PageTables:        39688 kB
NFS_Unstable:          0 kB
Bounce:                0 kB
WritebackTmp:          0 kB
CommitLimit:     2496364 kB
Committed_AS:   86322120 kB
VmallocTotal:     385024 kB
VmallocUsed:      156996 kB
VmallocChunk:      62532 kB
Time pass: 43 sec

---2015-11-24 11:46:30
MemTotal:        2895588 kB
MemFree:           81336 kB
Buffers:           13408 kB
Cached:          1220104 kB
SwapCached:            0 kB
Active:           871140 kB
Inactive:        1043420 kB
Active(anon):     328684 kB
Inactive(anon):   358344 kB
Active(file):     542456 kB
Inactive(file):   685076 kB
Unevictable:        2752 kB
Mlocked:               0 kB
HighTotal:       2306432 kB
HighFree:          47144 kB
LowTotal:         589156 kB
LowFree:           34192 kB
SwapTotal:       1048572 kB
SwapFree:        1048572 kB
Dirty:              1716 kB
Writeback:             0 kB
AnonPages:        684044 kB
Mapped:           388388 kB
Shmem:              3224 kB
Slab:              58264 kB
SReclaimable:      23064 kB
SUnreclaim:        35200 kB
KernelStack:       13624 kB
PageTables:        39628 kB
NFS_Unstable:          0 kB
Bounce:                0 kB
WritebackTmp:          0 kB
CommitLimit:     2496364 kB
Committed_AS:   86322504 kB
VmallocTotal:     385024 kB
VmallocUsed:      156984 kB
VmallocChunk:      62532 kB
Time pass: 46 sec

---2015-11-24 11:46:30
MemTotal:        2895588 kB
MemFree:           81552 kB
Buffers:           13416 kB
Cached:          1220140 kB
SwapCached:            0 kB
Active:           871536 kB
Inactive:        1043228 kB
Active(anon):     329080 kB
Inactive(anon):   358140 kB
Active(file):     542456 kB
Inactive(file):   685088 kB
Unevictable:        2752 kB
Mlocked:               0 kB
HighTotal:       2306432 kB
HighFree:          46772 kB
LowTotal:         589156 kB
LowFree:           34780 kB
SwapTotal:       1048572 kB
SwapFree:        1048572 kB
Dirty:                80 kB
Writeback:             0 kB
AnonPages:        684476 kB
Mapped:           388384 kB
Shmem:              3224 kB
Slab:              58264 kB
SReclaimable:      23064 kB
SUnreclaim:        35200 kB
KernelStack:       13624 kB
PageTables:        39612 kB
NFS_Unstable:          0 kB
Bounce:                0 kB
WritebackTmp:          0 kB
CommitLimit:     2496364 kB
Committed_AS:   86314140 kB
VmallocTotal:     385024 kB
VmallocUsed:      156984 kB
VmallocChunk:      62532 kB
Time pass: 50 sec

---2015-11-24 11:46:30
MemTotal:        2895588 kB
MemFree:           80828 kB
Buffers:           13424 kB
Cached:          1220140 kB
SwapCached:            0 kB
Active:           871992 kB
Inactive:        1043236 kB
Active(anon):     329536 kB
Inactive(anon):   358140 kB
Active(file):     542456 kB
Inactive(file):   685096 kB
Unevictable:        2752 kB
Mlocked:               0 kB
HighTotal:       2306432 kB
HighFree:          46276 kB
LowTotal:         589156 kB
LowFree:           34552 kB
SwapTotal:       1048572 kB
SwapFree:        1048572 kB
Dirty:                 0 kB
Writeback:             0 kB
AnonPages:        684712 kB
Mapped:           388796 kB
Shmem:              3224 kB
Slab:              58264 kB
SReclaimable:      23064 kB
SUnreclaim:        35200 kB
KernelStack:       13624 kB
PageTables:        39632 kB
NFS_Unstable:          0 kB
Bounce:                0 kB
WritebackTmp:          0 kB
CommitLimit:     2496364 kB
Committed_AS:   86314352 kB
VmallocTotal:     385024 kB
VmallocUsed:      156984 kB
VmallocChunk:      62532 kB
Time pass: 54 sec

---2015-11-24 11:46:30
MemTotal:        2895588 kB
MemFree:           80552 kB
Buffers:           13424 kB
Cached:          1220140 kB
SwapCached:            0 kB
Active:           872152 kB
Inactive:        1043236 kB
Active(anon):     329696 kB
Inactive(anon):   358140 kB
Active(file):     542456 kB
Inactive(file):   685096 kB
Unevictable:        2752 kB
Mlocked:               0 kB
HighTotal:       2306432 kB
HighFree:          45852 kB
LowTotal:         589156 kB
LowFree:           34700 kB
SwapTotal:       1048572 kB
SwapFree:        1048572 kB
Dirty:                 0 kB
Writeback:             0 kB
AnonPages:        684840 kB
Mapped:           388848 kB
Shmem:              3224 kB
Slab:              58264 kB
SReclaimable:      23064 kB
SUnreclaim:        35200 kB
KernelStack:       13624 kB
PageTables:        39652 kB
NFS_Unstable:          0 kB
Bounce:                0 kB
WritebackTmp:          0 kB
CommitLimit:     2496364 kB
Committed_AS:   86314436 kB
VmallocTotal:     385024 kB
VmallocUsed:      156984 kB
VmallocChunk:      62532 kB
Time pass: 57 sec

---2015-11-24 11:46:30
MemTotal:        2895588 kB
MemFree:           80344 kB
Buffers:           13432 kB
Cached:          1220140 kB
SwapCached:            0 kB
Active:           872160 kB
Inactive:        1043280 kB
Active(anon):     329704 kB
Inactive(anon):   358140 kB
Active(file):     542456 kB
Inactive(file):   685140 kB
Unevictable:        2752 kB
Mlocked:               0 kB
HighTotal:       2306432 kB
HighFree:          45676 kB
LowTotal:         589156 kB
LowFree:           34668 kB
SwapTotal:       1048572 kB
SwapFree:        1048572 kB
Dirty:                 8 kB
Writeback:             0 kB
AnonPages:        684740 kB
Mapped:           388796 kB
Shmem:              3224 kB
Slab:              58300 kB
SReclaimable:      23064 kB
SUnreclaim:        35236 kB
KernelStack:       13624 kB
PageTables:        39632 kB
NFS_Unstable:          0 kB
Bounce:                0 kB
WritebackTmp:          0 kB
CommitLimit:     2496364 kB
Committed_AS:   86314580 kB
VmallocTotal:     385024 kB
VmallocUsed:      156984 kB
VmallocChunk:      62532 kB
Time pass: 61 sec

---2015-11-24 11:46:30
MemTotal:        2895588 kB
MemFree:           79964 kB
Buffers:           13440 kB
Cached:          1220140 kB
SwapCached:            0 kB
Active:           872376 kB
Inactive:        1043280 kB
Active(anon):     329920 kB
Inactive(anon):   358140 kB
Active(file):     542456 kB
Inactive(file):   685140 kB
Unevictable:        2752 kB
Mlocked:               0 kB
HighTotal:       2306432 kB
HighFree:          45252 kB
LowTotal:         589156 kB
LowFree:           34712 kB
SwapTotal:       1048572 kB
SwapFree:        1048572 kB
Dirty:                 8 kB
Writeback:             0 kB
AnonPages:        685160 kB
Mapped:           388848 kB
Shmem:              3224 kB
Slab:              58268 kB
SReclaimable:      23064 kB
SUnreclaim:        35204 kB
KernelStack:       13624 kB
PageTables:        39652 kB
NFS_Unstable:          0 kB
Bounce:                0 kB
WritebackTmp:          0 kB
CommitLimit:     2496364 kB
Committed_AS:   86314868 kB
VmallocTotal:     385024 kB
VmallocUsed:      156984 kB
VmallocChunk:      62532 kB
Time pass: 64 sec

---2015-11-24 11:46:30
MemTotal:        2895588 kB
MemFree:           79152 kB
Buffers:           13448 kB
Cached:          1220132 kB
SwapCached:            0 kB
Active:           872516 kB
Inactive:        1043288 kB
Active(anon):     330060 kB
Inactive(anon):   358140 kB
Active(file):     542456 kB
Inactive(file):   685148 kB
Unevictable:        2752 kB
Mlocked:               0 kB
HighTotal:       2306432 kB
HighFree:          44456 kB
LowTotal:         589156 kB
LowFree:           34696 kB
SwapTotal:       1048572 kB
SwapFree:        1048572 kB
Dirty:                 0 kB
Writeback:             0 kB
AnonPages:        685428 kB
Mapped:           388900 kB
Shmem:              3224 kB
Slab:              58268 kB
SReclaimable:      23064 kB
SUnreclaim:        35204 kB
KernelStack:       13624 kB
PageTables:        39672 kB
NFS_Unstable:          0 kB
Bounce:                0 kB
WritebackTmp:          0 kB
CommitLimit:     2496364 kB
Committed_AS:   86314940 kB
VmallocTotal:     385024 kB
VmallocUsed:      156984 kB
VmallocChunk:      62532 kB
Time pass: 68 sec

---2015-11-24 11:46:30
MemTotal:        2895588 kB
MemFree:           79316 kB
Buffers:           13448 kB
Cached:          1220140 kB
SwapCached:            0 kB
Active:           872588 kB
Inactive:        1043296 kB
Active(anon):     330132 kB
Inactive(anon):   358140 kB
Active(file):     542456 kB
Inactive(file):   685156 kB
Unevictable:        2752 kB
Mlocked:               0 kB
HighTotal:       2306432 kB
HighFree:          44808 kB
LowTotal:         589156 kB
LowFree:           34508 kB
SwapTotal:       1048572 kB
SwapFree:        1048572 kB
Dirty:                 8 kB
Writeback:             0 kB
AnonPages:        685376 kB
Mapped:           388744 kB
Shmem:              3224 kB
Slab:              58264 kB
SReclaimable:      23064 kB
SUnreclaim:        35200 kB
KernelStack:       13624 kB
PageTables:        39612 kB
NFS_Unstable:          0 kB
Bounce:                0 kB
WritebackTmp:          0 kB
CommitLimit:     2496364 kB
Committed_AS:   86315220 kB
VmallocTotal:     385024 kB
VmallocUsed:      156984 kB
VmallocChunk:      62532 kB
Time pass: 71 sec

---2015-11-24 11:46:30
MemTotal:        2895588 kB
MemFree:           77340 kB
Buffers:           13456 kB
Cached:          1220440 kB
SwapCached:            0 kB
Active:           873932 kB
Inactive:        1043540 kB
Active(anon):     331464 kB
Inactive(anon):   358116 kB
Active(file):     542468 kB
Inactive(file):   685424 kB
Unevictable:        2752 kB
Mlocked:               0 kB
HighTotal:       2306432 kB
HighFree:          42876 kB
LowTotal:         589156 kB
LowFree:           34464 kB
SwapTotal:       1048572 kB
SwapFree:        1048572 kB
Dirty:               300 kB
Writeback:             0 kB
AnonPages:        686600 kB
Mapped:           388744 kB
Shmem:              3224 kB
Slab:              58272 kB
SReclaimable:      23064 kB
SUnreclaim:        35208 kB
KernelStack:       13624 kB
PageTables:        39612 kB
NFS_Unstable:          0 kB
Bounce:                0 kB
WritebackTmp:          0 kB
CommitLimit:     2496364 kB
Committed_AS:   86315396 kB
VmallocTotal:     385024 kB
VmallocUsed:      156984 kB
VmallocChunk:      62532 kB
Time pass: 75 sec

---2015-11-24 11:46:30
MemTotal:        2895588 kB
MemFree:           77692 kB
Buffers:           13464 kB
Cached:          1220440 kB
SwapCached:            0 kB
Active:           874084 kB
Inactive:        1043568 kB
Active(anon):     331616 kB
Inactive(anon):   358116 kB
Active(file):     542468 kB
Inactive(file):   685452 kB
Unevictable:        2752 kB
Mlocked:               0 kB
HighTotal:       2306432 kB
HighFree:          43072 kB
LowTotal:         589156 kB
LowFree:           34620 kB
SwapTotal:       1048572 kB
SwapFree:        1048572 kB
Dirty:               340 kB
Writeback:             0 kB
AnonPages:        686580 kB
Mapped:           388788 kB
Shmem:              3224 kB
Slab:              58272 kB
SReclaimable:      23064 kB
SUnreclaim:        35208 kB
KernelStack:       13624 kB
PageTables:        39612 kB
NFS_Unstable:          0 kB
Bounce:                0 kB
WritebackTmp:          0 kB
CommitLimit:     2496364 kB
Committed_AS:   86315476 kB
VmallocTotal:     385024 kB
VmallocUsed:      156984 kB
VmallocChunk:      62532 kB
Time pass: 79 sec

---2015-11-24 11:46:30
MemTotal:        2895588 kB
MemFree:           77092 kB
Buffers:           13464 kB
Cached:          1220440 kB
SwapCached:            0 kB
Active:           874552 kB
Inactive:        1043576 kB
Active(anon):     332084 kB
Inactive(anon):   358116 kB
Active(file):     542468 kB
Inactive(file):   685460 kB
Unevictable:        2752 kB
Mlocked:               0 kB
HighTotal:       2306432 kB
HighFree:          42700 kB
LowTotal:         589156 kB
LowFree:           34392 kB
SwapTotal:       1048572 kB
SwapFree:        1048572 kB
Dirty:                36 kB
Writeback:             0 kB
AnonPages:        687104 kB
Mapped:           388788 kB
Shmem:              3224 kB
Slab:              58272 kB
SReclaimable:      23064 kB
SUnreclaim:        35208 kB
KernelStack:       13608 kB
PageTables:        39612 kB
NFS_Unstable:          0 kB
Bounce:                0 kB
WritebackTmp:          0 kB
CommitLimit:     2496364 kB
Committed_AS:   86315660 kB
VmallocTotal:     385024 kB
VmallocUsed:      156984 kB
VmallocChunk:      62532 kB
Time pass: 82 sec

---2015-11-24 11:46:30
MemTotal:        2895588 kB
MemFree:           78012 kB
Buffers:           13428 kB
Cached:          1163688 kB
SwapCached:            0 kB
Active:           883456 kB
Inactive:         984440 kB
Active(anon):     337628 kB
Inactive(anon):   359128 kB
Active(file):     545828 kB
Inactive(file):   625312 kB
Unevictable:        2752 kB
Mlocked:               0 kB
HighTotal:       2306432 kB
HighFree:          41924 kB
LowTotal:         589156 kB
LowFree:           36088 kB
SwapTotal:       1048572 kB
SwapFree:        1048572 kB
Dirty:               512 kB
Writeback:             0 kB
AnonPages:        693700 kB
Mapped:           388852 kB
Shmem:              3224 kB
Slab:              58384 kB
SReclaimable:      23104 kB
SUnreclaim:        35280 kB
KernelStack:       13656 kB
PageTables:        39628 kB
NFS_Unstable:          0 kB
Bounce:                0 kB
WritebackTmp:          0 kB
CommitLimit:     2496364 kB
Committed_AS:   86323632 kB
VmallocTotal:     385024 kB
VmallocUsed:      157516 kB
VmallocChunk:      62532 kB
Time pass: 86 sec

---2015-11-24 11:46:30
MemTotal:        2895588 kB
MemFree:           77992 kB
Buffers:           13436 kB
Cached:          1164000 kB
SwapCached:            0 kB
Active:           882672 kB
Inactive:         984716 kB
Active(anon):     336848 kB
Inactive(anon):   359080 kB
Active(file):     545824 kB
Inactive(file):   625636 kB
Unevictable:        2752 kB
Mlocked:               0 kB
HighTotal:       2306432 kB
HighFree:          42440 kB
LowTotal:         589156 kB
LowFree:           35552 kB
SwapTotal:       1048572 kB
SwapFree:        1048572 kB
Dirty:                 8 kB
Writeback:             0 kB
AnonPages:        692884 kB
Mapped:           388884 kB
Shmem:              3224 kB
Slab:              58380 kB
SReclaimable:      23104 kB
SUnreclaim:        35276 kB
KernelStack:       13648 kB
PageTables:        39600 kB
NFS_Unstable:          0 kB
Bounce:                0 kB
WritebackTmp:          0 kB
CommitLimit:     2496364 kB
Committed_AS:   86321120 kB
VmallocTotal:     385024 kB
VmallocUsed:      157504 kB
VmallocChunk:      62532 kB
Time pass: 89 sec

---2015-11-24 11:46:30
MemTotal:        2895588 kB
MemFree:           78464 kB
Buffers:           13436 kB
Cached:          1164040 kB
SwapCached:            0 kB
Active:           880652 kB
Inactive:         984580 kB
Active(anon):     334828 kB
Inactive(anon):   358944 kB
Active(file):     545824 kB
Inactive(file):   625636 kB
Unevictable:        2752 kB
Mlocked:               0 kB
HighTotal:       2306432 kB
HighFree:          42812 kB
LowTotal:         589156 kB
LowFree:           35652 kB
SwapTotal:       1048572 kB
SwapFree:        1048572 kB
Dirty:                80 kB
Writeback:             0 kB
AnonPages:        690824 kB
Mapped:           389064 kB
Shmem:              3224 kB
Slab:              58420 kB
SReclaimable:      23104 kB
SUnreclaim:        35316 kB
KernelStack:       13608 kB
PageTables:        39612 kB
NFS_Unstable:          0 kB
Bounce:                0 kB
WritebackTmp:          0 kB
CommitLimit:     2496364 kB
Committed_AS:   86321304 kB
VmallocTotal:     385024 kB
VmallocUsed:      157504 kB
VmallocChunk:      62532 kB
Time pass: 93 sec

---2015-11-24 11:46:30
MemTotal:        2895588 kB
MemFree:           77824 kB
Buffers:           13448 kB
Cached:          1156452 kB
SwapCached:            0 kB
Active:           890380 kB
Inactive:         977732 kB
Active(anon):     344048 kB
Inactive(anon):   360224 kB
Active(file):     546332 kB
Inactive(file):   617508 kB
Unevictable:        2752 kB
Mlocked:               0 kB
HighTotal:       2306432 kB
HighFree:          41260 kB
LowTotal:         589156 kB
LowFree:           36564 kB
SwapTotal:       1048572 kB
SwapFree:        1048572 kB
Dirty:               296 kB
Writeback:             0 kB
AnonPages:        701900 kB
Mapped:           392308 kB
Shmem:              3224 kB
Slab:              58412 kB
SReclaimable:      23104 kB
SUnreclaim:        35308 kB
KernelStack:       13632 kB
PageTables:        39592 kB
NFS_Unstable:          0 kB
Bounce:                0 kB
WritebackTmp:          0 kB
CommitLimit:     2496364 kB
Committed_AS:   86325540 kB
VmallocTotal:     385024 kB
VmallocUsed:      157504 kB
VmallocChunk:      62532 kB
Time pass: 96 sec

---2015-11-24 11:46:30
MemTotal:        2895588 kB
MemFree:           76540 kB
Buffers:           13452 kB
Cached:          1147188 kB
SwapCached:            0 kB
Active:           898904 kB
Inactive:         972304 kB
Active(anon):     352216 kB
Inactive(anon):   364492 kB
Active(file):     546688 kB
Inactive(file):   607812 kB
Unevictable:        2752 kB
Mlocked:               0 kB
HighTotal:       2306432 kB
HighFree:          39476 kB
LowTotal:         589156 kB
LowFree:           37064 kB
SwapTotal:       1048572 kB
SwapFree:        1048572 kB
Dirty:                 0 kB
Writeback:             0 kB
AnonPages:        713748 kB
Mapped:           393736 kB
Shmem:              3388 kB
Slab:              58572 kB
SReclaimable:      23080 kB
SUnreclaim:        35492 kB
KernelStack:       13840 kB
PageTables:        39776 kB
NFS_Unstable:          0 kB
Bounce:                0 kB
WritebackTmp:          0 kB
CommitLimit:     2496364 kB
Committed_AS:   86349752 kB
VmallocTotal:     385024 kB
VmallocUsed:      159716 kB
VmallocChunk:      62532 kB
Time pass: 100 sec

---2015-11-24 11:46:30
MemTotal:        2895588 kB
MemFree:           77080 kB
Buffers:           13424 kB
Cached:          1128644 kB
SwapCached:          456 kB
Active:           895316 kB
Inactive:         958044 kB
Active(anon):     351848 kB
Inactive(anon):   366428 kB
Active(file):     543468 kB
Inactive(file):   591616 kB
Unevictable:        3732 kB
Mlocked:               0 kB
HighTotal:       2306432 kB
HighFree:          41604 kB
LowTotal:         589156 kB
LowFree:           35476 kB
SwapTotal:       1048572 kB
SwapFree:        1047888 kB
Dirty:                72 kB
Writeback:             0 kB
AnonPages:        715332 kB
Mapped:           393780 kB
Shmem:              2844 kB
Slab:              58540 kB
SReclaimable:      23036 kB
SUnreclaim:        35504 kB
KernelStack:       13840 kB
PageTables:        39904 kB
NFS_Unstable:          0 kB
Bounce:                0 kB
WritebackTmp:          0 kB
CommitLimit:     2496364 kB
Committed_AS:   86350052 kB
VmallocTotal:     385024 kB
VmallocUsed:      159716 kB
VmallocChunk:      62532 kB
Time pass: 103 sec

---2015-11-24 11:46:30
MemTotal:        2895588 kB
MemFree:           77788 kB
Buffers:           13440 kB
Cached:          1125284 kB
SwapCached:          456 kB
Active:           895464 kB
Inactive:         957204 kB
Active(anon):     353452 kB
Inactive(anon):   367768 kB
Active(file):     542012 kB
Inactive(file):   589436 kB
Unevictable:        3920 kB
Mlocked:               0 kB
HighTotal:       2306432 kB
HighFree:          42188 kB
LowTotal:         589156 kB
LowFree:           35600 kB
SwapTotal:       1048572 kB
SwapFree:        1047764 kB
Dirty:                72 kB
Writeback:             0 kB
AnonPages:        717988 kB
Mapped:           394000 kB
Shmem:              2912 kB
Slab:              58536 kB
SReclaimable:      23036 kB
SUnreclaim:        35500 kB
KernelStack:       13840 kB
PageTables:        39932 kB
NFS_Unstable:          0 kB
Bounce:                0 kB
WritebackTmp:          0 kB
CommitLimit:     2496364 kB
Committed_AS:   86354240 kB
VmallocTotal:     385024 kB
VmallocUsed:      159716 kB
VmallocChunk:      62532 kB
Time pass: 107 sec

---2015-11-24 11:46:30
MemTotal:        2895588 kB
MemFree:           76748 kB
Buffers:           13440 kB
Cached:          1124484 kB
SwapCached:          456 kB
Active:           895592 kB
Inactive:         957052 kB
Active(anon):     353940 kB
Inactive(anon):   367616 kB
Active(file):     541652 kB
Inactive(file):   589436 kB
Unevictable:        3924 kB
Mlocked:               0 kB
HighTotal:       2306432 kB
HighFree:          41696 kB
LowTotal:         589156 kB
LowFree:           35052 kB
SwapTotal:       1048572 kB
SwapFree:        1047764 kB
Dirty:                 0 kB
Writeback:             0 kB
AnonPages:        718628 kB
Mapped:           394000 kB
Shmem:              2912 kB
Slab:              58644 kB
SReclaimable:      23008 kB
SUnreclaim:        35636 kB
KernelStack:       13840 kB
PageTables:        39936 kB
NFS_Unstable:          0 kB
Bounce:                0 kB
WritebackTmp:          0 kB
CommitLimit:     2496364 kB
Committed_AS:   86354344 kB
VmallocTotal:     385024 kB
VmallocUsed:      159716 kB
VmallocChunk:      62532 kB
Time pass: 110 sec

---2015-11-24 11:46:30
MemTotal:        2895588 kB
MemFree:           76588 kB
Buffers:           13464 kB
Cached:          1124532 kB
SwapCached:          456 kB
Active:           895480 kB
Inactive:         957120 kB
Active(anon):     353824 kB
Inactive(anon):   367664 kB
Active(file):     541656 kB
Inactive(file):   589456 kB
Unevictable:        3924 kB
Mlocked:               0 kB
HighTotal:       2306432 kB
HighFree:          41396 kB
LowTotal:         589156 kB
LowFree:           35192 kB
SwapTotal:       1048572 kB
SwapFree:        1047764 kB
Dirty:                52 kB
Writeback:             0 kB
AnonPages:        718448 kB
Mapped:           394036 kB
Shmem:              2960 kB
Slab:              58620 kB
SReclaimable:      23008 kB
SUnreclaim:        35612 kB
KernelStack:       13840 kB
PageTables:        39920 kB
NFS_Unstable:          0 kB
Bounce:                0 kB
WritebackTmp:          0 kB
CommitLimit:     2496364 kB
Committed_AS:   86354616 kB
VmallocTotal:     385024 kB
VmallocUsed:      159716 kB
VmallocChunk:      62532 kB
Time pass: 114 sec

---2015-11-24 11:46:30
MemTotal:        2895588 kB
MemFree:           77448 kB
Buffers:           13464 kB
Cached:          1123052 kB
SwapCached:          456 kB
Active:           895684 kB
Inactive:         956776 kB
Active(anon):     354484 kB
Inactive(anon):   368344 kB
Active(file):     541200 kB
Inactive(file):   588432 kB
Unevictable:        3924 kB
Mlocked:               0 kB
HighTotal:       2306432 kB
HighFree:          41696 kB
LowTotal:         589156 kB
LowFree:           35752 kB
SwapTotal:       1048572 kB
SwapFree:        1047764 kB
Dirty:                 0 kB
Writeback:             0 kB
AnonPages:        719876 kB
Mapped:           394036 kB
Shmem:              2960 kB
Slab:              58624 kB
SReclaimable:      23008 kB
SUnreclaim:        35616 kB
KernelStack:       13848 kB
PageTables:        39956 kB
NFS_Unstable:          0 kB
Bounce:                0 kB
WritebackTmp:          0 kB
CommitLimit:     2496364 kB
Committed_AS:   86362904 kB
VmallocTotal:     385024 kB
VmallocUsed:      159716 kB
VmallocChunk:      62532 kB
Time pass: 118 sec

---2015-11-24 11:46:30
MemTotal:        2895588 kB
MemFree:           75976 kB
Buffers:           13248 kB
Cached:          1120940 kB
SwapCached:          456 kB
Active:           894008 kB
Inactive:         956316 kB
Active(anon):     354176 kB
Inactive(anon):   369092 kB
Active(file):     539832 kB
Inactive(file):   587224 kB
Unevictable:        3924 kB
Mlocked:               0 kB
HighTotal:       2306432 kB
HighFree:          41580 kB
LowTotal:         589156 kB
LowFree:           34396 kB
SwapTotal:       1048572 kB
SwapFree:        1047636 kB
Dirty:                28 kB
Writeback:             0 kB
AnonPages:        720196 kB
Mapped:           394088 kB
Shmem:              2960 kB
Slab:              58632 kB
SReclaimable:      23008 kB
SUnreclaim:        35624 kB
KernelStack:       13840 kB
PageTables:        39944 kB
NFS_Unstable:          0 kB
Bounce:                0 kB
WritebackTmp:          0 kB
CommitLimit:     2496364 kB
Committed_AS:   86363088 kB
VmallocTotal:     385024 kB
VmallocUsed:      159716 kB
VmallocChunk:      62532 kB
Time pass: 121 sec

---2015-11-24 11:46:30
MemTotal:        2895588 kB
MemFree:           79228 kB
Buffers:           13248 kB
Cached:          1120108 kB
SwapCached:          456 kB
Active:           893272 kB
Inactive:         955696 kB
Active(anon):     353504 kB
Inactive(anon):   368996 kB
Active(file):     539768 kB
Inactive(file):   586700 kB
Unevictable:        3924 kB
Mlocked:               0 kB
HighTotal:       2306432 kB
HighFree:          43348 kB
LowTotal:         589156 kB
LowFree:           35880 kB
SwapTotal:       1048572 kB
SwapFree:        1047636 kB
Dirty:                 0 kB
Writeback:             0 kB
AnonPages:        719348 kB
Mapped:           394092 kB
Shmem:              2964 kB
Slab:              58600 kB
SReclaimable:      23008 kB
SUnreclaim:        35592 kB
KernelStack:       13832 kB
PageTables:        39948 kB
NFS_Unstable:          0 kB
Bounce:                0 kB
WritebackTmp:          0 kB
CommitLimit:     2496364 kB
Committed_AS:   86363264 kB
VmallocTotal:     385024 kB
VmallocUsed:      159716 kB
VmallocChunk:      62532 kB
Time pass: 125 sec

---2015-11-24 11:46:30
MemTotal:        2895588 kB
MemFree:           78848 kB
Buffers:           13256 kB
Cached:          1120144 kB
SwapCached:          456 kB
Active:           893932 kB
Inactive:         955740 kB
Active(anon):     354164 kB
Inactive(anon):   369032 kB
Active(file):     539768 kB
Inactive(file):   586708 kB
Unevictable:        3924 kB
Mlocked:               0 kB
HighTotal:       2306432 kB
HighFree:          43132 kB
LowTotal:         589156 kB
LowFree:           35716 kB
SwapTotal:       1048572 kB
SwapFree:        1047636 kB
Dirty:                28 kB
Writeback:             0 kB
AnonPages:        720376 kB
Mapped:           394076 kB
Shmem:              3000 kB
Slab:              58604 kB
SReclaimable:      23008 kB
SUnreclaim:        35596 kB
KernelStack:       13832 kB
PageTables:        39928 kB
NFS_Unstable:          0 kB
Bounce:                0 kB
WritebackTmp:          0 kB
CommitLimit:     2496364 kB
Committed_AS:   86363320 kB
VmallocTotal:     385024 kB
VmallocUsed:      159716 kB
VmallocChunk:      62532 kB
Time pass: 128 sec

---2015-11-24 11:46:30
MemTotal:        2895588 kB
MemFree:           77996 kB
Buffers:           13272 kB
Cached:          1120208 kB
SwapCached:          456 kB
Active:           894364 kB
Inactive:         955808 kB
Active(anon):     354596 kB
Inactive(anon):   369084 kB
Active(file):     539768 kB
Inactive(file):   586724 kB
Unevictable:        3924 kB
Mlocked:               0 kB
HighTotal:       2306432 kB
HighFree:          42264 kB
LowTotal:         589156 kB
LowFree:           35732 kB
SwapTotal:       1048572 kB
SwapFree:        1047636 kB
Dirty:                40 kB
Writeback:             0 kB
AnonPages:        720528 kB
Mapped:           394192 kB
Shmem:              3064 kB
Slab:              58604 kB
SReclaimable:      23008 kB
SUnreclaim:        35596 kB
KernelStack:       13832 kB
PageTables:        39956 kB
NFS_Unstable:          0 kB
Bounce:                0 kB
WritebackTmp:          0 kB
CommitLimit:     2496364 kB
Committed_AS:   86363488 kB
VmallocTotal:     385024 kB
VmallocUsed:      159716 kB
VmallocChunk:      62532 kB
Time pass: 132 sec

---2015-11-24 11:46:30
MemTotal:        2895588 kB
MemFree:           78516 kB
Buffers:           13280 kB
Cached:          1120208 kB
SwapCached:          456 kB
Active:           892432 kB
Inactive:         955872 kB
Active(anon):     352664 kB
Inactive(anon):   369148 kB
Active(file):     539768 kB
Inactive(file):   586724 kB
Unevictable:        3924 kB
Mlocked:               0 kB
HighTotal:       2306432 kB
HighFree:          42708 kB
LowTotal:         589156 kB
LowFree:           35808 kB
SwapTotal:       1048572 kB
SwapFree:        1047636 kB
Dirty:                 0 kB
Writeback:             0 kB
AnonPages:        719096 kB
Mapped:           394192 kB
Shmem:              3064 kB
Slab:              58624 kB
SReclaimable:      23008 kB
SUnreclaim:        35616 kB
KernelStack:       13824 kB
PageTables:        39956 kB
NFS_Unstable:          0 kB
Bounce:                0 kB
WritebackTmp:          0 kB
CommitLimit:     2496364 kB
Committed_AS:   86363696 kB
VmallocTotal:     385024 kB
VmallocUsed:      159716 kB
VmallocChunk:      62532 kB
Time pass: 135 sec

---2015-11-24 11:46:30
MemTotal:        2895588 kB
MemFree:           79156 kB
Buffers:           13292 kB
Cached:          1120224 kB
SwapCached:          456 kB
Active:           892560 kB
Inactive:         955872 kB
Active(anon):     352792 kB
Inactive(anon):   369124 kB
Active(file):     539768 kB
Inactive(file):   586748 kB
Unevictable:        3924 kB
Mlocked:               0 kB
HighTotal:       2306432 kB
HighFree:          42956 kB
LowTotal:         589156 kB
LowFree:           36200 kB
SwapTotal:       1048572 kB
SwapFree:        1047636 kB
Dirty:                60 kB
Writeback:             0 kB
AnonPages:        718856 kB
Mapped:           394260 kB
Shmem:              3076 kB
Slab:              58624 kB
SReclaimable:      23008 kB
SUnreclaim:        35616 kB
KernelStack:       13832 kB
PageTables:        39984 kB
NFS_Unstable:          0 kB
Bounce:                0 kB
WritebackTmp:          0 kB
CommitLimit:     2496364 kB
Committed_AS:   86364176 kB
VmallocTotal:     385024 kB
VmallocUsed:      159716 kB
VmallocChunk:      62532 kB
Time pass: 139 sec

---2015-11-24 11:46:30
MemTotal:        2895588 kB
MemFree:           88656 kB
Buffers:           13292 kB
Cached:          1120392 kB
SwapCached:          456 kB
Active:           883904 kB
Inactive:         955840 kB
Active(anon):     344136 kB
Inactive(anon):   368996 kB
Active(file):     539768 kB
Inactive(file):   586844 kB
Unevictable:        3924 kB
Mlocked:               0 kB
HighTotal:       2306432 kB
HighFree:          50844 kB
LowTotal:         589156 kB
LowFree:           37812 kB
SwapTotal:       1048572 kB
SwapFree:        1047636 kB
Dirty:                 0 kB
Writeback:             0 kB
AnonPages:        709772 kB
Mapped:           393860 kB
Shmem:              2856 kB
Slab:              58608 kB
SReclaimable:      23008 kB
SUnreclaim:        35600 kB
KernelStack:       13848 kB
PageTables:        39816 kB
NFS_Unstable:          0 kB
Bounce:                0 kB
WritebackTmp:          0 kB
CommitLimit:     2496364 kB
Committed_AS:   86353056 kB
VmallocTotal:     385024 kB
VmallocUsed:      157880 kB
VmallocChunk:      62532 kB
Time pass: 142 sec

---2015-11-24 11:46:30
MemTotal:        2895588 kB
MemFree:          403980 kB
Buffers:           13348 kB
Cached:          1119816 kB
SwapCached:          456 kB
Active:           808876 kB
Inactive:         952224 kB
Active(anon):     265868 kB
Inactive(anon):   368408 kB
Active(file):     543008 kB
Inactive(file):   583816 kB
Unevictable:        3924 kB
Mlocked:               0 kB
HighTotal:       2306432 kB
HighFree:         295016 kB
LowTotal:         589156 kB
LowFree:          108964 kB
SwapTotal:       1048572 kB
SwapFree:        1047636 kB
Dirty:                72 kB
Writeback:             0 kB
AnonPages:        631412 kB
Mapped:           358172 kB
Shmem:              2408 kB
Slab:              58628 kB
SReclaimable:      23008 kB
SUnreclaim:        35620 kB
KernelStack:       12928 kB
PageTables:        37980 kB
NFS_Unstable:          0 kB
Bounce:                0 kB
WritebackTmp:          0 kB
CommitLimit:     2496364 kB
Committed_AS:   83688524 kB
VmallocTotal:     385024 kB
VmallocUsed:      153792 kB
VmallocChunk:      62532 kB
Time pass: 146 sec

---2015-11-24 11:46:30
MemTotal:        2895588 kB
MemFree:          400248 kB
Buffers:           13364 kB
Cached:          1120204 kB
SwapCached:          456 kB
Active:           814160 kB
Inactive:         952600 kB
Active(anon):     271144 kB
Inactive(anon):   368380 kB
Active(file):     543016 kB
Inactive(file):   584220 kB
Unevictable:        3924 kB
Mlocked:               0 kB
HighTotal:       2306432 kB
HighFree:         291752 kB
LowTotal:         589156 kB
LowFree:          108496 kB
SwapTotal:       1048572 kB
SwapFree:        1047636 kB
Dirty:               552 kB
Writeback:             0 kB
AnonPages:        637372 kB
Mapped:           373592 kB
Shmem:              2408 kB
Slab:              58608 kB
SReclaimable:      23008 kB
SUnreclaim:        35600 kB
KernelStack:       12776 kB
PageTables:        38616 kB
NFS_Unstable:          0 kB
Bounce:                0 kB
WritebackTmp:          0 kB
CommitLimit:     2496364 kB
Committed_AS:   84976976 kB
VmallocTotal:     385024 kB
VmallocUsed:      154752 kB
VmallocChunk:      62532 kB
Time pass: 149 sec

---2015-11-24 11:46:30
MemTotal:        2895588 kB
MemFree:          195648 kB
Buffers:           13408 kB
Cached:          1121452 kB
SwapCached:          456 kB
Active:           857064 kB
Inactive:         954000 kB
Active(anon):     314436 kB
Inactive(anon):   368428 kB
Active(file):     542628 kB
Inactive(file):   585572 kB
Unevictable:        3924 kB
Mlocked:               0 kB
HighTotal:       2306432 kB
HighFree:          91904 kB
LowTotal:         589156 kB
LowFree:          103744 kB
SwapTotal:       1048572 kB
SwapFree:        1047636 kB
Dirty:              1560 kB
Writeback:             0 kB
AnonPages:        679984 kB
Mapped:           381552 kB
Shmem:              2540 kB
Slab:              58672 kB
SReclaimable:      23020 kB
SUnreclaim:        35652 kB
KernelStack:       13392 kB
PageTables:        39124 kB
NFS_Unstable:          0 kB
Bounce:                0 kB
WritebackTmp:          0 kB
CommitLimit:     2496364 kB
Committed_AS:   85043988 kB
VmallocTotal:     385024 kB
VmallocUsed:      155460 kB
VmallocChunk:      62532 kB
Time pass: 153 sec

---2015-11-24 11:46:30
MemTotal:        2895588 kB
MemFree:          134336 kB
Buffers:           13408 kB
Cached:          1123416 kB
SwapCached:          456 kB
Active:           856324 kB
Inactive:         952864 kB
Active(anon):     310208 kB
Inactive(anon):   368412 kB
Active(file):     546116 kB
Inactive(file):   584452 kB
Unevictable:        3924 kB
Mlocked:               0 kB
HighTotal:       2306432 kB
HighFree:          40576 kB
LowTotal:         589156 kB
LowFree:           93760 kB
SwapTotal:       1048572 kB
SwapFree:        1047636 kB
Dirty:              2248 kB
Writeback:             0 kB
AnonPages:        675872 kB
Mapped:           386320 kB
Shmem:              2540 kB
Slab:              58788 kB
SReclaimable:      23020 kB
SUnreclaim:        35768 kB
KernelStack:       13512 kB
PageTables:        39284 kB
NFS_Unstable:          0 kB
Bounce:                0 kB
WritebackTmp:          0 kB
CommitLimit:     2496364 kB
Committed_AS:   85045152 kB
VmallocTotal:     385024 kB
VmallocUsed:      156408 kB
VmallocChunk:      62532 kB
Time pass: 156 sec

---2015-11-24 11:46:30
MemTotal:        2895588 kB
MemFree:          124408 kB
Buffers:           13416 kB
Cached:          1123600 kB
SwapCached:          456 kB
Active:           856692 kB
Inactive:         952768 kB
Active(anon):     310504 kB
Inactive(anon):   368408 kB
Active(file):     546188 kB
Inactive(file):   584360 kB
Unevictable:        3924 kB
Mlocked:               0 kB
HighTotal:       2306432 kB
HighFree:          39484 kB
LowTotal:         589156 kB
LowFree:           84924 kB
SwapTotal:       1048572 kB
SwapFree:        1047636 kB
Dirty:                 0 kB
Writeback:             0 kB
AnonPages:        676208 kB
Mapped:           386324 kB
Shmem:              2540 kB
Slab:              58808 kB
SReclaimable:      23044 kB
SUnreclaim:        35764 kB
KernelStack:       13480 kB
PageTables:        39008 kB
NFS_Unstable:          0 kB
Bounce:                0 kB
WritebackTmp:          0 kB
CommitLimit:     2496364 kB
Committed_AS:   85045256 kB
VmallocTotal:     385024 kB
VmallocUsed:      156392 kB
VmallocChunk:      62532 kB
Time pass: 160 sec

---2015-11-24 11:46:30
MemTotal:        2895588 kB
MemFree:          124896 kB
Buffers:           13424 kB
Cached:          1123600 kB
SwapCached:          456 kB
Active:           856732 kB
Inactive:         952776 kB
Active(anon):     310544 kB
Inactive(anon):   368408 kB
Active(file):     546188 kB
Inactive(file):   584368 kB
Unevictable:        3924 kB
Mlocked:               0 kB
HighTotal:       2306432 kB
HighFree:          39980 kB
LowTotal:         589156 kB
LowFree:           84916 kB
SwapTotal:       1048572 kB
SwapFree:        1047636 kB
Dirty:                60 kB
Writeback:             0 kB
AnonPages:        676372 kB
Mapped:           386384 kB
Shmem:              2540 kB
Slab:              58812 kB
SReclaimable:      23044 kB
SUnreclaim:        35768 kB
KernelStack:       13480 kB
PageTables:        39012 kB
NFS_Unstable:          0 kB
Bounce:                0 kB
WritebackTmp:          0 kB
CommitLimit:     2496364 kB
Committed_AS:   85045568 kB
VmallocTotal:     385024 kB
VmallocUsed:      156392 kB
VmallocChunk:      62532 kB
Time pass: 164 sec

---2015-11-24 11:46:30
MemTotal:        2895588 kB
MemFree:          125048 kB
Buffers:           13432 kB
Cached:          1123596 kB
SwapCached:          456 kB
Active:           856652 kB
Inactive:         952776 kB
Active(anon):     310464 kB
Inactive(anon):   368408 kB
Active(file):     546188 kB
Inactive(file):   584368 kB
Unevictable:        3924 kB
Mlocked:               0 kB
HighTotal:       2306432 kB
HighFree:          41416 kB
LowTotal:         589156 kB
LowFree:           83632 kB
SwapTotal:       1048572 kB
SwapFree:        1047636 kB
Dirty:                 0 kB
Writeback:             0 kB
AnonPages:        676148 kB
Mapped:           386444 kB
Shmem:              2540 kB
Slab:              58776 kB
SReclaimable:      23044 kB
SUnreclaim:        35732 kB
KernelStack:       13488 kB
PageTables:        39104 kB
NFS_Unstable:          0 kB
Bounce:                0 kB
WritebackTmp:          0 kB
CommitLimit:     2496364 kB
Committed_AS:   85044288 kB
VmallocTotal:     385024 kB
VmallocUsed:      156392 kB
VmallocChunk:      62532 kB
Time pass: 167 sec

---2015-11-24 11:46:30
MemTotal:        2895588 kB
MemFree:          125092 kB
Buffers:           13432 kB
Cached:          1123604 kB
SwapCached:          456 kB
Active:           856468 kB
Inactive:         952784 kB
Active(anon):     310284 kB
Inactive(anon):   368408 kB
Active(file):     546184 kB
Inactive(file):   584376 kB
Unevictable:        3924 kB
Mlocked:               0 kB
HighTotal:       2306432 kB
HighFree:          41664 kB
LowTotal:         589156 kB
LowFree:           83428 kB
SwapTotal:       1048572 kB
SwapFree:        1047636 kB
Dirty:                 4 kB
Writeback:             0 kB
AnonPages:        675872 kB
Mapped:           386392 kB
Shmem:              2540 kB
Slab:              58780 kB
SReclaimable:      23044 kB
SUnreclaim:        35736 kB
KernelStack:       13488 kB
PageTables:        39080 kB
NFS_Unstable:          0 kB
Bounce:                0 kB
WritebackTmp:          0 kB
CommitLimit:     2496364 kB
Committed_AS:   85044776 kB
VmallocTotal:     385024 kB
VmallocUsed:      156392 kB
VmallocChunk:      62532 kB
Time pass: 171 sec

---2015-11-24 11:46:30
MemTotal:        2895588 kB
MemFree:          125092 kB
Buffers:           13440 kB
Cached:          1123604 kB
SwapCached:          456 kB
Active:           856780 kB
Inactive:         952784 kB
Active(anon):     310596 kB
Inactive(anon):   368408 kB
Active(file):     546184 kB
Inactive(file):   584376 kB
Unevictable:        3924 kB
Mlocked:               0 kB
HighTotal:       2306432 kB
HighFree:          41612 kB
LowTotal:         589156 kB
LowFree:           83480 kB
SwapTotal:       1048572 kB
SwapFree:        1047636 kB
Dirty:                24 kB
Writeback:             0 kB
AnonPages:        676432 kB
Mapped:           386444 kB
Shmem:              2540 kB
Slab:              58792 kB
SReclaimable:      23044 kB
SUnreclaim:        35748 kB
KernelStack:       13480 kB
PageTables:        39100 kB
NFS_Unstable:          0 kB
Bounce:                0 kB
WritebackTmp:          0 kB
CommitLimit:     2496364 kB
Committed_AS:   85044968 kB
VmallocTotal:     385024 kB
VmallocUsed:      156392 kB
VmallocChunk:      62532 kB
Time pass: 175 sec

---2015-11-24 11:46:30
MemTotal:        2895588 kB
MemFree:          124968 kB
Buffers:           13448 kB
Cached:          1123596 kB
SwapCached:          456 kB
Active:           856752 kB
Inactive:         952800 kB
Active(anon):     310568 kB
Inactive(anon):   368408 kB
Active(file):     546184 kB
Inactive(file):   584392 kB
Unevictable:        3924 kB
Mlocked:               0 kB
HighTotal:       2306432 kB
HighFree:          41364 kB
LowTotal:         589156 kB
LowFree:           83604 kB
SwapTotal:       1048572 kB
SwapFree:        1047636 kB
Dirty:                 0 kB
Writeback:             0 kB
AnonPages:        676524 kB
Mapped:           386444 kB
Shmem:              2540 kB
Slab:              58756 kB
SReclaimable:      23044 kB
SUnreclaim:        35712 kB
KernelStack:       13480 kB
PageTables:        39100 kB
NFS_Unstable:          0 kB
Bounce:                0 kB
WritebackTmp:          0 kB
CommitLimit:     2496364 kB
Committed_AS:   85045096 kB
VmallocTotal:     385024 kB
VmallocUsed:      156392 kB
VmallocChunk:      62532 kB
Time pass: 178 sec

---2015-11-24 11:46:30
MemTotal:        2895588 kB
MemFree:          124360 kB
Buffers:           13448 kB
Cached:          1123920 kB
SwapCached:          456 kB
Active:           856832 kB
Inactive:         953124 kB
Active(anon):     310644 kB
Inactive(anon):   368408 kB
Active(file):     546188 kB
Inactive(file):   584716 kB
Unevictable:        3924 kB
Mlocked:               0 kB
HighTotal:       2306432 kB
HighFree:          39804 kB
LowTotal:         589156 kB
LowFree:           84556 kB
SwapTotal:       1048572 kB
SwapFree:        1047636 kB
Dirty:                 4 kB
Writeback:             0 kB
AnonPages:        676568 kB
Mapped:           386428 kB
Shmem:              2540 kB
Slab:              58764 kB
SReclaimable:      23044 kB
SUnreclaim:        35720 kB
KernelStack:       13488 kB
PageTables:        39080 kB
NFS_Unstable:          0 kB
Bounce:                0 kB
WritebackTmp:          0 kB
CommitLimit:     2496364 kB
Committed_AS:   85045356 kB
VmallocTotal:     385024 kB
VmallocUsed:      156392 kB
VmallocChunk:      62532 kB
Time pass: 182 sec

---2015-11-24 11:46:30
MemTotal:        2895588 kB
MemFree:          123864 kB
Buffers:           13456 kB
Cached:          1123920 kB
SwapCached:          456 kB
Active:           857216 kB
Inactive:         953124 kB
Active(anon):     311028 kB
Inactive(anon):   368408 kB
Active(file):     546188 kB
Inactive(file):   584716 kB
Unevictable:        3924 kB
Mlocked:               0 kB
HighTotal:       2306432 kB
HighFree:          39556 kB
LowTotal:         589156 kB
LowFree:           84308 kB
SwapTotal:       1048572 kB
SwapFree:        1047636 kB
Dirty:                12 kB
Writeback:             0 kB
AnonPages:        676676 kB
Mapped:           386788 kB
Shmem:              2540 kB
Slab:              58760 kB
SReclaimable:      23044 kB
SUnreclaim:        35716 kB
KernelStack:       13488 kB
PageTables:        39080 kB
NFS_Unstable:          0 kB
Bounce:                0 kB
WritebackTmp:          0 kB
CommitLimit:     2496364 kB
Committed_AS:   85045448 kB
VmallocTotal:     385024 kB
VmallocUsed:      156392 kB
VmallocChunk:      62532 kB
Time pass: 185 sec

---2015-11-24 11:46:30
MemTotal:        2895588 kB
MemFree:          123676 kB
Buffers:           13464 kB
Cached:          1123920 kB
SwapCached:          456 kB
Active:           857320 kB
Inactive:         953152 kB
Active(anon):     311152 kB
Inactive(anon):   368408 kB
Active(file):     546168 kB
Inactive(file):   584744 kB
Unevictable:        3924 kB
Mlocked:               0 kB
HighTotal:       2306432 kB
HighFree:          39380 kB
LowTotal:         589156 kB
LowFree:           84296 kB
SwapTotal:       1048572 kB
SwapFree:        1047636 kB
Dirty:                40 kB
Writeback:             0 kB
AnonPages:        676932 kB
Mapped:           386840 kB
Shmem:              2540 kB
Slab:              58784 kB
SReclaimable:      23044 kB
SUnreclaim:        35740 kB
KernelStack:       13480 kB
PageTables:        39100 kB
NFS_Unstable:          0 kB
Bounce:                0 kB
WritebackTmp:          0 kB
CommitLimit:     2496364 kB
Committed_AS:   85045536 kB
VmallocTotal:     385024 kB
VmallocUsed:      156392 kB
VmallocChunk:      62532 kB
Time pass: 189 sec

---2015-11-24 11:46:30
MemTotal:        2895588 kB
MemFree:          123624 kB
Buffers:           13464 kB
Cached:          1123920 kB
SwapCached:          456 kB
Active:           857340 kB
Inactive:         953160 kB
Active(anon):     311172 kB
Inactive(anon):   368408 kB
Active(file):     546168 kB
Inactive(file):   584752 kB
Unevictable:        3924 kB
Mlocked:               0 kB
HighTotal:       2306432 kB
HighFree:          39504 kB
LowTotal:         589156 kB
LowFree:           84120 kB
SwapTotal:       1048572 kB
SwapFree:        1047636 kB
Dirty:                20 kB
Writeback:             0 kB
AnonPages:        676984 kB
Mapped:           386840 kB
Shmem:              2540 kB
Slab:              58768 kB
SReclaimable:      23044 kB
SUnreclaim:        35724 kB
KernelStack:       13472 kB
PageTables:        39100 kB
NFS_Unstable:          0 kB
Bounce:                0 kB
WritebackTmp:          0 kB
CommitLimit:     2496364 kB
Committed_AS:   85045740 kB
VmallocTotal:     385024 kB
VmallocUsed:      156392 kB
VmallocChunk:      62532 kB
Time pass: 192 sec

---2015-11-24 11:46:30
MemTotal:        2895588 kB
MemFree:          123588 kB
Buffers:           13472 kB
Cached:          1123920 kB
SwapCached:          456 kB
Active:           857316 kB
Inactive:         953160 kB
Active(anon):     311148 kB
Inactive(anon):   368408 kB
Active(file):     546168 kB
Inactive(file):   584752 kB
Unevictable:        3924 kB
Mlocked:               0 kB
HighTotal:       2306432 kB
HighFree:          39328 kB
LowTotal:         589156 kB
LowFree:           84260 kB
SwapTotal:       1048572 kB
SwapFree:        1047636 kB
Dirty:                12 kB
Writeback:             0 kB
AnonPages:        677024 kB
Mapped:           386892 kB
Shmem:              2540 kB
Slab:              58768 kB
SReclaimable:      23044 kB
SUnreclaim:        35724 kB
KernelStack:       13472 kB
PageTables:        39120 kB
NFS_Unstable:          0 kB
Bounce:                0 kB
WritebackTmp:          0 kB
CommitLimit:     2496364 kB
Committed_AS:   85045872 kB
VmallocTotal:     385024 kB
VmallocUsed:      156392 kB
VmallocChunk:      62532 kB
Time pass: 196 sec

---2015-11-24 11:46:30
MemTotal:        2895588 kB
MemFree:          123524 kB
Buffers:           13472 kB
Cached:          1123920 kB
SwapCached:          456 kB
Active:           857612 kB
Inactive:         953168 kB
Active(anon):     311444 kB
Inactive(anon):   368408 kB
Active(file):     546168 kB
Inactive(file):   584760 kB
Unevictable:        3924 kB
Mlocked:               0 kB
HighTotal:       2306432 kB
HighFree:          39380 kB
LowTotal:         589156 kB
LowFree:           84144 kB
SwapTotal:       1048572 kB
SwapFree:        1047636 kB
Dirty:                12 kB
Writeback:             0 kB
AnonPages:        677272 kB
Mapped:           386840 kB
Shmem:              2540 kB
Slab:              58768 kB
SReclaimable:      23044 kB
SUnreclaim:        35724 kB
KernelStack:       13464 kB
PageTables:        39100 kB
NFS_Unstable:          0 kB
Bounce:                0 kB
WritebackTmp:          0 kB
CommitLimit:     2496364 kB
Committed_AS:   85045904 kB
VmallocTotal:     385024 kB
VmallocUsed:      156392 kB
VmallocChunk:      62532 kB
Time pass: 199 sec

---2015-11-24 11:46:30
MemTotal:        2895588 kB
MemFree:          122176 kB
Buffers:           13472 kB
Cached:          1124204 kB
SwapCached:          456 kB
Active:           860492 kB
Inactive:         952940 kB
Active(anon):     313832 kB
Inactive(anon):   368408 kB
Active(file):     546660 kB
Inactive(file):   584532 kB
Unevictable:        3924 kB
Mlocked:               0 kB
HighTotal:       2306432 kB
HighFree:          38068 kB
LowTotal:         589156 kB
LowFree:           84108 kB
SwapTotal:       1048572 kB
SwapFree:        1047636 kB
Dirty:               304 kB
Writeback:             0 kB
AnonPages:        679496 kB
Mapped:           386832 kB
Shmem:              2540 kB
Slab:              58768 kB
SReclaimable:      23052 kB
SUnreclaim:        35716 kB
KernelStack:       13456 kB
PageTables:        39080 kB
NFS_Unstable:          0 kB
Bounce:                0 kB
WritebackTmp:          0 kB
CommitLimit:     2496364 kB
Committed_AS:   85046204 kB
VmallocTotal:     385024 kB
VmallocUsed:      156392 kB
VmallocChunk:      62532 kB
Time pass: 203 sec

---2015-11-24 11:46:30
MemTotal:        2895588 kB
MemFree:          121868 kB
Buffers:           13480 kB
Cached:          1124204 kB
SwapCached:          456 kB
Active:           860448 kB
Inactive:         952940 kB
Active(anon):     313768 kB
Inactive(anon):   368408 kB
Active(file):     546680 kB
Inactive(file):   584532 kB
Unevictable:        3924 kB
Mlocked:               0 kB
HighTotal:       2306432 kB
HighFree:          38244 kB
LowTotal:         589156 kB
LowFree:           83624 kB
SwapTotal:       1048572 kB
SwapFree:        1047636 kB
Dirty:                24 kB
Writeback:            12 kB
AnonPages:        679516 kB
Mapped:           386832 kB
Shmem:              2540 kB
Slab:              58768 kB
SReclaimable:      23052 kB
SUnreclaim:        35716 kB
KernelStack:       13472 kB
PageTables:        39120 kB
NFS_Unstable:          0 kB
Bounce:                0 kB
WritebackTmp:          0 kB
CommitLimit:     2496364 kB
Committed_AS:   85046376 kB
VmallocTotal:     385024 kB
VmallocUsed:      156392 kB
VmallocChunk:      62532 kB
Time pass: 207 sec

---2015-11-24 11:46:30
MemTotal:        2895588 kB
MemFree:          104008 kB
Buffers:           13480 kB
Cached:          1124220 kB
SwapCached:          456 kB
Active:           865028 kB
Inactive:         952956 kB
Active(anon):     318344 kB
Inactive(anon):   368404 kB
Active(file):     546684 kB
Inactive(file):   584552 kB
Unevictable:        3924 kB
Mlocked:               0 kB
HighTotal:       2306432 kB
HighFree:          41060 kB
LowTotal:         589156 kB
LowFree:           62948 kB
SwapTotal:       1048572 kB
SwapFree:        1047636 kB
Dirty:               552 kB
Writeback:             0 kB
AnonPages:        683808 kB
Mapped:           386896 kB
Shmem:              2540 kB
Slab:              58768 kB
SReclaimable:      23052 kB
SUnreclaim:        35716 kB
KernelStack:       13488 kB
PageTables:        39096 kB
NFS_Unstable:          0 kB
Bounce:                0 kB
WritebackTmp:          0 kB
CommitLimit:     2496364 kB
Committed_AS:   85039956 kB
VmallocTotal:     385024 kB
VmallocUsed:      156368 kB
VmallocChunk:      62532 kB
Time pass: 210 sec

---2015-11-24 11:46:30
MemTotal:        2895588 kB
MemFree:          103944 kB
Buffers:           13488 kB
Cached:          1124220 kB
SwapCached:          456 kB
Active:           864640 kB
Inactive:         952964 kB
Active(anon):     317956 kB
Inactive(anon):   368404 kB
Active(file):     546684 kB
Inactive(file):   584560 kB
Unevictable:        3924 kB
Mlocked:               0 kB
HighTotal:       2306432 kB
HighFree:          40848 kB
LowTotal:         589156 kB
LowFree:           63096 kB
SwapTotal:       1048572 kB
SwapFree:        1047636 kB
Dirty:                36 kB
Writeback:             0 kB
AnonPages:        683744 kB
Mapped:           386896 kB
Shmem:              2540 kB
Slab:              58704 kB
SReclaimable:      22992 kB
SUnreclaim:        35712 kB
KernelStack:       13472 kB
PageTables:        39068 kB
NFS_Unstable:          0 kB
Bounce:                0 kB
WritebackTmp:          0 kB
CommitLimit:     2496364 kB
Committed_AS:   85040232 kB
VmallocTotal:     385024 kB
VmallocUsed:      156368 kB
VmallocChunk:      62532 kB
Time pass: 214 sec

---2015-11-24 11:46:30
MemTotal:        2895588 kB
MemFree:          103616 kB
Buffers:           13496 kB
Cached:          1124220 kB
SwapCached:          456 kB
Active:           863832 kB
Inactive:         952964 kB
Active(anon):     317148 kB
Inactive(anon):   368404 kB
Active(file):     546684 kB
Inactive(file):   584560 kB
Unevictable:        3924 kB
Mlocked:               0 kB
HighTotal:       2306432 kB
HighFree:          40724 kB
LowTotal:         589156 kB
LowFree:           62892 kB
SwapTotal:       1048572 kB
SwapFree:        1047636 kB
Dirty:                28 kB
Writeback:             0 kB
AnonPages:        682984 kB
Mapped:           386948 kB
Shmem:              2540 kB
Slab:              58700 kB
SReclaimable:      22992 kB
SUnreclaim:        35708 kB
KernelStack:       13472 kB
PageTables:        39088 kB
NFS_Unstable:          0 kB
Bounce:                0 kB
WritebackTmp:          0 kB
CommitLimit:     2496364 kB
Committed_AS:   85040440 kB
VmallocTotal:     385024 kB
VmallocUsed:      156368 kB
VmallocChunk:      62532 kB
Time pass: 217 sec

---2015-11-24 11:46:30
MemTotal:        2895588 kB
MemFree:          102972 kB
Buffers:           13496 kB
Cached:          1124224 kB
SwapCached:          456 kB
Active:           864136 kB
Inactive:         952976 kB
Active(anon):     317452 kB
Inactive(anon):   368404 kB
Active(file):     546684 kB
Inactive(file):   584572 kB
Unevictable:        3924 kB
Mlocked:               0 kB
HighTotal:       2306432 kB
HighFree:          40548 kB
LowTotal:         589156 kB
LowFree:           62424 kB
SwapTotal:       1048572 kB
SwapFree:        1047636 kB
Dirty:                36 kB
Writeback:             0 kB
AnonPages:        683032 kB
Mapped:           386900 kB
Shmem:              2540 kB
Slab:              58700 kB
SReclaimable:      22992 kB
SUnreclaim:        35708 kB
KernelStack:       13488 kB
PageTables:        39072 kB
NFS_Unstable:          0 kB
Bounce:                0 kB
WritebackTmp:          0 kB
CommitLimit:     2496364 kB
Committed_AS:   85040560 kB
VmallocTotal:     385024 kB
VmallocUsed:      156368 kB
VmallocChunk:      62532 kB
Time pass: 221 sec

---2015-11-24 11:46:30
MemTotal:        2895588 kB
MemFree:          100552 kB
Buffers:           13504 kB
Cached:          1124224 kB
SwapCached:          456 kB
Active:           866724 kB
Inactive:         952972 kB
Active(anon):     320036 kB
Inactive(anon):   368404 kB
Active(file):     546688 kB
Inactive(file):   584568 kB
Unevictable:        3924 kB
Mlocked:               0 kB
HighTotal:       2306432 kB
HighFree:          38388 kB
LowTotal:         589156 kB
LowFree:           62164 kB
SwapTotal:       1048572 kB
SwapFree:        1047636 kB
Dirty:                16 kB
Writeback:             0 kB
AnonPages:        685600 kB
Mapped:           388712 kB
Shmem:              2540 kB
Slab:              58708 kB
SReclaimable:      22992 kB
SUnreclaim:        35716 kB
KernelStack:       13544 kB
PageTables:        39100 kB
NFS_Unstable:          0 kB
Bounce:                0 kB
WritebackTmp:          0 kB
CommitLimit:     2496364 kB
Committed_AS:   85040852 kB
VmallocTotal:     385024 kB
VmallocUsed:      156368 kB
VmallocChunk:      62532 kB
Time pass: 225 sec

---2015-11-24 11:46:30
MemTotal:        2895588 kB
MemFree:           88308 kB
Buffers:           13552 kB
Cached:          1124412 kB
SwapCached:          464 kB
Active:           879084 kB
Inactive:         952776 kB
Active(anon):     332012 kB
Inactive(anon):   368552 kB
Active(file):     547072 kB
Inactive(file):   584224 kB
Unevictable:        3924 kB
Mlocked:               0 kB
HighTotal:       2306432 kB
HighFree:          38192 kB
LowTotal:         589156 kB
LowFree:           50116 kB
SwapTotal:       1048572 kB
SwapFree:        1047636 kB
Dirty:                52 kB
Writeback:             0 kB
AnonPages:        697652 kB
Mapped:           389876 kB
Shmem:              2744 kB
Slab:              58708 kB
SReclaimable:      22992 kB
SUnreclaim:        35716 kB
KernelStack:       13696 kB
PageTables:        39260 kB
NFS_Unstable:          0 kB
Bounce:                0 kB
WritebackTmp:          0 kB
CommitLimit:     2496364 kB
Committed_AS:   85060004 kB
VmallocTotal:     385024 kB
VmallocUsed:      158580 kB
VmallocChunk:      62532 kB
Time pass: 228 sec

---2015-11-24 11:46:30
MemTotal:        2895588 kB
MemFree:           82436 kB
Buffers:           13600 kB
Cached:          1124644 kB
SwapCached:          464 kB
Active:           885284 kB
Inactive:         953064 kB
Active(anon):     338212 kB
Inactive(anon):   368792 kB
Active(file):     547072 kB
Inactive(file):   584272 kB
Unevictable:        3924 kB
Mlocked:               0 kB
HighTotal:       2306432 kB
HighFree:          38120 kB
LowTotal:         589156 kB
LowFree:           44316 kB
SwapTotal:       1048572 kB
SwapFree:        1047636 kB
Dirty:                40 kB
Writeback:             0 kB
AnonPages:        703644 kB
Mapped:           390072 kB
Shmem:              2976 kB
Slab:              58700 kB
SReclaimable:      22992 kB
SUnreclaim:        35708 kB
KernelStack:       13680 kB
PageTables:        39280 kB
NFS_Unstable:          0 kB
Bounce:                0 kB
WritebackTmp:          0 kB
CommitLimit:     2496364 kB
Committed_AS:   85068364 kB
VmallocTotal:     385024 kB
VmallocUsed:      158580 kB
VmallocChunk:      62532 kB
Time pass: 232 sec

---2015-11-24 11:46:30
MemTotal:        2895588 kB
MemFree:           80232 kB
Buffers:           13600 kB
Cached:          1124668 kB
SwapCached:          464 kB
Active:           885776 kB
Inactive:         953080 kB
Active(anon):     338704 kB
Inactive(anon):   368792 kB
Active(file):     547072 kB
Inactive(file):   584288 kB
Unevictable:        3924 kB
Mlocked:               0 kB
HighTotal:       2306432 kB
HighFree:          38120 kB
LowTotal:         589156 kB
LowFree:           42112 kB
SwapTotal:       1048572 kB
SwapFree:        1047636 kB
Dirty:                 0 kB
Writeback:             0 kB
AnonPages:        704208 kB
Mapped:           390080 kB
Shmem:              2984 kB
Slab:              58708 kB
SReclaimable:      22992 kB
SUnreclaim:        35716 kB
KernelStack:       13680 kB
PageTables:        39284 kB
NFS_Unstable:          0 kB
Bounce:                0 kB
WritebackTmp:          0 kB
CommitLimit:     2496364 kB
Committed_AS:   85068508 kB
VmallocTotal:     385024 kB
VmallocUsed:      158580 kB
VmallocChunk:      62532 kB
Time pass: 236 sec

---2015-11-24 11:46:30
MemTotal:        2895588 kB
MemFree:           80340 kB
Buffers:           13608 kB
Cached:          1124680 kB
SwapCached:          464 kB
Active:           885816 kB
Inactive:         953108 kB
Active(anon):     338744 kB
Inactive(anon):   368812 kB
Active(file):     547072 kB
Inactive(file):   584296 kB
Unevictable:        3924 kB
Mlocked:               0 kB
HighTotal:       2306432 kB
HighFree:          38120 kB
LowTotal:         589156 kB
LowFree:           42220 kB
SwapTotal:       1048572 kB
SwapFree:        1047636 kB
Dirty:                28 kB
Writeback:             0 kB
AnonPages:        704340 kB
Mapped:           390092 kB
Shmem:              2996 kB
Slab:              58700 kB
SReclaimable:      22992 kB
SUnreclaim:        35708 kB
KernelStack:       13680 kB
PageTables:        39284 kB
NFS_Unstable:          0 kB
Bounce:                0 kB
WritebackTmp:          0 kB
CommitLimit:     2496364 kB
Committed_AS:   85068540 kB
VmallocTotal:     385024 kB
VmallocUsed:      158580 kB
VmallocChunk:      62532 kB
Time pass: 239 sec

---2015-11-24 11:46:30
MemTotal:        2895588 kB
MemFree:           78616 kB
Buffers:           13624 kB
Cached:          1124680 kB
SwapCached:          464 kB
Active:           887140 kB
Inactive:         953120 kB
Active(anon):     340068 kB
Inactive(anon):   368808 kB
Active(file):     547072 kB
Inactive(file):   584312 kB
Unevictable:        3924 kB
Mlocked:               0 kB
HighTotal:       2306432 kB
HighFree:          38120 kB
LowTotal:         589156 kB
LowFree:           40496 kB
SwapTotal:       1048572 kB
SwapFree:        1047636 kB
Dirty:                36 kB
Writeback:             0 kB
AnonPages:        705736 kB
Mapped:           390144 kB
Shmem:              2996 kB
Slab:              58700 kB
SReclaimable:      22992 kB
SUnreclaim:        35708 kB
KernelStack:       13680 kB
PageTables:        39308 kB
NFS_Unstable:          0 kB
Bounce:                0 kB
WritebackTmp:          0 kB
CommitLimit:     2496364 kB
Committed_AS:   85072980 kB
VmallocTotal:     385024 kB
VmallocUsed:      158580 kB
VmallocChunk:      62532 kB
Time pass: 243 sec

---2015-11-24 11:46:30
MemTotal:        2895588 kB
MemFree:           78072 kB
Buffers:           13632 kB
Cached:          1124688 kB
SwapCached:          464 kB
Active:           887624 kB
Inactive:         953124 kB
Active(anon):     340548 kB
Inactive(anon):   368812 kB
Active(file):     547076 kB
Inactive(file):   584312 kB
Unevictable:        3924 kB
Mlocked:               0 kB
HighTotal:       2306432 kB
HighFree:          38120 kB
LowTotal:         589156 kB
LowFree:           39952 kB
SwapTotal:       1048572 kB
SwapFree:        1047636 kB
Dirty:                40 kB
Writeback:             0 kB
AnonPages:        705920 kB
Mapped:           390188 kB
Shmem:              3000 kB
Slab:              58696 kB
SReclaimable:      22992 kB
SUnreclaim:        35704 kB
KernelStack:       13680 kB
PageTables:        39308 kB
NFS_Unstable:          0 kB
Bounce:                0 kB
WritebackTmp:          0 kB
CommitLimit:     2496364 kB
Committed_AS:   85073052 kB
VmallocTotal:     385024 kB
VmallocUsed:      158580 kB
VmallocChunk:      62532 kB
Time pass: 247 sec

---2015-11-24 11:46:30
MemTotal:        2895588 kB
MemFree:           77564 kB
Buffers:           13648 kB
Cached:          1124696 kB
SwapCached:          464 kB
Active:           887784 kB
Inactive:         953148 kB
Active(anon):     340708 kB
Inactive(anon):   368812 kB
Active(file):     547076 kB
Inactive(file):   584336 kB
Unevictable:        3924 kB
Mlocked:               0 kB
HighTotal:       2306432 kB
HighFree:          38368 kB
LowTotal:         589156 kB
LowFree:           39196 kB
SwapTotal:       1048572 kB
SwapFree:        1047636 kB
Dirty:                 0 kB
Writeback:             0 kB
AnonPages:        706268 kB
Mapped:           390196 kB
Shmem:              3008 kB
Slab:              58696 kB
SReclaimable:      22992 kB
SUnreclaim:        35704 kB
KernelStack:       13680 kB
PageTables:        39320 kB
NFS_Unstable:          0 kB
Bounce:                0 kB
WritebackTmp:          0 kB
CommitLimit:     2496364 kB
Committed_AS:   85073132 kB
VmallocTotal:     385024 kB
VmallocUsed:      158580 kB
VmallocChunk:      62532 kB
Time pass: 250 sec

---2015-11-24 11:46:30
MemTotal:        2895588 kB
MemFree:           76996 kB
Buffers:           13656 kB
Cached:          1124704 kB
SwapCached:          464 kB
Active:           888352 kB
Inactive:         953156 kB
Active(anon):     341276 kB
Inactive(anon):   368820 kB
Active(file):     547076 kB
Inactive(file):   584336 kB
Unevictable:        3924 kB
Mlocked:               0 kB
HighTotal:       2306432 kB
HighFree:          38316 kB
LowTotal:         589156 kB
LowFree:           38680 kB
SwapTotal:       1048572 kB
SwapFree:        1047636 kB
Dirty:                36 kB
Writeback:             0 kB
AnonPages:        706624 kB
Mapped:           390212 kB
Shmem:              3024 kB
Slab:              58696 kB
SReclaimable:      22992 kB
SUnreclaim:        35704 kB
KernelStack:       13680 kB
PageTables:        39320 kB
NFS_Unstable:          0 kB
Bounce:                0 kB
WritebackTmp:          0 kB
CommitLimit:     2496364 kB
Committed_AS:   85073352 kB
VmallocTotal:     385024 kB
VmallocUsed:      158580 kB
VmallocChunk:      62532 kB
Time pass: 254 sec

---2015-11-24 11:46:30
MemTotal:        2895588 kB
MemFree:           76304 kB
Buffers:           13672 kB
Cached:          1124712 kB
SwapCached:          464 kB
Active:           889284 kB
Inactive:         953140 kB
Active(anon):     342208 kB
Inactive(anon):   368780 kB
Active(file):     547076 kB
Inactive(file):   584360 kB
Unevictable:        3924 kB
Mlocked:               0 kB
HighTotal:       2306432 kB
HighFree:          38068 kB
LowTotal:         589156 kB
LowFree:           38236 kB
SwapTotal:       1048572 kB
SwapFree:        1047636 kB
Dirty:                48 kB
Writeback:             0 kB
AnonPages:        707452 kB
Mapped:           390212 kB
Shmem:              3024 kB
Slab:              58732 kB
SReclaimable:      22992 kB
SUnreclaim:        35740 kB
KernelStack:       13664 kB
PageTables:        39320 kB
NFS_Unstable:          0 kB
Bounce:                0 kB
WritebackTmp:          0 kB
CommitLimit:     2496364 kB
Committed_AS:   85073444 kB
VmallocTotal:     385024 kB
VmallocUsed:      158580 kB
VmallocChunk:      62532 kB
Time pass: 257 sec

---2015-11-24 11:46:30
MemTotal:        2895588 kB
MemFree:           76100 kB
Buffers:           13688 kB
Cached:          1124696 kB
SwapCached:          464 kB
Active:           889248 kB
Inactive:         953132 kB
Active(anon):     342172 kB
Inactive(anon):   368772 kB
Active(file):     547076 kB
Inactive(file):   584360 kB
Unevictable:        3924 kB
Mlocked:               0 kB
HighTotal:       2306432 kB
HighFree:          38192 kB
LowTotal:         589156 kB
LowFree:           37908 kB
SwapTotal:       1048572 kB
SwapFree:        1047636 kB
Dirty:                 0 kB
Writeback:             0 kB
AnonPages:        707420 kB
Mapped:           390212 kB
Shmem:              3024 kB
Slab:              58696 kB
SReclaimable:      22992 kB
SUnreclaim:        35704 kB
KernelStack:       13664 kB
PageTables:        39320 kB
NFS_Unstable:          0 kB
Bounce:                0 kB
WritebackTmp:          0 kB
CommitLimit:     2496364 kB
Committed_AS:   85073580 kB
VmallocTotal:     385024 kB
VmallocUsed:      158580 kB
VmallocChunk:      62532 kB
Time pass: 261 sec

---2015-11-24 11:46:30
MemTotal:        2895588 kB
MemFree:           75204 kB
Buffers:           13688 kB
Cached:          1124712 kB
SwapCached:          464 kB
Active:           889804 kB
Inactive:         953148 kB
Active(anon):     342728 kB
Inactive(anon):   368772 kB
Active(file):     547076 kB
Inactive(file):   584376 kB
Unevictable:        3924 kB
Mlocked:               0 kB
HighTotal:       2306432 kB
HighFree:          38120 kB
LowTotal:         589156 kB
LowFree:           37084 kB
SwapTotal:       1048572 kB
SwapFree:        1047636 kB
Dirty:                40 kB
Writeback:             0 kB
AnonPages:        707848 kB
Mapped:           390212 kB
Shmem:              3024 kB
Slab:              58692 kB
SReclaimable:      22992 kB
SUnreclaim:        35700 kB
KernelStack:       13664 kB
PageTables:        39320 kB
NFS_Unstable:          0 kB
Bounce:                0 kB
WritebackTmp:          0 kB
CommitLimit:     2496364 kB
Committed_AS:   85073756 kB
VmallocTotal:     385024 kB
VmallocUsed:      158580 kB
VmallocChunk:      62532 kB
Time pass: 264 sec

---2015-11-24 11:46:30
MemTotal:        2895588 kB
MemFree:           74952 kB
Buffers:           13696 kB
Cached:          1124724 kB
SwapCached:          464 kB
Active:           890272 kB
Inactive:         953160 kB
Active(anon):     343196 kB
Inactive(anon):   368776 kB
Active(file):     547076 kB
Inactive(file):   584384 kB
Unevictable:        3924 kB
Mlocked:               0 kB
HighTotal:       2306432 kB
HighFree:          38120 kB
LowTotal:         589156 kB
LowFree:           36832 kB
SwapTotal:       1048572 kB
SwapFree:        1047636 kB
Dirty:                28 kB
Writeback:             0 kB
AnonPages:        708564 kB
Mapped:           390224 kB
Shmem:              3036 kB
Slab:              58692 kB
SReclaimable:      22992 kB
SUnreclaim:        35700 kB
KernelStack:       13664 kB
PageTables:        39320 kB
NFS_Unstable:          0 kB
Bounce:                0 kB
WritebackTmp:          0 kB
CommitLimit:     2496364 kB
Committed_AS:   85073932 kB
VmallocTotal:     385024 kB
VmallocUsed:      158580 kB
VmallocChunk:      62532 kB
Time pass: 268 sec

---2015-11-24 11:46:30
MemTotal:        2895588 kB
MemFree:           74116 kB
Buffers:           13720 kB
Cached:          1124724 kB
SwapCached:          464 kB
Active:           890608 kB
Inactive:         953112 kB
Active(anon):     343532 kB
Inactive(anon):   368704 kB
Active(file):     547076 kB
Inactive(file):   584408 kB
Unevictable:        3924 kB
Mlocked:               0 kB
HighTotal:       2306432 kB
HighFree:          38120 kB
LowTotal:         589156 kB
LowFree:           35996 kB
SwapTotal:       1048572 kB
SwapFree:        1047636 kB
Dirty:                76 kB
Writeback:             0 kB
AnonPages:        708736 kB
Mapped:           390228 kB
Shmem:              3036 kB
Slab:              58720 kB
SReclaimable:      22992 kB
SUnreclaim:        35728 kB
KernelStack:       13672 kB
PageTables:        39320 kB
NFS_Unstable:          0 kB
Bounce:                0 kB
WritebackTmp:          0 kB
CommitLimit:     2496364 kB
Committed_AS:   85074396 kB
VmallocTotal:     385024 kB
VmallocUsed:      158580 kB
VmallocChunk:      62532 kB
Time pass: 272 sec

---2015-11-24 11:46:30
MemTotal:        2895588 kB
MemFree:           73336 kB
Buffers:           13728 kB
Cached:          1124724 kB
SwapCached:          464 kB
Active:           890860 kB
Inactive:         952920 kB
Active(anon):     343784 kB
Inactive(anon):   368512 kB
Active(file):     547076 kB
Inactive(file):   584408 kB
Unevictable:        3924 kB
Mlocked:               0 kB
HighTotal:       2306432 kB
HighFree:          38564 kB
LowTotal:         589156 kB
LowFree:           34772 kB
SwapTotal:       1048572 kB
SwapFree:        1047636 kB
Dirty:                32 kB
Writeback:             0 kB
AnonPages:        708948 kB
Mapped:           390228 kB
Shmem:              3036 kB
Slab:              58748 kB
SReclaimable:      22992 kB
SUnreclaim:        35756 kB
KernelStack:       13672 kB
PageTables:        39340 kB
NFS_Unstable:          0 kB
Bounce:                0 kB
WritebackTmp:          0 kB
CommitLimit:     2496364 kB
Committed_AS:   85074772 kB
VmallocTotal:     385024 kB
VmallocUsed:      158580 kB
VmallocChunk:      62532 kB
Time pass: 275 sec

---2015-11-24 11:46:30
MemTotal:        2895588 kB
MemFree:           73508 kB
Buffers:           13744 kB
Cached:          1124724 kB
SwapCached:          464 kB
Active:           890996 kB
Inactive:         952944 kB
Active(anon):     343920 kB
Inactive(anon):   368512 kB
Active(file):     547076 kB
Inactive(file):   584432 kB
Unevictable:        3924 kB
Mlocked:               0 kB
HighTotal:       2306432 kB
HighFree:          38760 kB
LowTotal:         589156 kB
LowFree:           34748 kB
SwapTotal:       1048572 kB
SwapFree:        1047636 kB
Dirty:                72 kB
Writeback:             0 kB
AnonPages:        709188 kB
Mapped:           390228 kB
Shmem:              3036 kB
Slab:              58716 kB
SReclaimable:      22992 kB
SUnreclaim:        35724 kB
KernelStack:       13672 kB
PageTables:        39320 kB
NFS_Unstable:          0 kB
Bounce:                0 kB
WritebackTmp:          0 kB
CommitLimit:     2496364 kB
Committed_AS:   85074876 kB
VmallocTotal:     385024 kB
VmallocUsed:      158580 kB
VmallocChunk:      62532 kB
Time pass: 279 sec

---2015-11-24 11:46:30
MemTotal:        2895588 kB
MemFree:           73836 kB
Buffers:           13752 kB
Cached:          1124724 kB
SwapCached:          464 kB
Active:           891868 kB
Inactive:         952952 kB
Active(anon):     344792 kB
Inactive(anon):   368512 kB
Active(file):     547076 kB
Inactive(file):   584440 kB
Unevictable:        3924 kB
Mlocked:               0 kB
HighTotal:       2306432 kB
HighFree:          38532 kB
LowTotal:         589156 kB
LowFree:           35304 kB
SwapTotal:       1048572 kB
SwapFree:        1047636 kB
Dirty:                28 kB
Writeback:             0 kB
AnonPages:        710480 kB
Mapped:           390228 kB
Shmem:              3036 kB
Slab:              58692 kB
SReclaimable:      22992 kB
SUnreclaim:        35700 kB
KernelStack:       13672 kB
PageTables:        39320 kB
NFS_Unstable:          0 kB
Bounce:                0 kB
WritebackTmp:          0 kB
CommitLimit:     2496364 kB
Committed_AS:   85075064 kB
VmallocTotal:     385024 kB
VmallocUsed:      158580 kB
VmallocChunk:      62532 kB
Time pass: 283 sec

---2015-11-24 11:46:30
MemTotal:        2895588 kB
MemFree:           73548 kB
Buffers:           13768 kB
Cached:          1124912 kB
SwapCached:          464 kB
Active:           891780 kB
Inactive:         953156 kB
Active(anon):     344704 kB
Inactive(anon):   368700 kB
Active(file):     547076 kB
Inactive(file):   584456 kB
Unevictable:        3924 kB
Mlocked:               0 kB
HighTotal:       2306432 kB
HighFree:          38336 kB
LowTotal:         589156 kB
LowFree:           35212 kB
SwapTotal:       1048572 kB
SwapFree:        1047636 kB
Dirty:                40 kB
Writeback:             0 kB
AnonPages:        710204 kB
Mapped:           390416 kB
Shmem:              3224 kB
Slab:              58692 kB
SReclaimable:      22992 kB
SUnreclaim:        35700 kB
KernelStack:       13672 kB
PageTables:        39320 kB
NFS_Unstable:          0 kB
Bounce:                0 kB
WritebackTmp:          0 kB
CommitLimit:     2496364 kB
Committed_AS:   85075228 kB
VmallocTotal:     385024 kB
VmallocUsed:      158580 kB
VmallocChunk:      62532 kB
Time pass: 286 sec

---2015-11-24 11:46:30
MemTotal:        2895588 kB
MemFree:           73944 kB
Buffers:           13776 kB
Cached:          1124916 kB
SwapCached:          464 kB
Active:           891572 kB
Inactive:         953164 kB
Active(anon):     344496 kB
Inactive(anon):   368708 kB
Active(file):     547076 kB
Inactive(file):   584456 kB
Unevictable:        3924 kB
Mlocked:               0 kB
HighTotal:       2306432 kB
HighFree:          38016 kB
LowTotal:         589156 kB
LowFree:           35928 kB
SwapTotal:       1048572 kB
SwapFree:        1047636 kB
Dirty:                 0 kB
Writeback:             0 kB
AnonPages:        709860 kB
Mapped:           390428 kB
Shmem:              3236 kB
Slab:              58692 kB
SReclaimable:      22992 kB
SUnreclaim:        35700 kB
KernelStack:       13672 kB
PageTables:        39320 kB
NFS_Unstable:          0 kB
Bounce:                0 kB
WritebackTmp:          0 kB
CommitLimit:     2496364 kB
Committed_AS:   85075276 kB
VmallocTotal:     385024 kB
VmallocUsed:      158580 kB
VmallocChunk:      62532 kB
Time pass: 290 sec

---2015-11-24 11:46:30
MemTotal:        2895588 kB
MemFree:           74632 kB
Buffers:           13792 kB
Cached:          1124924 kB
SwapCached:          464 kB
Active:           891976 kB
Inactive:         953188 kB
Active(anon):     344900 kB
Inactive(anon):   368708 kB
Active(file):     547076 kB
Inactive(file):   584480 kB
Unevictable:        3924 kB
Mlocked:               0 kB
HighTotal:       2306432 kB
HighFree:          38120 kB
LowTotal:         589156 kB
LowFree:           36512 kB
SwapTotal:       1048572 kB
SwapFree:        1047636 kB
Dirty:                40 kB
Writeback:             0 kB
AnonPages:        709964 kB
Mapped:           390432 kB
Shmem:              3236 kB
Slab:              58692 kB
SReclaimable:      22992 kB
SUnreclaim:        35700 kB
KernelStack:       13672 kB
PageTables:        39292 kB
NFS_Unstable:          0 kB
Bounce:                0 kB
WritebackTmp:          0 kB
CommitLimit:     2496364 kB
Committed_AS:   85075556 kB
VmallocTotal:     385024 kB
VmallocUsed:      158580 kB
VmallocChunk:      62532 kB
Time pass: 294 sec

---2015-11-24 11:46:30
MemTotal:        2895588 kB
MemFree:           73164 kB
Buffers:           13792 kB
Cached:          1124924 kB
SwapCached:          464 kB
Active:           892484 kB
Inactive:         953188 kB
Active(anon):     345408 kB
Inactive(anon):   368708 kB
Active(file):     547076 kB
Inactive(file):   584480 kB
Unevictable:        3924 kB
Mlocked:               0 kB
HighTotal:       2306432 kB
HighFree:          38120 kB
LowTotal:         589156 kB
LowFree:           35044 kB
SwapTotal:       1048572 kB
SwapFree:        1047636 kB
Dirty:                 0 kB
Writeback:             0 kB
AnonPages:        710544 kB
Mapped:           390480 kB
Shmem:              3236 kB
Slab:              58692 kB
SReclaimable:      22992 kB
SUnreclaim:        35700 kB
KernelStack:       13672 kB
PageTables:        39340 kB
NFS_Unstable:          0 kB
Bounce:                0 kB
WritebackTmp:          0 kB
CommitLimit:     2496364 kB
Committed_AS:   85075684 kB
VmallocTotal:     385024 kB
VmallocUsed:      158580 kB
VmallocChunk:      62532 kB
Time pass: 297 sec

---2015-11-24 11:46:30
MemTotal:        2895588 kB
MemFree:           73124 kB
Buffers:           13816 kB
Cached:          1124924 kB
SwapCached:          464 kB
Active:           893144 kB
Inactive:         953212 kB
Active(anon):     346068 kB
Inactive(anon):   368708 kB
Active(file):     547076 kB
Inactive(file):   584504 kB
Unevictable:        3924 kB
Mlocked:               0 kB
HighTotal:       2306432 kB
HighFree:          38120 kB
LowTotal:         589156 kB
LowFree:           35004 kB
SwapTotal:       1048572 kB
SwapFree:        1047636 kB
Dirty:                40 kB
Writeback:             0 kB
AnonPages:        711064 kB
Mapped:           390428 kB
Shmem:              3236 kB
Slab:              58692 kB
SReclaimable:      22992 kB
SUnreclaim:        35700 kB
KernelStack:       13672 kB
PageTables:        39320 kB
NFS_Unstable:          0 kB
Bounce:                0 kB
WritebackTmp:          0 kB
CommitLimit:     2496364 kB
Committed_AS:   85075764 kB
VmallocTotal:     385024 kB
VmallocUsed:      158580 kB
VmallocChunk:      62532 kB
Time pass: 301 sec

---2015-11-24 11:46:30
MemTotal:        2895588 kB
MemFree:           72968 kB
Buffers:           13816 kB
Cached:          1124924 kB
SwapCached:          464 kB
Active:           893424 kB
Inactive:         953212 kB
Active(anon):     346348 kB
Inactive(anon):   368708 kB
Active(file):     547076 kB
Inactive(file):   584504 kB
Unevictable:        3924 kB
Mlocked:               0 kB
HighTotal:       2306432 kB
HighFree:          38120 kB
LowTotal:         589156 kB
LowFree:           34848 kB
SwapTotal:       1048572 kB
SwapFree:        1047636 kB
Dirty:                 0 kB
Writeback:             0 kB
AnonPages:        711232 kB
Mapped:           390428 kB
Shmem:              3236 kB
Slab:              58692 kB
SReclaimable:      22992 kB
SUnreclaim:        35700 kB
KernelStack:       13672 kB
PageTables:        39320 kB
NFS_Unstable:          0 kB
Bounce:                0 kB
WritebackTmp:          0 kB
CommitLimit:     2496364 kB
Committed_AS:   85075996 kB
VmallocTotal:     385024 kB
VmallocUsed:      158580 kB
VmallocChunk:      62532 kB
Time pass: 304 sec

---2015-11-24 11:46:30
MemTotal:        2895588 kB
MemFree:           72356 kB
Buffers:           13824 kB
Cached:          1124924 kB
SwapCached:          464 kB
Active:           893356 kB
Inactive:         953212 kB
Active(anon):     346280 kB
Inactive(anon):   368708 kB
Active(file):     547076 kB
Inactive(file):   584504 kB
Unevictable:        3924 kB
Mlocked:               0 kB
HighTotal:       2306432 kB
HighFree:          38120 kB
LowTotal:         589156 kB
LowFree:           34236 kB
SwapTotal:       1048572 kB
SwapFree:        1047636 kB
Dirty:                28 kB
Writeback:             0 kB
AnonPages:        711252 kB
Mapped:           390480 kB
Shmem:              3236 kB
Slab:              58692 kB
SReclaimable:      22992 kB
SUnreclaim:        35700 kB
KernelStack:       13672 kB
PageTables:        39340 kB
NFS_Unstable:          0 kB
Bounce:                0 kB
WritebackTmp:          0 kB
CommitLimit:     2496364 kB
Committed_AS:   85076116 kB
VmallocTotal:     385024 kB
VmallocUsed:      158580 kB
VmallocChunk:      62532 kB
Time pass: 308 sec

---2015-11-24 11:46:30
MemTotal:        2895588 kB
MemFree:           71480 kB
Buffers:           13840 kB
Cached:          1124924 kB
SwapCached:          464 kB
Active:           893636 kB
Inactive:         953216 kB
Active(anon):     346560 kB
Inactive(anon):   368688 kB
Active(file):     547076 kB
Inactive(file):   584528 kB
Unevictable:        3924 kB
Mlocked:               0 kB
HighTotal:       2306432 kB
HighFree:          38120 kB
LowTotal:         589156 kB
LowFree:           33360 kB
SwapTotal:       1048572 kB
SwapFree:        1047636 kB
Dirty:                 0 kB
Writeback:             0 kB
AnonPages:        711488 kB
Mapped:           390480 kB
Shmem:              3236 kB
Slab:              58708 kB
SReclaimable:      22992 kB
SUnreclaim:        35716 kB
KernelStack:       13672 kB
PageTables:        39340 kB
NFS_Unstable:          0 kB
Bounce:                0 kB
WritebackTmp:          0 kB
CommitLimit:     2496364 kB
Committed_AS:   85076188 kB
VmallocTotal:     385024 kB
VmallocUsed:      158580 kB
VmallocChunk:      62532 kB
Time pass: 312 sec

---2015-11-24 11:46:30
MemTotal:        2895588 kB
MemFree:           71952 kB
Buffers:           13848 kB
Cached:          1124924 kB
SwapCached:          464 kB
Active:           893808 kB
Inactive:         953224 kB
Active(anon):     346732 kB
Inactive(anon):   368688 kB
Active(file):     547076 kB
Inactive(file):   584536 kB
Unevictable:        3924 kB
Mlocked:               0 kB
HighTotal:       2306432 kB
HighFree:          38120 kB
LowTotal:         589156 kB
LowFree:           33832 kB
SwapTotal:       1048572 kB
SwapFree:        1047636 kB
Dirty:                28 kB
Writeback:             0 kB
AnonPages:        711876 kB
Mapped:           390428 kB
Shmem:              3236 kB
Slab:              58712 kB
SReclaimable:      22992 kB
SUnreclaim:        35720 kB
KernelStack:       13672 kB
PageTables:        39320 kB
NFS_Unstable:          0 kB
Bounce:                0 kB
WritebackTmp:          0 kB
CommitLimit:     2496364 kB
Committed_AS:   85076432 kB
VmallocTotal:     385024 kB
VmallocUsed:      158580 kB
VmallocChunk:      62532 kB
Time pass: 315 sec

---2015-11-24 11:46:30
MemTotal:        2895588 kB
MemFree:           70876 kB
Buffers:           13864 kB
Cached:          1124924 kB
SwapCached:          464 kB
Active:           894476 kB
Inactive:         953240 kB
Active(anon):     347400 kB
Inactive(anon):   368688 kB
Active(file):     547076 kB
Inactive(file):   584552 kB
Unevictable:        3924 kB
Mlocked:               0 kB
HighTotal:       2306432 kB
HighFree:          38120 kB
LowTotal:         589156 kB
LowFree:           32756 kB
SwapTotal:       1048572 kB
SwapFree:        1047636 kB
Dirty:                40 kB
Writeback:             0 kB
AnonPages:        712396 kB
Mapped:           390480 kB
Shmem:              3236 kB
Slab:              58708 kB
SReclaimable:      22992 kB
SUnreclaim:        35716 kB
KernelStack:       13672 kB
PageTables:        39344 kB
NFS_Unstable:          0 kB
Bounce:                0 kB
WritebackTmp:          0 kB
CommitLimit:     2496364 kB
Committed_AS:   85076556 kB
VmallocTotal:     385024 kB
VmallocUsed:      158580 kB
VmallocChunk:      62532 kB
Time pass: 319 sec

---2015-11-24 11:46:30
MemTotal:        2895588 kB
MemFree:           71588 kB
Buffers:           13880 kB
Cached:          1124924 kB
SwapCached:          464 kB
Active:           894024 kB
Inactive:         953256 kB
Active(anon):     346948 kB
Inactive(anon):   368688 kB
Active(file):     547076 kB
Inactive(file):   584568 kB
Unevictable:        3924 kB
Mlocked:               0 kB
HighTotal:       2306432 kB
HighFree:          38616 kB
LowTotal:         589156 kB
LowFree:           32972 kB
SwapTotal:       1048572 kB
SwapFree:        1047636 kB
Dirty:                40 kB
Writeback:             0 kB
AnonPages:        712168 kB
Mapped:           390428 kB
