---2015-12-18 17:09:26
MemTotal:        2582696 kB
MemFree:          128356 kB
Buffers:           11776 kB
Cached:          1141668 kB
SwapCached:            0 kB
Active:          1125340 kB
Inactive:         789996 kB
Active(anon):     606456 kB
Inactive(anon):   160540 kB
Active(file):     518884 kB
Inactive(file):   629456 kB
Unevictable:        2988 kB
Mlocked:               0 kB
SwapTotal:        524284 kB
SwapFree:         524284 kB
Dirty:               172 kB
Writeback:             0 kB
AnonPages:        764992 kB
Mapped:           426488 kB
Shmem:              2116 kB
Slab:             102620 kB
SReclaimable:      31636 kB
SUnreclaim:        70984 kB
KernelStack:       37808 kB
PageTables:        40000 kB
NFS_Unstable:          0 kB
Bounce:                0 kB
WritebackTmp:          0 kB
CommitLimit:     1815632 kB
Committed_AS:   113653492 kB
VmallocTotal:   251658176 kB
VmallocUsed:      119524 kB
VmallocChunk:   251425700 kB
Time pass: 3 sec

---2015-12-18 17:09:26
MemTotal:        2582696 kB
MemFree:          126640 kB
Buffers:           11776 kB
Cached:          1141684 kB
SwapCached:            0 kB
Active:          1126812 kB
Inactive:         790008 kB
Active(anon):     607924 kB
Inactive(anon):   160540 kB
Active(file):     518888 kB
Inactive(file):   629468 kB
Unevictable:        2988 kB
Mlocked:               0 kB
SwapTotal:        524284 kB
SwapFree:         524284 kB
Dirty:               172 kB
Writeback:             0 kB
AnonPages:        766496 kB
Mapped:           426580 kB
Shmem:              2116 kB
Slab:             102684 kB
SReclaimable:      31640 kB
SUnreclaim:        71044 kB
KernelStack:       37808 kB
PageTables:        40028 kB
NFS_Unstable:          0 kB
Bounce:                0 kB
WritebackTmp:          0 kB
CommitLimit:     1815632 kB
Committed_AS:   113653484 kB
VmallocTotal:   251658176 kB
VmallocUsed:      119524 kB
VmallocChunk:   251425700 kB
Time pass: 7 sec

---2015-12-18 17:09:26
MemTotal:        2582696 kB
MemFree:          126988 kB
Buffers:           11776 kB
Cached:          1141684 kB
SwapCached:            0 kB
Active:          1126964 kB
Inactive:         790004 kB
Active(anon):     608076 kB
Inactive(anon):   160536 kB
Active(file):     518888 kB
Inactive(file):   629468 kB
Unevictable:        2988 kB
Mlocked:               0 kB
SwapTotal:        524284 kB
SwapFree:         524284 kB
Dirty:               172 kB
Writeback:             0 kB
AnonPages:        766624 kB
Mapped:           426416 kB
Shmem:              2116 kB
Slab:             102524 kB
SReclaimable:      31640 kB
SUnreclaim:        70884 kB
KernelStack:       37776 kB
PageTables:        39976 kB
NFS_Unstable:          0 kB
Bounce:                0 kB
WritebackTmp:          0 kB
CommitLimit:     1815632 kB
Committed_AS:   113653492 kB
VmallocTotal:   251658176 kB
VmallocUsed:      119524 kB
VmallocChunk:   251425700 kB
Time pass: 11 sec

---2015-12-18 17:09:26
MemTotal:        2582696 kB
MemFree:          127976 kB
Buffers:           11776 kB
Cached:          1141684 kB
SwapCached:            0 kB
Active:          1127456 kB
Inactive:         790004 kB
Active(anon):     608568 kB
Inactive(anon):   160536 kB
Active(file):     518888 kB
Inactive(file):   629468 kB
Unevictable:        2988 kB
Mlocked:               0 kB
SwapTotal:        524284 kB
SwapFree:         524284 kB
Dirty:               172 kB
Writeback:             0 kB
AnonPages:        767000 kB
Mapped:           426496 kB
Shmem:              2116 kB
Slab:             102420 kB
SReclaimable:      31640 kB
SUnreclaim:        70780 kB
KernelStack:       37808 kB
PageTables:        40000 kB
NFS_Unstable:          0 kB
Bounce:                0 kB
WritebackTmp:          0 kB
CommitLimit:     1815632 kB
Committed_AS:   113653476 kB
VmallocTotal:   251658176 kB
VmallocUsed:      119524 kB
VmallocChunk:   251425700 kB
Time pass: 15 sec

---2015-12-18 17:09:26
MemTotal:        2582696 kB
MemFree:          127888 kB
Buffers:           11776 kB
Cached:          1141684 kB
SwapCached:            0 kB
Active:          1127476 kB
Inactive:         790004 kB
Active(anon):     608588 kB
Inactive(anon):   160536 kB
Active(file):     518888 kB
Inactive(file):   629468 kB
Unevictable:        2988 kB
Mlocked:               0 kB
SwapTotal:        524284 kB
SwapFree:         524284 kB
Dirty:               172 kB
Writeback:             0 kB
AnonPages:        767024 kB
Mapped:           426612 kB
Shmem:              2116 kB
Slab:             102400 kB
SReclaimable:      31640 kB
SUnreclaim:        70760 kB
KernelStack:       37776 kB
PageTables:        40008 kB
NFS_Unstable:          0 kB
Bounce:                0 kB
WritebackTmp:          0 kB
CommitLimit:     1815632 kB
Committed_AS:   113653484 kB
VmallocTotal:   251658176 kB
VmallocUsed:      119524 kB
VmallocChunk:   251425700 kB
Time pass: 18 sec

---2015-12-18 17:09:26
MemTotal:        2582696 kB
MemFree:          108084 kB
Buffers:            9916 kB
Cached:          1085756 kB
SwapCached:            0 kB
Active:          1199520 kB
Inactive:         716520 kB
Active(anon):     661080 kB
Inactive(anon):   165088 kB
Active(file):     538440 kB
Inactive(file):   551432 kB
Unevictable:        2988 kB
Mlocked:               0 kB
SwapTotal:        524284 kB
SwapFree:         524284 kB
Dirty:               992 kB
Writeback:             0 kB
AnonPages:        823812 kB
Mapped:           455692 kB
Shmem:              2700 kB
Slab:             102448 kB
SReclaimable:      31432 kB
SUnreclaim:        71016 kB
KernelStack:       38928 kB
PageTables:        40952 kB
NFS_Unstable:          0 kB
Bounce:                0 kB
WritebackTmp:          0 kB
CommitLimit:     1815632 kB
Committed_AS:   114971868 kB
VmallocTotal:   251658176 kB
VmallocUsed:      136216 kB
VmallocChunk:   251375328 kB
Time pass: 22 sec

---2015-12-18 17:09:26
MemTotal:        2582696 kB
MemFree:          112092 kB
Buffers:            9276 kB
Cached:          1036188 kB
SwapCached:            0 kB
Active:          1167036 kB
Inactive:         686396 kB
Active(anon):     647072 kB
Inactive(anon):   166360 kB
Active(file):     519964 kB
Inactive(file):   520036 kB
Unevictable:        3916 kB
Mlocked:               0 kB
SwapTotal:        524284 kB
SwapFree:         523844 kB
Dirty:               632 kB
Writeback:             0 kB
AnonPages:        811804 kB
Mapped:           461120 kB
Shmem:              1548 kB
Slab:             102828 kB
SReclaimable:      31688 kB
SUnreclaim:        71140 kB
KernelStack:       38960 kB
PageTables:        41116 kB
NFS_Unstable:          0 kB
Bounce:                0 kB
WritebackTmp:          0 kB
CommitLimit:     1815632 kB
Committed_AS:   114976036 kB
VmallocTotal:   251658176 kB
VmallocUsed:      121360 kB
VmallocChunk:   251425700 kB
Time pass: 26 sec

---2015-12-18 17:09:26
MemTotal:        2582696 kB
MemFree:          126004 kB
Buffers:            9276 kB
Cached:          1038656 kB
SwapCached:            0 kB
Active:          1153120 kB
Inactive:         688548 kB
Active(anon):     633136 kB
Inactive(anon):   166352 kB
Active(file):     519984 kB
Inactive(file):   522196 kB
Unevictable:        3916 kB
Mlocked:               0 kB
SwapTotal:        524284 kB
SwapFree:         523844 kB
Dirty:               332 kB
Writeback:             0 kB
AnonPages:        798020 kB
Mapped:           461720 kB
Shmem:              1548 kB
Slab:             102920 kB
SReclaimable:      31708 kB
SUnreclaim:        71212 kB
KernelStack:       38992 kB
PageTables:        41152 kB
NFS_Unstable:          0 kB
Bounce:                0 kB
WritebackTmp:          0 kB
CommitLimit:     1815632 kB
Committed_AS:   114976452 kB
VmallocTotal:   251658176 kB
VmallocUsed:      121360 kB
VmallocChunk:   251425700 kB
Time pass: 29 sec

---2015-12-18 17:09:26
MemTotal:        2582696 kB
MemFree:          124764 kB
Buffers:            9276 kB
Cached:          1039112 kB
SwapCached:            0 kB
Active:          1154380 kB
Inactive:         689016 kB
Active(anon):     634380 kB
Inactive(anon):   166352 kB
Active(file):     520000 kB
Inactive(file):   522664 kB
Unevictable:        3916 kB
Mlocked:               0 kB
SwapTotal:        524284 kB
SwapFree:         523844 kB
Dirty:               344 kB
Writeback:             0 kB
AnonPages:        799096 kB
Mapped:           461720 kB
Shmem:              1548 kB
Slab:             102696 kB
SReclaimable:      31716 kB
SUnreclaim:        70980 kB
KernelStack:       38976 kB
PageTables:        41164 kB
NFS_Unstable:          0 kB
Bounce:                0 kB
WritebackTmp:          0 kB
CommitLimit:     1815632 kB
Committed_AS:   114976412 kB
VmallocTotal:   251658176 kB
VmallocUsed:      121360 kB
VmallocChunk:   251425700 kB
Time pass: 33 sec

---2015-12-18 17:09:26
MemTotal:        2582696 kB
MemFree:          131000 kB
Buffers:            9104 kB
Cached:          1036264 kB
SwapCached:            0 kB
Active:          1155732 kB
Inactive:         686284 kB
Active(anon):     635904 kB
Inactive(anon):   166352 kB
Active(file):     519828 kB
Inactive(file):   519932 kB
Unevictable:        3916 kB
Mlocked:               0 kB
SwapTotal:        524284 kB
SwapFree:         523844 kB
Dirty:              1052 kB
Writeback:             0 kB
AnonPages:        800628 kB
Mapped:           461872 kB
Shmem:              1548 kB
Slab:             102412 kB
SReclaimable:      31576 kB
SUnreclaim:        70836 kB
KernelStack:       39008 kB
PageTables:        41176 kB
NFS_Unstable:          0 kB
Bounce:                0 kB
WritebackTmp:          0 kB
CommitLimit:     1815632 kB
Committed_AS:   114976412 kB
VmallocTotal:   251658176 kB
VmallocUsed:      121360 kB
VmallocChunk:   251425700 kB
Time pass: 37 sec

---2015-12-18 17:09:26
MemTotal:        2582696 kB
MemFree:          121648 kB
Buffers:            5816 kB
Cached:           965580 kB
SwapCached:            0 kB
Active:          1127504 kB
Inactive:         650476 kB
Active(anon):     646060 kB
Inactive(anon):   165684 kB
Active(file):     481444 kB
Inactive(file):   484792 kB
Unevictable:        3916 kB
Mlocked:               0 kB
SwapTotal:        524284 kB
SwapFree:         523324 kB
Dirty:               432 kB
Writeback:             0 kB
AnonPages:        810572 kB
Mapped:           459796 kB
Shmem:              1244 kB
Slab:             102356 kB
SReclaimable:      31480 kB
SUnreclaim:        70876 kB
KernelStack:       39088 kB
PageTables:        41384 kB
NFS_Unstable:          0 kB
Bounce:                0 kB
WritebackTmp:          0 kB
CommitLimit:     1815632 kB
Committed_AS:   114977316 kB
VmallocTotal:   251658176 kB
VmallocUsed:      121468 kB
VmallocChunk:   251425700 kB
Time pass: 41 sec

---2015-12-18 17:09:26
MemTotal:        2582696 kB
MemFree:          120524 kB
Buffers:            5816 kB
Cached:           965640 kB
SwapCached:            0 kB
Active:          1128236 kB
Inactive:         650528 kB
Active(anon):     646784 kB
Inactive(anon):   165684 kB
Active(file):     481452 kB
Inactive(file):   484844 kB
Unevictable:        3916 kB
Mlocked:               0 kB
SwapTotal:        524284 kB
SwapFree:         523324 kB
Dirty:               416 kB
Writeback:             0 kB
AnonPages:        811480 kB
Mapped:           459944 kB
Shmem:              1244 kB
Slab:             102360 kB
SReclaimable:      31484 kB
SUnreclaim:        70876 kB
KernelStack:       39072 kB
PageTables:        41412 kB
NFS_Unstable:          0 kB
Bounce:                0 kB
WritebackTmp:          0 kB
CommitLimit:     1815632 kB
Committed_AS:   114977356 kB
VmallocTotal:   251658176 kB
VmallocUsed:      121468 kB
VmallocChunk:   251425700 kB
Time pass: 45 sec

---2015-12-18 17:09:26
MemTotal:        2582696 kB
MemFree:          114816 kB
Buffers:            5824 kB
Cached:           959472 kB
SwapCached:            0 kB
Active:          1139388 kB
Inactive:         646360 kB
Active(anon):     659440 kB
Inactive(anon):   166452 kB
Active(file):     479948 kB
Inactive(file):   479908 kB
Unevictable:        3916 kB
Mlocked:               0 kB
SwapTotal:        524284 kB
SwapFree:         523220 kB
Dirty:              1092 kB
Writeback:             0 kB
AnonPages:        824556 kB
Mapped:           466944 kB
Shmem:              1244 kB
Slab:             102556 kB
SReclaimable:      31516 kB
SUnreclaim:        71040 kB
KernelStack:       39104 kB
PageTables:        41288 kB
NFS_Unstable:          0 kB
Bounce:                0 kB
WritebackTmp:          0 kB
CommitLimit:     1815632 kB
Committed_AS:   114985740 kB
VmallocTotal:   251658176 kB
VmallocUsed:      121492 kB
VmallocChunk:   251425700 kB
Time pass: 48 sec

---2015-12-18 17:09:26
MemTotal:        2582696 kB
MemFree:          113152 kB
Buffers:            5824 kB
Cached:           932220 kB
SwapCached:            0 kB
Active:          1127860 kB
Inactive:         633980 kB
Active(anon):     661636 kB
Inactive(anon):   167468 kB
Active(file):     466224 kB
Inactive(file):   466512 kB
Unevictable:        3916 kB
Mlocked:               0 kB
SwapTotal:        524284 kB
SwapFree:         522860 kB
Dirty:              2252 kB
Writeback:             0 kB
AnonPages:        827928 kB
Mapped:           480256 kB
Shmem:              1244 kB
Slab:             102720 kB
SReclaimable:      31576 kB
SUnreclaim:        71144 kB
KernelStack:       39168 kB
PageTables:        41392 kB
NFS_Unstable:          0 kB
Bounce:                0 kB
WritebackTmp:          0 kB
CommitLimit:     1815632 kB
Committed_AS:   114993900 kB
VmallocTotal:   251658176 kB
VmallocUsed:      121704 kB
VmallocChunk:   251425700 kB
Time pass: 52 sec

---2015-12-18 17:09:26
MemTotal:        2582696 kB
MemFree:          111576 kB
Buffers:            5824 kB
Cached:           932792 kB
SwapCached:            0 kB
Active:          1128316 kB
Inactive:         634540 kB
Active(anon):     661932 kB
Inactive(anon):   167468 kB
Active(file):     466384 kB
Inactive(file):   467072 kB
Unevictable:        3916 kB
Mlocked:               0 kB
SwapTotal:        524284 kB
SwapFree:         522860 kB
Dirty:               572 kB
Writeback:             0 kB
AnonPages:        828008 kB
Mapped:           480632 kB
Shmem:              1244 kB
Slab:             102860 kB
SReclaimable:      31684 kB
SUnreclaim:        71176 kB
KernelStack:       39168 kB
PageTables:        41396 kB
NFS_Unstable:          0 kB
Bounce:                0 kB
WritebackTmp:          0 kB
CommitLimit:     1815632 kB
Committed_AS:   114993996 kB
VmallocTotal:   251658176 kB
VmallocUsed:      121704 kB
VmallocChunk:   251425700 kB
Time pass: 56 sec

---2015-12-18 17:09:26
MemTotal:        2582696 kB
MemFree:          117508 kB
Buffers:            5360 kB
Cached:           912368 kB
SwapCached:            0 kB
Active:          1120228 kB
Inactive:         623800 kB
Active(anon):     663384 kB
Inactive(anon):   167936 kB
Active(file):     456844 kB
Inactive(file):   455864 kB
Unevictable:        3916 kB
Mlocked:               0 kB
SwapTotal:        524284 kB
SwapFree:         522656 kB
Dirty:               588 kB
Writeback:             0 kB
AnonPages:        830060 kB
Mapped:           488572 kB
Shmem:              1244 kB
Slab:             102984 kB
SReclaimable:      31804 kB
SUnreclaim:        71180 kB
KernelStack:       39152 kB
PageTables:        41392 kB
NFS_Unstable:          0 kB
Bounce:                0 kB
WritebackTmp:          0 kB
CommitLimit:     1815632 kB
Committed_AS:   114994116 kB
VmallocTotal:   251658176 kB
VmallocUsed:      121800 kB
VmallocChunk:   251425700 kB
Time pass: 59 sec

---2015-12-18 17:09:26
MemTotal:        2582696 kB
MemFree:          118116 kB
Buffers:            5360 kB
Cached:           912948 kB
SwapCached:            0 kB
Active:          1119620 kB
Inactive:         624152 kB
Active(anon):     662592 kB
Inactive(anon):   167936 kB
Active(file):     457028 kB
Inactive(file):   456216 kB
Unevictable:        3916 kB
Mlocked:               0 kB
SwapTotal:        524284 kB
SwapFree:         522656 kB
Dirty:               604 kB
Writeback:             0 kB
AnonPages:        829192 kB
Mapped:           488808 kB
Shmem:              1244 kB
Slab:             103008 kB
SReclaimable:      31936 kB
SUnreclaim:        71072 kB
KernelStack:       39168 kB
PageTables:        41420 kB
NFS_Unstable:          0 kB
Bounce:                0 kB
WritebackTmp:          0 kB
CommitLimit:     1815632 kB
Committed_AS:   114994108 kB
VmallocTotal:   251658176 kB
VmallocUsed:      121800 kB
VmallocChunk:   251425700 kB
Time pass: 63 sec

---2015-12-18 17:09:26
MemTotal:        2582696 kB
MemFree:          118336 kB
Buffers:            5360 kB
Cached:           912948 kB
SwapCached:            0 kB
Active:          1119724 kB
Inactive:         624024 kB
Active(anon):     662672 kB
Inactive(anon):   167928 kB
Active(file):     457052 kB
Inactive(file):   456096 kB
Unevictable:        3916 kB
Mlocked:               0 kB
SwapTotal:        524284 kB
SwapFree:         522656 kB
Dirty:               604 kB
Writeback:             0 kB
AnonPages:        829444 kB
Mapped:           488728 kB
Shmem:              1244 kB
Slab:             102976 kB
SReclaimable:      31936 kB
SUnreclaim:        71040 kB
KernelStack:       39168 kB
PageTables:        41404 kB
NFS_Unstable:          0 kB
Bounce:                0 kB
WritebackTmp:          0 kB
CommitLimit:     1815632 kB
Committed_AS:   114994108 kB
VmallocTotal:   251658176 kB
VmallocUsed:      121800 kB
VmallocChunk:   251425700 kB
Time pass: 67 sec

---2015-12-18 17:09:26
MemTotal:        2582696 kB
MemFree:          127960 kB
Buffers:            5332 kB
Cached:           889172 kB
SwapCached:            0 kB
Active:          1107684 kB
Inactive:         614688 kB
Active(anon):     663056 kB
Inactive(anon):   169908 kB
Active(file):     444628 kB
Inactive(file):   444780 kB
Unevictable:        3916 kB
Mlocked:               0 kB
SwapTotal:        524284 kB
SwapFree:         522360 kB
Dirty:              1288 kB
Writeback:             0 kB
AnonPages:        831736 kB
Mapped:           497876 kB
Shmem:              1180 kB
Slab:             102840 kB
SReclaimable:      31852 kB
SUnreclaim:        70988 kB
KernelStack:       39216 kB
PageTables:        41384 kB
NFS_Unstable:          0 kB
Bounce:                0 kB
WritebackTmp:          0 kB
CommitLimit:     1815632 kB
Committed_AS:   115003120 kB
VmallocTotal:   251658176 kB
VmallocUsed:      122028 kB
VmallocChunk:   251425700 kB
Time pass: 70 sec

---2015-12-18 17:09:26
MemTotal:        2582696 kB
MemFree:          111104 kB
Buffers:            5216 kB
Cached:           850064 kB
SwapCached:            8 kB
Active:          1114292 kB
Inactive:         588072 kB
Active(anon):     681832 kB
Inactive(anon):   170512 kB
Active(file):     432460 kB
Inactive(file):   417560 kB
Unevictable:        3916 kB
Mlocked:               0 kB
SwapTotal:        524284 kB
SwapFree:         521936 kB
Dirty:              1044 kB
Writeback:             0 kB
AnonPages:        850828 kB
Mapped:           500340 kB
Shmem:              1304 kB
Slab:             103152 kB
SReclaimable:      31780 kB
SUnreclaim:        71372 kB
KernelStack:       39632 kB
PageTables:        41612 kB
NFS_Unstable:          0 kB
Bounce:                0 kB
WritebackTmp:          0 kB
CommitLimit:     1815632 kB
Committed_AS:   115043000 kB
VmallocTotal:   251658176 kB
VmallocUsed:      124556 kB
VmallocChunk:   251425700 kB
Time pass: 74 sec

---2015-12-18 17:09:26
MemTotal:        2582696 kB
MemFree:          111996 kB
Buffers:            4864 kB
Cached:           837580 kB
SwapCached:            8 kB
Active:          1102176 kB
Inactive:         589272 kB
Active(anon):     683300 kB
Inactive(anon):   170836 kB
Active(file):     418876 kB
Inactive(file):   418436 kB
Unevictable:        3916 kB
Mlocked:               0 kB
SwapTotal:        524284 kB
SwapFree:         521288 kB
Dirty:               776 kB
Writeback:            68 kB
AnonPages:        853016 kB
Mapped:           497676 kB
Shmem:              1360 kB
Slab:             103284 kB
SReclaimable:      31892 kB
SUnreclaim:        71392 kB
KernelStack:       39616 kB
PageTables:        41784 kB
NFS_Unstable:          0 kB
Bounce:                0 kB
WritebackTmp:          0 kB
CommitLimit:     1815632 kB
Committed_AS:   115043176 kB
VmallocTotal:   251658176 kB
VmallocUsed:      124568 kB
VmallocChunk:   251425700 kB
Time pass: 78 sec

---2015-12-18 17:09:26
MemTotal:        2582696 kB
MemFree:          111228 kB
Buffers:            4864 kB
Cached:           837900 kB
SwapCached:            8 kB
Active:          1102724 kB
Inactive:         589672 kB
Active(anon):     683956 kB
Inactive(anon):   171116 kB
Active(file):     418768 kB
Inactive(file):   418556 kB
Unevictable:        3916 kB
Mlocked:               0 kB
SwapTotal:        524284 kB
SwapFree:         521288 kB
Dirty:               796 kB
Writeback:             0 kB
AnonPages:        853444 kB
Mapped:           497920 kB
Shmem:              1520 kB
Slab:             103440 kB
SReclaimable:      31840 kB
SUnreclaim:        71600 kB
KernelStack:       39568 kB
PageTables:        41804 kB
NFS_Unstable:          0 kB
Bounce:                0 kB
WritebackTmp:          0 kB
CommitLimit:     1815632 kB
Committed_AS:   115047164 kB
VmallocTotal:   251658176 kB
VmallocUsed:      124568 kB
VmallocChunk:   251425700 kB
Time pass: 82 sec

---2015-12-18 17:09:26
MemTotal:        2582696 kB
MemFree:          109524 kB
Buffers:            4864 kB
Cached:           837928 kB
SwapCached:            8 kB
Active:          1103924 kB
Inactive:         589692 kB
Active(anon):     685144 kB
Inactive(anon):   171116 kB
Active(file):     418780 kB
Inactive(file):   418576 kB
Unevictable:        3916 kB
Mlocked:               0 kB
SwapTotal:        524284 kB
SwapFree:         521288 kB
Dirty:               788 kB
Writeback:             0 kB
AnonPages:        854780 kB
Mapped:           497964 kB
Shmem:              1520 kB
Slab:             103260 kB
SReclaimable:      31840 kB
SUnreclaim:        71420 kB
KernelStack:       39536 kB
PageTables:        41800 kB
NFS_Unstable:          0 kB
Bounce:                0 kB
WritebackTmp:          0 kB
CommitLimit:     1815632 kB
Committed_AS:   115051276 kB
VmallocTotal:   251658176 kB
VmallocUsed:      124568 kB
VmallocChunk:   251425700 kB
Time pass: 86 sec

---2015-12-18 17:09:26
MemTotal:        2582696 kB
MemFree:          109936 kB
Buffers:            4864 kB
Cached:           837992 kB
SwapCached:            8 kB
Active:          1103712 kB
Inactive:         589744 kB
Active(anon):     684920 kB
Inactive(anon):   171168 kB
Active(file):     418792 kB
Inactive(file):   418576 kB
Unevictable:        3916 kB
Mlocked:               0 kB
SwapTotal:        524284 kB
SwapFree:         521288 kB
Dirty:               784 kB
Writeback:             0 kB
AnonPages:        854676 kB
Mapped:           497932 kB
Shmem:              1572 kB
Slab:             103296 kB
SReclaimable:      31840 kB
SUnreclaim:        71456 kB
KernelStack:       39568 kB
PageTables:        41808 kB
NFS_Unstable:          0 kB
Bounce:                0 kB
WritebackTmp:          0 kB
CommitLimit:     1815632 kB
Committed_AS:   115051268 kB
VmallocTotal:   251658176 kB
VmallocUsed:      124568 kB
VmallocChunk:   251425700 kB
Time pass: 90 sec

---2015-12-18 17:09:26
MemTotal:        2582696 kB
MemFree:          108880 kB
Buffers:            4864 kB
Cached:           838008 kB
SwapCached:            8 kB
Active:          1104864 kB
Inactive:         589744 kB
Active(anon):     686056 kB
Inactive(anon):   171168 kB
Active(file):     418808 kB
Inactive(file):   418576 kB
Unevictable:        3916 kB
Mlocked:               0 kB
SwapTotal:        524284 kB
SwapFree:         521288 kB
Dirty:               776 kB
Writeback:            24 kB
AnonPages:        855492 kB
Mapped:           498024 kB
Shmem:              1572 kB
Slab:             103284 kB
SReclaimable:      31856 kB
SUnreclaim:        71428 kB
KernelStack:       39568 kB
PageTables:        41816 kB
NFS_Unstable:          0 kB
Bounce:                0 kB
WritebackTmp:          0 kB
CommitLimit:     1815632 kB
Committed_AS:   115059452 kB
VmallocTotal:   251658176 kB
VmallocUsed:      124568 kB
VmallocChunk:   251425700 kB
Time pass: 93 sec

---2015-12-18 17:09:26
MemTotal:        2582696 kB
MemFree:          108736 kB
Buffers:            4864 kB
Cached:           838020 kB
SwapCached:            8 kB
Active:          1104776 kB
Inactive:         589680 kB
Active(anon):     685956 kB
Inactive(anon):   171104 kB
Active(file):     418820 kB
Inactive(file):   418576 kB
Unevictable:        3916 kB
Mlocked:               0 kB
SwapTotal:        524284 kB
SwapFree:         521288 kB
Dirty:               792 kB
Writeback:             0 kB
AnonPages:        855592 kB
Mapped:           498028 kB
Shmem:              1572 kB
Slab:             103228 kB
SReclaimable:      31856 kB
SUnreclaim:        71372 kB
KernelStack:       39568 kB
PageTables:        41820 kB
NFS_Unstable:          0 kB
Bounce:                0 kB
WritebackTmp:          0 kB
CommitLimit:     1815632 kB
Committed_AS:   115059460 kB
VmallocTotal:   251658176 kB
VmallocUsed:      124568 kB
VmallocChunk:   251425700 kB
Time pass: 97 sec

---2015-12-18 17:09:26
MemTotal:        2582696 kB
MemFree:          109884 kB
Buffers:            4864 kB
Cached:           838068 kB
SwapCached:            8 kB
Active:          1104400 kB
Inactive:         589708 kB
Active(anon):     685560 kB
Inactive(anon):   171132 kB
Active(file):     418840 kB
Inactive(file):   418576 kB
Unevictable:        3916 kB
Mlocked:               0 kB
SwapTotal:        524284 kB
SwapFree:         521288 kB
Dirty:               796 kB
Writeback:             0 kB
AnonPages:        855160 kB
Mapped:           498016 kB
Shmem:              1600 kB
Slab:             103380 kB
SReclaimable:      31856 kB
SUnreclaim:        71524 kB
KernelStack:       39568 kB
PageTables:        41788 kB
NFS_Unstable:          0 kB
Bounce:                0 kB
WritebackTmp:          0 kB
CommitLimit:     1815632 kB
Committed_AS:   115059452 kB
VmallocTotal:   251658176 kB
VmallocUsed:      124568 kB
VmallocChunk:   251425700 kB
Time pass: 101 sec

---2015-12-18 17:09:26
MemTotal:        2582696 kB
MemFree:          109280 kB
Buffers:            4864 kB
Cached:           838080 kB
SwapCached:            8 kB
Active:          1104752 kB
Inactive:         589708 kB
Active(anon):     685900 kB
Inactive(anon):   171132 kB
Active(file):     418852 kB
Inactive(file):   418576 kB
Unevictable:        3916 kB
Mlocked:               0 kB
SwapTotal:        524284 kB
SwapFree:         521288 kB
Dirty:               784 kB
Writeback:             0 kB
AnonPages:        855400 kB
Mapped:           498100 kB
Shmem:              1600 kB
Slab:             103252 kB
SReclaimable:      31856 kB
SUnreclaim:        71396 kB
KernelStack:       39568 kB
PageTables:        41824 kB
NFS_Unstable:          0 kB
Bounce:                0 kB
WritebackTmp:          0 kB
CommitLimit:     1815632 kB
Committed_AS:   115059468 kB
VmallocTotal:   251658176 kB
VmallocUsed:      124568 kB
VmallocChunk:   251425700 kB
Time pass: 105 sec

---2015-12-18 17:09:26
MemTotal:        2582696 kB
MemFree:          110032 kB
Buffers:            4872 kB
Cached:           838464 kB
SwapCached:            8 kB
Active:          1103048 kB
Inactive:         590072 kB
Active(anon):     684172 kB
Inactive(anon):   171160 kB
Active(file):     418876 kB
Inactive(file):   418912 kB
Unevictable:        3916 kB
Mlocked:               0 kB
SwapTotal:        524284 kB
SwapFree:         521288 kB
Dirty:              1068 kB
Writeback:             0 kB
AnonPages:        853716 kB
Mapped:           498132 kB
Shmem:              1632 kB
Slab:             103344 kB
SReclaimable:      31856 kB
SUnreclaim:        71488 kB
KernelStack:       39504 kB
PageTables:        41820 kB
NFS_Unstable:          0 kB
Bounce:                0 kB
WritebackTmp:          0 kB
CommitLimit:     1815632 kB
Committed_AS:   115059444 kB
VmallocTotal:   251658176 kB
VmallocUsed:      124568 kB
VmallocChunk:   251425700 kB
Time pass: 109 sec

---2015-12-18 17:09:26
MemTotal:        2582696 kB
MemFree:          108116 kB
Buffers:            6408 kB
Cached:           838476 kB
SwapCached:            8 kB
Active:          1103212 kB
Inactive:         591608 kB
Active(anon):     684324 kB
Inactive(anon):   171160 kB
Active(file):     418888 kB
Inactive(file):   420448 kB
Unevictable:        3916 kB
Mlocked:               0 kB
SwapTotal:        524284 kB
SwapFree:         521288 kB
Dirty:              1080 kB
Writeback:             0 kB
AnonPages:        853856 kB
Mapped:           498132 kB
Shmem:              1632 kB
Slab:             103356 kB
SReclaimable:      31856 kB
SUnreclaim:        71500 kB
KernelStack:       39504 kB
PageTables:        41824 kB
NFS_Unstable:          0 kB
Bounce:                0 kB
WritebackTmp:          0 kB
CommitLimit:     1815632 kB
Committed_AS:   115059404 kB
VmallocTotal:   251658176 kB
VmallocUsed:      124568 kB
VmallocChunk:   251425700 kB
Time pass: 113 sec

---2015-12-18 17:09:26
MemTotal:        2582696 kB
MemFree:          107272 kB
Buffers:            6408 kB
Cached:           838488 kB
SwapCached:            8 kB
Active:          1103516 kB
Inactive:         591608 kB
Active(anon):     684616 kB
Inactive(anon):   171160 kB
Active(file):     418900 kB
Inactive(file):   420448 kB
Unevictable:        3916 kB
Mlocked:               0 kB
SwapTotal:        524284 kB
SwapFree:         521288 kB
Dirty:              1072 kB
Writeback:             0 kB
AnonPages:        854492 kB
Mapped:           498136 kB
Shmem:              1632 kB
Slab:             103236 kB
SReclaimable:      31856 kB
SUnreclaim:        71380 kB
KernelStack:       39536 kB
PageTables:        41824 kB
NFS_Unstable:          0 kB
Bounce:                0 kB
WritebackTmp:          0 kB
CommitLimit:     1815632 kB
Committed_AS:   115059404 kB
VmallocTotal:   251658176 kB
VmallocUsed:      124568 kB
VmallocChunk:   251425700 kB
Time pass: 116 sec

---2015-12-18 17:09:26
MemTotal:        2582696 kB
MemFree:          107116 kB
Buffers:            6408 kB
Cached:           837740 kB
SwapCached:            8 kB
Active:          1104072 kB
Inactive:         590668 kB
Active(anon):     684888 kB
Inactive(anon):   171556 kB
Active(file):     419184 kB
Inactive(file):   419112 kB
Unevictable:        3916 kB
Mlocked:               0 kB
SwapTotal:        524284 kB
SwapFree:         521280 kB
Dirty:              1076 kB
Writeback:             0 kB
AnonPages:        854532 kB
Mapped:           497836 kB
Shmem:              1772 kB
Slab:             103196 kB
SReclaimable:      31856 kB
SUnreclaim:        71340 kB
KernelStack:       39536 kB
PageTables:        41820 kB
NFS_Unstable:          0 kB
Bounce:                0 kB
WritebackTmp:          0 kB
CommitLimit:     1815632 kB
Committed_AS:   115059404 kB
VmallocTotal:   251658176 kB
VmallocUsed:      124568 kB
VmallocChunk:   251425700 kB
Time pass: 120 sec

---2015-12-18 17:09:26
MemTotal:        2582696 kB
MemFree:          106372 kB
Buffers:            6408 kB
Cached:           833912 kB
SwapCached:            8 kB
Active:          1105196 kB
Inactive:         589292 kB
Active(anon):     688844 kB
Inactive(anon):   172676 kB
Active(file):     416352 kB
Inactive(file):   416616 kB
Unevictable:        3916 kB
Mlocked:               0 kB
SwapTotal:        524284 kB
SwapFree:         521140 kB
Dirty:              1092 kB
Writeback:             0 kB
AnonPages:        858968 kB
Mapped:           493628 kB
Shmem:              2872 kB
Slab:             103460 kB
SReclaimable:      31912 kB
SUnreclaim:        71548 kB
KernelStack:       39536 kB
PageTables:        42044 kB
NFS_Unstable:          0 kB
Bounce:                0 kB
WritebackTmp:          0 kB
CommitLimit:     1815632 kB
Committed_AS:   118557584 kB
VmallocTotal:   251658176 kB
VmallocUsed:      124568 kB
VmallocChunk:   251425700 kB
Time pass: 124 sec

---2015-12-18 17:09:26
MemTotal:        2582696 kB
MemFree:          114632 kB
Buffers:            6408 kB
Cached:           835012 kB
SwapCached:            8 kB
Active:          1096216 kB
Inactive:         591104 kB
Active(anon):     679832 kB
Inactive(anon):   171068 kB
Active(file):     416384 kB
Inactive(file):   420036 kB
Unevictable:        3916 kB
Mlocked:               0 kB
SwapTotal:        524284 kB
SwapFree:         521140 kB
Dirty:              1088 kB
Writeback:             0 kB
AnonPages:        849832 kB
Mapped:           492156 kB
Shmem:              1180 kB
Slab:             103332 kB
SReclaimable:      31772 kB
SUnreclaim:        71560 kB
KernelStack:       39344 kB
PageTables:        42724 kB
NFS_Unstable:          0 kB
Bounce:                0 kB
WritebackTmp:          0 kB
CommitLimit:     1815632 kB
Committed_AS:   119898492 kB
VmallocTotal:   251658176 kB
VmallocUsed:      125472 kB
VmallocChunk:   251425700 kB
Time pass: 127 sec

---2015-12-18 17:09:26
MemTotal:        2582696 kB
MemFree:          111932 kB
Buffers:            6408 kB
Cached:           837508 kB
SwapCached:            8 kB
Active:          1097968 kB
Inactive:         592740 kB
Active(anon):     680832 kB
Inactive(anon):   171068 kB
Active(file):     417136 kB
Inactive(file):   421672 kB
Unevictable:        3916 kB
Mlocked:               0 kB
SwapTotal:        524284 kB
SwapFree:         521140 kB
Dirty:              1436 kB
Writeback:             0 kB
AnonPages:        850892 kB
Mapped:           492992 kB
Shmem:              1180 kB
Slab:             103364 kB
SReclaimable:      31852 kB
SUnreclaim:        71512 kB
KernelStack:       39472 kB
PageTables:        41888 kB
NFS_Unstable:          0 kB
Bounce:                0 kB
WritebackTmp:          0 kB
CommitLimit:     1815632 kB
Committed_AS:   118530372 kB
VmallocTotal:   251658176 kB
VmallocUsed:      125472 kB
VmallocChunk:   251425700 kB
Time pass: 131 sec

---2015-12-18 17:09:26
MemTotal:        2582696 kB
MemFree:          333120 kB
Buffers:            6408 kB
Cached:           840708 kB
SwapCached:           20 kB
Active:          1040268 kB
Inactive:         592720 kB
Active(anon):     619896 kB
Inactive(anon):   170940 kB
Active(file):     420372 kB
Inactive(file):   421780 kB
Unevictable:        3916 kB
Mlocked:               0 kB
SwapTotal:        524284 kB
SwapFree:         521140 kB
Dirty:              1184 kB
Writeback:             0 kB
AnonPages:        789880 kB
Mapped:           404356 kB
Shmem:              1048 kB
Slab:             103216 kB
SReclaimable:      31892 kB
SUnreclaim:        71324 kB
KernelStack:       38080 kB
PageTables:        40148 kB
NFS_Unstable:          0 kB
Bounce:                0 kB
WritebackTmp:          0 kB
CommitLimit:     1815632 kB
Committed_AS:   113658232 kB
VmallocTotal:   251658176 kB
VmallocUsed:      121868 kB
VmallocChunk:   251425700 kB
Time pass: 135 sec

---2015-12-18 17:09:26
MemTotal:        2582696 kB
MemFree:          335772 kB
Buffers:            6408 kB
Cached:           841600 kB
SwapCached:           20 kB
Active:          1036320 kB
Inactive:         593596 kB
Active(anon):     615932 kB
Inactive(anon):   170940 kB
Active(file):     420388 kB
Inactive(file):   422656 kB
Unevictable:        3916 kB
Mlocked:               0 kB
SwapTotal:        524284 kB
SwapFree:         521140 kB
Dirty:              1192 kB
Writeback:            20 kB
AnonPages:        785748 kB
Mapped:           404448 kB
Shmem:              1048 kB
Slab:             103212 kB
SReclaimable:      31888 kB
SUnreclaim:        71324 kB
KernelStack:       38048 kB
PageTables:        40144 kB
NFS_Unstable:          0 kB
Bounce:                0 kB
WritebackTmp:          0 kB
CommitLimit:     1815632 kB
Committed_AS:   113658144 kB
VmallocTotal:   251658176 kB
VmallocUsed:      121868 kB
VmallocChunk:   251425700 kB
Time pass: 138 sec

---2015-12-18 17:09:26
MemTotal:        2582696 kB
MemFree:          330544 kB
Buffers:            6408 kB
Cached:           842152 kB
SwapCached:           20 kB
Active:          1038844 kB
Inactive:         594072 kB
Active(anon):     618388 kB
Inactive(anon):   171192 kB
Active(file):     420456 kB
Inactive(file):   422880 kB
Unevictable:        3916 kB
Mlocked:               0 kB
SwapTotal:        524284 kB
SwapFree:         521140 kB
Dirty:              1256 kB
Writeback:             0 kB
AnonPages:        788360 kB
Mapped:           403652 kB
Shmem:              1308 kB
Slab:             103132 kB
SReclaimable:      31888 kB
SUnreclaim:        71244 kB
KernelStack:       38096 kB
PageTables:        40168 kB
NFS_Unstable:          0 kB
Bounce:                0 kB
WritebackTmp:          0 kB
CommitLimit:     1815632 kB
Committed_AS:   113659176 kB
VmallocTotal:   251658176 kB
VmallocUsed:      119356 kB
VmallocChunk:   251425700 kB
Time pass: 142 sec

---2015-12-18 17:09:26
MemTotal:        2582696 kB
MemFree:          327648 kB
Buffers:            6408 kB
Cached:           842084 kB
SwapCached:           20 kB
Active:          1040980 kB
Inactive:         593912 kB
Active(anon):     620432 kB
Inactive(anon):   171192 kB
Active(file):     420548 kB
Inactive(file):   422720 kB
Unevictable:        3916 kB
Mlocked:               0 kB
SwapTotal:        524284 kB
SwapFree:         521140 kB
Dirty:              1188 kB
Writeback:             0 kB
AnonPages:        790360 kB
Mapped:           403820 kB
Shmem:              1308 kB
Slab:             103132 kB
SReclaimable:      31888 kB
SUnreclaim:        71244 kB
KernelStack:       38064 kB
PageTables:        40176 kB
NFS_Unstable:          0 kB
Bounce:                0 kB
WritebackTmp:          0 kB
CommitLimit:     1815632 kB
Committed_AS:   113659152 kB
VmallocTotal:   251658176 kB
VmallocUsed:      119356 kB
VmallocChunk:   251425700 kB
Time pass: 146 sec

---2015-12-18 17:09:26
MemTotal:        2582696 kB
MemFree:          332576 kB
Buffers:            6408 kB
Cached:           842168 kB
SwapCached:           20 kB
Active:          1035736 kB
Inactive:         593992 kB
Active(anon):     615184 kB
Inactive(anon):   171192 kB
Active(file):     420552 kB
Inactive(file):   422800 kB
Unevictable:        3916 kB
Mlocked:               0 kB
SwapTotal:        524284 kB
SwapFree:         521140 kB
Dirty:              1192 kB
Writeback:             0 kB
AnonPages:        785060 kB
Mapped:           403944 kB
Shmem:              1308 kB
Slab:             103012 kB
SReclaimable:      31776 kB
SUnreclaim:        71236 kB
KernelStack:       38064 kB
PageTables:        40212 kB
NFS_Unstable:          0 kB
Bounce:                0 kB
WritebackTmp:          0 kB
CommitLimit:     1815632 kB
Committed_AS:   113659120 kB
VmallocTotal:   251658176 kB
VmallocUsed:      119356 kB
VmallocChunk:   251425700 kB
Time pass: 150 sec

---2015-12-18 17:09:26
MemTotal:        2582696 kB
MemFree:          332156 kB
Buffers:            6408 kB
Cached:           842168 kB
SwapCached:           20 kB
Active:          1036204 kB
Inactive:         593992 kB
Active(anon):     615652 kB
Inactive(anon):   171192 kB
Active(file):     420552 kB
Inactive(file):   422800 kB
Unevictable:        3916 kB
Mlocked:               0 kB
SwapTotal:        524284 kB
SwapFree:         521140 kB
Dirty:              1192 kB
Writeback:             0 kB
AnonPages:        785476 kB
Mapped:           403860 kB
Shmem:              1308 kB
Slab:             102936 kB
SReclaimable:      31776 kB
SUnreclaim:        71160 kB
KernelStack:       38048 kB
PageTables:        40172 kB
NFS_Unstable:          0 kB
Bounce:                0 kB
WritebackTmp:          0 kB
CommitLimit:     1815632 kB
Committed_AS:   113659072 kB
VmallocTotal:   251658176 kB
VmallocUsed:      119356 kB
VmallocChunk:   251425700 kB
Time pass: 153 sec

---2015-12-18 17:09:26
MemTotal:        2582696 kB
MemFree:          331392 kB
Buffers:            6408 kB
Cached:           842168 kB
SwapCached:           20 kB
Active:          1036656 kB
Inactive:         593992 kB
Active(anon):     616104 kB
Inactive(anon):   171192 kB
Active(file):     420552 kB
Inactive(file):   422800 kB
Unevictable:        3916 kB
Mlocked:               0 kB
SwapTotal:        524284 kB
SwapFree:         521140 kB
Dirty:              1208 kB
Writeback:             0 kB
AnonPages:        785868 kB
Mapped:           403860 kB
Shmem:              1308 kB
Slab:             102936 kB
SReclaimable:      31776 kB
SUnreclaim:        71160 kB
KernelStack:       38032 kB
PageTables:        40168 kB
NFS_Unstable:          0 kB
Bounce:                0 kB
WritebackTmp:          0 kB
CommitLimit:     1815632 kB
Committed_AS:   113659048 kB
VmallocTotal:   251658176 kB
VmallocUsed:      119356 kB
VmallocChunk:   251425700 kB
Time pass: 157 sec

---2015-12-18 17:09:26
MemTotal:        2582696 kB
MemFree:          330932 kB
Buffers:            6408 kB
Cached:           842168 kB
SwapCached:           20 kB
Active:          1036844 kB
Inactive:         593992 kB
Active(anon):     616292 kB
Inactive(anon):   171192 kB
Active(file):     420552 kB
Inactive(file):   422800 kB
Unevictable:        3916 kB
Mlocked:               0 kB
SwapTotal:        524284 kB
SwapFree:         521140 kB
Dirty:              1192 kB
Writeback:             0 kB
AnonPages:        786228 kB
Mapped:           403864 kB
Shmem:              1308 kB
Slab:             102936 kB
SReclaimable:      31776 kB
SUnreclaim:        71160 kB
KernelStack:       38016 kB
PageTables:        40168 kB
NFS_Unstable:          0 kB
Bounce:                0 kB
WritebackTmp:          0 kB
CommitLimit:     1815632 kB
Committed_AS:   113659040 kB
VmallocTotal:   251658176 kB
VmallocUsed:      119356 kB
VmallocChunk:   251425700 kB
Time pass: 161 sec

---2015-12-18 17:09:26
MemTotal:        2582696 kB
MemFree:          252948 kB
Buffers:            6408 kB
Cached:           866960 kB
SwapCached:           20 kB
Active:          1052304 kB
Inactive:         613936 kB
Active(anon):     627300 kB
Inactive(anon):   170892 kB
Active(file):     425004 kB
Inactive(file):   443044 kB
Unevictable:        3916 kB
Mlocked:               0 kB
SwapTotal:        524284 kB
SwapFree:         521140 kB
Dirty:               472 kB
Writeback:           196 kB
AnonPages:        797404 kB
Mapped:           421124 kB
Shmem:              1088 kB
Slab:             102964 kB
SReclaimable:      31776 kB
SUnreclaim:        71188 kB
KernelStack:       37952 kB
PageTables:        40748 kB
NFS_Unstable:          0 kB
Bounce:                0 kB
WritebackTmp:          0 kB
CommitLimit:     1815632 kB
Committed_AS:   114940388 kB
VmallocTotal:   251658176 kB
VmallocUsed:      120460 kB
VmallocChunk:   251425700 kB
Time pass: 164 sec

---2015-12-18 17:09:26
MemTotal:        2582696 kB
MemFree:          115024 kB
Buffers:            6416 kB
Cached:           911092 kB
SwapCached:           20 kB
Active:          1122236 kB
Inactive:         620532 kB
Active(anon):     659440 kB
Inactive(anon):   170928 kB
Active(file):     462796 kB
Inactive(file):   449604 kB
Unevictable:        3916 kB
Mlocked:               0 kB
SwapTotal:        524284 kB
SwapFree:         521072 kB
Dirty:              1504 kB
Writeback:             0 kB
AnonPages:        829360 kB
Mapped:           443932 kB
Shmem:              1180 kB
Slab:             103512 kB
SReclaimable:      32200 kB
SUnreclaim:        71312 kB
KernelStack:       39168 kB
PageTables:        41280 kB
NFS_Unstable:          0 kB
Bounce:                0 kB
WritebackTmp:          0 kB
CommitLimit:     1815632 kB
Committed_AS:   114998192 kB
VmallocTotal:   251658176 kB
VmallocUsed:      121224 kB
VmallocChunk:   251425700 kB
Time pass: 168 sec

---2015-12-18 17:09:26
MemTotal:        2582696 kB
MemFree:          119536 kB
Buffers:            6416 kB
Cached:           907984 kB
SwapCached:           20 kB
Active:          1124144 kB
Inactive:         622256 kB
Active(anon):     667016 kB
Inactive(anon):   170396 kB
Active(file):     457128 kB
Inactive(file):   451860 kB
Unevictable:        3916 kB
Mlocked:               0 kB
SwapTotal:        524284 kB
SwapFree:         520512 kB
Dirty:              3100 kB
Writeback:             0 kB
AnonPages:        835988 kB
Mapped:           451040 kB
Shmem:              1180 kB
Slab:             103328 kB
SReclaimable:      31964 kB
SUnreclaim:        71364 kB
KernelStack:       39280 kB
PageTables:        41388 kB
NFS_Unstable:          0 kB
Bounce:                0 kB
WritebackTmp:          0 kB
CommitLimit:     1815632 kB
Committed_AS:   115007176 kB
VmallocTotal:   251658176 kB
VmallocUsed:      121560 kB
VmallocChunk:   251425700 kB
Time pass: 172 sec

---2015-12-18 17:09:26
MemTotal:        2582696 kB
MemFree:          118464 kB
Buffers:            6416 kB
Cached:           907928 kB
SwapCached:           20 kB
Active:          1125100 kB
Inactive:         622256 kB
Active(anon):     667824 kB
Inactive(anon):   170284 kB
Active(file):     457276 kB
Inactive(file):   451972 kB
Unevictable:        3916 kB
Mlocked:               0 kB
SwapTotal:        524284 kB
SwapFree:         520512 kB
Dirty:               636 kB
Writeback:             0 kB
AnonPages:        837068 kB
Mapped:           450872 kB
Shmem:              1180 kB
Slab:             103400 kB
SReclaimable:      31960 kB
SUnreclaim:        71440 kB
KernelStack:       39136 kB
PageTables:        41384 kB
NFS_Unstable:          0 kB
Bounce:                0 kB
WritebackTmp:          0 kB
CommitLimit:     1815632 kB
Committed_AS:   115007032 kB
VmallocTotal:   251658176 kB
VmallocUsed:      121560 kB
VmallocChunk:   251425700 kB
Time pass: 175 sec

---2015-12-18 17:09:26
MemTotal:        2582696 kB
MemFree:          106808 kB
Buffers:            6416 kB
Cached:           906832 kB
SwapCached:           20 kB
Active:          1124396 kB
Inactive:         623556 kB
Active(anon):     669748 kB
Inactive(anon):   170052 kB
Active(file):     454648 kB
Inactive(file):   453504 kB
Unevictable:        3916 kB
Mlocked:               0 kB
SwapTotal:        524284 kB
SwapFree:         520328 kB
Dirty:               748 kB
Writeback:             0 kB
AnonPages:        838624 kB
Mapped:           451828 kB
Shmem:              1180 kB
Slab:             103412 kB
SReclaimable:      32020 kB
SUnreclaim:        71392 kB
KernelStack:       38928 kB
PageTables:        41400 kB
NFS_Unstable:          0 kB
Bounce:                0 kB
WritebackTmp:          0 kB
CommitLimit:     1815632 kB
Committed_AS:   115006712 kB
VmallocTotal:   251658176 kB
VmallocUsed:      121656 kB
VmallocChunk:   251425700 kB
Time pass: 179 sec

---2015-12-18 17:09:26
MemTotal:        2582696 kB
MemFree:          107796 kB
Buffers:            6416 kB
Cached:           906940 kB
SwapCached:           20 kB
Active:          1123988 kB
Inactive:         624388 kB
Active(anon):     670116 kB
Inactive(anon):   170052 kB
Active(file):     453872 kB
Inactive(file):   454336 kB
Unevictable:        3916 kB
Mlocked:               0 kB
SwapTotal:        524284 kB
SwapFree:         520328 kB
Dirty:               760 kB
Writeback:             0 kB
AnonPages:        839000 kB
Mapped:           451980 kB
Shmem:              1180 kB
Slab:             103652 kB
SReclaimable:      32124 kB
SUnreclaim:        71528 kB
KernelStack:       38960 kB
PageTables:        41400 kB
NFS_Unstable:          0 kB
Bounce:                0 kB
WritebackTmp:          0 kB
CommitLimit:     1815632 kB
Committed_AS:   115006592 kB
VmallocTotal:   251658176 kB
VmallocUsed:      121656 kB
VmallocChunk:   251425700 kB
Time pass: 183 sec

---2015-12-18 17:09:26
MemTotal:        2582696 kB
MemFree:          112476 kB
Buffers:            6416 kB
Cached:           878904 kB
SwapCached:           20 kB
Active:          1109900 kB
Inactive:         610228 kB
Active(anon):     669740 kB
Inactive(anon):   170152 kB
Active(file):     440160 kB
Inactive(file):   440076 kB
Unevictable:        3920 kB
Mlocked:               0 kB
SwapTotal:        524284 kB
SwapFree:         519024 kB
Dirty:              1328 kB
Writeback:             0 kB
AnonPages:        838736 kB
Mapped:           466012 kB
Shmem:              1164 kB
Slab:             103180 kB
SReclaimable:      31728 kB
SUnreclaim:        71452 kB
KernelStack:       38928 kB
PageTables:        41408 kB
NFS_Unstable:          0 kB
Bounce:                0 kB
WritebackTmp:          0 kB
CommitLimit:     1815632 kB
Committed_AS:   115007048 kB
VmallocTotal:   251658176 kB
VmallocUsed:      121884 kB
VmallocChunk:   251425700 kB
Time pass: 186 sec

---2015-12-18 17:09:26
MemTotal:        2582696 kB
MemFree:          112012 kB
Buffers:            6416 kB
Cached:           878904 kB
SwapCached:           20 kB
Active:          1109932 kB
Inactive:         610212 kB
Active(anon):     669756 kB
Inactive(anon):   170152 kB
Active(file):     440176 kB
Inactive(file):   440060 kB
Unevictable:        3920 kB
Mlocked:               0 kB
SwapTotal:        524284 kB
SwapFree:         519024 kB
Dirty:               792 kB
Writeback:             0 kB
AnonPages:        838820 kB
Mapped:           466020 kB
Shmem:              1164 kB
Slab:             103468 kB
SReclaimable:      31808 kB
SUnreclaim:        71660 kB
KernelStack:       38912 kB
PageTables:        41408 kB
NFS_Unstable:          0 kB
Bounce:                0 kB
WritebackTmp:          0 kB
CommitLimit:     1815632 kB
Committed_AS:   115007208 kB
VmallocTotal:   251658176 kB
VmallocUsed:      121884 kB
VmallocChunk:   251425700 kB
Time pass: 190 sec

---2015-12-18 17:09:26
MemTotal:        2582696 kB
MemFree:          112012 kB
Buffers:            6416 kB
Cached:           878908 kB
SwapCached:           20 kB
Active:          1110756 kB
Inactive:         610216 kB
Active(anon):     670576 kB
Inactive(anon):   170152 kB
Active(file):     440180 kB
Inactive(file):   440064 kB
Unevictable:        3920 kB
Mlocked:               0 kB
SwapTotal:        524284 kB
SwapFree:         519024 kB
Dirty:               788 kB
Writeback:             0 kB
AnonPages:        839428 kB
Mapped:           466020 kB
Shmem:              1164 kB
Slab:             103356 kB
SReclaimable:      31808 kB
SUnreclaim:        71548 kB
KernelStack:       38912 kB
PageTables:        41408 kB
NFS_Unstable:          0 kB
Bounce:                0 kB
WritebackTmp:          0 kB
CommitLimit:     1815632 kB
Committed_AS:   115007200 kB
VmallocTotal:   251658176 kB
VmallocUsed:      121884 kB
VmallocChunk:   251425700 kB
Time pass: 194 sec

---2015-12-18 17:09:26
MemTotal:        2582696 kB
MemFree:          106624 kB
Buffers:            6416 kB
Cached:           879020 kB
SwapCached:           20 kB
Active:          1118084 kB
Inactive:         609324 kB
Active(anon):     676908 kB
Inactive(anon):   170212 kB
Active(file):     441176 kB
Inactive(file):   439112 kB
Unevictable:        3920 kB
Mlocked:               0 kB
SwapTotal:        524284 kB
SwapFree:         519024 kB
Dirty:               816 kB
Writeback:             0 kB
AnonPages:        845824 kB
Mapped:           467536 kB
Shmem:              1228 kB
Slab:             103384 kB
SReclaimable:      31816 kB
SUnreclaim:        71568 kB
KernelStack:       39152 kB
PageTables:        41520 kB
NFS_Unstable:          0 kB
Bounce:                0 kB
WritebackTmp:          0 kB
CommitLimit:     1815632 kB
Committed_AS:   115035564 kB
VmallocTotal:   251658176 kB
VmallocUsed:      124416 kB
VmallocChunk:   251425700 kB
Time pass: 198 sec

---2015-12-18 17:09:26
MemTotal:        2582696 kB
MemFree:          105960 kB
Buffers:            6416 kB
Cached:           869852 kB
SwapCached:           20 kB
Active:          1120912 kB
Inactive:         602244 kB
Active(anon):     682516 kB
Inactive(anon):   169496 kB
Active(file):     438396 kB
Inactive(file):   432748 kB
Unevictable:        3920 kB
Mlocked:               0 kB
SwapTotal:        524284 kB
SwapFree:         518412 kB
Dirty:               808 kB
Writeback:             0 kB
AnonPages:        850924 kB
Mapped:           466372 kB
Shmem:              1204 kB
Slab:             103052 kB
SReclaimable:      31636 kB
SUnreclaim:        71416 kB
KernelStack:       39120 kB
PageTables:        41584 kB
NFS_Unstable:          0 kB
Bounce:                0 kB
WritebackTmp:          0 kB
CommitLimit:     1815632 kB
Committed_AS:   115035740 kB
VmallocTotal:   251658176 kB
VmallocUsed:      124412 kB
VmallocChunk:   251425700 kB
Time pass: 202 sec

---2015-12-18 17:09:26
MemTotal:        2582696 kB
MemFree:          110716 kB
Buffers:            6416 kB
Cached:           869296 kB
SwapCached:           20 kB
Active:          1117844 kB
Inactive:         602200 kB
Active(anon):     679712 kB
Inactive(anon):   169736 kB
Active(file):     438132 kB
Inactive(file):   432464 kB
Unevictable:        3920 kB
Mlocked:               0 kB
SwapTotal:        524284 kB
SwapFree:         518360 kB
Dirty:               804 kB
Writeback:             0 kB
AnonPages:        848316 kB
Mapped:           466368 kB
Shmem:              1196 kB
Slab:             103224 kB
SReclaimable:      31768 kB
SUnreclaim:        71456 kB
KernelStack:       39152 kB
PageTables:        41584 kB
NFS_Unstable:          0 kB
Bounce:                0 kB
WritebackTmp:          0 kB
CommitLimit:     1815632 kB
Committed_AS:   115035724 kB
VmallocTotal:   251658176 kB
VmallocUsed:      124412 kB
VmallocChunk:   251425700 kB
Time pass: 206 sec

---2015-12-18 17:09:26
MemTotal:        2582696 kB
MemFree:          108760 kB
Buffers:            6416 kB
Cached:           869300 kB
SwapCached:           20 kB
Active:          1119452 kB
Inactive:         602204 kB
Active(anon):     681320 kB
Inactive(anon):   169740 kB
Active(file):     438132 kB
Inactive(file):   432464 kB
Unevictable:        3920 kB
Mlocked:               0 kB
SwapTotal:        524284 kB
SwapFree:         518360 kB
Dirty:               804 kB
Writeback:             0 kB
AnonPages:        849968 kB
Mapped:           466456 kB
Shmem:              1200 kB
Slab:             103224 kB
SReclaimable:      31768 kB
SUnreclaim:        71456 kB
KernelStack:       39184 kB
PageTables:        41652 kB
NFS_Unstable:          0 kB
Bounce:                0 kB
WritebackTmp:          0 kB
CommitLimit:     1815632 kB
Committed_AS:   115039828 kB
VmallocTotal:   251658176 kB
VmallocUsed:      124412 kB
VmallocChunk:   251425700 kB
Time pass: 210 sec

---2015-12-18 17:09:26
MemTotal:        2582696 kB
MemFree:          109440 kB
Buffers:            6416 kB
Cached:           865712 kB
SwapCached:           20 kB
Active:          1115096 kB
Inactive:         603456 kB
Active(anon):     681352 kB
Inactive(anon):   170284 kB
Active(file):     433744 kB
Inactive(file):   433172 kB
Unevictable:        3920 kB
Mlocked:               0 kB
SwapTotal:        524284 kB
SwapFree:         517692 kB
Dirty:               820 kB
Writeback:             0 kB
AnonPages:        850332 kB
Mapped:           466580 kB
Shmem:              1240 kB
Slab:             102728 kB
SReclaimable:      31320 kB
SUnreclaim:        71408 kB
KernelStack:       39184 kB
PageTables:        41700 kB
NFS_Unstable:          0 kB
Bounce:                0 kB
WritebackTmp:          0 kB
CommitLimit:     1815632 kB
Committed_AS:   115039864 kB
VmallocTotal:   251658176 kB
VmallocUsed:      124412 kB
VmallocChunk:   251425700 kB
Time pass: 214 sec

---2015-12-18 17:09:26
MemTotal:        2582696 kB
MemFree:          108628 kB
Buffers:            6416 kB
Cached:           865732 kB
SwapCached:           20 kB
Active:          1115468 kB
Inactive:         603524 kB
Active(anon):     681720 kB
Inactive(anon):   170304 kB
Active(file):     433748 kB
Inactive(file):   433220 kB
Unevictable:        3920 kB
Mlocked:               0 kB
SwapTotal:        524284 kB
SwapFree:         517692 kB
Dirty:               816 kB
Writeback:             0 kB
AnonPages:        851016 kB
Mapped:           466604 kB
Shmem:              1260 kB
Slab:             102956 kB
SReclaimable:      31536 kB
SUnreclaim:        71420 kB
KernelStack:       39184 kB
PageTables:        41700 kB
NFS_Unstable:          0 kB
Bounce:                0 kB
WritebackTmp:          0 kB
CommitLimit:     1815632 kB
Committed_AS:   115043964 kB
VmallocTotal:   251658176 kB
VmallocUsed:      124412 kB
VmallocChunk:   251425700 kB
Time pass: 218 sec

---2015-12-18 17:09:26
MemTotal:        2582696 kB
MemFree:          108616 kB
Buffers:            6416 kB
Cached:           865776 kB
SwapCached:           20 kB
Active:          1115536 kB
Inactive:         603564 kB
Active(anon):     681784 kB
Inactive(anon):   170348 kB
Active(file):     433752 kB
Inactive(file):   433216 kB
Unevictable:        3920 kB
Mlocked:               0 kB
SwapTotal:        524284 kB
SwapFree:         517692 kB
Dirty:               820 kB
Writeback:             0 kB
AnonPages:        850848 kB
Mapped:           466648 kB
Shmem:              1304 kB
Slab:             102964 kB
SReclaimable:      31536 kB
SUnreclaim:        71428 kB
KernelStack:       39184 kB
PageTables:        41704 kB
NFS_Unstable:          0 kB
Bounce:                0 kB
WritebackTmp:          0 kB
CommitLimit:     1815632 kB
Committed_AS:   115043940 kB
VmallocTotal:   251658176 kB
VmallocUsed:      124412 kB
VmallocChunk:   251425700 kB
Time pass: 222 sec

---2015-12-18 17:09:26
MemTotal:        2582696 kB
MemFree:          108148 kB
Buffers:            6416 kB
Cached:           866108 kB
SwapCached:           20 kB
Active:          1115724 kB
Inactive:         603808 kB
Active(anon):     681960 kB
Inactive(anon):   170368 kB
Active(file):     433764 kB
Inactive(file):   433440 kB
Unevictable:        3920 kB
Mlocked:               0 kB
SwapTotal:        524284 kB
SwapFree:         517692 kB
Dirty:               832 kB
Writeback:             0 kB
AnonPages:        851032 kB
Mapped:           466680 kB
Shmem:              1324 kB
Slab:             102992 kB
SReclaimable:      31568 kB
SUnreclaim:        71424 kB
KernelStack:       39200 kB
PageTables:        41740 kB
NFS_Unstable:          0 kB
Bounce:                0 kB
WritebackTmp:          0 kB
CommitLimit:     1815632 kB
Committed_AS:   115058300 kB
VmallocTotal:   251658176 kB
VmallocUsed:      124412 kB
VmallocChunk:   251425700 kB
Time pass: 226 sec

---2015-12-18 17:09:26
MemTotal:        2582696 kB
MemFree:          107524 kB
Buffers:            6424 kB
Cached:           866488 kB
SwapCached:           20 kB
Active:          1115832 kB
Inactive:         604256 kB
Active(anon):     682052 kB
Inactive(anon):   170376 kB
Active(file):     433780 kB
Inactive(file):   433880 kB
Unevictable:        3920 kB
Mlocked:               0 kB
SwapTotal:        524284 kB
SwapFree:         517692 kB
Dirty:              1236 kB
Writeback:             0 kB
AnonPages:        850976 kB
Mapped:           466712 kB
Shmem:              1332 kB
Slab:             102984 kB
SReclaimable:      31572 kB
SUnreclaim:        71412 kB
KernelStack:       39184 kB
PageTables:        41728 kB
NFS_Unstable:          0 kB
Bounce:                0 kB
WritebackTmp:          0 kB
CommitLimit:     1815632 kB
Committed_AS:   115058276 kB
VmallocTotal:   251658176 kB
VmallocUsed:      124412 kB
VmallocChunk:   251425700 kB
Time pass: 230 sec

---2015-12-18 17:09:26
MemTotal:        2582696 kB
MemFree:          106812 kB
Buffers:            6424 kB
Cached:           866488 kB
SwapCached:           20 kB
Active:          1116148 kB
Inactive:         604252 kB
Active(anon):     682364 kB
Inactive(anon):   170376 kB
Active(file):     433784 kB
Inactive(file):   433876 kB
Unevictable:        3920 kB
Mlocked:               0 kB
SwapTotal:        524284 kB
SwapFree:         517692 kB
Dirty:               876 kB
Writeback:            92 kB
AnonPages:        851472 kB
Mapped:           466628 kB
Shmem:              1332 kB
Slab:             103008 kB
SReclaimable:      31572 kB
SUnreclaim:        71436 kB
KernelStack:       39120 kB
PageTables:        41700 kB
NFS_Unstable:          0 kB
Bounce:                0 kB
WritebackTmp:          0 kB
CommitLimit:     1815632 kB
Committed_AS:   115058220 kB
VmallocTotal:   251658176 kB
VmallocUsed:      124412 kB
VmallocChunk:   251425700 kB
Time pass: 234 sec

---2015-12-18 17:09:26
MemTotal:        2582696 kB
MemFree:          107104 kB
Buffers:            6424 kB
Cached:           866488 kB
SwapCached:           20 kB
Active:          1116576 kB
Inactive:         604252 kB
Active(anon):     682792 kB
Inactive(anon):   170376 kB
Active(file):     433784 kB
Inactive(file):   433876 kB
Unevictable:        3920 kB
Mlocked:               0 kB
SwapTotal:        524284 kB
SwapFree:         517692 kB
Dirty:               876 kB
Writeback:             0 kB
AnonPages:        851832 kB
Mapped:           466712 kB
Shmem:              1332 kB
Slab:             102996 kB
SReclaimable:      31572 kB
SUnreclaim:        71424 kB
KernelStack:       39152 kB
PageTables:        41732 kB
NFS_Unstable:          0 kB
Bounce:                0 kB
WritebackTmp:          0 kB
CommitLimit:     1815632 kB
Committed_AS:   115058244 kB
VmallocTotal:   251658176 kB
VmallocUsed:      124412 kB
VmallocChunk:   251425700 kB
Time pass: 238 sec

---2015-12-18 17:09:26
MemTotal:        2582696 kB
MemFree:          108636 kB
Buffers:            6424 kB
Cached:           864568 kB
SwapCached:           20 kB
Active:          1115404 kB
Inactive:         603776 kB
Active(anon):     682584 kB
Inactive(anon):   170980 kB
Active(file):     432820 kB
Inactive(file):   432796 kB
Unevictable:        3920 kB
Mlocked:               0 kB
SwapTotal:        524284 kB
SwapFree:         517660 kB
Dirty:               880 kB
Writeback:             0 kB
AnonPages:        852260 kB
Mapped:           466836 kB
Shmem:              1456 kB
Slab:             102968 kB
SReclaimable:      31544 kB
SUnreclaim:        71424 kB
KernelStack:       39152 kB
PageTables:        41728 kB
NFS_Unstable:          0 kB
Bounce:                0 kB
WritebackTmp:          0 kB
CommitLimit:     1815632 kB
Committed_AS:   115058236 kB
VmallocTotal:   251658176 kB
VmallocUsed:      124412 kB
VmallocChunk:   251425700 kB
Time pass: 242 sec

---2015-12-18 17:09:26
MemTotal:        2582696 kB
MemFree:          108796 kB
Buffers:            6424 kB
Cached:           864568 kB
SwapCached:           20 kB
Active:          1115336 kB
Inactive:         603776 kB
Active(anon):     682516 kB
Inactive(anon):   170980 kB
Active(file):     432820 kB
Inactive(file):   432796 kB
Unevictable:        3920 kB
Mlocked:               0 kB
SwapTotal:        524284 kB
SwapFree:         517660 kB
Dirty:               880 kB
Writeback:             0 kB
AnonPages:        852040 kB
Mapped:           466756 kB
Shmem:              1456 kB
Slab:             103120 kB
SReclaimable:      31544 kB
SUnreclaim:        71576 kB
KernelStack:       39152 kB
PageTables:        41700 kB
NFS_Unstable:          0 kB
Bounce:                0 kB
WritebackTmp:          0 kB
CommitLimit:     1815632 kB
Committed_AS:   115058228 kB
VmallocTotal:   251658176 kB
VmallocUsed:      124412 kB
VmallocChunk:   251425700 kB
Time pass: 246 sec

---2015-12-18 17:09:26
MemTotal:        2582696 kB
MemFree:          113908 kB
Buffers:            6424 kB
Cached:           847788 kB
SwapCached:           20 kB
Active:          1108240 kB
Inactive:         592848 kB
Active(anon):     681732 kB
Inactive(anon):   170516 kB
Active(file):     426508 kB
Inactive(file):   422332 kB
Unevictable:        3920 kB
Mlocked:               0 kB
SwapTotal:        524284 kB
SwapFree:         516032 kB
Dirty:               876 kB
Writeback:             0 kB
AnonPages:        850796 kB
Mapped:           466556 kB
Shmem:              1452 kB
Slab:             102936 kB
SReclaimable:      31480 kB
SUnreclaim:        71456 kB
KernelStack:       39152 kB
PageTables:        41796 kB
NFS_Unstable:          0 kB
Bounce:                0 kB
WritebackTmp:          0 kB
CommitLimit:     1815632 kB
Committed_AS:   115058244 kB
VmallocTotal:   251658176 kB
VmallocUsed:      124412 kB
VmallocChunk:   251425700 kB
Time pass: 249 sec

---2015-12-18 17:09:26
MemTotal:        2582696 kB
MemFree:          112708 kB
Buffers:            6424 kB
Cached:           847896 kB
SwapCached:           20 kB
Active:          1109092 kB
Inactive:         592940 kB
Active(anon):     682568 kB
Inactive(anon):   170532 kB
Active(file):     426524 kB
Inactive(file):   422408 kB
Unevictable:        3920 kB
Mlocked:               0 kB
SwapTotal:        524284 kB
SwapFree:         516032 kB
Dirty:               964 kB
Writeback:             0 kB
AnonPages:        851516 kB
Mapped:           466604 kB
Shmem:              1468 kB
Slab:             102952 kB
SReclaimable:      31484 kB
SUnreclaim:        71468 kB
KernelStack:       39168 kB
PageTables:        41800 kB
NFS_Unstable:          0 kB
Bounce:                0 kB
WritebackTmp:          0 kB
CommitLimit:     1815632 kB
Committed_AS:   115058292 kB
VmallocTotal:   251658176 kB
VmallocUsed:      124412 kB
VmallocChunk:   251425700 kB
Time pass: 253 sec

---2015-12-18 17:09:26
MemTotal:        2582696 kB
MemFree:          113084 kB
Buffers:            6424 kB
Cached:           847804 kB
SwapCached:           20 kB
Active:          1109168 kB
Inactive:         592864 kB
Active(anon):     682660 kB
Inactive(anon):   170532 kB
Active(file):     426508 kB
Inactive(file):   422332 kB
Unevictable:        3920 kB
Mlocked:               0 kB
SwapTotal:        524284 kB
SwapFree:         516032 kB
Dirty:               872 kB
Writeback:             0 kB
AnonPages:        851808 kB
Mapped:           466352 kB
Shmem:              1468 kB
Slab:             102944 kB
SReclaimable:      31484 kB
SUnreclaim:        71460 kB
KernelStack:       39136 kB
PageTables:        41792 kB
NFS_Unstable:          0 kB
Bounce:                0 kB
WritebackTmp:          0 kB
CommitLimit:     1815632 kB
Committed_AS:   115058228 kB
VmallocTotal:   251658176 kB
VmallocUsed:      124412 kB
VmallocChunk:   251425700 kB
Time pass: 257 sec

---2015-12-18 17:09:26
MemTotal:        2582696 kB
MemFree:          112988 kB
Buffers:            6424 kB
Cached:           847804 kB
SwapCached:           20 kB
Active:          1109408 kB
Inactive:         592864 kB
Active(anon):     682900 kB
Inactive(anon):   170532 kB
Active(file):     426508 kB
Inactive(file):   422332 kB
Unevictable:        3920 kB
Mlocked:               0 kB
SwapTotal:        524284 kB
SwapFree:         516032 kB
Dirty:               880 kB
Writeback:             0 kB
AnonPages:        852192 kB
Mapped:           466572 kB
Shmem:              1468 kB
Slab:             102964 kB
SReclaimable:      31484 kB
SUnreclaim:        71480 kB
KernelStack:       39152 kB
PageTables:        41800 kB
NFS_Unstable:          0 kB
Bounce:                0 kB
WritebackTmp:          0 kB
CommitLimit:     1815632 kB
Committed_AS:   115058244 kB
VmallocTotal:   251658176 kB
VmallocUsed:      124412 kB
VmallocChunk:   251425700 kB
Time pass: 260 sec

---2015-12-18 17:09:26
MemTotal:        2582696 kB
MemFree:          112940 kB
Buffers:            6424 kB
Cached:           847820 kB
SwapCached:           20 kB
Active:          1109032 kB
Inactive:         592880 kB
Active(anon):     682524 kB
Inactive(anon):   170548 kB
Active(file):     426508 kB
Inactive(file):   422332 kB
Unevictable:        3920 kB
Mlocked:               0 kB
SwapTotal:        524284 kB
SwapFree:         516032 kB
Dirty:               876 kB
Writeback:             0 kB
AnonPages:        851636 kB
Mapped:           466588 kB
Shmem:              1484 kB
Slab:             103104 kB
SReclaimable:      31480 kB
SUnreclaim:        71624 kB
KernelStack:       39152 kB
PageTables:        41804 kB
NFS_Unstable:          0 kB
Bounce:                0 kB
WritebackTmp:          0 kB
CommitLimit:     1815632 kB
Committed_AS:   115058236 kB
VmallocTotal:   251658176 kB
VmallocUsed:      124412 kB
VmallocChunk:   251425700 kB
Time pass: 264 sec

---2015-12-18 17:09:26
MemTotal:        2582696 kB
MemFree:          112500 kB
Buffers:            6424 kB
Cached:           847820 kB
SwapCached:           20 kB
Active:          1109220 kB
Inactive:         592880 kB
Active(anon):     682712 kB
Inactive(anon):   170548 kB
Active(file):     426508 kB
Inactive(file):   422332 kB
Unevictable:        3920 kB
Mlocked:               0 kB
SwapTotal:        524284 kB
SwapFree:         516032 kB
Dirty:               876 kB
Writeback:             0 kB
AnonPages:        851828 kB
Mapped:           466368 kB
Shmem:              1484 kB
Slab:             102936 kB
SReclaimable:      31480 kB
SUnreclaim:        71456 kB
KernelStack:       39152 kB
PageTables:        41800 kB
NFS_Unstable:          0 kB
Bounce:                0 kB
WritebackTmp:          0 kB
CommitLimit:     1815632 kB
Committed_AS:   115058236 kB
VmallocTotal:   251658176 kB
VmallocUsed:      124412 kB
VmallocChunk:   251425700 kB
Time pass: 268 sec

---2015-12-18 17:09:26
MemTotal:        2582696 kB
MemFree:          111072 kB
Buffers:            6424 kB
Cached:           849184 kB
SwapCached:           20 kB
Active:          1109848 kB
Inactive:         594248 kB
Active(anon):     683344 kB
Inactive(anon):   170548 kB
Active(file):     426504 kB
Inactive(file):   423700 kB
Unevictable:        3920 kB
Mlocked:               0 kB
SwapTotal:        524284 kB
SwapFree:         516032 kB
Dirty:               872 kB
Writeback:             0 kB
AnonPages:        852408 kB
Mapped:           466932 kB
Shmem:              1484 kB
Slab:             102932 kB
SReclaimable:      31480 kB
SUnreclaim:        71452 kB
KernelStack:       39152 kB
PageTables:        41800 kB
NFS_Unstable:          0 kB
Bounce:                0 kB
WritebackTmp:          0 kB
CommitLimit:     1815632 kB
Committed_AS:   115058236 kB
VmallocTotal:   251658176 kB
VmallocUsed:      124412 kB
VmallocChunk:   251425700 kB
Time pass: 271 sec

---2015-12-18 17:09:26
MemTotal:        2582696 kB
MemFree:          109468 kB
Buffers:            6424 kB
Cached:           849292 kB
SwapCached:           20 kB
Active:          1110748 kB
Inactive:         594356 kB
Active(anon):     684244 kB
Inactive(anon):   170548 kB
Active(file):     426504 kB
Inactive(file):   423808 kB
Unevictable:        3920 kB
Mlocked:               0 kB
SwapTotal:        524284 kB
SwapFree:         516032 kB
Dirty:               872 kB
Writeback:             0 kB
AnonPages:        853236 kB
Mapped:           466936 kB
Shmem:              1484 kB
Slab:             102920 kB
SReclaimable:      31484 kB
SUnreclaim:        71436 kB
KernelStack:       39152 kB
PageTables:        41796 kB
NFS_Unstable:          0 kB
Bounce:                0 kB
WritebackTmp:          0 kB
CommitLimit:     1815632 kB
Committed_AS:   115058212 kB
VmallocTotal:   251658176 kB
VmallocUsed:      124412 kB
VmallocChunk:   251425700 kB
Time pass: 275 sec

---2015-12-18 17:09:26
MemTotal:        2582696 kB
MemFree:          109560 kB
Buffers:            6424 kB
Cached:           849240 kB
SwapCached:           20 kB
Active:          1108812 kB
Inactive:         596624 kB
Active(anon):     683856 kB
Inactive(anon):   171320 kB
Active(file):     424956 kB
Inactive(file):   425304 kB
Unevictable:        3920 kB
Mlocked:               0 kB
SwapTotal:        524284 kB
SwapFree:         515976 kB
Dirty:               872 kB
Writeback:             0 kB
AnonPages:        853744 kB
Mapped:           467276 kB
Shmem:              1484 kB
Slab:             103084 kB
SReclaimable:      31484 kB
SUnreclaim:        71600 kB
KernelStack:       39152 kB
PageTables:        41832 kB
NFS_Unstable:          0 kB
Bounce:                0 kB
WritebackTmp:          0 kB
CommitLimit:     1815632 kB
Committed_AS:   115058236 kB
VmallocTotal:   251658176 kB
VmallocUsed:      124412 kB
VmallocChunk:   251425700 kB
Time pass: 279 sec

---2015-12-18 17:09:26
MemTotal:        2582696 kB
MemFree:          109916 kB
Buffers:            6424 kB
Cached:           849240 kB
SwapCached:           20 kB
Active:          1109336 kB
Inactive:         596624 kB
Active(anon):     684380 kB
Inactive(anon):   171320 kB
Active(file):     424956 kB
Inactive(file):   425304 kB
Unevictable:        3920 kB
Mlocked:               0 kB
SwapTotal:        524284 kB
SwapFree:         515976 kB
Dirty:               876 kB
Writeback:             0 kB
AnonPages:        854128 kB
Mapped:           467276 kB
Shmem:              1484 kB
Slab:             102940 kB
SReclaimable:      31500 kB
SUnreclaim:        71440 kB
KernelStack:       39152 kB
PageTables:        41796 kB
NFS_Unstable:          0 kB
Bounce:                0 kB
WritebackTmp:          0 kB
CommitLimit:     1815632 kB
Committed_AS:   115058244 kB
VmallocTotal:   251658176 kB
VmallocUsed:      124412 kB
VmallocChunk:   251425700 kB
Time pass: 283 sec

---2015-12-18 17:09:26
MemTotal:        2582696 kB
MemFree:          108560 kB
Buffers:            6424 kB
Cached:           849244 kB
SwapCached:           20 kB
Active:          1110088 kB
Inactive:         596628 kB
Active(anon):     685132 kB
Inactive(anon):   171320 kB
Active(file):     424956 kB
Inactive(file):   425308 kB
Unevictable:        3920 kB
Mlocked:               0 kB
SwapTotal:        524284 kB
SwapFree:         515976 kB
Dirty:               888 kB
Writeback:             0 kB
AnonPages:        854940 kB
Mapped:           467296 kB
Shmem:              1484 kB
Slab:             102936 kB
SReclaimable:      31508 kB
SUnreclaim:        71428 kB
KernelStack:       39168 kB
PageTables:        41796 kB
NFS_Unstable:          0 kB
Bounce:                0 kB
WritebackTmp:          0 kB
CommitLimit:     1815632 kB
Committed_AS:   115058260 kB
VmallocTotal:   251658176 kB
VmallocUsed:      124412 kB
VmallocChunk:   251425700 kB
Time pass: 286 sec

---2015-12-18 17:09:26
MemTotal:        2582696 kB
MemFree:          108020 kB
Buffers:            6432 kB
Cached:           848008 kB
SwapCached:           20 kB
Active:          1110432 kB
Inactive:         596408 kB
Active(anon):     685972 kB
Inactive(anon):   171832 kB
Active(file):     424460 kB
Inactive(file):   424576 kB
Unevictable:        3920 kB
Mlocked:               0 kB
SwapTotal:        524284 kB
SwapFree:         515976 kB
Dirty:              1004 kB
Writeback:             0 kB
AnonPages:        856208 kB
Mapped:           467380 kB
Shmem:              1484 kB
Slab:             102968 kB
SReclaimable:      31528 kB
SUnreclaim:        71440 kB
KernelStack:       39168 kB
PageTables:        41824 kB
NFS_Unstable:          0 kB
Bounce:                0 kB
WritebackTmp:          0 kB
CommitLimit:     1815632 kB
Committed_AS:   115058260 kB
VmallocTotal:   251658176 kB
VmallocUsed:      124412 kB
VmallocChunk:   251425700 kB
Time pass: 290 sec

---2015-12-18 17:09:26
MemTotal:        2582696 kB
MemFree:          109360 kB
Buffers:            6432 kB
Cached:           848028 kB
SwapCached:           20 kB
Active:          1109452 kB
Inactive:         596428 kB
Active(anon):     684992 kB
Inactive(anon):   171852 kB
Active(file):     424460 kB
Inactive(file):   424576 kB
Unevictable:        3920 kB
Mlocked:               0 kB
SwapTotal:        524284 kB
SwapFree:         515976 kB
Dirty:               984 kB
Writeback:             0 kB
AnonPages:        855340 kB
Mapped:           467096 kB
Shmem:              1504 kB
Slab:             103004 kB
SReclaimable:      31552 kB
SUnreclaim:        71452 kB
KernelStack:       39168 kB
PageTables:        41800 kB
NFS_Unstable:          0 kB
Bounce:                0 kB
WritebackTmp:          0 kB
CommitLimit:     1815632 kB
Committed_AS:   115058300 kB
VmallocTotal:   251658176 kB
VmallocUsed:      124412 kB
VmallocChunk:   251425700 kB
Time pass: 294 sec

---2015-12-18 17:09:26
MemTotal:        2582696 kB
MemFree:          109080 kB
Buffers:            6432 kB
Cached:           848028 kB
SwapCached:           20 kB
Active:          1109648 kB
Inactive:         596428 kB
Active(anon):     685188 kB
Inactive(anon):   171852 kB
Active(file):     424460 kB
Inactive(file):   424576 kB
Unevictable:        3920 kB
Mlocked:               0 kB
SwapTotal:        524284 kB
SwapFree:         515976 kB
Dirty:               984 kB
Writeback:             0 kB
AnonPages:        855576 kB
Mapped:           467320 kB
Shmem:              1504 kB
Slab:             103008 kB
SReclaimable:      31548 kB
SUnreclaim:        71460 kB
KernelStack:       39168 kB
PageTables:        41800 kB
NFS_Unstable:          0 kB
Bounce:                0 kB
WritebackTmp:          0 kB
CommitLimit:     1815632 kB
Committed_AS:   115058268 kB
VmallocTotal:   251658176 kB
VmallocUsed:      124412 kB
VmallocChunk:   251425700 kB
Time pass: 298 sec

---2015-12-18 17:09:26
MemTotal:        2582696 kB
MemFree:          108868 kB
Buffers:            6432 kB
Cached:           848112 kB
SwapCached:           20 kB
Active:          1109872 kB
Inactive:         596512 kB
Active(anon):     685412 kB
Inactive(anon):   171936 kB
Active(file):     424460 kB
Inactive(file):   424576 kB
Unevictable:        3920 kB
Mlocked:               0 kB
SwapTotal:        524284 kB
SwapFree:         515976 kB
Dirty:               988 kB
Writeback:             0 kB
AnonPages:        855772 kB
Mapped:           467404 kB
Shmem:              1588 kB
Slab:             103036 kB
SReclaimable:      31548 kB
SUnreclaim:        71488 kB
KernelStack:       39168 kB
PageTables:        41800 kB
NFS_Unstable:          0 kB
Bounce:                0 kB
WritebackTmp:          0 kB
CommitLimit:     1815632 kB
Committed_AS:   115058260 kB
VmallocTotal:   251658176 kB
VmallocUsed:      124412 kB
VmallocChunk:   251425700 kB
Time pass: 302 sec

---2015-12-18 17:09:26
MemTotal:        2582696 kB
MemFree:          108604 kB
Buffers:            6432 kB
Cached:           848112 kB
SwapCached:           20 kB
Active:          1110044 kB
Inactive:         596512 kB
Active(anon):     685584 kB
Inactive(anon):   171936 kB
Active(file):     424460 kB
Inactive(file):   424576 kB
Unevictable:        3920 kB
Mlocked:               0 kB
SwapTotal:        524284 kB
SwapFree:         515976 kB
Dirty:               988 kB
Writeback:             0 kB
AnonPages:        855976 kB
Mapped:           467404 kB
Shmem:              1588 kB
Slab:             103048 kB
SReclaimable:      31552 kB
SUnreclaim:        71496 kB
KernelStack:       39168 kB
PageTables:        41796 kB
NFS_Unstable:          0 kB
Bounce:                0 kB
WritebackTmp:          0 kB
CommitLimit:     1815632 kB
Committed_AS:   115058268 kB
VmallocTotal:   251658176 kB
VmallocUsed:      124412 kB
VmallocChunk:   251425700 kB
Time pass: 306 sec

---2015-12-18 17:09:26
MemTotal:        2582696 kB
MemFree:          108244 kB
Buffers:            6432 kB
Cached:           848112 kB
SwapCached:           20 kB
Active:          1110220 kB
Inactive:         596512 kB
Active(anon):     685760 kB
Inactive(anon):   171936 kB
Active(file):     424460 kB
Inactive(file):   424576 kB
Unevictable:        3920 kB
Mlocked:               0 kB
SwapTotal:        524284 kB
SwapFree:         515976 kB
Dirty:               988 kB
Writeback:             0 kB
AnonPages:        856160 kB
Mapped:           467404 kB
Shmem:              1588 kB
Slab:             103096 kB
SReclaimable:      31556 kB
SUnreclaim:        71540 kB
KernelStack:       39168 kB
PageTables:        41796 kB
NFS_Unstable:          0 kB
Bounce:                0 kB
WritebackTmp:          0 kB
CommitLimit:     1815632 kB
Committed_AS:   115058260 kB
VmallocTotal:   251658176 kB
VmallocUsed:      124412 kB
VmallocChunk:   251425700 kB
Time pass: 310 sec

---2015-12-18 17:09:26
MemTotal:        2582696 kB
MemFree:          107584 kB
Buffers:            6432 kB
Cached:           848112 kB
SwapCached:           20 kB
Active:          1110644 kB
Inactive:         596512 kB
Active(anon):     686184 kB
Inactive(anon):   171936 kB
Active(file):     424460 kB
Inactive(file):   424576 kB
Unevictable:        3920 kB
Mlocked:               0 kB
SwapTotal:        524284 kB
SwapFree:         515976 kB
Dirty:               984 kB
Writeback:             0 kB
AnonPages:        856552 kB
Mapped:           467404 kB
Shmem:              1588 kB
Slab:             103136 kB
SReclaimable:      31556 kB
SUnreclaim:        71580 kB
KernelStack:       39168 kB
PageTables:        41800 kB
NFS_Unstable:          0 kB
Bounce:                0 kB
WritebackTmp:          0 kB
CommitLimit:     1815632 kB
Committed_AS:   115058180 kB
VmallocTotal:   251658176 kB
VmallocUsed:      124412 kB
VmallocChunk:   251425700 kB
Time pass: 314 sec

---2015-12-18 17:09:26
MemTotal:        2582696 kB
MemFree:          107364 kB
Buffers:            6432 kB
Cached:           848112 kB
SwapCached:           20 kB
Active:          1110840 kB
Inactive:         596512 kB
Active(anon):     686380 kB
Inactive(anon):   171936 kB
Active(file):     424460 kB
Inactive(file):   424576 kB
Unevictable:        3920 kB
Mlocked:               0 kB
SwapTotal:        524284 kB
SwapFree:         515976 kB
Dirty:               984 kB
Writeback:             0 kB
AnonPages:        856724 kB
Mapped:           467404 kB
Shmem:              1588 kB
Slab:             103140 kB
SReclaimable:      31556 kB
SUnreclaim:        71584 kB
KernelStack:       39168 kB
PageTables:        41796 kB
NFS_Unstable:          0 kB
Bounce:                0 kB
WritebackTmp:          0 kB
CommitLimit:     1815632 kB
Committed_AS:   115058260 kB
VmallocTotal:   251658176 kB
VmallocUsed:      124412 kB
VmallocChunk:   251425700 kB
Time pass: 318 sec

---2015-12-18 17:09:26
MemTotal:        2582696 kB
MemFree:          111096 kB
Buffers:            6432 kB
Cached:           848112 kB
SwapCached:           20 kB
Active:          1109940 kB
Inactive:         594636 kB
Active(anon):     683604 kB
Inactive(anon):   171936 kB
Active(file):     426336 kB
Inactive(file):   422700 kB
Unevictable:        3920 kB
Mlocked:               0 kB
SwapTotal:        524284 kB
SwapFree:         515976 kB
Dirty:               988 kB
Writeback:             0 kB
AnonPages:        853908 kB
Mapped:           467316 kB
Shmem:              1588 kB
Slab:             103084 kB
SReclaimable:      31556 kB
SUnreclaim:        71528 kB
KernelStack:       39136 kB
PageTables:        41732 kB
NFS_Unstable:          0 kB
Bounce:                0 kB
WritebackTmp:          0 kB
CommitLimit:     1815632 kB
Committed_AS:   115058228 kB
VmallocTotal:   251658176 kB
VmallocUsed:      124412 kB
VmallocChunk:   251425700 kB
Time pass: 322 sec

---2015-12-18 17:09:26
MemTotal:        2582696 kB
MemFree:          112232 kB
Buffers:            6432 kB
Cached:           848112 kB
SwapCached:           20 kB
Active:          1108048 kB
Inactive:         594636 kB
Active(anon):     681712 kB
Inactive(anon):   171936 kB
Active(file):     426336 kB
Inactive(file):   422700 kB
Unevictable:        3920 kB
Mlocked:               0 kB
SwapTotal:        524284 kB
SwapFree:         515976 kB
Dirty:               988 kB
Writeback:             0 kB
AnonPages:        852088 kB
Mapped:           467260 kB
Shmem:              1588 kB
Slab:             103100 kB
SReclaimable:      31556 kB
SUnreclaim:        71544 kB
KernelStack:       39136 kB
PageTables:        41788 kB
NFS_Unstable:          0 kB
Bounce:                0 kB
WritebackTmp:          0 kB
CommitLimit:     1815632 kB
Committed_AS:   115058172 kB
VmallocTotal:   251658176 kB
VmallocUsed:      124412 kB
VmallocChunk:   251425700 kB
Time pass: 326 sec

---2015-12-18 17:09:26
MemTotal:        2582696 kB
MemFree:          111544 kB
Buffers:            6432 kB
Cached:           848132 kB
SwapCached:           20 kB
Active:          1108436 kB
Inactive:         594656 kB
Active(anon):     682100 kB
Inactive(anon):   171956 kB
Active(file):     426336 kB
Inactive(file):   422700 kB
Unevictable:        3920 kB
Mlocked:               0 kB
SwapTotal:        524284 kB
SwapFree:         515976 kB
Dirty:               984 kB
Writeback:             0 kB
AnonPages:        852480 kB
Mapped:           467316 kB
Shmem:              1608 kB
Slab:             103096 kB
SReclaimable:      31556 kB
SUnreclaim:        71540 kB
KernelStack:       39136 kB
PageTables:        41788 kB
NFS_Unstable:          0 kB
Bounce:                0 kB
WritebackTmp:          0 kB
CommitLimit:     1815632 kB
Committed_AS:   115058188 kB
VmallocTotal:   251658176 kB
VmallocUsed:      124412 kB
VmallocChunk:   251425700 kB
Time pass: 330 sec

---2015-12-18 17:09:26
MemTotal:        2582696 kB
MemFree:          110776 kB
Buffers:            6432 kB
Cached:           848132 kB
SwapCached:           20 kB
Active:          1109048 kB
Inactive:         594656 kB
Active(anon):     682712 kB
Inactive(anon):   171956 kB
Active(file):     426336 kB
Inactive(file):   422700 kB
Unevictable:        3920 kB
Mlocked:               0 kB
SwapTotal:        524284 kB
SwapFree:         515976 kB
Dirty:               984 kB
Writeback:             0 kB
AnonPages:        852996 kB
Mapped:           467268 kB
Shmem:              1608 kB
Slab:             103104 kB
SReclaimable:      31556 kB
SUnreclaim:        71548 kB
KernelStack:       39136 kB
PageTables:        41760 kB
NFS_Unstable:          0 kB
Bounce:                0 kB
WritebackTmp:          0 kB
CommitLimit:     1815632 kB
Committed_AS:   115058188 kB
VmallocTotal:   251658176 kB
VmallocUsed:      124412 kB
VmallocChunk:   251425700 kB
Time pass: 334 sec

---2015-12-18 17:09:26
MemTotal:        2582696 kB
MemFree:          110252 kB
Buffers:            6432 kB
Cached:           848132 kB
SwapCached:           20 kB
Active:          1109784 kB
Inactive:         594656 kB
Active(anon):     683448 kB
Inactive(anon):   171956 kB
Active(file):     426336 kB
Inactive(file):   422700 kB
Unevictable:        3920 kB
Mlocked:               0 kB
SwapTotal:        524284 kB
SwapFree:         515976 kB
Dirty:               984 kB
Writeback:             0 kB
AnonPages:        853804 kB
Mapped:           467352 kB
Shmem:              1608 kB
Slab:             103260 kB
SReclaimable:      31556 kB
SUnreclaim:        71704 kB
KernelStack:       39136 kB
PageTables:        41788 kB
NFS_Unstable:          0 kB
Bounce:                0 kB
WritebackTmp:          0 kB
CommitLimit:     1815632 kB
Committed_AS:   115058196 kB
VmallocTotal:   251658176 kB
VmallocUsed:      124412 kB
VmallocChunk:   251425700 kB
Time pass: 338 sec

---2015-12-18 17:09:26
MemTotal:        2582696 kB
MemFree:          107720 kB
Buffers:            6432 kB
Cached:           848704 kB
SwapCached:           20 kB
Active:          1112216 kB
Inactive:         595216 kB
Active(anon):     685868 kB
Inactive(anon):   171976 kB
Active(file):     426348 kB
Inactive(file):   423240 kB
Unevictable:        3920 kB
Mlocked:               0 kB
SwapTotal:        524284 kB
SwapFree:         515976 kB
Dirty:              1012 kB
Writeback:             0 kB
AnonPages:        856288 kB
Mapped:           467428 kB
Shmem:              1628 kB
Slab:             103144 kB
SReclaimable:      31556 kB
SUnreclaim:        71588 kB
KernelStack:       39136 kB
PageTables:        41792 kB
NFS_Unstable:          0 kB
Bounce:                0 kB
WritebackTmp:          0 kB
CommitLimit:     1815632 kB
Committed_AS:   115062348 kB
VmallocTotal:   251658176 kB
VmallocUsed:      124412 kB
VmallocChunk:   251425700 kB
Time pass: 342 sec

---2015-12-18 17:09:26
MemTotal:        2582696 kB
MemFree:          106440 kB
Buffers:            6432 kB
Cached:           848724 kB
SwapCached:           20 kB
Active:          1112936 kB
Inactive:         595236 kB
Active(anon):     686588 kB
Inactive(anon):   171992 kB
Active(file):     426348 kB
Inactive(file):   423244 kB
Unevictable:        3920 kB
Mlocked:               0 kB
SwapTotal:        524284 kB
SwapFree:         515976 kB
Dirty:              1012 kB
Writeback:             0 kB
AnonPages:        856820 kB
Mapped:           467456 kB
Shmem:              1644 kB
Slab:             103168 kB
SReclaimable:      31560 kB
SUnreclaim:        71608 kB
KernelStack:       39136 kB
PageTables:        41800 kB
NFS_Unstable:          0 kB
Bounce:                0 kB
WritebackTmp:          0 kB
CommitLimit:     1815632 kB
Committed_AS:   115062260 kB
VmallocTotal:   251658176 kB
VmallocUsed:      124412 kB
VmallocChunk:   251425700 kB
Time pass: 346 sec

---2015-12-18 17:09:26
MemTotal:        2582696 kB
MemFree:          114260 kB
Buffers:            6432 kB
Cached:           842436 kB
SwapCached:           20 kB
Active:          1106584 kB
Inactive:         593672 kB
Active(anon):     685060 kB
Inactive(anon):   171956 kB
Active(file):     421524 kB
Inactive(file):   421716 kB
Unevictable:        3920 kB
Mlocked:               0 kB
SwapTotal:        524284 kB
SwapFree:         515584 kB
Dirty:              1792 kB
Writeback:             0 kB
AnonPages:        855372 kB
Mapped:           467456 kB
Shmem:              1644 kB
Slab:             103256 kB
SReclaimable:      31560 kB
SUnreclaim:        71696 kB
KernelStack:       39120 kB
PageTables:        41796 kB
NFS_Unstable:          0 kB
Bounce:                0 kB
WritebackTmp:          0 kB
CommitLimit:     1815632 kB
Committed_AS:   115062284 kB
VmallocTotal:   251658176 kB
VmallocUsed:      124412 kB
VmallocChunk:   251425700 kB
Time pass: 350 sec

---2015-12-18 17:09:26
MemTotal:        2582696 kB
MemFree:          114324 kB
Buffers:            6440 kB
Cached:           842360 kB
SwapCached:           20 kB
Active:          1106720 kB
Inactive:         593708 kB
Active(anon):     685240 kB
Inactive(anon):   171952 kB
Active(file):     421480 kB
Inactive(file):   421756 kB
Unevictable:        3920 kB
Mlocked:               0 kB
SwapTotal:        524284 kB
SwapFree:         515584 kB
Dirty:              1812 kB
Writeback:             0 kB
AnonPages:        855548 kB
Mapped:           467456 kB
Shmem:              1644 kB
Slab:             103316 kB
SReclaimable:      31668 kB
SUnreclaim:        71648 kB
KernelStack:       39136 kB
PageTables:        41796 kB
NFS_Unstable:          0 kB
Bounce:                0 kB
WritebackTmp:          0 kB
CommitLimit:     1815632 kB
Committed_AS:   115062252 kB
VmallocTotal:   251658176 kB
VmallocUsed:      124412 kB
VmallocChunk:   251425700 kB
Time pass: 353 sec

---2015-12-18 17:09:26
MemTotal:        2582696 kB
MemFree:          113492 kB
Buffers:            6440 kB
Cached:           842364 kB
SwapCached:           20 kB
Active:          1107412 kB
Inactive:         593712 kB
Active(anon):     685932 kB
Inactive(anon):   171952 kB
Active(file):     421480 kB
Inactive(file):   421760 kB
Unevictable:        3920 kB
Mlocked:               0 kB
SwapTotal:        524284 kB
SwapFree:         515584 kB
Dirty:              1036 kB
Writeback:             0 kB
AnonPages:        856624 kB
Mapped:           467456 kB
Shmem:              1644 kB
Slab:             103352 kB
SReclaimable:      31668 kB
SUnreclaim:        71684 kB
KernelStack:       39104 kB
PageTables:        41792 kB
NFS_Unstable:          0 kB
Bounce:                0 kB
WritebackTmp:          0 kB
CommitLimit:     1815632 kB
Committed_AS:   115062196 kB
VmallocTotal:   251658176 kB
VmallocUsed:      124412 kB
VmallocChunk:   251425700 kB
Time pass: 357 sec

---2015-12-18 17:09:26
MemTotal:        2582696 kB
MemFree:          114964 kB
Buffers:            6440 kB
Cached:           842368 kB
SwapCached:           20 kB
Active:          1106332 kB
Inactive:         593716 kB
Active(anon):     684852 kB
Inactive(anon):   171952 kB
Active(file):     421480 kB
Inactive(file):   421764 kB
Unevictable:        3920 kB
Mlocked:               0 kB
SwapTotal:        524284 kB
SwapFree:         515584 kB
Dirty:              1040 kB
Writeback:             0 kB
AnonPages:        855248 kB
Mapped:           467320 kB
Shmem:              1644 kB
Slab:             103384 kB
SReclaimable:      31668 kB
SUnreclaim:        71716 kB
KernelStack:       39120 kB
PageTables:        41824 kB
NFS_Unstable:          0 kB
Bounce:                0 kB
WritebackTmp:          0 kB
CommitLimit:     1815632 kB
Committed_AS:   115062260 kB
VmallocTotal:   251658176 kB
VmallocUsed:      124412 kB
VmallocChunk:   251425700 kB
Time pass: 360 sec

---2015-12-18 17:09:26
MemTotal:        2582696 kB
MemFree:          114952 kB
Buffers:            6440 kB
Cached:           842384 kB
SwapCached:           20 kB
Active:          1106316 kB
Inactive:         593732 kB
Active(anon):     684836 kB
Inactive(anon):   171968 kB
Active(file):     421480 kB
Inactive(file):   421764 kB
Unevictable:        3920 kB
Mlocked:               0 kB
SwapTotal:        524284 kB
SwapFree:         515584 kB
Dirty:              1032 kB
Writeback:             0 kB
AnonPages:        855188 kB
Mapped:           467476 kB
Shmem:              1660 kB
Slab:             103452 kB
SReclaimable:      31668 kB
SUnreclaim:        71784 kB
KernelStack:       39120 kB
PageTables:        41800 kB
NFS_Unstable:          0 kB
Bounce:                0 kB
WritebackTmp:          0 kB
CommitLimit:     1815632 kB
Committed_AS:   115062212 kB
VmallocTotal:   251658176 kB
VmallocUsed:      124412 kB
VmallocChunk:   251425700 kB
Time pass: 364 sec

---2015-12-18 17:09:26
MemTotal:        2582696 kB
MemFree:          114208 kB
Buffers:            6440 kB
Cached:           842384 kB
SwapCached:           20 kB
Active:          1106936 kB
Inactive:         593732 kB
Active(anon):     685456 kB
Inactive(anon):   171968 kB
Active(file):     421480 kB
Inactive(file):   421764 kB
Unevictable:        3920 kB
Mlocked:               0 kB
SwapTotal:        524284 kB
SwapFree:         515584 kB
Dirty:              1032 kB
Writeback:             0 kB
AnonPages:        855772 kB
Mapped:           467560 kB
Shmem:              1660 kB
Slab:             103476 kB
SReclaimable:      31672 kB
SUnreclaim:        71804 kB
KernelStack:       39120 kB
PageTables:        41828 kB
NFS_Unstable:          0 kB
Bounce:                0 kB
WritebackTmp:          0 kB
CommitLimit:     1815632 kB
Committed_AS:   115062260 kB
VmallocTotal:   251658176 kB
VmallocUsed:      124412 kB
VmallocChunk:   251425700 kB
Time pass: 368 sec

---2015-12-18 17:09:26
MemTotal:        2582696 kB
MemFree:          113988 kB
Buffers:            6440 kB
Cached:           842384 kB
SwapCached:           20 kB
Active:          1107348 kB
Inactive:         593732 kB
Active(anon):     685868 kB
Inactive(anon):   171968 kB
Active(file):     421480 kB
Inactive(file):   421764 kB
Unevictable:        3920 kB
Mlocked:               0 kB
SwapTotal:        524284 kB
SwapFree:         515584 kB
Dirty:              1032 kB
Writeback:             0 kB
AnonPages:        856528 kB
Mapped:           467476 kB
Shmem:              1660 kB
Slab:             103428 kB
SReclaimable:      31676 kB
SUnreclaim:        71752 kB
KernelStack:       39152 kB
PageTables:        41832 kB
NFS_Unstable:          0 kB
Bounce:                0 kB
WritebackTmp:          0 kB
CommitLimit:     1815632 kB
Committed_AS:   115062252 kB
VmallocTotal:   251658176 kB
VmallocUsed:      124412 kB
VmallocChunk:   251425700 kB
Time pass: 372 sec

---2015-12-18 17:09:26
MemTotal:        2582696 kB
MemFree:          113416 kB
Buffers:            6440 kB
Cached:           842384 kB
SwapCached:           20 kB
Active:          1107760 kB
Inactive:         593732 kB
Active(anon):     686280 kB
Inactive(anon):   171968 kB
Active(file):     421480 kB
Inactive(file):   421764 kB
Unevictable:        3920 kB
Mlocked:               0 kB
SwapTotal:        524284 kB
SwapFree:         515584 kB
Dirty:              1032 kB
Writeback:             0 kB
AnonPages:        856632 kB
Mapped:           467476 kB
Shmem:              1660 kB
Slab:             103436 kB
SReclaimable:      31676 kB
SUnreclaim:        71760 kB
KernelStack:       39120 kB
PageTables:        41800 kB
NFS_Unstable:          0 kB
Bounce:                0 kB
WritebackTmp:          0 kB
CommitLimit:     1815632 kB
Committed_AS:   115062252 kB
VmallocTotal:   251658176 kB
VmallocUsed:      124412 kB
VmallocChunk:   251425700 kB
Time pass: 375 sec

---2015-12-18 17:09:26
MemTotal:        2582696 kB
MemFree:          113036 kB
Buffers:            6440 kB
Cached:           842384 kB
SwapCached:           20 kB
Active:          1108164 kB
Inactive:         593732 kB
Active(anon):     686684 kB
Inactive(anon):   171968 kB
Active(file):     421480 kB
Inactive(file):   421764 kB
Unevictable:        3920 kB
Mlocked:               0 kB
SwapTotal:        524284 kB
SwapFree:         515584 kB
Dirty:              1032 kB
Writeback:             0 kB
AnonPages:        857008 kB
Mapped:           467476 kB
Shmem:              1660 kB
Slab:             103440 kB
SReclaimable:      31620 kB
SUnreclaim:        71820 kB
KernelStack:       39104 kB
