---2015-10-26 12:50:36
MemTotal:        1420824 kB
MemFree:          175556 kB
Buffers:           63784 kB
Cached:           510348 kB
SwapCached:         1684 kB
Active:           506852 kB
Inactive:         488312 kB
Active(anon):     168912 kB
Inactive(anon):   253536 kB
Active(file):     337940 kB
Inactive(file):   234776 kB
Unevictable:        1056 kB
Mlocked:               0 kB
HighTotal:       1001472 kB
HighFree:          88404 kB
LowTotal:         419352 kB
LowFree:           87152 kB
SwapTotal:        786428 kB
SwapFree:         756780 kB
Dirty:                 0 kB
Writeback:             0 kB
AnonPages:        420612 kB
Mapped:           164824 kB
Shmem:               360 kB
Slab:              52104 kB
SReclaimable:      20748 kB
SUnreclaim:        31356 kB
KernelStack:        9776 kB
PageTables:        15208 kB
NFS_Unstable:          0 kB
Bounce:                0 kB
WritebackTmp:          0 kB
CommitLimit:     1496840 kB
Committed_AS:   21139512 kB
VmallocTotal:     458752 kB
VmallocUsed:       83056 kB
VmallocChunk:     207900 kB
Time pass: 4 sec

---2015-10-26 12:50:36
MemTotal:        1420824 kB
MemFree:          175556 kB
Buffers:           63784 kB
Cached:           510348 kB
SwapCached:         1684 kB
Active:           506888 kB
Inactive:         488312 kB
Active(anon):     168948 kB
Inactive(anon):   253536 kB
Active(file):     337940 kB
Inactive(file):   234776 kB
Unevictable:        1056 kB
Mlocked:               0 kB
HighTotal:       1001472 kB
HighFree:          88420 kB
LowTotal:         419352 kB
LowFree:           87136 kB
SwapTotal:        786428 kB
SwapFree:         756780 kB
Dirty:                 0 kB
Writeback:             0 kB
AnonPages:        420588 kB
Mapped:           164868 kB
Shmem:               360 kB
Slab:              52104 kB
SReclaimable:      20748 kB
SUnreclaim:        31356 kB
KernelStack:        9792 kB
PageTables:        15224 kB
NFS_Unstable:          0 kB
Bounce:                0 kB
WritebackTmp:          0 kB
CommitLimit:     1496840 kB
Committed_AS:   21139512 kB
VmallocTotal:     458752 kB
VmallocUsed:       83056 kB
VmallocChunk:     207900 kB
Time pass: 8 sec

---2015-10-26 12:50:36
MemTotal:        1420824 kB
MemFree:          175556 kB
Buffers:           63784 kB
Cached:           510348 kB
SwapCached:         1684 kB
Active:           506880 kB
Inactive:         488312 kB
Active(anon):     168940 kB
Inactive(anon):   253536 kB
Active(file):     337940 kB
Inactive(file):   234776 kB
Unevictable:        1056 kB
Mlocked:               0 kB
HighTotal:       1001472 kB
HighFree:          88420 kB
LowTotal:         419352 kB
LowFree:           87136 kB
SwapTotal:        786428 kB
SwapFree:         756780 kB
Dirty:                 0 kB
Writeback:             0 kB
AnonPages:        420592 kB
Mapped:           164868 kB
Shmem:               360 kB
Slab:              52104 kB
SReclaimable:      20748 kB
SUnreclaim:        31356 kB
KernelStack:        9792 kB
PageTables:        15224 kB
NFS_Unstable:          0 kB
Bounce:                0 kB
WritebackTmp:          0 kB
CommitLimit:     1496840 kB
Committed_AS:   21139512 kB
VmallocTotal:     458752 kB
VmallocUsed:       83056 kB
VmallocChunk:     207900 kB
Time pass: 11 sec

---2015-10-26 12:50:36
MemTotal:        1420824 kB
MemFree:          175572 kB
Buffers:           63784 kB
Cached:           510348 kB
SwapCached:         1684 kB
Active:           506904 kB
Inactive:         488312 kB
Active(anon):     168964 kB
Inactive(anon):   253536 kB
Active(file):     337940 kB
Inactive(file):   234776 kB
Unevictable:        1056 kB
Mlocked:               0 kB
HighTotal:       1001472 kB
HighFree:          88420 kB
LowTotal:         419352 kB
LowFree:           87152 kB
SwapTotal:        786428 kB
SwapFree:         756780 kB
Dirty:                 0 kB
Writeback:             0 kB
AnonPages:        420632 kB
Mapped:           164868 kB
Shmem:               360 kB
Slab:              52104 kB
SReclaimable:      20748 kB
SUnreclaim:        31356 kB
KernelStack:        9792 kB
PageTables:        15224 kB
NFS_Unstable:          0 kB
Bounce:                0 kB
WritebackTmp:          0 kB
CommitLimit:     1496840 kB
Committed_AS:   21139512 kB
VmallocTotal:     458752 kB
VmallocUsed:       83056 kB
VmallocChunk:     207900 kB
Time pass: 15 sec

---2015-10-26 12:50:36
MemTotal:        1420824 kB
MemFree:          175604 kB
Buffers:           63784 kB
Cached:           510348 kB
SwapCached:         1684 kB
Active:           506980 kB
Inactive:         488312 kB
Active(anon):     169040 kB
Inactive(anon):   253536 kB
Active(file):     337940 kB
Inactive(file):   234776 kB
Unevictable:        1056 kB
Mlocked:               0 kB
HighTotal:       1001472 kB
HighFree:          88420 kB
LowTotal:         419352 kB
LowFree:           87184 kB
SwapTotal:        786428 kB
SwapFree:         756780 kB
Dirty:                 0 kB
Writeback:             0 kB
AnonPages:        420680 kB
Mapped:           164880 kB
Shmem:               360 kB
Slab:              52072 kB
SReclaimable:      20748 kB
SUnreclaim:        31324 kB
KernelStack:        9792 kB
PageTables:        15224 kB
NFS_Unstable:          0 kB
Bounce:                0 kB
WritebackTmp:          0 kB
CommitLimit:     1496840 kB
Committed_AS:   21139512 kB
VmallocTotal:     458752 kB
VmallocUsed:       83056 kB
VmallocChunk:     207900 kB
Time pass: 19 sec

---2015-10-26 12:50:36
MemTotal:        1420824 kB
MemFree:          175520 kB
Buffers:           63784 kB
Cached:           510348 kB
SwapCached:         1684 kB
Active:           506996 kB
Inactive:         488312 kB
Active(anon):     169056 kB
Inactive(anon):   253536 kB
Active(file):     337940 kB
Inactive(file):   234776 kB
Unevictable:        1056 kB
Mlocked:               0 kB
HighTotal:       1001472 kB
HighFree:          88304 kB
LowTotal:         419352 kB
LowFree:           87216 kB
SwapTotal:        786428 kB
SwapFree:         756780 kB
Dirty:                 0 kB
Writeback:             0 kB
AnonPages:        420696 kB
Mapped:           164880 kB
Shmem:               360 kB
Slab:              52040 kB
SReclaimable:      20748 kB
SUnreclaim:        31292 kB
KernelStack:        9792 kB
PageTables:        15228 kB
NFS_Unstable:          0 kB
Bounce:                0 kB
WritebackTmp:          0 kB
CommitLimit:     1496840 kB
Committed_AS:   21139512 kB
VmallocTotal:     458752 kB
VmallocUsed:       83056 kB
VmallocChunk:     207900 kB
Time pass: 23 sec

---2015-10-26 12:50:36
MemTotal:        1420824 kB
MemFree:          175504 kB
Buffers:           63784 kB
Cached:           510348 kB
SwapCached:         1684 kB
Active:           507000 kB
Inactive:         488312 kB
Active(anon):     169060 kB
Inactive(anon):   253536 kB
Active(file):     337940 kB
Inactive(file):   234776 kB
Unevictable:        1056 kB
Mlocked:               0 kB
HighTotal:       1001472 kB
HighFree:          88304 kB
LowTotal:         419352 kB
LowFree:           87200 kB
SwapTotal:        786428 kB
SwapFree:         756780 kB
Dirty:                 4 kB
Writeback:             0 kB
AnonPages:        420760 kB
Mapped:           164840 kB
Shmem:               360 kB
Slab:              52040 kB
SReclaimable:      20748 kB
SUnreclaim:        31292 kB
KernelStack:        9776 kB
PageTables:        15208 kB
NFS_Unstable:          0 kB
Bounce:                0 kB
WritebackTmp:          0 kB
CommitLimit:     1496840 kB
Committed_AS:   21139512 kB
VmallocTotal:     458752 kB
VmallocUsed:       83056 kB
VmallocChunk:     207900 kB
Time pass: 29 sec

---2015-10-26 12:50:36
MemTotal:        1420824 kB
MemFree:          175504 kB
Buffers:           63784 kB
Cached:           510348 kB
SwapCached:         1684 kB
Active:           507044 kB
Inactive:         488312 kB
Active(anon):     169104 kB
Inactive(anon):   253536 kB
Active(file):     337940 kB
Inactive(file):   234776 kB
Unevictable:        1056 kB
Mlocked:               0 kB
HighTotal:       1001472 kB
HighFree:          88292 kB
LowTotal:         419352 kB
LowFree:           87212 kB
SwapTotal:        786428 kB
SwapFree:         756780 kB
Dirty:                 0 kB
Writeback:             0 kB
AnonPages:        420744 kB
Mapped:           164880 kB
Shmem:               360 kB
Slab:              52040 kB
SReclaimable:      20748 kB
SUnreclaim:        31292 kB
KernelStack:        9800 kB
PageTables:        15224 kB
NFS_Unstable:          0 kB
Bounce:                0 kB
WritebackTmp:          0 kB
CommitLimit:     1496840 kB
Committed_AS:   21139512 kB
VmallocTotal:     458752 kB
VmallocUsed:       83056 kB
VmallocChunk:     207900 kB
Time pass: 34 sec

---2015-10-26 12:50:36
MemTotal:        1420824 kB
MemFree:          175344 kB
Buffers:           63784 kB
Cached:           510348 kB
SwapCached:         1684 kB
Active:           507072 kB
Inactive:         488312 kB
Active(anon):     169132 kB
Inactive(anon):   253536 kB
Active(file):     337940 kB
Inactive(file):   234776 kB
Unevictable:        1056 kB
Mlocked:               0 kB
HighTotal:       1001472 kB
HighFree:          88176 kB
LowTotal:         419352 kB
LowFree:           87168 kB
SwapTotal:        786428 kB
SwapFree:         756780 kB
Dirty:                 0 kB
Writeback:             0 kB
AnonPages:        420784 kB
Mapped:           164840 kB
Shmem:               360 kB
Slab:              52040 kB
SReclaimable:      20748 kB
SUnreclaim:        31292 kB
KernelStack:        9784 kB
PageTables:        15208 kB
NFS_Unstable:          0 kB
Bounce:                0 kB
WritebackTmp:          0 kB
CommitLimit:     1496840 kB
Committed_AS:   21139512 kB
VmallocTotal:     458752 kB
VmallocUsed:       83056 kB
VmallocChunk:     207900 kB
Time pass: 39 sec

---2015-10-26 12:50:36
MemTotal:        1420824 kB
MemFree:          175336 kB
Buffers:           63784 kB
Cached:           510348 kB
SwapCached:         1684 kB
Active:           507096 kB
Inactive:         488312 kB
Active(anon):     169156 kB
Inactive(anon):   253536 kB
Active(file):     337940 kB
Inactive(file):   234776 kB
Unevictable:        1056 kB
Mlocked:               0 kB
HighTotal:       1001472 kB
HighFree:          88164 kB
LowTotal:         419352 kB
LowFree:           87172 kB
SwapTotal:        786428 kB
SwapFree:         756780 kB
Dirty:                 0 kB
Writeback:             0 kB
AnonPages:        420796 kB
Mapped:           164880 kB
Shmem:               360 kB
Slab:              52040 kB
SReclaimable:      20748 kB
SUnreclaim:        31292 kB
KernelStack:        9800 kB
PageTables:        15224 kB
NFS_Unstable:          0 kB
Bounce:                0 kB
WritebackTmp:          0 kB
CommitLimit:     1496840 kB
Committed_AS:   21139512 kB
VmallocTotal:     458752 kB
VmallocUsed:       83056 kB
VmallocChunk:     207900 kB
Time pass: 45 sec

---2015-10-26 12:50:36
MemTotal:        1420824 kB
MemFree:          175336 kB
Buffers:           63784 kB
Cached:           510348 kB
SwapCached:         1684 kB
Active:           507104 kB
Inactive:         488312 kB
Active(anon):     169164 kB
Inactive(anon):   253536 kB
Active(file):     337940 kB
Inactive(file):   234776 kB
Unevictable:        1056 kB
Mlocked:               0 kB
HighTotal:       1001472 kB
HighFree:          88164 kB
LowTotal:         419352 kB
LowFree:           87172 kB
SwapTotal:        786428 kB
SwapFree:         756780 kB
Dirty:                 0 kB
Writeback:             0 kB
AnonPages:        420804 kB
Mapped:           164880 kB
Shmem:               360 kB
Slab:              52040 kB
SReclaimable:      20748 kB
SUnreclaim:        31292 kB
KernelStack:        9800 kB
PageTables:        15224 kB
NFS_Unstable:          0 kB
Bounce:                0 kB
WritebackTmp:          0 kB
CommitLimit:     1496840 kB
Committed_AS:   21139512 kB
VmallocTotal:     458752 kB
VmallocUsed:       83056 kB
VmallocChunk:     207900 kB
Time pass: 49 sec

---2015-10-26 12:50:36
MemTotal:        1420824 kB
MemFree:          175336 kB
Buffers:           63784 kB
Cached:           510348 kB
SwapCached:         1684 kB
Active:           507116 kB
Inactive:         488312 kB
Active(anon):     169176 kB
Inactive(anon):   253536 kB
Active(file):     337940 kB
Inactive(file):   234776 kB
Unevictable:        1056 kB
Mlocked:               0 kB
HighTotal:       1001472 kB
HighFree:          88164 kB
LowTotal:         419352 kB
LowFree:           87172 kB
SwapTotal:        786428 kB
SwapFree:         756780 kB
Dirty:                 0 kB
Writeback:             0 kB
AnonPages:        420832 kB
Mapped:           164880 kB
Shmem:               360 kB
Slab:              52040 kB
SReclaimable:      20748 kB
SUnreclaim:        31292 kB
KernelStack:        9800 kB
PageTables:        15220 kB
NFS_Unstable:          0 kB
Bounce:                0 kB
WritebackTmp:          0 kB
CommitLimit:     1496840 kB
Committed_AS:   21139512 kB
VmallocTotal:     458752 kB
VmallocUsed:       83056 kB
VmallocChunk:     207900 kB
Time pass: 53 sec

---2015-10-26 12:50:36
MemTotal:        1420824 kB
MemFree:          175336 kB
Buffers:           63784 kB
Cached:           510348 kB
SwapCached:         1684 kB
Active:           507116 kB
Inactive:         488312 kB
Active(anon):     169176 kB
Inactive(anon):   253536 kB
Active(file):     337940 kB
Inactive(file):   234776 kB
Unevictable:        1056 kB
Mlocked:               0 kB
HighTotal:       1001472 kB
HighFree:          88164 kB
LowTotal:         419352 kB
LowFree:           87172 kB
SwapTotal:        786428 kB
SwapFree:         756780 kB
Dirty:                 0 kB
Writeback:             0 kB
AnonPages:        420824 kB
Mapped:           164840 kB
Shmem:               360 kB
Slab:              52040 kB
SReclaimable:      20748 kB
SUnreclaim:        31292 kB
KernelStack:        9784 kB
PageTables:        15208 kB
NFS_Unstable:          0 kB
Bounce:                0 kB
WritebackTmp:          0 kB
CommitLimit:     1496840 kB
Committed_AS:   21139512 kB
VmallocTotal:     458752 kB
VmallocUsed:       83056 kB
VmallocChunk:     207900 kB
Time pass: 59 sec

---2015-10-26 12:50:36
MemTotal:        1420824 kB
MemFree:          175368 kB
Buffers:           63784 kB
Cached:           510348 kB
SwapCached:         1684 kB
Active:           507132 kB
Inactive:         488312 kB
Active(anon):     169192 kB
Inactive(anon):   253536 kB
Active(file):     337940 kB
Inactive(file):   234776 kB
Unevictable:        1056 kB
Mlocked:               0 kB
HighTotal:       1001472 kB
HighFree:          88164 kB
LowTotal:         419352 kB
LowFree:           87204 kB
SwapTotal:        786428 kB
SwapFree:         756780 kB
Dirty:                 0 kB
Writeback:             0 kB
AnonPages:        420832 kB
Mapped:           164880 kB
Shmem:               360 kB
Slab:              52008 kB
SReclaimable:      20748 kB
SUnreclaim:        31260 kB
KernelStack:        9800 kB
PageTables:        15224 kB
NFS_Unstable:          0 kB
Bounce:                0 kB
WritebackTmp:          0 kB
CommitLimit:     1496840 kB
Committed_AS:   21139512 kB
VmallocTotal:     458752 kB
VmallocUsed:       83056 kB
VmallocChunk:     207900 kB
Time pass: 63 sec

---2015-10-26 12:50:36
MemTotal:        1420824 kB
MemFree:          175368 kB
Buffers:           63784 kB
Cached:           510348 kB
SwapCached:         1684 kB
Active:           507128 kB
Inactive:         488312 kB
Active(anon):     169188 kB
Inactive(anon):   253536 kB
Active(file):     337940 kB
Inactive(file):   234776 kB
Unevictable:        1056 kB
Mlocked:               0 kB
HighTotal:       1001472 kB
HighFree:          88164 kB
LowTotal:         419352 kB
LowFree:           87204 kB
SwapTotal:        786428 kB
SwapFree:         756780 kB
Dirty:                 0 kB
Writeback:             0 kB
AnonPages:        420836 kB
Mapped:           164840 kB
Shmem:               360 kB
Slab:              52008 kB
SReclaimable:      20748 kB
SUnreclaim:        31260 kB
KernelStack:        9784 kB
PageTables:        15208 kB
NFS_Unstable:          0 kB
Bounce:                0 kB
WritebackTmp:          0 kB
CommitLimit:     1496840 kB
Committed_AS:   21139512 kB
VmallocTotal:     458752 kB
VmallocUsed:       83056 kB
VmallocChunk:     207900 kB
Time pass: 68 sec

---2015-10-26 12:50:36
MemTotal:        1420824 kB
MemFree:          175352 kB
Buffers:           63784 kB
Cached:           510348 kB
SwapCached:         1684 kB
Active:           507128 kB
Inactive:         488312 kB
Active(anon):     169188 kB
Inactive(anon):   253536 kB
Active(file):     337940 kB
Inactive(file):   234776 kB
Unevictable:        1056 kB
Mlocked:               0 kB
HighTotal:       1001472 kB
HighFree:          88164 kB
LowTotal:         419352 kB
LowFree:           87188 kB
SwapTotal:        786428 kB
SwapFree:         756780 kB
Dirty:                 0 kB
Writeback:             0 kB
AnonPages:        420840 kB
Mapped:           164880 kB
Shmem:               360 kB
Slab:              52008 kB
SReclaimable:      20748 kB
SUnreclaim:        31260 kB
KernelStack:        9800 kB
PageTables:        15224 kB
NFS_Unstable:          0 kB
Bounce:                0 kB
WritebackTmp:          0 kB
CommitLimit:     1496840 kB
Committed_AS:   21139512 kB
VmallocTotal:     458752 kB
VmallocUsed:       83056 kB
VmallocChunk:     207900 kB
Time pass: 72 sec

---2015-10-26 12:50:36
MemTotal:        1420824 kB
MemFree:          175244 kB
Buffers:           63784 kB
Cached:           510348 kB
SwapCached:         1684 kB
Active:           507156 kB
Inactive:         488312 kB
Active(anon):     169216 kB
Inactive(anon):   253536 kB
Active(file):     337940 kB
Inactive(file):   234776 kB
Unevictable:        1056 kB
Mlocked:               0 kB
HighTotal:       1001472 kB
HighFree:          88040 kB
LowTotal:         419352 kB
LowFree:           87204 kB
SwapTotal:        786428 kB
SwapFree:         756780 kB
Dirty:                 0 kB
Writeback:             0 kB
AnonPages:        420864 kB
Mapped:           164852 kB
Shmem:               360 kB
Slab:              52008 kB
SReclaimable:      20748 kB
SUnreclaim:        31260 kB
KernelStack:        9784 kB
PageTables:        15208 kB
NFS_Unstable:          0 kB
Bounce:                0 kB
WritebackTmp:          0 kB
CommitLimit:     1496840 kB
Committed_AS:   21139512 kB
VmallocTotal:     458752 kB
VmallocUsed:       83056 kB
VmallocChunk:     207900 kB
Time pass: 77 sec

---2015-10-26 12:50:36
MemTotal:        1420824 kB
MemFree:          174600 kB
Buffers:           63784 kB
Cached:           510348 kB
SwapCached:         1684 kB
Active:           507192 kB
Inactive:         488312 kB
Active(anon):     169252 kB
Inactive(anon):   253536 kB
Active(file):     337940 kB
Inactive(file):   234776 kB
Unevictable:        1056 kB
Mlocked:               0 kB
HighTotal:       1001472 kB
HighFree:          87660 kB
LowTotal:         419352 kB
LowFree:           86940 kB
SwapTotal:        786428 kB
SwapFree:         756780 kB
Dirty:                 0 kB
Writeback:             0 kB
AnonPages:        420892 kB
Mapped:           164888 kB
Shmem:               360 kB
Slab:              52008 kB
SReclaimable:      20748 kB
SUnreclaim:        31260 kB
KernelStack:        9800 kB
PageTables:        15228 kB
NFS_Unstable:          0 kB
Bounce:                0 kB
WritebackTmp:          0 kB
CommitLimit:     1496840 kB
Committed_AS:   21139504 kB
VmallocTotal:     458752 kB
VmallocUsed:       83088 kB
VmallocChunk:     207900 kB
Time pass: 82 sec

---2015-10-26 12:50:36
MemTotal:        1420824 kB
MemFree:          160416 kB
Buffers:           63784 kB
Cached:           510348 kB
SwapCached:         1684 kB
Active:           516116 kB
Inactive:         488588 kB
Active(anon):     178372 kB
Inactive(anon):   253536 kB
Active(file):     337744 kB
Inactive(file):   235052 kB
Unevictable:        1056 kB
Mlocked:               0 kB
HighTotal:       1001472 kB
HighFree:          74376 kB
LowTotal:         419352 kB
LowFree:           86040 kB
SwapTotal:        786428 kB
SwapFree:         756780 kB
Dirty:               740 kB
Writeback:             0 kB
AnonPages:        430128 kB
Mapped:           179928 kB
Shmem:               360 kB
Slab:              51972 kB
SReclaimable:      20748 kB
SUnreclaim:        31224 kB
KernelStack:        9912 kB
PageTables:        15640 kB
NFS_Unstable:          0 kB
Bounce:                0 kB
WritebackTmp:          0 kB
CommitLimit:     1496840 kB
Committed_AS:   21621684 kB
VmallocTotal:     458752 kB
VmallocUsed:       84308 kB
VmallocChunk:     207900 kB
Time pass: 85 sec

---2015-10-26 12:50:36
MemTotal:        1420824 kB
MemFree:          128092 kB
Buffers:           63784 kB
Cached:           510568 kB
SwapCached:         1684 kB
Active:           536004 kB
Inactive:         488472 kB
Active(anon):     198004 kB
Inactive(anon):   253672 kB
Active(file):     338000 kB
Inactive(file):   234800 kB
Unevictable:        1056 kB
Mlocked:               0 kB
HighTotal:       1001472 kB
HighFree:          42672 kB
LowTotal:         419352 kB
LowFree:           85420 kB
SwapTotal:        786428 kB
SwapFree:         756780 kB
Dirty:              1196 kB
Writeback:             0 kB
AnonPages:        449608 kB
Mapped:           190276 kB
Shmem:               496 kB
Slab:              52040 kB
SReclaimable:      20752 kB
SUnreclaim:        31288 kB
KernelStack:       10304 kB
PageTables:        15828 kB
NFS_Unstable:          0 kB
Bounce:                0 kB
WritebackTmp:          0 kB
CommitLimit:     1496840 kB
Committed_AS:   21643468 kB
VmallocTotal:     458752 kB
VmallocUsed:       84352 kB
VmallocChunk:     207900 kB
Time pass: 90 sec

---2015-10-26 12:50:36
MemTotal:        1420824 kB
MemFree:           93160 kB
Buffers:           63784 kB
Cached:           511032 kB
SwapCached:         1684 kB
Active:           541004 kB
Inactive:         488572 kB
Active(anon):     202640 kB
Inactive(anon):   253672 kB
Active(file):     338364 kB
Inactive(file):   234900 kB
Unevictable:        1056 kB
Mlocked:               0 kB
HighTotal:       1001472 kB
HighFree:          21616 kB
LowTotal:         419352 kB
LowFree:           71544 kB
SwapTotal:        786428 kB
SwapFree:         756780 kB
Dirty:              2852 kB
Writeback:             0 kB
AnonPages:        454340 kB
Mapped:           196444 kB
Shmem:               496 kB
Slab:              52176 kB
SReclaimable:      20760 kB
SUnreclaim:        31416 kB
KernelStack:       10304 kB
PageTables:        15924 kB
NFS_Unstable:          0 kB
Bounce:                0 kB
WritebackTmp:          0 kB
CommitLimit:     1496840 kB
Committed_AS:   21648448 kB
VmallocTotal:     458752 kB
VmallocUsed:       84364 kB
VmallocChunk:     207900 kB
Time pass: 95 sec

---2015-10-26 12:50:36
MemTotal:        1420824 kB
MemFree:           90588 kB
Buffers:           63784 kB
Cached:           511032 kB
SwapCached:         1684 kB
Active:           541336 kB
Inactive:         488568 kB
Active(anon):     202968 kB
Inactive(anon):   253672 kB
Active(file):     338368 kB
Inactive(file):   234896 kB
Unevictable:        1056 kB
Mlocked:               0 kB
HighTotal:       1001472 kB
HighFree:          21552 kB
LowTotal:         419352 kB
LowFree:           69036 kB
SwapTotal:        786428 kB
SwapFree:         756780 kB
Dirty:               144 kB
Writeback:             0 kB
AnonPages:        454616 kB
Mapped:           196668 kB
Shmem:               496 kB
Slab:              52184 kB
SReclaimable:      20760 kB
SUnreclaim:        31424 kB
KernelStack:       10312 kB
PageTables:        15912 kB
NFS_Unstable:          0 kB
Bounce:                0 kB
WritebackTmp:          0 kB
CommitLimit:     1496840 kB
Committed_AS:   21648776 kB
VmallocTotal:     458752 kB
VmallocUsed:       84344 kB
VmallocChunk:     207900 kB
Time pass: 99 sec

---2015-10-26 12:50:36
MemTotal:        1420824 kB
MemFree:           90288 kB
Buffers:           63784 kB
Cached:           511032 kB
SwapCached:         1684 kB
Active:           541396 kB
Inactive:         488568 kB
Active(anon):     203028 kB
Inactive(anon):   253672 kB
Active(file):     338368 kB
Inactive(file):   234896 kB
Unevictable:        1056 kB
Mlocked:               0 kB
HighTotal:       1001472 kB
HighFree:          21428 kB
LowTotal:         419352 kB
LowFree:           68860 kB
SwapTotal:        786428 kB
SwapFree:         756780 kB
Dirty:                24 kB
Writeback:             0 kB
AnonPages:        454636 kB
Mapped:           196580 kB
Shmem:               496 kB
Slab:              52112 kB
SReclaimable:      20760 kB
SUnreclaim:        31352 kB
KernelStack:       10312 kB
PageTables:        15928 kB
NFS_Unstable:          0 kB
Bounce:                0 kB
WritebackTmp:          0 kB
CommitLimit:     1496840 kB
Committed_AS:   21648784 kB
VmallocTotal:     458752 kB
VmallocUsed:       84376 kB
VmallocChunk:     207900 kB
Time pass: 103 sec

---2015-10-26 12:50:36
MemTotal:        1420824 kB
MemFree:           88112 kB
Buffers:           63784 kB
Cached:           511036 kB
SwapCached:         1684 kB
Active:           541236 kB
Inactive:         488568 kB
Active(anon):     202868 kB
Inactive(anon):   253672 kB
Active(file):     338368 kB
Inactive(file):   234896 kB
Unevictable:        1056 kB
Mlocked:               0 kB
HighTotal:       1001472 kB
HighFree:          19780 kB
LowTotal:         419352 kB
LowFree:           68332 kB
SwapTotal:        786428 kB
SwapFree:         756780 kB
Dirty:                76 kB
Writeback:             0 kB
AnonPages:        454532 kB
Mapped:           197040 kB
Shmem:               496 kB
Slab:              52112 kB
SReclaimable:      20760 kB
SUnreclaim:        31352 kB
KernelStack:       10312 kB
PageTables:        15928 kB
NFS_Unstable:          0 kB
Bounce:                0 kB
WritebackTmp:          0 kB
CommitLimit:     1496840 kB
Committed_AS:   21648280 kB
VmallocTotal:     458752 kB
VmallocUsed:       84376 kB
VmallocChunk:     207900 kB
Time pass: 106 sec

---2015-10-26 12:50:36
MemTotal:        1420824 kB
MemFree:           80940 kB
Buffers:           63784 kB
Cached:           511360 kB
SwapCached:         1684 kB
Active:           543220 kB
Inactive:         488712 kB
Active(anon):     204668 kB
Inactive(anon):   253672 kB
Active(file):     338552 kB
Inactive(file):   235040 kB
Unevictable:        1056 kB
Mlocked:               0 kB
HighTotal:       1001472 kB
HighFree:          18404 kB
LowTotal:         419352 kB
LowFree:           62536 kB
SwapTotal:        786428 kB
SwapFree:         756780 kB
Dirty:               496 kB
Writeback:             0 kB
AnonPages:        456316 kB
Mapped:           197664 kB
Shmem:               496 kB
Slab:              52272 kB
SReclaimable:      20760 kB
SUnreclaim:        31512 kB
KernelStack:       10296 kB
PageTables:        15928 kB
NFS_Unstable:          0 kB
Bounce:                0 kB
WritebackTmp:          0 kB
CommitLimit:     1496840 kB
Committed_AS:   21650116 kB
VmallocTotal:     458752 kB
VmallocUsed:       84344 kB
VmallocChunk:     207900 kB
Time pass: 110 sec

---2015-10-26 12:50:36
MemTotal:        1420824 kB
MemFree:           80940 kB
Buffers:           63784 kB
Cached:           511360 kB
SwapCached:         1684 kB
Active:           543244 kB
Inactive:         488712 kB
Active(anon):     204692 kB
Inactive(anon):   253672 kB
Active(file):     338552 kB
Inactive(file):   235040 kB
Unevictable:        1056 kB
Mlocked:               0 kB
HighTotal:       1001472 kB
HighFree:          18404 kB
LowTotal:         419352 kB
LowFree:           62536 kB
SwapTotal:        786428 kB
SwapFree:         756780 kB
Dirty:                48 kB
Writeback:             0 kB
AnonPages:        456332 kB
Mapped:           197796 kB
Shmem:               496 kB
Slab:              52272 kB
SReclaimable:      20760 kB
SUnreclaim:        31512 kB
KernelStack:       10312 kB
PageTables:        15944 kB
NFS_Unstable:          0 kB
Bounce:                0 kB
WritebackTmp:          0 kB
CommitLimit:     1496840 kB
Committed_AS:   21650116 kB
VmallocTotal:     458752 kB
VmallocUsed:       84344 kB
VmallocChunk:     207900 kB
Time pass: 114 sec

---2015-10-26 12:50:36
MemTotal:        1420824 kB
MemFree:           78816 kB
Buffers:           63784 kB
Cached:           511360 kB
SwapCached:         1684 kB
Active:           544652 kB
Inactive:         488708 kB
Active(anon):     206096 kB
Inactive(anon):   253672 kB
Active(file):     338556 kB
Inactive(file):   235036 kB
Unevictable:        1056 kB
Mlocked:               0 kB
HighTotal:       1001472 kB
HighFree:          16544 kB
LowTotal:         419352 kB
LowFree:           62272 kB
SwapTotal:        786428 kB
SwapFree:         756780 kB
Dirty:               356 kB
Writeback:             0 kB
AnonPages:        457860 kB
Mapped:           197868 kB
Shmem:               496 kB
Slab:              52272 kB
SReclaimable:      20760 kB
SUnreclaim:        31512 kB
KernelStack:       10328 kB
PageTables:        15948 kB
NFS_Unstable:          0 kB
Bounce:                0 kB
WritebackTmp:          0 kB
CommitLimit:     1496840 kB
Committed_AS:   21651684 kB
VmallocTotal:     458752 kB
VmallocUsed:       84408 kB
VmallocChunk:     207900 kB
Time pass: 117 sec

---2015-10-26 12:50:36
MemTotal:        1420824 kB
MemFree:           72600 kB
Buffers:           63784 kB
Cached:           511380 kB
SwapCached:         1684 kB
Active:           544408 kB
Inactive:         488708 kB
Active(anon):     205832 kB
Inactive(anon):   253672 kB
Active(file):     338576 kB
Inactive(file):   235036 kB
Unevictable:        1056 kB
Mlocked:               0 kB
HighTotal:       1001472 kB
HighFree:          16260 kB
LowTotal:         419352 kB
LowFree:           56340 kB
SwapTotal:        786428 kB
SwapFree:         756780 kB
Dirty:                 0 kB
Writeback:             0 kB
AnonPages:        457476 kB
Mapped:           199924 kB
Shmem:               496 kB
Slab:              52240 kB
SReclaimable:      20760 kB
SUnreclaim:        31480 kB
KernelStack:       10304 kB
PageTables:        15972 kB
NFS_Unstable:          0 kB
Bounce:                0 kB
WritebackTmp:          0 kB
CommitLimit:     1496840 kB
Committed_AS:   21650812 kB
VmallocTotal:     458752 kB
VmallocUsed:       84356 kB
VmallocChunk:     207900 kB
Time pass: 121 sec

---2015-10-26 12:50:36
MemTotal:        1420824 kB
MemFree:           72476 kB
Buffers:           63784 kB
Cached:           511380 kB
SwapCached:         1684 kB
Active:           544416 kB
Inactive:         488708 kB
Active(anon):     205840 kB
Inactive(anon):   253672 kB
Active(file):     338576 kB
Inactive(file):   235036 kB
Unevictable:        1056 kB
Mlocked:               0 kB
HighTotal:       1001472 kB
HighFree:          16136 kB
LowTotal:         419352 kB
LowFree:           56340 kB
SwapTotal:        786428 kB
SwapFree:         756780 kB
Dirty:                28 kB
Writeback:             0 kB
AnonPages:        457480 kB
Mapped:           199992 kB
Shmem:               496 kB
Slab:              52240 kB
SReclaimable:      20760 kB
SUnreclaim:        31480 kB
KernelStack:       10304 kB
PageTables:        15972 kB
NFS_Unstable:          0 kB
Bounce:                0 kB
WritebackTmp:          0 kB
CommitLimit:     1496840 kB
Committed_AS:   21650812 kB
VmallocTotal:     458752 kB
VmallocUsed:       84356 kB
VmallocChunk:     207900 kB
Time pass: 124 sec

---2015-10-26 12:50:36
MemTotal:        1420824 kB
MemFree:           72508 kB
Buffers:           63784 kB
Cached:           511380 kB
SwapCached:         1684 kB
Active:           544416 kB
Inactive:         488704 kB
Active(anon):     205836 kB
Inactive(anon):   253672 kB
Active(file):     338580 kB
Inactive(file):   235032 kB
Unevictable:        1056 kB
Mlocked:               0 kB
HighTotal:       1001472 kB
HighFree:          16136 kB
LowTotal:         419352 kB
LowFree:           56372 kB
SwapTotal:        786428 kB
SwapFree:         756780 kB
Dirty:                28 kB
Writeback:             0 kB
AnonPages:        457484 kB
Mapped:           199992 kB
Shmem:               496 kB
Slab:              52208 kB
SReclaimable:      20760 kB
SUnreclaim:        31448 kB
KernelStack:       10288 kB
PageTables:        15956 kB
NFS_Unstable:          0 kB
Bounce:                0 kB
WritebackTmp:          0 kB
CommitLimit:     1496840 kB
Committed_AS:   21650812 kB
VmallocTotal:     458752 kB
VmallocUsed:       84356 kB
VmallocChunk:     207900 kB
Time pass: 129 sec

---2015-10-26 12:50:36
MemTotal:        1420824 kB
MemFree:           71888 kB
Buffers:           63784 kB
Cached:           511380 kB
SwapCached:         1684 kB
Active:           544384 kB
Inactive:         488704 kB
Active(anon):     205804 kB
Inactive(anon):   253672 kB
Active(file):     338580 kB
Inactive(file):   235032 kB
Unevictable:        1056 kB
Mlocked:               0 kB
HighTotal:       1001472 kB
HighFree:          15724 kB
LowTotal:         419352 kB
LowFree:           56164 kB
SwapTotal:        786428 kB
SwapFree:         756780 kB
Dirty:                 0 kB
Writeback:             0 kB
AnonPages:        457480 kB
Mapped:           199988 kB
Shmem:               496 kB
Slab:              52176 kB
SReclaimable:      20760 kB
SUnreclaim:        31416 kB
KernelStack:       10304 kB
PageTables:        15972 kB
NFS_Unstable:          0 kB
Bounce:                0 kB
WritebackTmp:          0 kB
CommitLimit:     1496840 kB
Committed_AS:   21650812 kB
VmallocTotal:     458752 kB
VmallocUsed:       84420 kB
VmallocChunk:     207900 kB
Time pass: 136 sec

---2015-10-26 12:50:36
MemTotal:        1420824 kB
MemFree:           72432 kB
Buffers:           63784 kB
Cached:           511380 kB
SwapCached:         1684 kB
Active:           544400 kB
Inactive:         488704 kB
Active(anon):     205820 kB
Inactive(anon):   253672 kB
Active(file):     338580 kB
Inactive(file):   235032 kB
Unevictable:        1056 kB
Mlocked:               0 kB
HighTotal:       1001472 kB
HighFree:          16020 kB
LowTotal:         419352 kB
LowFree:           56412 kB
SwapTotal:        786428 kB
SwapFree:         756780 kB
Dirty:                 0 kB
Writeback:             0 kB
AnonPages:        457460 kB
Mapped:           200044 kB
Shmem:               496 kB
Slab:              52176 kB
SReclaimable:      20760 kB
SUnreclaim:        31416 kB
KernelStack:       10304 kB
PageTables:        15972 kB
NFS_Unstable:          0 kB
Bounce:                0 kB
WritebackTmp:          0 kB
CommitLimit:     1496840 kB
Committed_AS:   21650784 kB
VmallocTotal:     458752 kB
VmallocUsed:       84356 kB
VmallocChunk:     207900 kB
Time pass: 140 sec

---2015-10-26 12:50:36
MemTotal:        1420824 kB
MemFree:           72432 kB
Buffers:           63784 kB
Cached:           511380 kB
SwapCached:         1684 kB
Active:           544392 kB
Inactive:         488700 kB
Active(anon):     205808 kB
Inactive(anon):   253672 kB
Active(file):     338584 kB
Inactive(file):   235028 kB
Unevictable:        1056 kB
Mlocked:               0 kB
HighTotal:       1001472 kB
HighFree:          16020 kB
LowTotal:         419352 kB
LowFree:           56412 kB
SwapTotal:        786428 kB
SwapFree:         756780 kB
Dirty:                 4 kB
Writeback:             0 kB
AnonPages:        457448 kB
Mapped:           200060 kB
Shmem:               496 kB
Slab:              52176 kB
SReclaimable:      20760 kB
SUnreclaim:        31416 kB
KernelStack:       10304 kB
PageTables:        15972 kB
NFS_Unstable:          0 kB
Bounce:                0 kB
WritebackTmp:          0 kB
CommitLimit:     1496840 kB
Committed_AS:   21650784 kB
VmallocTotal:     458752 kB
VmallocUsed:       84356 kB
VmallocChunk:     207900 kB
Time pass: 144 sec

---2015-10-26 12:50:36
MemTotal:        1420824 kB
MemFree:           54660 kB
Buffers:           63784 kB
Cached:           511380 kB
SwapCached:         1684 kB
Active:           558044 kB
Inactive:         488700 kB
Active(anon):     219460 kB
Inactive(anon):   253672 kB
Active(file):     338584 kB
Inactive(file):   235028 kB
Unevictable:        1056 kB
Mlocked:               0 kB
HighTotal:       1001472 kB
HighFree:           5060 kB
LowTotal:         419352 kB
LowFree:           49600 kB
SwapTotal:        786428 kB
SwapFree:         756780 kB
Dirty:                 8 kB
Writeback:             0 kB
AnonPages:        471292 kB
Mapped:           200572 kB
Shmem:               496 kB
Slab:              52256 kB
SReclaimable:      20760 kB
SUnreclaim:        31496 kB
KernelStack:       10368 kB
PageTables:        16372 kB
NFS_Unstable:          0 kB
Bounce:                0 kB
WritebackTmp:          0 kB
CommitLimit:     1496840 kB
Committed_AS:   23268004 kB
VmallocTotal:     458752 kB
VmallocUsed:       85472 kB
VmallocChunk:     207900 kB
Time pass: 147 sec

---2015-10-26 12:50:36
MemTotal:        1420824 kB
MemFree:          180120 kB
Buffers:           63752 kB
Cached:           507500 kB
SwapCached:         1724 kB
Active:           512540 kB
Inactive:         485748 kB
Active(anon):     178204 kB
Inactive(anon):   250248 kB
Active(file):     334336 kB
Inactive(file):   235500 kB
Unevictable:        1056 kB
Mlocked:               0 kB
HighTotal:       1001472 kB
HighFree:          84640 kB
LowTotal:         419352 kB
LowFree:           95480 kB
SwapTotal:        786428 kB
SwapFree:         755896 kB
Dirty:                20 kB
Writeback:             0 kB
AnonPages:        426724 kB
Mapped:           164648 kB
Shmem:               360 kB
Slab:              52332 kB
SReclaimable:      20760 kB
SUnreclaim:        31572 kB
KernelStack:        9840 kB
PageTables:        15528 kB
NFS_Unstable:          0 kB
Bounce:                0 kB
WritebackTmp:          0 kB
CommitLimit:     1496840 kB
Committed_AS:   22216148 kB
VmallocTotal:     458752 kB
VmallocUsed:       83120 kB
VmallocChunk:     207900 kB
Time pass: 151 sec

---2015-10-26 12:50:36
MemTotal:        1420824 kB
MemFree:          173860 kB
Buffers:           63752 kB
Cached:           507500 kB
SwapCached:         1724 kB
Active:           518800 kB
Inactive:         485748 kB
Active(anon):     184464 kB
Inactive(anon):   250248 kB
Active(file):     334336 kB
Inactive(file):   235500 kB
Unevictable:        1056 kB
Mlocked:               0 kB
HighTotal:       1001472 kB
HighFree:          78028 kB
LowTotal:         419352 kB
LowFree:           95832 kB
SwapTotal:        786428 kB
SwapFree:         755896 kB
Dirty:                 0 kB
Writeback:             0 kB
AnonPages:        432728 kB
Mapped:           164844 kB
Shmem:               360 kB
Slab:              52268 kB
SReclaimable:      20760 kB
SUnreclaim:        31508 kB
KernelStack:        9864 kB
PageTables:        15712 kB
NFS_Unstable:          0 kB
Bounce:                0 kB
WritebackTmp:          0 kB
CommitLimit:     1496840 kB
Committed_AS:   22755412 kB
VmallocTotal:     458752 kB
VmallocUsed:       85192 kB
VmallocChunk:     207900 kB
Time pass: 155 sec

---2015-10-26 12:50:36
MemTotal:        1420824 kB
MemFree:          181496 kB
Buffers:           63752 kB
Cached:           507500 kB
SwapCached:         1724 kB
Active:           511684 kB
Inactive:         485744 kB
Active(anon):     177344 kB
Inactive(anon):   250248 kB
Active(file):     334340 kB
Inactive(file):   235496 kB
Unevictable:        1056 kB
Mlocked:               0 kB
HighTotal:       1001472 kB
HighFree:          85400 kB
LowTotal:         419352 kB
LowFree:           96096 kB
SwapTotal:        786428 kB
SwapFree:         755896 kB
Dirty:                20 kB
Writeback:             0 kB
AnonPages:        425656 kB
Mapped:           164952 kB
Shmem:               360 kB
Slab:              52268 kB
SReclaimable:      20760 kB
SUnreclaim:        31508 kB
KernelStack:        9824 kB
PageTables:        15404 kB
NFS_Unstable:          0 kB
Bounce:                0 kB
WritebackTmp:          0 kB
CommitLimit:     1496840 kB
Committed_AS:   21678548 kB
VmallocTotal:     458752 kB
VmallocUsed:       84108 kB
VmallocChunk:     207900 kB
Time pass: 158 sec

---2015-10-26 12:50:36
MemTotal:        1420824 kB
MemFree:          186940 kB
Buffers:           63752 kB
Cached:           507500 kB
SwapCached:         1724 kB
Active:           506732 kB
Inactive:         485744 kB
Active(anon):     172392 kB
Inactive(anon):   250248 kB
Active(file):     334340 kB
Inactive(file):   235496 kB
Unevictable:        1056 kB
Mlocked:               0 kB
HighTotal:       1001472 kB
HighFree:          90460 kB
LowTotal:         419352 kB
LowFree:           96480 kB
SwapTotal:        786428 kB
SwapFree:         755896 kB
Dirty:                 0 kB
Writeback:             0 kB
AnonPages:        420708 kB
Mapped:           164620 kB
Shmem:               360 kB
Slab:              52236 kB
SReclaimable:      20760 kB
SUnreclaim:        31476 kB
KernelStack:        9792 kB
PageTables:        15208 kB
NFS_Unstable:          0 kB
Bounce:                0 kB
WritebackTmp:          0 kB
CommitLimit:     1496840 kB
Committed_AS:   21139628 kB
VmallocTotal:     458752 kB
VmallocUsed:       83056 kB
VmallocChunk:     207900 kB
Time pass: 162 sec

---2015-10-26 12:50:36
MemTotal:        1420824 kB
MemFree:          186924 kB
Buffers:           63752 kB
Cached:           507500 kB
SwapCached:         1724 kB
Active:           506736 kB
Inactive:         485744 kB
Active(anon):     172396 kB
Inactive(anon):   250248 kB
Active(file):     334340 kB
Inactive(file):   235496 kB
Unevictable:        1056 kB
Mlocked:               0 kB
HighTotal:       1001472 kB
HighFree:          90444 kB
LowTotal:         419352 kB
LowFree:           96480 kB
SwapTotal:        786428 kB
SwapFree:         755896 kB
Dirty:                 0 kB
Writeback:             0 kB
AnonPages:        420716 kB
Mapped:           164668 kB
Shmem:               360 kB
Slab:              52236 kB
SReclaimable:      20760 kB
SUnreclaim:        31476 kB
KernelStack:        9808 kB
PageTables:        15224 kB
NFS_Unstable:          0 kB
Bounce:                0 kB
WritebackTmp:          0 kB
CommitLimit:     1496840 kB
Committed_AS:   21139628 kB
VmallocTotal:     458752 kB
VmallocUsed:       83056 kB
VmallocChunk:     207900 kB
Time pass: 166 sec

---2015-10-26 12:50:36
MemTotal:        1420824 kB
MemFree:          186972 kB
Buffers:           63752 kB
Cached:           507500 kB
SwapCached:         1724 kB
Active:           506744 kB
Inactive:         485744 kB
Active(anon):     172404 kB
Inactive(anon):   250248 kB
Active(file):     334340 kB
Inactive(file):   235496 kB
Unevictable:        1056 kB
Mlocked:               0 kB
HighTotal:       1001472 kB
HighFree:          90460 kB
LowTotal:         419352 kB
LowFree:           96512 kB
SwapTotal:        786428 kB
SwapFree:         755896 kB
Dirty:                 0 kB
Writeback:             0 kB
AnonPages:        420716 kB
Mapped:           164668 kB
Shmem:               360 kB
Slab:              52204 kB
SReclaimable:      20760 kB
SUnreclaim:        31444 kB
KernelStack:        9808 kB
PageTables:        15224 kB
NFS_Unstable:          0 kB
Bounce:                0 kB
WritebackTmp:          0 kB
CommitLimit:     1496840 kB
Committed_AS:   21139628 kB
VmallocTotal:     458752 kB
VmallocUsed:       83056 kB
VmallocChunk:     207900 kB
Time pass: 169 sec

---2015-10-26 12:50:36
MemTotal:        1420824 kB
MemFree:          186988 kB
Buffers:           63752 kB
Cached:           507500 kB
SwapCached:         1724 kB
Active:           506752 kB
Inactive:         485744 kB
Active(anon):     172412 kB
Inactive(anon):   250248 kB
Active(file):     334340 kB
Inactive(file):   235496 kB
Unevictable:        1056 kB
Mlocked:               0 kB
HighTotal:       1001472 kB
HighFree:          90460 kB
LowTotal:         419352 kB
LowFree:           96528 kB
SwapTotal:        786428 kB
SwapFree:         755896 kB
Dirty:                 0 kB
Writeback:             0 kB
AnonPages:        420720 kB
Mapped:           164668 kB
Shmem:               360 kB
Slab:              52156 kB
SReclaimable:      20760 kB
SUnreclaim:        31396 kB
KernelStack:        9808 kB
PageTables:        15224 kB
NFS_Unstable:          0 kB
Bounce:                0 kB
WritebackTmp:          0 kB
CommitLimit:     1496840 kB
Committed_AS:   21139628 kB
VmallocTotal:     458752 kB
VmallocUsed:       83056 kB
VmallocChunk:     207900 kB
Time pass: 173 sec

---2015-10-26 12:50:36
MemTotal:        1420824 kB
MemFree:          186988 kB
Buffers:           63752 kB
Cached:           507500 kB
SwapCached:         1724 kB
Active:           506736 kB
Inactive:         485744 kB
Active(anon):     172396 kB
Inactive(anon):   250248 kB
Active(file):     334340 kB
Inactive(file):   235496 kB
Unevictable:        1056 kB
Mlocked:               0 kB
HighTotal:       1001472 kB
HighFree:          90460 kB
LowTotal:         419352 kB
LowFree:           96528 kB
SwapTotal:        786428 kB
SwapFree:         755896 kB
Dirty:                 0 kB
Writeback:             0 kB
AnonPages:        420720 kB
Mapped:           164668 kB
Shmem:               360 kB
Slab:              52156 kB
SReclaimable:      20760 kB
SUnreclaim:        31396 kB
KernelStack:        9808 kB
PageTables:        15224 kB
NFS_Unstable:          0 kB
Bounce:                0 kB
WritebackTmp:          0 kB
CommitLimit:     1496840 kB
Committed_AS:   21139628 kB
VmallocTotal:     458752 kB
VmallocUsed:       83056 kB
VmallocChunk:     207900 kB
Time pass: 176 sec

---2015-10-26 12:50:36
MemTotal:        1420824 kB
MemFree:          187004 kB
Buffers:           63752 kB
Cached:           507500 kB
SwapCached:         1724 kB
Active:           506752 kB
Inactive:         485744 kB
Active(anon):     172412 kB
Inactive(anon):   250248 kB
Active(file):     334340 kB
Inactive(file):   235496 kB
Unevictable:        1056 kB
Mlocked:               0 kB
HighTotal:       1001472 kB
HighFree:          90460 kB
LowTotal:         419352 kB
LowFree:           96544 kB
SwapTotal:        786428 kB
SwapFree:         755896 kB
Dirty:                 0 kB
Writeback:             0 kB
AnonPages:        420720 kB
Mapped:           164672 kB
Shmem:               360 kB
Slab:              52156 kB
SReclaimable:      20760 kB
SUnreclaim:        31396 kB
KernelStack:        9808 kB
PageTables:        15224 kB
NFS_Unstable:          0 kB
Bounce:                0 kB
WritebackTmp:          0 kB
CommitLimit:     1496840 kB
Committed_AS:   21139628 kB
VmallocTotal:     458752 kB
VmallocUsed:       83056 kB
VmallocChunk:     207900 kB
Time pass: 180 sec

---2015-10-26 12:50:36
MemTotal:        1420824 kB
MemFree:          163792 kB
Buffers:           63752 kB
Cached:           507648 kB
SwapCached:         1724 kB
Active:           520784 kB
Inactive:         485920 kB
Active(anon):     186520 kB
Inactive(anon):   250348 kB
Active(file):     334264 kB
Inactive(file):   235572 kB
Unevictable:        1056 kB
Mlocked:               0 kB
HighTotal:       1001472 kB
HighFree:          68748 kB
LowTotal:         419352 kB
LowFree:           95044 kB
SwapTotal:        786428 kB
SwapFree:         755896 kB
Dirty:               796 kB
Writeback:             0 kB
AnonPages:        435108 kB
Mapped:           185536 kB
Shmem:               508 kB
Slab:              52128 kB
SReclaimable:      20764 kB
SUnreclaim:        31364 kB
KernelStack:       10056 kB
PageTables:        15712 kB
NFS_Unstable:          0 kB
Bounce:                0 kB
WritebackTmp:          0 kB
CommitLimit:     1496840 kB
Committed_AS:   21628076 kB
VmallocTotal:     458752 kB
VmallocUsed:       84352 kB
VmallocChunk:     207900 kB
Time pass: 183 sec

---2015-10-26 12:50:36
MemTotal:        1420824 kB
MemFree:          149716 kB
Buffers:           63752 kB
Cached:           507644 kB
SwapCached:         1724 kB
Active:           526852 kB
Inactive:         485856 kB
Active(anon):     192480 kB
Inactive(anon):   250380 kB
Active(file):     334372 kB
Inactive(file):   235476 kB
Unevictable:        1056 kB
Mlocked:               0 kB
HighTotal:       1001472 kB
HighFree:          54344 kB
LowTotal:         419352 kB
LowFree:           95372 kB
SwapTotal:        786428 kB
SwapFree:         755896 kB
Dirty:              1080 kB
Writeback:             0 kB
AnonPages:        440812 kB
Mapped:           188300 kB
Shmem:               492 kB
Slab:              52128 kB
SReclaimable:      20768 kB
SUnreclaim:        31360 kB
KernelStack:       10240 kB
PageTables:        15796 kB
NFS_Unstable:          0 kB
Bounce:                0 kB
WritebackTmp:          0 kB
CommitLimit:     1496840 kB
Committed_AS:   21633608 kB
VmallocTotal:     458752 kB
VmallocUsed:       84320 kB
VmallocChunk:     207900 kB
Time pass: 187 sec

---2015-10-26 12:50:36
MemTotal:        1420824 kB
MemFree:          149004 kB
Buffers:           63752 kB
Cached:           507644 kB
SwapCached:         1724 kB
Active:           527480 kB
Inactive:         485856 kB
Active(anon):     193108 kB
Inactive(anon):   250380 kB
Active(file):     334372 kB
Inactive(file):   235476 kB
Unevictable:        1056 kB
Mlocked:               0 kB
HighTotal:       1001472 kB
HighFree:          52912 kB
LowTotal:         419352 kB
LowFree:           96092 kB
SwapTotal:        786428 kB
SwapFree:         755896 kB
Dirty:               160 kB
Writeback:             0 kB
AnonPages:        441460 kB
Mapped:           188384 kB
Shmem:               492 kB
Slab:              52092 kB
SReclaimable:      20768 kB
SUnreclaim:        31324 kB
KernelStack:       10240 kB
PageTables:        15808 kB
NFS_Unstable:          0 kB
Bounce:                0 kB
WritebackTmp:          0 kB
CommitLimit:     1496840 kB
Committed_AS:   21636216 kB
VmallocTotal:     458752 kB
VmallocUsed:       84320 kB
VmallocChunk:     207900 kB
Time pass: 191 sec

---2015-10-26 12:50:36
MemTotal:        1420824 kB
MemFree:          131396 kB
Buffers:           63752 kB
Cached:           507764 kB
SwapCached:         1724 kB
Active:           536580 kB
Inactive:         486040 kB
Active(anon):     202248 kB
Inactive(anon):   250384 kB
Active(file):     334332 kB
Inactive(file):   235656 kB
Unevictable:        1056 kB
Mlocked:               0 kB
HighTotal:       1001472 kB
HighFree:          36000 kB
LowTotal:         419352 kB
LowFree:           95396 kB
SwapTotal:        786428 kB
SwapFree:         755896 kB
Dirty:               684 kB
Writeback:             0 kB
AnonPages:        450552 kB
Mapped:           193528 kB
Shmem:               496 kB
Slab:              52156 kB
SReclaimable:      20768 kB
SUnreclaim:        31388 kB
KernelStack:       10280 kB
PageTables:        15852 kB
NFS_Unstable:          0 kB
Bounce:                0 kB
WritebackTmp:          0 kB
CommitLimit:     1496840 kB
Committed_AS:   21644940 kB
VmallocTotal:     458752 kB
VmallocUsed:       84360 kB
VmallocChunk:     207900 kB
Time pass: 194 sec

---2015-10-26 12:50:36
MemTotal:        1420824 kB
MemFree:          116980 kB
Buffers:           63752 kB
Cached:           507848 kB
SwapCached:         1724 kB
Active:           538532 kB
Inactive:         486104 kB
Active(anon):     204204 kB
Inactive(anon):   250384 kB
Active(file):     334328 kB
Inactive(file):   235720 kB
Unevictable:        1056 kB
Mlocked:               0 kB
HighTotal:       1001472 kB
HighFree:          26068 kB
LowTotal:         419352 kB
LowFree:           90912 kB
SwapTotal:        786428 kB
SwapFree:         755896 kB
Dirty:                80 kB
Writeback:             0 kB
AnonPages:        452472 kB
Mapped:           197508 kB
Shmem:               496 kB
Slab:              52160 kB
SReclaimable:      20772 kB
SUnreclaim:        31388 kB
KernelStack:       10280 kB
PageTables:        15868 kB
NFS_Unstable:          0 kB
Bounce:                0 kB
WritebackTmp:          0 kB
CommitLimit:     1496840 kB
Committed_AS:   21646736 kB
VmallocTotal:     458752 kB
VmallocUsed:       84340 kB
VmallocChunk:     207900 kB
Time pass: 198 sec

---2015-10-26 12:50:36
MemTotal:        1420824 kB
MemFree:          108052 kB
Buffers:           63752 kB
Cached:           507972 kB
SwapCached:         1724 kB
Active:           540548 kB
Inactive:         486232 kB
Active(anon):     206224 kB
Inactive(anon):   250384 kB
Active(file):     334324 kB
Inactive(file):   235848 kB
Unevictable:        1056 kB
Mlocked:               0 kB
HighTotal:       1001472 kB
HighFree:          22576 kB
LowTotal:         419352 kB
LowFree:           85476 kB
SwapTotal:        786428 kB
SwapFree:         755896 kB
Dirty:               416 kB
Writeback:             0 kB
AnonPages:        454540 kB
Mapped:           199080 kB
Shmem:               496 kB
Slab:              52248 kB
SReclaimable:      20772 kB
SUnreclaim:        31476 kB
KernelStack:       10280 kB
PageTables:        15896 kB
NFS_Unstable:          0 kB
Bounce:                0 kB
WritebackTmp:          0 kB
CommitLimit:     1496840 kB
Committed_AS:   21648756 kB
VmallocTotal:     458752 kB
VmallocUsed:       84308 kB
VmallocChunk:     207900 kB
Time pass: 201 sec

---2015-10-26 12:50:36
MemTotal:        1420824 kB
MemFree:          106636 kB
Buffers:           63752 kB
Cached:           507972 kB
SwapCached:         1724 kB
Active:           541800 kB
Inactive:         486228 kB
Active(anon):     207472 kB
Inactive(anon):   250384 kB
Active(file):     334328 kB
Inactive(file):   235844 kB
Unevictable:        1056 kB
Mlocked:               0 kB
HighTotal:       1001472 kB
HighFree:          21244 kB
LowTotal:         419352 kB
LowFree:           85392 kB
SwapTotal:        786428 kB
SwapFree:         755896 kB
Dirty:               300 kB
Writeback:             0 kB
AnonPages:        455868 kB
Mapped:           199400 kB
Shmem:               496 kB
Slab:              52248 kB
SReclaimable:      20772 kB
SUnreclaim:        31476 kB
KernelStack:       10280 kB
PageTables:        15900 kB
NFS_Unstable:          0 kB
Bounce:                0 kB
WritebackTmp:          0 kB
CommitLimit:     1496840 kB
Committed_AS:   21650260 kB
VmallocTotal:     458752 kB
VmallocUsed:       84340 kB
VmallocChunk:     207900 kB
Time pass: 205 sec

---2015-10-26 12:50:36
MemTotal:        1420824 kB
MemFree:           96188 kB
Buffers:           63752 kB
Cached:           507980 kB
SwapCached:         1724 kB
Active:           544940 kB
Inactive:         486228 kB
Active(anon):     210604 kB
Inactive(anon):   250384 kB
Active(file):     334336 kB
Inactive(file):   235844 kB
Unevictable:        1056 kB
Mlocked:               0 kB
HighTotal:       1001472 kB
HighFree:          16420 kB
LowTotal:         419352 kB
LowFree:           79768 kB
SwapTotal:        786428 kB
SwapFree:         755896 kB
Dirty:               548 kB
Writeback:             0 kB
AnonPages:        458924 kB
Mapped:           200748 kB
Shmem:               496 kB
Slab:              52248 kB
SReclaimable:      20772 kB
SUnreclaim:        31476 kB
KernelStack:       10280 kB
PageTables:        15920 kB
NFS_Unstable:          0 kB
Bounce:                0 kB
WritebackTmp:          0 kB
CommitLimit:     1496840 kB
Committed_AS:   21652936 kB
VmallocTotal:     458752 kB
VmallocUsed:       84320 kB
VmallocChunk:     207900 kB
Time pass: 208 sec

---2015-10-26 12:50:36
MemTotal:        1420824 kB
MemFree:           81016 kB
Buffers:           63752 kB
Cached:           508124 kB
SwapCached:         1724 kB
Active:           551600 kB
Inactive:         486352 kB
Active(anon):     217248 kB
Inactive(anon):   250520 kB
Active(file):     334352 kB
Inactive(file):   235832 kB
Unevictable:        1056 kB
Mlocked:               0 kB
HighTotal:       1001472 kB
HighFree:          10476 kB
LowTotal:         419352 kB
LowFree:           70540 kB
SwapTotal:        786428 kB
SwapFree:         755896 kB
Dirty:                92 kB
Writeback:             0 kB
AnonPages:        465644 kB
Mapped:           202620 kB
Shmem:               636 kB
Slab:              52236 kB
SReclaimable:      20776 kB
SUnreclaim:        31460 kB
KernelStack:       10520 kB
PageTables:        16084 kB
NFS_Unstable:          0 kB
Bounce:                0 kB
WritebackTmp:          0 kB
CommitLimit:     1496840 kB
Committed_AS:   21677312 kB
VmallocTotal:     458752 kB
VmallocUsed:       86820 kB
VmallocChunk:     207900 kB
Time pass: 215 sec

---2015-10-26 12:50:36
MemTotal:        1420824 kB
MemFree:           80064 kB
Buffers:           63752 kB
Cached:           508160 kB
SwapCached:         1724 kB
Active:           553156 kB
Inactive:         486380 kB
Active(anon):     218796 kB
Inactive(anon):   250556 kB
Active(file):     334360 kB
Inactive(file):   235824 kB
Unevictable:        1056 kB
Mlocked:               0 kB
HighTotal:       1001472 kB
HighFree:           9580 kB
LowTotal:         419352 kB
LowFree:           70484 kB
SwapTotal:        786428 kB
SwapFree:         755896 kB
Dirty:                48 kB
Writeback:             0 kB
AnonPages:        467264 kB
Mapped:           201264 kB
Shmem:               672 kB
Slab:              52256 kB
SReclaimable:      20776 kB
SUnreclaim:        31480 kB
KernelStack:       10520 kB
PageTables:        16088 kB
NFS_Unstable:          0 kB
Bounce:                0 kB
WritebackTmp:          0 kB
CommitLimit:     1496840 kB
Committed_AS:   21678864 kB
VmallocTotal:     458752 kB
VmallocUsed:       86820 kB
VmallocChunk:     207900 kB
Time pass: 221 sec

---2015-10-26 12:50:36
MemTotal:        1420824 kB
MemFree:           77832 kB
Buffers:           63752 kB
Cached:           508160 kB
SwapCached:         1724 kB
Active:           555256 kB
Inactive:         486372 kB
Active(anon):     220888 kB
Inactive(anon):   250556 kB
Active(file):     334368 kB
Inactive(file):   235816 kB
Unevictable:        1056 kB
Mlocked:               0 kB
HighTotal:       1001472 kB
HighFree:           7440 kB
LowTotal:         419352 kB
LowFree:           70392 kB
SwapTotal:        786428 kB
SwapFree:         755896 kB
Dirty:                 0 kB
Writeback:             0 kB
AnonPages:        469212 kB
Mapped:           201728 kB
Shmem:               672 kB
Slab:              52268 kB
SReclaimable:      20776 kB
SUnreclaim:        31492 kB
KernelStack:       10400 kB
PageTables:        16092 kB
NFS_Unstable:          0 kB
Bounce:                0 kB
WritebackTmp:          0 kB
CommitLimit:     1496840 kB
Committed_AS:   21680724 kB
VmallocTotal:     458752 kB
VmallocUsed:       86820 kB
VmallocChunk:     207900 kB
Time pass: 228 sec

---2015-10-26 12:50:36
MemTotal:        1420824 kB
MemFree:           77448 kB
Buffers:           63752 kB
Cached:           508160 kB
SwapCached:         1724 kB
Active:           555356 kB
Inactive:         486380 kB
Active(anon):     220996 kB
Inactive(anon):   250556 kB
Active(file):     334360 kB
Inactive(file):   235824 kB
Unevictable:        1056 kB
Mlocked:               0 kB
HighTotal:       1001472 kB
HighFree:           7128 kB
LowTotal:         419352 kB
LowFree:           70320 kB
SwapTotal:        786428 kB
SwapFree:         755896 kB
Dirty:                40 kB
Writeback:             0 kB
AnonPages:        469556 kB
Mapped:           201632 kB
Shmem:               672 kB
Slab:              52240 kB
SReclaimable:      20776 kB
SUnreclaim:        31464 kB
KernelStack:       10384 kB
PageTables:        16096 kB
NFS_Unstable:          0 kB
Bounce:                0 kB
WritebackTmp:          0 kB
CommitLimit:     1496840 kB
Committed_AS:   21681184 kB
VmallocTotal:     458752 kB
VmallocUsed:       86852 kB
VmallocChunk:     207900 kB
Time pass: 232 sec

---2015-10-26 12:50:36
MemTotal:        1420824 kB
MemFree:           77688 kB
Buffers:           63752 kB
Cached:           508160 kB
SwapCached:         1724 kB
Active:           556060 kB
Inactive:         486372 kB
Active(anon):     221692 kB
Inactive(anon):   250556 kB
Active(file):     334368 kB
Inactive(file):   235816 kB
Unevictable:        1056 kB
Mlocked:               0 kB
HighTotal:       1001472 kB
HighFree:           7156 kB
LowTotal:         419352 kB
LowFree:           70532 kB
SwapTotal:        786428 kB
SwapFree:         755896 kB
Dirty:                28 kB
Writeback:             0 kB
AnonPages:        470060 kB
Mapped:           201732 kB
Shmem:               672 kB
Slab:              52192 kB
SReclaimable:      20776 kB
SUnreclaim:        31416 kB
KernelStack:       10384 kB
PageTables:        16096 kB
NFS_Unstable:          0 kB
Bounce:                0 kB
WritebackTmp:          0 kB
CommitLimit:     1496840 kB
Committed_AS:   21681656 kB
VmallocTotal:     458752 kB
VmallocUsed:       86820 kB
VmallocChunk:     207900 kB
Time pass: 236 sec

---2015-10-26 12:50:36
MemTotal:        1420824 kB
MemFree:           77004 kB
Buffers:           63752 kB
Cached:           508164 kB
SwapCached:         1724 kB
Active:           556500 kB
Inactive:         486376 kB
Active(anon):     222132 kB
Inactive(anon):   250560 kB
Active(file):     334368 kB
Inactive(file):   235816 kB
Unevictable:        1056 kB
Mlocked:               0 kB
HighTotal:       1001472 kB
HighFree:           6524 kB
LowTotal:         419352 kB
LowFree:           70480 kB
SwapTotal:        786428 kB
SwapFree:         755896 kB
Dirty:                 0 kB
Writeback:             0 kB
AnonPages:        470408 kB
Mapped:           201784 kB
Shmem:               676 kB
Slab:              52220 kB
SReclaimable:      20776 kB
SUnreclaim:        31444 kB
KernelStack:       10384 kB
PageTables:        16100 kB
NFS_Unstable:          0 kB
Bounce:                0 kB
WritebackTmp:          0 kB
CommitLimit:     1496840 kB
Committed_AS:   21682100 kB
VmallocTotal:     458752 kB
VmallocUsed:       86852 kB
VmallocChunk:     207900 kB
Time pass: 240 sec

---2015-10-26 12:50:36
MemTotal:        1420824 kB
MemFree:           74268 kB
Buffers:           63752 kB
Cached:           508172 kB
SwapCached:         1724 kB
Active:           557180 kB
Inactive:         486384 kB
Active(anon):     222812 kB
Inactive(anon):   250568 kB
Active(file):     334368 kB
Inactive(file):   235816 kB
Unevictable:        1056 kB
Mlocked:               0 kB
HighTotal:       1001472 kB
HighFree:           5344 kB
LowTotal:         419352 kB
LowFree:           68924 kB
SwapTotal:        786428 kB
SwapFree:         755896 kB
Dirty:                 0 kB
Writeback:             0 kB
AnonPages:        471208 kB
Mapped:           201696 kB
Shmem:               684 kB
Slab:              52148 kB
SReclaimable:      20776 kB
SUnreclaim:        31372 kB
KernelStack:       10368 kB
PageTables:        16132 kB
NFS_Unstable:          0 kB
Bounce:                0 kB
WritebackTmp:          0 kB
CommitLimit:     1496840 kB
Committed_AS:   21682564 kB
VmallocTotal:     458752 kB
VmallocUsed:       86820 kB
VmallocChunk:     207900 kB
Time pass: 247 sec

---2015-10-26 12:50:36
MemTotal:        1420824 kB
MemFree:           73060 kB
Buffers:           63760 kB
Cached:           508180 kB
SwapCached:         1724 kB
Active:           557912 kB
Inactive:         486388 kB
Active(anon):     223532 kB
Inactive(anon):   250576 kB
Active(file):     334380 kB
Inactive(file):   235812 kB
Unevictable:        1056 kB
Mlocked:               0 kB
HighTotal:       1001472 kB
HighFree:           5376 kB
LowTotal:         419352 kB
LowFree:           67684 kB
SwapTotal:        786428 kB
SwapFree:         755896 kB
Dirty:                28 kB
Writeback:             0 kB
AnonPages:        471740 kB
Mapped:           201760 kB
Shmem:               692 kB
Slab:              52204 kB
SReclaimable:      20776 kB
SUnreclaim:        31428 kB
KernelStack:       10360 kB
PageTables:        16132 kB
NFS_Unstable:          0 kB
Bounce:                0 kB
WritebackTmp:          0 kB
CommitLimit:     1496840 kB
Committed_AS:   21683252 kB
VmallocTotal:     458752 kB
VmallocUsed:       86852 kB
VmallocChunk:     207900 kB
Time pass: 257 sec

---2015-10-26 12:50:36
MemTotal:        1420824 kB
MemFree:           72864 kB
Buffers:           63760 kB
Cached:           508180 kB
SwapCached:         1724 kB
Active:           558096 kB
Inactive:         486384 kB
Active(anon):     223712 kB
Inactive(anon):   250576 kB
Active(file):     334384 kB
Inactive(file):   235808 kB
Unevictable:        1056 kB
Mlocked:               0 kB
HighTotal:       1001472 kB
HighFree:           5188 kB
LowTotal:         419352 kB
LowFree:           67676 kB
SwapTotal:        786428 kB
SwapFree:         755896 kB
Dirty:                 0 kB
Writeback:             0 kB
AnonPages:        472140 kB
Mapped:           201768 kB
Shmem:               692 kB
Slab:              52212 kB
SReclaimable:      20776 kB
SUnreclaim:        31436 kB
KernelStack:       10376 kB
PageTables:        16072 kB
NFS_Unstable:          0 kB
Bounce:                0 kB
WritebackTmp:          0 kB
CommitLimit:     1496840 kB
Committed_AS:   21683984 kB
VmallocTotal:     458752 kB
VmallocUsed:       86820 kB
VmallocChunk:     207900 kB
Time pass: 268 sec

---2015-10-26 12:50:36
MemTotal:        1420824 kB
MemFree:           72940 kB
Buffers:           63760 kB
Cached:           508180 kB
SwapCached:         1724 kB
Active:           558556 kB
Inactive:         486384 kB
Active(anon):     224172 kB
Inactive(anon):   250576 kB
Active(file):     334384 kB
Inactive(file):   235808 kB
Unevictable:        1056 kB
Mlocked:               0 kB
HighTotal:       1001472 kB
HighFree:           5312 kB
LowTotal:         419352 kB
LowFree:           67628 kB
SwapTotal:        786428 kB
SwapFree:         755896 kB
Dirty:                 0 kB
Writeback:             0 kB
AnonPages:        472568 kB
Mapped:           201772 kB
Shmem:               692 kB
Slab:              52200 kB
SReclaimable:      20776 kB
SUnreclaim:        31424 kB
KernelStack:       10368 kB
PageTables:        16148 kB
NFS_Unstable:          0 kB
Bounce:                0 kB
WritebackTmp:          0 kB
CommitLimit:     1496840 kB
Committed_AS:   21684284 kB
VmallocTotal:     458752 kB
VmallocUsed:       86820 kB
VmallocChunk:     207900 kB
Time pass: 272 sec

---2015-10-26 12:50:36
MemTotal:        1420824 kB
MemFree:           71772 kB
Buffers:           63760 kB
Cached:           508180 kB
SwapCached:         1724 kB
Active:           559152 kB
Inactive:         486384 kB
Active(anon):     224760 kB
Inactive(anon):   250576 kB
Active(file):     334392 kB
Inactive(file):   235808 kB
Unevictable:        1056 kB
Mlocked:               0 kB
HighTotal:       1001472 kB
HighFree:           5064 kB
LowTotal:         419352 kB
LowFree:           66708 kB
SwapTotal:        786428 kB
SwapFree:         755896 kB
Dirty:                36 kB
Writeback:             0 kB
AnonPages:        473204 kB
Mapped:           201772 kB
Shmem:               692 kB
Slab:              52172 kB
SReclaimable:      20776 kB
SUnreclaim:        31396 kB
KernelStack:       10368 kB
PageTables:        16148 kB
NFS_Unstable:          0 kB
Bounce:                0 kB
WritebackTmp:          0 kB
CommitLimit:     1496840 kB
Committed_AS:   21684668 kB
VmallocTotal:     458752 kB
VmallocUsed:       86820 kB
VmallocChunk:     207900 kB
Time pass: 275 sec

---2015-10-26 12:50:36
MemTotal:        1420824 kB
MemFree:           72356 kB
Buffers:           63760 kB
Cached:           508184 kB
SwapCached:         1724 kB
Active:           559492 kB
Inactive:         486380 kB
Active(anon):     225100 kB
Inactive(anon):   250580 kB
Active(file):     334392 kB
Inactive(file):   235800 kB
Unevictable:        1056 kB
Mlocked:               0 kB
HighTotal:       1001472 kB
HighFree:           5256 kB
LowTotal:         419352 kB
LowFree:           67100 kB
SwapTotal:        786428 kB
SwapFree:         755896 kB
Dirty:                36 kB
Writeback:             0 kB
AnonPages:        473488 kB
Mapped:           201776 kB
Shmem:               696 kB
Slab:              52204 kB
SReclaimable:      20776 kB
SUnreclaim:        31428 kB
KernelStack:       10376 kB
PageTables:        16124 kB
NFS_Unstable:          0 kB
Bounce:                0 kB
WritebackTmp:          0 kB
CommitLimit:     1496840 kB
Committed_AS:   21685004 kB
VmallocTotal:     458752 kB
VmallocUsed:       86820 kB
VmallocChunk:     207900 kB
Time pass: 279 sec

---2015-10-26 12:50:36
MemTotal:        1420824 kB
MemFree:           71628 kB
Buffers:           63760 kB
Cached:           508180 kB
SwapCached:         1724 kB
Active:           560128 kB
Inactive:         486368 kB
Active(anon):     225728 kB
Inactive(anon):   250576 kB
Active(file):     334400 kB
Inactive(file):   235792 kB
Unevictable:        1056 kB
Mlocked:               0 kB
HighTotal:       1001472 kB
HighFree:           5080 kB
LowTotal:         419352 kB
LowFree:           66548 kB
SwapTotal:        786428 kB
SwapFree:         755896 kB
Dirty:                40 kB
Writeback:             0 kB
AnonPages:        474140 kB
Mapped:           201772 kB
Shmem:               692 kB
Slab:              52236 kB
SReclaimable:      20776 kB
SUnreclaim:        31460 kB
KernelStack:       10368 kB
PageTables:        16104 kB
NFS_Unstable:          0 kB
Bounce:                0 kB
WritebackTmp:          0 kB
CommitLimit:     1496840 kB
Committed_AS:   21685792 kB
VmallocTotal:     458752 kB
VmallocUsed:       86820 kB
VmallocChunk:     207900 kB
Time pass: 284 sec

---2015-10-26 12:50:36
MemTotal:        1420824 kB
MemFree:           71284 kB
Buffers:           63760 kB
Cached:           508180 kB
SwapCached:         1724 kB
Active:           560716 kB
Inactive:         486364 kB
Active(anon):     226312 kB
Inactive(anon):   250576 kB
Active(file):     334404 kB
Inactive(file):   235788 kB
Unevictable:        1056 kB
Mlocked:               0 kB
HighTotal:       1001472 kB
HighFree:           5088 kB
LowTotal:         419352 kB
LowFree:           66196 kB
SwapTotal:        786428 kB
SwapFree:         755896 kB
Dirty:                28 kB
Writeback:             0 kB
AnonPages:        474700 kB
Mapped:           201772 kB
Shmem:               692 kB
Slab:              52232 kB
SReclaimable:      20776 kB
SUnreclaim:        31456 kB
KernelStack:       10368 kB
PageTables:        16080 kB
NFS_Unstable:          0 kB
Bounce:                0 kB
WritebackTmp:          0 kB
CommitLimit:     1496840 kB
Committed_AS:   21686308 kB
VmallocTotal:     458752 kB
VmallocUsed:       86820 kB
VmallocChunk:     207900 kB
Time pass: 290 sec

---2015-10-26 12:50:36
MemTotal:        1420824 kB
MemFree:           70320 kB
Buffers:           63760 kB
Cached:           508188 kB
SwapCached:         1724 kB
Active:           561568 kB
Inactive:         486364 kB
Active(anon):     227156 kB
Inactive(anon):   250584 kB
Active(file):     334412 kB
Inactive(file):   235780 kB
Unevictable:        1056 kB
Mlocked:               0 kB
HighTotal:       1001472 kB
HighFree:           5088 kB
LowTotal:         419352 kB
LowFree:           65232 kB
SwapTotal:        786428 kB
SwapFree:         755896 kB
Dirty:                 0 kB
Writeback:             0 kB
AnonPages:        475528 kB
Mapped:           201740 kB
Shmem:               700 kB
Slab:              52316 kB
SReclaimable:      20776 kB
SUnreclaim:        31540 kB
KernelStack:       10376 kB
PageTables:        16064 kB
NFS_Unstable:          0 kB
Bounce:                0 kB
WritebackTmp:          0 kB
CommitLimit:     1496840 kB
Committed_AS:   21687208 kB
VmallocTotal:     458752 kB
VmallocUsed:       86788 kB
VmallocChunk:     207900 kB
Time pass: 295 sec

---2015-10-26 12:50:36
MemTotal:        1420824 kB
MemFree:           70544 kB
Buffers:           63764 kB
Cached:           508188 kB
SwapCached:         1724 kB
Active:           561812 kB
Inactive:         486368 kB
Active(anon):     227400 kB
Inactive(anon):   250584 kB
Active(file):     334412 kB
Inactive(file):   235784 kB
Unevictable:        1056 kB
Mlocked:               0 kB
HighTotal:       1001472 kB
HighFree:           5224 kB
LowTotal:         419352 kB
LowFree:           65320 kB
SwapTotal:        786428 kB
SwapFree:         755896 kB
Dirty:                28 kB
Writeback:             0 kB
AnonPages:        475740 kB
Mapped:           201780 kB
Shmem:               700 kB
Slab:              52364 kB
SReclaimable:      20776 kB
SUnreclaim:        31588 kB
KernelStack:       10392 kB
PageTables:        16108 kB
NFS_Unstable:          0 kB
Bounce:                0 kB
WritebackTmp:          0 kB
CommitLimit:     1496840 kB
Committed_AS:   21687440 kB
VmallocTotal:     458752 kB
VmallocUsed:       86788 kB
VmallocChunk:     207900 kB
Time pass: 299 sec

---2015-10-26 12:50:36
MemTotal:        1420824 kB
MemFree:           70512 kB
Buffers:           63764 kB
Cached:           508188 kB
SwapCached:         1724 kB
Active:           561332 kB
Inactive:         486368 kB
Active(anon):     226920 kB
Inactive(anon):   250584 kB
Active(file):     334412 kB
Inactive(file):   235784 kB
Unevictable:        1056 kB
Mlocked:               0 kB
HighTotal:       1001472 kB
HighFree:           5652 kB
LowTotal:         419352 kB
LowFree:           64860 kB
SwapTotal:        786428 kB
SwapFree:         755896 kB
Dirty:                 0 kB
Writeback:             0 kB
AnonPages:        475468 kB
Mapped:           201780 kB
Shmem:               700 kB
Slab:              52236 kB
SReclaimable:      20776 kB
SUnreclaim:        31460 kB
KernelStack:       10376 kB
PageTables:        16108 kB
NFS_Unstable:          0 kB
Bounce:                0 kB
WritebackTmp:          0 kB
CommitLimit:     1496840 kB
Committed_AS:   21686880 kB
VmallocTotal:     458752 kB
VmallocUsed:       86820 kB
VmallocChunk:     207900 kB
Time pass: 303 sec

---2015-10-26 12:50:36
MemTotal:        1420824 kB
MemFree:           69672 kB
Buffers:           63764 kB
Cached:           508188 kB
SwapCached:         1724 kB
Active:           561956 kB
Inactive:         486360 kB
Active(anon):     227536 kB
Inactive(anon):   250584 kB
Active(file):     334420 kB
Inactive(file):   235776 kB
Unevictable:        1056 kB
Mlocked:               0 kB
HighTotal:       1001472 kB
HighFree:           5484 kB
LowTotal:         419352 kB
LowFree:           64188 kB
SwapTotal:        786428 kB
SwapFree:         755896 kB
Dirty:                44 kB
Writeback:             0 kB
AnonPages:        475836 kB
Mapped:           201780 kB
Shmem:               700 kB
Slab:              52336 kB
SReclaimable:      20776 kB
SUnreclaim:        31560 kB
KernelStack:       10384 kB
PageTables:        16112 kB
NFS_Unstable:          0 kB
Bounce:                0 kB
WritebackTmp:          0 kB
CommitLimit:     1496840 kB
Committed_AS:   21687144 kB
VmallocTotal:     458752 kB
VmallocUsed:       86820 kB
VmallocChunk:     207900 kB
Time pass: 307 sec

---2015-10-26 12:50:36
MemTotal:        1420824 kB
MemFree:           68276 kB
Buffers:           63768 kB
Cached:           508212 kB
SwapCached:         1724 kB
Active:           562300 kB
Inactive:         486388 kB
Active(anon):     227880 kB
Inactive(anon):   250608 kB
Active(file):     334420 kB
Inactive(file):   235780 kB
Unevictable:        1056 kB
Mlocked:               0 kB
HighTotal:       1001472 kB
HighFree:           5428 kB
LowTotal:         419352 kB
LowFree:           62848 kB
SwapTotal:        786428 kB
SwapFree:         755896 kB
Dirty:                28 kB
Writeback:             0 kB
AnonPages:        476276 kB
Mapped:           201764 kB
Shmem:               724 kB
Slab:              52276 kB
SReclaimable:      20776 kB
SUnreclaim:        31500 kB
KernelStack:       10368 kB
PageTables:        16140 kB
NFS_Unstable:          0 kB
Bounce:                0 kB
WritebackTmp:          0 kB
CommitLimit:     1496840 kB
Committed_AS:   21687696 kB
VmallocTotal:     458752 kB
VmallocUsed:       86820 kB
VmallocChunk:     207900 kB
Time pass: 317 sec

---2015-10-26 12:50:36
MemTotal:        1420824 kB
MemFree:           75316 kB
Buffers:           63768 kB
Cached:           508212 kB
SwapCached:         1724 kB
Active:           558136 kB
Inactive:         483896 kB
Active(anon):     221224 kB
Inactive(anon):   250608 kB
Active(file):     336912 kB
Inactive(file):   233288 kB
Unevictable:        1056 kB
Mlocked:               0 kB
HighTotal:       1001472 kB
HighFree:          11940 kB
LowTotal:         419352 kB
LowFree:           63376 kB
SwapTotal:        786428 kB
SwapFree:         755896 kB
Dirty:                 0 kB
Writeback:             0 kB
AnonPages:        469724 kB
Mapped:           196488 kB
Shmem:               724 kB
Slab:              52232 kB
SReclaimable:      20776 kB
SUnreclaim:        31456 kB
KernelStack:       10256 kB
PageTables:        15844 kB
NFS_Unstable:          0 kB
Bounce:                0 kB
WritebackTmp:          0 kB
CommitLimit:     1496840 kB
Committed_AS:   21247932 kB
VmallocTotal:     458752 kB
VmallocUsed:       85800 kB
VmallocChunk:     207900 kB
Time pass: 323 sec

---2015-10-26 12:50:36
MemTotal:        1420824 kB
MemFree:           75404 kB
Buffers:           63768 kB
Cached:           508212 kB
SwapCached:         1724 kB
Active:           557868 kB
Inactive:         483892 kB
Active(anon):     220952 kB
Inactive(anon):   250608 kB
Active(file):     336916 kB
Inactive(file):   233284 kB
Unevictable:        1056 kB
Mlocked:               0 kB
HighTotal:       1001472 kB
HighFree:          11952 kB
LowTotal:         419352 kB
LowFree:           63452 kB
SwapTotal:        786428 kB
SwapFree:         755896 kB
Dirty:                48 kB
Writeback:             0 kB
AnonPages:        469472 kB
Mapped:           196528 kB
Shmem:               724 kB
Slab:              52232 kB
SReclaimable:      20776 kB
SUnreclaim:        31456 kB
KernelStack:       10256 kB
PageTables:        15860 kB
NFS_Unstable:          0 kB
Bounce:                0 kB
WritebackTmp:          0 kB
CommitLimit:     1496840 kB
Committed_AS:   21247500 kB
VmallocTotal:     458752 kB
VmallocUsed:       85800 kB
VmallocChunk:     207900 kB
Time pass: 327 sec

---2015-10-26 12:50:36
MemTotal:        1420824 kB
MemFree:           75024 kB
Buffers:           63768 kB
Cached:           508212 kB
SwapCached:         1724 kB
Active:           558016 kB
Inactive:         483892 kB
Active(anon):     221100 kB
Inactive(anon):   250608 kB
Active(file):     336916 kB
Inactive(file):   233284 kB
Unevictable:        1056 kB
Mlocked:               0 kB
HighTotal:       1001472 kB
HighFree:          11196 kB
LowTotal:         419352 kB
LowFree:           63828 kB
SwapTotal:        786428 kB
SwapFree:         755896 kB
Dirty:                32 kB
Writeback:             0 kB
AnonPages:        469428 kB
Mapped:           196532 kB
Shmem:               724 kB
Slab:              52232 kB
SReclaimable:      20776 kB
SUnreclaim:        31456 kB
KernelStack:       10256 kB
PageTables:        15860 kB
NFS_Unstable:          0 kB
Bounce:                0 kB
WritebackTmp:          0 kB
CommitLimit:     1496840 kB
Committed_AS:   21247508 kB
VmallocTotal:     458752 kB
VmallocUsed:       85800 kB
VmallocChunk:     207900 kB
Time pass: 331 sec

---2015-10-26 12:50:36
MemTotal:        1420824 kB
MemFree:           76860 kB
Buffers:           63768 kB
Cached:           508216 kB
SwapCached:         1724 kB
Active:           557672 kB
Inactive:         483896 kB
Active(anon):     220756 kB
Inactive(anon):   250612 kB
Active(file):     336916 kB
Inactive(file):   233284 kB
Unevictable:        1056 kB
Mlocked:               0 kB
HighTotal:       1001472 kB
HighFree:          12456 kB
LowTotal:         419352 kB
LowFree:           64404 kB
SwapTotal:        786428 kB
SwapFree:         755896 kB
Dirty:                 0 kB
Writeback:             0 kB
AnonPages:        469120 kB
Mapped:           196496 kB
Shmem:               728 kB
Slab:              52200 kB
SReclaimable:      20776 kB
SUnreclaim:        31424 kB
KernelStack:       10232 kB
PageTables:        15844 kB
NFS_Unstable:          0 kB
Bounce:                0 kB
WritebackTmp:          0 kB
CommitLimit:     1496840 kB
Committed_AS:   21247476 kB
VmallocTotal:     458752 kB
VmallocUsed:       85768 kB
VmallocChunk:     207900 kB
Time pass: 335 sec

---2015-10-26 12:50:36
MemTotal:        1420824 kB
MemFree:           75996 kB
Buffers:           63768 kB
Cached:           508216 kB
SwapCached:         1724 kB
Active:           557848 kB
Inactive:         483896 kB
Active(anon):     220932 kB
Inactive(anon):   250612 kB
Active(file):     336916 kB
Inactive(file):   233284 kB
Unevictable:        1056 kB
Mlocked:               0 kB
HighTotal:       1001472 kB
HighFree:          11912 kB
LowTotal:         419352 kB
LowFree:           64084 kB
SwapTotal:        786428 kB
SwapFree:         755896 kB
Dirty:                 0 kB
Writeback:             0 kB
AnonPages:        469140 kB
Mapped:           196436 kB
Shmem:               728 kB
Slab:              52232 kB
SReclaimable:      20776 kB
SUnreclaim:        31456 kB
KernelStack:       10256 kB
PageTables:        15860 kB
NFS_Unstable:          0 kB
Bounce:                0 kB
WritebackTmp:          0 kB
CommitLimit:     1496840 kB
Committed_AS:   21247532 kB
VmallocTotal:     458752 kB
VmallocUsed:       85800 kB
VmallocChunk:     207900 kB
Time pass: 339 sec

---2015-10-26 12:50:36
MemTotal:        1420824 kB
MemFree:           76440 kB
Buffers:           63768 kB
Cached:           508216 kB
SwapCached:         1724 kB
Active:           557832 kB
Inactive:         483892 kB
Active(anon):     220912 kB
Inactive(anon):   250612 kB
Active(file):     336920 kB
Inactive(file):   233280 kB
Unevictable:        1056 kB
Mlocked:               0 kB
HighTotal:       1001472 kB
HighFree:          12072 kB
LowTotal:         419352 kB
LowFree:           64368 kB
SwapTotal:        786428 kB
SwapFree:         755896 kB
Dirty:                40 kB
Writeback:             0 kB
AnonPages:        469216 kB
Mapped:           196536 kB
Shmem:               728 kB
Slab:              52232 kB
SReclaimable:      20776 kB
SUnreclaim:        31456 kB
KernelStack:       10248 kB
PageTables:        15860 kB
NFS_Unstable:          0 kB
Bounce:                0 kB
WritebackTmp:          0 kB
CommitLimit:     1496840 kB
Committed_AS:   21247516 kB
VmallocTotal:     458752 kB
VmallocUsed:       85768 kB
VmallocChunk:     207900 kB
Time pass: 343 sec

---2015-10-26 12:50:36
MemTotal:        1420824 kB
MemFree:           75648 kB
Buffers:           63768 kB
Cached:           508216 kB
SwapCached:         1724 kB
Active:           558036 kB
Inactive:         483888 kB
Active(anon):     221112 kB
Inactive(anon):   250612 kB
Active(file):     336924 kB
Inactive(file):   233276 kB
Unevictable:        1056 kB
Mlocked:               0 kB
HighTotal:       1001472 kB
HighFree:          11408 kB
LowTotal:         419352 kB
LowFree:           64240 kB
SwapTotal:        786428 kB
SwapFree:         755896 kB
Dirty:                28 kB
Writeback:             0 kB
AnonPages:        469552 kB
Mapped:           196496 kB
Shmem:               728 kB
Slab:              52232 kB
SReclaimable:      20776 kB
SUnreclaim:        31456 kB
KernelStack:       10240 kB
PageTables:        15844 kB
NFS_Unstable:          0 kB
Bounce:                0 kB
WritebackTmp:          0 kB
CommitLimit:     1496840 kB
Committed_AS:   21247932 kB
VmallocTotal:     458752 kB
VmallocUsed:       85800 kB
VmallocChunk:     207900 kB
Time pass: 348 sec

---2015-10-26 12:50:36
MemTotal:        1420824 kB
MemFree:           76216 kB
Buffers:           63768 kB
Cached:           508216 kB
SwapCached:         1724 kB
Active:           558156 kB
Inactive:         483888 kB
Active(anon):     221232 kB
Inactive(anon):   250612 kB
Active(file):     336924 kB
Inactive(file):   233276 kB
Unevictable:        1056 kB
Mlocked:               0 kB
HighTotal:       1001472 kB
HighFree:          11636 kB
LowTotal:         419352 kB
LowFree:           64580 kB
SwapTotal:        786428 kB
SwapFree:         755896 kB
Dirty:                 0 kB
Writeback:             0 kB
AnonPages:        469600 kB
Mapped:           196536 kB
Shmem:               728 kB
Slab:              52200 kB
SReclaimable:      20776 kB
SUnreclaim:        31424 kB
KernelStack:       10248 kB
PageTables:        15860 kB
NFS_Unstable:          0 kB
Bounce:                0 kB
WritebackTmp:          0 kB
CommitLimit:     1496840 kB
Committed_AS:   21247760 kB
VmallocTotal:     458752 kB
VmallocUsed:       85800 kB
VmallocChunk:     207900 kB
Time pass: 351 sec

---2015-10-26 12:50:36
MemTotal:        1420824 kB
MemFree:           76068 kB
Buffers:           63768 kB
Cached:           508216 kB
SwapCached:         1724 kB
Active:           558220 kB
Inactive:         483884 kB
Active(anon):     221292 kB
Inactive(anon):   250612 kB
Active(file):     336928 kB
Inactive(file):   233272 kB
Unevictable:        1056 kB
Mlocked:               0 kB
HighTotal:       1001472 kB
HighFree:          11576 kB
LowTotal:         419352 kB
LowFree:           64492 kB
SwapTotal:        786428 kB
SwapFree:         755896 kB
Dirty:                44 kB
Writeback:             0 kB
AnonPages:        469660 kB
Mapped:           196496 kB
Shmem:               728 kB
Slab:              52288 kB
SReclaimable:      20776 kB
SUnreclaim:        31512 kB
KernelStack:       10232 kB
PageTables:        15844 kB
NFS_Unstable:          0 kB
Bounce:                0 kB
WritebackTmp:          0 kB
CommitLimit:     1496840 kB
Committed_AS:   21247804 kB
VmallocTotal:     458752 kB
VmallocUsed:       85800 kB
VmallocChunk:     207900 kB
Time pass: 355 sec

---2015-10-26 12:50:36
MemTotal:        1420824 kB
MemFree:           75908 kB
Buffers:           63768 kB
Cached:           508216 kB
SwapCached:         1724 kB
Active:           558420 kB
Inactive:         483884 kB
Active(anon):     221492 kB
Inactive(anon):   250612 kB
Active(file):     336928 kB
Inactive(file):   233272 kB
Unevictable:        1056 kB
Mlocked:               0 kB
HighTotal:       1001472 kB
HighFree:          11140 kB
LowTotal:         419352 kB
LowFree:           64768 kB
SwapTotal:        786428 kB
SwapFree:         755896 kB
Dirty:                44 kB
Writeback:             0 kB
AnonPages:        469728 kB
Mapped:           196536 kB
Shmem:               728 kB
Slab:              52180 kB
SReclaimable:      20776 kB
SUnreclaim:        31404 kB
KernelStack:       10256 kB
PageTables:        15868 kB
NFS_Unstable:          0 kB
Bounce:                0 kB
WritebackTmp:          0 kB
CommitLimit:     1496840 kB
Committed_AS:   21247820 kB
VmallocTotal:     458752 kB
VmallocUsed:       85800 kB
VmallocChunk:     207900 kB
Time pass: 359 sec

---2015-10-26 12:50:36
MemTotal:        1420824 kB
MemFree:           76344 kB
Buffers:           63768 kB
Cached:           508216 kB
SwapCached:         1724 kB
Active:           558396 kB
Inactive:         483880 kB
Active(anon):     221464 kB
Inactive(anon):   250612 kB
Active(file):     336932 kB
Inactive(file):   233268 kB
Unevictable:        1056 kB
Mlocked:               0 kB
HighTotal:       1001472 kB
HighFree:          11044 kB
LowTotal:         419352 kB
LowFree:           65300 kB
SwapTotal:        786428 kB
SwapFree:         755896 kB
Dirty:                28 kB
Writeback:             0 kB
AnonPages:        469800 kB
Mapped:           196536 kB
Shmem:               728 kB
Slab:              52200 kB
SReclaimable:      20776 kB
SUnreclaim:        31424 kB
KernelStack:       10256 kB
PageTables:        15860 kB
NFS_Unstable:          0 kB
Bounce:                0 kB
WritebackTmp:          0 kB
CommitLimit:     1496840 kB
Committed_AS:   21247876 kB
VmallocTotal:     458752 kB
VmallocUsed:       85800 kB
VmallocChunk:     207900 kB
Time pass: 363 sec

---2015-10-26 12:50:36
MemTotal:        1420824 kB
MemFree:           76544 kB
Buffers:           63768 kB
Cached:           508216 kB
SwapCached:         1724 kB
Active:           558484 kB
Inactive:         483880 kB
Active(anon):     221552 kB
Inactive(anon):   250612 kB
Active(file):     336932 kB
Inactive(file):   233268 kB
Unevictable:        1056 kB
Mlocked:               0 kB
HighTotal:       1001472 kB
HighFree:          11056 kB
LowTotal:         419352 kB
LowFree:           65488 kB
SwapTotal:        786428 kB
SwapFree:         755896 kB
Dirty:                 0 kB
Writeback:             0 kB
AnonPages:        469888 kB
Mapped:           196496 kB
Shmem:               728 kB
Slab:              52232 kB
SReclaimable:      20776 kB
SUnreclaim:        31456 kB
KernelStack:       10240 kB
PageTables:        15844 kB
NFS_Unstable:          0 kB
Bounce:                0 kB
WritebackTmp:          0 kB
CommitLimit:     1496840 kB
Committed_AS:   21247976 kB
VmallocTotal:     458752 kB
VmallocUsed:       85768 kB
VmallocChunk:     207900 kB
Time pass: 367 sec

---2015-10-26 12:50:36
MemTotal:        1420824 kB
MemFree:           75900 kB
Buffers:           63768 kB
Cached:           508216 kB
SwapCached:         1724 kB
Active:           558492 kB
Inactive:         483880 kB
Active(anon):     221560 kB
Inactive(anon):   250612 kB
Active(file):     336932 kB
Inactive(file):   233268 kB
Unevictable:        1056 kB
Mlocked:               0 kB
HighTotal:       1001472 kB
HighFree:          10492 kB
LowTotal:         419352 kB
LowFree:           65408 kB
SwapTotal:        786428 kB
SwapFree:         755896 kB
Dirty:                40 kB
Writeback:             0 kB
AnonPages:        469924 kB
Mapped:           196496 kB
Shmem:               728 kB
Slab:              52296 kB
SReclaimable:      20776 kB
SUnreclaim:        31520 kB
KernelStack:       10232 kB
PageTables:        15844 kB
NFS_Unstable:          0 kB
Bounce:                0 kB
WritebackTmp:          0 kB
CommitLimit:     1496840 kB
Committed_AS:   21247980 kB
VmallocTotal:     458752 kB
VmallocUsed:       85800 kB
VmallocChunk:     207900 kB
Time pass: 373 sec

---2015-10-26 12:50:36
MemTotal:        1420824 kB
MemFree:           74832 kB
Buffers:           63768 kB
Cached:           508216 kB
SwapCached:         1724 kB
Active:           558328 kB
Inactive:         483880 kB
Active(anon):     221396 kB
Inactive(anon):   250612 kB
Active(file):     336932 kB
Inactive(file):   233268 kB
Unevictable:        1056 kB
Mlocked:               0 kB
HighTotal:       1001472 kB
HighFree:           8896 kB
LowTotal:         419352 kB
LowFree:           65936 kB
SwapTotal:        786428 kB
SwapFree:         755896 kB
Dirty:                28 kB
Writeback:             0 kB
AnonPages:        469676 kB
Mapped:           196536 kB
Shmem:               728 kB
Slab:              52264 kB
SReclaimable:      20776 kB
SUnreclaim:        31488 kB
KernelStack:       10248 kB
PageTables:        15860 kB
NFS_Unstable:          0 kB
Bounce:                0 kB
WritebackTmp:          0 kB
CommitLimit:     1496840 kB
Committed_AS:   21247620 kB
VmallocTotal:     458752 kB
VmallocUsed:       85800 kB
VmallocChunk:     207900 kB
Time pass: 380 sec

---2015-10-26 12:50:36
MemTotal:        1420824 kB
MemFree:           74004 kB
Buffers:           63780 kB
Cached:           508284 kB
SwapCached:         1724 kB
Active:           558724 kB
Inactive:         483960 kB
Active(anon):     221792 kB
Inactive(anon):   250680 kB
Active(file):     336932 kB
Inactive(file):   233280 kB
Unevictable:        1056 kB
Mlocked:               0 kB
HighTotal:       1001472 kB
HighFree:           7588 kB
LowTotal:         419352 kB
LowFree:           66416 kB
SwapTotal:        786428 kB
SwapFree:         755896 kB
Dirty:                36 kB
Writeback:             0 kB
AnonPages:        470188 kB
Mapped:           196612 kB
Shmem:               796 kB
Slab:              52360 kB
SReclaimable:      20776 kB
SUnreclaim:        31584 kB
KernelStack:       10240 kB
PageTables:        15844 kB
NFS_Unstable:          0 kB
Bounce:                0 kB
WritebackTmp:          0 kB
CommitLimit:     1496840 kB
Committed_AS:   21248132 kB
VmallocTotal:     458752 kB
VmallocUsed:       85832 kB
VmallocChunk:     207900 kB
Time pass: 390 sec

---2015-10-26 12:50:36
MemTotal:        1420824 kB
MemFree:           73780 kB
Buffers:           63784 kB
Cached:           508284 kB
SwapCached:         1724 kB
Active:           558668 kB
Inactive:         483960 kB
Active(anon):     221732 kB
Inactive(anon):   250680 kB
Active(file):     336936 kB
Inactive(file):   233280 kB
Unevictable:        1056 kB
Mlocked:               0 kB
HighTotal:       1001472 kB
HighFree:           7096 kB
LowTotal:         419352 kB
LowFree:           66684 kB
SwapTotal:        786428 kB
SwapFree:         755896 kB
Dirty:                28 kB
Writeback:             0 kB
AnonPages:        470228 kB
Mapped:           196504 kB
Shmem:               796 kB
Slab:              52296 kB
SReclaimable:      20776 kB
SUnreclaim:        31520 kB
KernelStack:       10256 kB
PageTables:        15860 kB
NFS_Unstable:          0 kB
Bounce:                0 kB
WritebackTmp:          0 kB
CommitLimit:     1496840 kB
Committed_AS:   21248112 kB
VmallocTotal:     458752 kB
VmallocUsed:       85832 kB
VmallocChunk:     207900 kB
Time pass: 396 sec

---2015-10-26 12:50:36
MemTotal:        1420824 kB
MemFree:           74880 kB
Buffers:           63784 kB
Cached:           508284 kB
SwapCached:         1724 kB
Active:           558416 kB
Inactive:         483960 kB
Active(anon):     221480 kB
Inactive(anon):   250680 kB
Active(file):     336936 kB
Inactive(file):   233280 kB
Unevictable:        1056 kB
Mlocked:               0 kB
HighTotal:       1001472 kB
HighFree:           7764 kB
LowTotal:         419352 kB
LowFree:           67116 kB
SwapTotal:        786428 kB
SwapFree:         755896 kB
Dirty:                 0 kB
Writeback:             0 kB
AnonPages:        469948 kB
Mapped:           196564 kB
Shmem:               796 kB
Slab:              52264 kB
SReclaimable:      20776 kB
SUnreclaim:        31488 kB
KernelStack:       10248 kB
PageTables:        15844 kB
NFS_Unstable:          0 kB
Bounce:                0 kB
WritebackTmp:          0 kB
CommitLimit:     1496840 kB
Committed_AS:   21248064 kB
VmallocTotal:     458752 kB
VmallocUsed:       85800 kB
VmallocChunk:     207900 kB
Time pass: 403 sec

---2015-10-26 12:50:36
MemTotal:        1420824 kB
MemFree:           74212 kB
Buffers:           63792 kB
Cached:           508296 kB
SwapCached:         1724 kB
Active:           558772 kB
Inactive:         483976 kB
Active(anon):     221832 kB
Inactive(anon):   250692 kB
Active(file):     336940 kB
Inactive(file):   233284 kB
Unevictable:        1056 kB
Mlocked:               0 kB
HighTotal:       1001472 kB
HighFree:           7292 kB
LowTotal:         419352 kB
LowFree:           66920 kB
SwapTotal:        786428 kB
SwapFree:         755896 kB
Dirty:                36 kB
Writeback:             0 kB
AnonPages:        470196 kB
Mapped:           196616 kB
Shmem:               808 kB
Slab:              52360 kB
SReclaimable:      20776 kB
SUnreclaim:        31584 kB
KernelStack:       10248 kB
PageTables:        15860 kB
NFS_Unstable:          0 kB
Bounce:                0 kB
WritebackTmp:          0 kB
CommitLimit:     1496840 kB
Committed_AS:   21248160 kB
VmallocTotal:     458752 kB
VmallocUsed:       85800 kB
VmallocChunk:     207900 kB
Time pass: 408 sec

---2015-10-26 12:50:36
MemTotal:        1420824 kB
MemFree:           74272 kB
Buffers:           63792 kB
Cached:           508296 kB
SwapCached:         1724 kB
Active:           558852 kB
Inactive:         483976 kB
Active(anon):     221912 kB
Inactive(anon):   250692 kB
Active(file):     336940 kB
Inactive(file):   233284 kB
Unevictable:        1056 kB
Mlocked:               0 kB
HighTotal:       1001472 kB
HighFree:           7156 kB
LowTotal:         419352 kB
LowFree:           67116 kB
SwapTotal:        786428 kB
SwapFree:         755896 kB
Dirty:                36 kB
Writeback:             0 kB
AnonPages:        470336 kB
Mapped:           196616 kB
Shmem:               808 kB
Slab:              52232 kB
SReclaimable:      20776 kB
SUnreclaim:        31456 kB
KernelStack:       10248 kB
PageTables:        15860 kB
NFS_Unstable:          0 kB
Bounce:                0 kB
WritebackTmp:          0 kB
CommitLimit:     1496840 kB
Committed_AS:   21248140 kB
VmallocTotal:     458752 kB
VmallocUsed:       85800 kB
VmallocChunk:     207900 kB
Time pass: 412 sec

---2015-10-26 12:50:36
MemTotal:        1420824 kB
MemFree:           74488 kB
Buffers:           63792 kB
Cached:           508304 kB
SwapCached:         1724 kB
Active:           558832 kB
Inactive:         483980 kB
Active(anon):     221888 kB
Inactive(anon):   250700 kB
Active(file):     336944 kB
Inactive(file):   233280 kB
Unevictable:        1056 kB
Mlocked:               0 kB
HighTotal:       1001472 kB
HighFree:           7164 kB
LowTotal:         419352 kB
LowFree:           67324 kB
SwapTotal:        786428 kB
SwapFree:         755896 kB
Dirty:                28 kB
Writeback:             0 kB
AnonPages:        470156 kB
Mapped:           196624 kB
Shmem:               816 kB
Slab:              52296 kB
SReclaimable:      20776 kB
SUnreclaim:        31520 kB
KernelStack:       10240 kB
PageTables:        15860 kB
NFS_Unstable:          0 kB
Bounce:                0 kB
WritebackTmp:          0 kB
CommitLimit:     1496840 kB
Committed_AS:   21248116 kB
VmallocTotal:     458752 kB
VmallocUsed:       85800 kB
VmallocChunk:     207900 kB
Time pass: 415 sec

---2015-10-26 12:50:36
MemTotal:        1420824 kB
MemFree:           75396 kB
Buffers:           63800 kB
Cached:           508304 kB
SwapCached:         1724 kB
Active:           558820 kB
Inactive:         483980 kB
Active(anon):     221868 kB
Inactive(anon):   250700 kB
Active(file):     336952 kB
Inactive(file):   233280 kB
Unevictable:        1056 kB
Mlocked:               0 kB
HighTotal:       1001472 kB
HighFree:           7924 kB
LowTotal:         419352 kB
LowFree:           67472 kB
SwapTotal:        786428 kB
SwapFree:         755896 kB
Dirty:                40 kB
Writeback:             0 kB
AnonPages:        470232 kB
Mapped:           196584 kB
Shmem:               816 kB
Slab:              52296 kB
SReclaimable:      20776 kB
SUnreclaim:        31520 kB
KernelStack:       10232 kB
PageTables:        15844 kB
NFS_Unstable:          0 kB
Bounce:                0 kB
WritebackTmp:          0 kB
CommitLimit:     1496840 kB
Committed_AS:   21248064 kB
VmallocTotal:     458752 kB
VmallocUsed:       85768 kB
VmallocChunk:     207900 kB
Time pass: 423 sec

---2015-10-26 12:50:36
MemTotal:        1420824 kB
MemFree:           74624 kB
Buffers:           63804 kB
Cached:           508312 kB
SwapCached:         1724 kB
Active:           559232 kB
Inactive:         483988 kB
Active(anon):     222276 kB
Inactive(anon):   250708 kB
Active(file):     336956 kB
Inactive(file):   233280 kB
Unevictable:        1056 kB
Mlocked:               0 kB
HighTotal:       1001472 kB
HighFree:           7396 kB
LowTotal:         419352 kB
LowFree:           67228 kB
SwapTotal:        786428 kB
SwapFree:         755896 kB
Dirty:                28 kB
Writeback:             0 kB
AnonPages:        470700 kB
Mapped:           196592 kB
Shmem:               824 kB
Slab:              52264 kB
SReclaimable:      20776 kB
SUnreclaim:        31488 kB
KernelStack:       10240 kB
PageTables:        15844 kB
NFS_Unstable:          0 kB
Bounce:                0 kB
WritebackTmp:          0 kB
CommitLimit:     1496840 kB
Committed_AS:   21248456 kB
VmallocTotal:     458752 kB
VmallocUsed:       85800 kB
VmallocChunk:     207900 kB
Time pass: 427 sec

---2015-10-26 12:50:36
MemTotal:        1420824 kB
MemFree:           74856 kB
Buffers:           63804 kB
Cached:           508312 kB
SwapCached:         1724 kB
Active:           558864 kB
Inactive:         483988 kB
Active(anon):     221908 kB
Inactive(anon):   250708 kB
Active(file):     336956 kB
Inactive(file):   233280 kB
Unevictable:        1056 kB
Mlocked:               0 kB
HighTotal:       1001472 kB
HighFree:           7572 kB
LowTotal:         419352 kB
LowFree:           67284 kB
SwapTotal:        786428 kB
SwapFree:         755896 kB
Dirty:                 0 kB
Writeback:             0 kB
AnonPages:        470248 kB
Mapped:           196632 kB
Shmem:               824 kB
Slab:              52232 kB
SReclaimable:      20776 kB
