---2015-12-17 17:07:46
MemTotal:        1959952 kB
MemFree:          106152 kB
Buffers:            5472 kB
Cached:          1217776 kB
SwapCached:          380 kB
Active:           848332 kB
Inactive:         769436 kB
Active(anon):     240948 kB
Inactive(anon):   154680 kB
Active(file):     607384 kB
Inactive(file):   614756 kB
Unevictable:         968 kB
Mlocked:               0 kB
HighTotal:       1372556 kB
HighFree:          40308 kB
LowTotal:         587396 kB
LowFree:           65844 kB
SwapTotal:        262140 kB
SwapFree:         246716 kB
Dirty:               168 kB
Writeback:             0 kB
AnonPages:        395252 kB
Mapped:           279260 kB
Shmem:               140 kB
Slab:              54808 kB
SReclaimable:      16788 kB
SUnreclaim:        38020 kB
KernelStack:       14952 kB
PageTables:        26248 kB
NFS_Unstable:          0 kB
Bounce:                0 kB
WritebackTmp:          0 kB
CommitLimit:     1242116 kB
Committed_AS:   55762200 kB
VmallocTotal:     409600 kB
VmallocUsed:       34880 kB
VmallocChunk:     103452 kB
Time pass: 3 sec

---2015-12-17 17:07:46
MemTotal:        1959952 kB
MemFree:          105740 kB
Buffers:            5472 kB
Cached:          1217776 kB
SwapCached:          380 kB
Active:           848492 kB
Inactive:         769432 kB
Active(anon):     241108 kB
Inactive(anon):   154676 kB
Active(file):     607384 kB
Inactive(file):   614756 kB
Unevictable:         968 kB
Mlocked:               0 kB
HighTotal:       1372556 kB
HighFree:          39824 kB
LowTotal:         587396 kB
LowFree:           65916 kB
SwapTotal:        262140 kB
SwapFree:         246716 kB
Dirty:               168 kB
Writeback:             0 kB
AnonPages:        395544 kB
Mapped:           279260 kB
Shmem:               140 kB
Slab:              54776 kB
SReclaimable:      16796 kB
SUnreclaim:        37980 kB
KernelStack:       14952 kB
PageTables:        26248 kB
NFS_Unstable:          0 kB
Bounce:                0 kB
WritebackTmp:          0 kB
CommitLimit:     1242116 kB
Committed_AS:   55762396 kB
VmallocTotal:     409600 kB
VmallocUsed:       34880 kB
VmallocChunk:     103452 kB
Time pass: 7 sec

---2015-12-17 17:07:46
MemTotal:        1959952 kB
MemFree:          105800 kB
Buffers:            5472 kB
Cached:          1217776 kB
SwapCached:          380 kB
Active:           848820 kB
Inactive:         769432 kB
Active(anon):     241436 kB
Inactive(anon):   154676 kB
Active(file):     607384 kB
Inactive(file):   614756 kB
Unevictable:         968 kB
Mlocked:               0 kB
HighTotal:       1372556 kB
HighFree:          39660 kB
LowTotal:         587396 kB
LowFree:           66140 kB
SwapTotal:        262140 kB
SwapFree:         246716 kB
Dirty:               168 kB
Writeback:             0 kB
AnonPages:        395760 kB
Mapped:           279260 kB
Shmem:               140 kB
Slab:              54560 kB
SReclaimable:      16796 kB
SUnreclaim:        37764 kB
KernelStack:       14952 kB
PageTables:        26248 kB
NFS_Unstable:          0 kB
Bounce:                0 kB
WritebackTmp:          0 kB
CommitLimit:     1242116 kB
Committed_AS:   55762508 kB
VmallocTotal:     409600 kB
VmallocUsed:       34880 kB
VmallocChunk:     103452 kB
Time pass: 10 sec

---2015-12-17 17:07:46
MemTotal:        1959952 kB
MemFree:          103944 kB
Buffers:            5472 kB
Cached:          1217776 kB
SwapCached:          380 kB
Active:           850940 kB
Inactive:         769432 kB
Active(anon):     243556 kB
Inactive(anon):   154676 kB
Active(file):     607384 kB
Inactive(file):   614756 kB
Unevictable:         968 kB
Mlocked:               0 kB
HighTotal:       1372556 kB
HighFree:          37640 kB
LowTotal:         587396 kB
LowFree:           66304 kB
SwapTotal:        262140 kB
SwapFree:         246716 kB
Dirty:               168 kB
Writeback:             0 kB
AnonPages:        398040 kB
Mapped:           279260 kB
Shmem:               140 kB
Slab:              54576 kB
SReclaimable:      16796 kB
SUnreclaim:        37780 kB
KernelStack:       14952 kB
PageTables:        26256 kB
NFS_Unstable:          0 kB
Bounce:                0 kB
WritebackTmp:          0 kB
CommitLimit:     1242116 kB
Committed_AS:   55763916 kB
VmallocTotal:     409600 kB
VmallocUsed:       34880 kB
VmallocChunk:     103452 kB
Time pass: 14 sec

---2015-12-17 17:07:46
MemTotal:        1959952 kB
MemFree:          102704 kB
Buffers:            5472 kB
Cached:          1217776 kB
SwapCached:          380 kB
Active:           851052 kB
Inactive:         769436 kB
Active(anon):     243668 kB
Inactive(anon):   154680 kB
Active(file):     607384 kB
Inactive(file):   614756 kB
Unevictable:         968 kB
Mlocked:               0 kB
HighTotal:       1372556 kB
HighFree:          36728 kB
LowTotal:         587396 kB
LowFree:           65976 kB
SwapTotal:        262140 kB
SwapFree:         246720 kB
Dirty:               168 kB
Writeback:             0 kB
AnonPages:        398272 kB
Mapped:           279260 kB
Shmem:               140 kB
Slab:              54824 kB
SReclaimable:      16796 kB
SUnreclaim:        38028 kB
KernelStack:       14952 kB
PageTables:        26256 kB
NFS_Unstable:          0 kB
Bounce:                0 kB
WritebackTmp:          0 kB
CommitLimit:     1242116 kB
Committed_AS:   55764000 kB
VmallocTotal:     409600 kB
VmallocUsed:       34880 kB
VmallocChunk:     103452 kB
Time pass: 18 sec

---2015-12-17 17:07:46
MemTotal:        1959952 kB
MemFree:           99500 kB
Buffers:            5176 kB
Cached:          1164756 kB
SwapCached:          584 kB
Active:           826624 kB
Inactive:         758520 kB
Active(anon):     256652 kB
Inactive(anon):   161760 kB
Active(file):     569972 kB
Inactive(file):   596760 kB
Unevictable:        1744 kB
Mlocked:               0 kB
HighTotal:       1372556 kB
HighFree:          39180 kB
LowTotal:         587396 kB
LowFree:           60320 kB
SwapTotal:        262140 kB
SwapFree:         243632 kB
Dirty:               852 kB
Writeback:             0 kB
AnonPages:        417468 kB
Mapped:           296976 kB
Shmem:              1228 kB
Slab:              55376 kB
SReclaimable:      16796 kB
SUnreclaim:        38580 kB
KernelStack:       15312 kB
PageTables:        26776 kB
NFS_Unstable:          0 kB
Bounce:                0 kB
WritebackTmp:          0 kB
CommitLimit:     1242116 kB
Committed_AS:   56752988 kB
VmallocTotal:     409600 kB
VmallocUsed:       36036 kB
VmallocChunk:      90140 kB
Time pass: 21 sec

---2015-12-17 17:07:46
MemTotal:        1959952 kB
MemFree:           98068 kB
Buffers:            3000 kB
Cached:          1101436 kB
SwapCached:          600 kB
Active:           818208 kB
Inactive:         715892 kB
Active(anon):     267508 kB
Inactive(anon):   165372 kB
Active(file):     550700 kB
Inactive(file):   550520 kB
Unevictable:        1744 kB
Mlocked:               0 kB
HighTotal:       1372556 kB
HighFree:          40264 kB
LowTotal:         587396 kB
LowFree:           57804 kB
SwapTotal:        262140 kB
SwapFree:         237560 kB
Dirty:              1028 kB
Writeback:             0 kB
AnonPages:        432256 kB
Mapped:           311424 kB
Shmem:              1364 kB
Slab:              55328 kB
SReclaimable:      16780 kB
SUnreclaim:        38548 kB
KernelStack:       15720 kB
PageTables:        27152 kB
NFS_Unstable:          0 kB
Bounce:                0 kB
WritebackTmp:          0 kB
CommitLimit:     1242116 kB
Committed_AS:   56772664 kB
VmallocTotal:     409600 kB
VmallocUsed:       35128 kB
VmallocChunk:      90140 kB
Time pass: 25 sec

---2015-12-17 17:07:46
MemTotal:        1959952 kB
MemFree:           95060 kB
Buffers:            2564 kB
Cached:          1069292 kB
SwapCached:          624 kB
Active:           809360 kB
Inactive:         694736 kB
Active(anon):     268924 kB
Inactive(anon):   165312 kB
Active(file):     540436 kB
Inactive(file):   529424 kB
Unevictable:        1744 kB
Mlocked:               0 kB
HighTotal:       1372556 kB
HighFree:          32512 kB
LowTotal:         587396 kB
LowFree:           62548 kB
SwapTotal:        262140 kB
SwapFree:         234848 kB
Dirty:               472 kB
Writeback:             0 kB
AnonPages:        434076 kB
Mapped:           323804 kB
Shmem:               252 kB
Slab:              54992 kB
SReclaimable:      16864 kB
SUnreclaim:        38128 kB
KernelStack:       15728 kB
PageTables:        27188 kB
NFS_Unstable:          0 kB
Bounce:                0 kB
WritebackTmp:          0 kB
CommitLimit:     1242116 kB
Committed_AS:   56778068 kB
VmallocTotal:     409600 kB
VmallocUsed:       35344 kB
VmallocChunk:      90140 kB
Time pass: 29 sec

---2015-12-17 17:07:46
MemTotal:        1959952 kB
MemFree:           93916 kB
Buffers:            2564 kB
Cached:          1069436 kB
SwapCached:          624 kB
Active:           801040 kB
Inactive:         694736 kB
Active(anon):     260520 kB
Inactive(anon):   165272 kB
Active(file):     540520 kB
Inactive(file):   529464 kB
Unevictable:        1744 kB
Mlocked:               0 kB
HighTotal:       1372556 kB
HighFree:          32256 kB
LowTotal:         587396 kB
LowFree:           61660 kB
SwapTotal:        262140 kB
SwapFree:         234848 kB
Dirty:               476 kB
Writeback:             0 kB
AnonPages:        425516 kB
Mapped:           332124 kB
Shmem:               252 kB
Slab:              55788 kB
SReclaimable:      16960 kB
SUnreclaim:        38828 kB
KernelStack:       15728 kB
PageTables:        27188 kB
NFS_Unstable:          0 kB
Bounce:                0 kB
WritebackTmp:          0 kB
CommitLimit:     1242116 kB
Committed_AS:   56770044 kB
VmallocTotal:     409600 kB
VmallocUsed:       35380 kB
VmallocChunk:      90140 kB
Time pass: 32 sec

---2015-12-17 17:07:46
MemTotal:        1959952 kB
MemFree:           94348 kB
Buffers:            2564 kB
Cached:          1069436 kB
SwapCached:          624 kB
Active:           801244 kB
Inactive:         694728 kB
Active(anon):     260708 kB
Inactive(anon):   165268 kB
Active(file):     540536 kB
Inactive(file):   529460 kB
Unevictable:        1744 kB
Mlocked:               0 kB
HighTotal:       1372556 kB
HighFree:          32488 kB
LowTotal:         587396 kB
LowFree:           61860 kB
SwapTotal:        262140 kB
SwapFree:         234848 kB
Dirty:               428 kB
Writeback:             0 kB
AnonPages:        425796 kB
Mapped:           332128 kB
Shmem:               252 kB
Slab:              55520 kB
SReclaimable:      16960 kB
SUnreclaim:        38560 kB
KernelStack:       15728 kB
PageTables:        27184 kB
NFS_Unstable:          0 kB
Bounce:                0 kB
WritebackTmp:          0 kB
CommitLimit:     1242116 kB
Committed_AS:   56770004 kB
VmallocTotal:     409600 kB
VmallocUsed:       35380 kB
VmallocChunk:      90140 kB
Time pass: 36 sec

---2015-12-17 17:07:46
MemTotal:        1959952 kB
MemFree:           78824 kB
Buffers:            2564 kB
Cached:          1072692 kB
SwapCached:          636 kB
Active:           807116 kB
Inactive:         697848 kB
Active(anon):     266548 kB
Inactive(anon):   165268 kB
Active(file):     540568 kB
Inactive(file):   532580 kB
Unevictable:        1744 kB
Mlocked:               0 kB
HighTotal:       1372556 kB
HighFree:          22724 kB
LowTotal:         587396 kB
LowFree:           56100 kB
SwapTotal:        262140 kB
SwapFree:         234852 kB
Dirty:              1204 kB
Writeback:             0 kB
AnonPages:        431760 kB
Mapped:           342128 kB
Shmem:               252 kB
Slab:              55660 kB
SReclaimable:      16960 kB
SUnreclaim:        38700 kB
KernelStack:       15744 kB
PageTables:        27212 kB
NFS_Unstable:          0 kB
Bounce:                0 kB
WritebackTmp:          0 kB
CommitLimit:     1242116 kB
Committed_AS:   56775920 kB
VmallocTotal:     409600 kB
VmallocUsed:       35380 kB
VmallocChunk:      90140 kB
Time pass: 40 sec

---2015-12-17 17:07:46
MemTotal:        1959952 kB
MemFree:           95544 kB
Buffers:            2152 kB
Cached:          1013572 kB
SwapCached:          664 kB
Active:           776616 kB
Inactive:         673100 kB
Active(anon):     269844 kB
Inactive(anon):   166256 kB
Active(file):     506772 kB
Inactive(file):   506844 kB
Unevictable:        1744 kB
Mlocked:               0 kB
HighTotal:       1372556 kB
HighFree:          32584 kB
LowTotal:         587396 kB
LowFree:           62960 kB
SwapTotal:        262140 kB
SwapFree:         231464 kB
Dirty:               548 kB
Writeback:             0 kB
AnonPages:        435956 kB
Mapped:           343356 kB
Shmem:               252 kB
Slab:              55608 kB
SReclaimable:      17016 kB
SUnreclaim:        38592 kB
KernelStack:       15824 kB
PageTables:        27396 kB
NFS_Unstable:          0 kB
Bounce:                0 kB
WritebackTmp:          0 kB
CommitLimit:     1242116 kB
Committed_AS:   56779392 kB
VmallocTotal:     409600 kB
VmallocUsed:       35544 kB
VmallocChunk:      90140 kB
Time pass: 43 sec

---2015-12-17 17:07:46
MemTotal:        1959952 kB
MemFree:           99000 kB
Buffers:            2152 kB
Cached:          1013632 kB
SwapCached:          664 kB
Active:           775548 kB
Inactive:         673164 kB
Active(anon):     268880 kB
Inactive(anon):   166048 kB
Active(file):     506668 kB
Inactive(file):   507116 kB
Unevictable:        1744 kB
Mlocked:               0 kB
HighTotal:       1372556 kB
HighFree:          35784 kB
LowTotal:         587396 kB
LowFree:           63216 kB
SwapTotal:        262140 kB
SwapFree:         231472 kB
Dirty:               428 kB
Writeback:             0 kB
AnonPages:        434476 kB
Mapped:           344048 kB
Shmem:               252 kB
Slab:              55244 kB
SReclaimable:      16888 kB
SUnreclaim:        38356 kB
KernelStack:       15824 kB
PageTables:        27444 kB
NFS_Unstable:          0 kB
Bounce:                0 kB
WritebackTmp:          0 kB
CommitLimit:     1242116 kB
Committed_AS:   56779888 kB
VmallocTotal:     409600 kB
VmallocUsed:       35528 kB
VmallocChunk:      90140 kB
Time pass: 47 sec

---2015-12-17 17:07:46
MemTotal:        1959952 kB
MemFree:           94960 kB
Buffers:            2152 kB
Cached:          1000692 kB
SwapCached:          664 kB
Active:           781748 kB
Inactive:         669308 kB
Active(anon):     281936 kB
Inactive(anon):   168320 kB
Active(file):     499812 kB
Inactive(file):   500988 kB
Unevictable:        1744 kB
Mlocked:               0 kB
HighTotal:       1372556 kB
HighFree:          30540 kB
LowTotal:         587396 kB
LowFree:           64420 kB
SwapTotal:        262140 kB
SwapFree:         230732 kB
Dirty:              1316 kB
Writeback:             0 kB
AnonPages:        450032 kB
Mapped:           359620 kB
Shmem:               252 kB
Slab:              55860 kB
SReclaimable:      16936 kB
SUnreclaim:        38924 kB
KernelStack:       15864 kB
PageTables:        27412 kB
NFS_Unstable:          0 kB
Bounce:                0 kB
WritebackTmp:          0 kB
CommitLimit:     1242116 kB
Committed_AS:   56795916 kB
VmallocTotal:     409600 kB
VmallocUsed:       35588 kB
VmallocChunk:      90140 kB
Time pass: 51 sec

---2015-12-17 17:07:46
MemTotal:        1959952 kB
MemFree:          122180 kB
Buffers:            2040 kB
Cached:           957404 kB
SwapCached:          664 kB
Active:           754996 kB
Inactive:         649264 kB
Active(anon):     275748 kB
Inactive(anon):   171072 kB
Active(file):     479248 kB
Inactive(file):   478192 kB
Unevictable:        1744 kB
Mlocked:               0 kB
HighTotal:       1372556 kB
HighFree:          56408 kB
LowTotal:         587396 kB
LowFree:           65772 kB
SwapTotal:        262140 kB
SwapFree:         227472 kB
Dirty:              1256 kB
Writeback:             0 kB
AnonPages:        446436 kB
Mapped:           365804 kB
Shmem:               252 kB
Slab:              55904 kB
SReclaimable:      17004 kB
SUnreclaim:        38900 kB
KernelStack:       15848 kB
PageTables:        27464 kB
NFS_Unstable:          0 kB
Bounce:                0 kB
WritebackTmp:          0 kB
CommitLimit:     1242116 kB
Committed_AS:   56795408 kB
VmallocTotal:     409600 kB
VmallocUsed:       35672 kB
VmallocChunk:      90140 kB
Time pass: 54 sec

---2015-12-17 17:07:46
MemTotal:        1959952 kB
MemFree:          121048 kB
Buffers:            2040 kB
Cached:           958412 kB
SwapCached:          664 kB
Active:           755048 kB
Inactive:         650092 kB
Active(anon):     275684 kB
Inactive(anon):   171064 kB
Active(file):     479364 kB
Inactive(file):   479028 kB
Unevictable:        1744 kB
Mlocked:               0 kB
HighTotal:       1372556 kB
HighFree:          55352 kB
LowTotal:         587396 kB
LowFree:           65696 kB
SwapTotal:        262140 kB
SwapFree:         227472 kB
Dirty:               740 kB
Writeback:             0 kB
AnonPages:        446540 kB
Mapped:           366184 kB
Shmem:               252 kB
Slab:              55652 kB
SReclaimable:      17044 kB
SUnreclaim:        38608 kB
KernelStack:       15856 kB
PageTables:        27468 kB
NFS_Unstable:          0 kB
Bounce:                0 kB
WritebackTmp:          0 kB
CommitLimit:     1242116 kB
Committed_AS:   56795772 kB
VmallocTotal:     409600 kB
VmallocUsed:       35672 kB
VmallocChunk:      90140 kB
Time pass: 58 sec

---2015-12-17 17:07:46
MemTotal:        1959952 kB
MemFree:          117608 kB
Buffers:            2040 kB
Cached:           958508 kB
SwapCached:          664 kB
Active:           755964 kB
Inactive:         650220 kB
Active(anon):     276588 kB
Inactive(anon):   171056 kB
Active(file):     479376 kB
Inactive(file):   479164 kB
Unevictable:        1744 kB
Mlocked:               0 kB
HighTotal:       1372556 kB
HighFree:          51800 kB
LowTotal:         587396 kB
LowFree:           65808 kB
SwapTotal:        262140 kB
SwapFree:         227472 kB
Dirty:               760 kB
Writeback:             0 kB
AnonPages:        447464 kB
Mapped:           367640 kB
Shmem:               252 kB
Slab:              55528 kB
SReclaimable:      17044 kB
SUnreclaim:        38484 kB
KernelStack:       15848 kB
PageTables:        27472 kB
NFS_Unstable:          0 kB
Bounce:                0 kB
WritebackTmp:          0 kB
CommitLimit:     1242116 kB
Committed_AS:   56796628 kB
VmallocTotal:     409600 kB
VmallocUsed:       35672 kB
VmallocChunk:      90140 kB
Time pass: 62 sec

---2015-12-17 17:07:46
MemTotal:        1959952 kB
MemFree:          116512 kB
Buffers:            2040 kB
Cached:           958560 kB
SwapCached:          664 kB
Active:           756188 kB
Inactive:         650224 kB
Active(anon):     276812 kB
Inactive(anon):   171056 kB
Active(file):     479376 kB
Inactive(file):   479168 kB
Unevictable:        1744 kB
Mlocked:               0 kB
HighTotal:       1372556 kB
HighFree:          51484 kB
LowTotal:         587396 kB
LowFree:           65028 kB
SwapTotal:        262140 kB
SwapFree:         227472 kB
Dirty:               760 kB
Writeback:             0 kB
AnonPages:        447776 kB
Mapped:           367796 kB
Shmem:               252 kB
Slab:              56152 kB
SReclaimable:      17044 kB
SUnreclaim:        39108 kB
KernelStack:       15848 kB
PageTables:        27476 kB
NFS_Unstable:          0 kB
Bounce:                0 kB
WritebackTmp:          0 kB
CommitLimit:     1242116 kB
Committed_AS:   56796672 kB
VmallocTotal:     409600 kB
VmallocUsed:       35672 kB
VmallocChunk:      90140 kB
Time pass: 66 sec

---2015-12-17 17:07:46
MemTotal:        1959952 kB
MemFree:           83076 kB
Buffers:            2040 kB
Cached:           959668 kB
SwapCached:          664 kB
Active:           764208 kB
Inactive:         650812 kB
Active(anon):     284260 kB
Inactive(anon):   171052 kB
Active(file):     479948 kB
Inactive(file):   479760 kB
Unevictable:        1744 kB
Mlocked:               0 kB
HighTotal:       1372556 kB
HighFree:          26592 kB
LowTotal:         587396 kB
LowFree:           56484 kB
SwapTotal:        262140 kB
SwapFree:         227472 kB
Dirty:              1408 kB
Writeback:             0 kB
AnonPages:        455076 kB
Mapped:           389948 kB
Shmem:               252 kB
Slab:              56024 kB
SReclaimable:      17048 kB
SUnreclaim:        38976 kB
KernelStack:       15856 kB
PageTables:        27488 kB
NFS_Unstable:          0 kB
Bounce:                0 kB
WritebackTmp:          0 kB
CommitLimit:     1242116 kB
Committed_AS:   56803660 kB
VmallocTotal:     409600 kB
VmallocUsed:       35784 kB
VmallocChunk:      90140 kB
Time pass: 69 sec

---2015-12-17 17:07:46
MemTotal:        1959952 kB
MemFree:          117072 kB
Buffers:            2040 kB
Cached:           922124 kB
SwapCached:          664 kB
Active:           745488 kB
Inactive:         636904 kB
Active(anon):     288956 kB
Inactive(anon):   171664 kB
Active(file):     456532 kB
Inactive(file):   465240 kB
Unevictable:        1744 kB
Mlocked:               0 kB
HighTotal:       1372556 kB
HighFree:          54896 kB
LowTotal:         587396 kB
LowFree:           62176 kB
SwapTotal:        262140 kB
SwapFree:         224120 kB
Dirty:              1160 kB
Writeback:             0 kB
AnonPages:        460420 kB
Mapped:           393244 kB
Shmem:               252 kB
Slab:              56336 kB
SReclaimable:      17080 kB
SUnreclaim:        39256 kB
KernelStack:       15904 kB
PageTables:        27548 kB
NFS_Unstable:          0 kB
Bounce:                0 kB
WritebackTmp:          0 kB
CommitLimit:     1242116 kB
Committed_AS:   56817968 kB
VmallocTotal:     409600 kB
VmallocUsed:       35784 kB
VmallocChunk:      90140 kB
Time pass: 73 sec

---2015-12-17 17:07:46
MemTotal:        1959952 kB
MemFree:           76948 kB
Buffers:            2168 kB
Cached:           923864 kB
SwapCached:         1396 kB
Active:           753036 kB
Inactive:         639848 kB
Active(anon):     296424 kB
Inactive(anon):   172552 kB
Active(file):     456612 kB
Inactive(file):   467296 kB
Unevictable:        1744 kB
Mlocked:               0 kB
HighTotal:       1372556 kB
HighFree:          20964 kB
LowTotal:         587396 kB
LowFree:           55984 kB
SwapTotal:        262140 kB
SwapFree:         224192 kB
Dirty:               984 kB
Writeback:             0 kB
AnonPages:        468384 kB
Mapped:           392764 kB
Shmem:               388 kB
Slab:              55540 kB
SReclaimable:      16904 kB
SUnreclaim:        38636 kB
KernelStack:       16048 kB
PageTables:        27636 kB
NFS_Unstable:          0 kB
Bounce:                0 kB
WritebackTmp:          0 kB
CommitLimit:     1242116 kB
Committed_AS:   56838692 kB
VmallocTotal:     409600 kB
VmallocUsed:       38196 kB
VmallocChunk:      90140 kB
Time pass: 77 sec

---2015-12-17 17:07:46
MemTotal:        1959952 kB
MemFree:           91492 kB
Buffers:            2144 kB
Cached:           890780 kB
SwapCached:         1424 kB
Active:           736180 kB
Inactive:         620840 kB
Active(anon):     291300 kB
Inactive(anon):   174812 kB
Active(file):     444880 kB
Inactive(file):   446028 kB
Unevictable:        1744 kB
Mlocked:               0 kB
HighTotal:       1372556 kB
HighFree:          37264 kB
LowTotal:         587396 kB
LowFree:           54228 kB
SwapTotal:        262140 kB
SwapFree:         223156 kB
Dirty:               924 kB
Writeback:             0 kB
AnonPages:        465708 kB
Mapped:           390388 kB
Shmem:               464 kB
Slab:              54260 kB
SReclaimable:      15784 kB
SUnreclaim:        38476 kB
KernelStack:       15992 kB
PageTables:        27768 kB
NFS_Unstable:          0 kB
Bounce:                0 kB
WritebackTmp:          0 kB
CommitLimit:     1242116 kB
Committed_AS:   56838992 kB
VmallocTotal:     409600 kB
VmallocUsed:       37176 kB
VmallocChunk:      90140 kB
Time pass: 81 sec

---2015-12-17 17:07:46
MemTotal:        1959952 kB
MemFree:           90116 kB
Buffers:            2144 kB
Cached:           890804 kB
SwapCached:         1428 kB
Active:           737968 kB
Inactive:         620608 kB
Active(anon):     293172 kB
Inactive(anon):   174792 kB
Active(file):     444796 kB
Inactive(file):   445816 kB
Unevictable:        1744 kB
Mlocked:               0 kB
HighTotal:       1372556 kB
HighFree:          36648 kB
LowTotal:         587396 kB
LowFree:           53468 kB
SwapTotal:        262140 kB
SwapFree:         223156 kB
Dirty:               924 kB
Writeback:             0 kB
AnonPages:        467352 kB
Mapped:           390432 kB
Shmem:               592 kB
Slab:              55388 kB
SReclaimable:      16800 kB
SUnreclaim:        38588 kB
KernelStack:       15928 kB
PageTables:        27752 kB
NFS_Unstable:          0 kB
Bounce:                0 kB
WritebackTmp:          0 kB
CommitLimit:     1242116 kB
Committed_AS:   56840516 kB
VmallocTotal:     409600 kB
VmallocUsed:       37176 kB
VmallocChunk:      90140 kB
Time pass: 85 sec

---2015-12-17 17:07:46
MemTotal:        1959952 kB
MemFree:           89152 kB
Buffers:            2144 kB
Cached:           890920 kB
SwapCached:         1428 kB
Active:           739396 kB
Inactive:         620724 kB
Active(anon):     294600 kB
Inactive(anon):   174792 kB
Active(file):     444796 kB
Inactive(file):   445932 kB
Unevictable:        1744 kB
Mlocked:               0 kB
HighTotal:       1372556 kB
HighFree:          35152 kB
LowTotal:         587396 kB
LowFree:           54000 kB
SwapTotal:        262140 kB
SwapFree:         223156 kB
Dirty:               944 kB
Writeback:             0 kB
AnonPages:        468608 kB
Mapped:           390440 kB
Shmem:               592 kB
Slab:              55160 kB
SReclaimable:      16736 kB
SUnreclaim:        38424 kB
KernelStack:       15928 kB
PageTables:        27780 kB
NFS_Unstable:          0 kB
Bounce:                0 kB
WritebackTmp:          0 kB
CommitLimit:     1242116 kB
Committed_AS:   56841732 kB
VmallocTotal:     409600 kB
VmallocUsed:       37176 kB
VmallocChunk:      90140 kB
Time pass: 89 sec

---2015-12-17 17:07:46
MemTotal:        1959952 kB
MemFree:           88316 kB
Buffers:            2144 kB
Cached:           890972 kB
SwapCached:         1428 kB
Active:           739556 kB
Inactive:         620776 kB
Active(anon):     294760 kB
Inactive(anon):   174844 kB
Active(file):     444796 kB
Inactive(file):   445932 kB
Unevictable:        1744 kB
Mlocked:               0 kB
HighTotal:       1372556 kB
HighFree:          34452 kB
LowTotal:         587396 kB
LowFree:           53864 kB
SwapTotal:        262140 kB
SwapFree:         223156 kB
Dirty:               940 kB
Writeback:             0 kB
AnonPages:        468780 kB
Mapped:           390492 kB
Shmem:               644 kB
Slab:              55320 kB
SReclaimable:      16736 kB
SUnreclaim:        38584 kB
KernelStack:       15928 kB
PageTables:        27776 kB
NFS_Unstable:          0 kB
Bounce:                0 kB
WritebackTmp:          0 kB
CommitLimit:     1242116 kB
Committed_AS:   56841880 kB
VmallocTotal:     409600 kB
VmallocUsed:       37176 kB
VmallocChunk:      90140 kB
Time pass: 93 sec

---2015-12-17 17:07:46
MemTotal:        1959952 kB
MemFree:           86808 kB
Buffers:            2144 kB
Cached:           890972 kB
SwapCached:         1428 kB
Active:           740608 kB
Inactive:         620776 kB
Active(anon):     295812 kB
Inactive(anon):   174844 kB
Active(file):     444796 kB
Inactive(file):   445932 kB
Unevictable:        1744 kB
Mlocked:               0 kB
HighTotal:       1372556 kB
HighFree:          33300 kB
LowTotal:         587396 kB
LowFree:           53508 kB
SwapTotal:        262140 kB
SwapFree:         223156 kB
Dirty:               940 kB
Writeback:             0 kB
AnonPages:        469884 kB
Mapped:           390492 kB
Shmem:               644 kB
Slab:              55320 kB
SReclaimable:      16736 kB
SUnreclaim:        38584 kB
KernelStack:       15936 kB
PageTables:        27796 kB
NFS_Unstable:          0 kB
Bounce:                0 kB
WritebackTmp:          0 kB
CommitLimit:     1242116 kB
Committed_AS:   56843936 kB
VmallocTotal:     409600 kB
VmallocUsed:       37176 kB
VmallocChunk:      90140 kB
Time pass: 97 sec

---2015-12-17 17:07:46
MemTotal:        1959952 kB
MemFree:           87488 kB
Buffers:            2144 kB
Cached:           891000 kB
SwapCached:         1428 kB
Active:           740756 kB
Inactive:         620804 kB
Active(anon):     295960 kB
Inactive(anon):   174872 kB
Active(file):     444796 kB
Inactive(file):   445932 kB
Unevictable:        1744 kB
Mlocked:               0 kB
HighTotal:       1372556 kB
HighFree:          34132 kB
LowTotal:         587396 kB
LowFree:           53356 kB
SwapTotal:        262140 kB
SwapFree:         223156 kB
Dirty:               940 kB
Writeback:             0 kB
AnonPages:        470080 kB
Mapped:           390596 kB
Shmem:               672 kB
Slab:              55448 kB
SReclaimable:      16736 kB
SUnreclaim:        38712 kB
KernelStack:       15936 kB
PageTables:        27780 kB
NFS_Unstable:          0 kB
Bounce:                0 kB
WritebackTmp:          0 kB
CommitLimit:     1242116 kB
Committed_AS:   56843948 kB
VmallocTotal:     409600 kB
VmallocUsed:       37176 kB
VmallocChunk:      90140 kB
Time pass: 100 sec

---2015-12-17 17:07:46
MemTotal:        1959952 kB
MemFree:           87676 kB
Buffers:            2144 kB
Cached:           891000 kB
SwapCached:         1428 kB
Active:           740884 kB
Inactive:         620804 kB
Active(anon):     296088 kB
Inactive(anon):   174872 kB
Active(file):     444796 kB
Inactive(file):   445932 kB
Unevictable:        1744 kB
Mlocked:               0 kB
HighTotal:       1372556 kB
HighFree:          33196 kB
LowTotal:         587396 kB
LowFree:           54480 kB
SwapTotal:        262140 kB
SwapFree:         223156 kB
Dirty:               940 kB
Writeback:             0 kB
AnonPages:        470060 kB
Mapped:           390520 kB
Shmem:               672 kB
Slab:              55404 kB
SReclaimable:      16736 kB
SUnreclaim:        38668 kB
KernelStack:       15936 kB
PageTables:        27792 kB
NFS_Unstable:          0 kB
Bounce:                0 kB
WritebackTmp:          0 kB
CommitLimit:     1242116 kB
Committed_AS:   56843996 kB
VmallocTotal:     409600 kB
VmallocUsed:       37176 kB
VmallocChunk:      90140 kB
Time pass: 104 sec

---2015-12-17 17:07:46
MemTotal:        1959952 kB
MemFree:           87088 kB
Buffers:            2144 kB
Cached:           891028 kB
SwapCached:         1428 kB
Active:           740924 kB
Inactive:         620836 kB
Active(anon):     296128 kB
Inactive(anon):   174904 kB
Active(file):     444796 kB
Inactive(file):   445932 kB
Unevictable:        1744 kB
Mlocked:               0 kB
HighTotal:       1372556 kB
HighFree:          32652 kB
LowTotal:         587396 kB
LowFree:           54436 kB
SwapTotal:        262140 kB
SwapFree:         223160 kB
Dirty:               940 kB
Writeback:             0 kB
AnonPages:        470164 kB
Mapped:           390552 kB
Shmem:               700 kB
Slab:              55304 kB
SReclaimable:      16736 kB
SUnreclaim:        38568 kB
KernelStack:       15928 kB
PageTables:        27792 kB
NFS_Unstable:          0 kB
Bounce:                0 kB
WritebackTmp:          0 kB
CommitLimit:     1242116 kB
Committed_AS:   56843980 kB
VmallocTotal:     409600 kB
VmallocUsed:       37176 kB
VmallocChunk:      90140 kB
Time pass: 108 sec

---2015-12-17 17:07:46
MemTotal:        1959952 kB
MemFree:           88136 kB
Buffers:            2144 kB
Cached:           891032 kB
SwapCached:         1428 kB
Active:           739772 kB
Inactive:         620840 kB
Active(anon):     294976 kB
Inactive(anon):   174908 kB
Active(file):     444796 kB
Inactive(file):   445932 kB
Unevictable:        1744 kB
Mlocked:               0 kB
HighTotal:       1372556 kB
HighFree:          33544 kB
LowTotal:         587396 kB
LowFree:           54592 kB
SwapTotal:        262140 kB
SwapFree:         223160 kB
Dirty:               940 kB
Writeback:             0 kB
AnonPages:        469140 kB
Mapped:           390556 kB
Shmem:               704 kB
Slab:              55304 kB
SReclaimable:      16736 kB
SUnreclaim:        38568 kB
KernelStack:       15920 kB
PageTables:        27788 kB
NFS_Unstable:          0 kB
Bounce:                0 kB
WritebackTmp:          0 kB
CommitLimit:     1242116 kB
Committed_AS:   56842896 kB
VmallocTotal:     409600 kB
VmallocUsed:       37176 kB
VmallocChunk:      90140 kB
Time pass: 112 sec

---2015-12-17 17:07:46
MemTotal:        1959952 kB
MemFree:           87456 kB
Buffers:            2144 kB
Cached:           891040 kB
SwapCached:         1428 kB
Active:           739904 kB
Inactive:         620844 kB
Active(anon):     295108 kB
Inactive(anon):   174908 kB
Active(file):     444796 kB
Inactive(file):   445936 kB
Unevictable:        1744 kB
Mlocked:               0 kB
HighTotal:       1372556 kB
HighFree:          33208 kB
LowTotal:         587396 kB
LowFree:           54248 kB
SwapTotal:        262140 kB
SwapFree:         223160 kB
Dirty:               952 kB
Writeback:             0 kB
AnonPages:        469260 kB
Mapped:           390556 kB
Shmem:               704 kB
Slab:              55400 kB
SReclaimable:      16736 kB
SUnreclaim:        38664 kB
KernelStack:       15920 kB
PageTables:        27784 kB
NFS_Unstable:          0 kB
Bounce:                0 kB
WritebackTmp:          0 kB
CommitLimit:     1242116 kB
Committed_AS:   56842884 kB
VmallocTotal:     409600 kB
VmallocUsed:       37176 kB
VmallocChunk:      90140 kB
Time pass: 116 sec

---2015-12-17 17:07:46
MemTotal:        1959952 kB
MemFree:           86988 kB
Buffers:            2144 kB
Cached:           892260 kB
SwapCached:         1428 kB
Active:           740104 kB
Inactive:         621976 kB
Active(anon):     295216 kB
Inactive(anon):   174620 kB
Active(file):     444888 kB
Inactive(file):   447356 kB
Unevictable:        1744 kB
Mlocked:               0 kB
HighTotal:       1372556 kB
HighFree:          32764 kB
LowTotal:         587396 kB
LowFree:           54224 kB
SwapTotal:        262140 kB
SwapFree:         223168 kB
Dirty:               956 kB
Writeback:             0 kB
AnonPages:        469212 kB
Mapped:           390148 kB
Shmem:               316 kB
Slab:              55348 kB
SReclaimable:      16736 kB
SUnreclaim:        38612 kB
KernelStack:       16040 kB
PageTables:        27788 kB
NFS_Unstable:          0 kB
Bounce:                0 kB
WritebackTmp:          0 kB
CommitLimit:     1242116 kB
Committed_AS:   56832428 kB
VmallocTotal:     409600 kB
VmallocUsed:       37176 kB
VmallocChunk:      90140 kB
Time pass: 120 sec

---2015-12-17 17:07:46
MemTotal:        1959952 kB
MemFree:          102200 kB
Buffers:            2144 kB
Cached:           881192 kB
SwapCached:         1448 kB
Active:           729312 kB
Inactive:         615476 kB
Active(anon):     289088 kB
Inactive(anon):   174488 kB
Active(file):     440224 kB
Inactive(file):   440988 kB
Unevictable:        1744 kB
Mlocked:               0 kB
HighTotal:       1372556 kB
HighFree:          42596 kB
LowTotal:         587396 kB
LowFree:           59604 kB
SwapTotal:        262140 kB
SwapFree:         222828 kB
Dirty:               164 kB
Writeback:           196 kB
AnonPages:        463288 kB
Mapped:           391152 kB
Shmem:               252 kB
Slab:              55736 kB
SReclaimable:      17016 kB
SUnreclaim:        38720 kB
KernelStack:       15808 kB
PageTables:        27308 kB
NFS_Unstable:          0 kB
Bounce:                0 kB
WritebackTmp:          0 kB
CommitLimit:     1242116 kB
Committed_AS:   56818764 kB
VmallocTotal:     409600 kB
VmallocUsed:       37172 kB
VmallocChunk:      90140 kB
Time pass: 124 sec

---2015-12-17 17:07:46
MemTotal:        1959952 kB
MemFree:          337700 kB
Buffers:            2144 kB
Cached:           881136 kB
SwapCached:         1448 kB
Active:           652428 kB
Inactive:         615148 kB
Active(anon):     211644 kB
Inactive(anon):   174520 kB
Active(file):     440784 kB
Inactive(file):   440628 kB
Unevictable:        1744 kB
Mlocked:               0 kB
HighTotal:       1372556 kB
HighFree:         215700 kB
LowTotal:         587396 kB
LowFree:          122000 kB
SwapTotal:        262140 kB
SwapFree:         222836 kB
Dirty:                28 kB
Writeback:             0 kB
AnonPages:        385984 kB
Mapped:           259664 kB
Shmem:               120 kB
Slab:              55812 kB
SReclaimable:      17120 kB
SUnreclaim:        38692 kB
KernelStack:       15008 kB
PageTables:        25656 kB
NFS_Unstable:          0 kB
Bounce:                0 kB
WritebackTmp:          0 kB
CommitLimit:     1242116 kB
Committed_AS:   54810716 kB
VmallocTotal:     409600 kB
VmallocUsed:       34364 kB
VmallocChunk:     103452 kB
Time pass: 127 sec

---2015-12-17 17:07:46
MemTotal:        1959952 kB
MemFree:          340176 kB
Buffers:            2144 kB
Cached:           881236 kB
SwapCached:         1568 kB
Active:           651332 kB
Inactive:         613936 kB
Active(anon):     210548 kB
Inactive(anon):   173236 kB
Active(file):     440784 kB
Inactive(file):   440700 kB
Unevictable:        1744 kB
Mlocked:               0 kB
HighTotal:       1372556 kB
HighFree:         216672 kB
LowTotal:         587396 kB
LowFree:          123504 kB
SwapTotal:        262140 kB
SwapFree:         222904 kB
Dirty:                32 kB
Writeback:             0 kB
AnonPages:        383484 kB
Mapped:           259480 kB
Shmem:               120 kB
Slab:              55728 kB
SReclaimable:      17120 kB
SUnreclaim:        38608 kB
KernelStack:       15040 kB
PageTables:        25680 kB
NFS_Unstable:          0 kB
Bounce:                0 kB
WritebackTmp:          0 kB
CommitLimit:     1242116 kB
Committed_AS:   54810848 kB
VmallocTotal:     409600 kB
VmallocUsed:       34364 kB
VmallocChunk:     103452 kB
Time pass: 131 sec

---2015-12-17 17:07:46
MemTotal:        1959952 kB
MemFree:          345116 kB
Buffers:            2144 kB
Cached:           881316 kB
SwapCached:         1568 kB
Active:           651540 kB
Inactive:         613924 kB
Active(anon):     210632 kB
Inactive(anon):   173236 kB
Active(file):     440908 kB
Inactive(file):   440688 kB
Unevictable:        1744 kB
Mlocked:               0 kB
HighTotal:       1372556 kB
HighFree:         216724 kB
LowTotal:         587396 kB
LowFree:          128392 kB
SwapTotal:        262140 kB
SwapFree:         222904 kB
Dirty:                36 kB
Writeback:             0 kB
AnonPages:        383612 kB
Mapped:           259284 kB
Shmem:               120 kB
Slab:              55788 kB
SReclaimable:      17120 kB
SUnreclaim:        38668 kB
KernelStack:       15024 kB
PageTables:        25668 kB
NFS_Unstable:          0 kB
Bounce:                0 kB
WritebackTmp:          0 kB
CommitLimit:     1242116 kB
Committed_AS:   54810820 kB
VmallocTotal:     409600 kB
VmallocUsed:       31956 kB
VmallocChunk:     103452 kB
Time pass: 134 sec

---2015-12-17 17:07:46
MemTotal:        1959952 kB
MemFree:          346888 kB
Buffers:            2144 kB
Cached:           881316 kB
SwapCached:         1568 kB
Active:           649820 kB
Inactive:         613772 kB
Active(anon):     208908 kB
Inactive(anon):   173088 kB
Active(file):     440912 kB
Inactive(file):   440684 kB
Unevictable:        1744 kB
Mlocked:               0 kB
HighTotal:       1372556 kB
HighFree:         218332 kB
LowTotal:         587396 kB
LowFree:          128556 kB
SwapTotal:        262140 kB
SwapFree:         222904 kB
Dirty:                36 kB
Writeback:             0 kB
AnonPages:        381852 kB
Mapped:           259276 kB
Shmem:               120 kB
Slab:              55788 kB
SReclaimable:      17120 kB
SUnreclaim:        38668 kB
KernelStack:       15008 kB
PageTables:        25656 kB
NFS_Unstable:          0 kB
Bounce:                0 kB
WritebackTmp:          0 kB
CommitLimit:     1242116 kB
Committed_AS:   54810884 kB
VmallocTotal:     409600 kB
VmallocUsed:       31956 kB
VmallocChunk:     103452 kB
Time pass: 138 sec

---2015-12-17 17:07:46
MemTotal:        1959952 kB
MemFree:          346792 kB
Buffers:            2144 kB
Cached:           881316 kB
SwapCached:         1568 kB
Active:           650240 kB
Inactive:         613768 kB
Active(anon):     209328 kB
Inactive(anon):   173084 kB
Active(file):     440912 kB
Inactive(file):   440684 kB
Unevictable:        1744 kB
Mlocked:               0 kB
HighTotal:       1372556 kB
HighFree:         217952 kB
LowTotal:         587396 kB
LowFree:          128840 kB
SwapTotal:        262140 kB
SwapFree:         222904 kB
Dirty:                60 kB
Writeback:             0 kB
AnonPages:        382232 kB
Mapped:           259276 kB
Shmem:               120 kB
Slab:              55852 kB
SReclaimable:      17120 kB
SUnreclaim:        38732 kB
KernelStack:       15016 kB
PageTables:        25660 kB
NFS_Unstable:          0 kB
Bounce:                0 kB
WritebackTmp:          0 kB
CommitLimit:     1242116 kB
Committed_AS:   54811168 kB
VmallocTotal:     409600 kB
VmallocUsed:       31956 kB
VmallocChunk:     103452 kB
Time pass: 142 sec

---2015-12-17 17:07:46
MemTotal:        1959952 kB
MemFree:          346604 kB
Buffers:            2144 kB
Cached:           881316 kB
SwapCached:         1568 kB
Active:           650352 kB
Inactive:         613768 kB
Active(anon):     209440 kB
Inactive(anon):   173084 kB
Active(file):     440912 kB
Inactive(file):   440684 kB
Unevictable:        1744 kB
Mlocked:               0 kB
HighTotal:       1372556 kB
HighFree:         217756 kB
LowTotal:         587396 kB
LowFree:          128848 kB
SwapTotal:        262140 kB
SwapFree:         222904 kB
Dirty:                60 kB
Writeback:             0 kB
AnonPages:        382428 kB
Mapped:           259284 kB
Shmem:               120 kB
Slab:              55752 kB
SReclaimable:      17120 kB
SUnreclaim:        38632 kB
KernelStack:       15008 kB
PageTables:        25656 kB
NFS_Unstable:          0 kB
Bounce:                0 kB
WritebackTmp:          0 kB
CommitLimit:     1242116 kB
Committed_AS:   54811088 kB
VmallocTotal:     409600 kB
VmallocUsed:       31956 kB
VmallocChunk:     103452 kB
Time pass: 145 sec

---2015-12-17 17:07:46
MemTotal:        1959952 kB
MemFree:          346336 kB
Buffers:            2144 kB
Cached:           881316 kB
SwapCached:         1568 kB
Active:           650596 kB
Inactive:         613764 kB
Active(anon):     209684 kB
Inactive(anon):   173080 kB
Active(file):     440912 kB
Inactive(file):   440684 kB
Unevictable:        1744 kB
Mlocked:               0 kB
HighTotal:       1372556 kB
HighFree:         217584 kB
LowTotal:         587396 kB
LowFree:          128752 kB
SwapTotal:        262140 kB
SwapFree:         222904 kB
Dirty:                60 kB
Writeback:             0 kB
AnonPages:        382580 kB
Mapped:           259368 kB
Shmem:               120 kB
Slab:              55736 kB
SReclaimable:      17120 kB
SUnreclaim:        38616 kB
KernelStack:       15024 kB
PageTables:        25672 kB
NFS_Unstable:          0 kB
Bounce:                0 kB
WritebackTmp:          0 kB
CommitLimit:     1242116 kB
Committed_AS:   54811428 kB
VmallocTotal:     409600 kB
VmallocUsed:       31956 kB
VmallocChunk:     103452 kB
Time pass: 149 sec

---2015-12-17 17:07:46
MemTotal:        1959952 kB
MemFree:          346088 kB
Buffers:            2144 kB
Cached:           881332 kB
SwapCached:         1568 kB
Active:           650732 kB
Inactive:         613776 kB
Active(anon):     209820 kB
Inactive(anon):   173080 kB
Active(file):     440912 kB
Inactive(file):   440696 kB
Unevictable:        1744 kB
Mlocked:               0 kB
HighTotal:       1372556 kB
HighFree:         217288 kB
LowTotal:         587396 kB
LowFree:          128800 kB
SwapTotal:        262140 kB
SwapFree:         222904 kB
Dirty:                64 kB
Writeback:             0 kB
AnonPages:        382716 kB
Mapped:           259348 kB
Shmem:               120 kB
Slab:              55804 kB
SReclaimable:      17120 kB
SUnreclaim:        38684 kB
KernelStack:       15008 kB
PageTables:        25656 kB
NFS_Unstable:          0 kB
Bounce:                0 kB
WritebackTmp:          0 kB
CommitLimit:     1242116 kB
Committed_AS:   54811888 kB
VmallocTotal:     409600 kB
VmallocUsed:       31956 kB
VmallocChunk:     103452 kB
Time pass: 152 sec

---2015-12-17 17:07:46
MemTotal:        1959952 kB
MemFree:          344900 kB
Buffers:            2144 kB
Cached:           881964 kB
SwapCached:         1568 kB
Active:           651368 kB
Inactive:         614384 kB
Active(anon):     210448 kB
Inactive(anon):   173076 kB
Active(file):     440920 kB
Inactive(file):   441308 kB
Unevictable:        1744 kB
Mlocked:               0 kB
HighTotal:       1372556 kB
HighFree:         216040 kB
LowTotal:         587396 kB
LowFree:          128860 kB
SwapTotal:        262140 kB
SwapFree:         222904 kB
Dirty:               120 kB
Writeback:            16 kB
AnonPages:        383336 kB
Mapped:           259460 kB
Shmem:               124 kB
Slab:              55844 kB
SReclaimable:      17120 kB
SUnreclaim:        38724 kB
KernelStack:       15024 kB
PageTables:        25664 kB
NFS_Unstable:          0 kB
Bounce:                0 kB
WritebackTmp:          0 kB
CommitLimit:     1242116 kB
Committed_AS:   54812216 kB
VmallocTotal:     409600 kB
VmallocUsed:       31956 kB
VmallocChunk:     103452 kB
Time pass: 156 sec

---2015-12-17 17:07:46
MemTotal:        1959952 kB
MemFree:          344876 kB
Buffers:            2144 kB
Cached:           881904 kB
SwapCached:         1568 kB
Active:           651488 kB
Inactive:         614348 kB
Active(anon):     210576 kB
Inactive(anon):   173076 kB
Active(file):     440912 kB
Inactive(file):   441272 kB
Unevictable:        1744 kB
Mlocked:               0 kB
HighTotal:       1372556 kB
HighFree:         215964 kB
LowTotal:         587396 kB
LowFree:          128912 kB
SwapTotal:        262140 kB
SwapFree:         222904 kB
Dirty:                80 kB
Writeback:             0 kB
AnonPages:        383496 kB
Mapped:           259424 kB
Shmem:               120 kB
Slab:              55988 kB
SReclaimable:      17120 kB
SUnreclaim:        38868 kB
KernelStack:       15008 kB
PageTables:        25660 kB
NFS_Unstable:          0 kB
Bounce:                0 kB
WritebackTmp:          0 kB
CommitLimit:     1242116 kB
Committed_AS:   54812288 kB
VmallocTotal:     409600 kB
VmallocUsed:       31956 kB
VmallocChunk:     103452 kB
Time pass: 160 sec

---2015-12-17 17:07:46
MemTotal:        1959952 kB
MemFree:          302896 kB
Buffers:            2144 kB
Cached:           882560 kB
SwapCached:         1588 kB
Active:           675164 kB
Inactive:         612956 kB
Active(anon):     232192 kB
Inactive(anon):   173220 kB
Active(file):     442972 kB
Inactive(file):   439736 kB
Unevictable:        1744 kB
Mlocked:               0 kB
HighTotal:       1372556 kB
HighFree:         181072 kB
LowTotal:         587396 kB
LowFree:          121824 kB
SwapTotal:        262140 kB
SwapFree:         222908 kB
Dirty:               808 kB
Writeback:            12 kB
AnonPages:        405060 kB
Mapped:           287224 kB
Shmem:               252 kB
Slab:              56036 kB
SReclaimable:      17120 kB
SUnreclaim:        38916 kB
KernelStack:       15488 kB
PageTables:        26536 kB
NFS_Unstable:          0 kB
Bounce:                0 kB
WritebackTmp:          0 kB
CommitLimit:     1242116 kB
Committed_AS:   55821876 kB
VmallocTotal:     409600 kB
VmallocUsed:       33136 kB
VmallocChunk:     103452 kB
Time pass: 164 sec

---2015-12-17 17:07:46
MemTotal:        1959952 kB
MemFree:          240612 kB
Buffers:            2144 kB
Cached:           883412 kB
SwapCached:         1600 kB
Active:           689076 kB
Inactive:         611164 kB
Active(anon):     244636 kB
Inactive(anon):   172036 kB
Active(file):     444440 kB
Inactive(file):   439128 kB
Unevictable:        1744 kB
Mlocked:               0 kB
HighTotal:       1372556 kB
HighFree:         149804 kB
LowTotal:         587396 kB
LowFree:           90808 kB
SwapTotal:        262140 kB
SwapFree:         222908 kB
Dirty:              1000 kB
Writeback:             0 kB
AnonPages:        416656 kB
Mapped:           301072 kB
Shmem:               252 kB
Slab:              56064 kB
SReclaimable:      17164 kB
SUnreclaim:        38900 kB
KernelStack:       15568 kB
PageTables:        26636 kB
NFS_Unstable:          0 kB
Bounce:                0 kB
WritebackTmp:          0 kB
CommitLimit:     1242116 kB
Committed_AS:   55830884 kB
VmallocTotal:     409600 kB
VmallocUsed:       33360 kB
VmallocChunk:     103452 kB
Time pass: 168 sec

---2015-12-17 17:07:46
MemTotal:        1959952 kB
MemFree:          200352 kB
Buffers:            2144 kB
Cached:           883988 kB
SwapCached:         1600 kB
Active:           695752 kB
Inactive:         611452 kB
Active(anon):     251052 kB
Inactive(anon):   172044 kB
Active(file):     444700 kB
Inactive(file):   439408 kB
Unevictable:        1744 kB
Mlocked:               0 kB
HighTotal:       1372556 kB
HighFree:         115408 kB
LowTotal:         587396 kB
LowFree:           84944 kB
SwapTotal:        262140 kB
SwapFree:         222908 kB
Dirty:               600 kB
Writeback:             0 kB
AnonPages:        422940 kB
Mapped:           324600 kB
Shmem:               252 kB
Slab:              56196 kB
SReclaimable:      17172 kB
SUnreclaim:        39024 kB
KernelStack:       15616 kB
PageTables:        26752 kB
NFS_Unstable:          0 kB
Bounce:                0 kB
WritebackTmp:          0 kB
CommitLimit:     1242116 kB
Committed_AS:   55837896 kB
VmallocTotal:     409600 kB
VmallocUsed:       33488 kB
VmallocChunk:     103452 kB
Time pass: 172 sec

---2015-12-17 17:07:46
MemTotal:        1959952 kB
MemFree:          176136 kB
Buffers:            2144 kB
Cached:           884656 kB
SwapCached:         1600 kB
Active:           698772 kB
Inactive:         611024 kB
Active(anon):     252956 kB
Inactive(anon):   172044 kB
Active(file):     445816 kB
Inactive(file):   438980 kB
Unevictable:        1744 kB
Mlocked:               0 kB
HighTotal:       1372556 kB
HighFree:          91200 kB
LowTotal:         587396 kB
LowFree:           84936 kB
SwapTotal:        262140 kB
SwapFree:         222908 kB
Dirty:              1324 kB
Writeback:             0 kB
AnonPages:        424608 kB
Mapped:           344540 kB
Shmem:               252 kB
Slab:              56204 kB
SReclaimable:      17192 kB
SUnreclaim:        39012 kB
KernelStack:       15616 kB
PageTables:        26796 kB
NFS_Unstable:          0 kB
Bounce:                0 kB
WritebackTmp:          0 kB
CommitLimit:     1242116 kB
Committed_AS:   55839388 kB
VmallocTotal:     409600 kB
VmallocUsed:       33560 kB
VmallocChunk:     103452 kB
Time pass: 175 sec

---2015-12-17 17:07:46
MemTotal:        1959952 kB
MemFree:          163748 kB
Buffers:            2144 kB
Cached:           884696 kB
SwapCached:         1600 kB
Active:           699924 kB
Inactive:         611036 kB
Active(anon):     254088 kB
Inactive(anon):   172044 kB
Active(file):     445836 kB
Inactive(file):   438992 kB
Unevictable:        1744 kB
Mlocked:               0 kB
HighTotal:       1372556 kB
HighFree:          78716 kB
LowTotal:         587396 kB
LowFree:           85032 kB
SwapTotal:        262140 kB
SwapFree:         222908 kB
Dirty:               544 kB
Writeback:             0 kB
AnonPages:        426048 kB
Mapped:           355408 kB
Shmem:               252 kB
Slab:              56040 kB
SReclaimable:      17192 kB
SUnreclaim:        38848 kB
KernelStack:       15616 kB
PageTables:        26792 kB
NFS_Unstable:          0 kB
Bounce:                0 kB
WritebackTmp:          0 kB
CommitLimit:     1242116 kB
Committed_AS:   55840676 kB
VmallocTotal:     409600 kB
VmallocUsed:       33596 kB
VmallocChunk:     103452 kB
Time pass: 179 sec

---2015-12-17 17:07:46
MemTotal:        1959952 kB
MemFree:          133584 kB
Buffers:            2144 kB
Cached:           884784 kB
SwapCached:         1600 kB
Active:           712136 kB
Inactive:         611088 kB
Active(anon):     266264 kB
Inactive(anon):   172044 kB
Active(file):     445872 kB
Inactive(file):   439044 kB
Unevictable:        1744 kB
Mlocked:               0 kB
HighTotal:       1372556 kB
HighFree:          49124 kB
LowTotal:         587396 kB
LowFree:           84460 kB
SwapTotal:        262140 kB
SwapFree:         222908 kB
Dirty:              1132 kB
Writeback:             0 kB
AnonPages:        437632 kB
Mapped:           368592 kB
Shmem:               252 kB
Slab:              56552 kB
SReclaimable:      17192 kB
SUnreclaim:        39360 kB
KernelStack:       15592 kB
PageTables:        26836 kB
NFS_Unstable:          0 kB
Bounce:                0 kB
WritebackTmp:          0 kB
CommitLimit:     1242116 kB
Committed_AS:   55852088 kB
VmallocTotal:     409600 kB
VmallocUsed:       33672 kB
VmallocChunk:     103452 kB
Time pass: 183 sec

---2015-12-17 17:07:46
MemTotal:        1959952 kB
MemFree:          130544 kB
Buffers:            2144 kB
Cached:           884820 kB
SwapCached:         1600 kB
Active:           705140 kB
Inactive:         611088 kB
Active(anon):     259216 kB
Inactive(anon):   172044 kB
Active(file):     445924 kB
Inactive(file):   439044 kB
Unevictable:        1744 kB
Mlocked:               0 kB
HighTotal:       1372556 kB
HighFree:          46044 kB
LowTotal:         587396 kB
LowFree:           84500 kB
SwapTotal:        262140 kB
SwapFree:         222908 kB
Dirty:               656 kB
Writeback:             0 kB
AnonPages:        430864 kB
Mapped:           378108 kB
Shmem:               252 kB
Slab:              56492 kB
SReclaimable:      17192 kB
SUnreclaim:        39300 kB
KernelStack:       15584 kB
PageTables:        26912 kB
NFS_Unstable:          0 kB
Bounce:                0 kB
WritebackTmp:          0 kB
CommitLimit:     1242116 kB
Committed_AS:   55844064 kB
VmallocTotal:     409600 kB
VmallocUsed:       33708 kB
VmallocChunk:     103452 kB
Time pass: 186 sec

---2015-12-17 17:07:46
MemTotal:        1959952 kB
MemFree:          130668 kB
Buffers:            2144 kB
Cached:           884820 kB
SwapCached:         1600 kB
Active:           704984 kB
Inactive:         611088 kB
Active(anon):     259060 kB
Inactive(anon):   172044 kB
Active(file):     445924 kB
Inactive(file):   439044 kB
Unevictable:        1744 kB
Mlocked:               0 kB
HighTotal:       1372556 kB
HighFree:          46184 kB
LowTotal:         587396 kB
LowFree:           84484 kB
SwapTotal:        262140 kB
SwapFree:         222908 kB
Dirty:               656 kB
Writeback:             0 kB
AnonPages:        430596 kB
Mapped:           378108 kB
Shmem:               252 kB
Slab:              56384 kB
SReclaimable:      17192 kB
SUnreclaim:        39192 kB
KernelStack:       15584 kB
PageTables:        26912 kB
NFS_Unstable:          0 kB
Bounce:                0 kB
WritebackTmp:          0 kB
CommitLimit:     1242116 kB
Committed_AS:   55844084 kB
VmallocTotal:     409600 kB
VmallocUsed:       33708 kB
VmallocChunk:     103452 kB
Time pass: 190 sec

---2015-12-17 17:07:46
MemTotal:        1959952 kB
MemFree:          130032 kB
Buffers:            2144 kB
Cached:           885312 kB
SwapCached:         1600 kB
Active:           705596 kB
Inactive:         611412 kB
Active(anon):     259668 kB
Inactive(anon):   172040 kB
Active(file):     445928 kB
Inactive(file):   439372 kB
Unevictable:        1744 kB
Mlocked:               0 kB
HighTotal:       1372556 kB
HighFree:          45416 kB
LowTotal:         587396 kB
LowFree:           84616 kB
SwapTotal:        262140 kB
SwapFree:         222908 kB
Dirty:               664 kB
Writeback:             0 kB
AnonPages:        431512 kB
Mapped:           378340 kB
Shmem:               252 kB
Slab:              56384 kB
SReclaimable:      17192 kB
SUnreclaim:        39192 kB
KernelStack:       15600 kB
PageTables:        26900 kB
NFS_Unstable:          0 kB
Bounce:                0 kB
WritebackTmp:          0 kB
CommitLimit:     1242116 kB
Committed_AS:   55845708 kB
VmallocTotal:     409600 kB
VmallocUsed:       33708 kB
VmallocChunk:     103452 kB
Time pass: 193 sec

---2015-12-17 17:07:46
MemTotal:        1959952 kB
MemFree:          126184 kB
Buffers:            2144 kB
Cached:           885620 kB
SwapCached:         1600 kB
Active:           709864 kB
Inactive:         610896 kB
Active(anon):     262956 kB
Inactive(anon):   172104 kB
Active(file):     446908 kB
Inactive(file):   438792 kB
Unevictable:        1744 kB
Mlocked:               0 kB
HighTotal:       1372556 kB
HighFree:          43448 kB
LowTotal:         587396 kB
LowFree:           82736 kB
SwapTotal:        262140 kB
SwapFree:         222908 kB
Dirty:               680 kB
Writeback:             0 kB
AnonPages:        434492 kB
Mapped:           379196 kB
Shmem:               320 kB
Slab:              55892 kB
SReclaimable:      17184 kB
SUnreclaim:        38708 kB
KernelStack:       15704 kB
PageTables:        27004 kB
NFS_Unstable:          0 kB
Bounce:                0 kB
WritebackTmp:          0 kB
CommitLimit:     1242116 kB
Committed_AS:   55860988 kB
VmallocTotal:     409600 kB
VmallocUsed:       33708 kB
VmallocChunk:     103452 kB
Time pass: 197 sec

---2015-12-17 17:07:46
MemTotal:        1959952 kB
MemFree:          126308 kB
Buffers:            2144 kB
Cached:           885700 kB
SwapCached:         1600 kB
Active:           711380 kB
Inactive:         610952 kB
Active(anon):     264448 kB
Inactive(anon):   172104 kB
Active(file):     446932 kB
Inactive(file):   438848 kB
Unevictable:        1744 kB
Mlocked:               0 kB
HighTotal:       1372556 kB
HighFree:          44016 kB
LowTotal:         587396 kB
LowFree:           82292 kB
SwapTotal:        262140 kB
SwapFree:         222908 kB
Dirty:               772 kB
Writeback:             0 kB
AnonPages:        435972 kB
Mapped:           376504 kB
Shmem:               320 kB
Slab:              56012 kB
SReclaimable:      17184 kB
SUnreclaim:        38828 kB
KernelStack:       15720 kB
PageTables:        26996 kB
NFS_Unstable:          0 kB
Bounce:                0 kB
WritebackTmp:          0 kB
CommitLimit:     1242116 kB
Committed_AS:   55862424 kB
VmallocTotal:     409600 kB
VmallocUsed:       33712 kB
VmallocChunk:     103452 kB
Time pass: 201 sec

---2015-12-17 17:07:46
MemTotal:        1959952 kB
MemFree:          125196 kB
Buffers:            2144 kB
Cached:           885648 kB
SwapCached:         1600 kB
Active:           711880 kB
Inactive:         610904 kB
Active(anon):     264960 kB
Inactive(anon):   172124 kB
Active(file):     446920 kB
Inactive(file):   438780 kB
Unevictable:        1744 kB
Mlocked:               0 kB
HighTotal:       1372556 kB
HighFree:          42776 kB
LowTotal:         587396 kB
LowFree:           82420 kB
SwapTotal:        262140 kB
SwapFree:         222908 kB
Dirty:               684 kB
Writeback:             0 kB
AnonPages:        436732 kB
Mapped:           376580 kB
Shmem:               348 kB
Slab:              55912 kB
SReclaimable:      17184 kB
SUnreclaim:        38728 kB
KernelStack:       15704 kB
PageTables:        26996 kB
NFS_Unstable:          0 kB
Bounce:                0 kB
WritebackTmp:          0 kB
CommitLimit:     1242116 kB
Committed_AS:   55863044 kB
VmallocTotal:     409600 kB
VmallocUsed:       33712 kB
VmallocChunk:     103452 kB
Time pass: 205 sec

---2015-12-17 17:07:46
MemTotal:        1959952 kB
MemFree:          124360 kB
Buffers:            2144 kB
Cached:           885648 kB
SwapCached:         1600 kB
Active:           712684 kB
Inactive:         610904 kB
Active(anon):     265764 kB
Inactive(anon):   172124 kB
Active(file):     446920 kB
Inactive(file):   438780 kB
Unevictable:        1744 kB
Mlocked:               0 kB
HighTotal:       1372556 kB
HighFree:          42036 kB
LowTotal:         587396 kB
LowFree:           82324 kB
SwapTotal:        262140 kB
SwapFree:         222908 kB
Dirty:               696 kB
Writeback:             0 kB
AnonPages:        437420 kB
Mapped:           376504 kB
Shmem:               348 kB
Slab:              56008 kB
SReclaimable:      17184 kB
SUnreclaim:        38824 kB
KernelStack:       15704 kB
PageTables:        26992 kB
NFS_Unstable:          0 kB
Bounce:                0 kB
WritebackTmp:          0 kB
CommitLimit:     1242116 kB
Committed_AS:   55863688 kB
VmallocTotal:     409600 kB
VmallocUsed:       33712 kB
VmallocChunk:     103452 kB
Time pass: 208 sec

---2015-12-17 17:07:46
MemTotal:        1959952 kB
MemFree:          124112 kB
Buffers:            2144 kB
Cached:           885724 kB
SwapCached:         1600 kB
Active:           713440 kB
Inactive:         610976 kB
Active(anon):     266520 kB
Inactive(anon):   172196 kB
Active(file):     446920 kB
Inactive(file):   438780 kB
Unevictable:        1744 kB
Mlocked:               0 kB
HighTotal:       1372556 kB
HighFree:          41820 kB
LowTotal:         587396 kB
LowFree:           82292 kB
SwapTotal:        262140 kB
SwapFree:         222908 kB
Dirty:               696 kB
Writeback:             0 kB
AnonPages:        438000 kB
Mapped:           376580 kB
Shmem:               424 kB
Slab:              56040 kB
SReclaimable:      17184 kB
SUnreclaim:        38856 kB
KernelStack:       15704 kB
PageTables:        27052 kB
NFS_Unstable:          0 kB
Bounce:                0 kB
WritebackTmp:          0 kB
CommitLimit:     1242116 kB
Committed_AS:   55864448 kB
VmallocTotal:     409600 kB
VmallocUsed:       33712 kB
VmallocChunk:     103452 kB
Time pass: 212 sec

---2015-12-17 17:07:46
MemTotal:        1959952 kB
MemFree:          123336 kB
Buffers:            2144 kB
Cached:           885888 kB
SwapCached:         1600 kB
Active:           713560 kB
Inactive:         611140 kB
Active(anon):     266640 kB
Inactive(anon):   172360 kB
Active(file):     446920 kB
Inactive(file):   438780 kB
Unevictable:        1744 kB
Mlocked:               0 kB
HighTotal:       1372556 kB
HighFree:          41200 kB
LowTotal:         587396 kB
LowFree:           82136 kB
SwapTotal:        262140 kB
SwapFree:         222908 kB
Dirty:               696 kB
Writeback:             0 kB
AnonPages:        438284 kB
Mapped:           376744 kB
Shmem:               588 kB
Slab:              56072 kB
SReclaimable:      17184 kB
SUnreclaim:        38888 kB
KernelStack:       15704 kB
PageTables:        27052 kB
NFS_Unstable:          0 kB
Bounce:                0 kB
WritebackTmp:          0 kB
CommitLimit:     1242116 kB
Committed_AS:   55864548 kB
VmallocTotal:     409600 kB
VmallocUsed:       33712 kB
VmallocChunk:     103452 kB
Time pass: 216 sec

---2015-12-17 17:07:46
MemTotal:        1959952 kB
MemFree:          123364 kB
Buffers:            2144 kB
Cached:           885888 kB
SwapCached:         1600 kB
Active:           713620 kB
Inactive:         611140 kB
Active(anon):     266700 kB
Inactive(anon):   172360 kB
Active(file):     446920 kB
Inactive(file):   438780 kB
Unevictable:        1744 kB
Mlocked:               0 kB
HighTotal:       1372556 kB
HighFree:          41324 kB
LowTotal:         587396 kB
LowFree:           82040 kB
SwapTotal:        262140 kB
SwapFree:         222908 kB
Dirty:               700 kB
Writeback:             0 kB
AnonPages:        438380 kB
Mapped:           376744 kB
Shmem:               588 kB
Slab:              55928 kB
SReclaimable:      17104 kB
SUnreclaim:        38824 kB
KernelStack:       15696 kB
PageTables:        27052 kB
NFS_Unstable:          0 kB
Bounce:                0 kB
WritebackTmp:          0 kB
CommitLimit:     1242116 kB
Committed_AS:   55864672 kB
VmallocTotal:     409600 kB
VmallocUsed:       33712 kB
VmallocChunk:     103452 kB
Time pass: 220 sec

---2015-12-17 17:07:46
MemTotal:        1959952 kB
MemFree:          123100 kB
Buffers:            2144 kB
Cached:           886004 kB
SwapCached:         1600 kB
Active:           713856 kB
Inactive:         611272 kB
Active(anon):     266948 kB
Inactive(anon):   172404 kB
Active(file):     446908 kB
Inactive(file):   438868 kB
Unevictable:        1744 kB
Mlocked:               0 kB
HighTotal:       1372556 kB
HighFree:          40956 kB
LowTotal:         587396 kB
LowFree:           82144 kB
SwapTotal:        262140 kB
SwapFree:         222912 kB
Dirty:               740 kB
Writeback:             0 kB
AnonPages:        438740 kB
Mapped:           376860 kB
Shmem:               628 kB
Slab:              55832 kB
SReclaimable:      17104 kB
SUnreclaim:        38728 kB
KernelStack:       15688 kB
PageTables:        27072 kB
NFS_Unstable:          0 kB
Bounce:                0 kB
WritebackTmp:          0 kB
CommitLimit:     1242116 kB
Committed_AS:   55874916 kB
VmallocTotal:     409600 kB
VmallocUsed:       33712 kB
VmallocChunk:     103452 kB
Time pass: 223 sec

---2015-12-17 17:07:46
MemTotal:        1959952 kB
MemFree:          122788 kB
Buffers:            2144 kB
Cached:           886124 kB
SwapCached:         1600 kB
Active:           714060 kB
Inactive:         611316 kB
Active(anon):     267140 kB
Inactive(anon):   172404 kB
Active(file):     446920 kB
Inactive(file):   438912 kB
Unevictable:        1744 kB
Mlocked:               0 kB
HighTotal:       1372556 kB
HighFree:          40832 kB
LowTotal:         587396 kB
LowFree:           81956 kB
SwapTotal:        262140 kB
SwapFree:         222912 kB
Dirty:               720 kB
Writeback:             0 kB
AnonPages:        438816 kB
Mapped:           376820 kB
Shmem:               628 kB
Slab:              55932 kB
SReclaimable:      17104 kB
SUnreclaim:        38828 kB
KernelStack:       15704 kB
PageTables:        27056 kB
NFS_Unstable:          0 kB
Bounce:                0 kB
WritebackTmp:          0 kB
CommitLimit:     1242116 kB
Committed_AS:   55875060 kB
VmallocTotal:     409600 kB
VmallocUsed:       33712 kB
VmallocChunk:     103452 kB
Time pass: 227 sec

---2015-12-17 17:07:46
MemTotal:        1959952 kB
MemFree:          122028 kB
Buffers:            2144 kB
Cached:           886280 kB
SwapCached:         1600 kB
Active:           714276 kB
Inactive:         611528 kB
Active(anon):     267348 kB
Inactive(anon):   172436 kB
Active(file):     446928 kB
Inactive(file):   439092 kB
Unevictable:        1744 kB
Mlocked:               0 kB
HighTotal:       1372556 kB
HighFree:          40088 kB
LowTotal:         587396 kB
LowFree:           81940 kB
SwapTotal:        262140 kB
SwapFree:         222912 kB
Dirty:               732 kB
Writeback:             0 kB
AnonPages:        438944 kB
Mapped:           376880 kB
Shmem:               660 kB
Slab:              55936 kB
SReclaimable:      17104 kB
SUnreclaim:        38832 kB
KernelStack:       15688 kB
PageTables:        27036 kB
NFS_Unstable:          0 kB
Bounce:                0 kB
WritebackTmp:          0 kB
CommitLimit:     1242116 kB
Committed_AS:   55875132 kB
VmallocTotal:     409600 kB
VmallocUsed:       33712 kB
VmallocChunk:     103452 kB
Time pass: 231 sec

---2015-12-17 17:07:46
MemTotal:        1959952 kB
MemFree:          121504 kB
Buffers:            2144 kB
Cached:           886280 kB
SwapCached:         1604 kB
Active:           714632 kB
Inactive:         611532 kB
Active(anon):     267704 kB
Inactive(anon):   172440 kB
Active(file):     446928 kB
Inactive(file):   439092 kB
Unevictable:        1744 kB
Mlocked:               0 kB
HighTotal:       1372556 kB
HighFree:          39840 kB
LowTotal:         587396 kB
LowFree:           81664 kB
SwapTotal:        262140 kB
SwapFree:         222912 kB
Dirty:               732 kB
Writeback:             0 kB
AnonPages:        439240 kB
Mapped:           376844 kB
Shmem:               660 kB
Slab:              56060 kB
SReclaimable:      17104 kB
SUnreclaim:        38956 kB
KernelStack:       15704 kB
PageTables:        27072 kB
NFS_Unstable:          0 kB
Bounce:                0 kB
WritebackTmp:          0 kB
CommitLimit:     1242116 kB
Committed_AS:   55875160 kB
VmallocTotal:     409600 kB
VmallocUsed:       33712 kB
VmallocChunk:     103452 kB
Time pass: 235 sec

---2015-12-17 17:07:46
MemTotal:        1959952 kB
MemFree:          120896 kB
Buffers:            2144 kB
Cached:           886284 kB
SwapCached:         1604 kB
Active:           714672 kB
Inactive:         611536 kB
Active(anon):     267744 kB
Inactive(anon):   172440 kB
Active(file):     446928 kB
Inactive(file):   439096 kB
Unevictable:        1744 kB
Mlocked:               0 kB
HighTotal:       1372556 kB
HighFree:          39468 kB
LowTotal:         587396 kB
LowFree:           81428 kB
SwapTotal:        262140 kB
SwapFree:         222912 kB
Dirty:               744 kB
Writeback:             0 kB
AnonPages:        439408 kB
Mapped:           376844 kB
Shmem:               660 kB
Slab:              55816 kB
SReclaimable:      17104 kB
SUnreclaim:        38712 kB
KernelStack:       15704 kB
PageTables:        27072 kB
NFS_Unstable:          0 kB
Bounce:                0 kB
WritebackTmp:          0 kB
CommitLimit:     1242116 kB
Committed_AS:   55875288 kB
VmallocTotal:     409600 kB
VmallocUsed:       33712 kB
VmallocChunk:     103452 kB
Time pass: 239 sec

---2015-12-17 17:07:46
MemTotal:        1959952 kB
MemFree:          120528 kB
Buffers:            2144 kB
Cached:           886488 kB
SwapCached:         1604 kB
Active:           714764 kB
Inactive:         611740 kB
Active(anon):     267836 kB
Inactive(anon):   172440 kB
Active(file):     446928 kB
Inactive(file):   439300 kB
Unevictable:        1744 kB
Mlocked:               0 kB
HighTotal:       1372556 kB
HighFree:          39220 kB
LowTotal:         587396 kB
LowFree:           81308 kB
SwapTotal:        262140 kB
SwapFree:         222912 kB
Dirty:               740 kB
Writeback:             0 kB
AnonPages:        439428 kB
Mapped:           376944 kB
Shmem:               660 kB
Slab:              56032 kB
SReclaimable:      17104 kB
SUnreclaim:        38928 kB
KernelStack:       15704 kB
PageTables:        27072 kB
NFS_Unstable:          0 kB
Bounce:                0 kB
WritebackTmp:          0 kB
CommitLimit:     1242116 kB
Committed_AS:   55875332 kB
VmallocTotal:     409600 kB
VmallocUsed:       33712 kB
VmallocChunk:     103452 kB
Time pass: 243 sec

---2015-12-17 17:07:46
MemTotal:        1959952 kB
MemFree:          120072 kB
Buffers:            2144 kB
Cached:           886488 kB
SwapCached:         1604 kB
Active:           714996 kB
Inactive:         611740 kB
Active(anon):     268068 kB
Inactive(anon):   172440 kB
Active(file):     446928 kB
Inactive(file):   439300 kB
Unevictable:        1744 kB
Mlocked:               0 kB
HighTotal:       1372556 kB
HighFree:          38724 kB
LowTotal:         587396 kB
LowFree:           81348 kB
SwapTotal:        262140 kB
SwapFree:         222912 kB
Dirty:               740 kB
Writeback:             0 kB
AnonPages:        439744 kB
Mapped:           377052 kB
Shmem:               660 kB
Slab:              56064 kB
SReclaimable:      17104 kB
SUnreclaim:        38960 kB
KernelStack:       15704 kB
PageTables:        27072 kB
NFS_Unstable:          0 kB
Bounce:                0 kB
WritebackTmp:          0 kB
CommitLimit:     1242116 kB
Committed_AS:   55875484 kB
VmallocTotal:     409600 kB
VmallocUsed:       33712 kB
VmallocChunk:     103452 kB
Time pass: 247 sec

---2015-12-17 17:07:46
MemTotal:        1959952 kB
MemFree:          120892 kB
Buffers:            2144 kB
Cached:           886488 kB
SwapCached:         1604 kB
Active:           714712 kB
Inactive:         611740 kB
Active(anon):     267784 kB
Inactive(anon):   172440 kB
Active(file):     446928 kB
Inactive(file):   439300 kB
Unevictable:        1744 kB
Mlocked:               0 kB
HighTotal:       1372556 kB
HighFree:          39472 kB
LowTotal:         587396 kB
LowFree:           81420 kB
SwapTotal:        262140 kB
SwapFree:         222912 kB
Dirty:               744 kB
Writeback:             0 kB
AnonPages:        439568 kB
Mapped:           376984 kB
Shmem:               660 kB
Slab:              55944 kB
SReclaimable:      17104 kB
SUnreclaim:        38840 kB
KernelStack:       15696 kB
PageTables:        27072 kB
NFS_Unstable:          0 kB
Bounce:                0 kB
WritebackTmp:          0 kB
CommitLimit:     1242116 kB
Committed_AS:   55875536 kB
VmallocTotal:     409600 kB
VmallocUsed:       33712 kB
VmallocChunk:     103452 kB
Time pass: 251 sec

---2015-12-17 17:07:46
MemTotal:        1959952 kB
MemFree:          120520 kB
Buffers:            2144 kB
Cached:           886488 kB
SwapCached:         1604 kB
Active:           715316 kB
Inactive:         611740 kB
Active(anon):     268388 kB
Inactive(anon):   172440 kB
Active(file):     446928 kB
Inactive(file):   439300 kB
Unevictable:        1744 kB
Mlocked:               0 kB
HighTotal:       1372556 kB
HighFree:          39100 kB
LowTotal:         587396 kB
LowFree:           81420 kB
SwapTotal:        262140 kB
SwapFree:         222912 kB
Dirty:               740 kB
Writeback:             0 kB
AnonPages:        440000 kB
Mapped:           376984 kB
Shmem:               660 kB
Slab:              56024 kB
SReclaimable:      17104 kB
SUnreclaim:        38920 kB
KernelStack:       15696 kB
PageTables:        27072 kB
NFS_Unstable:          0 kB
Bounce:                0 kB
WritebackTmp:          0 kB
CommitLimit:     1242116 kB
Committed_AS:   55875632 kB
VmallocTotal:     409600 kB
VmallocUsed:       33712 kB
VmallocChunk:     103452 kB
Time pass: 254 sec

---2015-12-17 17:07:46
MemTotal:        1959952 kB
MemFree:          119996 kB
Buffers:            2144 kB
Cached:           886492 kB
SwapCached:         1604 kB
Active:           715580 kB
Inactive:         611744 kB
Active(anon):     268652 kB
Inactive(anon):   172440 kB
Active(file):     446928 kB
Inactive(file):   439304 kB
Unevictable:        1744 kB
Mlocked:               0 kB
HighTotal:       1372556 kB
HighFree:          38604 kB
LowTotal:         587396 kB
LowFree:           81392 kB
SwapTotal:        262140 kB
SwapFree:         222912 kB
Dirty:               748 kB
Writeback:             0 kB
AnonPages:        440308 kB
Mapped:           376984 kB
Shmem:               660 kB
Slab:              55844 kB
SReclaimable:      17104 kB
SUnreclaim:        38740 kB
KernelStack:       15696 kB
PageTables:        27072 kB
NFS_Unstable:          0 kB
Bounce:                0 kB
WritebackTmp:          0 kB
CommitLimit:     1242116 kB
Committed_AS:   55875680 kB
VmallocTotal:     409600 kB
VmallocUsed:       33712 kB
VmallocChunk:     103452 kB
Time pass: 258 sec

---2015-12-17 17:07:46
MemTotal:        1959952 kB
MemFree:          119100 kB
Buffers:            2144 kB
Cached:           886492 kB
SwapCached:         1604 kB
Active:           715984 kB
Inactive:         611740 kB
Active(anon):     269052 kB
Inactive(anon):   172440 kB
Active(file):     446932 kB
Inactive(file):   439300 kB
Unevictable:        1744 kB
Mlocked:               0 kB
HighTotal:       1372556 kB
HighFree:          37984 kB
LowTotal:         587396 kB
LowFree:           81116 kB
SwapTotal:        262140 kB
SwapFree:         222912 kB
Dirty:               740 kB
Writeback:             0 kB
AnonPages:        440532 kB
Mapped:           376984 kB
Shmem:               660 kB
Slab:              55972 kB
SReclaimable:      17104 kB
SUnreclaim:        38868 kB
KernelStack:       15696 kB
PageTables:        27072 kB
NFS_Unstable:          0 kB
Bounce:                0 kB
WritebackTmp:          0 kB
CommitLimit:     1242116 kB
Committed_AS:   55875888 kB
VmallocTotal:     409600 kB
VmallocUsed:       33712 kB
VmallocChunk:     103452 kB
Time pass: 262 sec

---2015-12-17 17:07:46
MemTotal:        1959952 kB
MemFree:          118852 kB
Buffers:            2144 kB
Cached:           886492 kB
SwapCached:         1604 kB
Active:           716272 kB
Inactive:         611740 kB
Active(anon):     269340 kB
Inactive(anon):   172440 kB
Active(file):     446932 kB
Inactive(file):   439300 kB
Unevictable:        1744 kB
Mlocked:               0 kB
HighTotal:       1372556 kB
HighFree:          37736 kB
LowTotal:         587396 kB
LowFree:           81116 kB
SwapTotal:        262140 kB
SwapFree:         222912 kB
Dirty:               740 kB
Writeback:             0 kB
AnonPages:        440932 kB
Mapped:           377076 kB
Shmem:               660 kB
Slab:              55900 kB
SReclaimable:      17104 kB
SUnreclaim:        38796 kB
KernelStack:       15696 kB
PageTables:        27072 kB
NFS_Unstable:          0 kB
Bounce:                0 kB
WritebackTmp:          0 kB
CommitLimit:     1242116 kB
Committed_AS:   55876180 kB
VmallocTotal:     409600 kB
VmallocUsed:       33712 kB
VmallocChunk:     103452 kB
Time pass: 265 sec

---2015-12-17 17:07:46
MemTotal:        1959952 kB
MemFree:          118536 kB
Buffers:            2144 kB
Cached:           886492 kB
SwapCached:         1604 kB
Active:           716576 kB
Inactive:         611740 kB
Active(anon):     269644 kB
Inactive(anon):   172440 kB
Active(file):     446932 kB
Inactive(file):   439300 kB
Unevictable:        1744 kB
Mlocked:               0 kB
HighTotal:       1372556 kB
HighFree:          37488 kB
LowTotal:         587396 kB
LowFree:           81048 kB
SwapTotal:        262140 kB
SwapFree:         222912 kB
Dirty:               740 kB
Writeback:             0 kB
AnonPages:        441296 kB
Mapped:           377076 kB
Shmem:               660 kB
Slab:              55932 kB
SReclaimable:      17104 kB
SUnreclaim:        38828 kB
KernelStack:       15696 kB
PageTables:        27072 kB
NFS_Unstable:          0 kB
Bounce:                0 kB
WritebackTmp:          0 kB
CommitLimit:     1242116 kB
Committed_AS:   55876180 kB
VmallocTotal:     409600 kB
VmallocUsed:       33712 kB
VmallocChunk:     103452 kB
Time pass: 269 sec

---2015-12-17 17:07:46
MemTotal:        1959952 kB
MemFree:          118388 kB
Buffers:            2144 kB
Cached:           886492 kB
SwapCached:         1604 kB
Active:           716520 kB
Inactive:         611740 kB
Active(anon):     269588 kB
Inactive(anon):   172440 kB
Active(file):     446932 kB
Inactive(file):   439300 kB
Unevictable:        1744 kB
Mlocked:               0 kB
HighTotal:       1372556 kB
HighFree:          37364 kB
LowTotal:         587396 kB
LowFree:           81024 kB
SwapTotal:        262140 kB
SwapFree:         222912 kB
Dirty:               740 kB
Writeback:             0 kB
AnonPages:        441396 kB
Mapped:           377076 kB
Shmem:               660 kB
Slab:              55936 kB
SReclaimable:      17104 kB
SUnreclaim:        38832 kB
KernelStack:       15696 kB
PageTables:        27072 kB
NFS_Unstable:          0 kB
Bounce:                0 kB
WritebackTmp:          0 kB
CommitLimit:     1242116 kB
Committed_AS:   55876252 kB
VmallocTotal:     409600 kB
VmallocUsed:       33712 kB
VmallocChunk:     103452 kB
Time pass: 273 sec

---2015-12-17 17:07:46
MemTotal:        1959952 kB
MemFree:          117732 kB
Buffers:            2144 kB
Cached:           886492 kB
SwapCached:         1604 kB
Active:           716972 kB
Inactive:         611740 kB
Active(anon):     270040 kB
Inactive(anon):   172440 kB
Active(file):     446932 kB
Inactive(file):   439300 kB
Unevictable:        1744 kB
Mlocked:               0 kB
HighTotal:       1372556 kB
HighFree:          36868 kB
LowTotal:         587396 kB
LowFree:           80864 kB
SwapTotal:        262140 kB
SwapFree:         222912 kB
Dirty:               744 kB
Writeback:             0 kB
AnonPages:        441692 kB
Mapped:           377076 kB
Shmem:               660 kB
Slab:              56100 kB
SReclaimable:      17104 kB
SUnreclaim:        38996 kB
KernelStack:       15696 kB
PageTables:        27076 kB
NFS_Unstable:          0 kB
Bounce:                0 kB
WritebackTmp:          0 kB
CommitLimit:     1242116 kB
Committed_AS:   55876464 kB
VmallocTotal:     409600 kB
VmallocUsed:       33712 kB
VmallocChunk:     103452 kB
Time pass: 277 sec

---2015-12-17 17:07:46
MemTotal:        1959952 kB
MemFree:          118136 kB
Buffers:            2144 kB
Cached:           886492 kB
SwapCached:         1604 kB
Active:           717236 kB
Inactive:         611740 kB
Active(anon):     270304 kB
Inactive(anon):   172440 kB
Active(file):     446932 kB
Inactive(file):   439300 kB
Unevictable:        1744 kB
Mlocked:               0 kB
HighTotal:       1372556 kB
HighFree:          36992 kB
LowTotal:         587396 kB
LowFree:           81144 kB
SwapTotal:        262140 kB
SwapFree:         222912 kB
Dirty:               744 kB
Writeback:             0 kB
AnonPages:        441772 kB
Mapped:           377000 kB
Shmem:               660 kB
Slab:              55844 kB
SReclaimable:      17104 kB
SUnreclaim:        38740 kB
KernelStack:       15696 kB
PageTables:        27076 kB
NFS_Unstable:          0 kB
Bounce:                0 kB
WritebackTmp:          0 kB
CommitLimit:     1242116 kB
Committed_AS:   55876552 kB
VmallocTotal:     409600 kB
VmallocUsed:       33712 kB
VmallocChunk:     103452 kB
Time pass: 280 sec

---2015-12-17 17:07:46
MemTotal:        1959952 kB
MemFree:          117124 kB
Buffers:            2144 kB
Cached:           886492 kB
SwapCached:         1604 kB
Active:           717704 kB
Inactive:         611740 kB
Active(anon):     270772 kB
Inactive(anon):   172440 kB
Active(file):     446932 kB
Inactive(file):   439300 kB
Unevictable:        1744 kB
Mlocked:               0 kB
HighTotal:       1372556 kB
HighFree:          36124 kB
LowTotal:         587396 kB
LowFree:           81000 kB
SwapTotal:        262140 kB
SwapFree:         222912 kB
Dirty:               752 kB
Writeback:             0 kB
AnonPages:        442276 kB
Mapped:           377012 kB
Shmem:               660 kB
Slab:              55968 kB
SReclaimable:      17104 kB
SUnreclaim:        38864 kB
KernelStack:       15704 kB
PageTables:        27072 kB
NFS_Unstable:          0 kB
Bounce:                0 kB
WritebackTmp:          0 kB
CommitLimit:     1242116 kB
Committed_AS:   55876656 kB
VmallocTotal:     409600 kB
VmallocUsed:       33712 kB
VmallocChunk:     103452 kB
Time pass: 284 sec

---2015-12-17 17:07:46
MemTotal:        1959952 kB
MemFree:          117284 kB
Buffers:            2144 kB
Cached:           886492 kB
SwapCached:         1604 kB
Active:           718004 kB
Inactive:         611740 kB
Active(anon):     271072 kB
Inactive(anon):   172440 kB
Active(file):     446932 kB
Inactive(file):   439300 kB
Unevictable:        1744 kB
Mlocked:               0 kB
HighTotal:       1372556 kB
HighFree:          36372 kB
LowTotal:         587396 kB
LowFree:           80912 kB
SwapTotal:        262140 kB
SwapFree:         222912 kB
Dirty:               760 kB
Writeback:             0 kB
AnonPages:        442724 kB
Mapped:           377012 kB
Shmem:               660 kB
Slab:              56060 kB
SReclaimable:      17104 kB
SUnreclaim:        38956 kB
KernelStack:       15704 kB
PageTables:        27076 kB
NFS_Unstable:          0 kB
Bounce:                0 kB
WritebackTmp:          0 kB
CommitLimit:     1242116 kB
Committed_AS:   55876760 kB
VmallocTotal:     409600 kB
VmallocUsed:       33712 kB
VmallocChunk:     103452 kB
Time pass: 288 sec

---2015-12-17 17:07:46
MemTotal:        1959952 kB
MemFree:          116620 kB
Buffers:            2144 kB
Cached:           886492 kB
SwapCached:         1604 kB
Active:           718316 kB
Inactive:         611740 kB
Active(anon):     271384 kB
Inactive(anon):   172440 kB
Active(file):     446932 kB
Inactive(file):   439300 kB
Unevictable:        1744 kB
Mlocked:               0 kB
HighTotal:       1372556 kB
HighFree:          35504 kB
LowTotal:         587396 kB
LowFree:           81116 kB
SwapTotal:        262140 kB
SwapFree:         222912 kB
Dirty:               764 kB
Writeback:             0 kB
AnonPages:        443076 kB
Mapped:           377088 kB
Shmem:               660 kB
Slab:              55932 kB
SReclaimable:      17104 kB
SUnreclaim:        38828 kB
KernelStack:       15704 kB
PageTables:        27080 kB
NFS_Unstable:          0 kB
Bounce:                0 kB
WritebackTmp:          0 kB
CommitLimit:     1242116 kB
Committed_AS:   55876828 kB
VmallocTotal:     409600 kB
VmallocUsed:       33712 kB
VmallocChunk:     103452 kB
Time pass: 292 sec

---2015-12-17 17:07:46
MemTotal:        1959952 kB
MemFree:          116600 kB
Buffers:            2144 kB
Cached:           886504 kB
SwapCached:         1604 kB
Active:           718628 kB
Inactive:         611752 kB
Active(anon):     271696 kB
Inactive(anon):   172440 kB
Active(file):     446932 kB
Inactive(file):   439312 kB
Unevictable:        1744 kB
Mlocked:               0 kB
HighTotal:       1372556 kB
HighFree:          35380 kB
LowTotal:         587396 kB
LowFree:           81220 kB
SwapTotal:        262140 kB
SwapFree:         222912 kB
Dirty:               772 kB
Writeback:             0 kB
AnonPages:        443532 kB
Mapped:           377012 kB
Shmem:               660 kB
Slab:              55952 kB
SReclaimable:      17104 kB
SUnreclaim:        38848 kB
KernelStack:       15704 kB
PageTables:        27080 kB
NFS_Unstable:          0 kB
Bounce:                0 kB
WritebackTmp:          0 kB
CommitLimit:     1242116 kB
Committed_AS:   55876872 kB
VmallocTotal:     409600 kB
VmallocUsed:       33712 kB
VmallocChunk:     103452 kB
Time pass: 296 sec

---2015-12-17 17:07:46
MemTotal:        1959952 kB
MemFree:          116668 kB
Buffers:            2144 kB
Cached:           886504 kB
SwapCached:         1604 kB
Active:           719112 kB
Inactive:         611752 kB
Active(anon):     272180 kB
Inactive(anon):   172440 kB
Active(file):     446932 kB
Inactive(file):   439312 kB
Unevictable:        1744 kB
Mlocked:               0 kB
HighTotal:       1372556 kB
HighFree:          35504 kB
LowTotal:         587396 kB
LowFree:           81164 kB
SwapTotal:        262140 kB
SwapFree:         222912 kB
Dirty:               772 kB
Writeback:             0 kB
AnonPages:        443708 kB
Mapped:           377012 kB
Shmem:               660 kB
Slab:              55932 kB
SReclaimable:      17104 kB
SUnreclaim:        38828 kB
KernelStack:       15704 kB
PageTables:        27076 kB
NFS_Unstable:          0 kB
Bounce:                0 kB
WritebackTmp:          0 kB
CommitLimit:     1242116 kB
Committed_AS:   55877032 kB
VmallocTotal:     409600 kB
VmallocUsed:       33712 kB
VmallocChunk:     103452 kB
Time pass: 300 sec

---2015-12-17 17:07:46
MemTotal:        1959952 kB
MemFree:          115800 kB
Buffers:            2144 kB
Cached:           886504 kB
SwapCached:         1604 kB
Active:           719452 kB
Inactive:         611752 kB
Active(anon):     272520 kB
Inactive(anon):   172440 kB
Active(file):     446932 kB
Inactive(file):   439312 kB
Unevictable:        1744 kB
Mlocked:               0 kB
HighTotal:       1372556 kB
HighFree:          34636 kB
LowTotal:         587396 kB
LowFree:           81164 kB
SwapTotal:        262140 kB
SwapFree:         222912 kB
Dirty:               772 kB
Writeback:             0 kB
AnonPages:        444048 kB
Mapped:           377012 kB
Shmem:               660 kB
Slab:              55968 kB
SReclaimable:      17104 kB
SUnreclaim:        38864 kB
KernelStack:       15696 kB
PageTables:        27076 kB
NFS_Unstable:          0 kB
Bounce:                0 kB
WritebackTmp:          0 kB
CommitLimit:     1242116 kB
Committed_AS:   55877108 kB
VmallocTotal:     409600 kB
VmallocUsed:       33712 kB
VmallocChunk:     103452 kB
Time pass: 303 sec

---2015-12-17 17:07:46
MemTotal:        1959952 kB
MemFree:          115136 kB
Buffers:            2144 kB
Cached:           886504 kB
SwapCached:         1604 kB
Active:           719672 kB
Inactive:         611752 kB
Active(anon):     272740 kB
Inactive(anon):   172440 kB
Active(file):     446932 kB
Inactive(file):   439312 kB
Unevictable:        1744 kB
Mlocked:               0 kB
HighTotal:       1372556 kB
HighFree:          34140 kB
LowTotal:         587396 kB
LowFree:           80996 kB
SwapTotal:        262140 kB
SwapFree:         222912 kB
Dirty:               772 kB
Writeback:             0 kB
AnonPages:        444272 kB
Mapped:           377036 kB
Shmem:               660 kB
Slab:              55944 kB
SReclaimable:      17104 kB
SUnreclaim:        38840 kB
KernelStack:       15704 kB
PageTables:        27060 kB
NFS_Unstable:          0 kB
Bounce:                0 kB
WritebackTmp:          0 kB
CommitLimit:     1242116 kB
Committed_AS:   55877272 kB
VmallocTotal:     409600 kB
VmallocUsed:       33712 kB
VmallocChunk:     103452 kB
Time pass: 307 sec

---2015-12-17 17:07:46
MemTotal:        1959952 kB
MemFree:          114800 kB
Buffers:            2144 kB
Cached:           886504 kB
SwapCached:         1604 kB
Active:           720108 kB
Inactive:         611752 kB
Active(anon):     273176 kB
Inactive(anon):   172440 kB
Active(file):     446932 kB
Inactive(file):   439312 kB
Unevictable:        1744 kB
Mlocked:               0 kB
HighTotal:       1372556 kB
HighFree:          33892 kB
LowTotal:         587396 kB
LowFree:           80908 kB
SwapTotal:        262140 kB
SwapFree:         222912 kB
Dirty:               768 kB
Writeback:             0 kB
AnonPages:        444588 kB
Mapped:           377012 kB
Shmem:               660 kB
Slab:              55808 kB
SReclaimable:      17104 kB
SUnreclaim:        38704 kB
KernelStack:       15704 kB
PageTables:        27076 kB
NFS_Unstable:          0 kB
Bounce:                0 kB
WritebackTmp:          0 kB
CommitLimit:     1242116 kB
Committed_AS:   55877276 kB
VmallocTotal:     409600 kB
VmallocUsed:       33712 kB
VmallocChunk:     103452 kB
Time pass: 312 sec

---2015-12-17 17:07:46
MemTotal:        1959952 kB
MemFree:          114476 kB
Buffers:            2144 kB
Cached:           886504 kB
SwapCached:         1604 kB
Active:           720308 kB
Inactive:         611752 kB
Active(anon):     273376 kB
Inactive(anon):   172440 kB
Active(file):     446932 kB
Inactive(file):   439312 kB
Unevictable:        1744 kB
Mlocked:               0 kB
HighTotal:       1372556 kB
HighFree:          33644 kB
LowTotal:         587396 kB
LowFree:           80832 kB
SwapTotal:        262140 kB
SwapFree:         222912 kB
Dirty:               768 kB
Writeback:             0 kB
AnonPages:        445152 kB
Mapped:           377088 kB
Shmem:               660 kB
Slab:              55968 kB
SReclaimable:      17104 kB
SUnreclaim:        38864 kB
KernelStack:       15704 kB
PageTables:        27076 kB
NFS_Unstable:          0 kB
Bounce:                0 kB
WritebackTmp:          0 kB
CommitLimit:     1242116 kB
Committed_AS:   55877344 kB
VmallocTotal:     409600 kB
VmallocUsed:       33712 kB
VmallocChunk:     103452 kB
Time pass: 315 sec

---2015-12-17 17:07:46
MemTotal:        1959952 kB
MemFree:          113772 kB
Buffers:            2144 kB
Cached:           886504 kB
SwapCached:         1604 kB
Active:           720744 kB
Inactive:         611752 kB
Active(anon):     273812 kB
Inactive(anon):   172440 kB
Active(file):     446932 kB
Inactive(file):   439312 kB
Unevictable:        1744 kB
Mlocked:               0 kB
HighTotal:       1372556 kB
HighFree:          32900 kB
LowTotal:         587396 kB
LowFree:           80872 kB
SwapTotal:        262140 kB
SwapFree:         222912 kB
Dirty:               772 kB
Writeback:             0 kB
AnonPages:        445492 kB
Mapped:           377012 kB
Shmem:               660 kB
Slab:              55968 kB
SReclaimable:      17104 kB
SUnreclaim:        38864 kB
KernelStack:       15712 kB
PageTables:        27076 kB
NFS_Unstable:          0 kB
Bounce:                0 kB
WritebackTmp:          0 kB
CommitLimit:     1242116 kB
Committed_AS:   55877432 kB
VmallocTotal:     409600 kB
VmallocUsed:       33712 kB
VmallocChunk:     103452 kB
Time pass: 319 sec

---2015-12-17 17:07:46
MemTotal:        1959952 kB
MemFree:          111720 kB
Buffers:            2144 kB
Cached:           887256 kB
SwapCached:         1604 kB
Active:           722592 kB
Inactive:         612440 kB
Active(anon):     275656 kB
Inactive(anon):   172436 kB
Active(file):     446936 kB
Inactive(file):   440004 kB
Unevictable:        1744 kB
Mlocked:               0 kB
HighTotal:       1372556 kB
HighFree:          31164 kB
LowTotal:         587396 kB
LowFree:           80556 kB
SwapTotal:        262140 kB
SwapFree:         222912 kB
Dirty:               760 kB
Writeback:             0 kB
AnonPages:        447360 kB
Mapped:           377112 kB
Shmem:               660 kB
Slab:              56168 kB
SReclaimable:      17104 kB
SUnreclaim:        39064 kB
KernelStack:       15712 kB
PageTables:        27076 kB
NFS_Unstable:          0 kB
Bounce:                0 kB
WritebackTmp:          0 kB
CommitLimit:     1242116 kB
Committed_AS:   55878664 kB
VmallocTotal:     409600 kB
VmallocUsed:       33712 kB
VmallocChunk:     103452 kB
Time pass: 323 sec

---2015-12-17 17:07:46
MemTotal:        1959952 kB
MemFree:          111168 kB
Buffers:            2144 kB
Cached:           887256 kB
SwapCached:         1604 kB
Active:           722900 kB
Inactive:         612496 kB
Active(anon):     275964 kB
Inactive(anon):   172436 kB
Active(file):     446936 kB
Inactive(file):   440060 kB
Unevictable:        1744 kB
Mlocked:               0 kB
HighTotal:       1372556 kB
HighFree:          30420 kB
LowTotal:         587396 kB
LowFree:           80748 kB
SwapTotal:        262140 kB
SwapFree:         222912 kB
Dirty:               764 kB
Writeback:             0 kB
AnonPages:        447548 kB
Mapped:           377152 kB
Shmem:               660 kB
Slab:              56028 kB
SReclaimable:      17104 kB
SUnreclaim:        38924 kB
KernelStack:       15696 kB
PageTables:        27060 kB
NFS_Unstable:          0 kB
Bounce:                0 kB
WritebackTmp:          0 kB
CommitLimit:     1242116 kB
Committed_AS:   55878372 kB
VmallocTotal:     409600 kB
VmallocUsed:       33712 kB
VmallocChunk:     103452 kB
Time pass: 327 sec

---2015-12-17 17:07:46
MemTotal:        1959952 kB
MemFree:          111872 kB
Buffers:            2144 kB
Cached:           887256 kB
SwapCached:         1604 kB
Active:           722668 kB
Inactive:         612496 kB
Active(anon):     275732 kB
Inactive(anon):   172436 kB
Active(file):     446936 kB
Inactive(file):   440060 kB
Unevictable:        1744 kB
Mlocked:               0 kB
HighTotal:       1372556 kB
HighFree:          30916 kB
LowTotal:         587396 kB
LowFree:           80956 kB
SwapTotal:        262140 kB
SwapFree:         222912 kB
Dirty:               764 kB
Writeback:             0 kB
AnonPages:        447508 kB
Mapped:           377128 kB
Shmem:               660 kB
Slab:              56152 kB
SReclaimable:      17104 kB
SUnreclaim:        39048 kB
KernelStack:       15712 kB
PageTables:        27076 kB
NFS_Unstable:          0 kB
Bounce:                0 kB
WritebackTmp:          0 kB
CommitLimit:     1242116 kB
Committed_AS:   55878504 kB
VmallocTotal:     409600 kB
VmallocUsed:       33712 kB
VmallocChunk:     103452 kB
Time pass: 331 sec

---2015-12-17 17:07:46
MemTotal:        1959952 kB
MemFree:          111704 kB
Buffers:            2144 kB
Cached:           887256 kB
SwapCached:         1604 kB
Active:           723244 kB
Inactive:         612496 kB
Active(anon):     276308 kB
Inactive(anon):   172436 kB
Active(file):     446936 kB
Inactive(file):   440060 kB
Unevictable:        1744 kB
Mlocked:               0 kB
HighTotal:       1372556 kB
HighFree:          30792 kB
LowTotal:         587396 kB
LowFree:           80912 kB
SwapTotal:        262140 kB
SwapFree:         222912 kB
Dirty:               764 kB
Writeback:             0 kB
AnonPages:        448024 kB
Mapped:           377128 kB
Shmem:               660 kB
Slab:              56052 kB
SReclaimable:      17104 kB
SUnreclaim:        38948 kB
KernelStack:       15712 kB
PageTables:        27076 kB
NFS_Unstable:          0 kB
Bounce:                0 kB
WritebackTmp:          0 kB
CommitLimit:     1242116 kB
Committed_AS:   55878644 kB
VmallocTotal:     409600 kB
VmallocUsed:       33712 kB
VmallocChunk:     103452 kB
Time pass: 335 sec

---2015-12-17 17:07:46
MemTotal:        1959952 kB
MemFree:          111200 kB
Buffers:            2144 kB
Cached:           887256 kB
SwapCached:         1604 kB
Active:           723812 kB
Inactive:         612496 kB
Active(anon):     276876 kB
Inactive(anon):   172436 kB
Active(file):     446936 kB
Inactive(file):   440060 kB
Unevictable:        1744 kB
Mlocked:               0 kB
HighTotal:       1372556 kB
HighFree:          30172 kB
LowTotal:         587396 kB
LowFree:           81028 kB
SwapTotal:        262140 kB
SwapFree:         222912 kB
Dirty:               768 kB
Writeback:             0 kB
AnonPages:        448648 kB
Mapped:           377204 kB
