---2015-12-05 14:07:44
MemTotal:        2905316 kB
MemFree:           96064 kB
Buffers:           27872 kB
Cached:          1376252 kB
SwapCached:            0 kB
Active:          1289752 kB
Inactive:        1010280 kB
Active(anon):     772140 kB
Inactive(anon):   167936 kB
Active(file):     517612 kB
Inactive(file):   842344 kB
Unevictable:        7800 kB
Mlocked:               0 kB
SwapTotal:        720184 kB
SwapFree:         720184 kB
Dirty:                68 kB
Writeback:             0 kB
AnonPages:        903820 kB
Mapped:           566176 kB
Shmem:             36360 kB
Slab:             120872 kB
SReclaimable:      36012 kB
SUnreclaim:        84860 kB
KernelStack:       33552 kB
PageTables:        58080 kB
NFS_Unstable:          0 kB
Bounce:                0 kB
WritebackTmp:          0 kB
CommitLimit:     2172840 kB
Committed_AS:   95667404 kB
VmallocTotal:   251658176 kB
VmallocUsed:      138824 kB
VmallocChunk:   251425324 kB
Time pass: 3 sec

---2015-12-05 14:07:44
MemTotal:        2905316 kB
MemFree:           99980 kB
Buffers:           27880 kB
Cached:          1376740 kB
SwapCached:            0 kB
Active:          1287300 kB
Inactive:        1010664 kB
Active(anon):     769572 kB
Inactive(anon):   167936 kB
Active(file):     517728 kB
Inactive(file):   842728 kB
Unevictable:        7800 kB
Mlocked:               0 kB
SwapTotal:        720184 kB
SwapFree:         720184 kB
Dirty:               116 kB
Writeback:             0 kB
AnonPages:        900992 kB
Mapped:           566052 kB
Shmem:             36360 kB
Slab:             120776 kB
SReclaimable:      36028 kB
SUnreclaim:        84748 kB
KernelStack:       33344 kB
PageTables:        57452 kB
NFS_Unstable:          0 kB
Bounce:                0 kB
WritebackTmp:          0 kB
CommitLimit:     2172840 kB
Committed_AS:   94419636 kB
VmallocTotal:   251658176 kB
VmallocUsed:      137804 kB
VmallocChunk:   251425324 kB
Time pass: 7 sec

---2015-12-05 14:07:44
MemTotal:        2905316 kB
MemFree:          102756 kB
Buffers:           27888 kB
Cached:          1376776 kB
SwapCached:            0 kB
Active:          1283912 kB
Inactive:        1010692 kB
Active(anon):     766164 kB
Inactive(anon):   167936 kB
Active(file):     517748 kB
Inactive(file):   842756 kB
Unevictable:        7800 kB
Mlocked:               0 kB
SwapTotal:        720184 kB
SwapFree:         720184 kB
Dirty:               136 kB
Writeback:             0 kB
AnonPages:        897900 kB
Mapped:           566172 kB
Shmem:             36360 kB
Slab:             120836 kB
SReclaimable:      36028 kB
SUnreclaim:        84808 kB
KernelStack:       33232 kB
PageTables:        57484 kB
NFS_Unstable:          0 kB
Bounce:                0 kB
WritebackTmp:          0 kB
CommitLimit:     2172840 kB
Committed_AS:   94419116 kB
VmallocTotal:   251658176 kB
VmallocUsed:      137804 kB
VmallocChunk:   251425324 kB
Time pass: 11 sec

---2015-12-05 14:07:44
MemTotal:        2905316 kB
MemFree:          102116 kB
Buffers:           27896 kB
Cached:          1378444 kB
SwapCached:            0 kB
Active:          1283992 kB
Inactive:        1012236 kB
Active(anon):     766168 kB
Inactive(anon):   167936 kB
Active(file):     517824 kB
Inactive(file):   844300 kB
Unevictable:        7800 kB
Mlocked:               0 kB
SwapTotal:        720184 kB
SwapFree:         720184 kB
Dirty:               160 kB
Writeback:             0 kB
AnonPages:        897676 kB
Mapped:           563480 kB
Shmem:             36360 kB
Slab:             120904 kB
SReclaimable:      36028 kB
SUnreclaim:        84876 kB
KernelStack:       33264 kB
PageTables:        56956 kB
NFS_Unstable:          0 kB
Bounce:                0 kB
WritebackTmp:          0 kB
CommitLimit:     2172840 kB
Committed_AS:   93692636 kB
VmallocTotal:   251658176 kB
VmallocUsed:      136784 kB
VmallocChunk:   251425324 kB
Time pass: 15 sec

---2015-12-05 14:07:44
MemTotal:        2905316 kB
MemFree:           95488 kB
Buffers:           27904 kB
Cached:          1378520 kB
SwapCached:            0 kB
Active:          1290544 kB
Inactive:        1012356 kB
Active(anon):     772716 kB
Inactive(anon):   167996 kB
Active(file):     517828 kB
Inactive(file):   844360 kB
Unevictable:        7800 kB
Mlocked:               0 kB
SwapTotal:        720184 kB
SwapFree:         720184 kB
Dirty:                76 kB
Writeback:             0 kB
AnonPages:        904728 kB
Mapped:           564148 kB
Shmem:             36420 kB
Slab:             120896 kB
SReclaimable:      36044 kB
SUnreclaim:        84852 kB
KernelStack:       33296 kB
PageTables:        57240 kB
NFS_Unstable:          0 kB
Bounce:                0 kB
WritebackTmp:          0 kB
CommitLimit:     2172840 kB
Committed_AS:   97165152 kB
VmallocTotal:   251658176 kB
VmallocUsed:      137804 kB
VmallocChunk:   251425324 kB
Time pass: 18 sec

---2015-12-05 14:07:44
MemTotal:        2905316 kB
MemFree:           66100 kB
Buffers:           27772 kB
Cached:          1260560 kB
SwapCached:            0 kB
Active:          1309416 kB
Inactive:         907664 kB
Active(anon):     778852 kB
Inactive(anon):   194628 kB
Active(file):     530564 kB
Inactive(file):   713036 kB
Unevictable:        7800 kB
Mlocked:               0 kB
SwapTotal:        720184 kB
SwapFree:         720184 kB
Dirty:               876 kB
Writeback:             0 kB
AnonPages:        936796 kB
Mapped:           620356 kB
Shmem:             36556 kB
Slab:             121204 kB
SReclaimable:      36304 kB
SUnreclaim:        84900 kB
KernelStack:       34432 kB
PageTables:        57572 kB
NFS_Unstable:          0 kB
Bounce:                0 kB
WritebackTmp:          0 kB
CommitLimit:     2172840 kB
Committed_AS:   93822740 kB
VmallocTotal:   251658176 kB
VmallocUsed:      137164 kB
VmallocChunk:   251425324 kB
Time pass: 22 sec

---2015-12-05 14:07:44
MemTotal:        2905316 kB
MemFree:          111436 kB
Buffers:           27780 kB
Cached:          1233720 kB
SwapCached:            0 kB
Active:          1286224 kB
Inactive:         870532 kB
Active(anon):     755308 kB
Inactive(anon):   178620 kB
Active(file):     530916 kB
Inactive(file):   691912 kB
Unevictable:        7800 kB
Mlocked:               0 kB
SwapTotal:        720184 kB
SwapFree:         720184 kB
Dirty:               972 kB
Writeback:             0 kB
AnonPages:        903256 kB
Mapped:           624572 kB
Shmem:             30808 kB
Slab:             121044 kB
SReclaimable:      36144 kB
SUnreclaim:        84900 kB
KernelStack:       34272 kB
PageTables:        57400 kB
NFS_Unstable:          0 kB
Bounce:                0 kB
WritebackTmp:          0 kB
CommitLimit:     2172840 kB
Committed_AS:   93776044 kB
VmallocTotal:   251658176 kB
VmallocUsed:      137332 kB
VmallocChunk:   251425324 kB
Time pass: 25 sec

---2015-12-05 14:07:44
MemTotal:        2905316 kB
MemFree:          112604 kB
Buffers:           27796 kB
Cached:          1233776 kB
SwapCached:            0 kB
Active:          1284380 kB
Inactive:         870628 kB
Active(anon):     753444 kB
Inactive(anon):   178620 kB
Active(file):     530936 kB
Inactive(file):   692008 kB
Unevictable:        7800 kB
Mlocked:               0 kB
SwapTotal:        720184 kB
SwapFree:         720184 kB
Dirty:               168 kB
Writeback:             0 kB
AnonPages:        901360 kB
Mapped:           625104 kB
Shmem:             30808 kB
Slab:             120884 kB
SReclaimable:      36144 kB
SUnreclaim:        84740 kB
KernelStack:       34272 kB
PageTables:        57400 kB
NFS_Unstable:          0 kB
Bounce:                0 kB
WritebackTmp:          0 kB
CommitLimit:     2172840 kB
Committed_AS:   93776056 kB
VmallocTotal:   251658176 kB
VmallocUsed:      137332 kB
VmallocChunk:   251425324 kB
Time pass: 29 sec

---2015-12-05 14:07:44
MemTotal:        2905316 kB
MemFree:           80348 kB
Buffers:           27848 kB
Cached:          1237740 kB
SwapCached:            0 kB
Active:          1286608 kB
Inactive:         874624 kB
Active(anon):     755632 kB
Inactive(anon):   178620 kB
Active(file):     530976 kB
Inactive(file):   696004 kB
Unevictable:        7800 kB
Mlocked:               0 kB
SwapTotal:        720184 kB
SwapFree:         720184 kB
Dirty:                88 kB
Writeback:             0 kB
AnonPages:        903408 kB
Mapped:           635032 kB
Shmem:             30808 kB
Slab:             120940 kB
SReclaimable:      36144 kB
SUnreclaim:        84796 kB
KernelStack:       34272 kB
PageTables:        57436 kB
NFS_Unstable:          0 kB
Bounce:                0 kB
WritebackTmp:          0 kB
CommitLimit:     2172840 kB
Committed_AS:   93777324 kB
VmallocTotal:   251658176 kB
VmallocUsed:      137560 kB
VmallocChunk:   251425324 kB
Time pass: 33 sec

---2015-12-05 14:07:44
MemTotal:        2905316 kB
MemFree:           78760 kB
Buffers:           27856 kB
Cached:          1237792 kB
SwapCached:            0 kB
Active:          1287780 kB
Inactive:         874660 kB
Active(anon):     756788 kB
Inactive(anon):   178620 kB
Active(file):     530992 kB
Inactive(file):   696040 kB
Unevictable:        7800 kB
Mlocked:               0 kB
SwapTotal:        720184 kB
SwapFree:         720184 kB
Dirty:               100 kB
Writeback:             0 kB
AnonPages:        904588 kB
Mapped:           635148 kB
Shmem:             30808 kB
Slab:             120948 kB
SReclaimable:      36144 kB
SUnreclaim:        84804 kB
KernelStack:       34288 kB
PageTables:        57436 kB
NFS_Unstable:          0 kB
Bounce:                0 kB
WritebackTmp:          0 kB
CommitLimit:     2172840 kB
Committed_AS:   93777584 kB
VmallocTotal:   251658176 kB
VmallocUsed:      137560 kB
VmallocChunk:   251425324 kB
Time pass: 37 sec

---2015-12-05 14:07:44
MemTotal:        2905316 kB
MemFree:           77348 kB
Buffers:           29392 kB
Cached:          1237812 kB
SwapCached:            0 kB
Active:          1288028 kB
Inactive:         876152 kB
Active(anon):     757036 kB
Inactive(anon):   178620 kB
Active(file):     530992 kB
Inactive(file):   697532 kB
Unevictable:        7800 kB
Mlocked:               0 kB
SwapTotal:        720184 kB
SwapFree:         720184 kB
Dirty:               124 kB
Writeback:             0 kB
AnonPages:        904896 kB
Mapped:           635160 kB
Shmem:             30808 kB
Slab:             120960 kB
SReclaimable:      36144 kB
SUnreclaim:        84816 kB
KernelStack:       34288 kB
PageTables:        57432 kB
NFS_Unstable:          0 kB
Bounce:                0 kB
WritebackTmp:          0 kB
CommitLimit:     2172840 kB
Committed_AS:   93777572 kB
VmallocTotal:   251658176 kB
VmallocUsed:      137560 kB
VmallocChunk:   251425324 kB
Time pass: 41 sec

---2015-12-05 14:07:44
MemTotal:        2905316 kB
MemFree:           73164 kB
Buffers:           26456 kB
Cached:          1196348 kB
SwapCached:            0 kB
Active:          1294696 kB
Inactive:         832420 kB
Active(anon):     759256 kB
Inactive(anon):   183744 kB
Active(file):     535440 kB
Inactive(file):   648676 kB
Unevictable:        7800 kB
Mlocked:               0 kB
SwapTotal:        720184 kB
SwapFree:         720184 kB
Dirty:               308 kB
Writeback:             0 kB
AnonPages:        912316 kB
Mapped:           645628 kB
Shmem:             30812 kB
Slab:             121040 kB
SReclaimable:      36308 kB
SUnreclaim:        84732 kB
KernelStack:       34160 kB
PageTables:        57248 kB
NFS_Unstable:          0 kB
Bounce:                0 kB
WritebackTmp:          0 kB
CommitLimit:     2172840 kB
Committed_AS:   93069384 kB
VmallocTotal:   251658176 kB
VmallocUsed:      136808 kB
VmallocChunk:   251425324 kB
Time pass: 44 sec

---2015-12-05 14:07:44
MemTotal:        2905316 kB
MemFree:           66436 kB
Buffers:           26448 kB
Cached:          1183708 kB
SwapCached:            0 kB
Active:          1303176 kB
Inactive:         821644 kB
Active(anon):     766720 kB
Inactive(anon):   186620 kB
Active(file):     536456 kB
Inactive(file):   635024 kB
Unevictable:        7800 kB
Mlocked:               0 kB
SwapTotal:        720184 kB
SwapFree:         720184 kB
Dirty:               360 kB
Writeback:             0 kB
AnonPages:        922288 kB
Mapped:           651596 kB
Shmem:             30872 kB
Slab:             120960 kB
SReclaimable:      36228 kB
SUnreclaim:        84732 kB
KernelStack:       34192 kB
PageTables:        57420 kB
NFS_Unstable:          0 kB
Bounce:                0 kB
WritebackTmp:          0 kB
CommitLimit:     2172840 kB
Committed_AS:   93118352 kB
VmallocTotal:   251658176 kB
VmallocUsed:      136856 kB
VmallocChunk:   251425324 kB
Time pass: 48 sec

---2015-12-05 14:07:44
MemTotal:        2905316 kB
MemFree:           76572 kB
Buffers:           26400 kB
Cached:          1160324 kB
SwapCached:            0 kB
Active:          1316252 kB
Inactive:         800996 kB
Active(anon):     775936 kB
Inactive(anon):   193408 kB
Active(file):     540316 kB
Inactive(file):   607588 kB
Unevictable:        7800 kB
Mlocked:               0 kB
SwapTotal:        720184 kB
SwapFree:         720184 kB
Dirty:               296 kB
Writeback:             0 kB
AnonPages:        938892 kB
Mapped:           670812 kB
Shmem:             31008 kB
Slab:             118488 kB
SReclaimable:      33684 kB
SUnreclaim:        84804 kB
KernelStack:       34320 kB
PageTables:        57296 kB
NFS_Unstable:          0 kB
Bounce:                0 kB
WritebackTmp:          0 kB
CommitLimit:     2172840 kB
Committed_AS:   93128276 kB
VmallocTotal:   251658176 kB
VmallocUsed:      136904 kB
VmallocChunk:   251425324 kB
Time pass: 52 sec

---2015-12-05 14:07:44
MemTotal:        2905316 kB
MemFree:           84608 kB
Buffers:           24348 kB
Cached:          1112692 kB
SwapCached:            0 kB
Active:          1320688 kB
Inactive:         745660 kB
Active(anon):     771836 kB
Inactive(anon):   196856 kB
Active(file):     548852 kB
Inactive(file):   548804 kB
Unevictable:        8304 kB
Mlocked:               0 kB
SwapTotal:        720184 kB
SwapFree:         720184 kB
Dirty:              1236 kB
Writeback:             0 kB
AnonPages:        937872 kB
Mapped:           708728 kB
Shmem:             31008 kB
Slab:             120688 kB
SReclaimable:      35936 kB
SUnreclaim:        84752 kB
KernelStack:       34400 kB
PageTables:        57432 kB
NFS_Unstable:          0 kB
Bounce:                0 kB
WritebackTmp:          0 kB
CommitLimit:     2172840 kB
Committed_AS:   93126760 kB
VmallocTotal:   251658176 kB
VmallocUsed:      137248 kB
VmallocChunk:   251425324 kB
Time pass: 55 sec

---2015-12-05 14:07:44
MemTotal:        2905316 kB
MemFree:           82648 kB
Buffers:           24388 kB
Cached:          1113220 kB
SwapCached:            0 kB
Active:          1322156 kB
Inactive:         746272 kB
Active(anon):     773296 kB
Inactive(anon):   196856 kB
Active(file):     548860 kB
Inactive(file):   549416 kB
Unevictable:        8304 kB
Mlocked:               0 kB
SwapTotal:        720184 kB
SwapFree:         720184 kB
Dirty:               156 kB
Writeback:             0 kB
AnonPages:        939140 kB
Mapped:           708920 kB
Shmem:             31008 kB
Slab:             120880 kB
SReclaimable:      35936 kB
SUnreclaim:        84944 kB
KernelStack:       34224 kB
PageTables:        57456 kB
NFS_Unstable:          0 kB
Bounce:                0 kB
WritebackTmp:          0 kB
CommitLimit:     2172840 kB
Committed_AS:   93126996 kB
VmallocTotal:   251658176 kB
VmallocUsed:      137248 kB
VmallocChunk:   251425324 kB
Time pass: 59 sec

---2015-12-05 14:07:44
MemTotal:        2905316 kB
MemFree:           71832 kB
Buffers:           24388 kB
Cached:          1106372 kB
SwapCached:            0 kB
Active:          1319204 kB
Inactive:         739308 kB
Active(anon):     774956 kB
Inactive(anon):   196500 kB
Active(file):     544248 kB
Inactive(file):   542808 kB
Unevictable:       12596 kB
Mlocked:               0 kB
SwapTotal:        720184 kB
SwapFree:         720156 kB
Dirty:               108 kB
Writeback:             0 kB
AnonPages:        940564 kB
Mapped:           718332 kB
Shmem:             30876 kB
Slab:             120816 kB
SReclaimable:      36064 kB
SUnreclaim:        84752 kB
KernelStack:       34176 kB
PageTables:        57452 kB
NFS_Unstable:          0 kB
Bounce:                0 kB
WritebackTmp:          0 kB
CommitLimit:     2172840 kB
Committed_AS:   93122928 kB
VmallocTotal:   251658176 kB
VmallocUsed:      137384 kB
VmallocChunk:   251425324 kB
Time pass: 63 sec

---2015-12-05 14:07:44
MemTotal:        2905316 kB
MemFree:           72140 kB
Buffers:           24388 kB
Cached:          1106276 kB
SwapCached:            0 kB
Active:          1319232 kB
Inactive:         739256 kB
Active(anon):     774888 kB
Inactive(anon):   196496 kB
Active(file):     544344 kB
Inactive(file):   542760 kB
Unevictable:       12708 kB
Mlocked:               0 kB
SwapTotal:        720184 kB
SwapFree:         720156 kB
Dirty:                 4 kB
Writeback:             0 kB
AnonPages:        940676 kB
Mapped:           718460 kB
Shmem:             30848 kB
Slab:             121000 kB
SReclaimable:      36064 kB
SUnreclaim:        84936 kB
KernelStack:       34176 kB
PageTables:        57456 kB
NFS_Unstable:          0 kB
Bounce:                0 kB
WritebackTmp:          0 kB
CommitLimit:     2172840 kB
Committed_AS:   93122888 kB
VmallocTotal:   251658176 kB
VmallocUsed:      137384 kB
VmallocChunk:   251425324 kB
Time pass: 67 sec

---2015-12-05 14:07:44
MemTotal:        2905316 kB
MemFree:           66216 kB
Buffers:           24408 kB
Cached:          1106492 kB
SwapCached:            0 kB
Active:          1325068 kB
Inactive:         739408 kB
Active(anon):     780416 kB
Inactive(anon):   196496 kB
Active(file):     544652 kB
Inactive(file):   542912 kB
Unevictable:       12708 kB
Mlocked:               0 kB
SwapTotal:        720184 kB
SwapFree:         720156 kB
Dirty:               272 kB
Writeback:             0 kB
AnonPages:        946144 kB
Mapped:           718544 kB
Shmem:             30848 kB
Slab:             120896 kB
SReclaimable:      36064 kB
SUnreclaim:        84832 kB
KernelStack:       34176 kB
PageTables:        57460 kB
NFS_Unstable:          0 kB
Bounce:                0 kB
WritebackTmp:          0 kB
CommitLimit:     2172840 kB
Committed_AS:   93123696 kB
VmallocTotal:   251658176 kB
VmallocUsed:      137384 kB
VmallocChunk:   251425324 kB
Time pass: 71 sec

---2015-12-05 14:07:44
MemTotal:        2905316 kB
MemFree:           74548 kB
Buffers:           24052 kB
Cached:          1078488 kB
SwapCached:            0 kB
Active:          1310440 kB
Inactive:         726660 kB
Active(anon):     780932 kB
Inactive(anon):   197244 kB
Active(file):     529508 kB
Inactive(file):   529416 kB
Unevictable:       12768 kB
Mlocked:               0 kB
SwapTotal:        720184 kB
SwapFree:         720156 kB
Dirty:               632 kB
Writeback:             0 kB
AnonPages:        947436 kB
Mapped:           726664 kB
Shmem:             30848 kB
Slab:             120980 kB
SReclaimable:      36108 kB
SUnreclaim:        84872 kB
KernelStack:       34144 kB
PageTables:        57336 kB
NFS_Unstable:          0 kB
Bounce:                0 kB
WritebackTmp:          0 kB
CommitLimit:     2172840 kB
Committed_AS:   93124232 kB
VmallocTotal:   251658176 kB
VmallocUsed:      137564 kB
VmallocChunk:   251425324 kB
Time pass: 75 sec

---2015-12-05 14:07:44
MemTotal:        2905316 kB
MemFree:           63612 kB
Buffers:           24744 kB
Cached:          1070988 kB
SwapCached:            0 kB
Active:          1323896 kB
Inactive:         724688 kB
Active(anon):     797916 kB
Inactive(anon):   198796 kB
Active(file):     525980 kB
Inactive(file):   525892 kB
Unevictable:       12768 kB
Mlocked:               0 kB
SwapTotal:        720184 kB
SwapFree:         720156 kB
Dirty:               372 kB
Writeback:             0 kB
AnonPages:        965992 kB
Mapped:           728868 kB
Shmem:             30908 kB
Slab:             121112 kB
SReclaimable:      36172 kB
SUnreclaim:        84940 kB
KernelStack:       34336 kB
PageTables:        57464 kB
NFS_Unstable:          0 kB
Bounce:                0 kB
WritebackTmp:          0 kB
CommitLimit:     2172840 kB
Committed_AS:   93166612 kB
VmallocTotal:   251658176 kB
VmallocUsed:      137564 kB
VmallocChunk:   251425324 kB
Time pass: 79 sec

---2015-12-05 14:07:44
MemTotal:        2905316 kB
MemFree:           67040 kB
Buffers:           24760 kB
Cached:          1067060 kB
SwapCached:            0 kB
Active:          1322520 kB
Inactive:         723616 kB
Active(anon):     798428 kB
Inactive(anon):   199564 kB
Active(file):     524092 kB
Inactive(file):   524052 kB
Unevictable:       12768 kB
Mlocked:               0 kB
SwapTotal:        720184 kB
SwapFree:         720156 kB
Dirty:                 8 kB
Writeback:             0 kB
AnonPages:        967248 kB
Mapped:           729020 kB
Shmem:             30908 kB
Slab:             121204 kB
SReclaimable:      36252 kB
SUnreclaim:        84952 kB
KernelStack:       34320 kB
PageTables:        57468 kB
NFS_Unstable:          0 kB
Bounce:                0 kB
WritebackTmp:          0 kB
CommitLimit:     2172840 kB
Committed_AS:   93169172 kB
VmallocTotal:   251658176 kB
VmallocUsed:      137564 kB
VmallocChunk:   251425324 kB
Time pass: 82 sec

---2015-12-05 14:07:44
MemTotal:        2905316 kB
MemFree:           66764 kB
Buffers:           24768 kB
Cached:          1067076 kB
SwapCached:            0 kB
Active:          1322776 kB
Inactive:         723608 kB
Active(anon):     798676 kB
Inactive(anon):   199560 kB
Active(file):     524100 kB
Inactive(file):   524048 kB
Unevictable:       12768 kB
Mlocked:               0 kB
SwapTotal:        720184 kB
SwapFree:         720156 kB
Dirty:               100 kB
Writeback:             0 kB
AnonPages:        967360 kB
Mapped:           729088 kB
Shmem:             30908 kB
Slab:             121312 kB
SReclaimable:      36364 kB
SUnreclaim:        84948 kB
KernelStack:       34288 kB
PageTables:        57464 kB
NFS_Unstable:          0 kB
Bounce:                0 kB
WritebackTmp:          0 kB
CommitLimit:     2172840 kB
Committed_AS:   93169112 kB
VmallocTotal:   251658176 kB
VmallocUsed:      137564 kB
VmallocChunk:   251425324 kB
Time pass: 86 sec

---2015-12-05 14:07:44
MemTotal:        2905316 kB
MemFree:           63984 kB
Buffers:           24648 kB
Cached:          1064000 kB
SwapCached:            0 kB
Active:          1325992 kB
Inactive:         723780 kB
Active(anon):     804228 kB
Inactive(anon):   200712 kB
Active(file):     521764 kB
Inactive(file):   523068 kB
Unevictable:       12768 kB
Mlocked:               0 kB
SwapTotal:        720184 kB
SwapFree:         720156 kB
Dirty:               112 kB
Writeback:             0 kB
AnonPages:        973848 kB
Mapped:           729312 kB
Shmem:             31044 kB
Slab:             121352 kB
SReclaimable:      36316 kB
SUnreclaim:        85036 kB
KernelStack:       34544 kB
PageTables:        57688 kB
NFS_Unstable:          0 kB
Bounce:                0 kB
WritebackTmp:          0 kB
CommitLimit:     2172840 kB
Committed_AS:   93205340 kB
VmallocTotal:   251658176 kB
VmallocUsed:      140012 kB
VmallocChunk:   251425324 kB
Time pass: 90 sec

---2015-12-05 14:07:44
MemTotal:        2905316 kB
MemFree:           70748 kB
Buffers:           24576 kB
Cached:          1020444 kB
SwapCached:            0 kB
Active:          1305716 kB
Inactive:         701948 kB
Active(anon):     805172 kB
Inactive(anon):   201272 kB
Active(file):     500544 kB
Inactive(file):   500676 kB
Unevictable:       12768 kB
Mlocked:               0 kB
SwapTotal:        720184 kB
SwapFree:         720048 kB
Dirty:                20 kB
Writeback:             0 kB
AnonPages:        975676 kB
Mapped:           721828 kB
Shmem:             31168 kB
Slab:             121496 kB
SReclaimable:      36460 kB
SUnreclaim:        85036 kB
KernelStack:       34512 kB
PageTables:        57856 kB
NFS_Unstable:          0 kB
Bounce:                0 kB
WritebackTmp:          0 kB
CommitLimit:     2172840 kB
Committed_AS:   93206368 kB
VmallocTotal:   251658176 kB
VmallocUsed:      140012 kB
VmallocChunk:   251425324 kB
Time pass: 94 sec

---2015-12-05 14:07:44
MemTotal:        2905316 kB
MemFree:           69776 kB
Buffers:           24592 kB
Cached:          1020628 kB
SwapCached:            0 kB
Active:          1307668 kB
Inactive:         702008 kB
Active(anon):     807012 kB
Inactive(anon):   201344 kB
Active(file):     500656 kB
Inactive(file):   500664 kB
Unevictable:       12768 kB
Mlocked:               0 kB
SwapTotal:        720184 kB
SwapFree:         720048 kB
Dirty:                 0 kB
Writeback:           104 kB
AnonPages:        977376 kB
Mapped:           721812 kB
Shmem:             31132 kB
Slab:             121460 kB
SReclaimable:      36396 kB
SUnreclaim:        85064 kB
KernelStack:       34512 kB
PageTables:        57848 kB
NFS_Unstable:          0 kB
Bounce:                0 kB
WritebackTmp:          0 kB
CommitLimit:     2172840 kB
Committed_AS:   93206852 kB
VmallocTotal:   251658176 kB
VmallocUsed:      140012 kB
VmallocChunk:   251425324 kB
Time pass: 97 sec

---2015-12-05 14:07:44
MemTotal:        2905316 kB
MemFree:           66252 kB
Buffers:           24600 kB
Cached:          1020916 kB
SwapCached:            0 kB
Active:          1310212 kB
Inactive:         702216 kB
Active(anon):     809524 kB
Inactive(anon):   201512 kB
Active(file):     500688 kB
Inactive(file):   500704 kB
Unevictable:       12768 kB
Mlocked:               0 kB
SwapTotal:        720184 kB
SwapFree:         720048 kB
Dirty:                96 kB
Writeback:             0 kB
AnonPages:        979900 kB
Mapped:           722348 kB
Shmem:             31356 kB
Slab:             121560 kB
SReclaimable:      36396 kB
SUnreclaim:        85164 kB
KernelStack:       34528 kB
PageTables:        57848 kB
NFS_Unstable:          0 kB
Bounce:                0 kB
WritebackTmp:          0 kB
CommitLimit:     2172840 kB
Committed_AS:   93210972 kB
VmallocTotal:   251658176 kB
VmallocUsed:      140012 kB
VmallocChunk:   251425324 kB
Time pass: 101 sec

---2015-12-05 14:07:44
MemTotal:        2905316 kB
MemFree:          371220 kB
Buffers:           24652 kB
Cached:          1019904 kB
SwapCached:            0 kB
Active:          1201988 kB
Inactive:         705672 kB
Active(anon):     703640 kB
Inactive(anon):   204868 kB
Active(file):     498348 kB
Inactive(file):   500804 kB
Unevictable:       12768 kB
Mlocked:               0 kB
SwapTotal:        720184 kB
SwapFree:         719712 kB
Dirty:               448 kB
Writeback:             0 kB
AnonPages:        876004 kB
Mapped:           506364 kB
Shmem:             32628 kB
Slab:             121024 kB
SReclaimable:      36156 kB
SUnreclaim:        84868 kB
KernelStack:       32048 kB
PageTables:        55016 kB
NFS_Unstable:          0 kB
Bounce:                0 kB
WritebackTmp:          0 kB
CommitLimit:     2172840 kB
Committed_AS:   91568620 kB
VmallocTotal:   251658176 kB
VmallocUsed:      136260 kB
VmallocChunk:   251425324 kB
Time pass: 105 sec

---2015-12-05 14:07:44
MemTotal:        2905316 kB
MemFree:          275056 kB
Buffers:           25896 kB
Cached:          1022376 kB
SwapCached:            0 kB
Active:          1243824 kB
Inactive:         706032 kB
Active(anon):     742184 kB
Inactive(anon):   205052 kB
Active(file):     501640 kB
Inactive(file):   500980 kB
Unevictable:       12768 kB
Mlocked:               0 kB
SwapTotal:        720184 kB
SwapFree:         719712 kB
Dirty:               748 kB
Writeback:             4 kB
AnonPages:        914468 kB
Mapped:           571832 kB
Shmem:             32824 kB
Slab:             120860 kB
SReclaimable:      36028 kB
SUnreclaim:        84832 kB
KernelStack:       32704 kB
PageTables:        56188 kB
NFS_Unstable:          0 kB
Bounce:                0 kB
WritebackTmp:          0 kB
CommitLimit:     2172840 kB
Committed_AS:   92410568 kB
VmallocTotal:   251658176 kB
VmallocUsed:      137860 kB
VmallocChunk:   251425324 kB
Time pass: 109 sec

---2015-12-05 14:07:44
MemTotal:        2905316 kB
MemFree:          266916 kB
Buffers:           25912 kB
Cached:          1022644 kB
SwapCached:            0 kB
Active:          1231948 kB
Inactive:         706316 kB
Active(anon):     730252 kB
Inactive(anon):   205052 kB
Active(file):     501696 kB
Inactive(file):   501264 kB
Unevictable:       12768 kB
Mlocked:               0 kB
SwapTotal:        720184 kB
SwapFree:         719712 kB
Dirty:                16 kB
Writeback:             0 kB
AnonPages:        902636 kB
Mapped:           588696 kB
Shmem:             32824 kB
Slab:             120840 kB
SReclaimable:      36028 kB
SUnreclaim:        84812 kB
KernelStack:       32640 kB
PageTables:        56288 kB
NFS_Unstable:          0 kB
Bounce:                0 kB
WritebackTmp:          0 kB
CommitLimit:     2172840 kB
Committed_AS:   92409016 kB
VmallocTotal:   251658176 kB
VmallocUsed:      138040 kB
VmallocChunk:   251425324 kB
Time pass: 113 sec

---2015-12-05 14:07:44
MemTotal:        2905316 kB
MemFree:          266716 kB
Buffers:           25920 kB
Cached:          1022648 kB
SwapCached:            0 kB
Active:          1231952 kB
Inactive:         706328 kB
Active(anon):     730252 kB
Inactive(anon):   205052 kB
Active(file):     501700 kB
Inactive(file):   501276 kB
Unevictable:       12768 kB
Mlocked:               0 kB
SwapTotal:        720184 kB
SwapFree:         719712 kB
Dirty:                80 kB
Writeback:             0 kB
AnonPages:        902472 kB
Mapped:           589080 kB
Shmem:             32824 kB
Slab:             120840 kB
SReclaimable:      36028 kB
SUnreclaim:        84812 kB
KernelStack:       32608 kB
PageTables:        56264 kB
NFS_Unstable:          0 kB
Bounce:                0 kB
WritebackTmp:          0 kB
CommitLimit:     2172840 kB
Committed_AS:   92409000 kB
VmallocTotal:   251658176 kB
VmallocUsed:      138040 kB
VmallocChunk:   251425324 kB
Time pass: 116 sec

---2015-12-05 14:07:44
MemTotal:        2905316 kB
MemFree:          244752 kB
Buffers:           26016 kB
Cached:          1023244 kB
SwapCached:            0 kB
Active:          1244660 kB
Inactive:         706888 kB
Active(anon):     742832 kB
Inactive(anon):   205056 kB
Active(file):     501828 kB
Inactive(file):   501832 kB
Unevictable:       12768 kB
Mlocked:               0 kB
SwapTotal:        720184 kB
SwapFree:         719712 kB
Dirty:               176 kB
Writeback:             0 kB
AnonPages:        915160 kB
Mapped:           594952 kB
Shmem:             32828 kB
Slab:             120888 kB
SReclaimable:      36028 kB
SUnreclaim:        84860 kB
KernelStack:       32656 kB
PageTables:        56280 kB
NFS_Unstable:          0 kB
Bounce:                0 kB
WritebackTmp:          0 kB
CommitLimit:     2172840 kB
Committed_AS:   92413200 kB
VmallocTotal:   251658176 kB
VmallocUsed:      135704 kB
VmallocChunk:   251425324 kB
Time pass: 120 sec

---2015-12-05 14:07:44
MemTotal:        2905316 kB
MemFree:          177248 kB
Buffers:           26024 kB
Cached:          1024244 kB
SwapCached:            0 kB
Active:          1253112 kB
Inactive:         706840 kB
Active(anon):     750232 kB
Inactive(anon):   205056 kB
Active(file):     502880 kB
Inactive(file):   501784 kB
Unevictable:       12768 kB
Mlocked:               0 kB
SwapTotal:        720184 kB
SwapFree:         719712 kB
Dirty:               636 kB
Writeback:             0 kB
AnonPages:        922496 kB
Mapped:           642080 kB
Shmem:             32828 kB
Slab:             120880 kB
SReclaimable:      36028 kB
SUnreclaim:        84852 kB
KernelStack:       32752 kB
PageTables:        56500 kB
NFS_Unstable:          0 kB
Bounce:                0 kB
WritebackTmp:          0 kB
CommitLimit:     2172840 kB
Committed_AS:   92426404 kB
VmallocTotal:   251658176 kB
VmallocUsed:      136132 kB
VmallocChunk:   251425324 kB
Time pass: 124 sec

---2015-12-05 14:07:44
MemTotal:        2905316 kB
MemFree:          177616 kB
Buffers:           26024 kB
Cached:          1024248 kB
SwapCached:            0 kB
Active:          1253412 kB
Inactive:         706840 kB
Active(anon):     750520 kB
Inactive(anon):   205056 kB
Active(file):     502892 kB
Inactive(file):   501784 kB
Unevictable:       12768 kB
Mlocked:               0 kB
SwapTotal:        720184 kB
SwapFree:         719712 kB
Dirty:                 0 kB
Writeback:             0 kB
AnonPages:        922544 kB
Mapped:           642076 kB
Shmem:             32828 kB
Slab:             120852 kB
SReclaimable:      36028 kB
SUnreclaim:        84824 kB
KernelStack:       32768 kB
PageTables:        56496 kB
NFS_Unstable:          0 kB
Bounce:                0 kB
WritebackTmp:          0 kB
CommitLimit:     2172840 kB
Committed_AS:   92426460 kB
VmallocTotal:   251658176 kB
VmallocUsed:      136132 kB
VmallocChunk:   251425324 kB
Time pass: 128 sec

---2015-12-05 14:07:44
MemTotal:        2905316 kB
MemFree:          177712 kB
Buffers:           26032 kB
Cached:          1024252 kB
SwapCached:            0 kB
Active:          1253304 kB
Inactive:         706844 kB
Active(anon):     750412 kB
Inactive(anon):   205056 kB
Active(file):     502892 kB
Inactive(file):   501788 kB
Unevictable:       12768 kB
Mlocked:               0 kB
SwapTotal:        720184 kB
SwapFree:         719712 kB
Dirty:                56 kB
Writeback:             0 kB
AnonPages:        922604 kB
Mapped:           642112 kB
Shmem:             32828 kB
Slab:             120840 kB
SReclaimable:      36028 kB
SUnreclaim:        84812 kB
KernelStack:       32736 kB
PageTables:        56500 kB
NFS_Unstable:          0 kB
Bounce:                0 kB
WritebackTmp:          0 kB
CommitLimit:     2172840 kB
Committed_AS:   92426548 kB
VmallocTotal:   251658176 kB
VmallocUsed:      136132 kB
VmallocChunk:   251425324 kB
Time pass: 131 sec

---2015-12-05 14:07:44
MemTotal:        2905316 kB
MemFree:          177008 kB
Buffers:           26040 kB
Cached:          1024252 kB
SwapCached:            0 kB
Active:          1253520 kB
Inactive:         706848 kB
Active(anon):     750624 kB
Inactive(anon):   205056 kB
Active(file):     502896 kB
Inactive(file):   501792 kB
Unevictable:       12768 kB
Mlocked:               0 kB
SwapTotal:        720184 kB
SwapFree:         719712 kB
Dirty:                28 kB
Writeback:             0 kB
AnonPages:        922792 kB
Mapped:           642176 kB
Shmem:             32828 kB
Slab:             120840 kB
SReclaimable:      36028 kB
SUnreclaim:        84812 kB
KernelStack:       32736 kB
PageTables:        56524 kB
NFS_Unstable:          0 kB
Bounce:                0 kB
WritebackTmp:          0 kB
CommitLimit:     2172840 kB
Committed_AS:   92426524 kB
VmallocTotal:   251658176 kB
VmallocUsed:      136132 kB
VmallocChunk:   251425324 kB
Time pass: 135 sec

---2015-12-05 14:07:44
MemTotal:        2905316 kB
MemFree:          176156 kB
Buffers:           26040 kB
Cached:          1024316 kB
SwapCached:            0 kB
Active:          1254436 kB
Inactive:         706916 kB
Active(anon):     751540 kB
Inactive(anon):   205116 kB
Active(file):     502896 kB
Inactive(file):   501800 kB
Unevictable:       12768 kB
Mlocked:               0 kB
SwapTotal:        720184 kB
SwapFree:         719712 kB
Dirty:                 0 kB
Writeback:             0 kB
AnonPages:        923828 kB
Mapped:           642204 kB
Shmem:             32888 kB
Slab:             121016 kB
SReclaimable:      36028 kB
SUnreclaim:        84988 kB
KernelStack:       32752 kB
PageTables:        56552 kB
NFS_Unstable:          0 kB
Bounce:                0 kB
WritebackTmp:          0 kB
CommitLimit:     2172840 kB
Committed_AS:   92453172 kB
VmallocTotal:   251658176 kB
VmallocUsed:      136132 kB
VmallocChunk:   251425324 kB
Time pass: 139 sec

---2015-12-05 14:07:44
MemTotal:        2905316 kB
MemFree:          175640 kB
Buffers:           26048 kB
Cached:          1024316 kB
SwapCached:            0 kB
Active:          1254568 kB
Inactive:         706924 kB
Active(anon):     751668 kB
Inactive(anon):   205116 kB
Active(file):     502900 kB
Inactive(file):   501808 kB
Unevictable:       12768 kB
Mlocked:               0 kB
SwapTotal:        720184 kB
SwapFree:         719712 kB
Dirty:                24 kB
Writeback:             0 kB
AnonPages:        923936 kB
Mapped:           642272 kB
Shmem:             32888 kB
Slab:             121048 kB
SReclaimable:      36028 kB
SUnreclaim:        85020 kB
KernelStack:       32752 kB
PageTables:        56576 kB
NFS_Unstable:          0 kB
Bounce:                0 kB
WritebackTmp:          0 kB
CommitLimit:     2172840 kB
Committed_AS:   92453184 kB
VmallocTotal:   251658176 kB
VmallocUsed:      136132 kB
VmallocChunk:   251425324 kB
Time pass: 143 sec

---2015-12-05 14:07:44
MemTotal:        2905316 kB
MemFree:          175716 kB
Buffers:           26056 kB
Cached:          1024320 kB
SwapCached:            0 kB
Active:          1254912 kB
Inactive:         706936 kB
Active(anon):     752012 kB
Inactive(anon):   205116 kB
Active(file):     502900 kB
Inactive(file):   501820 kB
Unevictable:       12768 kB
Mlocked:               0 kB
SwapTotal:        720184 kB
SwapFree:         719712 kB
Dirty:                 8 kB
Writeback:             0 kB
AnonPages:        923980 kB
Mapped:           642276 kB
Shmem:             32888 kB
Slab:             121016 kB
SReclaimable:      36028 kB
SUnreclaim:        84988 kB
KernelStack:       32752 kB
PageTables:        56576 kB
NFS_Unstable:          0 kB
Bounce:                0 kB
WritebackTmp:          0 kB
CommitLimit:     2172840 kB
Committed_AS:   92453172 kB
VmallocTotal:   251658176 kB
VmallocUsed:      136132 kB
VmallocChunk:   251425324 kB
Time pass: 147 sec

---2015-12-05 14:07:44
MemTotal:        2905316 kB
MemFree:          175440 kB
Buffers:           26064 kB
Cached:          1024324 kB
SwapCached:            0 kB
Active:          1254920 kB
Inactive:         706936 kB
Active(anon):     752012 kB
Inactive(anon):   205116 kB
Active(file):     502908 kB
Inactive(file):   501820 kB
Unevictable:       12768 kB
Mlocked:               0 kB
SwapTotal:        720184 kB
SwapFree:         719712 kB
Dirty:                32 kB
Writeback:             0 kB
AnonPages:        924204 kB
Mapped:           642612 kB
Shmem:             32888 kB
Slab:             120904 kB
SReclaimable:      36028 kB
SUnreclaim:        84876 kB
KernelStack:       32736 kB
PageTables:        56560 kB
NFS_Unstable:          0 kB
Bounce:                0 kB
WritebackTmp:          0 kB
CommitLimit:     2172840 kB
Committed_AS:   92453156 kB
VmallocTotal:   251658176 kB
VmallocUsed:      136132 kB
VmallocChunk:   251425324 kB
Time pass: 151 sec

---2015-12-05 14:07:44
MemTotal:        2905316 kB
MemFree:          175492 kB
Buffers:           26064 kB
Cached:          1024368 kB
SwapCached:            0 kB
Active:          1255952 kB
Inactive:         706940 kB
Active(anon):     753036 kB
Inactive(anon):   205116 kB
Active(file):     502916 kB
Inactive(file):   501824 kB
Unevictable:       12768 kB
Mlocked:               0 kB
SwapTotal:        720184 kB
SwapFree:         719712 kB
Dirty:                 4 kB
Writeback:             0 kB
AnonPages:        925272 kB
Mapped:           642624 kB
Shmem:             32888 kB
Slab:             120940 kB
SReclaimable:      36028 kB
SUnreclaim:        84912 kB
KernelStack:       32768 kB
PageTables:        56556 kB
NFS_Unstable:          0 kB
Bounce:                0 kB
WritebackTmp:          0 kB
CommitLimit:     2172840 kB
Committed_AS:   92453168 kB
VmallocTotal:   251658176 kB
VmallocUsed:      136132 kB
VmallocChunk:   251425324 kB
Time pass: 155 sec

---2015-12-05 14:07:44
MemTotal:        2905316 kB
MemFree:          174688 kB
Buffers:           26080 kB
Cached:          1024380 kB
SwapCached:            0 kB
Active:          1256344 kB
Inactive:         706988 kB
Active(anon):     753412 kB
Inactive(anon):   205116 kB
Active(file):     502932 kB
Inactive(file):   501872 kB
Unevictable:       12768 kB
Mlocked:               0 kB
SwapTotal:        720184 kB
SwapFree:         719712 kB
Dirty:                52 kB
Writeback:             0 kB
AnonPages:        925568 kB
Mapped:           642652 kB
Shmem:             32888 kB
Slab:             120824 kB
SReclaimable:      36028 kB
SUnreclaim:        84796 kB
KernelStack:       32704 kB
PageTables:        56556 kB
NFS_Unstable:          0 kB
Bounce:                0 kB
WritebackTmp:          0 kB
CommitLimit:     2172840 kB
Committed_AS:   92453132 kB
VmallocTotal:   251658176 kB
VmallocUsed:      136132 kB
VmallocChunk:   251425324 kB
Time pass: 159 sec

---2015-12-05 14:07:44
MemTotal:        2905316 kB
MemFree:          174028 kB
Buffers:           26088 kB
Cached:          1024408 kB
SwapCached:            0 kB
Active:          1256576 kB
Inactive:         707016 kB
Active(anon):     753640 kB
Inactive(anon):   205116 kB
Active(file):     502936 kB
Inactive(file):   501900 kB
Unevictable:       12768 kB
Mlocked:               0 kB
SwapTotal:        720184 kB
SwapFree:         719712 kB
Dirty:                40 kB
Writeback:             0 kB
AnonPages:        925796 kB
Mapped:           642728 kB
Shmem:             32888 kB
Slab:             120824 kB
SReclaimable:      36028 kB
SUnreclaim:        84796 kB
KernelStack:       32736 kB
PageTables:        56580 kB
NFS_Unstable:          0 kB
Bounce:                0 kB
WritebackTmp:          0 kB
CommitLimit:     2172840 kB
Committed_AS:   92453144 kB
VmallocTotal:   251658176 kB
VmallocUsed:      136132 kB
VmallocChunk:   251425324 kB
Time pass: 163 sec

---2015-12-05 14:07:44
MemTotal:        2905316 kB
MemFree:          177832 kB
Buffers:           26096 kB
Cached:          1023908 kB
SwapCached:            0 kB
Active:          1256484 kB
Inactive:         706616 kB
Active(anon):     753536 kB
Inactive(anon):   204684 kB
Active(file):     502948 kB
Inactive(file):   501932 kB
Unevictable:       12768 kB
Mlocked:               0 kB
SwapTotal:        720184 kB
SwapFree:         719712 kB
Dirty:                 8 kB
Writeback:             0 kB
AnonPages:        925576 kB
Mapped:           642124 kB
Shmem:             32324 kB
Slab:             117972 kB
SReclaimable:      36028 kB
SUnreclaim:        81944 kB
KernelStack:       32720 kB
PageTables:        56016 kB
NFS_Unstable:          0 kB
Bounce:                0 kB
WritebackTmp:          0 kB
CommitLimit:     2172840 kB
Committed_AS:   92181004 kB
VmallocTotal:   251658176 kB
VmallocUsed:      136132 kB
VmallocChunk:   251425324 kB
Time pass: 166 sec

---2015-12-05 14:07:44
MemTotal:        2905316 kB
MemFree:          178248 kB
Buffers:           26096 kB
Cached:          1023912 kB
SwapCached:            0 kB
Active:          1256520 kB
Inactive:         706588 kB
Active(anon):     753568 kB
Inactive(anon):   204624 kB
Active(file):     502952 kB
Inactive(file):   501964 kB
Unevictable:       12768 kB
Mlocked:               0 kB
SwapTotal:        720184 kB
SwapFree:         719712 kB
Dirty:                 4 kB
Writeback:             0 kB
AnonPages:        925852 kB
Mapped:           642140 kB
Shmem:             32324 kB
Slab:             117892 kB
SReclaimable:      36028 kB
SUnreclaim:        81864 kB
KernelStack:       32752 kB
PageTables:        56048 kB
NFS_Unstable:          0 kB
Bounce:                0 kB
WritebackTmp:          0 kB
CommitLimit:     2172840 kB
Committed_AS:   92181040 kB
VmallocTotal:   251658176 kB
VmallocUsed:      136132 kB
VmallocChunk:   251425324 kB
Time pass: 170 sec

---2015-12-05 14:07:44
MemTotal:        2905316 kB
MemFree:          177576 kB
Buffers:           26104 kB
Cached:          1023892 kB
SwapCached:            0 kB
Active:          1257140 kB
Inactive:         706488 kB
Active(anon):     754180 kB
Inactive(anon):   204524 kB
Active(file):     502960 kB
Inactive(file):   501964 kB
Unevictable:       12768 kB
Mlocked:               0 kB
SwapTotal:        720184 kB
SwapFree:         719712 kB
Dirty:                40 kB
Writeback:             0 kB
AnonPages:        926652 kB
Mapped:           642656 kB
Shmem:             32296 kB
Slab:             117824 kB
SReclaimable:      36028 kB
SUnreclaim:        81796 kB
KernelStack:       32800 kB
PageTables:        56464 kB
NFS_Unstable:          0 kB
Bounce:                0 kB
WritebackTmp:          0 kB
CommitLimit:     2172840 kB
Committed_AS:   92909148 kB
VmallocTotal:   251658176 kB
VmallocUsed:      137152 kB
VmallocChunk:   251425324 kB
Time pass: 174 sec

---2015-12-05 14:07:44
MemTotal:        2905316 kB
MemFree:          175652 kB
Buffers:           26112 kB
Cached:          1023932 kB
SwapCached:            0 kB
Active:          1258380 kB
Inactive:         706504 kB
Active(anon):     755412 kB
Inactive(anon):   204524 kB
Active(file):     502968 kB
Inactive(file):   501980 kB
Unevictable:       12768 kB
Mlocked:               0 kB
SwapTotal:        720184 kB
SwapFree:         719712 kB
Dirty:                80 kB
Writeback:             0 kB
AnonPages:        927756 kB
Mapped:           642812 kB
Shmem:             32296 kB
Slab:             117840 kB
SReclaimable:      36044 kB
SUnreclaim:        81796 kB
KernelStack:       32864 kB
PageTables:        56552 kB
NFS_Unstable:          0 kB
Bounce:                0 kB
WritebackTmp:          0 kB
CommitLimit:     2172840 kB
Committed_AS:   92909164 kB
VmallocTotal:   251658176 kB
VmallocUsed:      137152 kB
VmallocChunk:   251425324 kB
Time pass: 178 sec

---2015-12-05 14:07:44
MemTotal:        2905316 kB
MemFree:          175256 kB
Buffers:           26120 kB
Cached:          1023936 kB
SwapCached:            0 kB
Active:          1258564 kB
Inactive:         706540 kB
Active(anon):     755588 kB
Inactive(anon):   204524 kB
Active(file):     502976 kB
Inactive(file):   502016 kB
Unevictable:       12768 kB
Mlocked:               0 kB
SwapTotal:        720184 kB
SwapFree:         719712 kB
Dirty:                28 kB
Writeback:             0 kB
AnonPages:        927800 kB
Mapped:           642880 kB
Shmem:             32296 kB
Slab:             117856 kB
SReclaimable:      36060 kB
SUnreclaim:        81796 kB
KernelStack:       32864 kB
PageTables:        56596 kB
NFS_Unstable:          0 kB
Bounce:                0 kB
WritebackTmp:          0 kB
CommitLimit:     2172840 kB
Committed_AS:   92909220 kB
VmallocTotal:   251658176 kB
VmallocUsed:      137152 kB
VmallocChunk:   251425324 kB
Time pass: 182 sec

---2015-12-05 14:07:44
MemTotal:        2905316 kB
MemFree:          175028 kB
Buffers:           26128 kB
Cached:          1023928 kB
SwapCached:            0 kB
Active:          1258704 kB
Inactive:         706540 kB
Active(anon):     755728 kB
Inactive(anon):   204524 kB
Active(file):     502976 kB
Inactive(file):   502016 kB
Unevictable:       12768 kB
Mlocked:               0 kB
SwapTotal:        720184 kB
SwapFree:         719712 kB
Dirty:                 4 kB
Writeback:             0 kB
AnonPages:        927856 kB
Mapped:           642884 kB
Shmem:             32296 kB
Slab:             117856 kB
SReclaimable:      36060 kB
SUnreclaim:        81796 kB
KernelStack:       32832 kB
PageTables:        56596 kB
NFS_Unstable:          0 kB
Bounce:                0 kB
WritebackTmp:          0 kB
CommitLimit:     2172840 kB
Committed_AS:   92909140 kB
VmallocTotal:   251658176 kB
VmallocUsed:      137152 kB
VmallocChunk:   251425324 kB
Time pass: 186 sec

---2015-12-05 14:07:44
MemTotal:        2905316 kB
MemFree:          174988 kB
Buffers:           26128 kB
Cached:          1023940 kB
SwapCached:            0 kB
Active:          1258684 kB
Inactive:         706552 kB
Active(anon):     755708 kB
Inactive(anon):   204524 kB
Active(file):     502976 kB
Inactive(file):   502028 kB
Unevictable:       12768 kB
Mlocked:               0 kB
SwapTotal:        720184 kB
SwapFree:         719712 kB
Dirty:                20 kB
Writeback:             0 kB
AnonPages:        927952 kB
Mapped:           642892 kB
Shmem:             32296 kB
Slab:             117856 kB
SReclaimable:      36060 kB
SUnreclaim:        81796 kB
KernelStack:       32816 kB
PageTables:        56596 kB
NFS_Unstable:          0 kB
Bounce:                0 kB
WritebackTmp:          0 kB
CommitLimit:     2172840 kB
Committed_AS:   92909124 kB
VmallocTotal:   251658176 kB
VmallocUsed:      137152 kB
VmallocChunk:   251425324 kB
Time pass: 190 sec

---2015-12-05 14:07:44
MemTotal:        2905316 kB
MemFree:          174880 kB
Buffers:           26136 kB
Cached:          1023940 kB
SwapCached:            0 kB
Active:          1258968 kB
Inactive:         706548 kB
Active(anon):     755988 kB
Inactive(anon):   204524 kB
Active(file):     502980 kB
Inactive(file):   502024 kB
Unevictable:       12768 kB
Mlocked:               0 kB
SwapTotal:        720184 kB
SwapFree:         719712 kB
Dirty:                20 kB
Writeback:             0 kB
AnonPages:        928108 kB
Mapped:           642896 kB
Shmem:             32296 kB
Slab:             117856 kB
SReclaimable:      36060 kB
SUnreclaim:        81796 kB
KernelStack:       32816 kB
PageTables:        56596 kB
NFS_Unstable:          0 kB
Bounce:                0 kB
WritebackTmp:          0 kB
CommitLimit:     2172840 kB
Committed_AS:   92909112 kB
VmallocTotal:   251658176 kB
VmallocUsed:      137152 kB
VmallocChunk:   251425324 kB
Time pass: 194 sec

---2015-12-05 14:07:44
MemTotal:        2905316 kB
MemFree:          174384 kB
Buffers:           26144 kB
Cached:          1023992 kB
SwapCached:            0 kB
Active:          1259080 kB
Inactive:         706616 kB
Active(anon):     756100 kB
Inactive(anon):   204584 kB
Active(file):     502980 kB
Inactive(file):   502032 kB
Unevictable:       12768 kB
Mlocked:               0 kB
SwapTotal:        720184 kB
SwapFree:         719712 kB
Dirty:                 8 kB
Writeback:             0 kB
AnonPages:        928324 kB
Mapped:           642992 kB
Shmem:             32356 kB
Slab:             117852 kB
SReclaimable:      36060 kB
SUnreclaim:        81792 kB
KernelStack:       32816 kB
PageTables:        56644 kB
NFS_Unstable:          0 kB
Bounce:                0 kB
WritebackTmp:          0 kB
CommitLimit:     2172840 kB
Committed_AS:   92935784 kB
VmallocTotal:   251658176 kB
VmallocUsed:      137152 kB
VmallocChunk:   251425324 kB
Time pass: 198 sec

---2015-12-05 14:07:44
MemTotal:        2905316 kB
MemFree:          174032 kB
Buffers:           26144 kB
Cached:          1024008 kB
SwapCached:            0 kB
Active:          1259364 kB
Inactive:         706620 kB
Active(anon):     756376 kB
Inactive(anon):   204584 kB
Active(file):     502988 kB
Inactive(file):   502036 kB
Unevictable:       12768 kB
Mlocked:               0 kB
SwapTotal:        720184 kB
SwapFree:         719712 kB
Dirty:                12 kB
Writeback:             0 kB
AnonPages:        928772 kB
Mapped:           642984 kB
Shmem:             32356 kB
Slab:             117852 kB
SReclaimable:      36060 kB
SUnreclaim:        81792 kB
KernelStack:       32864 kB
PageTables:        56644 kB
NFS_Unstable:          0 kB
Bounce:                0 kB
WritebackTmp:          0 kB
CommitLimit:     2172840 kB
Committed_AS:   92935856 kB
VmallocTotal:   251658176 kB
VmallocUsed:      137152 kB
VmallocChunk:   251425324 kB
Time pass: 202 sec

---2015-12-05 14:07:44
MemTotal:        2905316 kB
MemFree:          173968 kB
Buffers:           26152 kB
Cached:          1024012 kB
SwapCached:            0 kB
Active:          1259496 kB
Inactive:         706620 kB
Active(anon):     756500 kB
Inactive(anon):   204584 kB
Active(file):     502996 kB
Inactive(file):   502036 kB
Unevictable:       12768 kB
Mlocked:               0 kB
SwapTotal:        720184 kB
SwapFree:         719712 kB
Dirty:                 4 kB
Writeback:             0 kB
AnonPages:        928852 kB
Mapped:           642992 kB
Shmem:             32356 kB
Slab:             117852 kB
SReclaimable:      36060 kB
SUnreclaim:        81792 kB
KernelStack:       32832 kB
PageTables:        56644 kB
NFS_Unstable:          0 kB
Bounce:                0 kB
WritebackTmp:          0 kB
CommitLimit:     2172840 kB
Committed_AS:   92935832 kB
VmallocTotal:   251658176 kB
VmallocUsed:      137152 kB
VmallocChunk:   251425324 kB
Time pass: 206 sec

---2015-12-05 14:07:44
MemTotal:        2905316 kB
MemFree:          173832 kB
Buffers:           26160 kB
Cached:          1024004 kB
SwapCached:            0 kB
Active:          1259640 kB
Inactive:         706628 kB
Active(anon):     756644 kB
Inactive(anon):   204584 kB
Active(file):     502996 kB
Inactive(file):   502044 kB
Unevictable:       12768 kB
Mlocked:               0 kB
SwapTotal:        720184 kB
SwapFree:         719712 kB
Dirty:                 4 kB
Writeback:             0 kB
AnonPages:        928984 kB
Mapped:           642936 kB
Shmem:             32356 kB
Slab:             117852 kB
SReclaimable:      36060 kB
SUnreclaim:        81792 kB
KernelStack:       32832 kB
PageTables:        56616 kB
NFS_Unstable:          0 kB
Bounce:                0 kB
WritebackTmp:          0 kB
CommitLimit:     2172840 kB
Committed_AS:   92935808 kB
VmallocTotal:   251658176 kB
VmallocUsed:      137152 kB
VmallocChunk:   251425324 kB
Time pass: 210 sec

---2015-12-05 14:07:44
MemTotal:        2905316 kB
MemFree:          167400 kB
Buffers:           26168 kB
Cached:          1024408 kB
SwapCached:            0 kB
Active:          1262220 kB
Inactive:         706800 kB
Active(anon):     759068 kB
Inactive(anon):   204584 kB
Active(file):     503152 kB
Inactive(file):   502216 kB
Unevictable:       12768 kB
Mlocked:               0 kB
SwapTotal:        720184 kB
SwapFree:         719712 kB
Dirty:                24 kB
Writeback:             0 kB
AnonPages:        931272 kB
Mapped:           643012 kB
Shmem:             32356 kB
Slab:             121244 kB
SReclaimable:      39304 kB
SUnreclaim:        81940 kB
KernelStack:       32864 kB
PageTables:        56744 kB
NFS_Unstable:          0 kB
Bounce:                0 kB
WritebackTmp:          0 kB
CommitLimit:     2172840 kB
Committed_AS:   92947424 kB
VmallocTotal:   251658176 kB
VmallocUsed:      138172 kB
VmallocChunk:   251425324 kB
Time pass: 214 sec

---2015-12-05 14:07:44
MemTotal:        2905316 kB
MemFree:          166840 kB
Buffers:           26176 kB
Cached:          1024708 kB
SwapCached:            0 kB
Active:          1261624 kB
Inactive:         707108 kB
Active(anon):     758460 kB
Inactive(anon):   204584 kB
Active(file):     503164 kB
Inactive(file):   502524 kB
Unevictable:       12768 kB
Mlocked:               0 kB
SwapTotal:        720184 kB
SwapFree:         719712 kB
Dirty:                36 kB
Writeback:             0 kB
AnonPages:        930660 kB
Mapped:           643168 kB
Shmem:             32356 kB
Slab:             121872 kB
SReclaimable:      39800 kB
SUnreclaim:        82072 kB
KernelStack:       32928 kB
PageTables:        56704 kB
NFS_Unstable:          0 kB
Bounce:                0 kB
WritebackTmp:          0 kB
CommitLimit:     2172840 kB
Committed_AS:   92941792 kB
VmallocTotal:   251658176 kB
VmallocUsed:      137152 kB
VmallocChunk:   251425324 kB
Time pass: 218 sec

---2015-12-05 14:07:44
MemTotal:        2905316 kB
MemFree:          168296 kB
Buffers:           26188 kB
Cached:          1024736 kB
SwapCached:            0 kB
Active:          1260556 kB
Inactive:         707176 kB
Active(anon):     757364 kB
Inactive(anon):   204568 kB
Active(file):     503192 kB
Inactive(file):   502608 kB
Unevictable:       12768 kB
Mlocked:               0 kB
SwapTotal:        720184 kB
SwapFree:         719712 kB
Dirty:                28 kB
Writeback:             0 kB
AnonPages:        929440 kB
Mapped:           643240 kB
Shmem:             32356 kB
Slab:             122040 kB
SReclaimable:      39820 kB
SUnreclaim:        82220 kB
KernelStack:       32832 kB
PageTables:        56648 kB
NFS_Unstable:          0 kB
Bounce:                0 kB
WritebackTmp:          0 kB
CommitLimit:     2172840 kB
Committed_AS:   92935832 kB
VmallocTotal:   251658176 kB
VmallocUsed:      137152 kB
VmallocChunk:   251425324 kB
Time pass: 222 sec

---2015-12-05 14:07:44
MemTotal:        2905316 kB
MemFree:          168472 kB
Buffers:           26196 kB
Cached:          1024732 kB
SwapCached:            0 kB
Active:          1260572 kB
Inactive:         707172 kB
Active(anon):     757372 kB
Inactive(anon):   204568 kB
Active(file):     503200 kB
Inactive(file):   502604 kB
Unevictable:       12768 kB
Mlocked:               0 kB
SwapTotal:        720184 kB
SwapFree:         719712 kB
Dirty:                16 kB
Writeback:            28 kB
AnonPages:        929588 kB
Mapped:           643300 kB
Shmem:             32356 kB
Slab:             121892 kB
SReclaimable:      39820 kB
SUnreclaim:        82072 kB
KernelStack:       32768 kB
PageTables:        56652 kB
NFS_Unstable:          0 kB
Bounce:                0 kB
WritebackTmp:          0 kB
CommitLimit:     2172840 kB
Committed_AS:   92935868 kB
VmallocTotal:   251658176 kB
VmallocUsed:      137152 kB
VmallocChunk:   251425324 kB
Time pass: 225 sec

---2015-12-05 14:07:44
MemTotal:        2905316 kB
MemFree:          167740 kB
Buffers:           26196 kB
Cached:          1024800 kB
SwapCached:            0 kB
Active:          1261076 kB
Inactive:         707240 kB
Active(anon):     757876 kB
Inactive(anon):   204628 kB
Active(file):     503200 kB
Inactive(file):   502612 kB
Unevictable:       12768 kB
Mlocked:               0 kB
SwapTotal:        720184 kB
SwapFree:         719712 kB
Dirty:                28 kB
Writeback:             0 kB
AnonPages:        930016 kB
Mapped:           643368 kB
Shmem:             32416 kB
Slab:             121892 kB
SReclaimable:      39820 kB
SUnreclaim:        82072 kB
KernelStack:       32768 kB
PageTables:        56700 kB
NFS_Unstable:          0 kB
Bounce:                0 kB
WritebackTmp:          0 kB
CommitLimit:     2172840 kB
Committed_AS:   92962480 kB
VmallocTotal:   251658176 kB
VmallocUsed:      137152 kB
VmallocChunk:   251425324 kB
Time pass: 229 sec

---2015-12-05 14:07:44
MemTotal:        2905316 kB
MemFree:          167492 kB
Buffers:           26204 kB
Cached:          1024804 kB
SwapCached:            0 kB
Active:          1261300 kB
Inactive:         707248 kB
Active(anon):     758096 kB
Inactive(anon):   204628 kB
Active(file):     503204 kB
Inactive(file):   502620 kB
Unevictable:       12768 kB
Mlocked:               0 kB
SwapTotal:        720184 kB
SwapFree:         719712 kB
Dirty:                 8 kB
Writeback:             0 kB
AnonPages:        930184 kB
Mapped:           643416 kB
Shmem:             32416 kB
Slab:             121892 kB
SReclaimable:      39820 kB
SUnreclaim:        82072 kB
KernelStack:       32768 kB
PageTables:        56700 kB
NFS_Unstable:          0 kB
Bounce:                0 kB
WritebackTmp:          0 kB
CommitLimit:     2172840 kB
Committed_AS:   92962480 kB
VmallocTotal:   251658176 kB
VmallocUsed:      137152 kB
VmallocChunk:   251425324 kB
Time pass: 233 sec

---2015-12-05 14:07:44
MemTotal:        2905316 kB
MemFree:          167492 kB
Buffers:           26212 kB
Cached:          1024808 kB
SwapCached:            0 kB
Active:          1261404 kB
Inactive:         707256 kB
Active(anon):     758200 kB
Inactive(anon):   204628 kB
Active(file):     503204 kB
Inactive(file):   502628 kB
Unevictable:       12768 kB
Mlocked:               0 kB
SwapTotal:        720184 kB
SwapFree:         719712 kB
Dirty:                24 kB
Writeback:             0 kB
AnonPages:        930312 kB
Mapped:           643424 kB
Shmem:             32416 kB
Slab:             121896 kB
SReclaimable:      39824 kB
SUnreclaim:        82072 kB
KernelStack:       32768 kB
PageTables:        56700 kB
NFS_Unstable:          0 kB
Bounce:                0 kB
WritebackTmp:          0 kB
CommitLimit:     2172840 kB
Committed_AS:   92962444 kB
VmallocTotal:   251658176 kB
VmallocUsed:      137152 kB
VmallocChunk:   251425324 kB
Time pass: 237 sec

---2015-12-05 14:07:44
MemTotal:        2905316 kB
MemFree:          167356 kB
Buffers:           26220 kB
Cached:          1024808 kB
SwapCached:            0 kB
Active:          1261584 kB
Inactive:         707256 kB
Active(anon):     758376 kB
Inactive(anon):   204628 kB
Active(file):     503208 kB
Inactive(file):   502628 kB
Unevictable:       12768 kB
Mlocked:               0 kB
SwapTotal:        720184 kB
SwapFree:         719712 kB
Dirty:                16 kB
Writeback:             0 kB
AnonPages:        930484 kB
Mapped:           643444 kB
Shmem:             32416 kB
Slab:             121896 kB
SReclaimable:      39824 kB
SUnreclaim:        82072 kB
KernelStack:       32752 kB
PageTables:        56700 kB
NFS_Unstable:          0 kB
Bounce:                0 kB
WritebackTmp:          0 kB
CommitLimit:     2172840 kB
Committed_AS:   92962492 kB
VmallocTotal:   251658176 kB
VmallocUsed:      137152 kB
VmallocChunk:   251425324 kB
Time pass: 241 sec

---2015-12-05 14:07:44
MemTotal:        2905316 kB
MemFree:          166440 kB
Buffers:           26236 kB
Cached:          1024844 kB
SwapCached:            0 kB
Active:          1262300 kB
Inactive:         707304 kB
Active(anon):     759092 kB
Inactive(anon):   204628 kB
Active(file):     503208 kB
Inactive(file):   502676 kB
Unevictable:       12768 kB
Mlocked:               0 kB
SwapTotal:        720184 kB
SwapFree:         719712 kB
Dirty:               104 kB
Writeback:             0 kB
AnonPages:        931028 kB
Mapped:           643448 kB
Shmem:             32416 kB
Slab:             121900 kB
SReclaimable:      39828 kB
SUnreclaim:        82072 kB
KernelStack:       32768 kB
PageTables:        56696 kB
NFS_Unstable:          0 kB
Bounce:                0 kB
WritebackTmp:          0 kB
CommitLimit:     2172840 kB
Committed_AS:   92962504 kB
VmallocTotal:   251658176 kB
VmallocUsed:      137152 kB
VmallocChunk:   251425324 kB
Time pass: 245 sec

---2015-12-05 14:07:44
MemTotal:        2905316 kB
MemFree:          166620 kB
Buffers:           26244 kB
Cached:          1024848 kB
SwapCached:            0 kB
Active:          1262260 kB
Inactive:         707320 kB
Active(anon):     759044 kB
Inactive(anon):   204628 kB
Active(file):     503216 kB
Inactive(file):   502692 kB
Unevictable:       12768 kB
Mlocked:               0 kB
SwapTotal:        720184 kB
SwapFree:         719712 kB
Dirty:                72 kB
Writeback:             0 kB
AnonPages:        931140 kB
Mapped:           643452 kB
Shmem:             32416 kB
Slab:             121900 kB
SReclaimable:      39828 kB
SUnreclaim:        82072 kB
KernelStack:       32768 kB
PageTables:        56700 kB
NFS_Unstable:          0 kB
Bounce:                0 kB
WritebackTmp:          0 kB
CommitLimit:     2172840 kB
Committed_AS:   92962456 kB
VmallocTotal:   251658176 kB
VmallocUsed:      137152 kB
VmallocChunk:   251425324 kB
Time pass: 249 sec

---2015-12-05 14:07:44
MemTotal:        2905316 kB
MemFree:          166712 kB
Buffers:           26252 kB
Cached:          1024856 kB
SwapCached:            0 kB
Active:          1262136 kB
Inactive:         707324 kB
Active(anon):     758920 kB
Inactive(anon):   204628 kB
Active(file):     503216 kB
Inactive(file):   502696 kB
Unevictable:       12768 kB
Mlocked:               0 kB
SwapTotal:        720184 kB
SwapFree:         719712 kB
Dirty:                20 kB
Writeback:             0 kB
AnonPages:        931256 kB
Mapped:           643400 kB
Shmem:             32416 kB
Slab:             121900 kB
SReclaimable:      39828 kB
SUnreclaim:        82072 kB
KernelStack:       32704 kB
PageTables:        56676 kB
NFS_Unstable:          0 kB
Bounce:                0 kB
WritebackTmp:          0 kB
CommitLimit:     2172840 kB
Committed_AS:   92962504 kB
VmallocTotal:   251658176 kB
VmallocUsed:      137152 kB
VmallocChunk:   251425324 kB
Time pass: 253 sec

---2015-12-05 14:07:44
MemTotal:        2905316 kB
MemFree:          165876 kB
Buffers:           26252 kB
Cached:          1024916 kB
SwapCached:            0 kB
Active:          1262720 kB
Inactive:         707388 kB
Active(anon):     759496 kB
Inactive(anon):   204688 kB
Active(file):     503224 kB
Inactive(file):   502700 kB
Unevictable:       12768 kB
Mlocked:               0 kB
SwapTotal:        720184 kB
SwapFree:         719712 kB
Dirty:                 4 kB
Writeback:             0 kB
AnonPages:        931724 kB
Mapped:           643464 kB
Shmem:             32476 kB
Slab:             121900 kB
SReclaimable:      39828 kB
SUnreclaim:        82072 kB
KernelStack:       32704 kB
PageTables:        56728 kB
NFS_Unstable:          0 kB
Bounce:                0 kB
WritebackTmp:          0 kB
CommitLimit:     2172840 kB
Committed_AS:   92989116 kB
VmallocTotal:   251658176 kB
VmallocUsed:      137152 kB
VmallocChunk:   251425324 kB
Time pass: 257 sec

---2015-12-05 14:07:44
MemTotal:        2905316 kB
MemFree:          165528 kB
Buffers:           26260 kB
Cached:          1024920 kB
SwapCached:            0 kB
Active:          1262768 kB
Inactive:         707396 kB
Active(anon):     759544 kB
Inactive(anon):   204688 kB
Active(file):     503224 kB
Inactive(file):   502708 kB
Unevictable:       12768 kB
Mlocked:               0 kB
SwapTotal:        720184 kB
SwapFree:         719712 kB
Dirty:                32 kB
Writeback:             0 kB
AnonPages:        931912 kB
Mapped:           643472 kB
Shmem:             32476 kB
Slab:             121904 kB
SReclaimable:      39832 kB
SUnreclaim:        82072 kB
KernelStack:       32736 kB
PageTables:        56720 kB
NFS_Unstable:          0 kB
Bounce:                0 kB
WritebackTmp:          0 kB
CommitLimit:     2172840 kB
Committed_AS:   92989116 kB
VmallocTotal:   251658176 kB
VmallocUsed:      137152 kB
VmallocChunk:   251425324 kB
Time pass: 261 sec

---2015-12-05 14:07:44
MemTotal:        2905316 kB
MemFree:          165824 kB
Buffers:           26268 kB
Cached:          1024920 kB
SwapCached:            0 kB
Active:          1262884 kB
Inactive:         707396 kB
Active(anon):     759656 kB
Inactive(anon):   204688 kB
Active(file):     503228 kB
Inactive(file):   502708 kB
Unevictable:       12768 kB
Mlocked:               0 kB
SwapTotal:        720184 kB
SwapFree:         719712 kB
Dirty:                16 kB
Writeback:             0 kB
AnonPages:        931916 kB
Mapped:           643476 kB
Shmem:             32476 kB
Slab:             121904 kB
SReclaimable:      39832 kB
SUnreclaim:        82072 kB
KernelStack:       32688 kB
PageTables:        56728 kB
NFS_Unstable:          0 kB
Bounce:                0 kB
WritebackTmp:          0 kB
CommitLimit:     2172840 kB
Committed_AS:   92989032 kB
VmallocTotal:   251658176 kB
VmallocUsed:      137152 kB
VmallocChunk:   251425324 kB
Time pass: 265 sec

---2015-12-05 14:07:44
MemTotal:        2905316 kB
MemFree:          165620 kB
Buffers:           26276 kB
Cached:          1024916 kB
SwapCached:            0 kB
Active:          1263000 kB
Inactive:         707404 kB
Active(anon):     759772 kB
Inactive(anon):   204688 kB
Active(file):     503228 kB
Inactive(file):   502716 kB
Unevictable:       12768 kB
Mlocked:               0 kB
SwapTotal:        720184 kB
SwapFree:         719712 kB
Dirty:                 8 kB
Writeback:             0 kB
AnonPages:        932012 kB
Mapped:           643488 kB
Shmem:             32476 kB
Slab:             121904 kB
SReclaimable:      39832 kB
SUnreclaim:        82072 kB
KernelStack:       32688 kB
PageTables:        56720 kB
NFS_Unstable:          0 kB
Bounce:                0 kB
WritebackTmp:          0 kB
CommitLimit:     2172840 kB
Committed_AS:   92989008 kB
VmallocTotal:   251658176 kB
VmallocUsed:      137152 kB
VmallocChunk:   251425324 kB
Time pass: 269 sec

---2015-12-05 14:07:44
MemTotal:        2905316 kB
MemFree:          165240 kB
Buffers:           26276 kB
Cached:          1024924 kB
SwapCached:            0 kB
Active:          1263088 kB
Inactive:         707408 kB
Active(anon):     759852 kB
Inactive(anon):   204688 kB
Active(file):     503236 kB
Inactive(file):   502720 kB
Unevictable:       12768 kB
Mlocked:               0 kB
SwapTotal:        720184 kB
SwapFree:         719712 kB
Dirty:                 4 kB
Writeback:             0 kB
AnonPages:        932428 kB
Mapped:           643508 kB
Shmem:             32476 kB
Slab:             121908 kB
SReclaimable:      39836 kB
SUnreclaim:        82072 kB
KernelStack:       32688 kB
PageTables:        56724 kB
NFS_Unstable:          0 kB
Bounce:                0 kB
WritebackTmp:          0 kB
CommitLimit:     2172840 kB
Committed_AS:   92989020 kB
VmallocTotal:   251658176 kB
VmallocUsed:      137152 kB
VmallocChunk:   251425324 kB
Time pass: 272 sec

---2015-12-05 14:07:44
MemTotal:        2905316 kB
MemFree:          165064 kB
Buffers:           26292 kB
Cached:          1024928 kB
SwapCached:            0 kB
Active:          1263420 kB
Inactive:         707416 kB
Active(anon):     760180 kB
Inactive(anon):   204688 kB
Active(file):     503240 kB
Inactive(file):   502728 kB
Unevictable:       12768 kB
Mlocked:               0 kB
SwapTotal:        720184 kB
SwapFree:         719712 kB
Dirty:                32 kB
Writeback:             0 kB
AnonPages:        932344 kB
Mapped:           643520 kB
Shmem:             32476 kB
Slab:             121900 kB
SReclaimable:      39836 kB
SUnreclaim:        82064 kB
KernelStack:       32640 kB
PageTables:        56724 kB
NFS_Unstable:          0 kB
Bounce:                0 kB
WritebackTmp:          0 kB
CommitLimit:     2172840 kB
Committed_AS:   92989044 kB
VmallocTotal:   251658176 kB
VmallocUsed:      137152 kB
VmallocChunk:   251425324 kB
Time pass: 276 sec

---2015-12-05 14:07:44
MemTotal:        2905316 kB
MemFree:          165000 kB
Buffers:           26292 kB
Cached:          1024932 kB
SwapCached:            0 kB
Active:          1263312 kB
Inactive:         707428 kB
Active(anon):     760072 kB
Inactive(anon):   204688 kB
Active(file):     503240 kB
Inactive(file):   502740 kB
Unevictable:       12768 kB
Mlocked:               0 kB
SwapTotal:        720184 kB
SwapFree:         719712 kB
Dirty:                32 kB
Writeback:             0 kB
AnonPages:        932436 kB
Mapped:           643524 kB
Shmem:             32476 kB
Slab:             121900 kB
SReclaimable:      39836 kB
SUnreclaim:        82064 kB
KernelStack:       32640 kB
PageTables:        56720 kB
NFS_Unstable:          0 kB
Bounce:                0 kB
WritebackTmp:          0 kB
CommitLimit:     2172840 kB
Committed_AS:   92989024 kB
VmallocTotal:   251658176 kB
VmallocUsed:      137152 kB
VmallocChunk:   251425324 kB
Time pass: 280 sec

---2015-12-05 14:07:44
MemTotal:        2905316 kB
MemFree:          165164 kB
Buffers:           26300 kB
Cached:          1024936 kB
SwapCached:            0 kB
Active:          1263636 kB
Inactive:         707436 kB
Active(anon):     760396 kB
Inactive(anon):   204688 kB
Active(file):     503240 kB
Inactive(file):   502748 kB
Unevictable:       12768 kB
Mlocked:               0 kB
SwapTotal:        720184 kB
SwapFree:         719712 kB
Dirty:                12 kB
Writeback:             0 kB
AnonPages:        932688 kB
Mapped:           643536 kB
Shmem:             32476 kB
Slab:             121900 kB
SReclaimable:      39836 kB
SUnreclaim:        82064 kB
KernelStack:       32640 kB
PageTables:        56724 kB
NFS_Unstable:          0 kB
Bounce:                0 kB
WritebackTmp:          0 kB
CommitLimit:     2172840 kB
Committed_AS:   92988984 kB
VmallocTotal:   251658176 kB
VmallocUsed:      137152 kB
VmallocChunk:   251425324 kB
Time pass: 284 sec

---2015-12-05 14:07:44
MemTotal:        2905316 kB
MemFree:          164724 kB
Buffers:           26308 kB
Cached:          1025000 kB
SwapCached:            0 kB
Active:          1264132 kB
Inactive:         707496 kB
Active(anon):     760888 kB
Inactive(anon):   204748 kB
Active(file):     503244 kB
Inactive(file):   502748 kB
Unevictable:       12768 kB
Mlocked:               0 kB
SwapTotal:        720184 kB
SwapFree:         719712 kB
Dirty:                28 kB
Writeback:             0 kB
AnonPages:        933080 kB
Mapped:           643604 kB
Shmem:             32536 kB
Slab:             121912 kB
SReclaimable:      39836 kB
SUnreclaim:        82076 kB
KernelStack:       32608 kB
PageTables:        56776 kB
NFS_Unstable:          0 kB
Bounce:                0 kB
WritebackTmp:          0 kB
CommitLimit:     2172840 kB
Committed_AS:   93015596 kB
VmallocTotal:   251658176 kB
VmallocUsed:      137152 kB
VmallocChunk:   251425324 kB
Time pass: 288 sec

---2015-12-05 14:07:44
MemTotal:        2905316 kB
MemFree:          164868 kB
Buffers:           26308 kB
Cached:          1025000 kB
SwapCached:            0 kB
Active:          1264364 kB
Inactive:         707504 kB
Active(anon):     761116 kB
Inactive(anon):   204748 kB
Active(file):     503248 kB
Inactive(file):   502756 kB
Unevictable:       12768 kB
Mlocked:               0 kB
SwapTotal:        720184 kB
SwapFree:         719712 kB
Dirty:                 8 kB
Writeback:             0 kB
AnonPages:        933316 kB
Mapped:           643644 kB
Shmem:             32536 kB
Slab:             121912 kB
SReclaimable:      39836 kB
SUnreclaim:        82076 kB
KernelStack:       32576 kB
PageTables:        56776 kB
NFS_Unstable:          0 kB
Bounce:                0 kB
WritebackTmp:          0 kB
CommitLimit:     2172840 kB
Committed_AS:   93015596 kB
VmallocTotal:   251658176 kB
VmallocUsed:      137152 kB
VmallocChunk:   251425324 kB
Time pass: 292 sec

---2015-12-05 14:07:44
MemTotal:        2905316 kB
MemFree:          164500 kB
Buffers:           26316 kB
Cached:          1025004 kB
SwapCached:            0 kB
Active:          1264724 kB
Inactive:         707504 kB
Active(anon):     761476 kB
Inactive(anon):   204748 kB
Active(file):     503248 kB
Inactive(file):   502756 kB
Unevictable:       12768 kB
Mlocked:               0 kB
SwapTotal:        720184 kB
SwapFree:         719712 kB
Dirty:                24 kB
Writeback:             0 kB
AnonPages:        933812 kB
Mapped:           643656 kB
Shmem:             32536 kB
Slab:             121912 kB
SReclaimable:      39836 kB
SUnreclaim:        82076 kB
KernelStack:       32576 kB
PageTables:        56772 kB
NFS_Unstable:          0 kB
Bounce:                0 kB
WritebackTmp:          0 kB
CommitLimit:     2172840 kB
Committed_AS:   93015696 kB
VmallocTotal:   251658176 kB
VmallocUsed:      137152 kB
VmallocChunk:   251425324 kB
Time pass: 296 sec

---2015-12-05 14:07:44
MemTotal:        2905316 kB
MemFree:          164000 kB
Buffers:           26324 kB
Cached:          1025020 kB
SwapCached:            0 kB
Active:          1264944 kB
Inactive:         707536 kB
Active(anon):     761692 kB
Inactive(anon):   204748 kB
Active(file):     503252 kB
Inactive(file):   502788 kB
Unevictable:       12768 kB
Mlocked:               0 kB
SwapTotal:        720184 kB
SwapFree:         719712 kB
Dirty:                 4 kB
Writeback:             0 kB
AnonPages:        933760 kB
Mapped:           643664 kB
Shmem:             32536 kB
Slab:             121912 kB
SReclaimable:      39836 kB
SUnreclaim:        82076 kB
KernelStack:       32640 kB
PageTables:        56776 kB
NFS_Unstable:          0 kB
Bounce:                0 kB
WritebackTmp:          0 kB
CommitLimit:     2172840 kB
Committed_AS:   93015688 kB
VmallocTotal:   251658176 kB
VmallocUsed:      137152 kB
VmallocChunk:   251425324 kB
Time pass: 300 sec

---2015-12-05 14:07:44
MemTotal:        2905316 kB
MemFree:          163744 kB
Buffers:           26324 kB
Cached:          1025032 kB
SwapCached:            0 kB
Active:          1264924 kB
Inactive:         707548 kB
Active(anon):     761672 kB
Inactive(anon):   204748 kB
Active(file):     503252 kB
Inactive(file):   502800 kB
Unevictable:       12768 kB
Mlocked:               0 kB
SwapTotal:        720184 kB
SwapFree:         719712 kB
Dirty:                 8 kB
Writeback:             0 kB
AnonPages:        933880 kB
Mapped:           643672 kB
Shmem:             32536 kB
Slab:             121916 kB
SReclaimable:      39836 kB
SUnreclaim:        82080 kB
KernelStack:       32640 kB
PageTables:        56772 kB
NFS_Unstable:          0 kB
Bounce:                0 kB
WritebackTmp:          0 kB
CommitLimit:     2172840 kB
Committed_AS:   93015684 kB
VmallocTotal:   251658176 kB
VmallocUsed:      137152 kB
VmallocChunk:   251425324 kB
Time pass: 303 sec

---2015-12-05 14:07:44
MemTotal:        2905316 kB
MemFree:          163948 kB
Buffers:           26332 kB
Cached:          1025032 kB
SwapCached:            0 kB
Active:          1265076 kB
Inactive:         707552 kB
Active(anon):     761820 kB
Inactive(anon):   204748 kB
Active(file):     503256 kB
Inactive(file):   502804 kB
Unevictable:       12768 kB
Mlocked:               0 kB
SwapTotal:        720184 kB
SwapFree:         719712 kB
Dirty:                 4 kB
Writeback:             0 kB
AnonPages:        934004 kB
Mapped:           643684 kB
Shmem:             32536 kB
Slab:             121916 kB
SReclaimable:      39836 kB
SUnreclaim:        82080 kB
KernelStack:       32608 kB
PageTables:        56776 kB
NFS_Unstable:          0 kB
Bounce:                0 kB
WritebackTmp:          0 kB
CommitLimit:     2172840 kB
Committed_AS:   93015648 kB
VmallocTotal:   251658176 kB
VmallocUsed:      137152 kB
VmallocChunk:   251425324 kB
Time pass: 307 sec

---2015-12-05 14:07:44
MemTotal:        2905316 kB
MemFree:          163520 kB
Buffers:           26340 kB
Cached:          1025040 kB
SwapCached:            0 kB
Active:          1265288 kB
Inactive:         707564 kB
Active(anon):     762032 kB
Inactive(anon):   204748 kB
Active(file):     503256 kB
Inactive(file):   502816 kB
Unevictable:       12768 kB
Mlocked:               0 kB
SwapTotal:        720184 kB
SwapFree:         719712 kB
Dirty:                28 kB
Writeback:             0 kB
AnonPages:        934224 kB
Mapped:           643692 kB
Shmem:             32536 kB
Slab:             121916 kB
SReclaimable:      39836 kB
SUnreclaim:        82080 kB
KernelStack:       32624 kB
PageTables:        56776 kB
NFS_Unstable:          0 kB
Bounce:                0 kB
WritebackTmp:          0 kB
CommitLimit:     2172840 kB
Committed_AS:   93015672 kB
VmallocTotal:   251658176 kB
VmallocUsed:      137152 kB
VmallocChunk:   251425324 kB
Time pass: 311 sec

---2015-12-05 14:07:44
MemTotal:        2905316 kB
MemFree:          163816 kB
Buffers:           26340 kB
Cached:          1025040 kB
SwapCached:            0 kB
Active:          1265340 kB
Inactive:         707560 kB
Active(anon):     762076 kB
Inactive(anon):   204748 kB
Active(file):     503264 kB
Inactive(file):   502812 kB
Unevictable:       12768 kB
Mlocked:               0 kB
SwapTotal:        720184 kB
SwapFree:         719712 kB
Dirty:                28 kB
Writeback:             0 kB
AnonPages:        934336 kB
Mapped:           643696 kB
Shmem:             32536 kB
Slab:             121916 kB
SReclaimable:      39836 kB
SUnreclaim:        82080 kB
KernelStack:       32608 kB
PageTables:        56776 kB
NFS_Unstable:          0 kB
Bounce:                0 kB
WritebackTmp:          0 kB
CommitLimit:     2172840 kB
Committed_AS:   93015672 kB
VmallocTotal:   251658176 kB
VmallocUsed:      137152 kB
VmallocChunk:   251425324 kB
Time pass: 315 sec

---2015-12-05 14:07:44
MemTotal:        2905316 kB
MemFree:          163348 kB
Buffers:           26348 kB
Cached:          1025112 kB
SwapCached:            0 kB
Active:          1265820 kB
Inactive:         707632 kB
Active(anon):     762552 kB
Inactive(anon):   204808 kB
Active(file):     503268 kB
Inactive(file):   502824 kB
Unevictable:       12768 kB
Mlocked:               0 kB
SwapTotal:        720184 kB
SwapFree:         719712 kB
Dirty:                28 kB
Writeback:             0 kB
AnonPages:        934896 kB
Mapped:           643768 kB
Shmem:             32596 kB
Slab:             121844 kB
SReclaimable:      39756 kB
SUnreclaim:        82088 kB
KernelStack:       32560 kB
PageTables:        56828 kB
NFS_Unstable:          0 kB
Bounce:                0 kB
WritebackTmp:          0 kB
CommitLimit:     2172840 kB
Committed_AS:   93042212 kB
VmallocTotal:   251658176 kB
VmallocUsed:      137152 kB
VmallocChunk:   251425324 kB
Time pass: 319 sec

---2015-12-05 14:07:44
MemTotal:        2905316 kB
MemFree:          162572 kB
Buffers:           26356 kB
Cached:          1025116 kB
SwapCached:            0 kB
Active:          1266168 kB
Inactive:         707636 kB
Active(anon):     762892 kB
Inactive(anon):   204808 kB
Active(file):     503276 kB
Inactive(file):   502828 kB
Unevictable:       12768 kB
Mlocked:               0 kB
SwapTotal:        720184 kB
SwapFree:         719712 kB
Dirty:                32 kB
Writeback:             0 kB
AnonPages:        935112 kB
Mapped:           643780 kB
Shmem:             32596 kB
Slab:             121848 kB
SReclaimable:      39756 kB
SUnreclaim:        82092 kB
KernelStack:       32560 kB
PageTables:        56856 kB
NFS_Unstable:          0 kB
Bounce:                0 kB
WritebackTmp:          0 kB
CommitLimit:     2172840 kB
Committed_AS:   93042224 kB
VmallocTotal:   251658176 kB
VmallocUsed:      137152 kB
VmallocChunk:   251425324 kB
Time pass: 323 sec

---2015-12-05 14:07:44
MemTotal:        2905316 kB
MemFree:          162136 kB
Buffers:           26364 kB
Cached:          1025120 kB
SwapCached:            0 kB
Active:          1266204 kB
Inactive:         707640 kB
Active(anon):     762928 kB
Inactive(anon):   204808 kB
Active(file):     503276 kB
Inactive(file):   502832 kB
Unevictable:       12768 kB
Mlocked:               0 kB
SwapTotal:        720184 kB
SwapFree:         719712 kB
Dirty:                12 kB
Writeback:             0 kB
AnonPages:        935184 kB
Mapped:           643788 kB
Shmem:             32596 kB
Slab:             121848 kB
SReclaimable:      39756 kB
SUnreclaim:        82092 kB
KernelStack:       32592 kB
PageTables:        56824 kB
NFS_Unstable:          0 kB
Bounce:                0 kB
WritebackTmp:          0 kB
CommitLimit:     2172840 kB
Committed_AS:   93042200 kB
VmallocTotal:   251658176 kB
VmallocUsed:      137152 kB
VmallocChunk:   251425324 kB
Time pass: 327 sec

---2015-12-05 14:07:44
MemTotal:        2905316 kB
MemFree:          162008 kB
Buffers:           26372 kB
Cached:          1025112 kB
SwapCached:            0 kB
Active:          1266500 kB
Inactive:         707648 kB
Active(anon):     763220 kB
Inactive(anon):   204808 kB
Active(file):     503280 kB
Inactive(file):   502840 kB
Unevictable:       12768 kB
Mlocked:               0 kB
SwapTotal:        720184 kB
SwapFree:         719712 kB
Dirty:                12 kB
Writeback:             0 kB
AnonPages:        935540 kB
Mapped:           643796 kB
Shmem:             32596 kB
Slab:             121848 kB
SReclaimable:      39756 kB
SUnreclaim:        82092 kB
KernelStack:       32560 kB
PageTables:        56828 kB
NFS_Unstable:          0 kB
Bounce:                0 kB
WritebackTmp:          0 kB
CommitLimit:     2172840 kB
Committed_AS:   93042212 kB
VmallocTotal:   251658176 kB
VmallocUsed:      137152 kB
VmallocChunk:   251425324 kB
Time pass: 331 sec

---2015-12-05 14:07:44
MemTotal:        2905316 kB
MemFree:          161860 kB
Buffers:           26372 kB
Cached:          1025128 kB
SwapCached:            0 kB
Active:          1266512 kB
Inactive:         707660 kB
Active(anon):     763232 kB
Inactive(anon):   204808 kB
Active(file):     503280 kB
Inactive(file):   502852 kB
Unevictable:       12768 kB
Mlocked:               0 kB
SwapTotal:        720184 kB
SwapFree:         719712 kB
Dirty:                 8 kB
Writeback:             0 kB
AnonPages:        935492 kB
Mapped:           643812 kB
Shmem:             32596 kB
Slab:             121848 kB
SReclaimable:      39756 kB
SUnreclaim:        82092 kB
KernelStack:       32560 kB
PageTables:        56828 kB
NFS_Unstable:          0 kB
Bounce:                0 kB
WritebackTmp:          0 kB
CommitLimit:     2172840 kB
Committed_AS:   93042200 kB
VmallocTotal:   251658176 kB
VmallocUsed:      137152 kB
VmallocChunk:   251425324 kB
Time pass: 334 sec

---2015-12-05 14:07:44
MemTotal:        2905316 kB
MemFree:          161844 kB
Buffers:           26380 kB
Cached:          1025128 kB
SwapCached:            0 kB
Active:          1266692 kB
Inactive:         707668 kB
Active(anon):     763408 kB
Inactive(anon):   204808 kB
Active(file):     503284 kB
Inactive(file):   502860 kB
Unevictable:       12768 kB
Mlocked:               0 kB
SwapTotal:        720184 kB
SwapFree:         719712 kB
Dirty:                20 kB
Writeback:             0 kB
AnonPages:        935584 kB
Mapped:           643816 kB
Shmem:             32596 kB
Slab:             121848 kB
SReclaimable:      39756 kB
SUnreclaim:        82092 kB
KernelStack:       32560 kB
PageTables:        56824 kB
NFS_Unstable:          0 kB
Bounce:                0 kB
WritebackTmp:          0 kB
CommitLimit:     2172840 kB
Committed_AS:   93042224 kB
VmallocTotal:   251658176 kB
VmallocUsed:      137152 kB
VmallocChunk:   251425324 kB
Time pass: 338 sec

---2015-12-05 14:07:44
MemTotal:        2905316 kB
MemFree:          161544 kB
Buffers:           26388 kB
Cached:          1025128 kB
SwapCached:            0 kB
Active:          1266772 kB
Inactive:         707676 kB
Active(anon):     763488 kB
Inactive(anon):   204808 kB
Active(file):     503284 kB
Inactive(file):   502868 kB
Unevictable:       12768 kB
Mlocked:               0 kB
SwapTotal:        720184 kB
SwapFree:         719712 kB
Dirty:                 8 kB
Writeback:             0 kB
AnonPages:        935664 kB
Mapped:           643824 kB
Shmem:             32596 kB
Slab:             121848 kB
SReclaimable:      39756 kB
SUnreclaim:        82092 kB
KernelStack:       32560 kB
PageTables:        56828 kB
NFS_Unstable:          0 kB
Bounce:                0 kB
WritebackTmp:          0 kB
CommitLimit:     2172840 kB
Committed_AS:   93042212 kB
VmallocTotal:   251658176 kB
VmallocUsed:      137152 kB
VmallocChunk:   251425324 kB
Time pass: 342 sec

---2015-12-05 14:07:44
MemTotal:        2905316 kB
MemFree:          161512 kB
Buffers:           26396 kB
Cached:          1025128 kB
SwapCached:            0 kB
Active:          1266912 kB
Inactive:         707676 kB
Active(anon):     763628 kB
Inactive(anon):   204808 kB
Active(file):     503284 kB
Inactive(file):   502868 kB
Unevictable:       12768 kB
Mlocked:               0 kB
SwapTotal:        720184 kB
SwapFree:         719712 kB
Dirty:                12 kB
Writeback:             0 kB
AnonPages:        935748 kB
Mapped:           643824 kB
Shmem:             32596 kB
Slab:             121848 kB
SReclaimable:      39756 kB
SUnreclaim:        82092 kB
KernelStack:       32576 kB
PageTables:        56828 kB
NFS_Unstable:          0 kB
Bounce:                0 kB
WritebackTmp:          0 kB
CommitLimit:     2172840 kB
Committed_AS:   93042200 kB
VmallocTotal:   251658176 kB
VmallocUsed:      137152 kB
VmallocChunk:   251425324 kB
Time pass: 346 sec

---2015-12-05 14:07:44
MemTotal:        2905316 kB
MemFree:          161160 kB
Buffers:           26396 kB
Cached:          1025192 kB
SwapCached:            0 kB
Active:          1267228 kB
Inactive:         707744 kB
Active(anon):     763940 kB
Inactive(anon):   204868 kB
Active(file):     503288 kB
Inactive(file):   502876 kB
Unevictable:       12768 kB
Mlocked:               0 kB
SwapTotal:        720184 kB
SwapFree:         719712 kB
Dirty:                20 kB
Writeback:             0 kB
AnonPages:        936260 kB
Mapped:           643916 kB
Shmem:             32656 kB
Slab:             121848 kB
SReclaimable:      39756 kB
SUnreclaim:        82092 kB
KernelStack:       32560 kB
PageTables:        56884 kB
NFS_Unstable:          0 kB
Bounce:                0 kB
WritebackTmp:          0 kB
CommitLimit:     2172840 kB
Committed_AS:   93068848 kB
VmallocTotal:   251658176 kB
VmallocUsed:      137152 kB
VmallocChunk:   251425324 kB
Time pass: 350 sec

---2015-12-05 14:07:44
MemTotal:        2905316 kB
MemFree:          160676 kB
Buffers:           26404 kB
Cached:          1025196 kB
SwapCached:            0 kB
Active:          1267512 kB
Inactive:         707752 kB
Active(anon):     764220 kB
Inactive(anon):   204868 kB
Active(file):     503292 kB
Inactive(file):   502884 kB
Unevictable:       12768 kB
Mlocked:               0 kB
SwapTotal:        720184 kB
SwapFree:         719712 kB
Dirty:                20 kB
Writeback:             8 kB
AnonPages:        936696 kB
Mapped:           643936 kB
Shmem:             32656 kB
Slab:             121848 kB
SReclaimable:      39756 kB
SUnreclaim:        82092 kB
KernelStack:       32528 kB
PageTables:        56884 kB
NFS_Unstable:          0 kB
Bounce:                0 kB
WritebackTmp:          0 kB
CommitLimit:     2172840 kB
Committed_AS:   93068832 kB
VmallocTotal:   251658176 kB
VmallocUsed:      137152 kB
VmallocChunk:   251425324 kB
Time pass: 354 sec

---2015-12-05 14:07:44
MemTotal:        2905316 kB
MemFree:          160432 kB
Buffers:           26412 kB
Cached:          1025308 kB
SwapCached:            0 kB
Active:          1267816 kB
Inactive:         707836 kB
Active(anon):     764520 kB
Inactive(anon):   204868 kB
Active(file):     503296 kB
Inactive(file):   502968 kB
Unevictable:       12768 kB
Mlocked:               0 kB
SwapTotal:        720184 kB
SwapFree:         719712 kB
Dirty:                52 kB
Writeback:             0 kB
AnonPages:        936696 kB
Mapped:           643984 kB
Shmem:             32656 kB
Slab:             121844 kB
SReclaimable:      39752 kB
SUnreclaim:        82092 kB
KernelStack:       32496 kB
PageTables:        56880 kB
NFS_Unstable:          0 kB
Bounce:                0 kB
WritebackTmp:          0 kB
CommitLimit:     2172840 kB
Committed_AS:   93068772 kB
VmallocTotal:   251658176 kB
VmallocUsed:      137152 kB
VmallocChunk:   251425324 kB
Time pass: 358 sec

---2015-12-05 14:07:44
MemTotal:        2905316 kB
MemFree:          160212 kB
Buffers:           26420 kB
Cached:          1025308 kB
SwapCached:            0 kB
Active:          1268064 kB
Inactive:         707856 kB
Active(anon):     764752 kB
Inactive(anon):   204868 kB
Active(file):     503312 kB
Inactive(file):   502988 kB
Unevictable:       12768 kB
Mlocked:               0 kB
SwapTotal:        720184 kB
SwapFree:         719712 kB
Dirty:                20 kB
Writeback:             0 kB
AnonPages:        936808 kB
Mapped:           643988 kB
Shmem:             32656 kB
Slab:             121844 kB
SReclaimable:      39752 kB
SUnreclaim:        82092 kB
KernelStack:       32496 kB
PageTables:        56880 kB
NFS_Unstable:          0 kB
Bounce:                0 kB
WritebackTmp:          0 kB
CommitLimit:     2172840 kB
Committed_AS:   93068724 kB
VmallocTotal:   251658176 kB
VmallocUsed:      137152 kB
VmallocChunk:   251425324 kB
Time pass: 362 sec

---2015-12-05 14:07:44
MemTotal:        2905316 kB
MemFree:          160316 kB
Buffers:           26420 kB
Cached:          1025312 kB
SwapCached:            0 kB
Active:          1268032 kB
Inactive:         707860 kB
Active(anon):     764720 kB
Inactive(anon):   204868 kB
Active(file):     503312 kB
Inactive(file):   502992 kB
Unevictable:       12768 kB
Mlocked:               0 kB
SwapTotal:        720184 kB
SwapFree:         719712 kB
Dirty:                28 kB
Writeback:             0 kB
AnonPages:        936948 kB
Mapped:           644000 kB
Shmem:             32656 kB
Slab:             121844 kB
SReclaimable:      39752 kB
SUnreclaim:        82092 kB
KernelStack:       32512 kB
PageTables:        56876 kB
NFS_Unstable:          0 kB
Bounce:                0 kB
WritebackTmp:          0 kB
CommitLimit:     2172840 kB
Committed_AS:   93068712 kB
VmallocTotal:   251658176 kB
VmallocUsed:      137152 kB
VmallocChunk:   251425324 kB
Time pass: 366 sec

---2015-12-05 14:07:44
MemTotal:        2905316 kB
MemFree:          160480 kB
Buffers:           26428 kB
Cached:          1025312 kB
SwapCached:            0 kB
Active:          1268368 kB
Inactive:         707864 kB
Active(anon):     765048 kB
Inactive(anon):   204868 kB
Active(file):     503320 kB
Inactive(file):   502996 kB
Unevictable:       12768 kB
Mlocked:               0 kB
SwapTotal:        720184 kB
SwapFree:         719712 kB
Dirty:                20 kB
Writeback:             0 kB
AnonPages:        937092 kB
Mapped:           644008 kB
Shmem:             32656 kB
Slab:             121844 kB
SReclaimable:      39752 kB
SUnreclaim:        82092 kB
KernelStack:       32496 kB
PageTables:        56880 kB
NFS_Unstable:          0 kB
Bounce:                0 kB
WritebackTmp:          0 kB
CommitLimit:     2172840 kB
Committed_AS:   93068688 kB
VmallocTotal:   251658176 kB
VmallocUsed:      137152 kB
VmallocChunk:   251425324 kB
Time pass: 370 sec

---2015-12-05 14:07:44
MemTotal:        2905316 kB
MemFree:          160116 kB
Buffers:           26436 kB
Cached:          1025312 kB
SwapCached:            0 kB
Active:          1268164 kB
Inactive:         707868 kB
Active(anon):     764844 kB
Inactive(anon):   204868 kB
Active(file):     503320 kB
Inactive(file):   503000 kB
Unevictable:       12768 kB
Mlocked:               0 kB
SwapTotal:        720184 kB
SwapFree:         719712 kB
Dirty:                 4 kB
Writeback:             0 kB
AnonPages:        937192 kB
Mapped:           644016 kB
Shmem:             32656 kB
Slab:             121844 kB
SReclaimable:      39752 kB
SUnreclaim:        82092 kB
KernelStack:       32496 kB
PageTables:        56868 kB
NFS_Unstable:          0 kB
Bounce:                0 kB
WritebackTmp:          0 kB
CommitLimit:     2172840 kB
Committed_AS:   93068676 kB
VmallocTotal:   251658176 kB
VmallocUsed:      137152 kB
VmallocChunk:   251425324 kB
Time pass: 374 sec

---2015-12-05 14:07:44
MemTotal:        2905316 kB
MemFree:          159536 kB
Buffers:           26444 kB
Cached:          1025368 kB
SwapCached:            0 kB
Active:          1268888 kB
Inactive:         707932 kB
Active(anon):     765564 kB
Inactive(anon):   204928 kB
Active(file):     503324 kB
Inactive(file):   503004 kB
Unevictable:       12768 kB
Mlocked:               0 kB
SwapTotal:        720184 kB
SwapFree:         719712 kB
Dirty:                 4 kB
Writeback:             0 kB
AnonPages:        937760 kB
Mapped:           644084 kB
Shmem:             32716 kB
Slab:             121844 kB
SReclaimable:      39752 kB
SUnreclaim:        82092 kB
KernelStack:       32464 kB
PageTables:        56932 kB
NFS_Unstable:          0 kB
Bounce:                0 kB
WritebackTmp:          0 kB
CommitLimit:     2172840 kB
Committed_AS:   93095276 kB
VmallocTotal:   251658176 kB
VmallocUsed:      137152 kB
VmallocChunk:   251425324 kB
Time pass: 378 sec

---2015-12-05 14:07:44
MemTotal:        2905316 kB
MemFree:          159328 kB
Buffers:           26444 kB
Cached:          1025376 kB
SwapCached:            0 kB
Active:          1269020 kB
Inactive:         707940 kB
Active(anon):     765696 kB
Inactive(anon):   204928 kB
Active(file):     503324 kB
Inactive(file):   503012 kB
Unevictable:       12768 kB
Mlocked:               0 kB
SwapTotal:        720184 kB
SwapFree:         719712 kB
Dirty:                 4 kB
Writeback:             0 kB
AnonPages:        937924 kB
Mapped:           644088 kB
Shmem:             32716 kB
Slab:             121844 kB
SReclaimable:      39752 kB
SUnreclaim:        82092 kB
KernelStack:       32448 kB
PageTables:        56932 kB
NFS_Unstable:          0 kB
Bounce:                0 kB
WritebackTmp:          0 kB
CommitLimit:     2172840 kB
Committed_AS:   93095360 kB
VmallocTotal:   251658176 kB
VmallocUsed:      137152 kB
VmallocChunk:   251425324 kB
Time pass: 382 sec

---2015-12-05 14:07:44
MemTotal:        2905316 kB
MemFree:          158808 kB
Buffers:           26452 kB
Cached:          1025376 kB
SwapCached:            0 kB
Active:          1269024 kB
Inactive:         707940 kB
Active(anon):     765700 kB
Inactive(anon):   204928 kB
Active(file):     503324 kB
Inactive(file):   503012 kB
Unevictable:       12768 kB
Mlocked:               0 kB
SwapTotal:        720184 kB
SwapFree:         719712 kB
Dirty:                 8 kB
Writeback:             0 kB
AnonPages:        938072 kB
Mapped:           644088 kB
Shmem:             32716 kB
Slab:             121844 kB
SReclaimable:      39752 kB
SUnreclaim:        82092 kB
KernelStack:       32480 kB
PageTables:        56928 kB
NFS_Unstable:          0 kB
Bounce:                0 kB
WritebackTmp:          0 kB
CommitLimit:     2172840 kB
Committed_AS:   93095324 kB
VmallocTotal:   251658176 kB
VmallocUsed:      137152 kB
VmallocChunk:   251425324 kB
Time pass: 386 sec

---2015-12-05 14:07:44
MemTotal:        2905316 kB
MemFree:          159056 kB
Buffers:           26452 kB
Cached:          1025380 kB
SwapCached:            0 kB
Active:          1269272 kB
Inactive:         707952 kB
Active(anon):     765948 kB
Inactive(anon):   204928 kB
Active(file):     503324 kB
Inactive(file):   503024 kB
Unevictable:       12768 kB
Mlocked:               0 kB
SwapTotal:        720184 kB
SwapFree:         719712 kB
Dirty:                 8 kB
Writeback:             0 kB
AnonPages:        938196 kB
Mapped:           644096 kB
Shmem:             32716 kB
Slab:             121844 kB
SReclaimable:      39752 kB
SUnreclaim:        82092 kB
KernelStack:       32480 kB
PageTables:        56932 kB
NFS_Unstable:          0 kB
Bounce:                0 kB
WritebackTmp:          0 kB
CommitLimit:     2172840 kB
Committed_AS:   93095276 kB
VmallocTotal:   251658176 kB
VmallocUsed:      137152 kB
VmallocChunk:   251425324 kB
Time pass: 389 sec

---2015-12-05 14:07:44
MemTotal:        2905316 kB
MemFree:          158708 kB
Buffers:           26468 kB
Cached:          1025388 kB
SwapCached:            0 kB
Active:          1269432 kB
Inactive:         707964 kB
Active(anon):     766104 kB
Inactive(anon):   204928 kB
Active(file):     503328 kB
Inactive(file):   503036 kB
Unevictable:       12768 kB
Mlocked:               0 kB
SwapTotal:        720184 kB
SwapFree:         719712 kB
Dirty:                 8 kB
Writeback:             0 kB
AnonPages:        938284 kB
Mapped:           644112 kB
Shmem:             32716 kB
Slab:             121844 kB
SReclaimable:      39752 kB
SUnreclaim:        82092 kB
KernelStack:       32480 kB
PageTables:        56932 kB
NFS_Unstable:          0 kB
Bounce:                0 kB
WritebackTmp:          0 kB
CommitLimit:     2172840 kB
Committed_AS:   93095360 kB
VmallocTotal:   251658176 kB
VmallocUsed:      137152 kB
VmallocChunk:   251425324 kB
Time pass: 393 sec

---2015-12-05 14:07:44
MemTotal:        2905316 kB
MemFree:          158420 kB
Buffers:           26476 kB
Cached:          1025388 kB
SwapCached:            0 kB
Active:          1269620 kB
Inactive:         707972 kB
Active(anon):     766292 kB
Inactive(anon):   204928 kB
Active(file):     503328 kB
Inactive(file):   503044 kB
Unevictable:       12768 kB
Mlocked:               0 kB
SwapTotal:        720184 kB
SwapFree:         719712 kB
Dirty:                 4 kB
Writeback:             0 kB
AnonPages:        938468 kB
Mapped:           644116 kB
Shmem:             32716 kB
Slab:             121844 kB
SReclaimable:      39752 kB
SUnreclaim:        82092 kB
KernelStack:       32496 kB
PageTables:        56932 kB
NFS_Unstable:          0 kB
Bounce:                0 kB
WritebackTmp:          0 kB
CommitLimit:     2172840 kB
Committed_AS:   93095360 kB
VmallocTotal:   251658176 kB
VmallocUsed:      137152 kB
VmallocChunk:   251425324 kB
Time pass: 397 sec

---2015-12-05 14:07:44
MemTotal:        2905316 kB
MemFree:          158500 kB
Buffers:           26484 kB
Cached:          1025384 kB
SwapCached:            0 kB
Active:          1269872 kB
Inactive:         707980 kB
