---2015-12-03 20:19:11
MemTotal:        2582696 kB
MemFree:          115164 kB
Buffers:           18132 kB
Cached:          1270492 kB
SwapCached:            0 kB
Active:          1048744 kB
Inactive:         979456 kB
Active(anon):     592712 kB
Inactive(anon):   187648 kB
Active(file):     456032 kB
Inactive(file):   791808 kB
Unevictable:        2968 kB
Mlocked:               0 kB
SwapTotal:        524284 kB
SwapFree:         524284 kB
Dirty:               228 kB
Writeback:             0 kB
AnonPages:        742628 kB
Mapped:           411412 kB
Shmem:             37800 kB
Slab:             100460 kB
SReclaimable:      31396 kB
SUnreclaim:        69064 kB
KernelStack:       37264 kB
PageTables:        38664 kB
NFS_Unstable:          0 kB
Bounce:                0 kB
WritebackTmp:          0 kB
CommitLimit:     1815632 kB
Committed_AS:   110658028 kB
VmallocTotal:   251658176 kB
VmallocUsed:      117196 kB
VmallocChunk:   251454372 kB
Time pass: 3 sec

---2015-12-03 20:19:11
MemTotal:        2582696 kB
MemFree:          115248 kB
Buffers:           18132 kB
Cached:          1270508 kB
SwapCached:            0 kB
Active:          1048656 kB
Inactive:         979472 kB
Active(anon):     592624 kB
Inactive(anon):   187648 kB
Active(file):     456032 kB
Inactive(file):   791824 kB
Unevictable:        2968 kB
Mlocked:               0 kB
SwapTotal:        524284 kB
SwapFree:         524284 kB
Dirty:               228 kB
Writeback:             0 kB
AnonPages:        742568 kB
Mapped:           411356 kB
Shmem:             37800 kB
Slab:             100464 kB
SReclaimable:      31400 kB
SUnreclaim:        69064 kB
KernelStack:       37104 kB
PageTables:        38632 kB
NFS_Unstable:          0 kB
Bounce:                0 kB
WritebackTmp:          0 kB
CommitLimit:     1815632 kB
Committed_AS:   110657716 kB
VmallocTotal:   251658176 kB
VmallocUsed:      117196 kB
VmallocChunk:   251454372 kB
Time pass: 7 sec

---2015-12-03 20:19:11
MemTotal:        2582696 kB
MemFree:          113608 kB
Buffers:           18132 kB
Cached:          1270508 kB
SwapCached:            0 kB
Active:          1048916 kB
Inactive:         979488 kB
Active(anon):     592884 kB
Inactive(anon):   187648 kB
Active(file):     456032 kB
Inactive(file):   791840 kB
Unevictable:        2968 kB
Mlocked:               0 kB
SwapTotal:        524284 kB
SwapFree:         524284 kB
Dirty:               228 kB
Writeback:             0 kB
AnonPages:        742864 kB
Mapped:           411224 kB
Shmem:             37800 kB
Slab:             100448 kB
SReclaimable:      31400 kB
SUnreclaim:        69048 kB
KernelStack:       37088 kB
PageTables:        38668 kB
NFS_Unstable:          0 kB
Bounce:                0 kB
WritebackTmp:          0 kB
CommitLimit:     1815632 kB
Committed_AS:   110657692 kB
VmallocTotal:   251658176 kB
VmallocUsed:      117196 kB
VmallocChunk:   251454372 kB
Time pass: 11 sec

---2015-12-03 20:19:11
MemTotal:        2582696 kB
MemFree:          113668 kB
Buffers:           18132 kB
Cached:          1270512 kB
SwapCached:            0 kB
Active:          1049228 kB
Inactive:         979492 kB
Active(anon):     593196 kB
Inactive(anon):   187648 kB
Active(file):     456032 kB
Inactive(file):   791844 kB
Unevictable:        2968 kB
Mlocked:               0 kB
SwapTotal:        524284 kB
SwapFree:         524284 kB
Dirty:               232 kB
Writeback:             0 kB
AnonPages:        743072 kB
Mapped:           411452 kB
Shmem:             37800 kB
Slab:             100456 kB
SReclaimable:      31400 kB
SUnreclaim:        69056 kB
KernelStack:       37104 kB
PageTables:        38668 kB
NFS_Unstable:          0 kB
Bounce:                0 kB
WritebackTmp:          0 kB
CommitLimit:     1815632 kB
Committed_AS:   110657700 kB
VmallocTotal:   251658176 kB
VmallocUsed:      117196 kB
VmallocChunk:   251454372 kB
Time pass: 15 sec

---2015-12-03 20:19:11
MemTotal:        2582696 kB
MemFree:          113188 kB
Buffers:           18140 kB
Cached:          1270512 kB
SwapCached:            0 kB
Active:          1049504 kB
Inactive:         979500 kB
Active(anon):     593472 kB
Inactive(anon):   187648 kB
Active(file):     456032 kB
Inactive(file):   791852 kB
Unevictable:        2968 kB
Mlocked:               0 kB
SwapTotal:        524284 kB
SwapFree:         524284 kB
Dirty:               248 kB
Writeback:             0 kB
AnonPages:        743364 kB
Mapped:           411456 kB
Shmem:             37800 kB
Slab:             100472 kB
SReclaimable:      31400 kB
SUnreclaim:        69072 kB
KernelStack:       37104 kB
PageTables:        38672 kB
NFS_Unstable:          0 kB
Bounce:                0 kB
WritebackTmp:          0 kB
CommitLimit:     1815632 kB
Committed_AS:   110657700 kB
VmallocTotal:   251658176 kB
VmallocUsed:      117196 kB
VmallocChunk:   251454372 kB
Time pass: 18 sec

---2015-12-03 20:19:11
MemTotal:        2582696 kB
MemFree:          114872 kB
Buffers:           18024 kB
Cached:          1158036 kB
SwapCached:            0 kB
Active:          1133616 kB
Inactive:         817968 kB
Active(anon):     628560 kB
Inactive(anon):   187516 kB
Active(file):     505056 kB
Inactive(file):   630452 kB
Unevictable:        2968 kB
Mlocked:               0 kB
SwapTotal:        524284 kB
SwapFree:         524284 kB
Dirty:               944 kB
Writeback:             0 kB
AnonPages:        778636 kB
Mapped:           437716 kB
Shmem:             37672 kB
Slab:             100724 kB
SReclaimable:      31352 kB
SUnreclaim:        69372 kB
KernelStack:       38240 kB
PageTables:        39632 kB
NFS_Unstable:          0 kB
Bounce:                0 kB
WritebackTmp:          0 kB
CommitLimit:     1815632 kB
Committed_AS:   111971028 kB
VmallocTotal:   251658176 kB
VmallocUsed:      118636 kB
VmallocChunk:   251454372 kB
Time pass: 22 sec

---2015-12-03 20:19:11
MemTotal:        2582696 kB
MemFree:          119408 kB
Buffers:           16024 kB
Cached:          1075056 kB
SwapCached:            0 kB
Active:          1125952 kB
Inactive:         739980 kB
Active(anon):     627976 kB
Inactive(anon):   187516 kB
Active(file):     497976 kB
Inactive(file):   552464 kB
Unevictable:        2968 kB
Mlocked:               0 kB
SwapTotal:        524284 kB
SwapFree:         524284 kB
Dirty:              1188 kB
Writeback:             0 kB
AnonPages:        777984 kB
Mapped:           466068 kB
Shmem:             37672 kB
Slab:             100796 kB
SReclaimable:      31256 kB
SUnreclaim:        69540 kB
KernelStack:       38288 kB
PageTables:        39776 kB
NFS_Unstable:          0 kB
Bounce:                0 kB
WritebackTmp:          0 kB
CommitLimit:     1815632 kB
Committed_AS:   111979332 kB
VmallocTotal:   251658176 kB
VmallocUsed:      119236 kB
VmallocChunk:   251454372 kB
Time pass: 26 sec

---2015-12-03 20:19:11
MemTotal:        2582696 kB
MemFree:          127628 kB
Buffers:           16024 kB
Cached:          1076984 kB
SwapCached:            0 kB
Active:          1117144 kB
Inactive:         741664 kB
Active(anon):     619108 kB
Inactive(anon):   187516 kB
Active(file):     498036 kB
Inactive(file):   554148 kB
Unevictable:        2968 kB
Mlocked:               0 kB
SwapTotal:        524284 kB
SwapFree:         524284 kB
Dirty:               320 kB
Writeback:             0 kB
AnonPages:        769048 kB
Mapped:           466264 kB
Shmem:             37672 kB
Slab:             100892 kB
SReclaimable:      31400 kB
SUnreclaim:        69492 kB
KernelStack:       38304 kB
PageTables:        39780 kB
NFS_Unstable:          0 kB
Bounce:                0 kB
WritebackTmp:          0 kB
CommitLimit:     1815632 kB
Committed_AS:   111979516 kB
VmallocTotal:   251658176 kB
VmallocUsed:      119236 kB
VmallocChunk:   251454372 kB
Time pass: 29 sec

---2015-12-03 20:19:11
MemTotal:        2582696 kB
MemFree:          128940 kB
Buffers:           16024 kB
Cached:          1077836 kB
SwapCached:            0 kB
Active:          1114848 kB
Inactive:         742648 kB
Active(anon):     616772 kB
Inactive(anon):   187512 kB
Active(file):     498076 kB
Inactive(file):   555136 kB
Unevictable:        2968 kB
Mlocked:               0 kB
SwapTotal:        524284 kB
SwapFree:         524284 kB
Dirty:               444 kB
Writeback:             0 kB
AnonPages:        766572 kB
Mapped:           466512 kB
Shmem:             37672 kB
Slab:             100988 kB
SReclaimable:      31400 kB
SUnreclaim:        69588 kB
KernelStack:       38304 kB
PageTables:        39780 kB
NFS_Unstable:          0 kB
Bounce:                0 kB
WritebackTmp:          0 kB
CommitLimit:     1815632 kB
Committed_AS:   111979724 kB
VmallocTotal:   251658176 kB
VmallocUsed:      119236 kB
VmallocChunk:   251454372 kB
Time pass: 33 sec

---2015-12-03 20:19:11
MemTotal:        2582696 kB
MemFree:          117316 kB
Buffers:           16024 kB
Cached:          1080176 kB
SwapCached:            0 kB
Active:          1118316 kB
Inactive:         744836 kB
Active(anon):     620224 kB
Inactive(anon):   187512 kB
Active(file):     498092 kB
Inactive(file):   557324 kB
Unevictable:        2968 kB
Mlocked:               0 kB
SwapTotal:        524284 kB
SwapFree:         524284 kB
Dirty:               324 kB
Writeback:             0 kB
AnonPages:        770264 kB
Mapped:           467324 kB
Shmem:             37672 kB
Slab:             100944 kB
SReclaimable:      31400 kB
SUnreclaim:        69544 kB
KernelStack:       38304 kB
PageTables:        39784 kB
NFS_Unstable:          0 kB
Bounce:                0 kB
WritebackTmp:          0 kB
CommitLimit:     1815632 kB
Committed_AS:   111980252 kB
VmallocTotal:   251658176 kB
VmallocUsed:      119236 kB
VmallocChunk:   251454372 kB
Time pass: 36 sec

---2015-12-03 20:19:11
MemTotal:        2582696 kB
MemFree:          114336 kB
Buffers:           13708 kB
Cached:          1004552 kB
SwapCached:            0 kB
Active:          1116788 kB
Inactive:         674788 kB
Active(anon):     626460 kB
Inactive(anon):   187508 kB
Active(file):     490328 kB
Inactive(file):   487280 kB
Unevictable:        2968 kB
Mlocked:               0 kB
SwapTotal:        524284 kB
SwapFree:         524284 kB
Dirty:               372 kB
Writeback:             0 kB
AnonPages:        776484 kB
Mapped:           468592 kB
Shmem:             37672 kB
Slab:             100896 kB
SReclaimable:      31496 kB
SUnreclaim:        69400 kB
KernelStack:       38432 kB
PageTables:        40100 kB
NFS_Unstable:          0 kB
Bounce:                0 kB
WritebackTmp:          0 kB
CommitLimit:     1815632 kB
Committed_AS:   111980636 kB
VmallocTotal:   251658176 kB
VmallocUsed:      119332 kB
VmallocChunk:   251454372 kB
Time pass: 40 sec

---2015-12-03 20:19:11
MemTotal:        2582696 kB
MemFree:          118876 kB
Buffers:           13708 kB
Cached:          1004700 kB
SwapCached:            0 kB
Active:          1118180 kB
Inactive:         674884 kB
Active(anon):     627788 kB
Inactive(anon):   187508 kB
Active(file):     490392 kB
Inactive(file):   487376 kB
Unevictable:        2968 kB
Mlocked:               0 kB
SwapTotal:        524284 kB
SwapFree:         524284 kB
Dirty:               316 kB
Writeback:             0 kB
AnonPages:        777616 kB
Mapped:           468468 kB
Shmem:             37672 kB
Slab:             101076 kB
SReclaimable:      31516 kB
SUnreclaim:        69560 kB
KernelStack:       38416 kB
PageTables:        39928 kB
NFS_Unstable:          0 kB
Bounce:                0 kB
WritebackTmp:          0 kB
CommitLimit:     1815632 kB
Committed_AS:   111986812 kB
VmallocTotal:   251658176 kB
VmallocUsed:      119284 kB
VmallocChunk:   251454372 kB
Time pass: 44 sec

---2015-12-03 20:19:11
MemTotal:        2582696 kB
MemFree:          110316 kB
Buffers:           13708 kB
Cached:           990472 kB
SwapCached:            0 kB
Active:          1124972 kB
Inactive:         668572 kB
Active(anon):     643432 kB
Inactive(anon):   186988 kB
Active(file):     481540 kB
Inactive(file):   481584 kB
Unevictable:        3892 kB
Mlocked:               0 kB
SwapTotal:        524284 kB
SwapFree:         523676 kB
Dirty:              1768 kB
Writeback:             0 kB
AnonPages:        793272 kB
Mapped:           486880 kB
Shmem:             37092 kB
Slab:             101048 kB
SReclaimable:      31612 kB
SUnreclaim:        69436 kB
KernelStack:       38592 kB
PageTables:        40004 kB
NFS_Unstable:          0 kB
Bounce:                0 kB
WritebackTmp:          0 kB
CommitLimit:     1815632 kB
Committed_AS:   111999436 kB
VmallocTotal:   251658176 kB
VmallocUsed:      119512 kB
VmallocChunk:   251454372 kB
Time pass: 47 sec

---2015-12-03 20:19:11
MemTotal:        2582696 kB
MemFree:          111324 kB
Buffers:           13708 kB
Cached:           969860 kB
SwapCached:            0 kB
Active:          1115892 kB
Inactive:         658684 kB
Active(anon):     645136 kB
Inactive(anon):   186600 kB
Active(file):     470756 kB
Inactive(file):   472084 kB
Unevictable:        3896 kB
Mlocked:               0 kB
SwapTotal:        524284 kB
SwapFree:         523376 kB
Dirty:               604 kB
Writeback:             0 kB
AnonPages:        794996 kB
Mapped:           504840 kB
Shmem:             36768 kB
Slab:             101184 kB
SReclaimable:      31684 kB
SUnreclaim:        69500 kB
KernelStack:       38528 kB
PageTables:        40104 kB
NFS_Unstable:          0 kB
Bounce:                0 kB
WritebackTmp:          0 kB
CommitLimit:     1815632 kB
Committed_AS:   111999532 kB
VmallocTotal:   251658176 kB
VmallocUsed:      119676 kB
VmallocChunk:   251454372 kB
Time pass: 52 sec

---2015-12-03 20:19:11
MemTotal:        2582696 kB
MemFree:          107552 kB
Buffers:           13708 kB
Cached:           969336 kB
SwapCached:            0 kB
Active:          1116904 kB
Inactive:         658208 kB
Active(anon):     646136 kB
Inactive(anon):   186600 kB
Active(file):     470768 kB
Inactive(file):   471608 kB
Unevictable:        3896 kB
Mlocked:               0 kB
SwapTotal:        524284 kB
SwapFree:         523376 kB
Dirty:               532 kB
Writeback:             0 kB
AnonPages:        796164 kB
Mapped:           505224 kB
Shmem:             36768 kB
Slab:             101392 kB
SReclaimable:      31848 kB
SUnreclaim:        69544 kB
KernelStack:       38560 kB
PageTables:        40108 kB
NFS_Unstable:          0 kB
Bounce:                0 kB
WritebackTmp:          0 kB
CommitLimit:     1815632 kB
Committed_AS:   111999588 kB
VmallocTotal:   251658176 kB
VmallocUsed:      119676 kB
VmallocChunk:   251454372 kB
Time pass: 56 sec

---2015-12-03 20:19:11
MemTotal:        2582696 kB
MemFree:          121644 kB
Buffers:           13708 kB
Cached:           943156 kB
SwapCached:            0 kB
Active:          1109572 kB
Inactive:         640728 kB
Active(anon):     647500 kB
Inactive(anon):   186012 kB
Active(file):     462072 kB
Inactive(file):   454716 kB
Unevictable:        3896 kB
Mlocked:               0 kB
SwapTotal:        524284 kB
SwapFree:         522788 kB
Dirty:               556 kB
Writeback:             0 kB
AnonPages:        797376 kB
Mapped:           513032 kB
Shmem:             36180 kB
Slab:             100948 kB
SReclaimable:      31412 kB
SUnreclaim:        69536 kB
KernelStack:       38544 kB
PageTables:        40124 kB
NFS_Unstable:          0 kB
Bounce:                0 kB
WritebackTmp:          0 kB
CommitLimit:     1815632 kB
Committed_AS:   111999628 kB
VmallocTotal:   251658176 kB
VmallocUsed:      119772 kB
VmallocChunk:   251454372 kB
Time pass: 59 sec

---2015-12-03 20:19:11
MemTotal:        2582696 kB
MemFree:          119784 kB
Buffers:           13708 kB
Cached:           946776 kB
SwapCached:            0 kB
Active:          1108244 kB
Inactive:         644276 kB
Active(anon):     646156 kB
Inactive(anon):   186012 kB
Active(file):     462088 kB
Inactive(file):   458264 kB
Unevictable:        3896 kB
Mlocked:               0 kB
SwapTotal:        524284 kB
SwapFree:         522788 kB
Dirty:               568 kB
Writeback:             0 kB
AnonPages:        795976 kB
Mapped:           513476 kB
Shmem:             36176 kB
Slab:             101016 kB
SReclaimable:      31524 kB
SUnreclaim:        69492 kB
KernelStack:       38544 kB
PageTables:        40124 kB
NFS_Unstable:          0 kB
Bounce:                0 kB
WritebackTmp:          0 kB
CommitLimit:     1815632 kB
Committed_AS:   111999644 kB
VmallocTotal:   251658176 kB
VmallocUsed:      119772 kB
VmallocChunk:   251454372 kB
Time pass: 63 sec

---2015-12-03 20:19:11
MemTotal:        2582696 kB
MemFree:          115408 kB
Buffers:           12956 kB
Cached:           930732 kB
SwapCached:            0 kB
Active:          1106676 kB
Inactive:         635640 kB
Active(anon):     652956 kB
Inactive(anon):   185504 kB
Active(file):     453720 kB
Inactive(file):   450136 kB
Unevictable:        3896 kB
Mlocked:               0 kB
SwapTotal:        524284 kB
SwapFree:         522372 kB
Dirty:              1232 kB
Writeback:             0 kB
AnonPages:        802632 kB
Mapped:           523604 kB
Shmem:             35936 kB
Slab:             101176 kB
SReclaimable:      31516 kB
SUnreclaim:        69660 kB
KernelStack:       38528 kB
PageTables:        40068 kB
NFS_Unstable:          0 kB
Bounce:                0 kB
WritebackTmp:          0 kB
CommitLimit:     1815632 kB
Committed_AS:   112000204 kB
VmallocTotal:   251658176 kB
VmallocUsed:      119924 kB
VmallocChunk:   251454372 kB
Time pass: 67 sec

---2015-12-03 20:19:11
MemTotal:        2582696 kB
MemFree:          110072 kB
Buffers:           12956 kB
Cached:           935676 kB
SwapCached:            0 kB
Active:          1112976 kB
Inactive:         640484 kB
Active(anon):     659160 kB
Inactive(anon):   185500 kB
Active(file):     453816 kB
Inactive(file):   454984 kB
Unevictable:        3896 kB
Mlocked:               0 kB
SwapTotal:        524284 kB
SwapFree:         522372 kB
Dirty:               964 kB
Writeback:             0 kB
AnonPages:        808884 kB
Mapped:           527252 kB
Shmem:             35936 kB
Slab:             100940 kB
SReclaimable:      31444 kB
SUnreclaim:        69496 kB
KernelStack:       38656 kB
PageTables:        40068 kB
NFS_Unstable:          0 kB
Bounce:                0 kB
WritebackTmp:          0 kB
CommitLimit:     1815632 kB
Committed_AS:   112012660 kB
VmallocTotal:   251658176 kB
VmallocUsed:      119924 kB
VmallocChunk:   251454372 kB
Time pass: 70 sec

---2015-12-03 20:19:11
MemTotal:        2582696 kB
MemFree:          110328 kB
Buffers:           11756 kB
Cached:           919364 kB
SwapCached:            8 kB
Active:          1114628 kB
Inactive:         629784 kB
Active(anon):     667964 kB
Inactive(anon):   185296 kB
Active(file):     446664 kB
Inactive(file):   444488 kB
Unevictable:        3896 kB
Mlocked:               0 kB
SwapTotal:        524284 kB
SwapFree:         522164 kB
Dirty:               740 kB
Writeback:             0 kB
AnonPages:        817252 kB
Mapped:           528260 kB
Shmem:             36072 kB
Slab:             101512 kB
SReclaimable:      31484 kB
SUnreclaim:        70028 kB
KernelStack:       38944 kB
PageTables:        40308 kB
NFS_Unstable:          0 kB
Bounce:                0 kB
WritebackTmp:          0 kB
CommitLimit:     1815632 kB
Committed_AS:   112052452 kB
VmallocTotal:   251658176 kB
VmallocUsed:      122456 kB
VmallocChunk:   251454372 kB
Time pass: 74 sec

---2015-12-03 20:19:11
MemTotal:        2582696 kB
MemFree:          119700 kB
Buffers:           11684 kB
Cached:           878564 kB
SwapCached:            8 kB
Active:          1104824 kB
Inactive:         600552 kB
Active(anon):     670192 kB
Inactive(anon):   185000 kB
Active(file):     434632 kB
Inactive(file):   415552 kB
Unevictable:        3896 kB
Mlocked:               0 kB
SwapTotal:        524284 kB
SwapFree:         521912 kB
Dirty:               728 kB
Writeback:             0 kB
AnonPages:        819216 kB
Mapped:           528344 kB
Shmem:             36168 kB
Slab:             101908 kB
SReclaimable:      31728 kB
SUnreclaim:        70180 kB
KernelStack:       38944 kB
PageTables:        40456 kB
NFS_Unstable:          0 kB
Bounce:                0 kB
WritebackTmp:          0 kB
CommitLimit:     1815632 kB
Committed_AS:   112056548 kB
VmallocTotal:   251658176 kB
VmallocUsed:      122456 kB
VmallocChunk:   251454372 kB
Time pass: 78 sec

---2015-12-03 20:19:11
MemTotal:        2582696 kB
MemFree:          107504 kB
Buffers:           11684 kB
Cached:           879720 kB
SwapCached:            8 kB
Active:          1113660 kB
Inactive:         603888 kB
Active(anon):     681408 kB
Inactive(anon):   185328 kB
Active(file):     432252 kB
Inactive(file):   418560 kB
Unevictable:        3896 kB
Mlocked:               0 kB
SwapTotal:        524284 kB
SwapFree:         521780 kB
Dirty:               928 kB
Writeback:             0 kB
AnonPages:        830216 kB
Mapped:           529328 kB
Shmem:             36696 kB
Slab:             102072 kB
SReclaimable:      31756 kB
SUnreclaim:        70316 kB
KernelStack:       39024 kB
PageTables:        40492 kB
NFS_Unstable:          0 kB
Bounce:                0 kB
WritebackTmp:          0 kB
CommitLimit:     1815632 kB
Committed_AS:   112064972 kB
VmallocTotal:   251658176 kB
VmallocUsed:      122456 kB
VmallocChunk:   251454372 kB
Time pass: 82 sec

---2015-12-03 20:19:11
MemTotal:        2582696 kB
MemFree:          107788 kB
Buffers:           11684 kB
Cached:           879776 kB
SwapCached:            8 kB
Active:          1113288 kB
Inactive:         603944 kB
Active(anon):     681036 kB
Inactive(anon):   185384 kB
Active(file):     432252 kB
Inactive(file):   418560 kB
Unevictable:        3896 kB
Mlocked:               0 kB
SwapTotal:        524284 kB
SwapFree:         521780 kB
Dirty:               904 kB
Writeback:             0 kB
AnonPages:        829756 kB
Mapped:           529412 kB
Shmem:             36752 kB
Slab:             102044 kB
SReclaimable:      31756 kB
SUnreclaim:        70288 kB
KernelStack:       39040 kB
PageTables:        40508 kB
NFS_Unstable:          0 kB
Bounce:                0 kB
WritebackTmp:          0 kB
CommitLimit:     1815632 kB
Committed_AS:   112065084 kB
VmallocTotal:   251658176 kB
VmallocUsed:      122456 kB
VmallocChunk:   251454372 kB
Time pass: 86 sec

---2015-12-03 20:19:11
MemTotal:        2582696 kB
MemFree:          105652 kB
Buffers:           11684 kB
Cached:           879476 kB
SwapCached:            8 kB
Active:          1115356 kB
Inactive:         603632 kB
Active(anon):     683092 kB
Inactive(anon):   184960 kB
Active(file):     432264 kB
Inactive(file):   418672 kB
Unevictable:        3896 kB
Mlocked:               0 kB
SwapTotal:        524284 kB
SwapFree:         521780 kB
Dirty:               804 kB
Writeback:             0 kB
AnonPages:        831772 kB
Mapped:           528988 kB
Shmem:             36328 kB
Slab:             102192 kB
SReclaimable:      31756 kB
SUnreclaim:        70436 kB
KernelStack:       39008 kB
PageTables:        40512 kB
NFS_Unstable:          0 kB
Bounce:                0 kB
WritebackTmp:          0 kB
CommitLimit:     1815632 kB
Committed_AS:   112060908 kB
VmallocTotal:   251658176 kB
VmallocUsed:      122456 kB
VmallocChunk:   251454372 kB
Time pass: 89 sec

---2015-12-03 20:19:11
MemTotal:        2582696 kB
MemFree:          112128 kB
Buffers:           11684 kB
Cached:           871404 kB
SwapCached:            8 kB
Active:          1108808 kB
Inactive:         603464 kB
Active(anon):     684708 kB
Inactive(anon):   184700 kB
Active(file):     424100 kB
Inactive(file):   418764 kB
Unevictable:        3896 kB
Mlocked:               0 kB
SwapTotal:        524284 kB
SwapFree:         521652 kB
Dirty:               804 kB
Writeback:             0 kB
AnonPages:        832988 kB
Mapped:           529076 kB
Shmem:             36328 kB
Slab:             102028 kB
SReclaimable:      31756 kB
SUnreclaim:        70272 kB
KernelStack:       39040 kB
PageTables:        40556 kB
NFS_Unstable:          0 kB
Bounce:                0 kB
WritebackTmp:          0 kB
CommitLimit:     1815632 kB
Committed_AS:   112064996 kB
VmallocTotal:   251658176 kB
VmallocUsed:      122456 kB
VmallocChunk:   251454372 kB
Time pass: 93 sec

---2015-12-03 20:19:11
MemTotal:        2582696 kB
MemFree:          111876 kB
Buffers:           11684 kB
Cached:           871664 kB
SwapCached:            8 kB
Active:          1097676 kB
Inactive:         603596 kB
Active(anon):     673556 kB
Inactive(anon):   184312 kB
Active(file):     424120 kB
Inactive(file):   419284 kB
Unevictable:        3896 kB
Mlocked:               0 kB
SwapTotal:        524284 kB
SwapFree:         521644 kB
Dirty:               808 kB
Writeback:             0 kB
AnonPages:        822280 kB
Mapped:           528844 kB
Shmem:             35936 kB
Slab:             102412 kB
SReclaimable:      31756 kB
SUnreclaim:        70656 kB
KernelStack:       38480 kB
PageTables:        40132 kB
NFS_Unstable:          0 kB
Bounce:                0 kB
WritebackTmp:          0 kB
CommitLimit:     1815632 kB
Committed_AS:   112037684 kB
VmallocTotal:   251658176 kB
VmallocUsed:      122384 kB
VmallocChunk:   251454372 kB
Time pass: 96 sec

---2015-12-03 20:19:11
MemTotal:        2582696 kB
MemFree:          371480 kB
Buffers:           11684 kB
Cached:           873712 kB
SwapCached:            8 kB
Active:          1036408 kB
Inactive:         601860 kB
Active(anon):     608424 kB
Inactive(anon):   184416 kB
Active(file):     427984 kB
Inactive(file):   417444 kB
Unevictable:        3896 kB
Mlocked:               0 kB
SwapTotal:        524284 kB
SwapFree:         521640 kB
Dirty:               244 kB
Writeback:             0 kB
AnonPages:        756812 kB
Mapped:           407920 kB
Shmem:             36060 kB
Slab:             101848 kB
SReclaimable:      31652 kB
SUnreclaim:        70196 kB
KernelStack:       37152 kB
PageTables:        38424 kB
NFS_Unstable:          0 kB
Bounce:                0 kB
WritebackTmp:          0 kB
CommitLimit:     1815632 kB
Committed_AS:   108886188 kB
VmallocTotal:   251658176 kB
VmallocUsed:      118664 kB
VmallocChunk:   251454372 kB
Time pass: 100 sec

---2015-12-03 20:19:11
MemTotal:        2582696 kB
MemFree:          379308 kB
Buffers:           11684 kB
Cached:           874128 kB
SwapCached:            8 kB
Active:          1028584 kB
Inactive:         602272 kB
Active(anon):     600588 kB
Inactive(anon):   184416 kB
Active(file):     427996 kB
Inactive(file):   417856 kB
Unevictable:        3896 kB
Mlocked:               0 kB
SwapTotal:        524284 kB
SwapFree:         521640 kB
Dirty:               124 kB
Writeback:             0 kB
AnonPages:        749172 kB
Mapped:           407932 kB
Shmem:             36060 kB
Slab:             101692 kB
SReclaimable:      31780 kB
SUnreclaim:        69912 kB
KernelStack:       37152 kB
PageTables:        38420 kB
NFS_Unstable:          0 kB
Bounce:                0 kB
WritebackTmp:          0 kB
CommitLimit:     1815632 kB
Committed_AS:   108886284 kB
VmallocTotal:   251658176 kB
VmallocUsed:      118664 kB
VmallocChunk:   251454372 kB
Time pass: 104 sec

---2015-12-03 20:19:11
MemTotal:        2582696 kB
MemFree:          363424 kB
Buffers:           11684 kB
Cached:           874124 kB
SwapCached:            8 kB
Active:          1035632 kB
Inactive:         602268 kB
Active(anon):     607632 kB
Inactive(anon):   184416 kB
Active(file):     428000 kB
Inactive(file):   417852 kB
Unevictable:        3896 kB
Mlocked:               0 kB
SwapTotal:        524284 kB
SwapFree:         521640 kB
Dirty:               116 kB
Writeback:             0 kB
AnonPages:        756296 kB
Mapped:           408836 kB
Shmem:             36060 kB
Slab:             101808 kB
SReclaimable:      31780 kB
SUnreclaim:        70028 kB
KernelStack:       37168 kB
PageTables:        38732 kB
NFS_Unstable:          0 kB
Bounce:                0 kB
WritebackTmp:          0 kB
CommitLimit:     1815632 kB
Committed_AS:   112369952 kB
VmallocTotal:   251658176 kB
VmallocUsed:      119676 kB
VmallocChunk:   251454372 kB
Time pass: 107 sec

---2015-12-03 20:19:11
MemTotal:        2582696 kB
MemFree:          163476 kB
Buffers:           11684 kB
Cached:           875228 kB
SwapCached:            8 kB
Active:          1079724 kB
Inactive:         597548 kB
Active(anon):     645896 kB
Inactive(anon):   184296 kB
Active(file):     433828 kB
Inactive(file):   413252 kB
Unevictable:        3896 kB
Mlocked:               0 kB
SwapTotal:        524284 kB
SwapFree:         521640 kB
Dirty:              1860 kB
Writeback:             0 kB
AnonPages:        794336 kB
Mapped:           496704 kB
Shmem:             35936 kB
Slab:             102088 kB
SReclaimable:      31892 kB
SUnreclaim:        70196 kB
KernelStack:       38224 kB
PageTables:        39360 kB
NFS_Unstable:          0 kB
Bounce:                0 kB
WritebackTmp:          0 kB
CommitLimit:     1815632 kB
Committed_AS:   110209932 kB
VmallocTotal:   251658176 kB
VmallocUsed:      117984 kB
VmallocChunk:   251454372 kB
Time pass: 111 sec

---2015-12-03 20:19:11
MemTotal:        2582696 kB
MemFree:          140748 kB
Buffers:           11684 kB
Cached:           877168 kB
SwapCached:            8 kB
Active:          1080220 kB
Inactive:         597948 kB
Active(anon):     644864 kB
Inactive(anon):   184288 kB
Active(file):     435356 kB
Inactive(file):   413660 kB
Unevictable:        3896 kB
Mlocked:               0 kB
SwapTotal:        524284 kB
SwapFree:         521636 kB
Dirty:              2912 kB
Writeback:            20 kB
AnonPages:        793592 kB
Mapped:           524188 kB
Shmem:             35936 kB
Slab:             102072 kB
SReclaimable:      31896 kB
SUnreclaim:        70176 kB
KernelStack:       38416 kB
PageTables:        39564 kB
NFS_Unstable:          0 kB
Bounce:                0 kB
WritebackTmp:          0 kB
CommitLimit:     1815632 kB
Committed_AS:   110223580 kB
VmallocTotal:   251658176 kB
VmallocUsed:      118440 kB
VmallocChunk:   251454372 kB
Time pass: 115 sec

---2015-12-03 20:19:11
MemTotal:        2582696 kB
MemFree:          136192 kB
Buffers:           13220 kB
Cached:           877200 kB
SwapCached:            8 kB
Active:          1073204 kB
Inactive:         599472 kB
Active(anon):     637824 kB
Inactive(anon):   184280 kB
Active(file):     435380 kB
Inactive(file):   415192 kB
Unevictable:        3896 kB
Mlocked:               0 kB
SwapTotal:        524284 kB
SwapFree:         521636 kB
Dirty:               660 kB
Writeback:           120 kB
AnonPages:        786256 kB
Mapped:           530504 kB
Shmem:             35936 kB
Slab:             101916 kB
SReclaimable:      31912 kB
SUnreclaim:        70004 kB
KernelStack:       38400 kB
PageTables:        39608 kB
NFS_Unstable:          0 kB
Bounce:                0 kB
WritebackTmp:          0 kB
CommitLimit:     1815632 kB
Committed_AS:   110223652 kB
VmallocTotal:   251658176 kB
VmallocUsed:      118512 kB
VmallocChunk:   251454372 kB
Time pass: 119 sec

---2015-12-03 20:19:11
MemTotal:        2582696 kB
MemFree:          124664 kB
Buffers:           13220 kB
Cached:           877204 kB
SwapCached:            8 kB
Active:          1075116 kB
Inactive:         599420 kB
Active(anon):     639692 kB
Inactive(anon):   184256 kB
Active(file):     435424 kB
Inactive(file):   415164 kB
Unevictable:        3896 kB
Mlocked:               0 kB
SwapTotal:        524284 kB
SwapFree:         521632 kB
Dirty:               852 kB
Writeback:             0 kB
AnonPages:        788040 kB
Mapped:           540176 kB
Shmem:             35936 kB
Slab:             101904 kB
SReclaimable:      31916 kB
SUnreclaim:        69988 kB
KernelStack:       38416 kB
PageTables:        39632 kB
NFS_Unstable:          0 kB
Bounce:                0 kB
WritebackTmp:          0 kB
CommitLimit:     1815632 kB
Committed_AS:   110223684 kB
VmallocTotal:   251658176 kB
VmallocUsed:      118608 kB
VmallocChunk:   251454372 kB
Time pass: 123 sec

---2015-12-03 20:19:11
MemTotal:        2582696 kB
MemFree:          120208 kB
Buffers:           13212 kB
Cached:           867996 kB
SwapCached:            8 kB
Active:          1072664 kB
Inactive:         597888 kB
Active(anon):     645792 kB
Inactive(anon):   183384 kB
Active(file):     426872 kB
Inactive(file):   414504 kB
Unevictable:        3896 kB
Mlocked:               0 kB
SwapTotal:        524284 kB
SwapFree:         520904 kB
Dirty:              1196 kB
Writeback:             0 kB
AnonPages:        793460 kB
Mapped:           547104 kB
Shmem:             35936 kB
Slab:             101872 kB
SReclaimable:      31732 kB
SUnreclaim:        70140 kB
KernelStack:       38416 kB
PageTables:        39632 kB
NFS_Unstable:          0 kB
Bounce:                0 kB
WritebackTmp:          0 kB
CommitLimit:     1815632 kB
Committed_AS:   110224032 kB
VmallocTotal:   251658176 kB
VmallocUsed:      118760 kB
VmallocChunk:   251454372 kB
Time pass: 126 sec

---2015-12-03 20:19:11
MemTotal:        2582696 kB
MemFree:          130884 kB
Buffers:           13212 kB
Cached:           868000 kB
SwapCached:            8 kB
Active:          1062128 kB
Inactive:         597880 kB
Active(anon):     635244 kB
Inactive(anon):   183384 kB
Active(file):     426884 kB
Inactive(file):   414496 kB
Unevictable:        3896 kB
Mlocked:               0 kB
SwapTotal:        524284 kB
SwapFree:         520904 kB
Dirty:               684 kB
Writeback:             0 kB
AnonPages:        782552 kB
Mapped:           547368 kB
Shmem:             35936 kB
Slab:             101880 kB
SReclaimable:      31840 kB
SUnreclaim:        70040 kB
KernelStack:       38432 kB
PageTables:        39620 kB
NFS_Unstable:          0 kB
Bounce:                0 kB
WritebackTmp:          0 kB
CommitLimit:     1815632 kB
Committed_AS:   110224124 kB
VmallocTotal:   251658176 kB
VmallocUsed:      118760 kB
VmallocChunk:   251454372 kB
Time pass: 130 sec

---2015-12-03 20:19:11
MemTotal:        2582696 kB
MemFree:          130912 kB
Buffers:           13212 kB
Cached:           868000 kB
SwapCached:            8 kB
Active:          1061980 kB
Inactive:         597876 kB
Active(anon):     635092 kB
Inactive(anon):   183384 kB
Active(file):     426888 kB
Inactive(file):   414492 kB
Unevictable:        3896 kB
Mlocked:               0 kB
SwapTotal:        524284 kB
SwapFree:         520904 kB
Dirty:               704 kB
Writeback:             0 kB
AnonPages:        782564 kB
Mapped:           547388 kB
Shmem:             35936 kB
Slab:             101880 kB
SReclaimable:      31840 kB
SUnreclaim:        70040 kB
KernelStack:       38432 kB
PageTables:        39624 kB
NFS_Unstable:          0 kB
Bounce:                0 kB
WritebackTmp:          0 kB
CommitLimit:     1815632 kB
Committed_AS:   110224164 kB
VmallocTotal:   251658176 kB
VmallocUsed:      118760 kB
VmallocChunk:   251454372 kB
Time pass: 134 sec

---2015-12-03 20:19:11
MemTotal:        2582696 kB
MemFree:          124176 kB
Buffers:           13212 kB
Cached:           867996 kB
SwapCached:           16 kB
Active:          1069292 kB
Inactive:         596976 kB
Active(anon):     641512 kB
Inactive(anon):   183372 kB
Active(file):     427780 kB
Inactive(file):   413604 kB
Unevictable:        3896 kB
Mlocked:               0 kB
SwapTotal:        524284 kB
SwapFree:         520904 kB
Dirty:               696 kB
Writeback:             0 kB
AnonPages:        789128 kB
Mapped:           549584 kB
Shmem:             35936 kB
Slab:             102608 kB
SReclaimable:      31840 kB
SUnreclaim:        70768 kB
KernelStack:       38544 kB
PageTables:        39636 kB
NFS_Unstable:          0 kB
Bounce:                0 kB
WritebackTmp:          0 kB
CommitLimit:     1815632 kB
Committed_AS:   110228660 kB
VmallocTotal:   251658176 kB
VmallocUsed:      121176 kB
VmallocChunk:   251454372 kB
Time pass: 137 sec

---2015-12-03 20:19:11
MemTotal:        2582696 kB
MemFree:          124768 kB
Buffers:           13220 kB
Cached:           868100 kB
SwapCached:           16 kB
Active:          1078096 kB
Inactive:         597024 kB
Active(anon):     650284 kB
Inactive(anon):   183496 kB
Active(file):     427812 kB
Inactive(file):   413528 kB
Unevictable:        3896 kB
Mlocked:               0 kB
SwapTotal:        524284 kB
SwapFree:         520896 kB
Dirty:               768 kB
Writeback:             0 kB
AnonPages:        797732 kB
Mapped:           550868 kB
Shmem:             36084 kB
Slab:             102400 kB
SReclaimable:      31840 kB
SUnreclaim:        70560 kB
KernelStack:       38768 kB
PageTables:        39880 kB
NFS_Unstable:          0 kB
Bounce:                0 kB
WritebackTmp:          0 kB
CommitLimit:     1815632 kB
Committed_AS:   110260012 kB
VmallocTotal:   251658176 kB
VmallocUsed:      121292 kB
VmallocChunk:   251454372 kB
Time pass: 141 sec

---2015-12-03 20:19:11
MemTotal:        2582696 kB
MemFree:          119012 kB
Buffers:           13220 kB
Cached:           868204 kB
SwapCached:           16 kB
Active:          1076108 kB
Inactive:         597148 kB
Active(anon):     648296 kB
Inactive(anon):   183620 kB
Active(file):     427812 kB
Inactive(file):   413528 kB
Unevictable:        3896 kB
Mlocked:               0 kB
SwapTotal:        524284 kB
SwapFree:         520896 kB
Dirty:               688 kB
Writeback:             0 kB
AnonPages:        795776 kB
Mapped:           550968 kB
Shmem:             36188 kB
Slab:             102420 kB
SReclaimable:      31840 kB
SUnreclaim:        70580 kB
KernelStack:       38688 kB
PageTables:        39912 kB
NFS_Unstable:          0 kB
Bounce:                0 kB
WritebackTmp:          0 kB
CommitLimit:     1815632 kB
Committed_AS:   110263916 kB
VmallocTotal:   251658176 kB
VmallocUsed:      121292 kB
VmallocChunk:   251454372 kB
Time pass: 145 sec

---2015-12-03 20:19:11
MemTotal:        2582696 kB
MemFree:          119444 kB
Buffers:           13220 kB
Cached:           868348 kB
SwapCached:           16 kB
Active:          1076480 kB
Inactive:         597288 kB
Active(anon):     648668 kB
Inactive(anon):   183640 kB
Active(file):     427812 kB
Inactive(file):   413648 kB
Unevictable:        3896 kB
Mlocked:               0 kB
SwapTotal:        524284 kB
SwapFree:         520896 kB
Dirty:               928 kB
Writeback:             0 kB
AnonPages:        796156 kB
Mapped:           550916 kB
Shmem:             36212 kB
Slab:             102276 kB
SReclaimable:      31840 kB
SUnreclaim:        70436 kB
KernelStack:       38688 kB
PageTables:        39876 kB
NFS_Unstable:          0 kB
Bounce:                0 kB
WritebackTmp:          0 kB
CommitLimit:     1815632 kB
Committed_AS:   110263780 kB
VmallocTotal:   251658176 kB
VmallocUsed:      121292 kB
VmallocChunk:   251454372 kB
Time pass: 149 sec

---2015-12-03 20:19:11
MemTotal:        2582696 kB
MemFree:          118568 kB
Buffers:           13220 kB
Cached:           868372 kB
SwapCached:           16 kB
Active:          1076936 kB
Inactive:         597316 kB
Active(anon):     649124 kB
Inactive(anon):   183668 kB
Active(file):     427812 kB
Inactive(file):   413648 kB
Unevictable:        3896 kB
Mlocked:               0 kB
SwapTotal:        524284 kB
SwapFree:         520896 kB
Dirty:               928 kB
Writeback:             0 kB
AnonPages:        796460 kB
Mapped:           551040 kB
Shmem:             36236 kB
Slab:             102420 kB
SReclaimable:      31840 kB
SUnreclaim:        70580 kB
KernelStack:       38688 kB
PageTables:        39900 kB
NFS_Unstable:          0 kB
Bounce:                0 kB
WritebackTmp:          0 kB
CommitLimit:     1815632 kB
Committed_AS:   110263836 kB
VmallocTotal:   251658176 kB
VmallocUsed:      121292 kB
VmallocChunk:   251454372 kB
Time pass: 153 sec

---2015-12-03 20:19:11
MemTotal:        2582696 kB
MemFree:          118036 kB
Buffers:           13220 kB
Cached:           868376 kB
SwapCached:           16 kB
Active:          1077480 kB
Inactive:         597312 kB
Active(anon):     649664 kB
Inactive(anon):   183664 kB
Active(file):     427816 kB
Inactive(file):   413648 kB
Unevictable:        3896 kB
Mlocked:               0 kB
SwapTotal:        524284 kB
SwapFree:         520896 kB
Dirty:               704 kB
Writeback:             0 kB
AnonPages:        797236 kB
Mapped:           551056 kB
Shmem:             36236 kB
Slab:             102268 kB
SReclaimable:      31840 kB
SUnreclaim:        70428 kB
KernelStack:       38688 kB
PageTables:        39908 kB
NFS_Unstable:          0 kB
Bounce:                0 kB
WritebackTmp:          0 kB
CommitLimit:     1815632 kB
Committed_AS:   110263836 kB
VmallocTotal:   251658176 kB
VmallocUsed:      121292 kB
VmallocChunk:   251454372 kB
Time pass: 156 sec

---2015-12-03 20:19:11
MemTotal:        2582696 kB
MemFree:          117300 kB
Buffers:           13220 kB
Cached:           868632 kB
SwapCached:           16 kB
Active:          1077612 kB
Inactive:         597568 kB
Active(anon):     649796 kB
Inactive(anon):   183920 kB
Active(file):     427816 kB
Inactive(file):   413648 kB
Unevictable:        3896 kB
Mlocked:               0 kB
SwapTotal:        524284 kB
SwapFree:         520896 kB
Dirty:               696 kB
Writeback:             0 kB
AnonPages:        797252 kB
Mapped:           551324 kB
Shmem:             36492 kB
Slab:             102388 kB
SReclaimable:      31840 kB
SUnreclaim:        70548 kB
KernelStack:       38688 kB
PageTables:        39904 kB
NFS_Unstable:          0 kB
Bounce:                0 kB
WritebackTmp:          0 kB
CommitLimit:     1815632 kB
Committed_AS:   110263844 kB
VmallocTotal:   251658176 kB
VmallocUsed:      121292 kB
VmallocChunk:   251454372 kB
Time pass: 160 sec

---2015-12-03 20:19:11
MemTotal:        2582696 kB
MemFree:          116888 kB
Buffers:           13220 kB
Cached:           868896 kB
SwapCached:           16 kB
Active:          1077388 kB
Inactive:         597832 kB
Active(anon):     649572 kB
Inactive(anon):   184184 kB
Active(file):     427816 kB
Inactive(file):   413648 kB
Unevictable:        3896 kB
Mlocked:               0 kB
SwapTotal:        524284 kB
SwapFree:         520896 kB
Dirty:               696 kB
Writeback:             0 kB
AnonPages:        796900 kB
Mapped:           551600 kB
Shmem:             36756 kB
Slab:             102200 kB
SReclaimable:      31840 kB
SUnreclaim:        70360 kB
KernelStack:       38688 kB
PageTables:        39912 kB
NFS_Unstable:          0 kB
Bounce:                0 kB
WritebackTmp:          0 kB
CommitLimit:     1815632 kB
Committed_AS:   110263828 kB
VmallocTotal:   251658176 kB
VmallocUsed:      121292 kB
VmallocChunk:   251454372 kB
Time pass: 163 sec

---2015-12-03 20:19:11
MemTotal:        2582696 kB
MemFree:          110868 kB
Buffers:           13220 kB
Cached:           868904 kB
SwapCached:           16 kB
Active:          1084968 kB
Inactive:         597836 kB
Active(anon):     657148 kB
Inactive(anon):   184188 kB
Active(file):     427820 kB
Inactive(file):   413648 kB
Unevictable:        3896 kB
Mlocked:               0 kB
SwapTotal:        524284 kB
SwapFree:         520896 kB
Dirty:               704 kB
Writeback:             0 kB
AnonPages:        804512 kB
Mapped:           551696 kB
Shmem:             36760 kB
Slab:             102368 kB
SReclaimable:      31840 kB
SUnreclaim:        70528 kB
KernelStack:       38784 kB
PageTables:        39984 kB
NFS_Unstable:          0 kB
Bounce:                0 kB
WritebackTmp:          0 kB
CommitLimit:     1815632 kB
Committed_AS:   110280244 kB
VmallocTotal:   251658176 kB
VmallocUsed:      121292 kB
VmallocChunk:   251454372 kB
Time pass: 167 sec

---2015-12-03 20:19:11
MemTotal:        2582696 kB
MemFree:          108972 kB
Buffers:           12716 kB
Cached:           872428 kB
SwapCached:           16 kB
Active:          1085664 kB
Inactive:         604320 kB
Active(anon):     662032 kB
Inactive(anon):   183260 kB
Active(file):     423632 kB
Inactive(file):   421060 kB
Unevictable:        3896 kB
Mlocked:               0 kB
SwapTotal:        524284 kB
SwapFree:         520520 kB
Dirty:               744 kB
Writeback:             0 kB
AnonPages:        808936 kB
Mapped:           554964 kB
Shmem:             36228 kB
Slab:             100768 kB
SReclaimable:      30252 kB
SUnreclaim:        70516 kB
KernelStack:       38704 kB
PageTables:        40164 kB
NFS_Unstable:          0 kB
Bounce:                0 kB
WritebackTmp:          0 kB
CommitLimit:     1815632 kB
Committed_AS:   111524320 kB
VmallocTotal:   251658176 kB
VmallocUsed:      122312 kB
VmallocChunk:   251454372 kB
Time pass: 171 sec

---2015-12-03 20:19:11
MemTotal:        2582696 kB
MemFree:          111088 kB
Buffers:           12756 kB
Cached:           846208 kB
SwapCached:           16 kB
Active:          1105084 kB
Inactive:         591348 kB
Active(anon):     696016 kB
Inactive(anon):   181656 kB
Active(file):     409068 kB
Inactive(file):   409692 kB
Unevictable:        3896 kB
Mlocked:               0 kB
SwapTotal:        524284 kB
SwapFree:         519180 kB
Dirty:               868 kB
Writeback:             0 kB
AnonPages:        841244 kB
Mapped:           561440 kB
Shmem:             36232 kB
Slab:             102952 kB
SReclaimable:      31804 kB
SUnreclaim:        71148 kB
KernelStack:       40832 kB
PageTables:        41296 kB
NFS_Unstable:          0 kB
Bounce:                0 kB
WritebackTmp:          0 kB
CommitLimit:     1815632 kB
Committed_AS:   114551996 kB
VmallocTotal:   251658176 kB
VmallocUsed:      124352 kB
VmallocChunk:   251454372 kB
Time pass: 174 sec

---2015-12-03 20:19:11
MemTotal:        2582696 kB
MemFree:          131400 kB
Buffers:            7356 kB
Cached:           825916 kB
SwapCached:           16 kB
Active:          1113188 kB
Inactive:         566112 kB
Active(anon):     705040 kB
Inactive(anon):   145712 kB
Active(file):     408148 kB
Inactive(file):   420400 kB
Unevictable:        3916 kB
Mlocked:               0 kB
SwapTotal:        524284 kB
SwapFree:         518896 kB
Dirty:               896 kB
Writeback:            12 kB
AnonPages:        850160 kB
Mapped:           543464 kB
Shmem:               636 kB
Slab:             103300 kB
SReclaimable:      31884 kB
SUnreclaim:        71416 kB
KernelStack:       40688 kB
PageTables:        41332 kB
NFS_Unstable:          0 kB
Bounce:                0 kB
WritebackTmp:          0 kB
CommitLimit:     1815632 kB
Committed_AS:   114565336 kB
VmallocTotal:   251658176 kB
VmallocUsed:      124520 kB
VmallocChunk:   251454372 kB
Time pass: 178 sec

---2015-12-03 20:19:11
MemTotal:        2582696 kB
MemFree:          145844 kB
Buffers:            7356 kB
Cached:           827448 kB
SwapCached:           16 kB
Active:          1098288 kB
Inactive:         565520 kB
Active(anon):     687844 kB
Inactive(anon):   145728 kB
Active(file):     410444 kB
Inactive(file):   419792 kB
Unevictable:        3916 kB
Mlocked:               0 kB
SwapTotal:        524284 kB
SwapFree:         518896 kB
Dirty:               952 kB
Writeback:             0 kB
AnonPages:        832896 kB
Mapped:           543800 kB
Shmem:               652 kB
Slab:             103136 kB
SReclaimable:      31764 kB
SUnreclaim:        71372 kB
KernelStack:       41264 kB
PageTables:        41548 kB
NFS_Unstable:          0 kB
Bounce:                0 kB
WritebackTmp:          0 kB
CommitLimit:     1815632 kB
Committed_AS:   114517912 kB
VmallocTotal:   251658176 kB
VmallocUsed:      124520 kB
VmallocChunk:   251454372 kB
Time pass: 182 sec

---2015-12-03 20:19:11
MemTotal:        2582696 kB
MemFree:          143648 kB
Buffers:            7356 kB
Cached:           827956 kB
SwapCached:           16 kB
Active:          1100724 kB
Inactive:         565880 kB
Active(anon):     690132 kB
Inactive(anon):   145680 kB
Active(file):     410592 kB
Inactive(file):   420200 kB
Unevictable:        3916 kB
Mlocked:               0 kB
SwapTotal:        524284 kB
SwapFree:         518896 kB
Dirty:               980 kB
Writeback:             0 kB
AnonPages:        835048 kB
Mapped:           544216 kB
Shmem:               604 kB
Slab:             103288 kB
SReclaimable:      31768 kB
SUnreclaim:        71520 kB
KernelStack:       41264 kB
PageTables:        41488 kB
NFS_Unstable:          0 kB
Bounce:                0 kB
WritebackTmp:          0 kB
CommitLimit:     1815632 kB
Committed_AS:   114518672 kB
VmallocTotal:   251658176 kB
VmallocUsed:      124520 kB
VmallocChunk:   251454372 kB
Time pass: 185 sec

---2015-12-03 20:19:11
MemTotal:        2582696 kB
MemFree:          150944 kB
Buffers:            7356 kB
Cached:           828096 kB
SwapCached:           16 kB
Active:          1093896 kB
Inactive:         565796 kB
Active(anon):     683084 kB
Inactive(anon):   145704 kB
Active(file):     410812 kB
Inactive(file):   420092 kB
Unevictable:        3916 kB
Mlocked:               0 kB
SwapTotal:        524284 kB
SwapFree:         518896 kB
Dirty:               988 kB
Writeback:             0 kB
AnonPages:        828252 kB
Mapped:           537424 kB
Shmem:               632 kB
Slab:             103288 kB
SReclaimable:      31768 kB
SUnreclaim:        71520 kB
KernelStack:       40576 kB
PageTables:        40992 kB
NFS_Unstable:          0 kB
Bounce:                0 kB
WritebackTmp:          0 kB
CommitLimit:     1815632 kB
Committed_AS:   113270632 kB
VmallocTotal:   251658176 kB
VmallocUsed:      123500 kB
VmallocChunk:   251454372 kB
Time pass: 189 sec

---2015-12-03 20:19:11
MemTotal:        2582696 kB
MemFree:          125824 kB
Buffers:            7356 kB
Cached:           828592 kB
SwapCached:           16 kB
Active:          1117372 kB
Inactive:         566156 kB
Active(anon):     706424 kB
Inactive(anon):   145720 kB
Active(file):     410948 kB
Inactive(file):   420436 kB
Unevictable:        3916 kB
Mlocked:               0 kB
SwapTotal:        524284 kB
SwapFree:         518896 kB
Dirty:              1020 kB
Writeback:             0 kB
AnonPages:        851264 kB
Mapped:           544312 kB
Shmem:               648 kB
Slab:             103612 kB
SReclaimable:      31776 kB
SUnreclaim:        71836 kB
KernelStack:       41344 kB
PageTables:        41568 kB
NFS_Unstable:          0 kB
Bounce:                0 kB
WritebackTmp:          0 kB
CommitLimit:     1815632 kB
Committed_AS:   114530992 kB
VmallocTotal:   251658176 kB
VmallocUsed:      124520 kB
VmallocChunk:   251421604 kB
Time pass: 193 sec

---2015-12-03 20:19:11
MemTotal:        2582696 kB
MemFree:          125516 kB
Buffers:            7356 kB
Cached:           828604 kB
SwapCached:           16 kB
Active:          1117612 kB
Inactive:         566156 kB
Active(anon):     706652 kB
Inactive(anon):   145724 kB
Active(file):     410960 kB
Inactive(file):   420432 kB
Unevictable:        3916 kB
Mlocked:               0 kB
SwapTotal:        524284 kB
SwapFree:         518896 kB
Dirty:               988 kB
Writeback:             0 kB
AnonPages:        851800 kB
Mapped:           544300 kB
Shmem:               652 kB
Slab:             103732 kB
SReclaimable:      31792 kB
SUnreclaim:        71940 kB
KernelStack:       41312 kB
PageTables:        41548 kB
NFS_Unstable:          0 kB
Bounce:                0 kB
WritebackTmp:          0 kB
CommitLimit:     1815632 kB
Committed_AS:   114530976 kB
VmallocTotal:   251658176 kB
VmallocUsed:      124520 kB
VmallocChunk:   251421604 kB
Time pass: 197 sec

---2015-12-03 20:19:11
MemTotal:        2582696 kB
MemFree:          124952 kB
Buffers:            7356 kB
Cached:           828612 kB
SwapCached:           16 kB
Active:          1118460 kB
Inactive:         566144 kB
Active(anon):     707480 kB
Inactive(anon):   145732 kB
Active(file):     410980 kB
Inactive(file):   420412 kB
Unevictable:        3916 kB
Mlocked:               0 kB
SwapTotal:        524284 kB
SwapFree:         518896 kB
Dirty:              1036 kB
Writeback:             0 kB
AnonPages:        852468 kB
Mapped:           544316 kB
Shmem:               660 kB
Slab:             103736 kB
SReclaimable:      31788 kB
SUnreclaim:        71948 kB
KernelStack:       41328 kB
PageTables:        41552 kB
NFS_Unstable:          0 kB
Bounce:                0 kB
WritebackTmp:          0 kB
CommitLimit:     1815632 kB
Committed_AS:   114535080 kB
VmallocTotal:   251658176 kB
VmallocUsed:      124520 kB
VmallocChunk:   251421604 kB
Time pass: 200 sec

---2015-12-03 20:19:11
MemTotal:        2582696 kB
MemFree:          124364 kB
Buffers:            7364 kB
Cached:           828632 kB
SwapCached:           16 kB
Active:          1118856 kB
Inactive:         566164 kB
Active(anon):     707868 kB
Inactive(anon):   145748 kB
Active(file):     410988 kB
Inactive(file):   420416 kB
Unevictable:        3916 kB
Mlocked:               0 kB
SwapTotal:        524284 kB
SwapFree:         518896 kB
Dirty:              1012 kB
Writeback:             0 kB
AnonPages:        852984 kB
Mapped:           544340 kB
Shmem:               676 kB
Slab:             103892 kB
SReclaimable:      31792 kB
SUnreclaim:        72100 kB
KernelStack:       41312 kB
PageTables:        41552 kB
NFS_Unstable:          0 kB
Bounce:                0 kB
WritebackTmp:          0 kB
CommitLimit:     1815632 kB
Committed_AS:   114535064 kB
VmallocTotal:   251658176 kB
VmallocUsed:      124520 kB
VmallocChunk:   251421604 kB
Time pass: 204 sec

---2015-12-03 20:19:11
MemTotal:        2582696 kB
MemFree:          131972 kB
Buffers:            7364 kB
Cached:           828912 kB
SwapCached:           16 kB
Active:          1118804 kB
Inactive:         559736 kB
Active(anon):     701180 kB
Inactive(anon):   145808 kB
Active(file):     417624 kB
Inactive(file):   413928 kB
Unevictable:        3916 kB
Mlocked:               0 kB
SwapTotal:        524284 kB
SwapFree:         518896 kB
Dirty:              1228 kB
Writeback:             0 kB
AnonPages:        846320 kB
Mapped:           537664 kB
Shmem:               736 kB
Slab:             103900 kB
SReclaimable:      31780 kB
SUnreclaim:        72120 kB
KernelStack:       40496 kB
PageTables:        41052 kB
NFS_Unstable:          0 kB
Bounce:                0 kB
WritebackTmp:          0 kB
CommitLimit:     1815632 kB
Committed_AS:   113283088 kB
VmallocTotal:   251658176 kB
VmallocUsed:      123500 kB
VmallocChunk:   251454372 kB
Time pass: 208 sec

---2015-12-03 20:19:11
MemTotal:        2582696 kB
MemFree:          115468 kB
Buffers:            7364 kB
Cached:           829800 kB
SwapCached:           16 kB
Active:          1132752 kB
Inactive:         560636 kB
Active(anon):     715120 kB
Inactive(anon):   145900 kB
Active(file):     417632 kB
Inactive(file):   414736 kB
Unevictable:        3916 kB
Mlocked:               0 kB
SwapTotal:        524284 kB
SwapFree:         518896 kB
Dirty:              1256 kB
Writeback:             0 kB
AnonPages:        860184 kB
Mapped:           544624 kB
Shmem:               836 kB
Slab:             103832 kB
SReclaimable:      31796 kB
SUnreclaim:        72036 kB
KernelStack:       41392 kB
PageTables:        41596 kB
NFS_Unstable:          0 kB
Bounce:                0 kB
WritebackTmp:          0 kB
CommitLimit:     1815632 kB
Committed_AS:   114547384 kB
VmallocTotal:   251658176 kB
VmallocUsed:      124520 kB
VmallocChunk:   251454372 kB
Time pass: 212 sec

---2015-12-03 20:19:11
MemTotal:        2582696 kB
MemFree:          113240 kB
Buffers:            7364 kB
Cached:           829816 kB
SwapCached:           16 kB
Active:          1136452 kB
Inactive:         559120 kB
Active(anon):     717276 kB
Inactive(anon):   145908 kB
Active(file):     419176 kB
Inactive(file):   413212 kB
Unevictable:        3916 kB
Mlocked:               0 kB
SwapTotal:        524284 kB
SwapFree:         518896 kB
Dirty:              1008 kB
Writeback:             0 kB
AnonPages:        862644 kB
Mapped:           544644 kB
Shmem:               840 kB
Slab:             104000 kB
SReclaimable:      31844 kB
SUnreclaim:        72156 kB
KernelStack:       41344 kB
PageTables:        41596 kB
NFS_Unstable:          0 kB
Bounce:                0 kB
WritebackTmp:          0 kB
CommitLimit:     1815632 kB
Committed_AS:   114547288 kB
VmallocTotal:   251658176 kB
VmallocUsed:      124520 kB
VmallocChunk:   251454372 kB
Time pass: 216 sec

---2015-12-03 20:19:11
MemTotal:        2582696 kB
MemFree:          121672 kB
Buffers:            7364 kB
Cached:           829872 kB
SwapCached:           16 kB
Active:          1127476 kB
Inactive:         559176 kB
Active(anon):     708300 kB
Inactive(anon):   145948 kB
Active(file):     419176 kB
Inactive(file):   413228 kB
Unevictable:        3916 kB
Mlocked:               0 kB
SwapTotal:        524284 kB
SwapFree:         518896 kB
Dirty:              1016 kB
Writeback:             0 kB
AnonPages:        853364 kB
Mapped:           544692 kB
Shmem:               880 kB
Slab:             104188 kB
SReclaimable:      31844 kB
SUnreclaim:        72344 kB
KernelStack:       41344 kB
PageTables:        41588 kB
NFS_Unstable:          0 kB
Bounce:                0 kB
WritebackTmp:          0 kB
CommitLimit:     1815632 kB
Committed_AS:   114547304 kB
VmallocTotal:   251658176 kB
VmallocUsed:      124520 kB
VmallocChunk:   251454372 kB
Time pass: 219 sec

---2015-12-03 20:19:11
MemTotal:        2582696 kB
MemFree:          121172 kB
Buffers:            7364 kB
Cached:           829876 kB
SwapCached:           16 kB
Active:          1128120 kB
Inactive:         559180 kB
Active(anon):     708944 kB
Inactive(anon):   145948 kB
Active(file):     419176 kB
Inactive(file):   413232 kB
Unevictable:        3916 kB
Mlocked:               0 kB
SwapTotal:        524284 kB
SwapFree:         518896 kB
Dirty:              1048 kB
Writeback:             0 kB
AnonPages:        854136 kB
Mapped:           544692 kB
Shmem:               880 kB
Slab:             104256 kB
SReclaimable:      31844 kB
SUnreclaim:        72412 kB
KernelStack:       40992 kB
PageTables:        41576 kB
NFS_Unstable:          0 kB
Bounce:                0 kB
WritebackTmp:          0 kB
CommitLimit:     1815632 kB
Committed_AS:   114550384 kB
VmallocTotal:   251658176 kB
VmallocUsed:      124520 kB
VmallocChunk:   251454372 kB
Time pass: 223 sec

---2015-12-03 20:19:11
MemTotal:        2582696 kB
MemFree:          131588 kB
Buffers:            7364 kB
Cached:           831236 kB
SwapCached:           16 kB
Active:          1118992 kB
Inactive:         560456 kB
Active(anon):     699696 kB
Inactive(anon):   145940 kB
Active(file):     419296 kB
Inactive(file):   414516 kB
Unevictable:        3916 kB
Mlocked:               0 kB
SwapTotal:        524284 kB
SwapFree:         518896 kB
Dirty:              1048 kB
Writeback:             0 kB
AnonPages:        844820 kB
Mapped:           538148 kB
Shmem:               872 kB
Slab:             104060 kB
SReclaimable:      31844 kB
SUnreclaim:        72216 kB
KernelStack:       40160 kB
PageTables:        41072 kB
NFS_Unstable:          0 kB
Bounce:                0 kB
WritebackTmp:          0 kB
CommitLimit:     1815632 kB
Committed_AS:   113288488 kB
VmallocTotal:   251658176 kB
VmallocUsed:      123500 kB
VmallocChunk:   251454372 kB
Time pass: 227 sec

---2015-12-03 20:19:11
MemTotal:        2582696 kB
MemFree:          120364 kB
Buffers:            7364 kB
Cached:           831296 kB
SwapCached:           16 kB
Active:          1128092 kB
Inactive:         560524 kB
Active(anon):     708804 kB
Inactive(anon):   145980 kB
Active(file):     419288 kB
Inactive(file):   414544 kB
Unevictable:        3916 kB
Mlocked:               0 kB
SwapTotal:        524284 kB
SwapFree:         518896 kB
Dirty:              1076 kB
Writeback:             0 kB
AnonPages:        853988 kB
Mapped:           545220 kB
Shmem:               912 kB
Slab:             104084 kB
SReclaimable:      31844 kB
SUnreclaim:        72240 kB
KernelStack:       41168 kB
PageTables:        41672 kB
NFS_Unstable:          0 kB
Bounce:                0 kB
WritebackTmp:          0 kB
CommitLimit:     1815632 kB
Committed_AS:   114561768 kB
VmallocTotal:   251658176 kB
VmallocUsed:      124552 kB
VmallocChunk:   251454372 kB
Time pass: 231 sec

---2015-12-03 20:19:11
MemTotal:        2582696 kB
MemFree:          121960 kB
Buffers:            7364 kB
Cached:           831304 kB
SwapCached:           16 kB
Active:          1126320 kB
Inactive:         560516 kB
Active(anon):     707024 kB
Inactive(anon):   145980 kB
Active(file):     419296 kB
Inactive(file):   414536 kB
Unevictable:        3916 kB
Mlocked:               0 kB
SwapTotal:        524284 kB
SwapFree:         518896 kB
Dirty:              1048 kB
Writeback:             0 kB
AnonPages:        852200 kB
Mapped:           544980 kB
Shmem:               920 kB
Slab:             104184 kB
SReclaimable:      31876 kB
SUnreclaim:        72308 kB
KernelStack:       40912 kB
PageTables:        41604 kB
NFS_Unstable:          0 kB
Bounce:                0 kB
WritebackTmp:          0 kB
CommitLimit:     1815632 kB
Committed_AS:   114548744 kB
VmallocTotal:   251658176 kB
VmallocUsed:      124520 kB
VmallocChunk:   251454372 kB
Time pass: 234 sec

---2015-12-03 20:19:11
MemTotal:        2582696 kB
MemFree:          126820 kB
Buffers:            7364 kB
Cached:           831452 kB
SwapCached:           16 kB
Active:          1122480 kB
Inactive:         559524 kB
Active(anon):     702044 kB
Inactive(anon):   145980 kB
Active(file):     420436 kB
Inactive(file):   413544 kB
Unevictable:        3916 kB
Mlocked:               0 kB
SwapTotal:        524284 kB
SwapFree:         518896 kB
Dirty:              1048 kB
Writeback:             0 kB
AnonPages:        847172 kB
Mapped:           544936 kB
Shmem:               920 kB
Slab:             104188 kB
SReclaimable:      31876 kB
SUnreclaim:        72312 kB
KernelStack:       40880 kB
PageTables:        41584 kB
NFS_Unstable:          0 kB
Bounce:                0 kB
WritebackTmp:          0 kB
CommitLimit:     1815632 kB
Committed_AS:   114548656 kB
VmallocTotal:   251658176 kB
VmallocUsed:      124520 kB
VmallocChunk:   251454372 kB
Time pass: 238 sec

---2015-12-03 20:19:11
MemTotal:        2582696 kB
MemFree:          127656 kB
Buffers:            7364 kB
Cached:           831452 kB
SwapCached:           16 kB
Active:          1121640 kB
Inactive:         559524 kB
Active(anon):     701204 kB
Inactive(anon):   145980 kB
Active(file):     420436 kB
Inactive(file):   413544 kB
Unevictable:        3916 kB
Mlocked:               0 kB
SwapTotal:        524284 kB
SwapFree:         518896 kB
Dirty:              1052 kB
Writeback:             0 kB
AnonPages:        846344 kB
Mapped:           544948 kB
Shmem:               920 kB
Slab:             104208 kB
SReclaimable:      31876 kB
SUnreclaim:        72332 kB
KernelStack:       40912 kB
PageTables:        41588 kB
NFS_Unstable:          0 kB
Bounce:                0 kB
WritebackTmp:          0 kB
CommitLimit:     1815632 kB
Committed_AS:   114548648 kB
VmallocTotal:   251658176 kB
VmallocUsed:      124520 kB
VmallocChunk:   251454372 kB
Time pass: 242 sec

---2015-12-03 20:19:11
MemTotal:        2582696 kB
MemFree:          136796 kB
Buffers:            7364 kB
Cached:           831452 kB
SwapCached:           16 kB
Active:          1114172 kB
Inactive:         559524 kB
Active(anon):     693736 kB
Inactive(anon):   145980 kB
Active(file):     420436 kB
Inactive(file):   413544 kB
Unevictable:        3916 kB
Mlocked:               0 kB
SwapTotal:        524284 kB
SwapFree:         518896 kB
Dirty:              1052 kB
Writeback:             0 kB
AnonPages:        838640 kB
Mapped:           538216 kB
Shmem:               920 kB
Slab:             104172 kB
SReclaimable:      31876 kB
SUnreclaim:        72296 kB
KernelStack:       40144 kB
PageTables:        41084 kB
NFS_Unstable:          0 kB
Bounce:                0 kB
WritebackTmp:          0 kB
CommitLimit:     1815632 kB
Committed_AS:   113296776 kB
VmallocTotal:   251658176 kB
VmallocUsed:      123500 kB
VmallocChunk:   251454372 kB
Time pass: 245 sec

---2015-12-03 20:19:11
MemTotal:        2582696 kB
MemFree:          127924 kB
Buffers:            7364 kB
Cached:           831472 kB
SwapCached:           16 kB
Active:          1123104 kB
Inactive:         559548 kB
Active(anon):     702676 kB
Inactive(anon):   145988 kB
Active(file):     420428 kB
Inactive(file):   413560 kB
Unevictable:        3916 kB
Mlocked:               0 kB
SwapTotal:        524284 kB
SwapFree:         518896 kB
Dirty:              1072 kB
Writeback:             0 kB
AnonPages:        847696 kB
Mapped:           544796 kB
Shmem:               932 kB
Slab:             104432 kB
SReclaimable:      31876 kB
SUnreclaim:        72556 kB
KernelStack:       41104 kB
PageTables:        41600 kB
NFS_Unstable:          0 kB
Bounce:                0 kB
WritebackTmp:          0 kB
CommitLimit:     1815632 kB
Committed_AS:   114548632 kB
VmallocTotal:   251658176 kB
VmallocUsed:      124592 kB
VmallocChunk:   251454372 kB
Time pass: 249 sec

---2015-12-03 20:19:11
MemTotal:        2582696 kB
MemFree:          122392 kB
Buffers:            7364 kB
Cached:           832480 kB
SwapCached:           16 kB
Active:          1125076 kB
Inactive:         560556 kB
Active(anon):     704644 kB
Inactive(anon):   146000 kB
Active(file):     420432 kB
Inactive(file):   414556 kB
Unevictable:        3916 kB
Mlocked:               0 kB
SwapTotal:        524284 kB
SwapFree:         518896 kB
Dirty:              1064 kB
Writeback:             0 kB
AnonPages:        849692 kB
Mapped:           545092 kB
Shmem:               940 kB
Slab:             104552 kB
SReclaimable:      31876 kB
SUnreclaim:        72676 kB
KernelStack:       40928 kB
PageTables:        41556 kB
NFS_Unstable:          0 kB
Bounce:                0 kB
WritebackTmp:          0 kB
CommitLimit:     1815632 kB
Committed_AS:   114556880 kB
VmallocTotal:   251658176 kB
VmallocUsed:      124520 kB
VmallocChunk:   251454372 kB
Time pass: 253 sec

---2015-12-03 20:19:11
MemTotal:        2582696 kB
MemFree:          129836 kB
Buffers:            7364 kB
Cached:           832600 kB
SwapCached:           16 kB
Active:          1117280 kB
Inactive:         560668 kB
Active(anon):     696840 kB
Inactive(anon):   145996 kB
Active(file):     420440 kB
Inactive(file):   414672 kB
Unevictable:        3916 kB
Mlocked:               0 kB
SwapTotal:        524284 kB
SwapFree:         518896 kB
Dirty:              1052 kB
Writeback:             0 kB
AnonPages:        841800 kB
Mapped:           545196 kB
Shmem:               936 kB
Slab:             104472 kB
SReclaimable:      31892 kB
SUnreclaim:        72580 kB
KernelStack:       40848 kB
PageTables:        41624 kB
NFS_Unstable:          0 kB
Bounce:                0 kB
WritebackTmp:          0 kB
CommitLimit:     1815632 kB
Committed_AS:   114556688 kB
VmallocTotal:   251658176 kB
VmallocUsed:      124520 kB
VmallocChunk:   251454372 kB
Time pass: 257 sec

---2015-12-03 20:19:11
MemTotal:        2582696 kB
MemFree:          129348 kB
Buffers:            7364 kB
Cached:           832604 kB
SwapCached:           16 kB
Active:          1118316 kB
Inactive:         560672 kB
Active(anon):     697876 kB
Inactive(anon):   145996 kB
Active(file):     420440 kB
Inactive(file):   414676 kB
Unevictable:        3916 kB
Mlocked:               0 kB
SwapTotal:        524284 kB
SwapFree:         518896 kB
Dirty:              1104 kB
Writeback:             0 kB
AnonPages:        842708 kB
Mapped:           545224 kB
Shmem:               936 kB
Slab:             104424 kB
SReclaimable:      31892 kB
SUnreclaim:        72532 kB
KernelStack:       40864 kB
PageTables:        41636 kB
NFS_Unstable:          0 kB
Bounce:                0 kB
WritebackTmp:          0 kB
CommitLimit:     1815632 kB
Committed_AS:   114556728 kB
VmallocTotal:   251658176 kB
VmallocUsed:      124520 kB
VmallocChunk:   251454372 kB
Time pass: 261 sec

---2015-12-03 20:19:11
MemTotal:        2582696 kB
MemFree:          138800 kB
Buffers:            7372 kB
Cached:           832604 kB
SwapCached:           16 kB
Active:          1110820 kB
Inactive:         560680 kB
Active(anon):     690380 kB
Inactive(anon):   145996 kB
Active(file):     420440 kB
Inactive(file):   414684 kB
Unevictable:        3916 kB
Mlocked:               0 kB
SwapTotal:        524284 kB
SwapFree:         518896 kB
Dirty:              1072 kB
Writeback:             0 kB
AnonPages:        835504 kB
Mapped:           538324 kB
Shmem:               936 kB
Slab:             104436 kB
SReclaimable:      31892 kB
SUnreclaim:        72544 kB
KernelStack:       40160 kB
PageTables:        41120 kB
NFS_Unstable:          0 kB
Bounce:                0 kB
WritebackTmp:          0 kB
CommitLimit:     1815632 kB
Committed_AS:   113304800 kB
VmallocTotal:   251658176 kB
VmallocUsed:      123500 kB
VmallocChunk:   251454372 kB
Time pass: 264 sec

---2015-12-03 20:19:11
MemTotal:        2582696 kB
MemFree:          122276 kB
Buffers:            7372 kB
Cached:           832608 kB
SwapCached:          148 kB
Active:          1125464 kB
Inactive:         560812 kB
Active(anon):     705020 kB
Inactive(anon):   146128 kB
Active(file):     420444 kB
Inactive(file):   414684 kB
Unevictable:        3916 kB
Mlocked:               0 kB
SwapTotal:        524284 kB
SwapFree:         518896 kB
Dirty:              1392 kB
Writeback:             0 kB
AnonPages:        850392 kB
Mapped:           544800 kB
Shmem:               936 kB
Slab:             104392 kB
SReclaimable:      31892 kB
SUnreclaim:        72500 kB
KernelStack:       41136 kB
PageTables:        41788 kB
NFS_Unstable:          0 kB
Bounce:                0 kB
WritebackTmp:          0 kB
CommitLimit:     1815632 kB
Committed_AS:   114564716 kB
VmallocTotal:   251658176 kB
VmallocUsed:      124560 kB
VmallocChunk:   251454372 kB
Time pass: 268 sec

---2015-12-03 20:19:11
MemTotal:        2582696 kB
MemFree:          121284 kB
Buffers:            7372 kB
Cached:           832740 kB
SwapCached:          148 kB
Active:          1126548 kB
Inactive:         560952 kB
Active(anon):     706112 kB
Inactive(anon):   146132 kB
Active(file):     420436 kB
Inactive(file):   414820 kB
Unevictable:        3916 kB
Mlocked:               0 kB
SwapTotal:        524284 kB
SwapFree:         518896 kB
Dirty:              1360 kB
Writeback:             0 kB
AnonPages:        851452 kB
Mapped:           545136 kB
Shmem:               940 kB
Slab:             104444 kB
SReclaimable:      31908 kB
SUnreclaim:        72536 kB
KernelStack:       40880 kB
PageTables:        41608 kB
NFS_Unstable:          0 kB
Bounce:                0 kB
WritebackTmp:          0 kB
CommitLimit:     1815632 kB
Committed_AS:   114560248 kB
VmallocTotal:   251658176 kB
VmallocUsed:      124560 kB
VmallocChunk:   251454372 kB
Time pass: 272 sec

---2015-12-03 20:19:11
MemTotal:        2582696 kB
MemFree:          122700 kB
Buffers:            7372 kB
Cached:           832752 kB
SwapCached:          148 kB
Active:          1123728 kB
Inactive:         560956 kB
Active(anon):     703284 kB
Inactive(anon):   146136 kB
Active(file):     420444 kB
Inactive(file):   414820 kB
Unevictable:        3916 kB
Mlocked:               0 kB
SwapTotal:        524284 kB
SwapFree:         518896 kB
Dirty:              1056 kB
Writeback:             0 kB
AnonPages:        848520 kB
Mapped:           545156 kB
Shmem:               944 kB
Slab:             104468 kB
SReclaimable:      31956 kB
SUnreclaim:        72512 kB
KernelStack:       40880 kB
PageTables:        41612 kB
NFS_Unstable:          0 kB
Bounce:                0 kB
WritebackTmp:          0 kB
CommitLimit:     1815632 kB
Committed_AS:   114560056 kB
VmallocTotal:   251658176 kB
VmallocUsed:      124560 kB
VmallocChunk:   251454372 kB
Time pass: 276 sec

---2015-12-03 20:19:11
MemTotal:        2582696 kB
MemFree:          122644 kB
Buffers:            7372 kB
Cached:           832752 kB
SwapCached:          148 kB
Active:          1124288 kB
Inactive:         560956 kB
Active(anon):     703844 kB
Inactive(anon):   146136 kB
Active(file):     420444 kB
Inactive(file):   414820 kB
Unevictable:        3916 kB
Mlocked:               0 kB
SwapTotal:        524284 kB
SwapFree:         518896 kB
Dirty:              1056 kB
Writeback:             0 kB
AnonPages:        848880 kB
Mapped:           545264 kB
Shmem:               944 kB
Slab:             104616 kB
SReclaimable:      31956 kB
SUnreclaim:        72660 kB
KernelStack:       40912 kB
PageTables:        41640 kB
NFS_Unstable:          0 kB
Bounce:                0 kB
WritebackTmp:          0 kB
CommitLimit:     1815632 kB
Committed_AS:   114560040 kB
VmallocTotal:   251658176 kB
VmallocUsed:      124560 kB
VmallocChunk:   251454372 kB
Time pass: 280 sec

---2015-12-03 20:19:11
MemTotal:        2582696 kB
MemFree:          129024 kB
Buffers:            7372 kB
Cached:           832752 kB
SwapCached:          148 kB
Active:          1119208 kB
Inactive:         560956 kB
Active(anon):     698764 kB
Inactive(anon):   146136 kB
Active(file):     420444 kB
Inactive(file):   414820 kB
Unevictable:        3916 kB
Mlocked:               0 kB
SwapTotal:        524284 kB
SwapFree:         518896 kB
Dirty:              1056 kB
Writeback:             0 kB
AnonPages:        843920 kB
Mapped:           538864 kB
Shmem:               944 kB
Slab:             104432 kB
SReclaimable:      31956 kB
SUnreclaim:        72476 kB
KernelStack:       40608 kB
PageTables:        41144 kB
NFS_Unstable:          0 kB
Bounce:                0 kB
WritebackTmp:          0 kB
CommitLimit:     1815632 kB
Committed_AS:   113325264 kB
VmallocTotal:   251658176 kB
VmallocUsed:      123508 kB
VmallocChunk:   251454372 kB
Time pass: 284 sec

---2015-12-03 20:19:11
MemTotal:        2582696 kB
MemFree:          115960 kB
Buffers:            7372 kB
Cached:           832808 kB
SwapCached:          148 kB
Active:          1131552 kB
Inactive:         561008 kB
Active(anon):     711104 kB
Inactive(anon):   146144 kB
Active(file):     420448 kB
Inactive(file):   414864 kB
Unevictable:        3916 kB
Mlocked:               0 kB
SwapTotal:        524284 kB
SwapFree:         518896 kB
Dirty:              1076 kB
Writeback:             0 kB
AnonPages:        856504 kB
Mapped:           544764 kB
Shmem:               952 kB
Slab:             104512 kB
SReclaimable:      31956 kB
SUnreclaim:        72556 kB
KernelStack:       41232 kB
PageTables:        41588 kB
NFS_Unstable:          0 kB
Bounce:                0 kB
WritebackTmp:          0 kB
CommitLimit:     1815632 kB
Committed_AS:   114563708 kB
VmallocTotal:   251658176 kB
VmallocUsed:      124528 kB
VmallocChunk:   251454372 kB
Time pass: 287 sec

---2015-12-03 20:19:11
MemTotal:        2582696 kB
MemFree:          121952 kB
Buffers:            7372 kB
Cached:           833068 kB
SwapCached:          148 kB
Active:          1125668 kB
Inactive:         561264 kB
Active(anon):     705216 kB
Inactive(anon):   146160 kB
Active(file):     420452 kB
Inactive(file):   415104 kB
Unevictable:        3916 kB
Mlocked:               0 kB
SwapTotal:        524284 kB
SwapFree:         518896 kB
Dirty:              1072 kB
Writeback:             0 kB
AnonPages:        850380 kB
Mapped:           545364 kB
Shmem:               968 kB
Slab:             104788 kB
SReclaimable:      32004 kB
SUnreclaim:        72784 kB
KernelStack:       40944 kB
PageTables:        41696 kB
NFS_Unstable:          0 kB
Bounce:                0 kB
WritebackTmp:          0 kB
CommitLimit:     1815632 kB
Committed_AS:   114576736 kB
VmallocTotal:   251658176 kB
VmallocUsed:      124520 kB
VmallocChunk:   251450164 kB
Time pass: 291 sec

---2015-12-03 20:19:11
MemTotal:        2582696 kB
MemFree:          124556 kB
Buffers:            7372 kB
Cached:           833068 kB
SwapCached:          148 kB
Active:          1122856 kB
Inactive:         561256 kB
Active(anon):     702396 kB
Inactive(anon):   146160 kB
Active(file):     420460 kB
Inactive(file):   415096 kB
Unevictable:        3916 kB
Mlocked:               0 kB
SwapTotal:        524284 kB
SwapFree:         518896 kB
Dirty:              1068 kB
Writeback:             0 kB
AnonPages:        847324 kB
Mapped:           545372 kB
Shmem:               968 kB
Slab:             104780 kB
SReclaimable:      32004 kB
SUnreclaim:        72776 kB
KernelStack:       40944 kB
PageTables:        41696 kB
NFS_Unstable:          0 kB
Bounce:                0 kB
WritebackTmp:          0 kB
CommitLimit:     1815632 kB
Committed_AS:   114576696 kB
VmallocTotal:   251658176 kB
VmallocUsed:      124520 kB
VmallocChunk:   251450164 kB
Time pass: 295 sec

---2015-12-03 20:19:11
MemTotal:        2582696 kB
MemFree:          124636 kB
Buffers:            7372 kB
Cached:           833068 kB
SwapCached:          148 kB
Active:          1123168 kB
Inactive:         561256 kB
Active(anon):     702708 kB
Inactive(anon):   146160 kB
Active(file):     420460 kB
Inactive(file):   415096 kB
Unevictable:        3916 kB
Mlocked:               0 kB
SwapTotal:        524284 kB
SwapFree:         518896 kB
Dirty:              1068 kB
Writeback:             0 kB
AnonPages:        847688 kB
Mapped:           545420 kB
Shmem:               968 kB
Slab:             104796 kB
SReclaimable:      32004 kB
SUnreclaim:        72792 kB
KernelStack:       40896 kB
PageTables:        41652 kB
NFS_Unstable:          0 kB
Bounce:                0 kB
WritebackTmp:          0 kB
CommitLimit:     1815632 kB
Committed_AS:   114576696 kB
VmallocTotal:   251658176 kB
VmallocUsed:      124520 kB
VmallocChunk:   251450164 kB
Time pass: 299 sec

---2015-12-03 20:19:11
MemTotal:        2582696 kB
MemFree:          133116 kB
Buffers:            7372 kB
Cached:           833068 kB
SwapCached:          148 kB
Active:          1115672 kB
Inactive:         561260 kB
Active(anon):     695216 kB
Inactive(anon):   146160 kB
Active(file):     420456 kB
Inactive(file):   415100 kB
Unevictable:        3916 kB
Mlocked:               0 kB
SwapTotal:        524284 kB
SwapFree:         518896 kB
Dirty:              1068 kB
Writeback:             0 kB
AnonPages:        840264 kB
Mapped:           538648 kB
Shmem:               968 kB
Slab:             104776 kB
SReclaimable:      32004 kB
SUnreclaim:        72772 kB
KernelStack:       40688 kB
PageTables:        41188 kB
NFS_Unstable:          0 kB
Bounce:                0 kB
WritebackTmp:          0 kB
CommitLimit:     1815632 kB
Committed_AS:   113320728 kB
VmallocTotal:   251658176 kB
VmallocUsed:      123500 kB
VmallocChunk:   251450068 kB
Time pass: 302 sec

---2015-12-03 20:19:11
MemTotal:        2582696 kB
MemFree:          126140 kB
Buffers:            7372 kB
Cached:           833076 kB
SwapCached:          148 kB
Active:          1121436 kB
Inactive:         561248 kB
Active(anon):     700972 kB
Inactive(anon):   146160 kB
Active(file):     420464 kB
Inactive(file):   415088 kB
Unevictable:        3916 kB
Mlocked:               0 kB
SwapTotal:        524284 kB
SwapFree:         518896 kB
Dirty:              1080 kB
Writeback:             0 kB
AnonPages:        846312 kB
Mapped:           543816 kB
Shmem:               968 kB
Slab:             104756 kB
SReclaimable:      32004 kB
SUnreclaim:        72752 kB
KernelStack:       40384 kB
PageTables:        41560 kB
NFS_Unstable:          0 kB
Bounce:                0 kB
WritebackTmp:          0 kB
CommitLimit:     1815632 kB
Committed_AS:   114570984 kB
VmallocTotal:   251658176 kB
VmallocUsed:      124520 kB
VmallocChunk:   251440548 kB
Time pass: 306 sec

---2015-12-03 20:19:11
MemTotal:        2582696 kB
MemFree:          110448 kB
Buffers:            7372 kB
Cached:           833204 kB
SwapCached:          148 kB
Active:          1136116 kB
Inactive:         561392 kB
Active(anon):     715656 kB
Inactive(anon):   146188 kB
Active(file):     420460 kB
Inactive(file):   415204 kB
Unevictable:        3916 kB
Mlocked:               0 kB
SwapTotal:        524284 kB
SwapFree:         518896 kB
Dirty:              1068 kB
Writeback:             0 kB
AnonPages:        860944 kB
Mapped:           545496 kB
Shmem:               996 kB
Slab:             104712 kB
SReclaimable:      31988 kB
SUnreclaim:        72724 kB
KernelStack:       40976 kB
PageTables:        41688 kB
NFS_Unstable:          0 kB
Bounce:                0 kB
WritebackTmp:          0 kB
CommitLimit:     1815632 kB
Committed_AS:   114580992 kB
VmallocTotal:   251658176 kB
VmallocUsed:      124532 kB
VmallocChunk:   251440548 kB
Time pass: 310 sec

---2015-12-03 20:19:11
MemTotal:        2582696 kB
MemFree:          109536 kB
Buffers:            7372 kB
Cached:           833204 kB
SwapCached:          148 kB
Active:          1137560 kB
Inactive:         559912 kB
Active(anon):     715620 kB
Inactive(anon):   146188 kB
Active(file):     421940 kB
Inactive(file):   413724 kB
Unevictable:        3916 kB
Mlocked:               0 kB
SwapTotal:        524284 kB
SwapFree:         518896 kB
Dirty:              1068 kB
Writeback:           220 kB
AnonPages:        860836 kB
Mapped:           545496 kB
Shmem:               996 kB
Slab:             104616 kB
SReclaimable:      31988 kB
SUnreclaim:        72628 kB
KernelStack:       40960 kB
PageTables:        41688 kB
NFS_Unstable:          0 kB
Bounce:                0 kB
WritebackTmp:          0 kB
CommitLimit:     1815632 kB
Committed_AS:   114580868 kB
VmallocTotal:   251658176 kB
VmallocUsed:      124532 kB
VmallocChunk:   251440548 kB
Time pass: 314 sec

---2015-12-03 20:19:11
MemTotal:        2582696 kB
MemFree:          109108 kB
Buffers:            7372 kB
Cached:           833204 kB
SwapCached:          148 kB
Active:          1138048 kB
Inactive:         559856 kB
Active(anon):     716052 kB
Inactive(anon):   146188 kB
Active(file):     421996 kB
Inactive(file):   413668 kB
Unevictable:        3916 kB
Mlocked:               0 kB
SwapTotal:        524284 kB
SwapFree:         518896 kB
Dirty:              1068 kB
Writeback:             0 kB
AnonPages:        861360 kB
Mapped:           545536 kB
Shmem:               996 kB
Slab:             104608 kB
SReclaimable:      31988 kB
SUnreclaim:        72620 kB
KernelStack:       40960 kB
PageTables:        41688 kB
NFS_Unstable:          0 kB
Bounce:                0 kB
WritebackTmp:          0 kB
CommitLimit:     1815632 kB
Committed_AS:   114580896 kB
VmallocTotal:   251658176 kB
VmallocUsed:      124532 kB
VmallocChunk:   251440548 kB
Time pass: 318 sec

---2015-12-03 20:19:11
MemTotal:        2582696 kB
MemFree:          109956 kB
Buffers:            7372 kB
Cached:           830820 kB
SwapCached:          148 kB
Active:          1136808 kB
Inactive:         561100 kB
Active(anon):     716496 kB
Inactive(anon):   148144 kB
Active(file):     420312 kB
Inactive(file):   412956 kB
Unevictable:        3920 kB
Mlocked:               0 kB
SwapTotal:        524284 kB
SwapFree:         518776 kB
Dirty:              1140 kB
Writeback:             0 kB
AnonPages:        863608 kB
Mapped:           545468 kB
Shmem:              1004 kB
Slab:             104512 kB
SReclaimable:      31892 kB
SUnreclaim:        72620 kB
KernelStack:       40944 kB
PageTables:        41680 kB
NFS_Unstable:          0 kB
Bounce:                0 kB
WritebackTmp:          0 kB
CommitLimit:     1815632 kB
Committed_AS:   114580936 kB
VmallocTotal:   251658176 kB
VmallocUsed:      124532 kB
VmallocChunk:   251440548 kB
Time pass: 321 sec

---2015-12-03 20:19:11
MemTotal:        2582696 kB
MemFree:          119212 kB
Buffers:            7380 kB
Cached:           830992 kB
SwapCached:          148 kB
Active:          1129144 kB
Inactive:         561260 kB
Active(anon):     708812 kB
Inactive(anon):   148144 kB
Active(file):     420332 kB
Inactive(file):   413116 kB
Unevictable:        3920 kB
Mlocked:               0 kB
SwapTotal:        524284 kB
SwapFree:         518776 kB
Dirty:              1100 kB
Writeback:             0 kB
AnonPages:        855920 kB
Mapped:           538792 kB
Shmem:              1004 kB
Slab:             104460 kB
SReclaimable:      31892 kB
SUnreclaim:        72568 kB
KernelStack:       40144 kB
PageTables:        41188 kB
NFS_Unstable:          0 kB
Bounce:                0 kB
WritebackTmp:          0 kB
CommitLimit:     1815632 kB
Committed_AS:   113328856 kB
VmallocTotal:   251658176 kB
VmallocUsed:      123512 kB
VmallocChunk:   251450032 kB
Time pass: 325 sec

---2015-12-03 20:19:11
MemTotal:        2582696 kB
MemFree:          117884 kB
Buffers:            7380 kB
Cached:           832164 kB
SwapCached:          148 kB
Active:          1127880 kB
Inactive:         562432 kB
Active(anon):     707548 kB
Inactive(anon):   148148 kB
Active(file):     420332 kB
Inactive(file):   414284 kB
Unevictable:        3920 kB
Mlocked:               0 kB
SwapTotal:        524284 kB
SwapFree:         518776 kB
Dirty:              1336 kB
Writeback:             0 kB
AnonPages:        854620 kB
Mapped:           545668 kB
Shmem:              1008 kB
Slab:             104476 kB
SReclaimable:      31892 kB
SUnreclaim:        72584 kB
KernelStack:       40976 kB
PageTables:        41716 kB
NFS_Unstable:          0 kB
Bounce:                0 kB
WritebackTmp:          0 kB
CommitLimit:     1815632 kB
Committed_AS:   114593320 kB
VmallocTotal:   251658176 kB
VmallocUsed:      124532 kB
VmallocChunk:   251450032 kB
Time pass: 328 sec

---2015-12-03 20:19:11
MemTotal:        2582696 kB
MemFree:          125060 kB
Buffers:            7380 kB
Cached:           832168 kB
SwapCached:          148 kB
Active:          1120188 kB
Inactive:         562428 kB
Active(anon):     699848 kB
Inactive(anon):   148160 kB
Active(file):     420340 kB
Inactive(file):   414268 kB
Unevictable:        3920 kB
Mlocked:               0 kB
SwapTotal:        524284 kB
SwapFree:         518776 kB
Dirty:              1280 kB
Writeback:             0 kB
AnonPages:        847000 kB
Mapped:           545684 kB
Shmem:              1020 kB
Slab:             104524 kB
SReclaimable:      31892 kB
SUnreclaim:        72632 kB
KernelStack:       40928 kB
PageTables:        41720 kB
NFS_Unstable:          0 kB
Bounce:                0 kB
WritebackTmp:          0 kB
CommitLimit:     1815632 kB
Committed_AS:   114593248 kB
VmallocTotal:   251658176 kB
VmallocUsed:      124532 kB
VmallocChunk:   251450032 kB
Time pass: 332 sec

---2015-12-03 20:19:11
MemTotal:        2582696 kB
MemFree:          126520 kB
Buffers:            7380 kB
Cached:           832168 kB
SwapCached:          148 kB
Active:          1119140 kB
Inactive:         562416 kB
Active(anon):     698788 kB
Inactive(anon):   148160 kB
Active(file):     420352 kB
Inactive(file):   414256 kB
Unevictable:        3920 kB
Mlocked:               0 kB
SwapTotal:        524284 kB
SwapFree:         518776 kB
Dirty:              1112 kB
Writeback:             0 kB
AnonPages:        845980 kB
Mapped:           545716 kB
Shmem:              1020 kB
Slab:             104508 kB
SReclaimable:      31892 kB
SUnreclaim:        72616 kB
KernelStack:       40896 kB
PageTables:        41708 kB
NFS_Unstable:          0 kB
Bounce:                0 kB
WritebackTmp:          0 kB
CommitLimit:     1815632 kB
Committed_AS:   114593384 kB
VmallocTotal:   251658176 kB
VmallocUsed:      124532 kB
VmallocChunk:   251450032 kB
Time pass: 336 sec

---2015-12-03 20:19:11
MemTotal:        2582696 kB
MemFree:          125656 kB
Buffers:            7380 kB
Cached:           832268 kB
SwapCached:          148 kB
Active:          1119392 kB
Inactive:         562516 kB
Active(anon):     699040 kB
Inactive(anon):   148160 kB
Active(file):     420352 kB
Inactive(file):   414356 kB
Unevictable:        3920 kB
Mlocked:               0 kB
SwapTotal:        524284 kB
SwapFree:         518776 kB
Dirty:              1112 kB
Writeback:             0 kB
AnonPages:        846244 kB
Mapped:           545688 kB
Shmem:              1020 kB
Slab:             104468 kB
SReclaimable:      31892 kB
SUnreclaim:        72576 kB
KernelStack:       40912 kB
PageTables:        41720 kB
NFS_Unstable:          0 kB
Bounce:                0 kB
WritebackTmp:          0 kB
CommitLimit:     1815632 kB
Committed_AS:   114593352 kB
VmallocTotal:   251658176 kB
VmallocUsed:      124532 kB
VmallocChunk:   251450032 kB
Time pass: 340 sec

---2015-12-03 20:19:11
MemTotal:        2582696 kB
MemFree:          134824 kB
Buffers:            7380 kB
Cached:           832268 kB
SwapCached:          148 kB
Active:          1111884 kB
Inactive:         562516 kB
Active(anon):     691532 kB
Inactive(anon):   148160 kB
Active(file):     420352 kB
Inactive(file):   414356 kB
Unevictable:        3920 kB
Mlocked:               0 kB
SwapTotal:        524284 kB
SwapFree:         518776 kB
Dirty:              1112 kB
Writeback:             0 kB
AnonPages:        838660 kB
Mapped:           538948 kB
Shmem:              1020 kB
Slab:             104428 kB
SReclaimable:      31876 kB
SUnreclaim:        72552 kB
KernelStack:       40144 kB
PageTables:        41216 kB
NFS_Unstable:          0 kB
Bounce:                0 kB
WritebackTmp:          0 kB
CommitLimit:     1815632 kB
Committed_AS:   113337300 kB
VmallocTotal:   251658176 kB
VmallocUsed:      123512 kB
VmallocChunk:   251450032 kB
Time pass: 343 sec

---2015-12-03 20:19:11
MemTotal:        2582696 kB
MemFree:          114632 kB
Buffers:            7380 kB
Cached:           832640 kB
SwapCached:          148 kB
Active:          1130300 kB
Inactive:         562896 kB
Active(anon):     709960 kB
Inactive(anon):   148172 kB
Active(file):     420340 kB
Inactive(file):   414724 kB
Unevictable:        3920 kB
Mlocked:               0 kB
SwapTotal:        524284 kB
SwapFree:         518776 kB
Dirty:              1144 kB
Writeback:             0 kB
AnonPages:        857100 kB
Mapped:           545780 kB
Shmem:              1036 kB
Slab:             104432 kB
SReclaimable:      31876 kB
SUnreclaim:        72556 kB
KernelStack:       40880 kB
PageTables:        41864 kB
NFS_Unstable:          0 kB
Bounce:                0 kB
WritebackTmp:          0 kB
CommitLimit:     1815632 kB
Committed_AS:   114601608 kB
VmallocTotal:   251658176 kB
VmallocUsed:      124532 kB
VmallocChunk:   251450032 kB
Time pass: 347 sec

---2015-12-03 20:19:11
MemTotal:        2582696 kB
MemFree:          114256 kB
Buffers:            7380 kB
Cached:           832640 kB
SwapCached:          148 kB
Active:          1130264 kB
Inactive:         562888 kB
Active(anon):     709916 kB
Inactive(anon):   148172 kB
Active(file):     420348 kB
Inactive(file):   414716 kB
Unevictable:        3920 kB
Mlocked:               0 kB
SwapTotal:        524284 kB
SwapFree:         518776 kB
Dirty:              1112 kB
Writeback:             0 kB
AnonPages:        857104 kB
Mapped:           545788 kB
Shmem:              1036 kB
Slab:             104600 kB
SReclaimable:      31876 kB
SUnreclaim:        72724 kB
KernelStack:       40864 kB
PageTables:        41868 kB
NFS_Unstable:          0 kB
Bounce:                0 kB
WritebackTmp:          0 kB
CommitLimit:     1815632 kB
Committed_AS:   114601616 kB
VmallocTotal:   251658176 kB
VmallocUsed:      124532 kB
VmallocChunk:   251450032 kB
Time pass: 351 sec

---2015-12-03 20:19:11
MemTotal:        2582696 kB
MemFree:          114112 kB
Buffers:            7380 kB
Cached:           832640 kB
SwapCached:          148 kB
Active:          1130376 kB
Inactive:         562888 kB
Active(anon):     710028 kB
Inactive(anon):   148172 kB
Active(file):     420348 kB
Inactive(file):   414716 kB
Unevictable:        3920 kB
Mlocked:               0 kB
SwapTotal:        524284 kB
SwapFree:         518776 kB
Dirty:              1112 kB
Writeback:             0 kB
AnonPages:        857104 kB
Mapped:           545788 kB
Shmem:              1036 kB
Slab:             104552 kB
SReclaimable:      31876 kB
SUnreclaim:        72676 kB
KernelStack:       40864 kB
PageTables:        41868 kB
NFS_Unstable:          0 kB
Bounce:                0 kB
WritebackTmp:          0 kB
CommitLimit:     1815632 kB
Committed_AS:   114601568 kB
VmallocTotal:   251658176 kB
VmallocUsed:      124532 kB
VmallocChunk:   251450032 kB
Time pass: 355 sec

---2015-12-03 20:19:11
MemTotal:        2582696 kB
MemFree:          113536 kB
Buffers:            7380 kB
Cached:           832640 kB
SwapCached:          148 kB
Active:          1130884 kB
Inactive:         562884 kB
Active(anon):     710532 kB
Inactive(anon):   148172 kB
Active(file):     420352 kB
Inactive(file):   414712 kB
Unevictable:        3920 kB
Mlocked:               0 kB
SwapTotal:        524284 kB
SwapFree:         518776 kB
Dirty:              1112 kB
Writeback:             0 kB
AnonPages:        857652 kB
Mapped:           545832 kB
Shmem:              1036 kB
Slab:             104560 kB
SReclaimable:      31876 kB
SUnreclaim:        72684 kB
KernelStack:       40912 kB
PageTables:        41748 kB
NFS_Unstable:          0 kB
Bounce:                0 kB
WritebackTmp:          0 kB
CommitLimit:     1815632 kB
Committed_AS:   114601560 kB
VmallocTotal:   251658176 kB
VmallocUsed:      124532 kB
VmallocChunk:   251450032 kB
Time pass: 359 sec

---2015-12-03 20:19:11
MemTotal:        2582696 kB
MemFree:          122472 kB
Buffers:            7380 kB
Cached:           832644 kB
SwapCached:          148 kB
Active:          1124384 kB
Inactive:         562888 kB
Active(anon):     704032 kB
Inactive(anon):   148176 kB
Active(file):     420352 kB
Inactive(file):   414712 kB
Unevictable:        3920 kB
Mlocked:               0 kB
SwapTotal:        524284 kB
SwapFree:         518776 kB
Dirty:              1112 kB
Writeback:             0 kB
AnonPages:        850968 kB
Mapped:           539100 kB
Shmem:              1040 kB
Slab:             104528 kB
SReclaimable:      31876 kB
SUnreclaim:        72652 kB
KernelStack:       40080 kB
PageTables:        41244 kB
NFS_Unstable:          0 kB
Bounce:                0 kB
WritebackTmp:          0 kB
CommitLimit:     1815632 kB
Committed_AS:   113345520 kB
VmallocTotal:   251658176 kB
VmallocUsed:      123512 kB
VmallocChunk:   251450032 kB
Time pass: 363 sec

---2015-12-03 20:19:11
MemTotal:        2582696 kB
MemFree:          112184 kB
Buffers:            7380 kB
Cached:           832660 kB
SwapCached:          148 kB
Active:          1133244 kB
Inactive:         562912 kB
Active(anon):     712900 kB
Inactive(anon):   148192 kB
Active(file):     420344 kB
Inactive(file):   414720 kB
Unevictable:        3920 kB
Mlocked:               0 kB
SwapTotal:        524284 kB
SwapFree:         518776 kB
Dirty:              1148 kB
Writeback:             0 kB
AnonPages:        860024 kB
Mapped:           545896 kB
Shmem:              1056 kB
Slab:             104544 kB
SReclaimable:      31876 kB
SUnreclaim:        72668 kB
KernelStack:       40976 kB
PageTables:        41892 kB
NFS_Unstable:          0 kB
Bounce:                0 kB
WritebackTmp:          0 kB
CommitLimit:     1815632 kB
Committed_AS:   114609648 kB
VmallocTotal:   251658176 kB
VmallocUsed:      124532 kB
VmallocChunk:   251450032 kB
Time pass: 367 sec

---2015-12-03 20:19:11
MemTotal:        2582696 kB
MemFree:          121588 kB
Buffers:            7380 kB
Cached:           832660 kB
SwapCached:          148 kB
Active:          1123060 kB
Inactive:         562904 kB
Active(anon):     702708 kB
Inactive(anon):   148192 kB
Active(file):     420352 kB
Inactive(file):   414712 kB
Unevictable:        3920 kB
Mlocked:               0 kB
SwapTotal:        524284 kB
SwapFree:         518776 kB
Dirty:              1112 kB
Writeback:             0 kB
AnonPages:        849932 kB
Mapped:           545876 kB
Shmem:              1056 kB
Slab:             104536 kB
SReclaimable:      31876 kB
SUnreclaim:        72660 kB
KernelStack:       40944 kB
PageTables:        41888 kB
NFS_Unstable:          0 kB
Bounce:                0 kB
WritebackTmp:          0 kB
CommitLimit:     1815632 kB
Committed_AS:   114609640 kB
VmallocTotal:   251658176 kB
VmallocUsed:      124532 kB
VmallocChunk:   251450032 kB
Time pass: 371 sec

---2015-12-03 20:19:11
MemTotal:        2582696 kB
MemFree:          122632 kB
Buffers:            7380 kB
Cached:           832728 kB
SwapCached:          148 kB
Active:          1121704 kB
Inactive:         562972 kB
Active(anon):     701352 kB
Inactive(anon):   148260 kB
Active(file):     420352 kB
Inactive(file):   414712 kB
Unevictable:        3920 kB
Mlocked:               0 kB
SwapTotal:        524284 kB
SwapFree:         518776 kB
Dirty:              1112 kB
Writeback:             0 kB
AnonPages:        848544 kB
Mapped:           545980 kB
Shmem:              1124 kB
Slab:             104608 kB
SReclaimable:      31876 kB
SUnreclaim:        72732 kB
KernelStack:       40912 kB
