---2015-12-09 10:41:11
MemTotal:        2873608 kB
MemFree:           76460 kB
Buffers:           22772 kB
Cached:          1292424 kB
SwapCached:            0 kB
Active:          1316532 kB
Inactive:         943820 kB
Active(anon):     762840 kB
Inactive(anon):   192208 kB
Active(file):     553692 kB
Inactive(file):   751612 kB
Unevictable:        8104 kB
Mlocked:               0 kB
SwapTotal:        718400 kB
SwapFree:         718400 kB
Dirty:              6388 kB
Writeback:           452 kB
AnonPages:        953464 kB
Mapped:           469344 kB
Shmem:              1720 kB
Slab:              96976 kB
SReclaimable:      31852 kB
SUnreclaim:        65124 kB
KernelStack:       36768 kB
PageTables:        49024 kB
NFS_Unstable:          0 kB
Bounce:                0 kB
WritebackTmp:          0 kB
CommitLimit:     2155204 kB
Committed_AS:   121378588 kB
VmallocTotal:   251658176 kB
VmallocUsed:      135112 kB
VmallocChunk:   251424812 kB
Time pass: 3 sec

---2015-12-09 10:41:11
MemTotal:        2873608 kB
MemFree:          103228 kB
Buffers:           22836 kB
Cached:          1292500 kB
SwapCached:            0 kB
Active:          1302716 kB
Inactive:         931860 kB
Active(anon):     736864 kB
Inactive(anon):   192132 kB
Active(file):     565852 kB
Inactive(file):   739728 kB
Unevictable:        8104 kB
Mlocked:               0 kB
SwapTotal:        718400 kB
SwapFree:         718400 kB
Dirty:              1036 kB
Writeback:             0 kB
AnonPages:        927900 kB
Mapped:           489780 kB
Shmem:              1648 kB
Slab:              96664 kB
SReclaimable:      31820 kB
SUnreclaim:        64844 kB
KernelStack:       36240 kB
PageTables:        48320 kB
NFS_Unstable:          0 kB
Bounce:                0 kB
WritebackTmp:          0 kB
CommitLimit:     2155204 kB
Committed_AS:   118379232 kB
VmallocTotal:   251658176 kB
VmallocUsed:      133208 kB
VmallocChunk:   251433004 kB
Time pass: 7 sec

---2015-12-09 10:41:11
MemTotal:        2873608 kB
MemFree:          101148 kB
Buffers:           22880 kB
Cached:          1294468 kB
SwapCached:            0 kB
Active:          1312864 kB
Inactive:         923728 kB
Active(anon):     736872 kB
Inactive(anon):   192268 kB
Active(file):     575992 kB
Inactive(file):   731460 kB
Unevictable:        8104 kB
Mlocked:               0 kB
SwapTotal:        718400 kB
SwapFree:         718400 kB
Dirty:              6412 kB
Writeback:             0 kB
AnonPages:        927476 kB
Mapped:           489152 kB
Shmem:              1788 kB
Slab:              96664 kB
SReclaimable:      31848 kB
SUnreclaim:        64816 kB
KernelStack:       36896 kB
PageTables:        48292 kB
NFS_Unstable:          0 kB
Bounce:                0 kB
WritebackTmp:          0 kB
CommitLimit:     2155204 kB
Committed_AS:   117955612 kB
VmallocTotal:   251658176 kB
VmallocUsed:      134228 kB
VmallocChunk:   251433004 kB
Time pass: 11 sec

---2015-12-09 10:41:11
MemTotal:        2873608 kB
MemFree:          117216 kB
Buffers:           24588 kB
Cached:          1294532 kB
SwapCached:            0 kB
Active:          1299748 kB
Inactive:         921172 kB
Active(anon):     719432 kB
Inactive(anon):   192264 kB
Active(file):     580316 kB
Inactive(file):   728908 kB
Unevictable:        8104 kB
Mlocked:               0 kB
SwapTotal:        718400 kB
SwapFree:         718400 kB
Dirty:                56 kB
Writeback:             0 kB
AnonPages:        910024 kB
Mapped:           493664 kB
Shmem:              1792 kB
Slab:              96748 kB
SReclaimable:      31916 kB
SUnreclaim:        64832 kB
KernelStack:       36912 kB
PageTables:        47960 kB
NFS_Unstable:          0 kB
Bounce:                0 kB
WritebackTmp:          0 kB
CommitLimit:     2155204 kB
Committed_AS:   117434392 kB
VmallocTotal:   251658176 kB
VmallocUsed:      134228 kB
VmallocChunk:   251433004 kB
Time pass: 15 sec

---2015-12-09 10:41:11
MemTotal:        2873608 kB
MemFree:          111860 kB
Buffers:           24624 kB
Cached:          1295268 kB
SwapCached:            0 kB
Active:          1338788 kB
Inactive:         887864 kB
Active(anon):     724392 kB
Inactive(anon):   192312 kB
Active(file):     614396 kB
Inactive(file):   695552 kB
Unevictable:        8104 kB
Mlocked:               0 kB
SwapTotal:        718400 kB
SwapFree:         718400 kB
Dirty:                20 kB
Writeback:            32 kB
AnonPages:        914996 kB
Mapped:           461692 kB
Shmem:              1844 kB
Slab:              96796 kB
SReclaimable:      31916 kB
SUnreclaim:        64880 kB
KernelStack:       36096 kB
PageTables:        47688 kB
NFS_Unstable:          0 kB
Bounce:                0 kB
WritebackTmp:          0 kB
CommitLimit:     2155204 kB
Committed_AS:   117441140 kB
VmallocTotal:   251658176 kB
VmallocUsed:      134228 kB
VmallocChunk:   251433004 kB
Time pass: 18 sec

---2015-12-09 10:41:11
MemTotal:        2873608 kB
MemFree:           71352 kB
Buffers:           25568 kB
Cached:          1230876 kB
SwapCached:            0 kB
Active:          1400296 kB
Inactive:         816928 kB
Active(anon):     779756 kB
Inactive(anon):   196304 kB
Active(file):     620540 kB
Inactive(file):   620624 kB
Unevictable:       13432 kB
Mlocked:               0 kB
SwapTotal:        718400 kB
SwapFree:         717708 kB
Dirty:              1576 kB
Writeback:             0 kB
AnonPages:        975120 kB
Mapped:           469216 kB
Shmem:              1352 kB
Slab:              95908 kB
SReclaimable:      30656 kB
SUnreclaim:        65252 kB
KernelStack:       37168 kB
PageTables:        49852 kB
NFS_Unstable:          0 kB
Bounce:                0 kB
WritebackTmp:          0 kB
CommitLimit:     2155204 kB
Committed_AS:   122258896 kB
VmallocTotal:   251658176 kB
VmallocUsed:      154140 kB
VmallocChunk:   251380248 kB
Time pass: 22 sec

---2015-12-09 10:41:11
MemTotal:        2873608 kB
MemFree:           91572 kB
Buffers:           24600 kB
Cached:          1143268 kB
SwapCached:            0 kB
Active:          1350780 kB
Inactive:         777308 kB
Active(anon):     773244 kB
Inactive(anon):   201772 kB
Active(file):     577536 kB
Inactive(file):   575536 kB
Unevictable:       13568 kB
Mlocked:               0 kB
SwapTotal:        718400 kB
SwapFree:         716492 kB
Dirty:              1184 kB
Writeback:             0 kB
AnonPages:        973752 kB
Mapped:           545448 kB
Shmem:              1228 kB
Slab:              97700 kB
SReclaimable:      31952 kB
SUnreclaim:        65748 kB
KernelStack:       38720 kB
PageTables:        48984 kB
NFS_Unstable:          0 kB
Bounce:                0 kB
WritebackTmp:          0 kB
CommitLimit:     2155204 kB
Committed_AS:   118066820 kB
VmallocTotal:   251658176 kB
VmallocUsed:      134392 kB
VmallocChunk:   251433004 kB
Time pass: 26 sec

---2015-12-09 10:41:11
MemTotal:        2873608 kB
MemFree:          103244 kB
Buffers:           25808 kB
Cached:          1157128 kB
SwapCached:            0 kB
Active:          1328840 kB
Inactive:         787916 kB
Active(anon):     747296 kB
Inactive(anon):   201700 kB
Active(file):     581544 kB
Inactive(file):   586216 kB
Unevictable:       13568 kB
Mlocked:               0 kB
SwapTotal:        718400 kB
SwapFree:         716492 kB
Dirty:               156 kB
Writeback:             0 kB
AnonPages:        947684 kB
Mapped:           546568 kB
Shmem:              1168 kB
Slab:              97424 kB
SReclaimable:      32044 kB
SUnreclaim:        65380 kB
KernelStack:       38032 kB
PageTables:        49024 kB
NFS_Unstable:          0 kB
Bounce:                0 kB
WritebackTmp:          0 kB
CommitLimit:     2155204 kB
Committed_AS:   116955196 kB
VmallocTotal:   251658176 kB
VmallocUsed:      134392 kB
VmallocChunk:   251433004 kB
Time pass: 30 sec

---2015-12-09 10:41:11
MemTotal:        2873608 kB
MemFree:           66784 kB
Buffers:           25788 kB
Cached:          1157412 kB
SwapCached:            0 kB
Active:          1363400 kB
Inactive:         786716 kB
Active(anon):     780012 kB
Inactive(anon):   201708 kB
Active(file):     583388 kB
Inactive(file):   585008 kB
Unevictable:       13568 kB
Mlocked:               0 kB
SwapTotal:        718400 kB
SwapFree:         716492 kB
Dirty:                 8 kB
Writeback:           132 kB
AnonPages:        980876 kB
Mapped:           555452 kB
Shmem:              1180 kB
Slab:              98612 kB
SReclaimable:      31964 kB
SUnreclaim:        66648 kB
KernelStack:       39392 kB
PageTables:        51088 kB
NFS_Unstable:          0 kB
Bounce:                0 kB
WritebackTmp:          0 kB
CommitLimit:     2155204 kB
Committed_AS:   123003044 kB
VmallocTotal:   251658176 kB
VmallocUsed:      138648 kB
VmallocChunk:   251433004 kB
Time pass: 34 sec

---2015-12-09 10:41:11
MemTotal:        2873608 kB
MemFree:           95948 kB
Buffers:           24044 kB
Cached:          1143112 kB
SwapCached:            0 kB
Active:          1345816 kB
Inactive:         778560 kB
Active(anon):     770728 kB
Inactive(anon):   201268 kB
Active(file):     575088 kB
Inactive(file):   577292 kB
Unevictable:       13568 kB
Mlocked:               0 kB
SwapTotal:        718400 kB
SwapFree:         716204 kB
Dirty:               252 kB
Writeback:             8 kB
AnonPages:        971256 kB
Mapped:           515416 kB
Shmem:              1052 kB
Slab:              98336 kB
SReclaimable:      31836 kB
SUnreclaim:        66500 kB
KernelStack:       38032 kB
PageTables:        50860 kB
NFS_Unstable:          0 kB
Bounce:                0 kB
WritebackTmp:          0 kB
CommitLimit:     2155204 kB
Committed_AS:   124467204 kB
VmallocTotal:   251658176 kB
VmallocUsed:      137316 kB
VmallocChunk:   251433004 kB
Time pass: 37 sec

---2015-12-09 10:41:11
MemTotal:        2873608 kB
MemFree:           66152 kB
Buffers:           18792 kB
Cached:          1117184 kB
SwapCached:            0 kB
Active:          1397444 kB
Inactive:         757332 kB
Active(anon):     826532 kB
Inactive(anon):   206896 kB
Active(file):     570912 kB
Inactive(file):   550436 kB
Unevictable:       13568 kB
Mlocked:               0 kB
SwapTotal:        718400 kB
SwapFree:         715248 kB
Dirty:               576 kB
Writeback:             0 kB
AnonPages:       1032364 kB
Mapped:           547608 kB
Shmem:              1044 kB
Slab:              99200 kB
SReclaimable:      32040 kB
SUnreclaim:        67160 kB
KernelStack:       39504 kB
PageTables:        52012 kB
NFS_Unstable:          0 kB
Bounce:                0 kB
WritebackTmp:          0 kB
CommitLimit:     2155204 kB
Committed_AS:   125223692 kB
VmallocTotal:   251658176 kB
VmallocUsed:      138304 kB
VmallocChunk:   251433004 kB
Time pass: 41 sec

---2015-12-09 10:41:11
MemTotal:        2873608 kB
MemFree:           94048 kB
Buffers:           15716 kB
Cached:          1010368 kB
SwapCached:            0 kB
Active:          1355024 kB
Inactive:         689632 kB
Active(anon):     820856 kB
Inactive(anon):   212044 kB
Active(file):     534168 kB
Inactive(file):   477588 kB
Unevictable:       13568 kB
Mlocked:               0 kB
SwapTotal:        718400 kB
SwapFree:         713168 kB
Dirty:               560 kB
Writeback:             0 kB
AnonPages:       1032256 kB
Mapped:           564540 kB
Shmem:               760 kB
Slab:              99468 kB
SReclaimable:      32272 kB
SUnreclaim:        67196 kB
KernelStack:       39728 kB
PageTables:        52052 kB
NFS_Unstable:          0 kB
Bounce:                0 kB
WritebackTmp:          0 kB
CommitLimit:     2155204 kB
Committed_AS:   124556020 kB
VmallocTotal:   251658176 kB
VmallocUsed:      137528 kB
VmallocChunk:   251433004 kB
Time pass: 45 sec

---2015-12-09 10:41:11
MemTotal:        2873608 kB
MemFree:          105304 kB
Buffers:           15724 kB
Cached:          1011668 kB
SwapCached:            0 kB
Active:          1341900 kB
Inactive:         690952 kB
Active(anon):     807608 kB
Inactive(anon):   212020 kB
Active(file):     534292 kB
Inactive(file):   478932 kB
Unevictable:       13568 kB
Mlocked:               0 kB
SwapTotal:        718400 kB
SwapFree:         713168 kB
Dirty:               128 kB
Writeback:             0 kB
AnonPages:       1018728 kB
Mapped:           564916 kB
Shmem:               756 kB
Slab:              99612 kB
SReclaimable:      32416 kB
SUnreclaim:        67196 kB
KernelStack:       39648 kB
PageTables:        51420 kB
NFS_Unstable:          0 kB
Bounce:                0 kB
WritebackTmp:          0 kB
CommitLimit:     2155204 kB
Committed_AS:   122779800 kB
VmallocTotal:   251658176 kB
VmallocUsed:      137528 kB
VmallocChunk:   251433004 kB
Time pass: 49 sec

---2015-12-09 10:41:11
MemTotal:        2873608 kB
MemFree:           65020 kB
Buffers:           15784 kB
Cached:           999432 kB
SwapCached:            0 kB
Active:          1356468 kB
Inactive:         691516 kB
Active(anon):     835532 kB
Inactive(anon):   211196 kB
Active(file):     520936 kB
Inactive(file):   480320 kB
Unevictable:       13568 kB
Mlocked:               0 kB
SwapTotal:        718400 kB
SwapFree:         712408 kB
Dirty:              1568 kB
Writeback:             0 kB
AnonPages:       1046512 kB
Mapped:           600896 kB
Shmem:               352 kB
Slab:              99376 kB
SReclaimable:      32144 kB
SUnreclaim:        67232 kB
KernelStack:       39712 kB
PageTables:        51588 kB
NFS_Unstable:          0 kB
Bounce:                0 kB
WritebackTmp:          0 kB
CommitLimit:     2155204 kB
Committed_AS:   122794120 kB
VmallocTotal:   251658176 kB
VmallocUsed:      136708 kB
VmallocChunk:   251433004 kB
Time pass: 53 sec

---2015-12-09 10:41:11
MemTotal:        2873608 kB
MemFree:           81448 kB
Buffers:           15784 kB
Cached:           983356 kB
SwapCached:            0 kB
Active:          1326288 kB
Inactive:         690392 kB
Active(anon):     821752 kB
Inactive(anon):   209772 kB
Active(file):     504536 kB
Inactive(file):   480620 kB
Unevictable:       13568 kB
Mlocked:               0 kB
SwapTotal:        718400 kB
SwapFree:         711612 kB
Dirty:               756 kB
Writeback:             0 kB
AnonPages:       1031048 kB
Mapped:           620384 kB
Shmem:               360 kB
Slab:              99456 kB
SReclaimable:      32176 kB
SUnreclaim:        67280 kB
KernelStack:       39744 kB
PageTables:        51648 kB
NFS_Unstable:          0 kB
Bounce:                0 kB
WritebackTmp:          0 kB
CommitLimit:     2155204 kB
Committed_AS:   122794240 kB
VmallocTotal:   251658176 kB
VmallocUsed:      136872 kB
VmallocChunk:   251433004 kB
Time pass: 56 sec

---2015-12-09 10:41:11
MemTotal:        2873608 kB
MemFree:           80900 kB
Buffers:           15792 kB
Cached:           983616 kB
SwapCached:            0 kB
Active:          1326672 kB
Inactive:         690640 kB
Active(anon):     822136 kB
Inactive(anon):   209768 kB
Active(file):     504536 kB
Inactive(file):   480872 kB
Unevictable:       13568 kB
Mlocked:               0 kB
SwapTotal:        718400 kB
SwapFree:         711612 kB
Dirty:                92 kB
Writeback:             0 kB
AnonPages:       1031644 kB
Mapped:           620392 kB
Shmem:               352 kB
Slab:              99452 kB
SReclaimable:      32176 kB
SUnreclaim:        67276 kB
KernelStack:       39776 kB
PageTables:        51696 kB
NFS_Unstable:          0 kB
Bounce:                0 kB
WritebackTmp:          0 kB
CommitLimit:     2155204 kB
Committed_AS:   122794240 kB
VmallocTotal:   251658176 kB
VmallocUsed:      136872 kB
VmallocChunk:   251433004 kB
Time pass: 60 sec

---2015-12-09 10:41:11
MemTotal:        2873608 kB
MemFree:           68936 kB
Buffers:           15688 kB
Cached:           977908 kB
SwapCached:            0 kB
Active:          1324492 kB
Inactive:         690544 kB
Active(anon):     826012 kB
Inactive(anon):   209416 kB
Active(file):     498480 kB
Inactive(file):   481128 kB
Unevictable:       13568 kB
Mlocked:               0 kB
SwapTotal:        718400 kB
SwapFree:         711360 kB
Dirty:               268 kB
Writeback:             0 kB
AnonPages:       1035208 kB
Mapped:           629732 kB
Shmem:               352 kB
Slab:              99468 kB
SReclaimable:      32256 kB
SUnreclaim:        67212 kB
KernelStack:       39760 kB
PageTables:        51668 kB
NFS_Unstable:          0 kB
Bounce:                0 kB
WritebackTmp:          0 kB
CommitLimit:     2155204 kB
Committed_AS:   122794328 kB
VmallocTotal:   251658176 kB
VmallocUsed:      136984 kB
VmallocChunk:   251433004 kB
Time pass: 64 sec

---2015-12-09 10:41:11
MemTotal:        2873608 kB
MemFree:           69392 kB
Buffers:           15696 kB
Cached:           977904 kB
SwapCached:            0 kB
Active:          1324636 kB
Inactive:         690600 kB
Active(anon):     826156 kB
Inactive(anon):   209416 kB
Active(file):     498480 kB
Inactive(file):   481184 kB
Unevictable:       13568 kB
Mlocked:               0 kB
SwapTotal:        718400 kB
SwapFree:         711360 kB
Dirty:               156 kB
Writeback:             0 kB
AnonPages:       1035184 kB
Mapped:           629908 kB
Shmem:               352 kB
Slab:              99532 kB
SReclaimable:      32320 kB
SUnreclaim:        67212 kB
KernelStack:       39728 kB
PageTables:        51700 kB
NFS_Unstable:          0 kB
Bounce:                0 kB
WritebackTmp:          0 kB
CommitLimit:     2155204 kB
Committed_AS:   122794264 kB
VmallocTotal:   251658176 kB
VmallocUsed:      136984 kB
VmallocChunk:   251433004 kB
Time pass: 68 sec

---2015-12-09 10:41:11
MemTotal:        2873608 kB
MemFree:           70124 kB
Buffers:           15176 kB
Cached:           952472 kB
SwapCached:            0 kB
Active:          1317088 kB
Inactive:         677904 kB
Active(anon):     831720 kB
Inactive(anon):   209736 kB
Active(file):     485368 kB
Inactive(file):   468168 kB
Unevictable:       13568 kB
Mlocked:               0 kB
SwapTotal:        718400 kB
SwapFree:         710180 kB
Dirty:               512 kB
Writeback:             0 kB
AnonPages:       1041092 kB
Mapped:           643144 kB
Shmem:               352 kB
Slab:              99996 kB
SReclaimable:      32632 kB
SUnreclaim:        67364 kB
KernelStack:       39728 kB
PageTables:        51692 kB
NFS_Unstable:          0 kB
Bounce:                0 kB
WritebackTmp:          0 kB
CommitLimit:     2155204 kB
Committed_AS:   122803248 kB
VmallocTotal:   251658176 kB
VmallocUsed:      137140 kB
VmallocChunk:   251433004 kB
Time pass: 72 sec

---2015-12-09 10:41:11
MemTotal:        2873608 kB
MemFree:           65664 kB
Buffers:           15196 kB
Cached:           949492 kB
SwapCached:            0 kB
Active:          1323584 kB
Inactive:         677112 kB
Active(anon):     840432 kB
Inactive(anon):   209584 kB
Active(file):     483152 kB
Inactive(file):   467528 kB
Unevictable:       13568 kB
Mlocked:               0 kB
SwapTotal:        718400 kB
SwapFree:         709816 kB
Dirty:               148 kB
Writeback:             0 kB
AnonPages:       1049572 kB
Mapped:           647276 kB
Shmem:               352 kB
Slab:              99612 kB
SReclaimable:      32344 kB
SUnreclaim:        67268 kB
KernelStack:       39856 kB
PageTables:        51740 kB
NFS_Unstable:          0 kB
Bounce:                0 kB
WritebackTmp:          0 kB
CommitLimit:     2155204 kB
Committed_AS:   122803320 kB
VmallocTotal:   251658176 kB
VmallocUsed:      137140 kB
VmallocChunk:   251433004 kB
Time pass: 75 sec

---2015-12-09 10:41:11
MemTotal:        2873608 kB
MemFree:           67264 kB
Buffers:           15260 kB
Cached:           939008 kB
SwapCached:           16 kB
Active:          1324444 kB
Inactive:         676468 kB
Active(anon):     849012 kB
Inactive(anon):   212264 kB
Active(file):     475432 kB
Inactive(file):   464204 kB
Unevictable:       13568 kB
Mlocked:               0 kB
SwapTotal:        718400 kB
SwapFree:         709216 kB
Dirty:               384 kB
Writeback:             8 kB
AnonPages:       1061268 kB
Mapped:           645532 kB
Shmem:               352 kB
Slab:              99824 kB
SReclaimable:      32584 kB
SUnreclaim:        67240 kB
KernelStack:       39648 kB
PageTables:        51304 kB
NFS_Unstable:          0 kB
Bounce:                0 kB
WritebackTmp:          0 kB
CommitLimit:     2155204 kB
Committed_AS:   121611104 kB
VmallocTotal:   251658176 kB
VmallocUsed:      138552 kB
VmallocChunk:   251433004 kB
Time pass: 79 sec

---2015-12-09 10:41:11
MemTotal:        2873608 kB
MemFree:           71424 kB
Buffers:           15020 kB
Cached:           917908 kB
SwapCached:           16 kB
Active:          1310048 kB
Inactive:         671364 kB
Active(anon):     849900 kB
Inactive(anon):   212700 kB
Active(file):     460148 kB
Inactive(file):   458664 kB
Unevictable:       13568 kB
Mlocked:               0 kB
SwapTotal:        718400 kB
SwapFree:         707612 kB
Dirty:                84 kB
Writeback:             0 kB
AnonPages:       1062280 kB
Mapped:           642984 kB
Shmem:               524 kB
Slab:              99728 kB
SReclaimable:      32472 kB
SUnreclaim:        67256 kB
KernelStack:       39776 kB
PageTables:        51492 kB
NFS_Unstable:          0 kB
Bounce:                0 kB
WritebackTmp:          0 kB
CommitLimit:     2155204 kB
Committed_AS:   121610884 kB
VmallocTotal:   251658176 kB
VmallocUsed:      138552 kB
VmallocChunk:   251433004 kB
Time pass: 83 sec

---2015-12-09 10:41:11
MemTotal:        2873608 kB
MemFree:           96864 kB
Buffers:           12948 kB
Cached:           897280 kB
SwapCached:           16 kB
Active:          1290480 kB
Inactive:         660656 kB
Active(anon):     842700 kB
Inactive(anon):   212460 kB
Active(file):     447780 kB
Inactive(file):   448196 kB
Unevictable:       13568 kB
Mlocked:               0 kB
SwapTotal:        718400 kB
SwapFree:         705936 kB
Dirty:                 4 kB
Writeback:             0 kB
AnonPages:       1054624 kB
Mapped:           635044 kB
Shmem:               684 kB
Slab:              99516 kB
SReclaimable:      32192 kB
SUnreclaim:        67324 kB
KernelStack:       39392 kB
PageTables:        50984 kB
NFS_Unstable:          0 kB
Bounce:                0 kB
WritebackTmp:          0 kB
CommitLimit:     2155204 kB
Committed_AS:   119831864 kB
VmallocTotal:   251658176 kB
VmallocUsed:      137532 kB
VmallocChunk:   251433004 kB
Time pass: 87 sec

---2015-12-09 10:41:11
MemTotal:        2873608 kB
MemFree:           94224 kB
Buffers:           12972 kB
Cached:           897448 kB
SwapCached:           16 kB
Active:          1292120 kB
Inactive:         660828 kB
Active(anon):     844336 kB
Inactive(anon):   212616 kB
Active(file):     447784 kB
Inactive(file):   448212 kB
Unevictable:       13568 kB
Mlocked:               0 kB
SwapTotal:        718400 kB
SwapFree:         705936 kB
Dirty:                 0 kB
Writeback:             0 kB
AnonPages:       1055988 kB
Mapped:           635332 kB
Shmem:               852 kB
Slab:              99632 kB
SReclaimable:      32160 kB
SUnreclaim:        67472 kB
KernelStack:       39328 kB
PageTables:        51048 kB
NFS_Unstable:          0 kB
Bounce:                0 kB
WritebackTmp:          0 kB
CommitLimit:     2155204 kB
Committed_AS:   119835916 kB
VmallocTotal:   251658176 kB
VmallocUsed:      137532 kB
VmallocChunk:   251433004 kB
Time pass: 90 sec

---2015-12-09 10:41:11
MemTotal:        2873608 kB
MemFree:           95188 kB
Buffers:           12972 kB
Cached:           897516 kB
SwapCached:           16 kB
Active:          1291952 kB
Inactive:         660912 kB
Active(anon):     844168 kB
Inactive(anon):   212696 kB
Active(file):     447784 kB
Inactive(file):   448216 kB
Unevictable:       13568 kB
Mlocked:               0 kB
SwapTotal:        718400 kB
SwapFree:         705936 kB
Dirty:                 0 kB
Writeback:             0 kB
AnonPages:       1056148 kB
Mapped:           635420 kB
Shmem:               920 kB
Slab:              99588 kB
SReclaimable:      32160 kB
SUnreclaim:        67428 kB
KernelStack:       39344 kB
PageTables:        51048 kB
NFS_Unstable:          0 kB
Bounce:                0 kB
WritebackTmp:          0 kB
CommitLimit:     2155204 kB
Committed_AS:   119835892 kB
VmallocTotal:   251658176 kB
VmallocUsed:      137532 kB
VmallocChunk:   251433004 kB
Time pass: 94 sec

---2015-12-09 10:41:11
MemTotal:        2873608 kB
MemFree:          105704 kB
Buffers:           12988 kB
Cached:           901732 kB
SwapCached:           16 kB
Active:          1292676 kB
Inactive:         653536 kB
Active(anon):     833300 kB
Inactive(anon):   212128 kB
Active(file):     459376 kB
Inactive(file):   441408 kB
Unevictable:       13568 kB
Mlocked:               0 kB
SwapTotal:        718400 kB
SwapFree:         705936 kB
Dirty:                56 kB
Writeback:             0 kB
AnonPages:       1045132 kB
Mapped:           634000 kB
Shmem:               352 kB
Slab:              99552 kB
SReclaimable:      32160 kB
SUnreclaim:        67392 kB
KernelStack:       38976 kB
PageTables:        50636 kB
NFS_Unstable:          0 kB
Bounce:                0 kB
WritebackTmp:          0 kB
CommitLimit:     2155204 kB
Committed_AS:   119809096 kB
VmallocTotal:   251658176 kB
VmallocUsed:      137508 kB
VmallocChunk:   251433004 kB
Time pass: 98 sec

---2015-12-09 10:41:11
MemTotal:        2873608 kB
MemFree:          311388 kB
Buffers:           13236 kB
Cached:           902940 kB
SwapCached:           32 kB
Active:          1203120 kB
Inactive:         650112 kB
Active(anon):     738964 kB
Inactive(anon):   211820 kB
Active(file):     464156 kB
Inactive(file):   438292 kB
Unevictable:       13568 kB
Mlocked:               0 kB
SwapTotal:        718400 kB
SwapFree:         705936 kB
Dirty:               400 kB
Writeback:             0 kB
AnonPages:        950572 kB
Mapped:           471808 kB
Shmem:               216 kB
Slab:              99340 kB
SReclaimable:      32156 kB
SUnreclaim:        67184 kB
KernelStack:       37472 kB
PageTables:        48348 kB
NFS_Unstable:          0 kB
Bounce:                0 kB
WritebackTmp:          0 kB
CommitLimit:     2155204 kB
Committed_AS:   116607952 kB
VmallocTotal:   251658176 kB
VmallocUsed:      134532 kB
VmallocChunk:   251433004 kB
Time pass: 101 sec

---2015-12-09 10:41:11
MemTotal:        2873608 kB
MemFree:          308932 kB
Buffers:           13244 kB
Cached:           903252 kB
SwapCached:           32 kB
Active:          1205280 kB
Inactive:         650256 kB
Active(anon):     741084 kB
Inactive(anon):   211816 kB
Active(file):     464196 kB
Inactive(file):   438440 kB
Unevictable:       13568 kB
Mlocked:               0 kB
SwapTotal:        718400 kB
SwapFree:         705936 kB
Dirty:               644 kB
Writeback:             0 kB
AnonPages:        952980 kB
Mapped:           471916 kB
Shmem:               216 kB
Slab:              99320 kB
SReclaimable:      32156 kB
SUnreclaim:        67164 kB
KernelStack:       37424 kB
PageTables:        48364 kB
NFS_Unstable:          0 kB
Bounce:                0 kB
WritebackTmp:          0 kB
CommitLimit:     2155204 kB
Committed_AS:   118932332 kB
VmallocTotal:   251658176 kB
VmallocUsed:      134532 kB
VmallocChunk:   251433004 kB
Time pass: 105 sec

---2015-12-09 10:41:11
MemTotal:        2873608 kB
MemFree:          252292 kB
Buffers:           13468 kB
Cached:           908672 kB
SwapCached:           60 kB
Active:          1255448 kB
Inactive:         650600 kB
Active(anon):     785892 kB
Inactive(anon):   213088 kB
Active(file):     469556 kB
Inactive(file):   437512 kB
Unevictable:       13568 kB
Mlocked:               0 kB
SwapTotal:        718400 kB
SwapFree:         705936 kB
Dirty:              2136 kB
Writeback:             0 kB
AnonPages:        997664 kB
Mapped:           528708 kB
Shmem:              1472 kB
Slab:              99444 kB
SReclaimable:      32156 kB
SUnreclaim:        67288 kB
KernelStack:       38656 kB
PageTables:        49500 kB
NFS_Unstable:          0 kB
Bounce:                0 kB
WritebackTmp:          0 kB
CommitLimit:     2155204 kB
Committed_AS:   117930780 kB
VmallocTotal:   251658176 kB
VmallocUsed:      135564 kB
VmallocChunk:   251433004 kB
Time pass: 109 sec

---2015-12-09 10:41:11
MemTotal:        2873608 kB
MemFree:          169968 kB
Buffers:           13712 kB
Cached:           909592 kB
SwapCached:           60 kB
Active:          1272764 kB
Inactive:         650140 kB
Active(anon):     801568 kB
Inactive(anon):   211968 kB
Active(file):     471196 kB
Inactive(file):   438172 kB
Unevictable:       13568 kB
Mlocked:               0 kB
SwapTotal:        718400 kB
SwapFree:         705936 kB
Dirty:              1000 kB
Writeback:             0 kB
AnonPages:       1013216 kB
Mapped:           586844 kB
Shmem:               352 kB
Slab:              99480 kB
SReclaimable:      32204 kB
SUnreclaim:        67276 kB
KernelStack:       39024 kB
PageTables:        50280 kB
NFS_Unstable:          0 kB
Bounce:                0 kB
WritebackTmp:          0 kB
CommitLimit:     2155204 kB
Committed_AS:   119731844 kB
VmallocTotal:   251658176 kB
VmallocUsed:      134668 kB
VmallocChunk:   251433004 kB
Time pass: 112 sec

---2015-12-09 10:41:11
MemTotal:        2873608 kB
MemFree:          170164 kB
Buffers:           13720 kB
Cached:           909596 kB
SwapCached:           60 kB
Active:          1272496 kB
Inactive:         650156 kB
Active(anon):     801300 kB
Inactive(anon):   211968 kB
Active(file):     471196 kB
Inactive(file):   438188 kB
Unevictable:       13568 kB
Mlocked:               0 kB
SwapTotal:        718400 kB
SwapFree:         705936 kB
Dirty:               248 kB
Writeback:             0 kB
AnonPages:       1012840 kB
Mapped:           587008 kB
Shmem:               352 kB
Slab:              99476 kB
SReclaimable:      32204 kB
SUnreclaim:        67272 kB
KernelStack:       39024 kB
PageTables:        50304 kB
NFS_Unstable:          0 kB
Bounce:                0 kB
WritebackTmp:          0 kB
CommitLimit:     2155204 kB
Committed_AS:   119731820 kB
VmallocTotal:   251658176 kB
VmallocUsed:      134668 kB
VmallocChunk:   251433004 kB
Time pass: 116 sec

---2015-12-09 10:41:11
MemTotal:        2873608 kB
MemFree:          152664 kB
Buffers:           13720 kB
Cached:           909732 kB
SwapCached:           60 kB
Active:          1274568 kB
Inactive:         650112 kB
Active(anon):     803180 kB
Inactive(anon):   211968 kB
Active(file):     471388 kB
Inactive(file):   438144 kB
Unevictable:       13568 kB
Mlocked:               0 kB
SwapTotal:        718400 kB
SwapFree:         705936 kB
Dirty:               276 kB
Writeback:             0 kB
AnonPages:       1014804 kB
Mapped:           596872 kB
Shmem:               352 kB
Slab:              99476 kB
SReclaimable:      32204 kB
SUnreclaim:        67272 kB
KernelStack:       39024 kB
PageTables:        50344 kB
NFS_Unstable:          0 kB
Bounce:                0 kB
WritebackTmp:          0 kB
CommitLimit:     2155204 kB
Committed_AS:   119731988 kB
VmallocTotal:   251658176 kB
VmallocUsed:      134776 kB
VmallocChunk:   251433004 kB
Time pass: 120 sec

---2015-12-09 10:41:11
MemTotal:        2873608 kB
MemFree:          124200 kB
Buffers:           13728 kB
Cached:           909732 kB
SwapCached:           60 kB
Active:          1280928 kB
Inactive:         650056 kB
Active(anon):     809492 kB
Inactive(anon):   211968 kB
Active(file):     471436 kB
Inactive(file):   438088 kB
Unevictable:       13568 kB
Mlocked:               0 kB
SwapTotal:        718400 kB
SwapFree:         705936 kB
Dirty:               544 kB
Writeback:             0 kB
AnonPages:       1020996 kB
Mapped:           609464 kB
Shmem:               352 kB
Slab:              99640 kB
SReclaimable:      32204 kB
SUnreclaim:        67436 kB
KernelStack:       39024 kB
PageTables:        50380 kB
NFS_Unstable:          0 kB
Bounce:                0 kB
WritebackTmp:          0 kB
CommitLimit:     2155204 kB
Committed_AS:   119732368 kB
VmallocTotal:   251658176 kB
VmallocUsed:      134924 kB
VmallocChunk:   251433004 kB
Time pass: 124 sec

---2015-12-09 10:41:11
MemTotal:        2873608 kB
MemFree:          121636 kB
Buffers:           13736 kB
Cached:           909784 kB
SwapCached:           60 kB
Active:          1281532 kB
Inactive:         650088 kB
Active(anon):     810080 kB
Inactive(anon):   211968 kB
Active(file):     471452 kB
Inactive(file):   438120 kB
Unevictable:       13568 kB
Mlocked:               0 kB
SwapTotal:        718400 kB
SwapFree:         705936 kB
Dirty:                36 kB
Writeback:             0 kB
AnonPages:       1021684 kB
Mapped:           611248 kB
Shmem:               352 kB
Slab:              99532 kB
SReclaimable:      32204 kB
SUnreclaim:        67328 kB
KernelStack:       39024 kB
PageTables:        50320 kB
NFS_Unstable:          0 kB
Bounce:                0 kB
WritebackTmp:          0 kB
CommitLimit:     2155204 kB
Committed_AS:   119732564 kB
VmallocTotal:   251658176 kB
VmallocUsed:      134936 kB
VmallocChunk:   251433004 kB
Time pass: 127 sec

---2015-12-09 10:41:11
MemTotal:        2873608 kB
MemFree:          111524 kB
Buffers:           15312 kB
Cached:           909892 kB
SwapCached:           60 kB
Active:          1289956 kB
Inactive:         651720 kB
Active(anon):     818420 kB
Inactive(anon):   211968 kB
Active(file):     471536 kB
Inactive(file):   439752 kB
Unevictable:       13568 kB
Mlocked:               0 kB
SwapTotal:        718400 kB
SwapFree:         705936 kB
Dirty:               140 kB
Writeback:             0 kB
AnonPages:       1029908 kB
Mapped:           618256 kB
Shmem:               348 kB
Slab:              99524 kB
SReclaimable:      32204 kB
SUnreclaim:        67320 kB
KernelStack:       39280 kB
PageTables:        50912 kB
NFS_Unstable:          0 kB
Bounce:                0 kB
WritebackTmp:          0 kB
CommitLimit:     2155204 kB
Committed_AS:   121515592 kB
VmallocTotal:   251658176 kB
VmallocUsed:      135956 kB
VmallocChunk:   251433004 kB
Time pass: 131 sec

---2015-12-09 10:41:11
MemTotal:        2873608 kB
MemFree:          111052 kB
Buffers:           15312 kB
Cached:           909912 kB
SwapCached:           60 kB
Active:          1289316 kB
Inactive:         651680 kB
Active(anon):     817728 kB
Inactive(anon):   211968 kB
Active(file):     471588 kB
Inactive(file):   439712 kB
Unevictable:       13568 kB
Mlocked:               0 kB
SwapTotal:        718400 kB
SwapFree:         705936 kB
Dirty:               156 kB
Writeback:             0 kB
AnonPages:       1029348 kB
Mapped:           618420 kB
Shmem:               352 kB
Slab:              99532 kB
SReclaimable:      32204 kB
SUnreclaim:        67328 kB
KernelStack:       39312 kB
PageTables:        50980 kB
NFS_Unstable:          0 kB
Bounce:                0 kB
WritebackTmp:          0 kB
CommitLimit:     2155204 kB
Committed_AS:   121515656 kB
VmallocTotal:   251658176 kB
VmallocUsed:      135956 kB
VmallocChunk:   251433004 kB
Time pass: 135 sec

---2015-12-09 10:41:11
MemTotal:        2873608 kB
MemFree:          122520 kB
Buffers:           15328 kB
Cached:           910080 kB
SwapCached:           60 kB
Active:          1281588 kB
Inactive:         650432 kB
Active(anon):     808568 kB
Inactive(anon):   212120 kB
Active(file):     473020 kB
Inactive(file):   438312 kB
Unevictable:       13568 kB
Mlocked:               0 kB
SwapTotal:        718400 kB
SwapFree:         705936 kB
Dirty:                80 kB
Writeback:             0 kB
AnonPages:       1020060 kB
Mapped:           612728 kB
Shmem:               508 kB
Slab:              99680 kB
SReclaimable:      32204 kB
SUnreclaim:        67476 kB
KernelStack:       39280 kB
PageTables:        50456 kB
NFS_Unstable:          0 kB
Bounce:                0 kB
WritebackTmp:          0 kB
CommitLimit:     2155204 kB
Committed_AS:   120299840 kB
VmallocTotal:   251658176 kB
VmallocUsed:      137208 kB
VmallocChunk:   251433004 kB
Time pass: 139 sec

---2015-12-09 10:41:11
MemTotal:        2873608 kB
MemFree:          122368 kB
Buffers:           15336 kB
Cached:           910148 kB
SwapCached:           60 kB
Active:          1281812 kB
Inactive:         650484 kB
Active(anon):     808768 kB
Inactive(anon):   212192 kB
Active(file):     473044 kB
Inactive(file):   438292 kB
Unevictable:       13568 kB
Mlocked:               0 kB
SwapTotal:        718400 kB
SwapFree:         705936 kB
Dirty:                 8 kB
Writeback:             0 kB
AnonPages:       1020452 kB
Mapped:           612876 kB
Shmem:               580 kB
Slab:              99648 kB
SReclaimable:      32172 kB
SUnreclaim:        67476 kB
KernelStack:       38992 kB
PageTables:        50468 kB
NFS_Unstable:          0 kB
Bounce:                0 kB
WritebackTmp:          0 kB
CommitLimit:     2155204 kB
Committed_AS:   120299864 kB
VmallocTotal:   251658176 kB
VmallocUsed:      137208 kB
VmallocChunk:   251433004 kB
Time pass: 143 sec

---2015-12-09 10:41:11
MemTotal:        2873608 kB
MemFree:          122272 kB
Buffers:           15336 kB
Cached:           910160 kB
SwapCached:           60 kB
Active:          1281964 kB
Inactive:         650496 kB
Active(anon):     808920 kB
Inactive(anon):   212196 kB
Active(file):     473044 kB
Inactive(file):   438300 kB
Unevictable:       13568 kB
Mlocked:               0 kB
SwapTotal:        718400 kB
SwapFree:         705936 kB
Dirty:                 0 kB
Writeback:             0 kB
AnonPages:       1020536 kB
Mapped:           612868 kB
Shmem:               584 kB
Slab:              99644 kB
SReclaimable:      32172 kB
SUnreclaim:        67472 kB
KernelStack:       38992 kB
PageTables:        50464 kB
NFS_Unstable:          0 kB
Bounce:                0 kB
WritebackTmp:          0 kB
CommitLimit:     2155204 kB
Committed_AS:   120299888 kB
VmallocTotal:   251658176 kB
VmallocUsed:      137208 kB
VmallocChunk:   251433004 kB
Time pass: 147 sec

---2015-12-09 10:41:11
MemTotal:        2873608 kB
MemFree:          115408 kB
Buffers:           15360 kB
Cached:           910136 kB
SwapCached:           60 kB
Active:          1288900 kB
Inactive:         650496 kB
Active(anon):     815856 kB
Inactive(anon):   212196 kB
Active(file):     473044 kB
Inactive(file):   438300 kB
Unevictable:       13568 kB
Mlocked:               0 kB
SwapTotal:        718400 kB
SwapFree:         705936 kB
Dirty:                 4 kB
Writeback:             0 kB
AnonPages:       1027748 kB
Mapped:           613616 kB
Shmem:               584 kB
Slab:              99644 kB
SReclaimable:      32172 kB
SUnreclaim:        67472 kB
KernelStack:       39072 kB
PageTables:        50500 kB
NFS_Unstable:          0 kB
Bounce:                0 kB
WritebackTmp:          0 kB
CommitLimit:     2155204 kB
Committed_AS:   120312240 kB
VmallocTotal:   251658176 kB
VmallocUsed:      137208 kB
VmallocChunk:   251433004 kB
Time pass: 150 sec

---2015-12-09 10:41:11
MemTotal:        2873608 kB
MemFree:          113744 kB
Buffers:           15376 kB
Cached:           910088 kB
SwapCached:           60 kB
Active:          1291288 kB
Inactive:         650276 kB
Active(anon):     818060 kB
Inactive(anon):   212120 kB
Active(file):     473228 kB
Inactive(file):   438156 kB
Unevictable:       13568 kB
Mlocked:               0 kB
SwapTotal:        718400 kB
SwapFree:         705936 kB
Dirty:                 0 kB
Writeback:             0 kB
AnonPages:       1029508 kB
Mapped:           614484 kB
Shmem:               512 kB
Slab:              99636 kB
SReclaimable:      32172 kB
SUnreclaim:        67464 kB
KernelStack:       38992 kB
PageTables:        50504 kB
NFS_Unstable:          0 kB
Bounce:                0 kB
WritebackTmp:          0 kB
CommitLimit:     2155204 kB
Committed_AS:   120316324 kB
VmallocTotal:   251658176 kB
VmallocUsed:      137208 kB
VmallocChunk:   251433004 kB
Time pass: 154 sec

---2015-12-09 10:41:11
MemTotal:        2873608 kB
MemFree:          109180 kB
Buffers:           15400 kB
Cached:           910108 kB
SwapCached:           60 kB
Active:          1294864 kB
Inactive:         650308 kB
Active(anon):     821632 kB
Inactive(anon):   212128 kB
Active(file):     473232 kB
Inactive(file):   438180 kB
Unevictable:       13568 kB
Mlocked:               0 kB
SwapTotal:        718400 kB
SwapFree:         705936 kB
Dirty:                56 kB
Writeback:             0 kB
AnonPages:       1033436 kB
Mapped:           614556 kB
Shmem:               528 kB
Slab:              99628 kB
SReclaimable:      32172 kB
SUnreclaim:        67456 kB
KernelStack:       38992 kB
PageTables:        50572 kB
NFS_Unstable:          0 kB
Bounce:                0 kB
WritebackTmp:          0 kB
CommitLimit:     2155204 kB
Committed_AS:   120324576 kB
VmallocTotal:   251658176 kB
VmallocUsed:      137208 kB
VmallocChunk:   251433004 kB
Time pass: 158 sec

---2015-12-09 10:41:11
MemTotal:        2873608 kB
MemFree:          108172 kB
Buffers:           15400 kB
Cached:           910172 kB
SwapCached:           60 kB
Active:          1295728 kB
Inactive:         650372 kB
Active(anon):     822496 kB
Inactive(anon):   212188 kB
Active(file):     473232 kB
Inactive(file):   438184 kB
Unevictable:       13568 kB
Mlocked:               0 kB
SwapTotal:        718400 kB
SwapFree:         705936 kB
Dirty:                56 kB
Writeback:             0 kB
AnonPages:       1033972 kB
Mapped:           614668 kB
Shmem:               588 kB
Slab:              99628 kB
SReclaimable:      32172 kB
SUnreclaim:        67456 kB
KernelStack:       38992 kB
PageTables:        50572 kB
NFS_Unstable:          0 kB
Bounce:                0 kB
WritebackTmp:          0 kB
CommitLimit:     2155204 kB
Committed_AS:   120324624 kB
VmallocTotal:   251658176 kB
VmallocUsed:      137208 kB
VmallocChunk:   251433004 kB
Time pass: 162 sec

---2015-12-09 10:41:11
MemTotal:        2873608 kB
MemFree:          107180 kB
Buffers:           15408 kB
Cached:           910252 kB
SwapCached:           60 kB
Active:          1296644 kB
Inactive:         650432 kB
Active(anon):     823408 kB
Inactive(anon):   212244 kB
Active(file):     473236 kB
Inactive(file):   438188 kB
Unevictable:       13568 kB
Mlocked:               0 kB
SwapTotal:        718400 kB
SwapFree:         705936 kB
Dirty:                44 kB
Writeback:             0 kB
AnonPages:       1034984 kB
Mapped:           614768 kB
Shmem:               668 kB
Slab:              99628 kB
SReclaimable:      32172 kB
SUnreclaim:        67456 kB
KernelStack:       38992 kB
PageTables:        50568 kB
NFS_Unstable:          0 kB
Bounce:                0 kB
WritebackTmp:          0 kB
CommitLimit:     2155204 kB
Committed_AS:   120324568 kB
VmallocTotal:   251658176 kB
VmallocUsed:      137208 kB
VmallocChunk:   251433004 kB
Time pass: 166 sec

---2015-12-09 10:41:11
MemTotal:        2873608 kB
MemFree:          106772 kB
Buffers:           15416 kB
Cached:           910276 kB
SwapCached:           60 kB
Active:          1297132 kB
Inactive:         650484 kB
Active(anon):     823896 kB
Inactive(anon):   212280 kB
Active(file):     473236 kB
Inactive(file):   438204 kB
Unevictable:       13568 kB
Mlocked:               0 kB
SwapTotal:        718400 kB
SwapFree:         705936 kB
Dirty:                24 kB
Writeback:             0 kB
AnonPages:       1035268 kB
Mapped:           614904 kB
Shmem:               684 kB
Slab:              99628 kB
SReclaimable:      32172 kB
SUnreclaim:        67456 kB
KernelStack:       38896 kB
PageTables:        50604 kB
NFS_Unstable:          0 kB
Bounce:                0 kB
WritebackTmp:          0 kB
CommitLimit:     2155204 kB
Committed_AS:   120324496 kB
VmallocTotal:   251658176 kB
VmallocUsed:      137208 kB
VmallocChunk:   251433004 kB
Time pass: 169 sec

---2015-12-09 10:41:11
MemTotal:        2873608 kB
MemFree:          117460 kB
Buffers:           15416 kB
Cached:           910044 kB
SwapCached:           60 kB
Active:          1287324 kB
Inactive:         650252 kB
Active(anon):     814084 kB
Inactive(anon):   212048 kB
Active(file):     473240 kB
Inactive(file):   438204 kB
Unevictable:       13568 kB
Mlocked:               0 kB
SwapTotal:        718400 kB
SwapFree:         705936 kB
Dirty:                32 kB
Writeback:             0 kB
AnonPages:       1025544 kB
Mapped:           614604 kB
Shmem:               448 kB
Slab:              99584 kB
SReclaimable:      32172 kB
SUnreclaim:        67412 kB
KernelStack:       38560 kB
PageTables:        50412 kB
NFS_Unstable:          0 kB
Bounce:                0 kB
WritebackTmp:          0 kB
CommitLimit:     2155204 kB
Committed_AS:   120296828 kB
VmallocTotal:   251658176 kB
VmallocUsed:      137208 kB
VmallocChunk:   251433004 kB
Time pass: 173 sec

---2015-12-09 10:41:11
MemTotal:        2873608 kB
MemFree:          117420 kB
Buffers:           15424 kB
Cached:           909948 kB
SwapCached:           60 kB
Active:          1287304 kB
Inactive:         650168 kB
Active(anon):     814064 kB
Inactive(anon):   211956 kB
Active(file):     473240 kB
Inactive(file):   438212 kB
Unevictable:       13568 kB
Mlocked:               0 kB
SwapTotal:        718400 kB
SwapFree:         705936 kB
Dirty:                12 kB
Writeback:             0 kB
AnonPages:       1025476 kB
Mapped:           614520 kB
Shmem:               352 kB
Slab:              99584 kB
SReclaimable:      32172 kB
SUnreclaim:        67412 kB
KernelStack:       38480 kB
PageTables:        50388 kB
NFS_Unstable:          0 kB
Bounce:                0 kB
WritebackTmp:          0 kB
CommitLimit:     2155204 kB
Committed_AS:   120296764 kB
VmallocTotal:   251658176 kB
VmallocUsed:      137192 kB
VmallocChunk:   251433004 kB
Time pass: 177 sec

---2015-12-09 10:41:11
MemTotal:        2873608 kB
MemFree:          117548 kB
Buffers:           15424 kB
Cached:           909948 kB
SwapCached:           60 kB
Active:          1287320 kB
Inactive:         650168 kB
Active(anon):     814080 kB
Inactive(anon):   211956 kB
Active(file):     473240 kB
Inactive(file):   438212 kB
Unevictable:       13568 kB
Mlocked:               0 kB
SwapTotal:        718400 kB
SwapFree:         705936 kB
Dirty:                 0 kB
Writeback:             0 kB
AnonPages:       1025524 kB
Mapped:           614412 kB
Shmem:               352 kB
Slab:              99584 kB
SReclaimable:      32172 kB
SUnreclaim:        67412 kB
KernelStack:       38496 kB
PageTables:        50416 kB
NFS_Unstable:          0 kB
Bounce:                0 kB
WritebackTmp:          0 kB
CommitLimit:     2155204 kB
Committed_AS:   120296756 kB
VmallocTotal:   251658176 kB
VmallocUsed:      137192 kB
VmallocChunk:   251433004 kB
Time pass: 181 sec

---2015-12-09 10:41:11
MemTotal:        2873608 kB
MemFree:          117996 kB
Buffers:           15424 kB
Cached:           909948 kB
SwapCached:           60 kB
Active:          1287416 kB
Inactive:         650168 kB
Active(anon):     814176 kB
Inactive(anon):   211956 kB
Active(file):     473240 kB
Inactive(file):   438212 kB
Unevictable:       13568 kB
Mlocked:               0 kB
SwapTotal:        718400 kB
SwapFree:         705936 kB
Dirty:                 0 kB
Writeback:             0 kB
AnonPages:       1025652 kB
Mapped:           614488 kB
Shmem:               352 kB
Slab:              99608 kB
SReclaimable:      32172 kB
SUnreclaim:        67436 kB
KernelStack:       38480 kB
PageTables:        50356 kB
NFS_Unstable:          0 kB
Bounce:                0 kB
WritebackTmp:          0 kB
CommitLimit:     2155204 kB
Committed_AS:   120296756 kB
VmallocTotal:   251658176 kB
VmallocUsed:      137192 kB
VmallocChunk:   251433004 kB
Time pass: 185 sec

---2015-12-09 10:41:11
MemTotal:        2873608 kB
MemFree:          105808 kB
Buffers:           15440 kB
Cached:           909948 kB
SwapCached:           60 kB
Active:          1296080 kB
Inactive:         650180 kB
Active(anon):     822840 kB
Inactive(anon):   211956 kB
Active(file):     473240 kB
Inactive(file):   438224 kB
Unevictable:       13568 kB
Mlocked:               0 kB
SwapTotal:        718400 kB
SwapFree:         705936 kB
Dirty:                48 kB
Writeback:             0 kB
AnonPages:       1034424 kB
Mapped:           617752 kB
Shmem:               352 kB
Slab:              99592 kB
SReclaimable:      32172 kB
SUnreclaim:        67420 kB
KernelStack:       38608 kB
PageTables:        50408 kB
NFS_Unstable:          0 kB
Bounce:                0 kB
WritebackTmp:          0 kB
CommitLimit:     2155204 kB
Committed_AS:   120296756 kB
VmallocTotal:   251658176 kB
VmallocUsed:      134808 kB
VmallocChunk:   251433004 kB
Time pass: 188 sec

---2015-12-09 10:41:11
MemTotal:        2873608 kB
MemFree:          106132 kB
Buffers:           15488 kB
Cached:           910168 kB
SwapCached:           60 kB
Active:          1297576 kB
Inactive:         650444 kB
Active(anon):     824332 kB
Inactive(anon):   212160 kB
Active(file):     473244 kB
Inactive(file):   438284 kB
Unevictable:       13568 kB
Mlocked:               0 kB
SwapTotal:        718400 kB
SwapFree:         705936 kB
Dirty:                68 kB
Writeback:             0 kB
AnonPages:       1036088 kB
Mapped:           615000 kB
Shmem:               560 kB
Slab:              99580 kB
SReclaimable:      32172 kB
SUnreclaim:        67408 kB
KernelStack:       38880 kB
PageTables:        50564 kB
NFS_Unstable:          0 kB
Bounce:                0 kB
WritebackTmp:          0 kB
CommitLimit:     2155204 kB
Committed_AS:   120328448 kB
VmallocTotal:   251658176 kB
VmallocUsed:      137208 kB
VmallocChunk:   251433004 kB
Time pass: 192 sec

---2015-12-09 10:41:11
MemTotal:        2873608 kB
MemFree:          105972 kB
Buffers:           15488 kB
Cached:           910256 kB
SwapCached:           60 kB
Active:          1298352 kB
Inactive:         650532 kB
Active(anon):     825108 kB
Inactive(anon):   212248 kB
Active(file):     473244 kB
Inactive(file):   438284 kB
Unevictable:       13568 kB
Mlocked:               0 kB
SwapTotal:        718400 kB
SwapFree:         705936 kB
Dirty:                 0 kB
Writeback:             0 kB
AnonPages:       1036572 kB
Mapped:           615128 kB
Shmem:               648 kB
Slab:              99584 kB
SReclaimable:      32172 kB
SUnreclaim:        67412 kB
KernelStack:       38848 kB
PageTables:        50568 kB
NFS_Unstable:          0 kB
Bounce:                0 kB
WritebackTmp:          0 kB
CommitLimit:     2155204 kB
Committed_AS:   120328400 kB
VmallocTotal:   251658176 kB
VmallocUsed:      137208 kB
VmallocChunk:   251433004 kB
Time pass: 196 sec

---2015-12-09 10:41:11
MemTotal:        2873608 kB
MemFree:          108300 kB
Buffers:           15496 kB
Cached:           910376 kB
SwapCached:           60 kB
Active:          1296420 kB
Inactive:         650656 kB
Active(anon):     823172 kB
Inactive(anon):   212368 kB
Active(file):     473248 kB
Inactive(file):   438288 kB
Unevictable:       13568 kB
Mlocked:               0 kB
SwapTotal:        718400 kB
SwapFree:         705936 kB
Dirty:                40 kB
Writeback:             0 kB
AnonPages:       1034536 kB
Mapped:           615168 kB
Shmem:               768 kB
Slab:              99580 kB
SReclaimable:      32172 kB
SUnreclaim:        67408 kB
KernelStack:       38624 kB
PageTables:        50132 kB
NFS_Unstable:          0 kB
Bounce:                0 kB
WritebackTmp:          0 kB
CommitLimit:     2155204 kB
Committed_AS:   119092208 kB
VmallocTotal:   251658176 kB
VmallocUsed:      136188 kB
VmallocChunk:   251433004 kB
Time pass: 200 sec

---2015-12-09 10:41:11
MemTotal:        2873608 kB
MemFree:          107896 kB
Buffers:           15504 kB
Cached:           910444 kB
SwapCached:           60 kB
Active:          1296520 kB
Inactive:         650732 kB
Active(anon):     823272 kB
Inactive(anon):   212436 kB
Active(file):     473248 kB
Inactive(file):   438296 kB
Unevictable:       13568 kB
Mlocked:               0 kB
SwapTotal:        718400 kB
SwapFree:         705936 kB
Dirty:                 0 kB
Writeback:             0 kB
AnonPages:       1034976 kB
Mapped:           615304 kB
Shmem:               836 kB
Slab:              99556 kB
SReclaimable:      32172 kB
SUnreclaim:        67384 kB
KernelStack:       38624 kB
PageTables:        50088 kB
NFS_Unstable:          0 kB
Bounce:                0 kB
WritebackTmp:          0 kB
CommitLimit:     2155204 kB
Committed_AS:   119092224 kB
VmallocTotal:   251658176 kB
VmallocUsed:      136188 kB
VmallocChunk:   251433004 kB
Time pass: 204 sec

---2015-12-09 10:41:11
MemTotal:        2873608 kB
MemFree:          107280 kB
Buffers:           15512 kB
Cached:           910448 kB
SwapCached:           60 kB
Active:          1297004 kB
Inactive:         650740 kB
Active(anon):     823752 kB
Inactive(anon):   212436 kB
Active(file):     473252 kB
Inactive(file):   438304 kB
Unevictable:       13568 kB
Mlocked:               0 kB
SwapTotal:        718400 kB
SwapFree:         705936 kB
Dirty:                40 kB
Writeback:             0 kB
AnonPages:       1035388 kB
Mapped:           615388 kB
Shmem:               836 kB
Slab:              99500 kB
SReclaimable:      32172 kB
SUnreclaim:        67328 kB
KernelStack:       38624 kB
PageTables:        50088 kB
NFS_Unstable:          0 kB
Bounce:                0 kB
WritebackTmp:          0 kB
CommitLimit:     2155204 kB
Committed_AS:   119092248 kB
VmallocTotal:   251658176 kB
VmallocUsed:      136188 kB
VmallocChunk:   251433004 kB
Time pass: 207 sec

---2015-12-09 10:41:11
MemTotal:        2873608 kB
MemFree:          106860 kB
Buffers:           15520 kB
Cached:           910440 kB
SwapCached:           60 kB
Active:          1297032 kB
Inactive:         650740 kB
Active(anon):     823780 kB
Inactive(anon):   212436 kB
Active(file):     473252 kB
Inactive(file):   438304 kB
Unevictable:       13568 kB
Mlocked:               0 kB
SwapTotal:        718400 kB
SwapFree:         705936 kB
Dirty:                 0 kB
Writeback:             0 kB
AnonPages:       1035588 kB
Mapped:           615412 kB
Shmem:               836 kB
Slab:              99500 kB
SReclaimable:      32172 kB
SUnreclaim:        67328 kB
KernelStack:       38624 kB
PageTables:        50092 kB
NFS_Unstable:          0 kB
Bounce:                0 kB
WritebackTmp:          0 kB
CommitLimit:     2155204 kB
Committed_AS:   119092280 kB
VmallocTotal:   251658176 kB
VmallocUsed:      136188 kB
VmallocChunk:   251433004 kB
Time pass: 211 sec

---2015-12-09 10:41:11
MemTotal:        2873608 kB
MemFree:          107040 kB
Buffers:           15520 kB
Cached:           910448 kB
SwapCached:           60 kB
Active:          1297456 kB
Inactive:         650748 kB
Active(anon):     824204 kB
Inactive(anon):   212436 kB
Active(file):     473252 kB
Inactive(file):   438312 kB
Unevictable:       13568 kB
Mlocked:               0 kB
SwapTotal:        718400 kB
SwapFree:         705936 kB
Dirty:                48 kB
Writeback:             0 kB
AnonPages:       1035876 kB
Mapped:           615440 kB
Shmem:               836 kB
Slab:              99500 kB
SReclaimable:      32172 kB
SUnreclaim:        67328 kB
KernelStack:       38608 kB
PageTables:        50088 kB
NFS_Unstable:          0 kB
Bounce:                0 kB
WritebackTmp:          0 kB
CommitLimit:     2155204 kB
Committed_AS:   119092288 kB
VmallocTotal:   251658176 kB
VmallocUsed:      136188 kB
VmallocChunk:   251433004 kB
Time pass: 215 sec

---2015-12-09 10:41:11
MemTotal:        2873608 kB
MemFree:           99336 kB
Buffers:           15544 kB
Cached:           910472 kB
SwapCached:           60 kB
Active:          1305228 kB
Inactive:         650796 kB
Active(anon):     831976 kB
Inactive(anon):   212460 kB
Active(file):     473252 kB
Inactive(file):   438336 kB
Unevictable:       13568 kB
Mlocked:               0 kB
SwapTotal:        718400 kB
SwapFree:         705936 kB
Dirty:                48 kB
Writeback:             0 kB
AnonPages:       1043852 kB
Mapped:           615504 kB
Shmem:               860 kB
Slab:              99500 kB
SReclaimable:      32172 kB
SUnreclaim:        67328 kB
KernelStack:       38656 kB
PageTables:        50088 kB
NFS_Unstable:          0 kB
Bounce:                0 kB
WritebackTmp:          0 kB
CommitLimit:     2155204 kB
Committed_AS:   119096416 kB
VmallocTotal:   251658176 kB
VmallocUsed:      136188 kB
VmallocChunk:   251433004 kB
Time pass: 219 sec

---2015-12-09 10:41:11
MemTotal:        2873608 kB
MemFree:          101320 kB
Buffers:           15560 kB
Cached:           910140 kB
SwapCached:           60 kB
Active:          1303528 kB
Inactive:         650464 kB
Active(anon):     830260 kB
Inactive(anon):   212116 kB
Active(file):     473268 kB
Inactive(file):   438348 kB
Unevictable:       13568 kB
Mlocked:               0 kB
SwapTotal:        718400 kB
SwapFree:         705936 kB
Dirty:                 8 kB
Writeback:             0 kB
AnonPages:       1041876 kB
Mapped:           615204 kB
Shmem:               516 kB
Slab:              99572 kB
SReclaimable:      32172 kB
SUnreclaim:        67400 kB
KernelStack:       38672 kB
PageTables:        50064 kB
NFS_Unstable:          0 kB
Bounce:                0 kB
WritebackTmp:          0 kB
CommitLimit:     2155204 kB
Committed_AS:   119104744 kB
VmallocTotal:   251658176 kB
VmallocUsed:      136188 kB
VmallocChunk:   251433004 kB
Time pass: 222 sec

---2015-12-09 10:41:11
MemTotal:        2873608 kB
MemFree:           98940 kB
Buffers:           15592 kB
Cached:           910160 kB
SwapCached:           60 kB
Active:          1306452 kB
Inactive:         650496 kB
Active(anon):     833184 kB
Inactive(anon):   212116 kB
Active(file):     473268 kB
Inactive(file):   438380 kB
Unevictable:       13568 kB
Mlocked:               0 kB
SwapTotal:        718400 kB
SwapFree:         705936 kB
Dirty:               196 kB
Writeback:             0 kB
AnonPages:       1044680 kB
Mapped:           615272 kB
Shmem:               536 kB
Slab:              99528 kB
SReclaimable:      32172 kB
SUnreclaim:        67356 kB
KernelStack:       38624 kB
PageTables:        50100 kB
NFS_Unstable:          0 kB
Bounce:                0 kB
WritebackTmp:          0 kB
CommitLimit:     2155204 kB
Committed_AS:   119100592 kB
VmallocTotal:   251658176 kB
VmallocUsed:      136188 kB
VmallocChunk:   251433004 kB
Time pass: 226 sec

---2015-12-09 10:41:11
MemTotal:        2873608 kB
MemFree:           97056 kB
Buffers:           15600 kB
Cached:           910160 kB
SwapCached:           60 kB
Active:          1306316 kB
Inactive:         650524 kB
Active(anon):     833048 kB
Inactive(anon):   212136 kB
Active(file):     473268 kB
Inactive(file):   438388 kB
Unevictable:       13568 kB
Mlocked:               0 kB
SwapTotal:        718400 kB
SwapFree:         705936 kB
Dirty:                20 kB
Writeback:             0 kB
AnonPages:       1044500 kB
Mapped:           615248 kB
Shmem:               536 kB
Slab:              99524 kB
SReclaimable:      32172 kB
SUnreclaim:        67352 kB
KernelStack:       38656 kB
PageTables:        50068 kB
NFS_Unstable:          0 kB
Bounce:                0 kB
WritebackTmp:          0 kB
CommitLimit:     2155204 kB
Committed_AS:   119100584 kB
VmallocTotal:   251658176 kB
VmallocUsed:      136200 kB
VmallocChunk:   251433004 kB
Time pass: 230 sec

---2015-12-09 10:41:11
MemTotal:        2873608 kB
MemFree:           96820 kB
Buffers:           15608 kB
Cached:           910160 kB
SwapCached:           60 kB
Active:          1306504 kB
Inactive:         650532 kB
Active(anon):     833236 kB
Inactive(anon):   212136 kB
Active(file):     473268 kB
Inactive(file):   438396 kB
Unevictable:       13568 kB
Mlocked:               0 kB
SwapTotal:        718400 kB
SwapFree:         705936 kB
Dirty:                44 kB
Writeback:             0 kB
AnonPages:       1044828 kB
Mapped:           615364 kB
Shmem:               536 kB
Slab:              99552 kB
SReclaimable:      32172 kB
SUnreclaim:        67380 kB
KernelStack:       38640 kB
PageTables:        50100 kB
NFS_Unstable:          0 kB
Bounce:                0 kB
WritebackTmp:          0 kB
CommitLimit:     2155204 kB
Committed_AS:   119100576 kB
VmallocTotal:   251658176 kB
VmallocUsed:      136200 kB
VmallocChunk:   251433004 kB
Time pass: 234 sec

---2015-12-09 10:41:11
MemTotal:        2873608 kB
MemFree:           96400 kB
Buffers:           15608 kB
Cached:           910164 kB
SwapCached:           60 kB
Active:          1306524 kB
Inactive:         650532 kB
Active(anon):     833256 kB
Inactive(anon):   212136 kB
Active(file):     473268 kB
Inactive(file):   438396 kB
Unevictable:       13568 kB
Mlocked:               0 kB
SwapTotal:        718400 kB
SwapFree:         705936 kB
Dirty:                 0 kB
Writeback:             0 kB
AnonPages:       1044652 kB
Mapped:           615312 kB
Shmem:               540 kB
Slab:              99460 kB
SReclaimable:      32108 kB
SUnreclaim:        67352 kB
KernelStack:       38624 kB
PageTables:        50064 kB
NFS_Unstable:          0 kB
Bounce:                0 kB
WritebackTmp:          0 kB
CommitLimit:     2155204 kB
Committed_AS:   119100584 kB
VmallocTotal:   251658176 kB
VmallocUsed:      136200 kB
VmallocChunk:   251433004 kB
Time pass: 238 sec

---2015-12-09 10:41:11
MemTotal:        2873608 kB
MemFree:           97212 kB
Buffers:           15608 kB
Cached:           910164 kB
SwapCached:           60 kB
Active:          1306440 kB
Inactive:         650532 kB
Active(anon):     833172 kB
Inactive(anon):   212136 kB
Active(file):     473268 kB
Inactive(file):   438396 kB
Unevictable:       13568 kB
Mlocked:               0 kB
SwapTotal:        718400 kB
SwapFree:         705936 kB
Dirty:                 0 kB
Writeback:             0 kB
AnonPages:       1044832 kB
Mapped:           615344 kB
Shmem:               540 kB
Slab:              99460 kB
SReclaimable:      32108 kB
SUnreclaim:        67352 kB
KernelStack:       38608 kB
PageTables:        50064 kB
NFS_Unstable:          0 kB
Bounce:                0 kB
WritebackTmp:          0 kB
CommitLimit:     2155204 kB
Committed_AS:   119100584 kB
VmallocTotal:   251658176 kB
VmallocUsed:      136200 kB
VmallocChunk:   251433004 kB
Time pass: 242 sec

---2015-12-09 10:41:11
MemTotal:        2873608 kB
MemFree:           96160 kB
Buffers:           15608 kB
Cached:           910164 kB
SwapCached:           60 kB
Active:          1307408 kB
Inactive:         650532 kB
Active(anon):     834140 kB
Inactive(anon):   212136 kB
Active(file):     473268 kB
Inactive(file):   438396 kB
Unevictable:       13568 kB
Mlocked:               0 kB
SwapTotal:        718400 kB
SwapFree:         705936 kB
Dirty:                 4 kB
Writeback:             0 kB
AnonPages:       1045608 kB
Mapped:           615368 kB
Shmem:               540 kB
Slab:              99464 kB
SReclaimable:      32108 kB
SUnreclaim:        67356 kB
KernelStack:       38608 kB
PageTables:        50068 kB
NFS_Unstable:          0 kB
Bounce:                0 kB
WritebackTmp:          0 kB
CommitLimit:     2155204 kB
Committed_AS:   119100576 kB
VmallocTotal:   251658176 kB
VmallocUsed:      136200 kB
VmallocChunk:   251433004 kB
Time pass: 245 sec

---2015-12-09 10:41:11
MemTotal:        2873608 kB
MemFree:           95208 kB
Buffers:           15616 kB
Cached:           910164 kB
SwapCached:           60 kB
Active:          1307792 kB
Inactive:         650540 kB
Active(anon):     834524 kB
Inactive(anon):   212144 kB
Active(file):     473268 kB
Inactive(file):   438396 kB
Unevictable:       13568 kB
Mlocked:               0 kB
SwapTotal:        718400 kB
SwapFree:         705936 kB
Dirty:                 4 kB
Writeback:             0 kB
AnonPages:       1045908 kB
Mapped:           615556 kB
Shmem:               548 kB
Slab:              99460 kB
SReclaimable:      32108 kB
SUnreclaim:        67352 kB
KernelStack:       38608 kB
PageTables:        50100 kB
NFS_Unstable:          0 kB
Bounce:                0 kB
WritebackTmp:          0 kB
CommitLimit:     2155204 kB
Committed_AS:   119100576 kB
VmallocTotal:   251658176 kB
VmallocUsed:      136200 kB
VmallocChunk:   251433004 kB
Time pass: 249 sec

---2015-12-09 10:41:11
MemTotal:        2873608 kB
MemFree:           96096 kB
Buffers:           15616 kB
Cached:           910172 kB
SwapCached:           60 kB
Active:          1307948 kB
Inactive:         650548 kB
Active(anon):     834680 kB
Inactive(anon):   212144 kB
Active(file):     473268 kB
Inactive(file):   438404 kB
Unevictable:       13568 kB
Mlocked:               0 kB
SwapTotal:        718400 kB
SwapFree:         705936 kB
Dirty:                 4 kB
Writeback:             0 kB
AnonPages:       1046108 kB
Mapped:           615500 kB
Shmem:               548 kB
Slab:              99468 kB
SReclaimable:      32108 kB
SUnreclaim:        67360 kB
KernelStack:       38608 kB
PageTables:        50068 kB
NFS_Unstable:          0 kB
Bounce:                0 kB
WritebackTmp:          0 kB
CommitLimit:     2155204 kB
Committed_AS:   119100496 kB
VmallocTotal:   251658176 kB
VmallocUsed:      136200 kB
VmallocChunk:   251433004 kB
Time pass: 253 sec

---2015-12-09 10:41:11
MemTotal:        2873608 kB
MemFree:          101324 kB
Buffers:           15632 kB
Cached:           910212 kB
SwapCached:           60 kB
Active:          1302364 kB
Inactive:         650560 kB
Active(anon):     829092 kB
Inactive(anon):   212136 kB
Active(file):     473272 kB
Inactive(file):   438424 kB
Unevictable:       13568 kB
Mlocked:               0 kB
SwapTotal:        718400 kB
SwapFree:         705936 kB
Dirty:                52 kB
Writeback:             0 kB
AnonPages:       1040628 kB
Mapped:           615664 kB
Shmem:               580 kB
Slab:              99464 kB
SReclaimable:      32108 kB
SUnreclaim:        67356 kB
KernelStack:       38608 kB
PageTables:        50140 kB
NFS_Unstable:          0 kB
Bounce:                0 kB
WritebackTmp:          0 kB
CommitLimit:     2155204 kB
Committed_AS:   119100668 kB
VmallocTotal:   251658176 kB
VmallocUsed:      136200 kB
VmallocChunk:   251433004 kB
Time pass: 257 sec

---2015-12-09 10:41:11
MemTotal:        2873608 kB
MemFree:          100876 kB
Buffers:           15640 kB
Cached:           910332 kB
SwapCached:           60 kB
Active:          1302752 kB
Inactive:         650720 kB
Active(anon):     829480 kB
Inactive(anon):   212296 kB
Active(file):     473272 kB
Inactive(file):   438424 kB
Unevictable:       13568 kB
Mlocked:               0 kB
SwapTotal:        718400 kB
SwapFree:         705936 kB
Dirty:                 0 kB
Writeback:             0 kB
AnonPages:       1040956 kB
Mapped:           615728 kB
Shmem:               700 kB
Slab:              99468 kB
SReclaimable:      32108 kB
SUnreclaim:        67360 kB
KernelStack:       38560 kB
PageTables:        50108 kB
NFS_Unstable:          0 kB
Bounce:                0 kB
WritebackTmp:          0 kB
CommitLimit:     2155204 kB
Committed_AS:   119100656 kB
VmallocTotal:   251658176 kB
VmallocUsed:      136200 kB
VmallocChunk:   251433004 kB
Time pass: 260 sec

---2015-12-09 10:41:11
MemTotal:        2873608 kB
MemFree:          100048 kB
Buffers:           15640 kB
Cached:           910396 kB
SwapCached:           60 kB
Active:          1303476 kB
Inactive:         650792 kB
Active(anon):     830204 kB
Inactive(anon):   212356 kB
Active(file):     473272 kB
Inactive(file):   438436 kB
Unevictable:       13568 kB
Mlocked:               0 kB
SwapTotal:        718400 kB
SwapFree:         705936 kB
Dirty:                48 kB
Writeback:             0 kB
AnonPages:       1041912 kB
Mapped:           615620 kB
Shmem:               760 kB
Slab:              99464 kB
SReclaimable:      32108 kB
SUnreclaim:        67356 kB
KernelStack:       38576 kB
PageTables:        50072 kB
NFS_Unstable:          0 kB
Bounce:                0 kB
WritebackTmp:          0 kB
CommitLimit:     2155204 kB
Committed_AS:   119100648 kB
VmallocTotal:   251658176 kB
VmallocUsed:      136200 kB
VmallocChunk:   251433004 kB
Time pass: 264 sec

---2015-12-09 10:41:11
MemTotal:        2873608 kB
MemFree:           99468 kB
Buffers:           15640 kB
Cached:           910420 kB
SwapCached:           60 kB
Active:          1303516 kB
Inactive:         650812 kB
Active(anon):     830240 kB
Inactive(anon):   212380 kB
Active(file):     473276 kB
Inactive(file):   438432 kB
Unevictable:       13568 kB
Mlocked:               0 kB
SwapTotal:        718400 kB
SwapFree:         705936 kB
Dirty:                 4 kB
Writeback:             0 kB
AnonPages:       1041656 kB
Mapped:           615856 kB
Shmem:               784 kB
Slab:              99464 kB
SReclaimable:      32108 kB
SUnreclaim:        67356 kB
KernelStack:       38576 kB
PageTables:        50116 kB
NFS_Unstable:          0 kB
Bounce:                0 kB
WritebackTmp:          0 kB
CommitLimit:     2155204 kB
Committed_AS:   119100680 kB
VmallocTotal:   251658176 kB
VmallocUsed:      136200 kB
VmallocChunk:   251433004 kB
Time pass: 268 sec

---2015-12-09 10:41:11
MemTotal:        2873608 kB
MemFree:           96120 kB
Buffers:           15680 kB
Cached:           910148 kB
SwapCached:           60 kB
Active:          1307556 kB
Inactive:         650580 kB
Active(anon):     834280 kB
Inactive(anon):   212104 kB
Active(file):     473276 kB
Inactive(file):   438476 kB
Unevictable:       13568 kB
Mlocked:               0 kB
SwapTotal:        718400 kB
SwapFree:         705936 kB
Dirty:                60 kB
Writeback:             0 kB
AnonPages:       1045996 kB
Mapped:           615612 kB
Shmem:               508 kB
Slab:              99464 kB
SReclaimable:      32108 kB
SUnreclaim:        67356 kB
KernelStack:       38592 kB
PageTables:        50080 kB
NFS_Unstable:          0 kB
Bounce:                0 kB
WritebackTmp:          0 kB
CommitLimit:     2155204 kB
Committed_AS:   119112984 kB
VmallocTotal:   251658176 kB
VmallocUsed:      136200 kB
VmallocChunk:   251433004 kB
Time pass: 272 sec

---2015-12-09 10:41:11
MemTotal:        2873608 kB
MemFree:           99520 kB
Buffers:           15704 kB
Cached:           910168 kB
SwapCached:           60 kB
Active:          1304076 kB
Inactive:         650616 kB
Active(anon):     830792 kB
Inactive(anon):   212108 kB
Active(file):     473284 kB
Inactive(file):   438508 kB
Unevictable:       13568 kB
Mlocked:               0 kB
SwapTotal:        718400 kB
SwapFree:         705936 kB
Dirty:                96 kB
Writeback:             0 kB
AnonPages:       1042220 kB
Mapped:           615668 kB
Shmem:               512 kB
Slab:              99460 kB
SReclaimable:      32108 kB
SUnreclaim:        67352 kB
KernelStack:       38608 kB
PageTables:        50084 kB
NFS_Unstable:          0 kB
Bounce:                0 kB
WritebackTmp:          0 kB
CommitLimit:     2155204 kB
Committed_AS:   119113088 kB
VmallocTotal:   251658176 kB
VmallocUsed:      136200 kB
VmallocChunk:   251433004 kB
Time pass: 275 sec

---2015-12-09 10:41:11
MemTotal:        2873608 kB
MemFree:          105660 kB
Buffers:           15704 kB
Cached:           910204 kB
SwapCached:           60 kB
Active:          1297320 kB
Inactive:         650652 kB
Active(anon):     824036 kB
Inactive(anon):   212112 kB
Active(file):     473284 kB
Inactive(file):   438540 kB
Unevictable:       13568 kB
Mlocked:               0 kB
SwapTotal:        718400 kB
SwapFree:         705936 kB
Dirty:                96 kB
Writeback:             0 kB
AnonPages:       1035352 kB
Mapped:           615764 kB
Shmem:               516 kB
Slab:              99460 kB
SReclaimable:      32108 kB
SUnreclaim:        67352 kB
KernelStack:       38608 kB
PageTables:        50112 kB
NFS_Unstable:          0 kB
Bounce:                0 kB
WritebackTmp:          0 kB
CommitLimit:     2155204 kB
Committed_AS:   119113080 kB
VmallocTotal:   251658176 kB
VmallocUsed:      136200 kB
VmallocChunk:   251433004 kB
Time pass: 279 sec

---2015-12-09 10:41:11
MemTotal:        2873608 kB
MemFree:          105584 kB
Buffers:           15736 kB
Cached:           910200 kB
SwapCached:           60 kB
Active:          1297736 kB
Inactive:         650680 kB
Active(anon):     824452 kB
Inactive(anon):   212120 kB
Active(file):     473284 kB
Inactive(file):   438560 kB
Unevictable:       13568 kB
Mlocked:               0 kB
SwapTotal:        718400 kB
SwapFree:         705936 kB
Dirty:                96 kB
Writeback:            12 kB
AnonPages:       1036040 kB
Mapped:           615720 kB
Shmem:               524 kB
Slab:              99476 kB
SReclaimable:      32108 kB
SUnreclaim:        67368 kB
KernelStack:       38656 kB
PageTables:        50096 kB
NFS_Unstable:          0 kB
Bounce:                0 kB
WritebackTmp:          0 kB
CommitLimit:     2155204 kB
Committed_AS:   119113192 kB
VmallocTotal:   251658176 kB
VmallocUsed:      136200 kB
VmallocChunk:   251433004 kB
Time pass: 283 sec

---2015-12-09 10:41:11
MemTotal:        2873608 kB
MemFree:          104496 kB
Buffers:           15752 kB
Cached:           910216 kB
SwapCached:           60 kB
Active:          1299168 kB
Inactive:         650704 kB
Active(anon):     825884 kB
Inactive(anon):   212116 kB
Active(file):     473284 kB
Inactive(file):   438588 kB
Unevictable:       13568 kB
Mlocked:               0 kB
SwapTotal:        718400 kB
SwapFree:         705936 kB
Dirty:                48 kB
Writeback:             0 kB
AnonPages:       1037332 kB
Mapped:           615772 kB
Shmem:               528 kB
Slab:              99476 kB
SReclaimable:      32108 kB
SUnreclaim:        67368 kB
KernelStack:       38624 kB
PageTables:        50088 kB
NFS_Unstable:          0 kB
Bounce:                0 kB
WritebackTmp:          0 kB
CommitLimit:     2155204 kB
Committed_AS:   119113208 kB
VmallocTotal:   251658176 kB
VmallocUsed:      136200 kB
VmallocChunk:   251433004 kB
Time pass: 287 sec

---2015-12-09 10:41:11
MemTotal:        2873608 kB
MemFree:          103976 kB
Buffers:           15760 kB
Cached:           910216 kB
SwapCached:           60 kB
Active:          1299412 kB
Inactive:         650712 kB
Active(anon):     826128 kB
Inactive(anon):   212116 kB
Active(file):     473284 kB
Inactive(file):   438596 kB
Unevictable:       13568 kB
Mlocked:               0 kB
SwapTotal:        718400 kB
SwapFree:         705936 kB
Dirty:                76 kB
Writeback:             0 kB
AnonPages:       1037748 kB
Mapped:           615920 kB
Shmem:               528 kB
Slab:              99476 kB
SReclaimable:      32108 kB
SUnreclaim:        67368 kB
KernelStack:       38592 kB
PageTables:        50120 kB
NFS_Unstable:          0 kB
Bounce:                0 kB
WritebackTmp:          0 kB
CommitLimit:     2155204 kB
Committed_AS:   119113080 kB
VmallocTotal:   251658176 kB
VmallocUsed:      136200 kB
VmallocChunk:   251433004 kB
Time pass: 290 sec

---2015-12-09 10:41:11
MemTotal:        2873608 kB
MemFree:          103984 kB
Buffers:           15768 kB
Cached:           910216 kB
SwapCached:           60 kB
Active:          1299144 kB
Inactive:         650716 kB
Active(anon):     825860 kB
Inactive(anon):   212116 kB
Active(file):     473284 kB
Inactive(file):   438600 kB
Unevictable:       13568 kB
Mlocked:               0 kB
SwapTotal:        718400 kB
SwapFree:         705936 kB
Dirty:                32 kB
Writeback:             0 kB
AnonPages:       1037384 kB
Mapped:           615944 kB
Shmem:               528 kB
Slab:              99476 kB
SReclaimable:      32108 kB
SUnreclaim:        67368 kB
KernelStack:       38592 kB
PageTables:        50112 kB
NFS_Unstable:          0 kB
Bounce:                0 kB
WritebackTmp:          0 kB
CommitLimit:     2155204 kB
Committed_AS:   119113088 kB
VmallocTotal:   251658176 kB
VmallocUsed:      136200 kB
VmallocChunk:   251433004 kB
Time pass: 294 sec

---2015-12-09 10:41:11
MemTotal:        2873608 kB
MemFree:          104856 kB
Buffers:           15784 kB
Cached:           910200 kB
SwapCached:           60 kB
Active:          1298332 kB
Inactive:         650720 kB
Active(anon):     825048 kB
Inactive(anon):   212116 kB
Active(file):     473284 kB
Inactive(file):   438604 kB
Unevictable:       13568 kB
Mlocked:               0 kB
SwapTotal:        718400 kB
SwapFree:         705936 kB
Dirty:                32 kB
Writeback:             0 kB
AnonPages:       1036792 kB
Mapped:           615928 kB
Shmem:               528 kB
Slab:              99460 kB
SReclaimable:      32108 kB
SUnreclaim:        67352 kB
KernelStack:       38592 kB
PageTables:        50084 kB
NFS_Unstable:          0 kB
Bounce:                0 kB
WritebackTmp:          0 kB
CommitLimit:     2155204 kB
Committed_AS:   119113096 kB
VmallocTotal:   251658176 kB
VmallocUsed:      136200 kB
VmallocChunk:   251433004 kB
Time pass: 298 sec

---2015-12-09 10:41:11
MemTotal:        2873608 kB
MemFree:          103824 kB
Buffers:           15784 kB
Cached:           910216 kB
SwapCached:           60 kB
Active:          1299336 kB
Inactive:         650736 kB
Active(anon):     826052 kB
Inactive(anon):   212116 kB
Active(file):     473284 kB
Inactive(file):   438620 kB
Unevictable:       13568 kB
Mlocked:               0 kB
SwapTotal:        718400 kB
SwapFree:         705936 kB
Dirty:                 0 kB
Writeback:             0 kB
AnonPages:       1037740 kB
Mapped:           615956 kB
Shmem:               528 kB
Slab:              99460 kB
SReclaimable:      32108 kB
SUnreclaim:        67352 kB
KernelStack:       38592 kB
PageTables:        50080 kB
NFS_Unstable:          0 kB
Bounce:                0 kB
WritebackTmp:          0 kB
CommitLimit:     2155204 kB
Committed_AS:   119112984 kB
VmallocTotal:   251658176 kB
VmallocUsed:      136200 kB
VmallocChunk:   251433004 kB
Time pass: 302 sec

---2015-12-09 10:41:11
MemTotal:        2873608 kB
MemFree:          103668 kB
Buffers:           15792 kB
Cached:           910260 kB
SwapCached:           60 kB
Active:          1300096 kB
Inactive:         650788 kB
Active(anon):     826812 kB
Inactive(anon):   212144 kB
Active(file):     473284 kB
Inactive(file):   438644 kB
Unevictable:       13568 kB
Mlocked:               0 kB
SwapTotal:        718400 kB
SwapFree:         705936 kB
Dirty:                32 kB
Writeback:             0 kB
AnonPages:       1038276 kB
Mapped:           615932 kB
Shmem:               556 kB
Slab:              99488 kB
SReclaimable:      32108 kB
SUnreclaim:        67380 kB
KernelStack:       38592 kB
PageTables:        50052 kB
NFS_Unstable:          0 kB
Bounce:                0 kB
WritebackTmp:          0 kB
CommitLimit:     2155204 kB
Committed_AS:   119113096 kB
VmallocTotal:   251658176 kB
VmallocUsed:      136200 kB
VmallocChunk:   251433004 kB
Time pass: 305 sec

---2015-12-09 10:41:11
MemTotal:        2873608 kB
MemFree:          102624 kB
Buffers:           15792 kB
Cached:           910260 kB
SwapCached:           60 kB
Active:          1300504 kB
Inactive:         650788 kB
Active(anon):     827220 kB
Inactive(anon):   212144 kB
Active(file):     473284 kB
Inactive(file):   438644 kB
Unevictable:       13568 kB
Mlocked:               0 kB
SwapTotal:        718400 kB
SwapFree:         705936 kB
Dirty:                 0 kB
Writeback:            32 kB
AnonPages:       1038872 kB
Mapped:           616048 kB
Shmem:               556 kB
Slab:              99460 kB
SReclaimable:      32108 kB
SUnreclaim:        67352 kB
KernelStack:       38592 kB
PageTables:        50080 kB
NFS_Unstable:          0 kB
Bounce:                0 kB
WritebackTmp:          0 kB
CommitLimit:     2155204 kB
Committed_AS:   119113104 kB
VmallocTotal:   251658176 kB
VmallocUsed:      136200 kB
VmallocChunk:   251433004 kB
Time pass: 309 sec

---2015-12-09 10:41:11
MemTotal:        2873608 kB
MemFree:          102340 kB
Buffers:           15808 kB
Cached:           910264 kB
SwapCached:           60 kB
Active:          1300380 kB
Inactive:         650808 kB
Active(anon):     827096 kB
Inactive(anon):   212148 kB
Active(file):     473284 kB
Inactive(file):   438660 kB
Unevictable:       13568 kB
Mlocked:               0 kB
SwapTotal:        718400 kB
SwapFree:         705936 kB
Dirty:                40 kB
Writeback:             0 kB
AnonPages:       1038608 kB
Mapped:           616168 kB
Shmem:               560 kB
Slab:              99456 kB
SReclaimable:      32108 kB
SUnreclaim:        67348 kB
KernelStack:       38592 kB
PageTables:        50108 kB
NFS_Unstable:          0 kB
Bounce:                0 kB
WritebackTmp:          0 kB
CommitLimit:     2155204 kB
Committed_AS:   119113104 kB
VmallocTotal:   251658176 kB
VmallocUsed:      136200 kB
VmallocChunk:   251433004 kB
Time pass: 313 sec

---2015-12-09 10:41:11
MemTotal:        2873608 kB
MemFree:          102404 kB
Buffers:           15816 kB
Cached:           910268 kB
SwapCached:           60 kB
Active:          1300760 kB
Inactive:         650820 kB
Active(anon):     827476 kB
Inactive(anon):   212152 kB
Active(file):     473284 kB
Inactive(file):   438668 kB
Unevictable:       13568 kB
Mlocked:               0 kB
SwapTotal:        718400 kB
SwapFree:         705936 kB
Dirty:                32 kB
Writeback:             0 kB
AnonPages:       1039096 kB
Mapped:           616116 kB
Shmem:               564 kB
Slab:              99464 kB
SReclaimable:      32108 kB
SUnreclaim:        67356 kB
KernelStack:       38592 kB
PageTables:        50080 kB
NFS_Unstable:          0 kB
Bounce:                0 kB
WritebackTmp:          0 kB
CommitLimit:     2155204 kB
Committed_AS:   119113096 kB
VmallocTotal:   251658176 kB
VmallocUsed:      136200 kB
VmallocChunk:   251433004 kB
Time pass: 317 sec

---2015-12-09 10:41:11
MemTotal:        2873608 kB
MemFree:          101620 kB
Buffers:           15816 kB
Cached:           910268 kB
SwapCached:           60 kB
Active:          1301236 kB
Inactive:         650820 kB
Active(anon):     827952 kB
Inactive(anon):   212152 kB
Active(file):     473284 kB
Inactive(file):   438668 kB
Unevictable:       13568 kB
Mlocked:               0 kB
SwapTotal:        718400 kB
SwapFree:         705936 kB
Dirty:                32 kB
Writeback:             0 kB
AnonPages:       1039416 kB
Mapped:           616148 kB
Shmem:               564 kB
Slab:              99464 kB
SReclaimable:      32108 kB
SUnreclaim:        67356 kB
KernelStack:       38592 kB
PageTables:        50084 kB
NFS_Unstable:          0 kB
Bounce:                0 kB
WritebackTmp:          0 kB
CommitLimit:     2155204 kB
Committed_AS:   119113112 kB
VmallocTotal:   251658176 kB
VmallocUsed:      136200 kB
VmallocChunk:   251433004 kB
Time pass: 321 sec

---2015-12-09 10:41:11
MemTotal:        2873608 kB
MemFree:          101696 kB
Buffers:           15832 kB
Cached:           910268 kB
SwapCached:           60 kB
Active:          1301332 kB
Inactive:         650836 kB
Active(anon):     828048 kB
Inactive(anon):   212152 kB
Active(file):     473284 kB
Inactive(file):   438684 kB
Unevictable:       13568 kB
Mlocked:               0 kB
SwapTotal:        718400 kB
SwapFree:         705936 kB
Dirty:                40 kB
Writeback:             0 kB
AnonPages:       1039656 kB
Mapped:           616184 kB
Shmem:               564 kB
Slab:              99464 kB
SReclaimable:      32108 kB
SUnreclaim:        67356 kB
KernelStack:       38608 kB
PageTables:        50108 kB
NFS_Unstable:          0 kB
Bounce:                0 kB
WritebackTmp:          0 kB
CommitLimit:     2155204 kB
Committed_AS:   119113120 kB
VmallocTotal:   251658176 kB
VmallocUsed:      136200 kB
VmallocChunk:   251433004 kB
Time pass: 324 sec

---2015-12-09 10:41:11
MemTotal:        2873608 kB
MemFree:          101748 kB
Buffers:           15840 kB
Cached:           910264 kB
SwapCached:           60 kB
Active:          1301532 kB
Inactive:         650840 kB
Active(anon):     828248 kB
Inactive(anon):   212156 kB
Active(file):     473284 kB
Inactive(file):   438684 kB
Unevictable:       13568 kB
Mlocked:               0 kB
SwapTotal:        718400 kB
SwapFree:         705936 kB
Dirty:                 0 kB
Writeback:             0 kB
AnonPages:       1039720 kB
Mapped:           616212 kB
Shmem:               568 kB
Slab:              99484 kB
SReclaimable:      32108 kB
SUnreclaim:        67376 kB
KernelStack:       38608 kB
PageTables:        50116 kB
NFS_Unstable:          0 kB
Bounce:                0 kB
WritebackTmp:          0 kB
CommitLimit:     2155204 kB
Committed_AS:   119113104 kB
VmallocTotal:   251658176 kB
VmallocUsed:      136200 kB
VmallocChunk:   251433004 kB
Time pass: 328 sec

---2015-12-09 10:41:11
MemTotal:        2873608 kB
MemFree:          101400 kB
Buffers:           15840 kB
Cached:           910280 kB
SwapCached:           60 kB
Active:          1301708 kB
Inactive:         650856 kB
Active(anon):     828424 kB
Inactive(anon):   212164 kB
Active(file):     473284 kB
Inactive(file):   438692 kB
Unevictable:       13568 kB
Mlocked:               0 kB
SwapTotal:        718400 kB
SwapFree:         705936 kB
Dirty:                32 kB
Writeback:             0 kB
AnonPages:       1040036 kB
Mapped:           616252 kB
Shmem:               576 kB
Slab:              99456 kB
SReclaimable:      32108 kB
SUnreclaim:        67348 kB
KernelStack:       38608 kB
PageTables:        50084 kB
NFS_Unstable:          0 kB
Bounce:                0 kB
WritebackTmp:          0 kB
CommitLimit:     2155204 kB
Committed_AS:   119113112 kB
VmallocTotal:   251658176 kB
VmallocUsed:      136200 kB
VmallocChunk:   251433004 kB
Time pass: 332 sec

---2015-12-09 10:41:11
MemTotal:        2873608 kB
MemFree:          100836 kB
Buffers:           15856 kB
Cached:           910308 kB
SwapCached:           60 kB
Active:          1302120 kB
Inactive:         650900 kB
Active(anon):     828836 kB
Inactive(anon):   212192 kB
Active(file):     473284 kB
Inactive(file):   438708 kB
Unevictable:       13568 kB
Mlocked:               0 kB
SwapTotal:        718400 kB
SwapFree:         705936 kB
Dirty:                44 kB
Writeback:             0 kB
AnonPages:       1040280 kB
Mapped:           616320 kB
Shmem:               604 kB
Slab:              99456 kB
SReclaimable:      32108 kB
SUnreclaim:        67348 kB
KernelStack:       38592 kB
PageTables:        50088 kB
NFS_Unstable:          0 kB
Bounce:                0 kB
WritebackTmp:          0 kB
CommitLimit:     2155204 kB
Committed_AS:   119113120 kB
VmallocTotal:   251658176 kB
VmallocUsed:      136200 kB
VmallocChunk:   251433004 kB
Time pass: 336 sec

---2015-12-09 10:41:11
MemTotal:        2873608 kB
MemFree:           99376 kB
Buffers:           15864 kB
Cached:           910408 kB
SwapCached:           60 kB
Active:          1303928 kB
Inactive:         651012 kB
Active(anon):     830648 kB
Inactive(anon):   212192 kB
Active(file):     473280 kB
Inactive(file):   438820 kB
Unevictable:       13568 kB
Mlocked:               0 kB
SwapTotal:        718400 kB
SwapFree:         705936 kB
Dirty:                 0 kB
Writeback:             0 kB
AnonPages:       1042044 kB
Mapped:           616500 kB
Shmem:               604 kB
Slab:              99456 kB
SReclaimable:      32108 kB
SUnreclaim:        67348 kB
KernelStack:       38576 kB
PageTables:        50128 kB
NFS_Unstable:          0 kB
Bounce:                0 kB
WritebackTmp:          0 kB
CommitLimit:     2155204 kB
Committed_AS:   119113072 kB
VmallocTotal:   251658176 kB
VmallocUsed:      136200 kB
VmallocChunk:   251433004 kB
Time pass: 339 sec

---2015-12-09 10:41:11
MemTotal:        2873608 kB
MemFree:           98908 kB
Buffers:           15864 kB
Cached:           910416 kB
SwapCached:           60 kB
Active:          1303948 kB
Inactive:         651020 kB
Active(anon):     830668 kB
Inactive(anon):   212192 kB
Active(file):     473280 kB
Inactive(file):   438828 kB
Unevictable:       13568 kB
Mlocked:               0 kB
SwapTotal:        718400 kB
SwapFree:         705936 kB
Dirty:                64 kB
Writeback:             0 kB
AnonPages:       1042020 kB
Mapped:           616520 kB
Shmem:               604 kB
Slab:              99456 kB
SReclaimable:      32108 kB
SUnreclaim:        67348 kB
KernelStack:       38576 kB
PageTables:        50128 kB
NFS_Unstable:          0 kB
Bounce:                0 kB
WritebackTmp:          0 kB
CommitLimit:     2155204 kB
Committed_AS:   119113056 kB
VmallocTotal:   251658176 kB
VmallocUsed:      136200 kB
VmallocChunk:   251433004 kB
Time pass: 343 sec

---2015-12-09 10:41:11
MemTotal:        2873608 kB
MemFree:           98976 kB
Buffers:           15880 kB
Cached:           910416 kB
SwapCached:           60 kB
Active:          1304016 kB
Inactive:         651036 kB
Active(anon):     830736 kB
Inactive(anon):   212192 kB
Active(file):     473280 kB
Inactive(file):   438844 kB
Unevictable:       13568 kB
Mlocked:               0 kB
SwapTotal:        718400 kB
SwapFree:         705936 kB
Dirty:                44 kB
Writeback:             0 kB
AnonPages:       1042296 kB
Mapped:           616464 kB
Shmem:               604 kB
Slab:              99464 kB
SReclaimable:      32108 kB
SUnreclaim:        67356 kB
KernelStack:       38576 kB
PageTables:        50096 kB
NFS_Unstable:          0 kB
Bounce:                0 kB
WritebackTmp:          0 kB
CommitLimit:     2155204 kB
Committed_AS:   119113064 kB
VmallocTotal:   251658176 kB
VmallocUsed:      136200 kB
VmallocChunk:   251433004 kB
Time pass: 347 sec

---2015-12-09 10:41:11
MemTotal:        2873608 kB
MemFree:           98456 kB
Buffers:           15880 kB
Cached:           910476 kB
SwapCached:           60 kB
Active:          1304184 kB
Inactive:         651096 kB
Active(anon):     830904 kB
Inactive(anon):   212192 kB
Active(file):     473280 kB
Inactive(file):   438904 kB
Unevictable:       13568 kB
Mlocked:               0 kB
SwapTotal:        718400 kB
SwapFree:         705936 kB
Dirty:                44 kB
Writeback:             0 kB
AnonPages:       1042452 kB
Mapped:           616504 kB
Shmem:               604 kB
Slab:              99456 kB
SReclaimable:      32108 kB
SUnreclaim:        67348 kB
KernelStack:       38560 kB
PageTables:        50096 kB
NFS_Unstable:          0 kB
Bounce:                0 kB
WritebackTmp:          0 kB
CommitLimit:     2155204 kB
Committed_AS:   119113040 kB
VmallocTotal:   251658176 kB
VmallocUsed:      136200 kB
VmallocChunk:   251433004 kB
Time pass: 351 sec

---2015-12-09 10:41:11
MemTotal:        2873608 kB
MemFree:           98576 kB
Buffers:           15888 kB
Cached:           910480 kB
SwapCached:           60 kB
Active:          1304024 kB
Inactive:         651108 kB
Active(anon):     830744 kB
Inactive(anon):   212196 kB
Active(file):     473280 kB
Inactive(file):   438912 kB
Unevictable:       13568 kB
Mlocked:               0 kB
SwapTotal:        718400 kB
SwapFree:         705936 kB
Dirty:                32 kB
Writeback:             0 kB
AnonPages:       1042224 kB
Mapped:           616532 kB
Shmem:               608 kB
Slab:              99452 kB
SReclaimable:      32108 kB
SUnreclaim:        67344 kB
KernelStack:       38560 kB
PageTables:        50100 kB
NFS_Unstable:          0 kB
Bounce:                0 kB
WritebackTmp:          0 kB
CommitLimit:     2155204 kB
Committed_AS:   119113008 kB
VmallocTotal:   251658176 kB
VmallocUsed:      136200 kB
VmallocChunk:   251433004 kB
Time pass: 354 sec

---2015-12-09 10:41:11
MemTotal:        2873608 kB
MemFree:           97772 kB
Buffers:           15904 kB
Cached:           910480 kB
SwapCached:           60 kB
Active:          1304744 kB
Inactive:         651116 kB
Active(anon):     831456 kB
Inactive(anon):   212196 kB
Active(file):     473288 kB
Inactive(file):   438920 kB
Unevictable:       13568 kB
Mlocked:               0 kB
SwapTotal:        718400 kB
SwapFree:         705936 kB
Dirty:                 0 kB
Writeback:             0 kB
AnonPages:       1043120 kB
Mapped:           616628 kB
Shmem:               608 kB
Slab:              99452 kB
SReclaimable:      32108 kB
SUnreclaim:        67344 kB
KernelStack:       38544 kB
PageTables:        50156 kB
NFS_Unstable:          0 kB
Bounce:                0 kB
WritebackTmp:          0 kB
CommitLimit:     2155204 kB
Committed_AS:   119113024 kB
VmallocTotal:   251658176 kB
VmallocUsed:      136200 kB
VmallocChunk:   251433004 kB
Time pass: 358 sec

---2015-12-09 10:41:11
MemTotal:        2873608 kB
MemFree:           97048 kB
Buffers:           15904 kB
Cached:           910480 kB
SwapCached:           60 kB
Active:          1305268 kB
Inactive:         651124 kB
Active(anon):     831988 kB
Inactive(anon):   212196 kB
Active(file):     473280 kB
Inactive(file):   438928 kB
Unevictable:       13568 kB
Mlocked:               0 kB
SwapTotal:        718400 kB
SwapFree:         705936 kB
Dirty:                52 kB
Writeback:             0 kB
AnonPages:       1043400 kB
Mapped:           616624 kB
Shmem:               608 kB
Slab:              99452 kB
SReclaimable:      32108 kB
SUnreclaim:        67344 kB
KernelStack:       38560 kB
PageTables:        50128 kB
NFS_Unstable:          0 kB
Bounce:                0 kB
WritebackTmp:          0 kB
CommitLimit:     2155204 kB
Committed_AS:   119113040 kB
VmallocTotal:   251658176 kB
VmallocUsed:      136200 kB
VmallocChunk:   251433004 kB
Time pass: 362 sec

---2015-12-09 10:41:11
MemTotal:        2873608 kB
MemFree:           97440 kB
Buffers:           15912 kB
Cached:           910484 kB
SwapCached:           60 kB
Active:          1305080 kB
Inactive:         651136 kB
Active(anon):     831800 kB
Inactive(anon):   212200 kB
Active(file):     473280 kB
Inactive(file):   438936 kB
Unevictable:       13568 kB
Mlocked:               0 kB
SwapTotal:        718400 kB
SwapFree:         705936 kB
Dirty:                36 kB
Writeback:             0 kB
AnonPages:       1043428 kB
Mapped:           616544 kB
Shmem:               612 kB
Slab:              99452 kB
SReclaimable:      32108 kB
SUnreclaim:        67344 kB
KernelStack:       38560 kB
PageTables:        50104 kB
NFS_Unstable:          0 kB
Bounce:                0 kB
WritebackTmp:          0 kB
CommitLimit:     2155204 kB
Committed_AS:   119112992 kB
VmallocTotal:   251658176 kB
VmallocUsed:      136200 kB
VmallocChunk:   251433004 kB
Time pass: 366 sec

---2015-12-09 10:41:11
MemTotal:        2873608 kB
MemFree:           97512 kB
Buffers:           15936 kB
Cached:           910460 kB
SwapCached:           60 kB
Active:          1305336 kB
Inactive:         651136 kB
Active(anon):     832056 kB
Inactive(anon):   212200 kB
Active(file):     473280 kB
Inactive(file):   438936 kB
Unevictable:       13568 kB
Mlocked:               0 kB
SwapTotal:        718400 kB
SwapFree:         705936 kB
Dirty:                 0 kB
Writeback:             0 kB
AnonPages:       1043928 kB
Mapped:           616544 kB
Shmem:               612 kB
Slab:              99452 kB
SReclaimable:      32108 kB
SUnreclaim:        67344 kB
KernelStack:       38560 kB
PageTables:        50096 kB
NFS_Unstable:          0 kB
Bounce:                0 kB
WritebackTmp:          0 kB
CommitLimit:     2155204 kB
Committed_AS:   119113008 kB
VmallocTotal:   251658176 kB
VmallocUsed:      136200 kB
VmallocChunk:   251433004 kB
Time pass: 370 sec

---2015-12-09 10:41:11
MemTotal:        2873608 kB
MemFree:           96976 kB
Buffers:           15936 kB
Cached:           910512 kB
SwapCached:           60 kB
Active:          1305740 kB
Inactive:         651184 kB
Active(anon):     832460 kB
Inactive(anon):   212224 kB
Active(file):     473280 kB
Inactive(file):   438960 kB
Unevictable:       13568 kB
Mlocked:               0 kB
SwapTotal:        718400 kB
SwapFree:         705936 kB
Dirty:                48 kB
Writeback:             0 kB
AnonPages:       1043860 kB
Mapped:           616660 kB
Shmem:               640 kB
Slab:              99452 kB
SReclaimable:      32108 kB
SUnreclaim:        67344 kB
KernelStack:       38576 kB
PageTables:        50128 kB
NFS_Unstable:          0 kB
Bounce:                0 kB
WritebackTmp:          0 kB
CommitLimit:     2155204 kB
Committed_AS:   119113000 kB
VmallocTotal:   251658176 kB
VmallocUsed:      136200 kB
VmallocChunk:   251433004 kB
Time pass: 373 sec

---2015-12-09 10:41:11
MemTotal:        2873608 kB
MemFree:           96208 kB
Buffers:           15944 kB
Cached:           910516 kB
SwapCached:           60 kB
Active:          1305964 kB
Inactive:         651196 kB
Active(anon):     832684 kB
Inactive(anon):   212228 kB
Active(file):     473280 kB
Inactive(file):   438968 kB
Unevictable:       13568 kB
Mlocked:               0 kB
SwapTotal:        718400 kB
SwapFree:         705936 kB
Dirty:                32 kB
Writeback:             0 kB
AnonPages:       1043944 kB
Mapped:           616660 kB
Shmem:               644 kB
Slab:              99452 kB
SReclaimable:      32108 kB
SUnreclaim:        67344 kB
KernelStack:       38560 kB
PageTables:        50128 kB
NFS_Unstable:          0 kB
Bounce:                0 kB
WritebackTmp:          0 kB
CommitLimit:     2155204 kB
Committed_AS:   119113000 kB
VmallocTotal:   251658176 kB
VmallocUsed:      136200 kB
VmallocChunk:   251433004 kB
Time pass: 377 sec

---2015-12-09 10:41:11
MemTotal:        2873608 kB
MemFree:           96940 kB
Buffers:           15944 kB
Cached:           910516 kB
SwapCached:           60 kB
Active:          1305940 kB
Inactive:         651196 kB
Active(anon):     832660 kB
Inactive(anon):   212228 kB
Active(file):     473280 kB
Inactive(file):   438968 kB
Unevictable:       13568 kB
Mlocked:               0 kB
SwapTotal:        718400 kB
SwapFree:         705936 kB
Dirty:                32 kB
Writeback:             0 kB
AnonPages:       1044028 kB
Mapped:           616536 kB
Shmem:               644 kB
Slab:              99596 kB
SReclaimable:      32108 kB
SUnreclaim:        67488 kB
KernelStack:       38560 kB
PageTables:        50104 kB
NFS_Unstable:          0 kB
Bounce:                0 kB
WritebackTmp:          0 kB
CommitLimit:     2155204 kB
Committed_AS:   119113008 kB
VmallocTotal:   251658176 kB
VmallocUsed:      136200 kB
VmallocChunk:   251433004 kB
Time pass: 381 sec

---2015-12-09 10:41:11
MemTotal:        2873608 kB
MemFree:           95828 kB
Buffers:           15960 kB
Cached:           910516 kB
SwapCached:           60 kB
Active:          1306596 kB
Inactive:         651212 kB
Active(anon):     833316 kB
Inactive(anon):   212228 kB
Active(file):     473280 kB
Inactive(file):   438984 kB
Unevictable:       13568 kB
Mlocked:               0 kB
SwapTotal:        718400 kB
SwapFree:         705936 kB
Dirty:                44 kB
Writeback:             0 kB
AnonPages:       1044736 kB
Mapped:           616576 kB
Shmem:               644 kB
Slab:              99448 kB
SReclaimable:      32108 kB
SUnreclaim:        67340 kB
KernelStack:       38560 kB
PageTables:        50104 kB
NFS_Unstable:          0 kB
Bounce:                0 kB
WritebackTmp:          0 kB
CommitLimit:     2155204 kB
Committed_AS:   119113012 kB
VmallocTotal:   251658176 kB
VmallocUsed:      136200 kB
VmallocChunk:   251433004 kB
Time pass: 385 sec

---2015-12-09 10:41:11
MemTotal:        2873608 kB
MemFree:           95836 kB
Buffers:           15968 kB
Cached:           910516 kB
SwapCached:           60 kB
Active:          1306512 kB
Inactive:         651220 kB
Active(anon):     833232 kB
Inactive(anon):   212228 kB
Active(file):     473280 kB
Inactive(file):   438992 kB
Unevictable:       13568 kB
Mlocked:               0 kB
SwapTotal:        718400 kB
SwapFree:         705936 kB
Dirty:                32 kB
Writeback:             0 kB
AnonPages:       1044828 kB
Mapped:           616660 kB
Shmem:               644 kB
Slab:              99448 kB
SReclaimable:      32108 kB
SUnreclaim:        67340 kB
KernelStack:       38560 kB
PageTables:        50132 kB
NFS_Unstable:          0 kB
Bounce:                0 kB
WritebackTmp:          0 kB
CommitLimit:     2155204 kB
Committed_AS:   119113016 kB
VmallocTotal:   251658176 kB
VmallocUsed:      136200 kB
VmallocChunk:   251433004 kB
Time pass: 388 sec

---2015-12-09 10:41:11
MemTotal:        2873608 kB
MemFree:           95904 kB
Buffers:           15968 kB
